job-core	Set up job	ï»¿2026-02-10T10:47:10.9264378Z Current runner version: '2.331.0'
job-core	Set up job	2026-02-10T10:47:10.9284735Z Runner name: 'swarm-runners-scaleset-hkss5-runner-t8trx'
job-core	Set up job	2026-02-10T10:47:10.9285796Z Runner group name: 'Default'
job-core	Set up job	2026-02-10T10:47:10.9286914Z Machine name: 'swarm-runners-scaleset-hkss5-runner-t8trx'
job-core	Set up job	2026-02-10T10:47:10.9305277Z ##[group]GITHUB_TOKEN Permissions
job-core	Set up job	2026-02-10T10:47:10.9309063Z Actions: write
job-core	Set up job	2026-02-10T10:47:10.9309602Z Contents: write
job-core	Set up job	2026-02-10T10:47:10.9310390Z Issues: write
job-core	Set up job	2026-02-10T10:47:10.9310881Z Metadata: read
job-core	Set up job	2026-02-10T10:47:10.9311371Z PullRequests: write
job-core	Set up job	2026-02-10T10:47:10.9311858Z ##[endgroup]
job-core	Set up job	2026-02-10T10:47:10.9314267Z Secret source: Actions
job-core	Set up job	2026-02-10T10:47:10.9314983Z Prepare workflow directory
job-core	Set up job	2026-02-10T10:47:11.7778507Z Prepare all required actions
job-core	Set up job	2026-02-10T10:47:11.9202163Z Getting action download info
job-core	Set up job	2026-02-10T10:47:15.9459353Z Download action repository 'actions/checkout@v4' (SHA:34e114876b0b11c390a56381ad16ebd13914f8d5)
job-core	Set up job	2026-02-10T10:47:17.5445779Z Download action repository 'actions/setup-python@v5' (SHA:a26af69be951a213d495a4c3e4e4022e16d87065)
job-core	Set up job	2026-02-10T10:47:19.5886616Z Download action repository 'actions/setup-node@v4' (SHA:49933ea5288caeca8642d1e84afbd3f7d6820020)
job-core	Set up job	2026-02-10T10:47:24.1848847Z Complete job name: job-core
job-core	Checkout code	ï»¿2026-02-10T10:47:24.7618398Z ##[group]Run actions/checkout@v4
job-core	Checkout code	2026-02-10T10:47:24.7620040Z with:
job-core	Checkout code	2026-02-10T10:47:24.7621078Z   fetch-depth: 0
job-core	Checkout code	2026-02-10T10:47:24.7621959Z   repository: Ka0s-Klaus/ka0s
job-core	Checkout code	2026-02-10T10:47:24.7623308Z   token: ***
job-core	Checkout code	2026-02-10T10:47:24.7624199Z   ssh-strict: true
job-core	Checkout code	2026-02-10T10:47:24.7624981Z   ssh-user: git
job-core	Checkout code	2026-02-10T10:47:24.7625904Z   persist-credentials: true
job-core	Checkout code	2026-02-10T10:47:24.7626848Z   clean: true
job-core	Checkout code	2026-02-10T10:47:24.7627683Z   sparse-checkout-cone-mode: true
job-core	Checkout code	2026-02-10T10:47:24.7628699Z   fetch-tags: false
job-core	Checkout code	2026-02-10T10:47:24.7629601Z   show-progress: true
job-core	Checkout code	2026-02-10T10:47:24.7978829Z   lfs: false
job-core	Checkout code	2026-02-10T10:47:24.7980335Z   submodules: false
job-core	Checkout code	2026-02-10T10:47:24.7981218Z   set-safe-directory: true
job-core	Checkout code	2026-02-10T10:47:24.7983384Z env:
job-core	Checkout code	2026-02-10T10:47:24.7984475Z   KAOS_MODULE: [Ka0S] YAMLLINT
job-core	Checkout code	2026-02-10T10:47:24.7985843Z   GH_TOKEN: ***
job-core	Checkout code	2026-02-10T10:47:24.7986954Z   KAOS_YAMLLINT_CONFIG: core/config/kaos-yamllint-config.yaml
job-core	Checkout code	2026-02-10T10:47:24.7988221Z   KAOS_PRETTIER_CONFIG: compliance/yaml/.prettierrc.json
job-core	Checkout code	2026-02-10T10:47:24.7989496Z   KAOS_PATH_RESUME: audit/yamllint/
job-core	Checkout code	2026-02-10T10:47:24.7990743Z   KAOS_REPO: /actions-runner/_work/kaos/kaos
job-core	Checkout code	2026-02-10T10:47:24.7991701Z   KAOS_STEP_MODULE: 
job-core	Checkout code	2026-02-10T10:47:24.7992538Z   KAOS_CODE: 21861784431
job-core	Checkout code	2026-02-10T10:47:24.7993569Z   KAOS_REF_BRANCH: main
job-core	Checkout code	2026-02-10T10:47:24.8622901Z ##[endgroup]
job-core	Checkout code	2026-02-10T10:47:27.0676743Z Syncing repository: Ka0s-Klaus/ka0s
job-core	Checkout code	2026-02-10T10:47:27.0679511Z ##[group]Getting Git version info
job-core	Checkout code	2026-02-10T10:47:27.0680580Z Working directory is '/home/runner/_work/ka0s/ka0s'
job-core	Checkout code	2026-02-10T10:47:27.1074438Z [command]/usr/bin/git version
job-core	Checkout code	2026-02-10T10:47:27.1369676Z git version 2.52.0
job-core	Checkout code	2026-02-10T10:47:27.1723795Z ##[endgroup]
job-core	Checkout code	2026-02-10T10:47:27.1923173Z Temporarily overriding HOME='/home/runner/_work/_temp/a1c79c14-772d-44a5-918f-7f8de12f5eeb' before making global git config changes
job-core	Checkout code	2026-02-10T10:47:27.1996431Z Adding repository directory to the temporary git global config as a safe directory
job-core	Checkout code	2026-02-10T10:47:27.2066132Z [command]/usr/bin/git config --global --add safe.directory /home/runner/_work/ka0s/ka0s
job-core	Checkout code	2026-02-10T10:47:27.2392122Z Deleting the contents of '/home/runner/_work/ka0s/ka0s'
job-core	Checkout code	2026-02-10T10:47:27.2478194Z ##[group]Initializing the repository
job-core	Checkout code	2026-02-10T10:47:27.2718989Z [command]/usr/bin/git init /home/runner/_work/ka0s/ka0s
job-core	Checkout code	2026-02-10T10:47:27.2976927Z hint: Using 'master' as the name for the initial branch. This default branch name
job-core	Checkout code	2026-02-10T10:47:27.2978856Z hint: will change to "main" in Git 3.0. To configure the initial branch name
job-core	Checkout code	2026-02-10T10:47:27.3108575Z hint: to use in all of your new repositories, which will suppress this warning,
job-core	Checkout code	2026-02-10T10:47:27.3124219Z hint: call:
job-core	Checkout code	2026-02-10T10:47:27.3125537Z hint:
job-core	Checkout code	2026-02-10T10:47:27.3127782Z hint: 	git config --global init.defaultBranch <name>
job-core	Checkout code	2026-02-10T10:47:27.3161307Z hint:
job-core	Checkout code	2026-02-10T10:47:27.3162763Z hint: Names commonly chosen instead of 'master' are 'main', 'trunk' and
job-core	Checkout code	2026-02-10T10:47:27.3603562Z hint: 'development'. The just-created branch can be renamed via this command:
job-core	Checkout code	2026-02-10T10:47:27.3604861Z hint:
job-core	Checkout code	2026-02-10T10:47:27.3605507Z hint: 	git branch -m <name>
job-core	Checkout code	2026-02-10T10:47:27.3606238Z hint:
job-core	Checkout code	2026-02-10T10:47:27.3607179Z hint: Disable this message with "git config set advice.defaultBranchName false"
job-core	Checkout code	2026-02-10T10:47:27.3608493Z Initialized empty Git repository in /home/runner/_work/ka0s/ka0s/.git/
job-core	Checkout code	2026-02-10T10:47:27.4099470Z [command]/usr/bin/git remote add origin https://github.com/Ka0s-Klaus/ka0s
job-core	Checkout code	2026-02-10T10:47:27.4810052Z ##[endgroup]
job-core	Checkout code	2026-02-10T10:47:27.4902768Z ##[group]Disabling automatic garbage collection
job-core	Checkout code	2026-02-10T10:47:27.4904319Z [command]/usr/bin/git config --local gc.auto 0
job-core	Checkout code	2026-02-10T10:47:27.5624543Z ##[endgroup]
job-core	Checkout code	2026-02-10T10:47:27.5625740Z ##[group]Setting up auth
job-core	Checkout code	2026-02-10T10:47:27.5626906Z [command]/usr/bin/git config --local --name-only --get-regexp core\.sshCommand
job-core	Checkout code	2026-02-10T10:47:27.6142860Z [command]/usr/bin/git submodule foreach --recursive sh -c "git config --local --name-only --get-regexp 'core\.sshCommand' && git config --local --unset-all 'core.sshCommand' || :"
job-core	Checkout code	2026-02-10T10:47:28.3052986Z [command]/usr/bin/git config --local --name-only --get-regexp http\.https\:\/\/github\.com\/\.extraheader
job-core	Checkout code	2026-02-10T10:47:28.4225436Z [command]/usr/bin/git submodule foreach --recursive sh -c "git config --local --name-only --get-regexp 'http\.https\:\/\/github\.com\/\.extraheader' && git config --local --unset-all 'http.https://github.com/.extraheader' || :"
job-core	Checkout code	2026-02-10T10:47:29.1509822Z [command]/usr/bin/git config --local --name-only --get-regexp ^includeIf\.gitdir:
job-core	Checkout code	2026-02-10T10:47:29.2050555Z [command]/usr/bin/git submodule foreach --recursive git config --local --show-origin --name-only --get-regexp remote.origin.url
job-core	Checkout code	2026-02-10T10:47:29.4568747Z [command]/usr/bin/git config --local http.https://github.com/.extraheader AUTHORIZATION: basic ***
job-core	Checkout code	2026-02-10T10:47:29.5301968Z ##[endgroup]
job-core	Checkout code	2026-02-10T10:47:29.5304248Z ##[group]Fetching the repository
job-core	Checkout code	2026-02-10T10:47:29.5402782Z [command]/usr/bin/git -c protocol.version=2 fetch --prune --no-recurse-submodules origin +refs/heads/*:refs/remotes/origin/* +refs/tags/*:refs/tags/*
job-core	Checkout code	2026-02-10T10:50:16.9355892Z From https://github.com/Ka0s-Klaus/ka0s
job-core	Checkout code	2026-02-10T10:50:16.9364373Z  * [new branch]          F1224-new-module-mongodb -> origin/F1224-new-module-mongodb
job-core	Checkout code	2026-02-10T10:50:16.9365050Z  * [new branch]          F220-web-de-resultados  -> origin/F220-web-de-resultados
job-core	Checkout code	2026-02-10T10:50:16.9365924Z  * [new branch]          F227-despliegue-de-kube-independiente-del-clouder -> origin/F227-despliegue-de-kube-independiente-del-clouder
job-core	Checkout code	2026-02-10T10:50:16.9366927Z  * [new branch]          F329-documentacion-metodologia-de-kaos -> origin/F329-documentacion-metodologia-de-kaos
job-core	Checkout code	2026-02-10T10:50:16.9367730Z  * [new branch]          H1139-como-instalar-arc-control -> origin/H1139-como-instalar-arc-control
job-core	Checkout code	2026-02-10T10:50:16.9368469Z  * [new branch]          H1150-desarrollo-de-secciones -> origin/H1150-desarrollo-de-secciones
job-core	Checkout code	2026-02-10T10:50:16.9369202Z  * [new branch]          H1151-desarrollo-de-secciones-ii -> origin/H1151-desarrollo-de-secciones-ii
job-core	Checkout code	2026-02-10T10:50:16.9369925Z  * [new branch]          H1152-desarrollo-inicio -> origin/H1152-desarrollo-inicio
job-core	Checkout code	2026-02-10T10:50:16.9370712Z  * [new branch]          H1193-ejemplo-web-documentacion -> origin/H1193-ejemplo-web-documentacion
job-core	Checkout code	2026-02-10T10:50:16.9371385Z  * [new branch]          H1224-new-module-mongodb -> origin/H1224-new-module-mongodb
job-core	Checkout code	2026-02-10T10:50:16.9372057Z  * [new branch]          H1276-modulo-observabilidad -> origin/H1276-modulo-observabilidad
job-core	Checkout code	2026-02-10T10:50:16.9372666Z  * [new branch]          H1410-modulo-execution  -> origin/H1410-modulo-execution
job-core	Checkout code	2026-02-10T10:50:16.9373721Z  * [new branch]          H1514-new-swarm-deployment-stack-with-actions-runners-autoscale -> origin/H1514-new-swarm-deployment-stack-with-actions-runners-autoscale
job-core	Checkout code	2026-02-10T10:50:16.9565549Z  * [new branch]          H1968-modulo-personalizaciÃ³n-del-portal-de-kaos-core -> origin/H1968-modulo-personalizaciÃ³n-del-portal-de-kaos-core
job-core	Checkout code	2026-02-10T10:50:16.9566516Z  * [new branch]          H215-modulo-de-summary  -> origin/H215-modulo-de-summary
job-core	Checkout code	2026-02-10T10:50:16.9567385Z  * [new branch]          H227-despliegue-de-kube-independiente-del-clouder -> origin/H227-despliegue-de-kube-independiente-del-clouder
job-core	Checkout code	2026-02-10T10:50:16.9568441Z  * [new branch]          H3038-test-ci-cd-kubernetes-automated-system -> origin/H3038-test-ci-cd-kubernetes-automated-system
job-core	Checkout code	2026-02-10T10:50:16.9569272Z  * [new branch]          H306-ficheros-de-estadisticas -> origin/H306-ficheros-de-estadisticas
job-core	Checkout code	2026-02-10T10:50:16.9569866Z  * [new branch]          H3265-deploy-itop       -> origin/H3265-deploy-itop
job-core	Checkout code	2026-02-10T10:50:16.9895114Z  * [new branch]          H3266-deploy-zabbix     -> origin/H3266-deploy-zabbix
job-core	Checkout code	2026-02-10T10:50:16.9896032Z  * [new branch]          H328-documentacion-modulo-principal-de-kaos -> origin/H328-documentacion-modulo-principal-de-kaos
job-core	Checkout code	2026-02-10T10:50:16.9897026Z  * [new branch]          H329-documentacion-metodologia-de-kaos -> origin/H329-documentacion-metodologia-de-kaos
job-core	Checkout code	2026-02-10T10:50:16.9898432Z  * [new branch]          H338-relanzador-de-jobs-en-caso-de-pattern -> origin/H338-relanzador-de-jobs-en-caso-de-pattern
job-core	Checkout code	2026-02-10T10:50:16.9899324Z  * [new branch]          H38-documentacion-basica-del-proyecto -> origin/H38-documentacion-basica-del-proyecto
job-core	Checkout code	2026-02-10T10:50:16.9900711Z  * [new branch]          RN1282-ka0s-error-detected-in-ka0s-workflow-statistics-summary -> origin/RN1282-ka0s-error-detected-in-ka0s-workflow-statistics-summary
job-core	Checkout code	2026-02-10T10:50:16.9901680Z  * [new branch]          RN220-web-de-resultados -> origin/RN220-web-de-resultados
job-core	Checkout code	2026-02-10T10:50:16.9902522Z  * [new branch]          RN227-despliegue-de-kube-independiente-del-clouder -> origin/RN227-despliegue-de-kube-independiente-del-clouder
job-core	Checkout code	2026-02-10T10:50:16.9903528Z  * [new branch]          RN329-documentacion-metodologia-de-kaos -> origin/RN329-documentacion-metodologia-de-kaos
job-core	Checkout code	2026-02-10T10:50:16.9904275Z  * [new branch]          main                    -> origin/main
job-core	Checkout code	2026-02-10T10:50:16.9904748Z  * [new tag]             0.0.0                   -> 0.0.0
job-core	Checkout code	2026-02-10T10:50:16.9905133Z  * [new tag]             0.0.1                   -> 0.0.1
job-core	Checkout code	2026-02-10T10:50:16.9905499Z  * [new tag]             0.0.10                  -> 0.0.10
job-core	Checkout code	2026-02-10T10:50:16.9906434Z  * [new tag]             0.0.100                 -> 0.0.100
job-core	Checkout code	2026-02-10T10:50:16.9906854Z  * [new tag]             0.0.101                 -> 0.0.101
job-core	Checkout code	2026-02-10T10:50:16.9907225Z  * [new tag]             0.0.102                 -> 0.0.102
job-core	Checkout code	2026-02-10T10:50:16.9907591Z  * [new tag]             0.0.103                 -> 0.0.103
job-core	Checkout code	2026-02-10T10:50:16.9907967Z  * [new tag]             0.0.104                 -> 0.0.104
job-core	Checkout code	2026-02-10T10:50:16.9908339Z  * [new tag]             0.0.105                 -> 0.0.105
job-core	Checkout code	2026-02-10T10:50:16.9908725Z  * [new tag]             0.0.106                 -> 0.0.106
job-core	Checkout code	2026-02-10T10:50:16.9909102Z  * [new tag]             0.0.107                 -> 0.0.107
job-core	Checkout code	2026-02-10T10:50:16.9909473Z  * [new tag]             0.0.108                 -> 0.0.108
job-core	Checkout code	2026-02-10T10:50:16.9909853Z  * [new tag]             0.0.109                 -> 0.0.109
job-core	Checkout code	2026-02-10T10:50:17.0263841Z  * [new tag]             0.0.11                  -> 0.0.11
job-core	Checkout code	2026-02-10T10:50:17.0264391Z  * [new tag]             0.0.110                 -> 0.0.110
job-core	Checkout code	2026-02-10T10:50:17.0264792Z  * [new tag]             0.0.111                 -> 0.0.111
job-core	Checkout code	2026-02-10T10:50:17.0265190Z  * [new tag]             0.0.112                 -> 0.0.112
job-core	Checkout code	2026-02-10T10:50:17.0265563Z  * [new tag]             0.0.113                 -> 0.0.113
job-core	Checkout code	2026-02-10T10:50:17.0265967Z  * [new tag]             0.0.114                 -> 0.0.114
job-core	Checkout code	2026-02-10T10:50:17.0266360Z  * [new tag]             0.0.115                 -> 0.0.115
job-core	Checkout code	2026-02-10T10:50:17.0266771Z  * [new tag]             0.0.116                 -> 0.0.116
job-core	Checkout code	2026-02-10T10:50:17.0296364Z  * [new tag]             0.0.117                 -> 0.0.117
job-core	Checkout code	2026-02-10T10:50:17.0296909Z  * [new tag]             0.0.118                 -> 0.0.118
job-core	Checkout code	2026-02-10T10:50:17.0297333Z  * [new tag]             0.0.119                 -> 0.0.119
job-core	Checkout code	2026-02-10T10:50:17.0297770Z  * [new tag]             0.0.12                  -> 0.0.12
job-core	Checkout code	2026-02-10T10:50:17.0298195Z  * [new tag]             0.0.120                 -> 0.0.120
job-core	Checkout code	2026-02-10T10:50:17.0298624Z  * [new tag]             0.0.121                 -> 0.0.121
job-core	Checkout code	2026-02-10T10:50:17.0299047Z  * [new tag]             0.0.122                 -> 0.0.122
job-core	Checkout code	2026-02-10T10:50:17.0299465Z  * [new tag]             0.0.123                 -> 0.0.123
job-core	Checkout code	2026-02-10T10:50:17.0299883Z  * [new tag]             0.0.124                 -> 0.0.124
job-core	Checkout code	2026-02-10T10:50:17.0300429Z  * [new tag]             0.0.125                 -> 0.0.125
job-core	Checkout code	2026-02-10T10:50:17.0300853Z  * [new tag]             0.0.126                 -> 0.0.126
job-core	Checkout code	2026-02-10T10:50:17.0301291Z  * [new tag]             0.0.127                 -> 0.0.127
job-core	Checkout code	2026-02-10T10:50:17.0301727Z  * [new tag]             0.0.128                 -> 0.0.128
job-core	Checkout code	2026-02-10T10:50:17.0302157Z  * [new tag]             0.0.129                 -> 0.0.129
job-core	Checkout code	2026-02-10T10:50:17.0302916Z  * [new tag]             0.0.13                  -> 0.0.13
job-core	Checkout code	2026-02-10T10:50:17.0303352Z  * [new tag]             0.0.130                 -> 0.0.130
job-core	Checkout code	2026-02-10T10:50:17.0303772Z  * [new tag]             0.0.131                 -> 0.0.131
job-core	Checkout code	2026-02-10T10:50:17.0874357Z  * [new tag]             0.0.132                 -> 0.0.132
job-core	Checkout code	2026-02-10T10:50:17.1042240Z  * [new tag]             0.0.133                 -> 0.0.133
job-core	Checkout code	2026-02-10T10:50:17.1042812Z  * [new tag]             0.0.134                 -> 0.0.134
job-core	Checkout code	2026-02-10T10:50:17.1043229Z  * [new tag]             0.0.135                 -> 0.0.135
job-core	Checkout code	2026-02-10T10:50:17.1043662Z  * [new tag]             0.0.136                 -> 0.0.136
job-core	Checkout code	2026-02-10T10:50:17.1044073Z  * [new tag]             0.0.137                 -> 0.0.137
job-core	Checkout code	2026-02-10T10:50:17.1044611Z  * [new tag]             0.0.138                 -> 0.0.138
job-core	Checkout code	2026-02-10T10:50:17.1045116Z  * [new tag]             0.0.139                 -> 0.0.139
job-core	Checkout code	2026-02-10T10:50:17.1045650Z  * [new tag]             0.0.14                  -> 0.0.14
job-core	Checkout code	2026-02-10T10:50:17.1046152Z  * [new tag]             0.0.140                 -> 0.0.140
job-core	Checkout code	2026-02-10T10:50:17.1046627Z  * [new tag]             0.0.141                 -> 0.0.141
job-core	Checkout code	2026-02-10T10:50:17.1047098Z  * [new tag]             0.0.142                 -> 0.0.142
job-core	Checkout code	2026-02-10T10:50:17.1047544Z  * [new tag]             0.0.143                 -> 0.0.143
job-core	Checkout code	2026-02-10T10:50:17.1048043Z  * [new tag]             0.0.144                 -> 0.0.144
job-core	Checkout code	2026-02-10T10:50:17.1048477Z  * [new tag]             0.0.145                 -> 0.0.145
job-core	Checkout code	2026-02-10T10:50:17.1048873Z  * [new tag]             0.0.146                 -> 0.0.146
job-core	Checkout code	2026-02-10T10:50:17.1049298Z  * [new tag]             0.0.147                 -> 0.0.147
job-core	Checkout code	2026-02-10T10:50:17.1049783Z  * [new tag]             0.0.148                 -> 0.0.148
job-core	Checkout code	2026-02-10T10:50:17.1139577Z  * [new tag]             0.0.149                 -> 0.0.149
job-core	Checkout code	2026-02-10T10:50:17.1140385Z  * [new tag]             0.0.15                  -> 0.0.15
job-core	Checkout code	2026-02-10T10:50:17.1140828Z  * [new tag]             0.0.150                 -> 0.0.150
job-core	Checkout code	2026-02-10T10:50:17.1141216Z  * [new tag]             0.0.151                 -> 0.0.151
job-core	Checkout code	2026-02-10T10:50:17.1141604Z  * [new tag]             0.0.152                 -> 0.0.152
job-core	Checkout code	2026-02-10T10:50:17.1141978Z  * [new tag]             0.0.153                 -> 0.0.153
job-core	Checkout code	2026-02-10T10:50:17.1142624Z  * [new tag]             0.0.154                 -> 0.0.154
job-core	Checkout code	2026-02-10T10:50:17.1143022Z  * [new tag]             0.0.155                 -> 0.0.155
job-core	Checkout code	2026-02-10T10:50:17.1143412Z  * [new tag]             0.0.156                 -> 0.0.156
job-core	Checkout code	2026-02-10T10:50:17.1143786Z  * [new tag]             0.0.157                 -> 0.0.157
job-core	Checkout code	2026-02-10T10:50:17.1144173Z  * [new tag]             0.0.158                 -> 0.0.158
job-core	Checkout code	2026-02-10T10:50:17.1144950Z  * [new tag]             0.0.159                 -> 0.0.159
job-core	Checkout code	2026-02-10T10:50:17.1145352Z  * [new tag]             0.0.16                  -> 0.0.16
job-core	Checkout code	2026-02-10T10:50:17.1145746Z  * [new tag]             0.0.160                 -> 0.0.160
job-core	Checkout code	2026-02-10T10:50:17.1146136Z  * [new tag]             0.0.161                 -> 0.0.161
job-core	Checkout code	2026-02-10T10:50:17.1146526Z  * [new tag]             0.0.162                 -> 0.0.162
job-core	Checkout code	2026-02-10T10:50:17.1146917Z  * [new tag]             0.0.163                 -> 0.0.163
job-core	Checkout code	2026-02-10T10:50:17.1147303Z  * [new tag]             0.0.164                 -> 0.0.164
job-core	Checkout code	2026-02-10T10:50:17.1147692Z  * [new tag]             0.0.165                 -> 0.0.165
job-core	Checkout code	2026-02-10T10:50:17.1148074Z  * [new tag]             0.0.166                 -> 0.0.166
job-core	Checkout code	2026-02-10T10:50:17.1148463Z  * [new tag]             0.0.167                 -> 0.0.167
job-core	Checkout code	2026-02-10T10:50:17.1148850Z  * [new tag]             0.0.168                 -> 0.0.168
job-core	Checkout code	2026-02-10T10:50:17.1149243Z  * [new tag]             0.0.169                 -> 0.0.169
job-core	Checkout code	2026-02-10T10:50:17.1149628Z  * [new tag]             0.0.17                  -> 0.0.17
job-core	Checkout code	2026-02-10T10:50:17.1150009Z  * [new tag]             0.0.170                 -> 0.0.170
job-core	Checkout code	2026-02-10T10:50:17.1557978Z  * [new tag]             0.0.171                 -> 0.0.171
job-core	Checkout code	2026-02-10T10:50:17.1558382Z  * [new tag]             0.0.172                 -> 0.0.172
job-core	Checkout code	2026-02-10T10:50:17.1558766Z  * [new tag]             0.0.173                 -> 0.0.173
job-core	Checkout code	2026-02-10T10:50:17.1559147Z  * [new tag]             0.0.174                 -> 0.0.174
job-core	Checkout code	2026-02-10T10:50:17.1559532Z  * [new tag]             0.0.175                 -> 0.0.175
job-core	Checkout code	2026-02-10T10:50:17.1559919Z  * [new tag]             0.0.176                 -> 0.0.176
job-core	Checkout code	2026-02-10T10:50:17.1609235Z  * [new tag]             0.0.177                 -> 0.0.177
job-core	Checkout code	2026-02-10T10:50:17.1609750Z  * [new tag]             0.0.178                 -> 0.0.178
job-core	Checkout code	2026-02-10T10:50:17.1610500Z  * [new tag]             0.0.179                 -> 0.0.179
job-core	Checkout code	2026-02-10T10:50:17.1610941Z  * [new tag]             0.0.18                  -> 0.0.18
job-core	Checkout code	2026-02-10T10:50:17.1611320Z  * [new tag]             0.0.19                  -> 0.0.19
job-core	Checkout code	2026-02-10T10:50:17.1611689Z  * [new tag]             0.0.2                   -> 0.0.2
job-core	Checkout code	2026-02-10T10:50:17.1612097Z  * [new tag]             0.0.20                  -> 0.0.20
job-core	Checkout code	2026-02-10T10:50:17.1612471Z  * [new tag]             0.0.21                  -> 0.0.21
job-core	Checkout code	2026-02-10T10:50:17.1612842Z  * [new tag]             0.0.22                  -> 0.0.22
job-core	Checkout code	2026-02-10T10:50:17.1613211Z  * [new tag]             0.0.23                  -> 0.0.23
job-core	Checkout code	2026-02-10T10:50:17.1613598Z  * [new tag]             0.0.24                  -> 0.0.24
job-core	Checkout code	2026-02-10T10:50:17.1614075Z  * [new tag]             0.0.25                  -> 0.0.25
job-core	Checkout code	2026-02-10T10:50:17.1614460Z  * [new tag]             0.0.26                  -> 0.0.26
job-core	Checkout code	2026-02-10T10:50:17.1614847Z  * [new tag]             0.0.27                  -> 0.0.27
job-core	Checkout code	2026-02-10T10:50:17.1615237Z  * [new tag]             0.0.28                  -> 0.0.28
job-core	Checkout code	2026-02-10T10:50:17.1615612Z  * [new tag]             0.0.29                  -> 0.0.29
job-core	Checkout code	2026-02-10T10:50:17.1615988Z  * [new tag]             0.0.3                   -> 0.0.3
job-core	Checkout code	2026-02-10T10:50:17.1616378Z  * [new tag]             0.0.30                  -> 0.0.30
job-core	Checkout code	2026-02-10T10:50:17.1616754Z  * [new tag]             0.0.31                  -> 0.0.31
job-core	Checkout code	2026-02-10T10:50:17.1617126Z  * [new tag]             0.0.32                  -> 0.0.32
job-core	Checkout code	2026-02-10T10:50:17.1617523Z  * [new tag]             0.0.33                  -> 0.0.33
job-core	Checkout code	2026-02-10T10:50:17.1617902Z  * [new tag]             0.0.34                  -> 0.0.34
job-core	Checkout code	2026-02-10T10:50:17.1618280Z  * [new tag]             0.0.35                  -> 0.0.35
job-core	Checkout code	2026-02-10T10:50:17.1618662Z  * [new tag]             0.0.36                  -> 0.0.36
job-core	Checkout code	2026-02-10T10:50:17.1619033Z  * [new tag]             0.0.37                  -> 0.0.37
job-core	Checkout code	2026-02-10T10:50:17.1619411Z  * [new tag]             0.0.38                  -> 0.0.38
job-core	Checkout code	2026-02-10T10:50:17.1827831Z  * [new tag]             0.0.39                  -> 0.0.39
job-core	Checkout code	2026-02-10T10:50:17.1828498Z  * [new tag]             0.0.4                   -> 0.0.4
job-core	Checkout code	2026-02-10T10:50:17.1828924Z  * [new tag]             0.0.40                  -> 0.0.40
job-core	Checkout code	2026-02-10T10:50:17.1829353Z  * [new tag]             0.0.41                  -> 0.0.41
job-core	Checkout code	2026-02-10T10:50:17.1829739Z  * [new tag]             0.0.42                  -> 0.0.42
job-core	Checkout code	2026-02-10T10:50:17.1908307Z  * [new tag]             0.0.43                  -> 0.0.43
job-core	Checkout code	2026-02-10T10:50:17.1909248Z  * [new tag]             0.0.44                  -> 0.0.44
job-core	Checkout code	2026-02-10T10:50:17.1909666Z  * [new tag]             0.0.45                  -> 0.0.45
job-core	Checkout code	2026-02-10T10:50:17.1910053Z  * [new tag]             0.0.46                  -> 0.0.46
job-core	Checkout code	2026-02-10T10:50:17.1910703Z  * [new tag]             0.0.47                  -> 0.0.47
job-core	Checkout code	2026-02-10T10:50:17.1911100Z  * [new tag]             0.0.48                  -> 0.0.48
job-core	Checkout code	2026-02-10T10:50:17.1911510Z  * [new tag]             0.0.49                  -> 0.0.49
job-core	Checkout code	2026-02-10T10:50:17.1911928Z  * [new tag]             0.0.5                   -> 0.0.5
job-core	Checkout code	2026-02-10T10:50:17.1912304Z  * [new tag]             0.0.50                  -> 0.0.50
job-core	Checkout code	2026-02-10T10:50:17.1912678Z  * [new tag]             0.0.51                  -> 0.0.51
job-core	Checkout code	2026-02-10T10:50:17.2062208Z  * [new tag]             0.0.52                  -> 0.0.52
job-core	Checkout code	2026-02-10T10:50:17.2062660Z  * [new tag]             0.0.53                  -> 0.0.53
job-core	Checkout code	2026-02-10T10:50:17.2063041Z  * [new tag]             0.0.54                  -> 0.0.54
job-core	Checkout code	2026-02-10T10:50:17.2063446Z  * [new tag]             0.0.55                  -> 0.0.55
job-core	Checkout code	2026-02-10T10:50:17.2063855Z  * [new tag]             0.0.56                  -> 0.0.56
job-core	Checkout code	2026-02-10T10:50:17.2064256Z  * [new tag]             0.0.57                  -> 0.0.57
job-core	Checkout code	2026-02-10T10:50:17.2064649Z  * [new tag]             0.0.58                  -> 0.0.58
job-core	Checkout code	2026-02-10T10:50:17.2065048Z  * [new tag]             0.0.59                  -> 0.0.59
job-core	Checkout code	2026-02-10T10:50:17.2065475Z  * [new tag]             0.0.6                   -> 0.0.6
job-core	Checkout code	2026-02-10T10:50:17.2065860Z  * [new tag]             0.0.60                  -> 0.0.60
job-core	Checkout code	2026-02-10T10:50:17.2066255Z  * [new tag]             0.0.61                  -> 0.0.61
job-core	Checkout code	2026-02-10T10:50:17.2066646Z  * [new tag]             0.0.62                  -> 0.0.62
job-core	Checkout code	2026-02-10T10:50:17.2067043Z  * [new tag]             0.0.63                  -> 0.0.63
job-core	Checkout code	2026-02-10T10:50:17.2067429Z  * [new tag]             0.0.64                  -> 0.0.64
job-core	Checkout code	2026-02-10T10:50:17.2067816Z  * [new tag]             0.0.65                  -> 0.0.65
job-core	Checkout code	2026-02-10T10:50:17.2068202Z  * [new tag]             0.0.66                  -> 0.0.66
job-core	Checkout code	2026-02-10T10:50:17.2068631Z  * [new tag]             0.0.67                  -> 0.0.67
job-core	Checkout code	2026-02-10T10:50:17.2069032Z  * [new tag]             0.0.68                  -> 0.0.68
job-core	Checkout code	2026-02-10T10:50:17.2069412Z  * [new tag]             0.0.69                  -> 0.0.69
job-core	Checkout code	2026-02-10T10:50:17.2069819Z  * [new tag]             0.0.7                   -> 0.0.7
job-core	Checkout code	2026-02-10T10:50:17.2221449Z  * [new tag]             0.0.70                  -> 0.0.70
job-core	Checkout code	2026-02-10T10:50:17.2222092Z  * [new tag]             0.0.71                  -> 0.0.71
job-core	Checkout code	2026-02-10T10:50:17.2222489Z  * [new tag]             0.0.72                  -> 0.0.72
job-core	Checkout code	2026-02-10T10:50:17.2222920Z  * [new tag]             0.0.73                  -> 0.0.73
job-core	Checkout code	2026-02-10T10:50:17.2223309Z  * [new tag]             0.0.74                  -> 0.0.74
job-core	Checkout code	2026-02-10T10:50:17.2223703Z  * [new tag]             0.0.75                  -> 0.0.75
job-core	Checkout code	2026-02-10T10:50:17.2224125Z  * [new tag]             0.0.76                  -> 0.0.76
job-core	Checkout code	2026-02-10T10:50:17.2224544Z  * [new tag]             0.0.77                  -> 0.0.77
job-core	Checkout code	2026-02-10T10:50:17.2225007Z  * [new tag]             0.0.78                  -> 0.0.78
job-core	Checkout code	2026-02-10T10:50:17.2225461Z  * [new tag]             0.0.79                  -> 0.0.79
job-core	Checkout code	2026-02-10T10:50:17.2225858Z  * [new tag]             0.0.8                   -> 0.0.8
job-core	Checkout code	2026-02-10T10:50:17.2226247Z  * [new tag]             0.0.80                  -> 0.0.80
job-core	Checkout code	2026-02-10T10:50:17.2227097Z  * [new tag]             0.0.81                  -> 0.0.81
job-core	Checkout code	2026-02-10T10:50:17.2227482Z  * [new tag]             0.0.82                  -> 0.0.82
job-core	Checkout code	2026-02-10T10:50:17.2227872Z  * [new tag]             0.0.83                  -> 0.0.83
job-core	Checkout code	2026-02-10T10:50:17.2228258Z  * [new tag]             0.0.84                  -> 0.0.84
job-core	Checkout code	2026-02-10T10:50:17.2228648Z  * [new tag]             0.0.85                  -> 0.0.85
job-core	Checkout code	2026-02-10T10:50:17.2229033Z  * [new tag]             0.0.86                  -> 0.0.86
job-core	Checkout code	2026-02-10T10:50:17.2229415Z  * [new tag]             0.0.87                  -> 0.0.87
job-core	Checkout code	2026-02-10T10:50:17.2229802Z  * [new tag]             0.0.88                  -> 0.0.88
job-core	Checkout code	2026-02-10T10:50:17.2325073Z  * [new tag]             0.0.89                  -> 0.0.89
job-core	Checkout code	2026-02-10T10:50:17.2325950Z  * [new tag]             0.0.9                   -> 0.0.9
job-core	Checkout code	2026-02-10T10:50:17.2326356Z  * [new tag]             0.0.90                  -> 0.0.90
job-core	Checkout code	2026-02-10T10:50:17.2326795Z  * [new tag]             0.0.91                  -> 0.0.91
job-core	Checkout code	2026-02-10T10:50:17.2327163Z  * [new tag]             0.0.92                  -> 0.0.92
job-core	Checkout code	2026-02-10T10:50:17.2327548Z  * [new tag]             0.0.93                  -> 0.0.93
job-core	Checkout code	2026-02-10T10:50:17.2328273Z  * [new tag]             0.0.94                  -> 0.0.94
job-core	Checkout code	2026-02-10T10:50:17.2328650Z  * [new tag]             0.0.95                  -> 0.0.95
job-core	Checkout code	2026-02-10T10:50:17.2329021Z  * [new tag]             0.0.96                  -> 0.0.96
job-core	Checkout code	2026-02-10T10:50:17.2329383Z  * [new tag]             0.0.97                  -> 0.0.97
job-core	Checkout code	2026-02-10T10:50:17.2329752Z  * [new tag]             0.0.98                  -> 0.0.98
job-core	Checkout code	2026-02-10T10:50:17.2505855Z  * [new tag]             0.0.99                  -> 0.0.99
job-core	Checkout code	2026-02-10T10:50:17.2506717Z  * [new tag]             0.1.0                   -> 0.1.0
job-core	Checkout code	2026-02-10T10:50:17.2507158Z  * [new tag]             0.1.1                   -> 0.1.1
job-core	Checkout code	2026-02-10T10:50:17.2507583Z  * [new tag]             0.2.0                   -> 0.2.0
job-core	Checkout code	2026-02-10T10:50:17.2508017Z  * [new tag]             0.3.0                   -> 0.3.0
job-core	Checkout code	2026-02-10T10:50:17.2508413Z  * [new tag]             0.3.1                   -> 0.3.1
job-core	Checkout code	2026-02-10T10:50:17.2508804Z  * [new tag]             0.3.10                  -> 0.3.10
job-core	Checkout code	2026-02-10T10:50:17.2509265Z  * [new tag]             0.3.11                  -> 0.3.11
job-core	Checkout code	2026-02-10T10:50:17.2509677Z  * [new tag]             0.3.12                  -> 0.3.12
job-core	Checkout code	2026-02-10T10:50:17.2555959Z  * [new tag]             0.3.13                  -> 0.3.13
job-core	Checkout code	2026-02-10T10:50:17.2556958Z  * [new tag]             0.3.14                  -> 0.3.14
job-core	Checkout code	2026-02-10T10:50:17.2557360Z  * [new tag]             0.3.15                  -> 0.3.15
job-core	Checkout code	2026-02-10T10:50:17.2557756Z  * [new tag]             0.3.16                  -> 0.3.16
job-core	Checkout code	2026-02-10T10:50:17.2558147Z  * [new tag]             0.3.17                  -> 0.3.17
job-core	Checkout code	2026-02-10T10:50:17.2558537Z  * [new tag]             0.3.2                   -> 0.3.2
job-core	Checkout code	2026-02-10T10:50:17.2558913Z  * [new tag]             0.3.3                   -> 0.3.3
job-core	Checkout code	2026-02-10T10:50:17.2559338Z  * [new tag]             0.3.4                   -> 0.3.4
job-core	Checkout code	2026-02-10T10:50:17.2559711Z  * [new tag]             0.3.5                   -> 0.3.5
job-core	Checkout code	2026-02-10T10:50:17.2560214Z  * [new tag]             0.3.6                   -> 0.3.6
job-core	Checkout code	2026-02-10T10:50:17.2560616Z  * [new tag]             0.3.7                   -> 0.3.7
job-core	Checkout code	2026-02-10T10:50:17.2560982Z  * [new tag]             0.3.8                   -> 0.3.8
job-core	Checkout code	2026-02-10T10:50:17.2561347Z  * [new tag]             0.3.9                   -> 0.3.9
job-core	Checkout code	2026-02-10T10:50:17.2561720Z  * [new tag]             0.4.0                   -> 0.4.0
job-core	Checkout code	2026-02-10T10:50:17.2562086Z  * [new tag]             0.4.1                   -> 0.4.1
job-core	Checkout code	2026-02-10T10:50:17.3108975Z  * [new tag]             0.4.2                   -> 0.4.2
job-core	Checkout code	2026-02-10T10:50:17.3109495Z  * [new tag]             0.4.3                   -> 0.4.3
job-core	Checkout code	2026-02-10T10:50:17.3109880Z  * [new tag]             0.4.4                   -> 0.4.4
job-core	Checkout code	2026-02-10T10:50:17.3164297Z  * [new tag]             0.4.5                   -> 0.4.5
job-core	Checkout code	2026-02-10T10:50:17.3164716Z  * [new tag]             0.4.6                   -> 0.4.6
job-core	Checkout code	2026-02-10T10:50:17.3165087Z  * [new tag]             0.4.7                   -> 0.4.7
job-core	Checkout code	2026-02-10T10:50:17.3165510Z  * [new tag]             0.4.8                   -> 0.4.8
job-core	Checkout code	2026-02-10T10:50:17.3165878Z  * [new tag]             0.4.9                   -> 0.4.9
job-core	Checkout code	2026-02-10T10:50:17.3166242Z  * [new tag]             0.5.0                   -> 0.5.0
job-core	Checkout code	2026-02-10T10:50:17.3166611Z  * [new tag]             0.5.1                   -> 0.5.1
job-core	Checkout code	2026-02-10T10:50:17.3166979Z  * [new tag]             0.5.2                   -> 0.5.2
job-core	Checkout code	2026-02-10T10:50:17.3167356Z  * [new tag]             0.6.0                   -> 0.6.0
job-core	Checkout code	2026-02-10T10:50:17.3167732Z  * [new tag]             0.6.1                   -> 0.6.1
job-core	Checkout code	2026-02-10T10:50:17.3168103Z  * [new tag]             0.6.2                   -> 0.6.2
job-core	Checkout code	2026-02-10T10:50:17.5962472Z [command]/usr/bin/git branch --list --remote origin/H3266-deploy-zabbix
job-core	Checkout code	2026-02-10T10:50:17.7385777Z   origin/H3266-deploy-zabbix
job-core	Checkout code	2026-02-10T10:50:17.8098383Z [command]/usr/bin/git rev-parse refs/remotes/origin/H3266-deploy-zabbix
job-core	Checkout code	2026-02-10T10:50:17.9782816Z 9785583395806f6f852214ec031416f264a5097d
job-core	Checkout code	2026-02-10T10:50:18.0135135Z ##[endgroup]
job-core	Checkout code	2026-02-10T10:50:18.0188404Z ##[group]Determining the checkout info
job-core	Checkout code	2026-02-10T10:50:18.0189419Z ##[endgroup]
job-core	Checkout code	2026-02-10T10:50:18.0279469Z [command]/usr/bin/git sparse-checkout disable
job-core	Checkout code	2026-02-10T10:50:18.0932037Z [command]/usr/bin/git config --local --unset-all extensions.worktreeConfig
job-core	Checkout code	2026-02-10T10:50:18.2294898Z ##[group]Checking out the ref
job-core	Checkout code	2026-02-10T10:50:18.2692260Z [command]/usr/bin/git checkout --progress --force -B H3266-deploy-zabbix refs/remotes/origin/H3266-deploy-zabbix
job-core	Checkout code	2026-02-10T10:50:21.2236219Z Updating files:  19% (183/955)
job-core	Checkout code	2026-02-10T10:50:21.2237383Z Updating files:  19% (190/955)
job-core	Checkout code	2026-02-10T10:50:21.2370871Z Updating files:  20% (191/955)
job-core	Checkout code	2026-02-10T10:50:21.2639100Z Updating files:  21% (201/955)
job-core	Checkout code	2026-02-10T10:50:21.2697648Z Updating files:  22% (211/955)
job-core	Checkout code	2026-02-10T10:50:21.2902994Z Updating files:  23% (220/955)
job-core	Checkout code	2026-02-10T10:50:21.3883457Z Updating files:  24% (230/955)
job-core	Checkout code	2026-02-10T10:50:21.3941220Z Updating files:  25% (239/955)
job-core	Checkout code	2026-02-10T10:50:21.4035904Z Updating files:  26% (249/955)
job-core	Checkout code	2026-02-10T10:50:21.4154247Z Updating files:  26% (257/955)
job-core	Checkout code	2026-02-10T10:50:21.4155000Z Updating files:  27% (258/955)
job-core	Checkout code	2026-02-10T10:50:21.4155571Z Updating files:  28% (268/955)
job-core	Checkout code	2026-02-10T10:50:21.4173560Z Updating files:  29% (277/955)
job-core	Checkout code	2026-02-10T10:50:21.4370461Z Updating files:  30% (287/955)
job-core	Checkout code	2026-02-10T10:50:21.4433742Z Updating files:  31% (297/955)
job-core	Checkout code	2026-02-10T10:50:21.4791907Z Updating files:  32% (306/955)
job-core	Checkout code	2026-02-10T10:50:21.4893947Z Updating files:  33% (316/955)
job-core	Checkout code	2026-02-10T10:50:21.5014742Z Updating files:  34% (325/955)
job-core	Checkout code	2026-02-10T10:50:21.5015563Z Updating files:  35% (335/955)
job-core	Checkout code	2026-02-10T10:50:21.5195579Z Updating files:  36% (344/955)
job-core	Checkout code	2026-02-10T10:50:21.5365490Z Updating files:  37% (354/955)
job-core	Checkout code	2026-02-10T10:50:21.6265488Z Updating files:  38% (363/955)
job-core	Checkout code	2026-02-10T10:50:21.9422645Z Updating files:  39% (373/955)
job-core	Checkout code	2026-02-10T10:50:21.9511886Z Updating files:  40% (382/955)
job-core	Checkout code	2026-02-10T10:50:21.9681632Z Updating files:  41% (392/955)
job-core	Checkout code	2026-02-10T10:50:21.9765751Z Updating files:  42% (402/955)
job-core	Checkout code	2026-02-10T10:50:22.0004012Z Updating files:  43% (411/955)
job-core	Checkout code	2026-02-10T10:50:22.0131894Z Updating files:  44% (421/955)
job-core	Checkout code	2026-02-10T10:50:22.0324588Z Updating files:  45% (430/955)
job-core	Checkout code	2026-02-10T10:50:22.0500263Z Updating files:  46% (440/955)
job-core	Checkout code	2026-02-10T10:50:22.0567923Z Updating files:  47% (449/955)
job-core	Checkout code	2026-02-10T10:50:22.0670748Z Updating files:  48% (459/955)
job-core	Checkout code	2026-02-10T10:50:22.7144317Z Updating files:  49% (468/955)
job-core	Checkout code	2026-02-10T10:50:22.7473063Z Updating files:  49% (472/955)
job-core	Checkout code	2026-02-10T10:50:22.7475678Z Updating files:  50% (478/955)
job-core	Checkout code	2026-02-10T10:50:22.8611390Z Updating files:  51% (488/955)
job-core	Checkout code	2026-02-10T10:50:22.8651042Z Updating files:  52% (497/955)
job-core	Checkout code	2026-02-10T10:50:22.9130390Z Updating files:  53% (507/955)
job-core	Checkout code	2026-02-10T10:50:22.9281575Z Updating files:  54% (516/955)
job-core	Checkout code	2026-02-10T10:50:22.9281883Z Updating files:  55% (526/955)
job-core	Checkout code	2026-02-10T10:50:22.9282148Z Updating files:  56% (535/955)
job-core	Checkout code	2026-02-10T10:50:22.9282423Z Updating files:  57% (545/955)
job-core	Checkout code	2026-02-10T10:50:22.9282692Z Updating files:  58% (554/955)
job-core	Checkout code	2026-02-10T10:50:22.9282963Z Updating files:  59% (564/955)
job-core	Checkout code	2026-02-10T10:50:22.9283219Z Updating files:  60% (573/955)
job-core	Checkout code	2026-02-10T10:50:22.9283496Z Updating files:  61% (583/955)
job-core	Checkout code	2026-02-10T10:50:22.9283771Z Updating files:  62% (593/955)
job-core	Checkout code	2026-02-10T10:50:23.1775588Z Updating files:  63% (602/955)
job-core	Checkout code	2026-02-10T10:50:23.1775954Z Updating files:  64% (612/955)
job-core	Checkout code	2026-02-10T10:50:23.1778972Z Updating files:  65% (621/955)
job-core	Checkout code	2026-02-10T10:50:23.1811353Z Updating files:  66% (631/955)
job-core	Checkout code	2026-02-10T10:50:23.1812282Z Updating files:  67% (640/955)
job-core	Checkout code	2026-02-10T10:50:23.1812871Z Updating files:  68% (650/955)
job-core	Checkout code	2026-02-10T10:50:23.1813374Z Updating files:  69% (659/955)
job-core	Checkout code	2026-02-10T10:50:23.1813888Z Updating files:  70% (669/955)
job-core	Checkout code	2026-02-10T10:50:23.1832207Z Updating files:  71% (679/955)
job-core	Checkout code	2026-02-10T10:50:23.1832522Z Updating files:  72% (688/955)
job-core	Checkout code	2026-02-10T10:50:23.1832777Z Updating files:  73% (698/955)
job-core	Checkout code	2026-02-10T10:50:23.1840949Z Updating files:  74% (707/955)
job-core	Checkout code	2026-02-10T10:50:23.4451335Z Updating files:  75% (717/955)
job-core	Checkout code	2026-02-10T10:50:23.8512088Z Updating files:  76% (726/955)
job-core	Checkout code	2026-02-10T10:50:24.2275253Z Updating files:  77% (736/955)
job-core	Checkout code	2026-02-10T10:50:24.4432853Z Updating files:  78% (745/955)
job-core	Checkout code	2026-02-10T10:50:24.5707328Z Updating files:  78% (752/955)
job-core	Checkout code	2026-02-10T10:50:24.8001896Z Updating files:  79% (755/955)
job-core	Checkout code	2026-02-10T10:50:25.4728379Z Updating files:  80% (764/955)
job-core	Checkout code	2026-02-10T10:50:25.5428771Z Updating files:  80% (773/955)
job-core	Checkout code	2026-02-10T10:50:26.5524971Z Updating files:  81% (774/955)
job-core	Checkout code	2026-02-10T10:50:26.5761406Z Updating files:  81% (783/955)
job-core	Checkout code	2026-02-10T10:50:27.3972377Z Updating files:  82% (784/955)
job-core	Checkout code	2026-02-10T10:50:27.4241987Z Updating files:  83% (793/955)
job-core	Checkout code	2026-02-10T10:50:27.8091917Z Updating files:  83% (794/955)
job-core	Checkout code	2026-02-10T10:50:28.5868003Z Updating files:  84% (803/955)
job-core	Checkout code	2026-02-10T10:50:28.9331289Z Updating files:  85% (812/955)
job-core	Checkout code	2026-02-10T10:50:29.4133075Z Updating files:  86% (822/955)
job-core	Checkout code	2026-02-10T10:50:29.7647280Z Updating files:  86% (827/955)
job-core	Checkout code	2026-02-10T10:50:29.8028482Z Updating files:  87% (831/955)
job-core	Checkout code	2026-02-10T10:50:29.8030834Z Updating files:  88% (841/955)
job-core	Checkout code	2026-02-10T10:50:29.8062928Z Updating files:  89% (850/955)
job-core	Checkout code	2026-02-10T10:50:29.8114378Z Updating files:  90% (860/955)
job-core	Checkout code	2026-02-10T10:50:29.8169912Z Updating files:  91% (870/955)
job-core	Checkout code	2026-02-10T10:50:29.9555628Z Updating files:  92% (879/955)
job-core	Checkout code	2026-02-10T10:50:29.9556748Z Updating files:  93% (889/955)
job-core	Checkout code	2026-02-10T10:50:29.9651067Z Updating files:  94% (898/955)
job-core	Checkout code	2026-02-10T10:50:30.0215731Z Updating files:  95% (908/955)
job-core	Checkout code	2026-02-10T10:50:30.0251785Z Updating files:  96% (917/955)
job-core	Checkout code	2026-02-10T10:50:30.0537026Z Updating files:  97% (927/955)
job-core	Checkout code	2026-02-10T10:50:30.0987862Z Updating files:  98% (936/955)
job-core	Checkout code	2026-02-10T10:50:30.1054094Z Updating files:  99% (946/955)
job-core	Checkout code	2026-02-10T10:50:30.1202139Z Updating files: 100% (955/955)
job-core	Checkout code	2026-02-10T10:50:30.1265843Z Updating files: 100% (955/955), done.
job-core	Checkout code	2026-02-10T10:50:30.4279277Z Switched to a new branch 'H3266-deploy-zabbix'
job-core	Checkout code	2026-02-10T10:50:30.4281341Z branch 'H3266-deploy-zabbix' set up to track 'origin/H3266-deploy-zabbix'.
job-core	Checkout code	2026-02-10T10:50:30.5177382Z ##[endgroup]
job-core	Checkout code	2026-02-10T10:50:30.5500641Z [command]/usr/bin/git log -1 --format=%H
job-core	Checkout code	2026-02-10T10:50:30.5771051Z 9785583395806f6f852214ec031416f264a5097d
job-core	Install GH CLI	ï»¿2026-02-10T10:50:30.8825321Z Prepare all required actions
job-core	Install GH CLI	2026-02-10T10:50:31.1064684Z ##[group]Run ./.github/actions/install-gh-cli
job-core	Install GH CLI	2026-02-10T10:50:31.1065025Z env:
job-core	Install GH CLI	2026-02-10T10:50:31.1065247Z   KAOS_MODULE: [Ka0S] YAMLLINT
job-core	Install GH CLI	2026-02-10T10:50:31.1065934Z   GH_TOKEN: ***
job-core	Install GH CLI	2026-02-10T10:50:31.1066250Z   KAOS_YAMLLINT_CONFIG: core/config/kaos-yamllint-config.yaml
job-core	Install GH CLI	2026-02-10T10:50:31.1113527Z   KAOS_PRETTIER_CONFIG: compliance/yaml/.prettierrc.json
job-core	Install GH CLI	2026-02-10T10:50:31.1113950Z   KAOS_PATH_RESUME: audit/yamllint/
job-core	Install GH CLI	2026-02-10T10:50:31.1114252Z   KAOS_REPO: /actions-runner/_work/kaos/kaos
job-core	Install GH CLI	2026-02-10T10:50:31.1114983Z   KAOS_STEP_MODULE: 
job-core	Install GH CLI	2026-02-10T10:50:31.1115212Z   KAOS_CODE: 21861784431
job-core	Install GH CLI	2026-02-10T10:50:31.1115448Z   KAOS_REF_BRANCH: main
job-core	Install GH CLI	2026-02-10T10:50:31.1115678Z ##[endgroup]
job-core	Install GH CLI	2026-02-10T10:50:31.2295386Z ##[group]Run type -p curl >/dev/null || (sudo apt-get update && sudo apt-get install curl -y)
job-core	Install GH CLI	2026-02-10T10:50:31.2296247Z [36;1mtype -p curl >/dev/null || (sudo apt-get update && sudo apt-get install curl -y)[0m
job-core	Install GH CLI	2026-02-10T10:50:31.2297247Z [36;1mcurl -fsSL https://cli.github.com/packages/githubcli-archive-keyring.gpg | sudo dd of=/usr/share/keyrings/githubcli-archive-keyring.gpg \[0m
job-core	Install GH CLI	2026-02-10T10:50:31.2298080Z [36;1m&& sudo chmod go+r /usr/share/keyrings/githubcli-archive-keyring.gpg \[0m
job-core	Install GH CLI	2026-02-10T10:50:31.2299215Z [36;1m&& echo "deb [arch=$(dpkg --print-architecture) signed-by=/usr/share/keyrings/githubcli-archive-keyring.gpg] https://cli.github.com/packages stable main" | sudo tee /etc/apt/sources.list.d/github-cli.list > /dev/null \[0m
job-core	Install GH CLI	2026-02-10T10:50:31.2310623Z [36;1m&& sudo apt-get update \[0m
job-core	Install GH CLI	2026-02-10T10:50:31.2310985Z [36;1m&& sudo apt-get install gh -y[0m
job-core	Install GH CLI	2026-02-10T10:50:31.2587173Z shell: /usr/bin/bash --noprofile --norc -e -o pipefail {0}
job-core	Install GH CLI	2026-02-10T10:50:31.2587580Z env:
job-core	Install GH CLI	2026-02-10T10:50:31.2587802Z   KAOS_MODULE: [Ka0S] YAMLLINT
job-core	Install GH CLI	2026-02-10T10:50:31.2588347Z   GH_TOKEN: ***
job-core	Install GH CLI	2026-02-10T10:50:31.2588654Z   KAOS_YAMLLINT_CONFIG: core/config/kaos-yamllint-config.yaml
job-core	Install GH CLI	2026-02-10T10:50:31.2589086Z   KAOS_PRETTIER_CONFIG: compliance/yaml/.prettierrc.json
job-core	Install GH CLI	2026-02-10T10:50:31.2589465Z   KAOS_PATH_RESUME: audit/yamllint/
job-core	Install GH CLI	2026-02-10T10:50:31.2589775Z   KAOS_REPO: /actions-runner/_work/kaos/kaos
job-core	Install GH CLI	2026-02-10T10:50:31.2590210Z   KAOS_STEP_MODULE: 
job-core	Install GH CLI	2026-02-10T10:50:31.2590449Z   KAOS_CODE: 21861784431
job-core	Install GH CLI	2026-02-10T10:50:31.2590686Z   KAOS_REF_BRANCH: main
job-core	Install GH CLI	2026-02-10T10:50:31.2590910Z ##[endgroup]
job-core	Install GH CLI	2026-02-10T10:50:32.1219395Z 4+1 records in
job-core	Install GH CLI	2026-02-10T10:50:32.1227344Z 4+1 records out
job-core	Install GH CLI	2026-02-10T10:50:32.1231238Z 2270 bytes (2.3 kB, 2.2 KiB) copied, 0.00115799 s, 2.0 MB/s
job-core	Install GH CLI	2026-02-10T10:50:33.5771032Z Get:1 https://cli.github.com/packages stable InRelease [3917 B]
job-core	Install GH CLI	2026-02-10T10:50:33.5789199Z Get:2 http://archive.ubuntu.com/ubuntu noble InRelease [256 kB]
job-core	Install GH CLI	2026-02-10T10:50:33.5790316Z Get:3 http://security.ubuntu.com/ubuntu noble-security InRelease [126 kB]
job-core	Install GH CLI	2026-02-10T10:50:33.9315520Z Get:4 http://archive.ubuntu.com/ubuntu noble-updates InRelease [126 kB]
job-core	Install GH CLI	2026-02-10T10:50:33.9767398Z Get:5 http://archive.ubuntu.com/ubuntu noble-backports InRelease [126 kB]
job-core	Install GH CLI	2026-02-10T10:50:34.0461578Z Get:6 https://ppa.launchpadcontent.net/git-core/ppa/ubuntu noble InRelease [24.3 kB]
job-core	Install GH CLI	2026-02-10T10:50:34.2148263Z Get:7 https://cli.github.com/packages stable/main amd64 Packages [356 B]
job-core	Install GH CLI	2026-02-10T10:50:34.7030507Z Get:8 http://security.ubuntu.com/ubuntu noble-security/restricted amd64 Packages [3106 kB]
job-core	Install GH CLI	2026-02-10T10:50:35.4119652Z Get:9 http://security.ubuntu.com/ubuntu noble-security/universe amd64 Packages [1199 kB]
job-core	Install GH CLI	2026-02-10T10:50:35.5541285Z Get:10 http://security.ubuntu.com/ubuntu noble-security/main amd64 Packages [1822 kB]
job-core	Install GH CLI	2026-02-10T10:50:35.6184214Z Get:11 http://archive.ubuntu.com/ubuntu noble/multiverse amd64 Packages [331 kB]
job-core	Install GH CLI	2026-02-10T10:50:35.6765352Z Get:12 http://security.ubuntu.com/ubuntu noble-security/multiverse amd64 Packages [34.8 kB]
job-core	Install GH CLI	2026-02-10T10:50:35.8796484Z Get:13 http://archive.ubuntu.com/ubuntu noble/universe amd64 Packages [19.3 MB]
job-core	Install GH CLI	2026-02-10T10:50:38.1051342Z Get:14 https://ppa.launchpadcontent.net/git-core/ppa/ubuntu noble/main amd64 Packages [2994 B]
job-core	Install GH CLI	2026-02-10T10:50:38.7695110Z Get:15 http://archive.ubuntu.com/ubuntu noble/restricted amd64 Packages [117 kB]
job-core	Install GH CLI	2026-02-10T10:50:38.7793799Z Get:16 http://archive.ubuntu.com/ubuntu noble/main amd64 Packages [1808 kB]
job-core	Install GH CLI	2026-02-10T10:50:38.8729463Z Get:17 http://archive.ubuntu.com/ubuntu noble-updates/main amd64 Packages [2201 kB]
job-core	Install GH CLI	2026-02-10T10:50:39.0995058Z Get:18 http://archive.ubuntu.com/ubuntu noble-updates/restricted amd64 Packages [3287 kB]
job-core	Install GH CLI	2026-02-10T10:50:39.6684353Z Get:19 http://archive.ubuntu.com/ubuntu noble-updates/multiverse amd64 Packages [38.1 kB]
job-core	Install GH CLI	2026-02-10T10:50:39.6687931Z Get:20 http://archive.ubuntu.com/ubuntu noble-updates/universe amd64 Packages [1978 kB]
job-core	Install GH CLI	2026-02-10T10:50:39.9642625Z Get:21 http://archive.ubuntu.com/ubuntu noble-backports/main amd64 Packages [49.5 kB]
job-core	Install GH CLI	2026-02-10T10:50:39.9646265Z Get:22 http://archive.ubuntu.com/ubuntu noble-backports/universe amd64 Packages [34.6 kB]
job-core	Install GH CLI	2026-02-10T10:50:45.3241405Z Fetched 36.0 MB in 12s (3064 kB/s)
job-core	Install GH CLI	2026-02-10T10:50:51.9263090Z Reading package lists...
job-core	Install GH CLI	2026-02-10T10:50:56.4151523Z Reading package lists...
job-core	Install GH CLI	2026-02-10T10:50:57.6315034Z Building dependency tree...
job-core	Install GH CLI	2026-02-10T10:50:57.6318318Z Reading state information...
job-core	Install GH CLI	2026-02-10T10:50:59.6866694Z The following NEW packages will be installed:
job-core	Install GH CLI	2026-02-10T10:50:59.6956495Z   gh
job-core	Install GH CLI	2026-02-10T10:51:00.0581321Z 0 upgraded, 1 newly installed, 0 to remove and 18 not upgraded.
job-core	Install GH CLI	2026-02-10T10:51:00.0588561Z Need to get 13.7 MB of archives.
job-core	Install GH CLI	2026-02-10T10:51:00.0614737Z After this operation, 37.9 MB of additional disk space will be used.
job-core	Install GH CLI	2026-02-10T10:51:00.0616537Z Get:1 https://cli.github.com/packages stable/main amd64 gh amd64 2.86.0 [13.7 MB]
job-core	Install GH CLI	2026-02-10T10:51:01.7620351Z debconf: delaying package configuration, since apt-utils is not installed
job-core	Install GH CLI	2026-02-10T10:51:01.9314771Z Fetched 13.7 MB in 1s (11.2 MB/s)
job-core	Install GH CLI	2026-02-10T10:51:02.5155547Z Selecting previously unselected package gh.
job-core	Install GH CLI	2026-02-10T10:51:02.5202131Z (Reading database ... 
job-core	Install GH CLI	2026-02-10T10:51:02.5211394Z (Reading database ... 5%
job-core	Install GH CLI	2026-02-10T10:51:02.5211959Z (Reading database ... 10%
job-core	Install GH CLI	2026-02-10T10:51:02.5212435Z (Reading database ... 15%
job-core	Install GH CLI	2026-02-10T10:51:02.5212938Z (Reading database ... 20%
job-core	Install GH CLI	2026-02-10T10:51:02.5213306Z (Reading database ... 25%
job-core	Install GH CLI	2026-02-10T10:51:02.5213805Z (Reading database ... 30%
job-core	Install GH CLI	2026-02-10T10:51:02.5214179Z (Reading database ... 35%
job-core	Install GH CLI	2026-02-10T10:51:02.5214672Z (Reading database ... 40%
job-core	Install GH CLI	2026-02-10T10:51:02.5214976Z (Reading database ... 45%
job-core	Install GH CLI	2026-02-10T10:51:02.5215223Z (Reading database ... 50%
job-core	Install GH CLI	2026-02-10T10:51:02.5215468Z (Reading database ... 55%
job-core	Install GH CLI	2026-02-10T10:51:02.5215729Z (Reading database ... 60%
job-core	Install GH CLI	2026-02-10T10:51:02.5246420Z (Reading database ... 65%
job-core	Install GH CLI	2026-02-10T10:51:02.5443163Z (Reading database ... 70%
job-core	Install GH CLI	2026-02-10T10:51:02.5481717Z (Reading database ... 75%
job-core	Install GH CLI	2026-02-10T10:51:02.6192495Z (Reading database ... 80%
job-core	Install GH CLI	2026-02-10T10:51:02.6193233Z (Reading database ... 85%
job-core	Install GH CLI	2026-02-10T10:51:02.6194385Z (Reading database ... 90%
job-core	Install GH CLI	2026-02-10T10:51:02.6194948Z (Reading database ... 95%
job-core	Install GH CLI	2026-02-10T10:51:02.6195419Z (Reading database ... 100%
job-core	Install GH CLI	2026-02-10T10:51:02.6196009Z (Reading database ... 14385 files and directories currently installed.)
job-core	Install GH CLI	2026-02-10T10:51:02.6196756Z Preparing to unpack .../archives/gh_2.86.0_amd64.deb ...
job-core	Install GH CLI	2026-02-10T10:51:02.9429594Z Unpacking gh (2.86.0) ...
job-core	Install GH CLI	2026-02-10T10:51:06.2517851Z Setting up gh (2.86.0) ...
job-core	Setup Python and Node.js	ï»¿2026-02-10T10:51:07.5529429Z ##[group]Run actions/setup-python@v5
job-core	Setup Python and Node.js	2026-02-10T10:51:07.5529778Z with:
job-core	Setup Python and Node.js	2026-02-10T10:51:07.5529986Z   python-version: 3.x
job-core	Setup Python and Node.js	2026-02-10T10:51:07.5836505Z   check-latest: false
job-core	Setup Python and Node.js	2026-02-10T10:51:07.5837131Z   token: ***
job-core	Setup Python and Node.js	2026-02-10T10:51:07.5837363Z   update-environment: true
job-core	Setup Python and Node.js	2026-02-10T10:51:07.5837634Z   allow-prereleases: false
job-core	Setup Python and Node.js	2026-02-10T10:51:07.5837890Z   freethreaded: false
job-core	Setup Python and Node.js	2026-02-10T10:51:07.5838118Z env:
job-core	Setup Python and Node.js	2026-02-10T10:51:07.5838323Z   KAOS_MODULE: [Ka0S] YAMLLINT
job-core	Setup Python and Node.js	2026-02-10T10:51:07.5838698Z   GH_TOKEN: ***
job-core	Setup Python and Node.js	2026-02-10T10:51:07.5839002Z   KAOS_YAMLLINT_CONFIG: core/config/kaos-yamllint-config.yaml
job-core	Setup Python and Node.js	2026-02-10T10:51:07.5839439Z   KAOS_PRETTIER_CONFIG: compliance/yaml/.prettierrc.json
job-core	Setup Python and Node.js	2026-02-10T10:51:07.5839783Z   KAOS_PATH_RESUME: audit/yamllint/
job-core	Setup Python and Node.js	2026-02-10T10:51:07.6120845Z   KAOS_REPO: /actions-runner/_work/kaos/kaos
job-core	Setup Python and Node.js	2026-02-10T10:51:07.6121532Z   KAOS_STEP_MODULE: 
job-core	Setup Python and Node.js	2026-02-10T10:51:07.6121772Z   KAOS_CODE: 21861784431
job-core	Setup Python and Node.js	2026-02-10T10:51:07.6122005Z   KAOS_REF_BRANCH: main
job-core	Setup Python and Node.js	2026-02-10T10:51:07.6122245Z ##[endgroup]
job-core	Setup Python and Node.js	2026-02-10T10:51:09.0052038Z ##[group]Installed versions
job-core	Setup Python and Node.js	2026-02-10T10:51:09.0691951Z Version 3.x was not found in the local cache
job-core	Setup Python and Node.js	2026-02-10T10:51:10.8178637Z Version 3.x is available for downloading
job-core	Setup Python and Node.js	2026-02-10T10:51:10.8179831Z Download from "https://github.com/actions/python-versions/releases/download/3.14.3-21673711214/python-3.14.3-linux-24.04-x64.tar.gz"
job-core	Setup Python and Node.js	2026-02-10T10:51:19.8612352Z Extract downloaded archive
job-core	Setup Python and Node.js	2026-02-10T10:51:19.9091788Z [command]/usr/bin/tar xz --warning=no-unknown-keyword --overwrite -C /home/runner/_work/_temp/1a44b6b9-6c7f-460b-9ed1-b95ec7be271c -f /home/runner/_work/_temp/51a55f8d-0d0a-4918-a03d-685409e4eb89
job-core	Setup Python and Node.js	2026-02-10T10:51:38.4351289Z Execute installation script
job-core	Setup Python and Node.js	2026-02-10T10:51:38.5162278Z Check if Python hostedtoolcache folder exist...
job-core	Setup Python and Node.js	2026-02-10T10:51:38.5164321Z Creating Python hostedtoolcache folder...
job-core	Setup Python and Node.js	2026-02-10T10:51:38.5263440Z Create Python 3.14.3 folder
job-core	Setup Python and Node.js	2026-02-10T10:51:38.5391325Z Copy Python binaries to hostedtoolcache folder
job-core	Setup Python and Node.js	2026-02-10T10:51:45.7276211Z Create additional symlinks (Required for the UsePythonVersion Azure Pipelines task and the setup-python GitHub Action)
job-core	Setup Python and Node.js	2026-02-10T10:51:45.7877702Z Upgrading pip...
job-core	Setup Python and Node.js	2026-02-10T10:51:57.6972014Z Looking in links: /tmp/tmp8izcvf_j
job-core	Setup Python and Node.js	2026-02-10T10:51:57.6994963Z Requirement already satisfied: pip in /home/runner/_work/_tool/Python/3.14.3/x64/lib/python3.14/site-packages (25.3)
job-core	Setup Python and Node.js	2026-02-10T10:52:08.4545601Z Collecting pip
job-core	Setup Python and Node.js	2026-02-10T10:52:08.6231074Z Downloading pip-26.0.1-py3-none-any.whl.metadata (4.7 kB)
job-core	Setup Python and Node.js	2026-02-10T10:52:08.8225135Z Downloading pip-26.0.1-py3-none-any.whl (1.8 MB)
job-core	Setup Python and Node.js	2026-02-10T10:52:09.0694583Z ââââââââââââââââââââââââââââââââââââââââ 1.8/1.8 MB 8.5 MB/s  0:00:00
job-core	Setup Python and Node.js	2026-02-10T10:52:09.1156963Z Installing collected packages: pip
job-core	Setup Python and Node.js	2026-02-10T10:52:09.1157721Z   Attempting uninstall: pip
job-core	Setup Python and Node.js	2026-02-10T10:52:09.1201474Z Found existing installation: pip 25.3
job-core	Setup Python and Node.js	2026-02-10T10:52:09.1762154Z Uninstalling pip-25.3:
job-core	Setup Python and Node.js	2026-02-10T10:52:09.1875681Z Successfully uninstalled pip-25.3
job-core	Setup Python and Node.js	2026-02-10T10:52:12.4292812Z Successfully installed pip-26.0.1
job-core	Setup Python and Node.js	2026-02-10T10:52:12.6262904Z Create complete file
job-core	Setup Python and Node.js	2026-02-10T10:52:12.6462712Z Successfully set up CPython (3.14.3)
job-core	Setup Python and Node.js	2026-02-10T10:52:12.6463990Z ##[endgroup]
job-core	Install Node.js	ï»¿2026-02-10T10:52:12.8494451Z ##[group]Run actions/setup-node@v4
job-core	Install Node.js	2026-02-10T10:52:12.8494899Z with:
job-core	Install Node.js	2026-02-10T10:52:12.8495119Z   node-version: 20
job-core	Install Node.js	2026-02-10T10:52:12.8495354Z   always-auth: false
job-core	Install Node.js	2026-02-10T10:52:12.8495599Z   check-latest: false
job-core	Install Node.js	2026-02-10T10:52:12.8496102Z   token: ***
job-core	Install Node.js	2026-02-10T10:52:12.8496317Z env:
job-core	Install Node.js	2026-02-10T10:52:12.8496531Z   KAOS_MODULE: [Ka0S] YAMLLINT
job-core	Install Node.js	2026-02-10T10:52:12.8496894Z   GH_TOKEN: ***
job-core	Install Node.js	2026-02-10T10:52:12.8497199Z   KAOS_YAMLLINT_CONFIG: core/config/kaos-yamllint-config.yaml
job-core	Install Node.js	2026-02-10T10:52:12.8498272Z   KAOS_PRETTIER_CONFIG: compliance/yaml/.prettierrc.json
job-core	Install Node.js	2026-02-10T10:52:12.8498695Z   KAOS_PATH_RESUME: audit/yamllint/
job-core	Install Node.js	2026-02-10T10:52:12.8499008Z   KAOS_REPO: /actions-runner/_work/kaos/kaos
job-core	Install Node.js	2026-02-10T10:52:12.8501135Z   KAOS_STEP_MODULE: 
job-core	Install Node.js	2026-02-10T10:52:12.8501434Z   KAOS_CODE: 21861784431
job-core	Install Node.js	2026-02-10T10:52:12.8501672Z   KAOS_REF_BRANCH: main
job-core	Install Node.js	2026-02-10T10:52:12.8501988Z   pythonLocation: /home/runner/_work/_tool/Python/3.14.3/x64
job-core	Install Node.js	2026-02-10T10:52:12.8502467Z   PKG_CONFIG_PATH: /home/runner/_work/_tool/Python/3.14.3/x64/lib/pkgconfig
job-core	Install Node.js	2026-02-10T10:52:12.8503061Z   Python_ROOT_DIR: /home/runner/_work/_tool/Python/3.14.3/x64
job-core	Install Node.js	2026-02-10T10:52:12.8503495Z   Python2_ROOT_DIR: /home/runner/_work/_tool/Python/3.14.3/x64
job-core	Install Node.js	2026-02-10T10:52:12.8503931Z   Python3_ROOT_DIR: /home/runner/_work/_tool/Python/3.14.3/x64
job-core	Install Node.js	2026-02-10T10:52:12.8504372Z   LD_LIBRARY_PATH: /home/runner/_work/_tool/Python/3.14.3/x64/lib
job-core	Install Node.js	2026-02-10T10:52:12.8504744Z ##[endgroup]
job-core	Install Node.js	2026-02-10T10:52:13.9426509Z Attempting to download 20...
job-core	Install Node.js	2026-02-10T10:52:14.9946473Z Acquiring 20.20.0 - x64 from https://github.com/actions/node-versions/releases/download/20.20.0-20981710805/node-20.20.0-linux-x64.tar.gz
job-core	Install Node.js	2026-02-10T10:52:17.6753352Z Extracting ...
job-core	Install Node.js	2026-02-10T10:52:17.6976204Z [command]/usr/bin/tar xz --strip 1 --warning=no-unknown-keyword --overwrite -C /home/runner/_work/_temp/1290edb6-c0ad-4370-9708-5a056402f29b -f /home/runner/_work/_temp/b0a031f1-bdc4-41e7-8ae0-cbd1cdc2eae9
job-core	Install Node.js	2026-02-10T10:52:23.2433340Z Adding to the cache ...
job-core	Install Node.js	2026-02-10T10:53:19.1974076Z ##[group]Environment details
job-core	Install Node.js	2026-02-10T10:53:20.6043812Z node: v20.20.0
job-core	Install Node.js	2026-02-10T10:53:20.6071275Z npm: 10.8.2
job-core	Install Node.js	2026-02-10T10:53:20.6072085Z yarn: 
job-core	Install Node.js	2026-02-10T10:53:20.6077384Z ##[endgroup]
job-core	Run Ka0s Lint YAML Action	ï»¿2026-02-10T10:53:20.8627576Z Prepare all required actions
job-core	Run Ka0s Lint YAML Action	2026-02-10T10:53:21.1164307Z ##[group]Run ./.github/actions/kaos-lint-yaml
job-core	Run Ka0s Lint YAML Action	2026-02-10T10:53:21.1164659Z with:
job-core	Run Ka0s Lint YAML Action	2026-02-10T10:53:21.1164960Z   file_path: core/b2b/core-services/planka/resource-quota.yaml
job-core	Run Ka0s Lint YAML Action	2026-02-10T10:53:21.1165336Z   fix: true
job-core	Run Ka0s Lint YAML Action	2026-02-10T10:53:21.1165636Z   path_resume: audit/yamllint/yamllint-results-21861784431.txt
job-core	Run Ka0s Lint YAML Action	2026-02-10T10:53:21.1166079Z   yamllint_config: core/config/kaos-yamllint-config.yaml
job-core	Run Ka0s Lint YAML Action	2026-02-10T10:53:21.1166464Z   prettier_config: compliance/yaml/.prettierrc.json
job-core	Run Ka0s Lint YAML Action	2026-02-10T10:53:21.1166776Z env:
job-core	Run Ka0s Lint YAML Action	2026-02-10T10:53:21.1166982Z   KAOS_MODULE: [Ka0S] YAMLLINT
job-core	Run Ka0s Lint YAML Action	2026-02-10T10:53:21.1167517Z   GH_TOKEN: ***
job-core	Run Ka0s Lint YAML Action	2026-02-10T10:53:21.1167824Z   KAOS_YAMLLINT_CONFIG: core/config/kaos-yamllint-config.yaml
job-core	Run Ka0s Lint YAML Action	2026-02-10T10:53:21.1168256Z   KAOS_PRETTIER_CONFIG: compliance/yaml/.prettierrc.json
job-core	Run Ka0s Lint YAML Action	2026-02-10T10:53:21.1168602Z   KAOS_PATH_RESUME: audit/yamllint/
job-core	Run Ka0s Lint YAML Action	2026-02-10T10:53:21.1168901Z   KAOS_REPO: /actions-runner/_work/kaos/kaos
job-core	Run Ka0s Lint YAML Action	2026-02-10T10:53:21.1169204Z   KAOS_STEP_MODULE: 
job-core	Run Ka0s Lint YAML Action	2026-02-10T10:53:21.1169518Z   KAOS_CODE: 21861784431
job-core	Run Ka0s Lint YAML Action	2026-02-10T10:53:21.1169757Z   KAOS_REF_BRANCH: main
job-core	Run Ka0s Lint YAML Action	2026-02-10T10:53:21.1170072Z   pythonLocation: /home/runner/_work/_tool/Python/3.14.3/x64
job-core	Run Ka0s Lint YAML Action	2026-02-10T10:53:21.1213482Z   PKG_CONFIG_PATH: /home/runner/_work/_tool/Python/3.14.3/x64/lib/pkgconfig
job-core	Run Ka0s Lint YAML Action	2026-02-10T10:53:21.1213970Z   Python_ROOT_DIR: /home/runner/_work/_tool/Python/3.14.3/x64
job-core	Run Ka0s Lint YAML Action	2026-02-10T10:53:21.1214413Z   Python2_ROOT_DIR: /home/runner/_work/_tool/Python/3.14.3/x64
job-core	Run Ka0s Lint YAML Action	2026-02-10T10:53:21.1214854Z   Python3_ROOT_DIR: /home/runner/_work/_tool/Python/3.14.3/x64
job-core	Run Ka0s Lint YAML Action	2026-02-10T10:53:21.1215309Z   LD_LIBRARY_PATH: /home/runner/_work/_tool/Python/3.14.3/x64/lib
job-core	Run Ka0s Lint YAML Action	2026-02-10T10:53:21.1215663Z ##[endgroup]
job-core	Run Ka0s Lint YAML Action	2026-02-10T10:53:21.1297998Z ##[group]Run if ! command -v yamllint &> /dev/null; then pip install yamllint; fi
job-core	Run Ka0s Lint YAML Action	2026-02-10T10:53:21.1298626Z [36;1mif ! command -v yamllint &> /dev/null; then pip install yamllint; fi[0m
job-core	Run Ka0s Lint YAML Action	2026-02-10T10:53:21.1299180Z [36;1mif ! command -v prettier &> /dev/null; then npm install -g prettier; fi[0m
job-core	Run Ka0s Lint YAML Action	2026-02-10T10:53:21.1299771Z [36;1mmkdir -p $(dirname "audit/yamllint/yamllint-results-21861784431.txt")[0m
job-core	Run Ka0s Lint YAML Action	2026-02-10T10:53:21.1338541Z shell: /usr/bin/bash --noprofile --norc -e -o pipefail {0}
job-core	Run Ka0s Lint YAML Action	2026-02-10T10:53:21.1338946Z env:
job-core	Run Ka0s Lint YAML Action	2026-02-10T10:53:21.1339175Z   KAOS_MODULE: [Ka0S] YAMLLINT
job-core	Run Ka0s Lint YAML Action	2026-02-10T10:53:21.1339710Z   GH_TOKEN: ***
job-core	Run Ka0s Lint YAML Action	2026-02-10T10:53:21.1340025Z   KAOS_YAMLLINT_CONFIG: core/config/kaos-yamllint-config.yaml
job-core	Run Ka0s Lint YAML Action	2026-02-10T10:53:21.1340577Z   KAOS_PRETTIER_CONFIG: compliance/yaml/.prettierrc.json
job-core	Run Ka0s Lint YAML Action	2026-02-10T10:53:21.1340933Z   KAOS_PATH_RESUME: audit/yamllint/
job-core	Run Ka0s Lint YAML Action	2026-02-10T10:53:21.1341276Z   KAOS_REPO: /actions-runner/_work/kaos/kaos
job-core	Run Ka0s Lint YAML Action	2026-02-10T10:53:21.1341598Z   KAOS_STEP_MODULE: 
job-core	Run Ka0s Lint YAML Action	2026-02-10T10:53:21.1341889Z   KAOS_CODE: 21861784431
job-core	Run Ka0s Lint YAML Action	2026-02-10T10:53:21.1342154Z   KAOS_REF_BRANCH: main
job-core	Run Ka0s Lint YAML Action	2026-02-10T10:53:21.1342480Z   pythonLocation: /home/runner/_work/_tool/Python/3.14.3/x64
job-core	Run Ka0s Lint YAML Action	2026-02-10T10:53:21.1342993Z   PKG_CONFIG_PATH: /home/runner/_work/_tool/Python/3.14.3/x64/lib/pkgconfig
job-core	Run Ka0s Lint YAML Action	2026-02-10T10:53:21.1343513Z   Python_ROOT_DIR: /home/runner/_work/_tool/Python/3.14.3/x64
job-core	Run Ka0s Lint YAML Action	2026-02-10T10:53:21.1343981Z   Python2_ROOT_DIR: /home/runner/_work/_tool/Python/3.14.3/x64
job-core	Run Ka0s Lint YAML Action	2026-02-10T10:53:21.1344491Z   Python3_ROOT_DIR: /home/runner/_work/_tool/Python/3.14.3/x64
job-core	Run Ka0s Lint YAML Action	2026-02-10T10:53:21.1344994Z   LD_LIBRARY_PATH: /home/runner/_work/_tool/Python/3.14.3/x64/lib
job-core	Run Ka0s Lint YAML Action	2026-02-10T10:53:21.1345407Z ##[endgroup]
job-core	Run Ka0s Lint YAML Action	2026-02-10T10:53:26.4111745Z Collecting yamllint
job-core	Run Ka0s Lint YAML Action	2026-02-10T10:53:26.8786094Z   Downloading yamllint-1.38.0-py3-none-any.whl.metadata (4.2 kB)
job-core	Run Ka0s Lint YAML Action	2026-02-10T10:53:27.0733366Z Collecting pathspec>=1.0.0 (from yamllint)
job-core	Run Ka0s Lint YAML Action	2026-02-10T10:53:27.0951189Z   Downloading pathspec-1.0.4-py3-none-any.whl.metadata (13 kB)
job-core	Run Ka0s Lint YAML Action	2026-02-10T10:53:27.3324772Z Collecting pyyaml (from yamllint)
job-core	Run Ka0s Lint YAML Action	2026-02-10T10:53:27.3382311Z   Downloading pyyaml-6.0.3-cp314-cp314-manylinux2014_x86_64.manylinux_2_17_x86_64.manylinux_2_28_x86_64.whl.metadata (2.4 kB)
job-core	Run Ka0s Lint YAML Action	2026-02-10T10:53:27.3785369Z Downloading yamllint-1.38.0-py3-none-any.whl (68 kB)
job-core	Run Ka0s Lint YAML Action	2026-02-10T10:53:27.4963495Z Downloading pathspec-1.0.4-py3-none-any.whl (55 kB)
job-core	Run Ka0s Lint YAML Action	2026-02-10T10:53:27.5522385Z Downloading pyyaml-6.0.3-cp314-cp314-manylinux2014_x86_64.manylinux_2_17_x86_64.manylinux_2_28_x86_64.whl (794 kB)
job-core	Run Ka0s Lint YAML Action	2026-02-10T10:53:27.7143534Z    ââââââââââââââââââââââââââââââââââââââââ 794.2/794.2 kB 4.0 MB/s  0:00:00
job-core	Run Ka0s Lint YAML Action	2026-02-10T10:53:27.7842712Z Installing collected packages: pyyaml, pathspec, yamllint
job-core	Run Ka0s Lint YAML Action	2026-02-10T10:53:29.2978323Z 
job-core	Run Ka0s Lint YAML Action	2026-02-10T10:53:29.2978957Z Successfully installed pathspec-1.0.4 pyyaml-6.0.3 yamllint-1.38.0
job-core	Run Ka0s Lint YAML Action	2026-02-10T10:53:37.9070809Z 
job-core	Run Ka0s Lint YAML Action	2026-02-10T10:53:37.9072236Z added 1 package in 6s
job-core	Run Ka0s Lint YAML Action	2026-02-10T10:53:37.9072684Z 
job-core	Run Ka0s Lint YAML Action	2026-02-10T10:53:37.9073017Z 1 package is looking for funding
job-core	Run Ka0s Lint YAML Action	2026-02-10T10:53:37.9073724Z   run `npm fund` for details
job-core	Run Ka0s Lint YAML Action	2026-02-10T10:53:38.1513911Z ##[group]Run FILE="core/b2b/core-services/planka/resource-quota.yaml"
job-core	Run Ka0s Lint YAML Action	2026-02-10T10:53:38.1514535Z [36;1mFILE="core/b2b/core-services/planka/resource-quota.yaml"[0m
job-core	Run Ka0s Lint YAML Action	2026-02-10T10:53:38.1515053Z [36;1mRESUME_FILE="audit/yamllint/yamllint-results-21861784431.txt"[0m
job-core	Run Ka0s Lint YAML Action	2026-02-10T10:53:38.1515564Z [36;1mYAML_CFG="core/config/kaos-yamllint-config.yaml"[0m
job-core	Run Ka0s Lint YAML Action	2026-02-10T10:53:38.1516002Z [36;1mPRETTIER_CFG="compliance/yaml/.prettierrc.json"[0m
job-core	Run Ka0s Lint YAML Action	2026-02-10T10:53:38.1516351Z [36;1m[0m
job-core	Run Ka0s Lint YAML Action	2026-02-10T10:53:38.1516651Z [36;1mecho "Starting YAML Check for: $FILE" >> "$RESUME_FILE"[0m
job-core	Run Ka0s Lint YAML Action	2026-02-10T10:53:38.1517015Z [36;1m[0m
job-core	Run Ka0s Lint YAML Action	2026-02-10T10:53:38.1620677Z [36;1m# 1. Syntax (yamllint)[0m
job-core	Run Ka0s Lint YAML Action	2026-02-10T10:53:38.1621410Z [36;1mif ! yamllint -c "$YAML_CFG" "$FILE" >> "$RESUME_FILE" 2>&1; then[0m
job-core	Run Ka0s Lint YAML Action	2026-02-10T10:53:38.1621929Z [36;1m  echo "â Syntax Error detected by Yamllint" >> "$RESUME_FILE"[0m
job-core	Run Ka0s Lint YAML Action	2026-02-10T10:53:38.1622314Z [36;1m  exit 1[0m
job-core	Run Ka0s Lint YAML Action	2026-02-10T10:53:38.1622575Z [36;1melse[0m
job-core	Run Ka0s Lint YAML Action	2026-02-10T10:53:38.1622845Z [36;1m  echo "â Syntax Check Passed" >> "$RESUME_FILE"[0m
job-core	Run Ka0s Lint YAML Action	2026-02-10T10:53:38.1623185Z [36;1mfi[0m
job-core	Run Ka0s Lint YAML Action	2026-02-10T10:53:38.1623405Z [36;1m[0m
job-core	Run Ka0s Lint YAML Action	2026-02-10T10:53:38.1623623Z [36;1m# 2. Style (Prettier)[0m
job-core	Run Ka0s Lint YAML Action	2026-02-10T10:53:38.1624021Z [36;1mif ! prettier --check "$FILE" --config "$PRETTIER_CFG"; then[0m
job-core	Run Ka0s Lint YAML Action	2026-02-10T10:53:38.1624496Z [36;1m  echo "â ï¸ Style Error detected." >> "$RESUME_FILE"[0m
job-core	Run Ka0s Lint YAML Action	2026-02-10T10:53:38.1624888Z [36;1m  [0m
job-core	Run Ka0s Lint YAML Action	2026-02-10T10:53:38.1625186Z [36;1m  if [ "true" == "true" ]; then[0m
job-core	Run Ka0s Lint YAML Action	2026-02-10T10:53:38.1625569Z [36;1m    echo "Attempting Self-Healing..." >> "$RESUME_FILE"[0m
job-core	Run Ka0s Lint YAML Action	2026-02-10T10:53:38.1626052Z [36;1m    if prettier --write "$FILE" --config "$PRETTIER_CFG"; then[0m
job-core	Run Ka0s Lint YAML Action	2026-02-10T10:53:38.1626533Z [36;1m      echo "â Self-Healing Successful." >> "$RESUME_FILE"[0m
job-core	Run Ka0s Lint YAML Action	2026-02-10T10:53:38.1626944Z [36;1m    else[0m
job-core	Run Ka0s Lint YAML Action	2026-02-10T10:53:38.1627248Z [36;1m      echo "â Self-Healing Failed." >> "$RESUME_FILE"[0m
job-core	Run Ka0s Lint YAML Action	2026-02-10T10:53:38.1627636Z [36;1m      exit 1[0m
job-core	Run Ka0s Lint YAML Action	2026-02-10T10:53:38.1627867Z [36;1m    fi[0m
job-core	Run Ka0s Lint YAML Action	2026-02-10T10:53:38.1628084Z [36;1m  else[0m
job-core	Run Ka0s Lint YAML Action	2026-02-10T10:53:38.1628474Z [36;1m     echo "â Style violations found (Fix mode disabled)." >> "$RESUME_FILE"[0m
job-core	Run Ka0s Lint YAML Action	2026-02-10T10:53:38.1628928Z [36;1m     exit 1[0m
job-core	Run Ka0s Lint YAML Action	2026-02-10T10:53:38.1629160Z [36;1m  fi[0m
job-core	Run Ka0s Lint YAML Action	2026-02-10T10:53:38.1629380Z [36;1melse[0m
job-core	Run Ka0s Lint YAML Action	2026-02-10T10:53:38.1629678Z [36;1m  echo "â Style Check Passed" >> "$RESUME_FILE"[0m
job-core	Run Ka0s Lint YAML Action	2026-02-10T10:53:38.1630033Z [36;1mfi[0m
job-core	Run Ka0s Lint YAML Action	2026-02-10T10:53:38.1834002Z shell: /usr/bin/bash --noprofile --norc -e -o pipefail {0}
job-core	Run Ka0s Lint YAML Action	2026-02-10T10:53:38.1834384Z env:
job-core	Run Ka0s Lint YAML Action	2026-02-10T10:53:38.1834601Z   KAOS_MODULE: [Ka0S] YAMLLINT
job-core	Run Ka0s Lint YAML Action	2026-02-10T10:53:38.1835140Z   GH_TOKEN: ***
job-core	Run Ka0s Lint YAML Action	2026-02-10T10:53:38.1835454Z   KAOS_YAMLLINT_CONFIG: core/config/kaos-yamllint-config.yaml
job-core	Run Ka0s Lint YAML Action	2026-02-10T10:53:38.1835894Z   KAOS_PRETTIER_CONFIG: compliance/yaml/.prettierrc.json
job-core	Run Ka0s Lint YAML Action	2026-02-10T10:53:38.1836244Z   KAOS_PATH_RESUME: audit/yamllint/
job-core	Run Ka0s Lint YAML Action	2026-02-10T10:53:38.1836548Z   KAOS_REPO: /actions-runner/_work/kaos/kaos
job-core	Run Ka0s Lint YAML Action	2026-02-10T10:53:38.1837234Z   KAOS_STEP_MODULE: 
job-core	Run Ka0s Lint YAML Action	2026-02-10T10:53:38.1837469Z   KAOS_CODE: 21861784431
job-core	Run Ka0s Lint YAML Action	2026-02-10T10:53:38.1837710Z   KAOS_REF_BRANCH: main
job-core	Run Ka0s Lint YAML Action	2026-02-10T10:53:38.1838037Z   pythonLocation: /home/runner/_work/_tool/Python/3.14.3/x64
job-core	Run Ka0s Lint YAML Action	2026-02-10T10:53:38.1838773Z   PKG_CONFIG_PATH: /home/runner/_work/_tool/Python/3.14.3/x64/lib/pkgconfig
job-core	Run Ka0s Lint YAML Action	2026-02-10T10:53:38.1839261Z   Python_ROOT_DIR: /home/runner/_work/_tool/Python/3.14.3/x64
job-core	Run Ka0s Lint YAML Action	2026-02-10T10:53:38.1839694Z   Python2_ROOT_DIR: /home/runner/_work/_tool/Python/3.14.3/x64
job-core	Run Ka0s Lint YAML Action	2026-02-10T10:53:38.1940013Z   Python3_ROOT_DIR: /home/runner/_work/_tool/Python/3.14.3/x64
job-core	Run Ka0s Lint YAML Action	2026-02-10T10:53:38.1940957Z   LD_LIBRARY_PATH: /home/runner/_work/_tool/Python/3.14.3/x64/lib
job-core	Run Ka0s Lint YAML Action	2026-02-10T10:53:38.1943832Z ##[endgroup]
job-core	Run Ka0s Lint YAML Action	2026-02-10T10:53:39.1122591Z ##[error]Process completed with exit code 1.
job-core	Report Status	ï»¿2026-02-10T10:53:39.2612103Z ##[group]Run FILE="core/b2b/core-services/planka/resource-quota.yaml"
job-core	Report Status	2026-02-10T10:53:39.2612693Z [36;1mFILE="core/b2b/core-services/planka/resource-quota.yaml"[0m
job-core	Report Status	2026-02-10T10:53:39.2613489Z [36;1mKAOS_ISSUE_BODY="The [Ka0S] YAMLLINT process (21861678146) failed. File ($FILE) has violations that could not be auto-fixed. Please check the logs."[0m
job-core	Report Status	2026-02-10T10:53:39.2614227Z [36;1mgh issue comment 3266 -b "$KAOS_ISSUE_BODY"[0m
job-core	Report Status	2026-02-10T10:53:39.2614539Z [36;1mexit 1[0m
job-core	Report Status	2026-02-10T10:53:39.3203596Z shell: /usr/bin/bash -e {0}
job-core	Report Status	2026-02-10T10:53:39.3217015Z env:
job-core	Report Status	2026-02-10T10:53:39.3249069Z   KAOS_MODULE: [Ka0S] YAMLLINT
job-core	Report Status	2026-02-10T10:53:39.3249708Z   GH_TOKEN: ***
job-core	Report Status	2026-02-10T10:53:39.3357990Z   KAOS_YAMLLINT_CONFIG: core/config/kaos-yamllint-config.yaml
job-core	Report Status	2026-02-10T10:53:39.3358493Z   KAOS_PRETTIER_CONFIG: compliance/yaml/.prettierrc.json
job-core	Report Status	2026-02-10T10:53:39.3358851Z   KAOS_PATH_RESUME: audit/yamllint/
job-core	Report Status	2026-02-10T10:53:39.3359152Z   KAOS_REPO: /actions-runner/_work/kaos/kaos
job-core	Report Status	2026-02-10T10:53:39.3359544Z   KAOS_STEP_MODULE: 
job-core	Report Status	2026-02-10T10:53:39.3359769Z   KAOS_CODE: 21861784431
job-core	Report Status	2026-02-10T10:53:39.3360015Z   KAOS_REF_BRANCH: main
job-core	Report Status	2026-02-10T10:53:39.3640933Z   pythonLocation: /home/runner/_work/_tool/Python/3.14.3/x64
job-core	Report Status	2026-02-10T10:53:39.3641470Z   PKG_CONFIG_PATH: /home/runner/_work/_tool/Python/3.14.3/x64/lib/pkgconfig
job-core	Report Status	2026-02-10T10:53:39.3641958Z   Python_ROOT_DIR: /home/runner/_work/_tool/Python/3.14.3/x64
job-core	Report Status	2026-02-10T10:53:39.3642404Z   Python2_ROOT_DIR: /home/runner/_work/_tool/Python/3.14.3/x64
job-core	Report Status	2026-02-10T10:53:39.3642868Z   Python3_ROOT_DIR: /home/runner/_work/_tool/Python/3.14.3/x64
job-core	Report Status	2026-02-10T10:53:39.3643335Z   LD_LIBRARY_PATH: /home/runner/_work/_tool/Python/3.14.3/x64/lib
job-core	Report Status	2026-02-10T10:53:39.3643727Z ##[endgroup]
job-core	Report Status	2026-02-10T10:53:41.1173098Z HTTP 401: Bad credentials (https://api.github.com/graphql)
job-core	Report Status	2026-02-10T10:53:41.1173816Z Try authenticating with:  gh auth login
job-core	Report Status	2026-02-10T10:53:41.1784052Z ##[error]Process completed with exit code 1.
job-core	Upload Logs	ï»¿2026-02-10T10:53:41.2637308Z ##[group]Run # Subir logs de auditorÃ­a si existen
job-core	Upload Logs	2026-02-10T10:53:41.2637821Z [36;1m# Subir logs de auditorÃ­a si existen[0m
job-core	Upload Logs	2026-02-10T10:53:41.2638278Z [36;1mif [ -f "audit/yamllint/yamllint-results-21861784431.txt" ]; then[0m
job-core	Upload Logs	2026-02-10T10:53:41.2638850Z [36;1m   git config --global user.name "***"[0m
job-core	Upload Logs	2026-02-10T10:53:41.2639248Z [36;1m   git config --global user.email "***"[0m
job-core	Upload Logs	2026-02-10T10:53:41.2639570Z [36;1m   git pull --rebase[0m
job-core	Upload Logs	2026-02-10T10:53:41.2639838Z [36;1m   git add audit/yamllint/*[0m
job-core	Upload Logs	2026-02-10T10:53:41.2768451Z [36;1m   if ! git diff --staged --quiet; then[0m
job-core	Upload Logs	2026-02-10T10:53:41.2769100Z [36;1m      git commit -m "[Ka0S] Uploading YAML compliance audit logs"[0m
job-core	Upload Logs	2026-02-10T10:53:41.2769641Z [36;1m      git push origin refs/heads/H3266-deploy-zabbix --force-with-lease[0m
job-core	Upload Logs	2026-02-10T10:53:41.2770066Z [36;1m   fi[0m
job-core	Upload Logs	2026-02-10T10:53:41.2770574Z [36;1mfi[0m
job-core	Upload Logs	2026-02-10T10:53:41.2955507Z shell: /usr/bin/bash -e {0}
job-core	Upload Logs	2026-02-10T10:53:41.2955851Z env:
job-core	Upload Logs	2026-02-10T10:53:41.2956132Z   KAOS_MODULE: [Ka0S] YAMLLINT
job-core	Upload Logs	2026-02-10T10:53:41.2956674Z   GH_TOKEN: ***
job-core	Upload Logs	2026-02-10T10:53:41.2956992Z   KAOS_YAMLLINT_CONFIG: core/config/kaos-yamllint-config.yaml
job-core	Upload Logs	2026-02-10T10:53:41.2957813Z   KAOS_PRETTIER_CONFIG: compliance/yaml/.prettierrc.json
job-core	Upload Logs	2026-02-10T10:53:41.2958171Z   KAOS_PATH_RESUME: audit/yamllint/
job-core	Upload Logs	2026-02-10T10:53:41.2958474Z   KAOS_REPO: /actions-runner/_work/kaos/kaos
job-core	Upload Logs	2026-02-10T10:53:41.2958773Z   KAOS_STEP_MODULE: 
job-core	Upload Logs	2026-02-10T10:53:41.2959016Z   KAOS_CODE: 21861784431
job-core	Upload Logs	2026-02-10T10:53:41.2959271Z   KAOS_REF_BRANCH: main
job-core	Upload Logs	2026-02-10T10:53:41.2959587Z   pythonLocation: /home/runner/_work/_tool/Python/3.14.3/x64
job-core	Upload Logs	2026-02-10T10:53:41.2960770Z   PKG_CONFIG_PATH: /home/runner/_work/_tool/Python/3.14.3/x64/lib/pkgconfig
job-core	Upload Logs	2026-02-10T10:53:41.2961315Z   Python_ROOT_DIR: /home/runner/_work/_tool/Python/3.14.3/x64
job-core	Upload Logs	2026-02-10T10:53:41.3006850Z   Python2_ROOT_DIR: /home/runner/_work/_tool/Python/3.14.3/x64
job-core	Upload Logs	2026-02-10T10:53:41.3007367Z   Python3_ROOT_DIR: /home/runner/_work/_tool/Python/3.14.3/x64
job-core	Upload Logs	2026-02-10T10:53:41.3007831Z   LD_LIBRARY_PATH: /home/runner/_work/_tool/Python/3.14.3/x64/lib
job-core	Upload Logs	2026-02-10T10:53:41.3008207Z ##[endgroup]
job-core	Upload Logs	2026-02-10T10:53:43.1017239Z From https://github.com/Ka0s-Klaus/ka0s
job-core	Upload Logs	2026-02-10T10:53:43.1036971Z    978558339..913ca9dcb  H3266-deploy-zabbix -> origin/H3266-deploy-zabbix
job-core	Upload Logs	2026-02-10T10:53:43.2811168Z Updating 978558339..913ca9dcb
job-core	Upload Logs	2026-02-10T10:53:43.2816441Z Fast-forward
job-core	Upload Logs	2026-02-10T10:53:43.2943701Z  audit/mdlint/mdlint-results-21861770650.txt     | 9 +++++++++
job-core	Upload Logs	2026-02-10T10:53:43.2944577Z  audit/yamllint/yamllint-results-21861739728.txt | 3 +++
job-core	Upload Logs	2026-02-10T10:53:43.2968355Z  audit/yamllint/yamllint-results-21861742129.txt | 3 +++
job-core	Upload Logs	2026-02-10T10:53:43.3057174Z  audit/yamllint/yamllint-results-21861745843.txt | 3 +++
job-core	Upload Logs	2026-02-10T10:53:43.3057952Z  audit/yamllint/yamllint-results-21861752697.txt | 3 +++
job-core	Upload Logs	2026-02-10T10:53:43.3058586Z  audit/yamllint/yamllint-results-21861755626.txt | 3 +++
job-core	Upload Logs	2026-02-10T10:53:43.3059057Z  audit/yamllint/yamllint-results-21861763999.txt | 3 +++
job-core	Upload Logs	2026-02-10T10:53:43.3059542Z  audit/yamllint/yamllint-results-21861765752.txt | 3 +++
job-core	Upload Logs	2026-02-10T10:53:43.3060035Z  audit/yamllint/yamllint-results-21861772609.txt | 3 +++
job-core	Upload Logs	2026-02-10T10:53:43.3113245Z  audit/yamllint/yamllint-results-21861779453.txt | 3 +++
job-core	Upload Logs	2026-02-10T10:53:43.3113751Z  10 files changed, 36 insertions(+)
job-core	Upload Logs	2026-02-10T10:53:43.3114188Z  create mode 100644 audit/mdlint/mdlint-results-21861770650.txt
job-core	Upload Logs	2026-02-10T10:53:43.3114726Z  create mode 100644 audit/yamllint/yamllint-results-21861739728.txt
job-core	Upload Logs	2026-02-10T10:53:43.3115288Z  create mode 100644 audit/yamllint/yamllint-results-21861742129.txt
job-core	Upload Logs	2026-02-10T10:53:43.3115831Z  create mode 100644 audit/yamllint/yamllint-results-21861745843.txt
job-core	Upload Logs	2026-02-10T10:53:43.3116379Z  create mode 100644 audit/yamllint/yamllint-results-21861752697.txt
job-core	Upload Logs	2026-02-10T10:53:43.3116941Z  create mode 100644 audit/yamllint/yamllint-results-21861755626.txt
job-core	Upload Logs	2026-02-10T10:53:43.3117513Z  create mode 100644 audit/yamllint/yamllint-results-21861763999.txt
job-core	Upload Logs	2026-02-10T10:53:43.3118096Z  create mode 100644 audit/yamllint/yamllint-results-21861765752.txt
job-core	Upload Logs	2026-02-10T10:53:43.3119448Z  create mode 100644 audit/yamllint/yamllint-results-21861772609.txt
job-core	Upload Logs	2026-02-10T10:53:43.3120035Z  create mode 100644 audit/yamllint/yamllint-results-21861779453.txt
job-core	Upload Logs	2026-02-10T10:53:43.5298548Z [H3266-deploy-zabbix 8698f2fea] [Ka0S] Uploading YAML compliance audit logs
job-core	Upload Logs	2026-02-10T10:53:43.5321981Z  1 file changed, 3 insertions(+)
job-core	Upload Logs	2026-02-10T10:53:43.5335805Z  create mode 100644 audit/yamllint/yamllint-results-21861784431.txt
job-core	Upload Logs	2026-02-10T10:53:44.1399492Z To https://github.com/Ka0s-Klaus/ka0s
job-core	Upload Logs	2026-02-10T10:53:44.1462226Z  ! [rejected]            H3266-deploy-zabbix -> H3266-deploy-zabbix (stale info)
job-core	Upload Logs	2026-02-10T10:53:44.1463244Z error: failed to push some refs to 'https://github.com/Ka0s-Klaus/ka0s'
job-core	Upload Logs	2026-02-10T10:53:44.1736677Z ##[error]Process completed with exit code 1.
job-core	Post Checkout code	ï»¿2026-02-10T10:53:44.2844630Z Post job cleanup.
job-core	Post Checkout code	2026-02-10T10:53:44.7761535Z [command]/usr/bin/git version
job-core	Post Checkout code	2026-02-10T10:53:44.8048752Z git version 2.52.0
job-core	Post Checkout code	2026-02-10T10:53:44.8401098Z Copying '/home/runner/.gitconfig' to '/home/runner/_work/_temp/9ec09f3f-08ff-4026-9dfe-784f91b4a38e/.gitconfig'
job-core	Post Checkout code	2026-02-10T10:53:44.8621532Z Temporarily overriding HOME='/home/runner/_work/_temp/9ec09f3f-08ff-4026-9dfe-784f91b4a38e' before making global git config changes
job-core	Post Checkout code	2026-02-10T10:53:44.8627981Z Adding repository directory to the temporary git global config as a safe directory
job-core	Post Checkout code	2026-02-10T10:53:44.8677018Z [command]/usr/bin/git config --global --add safe.directory /home/runner/_work/ka0s/ka0s
job-core	Post Checkout code	2026-02-10T10:53:44.8881774Z [command]/usr/bin/git config --local --name-only --get-regexp core\.sshCommand
job-core	Post Checkout code	2026-02-10T10:53:44.9225263Z [command]/usr/bin/git submodule foreach --recursive sh -c "git config --local --name-only --get-regexp 'core\.sshCommand' && git config --local --unset-all 'core.sshCommand' || :"
job-core	Post Checkout code	2026-02-10T10:53:45.2984671Z [command]/usr/bin/git config --local --name-only --get-regexp http\.https\:\/\/github\.com\/\.extraheader
job-core	Post Checkout code	2026-02-10T10:53:45.3268868Z http.https://github.com/.extraheader
job-core	Post Checkout code	2026-02-10T10:53:45.3410656Z [command]/usr/bin/git config --local --unset-all http.https://github.com/.extraheader
job-core	Post Checkout code	2026-02-10T10:53:45.3729377Z [command]/usr/bin/git submodule foreach --recursive sh -c "git config --local --name-only --get-regexp 'http\.https\:\/\/github\.com\/\.extraheader' && git config --local --unset-all 'http.https://github.com/.extraheader' || :"
job-core	Post Checkout code	2026-02-10T10:53:45.6804283Z [command]/usr/bin/git config --local --name-only --get-regexp ^includeIf\.gitdir:
job-core	Post Checkout code	2026-02-10T10:53:45.7306717Z [command]/usr/bin/git submodule foreach --recursive git config --local --show-origin --name-only --get-regexp remote.origin.url
job-core	Complete job	ï»¿2026-02-10T10:53:45.9928846Z Cleaning up orphan processes
handle_failure	Set up job	ï»¿2026-02-10T10:55:15.8929764Z Current runner version: '2.331.0'
handle_failure	Set up job	2026-02-10T10:55:15.9098075Z Runner name: 'swarm-runners-scaleset-hkss5-runner-rpx2z'
handle_failure	Set up job	2026-02-10T10:55:15.9099297Z Runner group name: 'Default'
handle_failure	Set up job	2026-02-10T10:55:15.9234027Z Machine name: 'swarm-runners-scaleset-hkss5-runner-rpx2z'
handle_failure	Set up job	2026-02-10T10:55:15.9254824Z ##[group]GITHUB_TOKEN Permissions
handle_failure	Set up job	2026-02-10T10:55:15.9257875Z Actions: write
handle_failure	Set up job	2026-02-10T10:55:15.9258475Z Contents: write
handle_failure	Set up job	2026-02-10T10:55:15.9259181Z Issues: write
handle_failure	Set up job	2026-02-10T10:55:15.9259790Z Metadata: read
handle_failure	Set up job	2026-02-10T10:55:15.9311440Z PullRequests: write
handle_failure	Set up job	2026-02-10T10:55:15.9312428Z ##[endgroup]
handle_failure	Set up job	2026-02-10T10:55:15.9315379Z Secret source: Actions
handle_failure	Set up job	2026-02-10T10:55:15.9316211Z Prepare workflow directory
handle_failure	Set up job	2026-02-10T10:55:17.1549026Z Prepare all required actions
handle_failure	Set up job	2026-02-10T10:55:17.1883150Z Getting action download info
handle_failure	Set up job	2026-02-10T10:55:17.8692607Z Download action repository 'actions/checkout@v4' (SHA:34e114876b0b11c390a56381ad16ebd13914f8d5)
handle_failure	Set up job	2026-02-10T10:55:20.5907456Z Complete job name: handle_failure
handle_failure	Run actions/checkout@v4	ï»¿2026-02-10T10:55:21.3208562Z ##[group]Run actions/checkout@v4
handle_failure	Run actions/checkout@v4	2026-02-10T10:55:21.3326975Z with:
handle_failure	Run actions/checkout@v4	2026-02-10T10:55:21.3327900Z   repository: Ka0s-Klaus/ka0s
handle_failure	Run actions/checkout@v4	2026-02-10T10:55:21.3329214Z   token: ***
handle_failure	Run actions/checkout@v4	2026-02-10T10:55:21.3329884Z   ssh-strict: true
handle_failure	Run actions/checkout@v4	2026-02-10T10:55:21.3330669Z   ssh-user: git
handle_failure	Run actions/checkout@v4	2026-02-10T10:55:21.3331417Z   persist-credentials: true
handle_failure	Run actions/checkout@v4	2026-02-10T10:55:21.3332256Z   clean: true
handle_failure	Run actions/checkout@v4	2026-02-10T10:55:21.3332996Z   sparse-checkout-cone-mode: true
handle_failure	Run actions/checkout@v4	2026-02-10T10:55:21.3333895Z   fetch-depth: 1
handle_failure	Run actions/checkout@v4	2026-02-10T10:55:21.3372416Z   fetch-tags: false
handle_failure	Run actions/checkout@v4	2026-02-10T10:55:21.3373319Z   show-progress: true
handle_failure	Run actions/checkout@v4	2026-02-10T10:55:21.3374071Z   lfs: false
handle_failure	Run actions/checkout@v4	2026-02-10T10:55:21.3374749Z   submodules: false
handle_failure	Run actions/checkout@v4	2026-02-10T10:55:21.3375517Z   set-safe-directory: true
handle_failure	Run actions/checkout@v4	2026-02-10T10:55:21.3434678Z env:
handle_failure	Run actions/checkout@v4	2026-02-10T10:55:21.3435467Z   KAOS_MODULE: [Ka0S] YAMLLINT
handle_failure	Run actions/checkout@v4	2026-02-10T10:55:21.3436776Z   GH_TOKEN: ***
handle_failure	Run actions/checkout@v4	2026-02-10T10:55:21.3437758Z   KAOS_YAMLLINT_CONFIG: core/config/kaos-yamllint-config.yaml
handle_failure	Run actions/checkout@v4	2026-02-10T10:55:21.3439182Z   KAOS_PRETTIER_CONFIG: compliance/yaml/.prettierrc.json
handle_failure	Run actions/checkout@v4	2026-02-10T10:55:21.3440624Z   KAOS_PATH_RESUME: audit/yamllint/
handle_failure	Run actions/checkout@v4	2026-02-10T10:55:21.3441662Z   KAOS_REPO: /actions-runner/_work/kaos/kaos
handle_failure	Run actions/checkout@v4	2026-02-10T10:55:21.3442732Z   KAOS_STEP_MODULE: 
handle_failure	Run actions/checkout@v4	2026-02-10T10:55:21.3443492Z   KAOS_CODE: 21861784431
handle_failure	Run actions/checkout@v4	2026-02-10T10:55:21.3444293Z   KAOS_REF_BRANCH: main
handle_failure	Run actions/checkout@v4	2026-02-10T10:55:21.3445067Z ##[endgroup]
handle_failure	Run actions/checkout@v4	2026-02-10T10:55:22.8824693Z Syncing repository: Ka0s-Klaus/ka0s
handle_failure	Run actions/checkout@v4	2026-02-10T10:55:22.8827306Z ##[group]Getting Git version info
handle_failure	Run actions/checkout@v4	2026-02-10T10:55:22.8828408Z Working directory is '/home/runner/_work/ka0s/ka0s'
handle_failure	Run actions/checkout@v4	2026-02-10T10:55:22.8830009Z [command]/usr/bin/git version
handle_failure	Run actions/checkout@v4	2026-02-10T10:55:22.9037716Z git version 2.52.0
handle_failure	Run actions/checkout@v4	2026-02-10T10:55:22.9605886Z ##[endgroup]
handle_failure	Run actions/checkout@v4	2026-02-10T10:55:22.9926073Z Temporarily overriding HOME='/home/runner/_work/_temp/2b003de9-b3df-42ff-999e-131858a2ac91' before making global git config changes
handle_failure	Run actions/checkout@v4	2026-02-10T10:55:22.9928845Z Adding repository directory to the temporary git global config as a safe directory
handle_failure	Run actions/checkout@v4	2026-02-10T10:55:23.0189292Z [command]/usr/bin/git config --global --add safe.directory /home/runner/_work/ka0s/ka0s
handle_failure	Run actions/checkout@v4	2026-02-10T10:55:23.0193209Z Deleting the contents of '/home/runner/_work/ka0s/ka0s'
handle_failure	Run actions/checkout@v4	2026-02-10T10:55:23.0194987Z ##[group]Initializing the repository
handle_failure	Run actions/checkout@v4	2026-02-10T10:55:23.0196093Z [command]/usr/bin/git init /home/runner/_work/ka0s/ka0s
handle_failure	Run actions/checkout@v4	2026-02-10T10:55:23.0197602Z hint: Using 'master' as the name for the initial branch. This default branch name
handle_failure	Run actions/checkout@v4	2026-02-10T10:55:23.0199346Z hint: will change to "main" in Git 3.0. To configure the initial branch name
handle_failure	Run actions/checkout@v4	2026-02-10T10:55:23.0201168Z hint: to use in all of your new repositories, which will suppress this warning,
handle_failure	Run actions/checkout@v4	2026-02-10T10:55:23.0202524Z hint: call:
handle_failure	Run actions/checkout@v4	2026-02-10T10:55:23.0203110Z hint:
handle_failure	Run actions/checkout@v4	2026-02-10T10:55:23.0203900Z hint: 	git config --global init.defaultBranch <name>
handle_failure	Run actions/checkout@v4	2026-02-10T10:55:23.0204965Z hint:
handle_failure	Run actions/checkout@v4	2026-02-10T10:55:23.0205958Z hint: Names commonly chosen instead of 'master' are 'main', 'trunk' and
handle_failure	Run actions/checkout@v4	2026-02-10T10:55:23.0207738Z hint: 'development'. The just-created branch can be renamed via this command:
handle_failure	Run actions/checkout@v4	2026-02-10T10:55:23.0209802Z hint:
handle_failure	Run actions/checkout@v4	2026-02-10T10:55:23.0210514Z hint: 	git branch -m <name>
handle_failure	Run actions/checkout@v4	2026-02-10T10:55:23.0674959Z hint:
handle_failure	Run actions/checkout@v4	2026-02-10T10:55:23.0676957Z hint: Disable this message with "git config set advice.defaultBranchName false"
handle_failure	Run actions/checkout@v4	2026-02-10T10:55:23.0678806Z Initialized empty Git repository in /home/runner/_work/ka0s/ka0s/.git/
handle_failure	Run actions/checkout@v4	2026-02-10T10:55:23.0843321Z [command]/usr/bin/git remote add origin https://github.com/Ka0s-Klaus/ka0s
handle_failure	Run actions/checkout@v4	2026-02-10T10:55:23.0846262Z ##[endgroup]
handle_failure	Run actions/checkout@v4	2026-02-10T10:55:23.0847496Z ##[group]Disabling automatic garbage collection
handle_failure	Run actions/checkout@v4	2026-02-10T10:55:23.0848622Z [command]/usr/bin/git config --local gc.auto 0
handle_failure	Run actions/checkout@v4	2026-02-10T10:55:23.0876367Z ##[endgroup]
handle_failure	Run actions/checkout@v4	2026-02-10T10:55:23.0877695Z ##[group]Setting up auth
handle_failure	Run actions/checkout@v4	2026-02-10T10:55:23.0879001Z [command]/usr/bin/git config --local --name-only --get-regexp core\.sshCommand
handle_failure	Run actions/checkout@v4	2026-02-10T10:55:23.1036588Z [command]/usr/bin/git submodule foreach --recursive sh -c "git config --local --name-only --get-regexp 'core\.sshCommand' && git config --local --unset-all 'core.sshCommand' || :"
handle_failure	Run actions/checkout@v4	2026-02-10T10:55:23.5772791Z [command]/usr/bin/git config --local --name-only --get-regexp http\.https\:\/\/github\.com\/\.extraheader
handle_failure	Run actions/checkout@v4	2026-02-10T10:55:23.7048203Z [command]/usr/bin/git submodule foreach --recursive sh -c "git config --local --name-only --get-regexp 'http\.https\:\/\/github\.com\/\.extraheader' && git config --local --unset-all 'http.https://github.com/.extraheader' || :"
handle_failure	Run actions/checkout@v4	2026-02-10T10:55:23.9085569Z [command]/usr/bin/git config --local --name-only --get-regexp ^includeIf\.gitdir:
handle_failure	Run actions/checkout@v4	2026-02-10T10:55:23.9567098Z [command]/usr/bin/git submodule foreach --recursive git config --local --show-origin --name-only --get-regexp remote.origin.url
handle_failure	Run actions/checkout@v4	2026-02-10T10:55:24.5033966Z [command]/usr/bin/git config --local http.https://github.com/.extraheader AUTHORIZATION: basic ***
handle_failure	Run actions/checkout@v4	2026-02-10T10:55:24.5716602Z ##[endgroup]
handle_failure	Run actions/checkout@v4	2026-02-10T10:55:24.5774575Z ##[group]Fetching the repository
handle_failure	Run actions/checkout@v4	2026-02-10T10:55:24.5875352Z [command]/usr/bin/git -c protocol.version=2 fetch --no-tags --prune --no-recurse-submodules --depth=1 origin +9785583395806f6f852214ec031416f264a5097d:refs/remotes/origin/H3266-deploy-zabbix
handle_failure	Run actions/checkout@v4	2026-02-10T10:55:37.5441843Z From https://github.com/Ka0s-Klaus/ka0s
handle_failure	Run actions/checkout@v4	2026-02-10T10:55:37.5513910Z  * [new ref]         9785583395806f6f852214ec031416f264a5097d -> origin/H3266-deploy-zabbix
handle_failure	Run actions/checkout@v4	2026-02-10T10:55:37.7592741Z ##[endgroup]
handle_failure	Run actions/checkout@v4	2026-02-10T10:55:37.7642554Z ##[group]Determining the checkout info
handle_failure	Run actions/checkout@v4	2026-02-10T10:55:37.7705373Z ##[endgroup]
handle_failure	Run actions/checkout@v4	2026-02-10T10:55:37.7884704Z [command]/usr/bin/git sparse-checkout disable
handle_failure	Run actions/checkout@v4	2026-02-10T10:55:38.0242338Z [command]/usr/bin/git config --local --unset-all extensions.worktreeConfig
handle_failure	Run actions/checkout@v4	2026-02-10T10:55:38.0859188Z ##[group]Checking out the ref
handle_failure	Run actions/checkout@v4	2026-02-10T10:55:38.0944068Z [command]/usr/bin/git checkout --progress --force -B H3266-deploy-zabbix refs/remotes/origin/H3266-deploy-zabbix
handle_failure	Run actions/checkout@v4	2026-02-10T10:55:39.6884680Z Updating files:  19% (184/955)
handle_failure	Run actions/checkout@v4	2026-02-10T10:55:39.6948419Z Updating files:  20% (191/955)
handle_failure	Run actions/checkout@v4	2026-02-10T10:55:39.7292577Z Updating files:  21% (201/955)
handle_failure	Run actions/checkout@v4	2026-02-10T10:55:39.7373406Z Updating files:  22% (211/955)
handle_failure	Run actions/checkout@v4	2026-02-10T10:55:39.7380891Z Updating files:  23% (220/955)
handle_failure	Run actions/checkout@v4	2026-02-10T10:55:39.7390895Z Updating files:  24% (230/955)
handle_failure	Run actions/checkout@v4	2026-02-10T10:55:39.7406423Z Updating files:  25% (239/955)
handle_failure	Run actions/checkout@v4	2026-02-10T10:55:39.7435173Z Updating files:  26% (249/955)
handle_failure	Run actions/checkout@v4	2026-02-10T10:55:39.7451043Z Updating files:  27% (258/955)
handle_failure	Run actions/checkout@v4	2026-02-10T10:55:39.7465725Z Updating files:  28% (268/955)
handle_failure	Run actions/checkout@v4	2026-02-10T10:55:39.7492542Z Updating files:  29% (277/955)
handle_failure	Run actions/checkout@v4	2026-02-10T10:55:39.7501947Z Updating files:  30% (287/955)
handle_failure	Run actions/checkout@v4	2026-02-10T10:55:39.7502877Z Updating files:  31% (297/955)
handle_failure	Run actions/checkout@v4	2026-02-10T10:55:39.7518117Z Updating files:  32% (306/955)
handle_failure	Run actions/checkout@v4	2026-02-10T10:55:39.7555557Z Updating files:  33% (316/955)
handle_failure	Run actions/checkout@v4	2026-02-10T10:55:39.7571418Z Updating files:  34% (325/955)
handle_failure	Run actions/checkout@v4	2026-02-10T10:55:39.7643904Z Updating files:  35% (335/955)
handle_failure	Run actions/checkout@v4	2026-02-10T10:55:39.7660246Z Updating files:  36% (344/955)
handle_failure	Run actions/checkout@v4	2026-02-10T10:55:39.7661255Z Updating files:  37% (354/955)
handle_failure	Run actions/checkout@v4	2026-02-10T10:55:39.7775597Z Updating files:  38% (363/955)
handle_failure	Run actions/checkout@v4	2026-02-10T10:55:40.1887723Z Updating files:  39% (373/955)
handle_failure	Run actions/checkout@v4	2026-02-10T10:55:40.2161515Z Updating files:  39% (381/955)
handle_failure	Run actions/checkout@v4	2026-02-10T10:55:40.2245421Z Updating files:  40% (382/955)
handle_failure	Run actions/checkout@v4	2026-02-10T10:55:40.2247132Z Updating files:  41% (392/955)
handle_failure	Run actions/checkout@v4	2026-02-10T10:55:40.2249356Z Updating files:  42% (402/955)
handle_failure	Run actions/checkout@v4	2026-02-10T10:55:40.2250761Z Updating files:  43% (411/955)
handle_failure	Run actions/checkout@v4	2026-02-10T10:55:40.2251177Z Updating files:  44% (421/955)
handle_failure	Run actions/checkout@v4	2026-02-10T10:55:40.2252072Z Updating files:  45% (430/955)
handle_failure	Run actions/checkout@v4	2026-02-10T10:55:40.2252449Z Updating files:  46% (440/955)
handle_failure	Run actions/checkout@v4	2026-02-10T10:55:40.2252926Z Updating files:  47% (449/955)
handle_failure	Run actions/checkout@v4	2026-02-10T10:55:40.2254182Z Updating files:  48% (459/955)
handle_failure	Run actions/checkout@v4	2026-02-10T10:55:40.7084468Z Updating files:  49% (468/955)
handle_failure	Run actions/checkout@v4	2026-02-10T10:55:40.9514440Z Updating files:  50% (478/955)
handle_failure	Run actions/checkout@v4	2026-02-10T10:55:40.9971644Z Updating files:  51% (488/955)
handle_failure	Run actions/checkout@v4	2026-02-10T10:55:40.9972502Z Updating files:  52% (497/955)
handle_failure	Run actions/checkout@v4	2026-02-10T10:55:40.9975279Z Updating files:  53% (507/955)
handle_failure	Run actions/checkout@v4	2026-02-10T10:55:41.0075000Z Updating files:  54% (516/955)
handle_failure	Run actions/checkout@v4	2026-02-10T10:55:41.0154482Z Updating files:  55% (526/955)
handle_failure	Run actions/checkout@v4	2026-02-10T10:55:41.0238153Z Updating files:  56% (535/955)
handle_failure	Run actions/checkout@v4	2026-02-10T10:55:41.0238486Z Updating files:  57% (545/955)
handle_failure	Run actions/checkout@v4	2026-02-10T10:55:41.0273277Z Updating files:  58% (554/955)
handle_failure	Run actions/checkout@v4	2026-02-10T10:55:41.0349974Z Updating files:  59% (564/955)
handle_failure	Run actions/checkout@v4	2026-02-10T10:55:41.0773163Z Updating files:  60% (573/955)
handle_failure	Run actions/checkout@v4	2026-02-10T10:55:41.0773850Z Updating files:  61% (583/955)
handle_failure	Run actions/checkout@v4	2026-02-10T10:55:41.0778718Z Updating files:  62% (593/955)
handle_failure	Run actions/checkout@v4	2026-02-10T10:55:41.0786695Z Updating files:  63% (602/955)
handle_failure	Run actions/checkout@v4	2026-02-10T10:55:41.1637490Z Updating files:  63% (603/955)
handle_failure	Run actions/checkout@v4	2026-02-10T10:55:41.1654893Z Updating files:  64% (612/955)
handle_failure	Run actions/checkout@v4	2026-02-10T10:55:41.1713344Z Updating files:  65% (621/955)
handle_failure	Run actions/checkout@v4	2026-02-10T10:55:41.1714615Z Updating files:  66% (631/955)
handle_failure	Run actions/checkout@v4	2026-02-10T10:55:41.1732126Z Updating files:  67% (640/955)
handle_failure	Run actions/checkout@v4	2026-02-10T10:55:41.1873931Z Updating files:  68% (650/955)
handle_failure	Run actions/checkout@v4	2026-02-10T10:55:41.1874297Z Updating files:  69% (659/955)
handle_failure	Run actions/checkout@v4	2026-02-10T10:55:41.1878059Z Updating files:  70% (669/955)
handle_failure	Run actions/checkout@v4	2026-02-10T10:55:41.1878392Z Updating files:  71% (679/955)
handle_failure	Run actions/checkout@v4	2026-02-10T10:55:41.1892497Z Updating files:  72% (688/955)
handle_failure	Run actions/checkout@v4	2026-02-10T10:55:41.1892886Z Updating files:  73% (698/955)
handle_failure	Run actions/checkout@v4	2026-02-10T10:55:41.1946087Z Updating files:  74% (707/955)
handle_failure	Run actions/checkout@v4	2026-02-10T10:55:41.4631533Z Updating files:  75% (717/955)
handle_failure	Run actions/checkout@v4	2026-02-10T10:55:42.3220072Z Updating files:  76% (726/955)
handle_failure	Run actions/checkout@v4	2026-02-10T10:55:42.3839517Z Updating files:  76% (733/955)
handle_failure	Run actions/checkout@v4	2026-02-10T10:55:43.1672780Z Updating files:  77% (736/955)
handle_failure	Run actions/checkout@v4	2026-02-10T10:55:44.1298362Z Updating files:  77% (743/955)
handle_failure	Run actions/checkout@v4	2026-02-10T10:55:44.3667094Z Updating files:  78% (745/955)
handle_failure	Run actions/checkout@v4	2026-02-10T10:55:44.4793557Z Updating files:  79% (755/955)
handle_failure	Run actions/checkout@v4	2026-02-10T10:55:44.9878342Z Updating files:  80% (764/955)
handle_failure	Run actions/checkout@v4	2026-02-10T10:55:45.1382167Z Updating files:  81% (774/955)
handle_failure	Run actions/checkout@v4	2026-02-10T10:55:45.6635859Z Updating files:  81% (776/955)
handle_failure	Run actions/checkout@v4	2026-02-10T10:55:46.1280754Z Updating files:  82% (784/955)
handle_failure	Run actions/checkout@v4	2026-02-10T10:55:46.3557478Z Updating files:  82% (790/955)
handle_failure	Run actions/checkout@v4	2026-02-10T10:55:47.0041640Z Updating files:  83% (793/955)
handle_failure	Run actions/checkout@v4	2026-02-10T10:55:47.1635547Z Updating files:  84% (803/955)
handle_failure	Run actions/checkout@v4	2026-02-10T10:55:47.6095400Z Updating files:  84% (805/955)
handle_failure	Run actions/checkout@v4	2026-02-10T10:55:47.7705023Z Updating files:  85% (812/955)
handle_failure	Run actions/checkout@v4	2026-02-10T10:55:48.1832529Z Updating files:  86% (822/955)
handle_failure	Run actions/checkout@v4	2026-02-10T10:55:48.4793596Z Updating files:  86% (827/955)
handle_failure	Run actions/checkout@v4	2026-02-10T10:55:48.4793940Z Updating files:  87% (831/955)
handle_failure	Run actions/checkout@v4	2026-02-10T10:55:48.4794187Z Updating files:  88% (841/955)
handle_failure	Run actions/checkout@v4	2026-02-10T10:55:48.4794424Z Updating files:  89% (850/955)
handle_failure	Run actions/checkout@v4	2026-02-10T10:55:48.4794666Z Updating files:  90% (860/955)
handle_failure	Run actions/checkout@v4	2026-02-10T10:55:48.4794901Z Updating files:  91% (870/955)
handle_failure	Run actions/checkout@v4	2026-02-10T10:55:48.4937208Z Updating files:  92% (879/955)
handle_failure	Run actions/checkout@v4	2026-02-10T10:55:48.4957475Z Updating files:  93% (889/955)
handle_failure	Run actions/checkout@v4	2026-02-10T10:55:48.5014101Z Updating files:  94% (898/955)
handle_failure	Run actions/checkout@v4	2026-02-10T10:55:48.5109606Z Updating files:  95% (908/955)
handle_failure	Run actions/checkout@v4	2026-02-10T10:55:48.5116205Z Updating files:  96% (917/955)
handle_failure	Run actions/checkout@v4	2026-02-10T10:55:48.5116480Z Updating files:  97% (927/955)
handle_failure	Run actions/checkout@v4	2026-02-10T10:55:48.5116721Z Updating files:  98% (936/955)
handle_failure	Run actions/checkout@v4	2026-02-10T10:55:48.5146872Z Updating files:  99% (946/955)
handle_failure	Run actions/checkout@v4	2026-02-10T10:55:48.5152054Z Updating files: 100% (955/955)
handle_failure	Run actions/checkout@v4	2026-02-10T10:55:48.5152333Z Updating files: 100% (955/955), done.
handle_failure	Run actions/checkout@v4	2026-02-10T10:55:48.7657144Z Switched to a new branch 'H3266-deploy-zabbix'
handle_failure	Run actions/checkout@v4	2026-02-10T10:55:48.7695518Z branch 'H3266-deploy-zabbix' set up to track 'origin/H3266-deploy-zabbix'.
handle_failure	Run actions/checkout@v4	2026-02-10T10:55:48.8601586Z ##[endgroup]
handle_failure	Run actions/checkout@v4	2026-02-10T10:55:48.8690872Z [command]/usr/bin/git log -1 --format=%H
handle_failure	Run actions/checkout@v4	2026-02-10T10:55:48.8771382Z 9785583395806f6f852214ec031416f264a5097d
handle_failure	Run /./.github/actions/install-gh-cli	ï»¿2026-02-10T10:55:49.5318865Z Prepare all required actions
handle_failure	Run /./.github/actions/install-gh-cli	2026-02-10T10:55:49.9327363Z ##[group]Run ./.github/actions/install-gh-cli
handle_failure	Run /./.github/actions/install-gh-cli	2026-02-10T10:55:49.9327710Z env:
handle_failure	Run /./.github/actions/install-gh-cli	2026-02-10T10:55:49.9327910Z   KAOS_MODULE: [Ka0S] YAMLLINT
handle_failure	Run /./.github/actions/install-gh-cli	2026-02-10T10:55:49.9328497Z   GH_TOKEN: ***
handle_failure	Run /./.github/actions/install-gh-cli	2026-02-10T10:55:49.9328784Z   KAOS_YAMLLINT_CONFIG: core/config/kaos-yamllint-config.yaml
handle_failure	Run /./.github/actions/install-gh-cli	2026-02-10T10:55:49.9329205Z   KAOS_PRETTIER_CONFIG: compliance/yaml/.prettierrc.json
handle_failure	Run /./.github/actions/install-gh-cli	2026-02-10T10:55:49.9329544Z   KAOS_PATH_RESUME: audit/yamllint/
handle_failure	Run /./.github/actions/install-gh-cli	2026-02-10T10:55:49.9329855Z   KAOS_REPO: /actions-runner/_work/kaos/kaos
handle_failure	Run /./.github/actions/install-gh-cli	2026-02-10T10:55:49.9330205Z   KAOS_STEP_MODULE: 
handle_failure	Run /./.github/actions/install-gh-cli	2026-02-10T10:55:49.9330418Z   KAOS_CODE: 21861784431
handle_failure	Run /./.github/actions/install-gh-cli	2026-02-10T10:55:49.9330632Z   KAOS_REF_BRANCH: main
handle_failure	Run /./.github/actions/install-gh-cli	2026-02-10T10:55:49.9330845Z ##[endgroup]
handle_failure	Run /./.github/actions/install-gh-cli	2026-02-10T10:55:50.1607533Z ##[group]Run type -p curl >/dev/null || (sudo apt-get update && sudo apt-get install curl -y)
handle_failure	Run /./.github/actions/install-gh-cli	2026-02-10T10:55:50.1987760Z [36;1mtype -p curl >/dev/null || (sudo apt-get update && sudo apt-get install curl -y)[0m
handle_failure	Run /./.github/actions/install-gh-cli	2026-02-10T10:55:50.1988854Z [36;1mcurl -fsSL https://cli.github.com/packages/githubcli-archive-keyring.gpg | sudo dd of=/usr/share/keyrings/githubcli-archive-keyring.gpg \[0m
handle_failure	Run /./.github/actions/install-gh-cli	2026-02-10T10:55:50.1989733Z [36;1m&& sudo chmod go+r /usr/share/keyrings/githubcli-archive-keyring.gpg \[0m
handle_failure	Run /./.github/actions/install-gh-cli	2026-02-10T10:55:50.2068138Z [36;1m&& echo "deb [arch=$(dpkg --print-architecture) signed-by=/usr/share/keyrings/githubcli-archive-keyring.gpg] https://cli.github.com/packages stable main" | sudo tee /etc/apt/sources.list.d/github-cli.list > /dev/null \[0m
handle_failure	Run /./.github/actions/install-gh-cli	2026-02-10T10:55:50.2069411Z [36;1m&& sudo apt-get update \[0m
handle_failure	Run /./.github/actions/install-gh-cli	2026-02-10T10:55:50.2069712Z [36;1m&& sudo apt-get install gh -y[0m
handle_failure	Run /./.github/actions/install-gh-cli	2026-02-10T10:55:50.3294441Z shell: /usr/bin/bash --noprofile --norc -e -o pipefail {0}
handle_failure	Run /./.github/actions/install-gh-cli	2026-02-10T10:55:50.3295189Z env:
handle_failure	Run /./.github/actions/install-gh-cli	2026-02-10T10:55:50.3295449Z   KAOS_MODULE: [Ka0S] YAMLLINT
handle_failure	Run /./.github/actions/install-gh-cli	2026-02-10T10:55:50.3296181Z   GH_TOKEN: ***
handle_failure	Run /./.github/actions/install-gh-cli	2026-02-10T10:55:50.3296536Z   KAOS_YAMLLINT_CONFIG: core/config/kaos-yamllint-config.yaml
handle_failure	Run /./.github/actions/install-gh-cli	2026-02-10T10:55:50.3296980Z   KAOS_PRETTIER_CONFIG: compliance/yaml/.prettierrc.json
handle_failure	Run /./.github/actions/install-gh-cli	2026-02-10T10:55:50.3297450Z   KAOS_PATH_RESUME: audit/yamllint/
handle_failure	Run /./.github/actions/install-gh-cli	2026-02-10T10:55:50.3297766Z   KAOS_REPO: /actions-runner/_work/kaos/kaos
handle_failure	Run /./.github/actions/install-gh-cli	2026-02-10T10:55:50.3298096Z   KAOS_STEP_MODULE: 
handle_failure	Run /./.github/actions/install-gh-cli	2026-02-10T10:55:50.3298340Z   KAOS_CODE: 21861784431
handle_failure	Run /./.github/actions/install-gh-cli	2026-02-10T10:55:50.3298672Z   KAOS_REF_BRANCH: main
handle_failure	Run /./.github/actions/install-gh-cli	2026-02-10T10:55:50.3298937Z ##[endgroup]
handle_failure	Run /./.github/actions/install-gh-cli	2026-02-10T10:55:53.0062349Z 4+1 records in
handle_failure	Run /./.github/actions/install-gh-cli	2026-02-10T10:55:53.0071849Z 4+1 records out
handle_failure	Run /./.github/actions/install-gh-cli	2026-02-10T10:55:53.0073276Z 2270 bytes (2.3 kB, 2.2 KiB) copied, 0.00109272 s, 2.1 MB/s
handle_failure	Run /./.github/actions/install-gh-cli	2026-02-10T10:55:58.3312212Z Get:1 https://cli.github.com/packages stable InRelease [3917 B]
handle_failure	Run /./.github/actions/install-gh-cli	2026-02-10T10:55:58.3368108Z Get:2 http://security.ubuntu.com/ubuntu noble-security InRelease [126 kB]
handle_failure	Run /./.github/actions/install-gh-cli	2026-02-10T10:55:58.3368719Z Get:3 http://archive.ubuntu.com/ubuntu noble InRelease [256 kB]
handle_failure	Run /./.github/actions/install-gh-cli	2026-02-10T10:55:58.8396680Z Get:4 https://ppa.launchpadcontent.net/git-core/ppa/ubuntu noble InRelease [24.3 kB]
handle_failure	Run /./.github/actions/install-gh-cli	2026-02-10T10:55:59.0115947Z Get:5 https://cli.github.com/packages stable/main amd64 Packages [356 B]
handle_failure	Run /./.github/actions/install-gh-cli	2026-02-10T10:55:59.0979733Z Get:6 http://archive.ubuntu.com/ubuntu noble-updates InRelease [126 kB]
handle_failure	Run /./.github/actions/install-gh-cli	2026-02-10T10:55:59.2857379Z Get:7 http://security.ubuntu.com/ubuntu noble-security/universe amd64 Packages [1199 kB]
handle_failure	Run /./.github/actions/install-gh-cli	2026-02-10T10:56:00.0104064Z Get:8 http://archive.ubuntu.com/ubuntu noble-backports InRelease [126 kB]
handle_failure	Run /./.github/actions/install-gh-cli	2026-02-10T10:56:00.2221404Z Get:9 http://security.ubuntu.com/ubuntu noble-security/multiverse amd64 Packages [34.8 kB]
handle_failure	Run /./.github/actions/install-gh-cli	2026-02-10T10:56:00.3975960Z Get:10 https://ppa.launchpadcontent.net/git-core/ppa/ubuntu noble/main amd64 Packages [2994 B]
handle_failure	Run /./.github/actions/install-gh-cli	2026-02-10T10:56:00.4031992Z Get:11 http://security.ubuntu.com/ubuntu noble-security/main amd64 Packages [1822 kB]
handle_failure	Run /./.github/actions/install-gh-cli	2026-02-10T10:56:00.6938861Z Get:12 http://security.ubuntu.com/ubuntu noble-security/restricted amd64 Packages [3106 kB]
handle_failure	Run /./.github/actions/install-gh-cli	2026-02-10T10:56:00.9700881Z Get:13 http://archive.ubuntu.com/ubuntu noble/universe amd64 Packages [19.3 MB]
handle_failure	Run /./.github/actions/install-gh-cli	2026-02-10T10:56:03.2381546Z Get:14 http://archive.ubuntu.com/ubuntu noble/restricted amd64 Packages [117 kB]
handle_failure	Run /./.github/actions/install-gh-cli	2026-02-10T10:56:03.2863378Z Get:15 http://archive.ubuntu.com/ubuntu noble/main amd64 Packages [1808 kB]
handle_failure	Run /./.github/actions/install-gh-cli	2026-02-10T10:56:03.7020832Z Get:16 http://archive.ubuntu.com/ubuntu noble/multiverse amd64 Packages [331 kB]
handle_failure	Run /./.github/actions/install-gh-cli	2026-02-10T10:56:03.8734255Z Get:17 http://archive.ubuntu.com/ubuntu noble-updates/main amd64 Packages [2201 kB]
handle_failure	Run /./.github/actions/install-gh-cli	2026-02-10T10:56:04.0838398Z Get:18 http://archive.ubuntu.com/ubuntu noble-updates/universe amd64 Packages [1978 kB]
handle_failure	Run /./.github/actions/install-gh-cli	2026-02-10T10:56:04.3676903Z Get:19 http://archive.ubuntu.com/ubuntu noble-updates/restricted amd64 Packages [3287 kB]
handle_failure	Run /./.github/actions/install-gh-cli	2026-02-10T10:56:05.0528294Z Get:20 http://archive.ubuntu.com/ubuntu noble-updates/multiverse amd64 Packages [38.1 kB]
handle_failure	Run /./.github/actions/install-gh-cli	2026-02-10T10:56:05.1091316Z Get:21 http://archive.ubuntu.com/ubuntu noble-backports/main amd64 Packages [49.5 kB]
handle_failure	Run /./.github/actions/install-gh-cli	2026-02-10T10:56:05.2011010Z Get:22 http://archive.ubuntu.com/ubuntu noble-backports/universe amd64 Packages [34.6 kB]
handle_failure	Run /./.github/actions/install-gh-cli	2026-02-10T10:56:16.0497032Z Fetched 36.0 MB in 12s (2907 kB/s)
handle_failure	Run /./.github/actions/install-gh-cli	2026-02-10T10:56:20.4460824Z Reading package lists...
handle_failure	Run /./.github/actions/install-gh-cli	2026-02-10T10:56:28.3226388Z Reading package lists...
handle_failure	Run /./.github/actions/install-gh-cli	2026-02-10T10:56:28.9022259Z Building dependency tree...
handle_failure	Run /./.github/actions/install-gh-cli	2026-02-10T10:56:28.9067928Z Reading state information...
handle_failure	Run /./.github/actions/install-gh-cli	2026-02-10T10:56:31.3810919Z The following NEW packages will be installed:
handle_failure	Run /./.github/actions/install-gh-cli	2026-02-10T10:56:31.3931253Z   gh
handle_failure	Run /./.github/actions/install-gh-cli	2026-02-10T10:56:32.0904491Z 0 upgraded, 1 newly installed, 0 to remove and 18 not upgraded.
handle_failure	Run /./.github/actions/install-gh-cli	2026-02-10T10:56:32.0921861Z Need to get 13.7 MB of archives.
handle_failure	Run /./.github/actions/install-gh-cli	2026-02-10T10:56:32.0968668Z After this operation, 37.9 MB of additional disk space will be used.
handle_failure	Run /./.github/actions/install-gh-cli	2026-02-10T10:56:32.0993784Z Get:1 https://cli.github.com/packages stable/main amd64 gh amd64 2.86.0 [13.7 MB]
handle_failure	Run /./.github/actions/install-gh-cli	2026-02-10T10:56:33.5230063Z debconf: delaying package configuration, since apt-utils is not installed
handle_failure	Run /./.github/actions/install-gh-cli	2026-02-10T10:56:33.7666203Z Fetched 13.7 MB in 1s (13.5 MB/s)
handle_failure	Run /./.github/actions/install-gh-cli	2026-02-10T10:56:33.9407506Z Selecting previously unselected package gh.
handle_failure	Run /./.github/actions/install-gh-cli	2026-02-10T10:56:33.9611694Z (Reading database ... 
handle_failure	Run /./.github/actions/install-gh-cli	2026-02-10T10:56:33.9641715Z (Reading database ... 5%
handle_failure	Run /./.github/actions/install-gh-cli	2026-02-10T10:56:33.9643682Z (Reading database ... 10%
handle_failure	Run /./.github/actions/install-gh-cli	2026-02-10T10:56:33.9661742Z (Reading database ... 15%
handle_failure	Run /./.github/actions/install-gh-cli	2026-02-10T10:56:33.9663245Z (Reading database ... 20%
handle_failure	Run /./.github/actions/install-gh-cli	2026-02-10T10:56:33.9664133Z (Reading database ... 25%
handle_failure	Run /./.github/actions/install-gh-cli	2026-02-10T10:56:33.9704008Z (Reading database ... 30%
handle_failure	Run /./.github/actions/install-gh-cli	2026-02-10T10:56:33.9705303Z (Reading database ... 35%
handle_failure	Run /./.github/actions/install-gh-cli	2026-02-10T10:56:33.9724092Z (Reading database ... 40%
handle_failure	Run /./.github/actions/install-gh-cli	2026-02-10T10:56:33.9725591Z (Reading database ... 45%
handle_failure	Run /./.github/actions/install-gh-cli	2026-02-10T10:56:33.9854930Z (Reading database ... 50%
handle_failure	Run /./.github/actions/install-gh-cli	2026-02-10T10:56:33.9855257Z (Reading database ... 55%
handle_failure	Run /./.github/actions/install-gh-cli	2026-02-10T10:56:33.9855510Z (Reading database ... 60%
handle_failure	Run /./.github/actions/install-gh-cli	2026-02-10T10:56:34.0031796Z (Reading database ... 65%
handle_failure	Run /./.github/actions/install-gh-cli	2026-02-10T10:56:34.0191863Z (Reading database ... 70%
handle_failure	Run /./.github/actions/install-gh-cli	2026-02-10T10:56:34.0261852Z (Reading database ... 75%
handle_failure	Run /./.github/actions/install-gh-cli	2026-02-10T10:56:34.0559270Z (Reading database ... 80%
handle_failure	Run /./.github/actions/install-gh-cli	2026-02-10T10:56:34.0692467Z (Reading database ... 85%
handle_failure	Run /./.github/actions/install-gh-cli	2026-02-10T10:56:34.0868620Z (Reading database ... 90%
handle_failure	Run /./.github/actions/install-gh-cli	2026-02-10T10:56:34.1435011Z (Reading database ... 95%
handle_failure	Run /./.github/actions/install-gh-cli	2026-02-10T10:56:34.1435983Z (Reading database ... 100%
handle_failure	Run /./.github/actions/install-gh-cli	2026-02-10T10:56:34.1436757Z (Reading database ... 14385 files and directories currently installed.)
handle_failure	Run /./.github/actions/install-gh-cli	2026-02-10T10:56:34.1437930Z Preparing to unpack .../archives/gh_2.86.0_amd64.deb ...
handle_failure	Run /./.github/actions/install-gh-cli	2026-02-10T10:56:34.1940469Z Unpacking gh (2.86.0) ...
handle_failure	Run /./.github/actions/install-gh-cli	2026-02-10T10:56:35.7998147Z Setting up gh (2.86.0) ...
handle_failure	Notify Failure	ï»¿2026-02-10T10:56:36.2121144Z ##[group]Run gh issue create --title "[Ka0S] YAMLLINT Error in 21861784431" --label "bug" --body "Check logs: https://github.com/Ka0s-Klaus/ka0s/actions/runs/21861784431"
handle_failure	Notify Failure	2026-02-10T10:56:36.2122775Z [36;1mgh issue create --title "[Ka0S] YAMLLINT Error in 21861784431" --label "bug" --body "Check logs: https://github.com/Ka0s-Klaus/ka0s/actions/runs/21861784431"[0m
handle_failure	Notify Failure	2026-02-10T10:56:36.2123674Z [36;1mRNNUMBER=$(echo "refs/heads/H3266-deploy-zabbix" | grep -o '[0-9]*')[0m
handle_failure	Notify Failure	2026-02-10T10:56:36.2124341Z [36;1mgh issue comment $RNNUMBER --body "â El proceso de Compliance YAML ha fallado 21861784431."[0m
handle_failure	Notify Failure	2026-02-10T10:56:36.2137649Z shell: /usr/bin/bash -e {0}
handle_failure	Notify Failure	2026-02-10T10:56:36.2137937Z env:
handle_failure	Notify Failure	2026-02-10T10:56:36.2138137Z   KAOS_MODULE: [Ka0S] YAMLLINT
handle_failure	Notify Failure	2026-02-10T10:56:36.2138751Z   GH_TOKEN: ***
handle_failure	Notify Failure	2026-02-10T10:56:36.2139054Z   KAOS_YAMLLINT_CONFIG: core/config/kaos-yamllint-config.yaml
handle_failure	Notify Failure	2026-02-10T10:56:36.2139477Z   KAOS_PRETTIER_CONFIG: compliance/yaml/.prettierrc.json
handle_failure	Notify Failure	2026-02-10T10:56:36.2139819Z   KAOS_PATH_RESUME: audit/yamllint/
handle_failure	Notify Failure	2026-02-10T10:56:36.2140404Z   KAOS_REPO: /actions-runner/_work/kaos/kaos
handle_failure	Notify Failure	2026-02-10T10:56:36.2140723Z   KAOS_STEP_MODULE: 
handle_failure	Notify Failure	2026-02-10T10:56:36.2140948Z   KAOS_CODE: 21861784431
handle_failure	Notify Failure	2026-02-10T10:56:36.2141179Z   KAOS_REF_BRANCH: main
handle_failure	Notify Failure	2026-02-10T10:56:36.2141411Z ##[endgroup]
handle_failure	Notify Failure	2026-02-10T10:56:37.7501345Z https://github.com/Ka0s-Klaus/ka0s/issues/3434
handle_failure	Notify Failure	2026-02-10T10:56:38.9943499Z https://github.com/Ka0s-Klaus/ka0s/issues/3266#issuecomment-3876885560
handle_failure	Post Run actions/checkout@v4	ï»¿2026-02-10T10:56:39.1246010Z Post job cleanup.
handle_failure	Post Run actions/checkout@v4	2026-02-10T10:56:39.5715930Z [command]/usr/bin/git version
handle_failure	Post Run actions/checkout@v4	2026-02-10T10:56:39.5921815Z git version 2.52.0
handle_failure	Post Run actions/checkout@v4	2026-02-10T10:56:39.6109145Z Temporarily overriding HOME='/home/runner/_work/_temp/916c80af-8a7e-41de-a995-7bebeca58a7a' before making global git config changes
handle_failure	Post Run actions/checkout@v4	2026-02-10T10:56:39.6110031Z Adding repository directory to the temporary git global config as a safe directory
handle_failure	Post Run actions/checkout@v4	2026-02-10T10:56:39.6110904Z [command]/usr/bin/git config --global --add safe.directory /home/runner/_work/ka0s/ka0s
handle_failure	Post Run actions/checkout@v4	2026-02-10T10:56:39.6181683Z [command]/usr/bin/git config --local --name-only --get-regexp core\.sshCommand
handle_failure	Post Run actions/checkout@v4	2026-02-10T10:56:39.6362787Z [command]/usr/bin/git submodule foreach --recursive sh -c "git config --local --name-only --get-regexp 'core\.sshCommand' && git config --local --unset-all 'core.sshCommand' || :"
handle_failure	Post Run actions/checkout@v4	2026-02-10T10:56:39.7599815Z [command]/usr/bin/git config --local --name-only --get-regexp http\.https\:\/\/github\.com\/\.extraheader
handle_failure	Post Run actions/checkout@v4	2026-02-10T10:56:39.7702870Z http.https://github.com/.extraheader
handle_failure	Post Run actions/checkout@v4	2026-02-10T10:56:39.7751185Z [command]/usr/bin/git config --local --unset-all http.https://github.com/.extraheader
handle_failure	Post Run actions/checkout@v4	2026-02-10T10:56:39.7976277Z [command]/usr/bin/git submodule foreach --recursive sh -c "git config --local --name-only --get-regexp 'http\.https\:\/\/github\.com\/\.extraheader' && git config --local --unset-all 'http.https://github.com/.extraheader' || :"
handle_failure	Post Run actions/checkout@v4	2026-02-10T10:56:40.0151460Z [command]/usr/bin/git config --local --name-only --get-regexp ^includeIf\.gitdir:
handle_failure	Post Run actions/checkout@v4	2026-02-10T10:56:40.1051897Z [command]/usr/bin/git submodule foreach --recursive git config --local --show-origin --name-only --get-regexp remote.origin.url
handle_failure	Complete job	ï»¿2026-02-10T10:56:40.3349715Z Cleaning up orphan processes
end-workflow	Set up job	ï»¿2026-02-10T10:57:35.0330425Z Current runner version: '2.331.0'
end-workflow	Set up job	2026-02-10T10:57:35.0342213Z Runner name: 'swarm-runners-scaleset-hkss5-runner-czlrw'
end-workflow	Set up job	2026-02-10T10:57:35.0343266Z Runner group name: 'Default'
end-workflow	Set up job	2026-02-10T10:57:35.0344370Z Machine name: 'swarm-runners-scaleset-hkss5-runner-czlrw'
end-workflow	Set up job	2026-02-10T10:57:35.0347932Z ##[group]GITHUB_TOKEN Permissions
end-workflow	Set up job	2026-02-10T10:57:35.0350709Z Actions: write
end-workflow	Set up job	2026-02-10T10:57:35.0351298Z Contents: write
end-workflow	Set up job	2026-02-10T10:57:35.0351824Z Issues: write
end-workflow	Set up job	2026-02-10T10:57:35.0352328Z Metadata: read
end-workflow	Set up job	2026-02-10T10:57:35.0352864Z PullRequests: write
end-workflow	Set up job	2026-02-10T10:57:35.0353410Z ##[endgroup]
end-workflow	Set up job	2026-02-10T10:57:35.0355720Z Secret source: Actions
end-workflow	Set up job	2026-02-10T10:57:35.0356444Z Prepare workflow directory
end-workflow	Set up job	2026-02-10T10:57:35.1597905Z Prepare all required actions
end-workflow	Set up job	2026-02-10T10:57:35.1680847Z Getting action download info
end-workflow	Set up job	2026-02-10T10:57:37.4030769Z Download action repository 'actions/checkout@v4' (SHA:34e114876b0b11c390a56381ad16ebd13914f8d5)
end-workflow	Set up job	2026-02-10T10:57:41.3955704Z Complete job name: end-workflow
end-workflow	Run actions/checkout@v4	ï»¿2026-02-10T10:57:42.5756680Z ##[group]Run actions/checkout@v4
end-workflow	Run actions/checkout@v4	2026-02-10T10:57:42.5757967Z with:
end-workflow	Run actions/checkout@v4	2026-02-10T10:57:42.5758490Z   repository: Ka0s-Klaus/ka0s
end-workflow	Run actions/checkout@v4	2026-02-10T10:57:42.5759410Z   token: ***
end-workflow	Run actions/checkout@v4	2026-02-10T10:57:42.5759892Z   ssh-strict: true
end-workflow	Run actions/checkout@v4	2026-02-10T10:57:42.5760520Z   ssh-user: git
end-workflow	Run actions/checkout@v4	2026-02-10T10:57:42.5761030Z   persist-credentials: true
end-workflow	Run actions/checkout@v4	2026-02-10T10:57:42.5761597Z   clean: true
end-workflow	Run actions/checkout@v4	2026-02-10T10:57:42.5762113Z   sparse-checkout-cone-mode: true
end-workflow	Run actions/checkout@v4	2026-02-10T10:57:42.5762700Z   fetch-depth: 1
end-workflow	Run actions/checkout@v4	2026-02-10T10:57:42.5763183Z   fetch-tags: false
end-workflow	Run actions/checkout@v4	2026-02-10T10:57:42.5763692Z   show-progress: true
end-workflow	Run actions/checkout@v4	2026-02-10T10:57:42.5764212Z   lfs: false
end-workflow	Run actions/checkout@v4	2026-02-10T10:57:42.5764699Z   submodules: false
end-workflow	Run actions/checkout@v4	2026-02-10T10:57:42.5765238Z   set-safe-directory: true
end-workflow	Run actions/checkout@v4	2026-02-10T10:57:42.5766188Z env:
end-workflow	Run actions/checkout@v4	2026-02-10T10:57:42.5766684Z   KAOS_MODULE: [Ka0S] YAMLLINT
end-workflow	Run actions/checkout@v4	2026-02-10T10:57:42.5767478Z   GH_TOKEN: ***
end-workflow	Run actions/checkout@v4	2026-02-10T10:57:42.5768103Z   KAOS_YAMLLINT_CONFIG: core/config/kaos-yamllint-config.yaml
end-workflow	Run actions/checkout@v4	2026-02-10T10:57:42.5768954Z   KAOS_PRETTIER_CONFIG: compliance/yaml/.prettierrc.json
end-workflow	Run actions/checkout@v4	2026-02-10T10:57:42.5769814Z   KAOS_PATH_RESUME: audit/yamllint/
end-workflow	Run actions/checkout@v4	2026-02-10T10:57:42.5770596Z   KAOS_REPO: /actions-runner/_work/kaos/kaos
end-workflow	Run actions/checkout@v4	2026-02-10T10:57:42.5771240Z   KAOS_STEP_MODULE: 
end-workflow	Run actions/checkout@v4	2026-02-10T10:57:42.5771736Z   KAOS_CODE: 21861784431
end-workflow	Run actions/checkout@v4	2026-02-10T10:57:42.5772271Z   KAOS_REF_BRANCH: main
end-workflow	Run actions/checkout@v4	2026-02-10T10:57:42.5772786Z ##[endgroup]
end-workflow	Run actions/checkout@v4	2026-02-10T10:57:44.3019408Z Syncing repository: Ka0s-Klaus/ka0s
end-workflow	Run actions/checkout@v4	2026-02-10T10:57:44.3123676Z ##[group]Getting Git version info
end-workflow	Run actions/checkout@v4	2026-02-10T10:57:44.3124916Z Working directory is '/home/runner/_work/ka0s/ka0s'
end-workflow	Run actions/checkout@v4	2026-02-10T10:57:44.3126403Z [command]/usr/bin/git version
end-workflow	Run actions/checkout@v4	2026-02-10T10:57:44.3127303Z git version 2.52.0
end-workflow	Run actions/checkout@v4	2026-02-10T10:57:44.3883130Z ##[endgroup]
end-workflow	Run actions/checkout@v4	2026-02-10T10:57:44.4294654Z Temporarily overriding HOME='/home/runner/_work/_temp/f9a71357-e0a0-4e45-8c50-cc57ea6af9b2' before making global git config changes
end-workflow	Run actions/checkout@v4	2026-02-10T10:57:44.4576935Z Adding repository directory to the temporary git global config as a safe directory
end-workflow	Run actions/checkout@v4	2026-02-10T10:57:44.4586193Z [command]/usr/bin/git config --global --add safe.directory /home/runner/_work/ka0s/ka0s
end-workflow	Run actions/checkout@v4	2026-02-10T10:57:44.6832136Z Deleting the contents of '/home/runner/_work/ka0s/ka0s'
end-workflow	Run actions/checkout@v4	2026-02-10T10:57:44.6894553Z ##[group]Initializing the repository
end-workflow	Run actions/checkout@v4	2026-02-10T10:57:44.7003446Z [command]/usr/bin/git init /home/runner/_work/ka0s/ka0s
end-workflow	Run actions/checkout@v4	2026-02-10T10:57:45.0300300Z hint: Using 'master' as the name for the initial branch. This default branch name
end-workflow	Run actions/checkout@v4	2026-02-10T10:57:45.0323033Z hint: will change to "main" in Git 3.0. To configure the initial branch name
end-workflow	Run actions/checkout@v4	2026-02-10T10:57:45.0358600Z hint: to use in all of your new repositories, which will suppress this warning,
end-workflow	Run actions/checkout@v4	2026-02-10T10:57:45.0371483Z hint: call:
end-workflow	Run actions/checkout@v4	2026-02-10T10:57:45.0373006Z hint:
end-workflow	Run actions/checkout@v4	2026-02-10T10:57:45.0374084Z hint: 	git config --global init.defaultBranch <name>
end-workflow	Run actions/checkout@v4	2026-02-10T10:57:45.0375371Z hint:
end-workflow	Run actions/checkout@v4	2026-02-10T10:57:45.0376574Z hint: Names commonly chosen instead of 'master' are 'main', 'trunk' and
end-workflow	Run actions/checkout@v4	2026-02-10T10:57:45.0378597Z hint: 'development'. The just-created branch can be renamed via this command:
end-workflow	Run actions/checkout@v4	2026-02-10T10:57:45.0395282Z hint:
end-workflow	Run actions/checkout@v4	2026-02-10T10:57:45.0396305Z hint: 	git branch -m <name>
end-workflow	Run actions/checkout@v4	2026-02-10T10:57:45.0397335Z hint:
end-workflow	Run actions/checkout@v4	2026-02-10T10:57:45.0398684Z hint: Disable this message with "git config set advice.defaultBranchName false"
end-workflow	Run actions/checkout@v4	2026-02-10T10:57:45.0410747Z Initialized empty Git repository in /home/runner/_work/ka0s/ka0s/.git/
end-workflow	Run actions/checkout@v4	2026-02-10T10:57:45.1803836Z [command]/usr/bin/git remote add origin https://github.com/Ka0s-Klaus/ka0s
end-workflow	Run actions/checkout@v4	2026-02-10T10:57:45.3055215Z ##[endgroup]
end-workflow	Run actions/checkout@v4	2026-02-10T10:57:45.3144794Z ##[group]Disabling automatic garbage collection
end-workflow	Run actions/checkout@v4	2026-02-10T10:57:45.3222351Z [command]/usr/bin/git config --local gc.auto 0
end-workflow	Run actions/checkout@v4	2026-02-10T10:57:45.4932386Z ##[endgroup]
end-workflow	Run actions/checkout@v4	2026-02-10T10:57:45.4965447Z ##[group]Setting up auth
end-workflow	Run actions/checkout@v4	2026-02-10T10:57:45.5225265Z [command]/usr/bin/git config --local --name-only --get-regexp core\.sshCommand
end-workflow	Run actions/checkout@v4	2026-02-10T10:57:45.6738814Z [command]/usr/bin/git submodule foreach --recursive sh -c "git config --local --name-only --get-regexp 'core\.sshCommand' && git config --local --unset-all 'core.sshCommand' || :"
end-workflow	Run actions/checkout@v4	2026-02-10T10:57:46.2732921Z [command]/usr/bin/git config --local --name-only --get-regexp http\.https\:\/\/github\.com\/\.extraheader
end-workflow	Run actions/checkout@v4	2026-02-10T10:57:46.3010906Z [command]/usr/bin/git submodule foreach --recursive sh -c "git config --local --name-only --get-regexp 'http\.https\:\/\/github\.com\/\.extraheader' && git config --local --unset-all 'http.https://github.com/.extraheader' || :"
end-workflow	Run actions/checkout@v4	2026-02-10T10:57:46.4840359Z [command]/usr/bin/git config --local --name-only --get-regexp ^includeIf\.gitdir:
end-workflow	Run actions/checkout@v4	2026-02-10T10:57:46.4933506Z [command]/usr/bin/git submodule foreach --recursive git config --local --show-origin --name-only --get-regexp remote.origin.url
end-workflow	Run actions/checkout@v4	2026-02-10T10:57:46.5604007Z [command]/usr/bin/git config --local http.https://github.com/.extraheader AUTHORIZATION: basic ***
end-workflow	Run actions/checkout@v4	2026-02-10T10:57:46.7039986Z ##[endgroup]
end-workflow	Run actions/checkout@v4	2026-02-10T10:57:46.7063772Z ##[group]Fetching the repository
end-workflow	Run actions/checkout@v4	2026-02-10T10:57:46.7300837Z [command]/usr/bin/git -c protocol.version=2 fetch --no-tags --prune --no-recurse-submodules --depth=1 origin +9785583395806f6f852214ec031416f264a5097d:refs/remotes/origin/H3266-deploy-zabbix
end-workflow	Run actions/checkout@v4	2026-02-10T10:58:05.0512666Z From https://github.com/Ka0s-Klaus/ka0s
end-workflow	Run actions/checkout@v4	2026-02-10T10:58:05.0513730Z  * [new ref]         9785583395806f6f852214ec031416f264a5097d -> origin/H3266-deploy-zabbix
end-workflow	Run actions/checkout@v4	2026-02-10T10:58:05.0745971Z ##[endgroup]
end-workflow	Run actions/checkout@v4	2026-02-10T10:58:05.0747869Z ##[group]Determining the checkout info
end-workflow	Run actions/checkout@v4	2026-02-10T10:58:05.0748490Z ##[endgroup]
end-workflow	Run actions/checkout@v4	2026-02-10T10:58:05.0758035Z [command]/usr/bin/git sparse-checkout disable
end-workflow	Run actions/checkout@v4	2026-02-10T10:58:05.3322443Z [command]/usr/bin/git config --local --unset-all extensions.worktreeConfig
end-workflow	Run actions/checkout@v4	2026-02-10T10:58:05.3838275Z ##[group]Checking out the ref
end-workflow	Run actions/checkout@v4	2026-02-10T10:58:05.4010530Z [command]/usr/bin/git checkout --progress --force -B H3266-deploy-zabbix refs/remotes/origin/H3266-deploy-zabbix
end-workflow	Run actions/checkout@v4	2026-02-10T10:58:06.7213463Z Updating files:  19% (190/955)
end-workflow	Run actions/checkout@v4	2026-02-10T10:58:06.7283703Z Updating files:  20% (191/955)
end-workflow	Run actions/checkout@v4	2026-02-10T10:58:06.7344695Z Updating files:  21% (201/955)
end-workflow	Run actions/checkout@v4	2026-02-10T10:58:06.7519333Z Updating files:  22% (211/955)
end-workflow	Run actions/checkout@v4	2026-02-10T10:58:06.7564887Z Updating files:  23% (220/955)
end-workflow	Run actions/checkout@v4	2026-02-10T10:58:06.8961988Z Updating files:  24% (230/955)
end-workflow	Run actions/checkout@v4	2026-02-10T10:58:06.9269965Z Updating files:  25% (239/955)
end-workflow	Run actions/checkout@v4	2026-02-10T10:58:07.2069396Z Updating files:  26% (249/955)
end-workflow	Run actions/checkout@v4	2026-02-10T10:58:07.2092635Z Updating files:  27% (258/955)
end-workflow	Run actions/checkout@v4	2026-02-10T10:58:07.2093411Z Updating files:  28% (268/955)
end-workflow	Run actions/checkout@v4	2026-02-10T10:58:07.2093934Z Updating files:  29% (277/955)
end-workflow	Run actions/checkout@v4	2026-02-10T10:58:07.2094548Z Updating files:  30% (287/955)
end-workflow	Run actions/checkout@v4	2026-02-10T10:58:07.2197462Z Updating files:  31% (297/955)
end-workflow	Run actions/checkout@v4	2026-02-10T10:58:07.2270868Z Updating files:  32% (306/955)
end-workflow	Run actions/checkout@v4	2026-02-10T10:58:07.2447945Z Updating files:  33% (316/955)
end-workflow	Run actions/checkout@v4	2026-02-10T10:58:07.2458281Z Updating files:  34% (325/955)
end-workflow	Run actions/checkout@v4	2026-02-10T10:58:07.2458898Z Updating files:  35% (335/955)
end-workflow	Run actions/checkout@v4	2026-02-10T10:58:07.2459315Z Updating files:  36% (344/955)
end-workflow	Run actions/checkout@v4	2026-02-10T10:58:07.2565471Z Updating files:  37% (354/955)
end-workflow	Run actions/checkout@v4	2026-02-10T10:58:07.2574379Z Updating files:  38% (363/955)
end-workflow	Run actions/checkout@v4	2026-02-10T10:58:07.4372528Z Updating files:  39% (373/955)
end-workflow	Run actions/checkout@v4	2026-02-10T10:58:08.0815370Z Updating files:  39% (378/955)
end-workflow	Run actions/checkout@v4	2026-02-10T10:58:08.2793211Z Updating files:  40% (382/955)
end-workflow	Run actions/checkout@v4	2026-02-10T10:58:08.3384712Z Updating files:  41% (392/955)
end-workflow	Run actions/checkout@v4	2026-02-10T10:58:08.3842319Z Updating files:  42% (402/955)
end-workflow	Run actions/checkout@v4	2026-02-10T10:58:08.4764574Z Updating files:  43% (411/955)
end-workflow	Run actions/checkout@v4	2026-02-10T10:58:08.4776535Z Updating files:  44% (421/955)
end-workflow	Run actions/checkout@v4	2026-02-10T10:58:08.4964320Z Updating files:  45% (430/955)
end-workflow	Run actions/checkout@v4	2026-02-10T10:58:08.5112133Z Updating files:  46% (440/955)
end-workflow	Run actions/checkout@v4	2026-02-10T10:58:08.5838587Z Updating files:  47% (449/955)
end-workflow	Run actions/checkout@v4	2026-02-10T10:58:08.6112380Z Updating files:  48% (459/955)
end-workflow	Run actions/checkout@v4	2026-02-10T10:58:09.1143769Z Updating files:  49% (468/955)
end-workflow	Run actions/checkout@v4	2026-02-10T10:58:09.1303216Z Updating files:  50% (478/955)
end-workflow	Run actions/checkout@v4	2026-02-10T10:58:09.3043800Z Updating files:  51% (488/955)
end-workflow	Run actions/checkout@v4	2026-02-10T10:58:09.3281558Z Updating files:  52% (497/955)
end-workflow	Run actions/checkout@v4	2026-02-10T10:58:09.3441331Z Updating files:  53% (507/955)
end-workflow	Run actions/checkout@v4	2026-02-10T10:58:09.3605636Z Updating files:  54% (516/955)
end-workflow	Run actions/checkout@v4	2026-02-10T10:58:09.3667339Z Updating files:  55% (526/955)
end-workflow	Run actions/checkout@v4	2026-02-10T10:58:09.3742806Z Updating files:  56% (535/955)
end-workflow	Run actions/checkout@v4	2026-02-10T10:58:09.4074271Z Updating files:  57% (545/955)
end-workflow	Run actions/checkout@v4	2026-02-10T10:58:09.4075332Z Updating files:  58% (554/955)
end-workflow	Run actions/checkout@v4	2026-02-10T10:58:09.4085255Z Updating files:  59% (564/955)
end-workflow	Run actions/checkout@v4	2026-02-10T10:58:09.5273738Z Updating files:  60% (573/955)
end-workflow	Run actions/checkout@v4	2026-02-10T10:58:09.5480567Z Updating files:  60% (579/955)
end-workflow	Run actions/checkout@v4	2026-02-10T10:58:09.5803671Z Updating files:  61% (583/955)
end-workflow	Run actions/checkout@v4	2026-02-10T10:58:09.5888567Z Updating files:  62% (593/955)
end-workflow	Run actions/checkout@v4	2026-02-10T10:58:10.2644933Z Updating files:  63% (602/955)
end-workflow	Run actions/checkout@v4	2026-02-10T10:58:10.2789130Z Updating files:  64% (612/955)
end-workflow	Run actions/checkout@v4	2026-02-10T10:58:10.2790795Z Updating files:  65% (621/955)
end-workflow	Run actions/checkout@v4	2026-02-10T10:58:10.2791069Z Updating files:  66% (631/955)
end-workflow	Run actions/checkout@v4	2026-02-10T10:58:10.2791318Z Updating files:  67% (640/955)
end-workflow	Run actions/checkout@v4	2026-02-10T10:58:10.2791574Z Updating files:  68% (650/955)
end-workflow	Run actions/checkout@v4	2026-02-10T10:58:10.2791823Z Updating files:  69% (659/955)
end-workflow	Run actions/checkout@v4	2026-02-10T10:58:10.2792090Z Updating files:  70% (669/955)
end-workflow	Run actions/checkout@v4	2026-02-10T10:58:10.2792380Z Updating files:  71% (679/955)
end-workflow	Run actions/checkout@v4	2026-02-10T10:58:10.2967088Z Updating files:  72% (688/955)
end-workflow	Run actions/checkout@v4	2026-02-10T10:58:10.2967442Z Updating files:  73% (698/955)
end-workflow	Run actions/checkout@v4	2026-02-10T10:58:10.2967703Z Updating files:  74% (707/955)
end-workflow	Run actions/checkout@v4	2026-02-10T10:58:10.5478866Z Updating files:  75% (717/955)
end-workflow	Run actions/checkout@v4	2026-02-10T10:58:10.6855472Z Updating files:  75% (722/955)
end-workflow	Run actions/checkout@v4	2026-02-10T10:58:11.3131481Z Updating files:  76% (726/955)
end-workflow	Run actions/checkout@v4	2026-02-10T10:58:11.4542596Z Updating files:  77% (736/955)
end-workflow	Run actions/checkout@v4	2026-02-10T10:58:11.6166347Z Updating files:  77% (742/955)
end-workflow	Run actions/checkout@v4	2026-02-10T10:58:12.1813544Z Updating files:  78% (745/955)
end-workflow	Run actions/checkout@v4	2026-02-10T10:58:12.6901199Z Updating files:  79% (755/955)
end-workflow	Run actions/checkout@v4	2026-02-10T10:58:13.3748548Z Updating files:  79% (761/955)
end-workflow	Run actions/checkout@v4	2026-02-10T10:58:13.4956955Z Updating files:  80% (764/955)
end-workflow	Run actions/checkout@v4	2026-02-10T10:58:14.1171361Z Updating files:  80% (766/955)
end-workflow	Run actions/checkout@v4	2026-02-10T10:58:14.4551504Z Updating files:  81% (774/955)
end-workflow	Run actions/checkout@v4	2026-02-10T10:58:14.5479848Z Updating files:  81% (781/955)
end-workflow	Run actions/checkout@v4	2026-02-10T10:58:15.2981858Z Updating files:  82% (784/955)
end-workflow	Run actions/checkout@v4	2026-02-10T10:58:15.5852218Z Updating files:  83% (793/955)
end-workflow	Run actions/checkout@v4	2026-02-10T10:58:16.0553163Z Updating files:  83% (794/955)
end-workflow	Run actions/checkout@v4	2026-02-10T10:58:16.1441472Z Updating files:  84% (803/955)
end-workflow	Run actions/checkout@v4	2026-02-10T10:58:16.2434051Z Updating files:  85% (812/955)
end-workflow	Run actions/checkout@v4	2026-02-10T10:58:16.4787780Z Updating files:  86% (822/955)
end-workflow	Run actions/checkout@v4	2026-02-10T10:58:17.4831306Z Updating files:  86% (824/955)
end-workflow	Run actions/checkout@v4	2026-02-10T10:58:17.4838113Z Updating files:  86% (830/955)
end-workflow	Run actions/checkout@v4	2026-02-10T10:58:17.4971686Z Updating files:  87% (831/955)
end-workflow	Run actions/checkout@v4	2026-02-10T10:58:17.4977256Z Updating files:  88% (841/955)
end-workflow	Run actions/checkout@v4	2026-02-10T10:58:17.5276989Z Updating files:  89% (850/955)
end-workflow	Run actions/checkout@v4	2026-02-10T10:58:17.5441342Z Updating files:  90% (860/955)
end-workflow	Run actions/checkout@v4	2026-02-10T10:58:17.6880448Z Updating files:  91% (870/955)
end-workflow	Run actions/checkout@v4	2026-02-10T10:58:17.8014396Z Updating files:  92% (879/955)
end-workflow	Run actions/checkout@v4	2026-02-10T10:58:17.8040677Z Updating files:  93% (889/955)
end-workflow	Run actions/checkout@v4	2026-02-10T10:58:17.8066600Z Updating files:  94% (898/955)
end-workflow	Run actions/checkout@v4	2026-02-10T10:58:17.8066949Z Updating files:  95% (908/955)
end-workflow	Run actions/checkout@v4	2026-02-10T10:58:17.8397501Z Updating files:  96% (917/955)
end-workflow	Run actions/checkout@v4	2026-02-10T10:58:17.8534549Z Updating files:  97% (927/955)
end-workflow	Run actions/checkout@v4	2026-02-10T10:58:17.8535822Z Updating files:  98% (936/955)
end-workflow	Run actions/checkout@v4	2026-02-10T10:58:17.8537348Z Updating files:  99% (946/955)
end-workflow	Run actions/checkout@v4	2026-02-10T10:58:17.8537993Z Updating files: 100% (955/955)
end-workflow	Run actions/checkout@v4	2026-02-10T10:58:17.8538491Z Updating files: 100% (955/955), done.
end-workflow	Run actions/checkout@v4	2026-02-10T10:58:18.4730561Z Switched to a new branch 'H3266-deploy-zabbix'
end-workflow	Run actions/checkout@v4	2026-02-10T10:58:18.4785009Z branch 'H3266-deploy-zabbix' set up to track 'origin/H3266-deploy-zabbix'.
end-workflow	Run actions/checkout@v4	2026-02-10T10:58:18.5507174Z ##[endgroup]
end-workflow	Run actions/checkout@v4	2026-02-10T10:58:18.5610496Z [command]/usr/bin/git log -1 --format=%H
end-workflow	Run actions/checkout@v4	2026-02-10T10:58:18.5698538Z 9785583395806f6f852214ec031416f264a5097d
end-workflow	Run /./.github/actions/install-gh-cli	ï»¿2026-02-10T10:58:19.4349292Z Prepare all required actions
end-workflow	Run /./.github/actions/install-gh-cli	2026-02-10T10:58:19.4690450Z ##[group]Run ./.github/actions/install-gh-cli
end-workflow	Run /./.github/actions/install-gh-cli	2026-02-10T10:58:19.4690813Z env:
end-workflow	Run /./.github/actions/install-gh-cli	2026-02-10T10:58:19.4691028Z   KAOS_MODULE: [Ka0S] YAMLLINT
end-workflow	Run /./.github/actions/install-gh-cli	2026-02-10T10:58:19.4691925Z   GH_TOKEN: ***
end-workflow	Run /./.github/actions/install-gh-cli	2026-02-10T10:58:19.4692246Z   KAOS_YAMLLINT_CONFIG: core/config/kaos-yamllint-config.yaml
end-workflow	Run /./.github/actions/install-gh-cli	2026-02-10T10:58:19.4692719Z   KAOS_PRETTIER_CONFIG: compliance/yaml/.prettierrc.json
end-workflow	Run /./.github/actions/install-gh-cli	2026-02-10T10:58:19.4693078Z   KAOS_PATH_RESUME: audit/yamllint/
end-workflow	Run /./.github/actions/install-gh-cli	2026-02-10T10:58:19.4693390Z   KAOS_REPO: /actions-runner/_work/kaos/kaos
end-workflow	Run /./.github/actions/install-gh-cli	2026-02-10T10:58:19.4693690Z   KAOS_STEP_MODULE: 
end-workflow	Run /./.github/actions/install-gh-cli	2026-02-10T10:58:19.4693903Z   KAOS_CODE: 21861784431
end-workflow	Run /./.github/actions/install-gh-cli	2026-02-10T10:58:19.4694137Z   KAOS_REF_BRANCH: main
end-workflow	Run /./.github/actions/install-gh-cli	2026-02-10T10:58:19.4694363Z ##[endgroup]
end-workflow	Run /./.github/actions/install-gh-cli	2026-02-10T10:58:19.6605659Z ##[group]Run type -p curl >/dev/null || (sudo apt-get update && sudo apt-get install curl -y)
end-workflow	Run /./.github/actions/install-gh-cli	2026-02-10T10:58:19.6606442Z [36;1mtype -p curl >/dev/null || (sudo apt-get update && sudo apt-get install curl -y)[0m
end-workflow	Run /./.github/actions/install-gh-cli	2026-02-10T10:58:19.6607436Z [36;1mcurl -fsSL https://cli.github.com/packages/githubcli-archive-keyring.gpg | sudo dd of=/usr/share/keyrings/githubcli-archive-keyring.gpg \[0m
end-workflow	Run /./.github/actions/install-gh-cli	2026-02-10T10:58:19.6608305Z [36;1m&& sudo chmod go+r /usr/share/keyrings/githubcli-archive-keyring.gpg \[0m
end-workflow	Run /./.github/actions/install-gh-cli	2026-02-10T10:58:19.6609479Z [36;1m&& echo "deb [arch=$(dpkg --print-architecture) signed-by=/usr/share/keyrings/githubcli-archive-keyring.gpg] https://cli.github.com/packages stable main" | sudo tee /etc/apt/sources.list.d/github-cli.list > /dev/null \[0m
end-workflow	Run /./.github/actions/install-gh-cli	2026-02-10T10:58:19.6631266Z [36;1m&& sudo apt-get update \[0m
end-workflow	Run /./.github/actions/install-gh-cli	2026-02-10T10:58:19.6631652Z [36;1m&& sudo apt-get install gh -y[0m
end-workflow	Run /./.github/actions/install-gh-cli	2026-02-10T10:58:19.6907853Z shell: /usr/bin/bash --noprofile --norc -e -o pipefail {0}
end-workflow	Run /./.github/actions/install-gh-cli	2026-02-10T10:58:19.6908300Z env:
end-workflow	Run /./.github/actions/install-gh-cli	2026-02-10T10:58:19.6908510Z   KAOS_MODULE: [Ka0S] YAMLLINT
end-workflow	Run /./.github/actions/install-gh-cli	2026-02-10T10:58:19.6909030Z   GH_TOKEN: ***
end-workflow	Run /./.github/actions/install-gh-cli	2026-02-10T10:58:19.6909327Z   KAOS_YAMLLINT_CONFIG: core/config/kaos-yamllint-config.yaml
end-workflow	Run /./.github/actions/install-gh-cli	2026-02-10T10:58:19.6909769Z   KAOS_PRETTIER_CONFIG: compliance/yaml/.prettierrc.json
end-workflow	Run /./.github/actions/install-gh-cli	2026-02-10T10:58:19.6980811Z   KAOS_PATH_RESUME: audit/yamllint/
end-workflow	Run /./.github/actions/install-gh-cli	2026-02-10T10:58:19.6981290Z   KAOS_REPO: /actions-runner/_work/kaos/kaos
end-workflow	Run /./.github/actions/install-gh-cli	2026-02-10T10:58:19.6981594Z   KAOS_STEP_MODULE: 
end-workflow	Run /./.github/actions/install-gh-cli	2026-02-10T10:58:19.6981818Z   KAOS_CODE: 21861784431
end-workflow	Run /./.github/actions/install-gh-cli	2026-02-10T10:58:19.6982088Z   KAOS_REF_BRANCH: main
end-workflow	Run /./.github/actions/install-gh-cli	2026-02-10T10:58:19.7012232Z ##[endgroup]
end-workflow	Run /./.github/actions/install-gh-cli	2026-02-10T10:58:28.1753222Z 4+1 records in
end-workflow	Run /./.github/actions/install-gh-cli	2026-02-10T10:58:28.1773776Z 4+1 records out
end-workflow	Run /./.github/actions/install-gh-cli	2026-02-10T10:58:28.1801226Z 2270 bytes (2.3 kB, 2.2 KiB) copied, 8.3257e-05 s, 27.3 MB/s
end-workflow	Run /./.github/actions/install-gh-cli	2026-02-10T10:58:37.8879375Z Get:1 http://archive.ubuntu.com/ubuntu noble InRelease [256 kB]
end-workflow	Run /./.github/actions/install-gh-cli	2026-02-10T10:58:37.9514255Z Get:2 http://security.ubuntu.com/ubuntu noble-security InRelease [126 kB]
end-workflow	Run /./.github/actions/install-gh-cli	2026-02-10T10:58:38.2371475Z Get:3 https://cli.github.com/packages stable InRelease [3917 B]
end-workflow	Run /./.github/actions/install-gh-cli	2026-02-10T10:58:38.2373035Z Get:4 http://archive.ubuntu.com/ubuntu noble-updates InRelease [126 kB]
end-workflow	Run /./.github/actions/install-gh-cli	2026-02-10T10:58:38.2974351Z Get:5 http://archive.ubuntu.com/ubuntu noble-backports InRelease [126 kB]
end-workflow	Run /./.github/actions/install-gh-cli	2026-02-10T10:58:38.3015714Z Get:6 https://ppa.launchpadcontent.net/git-core/ppa/ubuntu noble InRelease [24.3 kB]
end-workflow	Run /./.github/actions/install-gh-cli	2026-02-10T10:58:39.1649234Z Get:7 http://security.ubuntu.com/ubuntu noble-security/universe amd64 Packages [1199 kB]
end-workflow	Run /./.github/actions/install-gh-cli	2026-02-10T10:58:40.0733487Z Get:8 http://security.ubuntu.com/ubuntu noble-security/main amd64 Packages [1822 kB]
end-workflow	Run /./.github/actions/install-gh-cli	2026-02-10T10:58:40.3604865Z Get:9 https://cli.github.com/packages stable/main amd64 Packages [356 B]
end-workflow	Run /./.github/actions/install-gh-cli	2026-02-10T10:58:40.3608169Z Get:10 http://security.ubuntu.com/ubuntu noble-security/restricted amd64 Packages [3106 kB]
end-workflow	Run /./.github/actions/install-gh-cli	2026-02-10T10:58:40.9426910Z Get:11 http://security.ubuntu.com/ubuntu noble-security/multiverse amd64 Packages [34.8 kB]
end-workflow	Run /./.github/actions/install-gh-cli	2026-02-10T10:58:41.4716061Z Get:12 http://archive.ubuntu.com/ubuntu noble/restricted amd64 Packages [117 kB]
end-workflow	Run /./.github/actions/install-gh-cli	2026-02-10T10:58:41.6323731Z Get:13 http://archive.ubuntu.com/ubuntu noble/main amd64 Packages [1808 kB]
end-workflow	Run /./.github/actions/install-gh-cli	2026-02-10T10:58:42.2211621Z Get:14 http://archive.ubuntu.com/ubuntu noble/multiverse amd64 Packages [331 kB]
end-workflow	Run /./.github/actions/install-gh-cli	2026-02-10T10:58:42.4126730Z Get:15 http://archive.ubuntu.com/ubuntu noble/universe amd64 Packages [19.3 MB]
end-workflow	Run /./.github/actions/install-gh-cli	2026-02-10T10:58:44.2336698Z Get:16 http://archive.ubuntu.com/ubuntu noble-updates/multiverse amd64 Packages [38.1 kB]
end-workflow	Run /./.github/actions/install-gh-cli	2026-02-10T10:58:44.3539057Z Get:17 https://ppa.launchpadcontent.net/git-core/ppa/ubuntu noble/main amd64 Packages [2994 B]
end-workflow	Run /./.github/actions/install-gh-cli	2026-02-10T10:58:44.5177492Z Get:18 http://archive.ubuntu.com/ubuntu noble-updates/main amd64 Packages [2201 kB]
end-workflow	Run /./.github/actions/install-gh-cli	2026-02-10T10:58:45.5015389Z Get:19 http://archive.ubuntu.com/ubuntu noble-updates/restricted amd64 Packages [3287 kB]
end-workflow	Run /./.github/actions/install-gh-cli	2026-02-10T10:58:46.0455049Z Get:20 http://archive.ubuntu.com/ubuntu noble-updates/universe amd64 Packages [1978 kB]
end-workflow	Run /./.github/actions/install-gh-cli	2026-02-10T10:58:46.3112897Z Get:21 http://archive.ubuntu.com/ubuntu noble-backports/universe amd64 Packages [34.6 kB]
end-workflow	Run /./.github/actions/install-gh-cli	2026-02-10T10:58:46.4174455Z Get:22 http://archive.ubuntu.com/ubuntu noble-backports/main amd64 Packages [49.5 kB]
end-workflow	Run /./.github/actions/install-gh-cli	2026-02-10T10:58:51.4991871Z Fetched 36.0 MB in 14s (2608 kB/s)
end-workflow	Run /./.github/actions/install-gh-cli	2026-02-10T10:58:58.4155637Z Reading package lists...
end-workflow	Run /./.github/actions/install-gh-cli	2026-02-10T10:59:05.4605359Z Reading package lists...
end-workflow	Run /./.github/actions/install-gh-cli	2026-02-10T10:59:07.9528514Z Building dependency tree...
end-workflow	Run /./.github/actions/install-gh-cli	2026-02-10T10:59:07.9529356Z Reading state information...
end-workflow	Run /./.github/actions/install-gh-cli	2026-02-10T10:59:11.1325960Z The following NEW packages will be installed:
end-workflow	Run /./.github/actions/install-gh-cli	2026-02-10T10:59:11.1373329Z   gh
end-workflow	Run /./.github/actions/install-gh-cli	2026-02-10T10:59:11.3165160Z 0 upgraded, 1 newly installed, 0 to remove and 18 not upgraded.
end-workflow	Run /./.github/actions/install-gh-cli	2026-02-10T10:59:11.3168327Z Need to get 13.7 MB of archives.
end-workflow	Run /./.github/actions/install-gh-cli	2026-02-10T10:59:11.3169042Z After this operation, 37.9 MB of additional disk space will be used.
end-workflow	Run /./.github/actions/install-gh-cli	2026-02-10T10:59:11.3169791Z Get:1 https://cli.github.com/packages stable/main amd64 gh amd64 2.86.0 [13.7 MB]
end-workflow	Run /./.github/actions/install-gh-cli	2026-02-10T10:59:13.4002104Z debconf: delaying package configuration, since apt-utils is not installed
end-workflow	Run /./.github/actions/install-gh-cli	2026-02-10T10:59:13.9573839Z Fetched 13.7 MB in 1s (18.0 MB/s)
end-workflow	Run /./.github/actions/install-gh-cli	2026-02-10T10:59:14.1768887Z Selecting previously unselected package gh.
end-workflow	Run /./.github/actions/install-gh-cli	2026-02-10T10:59:14.2087251Z (Reading database ... 
end-workflow	Run /./.github/actions/install-gh-cli	2026-02-10T10:59:14.2089761Z (Reading database ... 5%
end-workflow	Run /./.github/actions/install-gh-cli	2026-02-10T10:59:14.2091632Z (Reading database ... 10%
end-workflow	Run /./.github/actions/install-gh-cli	2026-02-10T10:59:14.2097202Z (Reading database ... 15%
end-workflow	Run /./.github/actions/install-gh-cli	2026-02-10T10:59:14.2098715Z (Reading database ... 20%
end-workflow	Run /./.github/actions/install-gh-cli	2026-02-10T10:59:14.2221698Z (Reading database ... 25%
end-workflow	Run /./.github/actions/install-gh-cli	2026-02-10T10:59:14.2222444Z (Reading database ... 30%
end-workflow	Run /./.github/actions/install-gh-cli	2026-02-10T10:59:14.2222835Z (Reading database ... 35%
end-workflow	Run /./.github/actions/install-gh-cli	2026-02-10T10:59:14.2223245Z (Reading database ... 40%
end-workflow	Run /./.github/actions/install-gh-cli	2026-02-10T10:59:14.2223626Z (Reading database ... 45%
end-workflow	Run /./.github/actions/install-gh-cli	2026-02-10T10:59:14.2224003Z (Reading database ... 50%
end-workflow	Run /./.github/actions/install-gh-cli	2026-02-10T10:59:14.2225148Z (Reading database ... 55%
end-workflow	Run /./.github/actions/install-gh-cli	2026-02-10T10:59:14.2234951Z (Reading database ... 60%
end-workflow	Run /./.github/actions/install-gh-cli	2026-02-10T10:59:14.2246008Z (Reading database ... 65%
end-workflow	Run /./.github/actions/install-gh-cli	2026-02-10T10:59:14.2534524Z (Reading database ... 70%
end-workflow	Run /./.github/actions/install-gh-cli	2026-02-10T10:59:14.2571805Z (Reading database ... 75%
end-workflow	Run /./.github/actions/install-gh-cli	2026-02-10T10:59:14.2640593Z (Reading database ... 80%
end-workflow	Run /./.github/actions/install-gh-cli	2026-02-10T10:59:14.2655842Z (Reading database ... 85%
end-workflow	Run /./.github/actions/install-gh-cli	2026-02-10T10:59:14.2707750Z (Reading database ... 90%
end-workflow	Run /./.github/actions/install-gh-cli	2026-02-10T10:59:14.2783697Z (Reading database ... 95%
end-workflow	Run /./.github/actions/install-gh-cli	2026-02-10T10:59:14.2836796Z (Reading database ... 100%
end-workflow	Run /./.github/actions/install-gh-cli	2026-02-10T10:59:14.2837544Z (Reading database ... 14385 files and directories currently installed.)
end-workflow	Run /./.github/actions/install-gh-cli	2026-02-10T10:59:14.2863691Z Preparing to unpack .../archives/gh_2.86.0_amd64.deb ...
end-workflow	Run /./.github/actions/install-gh-cli	2026-02-10T10:59:14.3751158Z Unpacking gh (2.86.0) ...
end-workflow	Run /./.github/actions/install-gh-cli	2026-02-10T10:59:17.9934468Z Setting up gh (2.86.0) ...
end-workflow	End Workflow	ï»¿2026-02-10T10:59:18.6682993Z ##[group]Run RNNUMBER=$(echo "refs/heads/H3266-deploy-zabbix" | grep -o '[0-9]*')
end-workflow	End Workflow	2026-02-10T10:59:18.6684005Z [36;1mRNNUMBER=$(echo "refs/heads/H3266-deploy-zabbix" | grep -o '[0-9]*')[0m
end-workflow	End Workflow	2026-02-10T10:59:18.6684793Z [36;1mgh workflow run inspector.yml --ref 'main' -f kaos-issue-id=$RNNUMBER -f kaos-workflow-id="21861784431" -f kaos-user-start=""[0m
end-workflow	End Workflow	2026-02-10T10:59:18.6762320Z shell: /usr/bin/bash -e {0}
end-workflow	End Workflow	2026-02-10T10:59:18.6762660Z env:
end-workflow	End Workflow	2026-02-10T10:59:18.6762881Z   KAOS_MODULE: [Ka0S] YAMLLINT
end-workflow	End Workflow	2026-02-10T10:59:18.6763471Z   GH_TOKEN: ***
end-workflow	End Workflow	2026-02-10T10:59:18.6763774Z   KAOS_YAMLLINT_CONFIG: core/config/kaos-yamllint-config.yaml
end-workflow	End Workflow	2026-02-10T10:59:18.6764232Z   KAOS_PRETTIER_CONFIG: compliance/yaml/.prettierrc.json
end-workflow	End Workflow	2026-02-10T10:59:18.6764592Z   KAOS_PATH_RESUME: audit/yamllint/
end-workflow	End Workflow	2026-02-10T10:59:18.6764909Z   KAOS_REPO: /actions-runner/_work/kaos/kaos
end-workflow	End Workflow	2026-02-10T10:59:18.6765224Z   KAOS_STEP_MODULE: 
end-workflow	End Workflow	2026-02-10T10:59:18.6765448Z   KAOS_CODE: 21861784431
end-workflow	End Workflow	2026-02-10T10:59:18.6765710Z   KAOS_REF_BRANCH: main
end-workflow	End Workflow	2026-02-10T10:59:18.6779242Z ##[endgroup]
end-workflow	Post Run actions/checkout@v4	ï»¿2026-02-10T10:59:21.7076555Z Post job cleanup.
end-workflow	Post Run actions/checkout@v4	2026-02-10T10:59:23.3332784Z [command]/usr/bin/git version
end-workflow	Post Run actions/checkout@v4	2026-02-10T10:59:23.3687755Z git version 2.52.0
end-workflow	Post Run actions/checkout@v4	2026-02-10T10:59:23.5103165Z Temporarily overriding HOME='/home/runner/_work/_temp/9b103ff6-6963-4b1d-b4da-652868d1bd18' before making global git config changes
end-workflow	Post Run actions/checkout@v4	2026-02-10T10:59:23.5106417Z Adding repository directory to the temporary git global config as a safe directory
end-workflow	Post Run actions/checkout@v4	2026-02-10T10:59:23.5107077Z [command]/usr/bin/git config --global --add safe.directory /home/runner/_work/ka0s/ka0s
end-workflow	Post Run actions/checkout@v4	2026-02-10T10:59:23.5827492Z [command]/usr/bin/git config --local --name-only --get-regexp core\.sshCommand
end-workflow	Post Run actions/checkout@v4	2026-02-10T10:59:23.7661344Z [command]/usr/bin/git submodule foreach --recursive sh -c "git config --local --name-only --get-regexp 'core\.sshCommand' && git config --local --unset-all 'core.sshCommand' || :"
end-workflow	Post Run actions/checkout@v4	2026-02-10T10:59:24.2261079Z [command]/usr/bin/git config --local --name-only --get-regexp http\.https\:\/\/github\.com\/\.extraheader
end-workflow	Post Run actions/checkout@v4	2026-02-10T10:59:24.2919892Z http.https://github.com/.extraheader
end-workflow	Post Run actions/checkout@v4	2026-02-10T10:59:24.3597472Z [command]/usr/bin/git config --local --unset-all http.https://github.com/.extraheader
end-workflow	Post Run actions/checkout@v4	2026-02-10T10:59:24.4572457Z [command]/usr/bin/git submodule foreach --recursive sh -c "git config --local --name-only --get-regexp 'http\.https\:\/\/github\.com\/\.extraheader' && git config --local --unset-all 'http.https://github.com/.extraheader' || :"
end-workflow	Post Run actions/checkout@v4	2026-02-10T10:59:24.7731435Z [command]/usr/bin/git config --local --name-only --get-regexp ^includeIf\.gitdir:
end-workflow	Post Run actions/checkout@v4	2026-02-10T10:59:24.8242373Z [command]/usr/bin/git submodule foreach --recursive git config --local --show-origin --name-only --get-regexp remote.origin.url
end-workflow	Complete job	ï»¿2026-02-10T10:59:25.2868577Z Cleaning up orphan processes
