job-core	Set up job	﻿2026-02-10T12:58:35.6059836Z Current runner version: '2.331.0'
job-core	Set up job	2026-02-10T12:58:35.6098340Z Runner name: 'swarm-runners-scaleset-hkss5-runner-grgnm'
job-core	Set up job	2026-02-10T12:58:35.6101482Z Runner group name: 'Default'
job-core	Set up job	2026-02-10T12:58:35.6108880Z Machine name: 'swarm-runners-scaleset-hkss5-runner-grgnm'
job-core	Set up job	2026-02-10T12:58:35.6118265Z ##[group]GITHUB_TOKEN Permissions
job-core	Set up job	2026-02-10T12:58:35.6123909Z Actions: write
job-core	Set up job	2026-02-10T12:58:35.6125316Z Contents: write
job-core	Set up job	2026-02-10T12:58:35.6126433Z Issues: write
job-core	Set up job	2026-02-10T12:58:35.6130262Z Metadata: read
job-core	Set up job	2026-02-10T12:58:35.6131899Z PullRequests: write
job-core	Set up job	2026-02-10T12:58:35.6133062Z ##[endgroup]
job-core	Set up job	2026-02-10T12:58:35.6140273Z Secret source: Actions
job-core	Set up job	2026-02-10T12:58:35.6146415Z Prepare workflow directory
job-core	Set up job	2026-02-10T12:58:37.9005540Z Prepare all required actions
job-core	Set up job	2026-02-10T12:58:37.9115152Z Getting action download info
job-core	Set up job	2026-02-10T12:58:39.8108159Z Download action repository 'actions/checkout@v4' (SHA:34e114876b0b11c390a56381ad16ebd13914f8d5)
job-core	Set up job	2026-02-10T12:58:45.2510502Z Download action repository 'actions/setup-python@v5' (SHA:a26af69be951a213d495a4c3e4e4022e16d87065)
job-core	Set up job	2026-02-10T12:58:55.9284271Z Download action repository 'actions/setup-node@v4' (SHA:49933ea5288caeca8642d1e84afbd3f7d6820020)
job-core	Set up job	2026-02-10T12:59:08.0516506Z Complete job name: job-core
job-core	Checkout code	﻿2026-02-10T12:59:12.8507487Z ##[group]Run actions/checkout@v4
job-core	Checkout code	2026-02-10T12:59:12.8510349Z with:
job-core	Checkout code	2026-02-10T12:59:12.8511348Z   fetch-depth: 0
job-core	Checkout code	2026-02-10T12:59:12.8512496Z   repository: Ka0s-Klaus/ka0s
job-core	Checkout code	2026-02-10T12:59:12.8514267Z   token: ***
job-core	Checkout code	2026-02-10T12:59:12.8515242Z   ssh-strict: true
job-core	Checkout code	2026-02-10T12:59:12.8516305Z   ssh-user: git
job-core	Checkout code	2026-02-10T12:59:12.8517381Z   persist-credentials: true
job-core	Checkout code	2026-02-10T12:59:12.8518852Z   clean: true
job-core	Checkout code	2026-02-10T12:59:12.8519805Z   sparse-checkout-cone-mode: true
job-core	Checkout code	2026-02-10T12:59:12.8520583Z   fetch-tags: false
job-core	Checkout code	2026-02-10T12:59:12.8521367Z   show-progress: true
job-core	Checkout code	2026-02-10T12:59:12.8522038Z   lfs: false
job-core	Checkout code	2026-02-10T12:59:12.8522577Z   submodules: false
job-core	Checkout code	2026-02-10T12:59:12.8523225Z   set-safe-directory: true
job-core	Checkout code	2026-02-10T12:59:12.8524935Z env:
job-core	Checkout code	2026-02-10T12:59:12.8525760Z   KAOS_MODULE: [Ka0S] YAMLLINT
job-core	Checkout code	2026-02-10T12:59:12.8526742Z   GH_TOKEN: ***
job-core	Checkout code	2026-02-10T12:59:12.8527483Z   KAOS_YAMLLINT_CONFIG: core/config/kaos-yamllint-config.yaml
job-core	Checkout code	2026-02-10T12:59:12.8529207Z   KAOS_PRETTIER_CONFIG: compliance/yaml/.prettierrc.json
job-core	Checkout code	2026-02-10T12:59:12.8530201Z   KAOS_PATH_RESUME: audit/yamllint/
job-core	Checkout code	2026-02-10T12:59:12.8530976Z   KAOS_REPO: /actions-runner/_work/kaos/kaos
job-core	Checkout code	2026-02-10T12:59:12.8531780Z   KAOS_STEP_MODULE: 
job-core	Checkout code	2026-02-10T12:59:12.8532538Z   KAOS_CODE: 21865816216
job-core	Checkout code	2026-02-10T12:59:12.8533292Z   KAOS_REF_BRANCH: main
job-core	Checkout code	2026-02-10T12:59:12.8533842Z ##[endgroup]
job-core	Checkout code	2026-02-10T12:59:16.5495665Z Syncing repository: Ka0s-Klaus/ka0s
job-core	Checkout code	2026-02-10T12:59:16.5523874Z ##[group]Getting Git version info
job-core	Checkout code	2026-02-10T12:59:16.5524932Z Working directory is '/home/runner/_work/ka0s/ka0s'
job-core	Checkout code	2026-02-10T12:59:16.5526656Z [command]/usr/bin/git version
job-core	Checkout code	2026-02-10T12:59:16.5527350Z git version 2.52.0
job-core	Checkout code	2026-02-10T12:59:16.8121638Z ##[endgroup]
job-core	Checkout code	2026-02-10T12:59:16.9317227Z Temporarily overriding HOME='/home/runner/_work/_temp/fc7e939a-7eb7-4442-9b1f-630496e8fc4f' before making global git config changes
job-core	Checkout code	2026-02-10T12:59:16.9433485Z Adding repository directory to the temporary git global config as a safe directory
job-core	Checkout code	2026-02-10T12:59:17.0230608Z [command]/usr/bin/git config --global --add safe.directory /home/runner/_work/ka0s/ka0s
job-core	Checkout code	2026-02-10T12:59:17.7544212Z Deleting the contents of '/home/runner/_work/ka0s/ka0s'
job-core	Checkout code	2026-02-10T12:59:17.8001310Z ##[group]Initializing the repository
job-core	Checkout code	2026-02-10T12:59:17.8780587Z [command]/usr/bin/git init /home/runner/_work/ka0s/ka0s
job-core	Checkout code	2026-02-10T12:59:17.9609503Z hint: Using 'master' as the name for the initial branch. This default branch name
job-core	Checkout code	2026-02-10T12:59:17.9978780Z hint: will change to "main" in Git 3.0. To configure the initial branch name
job-core	Checkout code	2026-02-10T12:59:18.0229383Z hint: to use in all of your new repositories, which will suppress this warning,
job-core	Checkout code	2026-02-10T12:59:18.0310796Z hint: call:
job-core	Checkout code	2026-02-10T12:59:18.0459159Z hint:
job-core	Checkout code	2026-02-10T12:59:18.0472123Z hint: 	git config --global init.defaultBranch <name>
job-core	Checkout code	2026-02-10T12:59:18.1144405Z hint:
job-core	Checkout code	2026-02-10T12:59:18.1145246Z hint: Names commonly chosen instead of 'master' are 'main', 'trunk' and
job-core	Checkout code	2026-02-10T12:59:18.1146624Z hint: 'development'. The just-created branch can be renamed via this command:
job-core	Checkout code	2026-02-10T12:59:18.1150108Z hint:
job-core	Checkout code	2026-02-10T12:59:18.1150665Z hint: 	git branch -m <name>
job-core	Checkout code	2026-02-10T12:59:18.1151189Z hint:
job-core	Checkout code	2026-02-10T12:59:18.1152012Z hint: Disable this message with "git config set advice.defaultBranchName false"
job-core	Checkout code	2026-02-10T12:59:18.1153350Z Initialized empty Git repository in /home/runner/_work/ka0s/ka0s/.git/
job-core	Checkout code	2026-02-10T12:59:18.1155757Z [command]/usr/bin/git remote add origin https://github.com/Ka0s-Klaus/ka0s
job-core	Checkout code	2026-02-10T12:59:18.3207468Z ##[endgroup]
job-core	Checkout code	2026-02-10T12:59:18.3208877Z ##[group]Disabling automatic garbage collection
job-core	Checkout code	2026-02-10T12:59:18.4371509Z [command]/usr/bin/git config --local gc.auto 0
job-core	Checkout code	2026-02-10T12:59:18.7698613Z ##[endgroup]
job-core	Checkout code	2026-02-10T12:59:18.8049128Z ##[group]Setting up auth
job-core	Checkout code	2026-02-10T12:59:18.8910104Z [command]/usr/bin/git config --local --name-only --get-regexp core\.sshCommand
job-core	Checkout code	2026-02-10T12:59:19.3219079Z [command]/usr/bin/git submodule foreach --recursive sh -c "git config --local --name-only --get-regexp 'core\.sshCommand' && git config --local --unset-all 'core.sshCommand' || :"
job-core	Checkout code	2026-02-10T12:59:21.2557412Z [command]/usr/bin/git config --local --name-only --get-regexp http\.https\:\/\/github\.com\/\.extraheader
job-core	Checkout code	2026-02-10T12:59:21.3042036Z [command]/usr/bin/git submodule foreach --recursive sh -c "git config --local --name-only --get-regexp 'http\.https\:\/\/github\.com\/\.extraheader' && git config --local --unset-all 'http.https://github.com/.extraheader' || :"
job-core	Checkout code	2026-02-10T12:59:23.7829376Z [command]/usr/bin/git config --local --name-only --get-regexp ^includeIf\.gitdir:
job-core	Checkout code	2026-02-10T12:59:24.2863109Z [command]/usr/bin/git submodule foreach --recursive git config --local --show-origin --name-only --get-regexp remote.origin.url
job-core	Checkout code	2026-02-10T12:59:25.7092877Z [command]/usr/bin/git config --local http.https://github.com/.extraheader AUTHORIZATION: basic ***
job-core	Checkout code	2026-02-10T12:59:26.0877185Z ##[endgroup]
job-core	Checkout code	2026-02-10T12:59:26.0911660Z ##[group]Fetching the repository
job-core	Checkout code	2026-02-10T12:59:26.1164354Z [command]/usr/bin/git -c protocol.version=2 fetch --prune --no-recurse-submodules origin +refs/heads/*:refs/remotes/origin/* +refs/tags/*:refs/tags/*
job-core	Checkout code	2026-02-10T13:18:12.8354992Z From https://github.com/Ka0s-Klaus/ka0s
job-core	Checkout code	2026-02-10T13:18:12.8358907Z  * [new branch]          F1224-new-module-mongodb -> origin/F1224-new-module-mongodb
job-core	Checkout code	2026-02-10T13:18:12.8360758Z  * [new branch]          F220-web-de-resultados  -> origin/F220-web-de-resultados
job-core	Checkout code	2026-02-10T13:18:12.8370835Z  * [new branch]          F227-despliegue-de-kube-independiente-del-clouder -> origin/F227-despliegue-de-kube-independiente-del-clouder
job-core	Checkout code	2026-02-10T13:18:12.8391280Z  * [new branch]          F329-documentacion-metodologia-de-kaos -> origin/F329-documentacion-metodologia-de-kaos
job-core	Checkout code	2026-02-10T13:18:12.8401280Z  * [new branch]          F3450-modelo-operativo  -> origin/F3450-modelo-operativo
job-core	Checkout code	2026-02-10T13:18:12.8402990Z  * [new branch]          H1139-como-instalar-arc-control -> origin/H1139-como-instalar-arc-control
job-core	Checkout code	2026-02-10T13:18:12.8409038Z  * [new branch]          H1150-desarrollo-de-secciones -> origin/H1150-desarrollo-de-secciones
job-core	Checkout code	2026-02-10T13:18:12.8410868Z  * [new branch]          H1151-desarrollo-de-secciones-ii -> origin/H1151-desarrollo-de-secciones-ii
job-core	Checkout code	2026-02-10T13:18:12.8412470Z  * [new branch]          H1152-desarrollo-inicio -> origin/H1152-desarrollo-inicio
job-core	Checkout code	2026-02-10T13:18:12.8424877Z  * [new branch]          H1193-ejemplo-web-documentacion -> origin/H1193-ejemplo-web-documentacion
job-core	Checkout code	2026-02-10T13:18:12.8427312Z  * [new branch]          H1224-new-module-mongodb -> origin/H1224-new-module-mongodb
job-core	Checkout code	2026-02-10T13:18:12.8434348Z  * [new branch]          H1276-modulo-observabilidad -> origin/H1276-modulo-observabilidad
job-core	Checkout code	2026-02-10T13:18:12.8435813Z  * [new branch]          H1410-modulo-execution  -> origin/H1410-modulo-execution
job-core	Checkout code	2026-02-10T13:18:13.3419999Z  * [new branch]          H1514-new-swarm-deployment-stack-with-actions-runners-autoscale -> origin/H1514-new-swarm-deployment-stack-with-actions-runners-autoscale
job-core	Checkout code	2026-02-10T13:18:13.3424898Z  * [new branch]          H1968-modulo-personalización-del-portal-de-kaos-core -> origin/H1968-modulo-personalización-del-portal-de-kaos-core
job-core	Checkout code	2026-02-10T13:18:13.3426991Z  * [new branch]          H215-modulo-de-summary  -> origin/H215-modulo-de-summary
job-core	Checkout code	2026-02-10T13:18:13.3451257Z  * [new branch]          H227-despliegue-de-kube-independiente-del-clouder -> origin/H227-despliegue-de-kube-independiente-del-clouder
job-core	Checkout code	2026-02-10T13:18:13.3453897Z  * [new branch]          H3038-test-ci-cd-kubernetes-automated-system -> origin/H3038-test-ci-cd-kubernetes-automated-system
job-core	Checkout code	2026-02-10T13:18:13.3455906Z  * [new branch]          H306-ficheros-de-estadisticas -> origin/H306-ficheros-de-estadisticas
job-core	Checkout code	2026-02-10T13:18:13.3457434Z  * [new branch]          H3265-deploy-itop       -> origin/H3265-deploy-itop
job-core	Checkout code	2026-02-10T13:18:13.3469100Z  * [new branch]          H3266-deploy-zabbix     -> origin/H3266-deploy-zabbix
job-core	Checkout code	2026-02-10T13:18:13.3471008Z  * [new branch]          H328-documentacion-modulo-principal-de-kaos -> origin/H328-documentacion-modulo-principal-de-kaos
job-core	Checkout code	2026-02-10T13:18:13.3473246Z  * [new branch]          H329-documentacion-metodologia-de-kaos -> origin/H329-documentacion-metodologia-de-kaos
job-core	Checkout code	2026-02-10T13:18:13.3476411Z  * [new branch]          H338-relanzador-de-jobs-en-caso-de-pattern -> origin/H338-relanzador-de-jobs-en-caso-de-pattern
job-core	Checkout code	2026-02-10T13:18:13.3481653Z  * [new branch]          H38-documentacion-basica-del-proyecto -> origin/H38-documentacion-basica-del-proyecto
job-core	Checkout code	2026-02-10T13:18:13.3501337Z  * [new branch]          RN1282-ka0s-error-detected-in-ka0s-workflow-statistics-summary -> origin/RN1282-ka0s-error-detected-in-ka0s-workflow-statistics-summary
job-core	Checkout code	2026-02-10T13:18:13.3504128Z  * [new branch]          RN220-web-de-resultados -> origin/RN220-web-de-resultados
job-core	Checkout code	2026-02-10T13:18:13.3506336Z  * [new branch]          RN227-despliegue-de-kube-independiente-del-clouder -> origin/RN227-despliegue-de-kube-independiente-del-clouder
job-core	Checkout code	2026-02-10T13:18:13.3509219Z  * [new branch]          RN329-documentacion-metodologia-de-kaos -> origin/RN329-documentacion-metodologia-de-kaos
job-core	Checkout code	2026-02-10T13:18:13.3590460Z  * [new branch]          main                    -> origin/main
job-core	Checkout code	2026-02-10T13:18:13.3591861Z  * [new tag]             0.0.0                   -> 0.0.0
job-core	Checkout code	2026-02-10T13:18:13.3593154Z  * [new tag]             0.0.1                   -> 0.0.1
job-core	Checkout code	2026-02-10T13:18:13.3594041Z  * [new tag]             0.0.10                  -> 0.0.10
job-core	Checkout code	2026-02-10T13:18:13.3594885Z  * [new tag]             0.0.100                 -> 0.0.100
job-core	Checkout code	2026-02-10T13:18:13.4261103Z  * [new tag]             0.0.101                 -> 0.0.101
job-core	Checkout code	2026-02-10T13:18:13.4948429Z  * [new tag]             0.0.102                 -> 0.0.102
job-core	Checkout code	2026-02-10T13:18:13.4959737Z  * [new tag]             0.0.103                 -> 0.0.103
job-core	Checkout code	2026-02-10T13:18:13.4961104Z  * [new tag]             0.0.104                 -> 0.0.104
job-core	Checkout code	2026-02-10T13:18:13.4962677Z  * [new tag]             0.0.105                 -> 0.0.105
job-core	Checkout code	2026-02-10T13:18:13.4964114Z  * [new tag]             0.0.106                 -> 0.0.106
job-core	Checkout code	2026-02-10T13:18:13.4965430Z  * [new tag]             0.0.107                 -> 0.0.107
job-core	Checkout code	2026-02-10T13:18:13.4966636Z  * [new tag]             0.0.108                 -> 0.0.108
job-core	Checkout code	2026-02-10T13:18:13.5529292Z  * [new tag]             0.0.109                 -> 0.0.109
job-core	Checkout code	2026-02-10T13:18:13.5530456Z  * [new tag]             0.0.11                  -> 0.0.11
job-core	Checkout code	2026-02-10T13:18:13.5531316Z  * [new tag]             0.0.110                 -> 0.0.110
job-core	Checkout code	2026-02-10T13:18:13.5532346Z  * [new tag]             0.0.111                 -> 0.0.111
job-core	Checkout code	2026-02-10T13:18:13.5533320Z  * [new tag]             0.0.112                 -> 0.0.112
job-core	Checkout code	2026-02-10T13:18:13.5534172Z  * [new tag]             0.0.113                 -> 0.0.113
job-core	Checkout code	2026-02-10T13:18:13.5846440Z  * [new tag]             0.0.114                 -> 0.0.114
job-core	Checkout code	2026-02-10T13:18:14.6893368Z  * [new tag]             0.0.115                 -> 0.0.115
job-core	Checkout code	2026-02-10T13:18:14.6899266Z  * [new tag]             0.0.116                 -> 0.0.116
job-core	Checkout code	2026-02-10T13:18:14.6904027Z  * [new tag]             0.0.117                 -> 0.0.117
job-core	Checkout code	2026-02-10T13:18:14.6906975Z  * [new tag]             0.0.118                 -> 0.0.118
job-core	Checkout code	2026-02-10T13:18:14.6912640Z  * [new tag]             0.0.119                 -> 0.0.119
job-core	Checkout code	2026-02-10T13:18:14.6917229Z  * [new tag]             0.0.12                  -> 0.0.12
job-core	Checkout code	2026-02-10T13:18:14.6923620Z  * [new tag]             0.0.120                 -> 0.0.120
job-core	Checkout code	2026-02-10T13:18:14.6928564Z  * [new tag]             0.0.121                 -> 0.0.121
job-core	Checkout code	2026-02-10T13:18:14.6929991Z  * [new tag]             0.0.122                 -> 0.0.122
job-core	Checkout code	2026-02-10T13:18:14.6938816Z  * [new tag]             0.0.123                 -> 0.0.123
job-core	Checkout code	2026-02-10T13:18:14.6939683Z  * [new tag]             0.0.124                 -> 0.0.124
job-core	Checkout code	2026-02-10T13:18:14.6940493Z  * [new tag]             0.0.125                 -> 0.0.125
job-core	Checkout code	2026-02-10T13:18:14.6941336Z  * [new tag]             0.0.126                 -> 0.0.126
job-core	Checkout code	2026-02-10T13:18:14.6942149Z  * [new tag]             0.0.127                 -> 0.0.127
job-core	Checkout code	2026-02-10T13:18:14.6943075Z  * [new tag]             0.0.128                 -> 0.0.128
job-core	Checkout code	2026-02-10T13:18:14.6944467Z  * [new tag]             0.0.129                 -> 0.0.129
job-core	Checkout code	2026-02-10T13:18:14.6945217Z  * [new tag]             0.0.13                  -> 0.0.13
job-core	Checkout code	2026-02-10T13:18:14.6945937Z  * [new tag]             0.0.130                 -> 0.0.130
job-core	Checkout code	2026-02-10T13:18:14.6946705Z  * [new tag]             0.0.131                 -> 0.0.131
job-core	Checkout code	2026-02-10T13:18:14.6947439Z  * [new tag]             0.0.132                 -> 0.0.132
job-core	Checkout code	2026-02-10T13:18:14.6989059Z  * [new tag]             0.0.133                 -> 0.0.133
job-core	Checkout code	2026-02-10T13:18:14.6990320Z  * [new tag]             0.0.134                 -> 0.0.134
job-core	Checkout code	2026-02-10T13:18:14.6991400Z  * [new tag]             0.0.135                 -> 0.0.135
job-core	Checkout code	2026-02-10T13:18:14.6992782Z  * [new tag]             0.0.136                 -> 0.0.136
job-core	Checkout code	2026-02-10T13:18:14.6994254Z  * [new tag]             0.0.137                 -> 0.0.137
job-core	Checkout code	2026-02-10T13:18:14.6995653Z  * [new tag]             0.0.138                 -> 0.0.138
job-core	Checkout code	2026-02-10T13:18:14.6997022Z  * [new tag]             0.0.139                 -> 0.0.139
job-core	Checkout code	2026-02-10T13:18:14.6998007Z  * [new tag]             0.0.14                  -> 0.0.14
job-core	Checkout code	2026-02-10T13:18:14.7185584Z  * [new tag]             0.0.140                 -> 0.0.140
job-core	Checkout code	2026-02-10T13:18:14.7210830Z  * [new tag]             0.0.141                 -> 0.0.141
job-core	Checkout code	2026-02-10T13:18:14.7259774Z  * [new tag]             0.0.142                 -> 0.0.142
job-core	Checkout code	2026-02-10T13:18:14.7305465Z  * [new tag]             0.0.143                 -> 0.0.143
job-core	Checkout code	2026-02-10T13:18:14.7306352Z  * [new tag]             0.0.144                 -> 0.0.144
job-core	Checkout code	2026-02-10T13:18:14.7307186Z  * [new tag]             0.0.145                 -> 0.0.145
job-core	Checkout code	2026-02-10T13:18:14.7684877Z  * [new tag]             0.0.146                 -> 0.0.146
job-core	Checkout code	2026-02-10T13:18:14.7686613Z  * [new tag]             0.0.147                 -> 0.0.147
job-core	Checkout code	2026-02-10T13:18:14.7687463Z  * [new tag]             0.0.148                 -> 0.0.148
job-core	Checkout code	2026-02-10T13:18:14.7694815Z  * [new tag]             0.0.149                 -> 0.0.149
job-core	Checkout code	2026-02-10T13:18:14.7695594Z  * [new tag]             0.0.15                  -> 0.0.15
job-core	Checkout code	2026-02-10T13:18:14.7696280Z  * [new tag]             0.0.150                 -> 0.0.150
job-core	Checkout code	2026-02-10T13:18:14.7697052Z  * [new tag]             0.0.151                 -> 0.0.151
job-core	Checkout code	2026-02-10T13:18:14.7697776Z  * [new tag]             0.0.152                 -> 0.0.152
job-core	Checkout code	2026-02-10T13:18:14.7706925Z  * [new tag]             0.0.153                 -> 0.0.153
job-core	Checkout code	2026-02-10T13:18:14.7735983Z  * [new tag]             0.0.154                 -> 0.0.154
job-core	Checkout code	2026-02-10T13:18:14.7745417Z  * [new tag]             0.0.155                 -> 0.0.155
job-core	Checkout code	2026-02-10T13:18:14.7848374Z  * [new tag]             0.0.156                 -> 0.0.156
job-core	Checkout code	2026-02-10T13:18:14.7850272Z  * [new tag]             0.0.157                 -> 0.0.157
job-core	Checkout code	2026-02-10T13:18:14.7851209Z  * [new tag]             0.0.158                 -> 0.0.158
job-core	Checkout code	2026-02-10T13:18:14.7852004Z  * [new tag]             0.0.159                 -> 0.0.159
job-core	Checkout code	2026-02-10T13:18:14.7852837Z  * [new tag]             0.0.16                  -> 0.0.16
job-core	Checkout code	2026-02-10T13:18:14.7853614Z  * [new tag]             0.0.160                 -> 0.0.160
job-core	Checkout code	2026-02-10T13:18:14.7854403Z  * [new tag]             0.0.161                 -> 0.0.161
job-core	Checkout code	2026-02-10T13:18:14.7855155Z  * [new tag]             0.0.162                 -> 0.0.162
job-core	Checkout code	2026-02-10T13:18:14.7855976Z  * [new tag]             0.0.163                 -> 0.0.163
job-core	Checkout code	2026-02-10T13:18:14.7856742Z  * [new tag]             0.0.164                 -> 0.0.164
job-core	Checkout code	2026-02-10T13:18:14.7857638Z  * [new tag]             0.0.165                 -> 0.0.165
job-core	Checkout code	2026-02-10T13:18:14.7881852Z  * [new tag]             0.0.166                 -> 0.0.166
job-core	Checkout code	2026-02-10T13:18:14.7883019Z  * [new tag]             0.0.167                 -> 0.0.167
job-core	Checkout code	2026-02-10T13:18:14.7884134Z  * [new tag]             0.0.168                 -> 0.0.168
job-core	Checkout code	2026-02-10T13:18:14.7885157Z  * [new tag]             0.0.169                 -> 0.0.169
job-core	Checkout code	2026-02-10T13:18:14.7886685Z  * [new tag]             0.0.17                  -> 0.0.17
job-core	Checkout code	2026-02-10T13:18:14.7894075Z  * [new tag]             0.0.170                 -> 0.0.170
job-core	Checkout code	2026-02-10T13:18:14.7897653Z  * [new tag]             0.0.171                 -> 0.0.171
job-core	Checkout code	2026-02-10T13:18:14.7898635Z  * [new tag]             0.0.172                 -> 0.0.172
job-core	Checkout code	2026-02-10T13:18:14.7899412Z  * [new tag]             0.0.173                 -> 0.0.173
job-core	Checkout code	2026-02-10T13:18:14.7903561Z  * [new tag]             0.0.174                 -> 0.0.174
job-core	Checkout code	2026-02-10T13:18:14.7904387Z  * [new tag]             0.0.175                 -> 0.0.175
job-core	Checkout code	2026-02-10T13:18:14.7905470Z  * [new tag]             0.0.176                 -> 0.0.176
job-core	Checkout code	2026-02-10T13:18:14.7906243Z  * [new tag]             0.0.177                 -> 0.0.177
job-core	Checkout code	2026-02-10T13:18:14.7907364Z  * [new tag]             0.0.178                 -> 0.0.178
job-core	Checkout code	2026-02-10T13:18:14.7931770Z  * [new tag]             0.0.179                 -> 0.0.179
job-core	Checkout code	2026-02-10T13:18:14.7932727Z  * [new tag]             0.0.18                  -> 0.0.18
job-core	Checkout code	2026-02-10T13:18:14.7933631Z  * [new tag]             0.0.19                  -> 0.0.19
job-core	Checkout code	2026-02-10T13:18:14.7984236Z  * [new tag]             0.0.2                   -> 0.0.2
job-core	Checkout code	2026-02-10T13:18:14.7985175Z  * [new tag]             0.0.20                  -> 0.0.20
job-core	Checkout code	2026-02-10T13:18:14.7986023Z  * [new tag]             0.0.21                  -> 0.0.21
job-core	Checkout code	2026-02-10T13:18:14.7986783Z  * [new tag]             0.0.22                  -> 0.0.22
job-core	Checkout code	2026-02-10T13:18:14.7987893Z  * [new tag]             0.0.23                  -> 0.0.23
job-core	Checkout code	2026-02-10T13:18:14.7989051Z  * [new tag]             0.0.24                  -> 0.0.24
job-core	Checkout code	2026-02-10T13:18:14.7990132Z  * [new tag]             0.0.25                  -> 0.0.25
job-core	Checkout code	2026-02-10T13:18:14.7991565Z  * [new tag]             0.0.26                  -> 0.0.26
job-core	Checkout code	2026-02-10T13:18:14.8066481Z  * [new tag]             0.0.27                  -> 0.0.27
job-core	Checkout code	2026-02-10T13:18:14.8068326Z  * [new tag]             0.0.28                  -> 0.0.28
job-core	Checkout code	2026-02-10T13:18:14.8069398Z  * [new tag]             0.0.29                  -> 0.0.29
job-core	Checkout code	2026-02-10T13:18:14.8070400Z  * [new tag]             0.0.3                   -> 0.0.3
job-core	Checkout code	2026-02-10T13:18:14.8071217Z  * [new tag]             0.0.30                  -> 0.0.30
job-core	Checkout code	2026-02-10T13:18:14.8072028Z  * [new tag]             0.0.31                  -> 0.0.31
job-core	Checkout code	2026-02-10T13:18:14.8072882Z  * [new tag]             0.0.32                  -> 0.0.32
job-core	Checkout code	2026-02-10T13:18:14.8073678Z  * [new tag]             0.0.33                  -> 0.0.33
job-core	Checkout code	2026-02-10T13:18:14.8074448Z  * [new tag]             0.0.34                  -> 0.0.34
job-core	Checkout code	2026-02-10T13:18:14.8075240Z  * [new tag]             0.0.35                  -> 0.0.35
job-core	Checkout code	2026-02-10T13:18:14.8097630Z  * [new tag]             0.0.36                  -> 0.0.36
job-core	Checkout code	2026-02-10T13:18:14.8100196Z  * [new tag]             0.0.37                  -> 0.0.37
job-core	Checkout code	2026-02-10T13:18:14.8101879Z  * [new tag]             0.0.38                  -> 0.0.38
job-core	Checkout code	2026-02-10T13:18:14.8102956Z  * [new tag]             0.0.39                  -> 0.0.39
job-core	Checkout code	2026-02-10T13:18:14.8103733Z  * [new tag]             0.0.4                   -> 0.0.4
job-core	Checkout code	2026-02-10T13:18:14.8104533Z  * [new tag]             0.0.40                  -> 0.0.40
job-core	Checkout code	2026-02-10T13:18:14.8105971Z  * [new tag]             0.0.41                  -> 0.0.41
job-core	Checkout code	2026-02-10T13:18:14.8107260Z  * [new tag]             0.0.42                  -> 0.0.42
job-core	Checkout code	2026-02-10T13:18:14.8148656Z  * [new tag]             0.0.43                  -> 0.0.43
job-core	Checkout code	2026-02-10T13:18:14.8163851Z  * [new tag]             0.0.44                  -> 0.0.44
job-core	Checkout code	2026-02-10T13:18:14.8165391Z  * [new tag]             0.0.45                  -> 0.0.45
job-core	Checkout code	2026-02-10T13:18:14.8166597Z  * [new tag]             0.0.46                  -> 0.0.46
job-core	Checkout code	2026-02-10T13:18:14.8198833Z  * [new tag]             0.0.47                  -> 0.0.47
job-core	Checkout code	2026-02-10T13:18:14.8200226Z  * [new tag]             0.0.48                  -> 0.0.48
job-core	Checkout code	2026-02-10T13:18:14.8201168Z  * [new tag]             0.0.49                  -> 0.0.49
job-core	Checkout code	2026-02-10T13:18:14.8202028Z  * [new tag]             0.0.5                   -> 0.0.5
job-core	Checkout code	2026-02-10T13:18:14.8203453Z  * [new tag]             0.0.50                  -> 0.0.50
job-core	Checkout code	2026-02-10T13:18:14.8204268Z  * [new tag]             0.0.51                  -> 0.0.51
job-core	Checkout code	2026-02-10T13:18:14.8205035Z  * [new tag]             0.0.52                  -> 0.0.52
job-core	Checkout code	2026-02-10T13:18:14.8205758Z  * [new tag]             0.0.53                  -> 0.0.53
job-core	Checkout code	2026-02-10T13:18:14.8206495Z  * [new tag]             0.0.54                  -> 0.0.54
job-core	Checkout code	2026-02-10T13:18:14.8207249Z  * [new tag]             0.0.55                  -> 0.0.55
job-core	Checkout code	2026-02-10T13:18:14.8516656Z  * [new tag]             0.0.56                  -> 0.0.56
job-core	Checkout code	2026-02-10T13:18:14.8518462Z  * [new tag]             0.0.57                  -> 0.0.57
job-core	Checkout code	2026-02-10T13:18:14.8519668Z  * [new tag]             0.0.58                  -> 0.0.58
job-core	Checkout code	2026-02-10T13:18:16.8199117Z  * [new tag]             0.0.59                  -> 0.0.59
job-core	Checkout code	2026-02-10T13:18:16.8324892Z  * [new tag]             0.0.6                   -> 0.0.6
job-core	Checkout code	2026-02-10T13:18:16.8333729Z  * [new tag]             0.0.60                  -> 0.0.60
job-core	Checkout code	2026-02-10T13:18:16.8335013Z  * [new tag]             0.0.61                  -> 0.0.61
job-core	Checkout code	2026-02-10T13:18:16.8338547Z  * [new tag]             0.0.62                  -> 0.0.62
job-core	Checkout code	2026-02-10T13:18:16.8339590Z  * [new tag]             0.0.63                  -> 0.0.63
job-core	Checkout code	2026-02-10T13:18:16.8363492Z  * [new tag]             0.0.64                  -> 0.0.64
job-core	Checkout code	2026-02-10T13:18:16.8397976Z  * [new tag]             0.0.65                  -> 0.0.65
job-core	Checkout code	2026-02-10T13:18:16.8531432Z  * [new tag]             0.0.66                  -> 0.0.66
job-core	Checkout code	2026-02-10T13:18:16.8533112Z  * [new tag]             0.0.67                  -> 0.0.67
job-core	Checkout code	2026-02-10T13:18:16.8534781Z  * [new tag]             0.0.68                  -> 0.0.68
job-core	Checkout code	2026-02-10T13:18:16.8536378Z  * [new tag]             0.0.69                  -> 0.0.69
job-core	Checkout code	2026-02-10T13:18:16.9383270Z  * [new tag]             0.0.7                   -> 0.0.7
job-core	Checkout code	2026-02-10T13:18:16.9384370Z  * [new tag]             0.0.70                  -> 0.0.70
job-core	Checkout code	2026-02-10T13:18:16.9385211Z  * [new tag]             0.0.71                  -> 0.0.71
job-core	Checkout code	2026-02-10T13:18:16.9386077Z  * [new tag]             0.0.72                  -> 0.0.72
job-core	Checkout code	2026-02-10T13:18:16.9386908Z  * [new tag]             0.0.73                  -> 0.0.73
job-core	Checkout code	2026-02-10T13:18:16.9388904Z  * [new tag]             0.0.74                  -> 0.0.74
job-core	Checkout code	2026-02-10T13:18:16.9390054Z  * [new tag]             0.0.75                  -> 0.0.75
job-core	Checkout code	2026-02-10T13:18:16.9391259Z  * [new tag]             0.0.76                  -> 0.0.76
job-core	Checkout code	2026-02-10T13:18:16.9392448Z  * [new tag]             0.0.77                  -> 0.0.77
job-core	Checkout code	2026-02-10T13:18:16.9393278Z  * [new tag]             0.0.78                  -> 0.0.78
job-core	Checkout code	2026-02-10T13:18:16.9394376Z  * [new tag]             0.0.79                  -> 0.0.79
job-core	Checkout code	2026-02-10T13:18:18.3642895Z  * [new tag]             0.0.8                   -> 0.0.8
job-core	Checkout code	2026-02-10T13:18:18.3643802Z  * [new tag]             0.0.80                  -> 0.0.80
job-core	Checkout code	2026-02-10T13:18:18.3644573Z  * [new tag]             0.0.81                  -> 0.0.81
job-core	Checkout code	2026-02-10T13:18:18.3645602Z  * [new tag]             0.0.82                  -> 0.0.82
job-core	Checkout code	2026-02-10T13:18:18.3646689Z  * [new tag]             0.0.83                  -> 0.0.83
job-core	Checkout code	2026-02-10T13:18:18.3647477Z  * [new tag]             0.0.84                  -> 0.0.84
job-core	Checkout code	2026-02-10T13:18:18.3648496Z  * [new tag]             0.0.85                  -> 0.0.85
job-core	Checkout code	2026-02-10T13:18:18.3649509Z  * [new tag]             0.0.86                  -> 0.0.86
job-core	Checkout code	2026-02-10T13:18:18.3650587Z  * [new tag]             0.0.87                  -> 0.0.87
job-core	Checkout code	2026-02-10T13:18:18.3651581Z  * [new tag]             0.0.88                  -> 0.0.88
job-core	Checkout code	2026-02-10T13:18:18.3652542Z  * [new tag]             0.0.89                  -> 0.0.89
job-core	Checkout code	2026-02-10T13:18:18.3653694Z  * [new tag]             0.0.9                   -> 0.0.9
job-core	Checkout code	2026-02-10T13:18:18.3654666Z  * [new tag]             0.0.90                  -> 0.0.90
job-core	Checkout code	2026-02-10T13:18:18.3655558Z  * [new tag]             0.0.91                  -> 0.0.91
job-core	Checkout code	2026-02-10T13:18:18.3656566Z  * [new tag]             0.0.92                  -> 0.0.92
job-core	Checkout code	2026-02-10T13:18:18.4001522Z  * [new tag]             0.0.93                  -> 0.0.93
job-core	Checkout code	2026-02-10T13:18:18.4002803Z  * [new tag]             0.0.94                  -> 0.0.94
job-core	Checkout code	2026-02-10T13:18:18.4003851Z  * [new tag]             0.0.95                  -> 0.0.95
job-core	Checkout code	2026-02-10T13:18:18.4005051Z  * [new tag]             0.0.96                  -> 0.0.96
job-core	Checkout code	2026-02-10T13:18:18.4005677Z  * [new tag]             0.0.97                  -> 0.0.97
job-core	Checkout code	2026-02-10T13:18:18.4006332Z  * [new tag]             0.0.98                  -> 0.0.98
job-core	Checkout code	2026-02-10T13:18:18.4006983Z  * [new tag]             0.0.99                  -> 0.0.99
job-core	Checkout code	2026-02-10T13:18:18.4007708Z  * [new tag]             0.1.0                   -> 0.1.0
job-core	Checkout code	2026-02-10T13:18:18.4191005Z  * [new tag]             0.1.1                   -> 0.1.1
job-core	Checkout code	2026-02-10T13:18:18.4191850Z  * [new tag]             0.2.0                   -> 0.2.0
job-core	Checkout code	2026-02-10T13:18:18.4192667Z  * [new tag]             0.3.0                   -> 0.3.0
job-core	Checkout code	2026-02-10T13:18:18.4193416Z  * [new tag]             0.3.1                   -> 0.3.1
job-core	Checkout code	2026-02-10T13:18:18.4194489Z  * [new tag]             0.3.10                  -> 0.3.10
job-core	Checkout code	2026-02-10T13:18:18.4195395Z  * [new tag]             0.3.11                  -> 0.3.11
job-core	Checkout code	2026-02-10T13:18:18.4196412Z  * [new tag]             0.3.12                  -> 0.3.12
job-core	Checkout code	2026-02-10T13:18:18.4201068Z  * [new tag]             0.3.13                  -> 0.3.13
job-core	Checkout code	2026-02-10T13:18:18.4202219Z  * [new tag]             0.3.14                  -> 0.3.14
job-core	Checkout code	2026-02-10T13:18:18.4203247Z  * [new tag]             0.3.15                  -> 0.3.15
job-core	Checkout code	2026-02-10T13:18:18.4204191Z  * [new tag]             0.3.16                  -> 0.3.16
job-core	Checkout code	2026-02-10T13:18:18.4205678Z  * [new tag]             0.3.17                  -> 0.3.17
job-core	Checkout code	2026-02-10T13:18:18.4207086Z  * [new tag]             0.3.2                   -> 0.3.2
job-core	Checkout code	2026-02-10T13:18:18.4892568Z  * [new tag]             0.3.3                   -> 0.3.3
job-core	Checkout code	2026-02-10T13:18:18.4894157Z  * [new tag]             0.3.4                   -> 0.3.4
job-core	Checkout code	2026-02-10T13:18:18.4895574Z  * [new tag]             0.3.5                   -> 0.3.5
job-core	Checkout code	2026-02-10T13:18:18.4897107Z  * [new tag]             0.3.6                   -> 0.3.6
job-core	Checkout code	2026-02-10T13:18:18.4898757Z  * [new tag]             0.3.7                   -> 0.3.7
job-core	Checkout code	2026-02-10T13:18:18.4900288Z  * [new tag]             0.3.8                   -> 0.3.8
job-core	Checkout code	2026-02-10T13:18:18.4901549Z  * [new tag]             0.3.9                   -> 0.3.9
job-core	Checkout code	2026-02-10T13:18:18.4902976Z  * [new tag]             0.4.0                   -> 0.4.0
job-core	Checkout code	2026-02-10T13:18:18.4904552Z  * [new tag]             0.4.1                   -> 0.4.1
job-core	Checkout code	2026-02-10T13:18:18.4905815Z  * [new tag]             0.4.2                   -> 0.4.2
job-core	Checkout code	2026-02-10T13:18:18.4907213Z  * [new tag]             0.4.3                   -> 0.4.3
job-core	Checkout code	2026-02-10T13:18:18.5009450Z  * [new tag]             0.4.4                   -> 0.4.4
job-core	Checkout code	2026-02-10T13:18:18.5010329Z  * [new tag]             0.4.5                   -> 0.4.5
job-core	Checkout code	2026-02-10T13:18:18.5011233Z  * [new tag]             0.4.6                   -> 0.4.6
job-core	Checkout code	2026-02-10T13:18:18.5012058Z  * [new tag]             0.4.7                   -> 0.4.7
job-core	Checkout code	2026-02-10T13:18:18.5012799Z  * [new tag]             0.4.8                   -> 0.4.8
job-core	Checkout code	2026-02-10T13:18:18.5013797Z  * [new tag]             0.4.9                   -> 0.4.9
job-core	Checkout code	2026-02-10T13:18:18.5014586Z  * [new tag]             0.5.0                   -> 0.5.0
job-core	Checkout code	2026-02-10T13:18:18.5015389Z  * [new tag]             0.5.1                   -> 0.5.1
job-core	Checkout code	2026-02-10T13:18:18.5016193Z  * [new tag]             0.5.2                   -> 0.5.2
job-core	Checkout code	2026-02-10T13:18:18.5017384Z  * [new tag]             0.6.0                   -> 0.6.0
job-core	Checkout code	2026-02-10T13:18:18.5018317Z  * [new tag]             0.6.1                   -> 0.6.1
job-core	Checkout code	2026-02-10T13:18:18.5019121Z  * [new tag]             0.6.2                   -> 0.6.2
job-core	Checkout code	2026-02-10T13:18:21.5616592Z [command]/usr/bin/git branch --list --remote origin/H3265-deploy-itop
job-core	Checkout code	2026-02-10T13:18:22.0509744Z   origin/H3265-deploy-itop
job-core	Checkout code	2026-02-10T13:18:22.1071537Z [command]/usr/bin/git rev-parse refs/remotes/origin/H3265-deploy-itop
job-core	Checkout code	2026-02-10T13:18:22.1877512Z 71f5dc46bb36676271a166a9410e53b24dc13d66
job-core	Checkout code	2026-02-10T13:18:22.2486646Z [command]/usr/bin/git -c protocol.version=2 fetch --no-tags --prune --no-recurse-submodules origin +b3f26b2711e73d733020f012556ae4aafaff1873:refs/remotes/origin/H3265-deploy-itop
job-core	Checkout code	2026-02-10T13:18:22.9518780Z From https://github.com/Ka0s-Klaus/ka0s
job-core	Checkout code	2026-02-10T13:18:22.9522123Z  + 71f5dc46b...b3f26b271 b3f26b2711e73d733020f012556ae4aafaff1873 -> origin/H3265-deploy-itop  (forced update)
job-core	Checkout code	2026-02-10T13:18:23.0779143Z ##[endgroup]
job-core	Checkout code	2026-02-10T13:18:23.0780403Z ##[group]Determining the checkout info
job-core	Checkout code	2026-02-10T13:18:23.0814891Z ##[endgroup]
job-core	Checkout code	2026-02-10T13:18:23.0984451Z [command]/usr/bin/git sparse-checkout disable
job-core	Checkout code	2026-02-10T13:18:23.5201075Z [command]/usr/bin/git config --local --unset-all extensions.worktreeConfig
job-core	Checkout code	2026-02-10T13:18:24.0112898Z ##[group]Checking out the ref
job-core	Checkout code	2026-02-10T13:18:24.0385892Z [command]/usr/bin/git checkout --progress --force -B H3265-deploy-itop refs/remotes/origin/H3265-deploy-itop
job-core	Checkout code	2026-02-10T13:18:25.6381954Z Updating files:   1% (18/1018)
job-core	Checkout code	2026-02-10T13:18:25.6387706Z Updating files:   2% (21/1018)
job-core	Checkout code	2026-02-10T13:18:25.6532181Z Updating files:   3% (31/1018)
job-core	Checkout code	2026-02-10T13:18:25.7852376Z Updating files:   4% (41/1018)
job-core	Checkout code	2026-02-10T13:18:25.7930813Z Updating files:   5% (51/1018)
job-core	Checkout code	2026-02-10T13:18:27.6774434Z Updating files:   6% (62/1018)
job-core	Checkout code	2026-02-10T13:18:27.6793070Z Updating files:   6% (71/1018)
job-core	Checkout code	2026-02-10T13:18:27.7565118Z Updating files:   7% (72/1018)
job-core	Checkout code	2026-02-10T13:18:27.7613809Z Updating files:   8% (82/1018)
job-core	Checkout code	2026-02-10T13:18:27.7634409Z Updating files:   9% (92/1018)
job-core	Checkout code	2026-02-10T13:18:27.7691107Z Updating files:  10% (102/1018)
job-core	Checkout code	2026-02-10T13:18:27.7970746Z Updating files:  11% (112/1018)
job-core	Checkout code	2026-02-10T13:18:27.7972010Z Updating files:  12% (123/1018)
job-core	Checkout code	2026-02-10T13:18:27.9232209Z Updating files:  13% (133/1018)
job-core	Checkout code	2026-02-10T13:18:28.4773274Z Updating files:  14% (143/1018)
job-core	Checkout code	2026-02-10T13:18:28.6049276Z Updating files:  14% (151/1018)
job-core	Checkout code	2026-02-10T13:18:28.8853850Z Updating files:  15% (153/1018)
job-core	Checkout code	2026-02-10T13:18:29.1183548Z Updating files:  16% (163/1018)
job-core	Checkout code	2026-02-10T13:18:29.3294229Z Updating files:  17% (174/1018)
job-core	Checkout code	2026-02-10T13:18:29.6023057Z Updating files:  18% (184/1018)
job-core	Checkout code	2026-02-10T13:18:29.6315431Z Updating files:  19% (194/1018)
job-core	Checkout code	2026-02-10T13:18:29.6882373Z Updating files:  20% (204/1018)
job-core	Checkout code	2026-02-10T13:18:29.6888276Z Updating files:  21% (214/1018)
job-core	Checkout code	2026-02-10T13:18:30.7316552Z Updating files:  22% (224/1018)
job-core	Checkout code	2026-02-10T13:18:30.8904236Z Updating files:  22% (234/1018)
job-core	Checkout code	2026-02-10T13:18:33.1137259Z Updating files:  23% (235/1018)
job-core	Checkout code	2026-02-10T13:18:35.0629858Z Updating files:  23% (242/1018)
job-core	Checkout code	2026-02-10T13:18:35.5538525Z Updating files:  24% (245/1018)
job-core	Checkout code	2026-02-10T13:18:37.0444509Z Updating files:  24% (247/1018)
job-core	Checkout code	2026-02-10T13:18:37.1709556Z Updating files:  24% (253/1018)
job-core	Checkout code	2026-02-10T13:18:38.9025919Z Updating files:  25% (255/1018)
job-core	Checkout code	2026-02-10T13:18:43.0449493Z Updating files:  25% (256/1018)
job-core	Checkout code	2026-02-10T13:18:43.4220733Z Updating files:  25% (257/1018)
job-core	Checkout code	2026-02-10T13:18:43.4890979Z Updating files:  26% (265/1018)
job-core	Checkout code	2026-02-10T13:18:45.8471131Z Updating files:  26% (270/1018)
job-core	Checkout code	2026-02-10T13:18:45.8633706Z Updating files:  26% (274/1018)
job-core	Checkout code	2026-02-10T13:18:45.9031289Z Updating files:  27% (275/1018)
job-core	Checkout code	2026-02-10T13:18:45.9428909Z Updating files:  28% (286/1018)
job-core	Checkout code	2026-02-10T13:18:45.9969045Z Updating files:  29% (296/1018)
job-core	Checkout code	2026-02-10T13:18:45.9980598Z Updating files:  30% (306/1018)
job-core	Checkout code	2026-02-10T13:18:46.0013183Z Updating files:  31% (316/1018)
job-core	Checkout code	2026-02-10T13:18:46.0415687Z Updating files:  32% (326/1018)
job-core	Checkout code	2026-02-10T13:18:46.9349282Z Updating files:  33% (336/1018)
job-core	Checkout code	2026-02-10T13:18:47.1336360Z Updating files:  33% (342/1018)
job-core	Checkout code	2026-02-10T13:18:47.1519126Z Updating files:  34% (347/1018)
job-core	Checkout code	2026-02-10T13:18:47.1695370Z Updating files:  35% (357/1018)
job-core	Checkout code	2026-02-10T13:18:47.3853789Z Updating files:  36% (367/1018)
job-core	Checkout code	2026-02-10T13:18:47.4111842Z Updating files:  37% (377/1018)
job-core	Checkout code	2026-02-10T13:18:47.6021269Z Updating files:  38% (387/1018)
job-core	Checkout code	2026-02-10T13:18:47.8057283Z Updating files:  38% (388/1018)
job-core	Checkout code	2026-02-10T13:18:47.8282122Z Updating files:  39% (398/1018)
job-core	Checkout code	2026-02-10T13:18:48.0167895Z Updating files:  40% (408/1018)
job-core	Checkout code	2026-02-10T13:18:48.0831819Z Updating files:  41% (418/1018)
job-core	Checkout code	2026-02-10T13:18:48.1337754Z Updating files:  42% (428/1018)
job-core	Checkout code	2026-02-10T13:18:51.1311110Z Updating files:  43% (438/1018)
job-core	Checkout code	2026-02-10T13:18:52.8201093Z Updating files:  43% (439/1018)
job-core	Checkout code	2026-02-10T13:18:54.3824602Z Updating files:  43% (440/1018)
job-core	Checkout code	2026-02-10T13:18:55.8589397Z Updating files:  43% (442/1018)
job-core	Checkout code	2026-02-10T13:18:58.2178263Z Updating files:  43% (443/1018)
job-core	Checkout code	2026-02-10T13:18:58.2636437Z Updating files:  43% (444/1018)
job-core	Checkout code	2026-02-10T13:18:58.2640358Z Updating files:  44% (448/1018)
job-core	Checkout code	2026-02-10T13:18:58.2865053Z Updating files:  45% (459/1018)
job-core	Checkout code	2026-02-10T13:18:58.3430953Z Updating files:  46% (469/1018)
job-core	Checkout code	2026-02-10T13:18:59.2739736Z Updating files:  47% (479/1018)
job-core	Checkout code	2026-02-10T13:18:59.4394945Z Updating files:  47% (483/1018)
job-core	Checkout code	2026-02-10T13:18:59.5288662Z Updating files:  48% (489/1018)
job-core	Checkout code	2026-02-10T13:18:59.7519502Z Updating files:  48% (491/1018)
job-core	Checkout code	2026-02-10T13:18:59.7721738Z Updating files:  49% (499/1018)
job-core	Checkout code	2026-02-10T13:18:59.8966895Z Updating files:  50% (509/1018)
job-core	Checkout code	2026-02-10T13:18:59.9648212Z Updating files:  51% (520/1018)
job-core	Checkout code	2026-02-10T13:19:02.0904948Z Updating files:  52% (530/1018)
job-core	Checkout code	2026-02-10T13:19:05.6896640Z Updating files:  52% (533/1018)
job-core	Checkout code	2026-02-10T13:19:05.6897970Z Updating files:  52% (534/1018)
job-core	Checkout code	2026-02-10T13:19:05.7029895Z Updating files:  53% (540/1018)
job-core	Checkout code	2026-02-10T13:19:05.9231997Z Updating files:  54% (550/1018)
job-core	Checkout code	2026-02-10T13:19:08.0753429Z Updating files:  55% (560/1018)
job-core	Checkout code	2026-02-10T13:19:08.0911949Z Updating files:  55% (562/1018)
job-core	Checkout code	2026-02-10T13:19:08.1089468Z Updating files:  56% (571/1018)
job-core	Checkout code	2026-02-10T13:19:08.1090221Z Updating files:  57% (581/1018)
job-core	Checkout code	2026-02-10T13:19:08.1275077Z Updating files:  58% (591/1018)
job-core	Checkout code	2026-02-10T13:19:08.1411129Z Updating files:  59% (601/1018)
job-core	Checkout code	2026-02-10T13:19:08.2089705Z Updating files:  60% (611/1018)
job-core	Checkout code	2026-02-10T13:19:10.1861934Z Updating files:  61% (621/1018)
job-core	Checkout code	2026-02-10T13:19:10.5731653Z Updating files:  61% (629/1018)
job-core	Checkout code	2026-02-10T13:19:10.5739531Z Updating files:  62% (632/1018)
job-core	Checkout code	2026-02-10T13:19:10.5740651Z Updating files:  63% (642/1018)
job-core	Checkout code	2026-02-10T13:19:10.5750625Z Updating files:  64% (652/1018)
job-core	Checkout code	2026-02-10T13:19:11.1079947Z Updating files:  65% (662/1018)
job-core	Checkout code	2026-02-10T13:19:16.0916110Z Updating files:  66% (672/1018)
job-core	Checkout code	2026-02-10T13:19:16.2088935Z Updating files:  66% (673/1018)
job-core	Checkout code	2026-02-10T13:19:16.2311030Z Updating files:  67% (683/1018)
job-core	Checkout code	2026-02-10T13:19:16.4082447Z Updating files:  68% (693/1018)
job-core	Checkout code	2026-02-10T13:19:16.4083302Z Updating files:  69% (703/1018)
job-core	Checkout code	2026-02-10T13:19:16.4145142Z Updating files:  70% (713/1018)
job-core	Checkout code	2026-02-10T13:19:16.5134847Z Updating files:  71% (723/1018)
job-core	Checkout code	2026-02-10T13:19:16.7207602Z Updating files:  71% (726/1018)
job-core	Checkout code	2026-02-10T13:19:16.8576115Z Updating files:  72% (733/1018)
job-core	Checkout code	2026-02-10T13:19:16.8810365Z Updating files:  73% (744/1018)
job-core	Checkout code	2026-02-10T13:19:16.8981520Z Updating files:  74% (754/1018)
job-core	Checkout code	2026-02-10T13:19:16.9016017Z Updating files:  75% (764/1018)
job-core	Checkout code	2026-02-10T13:19:18.6946300Z Updating files:  76% (774/1018)
job-core	Checkout code	2026-02-10T13:19:20.1840600Z Updating files:  77% (784/1018)
job-core	Checkout code	2026-02-10T13:19:21.9244178Z Updating files:  77% (785/1018)
job-core	Checkout code	2026-02-10T13:19:22.5631617Z Updating files:  77% (786/1018)
job-core	Checkout code	2026-02-10T13:19:23.5214432Z Updating files:  77% (790/1018)
job-core	Checkout code	2026-02-10T13:19:25.6585722Z Updating files:  78% (795/1018)
job-core	Checkout code	2026-02-10T13:19:27.0187436Z Updating files:  78% (800/1018)
job-core	Checkout code	2026-02-10T13:19:29.1163222Z Updating files:  78% (802/1018)
job-core	Checkout code	2026-02-10T13:19:29.3562866Z Updating files:  78% (804/1018)
job-core	Checkout code	2026-02-10T13:19:29.4867333Z Updating files:  79% (805/1018)
job-core	Checkout code	2026-02-10T13:19:30.5418554Z Updating files:  79% (806/1018)
job-core	Checkout code	2026-02-10T13:19:33.3439388Z Updating files:  79% (811/1018)
job-core	Checkout code	2026-02-10T13:19:33.5034231Z Updating files:  79% (813/1018)
job-core	Checkout code	2026-02-10T13:19:33.5071681Z Updating files:  79% (814/1018)
job-core	Checkout code	2026-02-10T13:19:35.6590797Z Updating files:  80% (815/1018)
job-core	Checkout code	2026-02-10T13:19:37.2129293Z Updating files:  81% (825/1018)
job-core	Checkout code	2026-02-10T13:19:37.3720702Z Updating files:  81% (834/1018)
job-core	Checkout code	2026-02-10T13:19:37.7583979Z Updating files:  82% (835/1018)
job-core	Checkout code	2026-02-10T13:19:38.6042237Z Updating files:  82% (836/1018)
job-core	Checkout code	2026-02-10T13:19:41.4405094Z Updating files:  82% (840/1018)
job-core	Checkout code	2026-02-10T13:19:41.8611921Z Updating files:  82% (843/1018)
job-core	Checkout code	2026-02-10T13:19:43.0032332Z Updating files:  82% (844/1018)
job-core	Checkout code	2026-02-10T13:19:44.8661760Z Updating files:  83% (845/1018)
job-core	Checkout code	2026-02-10T13:19:47.7199589Z Updating files:  83% (846/1018)
job-core	Checkout code	2026-02-10T13:19:52.0306716Z Updating files:  83% (847/1018)
job-core	Checkout code	2026-02-10T13:19:52.6921716Z Updating files:  83% (848/1018)
job-core	Checkout code	2026-02-10T13:19:57.6579241Z Updating files:  83% (849/1018)
job-core	Checkout code	2026-02-10T13:19:58.5765336Z Updating files:  83% (850/1018)
job-core	Checkout code	2026-02-10T13:20:00.4079033Z Updating files:  83% (853/1018)
job-core	Checkout code	2026-02-10T13:20:01.7289174Z Updating files:  84% (856/1018)
job-core	Checkout code	2026-02-10T13:20:03.1481769Z Updating files:  84% (857/1018)
job-core	Checkout code	2026-02-10T13:20:03.5217441Z Updating files:  84% (858/1018)
job-core	Checkout code	2026-02-10T13:20:04.3446523Z Updating files:  84% (860/1018)
job-core	Checkout code	2026-02-10T13:20:05.1306648Z Updating files:  85% (866/1018)
job-core	Checkout code	2026-02-10T13:20:05.9650599Z Updating files:  85% (867/1018)
job-core	Checkout code	2026-02-10T13:20:07.2878387Z Updating files:  85% (870/1018)
job-core	Checkout code	2026-02-10T13:20:08.2590731Z Updating files:  85% (871/1018)
job-core	Checkout code	2026-02-10T13:20:10.1314146Z Updating files:  85% (872/1018)
job-core	Checkout code	2026-02-10T13:20:10.6126035Z Updating files:  85% (873/1018)
job-core	Checkout code	2026-02-10T13:20:12.8237447Z Updating files:  85% (874/1018)
job-core	Checkout code	2026-02-10T13:20:14.1478655Z Updating files:  86% (876/1018)
job-core	Checkout code	2026-02-10T13:20:14.5602860Z Updating files:  86% (878/1018)
job-core	Checkout code	2026-02-10T13:20:15.6022012Z Updating files:  86% (880/1018)
job-core	Checkout code	2026-02-10T13:20:16.5419067Z Updating files:  86% (882/1018)
job-core	Checkout code	2026-02-10T13:20:18.0470616Z Updating files:  86% (884/1018)
job-core	Checkout code	2026-02-10T13:20:19.0111175Z Updating files:  87% (886/1018)
job-core	Checkout code	2026-02-10T13:20:19.8147547Z Updating files:  87% (888/1018)
job-core	Checkout code	2026-02-10T13:20:20.8077727Z Updating files:  87% (889/1018)
job-core	Checkout code	2026-02-10T13:20:20.8727609Z Updating files:  87% (892/1018)
job-core	Checkout code	2026-02-10T13:20:20.8759076Z Updating files:  88% (896/1018)
job-core	Checkout code	2026-02-10T13:20:20.8812515Z Updating files:  89% (907/1018)
job-core	Checkout code	2026-02-10T13:20:21.0291770Z Updating files:  90% (917/1018)
job-core	Checkout code	2026-02-10T13:20:21.0450119Z Updating files:  91% (927/1018)
job-core	Checkout code	2026-02-10T13:20:21.0450821Z Updating files:  92% (937/1018)
job-core	Checkout code	2026-02-10T13:20:21.5979216Z Updating files:  93% (947/1018)
job-core	Checkout code	2026-02-10T13:20:21.5980661Z Updating files:  93% (950/1018)
job-core	Checkout code	2026-02-10T13:20:21.8523967Z Updating files:  94% (957/1018)
job-core	Checkout code	2026-02-10T13:20:22.0469048Z Updating files:  95% (968/1018)
job-core	Checkout code	2026-02-10T13:20:22.0499276Z Updating files:  96% (978/1018)
job-core	Checkout code	2026-02-10T13:20:22.0509383Z Updating files:  97% (988/1018)
job-core	Checkout code	2026-02-10T13:20:22.0544159Z Updating files:  98% (998/1018)
job-core	Checkout code	2026-02-10T13:20:22.3911893Z Updating files:  99% (1008/1018)
job-core	Checkout code	2026-02-10T13:20:22.3913613Z Updating files: 100% (1018/1018)
job-core	Checkout code	2026-02-10T13:20:22.5414412Z Updating files: 100% (1018/1018), done.
job-core	Checkout code	2026-02-10T13:20:22.7019586Z Switched to a new branch 'H3265-deploy-itop'
job-core	Checkout code	2026-02-10T13:20:22.7891640Z branch 'H3265-deploy-itop' set up to track 'origin/H3265-deploy-itop'.
job-core	Checkout code	2026-02-10T13:20:23.3220740Z ##[endgroup]
job-core	Checkout code	2026-02-10T13:20:23.3544427Z [command]/usr/bin/git log -1 --format=%H
job-core	Checkout code	2026-02-10T13:20:23.3989837Z b3f26b2711e73d733020f012556ae4aafaff1873
job-core	Install GH CLI	﻿2026-02-10T13:20:26.8642778Z Prepare all required actions
job-core	Install GH CLI	2026-02-10T13:20:27.6569099Z ##[group]Run ./.github/actions/install-gh-cli
job-core	Install GH CLI	2026-02-10T13:20:27.6569851Z env:
job-core	Install GH CLI	2026-02-10T13:20:27.6570319Z   KAOS_MODULE: [Ka0S] YAMLLINT
job-core	Install GH CLI	2026-02-10T13:20:27.6571225Z   GH_TOKEN: ***
job-core	Install GH CLI	2026-02-10T13:20:27.6571941Z   KAOS_YAMLLINT_CONFIG: core/config/kaos-yamllint-config.yaml
job-core	Install GH CLI	2026-02-10T13:20:27.6573007Z   KAOS_PRETTIER_CONFIG: compliance/yaml/.prettierrc.json
job-core	Install GH CLI	2026-02-10T13:20:27.6573863Z   KAOS_PATH_RESUME: audit/yamllint/
job-core	Install GH CLI	2026-02-10T13:20:27.6574636Z   KAOS_REPO: /actions-runner/_work/kaos/kaos
job-core	Install GH CLI	2026-02-10T13:20:27.6575443Z   KAOS_STEP_MODULE: 
job-core	Install GH CLI	2026-02-10T13:20:27.6576051Z   KAOS_CODE: 21865816216
job-core	Install GH CLI	2026-02-10T13:20:27.6576680Z   KAOS_REF_BRANCH: main
job-core	Install GH CLI	2026-02-10T13:20:27.6577274Z ##[endgroup]
job-core	Install GH CLI	2026-02-10T13:20:31.3299280Z ##[group]Run type -p curl >/dev/null || (sudo apt-get update && sudo apt-get install curl -y)
job-core	Install GH CLI	2026-02-10T13:20:31.3301257Z [36;1mtype -p curl >/dev/null || (sudo apt-get update && sudo apt-get install curl -y)[0m
job-core	Install GH CLI	2026-02-10T13:20:31.3303686Z [36;1mcurl -fsSL https://cli.github.com/packages/githubcli-archive-keyring.gpg | sudo dd of=/usr/share/keyrings/githubcli-archive-keyring.gpg \[0m
job-core	Install GH CLI	2026-02-10T13:20:31.3306684Z [36;1m&& sudo chmod go+r /usr/share/keyrings/githubcli-archive-keyring.gpg \[0m
job-core	Install GH CLI	2026-02-10T13:20:31.3309898Z [36;1m&& echo "deb [arch=$(dpkg --print-architecture) signed-by=/usr/share/keyrings/githubcli-archive-keyring.gpg] https://cli.github.com/packages stable main" | sudo tee /etc/apt/sources.list.d/github-cli.list > /dev/null \[0m
job-core	Install GH CLI	2026-02-10T13:20:31.3312627Z [36;1m&& sudo apt-get update \[0m
job-core	Install GH CLI	2026-02-10T13:20:31.3313408Z [36;1m&& sudo apt-get install gh -y[0m
job-core	Install GH CLI	2026-02-10T13:20:33.3811878Z shell: /usr/bin/bash --noprofile --norc -e -o pipefail {0}
job-core	Install GH CLI	2026-02-10T13:20:33.3813122Z env:
job-core	Install GH CLI	2026-02-10T13:20:33.4117304Z   KAOS_MODULE: [Ka0S] YAMLLINT
job-core	Install GH CLI	2026-02-10T13:20:33.4122472Z   GH_TOKEN: ***
job-core	Install GH CLI	2026-02-10T13:20:33.4123535Z   KAOS_YAMLLINT_CONFIG: core/config/kaos-yamllint-config.yaml
job-core	Install GH CLI	2026-02-10T13:20:33.4141463Z   KAOS_PRETTIER_CONFIG: compliance/yaml/.prettierrc.json
job-core	Install GH CLI	2026-02-10T13:20:33.4144136Z   KAOS_PATH_RESUME: audit/yamllint/
job-core	Install GH CLI	2026-02-10T13:20:33.4154081Z   KAOS_REPO: /actions-runner/_work/kaos/kaos
job-core	Install GH CLI	2026-02-10T13:20:33.4155217Z   KAOS_STEP_MODULE: 
job-core	Install GH CLI	2026-02-10T13:20:33.4156991Z   KAOS_CODE: 21865816216
job-core	Install GH CLI	2026-02-10T13:20:33.4157747Z   KAOS_REF_BRANCH: main
job-core	Install GH CLI	2026-02-10T13:20:33.4168507Z ##[endgroup]
job-core	Install GH CLI	2026-02-10T13:20:36.9129906Z 4+1 records in
job-core	Install GH CLI	2026-02-10T13:20:36.9268491Z 4+1 records out
job-core	Install GH CLI	2026-02-10T13:20:36.9287433Z 2270 bytes (2.3 kB, 2.2 KiB) copied, 0.000243603 s, 9.3 MB/s
job-core	Install GH CLI	2026-02-10T13:20:51.8226233Z Get:1 http://security.ubuntu.com/ubuntu noble-security InRelease [126 kB]
job-core	Install GH CLI	2026-02-10T13:20:51.9459922Z Get:2 http://archive.ubuntu.com/ubuntu noble InRelease [256 kB]
job-core	Install GH CLI	2026-02-10T13:20:53.2949686Z Get:3 http://archive.ubuntu.com/ubuntu noble-updates InRelease [126 kB]
job-core	Install GH CLI	2026-02-10T13:20:53.4952940Z Get:4 https://cli.github.com/packages stable InRelease [3917 B]
job-core	Install GH CLI	2026-02-10T13:20:53.6776030Z Get:5 https://ppa.launchpadcontent.net/git-core/ppa/ubuntu noble InRelease [24.3 kB]
job-core	Install GH CLI	2026-02-10T13:20:53.6874906Z Get:6 http://archive.ubuntu.com/ubuntu noble-backports InRelease [126 kB]
job-core	Install GH CLI	2026-02-10T13:21:01.6894708Z Get:7 http://security.ubuntu.com/ubuntu noble-security/main amd64 Packages [1822 kB]
job-core	Install GH CLI	2026-02-10T13:21:05.6463450Z Get:8 http://security.ubuntu.com/ubuntu noble-security/restricted amd64 Packages [3106 kB]
job-core	Install GH CLI	2026-02-10T13:21:08.4909829Z Get:9 http://security.ubuntu.com/ubuntu noble-security/multiverse amd64 Packages [34.8 kB]
job-core	Install GH CLI	2026-02-10T13:21:09.5083425Z Get:10 http://security.ubuntu.com/ubuntu noble-security/universe amd64 Packages [1199 kB]
job-core	Install GH CLI	2026-02-10T13:21:18.6189961Z Get:11 http://archive.ubuntu.com/ubuntu noble/restricted amd64 Packages [117 kB]
job-core	Install GH CLI	2026-02-10T13:21:18.8595152Z Get:12 http://archive.ubuntu.com/ubuntu noble/main amd64 Packages [1808 kB]
job-core	Install GH CLI	2026-02-10T13:21:20.5485968Z Get:13 http://archive.ubuntu.com/ubuntu noble/multiverse amd64 Packages [331 kB]
job-core	Install GH CLI	2026-02-10T13:21:24.4398608Z Get:14 http://archive.ubuntu.com/ubuntu noble/universe amd64 Packages [19.3 MB]
job-core	Install GH CLI	2026-02-10T13:21:24.7076976Z Get:15 https://cli.github.com/packages stable/main amd64 Packages [356 B]
job-core	Install GH CLI	2026-02-10T13:21:41.9710395Z Get:16 https://ppa.launchpadcontent.net/git-core/ppa/ubuntu noble/main amd64 Packages [2994 B]
job-core	Install GH CLI	2026-02-10T13:21:45.1464760Z Get:17 http://archive.ubuntu.com/ubuntu noble-updates/restricted amd64 Packages [3287 kB]
job-core	Install GH CLI	2026-02-10T13:21:47.9466767Z Get:18 http://archive.ubuntu.com/ubuntu noble-updates/main amd64 Packages [2201 kB]
job-core	Install GH CLI	2026-02-10T13:21:48.9674424Z Get:19 http://archive.ubuntu.com/ubuntu noble-updates/multiverse amd64 Packages [38.1 kB]
job-core	Install GH CLI	2026-02-10T13:21:49.1429446Z Get:20 http://archive.ubuntu.com/ubuntu noble-updates/universe amd64 Packages [1978 kB]
job-core	Install GH CLI	2026-02-10T13:21:49.8294057Z Get:21 http://archive.ubuntu.com/ubuntu noble-backports/main amd64 Packages [49.5 kB]
job-core	Install GH CLI	2026-02-10T13:21:49.9965894Z Get:22 http://archive.ubuntu.com/ubuntu noble-backports/universe amd64 Packages [34.6 kB]
job-core	Install GH CLI	2026-02-10T13:22:19.4840696Z Fetched 36.0 MB in 1min 30s (401 kB/s)
job-core	Install GH CLI	2026-02-10T13:22:41.7427625Z Reading package lists...
job-core	Install GH CLI	2026-02-10T13:23:07.7409308Z Reading package lists...
job-core	Install GH CLI	2026-02-10T13:23:08.1956884Z Building dependency tree...
job-core	Install GH CLI	2026-02-10T13:23:08.1958675Z Reading state information...
job-core	Install GH CLI	2026-02-10T13:23:11.8266200Z The following NEW packages will be installed:
job-core	Install GH CLI	2026-02-10T13:23:11.9104134Z   gh
job-core	Install GH CLI	2026-02-10T13:23:13.1585359Z 0 upgraded, 1 newly installed, 0 to remove and 18 not upgraded.
job-core	Install GH CLI	2026-02-10T13:23:13.1641594Z Need to get 13.7 MB of archives.
job-core	Install GH CLI	2026-02-10T13:23:13.1649039Z After this operation, 37.9 MB of additional disk space will be used.
job-core	Install GH CLI	2026-02-10T13:23:13.2339996Z Get:1 https://cli.github.com/packages stable/main amd64 gh amd64 2.86.0 [13.7 MB]
job-core	Install GH CLI	2026-02-10T13:23:21.1491614Z debconf: delaying package configuration, since apt-utils is not installed
job-core	Install GH CLI	2026-02-10T13:23:22.6078278Z Fetched 13.7 MB in 3s (5384 kB/s)
job-core	Install GH CLI	2026-02-10T13:23:24.7581192Z Selecting previously unselected package gh.
job-core	Install GH CLI	2026-02-10T13:23:24.9410003Z (Reading database ... 
job-core	Install GH CLI	2026-02-10T13:23:24.9416938Z (Reading database ... 5%
job-core	Install GH CLI	2026-02-10T13:23:24.9419193Z (Reading database ... 10%
job-core	Install GH CLI	2026-02-10T13:23:24.9421218Z (Reading database ... 15%
job-core	Install GH CLI	2026-02-10T13:23:24.9422358Z (Reading database ... 20%
job-core	Install GH CLI	2026-02-10T13:23:24.9423815Z (Reading database ... 25%
job-core	Install GH CLI	2026-02-10T13:23:24.9425003Z (Reading database ... 30%
job-core	Install GH CLI	2026-02-10T13:23:24.9426293Z (Reading database ... 35%
job-core	Install GH CLI	2026-02-10T13:23:24.9505099Z (Reading database ... 40%
job-core	Install GH CLI	2026-02-10T13:23:24.9618939Z (Reading database ... 45%
job-core	Install GH CLI	2026-02-10T13:23:24.9805526Z (Reading database ... 50%
job-core	Install GH CLI	2026-02-10T13:23:24.9806202Z (Reading database ... 55%
job-core	Install GH CLI	2026-02-10T13:23:24.9806767Z (Reading database ... 60%
job-core	Install GH CLI	2026-02-10T13:23:24.9958874Z (Reading database ... 65%
job-core	Install GH CLI	2026-02-10T13:23:24.9981709Z (Reading database ... 70%
job-core	Install GH CLI	2026-02-10T13:23:25.0301567Z (Reading database ... 75%
job-core	Install GH CLI	2026-02-10T13:23:25.1022945Z (Reading database ... 80%
job-core	Install GH CLI	2026-02-10T13:23:25.1324117Z (Reading database ... 85%
job-core	Install GH CLI	2026-02-10T13:23:25.2623413Z (Reading database ... 90%
job-core	Install GH CLI	2026-02-10T13:23:25.3742490Z (Reading database ... 95%
job-core	Install GH CLI	2026-02-10T13:23:25.3876161Z (Reading database ... 100%
job-core	Install GH CLI	2026-02-10T13:23:25.3877595Z (Reading database ... 14385 files and directories currently installed.)
job-core	Install GH CLI	2026-02-10T13:23:25.4093424Z Preparing to unpack .../archives/gh_2.86.0_amd64.deb ...
job-core	Install GH CLI	2026-02-10T13:23:25.4868508Z Unpacking gh (2.86.0) ...
job-core	Install GH CLI	2026-02-10T13:23:43.1927793Z Setting up gh (2.86.0) ...
job-core	Setup Python and Node.js	﻿2026-02-10T13:23:45.4899302Z ##[group]Run actions/setup-python@v5
job-core	Setup Python and Node.js	2026-02-10T13:23:45.4900281Z with:
job-core	Setup Python and Node.js	2026-02-10T13:23:45.4900786Z   python-version: 3.x
job-core	Setup Python and Node.js	2026-02-10T13:23:45.4901354Z   check-latest: false
job-core	Setup Python and Node.js	2026-02-10T13:23:45.4902250Z   token: ***
job-core	Setup Python and Node.js	2026-02-10T13:23:45.4913495Z   update-environment: true
job-core	Setup Python and Node.js	2026-02-10T13:23:45.4914168Z   allow-prereleases: false
job-core	Setup Python and Node.js	2026-02-10T13:23:45.4914777Z   freethreaded: false
job-core	Setup Python and Node.js	2026-02-10T13:23:45.4915292Z env:
job-core	Setup Python and Node.js	2026-02-10T13:23:45.4915766Z   KAOS_MODULE: [Ka0S] YAMLLINT
job-core	Setup Python and Node.js	2026-02-10T13:23:45.4916735Z   GH_TOKEN: ***
job-core	Setup Python and Node.js	2026-02-10T13:23:45.4917430Z   KAOS_YAMLLINT_CONFIG: core/config/kaos-yamllint-config.yaml
job-core	Setup Python and Node.js	2026-02-10T13:23:45.4927929Z   KAOS_PRETTIER_CONFIG: compliance/yaml/.prettierrc.json
job-core	Setup Python and Node.js	2026-02-10T13:23:45.4929154Z   KAOS_PATH_RESUME: audit/yamllint/
job-core	Setup Python and Node.js	2026-02-10T13:23:45.4930193Z   KAOS_REPO: /actions-runner/_work/kaos/kaos
job-core	Setup Python and Node.js	2026-02-10T13:23:45.4931020Z   KAOS_STEP_MODULE: 
job-core	Setup Python and Node.js	2026-02-10T13:23:45.6800695Z   KAOS_CODE: 21865816216
job-core	Setup Python and Node.js	2026-02-10T13:23:45.6801454Z   KAOS_REF_BRANCH: main
job-core	Setup Python and Node.js	2026-02-10T13:23:45.6801972Z ##[endgroup]
job-core	Setup Python and Node.js	2026-02-10T13:23:48.5240693Z ##[group]Installed versions
job-core	Setup Python and Node.js	2026-02-10T13:23:48.5276938Z Version 3.x was not found in the local cache
job-core	Setup Python and Node.js	2026-02-10T13:23:49.7393129Z Version 3.x is available for downloading
job-core	Setup Python and Node.js	2026-02-10T13:23:49.7396622Z Download from "https://github.com/actions/python-versions/releases/download/3.14.3-21673711214/python-3.14.3-linux-24.04-x64.tar.gz"
job-core	Setup Python and Node.js	2026-02-10T13:25:00.4963812Z Extract downloaded archive
job-core	Setup Python and Node.js	2026-02-10T13:25:00.6760437Z [command]/usr/bin/tar xz --warning=no-unknown-keyword --overwrite -C /home/runner/_work/_temp/ef4ffcf7-6b74-4dc6-a27b-81924c9d3d81 -f /home/runner/_work/_temp/af9f977d-a45d-4c52-b5db-1210c3ad3ba3
job-core	Setup Python and Node.js	2026-02-10T13:27:41.4343799Z Execute installation script
job-core	Setup Python and Node.js	2026-02-10T13:27:41.5952421Z Check if Python hostedtoolcache folder exist...
job-core	Setup Python and Node.js	2026-02-10T13:27:41.5953827Z Creating Python hostedtoolcache folder...
job-core	Setup Python and Node.js	2026-02-10T13:27:41.6264245Z Create Python 3.14.3 folder
job-core	Setup Python and Node.js	2026-02-10T13:27:42.1543567Z Copy Python binaries to hostedtoolcache folder
job-core	Setup Python and Node.js	2026-02-10T13:31:06.8226636Z Create additional symlinks (Required for the UsePythonVersion Azure Pipelines task and the setup-python GitHub Action)
job-core	Setup Python and Node.js	2026-02-10T13:31:07.0769166Z Upgrading pip...
job-core	Setup Python and Node.js	2026-02-10T13:32:46.5579325Z Looking in links: /tmp/tmphtoe0630
job-core	Setup Python and Node.js	2026-02-10T13:32:46.5581820Z Requirement already satisfied: pip in /home/runner/_work/_tool/Python/3.14.3/x64/lib/python3.14/site-packages (25.3)
job-core	Setup Python and Node.js	2026-02-10T13:33:58.6009213Z Collecting pip
job-core	Setup Python and Node.js	2026-02-10T13:34:00.4282304Z Downloading pip-26.0.1-py3-none-any.whl.metadata (4.7 kB)
job-core	Setup Python and Node.js	2026-02-10T13:34:01.1821693Z Downloading pip-26.0.1-py3-none-any.whl (1.8 MB)
job-core	Setup Python and Node.js	2026-02-10T13:34:03.4778299Z ━━━━━━━━━━━━━━━━━━━━━━━━━━━━━━━━━━━━━━━━ 1.8/1.8 MB 842.1 kB/s  0:00:02
job-core	Setup Python and Node.js	2026-02-10T13:34:03.4821933Z 
job-core	Setup Python and Node.js	2026-02-10T13:34:04.3900757Z Installing collected packages: pip
job-core	Setup Python and Node.js	2026-02-10T13:34:04.3902104Z Attempting uninstall: pip
job-core	Setup Python and Node.js	2026-02-10T13:34:04.3996643Z Found existing installation: pip 25.3
job-core	Setup Python and Node.js	2026-02-10T13:34:07.2439611Z Uninstalling pip-25.3:
job-core	Setup Python and Node.js	2026-02-10T13:34:07.2889890Z Successfully uninstalled pip-25.3
job-core	Setup Python and Node.js	2026-02-10T13:35:01.2244125Z Successfully installed pip-26.0.1
job-core	Setup Python and Node.js	2026-02-10T13:35:03.4252989Z Create complete file
job-core	Setup Python and Node.js	2026-02-10T13:35:03.4302511Z Successfully set up CPython (3.14.3)
job-core	Setup Python and Node.js	2026-02-10T13:35:03.4303504Z ##[endgroup]
job-core	Install Node.js	﻿2026-02-10T13:35:04.1516576Z ##[group]Run actions/setup-node@v4
job-core	Install Node.js	2026-02-10T13:35:04.1517411Z with:
job-core	Install Node.js	2026-02-10T13:35:04.1998527Z   node-version: 20
job-core	Install Node.js	2026-02-10T13:35:04.1999316Z   always-auth: false
job-core	Install Node.js	2026-02-10T13:35:04.1999816Z   check-latest: false
job-core	Install Node.js	2026-02-10T13:35:04.2000685Z   token: ***
job-core	Install Node.js	2026-02-10T13:35:04.2001148Z env:
job-core	Install Node.js	2026-02-10T13:35:04.2001609Z   KAOS_MODULE: [Ka0S] YAMLLINT
job-core	Install Node.js	2026-02-10T13:35:04.2002439Z   GH_TOKEN: ***
job-core	Install Node.js	2026-02-10T13:35:04.2003138Z   KAOS_YAMLLINT_CONFIG: core/config/kaos-yamllint-config.yaml
job-core	Install Node.js	2026-02-10T13:35:04.2004170Z   KAOS_PRETTIER_CONFIG: compliance/yaml/.prettierrc.json
job-core	Install Node.js	2026-02-10T13:35:04.2005041Z   KAOS_PATH_RESUME: audit/yamllint/
job-core	Install Node.js	2026-02-10T13:35:04.2005766Z   KAOS_REPO: /actions-runner/_work/kaos/kaos
job-core	Install Node.js	2026-02-10T13:35:04.2006507Z   KAOS_STEP_MODULE: 
job-core	Install Node.js	2026-02-10T13:35:04.2007053Z   KAOS_CODE: 21865816216
job-core	Install Node.js	2026-02-10T13:35:04.2007651Z   KAOS_REF_BRANCH: main
job-core	Install Node.js	2026-02-10T13:35:04.2921711Z   pythonLocation: /home/runner/_work/_tool/Python/3.14.3/x64
job-core	Install Node.js	2026-02-10T13:35:04.2923214Z   PKG_CONFIG_PATH: /home/runner/_work/_tool/Python/3.14.3/x64/lib/pkgconfig
job-core	Install Node.js	2026-02-10T13:35:04.3448489Z   Python_ROOT_DIR: /home/runner/_work/_tool/Python/3.14.3/x64
job-core	Install Node.js	2026-02-10T13:35:04.3625435Z   Python2_ROOT_DIR: /home/runner/_work/_tool/Python/3.14.3/x64
job-core	Install Node.js	2026-02-10T13:35:04.3626847Z   Python3_ROOT_DIR: /home/runner/_work/_tool/Python/3.14.3/x64
job-core	Install Node.js	2026-02-10T13:35:04.3628059Z   LD_LIBRARY_PATH: /home/runner/_work/_tool/Python/3.14.3/x64/lib
job-core	Install Node.js	2026-02-10T13:35:04.3628904Z ##[endgroup]
job-core	Install Node.js	2026-02-10T13:35:17.9118143Z Attempting to download 20...
job-core	Install Node.js	2026-02-10T13:35:19.7599485Z Acquiring 20.20.0 - x64 from https://github.com/actions/node-versions/releases/download/20.20.0-20981710805/node-20.20.0-linux-x64.tar.gz
job-core	Install Node.js	2026-02-10T13:35:39.3386870Z Extracting ...
job-core	Install Node.js	2026-02-10T13:35:39.4494196Z [command]/usr/bin/tar xz --strip 1 --warning=no-unknown-keyword --overwrite -C /home/runner/_work/_temp/d021f0d5-ca89-4851-ab0e-c6ca679442ed -f /home/runner/_work/_temp/5d88086e-f88b-4069-a99f-632cc941e9b0
job-core	Install Node.js	2026-02-10T13:36:46.2859384Z Adding to the cache ...
job-core	Install Node.js	2026-02-10T13:40:13.9295528Z ##[group]Environment details
job-core	Install Node.js	2026-02-10T13:40:20.5816509Z node: v20.20.0
job-core	Install Node.js	2026-02-10T13:40:20.5818263Z npm: 10.8.2
job-core	Install Node.js	2026-02-10T13:40:20.5819162Z yarn: 
job-core	Install Node.js	2026-02-10T13:40:20.5860055Z ##[endgroup]
job-core	Run Ka0s Lint YAML Action	﻿2026-02-10T13:40:22.7241975Z Prepare all required actions
job-core	Run Ka0s Lint YAML Action	2026-02-10T13:40:23.8122971Z ##[group]Run ./.github/actions/kaos-lint-yaml
job-core	Run Ka0s Lint YAML Action	2026-02-10T13:40:23.8123702Z with:
job-core	Run Ka0s Lint YAML Action	2026-02-10T13:40:23.8124447Z   file_path: core/b2b/core-services/soc/wazuh-agent.yaml
job-core	Run Ka0s Lint YAML Action	2026-02-10T13:40:23.8125249Z   fix: true
job-core	Run Ka0s Lint YAML Action	2026-02-10T13:40:23.8125893Z   path_resume: audit/yamllint/yamllint-results-21865816216.txt
job-core	Run Ka0s Lint YAML Action	2026-02-10T13:40:23.8127092Z   yamllint_config: core/config/kaos-yamllint-config.yaml
job-core	Run Ka0s Lint YAML Action	2026-02-10T13:40:23.8128806Z   prettier_config: compliance/yaml/.prettierrc.json
job-core	Run Ka0s Lint YAML Action	2026-02-10T13:40:23.8129540Z env:
job-core	Run Ka0s Lint YAML Action	2026-02-10T13:40:23.8130018Z   KAOS_MODULE: [Ka0S] YAMLLINT
job-core	Run Ka0s Lint YAML Action	2026-02-10T13:40:23.8130983Z   GH_TOKEN: ***
job-core	Run Ka0s Lint YAML Action	2026-02-10T13:40:23.8131642Z   KAOS_YAMLLINT_CONFIG: core/config/kaos-yamllint-config.yaml
job-core	Run Ka0s Lint YAML Action	2026-02-10T13:40:23.8132724Z   KAOS_PRETTIER_CONFIG: compliance/yaml/.prettierrc.json
job-core	Run Ka0s Lint YAML Action	2026-02-10T13:40:23.8133590Z   KAOS_PATH_RESUME: audit/yamllint/
job-core	Run Ka0s Lint YAML Action	2026-02-10T13:40:23.8134371Z   KAOS_REPO: /actions-runner/_work/kaos/kaos
job-core	Run Ka0s Lint YAML Action	2026-02-10T13:40:23.8135165Z   KAOS_STEP_MODULE: 
job-core	Run Ka0s Lint YAML Action	2026-02-10T13:40:23.8136081Z   KAOS_CODE: 21865816216
job-core	Run Ka0s Lint YAML Action	2026-02-10T13:40:23.8136682Z   KAOS_REF_BRANCH: main
job-core	Run Ka0s Lint YAML Action	2026-02-10T13:40:23.8137345Z   pythonLocation: /home/runner/_work/_tool/Python/3.14.3/x64
job-core	Run Ka0s Lint YAML Action	2026-02-10T13:40:23.8138661Z   PKG_CONFIG_PATH: /home/runner/_work/_tool/Python/3.14.3/x64/lib/pkgconfig
job-core	Run Ka0s Lint YAML Action	2026-02-10T13:40:23.8139720Z   Python_ROOT_DIR: /home/runner/_work/_tool/Python/3.14.3/x64
job-core	Run Ka0s Lint YAML Action	2026-02-10T13:40:23.8140681Z   Python2_ROOT_DIR: /home/runner/_work/_tool/Python/3.14.3/x64
job-core	Run Ka0s Lint YAML Action	2026-02-10T13:40:23.8141678Z   Python3_ROOT_DIR: /home/runner/_work/_tool/Python/3.14.3/x64
job-core	Run Ka0s Lint YAML Action	2026-02-10T13:40:23.8142780Z   LD_LIBRARY_PATH: /home/runner/_work/_tool/Python/3.14.3/x64/lib
job-core	Run Ka0s Lint YAML Action	2026-02-10T13:40:23.8143637Z ##[endgroup]
job-core	Run Ka0s Lint YAML Action	2026-02-10T13:40:23.8267571Z ##[group]Run if ! command -v yamllint &> /dev/null; then pip install yamllint; fi
job-core	Run Ka0s Lint YAML Action	2026-02-10T13:40:23.8279651Z [36;1mif ! command -v yamllint &> /dev/null; then pip install yamllint; fi[0m
job-core	Run Ka0s Lint YAML Action	2026-02-10T13:40:23.8281755Z [36;1mif ! command -v prettier &> /dev/null; then npm install -g prettier; fi[0m
job-core	Run Ka0s Lint YAML Action	2026-02-10T13:40:23.8284301Z [36;1mmkdir -p $(dirname "audit/yamllint/yamllint-results-21865816216.txt")[0m
job-core	Run Ka0s Lint YAML Action	2026-02-10T13:40:23.8384363Z shell: /usr/bin/bash --noprofile --norc -e -o pipefail {0}
job-core	Run Ka0s Lint YAML Action	2026-02-10T13:40:23.8385343Z env:
job-core	Run Ka0s Lint YAML Action	2026-02-10T13:40:23.8385958Z   KAOS_MODULE: [Ka0S] YAMLLINT
job-core	Run Ka0s Lint YAML Action	2026-02-10T13:40:23.8386942Z   GH_TOKEN: ***
job-core	Run Ka0s Lint YAML Action	2026-02-10T13:40:23.8387562Z   KAOS_YAMLLINT_CONFIG: core/config/kaos-yamllint-config.yaml
job-core	Run Ka0s Lint YAML Action	2026-02-10T13:40:23.8389558Z   KAOS_PRETTIER_CONFIG: compliance/yaml/.prettierrc.json
job-core	Run Ka0s Lint YAML Action	2026-02-10T13:40:23.8390473Z   KAOS_PATH_RESUME: audit/yamllint/
job-core	Run Ka0s Lint YAML Action	2026-02-10T13:40:23.8391227Z   KAOS_REPO: /actions-runner/_work/kaos/kaos
job-core	Run Ka0s Lint YAML Action	2026-02-10T13:40:23.8391906Z   KAOS_STEP_MODULE: 
job-core	Run Ka0s Lint YAML Action	2026-02-10T13:40:23.8393016Z   KAOS_CODE: 21865816216
job-core	Run Ka0s Lint YAML Action	2026-02-10T13:40:23.8398250Z   KAOS_REF_BRANCH: main
job-core	Run Ka0s Lint YAML Action	2026-02-10T13:40:23.8399103Z   pythonLocation: /home/runner/_work/_tool/Python/3.14.3/x64
job-core	Run Ka0s Lint YAML Action	2026-02-10T13:40:23.8400140Z   PKG_CONFIG_PATH: /home/runner/_work/_tool/Python/3.14.3/x64/lib/pkgconfig
job-core	Run Ka0s Lint YAML Action	2026-02-10T13:40:23.8401252Z   Python_ROOT_DIR: /home/runner/_work/_tool/Python/3.14.3/x64
job-core	Run Ka0s Lint YAML Action	2026-02-10T13:40:23.8402249Z   Python2_ROOT_DIR: /home/runner/_work/_tool/Python/3.14.3/x64
job-core	Run Ka0s Lint YAML Action	2026-02-10T13:40:23.8403674Z   Python3_ROOT_DIR: /home/runner/_work/_tool/Python/3.14.3/x64
job-core	Run Ka0s Lint YAML Action	2026-02-10T13:40:23.8411020Z   LD_LIBRARY_PATH: /home/runner/_work/_tool/Python/3.14.3/x64/lib
job-core	Run Ka0s Lint YAML Action	2026-02-10T13:40:23.8411975Z ##[endgroup]
job-core	Run Ka0s Lint YAML Action	2026-02-10T13:40:51.8564105Z Collecting yamllint
job-core	Run Ka0s Lint YAML Action	2026-02-10T13:40:52.5169891Z   Downloading yamllint-1.38.0-py3-none-any.whl.metadata (4.2 kB)
job-core	Run Ka0s Lint YAML Action	2026-02-10T13:40:52.8420152Z Collecting pathspec>=1.0.0 (from yamllint)
job-core	Run Ka0s Lint YAML Action	2026-02-10T13:40:52.9085362Z   Downloading pathspec-1.0.4-py3-none-any.whl.metadata (13 kB)
job-core	Run Ka0s Lint YAML Action	2026-02-10T13:40:55.4556457Z Collecting pyyaml (from yamllint)
job-core	Run Ka0s Lint YAML Action	2026-02-10T13:40:55.4966429Z   Downloading pyyaml-6.0.3-cp314-cp314-manylinux2014_x86_64.manylinux_2_17_x86_64.manylinux_2_28_x86_64.whl.metadata (2.4 kB)
job-core	Run Ka0s Lint YAML Action	2026-02-10T13:40:55.5881793Z Downloading yamllint-1.38.0-py3-none-any.whl (68 kB)
job-core	Run Ka0s Lint YAML Action	2026-02-10T13:40:55.7096408Z Downloading pathspec-1.0.4-py3-none-any.whl (55 kB)
job-core	Run Ka0s Lint YAML Action	2026-02-10T13:40:55.8497012Z Downloading pyyaml-6.0.3-cp314-cp314-manylinux2014_x86_64.manylinux_2_17_x86_64.manylinux_2_28_x86_64.whl (794 kB)
job-core	Run Ka0s Lint YAML Action	2026-02-10T13:40:56.3530173Z    ━━━━━━━━━━━━━━━━━━━━━━━━━━━━━━━━━━━━━━━━ 794.2/794.2 kB 1.4 MB/s  0:00:00
job-core	Run Ka0s Lint YAML Action	2026-02-10T13:40:56.7559476Z Installing collected packages: pyyaml, pathspec, yamllint
job-core	Run Ka0s Lint YAML Action	2026-02-10T13:41:06.3900498Z 
job-core	Run Ka0s Lint YAML Action	2026-02-10T13:41:06.5141458Z Successfully installed pathspec-1.0.4 pyyaml-6.0.3 yamllint-1.38.0
job-core	Run Ka0s Lint YAML Action	2026-02-10T13:41:35.7462257Z 
job-core	Run Ka0s Lint YAML Action	2026-02-10T13:41:35.7463339Z added 1 package in 20s
job-core	Run Ka0s Lint YAML Action	2026-02-10T13:41:35.7471705Z 
job-core	Run Ka0s Lint YAML Action	2026-02-10T13:41:35.7479097Z 1 package is looking for funding
job-core	Run Ka0s Lint YAML Action	2026-02-10T13:41:35.7490021Z   run `npm fund` for details
job-core	Run Ka0s Lint YAML Action	2026-02-10T13:41:36.1085870Z ##[group]Run FILE="core/b2b/core-services/soc/wazuh-agent.yaml"
job-core	Run Ka0s Lint YAML Action	2026-02-10T13:41:36.1087786Z [36;1mFILE="core/b2b/core-services/soc/wazuh-agent.yaml"[0m
job-core	Run Ka0s Lint YAML Action	2026-02-10T13:41:36.1784344Z [36;1mRESUME_FILE="audit/yamllint/yamllint-results-21865816216.txt"[0m
job-core	Run Ka0s Lint YAML Action	2026-02-10T13:41:36.1796578Z [36;1mYAML_CFG="core/config/kaos-yamllint-config.yaml"[0m
job-core	Run Ka0s Lint YAML Action	2026-02-10T13:41:36.1797952Z [36;1mPRETTIER_CFG="compliance/yaml/.prettierrc.json"[0m
job-core	Run Ka0s Lint YAML Action	2026-02-10T13:41:36.1799675Z [36;1m[0m
job-core	Run Ka0s Lint YAML Action	2026-02-10T13:41:36.1800611Z [36;1mecho "Starting YAML Check for: $FILE" >> "$RESUME_FILE"[0m
job-core	Run Ka0s Lint YAML Action	2026-02-10T13:41:36.1801994Z [36;1m[0m
job-core	Run Ka0s Lint YAML Action	2026-02-10T13:41:36.1803746Z [36;1m# 1. Syntax (yamllint)[0m
job-core	Run Ka0s Lint YAML Action	2026-02-10T13:41:36.1806034Z [36;1mif ! yamllint -c "$YAML_CFG" "$FILE" >> "$RESUME_FILE" 2>&1; then[0m
job-core	Run Ka0s Lint YAML Action	2026-02-10T13:41:36.1807610Z [36;1m  echo "❌ Syntax Error detected by Yamllint" >> "$RESUME_FILE"[0m
job-core	Run Ka0s Lint YAML Action	2026-02-10T13:41:36.1809031Z [36;1m  exit 1[0m
job-core	Run Ka0s Lint YAML Action	2026-02-10T13:41:36.1809634Z [36;1melse[0m
job-core	Run Ka0s Lint YAML Action	2026-02-10T13:41:36.1810836Z [36;1m  echo "✅ Syntax Check Passed" >> "$RESUME_FILE"[0m
job-core	Run Ka0s Lint YAML Action	2026-02-10T13:41:36.1811897Z [36;1mfi[0m
job-core	Run Ka0s Lint YAML Action	2026-02-10T13:41:36.1812514Z [36;1m[0m
job-core	Run Ka0s Lint YAML Action	2026-02-10T13:41:36.1813026Z [36;1m# 2. Style (Prettier)[0m
job-core	Run Ka0s Lint YAML Action	2026-02-10T13:41:36.1813852Z [36;1mif ! prettier --check "$FILE" --config "$PRETTIER_CFG"; then[0m
job-core	Run Ka0s Lint YAML Action	2026-02-10T13:41:36.1814817Z [36;1m  echo "⚠️ Style Error detected." >> "$RESUME_FILE"[0m
job-core	Run Ka0s Lint YAML Action	2026-02-10T13:41:36.1815520Z [36;1m  [0m
job-core	Run Ka0s Lint YAML Action	2026-02-10T13:41:36.1816001Z [36;1m  if [ "true" == "true" ]; then[0m
job-core	Run Ka0s Lint YAML Action	2026-02-10T13:41:36.1816738Z [36;1m    echo "Attempting Self-Healing..." >> "$RESUME_FILE"[0m
job-core	Run Ka0s Lint YAML Action	2026-02-10T13:41:36.1817713Z [36;1m    if prettier --write "$FILE" --config "$PRETTIER_CFG"; then[0m
job-core	Run Ka0s Lint YAML Action	2026-02-10T13:41:36.1849450Z [36;1m      echo "✅ Self-Healing Successful." >> "$RESUME_FILE"[0m
job-core	Run Ka0s Lint YAML Action	2026-02-10T13:41:36.1850396Z [36;1m    else[0m
job-core	Run Ka0s Lint YAML Action	2026-02-10T13:41:36.1850985Z [36;1m      echo "❌ Self-Healing Failed." >> "$RESUME_FILE"[0m
job-core	Run Ka0s Lint YAML Action	2026-02-10T13:41:36.1851784Z [36;1m      exit 1[0m
job-core	Run Ka0s Lint YAML Action	2026-02-10T13:41:36.2041051Z [36;1m    fi[0m
job-core	Run Ka0s Lint YAML Action	2026-02-10T13:41:36.2041551Z [36;1m  else[0m
job-core	Run Ka0s Lint YAML Action	2026-02-10T13:41:36.2042519Z [36;1m     echo "❌ Style violations found (Fix mode disabled)." >> "$RESUME_FILE"[0m
job-core	Run Ka0s Lint YAML Action	2026-02-10T13:41:36.2043561Z [36;1m     exit 1[0m
job-core	Run Ka0s Lint YAML Action	2026-02-10T13:41:36.2044080Z [36;1m  fi[0m
job-core	Run Ka0s Lint YAML Action	2026-02-10T13:41:36.2044524Z [36;1melse[0m
job-core	Run Ka0s Lint YAML Action	2026-02-10T13:41:36.2045081Z [36;1m  echo "✅ Style Check Passed" >> "$RESUME_FILE"[0m
job-core	Run Ka0s Lint YAML Action	2026-02-10T13:41:36.2045811Z [36;1mfi[0m
job-core	Run Ka0s Lint YAML Action	2026-02-10T13:41:36.2768339Z shell: /usr/bin/bash --noprofile --norc -e -o pipefail {0}
job-core	Run Ka0s Lint YAML Action	2026-02-10T13:41:36.2769350Z env:
job-core	Run Ka0s Lint YAML Action	2026-02-10T13:41:36.2781912Z   KAOS_MODULE: [Ka0S] YAMLLINT
job-core	Run Ka0s Lint YAML Action	2026-02-10T13:41:36.2826197Z   GH_TOKEN: ***
job-core	Run Ka0s Lint YAML Action	2026-02-10T13:41:36.2835610Z   KAOS_YAMLLINT_CONFIG: core/config/kaos-yamllint-config.yaml
job-core	Run Ka0s Lint YAML Action	2026-02-10T13:41:36.2837127Z   KAOS_PRETTIER_CONFIG: compliance/yaml/.prettierrc.json
job-core	Run Ka0s Lint YAML Action	2026-02-10T13:41:36.2838131Z   KAOS_PATH_RESUME: audit/yamllint/
job-core	Run Ka0s Lint YAML Action	2026-02-10T13:41:36.2838978Z   KAOS_REPO: /actions-runner/_work/kaos/kaos
job-core	Run Ka0s Lint YAML Action	2026-02-10T13:41:36.2839969Z   KAOS_STEP_MODULE: 
job-core	Run Ka0s Lint YAML Action	2026-02-10T13:41:36.2840681Z   KAOS_CODE: 21865816216
job-core	Run Ka0s Lint YAML Action	2026-02-10T13:41:36.2841394Z   KAOS_REF_BRANCH: main
job-core	Run Ka0s Lint YAML Action	2026-02-10T13:41:36.2842596Z   pythonLocation: /home/runner/_work/_tool/Python/3.14.3/x64
job-core	Run Ka0s Lint YAML Action	2026-02-10T13:41:36.2844713Z   PKG_CONFIG_PATH: /home/runner/_work/_tool/Python/3.14.3/x64/lib/pkgconfig
job-core	Run Ka0s Lint YAML Action	2026-02-10T13:41:36.2845807Z   Python_ROOT_DIR: /home/runner/_work/_tool/Python/3.14.3/x64
job-core	Run Ka0s Lint YAML Action	2026-02-10T13:41:36.2847094Z   Python2_ROOT_DIR: /home/runner/_work/_tool/Python/3.14.3/x64
job-core	Run Ka0s Lint YAML Action	2026-02-10T13:41:36.3407248Z   Python3_ROOT_DIR: /home/runner/_work/_tool/Python/3.14.3/x64
job-core	Run Ka0s Lint YAML Action	2026-02-10T13:41:36.3409016Z   LD_LIBRARY_PATH: /home/runner/_work/_tool/Python/3.14.3/x64/lib
job-core	Run Ka0s Lint YAML Action	2026-02-10T13:41:36.3410307Z ##[endgroup]
job-core	Run Ka0s Lint YAML Action	2026-02-10T13:41:41.5121126Z ##[error]Process completed with exit code 1.
job-core	Report Status	﻿2026-02-10T13:41:41.8435574Z ##[group]Run FILE="core/b2b/core-services/soc/wazuh-agent.yaml"
job-core	Report Status	2026-02-10T13:41:41.8437349Z [36;1mFILE="core/b2b/core-services/soc/wazuh-agent.yaml"[0m
job-core	Report Status	2026-02-10T13:41:41.8442048Z [36;1mKAOS_ISSUE_BODY="The [Ka0S] YAMLLINT process (21865676499) failed. File ($FILE) has violations that could not be auto-fixed. Please check the logs."[0m
job-core	Report Status	2026-02-10T13:41:41.8443890Z [36;1mgh issue comment 3265 -b "$KAOS_ISSUE_BODY"[0m
job-core	Report Status	2026-02-10T13:41:41.8444671Z [36;1mexit 1[0m
job-core	Report Status	2026-02-10T13:41:41.9517727Z shell: /usr/bin/bash -e {0}
job-core	Report Status	2026-02-10T13:41:41.9678775Z env:
job-core	Report Status	2026-02-10T13:41:41.9679546Z   KAOS_MODULE: [Ka0S] YAMLLINT
job-core	Report Status	2026-02-10T13:41:41.9680904Z   GH_TOKEN: ***
job-core	Report Status	2026-02-10T13:41:41.9681917Z   KAOS_YAMLLINT_CONFIG: core/config/kaos-yamllint-config.yaml
job-core	Report Status	2026-02-10T13:41:41.9682963Z   KAOS_PRETTIER_CONFIG: compliance/yaml/.prettierrc.json
job-core	Report Status	2026-02-10T13:41:41.9683891Z   KAOS_PATH_RESUME: audit/yamllint/
job-core	Report Status	2026-02-10T13:41:41.9741061Z   KAOS_REPO: /actions-runner/_work/kaos/kaos
job-core	Report Status	2026-02-10T13:41:41.9742726Z   KAOS_STEP_MODULE: 
job-core	Report Status	2026-02-10T13:41:41.9769334Z   KAOS_CODE: 21865816216
job-core	Report Status	2026-02-10T13:41:41.9770064Z   KAOS_REF_BRANCH: main
job-core	Report Status	2026-02-10T13:41:41.9770896Z   pythonLocation: /home/runner/_work/_tool/Python/3.14.3/x64
job-core	Report Status	2026-02-10T13:41:41.9772228Z   PKG_CONFIG_PATH: /home/runner/_work/_tool/Python/3.14.3/x64/lib/pkgconfig
job-core	Report Status	2026-02-10T13:41:41.9773475Z   Python_ROOT_DIR: /home/runner/_work/_tool/Python/3.14.3/x64
job-core	Report Status	2026-02-10T13:41:41.9774656Z   Python2_ROOT_DIR: /home/runner/_work/_tool/Python/3.14.3/x64
job-core	Report Status	2026-02-10T13:41:41.9775880Z   Python3_ROOT_DIR: /home/runner/_work/_tool/Python/3.14.3/x64
job-core	Report Status	2026-02-10T13:41:41.9777045Z   LD_LIBRARY_PATH: /home/runner/_work/_tool/Python/3.14.3/x64/lib
job-core	Report Status	2026-02-10T13:41:41.9919504Z ##[endgroup]
job-core	Report Status	2026-02-10T13:41:56.0667768Z HTTP 401: Bad credentials (https://api.github.com/graphql)
job-core	Report Status	2026-02-10T13:41:56.0703269Z Try authenticating with:  gh auth login
job-core	Report Status	2026-02-10T13:41:56.1321562Z ##[error]Process completed with exit code 1.
job-core	Upload Logs	﻿2026-02-10T13:41:56.2915266Z ##[group]Run # Subir logs de auditoría si existen
job-core	Upload Logs	2026-02-10T13:41:56.2916354Z [36;1m# Subir logs de auditoría si existen[0m
job-core	Upload Logs	2026-02-10T13:41:56.2917500Z [36;1mif [ -f "audit/yamllint/yamllint-results-21865816216.txt" ]; then[0m
job-core	Upload Logs	2026-02-10T13:41:56.3192111Z [36;1m   git config --global user.name "***"[0m
job-core	Upload Logs	2026-02-10T13:41:56.3193634Z [36;1m   git config --global user.email "***"[0m
job-core	Upload Logs	2026-02-10T13:41:56.3194563Z [36;1m   git pull --rebase[0m
job-core	Upload Logs	2026-02-10T13:41:56.3195477Z [36;1m   git add audit/yamllint/*[0m
job-core	Upload Logs	2026-02-10T13:41:56.3196571Z [36;1m   if ! git diff --staged --quiet; then[0m
job-core	Upload Logs	2026-02-10T13:41:56.3198078Z [36;1m      git commit -m "[Ka0S] Uploading YAML compliance audit logs"[0m
job-core	Upload Logs	2026-02-10T13:41:56.3199225Z [36;1m      git push origin refs/heads/H3265-deploy-itop --force-with-lease[0m
job-core	Upload Logs	2026-02-10T13:41:56.3200242Z [36;1m   fi[0m
job-core	Upload Logs	2026-02-10T13:41:56.3200745Z [36;1mfi[0m
job-core	Upload Logs	2026-02-10T13:41:56.3626823Z shell: /usr/bin/bash -e {0}
job-core	Upload Logs	2026-02-10T13:41:56.3627452Z env:
job-core	Upload Logs	2026-02-10T13:41:56.3628300Z   KAOS_MODULE: [Ka0S] YAMLLINT
job-core	Upload Logs	2026-02-10T13:41:56.3629658Z   GH_TOKEN: ***
job-core	Upload Logs	2026-02-10T13:41:56.3630684Z   KAOS_YAMLLINT_CONFIG: core/config/kaos-yamllint-config.yaml
job-core	Upload Logs	2026-02-10T13:41:56.3632172Z   KAOS_PRETTIER_CONFIG: compliance/yaml/.prettierrc.json
job-core	Upload Logs	2026-02-10T13:41:56.3633318Z   KAOS_PATH_RESUME: audit/yamllint/
job-core	Upload Logs	2026-02-10T13:41:56.3666371Z   KAOS_REPO: /actions-runner/_work/kaos/kaos
job-core	Upload Logs	2026-02-10T13:41:56.3667269Z   KAOS_STEP_MODULE: 
job-core	Upload Logs	2026-02-10T13:41:56.3667966Z   KAOS_CODE: 21865816216
job-core	Upload Logs	2026-02-10T13:41:56.3668915Z   KAOS_REF_BRANCH: main
job-core	Upload Logs	2026-02-10T13:41:56.3669708Z   pythonLocation: /home/runner/_work/_tool/Python/3.14.3/x64
job-core	Upload Logs	2026-02-10T13:41:56.3670846Z   PKG_CONFIG_PATH: /home/runner/_work/_tool/Python/3.14.3/x64/lib/pkgconfig
job-core	Upload Logs	2026-02-10T13:41:56.3672438Z   Python_ROOT_DIR: /home/runner/_work/_tool/Python/3.14.3/x64
job-core	Upload Logs	2026-02-10T13:41:56.3673854Z   Python2_ROOT_DIR: /home/runner/_work/_tool/Python/3.14.3/x64
job-core	Upload Logs	2026-02-10T13:41:56.3675557Z   Python3_ROOT_DIR: /home/runner/_work/_tool/Python/3.14.3/x64
job-core	Upload Logs	2026-02-10T13:41:56.3755084Z   LD_LIBRARY_PATH: /home/runner/_work/_tool/Python/3.14.3/x64/lib
job-core	Upload Logs	2026-02-10T13:41:56.3756030Z ##[endgroup]
job-core	Upload Logs	2026-02-10T13:42:07.0174618Z From https://github.com/Ka0s-Klaus/ka0s
job-core	Upload Logs	2026-02-10T13:42:07.0190448Z    b3f26b271..0e2db5e33  H3265-deploy-itop -> origin/H3265-deploy-itop
job-core	Upload Logs	2026-02-10T13:42:07.0192223Z    57a6f8d56..71a16e5a9  main              -> origin/main
job-core	Upload Logs	2026-02-10T13:42:08.4280612Z Updating b3f26b271..0e2db5e33
job-core	Upload Logs	2026-02-10T13:42:08.4281451Z Fast-forward
job-core	Upload Logs	2026-02-10T13:42:09.5868551Z  audit/mdlint/mdlint-results-21865735969.txt     |  9 +++++++
job-core	Upload Logs	2026-02-10T13:42:09.5873635Z  audit/mdlint/mdlint-results-21865740162.txt     | 35 +++++++++++++++++++++++++
job-core	Upload Logs	2026-02-10T13:42:09.5875935Z  audit/mdlint/mdlint-results-21865761496.txt     | 31 ++++++++++++++++++++++
job-core	Upload Logs	2026-02-10T13:42:09.5958520Z  audit/mdlint/mdlint-results-21865801551.txt     |  7 +++++
job-core	Upload Logs	2026-02-10T13:42:09.5981074Z  audit/yamllint/yamllint-results-21865742597.txt |  3 +++
job-core	Upload Logs	2026-02-10T13:42:09.6269742Z  audit/yamllint/yamllint-results-21865743832.txt |  6 +++++
job-core	Upload Logs	2026-02-10T13:42:09.6307425Z  audit/yamllint/yamllint-results-21865745249.txt |  3 +++
job-core	Upload Logs	2026-02-10T13:42:09.6359851Z  audit/yamllint/yamllint-results-21865746645.txt |  6 +++++
job-core	Upload Logs	2026-02-10T13:42:09.6422420Z  audit/yamllint/yamllint-results-21865754111.txt |  6 +++++
job-core	Upload Logs	2026-02-10T13:42:09.6613409Z  audit/yamllint/yamllint-results-21865774490.txt |  3 +++
job-core	Upload Logs	2026-02-10T13:42:09.6615436Z  audit/yamllint/yamllint-results-21865776621.txt |  3 +++
job-core	Upload Logs	2026-02-10T13:42:09.6969038Z  audit/yamllint/yamllint-results-21865792637.txt |  3 +++
job-core	Upload Logs	2026-02-10T13:42:09.6970496Z  audit/yamllint/yamllint-results-21865806425.txt |  3 +++
job-core	Upload Logs	2026-02-10T13:42:09.6971923Z  audit/yamllint/yamllint-results-21865811387.txt |  3 +++
job-core	Upload Logs	2026-02-10T13:42:09.6973341Z  audit/yamllint/yamllint-results-21865826247.txt |  3 +++
job-core	Upload Logs	2026-02-10T13:42:09.6974582Z  audit/yamllint/yamllint-results-21865831013.txt |  3 +++
job-core	Upload Logs	2026-02-10T13:42:09.6975960Z  audit/yamllint/yamllint-results-21865836153.txt |  3 +++
job-core	Upload Logs	2026-02-10T13:42:09.7644760Z  audit/yamllint/yamllint-results-21865843705.txt |  3 +++
job-core	Upload Logs	2026-02-10T13:42:09.7645965Z  audit/yamllint/yamllint-results-21865850586.txt |  3 +++
job-core	Upload Logs	2026-02-10T13:42:09.7647005Z  audit/yamllint/yamllint-results-21865865423.txt |  3 +++
job-core	Upload Logs	2026-02-10T13:42:09.7809952Z  audit/yamllint/yamllint-results-21865871037.txt |  6 +++++
job-core	Upload Logs	2026-02-10T13:42:09.7811611Z  21 files changed, 145 insertions(+)
job-core	Upload Logs	2026-02-10T13:42:09.7813660Z  create mode 100644 audit/mdlint/mdlint-results-21865735969.txt
job-core	Upload Logs	2026-02-10T13:42:09.7815048Z  create mode 100644 audit/mdlint/mdlint-results-21865740162.txt
job-core	Upload Logs	2026-02-10T13:42:09.7816268Z  create mode 100644 audit/mdlint/mdlint-results-21865761496.txt
job-core	Upload Logs	2026-02-10T13:42:09.7817539Z  create mode 100644 audit/mdlint/mdlint-results-21865801551.txt
job-core	Upload Logs	2026-02-10T13:42:09.8498699Z  create mode 100644 audit/yamllint/yamllint-results-21865742597.txt
job-core	Upload Logs	2026-02-10T13:42:09.8500666Z  create mode 100644 audit/yamllint/yamllint-results-21865743832.txt
job-core	Upload Logs	2026-02-10T13:42:09.8502046Z  create mode 100644 audit/yamllint/yamllint-results-21865745249.txt
job-core	Upload Logs	2026-02-10T13:42:09.8503398Z  create mode 100644 audit/yamllint/yamllint-results-21865746645.txt
job-core	Upload Logs	2026-02-10T13:42:09.8504734Z  create mode 100644 audit/yamllint/yamllint-results-21865754111.txt
job-core	Upload Logs	2026-02-10T13:42:09.8506643Z  create mode 100644 audit/yamllint/yamllint-results-21865774490.txt
job-core	Upload Logs	2026-02-10T13:42:09.8509038Z  create mode 100644 audit/yamllint/yamllint-results-21865776621.txt
job-core	Upload Logs	2026-02-10T13:42:09.8510785Z  create mode 100644 audit/yamllint/yamllint-results-21865792637.txt
job-core	Upload Logs	2026-02-10T13:42:09.8512098Z  create mode 100644 audit/yamllint/yamllint-results-21865806425.txt
job-core	Upload Logs	2026-02-10T13:42:09.8513442Z  create mode 100644 audit/yamllint/yamllint-results-21865811387.txt
job-core	Upload Logs	2026-02-10T13:42:09.8514720Z  create mode 100644 audit/yamllint/yamllint-results-21865826247.txt
job-core	Upload Logs	2026-02-10T13:42:09.8515914Z  create mode 100644 audit/yamllint/yamllint-results-21865831013.txt
job-core	Upload Logs	2026-02-10T13:42:09.8517162Z  create mode 100644 audit/yamllint/yamllint-results-21865836153.txt
job-core	Upload Logs	2026-02-10T13:42:09.8881584Z  create mode 100644 audit/yamllint/yamllint-results-21865843705.txt
job-core	Upload Logs	2026-02-10T13:42:09.8883752Z  create mode 100644 audit/yamllint/yamllint-results-21865850586.txt
job-core	Upload Logs	2026-02-10T13:42:09.8886136Z  create mode 100644 audit/yamllint/yamllint-results-21865865423.txt
job-core	Upload Logs	2026-02-10T13:42:09.9737616Z  create mode 100644 audit/yamllint/yamllint-results-21865871037.txt
job-core	Upload Logs	2026-02-10T13:42:12.2322063Z [H3265-deploy-itop 9231f75e3] [Ka0S] Uploading YAML compliance audit logs
job-core	Upload Logs	2026-02-10T13:42:12.2352453Z  1 file changed, 3 insertions(+)
job-core	Upload Logs	2026-02-10T13:42:12.2584971Z  create mode 100644 audit/yamllint/yamllint-results-21865816216.txt
job-core	Upload Logs	2026-02-10T13:42:17.7459159Z To https://github.com/Ka0s-Klaus/ka0s
job-core	Upload Logs	2026-02-10T13:42:17.7462690Z    0e2db5e33..9231f75e3  H3265-deploy-itop -> H3265-deploy-itop
job-core	Post Checkout code	﻿2026-02-10T13:42:19.6423943Z Post job cleanup.
job-core	Post Checkout code	2026-02-10T13:42:25.1878190Z [command]/usr/bin/git version
job-core	Post Checkout code	2026-02-10T13:42:25.5393567Z git version 2.52.0
job-core	Post Checkout code	2026-02-10T13:42:25.6627030Z Copying '/home/runner/.gitconfig' to '/home/runner/_work/_temp/29b8c65d-f8ff-4b0d-bbd4-8ec35b3af411/.gitconfig'
job-core	Post Checkout code	2026-02-10T13:42:25.7630914Z Temporarily overriding HOME='/home/runner/_work/_temp/29b8c65d-f8ff-4b0d-bbd4-8ec35b3af411' before making global git config changes
job-core	Post Checkout code	2026-02-10T13:42:25.7650531Z Adding repository directory to the temporary git global config as a safe directory
job-core	Post Checkout code	2026-02-10T13:42:25.7695117Z [command]/usr/bin/git config --global --add safe.directory /home/runner/_work/ka0s/ka0s
job-core	Post Checkout code	2026-02-10T13:42:25.9797397Z [command]/usr/bin/git config --local --name-only --get-regexp core\.sshCommand
job-core	Post Checkout code	2026-02-10T13:42:26.3741823Z [command]/usr/bin/git submodule foreach --recursive sh -c "git config --local --name-only --get-regexp 'core\.sshCommand' && git config --local --unset-all 'core.sshCommand' || :"
job-core	Post Checkout code	2026-02-10T13:42:28.3148793Z [command]/usr/bin/git config --local --name-only --get-regexp http\.https\:\/\/github\.com\/\.extraheader
job-core	Post Checkout code	2026-02-10T13:42:28.6599482Z http.https://github.com/.extraheader
job-core	Post Checkout code	2026-02-10T13:42:28.8081391Z [command]/usr/bin/git config --local --unset-all http.https://github.com/.extraheader
job-core	Post Checkout code	2026-02-10T13:42:29.2344796Z [command]/usr/bin/git submodule foreach --recursive sh -c "git config --local --name-only --get-regexp 'http\.https\:\/\/github\.com\/\.extraheader' && git config --local --unset-all 'http.https://github.com/.extraheader' || :"
job-core	Post Checkout code	2026-02-10T13:42:29.9856477Z [command]/usr/bin/git config --local --name-only --get-regexp ^includeIf\.gitdir:
job-core	Post Checkout code	2026-02-10T13:42:30.3407553Z [command]/usr/bin/git submodule foreach --recursive git config --local --show-origin --name-only --get-regexp remote.origin.url
job-core	Complete job	﻿2026-02-10T13:42:32.0317325Z Cleaning up orphan processes
handle_failure	Set up job	﻿2026-02-10T13:47:53.8342540Z Current runner version: '2.331.0'
handle_failure	Set up job	2026-02-10T13:47:53.9049884Z Runner name: 'swarm-runners-scaleset-hkss5-runner-fxvm6'
handle_failure	Set up job	2026-02-10T13:47:53.9052027Z Runner group name: 'Default'
handle_failure	Set up job	2026-02-10T13:47:53.9054054Z Machine name: 'swarm-runners-scaleset-hkss5-runner-fxvm6'
handle_failure	Set up job	2026-02-10T13:47:53.9904538Z ##[group]GITHUB_TOKEN Permissions
handle_failure	Set up job	2026-02-10T13:47:54.1215721Z Actions: write
handle_failure	Set up job	2026-02-10T13:47:54.1216972Z Contents: write
handle_failure	Set up job	2026-02-10T13:47:54.1218173Z Issues: write
handle_failure	Set up job	2026-02-10T13:47:54.1219155Z Metadata: read
handle_failure	Set up job	2026-02-10T13:47:54.1794890Z PullRequests: write
handle_failure	Set up job	2026-02-10T13:47:54.1805945Z ##[endgroup]
handle_failure	Set up job	2026-02-10T13:47:54.2046196Z Secret source: Actions
handle_failure	Set up job	2026-02-10T13:47:54.2150136Z Prepare workflow directory
handle_failure	Set up job	2026-02-10T13:47:59.2436027Z Prepare all required actions
handle_failure	Set up job	2026-02-10T13:47:59.2530833Z Getting action download info
handle_failure	Set up job	2026-02-10T13:48:08.1996480Z Download action repository 'actions/checkout@v4' (SHA:34e114876b0b11c390a56381ad16ebd13914f8d5)
handle_failure	Set up job	2026-02-10T13:48:19.1726936Z Complete job name: handle_failure
handle_failure	Run actions/checkout@v4	﻿2026-02-10T13:48:26.8067724Z ##[group]Run actions/checkout@v4
handle_failure	Run actions/checkout@v4	2026-02-10T13:48:26.8070476Z with:
handle_failure	Run actions/checkout@v4	2026-02-10T13:48:26.8071802Z   repository: Ka0s-Klaus/ka0s
handle_failure	Run actions/checkout@v4	2026-02-10T13:48:26.8073658Z   token: ***
handle_failure	Run actions/checkout@v4	2026-02-10T13:48:26.8074836Z   ssh-strict: true
handle_failure	Run actions/checkout@v4	2026-02-10T13:48:26.8076009Z   ssh-user: git
handle_failure	Run actions/checkout@v4	2026-02-10T13:48:26.8077247Z   persist-credentials: true
handle_failure	Run actions/checkout@v4	2026-02-10T13:48:26.8078784Z   clean: true
handle_failure	Run actions/checkout@v4	2026-02-10T13:48:26.8080084Z   sparse-checkout-cone-mode: true
handle_failure	Run actions/checkout@v4	2026-02-10T13:48:26.8081630Z   fetch-depth: 1
handle_failure	Run actions/checkout@v4	2026-02-10T13:48:26.8082949Z   fetch-tags: false
handle_failure	Run actions/checkout@v4	2026-02-10T13:48:26.8084508Z   show-progress: true
handle_failure	Run actions/checkout@v4	2026-02-10T13:48:26.8085756Z   lfs: false
handle_failure	Run actions/checkout@v4	2026-02-10T13:48:26.8087113Z   submodules: false
handle_failure	Run actions/checkout@v4	2026-02-10T13:48:26.8088690Z   set-safe-directory: true
handle_failure	Run actions/checkout@v4	2026-02-10T13:48:26.8090956Z env:
handle_failure	Run actions/checkout@v4	2026-02-10T13:48:26.8092266Z   KAOS_MODULE: [Ka0S] YAMLLINT
handle_failure	Run actions/checkout@v4	2026-02-10T13:48:26.8094241Z   GH_TOKEN: ***
handle_failure	Run actions/checkout@v4	2026-02-10T13:48:26.8096277Z   KAOS_YAMLLINT_CONFIG: core/config/kaos-yamllint-config.yaml
handle_failure	Run actions/checkout@v4	2026-02-10T13:48:26.8099643Z   KAOS_PRETTIER_CONFIG: compliance/yaml/.prettierrc.json
handle_failure	Run actions/checkout@v4	2026-02-10T13:48:26.8102419Z   KAOS_PATH_RESUME: audit/yamllint/
handle_failure	Run actions/checkout@v4	2026-02-10T13:48:26.8104011Z   KAOS_REPO: /actions-runner/_work/kaos/kaos
handle_failure	Run actions/checkout@v4	2026-02-10T13:48:26.8111367Z   KAOS_STEP_MODULE: 
handle_failure	Run actions/checkout@v4	2026-02-10T13:48:26.8112951Z   KAOS_CODE: 21865816216
handle_failure	Run actions/checkout@v4	2026-02-10T13:48:26.8114340Z   KAOS_REF_BRANCH: main
handle_failure	Run actions/checkout@v4	2026-02-10T13:48:26.8115688Z ##[endgroup]
handle_failure	Run actions/checkout@v4	2026-02-10T13:48:30.2789160Z Syncing repository: Ka0s-Klaus/ka0s
handle_failure	Run actions/checkout@v4	2026-02-10T13:48:30.2832074Z ##[group]Getting Git version info
handle_failure	Run actions/checkout@v4	2026-02-10T13:48:30.2835175Z Working directory is '/home/runner/_work/ka0s/ka0s'
handle_failure	Run actions/checkout@v4	2026-02-10T13:48:30.2840233Z [command]/usr/bin/git version
handle_failure	Run actions/checkout@v4	2026-02-10T13:48:31.0704819Z git version 2.52.0
handle_failure	Run actions/checkout@v4	2026-02-10T13:48:31.4473707Z ##[endgroup]
handle_failure	Run actions/checkout@v4	2026-02-10T13:48:31.4998939Z Temporarily overriding HOME='/home/runner/_work/_temp/3b727e0e-5b18-4d7f-b49a-c503302ba3db' before making global git config changes
handle_failure	Run actions/checkout@v4	2026-02-10T13:48:31.5005905Z Adding repository directory to the temporary git global config as a safe directory
handle_failure	Run actions/checkout@v4	2026-02-10T13:48:31.5495323Z [command]/usr/bin/git config --global --add safe.directory /home/runner/_work/ka0s/ka0s
handle_failure	Run actions/checkout@v4	2026-02-10T13:48:34.5496233Z Deleting the contents of '/home/runner/_work/ka0s/ka0s'
handle_failure	Run actions/checkout@v4	2026-02-10T13:48:34.5664089Z ##[group]Initializing the repository
handle_failure	Run actions/checkout@v4	2026-02-10T13:48:34.6426663Z [command]/usr/bin/git init /home/runner/_work/ka0s/ka0s
handle_failure	Run actions/checkout@v4	2026-02-10T13:48:35.1056882Z hint: Using 'master' as the name for the initial branch. This default branch name
handle_failure	Run actions/checkout@v4	2026-02-10T13:48:35.1133117Z hint: will change to "main" in Git 3.0. To configure the initial branch name
handle_failure	Run actions/checkout@v4	2026-02-10T13:48:35.1144685Z hint: to use in all of your new repositories, which will suppress this warning,
handle_failure	Run actions/checkout@v4	2026-02-10T13:48:35.1295470Z hint: call:
handle_failure	Run actions/checkout@v4	2026-02-10T13:48:35.1384418Z hint:
handle_failure	Run actions/checkout@v4	2026-02-10T13:48:35.1386720Z hint: 	git config --global init.defaultBranch <name>
handle_failure	Run actions/checkout@v4	2026-02-10T13:48:35.1451802Z hint:
handle_failure	Run actions/checkout@v4	2026-02-10T13:48:35.1454749Z hint: Names commonly chosen instead of 'master' are 'main', 'trunk' and
handle_failure	Run actions/checkout@v4	2026-02-10T13:48:35.1701547Z hint: 'development'. The just-created branch can be renamed via this command:
handle_failure	Run actions/checkout@v4	2026-02-10T13:48:35.2073277Z hint:
handle_failure	Run actions/checkout@v4	2026-02-10T13:48:35.2074916Z hint: 	git branch -m <name>
handle_failure	Run actions/checkout@v4	2026-02-10T13:48:35.2076881Z hint:
handle_failure	Run actions/checkout@v4	2026-02-10T13:48:35.2079767Z hint: Disable this message with "git config set advice.defaultBranchName false"
handle_failure	Run actions/checkout@v4	2026-02-10T13:48:35.2190511Z Initialized empty Git repository in /home/runner/_work/ka0s/ka0s/.git/
handle_failure	Run actions/checkout@v4	2026-02-10T13:48:35.2312632Z [command]/usr/bin/git remote add origin https://github.com/Ka0s-Klaus/ka0s
handle_failure	Run actions/checkout@v4	2026-02-10T13:48:35.7226318Z ##[endgroup]
handle_failure	Run actions/checkout@v4	2026-02-10T13:48:35.7253002Z ##[group]Disabling automatic garbage collection
handle_failure	Run actions/checkout@v4	2026-02-10T13:48:35.7279530Z [command]/usr/bin/git config --local gc.auto 0
handle_failure	Run actions/checkout@v4	2026-02-10T13:48:37.0828618Z ##[endgroup]
handle_failure	Run actions/checkout@v4	2026-02-10T13:48:37.1200998Z ##[group]Setting up auth
handle_failure	Run actions/checkout@v4	2026-02-10T13:48:37.1691299Z [command]/usr/bin/git config --local --name-only --get-regexp core\.sshCommand
handle_failure	Run actions/checkout@v4	2026-02-10T13:48:37.3847044Z [command]/usr/bin/git submodule foreach --recursive sh -c "git config --local --name-only --get-regexp 'core\.sshCommand' && git config --local --unset-all 'core.sshCommand' || :"
handle_failure	Run actions/checkout@v4	2026-02-10T13:48:45.5541478Z [command]/usr/bin/git config --local --name-only --get-regexp http\.https\:\/\/github\.com\/\.extraheader
handle_failure	Run actions/checkout@v4	2026-02-10T13:48:46.0329888Z [command]/usr/bin/git submodule foreach --recursive sh -c "git config --local --name-only --get-regexp 'http\.https\:\/\/github\.com\/\.extraheader' && git config --local --unset-all 'http.https://github.com/.extraheader' || :"
handle_failure	Run actions/checkout@v4	2026-02-10T13:48:49.4385700Z [command]/usr/bin/git config --local --name-only --get-regexp ^includeIf\.gitdir:
handle_failure	Run actions/checkout@v4	2026-02-10T13:48:49.7676941Z [command]/usr/bin/git submodule foreach --recursive git config --local --show-origin --name-only --get-regexp remote.origin.url
handle_failure	Run actions/checkout@v4	2026-02-10T13:48:53.7244007Z [command]/usr/bin/git config --local http.https://github.com/.extraheader AUTHORIZATION: basic ***
handle_failure	Run actions/checkout@v4	2026-02-10T13:48:53.7389991Z ##[endgroup]
handle_failure	Run actions/checkout@v4	2026-02-10T13:48:53.7391388Z ##[group]Fetching the repository
handle_failure	Run actions/checkout@v4	2026-02-10T13:48:53.7420867Z [command]/usr/bin/git -c protocol.version=2 fetch --no-tags --prune --no-recurse-submodules --depth=1 origin +b3f26b2711e73d733020f012556ae4aafaff1873:refs/remotes/origin/H3265-deploy-itop
handle_failure	Run actions/checkout@v4	2026-02-10T13:49:43.6543722Z From https://github.com/Ka0s-Klaus/ka0s
handle_failure	Run actions/checkout@v4	2026-02-10T13:49:43.6651297Z  * [new ref]         b3f26b2711e73d733020f012556ae4aafaff1873 -> origin/H3265-deploy-itop
handle_failure	Run actions/checkout@v4	2026-02-10T13:49:44.2751732Z ##[endgroup]
handle_failure	Run actions/checkout@v4	2026-02-10T13:49:44.2753035Z ##[group]Determining the checkout info
handle_failure	Run actions/checkout@v4	2026-02-10T13:49:44.2902658Z ##[endgroup]
handle_failure	Run actions/checkout@v4	2026-02-10T13:49:44.4952112Z [command]/usr/bin/git sparse-checkout disable
handle_failure	Run actions/checkout@v4	2026-02-10T13:49:45.6213927Z [command]/usr/bin/git config --local --unset-all extensions.worktreeConfig
handle_failure	Run actions/checkout@v4	2026-02-10T13:49:45.9720395Z ##[group]Checking out the ref
handle_failure	Run actions/checkout@v4	2026-02-10T13:49:45.9742853Z [command]/usr/bin/git checkout --progress --force -B H3265-deploy-itop refs/remotes/origin/H3265-deploy-itop
handle_failure	Run actions/checkout@v4	2026-02-10T13:49:47.5123310Z Updating files:   6% (69/1018)
handle_failure	Run actions/checkout@v4	2026-02-10T13:49:47.5541702Z Updating files:   7% (72/1018)
handle_failure	Run actions/checkout@v4	2026-02-10T13:49:47.9270695Z Updating files:   8% (82/1018)
handle_failure	Run actions/checkout@v4	2026-02-10T13:49:48.0388853Z Updating files:   9% (92/1018)
handle_failure	Run actions/checkout@v4	2026-02-10T13:49:48.5524326Z Updating files:  10% (102/1018)
handle_failure	Run actions/checkout@v4	2026-02-10T13:49:48.5525477Z Updating files:  10% (109/1018)
handle_failure	Run actions/checkout@v4	2026-02-10T13:49:48.6573320Z Updating files:  11% (112/1018)
handle_failure	Run actions/checkout@v4	2026-02-10T13:49:49.8973913Z Updating files:  12% (123/1018)
handle_failure	Run actions/checkout@v4	2026-02-10T13:49:50.0611647Z Updating files:  12% (125/1018)
handle_failure	Run actions/checkout@v4	2026-02-10T13:49:50.2222872Z Updating files:  13% (133/1018)
handle_failure	Run actions/checkout@v4	2026-02-10T13:49:50.2429802Z Updating files:  14% (143/1018)
handle_failure	Run actions/checkout@v4	2026-02-10T13:49:50.5281574Z Updating files:  15% (153/1018)
handle_failure	Run actions/checkout@v4	2026-02-10T13:49:50.5285723Z Updating files:  16% (163/1018)
handle_failure	Run actions/checkout@v4	2026-02-10T13:49:50.5829169Z Updating files:  16% (164/1018)
handle_failure	Run actions/checkout@v4	2026-02-10T13:49:50.8702386Z Updating files:  17% (174/1018)
handle_failure	Run actions/checkout@v4	2026-02-10T13:49:50.9531947Z Updating files:  18% (184/1018)
handle_failure	Run actions/checkout@v4	2026-02-10T13:49:50.9934139Z Updating files:  19% (194/1018)
handle_failure	Run actions/checkout@v4	2026-02-10T13:49:50.9935778Z Updating files:  20% (204/1018)
handle_failure	Run actions/checkout@v4	2026-02-10T13:49:51.0181410Z Updating files:  21% (214/1018)
handle_failure	Run actions/checkout@v4	2026-02-10T13:49:52.6697046Z Updating files:  22% (224/1018)
handle_failure	Run actions/checkout@v4	2026-02-10T13:49:53.1565117Z Updating files:  22% (233/1018)
handle_failure	Run actions/checkout@v4	2026-02-10T13:49:53.5123356Z Updating files:  23% (235/1018)
handle_failure	Run actions/checkout@v4	2026-02-10T13:49:54.5080347Z Updating files:  23% (236/1018)
handle_failure	Run actions/checkout@v4	2026-02-10T13:49:55.6634061Z Updating files:  23% (240/1018)
handle_failure	Run actions/checkout@v4	2026-02-10T13:49:56.3746531Z Updating files:  23% (243/1018)
handle_failure	Run actions/checkout@v4	2026-02-10T13:49:56.6126918Z Updating files:  24% (245/1018)
handle_failure	Run actions/checkout@v4	2026-02-10T13:49:58.1060406Z Updating files:  24% (246/1018)
handle_failure	Run actions/checkout@v4	2026-02-10T13:49:58.4763223Z Updating files:  24% (253/1018)
handle_failure	Run actions/checkout@v4	2026-02-10T13:50:02.7661148Z Updating files:  25% (255/1018)
handle_failure	Run actions/checkout@v4	2026-02-10T13:50:05.0595210Z Updating files:  25% (256/1018)
handle_failure	Run actions/checkout@v4	2026-02-10T13:50:05.6269753Z Updating files:  25% (257/1018)
handle_failure	Run actions/checkout@v4	2026-02-10T13:50:10.9205820Z Updating files:  25% (260/1018)
handle_failure	Run actions/checkout@v4	2026-02-10T13:50:10.9207140Z Updating files:  25% (262/1018)
handle_failure	Run actions/checkout@v4	2026-02-10T13:50:10.9329678Z Updating files:  26% (265/1018)
handle_failure	Run actions/checkout@v4	2026-02-10T13:50:10.9700265Z Updating files:  27% (275/1018)
handle_failure	Run actions/checkout@v4	2026-02-10T13:50:10.9909866Z Updating files:  28% (286/1018)
handle_failure	Run actions/checkout@v4	2026-02-10T13:50:10.9911149Z Updating files:  29% (296/1018)
handle_failure	Run actions/checkout@v4	2026-02-10T13:50:11.0498323Z Updating files:  30% (306/1018)
handle_failure	Run actions/checkout@v4	2026-02-10T13:50:11.0499331Z Updating files:  31% (316/1018)
handle_failure	Run actions/checkout@v4	2026-02-10T13:50:11.4477908Z Updating files:  32% (326/1018)
handle_failure	Run actions/checkout@v4	2026-02-10T13:50:11.4488740Z Updating files:  33% (336/1018)
handle_failure	Run actions/checkout@v4	2026-02-10T13:50:11.4820026Z Updating files:  34% (347/1018)
handle_failure	Run actions/checkout@v4	2026-02-10T13:50:11.4821307Z Updating files:  35% (357/1018)
handle_failure	Run actions/checkout@v4	2026-02-10T13:50:11.4905494Z Updating files:  36% (367/1018)
handle_failure	Run actions/checkout@v4	2026-02-10T13:50:11.5019015Z Updating files:  36% (372/1018)
handle_failure	Run actions/checkout@v4	2026-02-10T13:50:11.6642896Z Updating files:  37% (377/1018)
handle_failure	Run actions/checkout@v4	2026-02-10T13:50:11.6692724Z Updating files:  38% (387/1018)
handle_failure	Run actions/checkout@v4	2026-02-10T13:50:11.6760499Z Updating files:  39% (398/1018)
handle_failure	Run actions/checkout@v4	2026-02-10T13:50:11.6761263Z Updating files:  40% (408/1018)
handle_failure	Run actions/checkout@v4	2026-02-10T13:50:11.6810960Z Updating files:  41% (418/1018)
handle_failure	Run actions/checkout@v4	2026-02-10T13:50:11.8438777Z Updating files:  42% (428/1018)
handle_failure	Run actions/checkout@v4	2026-02-10T13:50:12.6639313Z Updating files:  43% (438/1018)
handle_failure	Run actions/checkout@v4	2026-02-10T13:50:13.0984157Z Updating files:  43% (440/1018)
handle_failure	Run actions/checkout@v4	2026-02-10T13:50:13.1880538Z Updating files:  44% (448/1018)
handle_failure	Run actions/checkout@v4	2026-02-10T13:50:13.2451702Z Updating files:  45% (459/1018)
handle_failure	Run actions/checkout@v4	2026-02-10T13:50:13.3352681Z Updating files:  46% (469/1018)
handle_failure	Run actions/checkout@v4	2026-02-10T13:50:13.3679833Z Updating files:  47% (479/1018)
handle_failure	Run actions/checkout@v4	2026-02-10T13:50:13.4049330Z Updating files:  48% (489/1018)
handle_failure	Run actions/checkout@v4	2026-02-10T13:50:13.4547023Z Updating files:  49% (499/1018)
handle_failure	Run actions/checkout@v4	2026-02-10T13:50:13.4874217Z Updating files:  50% (509/1018)
handle_failure	Run actions/checkout@v4	2026-02-10T13:50:13.5100655Z Updating files:  50% (510/1018)
handle_failure	Run actions/checkout@v4	2026-02-10T13:50:13.8964589Z Updating files:  51% (520/1018)
handle_failure	Run actions/checkout@v4	2026-02-10T13:50:16.4078491Z Updating files:  52% (530/1018)
handle_failure	Run actions/checkout@v4	2026-02-10T13:50:16.5169118Z Updating files:  52% (534/1018)
handle_failure	Run actions/checkout@v4	2026-02-10T13:50:16.7281393Z Updating files:  53% (540/1018)
handle_failure	Run actions/checkout@v4	2026-02-10T13:50:17.4863258Z Updating files:  54% (550/1018)
handle_failure	Run actions/checkout@v4	2026-02-10T13:50:17.5009635Z Updating files:  54% (559/1018)
handle_failure	Run actions/checkout@v4	2026-02-10T13:50:17.5010348Z Updating files:  55% (560/1018)
handle_failure	Run actions/checkout@v4	2026-02-10T13:50:17.5871582Z Updating files:  56% (571/1018)
handle_failure	Run actions/checkout@v4	2026-02-10T13:50:17.5873215Z Updating files:  57% (581/1018)
handle_failure	Run actions/checkout@v4	2026-02-10T13:50:17.6060259Z Updating files:  58% (591/1018)
handle_failure	Run actions/checkout@v4	2026-02-10T13:50:17.7671690Z Updating files:  59% (601/1018)
handle_failure	Run actions/checkout@v4	2026-02-10T13:50:17.7674007Z Updating files:  60% (611/1018)
handle_failure	Run actions/checkout@v4	2026-02-10T13:50:17.7719664Z Updating files:  61% (621/1018)
handle_failure	Run actions/checkout@v4	2026-02-10T13:50:17.7811977Z Updating files:  62% (632/1018)
handle_failure	Run actions/checkout@v4	2026-02-10T13:50:17.7920676Z Updating files:  63% (642/1018)
handle_failure	Run actions/checkout@v4	2026-02-10T13:50:17.8028476Z Updating files:  64% (652/1018)
handle_failure	Run actions/checkout@v4	2026-02-10T13:50:18.1836542Z Updating files:  65% (662/1018)
handle_failure	Run actions/checkout@v4	2026-02-10T13:50:19.9829658Z Updating files:  66% (672/1018)
handle_failure	Run actions/checkout@v4	2026-02-10T13:50:20.0651378Z Updating files:  66% (673/1018)
handle_failure	Run actions/checkout@v4	2026-02-10T13:50:20.0661073Z Updating files:  67% (683/1018)
handle_failure	Run actions/checkout@v4	2026-02-10T13:50:20.0672282Z Updating files:  68% (693/1018)
handle_failure	Run actions/checkout@v4	2026-02-10T13:50:20.0980799Z Updating files:  69% (703/1018)
handle_failure	Run actions/checkout@v4	2026-02-10T13:50:20.0981595Z Updating files:  70% (713/1018)
handle_failure	Run actions/checkout@v4	2026-02-10T13:50:20.0982301Z Updating files:  71% (723/1018)
handle_failure	Run actions/checkout@v4	2026-02-10T13:50:20.0982988Z Updating files:  72% (733/1018)
handle_failure	Run actions/checkout@v4	2026-02-10T13:50:20.0983682Z Updating files:  73% (744/1018)
handle_failure	Run actions/checkout@v4	2026-02-10T13:50:20.2019945Z Updating files:  74% (754/1018)
handle_failure	Run actions/checkout@v4	2026-02-10T13:50:20.2020566Z Updating files:  75% (764/1018)
handle_failure	Run actions/checkout@v4	2026-02-10T13:50:20.7962375Z Updating files:  76% (774/1018)
handle_failure	Run actions/checkout@v4	2026-02-10T13:50:21.5848855Z Updating files:  77% (784/1018)
handle_failure	Run actions/checkout@v4	2026-02-10T13:50:22.5267779Z Updating files:  77% (790/1018)
handle_failure	Run actions/checkout@v4	2026-02-10T13:50:22.7806603Z Updating files:  77% (793/1018)
handle_failure	Run actions/checkout@v4	2026-02-10T13:50:24.9322567Z Updating files:  78% (795/1018)
handle_failure	Run actions/checkout@v4	2026-02-10T13:50:25.5688575Z Updating files:  78% (796/1018)
handle_failure	Run actions/checkout@v4	2026-02-10T13:50:26.5693214Z Updating files:  78% (797/1018)
handle_failure	Run actions/checkout@v4	2026-02-10T13:50:27.6176904Z Updating files:  79% (805/1018)
handle_failure	Run actions/checkout@v4	2026-02-10T13:50:28.5696666Z Updating files:  79% (810/1018)
handle_failure	Run actions/checkout@v4	2026-02-10T13:50:29.5068205Z Updating files:  80% (815/1018)
handle_failure	Run actions/checkout@v4	2026-02-10T13:50:30.7334362Z Updating files:  80% (819/1018)
handle_failure	Run actions/checkout@v4	2026-02-10T13:50:31.5249669Z Updating files:  81% (825/1018)
handle_failure	Run actions/checkout@v4	2026-02-10T13:50:32.4743731Z Updating files:  81% (828/1018)
handle_failure	Run actions/checkout@v4	2026-02-10T13:50:33.5870605Z Updating files:  81% (830/1018)
handle_failure	Run actions/checkout@v4	2026-02-10T13:50:35.0685989Z Updating files:  81% (833/1018)
handle_failure	Run actions/checkout@v4	2026-02-10T13:50:35.5242062Z Updating files:  82% (835/1018)
handle_failure	Run actions/checkout@v4	2026-02-10T13:50:36.7547366Z Updating files:  82% (836/1018)
handle_failure	Run actions/checkout@v4	2026-02-10T13:50:38.4929631Z Updating files:  82% (839/1018)
handle_failure	Run actions/checkout@v4	2026-02-10T13:50:38.9772455Z Updating files:  82% (842/1018)
handle_failure	Run actions/checkout@v4	2026-02-10T13:50:39.7534170Z Updating files:  83% (845/1018)
handle_failure	Run actions/checkout@v4	2026-02-10T13:50:40.5276826Z Updating files:  83% (848/1018)
handle_failure	Run actions/checkout@v4	2026-02-10T13:50:40.7442452Z Updating files:  83% (855/1018)
handle_failure	Run actions/checkout@v4	2026-02-10T13:50:41.8027546Z Updating files:  84% (856/1018)
handle_failure	Run actions/checkout@v4	2026-02-10T13:50:42.8453623Z Updating files:  84% (858/1018)
handle_failure	Run actions/checkout@v4	2026-02-10T13:50:43.4848123Z Updating files:  84% (859/1018)
handle_failure	Run actions/checkout@v4	2026-02-10T13:50:43.5498541Z Updating files:  84% (862/1018)
handle_failure	Run actions/checkout@v4	2026-02-10T13:50:44.4988913Z Updating files:  85% (866/1018)
handle_failure	Run actions/checkout@v4	2026-02-10T13:50:45.7534716Z Updating files:  85% (873/1018)
handle_failure	Run actions/checkout@v4	2026-02-10T13:50:46.8236565Z Updating files:  86% (876/1018)
handle_failure	Run actions/checkout@v4	2026-02-10T13:50:47.5942837Z Updating files:  86% (878/1018)
handle_failure	Run actions/checkout@v4	2026-02-10T13:50:48.3081307Z Updating files:  86% (883/1018)
handle_failure	Run actions/checkout@v4	2026-02-10T13:50:48.6752264Z Updating files:  87% (886/1018)
handle_failure	Run actions/checkout@v4	2026-02-10T13:50:49.7051861Z Updating files:  87% (888/1018)
handle_failure	Run actions/checkout@v4	2026-02-10T13:50:50.2936624Z Updating files:  87% (891/1018)
handle_failure	Run actions/checkout@v4	2026-02-10T13:50:50.3108191Z Updating files:  88% (896/1018)
handle_failure	Run actions/checkout@v4	2026-02-10T13:50:50.3143128Z Updating files:  89% (907/1018)
handle_failure	Run actions/checkout@v4	2026-02-10T13:50:50.4527268Z Updating files:  90% (917/1018)
handle_failure	Run actions/checkout@v4	2026-02-10T13:50:50.4822585Z Updating files:  91% (927/1018)
handle_failure	Run actions/checkout@v4	2026-02-10T13:50:50.5439689Z Updating files:  91% (933/1018)
handle_failure	Run actions/checkout@v4	2026-02-10T13:50:50.5586522Z Updating files:  92% (937/1018)
handle_failure	Run actions/checkout@v4	2026-02-10T13:50:50.8562283Z Updating files:  93% (947/1018)
handle_failure	Run actions/checkout@v4	2026-02-10T13:50:50.8577467Z Updating files:  94% (957/1018)
handle_failure	Run actions/checkout@v4	2026-02-10T13:50:50.8676833Z Updating files:  95% (968/1018)
handle_failure	Run actions/checkout@v4	2026-02-10T13:50:50.8752526Z Updating files:  96% (978/1018)
handle_failure	Run actions/checkout@v4	2026-02-10T13:50:50.8812117Z Updating files:  97% (988/1018)
handle_failure	Run actions/checkout@v4	2026-02-10T13:50:50.8884286Z Updating files:  98% (998/1018)
handle_failure	Run actions/checkout@v4	2026-02-10T13:50:50.8920651Z Updating files:  99% (1008/1018)
handle_failure	Run actions/checkout@v4	2026-02-10T13:50:50.8933251Z Updating files: 100% (1018/1018)
handle_failure	Run actions/checkout@v4	2026-02-10T13:50:50.8935365Z Updating files: 100% (1018/1018), done.
handle_failure	Run actions/checkout@v4	2026-02-10T13:50:50.9594704Z Switched to a new branch 'H3265-deploy-itop'
handle_failure	Run actions/checkout@v4	2026-02-10T13:50:50.9900336Z branch 'H3265-deploy-itop' set up to track 'origin/H3265-deploy-itop'.
handle_failure	Run actions/checkout@v4	2026-02-10T13:50:51.2406714Z ##[endgroup]
handle_failure	Run actions/checkout@v4	2026-02-10T13:50:51.3939793Z [command]/usr/bin/git log -1 --format=%H
handle_failure	Run actions/checkout@v4	2026-02-10T13:50:51.4294760Z b3f26b2711e73d733020f012556ae4aafaff1873
handle_failure	Run /./.github/actions/install-gh-cli	﻿2026-02-10T13:50:52.4014679Z Prepare all required actions
handle_failure	Run /./.github/actions/install-gh-cli	2026-02-10T13:50:52.5698125Z ##[group]Run ./.github/actions/install-gh-cli
handle_failure	Run /./.github/actions/install-gh-cli	2026-02-10T13:50:52.5699601Z env:
handle_failure	Run /./.github/actions/install-gh-cli	2026-02-10T13:50:52.5700707Z   KAOS_MODULE: [Ka0S] YAMLLINT
handle_failure	Run /./.github/actions/install-gh-cli	2026-02-10T13:50:52.5702816Z   GH_TOKEN: ***
handle_failure	Run /./.github/actions/install-gh-cli	2026-02-10T13:50:52.5703644Z   KAOS_YAMLLINT_CONFIG: core/config/kaos-yamllint-config.yaml
handle_failure	Run /./.github/actions/install-gh-cli	2026-02-10T13:50:52.5704789Z   KAOS_PRETTIER_CONFIG: compliance/yaml/.prettierrc.json
handle_failure	Run /./.github/actions/install-gh-cli	2026-02-10T13:50:52.5705720Z   KAOS_PATH_RESUME: audit/yamllint/
handle_failure	Run /./.github/actions/install-gh-cli	2026-02-10T13:50:52.5706475Z   KAOS_REPO: /actions-runner/_work/kaos/kaos
handle_failure	Run /./.github/actions/install-gh-cli	2026-02-10T13:50:52.5737704Z   KAOS_STEP_MODULE: 
handle_failure	Run /./.github/actions/install-gh-cli	2026-02-10T13:50:52.5739142Z   KAOS_CODE: 21865816216
handle_failure	Run /./.github/actions/install-gh-cli	2026-02-10T13:50:52.5740355Z   KAOS_REF_BRANCH: main
handle_failure	Run /./.github/actions/install-gh-cli	2026-02-10T13:50:52.5741405Z ##[endgroup]
handle_failure	Run /./.github/actions/install-gh-cli	2026-02-10T13:50:52.8582937Z ##[group]Run type -p curl >/dev/null || (sudo apt-get update && sudo apt-get install curl -y)
handle_failure	Run /./.github/actions/install-gh-cli	2026-02-10T13:50:52.8586440Z [36;1mtype -p curl >/dev/null || (sudo apt-get update && sudo apt-get install curl -y)[0m
handle_failure	Run /./.github/actions/install-gh-cli	2026-02-10T13:50:52.8590031Z [36;1mcurl -fsSL https://cli.github.com/packages/githubcli-archive-keyring.gpg | sudo dd of=/usr/share/keyrings/githubcli-archive-keyring.gpg \[0m
handle_failure	Run /./.github/actions/install-gh-cli	2026-02-10T13:50:52.8594235Z [36;1m&& sudo chmod go+r /usr/share/keyrings/githubcli-archive-keyring.gpg \[0m
handle_failure	Run /./.github/actions/install-gh-cli	2026-02-10T13:50:52.8600130Z [36;1m&& echo "deb [arch=$(dpkg --print-architecture) signed-by=/usr/share/keyrings/githubcli-archive-keyring.gpg] https://cli.github.com/packages stable main" | sudo tee /etc/apt/sources.list.d/github-cli.list > /dev/null \[0m
handle_failure	Run /./.github/actions/install-gh-cli	2026-02-10T13:50:52.9426226Z [36;1m&& sudo apt-get update \[0m
handle_failure	Run /./.github/actions/install-gh-cli	2026-02-10T13:50:52.9427072Z [36;1m&& sudo apt-get install gh -y[0m
handle_failure	Run /./.github/actions/install-gh-cli	2026-02-10T13:50:52.9490047Z shell: /usr/bin/bash --noprofile --norc -e -o pipefail {0}
handle_failure	Run /./.github/actions/install-gh-cli	2026-02-10T13:50:52.9491250Z env:
handle_failure	Run /./.github/actions/install-gh-cli	2026-02-10T13:50:52.9492847Z   KAOS_MODULE: [Ka0S] YAMLLINT
handle_failure	Run /./.github/actions/install-gh-cli	2026-02-10T13:50:52.9494151Z   GH_TOKEN: ***
handle_failure	Run /./.github/actions/install-gh-cli	2026-02-10T13:50:52.9494856Z   KAOS_YAMLLINT_CONFIG: core/config/kaos-yamllint-config.yaml
handle_failure	Run /./.github/actions/install-gh-cli	2026-02-10T13:50:52.9495902Z   KAOS_PRETTIER_CONFIG: compliance/yaml/.prettierrc.json
handle_failure	Run /./.github/actions/install-gh-cli	2026-02-10T13:50:52.9496834Z   KAOS_PATH_RESUME: audit/yamllint/
handle_failure	Run /./.github/actions/install-gh-cli	2026-02-10T13:50:52.9497573Z   KAOS_REPO: /actions-runner/_work/kaos/kaos
handle_failure	Run /./.github/actions/install-gh-cli	2026-02-10T13:50:52.9498454Z   KAOS_STEP_MODULE: 
handle_failure	Run /./.github/actions/install-gh-cli	2026-02-10T13:50:52.9498987Z   KAOS_CODE: 21865816216
handle_failure	Run /./.github/actions/install-gh-cli	2026-02-10T13:50:52.9499553Z   KAOS_REF_BRANCH: main
handle_failure	Run /./.github/actions/install-gh-cli	2026-02-10T13:50:52.9500121Z ##[endgroup]
handle_failure	Run /./.github/actions/install-gh-cli	2026-02-10T13:50:55.0538978Z 4+1 records in
handle_failure	Run /./.github/actions/install-gh-cli	2026-02-10T13:50:55.0613208Z 4+1 records out
handle_failure	Run /./.github/actions/install-gh-cli	2026-02-10T13:50:55.0722589Z 2270 bytes (2.3 kB, 2.2 KiB) copied, 0.0913614 s, 24.8 kB/s
handle_failure	Run /./.github/actions/install-gh-cli	2026-02-10T13:50:57.9659127Z Get:1 http://security.ubuntu.com/ubuntu noble-security InRelease [126 kB]
handle_failure	Run /./.github/actions/install-gh-cli	2026-02-10T13:50:58.0465421Z Get:2 http://archive.ubuntu.com/ubuntu noble InRelease [256 kB]
handle_failure	Run /./.github/actions/install-gh-cli	2026-02-10T13:51:00.5800356Z Get:3 https://ppa.launchpadcontent.net/git-core/ppa/ubuntu noble InRelease [24.3 kB]
handle_failure	Run /./.github/actions/install-gh-cli	2026-02-10T13:51:00.6192801Z Get:4 https://cli.github.com/packages stable InRelease [3917 B]
handle_failure	Run /./.github/actions/install-gh-cli	2026-02-10T13:51:03.3831664Z Get:5 http://archive.ubuntu.com/ubuntu noble-updates InRelease [126 kB]
handle_failure	Run /./.github/actions/install-gh-cli	2026-02-10T13:51:03.7780974Z Get:6 http://security.ubuntu.com/ubuntu noble-security/restricted amd64 Packages [3106 kB]
handle_failure	Run /./.github/actions/install-gh-cli	2026-02-10T13:51:06.2692375Z Get:7 http://archive.ubuntu.com/ubuntu noble-backports InRelease [126 kB]
handle_failure	Run /./.github/actions/install-gh-cli	2026-02-10T13:51:09.0715379Z Get:8 https://ppa.launchpadcontent.net/git-core/ppa/ubuntu noble/main amd64 Packages [2994 B]
handle_failure	Run /./.github/actions/install-gh-cli	2026-02-10T13:51:12.6948027Z Get:9 http://security.ubuntu.com/ubuntu noble-security/multiverse amd64 Packages [34.8 kB]
handle_failure	Run /./.github/actions/install-gh-cli	2026-02-10T13:51:12.8180079Z Get:10 https://cli.github.com/packages stable/main amd64 Packages [356 B]
handle_failure	Run /./.github/actions/install-gh-cli	2026-02-10T13:51:13.0740256Z Get:11 http://security.ubuntu.com/ubuntu noble-security/main amd64 Packages [1822 kB]
handle_failure	Run /./.github/actions/install-gh-cli	2026-02-10T13:51:18.1270109Z Get:12 http://security.ubuntu.com/ubuntu noble-security/universe amd64 Packages [1199 kB]
handle_failure	Run /./.github/actions/install-gh-cli	2026-02-10T13:51:18.1350047Z Get:13 http://archive.ubuntu.com/ubuntu noble/multiverse amd64 Packages [331 kB]
handle_failure	Run /./.github/actions/install-gh-cli	2026-02-10T13:51:21.1320214Z Get:14 http://archive.ubuntu.com/ubuntu noble/universe amd64 Packages [19.3 MB]
handle_failure	Run /./.github/actions/install-gh-cli	2026-02-10T13:51:29.7796899Z Get:15 http://archive.ubuntu.com/ubuntu noble/main amd64 Packages [1808 kB]
handle_failure	Run /./.github/actions/install-gh-cli	2026-02-10T13:51:31.0787269Z Get:16 http://archive.ubuntu.com/ubuntu noble/restricted amd64 Packages [117 kB]
handle_failure	Run /./.github/actions/install-gh-cli	2026-02-10T13:51:31.1726507Z Get:17 http://archive.ubuntu.com/ubuntu noble-updates/main amd64 Packages [2201 kB]
handle_failure	Run /./.github/actions/install-gh-cli	2026-02-10T13:51:31.4245838Z Get:18 http://archive.ubuntu.com/ubuntu noble-updates/universe amd64 Packages [1978 kB]
handle_failure	Run /./.github/actions/install-gh-cli	2026-02-10T13:51:32.1861754Z Get:19 http://archive.ubuntu.com/ubuntu noble-updates/multiverse amd64 Packages [38.1 kB]
handle_failure	Run /./.github/actions/install-gh-cli	2026-02-10T13:51:32.3098737Z Get:20 http://archive.ubuntu.com/ubuntu noble-updates/restricted amd64 Packages [3287 kB]
handle_failure	Run /./.github/actions/install-gh-cli	2026-02-10T13:51:33.5160548Z Get:21 http://archive.ubuntu.com/ubuntu noble-backports/main amd64 Packages [49.5 kB]
handle_failure	Run /./.github/actions/install-gh-cli	2026-02-10T13:51:33.6302222Z Get:22 http://archive.ubuntu.com/ubuntu noble-backports/universe amd64 Packages [34.6 kB]
handle_failure	Run /./.github/actions/install-gh-cli	2026-02-10T13:52:02.3436743Z Fetched 36.0 MB in 1min 3s (569 kB/s)
handle_failure	Run /./.github/actions/install-gh-cli	2026-02-10T13:52:33.6488439Z Reading package lists...
handle_failure	Run /./.github/actions/install-gh-cli	2026-02-10T13:53:16.3349149Z Reading package lists...
handle_failure	Run /./.github/actions/install-gh-cli	2026-02-10T13:53:22.9429119Z Building dependency tree...
handle_failure	Run /./.github/actions/install-gh-cli	2026-02-10T13:53:22.9482496Z Reading state information...
handle_failure	Run /./.github/actions/install-gh-cli	2026-02-10T13:53:32.2806589Z The following NEW packages will be installed:
handle_failure	Run /./.github/actions/install-gh-cli	2026-02-10T13:53:32.2838416Z   gh
handle_failure	Run /./.github/actions/install-gh-cli	2026-02-10T13:53:33.0484298Z 0 upgraded, 1 newly installed, 0 to remove and 18 not upgraded.
handle_failure	Run /./.github/actions/install-gh-cli	2026-02-10T13:53:33.0490330Z Need to get 13.7 MB of archives.
handle_failure	Run /./.github/actions/install-gh-cli	2026-02-10T13:53:33.0492174Z After this operation, 37.9 MB of additional disk space will be used.
handle_failure	Run /./.github/actions/install-gh-cli	2026-02-10T13:53:33.0494762Z Get:1 https://cli.github.com/packages stable/main amd64 gh amd64 2.86.0 [13.7 MB]
handle_failure	Run /./.github/actions/install-gh-cli	2026-02-10T13:53:40.8584927Z debconf: delaying package configuration, since apt-utils is not installed
handle_failure	Run /./.github/actions/install-gh-cli	2026-02-10T13:53:41.9559408Z Fetched 13.7 MB in 4s (3327 kB/s)
handle_failure	Run /./.github/actions/install-gh-cli	2026-02-10T13:53:43.3050505Z Selecting previously unselected package gh.
handle_failure	Run /./.github/actions/install-gh-cli	2026-02-10T13:53:43.3282464Z (Reading database ... 
handle_failure	Run /./.github/actions/install-gh-cli	2026-02-10T13:53:43.3318926Z (Reading database ... 5%
handle_failure	Run /./.github/actions/install-gh-cli	2026-02-10T13:53:43.3354523Z (Reading database ... 10%
handle_failure	Run /./.github/actions/install-gh-cli	2026-02-10T13:53:43.3372589Z (Reading database ... 15%
handle_failure	Run /./.github/actions/install-gh-cli	2026-02-10T13:53:43.3373315Z (Reading database ... 20%
handle_failure	Run /./.github/actions/install-gh-cli	2026-02-10T13:53:43.3373911Z (Reading database ... 25%
handle_failure	Run /./.github/actions/install-gh-cli	2026-02-10T13:53:43.3374473Z (Reading database ... 30%
handle_failure	Run /./.github/actions/install-gh-cli	2026-02-10T13:53:43.3613559Z (Reading database ... 35%
handle_failure	Run /./.github/actions/install-gh-cli	2026-02-10T13:53:43.3614311Z (Reading database ... 40%
handle_failure	Run /./.github/actions/install-gh-cli	2026-02-10T13:53:43.3614965Z (Reading database ... 45%
handle_failure	Run /./.github/actions/install-gh-cli	2026-02-10T13:53:43.3615611Z (Reading database ... 50%
handle_failure	Run /./.github/actions/install-gh-cli	2026-02-10T13:53:43.3616247Z (Reading database ... 55%
handle_failure	Run /./.github/actions/install-gh-cli	2026-02-10T13:53:43.3616919Z (Reading database ... 60%
handle_failure	Run /./.github/actions/install-gh-cli	2026-02-10T13:53:43.3617563Z (Reading database ... 65%
handle_failure	Run /./.github/actions/install-gh-cli	2026-02-10T13:53:43.3668776Z (Reading database ... 70%
handle_failure	Run /./.github/actions/install-gh-cli	2026-02-10T13:53:43.4218421Z (Reading database ... 75%
handle_failure	Run /./.github/actions/install-gh-cli	2026-02-10T13:53:43.4581869Z (Reading database ... 80%
handle_failure	Run /./.github/actions/install-gh-cli	2026-02-10T13:53:43.5102271Z (Reading database ... 85%
handle_failure	Run /./.github/actions/install-gh-cli	2026-02-10T13:53:43.5195146Z (Reading database ... 90%
handle_failure	Run /./.github/actions/install-gh-cli	2026-02-10T13:53:43.6919084Z (Reading database ... 95%
handle_failure	Run /./.github/actions/install-gh-cli	2026-02-10T13:53:43.7170125Z (Reading database ... 100%
handle_failure	Run /./.github/actions/install-gh-cli	2026-02-10T13:53:43.7684411Z (Reading database ... 14385 files and directories currently installed.)
handle_failure	Run /./.github/actions/install-gh-cli	2026-02-10T13:53:43.8171830Z Preparing to unpack .../archives/gh_2.86.0_amd64.deb ...
handle_failure	Run /./.github/actions/install-gh-cli	2026-02-10T13:53:43.8741541Z Unpacking gh (2.86.0) ...
handle_failure	Run /./.github/actions/install-gh-cli	2026-02-10T13:53:58.8420135Z Setting up gh (2.86.0) ...
handle_failure	Notify Failure	﻿2026-02-10T13:54:01.1601567Z ##[group]Run gh issue create --title "[Ka0S] YAMLLINT Error in 21865816216" --label "bug" --body "Check logs: https://github.com/Ka0s-Klaus/ka0s/actions/runs/21865816216"
handle_failure	Notify Failure	2026-02-10T13:54:01.1788439Z [36;1mgh issue create --title "[Ka0S] YAMLLINT Error in 21865816216" --label "bug" --body "Check logs: https://github.com/Ka0s-Klaus/ka0s/actions/runs/21865816216"[0m
handle_failure	Notify Failure	2026-02-10T13:54:01.1792250Z [36;1mRNNUMBER=$(echo "refs/heads/H3265-deploy-itop" | grep -o '[0-9]*')[0m
handle_failure	Notify Failure	2026-02-10T13:54:01.1794712Z [36;1mgh issue comment $RNNUMBER --body "❌ El proceso de Compliance YAML ha fallado 21865816216."[0m
handle_failure	Notify Failure	2026-02-10T13:54:01.2615615Z shell: /usr/bin/bash -e {0}
handle_failure	Notify Failure	2026-02-10T13:54:01.2616246Z env:
handle_failure	Notify Failure	2026-02-10T13:54:01.2616731Z   KAOS_MODULE: [Ka0S] YAMLLINT
handle_failure	Notify Failure	2026-02-10T13:54:01.2617754Z   GH_TOKEN: ***
handle_failure	Notify Failure	2026-02-10T13:54:01.2618550Z   KAOS_YAMLLINT_CONFIG: core/config/kaos-yamllint-config.yaml
handle_failure	Notify Failure	2026-02-10T13:54:01.2619542Z   KAOS_PRETTIER_CONFIG: compliance/yaml/.prettierrc.json
handle_failure	Notify Failure	2026-02-10T13:54:01.2620322Z   KAOS_PATH_RESUME: audit/yamllint/
handle_failure	Notify Failure	2026-02-10T13:54:01.2621064Z   KAOS_REPO: /actions-runner/_work/kaos/kaos
handle_failure	Notify Failure	2026-02-10T13:54:01.2621905Z   KAOS_STEP_MODULE: 
handle_failure	Notify Failure	2026-02-10T13:54:01.2622412Z   KAOS_CODE: 21865816216
handle_failure	Notify Failure	2026-02-10T13:54:01.2623753Z   KAOS_REF_BRANCH: main
handle_failure	Notify Failure	2026-02-10T13:54:01.2624507Z ##[endgroup]
handle_failure	Notify Failure	2026-02-10T13:54:09.7928302Z https://github.com/Ka0s-Klaus/ka0s/issues/3499
handle_failure	Notify Failure	2026-02-10T13:54:15.7509426Z https://github.com/Ka0s-Klaus/ka0s/issues/3265#issuecomment-3877777438
handle_failure	Post Run actions/checkout@v4	﻿2026-02-10T13:54:16.1635565Z Post job cleanup.
handle_failure	Post Run actions/checkout@v4	2026-02-10T13:54:22.4197763Z [command]/usr/bin/git version
handle_failure	Post Run actions/checkout@v4	2026-02-10T13:54:22.8583300Z git version 2.52.0
handle_failure	Post Run actions/checkout@v4	2026-02-10T13:54:23.1936529Z Temporarily overriding HOME='/home/runner/_work/_temp/6b0d7133-f281-44ae-b0b5-199ecadecbdc' before making global git config changes
handle_failure	Post Run actions/checkout@v4	2026-02-10T13:54:23.2196114Z Adding repository directory to the temporary git global config as a safe directory
handle_failure	Post Run actions/checkout@v4	2026-02-10T13:54:23.2280541Z [command]/usr/bin/git config --global --add safe.directory /home/runner/_work/ka0s/ka0s
handle_failure	Post Run actions/checkout@v4	2026-02-10T13:54:23.5249740Z [command]/usr/bin/git config --local --name-only --get-regexp core\.sshCommand
handle_failure	Post Run actions/checkout@v4	2026-02-10T13:54:23.8991032Z [command]/usr/bin/git submodule foreach --recursive sh -c "git config --local --name-only --get-regexp 'core\.sshCommand' && git config --local --unset-all 'core.sshCommand' || :"
handle_failure	Post Run actions/checkout@v4	2026-02-10T13:54:25.7675680Z [command]/usr/bin/git config --local --name-only --get-regexp http\.https\:\/\/github\.com\/\.extraheader
handle_failure	Post Run actions/checkout@v4	2026-02-10T13:54:26.0409395Z http.https://github.com/.extraheader
handle_failure	Post Run actions/checkout@v4	2026-02-10T13:54:26.0999788Z [command]/usr/bin/git config --local --unset-all http.https://github.com/.extraheader
handle_failure	Post Run actions/checkout@v4	2026-02-10T13:54:26.4675279Z [command]/usr/bin/git submodule foreach --recursive sh -c "git config --local --name-only --get-regexp 'http\.https\:\/\/github\.com\/\.extraheader' && git config --local --unset-all 'http.https://github.com/.extraheader' || :"
handle_failure	Post Run actions/checkout@v4	2026-02-10T13:54:27.3414623Z [command]/usr/bin/git config --local --name-only --get-regexp ^includeIf\.gitdir:
handle_failure	Post Run actions/checkout@v4	2026-02-10T13:54:27.4129984Z [command]/usr/bin/git submodule foreach --recursive git config --local --show-origin --name-only --get-regexp remote.origin.url
handle_failure	Complete job	﻿2026-02-10T13:54:29.5624738Z Cleaning up orphan processes
end-workflow	Set up job	﻿2026-02-10T13:55:36.7301027Z Current runner version: '2.331.0'
end-workflow	Set up job	2026-02-10T13:55:36.8277993Z Runner name: 'swarm-runners-scaleset-hkss5-runner-gm2s5'
end-workflow	Set up job	2026-02-10T13:55:36.8280931Z Runner group name: 'Default'
end-workflow	Set up job	2026-02-10T13:55:36.8283935Z Machine name: 'swarm-runners-scaleset-hkss5-runner-gm2s5'
end-workflow	Set up job	2026-02-10T13:55:37.1243556Z ##[group]GITHUB_TOKEN Permissions
end-workflow	Set up job	2026-02-10T13:55:37.1248626Z Actions: write
end-workflow	Set up job	2026-02-10T13:55:37.1249976Z Contents: write
end-workflow	Set up job	2026-02-10T13:55:37.1251157Z Issues: write
end-workflow	Set up job	2026-02-10T13:55:37.1252325Z Metadata: read
end-workflow	Set up job	2026-02-10T13:55:37.1253542Z PullRequests: write
end-workflow	Set up job	2026-02-10T13:55:37.1254757Z ##[endgroup]
end-workflow	Set up job	2026-02-10T13:55:37.4200724Z Secret source: Actions
end-workflow	Set up job	2026-02-10T13:55:37.4271763Z Prepare workflow directory
end-workflow	Set up job	2026-02-10T13:55:44.1362801Z Prepare all required actions
end-workflow	Set up job	2026-02-10T13:55:44.8195017Z Getting action download info
end-workflow	Set up job	2026-02-10T13:55:51.1307127Z Download action repository 'actions/checkout@v4' (SHA:34e114876b0b11c390a56381ad16ebd13914f8d5)
end-workflow	Set up job	2026-02-10T13:56:07.3791496Z Complete job name: end-workflow
end-workflow	Run actions/checkout@v4	﻿2026-02-10T13:56:12.8106848Z ##[group]Run actions/checkout@v4
end-workflow	Run actions/checkout@v4	2026-02-10T13:56:12.8111998Z with:
end-workflow	Run actions/checkout@v4	2026-02-10T13:56:12.8114021Z   repository: Ka0s-Klaus/ka0s
end-workflow	Run actions/checkout@v4	2026-02-10T13:56:12.8116196Z   token: ***
end-workflow	Run actions/checkout@v4	2026-02-10T13:56:12.8117360Z   ssh-strict: true
end-workflow	Run actions/checkout@v4	2026-02-10T13:56:12.8600718Z   ssh-user: git
end-workflow	Run actions/checkout@v4	2026-02-10T13:56:12.8602109Z   persist-credentials: true
end-workflow	Run actions/checkout@v4	2026-02-10T13:56:12.8603499Z   clean: true
end-workflow	Run actions/checkout@v4	2026-02-10T13:56:12.8604906Z   sparse-checkout-cone-mode: true
end-workflow	Run actions/checkout@v4	2026-02-10T13:56:12.8606436Z   fetch-depth: 1
end-workflow	Run actions/checkout@v4	2026-02-10T13:56:12.8607680Z   fetch-tags: false
end-workflow	Run actions/checkout@v4	2026-02-10T13:56:12.8822165Z   show-progress: true
end-workflow	Run actions/checkout@v4	2026-02-10T13:56:12.8823586Z   lfs: false
end-workflow	Run actions/checkout@v4	2026-02-10T13:56:12.8824767Z   submodules: false
end-workflow	Run actions/checkout@v4	2026-02-10T13:56:12.8826025Z   set-safe-directory: true
end-workflow	Run actions/checkout@v4	2026-02-10T13:56:12.9147215Z env:
end-workflow	Run actions/checkout@v4	2026-02-10T13:56:12.9219423Z   KAOS_MODULE: [Ka0S] YAMLLINT
end-workflow	Run actions/checkout@v4	2026-02-10T13:56:12.9224599Z   GH_TOKEN: ***
end-workflow	Run actions/checkout@v4	2026-02-10T13:56:12.9979890Z   KAOS_YAMLLINT_CONFIG: core/config/kaos-yamllint-config.yaml
end-workflow	Run actions/checkout@v4	2026-02-10T13:56:13.0461605Z   KAOS_PRETTIER_CONFIG: compliance/yaml/.prettierrc.json
end-workflow	Run actions/checkout@v4	2026-02-10T13:56:13.1451116Z   KAOS_PATH_RESUME: audit/yamllint/
end-workflow	Run actions/checkout@v4	2026-02-10T13:56:13.1455809Z   KAOS_REPO: /actions-runner/_work/kaos/kaos
end-workflow	Run actions/checkout@v4	2026-02-10T13:56:13.1470864Z   KAOS_STEP_MODULE: 
end-workflow	Run actions/checkout@v4	2026-02-10T13:56:13.1474660Z   KAOS_CODE: 21865816216
end-workflow	Run actions/checkout@v4	2026-02-10T13:56:13.1708519Z   KAOS_REF_BRANCH: main
end-workflow	Run actions/checkout@v4	2026-02-10T13:56:13.1712433Z ##[endgroup]
end-workflow	Run actions/checkout@v4	2026-02-10T13:56:26.7521152Z Syncing repository: Ka0s-Klaus/ka0s
end-workflow	Run actions/checkout@v4	2026-02-10T13:56:26.7525644Z ##[group]Getting Git version info
end-workflow	Run actions/checkout@v4	2026-02-10T13:56:26.7546370Z Working directory is '/home/runner/_work/ka0s/ka0s'
end-workflow	Run actions/checkout@v4	2026-02-10T13:56:26.7550258Z [command]/usr/bin/git version
end-workflow	Run actions/checkout@v4	2026-02-10T13:56:26.8148440Z git version 2.52.0
end-workflow	Run actions/checkout@v4	2026-02-10T13:56:26.9341952Z ##[endgroup]
end-workflow	Run actions/checkout@v4	2026-02-10T13:56:27.0292645Z Temporarily overriding HOME='/home/runner/_work/_temp/790b6a4f-84a0-4fb6-a84a-96f6bb2907d3' before making global git config changes
end-workflow	Run actions/checkout@v4	2026-02-10T13:56:27.0609651Z Adding repository directory to the temporary git global config as a safe directory
end-workflow	Run actions/checkout@v4	2026-02-10T13:56:27.1205011Z [command]/usr/bin/git config --global --add safe.directory /home/runner/_work/ka0s/ka0s
end-workflow	Run actions/checkout@v4	2026-02-10T13:56:27.8522867Z Deleting the contents of '/home/runner/_work/ka0s/ka0s'
end-workflow	Run actions/checkout@v4	2026-02-10T13:56:27.8526421Z ##[group]Initializing the repository
end-workflow	Run actions/checkout@v4	2026-02-10T13:56:27.9503913Z [command]/usr/bin/git init /home/runner/_work/ka0s/ka0s
end-workflow	Run actions/checkout@v4	2026-02-10T13:56:28.6625870Z hint: Using 'master' as the name for the initial branch. This default branch name
end-workflow	Run actions/checkout@v4	2026-02-10T13:56:28.7152184Z hint: will change to "main" in Git 3.0. To configure the initial branch name
end-workflow	Run actions/checkout@v4	2026-02-10T13:56:28.7155873Z hint: to use in all of your new repositories, which will suppress this warning,
end-workflow	Run actions/checkout@v4	2026-02-10T13:56:28.7159087Z hint: call:
end-workflow	Run actions/checkout@v4	2026-02-10T13:56:28.7789503Z hint:
end-workflow	Run actions/checkout@v4	2026-02-10T13:56:28.9321342Z hint: 	git config --global init.defaultBranch <name>
end-workflow	Run actions/checkout@v4	2026-02-10T13:56:28.9325924Z hint:
end-workflow	Run actions/checkout@v4	2026-02-10T13:56:28.9330686Z hint: Names commonly chosen instead of 'master' are 'main', 'trunk' and
end-workflow	Run actions/checkout@v4	2026-02-10T13:56:28.9333940Z hint: 'development'. The just-created branch can be renamed via this command:
end-workflow	Run actions/checkout@v4	2026-02-10T13:56:29.0815888Z hint:
end-workflow	Run actions/checkout@v4	2026-02-10T13:56:29.0817287Z hint: 	git branch -m <name>
end-workflow	Run actions/checkout@v4	2026-02-10T13:56:29.0818941Z hint:
end-workflow	Run actions/checkout@v4	2026-02-10T13:56:29.0820831Z hint: Disable this message with "git config set advice.defaultBranchName false"
end-workflow	Run actions/checkout@v4	2026-02-10T13:56:29.0937423Z Initialized empty Git repository in /home/runner/_work/ka0s/ka0s/.git/
end-workflow	Run actions/checkout@v4	2026-02-10T13:56:29.0943214Z [command]/usr/bin/git remote add origin https://github.com/Ka0s-Klaus/ka0s
end-workflow	Run actions/checkout@v4	2026-02-10T13:56:29.5089570Z ##[endgroup]
end-workflow	Run actions/checkout@v4	2026-02-10T13:56:29.5093214Z ##[group]Disabling automatic garbage collection
end-workflow	Run actions/checkout@v4	2026-02-10T13:56:29.6010228Z [command]/usr/bin/git config --local gc.auto 0
end-workflow	Run actions/checkout@v4	2026-02-10T13:56:29.9415458Z ##[endgroup]
end-workflow	Run actions/checkout@v4	2026-02-10T13:56:29.9419538Z ##[group]Setting up auth
end-workflow	Run actions/checkout@v4	2026-02-10T13:56:30.1563375Z [command]/usr/bin/git config --local --name-only --get-regexp core\.sshCommand
end-workflow	Run actions/checkout@v4	2026-02-10T13:56:30.3957696Z [command]/usr/bin/git submodule foreach --recursive sh -c "git config --local --name-only --get-regexp 'core\.sshCommand' && git config --local --unset-all 'core.sshCommand' || :"
end-workflow	Run actions/checkout@v4	2026-02-10T13:56:33.2287640Z [command]/usr/bin/git config --local --name-only --get-regexp http\.https\:\/\/github\.com\/\.extraheader
end-workflow	Run actions/checkout@v4	2026-02-10T13:56:33.5434286Z [command]/usr/bin/git submodule foreach --recursive sh -c "git config --local --name-only --get-regexp 'http\.https\:\/\/github\.com\/\.extraheader' && git config --local --unset-all 'http.https://github.com/.extraheader' || :"
end-workflow	Run actions/checkout@v4	2026-02-10T13:56:34.7683211Z [command]/usr/bin/git config --local --name-only --get-regexp ^includeIf\.gitdir:
end-workflow	Run actions/checkout@v4	2026-02-10T13:56:35.0533536Z [command]/usr/bin/git submodule foreach --recursive git config --local --show-origin --name-only --get-regexp remote.origin.url
end-workflow	Run actions/checkout@v4	2026-02-10T13:56:36.2893654Z [command]/usr/bin/git config --local http.https://github.com/.extraheader AUTHORIZATION: basic ***
end-workflow	Run actions/checkout@v4	2026-02-10T13:56:36.3932418Z ##[endgroup]
end-workflow	Run actions/checkout@v4	2026-02-10T13:56:36.3956388Z ##[group]Fetching the repository
end-workflow	Run actions/checkout@v4	2026-02-10T13:56:36.4474972Z [command]/usr/bin/git -c protocol.version=2 fetch --no-tags --prune --no-recurse-submodules --depth=1 origin +b3f26b2711e73d733020f012556ae4aafaff1873:refs/remotes/origin/H3265-deploy-itop
end-workflow	Run actions/checkout@v4	2026-02-10T13:57:49.9542051Z From https://github.com/Ka0s-Klaus/ka0s
end-workflow	Run actions/checkout@v4	2026-02-10T13:57:49.9679344Z  * [new ref]         b3f26b2711e73d733020f012556ae4aafaff1873 -> origin/H3265-deploy-itop
end-workflow	Run actions/checkout@v4	2026-02-10T13:57:50.2035302Z ##[endgroup]
end-workflow	Run actions/checkout@v4	2026-02-10T13:57:50.2273773Z ##[group]Determining the checkout info
end-workflow	Run actions/checkout@v4	2026-02-10T13:57:50.2277211Z ##[endgroup]
end-workflow	Run actions/checkout@v4	2026-02-10T13:57:50.3162225Z [command]/usr/bin/git sparse-checkout disable
end-workflow	Run actions/checkout@v4	2026-02-10T13:57:50.7011406Z [command]/usr/bin/git config --local --unset-all extensions.worktreeConfig
end-workflow	Run actions/checkout@v4	2026-02-10T13:57:50.7839672Z ##[group]Checking out the ref
end-workflow	Run actions/checkout@v4	2026-02-10T13:57:50.8742633Z [command]/usr/bin/git checkout --progress --force -B H3265-deploy-itop refs/remotes/origin/H3265-deploy-itop
end-workflow	Run actions/checkout@v4	2026-02-10T13:57:52.3563101Z Updating files:  22% (234/1018)
end-workflow	Run actions/checkout@v4	2026-02-10T13:57:53.7532373Z Updating files:  23% (235/1018)
end-workflow	Run actions/checkout@v4	2026-02-10T13:57:54.1759319Z Updating files:  23% (241/1018)
end-workflow	Run actions/checkout@v4	2026-02-10T13:57:54.2570176Z Updating files:  24% (245/1018)
end-workflow	Run actions/checkout@v4	2026-02-10T13:57:54.5704108Z Updating files:  24% (246/1018)
end-workflow	Run actions/checkout@v4	2026-02-10T13:57:55.3940525Z Updating files:  25% (255/1018)
end-workflow	Run actions/checkout@v4	2026-02-10T13:57:56.3539400Z Updating files:  25% (256/1018)
end-workflow	Run actions/checkout@v4	2026-02-10T13:57:57.8930146Z Updating files:  25% (260/1018)
end-workflow	Run actions/checkout@v4	2026-02-10T13:57:57.8932681Z Updating files:  25% (262/1018)
end-workflow	Run actions/checkout@v4	2026-02-10T13:57:57.8947133Z Updating files:  26% (265/1018)
end-workflow	Run actions/checkout@v4	2026-02-10T13:57:57.9070720Z Updating files:  27% (275/1018)
end-workflow	Run actions/checkout@v4	2026-02-10T13:57:57.9138457Z Updating files:  28% (286/1018)
end-workflow	Run actions/checkout@v4	2026-02-10T13:57:57.9249782Z Updating files:  29% (296/1018)
end-workflow	Run actions/checkout@v4	2026-02-10T13:57:57.9494409Z Updating files:  30% (306/1018)
end-workflow	Run actions/checkout@v4	2026-02-10T13:57:57.9614238Z Updating files:  31% (316/1018)
end-workflow	Run actions/checkout@v4	2026-02-10T13:57:57.9705158Z Updating files:  32% (326/1018)
end-workflow	Run actions/checkout@v4	2026-02-10T13:57:57.9714723Z Updating files:  33% (336/1018)
end-workflow	Run actions/checkout@v4	2026-02-10T13:57:57.9726483Z Updating files:  34% (347/1018)
end-workflow	Run actions/checkout@v4	2026-02-10T13:57:57.9749672Z Updating files:  35% (357/1018)
end-workflow	Run actions/checkout@v4	2026-02-10T13:57:57.9780108Z Updating files:  36% (367/1018)
end-workflow	Run actions/checkout@v4	2026-02-10T13:57:57.9854247Z Updating files:  37% (377/1018)
end-workflow	Run actions/checkout@v4	2026-02-10T13:57:57.9857730Z Updating files:  38% (387/1018)
end-workflow	Run actions/checkout@v4	2026-02-10T13:57:57.9859359Z Updating files:  39% (398/1018)
end-workflow	Run actions/checkout@v4	2026-02-10T13:57:57.9860545Z Updating files:  40% (408/1018)
end-workflow	Run actions/checkout@v4	2026-02-10T13:57:57.9862014Z Updating files:  41% (418/1018)
end-workflow	Run actions/checkout@v4	2026-02-10T13:57:57.9953647Z Updating files:  42% (428/1018)
end-workflow	Run actions/checkout@v4	2026-02-10T13:57:58.8228851Z Updating files:  43% (438/1018)
end-workflow	Run actions/checkout@v4	2026-02-10T13:57:59.3403994Z Updating files:  43% (440/1018)
end-workflow	Run actions/checkout@v4	2026-02-10T13:57:59.5205987Z Updating files:  43% (442/1018)
end-workflow	Run actions/checkout@v4	2026-02-10T13:57:59.7138840Z Updating files:  44% (448/1018)
end-workflow	Run actions/checkout@v4	2026-02-10T13:57:59.7449038Z Updating files:  45% (459/1018)
end-workflow	Run actions/checkout@v4	2026-02-10T13:57:59.8305627Z Updating files:  46% (469/1018)
end-workflow	Run actions/checkout@v4	2026-02-10T13:58:00.1627390Z Updating files:  47% (479/1018)
end-workflow	Run actions/checkout@v4	2026-02-10T13:58:00.1963771Z Updating files:  48% (489/1018)
end-workflow	Run actions/checkout@v4	2026-02-10T13:58:00.1964829Z Updating files:  49% (499/1018)
end-workflow	Run actions/checkout@v4	2026-02-10T13:58:00.1987696Z Updating files:  50% (509/1018)
end-workflow	Run actions/checkout@v4	2026-02-10T13:58:00.2128992Z Updating files:  51% (520/1018)
end-workflow	Run actions/checkout@v4	2026-02-10T13:58:01.0885836Z Updating files:  52% (530/1018)
end-workflow	Run actions/checkout@v4	2026-02-10T13:58:01.9190899Z Updating files:  52% (533/1018)
end-workflow	Run actions/checkout@v4	2026-02-10T13:58:01.9879671Z Updating files:  52% (534/1018)
end-workflow	Run actions/checkout@v4	2026-02-10T13:58:02.0589285Z Updating files:  53% (540/1018)
end-workflow	Run actions/checkout@v4	2026-02-10T13:58:02.2616952Z Updating files:  54% (550/1018)
end-workflow	Run actions/checkout@v4	2026-02-10T13:58:02.3896483Z Updating files:  54% (555/1018)
end-workflow	Run actions/checkout@v4	2026-02-10T13:58:02.4310313Z Updating files:  55% (560/1018)
end-workflow	Run actions/checkout@v4	2026-02-10T13:58:02.6486412Z Updating files:  56% (571/1018)
end-workflow	Run actions/checkout@v4	2026-02-10T13:58:02.6848941Z Updating files:  57% (581/1018)
end-workflow	Run actions/checkout@v4	2026-02-10T13:58:02.8121724Z Updating files:  58% (591/1018)
end-workflow	Run actions/checkout@v4	2026-02-10T13:58:02.8181548Z Updating files:  59% (601/1018)
end-workflow	Run actions/checkout@v4	2026-02-10T13:58:02.8426144Z Updating files:  60% (611/1018)
end-workflow	Run actions/checkout@v4	2026-02-10T13:58:02.8849789Z Updating files:  61% (621/1018)
end-workflow	Run actions/checkout@v4	2026-02-10T13:58:03.0007078Z Updating files:  62% (632/1018)
end-workflow	Run actions/checkout@v4	2026-02-10T13:58:03.0373251Z Updating files:  63% (642/1018)
end-workflow	Run actions/checkout@v4	2026-02-10T13:58:03.0399033Z Updating files:  64% (652/1018)
end-workflow	Run actions/checkout@v4	2026-02-10T13:58:03.1952399Z Updating files:  65% (662/1018)
end-workflow	Run actions/checkout@v4	2026-02-10T13:58:04.0709576Z Updating files:  66% (672/1018)
end-workflow	Run actions/checkout@v4	2026-02-10T13:58:04.1206804Z Updating files:  66% (673/1018)
end-workflow	Run actions/checkout@v4	2026-02-10T13:58:04.1531938Z Updating files:  67% (683/1018)
end-workflow	Run actions/checkout@v4	2026-02-10T13:58:05.1563545Z Updating files:  68% (693/1018)
end-workflow	Run actions/checkout@v4	2026-02-10T13:58:05.3164426Z Updating files:  68% (698/1018)
end-workflow	Run actions/checkout@v4	2026-02-10T13:58:05.3165732Z Updating files:  68% (701/1018)
end-workflow	Run actions/checkout@v4	2026-02-10T13:58:05.3382542Z Updating files:  69% (703/1018)
end-workflow	Run actions/checkout@v4	2026-02-10T13:58:05.3612504Z Updating files:  70% (713/1018)
end-workflow	Run actions/checkout@v4	2026-02-10T13:58:05.3778714Z Updating files:  71% (723/1018)
end-workflow	Run actions/checkout@v4	2026-02-10T13:58:05.4605255Z Updating files:  72% (733/1018)
end-workflow	Run actions/checkout@v4	2026-02-10T13:58:05.4801203Z Updating files:  73% (744/1018)
end-workflow	Run actions/checkout@v4	2026-02-10T13:58:05.5279301Z Updating files:  74% (754/1018)
end-workflow	Run actions/checkout@v4	2026-02-10T13:58:05.5640684Z Updating files:  75% (764/1018)
end-workflow	Run actions/checkout@v4	2026-02-10T13:58:08.0657438Z Updating files:  76% (774/1018)
end-workflow	Run actions/checkout@v4	2026-02-10T13:58:10.2503607Z Updating files:  77% (784/1018)
end-workflow	Run actions/checkout@v4	2026-02-10T13:58:11.5037333Z Updating files:  77% (785/1018)
end-workflow	Run actions/checkout@v4	2026-02-10T13:58:12.5590203Z Updating files:  77% (792/1018)
end-workflow	Run actions/checkout@v4	2026-02-10T13:58:14.5200774Z Updating files:  77% (793/1018)
end-workflow	Run actions/checkout@v4	2026-02-10T13:58:15.5510372Z Updating files:  78% (795/1018)
end-workflow	Run actions/checkout@v4	2026-02-10T13:58:16.4833317Z Updating files:  78% (796/1018)
end-workflow	Run actions/checkout@v4	2026-02-10T13:58:16.6245633Z Updating files:  78% (804/1018)
end-workflow	Run actions/checkout@v4	2026-02-10T13:58:17.7919044Z Updating files:  79% (805/1018)
end-workflow	Run actions/checkout@v4	2026-02-10T13:58:18.3385626Z Updating files:  79% (807/1018)
end-workflow	Run actions/checkout@v4	2026-02-10T13:58:19.3760414Z Updating files:  79% (810/1018)
end-workflow	Run actions/checkout@v4	2026-02-10T13:58:21.3771187Z Updating files:  79% (812/1018)
end-workflow	Run actions/checkout@v4	2026-02-10T13:58:21.4450432Z Updating files:  79% (814/1018)
end-workflow	Run actions/checkout@v4	2026-02-10T13:58:22.7193480Z Updating files:  80% (815/1018)
end-workflow	Run actions/checkout@v4	2026-02-10T13:58:23.2970717Z Updating files:  80% (817/1018)
end-workflow	Run actions/checkout@v4	2026-02-10T13:58:24.5607393Z Updating files:  80% (820/1018)
end-workflow	Run actions/checkout@v4	2026-02-10T13:58:25.5506407Z Updating files:  81% (825/1018)
end-workflow	Run actions/checkout@v4	2026-02-10T13:58:26.2530606Z Updating files:  81% (828/1018)
end-workflow	Run actions/checkout@v4	2026-02-10T13:58:27.3793640Z Updating files:  81% (831/1018)
end-workflow	Run actions/checkout@v4	2026-02-10T13:58:28.4591322Z Updating files:  82% (835/1018)
end-workflow	Run actions/checkout@v4	2026-02-10T13:58:29.1158673Z Updating files:  82% (840/1018)
end-workflow	Run actions/checkout@v4	2026-02-10T13:58:29.2807623Z Updating files:  83% (845/1018)
end-workflow	Run actions/checkout@v4	2026-02-10T13:58:30.3894389Z Updating files:  83% (848/1018)
end-workflow	Run actions/checkout@v4	2026-02-10T13:58:31.4562911Z Updating files:  83% (852/1018)
end-workflow	Run actions/checkout@v4	2026-02-10T13:58:32.5937667Z Updating files:  83% (854/1018)
end-workflow	Run actions/checkout@v4	2026-02-10T13:58:33.3186878Z Updating files:  84% (856/1018)
end-workflow	Run actions/checkout@v4	2026-02-10T13:58:34.6199122Z Updating files:  84% (858/1018)
end-workflow	Run actions/checkout@v4	2026-02-10T13:58:35.2909248Z Updating files:  84% (860/1018)
end-workflow	Run actions/checkout@v4	2026-02-10T13:58:36.3224223Z Updating files:  84% (862/1018)
end-workflow	Run actions/checkout@v4	2026-02-10T13:58:36.6305807Z Updating files:  84% (865/1018)
end-workflow	Run actions/checkout@v4	2026-02-10T13:58:37.7133267Z Updating files:  85% (866/1018)
end-workflow	Run actions/checkout@v4	2026-02-10T13:58:38.7782155Z Updating files:  85% (869/1018)
end-workflow	Run actions/checkout@v4	2026-02-10T13:58:39.3704361Z Updating files:  85% (871/1018)
end-workflow	Run actions/checkout@v4	2026-02-10T13:58:40.7394585Z Updating files:  85% (872/1018)
end-workflow	Run actions/checkout@v4	2026-02-10T13:58:41.4123490Z Updating files:  85% (875/1018)
end-workflow	Run actions/checkout@v4	2026-02-10T13:58:42.4429372Z Updating files:  86% (876/1018)
end-workflow	Run actions/checkout@v4	2026-02-10T13:58:43.9579362Z Updating files:  86% (878/1018)
end-workflow	Run actions/checkout@v4	2026-02-10T13:58:45.1757333Z Updating files:  86% (879/1018)
end-workflow	Run actions/checkout@v4	2026-02-10T13:58:45.6947694Z Updating files:  86% (880/1018)
end-workflow	Run actions/checkout@v4	2026-02-10T13:58:46.4551803Z Updating files:  86% (881/1018)
end-workflow	Run actions/checkout@v4	2026-02-10T13:58:47.4324758Z Updating files:  86% (882/1018)
end-workflow	Run actions/checkout@v4	2026-02-10T13:58:48.4188841Z Updating files:  86% (883/1018)
end-workflow	Run actions/checkout@v4	2026-02-10T13:58:49.6019250Z Updating files:  86% (884/1018)
end-workflow	Run actions/checkout@v4	2026-02-10T13:58:50.3954335Z Updating files:  87% (886/1018)
end-workflow	Run actions/checkout@v4	2026-02-10T13:58:51.4906979Z Updating files:  87% (887/1018)
end-workflow	Run actions/checkout@v4	2026-02-10T13:58:53.0369437Z Updating files:  87% (888/1018)
end-workflow	Run actions/checkout@v4	2026-02-10T13:58:53.9678442Z Updating files:  87% (889/1018)
end-workflow	Run actions/checkout@v4	2026-02-10T13:58:54.7511285Z Updating files:  87% (890/1018)
end-workflow	Run actions/checkout@v4	2026-02-10T13:58:54.8369188Z Updating files:  87% (892/1018)
end-workflow	Run actions/checkout@v4	2026-02-10T13:58:54.8474810Z Updating files:  88% (896/1018)
end-workflow	Run actions/checkout@v4	2026-02-10T13:58:54.8561570Z Updating files:  89% (907/1018)
end-workflow	Run actions/checkout@v4	2026-02-10T13:58:54.8679093Z Updating files:  90% (917/1018)
end-workflow	Run actions/checkout@v4	2026-02-10T13:58:54.8680343Z Updating files:  91% (927/1018)
end-workflow	Run actions/checkout@v4	2026-02-10T13:58:54.8779035Z Updating files:  92% (937/1018)
end-workflow	Run actions/checkout@v4	2026-02-10T13:58:55.2501967Z Updating files:  93% (947/1018)
end-workflow	Run actions/checkout@v4	2026-02-10T13:58:55.2503181Z Updating files:  93% (953/1018)
end-workflow	Run actions/checkout@v4	2026-02-10T13:58:55.2586567Z Updating files:  94% (957/1018)
end-workflow	Run actions/checkout@v4	2026-02-10T13:58:55.3893790Z Updating files:  95% (968/1018)
end-workflow	Run actions/checkout@v4	2026-02-10T13:58:55.4169031Z Updating files:  96% (978/1018)
end-workflow	Run actions/checkout@v4	2026-02-10T13:58:55.4530536Z Updating files:  97% (988/1018)
end-workflow	Run actions/checkout@v4	2026-02-10T13:58:55.4841250Z Updating files:  98% (998/1018)
end-workflow	Run actions/checkout@v4	2026-02-10T13:58:55.4842367Z Updating files:  99% (1008/1018)
end-workflow	Run actions/checkout@v4	2026-02-10T13:58:55.4843383Z Updating files: 100% (1018/1018)
end-workflow	Run actions/checkout@v4	2026-02-10T13:58:55.4844249Z Updating files: 100% (1018/1018), done.
end-workflow	Run actions/checkout@v4	2026-02-10T13:58:55.5081464Z Switched to a new branch 'H3265-deploy-itop'
end-workflow	Run actions/checkout@v4	2026-02-10T13:58:55.5384679Z branch 'H3265-deploy-itop' set up to track 'origin/H3265-deploy-itop'.
end-workflow	Run actions/checkout@v4	2026-02-10T13:58:56.0767326Z ##[endgroup]
end-workflow	Run actions/checkout@v4	2026-02-10T13:58:56.3994700Z [command]/usr/bin/git log -1 --format=%H
end-workflow	Run actions/checkout@v4	2026-02-10T13:58:56.6208956Z b3f26b2711e73d733020f012556ae4aafaff1873
end-workflow	Run /./.github/actions/install-gh-cli	﻿2026-02-10T13:58:57.8845959Z Prepare all required actions
end-workflow	Run /./.github/actions/install-gh-cli	2026-02-10T13:58:58.6584940Z ##[group]Run ./.github/actions/install-gh-cli
end-workflow	Run /./.github/actions/install-gh-cli	2026-02-10T13:58:58.6586190Z env:
end-workflow	Run /./.github/actions/install-gh-cli	2026-02-10T13:58:58.6586853Z   KAOS_MODULE: [Ka0S] YAMLLINT
end-workflow	Run /./.github/actions/install-gh-cli	2026-02-10T13:58:58.6588659Z   GH_TOKEN: ***
end-workflow	Run /./.github/actions/install-gh-cli	2026-02-10T13:58:58.6589741Z   KAOS_YAMLLINT_CONFIG: core/config/kaos-yamllint-config.yaml
end-workflow	Run /./.github/actions/install-gh-cli	2026-02-10T13:58:58.6591127Z   KAOS_PRETTIER_CONFIG: compliance/yaml/.prettierrc.json
end-workflow	Run /./.github/actions/install-gh-cli	2026-02-10T13:58:58.6592243Z   KAOS_PATH_RESUME: audit/yamllint/
end-workflow	Run /./.github/actions/install-gh-cli	2026-02-10T13:58:58.6593317Z   KAOS_REPO: /actions-runner/_work/kaos/kaos
end-workflow	Run /./.github/actions/install-gh-cli	2026-02-10T13:58:58.6594389Z   KAOS_STEP_MODULE: 
end-workflow	Run /./.github/actions/install-gh-cli	2026-02-10T13:58:58.6595103Z   KAOS_CODE: 21865816216
end-workflow	Run /./.github/actions/install-gh-cli	2026-02-10T13:58:58.6595958Z   KAOS_REF_BRANCH: main
end-workflow	Run /./.github/actions/install-gh-cli	2026-02-10T13:58:58.6596729Z ##[endgroup]
end-workflow	Run /./.github/actions/install-gh-cli	2026-02-10T13:58:59.2436618Z ##[group]Run type -p curl >/dev/null || (sudo apt-get update && sudo apt-get install curl -y)
end-workflow	Run /./.github/actions/install-gh-cli	2026-02-10T13:58:59.2438823Z [36;1mtype -p curl >/dev/null || (sudo apt-get update && sudo apt-get install curl -y)[0m
end-workflow	Run /./.github/actions/install-gh-cli	2026-02-10T13:58:59.3453913Z [36;1mcurl -fsSL https://cli.github.com/packages/githubcli-archive-keyring.gpg | sudo dd of=/usr/share/keyrings/githubcli-archive-keyring.gpg \[0m
end-workflow	Run /./.github/actions/install-gh-cli	2026-02-10T13:58:59.3457574Z [36;1m&& sudo chmod go+r /usr/share/keyrings/githubcli-archive-keyring.gpg \[0m
end-workflow	Run /./.github/actions/install-gh-cli	2026-02-10T13:58:59.3462009Z [36;1m&& echo "deb [arch=$(dpkg --print-architecture) signed-by=/usr/share/keyrings/githubcli-archive-keyring.gpg] https://cli.github.com/packages stable main" | sudo tee /etc/apt/sources.list.d/github-cli.list > /dev/null \[0m
end-workflow	Run /./.github/actions/install-gh-cli	2026-02-10T13:58:59.3465330Z [36;1m&& sudo apt-get update \[0m
end-workflow	Run /./.github/actions/install-gh-cli	2026-02-10T13:58:59.3466189Z [36;1m&& sudo apt-get install gh -y[0m
end-workflow	Run /./.github/actions/install-gh-cli	2026-02-10T13:58:59.3723540Z shell: /usr/bin/bash --noprofile --norc -e -o pipefail {0}
end-workflow	Run /./.github/actions/install-gh-cli	2026-02-10T13:58:59.3725219Z env:
end-workflow	Run /./.github/actions/install-gh-cli	2026-02-10T13:58:59.3726128Z   KAOS_MODULE: [Ka0S] YAMLLINT
end-workflow	Run /./.github/actions/install-gh-cli	2026-02-10T13:58:59.3727445Z   GH_TOKEN: ***
end-workflow	Run /./.github/actions/install-gh-cli	2026-02-10T13:58:59.3728314Z   KAOS_YAMLLINT_CONFIG: core/config/kaos-yamllint-config.yaml
end-workflow	Run /./.github/actions/install-gh-cli	2026-02-10T13:58:59.3729424Z   KAOS_PRETTIER_CONFIG: compliance/yaml/.prettierrc.json
end-workflow	Run /./.github/actions/install-gh-cli	2026-02-10T13:58:59.3730307Z   KAOS_PATH_RESUME: audit/yamllint/
end-workflow	Run /./.github/actions/install-gh-cli	2026-02-10T13:58:59.3731137Z   KAOS_REPO: /actions-runner/_work/kaos/kaos
end-workflow	Run /./.github/actions/install-gh-cli	2026-02-10T13:58:59.3731865Z   KAOS_STEP_MODULE: 
end-workflow	Run /./.github/actions/install-gh-cli	2026-02-10T13:58:59.3732383Z   KAOS_CODE: 21865816216
end-workflow	Run /./.github/actions/install-gh-cli	2026-02-10T13:58:59.3732963Z   KAOS_REF_BRANCH: main
end-workflow	Run /./.github/actions/install-gh-cli	2026-02-10T13:58:59.3733503Z ##[endgroup]
end-workflow	Run /./.github/actions/install-gh-cli	2026-02-10T13:59:01.8183163Z 4+1 records in
end-workflow	Run /./.github/actions/install-gh-cli	2026-02-10T13:59:01.8188438Z 4+1 records out
end-workflow	Run /./.github/actions/install-gh-cli	2026-02-10T13:59:01.8209948Z 2270 bytes (2.3 kB, 2.2 KiB) copied, 1.6688 s, 1.4 kB/s
end-workflow	Run /./.github/actions/install-gh-cli	2026-02-10T13:59:04.6927473Z Get:1 http://security.ubuntu.com/ubuntu noble-security InRelease [126 kB]
end-workflow	Run /./.github/actions/install-gh-cli	2026-02-10T13:59:05.0864548Z Get:2 https://cli.github.com/packages stable InRelease [3917 B]
end-workflow	Run /./.github/actions/install-gh-cli	2026-02-10T13:59:05.0877643Z Get:3 http://archive.ubuntu.com/ubuntu noble InRelease [256 kB]
end-workflow	Run /./.github/actions/install-gh-cli	2026-02-10T13:59:05.2591291Z Get:4 https://ppa.launchpadcontent.net/git-core/ppa/ubuntu noble InRelease [24.3 kB]
end-workflow	Run /./.github/actions/install-gh-cli	2026-02-10T13:59:05.3539737Z Get:5 http://archive.ubuntu.com/ubuntu noble-updates InRelease [126 kB]
end-workflow	Run /./.github/actions/install-gh-cli	2026-02-10T13:59:05.4320246Z Get:6 http://archive.ubuntu.com/ubuntu noble-backports InRelease [126 kB]
end-workflow	Run /./.github/actions/install-gh-cli	2026-02-10T13:59:08.6435893Z Get:7 http://security.ubuntu.com/ubuntu noble-security/multiverse amd64 Packages [34.8 kB]
end-workflow	Run /./.github/actions/install-gh-cli	2026-02-10T13:59:09.2256083Z Get:8 http://security.ubuntu.com/ubuntu noble-security/main amd64 Packages [1822 kB]
end-workflow	Run /./.github/actions/install-gh-cli	2026-02-10T13:59:10.0753704Z Get:9 http://security.ubuntu.com/ubuntu noble-security/universe amd64 Packages [1199 kB]
end-workflow	Run /./.github/actions/install-gh-cli	2026-02-10T13:59:10.2533421Z Get:10 http://security.ubuntu.com/ubuntu noble-security/restricted amd64 Packages [3106 kB]
end-workflow	Run /./.github/actions/install-gh-cli	2026-02-10T13:59:13.6030866Z Get:11 https://cli.github.com/packages stable/main amd64 Packages [356 B]
end-workflow	Run /./.github/actions/install-gh-cli	2026-02-10T13:59:16.6812536Z Get:12 https://ppa.launchpadcontent.net/git-core/ppa/ubuntu noble/main amd64 Packages [2994 B]
end-workflow	Run /./.github/actions/install-gh-cli	2026-02-10T13:59:21.6468712Z Get:13 http://archive.ubuntu.com/ubuntu noble/main amd64 Packages [1808 kB]
end-workflow	Run /./.github/actions/install-gh-cli	2026-02-10T13:59:22.6681653Z Get:14 http://archive.ubuntu.com/ubuntu noble/multiverse amd64 Packages [331 kB]
end-workflow	Run /./.github/actions/install-gh-cli	2026-02-10T13:59:23.0091823Z Get:15 http://archive.ubuntu.com/ubuntu noble/restricted amd64 Packages [117 kB]
end-workflow	Run /./.github/actions/install-gh-cli	2026-02-10T13:59:23.3375543Z Get:16 http://archive.ubuntu.com/ubuntu noble/universe amd64 Packages [19.3 MB]
end-workflow	Run /./.github/actions/install-gh-cli	2026-02-10T13:59:31.5731012Z Get:17 http://archive.ubuntu.com/ubuntu noble-updates/restricted amd64 Packages [3287 kB]
end-workflow	Run /./.github/actions/install-gh-cli	2026-02-10T13:59:33.1227510Z Get:18 http://archive.ubuntu.com/ubuntu noble-updates/multiverse amd64 Packages [38.1 kB]
end-workflow	Run /./.github/actions/install-gh-cli	2026-02-10T13:59:33.2920037Z Get:19 http://archive.ubuntu.com/ubuntu noble-updates/main amd64 Packages [2201 kB]
end-workflow	Run /./.github/actions/install-gh-cli	2026-02-10T13:59:35.1810692Z Get:20 http://archive.ubuntu.com/ubuntu noble-updates/universe amd64 Packages [1978 kB]
end-workflow	Run /./.github/actions/install-gh-cli	2026-02-10T13:59:36.6860754Z Get:21 http://archive.ubuntu.com/ubuntu noble-backports/main amd64 Packages [49.5 kB]
end-workflow	Run /./.github/actions/install-gh-cli	2026-02-10T13:59:36.8399658Z Get:22 http://archive.ubuntu.com/ubuntu noble-backports/universe amd64 Packages [34.6 kB]
end-workflow	Run /./.github/actions/install-gh-cli	2026-02-10T14:00:18.7220424Z Fetched 36.0 MB in 1min 15s (483 kB/s)
end-workflow	Run /./.github/actions/install-gh-cli	2026-02-10T14:00:46.7239202Z Reading package lists...
end-workflow	Run /./.github/actions/install-gh-cli	2026-02-10T14:01:18.2569657Z Reading package lists...
end-workflow	Run /./.github/actions/install-gh-cli	2026-02-10T14:01:22.6989524Z Building dependency tree...
end-workflow	Run /./.github/actions/install-gh-cli	2026-02-10T14:01:22.7030271Z Reading state information...
end-workflow	Run /./.github/actions/install-gh-cli	2026-02-10T14:01:27.2583405Z The following NEW packages will be installed:
end-workflow	Run /./.github/actions/install-gh-cli	2026-02-10T14:01:27.2626862Z   gh
end-workflow	Run /./.github/actions/install-gh-cli	2026-02-10T14:01:28.3636327Z 0 upgraded, 1 newly installed, 0 to remove and 18 not upgraded.
end-workflow	Run /./.github/actions/install-gh-cli	2026-02-10T14:01:28.3638185Z Need to get 13.7 MB of archives.
end-workflow	Run /./.github/actions/install-gh-cli	2026-02-10T14:01:28.3646318Z After this operation, 37.9 MB of additional disk space will be used.
end-workflow	Run /./.github/actions/install-gh-cli	2026-02-10T14:01:28.3647725Z Get:1 https://cli.github.com/packages stable/main amd64 gh amd64 2.86.0 [13.7 MB]
end-workflow	Run /./.github/actions/install-gh-cli	2026-02-10T14:01:35.1649737Z debconf: delaying package configuration, since apt-utils is not installed
end-workflow	Run /./.github/actions/install-gh-cli	2026-02-10T14:01:35.9596514Z Fetched 13.7 MB in 3s (4859 kB/s)
end-workflow	Run /./.github/actions/install-gh-cli	2026-02-10T14:01:36.6810643Z Selecting previously unselected package gh.
end-workflow	Run /./.github/actions/install-gh-cli	2026-02-10T14:01:36.7174117Z (Reading database ... 
end-workflow	Run /./.github/actions/install-gh-cli	2026-02-10T14:01:36.7249980Z (Reading database ... 5%
end-workflow	Run /./.github/actions/install-gh-cli	2026-02-10T14:01:36.7276461Z (Reading database ... 10%
end-workflow	Run /./.github/actions/install-gh-cli	2026-02-10T14:01:36.7298913Z (Reading database ... 15%
end-workflow	Run /./.github/actions/install-gh-cli	2026-02-10T14:01:36.7314876Z (Reading database ... 20%
end-workflow	Run /./.github/actions/install-gh-cli	2026-02-10T14:01:36.7321271Z (Reading database ... 25%
end-workflow	Run /./.github/actions/install-gh-cli	2026-02-10T14:01:36.7334273Z (Reading database ... 30%
end-workflow	Run /./.github/actions/install-gh-cli	2026-02-10T14:01:36.7338774Z (Reading database ... 35%
end-workflow	Run /./.github/actions/install-gh-cli	2026-02-10T14:01:36.7339588Z (Reading database ... 40%
end-workflow	Run /./.github/actions/install-gh-cli	2026-02-10T14:01:36.7353342Z (Reading database ... 45%
end-workflow	Run /./.github/actions/install-gh-cli	2026-02-10T14:01:36.7354168Z (Reading database ... 50%
end-workflow	Run /./.github/actions/install-gh-cli	2026-02-10T14:01:36.7354666Z (Reading database ... 55%
end-workflow	Run /./.github/actions/install-gh-cli	2026-02-10T14:01:36.7355160Z (Reading database ... 60%
end-workflow	Run /./.github/actions/install-gh-cli	2026-02-10T14:01:36.7355665Z (Reading database ... 65%
end-workflow	Run /./.github/actions/install-gh-cli	2026-02-10T14:01:36.7536120Z (Reading database ... 70%
end-workflow	Run /./.github/actions/install-gh-cli	2026-02-10T14:01:36.7974663Z (Reading database ... 75%
end-workflow	Run /./.github/actions/install-gh-cli	2026-02-10T14:01:36.8352467Z (Reading database ... 80%
end-workflow	Run /./.github/actions/install-gh-cli	2026-02-10T14:01:36.8535645Z (Reading database ... 85%
end-workflow	Run /./.github/actions/install-gh-cli	2026-02-10T14:01:36.8731350Z (Reading database ... 90%
end-workflow	Run /./.github/actions/install-gh-cli	2026-02-10T14:01:36.8989698Z (Reading database ... 95%
end-workflow	Run /./.github/actions/install-gh-cli	2026-02-10T14:01:36.8990838Z (Reading database ... 100%
end-workflow	Run /./.github/actions/install-gh-cli	2026-02-10T14:01:36.9041963Z (Reading database ... 14385 files and directories currently installed.)
end-workflow	Run /./.github/actions/install-gh-cli	2026-02-10T14:01:36.9267408Z Preparing to unpack .../archives/gh_2.86.0_amd64.deb ...
end-workflow	Run /./.github/actions/install-gh-cli	2026-02-10T14:01:36.9462451Z Unpacking gh (2.86.0) ...
end-workflow	Run /./.github/actions/install-gh-cli	2026-02-10T14:01:47.7859379Z Setting up gh (2.86.0) ...
end-workflow	End Workflow	﻿2026-02-10T14:01:49.3341888Z ##[group]Run RNNUMBER=$(echo "refs/heads/H3265-deploy-itop" | grep -o '[0-9]*')
end-workflow	End Workflow	2026-02-10T14:01:49.3344667Z [36;1mRNNUMBER=$(echo "refs/heads/H3265-deploy-itop" | grep -o '[0-9]*')[0m
end-workflow	End Workflow	2026-02-10T14:01:49.3346563Z [36;1mgh workflow run inspector.yml --ref 'main' -f kaos-issue-id=$RNNUMBER -f kaos-workflow-id="21865816216" -f kaos-user-start=""[0m
end-workflow	End Workflow	2026-02-10T14:01:49.3685804Z shell: /usr/bin/bash -e {0}
end-workflow	End Workflow	2026-02-10T14:01:49.3686410Z env:
end-workflow	End Workflow	2026-02-10T14:01:49.3686847Z   KAOS_MODULE: [Ka0S] YAMLLINT
end-workflow	End Workflow	2026-02-10T14:01:49.3969358Z   GH_TOKEN: ***
end-workflow	End Workflow	2026-02-10T14:01:49.3970352Z   KAOS_YAMLLINT_CONFIG: core/config/kaos-yamllint-config.yaml
end-workflow	End Workflow	2026-02-10T14:01:49.3971558Z   KAOS_PRETTIER_CONFIG: compliance/yaml/.prettierrc.json
end-workflow	End Workflow	2026-02-10T14:01:49.3972406Z   KAOS_PATH_RESUME: audit/yamllint/
end-workflow	End Workflow	2026-02-10T14:01:49.3973141Z   KAOS_REPO: /actions-runner/_work/kaos/kaos
end-workflow	End Workflow	2026-02-10T14:01:49.3973845Z   KAOS_STEP_MODULE: 
end-workflow	End Workflow	2026-02-10T14:01:49.3974346Z   KAOS_CODE: 21865816216
end-workflow	End Workflow	2026-02-10T14:01:49.3974874Z   KAOS_REF_BRANCH: main
end-workflow	End Workflow	2026-02-10T14:01:49.3975430Z ##[endgroup]
end-workflow	Post Run actions/checkout@v4	﻿2026-02-10T14:01:59.8962923Z Post job cleanup.
end-workflow	Post Run actions/checkout@v4	2026-02-10T14:02:11.5199234Z [command]/usr/bin/git version
end-workflow	Post Run actions/checkout@v4	2026-02-10T14:02:11.9167022Z git version 2.52.0
end-workflow	Post Run actions/checkout@v4	2026-02-10T14:02:12.5104244Z Temporarily overriding HOME='/home/runner/_work/_temp/104ad26b-aed9-4ef4-bd91-f445a3659a41' before making global git config changes
end-workflow	Post Run actions/checkout@v4	2026-02-10T14:02:12.5107745Z Adding repository directory to the temporary git global config as a safe directory
end-workflow	Post Run actions/checkout@v4	2026-02-10T14:02:12.5585145Z [command]/usr/bin/git config --global --add safe.directory /home/runner/_work/ka0s/ka0s
end-workflow	Post Run actions/checkout@v4	2026-02-10T14:02:13.0349123Z [command]/usr/bin/git config --local --name-only --get-regexp core\.sshCommand
end-workflow	Post Run actions/checkout@v4	2026-02-10T14:02:14.3170201Z [command]/usr/bin/git submodule foreach --recursive sh -c "git config --local --name-only --get-regexp 'core\.sshCommand' && git config --local --unset-all 'core.sshCommand' || :"
end-workflow	Post Run actions/checkout@v4	2026-02-10T14:02:16.5866114Z [command]/usr/bin/git config --local --name-only --get-regexp http\.https\:\/\/github\.com\/\.extraheader
end-workflow	Post Run actions/checkout@v4	2026-02-10T14:02:16.7740522Z http.https://github.com/.extraheader
end-workflow	Post Run actions/checkout@v4	2026-02-10T14:02:16.9933516Z [command]/usr/bin/git config --local --unset-all http.https://github.com/.extraheader
end-workflow	Post Run actions/checkout@v4	2026-02-10T14:02:17.7460459Z [command]/usr/bin/git submodule foreach --recursive sh -c "git config --local --name-only --get-regexp 'http\.https\:\/\/github\.com\/\.extraheader' && git config --local --unset-all 'http.https://github.com/.extraheader' || :"
end-workflow	Post Run actions/checkout@v4	2026-02-10T14:02:20.1615946Z [command]/usr/bin/git config --local --name-only --get-regexp ^includeIf\.gitdir:
end-workflow	Post Run actions/checkout@v4	2026-02-10T14:02:20.4161721Z [command]/usr/bin/git submodule foreach --recursive git config --local --show-origin --name-only --get-regexp remote.origin.url
end-workflow	Complete job	﻿2026-02-10T14:02:22.7464971Z Cleaning up orphan processes
