job-core	Set up job	﻿2026-02-10T15:48:32.7345188Z Current runner version: '2.331.0'
job-core	Set up job	2026-02-10T15:48:32.7506683Z Runner name: 'swarm-runners-scaleset-hkss5-runner-sjxjx'
job-core	Set up job	2026-02-10T15:48:32.7563156Z Runner group name: 'Default'
job-core	Set up job	2026-02-10T15:48:32.7565610Z Machine name: 'swarm-runners-scaleset-hkss5-runner-sjxjx'
job-core	Set up job	2026-02-10T15:48:32.7673253Z ##[group]GITHUB_TOKEN Permissions
job-core	Set up job	2026-02-10T15:48:32.7721562Z Actions: write
job-core	Set up job	2026-02-10T15:48:32.7724952Z Contents: write
job-core	Set up job	2026-02-10T15:48:32.7728949Z Issues: write
job-core	Set up job	2026-02-10T15:48:32.7732080Z Metadata: read
job-core	Set up job	2026-02-10T15:48:32.7735191Z PullRequests: write
job-core	Set up job	2026-02-10T15:48:32.7768647Z ##[endgroup]
job-core	Set up job	2026-02-10T15:48:32.7806102Z Secret source: Actions
job-core	Set up job	2026-02-10T15:48:32.7822905Z Prepare workflow directory
job-core	Set up job	2026-02-10T15:48:34.2876051Z Prepare all required actions
job-core	Set up job	2026-02-10T15:48:35.6111806Z Getting action download info
job-core	Set up job	2026-02-10T15:48:42.4314988Z Download action repository 'actions/checkout@v4' (SHA:34e114876b0b11c390a56381ad16ebd13914f8d5)
job-core	Set up job	2026-02-10T15:48:48.1828079Z Download action repository 'actions/setup-python@v5' (SHA:a26af69be951a213d495a4c3e4e4022e16d87065)
job-core	Set up job	2026-02-10T15:48:58.8304565Z Download action repository 'actions/setup-node@v4' (SHA:49933ea5288caeca8642d1e84afbd3f7d6820020)
job-core	Set up job	2026-02-10T15:49:13.3414247Z Complete job name: job-core
job-core	Checkout code	﻿2026-02-10T15:49:19.5166701Z ##[group]Run actions/checkout@v4
job-core	Checkout code	2026-02-10T15:49:19.5354749Z with:
job-core	Checkout code	2026-02-10T15:49:19.5355448Z   fetch-depth: 0
job-core	Checkout code	2026-02-10T15:49:19.5356080Z   repository: Ka0s-Klaus/ka0s
job-core	Checkout code	2026-02-10T15:49:19.5357252Z   token: ***
job-core	Checkout code	2026-02-10T15:49:19.5358001Z   ssh-strict: true
job-core	Checkout code	2026-02-10T15:49:19.5358637Z   ssh-user: git
job-core	Checkout code	2026-02-10T15:49:19.5359197Z   persist-credentials: true
job-core	Checkout code	2026-02-10T15:49:19.5359818Z   clean: true
job-core	Checkout code	2026-02-10T15:49:19.5360351Z   sparse-checkout-cone-mode: true
job-core	Checkout code	2026-02-10T15:49:19.5361260Z   fetch-tags: false
job-core	Checkout code	2026-02-10T15:49:19.5362043Z   show-progress: true
job-core	Checkout code	2026-02-10T15:49:19.5362565Z   lfs: false
job-core	Checkout code	2026-02-10T15:49:19.5363049Z   submodules: false
job-core	Checkout code	2026-02-10T15:49:19.5363629Z   set-safe-directory: true
job-core	Checkout code	2026-02-10T15:49:19.5492918Z env:
job-core	Checkout code	2026-02-10T15:49:20.1049241Z   KAOS_MODULE: [Ka0S] YAMLLINT
job-core	Checkout code	2026-02-10T15:49:20.1050637Z   GH_TOKEN: ***
job-core	Checkout code	2026-02-10T15:49:20.1051613Z   KAOS_YAMLLINT_CONFIG: core/config/kaos-yamllint-config.yaml
job-core	Checkout code	2026-02-10T15:49:20.1921344Z   KAOS_PRETTIER_CONFIG: compliance/yaml/.prettierrc.json
job-core	Checkout code	2026-02-10T15:49:20.1922866Z   KAOS_PATH_RESUME: audit/yamllint/
job-core	Checkout code	2026-02-10T15:49:20.2029394Z   KAOS_REPO: /actions-runner/_work/kaos/kaos
job-core	Checkout code	2026-02-10T15:49:20.2030407Z   KAOS_STEP_MODULE: 
job-core	Checkout code	2026-02-10T15:49:20.2031137Z   KAOS_CODE: 21871821254
job-core	Checkout code	2026-02-10T15:49:20.2031910Z   KAOS_REF_BRANCH: main
job-core	Checkout code	2026-02-10T15:49:20.2032581Z ##[endgroup]
job-core	Checkout code	2026-02-10T15:49:27.2300283Z Syncing repository: Ka0s-Klaus/ka0s
job-core	Checkout code	2026-02-10T15:49:27.2303837Z ##[group]Getting Git version info
job-core	Checkout code	2026-02-10T15:49:27.2304919Z Working directory is '/home/runner/_work/ka0s/ka0s'
job-core	Checkout code	2026-02-10T15:49:27.2306498Z [command]/usr/bin/git version
job-core	Checkout code	2026-02-10T15:49:27.2307319Z git version 2.52.0
job-core	Checkout code	2026-02-10T15:49:27.2791637Z ##[endgroup]
job-core	Checkout code	2026-02-10T15:49:27.4534756Z Temporarily overriding HOME='/home/runner/_work/_temp/0720384f-fefc-4e10-8af4-f53d0f50d361' before making global git config changes
job-core	Checkout code	2026-02-10T15:49:27.4635670Z Adding repository directory to the temporary git global config as a safe directory
job-core	Checkout code	2026-02-10T15:49:27.4862410Z [command]/usr/bin/git config --global --add safe.directory /home/runner/_work/ka0s/ka0s
job-core	Checkout code	2026-02-10T15:49:27.9564932Z Deleting the contents of '/home/runner/_work/ka0s/ka0s'
job-core	Checkout code	2026-02-10T15:49:27.9605075Z ##[group]Initializing the repository
job-core	Checkout code	2026-02-10T15:49:27.9780264Z [command]/usr/bin/git init /home/runner/_work/ka0s/ka0s
job-core	Checkout code	2026-02-10T15:49:28.4211711Z hint: Using 'master' as the name for the initial branch. This default branch name
job-core	Checkout code	2026-02-10T15:49:28.4267317Z hint: will change to "main" in Git 3.0. To configure the initial branch name
job-core	Checkout code	2026-02-10T15:49:28.5291083Z hint: to use in all of your new repositories, which will suppress this warning,
job-core	Checkout code	2026-02-10T15:49:28.5419329Z hint: call:
job-core	Checkout code	2026-02-10T15:49:28.5419934Z hint:
job-core	Checkout code	2026-02-10T15:49:28.5420592Z hint: 	git config --global init.defaultBranch <name>
job-core	Checkout code	2026-02-10T15:49:28.5580388Z hint:
job-core	Checkout code	2026-02-10T15:49:28.5581487Z hint: Names commonly chosen instead of 'master' are 'main', 'trunk' and
job-core	Checkout code	2026-02-10T15:49:28.5583003Z hint: 'development'. The just-created branch can be renamed via this command:
job-core	Checkout code	2026-02-10T15:49:28.5584157Z hint:
job-core	Checkout code	2026-02-10T15:49:28.5584725Z hint: 	git branch -m <name>
job-core	Checkout code	2026-02-10T15:49:28.5585340Z hint:
job-core	Checkout code	2026-02-10T15:49:28.5586270Z hint: Disable this message with "git config set advice.defaultBranchName false"
job-core	Checkout code	2026-02-10T15:49:28.5784523Z Initialized empty Git repository in /home/runner/_work/ka0s/ka0s/.git/
job-core	Checkout code	2026-02-10T15:49:28.5787781Z [command]/usr/bin/git remote add origin https://github.com/Ka0s-Klaus/ka0s
job-core	Checkout code	2026-02-10T15:49:28.7091682Z ##[endgroup]
job-core	Checkout code	2026-02-10T15:49:28.7092764Z ##[group]Disabling automatic garbage collection
job-core	Checkout code	2026-02-10T15:49:28.7094123Z [command]/usr/bin/git config --local gc.auto 0
job-core	Checkout code	2026-02-10T15:49:29.0546385Z ##[endgroup]
job-core	Checkout code	2026-02-10T15:49:29.0547430Z ##[group]Setting up auth
job-core	Checkout code	2026-02-10T15:49:29.0863055Z [command]/usr/bin/git config --local --name-only --get-regexp core\.sshCommand
job-core	Checkout code	2026-02-10T15:49:29.5535152Z [command]/usr/bin/git submodule foreach --recursive sh -c "git config --local --name-only --get-regexp 'core\.sshCommand' && git config --local --unset-all 'core.sshCommand' || :"
job-core	Checkout code	2026-02-10T15:49:31.4121487Z [command]/usr/bin/git config --local --name-only --get-regexp http\.https\:\/\/github\.com\/\.extraheader
job-core	Checkout code	2026-02-10T15:49:31.6566796Z [command]/usr/bin/git submodule foreach --recursive sh -c "git config --local --name-only --get-regexp 'http\.https\:\/\/github\.com\/\.extraheader' && git config --local --unset-all 'http.https://github.com/.extraheader' || :"
job-core	Checkout code	2026-02-10T15:49:34.9070117Z [command]/usr/bin/git config --local --name-only --get-regexp ^includeIf\.gitdir:
job-core	Checkout code	2026-02-10T15:49:35.4415757Z [command]/usr/bin/git submodule foreach --recursive git config --local --show-origin --name-only --get-regexp remote.origin.url
job-core	Checkout code	2026-02-10T15:49:38.8185270Z [command]/usr/bin/git config --local http.https://github.com/.extraheader AUTHORIZATION: basic ***
job-core	Checkout code	2026-02-10T15:49:38.9845412Z ##[endgroup]
job-core	Checkout code	2026-02-10T15:49:38.9883901Z ##[group]Fetching the repository
job-core	Checkout code	2026-02-10T15:49:39.0330086Z [command]/usr/bin/git -c protocol.version=2 fetch --prune --no-recurse-submodules origin +refs/heads/*:refs/remotes/origin/* +refs/tags/*:refs/tags/*
job-core	Checkout code	2026-02-10T16:02:52.2337349Z From https://github.com/Ka0s-Klaus/ka0s
job-core	Checkout code	2026-02-10T16:02:52.2339106Z  * [new branch]          F1224-new-module-mongodb -> origin/F1224-new-module-mongodb
job-core	Checkout code	2026-02-10T16:02:52.2679112Z  * [new branch]          F220-web-de-resultados  -> origin/F220-web-de-resultados
job-core	Checkout code	2026-02-10T16:02:52.2758922Z  * [new branch]          F227-despliegue-de-kube-independiente-del-clouder -> origin/F227-despliegue-de-kube-independiente-del-clouder
job-core	Checkout code	2026-02-10T16:02:52.3839961Z  * [new branch]          F329-documentacion-metodologia-de-kaos -> origin/F329-documentacion-metodologia-de-kaos
job-core	Checkout code	2026-02-10T16:02:52.3842130Z  * [new branch]          F3450-modelo-operativo  -> origin/F3450-modelo-operativo
job-core	Checkout code	2026-02-10T16:02:52.3843892Z  * [new branch]          H1139-como-instalar-arc-control -> origin/H1139-como-instalar-arc-control
job-core	Checkout code	2026-02-10T16:02:52.3846406Z  * [new branch]          H1150-desarrollo-de-secciones -> origin/H1150-desarrollo-de-secciones
job-core	Checkout code	2026-02-10T16:02:52.3848493Z  * [new branch]          H1151-desarrollo-de-secciones-ii -> origin/H1151-desarrollo-de-secciones-ii
job-core	Checkout code	2026-02-10T16:02:52.3851052Z  * [new branch]          H1152-desarrollo-inicio -> origin/H1152-desarrollo-inicio
job-core	Checkout code	2026-02-10T16:02:52.3852878Z  * [new branch]          H1193-ejemplo-web-documentacion -> origin/H1193-ejemplo-web-documentacion
job-core	Checkout code	2026-02-10T16:02:52.3854600Z  * [new branch]          H1224-new-module-mongodb -> origin/H1224-new-module-mongodb
job-core	Checkout code	2026-02-10T16:02:52.3856179Z  * [new branch]          H1276-modulo-observabilidad -> origin/H1276-modulo-observabilidad
job-core	Checkout code	2026-02-10T16:02:52.3857700Z  * [new branch]          H1410-modulo-execution  -> origin/H1410-modulo-execution
job-core	Checkout code	2026-02-10T16:02:52.3861319Z  * [new branch]          H1514-new-swarm-deployment-stack-with-actions-runners-autoscale -> origin/H1514-new-swarm-deployment-stack-with-actions-runners-autoscale
job-core	Checkout code	2026-02-10T16:02:52.3865491Z  * [new branch]          H1968-modulo-personalización-del-portal-de-kaos-core -> origin/H1968-modulo-personalización-del-portal-de-kaos-core
job-core	Checkout code	2026-02-10T16:02:52.4009653Z  * [new branch]          H215-modulo-de-summary  -> origin/H215-modulo-de-summary
job-core	Checkout code	2026-02-10T16:02:52.4012634Z  * [new branch]          H227-despliegue-de-kube-independiente-del-clouder -> origin/H227-despliegue-de-kube-independiente-del-clouder
job-core	Checkout code	2026-02-10T16:02:52.4015623Z  * [new branch]          H3038-test-ci-cd-kubernetes-automated-system -> origin/H3038-test-ci-cd-kubernetes-automated-system
job-core	Checkout code	2026-02-10T16:02:52.4018021Z  * [new branch]          H306-ficheros-de-estadisticas -> origin/H306-ficheros-de-estadisticas
job-core	Checkout code	2026-02-10T16:02:52.4019598Z  * [new branch]          H3265-deploy-itop       -> origin/H3265-deploy-itop
job-core	Checkout code	2026-02-10T16:02:52.4100128Z  * [new branch]          H3266-deploy-zabbix     -> origin/H3266-deploy-zabbix
job-core	Checkout code	2026-02-10T16:02:52.4103168Z  * [new branch]          H328-documentacion-modulo-principal-de-kaos -> origin/H328-documentacion-modulo-principal-de-kaos
job-core	Checkout code	2026-02-10T16:02:52.4105633Z  * [new branch]          H329-documentacion-metodologia-de-kaos -> origin/H329-documentacion-metodologia-de-kaos
job-core	Checkout code	2026-02-10T16:02:52.4211281Z  * [new branch]          H338-relanzador-de-jobs-en-caso-de-pattern -> origin/H338-relanzador-de-jobs-en-caso-de-pattern
job-core	Checkout code	2026-02-10T16:02:52.4528696Z  * [new branch]          H38-documentacion-basica-del-proyecto -> origin/H38-documentacion-basica-del-proyecto
job-core	Checkout code	2026-02-10T16:02:52.4595468Z  * [new branch]          RN1282-ka0s-error-detected-in-ka0s-workflow-statistics-summary -> origin/RN1282-ka0s-error-detected-in-ka0s-workflow-statistics-summary
job-core	Checkout code	2026-02-10T16:02:52.4600905Z  * [new branch]          RN220-web-de-resultados -> origin/RN220-web-de-resultados
job-core	Checkout code	2026-02-10T16:02:52.4603015Z  * [new branch]          RN227-despliegue-de-kube-independiente-del-clouder -> origin/RN227-despliegue-de-kube-independiente-del-clouder
job-core	Checkout code	2026-02-10T16:02:52.4605851Z  * [new branch]          RN329-documentacion-metodologia-de-kaos -> origin/RN329-documentacion-metodologia-de-kaos
job-core	Checkout code	2026-02-10T16:02:52.4607643Z  * [new branch]          main                    -> origin/main
job-core	Checkout code	2026-02-10T16:02:52.4608659Z  * [new tag]             0.0.0                   -> 0.0.0
job-core	Checkout code	2026-02-10T16:02:52.4609357Z  * [new tag]             0.0.1                   -> 0.0.1
job-core	Checkout code	2026-02-10T16:02:52.5336647Z  * [new tag]             0.0.10                  -> 0.0.10
job-core	Checkout code	2026-02-10T16:02:52.5686753Z  * [new tag]             0.0.100                 -> 0.0.100
job-core	Checkout code	2026-02-10T16:02:52.5696103Z  * [new tag]             0.0.101                 -> 0.0.101
job-core	Checkout code	2026-02-10T16:02:52.6019474Z  * [new tag]             0.0.102                 -> 0.0.102
job-core	Checkout code	2026-02-10T16:02:52.6020719Z  * [new tag]             0.0.103                 -> 0.0.103
job-core	Checkout code	2026-02-10T16:02:52.6021644Z  * [new tag]             0.0.104                 -> 0.0.104
job-core	Checkout code	2026-02-10T16:02:52.6022613Z  * [new tag]             0.0.105                 -> 0.0.105
job-core	Checkout code	2026-02-10T16:02:52.6023509Z  * [new tag]             0.0.106                 -> 0.0.106
job-core	Checkout code	2026-02-10T16:02:52.6024391Z  * [new tag]             0.0.107                 -> 0.0.107
job-core	Checkout code	2026-02-10T16:02:52.6025296Z  * [new tag]             0.0.108                 -> 0.0.108
job-core	Checkout code	2026-02-10T16:02:52.6026188Z  * [new tag]             0.0.109                 -> 0.0.109
job-core	Checkout code	2026-02-10T16:02:52.6027075Z  * [new tag]             0.0.11                  -> 0.0.11
job-core	Checkout code	2026-02-10T16:02:52.7771236Z  * [new tag]             0.0.110                 -> 0.0.110
job-core	Checkout code	2026-02-10T16:02:52.7772397Z  * [new tag]             0.0.111                 -> 0.0.111
job-core	Checkout code	2026-02-10T16:02:52.7773331Z  * [new tag]             0.0.112                 -> 0.0.112
job-core	Checkout code	2026-02-10T16:02:52.7774244Z  * [new tag]             0.0.113                 -> 0.0.113
job-core	Checkout code	2026-02-10T16:02:52.7775122Z  * [new tag]             0.0.114                 -> 0.0.114
job-core	Checkout code	2026-02-10T16:02:52.7776718Z  * [new tag]             0.0.115                 -> 0.0.115
job-core	Checkout code	2026-02-10T16:02:52.7777654Z  * [new tag]             0.0.116                 -> 0.0.116
job-core	Checkout code	2026-02-10T16:02:52.8020353Z  * [new tag]             0.0.117                 -> 0.0.117
job-core	Checkout code	2026-02-10T16:02:52.8052772Z  * [new tag]             0.0.118                 -> 0.0.118
job-core	Checkout code	2026-02-10T16:02:52.8054194Z  * [new tag]             0.0.119                 -> 0.0.119
job-core	Checkout code	2026-02-10T16:02:52.8055135Z  * [new tag]             0.0.12                  -> 0.0.12
job-core	Checkout code	2026-02-10T16:02:52.8119940Z  * [new tag]             0.0.120                 -> 0.0.120
job-core	Checkout code	2026-02-10T16:02:52.8120944Z  * [new tag]             0.0.121                 -> 0.0.121
job-core	Checkout code	2026-02-10T16:02:52.8121903Z  * [new tag]             0.0.122                 -> 0.0.122
job-core	Checkout code	2026-02-10T16:02:52.8122842Z  * [new tag]             0.0.123                 -> 0.0.123
job-core	Checkout code	2026-02-10T16:02:52.8123802Z  * [new tag]             0.0.124                 -> 0.0.124
job-core	Checkout code	2026-02-10T16:02:52.8124775Z  * [new tag]             0.0.125                 -> 0.0.125
job-core	Checkout code	2026-02-10T16:02:52.8125829Z  * [new tag]             0.0.126                 -> 0.0.126
job-core	Checkout code	2026-02-10T16:02:52.8126758Z  * [new tag]             0.0.127                 -> 0.0.127
job-core	Checkout code	2026-02-10T16:02:52.8127678Z  * [new tag]             0.0.128                 -> 0.0.128
job-core	Checkout code	2026-02-10T16:02:52.8202505Z  * [new tag]             0.0.129                 -> 0.0.129
job-core	Checkout code	2026-02-10T16:02:52.8203340Z  * [new tag]             0.0.13                  -> 0.0.13
job-core	Checkout code	2026-02-10T16:02:52.8204158Z  * [new tag]             0.0.130                 -> 0.0.130
job-core	Checkout code	2026-02-10T16:02:52.8204982Z  * [new tag]             0.0.131                 -> 0.0.131
job-core	Checkout code	2026-02-10T16:02:52.8205805Z  * [new tag]             0.0.132                 -> 0.0.132
job-core	Checkout code	2026-02-10T16:02:52.8206611Z  * [new tag]             0.0.133                 -> 0.0.133
job-core	Checkout code	2026-02-10T16:02:52.8207422Z  * [new tag]             0.0.134                 -> 0.0.134
job-core	Checkout code	2026-02-10T16:02:52.8281607Z  * [new tag]             0.0.135                 -> 0.0.135
job-core	Checkout code	2026-02-10T16:02:52.8282589Z  * [new tag]             0.0.136                 -> 0.0.136
job-core	Checkout code	2026-02-10T16:02:52.8283626Z  * [new tag]             0.0.137                 -> 0.0.137
job-core	Checkout code	2026-02-10T16:02:52.8284506Z  * [new tag]             0.0.138                 -> 0.0.138
job-core	Checkout code	2026-02-10T16:02:52.8285421Z  * [new tag]             0.0.139                 -> 0.0.139
job-core	Checkout code	2026-02-10T16:02:52.8286314Z  * [new tag]             0.0.14                  -> 0.0.14
job-core	Checkout code	2026-02-10T16:02:52.8287218Z  * [new tag]             0.0.140                 -> 0.0.140
job-core	Checkout code	2026-02-10T16:02:52.8288386Z  * [new tag]             0.0.141                 -> 0.0.141
job-core	Checkout code	2026-02-10T16:02:52.8385819Z  * [new tag]             0.0.142                 -> 0.0.142
job-core	Checkout code	2026-02-10T16:02:52.8386840Z  * [new tag]             0.0.143                 -> 0.0.143
job-core	Checkout code	2026-02-10T16:02:52.8387787Z  * [new tag]             0.0.144                 -> 0.0.144
job-core	Checkout code	2026-02-10T16:02:52.8599845Z  * [new tag]             0.0.145                 -> 0.0.145
job-core	Checkout code	2026-02-10T16:02:52.8600563Z  * [new tag]             0.0.146                 -> 0.0.146
job-core	Checkout code	2026-02-10T16:02:52.8601295Z  * [new tag]             0.0.147                 -> 0.0.147
job-core	Checkout code	2026-02-10T16:02:52.8602074Z  * [new tag]             0.0.148                 -> 0.0.148
job-core	Checkout code	2026-02-10T16:02:52.8602926Z  * [new tag]             0.0.149                 -> 0.0.149
job-core	Checkout code	2026-02-10T16:02:52.8603849Z  * [new tag]             0.0.15                  -> 0.0.15
job-core	Checkout code	2026-02-10T16:02:52.8604588Z  * [new tag]             0.0.150                 -> 0.0.150
job-core	Checkout code	2026-02-10T16:02:52.8605404Z  * [new tag]             0.0.151                 -> 0.0.151
job-core	Checkout code	2026-02-10T16:02:52.8606306Z  * [new tag]             0.0.152                 -> 0.0.152
job-core	Checkout code	2026-02-10T16:02:52.8607330Z  * [new tag]             0.0.153                 -> 0.0.153
job-core	Checkout code	2026-02-10T16:02:52.9720559Z  * [new tag]             0.0.154                 -> 0.0.154
job-core	Checkout code	2026-02-10T16:02:52.9722000Z  * [new tag]             0.0.155                 -> 0.0.155
job-core	Checkout code	2026-02-10T16:02:52.9722816Z  * [new tag]             0.0.156                 -> 0.0.156
job-core	Checkout code	2026-02-10T16:02:53.0212954Z  * [new tag]             0.0.157                 -> 0.0.157
job-core	Checkout code	2026-02-10T16:02:53.0213902Z  * [new tag]             0.0.158                 -> 0.0.158
job-core	Checkout code	2026-02-10T16:02:53.0214840Z  * [new tag]             0.0.159                 -> 0.0.159
job-core	Checkout code	2026-02-10T16:02:53.0215779Z  * [new tag]             0.0.16                  -> 0.0.16
job-core	Checkout code	2026-02-10T16:02:53.0216704Z  * [new tag]             0.0.160                 -> 0.0.160
job-core	Checkout code	2026-02-10T16:02:53.0217687Z  * [new tag]             0.0.161                 -> 0.0.161
job-core	Checkout code	2026-02-10T16:02:53.0641044Z  * [new tag]             0.0.162                 -> 0.0.162
job-core	Checkout code	2026-02-10T16:02:53.0642974Z  * [new tag]             0.0.163                 -> 0.0.163
job-core	Checkout code	2026-02-10T16:02:53.0644870Z  * [new tag]             0.0.164                 -> 0.0.164
job-core	Checkout code	2026-02-10T16:02:53.0646774Z  * [new tag]             0.0.165                 -> 0.0.165
job-core	Checkout code	2026-02-10T16:02:53.0648771Z  * [new tag]             0.0.166                 -> 0.0.166
job-core	Checkout code	2026-02-10T16:02:53.0650641Z  * [new tag]             0.0.167                 -> 0.0.167
job-core	Checkout code	2026-02-10T16:02:53.1191522Z  * [new tag]             0.0.168                 -> 0.0.168
job-core	Checkout code	2026-02-10T16:02:53.1192770Z  * [new tag]             0.0.169                 -> 0.0.169
job-core	Checkout code	2026-02-10T16:02:53.1193727Z  * [new tag]             0.0.17                  -> 0.0.17
job-core	Checkout code	2026-02-10T16:02:53.2345095Z  * [new tag]             0.0.170                 -> 0.0.170
job-core	Checkout code	2026-02-10T16:02:53.2346690Z  * [new tag]             0.0.171                 -> 0.0.171
job-core	Checkout code	2026-02-10T16:02:53.2480620Z  * [new tag]             0.0.172                 -> 0.0.172
job-core	Checkout code	2026-02-10T16:02:53.2481546Z  * [new tag]             0.0.173                 -> 0.0.173
job-core	Checkout code	2026-02-10T16:02:53.2482493Z  * [new tag]             0.0.174                 -> 0.0.174
job-core	Checkout code	2026-02-10T16:02:53.2483404Z  * [new tag]             0.0.175                 -> 0.0.175
job-core	Checkout code	2026-02-10T16:02:53.2489186Z  * [new tag]             0.0.176                 -> 0.0.176
job-core	Checkout code	2026-02-10T16:02:53.2490460Z  * [new tag]             0.0.177                 -> 0.0.177
job-core	Checkout code	2026-02-10T16:02:53.2491413Z  * [new tag]             0.0.178                 -> 0.0.178
job-core	Checkout code	2026-02-10T16:02:53.2492426Z  * [new tag]             0.0.179                 -> 0.0.179
job-core	Checkout code	2026-02-10T16:02:53.2549246Z  * [new tag]             0.0.18                  -> 0.0.18
job-core	Checkout code	2026-02-10T16:02:53.2550317Z  * [new tag]             0.0.19                  -> 0.0.19
job-core	Checkout code	2026-02-10T16:02:53.2551221Z  * [new tag]             0.0.2                   -> 0.0.2
job-core	Checkout code	2026-02-10T16:02:53.2552103Z  * [new tag]             0.0.20                  -> 0.0.20
job-core	Checkout code	2026-02-10T16:02:53.2552990Z  * [new tag]             0.0.21                  -> 0.0.21
job-core	Checkout code	2026-02-10T16:02:53.2553873Z  * [new tag]             0.0.22                  -> 0.0.22
job-core	Checkout code	2026-02-10T16:02:53.2554765Z  * [new tag]             0.0.23                  -> 0.0.23
job-core	Checkout code	2026-02-10T16:02:53.2555652Z  * [new tag]             0.0.24                  -> 0.0.24
job-core	Checkout code	2026-02-10T16:02:53.2556531Z  * [new tag]             0.0.25                  -> 0.0.25
job-core	Checkout code	2026-02-10T16:02:53.2557409Z  * [new tag]             0.0.26                  -> 0.0.26
job-core	Checkout code	2026-02-10T16:02:53.2558397Z  * [new tag]             0.0.27                  -> 0.0.27
job-core	Checkout code	2026-02-10T16:02:53.2559236Z  * [new tag]             0.0.28                  -> 0.0.28
job-core	Checkout code	2026-02-10T16:02:53.2560124Z  * [new tag]             0.0.29                  -> 0.0.29
job-core	Checkout code	2026-02-10T16:02:53.2561009Z  * [new tag]             0.0.3                   -> 0.0.3
job-core	Checkout code	2026-02-10T16:02:53.2561895Z  * [new tag]             0.0.30                  -> 0.0.30
job-core	Checkout code	2026-02-10T16:02:53.2562779Z  * [new tag]             0.0.31                  -> 0.0.31
job-core	Checkout code	2026-02-10T16:02:53.2563671Z  * [new tag]             0.0.32                  -> 0.0.32
job-core	Checkout code	2026-02-10T16:02:53.2564558Z  * [new tag]             0.0.33                  -> 0.0.33
job-core	Checkout code	2026-02-10T16:02:53.2565430Z  * [new tag]             0.0.34                  -> 0.0.34
job-core	Checkout code	2026-02-10T16:02:53.2566321Z  * [new tag]             0.0.35                  -> 0.0.35
job-core	Checkout code	2026-02-10T16:02:53.2567390Z  * [new tag]             0.0.36                  -> 0.0.36
job-core	Checkout code	2026-02-10T16:02:53.2773152Z  * [new tag]             0.0.37                  -> 0.0.37
job-core	Checkout code	2026-02-10T16:02:53.2776559Z  * [new tag]             0.0.38                  -> 0.0.38
job-core	Checkout code	2026-02-10T16:02:53.2777464Z  * [new tag]             0.0.39                  -> 0.0.39
job-core	Checkout code	2026-02-10T16:02:53.2778465Z  * [new tag]             0.0.4                   -> 0.0.4
job-core	Checkout code	2026-02-10T16:02:53.2779327Z  * [new tag]             0.0.40                  -> 0.0.40
job-core	Checkout code	2026-02-10T16:02:53.2780110Z  * [new tag]             0.0.41                  -> 0.0.41
job-core	Checkout code	2026-02-10T16:02:53.2780873Z  * [new tag]             0.0.42                  -> 0.0.42
job-core	Checkout code	2026-02-10T16:02:53.2781656Z  * [new tag]             0.0.43                  -> 0.0.43
job-core	Checkout code	2026-02-10T16:02:53.2782427Z  * [new tag]             0.0.44                  -> 0.0.44
job-core	Checkout code	2026-02-10T16:02:53.2848531Z  * [new tag]             0.0.45                  -> 0.0.45
job-core	Checkout code	2026-02-10T16:02:53.2849657Z  * [new tag]             0.0.46                  -> 0.0.46
job-core	Checkout code	2026-02-10T16:02:53.2850602Z  * [new tag]             0.0.47                  -> 0.0.47
job-core	Checkout code	2026-02-10T16:02:53.2851360Z  * [new tag]             0.0.48                  -> 0.0.48
job-core	Checkout code	2026-02-10T16:02:53.2852338Z  * [new tag]             0.0.49                  -> 0.0.49
job-core	Checkout code	2026-02-10T16:02:53.2853251Z  * [new tag]             0.0.5                   -> 0.0.5
job-core	Checkout code	2026-02-10T16:02:53.2854614Z  * [new tag]             0.0.50                  -> 0.0.50
job-core	Checkout code	2026-02-10T16:02:53.2855484Z  * [new tag]             0.0.51                  -> 0.0.51
job-core	Checkout code	2026-02-10T16:02:53.2856471Z  * [new tag]             0.0.52                  -> 0.0.52
job-core	Checkout code	2026-02-10T16:02:53.2857561Z  * [new tag]             0.0.53                  -> 0.0.53
job-core	Checkout code	2026-02-10T16:02:53.2858656Z  * [new tag]             0.0.54                  -> 0.0.54
job-core	Checkout code	2026-02-10T16:02:53.2859796Z  * [new tag]             0.0.55                  -> 0.0.55
job-core	Checkout code	2026-02-10T16:02:53.2860702Z  * [new tag]             0.0.56                  -> 0.0.56
job-core	Checkout code	2026-02-10T16:02:53.2861864Z  * [new tag]             0.0.57                  -> 0.0.57
job-core	Checkout code	2026-02-10T16:02:53.2862887Z  * [new tag]             0.0.58                  -> 0.0.58
job-core	Checkout code	2026-02-10T16:02:53.2863739Z  * [new tag]             0.0.59                  -> 0.0.59
job-core	Checkout code	2026-02-10T16:02:53.2864616Z  * [new tag]             0.0.6                   -> 0.0.6
job-core	Checkout code	2026-02-10T16:02:53.2865523Z  * [new tag]             0.0.60                  -> 0.0.60
job-core	Checkout code	2026-02-10T16:02:53.2866404Z  * [new tag]             0.0.61                  -> 0.0.61
job-core	Checkout code	2026-02-10T16:02:53.2867107Z  * [new tag]             0.0.62                  -> 0.0.62
job-core	Checkout code	2026-02-10T16:02:53.3357108Z  * [new tag]             0.0.63                  -> 0.0.63
job-core	Checkout code	2026-02-10T16:02:53.3363502Z  * [new tag]             0.0.64                  -> 0.0.64
job-core	Checkout code	2026-02-10T16:02:53.3364494Z  * [new tag]             0.0.65                  -> 0.0.65
job-core	Checkout code	2026-02-10T16:02:53.3365402Z  * [new tag]             0.0.66                  -> 0.0.66
job-core	Checkout code	2026-02-10T16:02:53.3366297Z  * [new tag]             0.0.67                  -> 0.0.67
job-core	Checkout code	2026-02-10T16:02:53.3367202Z  * [new tag]             0.0.68                  -> 0.0.68
job-core	Checkout code	2026-02-10T16:02:53.3368209Z  * [new tag]             0.0.69                  -> 0.0.69
job-core	Checkout code	2026-02-10T16:02:53.3369140Z  * [new tag]             0.0.7                   -> 0.0.7
job-core	Checkout code	2026-02-10T16:02:53.3370042Z  * [new tag]             0.0.70                  -> 0.0.70
job-core	Checkout code	2026-02-10T16:02:53.3370947Z  * [new tag]             0.0.71                  -> 0.0.71
job-core	Checkout code	2026-02-10T16:02:53.3371853Z  * [new tag]             0.0.72                  -> 0.0.72
job-core	Checkout code	2026-02-10T16:02:53.3372748Z  * [new tag]             0.0.73                  -> 0.0.73
job-core	Checkout code	2026-02-10T16:02:53.3373588Z  * [new tag]             0.0.74                  -> 0.0.74
job-core	Checkout code	2026-02-10T16:02:53.3374402Z  * [new tag]             0.0.75                  -> 0.0.75
job-core	Checkout code	2026-02-10T16:02:53.3375210Z  * [new tag]             0.0.76                  -> 0.0.76
job-core	Checkout code	2026-02-10T16:02:53.3376004Z  * [new tag]             0.0.77                  -> 0.0.77
job-core	Checkout code	2026-02-10T16:02:53.3376815Z  * [new tag]             0.0.78                  -> 0.0.78
job-core	Checkout code	2026-02-10T16:02:53.3377635Z  * [new tag]             0.0.79                  -> 0.0.79
job-core	Checkout code	2026-02-10T16:02:53.3959771Z  * [new tag]             0.0.8                   -> 0.0.8
job-core	Checkout code	2026-02-10T16:02:53.3963149Z  * [new tag]             0.0.80                  -> 0.0.80
job-core	Checkout code	2026-02-10T16:02:53.3964077Z  * [new tag]             0.0.81                  -> 0.0.81
job-core	Checkout code	2026-02-10T16:02:53.3964978Z  * [new tag]             0.0.82                  -> 0.0.82
job-core	Checkout code	2026-02-10T16:02:53.3965870Z  * [new tag]             0.0.83                  -> 0.0.83
job-core	Checkout code	2026-02-10T16:02:53.3966753Z  * [new tag]             0.0.84                  -> 0.0.84
job-core	Checkout code	2026-02-10T16:02:53.3967643Z  * [new tag]             0.0.85                  -> 0.0.85
job-core	Checkout code	2026-02-10T16:02:53.4099427Z  * [new tag]             0.0.86                  -> 0.0.86
job-core	Checkout code	2026-02-10T16:02:53.4100596Z  * [new tag]             0.0.87                  -> 0.0.87
job-core	Checkout code	2026-02-10T16:02:53.4101526Z  * [new tag]             0.0.88                  -> 0.0.88
job-core	Checkout code	2026-02-10T16:02:53.4102449Z  * [new tag]             0.0.89                  -> 0.0.89
job-core	Checkout code	2026-02-10T16:02:53.4103362Z  * [new tag]             0.0.9                   -> 0.0.9
job-core	Checkout code	2026-02-10T16:02:53.4104320Z  * [new tag]             0.0.90                  -> 0.0.90
job-core	Checkout code	2026-02-10T16:02:53.4105238Z  * [new tag]             0.0.91                  -> 0.0.91
job-core	Checkout code	2026-02-10T16:02:53.4106146Z  * [new tag]             0.0.92                  -> 0.0.92
job-core	Checkout code	2026-02-10T16:02:53.4688517Z  * [new tag]             0.0.93                  -> 0.0.93
job-core	Checkout code	2026-02-10T16:02:53.4689693Z  * [new tag]             0.0.94                  -> 0.0.94
job-core	Checkout code	2026-02-10T16:02:53.4690590Z  * [new tag]             0.0.95                  -> 0.0.95
job-core	Checkout code	2026-02-10T16:02:53.4691481Z  * [new tag]             0.0.96                  -> 0.0.96
job-core	Checkout code	2026-02-10T16:02:53.4692372Z  * [new tag]             0.0.97                  -> 0.0.97
job-core	Checkout code	2026-02-10T16:02:53.4693254Z  * [new tag]             0.0.98                  -> 0.0.98
job-core	Checkout code	2026-02-10T16:02:53.4694522Z  * [new tag]             0.0.99                  -> 0.0.99
job-core	Checkout code	2026-02-10T16:02:53.4695433Z  * [new tag]             0.1.0                   -> 0.1.0
job-core	Checkout code	2026-02-10T16:02:53.4696314Z  * [new tag]             0.1.1                   -> 0.1.1
job-core	Checkout code	2026-02-10T16:02:53.4697225Z  * [new tag]             0.2.0                   -> 0.2.0
job-core	Checkout code	2026-02-10T16:02:53.4698195Z  * [new tag]             0.3.0                   -> 0.3.0
job-core	Checkout code	2026-02-10T16:02:53.4699072Z  * [new tag]             0.3.1                   -> 0.3.1
job-core	Checkout code	2026-02-10T16:02:53.4699971Z  * [new tag]             0.3.10                  -> 0.3.10
job-core	Checkout code	2026-02-10T16:02:53.4700847Z  * [new tag]             0.3.11                  -> 0.3.11
job-core	Checkout code	2026-02-10T16:02:53.4701732Z  * [new tag]             0.3.12                  -> 0.3.12
job-core	Checkout code	2026-02-10T16:02:53.4702619Z  * [new tag]             0.3.13                  -> 0.3.13
job-core	Checkout code	2026-02-10T16:02:53.4703506Z  * [new tag]             0.3.14                  -> 0.3.14
job-core	Checkout code	2026-02-10T16:02:53.4704394Z  * [new tag]             0.3.15                  -> 0.3.15
job-core	Checkout code	2026-02-10T16:02:53.4705282Z  * [new tag]             0.3.16                  -> 0.3.16
job-core	Checkout code	2026-02-10T16:02:53.4706163Z  * [new tag]             0.3.17                  -> 0.3.17
job-core	Checkout code	2026-02-10T16:02:53.4707067Z  * [new tag]             0.3.2                   -> 0.3.2
job-core	Checkout code	2026-02-10T16:02:53.4708809Z  * [new tag]             0.3.3                   -> 0.3.3
job-core	Checkout code	2026-02-10T16:02:53.4709716Z  * [new tag]             0.3.4                   -> 0.3.4
job-core	Checkout code	2026-02-10T16:02:53.4710589Z  * [new tag]             0.3.5                   -> 0.3.5
job-core	Checkout code	2026-02-10T16:02:53.4711439Z  * [new tag]             0.3.6                   -> 0.3.6
job-core	Checkout code	2026-02-10T16:02:53.4712444Z  * [new tag]             0.3.7                   -> 0.3.7
job-core	Checkout code	2026-02-10T16:02:53.4713460Z  * [new tag]             0.3.8                   -> 0.3.8
job-core	Checkout code	2026-02-10T16:02:53.4714374Z  * [new tag]             0.3.9                   -> 0.3.9
job-core	Checkout code	2026-02-10T16:02:53.4715290Z  * [new tag]             0.4.0                   -> 0.4.0
job-core	Checkout code	2026-02-10T16:02:53.4716144Z  * [new tag]             0.4.1                   -> 0.4.1
job-core	Checkout code	2026-02-10T16:02:53.4717026Z  * [new tag]             0.4.2                   -> 0.4.2
job-core	Checkout code	2026-02-10T16:02:53.4935156Z  * [new tag]             0.4.3                   -> 0.4.3
job-core	Checkout code	2026-02-10T16:02:53.4937074Z  * [new tag]             0.4.4                   -> 0.4.4
job-core	Checkout code	2026-02-10T16:02:53.4938417Z  * [new tag]             0.4.5                   -> 0.4.5
job-core	Checkout code	2026-02-10T16:02:53.4939323Z  * [new tag]             0.4.6                   -> 0.4.6
job-core	Checkout code	2026-02-10T16:02:53.4940294Z  * [new tag]             0.4.7                   -> 0.4.7
job-core	Checkout code	2026-02-10T16:02:53.4941926Z  * [new tag]             0.4.8                   -> 0.4.8
job-core	Checkout code	2026-02-10T16:02:53.4961397Z  * [new tag]             0.4.9                   -> 0.4.9
job-core	Checkout code	2026-02-10T16:02:53.4965266Z  * [new tag]             0.5.0                   -> 0.5.0
job-core	Checkout code	2026-02-10T16:02:53.4966618Z  * [new tag]             0.5.1                   -> 0.5.1
job-core	Checkout code	2026-02-10T16:02:53.4998991Z  * [new tag]             0.5.2                   -> 0.5.2
job-core	Checkout code	2026-02-10T16:02:53.5000328Z  * [new tag]             0.6.0                   -> 0.6.0
job-core	Checkout code	2026-02-10T16:02:53.5001799Z  * [new tag]             0.6.1                   -> 0.6.1
job-core	Checkout code	2026-02-10T16:02:53.5002710Z  * [new tag]             0.6.2                   -> 0.6.2
job-core	Checkout code	2026-02-10T16:02:54.0732322Z [command]/usr/bin/git branch --list --remote origin/F3450-modelo-operativo
job-core	Checkout code	2026-02-10T16:02:54.3993908Z   origin/F3450-modelo-operativo
job-core	Checkout code	2026-02-10T16:02:54.4668660Z [command]/usr/bin/git rev-parse refs/remotes/origin/F3450-modelo-operativo
job-core	Checkout code	2026-02-10T16:02:54.4836691Z 78391cdb35d7c2a297afc488966eea2bcd97c716
job-core	Checkout code	2026-02-10T16:02:54.4912107Z ##[endgroup]
job-core	Checkout code	2026-02-10T16:02:54.4913541Z ##[group]Determining the checkout info
job-core	Checkout code	2026-02-10T16:02:54.4915194Z ##[endgroup]
job-core	Checkout code	2026-02-10T16:02:54.4962204Z [command]/usr/bin/git sparse-checkout disable
job-core	Checkout code	2026-02-10T16:02:54.6060236Z [command]/usr/bin/git config --local --unset-all extensions.worktreeConfig
job-core	Checkout code	2026-02-10T16:02:54.9780875Z ##[group]Checking out the ref
job-core	Checkout code	2026-02-10T16:02:55.0515581Z [command]/usr/bin/git checkout --progress --force -B F3450-modelo-operativo refs/remotes/origin/F3450-modelo-operativo
job-core	Checkout code	2026-02-10T16:02:56.7444925Z Updating files:   6% (72/1124)
job-core	Checkout code	2026-02-10T16:02:56.7689549Z Updating files:   7% (79/1124)
job-core	Checkout code	2026-02-10T16:02:57.3010145Z Updating files:   8% (90/1124)
job-core	Checkout code	2026-02-10T16:02:57.5276855Z Updating files:   9% (102/1124)
job-core	Checkout code	2026-02-10T16:02:57.6850486Z Updating files:  10% (113/1124)
job-core	Checkout code	2026-02-10T16:02:58.1832247Z Updating files:  11% (124/1124)
job-core	Checkout code	2026-02-10T16:02:58.2379048Z Updating files:  12% (135/1124)
job-core	Checkout code	2026-02-10T16:02:58.3399830Z Updating files:  12% (136/1124)
job-core	Checkout code	2026-02-10T16:02:58.4755770Z Updating files:  13% (147/1124)
job-core	Checkout code	2026-02-10T16:02:58.5064923Z Updating files:  14% (158/1124)
job-core	Checkout code	2026-02-10T16:02:58.5292182Z Updating files:  15% (169/1124)
job-core	Checkout code	2026-02-10T16:02:58.5529156Z Updating files:  16% (180/1124)
job-core	Checkout code	2026-02-10T16:02:58.5782288Z Updating files:  17% (192/1124)
job-core	Checkout code	2026-02-10T16:02:58.6186842Z Updating files:  18% (203/1124)
job-core	Checkout code	2026-02-10T16:02:58.6421552Z Updating files:  19% (214/1124)
job-core	Checkout code	2026-02-10T16:02:58.6694284Z Updating files:  20% (225/1124)
job-core	Checkout code	2026-02-10T16:02:59.0730592Z Updating files:  21% (237/1124)
job-core	Checkout code	2026-02-10T16:02:59.2140933Z Updating files:  22% (248/1124)
job-core	Checkout code	2026-02-10T16:02:59.2151584Z Updating files:  23% (259/1124)
job-core	Checkout code	2026-02-10T16:02:59.2349283Z Updating files:  23% (267/1124)
job-core	Checkout code	2026-02-10T16:02:59.3489668Z Updating files:  24% (270/1124)
job-core	Checkout code	2026-02-10T16:02:59.3505186Z Updating files:  25% (281/1124)
job-core	Checkout code	2026-02-10T16:02:59.3992069Z Updating files:  26% (293/1124)
job-core	Checkout code	2026-02-10T16:02:59.7033840Z Updating files:  27% (304/1124)
job-core	Checkout code	2026-02-10T16:02:59.7684286Z Updating files:  28% (315/1124)
job-core	Checkout code	2026-02-10T16:03:00.2519267Z Updating files:  29% (326/1124)
job-core	Checkout code	2026-02-10T16:03:00.4642499Z Updating files:  29% (329/1124)
job-core	Checkout code	2026-02-10T16:03:00.5455080Z Updating files:  30% (338/1124)
job-core	Checkout code	2026-02-10T16:03:01.6391264Z Updating files:  31% (349/1124)
job-core	Checkout code	2026-02-10T16:03:05.0039131Z Updating files:  31% (352/1124)
job-core	Checkout code	2026-02-10T16:03:05.3523331Z Updating files:  31% (353/1124)
job-core	Checkout code	2026-02-10T16:03:06.8810878Z Updating files:  31% (356/1124)
job-core	Checkout code	2026-02-10T16:03:06.9591646Z Updating files:  31% (358/1124)
job-core	Checkout code	2026-02-10T16:03:06.9601636Z Updating files:  32% (360/1124)
job-core	Checkout code	2026-02-10T16:03:06.9939490Z Updating files:  33% (371/1124)
job-core	Checkout code	2026-02-10T16:03:06.9941005Z Updating files:  34% (383/1124)
job-core	Checkout code	2026-02-10T16:03:06.9943132Z Updating files:  35% (394/1124)
job-core	Checkout code	2026-02-10T16:03:06.9944076Z Updating files:  36% (405/1124)
job-core	Checkout code	2026-02-10T16:03:06.9945009Z Updating files:  37% (416/1124)
job-core	Checkout code	2026-02-10T16:03:07.0099719Z Updating files:  38% (428/1124)
job-core	Checkout code	2026-02-10T16:03:07.0100690Z Updating files:  39% (439/1124)
job-core	Checkout code	2026-02-10T16:03:07.1008004Z Updating files:  40% (450/1124)
job-core	Checkout code	2026-02-10T16:03:07.1124057Z Updating files:  41% (461/1124)
job-core	Checkout code	2026-02-10T16:03:07.1287364Z Updating files:  42% (473/1124)
job-core	Checkout code	2026-02-10T16:03:07.1394672Z Updating files:  43% (484/1124)
job-core	Checkout code	2026-02-10T16:03:07.1459342Z Updating files:  44% (495/1124)
job-core	Checkout code	2026-02-10T16:03:07.1623030Z Updating files:  45% (506/1124)
job-core	Checkout code	2026-02-10T16:03:07.1703622Z Updating files:  46% (518/1124)
job-core	Checkout code	2026-02-10T16:03:08.2637765Z Updating files:  47% (529/1124)
job-core	Checkout code	2026-02-10T16:03:08.3549424Z Updating files:  47% (537/1124)
job-core	Checkout code	2026-02-10T16:03:08.5039734Z Updating files:  48% (540/1124)
job-core	Checkout code	2026-02-10T16:03:08.5041371Z Updating files:  49% (551/1124)
job-core	Checkout code	2026-02-10T16:03:08.6047776Z Updating files:  50% (562/1124)
job-core	Checkout code	2026-02-10T16:03:08.6058878Z Updating files:  51% (574/1124)
job-core	Checkout code	2026-02-10T16:03:08.6066441Z Updating files:  52% (585/1124)
job-core	Checkout code	2026-02-10T16:03:08.8179600Z Updating files:  53% (596/1124)
job-core	Checkout code	2026-02-10T16:03:08.8763181Z Updating files:  54% (607/1124)
job-core	Checkout code	2026-02-10T16:03:08.9270361Z Updating files:  55% (619/1124)
job-core	Checkout code	2026-02-10T16:03:09.3879608Z Updating files:  56% (630/1124)
job-core	Checkout code	2026-02-10T16:03:10.5813503Z Updating files:  56% (631/1124)
job-core	Checkout code	2026-02-10T16:03:10.6863410Z Updating files:  56% (632/1124)
job-core	Checkout code	2026-02-10T16:03:10.6864231Z Updating files:  57% (641/1124)
job-core	Checkout code	2026-02-10T16:03:10.8551585Z Updating files:  58% (652/1124)
job-core	Checkout code	2026-02-10T16:03:10.8952043Z Updating files:  59% (664/1124)
job-core	Checkout code	2026-02-10T16:03:10.9300434Z Updating files:  60% (675/1124)
job-core	Checkout code	2026-02-10T16:03:10.9479208Z Updating files:  61% (686/1124)
job-core	Checkout code	2026-02-10T16:03:10.9961638Z Updating files:  62% (697/1124)
job-core	Checkout code	2026-02-10T16:03:10.9962938Z Updating files:  63% (709/1124)
job-core	Checkout code	2026-02-10T16:03:11.0162259Z Updating files:  64% (720/1124)
job-core	Checkout code	2026-02-10T16:03:11.2491414Z Updating files:  65% (731/1124)
job-core	Checkout code	2026-02-10T16:03:11.2660333Z Updating files:  65% (736/1124)
job-core	Checkout code	2026-02-10T16:03:11.3156635Z Updating files:  66% (742/1124)
job-core	Checkout code	2026-02-10T16:03:11.3174220Z Updating files:  67% (754/1124)
job-core	Checkout code	2026-02-10T16:03:11.7539702Z Updating files:  68% (765/1124)
job-core	Checkout code	2026-02-10T16:03:15.6214643Z Updating files:  69% (776/1124)
job-core	Checkout code	2026-02-10T16:03:15.8508655Z Updating files:  69% (780/1124)
job-core	Checkout code	2026-02-10T16:03:15.8635773Z Updating files:  70% (787/1124)
job-core	Checkout code	2026-02-10T16:03:15.8865534Z Updating files:  71% (799/1124)
job-core	Checkout code	2026-02-10T16:03:16.1519026Z Updating files:  72% (810/1124)
job-core	Checkout code	2026-02-10T16:03:16.1973058Z Updating files:  73% (821/1124)
job-core	Checkout code	2026-02-10T16:03:16.2061293Z Updating files:  74% (832/1124)
job-core	Checkout code	2026-02-10T16:03:16.2485189Z Updating files:  74% (841/1124)
job-core	Checkout code	2026-02-10T16:03:16.3472946Z Updating files:  75% (843/1124)
job-core	Checkout code	2026-02-10T16:03:16.6741117Z Updating files:  76% (855/1124)
job-core	Checkout code	2026-02-10T16:03:16.6744489Z Updating files:  77% (866/1124)
job-core	Checkout code	2026-02-10T16:03:16.6991298Z Updating files:  78% (877/1124)
job-core	Checkout code	2026-02-10T16:03:17.2888379Z Updating files:  79% (888/1124)
job-core	Checkout code	2026-02-10T16:03:18.1944383Z Updating files:  79% (894/1124)
job-core	Checkout code	2026-02-10T16:03:18.3390361Z Updating files:  79% (899/1124)
job-core	Checkout code	2026-02-10T16:03:19.2532784Z Updating files:  80% (900/1124)
job-core	Checkout code	2026-02-10T16:03:19.2792647Z Updating files:  80% (909/1124)
job-core	Checkout code	2026-02-10T16:03:19.5587374Z Updating files:  81% (911/1124)
job-core	Checkout code	2026-02-10T16:03:20.2264915Z Updating files:  82% (922/1124)
job-core	Checkout code	2026-02-10T16:03:20.7314491Z Updating files:  82% (928/1124)
job-core	Checkout code	2026-02-10T16:03:21.2791722Z Updating files:  83% (933/1124)
job-core	Checkout code	2026-02-10T16:03:22.3333404Z Updating files:  83% (937/1124)
job-core	Checkout code	2026-02-10T16:03:23.4779056Z Updating files:  83% (940/1124)
job-core	Checkout code	2026-02-10T16:03:23.9396804Z Updating files:  83% (943/1124)
job-core	Checkout code	2026-02-10T16:03:24.4890054Z Updating files:  84% (945/1124)
job-core	Checkout code	2026-02-10T16:03:25.8811390Z Updating files:  84% (947/1124)
job-core	Checkout code	2026-02-10T16:03:26.9771851Z Updating files:  84% (952/1124)
job-core	Checkout code	2026-02-10T16:03:27.4027068Z Updating files:  84% (954/1124)
job-core	Checkout code	2026-02-10T16:03:27.8658716Z Updating files:  84% (955/1124)
job-core	Checkout code	2026-02-10T16:03:28.2786821Z Updating files:  85% (956/1124)
job-core	Checkout code	2026-02-10T16:03:29.4860079Z Updating files:  85% (957/1124)
job-core	Checkout code	2026-02-10T16:03:30.2983910Z Updating files:  85% (960/1124)
job-core	Checkout code	2026-02-10T16:03:31.0222328Z Updating files:  85% (963/1124)
job-core	Checkout code	2026-02-10T16:03:31.2900436Z Updating files:  86% (967/1124)
job-core	Checkout code	2026-02-10T16:03:31.9267600Z Updating files:  86% (969/1124)
job-core	Checkout code	2026-02-10T16:03:32.3530094Z Updating files:  87% (978/1124)
job-core	Checkout code	2026-02-10T16:03:33.2305835Z Updating files:  87% (982/1124)
job-core	Checkout code	2026-02-10T16:03:33.6861756Z Updating files:  87% (986/1124)
job-core	Checkout code	2026-02-10T16:03:34.9250480Z Updating files:  88% (990/1124)
job-core	Checkout code	2026-02-10T16:03:35.2873218Z Updating files:  88% (993/1124)
job-core	Checkout code	2026-02-10T16:03:36.3981326Z Updating files:  88% (996/1124)
job-core	Checkout code	2026-02-10T16:03:36.6501633Z Updating files:  88% (998/1124)
job-core	Checkout code	2026-02-10T16:03:36.6897920Z Updating files:  89% (1001/1124)
job-core	Checkout code	2026-02-10T16:03:36.6919652Z Updating files:  90% (1012/1124)
job-core	Checkout code	2026-02-10T16:03:36.7857588Z Updating files:  91% (1023/1124)
job-core	Checkout code	2026-02-10T16:03:36.8221912Z Updating files:  92% (1035/1124)
job-core	Checkout code	2026-02-10T16:03:37.1229864Z Updating files:  93% (1046/1124)
job-core	Checkout code	2026-02-10T16:03:37.1461517Z Updating files:  94% (1057/1124)
job-core	Checkout code	2026-02-10T16:03:37.1774826Z Updating files:  95% (1068/1124)
job-core	Checkout code	2026-02-10T16:03:37.1839517Z Updating files:  96% (1080/1124)
job-core	Checkout code	2026-02-10T16:03:37.2187242Z Updating files:  96% (1081/1124)
job-core	Checkout code	2026-02-10T16:03:37.2691798Z Updating files:  97% (1091/1124)
job-core	Checkout code	2026-02-10T16:03:37.3109188Z Updating files:  98% (1102/1124)
job-core	Checkout code	2026-02-10T16:03:37.3505147Z Updating files:  99% (1113/1124)
job-core	Checkout code	2026-02-10T16:03:37.3673961Z Updating files: 100% (1124/1124)
job-core	Checkout code	2026-02-10T16:03:37.3842796Z Updating files: 100% (1124/1124), done.
job-core	Checkout code	2026-02-10T16:03:37.6567328Z Switched to a new branch 'F3450-modelo-operativo'
job-core	Checkout code	2026-02-10T16:03:37.6633001Z branch 'F3450-modelo-operativo' set up to track 'origin/F3450-modelo-operativo'.
job-core	Checkout code	2026-02-10T16:03:37.9940736Z ##[endgroup]
job-core	Checkout code	2026-02-10T16:03:38.2519220Z [command]/usr/bin/git log -1 --format=%H
job-core	Checkout code	2026-02-10T16:03:38.4771171Z 78391cdb35d7c2a297afc488966eea2bcd97c716
job-core	Install GH CLI	﻿2026-02-10T16:03:40.3856653Z Prepare all required actions
job-core	Install GH CLI	2026-02-10T16:03:40.6286931Z ##[group]Run ./.github/actions/install-gh-cli
job-core	Install GH CLI	2026-02-10T16:03:40.6287748Z env:
job-core	Install GH CLI	2026-02-10T16:03:40.6288609Z   KAOS_MODULE: [Ka0S] YAMLLINT
job-core	Install GH CLI	2026-02-10T16:03:40.6289753Z   GH_TOKEN: ***
job-core	Install GH CLI	2026-02-10T16:03:40.6290513Z   KAOS_YAMLLINT_CONFIG: core/config/kaos-yamllint-config.yaml
job-core	Install GH CLI	2026-02-10T16:03:40.6291666Z   KAOS_PRETTIER_CONFIG: compliance/yaml/.prettierrc.json
job-core	Install GH CLI	2026-02-10T16:03:40.6292599Z   KAOS_PATH_RESUME: audit/yamllint/
job-core	Install GH CLI	2026-02-10T16:03:40.6293380Z   KAOS_REPO: /actions-runner/_work/kaos/kaos
job-core	Install GH CLI	2026-02-10T16:03:40.6294162Z   KAOS_STEP_MODULE: 
job-core	Install GH CLI	2026-02-10T16:03:40.6294714Z   KAOS_CODE: 21871821254
job-core	Install GH CLI	2026-02-10T16:03:40.6295315Z   KAOS_REF_BRANCH: main
job-core	Install GH CLI	2026-02-10T16:03:40.6295919Z ##[endgroup]
job-core	Install GH CLI	2026-02-10T16:03:41.5922380Z ##[group]Run type -p curl >/dev/null || (sudo apt-get update && sudo apt-get install curl -y)
job-core	Install GH CLI	2026-02-10T16:03:41.5924436Z [36;1mtype -p curl >/dev/null || (sudo apt-get update && sudo apt-get install curl -y)[0m
job-core	Install GH CLI	2026-02-10T16:03:41.5927438Z [36;1mcurl -fsSL https://cli.github.com/packages/githubcli-archive-keyring.gpg | sudo dd of=/usr/share/keyrings/githubcli-archive-keyring.gpg \[0m
job-core	Install GH CLI	2026-02-10T16:03:41.6191609Z [36;1m&& sudo chmod go+r /usr/share/keyrings/githubcli-archive-keyring.gpg \[0m
job-core	Install GH CLI	2026-02-10T16:03:41.6304728Z [36;1m&& echo "deb [arch=$(dpkg --print-architecture) signed-by=/usr/share/keyrings/githubcli-archive-keyring.gpg] https://cli.github.com/packages stable main" | sudo tee /etc/apt/sources.list.d/github-cli.list > /dev/null \[0m
job-core	Install GH CLI	2026-02-10T16:03:41.6307253Z [36;1m&& sudo apt-get update \[0m
job-core	Install GH CLI	2026-02-10T16:03:41.6585562Z [36;1m&& sudo apt-get install gh -y[0m
job-core	Install GH CLI	2026-02-10T16:03:41.7709397Z shell: /usr/bin/bash --noprofile --norc -e -o pipefail {0}
job-core	Install GH CLI	2026-02-10T16:03:41.7711013Z env:
job-core	Install GH CLI	2026-02-10T16:03:41.7711760Z   KAOS_MODULE: [Ka0S] YAMLLINT
job-core	Install GH CLI	2026-02-10T16:03:41.7713413Z   GH_TOKEN: ***
job-core	Install GH CLI	2026-02-10T16:03:41.7714482Z   KAOS_YAMLLINT_CONFIG: core/config/kaos-yamllint-config.yaml
job-core	Install GH CLI	2026-02-10T16:03:41.8180156Z   KAOS_PRETTIER_CONFIG: compliance/yaml/.prettierrc.json
job-core	Install GH CLI	2026-02-10T16:03:41.8181163Z   KAOS_PATH_RESUME: audit/yamllint/
job-core	Install GH CLI	2026-02-10T16:03:41.8238278Z   KAOS_REPO: /actions-runner/_work/kaos/kaos
job-core	Install GH CLI	2026-02-10T16:03:41.8240115Z   KAOS_STEP_MODULE: 
job-core	Install GH CLI	2026-02-10T16:03:41.8240781Z   KAOS_CODE: 21871821254
job-core	Install GH CLI	2026-02-10T16:03:41.8241363Z   KAOS_REF_BRANCH: main
job-core	Install GH CLI	2026-02-10T16:03:41.8241941Z ##[endgroup]
job-core	Install GH CLI	2026-02-10T16:03:45.4162949Z 4+1 records in
job-core	Install GH CLI	2026-02-10T16:03:45.4171364Z 4+1 records out
job-core	Install GH CLI	2026-02-10T16:03:45.4173542Z 2270 bytes (2.3 kB, 2.2 KiB) copied, 0.000127053 s, 17.9 MB/s
job-core	Install GH CLI	2026-02-10T16:03:48.1214707Z Get:1 http://archive.ubuntu.com/ubuntu noble InRelease [256 kB]
job-core	Install GH CLI	2026-02-10T16:03:48.2099281Z Get:2 https://ppa.launchpadcontent.net/git-core/ppa/ubuntu noble InRelease [24.3 kB]
job-core	Install GH CLI	2026-02-10T16:03:48.6399311Z Get:3 http://security.ubuntu.com/ubuntu noble-security InRelease [126 kB]
job-core	Install GH CLI	2026-02-10T16:03:48.6452379Z Get:4 https://cli.github.com/packages stable InRelease [3917 B]
job-core	Install GH CLI	2026-02-10T16:03:48.6511850Z Get:5 http://archive.ubuntu.com/ubuntu noble-updates InRelease [126 kB]
job-core	Install GH CLI	2026-02-10T16:03:48.6530983Z Get:6 http://archive.ubuntu.com/ubuntu noble-backports InRelease [126 kB]
job-core	Install GH CLI	2026-02-10T16:03:52.0997214Z Get:7 https://ppa.launchpadcontent.net/git-core/ppa/ubuntu noble/main amd64 Packages [2994 B]
job-core	Install GH CLI	2026-02-10T16:03:55.3647292Z Get:8 http://security.ubuntu.com/ubuntu noble-security/restricted amd64 Packages [3106 kB]
job-core	Install GH CLI	2026-02-10T16:03:56.1943814Z Get:9 http://security.ubuntu.com/ubuntu noble-security/universe amd64 Packages [1199 kB]
job-core	Install GH CLI	2026-02-10T16:03:56.7313697Z Get:10 http://security.ubuntu.com/ubuntu noble-security/main amd64 Packages [1822 kB]
job-core	Install GH CLI	2026-02-10T16:03:57.9670854Z Get:11 http://security.ubuntu.com/ubuntu noble-security/multiverse amd64 Packages [34.8 kB]
job-core	Install GH CLI	2026-02-10T16:03:58.4696774Z Get:12 https://cli.github.com/packages stable/main amd64 Packages [356 B]
job-core	Install GH CLI	2026-02-10T16:04:03.2274068Z Get:13 http://archive.ubuntu.com/ubuntu noble/restricted amd64 Packages [117 kB]
job-core	Install GH CLI	2026-02-10T16:04:03.7276132Z Get:14 http://archive.ubuntu.com/ubuntu noble/universe amd64 Packages [19.3 MB]
job-core	Install GH CLI	2026-02-10T16:04:13.9482561Z Get:15 http://archive.ubuntu.com/ubuntu noble/multiverse amd64 Packages [331 kB]
job-core	Install GH CLI	2026-02-10T16:04:14.7412815Z Get:16 http://archive.ubuntu.com/ubuntu noble/main amd64 Packages [1808 kB]
job-core	Install GH CLI	2026-02-10T16:04:15.6743591Z Get:17 http://archive.ubuntu.com/ubuntu noble-updates/restricted amd64 Packages [3287 kB]
job-core	Install GH CLI	2026-02-10T16:04:16.6506724Z Get:18 http://archive.ubuntu.com/ubuntu noble-updates/multiverse amd64 Packages [38.1 kB]
job-core	Install GH CLI	2026-02-10T16:04:16.7791743Z Get:19 http://archive.ubuntu.com/ubuntu noble-updates/universe amd64 Packages [1978 kB]
job-core	Install GH CLI	2026-02-10T16:04:18.0150970Z Get:20 http://archive.ubuntu.com/ubuntu noble-updates/main amd64 Packages [2201 kB]
job-core	Install GH CLI	2026-02-10T16:04:20.6012180Z Get:21 http://archive.ubuntu.com/ubuntu noble-backports/universe amd64 Packages [34.6 kB]
job-core	Install GH CLI	2026-02-10T16:04:21.8298537Z Get:22 http://archive.ubuntu.com/ubuntu noble-backports/main amd64 Packages [49.5 kB]
job-core	Install GH CLI	2026-02-10T16:05:37.1959251Z Fetched 36.0 MB in 1min 46s (339 kB/s)
job-core	Install GH CLI	2026-02-10T16:05:52.5978726Z Reading package lists...
job-core	Install GH CLI	2026-02-10T16:06:11.9730920Z Reading package lists...
job-core	Install GH CLI	2026-02-10T16:06:14.0720405Z Building dependency tree...
job-core	Install GH CLI	2026-02-10T16:06:14.0770065Z Reading state information...
job-core	Install GH CLI	2026-02-10T16:06:23.6674849Z The following NEW packages will be installed:
job-core	Install GH CLI	2026-02-10T16:06:23.7438850Z   gh
job-core	Install GH CLI	2026-02-10T16:06:24.8939931Z 0 upgraded, 1 newly installed, 0 to remove and 18 not upgraded.
job-core	Install GH CLI	2026-02-10T16:06:24.8942017Z Need to get 13.7 MB of archives.
job-core	Install GH CLI	2026-02-10T16:06:24.8951417Z After this operation, 37.9 MB of additional disk space will be used.
job-core	Install GH CLI	2026-02-10T16:06:24.8953278Z Get:1 https://cli.github.com/packages stable/main amd64 gh amd64 2.86.0 [13.7 MB]
job-core	Install GH CLI	2026-02-10T16:06:34.6539225Z debconf: delaying package configuration, since apt-utils is not installed
job-core	Install GH CLI	2026-02-10T16:06:35.3532929Z Fetched 13.7 MB in 6s (2138 kB/s)
job-core	Install GH CLI	2026-02-10T16:06:36.2748135Z Selecting previously unselected package gh.
job-core	Install GH CLI	2026-02-10T16:06:36.4551357Z (Reading database ... 
job-core	Install GH CLI	2026-02-10T16:06:36.4868610Z (Reading database ... 5%
job-core	Install GH CLI	2026-02-10T16:06:36.4869615Z (Reading database ... 10%
job-core	Install GH CLI	2026-02-10T16:06:36.4872231Z (Reading database ... 15%
job-core	Install GH CLI	2026-02-10T16:06:36.4873059Z (Reading database ... 20%
job-core	Install GH CLI	2026-02-10T16:06:36.4875213Z (Reading database ... 25%
job-core	Install GH CLI	2026-02-10T16:06:36.4876164Z (Reading database ... 30%
job-core	Install GH CLI	2026-02-10T16:06:36.4879377Z (Reading database ... 35%
job-core	Install GH CLI	2026-02-10T16:06:36.4880140Z (Reading database ... 40%
job-core	Install GH CLI	2026-02-10T16:06:36.4880862Z (Reading database ... 45%
job-core	Install GH CLI	2026-02-10T16:06:36.4881408Z (Reading database ... 50%
job-core	Install GH CLI	2026-02-10T16:06:36.4882133Z (Reading database ... 55%
job-core	Install GH CLI	2026-02-10T16:06:36.4882849Z (Reading database ... 60%
job-core	Install GH CLI	2026-02-10T16:06:36.5215571Z (Reading database ... 65%
job-core	Install GH CLI	2026-02-10T16:06:36.5282979Z (Reading database ... 70%
job-core	Install GH CLI	2026-02-10T16:06:36.9106809Z (Reading database ... 75%
job-core	Install GH CLI	2026-02-10T16:06:37.0554489Z (Reading database ... 80%
job-core	Install GH CLI	2026-02-10T16:06:37.1029498Z (Reading database ... 85%
job-core	Install GH CLI	2026-02-10T16:06:37.1794758Z (Reading database ... 90%
job-core	Install GH CLI	2026-02-10T16:06:37.2690358Z (Reading database ... 95%
job-core	Install GH CLI	2026-02-10T16:06:37.2873770Z (Reading database ... 100%
job-core	Install GH CLI	2026-02-10T16:06:37.2911063Z (Reading database ... 14385 files and directories currently installed.)
job-core	Install GH CLI	2026-02-10T16:06:37.2992277Z Preparing to unpack .../archives/gh_2.86.0_amd64.deb ...
job-core	Install GH CLI	2026-02-10T16:06:38.5476903Z Unpacking gh (2.86.0) ...
job-core	Install GH CLI	2026-02-10T16:06:47.5010234Z Setting up gh (2.86.0) ...
job-core	Setup Python and Node.js	﻿2026-02-10T16:06:48.7202839Z ##[group]Run actions/setup-python@v5
job-core	Setup Python and Node.js	2026-02-10T16:06:48.7203849Z with:
job-core	Setup Python and Node.js	2026-02-10T16:06:48.7204326Z   python-version: 3.x
job-core	Setup Python and Node.js	2026-02-10T16:06:48.7204865Z   check-latest: false
job-core	Setup Python and Node.js	2026-02-10T16:06:48.7205754Z   token: ***
job-core	Setup Python and Node.js	2026-02-10T16:06:48.7206300Z   update-environment: true
job-core	Setup Python and Node.js	2026-02-10T16:06:48.7206903Z   allow-prereleases: false
job-core	Setup Python and Node.js	2026-02-10T16:06:48.7207502Z   freethreaded: false
job-core	Setup Python and Node.js	2026-02-10T16:06:48.7214698Z env:
job-core	Setup Python and Node.js	2026-02-10T16:06:48.7215235Z   KAOS_MODULE: [Ka0S] YAMLLINT
job-core	Setup Python and Node.js	2026-02-10T16:06:48.7216279Z   GH_TOKEN: ***
job-core	Setup Python and Node.js	2026-02-10T16:06:48.7217154Z   KAOS_YAMLLINT_CONFIG: core/config/kaos-yamllint-config.yaml
job-core	Setup Python and Node.js	2026-02-10T16:06:48.7218782Z   KAOS_PRETTIER_CONFIG: compliance/yaml/.prettierrc.json
job-core	Setup Python and Node.js	2026-02-10T16:06:48.7219945Z   KAOS_PATH_RESUME: audit/yamllint/
job-core	Setup Python and Node.js	2026-02-10T16:06:48.7220762Z   KAOS_REPO: /actions-runner/_work/kaos/kaos
job-core	Setup Python and Node.js	2026-02-10T16:06:48.7221828Z   KAOS_STEP_MODULE: 
job-core	Setup Python and Node.js	2026-02-10T16:06:48.7273513Z   KAOS_CODE: 21871821254
job-core	Setup Python and Node.js	2026-02-10T16:06:48.7273987Z   KAOS_REF_BRANCH: main
job-core	Setup Python and Node.js	2026-02-10T16:06:48.7274445Z ##[endgroup]
job-core	Setup Python and Node.js	2026-02-10T16:06:57.1526039Z ##[group]Installed versions
job-core	Setup Python and Node.js	2026-02-10T16:06:57.3879022Z Version 3.x was not found in the local cache
job-core	Setup Python and Node.js	2026-02-10T16:07:01.3223656Z Version 3.x is available for downloading
job-core	Setup Python and Node.js	2026-02-10T16:07:01.3353849Z Download from "https://github.com/actions/python-versions/releases/download/3.14.3-21673711214/python-3.14.3-linux-24.04-x64.tar.gz"
job-core	Setup Python and Node.js	2026-02-10T16:07:35.9338843Z Extract downloaded archive
job-core	Setup Python and Node.js	2026-02-10T16:07:36.4236713Z [command]/usr/bin/tar xz --warning=no-unknown-keyword --overwrite -C /home/runner/_work/_temp/b224a2c1-a1c3-4f92-8a31-2a62502d22a6 -f /home/runner/_work/_temp/802771d5-2fc3-44f6-ad99-105a02a8e14e
job-core	Setup Python and Node.js	2026-02-10T16:10:25.4155384Z Execute installation script
job-core	Setup Python and Node.js	2026-02-10T16:10:25.6876177Z Check if Python hostedtoolcache folder exist...
job-core	Setup Python and Node.js	2026-02-10T16:10:25.7165414Z Creating Python hostedtoolcache folder...
job-core	Setup Python and Node.js	2026-02-10T16:10:25.7360396Z Create Python 3.14.3 folder
job-core	Setup Python and Node.js	2026-02-10T16:10:25.8109104Z Copy Python binaries to hostedtoolcache folder
job-core	Setup Python and Node.js	2026-02-10T16:12:43.0762018Z Create additional symlinks (Required for the UsePythonVersion Azure Pipelines task and the setup-python GitHub Action)
job-core	Setup Python and Node.js	2026-02-10T16:12:43.1940078Z Upgrading pip...
job-core	Setup Python and Node.js	2026-02-10T16:13:55.0081888Z Looking in links: /tmp/tmppcit0dz6
job-core	Setup Python and Node.js	2026-02-10T16:13:55.0305915Z Requirement already satisfied: pip in /home/runner/_work/_tool/Python/3.14.3/x64/lib/python3.14/site-packages (25.3)
job-core	Setup Python and Node.js	2026-02-10T16:14:41.5251758Z Collecting pip
job-core	Setup Python and Node.js	2026-02-10T16:14:42.6397163Z Downloading pip-26.0.1-py3-none-any.whl.metadata (4.7 kB)
job-core	Setup Python and Node.js	2026-02-10T16:14:44.2173573Z Downloading pip-26.0.1-py3-none-any.whl (1.8 MB)
job-core	Setup Python and Node.js	2026-02-10T16:14:44.9640563Z ━━━━━━━━━━━━━━━━━━━━━━━━━━━━━━━━━━━━━━━━ 1.8/1.8 MB 3.3 MB/s  0:00:00
job-core	Setup Python and Node.js	2026-02-10T16:14:45.0445788Z 
job-core	Setup Python and Node.js	2026-02-10T16:14:45.9907942Z Installing collected packages: pip
job-core	Setup Python and Node.js	2026-02-10T16:14:45.9940105Z   Attempting uninstall: pip
job-core	Setup Python and Node.js	2026-02-10T16:14:45.9941719Z Found existing installation: pip 25.3
job-core	Setup Python and Node.js	2026-02-10T16:14:47.5556931Z Uninstalling pip-25.3:
job-core	Setup Python and Node.js	2026-02-10T16:14:47.9164089Z Successfully uninstalled pip-25.3
job-core	Setup Python and Node.js	2026-02-10T16:15:28.9069984Z Successfully installed pip-26.0.1
job-core	Setup Python and Node.js	2026-02-10T16:15:30.4045884Z Create complete file
job-core	Setup Python and Node.js	2026-02-10T16:15:30.6861922Z Successfully set up CPython (3.14.3)
job-core	Setup Python and Node.js	2026-02-10T16:15:30.6868086Z ##[endgroup]
job-core	Install Node.js	﻿2026-02-10T16:15:32.6790011Z ##[group]Run actions/setup-node@v4
job-core	Install Node.js	2026-02-10T16:15:32.6791051Z with:
job-core	Install Node.js	2026-02-10T16:15:32.6791611Z   node-version: 20
job-core	Install Node.js	2026-02-10T16:15:32.6792140Z   always-auth: false
job-core	Install Node.js	2026-02-10T16:15:32.6792745Z   check-latest: false
job-core	Install Node.js	2026-02-10T16:15:32.6793684Z   token: ***
job-core	Install Node.js	2026-02-10T16:15:32.6794344Z env:
job-core	Install Node.js	2026-02-10T16:15:32.6794911Z   KAOS_MODULE: [Ka0S] YAMLLINT
job-core	Install Node.js	2026-02-10T16:15:32.6795865Z   GH_TOKEN: ***
job-core	Install Node.js	2026-02-10T16:15:32.6796727Z   KAOS_YAMLLINT_CONFIG: core/config/kaos-yamllint-config.yaml
job-core	Install Node.js	2026-02-10T16:15:32.6812762Z   KAOS_PRETTIER_CONFIG: compliance/yaml/.prettierrc.json
job-core	Install Node.js	2026-02-10T16:15:32.6813747Z   KAOS_PATH_RESUME: audit/yamllint/
job-core	Install Node.js	2026-02-10T16:15:32.6814602Z   KAOS_REPO: /actions-runner/_work/kaos/kaos
job-core	Install Node.js	2026-02-10T16:15:32.6815722Z   KAOS_STEP_MODULE: 
job-core	Install Node.js	2026-02-10T16:15:32.6816329Z   KAOS_CODE: 21871821254
job-core	Install Node.js	2026-02-10T16:15:32.6816863Z   KAOS_REF_BRANCH: main
job-core	Install Node.js	2026-02-10T16:15:32.6817737Z   pythonLocation: /home/runner/_work/_tool/Python/3.14.3/x64
job-core	Install Node.js	2026-02-10T16:15:32.6829650Z   PKG_CONFIG_PATH: /home/runner/_work/_tool/Python/3.14.3/x64/lib/pkgconfig
job-core	Install Node.js	2026-02-10T16:15:32.6831187Z   Python_ROOT_DIR: /home/runner/_work/_tool/Python/3.14.3/x64
job-core	Install Node.js	2026-02-10T16:15:32.6832475Z   Python2_ROOT_DIR: /home/runner/_work/_tool/Python/3.14.3/x64
job-core	Install Node.js	2026-02-10T16:15:32.6833940Z   Python3_ROOT_DIR: /home/runner/_work/_tool/Python/3.14.3/x64
job-core	Install Node.js	2026-02-10T16:15:32.6835634Z   LD_LIBRARY_PATH: /home/runner/_work/_tool/Python/3.14.3/x64/lib
job-core	Install Node.js	2026-02-10T16:15:32.6836442Z ##[endgroup]
job-core	Install Node.js	2026-02-10T16:15:39.7972104Z Attempting to download 20...
job-core	Install Node.js	2026-02-10T16:15:43.7161013Z Acquiring 20.20.0 - x64 from https://github.com/actions/node-versions/releases/download/20.20.0-20981710805/node-20.20.0-linux-x64.tar.gz
job-core	Install Node.js	2026-02-10T16:16:04.5252241Z Extracting ...
job-core	Install Node.js	2026-02-10T16:16:04.9102253Z [command]/usr/bin/tar xz --strip 1 --warning=no-unknown-keyword --overwrite -C /home/runner/_work/_temp/4dd73483-8526-4981-af4d-55d610d2d8d2 -f /home/runner/_work/_temp/ec87926c-9149-4c5f-a2ff-157da3ba09aa
job-core	Install Node.js	2026-02-10T16:16:30.3860782Z Adding to the cache ...
job-core	Install Node.js	2026-02-10T16:18:20.7726189Z ##[group]Environment details
job-core	Install Node.js	2026-02-10T16:18:24.0740664Z node: v20.20.0
job-core	Install Node.js	2026-02-10T16:18:24.0743782Z npm: 10.8.2
job-core	Install Node.js	2026-02-10T16:18:24.0752248Z yarn: 
job-core	Install Node.js	2026-02-10T16:18:24.0764811Z ##[endgroup]
job-core	Run Ka0s Lint YAML Action	﻿2026-02-10T16:18:24.7681781Z Prepare all required actions
job-core	Run Ka0s Lint YAML Action	2026-02-10T16:18:25.0309185Z ##[group]Run ./.github/actions/kaos-lint-yaml
job-core	Run Ka0s Lint YAML Action	2026-02-10T16:18:25.0309935Z with:
job-core	Run Ka0s Lint YAML Action	2026-02-10T16:18:25.0310558Z   file_path: core/b2b/core-services/soc/05-dashboard.yaml
job-core	Run Ka0s Lint YAML Action	2026-02-10T16:18:25.0311337Z   fix: true
job-core	Run Ka0s Lint YAML Action	2026-02-10T16:18:25.0312010Z   path_resume: audit/yamllint/yamllint-results-21871821254.txt
job-core	Run Ka0s Lint YAML Action	2026-02-10T16:18:25.0313085Z   yamllint_config: core/config/kaos-yamllint-config.yaml
job-core	Run Ka0s Lint YAML Action	2026-02-10T16:18:25.0954582Z   prettier_config: compliance/yaml/.prettierrc.json
job-core	Run Ka0s Lint YAML Action	2026-02-10T16:18:25.0956071Z env:
job-core	Run Ka0s Lint YAML Action	2026-02-10T16:18:25.0956877Z   KAOS_MODULE: [Ka0S] YAMLLINT
job-core	Run Ka0s Lint YAML Action	2026-02-10T16:18:25.0957911Z   GH_TOKEN: ***
job-core	Run Ka0s Lint YAML Action	2026-02-10T16:18:25.0958645Z   KAOS_YAMLLINT_CONFIG: core/config/kaos-yamllint-config.yaml
job-core	Run Ka0s Lint YAML Action	2026-02-10T16:18:25.0981432Z   KAOS_PRETTIER_CONFIG: compliance/yaml/.prettierrc.json
job-core	Run Ka0s Lint YAML Action	2026-02-10T16:18:25.0982462Z   KAOS_PATH_RESUME: audit/yamllint/
job-core	Run Ka0s Lint YAML Action	2026-02-10T16:18:25.0983241Z   KAOS_REPO: /actions-runner/_work/kaos/kaos
job-core	Run Ka0s Lint YAML Action	2026-02-10T16:18:25.0984088Z   KAOS_STEP_MODULE: 
job-core	Run Ka0s Lint YAML Action	2026-02-10T16:18:25.0984764Z   KAOS_CODE: 21871821254
job-core	Run Ka0s Lint YAML Action	2026-02-10T16:18:25.0985368Z   KAOS_REF_BRANCH: main
job-core	Run Ka0s Lint YAML Action	2026-02-10T16:18:25.0986231Z   pythonLocation: /home/runner/_work/_tool/Python/3.14.3/x64
job-core	Run Ka0s Lint YAML Action	2026-02-10T16:18:25.0988220Z   PKG_CONFIG_PATH: /home/runner/_work/_tool/Python/3.14.3/x64/lib/pkgconfig
job-core	Run Ka0s Lint YAML Action	2026-02-10T16:18:25.0989546Z   Python_ROOT_DIR: /home/runner/_work/_tool/Python/3.14.3/x64
job-core	Run Ka0s Lint YAML Action	2026-02-10T16:18:25.0990737Z   Python2_ROOT_DIR: /home/runner/_work/_tool/Python/3.14.3/x64
job-core	Run Ka0s Lint YAML Action	2026-02-10T16:18:25.0991929Z   Python3_ROOT_DIR: /home/runner/_work/_tool/Python/3.14.3/x64
job-core	Run Ka0s Lint YAML Action	2026-02-10T16:18:25.0993152Z   LD_LIBRARY_PATH: /home/runner/_work/_tool/Python/3.14.3/x64/lib
job-core	Run Ka0s Lint YAML Action	2026-02-10T16:18:25.0994289Z ##[endgroup]
job-core	Run Ka0s Lint YAML Action	2026-02-10T16:18:25.2920101Z ##[group]Run if ! command -v yamllint &> /dev/null; then pip install yamllint; fi
job-core	Run Ka0s Lint YAML Action	2026-02-10T16:18:25.2939084Z [36;1mif ! command -v yamllint &> /dev/null; then pip install yamllint; fi[0m
job-core	Run Ka0s Lint YAML Action	2026-02-10T16:18:25.2940326Z [36;1mif ! command -v prettier &> /dev/null; then npm install -g prettier; fi[0m
job-core	Run Ka0s Lint YAML Action	2026-02-10T16:18:25.2942558Z [36;1mmkdir -p $(dirname "audit/yamllint/yamllint-results-21871821254.txt")[0m
job-core	Run Ka0s Lint YAML Action	2026-02-10T16:18:25.4103112Z shell: /usr/bin/bash --noprofile --norc -e -o pipefail {0}
job-core	Run Ka0s Lint YAML Action	2026-02-10T16:18:25.4104047Z env:
job-core	Run Ka0s Lint YAML Action	2026-02-10T16:18:25.4104653Z   KAOS_MODULE: [Ka0S] YAMLLINT
job-core	Run Ka0s Lint YAML Action	2026-02-10T16:18:25.4105933Z   GH_TOKEN: ***
job-core	Run Ka0s Lint YAML Action	2026-02-10T16:18:25.4106769Z   KAOS_YAMLLINT_CONFIG: core/config/kaos-yamllint-config.yaml
job-core	Run Ka0s Lint YAML Action	2026-02-10T16:18:25.4198549Z   KAOS_PRETTIER_CONFIG: compliance/yaml/.prettierrc.json
job-core	Run Ka0s Lint YAML Action	2026-02-10T16:18:25.4200043Z   KAOS_PATH_RESUME: audit/yamllint/
job-core	Run Ka0s Lint YAML Action	2026-02-10T16:18:25.4200944Z   KAOS_REPO: /actions-runner/_work/kaos/kaos
job-core	Run Ka0s Lint YAML Action	2026-02-10T16:18:25.4291817Z   KAOS_STEP_MODULE: 
job-core	Run Ka0s Lint YAML Action	2026-02-10T16:18:25.4292947Z   KAOS_CODE: 21871821254
job-core	Run Ka0s Lint YAML Action	2026-02-10T16:18:25.4293864Z   KAOS_REF_BRANCH: main
job-core	Run Ka0s Lint YAML Action	2026-02-10T16:18:25.4295111Z   pythonLocation: /home/runner/_work/_tool/Python/3.14.3/x64
job-core	Run Ka0s Lint YAML Action	2026-02-10T16:18:25.4296743Z   PKG_CONFIG_PATH: /home/runner/_work/_tool/Python/3.14.3/x64/lib/pkgconfig
job-core	Run Ka0s Lint YAML Action	2026-02-10T16:18:25.4419058Z   Python_ROOT_DIR: /home/runner/_work/_tool/Python/3.14.3/x64
job-core	Run Ka0s Lint YAML Action	2026-02-10T16:18:25.4420406Z   Python2_ROOT_DIR: /home/runner/_work/_tool/Python/3.14.3/x64
job-core	Run Ka0s Lint YAML Action	2026-02-10T16:18:25.4421784Z   Python3_ROOT_DIR: /home/runner/_work/_tool/Python/3.14.3/x64
job-core	Run Ka0s Lint YAML Action	2026-02-10T16:18:25.4423144Z   LD_LIBRARY_PATH: /home/runner/_work/_tool/Python/3.14.3/x64/lib
job-core	Run Ka0s Lint YAML Action	2026-02-10T16:18:25.4424241Z ##[endgroup]
job-core	Run Ka0s Lint YAML Action	2026-02-10T16:18:44.5505885Z Collecting yamllint
job-core	Run Ka0s Lint YAML Action	2026-02-10T16:18:47.5523218Z   Downloading yamllint-1.38.0-py3-none-any.whl.metadata (4.2 kB)
job-core	Run Ka0s Lint YAML Action	2026-02-10T16:18:47.7265798Z Collecting pathspec>=1.0.0 (from yamllint)
job-core	Run Ka0s Lint YAML Action	2026-02-10T16:18:47.7720353Z   Downloading pathspec-1.0.4-py3-none-any.whl.metadata (13 kB)
job-core	Run Ka0s Lint YAML Action	2026-02-10T16:18:49.0668532Z Collecting pyyaml (from yamllint)
job-core	Run Ka0s Lint YAML Action	2026-02-10T16:18:49.0869789Z   Downloading pyyaml-6.0.3-cp314-cp314-manylinux2014_x86_64.manylinux_2_17_x86_64.manylinux_2_28_x86_64.whl.metadata (2.4 kB)
job-core	Run Ka0s Lint YAML Action	2026-02-10T16:18:49.4369546Z Downloading yamllint-1.38.0-py3-none-any.whl (68 kB)
job-core	Run Ka0s Lint YAML Action	2026-02-10T16:18:49.6932314Z Downloading pathspec-1.0.4-py3-none-any.whl (55 kB)
job-core	Run Ka0s Lint YAML Action	2026-02-10T16:18:49.8481063Z Downloading pyyaml-6.0.3-cp314-cp314-manylinux2014_x86_64.manylinux_2_17_x86_64.manylinux_2_28_x86_64.whl (794 kB)
job-core	Run Ka0s Lint YAML Action	2026-02-10T16:18:49.9045518Z    ━━━━━━━━━━━━━━━━━━━━━━━━━━━━━━━━━━━━━━━━ 794.2/794.2 kB 17.5 MB/s  0:00:00
job-core	Run Ka0s Lint YAML Action	2026-02-10T16:18:50.2208879Z Installing collected packages: pyyaml, pathspec, yamllint
job-core	Run Ka0s Lint YAML Action	2026-02-10T16:18:54.1888696Z 
job-core	Run Ka0s Lint YAML Action	2026-02-10T16:18:54.2793028Z Successfully installed pathspec-1.0.4 pyyaml-6.0.3 yamllint-1.38.0
job-core	Run Ka0s Lint YAML Action	2026-02-10T16:19:18.2749020Z 
job-core	Run Ka0s Lint YAML Action	2026-02-10T16:19:18.2750999Z added 1 package in 18s
job-core	Run Ka0s Lint YAML Action	2026-02-10T16:19:18.2765012Z 
job-core	Run Ka0s Lint YAML Action	2026-02-10T16:19:18.2794043Z 1 package is looking for funding
job-core	Run Ka0s Lint YAML Action	2026-02-10T16:19:18.2801708Z   run `npm fund` for details
job-core	Run Ka0s Lint YAML Action	2026-02-10T16:19:19.3784324Z ##[group]Run FILE="core/b2b/core-services/soc/05-dashboard.yaml"
job-core	Run Ka0s Lint YAML Action	2026-02-10T16:19:19.3785690Z [36;1mFILE="core/b2b/core-services/soc/05-dashboard.yaml"[0m
job-core	Run Ka0s Lint YAML Action	2026-02-10T16:19:19.3786724Z [36;1mRESUME_FILE="audit/yamllint/yamllint-results-21871821254.txt"[0m
job-core	Run Ka0s Lint YAML Action	2026-02-10T16:19:19.3788016Z [36;1mYAML_CFG="core/config/kaos-yamllint-config.yaml"[0m
job-core	Run Ka0s Lint YAML Action	2026-02-10T16:19:19.3912905Z [36;1mPRETTIER_CFG="compliance/yaml/.prettierrc.json"[0m
job-core	Run Ka0s Lint YAML Action	2026-02-10T16:19:19.3914456Z [36;1m[0m
job-core	Run Ka0s Lint YAML Action	2026-02-10T16:19:19.3915405Z [36;1mecho "Starting YAML Check for: $FILE" >> "$RESUME_FILE"[0m
job-core	Run Ka0s Lint YAML Action	2026-02-10T16:19:19.3916208Z [36;1m[0m
job-core	Run Ka0s Lint YAML Action	2026-02-10T16:19:19.3916767Z [36;1m# 1. Syntax (yamllint)[0m
job-core	Run Ka0s Lint YAML Action	2026-02-10T16:19:19.3918199Z [36;1mif ! yamllint -c "$YAML_CFG" "$FILE" >> "$RESUME_FILE" 2>&1; then[0m
job-core	Run Ka0s Lint YAML Action	2026-02-10T16:19:19.3919601Z [36;1m  echo "❌ Syntax Error detected by Yamllint" >> "$RESUME_FILE"[0m
job-core	Run Ka0s Lint YAML Action	2026-02-10T16:19:19.3920625Z [36;1m  exit 1[0m
job-core	Run Ka0s Lint YAML Action	2026-02-10T16:19:19.3921349Z [36;1melse[0m
job-core	Run Ka0s Lint YAML Action	2026-02-10T16:19:19.3936780Z [36;1m  echo "✅ Syntax Check Passed" >> "$RESUME_FILE"[0m
job-core	Run Ka0s Lint YAML Action	2026-02-10T16:19:19.3937718Z [36;1mfi[0m
job-core	Run Ka0s Lint YAML Action	2026-02-10T16:19:19.3939152Z [36;1m[0m
job-core	Run Ka0s Lint YAML Action	2026-02-10T16:19:19.3939916Z [36;1m# 2. Style (Prettier)[0m
job-core	Run Ka0s Lint YAML Action	2026-02-10T16:19:19.3941346Z [36;1mif ! prettier --check "$FILE" --config "$PRETTIER_CFG"; then[0m
job-core	Run Ka0s Lint YAML Action	2026-02-10T16:19:19.3942554Z [36;1m  echo "⚠️ Style Error detected." >> "$RESUME_FILE"[0m
job-core	Run Ka0s Lint YAML Action	2026-02-10T16:19:19.3943569Z [36;1m  [0m
job-core	Run Ka0s Lint YAML Action	2026-02-10T16:19:19.3944586Z [36;1m  if [ "true" == "true" ]; then[0m
job-core	Run Ka0s Lint YAML Action	2026-02-10T16:19:19.3946202Z [36;1m    echo "Attempting Self-Healing..." >> "$RESUME_FILE"[0m
job-core	Run Ka0s Lint YAML Action	2026-02-10T16:19:19.3952316Z [36;1m    if prettier --write "$FILE" --config "$PRETTIER_CFG"; then[0m
job-core	Run Ka0s Lint YAML Action	2026-02-10T16:19:19.3953635Z [36;1m      echo "✅ Self-Healing Successful." >> "$RESUME_FILE"[0m
job-core	Run Ka0s Lint YAML Action	2026-02-10T16:19:19.3954489Z [36;1m    else[0m
job-core	Run Ka0s Lint YAML Action	2026-02-10T16:19:19.3955600Z [36;1m      echo "❌ Self-Healing Failed." >> "$RESUME_FILE"[0m
job-core	Run Ka0s Lint YAML Action	2026-02-10T16:19:19.3956731Z [36;1m      exit 1[0m
job-core	Run Ka0s Lint YAML Action	2026-02-10T16:19:19.3957260Z [36;1m    fi[0m
job-core	Run Ka0s Lint YAML Action	2026-02-10T16:19:19.3958259Z [36;1m  else[0m
job-core	Run Ka0s Lint YAML Action	2026-02-10T16:19:19.3959632Z [36;1m     echo "❌ Style violations found (Fix mode disabled)." >> "$RESUME_FILE"[0m
job-core	Run Ka0s Lint YAML Action	2026-02-10T16:19:19.3960602Z [36;1m     exit 1[0m
job-core	Run Ka0s Lint YAML Action	2026-02-10T16:19:19.3961359Z [36;1m  fi[0m
job-core	Run Ka0s Lint YAML Action	2026-02-10T16:19:19.3961893Z [36;1melse[0m
job-core	Run Ka0s Lint YAML Action	2026-02-10T16:19:19.3962544Z [36;1m  echo "✅ Style Check Passed" >> "$RESUME_FILE"[0m
job-core	Run Ka0s Lint YAML Action	2026-02-10T16:19:19.3963448Z [36;1mfi[0m
job-core	Run Ka0s Lint YAML Action	2026-02-10T16:19:19.5958921Z shell: /usr/bin/bash --noprofile --norc -e -o pipefail {0}
job-core	Run Ka0s Lint YAML Action	2026-02-10T16:19:19.5960496Z env:
job-core	Run Ka0s Lint YAML Action	2026-02-10T16:19:19.5961229Z   KAOS_MODULE: [Ka0S] YAMLLINT
job-core	Run Ka0s Lint YAML Action	2026-02-10T16:19:19.5962543Z   GH_TOKEN: ***
job-core	Run Ka0s Lint YAML Action	2026-02-10T16:19:19.5963495Z   KAOS_YAMLLINT_CONFIG: core/config/kaos-yamllint-config.yaml
job-core	Run Ka0s Lint YAML Action	2026-02-10T16:19:19.5965441Z   KAOS_PRETTIER_CONFIG: compliance/yaml/.prettierrc.json
job-core	Run Ka0s Lint YAML Action	2026-02-10T16:19:19.5966639Z   KAOS_PATH_RESUME: audit/yamllint/
job-core	Run Ka0s Lint YAML Action	2026-02-10T16:19:19.5967378Z   KAOS_REPO: /actions-runner/_work/kaos/kaos
job-core	Run Ka0s Lint YAML Action	2026-02-10T16:19:19.6089028Z   KAOS_STEP_MODULE: 
job-core	Run Ka0s Lint YAML Action	2026-02-10T16:19:19.6089659Z   KAOS_CODE: 21871821254
job-core	Run Ka0s Lint YAML Action	2026-02-10T16:19:19.6090315Z   KAOS_REF_BRANCH: main
job-core	Run Ka0s Lint YAML Action	2026-02-10T16:19:19.6091200Z   pythonLocation: /home/runner/_work/_tool/Python/3.14.3/x64
job-core	Run Ka0s Lint YAML Action	2026-02-10T16:19:19.6263746Z   PKG_CONFIG_PATH: /home/runner/_work/_tool/Python/3.14.3/x64/lib/pkgconfig
job-core	Run Ka0s Lint YAML Action	2026-02-10T16:19:19.6265196Z   Python_ROOT_DIR: /home/runner/_work/_tool/Python/3.14.3/x64
job-core	Run Ka0s Lint YAML Action	2026-02-10T16:19:19.6271331Z   Python2_ROOT_DIR: /home/runner/_work/_tool/Python/3.14.3/x64
job-core	Run Ka0s Lint YAML Action	2026-02-10T16:19:19.6276025Z   Python3_ROOT_DIR: /home/runner/_work/_tool/Python/3.14.3/x64
job-core	Run Ka0s Lint YAML Action	2026-02-10T16:19:19.6316941Z   LD_LIBRARY_PATH: /home/runner/_work/_tool/Python/3.14.3/x64/lib
job-core	Run Ka0s Lint YAML Action	2026-02-10T16:19:19.6318595Z ##[endgroup]
job-core	Run Ka0s Lint YAML Action	2026-02-10T16:19:24.5194585Z Checking formatting...
job-core	Run Ka0s Lint YAML Action	2026-02-10T16:19:27.2807463Z All matched files use Prettier code style!
job-core	Report Success	﻿2026-02-10T16:19:27.7626212Z ##[group]Run FILE="core/b2b/core-services/soc/05-dashboard.yaml"
job-core	Report Success	2026-02-10T16:19:27.7627687Z [36;1mFILE="core/b2b/core-services/soc/05-dashboard.yaml"[0m
job-core	Report Success	2026-02-10T16:19:27.7630440Z [36;1mKAOS_ISSUE_BODY="The [Ka0S] YAMLLINT process (21871601302) successfully validated file ($FILE)."[0m
job-core	Report Success	2026-02-10T16:19:27.7634501Z [36;1mgh issue comment 3450 -b "$KAOS_ISSUE_BODY"[0m
job-core	Report Success	2026-02-10T16:19:27.7635659Z [36;1m[0m
job-core	Report Success	2026-02-10T16:19:27.7636446Z [36;1m# Check for changes (Self-Healing)[0m
job-core	Report Success	2026-02-10T16:19:27.7638627Z [36;1mgit config --global user.name "***"[0m
job-core	Report Success	2026-02-10T16:19:27.7639724Z [36;1mgit config --global user.email "***"[0m
job-core	Report Success	2026-02-10T16:19:27.7640583Z [36;1mif ! git diff --quiet; then[0m
job-core	Report Success	2026-02-10T16:19:27.7641239Z [36;1m   git add "$FILE"[0m
job-core	Report Success	2026-02-10T16:19:27.7642273Z [36;1m   git commit -m "[Ka0S] Self-Healing: Auto-formatting YAML compliance for $(basename "$FILE")"[0m
job-core	Report Success	2026-02-10T16:19:27.7643891Z [36;1m   git push origin refs/heads/F3450-modelo-operativo --force-with-lease[0m
job-core	Report Success	2026-02-10T16:19:27.7645452Z [36;1mfi[0m
job-core	Report Success	2026-02-10T16:19:27.7646534Z [36;1m    if prettier --write "$FILE" --config "compliance/yaml/.prettierrc.json"; then[0m
job-core	Report Success	2026-02-10T16:19:27.7649540Z [36;1m      echo "✅ Self-Healing Successful: File formatted to Ka0s Standards." >> "$RESUME_FILE"[0m
job-core	Report Success	2026-02-10T16:19:27.7650599Z [36;1m      [0m
job-core	Report Success	2026-02-10T16:19:27.7651084Z [36;1m      # Commit de la corrección[0m
job-core	Report Success	2026-02-10T16:19:27.7651981Z [36;1m      git config --global user.name "***"[0m
job-core	Report Success	2026-02-10T16:19:27.7652943Z [36;1m      git config --global user.email "***"[0m
job-core	Report Success	2026-02-10T16:19:27.7653701Z [36;1m      git add "$FILE"[0m
job-core	Report Success	2026-02-10T16:19:27.7654614Z [36;1m      if ! git diff --staged --quiet; then[0m
job-core	Report Success	2026-02-10T16:19:27.7656177Z [36;1m        git commit -m "[Ka0S] Self-Healing: Auto-formatting YAML compliance for $FILE_NAME"[0m
job-core	Report Success	2026-02-10T16:19:27.7668614Z [36;1m        git push origin refs/heads/F3450-modelo-operativo --force-with-lease[0m
job-core	Report Success	2026-02-10T16:19:27.7670740Z [36;1m        echo "🔄 Changes pushed to repository." >> "$RESUME_FILE"[0m
job-core	Report Success	2026-02-10T16:19:27.7672071Z [36;1m      fi[0m
job-core	Report Success	2026-02-10T16:19:27.7672797Z [36;1m      [0m
job-core	Report Success	2026-02-10T16:19:27.7675239Z [36;1m      KAOS_ISSUE_BODY="The [Ka0S] YAMLLINT process (21871601302) detected style violations in ($FILE) but successfully performed SELF-HEALING. No action required."[0m
job-core	Report Success	2026-02-10T16:19:27.7717161Z [36;1m      gh issue comment 3450 -b "$KAOS_ISSUE_BODY"[0m
job-core	Report Success	2026-02-10T16:19:27.7718866Z [36;1m    else[0m
job-core	Report Success	2026-02-10T16:19:27.7719959Z [36;1m      echo "❌ Self-Healing Failed." >> "$RESUME_FILE"[0m
job-core	Report Success	2026-02-10T16:19:27.7721215Z [36;1m      exit 1[0m
job-core	Report Success	2026-02-10T16:19:27.7721990Z [36;1m    fi[0m
job-core	Report Success	2026-02-10T16:19:27.7722738Z [36;1m  else[0m
job-core	Report Success	2026-02-10T16:19:27.7723968Z [36;1m    echo "✅ Compliance Check Passed (No changes needed)" >> "$RESUME_FILE"[0m
job-core	Report Success	2026-02-10T16:19:27.7726657Z [36;1m    KAOS_ISSUE_BODY="The [Ka0S] YAMLLINT process (21871601302) successfully validated file ($FILE). All checks passed."[0m
job-core	Report Success	2026-02-10T16:19:27.7743684Z [36;1m    gh issue comment 3450 -b "$KAOS_ISSUE_BODY"[0m
job-core	Report Success	2026-02-10T16:19:27.7744883Z [36;1m  fi[0m
job-core	Report Success	2026-02-10T16:19:27.7745668Z [36;1m  [0m
job-core	Report Success	2026-02-10T16:19:27.7746453Z [36;1m  cat "$RESUME_FILE"[0m
job-core	Report Success	2026-02-10T16:19:27.7876576Z shell: /usr/bin/bash -e {0}
job-core	Report Success	2026-02-10T16:19:27.7877464Z env:
job-core	Report Success	2026-02-10T16:19:27.7878182Z   KAOS_MODULE: [Ka0S] YAMLLINT
job-core	Report Success	2026-02-10T16:19:27.7879355Z   GH_TOKEN: ***
job-core	Report Success	2026-02-10T16:19:27.8006461Z   KAOS_YAMLLINT_CONFIG: core/config/kaos-yamllint-config.yaml
job-core	Report Success	2026-02-10T16:19:27.8019930Z   KAOS_PRETTIER_CONFIG: compliance/yaml/.prettierrc.json
job-core	Report Success	2026-02-10T16:19:27.8021294Z   KAOS_PATH_RESUME: audit/yamllint/
job-core	Report Success	2026-02-10T16:19:27.8022389Z   KAOS_REPO: /actions-runner/_work/kaos/kaos
job-core	Report Success	2026-02-10T16:19:27.8023455Z   KAOS_STEP_MODULE: 
job-core	Report Success	2026-02-10T16:19:27.8024247Z   KAOS_CODE: 21871821254
job-core	Report Success	2026-02-10T16:19:27.8025124Z   KAOS_REF_BRANCH: main
job-core	Report Success	2026-02-10T16:19:27.8026281Z   pythonLocation: /home/runner/_work/_tool/Python/3.14.3/x64
job-core	Report Success	2026-02-10T16:19:27.8231579Z   PKG_CONFIG_PATH: /home/runner/_work/_tool/Python/3.14.3/x64/lib/pkgconfig
job-core	Report Success	2026-02-10T16:19:27.8234472Z   Python_ROOT_DIR: /home/runner/_work/_tool/Python/3.14.3/x64
job-core	Report Success	2026-02-10T16:19:27.8236087Z   Python2_ROOT_DIR: /home/runner/_work/_tool/Python/3.14.3/x64
job-core	Report Success	2026-02-10T16:19:27.8237694Z   Python3_ROOT_DIR: /home/runner/_work/_tool/Python/3.14.3/x64
job-core	Report Success	2026-02-10T16:19:27.8370855Z   LD_LIBRARY_PATH: /home/runner/_work/_tool/Python/3.14.3/x64/lib
job-core	Report Success	2026-02-10T16:19:27.8372197Z ##[endgroup]
job-core	Report Success	2026-02-10T16:19:31.2513591Z HTTP 401: Bad credentials (https://api.github.com/graphql)
job-core	Report Success	2026-02-10T16:19:31.2594501Z Try authenticating with:  gh auth login
job-core	Report Success	2026-02-10T16:19:31.3809791Z ##[error]Process completed with exit code 1.
job-core	Upload Logs	﻿2026-02-10T16:19:31.8718575Z ##[group]Run # Subir logs de auditoría si existen
job-core	Upload Logs	2026-02-10T16:19:31.8720247Z [36;1m# Subir logs de auditoría si existen[0m
job-core	Upload Logs	2026-02-10T16:19:31.8725093Z [36;1mif [ -f "audit/yamllint/yamllint-results-21871821254.txt" ]; then[0m
job-core	Upload Logs	2026-02-10T16:19:31.8743982Z [36;1m   git config --global user.name "***"[0m
job-core	Upload Logs	2026-02-10T16:19:31.8745448Z [36;1m   git config --global user.email "***"[0m
job-core	Upload Logs	2026-02-10T16:19:31.8794834Z [36;1m   git pull --rebase[0m
job-core	Upload Logs	2026-02-10T16:19:31.8795913Z [36;1m   git add audit/yamllint/*[0m
job-core	Upload Logs	2026-02-10T16:19:31.8797127Z [36;1m   if ! git diff --staged --quiet; then[0m
job-core	Upload Logs	2026-02-10T16:19:31.8827305Z [36;1m      git commit -m "[Ka0S] Uploading YAML compliance audit logs"[0m
job-core	Upload Logs	2026-02-10T16:19:31.8829526Z [36;1m      git push origin refs/heads/F3450-modelo-operativo --force-with-lease[0m
job-core	Upload Logs	2026-02-10T16:19:31.8831287Z [36;1m   fi[0m
job-core	Upload Logs	2026-02-10T16:19:31.9413200Z [36;1mfi[0m
job-core	Upload Logs	2026-02-10T16:19:32.0584028Z shell: /usr/bin/bash -e {0}
job-core	Upload Logs	2026-02-10T16:19:32.0584988Z env:
job-core	Upload Logs	2026-02-10T16:19:32.0585782Z   KAOS_MODULE: [Ka0S] YAMLLINT
job-core	Upload Logs	2026-02-10T16:19:32.0587086Z   GH_TOKEN: ***
job-core	Upload Logs	2026-02-10T16:19:32.0591082Z   KAOS_YAMLLINT_CONFIG: core/config/kaos-yamllint-config.yaml
job-core	Upload Logs	2026-02-10T16:19:32.0594868Z   KAOS_PRETTIER_CONFIG: compliance/yaml/.prettierrc.json
job-core	Upload Logs	2026-02-10T16:19:32.0650702Z   KAOS_PATH_RESUME: audit/yamllint/
job-core	Upload Logs	2026-02-10T16:19:32.0651494Z   KAOS_REPO: /actions-runner/_work/kaos/kaos
job-core	Upload Logs	2026-02-10T16:19:32.0652123Z   KAOS_STEP_MODULE: 
job-core	Upload Logs	2026-02-10T16:19:32.0652614Z   KAOS_CODE: 21871821254
job-core	Upload Logs	2026-02-10T16:19:32.0653146Z   KAOS_REF_BRANCH: main
job-core	Upload Logs	2026-02-10T16:19:32.0653996Z   pythonLocation: /home/runner/_work/_tool/Python/3.14.3/x64
job-core	Upload Logs	2026-02-10T16:19:32.0655326Z   PKG_CONFIG_PATH: /home/runner/_work/_tool/Python/3.14.3/x64/lib/pkgconfig
job-core	Upload Logs	2026-02-10T16:19:32.0656659Z   Python_ROOT_DIR: /home/runner/_work/_tool/Python/3.14.3/x64
job-core	Upload Logs	2026-02-10T16:19:32.0752765Z   Python2_ROOT_DIR: /home/runner/_work/_tool/Python/3.14.3/x64
job-core	Upload Logs	2026-02-10T16:19:32.0754127Z   Python3_ROOT_DIR: /home/runner/_work/_tool/Python/3.14.3/x64
job-core	Upload Logs	2026-02-10T16:19:32.0755456Z   LD_LIBRARY_PATH: /home/runner/_work/_tool/Python/3.14.3/x64/lib
job-core	Upload Logs	2026-02-10T16:19:32.0756452Z ##[endgroup]
job-core	Upload Logs	2026-02-10T16:19:42.1642914Z From https://github.com/Ka0s-Klaus/ka0s
job-core	Upload Logs	2026-02-10T16:19:42.1662009Z    78391cdb3..ffb28cfa5  F3450-modelo-operativo -> origin/F3450-modelo-operativo
job-core	Upload Logs	2026-02-10T16:19:42.1709914Z    ff0a3490b..16c36c133  H3265-deploy-itop      -> origin/H3265-deploy-itop
job-core	Upload Logs	2026-02-10T16:19:42.1750531Z    9094b0b5d..c1f55aac8  main                   -> origin/main
job-core	Upload Logs	2026-02-10T16:19:42.5374477Z Updating 78391cdb3..ffb28cfa5
job-core	Upload Logs	2026-02-10T16:19:42.5409929Z Fast-forward
job-core	Upload Logs	2026-02-10T16:19:42.5661094Z  audit/mdlint/mdlint-results-21871845752.txt | 23 +++++++++++++
job-core	Upload Logs	2026-02-10T16:19:42.5681527Z  audit/mdlint/mdlint-results-21871854516.txt | 52 +++++++++++++++++++++++++++++
job-core	Upload Logs	2026-02-10T16:19:42.5684015Z  audit/mdlint/mdlint-results-21871862517.txt |  7 ++++
job-core	Upload Logs	2026-02-10T16:19:42.6198991Z  audit/mdlint/mdlint-results-21871865858.txt |  7 ++++
job-core	Upload Logs	2026-02-10T16:19:42.6234454Z  4 files changed, 89 insertions(+)
job-core	Upload Logs	2026-02-10T16:19:42.6622641Z  create mode 100644 audit/mdlint/mdlint-results-21871845752.txt
job-core	Upload Logs	2026-02-10T16:19:42.6641032Z  create mode 100644 audit/mdlint/mdlint-results-21871854516.txt
job-core	Upload Logs	2026-02-10T16:19:42.6642499Z  create mode 100644 audit/mdlint/mdlint-results-21871862517.txt
job-core	Upload Logs	2026-02-10T16:19:42.6643714Z  create mode 100644 audit/mdlint/mdlint-results-21871865858.txt
job-core	Upload Logs	2026-02-10T16:19:43.1964530Z [F3450-modelo-operativo 7ea64f9a8] [Ka0S] Uploading YAML compliance audit logs
job-core	Upload Logs	2026-02-10T16:19:43.1966276Z  1 file changed, 7 insertions(+)
job-core	Upload Logs	2026-02-10T16:19:43.1967447Z  create mode 100644 audit/yamllint/yamllint-results-21871821254.txt
job-core	Upload Logs	2026-02-10T16:19:45.1503491Z To https://github.com/Ka0s-Klaus/ka0s
job-core	Upload Logs	2026-02-10T16:19:45.1505638Z    ffb28cfa5..7ea64f9a8  F3450-modelo-operativo -> F3450-modelo-operativo
job-core	Post Checkout code	﻿2026-02-10T16:19:45.8107256Z Post job cleanup.
job-core	Post Checkout code	2026-02-10T16:19:49.4624466Z [command]/usr/bin/git version
job-core	Post Checkout code	2026-02-10T16:19:49.5240237Z git version 2.52.0
job-core	Post Checkout code	2026-02-10T16:19:49.5938482Z Copying '/home/runner/.gitconfig' to '/home/runner/_work/_temp/5a2a7d9d-dbeb-432f-8289-817c03ebbff1/.gitconfig'
job-core	Post Checkout code	2026-02-10T16:19:49.6738912Z Temporarily overriding HOME='/home/runner/_work/_temp/5a2a7d9d-dbeb-432f-8289-817c03ebbff1' before making global git config changes
job-core	Post Checkout code	2026-02-10T16:19:49.6789005Z Adding repository directory to the temporary git global config as a safe directory
job-core	Post Checkout code	2026-02-10T16:19:49.7221507Z [command]/usr/bin/git config --global --add safe.directory /home/runner/_work/ka0s/ka0s
job-core	Post Checkout code	2026-02-10T16:19:49.9693315Z [command]/usr/bin/git config --local --name-only --get-regexp core\.sshCommand
job-core	Post Checkout code	2026-02-10T16:19:50.3415777Z [command]/usr/bin/git submodule foreach --recursive sh -c "git config --local --name-only --get-regexp 'core\.sshCommand' && git config --local --unset-all 'core.sshCommand' || :"
job-core	Post Checkout code	2026-02-10T16:19:51.2829584Z [command]/usr/bin/git config --local --name-only --get-regexp http\.https\:\/\/github\.com\/\.extraheader
job-core	Post Checkout code	2026-02-10T16:19:51.3469987Z http.https://github.com/.extraheader
job-core	Post Checkout code	2026-02-10T16:19:51.3986231Z [command]/usr/bin/git config --local --unset-all http.https://github.com/.extraheader
job-core	Post Checkout code	2026-02-10T16:19:51.4679605Z [command]/usr/bin/git submodule foreach --recursive sh -c "git config --local --name-only --get-regexp 'http\.https\:\/\/github\.com\/\.extraheader' && git config --local --unset-all 'http.https://github.com/.extraheader' || :"
job-core	Post Checkout code	2026-02-10T16:19:52.6766390Z [command]/usr/bin/git config --local --name-only --get-regexp ^includeIf\.gitdir:
job-core	Post Checkout code	2026-02-10T16:19:52.7329674Z [command]/usr/bin/git submodule foreach --recursive git config --local --show-origin --name-only --get-regexp remote.origin.url
job-core	Complete job	﻿2026-02-10T16:19:53.7049481Z Cleaning up orphan processes
handle_failure	Set up job	﻿2026-02-10T16:21:54.1558895Z Current runner version: '2.331.0'
handle_failure	Set up job	2026-02-10T16:21:54.1567959Z Runner name: 'swarm-runners-scaleset-hkss5-runner-6wljv'
handle_failure	Set up job	2026-02-10T16:21:54.1568942Z Runner group name: 'Default'
handle_failure	Set up job	2026-02-10T16:21:54.1570064Z Machine name: 'swarm-runners-scaleset-hkss5-runner-6wljv'
handle_failure	Set up job	2026-02-10T16:21:54.1574498Z ##[group]GITHUB_TOKEN Permissions
handle_failure	Set up job	2026-02-10T16:21:54.1577219Z Actions: write
handle_failure	Set up job	2026-02-10T16:21:54.1577875Z Contents: write
handle_failure	Set up job	2026-02-10T16:21:54.1578486Z Issues: write
handle_failure	Set up job	2026-02-10T16:21:54.1579129Z Metadata: read
handle_failure	Set up job	2026-02-10T16:21:54.1579659Z PullRequests: write
handle_failure	Set up job	2026-02-10T16:21:54.1580681Z ##[endgroup]
handle_failure	Set up job	2026-02-10T16:21:54.1582989Z Secret source: Actions
handle_failure	Set up job	2026-02-10T16:21:54.1583703Z Prepare workflow directory
handle_failure	Set up job	2026-02-10T16:21:54.2145454Z Prepare all required actions
handle_failure	Set up job	2026-02-10T16:21:54.2189376Z Getting action download info
handle_failure	Set up job	2026-02-10T16:21:54.8068138Z Download action repository 'actions/checkout@v4' (SHA:34e114876b0b11c390a56381ad16ebd13914f8d5)
handle_failure	Set up job	2026-02-10T16:21:55.9860927Z Complete job name: handle_failure
handle_failure	Run actions/checkout@v4	﻿2026-02-10T16:21:56.0589718Z ##[group]Run actions/checkout@v4
handle_failure	Run actions/checkout@v4	2026-02-10T16:21:56.0591230Z with:
handle_failure	Run actions/checkout@v4	2026-02-10T16:21:56.0591695Z   repository: Ka0s-Klaus/ka0s
handle_failure	Run actions/checkout@v4	2026-02-10T16:21:56.0592503Z   token: ***
handle_failure	Run actions/checkout@v4	2026-02-10T16:21:56.0592929Z   ssh-strict: true
handle_failure	Run actions/checkout@v4	2026-02-10T16:21:56.0593367Z   ssh-user: git
handle_failure	Run actions/checkout@v4	2026-02-10T16:21:56.0593810Z   persist-credentials: true
handle_failure	Run actions/checkout@v4	2026-02-10T16:21:56.0594300Z   clean: true
handle_failure	Run actions/checkout@v4	2026-02-10T16:21:56.0594746Z   sparse-checkout-cone-mode: true
handle_failure	Run actions/checkout@v4	2026-02-10T16:21:56.0595276Z   fetch-depth: 1
handle_failure	Run actions/checkout@v4	2026-02-10T16:21:56.0595708Z   fetch-tags: false
handle_failure	Run actions/checkout@v4	2026-02-10T16:21:56.0596152Z   show-progress: true
handle_failure	Run actions/checkout@v4	2026-02-10T16:21:56.0596607Z   lfs: false
handle_failure	Run actions/checkout@v4	2026-02-10T16:21:56.0597017Z   submodules: false
handle_failure	Run actions/checkout@v4	2026-02-10T16:21:56.0597489Z   set-safe-directory: true
handle_failure	Run actions/checkout@v4	2026-02-10T16:21:56.0598218Z env:
handle_failure	Run actions/checkout@v4	2026-02-10T16:21:56.0598660Z   KAOS_MODULE: [Ka0S] YAMLLINT
handle_failure	Run actions/checkout@v4	2026-02-10T16:21:56.0599631Z   GH_TOKEN: ***
handle_failure	Run actions/checkout@v4	2026-02-10T16:21:56.0600813Z   KAOS_YAMLLINT_CONFIG: core/config/kaos-yamllint-config.yaml
handle_failure	Run actions/checkout@v4	2026-02-10T16:21:56.0601774Z   KAOS_PRETTIER_CONFIG: compliance/yaml/.prettierrc.json
handle_failure	Run actions/checkout@v4	2026-02-10T16:21:56.0602522Z   KAOS_PATH_RESUME: audit/yamllint/
handle_failure	Run actions/checkout@v4	2026-02-10T16:21:56.0603119Z   KAOS_REPO: /actions-runner/_work/kaos/kaos
handle_failure	Run actions/checkout@v4	2026-02-10T16:21:56.0603706Z   KAOS_STEP_MODULE: 
handle_failure	Run actions/checkout@v4	2026-02-10T16:21:56.0604163Z   KAOS_CODE: 21871821254
handle_failure	Run actions/checkout@v4	2026-02-10T16:21:56.0604639Z   KAOS_REF_BRANCH: main
handle_failure	Run actions/checkout@v4	2026-02-10T16:21:56.0605100Z ##[endgroup]
handle_failure	Run actions/checkout@v4	2026-02-10T16:21:56.1983120Z Syncing repository: Ka0s-Klaus/ka0s
handle_failure	Run actions/checkout@v4	2026-02-10T16:21:56.1986124Z ##[group]Getting Git version info
handle_failure	Run actions/checkout@v4	2026-02-10T16:21:56.1987023Z Working directory is '/home/runner/_work/ka0s/ka0s'
handle_failure	Run actions/checkout@v4	2026-02-10T16:21:56.1988192Z [command]/usr/bin/git version
handle_failure	Run actions/checkout@v4	2026-02-10T16:21:56.1988757Z git version 2.52.0
handle_failure	Run actions/checkout@v4	2026-02-10T16:21:56.2062969Z ##[endgroup]
handle_failure	Run actions/checkout@v4	2026-02-10T16:21:56.2094190Z Temporarily overriding HOME='/home/runner/_work/_temp/b5dbe1c6-af54-4759-b8b4-45d921549082' before making global git config changes
handle_failure	Run actions/checkout@v4	2026-02-10T16:21:56.2095835Z Adding repository directory to the temporary git global config as a safe directory
handle_failure	Run actions/checkout@v4	2026-02-10T16:21:56.2097025Z [command]/usr/bin/git config --global --add safe.directory /home/runner/_work/ka0s/ka0s
handle_failure	Run actions/checkout@v4	2026-02-10T16:21:56.2133083Z Deleting the contents of '/home/runner/_work/ka0s/ka0s'
handle_failure	Run actions/checkout@v4	2026-02-10T16:21:56.2141042Z ##[group]Initializing the repository
handle_failure	Run actions/checkout@v4	2026-02-10T16:21:56.2146561Z [command]/usr/bin/git init /home/runner/_work/ka0s/ka0s
handle_failure	Run actions/checkout@v4	2026-02-10T16:21:56.2222002Z hint: Using 'master' as the name for the initial branch. This default branch name
handle_failure	Run actions/checkout@v4	2026-02-10T16:21:56.2223880Z hint: will change to "main" in Git 3.0. To configure the initial branch name
handle_failure	Run actions/checkout@v4	2026-02-10T16:21:56.2225851Z hint: to use in all of your new repositories, which will suppress this warning,
handle_failure	Run actions/checkout@v4	2026-02-10T16:21:56.2227116Z hint: call:
handle_failure	Run actions/checkout@v4	2026-02-10T16:21:56.2227686Z hint:
handle_failure	Run actions/checkout@v4	2026-02-10T16:21:56.2229654Z hint: 	git config --global init.defaultBranch <name>
handle_failure	Run actions/checkout@v4	2026-02-10T16:21:56.2231946Z hint:
handle_failure	Run actions/checkout@v4	2026-02-10T16:21:56.2232606Z hint: Names commonly chosen instead of 'master' are 'main', 'trunk' and
handle_failure	Run actions/checkout@v4	2026-02-10T16:21:56.2237334Z hint: 'development'. The just-created branch can be renamed via this command:
handle_failure	Run actions/checkout@v4	2026-02-10T16:21:56.2239190Z hint:
handle_failure	Run actions/checkout@v4	2026-02-10T16:21:56.2239677Z hint: 	git branch -m <name>
handle_failure	Run actions/checkout@v4	2026-02-10T16:21:56.2240523Z hint:
handle_failure	Run actions/checkout@v4	2026-02-10T16:21:56.2241380Z hint: Disable this message with "git config set advice.defaultBranchName false"
handle_failure	Run actions/checkout@v4	2026-02-10T16:21:56.2242453Z Initialized empty Git repository in /home/runner/_work/ka0s/ka0s/.git/
handle_failure	Run actions/checkout@v4	2026-02-10T16:21:56.2244908Z [command]/usr/bin/git remote add origin https://github.com/Ka0s-Klaus/ka0s
handle_failure	Run actions/checkout@v4	2026-02-10T16:21:56.2294435Z ##[endgroup]
handle_failure	Run actions/checkout@v4	2026-02-10T16:21:56.2295478Z ##[group]Disabling automatic garbage collection
handle_failure	Run actions/checkout@v4	2026-02-10T16:21:56.2297056Z [command]/usr/bin/git config --local gc.auto 0
handle_failure	Run actions/checkout@v4	2026-02-10T16:21:56.2352389Z ##[endgroup]
handle_failure	Run actions/checkout@v4	2026-02-10T16:21:56.2353280Z ##[group]Setting up auth
handle_failure	Run actions/checkout@v4	2026-02-10T16:21:56.2358879Z [command]/usr/bin/git config --local --name-only --get-regexp core\.sshCommand
handle_failure	Run actions/checkout@v4	2026-02-10T16:21:56.2414477Z [command]/usr/bin/git submodule foreach --recursive sh -c "git config --local --name-only --get-regexp 'core\.sshCommand' && git config --local --unset-all 'core.sshCommand' || :"
handle_failure	Run actions/checkout@v4	2026-02-10T16:21:56.2821455Z [command]/usr/bin/git config --local --name-only --get-regexp http\.https\:\/\/github\.com\/\.extraheader
handle_failure	Run actions/checkout@v4	2026-02-10T16:21:56.2875718Z [command]/usr/bin/git submodule foreach --recursive sh -c "git config --local --name-only --get-regexp 'http\.https\:\/\/github\.com\/\.extraheader' && git config --local --unset-all 'http.https://github.com/.extraheader' || :"
handle_failure	Run actions/checkout@v4	2026-02-10T16:21:56.3312672Z [command]/usr/bin/git config --local --name-only --get-regexp ^includeIf\.gitdir:
handle_failure	Run actions/checkout@v4	2026-02-10T16:21:56.3376001Z [command]/usr/bin/git submodule foreach --recursive git config --local --show-origin --name-only --get-regexp remote.origin.url
handle_failure	Run actions/checkout@v4	2026-02-10T16:21:56.3869552Z [command]/usr/bin/git config --local http.https://github.com/.extraheader AUTHORIZATION: basic ***
handle_failure	Run actions/checkout@v4	2026-02-10T16:21:56.3947681Z ##[endgroup]
handle_failure	Run actions/checkout@v4	2026-02-10T16:21:56.3951449Z ##[group]Fetching the repository
handle_failure	Run actions/checkout@v4	2026-02-10T16:21:56.3962464Z [command]/usr/bin/git -c protocol.version=2 fetch --no-tags --prune --no-recurse-submodules --depth=1 origin +78391cdb35d7c2a297afc488966eea2bcd97c716:refs/remotes/origin/F3450-modelo-operativo
handle_failure	Run actions/checkout@v4	2026-02-10T16:21:59.2177542Z From https://github.com/Ka0s-Klaus/ka0s
handle_failure	Run actions/checkout@v4	2026-02-10T16:21:59.2179287Z  * [new ref]         78391cdb35d7c2a297afc488966eea2bcd97c716 -> origin/F3450-modelo-operativo
handle_failure	Run actions/checkout@v4	2026-02-10T16:21:59.2250324Z ##[endgroup]
handle_failure	Run actions/checkout@v4	2026-02-10T16:21:59.2250922Z ##[group]Determining the checkout info
handle_failure	Run actions/checkout@v4	2026-02-10T16:21:59.2263360Z ##[endgroup]
handle_failure	Run actions/checkout@v4	2026-02-10T16:21:59.2268253Z [command]/usr/bin/git sparse-checkout disable
handle_failure	Run actions/checkout@v4	2026-02-10T16:21:59.2339375Z [command]/usr/bin/git config --local --unset-all extensions.worktreeConfig
handle_failure	Run actions/checkout@v4	2026-02-10T16:21:59.2398630Z ##[group]Checking out the ref
handle_failure	Run actions/checkout@v4	2026-02-10T16:21:59.2399829Z [command]/usr/bin/git checkout --progress --force -B F3450-modelo-operativo refs/remotes/origin/F3450-modelo-operativo
handle_failure	Run actions/checkout@v4	2026-02-10T16:22:00.3396624Z Updating files:  87% (978/1124)
handle_failure	Run actions/checkout@v4	2026-02-10T16:22:00.4111077Z Updating files:  88% (990/1124)
handle_failure	Run actions/checkout@v4	2026-02-10T16:22:00.4117495Z Updating files:  89% (1001/1124)
handle_failure	Run actions/checkout@v4	2026-02-10T16:22:00.4126144Z Updating files:  90% (1012/1124)
handle_failure	Run actions/checkout@v4	2026-02-10T16:22:00.4137199Z Updating files:  91% (1023/1124)
handle_failure	Run actions/checkout@v4	2026-02-10T16:22:00.4145549Z Updating files:  92% (1035/1124)
handle_failure	Run actions/checkout@v4	2026-02-10T16:22:00.4215122Z Updating files:  93% (1046/1124)
handle_failure	Run actions/checkout@v4	2026-02-10T16:22:00.4221870Z Updating files:  94% (1057/1124)
handle_failure	Run actions/checkout@v4	2026-02-10T16:22:00.4234193Z Updating files:  95% (1068/1124)
handle_failure	Run actions/checkout@v4	2026-02-10T16:22:00.4242907Z Updating files:  96% (1080/1124)
handle_failure	Run actions/checkout@v4	2026-02-10T16:22:00.4251723Z Updating files:  97% (1091/1124)
handle_failure	Run actions/checkout@v4	2026-02-10T16:22:00.4261569Z Updating files:  98% (1102/1124)
handle_failure	Run actions/checkout@v4	2026-02-10T16:22:00.4269118Z Updating files:  99% (1113/1124)
handle_failure	Run actions/checkout@v4	2026-02-10T16:22:00.4274260Z Updating files: 100% (1124/1124)
handle_failure	Run actions/checkout@v4	2026-02-10T16:22:00.4274640Z Updating files: 100% (1124/1124), done.
handle_failure	Run actions/checkout@v4	2026-02-10T16:22:00.4318526Z Switched to a new branch 'F3450-modelo-operativo'
handle_failure	Run actions/checkout@v4	2026-02-10T16:22:00.4324220Z branch 'F3450-modelo-operativo' set up to track 'origin/F3450-modelo-operativo'.
handle_failure	Run actions/checkout@v4	2026-02-10T16:22:00.4482490Z ##[endgroup]
handle_failure	Run actions/checkout@v4	2026-02-10T16:22:00.4539047Z [command]/usr/bin/git log -1 --format=%H
handle_failure	Run actions/checkout@v4	2026-02-10T16:22:00.4572777Z 78391cdb35d7c2a297afc488966eea2bcd97c716
handle_failure	Run /./.github/actions/install-gh-cli	﻿2026-02-10T16:22:00.4927306Z Prepare all required actions
handle_failure	Run /./.github/actions/install-gh-cli	2026-02-10T16:22:00.4983700Z ##[group]Run ./.github/actions/install-gh-cli
handle_failure	Run /./.github/actions/install-gh-cli	2026-02-10T16:22:00.4984038Z env:
handle_failure	Run /./.github/actions/install-gh-cli	2026-02-10T16:22:00.4984228Z   KAOS_MODULE: [Ka0S] YAMLLINT
handle_failure	Run /./.github/actions/install-gh-cli	2026-02-10T16:22:00.4984763Z   GH_TOKEN: ***
handle_failure	Run /./.github/actions/install-gh-cli	2026-02-10T16:22:00.4985048Z   KAOS_YAMLLINT_CONFIG: core/config/kaos-yamllint-config.yaml
handle_failure	Run /./.github/actions/install-gh-cli	2026-02-10T16:22:00.4985455Z   KAOS_PRETTIER_CONFIG: compliance/yaml/.prettierrc.json
handle_failure	Run /./.github/actions/install-gh-cli	2026-02-10T16:22:00.4985788Z   KAOS_PATH_RESUME: audit/yamllint/
handle_failure	Run /./.github/actions/install-gh-cli	2026-02-10T16:22:00.4986065Z   KAOS_REPO: /actions-runner/_work/kaos/kaos
handle_failure	Run /./.github/actions/install-gh-cli	2026-02-10T16:22:00.4986343Z   KAOS_STEP_MODULE: 
handle_failure	Run /./.github/actions/install-gh-cli	2026-02-10T16:22:00.4986552Z   KAOS_CODE: 21871821254
handle_failure	Run /./.github/actions/install-gh-cli	2026-02-10T16:22:00.4986764Z   KAOS_REF_BRANCH: main
handle_failure	Run /./.github/actions/install-gh-cli	2026-02-10T16:22:00.4986970Z ##[endgroup]
handle_failure	Run /./.github/actions/install-gh-cli	2026-02-10T16:22:00.5084989Z ##[group]Run type -p curl >/dev/null || (sudo apt-get update && sudo apt-get install curl -y)
handle_failure	Run /./.github/actions/install-gh-cli	2026-02-10T16:22:00.5085748Z [36;1mtype -p curl >/dev/null || (sudo apt-get update && sudo apt-get install curl -y)[0m
handle_failure	Run /./.github/actions/install-gh-cli	2026-02-10T16:22:00.5086683Z [36;1mcurl -fsSL https://cli.github.com/packages/githubcli-archive-keyring.gpg | sudo dd of=/usr/share/keyrings/githubcli-archive-keyring.gpg \[0m
handle_failure	Run /./.github/actions/install-gh-cli	2026-02-10T16:22:00.5087527Z [36;1m&& sudo chmod go+r /usr/share/keyrings/githubcli-archive-keyring.gpg \[0m
handle_failure	Run /./.github/actions/install-gh-cli	2026-02-10T16:22:00.5088663Z [36;1m&& echo "deb [arch=$(dpkg --print-architecture) signed-by=/usr/share/keyrings/githubcli-archive-keyring.gpg] https://cli.github.com/packages stable main" | sudo tee /etc/apt/sources.list.d/github-cli.list > /dev/null \[0m
handle_failure	Run /./.github/actions/install-gh-cli	2026-02-10T16:22:00.5089700Z [36;1m&& sudo apt-get update \[0m
handle_failure	Run /./.github/actions/install-gh-cli	2026-02-10T16:22:00.5089980Z [36;1m&& sudo apt-get install gh -y[0m
handle_failure	Run /./.github/actions/install-gh-cli	2026-02-10T16:22:00.5108474Z shell: /usr/bin/bash --noprofile --norc -e -o pipefail {0}
handle_failure	Run /./.github/actions/install-gh-cli	2026-02-10T16:22:00.5108857Z env:
handle_failure	Run /./.github/actions/install-gh-cli	2026-02-10T16:22:00.5109055Z   KAOS_MODULE: [Ka0S] YAMLLINT
handle_failure	Run /./.github/actions/install-gh-cli	2026-02-10T16:22:00.5109553Z   GH_TOKEN: ***
handle_failure	Run /./.github/actions/install-gh-cli	2026-02-10T16:22:00.5109828Z   KAOS_YAMLLINT_CONFIG: core/config/kaos-yamllint-config.yaml
handle_failure	Run /./.github/actions/install-gh-cli	2026-02-10T16:22:00.5110690Z   KAOS_PRETTIER_CONFIG: compliance/yaml/.prettierrc.json
handle_failure	Run /./.github/actions/install-gh-cli	2026-02-10T16:22:00.5111058Z   KAOS_PATH_RESUME: audit/yamllint/
handle_failure	Run /./.github/actions/install-gh-cli	2026-02-10T16:22:00.5111463Z   KAOS_REPO: /actions-runner/_work/kaos/kaos
handle_failure	Run /./.github/actions/install-gh-cli	2026-02-10T16:22:00.5111740Z   KAOS_STEP_MODULE: 
handle_failure	Run /./.github/actions/install-gh-cli	2026-02-10T16:22:00.5111945Z   KAOS_CODE: 21871821254
handle_failure	Run /./.github/actions/install-gh-cli	2026-02-10T16:22:00.5112155Z   KAOS_REF_BRANCH: main
handle_failure	Run /./.github/actions/install-gh-cli	2026-02-10T16:22:00.5112363Z ##[endgroup]
handle_failure	Run /./.github/actions/install-gh-cli	2026-02-10T16:22:00.5900799Z 4+1 records in
handle_failure	Run /./.github/actions/install-gh-cli	2026-02-10T16:22:00.5901106Z 4+1 records out
handle_failure	Run /./.github/actions/install-gh-cli	2026-02-10T16:22:00.5901399Z 2270 bytes (2.3 kB, 2.2 KiB) copied, 0.0228727 s, 99.2 kB/s
handle_failure	Run /./.github/actions/install-gh-cli	2026-02-10T16:22:00.7781061Z Get:1 https://cli.github.com/packages stable InRelease [3917 B]
handle_failure	Run /./.github/actions/install-gh-cli	2026-02-10T16:22:00.8032754Z Get:2 http://archive.ubuntu.com/ubuntu noble InRelease [256 kB]
handle_failure	Run /./.github/actions/install-gh-cli	2026-02-10T16:22:00.8085968Z Get:3 http://security.ubuntu.com/ubuntu noble-security InRelease [126 kB]
handle_failure	Run /./.github/actions/install-gh-cli	2026-02-10T16:22:00.8662039Z Get:4 https://cli.github.com/packages stable/main amd64 Packages [356 B]
handle_failure	Run /./.github/actions/install-gh-cli	2026-02-10T16:22:00.9491904Z Get:5 https://ppa.launchpadcontent.net/git-core/ppa/ubuntu noble InRelease [24.3 kB]
handle_failure	Run /./.github/actions/install-gh-cli	2026-02-10T16:22:00.9615285Z Get:6 http://archive.ubuntu.com/ubuntu noble-updates InRelease [126 kB]
handle_failure	Run /./.github/actions/install-gh-cli	2026-02-10T16:22:00.9990669Z Get:7 http://archive.ubuntu.com/ubuntu noble-backports InRelease [126 kB]
handle_failure	Run /./.github/actions/install-gh-cli	2026-02-10T16:22:01.0231269Z Get:8 http://security.ubuntu.com/ubuntu noble-security/restricted amd64 Packages [3106 kB]
handle_failure	Run /./.github/actions/install-gh-cli	2026-02-10T16:22:01.1272226Z Get:9 http://archive.ubuntu.com/ubuntu noble/universe amd64 Packages [19.3 MB]
handle_failure	Run /./.github/actions/install-gh-cli	2026-02-10T16:22:01.2063819Z Get:10 http://security.ubuntu.com/ubuntu noble-security/multiverse amd64 Packages [34.8 kB]
handle_failure	Run /./.github/actions/install-gh-cli	2026-02-10T16:22:01.2109190Z Get:11 http://security.ubuntu.com/ubuntu noble-security/main amd64 Packages [1822 kB]
handle_failure	Run /./.github/actions/install-gh-cli	2026-02-10T16:22:01.2423762Z Get:12 http://security.ubuntu.com/ubuntu noble-security/universe amd64 Packages [1199 kB]
handle_failure	Run /./.github/actions/install-gh-cli	2026-02-10T16:22:01.2494546Z Get:13 https://ppa.launchpadcontent.net/git-core/ppa/ubuntu noble/main amd64 Packages [2994 B]
handle_failure	Run /./.github/actions/install-gh-cli	2026-02-10T16:22:01.6851520Z Get:14 http://archive.ubuntu.com/ubuntu noble/multiverse amd64 Packages [331 kB]
handle_failure	Run /./.github/actions/install-gh-cli	2026-02-10T16:22:01.7060786Z Get:15 http://archive.ubuntu.com/ubuntu noble/main amd64 Packages [1808 kB]
handle_failure	Run /./.github/actions/install-gh-cli	2026-02-10T16:22:01.7692918Z Get:16 http://archive.ubuntu.com/ubuntu noble/restricted amd64 Packages [117 kB]
handle_failure	Run /./.github/actions/install-gh-cli	2026-02-10T16:22:01.7694120Z Get:17 http://archive.ubuntu.com/ubuntu noble-updates/universe amd64 Packages [1978 kB]
handle_failure	Run /./.github/actions/install-gh-cli	2026-02-10T16:22:01.7910608Z Get:18 http://archive.ubuntu.com/ubuntu noble-updates/main amd64 Packages [2201 kB]
handle_failure	Run /./.github/actions/install-gh-cli	2026-02-10T16:22:01.8052873Z Get:19 http://archive.ubuntu.com/ubuntu noble-updates/restricted amd64 Packages [3287 kB]
handle_failure	Run /./.github/actions/install-gh-cli	2026-02-10T16:22:01.8407319Z Get:20 http://archive.ubuntu.com/ubuntu noble-updates/multiverse amd64 Packages [38.1 kB]
handle_failure	Run /./.github/actions/install-gh-cli	2026-02-10T16:22:01.8422756Z Get:21 http://archive.ubuntu.com/ubuntu noble-backports/universe amd64 Packages [34.6 kB]
handle_failure	Run /./.github/actions/install-gh-cli	2026-02-10T16:22:01.8432009Z Get:22 http://archive.ubuntu.com/ubuntu noble-backports/main amd64 Packages [49.5 kB]
handle_failure	Run /./.github/actions/install-gh-cli	2026-02-10T16:22:03.0259917Z Fetched 36.0 MB in 2s (15.7 MB/s)
handle_failure	Run /./.github/actions/install-gh-cli	2026-02-10T16:22:04.0481065Z Reading package lists...
handle_failure	Run /./.github/actions/install-gh-cli	2026-02-10T16:22:05.0792697Z Reading package lists...
handle_failure	Run /./.github/actions/install-gh-cli	2026-02-10T16:22:05.3291220Z Building dependency tree...
handle_failure	Run /./.github/actions/install-gh-cli	2026-02-10T16:22:05.3291911Z Reading state information...
handle_failure	Run /./.github/actions/install-gh-cli	2026-02-10T16:22:05.8028802Z The following NEW packages will be installed:
handle_failure	Run /./.github/actions/install-gh-cli	2026-02-10T16:22:05.8052324Z   gh
handle_failure	Run /./.github/actions/install-gh-cli	2026-02-10T16:22:05.9132517Z 0 upgraded, 1 newly installed, 0 to remove and 18 not upgraded.
handle_failure	Run /./.github/actions/install-gh-cli	2026-02-10T16:22:05.9133236Z Need to get 13.7 MB of archives.
handle_failure	Run /./.github/actions/install-gh-cli	2026-02-10T16:22:05.9133653Z After this operation, 37.9 MB of additional disk space will be used.
handle_failure	Run /./.github/actions/install-gh-cli	2026-02-10T16:22:05.9134276Z Get:1 https://cli.github.com/packages stable/main amd64 gh amd64 2.86.0 [13.7 MB]
handle_failure	Run /./.github/actions/install-gh-cli	2026-02-10T16:22:06.7566188Z debconf: delaying package configuration, since apt-utils is not installed
handle_failure	Run /./.github/actions/install-gh-cli	2026-02-10T16:22:06.8233318Z Fetched 13.7 MB in 1s (27.0 MB/s)
handle_failure	Run /./.github/actions/install-gh-cli	2026-02-10T16:22:06.8947941Z Selecting previously unselected package gh.
handle_failure	Run /./.github/actions/install-gh-cli	2026-02-10T16:22:06.8988061Z (Reading database ... 
handle_failure	Run /./.github/actions/install-gh-cli	2026-02-10T16:22:06.8988411Z (Reading database ... 5%
handle_failure	Run /./.github/actions/install-gh-cli	2026-02-10T16:22:06.8988927Z (Reading database ... 10%
handle_failure	Run /./.github/actions/install-gh-cli	2026-02-10T16:22:06.8989182Z (Reading database ... 15%
handle_failure	Run /./.github/actions/install-gh-cli	2026-02-10T16:22:06.8989506Z (Reading database ... 20%
handle_failure	Run /./.github/actions/install-gh-cli	2026-02-10T16:22:06.8989743Z (Reading database ... 25%
handle_failure	Run /./.github/actions/install-gh-cli	2026-02-10T16:22:06.8989999Z (Reading database ... 30%
handle_failure	Run /./.github/actions/install-gh-cli	2026-02-10T16:22:06.8991431Z (Reading database ... 35%
handle_failure	Run /./.github/actions/install-gh-cli	2026-02-10T16:22:06.8991792Z (Reading database ... 40%
handle_failure	Run /./.github/actions/install-gh-cli	2026-02-10T16:22:06.8992013Z (Reading database ... 45%
handle_failure	Run /./.github/actions/install-gh-cli	2026-02-10T16:22:06.8992235Z (Reading database ... 50%
handle_failure	Run /./.github/actions/install-gh-cli	2026-02-10T16:22:06.8992452Z (Reading database ... 55%
handle_failure	Run /./.github/actions/install-gh-cli	2026-02-10T16:22:06.8992675Z (Reading database ... 60%
handle_failure	Run /./.github/actions/install-gh-cli	2026-02-10T16:22:06.8995551Z (Reading database ... 65%
handle_failure	Run /./.github/actions/install-gh-cli	2026-02-10T16:22:06.9017139Z (Reading database ... 70%
handle_failure	Run /./.github/actions/install-gh-cli	2026-02-10T16:22:06.9023889Z (Reading database ... 75%
handle_failure	Run /./.github/actions/install-gh-cli	2026-02-10T16:22:06.9038614Z (Reading database ... 80%
handle_failure	Run /./.github/actions/install-gh-cli	2026-02-10T16:22:06.9043343Z (Reading database ... 85%
handle_failure	Run /./.github/actions/install-gh-cli	2026-02-10T16:22:06.9055462Z (Reading database ... 90%
handle_failure	Run /./.github/actions/install-gh-cli	2026-02-10T16:22:06.9078405Z (Reading database ... 95%
handle_failure	Run /./.github/actions/install-gh-cli	2026-02-10T16:22:06.9078746Z (Reading database ... 100%
handle_failure	Run /./.github/actions/install-gh-cli	2026-02-10T16:22:06.9079215Z (Reading database ... 14385 files and directories currently installed.)
handle_failure	Run /./.github/actions/install-gh-cli	2026-02-10T16:22:06.9087186Z Preparing to unpack .../archives/gh_2.86.0_amd64.deb ...
handle_failure	Run /./.github/actions/install-gh-cli	2026-02-10T16:22:06.9197259Z Unpacking gh (2.86.0) ...
handle_failure	Run /./.github/actions/install-gh-cli	2026-02-10T16:22:07.2404164Z Setting up gh (2.86.0) ...
handle_failure	Notify Failure	﻿2026-02-10T16:22:07.3427479Z ##[group]Run gh issue create --title "[Ka0S] YAMLLINT Error in 21871821254" --label "bug" --body "Check logs: https://github.com/Ka0s-Klaus/ka0s/actions/runs/21871821254"
handle_failure	Notify Failure	2026-02-10T16:22:07.3428728Z [36;1mgh issue create --title "[Ka0S] YAMLLINT Error in 21871821254" --label "bug" --body "Check logs: https://github.com/Ka0s-Klaus/ka0s/actions/runs/21871821254"[0m
handle_failure	Notify Failure	2026-02-10T16:22:07.3429553Z [36;1mRNNUMBER=$(echo "refs/heads/F3450-modelo-operativo" | grep -o '[0-9]*')[0m
handle_failure	Notify Failure	2026-02-10T16:22:07.3430917Z [36;1mgh issue comment $RNNUMBER --body "❌ El proceso de Compliance YAML ha fallado 21871821254."[0m
handle_failure	Notify Failure	2026-02-10T16:22:07.3445460Z shell: /usr/bin/bash -e {0}
handle_failure	Notify Failure	2026-02-10T16:22:07.3445724Z env:
handle_failure	Notify Failure	2026-02-10T16:22:07.3445918Z   KAOS_MODULE: [Ka0S] YAMLLINT
handle_failure	Notify Failure	2026-02-10T16:22:07.3446496Z   GH_TOKEN: ***
handle_failure	Notify Failure	2026-02-10T16:22:07.3446785Z   KAOS_YAMLLINT_CONFIG: core/config/kaos-yamllint-config.yaml
handle_failure	Notify Failure	2026-02-10T16:22:07.3447220Z   KAOS_PRETTIER_CONFIG: compliance/yaml/.prettierrc.json
handle_failure	Notify Failure	2026-02-10T16:22:07.3447564Z   KAOS_PATH_RESUME: audit/yamllint/
handle_failure	Notify Failure	2026-02-10T16:22:07.3447890Z   KAOS_REPO: /actions-runner/_work/kaos/kaos
handle_failure	Notify Failure	2026-02-10T16:22:07.3448173Z   KAOS_STEP_MODULE: 
handle_failure	Notify Failure	2026-02-10T16:22:07.3448383Z   KAOS_CODE: 21871821254
handle_failure	Notify Failure	2026-02-10T16:22:07.3448599Z   KAOS_REF_BRANCH: main
handle_failure	Notify Failure	2026-02-10T16:22:07.3448815Z ##[endgroup]
handle_failure	Notify Failure	2026-02-10T16:22:09.4004329Z https://github.com/Ka0s-Klaus/ka0s/issues/3524
handle_failure	Notify Failure	2026-02-10T16:22:10.6636922Z https://github.com/Ka0s-Klaus/ka0s/issues/3450#issuecomment-3879047235
handle_failure	Post Run actions/checkout@v4	﻿2026-02-10T16:22:10.6831257Z Post job cleanup.
handle_failure	Post Run actions/checkout@v4	2026-02-10T16:22:10.7947257Z [command]/usr/bin/git version
handle_failure	Post Run actions/checkout@v4	2026-02-10T16:22:10.7993806Z git version 2.52.0
handle_failure	Post Run actions/checkout@v4	2026-02-10T16:22:10.8045631Z Temporarily overriding HOME='/home/runner/_work/_temp/47736b5d-6f6e-4823-bf6d-3f7844e1c4f4' before making global git config changes
handle_failure	Post Run actions/checkout@v4	2026-02-10T16:22:10.8047716Z Adding repository directory to the temporary git global config as a safe directory
handle_failure	Post Run actions/checkout@v4	2026-02-10T16:22:10.8053224Z [command]/usr/bin/git config --global --add safe.directory /home/runner/_work/ka0s/ka0s
handle_failure	Post Run actions/checkout@v4	2026-02-10T16:22:10.8115253Z [command]/usr/bin/git config --local --name-only --get-regexp core\.sshCommand
handle_failure	Post Run actions/checkout@v4	2026-02-10T16:22:10.8171839Z [command]/usr/bin/git submodule foreach --recursive sh -c "git config --local --name-only --get-regexp 'core\.sshCommand' && git config --local --unset-all 'core.sshCommand' || :"
handle_failure	Post Run actions/checkout@v4	2026-02-10T16:22:10.8530684Z [command]/usr/bin/git config --local --name-only --get-regexp http\.https\:\/\/github\.com\/\.extraheader
handle_failure	Post Run actions/checkout@v4	2026-02-10T16:22:10.8562100Z http.https://github.com/.extraheader
handle_failure	Post Run actions/checkout@v4	2026-02-10T16:22:10.8579215Z [command]/usr/bin/git config --local --unset-all http.https://github.com/.extraheader
handle_failure	Post Run actions/checkout@v4	2026-02-10T16:22:10.8623932Z [command]/usr/bin/git submodule foreach --recursive sh -c "git config --local --name-only --get-regexp 'http\.https\:\/\/github\.com\/\.extraheader' && git config --local --unset-all 'http.https://github.com/.extraheader' || :"
handle_failure	Post Run actions/checkout@v4	2026-02-10T16:22:10.9016744Z [command]/usr/bin/git config --local --name-only --get-regexp ^includeIf\.gitdir:
handle_failure	Post Run actions/checkout@v4	2026-02-10T16:22:10.9074027Z [command]/usr/bin/git submodule foreach --recursive git config --local --show-origin --name-only --get-regexp remote.origin.url
handle_failure	Complete job	﻿2026-02-10T16:22:10.9679970Z Cleaning up orphan processes
end-workflow	Set up job	﻿2026-02-10T16:22:38.9935389Z Current runner version: '2.331.0'
end-workflow	Set up job	2026-02-10T16:22:38.9945456Z Runner name: 'swarm-runners-scaleset-hkss5-runner-jn77x'
end-workflow	Set up job	2026-02-10T16:22:38.9946459Z Runner group name: 'Default'
end-workflow	Set up job	2026-02-10T16:22:38.9947772Z Machine name: 'swarm-runners-scaleset-hkss5-runner-jn77x'
end-workflow	Set up job	2026-02-10T16:22:38.9951759Z ##[group]GITHUB_TOKEN Permissions
end-workflow	Set up job	2026-02-10T16:22:38.9954582Z Actions: write
end-workflow	Set up job	2026-02-10T16:22:38.9955284Z Contents: write
end-workflow	Set up job	2026-02-10T16:22:38.9955836Z Issues: write
end-workflow	Set up job	2026-02-10T16:22:38.9956408Z Metadata: read
end-workflow	Set up job	2026-02-10T16:22:38.9957002Z PullRequests: write
end-workflow	Set up job	2026-02-10T16:22:38.9957545Z ##[endgroup]
end-workflow	Set up job	2026-02-10T16:22:38.9959744Z Secret source: Actions
end-workflow	Set up job	2026-02-10T16:22:38.9960882Z Prepare workflow directory
end-workflow	Set up job	2026-02-10T16:22:39.0519414Z Prepare all required actions
end-workflow	Set up job	2026-02-10T16:22:39.0562433Z Getting action download info
end-workflow	Set up job	2026-02-10T16:22:39.7486800Z Download action repository 'actions/checkout@v4' (SHA:34e114876b0b11c390a56381ad16ebd13914f8d5)
end-workflow	Set up job	2026-02-10T16:22:40.7697425Z Complete job name: end-workflow
end-workflow	Run actions/checkout@v4	﻿2026-02-10T16:22:40.8358073Z ##[group]Run actions/checkout@v4
end-workflow	Run actions/checkout@v4	2026-02-10T16:22:40.8359078Z with:
end-workflow	Run actions/checkout@v4	2026-02-10T16:22:40.8359557Z   repository: Ka0s-Klaus/ka0s
end-workflow	Run actions/checkout@v4	2026-02-10T16:22:40.8360795Z   token: ***
end-workflow	Run actions/checkout@v4	2026-02-10T16:22:40.8361260Z   ssh-strict: true
end-workflow	Run actions/checkout@v4	2026-02-10T16:22:40.8361716Z   ssh-user: git
end-workflow	Run actions/checkout@v4	2026-02-10T16:22:40.8362188Z   persist-credentials: true
end-workflow	Run actions/checkout@v4	2026-02-10T16:22:40.8362707Z   clean: true
end-workflow	Run actions/checkout@v4	2026-02-10T16:22:40.8363181Z   sparse-checkout-cone-mode: true
end-workflow	Run actions/checkout@v4	2026-02-10T16:22:40.8363741Z   fetch-depth: 1
end-workflow	Run actions/checkout@v4	2026-02-10T16:22:40.8364188Z   fetch-tags: false
end-workflow	Run actions/checkout@v4	2026-02-10T16:22:40.8364664Z   show-progress: true
end-workflow	Run actions/checkout@v4	2026-02-10T16:22:40.8365146Z   lfs: false
end-workflow	Run actions/checkout@v4	2026-02-10T16:22:40.8365573Z   submodules: false
end-workflow	Run actions/checkout@v4	2026-02-10T16:22:40.8366074Z   set-safe-directory: true
end-workflow	Run actions/checkout@v4	2026-02-10T16:22:40.8366945Z env:
end-workflow	Run actions/checkout@v4	2026-02-10T16:22:40.8367400Z   KAOS_MODULE: [Ka0S] YAMLLINT
end-workflow	Run actions/checkout@v4	2026-02-10T16:22:40.8368092Z   GH_TOKEN: ***
end-workflow	Run actions/checkout@v4	2026-02-10T16:22:40.8368682Z   KAOS_YAMLLINT_CONFIG: core/config/kaos-yamllint-config.yaml
end-workflow	Run actions/checkout@v4	2026-02-10T16:22:40.8369506Z   KAOS_PRETTIER_CONFIG: compliance/yaml/.prettierrc.json
end-workflow	Run actions/checkout@v4	2026-02-10T16:22:40.8370653Z   KAOS_PATH_RESUME: audit/yamllint/
end-workflow	Run actions/checkout@v4	2026-02-10T16:22:40.8371550Z   KAOS_REPO: /actions-runner/_work/kaos/kaos
end-workflow	Run actions/checkout@v4	2026-02-10T16:22:40.8372147Z   KAOS_STEP_MODULE: 
end-workflow	Run actions/checkout@v4	2026-02-10T16:22:40.8372603Z   KAOS_CODE: 21871821254
end-workflow	Run actions/checkout@v4	2026-02-10T16:22:40.8373086Z   KAOS_REF_BRANCH: main
end-workflow	Run actions/checkout@v4	2026-02-10T16:22:40.8373556Z ##[endgroup]
end-workflow	Run actions/checkout@v4	2026-02-10T16:22:40.9665434Z Syncing repository: Ka0s-Klaus/ka0s
end-workflow	Run actions/checkout@v4	2026-02-10T16:22:40.9667800Z ##[group]Getting Git version info
end-workflow	Run actions/checkout@v4	2026-02-10T16:22:40.9668641Z Working directory is '/home/runner/_work/ka0s/ka0s'
end-workflow	Run actions/checkout@v4	2026-02-10T16:22:40.9669751Z [command]/usr/bin/git version
end-workflow	Run actions/checkout@v4	2026-02-10T16:22:40.9671685Z git version 2.52.0
end-workflow	Run actions/checkout@v4	2026-02-10T16:22:40.9698083Z ##[endgroup]
end-workflow	Run actions/checkout@v4	2026-02-10T16:22:40.9737647Z Temporarily overriding HOME='/home/runner/_work/_temp/ffd141e2-0e8a-4d2e-8f5c-a754ad015b80' before making global git config changes
end-workflow	Run actions/checkout@v4	2026-02-10T16:22:40.9739592Z Adding repository directory to the temporary git global config as a safe directory
end-workflow	Run actions/checkout@v4	2026-02-10T16:22:40.9741070Z [command]/usr/bin/git config --global --add safe.directory /home/runner/_work/ka0s/ka0s
end-workflow	Run actions/checkout@v4	2026-02-10T16:22:40.9776417Z Deleting the contents of '/home/runner/_work/ka0s/ka0s'
end-workflow	Run actions/checkout@v4	2026-02-10T16:22:40.9782020Z ##[group]Initializing the repository
end-workflow	Run actions/checkout@v4	2026-02-10T16:22:40.9797798Z [command]/usr/bin/git init /home/runner/_work/ka0s/ka0s
end-workflow	Run actions/checkout@v4	2026-02-10T16:22:40.9863045Z hint: Using 'master' as the name for the initial branch. This default branch name
end-workflow	Run actions/checkout@v4	2026-02-10T16:22:40.9866860Z hint: will change to "main" in Git 3.0. To configure the initial branch name
end-workflow	Run actions/checkout@v4	2026-02-10T16:22:40.9868056Z hint: to use in all of your new repositories, which will suppress this warning,
end-workflow	Run actions/checkout@v4	2026-02-10T16:22:40.9869186Z hint: call:
end-workflow	Run actions/checkout@v4	2026-02-10T16:22:40.9869634Z hint:
end-workflow	Run actions/checkout@v4	2026-02-10T16:22:40.9870428Z hint: 	git config --global init.defaultBranch <name>
end-workflow	Run actions/checkout@v4	2026-02-10T16:22:40.9871250Z hint:
end-workflow	Run actions/checkout@v4	2026-02-10T16:22:40.9871878Z hint: Names commonly chosen instead of 'master' are 'main', 'trunk' and
end-workflow	Run actions/checkout@v4	2026-02-10T16:22:40.9872904Z hint: 'development'. The just-created branch can be renamed via this command:
end-workflow	Run actions/checkout@v4	2026-02-10T16:22:40.9874754Z hint:
end-workflow	Run actions/checkout@v4	2026-02-10T16:22:40.9875205Z hint: 	git branch -m <name>
end-workflow	Run actions/checkout@v4	2026-02-10T16:22:40.9875840Z hint:
end-workflow	Run actions/checkout@v4	2026-02-10T16:22:40.9876643Z hint: Disable this message with "git config set advice.defaultBranchName false"
end-workflow	Run actions/checkout@v4	2026-02-10T16:22:40.9877985Z Initialized empty Git repository in /home/runner/_work/ka0s/ka0s/.git/
end-workflow	Run actions/checkout@v4	2026-02-10T16:22:40.9879953Z [command]/usr/bin/git remote add origin https://github.com/Ka0s-Klaus/ka0s
end-workflow	Run actions/checkout@v4	2026-02-10T16:22:40.9923964Z ##[endgroup]
end-workflow	Run actions/checkout@v4	2026-02-10T16:22:40.9924904Z ##[group]Disabling automatic garbage collection
end-workflow	Run actions/checkout@v4	2026-02-10T16:22:40.9927686Z [command]/usr/bin/git config --local gc.auto 0
end-workflow	Run actions/checkout@v4	2026-02-10T16:22:40.9972617Z ##[endgroup]
end-workflow	Run actions/checkout@v4	2026-02-10T16:22:40.9973597Z ##[group]Setting up auth
end-workflow	Run actions/checkout@v4	2026-02-10T16:22:40.9977940Z [command]/usr/bin/git config --local --name-only --get-regexp core\.sshCommand
end-workflow	Run actions/checkout@v4	2026-02-10T16:22:41.0036634Z [command]/usr/bin/git submodule foreach --recursive sh -c "git config --local --name-only --get-regexp 'core\.sshCommand' && git config --local --unset-all 'core.sshCommand' || :"
end-workflow	Run actions/checkout@v4	2026-02-10T16:22:41.0386451Z [command]/usr/bin/git config --local --name-only --get-regexp http\.https\:\/\/github\.com\/\.extraheader
end-workflow	Run actions/checkout@v4	2026-02-10T16:22:41.0429427Z [command]/usr/bin/git submodule foreach --recursive sh -c "git config --local --name-only --get-regexp 'http\.https\:\/\/github\.com\/\.extraheader' && git config --local --unset-all 'http.https://github.com/.extraheader' || :"
end-workflow	Run actions/checkout@v4	2026-02-10T16:22:41.0764334Z [command]/usr/bin/git config --local --name-only --get-regexp ^includeIf\.gitdir:
end-workflow	Run actions/checkout@v4	2026-02-10T16:22:41.0808331Z [command]/usr/bin/git submodule foreach --recursive git config --local --show-origin --name-only --get-regexp remote.origin.url
end-workflow	Run actions/checkout@v4	2026-02-10T16:22:41.1163187Z [command]/usr/bin/git config --local http.https://github.com/.extraheader AUTHORIZATION: basic ***
end-workflow	Run actions/checkout@v4	2026-02-10T16:22:41.1302432Z ##[endgroup]
end-workflow	Run actions/checkout@v4	2026-02-10T16:22:41.1303370Z ##[group]Fetching the repository
end-workflow	Run actions/checkout@v4	2026-02-10T16:22:41.1325898Z [command]/usr/bin/git -c protocol.version=2 fetch --no-tags --prune --no-recurse-submodules --depth=1 origin +78391cdb35d7c2a297afc488966eea2bcd97c716:refs/remotes/origin/F3450-modelo-operativo
end-workflow	Run actions/checkout@v4	2026-02-10T16:22:44.4263724Z From https://github.com/Ka0s-Klaus/ka0s
end-workflow	Run actions/checkout@v4	2026-02-10T16:22:44.4267115Z  * [new ref]         78391cdb35d7c2a297afc488966eea2bcd97c716 -> origin/F3450-modelo-operativo
end-workflow	Run actions/checkout@v4	2026-02-10T16:22:44.4323781Z ##[endgroup]
end-workflow	Run actions/checkout@v4	2026-02-10T16:22:44.4325636Z ##[group]Determining the checkout info
end-workflow	Run actions/checkout@v4	2026-02-10T16:22:44.4327739Z ##[endgroup]
end-workflow	Run actions/checkout@v4	2026-02-10T16:22:44.4330409Z [command]/usr/bin/git sparse-checkout disable
end-workflow	Run actions/checkout@v4	2026-02-10T16:22:44.4406911Z [command]/usr/bin/git config --local --unset-all extensions.worktreeConfig
end-workflow	Run actions/checkout@v4	2026-02-10T16:22:44.4460735Z ##[group]Checking out the ref
end-workflow	Run actions/checkout@v4	2026-02-10T16:22:44.4465540Z [command]/usr/bin/git checkout --progress --force -B F3450-modelo-operativo refs/remotes/origin/F3450-modelo-operativo
end-workflow	Run actions/checkout@v4	2026-02-10T16:22:45.5191885Z Updating files:  87% (982/1124)
end-workflow	Run actions/checkout@v4	2026-02-10T16:22:45.5905433Z Updating files:  88% (990/1124)
end-workflow	Run actions/checkout@v4	2026-02-10T16:22:45.5913572Z Updating files:  89% (1001/1124)
end-workflow	Run actions/checkout@v4	2026-02-10T16:22:45.5932835Z Updating files:  90% (1012/1124)
end-workflow	Run actions/checkout@v4	2026-02-10T16:22:45.5941801Z Updating files:  91% (1023/1124)
end-workflow	Run actions/checkout@v4	2026-02-10T16:22:45.5947595Z Updating files:  92% (1035/1124)
end-workflow	Run actions/checkout@v4	2026-02-10T16:22:45.6011955Z Updating files:  93% (1046/1124)
end-workflow	Run actions/checkout@v4	2026-02-10T16:22:45.6018060Z Updating files:  94% (1057/1124)
end-workflow	Run actions/checkout@v4	2026-02-10T16:22:45.6030463Z Updating files:  95% (1068/1124)
end-workflow	Run actions/checkout@v4	2026-02-10T16:22:45.6041754Z Updating files:  96% (1080/1124)
end-workflow	Run actions/checkout@v4	2026-02-10T16:22:45.6047988Z Updating files:  97% (1091/1124)
end-workflow	Run actions/checkout@v4	2026-02-10T16:22:45.6057109Z Updating files:  98% (1102/1124)
end-workflow	Run actions/checkout@v4	2026-02-10T16:22:45.6065477Z Updating files:  99% (1113/1124)
end-workflow	Run actions/checkout@v4	2026-02-10T16:22:45.6066146Z Updating files: 100% (1124/1124)
end-workflow	Run actions/checkout@v4	2026-02-10T16:22:45.6067333Z Updating files: 100% (1124/1124), done.
end-workflow	Run actions/checkout@v4	2026-02-10T16:22:45.6114373Z Switched to a new branch 'F3450-modelo-operativo'
end-workflow	Run actions/checkout@v4	2026-02-10T16:22:45.6119426Z branch 'F3450-modelo-operativo' set up to track 'origin/F3450-modelo-operativo'.
end-workflow	Run actions/checkout@v4	2026-02-10T16:22:45.6275292Z ##[endgroup]
end-workflow	Run actions/checkout@v4	2026-02-10T16:22:45.6327266Z [command]/usr/bin/git log -1 --format=%H
end-workflow	Run actions/checkout@v4	2026-02-10T16:22:45.6361212Z 78391cdb35d7c2a297afc488966eea2bcd97c716
end-workflow	Run /./.github/actions/install-gh-cli	﻿2026-02-10T16:22:45.6726244Z Prepare all required actions
end-workflow	Run /./.github/actions/install-gh-cli	2026-02-10T16:22:45.6780388Z ##[group]Run ./.github/actions/install-gh-cli
end-workflow	Run /./.github/actions/install-gh-cli	2026-02-10T16:22:45.6780732Z env:
end-workflow	Run /./.github/actions/install-gh-cli	2026-02-10T16:22:45.6780919Z   KAOS_MODULE: [Ka0S] YAMLLINT
end-workflow	Run /./.github/actions/install-gh-cli	2026-02-10T16:22:45.6781474Z   GH_TOKEN: ***
end-workflow	Run /./.github/actions/install-gh-cli	2026-02-10T16:22:45.6781764Z   KAOS_YAMLLINT_CONFIG: core/config/kaos-yamllint-config.yaml
end-workflow	Run /./.github/actions/install-gh-cli	2026-02-10T16:22:45.6782186Z   KAOS_PRETTIER_CONFIG: compliance/yaml/.prettierrc.json
end-workflow	Run /./.github/actions/install-gh-cli	2026-02-10T16:22:45.6782526Z   KAOS_PATH_RESUME: audit/yamllint/
end-workflow	Run /./.github/actions/install-gh-cli	2026-02-10T16:22:45.6782812Z   KAOS_REPO: /actions-runner/_work/kaos/kaos
end-workflow	Run /./.github/actions/install-gh-cli	2026-02-10T16:22:45.6783097Z   KAOS_STEP_MODULE: 
end-workflow	Run /./.github/actions/install-gh-cli	2026-02-10T16:22:45.6783307Z   KAOS_CODE: 21871821254
end-workflow	Run /./.github/actions/install-gh-cli	2026-02-10T16:22:45.6783522Z   KAOS_REF_BRANCH: main
end-workflow	Run /./.github/actions/install-gh-cli	2026-02-10T16:22:45.6783734Z ##[endgroup]
end-workflow	Run /./.github/actions/install-gh-cli	2026-02-10T16:22:45.6882922Z ##[group]Run type -p curl >/dev/null || (sudo apt-get update && sudo apt-get install curl -y)
end-workflow	Run /./.github/actions/install-gh-cli	2026-02-10T16:22:45.6883696Z [36;1mtype -p curl >/dev/null || (sudo apt-get update && sudo apt-get install curl -y)[0m
end-workflow	Run /./.github/actions/install-gh-cli	2026-02-10T16:22:45.6884629Z [36;1mcurl -fsSL https://cli.github.com/packages/githubcli-archive-keyring.gpg | sudo dd of=/usr/share/keyrings/githubcli-archive-keyring.gpg \[0m
end-workflow	Run /./.github/actions/install-gh-cli	2026-02-10T16:22:45.6885462Z [36;1m&& sudo chmod go+r /usr/share/keyrings/githubcli-archive-keyring.gpg \[0m
end-workflow	Run /./.github/actions/install-gh-cli	2026-02-10T16:22:45.6886579Z [36;1m&& echo "deb [arch=$(dpkg --print-architecture) signed-by=/usr/share/keyrings/githubcli-archive-keyring.gpg] https://cli.github.com/packages stable main" | sudo tee /etc/apt/sources.list.d/github-cli.list > /dev/null \[0m
end-workflow	Run /./.github/actions/install-gh-cli	2026-02-10T16:22:45.6887602Z [36;1m&& sudo apt-get update \[0m
end-workflow	Run /./.github/actions/install-gh-cli	2026-02-10T16:22:45.6887875Z [36;1m&& sudo apt-get install gh -y[0m
end-workflow	Run /./.github/actions/install-gh-cli	2026-02-10T16:22:45.6906075Z shell: /usr/bin/bash --noprofile --norc -e -o pipefail {0}
end-workflow	Run /./.github/actions/install-gh-cli	2026-02-10T16:22:45.6906575Z env:
end-workflow	Run /./.github/actions/install-gh-cli	2026-02-10T16:22:45.6906764Z   KAOS_MODULE: [Ka0S] YAMLLINT
end-workflow	Run /./.github/actions/install-gh-cli	2026-02-10T16:22:45.6907290Z   GH_TOKEN: ***
end-workflow	Run /./.github/actions/install-gh-cli	2026-02-10T16:22:45.6907571Z   KAOS_YAMLLINT_CONFIG: core/config/kaos-yamllint-config.yaml
end-workflow	Run /./.github/actions/install-gh-cli	2026-02-10T16:22:45.6907987Z   KAOS_PRETTIER_CONFIG: compliance/yaml/.prettierrc.json
end-workflow	Run /./.github/actions/install-gh-cli	2026-02-10T16:22:45.6908335Z   KAOS_PATH_RESUME: audit/yamllint/
end-workflow	Run /./.github/actions/install-gh-cli	2026-02-10T16:22:45.6908617Z   KAOS_REPO: /actions-runner/_work/kaos/kaos
end-workflow	Run /./.github/actions/install-gh-cli	2026-02-10T16:22:45.6908894Z   KAOS_STEP_MODULE: 
end-workflow	Run /./.github/actions/install-gh-cli	2026-02-10T16:22:45.6909099Z   KAOS_CODE: 21871821254
end-workflow	Run /./.github/actions/install-gh-cli	2026-02-10T16:22:45.6909308Z   KAOS_REF_BRANCH: main
end-workflow	Run /./.github/actions/install-gh-cli	2026-02-10T16:22:45.6909515Z ##[endgroup]
end-workflow	Run /./.github/actions/install-gh-cli	2026-02-10T16:22:45.7690978Z 4+1 records in
end-workflow	Run /./.github/actions/install-gh-cli	2026-02-10T16:22:45.7691283Z 4+1 records out
end-workflow	Run /./.github/actions/install-gh-cli	2026-02-10T16:22:45.7691572Z 2270 bytes (2.3 kB, 2.2 KiB) copied, 0.0434543 s, 52.2 kB/s
end-workflow	Run /./.github/actions/install-gh-cli	2026-02-10T16:22:46.1056026Z Get:1 http://archive.ubuntu.com/ubuntu noble InRelease [256 kB]
end-workflow	Run /./.github/actions/install-gh-cli	2026-02-10T16:22:46.2112266Z Get:2 http://security.ubuntu.com/ubuntu noble-security InRelease [126 kB]
end-workflow	Run /./.github/actions/install-gh-cli	2026-02-10T16:22:46.2314584Z Get:3 https://ppa.launchpadcontent.net/git-core/ppa/ubuntu noble InRelease [24.3 kB]
end-workflow	Run /./.github/actions/install-gh-cli	2026-02-10T16:22:46.2862811Z Get:4 https://cli.github.com/packages stable InRelease [3917 B]
end-workflow	Run /./.github/actions/install-gh-cli	2026-02-10T16:22:46.3766414Z Get:5 http://archive.ubuntu.com/ubuntu noble-updates InRelease [126 kB]
end-workflow	Run /./.github/actions/install-gh-cli	2026-02-10T16:22:46.4138190Z Get:6 https://ppa.launchpadcontent.net/git-core/ppa/ubuntu noble/main amd64 Packages [2994 B]
end-workflow	Run /./.github/actions/install-gh-cli	2026-02-10T16:22:46.4433553Z Get:7 http://archive.ubuntu.com/ubuntu noble-backports InRelease [126 kB]
end-workflow	Run /./.github/actions/install-gh-cli	2026-02-10T16:22:46.4857951Z Get:8 https://cli.github.com/packages stable/main amd64 Packages [356 B]
end-workflow	Run /./.github/actions/install-gh-cli	2026-02-10T16:22:46.5942130Z Get:9 http://archive.ubuntu.com/ubuntu noble/main amd64 Packages [1808 kB]
end-workflow	Run /./.github/actions/install-gh-cli	2026-02-10T16:22:46.7998677Z Get:10 http://archive.ubuntu.com/ubuntu noble/multiverse amd64 Packages [331 kB]
end-workflow	Run /./.github/actions/install-gh-cli	2026-02-10T16:22:46.8054855Z Get:11 http://archive.ubuntu.com/ubuntu noble/restricted amd64 Packages [117 kB]
end-workflow	Run /./.github/actions/install-gh-cli	2026-02-10T16:22:46.8073097Z Get:12 http://archive.ubuntu.com/ubuntu noble/universe amd64 Packages [19.3 MB]
end-workflow	Run /./.github/actions/install-gh-cli	2026-02-10T16:22:46.8820990Z Get:13 http://security.ubuntu.com/ubuntu noble-security/main amd64 Packages [1822 kB]
end-workflow	Run /./.github/actions/install-gh-cli	2026-02-10T16:22:47.2314427Z Get:14 http://archive.ubuntu.com/ubuntu noble-updates/multiverse amd64 Packages [38.1 kB]
end-workflow	Run /./.github/actions/install-gh-cli	2026-02-10T16:22:47.2344880Z Get:15 http://archive.ubuntu.com/ubuntu noble-updates/universe amd64 Packages [1978 kB]
end-workflow	Run /./.github/actions/install-gh-cli	2026-02-10T16:22:47.2734992Z Get:16 http://archive.ubuntu.com/ubuntu noble-updates/restricted amd64 Packages [3287 kB]
end-workflow	Run /./.github/actions/install-gh-cli	2026-02-10T16:22:47.3230035Z Get:17 http://archive.ubuntu.com/ubuntu noble-updates/main amd64 Packages [2201 kB]
end-workflow	Run /./.github/actions/install-gh-cli	2026-02-10T16:22:47.3512309Z Get:18 http://archive.ubuntu.com/ubuntu noble-backports/main amd64 Packages [49.5 kB]
end-workflow	Run /./.github/actions/install-gh-cli	2026-02-10T16:22:47.3513951Z Get:19 http://archive.ubuntu.com/ubuntu noble-backports/universe amd64 Packages [34.6 kB]
end-workflow	Run /./.github/actions/install-gh-cli	2026-02-10T16:22:47.4198591Z Get:20 http://security.ubuntu.com/ubuntu noble-security/universe amd64 Packages [1199 kB]
end-workflow	Run /./.github/actions/install-gh-cli	2026-02-10T16:22:47.4650452Z Get:21 http://security.ubuntu.com/ubuntu noble-security/multiverse amd64 Packages [34.8 kB]
end-workflow	Run /./.github/actions/install-gh-cli	2026-02-10T16:22:47.4660889Z Get:22 http://security.ubuntu.com/ubuntu noble-security/restricted amd64 Packages [3106 kB]
end-workflow	Run /./.github/actions/install-gh-cli	2026-02-10T16:22:48.7499981Z Fetched 36.0 MB in 3s (13.0 MB/s)
end-workflow	Run /./.github/actions/install-gh-cli	2026-02-10T16:22:49.6817838Z Reading package lists...
end-workflow	Run /./.github/actions/install-gh-cli	2026-02-10T16:22:50.7045801Z Reading package lists...
end-workflow	Run /./.github/actions/install-gh-cli	2026-02-10T16:22:50.9375229Z Building dependency tree...
end-workflow	Run /./.github/actions/install-gh-cli	2026-02-10T16:22:50.9375884Z Reading state information...
end-workflow	Run /./.github/actions/install-gh-cli	2026-02-10T16:22:51.4649459Z The following NEW packages will be installed:
end-workflow	Run /./.github/actions/install-gh-cli	2026-02-10T16:22:51.4670481Z   gh
end-workflow	Run /./.github/actions/install-gh-cli	2026-02-10T16:22:51.5411417Z 0 upgraded, 1 newly installed, 0 to remove and 18 not upgraded.
end-workflow	Run /./.github/actions/install-gh-cli	2026-02-10T16:22:51.5413225Z Need to get 13.7 MB of archives.
end-workflow	Run /./.github/actions/install-gh-cli	2026-02-10T16:22:51.5414852Z After this operation, 37.9 MB of additional disk space will be used.
end-workflow	Run /./.github/actions/install-gh-cli	2026-02-10T16:22:51.5417280Z Get:1 https://cli.github.com/packages stable/main amd64 gh amd64 2.86.0 [13.7 MB]
end-workflow	Run /./.github/actions/install-gh-cli	2026-02-10T16:22:52.1320316Z debconf: delaying package configuration, since apt-utils is not installed
end-workflow	Run /./.github/actions/install-gh-cli	2026-02-10T16:22:52.2041822Z Fetched 13.7 MB in 0s (40.3 MB/s)
end-workflow	Run /./.github/actions/install-gh-cli	2026-02-10T16:22:52.2812663Z Selecting previously unselected package gh.
end-workflow	Run /./.github/actions/install-gh-cli	2026-02-10T16:22:52.2854433Z (Reading database ... 
end-workflow	Run /./.github/actions/install-gh-cli	2026-02-10T16:22:52.2860676Z (Reading database ... 5%
end-workflow	Run /./.github/actions/install-gh-cli	2026-02-10T16:22:52.2861097Z (Reading database ... 10%
end-workflow	Run /./.github/actions/install-gh-cli	2026-02-10T16:22:52.2861369Z (Reading database ... 15%
end-workflow	Run /./.github/actions/install-gh-cli	2026-02-10T16:22:52.2861624Z (Reading database ... 20%
end-workflow	Run /./.github/actions/install-gh-cli	2026-02-10T16:22:52.2861882Z (Reading database ... 25%
end-workflow	Run /./.github/actions/install-gh-cli	2026-02-10T16:22:52.2862133Z (Reading database ... 30%
end-workflow	Run /./.github/actions/install-gh-cli	2026-02-10T16:22:52.2862382Z (Reading database ... 35%
end-workflow	Run /./.github/actions/install-gh-cli	2026-02-10T16:22:52.2862636Z (Reading database ... 40%
end-workflow	Run /./.github/actions/install-gh-cli	2026-02-10T16:22:52.2862889Z (Reading database ... 45%
end-workflow	Run /./.github/actions/install-gh-cli	2026-02-10T16:22:52.2863135Z (Reading database ... 50%
end-workflow	Run /./.github/actions/install-gh-cli	2026-02-10T16:22:52.2863474Z (Reading database ... 55%
end-workflow	Run /./.github/actions/install-gh-cli	2026-02-10T16:22:52.2863731Z (Reading database ... 60%
end-workflow	Run /./.github/actions/install-gh-cli	2026-02-10T16:22:52.2863976Z (Reading database ... 65%
end-workflow	Run /./.github/actions/install-gh-cli	2026-02-10T16:22:52.2895124Z (Reading database ... 70%
end-workflow	Run /./.github/actions/install-gh-cli	2026-02-10T16:22:52.2902620Z (Reading database ... 75%
end-workflow	Run /./.github/actions/install-gh-cli	2026-02-10T16:22:52.2917112Z (Reading database ... 80%
end-workflow	Run /./.github/actions/install-gh-cli	2026-02-10T16:22:52.2923065Z (Reading database ... 85%
end-workflow	Run /./.github/actions/install-gh-cli	2026-02-10T16:22:52.2940979Z (Reading database ... 90%
end-workflow	Run /./.github/actions/install-gh-cli	2026-02-10T16:22:52.2966551Z (Reading database ... 95%
end-workflow	Run /./.github/actions/install-gh-cli	2026-02-10T16:22:52.2972369Z (Reading database ... 100%
end-workflow	Run /./.github/actions/install-gh-cli	2026-02-10T16:22:52.2974808Z (Reading database ... 14385 files and directories currently installed.)
end-workflow	Run /./.github/actions/install-gh-cli	2026-02-10T16:22:52.2975734Z Preparing to unpack .../archives/gh_2.86.0_amd64.deb ...
end-workflow	Run /./.github/actions/install-gh-cli	2026-02-10T16:22:52.3091534Z Unpacking gh (2.86.0) ...
end-workflow	Run /./.github/actions/install-gh-cli	2026-02-10T16:22:52.6685130Z Setting up gh (2.86.0) ...
end-workflow	End Workflow	﻿2026-02-10T16:22:52.8082932Z ##[group]Run RNNUMBER=$(echo "refs/heads/F3450-modelo-operativo" | grep -o '[0-9]*')
end-workflow	End Workflow	2026-02-10T16:22:52.8083601Z [36;1mRNNUMBER=$(echo "refs/heads/F3450-modelo-operativo" | grep -o '[0-9]*')[0m
end-workflow	End Workflow	2026-02-10T16:22:52.8084373Z [36;1mgh workflow run inspector.yml --ref 'main' -f kaos-issue-id=$RNNUMBER -f kaos-workflow-id="21871821254" -f kaos-user-start=""[0m
end-workflow	End Workflow	2026-02-10T16:22:52.8098233Z shell: /usr/bin/bash -e {0}
end-workflow	End Workflow	2026-02-10T16:22:52.8098489Z env:
end-workflow	End Workflow	2026-02-10T16:22:52.8098677Z   KAOS_MODULE: [Ka0S] YAMLLINT
end-workflow	End Workflow	2026-02-10T16:22:52.8099506Z   GH_TOKEN: ***
end-workflow	End Workflow	2026-02-10T16:22:52.8099784Z   KAOS_YAMLLINT_CONFIG: core/config/kaos-yamllint-config.yaml
end-workflow	End Workflow	2026-02-10T16:22:52.8100976Z   KAOS_PRETTIER_CONFIG: compliance/yaml/.prettierrc.json
end-workflow	End Workflow	2026-02-10T16:22:52.8101332Z   KAOS_PATH_RESUME: audit/yamllint/
end-workflow	End Workflow	2026-02-10T16:22:52.8101615Z   KAOS_REPO: /actions-runner/_work/kaos/kaos
end-workflow	End Workflow	2026-02-10T16:22:52.8101901Z   KAOS_STEP_MODULE: 
end-workflow	End Workflow	2026-02-10T16:22:52.8102100Z   KAOS_CODE: 21871821254
end-workflow	End Workflow	2026-02-10T16:22:52.8102315Z   KAOS_REF_BRANCH: main
end-workflow	End Workflow	2026-02-10T16:22:52.8102561Z ##[endgroup]
end-workflow	Post Run actions/checkout@v4	﻿2026-02-10T16:22:55.0965929Z Post job cleanup.
end-workflow	Post Run actions/checkout@v4	2026-02-10T16:22:55.2052578Z [command]/usr/bin/git version
end-workflow	Post Run actions/checkout@v4	2026-02-10T16:22:55.2099423Z git version 2.52.0
end-workflow	Post Run actions/checkout@v4	2026-02-10T16:22:55.2148787Z Temporarily overriding HOME='/home/runner/_work/_temp/8920a350-909b-4b18-b100-a432a20d551f' before making global git config changes
end-workflow	Post Run actions/checkout@v4	2026-02-10T16:22:55.2149696Z Adding repository directory to the temporary git global config as a safe directory
end-workflow	Post Run actions/checkout@v4	2026-02-10T16:22:55.2155264Z [command]/usr/bin/git config --global --add safe.directory /home/runner/_work/ka0s/ka0s
end-workflow	Post Run actions/checkout@v4	2026-02-10T16:22:55.2203218Z [command]/usr/bin/git config --local --name-only --get-regexp core\.sshCommand
end-workflow	Post Run actions/checkout@v4	2026-02-10T16:22:55.2261143Z [command]/usr/bin/git submodule foreach --recursive sh -c "git config --local --name-only --get-regexp 'core\.sshCommand' && git config --local --unset-all 'core.sshCommand' || :"
end-workflow	Post Run actions/checkout@v4	2026-02-10T16:22:55.2654859Z [command]/usr/bin/git config --local --name-only --get-regexp http\.https\:\/\/github\.com\/\.extraheader
end-workflow	Post Run actions/checkout@v4	2026-02-10T16:22:55.2685559Z http.https://github.com/.extraheader
end-workflow	Post Run actions/checkout@v4	2026-02-10T16:22:55.2699800Z [command]/usr/bin/git config --local --unset-all http.https://github.com/.extraheader
end-workflow	Post Run actions/checkout@v4	2026-02-10T16:22:55.2743598Z [command]/usr/bin/git submodule foreach --recursive sh -c "git config --local --name-only --get-regexp 'http\.https\:\/\/github\.com\/\.extraheader' && git config --local --unset-all 'http.https://github.com/.extraheader' || :"
end-workflow	Post Run actions/checkout@v4	2026-02-10T16:22:55.3099506Z [command]/usr/bin/git config --local --name-only --get-regexp ^includeIf\.gitdir:
end-workflow	Post Run actions/checkout@v4	2026-02-10T16:22:55.3140871Z [command]/usr/bin/git submodule foreach --recursive git config --local --show-origin --name-only --get-regexp remote.origin.url
end-workflow	Complete job	﻿2026-02-10T16:22:55.3611532Z Cleaning up orphan processes
