job-core	Set up job	ï»¿2026-02-10T22:35:04.6174193Z Current runner version: '2.331.0'
job-core	Set up job	2026-02-10T22:35:04.6276267Z Runner name: 'swarm-runners-scaleset-hkss5-runner-2qzqs'
job-core	Set up job	2026-02-10T22:35:04.6281626Z Runner group name: 'Default'
job-core	Set up job	2026-02-10T22:35:04.6285701Z Machine name: 'swarm-runners-scaleset-hkss5-runner-2qzqs'
job-core	Set up job	2026-02-10T22:35:04.6295765Z ##[group]GITHUB_TOKEN Permissions
job-core	Set up job	2026-02-10T22:35:04.6301754Z Actions: write
job-core	Set up job	2026-02-10T22:35:04.6302489Z Contents: write
job-core	Set up job	2026-02-10T22:35:04.6303131Z Issues: write
job-core	Set up job	2026-02-10T22:35:04.6303772Z Metadata: read
job-core	Set up job	2026-02-10T22:35:04.6304425Z PullRequests: write
job-core	Set up job	2026-02-10T22:35:04.6305277Z ##[endgroup]
job-core	Set up job	2026-02-10T22:35:04.6309812Z Secret source: Actions
job-core	Set up job	2026-02-10T22:35:04.6312044Z Prepare workflow directory
job-core	Set up job	2026-02-10T22:35:04.7261248Z Prepare all required actions
job-core	Set up job	2026-02-10T22:35:04.7319313Z Getting action download info
job-core	Set up job	2026-02-10T22:35:05.6896193Z Download action repository 'actions/checkout@v4' (SHA:34e114876b0b11c390a56381ad16ebd13914f8d5)
job-core	Set up job	2026-02-10T22:35:06.7060088Z Download action repository 'actions/upload-artifact@v4' (SHA:ea165f8d65b6e75b540449e92b4886f43607fa02)
job-core	Set up job	2026-02-10T22:35:08.0979434Z Complete job name: job-core
job-core	Checkout repository	ï»¿2026-02-10T22:35:08.2904285Z ##[group]Run actions/checkout@v4
job-core	Checkout repository	2026-02-10T22:35:08.2910963Z with:
job-core	Checkout repository	2026-02-10T22:35:08.2914514Z   fetch-depth: 0
job-core	Checkout repository	2026-02-10T22:35:08.2919894Z   repository: Ka0s-Klaus/ka0s
job-core	Checkout repository	2026-02-10T22:35:08.2923044Z   token: ***
job-core	Checkout repository	2026-02-10T22:35:08.2924226Z   ssh-strict: true
job-core	Checkout repository	2026-02-10T22:35:08.2925411Z   ssh-user: git
job-core	Checkout repository	2026-02-10T22:35:08.2926620Z   persist-credentials: true
job-core	Checkout repository	2026-02-10T22:35:08.2928573Z   clean: true
job-core	Checkout repository	2026-02-10T22:35:08.2933421Z   sparse-checkout-cone-mode: true
job-core	Checkout repository	2026-02-10T22:35:08.2938196Z   fetch-tags: false
job-core	Checkout repository	2026-02-10T22:35:08.2941213Z   show-progress: true
job-core	Checkout repository	2026-02-10T22:35:08.2943762Z   lfs: false
job-core	Checkout repository	2026-02-10T22:35:08.2946098Z   submodules: false
job-core	Checkout repository	2026-02-10T22:35:08.2949149Z   set-safe-directory: true
job-core	Checkout repository	2026-02-10T22:35:08.2953207Z env:
job-core	Checkout repository	2026-02-10T22:35:08.2955507Z   KAOS_MODULE: [Ka0S] Audit Host
job-core	Checkout repository	2026-02-10T22:35:08.2959021Z   KAOS_PATH_RESUME: audit/eresults/
job-core	Checkout repository	2026-02-10T22:35:08.2962724Z   KAOS_FILE_HOST: 21885041996
job-core	Checkout repository	2026-02-10T22:35:08.2965057Z   KAOS_CODE: 21885041996
job-core	Checkout repository	2026-02-10T22:35:08.2967389Z ##[endgroup]
job-core	Checkout repository	2026-02-10T22:35:08.5279786Z Syncing repository: Ka0s-Klaus/ka0s
job-core	Checkout repository	2026-02-10T22:35:08.5290062Z ##[group]Getting Git version info
job-core	Checkout repository	2026-02-10T22:35:08.5294979Z Working directory is '/home/runner/_work/ka0s/ka0s'
job-core	Checkout repository	2026-02-10T22:35:08.5301774Z [command]/usr/bin/git version
job-core	Checkout repository	2026-02-10T22:35:08.5306390Z git version 2.52.0
job-core	Checkout repository	2026-02-10T22:35:08.5351538Z ##[endgroup]
job-core	Checkout repository	2026-02-10T22:35:08.5378821Z Temporarily overriding HOME='/home/runner/_work/_temp/48f51c0d-5e30-4fee-b102-92a8f795fd6e' before making global git config changes
job-core	Checkout repository	2026-02-10T22:35:08.5392572Z Adding repository directory to the temporary git global config as a safe directory
job-core	Checkout repository	2026-02-10T22:35:08.5424574Z [command]/usr/bin/git config --global --add safe.directory /home/runner/_work/ka0s/ka0s
job-core	Checkout repository	2026-02-10T22:35:08.5436278Z Deleting the contents of '/home/runner/_work/ka0s/ka0s'
job-core	Checkout repository	2026-02-10T22:35:08.5446375Z ##[group]Initializing the repository
job-core	Checkout repository	2026-02-10T22:35:08.5467170Z [command]/usr/bin/git init /home/runner/_work/ka0s/ka0s
job-core	Checkout repository	2026-02-10T22:35:08.5573739Z hint: Using 'master' as the name for the initial branch. This default branch name
job-core	Checkout repository	2026-02-10T22:35:08.5582126Z hint: will change to "main" in Git 3.0. To configure the initial branch name
job-core	Checkout repository	2026-02-10T22:35:08.5587505Z hint: to use in all of your new repositories, which will suppress this warning,
job-core	Checkout repository	2026-02-10T22:35:08.5594362Z hint: call:
job-core	Checkout repository	2026-02-10T22:35:08.5597365Z hint:
job-core	Checkout repository	2026-02-10T22:35:08.5618558Z hint: 	git config --global init.defaultBranch <name>
job-core	Checkout repository	2026-02-10T22:35:08.5621703Z hint:
job-core	Checkout repository	2026-02-10T22:35:08.5624639Z hint: Names commonly chosen instead of 'master' are 'main', 'trunk' and
job-core	Checkout repository	2026-02-10T22:35:08.5629911Z hint: 'development'. The just-created branch can be renamed via this command:
job-core	Checkout repository	2026-02-10T22:35:08.5634583Z hint:
job-core	Checkout repository	2026-02-10T22:35:08.5637345Z hint: 	git branch -m <name>
job-core	Checkout repository	2026-02-10T22:35:08.5640052Z hint:
job-core	Checkout repository	2026-02-10T22:35:08.5642881Z hint: Disable this message with "git config set advice.defaultBranchName false"
job-core	Checkout repository	2026-02-10T22:35:08.5649200Z Initialized empty Git repository in /home/runner/_work/ka0s/ka0s/.git/
job-core	Checkout repository	2026-02-10T22:35:08.5660672Z [command]/usr/bin/git remote add origin https://github.com/Ka0s-Klaus/ka0s
job-core	Checkout repository	2026-02-10T22:35:08.5772762Z ##[endgroup]
job-core	Checkout repository	2026-02-10T22:35:08.5776115Z ##[group]Disabling automatic garbage collection
job-core	Checkout repository	2026-02-10T22:35:08.5779243Z [command]/usr/bin/git config --local gc.auto 0
job-core	Checkout repository	2026-02-10T22:35:08.5888262Z ##[endgroup]
job-core	Checkout repository	2026-02-10T22:35:08.5893049Z ##[group]Setting up auth
job-core	Checkout repository	2026-02-10T22:35:08.5899460Z [command]/usr/bin/git config --local --name-only --get-regexp core\.sshCommand
job-core	Checkout repository	2026-02-10T22:35:08.5979834Z [command]/usr/bin/git submodule foreach --recursive sh -c "git config --local --name-only --get-regexp 'core\.sshCommand' && git config --local --unset-all 'core.sshCommand' || :"
job-core	Checkout repository	2026-02-10T22:35:08.6514001Z [command]/usr/bin/git config --local --name-only --get-regexp http\.https\:\/\/github\.com\/\.extraheader
job-core	Checkout repository	2026-02-10T22:35:08.6577101Z [command]/usr/bin/git submodule foreach --recursive sh -c "git config --local --name-only --get-regexp 'http\.https\:\/\/github\.com\/\.extraheader' && git config --local --unset-all 'http.https://github.com/.extraheader' || :"
job-core	Checkout repository	2026-02-10T22:35:08.7107618Z [command]/usr/bin/git config --local --name-only --get-regexp ^includeIf\.gitdir:
job-core	Checkout repository	2026-02-10T22:35:08.7173218Z [command]/usr/bin/git submodule foreach --recursive git config --local --show-origin --name-only --get-regexp remote.origin.url
job-core	Checkout repository	2026-02-10T22:35:08.7669957Z [command]/usr/bin/git config --local http.https://github.com/.extraheader AUTHORIZATION: basic ***
job-core	Checkout repository	2026-02-10T22:35:08.7761242Z ##[endgroup]
job-core	Checkout repository	2026-02-10T22:35:08.7774703Z ##[group]Fetching the repository
job-core	Checkout repository	2026-02-10T22:35:08.7826326Z [command]/usr/bin/git -c protocol.version=2 fetch --prune --no-recurse-submodules origin +refs/heads/*:refs/remotes/origin/* +refs/tags/*:refs/tags/*
job-core	Checkout repository	2026-02-10T22:35:47.0601830Z From https://github.com/Ka0s-Klaus/ka0s
job-core	Checkout repository	2026-02-10T22:35:47.0643262Z  * [new branch]          F1224-new-module-mongodb -> origin/F1224-new-module-mongodb
job-core	Checkout repository	2026-02-10T22:35:47.0650617Z  * [new branch]          F220-web-de-resultados  -> origin/F220-web-de-resultados
job-core	Checkout repository	2026-02-10T22:35:47.0658492Z  * [new branch]          F227-despliegue-de-kube-independiente-del-clouder -> origin/F227-despliegue-de-kube-independiente-del-clouder
job-core	Checkout repository	2026-02-10T22:35:47.0664037Z  * [new branch]          F329-documentacion-metodologia-de-*** -> origin/F329-documentacion-metodologia-de-***
job-core	Checkout repository	2026-02-10T22:35:47.0670022Z  * [new branch]          F3450-modelo-operativo  -> origin/F3450-modelo-operativo
job-core	Checkout repository	2026-02-10T22:35:47.0675112Z  * [new branch]          H1139-como-instalar-arc-control -> origin/H1139-como-instalar-arc-control
job-core	Checkout repository	2026-02-10T22:35:47.0690018Z  * [new branch]          H1150-desarrollo-de-secciones -> origin/H1150-desarrollo-de-secciones
job-core	Checkout repository	2026-02-10T22:35:47.0746452Z  * [new branch]          H1151-desarrollo-de-secciones-ii -> origin/H1151-desarrollo-de-secciones-ii
job-core	Checkout repository	2026-02-10T22:35:47.0749212Z  * [new branch]          H1152-desarrollo-inicio -> origin/H1152-desarrollo-inicio
job-core	Checkout repository	2026-02-10T22:35:47.0750914Z  * [new branch]          H1193-ejemplo-web-documentacion -> origin/H1193-ejemplo-web-documentacion
job-core	Checkout repository	2026-02-10T22:35:47.0752794Z  * [new branch]          H1224-new-module-mongodb -> origin/H1224-new-module-mongodb
job-core	Checkout repository	2026-02-10T22:35:47.0754756Z  * [new branch]          H1276-modulo-observabilidad -> origin/H1276-modulo-observabilidad
job-core	Checkout repository	2026-02-10T22:35:47.0756455Z  * [new branch]          H1410-modulo-execution  -> origin/H1410-modulo-execution
job-core	Checkout repository	2026-02-10T22:35:47.0759816Z  * [new branch]          H1514-new-swarm-deployment-stack-with-actions-runners-autoscale -> origin/H1514-new-swarm-deployment-stack-with-actions-runners-autoscale
job-core	Checkout repository	2026-02-10T22:35:47.0764649Z  * [new branch]          H1968-modulo-personalizaciÃ³n-del-portal-de-***-core -> origin/H1968-modulo-personalizaciÃ³n-del-portal-de-***-core
job-core	Checkout repository	2026-02-10T22:35:47.0767045Z  * [new branch]          H215-modulo-de-summary  -> origin/H215-modulo-de-summary
job-core	Checkout repository	2026-02-10T22:35:47.0770154Z  * [new branch]          H227-despliegue-de-kube-independiente-del-clouder -> origin/H227-despliegue-de-kube-independiente-del-clouder
job-core	Checkout repository	2026-02-10T22:35:47.0773124Z  * [new branch]          H3038-test-ci-cd-kubernetes-automated-system -> origin/H3038-test-ci-cd-kubernetes-automated-system
job-core	Checkout repository	2026-02-10T22:35:47.0775652Z  * [new branch]          H306-ficheros-de-estadisticas -> origin/H306-ficheros-de-estadisticas
job-core	Checkout repository	2026-02-10T22:35:47.0777413Z  * [new branch]          H3265-deploy-itop       -> origin/H3265-deploy-itop
job-core	Checkout repository	2026-02-10T22:35:47.0799866Z  * [new branch]          H3266-deploy-zabbix     -> origin/H3266-deploy-zabbix
job-core	Checkout repository	2026-02-10T22:35:47.0802784Z  * [new branch]          H328-documentacion-modulo-principal-de-*** -> origin/H328-documentacion-modulo-principal-de-***
job-core	Checkout repository	2026-02-10T22:35:47.0805789Z  * [new branch]          H329-documentacion-metodologia-de-*** -> origin/H329-documentacion-metodologia-de-***
job-core	Checkout repository	2026-02-10T22:35:47.0808479Z  * [new branch]          H338-relanzador-de-jobs-en-caso-de-pattern -> origin/H338-relanzador-de-jobs-en-caso-de-pattern
job-core	Checkout repository	2026-02-10T22:35:47.0811290Z  * [new branch]          H38-documentacion-basica-del-proyecto -> origin/H38-documentacion-basica-del-proyecto
job-core	Checkout repository	2026-02-10T22:35:47.0815063Z  * [new branch]          RN1282-ka0s-error-detected-in-ka0s-workflow-statistics-summary -> origin/RN1282-ka0s-error-detected-in-ka0s-workflow-statistics-summary
job-core	Checkout repository	2026-02-10T22:35:47.0818445Z  * [new branch]          RN220-web-de-resultados -> origin/RN220-web-de-resultados
job-core	Checkout repository	2026-02-10T22:35:47.0821483Z  * [new branch]          RN227-despliegue-de-kube-independiente-del-clouder -> origin/RN227-despliegue-de-kube-independiente-del-clouder
job-core	Checkout repository	2026-02-10T22:35:47.0825217Z  * [new branch]          RN329-documentacion-metodologia-de-*** -> origin/RN329-documentacion-metodologia-de-***
job-core	Checkout repository	2026-02-10T22:35:47.0827308Z  * [new branch]          main                    -> origin/main
job-core	Checkout repository	2026-02-10T22:35:47.0839312Z  * [new tag]             0.0.0                   -> 0.0.0
job-core	Checkout repository	2026-02-10T22:35:47.0840894Z  * [new tag]             0.0.1                   -> 0.0.1
job-core	Checkout repository	2026-02-10T22:35:47.0842429Z  * [new tag]             0.0.10                  -> 0.0.10
job-core	Checkout repository	2026-02-10T22:35:47.0843970Z  * [new tag]             0.0.100                 -> 0.0.100
job-core	Checkout repository	2026-02-10T22:35:47.0845499Z  * [new tag]             0.0.101                 -> 0.0.101
job-core	Checkout repository	2026-02-10T22:35:47.0847224Z  * [new tag]             0.0.102                 -> 0.0.102
job-core	Checkout repository	2026-02-10T22:35:47.0859340Z  * [new tag]             0.0.103                 -> 0.0.103
job-core	Checkout repository	2026-02-10T22:35:47.0860936Z  * [new tag]             0.0.104                 -> 0.0.104
job-core	Checkout repository	2026-02-10T22:35:47.0862436Z  * [new tag]             0.0.105                 -> 0.0.105
job-core	Checkout repository	2026-02-10T22:35:47.0863908Z  * [new tag]             0.0.106                 -> 0.0.106
job-core	Checkout repository	2026-02-10T22:35:47.0865621Z  * [new tag]             0.0.107                 -> 0.0.107
job-core	Checkout repository	2026-02-10T22:35:47.0866948Z  * [new tag]             0.0.108                 -> 0.0.108
job-core	Checkout repository	2026-02-10T22:35:47.0868398Z  * [new tag]             0.0.109                 -> 0.0.109
job-core	Checkout repository	2026-02-10T22:35:47.0869884Z  * [new tag]             0.0.11                  -> 0.0.11
job-core	Checkout repository	2026-02-10T22:35:47.0871310Z  * [new tag]             0.0.110                 -> 0.0.110
job-core	Checkout repository	2026-02-10T22:35:47.0872709Z  * [new tag]             0.0.111                 -> 0.0.111
job-core	Checkout repository	2026-02-10T22:35:47.0874208Z  * [new tag]             0.0.112                 -> 0.0.112
job-core	Checkout repository	2026-02-10T22:35:47.0876356Z  * [new tag]             0.0.113                 -> 0.0.113
job-core	Checkout repository	2026-02-10T22:35:47.0888310Z  * [new tag]             0.0.114                 -> 0.0.114
job-core	Checkout repository	2026-02-10T22:35:47.0889854Z  * [new tag]             0.0.115                 -> 0.0.115
job-core	Checkout repository	2026-02-10T22:35:47.0891089Z  * [new tag]             0.0.116                 -> 0.0.116
job-core	Checkout repository	2026-02-10T22:35:47.0892327Z  * [new tag]             0.0.117                 -> 0.0.117
job-core	Checkout repository	2026-02-10T22:35:47.0893517Z  * [new tag]             0.0.118                 -> 0.0.118
job-core	Checkout repository	2026-02-10T22:35:47.0894752Z  * [new tag]             0.0.119                 -> 0.0.119
job-core	Checkout repository	2026-02-10T22:35:47.0895956Z  * [new tag]             0.0.12                  -> 0.0.12
job-core	Checkout repository	2026-02-10T22:35:47.0897672Z  * [new tag]             0.0.120                 -> 0.0.120
job-core	Checkout repository	2026-02-10T22:35:47.0903997Z  * [new tag]             0.0.121                 -> 0.0.121
job-core	Checkout repository	2026-02-10T22:35:47.0905353Z  * [new tag]             0.0.122                 -> 0.0.122
job-core	Checkout repository	2026-02-10T22:35:47.0906642Z  * [new tag]             0.0.123                 -> 0.0.123
job-core	Checkout repository	2026-02-10T22:35:47.0918460Z  * [new tag]             0.0.124                 -> 0.0.124
job-core	Checkout repository	2026-02-10T22:35:47.0920110Z  * [new tag]             0.0.125                 -> 0.0.125
job-core	Checkout repository	2026-02-10T22:35:47.0921453Z  * [new tag]             0.0.126                 -> 0.0.126
job-core	Checkout repository	2026-02-10T22:35:47.0922550Z  * [new tag]             0.0.127                 -> 0.0.127
job-core	Checkout repository	2026-02-10T22:35:47.0923990Z  * [new tag]             0.0.128                 -> 0.0.128
job-core	Checkout repository	2026-02-10T22:35:47.0925412Z  * [new tag]             0.0.129                 -> 0.0.129
job-core	Checkout repository	2026-02-10T22:35:47.0926817Z  * [new tag]             0.0.13                  -> 0.0.13
job-core	Checkout repository	2026-02-10T22:35:47.0928385Z  * [new tag]             0.0.130                 -> 0.0.130
job-core	Checkout repository	2026-02-10T22:35:47.0929648Z  * [new tag]             0.0.131                 -> 0.0.131
job-core	Checkout repository	2026-02-10T22:35:47.0931835Z  * [new tag]             0.0.132                 -> 0.0.132
job-core	Checkout repository	2026-02-10T22:35:47.0932894Z  * [new tag]             0.0.133                 -> 0.0.133
job-core	Checkout repository	2026-02-10T22:35:47.0933943Z  * [new tag]             0.0.134                 -> 0.0.134
job-core	Checkout repository	2026-02-10T22:35:47.0935017Z  * [new tag]             0.0.135                 -> 0.0.135
job-core	Checkout repository	2026-02-10T22:35:47.0936143Z  * [new tag]             0.0.136                 -> 0.0.136
job-core	Checkout repository	2026-02-10T22:35:47.0937225Z  * [new tag]             0.0.137                 -> 0.0.137
job-core	Checkout repository	2026-02-10T22:35:47.0938473Z  * [new tag]             0.0.138                 -> 0.0.138
job-core	Checkout repository	2026-02-10T22:35:47.0939595Z  * [new tag]             0.0.139                 -> 0.0.139
job-core	Checkout repository	2026-02-10T22:35:47.0940849Z  * [new tag]             0.0.14                  -> 0.0.14
job-core	Checkout repository	2026-02-10T22:35:47.0941966Z  * [new tag]             0.0.140                 -> 0.0.140
job-core	Checkout repository	2026-02-10T22:35:47.0943207Z  * [new tag]             0.0.141                 -> 0.0.141
job-core	Checkout repository	2026-02-10T22:35:47.0944483Z  * [new tag]             0.0.142                 -> 0.0.142
job-core	Checkout repository	2026-02-10T22:35:47.0962495Z  * [new tag]             0.0.143                 -> 0.0.143
job-core	Checkout repository	2026-02-10T22:35:47.0963700Z  * [new tag]             0.0.144                 -> 0.0.144
job-core	Checkout repository	2026-02-10T22:35:47.0964785Z  * [new tag]             0.0.145                 -> 0.0.145
job-core	Checkout repository	2026-02-10T22:35:47.0965869Z  * [new tag]             0.0.146                 -> 0.0.146
job-core	Checkout repository	2026-02-10T22:35:47.0966957Z  * [new tag]             0.0.147                 -> 0.0.147
job-core	Checkout repository	2026-02-10T22:35:47.0968448Z  * [new tag]             0.0.148                 -> 0.0.148
job-core	Checkout repository	2026-02-10T22:35:47.0970330Z  * [new tag]             0.0.149                 -> 0.0.149
job-core	Checkout repository	2026-02-10T22:35:47.0971540Z  * [new tag]             0.0.15                  -> 0.0.15
job-core	Checkout repository	2026-02-10T22:35:47.0972632Z  * [new tag]             0.0.150                 -> 0.0.150
job-core	Checkout repository	2026-02-10T22:35:47.0973764Z  * [new tag]             0.0.151                 -> 0.0.151
job-core	Checkout repository	2026-02-10T22:35:47.0974852Z  * [new tag]             0.0.152                 -> 0.0.152
job-core	Checkout repository	2026-02-10T22:35:47.0975950Z  * [new tag]             0.0.153                 -> 0.0.153
job-core	Checkout repository	2026-02-10T22:35:47.0977176Z  * [new tag]             0.0.154                 -> 0.0.154
job-core	Checkout repository	2026-02-10T22:35:47.0978622Z  * [new tag]             0.0.155                 -> 0.0.155
job-core	Checkout repository	2026-02-10T22:35:47.0979751Z  * [new tag]             0.0.156                 -> 0.0.156
job-core	Checkout repository	2026-02-10T22:35:47.0980943Z  * [new tag]             0.0.157                 -> 0.0.157
job-core	Checkout repository	2026-02-10T22:35:47.0982053Z  * [new tag]             0.0.158                 -> 0.0.158
job-core	Checkout repository	2026-02-10T22:35:47.0983210Z  * [new tag]             0.0.159                 -> 0.0.159
job-core	Checkout repository	2026-02-10T22:35:47.0984432Z  * [new tag]             0.0.16                  -> 0.0.16
job-core	Checkout repository	2026-02-10T22:35:47.0985774Z  * [new tag]             0.0.160                 -> 0.0.160
job-core	Checkout repository	2026-02-10T22:35:47.0987014Z  * [new tag]             0.0.161                 -> 0.0.161
job-core	Checkout repository	2026-02-10T22:35:47.0989055Z  * [new tag]             0.0.162                 -> 0.0.162
job-core	Checkout repository	2026-02-10T22:35:47.0990750Z  * [new tag]             0.0.163                 -> 0.0.163
job-core	Checkout repository	2026-02-10T22:35:47.0992316Z  * [new tag]             0.0.164                 -> 0.0.164
job-core	Checkout repository	2026-02-10T22:35:47.0994026Z  * [new tag]             0.0.165                 -> 0.0.165
job-core	Checkout repository	2026-02-10T22:35:47.0995181Z  * [new tag]             0.0.166                 -> 0.0.166
job-core	Checkout repository	2026-02-10T22:35:47.0996412Z  * [new tag]             0.0.167                 -> 0.0.167
job-core	Checkout repository	2026-02-10T22:35:47.0997545Z  * [new tag]             0.0.168                 -> 0.0.168
job-core	Checkout repository	2026-02-10T22:35:47.0998968Z  * [new tag]             0.0.169                 -> 0.0.169
job-core	Checkout repository	2026-02-10T22:35:47.1000463Z  * [new tag]             0.0.17                  -> 0.0.17
job-core	Checkout repository	2026-02-10T22:35:47.1001635Z  * [new tag]             0.0.170                 -> 0.0.170
job-core	Checkout repository	2026-02-10T22:35:47.1003051Z  * [new tag]             0.0.171                 -> 0.0.171
job-core	Checkout repository	2026-02-10T22:35:47.1007591Z  * [new tag]             0.0.172                 -> 0.0.172
job-core	Checkout repository	2026-02-10T22:35:47.1010083Z  * [new tag]             0.0.173                 -> 0.0.173
job-core	Checkout repository	2026-02-10T22:35:47.1012920Z  * [new tag]             0.0.174                 -> 0.0.174
job-core	Checkout repository	2026-02-10T22:35:47.1015219Z  * [new tag]             0.0.175                 -> 0.0.175
job-core	Checkout repository	2026-02-10T22:35:47.1017521Z  * [new tag]             0.0.176                 -> 0.0.176
job-core	Checkout repository	2026-02-10T22:35:47.1019084Z  * [new tag]             0.0.177                 -> 0.0.177
job-core	Checkout repository	2026-02-10T22:35:47.1020061Z  * [new tag]             0.0.178                 -> 0.0.178
job-core	Checkout repository	2026-02-10T22:35:47.1021057Z  * [new tag]             0.0.179                 -> 0.0.179
job-core	Checkout repository	2026-02-10T22:35:47.1022117Z  * [new tag]             0.0.18                  -> 0.0.18
job-core	Checkout repository	2026-02-10T22:35:47.1023182Z  * [new tag]             0.0.19                  -> 0.0.19
job-core	Checkout repository	2026-02-10T22:35:47.1024254Z  * [new tag]             0.0.2                   -> 0.0.2
job-core	Checkout repository	2026-02-10T22:35:47.1025305Z  * [new tag]             0.0.20                  -> 0.0.20
job-core	Checkout repository	2026-02-10T22:35:47.1026407Z  * [new tag]             0.0.21                  -> 0.0.21
job-core	Checkout repository	2026-02-10T22:35:47.1027467Z  * [new tag]             0.0.22                  -> 0.0.22
job-core	Checkout repository	2026-02-10T22:35:47.1028860Z  * [new tag]             0.0.23                  -> 0.0.23
job-core	Checkout repository	2026-02-10T22:35:47.1029921Z  * [new tag]             0.0.24                  -> 0.0.24
job-core	Checkout repository	2026-02-10T22:35:47.1030973Z  * [new tag]             0.0.25                  -> 0.0.25
job-core	Checkout repository	2026-02-10T22:35:47.1032032Z  * [new tag]             0.0.26                  -> 0.0.26
job-core	Checkout repository	2026-02-10T22:35:47.1033099Z  * [new tag]             0.0.27                  -> 0.0.27
job-core	Checkout repository	2026-02-10T22:35:47.1034152Z  * [new tag]             0.0.28                  -> 0.0.28
job-core	Checkout repository	2026-02-10T22:35:47.1035216Z  * [new tag]             0.0.29                  -> 0.0.29
job-core	Checkout repository	2026-02-10T22:35:47.1036283Z  * [new tag]             0.0.3                   -> 0.0.3
job-core	Checkout repository	2026-02-10T22:35:47.1037353Z  * [new tag]             0.0.30                  -> 0.0.30
job-core	Checkout repository	2026-02-10T22:35:47.1038793Z  * [new tag]             0.0.31                  -> 0.0.31
job-core	Checkout repository	2026-02-10T22:35:47.1100356Z  * [new tag]             0.0.32                  -> 0.0.32
job-core	Checkout repository	2026-02-10T22:35:47.1101749Z  * [new tag]             0.0.33                  -> 0.0.33
job-core	Checkout repository	2026-02-10T22:35:47.1102713Z  * [new tag]             0.0.34                  -> 0.0.34
job-core	Checkout repository	2026-02-10T22:35:47.1103663Z  * [new tag]             0.0.35                  -> 0.0.35
job-core	Checkout repository	2026-02-10T22:35:47.1104616Z  * [new tag]             0.0.36                  -> 0.0.36
job-core	Checkout repository	2026-02-10T22:35:47.1105635Z  * [new tag]             0.0.37                  -> 0.0.37
job-core	Checkout repository	2026-02-10T22:35:47.1106678Z  * [new tag]             0.0.38                  -> 0.0.38
job-core	Checkout repository	2026-02-10T22:35:47.1107745Z  * [new tag]             0.0.39                  -> 0.0.39
job-core	Checkout repository	2026-02-10T22:35:47.1109065Z  * [new tag]             0.0.4                   -> 0.0.4
job-core	Checkout repository	2026-02-10T22:35:47.1110343Z  * [new tag]             0.0.40                  -> 0.0.40
job-core	Checkout repository	2026-02-10T22:35:47.1111664Z  * [new tag]             0.0.41                  -> 0.0.41
job-core	Checkout repository	2026-02-10T22:35:47.1113502Z  * [new tag]             0.0.42                  -> 0.0.42
job-core	Checkout repository	2026-02-10T22:35:47.1114888Z  * [new tag]             0.0.43                  -> 0.0.43
job-core	Checkout repository	2026-02-10T22:35:47.1116160Z  * [new tag]             0.0.44                  -> 0.0.44
job-core	Checkout repository	2026-02-10T22:35:47.1117500Z  * [new tag]             0.0.45                  -> 0.0.45
job-core	Checkout repository	2026-02-10T22:35:47.1119001Z  * [new tag]             0.0.46                  -> 0.0.46
job-core	Checkout repository	2026-02-10T22:35:47.1119982Z  * [new tag]             0.0.47                  -> 0.0.47
job-core	Checkout repository	2026-02-10T22:35:47.1121343Z  * [new tag]             0.0.48                  -> 0.0.48
job-core	Checkout repository	2026-02-10T22:35:47.1122834Z  * [new tag]             0.0.49                  -> 0.0.49
job-core	Checkout repository	2026-02-10T22:35:47.1124097Z  * [new tag]             0.0.5                   -> 0.0.5
job-core	Checkout repository	2026-02-10T22:35:47.1125549Z  * [new tag]             0.0.50                  -> 0.0.50
job-core	Checkout repository	2026-02-10T22:35:47.1126989Z  * [new tag]             0.0.51                  -> 0.0.51
job-core	Checkout repository	2026-02-10T22:35:47.1128855Z  * [new tag]             0.0.52                  -> 0.0.52
job-core	Checkout repository	2026-02-10T22:35:47.1130601Z  * [new tag]             0.0.53                  -> 0.0.53
job-core	Checkout repository	2026-02-10T22:35:47.1132580Z  * [new tag]             0.0.54                  -> 0.0.54
job-core	Checkout repository	2026-02-10T22:35:47.1134295Z  * [new tag]             0.0.55                  -> 0.0.55
job-core	Checkout repository	2026-02-10T22:35:47.1135931Z  * [new tag]             0.0.56                  -> 0.0.56
job-core	Checkout repository	2026-02-10T22:35:47.1137367Z  * [new tag]             0.0.57                  -> 0.0.57
job-core	Checkout repository	2026-02-10T22:35:47.1139359Z  * [new tag]             0.0.58                  -> 0.0.58
job-core	Checkout repository	2026-02-10T22:35:47.1140548Z  * [new tag]             0.0.59                  -> 0.0.59
job-core	Checkout repository	2026-02-10T22:35:47.1141929Z  * [new tag]             0.0.6                   -> 0.0.6
job-core	Checkout repository	2026-02-10T22:35:47.1142927Z  * [new tag]             0.0.60                  -> 0.0.60
job-core	Checkout repository	2026-02-10T22:35:47.1143951Z  * [new tag]             0.0.61                  -> 0.0.61
job-core	Checkout repository	2026-02-10T22:35:47.1144985Z  * [new tag]             0.0.62                  -> 0.0.62
job-core	Checkout repository	2026-02-10T22:35:47.1146078Z  * [new tag]             0.0.63                  -> 0.0.63
job-core	Checkout repository	2026-02-10T22:35:47.1147134Z  * [new tag]             0.0.64                  -> 0.0.64
job-core	Checkout repository	2026-02-10T22:35:47.1148427Z  * [new tag]             0.0.65                  -> 0.0.65
job-core	Checkout repository	2026-02-10T22:35:47.1149565Z  * [new tag]             0.0.66                  -> 0.0.66
job-core	Checkout repository	2026-02-10T22:35:47.1150755Z  * [new tag]             0.0.67                  -> 0.0.67
job-core	Checkout repository	2026-02-10T22:35:47.1151908Z  * [new tag]             0.0.68                  -> 0.0.68
job-core	Checkout repository	2026-02-10T22:35:47.1153117Z  * [new tag]             0.0.69                  -> 0.0.69
job-core	Checkout repository	2026-02-10T22:35:47.1154308Z  * [new tag]             0.0.7                   -> 0.0.7
job-core	Checkout repository	2026-02-10T22:35:47.1155456Z  * [new tag]             0.0.70                  -> 0.0.70
job-core	Checkout repository	2026-02-10T22:35:47.1156631Z  * [new tag]             0.0.71                  -> 0.0.71
job-core	Checkout repository	2026-02-10T22:35:47.1157765Z  * [new tag]             0.0.72                  -> 0.0.72
job-core	Checkout repository	2026-02-10T22:35:47.1158965Z  * [new tag]             0.0.73                  -> 0.0.73
job-core	Checkout repository	2026-02-10T22:35:47.1159967Z  * [new tag]             0.0.74                  -> 0.0.74
job-core	Checkout repository	2026-02-10T22:35:47.1160953Z  * [new tag]             0.0.75                  -> 0.0.75
job-core	Checkout repository	2026-02-10T22:35:47.1161933Z  * [new tag]             0.0.76                  -> 0.0.76
job-core	Checkout repository	2026-02-10T22:35:47.1162982Z  * [new tag]             0.0.77                  -> 0.0.77
job-core	Checkout repository	2026-02-10T22:35:47.1164033Z  * [new tag]             0.0.78                  -> 0.0.78
job-core	Checkout repository	2026-02-10T22:35:47.1165214Z  * [new tag]             0.0.79                  -> 0.0.79
job-core	Checkout repository	2026-02-10T22:35:47.1166315Z  * [new tag]             0.0.8                   -> 0.0.8
job-core	Checkout repository	2026-02-10T22:35:47.1167407Z  * [new tag]             0.0.80                  -> 0.0.80
job-core	Checkout repository	2026-02-10T22:35:47.1168998Z  * [new tag]             0.0.81                  -> 0.0.81
job-core	Checkout repository	2026-02-10T22:35:47.1170209Z  * [new tag]             0.0.82                  -> 0.0.82
job-core	Checkout repository	2026-02-10T22:35:47.1181838Z  * [new tag]             0.0.83                  -> 0.0.83
job-core	Checkout repository	2026-02-10T22:35:47.1183425Z  * [new tag]             0.0.84                  -> 0.0.84
job-core	Checkout repository	2026-02-10T22:35:47.1185501Z  * [new tag]             0.0.85                  -> 0.0.85
job-core	Checkout repository	2026-02-10T22:35:47.1186806Z  * [new tag]             0.0.86                  -> 0.0.86
job-core	Checkout repository	2026-02-10T22:35:47.1188119Z  * [new tag]             0.0.87                  -> 0.0.87
job-core	Checkout repository	2026-02-10T22:35:47.1189540Z  * [new tag]             0.0.88                  -> 0.0.88
job-core	Checkout repository	2026-02-10T22:35:47.1190833Z  * [new tag]             0.0.89                  -> 0.0.89
job-core	Checkout repository	2026-02-10T22:35:47.1192103Z  * [new tag]             0.0.9                   -> 0.0.9
job-core	Checkout repository	2026-02-10T22:35:47.1193590Z  * [new tag]             0.0.90                  -> 0.0.90
job-core	Checkout repository	2026-02-10T22:35:47.1194722Z  * [new tag]             0.0.91                  -> 0.0.91
job-core	Checkout repository	2026-02-10T22:35:47.1195867Z  * [new tag]             0.0.92                  -> 0.0.92
job-core	Checkout repository	2026-02-10T22:35:47.1197141Z  * [new tag]             0.0.93                  -> 0.0.93
job-core	Checkout repository	2026-02-10T22:35:47.1198957Z  * [new tag]             0.0.94                  -> 0.0.94
job-core	Checkout repository	2026-02-10T22:35:47.1200642Z  * [new tag]             0.0.95                  -> 0.0.95
job-core	Checkout repository	2026-02-10T22:35:47.1201639Z  * [new tag]             0.0.96                  -> 0.0.96
job-core	Checkout repository	2026-02-10T22:35:47.1203094Z  * [new tag]             0.0.97                  -> 0.0.97
job-core	Checkout repository	2026-02-10T22:35:47.1204121Z  * [new tag]             0.0.98                  -> 0.0.98
job-core	Checkout repository	2026-02-10T22:35:47.1205175Z  * [new tag]             0.0.99                  -> 0.0.99
job-core	Checkout repository	2026-02-10T22:35:47.1206217Z  * [new tag]             0.1.0                   -> 0.1.0
job-core	Checkout repository	2026-02-10T22:35:47.1207258Z  * [new tag]             0.1.1                   -> 0.1.1
job-core	Checkout repository	2026-02-10T22:35:47.1209230Z  * [new tag]             0.2.0                   -> 0.2.0
job-core	Checkout repository	2026-02-10T22:35:47.1210634Z  * [new tag]             0.3.0                   -> 0.3.0
job-core	Checkout repository	2026-02-10T22:35:47.1211953Z  * [new tag]             0.3.1                   -> 0.3.1
job-core	Checkout repository	2026-02-10T22:35:47.1213069Z  * [new tag]             0.3.10                  -> 0.3.10
job-core	Checkout repository	2026-02-10T22:35:47.1214412Z  * [new tag]             0.3.11                  -> 0.3.11
job-core	Checkout repository	2026-02-10T22:35:47.1215568Z  * [new tag]             0.3.12                  -> 0.3.12
job-core	Checkout repository	2026-02-10T22:35:47.1216849Z  * [new tag]             0.3.13                  -> 0.3.13
job-core	Checkout repository	2026-02-10T22:35:47.1218289Z  * [new tag]             0.3.14                  -> 0.3.14
job-core	Checkout repository	2026-02-10T22:35:47.1219286Z  * [new tag]             0.3.15                  -> 0.3.15
job-core	Checkout repository	2026-02-10T22:35:47.1220251Z  * [new tag]             0.3.16                  -> 0.3.16
job-core	Checkout repository	2026-02-10T22:35:47.1221226Z  * [new tag]             0.3.17                  -> 0.3.17
job-core	Checkout repository	2026-02-10T22:35:47.1222190Z  * [new tag]             0.3.2                   -> 0.3.2
job-core	Checkout repository	2026-02-10T22:35:47.1223225Z  * [new tag]             0.3.3                   -> 0.3.3
job-core	Checkout repository	2026-02-10T22:35:47.1224256Z  * [new tag]             0.3.4                   -> 0.3.4
job-core	Checkout repository	2026-02-10T22:35:47.1225429Z  * [new tag]             0.3.5                   -> 0.3.5
job-core	Checkout repository	2026-02-10T22:35:47.1226512Z  * [new tag]             0.3.6                   -> 0.3.6
job-core	Checkout repository	2026-02-10T22:35:47.1227589Z  * [new tag]             0.3.7                   -> 0.3.7
job-core	Checkout repository	2026-02-10T22:35:47.1229426Z  * [new tag]             0.3.8                   -> 0.3.8
job-core	Checkout repository	2026-02-10T22:35:47.1230765Z  * [new tag]             0.3.9                   -> 0.3.9
job-core	Checkout repository	2026-02-10T22:35:47.1232089Z  * [new tag]             0.4.0                   -> 0.4.0
job-core	Checkout repository	2026-02-10T22:35:47.1233287Z  * [new tag]             0.4.1                   -> 0.4.1
job-core	Checkout repository	2026-02-10T22:35:47.1234559Z  * [new tag]             0.4.2                   -> 0.4.2
job-core	Checkout repository	2026-02-10T22:35:47.1235996Z  * [new tag]             0.4.3                   -> 0.4.3
job-core	Checkout repository	2026-02-10T22:35:47.1237222Z  * [new tag]             0.4.4                   -> 0.4.4
job-core	Checkout repository	2026-02-10T22:35:47.1238654Z  * [new tag]             0.4.5                   -> 0.4.5
job-core	Checkout repository	2026-02-10T22:35:47.1239615Z  * [new tag]             0.4.6                   -> 0.4.6
job-core	Checkout repository	2026-02-10T22:35:47.1240557Z  * [new tag]             0.4.7                   -> 0.4.7
job-core	Checkout repository	2026-02-10T22:35:47.1241534Z  * [new tag]             0.4.8                   -> 0.4.8
job-core	Checkout repository	2026-02-10T22:35:47.1242887Z  * [new tag]             0.4.9                   -> 0.4.9
job-core	Checkout repository	2026-02-10T22:35:47.1244364Z  * [new tag]             0.5.0                   -> 0.5.0
job-core	Checkout repository	2026-02-10T22:35:47.1245408Z  * [new tag]             0.5.1                   -> 0.5.1
job-core	Checkout repository	2026-02-10T22:35:47.1246410Z  * [new tag]             0.5.2                   -> 0.5.2
job-core	Checkout repository	2026-02-10T22:35:47.1247511Z  * [new tag]             0.6.0                   -> 0.6.0
job-core	Checkout repository	2026-02-10T22:35:47.1248775Z  * [new tag]             0.6.1                   -> 0.6.1
job-core	Checkout repository	2026-02-10T22:35:47.1250033Z  * [new tag]             0.6.2                   -> 0.6.2
job-core	Checkout repository	2026-02-10T22:35:47.1746033Z [command]/usr/bin/git branch --list --remote origin/main
job-core	Checkout repository	2026-02-10T22:35:47.1930894Z   origin/main
job-core	Checkout repository	2026-02-10T22:35:47.1939065Z [command]/usr/bin/git rev-parse refs/remotes/origin/main
job-core	Checkout repository	2026-02-10T22:35:47.2009265Z 1d32beca1f8887a5b2a4707e6c170619e3910a09
job-core	Checkout repository	2026-02-10T22:35:47.2031019Z ##[endgroup]
job-core	Checkout repository	2026-02-10T22:35:47.2032832Z ##[group]Determining the checkout info
job-core	Checkout repository	2026-02-10T22:35:47.2034262Z ##[endgroup]
job-core	Checkout repository	2026-02-10T22:35:47.2050803Z [command]/usr/bin/git sparse-checkout disable
job-core	Checkout repository	2026-02-10T22:35:47.2191036Z [command]/usr/bin/git config --local --unset-all extensions.worktreeConfig
job-core	Checkout repository	2026-02-10T22:35:47.2329777Z ##[group]Checking out the ref
job-core	Checkout repository	2026-02-10T22:35:47.2361616Z [command]/usr/bin/git checkout --progress --force -B main refs/remotes/origin/main
job-core	Checkout repository	2026-02-10T22:35:48.2666246Z Updating files:  72% (931/1276)
job-core	Checkout repository	2026-02-10T22:35:48.2677402Z Updating files:  73% (932/1276)
job-core	Checkout repository	2026-02-10T22:35:48.2690346Z Updating files:  74% (945/1276)
job-core	Checkout repository	2026-02-10T22:35:48.2705168Z Updating files:  75% (957/1276)
job-core	Checkout repository	2026-02-10T22:35:48.2719328Z Updating files:  76% (970/1276)
job-core	Checkout repository	2026-02-10T22:35:48.2730840Z Updating files:  77% (983/1276)
job-core	Checkout repository	2026-02-10T22:35:48.2741777Z Updating files:  78% (996/1276)
job-core	Checkout repository	2026-02-10T22:35:48.2753109Z Updating files:  79% (1009/1276)
job-core	Checkout repository	2026-02-10T22:35:48.2764817Z Updating files:  80% (1021/1276)
job-core	Checkout repository	2026-02-10T22:35:48.3128877Z Updating files:  81% (1034/1276)
job-core	Checkout repository	2026-02-10T22:35:48.3608269Z Updating files:  82% (1047/1276)
job-core	Checkout repository	2026-02-10T22:35:48.4093840Z Updating files:  83% (1060/1276)
job-core	Checkout repository	2026-02-10T22:35:48.4744899Z Updating files:  84% (1072/1276)
job-core	Checkout repository	2026-02-10T22:35:48.5697298Z Updating files:  85% (1085/1276)
job-core	Checkout repository	2026-02-10T22:35:48.8471496Z Updating files:  86% (1098/1276)
job-core	Checkout repository	2026-02-10T22:35:49.0381579Z Updating files:  87% (1111/1276)
job-core	Checkout repository	2026-02-10T22:35:49.2440174Z Updating files:  88% (1123/1276)
job-core	Checkout repository	2026-02-10T22:35:49.2606922Z Updating files:  89% (1136/1276)
job-core	Checkout repository	2026-02-10T22:35:49.5631805Z Updating files:  89% (1137/1276)
job-core	Checkout repository	2026-02-10T22:35:49.5795960Z Updating files:  90% (1149/1276)
job-core	Checkout repository	2026-02-10T22:35:49.5855107Z Updating files:  91% (1162/1276)
job-core	Checkout repository	2026-02-10T22:35:49.5889994Z Updating files:  92% (1174/1276)
job-core	Checkout repository	2026-02-10T22:35:49.5929297Z Updating files:  93% (1187/1276)
job-core	Checkout repository	2026-02-10T22:35:49.6111259Z Updating files:  94% (1200/1276)
job-core	Checkout repository	2026-02-10T22:35:49.6134590Z Updating files:  95% (1213/1276)
job-core	Checkout repository	2026-02-10T22:35:49.6166704Z Updating files:  96% (1225/1276)
job-core	Checkout repository	2026-02-10T22:35:49.6204731Z Updating files:  97% (1238/1276)
job-core	Checkout repository	2026-02-10T22:35:49.6275312Z Updating files:  98% (1251/1276)
job-core	Checkout repository	2026-02-10T22:35:49.6313047Z Updating files:  99% (1264/1276)
job-core	Checkout repository	2026-02-10T22:35:49.6316203Z Updating files: 100% (1276/1276)
job-core	Checkout repository	2026-02-10T22:35:49.6339119Z Updating files: 100% (1276/1276), done.
job-core	Checkout repository	2026-02-10T22:35:49.6459325Z Switched to a new branch 'main'
job-core	Checkout repository	2026-02-10T22:35:49.6472117Z branch 'main' set up to track 'origin/main'.
job-core	Checkout repository	2026-02-10T22:35:49.6940945Z ##[endgroup]
job-core	Checkout repository	2026-02-10T22:35:49.7094940Z [command]/usr/bin/git log -1 --format=%H
job-core	Checkout repository	2026-02-10T22:35:49.7179184Z 1d32beca1f8887a5b2a4707e6c170619e3910a09
job-core	Execute audit script	ï»¿2026-02-10T22:35:49.8242371Z Prepare all required actions
job-core	Execute audit script	2026-02-10T22:35:49.8571789Z ##[group]Run ./.github/actions/ssh-exec
job-core	Execute audit script	2026-02-10T22:35:49.8572513Z with:
job-core	Execute audit script	2026-02-10T22:35:49.8573198Z   host: ***
job-core	Execute audit script	2026-02-10T22:35:49.8573713Z   username: ***
job-core	Execute audit script	2026-02-10T22:35:49.8579442Z   key: ***
job-core	Execute audit script	2026-02-10T22:35:49.8580005Z   port: ***
job-core	Execute audit script	2026-02-10T22:35:49.8580510Z   pass: ***
job-core	Execute audit script	2026-02-10T22:35:49.8580979Z   use-sudo: true
job-core	Execute audit script	2026-02-10T22:35:49.8581539Z   script-path: devops/core/host/test.sh
job-core	Execute audit script	2026-02-10T22:35:49.8582730Z   remote-results-path: /tmp/results/
job-core	Execute audit script	2026-02-10T22:35:49.8583433Z   local-results-path: audit/eresults/
job-core	Execute audit script	2026-02-10T22:35:49.8584116Z   remote-tmp-dir: /tmp
job-core	Execute audit script	2026-02-10T22:35:49.8584653Z env:
job-core	Execute audit script	2026-02-10T22:35:49.8585130Z   KAOS_MODULE: [Ka0S] Audit Host
job-core	Execute audit script	2026-02-10T22:35:49.8585785Z   KAOS_PATH_RESUME: audit/eresults/
job-core	Execute audit script	2026-02-10T22:35:49.8586437Z   KAOS_FILE_HOST: 21885041996
job-core	Execute audit script	2026-02-10T22:35:49.8587029Z   KAOS_CODE: 21885041996
job-core	Execute audit script	2026-02-10T22:35:49.8587592Z ##[endgroup]
job-core	Execute audit script	2026-02-10T22:35:49.8922827Z ##[group]Run echo "***
job-core	Execute audit script	2026-02-10T22:35:49.8924934Z [36;1mecho "***[0m
job-core	Execute audit script	2026-02-10T22:35:49.8926108Z [36;1m***[0m
job-core	Execute audit script	2026-02-10T22:35:49.8927247Z [36;1m***[0m
job-core	Execute audit script	2026-02-10T22:35:49.8931492Z [36;1m***[0m
job-core	Execute audit script	2026-02-10T22:35:49.8932691Z [36;1m***[0m
job-core	Execute audit script	2026-02-10T22:35:49.8933827Z [36;1m***[0m
job-core	Execute audit script	2026-02-10T22:35:49.8934831Z [36;1m***" > /home/runner/_work/_temp/ssh_key[0m
job-core	Execute audit script	2026-02-10T22:35:49.8935812Z [36;1mchmod 600 /home/runner/_work/_temp/ssh_key[0m
job-core	Execute audit script	2026-02-10T22:35:49.8995744Z shell: /usr/bin/bash --noprofile --norc -e -o pipefail {0}
job-core	Execute audit script	2026-02-10T22:35:49.9000003Z env:
job-core	Execute audit script	2026-02-10T22:35:49.9000760Z   KAOS_MODULE: [Ka0S] Audit Host
job-core	Execute audit script	2026-02-10T22:35:49.9001600Z   KAOS_PATH_RESUME: audit/eresults/
job-core	Execute audit script	2026-02-10T22:35:49.9002440Z   KAOS_FILE_HOST: 21885041996
job-core	Execute audit script	2026-02-10T22:35:49.9003219Z   KAOS_CODE: 21885041996
job-core	Execute audit script	2026-02-10T22:35:49.9003775Z ##[endgroup]
job-core	Execute audit script	2026-02-10T22:35:49.9461412Z ##[group]Run scp -o StrictHostKeyChecking=no -i /home/runner/_work/_temp/ssh_key -P *** devops/core/host/test.sh ***@***:/tmp
job-core	Execute audit script	2026-02-10T22:35:49.9464740Z [36;1mscp -o StrictHostKeyChecking=no -i /home/runner/_work/_temp/ssh_key -P *** devops/core/host/test.sh ***@***:/tmp[0m
job-core	Execute audit script	2026-02-10T22:35:49.9490501Z shell: /usr/bin/bash --noprofile --norc -e -o pipefail {0}
job-core	Execute audit script	2026-02-10T22:35:49.9491795Z env:
job-core	Execute audit script	2026-02-10T22:35:49.9492617Z   KAOS_MODULE: [Ka0S] Audit Host
job-core	Execute audit script	2026-02-10T22:35:49.9493712Z   KAOS_PATH_RESUME: audit/eresults/
job-core	Execute audit script	2026-02-10T22:35:49.9494786Z   KAOS_FILE_HOST: 21885041996
job-core	Execute audit script	2026-02-10T22:35:49.9496202Z   KAOS_CODE: 21885041996
job-core	Execute audit script	2026-02-10T22:35:49.9497422Z ##[endgroup]
job-core	Execute audit script	2026-02-10T22:35:50.1051970Z Warning: Permanently added '[***]:***' (ED25519) to the list of known hosts.
job-core	Execute audit script	2026-02-10T22:35:50.5032279Z ##[group]Run REMOTE_SCRIPT_PATH="/tmp/$(basename devops/core/host/test.sh)"
job-core	Execute audit script	2026-02-10T22:35:50.5034534Z [36;1mREMOTE_SCRIPT_PATH="/tmp/$(basename devops/core/host/test.sh)"[0m
job-core	Execute audit script	2026-02-10T22:35:50.5036210Z [36;1mEXEC_COMMAND="chmod +x $REMOTE_SCRIPT_PATH && $REMOTE_SCRIPT_PATH "[0m
job-core	Execute audit script	2026-02-10T22:35:50.5038132Z [36;1mif [[ "true" == "true" ]]; then[0m
job-core	Execute audit script	2026-02-10T22:35:50.5039416Z [36;1m  SUDO_PREFIX="echo '***' | sudo -S"[0m
job-core	Execute audit script	2026-02-10T22:35:50.5041064Z [36;1m  COMMAND_CHAIN="$SUDO_PREFIX bash -c '$EXEC_COMMAND'"[0m
job-core	Execute audit script	2026-02-10T22:35:50.5042728Z [36;1m  if [[ "/tmp/results/" != "" ]]; then[0m
job-core	Execute audit script	2026-02-10T22:35:50.5044578Z [36;1m    COMMAND_CHAIN="$COMMAND_CHAIN && $SUDO_PREFIX chmod -R 777 /tmp/results/"[0m
job-core	Execute audit script	2026-02-10T22:35:50.5046323Z [36;1m  fi[0m
job-core	Execute audit script	2026-02-10T22:35:50.5048724Z [36;1m  ssh -o StrictHostKeyChecking=no -i /home/runner/_work/_temp/ssh_key -p *** ***@*** "$COMMAND_CHAIN && rm $REMOTE_SCRIPT_PATH"[0m
job-core	Execute audit script	2026-02-10T22:35:50.5050992Z [36;1melse[0m
job-core	Execute audit script	2026-02-10T22:35:50.5053384Z [36;1m  ssh -o StrictHostKeyChecking=no -i /home/runner/_work/_temp/ssh_key -p *** ***@*** "$EXEC_COMMAND && rm $REMOTE_SCRIPT_PATH"[0m
job-core	Execute audit script	2026-02-10T22:35:50.5055749Z [36;1mfi[0m
job-core	Execute audit script	2026-02-10T22:35:50.5077752Z shell: /usr/bin/bash --noprofile --norc -e -o pipefail {0}
job-core	Execute audit script	2026-02-10T22:35:50.5079191Z env:
job-core	Execute audit script	2026-02-10T22:35:50.5080225Z   KAOS_MODULE: [Ka0S] Audit Host
job-core	Execute audit script	2026-02-10T22:35:50.5081844Z   KAOS_PATH_RESUME: audit/eresults/
job-core	Execute audit script	2026-02-10T22:35:50.5083098Z   KAOS_FILE_HOST: 21885041996
job-core	Execute audit script	2026-02-10T22:35:50.5084194Z   KAOS_CODE: 21885041996
job-core	Execute audit script	2026-02-10T22:35:50.5085286Z ##[endgroup]
job-core	Execute audit script	2026-02-10T22:35:51.1699573Z Executing test script on k8-manager
job-core	Execute audit script	2026-02-10T22:35:51.1892955Z Test script finished. Results are in /tmp/results
job-core	Execute audit script	2026-02-10T22:35:51.2010240Z total 8
job-core	Execute audit script	2026-02-10T22:35:51.2011931Z -rw-r--r-- 1 root root  51 feb 10 22:35 test_log_1770762951.log
job-core	Execute audit script	2026-02-10T22:35:51.2014448Z -rw-r--r-- 1 root root 101 feb 10 22:35 test_results_1770762951.json
job-core	Execute audit script	2026-02-10T22:35:51.2643780Z [sudo] password for ***: 
job-core	Execute audit script	2026-02-10T22:35:51.2832321Z ##[group]Run mkdir -p audit/eresults/
job-core	Execute audit script	2026-02-10T22:35:51.2833457Z [36;1mmkdir -p audit/eresults/[0m
job-core	Execute audit script	2026-02-10T22:35:51.2835354Z [36;1mscp -o StrictHostKeyChecking=no -r -i /home/runner/_work/_temp/ssh_key -P *** ***@***:/tmp/results//* audit/eresults/[0m
job-core	Execute audit script	2026-02-10T22:35:51.2836877Z [36;1mecho "path=audit/eresults/" >> $GITHUB_OUTPUT[0m
job-core	Execute audit script	2026-02-10T22:35:51.2860839Z shell: /usr/bin/bash --noprofile --norc -e -o pipefail {0}
job-core	Execute audit script	2026-02-10T22:35:51.2861667Z env:
job-core	Execute audit script	2026-02-10T22:35:51.2862163Z   KAOS_MODULE: [Ka0S] Audit Host
job-core	Execute audit script	2026-02-10T22:35:51.2862812Z   KAOS_PATH_RESUME: audit/eresults/
job-core	Execute audit script	2026-02-10T22:35:51.2863466Z   KAOS_FILE_HOST: 21885041996
job-core	Execute audit script	2026-02-10T22:35:51.2864053Z   KAOS_CODE: 21885041996
job-core	Execute audit script	2026-02-10T22:35:51.2864596Z ##[endgroup]
job-core	Upload audit results	ï»¿2026-02-10T22:35:52.1424628Z ##[group]Run actions/upload-artifact@v4
job-core	Upload audit results	2026-02-10T22:35:52.1426002Z with:
job-core	Upload audit results	2026-02-10T22:35:52.1426911Z   name: audit-results
job-core	Upload audit results	2026-02-10T22:35:52.1428482Z   path: audit/eresults/
job-core	Upload audit results	2026-02-10T22:35:52.1429636Z   if-no-files-found: warn
job-core	Upload audit results	2026-02-10T22:35:52.1430794Z   compression-level: 6
job-core	Upload audit results	2026-02-10T22:35:52.1431909Z   overwrite: false
job-core	Upload audit results	2026-02-10T22:35:52.1433006Z   include-hidden-files: false
job-core	Upload audit results	2026-02-10T22:35:52.1434118Z env:
job-core	Upload audit results	2026-02-10T22:35:52.1435140Z   KAOS_MODULE: [Ka0S] Audit Host
job-core	Upload audit results	2026-02-10T22:35:52.1436398Z   KAOS_PATH_RESUME: audit/eresults/
job-core	Upload audit results	2026-02-10T22:35:52.1437659Z   KAOS_FILE_HOST: 21885041996
job-core	Upload audit results	2026-02-10T22:35:52.1438365Z   KAOS_CODE: 21885041996
job-core	Upload audit results	2026-02-10T22:35:52.1438701Z ##[endgroup]
job-core	Upload audit results	2026-02-10T22:35:52.5263676Z With the provided path, there will be 5 files uploaded
job-core	Upload audit results	2026-02-10T22:35:52.5274556Z Artifact name is valid!
job-core	Upload audit results	2026-02-10T22:35:52.5276045Z Root directory input is valid!
job-core	Upload audit results	2026-02-10T22:35:53.0332565Z Beginning upload of artifact content to blob storage
job-core	Upload audit results	2026-02-10T22:35:53.5159224Z Uploaded bytes 1035
job-core	Upload audit results	2026-02-10T22:35:53.6273548Z Finished uploading artifact content to blob storage!
job-core	Upload audit results	2026-02-10T22:35:53.6285102Z SHA256 digest of uploaded artifact zip is f4892cd4893de29aa362901b206270e48be3b6007b66a15bb11823bc2f85678f
job-core	Upload audit results	2026-02-10T22:35:53.6297243Z Finalizing artifact upload
job-core	Upload audit results	2026-02-10T22:35:53.8377263Z Artifact audit-results.zip successfully finalized. Artifact ID 5457131132
job-core	Upload audit results	2026-02-10T22:35:53.8385612Z Artifact audit-results has been successfully uploaded! Final size is 1035 bytes. Artifact ID is 5457131132
job-core	Upload audit results	2026-02-10T22:35:53.8436468Z Artifact download URL: https://github.com/Ka0s-Klaus/ka0s/actions/runs/21885041996/artifacts/5457131132
job-core	Post Checkout repository	ï»¿2026-02-10T22:35:53.9867408Z Post job cleanup.
job-core	Post Checkout repository	2026-02-10T22:35:54.1819531Z [command]/usr/bin/git version
job-core	Post Checkout repository	2026-02-10T22:35:54.1888874Z git version 2.52.0
job-core	Post Checkout repository	2026-02-10T22:35:54.1964643Z Temporarily overriding HOME='/home/runner/_work/_temp/49a09cf3-3980-4271-98dd-7222750daf07' before making global git config changes
job-core	Post Checkout repository	2026-02-10T22:35:54.1967923Z Adding repository directory to the temporary git global config as a safe directory
job-core	Post Checkout repository	2026-02-10T22:35:54.1977357Z [command]/usr/bin/git config --global --add safe.directory /home/runner/_work/ka0s/ka0s
job-core	Post Checkout repository	2026-02-10T22:35:54.2058936Z [command]/usr/bin/git config --local --name-only --get-regexp core\.sshCommand
job-core	Post Checkout repository	2026-02-10T22:35:54.2124520Z [command]/usr/bin/git submodule foreach --recursive sh -c "git config --local --name-only --get-regexp 'core\.sshCommand' && git config --local --unset-all 'core.sshCommand' || :"
job-core	Post Checkout repository	2026-02-10T22:35:54.2586670Z [command]/usr/bin/git config --local --name-only --get-regexp http\.https\:\/\/github\.com\/\.extraheader
job-core	Post Checkout repository	2026-02-10T22:35:54.2625178Z http.https://github.com/.extraheader
job-core	Post Checkout repository	2026-02-10T22:35:54.2644596Z [command]/usr/bin/git config --local --unset-all http.https://github.com/.extraheader
job-core	Post Checkout repository	2026-02-10T22:35:54.2705041Z [command]/usr/bin/git submodule foreach --recursive sh -c "git config --local --name-only --get-regexp 'http\.https\:\/\/github\.com\/\.extraheader' && git config --local --unset-all 'http.https://github.com/.extraheader' || :"
job-core	Post Checkout repository	2026-02-10T22:35:54.3178506Z [command]/usr/bin/git config --local --name-only --get-regexp ^includeIf\.gitdir:
job-core	Post Checkout repository	2026-02-10T22:35:54.3233951Z [command]/usr/bin/git submodule foreach --recursive git config --local --show-origin --name-only --get-regexp remote.origin.url
job-core	Complete job	ï»¿2026-02-10T22:35:54.3934801Z Evaluate and set job outputs
job-core	Complete job	2026-02-10T22:35:54.3947170Z Set output 'results_path'
job-core	Complete job	2026-02-10T22:35:54.3952286Z Cleaning up orphan processes
commit-results	Set up job	ï»¿2026-02-10T22:36:09.3377231Z Current runner version: '2.331.0'
commit-results	Set up job	2026-02-10T22:36:09.3398393Z Runner name: 'swarm-runners-scaleset-hkss5-runner-xgcgp'
commit-results	Set up job	2026-02-10T22:36:09.3400030Z Runner group name: 'Default'
commit-results	Set up job	2026-02-10T22:36:09.3402985Z Machine name: 'swarm-runners-scaleset-hkss5-runner-xgcgp'
commit-results	Set up job	2026-02-10T22:36:09.3417461Z ##[group]GITHUB_TOKEN Permissions
commit-results	Set up job	2026-02-10T22:36:09.3424426Z Actions: write
commit-results	Set up job	2026-02-10T22:36:09.3426769Z Contents: write
commit-results	Set up job	2026-02-10T22:36:09.3429118Z Issues: write
commit-results	Set up job	2026-02-10T22:36:09.3430054Z Metadata: read
commit-results	Set up job	2026-02-10T22:36:09.3430747Z PullRequests: write
commit-results	Set up job	2026-02-10T22:36:09.3431523Z ##[endgroup]
commit-results	Set up job	2026-02-10T22:36:09.3434748Z Secret source: Actions
commit-results	Set up job	2026-02-10T22:36:09.3435816Z Prepare workflow directory
commit-results	Set up job	2026-02-10T22:36:09.4550927Z Prepare all required actions
commit-results	Set up job	2026-02-10T22:36:09.4622349Z Getting action download info
commit-results	Set up job	2026-02-10T22:36:10.2940918Z Download action repository 'actions/checkout@v4' (SHA:34e114876b0b11c390a56381ad16ebd13914f8d5)
commit-results	Set up job	2026-02-10T22:36:11.1269482Z Download action repository 'actions/download-artifact@v4' (SHA:d3f86a106a0bac45b974a628896c90dbdf5c8093)
commit-results	Set up job	2026-02-10T22:36:12.3868998Z Complete job name: commit-results
commit-results	Checkout repository	ï»¿2026-02-10T22:36:12.6914008Z ##[group]Run actions/checkout@v4
commit-results	Checkout repository	2026-02-10T22:36:12.6917675Z with:
commit-results	Checkout repository	2026-02-10T22:36:12.6919691Z   repository: Ka0s-Klaus/ka0s
commit-results	Checkout repository	2026-02-10T22:36:12.6922477Z   token: ***
commit-results	Checkout repository	2026-02-10T22:36:12.6925439Z   ssh-strict: true
commit-results	Checkout repository	2026-02-10T22:36:12.6927514Z   ssh-user: git
commit-results	Checkout repository	2026-02-10T22:36:12.6928756Z   persist-credentials: true
commit-results	Checkout repository	2026-02-10T22:36:12.6929565Z   clean: true
commit-results	Checkout repository	2026-02-10T22:36:12.6930167Z   sparse-checkout-cone-mode: true
commit-results	Checkout repository	2026-02-10T22:36:12.6930873Z   fetch-depth: 1
commit-results	Checkout repository	2026-02-10T22:36:12.6931444Z   fetch-tags: false
commit-results	Checkout repository	2026-02-10T22:36:12.6932035Z   show-progress: true
commit-results	Checkout repository	2026-02-10T22:36:12.6932641Z   lfs: false
commit-results	Checkout repository	2026-02-10T22:36:12.6933209Z   submodules: false
commit-results	Checkout repository	2026-02-10T22:36:12.6934435Z   set-safe-directory: true
commit-results	Checkout repository	2026-02-10T22:36:12.6938516Z env:
commit-results	Checkout repository	2026-02-10T22:36:12.6940947Z   KAOS_MODULE: [Ka0S] Audit Host
commit-results	Checkout repository	2026-02-10T22:36:12.6943932Z   KAOS_PATH_RESUME: audit/eresults/
commit-results	Checkout repository	2026-02-10T22:36:12.6947012Z   KAOS_FILE_HOST: 21885041996
commit-results	Checkout repository	2026-02-10T22:36:12.6949446Z   KAOS_CODE: 21885041996
commit-results	Checkout repository	2026-02-10T22:36:12.6951829Z ##[endgroup]
commit-results	Checkout repository	2026-02-10T22:36:12.8975022Z Syncing repository: Ka0s-Klaus/ka0s
commit-results	Checkout repository	2026-02-10T22:36:12.8977648Z ##[group]Getting Git version info
commit-results	Checkout repository	2026-02-10T22:36:12.8979417Z Working directory is '/home/runner/_work/ka0s/ka0s'
commit-results	Checkout repository	2026-02-10T22:36:12.8980923Z [command]/usr/bin/git version
commit-results	Checkout repository	2026-02-10T22:36:12.8981633Z git version 2.52.0
commit-results	Checkout repository	2026-02-10T22:36:12.9008435Z ##[endgroup]
commit-results	Checkout repository	2026-02-10T22:36:12.9035581Z Temporarily overriding HOME='/home/runner/_work/_temp/8959486f-0476-4179-a0d9-c57fae62f25a' before making global git config changes
commit-results	Checkout repository	2026-02-10T22:36:12.9040631Z Adding repository directory to the temporary git global config as a safe directory
commit-results	Checkout repository	2026-02-10T22:36:12.9047667Z [command]/usr/bin/git config --global --add safe.directory /home/runner/_work/ka0s/ka0s
commit-results	Checkout repository	2026-02-10T22:36:12.9112626Z Deleting the contents of '/home/runner/_work/ka0s/ka0s'
commit-results	Checkout repository	2026-02-10T22:36:12.9121383Z ##[group]Initializing the repository
commit-results	Checkout repository	2026-02-10T22:36:12.9129805Z [command]/usr/bin/git init /home/runner/_work/ka0s/ka0s
commit-results	Checkout repository	2026-02-10T22:36:12.9210148Z hint: Using 'master' as the name for the initial branch. This default branch name
commit-results	Checkout repository	2026-02-10T22:36:12.9216721Z hint: will change to "main" in Git 3.0. To configure the initial branch name
commit-results	Checkout repository	2026-02-10T22:36:12.9219249Z hint: to use in all of your new repositories, which will suppress this warning,
commit-results	Checkout repository	2026-02-10T22:36:12.9220285Z hint: call:
commit-results	Checkout repository	2026-02-10T22:36:12.9220862Z hint:
commit-results	Checkout repository	2026-02-10T22:36:12.9222289Z hint: 	git config --global init.defaultBranch <name>
commit-results	Checkout repository	2026-02-10T22:36:12.9223660Z hint:
commit-results	Checkout repository	2026-02-10T22:36:12.9224463Z hint: Names commonly chosen instead of 'master' are 'main', 'trunk' and
commit-results	Checkout repository	2026-02-10T22:36:12.9225705Z hint: 'development'. The just-created branch can be renamed via this command:
commit-results	Checkout repository	2026-02-10T22:36:12.9226712Z hint:
commit-results	Checkout repository	2026-02-10T22:36:12.9227294Z hint: 	git branch -m <name>
commit-results	Checkout repository	2026-02-10T22:36:12.9228261Z hint:
commit-results	Checkout repository	2026-02-10T22:36:12.9229561Z hint: Disable this message with "git config set advice.defaultBranchName false"
commit-results	Checkout repository	2026-02-10T22:36:12.9232649Z Initialized empty Git repository in /home/runner/_work/ka0s/ka0s/.git/
commit-results	Checkout repository	2026-02-10T22:36:12.9235068Z [command]/usr/bin/git remote add origin https://github.com/Ka0s-Klaus/ka0s
commit-results	Checkout repository	2026-02-10T22:36:12.9290629Z ##[endgroup]
commit-results	Checkout repository	2026-02-10T22:36:12.9291813Z ##[group]Disabling automatic garbage collection
commit-results	Checkout repository	2026-02-10T22:36:12.9296801Z [command]/usr/bin/git config --local gc.auto 0
commit-results	Checkout repository	2026-02-10T22:36:12.9349213Z ##[endgroup]
commit-results	Checkout repository	2026-02-10T22:36:12.9350302Z ##[group]Setting up auth
commit-results	Checkout repository	2026-02-10T22:36:12.9359870Z [command]/usr/bin/git config --local --name-only --get-regexp core\.sshCommand
commit-results	Checkout repository	2026-02-10T22:36:12.9416886Z [command]/usr/bin/git submodule foreach --recursive sh -c "git config --local --name-only --get-regexp 'core\.sshCommand' && git config --local --unset-all 'core.sshCommand' || :"
commit-results	Checkout repository	2026-02-10T22:36:12.9900302Z [command]/usr/bin/git config --local --name-only --get-regexp http\.https\:\/\/github\.com\/\.extraheader
commit-results	Checkout repository	2026-02-10T22:36:12.9958256Z [command]/usr/bin/git submodule foreach --recursive sh -c "git config --local --name-only --get-regexp 'http\.https\:\/\/github\.com\/\.extraheader' && git config --local --unset-all 'http.https://github.com/.extraheader' || :"
commit-results	Checkout repository	2026-02-10T22:36:13.0412927Z [command]/usr/bin/git config --local --name-only --get-regexp ^includeIf\.gitdir:
commit-results	Checkout repository	2026-02-10T22:36:13.0471604Z [command]/usr/bin/git submodule foreach --recursive git config --local --show-origin --name-only --get-regexp remote.origin.url
commit-results	Checkout repository	2026-02-10T22:36:13.0940893Z [command]/usr/bin/git config --local http.https://github.com/.extraheader AUTHORIZATION: basic ***
commit-results	Checkout repository	2026-02-10T22:36:13.1029608Z ##[endgroup]
commit-results	Checkout repository	2026-02-10T22:36:13.1033830Z ##[group]Fetching the repository
commit-results	Checkout repository	2026-02-10T22:36:13.1048753Z [command]/usr/bin/git -c protocol.version=2 fetch --no-tags --prune --no-recurse-submodules --depth=1 origin +1d32beca1f8887a5b2a4707e6c170619e3910a09:refs/remotes/origin/main
commit-results	Checkout repository	2026-02-10T22:36:22.7836237Z From https://github.com/Ka0s-Klaus/ka0s
commit-results	Checkout repository	2026-02-10T22:36:22.7840848Z  * [new ref]         1d32beca1f8887a5b2a4707e6c170619e3910a09 -> origin/main
commit-results	Checkout repository	2026-02-10T22:36:22.8015109Z ##[endgroup]
commit-results	Checkout repository	2026-02-10T22:36:22.8020453Z ##[group]Determining the checkout info
commit-results	Checkout repository	2026-02-10T22:36:22.8025903Z ##[endgroup]
commit-results	Checkout repository	2026-02-10T22:36:22.8044845Z [command]/usr/bin/git sparse-checkout disable
commit-results	Checkout repository	2026-02-10T22:36:22.8346414Z [command]/usr/bin/git config --local --unset-all extensions.worktreeConfig
commit-results	Checkout repository	2026-02-10T22:36:22.8534539Z ##[group]Checking out the ref
commit-results	Checkout repository	2026-02-10T22:36:22.8541125Z [command]/usr/bin/git checkout --progress --force -B main refs/remotes/origin/main
commit-results	Checkout repository	2026-02-10T22:36:23.8939290Z Updating files:  82% (1058/1276)
commit-results	Checkout repository	2026-02-10T22:36:23.9704492Z Updating files:  83% (1060/1276)
commit-results	Checkout repository	2026-02-10T22:36:24.0531686Z Updating files:  84% (1072/1276)
commit-results	Checkout repository	2026-02-10T22:36:24.1941378Z Updating files:  85% (1085/1276)
commit-results	Checkout repository	2026-02-10T22:36:24.3979462Z Updating files:  86% (1098/1276)
commit-results	Checkout repository	2026-02-10T22:36:24.5449493Z Updating files:  87% (1111/1276)
commit-results	Checkout repository	2026-02-10T22:36:24.6752694Z Updating files:  88% (1123/1276)
commit-results	Checkout repository	2026-02-10T22:36:24.8402217Z Updating files:  89% (1136/1276)
commit-results	Checkout repository	2026-02-10T22:36:24.8537667Z Updating files:  90% (1149/1276)
commit-results	Checkout repository	2026-02-10T22:36:24.8552569Z Updating files:  91% (1162/1276)
commit-results	Checkout repository	2026-02-10T22:36:24.8571738Z Updating files:  92% (1174/1276)
commit-results	Checkout repository	2026-02-10T22:36:24.8586121Z Updating files:  93% (1187/1276)
commit-results	Checkout repository	2026-02-10T22:36:24.8698138Z Updating files:  94% (1200/1276)
commit-results	Checkout repository	2026-02-10T22:36:24.8715402Z Updating files:  95% (1213/1276)
commit-results	Checkout repository	2026-02-10T22:36:24.8730477Z Updating files:  96% (1225/1276)
commit-results	Checkout repository	2026-02-10T22:36:24.8736835Z Updating files:  96% (1232/1276)
commit-results	Checkout repository	2026-02-10T22:36:24.8754223Z Updating files:  97% (1238/1276)
commit-results	Checkout repository	2026-02-10T22:36:24.8772228Z Updating files:  98% (1251/1276)
commit-results	Checkout repository	2026-02-10T22:36:24.8786546Z Updating files:  99% (1264/1276)
commit-results	Checkout repository	2026-02-10T22:36:24.8787664Z Updating files: 100% (1276/1276)
commit-results	Checkout repository	2026-02-10T22:36:24.8791815Z Updating files: 100% (1276/1276), done.
commit-results	Checkout repository	2026-02-10T22:36:24.8853660Z Switched to a new branch 'main'
commit-results	Checkout repository	2026-02-10T22:36:24.8863640Z branch 'main' set up to track 'origin/main'.
commit-results	Checkout repository	2026-02-10T22:36:24.9134890Z ##[endgroup]
commit-results	Checkout repository	2026-02-10T22:36:24.9207083Z [command]/usr/bin/git log -1 --format=%H
commit-results	Checkout repository	2026-02-10T22:36:24.9262532Z 1d32beca1f8887a5b2a4707e6c170619e3910a09
commit-results	Download audit results	ï»¿2026-02-10T22:36:24.9825487Z ##[group]Run actions/download-artifact@v4
commit-results	Download audit results	2026-02-10T22:36:24.9826299Z with:
commit-results	Download audit results	2026-02-10T22:36:24.9826759Z   name: audit-results
commit-results	Download audit results	2026-02-10T22:36:24.9827330Z   path: audit/eresults/
commit-results	Download audit results	2026-02-10T22:36:24.9828179Z   merge-multiple: false
commit-results	Download audit results	2026-02-10T22:36:24.9828914Z   repository: Ka0s-Klaus/ka0s
commit-results	Download audit results	2026-02-10T22:36:24.9829561Z   run-id: 21885041996
commit-results	Download audit results	2026-02-10T22:36:24.9830398Z env:
commit-results	Download audit results	2026-02-10T22:36:24.9830866Z   KAOS_MODULE: [Ka0S] Audit Host
commit-results	Download audit results	2026-02-10T22:36:24.9831551Z   KAOS_PATH_RESUME: audit/eresults/
commit-results	Download audit results	2026-02-10T22:36:24.9832203Z   KAOS_FILE_HOST: 21885041996
commit-results	Download audit results	2026-02-10T22:36:24.9832803Z   KAOS_CODE: 21885041996
commit-results	Download audit results	2026-02-10T22:36:24.9833347Z ##[endgroup]
commit-results	Download audit results	2026-02-10T22:36:25.4035917Z Downloading single artifact
commit-results	Download audit results	2026-02-10T22:36:25.9774690Z Preparing to download the following artifacts:
commit-results	Download audit results	2026-02-10T22:36:25.9789339Z - audit-results (ID: 5457131132, Size: 1035, Expected Digest: sha256:f4892cd4893de29aa362901b206270e48be3b6007b66a15bb11823bc2f85678f)
commit-results	Download audit results	2026-02-10T22:36:26.2526902Z Redirecting to blob download url: https://productionresultssa15.blob.core.windows.net/actions-results/4dcbd59a-12b6-4bb0-b961-e0e12bd55829/workflow-job-run-50955f9a-ee65-5d35-abb3-0ff310fb9d00/artifacts/bda29559c44e98e0c89721deb40d4f813acc44136fc09a42bad296764550cc0a.zip
commit-results	Download audit results	2026-02-10T22:36:26.2537049Z Starting download of artifact to: /home/runner/_work/ka0s/ka0s/audit/eresults
commit-results	Download audit results	2026-02-10T22:36:26.6795245Z (node:176) [DEP0005] DeprecationWarning: Buffer() is deprecated due to security and usability issues. Please use the Buffer.alloc(), Buffer.allocUnsafe(), or Buffer.from() methods instead.
commit-results	Download audit results	2026-02-10T22:36:26.6799305Z (Use `node --trace-deprecation ...` to show where the warning was created)
commit-results	Download audit results	2026-02-10T22:36:26.7000750Z SHA256 digest of downloaded artifact is f4892cd4893de29aa362901b206270e48be3b6007b66a15bb11823bc2f85678f
commit-results	Download audit results	2026-02-10T22:36:26.7002229Z Artifact download completed successfully.
commit-results	Download audit results	2026-02-10T22:36:26.7003548Z Total of 1 artifact(s) downloaded
commit-results	Download audit results	2026-02-10T22:36:26.7015741Z Download artifact has finished successfully
commit-results	Commit and push results	ï»¿2026-02-10T22:36:26.7324924Z ##[group]Run echo "Uploading files to Audit update repository..."
commit-results	Commit and push results	2026-02-10T22:36:26.7326783Z [36;1mecho "Uploading files to Audit update repository..."[0m
commit-results	Commit and push results	2026-02-10T22:36:26.7329282Z [36;1mgit config --global user.name "***"[0m
commit-results	Commit and push results	2026-02-10T22:36:26.7329801Z [36;1mgit config --global user.email "***"[0m
commit-results	Commit and push results	2026-02-10T22:36:26.7330220Z [36;1mgit pull origin refs/heads/main[0m
commit-results	Commit and push results	2026-02-10T22:36:26.7330596Z [36;1mgit add audit/eresults//*[0m
commit-results	Commit and push results	2026-02-10T22:36:26.7330970Z [36;1mif ! git diff --staged --quiet; then[0m
commit-results	Commit and push results	2026-02-10T22:36:26.7331499Z [36;1m   git commit -m "[Ka0S] Uploading audit results for run 21885041996"[0m
commit-results	Commit and push results	2026-02-10T22:36:26.7332896Z [36;1m   git push origin refs/heads/main[0m
commit-results	Commit and push results	2026-02-10T22:36:26.7333768Z [36;1melse[0m
commit-results	Commit and push results	2026-02-10T22:36:26.7334267Z [36;1m   echo "No changes to commit."[0m
commit-results	Commit and push results	2026-02-10T22:36:26.7334919Z [36;1mfi[0m
commit-results	Commit and push results	2026-02-10T22:36:26.7367087Z shell: /usr/bin/bash -e {0}
commit-results	Commit and push results	2026-02-10T22:36:26.7368449Z env:
commit-results	Commit and push results	2026-02-10T22:36:26.7369304Z   KAOS_MODULE: [Ka0S] Audit Host
commit-results	Commit and push results	2026-02-10T22:36:26.7370581Z   KAOS_PATH_RESUME: audit/eresults/
commit-results	Commit and push results	2026-02-10T22:36:26.7371661Z   KAOS_FILE_HOST: 21885041996
commit-results	Commit and push results	2026-02-10T22:36:26.7372644Z   KAOS_CODE: 21885041996
commit-results	Commit and push results	2026-02-10T22:36:26.7373547Z ##[endgroup]
commit-results	Commit and push results	2026-02-10T22:36:26.7499194Z Uploading files to Audit update repository...
commit-results	Commit and push results	2026-02-10T22:36:27.2982645Z From https://github.com/Ka0s-Klaus/ka0s
commit-results	Commit and push results	2026-02-10T22:36:27.2984485Z  * branch            main       -> FETCH_HEAD
commit-results	Commit and push results	2026-02-10T22:36:27.3161863Z Already up to date.
commit-results	Commit and push results	2026-02-10T22:36:29.2647096Z [main 5aa1d60] [Ka0S] Uploading audit results for run 21885041996
commit-results	Commit and push results	2026-02-10T22:36:29.2649620Z  2 files changed, 6 insertions(+)
commit-results	Commit and push results	2026-02-10T22:36:29.2651280Z  create mode 100644 audit/eresults/test_log_1770762951.log
commit-results	Commit and push results	2026-02-10T22:36:29.2653066Z  create mode 100644 audit/eresults/test_results_1770762951.json
commit-results	Commit and push results	2026-02-10T22:36:30.0979483Z To https://github.com/Ka0s-Klaus/ka0s
commit-results	Commit and push results	2026-02-10T22:36:30.0980814Z    1d32bec..5aa1d60  main -> main
commit-results	Post Checkout repository	ï»¿2026-02-10T22:36:30.2074068Z Post job cleanup.
commit-results	Post Checkout repository	2026-02-10T22:36:30.4829064Z [command]/usr/bin/git version
commit-results	Post Checkout repository	2026-02-10T22:36:30.4928888Z git version 2.52.0
commit-results	Post Checkout repository	2026-02-10T22:36:30.5041051Z Copying '/home/runner/.gitconfig' to '/home/runner/_work/_temp/f97d591f-9045-4eda-89f5-d5de32fc086c/.gitconfig'
commit-results	Post Checkout repository	2026-02-10T22:36:30.5062092Z Temporarily overriding HOME='/home/runner/_work/_temp/f97d591f-9045-4eda-89f5-d5de32fc086c' before making global git config changes
commit-results	Post Checkout repository	2026-02-10T22:36:30.5079748Z Adding repository directory to the temporary git global config as a safe directory
commit-results	Post Checkout repository	2026-02-10T22:36:30.5082279Z [command]/usr/bin/git config --global --add safe.directory /home/runner/_work/ka0s/ka0s
commit-results	Post Checkout repository	2026-02-10T22:36:30.5157518Z [command]/usr/bin/git config --local --name-only --get-regexp core\.sshCommand
commit-results	Post Checkout repository	2026-02-10T22:36:30.5286400Z [command]/usr/bin/git submodule foreach --recursive sh -c "git config --local --name-only --get-regexp 'core\.sshCommand' && git config --local --unset-all 'core.sshCommand' || :"
commit-results	Post Checkout repository	2026-02-10T22:36:30.6070733Z [command]/usr/bin/git config --local --name-only --get-regexp http\.https\:\/\/github\.com\/\.extraheader
commit-results	Post Checkout repository	2026-02-10T22:36:30.6118631Z http.https://github.com/.extraheader
commit-results	Post Checkout repository	2026-02-10T22:36:30.6144116Z [command]/usr/bin/git config --local --unset-all http.https://github.com/.extraheader
commit-results	Post Checkout repository	2026-02-10T22:36:30.6226693Z [command]/usr/bin/git submodule foreach --recursive sh -c "git config --local --name-only --get-regexp 'http\.https\:\/\/github\.com\/\.extraheader' && git config --local --unset-all 'http.https://github.com/.extraheader' || :"
commit-results	Post Checkout repository	2026-02-10T22:36:30.6745584Z [command]/usr/bin/git config --local --name-only --get-regexp ^includeIf\.gitdir:
commit-results	Post Checkout repository	2026-02-10T22:36:30.6811916Z [command]/usr/bin/git submodule foreach --recursive git config --local --show-origin --name-only --get-regexp remote.origin.url
commit-results	Complete job	ï»¿2026-02-10T22:36:30.7542174Z Cleaning up orphan processes
handle-success	Set up job	ï»¿2026-02-10T22:36:45.9176785Z Current runner version: '2.331.0'
handle-success	Set up job	2026-02-10T22:36:45.9197032Z Runner name: 'swarm-runners-scaleset-hkss5-runner-bhh7s'
handle-success	Set up job	2026-02-10T22:36:45.9201640Z Runner group name: 'Default'
handle-success	Set up job	2026-02-10T22:36:45.9205596Z Machine name: 'swarm-runners-scaleset-hkss5-runner-bhh7s'
handle-success	Set up job	2026-02-10T22:36:45.9220072Z ##[group]GITHUB_TOKEN Permissions
handle-success	Set up job	2026-02-10T22:36:45.9225769Z Actions: write
handle-success	Set up job	2026-02-10T22:36:45.9228886Z Contents: write
handle-success	Set up job	2026-02-10T22:36:45.9231702Z Issues: write
handle-success	Set up job	2026-02-10T22:36:45.9234209Z Metadata: read
handle-success	Set up job	2026-02-10T22:36:45.9236640Z PullRequests: write
handle-success	Set up job	2026-02-10T22:36:45.9239941Z ##[endgroup]
handle-success	Set up job	2026-02-10T22:36:45.9244688Z Secret source: Actions
handle-success	Set up job	2026-02-10T22:36:45.9245652Z Prepare workflow directory
handle-success	Set up job	2026-02-10T22:36:46.0271513Z Prepare all required actions
handle-success	Set up job	2026-02-10T22:36:46.0413392Z Complete job name: handle-success
handle-success	Run # Subimos el fichero de auditoria	ï»¿2026-02-10T22:36:46.1914441Z ##[group]Run # Subimos el fichero de auditoria
handle-success	Run # Subimos el fichero de auditoria	2026-02-10T22:36:46.1916153Z [36;1m# Subimos el fichero de auditoria[0m
handle-success	Run # Subimos el fichero de auditoria	2026-02-10T22:36:46.1917665Z [36;1mecho "[Ka0S] Audit Host Success in runid 21885041996 initiated."[0m
handle-success	Run # Subimos el fichero de auditoria	2026-02-10T22:36:46.1924103Z [36;1m# echo "Uploading files to Audit update repository ..."[0m
handle-success	Run # Subimos el fichero de auditoria	2026-02-10T22:36:46.1929302Z [36;1m# git config --global user.name "***"[0m
handle-success	Run # Subimos el fichero de auditoria	2026-02-10T22:36:46.1931950Z [36;1m# git config --global user.email "***"[0m
handle-success	Run # Subimos el fichero de auditoria	2026-02-10T22:36:46.1934934Z [36;1m# git add audit/eresults/[0m
handle-success	Run # Subimos el fichero de auditoria	2026-02-10T22:36:46.1937318Z [36;1m# if ! git diff --staged --quiet; then[0m
handle-success	Run # Subimos el fichero de auditoria	2026-02-10T22:36:46.1940164Z [36;1m#    git commit -m "Ka0S] Uploading files to udit update repository ..."[0m
handle-success	Run # Subimos el fichero de auditoria	2026-02-10T22:36:46.1942096Z [36;1m#    git push origin refs/heads/main --force-with-lease[0m
handle-success	Run # Subimos el fichero de auditoria	2026-02-10T22:36:46.1943548Z [36;1m# fi[0m
handle-success	Run # Subimos el fichero de auditoria	2026-02-10T22:36:46.2019342Z shell: /usr/bin/bash -e {0}
handle-success	Run # Subimos el fichero de auditoria	2026-02-10T22:36:46.2022333Z env:
handle-success	Run # Subimos el fichero de auditoria	2026-02-10T22:36:46.2023247Z   KAOS_MODULE: [Ka0S] Audit Host
handle-success	Run # Subimos el fichero de auditoria	2026-02-10T22:36:46.2024482Z   KAOS_PATH_RESUME: audit/eresults/
handle-success	Run # Subimos el fichero de auditoria	2026-02-10T22:36:46.2025645Z   KAOS_FILE_HOST: 21885041996
handle-success	Run # Subimos el fichero de auditoria	2026-02-10T22:36:46.2026696Z   KAOS_CODE: 21885041996
handle-success	Run # Subimos el fichero de auditoria	2026-02-10T22:36:46.2027678Z ##[endgroup]
handle-success	Run # Subimos el fichero de auditoria	2026-02-10T22:36:46.2660817Z [Ka0S] Audit Host Success in runid 21885041996 initiated.
handle-success	Complete job	ï»¿2026-02-10T22:36:46.2933147Z Cleaning up orphan processes
end-workflow	Set up job	ï»¿2026-02-10T22:37:00.7384952Z Current runner version: '2.331.0'
end-workflow	Set up job	2026-02-10T22:37:00.7422490Z Runner name: 'swarm-runners-scaleset-hkss5-runner-4nttg'
end-workflow	Set up job	2026-02-10T22:37:00.7431809Z Runner group name: 'Default'
end-workflow	Set up job	2026-02-10T22:37:00.7434588Z Machine name: 'swarm-runners-scaleset-hkss5-runner-4nttg'
end-workflow	Set up job	2026-02-10T22:37:00.7444950Z ##[group]GITHUB_TOKEN Permissions
end-workflow	Set up job	2026-02-10T22:37:00.7450990Z Actions: write
end-workflow	Set up job	2026-02-10T22:37:00.7452564Z Contents: write
end-workflow	Set up job	2026-02-10T22:37:00.7467610Z Issues: write
end-workflow	Set up job	2026-02-10T22:37:00.7469361Z Metadata: read
end-workflow	Set up job	2026-02-10T22:37:00.7470804Z PullRequests: write
end-workflow	Set up job	2026-02-10T22:37:00.7472192Z ##[endgroup]
end-workflow	Set up job	2026-02-10T22:37:00.7477750Z Secret source: Actions
end-workflow	Set up job	2026-02-10T22:37:00.7480344Z Prepare workflow directory
end-workflow	Set up job	2026-02-10T22:37:00.9440733Z Prepare all required actions
end-workflow	Set up job	2026-02-10T22:37:00.9528122Z Getting action download info
end-workflow	Set up job	2026-02-10T22:37:01.5614966Z Download action repository 'actions/checkout@v4' (SHA:34e114876b0b11c390a56381ad16ebd13914f8d5)
end-workflow	Set up job	2026-02-10T22:37:02.5570112Z Complete job name: end-workflow
end-workflow	Checkout code	ï»¿2026-02-10T22:37:02.6965952Z ##[group]Run actions/checkout@v4
end-workflow	Checkout code	2026-02-10T22:37:02.6968396Z with:
end-workflow	Checkout code	2026-02-10T22:37:02.6969141Z   fetch-depth: 0
end-workflow	Checkout code	2026-02-10T22:37:02.6969851Z   repository: Ka0s-Klaus/ka0s
end-workflow	Checkout code	2026-02-10T22:37:02.6970959Z   token: ***
end-workflow	Checkout code	2026-02-10T22:37:02.6971620Z   ssh-strict: true
end-workflow	Checkout code	2026-02-10T22:37:02.6972436Z   ssh-user: git
end-workflow	Checkout code	2026-02-10T22:37:02.6973578Z   persist-credentials: true
end-workflow	Checkout code	2026-02-10T22:37:02.6974325Z   clean: true
end-workflow	Checkout code	2026-02-10T22:37:02.6974990Z   sparse-checkout-cone-mode: true
end-workflow	Checkout code	2026-02-10T22:37:02.6975774Z   fetch-tags: false
end-workflow	Checkout code	2026-02-10T22:37:02.6976434Z   show-progress: true
end-workflow	Checkout code	2026-02-10T22:37:02.6977110Z   lfs: false
end-workflow	Checkout code	2026-02-10T22:37:02.6977727Z   submodules: false
end-workflow	Checkout code	2026-02-10T22:37:02.6981087Z   set-safe-directory: true
end-workflow	Checkout code	2026-02-10T22:37:02.6984405Z env:
end-workflow	Checkout code	2026-02-10T22:37:02.6985224Z   KAOS_MODULE: [Ka0S] Audit Host
end-workflow	Checkout code	2026-02-10T22:37:02.6986023Z   KAOS_PATH_RESUME: audit/eresults/
end-workflow	Checkout code	2026-02-10T22:37:02.6986816Z   KAOS_FILE_HOST: 21885041996
end-workflow	Checkout code	2026-02-10T22:37:02.6987543Z   KAOS_CODE: 21885041996
end-workflow	Checkout code	2026-02-10T22:37:02.6990936Z   GH_TOKEN: ***
end-workflow	Checkout code	2026-02-10T22:37:02.6991833Z ##[endgroup]
end-workflow	Checkout code	2026-02-10T22:37:02.9034544Z Syncing repository: Ka0s-Klaus/ka0s
end-workflow	Checkout code	2026-02-10T22:37:02.9039729Z ##[group]Getting Git version info
end-workflow	Checkout code	2026-02-10T22:37:02.9041819Z Working directory is '/home/runner/_work/ka0s/ka0s'
end-workflow	Checkout code	2026-02-10T22:37:02.9044647Z [command]/usr/bin/git version
end-workflow	Checkout code	2026-02-10T22:37:02.9046026Z git version 2.52.0
end-workflow	Checkout code	2026-02-10T22:37:02.9073102Z ##[endgroup]
end-workflow	Checkout code	2026-02-10T22:37:02.9091028Z Temporarily overriding HOME='/home/runner/_work/_temp/5e71cda2-4533-49e3-9bf2-f0aef92d460a' before making global git config changes
end-workflow	Checkout code	2026-02-10T22:37:02.9097579Z Adding repository directory to the temporary git global config as a safe directory
end-workflow	Checkout code	2026-02-10T22:37:02.9104960Z [command]/usr/bin/git config --global --add safe.directory /home/runner/_work/ka0s/ka0s
end-workflow	Checkout code	2026-02-10T22:37:02.9171256Z Deleting the contents of '/home/runner/_work/ka0s/ka0s'
end-workflow	Checkout code	2026-02-10T22:37:02.9179598Z ##[group]Initializing the repository
end-workflow	Checkout code	2026-02-10T22:37:02.9188872Z [command]/usr/bin/git init /home/runner/_work/ka0s/ka0s
end-workflow	Checkout code	2026-02-10T22:37:02.9273066Z hint: Using 'master' as the name for the initial branch. This default branch name
end-workflow	Checkout code	2026-02-10T22:37:02.9276388Z hint: will change to "main" in Git 3.0. To configure the initial branch name
end-workflow	Checkout code	2026-02-10T22:37:02.9279890Z hint: to use in all of your new repositories, which will suppress this warning,
end-workflow	Checkout code	2026-02-10T22:37:02.9281089Z hint: call:
end-workflow	Checkout code	2026-02-10T22:37:02.9281754Z hint:
end-workflow	Checkout code	2026-02-10T22:37:02.9282548Z hint: 	git config --global init.defaultBranch <name>
end-workflow	Checkout code	2026-02-10T22:37:02.9283490Z hint:
end-workflow	Checkout code	2026-02-10T22:37:02.9284414Z hint: Names commonly chosen instead of 'master' are 'main', 'trunk' and
end-workflow	Checkout code	2026-02-10T22:37:02.9288568Z hint: 'development'. The just-created branch can be renamed via this command:
end-workflow	Checkout code	2026-02-10T22:37:02.9289828Z hint:
end-workflow	Checkout code	2026-02-10T22:37:02.9290480Z hint: 	git branch -m <name>
end-workflow	Checkout code	2026-02-10T22:37:02.9291312Z hint:
end-workflow	Checkout code	2026-02-10T22:37:02.9292409Z hint: Disable this message with "git config set advice.defaultBranchName false"
end-workflow	Checkout code	2026-02-10T22:37:02.9293893Z Initialized empty Git repository in /home/runner/_work/ka0s/ka0s/.git/
end-workflow	Checkout code	2026-02-10T22:37:02.9300381Z [command]/usr/bin/git remote add origin https://github.com/Ka0s-Klaus/ka0s
end-workflow	Checkout code	2026-02-10T22:37:02.9369012Z ##[endgroup]
end-workflow	Checkout code	2026-02-10T22:37:02.9373447Z ##[group]Disabling automatic garbage collection
end-workflow	Checkout code	2026-02-10T22:37:02.9378580Z [command]/usr/bin/git config --local gc.auto 0
end-workflow	Checkout code	2026-02-10T22:37:02.9432246Z ##[endgroup]
end-workflow	Checkout code	2026-02-10T22:37:02.9433514Z ##[group]Setting up auth
end-workflow	Checkout code	2026-02-10T22:37:02.9441765Z [command]/usr/bin/git config --local --name-only --get-regexp core\.sshCommand
end-workflow	Checkout code	2026-02-10T22:37:02.9503746Z [command]/usr/bin/git submodule foreach --recursive sh -c "git config --local --name-only --get-regexp 'core\.sshCommand' && git config --local --unset-all 'core.sshCommand' || :"
end-workflow	Checkout code	2026-02-10T22:37:02.9980679Z [command]/usr/bin/git config --local --name-only --get-regexp http\.https\:\/\/github\.com\/\.extraheader
end-workflow	Checkout code	2026-02-10T22:37:03.0056624Z [command]/usr/bin/git submodule foreach --recursive sh -c "git config --local --name-only --get-regexp 'http\.https\:\/\/github\.com\/\.extraheader' && git config --local --unset-all 'http.https://github.com/.extraheader' || :"
end-workflow	Checkout code	2026-02-10T22:37:03.0522196Z [command]/usr/bin/git config --local --name-only --get-regexp ^includeIf\.gitdir:
end-workflow	Checkout code	2026-02-10T22:37:03.0588201Z [command]/usr/bin/git submodule foreach --recursive git config --local --show-origin --name-only --get-regexp remote.origin.url
end-workflow	Checkout code	2026-02-10T22:37:03.1093546Z [command]/usr/bin/git config --local http.https://github.com/.extraheader AUTHORIZATION: basic ***
end-workflow	Checkout code	2026-02-10T22:37:03.1162702Z ##[endgroup]
end-workflow	Checkout code	2026-02-10T22:37:03.1179519Z ##[group]Fetching the repository
end-workflow	Checkout code	2026-02-10T22:37:03.1187558Z [command]/usr/bin/git -c protocol.version=2 fetch --prune --no-recurse-submodules origin +refs/heads/*:refs/remotes/origin/* +refs/tags/*:refs/tags/*
end-workflow	Checkout code	2026-02-10T22:37:41.3089862Z From https://github.com/Ka0s-Klaus/ka0s
end-workflow	Checkout code	2026-02-10T22:37:41.3091433Z  * [new branch]          F1224-new-module-mongodb -> origin/F1224-new-module-mongodb
end-workflow	Checkout code	2026-02-10T22:37:41.3093397Z  * [new branch]          F220-web-de-resultados  -> origin/F220-web-de-resultados
end-workflow	Checkout code	2026-02-10T22:37:41.3095821Z  * [new branch]          F227-despliegue-de-kube-independiente-del-clouder -> origin/F227-despliegue-de-kube-independiente-del-clouder
end-workflow	Checkout code	2026-02-10T22:37:41.3100082Z  * [new branch]          F329-documentacion-metodologia-de-kaos -> origin/F329-documentacion-metodologia-de-kaos
end-workflow	Checkout code	2026-02-10T22:37:41.3102582Z  * [new branch]          F3450-modelo-operativo  -> origin/F3450-modelo-operativo
end-workflow	Checkout code	2026-02-10T22:37:41.3104276Z  * [new branch]          H1139-como-instalar-arc-control -> origin/H1139-como-instalar-arc-control
end-workflow	Checkout code	2026-02-10T22:37:41.3106041Z  * [new branch]          H1150-desarrollo-de-secciones -> origin/H1150-desarrollo-de-secciones
end-workflow	Checkout code	2026-02-10T22:37:41.3108196Z  * [new branch]          H1151-desarrollo-de-secciones-ii -> origin/H1151-desarrollo-de-secciones-ii
end-workflow	Checkout code	2026-02-10T22:37:41.3110332Z  * [new branch]          H1152-desarrollo-inicio -> origin/H1152-desarrollo-inicio
end-workflow	Checkout code	2026-02-10T22:37:41.3220009Z  * [new branch]          H1193-ejemplo-web-documentacion -> origin/H1193-ejemplo-web-documentacion
end-workflow	Checkout code	2026-02-10T22:37:41.3222896Z  * [new branch]          H1224-new-module-mongodb -> origin/H1224-new-module-mongodb
end-workflow	Checkout code	2026-02-10T22:37:41.3224730Z  * [new branch]          H1276-modulo-observabilidad -> origin/H1276-modulo-observabilidad
end-workflow	Checkout code	2026-02-10T22:37:41.3226204Z  * [new branch]          H1410-modulo-execution  -> origin/H1410-modulo-execution
end-workflow	Checkout code	2026-02-10T22:37:41.3229002Z  * [new branch]          H1514-new-swarm-deployment-stack-with-actions-runners-autoscale -> origin/H1514-new-swarm-deployment-stack-with-actions-runners-autoscale
end-workflow	Checkout code	2026-02-10T22:37:41.3233663Z  * [new branch]          H1968-modulo-personalizaciÃ³n-del-portal-de-kaos-core -> origin/H1968-modulo-personalizaciÃ³n-del-portal-de-kaos-core
end-workflow	Checkout code	2026-02-10T22:37:41.3236901Z  * [new branch]          H215-modulo-de-summary  -> origin/H215-modulo-de-summary
end-workflow	Checkout code	2026-02-10T22:37:41.3239622Z  * [new branch]          H227-despliegue-de-kube-independiente-del-clouder -> origin/H227-despliegue-de-kube-independiente-del-clouder
end-workflow	Checkout code	2026-02-10T22:37:41.3243579Z  * [new branch]          H3038-test-ci-cd-kubernetes-automated-system -> origin/H3038-test-ci-cd-kubernetes-automated-system
end-workflow	Checkout code	2026-02-10T22:37:41.3245731Z  * [new branch]          H306-ficheros-de-estadisticas -> origin/H306-ficheros-de-estadisticas
end-workflow	Checkout code	2026-02-10T22:37:41.3247499Z  * [new branch]          H3265-deploy-itop       -> origin/H3265-deploy-itop
end-workflow	Checkout code	2026-02-10T22:37:41.3249622Z  * [new branch]          H3266-deploy-zabbix     -> origin/H3266-deploy-zabbix
end-workflow	Checkout code	2026-02-10T22:37:41.3251766Z  * [new branch]          H328-documentacion-modulo-principal-de-kaos -> origin/H328-documentacion-modulo-principal-de-kaos
end-workflow	Checkout code	2026-02-10T22:37:41.3254657Z  * [new branch]          H329-documentacion-metodologia-de-kaos -> origin/H329-documentacion-metodologia-de-kaos
end-workflow	Checkout code	2026-02-10T22:37:41.3256936Z  * [new branch]          H338-relanzador-de-jobs-en-caso-de-pattern -> origin/H338-relanzador-de-jobs-en-caso-de-pattern
end-workflow	Checkout code	2026-02-10T22:37:41.3259627Z  * [new branch]          H38-documentacion-basica-del-proyecto -> origin/H38-documentacion-basica-del-proyecto
end-workflow	Checkout code	2026-02-10T22:37:41.3264126Z  * [new branch]          RN1282-ka0s-error-detected-in-ka0s-workflow-statistics-summary -> origin/RN1282-ka0s-error-detected-in-ka0s-workflow-statistics-summary
end-workflow	Checkout code	2026-02-10T22:37:41.3267582Z  * [new branch]          RN220-web-de-resultados -> origin/RN220-web-de-resultados
end-workflow	Checkout code	2026-02-10T22:37:41.3269237Z  * [new branch]          RN227-despliegue-de-kube-independiente-del-clouder -> origin/RN227-despliegue-de-kube-independiente-del-clouder
end-workflow	Checkout code	2026-02-10T22:37:41.3270647Z  * [new branch]          RN329-documentacion-metodologia-de-kaos -> origin/RN329-documentacion-metodologia-de-kaos
end-workflow	Checkout code	2026-02-10T22:37:41.3271556Z  * [new branch]          main                    -> origin/main
end-workflow	Checkout code	2026-02-10T22:37:41.3272089Z  * [new tag]             0.0.0                   -> 0.0.0
end-workflow	Checkout code	2026-02-10T22:37:41.3272587Z  * [new tag]             0.0.1                   -> 0.0.1
end-workflow	Checkout code	2026-02-10T22:37:41.3273113Z  * [new tag]             0.0.10                  -> 0.0.10
end-workflow	Checkout code	2026-02-10T22:37:41.3273613Z  * [new tag]             0.0.100                 -> 0.0.100
end-workflow	Checkout code	2026-02-10T22:37:41.3274109Z  * [new tag]             0.0.101                 -> 0.0.101
end-workflow	Checkout code	2026-02-10T22:37:41.3274598Z  * [new tag]             0.0.102                 -> 0.0.102
end-workflow	Checkout code	2026-02-10T22:37:41.3275087Z  * [new tag]             0.0.103                 -> 0.0.103
end-workflow	Checkout code	2026-02-10T22:37:41.3275579Z  * [new tag]             0.0.104                 -> 0.0.104
end-workflow	Checkout code	2026-02-10T22:37:41.3276064Z  * [new tag]             0.0.105                 -> 0.0.105
end-workflow	Checkout code	2026-02-10T22:37:41.3276552Z  * [new tag]             0.0.106                 -> 0.0.106
end-workflow	Checkout code	2026-02-10T22:37:41.3277036Z  * [new tag]             0.0.107                 -> 0.0.107
end-workflow	Checkout code	2026-02-10T22:37:41.3277527Z  * [new tag]             0.0.108                 -> 0.0.108
end-workflow	Checkout code	2026-02-10T22:37:41.3278782Z  * [new tag]             0.0.109                 -> 0.0.109
end-workflow	Checkout code	2026-02-10T22:37:41.3280286Z  * [new tag]             0.0.11                  -> 0.0.11
end-workflow	Checkout code	2026-02-10T22:37:41.3281871Z  * [new tag]             0.0.110                 -> 0.0.110
end-workflow	Checkout code	2026-02-10T22:37:41.3283408Z  * [new tag]             0.0.111                 -> 0.0.111
end-workflow	Checkout code	2026-02-10T22:37:41.3284869Z  * [new tag]             0.0.112                 -> 0.0.112
end-workflow	Checkout code	2026-02-10T22:37:41.3286394Z  * [new tag]             0.0.113                 -> 0.0.113
end-workflow	Checkout code	2026-02-10T22:37:41.3288109Z  * [new tag]             0.0.114                 -> 0.0.114
end-workflow	Checkout code	2026-02-10T22:37:41.3288697Z  * [new tag]             0.0.115                 -> 0.0.115
end-workflow	Checkout code	2026-02-10T22:37:41.3289206Z  * [new tag]             0.0.116                 -> 0.0.116
end-workflow	Checkout code	2026-02-10T22:37:41.3289704Z  * [new tag]             0.0.117                 -> 0.0.117
end-workflow	Checkout code	2026-02-10T22:37:41.3290460Z  * [new tag]             0.0.118                 -> 0.0.118
end-workflow	Checkout code	2026-02-10T22:37:41.3292074Z  * [new tag]             0.0.119                 -> 0.0.119
end-workflow	Checkout code	2026-02-10T22:37:41.3293328Z  * [new tag]             0.0.12                  -> 0.0.12
end-workflow	Checkout code	2026-02-10T22:37:41.3293853Z  * [new tag]             0.0.120                 -> 0.0.120
end-workflow	Checkout code	2026-02-10T22:37:41.3294740Z  * [new tag]             0.0.121                 -> 0.0.121
end-workflow	Checkout code	2026-02-10T22:37:41.3295251Z  * [new tag]             0.0.122                 -> 0.0.122
end-workflow	Checkout code	2026-02-10T22:37:41.3295753Z  * [new tag]             0.0.123                 -> 0.0.123
end-workflow	Checkout code	2026-02-10T22:37:41.3296262Z  * [new tag]             0.0.124                 -> 0.0.124
end-workflow	Checkout code	2026-02-10T22:37:41.3296768Z  * [new tag]             0.0.125                 -> 0.0.125
end-workflow	Checkout code	2026-02-10T22:37:41.3297273Z  * [new tag]             0.0.126                 -> 0.0.126
end-workflow	Checkout code	2026-02-10T22:37:41.3297791Z  * [new tag]             0.0.127                 -> 0.0.127
end-workflow	Checkout code	2026-02-10T22:37:41.3299485Z  * [new tag]             0.0.128                 -> 0.0.128
end-workflow	Checkout code	2026-02-10T22:37:41.3301085Z  * [new tag]             0.0.129                 -> 0.0.129
end-workflow	Checkout code	2026-02-10T22:37:41.3302603Z  * [new tag]             0.0.13                  -> 0.0.13
end-workflow	Checkout code	2026-02-10T22:37:41.3303909Z  * [new tag]             0.0.130                 -> 0.0.130
end-workflow	Checkout code	2026-02-10T22:37:41.3305861Z  * [new tag]             0.0.131                 -> 0.0.131
end-workflow	Checkout code	2026-02-10T22:37:41.3307403Z  * [new tag]             0.0.132                 -> 0.0.132
end-workflow	Checkout code	2026-02-10T22:37:41.3308443Z  * [new tag]             0.0.133                 -> 0.0.133
end-workflow	Checkout code	2026-02-10T22:37:41.3308965Z  * [new tag]             0.0.134                 -> 0.0.134
end-workflow	Checkout code	2026-02-10T22:37:41.3309462Z  * [new tag]             0.0.135                 -> 0.0.135
end-workflow	Checkout code	2026-02-10T22:37:41.3309968Z  * [new tag]             0.0.136                 -> 0.0.136
end-workflow	Checkout code	2026-02-10T22:37:41.3310464Z  * [new tag]             0.0.137                 -> 0.0.137
end-workflow	Checkout code	2026-02-10T22:37:41.3310967Z  * [new tag]             0.0.138                 -> 0.0.138
end-workflow	Checkout code	2026-02-10T22:37:41.3311472Z  * [new tag]             0.0.139                 -> 0.0.139
end-workflow	Checkout code	2026-02-10T22:37:41.3311976Z  * [new tag]             0.0.14                  -> 0.0.14
end-workflow	Checkout code	2026-02-10T22:37:41.3312481Z  * [new tag]             0.0.140                 -> 0.0.140
end-workflow	Checkout code	2026-02-10T22:37:41.3312983Z  * [new tag]             0.0.141                 -> 0.0.141
end-workflow	Checkout code	2026-02-10T22:37:41.3313533Z  * [new tag]             0.0.142                 -> 0.0.142
end-workflow	Checkout code	2026-02-10T22:37:41.3314031Z  * [new tag]             0.0.143                 -> 0.0.143
end-workflow	Checkout code	2026-02-10T22:37:41.3314539Z  * [new tag]             0.0.144                 -> 0.0.144
end-workflow	Checkout code	2026-02-10T22:37:41.3316107Z  * [new tag]             0.0.145                 -> 0.0.145
end-workflow	Checkout code	2026-02-10T22:37:41.3317656Z  * [new tag]             0.0.146                 -> 0.0.146
end-workflow	Checkout code	2026-02-10T22:37:41.3318655Z  * [new tag]             0.0.147                 -> 0.0.147
end-workflow	Checkout code	2026-02-10T22:37:41.3319173Z  * [new tag]             0.0.148                 -> 0.0.148
end-workflow	Checkout code	2026-02-10T22:37:41.3319680Z  * [new tag]             0.0.149                 -> 0.0.149
end-workflow	Checkout code	2026-02-10T22:37:41.3320181Z  * [new tag]             0.0.15                  -> 0.0.15
end-workflow	Checkout code	2026-02-10T22:37:41.3320681Z  * [new tag]             0.0.150                 -> 0.0.150
end-workflow	Checkout code	2026-02-10T22:37:41.3321183Z  * [new tag]             0.0.151                 -> 0.0.151
end-workflow	Checkout code	2026-02-10T22:37:41.3321710Z  * [new tag]             0.0.152                 -> 0.0.152
end-workflow	Checkout code	2026-02-10T22:37:41.3322215Z  * [new tag]             0.0.153                 -> 0.0.153
end-workflow	Checkout code	2026-02-10T22:37:41.3322714Z  * [new tag]             0.0.154                 -> 0.0.154
end-workflow	Checkout code	2026-02-10T22:37:41.3323217Z  * [new tag]             0.0.155                 -> 0.0.155
end-workflow	Checkout code	2026-02-10T22:37:41.3323722Z  * [new tag]             0.0.156                 -> 0.0.156
end-workflow	Checkout code	2026-02-10T22:37:41.3324225Z  * [new tag]             0.0.157                 -> 0.0.157
end-workflow	Checkout code	2026-02-10T22:37:41.3324730Z  * [new tag]             0.0.158                 -> 0.0.158
end-workflow	Checkout code	2026-02-10T22:37:41.3325237Z  * [new tag]             0.0.159                 -> 0.0.159
end-workflow	Checkout code	2026-02-10T22:37:41.3326337Z  * [new tag]             0.0.16                  -> 0.0.16
end-workflow	Checkout code	2026-02-10T22:37:41.3328093Z  * [new tag]             0.0.160                 -> 0.0.160
end-workflow	Checkout code	2026-02-10T22:37:41.3328673Z  * [new tag]             0.0.161                 -> 0.0.161
end-workflow	Checkout code	2026-02-10T22:37:41.3329177Z  * [new tag]             0.0.162                 -> 0.0.162
end-workflow	Checkout code	2026-02-10T22:37:41.3330010Z  * [new tag]             0.0.163                 -> 0.0.163
end-workflow	Checkout code	2026-02-10T22:37:41.3330515Z  * [new tag]             0.0.164                 -> 0.0.164
end-workflow	Checkout code	2026-02-10T22:37:41.3331024Z  * [new tag]             0.0.165                 -> 0.0.165
end-workflow	Checkout code	2026-02-10T22:37:41.3331531Z  * [new tag]             0.0.166                 -> 0.0.166
end-workflow	Checkout code	2026-02-10T22:37:41.3332032Z  * [new tag]             0.0.167                 -> 0.0.167
end-workflow	Checkout code	2026-02-10T22:37:41.3332534Z  * [new tag]             0.0.168                 -> 0.0.168
end-workflow	Checkout code	2026-02-10T22:37:41.3333035Z  * [new tag]             0.0.169                 -> 0.0.169
end-workflow	Checkout code	2026-02-10T22:37:41.3333542Z  * [new tag]             0.0.17                  -> 0.0.17
end-workflow	Checkout code	2026-02-10T22:37:41.3334041Z  * [new tag]             0.0.170                 -> 0.0.170
end-workflow	Checkout code	2026-02-10T22:37:41.3334550Z  * [new tag]             0.0.171                 -> 0.0.171
end-workflow	Checkout code	2026-02-10T22:37:41.3335059Z  * [new tag]             0.0.172                 -> 0.0.172
end-workflow	Checkout code	2026-02-10T22:37:41.3335862Z  * [new tag]             0.0.173                 -> 0.0.173
end-workflow	Checkout code	2026-02-10T22:37:41.3336371Z  * [new tag]             0.0.174                 -> 0.0.174
end-workflow	Checkout code	2026-02-10T22:37:41.3336873Z  * [new tag]             0.0.175                 -> 0.0.175
end-workflow	Checkout code	2026-02-10T22:37:41.3337377Z  * [new tag]             0.0.176                 -> 0.0.176
end-workflow	Checkout code	2026-02-10T22:37:41.3338178Z  * [new tag]             0.0.177                 -> 0.0.177
end-workflow	Checkout code	2026-02-10T22:37:41.3338722Z  * [new tag]             0.0.178                 -> 0.0.178
end-workflow	Checkout code	2026-02-10T22:37:41.3339229Z  * [new tag]             0.0.179                 -> 0.0.179
end-workflow	Checkout code	2026-02-10T22:37:41.3339727Z  * [new tag]             0.0.18                  -> 0.0.18
end-workflow	Checkout code	2026-02-10T22:37:41.3340224Z  * [new tag]             0.0.19                  -> 0.0.19
end-workflow	Checkout code	2026-02-10T22:37:41.3340715Z  * [new tag]             0.0.2                   -> 0.0.2
end-workflow	Checkout code	2026-02-10T22:37:41.3341207Z  * [new tag]             0.0.20                  -> 0.0.20
end-workflow	Checkout code	2026-02-10T22:37:41.3341694Z  * [new tag]             0.0.21                  -> 0.0.21
end-workflow	Checkout code	2026-02-10T22:37:41.3342202Z  * [new tag]             0.0.22                  -> 0.0.22
end-workflow	Checkout code	2026-02-10T22:37:41.3342693Z  * [new tag]             0.0.23                  -> 0.0.23
end-workflow	Checkout code	2026-02-10T22:37:41.3343175Z  * [new tag]             0.0.24                  -> 0.0.24
end-workflow	Checkout code	2026-02-10T22:37:41.3343665Z  * [new tag]             0.0.25                  -> 0.0.25
end-workflow	Checkout code	2026-02-10T22:37:41.3344149Z  * [new tag]             0.0.26                  -> 0.0.26
end-workflow	Checkout code	2026-02-10T22:37:41.3344641Z  * [new tag]             0.0.27                  -> 0.0.27
end-workflow	Checkout code	2026-02-10T22:37:41.3345126Z  * [new tag]             0.0.28                  -> 0.0.28
end-workflow	Checkout code	2026-02-10T22:37:41.3345619Z  * [new tag]             0.0.29                  -> 0.0.29
end-workflow	Checkout code	2026-02-10T22:37:41.3346108Z  * [new tag]             0.0.3                   -> 0.0.3
end-workflow	Checkout code	2026-02-10T22:37:41.3346599Z  * [new tag]             0.0.30                  -> 0.0.30
end-workflow	Checkout code	2026-02-10T22:37:41.3347093Z  * [new tag]             0.0.31                  -> 0.0.31
end-workflow	Checkout code	2026-02-10T22:37:41.3347592Z  * [new tag]             0.0.32                  -> 0.0.32
end-workflow	Checkout code	2026-02-10T22:37:41.3348403Z  * [new tag]             0.0.33                  -> 0.0.33
end-workflow	Checkout code	2026-02-10T22:37:41.3348898Z  * [new tag]             0.0.34                  -> 0.0.34
end-workflow	Checkout code	2026-02-10T22:37:41.3349392Z  * [new tag]             0.0.35                  -> 0.0.35
end-workflow	Checkout code	2026-02-10T22:37:41.3349878Z  * [new tag]             0.0.36                  -> 0.0.36
end-workflow	Checkout code	2026-02-10T22:37:41.3350367Z  * [new tag]             0.0.37                  -> 0.0.37
end-workflow	Checkout code	2026-02-10T22:37:41.3350856Z  * [new tag]             0.0.38                  -> 0.0.38
end-workflow	Checkout code	2026-02-10T22:37:41.3351342Z  * [new tag]             0.0.39                  -> 0.0.39
end-workflow	Checkout code	2026-02-10T22:37:41.3351842Z  * [new tag]             0.0.4                   -> 0.0.4
end-workflow	Checkout code	2026-02-10T22:37:41.3352329Z  * [new tag]             0.0.40                  -> 0.0.40
end-workflow	Checkout code	2026-02-10T22:37:41.3352825Z  * [new tag]             0.0.41                  -> 0.0.41
end-workflow	Checkout code	2026-02-10T22:37:41.3353307Z  * [new tag]             0.0.42                  -> 0.0.42
end-workflow	Checkout code	2026-02-10T22:37:41.3354143Z  * [new tag]             0.0.43                  -> 0.0.43
end-workflow	Checkout code	2026-02-10T22:37:41.3354636Z  * [new tag]             0.0.44                  -> 0.0.44
end-workflow	Checkout code	2026-02-10T22:37:41.3355120Z  * [new tag]             0.0.45                  -> 0.0.45
end-workflow	Checkout code	2026-02-10T22:37:41.3355612Z  * [new tag]             0.0.46                  -> 0.0.46
end-workflow	Checkout code	2026-02-10T22:37:41.3356095Z  * [new tag]             0.0.47                  -> 0.0.47
end-workflow	Checkout code	2026-02-10T22:37:41.3356595Z  * [new tag]             0.0.48                  -> 0.0.48
end-workflow	Checkout code	2026-02-10T22:37:41.3358090Z  * [new tag]             0.0.49                  -> 0.0.49
end-workflow	Checkout code	2026-02-10T22:37:41.3358629Z  * [new tag]             0.0.5                   -> 0.0.5
end-workflow	Checkout code	2026-02-10T22:37:41.3359123Z  * [new tag]             0.0.50                  -> 0.0.50
end-workflow	Checkout code	2026-02-10T22:37:41.3359611Z  * [new tag]             0.0.51                  -> 0.0.51
end-workflow	Checkout code	2026-02-10T22:37:41.3360100Z  * [new tag]             0.0.52                  -> 0.0.52
end-workflow	Checkout code	2026-02-10T22:37:41.3360585Z  * [new tag]             0.0.53                  -> 0.0.53
end-workflow	Checkout code	2026-02-10T22:37:41.3361425Z  * [new tag]             0.0.54                  -> 0.0.54
end-workflow	Checkout code	2026-02-10T22:37:41.3361916Z  * [new tag]             0.0.55                  -> 0.0.55
end-workflow	Checkout code	2026-02-10T22:37:41.3362412Z  * [new tag]             0.0.56                  -> 0.0.56
end-workflow	Checkout code	2026-02-10T22:37:41.3363678Z  * [new tag]             0.0.57                  -> 0.0.57
end-workflow	Checkout code	2026-02-10T22:37:41.3364851Z  * [new tag]             0.0.58                  -> 0.0.58
end-workflow	Checkout code	2026-02-10T22:37:41.3365698Z  * [new tag]             0.0.59                  -> 0.0.59
end-workflow	Checkout code	2026-02-10T22:37:41.3366928Z  * [new tag]             0.0.6                   -> 0.0.6
end-workflow	Checkout code	2026-02-10T22:37:41.3368435Z  * [new tag]             0.0.60                  -> 0.0.60
end-workflow	Checkout code	2026-02-10T22:37:41.3368942Z  * [new tag]             0.0.61                  -> 0.0.61
end-workflow	Checkout code	2026-02-10T22:37:41.3369439Z  * [new tag]             0.0.62                  -> 0.0.62
end-workflow	Checkout code	2026-02-10T22:37:41.3369943Z  * [new tag]             0.0.63                  -> 0.0.63
end-workflow	Checkout code	2026-02-10T22:37:41.3370474Z  * [new tag]             0.0.64                  -> 0.0.64
end-workflow	Checkout code	2026-02-10T22:37:41.3370967Z  * [new tag]             0.0.65                  -> 0.0.65
end-workflow	Checkout code	2026-02-10T22:37:41.3371455Z  * [new tag]             0.0.66                  -> 0.0.66
end-workflow	Checkout code	2026-02-10T22:37:41.3371945Z  * [new tag]             0.0.67                  -> 0.0.67
end-workflow	Checkout code	2026-02-10T22:37:41.3372429Z  * [new tag]             0.0.68                  -> 0.0.68
end-workflow	Checkout code	2026-02-10T22:37:41.3372916Z  * [new tag]             0.0.69                  -> 0.0.69
end-workflow	Checkout code	2026-02-10T22:37:41.3373406Z  * [new tag]             0.0.7                   -> 0.0.7
end-workflow	Checkout code	2026-02-10T22:37:41.3373893Z  * [new tag]             0.0.70                  -> 0.0.70
end-workflow	Checkout code	2026-02-10T22:37:41.3374384Z  * [new tag]             0.0.71                  -> 0.0.71
end-workflow	Checkout code	2026-02-10T22:37:41.3374867Z  * [new tag]             0.0.72                  -> 0.0.72
end-workflow	Checkout code	2026-02-10T22:37:41.3375358Z  * [new tag]             0.0.73                  -> 0.0.73
end-workflow	Checkout code	2026-02-10T22:37:41.3375844Z  * [new tag]             0.0.74                  -> 0.0.74
end-workflow	Checkout code	2026-02-10T22:37:41.3376353Z  * [new tag]             0.0.75                  -> 0.0.75
end-workflow	Checkout code	2026-02-10T22:37:41.3376847Z  * [new tag]             0.0.76                  -> 0.0.76
end-workflow	Checkout code	2026-02-10T22:37:41.3377337Z  * [new tag]             0.0.77                  -> 0.0.77
end-workflow	Checkout code	2026-02-10T22:37:41.3378394Z  * [new tag]             0.0.78                  -> 0.0.78
end-workflow	Checkout code	2026-02-10T22:37:41.3379271Z  * [new tag]             0.0.79                  -> 0.0.79
end-workflow	Checkout code	2026-02-10T22:37:41.3380773Z  * [new tag]             0.0.8                   -> 0.0.8
end-workflow	Checkout code	2026-02-10T22:37:41.3382399Z  * [new tag]             0.0.80                  -> 0.0.80
end-workflow	Checkout code	2026-02-10T22:37:41.3383710Z  * [new tag]             0.0.81                  -> 0.0.81
end-workflow	Checkout code	2026-02-10T22:37:41.3385206Z  * [new tag]             0.0.82                  -> 0.0.82
end-workflow	Checkout code	2026-02-10T22:37:41.3386214Z  * [new tag]             0.0.83                  -> 0.0.83
end-workflow	Checkout code	2026-02-10T22:37:41.3387517Z  * [new tag]             0.0.84                  -> 0.0.84
end-workflow	Checkout code	2026-02-10T22:37:41.3388841Z  * [new tag]             0.0.85                  -> 0.0.85
end-workflow	Checkout code	2026-02-10T22:37:41.3390853Z  * [new tag]             0.0.86                  -> 0.0.86
end-workflow	Checkout code	2026-02-10T22:37:41.3392427Z  * [new tag]             0.0.87                  -> 0.0.87
end-workflow	Checkout code	2026-02-10T22:37:41.3393953Z  * [new tag]             0.0.88                  -> 0.0.88
end-workflow	Checkout code	2026-02-10T22:37:41.3395481Z  * [new tag]             0.0.89                  -> 0.0.89
end-workflow	Checkout code	2026-02-10T22:37:41.3397010Z  * [new tag]             0.0.9                   -> 0.0.9
end-workflow	Checkout code	2026-02-10T22:37:41.3398803Z  * [new tag]             0.0.90                  -> 0.0.90
end-workflow	Checkout code	2026-02-10T22:37:41.3400362Z  * [new tag]             0.0.91                  -> 0.0.91
end-workflow	Checkout code	2026-02-10T22:37:41.3401891Z  * [new tag]             0.0.92                  -> 0.0.92
end-workflow	Checkout code	2026-02-10T22:37:41.3403417Z  * [new tag]             0.0.93                  -> 0.0.93
end-workflow	Checkout code	2026-02-10T22:37:41.3404938Z  * [new tag]             0.0.94                  -> 0.0.94
end-workflow	Checkout code	2026-02-10T22:37:41.3406472Z  * [new tag]             0.0.95                  -> 0.0.95
end-workflow	Checkout code	2026-02-10T22:37:41.3408489Z  * [new tag]             0.0.96                  -> 0.0.96
end-workflow	Checkout code	2026-02-10T22:37:41.3410023Z  * [new tag]             0.0.97                  -> 0.0.97
end-workflow	Checkout code	2026-02-10T22:37:41.3411098Z  * [new tag]             0.0.98                  -> 0.0.98
end-workflow	Checkout code	2026-02-10T22:37:41.3411595Z  * [new tag]             0.0.99                  -> 0.0.99
end-workflow	Checkout code	2026-02-10T22:37:41.3412086Z  * [new tag]             0.1.0                   -> 0.1.0
end-workflow	Checkout code	2026-02-10T22:37:41.3412573Z  * [new tag]             0.1.1                   -> 0.1.1
end-workflow	Checkout code	2026-02-10T22:37:41.3413066Z  * [new tag]             0.2.0                   -> 0.2.0
end-workflow	Checkout code	2026-02-10T22:37:41.3413556Z  * [new tag]             0.3.0                   -> 0.3.0
end-workflow	Checkout code	2026-02-10T22:37:41.3414040Z  * [new tag]             0.3.1                   -> 0.3.1
end-workflow	Checkout code	2026-02-10T22:37:41.3414527Z  * [new tag]             0.3.10                  -> 0.3.10
end-workflow	Checkout code	2026-02-10T22:37:41.3415012Z  * [new tag]             0.3.11                  -> 0.3.11
end-workflow	Checkout code	2026-02-10T22:37:41.3415504Z  * [new tag]             0.3.12                  -> 0.3.12
end-workflow	Checkout code	2026-02-10T22:37:41.3416008Z  * [new tag]             0.3.13                  -> 0.3.13
end-workflow	Checkout code	2026-02-10T22:37:41.3416501Z  * [new tag]             0.3.14                  -> 0.3.14
end-workflow	Checkout code	2026-02-10T22:37:41.3417003Z  * [new tag]             0.3.15                  -> 0.3.15
end-workflow	Checkout code	2026-02-10T22:37:41.3417496Z  * [new tag]             0.3.16                  -> 0.3.16
end-workflow	Checkout code	2026-02-10T22:37:41.3418288Z  * [new tag]             0.3.17                  -> 0.3.17
end-workflow	Checkout code	2026-02-10T22:37:41.3418807Z  * [new tag]             0.3.2                   -> 0.3.2
end-workflow	Checkout code	2026-02-10T22:37:41.3419305Z  * [new tag]             0.3.3                   -> 0.3.3
end-workflow	Checkout code	2026-02-10T22:37:41.3419791Z  * [new tag]             0.3.4                   -> 0.3.4
end-workflow	Checkout code	2026-02-10T22:37:41.3420290Z  * [new tag]             0.3.5                   -> 0.3.5
end-workflow	Checkout code	2026-02-10T22:37:41.3420780Z  * [new tag]             0.3.6                   -> 0.3.6
end-workflow	Checkout code	2026-02-10T22:37:41.3421266Z  * [new tag]             0.3.7                   -> 0.3.7
end-workflow	Checkout code	2026-02-10T22:37:41.3421985Z  * [new tag]             0.3.8                   -> 0.3.8
end-workflow	Checkout code	2026-02-10T22:37:41.3422601Z  * [new tag]             0.3.9                   -> 0.3.9
end-workflow	Checkout code	2026-02-10T22:37:41.3423092Z  * [new tag]             0.4.0                   -> 0.4.0
end-workflow	Checkout code	2026-02-10T22:37:41.3423576Z  * [new tag]             0.4.1                   -> 0.4.1
end-workflow	Checkout code	2026-02-10T22:37:41.3424066Z  * [new tag]             0.4.2                   -> 0.4.2
end-workflow	Checkout code	2026-02-10T22:37:41.3424554Z  * [new tag]             0.4.3                   -> 0.4.3
end-workflow	Checkout code	2026-02-10T22:37:41.3425039Z  * [new tag]             0.4.4                   -> 0.4.4
end-workflow	Checkout code	2026-02-10T22:37:41.3425536Z  * [new tag]             0.4.5                   -> 0.4.5
end-workflow	Checkout code	2026-02-10T22:37:41.3426017Z  * [new tag]             0.4.6                   -> 0.4.6
end-workflow	Checkout code	2026-02-10T22:37:41.3426502Z  * [new tag]             0.4.7                   -> 0.4.7
end-workflow	Checkout code	2026-02-10T22:37:41.3426985Z  * [new tag]             0.4.8                   -> 0.4.8
end-workflow	Checkout code	2026-02-10T22:37:41.3427472Z  * [new tag]             0.4.9                   -> 0.4.9
end-workflow	Checkout code	2026-02-10T22:37:41.3428578Z  * [new tag]             0.5.0                   -> 0.5.0
end-workflow	Checkout code	2026-02-10T22:37:41.3429077Z  * [new tag]             0.5.1                   -> 0.5.1
end-workflow	Checkout code	2026-02-10T22:37:41.3429564Z  * [new tag]             0.5.2                   -> 0.5.2
end-workflow	Checkout code	2026-02-10T22:37:41.3430045Z  * [new tag]             0.6.0                   -> 0.6.0
end-workflow	Checkout code	2026-02-10T22:37:41.3430533Z  * [new tag]             0.6.1                   -> 0.6.1
end-workflow	Checkout code	2026-02-10T22:37:41.3431015Z  * [new tag]             0.6.2                   -> 0.6.2
end-workflow	Checkout code	2026-02-10T22:37:41.3748398Z [command]/usr/bin/git branch --list --remote origin/main
end-workflow	Checkout code	2026-02-10T22:37:41.3872894Z   origin/main
end-workflow	Checkout code	2026-02-10T22:37:41.3892149Z [command]/usr/bin/git rev-parse refs/remotes/origin/main
end-workflow	Checkout code	2026-02-10T22:37:41.3946359Z 5aa1d6059dec73d58ee79d81ad91a19415834925
end-workflow	Checkout code	2026-02-10T22:37:41.3966480Z [command]/usr/bin/git -c protocol.version=2 fetch --no-tags --prune --no-recurse-submodules origin +1d32beca1f8887a5b2a4707e6c170619e3910a09:refs/remotes/origin/main
end-workflow	Checkout code	2026-02-10T22:37:41.4259173Z From https://github.com/Ka0s-Klaus/ka0s
end-workflow	Checkout code	2026-02-10T22:37:41.4261810Z  + 5aa1d6059...1d32beca1 1d32beca1f8887a5b2a4707e6c170619e3910a09 -> origin/main  (forced update)
end-workflow	Checkout code	2026-02-10T22:37:41.4318534Z ##[endgroup]
end-workflow	Checkout code	2026-02-10T22:37:41.4319961Z ##[group]Determining the checkout info
end-workflow	Checkout code	2026-02-10T22:37:41.4321320Z ##[endgroup]
end-workflow	Checkout code	2026-02-10T22:37:41.4329211Z [command]/usr/bin/git sparse-checkout disable
end-workflow	Checkout code	2026-02-10T22:37:41.4414082Z [command]/usr/bin/git config --local --unset-all extensions.worktreeConfig
end-workflow	Checkout code	2026-02-10T22:37:41.4474899Z ##[group]Checking out the ref
end-workflow	Checkout code	2026-02-10T22:37:41.4476643Z [command]/usr/bin/git checkout --progress --force -B main refs/remotes/origin/main
end-workflow	Checkout code	2026-02-10T22:37:42.4569441Z Updating files:  66% (853/1276)
end-workflow	Checkout code	2026-02-10T22:37:42.4590736Z Updating files:  67% (855/1276)
end-workflow	Checkout code	2026-02-10T22:37:42.4610801Z Updating files:  68% (868/1276)
end-workflow	Checkout code	2026-02-10T22:37:42.4749488Z Updating files:  69% (881/1276)
end-workflow	Checkout code	2026-02-10T22:37:42.4765052Z Updating files:  70% (894/1276)
end-workflow	Checkout code	2026-02-10T22:37:42.4789806Z Updating files:  71% (906/1276)
end-workflow	Checkout code	2026-02-10T22:37:42.7191563Z Updating files:  72% (919/1276)
end-workflow	Checkout code	2026-02-10T22:37:42.7251377Z Updating files:  73% (932/1276)
end-workflow	Checkout code	2026-02-10T22:37:42.7253331Z Updating files:  74% (945/1276)
end-workflow	Checkout code	2026-02-10T22:37:42.7285899Z Updating files:  75% (957/1276)
end-workflow	Checkout code	2026-02-10T22:37:42.7324779Z Updating files:  76% (970/1276)
end-workflow	Checkout code	2026-02-10T22:37:42.7363086Z Updating files:  77% (983/1276)
end-workflow	Checkout code	2026-02-10T22:37:42.7418561Z Updating files:  78% (996/1276)
end-workflow	Checkout code	2026-02-10T22:37:42.7450818Z Updating files:  79% (1009/1276)
end-workflow	Checkout code	2026-02-10T22:37:42.7481002Z Updating files:  80% (1021/1276)
end-workflow	Checkout code	2026-02-10T22:37:42.8197088Z Updating files:  81% (1034/1276)
end-workflow	Checkout code	2026-02-10T22:37:42.9104559Z Updating files:  82% (1047/1276)
end-workflow	Checkout code	2026-02-10T22:37:42.9964636Z Updating files:  83% (1060/1276)
end-workflow	Checkout code	2026-02-10T22:37:43.1090703Z Updating files:  84% (1072/1276)
end-workflow	Checkout code	2026-02-10T22:37:43.2617112Z Updating files:  85% (1085/1276)
end-workflow	Checkout code	2026-02-10T22:37:43.5722929Z Updating files:  86% (1098/1276)
end-workflow	Checkout code	2026-02-10T22:37:43.7671493Z Updating files:  86% (1103/1276)
end-workflow	Checkout code	2026-02-10T22:37:43.9250677Z Updating files:  87% (1111/1276)
end-workflow	Checkout code	2026-02-10T22:37:44.0650635Z Updating files:  88% (1123/1276)
end-workflow	Checkout code	2026-02-10T22:37:44.2764893Z Updating files:  89% (1136/1276)
end-workflow	Checkout code	2026-02-10T22:37:44.2889210Z Updating files:  90% (1149/1276)
end-workflow	Checkout code	2026-02-10T22:37:44.2902325Z Updating files:  91% (1162/1276)
end-workflow	Checkout code	2026-02-10T22:37:44.2939252Z Updating files:  92% (1174/1276)
end-workflow	Checkout code	2026-02-10T22:37:44.2949242Z Updating files:  93% (1187/1276)
end-workflow	Checkout code	2026-02-10T22:37:44.3079537Z Updating files:  94% (1200/1276)
end-workflow	Checkout code	2026-02-10T22:37:44.3119465Z Updating files:  95% (1213/1276)
end-workflow	Checkout code	2026-02-10T22:37:44.3141911Z Updating files:  96% (1225/1276)
end-workflow	Checkout code	2026-02-10T22:37:44.3158405Z Updating files:  97% (1238/1276)
end-workflow	Checkout code	2026-02-10T22:37:44.3179353Z Updating files:  98% (1251/1276)
end-workflow	Checkout code	2026-02-10T22:37:44.3193374Z Updating files:  99% (1264/1276)
end-workflow	Checkout code	2026-02-10T22:37:44.3194369Z Updating files: 100% (1276/1276)
end-workflow	Checkout code	2026-02-10T22:37:44.3194988Z Updating files: 100% (1276/1276), done.
end-workflow	Checkout code	2026-02-10T22:37:44.3262751Z Switched to a new branch 'main'
end-workflow	Checkout code	2026-02-10T22:37:44.3271166Z branch 'main' set up to track 'origin/main'.
end-workflow	Checkout code	2026-02-10T22:37:44.3530152Z ##[endgroup]
end-workflow	Checkout code	2026-02-10T22:37:44.3608088Z [command]/usr/bin/git log -1 --format=%H
end-workflow	Checkout code	2026-02-10T22:37:44.3659187Z 1d32beca1f8887a5b2a4707e6c170619e3910a09
end-workflow	Install GH CLI	ï»¿2026-02-10T22:37:44.4123891Z Prepare all required actions
end-workflow	Install GH CLI	2026-02-10T22:37:44.4276454Z ##[group]Run ./.github/actions/install-gh-cli
end-workflow	Install GH CLI	2026-02-10T22:37:44.4277442Z env:
end-workflow	Install GH CLI	2026-02-10T22:37:44.4278283Z   KAOS_MODULE: [Ka0S] Audit Host
end-workflow	Install GH CLI	2026-02-10T22:37:44.4279230Z   KAOS_PATH_RESUME: audit/eresults/
end-workflow	Install GH CLI	2026-02-10T22:37:44.4280217Z   KAOS_FILE_HOST: 21885041996
end-workflow	Install GH CLI	2026-02-10T22:37:44.4281034Z   KAOS_CODE: 21885041996
end-workflow	Install GH CLI	2026-02-10T22:37:44.4282481Z   GH_TOKEN: ***
end-workflow	Install GH CLI	2026-02-10T22:37:44.4283171Z ##[endgroup]
end-workflow	Install GH CLI	2026-02-10T22:37:44.4443583Z ##[group]Run type -p curl >/dev/null || (sudo apt-get update && sudo apt-get install curl -y)
end-workflow	Install GH CLI	2026-02-10T22:37:44.4445751Z [36;1mtype -p curl >/dev/null || (sudo apt-get update && sudo apt-get install curl -y)[0m
end-workflow	Install GH CLI	2026-02-10T22:37:44.4449169Z [36;1mcurl -fsSL https://cli.github.com/packages/githubcli-archive-keyring.gpg | sudo dd of=/usr/share/keyrings/githubcli-archive-keyring.gpg \[0m
end-workflow	Install GH CLI	2026-02-10T22:37:44.4452016Z [36;1m&& sudo chmod go+r /usr/share/keyrings/githubcli-archive-keyring.gpg \[0m
end-workflow	Install GH CLI	2026-02-10T22:37:44.4455970Z [36;1m&& echo "deb [arch=$(dpkg --print-architecture) signed-by=/usr/share/keyrings/githubcli-archive-keyring.gpg] https://cli.github.com/packages stable main" | sudo tee /etc/apt/sources.list.d/github-cli.list > /dev/null \[0m
end-workflow	Install GH CLI	2026-02-10T22:37:44.4458948Z [36;1m&& sudo apt-get update \[0m
end-workflow	Install GH CLI	2026-02-10T22:37:44.4459420Z [36;1m&& sudo apt-get install gh -y[0m
end-workflow	Install GH CLI	2026-02-10T22:37:44.4487291Z shell: /usr/bin/bash --noprofile --norc -e -o pipefail {0}
end-workflow	Install GH CLI	2026-02-10T22:37:44.4487733Z env:
end-workflow	Install GH CLI	2026-02-10T22:37:44.4488369Z   KAOS_MODULE: [Ka0S] Audit Host
end-workflow	Install GH CLI	2026-02-10T22:37:44.4488827Z   KAOS_PATH_RESUME: audit/eresults/
end-workflow	Install GH CLI	2026-02-10T22:37:44.4489136Z   KAOS_FILE_HOST: 21885041996
end-workflow	Install GH CLI	2026-02-10T22:37:44.4489410Z   KAOS_CODE: 21885041996
end-workflow	Install GH CLI	2026-02-10T22:37:44.4489943Z   GH_TOKEN: ***
end-workflow	Install GH CLI	2026-02-10T22:37:44.4490180Z ##[endgroup]
end-workflow	Install GH CLI	2026-02-10T22:37:44.6972242Z 4+1 records in
end-workflow	Install GH CLI	2026-02-10T22:37:44.6973352Z 4+1 records out
end-workflow	Install GH CLI	2026-02-10T22:37:44.6974417Z 2270 bytes (2.3 kB, 2.2 KiB) copied, 0.217736 s, 10.4 kB/s
end-workflow	Install GH CLI	2026-02-10T22:37:44.9869981Z Get:1 http://security.ubuntu.com/ubuntu noble-security InRelease [126 kB]
end-workflow	Install GH CLI	2026-02-10T22:37:45.0141804Z Get:2 https://cli.github.com/packages stable InRelease [3917 B]
end-workflow	Install GH CLI	2026-02-10T22:37:45.0742411Z Get:3 http://archive.ubuntu.com/ubuntu noble InRelease [256 kB]
end-workflow	Install GH CLI	2026-02-10T22:37:45.1132087Z Get:4 https://ppa.launchpadcontent.net/git-core/ppa/ubuntu noble InRelease [24.3 kB]
end-workflow	Install GH CLI	2026-02-10T22:37:45.4275667Z Get:5 https://cli.github.com/packages stable/main amd64 Packages [356 B]
end-workflow	Install GH CLI	2026-02-10T22:37:45.6356711Z Get:6 https://ppa.launchpadcontent.net/git-core/ppa/ubuntu noble/main amd64 Packages [2994 B]
end-workflow	Install GH CLI	2026-02-10T22:37:45.6389695Z Get:7 http://archive.ubuntu.com/ubuntu noble-updates InRelease [126 kB]
end-workflow	Install GH CLI	2026-02-10T22:37:45.7791304Z Get:8 http://archive.ubuntu.com/ubuntu noble-backports InRelease [126 kB]
end-workflow	Install GH CLI	2026-02-10T22:37:45.7941714Z Get:9 http://security.ubuntu.com/ubuntu noble-security/main amd64 Packages [1822 kB]
end-workflow	Install GH CLI	2026-02-10T22:37:45.9746081Z Get:10 http://archive.ubuntu.com/ubuntu noble/multiverse amd64 Packages [331 kB]
end-workflow	Install GH CLI	2026-02-10T22:37:46.1194653Z Get:11 http://security.ubuntu.com/ubuntu noble-security/multiverse amd64 Packages [34.8 kB]
end-workflow	Install GH CLI	2026-02-10T22:37:46.1197596Z Get:12 http://security.ubuntu.com/ubuntu noble-security/restricted amd64 Packages [3106 kB]
end-workflow	Install GH CLI	2026-02-10T22:37:46.1755278Z Get:13 http://archive.ubuntu.com/ubuntu noble/universe amd64 Packages [19.3 MB]
end-workflow	Install GH CLI	2026-02-10T22:37:46.2131907Z Get:14 http://security.ubuntu.com/ubuntu noble-security/universe amd64 Packages [1199 kB]
end-workflow	Install GH CLI	2026-02-10T22:37:47.0123963Z Get:15 http://archive.ubuntu.com/ubuntu noble/restricted amd64 Packages [117 kB]
end-workflow	Install GH CLI	2026-02-10T22:37:47.0146920Z Get:16 http://archive.ubuntu.com/ubuntu noble/main amd64 Packages [1808 kB]
end-workflow	Install GH CLI	2026-02-10T22:37:47.0598659Z Get:17 http://archive.ubuntu.com/ubuntu noble-updates/multiverse amd64 Packages [38.1 kB]
end-workflow	Install GH CLI	2026-02-10T22:37:47.0640775Z Get:18 http://archive.ubuntu.com/ubuntu noble-updates/universe amd64 Packages [1978 kB]
end-workflow	Install GH CLI	2026-02-10T22:37:47.0909524Z Get:19 http://archive.ubuntu.com/ubuntu noble-updates/main amd64 Packages [2201 kB]
end-workflow	Install GH CLI	2026-02-10T22:37:47.1782757Z Get:20 http://archive.ubuntu.com/ubuntu noble-updates/restricted amd64 Packages [3287 kB]
end-workflow	Install GH CLI	2026-02-10T22:37:47.2704667Z Get:21 http://archive.ubuntu.com/ubuntu noble-backports/main amd64 Packages [49.5 kB]
end-workflow	Install GH CLI	2026-02-10T22:37:47.2708638Z Get:22 http://archive.ubuntu.com/ubuntu noble-backports/universe amd64 Packages [34.6 kB]
end-workflow	Install GH CLI	2026-02-10T22:37:49.7183386Z Fetched 36.0 MB in 5s (7348 kB/s)
end-workflow	Install GH CLI	2026-02-10T22:37:51.9398279Z Reading package lists...
end-workflow	Install GH CLI	2026-02-10T22:37:54.3176676Z Reading package lists...
end-workflow	Install GH CLI	2026-02-10T22:37:54.8299040Z Building dependency tree...
end-workflow	Install GH CLI	2026-02-10T22:37:54.8300228Z Reading state information...
end-workflow	Install GH CLI	2026-02-10T22:37:55.3210464Z The following NEW packages will be installed:
end-workflow	Install GH CLI	2026-02-10T22:37:55.3233355Z   gh
end-workflow	Install GH CLI	2026-02-10T22:37:55.5580554Z 0 upgraded, 1 newly installed, 0 to remove and 18 not upgraded.
end-workflow	Install GH CLI	2026-02-10T22:37:55.5586940Z Need to get 13.7 MB of archives.
end-workflow	Install GH CLI	2026-02-10T22:37:55.5596267Z After this operation, 37.9 MB of additional disk space will be used.
end-workflow	Install GH CLI	2026-02-10T22:37:55.5603759Z Get:1 https://cli.github.com/packages stable/main amd64 gh amd64 2.86.0 [13.7 MB]
end-workflow	Install GH CLI	2026-02-10T22:37:56.1462333Z debconf: delaying package configuration, since apt-utils is not installed
end-workflow	Install GH CLI	2026-02-10T22:37:56.2529452Z Fetched 13.7 MB in 0s (30.8 MB/s)
end-workflow	Install GH CLI	2026-02-10T22:37:56.3315510Z Selecting previously unselected package gh.
end-workflow	Install GH CLI	2026-02-10T22:37:56.3412794Z (Reading database ... 
end-workflow	Install GH CLI	2026-02-10T22:37:56.3438795Z (Reading database ... 5%
end-workflow	Install GH CLI	2026-02-10T22:37:56.3447217Z (Reading database ... 10%
end-workflow	Install GH CLI	2026-02-10T22:37:56.3448743Z (Reading database ... 15%
end-workflow	Install GH CLI	2026-02-10T22:37:56.3450013Z (Reading database ... 20%
end-workflow	Install GH CLI	2026-02-10T22:37:56.3450860Z (Reading database ... 25%
end-workflow	Install GH CLI	2026-02-10T22:37:56.3451402Z (Reading database ... 30%
end-workflow	Install GH CLI	2026-02-10T22:37:56.3452143Z (Reading database ... 35%
end-workflow	Install GH CLI	2026-02-10T22:37:56.3453255Z (Reading database ... 40%
end-workflow	Install GH CLI	2026-02-10T22:37:56.3454421Z (Reading database ... 45%
end-workflow	Install GH CLI	2026-02-10T22:37:56.3455542Z (Reading database ... 50%
end-workflow	Install GH CLI	2026-02-10T22:37:56.3456666Z (Reading database ... 55%
end-workflow	Install GH CLI	2026-02-10T22:37:56.3457924Z (Reading database ... 60%
end-workflow	Install GH CLI	2026-02-10T22:37:56.3574726Z (Reading database ... 65%
end-workflow	Install GH CLI	2026-02-10T22:37:56.3576149Z (Reading database ... 70%
end-workflow	Install GH CLI	2026-02-10T22:37:56.3605226Z (Reading database ... 75%
end-workflow	Install GH CLI	2026-02-10T22:37:56.3649488Z (Reading database ... 80%
end-workflow	Install GH CLI	2026-02-10T22:37:56.3687327Z (Reading database ... 85%
end-workflow	Install GH CLI	2026-02-10T22:37:56.3714487Z (Reading database ... 90%
end-workflow	Install GH CLI	2026-02-10T22:37:56.3859916Z (Reading database ... 95%
end-workflow	Install GH CLI	2026-02-10T22:37:56.3871007Z (Reading database ... 100%
end-workflow	Install GH CLI	2026-02-10T22:37:56.3907369Z (Reading database ... 14385 files and directories currently installed.)
end-workflow	Install GH CLI	2026-02-10T22:37:56.3979275Z Preparing to unpack .../archives/gh_2.86.0_amd64.deb ...
end-workflow	Install GH CLI	2026-02-10T22:37:56.4088774Z Unpacking gh (2.86.0) ...
end-workflow	Install GH CLI	2026-02-10T22:37:57.4029458Z Setting up gh (2.86.0) ...
end-workflow	Finaliza el workflow	ï»¿2026-02-10T22:37:57.4976605Z ##[group]Run echo "End process"
end-workflow	Finaliza el workflow	2026-02-10T22:37:57.4977358Z [36;1mecho "End process"[0m
end-workflow	Finaliza el workflow	2026-02-10T22:37:57.4979188Z [36;1mgh workflow run inspector.yml --ref refs/heads/main -f kaos-workflow-id="21885041996"[0m
end-workflow	Finaliza el workflow	2026-02-10T22:37:57.5008629Z shell: /usr/bin/bash -e {0}
end-workflow	Finaliza el workflow	2026-02-10T22:37:57.5009213Z env:
end-workflow	Finaliza el workflow	2026-02-10T22:37:57.5009590Z   KAOS_MODULE: [Ka0S] Audit Host
end-workflow	Finaliza el workflow	2026-02-10T22:37:57.5016613Z   KAOS_PATH_RESUME: audit/eresults/
end-workflow	Finaliza el workflow	2026-02-10T22:37:57.5017234Z   KAOS_FILE_HOST: 21885041996
end-workflow	Finaliza el workflow	2026-02-10T22:37:57.5017695Z   KAOS_CODE: 21885041996
end-workflow	Finaliza el workflow	2026-02-10T22:37:57.5018891Z   GH_TOKEN: ***
end-workflow	Finaliza el workflow	2026-02-10T22:37:57.5019281Z ##[endgroup]
end-workflow	Finaliza el workflow	2026-02-10T22:37:57.5093921Z End process
end-workflow	Post Checkout code	ï»¿2026-02-10T22:37:59.5227388Z Post job cleanup.
end-workflow	Post Checkout code	2026-02-10T22:37:59.7535960Z [command]/usr/bin/git version
end-workflow	Post Checkout code	2026-02-10T22:37:59.7600242Z git version 2.52.0
end-workflow	Post Checkout code	2026-02-10T22:37:59.7682623Z Temporarily overriding HOME='/home/runner/_work/_temp/6e504d1f-06f9-4e6e-95ce-1754ec21e5b1' before making global git config changes
end-workflow	Post Checkout code	2026-02-10T22:37:59.7684570Z Adding repository directory to the temporary git global config as a safe directory
end-workflow	Post Checkout code	2026-02-10T22:37:59.7695130Z [command]/usr/bin/git config --global --add safe.directory /home/runner/_work/ka0s/ka0s
end-workflow	Post Checkout code	2026-02-10T22:37:59.7763927Z [command]/usr/bin/git config --local --name-only --get-regexp core\.sshCommand
end-workflow	Post Checkout code	2026-02-10T22:37:59.7903853Z [command]/usr/bin/git submodule foreach --recursive sh -c "git config --local --name-only --get-regexp 'core\.sshCommand' && git config --local --unset-all 'core.sshCommand' || :"
end-workflow	Post Checkout code	2026-02-10T22:37:59.8484316Z [command]/usr/bin/git config --local --name-only --get-regexp http\.https\:\/\/github\.com\/\.extraheader
end-workflow	Post Checkout code	2026-02-10T22:37:59.8578533Z http.https://github.com/.extraheader
end-workflow	Post Checkout code	2026-02-10T22:37:59.8619770Z [command]/usr/bin/git config --local --unset-all http.https://github.com/.extraheader
end-workflow	Post Checkout code	2026-02-10T22:37:59.8733899Z [command]/usr/bin/git submodule foreach --recursive sh -c "git config --local --name-only --get-regexp 'http\.https\:\/\/github\.com\/\.extraheader' && git config --local --unset-all 'http.https://github.com/.extraheader' || :"
end-workflow	Post Checkout code	2026-02-10T22:37:59.9723530Z [command]/usr/bin/git config --local --name-only --get-regexp ^includeIf\.gitdir:
end-workflow	Post Checkout code	2026-02-10T22:37:59.9953668Z [command]/usr/bin/git submodule foreach --recursive git config --local --show-origin --name-only --get-regexp remote.origin.url
end-workflow	Complete job	ï»¿2026-02-10T22:38:00.2747552Z Cleaning up orphan processes
