audit-pods	Set up job	ï»¿2026-02-10T21:07:24.0693740Z Current runner version: '2.331.0'
audit-pods	Set up job	2026-02-10T21:07:24.0754747Z Runner name: 'swarm-runners-scaleset-hkss5-runner-tr2pw'
audit-pods	Set up job	2026-02-10T21:07:24.0789448Z Runner group name: 'Default'
audit-pods	Set up job	2026-02-10T21:07:24.0791544Z Machine name: 'swarm-runners-scaleset-hkss5-runner-tr2pw'
audit-pods	Set up job	2026-02-10T21:07:24.0853031Z ##[group]GITHUB_TOKEN Permissions
audit-pods	Set up job	2026-02-10T21:07:24.0864438Z Actions: write
audit-pods	Set up job	2026-02-10T21:07:24.0865963Z Contents: write
audit-pods	Set up job	2026-02-10T21:07:24.0867381Z Issues: write
audit-pods	Set up job	2026-02-10T21:07:24.0895747Z Metadata: read
audit-pods	Set up job	2026-02-10T21:07:24.0897638Z ##[endgroup]
audit-pods	Set up job	2026-02-10T21:07:24.0905092Z Secret source: Actions
audit-pods	Set up job	2026-02-10T21:07:24.0941150Z Prepare workflow directory
audit-pods	Set up job	2026-02-10T21:07:24.3857910Z Prepare all required actions
audit-pods	Set up job	2026-02-10T21:07:24.4173524Z Getting action download info
audit-pods	Set up job	2026-02-10T21:07:25.2756497Z Download action repository 'actions/checkout@v4' (SHA:34e114876b0b11c390a56381ad16ebd13914f8d5)
audit-pods	Set up job	2026-02-10T21:07:26.2561313Z Complete job name: audit-pods
audit-pods	Checkout repository	ï»¿2026-02-10T21:07:26.4161430Z ##[group]Run actions/checkout@v4
audit-pods	Checkout repository	2026-02-10T21:07:26.4166784Z with:
audit-pods	Checkout repository	2026-02-10T21:07:26.4170103Z   repository: Ka0s-Klaus/ka0s
audit-pods	Checkout repository	2026-02-10T21:07:26.4175314Z   token: ***
audit-pods	Checkout repository	2026-02-10T21:07:26.4178931Z   ssh-strict: true
audit-pods	Checkout repository	2026-02-10T21:07:26.4182560Z   ssh-user: git
audit-pods	Checkout repository	2026-02-10T21:07:26.4186435Z   persist-credentials: true
audit-pods	Checkout repository	2026-02-10T21:07:26.4190619Z   clean: true
audit-pods	Checkout repository	2026-02-10T21:07:26.4194456Z   sparse-checkout-cone-mode: true
audit-pods	Checkout repository	2026-02-10T21:07:26.4199225Z   fetch-depth: 1
audit-pods	Checkout repository	2026-02-10T21:07:26.4202993Z   fetch-tags: false
audit-pods	Checkout repository	2026-02-10T21:07:26.4206839Z   show-progress: true
audit-pods	Checkout repository	2026-02-10T21:07:26.4208665Z   lfs: false
audit-pods	Checkout repository	2026-02-10T21:07:26.4209401Z   submodules: false
audit-pods	Checkout repository	2026-02-10T21:07:26.4210208Z   set-safe-directory: true
audit-pods	Checkout repository	2026-02-10T21:07:26.4211900Z env:
audit-pods	Checkout repository	2026-02-10T21:07:26.4212639Z   KAOS_MODULE: [Ka0S] Audit Pods
audit-pods	Checkout repository	2026-02-10T21:07:26.4213510Z   KAOS_CODE: 21882422407
audit-pods	Checkout repository	2026-02-10T21:07:26.4214283Z ##[endgroup]
audit-pods	Checkout repository	2026-02-10T21:07:26.7205637Z Syncing repository: Ka0s-Klaus/ka0s
audit-pods	Checkout repository	2026-02-10T21:07:26.7212796Z ##[group]Getting Git version info
audit-pods	Checkout repository	2026-02-10T21:07:26.7215419Z Working directory is '/home/runner/_work/ka0s/ka0s'
audit-pods	Checkout repository	2026-02-10T21:07:26.7218980Z [command]/usr/bin/git version
audit-pods	Checkout repository	2026-02-10T21:07:26.7267009Z git version 2.52.0
audit-pods	Checkout repository	2026-02-10T21:07:26.7401474Z ##[endgroup]
audit-pods	Checkout repository	2026-02-10T21:07:26.7437794Z Temporarily overriding HOME='/home/runner/_work/_temp/48287ec9-4c01-4323-a907-f3eddc876df9' before making global git config changes
audit-pods	Checkout repository	2026-02-10T21:07:26.7442320Z Adding repository directory to the temporary git global config as a safe directory
audit-pods	Checkout repository	2026-02-10T21:07:26.7452332Z [command]/usr/bin/git config --global --add safe.directory /home/runner/_work/ka0s/ka0s
audit-pods	Checkout repository	2026-02-10T21:07:26.7541082Z Deleting the contents of '/home/runner/_work/ka0s/ka0s'
audit-pods	Checkout repository	2026-02-10T21:07:26.7557237Z ##[group]Initializing the repository
audit-pods	Checkout repository	2026-02-10T21:07:26.7560458Z [command]/usr/bin/git init /home/runner/_work/ka0s/ka0s
audit-pods	Checkout repository	2026-02-10T21:07:26.7687645Z hint: Using 'master' as the name for the initial branch. This default branch name
audit-pods	Checkout repository	2026-02-10T21:07:26.7693554Z hint: will change to "main" in Git 3.0. To configure the initial branch name
audit-pods	Checkout repository	2026-02-10T21:07:26.7696363Z hint: to use in all of your new repositories, which will suppress this warning,
audit-pods	Checkout repository	2026-02-10T21:07:26.7702655Z hint: call:
audit-pods	Checkout repository	2026-02-10T21:07:26.7704005Z hint:
audit-pods	Checkout repository	2026-02-10T21:07:26.7705533Z hint: 	git config --global init.defaultBranch <name>
audit-pods	Checkout repository	2026-02-10T21:07:26.7707324Z hint:
audit-pods	Checkout repository	2026-02-10T21:07:26.7709306Z hint: Names commonly chosen instead of 'master' are 'main', 'trunk' and
audit-pods	Checkout repository	2026-02-10T21:07:26.7712027Z hint: 'development'. The just-created branch can be renamed via this command:
audit-pods	Checkout repository	2026-02-10T21:07:26.7714251Z hint:
audit-pods	Checkout repository	2026-02-10T21:07:26.7715568Z hint: 	git branch -m <name>
audit-pods	Checkout repository	2026-02-10T21:07:26.7717006Z hint:
audit-pods	Checkout repository	2026-02-10T21:07:26.7720868Z hint: Disable this message with "git config set advice.defaultBranchName false"
audit-pods	Checkout repository	2026-02-10T21:07:26.7723707Z Initialized empty Git repository in /home/runner/_work/ka0s/ka0s/.git/
audit-pods	Checkout repository	2026-02-10T21:07:26.7728717Z [command]/usr/bin/git remote add origin https://github.com/Ka0s-Klaus/ka0s
audit-pods	Checkout repository	2026-02-10T21:07:26.7818155Z ##[endgroup]
audit-pods	Checkout repository	2026-02-10T21:07:26.7825117Z ##[group]Disabling automatic garbage collection
audit-pods	Checkout repository	2026-02-10T21:07:26.7827185Z [command]/usr/bin/git config --local gc.auto 0
audit-pods	Checkout repository	2026-02-10T21:07:26.7894119Z ##[endgroup]
audit-pods	Checkout repository	2026-02-10T21:07:26.7896870Z ##[group]Setting up auth
audit-pods	Checkout repository	2026-02-10T21:07:26.7907671Z [command]/usr/bin/git config --local --name-only --get-regexp core\.sshCommand
audit-pods	Checkout repository	2026-02-10T21:07:26.7971399Z [command]/usr/bin/git submodule foreach --recursive sh -c "git config --local --name-only --get-regexp 'core\.sshCommand' && git config --local --unset-all 'core.sshCommand' || :"
audit-pods	Checkout repository	2026-02-10T21:07:26.8480483Z [command]/usr/bin/git config --local --name-only --get-regexp http\.https\:\/\/github\.com\/\.extraheader
audit-pods	Checkout repository	2026-02-10T21:07:26.8550398Z [command]/usr/bin/git submodule foreach --recursive sh -c "git config --local --name-only --get-regexp 'http\.https\:\/\/github\.com\/\.extraheader' && git config --local --unset-all 'http.https://github.com/.extraheader' || :"
audit-pods	Checkout repository	2026-02-10T21:07:26.9011813Z [command]/usr/bin/git config --local --name-only --get-regexp ^includeIf\.gitdir:
audit-pods	Checkout repository	2026-02-10T21:07:26.9066709Z [command]/usr/bin/git submodule foreach --recursive git config --local --show-origin --name-only --get-regexp remote.origin.url
audit-pods	Checkout repository	2026-02-10T21:07:26.9609850Z [command]/usr/bin/git config --local http.https://github.com/.extraheader AUTHORIZATION: basic ***
audit-pods	Checkout repository	2026-02-10T21:07:26.9666628Z ##[endgroup]
audit-pods	Checkout repository	2026-02-10T21:07:26.9669867Z ##[group]Fetching the repository
audit-pods	Checkout repository	2026-02-10T21:07:26.9698349Z [command]/usr/bin/git -c protocol.version=2 fetch --no-tags --prune --no-recurse-submodules --depth=1 origin +513b074affc8f2d31e46a78c8afa7b987c4e1bfc:refs/remotes/origin/main
audit-pods	Checkout repository	2026-02-10T21:07:37.1774269Z From https://github.com/Ka0s-Klaus/ka0s
audit-pods	Checkout repository	2026-02-10T21:07:37.1776724Z  * [new ref]         513b074affc8f2d31e46a78c8afa7b987c4e1bfc -> origin/main
audit-pods	Checkout repository	2026-02-10T21:07:37.1880527Z ##[endgroup]
audit-pods	Checkout repository	2026-02-10T21:07:37.1892157Z ##[group]Determining the checkout info
audit-pods	Checkout repository	2026-02-10T21:07:37.1902343Z ##[endgroup]
audit-pods	Checkout repository	2026-02-10T21:07:37.1924635Z [command]/usr/bin/git sparse-checkout disable
audit-pods	Checkout repository	2026-02-10T21:07:37.2077500Z [command]/usr/bin/git config --local --unset-all extensions.worktreeConfig
audit-pods	Checkout repository	2026-02-10T21:07:37.2211391Z ##[group]Checking out the ref
audit-pods	Checkout repository	2026-02-10T21:07:37.2230266Z [command]/usr/bin/git checkout --progress --force -B main refs/remotes/origin/main
audit-pods	Checkout repository	2026-02-10T21:07:38.3233744Z Updating files:  85% (1079/1267)
audit-pods	Checkout repository	2026-02-10T21:07:38.5120304Z Updating files:  86% (1090/1267)
audit-pods	Checkout repository	2026-02-10T21:07:38.6912800Z Updating files:  87% (1103/1267)
audit-pods	Checkout repository	2026-02-10T21:07:38.8602886Z Updating files:  88% (1115/1267)
audit-pods	Checkout repository	2026-02-10T21:07:39.0005621Z Updating files:  89% (1128/1267)
audit-pods	Checkout repository	2026-02-10T21:07:39.0028846Z Updating files:  90% (1141/1267)
audit-pods	Checkout repository	2026-02-10T21:07:39.0074355Z Updating files:  91% (1153/1267)
audit-pods	Checkout repository	2026-02-10T21:07:39.0075716Z Updating files:  92% (1166/1267)
audit-pods	Checkout repository	2026-02-10T21:07:39.0076733Z Updating files:  93% (1179/1267)
audit-pods	Checkout repository	2026-02-10T21:07:39.0164454Z Updating files:  94% (1191/1267)
audit-pods	Checkout repository	2026-02-10T21:07:39.0179002Z Updating files:  95% (1204/1267)
audit-pods	Checkout repository	2026-02-10T21:07:39.0192236Z Updating files:  96% (1217/1267)
audit-pods	Checkout repository	2026-02-10T21:07:39.0207730Z Updating files:  97% (1229/1267)
audit-pods	Checkout repository	2026-02-10T21:07:39.0233098Z Updating files:  98% (1242/1267)
audit-pods	Checkout repository	2026-02-10T21:07:39.0249230Z Updating files:  99% (1255/1267)
audit-pods	Checkout repository	2026-02-10T21:07:39.0250505Z Updating files: 100% (1267/1267)
audit-pods	Checkout repository	2026-02-10T21:07:39.0251764Z Updating files: 100% (1267/1267), done.
audit-pods	Checkout repository	2026-02-10T21:07:39.0324429Z Switched to a new branch 'main'
audit-pods	Checkout repository	2026-02-10T21:07:39.0333912Z branch 'main' set up to track 'origin/main'.
audit-pods	Checkout repository	2026-02-10T21:07:39.0626210Z ##[endgroup]
audit-pods	Checkout repository	2026-02-10T21:07:39.0701480Z [command]/usr/bin/git log -1 --format=%H
audit-pods	Checkout repository	2026-02-10T21:07:39.0751356Z 513b074affc8f2d31e46a78c8afa7b987c4e1bfc
audit-pods	Execute Audit Script	ï»¿2026-02-10T21:07:39.1462767Z Prepare all required actions
audit-pods	Execute Audit Script	2026-02-10T21:07:39.1808338Z ##[group]Run ./.github/actions/ssh-exec
audit-pods	Execute Audit Script	2026-02-10T21:07:39.1809328Z with:
audit-pods	Execute Audit Script	2026-02-10T21:07:39.1810595Z   host: ***
audit-pods	Execute Audit Script	2026-02-10T21:07:39.1811654Z   username: ***
audit-pods	Execute Audit Script	2026-02-10T21:07:39.1819557Z   key: ***
audit-pods	Execute Audit Script	2026-02-10T21:07:39.1820542Z   port: ***
audit-pods	Execute Audit Script	2026-02-10T21:07:39.1821487Z   use-sudo: true
audit-pods	Execute Audit Script	2026-02-10T21:07:39.1822931Z   pass: ***
audit-pods	Execute Audit Script	2026-02-10T21:07:39.1824053Z   script-path: devops/core/k8s/audit-failed-pods.sh
audit-pods	Execute Audit Script	2026-02-10T21:07:39.1825523Z   remote-results-path: /tmp/results
audit-pods	Execute Audit Script	2026-02-10T21:07:39.1826786Z   local-results-path: audit/kube/
audit-pods	Execute Audit Script	2026-02-10T21:07:39.1828185Z   remote-tmp-dir: /tmp
audit-pods	Execute Audit Script	2026-02-10T21:07:39.1829363Z env:
audit-pods	Execute Audit Script	2026-02-10T21:07:39.1830329Z   KAOS_MODULE: [Ka0S] Audit Pods
audit-pods	Execute Audit Script	2026-02-10T21:07:39.1831507Z   KAOS_CODE: 21882422407
audit-pods	Execute Audit Script	2026-02-10T21:07:39.1832566Z ##[endgroup]
audit-pods	Execute Audit Script	2026-02-10T21:07:39.2054740Z ##[group]Run echo "***
audit-pods	Execute Audit Script	2026-02-10T21:07:39.2055850Z [36;1mecho "***[0m
audit-pods	Execute Audit Script	2026-02-10T21:07:39.2057166Z [36;1m***[0m
audit-pods	Execute Audit Script	2026-02-10T21:07:39.2058492Z [36;1m***[0m
audit-pods	Execute Audit Script	2026-02-10T21:07:39.2059313Z [36;1m***[0m
audit-pods	Execute Audit Script	2026-02-10T21:07:39.2059842Z [36;1m***[0m
audit-pods	Execute Audit Script	2026-02-10T21:07:39.2060384Z [36;1m***[0m
audit-pods	Execute Audit Script	2026-02-10T21:07:39.2060854Z [36;1m***" > /home/runner/_work/_temp/ssh_key[0m
audit-pods	Execute Audit Script	2026-02-10T21:07:39.2061342Z [36;1mchmod 600 /home/runner/_work/_temp/ssh_key[0m
audit-pods	Execute Audit Script	2026-02-10T21:07:39.2090398Z shell: /usr/bin/bash --noprofile --norc -e -o pipefail {0}
audit-pods	Execute Audit Script	2026-02-10T21:07:39.2090938Z env:
audit-pods	Execute Audit Script	2026-02-10T21:07:39.2091247Z   KAOS_MODULE: [Ka0S] Audit Pods
audit-pods	Execute Audit Script	2026-02-10T21:07:39.2091615Z   KAOS_CODE: 21882422407
audit-pods	Execute Audit Script	2026-02-10T21:07:39.2091942Z ##[endgroup]
audit-pods	Execute Audit Script	2026-02-10T21:07:39.2395278Z ##[group]Run scp -o StrictHostKeyChecking=no -i /home/runner/_work/_temp/ssh_key -P *** devops/core/k8s/audit-failed-pods.sh ***@***:/tmp
audit-pods	Execute Audit Script	2026-02-10T21:07:39.2409548Z [36;1mscp -o StrictHostKeyChecking=no -i /home/runner/_work/_temp/ssh_key -P *** devops/core/k8s/audit-failed-pods.sh ***@***:/tmp[0m
audit-pods	Execute Audit Script	2026-02-10T21:07:39.2449902Z shell: /usr/bin/bash --noprofile --norc -e -o pipefail {0}
audit-pods	Execute Audit Script	2026-02-10T21:07:39.2450688Z env:
audit-pods	Execute Audit Script	2026-02-10T21:07:39.2451220Z   KAOS_MODULE: [Ka0S] Audit Pods
audit-pods	Execute Audit Script	2026-02-10T21:07:39.2451784Z   KAOS_CODE: 21882422407
audit-pods	Execute Audit Script	2026-02-10T21:07:39.2452285Z ##[endgroup]
audit-pods	Execute Audit Script	2026-02-10T21:07:39.3990320Z Warning: Permanently added '[***]:***' (ED25519) to the list of known hosts.
audit-pods	Execute Audit Script	2026-02-10T21:07:39.8926853Z ##[group]Run REMOTE_SCRIPT_PATH="/tmp/$(basename devops/core/k8s/audit-failed-pods.sh)"
audit-pods	Execute Audit Script	2026-02-10T21:07:39.8929264Z [36;1mREMOTE_SCRIPT_PATH="/tmp/$(basename devops/core/k8s/audit-failed-pods.sh)"[0m
audit-pods	Execute Audit Script	2026-02-10T21:07:39.8931303Z [36;1mEXEC_COMMAND="chmod +x $REMOTE_SCRIPT_PATH && $REMOTE_SCRIPT_PATH "[0m
audit-pods	Execute Audit Script	2026-02-10T21:07:39.8932873Z [36;1mif [[ "true" == "true" ]]; then[0m
audit-pods	Execute Audit Script	2026-02-10T21:07:39.8934227Z [36;1m  SUDO_PREFIX="echo '***' | sudo -S"[0m
audit-pods	Execute Audit Script	2026-02-10T21:07:39.8935593Z [36;1m  COMMAND_CHAIN="$SUDO_PREFIX bash -c '$EXEC_COMMAND'"[0m
audit-pods	Execute Audit Script	2026-02-10T21:07:39.8938143Z [36;1m  if [[ "/tmp/results" != "" ]]; then[0m
audit-pods	Execute Audit Script	2026-02-10T21:07:39.8939996Z [36;1m    COMMAND_CHAIN="$COMMAND_CHAIN && $SUDO_PREFIX chmod -R 777 /tmp/results"[0m
audit-pods	Execute Audit Script	2026-02-10T21:07:39.8941763Z [36;1m  fi[0m
audit-pods	Execute Audit Script	2026-02-10T21:07:39.8944139Z [36;1m  ssh -o StrictHostKeyChecking=no -i /home/runner/_work/_temp/ssh_key -p *** ***@*** "$COMMAND_CHAIN && rm $REMOTE_SCRIPT_PATH"[0m
audit-pods	Execute Audit Script	2026-02-10T21:07:39.8946523Z [36;1melse[0m
audit-pods	Execute Audit Script	2026-02-10T21:07:39.8948694Z [36;1m  ssh -o StrictHostKeyChecking=no -i /home/runner/_work/_temp/ssh_key -p *** ***@*** "$EXEC_COMMAND && rm $REMOTE_SCRIPT_PATH"[0m
audit-pods	Execute Audit Script	2026-02-10T21:07:39.8949505Z [36;1mfi[0m
audit-pods	Execute Audit Script	2026-02-10T21:07:39.8974178Z shell: /usr/bin/bash --noprofile --norc -e -o pipefail {0}
audit-pods	Execute Audit Script	2026-02-10T21:07:39.8975303Z env:
audit-pods	Execute Audit Script	2026-02-10T21:07:39.8976046Z   KAOS_MODULE: [Ka0S] Audit Pods
audit-pods	Execute Audit Script	2026-02-10T21:07:39.8977005Z   KAOS_CODE: 21882422407
audit-pods	Execute Audit Script	2026-02-10T21:07:39.8978063Z ##[endgroup]
audit-pods	Execute Audit Script	2026-02-10T21:07:40.9160393Z [INFO] Iniciando auditorÃ­a de pods fallidos...
audit-pods	Execute Audit Script	2026-02-10T21:07:40.9162159Z [INFO] Directorio de salida: /tmp/results
audit-pods	Execute Audit Script	2026-02-10T21:07:41.4823949Z [SUCCESS] AuditorÃ­a finalizada. Se encontraron 0 pods con problemas.
audit-pods	Execute Audit Script	2026-02-10T21:07:41.4829849Z [INFO] Resultado guardado en: /tmp/results/failed_pods.json
audit-pods	Execute Audit Script	2026-02-10T21:07:41.5125816Z [sudo] password for ***: 
audit-pods	Execute Audit Script	2026-02-10T21:07:41.5450754Z ##[group]Run mkdir -p audit/kube/
audit-pods	Execute Audit Script	2026-02-10T21:07:41.5452155Z [36;1mmkdir -p audit/kube/[0m
audit-pods	Execute Audit Script	2026-02-10T21:07:41.5454300Z [36;1mscp -o StrictHostKeyChecking=no -r -i /home/runner/_work/_temp/ssh_key -P *** ***@***:/tmp/results/* audit/kube/[0m
audit-pods	Execute Audit Script	2026-02-10T21:07:41.5456829Z [36;1mecho "path=audit/kube/" >> $GITHUB_OUTPUT[0m
audit-pods	Execute Audit Script	2026-02-10T21:07:41.5488591Z shell: /usr/bin/bash --noprofile --norc -e -o pipefail {0}
audit-pods	Execute Audit Script	2026-02-10T21:07:41.5489820Z env:
audit-pods	Execute Audit Script	2026-02-10T21:07:41.5490546Z   KAOS_MODULE: [Ka0S] Audit Pods
audit-pods	Execute Audit Script	2026-02-10T21:07:41.5491537Z   KAOS_CODE: 21882422407
audit-pods	Execute Audit Script	2026-02-10T21:07:41.5493160Z ##[endgroup]
audit-pods	Commit Results	ï»¿2026-02-10T21:07:42.1801954Z ##[group]Run git config --global user.name "Ka0s Bot"
audit-pods	Commit Results	2026-02-10T21:07:42.1803672Z [36;1mgit config --global user.name "Ka0s Bot"[0m
audit-pods	Commit Results	2026-02-10T21:07:42.1805359Z [36;1mgit config --global user.email "bot@ka0s.io"[0m
audit-pods	Commit Results	2026-02-10T21:07:42.1806873Z [36;1mgit add audit/kube/failed_pods.json[0m
audit-pods	Commit Results	2026-02-10T21:07:42.1808966Z [36;1mif ! git diff --staged --quiet; then[0m
audit-pods	Commit Results	2026-02-10T21:07:42.1810724Z [36;1m  git commit -m "[Audit] Update failed pods report $(date +'%Y-%m-%d %H:%M')"[0m
audit-pods	Commit Results	2026-02-10T21:07:42.1812451Z [36;1m  git push[0m
audit-pods	Commit Results	2026-02-10T21:07:42.1813457Z [36;1melse[0m
audit-pods	Commit Results	2026-02-10T21:07:42.1814591Z [36;1m  echo "No changes in failed pods report."[0m
audit-pods	Commit Results	2026-02-10T21:07:42.1815907Z [36;1mfi[0m
audit-pods	Commit Results	2026-02-10T21:07:42.1841672Z shell: /usr/bin/bash -e {0}
audit-pods	Commit Results	2026-02-10T21:07:42.1842364Z env:
audit-pods	Commit Results	2026-02-10T21:07:42.1842928Z   KAOS_MODULE: [Ka0S] Audit Pods
audit-pods	Commit Results	2026-02-10T21:07:42.1880374Z   KAOS_CODE: 21882422407
audit-pods	Commit Results	2026-02-10T21:07:42.1881188Z ##[endgroup]
audit-pods	Commit Results	2026-02-10T21:07:42.2377300Z No changes in failed pods report.
audit-pods	Process Tickets in iTop	ï»¿2026-02-10T21:07:42.2492260Z ##[group]Run python3 devops/core/k8s/process-failed-pods.py
audit-pods	Process Tickets in iTop	2026-02-10T21:07:42.2494343Z [36;1mpython3 devops/core/k8s/process-failed-pods.py[0m
audit-pods	Process Tickets in iTop	2026-02-10T21:07:42.2514553Z shell: /usr/bin/bash -e {0}
audit-pods	Process Tickets in iTop	2026-02-10T21:07:42.2515558Z env:
audit-pods	Process Tickets in iTop	2026-02-10T21:07:42.2516531Z   KAOS_MODULE: [Ka0S] Audit Pods
audit-pods	Process Tickets in iTop	2026-02-10T21:07:42.2518319Z   KAOS_CODE: 21882422407
audit-pods	Process Tickets in iTop	2026-02-10T21:07:42.2519713Z   ITOP_URL: ***
audit-pods	Process Tickets in iTop	2026-02-10T21:07:42.2520723Z   ITOP_USER: ***
audit-pods	Process Tickets in iTop	2026-02-10T21:07:42.2521768Z   ITOP_PASSWORD: ***
audit-pods	Process Tickets in iTop	2026-02-10T21:07:42.2522877Z   FAILED_PODS_FILE: audit/kube/failed_pods.json
audit-pods	Process Tickets in iTop	2026-02-10T21:07:42.2524396Z ##[endgroup]
audit-pods	Process Tickets in iTop	2026-02-10T21:07:42.4123252Z [INFO] Current Failed Pods: 0
audit-pods	Process Tickets in iTop	2026-02-10T21:07:42.4124831Z [DEBUG] POST to ***/webservices/rest.php?version=1.3
audit-pods	Process Tickets in iTop	2026-02-10T21:07:42.4126325Z [FATAL] URL Error: [Errno 111] Connection refused
audit-pods	Process Tickets in iTop	2026-02-10T21:07:42.4348613Z ##[error]Process completed with exit code 1.
audit-pods	Post Checkout repository	ï»¿2026-02-10T21:07:42.4665263Z Post job cleanup.
audit-pods	Post Checkout repository	2026-02-10T21:07:42.6781802Z [command]/usr/bin/git version
audit-pods	Post Checkout repository	2026-02-10T21:07:42.6890786Z git version 2.52.0
audit-pods	Post Checkout repository	2026-02-10T21:07:42.7014460Z Copying '/home/runner/.gitconfig' to '/home/runner/_work/_temp/51843c28-5c9d-46a2-a9f9-a93d37e1c608/.gitconfig'
audit-pods	Post Checkout repository	2026-02-10T21:07:42.7044753Z Temporarily overriding HOME='/home/runner/_work/_temp/51843c28-5c9d-46a2-a9f9-a93d37e1c608' before making global git config changes
audit-pods	Post Checkout repository	2026-02-10T21:07:42.7052894Z Adding repository directory to the temporary git global config as a safe directory
audit-pods	Post Checkout repository	2026-02-10T21:07:42.7071001Z [command]/usr/bin/git config --global --add safe.directory /home/runner/_work/ka0s/ka0s
audit-pods	Post Checkout repository	2026-02-10T21:07:42.7179751Z [command]/usr/bin/git config --local --name-only --get-regexp core\.sshCommand
audit-pods	Post Checkout repository	2026-02-10T21:07:42.7339312Z [command]/usr/bin/git submodule foreach --recursive sh -c "git config --local --name-only --get-regexp 'core\.sshCommand' && git config --local --unset-all 'core.sshCommand' || :"
audit-pods	Post Checkout repository	2026-02-10T21:07:42.8311184Z [command]/usr/bin/git config --local --name-only --get-regexp http\.https\:\/\/github\.com\/\.extraheader
audit-pods	Post Checkout repository	2026-02-10T21:07:42.8422416Z http.https://github.com/.extraheader
audit-pods	Post Checkout repository	2026-02-10T21:07:42.8472411Z [command]/usr/bin/git config --local --unset-all http.https://github.com/.extraheader
audit-pods	Post Checkout repository	2026-02-10T21:07:42.8605327Z [command]/usr/bin/git submodule foreach --recursive sh -c "git config --local --name-only --get-regexp 'http\.https\:\/\/github\.com\/\.extraheader' && git config --local --unset-all 'http.https://github.com/.extraheader' || :"
audit-pods	Post Checkout repository	2026-02-10T21:07:42.9853106Z [command]/usr/bin/git config --local --name-only --get-regexp ^includeIf\.gitdir:
audit-pods	Post Checkout repository	2026-02-10T21:07:42.9982751Z [command]/usr/bin/git submodule foreach --recursive git config --local --show-origin --name-only --get-regexp remote.origin.url
audit-pods	Complete job	ï»¿2026-02-10T21:07:43.1933952Z Cleaning up orphan processes
handle_failure	Set up job	ï»¿2026-02-10T21:07:58.7812159Z Current runner version: '2.331.0'
handle_failure	Set up job	2026-02-10T21:07:58.7860587Z Runner name: 'swarm-runners-scaleset-hkss5-runner-ndc5r'
handle_failure	Set up job	2026-02-10T21:07:58.7862550Z Runner group name: 'Default'
handle_failure	Set up job	2026-02-10T21:07:58.7864739Z Machine name: 'swarm-runners-scaleset-hkss5-runner-ndc5r'
handle_failure	Set up job	2026-02-10T21:07:58.7961720Z ##[group]GITHUB_TOKEN Permissions
handle_failure	Set up job	2026-02-10T21:07:58.7966296Z Actions: write
handle_failure	Set up job	2026-02-10T21:07:58.7967440Z Contents: write
handle_failure	Set up job	2026-02-10T21:07:58.7969233Z Issues: write
handle_failure	Set up job	2026-02-10T21:07:58.7970341Z Metadata: read
handle_failure	Set up job	2026-02-10T21:07:58.7971408Z ##[endgroup]
handle_failure	Set up job	2026-02-10T21:07:58.7975626Z Secret source: Actions
handle_failure	Set up job	2026-02-10T21:07:58.8011209Z Prepare workflow directory
handle_failure	Set up job	2026-02-10T21:07:58.9827320Z Prepare all required actions
handle_failure	Set up job	2026-02-10T21:07:59.0026075Z Complete job name: handle_failure
handle_failure	Run echo "Error detected in [Ka0S] Audit Pods, creating issue..."	ï»¿2026-02-10T21:07:59.1479793Z ##[group]Run echo "Error detected in [Ka0S] Audit Pods, creating issue..."
handle_failure	Run echo "Error detected in [Ka0S] Audit Pods, creating issue..."	2026-02-10T21:07:59.1482724Z [36;1mecho "Error detected in [Ka0S] Audit Pods, creating issue..."[0m
handle_failure	Run echo "Error detected in [Ka0S] Audit Pods, creating issue..."	2026-02-10T21:07:59.1553245Z shell: /usr/bin/bash -e {0}
handle_failure	Run echo "Error detected in [Ka0S] Audit Pods, creating issue..."	2026-02-10T21:07:59.1555311Z env:
handle_failure	Run echo "Error detected in [Ka0S] Audit Pods, creating issue..."	2026-02-10T21:07:59.1556229Z   KAOS_MODULE: [Ka0S] Audit Pods
handle_failure	Run echo "Error detected in [Ka0S] Audit Pods, creating issue..."	2026-02-10T21:07:59.1557356Z   KAOS_CODE: 21882422407
handle_failure	Run echo "Error detected in [Ka0S] Audit Pods, creating issue..."	2026-02-10T21:07:59.1559299Z ##[endgroup]
handle_failure	Run echo "Error detected in [Ka0S] Audit Pods, creating issue..."	2026-02-10T21:07:59.2288904Z Error detected in [Ka0S] Audit Pods, creating issue...
handle_failure	Complete job	ï»¿2026-02-10T21:07:59.2712612Z Cleaning up orphan processes
end-workflow	Set up job	ï»¿2026-02-10T21:08:13.6178806Z Current runner version: '2.331.0'
end-workflow	Set up job	2026-02-10T21:08:13.6223779Z Runner name: 'swarm-runners-scaleset-hkss5-runner-gqnsr'
end-workflow	Set up job	2026-02-10T21:08:13.6225889Z Runner group name: 'Default'
end-workflow	Set up job	2026-02-10T21:08:13.6228037Z Machine name: 'swarm-runners-scaleset-hkss5-runner-gqnsr'
end-workflow	Set up job	2026-02-10T21:08:13.6274851Z ##[group]GITHUB_TOKEN Permissions
end-workflow	Set up job	2026-02-10T21:08:13.6306136Z Actions: write
end-workflow	Set up job	2026-02-10T21:08:13.6307716Z Contents: write
end-workflow	Set up job	2026-02-10T21:08:13.6318378Z Issues: write
end-workflow	Set up job	2026-02-10T21:08:13.6320241Z Metadata: read
end-workflow	Set up job	2026-02-10T21:08:13.6321336Z ##[endgroup]
end-workflow	Set up job	2026-02-10T21:08:13.6326171Z Secret source: Actions
end-workflow	Set up job	2026-02-10T21:08:13.6349330Z Prepare workflow directory
end-workflow	Set up job	2026-02-10T21:08:13.8099774Z Prepare all required actions
end-workflow	Set up job	2026-02-10T21:08:13.8183954Z Getting action download info
end-workflow	Set up job	2026-02-10T21:08:14.3912484Z Download action repository 'actions/checkout@v4' (SHA:34e114876b0b11c390a56381ad16ebd13914f8d5)
end-workflow	Set up job	2026-02-10T21:08:15.7043534Z Complete job name: end-workflow
end-workflow	Checkout code	ï»¿2026-02-10T21:08:15.8492616Z ##[group]Run actions/checkout@v4
end-workflow	Checkout code	2026-02-10T21:08:15.8494342Z with:
end-workflow	Checkout code	2026-02-10T21:08:15.8494916Z   fetch-depth: 0
end-workflow	Checkout code	2026-02-10T21:08:15.8495499Z   repository: Ka0s-Klaus/ka0s
end-workflow	Checkout code	2026-02-10T21:08:15.8496488Z   token: ***
end-workflow	Checkout code	2026-02-10T21:08:15.8497042Z   ssh-strict: true
end-workflow	Checkout code	2026-02-10T21:08:15.8497608Z   ssh-user: git
end-workflow	Checkout code	2026-02-10T21:08:15.8498816Z   persist-credentials: true
end-workflow	Checkout code	2026-02-10T21:08:15.8499506Z   clean: true
end-workflow	Checkout code	2026-02-10T21:08:15.8500108Z   sparse-checkout-cone-mode: true
end-workflow	Checkout code	2026-02-10T21:08:15.8501017Z   fetch-tags: false
end-workflow	Checkout code	2026-02-10T21:08:15.8501622Z   show-progress: true
end-workflow	Checkout code	2026-02-10T21:08:15.8502342Z   lfs: false
end-workflow	Checkout code	2026-02-10T21:08:15.8502874Z   submodules: false
end-workflow	Checkout code	2026-02-10T21:08:15.8503491Z   set-safe-directory: true
end-workflow	Checkout code	2026-02-10T21:08:15.8504509Z env:
end-workflow	Checkout code	2026-02-10T21:08:15.8505086Z   KAOS_MODULE: [Ka0S] Audit Pods
end-workflow	Checkout code	2026-02-10T21:08:15.8505775Z   KAOS_CODE: 21882422407
end-workflow	Checkout code	2026-02-10T21:08:15.8506641Z   GH_TOKEN: ***
end-workflow	Checkout code	2026-02-10T21:08:15.8507202Z ##[endgroup]
end-workflow	Checkout code	2026-02-10T21:08:16.0601371Z Syncing repository: Ka0s-Klaus/ka0s
end-workflow	Checkout code	2026-02-10T21:08:16.0607311Z ##[group]Getting Git version info
end-workflow	Checkout code	2026-02-10T21:08:16.0609737Z Working directory is '/home/runner/_work/ka0s/ka0s'
end-workflow	Checkout code	2026-02-10T21:08:16.0611518Z [command]/usr/bin/git version
end-workflow	Checkout code	2026-02-10T21:08:16.0612257Z git version 2.52.0
end-workflow	Checkout code	2026-02-10T21:08:16.0617238Z ##[endgroup]
end-workflow	Checkout code	2026-02-10T21:08:16.0639006Z Temporarily overriding HOME='/home/runner/_work/_temp/8990aaa5-9b1a-4de8-baaf-db34c5509075' before making global git config changes
end-workflow	Checkout code	2026-02-10T21:08:16.0641445Z Adding repository directory to the temporary git global config as a safe directory
end-workflow	Checkout code	2026-02-10T21:08:16.0648877Z [command]/usr/bin/git config --global --add safe.directory /home/runner/_work/ka0s/ka0s
end-workflow	Checkout code	2026-02-10T21:08:16.0715324Z Deleting the contents of '/home/runner/_work/ka0s/ka0s'
end-workflow	Checkout code	2026-02-10T21:08:16.0724922Z ##[group]Initializing the repository
end-workflow	Checkout code	2026-02-10T21:08:16.0731551Z [command]/usr/bin/git init /home/runner/_work/ka0s/ka0s
end-workflow	Checkout code	2026-02-10T21:08:16.0813449Z hint: Using 'master' as the name for the initial branch. This default branch name
end-workflow	Checkout code	2026-02-10T21:08:16.0819198Z hint: will change to "main" in Git 3.0. To configure the initial branch name
end-workflow	Checkout code	2026-02-10T21:08:16.0822458Z hint: to use in all of your new repositories, which will suppress this warning,
end-workflow	Checkout code	2026-02-10T21:08:16.0825765Z hint: call:
end-workflow	Checkout code	2026-02-10T21:08:16.0828749Z hint:
end-workflow	Checkout code	2026-02-10T21:08:16.0831652Z hint: 	git config --global init.defaultBranch <name>
end-workflow	Checkout code	2026-02-10T21:08:16.0835107Z hint:
end-workflow	Checkout code	2026-02-10T21:08:16.0836712Z hint: Names commonly chosen instead of 'master' are 'main', 'trunk' and
end-workflow	Checkout code	2026-02-10T21:08:16.0840068Z hint: 'development'. The just-created branch can be renamed via this command:
end-workflow	Checkout code	2026-02-10T21:08:16.0842166Z hint:
end-workflow	Checkout code	2026-02-10T21:08:16.0843320Z hint: 	git branch -m <name>
end-workflow	Checkout code	2026-02-10T21:08:16.0845512Z hint:
end-workflow	Checkout code	2026-02-10T21:08:16.0849329Z hint: Disable this message with "git config set advice.defaultBranchName false"
end-workflow	Checkout code	2026-02-10T21:08:16.0853800Z Initialized empty Git repository in /home/runner/_work/ka0s/ka0s/.git/
end-workflow	Checkout code	2026-02-10T21:08:16.0859955Z [command]/usr/bin/git remote add origin https://github.com/Ka0s-Klaus/ka0s
end-workflow	Checkout code	2026-02-10T21:08:16.0910952Z ##[endgroup]
end-workflow	Checkout code	2026-02-10T21:08:16.0915592Z ##[group]Disabling automatic garbage collection
end-workflow	Checkout code	2026-02-10T21:08:16.0922928Z [command]/usr/bin/git config --local gc.auto 0
end-workflow	Checkout code	2026-02-10T21:08:16.0997311Z ##[endgroup]
end-workflow	Checkout code	2026-02-10T21:08:16.1000747Z ##[group]Setting up auth
end-workflow	Checkout code	2026-02-10T21:08:16.1010921Z [command]/usr/bin/git config --local --name-only --get-regexp core\.sshCommand
end-workflow	Checkout code	2026-02-10T21:08:16.1072381Z [command]/usr/bin/git submodule foreach --recursive sh -c "git config --local --name-only --get-regexp 'core\.sshCommand' && git config --local --unset-all 'core.sshCommand' || :"
end-workflow	Checkout code	2026-02-10T21:08:16.1556513Z [command]/usr/bin/git config --local --name-only --get-regexp http\.https\:\/\/github\.com\/\.extraheader
end-workflow	Checkout code	2026-02-10T21:08:16.1633839Z [command]/usr/bin/git submodule foreach --recursive sh -c "git config --local --name-only --get-regexp 'http\.https\:\/\/github\.com\/\.extraheader' && git config --local --unset-all 'http.https://github.com/.extraheader' || :"
end-workflow	Checkout code	2026-02-10T21:08:16.2105825Z [command]/usr/bin/git config --local --name-only --get-regexp ^includeIf\.gitdir:
end-workflow	Checkout code	2026-02-10T21:08:16.2168565Z [command]/usr/bin/git submodule foreach --recursive git config --local --show-origin --name-only --get-regexp remote.origin.url
end-workflow	Checkout code	2026-02-10T21:08:16.2637373Z [command]/usr/bin/git config --local http.https://github.com/.extraheader AUTHORIZATION: basic ***
end-workflow	Checkout code	2026-02-10T21:08:16.2709240Z ##[endgroup]
end-workflow	Checkout code	2026-02-10T21:08:16.2714145Z ##[group]Fetching the repository
end-workflow	Checkout code	2026-02-10T21:08:16.2722904Z [command]/usr/bin/git -c protocol.version=2 fetch --prune --no-recurse-submodules origin +refs/heads/*:refs/remotes/origin/* +refs/tags/*:refs/tags/*
end-workflow	Checkout code	2026-02-10T21:08:54.7323832Z From https://github.com/Ka0s-Klaus/ka0s
end-workflow	Checkout code	2026-02-10T21:08:54.7325523Z  * [new branch]          F1224-new-module-mongodb -> origin/F1224-new-module-mongodb
end-workflow	Checkout code	2026-02-10T21:08:54.7327120Z  * [new branch]          F220-web-de-resultados  -> origin/F220-web-de-resultados
end-workflow	Checkout code	2026-02-10T21:08:54.7335354Z  * [new branch]          F227-despliegue-de-kube-independiente-del-clouder -> origin/F227-despliegue-de-kube-independiente-del-clouder
end-workflow	Checkout code	2026-02-10T21:08:54.7338320Z  * [new branch]          F329-documentacion-metodologia-de-kaos -> origin/F329-documentacion-metodologia-de-kaos
end-workflow	Checkout code	2026-02-10T21:08:54.7340119Z  * [new branch]          F3450-modelo-operativo  -> origin/F3450-modelo-operativo
end-workflow	Checkout code	2026-02-10T21:08:54.7341694Z  * [new branch]          H1139-como-instalar-arc-control -> origin/H1139-como-instalar-arc-control
end-workflow	Checkout code	2026-02-10T21:08:54.7343410Z  * [new branch]          H1150-desarrollo-de-secciones -> origin/H1150-desarrollo-de-secciones
end-workflow	Checkout code	2026-02-10T21:08:54.7345171Z  * [new branch]          H1151-desarrollo-de-secciones-ii -> origin/H1151-desarrollo-de-secciones-ii
end-workflow	Checkout code	2026-02-10T21:08:54.7346808Z  * [new branch]          H1152-desarrollo-inicio -> origin/H1152-desarrollo-inicio
end-workflow	Checkout code	2026-02-10T21:08:54.7348661Z  * [new branch]          H1193-ejemplo-web-documentacion -> origin/H1193-ejemplo-web-documentacion
end-workflow	Checkout code	2026-02-10T21:08:54.7350265Z  * [new branch]          H1224-new-module-mongodb -> origin/H1224-new-module-mongodb
end-workflow	Checkout code	2026-02-10T21:08:54.7351797Z  * [new branch]          H1276-modulo-observabilidad -> origin/H1276-modulo-observabilidad
end-workflow	Checkout code	2026-02-10T21:08:54.7353259Z  * [new branch]          H1410-modulo-execution  -> origin/H1410-modulo-execution
end-workflow	Checkout code	2026-02-10T21:08:54.7355722Z  * [new branch]          H1514-new-swarm-deployment-stack-with-actions-runners-autoscale -> origin/H1514-new-swarm-deployment-stack-with-actions-runners-autoscale
end-workflow	Checkout code	2026-02-10T21:08:54.7359844Z  * [new branch]          H1968-modulo-personalizaciÃ³n-del-portal-de-kaos-core -> origin/H1968-modulo-personalizaciÃ³n-del-portal-de-kaos-core
end-workflow	Checkout code	2026-02-10T21:08:54.7361945Z  * [new branch]          H215-modulo-de-summary  -> origin/H215-modulo-de-summary
end-workflow	Checkout code	2026-02-10T21:08:54.7363954Z  * [new branch]          H227-despliegue-de-kube-independiente-del-clouder -> origin/H227-despliegue-de-kube-independiente-del-clouder
end-workflow	Checkout code	2026-02-10T21:08:54.7366505Z  * [new branch]          H3038-test-ci-cd-kubernetes-automated-system -> origin/H3038-test-ci-cd-kubernetes-automated-system
end-workflow	Checkout code	2026-02-10T21:08:54.7492580Z  * [new branch]          H306-ficheros-de-estadisticas -> origin/H306-ficheros-de-estadisticas
end-workflow	Checkout code	2026-02-10T21:08:54.7494362Z  * [new branch]          H3265-deploy-itop       -> origin/H3265-deploy-itop
end-workflow	Checkout code	2026-02-10T21:08:54.7502175Z  * [new branch]          H3266-deploy-zabbix     -> origin/H3266-deploy-zabbix
end-workflow	Checkout code	2026-02-10T21:08:54.7504310Z  * [new branch]          H328-documentacion-modulo-principal-de-kaos -> origin/H328-documentacion-modulo-principal-de-kaos
end-workflow	Checkout code	2026-02-10T21:08:54.7506570Z  * [new branch]          H329-documentacion-metodologia-de-kaos -> origin/H329-documentacion-metodologia-de-kaos
end-workflow	Checkout code	2026-02-10T21:08:54.7519634Z  * [new branch]          H338-relanzador-de-jobs-en-caso-de-pattern -> origin/H338-relanzador-de-jobs-en-caso-de-pattern
end-workflow	Checkout code	2026-02-10T21:08:54.7521956Z  * [new branch]          H38-documentacion-basica-del-proyecto -> origin/H38-documentacion-basica-del-proyecto
end-workflow	Checkout code	2026-02-10T21:08:54.7525353Z  * [new branch]          RN1282-ka0s-error-detected-in-ka0s-workflow-statistics-summary -> origin/RN1282-ka0s-error-detected-in-ka0s-workflow-statistics-summary
end-workflow	Checkout code	2026-02-10T21:08:54.7527733Z  * [new branch]          RN220-web-de-resultados -> origin/RN220-web-de-resultados
end-workflow	Checkout code	2026-02-10T21:08:54.7529997Z  * [new branch]          RN227-despliegue-de-kube-independiente-del-clouder -> origin/RN227-despliegue-de-kube-independiente-del-clouder
end-workflow	Checkout code	2026-02-10T21:08:54.7532497Z  * [new branch]          RN329-documentacion-metodologia-de-kaos -> origin/RN329-documentacion-metodologia-de-kaos
end-workflow	Checkout code	2026-02-10T21:08:54.7534159Z  * [new branch]          main                    -> origin/main
end-workflow	Checkout code	2026-02-10T21:08:54.7535484Z  * [new tag]             0.0.0                   -> 0.0.0
end-workflow	Checkout code	2026-02-10T21:08:54.7536351Z  * [new tag]             0.0.1                   -> 0.0.1
end-workflow	Checkout code	2026-02-10T21:08:54.7537213Z  * [new tag]             0.0.10                  -> 0.0.10
end-workflow	Checkout code	2026-02-10T21:08:54.7538273Z  * [new tag]             0.0.100                 -> 0.0.100
end-workflow	Checkout code	2026-02-10T21:08:54.7539184Z  * [new tag]             0.0.101                 -> 0.0.101
end-workflow	Checkout code	2026-02-10T21:08:54.7540049Z  * [new tag]             0.0.102                 -> 0.0.102
end-workflow	Checkout code	2026-02-10T21:08:54.7540931Z  * [new tag]             0.0.103                 -> 0.0.103
end-workflow	Checkout code	2026-02-10T21:08:54.7541828Z  * [new tag]             0.0.104                 -> 0.0.104
end-workflow	Checkout code	2026-02-10T21:08:54.7542714Z  * [new tag]             0.0.105                 -> 0.0.105
end-workflow	Checkout code	2026-02-10T21:08:54.7543571Z  * [new tag]             0.0.106                 -> 0.0.106
end-workflow	Checkout code	2026-02-10T21:08:54.7544460Z  * [new tag]             0.0.107                 -> 0.0.107
end-workflow	Checkout code	2026-02-10T21:08:54.7545363Z  * [new tag]             0.0.108                 -> 0.0.108
end-workflow	Checkout code	2026-02-10T21:08:54.7546246Z  * [new tag]             0.0.109                 -> 0.0.109
end-workflow	Checkout code	2026-02-10T21:08:54.7547116Z  * [new tag]             0.0.11                  -> 0.0.11
end-workflow	Checkout code	2026-02-10T21:08:54.7548199Z  * [new tag]             0.0.110                 -> 0.0.110
end-workflow	Checkout code	2026-02-10T21:08:54.7549079Z  * [new tag]             0.0.111                 -> 0.0.111
end-workflow	Checkout code	2026-02-10T21:08:54.7549974Z  * [new tag]             0.0.112                 -> 0.0.112
end-workflow	Checkout code	2026-02-10T21:08:54.7550851Z  * [new tag]             0.0.113                 -> 0.0.113
end-workflow	Checkout code	2026-02-10T21:08:54.7551741Z  * [new tag]             0.0.114                 -> 0.0.114
end-workflow	Checkout code	2026-02-10T21:08:54.7552648Z  * [new tag]             0.0.115                 -> 0.0.115
end-workflow	Checkout code	2026-02-10T21:08:54.7553554Z  * [new tag]             0.0.116                 -> 0.0.116
end-workflow	Checkout code	2026-02-10T21:08:54.7554470Z  * [new tag]             0.0.117                 -> 0.0.117
end-workflow	Checkout code	2026-02-10T21:08:54.7555377Z  * [new tag]             0.0.118                 -> 0.0.118
end-workflow	Checkout code	2026-02-10T21:08:54.7556289Z  * [new tag]             0.0.119                 -> 0.0.119
end-workflow	Checkout code	2026-02-10T21:08:54.7557201Z  * [new tag]             0.0.12                  -> 0.0.12
end-workflow	Checkout code	2026-02-10T21:08:54.7558212Z  * [new tag]             0.0.120                 -> 0.0.120
end-workflow	Checkout code	2026-02-10T21:08:54.7559147Z  * [new tag]             0.0.121                 -> 0.0.121
end-workflow	Checkout code	2026-02-10T21:08:54.7560462Z  * [new tag]             0.0.122                 -> 0.0.122
end-workflow	Checkout code	2026-02-10T21:08:54.7561371Z  * [new tag]             0.0.123                 -> 0.0.123
end-workflow	Checkout code	2026-02-10T21:08:54.7562276Z  * [new tag]             0.0.124                 -> 0.0.124
end-workflow	Checkout code	2026-02-10T21:08:54.7563188Z  * [new tag]             0.0.125                 -> 0.0.125
end-workflow	Checkout code	2026-02-10T21:08:54.7564086Z  * [new tag]             0.0.126                 -> 0.0.126
end-workflow	Checkout code	2026-02-10T21:08:54.7564941Z  * [new tag]             0.0.127                 -> 0.0.127
end-workflow	Checkout code	2026-02-10T21:08:54.7565867Z  * [new tag]             0.0.128                 -> 0.0.128
end-workflow	Checkout code	2026-02-10T21:08:54.7566812Z  * [new tag]             0.0.129                 -> 0.0.129
end-workflow	Checkout code	2026-02-10T21:08:54.7567931Z  * [new tag]             0.0.13                  -> 0.0.13
end-workflow	Checkout code	2026-02-10T21:08:54.7569024Z  * [new tag]             0.0.130                 -> 0.0.130
end-workflow	Checkout code	2026-02-10T21:08:54.7569911Z  * [new tag]             0.0.131                 -> 0.0.131
end-workflow	Checkout code	2026-02-10T21:08:54.7570798Z  * [new tag]             0.0.132                 -> 0.0.132
end-workflow	Checkout code	2026-02-10T21:08:54.7572091Z  * [new tag]             0.0.133                 -> 0.0.133
end-workflow	Checkout code	2026-02-10T21:08:54.7572980Z  * [new tag]             0.0.134                 -> 0.0.134
end-workflow	Checkout code	2026-02-10T21:08:54.7573880Z  * [new tag]             0.0.135                 -> 0.0.135
end-workflow	Checkout code	2026-02-10T21:08:54.7574776Z  * [new tag]             0.0.136                 -> 0.0.136
end-workflow	Checkout code	2026-02-10T21:08:54.7575693Z  * [new tag]             0.0.137                 -> 0.0.137
end-workflow	Checkout code	2026-02-10T21:08:54.7576605Z  * [new tag]             0.0.138                 -> 0.0.138
end-workflow	Checkout code	2026-02-10T21:08:54.7577516Z  * [new tag]             0.0.139                 -> 0.0.139
end-workflow	Checkout code	2026-02-10T21:08:54.7578681Z  * [new tag]             0.0.14                  -> 0.0.14
end-workflow	Checkout code	2026-02-10T21:08:54.7579562Z  * [new tag]             0.0.140                 -> 0.0.140
end-workflow	Checkout code	2026-02-10T21:08:54.7580459Z  * [new tag]             0.0.141                 -> 0.0.141
end-workflow	Checkout code	2026-02-10T21:08:54.7581383Z  * [new tag]             0.0.142                 -> 0.0.142
end-workflow	Checkout code	2026-02-10T21:08:54.7582303Z  * [new tag]             0.0.143                 -> 0.0.143
end-workflow	Checkout code	2026-02-10T21:08:54.7583203Z  * [new tag]             0.0.144                 -> 0.0.144
end-workflow	Checkout code	2026-02-10T21:08:54.7584202Z  * [new tag]             0.0.145                 -> 0.0.145
end-workflow	Checkout code	2026-02-10T21:08:54.7585101Z  * [new tag]             0.0.146                 -> 0.0.146
end-workflow	Checkout code	2026-02-10T21:08:54.7586002Z  * [new tag]             0.0.147                 -> 0.0.147
end-workflow	Checkout code	2026-02-10T21:08:54.7586905Z  * [new tag]             0.0.148                 -> 0.0.148
end-workflow	Checkout code	2026-02-10T21:08:54.7587938Z  * [new tag]             0.0.149                 -> 0.0.149
end-workflow	Checkout code	2026-02-10T21:08:54.7588912Z  * [new tag]             0.0.15                  -> 0.0.15
end-workflow	Checkout code	2026-02-10T21:08:54.7589794Z  * [new tag]             0.0.150                 -> 0.0.150
end-workflow	Checkout code	2026-02-10T21:08:54.7590682Z  * [new tag]             0.0.151                 -> 0.0.151
end-workflow	Checkout code	2026-02-10T21:08:54.7591575Z  * [new tag]             0.0.152                 -> 0.0.152
end-workflow	Checkout code	2026-02-10T21:08:54.7592459Z  * [new tag]             0.0.153                 -> 0.0.153
end-workflow	Checkout code	2026-02-10T21:08:54.7593394Z  * [new tag]             0.0.154                 -> 0.0.154
end-workflow	Checkout code	2026-02-10T21:08:54.7594291Z  * [new tag]             0.0.155                 -> 0.0.155
end-workflow	Checkout code	2026-02-10T21:08:54.7595209Z  * [new tag]             0.0.156                 -> 0.0.156
end-workflow	Checkout code	2026-02-10T21:08:54.7596089Z  * [new tag]             0.0.157                 -> 0.0.157
end-workflow	Checkout code	2026-02-10T21:08:54.7597041Z  * [new tag]             0.0.158                 -> 0.0.158
end-workflow	Checkout code	2026-02-10T21:08:54.7598038Z  * [new tag]             0.0.159                 -> 0.0.159
end-workflow	Checkout code	2026-02-10T21:08:54.7599069Z  * [new tag]             0.0.16                  -> 0.0.16
end-workflow	Checkout code	2026-02-10T21:08:54.7599948Z  * [new tag]             0.0.160                 -> 0.0.160
end-workflow	Checkout code	2026-02-10T21:08:54.7600840Z  * [new tag]             0.0.161                 -> 0.0.161
end-workflow	Checkout code	2026-02-10T21:08:54.7601736Z  * [new tag]             0.0.162                 -> 0.0.162
end-workflow	Checkout code	2026-02-10T21:08:54.7602632Z  * [new tag]             0.0.163                 -> 0.0.163
end-workflow	Checkout code	2026-02-10T21:08:54.7603536Z  * [new tag]             0.0.164                 -> 0.0.164
end-workflow	Checkout code	2026-02-10T21:08:54.7604828Z  * [new tag]             0.0.165                 -> 0.0.165
end-workflow	Checkout code	2026-02-10T21:08:54.7605717Z  * [new tag]             0.0.166                 -> 0.0.166
end-workflow	Checkout code	2026-02-10T21:08:54.7606607Z  * [new tag]             0.0.167                 -> 0.0.167
end-workflow	Checkout code	2026-02-10T21:08:54.7607499Z  * [new tag]             0.0.168                 -> 0.0.168
end-workflow	Checkout code	2026-02-10T21:08:54.7608627Z  * [new tag]             0.0.169                 -> 0.0.169
end-workflow	Checkout code	2026-02-10T21:08:54.7609503Z  * [new tag]             0.0.17                  -> 0.0.17
end-workflow	Checkout code	2026-02-10T21:08:54.7610380Z  * [new tag]             0.0.170                 -> 0.0.170
end-workflow	Checkout code	2026-02-10T21:08:54.7611262Z  * [new tag]             0.0.171                 -> 0.0.171
end-workflow	Checkout code	2026-02-10T21:08:54.7612124Z  * [new tag]             0.0.172                 -> 0.0.172
end-workflow	Checkout code	2026-02-10T21:08:54.7613024Z  * [new tag]             0.0.173                 -> 0.0.173
end-workflow	Checkout code	2026-02-10T21:08:54.7613936Z  * [new tag]             0.0.174                 -> 0.0.174
end-workflow	Checkout code	2026-02-10T21:08:54.7615694Z  * [new tag]             0.0.175                 -> 0.0.175
end-workflow	Checkout code	2026-02-10T21:08:54.7616568Z  * [new tag]             0.0.176                 -> 0.0.176
end-workflow	Checkout code	2026-02-10T21:08:54.7617439Z  * [new tag]             0.0.177                 -> 0.0.177
end-workflow	Checkout code	2026-02-10T21:08:54.7618642Z  * [new tag]             0.0.178                 -> 0.0.178
end-workflow	Checkout code	2026-02-10T21:08:54.7619520Z  * [new tag]             0.0.179                 -> 0.0.179
end-workflow	Checkout code	2026-02-10T21:08:54.7620395Z  * [new tag]             0.0.18                  -> 0.0.18
end-workflow	Checkout code	2026-02-10T21:08:54.7621261Z  * [new tag]             0.0.19                  -> 0.0.19
end-workflow	Checkout code	2026-02-10T21:08:54.7622143Z  * [new tag]             0.0.2                   -> 0.0.2
end-workflow	Checkout code	2026-02-10T21:08:54.7623019Z  * [new tag]             0.0.20                  -> 0.0.20
end-workflow	Checkout code	2026-02-10T21:08:54.7623902Z  * [new tag]             0.0.21                  -> 0.0.21
end-workflow	Checkout code	2026-02-10T21:08:54.7624806Z  * [new tag]             0.0.22                  -> 0.0.22
end-workflow	Checkout code	2026-02-10T21:08:54.7625714Z  * [new tag]             0.0.23                  -> 0.0.23
end-workflow	Checkout code	2026-02-10T21:08:54.7626613Z  * [new tag]             0.0.24                  -> 0.0.24
end-workflow	Checkout code	2026-02-10T21:08:54.7627478Z  * [new tag]             0.0.25                  -> 0.0.25
end-workflow	Checkout code	2026-02-10T21:08:54.7628790Z  * [new tag]             0.0.26                  -> 0.0.26
end-workflow	Checkout code	2026-02-10T21:08:54.7629666Z  * [new tag]             0.0.27                  -> 0.0.27
end-workflow	Checkout code	2026-02-10T21:08:54.7630518Z  * [new tag]             0.0.28                  -> 0.0.28
end-workflow	Checkout code	2026-02-10T21:08:54.7631386Z  * [new tag]             0.0.29                  -> 0.0.29
end-workflow	Checkout code	2026-02-10T21:08:54.7632264Z  * [new tag]             0.0.3                   -> 0.0.3
end-workflow	Checkout code	2026-02-10T21:08:54.7633148Z  * [new tag]             0.0.30                  -> 0.0.30
end-workflow	Checkout code	2026-02-10T21:08:54.7634026Z  * [new tag]             0.0.31                  -> 0.0.31
end-workflow	Checkout code	2026-02-10T21:08:54.7634931Z  * [new tag]             0.0.32                  -> 0.0.32
end-workflow	Checkout code	2026-02-10T21:08:54.7636236Z  * [new tag]             0.0.33                  -> 0.0.33
end-workflow	Checkout code	2026-02-10T21:08:54.7637132Z  * [new tag]             0.0.34                  -> 0.0.34
end-workflow	Checkout code	2026-02-10T21:08:54.7638322Z  * [new tag]             0.0.35                  -> 0.0.35
end-workflow	Checkout code	2026-02-10T21:08:54.7639201Z  * [new tag]             0.0.36                  -> 0.0.36
end-workflow	Checkout code	2026-02-10T21:08:54.7640064Z  * [new tag]             0.0.37                  -> 0.0.37
end-workflow	Checkout code	2026-02-10T21:08:54.7640919Z  * [new tag]             0.0.38                  -> 0.0.38
end-workflow	Checkout code	2026-02-10T21:08:54.7641792Z  * [new tag]             0.0.39                  -> 0.0.39
end-workflow	Checkout code	2026-02-10T21:08:54.7642656Z  * [new tag]             0.0.4                   -> 0.0.4
end-workflow	Checkout code	2026-02-10T21:08:54.7643549Z  * [new tag]             0.0.40                  -> 0.0.40
end-workflow	Checkout code	2026-02-10T21:08:54.7644425Z  * [new tag]             0.0.41                  -> 0.0.41
end-workflow	Checkout code	2026-02-10T21:08:54.7645294Z  * [new tag]             0.0.42                  -> 0.0.42
end-workflow	Checkout code	2026-02-10T21:08:54.7646183Z  * [new tag]             0.0.43                  -> 0.0.43
end-workflow	Checkout code	2026-02-10T21:08:54.7647080Z  * [new tag]             0.0.44                  -> 0.0.44
end-workflow	Checkout code	2026-02-10T21:08:54.7649309Z  * [new tag]             0.0.45                  -> 0.0.45
end-workflow	Checkout code	2026-02-10T21:08:54.7650396Z  * [new tag]             0.0.46                  -> 0.0.46
end-workflow	Checkout code	2026-02-10T21:08:54.7651239Z  * [new tag]             0.0.47                  -> 0.0.47
end-workflow	Checkout code	2026-02-10T21:08:54.7652084Z  * [new tag]             0.0.48                  -> 0.0.48
end-workflow	Checkout code	2026-02-10T21:08:54.7652923Z  * [new tag]             0.0.49                  -> 0.0.49
end-workflow	Checkout code	2026-02-10T21:08:54.7653789Z  * [new tag]             0.0.5                   -> 0.0.5
end-workflow	Checkout code	2026-02-10T21:08:54.7654667Z  * [new tag]             0.0.50                  -> 0.0.50
end-workflow	Checkout code	2026-02-10T21:08:54.7655508Z  * [new tag]             0.0.51                  -> 0.0.51
end-workflow	Checkout code	2026-02-10T21:08:54.7656377Z  * [new tag]             0.0.52                  -> 0.0.52
end-workflow	Checkout code	2026-02-10T21:08:54.7657234Z  * [new tag]             0.0.53                  -> 0.0.53
end-workflow	Checkout code	2026-02-10T21:08:54.7658523Z  * [new tag]             0.0.54                  -> 0.0.54
end-workflow	Checkout code	2026-02-10T21:08:54.7660904Z  * [new tag]             0.0.55                  -> 0.0.55
end-workflow	Checkout code	2026-02-10T21:08:54.7661987Z  * [new tag]             0.0.56                  -> 0.0.56
end-workflow	Checkout code	2026-02-10T21:08:54.7662927Z  * [new tag]             0.0.57                  -> 0.0.57
end-workflow	Checkout code	2026-02-10T21:08:54.7663756Z  * [new tag]             0.0.58                  -> 0.0.58
end-workflow	Checkout code	2026-02-10T21:08:54.7664559Z  * [new tag]             0.0.59                  -> 0.0.59
end-workflow	Checkout code	2026-02-10T21:08:54.7665368Z  * [new tag]             0.0.6                   -> 0.0.6
end-workflow	Checkout code	2026-02-10T21:08:54.7666179Z  * [new tag]             0.0.60                  -> 0.0.60
end-workflow	Checkout code	2026-02-10T21:08:54.7667022Z  * [new tag]             0.0.61                  -> 0.0.61
end-workflow	Checkout code	2026-02-10T21:08:54.7668458Z  * [new tag]             0.0.62                  -> 0.0.62
end-workflow	Checkout code	2026-02-10T21:08:54.7669422Z  * [new tag]             0.0.63                  -> 0.0.63
end-workflow	Checkout code	2026-02-10T21:08:54.7670382Z  * [new tag]             0.0.64                  -> 0.0.64
end-workflow	Checkout code	2026-02-10T21:08:54.7671292Z  * [new tag]             0.0.65                  -> 0.0.65
end-workflow	Checkout code	2026-02-10T21:08:54.7672248Z  * [new tag]             0.0.66                  -> 0.0.66
end-workflow	Checkout code	2026-02-10T21:08:54.7673021Z  * [new tag]             0.0.67                  -> 0.0.67
end-workflow	Checkout code	2026-02-10T21:08:54.7673772Z  * [new tag]             0.0.68                  -> 0.0.68
end-workflow	Checkout code	2026-02-10T21:08:54.7674565Z  * [new tag]             0.0.69                  -> 0.0.69
end-workflow	Checkout code	2026-02-10T21:08:54.7675393Z  * [new tag]             0.0.7                   -> 0.0.7
end-workflow	Checkout code	2026-02-10T21:08:54.7676219Z  * [new tag]             0.0.70                  -> 0.0.70
end-workflow	Checkout code	2026-02-10T21:08:54.7677045Z  * [new tag]             0.0.71                  -> 0.0.71
end-workflow	Checkout code	2026-02-10T21:08:54.7678121Z  * [new tag]             0.0.72                  -> 0.0.72
end-workflow	Checkout code	2026-02-10T21:08:54.7678948Z  * [new tag]             0.0.73                  -> 0.0.73
end-workflow	Checkout code	2026-02-10T21:08:54.7679771Z  * [new tag]             0.0.74                  -> 0.0.74
end-workflow	Checkout code	2026-02-10T21:08:54.7680593Z  * [new tag]             0.0.75                  -> 0.0.75
end-workflow	Checkout code	2026-02-10T21:08:54.7681436Z  * [new tag]             0.0.76                  -> 0.0.76
end-workflow	Checkout code	2026-02-10T21:08:54.7682287Z  * [new tag]             0.0.77                  -> 0.0.77
end-workflow	Checkout code	2026-02-10T21:08:54.7683112Z  * [new tag]             0.0.78                  -> 0.0.78
end-workflow	Checkout code	2026-02-10T21:08:54.7683938Z  * [new tag]             0.0.79                  -> 0.0.79
end-workflow	Checkout code	2026-02-10T21:08:54.7684787Z  * [new tag]             0.0.8                   -> 0.0.8
end-workflow	Checkout code	2026-02-10T21:08:54.7685606Z  * [new tag]             0.0.80                  -> 0.0.80
end-workflow	Checkout code	2026-02-10T21:08:54.7686464Z  * [new tag]             0.0.81                  -> 0.0.81
end-workflow	Checkout code	2026-02-10T21:08:54.7687288Z  * [new tag]             0.0.82                  -> 0.0.82
end-workflow	Checkout code	2026-02-10T21:08:54.7688754Z  * [new tag]             0.0.83                  -> 0.0.83
end-workflow	Checkout code	2026-02-10T21:08:54.7690715Z  * [new tag]             0.0.84                  -> 0.0.84
end-workflow	Checkout code	2026-02-10T21:08:54.7692619Z  * [new tag]             0.0.85                  -> 0.0.85
end-workflow	Checkout code	2026-02-10T21:08:54.7694048Z  * [new tag]             0.0.86                  -> 0.0.86
end-workflow	Checkout code	2026-02-10T21:08:54.7695653Z  * [new tag]             0.0.87                  -> 0.0.87
end-workflow	Checkout code	2026-02-10T21:08:54.7696880Z  * [new tag]             0.0.88                  -> 0.0.88
end-workflow	Checkout code	2026-02-10T21:08:54.7697621Z  * [new tag]             0.0.89                  -> 0.0.89
end-workflow	Checkout code	2026-02-10T21:08:54.7699159Z  * [new tag]             0.0.9                   -> 0.0.9
end-workflow	Checkout code	2026-02-10T21:08:54.7700356Z  * [new tag]             0.0.90                  -> 0.0.90
end-workflow	Checkout code	2026-02-10T21:08:54.7701202Z  * [new tag]             0.0.91                  -> 0.0.91
end-workflow	Checkout code	2026-02-10T21:08:54.7702380Z  * [new tag]             0.0.92                  -> 0.0.92
end-workflow	Checkout code	2026-02-10T21:08:54.7703597Z  * [new tag]             0.0.93                  -> 0.0.93
end-workflow	Checkout code	2026-02-10T21:08:54.7704895Z  * [new tag]             0.0.94                  -> 0.0.94
end-workflow	Checkout code	2026-02-10T21:08:54.7706159Z  * [new tag]             0.0.95                  -> 0.0.95
end-workflow	Checkout code	2026-02-10T21:08:54.7707459Z  * [new tag]             0.0.96                  -> 0.0.96
end-workflow	Checkout code	2026-02-10T21:08:54.7708641Z  * [new tag]             0.0.97                  -> 0.0.97
end-workflow	Checkout code	2026-02-10T21:08:54.7709803Z  * [new tag]             0.0.98                  -> 0.0.98
end-workflow	Checkout code	2026-02-10T21:08:54.7710514Z  * [new tag]             0.0.99                  -> 0.0.99
end-workflow	Checkout code	2026-02-10T21:08:54.7711285Z  * [new tag]             0.1.0                   -> 0.1.0
end-workflow	Checkout code	2026-02-10T21:08:54.7712087Z  * [new tag]             0.1.1                   -> 0.1.1
end-workflow	Checkout code	2026-02-10T21:08:54.7712911Z  * [new tag]             0.2.0                   -> 0.2.0
end-workflow	Checkout code	2026-02-10T21:08:54.7713762Z  * [new tag]             0.3.0                   -> 0.3.0
end-workflow	Checkout code	2026-02-10T21:08:54.7714591Z  * [new tag]             0.3.1                   -> 0.3.1
end-workflow	Checkout code	2026-02-10T21:08:54.7715429Z  * [new tag]             0.3.10                  -> 0.3.10
end-workflow	Checkout code	2026-02-10T21:08:54.7716270Z  * [new tag]             0.3.11                  -> 0.3.11
end-workflow	Checkout code	2026-02-10T21:08:54.7717102Z  * [new tag]             0.3.12                  -> 0.3.12
end-workflow	Checkout code	2026-02-10T21:08:54.7718253Z  * [new tag]             0.3.13                  -> 0.3.13
end-workflow	Checkout code	2026-02-10T21:08:54.7719637Z  * [new tag]             0.3.14                  -> 0.3.14
end-workflow	Checkout code	2026-02-10T21:08:54.7720967Z  * [new tag]             0.3.15                  -> 0.3.15
end-workflow	Checkout code	2026-02-10T21:08:54.7722023Z  * [new tag]             0.3.16                  -> 0.3.16
end-workflow	Checkout code	2026-02-10T21:08:54.7723057Z  * [new tag]             0.3.17                  -> 0.3.17
end-workflow	Checkout code	2026-02-10T21:08:54.7724239Z  * [new tag]             0.3.2                   -> 0.3.2
end-workflow	Checkout code	2026-02-10T21:08:54.7725400Z  * [new tag]             0.3.3                   -> 0.3.3
end-workflow	Checkout code	2026-02-10T21:08:54.7726470Z  * [new tag]             0.3.4                   -> 0.3.4
end-workflow	Checkout code	2026-02-10T21:08:54.7727562Z  * [new tag]             0.3.5                   -> 0.3.5
end-workflow	Checkout code	2026-02-10T21:08:54.7729053Z  * [new tag]             0.3.6                   -> 0.3.6
end-workflow	Checkout code	2026-02-10T21:08:54.7729773Z  * [new tag]             0.3.7                   -> 0.3.7
end-workflow	Checkout code	2026-02-10T21:08:54.7730485Z  * [new tag]             0.3.8                   -> 0.3.8
end-workflow	Checkout code	2026-02-10T21:08:54.7731234Z  * [new tag]             0.3.9                   -> 0.3.9
end-workflow	Checkout code	2026-02-10T21:08:54.7732062Z  * [new tag]             0.4.0                   -> 0.4.0
end-workflow	Checkout code	2026-02-10T21:08:54.7732878Z  * [new tag]             0.4.1                   -> 0.4.1
end-workflow	Checkout code	2026-02-10T21:08:54.7733692Z  * [new tag]             0.4.2                   -> 0.4.2
end-workflow	Checkout code	2026-02-10T21:08:54.7734513Z  * [new tag]             0.4.3                   -> 0.4.3
end-workflow	Checkout code	2026-02-10T21:08:54.7735321Z  * [new tag]             0.4.4                   -> 0.4.4
end-workflow	Checkout code	2026-02-10T21:08:54.7736524Z  * [new tag]             0.4.5                   -> 0.4.5
end-workflow	Checkout code	2026-02-10T21:08:54.7737340Z  * [new tag]             0.4.6                   -> 0.4.6
end-workflow	Checkout code	2026-02-10T21:08:54.7738438Z  * [new tag]             0.4.7                   -> 0.4.7
end-workflow	Checkout code	2026-02-10T21:08:54.7739539Z  * [new tag]             0.4.8                   -> 0.4.8
end-workflow	Checkout code	2026-02-10T21:08:54.7740563Z  * [new tag]             0.4.9                   -> 0.4.9
end-workflow	Checkout code	2026-02-10T21:08:54.7741660Z  * [new tag]             0.5.0                   -> 0.5.0
end-workflow	Checkout code	2026-02-10T21:08:54.7742643Z  * [new tag]             0.5.1                   -> 0.5.1
end-workflow	Checkout code	2026-02-10T21:08:54.7744176Z  * [new tag]             0.5.2                   -> 0.5.2
end-workflow	Checkout code	2026-02-10T21:08:54.7745125Z  * [new tag]             0.6.0                   -> 0.6.0
end-workflow	Checkout code	2026-02-10T21:08:54.7746100Z  * [new tag]             0.6.1                   -> 0.6.1
end-workflow	Checkout code	2026-02-10T21:08:54.7747110Z  * [new tag]             0.6.2                   -> 0.6.2
end-workflow	Checkout code	2026-02-10T21:08:54.8350176Z [command]/usr/bin/git branch --list --remote origin/main
end-workflow	Checkout code	2026-02-10T21:08:54.8626642Z   origin/main
end-workflow	Checkout code	2026-02-10T21:08:54.8689578Z [command]/usr/bin/git rev-parse refs/remotes/origin/main
end-workflow	Checkout code	2026-02-10T21:08:54.8834159Z 513b074affc8f2d31e46a78c8afa7b987c4e1bfc
end-workflow	Checkout code	2026-02-10T21:08:54.8847603Z ##[endgroup]
end-workflow	Checkout code	2026-02-10T21:08:54.8852703Z ##[group]Determining the checkout info
end-workflow	Checkout code	2026-02-10T21:08:54.8854482Z ##[endgroup]
end-workflow	Checkout code	2026-02-10T21:08:54.8855562Z [command]/usr/bin/git sparse-checkout disable
end-workflow	Checkout code	2026-02-10T21:08:54.8989886Z [command]/usr/bin/git config --local --unset-all extensions.worktreeConfig
end-workflow	Checkout code	2026-02-10T21:08:54.9090047Z ##[group]Checking out the ref
end-workflow	Checkout code	2026-02-10T21:08:54.9133425Z [command]/usr/bin/git checkout --progress --force -B main refs/remotes/origin/main
end-workflow	Checkout code	2026-02-10T21:08:55.9294464Z Updating files:  53% (676/1267)
end-workflow	Checkout code	2026-02-10T21:08:55.9685720Z Updating files:  54% (685/1267)
end-workflow	Checkout code	2026-02-10T21:08:55.9700554Z Updating files:  55% (697/1267)
end-workflow	Checkout code	2026-02-10T21:08:55.9714475Z Updating files:  56% (710/1267)
end-workflow	Checkout code	2026-02-10T21:08:55.9727355Z Updating files:  57% (723/1267)
end-workflow	Checkout code	2026-02-10T21:08:55.9741940Z Updating files:  58% (735/1267)
end-workflow	Checkout code	2026-02-10T21:08:55.9755618Z Updating files:  59% (748/1267)
end-workflow	Checkout code	2026-02-10T21:08:55.9770400Z Updating files:  60% (761/1267)
end-workflow	Checkout code	2026-02-10T21:08:56.0690313Z Updating files:  61% (773/1267)
end-workflow	Checkout code	2026-02-10T21:08:56.0705245Z Updating files:  62% (786/1267)
end-workflow	Checkout code	2026-02-10T21:08:56.0804496Z Updating files:  63% (799/1267)
end-workflow	Checkout code	2026-02-10T21:08:56.0819601Z Updating files:  64% (811/1267)
end-workflow	Checkout code	2026-02-10T21:08:56.0832656Z Updating files:  65% (824/1267)
end-workflow	Checkout code	2026-02-10T21:08:56.0855074Z Updating files:  66% (837/1267)
end-workflow	Checkout code	2026-02-10T21:08:56.0866788Z Updating files:  67% (849/1267)
end-workflow	Checkout code	2026-02-10T21:08:56.0878504Z Updating files:  68% (862/1267)
end-workflow	Checkout code	2026-02-10T21:08:56.1000594Z Updating files:  69% (875/1267)
end-workflow	Checkout code	2026-02-10T21:08:56.1014215Z Updating files:  70% (887/1267)
end-workflow	Checkout code	2026-02-10T21:08:56.1025074Z Updating files:  71% (900/1267)
end-workflow	Checkout code	2026-02-10T21:08:56.2335778Z Updating files:  72% (913/1267)
end-workflow	Checkout code	2026-02-10T21:08:56.2347182Z Updating files:  73% (925/1267)
end-workflow	Checkout code	2026-02-10T21:08:56.2359640Z Updating files:  74% (938/1267)
end-workflow	Checkout code	2026-02-10T21:08:56.2370270Z Updating files:  75% (951/1267)
end-workflow	Checkout code	2026-02-10T21:08:56.2383095Z Updating files:  76% (963/1267)
end-workflow	Checkout code	2026-02-10T21:08:56.2395831Z Updating files:  77% (976/1267)
end-workflow	Checkout code	2026-02-10T21:08:56.2406972Z Updating files:  78% (989/1267)
end-workflow	Checkout code	2026-02-10T21:08:56.2419016Z Updating files:  79% (1001/1267)
end-workflow	Checkout code	2026-02-10T21:08:56.2431900Z Updating files:  80% (1014/1267)
end-workflow	Checkout code	2026-02-10T21:08:56.2859313Z Updating files:  81% (1027/1267)
end-workflow	Checkout code	2026-02-10T21:08:56.3346211Z Updating files:  82% (1039/1267)
end-workflow	Checkout code	2026-02-10T21:08:56.3880862Z Updating files:  83% (1052/1267)
end-workflow	Checkout code	2026-02-10T21:08:56.4502050Z Updating files:  84% (1065/1267)
end-workflow	Checkout code	2026-02-10T21:08:56.5433936Z Updating files:  85% (1077/1267)
end-workflow	Checkout code	2026-02-10T21:08:56.7461056Z Updating files:  86% (1090/1267)
end-workflow	Checkout code	2026-02-10T21:08:56.8793568Z Updating files:  87% (1103/1267)
end-workflow	Checkout code	2026-02-10T21:08:56.9533901Z Updating files:  88% (1115/1267)
end-workflow	Checkout code	2026-02-10T21:08:57.0929617Z Updating files:  88% (1119/1267)
end-workflow	Checkout code	2026-02-10T21:08:57.3650403Z Updating files:  89% (1128/1267)
end-workflow	Checkout code	2026-02-10T21:08:57.3665349Z Updating files:  90% (1141/1267)
end-workflow	Checkout code	2026-02-10T21:08:57.3676638Z Updating files:  91% (1153/1267)
end-workflow	Checkout code	2026-02-10T21:08:57.3693940Z Updating files:  92% (1166/1267)
end-workflow	Checkout code	2026-02-10T21:08:57.3708168Z Updating files:  93% (1179/1267)
end-workflow	Checkout code	2026-02-10T21:08:57.3808532Z Updating files:  94% (1191/1267)
end-workflow	Checkout code	2026-02-10T21:08:57.3829763Z Updating files:  95% (1204/1267)
end-workflow	Checkout code	2026-02-10T21:08:57.3847117Z Updating files:  96% (1217/1267)
end-workflow	Checkout code	2026-02-10T21:08:57.3859113Z Updating files:  97% (1229/1267)
end-workflow	Checkout code	2026-02-10T21:08:57.3877391Z Updating files:  98% (1242/1267)
end-workflow	Checkout code	2026-02-10T21:08:57.3891031Z Updating files:  99% (1255/1267)
end-workflow	Checkout code	2026-02-10T21:08:57.3892622Z Updating files: 100% (1267/1267)
end-workflow	Checkout code	2026-02-10T21:08:57.3893445Z Updating files: 100% (1267/1267), done.
end-workflow	Checkout code	2026-02-10T21:08:57.3951407Z Switched to a new branch 'main'
end-workflow	Checkout code	2026-02-10T21:08:57.3958459Z branch 'main' set up to track 'origin/main'.
end-workflow	Checkout code	2026-02-10T21:08:57.4223613Z ##[endgroup]
end-workflow	Checkout code	2026-02-10T21:08:57.4302358Z [command]/usr/bin/git log -1 --format=%H
end-workflow	Checkout code	2026-02-10T21:08:57.4350501Z 513b074affc8f2d31e46a78c8afa7b987c4e1bfc
end-workflow	Install GH CLI	ï»¿2026-02-10T21:08:57.4816374Z Prepare all required actions
end-workflow	Install GH CLI	2026-02-10T21:08:57.4931544Z ##[group]Run ./.github/actions/install-gh-cli
end-workflow	Install GH CLI	2026-02-10T21:08:57.4932405Z env:
end-workflow	Install GH CLI	2026-02-10T21:08:57.4932650Z   KAOS_MODULE: [Ka0S] Audit Pods
end-workflow	Install GH CLI	2026-02-10T21:08:57.4932968Z   KAOS_CODE: 21882422407
end-workflow	Install GH CLI	2026-02-10T21:08:57.4933613Z   GH_TOKEN: ***
end-workflow	Install GH CLI	2026-02-10T21:08:57.4933853Z ##[endgroup]
end-workflow	Install GH CLI	2026-02-10T21:08:57.5090084Z ##[group]Run type -p curl >/dev/null || (sudo apt-get update && sudo apt-get install curl -y)
end-workflow	Install GH CLI	2026-02-10T21:08:57.5092345Z [36;1mtype -p curl >/dev/null || (sudo apt-get update && sudo apt-get install curl -y)[0m
end-workflow	Install GH CLI	2026-02-10T21:08:57.5094486Z [36;1mcurl -fsSL https://cli.github.com/packages/githubcli-archive-keyring.gpg | sudo dd of=/usr/share/keyrings/githubcli-archive-keyring.gpg \[0m
end-workflow	Install GH CLI	2026-02-10T21:08:57.5095554Z [36;1m&& sudo chmod go+r /usr/share/keyrings/githubcli-archive-keyring.gpg \[0m
end-workflow	Install GH CLI	2026-02-10T21:08:57.5096999Z [36;1m&& echo "deb [arch=$(dpkg --print-architecture) signed-by=/usr/share/keyrings/githubcli-archive-keyring.gpg] https://cli.github.com/packages stable main" | sudo tee /etc/apt/sources.list.d/github-cli.list > /dev/null \[0m
end-workflow	Install GH CLI	2026-02-10T21:08:57.5099346Z [36;1m&& sudo apt-get update \[0m
end-workflow	Install GH CLI	2026-02-10T21:08:57.5099707Z [36;1m&& sudo apt-get install gh -y[0m
end-workflow	Install GH CLI	2026-02-10T21:08:57.5129562Z shell: /usr/bin/bash --noprofile --norc -e -o pipefail {0}
end-workflow	Install GH CLI	2026-02-10T21:08:57.5131093Z env:
end-workflow	Install GH CLI	2026-02-10T21:08:57.5131886Z   KAOS_MODULE: [Ka0S] Audit Pods
end-workflow	Install GH CLI	2026-02-10T21:08:57.5133097Z   KAOS_CODE: 21882422407
end-workflow	Install GH CLI	2026-02-10T21:08:57.5134354Z   GH_TOKEN: ***
end-workflow	Install GH CLI	2026-02-10T21:08:57.5135142Z ##[endgroup]
end-workflow	Install GH CLI	2026-02-10T21:08:57.6314065Z 4+1 records in
end-workflow	Install GH CLI	2026-02-10T21:08:57.6315070Z 4+1 records out
end-workflow	Install GH CLI	2026-02-10T21:08:57.6316135Z 2270 bytes (2.3 kB, 2.2 KiB) copied, 0.0876835 s, 25.9 kB/s
end-workflow	Install GH CLI	2026-02-10T21:08:57.8276930Z Get:1 https://cli.github.com/packages stable InRelease [3917 B]
end-workflow	Install GH CLI	2026-02-10T21:08:57.8572638Z Get:2 http://archive.ubuntu.com/ubuntu noble InRelease [256 kB]
end-workflow	Install GH CLI	2026-02-10T21:08:57.9815009Z Get:3 http://security.ubuntu.com/ubuntu noble-security InRelease [126 kB]
end-workflow	Install GH CLI	2026-02-10T21:08:57.9961400Z Get:4 https://ppa.launchpadcontent.net/git-core/ppa/ubuntu noble InRelease [24.3 kB]
end-workflow	Install GH CLI	2026-02-10T21:08:58.0518662Z Get:5 http://archive.ubuntu.com/ubuntu noble-updates InRelease [126 kB]
end-workflow	Install GH CLI	2026-02-10T21:08:58.0689199Z Get:6 https://cli.github.com/packages stable/main amd64 Packages [356 B]
end-workflow	Install GH CLI	2026-02-10T21:08:58.1010975Z Get:7 http://archive.ubuntu.com/ubuntu noble-backports InRelease [126 kB]
end-workflow	Install GH CLI	2026-02-10T21:08:58.1640580Z Get:8 https://ppa.launchpadcontent.net/git-core/ppa/ubuntu noble/main amd64 Packages [2994 B]
end-workflow	Install GH CLI	2026-02-10T21:08:58.3280977Z Get:9 http://archive.ubuntu.com/ubuntu noble/restricted amd64 Packages [117 kB]
end-workflow	Install GH CLI	2026-02-10T21:08:58.3815404Z Get:10 http://archive.ubuntu.com/ubuntu noble/universe amd64 Packages [19.3 MB]
end-workflow	Install GH CLI	2026-02-10T21:08:58.9246438Z Get:11 http://archive.ubuntu.com/ubuntu noble/multiverse amd64 Packages [331 kB]
end-workflow	Install GH CLI	2026-02-10T21:08:58.9297793Z Get:12 http://archive.ubuntu.com/ubuntu noble/main amd64 Packages [1808 kB]
end-workflow	Install GH CLI	2026-02-10T21:08:58.9939781Z Get:13 http://archive.ubuntu.com/ubuntu noble-updates/multiverse amd64 Packages [38.1 kB]
end-workflow	Install GH CLI	2026-02-10T21:08:58.9942149Z Get:14 http://archive.ubuntu.com/ubuntu noble-updates/main amd64 Packages [2201 kB]
end-workflow	Install GH CLI	2026-02-10T21:08:58.9959389Z Get:15 http://security.ubuntu.com/ubuntu noble-security/restricted amd64 Packages [3106 kB]
end-workflow	Install GH CLI	2026-02-10T21:08:58.9969923Z Get:16 http://archive.ubuntu.com/ubuntu noble-updates/universe amd64 Packages [1978 kB]
end-workflow	Install GH CLI	2026-02-10T21:08:59.0242040Z Get:17 http://archive.ubuntu.com/ubuntu noble-updates/restricted amd64 Packages [3287 kB]
end-workflow	Install GH CLI	2026-02-10T21:08:59.0709814Z Get:18 http://archive.ubuntu.com/ubuntu noble-backports/universe amd64 Packages [34.6 kB]
end-workflow	Install GH CLI	2026-02-10T21:08:59.0714780Z Get:19 http://archive.ubuntu.com/ubuntu noble-backports/main amd64 Packages [49.5 kB]
end-workflow	Install GH CLI	2026-02-10T21:08:59.5738997Z Get:20 http://security.ubuntu.com/ubuntu noble-security/multiverse amd64 Packages [34.8 kB]
end-workflow	Install GH CLI	2026-02-10T21:08:59.5745416Z Get:21 http://security.ubuntu.com/ubuntu noble-security/universe amd64 Packages [1199 kB]
end-workflow	Install GH CLI	2026-02-10T21:08:59.6077668Z Get:22 http://security.ubuntu.com/ubuntu noble-security/main amd64 Packages [1822 kB]
end-workflow	Install GH CLI	2026-02-10T21:09:01.3235716Z Fetched 36.0 MB in 4s (10.1 MB/s)
end-workflow	Install GH CLI	2026-02-10T21:09:03.0563167Z Reading package lists...
end-workflow	Install GH CLI	2026-02-10T21:09:04.8857024Z Reading package lists...
end-workflow	Install GH CLI	2026-02-10T21:09:05.1971420Z Building dependency tree...
end-workflow	Install GH CLI	2026-02-10T21:09:05.1973154Z Reading state information...
end-workflow	Install GH CLI	2026-02-10T21:09:05.6785954Z The following NEW packages will be installed:
end-workflow	Install GH CLI	2026-02-10T21:09:05.6806617Z   gh
end-workflow	Install GH CLI	2026-02-10T21:09:06.2141307Z 0 upgraded, 1 newly installed, 0 to remove and 18 not upgraded.
end-workflow	Install GH CLI	2026-02-10T21:09:06.2188208Z Need to get 13.7 MB of archives.
end-workflow	Install GH CLI	2026-02-10T21:09:06.2197182Z After this operation, 37.9 MB of additional disk space will be used.
end-workflow	Install GH CLI	2026-02-10T21:09:06.2203844Z Get:1 https://cli.github.com/packages stable/main amd64 gh amd64 2.86.0 [13.7 MB]
end-workflow	Install GH CLI	2026-02-10T21:09:06.7191191Z debconf: delaying package configuration, since apt-utils is not installed
end-workflow	Install GH CLI	2026-02-10T21:09:06.7649995Z Fetched 13.7 MB in 1s (17.2 MB/s)
end-workflow	Install GH CLI	2026-02-10T21:09:06.7960081Z Selecting previously unselected package gh.
end-workflow	Install GH CLI	2026-02-10T21:09:06.8011290Z (Reading database ... 
end-workflow	Install GH CLI	2026-02-10T21:09:06.8012561Z (Reading database ... 5%
end-workflow	Install GH CLI	2026-02-10T21:09:06.8013451Z (Reading database ... 10%
end-workflow	Install GH CLI	2026-02-10T21:09:06.8014337Z (Reading database ... 15%
end-workflow	Install GH CLI	2026-02-10T21:09:06.8015194Z (Reading database ... 20%
end-workflow	Install GH CLI	2026-02-10T21:09:06.8016324Z (Reading database ... 25%
end-workflow	Install GH CLI	2026-02-10T21:09:06.8017296Z (Reading database ... 30%
end-workflow	Install GH CLI	2026-02-10T21:09:06.8018679Z (Reading database ... 35%
end-workflow	Install GH CLI	2026-02-10T21:09:06.8019638Z (Reading database ... 40%
end-workflow	Install GH CLI	2026-02-10T21:09:06.8020396Z (Reading database ... 45%
end-workflow	Install GH CLI	2026-02-10T21:09:06.8021130Z (Reading database ... 50%
end-workflow	Install GH CLI	2026-02-10T21:09:06.8021992Z (Reading database ... 55%
end-workflow	Install GH CLI	2026-02-10T21:09:06.8022785Z (Reading database ... 60%
end-workflow	Install GH CLI	2026-02-10T21:09:06.8039628Z (Reading database ... 65%
end-workflow	Install GH CLI	2026-02-10T21:09:06.8053479Z (Reading database ... 70%
end-workflow	Install GH CLI	2026-02-10T21:09:06.8070331Z (Reading database ... 75%
end-workflow	Install GH CLI	2026-02-10T21:09:06.8091402Z (Reading database ... 80%
end-workflow	Install GH CLI	2026-02-10T21:09:06.8100980Z (Reading database ... 85%
end-workflow	Install GH CLI	2026-02-10T21:09:06.8111718Z (Reading database ... 90%
end-workflow	Install GH CLI	2026-02-10T21:09:06.8137689Z (Reading database ... 95%
end-workflow	Install GH CLI	2026-02-10T21:09:06.8138201Z (Reading database ... 100%
end-workflow	Install GH CLI	2026-02-10T21:09:06.8138649Z (Reading database ... 14385 files and directories currently installed.)
end-workflow	Install GH CLI	2026-02-10T21:09:06.8146215Z Preparing to unpack .../archives/gh_2.86.0_amd64.deb ...
end-workflow	Install GH CLI	2026-02-10T21:09:06.8173740Z Unpacking gh (2.86.0) ...
end-workflow	Install GH CLI	2026-02-10T21:09:07.3290905Z Setting up gh (2.86.0) ...
end-workflow	Finaliza el workflow	ï»¿2026-02-10T21:09:07.4407587Z ##[group]Run echo "End process"
end-workflow	Finaliza el workflow	2026-02-10T21:09:07.4408537Z [36;1mecho "End process"[0m
end-workflow	Finaliza el workflow	2026-02-10T21:09:07.4409580Z [36;1mgh workflow run inspector.yml --ref refs/heads/main -f kaos-workflow-id="21882422407"[0m
end-workflow	Finaliza el workflow	2026-02-10T21:09:07.4433639Z shell: /usr/bin/bash -e {0}
end-workflow	Finaliza el workflow	2026-02-10T21:09:07.4434191Z env:
end-workflow	Finaliza el workflow	2026-02-10T21:09:07.4434607Z   KAOS_MODULE: [Ka0S] Audit Pods
end-workflow	Finaliza el workflow	2026-02-10T21:09:07.4435171Z   KAOS_CODE: 21882422407
end-workflow	Finaliza el workflow	2026-02-10T21:09:07.4436112Z   GH_TOKEN: ***
end-workflow	Finaliza el workflow	2026-02-10T21:09:07.4436537Z ##[endgroup]
end-workflow	Finaliza el workflow	2026-02-10T21:09:07.4538817Z End process
end-workflow	Post Checkout code	ï»¿2026-02-10T21:09:09.5603072Z Post job cleanup.
end-workflow	Post Checkout code	2026-02-10T21:09:09.7609550Z [command]/usr/bin/git version
end-workflow	Post Checkout code	2026-02-10T21:09:09.7691880Z git version 2.52.0
end-workflow	Post Checkout code	2026-02-10T21:09:09.7828629Z Temporarily overriding HOME='/home/runner/_work/_temp/4df3208e-9a40-4b79-ab9a-1827b32645c7' before making global git config changes
end-workflow	Post Checkout code	2026-02-10T21:09:09.7848751Z Adding repository directory to the temporary git global config as a safe directory
end-workflow	Post Checkout code	2026-02-10T21:09:09.7868565Z [command]/usr/bin/git config --global --add safe.directory /home/runner/_work/ka0s/ka0s
end-workflow	Post Checkout code	2026-02-10T21:09:09.8002432Z [command]/usr/bin/git config --local --name-only --get-regexp core\.sshCommand
end-workflow	Post Checkout code	2026-02-10T21:09:09.8165782Z [command]/usr/bin/git submodule foreach --recursive sh -c "git config --local --name-only --get-regexp 'core\.sshCommand' && git config --local --unset-all 'core.sshCommand' || :"
end-workflow	Post Checkout code	2026-02-10T21:09:09.9394851Z [command]/usr/bin/git config --local --name-only --get-regexp http\.https\:\/\/github\.com\/\.extraheader
end-workflow	Post Checkout code	2026-02-10T21:09:09.9575662Z http.https://github.com/.extraheader
end-workflow	Post Checkout code	2026-02-10T21:09:09.9642811Z [command]/usr/bin/git config --local --unset-all http.https://github.com/.extraheader
end-workflow	Post Checkout code	2026-02-10T21:09:09.9795218Z [command]/usr/bin/git submodule foreach --recursive sh -c "git config --local --name-only --get-regexp 'http\.https\:\/\/github\.com\/\.extraheader' && git config --local --unset-all 'http.https://github.com/.extraheader' || :"
end-workflow	Post Checkout code	2026-02-10T21:09:10.0795371Z [command]/usr/bin/git config --local --name-only --get-regexp ^includeIf\.gitdir:
end-workflow	Post Checkout code	2026-02-10T21:09:10.0890996Z [command]/usr/bin/git submodule foreach --recursive git config --local --show-origin --name-only --get-regexp remote.origin.url
end-workflow	Complete job	ï»¿2026-02-10T21:09:10.2364184Z Cleaning up orphan processes
