audit-pods	Set up job	ï»¿2026-02-11T07:53:11.9708561Z Current runner version: '2.331.0'
audit-pods	Set up job	2026-02-11T07:53:12.0065809Z Runner name: 'swarm-runners-scaleset-hkss5-runner-ckqm4'
audit-pods	Set up job	2026-02-11T07:53:12.0069030Z Runner group name: 'Default'
audit-pods	Set up job	2026-02-11T07:53:12.0072120Z Machine name: 'swarm-runners-scaleset-hkss5-runner-ckqm4'
audit-pods	Set up job	2026-02-11T07:53:12.0443833Z ##[group]GITHUB_TOKEN Permissions
audit-pods	Set up job	2026-02-11T07:53:12.0450345Z Actions: write
audit-pods	Set up job	2026-02-11T07:53:12.0452316Z Contents: write
audit-pods	Set up job	2026-02-11T07:53:12.0454204Z Issues: write
audit-pods	Set up job	2026-02-11T07:53:12.0456037Z Metadata: read
audit-pods	Set up job	2026-02-11T07:53:12.0457984Z ##[endgroup]
audit-pods	Set up job	2026-02-11T07:53:12.0464210Z Secret source: Actions
audit-pods	Set up job	2026-02-11T07:53:12.0466775Z Prepare workflow directory
audit-pods	Set up job	2026-02-11T07:53:14.2589089Z Prepare all required actions
audit-pods	Set up job	2026-02-11T07:53:14.3371071Z Getting action download info
audit-pods	Set up job	2026-02-11T07:53:17.2044364Z Download action repository 'actions/checkout@v4' (SHA:34e114876b0b11c390a56381ad16ebd13914f8d5)
audit-pods	Set up job	2026-02-11T07:53:21.4206137Z Complete job name: audit-pods
audit-pods	Checkout repository	ï»¿2026-02-11T07:53:23.2913860Z ##[group]Run actions/checkout@v4
audit-pods	Checkout repository	2026-02-11T07:53:23.2937677Z with:
audit-pods	Checkout repository	2026-02-11T07:53:23.2986562Z   repository: Ka0s-Klaus/ka0s
audit-pods	Checkout repository	2026-02-11T07:53:23.3083244Z   token: ***
audit-pods	Checkout repository	2026-02-11T07:53:23.3118076Z   ssh-strict: true
audit-pods	Checkout repository	2026-02-11T07:53:23.3120901Z   ssh-user: git
audit-pods	Checkout repository	2026-02-11T07:53:23.3206587Z   persist-credentials: true
audit-pods	Checkout repository	2026-02-11T07:53:23.3259055Z   clean: true
audit-pods	Checkout repository	2026-02-11T07:53:23.3262312Z   sparse-checkout-cone-mode: true
audit-pods	Checkout repository	2026-02-11T07:53:23.3265697Z   fetch-depth: 1
audit-pods	Checkout repository	2026-02-11T07:53:23.3341029Z   fetch-tags: false
audit-pods	Checkout repository	2026-02-11T07:53:23.3359886Z   show-progress: true
audit-pods	Checkout repository	2026-02-11T07:53:23.3362878Z   lfs: false
audit-pods	Checkout repository	2026-02-11T07:53:23.3365310Z   submodules: false
audit-pods	Checkout repository	2026-02-11T07:53:23.3490019Z   set-safe-directory: true
audit-pods	Checkout repository	2026-02-11T07:53:23.3631973Z env:
audit-pods	Checkout repository	2026-02-11T07:53:23.3678756Z   KAOS_MODULE: [Ka0S] Audit Pods
audit-pods	Checkout repository	2026-02-11T07:53:23.3694288Z   KAOS_CODE: 21896936930
audit-pods	Checkout repository	2026-02-11T07:53:23.3697217Z ##[endgroup]
audit-pods	Checkout repository	2026-02-11T07:53:27.6362338Z Syncing repository: Ka0s-Klaus/ka0s
audit-pods	Checkout repository	2026-02-11T07:53:27.6368366Z ##[group]Getting Git version info
audit-pods	Checkout repository	2026-02-11T07:53:27.6371334Z Working directory is '/home/runner/_work/ka0s/ka0s'
audit-pods	Checkout repository	2026-02-11T07:53:27.6511142Z [command]/usr/bin/git version
audit-pods	Checkout repository	2026-02-11T07:53:27.7070614Z git version 2.52.0
audit-pods	Checkout repository	2026-02-11T07:53:27.7404094Z ##[endgroup]
audit-pods	Checkout repository	2026-02-11T07:53:27.7686162Z Temporarily overriding HOME='/home/runner/_work/_temp/5ab0f74b-498c-43aa-ac6d-3e0a9c46b319' before making global git config changes
audit-pods	Checkout repository	2026-02-11T07:53:27.8011501Z Adding repository directory to the temporary git global config as a safe directory
audit-pods	Checkout repository	2026-02-11T07:53:27.8200631Z [command]/usr/bin/git config --global --add safe.directory /home/runner/_work/ka0s/ka0s
audit-pods	Checkout repository	2026-02-11T07:53:28.0912427Z Deleting the contents of '/home/runner/_work/ka0s/ka0s'
audit-pods	Checkout repository	2026-02-11T07:53:28.0940727Z ##[group]Initializing the repository
audit-pods	Checkout repository	2026-02-11T07:53:28.0960306Z [command]/usr/bin/git init /home/runner/_work/ka0s/ka0s
audit-pods	Checkout repository	2026-02-11T07:53:28.2255085Z hint: Using 'master' as the name for the initial branch. This default branch name
audit-pods	Checkout repository	2026-02-11T07:53:28.2324379Z hint: will change to "main" in Git 3.0. To configure the initial branch name
audit-pods	Checkout repository	2026-02-11T07:53:28.2479337Z hint: to use in all of your new repositories, which will suppress this warning,
audit-pods	Checkout repository	2026-02-11T07:53:28.2483132Z hint: call:
audit-pods	Checkout repository	2026-02-11T07:53:28.2484806Z hint:
audit-pods	Checkout repository	2026-02-11T07:53:28.2486903Z hint: 	git config --global init.defaultBranch <name>
audit-pods	Checkout repository	2026-02-11T07:53:28.2623061Z hint:
audit-pods	Checkout repository	2026-02-11T07:53:28.2626074Z hint: Names commonly chosen instead of 'master' are 'main', 'trunk' and
audit-pods	Checkout repository	2026-02-11T07:53:28.2798306Z hint: 'development'. The just-created branch can be renamed via this command:
audit-pods	Checkout repository	2026-02-11T07:53:28.2802689Z hint:
audit-pods	Checkout repository	2026-02-11T07:53:28.2805008Z hint: 	git branch -m <name>
audit-pods	Checkout repository	2026-02-11T07:53:28.3085572Z hint:
audit-pods	Checkout repository	2026-02-11T07:53:28.3117724Z hint: Disable this message with "git config set advice.defaultBranchName false"
audit-pods	Checkout repository	2026-02-11T07:53:28.3212762Z Initialized empty Git repository in /home/runner/_work/ka0s/ka0s/.git/
audit-pods	Checkout repository	2026-02-11T07:53:28.3663863Z [command]/usr/bin/git remote add origin https://github.com/Ka0s-Klaus/ka0s
audit-pods	Checkout repository	2026-02-11T07:53:28.4772179Z ##[endgroup]
audit-pods	Checkout repository	2026-02-11T07:53:28.4931516Z ##[group]Disabling automatic garbage collection
audit-pods	Checkout repository	2026-02-11T07:53:28.4934942Z [command]/usr/bin/git config --local gc.auto 0
audit-pods	Checkout repository	2026-02-11T07:53:28.5711753Z ##[endgroup]
audit-pods	Checkout repository	2026-02-11T07:53:28.5715074Z ##[group]Setting up auth
audit-pods	Checkout repository	2026-02-11T07:53:28.5927992Z [command]/usr/bin/git config --local --name-only --get-regexp core\.sshCommand
audit-pods	Checkout repository	2026-02-11T07:53:28.7713750Z [command]/usr/bin/git submodule foreach --recursive sh -c "git config --local --name-only --get-regexp 'core\.sshCommand' && git config --local --unset-all 'core.sshCommand' || :"
audit-pods	Checkout repository	2026-02-11T07:53:30.2866265Z [command]/usr/bin/git config --local --name-only --get-regexp http\.https\:\/\/github\.com\/\.extraheader
audit-pods	Checkout repository	2026-02-11T07:53:30.4476785Z [command]/usr/bin/git submodule foreach --recursive sh -c "git config --local --name-only --get-regexp 'http\.https\:\/\/github\.com\/\.extraheader' && git config --local --unset-all 'http.https://github.com/.extraheader' || :"
audit-pods	Checkout repository	2026-02-11T07:53:30.8124632Z [command]/usr/bin/git config --local --name-only --get-regexp ^includeIf\.gitdir:
audit-pods	Checkout repository	2026-02-11T07:53:31.0277751Z [command]/usr/bin/git submodule foreach --recursive git config --local --show-origin --name-only --get-regexp remote.origin.url
audit-pods	Checkout repository	2026-02-11T07:53:31.1282204Z [command]/usr/bin/git config --local http.https://github.com/.extraheader AUTHORIZATION: basic ***
audit-pods	Checkout repository	2026-02-11T07:53:34.0823328Z ##[endgroup]
audit-pods	Checkout repository	2026-02-11T07:53:34.0936256Z ##[group]Fetching the repository
audit-pods	Checkout repository	2026-02-11T07:53:34.0940571Z [command]/usr/bin/git -c protocol.version=2 fetch --no-tags --prune --no-recurse-submodules --depth=1 origin +ea4d3ebc13f310e0b5b6d5c0eda740938c10b9d4:refs/remotes/origin/main
audit-pods	Checkout repository	2026-02-11T07:54:09.2965295Z From https://github.com/Ka0s-Klaus/ka0s
audit-pods	Checkout repository	2026-02-11T07:54:09.2969272Z  * [new ref]         ea4d3ebc13f310e0b5b6d5c0eda740938c10b9d4 -> origin/main
audit-pods	Checkout repository	2026-02-11T07:54:09.3443114Z ##[endgroup]
audit-pods	Checkout repository	2026-02-11T07:54:09.3445485Z ##[group]Determining the checkout info
audit-pods	Checkout repository	2026-02-11T07:54:09.3450595Z ##[endgroup]
audit-pods	Checkout repository	2026-02-11T07:54:09.3494556Z [command]/usr/bin/git sparse-checkout disable
audit-pods	Checkout repository	2026-02-11T07:54:09.4196053Z [command]/usr/bin/git config --local --unset-all extensions.worktreeConfig
audit-pods	Checkout repository	2026-02-11T07:54:09.5410998Z ##[group]Checking out the ref
audit-pods	Checkout repository	2026-02-11T07:54:09.5450462Z [command]/usr/bin/git checkout --progress --force -B main refs/remotes/origin/main
audit-pods	Checkout repository	2026-02-11T07:54:10.7742030Z Updating files:  38% (515/1332)
audit-pods	Checkout repository	2026-02-11T07:54:11.5721255Z Updating files:  39% (520/1332)
audit-pods	Checkout repository	2026-02-11T07:54:11.6031185Z Updating files:  39% (532/1332)
audit-pods	Checkout repository	2026-02-11T07:54:13.2440898Z Updating files:  40% (533/1332)
audit-pods	Checkout repository	2026-02-11T07:54:13.6449513Z Updating files:  41% (547/1332)
audit-pods	Checkout repository	2026-02-11T07:54:15.2352651Z Updating files:  41% (551/1332)
audit-pods	Checkout repository	2026-02-11T07:54:15.2741807Z Updating files:  41% (555/1332)
audit-pods	Checkout repository	2026-02-11T07:54:15.3207309Z Updating files:  42% (560/1332)
audit-pods	Checkout repository	2026-02-11T07:54:15.3575558Z Updating files:  43% (573/1332)
audit-pods	Checkout repository	2026-02-11T07:54:15.4346024Z Updating files:  44% (587/1332)
audit-pods	Checkout repository	2026-02-11T07:54:16.2345049Z Updating files:  45% (600/1332)
audit-pods	Checkout repository	2026-02-11T07:54:16.2449322Z Updating files:  45% (611/1332)
audit-pods	Checkout repository	2026-02-11T07:54:16.2897179Z Updating files:  46% (613/1332)
audit-pods	Checkout repository	2026-02-11T07:54:16.3141666Z Updating files:  47% (627/1332)
audit-pods	Checkout repository	2026-02-11T07:54:16.3499169Z Updating files:  48% (640/1332)
audit-pods	Checkout repository	2026-02-11T07:54:16.3870525Z Updating files:  49% (653/1332)
audit-pods	Checkout repository	2026-02-11T07:54:16.5269406Z Updating files:  50% (666/1332)
audit-pods	Checkout repository	2026-02-11T07:54:16.6125798Z Updating files:  51% (680/1332)
audit-pods	Checkout repository	2026-02-11T07:54:16.6170259Z Updating files:  52% (693/1332)
audit-pods	Checkout repository	2026-02-11T07:54:16.6989610Z Updating files:  52% (697/1332)
audit-pods	Checkout repository	2026-02-11T07:54:16.7889986Z Updating files:  53% (706/1332)
audit-pods	Checkout repository	2026-02-11T07:54:16.9368369Z Updating files:  54% (720/1332)
audit-pods	Checkout repository	2026-02-11T07:54:16.9369558Z Updating files:  55% (733/1332)
audit-pods	Checkout repository	2026-02-11T07:54:16.9979236Z Updating files:  56% (746/1332)
audit-pods	Checkout repository	2026-02-11T07:54:16.9982310Z Updating files:  57% (760/1332)
audit-pods	Checkout repository	2026-02-11T07:54:16.9983729Z Updating files:  58% (773/1332)
audit-pods	Checkout repository	2026-02-11T07:54:17.0009802Z Updating files:  59% (786/1332)
audit-pods	Checkout repository	2026-02-11T07:54:17.0010873Z Updating files:  60% (800/1332)
audit-pods	Checkout repository	2026-02-11T07:54:17.0011739Z Updating files:  61% (813/1332)
audit-pods	Checkout repository	2026-02-11T07:54:17.0013170Z Updating files:  62% (826/1332)
audit-pods	Checkout repository	2026-02-11T07:54:18.3053495Z Updating files:  63% (840/1332)
audit-pods	Checkout repository	2026-02-11T07:54:18.3301020Z Updating files:  63% (848/1332)
audit-pods	Checkout repository	2026-02-11T07:54:18.3524793Z Updating files:  64% (853/1332)
audit-pods	Checkout repository	2026-02-11T07:54:18.6255973Z Updating files:  65% (866/1332)
audit-pods	Checkout repository	2026-02-11T07:54:18.7124557Z Updating files:  65% (872/1332)
audit-pods	Checkout repository	2026-02-11T07:54:18.7460902Z Updating files:  66% (880/1332)
audit-pods	Checkout repository	2026-02-11T07:54:18.7468616Z Updating files:  67% (893/1332)
audit-pods	Checkout repository	2026-02-11T07:54:18.7781523Z Updating files:  68% (906/1332)
audit-pods	Checkout repository	2026-02-11T07:54:18.7935564Z Updating files:  69% (920/1332)
audit-pods	Checkout repository	2026-02-11T07:54:18.7961540Z Updating files:  70% (933/1332)
audit-pods	Checkout repository	2026-02-11T07:54:18.8199859Z Updating files:  71% (946/1332)
audit-pods	Checkout repository	2026-02-11T07:54:18.8201218Z Updating files:  72% (960/1332)
audit-pods	Checkout repository	2026-02-11T07:54:19.1439254Z Updating files:  73% (973/1332)
audit-pods	Checkout repository	2026-02-11T07:54:19.7888911Z Updating files:  74% (986/1332)
audit-pods	Checkout repository	2026-02-11T07:54:19.7939116Z Updating files:  74% (987/1332)
audit-pods	Checkout repository	2026-02-11T07:54:19.8022895Z Updating files:  75% (999/1332)
audit-pods	Checkout repository	2026-02-11T07:54:19.8208980Z Updating files:  76% (1013/1332)
audit-pods	Checkout repository	2026-02-11T07:54:19.8414943Z Updating files:  77% (1026/1332)
audit-pods	Checkout repository	2026-02-11T07:54:19.8480368Z Updating files:  78% (1039/1332)
audit-pods	Checkout repository	2026-02-11T07:54:19.8916331Z Updating files:  79% (1053/1332)
audit-pods	Checkout repository	2026-02-11T07:54:19.8917542Z Updating files:  80% (1066/1332)
audit-pods	Checkout repository	2026-02-11T07:54:19.9221866Z Updating files:  81% (1079/1332)
audit-pods	Checkout repository	2026-02-11T07:54:20.6940703Z Updating files:  82% (1093/1332)
audit-pods	Checkout repository	2026-02-11T07:54:21.6001679Z Updating files:  83% (1106/1332)
audit-pods	Checkout repository	2026-02-11T07:54:21.7879647Z Updating files:  83% (1113/1332)
audit-pods	Checkout repository	2026-02-11T07:54:22.3509691Z Updating files:  84% (1119/1332)
audit-pods	Checkout repository	2026-02-11T07:54:22.6550805Z Updating files:  85% (1133/1332)
audit-pods	Checkout repository	2026-02-11T07:54:22.8693384Z Updating files:  85% (1138/1332)
audit-pods	Checkout repository	2026-02-11T07:54:23.6590532Z Updating files:  86% (1146/1332)
audit-pods	Checkout repository	2026-02-11T07:54:24.6725824Z Updating files:  86% (1153/1332)
audit-pods	Checkout repository	2026-02-11T07:54:24.7615708Z Updating files:  86% (1158/1332)
audit-pods	Checkout repository	2026-02-11T07:54:25.4939037Z Updating files:  87% (1159/1332)
audit-pods	Checkout repository	2026-02-11T07:54:25.6309003Z Updating files:  88% (1173/1332)
audit-pods	Checkout repository	2026-02-11T07:54:26.6339284Z Updating files:  88% (1174/1332)
audit-pods	Checkout repository	2026-02-11T07:54:27.0999406Z Updating files:  88% (1182/1332)
audit-pods	Checkout repository	2026-02-11T07:54:27.5759148Z Updating files:  89% (1186/1332)
audit-pods	Checkout repository	2026-02-11T07:54:28.8085887Z Updating files:  89% (1194/1332)
audit-pods	Checkout repository	2026-02-11T07:54:29.6019967Z Updating files:  90% (1199/1332)
audit-pods	Checkout repository	2026-02-11T07:54:29.6029909Z Updating files:  91% (1213/1332)
audit-pods	Checkout repository	2026-02-11T07:54:29.6069878Z Updating files:  92% (1226/1332)
audit-pods	Checkout repository	2026-02-11T07:54:29.6218966Z Updating files:  93% (1239/1332)
audit-pods	Checkout repository	2026-02-11T07:54:29.6220632Z Updating files:  94% (1253/1332)
audit-pods	Checkout repository	2026-02-11T07:54:29.6222200Z Updating files:  94% (1261/1332)
audit-pods	Checkout repository	2026-02-11T07:54:29.6223755Z Updating files:  95% (1266/1332)
audit-pods	Checkout repository	2026-02-11T07:54:29.6225298Z Updating files:  96% (1279/1332)
audit-pods	Checkout repository	2026-02-11T07:54:29.6805631Z Updating files:  97% (1293/1332)
audit-pods	Checkout repository	2026-02-11T07:54:29.6808447Z Updating files:  98% (1306/1332)
audit-pods	Checkout repository	2026-02-11T07:54:29.6809652Z Updating files:  99% (1319/1332)
audit-pods	Checkout repository	2026-02-11T07:54:29.6810754Z Updating files: 100% (1332/1332)
audit-pods	Checkout repository	2026-02-11T07:54:29.6811900Z Updating files: 100% (1332/1332), done.
audit-pods	Checkout repository	2026-02-11T07:54:29.7063068Z Switched to a new branch 'main'
audit-pods	Checkout repository	2026-02-11T07:54:29.7117697Z branch 'main' set up to track 'origin/main'.
audit-pods	Checkout repository	2026-02-11T07:54:30.0436362Z ##[endgroup]
audit-pods	Checkout repository	2026-02-11T07:54:30.1196705Z [command]/usr/bin/git log -1 --format=%H
audit-pods	Checkout repository	2026-02-11T07:54:30.1781084Z ea4d3ebc13f310e0b5b6d5c0eda740938c10b9d4
audit-pods	Execute Audit Script	ï»¿2026-02-11T07:54:31.2773706Z Prepare all required actions
audit-pods	Execute Audit Script	2026-02-11T07:54:31.4743769Z ##[group]Run ./.github/actions/ssh-exec
audit-pods	Execute Audit Script	2026-02-11T07:54:31.4744538Z with:
audit-pods	Execute Audit Script	2026-02-11T07:54:31.4745905Z   host: ***
audit-pods	Execute Audit Script	2026-02-11T07:54:31.4746392Z   username: ***
audit-pods	Execute Audit Script	2026-02-11T07:54:31.4752174Z   key: ***
audit-pods	Execute Audit Script	2026-02-11T07:54:31.4752744Z   port: ***
audit-pods	Execute Audit Script	2026-02-11T07:54:31.4753301Z   use-sudo: true
audit-pods	Execute Audit Script	2026-02-11T07:54:31.4753879Z   pass: ***
audit-pods	Execute Audit Script	2026-02-11T07:54:31.4754548Z   script-path: devops/core/k8s/audit-failed-pods.sh
audit-pods	Execute Audit Script	2026-02-11T07:54:31.4779276Z   remote-results-path: /tmp/results
audit-pods	Execute Audit Script	2026-02-11T07:54:31.4779980Z   local-results-path: audit/kube/
audit-pods	Execute Audit Script	2026-02-11T07:54:31.4781268Z   remote-tmp-dir: /tmp
audit-pods	Execute Audit Script	2026-02-11T07:54:31.4781987Z env:
audit-pods	Execute Audit Script	2026-02-11T07:54:31.4782614Z   KAOS_MODULE: [Ka0S] Audit Pods
audit-pods	Execute Audit Script	2026-02-11T07:54:31.4783259Z   KAOS_CODE: 21896936930
audit-pods	Execute Audit Script	2026-02-11T07:54:31.4783856Z ##[endgroup]
audit-pods	Execute Audit Script	2026-02-11T07:54:31.7051458Z ##[group]Run echo "***
audit-pods	Execute Audit Script	2026-02-11T07:54:31.7052800Z [36;1mecho "***[0m
audit-pods	Execute Audit Script	2026-02-11T07:54:31.7054709Z [36;1m***[0m
audit-pods	Execute Audit Script	2026-02-11T07:54:31.7056162Z [36;1m***[0m
audit-pods	Execute Audit Script	2026-02-11T07:54:31.7058629Z [36;1m***[0m
audit-pods	Execute Audit Script	2026-02-11T07:54:31.7060093Z [36;1m***[0m
audit-pods	Execute Audit Script	2026-02-11T07:54:31.7062379Z [36;1m***[0m
audit-pods	Execute Audit Script	2026-02-11T07:54:31.7063793Z [36;1m***" > /home/runner/_work/_temp/ssh_key[0m
audit-pods	Execute Audit Script	2026-02-11T07:54:31.7065376Z [36;1mchmod 600 /home/runner/_work/_temp/ssh_key[0m
audit-pods	Execute Audit Script	2026-02-11T07:54:31.7805940Z shell: /usr/bin/bash --noprofile --norc -e -o pipefail {0}
audit-pods	Execute Audit Script	2026-02-11T07:54:31.7807090Z env:
audit-pods	Execute Audit Script	2026-02-11T07:54:31.7807741Z   KAOS_MODULE: [Ka0S] Audit Pods
audit-pods	Execute Audit Script	2026-02-11T07:54:31.7920471Z   KAOS_CODE: 21896936930
audit-pods	Execute Audit Script	2026-02-11T07:54:31.7921388Z ##[endgroup]
audit-pods	Execute Audit Script	2026-02-11T07:54:32.3314411Z ##[group]Run scp -o StrictHostKeyChecking=no -i /home/runner/_work/_temp/ssh_key -P *** devops/core/k8s/audit-failed-pods.sh ***@***:/tmp
audit-pods	Execute Audit Script	2026-02-11T07:54:32.3317009Z [36;1mscp -o StrictHostKeyChecking=no -i /home/runner/_work/_temp/ssh_key -P *** devops/core/k8s/audit-failed-pods.sh ***@***:/tmp[0m
audit-pods	Execute Audit Script	2026-02-11T07:54:32.3885711Z shell: /usr/bin/bash --noprofile --norc -e -o pipefail {0}
audit-pods	Execute Audit Script	2026-02-11T07:54:32.3889714Z env:
audit-pods	Execute Audit Script	2026-02-11T07:54:32.3890343Z   KAOS_MODULE: [Ka0S] Audit Pods
audit-pods	Execute Audit Script	2026-02-11T07:54:32.3891010Z   KAOS_CODE: 21896936930
audit-pods	Execute Audit Script	2026-02-11T07:54:32.3909918Z ##[endgroup]
audit-pods	Execute Audit Script	2026-02-11T07:54:35.3820118Z Warning: Permanently added '[***]:***' (ED25519) to the list of known hosts.
audit-pods	Execute Audit Script	2026-02-11T07:54:38.3072214Z ##[group]Run REMOTE_SCRIPT_PATH="/tmp/$(basename devops/core/k8s/audit-failed-pods.sh)"
audit-pods	Execute Audit Script	2026-02-11T07:54:38.3074011Z [36;1mREMOTE_SCRIPT_PATH="/tmp/$(basename devops/core/k8s/audit-failed-pods.sh)"[0m
audit-pods	Execute Audit Script	2026-02-11T07:54:38.3182133Z [36;1mEXEC_COMMAND="chmod +x $REMOTE_SCRIPT_PATH && $REMOTE_SCRIPT_PATH "[0m
audit-pods	Execute Audit Script	2026-02-11T07:54:38.3184102Z [36;1mif [[ "true" == "true" ]]; then[0m
audit-pods	Execute Audit Script	2026-02-11T07:54:38.3185786Z [36;1m  SUDO_PREFIX="echo '***' | sudo -S"[0m
audit-pods	Execute Audit Script	2026-02-11T07:54:38.3187541Z [36;1m  COMMAND_CHAIN="$SUDO_PREFIX bash -c '$EXEC_COMMAND'"[0m
audit-pods	Execute Audit Script	2026-02-11T07:54:38.3319557Z [36;1m  if [[ "/tmp/results" != "" ]]; then[0m
audit-pods	Execute Audit Script	2026-02-11T07:54:38.3320968Z [36;1m    COMMAND_CHAIN="$COMMAND_CHAIN && $SUDO_PREFIX chmod -R 777 /tmp/results"[0m
audit-pods	Execute Audit Script	2026-02-11T07:54:38.3322416Z [36;1m  fi[0m
audit-pods	Execute Audit Script	2026-02-11T07:54:38.3324539Z [36;1m  ssh -o StrictHostKeyChecking=no -i /home/runner/_work/_temp/ssh_key -p *** ***@*** "$COMMAND_CHAIN && rm $REMOTE_SCRIPT_PATH"[0m
audit-pods	Execute Audit Script	2026-02-11T07:54:38.3326492Z [36;1melse[0m
audit-pods	Execute Audit Script	2026-02-11T07:54:38.3521371Z [36;1m  ssh -o StrictHostKeyChecking=no -i /home/runner/_work/_temp/ssh_key -p *** ***@*** "$EXEC_COMMAND && rm $REMOTE_SCRIPT_PATH"[0m
audit-pods	Execute Audit Script	2026-02-11T07:54:38.3523144Z [36;1mfi[0m
audit-pods	Execute Audit Script	2026-02-11T07:54:38.4729503Z shell: /usr/bin/bash --noprofile --norc -e -o pipefail {0}
audit-pods	Execute Audit Script	2026-02-11T07:54:38.4731655Z env:
audit-pods	Execute Audit Script	2026-02-11T07:54:38.4732247Z   KAOS_MODULE: [Ka0S] Audit Pods
audit-pods	Execute Audit Script	2026-02-11T07:54:38.4733041Z   KAOS_CODE: 21896936930
audit-pods	Execute Audit Script	2026-02-11T07:54:38.4734095Z ##[endgroup]
audit-pods	Execute Audit Script	2026-02-11T07:54:40.7510868Z [INFO] Iniciando auditorÃ­a de pods fallidos...
audit-pods	Execute Audit Script	2026-02-11T07:54:40.7512939Z [INFO] Directorio de salida: /tmp/results
audit-pods	Execute Audit Script	2026-02-11T07:54:41.8708278Z [SUCCESS] AuditorÃ­a finalizada. Se encontraron 0 pods con problemas.
audit-pods	Execute Audit Script	2026-02-11T07:54:41.8735492Z [INFO] Resultado guardado en: /tmp/results/failed_pods.json
audit-pods	Execute Audit Script	2026-02-11T07:54:41.9575857Z [sudo] password for ***: 
audit-pods	Execute Audit Script	2026-02-11T07:54:42.2567366Z ##[group]Run mkdir -p audit/kube/
audit-pods	Execute Audit Script	2026-02-11T07:54:42.2756591Z [36;1mmkdir -p audit/kube/[0m
audit-pods	Execute Audit Script	2026-02-11T07:54:42.2861681Z [36;1mscp -o StrictHostKeyChecking=no -r -i /home/runner/_work/_temp/ssh_key -P *** ***@***:/tmp/results/* audit/kube/[0m
audit-pods	Execute Audit Script	2026-02-11T07:54:42.2863703Z [36;1mecho "path=audit/kube/" >> $GITHUB_OUTPUT[0m
audit-pods	Execute Audit Script	2026-02-11T07:54:42.2994240Z shell: /usr/bin/bash --noprofile --norc -e -o pipefail {0}
audit-pods	Execute Audit Script	2026-02-11T07:54:42.2995721Z env:
audit-pods	Execute Audit Script	2026-02-11T07:54:42.2996312Z   KAOS_MODULE: [Ka0S] Audit Pods
audit-pods	Execute Audit Script	2026-02-11T07:54:42.2997066Z   KAOS_CODE: 21896936930
audit-pods	Execute Audit Script	2026-02-11T07:54:42.2997689Z ##[endgroup]
audit-pods	Commit Results	ï»¿2026-02-11T07:54:45.7895192Z ##[group]Run git config --global user.name "Ka0s Bot"
audit-pods	Commit Results	2026-02-11T07:54:45.7896772Z [36;1mgit config --global user.name "Ka0s Bot"[0m
audit-pods	Commit Results	2026-02-11T07:54:45.7898241Z [36;1mgit config --global user.email "bot@ka0s.io"[0m
audit-pods	Commit Results	2026-02-11T07:54:45.7899431Z [36;1mgit add audit/kube/failed_pods.json[0m
audit-pods	Commit Results	2026-02-11T07:54:45.7900686Z [36;1mif ! git diff --staged --quiet; then[0m
audit-pods	Commit Results	2026-02-11T07:54:45.7902440Z [36;1m  git commit -m "[Audit] Update failed pods report $(date +'%Y-%m-%d %H:%M')"[0m
audit-pods	Commit Results	2026-02-11T07:54:45.7904307Z [36;1m  git push[0m
audit-pods	Commit Results	2026-02-11T07:54:45.7905274Z [36;1melse[0m
audit-pods	Commit Results	2026-02-11T07:54:45.7906425Z [36;1m  echo "No changes in failed pods report."[0m
audit-pods	Commit Results	2026-02-11T07:54:45.7907725Z [36;1mfi[0m
audit-pods	Commit Results	2026-02-11T07:54:45.8293799Z shell: /usr/bin/bash -e {0}
audit-pods	Commit Results	2026-02-11T07:54:45.8294576Z env:
audit-pods	Commit Results	2026-02-11T07:54:45.8295163Z   KAOS_MODULE: [Ka0S] Audit Pods
audit-pods	Commit Results	2026-02-11T07:54:45.8295898Z   KAOS_CODE: 21896936930
audit-pods	Commit Results	2026-02-11T07:54:45.8296521Z ##[endgroup]
audit-pods	Commit Results	2026-02-11T07:54:48.7282715Z No changes in failed pods report.
audit-pods	Process Tickets in iTop	ï»¿2026-02-11T07:54:49.1794656Z ##[group]Run python3 devops/core/k8s/process-failed-pods.py
audit-pods	Process Tickets in iTop	2026-02-11T07:54:49.1796470Z [36;1mpython3 devops/core/k8s/process-failed-pods.py[0m
audit-pods	Process Tickets in iTop	2026-02-11T07:54:49.1993309Z shell: /usr/bin/bash -e {0}
audit-pods	Process Tickets in iTop	2026-02-11T07:54:49.1994729Z env:
audit-pods	Process Tickets in iTop	2026-02-11T07:54:49.1995440Z   KAOS_MODULE: [Ka0S] Audit Pods
audit-pods	Process Tickets in iTop	2026-02-11T07:54:49.1996087Z   KAOS_CODE: 21896936930
audit-pods	Process Tickets in iTop	2026-02-11T07:54:49.1996949Z   ITOP_URL: ***
audit-pods	Process Tickets in iTop	2026-02-11T07:54:49.1997628Z   ITOP_USER: ***
audit-pods	Process Tickets in iTop	2026-02-11T07:54:49.2049750Z   ITOP_PASSWORD: ***
audit-pods	Process Tickets in iTop	2026-02-11T07:54:49.2050703Z   FAILED_PODS_FILE: audit/kube/failed_pods.json
audit-pods	Process Tickets in iTop	2026-02-11T07:54:49.2051599Z ##[endgroup]
audit-pods	Process Tickets in iTop	2026-02-11T07:54:51.7643766Z [INFO] Current Failed Pods: 0
audit-pods	Process Tickets in iTop	2026-02-11T07:54:51.7723756Z [DEBUG] POST to ***/webservices/rest.php?version=1.3
audit-pods	Process Tickets in iTop	2026-02-11T07:54:51.7739072Z [FATAL] URL Error: [Errno 111] Connection refused
audit-pods	Process Tickets in iTop	2026-02-11T07:54:52.1803280Z ##[error]Process completed with exit code 1.
audit-pods	Post Checkout repository	ï»¿2026-02-11T07:54:53.1070436Z Post job cleanup.
audit-pods	Post Checkout repository	2026-02-11T07:54:56.8385199Z [command]/usr/bin/git version
audit-pods	Post Checkout repository	2026-02-11T07:54:56.9908547Z git version 2.52.0
audit-pods	Post Checkout repository	2026-02-11T07:54:57.1228182Z Copying '/home/runner/.gitconfig' to '/home/runner/_work/_temp/49642d3b-930a-461e-8cb0-eae65f3b67ad/.gitconfig'
audit-pods	Post Checkout repository	2026-02-11T07:54:57.1569852Z Temporarily overriding HOME='/home/runner/_work/_temp/49642d3b-930a-461e-8cb0-eae65f3b67ad' before making global git config changes
audit-pods	Post Checkout repository	2026-02-11T07:54:57.1703879Z Adding repository directory to the temporary git global config as a safe directory
audit-pods	Post Checkout repository	2026-02-11T07:54:57.1786120Z [command]/usr/bin/git config --global --add safe.directory /home/runner/_work/ka0s/ka0s
audit-pods	Post Checkout repository	2026-02-11T07:54:57.3340103Z [command]/usr/bin/git config --local --name-only --get-regexp core\.sshCommand
audit-pods	Post Checkout repository	2026-02-11T07:54:57.4270233Z [command]/usr/bin/git submodule foreach --recursive sh -c "git config --local --name-only --get-regexp 'core\.sshCommand' && git config --local --unset-all 'core.sshCommand' || :"
audit-pods	Post Checkout repository	2026-02-11T07:54:58.1079704Z [command]/usr/bin/git config --local --name-only --get-regexp http\.https\:\/\/github\.com\/\.extraheader
audit-pods	Post Checkout repository	2026-02-11T07:54:58.1481345Z http.https://github.com/.extraheader
audit-pods	Post Checkout repository	2026-02-11T07:54:58.1776366Z [command]/usr/bin/git config --local --unset-all http.https://github.com/.extraheader
audit-pods	Post Checkout repository	2026-02-11T07:54:58.2200883Z [command]/usr/bin/git submodule foreach --recursive sh -c "git config --local --name-only --get-regexp 'http\.https\:\/\/github\.com\/\.extraheader' && git config --local --unset-all 'http.https://github.com/.extraheader' || :"
audit-pods	Post Checkout repository	2026-02-11T07:54:58.5062582Z [command]/usr/bin/git config --local --name-only --get-regexp ^includeIf\.gitdir:
audit-pods	Post Checkout repository	2026-02-11T07:54:58.5306244Z [command]/usr/bin/git submodule foreach --recursive git config --local --show-origin --name-only --get-regexp remote.origin.url
audit-pods	Complete job	ï»¿2026-02-11T07:54:59.5463331Z Cleaning up orphan processes
handle_failure	Set up job	ï»¿2026-02-11T07:55:39.0073444Z Current runner version: '2.331.0'
handle_failure	Set up job	2026-02-11T07:55:39.0099089Z Runner name: 'swarm-runners-scaleset-hkss5-runner-wd8gz'
handle_failure	Set up job	2026-02-11T07:55:39.0101314Z Runner group name: 'Default'
handle_failure	Set up job	2026-02-11T07:55:39.0103542Z Machine name: 'swarm-runners-scaleset-hkss5-runner-wd8gz'
handle_failure	Set up job	2026-02-11T07:55:39.0184044Z ##[group]GITHUB_TOKEN Permissions
handle_failure	Set up job	2026-02-11T07:55:39.0199845Z Actions: write
handle_failure	Set up job	2026-02-11T07:55:39.0201186Z Contents: write
handle_failure	Set up job	2026-02-11T07:55:39.0202957Z Issues: write
handle_failure	Set up job	2026-02-11T07:55:39.0211634Z Metadata: read
handle_failure	Set up job	2026-02-11T07:55:39.0213120Z ##[endgroup]
handle_failure	Set up job	2026-02-11T07:55:39.0230473Z Secret source: Actions
handle_failure	Set up job	2026-02-11T07:55:39.0233109Z Prepare workflow directory
handle_failure	Set up job	2026-02-11T07:55:39.8866409Z Prepare all required actions
handle_failure	Set up job	2026-02-11T07:55:39.9113452Z Complete job name: handle_failure
handle_failure	Run echo "Error detected in [Ka0S] Audit Pods, creating issue..."	ï»¿2026-02-11T07:55:40.1010018Z ##[group]Run echo "Error detected in [Ka0S] Audit Pods, creating issue..."
handle_failure	Run echo "Error detected in [Ka0S] Audit Pods, creating issue..."	2026-02-11T07:55:40.1013251Z [36;1mecho "Error detected in [Ka0S] Audit Pods, creating issue..."[0m
handle_failure	Run echo "Error detected in [Ka0S] Audit Pods, creating issue..."	2026-02-11T07:55:40.1167393Z shell: /usr/bin/bash -e {0}
handle_failure	Run echo "Error detected in [Ka0S] Audit Pods, creating issue..."	2026-02-11T07:55:40.1170105Z env:
handle_failure	Run echo "Error detected in [Ka0S] Audit Pods, creating issue..."	2026-02-11T07:55:40.1171211Z   KAOS_MODULE: [Ka0S] Audit Pods
handle_failure	Run echo "Error detected in [Ka0S] Audit Pods, creating issue..."	2026-02-11T07:55:40.1176260Z   KAOS_CODE: 21896936930
handle_failure	Run echo "Error detected in [Ka0S] Audit Pods, creating issue..."	2026-02-11T07:55:40.1177550Z ##[endgroup]
handle_failure	Run echo "Error detected in [Ka0S] Audit Pods, creating issue..."	2026-02-11T07:55:41.3896595Z Error detected in [Ka0S] Audit Pods, creating issue...
handle_failure	Complete job	ï»¿2026-02-11T07:55:41.8472282Z Cleaning up orphan processes
end-workflow	Set up job	ï»¿2026-02-11T07:56:38.3194976Z Current runner version: '2.331.0'
end-workflow	Set up job	2026-02-11T07:56:38.3432435Z Runner name: 'swarm-runners-scaleset-hkss5-runner-fgsgg'
end-workflow	Set up job	2026-02-11T07:56:38.3437669Z Runner group name: 'Default'
end-workflow	Set up job	2026-02-11T07:56:38.3495883Z Machine name: 'swarm-runners-scaleset-hkss5-runner-fgsgg'
end-workflow	Set up job	2026-02-11T07:56:38.3635049Z ##[group]GITHUB_TOKEN Permissions
end-workflow	Set up job	2026-02-11T07:56:38.4610653Z Actions: write
end-workflow	Set up job	2026-02-11T07:56:38.4612270Z Contents: write
end-workflow	Set up job	2026-02-11T07:56:38.4613882Z Issues: write
end-workflow	Set up job	2026-02-11T07:56:38.4615075Z Metadata: read
end-workflow	Set up job	2026-02-11T07:56:38.4616252Z ##[endgroup]
end-workflow	Set up job	2026-02-11T07:56:38.5005323Z Secret source: Actions
end-workflow	Set up job	2026-02-11T07:56:38.5097121Z Prepare workflow directory
end-workflow	Set up job	2026-02-11T07:56:41.8283445Z Prepare all required actions
end-workflow	Set up job	2026-02-11T07:56:41.8384907Z Getting action download info
end-workflow	Set up job	2026-02-11T07:56:46.5227771Z Download action repository 'actions/checkout@v4' (SHA:34e114876b0b11c390a56381ad16ebd13914f8d5)
end-workflow	Set up job	2026-02-11T07:56:51.8128214Z Complete job name: end-workflow
end-workflow	Checkout code	ï»¿2026-02-11T07:56:53.6585589Z ##[group]Run actions/checkout@v4
end-workflow	Checkout code	2026-02-11T07:56:53.6589289Z with:
end-workflow	Checkout code	2026-02-11T07:56:53.6591152Z   fetch-depth: 0
end-workflow	Checkout code	2026-02-11T07:56:53.6593236Z   repository: Ka0s-Klaus/ka0s
end-workflow	Checkout code	2026-02-11T07:56:53.6729979Z   token: ***
end-workflow	Checkout code	2026-02-11T07:56:53.6731667Z   ssh-strict: true
end-workflow	Checkout code	2026-02-11T07:56:53.6733286Z   ssh-user: git
end-workflow	Checkout code	2026-02-11T07:56:53.6734956Z   persist-credentials: true
end-workflow	Checkout code	2026-02-11T07:56:53.6736939Z   clean: true
end-workflow	Checkout code	2026-02-11T07:56:53.7345831Z   sparse-checkout-cone-mode: true
end-workflow	Checkout code	2026-02-11T07:56:53.7351394Z   fetch-tags: false
end-workflow	Checkout code	2026-02-11T07:56:53.7353781Z   show-progress: true
end-workflow	Checkout code	2026-02-11T07:56:53.7355943Z   lfs: false
end-workflow	Checkout code	2026-02-11T07:56:53.7357625Z   submodules: false
end-workflow	Checkout code	2026-02-11T07:56:53.7959209Z   set-safe-directory: true
end-workflow	Checkout code	2026-02-11T07:56:53.8273005Z env:
end-workflow	Checkout code	2026-02-11T07:56:53.8274876Z   KAOS_MODULE: [Ka0S] Audit Pods
end-workflow	Checkout code	2026-02-11T07:56:53.8277329Z   KAOS_CODE: 21896936930
end-workflow	Checkout code	2026-02-11T07:56:53.8279761Z   GH_TOKEN: ***
end-workflow	Checkout code	2026-02-11T07:56:53.8281218Z ##[endgroup]
end-workflow	Checkout code	2026-02-11T07:56:58.7553575Z Syncing repository: Ka0s-Klaus/ka0s
end-workflow	Checkout code	2026-02-11T07:56:58.7755438Z ##[group]Getting Git version info
end-workflow	Checkout code	2026-02-11T07:56:58.7889034Z Working directory is '/home/runner/_work/ka0s/ka0s'
end-workflow	Checkout code	2026-02-11T07:56:58.9277231Z [command]/usr/bin/git version
end-workflow	Checkout code	2026-02-11T07:56:58.9376808Z git version 2.52.0
end-workflow	Checkout code	2026-02-11T07:56:58.9391446Z ##[endgroup]
end-workflow	Checkout code	2026-02-11T07:56:58.9452288Z Temporarily overriding HOME='/home/runner/_work/_temp/a605e8fe-cb9e-4dc9-92ad-7da64749e8d5' before making global git config changes
end-workflow	Checkout code	2026-02-11T07:56:58.9789031Z Adding repository directory to the temporary git global config as a safe directory
end-workflow	Checkout code	2026-02-11T07:56:58.9821296Z [command]/usr/bin/git config --global --add safe.directory /home/runner/_work/ka0s/ka0s
end-workflow	Checkout code	2026-02-11T07:56:59.0008652Z Deleting the contents of '/home/runner/_work/ka0s/ka0s'
end-workflow	Checkout code	2026-02-11T07:56:59.0013651Z ##[group]Initializing the repository
end-workflow	Checkout code	2026-02-11T07:56:59.0016397Z [command]/usr/bin/git init /home/runner/_work/ka0s/ka0s
end-workflow	Checkout code	2026-02-11T07:56:59.1223746Z hint: Using 'master' as the name for the initial branch. This default branch name
end-workflow	Checkout code	2026-02-11T07:56:59.1243021Z hint: will change to "main" in Git 3.0. To configure the initial branch name
end-workflow	Checkout code	2026-02-11T07:56:59.1751571Z hint: to use in all of your new repositories, which will suppress this warning,
end-workflow	Checkout code	2026-02-11T07:56:59.1837450Z hint: call:
end-workflow	Checkout code	2026-02-11T07:56:59.1950581Z hint:
end-workflow	Checkout code	2026-02-11T07:56:59.1953200Z hint: 	git config --global init.defaultBranch <name>
end-workflow	Checkout code	2026-02-11T07:56:59.1955906Z hint:
end-workflow	Checkout code	2026-02-11T07:56:59.1958601Z hint: Names commonly chosen instead of 'master' are 'main', 'trunk' and
end-workflow	Checkout code	2026-02-11T07:56:59.1963043Z hint: 'development'. The just-created branch can be renamed via this command:
end-workflow	Checkout code	2026-02-11T07:56:59.1966611Z hint:
end-workflow	Checkout code	2026-02-11T07:56:59.2429417Z hint: 	git branch -m <name>
end-workflow	Checkout code	2026-02-11T07:56:59.2432777Z hint:
end-workflow	Checkout code	2026-02-11T07:56:59.2437373Z hint: Disable this message with "git config set advice.defaultBranchName false"
end-workflow	Checkout code	2026-02-11T07:56:59.2446538Z Initialized empty Git repository in /home/runner/_work/ka0s/ka0s/.git/
end-workflow	Checkout code	2026-02-11T07:56:59.2922516Z [command]/usr/bin/git remote add origin https://github.com/Ka0s-Klaus/ka0s
end-workflow	Checkout code	2026-02-11T07:56:59.3562260Z ##[endgroup]
end-workflow	Checkout code	2026-02-11T07:56:59.3664552Z ##[group]Disabling automatic garbage collection
end-workflow	Checkout code	2026-02-11T07:56:59.3989987Z [command]/usr/bin/git config --local gc.auto 0
end-workflow	Checkout code	2026-02-11T07:56:59.4102306Z ##[endgroup]
end-workflow	Checkout code	2026-02-11T07:56:59.4105358Z ##[group]Setting up auth
end-workflow	Checkout code	2026-02-11T07:56:59.4541020Z [command]/usr/bin/git config --local --name-only --get-regexp core\.sshCommand
end-workflow	Checkout code	2026-02-11T07:56:59.4552608Z [command]/usr/bin/git submodule foreach --recursive sh -c "git config --local --name-only --get-regexp 'core\.sshCommand' && git config --local --unset-all 'core.sshCommand' || :"
end-workflow	Checkout code	2026-02-11T07:57:01.3359877Z [command]/usr/bin/git config --local --name-only --get-regexp http\.https\:\/\/github\.com\/\.extraheader
end-workflow	Checkout code	2026-02-11T07:57:01.3955764Z [command]/usr/bin/git submodule foreach --recursive sh -c "git config --local --name-only --get-regexp 'http\.https\:\/\/github\.com\/\.extraheader' && git config --local --unset-all 'http.https://github.com/.extraheader' || :"
end-workflow	Checkout code	2026-02-11T07:57:02.2856333Z [command]/usr/bin/git config --local --name-only --get-regexp ^includeIf\.gitdir:
end-workflow	Checkout code	2026-02-11T07:57:02.5113626Z [command]/usr/bin/git submodule foreach --recursive git config --local --show-origin --name-only --get-regexp remote.origin.url
end-workflow	Checkout code	2026-02-11T07:57:03.2649353Z [command]/usr/bin/git config --local http.https://github.com/.extraheader AUTHORIZATION: basic ***
end-workflow	Checkout code	2026-02-11T07:57:03.3232705Z ##[endgroup]
end-workflow	Checkout code	2026-02-11T07:57:03.3283616Z ##[group]Fetching the repository
end-workflow	Checkout code	2026-02-11T07:57:03.3955235Z [command]/usr/bin/git -c protocol.version=2 fetch --prune --no-recurse-submodules origin +refs/heads/*:refs/remotes/origin/* +refs/tags/*:refs/tags/*
end-workflow	Checkout code	2026-02-11T08:03:52.0039527Z From https://github.com/Ka0s-Klaus/ka0s
end-workflow	Checkout code	2026-02-11T08:03:52.0041237Z  * [new branch]          F1224-new-module-mongodb -> origin/F1224-new-module-mongodb
end-workflow	Checkout code	2026-02-11T08:03:52.0042657Z  * [new branch]          F220-web-de-resultados  -> origin/F220-web-de-resultados
end-workflow	Checkout code	2026-02-11T08:03:52.0044748Z  * [new branch]          F227-despliegue-de-kube-independiente-del-clouder -> origin/F227-despliegue-de-kube-independiente-del-clouder
end-workflow	Checkout code	2026-02-11T08:03:52.0047270Z  * [new branch]          F329-documentacion-metodologia-de-kaos -> origin/F329-documentacion-metodologia-de-kaos
end-workflow	Checkout code	2026-02-11T08:03:52.0072013Z  * [new branch]          F3450-modelo-operativo  -> origin/F3450-modelo-operativo
end-workflow	Checkout code	2026-02-11T08:03:52.0073767Z  * [new branch]          H1139-como-instalar-arc-control -> origin/H1139-como-instalar-arc-control
end-workflow	Checkout code	2026-02-11T08:03:52.0075564Z  * [new branch]          H1150-desarrollo-de-secciones -> origin/H1150-desarrollo-de-secciones
end-workflow	Checkout code	2026-02-11T08:03:52.0089480Z  * [new branch]          H1151-desarrollo-de-secciones-ii -> origin/H1151-desarrollo-de-secciones-ii
end-workflow	Checkout code	2026-02-11T08:03:52.0091153Z  * [new branch]          H1152-desarrollo-inicio -> origin/H1152-desarrollo-inicio
end-workflow	Checkout code	2026-02-11T08:03:52.0092687Z  * [new branch]          H1193-ejemplo-web-documentacion -> origin/H1193-ejemplo-web-documentacion
end-workflow	Checkout code	2026-02-11T08:03:52.0094163Z  * [new branch]          H1224-new-module-mongodb -> origin/H1224-new-module-mongodb
end-workflow	Checkout code	2026-02-11T08:03:52.0095572Z  * [new branch]          H1276-modulo-observabilidad -> origin/H1276-modulo-observabilidad
end-workflow	Checkout code	2026-02-11T08:03:52.0097042Z  * [new branch]          H1410-modulo-execution  -> origin/H1410-modulo-execution
end-workflow	Checkout code	2026-02-11T08:03:52.0118090Z  * [new branch]          H1514-new-swarm-deployment-stack-with-actions-runners-autoscale -> origin/H1514-new-swarm-deployment-stack-with-actions-runners-autoscale
end-workflow	Checkout code	2026-02-11T08:03:52.0132763Z  * [new branch]          H1968-modulo-personalizaciÃ³n-del-portal-de-kaos-core -> origin/H1968-modulo-personalizaciÃ³n-del-portal-de-kaos-core
end-workflow	Checkout code	2026-02-11T08:03:52.0160964Z  * [new branch]          H215-modulo-de-summary  -> origin/H215-modulo-de-summary
end-workflow	Checkout code	2026-02-11T08:03:52.0163174Z  * [new branch]          H227-despliegue-de-kube-independiente-del-clouder -> origin/H227-despliegue-de-kube-independiente-del-clouder
end-workflow	Checkout code	2026-02-11T08:03:52.0165944Z  * [new branch]          H3038-test-ci-cd-kubernetes-automated-system -> origin/H3038-test-ci-cd-kubernetes-automated-system
end-workflow	Checkout code	2026-02-11T08:03:52.0169010Z  * [new branch]          H306-ficheros-de-estadisticas -> origin/H306-ficheros-de-estadisticas
end-workflow	Checkout code	2026-02-11T08:03:52.0170196Z  * [new branch]          H3265-deploy-itop       -> origin/H3265-deploy-itop
end-workflow	Checkout code	2026-02-11T08:03:52.0172025Z  * [new branch]          H3266-deploy-zabbix     -> origin/H3266-deploy-zabbix
end-workflow	Checkout code	2026-02-11T08:03:52.0173876Z  * [new branch]          H328-documentacion-modulo-principal-de-kaos -> origin/H328-documentacion-modulo-principal-de-kaos
end-workflow	Checkout code	2026-02-11T08:03:52.0176189Z  * [new branch]          H329-documentacion-metodologia-de-kaos -> origin/H329-documentacion-metodologia-de-kaos
end-workflow	Checkout code	2026-02-11T08:03:52.0233882Z  * [new branch]          H338-relanzador-de-jobs-en-caso-de-pattern -> origin/H338-relanzador-de-jobs-en-caso-de-pattern
end-workflow	Checkout code	2026-02-11T08:03:52.0236471Z  * [new branch]          H38-documentacion-basica-del-proyecto -> origin/H38-documentacion-basica-del-proyecto
end-workflow	Checkout code	2026-02-11T08:03:52.0260491Z  * [new branch]          RN1282-ka0s-error-detected-in-ka0s-workflow-statistics-summary -> origin/RN1282-ka0s-error-detected-in-ka0s-workflow-statistics-summary
end-workflow	Checkout code	2026-02-11T08:03:52.0279825Z  * [new branch]          RN220-web-de-resultados -> origin/RN220-web-de-resultados
end-workflow	Checkout code	2026-02-11T08:03:52.0284911Z  * [new branch]          RN227-despliegue-de-kube-independiente-del-clouder -> origin/RN227-despliegue-de-kube-independiente-del-clouder
end-workflow	Checkout code	2026-02-11T08:03:52.0287592Z  * [new branch]          RN329-documentacion-metodologia-de-kaos -> origin/RN329-documentacion-metodologia-de-kaos
end-workflow	Checkout code	2026-02-11T08:03:52.0289354Z  * [new branch]          main                    -> origin/main
end-workflow	Checkout code	2026-02-11T08:03:52.0290307Z  * [new tag]             0.0.0                   -> 0.0.0
end-workflow	Checkout code	2026-02-11T08:03:52.0291193Z  * [new tag]             0.0.1                   -> 0.0.1
end-workflow	Checkout code	2026-02-11T08:03:52.0338063Z  * [new tag]             0.0.10                  -> 0.0.10
end-workflow	Checkout code	2026-02-11T08:03:52.0414644Z  * [new tag]             0.0.100                 -> 0.0.100
end-workflow	Checkout code	2026-02-11T08:03:52.0415695Z  * [new tag]             0.0.101                 -> 0.0.101
end-workflow	Checkout code	2026-02-11T08:03:52.0416611Z  * [new tag]             0.0.102                 -> 0.0.102
end-workflow	Checkout code	2026-02-11T08:03:52.0417520Z  * [new tag]             0.0.103                 -> 0.0.103
end-workflow	Checkout code	2026-02-11T08:03:52.0418581Z  * [new tag]             0.0.104                 -> 0.0.104
end-workflow	Checkout code	2026-02-11T08:03:52.0419477Z  * [new tag]             0.0.105                 -> 0.0.105
end-workflow	Checkout code	2026-02-11T08:03:52.0420307Z  * [new tag]             0.0.106                 -> 0.0.106
end-workflow	Checkout code	2026-02-11T08:03:52.0421196Z  * [new tag]             0.0.107                 -> 0.0.107
end-workflow	Checkout code	2026-02-11T08:03:52.0422064Z  * [new tag]             0.0.108                 -> 0.0.108
end-workflow	Checkout code	2026-02-11T08:03:52.0476763Z  * [new tag]             0.0.109                 -> 0.0.109
end-workflow	Checkout code	2026-02-11T08:03:52.0477736Z  * [new tag]             0.0.11                  -> 0.0.11
end-workflow	Checkout code	2026-02-11T08:03:52.0487157Z  * [new tag]             0.0.110                 -> 0.0.110
end-workflow	Checkout code	2026-02-11T08:03:52.0508863Z  * [new tag]             0.0.111                 -> 0.0.111
end-workflow	Checkout code	2026-02-11T08:03:52.0509893Z  * [new tag]             0.0.112                 -> 0.0.112
end-workflow	Checkout code	2026-02-11T08:03:52.0518181Z  * [new tag]             0.0.113                 -> 0.0.113
end-workflow	Checkout code	2026-02-11T08:03:52.0538768Z  * [new tag]             0.0.114                 -> 0.0.114
end-workflow	Checkout code	2026-02-11T08:03:52.0539746Z  * [new tag]             0.0.115                 -> 0.0.115
end-workflow	Checkout code	2026-02-11T08:03:52.0540627Z  * [new tag]             0.0.116                 -> 0.0.116
end-workflow	Checkout code	2026-02-11T08:03:52.0541411Z  * [new tag]             0.0.117                 -> 0.0.117
end-workflow	Checkout code	2026-02-11T08:03:52.0542349Z  * [new tag]             0.0.118                 -> 0.0.118
end-workflow	Checkout code	2026-02-11T08:03:52.0543277Z  * [new tag]             0.0.119                 -> 0.0.119
end-workflow	Checkout code	2026-02-11T08:03:52.0544174Z  * [new tag]             0.0.12                  -> 0.0.12
end-workflow	Checkout code	2026-02-11T08:03:52.0545370Z  * [new tag]             0.0.120                 -> 0.0.120
end-workflow	Checkout code	2026-02-11T08:03:52.0546203Z  * [new tag]             0.0.121                 -> 0.0.121
end-workflow	Checkout code	2026-02-11T08:03:52.0547586Z  * [new tag]             0.0.122                 -> 0.0.122
end-workflow	Checkout code	2026-02-11T08:03:52.0599049Z  * [new tag]             0.0.123                 -> 0.0.123
end-workflow	Checkout code	2026-02-11T08:03:52.0602654Z  * [new tag]             0.0.124                 -> 0.0.124
end-workflow	Checkout code	2026-02-11T08:03:52.0603656Z  * [new tag]             0.0.125                 -> 0.0.125
end-workflow	Checkout code	2026-02-11T08:03:52.0604531Z  * [new tag]             0.0.126                 -> 0.0.126
end-workflow	Checkout code	2026-02-11T08:03:52.0605411Z  * [new tag]             0.0.127                 -> 0.0.127
end-workflow	Checkout code	2026-02-11T08:03:52.0606284Z  * [new tag]             0.0.128                 -> 0.0.128
end-workflow	Checkout code	2026-02-11T08:03:52.0607172Z  * [new tag]             0.0.129                 -> 0.0.129
end-workflow	Checkout code	2026-02-11T08:03:52.0668271Z  * [new tag]             0.0.13                  -> 0.0.13
end-workflow	Checkout code	2026-02-11T08:03:52.0669454Z  * [new tag]             0.0.130                 -> 0.0.130
end-workflow	Checkout code	2026-02-11T08:03:52.0670796Z  * [new tag]             0.0.131                 -> 0.0.131
end-workflow	Checkout code	2026-02-11T08:03:52.0671614Z  * [new tag]             0.0.132                 -> 0.0.132
end-workflow	Checkout code	2026-02-11T08:03:52.0673442Z  * [new tag]             0.0.133                 -> 0.0.133
end-workflow	Checkout code	2026-02-11T08:03:52.0674416Z  * [new tag]             0.0.134                 -> 0.0.134
end-workflow	Checkout code	2026-02-11T08:03:52.0675279Z  * [new tag]             0.0.135                 -> 0.0.135
end-workflow	Checkout code	2026-02-11T08:03:52.0676152Z  * [new tag]             0.0.136                 -> 0.0.136
end-workflow	Checkout code	2026-02-11T08:03:52.0677001Z  * [new tag]             0.0.137                 -> 0.0.137
end-workflow	Checkout code	2026-02-11T08:03:52.0677995Z  * [new tag]             0.0.138                 -> 0.0.138
end-workflow	Checkout code	2026-02-11T08:03:52.0712757Z  * [new tag]             0.0.139                 -> 0.0.139
end-workflow	Checkout code	2026-02-11T08:03:52.0713695Z  * [new tag]             0.0.14                  -> 0.0.14
end-workflow	Checkout code	2026-02-11T08:03:52.0714552Z  * [new tag]             0.0.140                 -> 0.0.140
end-workflow	Checkout code	2026-02-11T08:03:52.0715398Z  * [new tag]             0.0.141                 -> 0.0.141
end-workflow	Checkout code	2026-02-11T08:03:52.0716226Z  * [new tag]             0.0.142                 -> 0.0.142
end-workflow	Checkout code	2026-02-11T08:03:52.0717203Z  * [new tag]             0.0.143                 -> 0.0.143
end-workflow	Checkout code	2026-02-11T08:03:52.0769212Z  * [new tag]             0.0.144                 -> 0.0.144
end-workflow	Checkout code	2026-02-11T08:03:52.0770154Z  * [new tag]             0.0.145                 -> 0.0.145
end-workflow	Checkout code	2026-02-11T08:03:52.0770955Z  * [new tag]             0.0.146                 -> 0.0.146
end-workflow	Checkout code	2026-02-11T08:03:52.0771668Z  * [new tag]             0.0.147                 -> 0.0.147
end-workflow	Checkout code	2026-02-11T08:03:52.0772439Z  * [new tag]             0.0.148                 -> 0.0.148
end-workflow	Checkout code	2026-02-11T08:03:52.0828281Z  * [new tag]             0.0.149                 -> 0.0.149
end-workflow	Checkout code	2026-02-11T08:03:52.0829505Z  * [new tag]             0.0.15                  -> 0.0.15
end-workflow	Checkout code	2026-02-11T08:03:52.0830387Z  * [new tag]             0.0.150                 -> 0.0.150
end-workflow	Checkout code	2026-02-11T08:03:52.0831257Z  * [new tag]             0.0.151                 -> 0.0.151
end-workflow	Checkout code	2026-02-11T08:03:52.0832135Z  * [new tag]             0.0.152                 -> 0.0.152
end-workflow	Checkout code	2026-02-11T08:03:52.0833016Z  * [new tag]             0.0.153                 -> 0.0.153
end-workflow	Checkout code	2026-02-11T08:03:52.0833950Z  * [new tag]             0.0.154                 -> 0.0.154
end-workflow	Checkout code	2026-02-11T08:03:52.0834848Z  * [new tag]             0.0.155                 -> 0.0.155
end-workflow	Checkout code	2026-02-11T08:03:52.0835729Z  * [new tag]             0.0.156                 -> 0.0.156
end-workflow	Checkout code	2026-02-11T08:03:52.0836596Z  * [new tag]             0.0.157                 -> 0.0.157
end-workflow	Checkout code	2026-02-11T08:03:52.0837515Z  * [new tag]             0.0.158                 -> 0.0.158
end-workflow	Checkout code	2026-02-11T08:03:52.0838626Z  * [new tag]             0.0.159                 -> 0.0.159
end-workflow	Checkout code	2026-02-11T08:03:52.0839555Z  * [new tag]             0.0.16                  -> 0.0.16
end-workflow	Checkout code	2026-02-11T08:03:52.0840346Z  * [new tag]             0.0.160                 -> 0.0.160
end-workflow	Checkout code	2026-02-11T08:03:52.0841129Z  * [new tag]             0.0.161                 -> 0.0.161
end-workflow	Checkout code	2026-02-11T08:03:52.0841945Z  * [new tag]             0.0.162                 -> 0.0.162
end-workflow	Checkout code	2026-02-11T08:03:52.0842787Z  * [new tag]             0.0.163                 -> 0.0.163
end-workflow	Checkout code	2026-02-11T08:03:52.0843807Z  * [new tag]             0.0.164                 -> 0.0.164
end-workflow	Checkout code	2026-02-11T08:03:52.0998638Z  * [new tag]             0.0.165                 -> 0.0.165
end-workflow	Checkout code	2026-02-11T08:03:52.0999877Z  * [new tag]             0.0.166                 -> 0.0.166
end-workflow	Checkout code	2026-02-11T08:03:52.1000751Z  * [new tag]             0.0.167                 -> 0.0.167
end-workflow	Checkout code	2026-02-11T08:03:52.1001603Z  * [new tag]             0.0.168                 -> 0.0.168
end-workflow	Checkout code	2026-02-11T08:03:52.1002465Z  * [new tag]             0.0.169                 -> 0.0.169
end-workflow	Checkout code	2026-02-11T08:03:52.1003323Z  * [new tag]             0.0.17                  -> 0.0.17
end-workflow	Checkout code	2026-02-11T08:03:52.1004189Z  * [new tag]             0.0.170                 -> 0.0.170
end-workflow	Checkout code	2026-02-11T08:03:52.1005148Z  * [new tag]             0.0.171                 -> 0.0.171
end-workflow	Checkout code	2026-02-11T08:03:52.1005954Z  * [new tag]             0.0.172                 -> 0.0.172
end-workflow	Checkout code	2026-02-11T08:03:52.1006729Z  * [new tag]             0.0.173                 -> 0.0.173
end-workflow	Checkout code	2026-02-11T08:03:52.1007512Z  * [new tag]             0.0.174                 -> 0.0.174
end-workflow	Checkout code	2026-02-11T08:03:52.1160559Z  * [new tag]             0.0.175                 -> 0.0.175
end-workflow	Checkout code	2026-02-11T08:03:52.1161434Z  * [new tag]             0.0.176                 -> 0.0.176
end-workflow	Checkout code	2026-02-11T08:03:52.1162289Z  * [new tag]             0.0.177                 -> 0.0.177
end-workflow	Checkout code	2026-02-11T08:03:52.1163131Z  * [new tag]             0.0.178                 -> 0.0.178
end-workflow	Checkout code	2026-02-11T08:03:52.1164051Z  * [new tag]             0.0.179                 -> 0.0.179
end-workflow	Checkout code	2026-02-11T08:03:52.1164883Z  * [new tag]             0.0.18                  -> 0.0.18
end-workflow	Checkout code	2026-02-11T08:03:52.1165740Z  * [new tag]             0.0.19                  -> 0.0.19
end-workflow	Checkout code	2026-02-11T08:03:52.1166586Z  * [new tag]             0.0.2                   -> 0.0.2
end-workflow	Checkout code	2026-02-11T08:03:52.1167419Z  * [new tag]             0.0.20                  -> 0.0.20
end-workflow	Checkout code	2026-02-11T08:03:52.1249336Z  * [new tag]             0.0.21                  -> 0.0.21
end-workflow	Checkout code	2026-02-11T08:03:52.1250386Z  * [new tag]             0.0.22                  -> 0.0.22
end-workflow	Checkout code	2026-02-11T08:03:52.1251306Z  * [new tag]             0.0.23                  -> 0.0.23
end-workflow	Checkout code	2026-02-11T08:03:52.1252180Z  * [new tag]             0.0.24                  -> 0.0.24
end-workflow	Checkout code	2026-02-11T08:03:52.1253018Z  * [new tag]             0.0.25                  -> 0.0.25
end-workflow	Checkout code	2026-02-11T08:03:52.1253930Z  * [new tag]             0.0.26                  -> 0.0.26
end-workflow	Checkout code	2026-02-11T08:03:52.1254788Z  * [new tag]             0.0.27                  -> 0.0.27
end-workflow	Checkout code	2026-02-11T08:03:52.1255653Z  * [new tag]             0.0.28                  -> 0.0.28
end-workflow	Checkout code	2026-02-11T08:03:52.1256497Z  * [new tag]             0.0.29                  -> 0.0.29
end-workflow	Checkout code	2026-02-11T08:03:52.1257346Z  * [new tag]             0.0.3                   -> 0.0.3
end-workflow	Checkout code	2026-02-11T08:03:52.1284158Z  * [new tag]             0.0.30                  -> 0.0.30
end-workflow	Checkout code	2026-02-11T08:03:52.1296507Z  * [new tag]             0.0.31                  -> 0.0.31
end-workflow	Checkout code	2026-02-11T08:03:52.1297451Z  * [new tag]             0.0.32                  -> 0.0.32
end-workflow	Checkout code	2026-02-11T08:03:52.1344523Z  * [new tag]             0.0.33                  -> 0.0.33
end-workflow	Checkout code	2026-02-11T08:03:52.1345586Z  * [new tag]             0.0.34                  -> 0.0.34
end-workflow	Checkout code	2026-02-11T08:03:52.1346427Z  * [new tag]             0.0.35                  -> 0.0.35
end-workflow	Checkout code	2026-02-11T08:03:52.1347255Z  * [new tag]             0.0.36                  -> 0.0.36
end-workflow	Checkout code	2026-02-11T08:03:52.1348161Z  * [new tag]             0.0.37                  -> 0.0.37
end-workflow	Checkout code	2026-02-11T08:03:52.1349009Z  * [new tag]             0.0.38                  -> 0.0.38
end-workflow	Checkout code	2026-02-11T08:03:52.1349945Z  * [new tag]             0.0.39                  -> 0.0.39
end-workflow	Checkout code	2026-02-11T08:03:52.1350864Z  * [new tag]             0.0.4                   -> 0.0.4
end-workflow	Checkout code	2026-02-11T08:03:52.1351717Z  * [new tag]             0.0.40                  -> 0.0.40
end-workflow	Checkout code	2026-02-11T08:03:52.1352538Z  * [new tag]             0.0.41                  -> 0.0.41
end-workflow	Checkout code	2026-02-11T08:03:52.1353387Z  * [new tag]             0.0.42                  -> 0.0.42
end-workflow	Checkout code	2026-02-11T08:03:52.1354233Z  * [new tag]             0.0.43                  -> 0.0.43
end-workflow	Checkout code	2026-02-11T08:03:52.1355093Z  * [new tag]             0.0.44                  -> 0.0.44
end-workflow	Checkout code	2026-02-11T08:03:52.1726026Z  * [new tag]             0.0.45                  -> 0.0.45
end-workflow	Checkout code	2026-02-11T08:03:52.1726941Z  * [new tag]             0.0.46                  -> 0.0.46
end-workflow	Checkout code	2026-02-11T08:03:52.1732971Z  * [new tag]             0.0.47                  -> 0.0.47
end-workflow	Checkout code	2026-02-11T08:03:52.1734026Z  * [new tag]             0.0.48                  -> 0.0.48
end-workflow	Checkout code	2026-02-11T08:03:52.1888919Z  * [new tag]             0.0.49                  -> 0.0.49
end-workflow	Checkout code	2026-02-11T08:03:52.1889996Z  * [new tag]             0.0.5                   -> 0.0.5
end-workflow	Checkout code	2026-02-11T08:03:52.1890948Z  * [new tag]             0.0.50                  -> 0.0.50
end-workflow	Checkout code	2026-02-11T08:03:52.1891839Z  * [new tag]             0.0.51                  -> 0.0.51
end-workflow	Checkout code	2026-02-11T08:03:52.1892715Z  * [new tag]             0.0.52                  -> 0.0.52
end-workflow	Checkout code	2026-02-11T08:03:52.1893592Z  * [new tag]             0.0.53                  -> 0.0.53
end-workflow	Checkout code	2026-02-11T08:03:52.1894459Z  * [new tag]             0.0.54                  -> 0.0.54
end-workflow	Checkout code	2026-02-11T08:03:52.2044126Z  * [new tag]             0.0.55                  -> 0.0.55
end-workflow	Checkout code	2026-02-11T08:03:52.2045039Z  * [new tag]             0.0.56                  -> 0.0.56
end-workflow	Checkout code	2026-02-11T08:03:52.2045930Z  * [new tag]             0.0.57                  -> 0.0.57
end-workflow	Checkout code	2026-02-11T08:03:52.2046815Z  * [new tag]             0.0.58                  -> 0.0.58
end-workflow	Checkout code	2026-02-11T08:03:52.2047688Z  * [new tag]             0.0.59                  -> 0.0.59
end-workflow	Checkout code	2026-02-11T08:03:52.2209826Z  * [new tag]             0.0.6                   -> 0.0.6
end-workflow	Checkout code	2026-02-11T08:03:52.2210797Z  * [new tag]             0.0.60                  -> 0.0.60
end-workflow	Checkout code	2026-02-11T08:03:52.2211686Z  * [new tag]             0.0.61                  -> 0.0.61
end-workflow	Checkout code	2026-02-11T08:03:52.2212555Z  * [new tag]             0.0.62                  -> 0.0.62
end-workflow	Checkout code	2026-02-11T08:03:52.2213429Z  * [new tag]             0.0.63                  -> 0.0.63
end-workflow	Checkout code	2026-02-11T08:03:52.2214303Z  * [new tag]             0.0.64                  -> 0.0.64
end-workflow	Checkout code	2026-02-11T08:03:52.2215163Z  * [new tag]             0.0.65                  -> 0.0.65
end-workflow	Checkout code	2026-02-11T08:03:52.2216071Z  * [new tag]             0.0.66                  -> 0.0.66
end-workflow	Checkout code	2026-02-11T08:03:52.2216930Z  * [new tag]             0.0.67                  -> 0.0.67
end-workflow	Checkout code	2026-02-11T08:03:52.2888130Z  * [new tag]             0.0.68                  -> 0.0.68
end-workflow	Checkout code	2026-02-11T08:03:52.2889430Z  * [new tag]             0.0.69                  -> 0.0.69
end-workflow	Checkout code	2026-02-11T08:03:52.2890351Z  * [new tag]             0.0.7                   -> 0.0.7
end-workflow	Checkout code	2026-02-11T08:03:52.3118447Z  * [new tag]             0.0.70                  -> 0.0.70
end-workflow	Checkout code	2026-02-11T08:03:52.3119675Z  * [new tag]             0.0.71                  -> 0.0.71
end-workflow	Checkout code	2026-02-11T08:03:52.3120588Z  * [new tag]             0.0.72                  -> 0.0.72
end-workflow	Checkout code	2026-02-11T08:03:52.3121458Z  * [new tag]             0.0.73                  -> 0.0.73
end-workflow	Checkout code	2026-02-11T08:03:52.3148502Z  * [new tag]             0.0.74                  -> 0.0.74
end-workflow	Checkout code	2026-02-11T08:03:52.3149609Z  * [new tag]             0.0.75                  -> 0.0.75
end-workflow	Checkout code	2026-02-11T08:03:52.3150541Z  * [new tag]             0.0.76                  -> 0.0.76
end-workflow	Checkout code	2026-02-11T08:03:52.3151430Z  * [new tag]             0.0.77                  -> 0.0.77
end-workflow	Checkout code	2026-02-11T08:03:52.3152303Z  * [new tag]             0.0.78                  -> 0.0.78
end-workflow	Checkout code	2026-02-11T08:03:52.3153182Z  * [new tag]             0.0.79                  -> 0.0.79
end-workflow	Checkout code	2026-02-11T08:03:52.3154071Z  * [new tag]             0.0.8                   -> 0.0.8
end-workflow	Checkout code	2026-02-11T08:03:52.3154944Z  * [new tag]             0.0.80                  -> 0.0.80
end-workflow	Checkout code	2026-02-11T08:03:52.3155816Z  * [new tag]             0.0.81                  -> 0.0.81
end-workflow	Checkout code	2026-02-11T08:03:52.3156691Z  * [new tag]             0.0.82                  -> 0.0.82
end-workflow	Checkout code	2026-02-11T08:03:52.3157550Z  * [new tag]             0.0.83                  -> 0.0.83
end-workflow	Checkout code	2026-02-11T08:03:52.3313558Z  * [new tag]             0.0.84                  -> 0.0.84
end-workflow	Checkout code	2026-02-11T08:03:52.3314516Z  * [new tag]             0.0.85                  -> 0.0.85
end-workflow	Checkout code	2026-02-11T08:03:52.3315368Z  * [new tag]             0.0.86                  -> 0.0.86
end-workflow	Checkout code	2026-02-11T08:03:52.3316241Z  * [new tag]             0.0.87                  -> 0.0.87
end-workflow	Checkout code	2026-02-11T08:03:52.3317637Z  * [new tag]             0.0.88                  -> 0.0.88
end-workflow	Checkout code	2026-02-11T08:03:52.3318616Z  * [new tag]             0.0.89                  -> 0.0.89
end-workflow	Checkout code	2026-02-11T08:03:52.3319467Z  * [new tag]             0.0.9                   -> 0.0.9
end-workflow	Checkout code	2026-02-11T08:03:52.3320314Z  * [new tag]             0.0.90                  -> 0.0.90
end-workflow	Checkout code	2026-02-11T08:03:52.3321383Z  * [new tag]             0.0.91                  -> 0.0.91
end-workflow	Checkout code	2026-02-11T08:03:52.3322241Z  * [new tag]             0.0.92                  -> 0.0.92
end-workflow	Checkout code	2026-02-11T08:03:52.3323302Z  * [new tag]             0.0.93                  -> 0.0.93
end-workflow	Checkout code	2026-02-11T08:03:52.3324388Z  * [new tag]             0.0.94                  -> 0.0.94
end-workflow	Checkout code	2026-02-11T08:03:52.3325232Z  * [new tag]             0.0.95                  -> 0.0.95
end-workflow	Checkout code	2026-02-11T08:03:52.3326073Z  * [new tag]             0.0.96                  -> 0.0.96
end-workflow	Checkout code	2026-02-11T08:03:52.3326899Z  * [new tag]             0.0.97                  -> 0.0.97
end-workflow	Checkout code	2026-02-11T08:03:52.3328392Z  * [new tag]             0.0.98                  -> 0.0.98
end-workflow	Checkout code	2026-02-11T08:03:52.3329234Z  * [new tag]             0.0.99                  -> 0.0.99
end-workflow	Checkout code	2026-02-11T08:03:52.3330068Z  * [new tag]             0.1.0                   -> 0.1.0
end-workflow	Checkout code	2026-02-11T08:03:52.3330904Z  * [new tag]             0.1.1                   -> 0.1.1
end-workflow	Checkout code	2026-02-11T08:03:52.3331730Z  * [new tag]             0.2.0                   -> 0.2.0
end-workflow	Checkout code	2026-02-11T08:03:52.3332564Z  * [new tag]             0.3.0                   -> 0.3.0
end-workflow	Checkout code	2026-02-11T08:03:52.3333386Z  * [new tag]             0.3.1                   -> 0.3.1
end-workflow	Checkout code	2026-02-11T08:03:52.3334219Z  * [new tag]             0.3.10                  -> 0.3.10
end-workflow	Checkout code	2026-02-11T08:03:52.3335055Z  * [new tag]             0.3.11                  -> 0.3.11
end-workflow	Checkout code	2026-02-11T08:03:52.3335891Z  * [new tag]             0.3.12                  -> 0.3.12
end-workflow	Checkout code	2026-02-11T08:03:52.3336728Z  * [new tag]             0.3.13                  -> 0.3.13
end-workflow	Checkout code	2026-02-11T08:03:52.3872930Z  * [new tag]             0.3.14                  -> 0.3.14
end-workflow	Checkout code	2026-02-11T08:03:52.3874785Z  * [new tag]             0.3.15                  -> 0.3.15
end-workflow	Checkout code	2026-02-11T08:03:52.3876047Z  * [new tag]             0.3.16                  -> 0.3.16
end-workflow	Checkout code	2026-02-11T08:03:52.3877045Z  * [new tag]             0.3.17                  -> 0.3.17
end-workflow	Checkout code	2026-02-11T08:03:52.4437150Z  * [new tag]             0.3.2                   -> 0.3.2
end-workflow	Checkout code	2026-02-11T08:03:52.4438572Z  * [new tag]             0.3.3                   -> 0.3.3
end-workflow	Checkout code	2026-02-11T08:03:52.4440209Z  * [new tag]             0.3.4                   -> 0.3.4
end-workflow	Checkout code	2026-02-11T08:03:52.4441486Z  * [new tag]             0.3.5                   -> 0.3.5
end-workflow	Checkout code	2026-02-11T08:03:52.4442311Z  * [new tag]             0.3.6                   -> 0.3.6
end-workflow	Checkout code	2026-02-11T08:03:52.4443110Z  * [new tag]             0.3.7                   -> 0.3.7
end-workflow	Checkout code	2026-02-11T08:03:52.4444222Z  * [new tag]             0.3.8                   -> 0.3.8
end-workflow	Checkout code	2026-02-11T08:03:52.4445075Z  * [new tag]             0.3.9                   -> 0.3.9
end-workflow	Checkout code	2026-02-11T08:03:52.4445988Z  * [new tag]             0.4.0                   -> 0.4.0
end-workflow	Checkout code	2026-02-11T08:03:52.4446899Z  * [new tag]             0.4.1                   -> 0.4.1
end-workflow	Checkout code	2026-02-11T08:03:52.5050723Z  * [new tag]             0.4.2                   -> 0.4.2
end-workflow	Checkout code	2026-02-11T08:03:52.5051913Z  * [new tag]             0.4.3                   -> 0.4.3
end-workflow	Checkout code	2026-02-11T08:03:52.5052752Z  * [new tag]             0.4.4                   -> 0.4.4
end-workflow	Checkout code	2026-02-11T08:03:52.5053590Z  * [new tag]             0.4.5                   -> 0.4.5
end-workflow	Checkout code	2026-02-11T08:03:52.5054420Z  * [new tag]             0.4.6                   -> 0.4.6
end-workflow	Checkout code	2026-02-11T08:03:52.5055257Z  * [new tag]             0.4.7                   -> 0.4.7
end-workflow	Checkout code	2026-02-11T08:03:52.5056086Z  * [new tag]             0.4.8                   -> 0.4.8
end-workflow	Checkout code	2026-02-11T08:03:52.5056900Z  * [new tag]             0.4.9                   -> 0.4.9
end-workflow	Checkout code	2026-02-11T08:03:52.5057730Z  * [new tag]             0.5.0                   -> 0.5.0
end-workflow	Checkout code	2026-02-11T08:03:52.5060414Z  * [new tag]             0.5.1                   -> 0.5.1
end-workflow	Checkout code	2026-02-11T08:03:52.5061888Z  * [new tag]             0.5.2                   -> 0.5.2
end-workflow	Checkout code	2026-02-11T08:03:52.5062709Z  * [new tag]             0.6.0                   -> 0.6.0
end-workflow	Checkout code	2026-02-11T08:03:52.5063546Z  * [new tag]             0.6.1                   -> 0.6.1
end-workflow	Checkout code	2026-02-11T08:03:52.5075607Z  * [new tag]             0.6.2                   -> 0.6.2
end-workflow	Checkout code	2026-02-11T08:03:52.5350499Z [command]/usr/bin/git branch --list --remote origin/main
end-workflow	Checkout code	2026-02-11T08:03:52.5352375Z   origin/main
end-workflow	Checkout code	2026-02-11T08:03:52.5356292Z [command]/usr/bin/git rev-parse refs/remotes/origin/main
end-workflow	Checkout code	2026-02-11T08:03:52.5357670Z befb2d08adf172d84b297446ba942b197de6a52b
end-workflow	Checkout code	2026-02-11T08:03:52.5376592Z [command]/usr/bin/git -c protocol.version=2 fetch --no-tags --prune --no-recurse-submodules origin +ea4d3ebc13f310e0b5b6d5c0eda740938c10b9d4:refs/remotes/origin/main
end-workflow	Checkout code	2026-02-11T08:03:52.9769398Z From https://github.com/Ka0s-Klaus/ka0s
end-workflow	Checkout code	2026-02-11T08:03:52.9771457Z  + befb2d08a...ea4d3ebc1 ea4d3ebc13f310e0b5b6d5c0eda740938c10b9d4 -> origin/main  (forced update)
end-workflow	Checkout code	2026-02-11T08:03:53.0645600Z ##[endgroup]
end-workflow	Checkout code	2026-02-11T08:03:53.0649981Z ##[group]Determining the checkout info
end-workflow	Checkout code	2026-02-11T08:03:53.0653869Z ##[endgroup]
end-workflow	Checkout code	2026-02-11T08:03:53.0709454Z [command]/usr/bin/git sparse-checkout disable
end-workflow	Checkout code	2026-02-11T08:03:53.0719851Z [command]/usr/bin/git config --local --unset-all extensions.worktreeConfig
end-workflow	Checkout code	2026-02-11T08:03:53.0787570Z ##[group]Checking out the ref
end-workflow	Checkout code	2026-02-11T08:03:53.0801567Z [command]/usr/bin/git checkout --progress --force -B main refs/remotes/origin/main
end-workflow	Checkout code	2026-02-11T08:03:54.2309006Z Updating files:  22% (299/1332)
end-workflow	Checkout code	2026-02-11T08:03:54.3976457Z Updating files:  23% (307/1332)
end-workflow	Checkout code	2026-02-11T08:03:54.4869155Z Updating files:  24% (320/1332)
end-workflow	Checkout code	2026-02-11T08:03:54.6758955Z Updating files:  25% (333/1332)
end-workflow	Checkout code	2026-02-11T08:03:54.8933184Z Updating files:  26% (347/1332)
end-workflow	Checkout code	2026-02-11T08:03:54.9623470Z Updating files:  27% (360/1332)
end-workflow	Checkout code	2026-02-11T08:03:54.9879720Z Updating files:  28% (373/1332)
end-workflow	Checkout code	2026-02-11T08:03:55.0079799Z Updating files:  29% (387/1332)
end-workflow	Checkout code	2026-02-11T08:03:55.0309178Z Updating files:  30% (400/1332)
end-workflow	Checkout code	2026-02-11T08:03:55.0564288Z Updating files:  31% (413/1332)
end-workflow	Checkout code	2026-02-11T08:03:55.1069211Z Updating files:  32% (427/1332)
end-workflow	Checkout code	2026-02-11T08:03:55.1152080Z Updating files:  33% (440/1332)
end-workflow	Checkout code	2026-02-11T08:03:55.1556103Z Updating files:  33% (444/1332)
end-workflow	Checkout code	2026-02-11T08:03:55.2467760Z Updating files:  34% (453/1332)
end-workflow	Checkout code	2026-02-11T08:03:55.2636217Z Updating files:  35% (467/1332)
end-workflow	Checkout code	2026-02-11T08:03:55.2958491Z Updating files:  36% (480/1332)
end-workflow	Checkout code	2026-02-11T08:03:55.3539159Z Updating files:  37% (493/1332)
end-workflow	Checkout code	2026-02-11T08:03:55.8342122Z Updating files:  38% (507/1332)
end-workflow	Checkout code	2026-02-11T08:03:56.1241345Z Updating files:  39% (520/1332)
end-workflow	Checkout code	2026-02-11T08:03:56.1586688Z Updating files:  39% (529/1332)
end-workflow	Checkout code	2026-02-11T08:03:56.4831222Z Updating files:  40% (533/1332)
end-workflow	Checkout code	2026-02-11T08:03:57.1729289Z Updating files:  41% (547/1332)
end-workflow	Checkout code	2026-02-11T08:03:57.6098986Z Updating files:  41% (554/1332)
end-workflow	Checkout code	2026-02-11T08:03:57.6173863Z Updating files:  42% (560/1332)
end-workflow	Checkout code	2026-02-11T08:03:57.6268902Z Updating files:  43% (573/1332)
end-workflow	Checkout code	2026-02-11T08:03:57.6302164Z Updating files:  44% (587/1332)
end-workflow	Checkout code	2026-02-11T08:03:57.6369998Z Updating files:  45% (600/1332)
end-workflow	Checkout code	2026-02-11T08:03:57.6441333Z Updating files:  46% (613/1332)
end-workflow	Checkout code	2026-02-11T08:03:57.6552551Z Updating files:  47% (627/1332)
end-workflow	Checkout code	2026-02-11T08:03:57.6746258Z Updating files:  48% (640/1332)
end-workflow	Checkout code	2026-02-11T08:03:57.6929182Z Updating files:  49% (653/1332)
end-workflow	Checkout code	2026-02-11T08:03:57.7009592Z Updating files:  50% (666/1332)
end-workflow	Checkout code	2026-02-11T08:03:57.7170146Z Updating files:  51% (680/1332)
end-workflow	Checkout code	2026-02-11T08:03:57.7469342Z Updating files:  52% (693/1332)
end-workflow	Checkout code	2026-02-11T08:03:57.7523271Z Updating files:  53% (706/1332)
end-workflow	Checkout code	2026-02-11T08:03:57.7813406Z Updating files:  54% (720/1332)
end-workflow	Checkout code	2026-02-11T08:03:57.8097190Z Updating files:  55% (733/1332)
end-workflow	Checkout code	2026-02-11T08:03:58.1549144Z Updating files:  56% (746/1332)
end-workflow	Checkout code	2026-02-11T08:03:58.1698969Z Updating files:  56% (758/1332)
end-workflow	Checkout code	2026-02-11T08:03:58.1969320Z Updating files:  57% (760/1332)
end-workflow	Checkout code	2026-02-11T08:03:58.2382826Z Updating files:  58% (773/1332)
end-workflow	Checkout code	2026-02-11T08:03:58.3176531Z Updating files:  59% (786/1332)
end-workflow	Checkout code	2026-02-11T08:03:58.3271621Z Updating files:  60% (800/1332)
end-workflow	Checkout code	2026-02-11T08:03:58.3459230Z Updating files:  61% (813/1332)
end-workflow	Checkout code	2026-02-11T08:03:58.3773329Z Updating files:  62% (826/1332)
end-workflow	Checkout code	2026-02-11T08:03:59.8938610Z Updating files:  63% (840/1332)
end-workflow	Checkout code	2026-02-11T08:03:59.8968699Z Updating files:  63% (848/1332)
end-workflow	Checkout code	2026-02-11T08:03:59.9251761Z Updating files:  64% (853/1332)
end-workflow	Checkout code	2026-02-11T08:04:00.1131993Z Updating files:  65% (866/1332)
end-workflow	Checkout code	2026-02-11T08:04:00.1242125Z Updating files:  65% (876/1332)
end-workflow	Checkout code	2026-02-11T08:04:00.1598802Z Updating files:  66% (880/1332)
end-workflow	Checkout code	2026-02-11T08:04:00.1830408Z Updating files:  67% (893/1332)
end-workflow	Checkout code	2026-02-11T08:04:00.2475329Z Updating files:  68% (906/1332)
end-workflow	Checkout code	2026-02-11T08:04:00.2735241Z Updating files:  69% (920/1332)
end-workflow	Checkout code	2026-02-11T08:04:00.4431111Z Updating files:  70% (933/1332)
end-workflow	Checkout code	2026-02-11T08:04:00.4689786Z Updating files:  71% (946/1332)
end-workflow	Checkout code	2026-02-11T08:04:00.4893632Z Updating files:  72% (960/1332)
end-workflow	Checkout code	2026-02-11T08:04:00.6849337Z Updating files:  73% (973/1332)
end-workflow	Checkout code	2026-02-11T08:04:02.0889017Z Updating files:  74% (986/1332)
end-workflow	Checkout code	2026-02-11T08:04:02.1050014Z Updating files:  74% (987/1332)
end-workflow	Checkout code	2026-02-11T08:04:02.1208768Z Updating files:  75% (999/1332)
end-workflow	Checkout code	2026-02-11T08:04:02.1721418Z Updating files:  75% (1000/1332)
end-workflow	Checkout code	2026-02-11T08:04:02.1722616Z Updating files:  76% (1013/1332)
end-workflow	Checkout code	2026-02-11T08:04:02.1880990Z Updating files:  77% (1026/1332)
end-workflow	Checkout code	2026-02-11T08:04:02.2185789Z Updating files:  78% (1039/1332)
end-workflow	Checkout code	2026-02-11T08:04:02.2441316Z Updating files:  79% (1053/1332)
end-workflow	Checkout code	2026-02-11T08:04:02.2614785Z Updating files:  80% (1066/1332)
end-workflow	Checkout code	2026-02-11T08:04:02.3025504Z Updating files:  81% (1079/1332)
end-workflow	Checkout code	2026-02-11T08:04:03.0192911Z Updating files:  82% (1093/1332)
end-workflow	Checkout code	2026-02-11T08:04:03.1189495Z Updating files:  83% (1106/1332)
end-workflow	Checkout code	2026-02-11T08:04:03.3039750Z Updating files:  83% (1112/1332)
end-workflow	Checkout code	2026-02-11T08:04:04.1058729Z Updating files:  84% (1119/1332)
end-workflow	Checkout code	2026-02-11T08:04:04.3522649Z Updating files:  84% (1127/1332)
end-workflow	Checkout code	2026-02-11T08:04:05.0273295Z Updating files:  85% (1133/1332)
end-workflow	Checkout code	2026-02-11T08:04:05.2509539Z Updating files:  86% (1146/1332)
end-workflow	Checkout code	2026-02-11T08:04:06.3409138Z Updating files:  86% (1149/1332)
end-workflow	Checkout code	2026-02-11T08:04:07.1242725Z Updating files:  87% (1159/1332)
end-workflow	Checkout code	2026-02-11T08:04:07.2754062Z Updating files:  87% (1169/1332)
end-workflow	Checkout code	2026-02-11T08:04:08.2065792Z Updating files:  88% (1173/1332)
end-workflow	Checkout code	2026-02-11T08:04:08.9737507Z Updating files:  88% (1180/1332)
end-workflow	Checkout code	2026-02-11T08:04:09.1918689Z Updating files:  89% (1186/1332)
end-workflow	Checkout code	2026-02-11T08:04:10.1250239Z Updating files:  89% (1188/1332)
end-workflow	Checkout code	2026-02-11T08:04:10.7502700Z Updating files:  89% (1196/1332)
end-workflow	Checkout code	2026-02-11T08:04:12.4424976Z Updating files:  90% (1199/1332)
end-workflow	Checkout code	2026-02-11T08:04:13.1858748Z Updating files:  90% (1200/1332)
end-workflow	Checkout code	2026-02-11T08:04:13.6057178Z Updating files:  90% (1205/1332)
end-workflow	Checkout code	2026-02-11T08:04:13.6058120Z Updating files:  91% (1213/1332)
end-workflow	Checkout code	2026-02-11T08:04:13.6062331Z Updating files:  92% (1226/1332)
end-workflow	Checkout code	2026-02-11T08:04:13.6300346Z Updating files:  93% (1239/1332)
end-workflow	Checkout code	2026-02-11T08:04:13.6302223Z Updating files:  94% (1253/1332)
end-workflow	Checkout code	2026-02-11T08:04:13.6303567Z Updating files:  95% (1266/1332)
end-workflow	Checkout code	2026-02-11T08:04:13.6305724Z Updating files:  96% (1279/1332)
end-workflow	Checkout code	2026-02-11T08:04:13.6333840Z Updating files:  97% (1293/1332)
end-workflow	Checkout code	2026-02-11T08:04:13.6816230Z Updating files:  98% (1306/1332)
end-workflow	Checkout code	2026-02-11T08:04:13.6849754Z Updating files:  99% (1319/1332)
end-workflow	Checkout code	2026-02-11T08:04:13.6870173Z Updating files: 100% (1332/1332)
end-workflow	Checkout code	2026-02-11T08:04:13.6947070Z Updating files: 100% (1332/1332), done.
end-workflow	Checkout code	2026-02-11T08:04:13.6948375Z Switched to a new branch 'main'
end-workflow	Checkout code	2026-02-11T08:04:13.7191194Z branch 'main' set up to track 'origin/main'.
end-workflow	Checkout code	2026-02-11T08:04:13.9144140Z ##[endgroup]
end-workflow	Checkout code	2026-02-11T08:04:13.9999052Z [command]/usr/bin/git log -1 --format=%H
end-workflow	Checkout code	2026-02-11T08:04:14.0349319Z ea4d3ebc13f310e0b5b6d5c0eda740938c10b9d4
end-workflow	Install GH CLI	ï»¿2026-02-11T08:04:14.2783955Z Prepare all required actions
end-workflow	Install GH CLI	2026-02-11T08:04:14.3446650Z ##[group]Run ./.github/actions/install-gh-cli
end-workflow	Install GH CLI	2026-02-11T08:04:14.3447428Z env:
end-workflow	Install GH CLI	2026-02-11T08:04:14.3448037Z   KAOS_MODULE: [Ka0S] Audit Pods
end-workflow	Install GH CLI	2026-02-11T08:04:14.3448687Z   KAOS_CODE: 21896936930
end-workflow	Install GH CLI	2026-02-11T08:04:14.3449946Z   GH_TOKEN: ***
end-workflow	Install GH CLI	2026-02-11T08:04:14.3450452Z ##[endgroup]
end-workflow	Install GH CLI	2026-02-11T08:04:14.5712063Z ##[group]Run type -p curl >/dev/null || (sudo apt-get update && sudo apt-get install curl -y)
end-workflow	Install GH CLI	2026-02-11T08:04:14.5714459Z [36;1mtype -p curl >/dev/null || (sudo apt-get update && sudo apt-get install curl -y)[0m
end-workflow	Install GH CLI	2026-02-11T08:04:14.5716822Z [36;1mcurl -fsSL https://cli.github.com/packages/githubcli-archive-keyring.gpg | sudo dd of=/usr/share/keyrings/githubcli-archive-keyring.gpg \[0m
end-workflow	Install GH CLI	2026-02-11T08:04:14.5749300Z [36;1m&& sudo chmod go+r /usr/share/keyrings/githubcli-archive-keyring.gpg \[0m
end-workflow	Install GH CLI	2026-02-11T08:04:14.5752181Z [36;1m&& echo "deb [arch=$(dpkg --print-architecture) signed-by=/usr/share/keyrings/githubcli-archive-keyring.gpg] https://cli.github.com/packages stable main" | sudo tee /etc/apt/sources.list.d/github-cli.list > /dev/null \[0m
end-workflow	Install GH CLI	2026-02-11T08:04:14.5755042Z [36;1m&& sudo apt-get update \[0m
end-workflow	Install GH CLI	2026-02-11T08:04:14.5755739Z [36;1m&& sudo apt-get install gh -y[0m
end-workflow	Install GH CLI	2026-02-11T08:04:14.6101274Z shell: /usr/bin/bash --noprofile --norc -e -o pipefail {0}
end-workflow	Install GH CLI	2026-02-11T08:04:14.6102196Z env:
end-workflow	Install GH CLI	2026-02-11T08:04:14.6102708Z   KAOS_MODULE: [Ka0S] Audit Pods
end-workflow	Install GH CLI	2026-02-11T08:04:14.6103341Z   KAOS_CODE: 21896936930
end-workflow	Install GH CLI	2026-02-11T08:04:14.6104258Z   GH_TOKEN: ***
end-workflow	Install GH CLI	2026-02-11T08:04:14.6104737Z ##[endgroup]
end-workflow	Install GH CLI	2026-02-11T08:04:16.3933072Z 4+1 records in
end-workflow	Install GH CLI	2026-02-11T08:04:16.3935524Z 4+1 records out
end-workflow	Install GH CLI	2026-02-11T08:04:16.3936163Z 2270 bytes (2.3 kB, 2.2 KiB) copied, 1.3863 s, 1.6 kB/s
end-workflow	Install GH CLI	2026-02-11T08:04:18.0779689Z Get:1 http://security.ubuntu.com/ubuntu noble-security InRelease [126 kB]
end-workflow	Install GH CLI	2026-02-11T08:04:18.0929754Z Get:2 http://archive.ubuntu.com/ubuntu noble InRelease [256 kB]
end-workflow	Install GH CLI	2026-02-11T08:04:18.6455469Z Get:3 https://ppa.launchpadcontent.net/git-core/ppa/ubuntu noble InRelease [24.3 kB]
end-workflow	Install GH CLI	2026-02-11T08:04:18.6457572Z Get:4 https://cli.github.com/packages stable InRelease [3917 B]
end-workflow	Install GH CLI	2026-02-11T08:04:18.6851375Z Get:5 http://archive.ubuntu.com/ubuntu noble-updates InRelease [126 kB]
end-workflow	Install GH CLI	2026-02-11T08:04:18.9411564Z Get:6 http://archive.ubuntu.com/ubuntu noble-backports InRelease [126 kB]
end-workflow	Install GH CLI	2026-02-11T08:04:20.4441155Z Get:7 http://security.ubuntu.com/ubuntu noble-security/multiverse amd64 Packages [34.8 kB]
end-workflow	Install GH CLI	2026-02-11T08:04:20.7766233Z Get:8 http://security.ubuntu.com/ubuntu noble-security/universe amd64 Packages [1199 kB]
end-workflow	Install GH CLI	2026-02-11T08:04:21.2414352Z Get:9 http://security.ubuntu.com/ubuntu noble-security/restricted amd64 Packages [3106 kB]
end-workflow	Install GH CLI	2026-02-11T08:04:21.5973903Z Get:10 http://security.ubuntu.com/ubuntu noble-security/main amd64 Packages [1822 kB]
end-workflow	Install GH CLI	2026-02-11T08:04:23.4220222Z Get:11 http://archive.ubuntu.com/ubuntu noble/multiverse amd64 Packages [331 kB]
end-workflow	Install GH CLI	2026-02-11T08:04:23.6394515Z Get:12 http://archive.ubuntu.com/ubuntu noble/restricted amd64 Packages [117 kB]
end-workflow	Install GH CLI	2026-02-11T08:04:23.6599676Z Get:13 http://archive.ubuntu.com/ubuntu noble/universe amd64 Packages [19.3 MB]
end-workflow	Install GH CLI	2026-02-11T08:04:25.8492041Z Get:14 https://ppa.launchpadcontent.net/git-core/ppa/ubuntu noble/main amd64 Packages [2994 B]
end-workflow	Install GH CLI	2026-02-11T08:04:28.6280624Z Get:15 https://cli.github.com/packages stable/main amd64 Packages [356 B]
end-workflow	Install GH CLI	2026-02-11T08:04:31.8535242Z Get:16 http://archive.ubuntu.com/ubuntu noble/main amd64 Packages [1808 kB]
end-workflow	Install GH CLI	2026-02-11T08:04:32.6710022Z Get:17 http://archive.ubuntu.com/ubuntu noble-updates/multiverse amd64 Packages [38.1 kB]
end-workflow	Install GH CLI	2026-02-11T08:04:32.8230389Z Get:18 http://archive.ubuntu.com/ubuntu noble-updates/main amd64 Packages [2201 kB]
end-workflow	Install GH CLI	2026-02-11T08:04:33.3404564Z Get:19 http://archive.ubuntu.com/ubuntu noble-updates/universe amd64 Packages [1978 kB]
end-workflow	Install GH CLI	2026-02-11T08:04:34.1710569Z Get:20 http://archive.ubuntu.com/ubuntu noble-updates/restricted amd64 Packages [3287 kB]
end-workflow	Install GH CLI	2026-02-11T08:04:34.9432033Z Get:21 http://archive.ubuntu.com/ubuntu noble-backports/universe amd64 Packages [34.6 kB]
end-workflow	Install GH CLI	2026-02-11T08:04:34.9438758Z Get:22 http://archive.ubuntu.com/ubuntu noble-backports/main amd64 Packages [49.5 kB]
end-workflow	Install GH CLI	2026-02-11T08:04:51.2286980Z Fetched 36.0 MB in 33s (1097 kB/s)
end-workflow	Install GH CLI	2026-02-11T08:05:01.7612829Z Reading package lists...
end-workflow	Install GH CLI	2026-02-11T08:05:10.6181827Z Reading package lists...
end-workflow	Install GH CLI	2026-02-11T08:05:12.1229991Z Building dependency tree...
end-workflow	Install GH CLI	2026-02-11T08:05:12.1231657Z Reading state information...
end-workflow	Install GH CLI	2026-02-11T08:05:13.6472690Z The following NEW packages will be installed:
end-workflow	Install GH CLI	2026-02-11T08:05:13.6516590Z   gh
end-workflow	Install GH CLI	2026-02-11T08:05:13.9146879Z 0 upgraded, 1 newly installed, 0 to remove and 18 not upgraded.
end-workflow	Install GH CLI	2026-02-11T08:05:13.9150086Z Need to get 13.7 MB of archives.
end-workflow	Install GH CLI	2026-02-11T08:05:13.9151112Z After this operation, 37.9 MB of additional disk space will be used.
end-workflow	Install GH CLI	2026-02-11T08:05:13.9152547Z Get:1 https://cli.github.com/packages stable/main amd64 gh amd64 2.86.0 [13.7 MB]
end-workflow	Install GH CLI	2026-02-11T08:05:15.3909617Z debconf: delaying package configuration, since apt-utils is not installed
end-workflow	Install GH CLI	2026-02-11T08:05:15.8606698Z Fetched 13.7 MB in 1s (14.2 MB/s)
end-workflow	Install GH CLI	2026-02-11T08:05:16.1842295Z Selecting previously unselected package gh.
end-workflow	Install GH CLI	2026-02-11T08:05:16.2039232Z (Reading database ... 
end-workflow	Install GH CLI	2026-02-11T08:05:16.2047352Z (Reading database ... 5%
end-workflow	Install GH CLI	2026-02-11T08:05:16.2080881Z (Reading database ... 10%
end-workflow	Install GH CLI	2026-02-11T08:05:16.2087096Z (Reading database ... 15%
end-workflow	Install GH CLI	2026-02-11T08:05:16.2093290Z (Reading database ... 20%
end-workflow	Install GH CLI	2026-02-11T08:05:16.2101323Z (Reading database ... 25%
end-workflow	Install GH CLI	2026-02-11T08:05:16.2106275Z (Reading database ... 30%
end-workflow	Install GH CLI	2026-02-11T08:05:16.2119593Z (Reading database ... 35%
end-workflow	Install GH CLI	2026-02-11T08:05:16.2130390Z (Reading database ... 40%
end-workflow	Install GH CLI	2026-02-11T08:05:16.2151573Z (Reading database ... 45%
end-workflow	Install GH CLI	2026-02-11T08:05:16.2152212Z (Reading database ... 50%
end-workflow	Install GH CLI	2026-02-11T08:05:16.2152792Z (Reading database ... 55%
end-workflow	Install GH CLI	2026-02-11T08:05:16.2153357Z (Reading database ... 60%
end-workflow	Install GH CLI	2026-02-11T08:05:16.2711654Z (Reading database ... 65%
end-workflow	Install GH CLI	2026-02-11T08:05:16.2871965Z (Reading database ... 70%
end-workflow	Install GH CLI	2026-02-11T08:05:16.3120707Z (Reading database ... 75%
end-workflow	Install GH CLI	2026-02-11T08:05:16.3229673Z (Reading database ... 80%
end-workflow	Install GH CLI	2026-02-11T08:05:16.3232059Z (Reading database ... 85%
end-workflow	Install GH CLI	2026-02-11T08:05:16.3289297Z (Reading database ... 90%
end-workflow	Install GH CLI	2026-02-11T08:05:16.4039361Z (Reading database ... 95%
end-workflow	Install GH CLI	2026-02-11T08:05:16.4040480Z (Reading database ... 100%
end-workflow	Install GH CLI	2026-02-11T08:05:16.4042199Z (Reading database ... 14385 files and directories currently installed.)
end-workflow	Install GH CLI	2026-02-11T08:05:16.4075337Z Preparing to unpack .../archives/gh_2.86.0_amd64.deb ...
end-workflow	Install GH CLI	2026-02-11T08:05:16.4275853Z Unpacking gh (2.86.0) ...
end-workflow	Install GH CLI	2026-02-11T08:05:20.0151465Z Setting up gh (2.86.0) ...
end-workflow	Finaliza el workflow	ï»¿2026-02-11T08:05:20.3908727Z ##[group]Run echo "End process"
end-workflow	Finaliza el workflow	2026-02-11T08:05:20.3909806Z [36;1mecho "End process"[0m
end-workflow	Finaliza el workflow	2026-02-11T08:05:20.3910991Z [36;1mgh workflow run inspector.yml --ref refs/heads/main -f kaos-workflow-id="21896936930"[0m
end-workflow	Finaliza el workflow	2026-02-11T08:05:20.4463146Z shell: /usr/bin/bash -e {0}
end-workflow	Finaliza el workflow	2026-02-11T08:05:20.4464025Z env:
end-workflow	Finaliza el workflow	2026-02-11T08:05:20.4464603Z   KAOS_MODULE: [Ka0S] Audit Pods
end-workflow	Finaliza el workflow	2026-02-11T08:05:20.4465273Z   KAOS_CODE: 21896936930
end-workflow	Finaliza el workflow	2026-02-11T08:05:20.4466589Z   GH_TOKEN: ***
end-workflow	Finaliza el workflow	2026-02-11T08:05:20.4467255Z ##[endgroup]
end-workflow	Finaliza el workflow	2026-02-11T08:05:20.7353267Z End process
end-workflow	Post Checkout code	ï»¿2026-02-11T08:05:24.3284355Z Post job cleanup.
end-workflow	Post Checkout code	2026-02-11T08:05:26.9700915Z [command]/usr/bin/git version
end-workflow	Post Checkout code	2026-02-11T08:05:27.0311168Z git version 2.52.0
end-workflow	Post Checkout code	2026-02-11T08:05:27.0979443Z Temporarily overriding HOME='/home/runner/_work/_temp/f9f3b72e-5128-4223-acfe-aaeba6673ca8' before making global git config changes
end-workflow	Post Checkout code	2026-02-11T08:05:27.0987742Z Adding repository directory to the temporary git global config as a safe directory
end-workflow	Post Checkout code	2026-02-11T08:05:27.1059510Z [command]/usr/bin/git config --global --add safe.directory /home/runner/_work/ka0s/ka0s
end-workflow	Post Checkout code	2026-02-11T08:05:27.5463162Z [command]/usr/bin/git config --local --name-only --get-regexp core\.sshCommand
end-workflow	Post Checkout code	2026-02-11T08:05:27.6425199Z [command]/usr/bin/git submodule foreach --recursive sh -c "git config --local --name-only --get-regexp 'core\.sshCommand' && git config --local --unset-all 'core.sshCommand' || :"
end-workflow	Post Checkout code	2026-02-11T08:05:28.0831185Z [command]/usr/bin/git config --local --name-only --get-regexp http\.https\:\/\/github\.com\/\.extraheader
end-workflow	Post Checkout code	2026-02-11T08:05:28.1152703Z http.https://github.com/.extraheader
end-workflow	Post Checkout code	2026-02-11T08:05:28.1342647Z [command]/usr/bin/git config --local --unset-all http.https://github.com/.extraheader
end-workflow	Post Checkout code	2026-02-11T08:05:28.1896352Z [command]/usr/bin/git submodule foreach --recursive sh -c "git config --local --name-only --get-regexp 'http\.https\:\/\/github\.com\/\.extraheader' && git config --local --unset-all 'http.https://github.com/.extraheader' || :"
end-workflow	Post Checkout code	2026-02-11T08:05:28.6653812Z [command]/usr/bin/git config --local --name-only --get-regexp ^includeIf\.gitdir:
end-workflow	Post Checkout code	2026-02-11T08:05:28.7880950Z [command]/usr/bin/git submodule foreach --recursive git config --local --show-origin --name-only --get-regexp remote.origin.url
end-workflow	Complete job	ï»¿2026-02-11T08:05:29.3871081Z Cleaning up orphan processes
