job-core	Set up job	﻿2026-02-11T16:27:13.2881004Z Current runner version: '2.331.0'
job-core	Set up job	2026-02-11T16:27:13.3710986Z Runner name: 'swarm-runners-scaleset-hkss5-runner-x9v8j'
job-core	Set up job	2026-02-11T16:27:13.3772049Z Runner group name: 'Default'
job-core	Set up job	2026-02-11T16:27:13.3775023Z Machine name: 'swarm-runners-scaleset-hkss5-runner-x9v8j'
job-core	Set up job	2026-02-11T16:27:13.3951020Z ##[group]GITHUB_TOKEN Permissions
job-core	Set up job	2026-02-11T16:27:13.3956578Z Actions: write
job-core	Set up job	2026-02-11T16:27:13.3958119Z Contents: write
job-core	Set up job	2026-02-11T16:27:13.3959529Z Issues: write
job-core	Set up job	2026-02-11T16:27:13.3960743Z Metadata: read
job-core	Set up job	2026-02-11T16:27:13.3962036Z PullRequests: write
job-core	Set up job	2026-02-11T16:27:13.3963382Z ##[endgroup]
job-core	Set up job	2026-02-11T16:27:13.4050913Z Secret source: Actions
job-core	Set up job	2026-02-11T16:27:13.4053231Z Prepare workflow directory
job-core	Set up job	2026-02-11T16:27:17.9733948Z Prepare all required actions
job-core	Set up job	2026-02-11T16:27:18.3816253Z Getting action download info
job-core	Set up job	2026-02-11T16:27:27.8337139Z Download action repository 'actions/checkout@v4' (SHA:34e114876b0b11c390a56381ad16ebd13914f8d5)
job-core	Set up job	2026-02-11T16:27:31.3602520Z Download action repository 'actions/setup-python@v5' (SHA:a26af69be951a213d495a4c3e4e4022e16d87065)
job-core	Set up job	2026-02-11T16:27:35.4067102Z Download action repository 'actions/setup-node@v4' (SHA:49933ea5288caeca8642d1e84afbd3f7d6820020)
job-core	Set up job	2026-02-11T16:27:43.5418968Z Complete job name: job-core
job-core	Checkout code	﻿2026-02-11T16:27:47.0264433Z ##[group]Run actions/checkout@v4
job-core	Checkout code	2026-02-11T16:27:47.0316832Z with:
job-core	Checkout code	2026-02-11T16:27:47.0319211Z   fetch-depth: 0
job-core	Checkout code	2026-02-11T16:27:47.0343091Z   repository: Ka0s-Klaus/ka0s
job-core	Checkout code	2026-02-11T16:27:47.0346869Z   token: ***
job-core	Checkout code	2026-02-11T16:27:47.0406150Z   ssh-strict: true
job-core	Checkout code	2026-02-11T16:27:47.0452703Z   ssh-user: git
job-core	Checkout code	2026-02-11T16:27:47.0460778Z   persist-credentials: true
job-core	Checkout code	2026-02-11T16:27:47.0531069Z   clean: true
job-core	Checkout code	2026-02-11T16:27:47.0533461Z   sparse-checkout-cone-mode: true
job-core	Checkout code	2026-02-11T16:27:47.0641811Z   fetch-tags: false
job-core	Checkout code	2026-02-11T16:27:47.0644318Z   show-progress: true
job-core	Checkout code	2026-02-11T16:27:47.0646486Z   lfs: false
job-core	Checkout code	2026-02-11T16:27:47.0912950Z   submodules: false
job-core	Checkout code	2026-02-11T16:27:47.0922604Z   set-safe-directory: true
job-core	Checkout code	2026-02-11T16:27:47.0927253Z env:
job-core	Checkout code	2026-02-11T16:27:47.1019219Z   KAOS_MODULE: [Ka0S] YAMLLINT
job-core	Checkout code	2026-02-11T16:27:47.1022673Z   GH_TOKEN: ***
job-core	Checkout code	2026-02-11T16:27:47.1025544Z   KAOS_YAMLLINT_CONFIG: core/config/kaos-yamllint-config.yaml
job-core	Checkout code	2026-02-11T16:27:47.1180503Z   KAOS_PRETTIER_CONFIG: compliance/yaml/.prettierrc.json
job-core	Checkout code	2026-02-11T16:27:47.1203726Z   KAOS_PATH_RESUME: audit/yamllint/
job-core	Checkout code	2026-02-11T16:27:47.1206850Z   KAOS_REPO: /actions-runner/_work/kaos/kaos
job-core	Checkout code	2026-02-11T16:27:47.1374468Z   KAOS_STEP_MODULE: 
job-core	Checkout code	2026-02-11T16:27:47.1384797Z   KAOS_CODE: 21913450107
job-core	Checkout code	2026-02-11T16:27:47.1429431Z   KAOS_REF_BRANCH: main
job-core	Checkout code	2026-02-11T16:27:47.1569637Z ##[endgroup]
job-core	Checkout code	2026-02-11T16:27:50.2442908Z Syncing repository: Ka0s-Klaus/ka0s
job-core	Checkout code	2026-02-11T16:27:50.2464939Z ##[group]Getting Git version info
job-core	Checkout code	2026-02-11T16:27:50.2467356Z Working directory is '/home/runner/_work/ka0s/ka0s'
job-core	Checkout code	2026-02-11T16:27:50.5269764Z [command]/usr/bin/git version
job-core	Checkout code	2026-02-11T16:27:50.9305193Z git version 2.52.0
job-core	Checkout code	2026-02-11T16:27:51.2078241Z ##[endgroup]
job-core	Checkout code	2026-02-11T16:27:51.2692149Z Temporarily overriding HOME='/home/runner/_work/_temp/f3a534d6-1b51-4b61-96f4-13cd5b4fff4b' before making global git config changes
job-core	Checkout code	2026-02-11T16:27:51.2961501Z Adding repository directory to the temporary git global config as a safe directory
job-core	Checkout code	2026-02-11T16:27:51.3573033Z [command]/usr/bin/git config --global --add safe.directory /home/runner/_work/ka0s/ka0s
job-core	Checkout code	2026-02-11T16:27:51.6115622Z Deleting the contents of '/home/runner/_work/ka0s/ka0s'
job-core	Checkout code	2026-02-11T16:27:51.6955915Z ##[group]Initializing the repository
job-core	Checkout code	2026-02-11T16:27:52.0444602Z [command]/usr/bin/git init /home/runner/_work/ka0s/ka0s
job-core	Checkout code	2026-02-11T16:27:52.6178131Z hint: Using 'master' as the name for the initial branch. This default branch name
job-core	Checkout code	2026-02-11T16:27:52.6272265Z hint: will change to "main" in Git 3.0. To configure the initial branch name
job-core	Checkout code	2026-02-11T16:27:52.6276362Z hint: to use in all of your new repositories, which will suppress this warning,
job-core	Checkout code	2026-02-11T16:27:52.6279826Z hint: call:
job-core	Checkout code	2026-02-11T16:27:52.6280903Z hint:
job-core	Checkout code	2026-02-11T16:27:52.6282446Z hint: 	git config --global init.defaultBranch <name>
job-core	Checkout code	2026-02-11T16:27:52.6459379Z hint:
job-core	Checkout code	2026-02-11T16:27:52.6462315Z hint: Names commonly chosen instead of 'master' are 'main', 'trunk' and
job-core	Checkout code	2026-02-11T16:27:52.6466894Z hint: 'development'. The just-created branch can be renamed via this command:
job-core	Checkout code	2026-02-11T16:27:52.6627488Z hint:
job-core	Checkout code	2026-02-11T16:27:52.6629881Z hint: 	git branch -m <name>
job-core	Checkout code	2026-02-11T16:27:52.6631475Z hint:
job-core	Checkout code	2026-02-11T16:27:52.6634111Z hint: Disable this message with "git config set advice.defaultBranchName false"
job-core	Checkout code	2026-02-11T16:27:52.6889661Z Initialized empty Git repository in /home/runner/_work/ka0s/ka0s/.git/
job-core	Checkout code	2026-02-11T16:27:52.7055271Z [command]/usr/bin/git remote add origin https://github.com/Ka0s-Klaus/ka0s
job-core	Checkout code	2026-02-11T16:27:52.9851680Z ##[endgroup]
job-core	Checkout code	2026-02-11T16:27:52.9854408Z ##[group]Disabling automatic garbage collection
job-core	Checkout code	2026-02-11T16:27:53.0618896Z [command]/usr/bin/git config --local gc.auto 0
job-core	Checkout code	2026-02-11T16:27:53.3750362Z ##[endgroup]
job-core	Checkout code	2026-02-11T16:27:53.3752028Z ##[group]Setting up auth
job-core	Checkout code	2026-02-11T16:27:53.3753630Z [command]/usr/bin/git config --local --name-only --get-regexp core\.sshCommand
job-core	Checkout code	2026-02-11T16:27:53.4172347Z [command]/usr/bin/git submodule foreach --recursive sh -c "git config --local --name-only --get-regexp 'core\.sshCommand' && git config --local --unset-all 'core.sshCommand' || :"
job-core	Checkout code	2026-02-11T16:27:55.1844254Z [command]/usr/bin/git config --local --name-only --get-regexp http\.https\:\/\/github\.com\/\.extraheader
job-core	Checkout code	2026-02-11T16:27:55.4875644Z [command]/usr/bin/git submodule foreach --recursive sh -c "git config --local --name-only --get-regexp 'http\.https\:\/\/github\.com\/\.extraheader' && git config --local --unset-all 'http.https://github.com/.extraheader' || :"
job-core	Checkout code	2026-02-11T16:27:57.5682476Z [command]/usr/bin/git config --local --name-only --get-regexp ^includeIf\.gitdir:
job-core	Checkout code	2026-02-11T16:27:57.8447540Z [command]/usr/bin/git submodule foreach --recursive git config --local --show-origin --name-only --get-regexp remote.origin.url
job-core	Checkout code	2026-02-11T16:27:59.3963027Z [command]/usr/bin/git config --local http.https://github.com/.extraheader AUTHORIZATION: basic ***
job-core	Checkout code	2026-02-11T16:27:59.5964638Z ##[endgroup]
job-core	Checkout code	2026-02-11T16:27:59.5965717Z ##[group]Fetching the repository
job-core	Checkout code	2026-02-11T16:27:59.6350032Z [command]/usr/bin/git -c protocol.version=2 fetch --prune --no-recurse-submodules origin +refs/heads/*:refs/remotes/origin/* +refs/tags/*:refs/tags/*
job-core	Checkout code	2026-02-11T16:38:50.7230047Z From https://github.com/Ka0s-Klaus/ka0s
job-core	Checkout code	2026-02-11T16:38:50.7240096Z  * [new branch]          F1224-new-module-mongodb -> origin/F1224-new-module-mongodb
job-core	Checkout code	2026-02-11T16:38:50.7271137Z  * [new branch]          F220-web-de-resultados  -> origin/F220-web-de-resultados
job-core	Checkout code	2026-02-11T16:38:50.7279471Z  * [new branch]          F227-despliegue-de-kube-independiente-del-clouder -> origin/F227-despliegue-de-kube-independiente-del-clouder
job-core	Checkout code	2026-02-11T16:38:50.7289779Z  * [new branch]          F329-documentacion-metodologia-de-kaos -> origin/F329-documentacion-metodologia-de-kaos
job-core	Checkout code	2026-02-11T16:38:50.7295914Z  * [new branch]          F3450-modelo-operativo  -> origin/F3450-modelo-operativo
job-core	Checkout code	2026-02-11T16:38:50.7310941Z  * [new branch]          H1139-como-instalar-arc-control -> origin/H1139-como-instalar-arc-control
job-core	Checkout code	2026-02-11T16:38:50.7319356Z  * [new branch]          H1150-desarrollo-de-secciones -> origin/H1150-desarrollo-de-secciones
job-core	Checkout code	2026-02-11T16:38:50.7333026Z  * [new branch]          H1151-desarrollo-de-secciones-ii -> origin/H1151-desarrollo-de-secciones-ii
job-core	Checkout code	2026-02-11T16:38:50.7334971Z  * [new branch]          H1152-desarrollo-inicio -> origin/H1152-desarrollo-inicio
job-core	Checkout code	2026-02-11T16:38:50.7336808Z  * [new branch]          H1193-ejemplo-web-documentacion -> origin/H1193-ejemplo-web-documentacion
job-core	Checkout code	2026-02-11T16:38:50.7379811Z  * [new branch]          H1224-new-module-mongodb -> origin/H1224-new-module-mongodb
job-core	Checkout code	2026-02-11T16:38:50.7381605Z  * [new branch]          H1276-modulo-observabilidad -> origin/H1276-modulo-observabilidad
job-core	Checkout code	2026-02-11T16:38:50.7398928Z  * [new branch]          H1410-modulo-execution  -> origin/H1410-modulo-execution
job-core	Checkout code	2026-02-11T16:38:51.5667958Z  * [new branch]          H1514-new-swarm-deployment-stack-with-actions-runners-autoscale -> origin/H1514-new-swarm-deployment-stack-with-actions-runners-autoscale
job-core	Checkout code	2026-02-11T16:38:51.5976393Z  * [new branch]          H1968-modulo-personalización-del-portal-de-kaos-core -> origin/H1968-modulo-personalización-del-portal-de-kaos-core
job-core	Checkout code	2026-02-11T16:38:51.5980625Z  * [new branch]          H215-modulo-de-summary  -> origin/H215-modulo-de-summary
job-core	Checkout code	2026-02-11T16:38:51.5982816Z  * [new branch]          H227-despliegue-de-kube-independiente-del-clouder -> origin/H227-despliegue-de-kube-independiente-del-clouder
job-core	Checkout code	2026-02-11T16:38:51.6047029Z  * [new branch]          H3038-test-ci-cd-kubernetes-automated-system -> origin/H3038-test-ci-cd-kubernetes-automated-system
job-core	Checkout code	2026-02-11T16:38:51.6050233Z  * [new branch]          H306-ficheros-de-estadisticas -> origin/H306-ficheros-de-estadisticas
job-core	Checkout code	2026-02-11T16:38:51.6052339Z  * [new branch]          H3265-deploy-itop       -> origin/H3265-deploy-itop
job-core	Checkout code	2026-02-11T16:38:51.6054223Z  * [new branch]          H3266-deploy-zabbix     -> origin/H3266-deploy-zabbix
job-core	Checkout code	2026-02-11T16:38:51.6056772Z  * [new branch]          H328-documentacion-modulo-principal-de-kaos -> origin/H328-documentacion-modulo-principal-de-kaos
job-core	Checkout code	2026-02-11T16:38:51.6129606Z  * [new branch]          H329-documentacion-metodologia-de-kaos -> origin/H329-documentacion-metodologia-de-kaos
job-core	Checkout code	2026-02-11T16:38:51.6133127Z  * [new branch]          H338-relanzador-de-jobs-en-caso-de-pattern -> origin/H338-relanzador-de-jobs-en-caso-de-pattern
job-core	Checkout code	2026-02-11T16:38:51.6136481Z  * [new branch]          H38-documentacion-basica-del-proyecto -> origin/H38-documentacion-basica-del-proyecto
job-core	Checkout code	2026-02-11T16:38:51.6151658Z  * [new branch]          RN1282-ka0s-error-detected-in-ka0s-workflow-statistics-summary -> origin/RN1282-ka0s-error-detected-in-ka0s-workflow-statistics-summary
job-core	Checkout code	2026-02-11T16:38:51.6154215Z  * [new branch]          RN220-web-de-resultados -> origin/RN220-web-de-resultados
job-core	Checkout code	2026-02-11T16:38:51.6156720Z  * [new branch]          RN227-despliegue-de-kube-independiente-del-clouder -> origin/RN227-despliegue-de-kube-independiente-del-clouder
job-core	Checkout code	2026-02-11T16:38:51.6210270Z  * [new branch]          RN329-documentacion-metodologia-de-kaos -> origin/RN329-documentacion-metodologia-de-kaos
job-core	Checkout code	2026-02-11T16:38:51.6212114Z  * [new branch]          main                    -> origin/main
job-core	Checkout code	2026-02-11T16:38:51.6213349Z  * [new tag]             0.0.0                   -> 0.0.0
job-core	Checkout code	2026-02-11T16:38:51.6214216Z  * [new tag]             0.0.1                   -> 0.0.1
job-core	Checkout code	2026-02-11T16:38:51.6215075Z  * [new tag]             0.0.10                  -> 0.0.10
job-core	Checkout code	2026-02-11T16:38:51.6215946Z  * [new tag]             0.0.100                 -> 0.0.100
job-core	Checkout code	2026-02-11T16:38:51.6216815Z  * [new tag]             0.0.101                 -> 0.0.101
job-core	Checkout code	2026-02-11T16:38:51.6217694Z  * [new tag]             0.0.102                 -> 0.0.102
job-core	Checkout code	2026-02-11T16:38:51.6296131Z  * [new tag]             0.0.103                 -> 0.0.103
job-core	Checkout code	2026-02-11T16:38:51.6297615Z  * [new tag]             0.0.104                 -> 0.0.104
job-core	Checkout code	2026-02-11T16:38:51.6299229Z  * [new tag]             0.0.105                 -> 0.0.105
job-core	Checkout code	2026-02-11T16:38:51.6300643Z  * [new tag]             0.0.106                 -> 0.0.106
job-core	Checkout code	2026-02-11T16:38:51.6301960Z  * [new tag]             0.0.107                 -> 0.0.107
job-core	Checkout code	2026-02-11T16:38:51.6303406Z  * [new tag]             0.0.108                 -> 0.0.108
job-core	Checkout code	2026-02-11T16:38:51.6304769Z  * [new tag]             0.0.109                 -> 0.0.109
job-core	Checkout code	2026-02-11T16:38:51.6306134Z  * [new tag]             0.0.11                  -> 0.0.11
job-core	Checkout code	2026-02-11T16:38:51.6344938Z  * [new tag]             0.0.110                 -> 0.0.110
job-core	Checkout code	2026-02-11T16:38:51.6346906Z  * [new tag]             0.0.111                 -> 0.0.111
job-core	Checkout code	2026-02-11T16:38:51.6349032Z  * [new tag]             0.0.112                 -> 0.0.112
job-core	Checkout code	2026-02-11T16:38:51.6349928Z  * [new tag]             0.0.113                 -> 0.0.113
job-core	Checkout code	2026-02-11T16:38:51.6352009Z  * [new tag]             0.0.114                 -> 0.0.114
job-core	Checkout code	2026-02-11T16:38:51.6354146Z  * [new tag]             0.0.115                 -> 0.0.115
job-core	Checkout code	2026-02-11T16:38:51.6355112Z  * [new tag]             0.0.116                 -> 0.0.116
job-core	Checkout code	2026-02-11T16:38:51.6356004Z  * [new tag]             0.0.117                 -> 0.0.117
job-core	Checkout code	2026-02-11T16:38:51.6356933Z  * [new tag]             0.0.118                 -> 0.0.118
job-core	Checkout code	2026-02-11T16:38:51.6402194Z  * [new tag]             0.0.119                 -> 0.0.119
job-core	Checkout code	2026-02-11T16:38:51.6403964Z  * [new tag]             0.0.12                  -> 0.0.12
job-core	Checkout code	2026-02-11T16:38:51.6405083Z  * [new tag]             0.0.120                 -> 0.0.120
job-core	Checkout code	2026-02-11T16:38:51.6406292Z  * [new tag]             0.0.121                 -> 0.0.121
job-core	Checkout code	2026-02-11T16:38:51.6407505Z  * [new tag]             0.0.122                 -> 0.0.122
job-core	Checkout code	2026-02-11T16:38:51.6419216Z  * [new tag]             0.0.123                 -> 0.0.123
job-core	Checkout code	2026-02-11T16:38:51.6498345Z  * [new tag]             0.0.124                 -> 0.0.124
job-core	Checkout code	2026-02-11T16:38:51.6499873Z  * [new tag]             0.0.125                 -> 0.0.125
job-core	Checkout code	2026-02-11T16:38:51.6500954Z  * [new tag]             0.0.126                 -> 0.0.126
job-core	Checkout code	2026-02-11T16:38:51.6502412Z  * [new tag]             0.0.127                 -> 0.0.127
job-core	Checkout code	2026-02-11T16:38:51.6503488Z  * [new tag]             0.0.128                 -> 0.0.128
job-core	Checkout code	2026-02-11T16:38:51.6544721Z  * [new tag]             0.0.129                 -> 0.0.129
job-core	Checkout code	2026-02-11T16:38:51.6545641Z  * [new tag]             0.0.13                  -> 0.0.13
job-core	Checkout code	2026-02-11T16:38:51.6547114Z  * [new tag]             0.0.130                 -> 0.0.130
job-core	Checkout code	2026-02-11T16:38:51.6551548Z  * [new tag]             0.0.131                 -> 0.0.131
job-core	Checkout code	2026-02-11T16:38:51.6552670Z  * [new tag]             0.0.132                 -> 0.0.132
job-core	Checkout code	2026-02-11T16:38:51.6554134Z  * [new tag]             0.0.133                 -> 0.0.133
job-core	Checkout code	2026-02-11T16:38:51.6555487Z  * [new tag]             0.0.134                 -> 0.0.134
job-core	Checkout code	2026-02-11T16:38:51.6556575Z  * [new tag]             0.0.135                 -> 0.0.135
job-core	Checkout code	2026-02-11T16:38:51.6557567Z  * [new tag]             0.0.136                 -> 0.0.136
job-core	Checkout code	2026-02-11T16:38:51.6579654Z  * [new tag]             0.0.137                 -> 0.0.137
job-core	Checkout code	2026-02-11T16:38:51.6580843Z  * [new tag]             0.0.138                 -> 0.0.138
job-core	Checkout code	2026-02-11T16:38:51.6581901Z  * [new tag]             0.0.139                 -> 0.0.139
job-core	Checkout code	2026-02-11T16:38:51.6628532Z  * [new tag]             0.0.14                  -> 0.0.14
job-core	Checkout code	2026-02-11T16:38:51.6629906Z  * [new tag]             0.0.140                 -> 0.0.140
job-core	Checkout code	2026-02-11T16:38:51.6630881Z  * [new tag]             0.0.141                 -> 0.0.141
job-core	Checkout code	2026-02-11T16:38:51.6631892Z  * [new tag]             0.0.142                 -> 0.0.142
job-core	Checkout code	2026-02-11T16:38:51.6633468Z  * [new tag]             0.0.143                 -> 0.0.143
job-core	Checkout code	2026-02-11T16:38:51.6635097Z  * [new tag]             0.0.144                 -> 0.0.144
job-core	Checkout code	2026-02-11T16:38:51.6636108Z  * [new tag]             0.0.145                 -> 0.0.145
job-core	Checkout code	2026-02-11T16:38:51.6648918Z  * [new tag]             0.0.146                 -> 0.0.146
job-core	Checkout code	2026-02-11T16:38:51.6650881Z  * [new tag]             0.0.147                 -> 0.0.147
job-core	Checkout code	2026-02-11T16:38:51.6652532Z  * [new tag]             0.0.148                 -> 0.0.148
job-core	Checkout code	2026-02-11T16:38:51.6776686Z  * [new tag]             0.0.149                 -> 0.0.149
job-core	Checkout code	2026-02-11T16:38:51.6923124Z  * [new tag]             0.0.15                  -> 0.0.15
job-core	Checkout code	2026-02-11T16:38:51.6924631Z  * [new tag]             0.0.150                 -> 0.0.150
job-core	Checkout code	2026-02-11T16:38:51.6926040Z  * [new tag]             0.0.151                 -> 0.0.151
job-core	Checkout code	2026-02-11T16:38:51.6927434Z  * [new tag]             0.0.152                 -> 0.0.152
job-core	Checkout code	2026-02-11T16:38:51.6939418Z  * [new tag]             0.0.153                 -> 0.0.153
job-core	Checkout code	2026-02-11T16:38:51.6941332Z  * [new tag]             0.0.154                 -> 0.0.154
job-core	Checkout code	2026-02-11T16:38:51.6942436Z  * [new tag]             0.0.155                 -> 0.0.155
job-core	Checkout code	2026-02-11T16:38:51.6943898Z  * [new tag]             0.0.156                 -> 0.0.156
job-core	Checkout code	2026-02-11T16:38:51.7322695Z  * [new tag]             0.0.157                 -> 0.0.157
job-core	Checkout code	2026-02-11T16:38:51.7324175Z  * [new tag]             0.0.158                 -> 0.0.158
job-core	Checkout code	2026-02-11T16:38:51.7325064Z  * [new tag]             0.0.159                 -> 0.0.159
job-core	Checkout code	2026-02-11T16:38:51.7326164Z  * [new tag]             0.0.16                  -> 0.0.16
job-core	Checkout code	2026-02-11T16:38:51.7327145Z  * [new tag]             0.0.160                 -> 0.0.160
job-core	Checkout code	2026-02-11T16:38:51.7345155Z  * [new tag]             0.0.161                 -> 0.0.161
job-core	Checkout code	2026-02-11T16:38:51.7346224Z  * [new tag]             0.0.162                 -> 0.0.162
job-core	Checkout code	2026-02-11T16:38:51.7347141Z  * [new tag]             0.0.163                 -> 0.0.163
job-core	Checkout code	2026-02-11T16:38:51.7348431Z  * [new tag]             0.0.164                 -> 0.0.164
job-core	Checkout code	2026-02-11T16:38:51.7349407Z  * [new tag]             0.0.165                 -> 0.0.165
job-core	Checkout code	2026-02-11T16:38:51.7350343Z  * [new tag]             0.0.166                 -> 0.0.166
job-core	Checkout code	2026-02-11T16:38:51.7351337Z  * [new tag]             0.0.167                 -> 0.0.167
job-core	Checkout code	2026-02-11T16:38:51.7352430Z  * [new tag]             0.0.168                 -> 0.0.168
job-core	Checkout code	2026-02-11T16:38:51.7353386Z  * [new tag]             0.0.169                 -> 0.0.169
job-core	Checkout code	2026-02-11T16:38:51.7354331Z  * [new tag]             0.0.17                  -> 0.0.17
job-core	Checkout code	2026-02-11T16:38:51.7355813Z  * [new tag]             0.0.170                 -> 0.0.170
job-core	Checkout code	2026-02-11T16:38:51.7356735Z  * [new tag]             0.0.171                 -> 0.0.171
job-core	Checkout code	2026-02-11T16:38:51.7357662Z  * [new tag]             0.0.172                 -> 0.0.172
job-core	Checkout code	2026-02-11T16:38:51.7882455Z  * [new tag]             0.0.173                 -> 0.0.173
job-core	Checkout code	2026-02-11T16:38:51.7883548Z  * [new tag]             0.0.174                 -> 0.0.174
job-core	Checkout code	2026-02-11T16:38:51.7884501Z  * [new tag]             0.0.175                 -> 0.0.175
job-core	Checkout code	2026-02-11T16:38:51.7885438Z  * [new tag]             0.0.176                 -> 0.0.176
job-core	Checkout code	2026-02-11T16:38:51.7886639Z  * [new tag]             0.0.177                 -> 0.0.177
job-core	Checkout code	2026-02-11T16:38:51.8036074Z  * [new tag]             0.0.178                 -> 0.0.178
job-core	Checkout code	2026-02-11T16:38:51.8037336Z  * [new tag]             0.0.179                 -> 0.0.179
job-core	Checkout code	2026-02-11T16:38:51.8174015Z  * [new tag]             0.0.18                  -> 0.0.18
job-core	Checkout code	2026-02-11T16:38:51.8175156Z  * [new tag]             0.0.19                  -> 0.0.19
job-core	Checkout code	2026-02-11T16:38:51.8175967Z  * [new tag]             0.0.2                   -> 0.0.2
job-core	Checkout code	2026-02-11T16:38:51.8176821Z  * [new tag]             0.0.20                  -> 0.0.20
job-core	Checkout code	2026-02-11T16:38:51.8177723Z  * [new tag]             0.0.21                  -> 0.0.21
job-core	Checkout code	2026-02-11T16:38:51.8178715Z  * [new tag]             0.0.22                  -> 0.0.22
job-core	Checkout code	2026-02-11T16:38:51.8179572Z  * [new tag]             0.0.23                  -> 0.0.23
job-core	Checkout code	2026-02-11T16:38:51.8791718Z  * [new tag]             0.0.24                  -> 0.0.24
job-core	Checkout code	2026-02-11T16:38:51.8793332Z  * [new tag]             0.0.25                  -> 0.0.25
job-core	Checkout code	2026-02-11T16:38:51.8794338Z  * [new tag]             0.0.26                  -> 0.0.26
job-core	Checkout code	2026-02-11T16:38:51.8795511Z  * [new tag]             0.0.27                  -> 0.0.27
job-core	Checkout code	2026-02-11T16:38:51.8796729Z  * [new tag]             0.0.28                  -> 0.0.28
job-core	Checkout code	2026-02-11T16:38:51.8798066Z  * [new tag]             0.0.29                  -> 0.0.29
job-core	Checkout code	2026-02-11T16:38:51.8799373Z  * [new tag]             0.0.3                   -> 0.0.3
job-core	Checkout code	2026-02-11T16:38:51.8800671Z  * [new tag]             0.0.30                  -> 0.0.30
job-core	Checkout code	2026-02-11T16:38:51.8801958Z  * [new tag]             0.0.31                  -> 0.0.31
job-core	Checkout code	2026-02-11T16:38:51.8802931Z  * [new tag]             0.0.32                  -> 0.0.32
job-core	Checkout code	2026-02-11T16:38:51.8803965Z  * [new tag]             0.0.33                  -> 0.0.33
job-core	Checkout code	2026-02-11T16:38:51.8805278Z  * [new tag]             0.0.34                  -> 0.0.34
job-core	Checkout code	2026-02-11T16:38:51.8806066Z  * [new tag]             0.0.35                  -> 0.0.35
job-core	Checkout code	2026-02-11T16:38:51.8806915Z  * [new tag]             0.0.36                  -> 0.0.36
job-core	Checkout code	2026-02-11T16:38:51.8807685Z  * [new tag]             0.0.37                  -> 0.0.37
job-core	Checkout code	2026-02-11T16:38:51.9333017Z  * [new tag]             0.0.38                  -> 0.0.38
job-core	Checkout code	2026-02-11T16:38:51.9334118Z  * [new tag]             0.0.39                  -> 0.0.39
job-core	Checkout code	2026-02-11T16:38:51.9335040Z  * [new tag]             0.0.4                   -> 0.0.4
job-core	Checkout code	2026-02-11T16:38:51.9336031Z  * [new tag]             0.0.40                  -> 0.0.40
job-core	Checkout code	2026-02-11T16:38:51.9337291Z  * [new tag]             0.0.41                  -> 0.0.41
job-core	Checkout code	2026-02-11T16:38:51.9619445Z  * [new tag]             0.0.42                  -> 0.0.42
job-core	Checkout code	2026-02-11T16:38:51.9620553Z  * [new tag]             0.0.43                  -> 0.0.43
job-core	Checkout code	2026-02-11T16:38:51.9621462Z  * [new tag]             0.0.44                  -> 0.0.44
job-core	Checkout code	2026-02-11T16:38:51.9622334Z  * [new tag]             0.0.45                  -> 0.0.45
job-core	Checkout code	2026-02-11T16:38:51.9623245Z  * [new tag]             0.0.46                  -> 0.0.46
job-core	Checkout code	2026-02-11T16:38:51.9623979Z  * [new tag]             0.0.47                  -> 0.0.47
job-core	Checkout code	2026-02-11T16:38:51.9624792Z  * [new tag]             0.0.48                  -> 0.0.48
job-core	Checkout code	2026-02-11T16:38:51.9625749Z  * [new tag]             0.0.49                  -> 0.0.49
job-core	Checkout code	2026-02-11T16:38:51.9626696Z  * [new tag]             0.0.5                   -> 0.0.5
job-core	Checkout code	2026-02-11T16:38:51.9628501Z  * [new tag]             0.0.50                  -> 0.0.50
job-core	Checkout code	2026-02-11T16:38:51.9629307Z  * [new tag]             0.0.51                  -> 0.0.51
job-core	Checkout code	2026-02-11T16:38:51.9630246Z  * [new tag]             0.0.52                  -> 0.0.52
job-core	Checkout code	2026-02-11T16:38:51.9631136Z  * [new tag]             0.0.53                  -> 0.0.53
job-core	Checkout code	2026-02-11T16:38:52.0195482Z  * [new tag]             0.0.54                  -> 0.0.54
job-core	Checkout code	2026-02-11T16:38:52.0197295Z  * [new tag]             0.0.55                  -> 0.0.55
job-core	Checkout code	2026-02-11T16:38:52.0199381Z  * [new tag]             0.0.56                  -> 0.0.56
job-core	Checkout code	2026-02-11T16:38:52.0200556Z  * [new tag]             0.0.57                  -> 0.0.57
job-core	Checkout code	2026-02-11T16:38:52.0201880Z  * [new tag]             0.0.58                  -> 0.0.58
job-core	Checkout code	2026-02-11T16:38:52.0203713Z  * [new tag]             0.0.59                  -> 0.0.59
job-core	Checkout code	2026-02-11T16:38:52.0205371Z  * [new tag]             0.0.6                   -> 0.0.6
job-core	Checkout code	2026-02-11T16:38:52.0206637Z  * [new tag]             0.0.60                  -> 0.0.60
job-core	Checkout code	2026-02-11T16:38:52.0208402Z  * [new tag]             0.0.61                  -> 0.0.61
job-core	Checkout code	2026-02-11T16:38:52.0209978Z  * [new tag]             0.0.62                  -> 0.0.62
job-core	Checkout code	2026-02-11T16:38:52.0211515Z  * [new tag]             0.0.63                  -> 0.0.63
job-core	Checkout code	2026-02-11T16:38:52.0229719Z  * [new tag]             0.0.64                  -> 0.0.64
job-core	Checkout code	2026-02-11T16:38:52.0233141Z  * [new tag]             0.0.65                  -> 0.0.65
job-core	Checkout code	2026-02-11T16:38:52.0236618Z  * [new tag]             0.0.66                  -> 0.0.66
job-core	Checkout code	2026-02-11T16:38:52.0241101Z  * [new tag]             0.0.67                  -> 0.0.67
job-core	Checkout code	2026-02-11T16:38:52.0246202Z  * [new tag]             0.0.68                  -> 0.0.68
job-core	Checkout code	2026-02-11T16:38:52.0248560Z  * [new tag]             0.0.69                  -> 0.0.69
job-core	Checkout code	2026-02-11T16:38:52.0251647Z  * [new tag]             0.0.7                   -> 0.0.7
job-core	Checkout code	2026-02-11T16:38:52.0252574Z  * [new tag]             0.0.70                  -> 0.0.70
job-core	Checkout code	2026-02-11T16:38:52.0253481Z  * [new tag]             0.0.71                  -> 0.0.71
job-core	Checkout code	2026-02-11T16:38:52.0254400Z  * [new tag]             0.0.72                  -> 0.0.72
job-core	Checkout code	2026-02-11T16:38:52.0255310Z  * [new tag]             0.0.73                  -> 0.0.73
job-core	Checkout code	2026-02-11T16:38:52.0256338Z  * [new tag]             0.0.74                  -> 0.0.74
job-core	Checkout code	2026-02-11T16:38:52.0284366Z  * [new tag]             0.0.75                  -> 0.0.75
job-core	Checkout code	2026-02-11T16:38:52.0285413Z  * [new tag]             0.0.76                  -> 0.0.76
job-core	Checkout code	2026-02-11T16:38:52.0286339Z  * [new tag]             0.0.77                  -> 0.0.77
job-core	Checkout code	2026-02-11T16:38:52.0287243Z  * [new tag]             0.0.78                  -> 0.0.78
job-core	Checkout code	2026-02-11T16:38:52.0290541Z  * [new tag]             0.0.79                  -> 0.0.79
job-core	Checkout code	2026-02-11T16:38:52.0293911Z  * [new tag]             0.0.8                   -> 0.0.8
job-core	Checkout code	2026-02-11T16:38:52.0296307Z  * [new tag]             0.0.80                  -> 0.0.80
job-core	Checkout code	2026-02-11T16:38:52.0298476Z  * [new tag]             0.0.81                  -> 0.0.81
job-core	Checkout code	2026-02-11T16:38:52.0300182Z  * [new tag]             0.0.82                  -> 0.0.82
job-core	Checkout code	2026-02-11T16:38:52.0301856Z  * [new tag]             0.0.83                  -> 0.0.83
job-core	Checkout code	2026-02-11T16:38:52.0303495Z  * [new tag]             0.0.84                  -> 0.0.84
job-core	Checkout code	2026-02-11T16:38:52.0305300Z  * [new tag]             0.0.85                  -> 0.0.85
job-core	Checkout code	2026-02-11T16:38:52.0306510Z  * [new tag]             0.0.86                  -> 0.0.86
job-core	Checkout code	2026-02-11T16:38:52.1125265Z  * [new tag]             0.0.87                  -> 0.0.87
job-core	Checkout code	2026-02-11T16:38:52.1126252Z  * [new tag]             0.0.88                  -> 0.0.88
job-core	Checkout code	2026-02-11T16:38:52.1127108Z  * [new tag]             0.0.89                  -> 0.0.89
job-core	Checkout code	2026-02-11T16:38:52.1128147Z  * [new tag]             0.0.9                   -> 0.0.9
job-core	Checkout code	2026-02-11T16:38:52.1129050Z  * [new tag]             0.0.90                  -> 0.0.90
job-core	Checkout code	2026-02-11T16:38:52.1129934Z  * [new tag]             0.0.91                  -> 0.0.91
job-core	Checkout code	2026-02-11T16:38:52.1130849Z  * [new tag]             0.0.92                  -> 0.0.92
job-core	Checkout code	2026-02-11T16:38:52.1132351Z  * [new tag]             0.0.93                  -> 0.0.93
job-core	Checkout code	2026-02-11T16:38:52.1133214Z  * [new tag]             0.0.94                  -> 0.0.94
job-core	Checkout code	2026-02-11T16:38:52.1134074Z  * [new tag]             0.0.95                  -> 0.0.95
job-core	Checkout code	2026-02-11T16:38:52.1134940Z  * [new tag]             0.0.96                  -> 0.0.96
job-core	Checkout code	2026-02-11T16:38:52.1135839Z  * [new tag]             0.0.97                  -> 0.0.97
job-core	Checkout code	2026-02-11T16:38:52.1136722Z  * [new tag]             0.0.98                  -> 0.0.98
job-core	Checkout code	2026-02-11T16:38:52.1137728Z  * [new tag]             0.0.99                  -> 0.0.99
job-core	Checkout code	2026-02-11T16:38:52.2121662Z  * [new tag]             0.1.0                   -> 0.1.0
job-core	Checkout code	2026-02-11T16:38:52.2122665Z  * [new tag]             0.1.1                   -> 0.1.1
job-core	Checkout code	2026-02-11T16:38:52.2123563Z  * [new tag]             0.2.0                   -> 0.2.0
job-core	Checkout code	2026-02-11T16:38:52.2124421Z  * [new tag]             0.3.0                   -> 0.3.0
job-core	Checkout code	2026-02-11T16:38:52.2125299Z  * [new tag]             0.3.1                   -> 0.3.1
job-core	Checkout code	2026-02-11T16:38:52.2126231Z  * [new tag]             0.3.10                  -> 0.3.10
job-core	Checkout code	2026-02-11T16:38:52.2127140Z  * [new tag]             0.3.11                  -> 0.3.11
job-core	Checkout code	2026-02-11T16:38:52.2178593Z  * [new tag]             0.3.12                  -> 0.3.12
job-core	Checkout code	2026-02-11T16:38:52.2180025Z  * [new tag]             0.3.13                  -> 0.3.13
job-core	Checkout code	2026-02-11T16:38:52.2180992Z  * [new tag]             0.3.14                  -> 0.3.14
job-core	Checkout code	2026-02-11T16:38:52.2181905Z  * [new tag]             0.3.15                  -> 0.3.15
job-core	Checkout code	2026-02-11T16:38:52.2182826Z  * [new tag]             0.3.16                  -> 0.3.16
job-core	Checkout code	2026-02-11T16:38:52.2183799Z  * [new tag]             0.3.17                  -> 0.3.17
job-core	Checkout code	2026-02-11T16:38:52.2184743Z  * [new tag]             0.3.2                   -> 0.3.2
job-core	Checkout code	2026-02-11T16:38:52.2369478Z  * [new tag]             0.3.3                   -> 0.3.3
job-core	Checkout code	2026-02-11T16:38:52.2370554Z  * [new tag]             0.3.4                   -> 0.3.4
job-core	Checkout code	2026-02-11T16:38:52.2371549Z  * [new tag]             0.3.5                   -> 0.3.5
job-core	Checkout code	2026-02-11T16:38:52.2372443Z  * [new tag]             0.3.6                   -> 0.3.6
job-core	Checkout code	2026-02-11T16:38:52.2373671Z  * [new tag]             0.3.7                   -> 0.3.7
job-core	Checkout code	2026-02-11T16:38:52.2375046Z  * [new tag]             0.3.8                   -> 0.3.8
job-core	Checkout code	2026-02-11T16:38:52.2376419Z  * [new tag]             0.3.9                   -> 0.3.9
job-core	Checkout code	2026-02-11T16:38:52.2377547Z  * [new tag]             0.4.0                   -> 0.4.0
job-core	Checkout code	2026-02-11T16:38:52.2906635Z  * [new tag]             0.4.1                   -> 0.4.1
job-core	Checkout code	2026-02-11T16:38:52.2907633Z  * [new tag]             0.4.2                   -> 0.4.2
job-core	Checkout code	2026-02-11T16:38:52.2999558Z  * [new tag]             0.4.3                   -> 0.4.3
job-core	Checkout code	2026-02-11T16:38:53.8523347Z  * [new tag]             0.4.4                   -> 0.4.4
job-core	Checkout code	2026-02-11T16:38:53.8524441Z  * [new tag]             0.4.5                   -> 0.4.5
job-core	Checkout code	2026-02-11T16:38:53.8525442Z  * [new tag]             0.4.6                   -> 0.4.6
job-core	Checkout code	2026-02-11T16:38:53.8526725Z  * [new tag]             0.4.7                   -> 0.4.7
job-core	Checkout code	2026-02-11T16:38:53.8536989Z  * [new tag]             0.4.8                   -> 0.4.8
job-core	Checkout code	2026-02-11T16:38:53.8538473Z  * [new tag]             0.4.9                   -> 0.4.9
job-core	Checkout code	2026-02-11T16:38:53.8539641Z  * [new tag]             0.5.0                   -> 0.5.0
job-core	Checkout code	2026-02-11T16:38:53.8540689Z  * [new tag]             0.5.1                   -> 0.5.1
job-core	Checkout code	2026-02-11T16:38:53.8541472Z  * [new tag]             0.5.2                   -> 0.5.2
job-core	Checkout code	2026-02-11T16:38:53.8542814Z  * [new tag]             0.6.0                   -> 0.6.0
job-core	Checkout code	2026-02-11T16:38:53.8543665Z  * [new tag]             0.6.1                   -> 0.6.1
job-core	Checkout code	2026-02-11T16:38:53.8544500Z  * [new tag]             0.6.2                   -> 0.6.2
job-core	Checkout code	2026-02-11T16:38:53.8547201Z [command]/usr/bin/git branch --list --remote origin/H3266-deploy-zabbix
job-core	Checkout code	2026-02-11T16:38:53.8564636Z   origin/H3266-deploy-zabbix
job-core	Checkout code	2026-02-11T16:38:53.8567722Z [command]/usr/bin/git rev-parse refs/remotes/origin/H3266-deploy-zabbix
job-core	Checkout code	2026-02-11T16:38:53.8760281Z a4ad075ec4b8c512257c7de328ac2dee4e714195
job-core	Checkout code	2026-02-11T16:38:53.8762354Z ##[endgroup]
job-core	Checkout code	2026-02-11T16:38:53.8763477Z ##[group]Determining the checkout info
job-core	Checkout code	2026-02-11T16:38:53.8804385Z ##[endgroup]
job-core	Checkout code	2026-02-11T16:38:53.8804985Z [command]/usr/bin/git sparse-checkout disable
job-core	Checkout code	2026-02-11T16:38:57.3334563Z [command]/usr/bin/git config --local --unset-all extensions.worktreeConfig
job-core	Checkout code	2026-02-11T16:38:57.4520507Z ##[group]Checking out the ref
job-core	Checkout code	2026-02-11T16:38:57.4590408Z [command]/usr/bin/git checkout --progress --force -B H3266-deploy-zabbix refs/remotes/origin/H3266-deploy-zabbix
job-core	Checkout code	2026-02-11T16:38:58.9834976Z Updating files:   5% (88/1488)
job-core	Checkout code	2026-02-11T16:38:59.0546150Z Updating files:   6% (90/1488)
job-core	Checkout code	2026-02-11T16:38:59.5871619Z Updating files:   7% (105/1488)
job-core	Checkout code	2026-02-11T16:38:59.6252853Z Updating files:   8% (120/1488)
job-core	Checkout code	2026-02-11T16:39:00.2952606Z Updating files:   9% (134/1488)
job-core	Checkout code	2026-02-11T16:39:00.3346172Z Updating files:   9% (147/1488)
job-core	Checkout code	2026-02-11T16:39:01.1595799Z Updating files:  10% (149/1488)
job-core	Checkout code	2026-02-11T16:39:01.1662466Z Updating files:  10% (157/1488)
job-core	Checkout code	2026-02-11T16:39:01.2581399Z Updating files:  11% (164/1488)
job-core	Checkout code	2026-02-11T16:39:02.4085335Z Updating files:  12% (179/1488)
job-core	Checkout code	2026-02-11T16:39:02.4308482Z Updating files:  12% (191/1488)
job-core	Checkout code	2026-02-11T16:39:02.5388241Z Updating files:  13% (194/1488)
job-core	Checkout code	2026-02-11T16:39:02.9710243Z Updating files:  14% (209/1488)
job-core	Checkout code	2026-02-11T16:39:03.5544907Z Updating files:  14% (211/1488)
job-core	Checkout code	2026-02-11T16:39:03.6161649Z Updating files:  15% (224/1488)
job-core	Checkout code	2026-02-11T16:39:04.0872256Z Updating files:  16% (239/1488)
job-core	Checkout code	2026-02-11T16:39:04.1248271Z Updating files:  16% (249/1488)
job-core	Checkout code	2026-02-11T16:39:04.4463621Z Updating files:  17% (253/1488)
job-core	Checkout code	2026-02-11T16:39:04.6326382Z Updating files:  18% (268/1488)
job-core	Checkout code	2026-02-11T16:39:04.9363720Z Updating files:  19% (283/1488)
job-core	Checkout code	2026-02-11T16:39:05.0309239Z Updating files:  20% (298/1488)
job-core	Checkout code	2026-02-11T16:39:05.1183278Z Updating files:  20% (299/1488)
job-core	Checkout code	2026-02-11T16:39:05.2340658Z Updating files:  21% (313/1488)
job-core	Checkout code	2026-02-11T16:39:05.5860529Z Updating files:  22% (328/1488)
job-core	Checkout code	2026-02-11T16:39:05.5863390Z Updating files:  23% (343/1488)
job-core	Checkout code	2026-02-11T16:39:05.5965010Z Updating files:  24% (358/1488)
job-core	Checkout code	2026-02-11T16:39:05.6271906Z Updating files:  25% (372/1488)
job-core	Checkout code	2026-02-11T16:39:05.7129921Z Updating files:  26% (387/1488)
job-core	Checkout code	2026-02-11T16:39:06.3125492Z Updating files:  27% (402/1488)
job-core	Checkout code	2026-02-11T16:39:06.4909340Z Updating files:  28% (417/1488)
job-core	Checkout code	2026-02-11T16:39:06.6792617Z Updating files:  29% (432/1488)
job-core	Checkout code	2026-02-11T16:39:06.8402379Z Updating files:  30% (447/1488)
job-core	Checkout code	2026-02-11T16:39:06.9893242Z Updating files:  31% (462/1488)
job-core	Checkout code	2026-02-11T16:39:07.1537027Z Updating files:  31% (467/1488)
job-core	Checkout code	2026-02-11T16:39:07.4213697Z Updating files:  32% (477/1488)
job-core	Checkout code	2026-02-11T16:39:07.5455921Z Updating files:  33% (492/1488)
job-core	Checkout code	2026-02-11T16:39:07.5517355Z Updating files:  34% (506/1488)
job-core	Checkout code	2026-02-11T16:39:07.5864599Z Updating files:  35% (521/1488)
job-core	Checkout code	2026-02-11T16:39:07.5865910Z Updating files:  36% (536/1488)
job-core	Checkout code	2026-02-11T16:39:07.5867055Z Updating files:  37% (551/1488)
job-core	Checkout code	2026-02-11T16:39:07.5868425Z Updating files:  38% (566/1488)
job-core	Checkout code	2026-02-11T16:39:07.6035617Z Updating files:  39% (581/1488)
job-core	Checkout code	2026-02-11T16:39:07.6130286Z Updating files:  40% (596/1488)
job-core	Checkout code	2026-02-11T16:39:07.6482961Z Updating files:  41% (611/1488)
job-core	Checkout code	2026-02-11T16:39:08.0409450Z Updating files:  42% (625/1488)
job-core	Checkout code	2026-02-11T16:39:09.0301704Z Updating files:  42% (631/1488)
job-core	Checkout code	2026-02-11T16:39:09.1826183Z Updating files:  42% (638/1488)
job-core	Checkout code	2026-02-11T16:39:10.0719654Z Updating files:  43% (640/1488)
job-core	Checkout code	2026-02-11T16:39:11.3071388Z Updating files:  43% (643/1488)
job-core	Checkout code	2026-02-11T16:39:11.5814410Z Updating files:  43% (644/1488)
job-core	Checkout code	2026-02-11T16:39:12.5827552Z Updating files:  44% (655/1488)
job-core	Checkout code	2026-02-11T16:39:13.0494572Z Updating files:  44% (659/1488)
job-core	Checkout code	2026-02-11T16:39:14.0831314Z Updating files:  44% (668/1488)
job-core	Checkout code	2026-02-11T16:39:14.0898725Z Updating files:  44% (669/1488)
job-core	Checkout code	2026-02-11T16:39:16.1985938Z Updating files:  45% (670/1488)
job-core	Checkout code	2026-02-11T16:39:17.5693021Z Updating files:  45% (673/1488)
job-core	Checkout code	2026-02-11T16:39:18.8160760Z Updating files:  45% (680/1488)
job-core	Checkout code	2026-02-11T16:39:18.8164529Z Updating files:  45% (681/1488)
job-core	Checkout code	2026-02-11T16:39:18.8502862Z Updating files:  46% (685/1488)
job-core	Checkout code	2026-02-11T16:39:18.8928736Z Updating files:  47% (700/1488)
job-core	Checkout code	2026-02-11T16:39:18.9069650Z Updating files:  48% (715/1488)
job-core	Checkout code	2026-02-11T16:39:18.9391575Z Updating files:  49% (730/1488)
job-core	Checkout code	2026-02-11T16:39:18.9569193Z Updating files:  50% (744/1488)
job-core	Checkout code	2026-02-11T16:39:18.9793780Z Updating files:  50% (757/1488)
job-core	Checkout code	2026-02-11T16:39:19.8800373Z Updating files:  51% (759/1488)
job-core	Checkout code	2026-02-11T16:39:19.9012532Z Updating files:  52% (774/1488)
job-core	Checkout code	2026-02-11T16:39:19.9150168Z Updating files:  53% (789/1488)
job-core	Checkout code	2026-02-11T16:39:19.9318499Z Updating files:  54% (804/1488)
job-core	Checkout code	2026-02-11T16:39:19.9457214Z Updating files:  55% (819/1488)
job-core	Checkout code	2026-02-11T16:39:19.9945413Z Updating files:  56% (834/1488)
job-core	Checkout code	2026-02-11T16:39:20.0243865Z Updating files:  56% (837/1488)
job-core	Checkout code	2026-02-11T16:39:20.1537512Z Updating files:  57% (849/1488)
job-core	Checkout code	2026-02-11T16:39:20.2368408Z Updating files:  58% (864/1488)
job-core	Checkout code	2026-02-11T16:39:20.3958708Z Updating files:  59% (878/1488)
job-core	Checkout code	2026-02-11T16:39:21.2925400Z Updating files:  60% (893/1488)
job-core	Checkout code	2026-02-11T16:39:21.7507677Z Updating files:  60% (906/1488)
job-core	Checkout code	2026-02-11T16:39:22.1389492Z Updating files:  61% (908/1488)
job-core	Checkout code	2026-02-11T16:39:22.3158427Z Updating files:  61% (909/1488)
job-core	Checkout code	2026-02-11T16:39:22.3947130Z Updating files:  62% (923/1488)
job-core	Checkout code	2026-02-11T16:39:22.4043632Z Updating files:  63% (938/1488)
job-core	Checkout code	2026-02-11T16:39:22.4127492Z Updating files:  64% (953/1488)
job-core	Checkout code	2026-02-11T16:39:22.5059061Z Updating files:  65% (968/1488)
job-core	Checkout code	2026-02-11T16:39:22.6062411Z Updating files:  66% (983/1488)
job-core	Checkout code	2026-02-11T16:39:23.1355765Z Updating files:  67% (997/1488)
job-core	Checkout code	2026-02-11T16:39:24.8316599Z Updating files:  67% (999/1488)
job-core	Checkout code	2026-02-11T16:39:24.8525502Z Updating files:  67% (1000/1488)
job-core	Checkout code	2026-02-11T16:39:24.9673513Z Updating files:  68% (1012/1488)
job-core	Checkout code	2026-02-11T16:39:24.9784400Z Updating files:  68% (1024/1488)
job-core	Checkout code	2026-02-11T16:39:24.9808275Z Updating files:  69% (1027/1488)
job-core	Checkout code	2026-02-11T16:39:24.9863012Z Updating files:  70% (1042/1488)
job-core	Checkout code	2026-02-11T16:39:25.1251557Z Updating files:  71% (1057/1488)
job-core	Checkout code	2026-02-11T16:39:25.1300449Z Updating files:  72% (1072/1488)
job-core	Checkout code	2026-02-11T16:39:25.2779272Z Updating files:  73% (1087/1488)
job-core	Checkout code	2026-02-11T16:39:25.2915966Z Updating files:  74% (1102/1488)
job-core	Checkout code	2026-02-11T16:39:25.3077304Z Updating files:  75% (1116/1488)
job-core	Checkout code	2026-02-11T16:39:26.7089817Z Updating files:  76% (1131/1488)
job-core	Checkout code	2026-02-11T16:39:26.7160065Z Updating files:  76% (1139/1488)
job-core	Checkout code	2026-02-11T16:39:26.7162233Z Updating files:  77% (1146/1488)
job-core	Checkout code	2026-02-11T16:39:26.7336602Z Updating files:  78% (1161/1488)
job-core	Checkout code	2026-02-11T16:39:26.7448209Z Updating files:  79% (1176/1488)
job-core	Checkout code	2026-02-11T16:39:26.7494311Z Updating files:  80% (1191/1488)
job-core	Checkout code	2026-02-11T16:39:26.7531262Z Updating files:  81% (1206/1488)
job-core	Checkout code	2026-02-11T16:39:26.7571749Z Updating files:  82% (1221/1488)
job-core	Checkout code	2026-02-11T16:39:27.1935382Z Updating files:  83% (1236/1488)
job-core	Checkout code	2026-02-11T16:39:28.3408214Z Updating files:  84% (1250/1488)
job-core	Checkout code	2026-02-11T16:39:28.8811396Z Updating files:  84% (1253/1488)
job-core	Checkout code	2026-02-11T16:39:28.9946653Z Updating files:  85% (1265/1488)
job-core	Checkout code	2026-02-11T16:39:29.2852935Z Updating files:  85% (1272/1488)
job-core	Checkout code	2026-02-11T16:39:32.2653160Z Updating files:  86% (1280/1488)
job-core	Checkout code	2026-02-11T16:39:33.6380058Z Updating files:  86% (1282/1488)
job-core	Checkout code	2026-02-11T16:39:34.6892736Z Updating files:  86% (1283/1488)
job-core	Checkout code	2026-02-11T16:39:35.9713054Z Updating files:  86% (1287/1488)
job-core	Checkout code	2026-02-11T16:39:36.2594306Z Updating files:  86% (1288/1488)
job-core	Checkout code	2026-02-11T16:39:36.4991091Z Updating files:  86% (1289/1488)
job-core	Checkout code	2026-02-11T16:39:37.0082758Z Updating files:  87% (1295/1488)
job-core	Checkout code	2026-02-11T16:39:38.9330315Z Updating files:  87% (1298/1488)
job-core	Checkout code	2026-02-11T16:39:38.9939706Z Updating files:  87% (1306/1488)
job-core	Checkout code	2026-02-11T16:39:39.1430786Z Updating files:  87% (1307/1488)
job-core	Checkout code	2026-02-11T16:39:40.3270623Z Updating files:  88% (1310/1488)
job-core	Checkout code	2026-02-11T16:39:41.1649124Z Updating files:  88% (1311/1488)
job-core	Checkout code	2026-02-11T16:39:41.9778916Z Updating files:  88% (1312/1488)
job-core	Checkout code	2026-02-11T16:39:43.6586503Z Updating files:  88% (1314/1488)
job-core	Checkout code	2026-02-11T16:39:45.2124337Z Updating files:  88% (1320/1488)
job-core	Checkout code	2026-02-11T16:39:45.9671685Z Updating files:  88% (1323/1488)
job-core	Checkout code	2026-02-11T16:39:47.7429881Z Updating files:  89% (1325/1488)
job-core	Checkout code	2026-02-11T16:39:47.9692661Z Updating files:  89% (1326/1488)
job-core	Checkout code	2026-02-11T16:39:49.1953693Z Updating files:  89% (1327/1488)
job-core	Checkout code	2026-02-11T16:39:49.4123591Z Updating files:  89% (1336/1488)
job-core	Checkout code	2026-02-11T16:39:50.8722120Z Updating files:  90% (1340/1488)
job-core	Checkout code	2026-02-11T16:39:50.9590573Z Updating files:  90% (1349/1488)
job-core	Checkout code	2026-02-11T16:39:52.3614052Z Updating files:  90% (1351/1488)
job-core	Checkout code	2026-02-11T16:39:53.6246627Z Updating files:  90% (1352/1488)
job-core	Checkout code	2026-02-11T16:39:54.1164476Z Updating files:  90% (1354/1488)
job-core	Checkout code	2026-02-11T16:39:54.2503833Z Updating files:  91% (1355/1488)
job-core	Checkout code	2026-02-11T16:39:54.2551360Z Updating files:  92% (1369/1488)
job-core	Checkout code	2026-02-11T16:39:54.2555433Z Updating files:  93% (1384/1488)
job-core	Checkout code	2026-02-11T16:39:54.3145341Z Updating files:  94% (1399/1488)
job-core	Checkout code	2026-02-11T16:39:54.3149179Z Updating files:  95% (1414/1488)
job-core	Checkout code	2026-02-11T16:39:54.3562624Z Updating files:  96% (1429/1488)
job-core	Checkout code	2026-02-11T16:39:54.5869075Z Updating files:  97% (1444/1488)
job-core	Checkout code	2026-02-11T16:39:54.5961668Z Updating files:  98% (1459/1488)
job-core	Checkout code	2026-02-11T16:39:54.6136184Z Updating files:  99% (1474/1488)
job-core	Checkout code	2026-02-11T16:39:54.6137514Z Updating files: 100% (1488/1488)
job-core	Checkout code	2026-02-11T16:39:54.6189458Z Updating files: 100% (1488/1488), done.
job-core	Checkout code	2026-02-11T16:39:56.0923313Z Switched to a new branch 'H3266-deploy-zabbix'
job-core	Checkout code	2026-02-11T16:39:56.0982442Z branch 'H3266-deploy-zabbix' set up to track 'origin/H3266-deploy-zabbix'.
job-core	Checkout code	2026-02-11T16:39:56.3969380Z ##[endgroup]
job-core	Checkout code	2026-02-11T16:39:56.5009826Z [command]/usr/bin/git log -1 --format=%H
job-core	Checkout code	2026-02-11T16:39:56.5149271Z a4ad075ec4b8c512257c7de328ac2dee4e714195
job-core	Install GH CLI	﻿2026-02-11T16:39:59.3532038Z Prepare all required actions
job-core	Install GH CLI	2026-02-11T16:40:00.6737955Z ##[group]Run ./.github/actions/install-gh-cli
job-core	Install GH CLI	2026-02-11T16:40:00.6739235Z env:
job-core	Install GH CLI	2026-02-11T16:40:00.6739867Z   KAOS_MODULE: [Ka0S] YAMLLINT
job-core	Install GH CLI	2026-02-11T16:40:00.6741763Z   GH_TOKEN: ***
job-core	Install GH CLI	2026-02-11T16:40:00.6742899Z   KAOS_YAMLLINT_CONFIG: core/config/kaos-yamllint-config.yaml
job-core	Install GH CLI	2026-02-11T16:40:00.6744318Z   KAOS_PRETTIER_CONFIG: compliance/yaml/.prettierrc.json
job-core	Install GH CLI	2026-02-11T16:40:00.6745118Z   KAOS_PATH_RESUME: audit/yamllint/
job-core	Install GH CLI	2026-02-11T16:40:00.6745825Z   KAOS_REPO: /actions-runner/_work/kaos/kaos
job-core	Install GH CLI	2026-02-11T16:40:00.6746529Z   KAOS_STEP_MODULE: 
job-core	Install GH CLI	2026-02-11T16:40:00.6747055Z   KAOS_CODE: 21913450107
job-core	Install GH CLI	2026-02-11T16:40:00.6747605Z   KAOS_REF_BRANCH: main
job-core	Install GH CLI	2026-02-11T16:40:00.6748423Z ##[endgroup]
job-core	Install GH CLI	2026-02-11T16:40:01.1262411Z ##[group]Run type -p curl >/dev/null || (sudo apt-get update && sudo apt-get install curl -y)
job-core	Install GH CLI	2026-02-11T16:40:01.1265244Z [36;1mtype -p curl >/dev/null || (sudo apt-get update && sudo apt-get install curl -y)[0m
job-core	Install GH CLI	2026-02-11T16:40:01.1267543Z [36;1mcurl -fsSL https://cli.github.com/packages/githubcli-archive-keyring.gpg | sudo dd of=/usr/share/keyrings/githubcli-archive-keyring.gpg \[0m
job-core	Install GH CLI	2026-02-11T16:40:01.1272317Z [36;1m&& sudo chmod go+r /usr/share/keyrings/githubcli-archive-keyring.gpg \[0m
job-core	Install GH CLI	2026-02-11T16:40:01.1419317Z [36;1m&& echo "deb [arch=$(dpkg --print-architecture) signed-by=/usr/share/keyrings/githubcli-archive-keyring.gpg] https://cli.github.com/packages stable main" | sudo tee /etc/apt/sources.list.d/github-cli.list > /dev/null \[0m
job-core	Install GH CLI	2026-02-11T16:40:01.1422785Z [36;1m&& sudo apt-get update \[0m
job-core	Install GH CLI	2026-02-11T16:40:01.1423638Z [36;1m&& sudo apt-get install gh -y[0m
job-core	Install GH CLI	2026-02-11T16:40:01.3153323Z shell: /usr/bin/bash --noprofile --norc -e -o pipefail {0}
job-core	Install GH CLI	2026-02-11T16:40:01.3154691Z env:
job-core	Install GH CLI	2026-02-11T16:40:01.3155607Z   KAOS_MODULE: [Ka0S] YAMLLINT
job-core	Install GH CLI	2026-02-11T16:40:01.3156815Z   GH_TOKEN: ***
job-core	Install GH CLI	2026-02-11T16:40:01.3157560Z   KAOS_YAMLLINT_CONFIG: core/config/kaos-yamllint-config.yaml
job-core	Install GH CLI	2026-02-11T16:40:01.3159641Z   KAOS_PRETTIER_CONFIG: compliance/yaml/.prettierrc.json
job-core	Install GH CLI	2026-02-11T16:40:01.3161474Z   KAOS_PATH_RESUME: audit/yamllint/
job-core	Install GH CLI	2026-02-11T16:40:01.3162857Z   KAOS_REPO: /actions-runner/_work/kaos/kaos
job-core	Install GH CLI	2026-02-11T16:40:01.3163615Z   KAOS_STEP_MODULE: 
job-core	Install GH CLI	2026-02-11T16:40:01.3164150Z   KAOS_CODE: 21913450107
job-core	Install GH CLI	2026-02-11T16:40:01.3164719Z   KAOS_REF_BRANCH: main
job-core	Install GH CLI	2026-02-11T16:40:01.3165228Z ##[endgroup]
job-core	Install GH CLI	2026-02-11T16:40:04.6218987Z 4+1 records in
job-core	Install GH CLI	2026-02-11T16:40:04.6272361Z 4+1 records out
job-core	Install GH CLI	2026-02-11T16:40:04.6274131Z 2270 bytes (2.3 kB, 2.2 KiB) copied, 1.93773 s, 1.2 kB/s
job-core	Install GH CLI	2026-02-11T16:40:10.8600971Z Get:1 https://cli.github.com/packages stable InRelease [3917 B]
job-core	Install GH CLI	2026-02-11T16:40:10.9334714Z Get:2 http://archive.ubuntu.com/ubuntu noble InRelease [256 kB]
job-core	Install GH CLI	2026-02-11T16:40:10.9770504Z Get:3 http://security.ubuntu.com/ubuntu noble-security InRelease [126 kB]
job-core	Install GH CLI	2026-02-11T16:40:12.1764930Z Get:4 https://ppa.launchpadcontent.net/git-core/ppa/ubuntu noble InRelease [24.3 kB]
job-core	Install GH CLI	2026-02-11T16:40:12.2684761Z Get:5 http://archive.ubuntu.com/ubuntu noble-updates InRelease [126 kB]
job-core	Install GH CLI	2026-02-11T16:40:12.9881324Z Get:6 http://archive.ubuntu.com/ubuntu noble-backports InRelease [126 kB]
job-core	Install GH CLI	2026-02-11T16:40:17.1061608Z Get:7 https://cli.github.com/packages stable/main amd64 Packages [356 B]
job-core	Install GH CLI	2026-02-11T16:40:19.9654224Z Get:8 http://security.ubuntu.com/ubuntu noble-security/universe amd64 Packages [1199 kB]
job-core	Install GH CLI	2026-02-11T16:40:21.0828593Z Get:9 http://security.ubuntu.com/ubuntu noble-security/main amd64 Packages [1822 kB]
job-core	Install GH CLI	2026-02-11T16:40:23.7556187Z Get:10 http://security.ubuntu.com/ubuntu noble-security/restricted amd64 Packages [3106 kB]
job-core	Install GH CLI	2026-02-11T16:40:23.7688981Z Get:11 http://archive.ubuntu.com/ubuntu noble/multiverse amd64 Packages [331 kB]
job-core	Install GH CLI	2026-02-11T16:40:24.6789987Z Get:12 http://archive.ubuntu.com/ubuntu noble/main amd64 Packages [1808 kB]
job-core	Install GH CLI	2026-02-11T16:40:26.3510463Z Get:13 http://security.ubuntu.com/ubuntu noble-security/multiverse amd64 Packages [34.8 kB]
job-core	Install GH CLI	2026-02-11T16:40:26.4540772Z Get:14 http://archive.ubuntu.com/ubuntu noble/universe amd64 Packages [19.3 MB]
job-core	Install GH CLI	2026-02-11T16:40:26.9962003Z Get:15 https://ppa.launchpadcontent.net/git-core/ppa/ubuntu noble/main amd64 Packages [2994 B]
job-core	Install GH CLI	2026-02-11T16:40:36.7920811Z Get:16 http://archive.ubuntu.com/ubuntu noble/restricted amd64 Packages [117 kB]
job-core	Install GH CLI	2026-02-11T16:40:37.4203184Z Get:17 http://archive.ubuntu.com/ubuntu noble-updates/multiverse amd64 Packages [38.1 kB]
job-core	Install GH CLI	2026-02-11T16:40:37.5730214Z Get:18 http://archive.ubuntu.com/ubuntu noble-updates/main amd64 Packages [2201 kB]
job-core	Install GH CLI	2026-02-11T16:40:38.8239579Z Get:19 http://archive.ubuntu.com/ubuntu noble-updates/universe amd64 Packages [1978 kB]
job-core	Install GH CLI	2026-02-11T16:40:39.6060372Z Get:20 http://archive.ubuntu.com/ubuntu noble-updates/restricted amd64 Packages [3287 kB]
job-core	Install GH CLI	2026-02-11T16:40:40.3989015Z Get:21 http://archive.ubuntu.com/ubuntu noble-backports/main amd64 Packages [49.5 kB]
job-core	Install GH CLI	2026-02-11T16:40:40.5408560Z Get:22 http://archive.ubuntu.com/ubuntu noble-backports/universe amd64 Packages [34.6 kB]
job-core	Install GH CLI	2026-02-11T16:41:06.3229264Z Fetched 36.0 MB in 55s (652 kB/s)
job-core	Install GH CLI	2026-02-11T16:41:21.2508168Z Reading package lists...
job-core	Install GH CLI	2026-02-11T16:41:34.7475458Z Reading package lists...
job-core	Install GH CLI	2026-02-11T16:41:35.7982575Z Building dependency tree...
job-core	Install GH CLI	2026-02-11T16:41:35.8028773Z Reading state information...
job-core	Install GH CLI	2026-02-11T16:41:38.4033114Z The following NEW packages will be installed:
job-core	Install GH CLI	2026-02-11T16:41:38.4246261Z   gh
job-core	Install GH CLI	2026-02-11T16:41:39.0218951Z 0 upgraded, 1 newly installed, 0 to remove and 18 not upgraded.
job-core	Install GH CLI	2026-02-11T16:41:39.0227291Z Need to get 13.7 MB of archives.
job-core	Install GH CLI	2026-02-11T16:41:39.0228751Z After this operation, 37.9 MB of additional disk space will be used.
job-core	Install GH CLI	2026-02-11T16:41:39.0289354Z Get:1 https://cli.github.com/packages stable/main amd64 gh amd64 2.86.0 [13.7 MB]
job-core	Install GH CLI	2026-02-11T16:41:47.0431634Z debconf: delaying package configuration, since apt-utils is not installed
job-core	Install GH CLI	2026-02-11T16:41:49.0259430Z Fetched 13.7 MB in 2s (7492 kB/s)
job-core	Install GH CLI	2026-02-11T16:41:49.9207626Z Selecting previously unselected package gh.
job-core	Install GH CLI	2026-02-11T16:41:50.1818661Z (Reading database ... 
job-core	Install GH CLI	2026-02-11T16:41:50.1819758Z (Reading database ... 5%
job-core	Install GH CLI	2026-02-11T16:41:50.1821130Z (Reading database ... 10%
job-core	Install GH CLI	2026-02-11T16:41:50.1822466Z (Reading database ... 15%
job-core	Install GH CLI	2026-02-11T16:41:50.1823373Z (Reading database ... 20%
job-core	Install GH CLI	2026-02-11T16:41:50.1824715Z (Reading database ... 25%
job-core	Install GH CLI	2026-02-11T16:41:50.1826062Z (Reading database ... 30%
job-core	Install GH CLI	2026-02-11T16:41:50.1826926Z (Reading database ... 35%
job-core	Install GH CLI	2026-02-11T16:41:50.1949417Z (Reading database ... 40%
job-core	Install GH CLI	2026-02-11T16:41:50.1950343Z (Reading database ... 45%
job-core	Install GH CLI	2026-02-11T16:41:50.1951054Z (Reading database ... 50%
job-core	Install GH CLI	2026-02-11T16:41:50.1951999Z (Reading database ... 55%
job-core	Install GH CLI	2026-02-11T16:41:50.1952785Z (Reading database ... 60%
job-core	Install GH CLI	2026-02-11T16:41:50.1953509Z (Reading database ... 65%
job-core	Install GH CLI	2026-02-11T16:41:50.2098310Z (Reading database ... 70%
job-core	Install GH CLI	2026-02-11T16:41:50.2099509Z (Reading database ... 75%
job-core	Install GH CLI	2026-02-11T16:41:50.2100069Z (Reading database ... 80%
job-core	Install GH CLI	2026-02-11T16:41:50.2100920Z (Reading database ... 85%
job-core	Install GH CLI	2026-02-11T16:41:50.2101900Z (Reading database ... 90%
job-core	Install GH CLI	2026-02-11T16:41:50.2102570Z (Reading database ... 95%
job-core	Install GH CLI	2026-02-11T16:41:50.2103386Z (Reading database ... 100%
job-core	Install GH CLI	2026-02-11T16:41:50.2105042Z (Reading database ... 14385 files and directories currently installed.)
job-core	Install GH CLI	2026-02-11T16:41:50.2106715Z Preparing to unpack .../archives/gh_2.86.0_amd64.deb ...
job-core	Install GH CLI	2026-02-11T16:41:50.2469135Z Unpacking gh (2.86.0) ...
job-core	Install GH CLI	2026-02-11T16:42:03.2529176Z Setting up gh (2.86.0) ...
job-core	Setup Python and Node.js	﻿2026-02-11T16:42:05.3907256Z ##[group]Run actions/setup-python@v5
job-core	Setup Python and Node.js	2026-02-11T16:42:05.3908596Z with:
job-core	Setup Python and Node.js	2026-02-11T16:42:05.3909041Z   python-version: 3.x
job-core	Setup Python and Node.js	2026-02-11T16:42:05.3909648Z   check-latest: false
job-core	Setup Python and Node.js	2026-02-11T16:42:05.3910828Z   token: ***
job-core	Setup Python and Node.js	2026-02-11T16:42:05.3911605Z   update-environment: true
job-core	Setup Python and Node.js	2026-02-11T16:42:05.3912580Z   allow-prereleases: false
job-core	Setup Python and Node.js	2026-02-11T16:42:05.3913501Z   freethreaded: false
job-core	Setup Python and Node.js	2026-02-11T16:42:05.3914277Z env:
job-core	Setup Python and Node.js	2026-02-11T16:42:05.3914963Z   KAOS_MODULE: [Ka0S] YAMLLINT
job-core	Setup Python and Node.js	2026-02-11T16:42:05.3916258Z   GH_TOKEN: ***
job-core	Setup Python and Node.js	2026-02-11T16:42:05.3917363Z   KAOS_YAMLLINT_CONFIG: core/config/kaos-yamllint-config.yaml
job-core	Setup Python and Node.js	2026-02-11T16:42:05.4369451Z   KAOS_PRETTIER_CONFIG: compliance/yaml/.prettierrc.json
job-core	Setup Python and Node.js	2026-02-11T16:42:05.4370495Z   KAOS_PATH_RESUME: audit/yamllint/
job-core	Setup Python and Node.js	2026-02-11T16:42:05.4371267Z   KAOS_REPO: /actions-runner/_work/kaos/kaos
job-core	Setup Python and Node.js	2026-02-11T16:42:05.4372021Z   KAOS_STEP_MODULE: 
job-core	Setup Python and Node.js	2026-02-11T16:42:05.4372581Z   KAOS_CODE: 21913450107
job-core	Setup Python and Node.js	2026-02-11T16:42:05.4373202Z   KAOS_REF_BRANCH: main
job-core	Setup Python and Node.js	2026-02-11T16:42:05.4373854Z ##[endgroup]
job-core	Setup Python and Node.js	2026-02-11T16:42:10.7275917Z ##[group]Installed versions
job-core	Setup Python and Node.js	2026-02-11T16:42:10.7338565Z Version 3.x was not found in the local cache
job-core	Setup Python and Node.js	2026-02-11T16:42:11.9987066Z Version 3.x is available for downloading
job-core	Setup Python and Node.js	2026-02-11T16:42:11.9990539Z Download from "https://github.com/actions/python-versions/releases/download/3.14.3-21673711214/python-3.14.3-linux-24.04-x64.tar.gz"
job-core	Setup Python and Node.js	2026-02-11T16:42:59.2288723Z Extract downloaded archive
job-core	Setup Python and Node.js	2026-02-11T16:42:59.3902272Z [command]/usr/bin/tar xz --warning=no-unknown-keyword --overwrite -C /home/runner/_work/_temp/60bff9e6-c7f6-4ed6-87b4-ed6081b9d957 -f /home/runner/_work/_temp/e0abd671-4622-4a7a-aeb8-0515f26a74de
job-core	Setup Python and Node.js	2026-02-11T16:44:20.1468855Z Execute installation script
job-core	Setup Python and Node.js	2026-02-11T16:44:20.2515016Z Check if Python hostedtoolcache folder exist...
job-core	Setup Python and Node.js	2026-02-11T16:44:20.2517419Z Creating Python hostedtoolcache folder...
job-core	Setup Python and Node.js	2026-02-11T16:44:20.2556426Z Create Python 3.14.3 folder
job-core	Setup Python and Node.js	2026-02-11T16:44:20.2598717Z Copy Python binaries to hostedtoolcache folder
job-core	Setup Python and Node.js	2026-02-11T16:46:16.0221664Z Create additional symlinks (Required for the UsePythonVersion Azure Pipelines task and the setup-python GitHub Action)
job-core	Setup Python and Node.js	2026-02-11T16:46:16.2674587Z Upgrading pip...
job-core	Setup Python and Node.js	2026-02-11T16:47:10.8697600Z Looking in links: /tmp/tmp3se_5tyh
job-core	Setup Python and Node.js	2026-02-11T16:47:10.8699370Z Requirement already satisfied: pip in /home/runner/_work/_tool/Python/3.14.3/x64/lib/python3.14/site-packages (25.3)
job-core	Setup Python and Node.js	2026-02-11T16:47:43.8183417Z Collecting pip
job-core	Setup Python and Node.js	2026-02-11T16:47:44.8472092Z Downloading pip-26.0.1-py3-none-any.whl.metadata (4.7 kB)
job-core	Setup Python and Node.js	2026-02-11T16:47:45.0299442Z Downloading pip-26.0.1-py3-none-any.whl (1.8 MB)
job-core	Setup Python and Node.js	2026-02-11T16:47:45.6015618Z ━━━━━━━━━━━━━━━━━━━━━━━━━━━━━━━━━━━━━━━━ 1.8/1.8 MB 4.6 MB/s  0:00:00
job-core	Setup Python and Node.js	2026-02-11T16:47:46.1020045Z Installing collected packages: pip
job-core	Setup Python and Node.js	2026-02-11T16:47:46.1035938Z   Attempting uninstall: pip
job-core	Setup Python and Node.js	2026-02-11T16:47:46.3233534Z Found existing installation: pip 25.3
job-core	Setup Python and Node.js	2026-02-11T16:47:47.0096025Z Uninstalling pip-25.3:
job-core	Setup Python and Node.js	2026-02-11T16:47:47.0491876Z Successfully uninstalled pip-25.3
job-core	Setup Python and Node.js	2026-02-11T16:48:18.8824742Z Successfully installed pip-26.0.1
job-core	Setup Python and Node.js	2026-02-11T16:48:19.6106392Z Create complete file
job-core	Setup Python and Node.js	2026-02-11T16:48:19.7379864Z Successfully set up CPython (3.14.3)
job-core	Setup Python and Node.js	2026-02-11T16:48:19.7382443Z ##[endgroup]
job-core	Install Node.js	﻿2026-02-11T16:48:20.6834401Z ##[group]Run actions/setup-node@v4
job-core	Install Node.js	2026-02-11T16:48:20.6835262Z with:
job-core	Install Node.js	2026-02-11T16:48:20.6835774Z   node-version: 20
job-core	Install Node.js	2026-02-11T16:48:20.6836360Z   always-auth: false
job-core	Install Node.js	2026-02-11T16:48:20.6836974Z   check-latest: false
job-core	Install Node.js	2026-02-11T16:48:20.6838320Z   token: ***
job-core	Install Node.js	2026-02-11T16:48:20.6839094Z env:
job-core	Install Node.js	2026-02-11T16:48:20.6840114Z   KAOS_MODULE: [Ka0S] YAMLLINT
job-core	Install Node.js	2026-02-11T16:48:20.6841737Z   GH_TOKEN: ***
job-core	Install Node.js	2026-02-11T16:48:20.6843173Z   KAOS_YAMLLINT_CONFIG: core/config/kaos-yamllint-config.yaml
job-core	Install Node.js	2026-02-11T16:48:20.6845170Z   KAOS_PRETTIER_CONFIG: compliance/yaml/.prettierrc.json
job-core	Install Node.js	2026-02-11T16:48:20.6846759Z   KAOS_PATH_RESUME: audit/yamllint/
job-core	Install Node.js	2026-02-11T16:48:20.6848160Z   KAOS_REPO: /actions-runner/_work/kaos/kaos
job-core	Install Node.js	2026-02-11T16:48:20.6848820Z   KAOS_STEP_MODULE: 
job-core	Install Node.js	2026-02-11T16:48:20.6849299Z   KAOS_CODE: 21913450107
job-core	Install Node.js	2026-02-11T16:48:20.6849853Z   KAOS_REF_BRANCH: main
job-core	Install Node.js	2026-02-11T16:48:20.6850547Z   pythonLocation: /home/runner/_work/_tool/Python/3.14.3/x64
job-core	Install Node.js	2026-02-11T16:48:20.6851671Z   PKG_CONFIG_PATH: /home/runner/_work/_tool/Python/3.14.3/x64/lib/pkgconfig
job-core	Install Node.js	2026-02-11T16:48:20.6852777Z   Python_ROOT_DIR: /home/runner/_work/_tool/Python/3.14.3/x64
job-core	Install Node.js	2026-02-11T16:48:20.6853716Z   Python2_ROOT_DIR: /home/runner/_work/_tool/Python/3.14.3/x64
job-core	Install Node.js	2026-02-11T16:48:20.6854871Z   Python3_ROOT_DIR: /home/runner/_work/_tool/Python/3.14.3/x64
job-core	Install Node.js	2026-02-11T16:48:20.6856111Z   LD_LIBRARY_PATH: /home/runner/_work/_tool/Python/3.14.3/x64/lib
job-core	Install Node.js	2026-02-11T16:48:20.6857356Z ##[endgroup]
job-core	Install Node.js	2026-02-11T16:48:26.0820843Z Attempting to download 20...
job-core	Install Node.js	2026-02-11T16:48:29.3431250Z Acquiring 20.20.0 - x64 from https://github.com/actions/node-versions/releases/download/20.20.0-20981710805/node-20.20.0-linux-x64.tar.gz
job-core	Install Node.js	2026-02-11T16:48:41.2023490Z Extracting ...
job-core	Install Node.js	2026-02-11T16:48:41.5251123Z [command]/usr/bin/tar xz --strip 1 --warning=no-unknown-keyword --overwrite -C /home/runner/_work/_temp/13198e17-088a-47ea-82ec-6aeaa701894a -f /home/runner/_work/_temp/c7b39636-315a-4e67-a1d1-e45fedbc82c5
job-core	Install Node.js	2026-02-11T16:49:24.7423506Z Adding to the cache ...
job-core	Install Node.js	2026-02-11T16:50:54.8615431Z ##[group]Environment details
job-core	Install Node.js	2026-02-11T16:50:58.5427747Z node: v20.20.0
job-core	Install Node.js	2026-02-11T16:50:58.5429218Z npm: 10.8.2
job-core	Install Node.js	2026-02-11T16:50:58.5438129Z yarn: 
job-core	Install Node.js	2026-02-11T16:50:58.5439561Z ##[endgroup]
job-core	Run Ka0s Lint YAML Action	﻿2026-02-11T16:50:59.2450909Z Prepare all required actions
job-core	Run Ka0s Lint YAML Action	2026-02-11T16:50:59.7641487Z ##[group]Run ./.github/actions/kaos-lint-yaml
job-core	Run Ka0s Lint YAML Action	2026-02-11T16:50:59.7643054Z with:
job-core	Run Ka0s Lint YAML Action	2026-02-11T16:50:59.7644462Z   file_path: core/b2b/core-services/soc/wazuh-indexer.yaml
job-core	Run Ka0s Lint YAML Action	2026-02-11T16:50:59.7646263Z   fix: true
job-core	Run Ka0s Lint YAML Action	2026-02-11T16:50:59.7728085Z   path_resume: audit/yamllint/yamllint-results-21913450107.txt
job-core	Run Ka0s Lint YAML Action	2026-02-11T16:50:59.7730981Z   yamllint_config: core/config/kaos-yamllint-config.yaml
job-core	Run Ka0s Lint YAML Action	2026-02-11T16:50:59.7732214Z   prettier_config: compliance/yaml/.prettierrc.json
job-core	Run Ka0s Lint YAML Action	2026-02-11T16:50:59.7733207Z env:
job-core	Run Ka0s Lint YAML Action	2026-02-11T16:50:59.7734294Z   KAOS_MODULE: [Ka0S] YAMLLINT
job-core	Run Ka0s Lint YAML Action	2026-02-11T16:50:59.7735345Z   GH_TOKEN: ***
job-core	Run Ka0s Lint YAML Action	2026-02-11T16:50:59.7736345Z   KAOS_YAMLLINT_CONFIG: core/config/kaos-yamllint-config.yaml
job-core	Run Ka0s Lint YAML Action	2026-02-11T16:50:59.7750442Z   KAOS_PRETTIER_CONFIG: compliance/yaml/.prettierrc.json
job-core	Run Ka0s Lint YAML Action	2026-02-11T16:50:59.7751295Z   KAOS_PATH_RESUME: audit/yamllint/
job-core	Run Ka0s Lint YAML Action	2026-02-11T16:50:59.7752059Z   KAOS_REPO: /actions-runner/_work/kaos/kaos
job-core	Run Ka0s Lint YAML Action	2026-02-11T16:50:59.7753072Z   KAOS_STEP_MODULE: 
job-core	Run Ka0s Lint YAML Action	2026-02-11T16:50:59.7753919Z   KAOS_CODE: 21913450107
job-core	Run Ka0s Lint YAML Action	2026-02-11T16:50:59.7754824Z   KAOS_REF_BRANCH: main
job-core	Run Ka0s Lint YAML Action	2026-02-11T16:50:59.7755910Z   pythonLocation: /home/runner/_work/_tool/Python/3.14.3/x64
job-core	Run Ka0s Lint YAML Action	2026-02-11T16:50:59.7757196Z   PKG_CONFIG_PATH: /home/runner/_work/_tool/Python/3.14.3/x64/lib/pkgconfig
job-core	Run Ka0s Lint YAML Action	2026-02-11T16:50:59.7780067Z   Python_ROOT_DIR: /home/runner/_work/_tool/Python/3.14.3/x64
job-core	Run Ka0s Lint YAML Action	2026-02-11T16:50:59.7781671Z   Python2_ROOT_DIR: /home/runner/_work/_tool/Python/3.14.3/x64
job-core	Run Ka0s Lint YAML Action	2026-02-11T16:50:59.7782978Z   Python3_ROOT_DIR: /home/runner/_work/_tool/Python/3.14.3/x64
job-core	Run Ka0s Lint YAML Action	2026-02-11T16:50:59.7783952Z   LD_LIBRARY_PATH: /home/runner/_work/_tool/Python/3.14.3/x64/lib
job-core	Run Ka0s Lint YAML Action	2026-02-11T16:50:59.7784792Z ##[endgroup]
job-core	Run Ka0s Lint YAML Action	2026-02-11T16:50:59.8454224Z ##[group]Run if ! command -v yamllint &> /dev/null; then pip install yamllint; fi
job-core	Run Ka0s Lint YAML Action	2026-02-11T16:50:59.8456023Z [36;1mif ! command -v yamllint &> /dev/null; then pip install yamllint; fi[0m
job-core	Run Ka0s Lint YAML Action	2026-02-11T16:50:59.8457599Z [36;1mif ! command -v prettier &> /dev/null; then npm install -g prettier; fi[0m
job-core	Run Ka0s Lint YAML Action	2026-02-11T16:50:59.8500417Z [36;1mmkdir -p $(dirname "audit/yamllint/yamllint-results-21913450107.txt")[0m
job-core	Run Ka0s Lint YAML Action	2026-02-11T16:50:59.8865836Z shell: /usr/bin/bash --noprofile --norc -e -o pipefail {0}
job-core	Run Ka0s Lint YAML Action	2026-02-11T16:50:59.8866748Z env:
job-core	Run Ka0s Lint YAML Action	2026-02-11T16:50:59.8867218Z   KAOS_MODULE: [Ka0S] YAMLLINT
job-core	Run Ka0s Lint YAML Action	2026-02-11T16:50:59.8868352Z   GH_TOKEN: ***
job-core	Run Ka0s Lint YAML Action	2026-02-11T16:50:59.8869067Z   KAOS_YAMLLINT_CONFIG: core/config/kaos-yamllint-config.yaml
job-core	Run Ka0s Lint YAML Action	2026-02-11T16:50:59.8870057Z   KAOS_PRETTIER_CONFIG: compliance/yaml/.prettierrc.json
job-core	Run Ka0s Lint YAML Action	2026-02-11T16:50:59.8870892Z   KAOS_PATH_RESUME: audit/yamllint/
job-core	Run Ka0s Lint YAML Action	2026-02-11T16:50:59.8871647Z   KAOS_REPO: /actions-runner/_work/kaos/kaos
job-core	Run Ka0s Lint YAML Action	2026-02-11T16:50:59.8872371Z   KAOS_STEP_MODULE: 
job-core	Run Ka0s Lint YAML Action	2026-02-11T16:50:59.8872886Z   KAOS_CODE: 21913450107
job-core	Run Ka0s Lint YAML Action	2026-02-11T16:50:59.8873419Z   KAOS_REF_BRANCH: main
job-core	Run Ka0s Lint YAML Action	2026-02-11T16:50:59.8874178Z   pythonLocation: /home/runner/_work/_tool/Python/3.14.3/x64
job-core	Run Ka0s Lint YAML Action	2026-02-11T16:50:59.8875330Z   PKG_CONFIG_PATH: /home/runner/_work/_tool/Python/3.14.3/x64/lib/pkgconfig
job-core	Run Ka0s Lint YAML Action	2026-02-11T16:50:59.8876544Z   Python_ROOT_DIR: /home/runner/_work/_tool/Python/3.14.3/x64
job-core	Run Ka0s Lint YAML Action	2026-02-11T16:50:59.8877556Z   Python2_ROOT_DIR: /home/runner/_work/_tool/Python/3.14.3/x64
job-core	Run Ka0s Lint YAML Action	2026-02-11T16:50:59.8878839Z   Python3_ROOT_DIR: /home/runner/_work/_tool/Python/3.14.3/x64
job-core	Run Ka0s Lint YAML Action	2026-02-11T16:50:59.8879942Z   LD_LIBRARY_PATH: /home/runner/_work/_tool/Python/3.14.3/x64/lib
job-core	Run Ka0s Lint YAML Action	2026-02-11T16:50:59.8880874Z ##[endgroup]
job-core	Run Ka0s Lint YAML Action	2026-02-11T16:51:11.2254729Z Collecting yamllint
job-core	Run Ka0s Lint YAML Action	2026-02-11T16:51:12.7009516Z   Downloading yamllint-1.38.0-py3-none-any.whl.metadata (4.2 kB)
job-core	Run Ka0s Lint YAML Action	2026-02-11T16:51:13.0809209Z Collecting pathspec>=1.0.0 (from yamllint)
job-core	Run Ka0s Lint YAML Action	2026-02-11T16:51:13.1720086Z   Downloading pathspec-1.0.4-py3-none-any.whl.metadata (13 kB)
job-core	Run Ka0s Lint YAML Action	2026-02-11T16:51:14.6442859Z Collecting pyyaml (from yamllint)
job-core	Run Ka0s Lint YAML Action	2026-02-11T16:51:14.7921772Z   Downloading pyyaml-6.0.3-cp314-cp314-manylinux2014_x86_64.manylinux_2_17_x86_64.manylinux_2_28_x86_64.whl.metadata (2.4 kB)
job-core	Run Ka0s Lint YAML Action	2026-02-11T16:51:15.0980374Z Downloading yamllint-1.38.0-py3-none-any.whl (68 kB)
job-core	Run Ka0s Lint YAML Action	2026-02-11T16:51:15.5119471Z Downloading pathspec-1.0.4-py3-none-any.whl (55 kB)
job-core	Run Ka0s Lint YAML Action	2026-02-11T16:51:15.6672158Z Downloading pyyaml-6.0.3-cp314-cp314-manylinux2014_x86_64.manylinux_2_17_x86_64.manylinux_2_28_x86_64.whl (794 kB)
job-core	Run Ka0s Lint YAML Action	2026-02-11T16:51:15.9157774Z    ━━━━━━━━━━━━━━━━━━━━━━━━━━━━━━━━━━━━━━━━ 794.2/794.2 kB 3.2 MB/s  0:00:00
job-core	Run Ka0s Lint YAML Action	2026-02-11T16:51:16.7180334Z Installing collected packages: pyyaml, pathspec, yamllint
job-core	Run Ka0s Lint YAML Action	2026-02-11T16:51:21.2128884Z 
job-core	Run Ka0s Lint YAML Action	2026-02-11T16:51:21.3466910Z Successfully installed pathspec-1.0.4 pyyaml-6.0.3 yamllint-1.38.0
job-core	Run Ka0s Lint YAML Action	2026-02-11T16:51:39.5533291Z 
job-core	Run Ka0s Lint YAML Action	2026-02-11T16:51:39.5590670Z added 1 package in 14s
job-core	Run Ka0s Lint YAML Action	2026-02-11T16:51:39.5608484Z 
job-core	Run Ka0s Lint YAML Action	2026-02-11T16:51:39.5650243Z 1 package is looking for funding
job-core	Run Ka0s Lint YAML Action	2026-02-11T16:51:39.5936854Z   run `npm fund` for details
job-core	Run Ka0s Lint YAML Action	2026-02-11T16:51:39.8686576Z ##[group]Run FILE="core/b2b/core-services/soc/wazuh-indexer.yaml"
job-core	Run Ka0s Lint YAML Action	2026-02-11T16:51:39.8786209Z [36;1mFILE="core/b2b/core-services/soc/wazuh-indexer.yaml"[0m
job-core	Run Ka0s Lint YAML Action	2026-02-11T16:51:39.9570784Z [36;1mRESUME_FILE="audit/yamllint/yamllint-results-21913450107.txt"[0m
job-core	Run Ka0s Lint YAML Action	2026-02-11T16:51:39.9593657Z [36;1mYAML_CFG="core/config/kaos-yamllint-config.yaml"[0m
job-core	Run Ka0s Lint YAML Action	2026-02-11T16:51:39.9595239Z [36;1mPRETTIER_CFG="compliance/yaml/.prettierrc.json"[0m
job-core	Run Ka0s Lint YAML Action	2026-02-11T16:51:39.9596475Z [36;1m[0m
job-core	Run Ka0s Lint YAML Action	2026-02-11T16:51:39.9597599Z [36;1mecho "Starting YAML Check for: $FILE" >> "$RESUME_FILE"[0m
job-core	Run Ka0s Lint YAML Action	2026-02-11T16:51:39.9616021Z [36;1m[0m
job-core	Run Ka0s Lint YAML Action	2026-02-11T16:51:39.9616797Z [36;1m# 1. Syntax (yamllint)[0m
job-core	Run Ka0s Lint YAML Action	2026-02-11T16:51:39.9618406Z [36;1mif ! yamllint -c "$YAML_CFG" "$FILE" >> "$RESUME_FILE" 2>&1; then[0m
job-core	Run Ka0s Lint YAML Action	2026-02-11T16:51:39.9620114Z [36;1m  echo "❌ Syntax Error detected by Yamllint" >> "$RESUME_FILE"[0m
job-core	Run Ka0s Lint YAML Action	2026-02-11T16:51:39.9621502Z [36;1m  exit 1[0m
job-core	Run Ka0s Lint YAML Action	2026-02-11T16:51:39.9622257Z [36;1melse[0m
job-core	Run Ka0s Lint YAML Action	2026-02-11T16:51:39.9627670Z [36;1m  echo "✅ Syntax Check Passed" >> "$RESUME_FILE"[0m
job-core	Run Ka0s Lint YAML Action	2026-02-11T16:51:39.9634419Z [36;1mfi[0m
job-core	Run Ka0s Lint YAML Action	2026-02-11T16:51:39.9635123Z [36;1m[0m
job-core	Run Ka0s Lint YAML Action	2026-02-11T16:51:39.9635885Z [36;1m# 2. Style (Prettier)[0m
job-core	Run Ka0s Lint YAML Action	2026-02-11T16:51:39.9637261Z [36;1mif ! prettier --check "$FILE" --config "$PRETTIER_CFG"; then[0m
job-core	Run Ka0s Lint YAML Action	2026-02-11T16:51:39.9675761Z [36;1m  echo "⚠️ Style Error detected." >> "$RESUME_FILE"[0m
job-core	Run Ka0s Lint YAML Action	2026-02-11T16:51:39.9677282Z [36;1m  [0m
job-core	Run Ka0s Lint YAML Action	2026-02-11T16:51:39.9678187Z [36;1m  if [ "true" == "true" ]; then[0m
job-core	Run Ka0s Lint YAML Action	2026-02-11T16:51:39.9691827Z [36;1m    echo "Attempting Self-Healing..." >> "$RESUME_FILE"[0m
job-core	Run Ka0s Lint YAML Action	2026-02-11T16:51:39.9694307Z [36;1m    if prettier --write "$FILE" --config "$PRETTIER_CFG"; then[0m
job-core	Run Ka0s Lint YAML Action	2026-02-11T16:51:39.9696191Z [36;1m      echo "✅ Self-Healing Successful." >> "$RESUME_FILE"[0m
job-core	Run Ka0s Lint YAML Action	2026-02-11T16:51:39.9697579Z [36;1m    else[0m
job-core	Run Ka0s Lint YAML Action	2026-02-11T16:51:39.9698847Z [36;1m      echo "❌ Self-Healing Failed." >> "$RESUME_FILE"[0m
job-core	Run Ka0s Lint YAML Action	2026-02-11T16:51:39.9700080Z [36;1m      exit 1[0m
job-core	Run Ka0s Lint YAML Action	2026-02-11T16:51:39.9700936Z [36;1m    fi[0m
job-core	Run Ka0s Lint YAML Action	2026-02-11T16:51:39.9701647Z [36;1m  else[0m
job-core	Run Ka0s Lint YAML Action	2026-02-11T16:51:39.9702896Z [36;1m     echo "❌ Style violations found (Fix mode disabled)." >> "$RESUME_FILE"[0m
job-core	Run Ka0s Lint YAML Action	2026-02-11T16:51:39.9704454Z [36;1m     exit 1[0m
job-core	Run Ka0s Lint YAML Action	2026-02-11T16:51:39.9705278Z [36;1m  fi[0m
job-core	Run Ka0s Lint YAML Action	2026-02-11T16:51:39.9705946Z [36;1melse[0m
job-core	Run Ka0s Lint YAML Action	2026-02-11T16:51:39.9706841Z [36;1m  echo "✅ Style Check Passed" >> "$RESUME_FILE"[0m
job-core	Run Ka0s Lint YAML Action	2026-02-11T16:51:39.9708292Z [36;1mfi[0m
job-core	Run Ka0s Lint YAML Action	2026-02-11T16:51:39.9746602Z shell: /usr/bin/bash --noprofile --norc -e -o pipefail {0}
job-core	Run Ka0s Lint YAML Action	2026-02-11T16:51:39.9747979Z env:
job-core	Run Ka0s Lint YAML Action	2026-02-11T16:51:39.9748725Z   KAOS_MODULE: [Ka0S] YAMLLINT
job-core	Run Ka0s Lint YAML Action	2026-02-11T16:51:39.9750095Z   GH_TOKEN: ***
job-core	Run Ka0s Lint YAML Action	2026-02-11T16:51:39.9751172Z   KAOS_YAMLLINT_CONFIG: core/config/kaos-yamllint-config.yaml
job-core	Run Ka0s Lint YAML Action	2026-02-11T16:51:39.9752803Z   KAOS_PRETTIER_CONFIG: compliance/yaml/.prettierrc.json
job-core	Run Ka0s Lint YAML Action	2026-02-11T16:51:39.9754090Z   KAOS_PATH_RESUME: audit/yamllint/
job-core	Run Ka0s Lint YAML Action	2026-02-11T16:51:39.9755357Z   KAOS_REPO: /actions-runner/_work/kaos/kaos
job-core	Run Ka0s Lint YAML Action	2026-02-11T16:51:39.9756427Z   KAOS_STEP_MODULE: 
job-core	Run Ka0s Lint YAML Action	2026-02-11T16:51:39.9757200Z   KAOS_CODE: 21913450107
job-core	Run Ka0s Lint YAML Action	2026-02-11T16:51:39.9758157Z   KAOS_REF_BRANCH: main
job-core	Run Ka0s Lint YAML Action	2026-02-11T16:51:39.9759281Z   pythonLocation: /home/runner/_work/_tool/Python/3.14.3/x64
job-core	Run Ka0s Lint YAML Action	2026-02-11T16:51:39.9761692Z   PKG_CONFIG_PATH: /home/runner/_work/_tool/Python/3.14.3/x64/lib/pkgconfig
job-core	Run Ka0s Lint YAML Action	2026-02-11T16:51:39.9763966Z   Python_ROOT_DIR: /home/runner/_work/_tool/Python/3.14.3/x64
job-core	Run Ka0s Lint YAML Action	2026-02-11T16:51:39.9765587Z   Python2_ROOT_DIR: /home/runner/_work/_tool/Python/3.14.3/x64
job-core	Run Ka0s Lint YAML Action	2026-02-11T16:51:39.9767246Z   Python3_ROOT_DIR: /home/runner/_work/_tool/Python/3.14.3/x64
job-core	Run Ka0s Lint YAML Action	2026-02-11T16:51:39.9769495Z   LD_LIBRARY_PATH: /home/runner/_work/_tool/Python/3.14.3/x64/lib
job-core	Run Ka0s Lint YAML Action	2026-02-11T16:51:39.9770797Z ##[endgroup]
job-core	Run Ka0s Lint YAML Action	2026-02-11T16:51:41.1388724Z ##[error]Process completed with exit code 1.
job-core	Report Status	﻿2026-02-11T16:51:41.4000116Z ##[group]Run FILE="core/b2b/core-services/soc/wazuh-indexer.yaml"
job-core	Report Status	2026-02-11T16:51:41.4002663Z [36;1mFILE="core/b2b/core-services/soc/wazuh-indexer.yaml"[0m
job-core	Report Status	2026-02-11T16:51:41.4293271Z [36;1mKAOS_ISSUE_BODY="The [Ka0S] YAMLLINT process (21913361019) failed. File ($FILE) has violations that could not be auto-fixed. Please check the logs."[0m
job-core	Report Status	2026-02-11T16:51:41.4295337Z [36;1mgh issue comment 3266 -b "$KAOS_ISSUE_BODY"[0m
job-core	Report Status	2026-02-11T16:51:41.4296064Z [36;1mexit 1[0m
job-core	Report Status	2026-02-11T16:51:41.5180277Z shell: /usr/bin/bash -e {0}
job-core	Report Status	2026-02-11T16:51:41.5180961Z env:
job-core	Report Status	2026-02-11T16:51:41.5181437Z   KAOS_MODULE: [Ka0S] YAMLLINT
job-core	Report Status	2026-02-11T16:51:41.5182409Z   GH_TOKEN: ***
job-core	Report Status	2026-02-11T16:51:41.5183185Z   KAOS_YAMLLINT_CONFIG: core/config/kaos-yamllint-config.yaml
job-core	Report Status	2026-02-11T16:51:41.5184280Z   KAOS_PRETTIER_CONFIG: compliance/yaml/.prettierrc.json
job-core	Report Status	2026-02-11T16:51:41.5185119Z   KAOS_PATH_RESUME: audit/yamllint/
job-core	Report Status	2026-02-11T16:51:41.5185711Z   KAOS_REPO: /actions-runner/_work/kaos/kaos
job-core	Report Status	2026-02-11T16:51:41.5186336Z   KAOS_STEP_MODULE: 
job-core	Report Status	2026-02-11T16:51:41.5539269Z   KAOS_CODE: 21913450107
job-core	Report Status	2026-02-11T16:51:41.5540288Z   KAOS_REF_BRANCH: main
job-core	Report Status	2026-02-11T16:51:41.5540940Z   pythonLocation: /home/runner/_work/_tool/Python/3.14.3/x64
job-core	Report Status	2026-02-11T16:51:41.5541973Z   PKG_CONFIG_PATH: /home/runner/_work/_tool/Python/3.14.3/x64/lib/pkgconfig
job-core	Report Status	2026-02-11T16:51:41.5543016Z   Python_ROOT_DIR: /home/runner/_work/_tool/Python/3.14.3/x64
job-core	Report Status	2026-02-11T16:51:41.5544052Z   Python2_ROOT_DIR: /home/runner/_work/_tool/Python/3.14.3/x64
job-core	Report Status	2026-02-11T16:51:41.5545124Z   Python3_ROOT_DIR: /home/runner/_work/_tool/Python/3.14.3/x64
job-core	Report Status	2026-02-11T16:51:41.5546175Z   LD_LIBRARY_PATH: /home/runner/_work/_tool/Python/3.14.3/x64/lib
job-core	Report Status	2026-02-11T16:51:41.5547156Z ##[endgroup]
job-core	Report Status	2026-02-11T16:51:45.1634200Z HTTP 401: Bad credentials (https://api.github.com/graphql)
job-core	Report Status	2026-02-11T16:51:45.1662063Z Try authenticating with:  gh auth login
job-core	Report Status	2026-02-11T16:51:45.1983017Z ##[error]Process completed with exit code 1.
job-core	Upload Logs	﻿2026-02-11T16:51:45.4384266Z ##[group]Run # Subir logs de auditoría si existen
job-core	Upload Logs	2026-02-11T16:51:45.4470023Z [36;1m# Subir logs de auditoría si existen[0m
job-core	Upload Logs	2026-02-11T16:51:45.4471178Z [36;1mif [ -f "audit/yamllint/yamllint-results-21913450107.txt" ]; then[0m
job-core	Upload Logs	2026-02-11T16:51:45.4472771Z [36;1m   git config --global user.name "***"[0m
job-core	Upload Logs	2026-02-11T16:51:45.4473988Z [36;1m   git config --global user.email "***"[0m
job-core	Upload Logs	2026-02-11T16:51:45.4474745Z [36;1m   git pull --rebase[0m
job-core	Upload Logs	2026-02-11T16:51:45.4544513Z [36;1m   git add audit/yamllint/*[0m
job-core	Upload Logs	2026-02-11T16:51:45.4545554Z [36;1m   if ! git diff --staged --quiet; then[0m
job-core	Upload Logs	2026-02-11T16:51:45.4546601Z [36;1m      git commit -m "[Ka0S] Uploading YAML compliance audit logs"[0m
job-core	Upload Logs	2026-02-11T16:51:45.4934674Z [36;1m      git push origin refs/heads/H3266-deploy-zabbix --force-with-lease[0m
job-core	Upload Logs	2026-02-11T16:51:45.4949473Z [36;1m   fi[0m
job-core	Upload Logs	2026-02-11T16:51:45.4952802Z [36;1mfi[0m
job-core	Upload Logs	2026-02-11T16:51:45.6025137Z shell: /usr/bin/bash -e {0}
job-core	Upload Logs	2026-02-11T16:51:45.6026373Z env:
job-core	Upload Logs	2026-02-11T16:51:45.6027945Z   KAOS_MODULE: [Ka0S] YAMLLINT
job-core	Upload Logs	2026-02-11T16:51:45.6030744Z   GH_TOKEN: ***
job-core	Upload Logs	2026-02-11T16:51:45.6058402Z   KAOS_YAMLLINT_CONFIG: core/config/kaos-yamllint-config.yaml
job-core	Upload Logs	2026-02-11T16:51:45.6059547Z   KAOS_PRETTIER_CONFIG: compliance/yaml/.prettierrc.json
job-core	Upload Logs	2026-02-11T16:51:45.6060382Z   KAOS_PATH_RESUME: audit/yamllint/
job-core	Upload Logs	2026-02-11T16:51:45.6123060Z   KAOS_REPO: /actions-runner/_work/kaos/kaos
job-core	Upload Logs	2026-02-11T16:51:45.6124159Z   KAOS_STEP_MODULE: 
job-core	Upload Logs	2026-02-11T16:51:45.6124698Z   KAOS_CODE: 21913450107
job-core	Upload Logs	2026-02-11T16:51:45.6125433Z   KAOS_REF_BRANCH: main
job-core	Upload Logs	2026-02-11T16:51:45.6126224Z   pythonLocation: /home/runner/_work/_tool/Python/3.14.3/x64
job-core	Upload Logs	2026-02-11T16:51:45.6127346Z   PKG_CONFIG_PATH: /home/runner/_work/_tool/Python/3.14.3/x64/lib/pkgconfig
job-core	Upload Logs	2026-02-11T16:51:45.6473857Z   Python_ROOT_DIR: /home/runner/_work/_tool/Python/3.14.3/x64
job-core	Upload Logs	2026-02-11T16:51:45.6475564Z   Python2_ROOT_DIR: /home/runner/_work/_tool/Python/3.14.3/x64
job-core	Upload Logs	2026-02-11T16:51:45.6476958Z   Python3_ROOT_DIR: /home/runner/_work/_tool/Python/3.14.3/x64
job-core	Upload Logs	2026-02-11T16:51:45.6561599Z   LD_LIBRARY_PATH: /home/runner/_work/_tool/Python/3.14.3/x64/lib
job-core	Upload Logs	2026-02-11T16:51:45.6562946Z ##[endgroup]
job-core	Upload Logs	2026-02-11T16:51:52.7451413Z From https://github.com/Ka0s-Klaus/ka0s
job-core	Upload Logs	2026-02-11T16:51:52.7479671Z    a4ad075ec..0b538bd87  H3266-deploy-zabbix -> origin/H3266-deploy-zabbix
job-core	Upload Logs	2026-02-11T16:51:52.7892136Z    ba91af007..1f9fd934f  main                -> origin/main
job-core	Upload Logs	2026-02-11T16:51:53.1429766Z Updating a4ad075ec..0b538bd87
job-core	Upload Logs	2026-02-11T16:51:53.1465443Z Fast-forward
job-core	Upload Logs	2026-02-11T16:51:53.3531597Z  audit/mdlint/mdlint-results-21913410159.txt     | 35 +++++++++++++++++++++++++
job-core	Upload Logs	2026-02-11T16:51:53.3731077Z  audit/mdlint/mdlint-results-21913422945.txt     |  7 +++++
job-core	Upload Logs	2026-02-11T16:51:53.3919765Z  audit/mdlint/mdlint-results-21913466326.txt     |  9 +++++++
job-core	Upload Logs	2026-02-11T16:51:53.3922356Z  audit/mdlint/mdlint-results-21913483364.txt     |  9 +++++++
job-core	Upload Logs	2026-02-11T16:51:53.3963884Z  audit/yamllint/yamllint-results-21913411561.txt |  7 +++++
job-core	Upload Logs	2026-02-11T16:51:53.5053749Z  audit/yamllint/yamllint-results-21913424760.txt |  3 +++
job-core	Upload Logs	2026-02-11T16:51:53.5237277Z  audit/yamllint/yamllint-results-21913428842.txt |  3 +++
job-core	Upload Logs	2026-02-11T16:51:53.5239526Z  audit/yamllint/yamllint-results-21913431374.txt |  3 +++
job-core	Upload Logs	2026-02-11T16:51:53.5241549Z  audit/yamllint/yamllint-results-21913437661.txt |  3 +++
job-core	Upload Logs	2026-02-11T16:51:53.5243063Z  audit/yamllint/yamllint-results-21913440405.txt |  3 +++
job-core	Upload Logs	2026-02-11T16:51:53.5244827Z  audit/yamllint/yamllint-results-21913447719.txt |  3 +++
job-core	Upload Logs	2026-02-11T16:51:53.5246547Z  audit/yamllint/yamllint-results-21913455202.txt |  3 +++
job-core	Upload Logs	2026-02-11T16:51:53.5247741Z  12 files changed, 88 insertions(+)
job-core	Upload Logs	2026-02-11T16:51:53.6009897Z  create mode 100644 audit/mdlint/mdlint-results-21913410159.txt
job-core	Upload Logs	2026-02-11T16:51:53.6012705Z  create mode 100644 audit/mdlint/mdlint-results-21913422945.txt
job-core	Upload Logs	2026-02-11T16:51:53.6014832Z  create mode 100644 audit/mdlint/mdlint-results-21913466326.txt
job-core	Upload Logs	2026-02-11T16:51:53.6021977Z  create mode 100644 audit/mdlint/mdlint-results-21913483364.txt
job-core	Upload Logs	2026-02-11T16:51:53.6023897Z  create mode 100644 audit/yamllint/yamllint-results-21913411561.txt
job-core	Upload Logs	2026-02-11T16:51:53.6027025Z  create mode 100644 audit/yamllint/yamllint-results-21913424760.txt
job-core	Upload Logs	2026-02-11T16:51:53.6129781Z  create mode 100644 audit/yamllint/yamllint-results-21913428842.txt
job-core	Upload Logs	2026-02-11T16:51:53.6132206Z  create mode 100644 audit/yamllint/yamllint-results-21913431374.txt
job-core	Upload Logs	2026-02-11T16:51:53.6134237Z  create mode 100644 audit/yamllint/yamllint-results-21913437661.txt
job-core	Upload Logs	2026-02-11T16:51:53.6136076Z  create mode 100644 audit/yamllint/yamllint-results-21913440405.txt
job-core	Upload Logs	2026-02-11T16:51:53.6137620Z  create mode 100644 audit/yamllint/yamllint-results-21913447719.txt
job-core	Upload Logs	2026-02-11T16:51:53.6649263Z  create mode 100644 audit/yamllint/yamllint-results-21913455202.txt
job-core	Upload Logs	2026-02-11T16:51:53.9329554Z [H3266-deploy-zabbix f5f5bd1a8] [Ka0S] Uploading YAML compliance audit logs
job-core	Upload Logs	2026-02-11T16:51:53.9355767Z  1 file changed, 3 insertions(+)
job-core	Upload Logs	2026-02-11T16:51:53.9430524Z  create mode 100644 audit/yamllint/yamllint-results-21913450107.txt
job-core	Upload Logs	2026-02-11T16:51:56.5900931Z To https://github.com/Ka0s-Klaus/ka0s
job-core	Upload Logs	2026-02-11T16:51:56.5921889Z  ! [remote rejected]     H3266-deploy-zabbix -> H3266-deploy-zabbix (cannot lock ref 'refs/heads/H3266-deploy-zabbix': is at b7ba4f0d8261e429c382f5591d5c597d4a875736 but expected 0b538bd87fbf6418117c164721dd6cd6b86dd735)
job-core	Upload Logs	2026-02-11T16:51:56.6002559Z error: failed to push some refs to 'https://github.com/Ka0s-Klaus/ka0s'
job-core	Upload Logs	2026-02-11T16:51:56.6065233Z ##[error]Process completed with exit code 1.
job-core	Post Checkout code	﻿2026-02-11T16:51:56.8525724Z Post job cleanup.
job-core	Post Checkout code	2026-02-11T16:52:00.8324758Z [command]/usr/bin/git version
job-core	Post Checkout code	2026-02-11T16:52:00.9247420Z git version 2.52.0
job-core	Post Checkout code	2026-02-11T16:52:01.0058492Z Copying '/home/runner/.gitconfig' to '/home/runner/_work/_temp/b8b93157-9a29-4f88-9070-41dd885832cf/.gitconfig'
job-core	Post Checkout code	2026-02-11T16:52:01.0634670Z Temporarily overriding HOME='/home/runner/_work/_temp/b8b93157-9a29-4f88-9070-41dd885832cf' before making global git config changes
job-core	Post Checkout code	2026-02-11T16:52:01.0691810Z Adding repository directory to the temporary git global config as a safe directory
job-core	Post Checkout code	2026-02-11T16:52:01.1606749Z [command]/usr/bin/git config --global --add safe.directory /home/runner/_work/ka0s/ka0s
job-core	Post Checkout code	2026-02-11T16:52:01.2888168Z [command]/usr/bin/git config --local --name-only --get-regexp core\.sshCommand
job-core	Post Checkout code	2026-02-11T16:52:01.4762470Z [command]/usr/bin/git submodule foreach --recursive sh -c "git config --local --name-only --get-regexp 'core\.sshCommand' && git config --local --unset-all 'core.sshCommand' || :"
job-core	Post Checkout code	2026-02-11T16:52:02.2293601Z [command]/usr/bin/git config --local --name-only --get-regexp http\.https\:\/\/github\.com\/\.extraheader
job-core	Post Checkout code	2026-02-11T16:52:02.2722130Z http.https://github.com/.extraheader
job-core	Post Checkout code	2026-02-11T16:52:02.3082328Z [command]/usr/bin/git config --local --unset-all http.https://github.com/.extraheader
job-core	Post Checkout code	2026-02-11T16:52:02.4376458Z [command]/usr/bin/git submodule foreach --recursive sh -c "git config --local --name-only --get-regexp 'http\.https\:\/\/github\.com\/\.extraheader' && git config --local --unset-all 'http.https://github.com/.extraheader' || :"
job-core	Post Checkout code	2026-02-11T16:52:03.5049813Z [command]/usr/bin/git config --local --name-only --get-regexp ^includeIf\.gitdir:
job-core	Post Checkout code	2026-02-11T16:52:03.6436795Z [command]/usr/bin/git submodule foreach --recursive git config --local --show-origin --name-only --get-regexp remote.origin.url
job-core	Complete job	﻿2026-02-11T16:52:05.4540869Z Cleaning up orphan processes
handle_failure	Set up job	﻿2026-02-11T16:54:37.7866344Z Current runner version: '2.331.0'
handle_failure	Set up job	2026-02-11T16:54:37.7883218Z Runner name: 'swarm-runners-scaleset-hkss5-runner-htg2k'
handle_failure	Set up job	2026-02-11T16:54:37.7884324Z Runner group name: 'Default'
handle_failure	Set up job	2026-02-11T16:54:37.7889541Z Machine name: 'swarm-runners-scaleset-hkss5-runner-htg2k'
handle_failure	Set up job	2026-02-11T16:54:37.7903679Z ##[group]GITHUB_TOKEN Permissions
handle_failure	Set up job	2026-02-11T16:54:37.7911910Z Actions: write
handle_failure	Set up job	2026-02-11T16:54:37.7912569Z Contents: write
handle_failure	Set up job	2026-02-11T16:54:37.7913615Z Issues: write
handle_failure	Set up job	2026-02-11T16:54:37.7914303Z Metadata: read
handle_failure	Set up job	2026-02-11T16:54:37.7914861Z PullRequests: write
handle_failure	Set up job	2026-02-11T16:54:37.7916121Z ##[endgroup]
handle_failure	Set up job	2026-02-11T16:54:37.7919052Z Secret source: Actions
handle_failure	Set up job	2026-02-11T16:54:37.7919878Z Prepare workflow directory
handle_failure	Set up job	2026-02-11T16:54:38.0561473Z Prepare all required actions
handle_failure	Set up job	2026-02-11T16:54:38.0614514Z Getting action download info
handle_failure	Set up job	2026-02-11T16:54:38.7014091Z Download action repository 'actions/checkout@v4' (SHA:34e114876b0b11c390a56381ad16ebd13914f8d5)
handle_failure	Set up job	2026-02-11T16:54:39.6960417Z Complete job name: handle_failure
handle_failure	Run actions/checkout@v4	﻿2026-02-11T16:54:39.8093962Z ##[group]Run actions/checkout@v4
handle_failure	Run actions/checkout@v4	2026-02-11T16:54:39.8095366Z with:
handle_failure	Run actions/checkout@v4	2026-02-11T16:54:39.8096125Z   repository: Ka0s-Klaus/ka0s
handle_failure	Run actions/checkout@v4	2026-02-11T16:54:39.8097096Z   token: ***
handle_failure	Run actions/checkout@v4	2026-02-11T16:54:39.8097611Z   ssh-strict: true
handle_failure	Run actions/checkout@v4	2026-02-11T16:54:39.8098122Z   ssh-user: git
handle_failure	Run actions/checkout@v4	2026-02-11T16:54:39.8098689Z   persist-credentials: true
handle_failure	Run actions/checkout@v4	2026-02-11T16:54:39.8099294Z   clean: true
handle_failure	Run actions/checkout@v4	2026-02-11T16:54:39.8099831Z   sparse-checkout-cone-mode: true
handle_failure	Run actions/checkout@v4	2026-02-11T16:54:39.8100498Z   fetch-depth: 1
handle_failure	Run actions/checkout@v4	2026-02-11T16:54:39.8101010Z   fetch-tags: false
handle_failure	Run actions/checkout@v4	2026-02-11T16:54:39.8101569Z   show-progress: true
handle_failure	Run actions/checkout@v4	2026-02-11T16:54:39.8102120Z   lfs: false
handle_failure	Run actions/checkout@v4	2026-02-11T16:54:39.8102613Z   submodules: false
handle_failure	Run actions/checkout@v4	2026-02-11T16:54:39.8103183Z   set-safe-directory: true
handle_failure	Run actions/checkout@v4	2026-02-11T16:54:39.8104489Z env:
handle_failure	Run actions/checkout@v4	2026-02-11T16:54:39.8106329Z   KAOS_MODULE: [Ka0S] YAMLLINT
handle_failure	Run actions/checkout@v4	2026-02-11T16:54:39.8107268Z   GH_TOKEN: ***
handle_failure	Run actions/checkout@v4	2026-02-11T16:54:39.8107938Z   KAOS_YAMLLINT_CONFIG: core/config/kaos-yamllint-config.yaml
handle_failure	Run actions/checkout@v4	2026-02-11T16:54:39.8108885Z   KAOS_PRETTIER_CONFIG: compliance/yaml/.prettierrc.json
handle_failure	Run actions/checkout@v4	2026-02-11T16:54:39.8109854Z   KAOS_PATH_RESUME: audit/yamllint/
handle_failure	Run actions/checkout@v4	2026-02-11T16:54:39.8110567Z   KAOS_REPO: /actions-runner/_work/kaos/kaos
handle_failure	Run actions/checkout@v4	2026-02-11T16:54:39.8111310Z   KAOS_STEP_MODULE: 
handle_failure	Run actions/checkout@v4	2026-02-11T16:54:39.8111874Z   KAOS_CODE: 21913450107
handle_failure	Run actions/checkout@v4	2026-02-11T16:54:39.8112480Z   KAOS_REF_BRANCH: main
handle_failure	Run actions/checkout@v4	2026-02-11T16:54:39.8113083Z ##[endgroup]
handle_failure	Run actions/checkout@v4	2026-02-11T16:54:40.0213642Z Syncing repository: Ka0s-Klaus/ka0s
handle_failure	Run actions/checkout@v4	2026-02-11T16:54:40.0216605Z ##[group]Getting Git version info
handle_failure	Run actions/checkout@v4	2026-02-11T16:54:40.0217473Z Working directory is '/home/runner/_work/ka0s/ka0s'
handle_failure	Run actions/checkout@v4	2026-02-11T16:54:40.0219095Z [command]/usr/bin/git version
handle_failure	Run actions/checkout@v4	2026-02-11T16:54:40.0287752Z git version 2.52.0
handle_failure	Run actions/checkout@v4	2026-02-11T16:54:40.0308151Z ##[endgroup]
handle_failure	Run actions/checkout@v4	2026-02-11T16:54:40.0322063Z Temporarily overriding HOME='/home/runner/_work/_temp/7b1fa291-d067-4bf5-aab8-bca19a64a62e' before making global git config changes
handle_failure	Run actions/checkout@v4	2026-02-11T16:54:40.0329712Z Adding repository directory to the temporary git global config as a safe directory
handle_failure	Run actions/checkout@v4	2026-02-11T16:54:40.0342301Z [command]/usr/bin/git config --global --add safe.directory /home/runner/_work/ka0s/ka0s
handle_failure	Run actions/checkout@v4	2026-02-11T16:54:40.0402216Z Deleting the contents of '/home/runner/_work/ka0s/ka0s'
handle_failure	Run actions/checkout@v4	2026-02-11T16:54:40.0412009Z ##[group]Initializing the repository
handle_failure	Run actions/checkout@v4	2026-02-11T16:54:40.0441282Z [command]/usr/bin/git init /home/runner/_work/ka0s/ka0s
handle_failure	Run actions/checkout@v4	2026-02-11T16:54:40.0518141Z hint: Using 'master' as the name for the initial branch. This default branch name
handle_failure	Run actions/checkout@v4	2026-02-11T16:54:40.0531411Z hint: will change to "main" in Git 3.0. To configure the initial branch name
handle_failure	Run actions/checkout@v4	2026-02-11T16:54:40.0533618Z hint: to use in all of your new repositories, which will suppress this warning,
handle_failure	Run actions/checkout@v4	2026-02-11T16:54:40.0536448Z hint: call:
handle_failure	Run actions/checkout@v4	2026-02-11T16:54:40.0537032Z hint:
handle_failure	Run actions/checkout@v4	2026-02-11T16:54:40.0538002Z hint: 	git config --global init.defaultBranch <name>
handle_failure	Run actions/checkout@v4	2026-02-11T16:54:40.0539006Z hint:
handle_failure	Run actions/checkout@v4	2026-02-11T16:54:40.0540228Z hint: Names commonly chosen instead of 'master' are 'main', 'trunk' and
handle_failure	Run actions/checkout@v4	2026-02-11T16:54:40.0541635Z hint: 'development'. The just-created branch can be renamed via this command:
handle_failure	Run actions/checkout@v4	2026-02-11T16:54:40.0543344Z hint:
handle_failure	Run actions/checkout@v4	2026-02-11T16:54:40.0544359Z hint: 	git branch -m <name>
handle_failure	Run actions/checkout@v4	2026-02-11T16:54:40.0546549Z hint:
handle_failure	Run actions/checkout@v4	2026-02-11T16:54:40.0547359Z hint: Disable this message with "git config set advice.defaultBranchName false"
handle_failure	Run actions/checkout@v4	2026-02-11T16:54:40.0548548Z Initialized empty Git repository in /home/runner/_work/ka0s/ka0s/.git/
handle_failure	Run actions/checkout@v4	2026-02-11T16:54:40.0550699Z [command]/usr/bin/git remote add origin https://github.com/Ka0s-Klaus/ka0s
handle_failure	Run actions/checkout@v4	2026-02-11T16:54:40.0603973Z ##[endgroup]
handle_failure	Run actions/checkout@v4	2026-02-11T16:54:40.0605316Z ##[group]Disabling automatic garbage collection
handle_failure	Run actions/checkout@v4	2026-02-11T16:54:40.0609830Z [command]/usr/bin/git config --local gc.auto 0
handle_failure	Run actions/checkout@v4	2026-02-11T16:54:40.0656592Z ##[endgroup]
handle_failure	Run actions/checkout@v4	2026-02-11T16:54:40.0657706Z ##[group]Setting up auth
handle_failure	Run actions/checkout@v4	2026-02-11T16:54:40.0661499Z [command]/usr/bin/git config --local --name-only --get-regexp core\.sshCommand
handle_failure	Run actions/checkout@v4	2026-02-11T16:54:40.0710803Z [command]/usr/bin/git submodule foreach --recursive sh -c "git config --local --name-only --get-regexp 'core\.sshCommand' && git config --local --unset-all 'core.sshCommand' || :"
handle_failure	Run actions/checkout@v4	2026-02-11T16:54:40.1211363Z [command]/usr/bin/git config --local --name-only --get-regexp http\.https\:\/\/github\.com\/\.extraheader
handle_failure	Run actions/checkout@v4	2026-02-11T16:54:40.1307084Z [command]/usr/bin/git submodule foreach --recursive sh -c "git config --local --name-only --get-regexp 'http\.https\:\/\/github\.com\/\.extraheader' && git config --local --unset-all 'http.https://github.com/.extraheader' || :"
handle_failure	Run actions/checkout@v4	2026-02-11T16:54:40.1693856Z [command]/usr/bin/git config --local --name-only --get-regexp ^includeIf\.gitdir:
handle_failure	Run actions/checkout@v4	2026-02-11T16:54:40.1816442Z [command]/usr/bin/git submodule foreach --recursive git config --local --show-origin --name-only --get-regexp remote.origin.url
handle_failure	Run actions/checkout@v4	2026-02-11T16:54:40.2439366Z [command]/usr/bin/git config --local http.https://github.com/.extraheader AUTHORIZATION: basic ***
handle_failure	Run actions/checkout@v4	2026-02-11T16:54:40.2531499Z ##[endgroup]
handle_failure	Run actions/checkout@v4	2026-02-11T16:54:40.2537809Z ##[group]Fetching the repository
handle_failure	Run actions/checkout@v4	2026-02-11T16:54:40.2576500Z [command]/usr/bin/git -c protocol.version=2 fetch --no-tags --prune --no-recurse-submodules --depth=1 origin +a4ad075ec4b8c512257c7de328ac2dee4e714195:refs/remotes/origin/H3266-deploy-zabbix
handle_failure	Run actions/checkout@v4	2026-02-11T16:54:49.7410553Z From https://github.com/Ka0s-Klaus/ka0s
handle_failure	Run actions/checkout@v4	2026-02-11T16:54:49.7427820Z  * [new ref]         a4ad075ec4b8c512257c7de328ac2dee4e714195 -> origin/H3266-deploy-zabbix
handle_failure	Run actions/checkout@v4	2026-02-11T16:54:49.7475353Z ##[endgroup]
handle_failure	Run actions/checkout@v4	2026-02-11T16:54:49.7476835Z ##[group]Determining the checkout info
handle_failure	Run actions/checkout@v4	2026-02-11T16:54:49.7478195Z ##[endgroup]
handle_failure	Run actions/checkout@v4	2026-02-11T16:54:49.7482632Z [command]/usr/bin/git sparse-checkout disable
handle_failure	Run actions/checkout@v4	2026-02-11T16:54:49.7542133Z [command]/usr/bin/git config --local --unset-all extensions.worktreeConfig
handle_failure	Run actions/checkout@v4	2026-02-11T16:54:49.7588933Z ##[group]Checking out the ref
handle_failure	Run actions/checkout@v4	2026-02-11T16:54:49.7605284Z [command]/usr/bin/git checkout --progress --force -B H3266-deploy-zabbix refs/remotes/origin/H3266-deploy-zabbix
handle_failure	Run actions/checkout@v4	2026-02-11T16:54:50.7863055Z Updating files:  85% (1273/1488)
handle_failure	Run actions/checkout@v4	2026-02-11T16:54:50.8684561Z Updating files:  86% (1280/1488)
handle_failure	Run actions/checkout@v4	2026-02-11T16:54:51.0321065Z Updating files:  87% (1295/1488)
handle_failure	Run actions/checkout@v4	2026-02-11T16:54:51.1629259Z Updating files:  88% (1310/1488)
handle_failure	Run actions/checkout@v4	2026-02-11T16:54:51.2820362Z Updating files:  89% (1325/1488)
handle_failure	Run actions/checkout@v4	2026-02-11T16:54:51.4689865Z Updating files:  90% (1340/1488)
handle_failure	Run actions/checkout@v4	2026-02-11T16:54:51.4989734Z Updating files:  91% (1355/1488)
handle_failure	Run actions/checkout@v4	2026-02-11T16:54:51.5210638Z Updating files:  92% (1369/1488)
handle_failure	Run actions/checkout@v4	2026-02-11T16:54:51.5211251Z Updating files:  93% (1384/1488)
handle_failure	Run actions/checkout@v4	2026-02-11T16:54:51.5216327Z Updating files:  94% (1399/1488)
handle_failure	Run actions/checkout@v4	2026-02-11T16:54:51.5216627Z Updating files:  95% (1414/1488)
handle_failure	Run actions/checkout@v4	2026-02-11T16:54:51.5216889Z Updating files:  96% (1429/1488)
handle_failure	Run actions/checkout@v4	2026-02-11T16:54:51.5217274Z Updating files:  97% (1444/1488)
handle_failure	Run actions/checkout@v4	2026-02-11T16:54:51.5217548Z Updating files:  98% (1459/1488)
handle_failure	Run actions/checkout@v4	2026-02-11T16:54:51.5217816Z Updating files:  99% (1474/1488)
handle_failure	Run actions/checkout@v4	2026-02-11T16:54:51.5218064Z Updating files: 100% (1488/1488)
handle_failure	Run actions/checkout@v4	2026-02-11T16:54:51.5218329Z Updating files: 100% (1488/1488), done.
handle_failure	Run actions/checkout@v4	2026-02-11T16:54:51.5535994Z Switched to a new branch 'H3266-deploy-zabbix'
handle_failure	Run actions/checkout@v4	2026-02-11T16:54:51.5541664Z branch 'H3266-deploy-zabbix' set up to track 'origin/H3266-deploy-zabbix'.
handle_failure	Run actions/checkout@v4	2026-02-11T16:54:51.5828975Z ##[endgroup]
handle_failure	Run actions/checkout@v4	2026-02-11T16:54:51.5888964Z [command]/usr/bin/git log -1 --format=%H
handle_failure	Run actions/checkout@v4	2026-02-11T16:54:51.5926480Z a4ad075ec4b8c512257c7de328ac2dee4e714195
handle_failure	Run /./.github/actions/install-gh-cli	﻿2026-02-11T16:54:51.6508636Z Prepare all required actions
handle_failure	Run /./.github/actions/install-gh-cli	2026-02-11T16:54:51.6628262Z ##[group]Run ./.github/actions/install-gh-cli
handle_failure	Run /./.github/actions/install-gh-cli	2026-02-11T16:54:51.6628609Z env:
handle_failure	Run /./.github/actions/install-gh-cli	2026-02-11T16:54:51.6628801Z   KAOS_MODULE: [Ka0S] YAMLLINT
handle_failure	Run /./.github/actions/install-gh-cli	2026-02-11T16:54:51.6629359Z   GH_TOKEN: ***
handle_failure	Run /./.github/actions/install-gh-cli	2026-02-11T16:54:51.6629644Z   KAOS_YAMLLINT_CONFIG: core/config/kaos-yamllint-config.yaml
handle_failure	Run /./.github/actions/install-gh-cli	2026-02-11T16:54:51.6630065Z   KAOS_PRETTIER_CONFIG: compliance/yaml/.prettierrc.json
handle_failure	Run /./.github/actions/install-gh-cli	2026-02-11T16:54:51.6630400Z   KAOS_PATH_RESUME: audit/yamllint/
handle_failure	Run /./.github/actions/install-gh-cli	2026-02-11T16:54:51.6630692Z   KAOS_REPO: /actions-runner/_work/kaos/kaos
handle_failure	Run /./.github/actions/install-gh-cli	2026-02-11T16:54:51.6630980Z   KAOS_STEP_MODULE: 
handle_failure	Run /./.github/actions/install-gh-cli	2026-02-11T16:54:51.6631181Z   KAOS_CODE: 21913450107
handle_failure	Run /./.github/actions/install-gh-cli	2026-02-11T16:54:51.6631401Z   KAOS_REF_BRANCH: main
handle_failure	Run /./.github/actions/install-gh-cli	2026-02-11T16:54:51.6631612Z ##[endgroup]
handle_failure	Run /./.github/actions/install-gh-cli	2026-02-11T16:54:51.6785443Z ##[group]Run type -p curl >/dev/null || (sudo apt-get update && sudo apt-get install curl -y)
handle_failure	Run /./.github/actions/install-gh-cli	2026-02-11T16:54:51.6786516Z [36;1mtype -p curl >/dev/null || (sudo apt-get update && sudo apt-get install curl -y)[0m
handle_failure	Run /./.github/actions/install-gh-cli	2026-02-11T16:54:51.6787464Z [36;1mcurl -fsSL https://cli.github.com/packages/githubcli-archive-keyring.gpg | sudo dd of=/usr/share/keyrings/githubcli-archive-keyring.gpg \[0m
handle_failure	Run /./.github/actions/install-gh-cli	2026-02-11T16:54:51.6788295Z [36;1m&& sudo chmod go+r /usr/share/keyrings/githubcli-archive-keyring.gpg \[0m
handle_failure	Run /./.github/actions/install-gh-cli	2026-02-11T16:54:51.6789409Z [36;1m&& echo "deb [arch=$(dpkg --print-architecture) signed-by=/usr/share/keyrings/githubcli-archive-keyring.gpg] https://cli.github.com/packages stable main" | sudo tee /etc/apt/sources.list.d/github-cli.list > /dev/null \[0m
handle_failure	Run /./.github/actions/install-gh-cli	2026-02-11T16:54:51.6790435Z [36;1m&& sudo apt-get update \[0m
handle_failure	Run /./.github/actions/install-gh-cli	2026-02-11T16:54:51.6790720Z [36;1m&& sudo apt-get install gh -y[0m
handle_failure	Run /./.github/actions/install-gh-cli	2026-02-11T16:54:51.6809336Z shell: /usr/bin/bash --noprofile --norc -e -o pipefail {0}
handle_failure	Run /./.github/actions/install-gh-cli	2026-02-11T16:54:51.6809745Z env:
handle_failure	Run /./.github/actions/install-gh-cli	2026-02-11T16:54:51.6809938Z   KAOS_MODULE: [Ka0S] YAMLLINT
handle_failure	Run /./.github/actions/install-gh-cli	2026-02-11T16:54:51.6810449Z   GH_TOKEN: ***
handle_failure	Run /./.github/actions/install-gh-cli	2026-02-11T16:54:51.6810735Z   KAOS_YAMLLINT_CONFIG: core/config/kaos-yamllint-config.yaml
handle_failure	Run /./.github/actions/install-gh-cli	2026-02-11T16:54:51.6811153Z   KAOS_PRETTIER_CONFIG: compliance/yaml/.prettierrc.json
handle_failure	Run /./.github/actions/install-gh-cli	2026-02-11T16:54:51.6811510Z   KAOS_PATH_RESUME: audit/yamllint/
handle_failure	Run /./.github/actions/install-gh-cli	2026-02-11T16:54:51.6811804Z   KAOS_REPO: /actions-runner/_work/kaos/kaos
handle_failure	Run /./.github/actions/install-gh-cli	2026-02-11T16:54:51.6812097Z   KAOS_STEP_MODULE: 
handle_failure	Run /./.github/actions/install-gh-cli	2026-02-11T16:54:51.6812309Z   KAOS_CODE: 21913450107
handle_failure	Run /./.github/actions/install-gh-cli	2026-02-11T16:54:51.6812639Z   KAOS_REF_BRANCH: main
handle_failure	Run /./.github/actions/install-gh-cli	2026-02-11T16:54:51.6812968Z ##[endgroup]
handle_failure	Run /./.github/actions/install-gh-cli	2026-02-11T16:54:51.8448688Z 4+1 records in
handle_failure	Run /./.github/actions/install-gh-cli	2026-02-11T16:54:51.8449782Z 4+1 records out
handle_failure	Run /./.github/actions/install-gh-cli	2026-02-11T16:54:51.8450983Z 2270 bytes (2.3 kB, 2.2 KiB) copied, 0.000270183 s, 8.4 MB/s
handle_failure	Run /./.github/actions/install-gh-cli	2026-02-11T16:54:52.1357671Z Get:1 https://cli.github.com/packages stable InRelease [3917 B]
handle_failure	Run /./.github/actions/install-gh-cli	2026-02-11T16:54:52.1626504Z Get:2 http://security.ubuntu.com/ubuntu noble-security InRelease [126 kB]
handle_failure	Run /./.github/actions/install-gh-cli	2026-02-11T16:54:52.2136171Z Get:3 http://archive.ubuntu.com/ubuntu noble InRelease [256 kB]
handle_failure	Run /./.github/actions/install-gh-cli	2026-02-11T16:54:52.3068722Z Get:4 https://cli.github.com/packages stable/main amd64 Packages [356 B]
handle_failure	Run /./.github/actions/install-gh-cli	2026-02-11T16:54:52.4328235Z Get:5 https://ppa.launchpadcontent.net/git-core/ppa/ubuntu noble InRelease [24.3 kB]
handle_failure	Run /./.github/actions/install-gh-cli	2026-02-11T16:54:52.5414054Z Get:6 http://archive.ubuntu.com/ubuntu noble-updates InRelease [126 kB]
handle_failure	Run /./.github/actions/install-gh-cli	2026-02-11T16:54:52.6070339Z Get:7 http://archive.ubuntu.com/ubuntu noble-backports InRelease [126 kB]
handle_failure	Run /./.github/actions/install-gh-cli	2026-02-11T16:54:52.6196981Z Get:8 http://security.ubuntu.com/ubuntu noble-security/multiverse amd64 Packages [34.8 kB]
handle_failure	Run /./.github/actions/install-gh-cli	2026-02-11T16:54:52.6823001Z Get:9 http://security.ubuntu.com/ubuntu noble-security/universe amd64 Packages [1199 kB]
handle_failure	Run /./.github/actions/install-gh-cli	2026-02-11T16:54:52.7913628Z Get:10 https://ppa.launchpadcontent.net/git-core/ppa/ubuntu noble/main amd64 Packages [2994 B]
handle_failure	Run /./.github/actions/install-gh-cli	2026-02-11T16:54:52.8367276Z Get:11 http://security.ubuntu.com/ubuntu noble-security/main amd64 Packages [1822 kB]
handle_failure	Run /./.github/actions/install-gh-cli	2026-02-11T16:54:52.8569179Z Get:12 http://security.ubuntu.com/ubuntu noble-security/restricted amd64 Packages [3106 kB]
handle_failure	Run /./.github/actions/install-gh-cli	2026-02-11T16:54:53.0080480Z Get:13 http://archive.ubuntu.com/ubuntu noble/main amd64 Packages [1808 kB]
handle_failure	Run /./.github/actions/install-gh-cli	2026-02-11T16:54:53.2426436Z Get:14 http://archive.ubuntu.com/ubuntu noble/restricted amd64 Packages [117 kB]
handle_failure	Run /./.github/actions/install-gh-cli	2026-02-11T16:54:53.2587390Z Get:15 http://archive.ubuntu.com/ubuntu noble/multiverse amd64 Packages [331 kB]
handle_failure	Run /./.github/actions/install-gh-cli	2026-02-11T16:54:53.2649167Z Get:16 http://archive.ubuntu.com/ubuntu noble/universe amd64 Packages [19.3 MB]
handle_failure	Run /./.github/actions/install-gh-cli	2026-02-11T16:54:54.2491079Z Get:17 http://archive.ubuntu.com/ubuntu noble-updates/multiverse amd64 Packages [38.1 kB]
handle_failure	Run /./.github/actions/install-gh-cli	2026-02-11T16:54:54.2496480Z Get:18 http://archive.ubuntu.com/ubuntu noble-updates/main amd64 Packages [2201 kB]
handle_failure	Run /./.github/actions/install-gh-cli	2026-02-11T16:54:54.2497254Z Get:19 http://archive.ubuntu.com/ubuntu noble-updates/universe amd64 Packages [1978 kB]
handle_failure	Run /./.github/actions/install-gh-cli	2026-02-11T16:54:54.3392650Z Get:20 http://archive.ubuntu.com/ubuntu noble-updates/restricted amd64 Packages [3287 kB]
handle_failure	Run /./.github/actions/install-gh-cli	2026-02-11T16:54:54.4193862Z Get:21 http://archive.ubuntu.com/ubuntu noble-backports/main amd64 Packages [49.5 kB]
handle_failure	Run /./.github/actions/install-gh-cli	2026-02-11T16:54:54.4419934Z Get:22 http://archive.ubuntu.com/ubuntu noble-backports/universe amd64 Packages [34.6 kB]
handle_failure	Run /./.github/actions/install-gh-cli	2026-02-11T16:54:56.1509055Z Fetched 36.0 MB in 4s (8865 kB/s)
handle_failure	Run /./.github/actions/install-gh-cli	2026-02-11T16:54:57.1517255Z Reading package lists...
handle_failure	Run /./.github/actions/install-gh-cli	2026-02-11T16:54:58.4420569Z Reading package lists...
handle_failure	Run /./.github/actions/install-gh-cli	2026-02-11T16:54:58.6934764Z Building dependency tree...
handle_failure	Run /./.github/actions/install-gh-cli	2026-02-11T16:54:58.6935218Z Reading state information...
handle_failure	Run /./.github/actions/install-gh-cli	2026-02-11T16:54:59.2778744Z The following NEW packages will be installed:
handle_failure	Run /./.github/actions/install-gh-cli	2026-02-11T16:54:59.2812440Z   gh
handle_failure	Run /./.github/actions/install-gh-cli	2026-02-11T16:54:59.4017873Z 0 upgraded, 1 newly installed, 0 to remove and 18 not upgraded.
handle_failure	Run /./.github/actions/install-gh-cli	2026-02-11T16:54:59.4018633Z Need to get 13.7 MB of archives.
handle_failure	Run /./.github/actions/install-gh-cli	2026-02-11T16:54:59.4019276Z After this operation, 37.9 MB of additional disk space will be used.
handle_failure	Run /./.github/actions/install-gh-cli	2026-02-11T16:54:59.4027567Z Get:1 https://cli.github.com/packages stable/main amd64 gh amd64 2.86.0 [13.7 MB]
handle_failure	Run /./.github/actions/install-gh-cli	2026-02-11T16:54:59.8421326Z debconf: delaying package configuration, since apt-utils is not installed
handle_failure	Run /./.github/actions/install-gh-cli	2026-02-11T16:55:00.0370661Z Fetched 13.7 MB in 0s (43.7 MB/s)
handle_failure	Run /./.github/actions/install-gh-cli	2026-02-11T16:55:00.1463698Z Selecting previously unselected package gh.
handle_failure	Run /./.github/actions/install-gh-cli	2026-02-11T16:55:00.1636102Z (Reading database ... 
handle_failure	Run /./.github/actions/install-gh-cli	2026-02-11T16:55:00.1638939Z (Reading database ... 5%
handle_failure	Run /./.github/actions/install-gh-cli	2026-02-11T16:55:00.1644200Z (Reading database ... 10%
handle_failure	Run /./.github/actions/install-gh-cli	2026-02-11T16:55:00.1645274Z (Reading database ... 15%
handle_failure	Run /./.github/actions/install-gh-cli	2026-02-11T16:55:00.1646514Z (Reading database ... 20%
handle_failure	Run /./.github/actions/install-gh-cli	2026-02-11T16:55:00.1647511Z (Reading database ... 25%
handle_failure	Run /./.github/actions/install-gh-cli	2026-02-11T16:55:00.1648493Z (Reading database ... 30%
handle_failure	Run /./.github/actions/install-gh-cli	2026-02-11T16:55:00.1649454Z (Reading database ... 35%
handle_failure	Run /./.github/actions/install-gh-cli	2026-02-11T16:55:00.1650426Z (Reading database ... 40%
handle_failure	Run /./.github/actions/install-gh-cli	2026-02-11T16:55:00.1652150Z (Reading database ... 45%
handle_failure	Run /./.github/actions/install-gh-cli	2026-02-11T16:55:00.1653138Z (Reading database ... 50%
handle_failure	Run /./.github/actions/install-gh-cli	2026-02-11T16:55:00.1654110Z (Reading database ... 55%
handle_failure	Run /./.github/actions/install-gh-cli	2026-02-11T16:55:00.1707697Z (Reading database ... 60%
handle_failure	Run /./.github/actions/install-gh-cli	2026-02-11T16:55:00.1712121Z (Reading database ... 65%
handle_failure	Run /./.github/actions/install-gh-cli	2026-02-11T16:55:00.1774350Z (Reading database ... 70%
handle_failure	Run /./.github/actions/install-gh-cli	2026-02-11T16:55:00.1798752Z (Reading database ... 75%
handle_failure	Run /./.github/actions/install-gh-cli	2026-02-11T16:55:00.1856439Z (Reading database ... 80%
handle_failure	Run /./.github/actions/install-gh-cli	2026-02-11T16:55:00.1877544Z (Reading database ... 85%
handle_failure	Run /./.github/actions/install-gh-cli	2026-02-11T16:55:00.1920248Z (Reading database ... 90%
handle_failure	Run /./.github/actions/install-gh-cli	2026-02-11T16:55:00.1999504Z (Reading database ... 95%
handle_failure	Run /./.github/actions/install-gh-cli	2026-02-11T16:55:00.2022801Z (Reading database ... 100%
handle_failure	Run /./.github/actions/install-gh-cli	2026-02-11T16:55:00.2026668Z (Reading database ... 14385 files and directories currently installed.)
handle_failure	Run /./.github/actions/install-gh-cli	2026-02-11T16:55:00.2069896Z Preparing to unpack .../archives/gh_2.86.0_amd64.deb ...
handle_failure	Run /./.github/actions/install-gh-cli	2026-02-11T16:55:00.2327713Z Unpacking gh (2.86.0) ...
handle_failure	Run /./.github/actions/install-gh-cli	2026-02-11T16:55:00.6214628Z Setting up gh (2.86.0) ...
handle_failure	Notify Failure	﻿2026-02-11T16:55:00.7115226Z ##[group]Run gh issue create --title "[Ka0S] YAMLLINT Error in 21913450107" --label "bug" --body "Check logs: https://github.com/Ka0s-Klaus/ka0s/actions/runs/21913450107"
handle_failure	Notify Failure	2026-02-11T16:55:00.7116652Z [36;1mgh issue create --title "[Ka0S] YAMLLINT Error in 21913450107" --label "bug" --body "Check logs: https://github.com/Ka0s-Klaus/ka0s/actions/runs/21913450107"[0m
handle_failure	Notify Failure	2026-02-11T16:55:00.7117490Z [36;1mRNNUMBER=$(echo "refs/heads/H3266-deploy-zabbix" | grep -o '[0-9]*')[0m
handle_failure	Notify Failure	2026-02-11T16:55:00.7118390Z [36;1mgh issue comment $RNNUMBER --body "❌ El proceso de Compliance YAML ha fallado 21913450107."[0m
handle_failure	Notify Failure	2026-02-11T16:55:00.7131176Z shell: /usr/bin/bash -e {0}
handle_failure	Notify Failure	2026-02-11T16:55:00.7131431Z env:
handle_failure	Notify Failure	2026-02-11T16:55:00.7131618Z   KAOS_MODULE: [Ka0S] YAMLLINT
handle_failure	Notify Failure	2026-02-11T16:55:00.7132154Z   GH_TOKEN: ***
handle_failure	Notify Failure	2026-02-11T16:55:00.7132434Z   KAOS_YAMLLINT_CONFIG: core/config/kaos-yamllint-config.yaml
handle_failure	Notify Failure	2026-02-11T16:55:00.7132852Z   KAOS_PRETTIER_CONFIG: compliance/yaml/.prettierrc.json
handle_failure	Notify Failure	2026-02-11T16:55:00.7133189Z   KAOS_PATH_RESUME: audit/yamllint/
handle_failure	Notify Failure	2026-02-11T16:55:00.7133520Z   KAOS_REPO: /actions-runner/_work/kaos/kaos
handle_failure	Notify Failure	2026-02-11T16:55:00.7133796Z   KAOS_STEP_MODULE: 
handle_failure	Notify Failure	2026-02-11T16:55:00.7133994Z   KAOS_CODE: 21913450107
handle_failure	Notify Failure	2026-02-11T16:55:00.7134210Z   KAOS_REF_BRANCH: main
handle_failure	Notify Failure	2026-02-11T16:55:00.7134410Z ##[endgroup]
handle_failure	Notify Failure	2026-02-11T16:55:02.1886925Z https://github.com/Ka0s-Klaus/ka0s/issues/3584
handle_failure	Notify Failure	2026-02-11T16:55:04.0086392Z https://github.com/Ka0s-Klaus/ka0s/issues/3266#issuecomment-3885695902
handle_failure	Post Run actions/checkout@v4	﻿2026-02-11T16:55:04.0348190Z Post job cleanup.
handle_failure	Post Run actions/checkout@v4	2026-02-11T16:55:04.1554139Z [command]/usr/bin/git version
handle_failure	Post Run actions/checkout@v4	2026-02-11T16:55:04.1613677Z git version 2.52.0
handle_failure	Post Run actions/checkout@v4	2026-02-11T16:55:04.1673881Z Temporarily overriding HOME='/home/runner/_work/_temp/372fdbe9-a8c4-4edb-9adb-5337adc64444' before making global git config changes
handle_failure	Post Run actions/checkout@v4	2026-02-11T16:55:04.1686473Z Adding repository directory to the temporary git global config as a safe directory
handle_failure	Post Run actions/checkout@v4	2026-02-11T16:55:04.1697224Z [command]/usr/bin/git config --global --add safe.directory /home/runner/_work/ka0s/ka0s
handle_failure	Post Run actions/checkout@v4	2026-02-11T16:55:04.1780967Z [command]/usr/bin/git config --local --name-only --get-regexp core\.sshCommand
handle_failure	Post Run actions/checkout@v4	2026-02-11T16:55:04.1866272Z [command]/usr/bin/git submodule foreach --recursive sh -c "git config --local --name-only --get-regexp 'core\.sshCommand' && git config --local --unset-all 'core.sshCommand' || :"
handle_failure	Post Run actions/checkout@v4	2026-02-11T16:55:04.2227949Z [command]/usr/bin/git config --local --name-only --get-regexp http\.https\:\/\/github\.com\/\.extraheader
handle_failure	Post Run actions/checkout@v4	2026-02-11T16:55:04.2266405Z http.https://github.com/.extraheader
handle_failure	Post Run actions/checkout@v4	2026-02-11T16:55:04.2294412Z [command]/usr/bin/git config --local --unset-all http.https://github.com/.extraheader
handle_failure	Post Run actions/checkout@v4	2026-02-11T16:55:04.2451678Z [command]/usr/bin/git submodule foreach --recursive sh -c "git config --local --name-only --get-regexp 'http\.https\:\/\/github\.com\/\.extraheader' && git config --local --unset-all 'http.https://github.com/.extraheader' || :"
handle_failure	Post Run actions/checkout@v4	2026-02-11T16:55:04.2941922Z [command]/usr/bin/git config --local --name-only --get-regexp ^includeIf\.gitdir:
handle_failure	Post Run actions/checkout@v4	2026-02-11T16:55:04.2986384Z [command]/usr/bin/git submodule foreach --recursive git config --local --show-origin --name-only --get-regexp remote.origin.url
handle_failure	Complete job	﻿2026-02-11T16:55:04.3588795Z Cleaning up orphan processes
end-workflow	Set up job	﻿2026-02-11T16:55:22.5304726Z Current runner version: '2.331.0'
end-workflow	Set up job	2026-02-11T16:55:22.5338515Z Runner name: 'swarm-runners-scaleset-hkss5-runner-g979x'
end-workflow	Set up job	2026-02-11T16:55:22.5339828Z Runner group name: 'Default'
end-workflow	Set up job	2026-02-11T16:55:22.5341285Z Machine name: 'swarm-runners-scaleset-hkss5-runner-g979x'
end-workflow	Set up job	2026-02-11T16:55:22.5345440Z ##[group]GITHUB_TOKEN Permissions
end-workflow	Set up job	2026-02-11T16:55:22.5353931Z Actions: write
end-workflow	Set up job	2026-02-11T16:55:22.5354746Z Contents: write
end-workflow	Set up job	2026-02-11T16:55:22.5355444Z Issues: write
end-workflow	Set up job	2026-02-11T16:55:22.5356275Z Metadata: read
end-workflow	Set up job	2026-02-11T16:55:22.5356958Z PullRequests: write
end-workflow	Set up job	2026-02-11T16:55:22.5357564Z ##[endgroup]
end-workflow	Set up job	2026-02-11T16:55:22.5360864Z Secret source: Actions
end-workflow	Set up job	2026-02-11T16:55:22.5361675Z Prepare workflow directory
end-workflow	Set up job	2026-02-11T16:55:22.6182936Z Prepare all required actions
end-workflow	Set up job	2026-02-11T16:55:22.6231646Z Getting action download info
end-workflow	Set up job	2026-02-11T16:55:23.2452327Z Download action repository 'actions/checkout@v4' (SHA:34e114876b0b11c390a56381ad16ebd13914f8d5)
end-workflow	Set up job	2026-02-11T16:55:25.1524945Z Complete job name: end-workflow
end-workflow	Run actions/checkout@v4	﻿2026-02-11T16:55:25.2605602Z ##[group]Run actions/checkout@v4
end-workflow	Run actions/checkout@v4	2026-02-11T16:55:25.2607091Z with:
end-workflow	Run actions/checkout@v4	2026-02-11T16:55:25.2607935Z   repository: Ka0s-Klaus/ka0s
end-workflow	Run actions/checkout@v4	2026-02-11T16:55:25.2609333Z   token: ***
end-workflow	Run actions/checkout@v4	2026-02-11T16:55:25.2610148Z   ssh-strict: true
end-workflow	Run actions/checkout@v4	2026-02-11T16:55:25.2610978Z   ssh-user: git
end-workflow	Run actions/checkout@v4	2026-02-11T16:55:25.2611859Z   persist-credentials: true
end-workflow	Run actions/checkout@v4	2026-02-11T16:55:25.2612827Z   clean: true
end-workflow	Run actions/checkout@v4	2026-02-11T16:55:25.2613690Z   sparse-checkout-cone-mode: true
end-workflow	Run actions/checkout@v4	2026-02-11T16:55:25.2614732Z   fetch-depth: 1
end-workflow	Run actions/checkout@v4	2026-02-11T16:55:25.2615791Z   fetch-tags: false
end-workflow	Run actions/checkout@v4	2026-02-11T16:55:25.2616673Z   show-progress: true
end-workflow	Run actions/checkout@v4	2026-02-11T16:55:25.2617545Z   lfs: false
end-workflow	Run actions/checkout@v4	2026-02-11T16:55:25.2618336Z   submodules: false
end-workflow	Run actions/checkout@v4	2026-02-11T16:55:25.2619233Z   set-safe-directory: true
end-workflow	Run actions/checkout@v4	2026-02-11T16:55:25.2620470Z env:
end-workflow	Run actions/checkout@v4	2026-02-11T16:55:25.2621265Z   KAOS_MODULE: [Ka0S] YAMLLINT
end-workflow	Run actions/checkout@v4	2026-02-11T16:55:25.2622551Z   GH_TOKEN: ***
end-workflow	Run actions/checkout@v4	2026-02-11T16:55:25.2623678Z   KAOS_YAMLLINT_CONFIG: core/config/kaos-yamllint-config.yaml
end-workflow	Run actions/checkout@v4	2026-02-11T16:55:25.2625254Z   KAOS_PRETTIER_CONFIG: compliance/yaml/.prettierrc.json
end-workflow	Run actions/checkout@v4	2026-02-11T16:55:25.2626805Z   KAOS_PATH_RESUME: audit/yamllint/
end-workflow	Run actions/checkout@v4	2026-02-11T16:55:25.2627976Z   KAOS_REPO: /actions-runner/_work/kaos/kaos
end-workflow	Run actions/checkout@v4	2026-02-11T16:55:25.2629109Z   KAOS_STEP_MODULE: 
end-workflow	Run actions/checkout@v4	2026-02-11T16:55:25.2629966Z   KAOS_CODE: 21913450107
end-workflow	Run actions/checkout@v4	2026-02-11T16:55:25.2630882Z   KAOS_REF_BRANCH: main
end-workflow	Run actions/checkout@v4	2026-02-11T16:55:25.2631757Z ##[endgroup]
end-workflow	Run actions/checkout@v4	2026-02-11T16:55:25.4044562Z Syncing repository: Ka0s-Klaus/ka0s
end-workflow	Run actions/checkout@v4	2026-02-11T16:55:25.4048212Z ##[group]Getting Git version info
end-workflow	Run actions/checkout@v4	2026-02-11T16:55:25.4049616Z Working directory is '/home/runner/_work/ka0s/ka0s'
end-workflow	Run actions/checkout@v4	2026-02-11T16:55:25.4051660Z [command]/usr/bin/git version
end-workflow	Run actions/checkout@v4	2026-02-11T16:55:25.4052609Z git version 2.52.0
end-workflow	Run actions/checkout@v4	2026-02-11T16:55:25.4055825Z ##[endgroup]
end-workflow	Run actions/checkout@v4	2026-02-11T16:55:25.4494555Z Temporarily overriding HOME='/home/runner/_work/_temp/74253629-a1a3-4675-b77e-ee5e7d8d7b61' before making global git config changes
end-workflow	Run actions/checkout@v4	2026-02-11T16:55:25.4546278Z Adding repository directory to the temporary git global config as a safe directory
end-workflow	Run actions/checkout@v4	2026-02-11T16:55:25.4549994Z [command]/usr/bin/git config --global --add safe.directory /home/runner/_work/ka0s/ka0s
end-workflow	Run actions/checkout@v4	2026-02-11T16:55:25.4825041Z Deleting the contents of '/home/runner/_work/ka0s/ka0s'
end-workflow	Run actions/checkout@v4	2026-02-11T16:55:25.4856195Z ##[group]Initializing the repository
end-workflow	Run actions/checkout@v4	2026-02-11T16:55:25.4864273Z [command]/usr/bin/git init /home/runner/_work/ka0s/ka0s
end-workflow	Run actions/checkout@v4	2026-02-11T16:55:25.5388280Z hint: Using 'master' as the name for the initial branch. This default branch name
end-workflow	Run actions/checkout@v4	2026-02-11T16:55:25.5390970Z hint: will change to "main" in Git 3.0. To configure the initial branch name
end-workflow	Run actions/checkout@v4	2026-02-11T16:55:25.5392961Z hint: to use in all of your new repositories, which will suppress this warning,
end-workflow	Run actions/checkout@v4	2026-02-11T16:55:25.5394476Z hint: call:
end-workflow	Run actions/checkout@v4	2026-02-11T16:55:25.5395218Z hint:
end-workflow	Run actions/checkout@v4	2026-02-11T16:55:25.5396541Z hint: 	git config --global init.defaultBranch <name>
end-workflow	Run actions/checkout@v4	2026-02-11T16:55:25.5397766Z hint:
end-workflow	Run actions/checkout@v4	2026-02-11T16:55:25.5399059Z hint: Names commonly chosen instead of 'master' are 'main', 'trunk' and
end-workflow	Run actions/checkout@v4	2026-02-11T16:55:25.5400991Z hint: 'development'. The just-created branch can be renamed via this command:
end-workflow	Run actions/checkout@v4	2026-02-11T16:55:25.5403044Z hint:
end-workflow	Run actions/checkout@v4	2026-02-11T16:55:25.5403830Z hint: 	git branch -m <name>
end-workflow	Run actions/checkout@v4	2026-02-11T16:55:25.5404762Z hint:
end-workflow	Run actions/checkout@v4	2026-02-11T16:55:25.5406154Z hint: Disable this message with "git config set advice.defaultBranchName false"
end-workflow	Run actions/checkout@v4	2026-02-11T16:55:25.5408565Z Initialized empty Git repository in /home/runner/_work/ka0s/ka0s/.git/
end-workflow	Run actions/checkout@v4	2026-02-11T16:55:25.5411886Z [command]/usr/bin/git remote add origin https://github.com/Ka0s-Klaus/ka0s
end-workflow	Run actions/checkout@v4	2026-02-11T16:55:25.5883749Z ##[endgroup]
end-workflow	Run actions/checkout@v4	2026-02-11T16:55:25.5885325Z ##[group]Disabling automatic garbage collection
end-workflow	Run actions/checkout@v4	2026-02-11T16:55:25.5887005Z [command]/usr/bin/git config --local gc.auto 0
end-workflow	Run actions/checkout@v4	2026-02-11T16:55:25.6015224Z ##[endgroup]
end-workflow	Run actions/checkout@v4	2026-02-11T16:55:25.6016901Z ##[group]Setting up auth
end-workflow	Run actions/checkout@v4	2026-02-11T16:55:25.6024605Z [command]/usr/bin/git config --local --name-only --get-regexp core\.sshCommand
end-workflow	Run actions/checkout@v4	2026-02-11T16:55:25.6080992Z [command]/usr/bin/git submodule foreach --recursive sh -c "git config --local --name-only --get-regexp 'core\.sshCommand' && git config --local --unset-all 'core.sshCommand' || :"
end-workflow	Run actions/checkout@v4	2026-02-11T16:55:25.6544150Z [command]/usr/bin/git config --local --name-only --get-regexp http\.https\:\/\/github\.com\/\.extraheader
end-workflow	Run actions/checkout@v4	2026-02-11T16:55:25.6588560Z [command]/usr/bin/git submodule foreach --recursive sh -c "git config --local --name-only --get-regexp 'http\.https\:\/\/github\.com\/\.extraheader' && git config --local --unset-all 'http.https://github.com/.extraheader' || :"
end-workflow	Run actions/checkout@v4	2026-02-11T16:55:25.6934339Z [command]/usr/bin/git config --local --name-only --get-regexp ^includeIf\.gitdir:
end-workflow	Run actions/checkout@v4	2026-02-11T16:55:25.6975389Z [command]/usr/bin/git submodule foreach --recursive git config --local --show-origin --name-only --get-regexp remote.origin.url
end-workflow	Run actions/checkout@v4	2026-02-11T16:55:25.7294921Z [command]/usr/bin/git config --local http.https://github.com/.extraheader AUTHORIZATION: basic ***
end-workflow	Run actions/checkout@v4	2026-02-11T16:55:25.8384985Z ##[endgroup]
end-workflow	Run actions/checkout@v4	2026-02-11T16:55:25.8401350Z ##[group]Fetching the repository
end-workflow	Run actions/checkout@v4	2026-02-11T16:55:25.8454423Z [command]/usr/bin/git -c protocol.version=2 fetch --no-tags --prune --no-recurse-submodules --depth=1 origin +a4ad075ec4b8c512257c7de328ac2dee4e714195:refs/remotes/origin/H3266-deploy-zabbix
end-workflow	Run actions/checkout@v4	2026-02-11T16:55:39.8996757Z From https://github.com/Ka0s-Klaus/ka0s
end-workflow	Run actions/checkout@v4	2026-02-11T16:55:39.9007183Z  * [new ref]         a4ad075ec4b8c512257c7de328ac2dee4e714195 -> origin/H3266-deploy-zabbix
end-workflow	Run actions/checkout@v4	2026-02-11T16:55:39.9140841Z ##[endgroup]
end-workflow	Run actions/checkout@v4	2026-02-11T16:55:39.9142327Z ##[group]Determining the checkout info
end-workflow	Run actions/checkout@v4	2026-02-11T16:55:39.9155192Z ##[endgroup]
end-workflow	Run actions/checkout@v4	2026-02-11T16:55:39.9159914Z [command]/usr/bin/git sparse-checkout disable
end-workflow	Run actions/checkout@v4	2026-02-11T16:55:40.0324516Z [command]/usr/bin/git config --local --unset-all extensions.worktreeConfig
end-workflow	Run actions/checkout@v4	2026-02-11T16:55:40.0461240Z ##[group]Checking out the ref
end-workflow	Run actions/checkout@v4	2026-02-11T16:55:40.0464033Z [command]/usr/bin/git checkout --progress --force -B H3266-deploy-zabbix refs/remotes/origin/H3266-deploy-zabbix
end-workflow	Run actions/checkout@v4	2026-02-11T16:55:41.0635220Z Updating files:  84% (1262/1488)
end-workflow	Run actions/checkout@v4	2026-02-11T16:55:41.1080722Z Updating files:  85% (1265/1488)
end-workflow	Run actions/checkout@v4	2026-02-11T16:55:41.1587321Z Updating files:  86% (1280/1488)
end-workflow	Run actions/checkout@v4	2026-02-11T16:55:41.2760524Z Updating files:  87% (1295/1488)
end-workflow	Run actions/checkout@v4	2026-02-11T16:55:41.3955206Z Updating files:  88% (1310/1488)
end-workflow	Run actions/checkout@v4	2026-02-11T16:55:41.5229010Z Updating files:  89% (1325/1488)
end-workflow	Run actions/checkout@v4	2026-02-11T16:55:41.6571920Z Updating files:  90% (1340/1488)
end-workflow	Run actions/checkout@v4	2026-02-11T16:55:41.6858046Z Updating files:  91% (1355/1488)
end-workflow	Run actions/checkout@v4	2026-02-11T16:55:41.6874397Z Updating files:  92% (1369/1488)
end-workflow	Run actions/checkout@v4	2026-02-11T16:55:41.6898118Z Updating files:  93% (1384/1488)
end-workflow	Run actions/checkout@v4	2026-02-11T16:55:41.6942812Z Updating files:  94% (1399/1488)
end-workflow	Run actions/checkout@v4	2026-02-11T16:55:41.7017422Z Updating files:  95% (1414/1488)
end-workflow	Run actions/checkout@v4	2026-02-11T16:55:41.7038572Z Updating files:  96% (1429/1488)
end-workflow	Run actions/checkout@v4	2026-02-11T16:55:41.7079308Z Updating files:  97% (1444/1488)
end-workflow	Run actions/checkout@v4	2026-02-11T16:55:41.7101237Z Updating files:  98% (1459/1488)
end-workflow	Run actions/checkout@v4	2026-02-11T16:55:41.7116445Z Updating files:  99% (1474/1488)
end-workflow	Run actions/checkout@v4	2026-02-11T16:55:41.7117176Z Updating files: 100% (1488/1488)
end-workflow	Run actions/checkout@v4	2026-02-11T16:55:41.7117729Z Updating files: 100% (1488/1488), done.
end-workflow	Run actions/checkout@v4	2026-02-11T16:55:41.7152329Z Switched to a new branch 'H3266-deploy-zabbix'
end-workflow	Run actions/checkout@v4	2026-02-11T16:55:41.7170154Z branch 'H3266-deploy-zabbix' set up to track 'origin/H3266-deploy-zabbix'.
end-workflow	Run actions/checkout@v4	2026-02-11T16:55:41.7397322Z ##[endgroup]
end-workflow	Run actions/checkout@v4	2026-02-11T16:55:41.7537386Z [command]/usr/bin/git log -1 --format=%H
end-workflow	Run actions/checkout@v4	2026-02-11T16:55:41.7586378Z a4ad075ec4b8c512257c7de328ac2dee4e714195
end-workflow	Run /./.github/actions/install-gh-cli	﻿2026-02-11T16:55:41.8180749Z Prepare all required actions
end-workflow	Run /./.github/actions/install-gh-cli	2026-02-11T16:55:41.8308025Z ##[group]Run ./.github/actions/install-gh-cli
end-workflow	Run /./.github/actions/install-gh-cli	2026-02-11T16:55:41.8308363Z env:
end-workflow	Run /./.github/actions/install-gh-cli	2026-02-11T16:55:41.8308558Z   KAOS_MODULE: [Ka0S] YAMLLINT
end-workflow	Run /./.github/actions/install-gh-cli	2026-02-11T16:55:41.8309092Z   GH_TOKEN: ***
end-workflow	Run /./.github/actions/install-gh-cli	2026-02-11T16:55:41.8309382Z   KAOS_YAMLLINT_CONFIG: core/config/kaos-yamllint-config.yaml
end-workflow	Run /./.github/actions/install-gh-cli	2026-02-11T16:55:41.8309802Z   KAOS_PRETTIER_CONFIG: compliance/yaml/.prettierrc.json
end-workflow	Run /./.github/actions/install-gh-cli	2026-02-11T16:55:41.8310146Z   KAOS_PATH_RESUME: audit/yamllint/
end-workflow	Run /./.github/actions/install-gh-cli	2026-02-11T16:55:41.8310432Z   KAOS_REPO: /actions-runner/_work/kaos/kaos
end-workflow	Run /./.github/actions/install-gh-cli	2026-02-11T16:55:41.8310722Z   KAOS_STEP_MODULE: 
end-workflow	Run /./.github/actions/install-gh-cli	2026-02-11T16:55:41.8310933Z   KAOS_CODE: 21913450107
end-workflow	Run /./.github/actions/install-gh-cli	2026-02-11T16:55:41.8311161Z   KAOS_REF_BRANCH: main
end-workflow	Run /./.github/actions/install-gh-cli	2026-02-11T16:55:41.8311401Z ##[endgroup]
end-workflow	Run /./.github/actions/install-gh-cli	2026-02-11T16:55:41.8514877Z ##[group]Run type -p curl >/dev/null || (sudo apt-get update && sudo apt-get install curl -y)
end-workflow	Run /./.github/actions/install-gh-cli	2026-02-11T16:55:41.8515904Z [36;1mtype -p curl >/dev/null || (sudo apt-get update && sudo apt-get install curl -y)[0m
end-workflow	Run /./.github/actions/install-gh-cli	2026-02-11T16:55:41.8516935Z [36;1mcurl -fsSL https://cli.github.com/packages/githubcli-archive-keyring.gpg | sudo dd of=/usr/share/keyrings/githubcli-archive-keyring.gpg \[0m
end-workflow	Run /./.github/actions/install-gh-cli	2026-02-11T16:55:41.8517820Z [36;1m&& sudo chmod go+r /usr/share/keyrings/githubcli-archive-keyring.gpg \[0m
end-workflow	Run /./.github/actions/install-gh-cli	2026-02-11T16:55:41.8518990Z [36;1m&& echo "deb [arch=$(dpkg --print-architecture) signed-by=/usr/share/keyrings/githubcli-archive-keyring.gpg] https://cli.github.com/packages stable main" | sudo tee /etc/apt/sources.list.d/github-cli.list > /dev/null \[0m
end-workflow	Run /./.github/actions/install-gh-cli	2026-02-11T16:55:41.8520083Z [36;1m&& sudo apt-get update \[0m
end-workflow	Run /./.github/actions/install-gh-cli	2026-02-11T16:55:41.8523129Z [36;1m&& sudo apt-get install gh -y[0m
end-workflow	Run /./.github/actions/install-gh-cli	2026-02-11T16:55:41.8553236Z shell: /usr/bin/bash --noprofile --norc -e -o pipefail {0}
end-workflow	Run /./.github/actions/install-gh-cli	2026-02-11T16:55:41.8553703Z env:
end-workflow	Run /./.github/actions/install-gh-cli	2026-02-11T16:55:41.8553901Z   KAOS_MODULE: [Ka0S] YAMLLINT
end-workflow	Run /./.github/actions/install-gh-cli	2026-02-11T16:55:41.8554454Z   GH_TOKEN: ***
end-workflow	Run /./.github/actions/install-gh-cli	2026-02-11T16:55:41.8554769Z   KAOS_YAMLLINT_CONFIG: core/config/kaos-yamllint-config.yaml
end-workflow	Run /./.github/actions/install-gh-cli	2026-02-11T16:55:41.8556129Z   KAOS_PRETTIER_CONFIG: compliance/yaml/.prettierrc.json
end-workflow	Run /./.github/actions/install-gh-cli	2026-02-11T16:55:41.8556536Z   KAOS_PATH_RESUME: audit/yamllint/
end-workflow	Run /./.github/actions/install-gh-cli	2026-02-11T16:55:41.8556823Z   KAOS_REPO: /actions-runner/_work/kaos/kaos
end-workflow	Run /./.github/actions/install-gh-cli	2026-02-11T16:55:41.8557106Z   KAOS_STEP_MODULE: 
end-workflow	Run /./.github/actions/install-gh-cli	2026-02-11T16:55:41.8557323Z   KAOS_CODE: 21913450107
end-workflow	Run /./.github/actions/install-gh-cli	2026-02-11T16:55:41.8557537Z   KAOS_REF_BRANCH: main
end-workflow	Run /./.github/actions/install-gh-cli	2026-02-11T16:55:41.8557748Z ##[endgroup]
end-workflow	Run /./.github/actions/install-gh-cli	2026-02-11T16:55:41.9886802Z 4+1 records in
end-workflow	Run /./.github/actions/install-gh-cli	2026-02-11T16:55:41.9887285Z 4+1 records out
end-workflow	Run /./.github/actions/install-gh-cli	2026-02-11T16:55:41.9897081Z 2270 bytes (2.3 kB, 2.2 KiB) copied, 0.0701879 s, 32.3 kB/s
end-workflow	Run /./.github/actions/install-gh-cli	2026-02-11T16:55:42.1856417Z Get:1 https://cli.github.com/packages stable InRelease [3917 B]
end-workflow	Run /./.github/actions/install-gh-cli	2026-02-11T16:55:42.2860278Z Get:2 http://archive.ubuntu.com/ubuntu noble InRelease [256 kB]
end-workflow	Run /./.github/actions/install-gh-cli	2026-02-11T16:55:42.2944085Z Get:3 https://cli.github.com/packages stable/main amd64 Packages [356 B]
end-workflow	Run /./.github/actions/install-gh-cli	2026-02-11T16:55:42.3679127Z Get:4 http://security.ubuntu.com/ubuntu noble-security InRelease [126 kB]
end-workflow	Run /./.github/actions/install-gh-cli	2026-02-11T16:55:42.3900908Z Get:5 https://ppa.launchpadcontent.net/git-core/ppa/ubuntu noble InRelease [24.3 kB]
end-workflow	Run /./.github/actions/install-gh-cli	2026-02-11T16:55:42.5904375Z Get:6 https://ppa.launchpadcontent.net/git-core/ppa/ubuntu noble/main amd64 Packages [2994 B]
end-workflow	Run /./.github/actions/install-gh-cli	2026-02-11T16:55:42.6789287Z Get:7 http://archive.ubuntu.com/ubuntu noble-updates InRelease [126 kB]
end-workflow	Run /./.github/actions/install-gh-cli	2026-02-11T16:55:42.7489052Z Get:8 http://archive.ubuntu.com/ubuntu noble-backports InRelease [126 kB]
end-workflow	Run /./.github/actions/install-gh-cli	2026-02-11T16:55:42.8542865Z Get:9 http://archive.ubuntu.com/ubuntu noble/main amd64 Packages [1808 kB]
end-workflow	Run /./.github/actions/install-gh-cli	2026-02-11T16:55:43.0794031Z Get:10 http://archive.ubuntu.com/ubuntu noble/universe amd64 Packages [19.3 MB]
end-workflow	Run /./.github/actions/install-gh-cli	2026-02-11T16:55:43.1052972Z Get:11 http://security.ubuntu.com/ubuntu noble-security/universe amd64 Packages [1199 kB]
end-workflow	Run /./.github/actions/install-gh-cli	2026-02-11T16:55:43.5982982Z Get:12 http://security.ubuntu.com/ubuntu noble-security/restricted amd64 Packages [3106 kB]
end-workflow	Run /./.github/actions/install-gh-cli	2026-02-11T16:55:44.3441428Z Get:13 http://security.ubuntu.com/ubuntu noble-security/main amd64 Packages [1822 kB]
end-workflow	Run /./.github/actions/install-gh-cli	2026-02-11T16:55:44.6135087Z Get:14 http://archive.ubuntu.com/ubuntu noble/restricted amd64 Packages [117 kB]
end-workflow	Run /./.github/actions/install-gh-cli	2026-02-11T16:55:44.6297815Z Get:15 http://archive.ubuntu.com/ubuntu noble/multiverse amd64 Packages [331 kB]
end-workflow	Run /./.github/actions/install-gh-cli	2026-02-11T16:55:44.6582474Z Get:16 http://archive.ubuntu.com/ubuntu noble-updates/multiverse amd64 Packages [38.1 kB]
end-workflow	Run /./.github/actions/install-gh-cli	2026-02-11T16:55:44.6670868Z Get:17 http://archive.ubuntu.com/ubuntu noble-updates/restricted amd64 Packages [3287 kB]
end-workflow	Run /./.github/actions/install-gh-cli	2026-02-11T16:55:44.6994392Z Get:18 http://security.ubuntu.com/ubuntu noble-security/multiverse amd64 Packages [34.8 kB]
end-workflow	Run /./.github/actions/install-gh-cli	2026-02-11T16:55:44.7811789Z Get:19 http://archive.ubuntu.com/ubuntu noble-updates/universe amd64 Packages [1978 kB]
end-workflow	Run /./.github/actions/install-gh-cli	2026-02-11T16:55:44.8298835Z Get:20 http://archive.ubuntu.com/ubuntu noble-updates/main amd64 Packages [2201 kB]
end-workflow	Run /./.github/actions/install-gh-cli	2026-02-11T16:55:44.8985106Z Get:21 http://archive.ubuntu.com/ubuntu noble-backports/universe amd64 Packages [34.6 kB]
end-workflow	Run /./.github/actions/install-gh-cli	2026-02-11T16:55:44.9083806Z Get:22 http://archive.ubuntu.com/ubuntu noble-backports/main amd64 Packages [49.5 kB]
end-workflow	Run /./.github/actions/install-gh-cli	2026-02-11T16:55:46.1211121Z Fetched 36.0 MB in 4s (9025 kB/s)
end-workflow	Run /./.github/actions/install-gh-cli	2026-02-11T16:55:47.1222013Z Reading package lists...
end-workflow	Run /./.github/actions/install-gh-cli	2026-02-11T16:55:48.4293161Z Reading package lists...
end-workflow	Run /./.github/actions/install-gh-cli	2026-02-11T16:55:48.6706549Z Building dependency tree...
end-workflow	Run /./.github/actions/install-gh-cli	2026-02-11T16:55:48.6708049Z Reading state information...
end-workflow	Run /./.github/actions/install-gh-cli	2026-02-11T16:55:49.4778929Z The following NEW packages will be installed:
end-workflow	Run /./.github/actions/install-gh-cli	2026-02-11T16:55:49.4797954Z   gh
end-workflow	Run /./.github/actions/install-gh-cli	2026-02-11T16:55:49.5878506Z 0 upgraded, 1 newly installed, 0 to remove and 18 not upgraded.
end-workflow	Run /./.github/actions/install-gh-cli	2026-02-11T16:55:49.5879148Z Need to get 13.7 MB of archives.
end-workflow	Run /./.github/actions/install-gh-cli	2026-02-11T16:55:49.5879676Z After this operation, 37.9 MB of additional disk space will be used.
end-workflow	Run /./.github/actions/install-gh-cli	2026-02-11T16:55:49.5880555Z Get:1 https://cli.github.com/packages stable/main amd64 gh amd64 2.86.0 [13.7 MB]
end-workflow	Run /./.github/actions/install-gh-cli	2026-02-11T16:55:50.5870839Z debconf: delaying package configuration, since apt-utils is not installed
end-workflow	Run /./.github/actions/install-gh-cli	2026-02-11T16:55:50.7806006Z Fetched 13.7 MB in 1s (22.5 MB/s)
end-workflow	Run /./.github/actions/install-gh-cli	2026-02-11T16:55:51.1938821Z Selecting previously unselected package gh.
end-workflow	Run /./.github/actions/install-gh-cli	2026-02-11T16:55:51.2067204Z (Reading database ... 
end-workflow	Run /./.github/actions/install-gh-cli	2026-02-11T16:55:51.2067687Z (Reading database ... 5%
end-workflow	Run /./.github/actions/install-gh-cli	2026-02-11T16:55:51.2083002Z (Reading database ... 10%
end-workflow	Run /./.github/actions/install-gh-cli	2026-02-11T16:55:51.2083442Z (Reading database ... 15%
end-workflow	Run /./.github/actions/install-gh-cli	2026-02-11T16:55:51.2083779Z (Reading database ... 20%
end-workflow	Run /./.github/actions/install-gh-cli	2026-02-11T16:55:51.2084064Z (Reading database ... 25%
end-workflow	Run /./.github/actions/install-gh-cli	2026-02-11T16:55:51.2084355Z (Reading database ... 30%
end-workflow	Run /./.github/actions/install-gh-cli	2026-02-11T16:55:51.2084645Z (Reading database ... 35%
end-workflow	Run /./.github/actions/install-gh-cli	2026-02-11T16:55:51.2084937Z (Reading database ... 40%
end-workflow	Run /./.github/actions/install-gh-cli	2026-02-11T16:55:51.2085222Z (Reading database ... 45%
end-workflow	Run /./.github/actions/install-gh-cli	2026-02-11T16:55:51.2085809Z (Reading database ... 50%
end-workflow	Run /./.github/actions/install-gh-cli	2026-02-11T16:55:51.2086116Z (Reading database ... 55%
end-workflow	Run /./.github/actions/install-gh-cli	2026-02-11T16:55:51.2086403Z (Reading database ... 60%
end-workflow	Run /./.github/actions/install-gh-cli	2026-02-11T16:55:51.2086680Z (Reading database ... 65%
end-workflow	Run /./.github/actions/install-gh-cli	2026-02-11T16:55:51.2106652Z (Reading database ... 70%
end-workflow	Run /./.github/actions/install-gh-cli	2026-02-11T16:55:51.2110940Z (Reading database ... 75%
end-workflow	Run /./.github/actions/install-gh-cli	2026-02-11T16:55:51.2127660Z (Reading database ... 80%
end-workflow	Run /./.github/actions/install-gh-cli	2026-02-11T16:55:51.2134353Z (Reading database ... 85%
end-workflow	Run /./.github/actions/install-gh-cli	2026-02-11T16:55:51.2146680Z (Reading database ... 90%
end-workflow	Run /./.github/actions/install-gh-cli	2026-02-11T16:55:51.2168008Z (Reading database ... 95%
end-workflow	Run /./.github/actions/install-gh-cli	2026-02-11T16:55:51.2168360Z (Reading database ... 100%
end-workflow	Run /./.github/actions/install-gh-cli	2026-02-11T16:55:51.2168718Z (Reading database ... 14385 files and directories currently installed.)
end-workflow	Run /./.github/actions/install-gh-cli	2026-02-11T16:55:51.2175408Z Preparing to unpack .../archives/gh_2.86.0_amd64.deb ...
end-workflow	Run /./.github/actions/install-gh-cli	2026-02-11T16:55:51.2782987Z Unpacking gh (2.86.0) ...
end-workflow	Run /./.github/actions/install-gh-cli	2026-02-11T16:55:52.9866948Z Setting up gh (2.86.0) ...
end-workflow	End Workflow	﻿2026-02-11T16:55:54.4066189Z ##[group]Run RNNUMBER=$(echo "refs/heads/H3266-deploy-zabbix" | grep -o '[0-9]*')
end-workflow	End Workflow	2026-02-11T16:55:54.4066837Z [36;1mRNNUMBER=$(echo "refs/heads/H3266-deploy-zabbix" | grep -o '[0-9]*')[0m
end-workflow	End Workflow	2026-02-11T16:55:54.4067599Z [36;1mgh workflow run inspector.yml --ref 'main' -f kaos-issue-id=$RNNUMBER -f kaos-workflow-id="21913450107" -f kaos-user-start=""[0m
end-workflow	End Workflow	2026-02-11T16:55:54.4081309Z shell: /usr/bin/bash -e {0}
end-workflow	End Workflow	2026-02-11T16:55:54.4081568Z env:
end-workflow	End Workflow	2026-02-11T16:55:54.4081763Z   KAOS_MODULE: [Ka0S] YAMLLINT
end-workflow	End Workflow	2026-02-11T16:55:54.4082293Z   GH_TOKEN: ***
end-workflow	End Workflow	2026-02-11T16:55:54.4082578Z   KAOS_YAMLLINT_CONFIG: core/config/kaos-yamllint-config.yaml
end-workflow	End Workflow	2026-02-11T16:55:54.4083006Z   KAOS_PRETTIER_CONFIG: compliance/yaml/.prettierrc.json
end-workflow	End Workflow	2026-02-11T16:55:54.4083351Z   KAOS_PATH_RESUME: audit/yamllint/
end-workflow	End Workflow	2026-02-11T16:55:54.4083635Z   KAOS_REPO: /actions-runner/_work/kaos/kaos
end-workflow	End Workflow	2026-02-11T16:55:54.4083922Z   KAOS_STEP_MODULE: 
end-workflow	End Workflow	2026-02-11T16:55:54.4084127Z   KAOS_CODE: 21913450107
end-workflow	End Workflow	2026-02-11T16:55:54.4084343Z   KAOS_REF_BRANCH: main
end-workflow	End Workflow	2026-02-11T16:55:54.4084591Z ##[endgroup]
end-workflow	Post Run actions/checkout@v4	﻿2026-02-11T16:55:57.1971794Z Post job cleanup.
end-workflow	Post Run actions/checkout@v4	2026-02-11T16:55:57.3213206Z [command]/usr/bin/git version
end-workflow	Post Run actions/checkout@v4	2026-02-11T16:55:57.3262221Z git version 2.52.0
end-workflow	Post Run actions/checkout@v4	2026-02-11T16:55:57.3322750Z Temporarily overriding HOME='/home/runner/_work/_temp/46ce5d1a-5b32-4304-8ba5-48647187fa9f' before making global git config changes
end-workflow	Post Run actions/checkout@v4	2026-02-11T16:55:57.3326829Z Adding repository directory to the temporary git global config as a safe directory
end-workflow	Post Run actions/checkout@v4	2026-02-11T16:55:57.3336750Z [command]/usr/bin/git config --global --add safe.directory /home/runner/_work/ka0s/ka0s
end-workflow	Post Run actions/checkout@v4	2026-02-11T16:55:57.3878502Z [command]/usr/bin/git config --local --name-only --get-regexp core\.sshCommand
end-workflow	Post Run actions/checkout@v4	2026-02-11T16:55:57.4100212Z [command]/usr/bin/git submodule foreach --recursive sh -c "git config --local --name-only --get-regexp 'core\.sshCommand' && git config --local --unset-all 'core.sshCommand' || :"
end-workflow	Post Run actions/checkout@v4	2026-02-11T16:55:57.5867588Z [command]/usr/bin/git config --local --name-only --get-regexp http\.https\:\/\/github\.com\/\.extraheader
end-workflow	Post Run actions/checkout@v4	2026-02-11T16:55:57.6020534Z http.https://github.com/.extraheader
end-workflow	Post Run actions/checkout@v4	2026-02-11T16:55:57.6071904Z [command]/usr/bin/git config --local --unset-all http.https://github.com/.extraheader
end-workflow	Post Run actions/checkout@v4	2026-02-11T16:55:57.7229478Z [command]/usr/bin/git submodule foreach --recursive sh -c "git config --local --name-only --get-regexp 'http\.https\:\/\/github\.com\/\.extraheader' && git config --local --unset-all 'http.https://github.com/.extraheader' || :"
end-workflow	Post Run actions/checkout@v4	2026-02-11T16:55:57.7709174Z [command]/usr/bin/git config --local --name-only --get-regexp ^includeIf\.gitdir:
end-workflow	Post Run actions/checkout@v4	2026-02-11T16:55:57.7753590Z [command]/usr/bin/git submodule foreach --recursive git config --local --show-origin --name-only --get-regexp remote.origin.url
end-workflow	Complete job	﻿2026-02-11T16:55:58.0981208Z Cleaning up orphan processes
