audit-pods	Set up job	ï»¿2026-02-11T19:32:46.5754648Z Current runner version: '2.331.0'
audit-pods	Set up job	2026-02-11T19:32:46.5815928Z Runner name: 'swarm-runners-scaleset-hkss5-runner-pjs2r'
audit-pods	Set up job	2026-02-11T19:32:46.5857253Z Runner group name: 'Default'
audit-pods	Set up job	2026-02-11T19:32:46.5862692Z Machine name: 'swarm-runners-scaleset-hkss5-runner-pjs2r'
audit-pods	Set up job	2026-02-11T19:32:46.5918791Z ##[group]GITHUB_TOKEN Permissions
audit-pods	Set up job	2026-02-11T19:32:46.5925385Z Actions: write
audit-pods	Set up job	2026-02-11T19:32:46.5926738Z Contents: write
audit-pods	Set up job	2026-02-11T19:32:46.5948281Z Issues: write
audit-pods	Set up job	2026-02-11T19:32:46.5949899Z Metadata: read
audit-pods	Set up job	2026-02-11T19:32:46.5951082Z ##[endgroup]
audit-pods	Set up job	2026-02-11T19:32:46.5955822Z Secret source: Actions
audit-pods	Set up job	2026-02-11T19:32:46.5957644Z Prepare workflow directory
audit-pods	Set up job	2026-02-11T19:32:46.8585319Z Prepare all required actions
audit-pods	Set up job	2026-02-11T19:32:46.8891371Z Getting action download info
audit-pods	Set up job	2026-02-11T19:32:47.6341118Z Download action repository 'actions/checkout@v4' (SHA:34e114876b0b11c390a56381ad16ebd13914f8d5)
audit-pods	Set up job	2026-02-11T19:32:48.6794781Z Complete job name: audit-pods
audit-pods	Checkout repository	ï»¿2026-02-11T19:32:48.8247480Z ##[group]Run actions/checkout@v4
audit-pods	Checkout repository	2026-02-11T19:32:48.8250605Z with:
audit-pods	Checkout repository	2026-02-11T19:32:48.8251382Z   repository: Ka0s-Klaus/ka0s
audit-pods	Checkout repository	2026-02-11T19:32:48.8252524Z   token: ***
audit-pods	Checkout repository	2026-02-11T19:32:48.8253240Z   ssh-strict: true
audit-pods	Checkout repository	2026-02-11T19:32:48.8253957Z   ssh-user: git
audit-pods	Checkout repository	2026-02-11T19:32:48.8255011Z   persist-credentials: true
audit-pods	Checkout repository	2026-02-11T19:32:48.8255858Z   clean: true
audit-pods	Checkout repository	2026-02-11T19:32:48.8256625Z   sparse-checkout-cone-mode: true
audit-pods	Checkout repository	2026-02-11T19:32:48.8257523Z   fetch-depth: 1
audit-pods	Checkout repository	2026-02-11T19:32:48.8260492Z   fetch-tags: false
audit-pods	Checkout repository	2026-02-11T19:32:48.8262302Z   show-progress: true
audit-pods	Checkout repository	2026-02-11T19:32:48.8265392Z   lfs: false
audit-pods	Checkout repository	2026-02-11T19:32:48.8269554Z   submodules: false
audit-pods	Checkout repository	2026-02-11T19:32:48.8273627Z   set-safe-directory: true
audit-pods	Checkout repository	2026-02-11T19:32:48.8277566Z env:
audit-pods	Checkout repository	2026-02-11T19:32:48.8281385Z   KAOS_MODULE: [Ka0S] Audit Pods
audit-pods	Checkout repository	2026-02-11T19:32:48.8284097Z   KAOS_CODE: 21920011295
audit-pods	Checkout repository	2026-02-11T19:32:48.8286482Z ##[endgroup]
audit-pods	Checkout repository	2026-02-11T19:32:49.0351227Z Syncing repository: Ka0s-Klaus/ka0s
audit-pods	Checkout repository	2026-02-11T19:32:49.0354479Z ##[group]Getting Git version info
audit-pods	Checkout repository	2026-02-11T19:32:49.0355806Z Working directory is '/home/runner/_work/ka0s/ka0s'
audit-pods	Checkout repository	2026-02-11T19:32:49.0357582Z [command]/usr/bin/git version
audit-pods	Checkout repository	2026-02-11T19:32:49.0360647Z git version 2.52.0
audit-pods	Checkout repository	2026-02-11T19:32:49.0411666Z ##[endgroup]
audit-pods	Checkout repository	2026-02-11T19:32:49.0444294Z Temporarily overriding HOME='/home/runner/_work/_temp/93f3b4b0-d6d7-480e-9c6f-7becb88862f5' before making global git config changes
audit-pods	Checkout repository	2026-02-11T19:32:49.0450917Z Adding repository directory to the temporary git global config as a safe directory
audit-pods	Checkout repository	2026-02-11T19:32:49.0452849Z [command]/usr/bin/git config --global --add safe.directory /home/runner/_work/ka0s/ka0s
audit-pods	Checkout repository	2026-02-11T19:32:49.0518331Z Deleting the contents of '/home/runner/_work/ka0s/ka0s'
audit-pods	Checkout repository	2026-02-11T19:32:49.0525719Z ##[group]Initializing the repository
audit-pods	Checkout repository	2026-02-11T19:32:49.0531541Z [command]/usr/bin/git init /home/runner/_work/ka0s/ka0s
audit-pods	Checkout repository	2026-02-11T19:32:49.0611577Z hint: Using 'master' as the name for the initial branch. This default branch name
audit-pods	Checkout repository	2026-02-11T19:32:49.0618139Z hint: will change to "main" in Git 3.0. To configure the initial branch name
audit-pods	Checkout repository	2026-02-11T19:32:49.0619966Z hint: to use in all of your new repositories, which will suppress this warning,
audit-pods	Checkout repository	2026-02-11T19:32:49.0621700Z hint: call:
audit-pods	Checkout repository	2026-02-11T19:32:49.0623365Z hint:
audit-pods	Checkout repository	2026-02-11T19:32:49.0624285Z hint: 	git config --global init.defaultBranch <name>
audit-pods	Checkout repository	2026-02-11T19:32:49.0625312Z hint:
audit-pods	Checkout repository	2026-02-11T19:32:49.0626379Z hint: Names commonly chosen instead of 'master' are 'main', 'trunk' and
audit-pods	Checkout repository	2026-02-11T19:32:49.0628472Z hint: 'development'. The just-created branch can be renamed via this command:
audit-pods	Checkout repository	2026-02-11T19:32:49.0629807Z hint:
audit-pods	Checkout repository	2026-02-11T19:32:49.0631625Z hint: 	git branch -m <name>
audit-pods	Checkout repository	2026-02-11T19:32:49.0632664Z hint:
audit-pods	Checkout repository	2026-02-11T19:32:49.0633737Z hint: Disable this message with "git config set advice.defaultBranchName false"
audit-pods	Checkout repository	2026-02-11T19:32:49.0635393Z Initialized empty Git repository in /home/runner/_work/ka0s/ka0s/.git/
audit-pods	Checkout repository	2026-02-11T19:32:49.0638676Z [command]/usr/bin/git remote add origin https://github.com/Ka0s-Klaus/ka0s
audit-pods	Checkout repository	2026-02-11T19:32:49.0702336Z ##[endgroup]
audit-pods	Checkout repository	2026-02-11T19:32:49.0706035Z ##[group]Disabling automatic garbage collection
audit-pods	Checkout repository	2026-02-11T19:32:49.0713002Z [command]/usr/bin/git config --local gc.auto 0
audit-pods	Checkout repository	2026-02-11T19:32:49.0764065Z ##[endgroup]
audit-pods	Checkout repository	2026-02-11T19:32:49.0766555Z ##[group]Setting up auth
audit-pods	Checkout repository	2026-02-11T19:32:49.0776085Z [command]/usr/bin/git config --local --name-only --get-regexp core\.sshCommand
audit-pods	Checkout repository	2026-02-11T19:32:49.0847129Z [command]/usr/bin/git submodule foreach --recursive sh -c "git config --local --name-only --get-regexp 'core\.sshCommand' && git config --local --unset-all 'core.sshCommand' || :"
audit-pods	Checkout repository	2026-02-11T19:32:49.1324394Z [command]/usr/bin/git config --local --name-only --get-regexp http\.https\:\/\/github\.com\/\.extraheader
audit-pods	Checkout repository	2026-02-11T19:32:49.1385935Z [command]/usr/bin/git submodule foreach --recursive sh -c "git config --local --name-only --get-regexp 'http\.https\:\/\/github\.com\/\.extraheader' && git config --local --unset-all 'http.https://github.com/.extraheader' || :"
audit-pods	Checkout repository	2026-02-11T19:32:49.1987063Z [command]/usr/bin/git config --local --name-only --get-regexp ^includeIf\.gitdir:
audit-pods	Checkout repository	2026-02-11T19:32:49.2255048Z [command]/usr/bin/git submodule foreach --recursive git config --local --show-origin --name-only --get-regexp remote.origin.url
audit-pods	Checkout repository	2026-02-11T19:32:49.2730583Z [command]/usr/bin/git config --local http.https://github.com/.extraheader AUTHORIZATION: basic ***
audit-pods	Checkout repository	2026-02-11T19:32:49.2825365Z ##[endgroup]
audit-pods	Checkout repository	2026-02-11T19:32:49.2829387Z ##[group]Fetching the repository
audit-pods	Checkout repository	2026-02-11T19:32:49.2842851Z [command]/usr/bin/git -c protocol.version=2 fetch --no-tags --prune --no-recurse-submodules --depth=1 origin +b18507c1bbaf1b349a2213797cd35b19432a8f59:refs/remotes/origin/main
audit-pods	Checkout repository	2026-02-11T19:32:59.8784962Z From https://github.com/Ka0s-Klaus/ka0s
audit-pods	Checkout repository	2026-02-11T19:32:59.8788407Z  * [new ref]         b18507c1bbaf1b349a2213797cd35b19432a8f59 -> origin/main
audit-pods	Checkout repository	2026-02-11T19:32:59.8887689Z ##[endgroup]
audit-pods	Checkout repository	2026-02-11T19:32:59.8891376Z ##[group]Determining the checkout info
audit-pods	Checkout repository	2026-02-11T19:32:59.8894629Z ##[endgroup]
audit-pods	Checkout repository	2026-02-11T19:32:59.8910336Z [command]/usr/bin/git sparse-checkout disable
audit-pods	Checkout repository	2026-02-11T19:32:59.9113253Z [command]/usr/bin/git config --local --unset-all extensions.worktreeConfig
audit-pods	Checkout repository	2026-02-11T19:32:59.9303265Z ##[group]Checking out the ref
audit-pods	Checkout repository	2026-02-11T19:32:59.9324942Z [command]/usr/bin/git checkout --progress --force -B main refs/remotes/origin/main
audit-pods	Checkout repository	2026-02-11T19:33:00.9512375Z Updating files:  73% (1121/1526)
audit-pods	Checkout repository	2026-02-11T19:33:00.9536247Z Updating files:  74% (1130/1526)
audit-pods	Checkout repository	2026-02-11T19:33:00.9549120Z Updating files:  75% (1145/1526)
audit-pods	Checkout repository	2026-02-11T19:33:01.0188456Z Updating files:  76% (1160/1526)
audit-pods	Checkout repository	2026-02-11T19:33:01.0201691Z Updating files:  77% (1176/1526)
audit-pods	Checkout repository	2026-02-11T19:33:01.0238713Z Updating files:  78% (1191/1526)
audit-pods	Checkout repository	2026-02-11T19:33:01.0240443Z Updating files:  79% (1206/1526)
audit-pods	Checkout repository	2026-02-11T19:33:01.0249568Z Updating files:  80% (1221/1526)
audit-pods	Checkout repository	2026-02-11T19:33:01.0273712Z Updating files:  81% (1237/1526)
audit-pods	Checkout repository	2026-02-11T19:33:01.0287307Z Updating files:  82% (1252/1526)
audit-pods	Checkout repository	2026-02-11T19:33:01.0303621Z Updating files:  83% (1267/1526)
audit-pods	Checkout repository	2026-02-11T19:33:01.1090552Z Updating files:  84% (1282/1526)
audit-pods	Checkout repository	2026-02-11T19:33:01.1682587Z Updating files:  85% (1298/1526)
audit-pods	Checkout repository	2026-02-11T19:33:01.2299575Z Updating files:  86% (1313/1526)
audit-pods	Checkout repository	2026-02-11T19:33:01.3441852Z Updating files:  87% (1328/1526)
audit-pods	Checkout repository	2026-02-11T19:33:01.5053592Z Updating files:  88% (1343/1526)
audit-pods	Checkout repository	2026-02-11T19:33:01.6367092Z Updating files:  89% (1359/1526)
audit-pods	Checkout repository	2026-02-11T19:33:01.8039262Z Updating files:  90% (1374/1526)
audit-pods	Checkout repository	2026-02-11T19:33:01.8851340Z Updating files:  91% (1389/1526)
audit-pods	Checkout repository	2026-02-11T19:33:01.8900068Z Updating files:  92% (1404/1526)
audit-pods	Checkout repository	2026-02-11T19:33:01.8981603Z Updating files:  93% (1420/1526)
audit-pods	Checkout repository	2026-02-11T19:33:01.9041387Z Updating files:  94% (1435/1526)
audit-pods	Checkout repository	2026-02-11T19:33:01.9291563Z Updating files:  95% (1450/1526)
audit-pods	Checkout repository	2026-02-11T19:33:01.9371641Z Updating files:  96% (1465/1526)
audit-pods	Checkout repository	2026-02-11T19:33:01.9399941Z Updating files:  97% (1481/1526)
audit-pods	Checkout repository	2026-02-11T19:33:01.9478543Z Updating files:  98% (1496/1526)
audit-pods	Checkout repository	2026-02-11T19:33:01.9521456Z Updating files:  99% (1511/1526)
audit-pods	Checkout repository	2026-02-11T19:33:01.9559391Z Updating files:  99% (1516/1526)
audit-pods	Checkout repository	2026-02-11T19:33:01.9575078Z Updating files: 100% (1526/1526)
audit-pods	Checkout repository	2026-02-11T19:33:01.9577038Z Updating files: 100% (1526/1526), done.
audit-pods	Checkout repository	2026-02-11T19:33:01.9688806Z Switched to a new branch 'main'
audit-pods	Checkout repository	2026-02-11T19:33:01.9710820Z branch 'main' set up to track 'origin/main'.
audit-pods	Checkout repository	2026-02-11T19:33:02.0093172Z ##[endgroup]
audit-pods	Checkout repository	2026-02-11T19:33:02.0257788Z [command]/usr/bin/git log -1 --format=%H
audit-pods	Checkout repository	2026-02-11T19:33:02.0329964Z b18507c1bbaf1b349a2213797cd35b19432a8f59
audit-pods	Execute Audit Script	ï»¿2026-02-11T19:33:02.1961925Z Prepare all required actions
audit-pods	Execute Audit Script	2026-02-11T19:33:02.2674534Z ##[group]Run ./.github/actions/ssh-exec
audit-pods	Execute Audit Script	2026-02-11T19:33:02.2675359Z with:
audit-pods	Execute Audit Script	2026-02-11T19:33:02.2677076Z   host: ***
audit-pods	Execute Audit Script	2026-02-11T19:33:02.2678207Z   username: ***
audit-pods	Execute Audit Script	2026-02-11T19:33:02.2684232Z   key: ***
audit-pods	Execute Audit Script	2026-02-11T19:33:02.2685446Z   port: ***
audit-pods	Execute Audit Script	2026-02-11T19:33:02.2686615Z   use-sudo: true
audit-pods	Execute Audit Script	2026-02-11T19:33:02.2689286Z   pass: ***
audit-pods	Execute Audit Script	2026-02-11T19:33:02.2690134Z   script-path: devops/core/k8s/audit-failed-pods.sh
audit-pods	Execute Audit Script	2026-02-11T19:33:02.2691234Z   remote-results-path: /tmp/results
audit-pods	Execute Audit Script	2026-02-11T19:33:02.2692086Z   local-results-path: audit/kube/
audit-pods	Execute Audit Script	2026-02-11T19:33:02.2693011Z   remote-tmp-dir: /tmp
audit-pods	Execute Audit Script	2026-02-11T19:33:02.2693713Z env:
audit-pods	Execute Audit Script	2026-02-11T19:33:02.2694318Z   KAOS_MODULE: [Ka0S] Audit Pods
audit-pods	Execute Audit Script	2026-02-11T19:33:02.2695180Z   KAOS_CODE: 21920011295
audit-pods	Execute Audit Script	2026-02-11T19:33:02.2695832Z ##[endgroup]
audit-pods	Execute Audit Script	2026-02-11T19:33:02.3029515Z ##[group]Run echo "***
audit-pods	Execute Audit Script	2026-02-11T19:33:02.3030389Z [36;1mecho "***[0m
audit-pods	Execute Audit Script	2026-02-11T19:33:02.3031521Z [36;1m***[0m
audit-pods	Execute Audit Script	2026-02-11T19:33:02.3032597Z [36;1m***[0m
audit-pods	Execute Audit Script	2026-02-11T19:33:02.3033770Z [36;1m***[0m
audit-pods	Execute Audit Script	2026-02-11T19:33:02.3034749Z [36;1m***[0m
audit-pods	Execute Audit Script	2026-02-11T19:33:02.3035750Z [36;1m***[0m
audit-pods	Execute Audit Script	2026-02-11T19:33:02.3036604Z [36;1m***" > /home/runner/_work/_temp/ssh_key[0m
audit-pods	Execute Audit Script	2026-02-11T19:33:02.3037501Z [36;1mchmod 600 /home/runner/_work/_temp/ssh_key[0m
audit-pods	Execute Audit Script	2026-02-11T19:33:02.3077337Z shell: /usr/bin/bash --noprofile --norc -e -o pipefail {0}
audit-pods	Execute Audit Script	2026-02-11T19:33:02.3087171Z env:
audit-pods	Execute Audit Script	2026-02-11T19:33:02.3088076Z   KAOS_MODULE: [Ka0S] Audit Pods
audit-pods	Execute Audit Script	2026-02-11T19:33:02.3088869Z   KAOS_CODE: 21920011295
audit-pods	Execute Audit Script	2026-02-11T19:33:02.3089426Z ##[endgroup]
audit-pods	Execute Audit Script	2026-02-11T19:33:02.3789174Z ##[group]Run scp -o StrictHostKeyChecking=no -i /home/runner/_work/_temp/ssh_key -P *** devops/core/k8s/audit-failed-pods.sh ***@***:/tmp
audit-pods	Execute Audit Script	2026-02-11T19:33:02.3792736Z [36;1mscp -o StrictHostKeyChecking=no -i /home/runner/_work/_temp/ssh_key -P *** devops/core/k8s/audit-failed-pods.sh ***@***:/tmp[0m
audit-pods	Execute Audit Script	2026-02-11T19:33:02.3827001Z shell: /usr/bin/bash --noprofile --norc -e -o pipefail {0}
audit-pods	Execute Audit Script	2026-02-11T19:33:02.3828928Z env:
audit-pods	Execute Audit Script	2026-02-11T19:33:02.3829626Z   KAOS_MODULE: [Ka0S] Audit Pods
audit-pods	Execute Audit Script	2026-02-11T19:33:02.3830299Z   KAOS_CODE: 21920011295
audit-pods	Execute Audit Script	2026-02-11T19:33:02.3830919Z ##[endgroup]
audit-pods	Execute Audit Script	2026-02-11T19:33:02.5513426Z Warning: Permanently added '[***]:***' (ED25519) to the list of known hosts.
audit-pods	Execute Audit Script	2026-02-11T19:33:03.3189563Z ##[group]Run REMOTE_SCRIPT_PATH="/tmp/$(basename devops/core/k8s/audit-failed-pods.sh)"
audit-pods	Execute Audit Script	2026-02-11T19:33:03.3192300Z [36;1mREMOTE_SCRIPT_PATH="/tmp/$(basename devops/core/k8s/audit-failed-pods.sh)"[0m
audit-pods	Execute Audit Script	2026-02-11T19:33:03.3193759Z [36;1mEXEC_COMMAND="chmod +x $REMOTE_SCRIPT_PATH && $REMOTE_SCRIPT_PATH "[0m
audit-pods	Execute Audit Script	2026-02-11T19:33:03.3194978Z [36;1mif [[ "true" == "true" ]]; then[0m
audit-pods	Execute Audit Script	2026-02-11T19:33:03.3195949Z [36;1m  SUDO_PREFIX="echo '***' | sudo -S"[0m
audit-pods	Execute Audit Script	2026-02-11T19:33:03.3197003Z [36;1m  COMMAND_CHAIN="$SUDO_PREFIX bash -c '$EXEC_COMMAND'"[0m
audit-pods	Execute Audit Script	2026-02-11T19:33:03.3201630Z [36;1m  if [[ "/tmp/results" != "" ]]; then[0m
audit-pods	Execute Audit Script	2026-02-11T19:33:03.3202908Z [36;1m    COMMAND_CHAIN="$COMMAND_CHAIN && $SUDO_PREFIX chmod -R 777 /tmp/results"[0m
audit-pods	Execute Audit Script	2026-02-11T19:33:03.3204133Z [36;1m  fi[0m
audit-pods	Execute Audit Script	2026-02-11T19:33:03.3205805Z [36;1m  ssh -o StrictHostKeyChecking=no -i /home/runner/_work/_temp/ssh_key -p *** ***@*** "$COMMAND_CHAIN && rm $REMOTE_SCRIPT_PATH"[0m
audit-pods	Execute Audit Script	2026-02-11T19:33:03.3207496Z [36;1melse[0m
audit-pods	Execute Audit Script	2026-02-11T19:33:03.3209464Z [36;1m  ssh -o StrictHostKeyChecking=no -i /home/runner/_work/_temp/ssh_key -p *** ***@*** "$EXEC_COMMAND && rm $REMOTE_SCRIPT_PATH"[0m
audit-pods	Execute Audit Script	2026-02-11T19:33:03.3211013Z [36;1mfi[0m
audit-pods	Execute Audit Script	2026-02-11T19:33:03.3238216Z shell: /usr/bin/bash --noprofile --norc -e -o pipefail {0}
audit-pods	Execute Audit Script	2026-02-11T19:33:03.3240267Z env:
audit-pods	Execute Audit Script	2026-02-11T19:33:03.3241223Z   KAOS_MODULE: [Ka0S] Audit Pods
audit-pods	Execute Audit Script	2026-02-11T19:33:03.3242839Z   KAOS_CODE: 21920011295
audit-pods	Execute Audit Script	2026-02-11T19:33:03.3243846Z ##[endgroup]
audit-pods	Execute Audit Script	2026-02-11T19:33:04.1505785Z [INFO] Iniciando auditorÃ­a de pods fallidos...
audit-pods	Execute Audit Script	2026-02-11T19:33:04.1507199Z [INFO] Directorio de salida: /tmp/results
audit-pods	Execute Audit Script	2026-02-11T19:33:04.4836243Z [SUCCESS] AuditorÃ­a finalizada. Se encontraron 0 pods con problemas.
audit-pods	Execute Audit Script	2026-02-11T19:33:04.4839824Z [INFO] Resultado guardado en: /tmp/results/failed_pods.json
audit-pods	Execute Audit Script	2026-02-11T19:33:04.5071210Z [sudo] password for ***: 
audit-pods	Execute Audit Script	2026-02-11T19:33:04.5190118Z ##[group]Run mkdir -p audit/kube/
audit-pods	Execute Audit Script	2026-02-11T19:33:04.5191204Z [36;1mmkdir -p audit/kube/[0m
audit-pods	Execute Audit Script	2026-02-11T19:33:04.5193520Z [36;1mscp -o StrictHostKeyChecking=no -r -i /home/runner/_work/_temp/ssh_key -P *** ***@***:/tmp/results/* audit/kube/[0m
audit-pods	Execute Audit Script	2026-02-11T19:33:04.5195906Z [36;1mecho "path=audit/kube/" >> $GITHUB_OUTPUT[0m
audit-pods	Execute Audit Script	2026-02-11T19:33:04.5215934Z shell: /usr/bin/bash --noprofile --norc -e -o pipefail {0}
audit-pods	Execute Audit Script	2026-02-11T19:33:04.5217483Z env:
audit-pods	Execute Audit Script	2026-02-11T19:33:04.5218250Z   KAOS_MODULE: [Ka0S] Audit Pods
audit-pods	Execute Audit Script	2026-02-11T19:33:04.5218635Z   KAOS_CODE: 21920011295
audit-pods	Execute Audit Script	2026-02-11T19:33:04.5219089Z ##[endgroup]
audit-pods	Commit Results	ï»¿2026-02-11T19:33:05.2407151Z ##[group]Run git config --global user.name "Ka0s Bot"
audit-pods	Commit Results	2026-02-11T19:33:05.2409003Z [36;1mgit config --global user.name "Ka0s Bot"[0m
audit-pods	Commit Results	2026-02-11T19:33:05.2410437Z [36;1mgit config --global user.email "bot@ka0s.io"[0m
audit-pods	Commit Results	2026-02-11T19:33:05.2411732Z [36;1mgit add audit/kube/failed_pods.json[0m
audit-pods	Commit Results	2026-02-11T19:33:05.2412888Z [36;1mif ! git diff --staged --quiet; then[0m
audit-pods	Commit Results	2026-02-11T19:33:05.2414505Z [36;1m  git commit -m "[Audit] Update failed pods report $(date +'%Y-%m-%d %H:%M')"[0m
audit-pods	Commit Results	2026-02-11T19:33:05.2416003Z [36;1m  git push[0m
audit-pods	Commit Results	2026-02-11T19:33:05.2416821Z [36;1melse[0m
audit-pods	Commit Results	2026-02-11T19:33:05.2417745Z [36;1m  echo "No changes in failed pods report."[0m
audit-pods	Commit Results	2026-02-11T19:33:05.2419490Z [36;1mfi[0m
audit-pods	Commit Results	2026-02-11T19:33:05.2445442Z shell: /usr/bin/bash -e {0}
audit-pods	Commit Results	2026-02-11T19:33:05.2446090Z env:
audit-pods	Commit Results	2026-02-11T19:33:05.2446575Z   KAOS_MODULE: [Ka0S] Audit Pods
audit-pods	Commit Results	2026-02-11T19:33:05.2447196Z   KAOS_CODE: 21920011295
audit-pods	Commit Results	2026-02-11T19:33:05.2447724Z ##[endgroup]
audit-pods	Commit Results	2026-02-11T19:33:07.2786405Z No changes in failed pods report.
audit-pods	Process Tickets in iTop	ï»¿2026-02-11T19:33:07.2895888Z ##[group]Run python3 devops/core/k8s/process-failed-pods.py
audit-pods	Process Tickets in iTop	2026-02-11T19:33:07.2897684Z [36;1mpython3 devops/core/k8s/process-failed-pods.py[0m
audit-pods	Process Tickets in iTop	2026-02-11T19:33:07.2917176Z shell: /usr/bin/bash -e {0}
audit-pods	Process Tickets in iTop	2026-02-11T19:33:07.2918191Z env:
audit-pods	Process Tickets in iTop	2026-02-11T19:33:07.2919007Z   KAOS_MODULE: [Ka0S] Audit Pods
audit-pods	Process Tickets in iTop	2026-02-11T19:33:07.2920248Z   KAOS_CODE: 21920011295
audit-pods	Process Tickets in iTop	2026-02-11T19:33:07.2921599Z   ITOP_URL: ***
audit-pods	Process Tickets in iTop	2026-02-11T19:33:07.2922643Z   ITOP_USER: ***
audit-pods	Process Tickets in iTop	2026-02-11T19:33:07.2923719Z   ITOP_PASSWORD: ***
audit-pods	Process Tickets in iTop	2026-02-11T19:33:07.2924872Z   FAILED_PODS_FILE: audit/kube/failed_pods.json
audit-pods	Process Tickets in iTop	2026-02-11T19:33:07.2926168Z ##[endgroup]
audit-pods	Process Tickets in iTop	2026-02-11T19:33:07.4335183Z [INFO] Current Failed Pods: 0
audit-pods	Process Tickets in iTop	2026-02-11T19:33:07.4336830Z [DEBUG] POST to ***/webservices/rest.php?version=1.3
audit-pods	Process Tickets in iTop	2026-02-11T19:33:07.4338489Z [FATAL] URL Error: [Errno 111] Connection refused
audit-pods	Process Tickets in iTop	2026-02-11T19:33:07.4491612Z ##[error]Process completed with exit code 1.
audit-pods	Post Checkout repository	ï»¿2026-02-11T19:33:07.4818108Z Post job cleanup.
audit-pods	Post Checkout repository	2026-02-11T19:33:07.7552332Z [command]/usr/bin/git version
audit-pods	Post Checkout repository	2026-02-11T19:33:07.7673482Z git version 2.52.0
audit-pods	Post Checkout repository	2026-02-11T19:33:07.7821977Z Copying '/home/runner/.gitconfig' to '/home/runner/_work/_temp/ab8e45fb-df45-42f8-a142-20701a3786c7/.gitconfig'
audit-pods	Post Checkout repository	2026-02-11T19:33:07.7862367Z Temporarily overriding HOME='/home/runner/_work/_temp/ab8e45fb-df45-42f8-a142-20701a3786c7' before making global git config changes
audit-pods	Post Checkout repository	2026-02-11T19:33:07.7864415Z Adding repository directory to the temporary git global config as a safe directory
audit-pods	Post Checkout repository	2026-02-11T19:33:07.7881516Z [command]/usr/bin/git config --global --add safe.directory /home/runner/_work/ka0s/ka0s
audit-pods	Post Checkout repository	2026-02-11T19:33:07.8083455Z [command]/usr/bin/git config --local --name-only --get-regexp core\.sshCommand
audit-pods	Post Checkout repository	2026-02-11T19:33:07.8225932Z [command]/usr/bin/git submodule foreach --recursive sh -c "git config --local --name-only --get-regexp 'core\.sshCommand' && git config --local --unset-all 'core.sshCommand' || :"
audit-pods	Post Checkout repository	2026-02-11T19:33:07.8987158Z [command]/usr/bin/git config --local --name-only --get-regexp http\.https\:\/\/github\.com\/\.extraheader
audit-pods	Post Checkout repository	2026-02-11T19:33:07.9068916Z http.https://github.com/.extraheader
audit-pods	Post Checkout repository	2026-02-11T19:33:07.9099067Z [command]/usr/bin/git config --local --unset-all http.https://github.com/.extraheader
audit-pods	Post Checkout repository	2026-02-11T19:33:07.9170412Z [command]/usr/bin/git submodule foreach --recursive sh -c "git config --local --name-only --get-regexp 'http\.https\:\/\/github\.com\/\.extraheader' && git config --local --unset-all 'http.https://github.com/.extraheader' || :"
audit-pods	Post Checkout repository	2026-02-11T19:33:07.9693918Z [command]/usr/bin/git config --local --name-only --get-regexp ^includeIf\.gitdir:
audit-pods	Post Checkout repository	2026-02-11T19:33:07.9910754Z [command]/usr/bin/git submodule foreach --recursive git config --local --show-origin --name-only --get-regexp remote.origin.url
audit-pods	Complete job	ï»¿2026-02-11T19:33:08.1022151Z Cleaning up orphan processes
handle_failure	Set up job	ï»¿2026-02-11T19:33:22.7723476Z Current runner version: '2.331.0'
handle_failure	Set up job	2026-02-11T19:33:22.7741391Z Runner name: 'swarm-runners-scaleset-hkss5-runner-9lrbd'
handle_failure	Set up job	2026-02-11T19:33:22.7743558Z Runner group name: 'Default'
handle_failure	Set up job	2026-02-11T19:33:22.7745513Z Machine name: 'swarm-runners-scaleset-hkss5-runner-9lrbd'
handle_failure	Set up job	2026-02-11T19:33:22.7753192Z ##[group]GITHUB_TOKEN Permissions
handle_failure	Set up job	2026-02-11T19:33:22.7759099Z Actions: write
handle_failure	Set up job	2026-02-11T19:33:22.7760428Z Contents: write
handle_failure	Set up job	2026-02-11T19:33:22.7761501Z Issues: write
handle_failure	Set up job	2026-02-11T19:33:22.7762898Z Metadata: read
handle_failure	Set up job	2026-02-11T19:33:22.7764168Z ##[endgroup]
handle_failure	Set up job	2026-02-11T19:33:22.7769466Z Secret source: Actions
handle_failure	Set up job	2026-02-11T19:33:22.7771236Z Prepare workflow directory
handle_failure	Set up job	2026-02-11T19:33:22.8862823Z Prepare all required actions
handle_failure	Set up job	2026-02-11T19:33:22.9018407Z Complete job name: handle_failure
handle_failure	Run echo "Error detected in [Ka0S] Audit Pods, creating issue..."	ï»¿2026-02-11T19:33:23.0121504Z ##[group]Run echo "Error detected in [Ka0S] Audit Pods, creating issue..."
handle_failure	Run echo "Error detected in [Ka0S] Audit Pods, creating issue..."	2026-02-11T19:33:23.0124054Z [36;1mecho "Error detected in [Ka0S] Audit Pods, creating issue..."[0m
handle_failure	Run echo "Error detected in [Ka0S] Audit Pods, creating issue..."	2026-02-11T19:33:23.0184064Z shell: /usr/bin/bash -e {0}
handle_failure	Run echo "Error detected in [Ka0S] Audit Pods, creating issue..."	2026-02-11T19:33:23.0185960Z env:
handle_failure	Run echo "Error detected in [Ka0S] Audit Pods, creating issue..."	2026-02-11T19:33:23.0186989Z   KAOS_MODULE: [Ka0S] Audit Pods
handle_failure	Run echo "Error detected in [Ka0S] Audit Pods, creating issue..."	2026-02-11T19:33:23.0188410Z   KAOS_CODE: 21920011295
handle_failure	Run echo "Error detected in [Ka0S] Audit Pods, creating issue..."	2026-02-11T19:33:23.0189385Z ##[endgroup]
handle_failure	Run echo "Error detected in [Ka0S] Audit Pods, creating issue..."	2026-02-11T19:33:23.0753371Z Error detected in [Ka0S] Audit Pods, creating issue...
handle_failure	Complete job	ï»¿2026-02-11T19:33:23.1001131Z Cleaning up orphan processes
end-workflow	Set up job	ï»¿2026-02-11T19:33:38.1854841Z Current runner version: '2.331.0'
end-workflow	Set up job	2026-02-11T19:33:38.1875992Z Runner name: 'swarm-runners-scaleset-hkss5-runner-cgx5f'
end-workflow	Set up job	2026-02-11T19:33:38.1879983Z Runner group name: 'Default'
end-workflow	Set up job	2026-02-11T19:33:38.1881561Z Machine name: 'swarm-runners-scaleset-hkss5-runner-cgx5f'
end-workflow	Set up job	2026-02-11T19:33:38.1889976Z ##[group]GITHUB_TOKEN Permissions
end-workflow	Set up job	2026-02-11T19:33:38.1893647Z Actions: write
end-workflow	Set up job	2026-02-11T19:33:38.1894598Z Contents: write
end-workflow	Set up job	2026-02-11T19:33:38.1895287Z Issues: write
end-workflow	Set up job	2026-02-11T19:33:38.1896049Z Metadata: read
end-workflow	Set up job	2026-02-11T19:33:38.1896745Z ##[endgroup]
end-workflow	Set up job	2026-02-11T19:33:38.1900954Z Secret source: Actions
end-workflow	Set up job	2026-02-11T19:33:38.1902311Z Prepare workflow directory
end-workflow	Set up job	2026-02-11T19:33:38.2953955Z Prepare all required actions
end-workflow	Set up job	2026-02-11T19:33:38.3023853Z Getting action download info
end-workflow	Set up job	2026-02-11T19:33:39.4308750Z Download action repository 'actions/checkout@v4' (SHA:34e114876b0b11c390a56381ad16ebd13914f8d5)
end-workflow	Set up job	2026-02-11T19:33:40.5521190Z Complete job name: end-workflow
end-workflow	Checkout code	ï»¿2026-02-11T19:33:40.7608982Z ##[group]Run actions/checkout@v4
end-workflow	Checkout code	2026-02-11T19:33:40.7611331Z with:
end-workflow	Checkout code	2026-02-11T19:33:40.7612201Z   fetch-depth: 0
end-workflow	Checkout code	2026-02-11T19:33:40.7613100Z   repository: Ka0s-Klaus/ka0s
end-workflow	Checkout code	2026-02-11T19:33:40.7615023Z   token: ***
end-workflow	Checkout code	2026-02-11T19:33:40.7615853Z   ssh-strict: true
end-workflow	Checkout code	2026-02-11T19:33:40.7616726Z   ssh-user: git
end-workflow	Checkout code	2026-02-11T19:33:40.7617605Z   persist-credentials: true
end-workflow	Checkout code	2026-02-11T19:33:40.7618871Z   clean: true
end-workflow	Checkout code	2026-02-11T19:33:40.7619828Z   sparse-checkout-cone-mode: true
end-workflow	Checkout code	2026-02-11T19:33:40.7621169Z   fetch-tags: false
end-workflow	Checkout code	2026-02-11T19:33:40.7622065Z   show-progress: true
end-workflow	Checkout code	2026-02-11T19:33:40.7622942Z   lfs: false
end-workflow	Checkout code	2026-02-11T19:33:40.7623798Z   submodules: false
end-workflow	Checkout code	2026-02-11T19:33:40.7624699Z   set-safe-directory: true
end-workflow	Checkout code	2026-02-11T19:33:40.7626531Z env:
end-workflow	Checkout code	2026-02-11T19:33:40.7627375Z   KAOS_MODULE: [Ka0S] Audit Pods
end-workflow	Checkout code	2026-02-11T19:33:40.7628722Z   KAOS_CODE: 21920011295
end-workflow	Checkout code	2026-02-11T19:33:40.7630082Z   GH_TOKEN: ***
end-workflow	Checkout code	2026-02-11T19:33:40.7630932Z ##[endgroup]
end-workflow	Checkout code	2026-02-11T19:33:41.1034660Z Syncing repository: Ka0s-Klaus/ka0s
end-workflow	Checkout code	2026-02-11T19:33:41.1039712Z ##[group]Getting Git version info
end-workflow	Checkout code	2026-02-11T19:33:41.1041506Z Working directory is '/home/runner/_work/ka0s/ka0s'
end-workflow	Checkout code	2026-02-11T19:33:41.1043823Z [command]/usr/bin/git version
end-workflow	Checkout code	2026-02-11T19:33:41.1045164Z git version 2.52.0
end-workflow	Checkout code	2026-02-11T19:33:41.1107047Z ##[endgroup]
end-workflow	Checkout code	2026-02-11T19:33:41.1139613Z Temporarily overriding HOME='/home/runner/_work/_temp/b99734a0-716b-4051-a2ed-43de0ef5f476' before making global git config changes
end-workflow	Checkout code	2026-02-11T19:33:41.1143689Z Adding repository directory to the temporary git global config as a safe directory
end-workflow	Checkout code	2026-02-11T19:33:41.1161266Z [command]/usr/bin/git config --global --add safe.directory /home/runner/_work/ka0s/ka0s
end-workflow	Checkout code	2026-02-11T19:33:41.1256193Z Deleting the contents of '/home/runner/_work/ka0s/ka0s'
end-workflow	Checkout code	2026-02-11T19:33:41.1276028Z ##[group]Initializing the repository
end-workflow	Checkout code	2026-02-11T19:33:41.1373802Z [command]/usr/bin/git init /home/runner/_work/ka0s/ka0s
end-workflow	Checkout code	2026-02-11T19:33:41.1528417Z hint: Using 'master' as the name for the initial branch. This default branch name
end-workflow	Checkout code	2026-02-11T19:33:41.1540973Z hint: will change to "main" in Git 3.0. To configure the initial branch name
end-workflow	Checkout code	2026-02-11T19:33:41.1544735Z hint: to use in all of your new repositories, which will suppress this warning,
end-workflow	Checkout code	2026-02-11T19:33:41.1558234Z hint: call:
end-workflow	Checkout code	2026-02-11T19:33:41.1562846Z hint:
end-workflow	Checkout code	2026-02-11T19:33:41.1571354Z hint: 	git config --global init.defaultBranch <name>
end-workflow	Checkout code	2026-02-11T19:33:41.1573032Z hint:
end-workflow	Checkout code	2026-02-11T19:33:41.1574397Z hint: Names commonly chosen instead of 'master' are 'main', 'trunk' and
end-workflow	Checkout code	2026-02-11T19:33:41.1598183Z hint: 'development'. The just-created branch can be renamed via this command:
end-workflow	Checkout code	2026-02-11T19:33:41.1600872Z hint:
end-workflow	Checkout code	2026-02-11T19:33:41.1602250Z hint: 	git branch -m <name>
end-workflow	Checkout code	2026-02-11T19:33:41.1603360Z hint:
end-workflow	Checkout code	2026-02-11T19:33:41.1604697Z hint: Disable this message with "git config set advice.defaultBranchName false"
end-workflow	Checkout code	2026-02-11T19:33:41.1612603Z Initialized empty Git repository in /home/runner/_work/ka0s/ka0s/.git/
end-workflow	Checkout code	2026-02-11T19:33:41.1627263Z [command]/usr/bin/git remote add origin https://github.com/Ka0s-Klaus/ka0s
end-workflow	Checkout code	2026-02-11T19:33:41.1764378Z ##[endgroup]
end-workflow	Checkout code	2026-02-11T19:33:41.1766975Z ##[group]Disabling automatic garbage collection
end-workflow	Checkout code	2026-02-11T19:33:41.1776901Z [command]/usr/bin/git config --local gc.auto 0
end-workflow	Checkout code	2026-02-11T19:33:41.1882196Z ##[endgroup]
end-workflow	Checkout code	2026-02-11T19:33:41.1889270Z ##[group]Setting up auth
end-workflow	Checkout code	2026-02-11T19:33:41.1912996Z [command]/usr/bin/git config --local --name-only --get-regexp core\.sshCommand
end-workflow	Checkout code	2026-02-11T19:33:41.2036799Z [command]/usr/bin/git submodule foreach --recursive sh -c "git config --local --name-only --get-regexp 'core\.sshCommand' && git config --local --unset-all 'core.sshCommand' || :"
end-workflow	Checkout code	2026-02-11T19:33:41.2826669Z [command]/usr/bin/git config --local --name-only --get-regexp http\.https\:\/\/github\.com\/\.extraheader
end-workflow	Checkout code	2026-02-11T19:33:41.2966541Z [command]/usr/bin/git submodule foreach --recursive sh -c "git config --local --name-only --get-regexp 'http\.https\:\/\/github\.com\/\.extraheader' && git config --local --unset-all 'http.https://github.com/.extraheader' || :"
end-workflow	Checkout code	2026-02-11T19:33:41.4304381Z [command]/usr/bin/git config --local --name-only --get-regexp ^includeIf\.gitdir:
end-workflow	Checkout code	2026-02-11T19:33:41.4474301Z [command]/usr/bin/git submodule foreach --recursive git config --local --show-origin --name-only --get-regexp remote.origin.url
end-workflow	Checkout code	2026-02-11T19:33:41.5269328Z [command]/usr/bin/git config --local http.https://github.com/.extraheader AUTHORIZATION: basic ***
end-workflow	Checkout code	2026-02-11T19:33:41.5424123Z ##[endgroup]
end-workflow	Checkout code	2026-02-11T19:33:41.5430016Z ##[group]Fetching the repository
end-workflow	Checkout code	2026-02-11T19:33:41.5483003Z [command]/usr/bin/git -c protocol.version=2 fetch --prune --no-recurse-submodules origin +refs/heads/*:refs/remotes/origin/* +refs/tags/*:refs/tags/*
end-workflow	Checkout code	2026-02-11T19:34:20.7380620Z From https://github.com/Ka0s-Klaus/ka0s
end-workflow	Checkout code	2026-02-11T19:34:20.7382508Z  * [new branch]          F1224-new-module-mongodb -> origin/F1224-new-module-mongodb
end-workflow	Checkout code	2026-02-11T19:34:20.7389615Z  * [new branch]          F220-web-de-resultados  -> origin/F220-web-de-resultados
end-workflow	Checkout code	2026-02-11T19:34:20.7392920Z  * [new branch]          F227-despliegue-de-kube-independiente-del-clouder -> origin/F227-despliegue-de-kube-independiente-del-clouder
end-workflow	Checkout code	2026-02-11T19:34:20.7396951Z  * [new branch]          F329-documentacion-metodologia-de-kaos -> origin/F329-documentacion-metodologia-de-kaos
end-workflow	Checkout code	2026-02-11T19:34:20.7398914Z  * [new branch]          F3450-modelo-operativo  -> origin/F3450-modelo-operativo
end-workflow	Checkout code	2026-02-11T19:34:20.7400581Z  * [new branch]          H1139-como-instalar-arc-control -> origin/H1139-como-instalar-arc-control
end-workflow	Checkout code	2026-02-11T19:34:20.7402345Z  * [new branch]          H1150-desarrollo-de-secciones -> origin/H1150-desarrollo-de-secciones
end-workflow	Checkout code	2026-02-11T19:34:20.7404656Z  * [new branch]          H1151-desarrollo-de-secciones-ii -> origin/H1151-desarrollo-de-secciones-ii
end-workflow	Checkout code	2026-02-11T19:34:20.7406301Z  * [new branch]          H1152-desarrollo-inicio -> origin/H1152-desarrollo-inicio
end-workflow	Checkout code	2026-02-11T19:34:20.7408283Z  * [new branch]          H1193-ejemplo-web-documentacion -> origin/H1193-ejemplo-web-documentacion
end-workflow	Checkout code	2026-02-11T19:34:20.7410301Z  * [new branch]          H1224-new-module-mongodb -> origin/H1224-new-module-mongodb
end-workflow	Checkout code	2026-02-11T19:34:20.7412096Z  * [new branch]          H1276-modulo-observabilidad -> origin/H1276-modulo-observabilidad
end-workflow	Checkout code	2026-02-11T19:34:20.7414006Z  * [new branch]          H1410-modulo-execution  -> origin/H1410-modulo-execution
end-workflow	Checkout code	2026-02-11T19:34:20.7417220Z  * [new branch]          H1514-new-swarm-deployment-stack-with-actions-runners-autoscale -> origin/H1514-new-swarm-deployment-stack-with-actions-runners-autoscale
end-workflow	Checkout code	2026-02-11T19:34:20.7421602Z  * [new branch]          H1968-modulo-personalizaciÃ³n-del-portal-de-kaos-core -> origin/H1968-modulo-personalizaciÃ³n-del-portal-de-kaos-core
end-workflow	Checkout code	2026-02-11T19:34:20.7559813Z  * [new branch]          H215-modulo-de-summary  -> origin/H215-modulo-de-summary
end-workflow	Checkout code	2026-02-11T19:34:20.7562297Z  * [new branch]          H227-despliegue-de-kube-independiente-del-clouder -> origin/H227-despliegue-de-kube-independiente-del-clouder
end-workflow	Checkout code	2026-02-11T19:34:20.7565433Z  * [new branch]          H3038-test-ci-cd-kubernetes-automated-system -> origin/H3038-test-ci-cd-kubernetes-automated-system
end-workflow	Checkout code	2026-02-11T19:34:20.7568289Z  * [new branch]          H306-ficheros-de-estadisticas -> origin/H306-ficheros-de-estadisticas
end-workflow	Checkout code	2026-02-11T19:34:20.7569670Z  * [new branch]          H3265-deploy-itop       -> origin/H3265-deploy-itop
end-workflow	Checkout code	2026-02-11T19:34:20.7570931Z  * [new branch]          H3266-deploy-zabbix     -> origin/H3266-deploy-zabbix
end-workflow	Checkout code	2026-02-11T19:34:20.7572745Z  * [new branch]          H328-documentacion-modulo-principal-de-kaos -> origin/H328-documentacion-modulo-principal-de-kaos
end-workflow	Checkout code	2026-02-11T19:34:20.7574970Z  * [new branch]          H329-documentacion-metodologia-de-kaos -> origin/H329-documentacion-metodologia-de-kaos
end-workflow	Checkout code	2026-02-11T19:34:20.7577379Z  * [new branch]          H338-relanzador-de-jobs-en-caso-de-pattern -> origin/H338-relanzador-de-jobs-en-caso-de-pattern
end-workflow	Checkout code	2026-02-11T19:34:20.7580458Z  * [new branch]          H38-documentacion-basica-del-proyecto -> origin/H38-documentacion-basica-del-proyecto
end-workflow	Checkout code	2026-02-11T19:34:20.7584140Z  * [new branch]          RN1282-ka0s-error-detected-in-ka0s-workflow-statistics-summary -> origin/RN1282-ka0s-error-detected-in-ka0s-workflow-statistics-summary
end-workflow	Checkout code	2026-02-11T19:34:20.7586995Z  * [new branch]          RN220-web-de-resultados -> origin/RN220-web-de-resultados
end-workflow	Checkout code	2026-02-11T19:34:20.7590106Z  * [new branch]          RN227-despliegue-de-kube-independiente-del-clouder -> origin/RN227-despliegue-de-kube-independiente-del-clouder
end-workflow	Checkout code	2026-02-11T19:34:20.7593076Z  * [new branch]          RN329-documentacion-metodologia-de-kaos -> origin/RN329-documentacion-metodologia-de-kaos
end-workflow	Checkout code	2026-02-11T19:34:20.7595668Z  * [new branch]          main                    -> origin/main
end-workflow	Checkout code	2026-02-11T19:34:20.7597289Z  * [new tag]             0.0.0                   -> 0.0.0
end-workflow	Checkout code	2026-02-11T19:34:20.7598713Z  * [new tag]             0.0.1                   -> 0.0.1
end-workflow	Checkout code	2026-02-11T19:34:20.7599220Z  * [new tag]             0.0.10                  -> 0.0.10
end-workflow	Checkout code	2026-02-11T19:34:20.7599698Z  * [new tag]             0.0.100                 -> 0.0.100
end-workflow	Checkout code	2026-02-11T19:34:20.7600227Z  * [new tag]             0.0.101                 -> 0.0.101
end-workflow	Checkout code	2026-02-11T19:34:20.7600707Z  * [new tag]             0.0.102                 -> 0.0.102
end-workflow	Checkout code	2026-02-11T19:34:20.7601199Z  * [new tag]             0.0.103                 -> 0.0.103
end-workflow	Checkout code	2026-02-11T19:34:20.7601679Z  * [new tag]             0.0.104                 -> 0.0.104
end-workflow	Checkout code	2026-02-11T19:34:20.7602170Z  * [new tag]             0.0.105                 -> 0.0.105
end-workflow	Checkout code	2026-02-11T19:34:20.7602657Z  * [new tag]             0.0.106                 -> 0.0.106
end-workflow	Checkout code	2026-02-11T19:34:20.7603156Z  * [new tag]             0.0.107                 -> 0.0.107
end-workflow	Checkout code	2026-02-11T19:34:20.7603649Z  * [new tag]             0.0.108                 -> 0.0.108
end-workflow	Checkout code	2026-02-11T19:34:20.7604137Z  * [new tag]             0.0.109                 -> 0.0.109
end-workflow	Checkout code	2026-02-11T19:34:20.7604971Z  * [new tag]             0.0.11                  -> 0.0.11
end-workflow	Checkout code	2026-02-11T19:34:20.7606045Z  * [new tag]             0.0.110                 -> 0.0.110
end-workflow	Checkout code	2026-02-11T19:34:20.7607123Z  * [new tag]             0.0.111                 -> 0.0.111
end-workflow	Checkout code	2026-02-11T19:34:20.7608479Z  * [new tag]             0.0.112                 -> 0.0.112
end-workflow	Checkout code	2026-02-11T19:34:20.7609525Z  * [new tag]             0.0.113                 -> 0.0.113
end-workflow	Checkout code	2026-02-11T19:34:20.7610345Z  * [new tag]             0.0.114                 -> 0.0.114
end-workflow	Checkout code	2026-02-11T19:34:20.7611156Z  * [new tag]             0.0.115                 -> 0.0.115
end-workflow	Checkout code	2026-02-11T19:34:20.7611950Z  * [new tag]             0.0.116                 -> 0.0.116
end-workflow	Checkout code	2026-02-11T19:34:20.7612685Z  * [new tag]             0.0.117                 -> 0.0.117
end-workflow	Checkout code	2026-02-11T19:34:20.7613478Z  * [new tag]             0.0.118                 -> 0.0.118
end-workflow	Checkout code	2026-02-11T19:34:20.7614375Z  * [new tag]             0.0.119                 -> 0.0.119
end-workflow	Checkout code	2026-02-11T19:34:20.7616002Z  * [new tag]             0.0.12                  -> 0.0.12
end-workflow	Checkout code	2026-02-11T19:34:20.7617339Z  * [new tag]             0.0.120                 -> 0.0.120
end-workflow	Checkout code	2026-02-11T19:34:20.7619395Z  * [new tag]             0.0.121                 -> 0.0.121
end-workflow	Checkout code	2026-02-11T19:34:20.7621812Z  * [new tag]             0.0.122                 -> 0.0.122
end-workflow	Checkout code	2026-02-11T19:34:20.7623037Z  * [new tag]             0.0.123                 -> 0.0.123
end-workflow	Checkout code	2026-02-11T19:34:20.7624208Z  * [new tag]             0.0.124                 -> 0.0.124
end-workflow	Checkout code	2026-02-11T19:34:20.7625336Z  * [new tag]             0.0.125                 -> 0.0.125
end-workflow	Checkout code	2026-02-11T19:34:20.7626424Z  * [new tag]             0.0.126                 -> 0.0.126
end-workflow	Checkout code	2026-02-11T19:34:20.7627351Z  * [new tag]             0.0.127                 -> 0.0.127
end-workflow	Checkout code	2026-02-11T19:34:20.7628513Z  * [new tag]             0.0.128                 -> 0.0.128
end-workflow	Checkout code	2026-02-11T19:34:20.7629460Z  * [new tag]             0.0.129                 -> 0.0.129
end-workflow	Checkout code	2026-02-11T19:34:20.7630445Z  * [new tag]             0.0.13                  -> 0.0.13
end-workflow	Checkout code	2026-02-11T19:34:20.7631374Z  * [new tag]             0.0.130                 -> 0.0.130
end-workflow	Checkout code	2026-02-11T19:34:20.7632228Z  * [new tag]             0.0.131                 -> 0.0.131
end-workflow	Checkout code	2026-02-11T19:34:20.7633758Z  * [new tag]             0.0.132                 -> 0.0.132
end-workflow	Checkout code	2026-02-11T19:34:20.7635182Z  * [new tag]             0.0.133                 -> 0.0.133
end-workflow	Checkout code	2026-02-11T19:34:20.7636417Z  * [new tag]             0.0.134                 -> 0.0.134
end-workflow	Checkout code	2026-02-11T19:34:20.7638386Z  * [new tag]             0.0.135                 -> 0.0.135
end-workflow	Checkout code	2026-02-11T19:34:20.7639992Z  * [new tag]             0.0.136                 -> 0.0.136
end-workflow	Checkout code	2026-02-11T19:34:20.7641574Z  * [new tag]             0.0.137                 -> 0.0.137
end-workflow	Checkout code	2026-02-11T19:34:20.7643148Z  * [new tag]             0.0.138                 -> 0.0.138
end-workflow	Checkout code	2026-02-11T19:34:20.7644718Z  * [new tag]             0.0.139                 -> 0.0.139
end-workflow	Checkout code	2026-02-11T19:34:20.7646295Z  * [new tag]             0.0.14                  -> 0.0.14
end-workflow	Checkout code	2026-02-11T19:34:20.7647983Z  * [new tag]             0.0.140                 -> 0.0.140
end-workflow	Checkout code	2026-02-11T19:34:20.7649585Z  * [new tag]             0.0.141                 -> 0.0.141
end-workflow	Checkout code	2026-02-11T19:34:20.7651208Z  * [new tag]             0.0.142                 -> 0.0.142
end-workflow	Checkout code	2026-02-11T19:34:20.7652811Z  * [new tag]             0.0.143                 -> 0.0.143
end-workflow	Checkout code	2026-02-11T19:34:20.7654471Z  * [new tag]             0.0.144                 -> 0.0.144
end-workflow	Checkout code	2026-02-11T19:34:20.7655899Z  * [new tag]             0.0.145                 -> 0.0.145
end-workflow	Checkout code	2026-02-11T19:34:20.7657182Z  * [new tag]             0.0.146                 -> 0.0.146
end-workflow	Checkout code	2026-02-11T19:34:20.7658647Z  * [new tag]             0.0.147                 -> 0.0.147
end-workflow	Checkout code	2026-02-11T19:34:20.7659703Z  * [new tag]             0.0.148                 -> 0.0.148
end-workflow	Checkout code	2026-02-11T19:34:20.7660822Z  * [new tag]             0.0.149                 -> 0.0.149
end-workflow	Checkout code	2026-02-11T19:34:20.7661813Z  * [new tag]             0.0.15                  -> 0.0.15
end-workflow	Checkout code	2026-02-11T19:34:20.7662816Z  * [new tag]             0.0.150                 -> 0.0.150
end-workflow	Checkout code	2026-02-11T19:34:20.7664184Z  * [new tag]             0.0.151                 -> 0.0.151
end-workflow	Checkout code	2026-02-11T19:34:20.7665705Z  * [new tag]             0.0.152                 -> 0.0.152
end-workflow	Checkout code	2026-02-11T19:34:20.7667305Z  * [new tag]             0.0.153                 -> 0.0.153
end-workflow	Checkout code	2026-02-11T19:34:20.7669291Z  * [new tag]             0.0.154                 -> 0.0.154
end-workflow	Checkout code	2026-02-11T19:34:20.7670864Z  * [new tag]             0.0.155                 -> 0.0.155
end-workflow	Checkout code	2026-02-11T19:34:20.7672512Z  * [new tag]             0.0.156                 -> 0.0.156
end-workflow	Checkout code	2026-02-11T19:34:20.7674170Z  * [new tag]             0.0.157                 -> 0.0.157
end-workflow	Checkout code	2026-02-11T19:34:20.7675558Z  * [new tag]             0.0.158                 -> 0.0.158
end-workflow	Checkout code	2026-02-11T19:34:20.7677044Z  * [new tag]             0.0.159                 -> 0.0.159
end-workflow	Checkout code	2026-02-11T19:34:20.7678894Z  * [new tag]             0.0.16                  -> 0.0.16
end-workflow	Checkout code	2026-02-11T19:34:20.7680552Z  * [new tag]             0.0.160                 -> 0.0.160
end-workflow	Checkout code	2026-02-11T19:34:20.7682215Z  * [new tag]             0.0.161                 -> 0.0.161
end-workflow	Checkout code	2026-02-11T19:34:20.7683687Z  * [new tag]             0.0.162                 -> 0.0.162
end-workflow	Checkout code	2026-02-11T19:34:20.7685362Z  * [new tag]             0.0.163                 -> 0.0.163
end-workflow	Checkout code	2026-02-11T19:34:20.7687277Z  * [new tag]             0.0.164                 -> 0.0.164
end-workflow	Checkout code	2026-02-11T19:34:20.7688988Z  * [new tag]             0.0.165                 -> 0.0.165
end-workflow	Checkout code	2026-02-11T19:34:20.7690376Z  * [new tag]             0.0.166                 -> 0.0.166
end-workflow	Checkout code	2026-02-11T19:34:20.7691294Z  * [new tag]             0.0.167                 -> 0.0.167
end-workflow	Checkout code	2026-02-11T19:34:20.7692512Z  * [new tag]             0.0.168                 -> 0.0.168
end-workflow	Checkout code	2026-02-11T19:34:20.7693781Z  * [new tag]             0.0.169                 -> 0.0.169
end-workflow	Checkout code	2026-02-11T19:34:20.7695266Z  * [new tag]             0.0.17                  -> 0.0.17
end-workflow	Checkout code	2026-02-11T19:34:20.7696859Z  * [new tag]             0.0.170                 -> 0.0.170
end-workflow	Checkout code	2026-02-11T19:34:20.7698498Z  * [new tag]             0.0.171                 -> 0.0.171
end-workflow	Checkout code	2026-02-11T19:34:20.7699703Z  * [new tag]             0.0.172                 -> 0.0.172
end-workflow	Checkout code	2026-02-11T19:34:20.7700913Z  * [new tag]             0.0.173                 -> 0.0.173
end-workflow	Checkout code	2026-02-11T19:34:20.7701921Z  * [new tag]             0.0.174                 -> 0.0.174
end-workflow	Checkout code	2026-02-11T19:34:20.7703472Z  * [new tag]             0.0.175                 -> 0.0.175
end-workflow	Checkout code	2026-02-11T19:34:20.7704282Z  * [new tag]             0.0.176                 -> 0.0.176
end-workflow	Checkout code	2026-02-11T19:34:20.7705135Z  * [new tag]             0.0.177                 -> 0.0.177
end-workflow	Checkout code	2026-02-11T19:34:20.7705955Z  * [new tag]             0.0.178                 -> 0.0.178
end-workflow	Checkout code	2026-02-11T19:34:20.7706876Z  * [new tag]             0.0.179                 -> 0.0.179
end-workflow	Checkout code	2026-02-11T19:34:20.7708097Z  * [new tag]             0.0.18                  -> 0.0.18
end-workflow	Checkout code	2026-02-11T19:34:20.7708928Z  * [new tag]             0.0.19                  -> 0.0.19
end-workflow	Checkout code	2026-02-11T19:34:20.7709955Z  * [new tag]             0.0.2                   -> 0.0.2
end-workflow	Checkout code	2026-02-11T19:34:20.7710793Z  * [new tag]             0.0.20                  -> 0.0.20
end-workflow	Checkout code	2026-02-11T19:34:20.7711596Z  * [new tag]             0.0.21                  -> 0.0.21
end-workflow	Checkout code	2026-02-11T19:34:20.7712421Z  * [new tag]             0.0.22                  -> 0.0.22
end-workflow	Checkout code	2026-02-11T19:34:20.7713330Z  * [new tag]             0.0.23                  -> 0.0.23
end-workflow	Checkout code	2026-02-11T19:34:20.7714129Z  * [new tag]             0.0.24                  -> 0.0.24
end-workflow	Checkout code	2026-02-11T19:34:20.7714916Z  * [new tag]             0.0.25                  -> 0.0.25
end-workflow	Checkout code	2026-02-11T19:34:20.7715729Z  * [new tag]             0.0.26                  -> 0.0.26
end-workflow	Checkout code	2026-02-11T19:34:20.7716548Z  * [new tag]             0.0.27                  -> 0.0.27
end-workflow	Checkout code	2026-02-11T19:34:20.7717289Z  * [new tag]             0.0.28                  -> 0.0.28
end-workflow	Checkout code	2026-02-11T19:34:20.7718889Z  * [new tag]             0.0.29                  -> 0.0.29
end-workflow	Checkout code	2026-02-11T19:34:20.7720266Z  * [new tag]             0.0.3                   -> 0.0.3
end-workflow	Checkout code	2026-02-11T19:34:20.7722203Z  * [new tag]             0.0.30                  -> 0.0.30
end-workflow	Checkout code	2026-02-11T19:34:20.7724193Z  * [new tag]             0.0.31                  -> 0.0.31
end-workflow	Checkout code	2026-02-11T19:34:20.7726236Z  * [new tag]             0.0.32                  -> 0.0.32
end-workflow	Checkout code	2026-02-11T19:34:20.7728501Z  * [new tag]             0.0.33                  -> 0.0.33
end-workflow	Checkout code	2026-02-11T19:34:20.7730641Z  * [new tag]             0.0.34                  -> 0.0.34
end-workflow	Checkout code	2026-02-11T19:34:20.7732640Z  * [new tag]             0.0.35                  -> 0.0.35
end-workflow	Checkout code	2026-02-11T19:34:20.7734166Z  * [new tag]             0.0.36                  -> 0.0.36
end-workflow	Checkout code	2026-02-11T19:34:20.7735336Z  * [new tag]             0.0.37                  -> 0.0.37
end-workflow	Checkout code	2026-02-11T19:34:20.7736413Z  * [new tag]             0.0.38                  -> 0.0.38
end-workflow	Checkout code	2026-02-11T19:34:20.7737558Z  * [new tag]             0.0.39                  -> 0.0.39
end-workflow	Checkout code	2026-02-11T19:34:20.7738925Z  * [new tag]             0.0.4                   -> 0.0.4
end-workflow	Checkout code	2026-02-11T19:34:20.7740211Z  * [new tag]             0.0.40                  -> 0.0.40
end-workflow	Checkout code	2026-02-11T19:34:20.7741405Z  * [new tag]             0.0.41                  -> 0.0.41
end-workflow	Checkout code	2026-02-11T19:34:20.7743306Z  * [new tag]             0.0.42                  -> 0.0.42
end-workflow	Checkout code	2026-02-11T19:34:20.7745007Z  * [new tag]             0.0.43                  -> 0.0.43
end-workflow	Checkout code	2026-02-11T19:34:20.7746425Z  * [new tag]             0.0.44                  -> 0.0.44
end-workflow	Checkout code	2026-02-11T19:34:20.7748550Z  * [new tag]             0.0.45                  -> 0.0.45
end-workflow	Checkout code	2026-02-11T19:34:20.7749903Z  * [new tag]             0.0.46                  -> 0.0.46
end-workflow	Checkout code	2026-02-11T19:34:20.7751640Z  * [new tag]             0.0.47                  -> 0.0.47
end-workflow	Checkout code	2026-02-11T19:34:20.7753364Z  * [new tag]             0.0.48                  -> 0.0.48
end-workflow	Checkout code	2026-02-11T19:34:20.7754991Z  * [new tag]             0.0.49                  -> 0.0.49
end-workflow	Checkout code	2026-02-11T19:34:20.7756813Z  * [new tag]             0.0.5                   -> 0.0.5
end-workflow	Checkout code	2026-02-11T19:34:20.7759176Z  * [new tag]             0.0.50                  -> 0.0.50
end-workflow	Checkout code	2026-02-11T19:34:20.7760588Z  * [new tag]             0.0.51                  -> 0.0.51
end-workflow	Checkout code	2026-02-11T19:34:20.7761626Z  * [new tag]             0.0.52                  -> 0.0.52
end-workflow	Checkout code	2026-02-11T19:34:20.7762636Z  * [new tag]             0.0.53                  -> 0.0.53
end-workflow	Checkout code	2026-02-11T19:34:20.7763552Z  * [new tag]             0.0.54                  -> 0.0.54
end-workflow	Checkout code	2026-02-11T19:34:20.7770103Z  * [new tag]             0.0.55                  -> 0.0.55
end-workflow	Checkout code	2026-02-11T19:34:20.7771683Z  * [new tag]             0.0.56                  -> 0.0.56
end-workflow	Checkout code	2026-02-11T19:34:20.7773240Z  * [new tag]             0.0.57                  -> 0.0.57
end-workflow	Checkout code	2026-02-11T19:34:20.7774816Z  * [new tag]             0.0.58                  -> 0.0.58
end-workflow	Checkout code	2026-02-11T19:34:20.7776386Z  * [new tag]             0.0.59                  -> 0.0.59
end-workflow	Checkout code	2026-02-11T19:34:20.7778465Z  * [new tag]             0.0.6                   -> 0.0.6
end-workflow	Checkout code	2026-02-11T19:34:20.7779531Z  * [new tag]             0.0.60                  -> 0.0.60
end-workflow	Checkout code	2026-02-11T19:34:20.7780716Z  * [new tag]             0.0.61                  -> 0.0.61
end-workflow	Checkout code	2026-02-11T19:34:20.7781833Z  * [new tag]             0.0.62                  -> 0.0.62
end-workflow	Checkout code	2026-02-11T19:34:20.7782800Z  * [new tag]             0.0.63                  -> 0.0.63
end-workflow	Checkout code	2026-02-11T19:34:20.7784011Z  * [new tag]             0.0.64                  -> 0.0.64
end-workflow	Checkout code	2026-02-11T19:34:20.7784896Z  * [new tag]             0.0.65                  -> 0.0.65
end-workflow	Checkout code	2026-02-11T19:34:20.7786572Z  * [new tag]             0.0.66                  -> 0.0.66
end-workflow	Checkout code	2026-02-11T19:34:20.7787762Z  * [new tag]             0.0.67                  -> 0.0.67
end-workflow	Checkout code	2026-02-11T19:34:20.7790731Z  * [new tag]             0.0.68                  -> 0.0.68
end-workflow	Checkout code	2026-02-11T19:34:20.7792227Z  * [new tag]             0.0.69                  -> 0.0.69
end-workflow	Checkout code	2026-02-11T19:34:20.7793579Z  * [new tag]             0.0.7                   -> 0.0.7
end-workflow	Checkout code	2026-02-11T19:34:20.7795102Z  * [new tag]             0.0.70                  -> 0.0.70
end-workflow	Checkout code	2026-02-11T19:34:20.7796613Z  * [new tag]             0.0.71                  -> 0.0.71
end-workflow	Checkout code	2026-02-11T19:34:20.7798480Z  * [new tag]             0.0.72                  -> 0.0.72
end-workflow	Checkout code	2026-02-11T19:34:20.7800050Z  * [new tag]             0.0.73                  -> 0.0.73
end-workflow	Checkout code	2026-02-11T19:34:20.7801605Z  * [new tag]             0.0.74                  -> 0.0.74
end-workflow	Checkout code	2026-02-11T19:34:20.7803234Z  * [new tag]             0.0.75                  -> 0.0.75
end-workflow	Checkout code	2026-02-11T19:34:20.7804874Z  * [new tag]             0.0.76                  -> 0.0.76
end-workflow	Checkout code	2026-02-11T19:34:20.7806521Z  * [new tag]             0.0.77                  -> 0.0.77
end-workflow	Checkout code	2026-02-11T19:34:20.7808344Z  * [new tag]             0.0.78                  -> 0.0.78
end-workflow	Checkout code	2026-02-11T19:34:20.7809937Z  * [new tag]             0.0.79                  -> 0.0.79
end-workflow	Checkout code	2026-02-11T19:34:20.7811489Z  * [new tag]             0.0.8                   -> 0.0.8
end-workflow	Checkout code	2026-02-11T19:34:20.7813036Z  * [new tag]             0.0.80                  -> 0.0.80
end-workflow	Checkout code	2026-02-11T19:34:20.7814581Z  * [new tag]             0.0.81                  -> 0.0.81
end-workflow	Checkout code	2026-02-11T19:34:20.7816134Z  * [new tag]             0.0.82                  -> 0.0.82
end-workflow	Checkout code	2026-02-11T19:34:20.7817712Z  * [new tag]             0.0.83                  -> 0.0.83
end-workflow	Checkout code	2026-02-11T19:34:20.7819511Z  * [new tag]             0.0.84                  -> 0.0.84
end-workflow	Checkout code	2026-02-11T19:34:20.7821067Z  * [new tag]             0.0.85                  -> 0.0.85
end-workflow	Checkout code	2026-02-11T19:34:20.7822624Z  * [new tag]             0.0.86                  -> 0.0.86
end-workflow	Checkout code	2026-02-11T19:34:20.7824183Z  * [new tag]             0.0.87                  -> 0.0.87
end-workflow	Checkout code	2026-02-11T19:34:20.7826133Z  * [new tag]             0.0.88                  -> 0.0.88
end-workflow	Checkout code	2026-02-11T19:34:20.7827690Z  * [new tag]             0.0.89                  -> 0.0.89
end-workflow	Checkout code	2026-02-11T19:34:20.7829390Z  * [new tag]             0.0.9                   -> 0.0.9
end-workflow	Checkout code	2026-02-11T19:34:20.7830945Z  * [new tag]             0.0.90                  -> 0.0.90
end-workflow	Checkout code	2026-02-11T19:34:20.7832493Z  * [new tag]             0.0.91                  -> 0.0.91
end-workflow	Checkout code	2026-02-11T19:34:20.7834065Z  * [new tag]             0.0.92                  -> 0.0.92
end-workflow	Checkout code	2026-02-11T19:34:20.7835615Z  * [new tag]             0.0.93                  -> 0.0.93
end-workflow	Checkout code	2026-02-11T19:34:20.7837180Z  * [new tag]             0.0.94                  -> 0.0.94
end-workflow	Checkout code	2026-02-11T19:34:20.7838643Z  * [new tag]             0.0.95                  -> 0.0.95
end-workflow	Checkout code	2026-02-11T19:34:20.7839165Z  * [new tag]             0.0.96                  -> 0.0.96
end-workflow	Checkout code	2026-02-11T19:34:20.7839655Z  * [new tag]             0.0.97                  -> 0.0.97
end-workflow	Checkout code	2026-02-11T19:34:20.7840503Z  * [new tag]             0.0.98                  -> 0.0.98
end-workflow	Checkout code	2026-02-11T19:34:20.7841007Z  * [new tag]             0.0.99                  -> 0.0.99
end-workflow	Checkout code	2026-02-11T19:34:20.7841488Z  * [new tag]             0.1.0                   -> 0.1.0
end-workflow	Checkout code	2026-02-11T19:34:20.7841971Z  * [new tag]             0.1.1                   -> 0.1.1
end-workflow	Checkout code	2026-02-11T19:34:20.7842442Z  * [new tag]             0.2.0                   -> 0.2.0
end-workflow	Checkout code	2026-02-11T19:34:20.7842912Z  * [new tag]             0.3.0                   -> 0.3.0
end-workflow	Checkout code	2026-02-11T19:34:20.7843391Z  * [new tag]             0.3.1                   -> 0.3.1
end-workflow	Checkout code	2026-02-11T19:34:20.7843871Z  * [new tag]             0.3.10                  -> 0.3.10
end-workflow	Checkout code	2026-02-11T19:34:20.7844354Z  * [new tag]             0.3.11                  -> 0.3.11
end-workflow	Checkout code	2026-02-11T19:34:20.7844831Z  * [new tag]             0.3.12                  -> 0.3.12
end-workflow	Checkout code	2026-02-11T19:34:20.7845312Z  * [new tag]             0.3.13                  -> 0.3.13
end-workflow	Checkout code	2026-02-11T19:34:20.7845803Z  * [new tag]             0.3.14                  -> 0.3.14
end-workflow	Checkout code	2026-02-11T19:34:20.7846292Z  * [new tag]             0.3.15                  -> 0.3.15
end-workflow	Checkout code	2026-02-11T19:34:20.7846770Z  * [new tag]             0.3.16                  -> 0.3.16
end-workflow	Checkout code	2026-02-11T19:34:20.7847246Z  * [new tag]             0.3.17                  -> 0.3.17
end-workflow	Checkout code	2026-02-11T19:34:20.7847730Z  * [new tag]             0.3.2                   -> 0.3.2
end-workflow	Checkout code	2026-02-11T19:34:20.7849222Z  * [new tag]             0.3.3                   -> 0.3.3
end-workflow	Checkout code	2026-02-11T19:34:20.7850015Z  * [new tag]             0.3.4                   -> 0.3.4
end-workflow	Checkout code	2026-02-11T19:34:20.7850813Z  * [new tag]             0.3.5                   -> 0.3.5
end-workflow	Checkout code	2026-02-11T19:34:20.7851313Z  * [new tag]             0.3.6                   -> 0.3.6
end-workflow	Checkout code	2026-02-11T19:34:20.7851809Z  * [new tag]             0.3.7                   -> 0.3.7
end-workflow	Checkout code	2026-02-11T19:34:20.7852293Z  * [new tag]             0.3.8                   -> 0.3.8
end-workflow	Checkout code	2026-02-11T19:34:20.7852781Z  * [new tag]             0.3.9                   -> 0.3.9
end-workflow	Checkout code	2026-02-11T19:34:20.7853285Z  * [new tag]             0.4.0                   -> 0.4.0
end-workflow	Checkout code	2026-02-11T19:34:20.7853793Z  * [new tag]             0.4.1                   -> 0.4.1
end-workflow	Checkout code	2026-02-11T19:34:20.7854284Z  * [new tag]             0.4.2                   -> 0.4.2
end-workflow	Checkout code	2026-02-11T19:34:20.7854774Z  * [new tag]             0.4.3                   -> 0.4.3
end-workflow	Checkout code	2026-02-11T19:34:20.7855266Z  * [new tag]             0.4.4                   -> 0.4.4
end-workflow	Checkout code	2026-02-11T19:34:20.7855758Z  * [new tag]             0.4.5                   -> 0.4.5
end-workflow	Checkout code	2026-02-11T19:34:20.7856252Z  * [new tag]             0.4.6                   -> 0.4.6
end-workflow	Checkout code	2026-02-11T19:34:20.7857135Z  * [new tag]             0.4.7                   -> 0.4.7
end-workflow	Checkout code	2026-02-11T19:34:20.7859003Z  * [new tag]             0.4.8                   -> 0.4.8
end-workflow	Checkout code	2026-02-11T19:34:20.7860812Z  * [new tag]             0.4.9                   -> 0.4.9
end-workflow	Checkout code	2026-02-11T19:34:20.7862395Z  * [new tag]             0.5.0                   -> 0.5.0
end-workflow	Checkout code	2026-02-11T19:34:20.7864090Z  * [new tag]             0.5.1                   -> 0.5.1
end-workflow	Checkout code	2026-02-11T19:34:20.7866165Z  * [new tag]             0.5.2                   -> 0.5.2
end-workflow	Checkout code	2026-02-11T19:34:20.7867706Z  * [new tag]             0.6.0                   -> 0.6.0
end-workflow	Checkout code	2026-02-11T19:34:20.7869874Z  * [new tag]             0.6.1                   -> 0.6.1
end-workflow	Checkout code	2026-02-11T19:34:20.7870420Z  * [new tag]             0.6.2                   -> 0.6.2
end-workflow	Checkout code	2026-02-11T19:34:20.8224237Z [command]/usr/bin/git branch --list --remote origin/main
end-workflow	Checkout code	2026-02-11T19:34:20.8337477Z   origin/main
end-workflow	Checkout code	2026-02-11T19:34:20.8361192Z [command]/usr/bin/git rev-parse refs/remotes/origin/main
end-workflow	Checkout code	2026-02-11T19:34:20.8404767Z b18507c1bbaf1b349a2213797cd35b19432a8f59
end-workflow	Checkout code	2026-02-11T19:34:20.8413326Z ##[endgroup]
end-workflow	Checkout code	2026-02-11T19:34:20.8413933Z ##[group]Determining the checkout info
end-workflow	Checkout code	2026-02-11T19:34:20.8416318Z ##[endgroup]
end-workflow	Checkout code	2026-02-11T19:34:20.8424782Z [command]/usr/bin/git sparse-checkout disable
end-workflow	Checkout code	2026-02-11T19:34:20.8498739Z [command]/usr/bin/git config --local --unset-all extensions.worktreeConfig
end-workflow	Checkout code	2026-02-11T19:34:20.8560781Z ##[group]Checking out the ref
end-workflow	Checkout code	2026-02-11T19:34:20.8567791Z [command]/usr/bin/git checkout --progress --force -B main refs/remotes/origin/main
end-workflow	Checkout code	2026-02-11T19:34:21.9408894Z Updating files:  77% (1176/1526)
end-workflow	Checkout code	2026-02-11T19:34:21.9481052Z Updating files:  78% (1191/1526)
end-workflow	Checkout code	2026-02-11T19:34:21.9482058Z Updating files:  79% (1206/1526)
end-workflow	Checkout code	2026-02-11T19:34:21.9529293Z Updating files:  80% (1221/1526)
end-workflow	Checkout code	2026-02-11T19:34:21.9553631Z Updating files:  81% (1237/1526)
end-workflow	Checkout code	2026-02-11T19:34:21.9579313Z Updating files:  82% (1252/1526)
end-workflow	Checkout code	2026-02-11T19:34:21.9598661Z Updating files:  83% (1267/1526)
end-workflow	Checkout code	2026-02-11T19:34:22.0548639Z Updating files:  84% (1282/1526)
end-workflow	Checkout code	2026-02-11T19:34:22.1403302Z Updating files:  85% (1298/1526)
end-workflow	Checkout code	2026-02-11T19:34:22.2481119Z Updating files:  86% (1313/1526)
end-workflow	Checkout code	2026-02-11T19:34:22.4201486Z Updating files:  87% (1328/1526)
end-workflow	Checkout code	2026-02-11T19:34:22.7224728Z Updating files:  88% (1343/1526)
end-workflow	Checkout code	2026-02-11T19:34:22.8727450Z Updating files:  89% (1359/1526)
end-workflow	Checkout code	2026-02-11T19:34:23.0974052Z Updating files:  90% (1374/1526)
end-workflow	Checkout code	2026-02-11T19:34:23.1600478Z Updating files:  91% (1389/1526)
end-workflow	Checkout code	2026-02-11T19:34:23.1614635Z Updating files:  92% (1404/1526)
end-workflow	Checkout code	2026-02-11T19:34:23.1632649Z Updating files:  93% (1420/1526)
end-workflow	Checkout code	2026-02-11T19:34:23.1650823Z Updating files:  94% (1435/1526)
end-workflow	Checkout code	2026-02-11T19:34:23.1775449Z Updating files:  95% (1450/1526)
end-workflow	Checkout code	2026-02-11T19:34:23.1811550Z Updating files:  96% (1465/1526)
end-workflow	Checkout code	2026-02-11T19:34:23.1823256Z Updating files:  97% (1481/1526)
end-workflow	Checkout code	2026-02-11T19:34:23.1846095Z Updating files:  98% (1496/1526)
end-workflow	Checkout code	2026-02-11T19:34:23.1862604Z Updating files:  99% (1511/1526)
end-workflow	Checkout code	2026-02-11T19:34:23.1863839Z Updating files: 100% (1526/1526)
end-workflow	Checkout code	2026-02-11T19:34:23.1865096Z Updating files: 100% (1526/1526), done.
end-workflow	Checkout code	2026-02-11T19:34:23.1924635Z Switched to a new branch 'main'
end-workflow	Checkout code	2026-02-11T19:34:23.1932487Z branch 'main' set up to track 'origin/main'.
end-workflow	Checkout code	2026-02-11T19:34:23.2222656Z ##[endgroup]
end-workflow	Checkout code	2026-02-11T19:34:23.2314332Z [command]/usr/bin/git log -1 --format=%H
end-workflow	Checkout code	2026-02-11T19:34:23.2380769Z b18507c1bbaf1b349a2213797cd35b19432a8f59
end-workflow	Install GH CLI	ï»¿2026-02-11T19:34:23.3084908Z Prepare all required actions
end-workflow	Install GH CLI	2026-02-11T19:34:23.3229244Z ##[group]Run ./.github/actions/install-gh-cli
end-workflow	Install GH CLI	2026-02-11T19:34:23.3252603Z env:
end-workflow	Install GH CLI	2026-02-11T19:34:23.3253708Z   KAOS_MODULE: [Ka0S] Audit Pods
end-workflow	Install GH CLI	2026-02-11T19:34:23.3254573Z   KAOS_CODE: 21920011295
end-workflow	Install GH CLI	2026-02-11T19:34:23.3255927Z   GH_TOKEN: ***
end-workflow	Install GH CLI	2026-02-11T19:34:23.3256719Z ##[endgroup]
end-workflow	Install GH CLI	2026-02-11T19:34:23.3549313Z ##[group]Run type -p curl >/dev/null || (sudo apt-get update && sudo apt-get install curl -y)
end-workflow	Install GH CLI	2026-02-11T19:34:23.3552054Z [36;1mtype -p curl >/dev/null || (sudo apt-get update && sudo apt-get install curl -y)[0m
end-workflow	Install GH CLI	2026-02-11T19:34:23.3555489Z [36;1mcurl -fsSL https://cli.github.com/packages/githubcli-archive-keyring.gpg | sudo dd of=/usr/share/keyrings/githubcli-archive-keyring.gpg \[0m
end-workflow	Install GH CLI	2026-02-11T19:34:23.3559246Z [36;1m&& sudo chmod go+r /usr/share/keyrings/githubcli-archive-keyring.gpg \[0m
end-workflow	Install GH CLI	2026-02-11T19:34:23.3563824Z [36;1m&& echo "deb [arch=$(dpkg --print-architecture) signed-by=/usr/share/keyrings/githubcli-archive-keyring.gpg] https://cli.github.com/packages stable main" | sudo tee /etc/apt/sources.list.d/github-cli.list > /dev/null \[0m
end-workflow	Install GH CLI	2026-02-11T19:34:23.3569444Z [36;1m&& sudo apt-get update \[0m
end-workflow	Install GH CLI	2026-02-11T19:34:23.3570854Z [36;1m&& sudo apt-get install gh -y[0m
end-workflow	Install GH CLI	2026-02-11T19:34:23.3612833Z shell: /usr/bin/bash --noprofile --norc -e -o pipefail {0}
end-workflow	Install GH CLI	2026-02-11T19:34:23.3613745Z env:
end-workflow	Install GH CLI	2026-02-11T19:34:23.3614261Z   KAOS_MODULE: [Ka0S] Audit Pods
end-workflow	Install GH CLI	2026-02-11T19:34:23.3615042Z   KAOS_CODE: 21920011295
end-workflow	Install GH CLI	2026-02-11T19:34:23.3616198Z   GH_TOKEN: ***
end-workflow	Install GH CLI	2026-02-11T19:34:23.3617112Z ##[endgroup]
end-workflow	Install GH CLI	2026-02-11T19:34:23.4890101Z 4+1 records in
end-workflow	Install GH CLI	2026-02-11T19:34:23.4891417Z 4+1 records out
end-workflow	Install GH CLI	2026-02-11T19:34:23.4892480Z 2270 bytes (2.3 kB, 2.2 KiB) copied, 0.083978 s, 27.0 kB/s
end-workflow	Install GH CLI	2026-02-11T19:34:23.7966088Z Get:1 http://security.ubuntu.com/ubuntu noble-security InRelease [126 kB]
end-workflow	Install GH CLI	2026-02-11T19:34:23.7975640Z Get:2 https://cli.github.com/packages stable InRelease [3917 B]
end-workflow	Install GH CLI	2026-02-11T19:34:23.9423167Z Get:3 http://archive.ubuntu.com/ubuntu noble InRelease [256 kB]
end-workflow	Install GH CLI	2026-02-11T19:34:24.0162606Z Get:4 https://ppa.launchpadcontent.net/git-core/ppa/ubuntu noble InRelease [24.3 kB]
end-workflow	Install GH CLI	2026-02-11T19:34:24.1072997Z Get:5 https://cli.github.com/packages stable/main amd64 Packages [356 B]
end-workflow	Install GH CLI	2026-02-11T19:34:24.3530513Z Get:6 http://security.ubuntu.com/ubuntu noble-security/multiverse amd64 Packages [34.8 kB]
end-workflow	Install GH CLI	2026-02-11T19:34:24.3899367Z Get:7 http://security.ubuntu.com/ubuntu noble-security/main amd64 Packages [1822 kB]
end-workflow	Install GH CLI	2026-02-11T19:34:24.5198712Z Get:8 http://archive.ubuntu.com/ubuntu noble-updates InRelease [126 kB]
end-workflow	Install GH CLI	2026-02-11T19:34:24.5437618Z Get:9 http://security.ubuntu.com/ubuntu noble-security/restricted amd64 Packages [3106 kB]
end-workflow	Install GH CLI	2026-02-11T19:34:24.6045760Z Get:10 https://ppa.launchpadcontent.net/git-core/ppa/ubuntu noble/main amd64 Packages [2994 B]
end-workflow	Install GH CLI	2026-02-11T19:34:24.6692074Z Get:11 http://archive.ubuntu.com/ubuntu noble-backports InRelease [126 kB]
end-workflow	Install GH CLI	2026-02-11T19:34:24.6732160Z Get:12 http://security.ubuntu.com/ubuntu noble-security/universe amd64 Packages [1199 kB]
end-workflow	Install GH CLI	2026-02-11T19:34:25.0510558Z Get:13 http://archive.ubuntu.com/ubuntu noble/multiverse amd64 Packages [331 kB]
end-workflow	Install GH CLI	2026-02-11T19:34:25.2549107Z Get:14 http://archive.ubuntu.com/ubuntu noble/universe amd64 Packages [19.3 MB]
end-workflow	Install GH CLI	2026-02-11T19:34:26.0729771Z Get:15 http://archive.ubuntu.com/ubuntu noble/restricted amd64 Packages [117 kB]
end-workflow	Install GH CLI	2026-02-11T19:34:26.0771997Z Get:16 http://archive.ubuntu.com/ubuntu noble/main amd64 Packages [1808 kB]
end-workflow	Install GH CLI	2026-02-11T19:34:26.1819099Z Get:17 http://archive.ubuntu.com/ubuntu noble-updates/multiverse amd64 Packages [38.1 kB]
end-workflow	Install GH CLI	2026-02-11T19:34:26.1841140Z Get:18 http://archive.ubuntu.com/ubuntu noble-updates/universe amd64 Packages [1978 kB]
end-workflow	Install GH CLI	2026-02-11T19:34:26.2349443Z Get:19 http://archive.ubuntu.com/ubuntu noble-updates/restricted amd64 Packages [3287 kB]
end-workflow	Install GH CLI	2026-02-11T19:34:26.3252683Z Get:20 http://archive.ubuntu.com/ubuntu noble-updates/main amd64 Packages [2201 kB]
end-workflow	Install GH CLI	2026-02-11T19:34:26.3827699Z Get:21 http://archive.ubuntu.com/ubuntu noble-backports/main amd64 Packages [49.5 kB]
end-workflow	Install GH CLI	2026-02-11T19:34:26.3839440Z Get:22 http://archive.ubuntu.com/ubuntu noble-backports/universe amd64 Packages [34.6 kB]
end-workflow	Install GH CLI	2026-02-11T19:34:28.0667653Z Fetched 36.0 MB in 4s (8284 kB/s)
end-workflow	Install GH CLI	2026-02-11T19:34:30.0122081Z Reading package lists...
end-workflow	Install GH CLI	2026-02-11T19:34:32.0420057Z Reading package lists...
end-workflow	Install GH CLI	2026-02-11T19:34:32.3522741Z Building dependency tree...
end-workflow	Install GH CLI	2026-02-11T19:34:32.3524737Z Reading state information...
end-workflow	Install GH CLI	2026-02-11T19:34:32.7976007Z The following NEW packages will be installed:
end-workflow	Install GH CLI	2026-02-11T19:34:32.7999686Z   gh
end-workflow	Install GH CLI	2026-02-11T19:34:32.9173034Z 0 upgraded, 1 newly installed, 0 to remove and 18 not upgraded.
end-workflow	Install GH CLI	2026-02-11T19:34:32.9180495Z Need to get 13.7 MB of archives.
end-workflow	Install GH CLI	2026-02-11T19:34:32.9181930Z After this operation, 37.9 MB of additional disk space will be used.
end-workflow	Install GH CLI	2026-02-11T19:34:32.9184707Z Get:1 https://cli.github.com/packages stable/main amd64 gh amd64 2.86.0 [13.7 MB]
end-workflow	Install GH CLI	2026-02-11T19:34:33.6586905Z debconf: delaying package configuration, since apt-utils is not installed
end-workflow	Install GH CLI	2026-02-11T19:34:33.7523008Z Fetched 13.7 MB in 0s (32.7 MB/s)
end-workflow	Install GH CLI	2026-02-11T19:34:33.7980364Z Selecting previously unselected package gh.
end-workflow	Install GH CLI	2026-02-11T19:34:33.8031123Z (Reading database ... 
end-workflow	Install GH CLI	2026-02-11T19:34:33.8037604Z (Reading database ... 5%
end-workflow	Install GH CLI	2026-02-11T19:34:33.8041786Z (Reading database ... 10%
end-workflow	Install GH CLI	2026-02-11T19:34:33.8046650Z (Reading database ... 15%
end-workflow	Install GH CLI	2026-02-11T19:34:33.8056630Z (Reading database ... 20%
end-workflow	Install GH CLI	2026-02-11T19:34:33.8057477Z (Reading database ... 25%
end-workflow	Install GH CLI	2026-02-11T19:34:33.8065064Z (Reading database ... 30%
end-workflow	Install GH CLI	2026-02-11T19:34:33.8065566Z (Reading database ... 35%
end-workflow	Install GH CLI	2026-02-11T19:34:33.8066050Z (Reading database ... 40%
end-workflow	Install GH CLI	2026-02-11T19:34:33.8066495Z (Reading database ... 45%
end-workflow	Install GH CLI	2026-02-11T19:34:33.8067283Z (Reading database ... 50%
end-workflow	Install GH CLI	2026-02-11T19:34:33.8068688Z (Reading database ... 55%
end-workflow	Install GH CLI	2026-02-11T19:34:33.8069458Z (Reading database ... 60%
end-workflow	Install GH CLI	2026-02-11T19:34:33.8094995Z (Reading database ... 65%
end-workflow	Install GH CLI	2026-02-11T19:34:33.8112296Z (Reading database ... 70%
end-workflow	Install GH CLI	2026-02-11T19:34:33.8129400Z (Reading database ... 75%
end-workflow	Install GH CLI	2026-02-11T19:34:33.8149272Z (Reading database ... 80%
end-workflow	Install GH CLI	2026-02-11T19:34:33.8159157Z (Reading database ... 85%
end-workflow	Install GH CLI	2026-02-11T19:34:33.8171952Z (Reading database ... 90%
end-workflow	Install GH CLI	2026-02-11T19:34:33.8194182Z (Reading database ... 95%
end-workflow	Install GH CLI	2026-02-11T19:34:33.8195056Z (Reading database ... 100%
end-workflow	Install GH CLI	2026-02-11T19:34:33.8195811Z (Reading database ... 14385 files and directories currently installed.)
end-workflow	Install GH CLI	2026-02-11T19:34:33.8210455Z Preparing to unpack .../archives/gh_2.86.0_amd64.deb ...
end-workflow	Install GH CLI	2026-02-11T19:34:33.8237571Z Unpacking gh (2.86.0) ...
end-workflow	Install GH CLI	2026-02-11T19:34:34.1312603Z Setting up gh (2.86.0) ...
end-workflow	Finaliza el workflow	ï»¿2026-02-11T19:34:34.1939309Z ##[group]Run echo "End process"
end-workflow	Finaliza el workflow	2026-02-11T19:34:34.1939959Z [36;1mecho "End process"[0m
end-workflow	Finaliza el workflow	2026-02-11T19:34:34.1940535Z [36;1mgh workflow run inspector.yml --ref refs/heads/main -f kaos-workflow-id="21920011295"[0m
end-workflow	Finaliza el workflow	2026-02-11T19:34:34.1961737Z shell: /usr/bin/bash -e {0}
end-workflow	Finaliza el workflow	2026-02-11T19:34:34.1962454Z env:
end-workflow	Finaliza el workflow	2026-02-11T19:34:34.1963029Z   KAOS_MODULE: [Ka0S] Audit Pods
end-workflow	Finaliza el workflow	2026-02-11T19:34:34.1963986Z   KAOS_CODE: 21920011295
end-workflow	Finaliza el workflow	2026-02-11T19:34:34.1965223Z   GH_TOKEN: ***
end-workflow	Finaliza el workflow	2026-02-11T19:34:34.1965982Z ##[endgroup]
end-workflow	Finaliza el workflow	2026-02-11T19:34:34.2040697Z End process
end-workflow	Post Checkout code	ï»¿2026-02-11T19:34:36.6158857Z Post job cleanup.
end-workflow	Post Checkout code	2026-02-11T19:34:36.9610663Z [command]/usr/bin/git version
end-workflow	Post Checkout code	2026-02-11T19:34:36.9709042Z git version 2.52.0
end-workflow	Post Checkout code	2026-02-11T19:34:36.9810411Z Temporarily overriding HOME='/home/runner/_work/_temp/1081d0fe-6c9b-4236-9ec5-8aac21ede83b' before making global git config changes
end-workflow	Post Checkout code	2026-02-11T19:34:36.9814218Z Adding repository directory to the temporary git global config as a safe directory
end-workflow	Post Checkout code	2026-02-11T19:34:36.9824538Z [command]/usr/bin/git config --global --add safe.directory /home/runner/_work/ka0s/ka0s
end-workflow	Post Checkout code	2026-02-11T19:34:36.9905838Z [command]/usr/bin/git config --local --name-only --get-regexp core\.sshCommand
end-workflow	Post Checkout code	2026-02-11T19:34:36.9992501Z [command]/usr/bin/git submodule foreach --recursive sh -c "git config --local --name-only --get-regexp 'core\.sshCommand' && git config --local --unset-all 'core.sshCommand' || :"
end-workflow	Post Checkout code	2026-02-11T19:34:37.0559119Z [command]/usr/bin/git config --local --name-only --get-regexp http\.https\:\/\/github\.com\/\.extraheader
end-workflow	Post Checkout code	2026-02-11T19:34:37.0601487Z http.https://github.com/.extraheader
end-workflow	Post Checkout code	2026-02-11T19:34:37.0622123Z [command]/usr/bin/git config --local --unset-all http.https://github.com/.extraheader
end-workflow	Post Checkout code	2026-02-11T19:34:37.0718904Z [command]/usr/bin/git submodule foreach --recursive sh -c "git config --local --name-only --get-regexp 'http\.https\:\/\/github\.com\/\.extraheader' && git config --local --unset-all 'http.https://github.com/.extraheader' || :"
end-workflow	Post Checkout code	2026-02-11T19:34:37.1226553Z [command]/usr/bin/git config --local --name-only --get-regexp ^includeIf\.gitdir:
end-workflow	Post Checkout code	2026-02-11T19:34:37.1298892Z [command]/usr/bin/git submodule foreach --recursive git config --local --show-origin --name-only --get-regexp remote.origin.url
end-workflow	Complete job	ï»¿2026-02-11T19:34:37.2100114Z Cleaning up orphan processes
