job-core	Set up job	Ôªø2026-02-16T04:20:16.2806099Z Current runner version: '2.331.0'
job-core	Set up job	2026-02-16T04:20:16.2815418Z Runner name: 'swarm-runners-scaleset-hkss5-runner-cnpmq'
job-core	Set up job	2026-02-16T04:20:16.2816625Z Runner group name: 'Default'
job-core	Set up job	2026-02-16T04:20:16.2818011Z Machine name: 'swarm-runners-scaleset-hkss5-runner-cnpmq'
job-core	Set up job	2026-02-16T04:20:16.2822294Z ##[group]GITHUB_TOKEN Permissions
job-core	Set up job	2026-02-16T04:20:16.2825296Z Actions: write
job-core	Set up job	2026-02-16T04:20:16.2825946Z Contents: write
job-core	Set up job	2026-02-16T04:20:16.2826492Z Issues: write
job-core	Set up job	2026-02-16T04:20:16.2827145Z Metadata: read
job-core	Set up job	2026-02-16T04:20:16.2827755Z PullRequests: write
job-core	Set up job	2026-02-16T04:20:16.2828383Z ##[endgroup]
job-core	Set up job	2026-02-16T04:20:16.2831218Z Secret source: Actions
job-core	Set up job	2026-02-16T04:20:16.2831995Z Prepare workflow directory
job-core	Set up job	2026-02-16T04:20:16.3474317Z Prepare all required actions
job-core	Set up job	2026-02-16T04:20:16.3521786Z Getting action download info
job-core	Set up job	2026-02-16T04:20:16.9794074Z Download action repository 'actions/checkout@v4' (SHA:34e114876b0b11c390a56381ad16ebd13914f8d5)
job-core	Set up job	2026-02-16T04:20:17.8122829Z Download action repository 'actions/setup-python@v4' (SHA:7f4fc3e22c37d6ff65e88745f38bd3157c663f7c)
job-core	Set up job	2026-02-16T04:20:18.7012074Z Download action repository 'actions/upload-artifact@v4' (SHA:ea165f8d65b6e75b540449e92b4886f43607fa02)
job-core	Set up job	2026-02-16T04:20:19.7483324Z Complete job name: job-core
job-core	Checkout code	Ôªø2026-02-16T04:20:19.8098115Z ##[group]Run actions/checkout@v4
job-core	Checkout code	2026-02-16T04:20:19.8098827Z with:
job-core	Checkout code	2026-02-16T04:20:19.8099098Z   fetch-depth: 0
job-core	Checkout code	2026-02-16T04:20:19.8099381Z   repository: Ka0s-Klaus/ka0s
job-core	Checkout code	2026-02-16T04:20:19.8100240Z   token: ***
job-core	Checkout code	2026-02-16T04:20:19.8100609Z   ssh-strict: true
job-core	Checkout code	2026-02-16T04:20:19.8100854Z   ssh-user: git
job-core	Checkout code	2026-02-16T04:20:19.8101110Z   persist-credentials: true
job-core	Checkout code	2026-02-16T04:20:19.8101396Z   clean: true
job-core	Checkout code	2026-02-16T04:20:19.8101662Z   sparse-checkout-cone-mode: true
job-core	Checkout code	2026-02-16T04:20:19.8101970Z   fetch-tags: false
job-core	Checkout code	2026-02-16T04:20:19.8102240Z   show-progress: true
job-core	Checkout code	2026-02-16T04:20:19.8102499Z   lfs: false
job-core	Checkout code	2026-02-16T04:20:19.8102745Z   submodules: false
job-core	Checkout code	2026-02-16T04:20:19.8103011Z   set-safe-directory: true
job-core	Checkout code	2026-02-16T04:20:19.8103532Z env:
job-core	Checkout code	2026-02-16T04:20:19.8103798Z   PYTHON_VERSION: 3.9
job-core	Checkout code	2026-02-16T04:20:19.8104570Z   MONGO_SUPERUSER_CONNECTION: ***
job-core	Checkout code	2026-02-16T04:20:19.8105005Z   MONGO_NEW_PASS: ***
job-core	Checkout code	2026-02-16T04:20:19.8105363Z   MONGO_SCRIPT_CREATE: devops/core/mongo/scripts/add-doc-to-db.py
job-core	Checkout code	2026-02-16T04:20:19.8105805Z   KAOS_CODE: 22049983460
job-core	Checkout code	2026-02-16T04:20:19.8106107Z   KAOS_MODULE: [Ka0s] Autom add docs to MongoDB
job-core	Checkout code	2026-02-16T04:20:19.8106442Z   REPORT_SCAN: audit/
job-core	Checkout code	2026-02-16T04:20:19.8106710Z   REPORT_PATH: audit/mongodb/
job-core	Checkout code	2026-02-16T04:20:19.8107030Z   REPORT_FILENAME: mongo_setup_22049983460.json
job-core	Checkout code	2026-02-16T04:20:19.8107416Z   REPORT_FILENAME_LIST: mongo_list_22049983460.json
job-core	Checkout code	2026-02-16T04:20:19.8107829Z   REPORT_FILENAME_DB: mongo_create_db_22049983460.json
job-core	Checkout code	2026-02-16T04:20:19.8108182Z   GITHUB_OUTPUT: 
job-core	Checkout code	2026-02-16T04:20:19.8108427Z ##[endgroup]
job-core	Checkout code	2026-02-16T04:20:19.9414298Z Syncing repository: Ka0s-Klaus/ka0s
job-core	Checkout code	2026-02-16T04:20:19.9416754Z ##[group]Getting Git version info
job-core	Checkout code	2026-02-16T04:20:19.9417230Z Working directory is '/home/runner/_work/ka0s/ka0s'
job-core	Checkout code	2026-02-16T04:20:19.9417997Z [command]/usr/bin/git version
job-core	Checkout code	2026-02-16T04:20:19.9418483Z git version 2.52.0
job-core	Checkout code	2026-02-16T04:20:19.9419848Z ##[endgroup]
job-core	Checkout code	2026-02-16T04:20:19.9424610Z Temporarily overriding HOME='/home/runner/_work/_temp/ca791754-a170-4ba3-9c7a-02159488a93d' before making global git config changes
job-core	Checkout code	2026-02-16T04:20:19.9425536Z Adding repository directory to the temporary git global config as a safe directory
job-core	Checkout code	2026-02-16T04:20:19.9426227Z [command]/usr/bin/git config --global --add safe.directory /home/runner/_work/ka0s/ka0s
job-core	Checkout code	2026-02-16T04:20:19.9440078Z Deleting the contents of '/home/runner/_work/ka0s/ka0s'
job-core	Checkout code	2026-02-16T04:20:19.9444220Z ##[group]Initializing the repository
job-core	Checkout code	2026-02-16T04:20:19.9448360Z [command]/usr/bin/git init /home/runner/_work/ka0s/ka0s
job-core	Checkout code	2026-02-16T04:20:19.9507297Z hint: Using 'master' as the name for the initial branch. This default branch name
job-core	Checkout code	2026-02-16T04:20:19.9508176Z hint: will change to "main" in Git 3.0. To configure the initial branch name
job-core	Checkout code	2026-02-16T04:20:19.9509234Z hint: to use in all of your new repositories, which will suppress this warning,
job-core	Checkout code	2026-02-16T04:20:19.9509937Z hint: call:
job-core	Checkout code	2026-02-16T04:20:19.9510185Z hint:
job-core	Checkout code	2026-02-16T04:20:19.9510521Z hint: 	git config --global init.defaultBranch <name>
job-core	Checkout code	2026-02-16T04:20:19.9511068Z hint:
job-core	Checkout code	2026-02-16T04:20:19.9511441Z hint: Names commonly chosen instead of 'master' are 'main', 'trunk' and
job-core	Checkout code	2026-02-16T04:20:19.9512042Z hint: 'development'. The just-created branch can be renamed via this command:
job-core	Checkout code	2026-02-16T04:20:19.9512623Z hint:
job-core	Checkout code	2026-02-16T04:20:19.9512871Z hint: 	git branch -m <name>
job-core	Checkout code	2026-02-16T04:20:19.9513152Z hint:
job-core	Checkout code	2026-02-16T04:20:19.9513691Z hint: Disable this message with "git config set advice.defaultBranchName false"
job-core	Checkout code	2026-02-16T04:20:19.9514324Z Initialized empty Git repository in /home/runner/_work/ka0s/ka0s/.git/
job-core	Checkout code	2026-02-16T04:20:19.9522193Z [command]/usr/bin/git remote add origin https://github.com/Ka0s-Klaus/ka0s
job-core	Checkout code	2026-02-16T04:20:19.9565150Z ##[endgroup]
job-core	Checkout code	2026-02-16T04:20:19.9565756Z ##[group]Disabling automatic garbage collection
job-core	Checkout code	2026-02-16T04:20:19.9570447Z [command]/usr/bin/git config --local gc.auto 0
job-core	Checkout code	2026-02-16T04:20:19.9613753Z ##[endgroup]
job-core	Checkout code	2026-02-16T04:20:19.9614289Z ##[group]Setting up auth
job-core	Checkout code	2026-02-16T04:20:19.9622738Z [command]/usr/bin/git config --local --name-only --get-regexp core\.sshCommand
job-core	Checkout code	2026-02-16T04:20:19.9667551Z [command]/usr/bin/git submodule foreach --recursive sh -c "git config --local --name-only --get-regexp 'core\.sshCommand' && git config --local --unset-all 'core.sshCommand' || :"
job-core	Checkout code	2026-02-16T04:20:20.0006293Z [command]/usr/bin/git config --local --name-only --get-regexp http\.https\:\/\/github\.com\/\.extraheader
job-core	Checkout code	2026-02-16T04:20:20.0046837Z [command]/usr/bin/git submodule foreach --recursive sh -c "git config --local --name-only --get-regexp 'http\.https\:\/\/github\.com\/\.extraheader' && git config --local --unset-all 'http.https://github.com/.extraheader' || :"
job-core	Checkout code	2026-02-16T04:20:20.0381635Z [command]/usr/bin/git config --local --name-only --get-regexp ^includeIf\.gitdir:
job-core	Checkout code	2026-02-16T04:20:20.0423464Z [command]/usr/bin/git submodule foreach --recursive git config --local --show-origin --name-only --get-regexp remote.origin.url
job-core	Checkout code	2026-02-16T04:20:20.0759432Z [command]/usr/bin/git config --local http.https://github.com/.extraheader AUTHORIZATION: basic ***
job-core	Checkout code	2026-02-16T04:20:20.0809951Z ##[endgroup]
job-core	Checkout code	2026-02-16T04:20:20.0819481Z ##[group]Fetching the repository
job-core	Checkout code	2026-02-16T04:20:20.0820543Z [command]/usr/bin/git -c protocol.version=2 fetch --prune --no-recurse-submodules origin +refs/heads/*:refs/remotes/origin/* +refs/tags/*:refs/tags/*
job-core	Checkout code	2026-02-16T04:20:40.2829992Z From https://github.com/Ka0s-Klaus/ka0s
job-core	Checkout code	2026-02-16T04:20:40.2830897Z  * [new branch]          F227-despliegue-de-kube-independiente-del-clouder -> origin/F227-despliegue-de-kube-independiente-del-clouder
job-core	Checkout code	2026-02-16T04:20:40.2831733Z  * [new branch]          F3450-modelo-operativo -> origin/F3450-modelo-operativo
job-core	Checkout code	2026-02-16T04:20:40.2832580Z  * [new branch]          H1151-desarrollo-de-secciones-ii -> origin/H1151-desarrollo-de-secciones-ii
job-core	Checkout code	2026-02-16T04:20:40.2833335Z  * [new branch]          H1193-ejemplo-web-documentacion -> origin/H1193-ejemplo-web-documentacion
job-core	Checkout code	2026-02-16T04:20:40.2834015Z  * [new branch]          H1276-modulo-observabilidad -> origin/H1276-modulo-observabilidad
job-core	Checkout code	2026-02-16T04:20:40.2834899Z  * [new branch]          H227-despliegue-de-kube-independiente-del-clouder -> origin/H227-despliegue-de-kube-independiente-del-clouder
job-core	Checkout code	2026-02-16T04:20:40.2835701Z  * [new branch]          H3266-deploy-zabbix    -> origin/H3266-deploy-zabbix
job-core	Checkout code	2026-02-16T04:20:40.2836213Z  * [new branch]          H3596-deploy-itop      -> origin/H3596-deploy-itop
job-core	Checkout code	2026-02-16T04:20:40.2837024Z  * [new branch]          RN227-despliegue-de-kube-independiente-del-clouder -> origin/RN227-despliegue-de-kube-independiente-del-clouder
job-core	Checkout code	2026-02-16T04:20:40.2837783Z  * [new branch]          main                   -> origin/main
job-core	Checkout code	2026-02-16T04:20:40.2838200Z  * [new tag]             0.0.0                  -> 0.0.0
job-core	Checkout code	2026-02-16T04:20:40.2838568Z  * [new tag]             0.0.1                  -> 0.0.1
job-core	Checkout code	2026-02-16T04:20:40.2839459Z  * [new tag]             0.0.10                 -> 0.0.10
job-core	Checkout code	2026-02-16T04:20:40.2840905Z  * [new tag]             0.0.100                -> 0.0.100
job-core	Checkout code	2026-02-16T04:20:40.2841312Z  * [new tag]             0.0.101                -> 0.0.101
job-core	Checkout code	2026-02-16T04:20:40.2841685Z  * [new tag]             0.0.102                -> 0.0.102
job-core	Checkout code	2026-02-16T04:20:40.2842046Z  * [new tag]             0.0.103                -> 0.0.103
job-core	Checkout code	2026-02-16T04:20:40.2842456Z  * [new tag]             0.0.104                -> 0.0.104
job-core	Checkout code	2026-02-16T04:20:40.2842817Z  * [new tag]             0.0.105                -> 0.0.105
job-core	Checkout code	2026-02-16T04:20:40.2862351Z  * [new tag]             0.0.106                -> 0.0.106
job-core	Checkout code	2026-02-16T04:20:40.2862820Z  * [new tag]             0.0.107                -> 0.0.107
job-core	Checkout code	2026-02-16T04:20:40.2863199Z  * [new tag]             0.0.108                -> 0.0.108
job-core	Checkout code	2026-02-16T04:20:40.2863570Z  * [new tag]             0.0.109                -> 0.0.109
job-core	Checkout code	2026-02-16T04:20:40.2863971Z  * [new tag]             0.0.11                 -> 0.0.11
job-core	Checkout code	2026-02-16T04:20:40.2864354Z  * [new tag]             0.0.110                -> 0.0.110
job-core	Checkout code	2026-02-16T04:20:40.2864722Z  * [new tag]             0.0.111                -> 0.0.111
job-core	Checkout code	2026-02-16T04:20:40.2865479Z  * [new tag]             0.0.112                -> 0.0.112
job-core	Checkout code	2026-02-16T04:20:40.2865867Z  * [new tag]             0.0.113                -> 0.0.113
job-core	Checkout code	2026-02-16T04:20:40.2866335Z  * [new tag]             0.0.114                -> 0.0.114
job-core	Checkout code	2026-02-16T04:20:40.2866752Z  * [new tag]             0.0.115                -> 0.0.115
job-core	Checkout code	2026-02-16T04:20:40.2867122Z  * [new tag]             0.0.116                -> 0.0.116
job-core	Checkout code	2026-02-16T04:20:40.2867491Z  * [new tag]             0.0.117                -> 0.0.117
job-core	Checkout code	2026-02-16T04:20:40.2867855Z  * [new tag]             0.0.118                -> 0.0.118
job-core	Checkout code	2026-02-16T04:20:40.2868216Z  * [new tag]             0.0.119                -> 0.0.119
job-core	Checkout code	2026-02-16T04:20:40.2868582Z  * [new tag]             0.0.12                 -> 0.0.12
job-core	Checkout code	2026-02-16T04:20:40.2868966Z  * [new tag]             0.0.120                -> 0.0.120
job-core	Checkout code	2026-02-16T04:20:40.2869333Z  * [new tag]             0.0.121                -> 0.0.121
job-core	Checkout code	2026-02-16T04:20:40.2869886Z  * [new tag]             0.0.122                -> 0.0.122
job-core	Checkout code	2026-02-16T04:20:40.2870287Z  * [new tag]             0.0.123                -> 0.0.123
job-core	Checkout code	2026-02-16T04:20:40.2870651Z  * [new tag]             0.0.124                -> 0.0.124
job-core	Checkout code	2026-02-16T04:20:40.2871013Z  * [new tag]             0.0.125                -> 0.0.125
job-core	Checkout code	2026-02-16T04:20:40.2871375Z  * [new tag]             0.0.126                -> 0.0.126
job-core	Checkout code	2026-02-16T04:20:40.2871744Z  * [new tag]             0.0.127                -> 0.0.127
job-core	Checkout code	2026-02-16T04:20:40.2872111Z  * [new tag]             0.0.128                -> 0.0.128
job-core	Checkout code	2026-02-16T04:20:40.2872476Z  * [new tag]             0.0.129                -> 0.0.129
job-core	Checkout code	2026-02-16T04:20:40.2872844Z  * [new tag]             0.0.13                 -> 0.0.13
job-core	Checkout code	2026-02-16T04:20:40.2873214Z  * [new tag]             0.0.130                -> 0.0.130
job-core	Checkout code	2026-02-16T04:20:40.2873585Z  * [new tag]             0.0.131                -> 0.0.131
job-core	Checkout code	2026-02-16T04:20:40.2873951Z  * [new tag]             0.0.132                -> 0.0.132
job-core	Checkout code	2026-02-16T04:20:40.2874316Z  * [new tag]             0.0.133                -> 0.0.133
job-core	Checkout code	2026-02-16T04:20:40.2874692Z  * [new tag]             0.0.134                -> 0.0.134
job-core	Checkout code	2026-02-16T04:20:40.2875060Z  * [new tag]             0.0.135                -> 0.0.135
job-core	Checkout code	2026-02-16T04:20:40.2875470Z  * [new tag]             0.0.136                -> 0.0.136
job-core	Checkout code	2026-02-16T04:20:40.2875850Z  * [new tag]             0.0.137                -> 0.0.137
job-core	Checkout code	2026-02-16T04:20:40.2876256Z  * [new tag]             0.0.138                -> 0.0.138
job-core	Checkout code	2026-02-16T04:20:40.2876630Z  * [new tag]             0.0.139                -> 0.0.139
job-core	Checkout code	2026-02-16T04:20:40.2877126Z  * [new tag]             0.0.14                 -> 0.0.14
job-core	Checkout code	2026-02-16T04:20:40.2877503Z  * [new tag]             0.0.140                -> 0.0.140
job-core	Checkout code	2026-02-16T04:20:40.2878135Z  * [new tag]             0.0.141                -> 0.0.141
job-core	Checkout code	2026-02-16T04:20:40.2878507Z  * [new tag]             0.0.142                -> 0.0.142
job-core	Checkout code	2026-02-16T04:20:40.2878870Z  * [new tag]             0.0.143                -> 0.0.143
job-core	Checkout code	2026-02-16T04:20:40.2879242Z  * [new tag]             0.0.144                -> 0.0.144
job-core	Checkout code	2026-02-16T04:20:40.2879743Z  * [new tag]             0.0.145                -> 0.0.145
job-core	Checkout code	2026-02-16T04:20:40.2880107Z  * [new tag]             0.0.146                -> 0.0.146
job-core	Checkout code	2026-02-16T04:20:40.2880494Z  * [new tag]             0.0.147                -> 0.0.147
job-core	Checkout code	2026-02-16T04:20:40.2880912Z  * [new tag]             0.0.148                -> 0.0.148
job-core	Checkout code	2026-02-16T04:20:40.2881283Z  * [new tag]             0.0.149                -> 0.0.149
job-core	Checkout code	2026-02-16T04:20:40.2881658Z  * [new tag]             0.0.15                 -> 0.0.15
job-core	Checkout code	2026-02-16T04:20:40.2882028Z  * [new tag]             0.0.150                -> 0.0.150
job-core	Checkout code	2026-02-16T04:20:40.2882406Z  * [new tag]             0.0.151                -> 0.0.151
job-core	Checkout code	2026-02-16T04:20:40.2882789Z  * [new tag]             0.0.152                -> 0.0.152
job-core	Checkout code	2026-02-16T04:20:40.2883164Z  * [new tag]             0.0.153                -> 0.0.153
job-core	Checkout code	2026-02-16T04:20:40.2883535Z  * [new tag]             0.0.154                -> 0.0.154
job-core	Checkout code	2026-02-16T04:20:40.2884154Z  * [new tag]             0.0.155                -> 0.0.155
job-core	Checkout code	2026-02-16T04:20:40.2884534Z  * [new tag]             0.0.156                -> 0.0.156
job-core	Checkout code	2026-02-16T04:20:40.2884904Z  * [new tag]             0.0.157                -> 0.0.157
job-core	Checkout code	2026-02-16T04:20:40.2885275Z  * [new tag]             0.0.158                -> 0.0.158
job-core	Checkout code	2026-02-16T04:20:40.2885647Z  * [new tag]             0.0.159                -> 0.0.159
job-core	Checkout code	2026-02-16T04:20:40.2886021Z  * [new tag]             0.0.16                 -> 0.0.16
job-core	Checkout code	2026-02-16T04:20:40.2886410Z  * [new tag]             0.0.160                -> 0.0.160
job-core	Checkout code	2026-02-16T04:20:40.2886790Z  * [new tag]             0.0.161                -> 0.0.161
job-core	Checkout code	2026-02-16T04:20:40.2887161Z  * [new tag]             0.0.162                -> 0.0.162
job-core	Checkout code	2026-02-16T04:20:40.2887542Z  * [new tag]             0.0.163                -> 0.0.163
job-core	Checkout code	2026-02-16T04:20:40.2887917Z  * [new tag]             0.0.164                -> 0.0.164
job-core	Checkout code	2026-02-16T04:20:40.2888289Z  * [new tag]             0.0.165                -> 0.0.165
job-core	Checkout code	2026-02-16T04:20:40.2888668Z  * [new tag]             0.0.166                -> 0.0.166
job-core	Checkout code	2026-02-16T04:20:40.2889045Z  * [new tag]             0.0.167                -> 0.0.167
job-core	Checkout code	2026-02-16T04:20:40.2889419Z  * [new tag]             0.0.168                -> 0.0.168
job-core	Checkout code	2026-02-16T04:20:40.2890299Z  * [new tag]             0.0.169                -> 0.0.169
job-core	Checkout code	2026-02-16T04:20:40.2890685Z  * [new tag]             0.0.17                 -> 0.0.17
job-core	Checkout code	2026-02-16T04:20:40.2891057Z  * [new tag]             0.0.170                -> 0.0.170
job-core	Checkout code	2026-02-16T04:20:40.2891433Z  * [new tag]             0.0.171                -> 0.0.171
job-core	Checkout code	2026-02-16T04:20:40.2891809Z  * [new tag]             0.0.172                -> 0.0.172
job-core	Checkout code	2026-02-16T04:20:40.2892190Z  * [new tag]             0.0.173                -> 0.0.173
job-core	Checkout code	2026-02-16T04:20:40.2892564Z  * [new tag]             0.0.174                -> 0.0.174
job-core	Checkout code	2026-02-16T04:20:40.2892940Z  * [new tag]             0.0.175                -> 0.0.175
job-core	Checkout code	2026-02-16T04:20:40.2893446Z  * [new tag]             0.0.176                -> 0.0.176
job-core	Checkout code	2026-02-16T04:20:40.2893813Z  * [new tag]             0.0.177                -> 0.0.177
job-core	Checkout code	2026-02-16T04:20:40.2894172Z  * [new tag]             0.0.178                -> 0.0.178
job-core	Checkout code	2026-02-16T04:20:40.2894651Z  * [new tag]             0.0.179                -> 0.0.179
job-core	Checkout code	2026-02-16T04:20:40.2895012Z  * [new tag]             0.0.18                 -> 0.0.18
job-core	Checkout code	2026-02-16T04:20:40.2895370Z  * [new tag]             0.0.19                 -> 0.0.19
job-core	Checkout code	2026-02-16T04:20:40.2895727Z  * [new tag]             0.0.2                  -> 0.0.2
job-core	Checkout code	2026-02-16T04:20:40.2896085Z  * [new tag]             0.0.20                 -> 0.0.20
job-core	Checkout code	2026-02-16T04:20:40.2896441Z  * [new tag]             0.0.21                 -> 0.0.21
job-core	Checkout code	2026-02-16T04:20:40.2897013Z  * [new tag]             0.0.22                 -> 0.0.22
job-core	Checkout code	2026-02-16T04:20:40.2897367Z  * [new tag]             0.0.23                 -> 0.0.23
job-core	Checkout code	2026-02-16T04:20:40.2897721Z  * [new tag]             0.0.24                 -> 0.0.24
job-core	Checkout code	2026-02-16T04:20:40.2898081Z  * [new tag]             0.0.25                 -> 0.0.25
job-core	Checkout code	2026-02-16T04:20:40.2898436Z  * [new tag]             0.0.26                 -> 0.0.26
job-core	Checkout code	2026-02-16T04:20:40.2898793Z  * [new tag]             0.0.27                 -> 0.0.27
job-core	Checkout code	2026-02-16T04:20:40.2899145Z  * [new tag]             0.0.28                 -> 0.0.28
job-core	Checkout code	2026-02-16T04:20:40.2899547Z  * [new tag]             0.0.29                 -> 0.0.29
job-core	Checkout code	2026-02-16T04:20:40.2900086Z  * [new tag]             0.0.3                  -> 0.0.3
job-core	Checkout code	2026-02-16T04:20:40.2900567Z  * [new tag]             0.0.30                 -> 0.0.30
job-core	Checkout code	2026-02-16T04:20:40.2900921Z  * [new tag]             0.0.31                 -> 0.0.31
job-core	Checkout code	2026-02-16T04:20:40.2901274Z  * [new tag]             0.0.32                 -> 0.0.32
job-core	Checkout code	2026-02-16T04:20:40.2901632Z  * [new tag]             0.0.33                 -> 0.0.33
job-core	Checkout code	2026-02-16T04:20:40.2901985Z  * [new tag]             0.0.34                 -> 0.0.34
job-core	Checkout code	2026-02-16T04:20:40.2902339Z  * [new tag]             0.0.35                 -> 0.0.35
job-core	Checkout code	2026-02-16T04:20:40.2902892Z  * [new tag]             0.0.36                 -> 0.0.36
job-core	Checkout code	2026-02-16T04:20:40.2903244Z  * [new tag]             0.0.37                 -> 0.0.37
job-core	Checkout code	2026-02-16T04:20:40.2903597Z  * [new tag]             0.0.38                 -> 0.0.38
job-core	Checkout code	2026-02-16T04:20:40.2903955Z  * [new tag]             0.0.39                 -> 0.0.39
job-core	Checkout code	2026-02-16T04:20:40.2904309Z  * [new tag]             0.0.4                  -> 0.0.4
job-core	Checkout code	2026-02-16T04:20:40.2904663Z  * [new tag]             0.0.40                 -> 0.0.40
job-core	Checkout code	2026-02-16T04:20:40.2905015Z  * [new tag]             0.0.41                 -> 0.0.41
job-core	Checkout code	2026-02-16T04:20:40.2905509Z  * [new tag]             0.0.42                 -> 0.0.42
job-core	Checkout code	2026-02-16T04:20:40.2905871Z  * [new tag]             0.0.43                 -> 0.0.43
job-core	Checkout code	2026-02-16T04:20:40.2906241Z  * [new tag]             0.0.44                 -> 0.0.44
job-core	Checkout code	2026-02-16T04:20:40.2906601Z  * [new tag]             0.0.45                 -> 0.0.45
job-core	Checkout code	2026-02-16T04:20:40.2906965Z  * [new tag]             0.0.46                 -> 0.0.46
job-core	Checkout code	2026-02-16T04:20:40.2907330Z  * [new tag]             0.0.47                 -> 0.0.47
job-core	Checkout code	2026-02-16T04:20:40.2907957Z  * [new tag]             0.0.48                 -> 0.0.48
job-core	Checkout code	2026-02-16T04:20:40.2908455Z  * [new tag]             0.0.49                 -> 0.0.49
job-core	Checkout code	2026-02-16T04:20:40.2908820Z  * [new tag]             0.0.5                  -> 0.0.5
job-core	Checkout code	2026-02-16T04:20:40.2909461Z  * [new tag]             0.0.50                 -> 0.0.50
job-core	Checkout code	2026-02-16T04:20:40.2910090Z  * [new tag]             0.0.51                 -> 0.0.51
job-core	Checkout code	2026-02-16T04:20:40.2910590Z  * [new tag]             0.0.52                 -> 0.0.52
job-core	Checkout code	2026-02-16T04:20:40.2910940Z  * [new tag]             0.0.53                 -> 0.0.53
job-core	Checkout code	2026-02-16T04:20:40.2911288Z  * [new tag]             0.0.54                 -> 0.0.54
job-core	Checkout code	2026-02-16T04:20:40.2911631Z  * [new tag]             0.0.55                 -> 0.0.55
job-core	Checkout code	2026-02-16T04:20:40.2911972Z  * [new tag]             0.0.56                 -> 0.0.56
job-core	Checkout code	2026-02-16T04:20:40.2912322Z  * [new tag]             0.0.57                 -> 0.0.57
job-core	Checkout code	2026-02-16T04:20:40.2912669Z  * [new tag]             0.0.58                 -> 0.0.58
job-core	Checkout code	2026-02-16T04:20:40.2913012Z  * [new tag]             0.0.59                 -> 0.0.59
job-core	Checkout code	2026-02-16T04:20:40.2913359Z  * [new tag]             0.0.6                  -> 0.0.6
job-core	Checkout code	2026-02-16T04:20:40.2913709Z  * [new tag]             0.0.60                 -> 0.0.60
job-core	Checkout code	2026-02-16T04:20:40.2914053Z  * [new tag]             0.0.61                 -> 0.0.61
job-core	Checkout code	2026-02-16T04:20:40.2914396Z  * [new tag]             0.0.62                 -> 0.0.62
job-core	Checkout code	2026-02-16T04:20:40.2925792Z  * [new tag]             0.0.63                 -> 0.0.63
job-core	Checkout code	2026-02-16T04:20:40.2926220Z  * [new tag]             0.0.64                 -> 0.0.64
job-core	Checkout code	2026-02-16T04:20:40.2927074Z  * [new tag]             0.0.65                 -> 0.0.65
job-core	Checkout code	2026-02-16T04:20:40.2927428Z  * [new tag]             0.0.66                 -> 0.0.66
job-core	Checkout code	2026-02-16T04:20:40.2927768Z  * [new tag]             0.0.67                 -> 0.0.67
job-core	Checkout code	2026-02-16T04:20:40.2928121Z  * [new tag]             0.0.68                 -> 0.0.68
job-core	Checkout code	2026-02-16T04:20:40.2928460Z  * [new tag]             0.0.69                 -> 0.0.69
job-core	Checkout code	2026-02-16T04:20:40.2928803Z  * [new tag]             0.0.7                  -> 0.0.7
job-core	Checkout code	2026-02-16T04:20:40.2929148Z  * [new tag]             0.0.70                 -> 0.0.70
job-core	Checkout code	2026-02-16T04:20:40.2929553Z  * [new tag]             0.0.71                 -> 0.0.71
job-core	Checkout code	2026-02-16T04:20:40.2930224Z  * [new tag]             0.0.72                 -> 0.0.72
job-core	Checkout code	2026-02-16T04:20:40.2930686Z  * [new tag]             0.0.73                 -> 0.0.73
job-core	Checkout code	2026-02-16T04:20:40.2931022Z  * [new tag]             0.0.74                 -> 0.0.74
job-core	Checkout code	2026-02-16T04:20:40.2931356Z  * [new tag]             0.0.75                 -> 0.0.75
job-core	Checkout code	2026-02-16T04:20:40.2931701Z  * [new tag]             0.0.76                 -> 0.0.76
job-core	Checkout code	2026-02-16T04:20:40.2932046Z  * [new tag]             0.0.77                 -> 0.0.77
job-core	Checkout code	2026-02-16T04:20:40.2932388Z  * [new tag]             0.0.78                 -> 0.0.78
job-core	Checkout code	2026-02-16T04:20:40.2932998Z  * [new tag]             0.0.79                 -> 0.0.79
job-core	Checkout code	2026-02-16T04:20:40.2933342Z  * [new tag]             0.0.8                  -> 0.0.8
job-core	Checkout code	2026-02-16T04:20:40.2933685Z  * [new tag]             0.0.80                 -> 0.0.80
job-core	Checkout code	2026-02-16T04:20:40.2934027Z  * [new tag]             0.0.81                 -> 0.0.81
job-core	Checkout code	2026-02-16T04:20:40.2934364Z  * [new tag]             0.0.82                 -> 0.0.82
job-core	Checkout code	2026-02-16T04:20:40.2934703Z  * [new tag]             0.0.83                 -> 0.0.83
job-core	Checkout code	2026-02-16T04:20:40.2935046Z  * [new tag]             0.0.84                 -> 0.0.84
job-core	Checkout code	2026-02-16T04:20:40.2935387Z  * [new tag]             0.0.85                 -> 0.0.85
job-core	Checkout code	2026-02-16T04:20:40.2935732Z  * [new tag]             0.0.86                 -> 0.0.86
job-core	Checkout code	2026-02-16T04:20:40.2936079Z  * [new tag]             0.0.87                 -> 0.0.87
job-core	Checkout code	2026-02-16T04:20:40.2936421Z  * [new tag]             0.0.88                 -> 0.0.88
job-core	Checkout code	2026-02-16T04:20:40.2936755Z  * [new tag]             0.0.89                 -> 0.0.89
job-core	Checkout code	2026-02-16T04:20:40.2937105Z  * [new tag]             0.0.9                  -> 0.0.9
job-core	Checkout code	2026-02-16T04:20:40.2937449Z  * [new tag]             0.0.90                 -> 0.0.90
job-core	Checkout code	2026-02-16T04:20:40.2937793Z  * [new tag]             0.0.91                 -> 0.0.91
job-core	Checkout code	2026-02-16T04:20:40.2938131Z  * [new tag]             0.0.92                 -> 0.0.92
job-core	Checkout code	2026-02-16T04:20:40.2938474Z  * [new tag]             0.0.93                 -> 0.0.93
job-core	Checkout code	2026-02-16T04:20:40.2938817Z  * [new tag]             0.0.94                 -> 0.0.94
job-core	Checkout code	2026-02-16T04:20:40.2939157Z  * [new tag]             0.0.95                 -> 0.0.95
job-core	Checkout code	2026-02-16T04:20:40.2939540Z  * [new tag]             0.0.96                 -> 0.0.96
job-core	Checkout code	2026-02-16T04:20:40.2940073Z  * [new tag]             0.0.97                 -> 0.0.97
job-core	Checkout code	2026-02-16T04:20:40.2940661Z  * [new tag]             0.0.98                 -> 0.0.98
job-core	Checkout code	2026-02-16T04:20:40.2941003Z  * [new tag]             0.0.99                 -> 0.0.99
job-core	Checkout code	2026-02-16T04:20:40.2941343Z  * [new tag]             0.1.0                  -> 0.1.0
job-core	Checkout code	2026-02-16T04:20:40.2941687Z  * [new tag]             0.1.1                  -> 0.1.1
job-core	Checkout code	2026-02-16T04:20:40.2942048Z  * [new tag]             0.2.0                  -> 0.2.0
job-core	Checkout code	2026-02-16T04:20:40.2942392Z  * [new tag]             0.3.0                  -> 0.3.0
job-core	Checkout code	2026-02-16T04:20:40.2942730Z  * [new tag]             0.3.1                  -> 0.3.1
job-core	Checkout code	2026-02-16T04:20:40.2943072Z  * [new tag]             0.3.10                 -> 0.3.10
job-core	Checkout code	2026-02-16T04:20:40.2943417Z  * [new tag]             0.3.11                 -> 0.3.11
job-core	Checkout code	2026-02-16T04:20:40.2943759Z  * [new tag]             0.3.12                 -> 0.3.12
job-core	Checkout code	2026-02-16T04:20:40.2944104Z  * [new tag]             0.3.13                 -> 0.3.13
job-core	Checkout code	2026-02-16T04:20:40.2944645Z  * [new tag]             0.3.14                 -> 0.3.14
job-core	Checkout code	2026-02-16T04:20:40.2944988Z  * [new tag]             0.3.15                 -> 0.3.15
job-core	Checkout code	2026-02-16T04:20:40.2945332Z  * [new tag]             0.3.16                 -> 0.3.16
job-core	Checkout code	2026-02-16T04:20:40.2945682Z  * [new tag]             0.3.17                 -> 0.3.17
job-core	Checkout code	2026-02-16T04:20:40.2946026Z  * [new tag]             0.3.2                  -> 0.3.2
job-core	Checkout code	2026-02-16T04:20:40.2946362Z  * [new tag]             0.3.3                  -> 0.3.3
job-core	Checkout code	2026-02-16T04:20:40.2946704Z  * [new tag]             0.3.4                  -> 0.3.4
job-core	Checkout code	2026-02-16T04:20:40.2947047Z  * [new tag]             0.3.5                  -> 0.3.5
job-core	Checkout code	2026-02-16T04:20:40.2947387Z  * [new tag]             0.3.6                  -> 0.3.6
job-core	Checkout code	2026-02-16T04:20:40.2947727Z  * [new tag]             0.3.7                  -> 0.3.7
job-core	Checkout code	2026-02-16T04:20:40.2948064Z  * [new tag]             0.3.8                  -> 0.3.8
job-core	Checkout code	2026-02-16T04:20:40.2948403Z  * [new tag]             0.3.9                  -> 0.3.9
job-core	Checkout code	2026-02-16T04:20:40.2948747Z  * [new tag]             0.4.0                  -> 0.4.0
job-core	Checkout code	2026-02-16T04:20:40.2949082Z  * [new tag]             0.4.1                  -> 0.4.1
job-core	Checkout code	2026-02-16T04:20:40.2949420Z  * [new tag]             0.4.2                  -> 0.4.2
job-core	Checkout code	2026-02-16T04:20:40.2950269Z  * [new tag]             0.4.3                  -> 0.4.3
job-core	Checkout code	2026-02-16T04:20:40.2950629Z  * [new tag]             0.4.4                  -> 0.4.4
job-core	Checkout code	2026-02-16T04:20:40.2951096Z  * [new tag]             0.4.5                  -> 0.4.5
job-core	Checkout code	2026-02-16T04:20:40.2951433Z  * [new tag]             0.4.6                  -> 0.4.6
job-core	Checkout code	2026-02-16T04:20:40.2951771Z  * [new tag]             0.4.7                  -> 0.4.7
job-core	Checkout code	2026-02-16T04:20:40.2952105Z  * [new tag]             0.4.8                  -> 0.4.8
job-core	Checkout code	2026-02-16T04:20:40.2952452Z  * [new tag]             0.4.9                  -> 0.4.9
job-core	Checkout code	2026-02-16T04:20:40.2952792Z  * [new tag]             0.5.0                  -> 0.5.0
job-core	Checkout code	2026-02-16T04:20:40.2953133Z  * [new tag]             0.5.1                  -> 0.5.1
job-core	Checkout code	2026-02-16T04:20:40.2953479Z  * [new tag]             0.5.2                  -> 0.5.2
job-core	Checkout code	2026-02-16T04:20:40.2953820Z  * [new tag]             0.6.0                  -> 0.6.0
job-core	Checkout code	2026-02-16T04:20:40.2954164Z  * [new tag]             0.6.1                  -> 0.6.1
job-core	Checkout code	2026-02-16T04:20:40.2954506Z  * [new tag]             0.6.2                  -> 0.6.2
job-core	Checkout code	2026-02-16T04:20:40.3234063Z [command]/usr/bin/git branch --list --remote origin/main
job-core	Checkout code	2026-02-16T04:20:40.3311588Z   origin/main
job-core	Checkout code	2026-02-16T04:20:40.3323780Z [command]/usr/bin/git rev-parse refs/remotes/origin/main
job-core	Checkout code	2026-02-16T04:20:40.3354115Z 3dab421392e7c04ff2789dddf7e446ef04bb50bd
job-core	Checkout code	2026-02-16T04:20:40.3360979Z ##[endgroup]
job-core	Checkout code	2026-02-16T04:20:40.3361418Z ##[group]Determining the checkout info
job-core	Checkout code	2026-02-16T04:20:40.3361883Z ##[endgroup]
job-core	Checkout code	2026-02-16T04:20:40.3367430Z [command]/usr/bin/git sparse-checkout disable
job-core	Checkout code	2026-02-16T04:20:40.3472504Z [command]/usr/bin/git config --local --unset-all extensions.worktreeConfig
job-core	Checkout code	2026-02-16T04:20:40.3626384Z ##[group]Checking out the ref
job-core	Checkout code	2026-02-16T04:20:40.3648704Z [command]/usr/bin/git checkout --progress --force -B main refs/remotes/origin/main
job-core	Checkout code	2026-02-16T04:20:40.6496429Z Switched to a new branch 'main'
job-core	Checkout code	2026-02-16T04:20:40.6500816Z branch 'main' set up to track 'origin/main'.
job-core	Checkout code	2026-02-16T04:20:40.6542511Z ##[endgroup]
job-core	Checkout code	2026-02-16T04:20:40.6605070Z [command]/usr/bin/git log -1 --format=%H
job-core	Checkout code	2026-02-16T04:20:40.6647039Z 3dab421392e7c04ff2789dddf7e446ef04bb50bd
job-core	Install GH CLI	Ôªø2026-02-16T04:20:40.6962310Z Prepare all required actions
job-core	Install GH CLI	2026-02-16T04:20:40.7013851Z ##[group]Run ./.github/actions/install-gh-cli
job-core	Install GH CLI	2026-02-16T04:20:40.7014188Z env:
job-core	Install GH CLI	2026-02-16T04:20:40.7014380Z   PYTHON_VERSION: 3.9
job-core	Install GH CLI	2026-02-16T04:20:40.7015380Z   MONGO_SUPERUSER_CONNECTION: ***
job-core	Install GH CLI	2026-02-16T04:20:40.7015772Z   MONGO_NEW_PASS: ***
job-core	Install GH CLI	2026-02-16T04:20:40.7016088Z   MONGO_SCRIPT_CREATE: devops/core/mongo/scripts/add-doc-to-db.py
job-core	Install GH CLI	2026-02-16T04:20:40.7016460Z   KAOS_CODE: 22049983460
job-core	Install GH CLI	2026-02-16T04:20:40.7016722Z   KAOS_MODULE: [Ka0s] Autom add docs to MongoDB
job-core	Install GH CLI	2026-02-16T04:20:40.7017022Z   REPORT_SCAN: audit/
job-core	Install GH CLI	2026-02-16T04:20:40.7017534Z   REPORT_PATH: audit/mongodb/
job-core	Install GH CLI	2026-02-16T04:20:40.7017816Z   REPORT_FILENAME: mongo_setup_22049983460.json
job-core	Install GH CLI	2026-02-16T04:20:40.7018154Z   REPORT_FILENAME_LIST: mongo_list_22049983460.json
job-core	Install GH CLI	2026-02-16T04:20:40.7018505Z   REPORT_FILENAME_DB: mongo_create_db_22049983460.json
job-core	Install GH CLI	2026-02-16T04:20:40.7018821Z   GITHUB_OUTPUT: 
job-core	Install GH CLI	2026-02-16T04:20:40.7019027Z ##[endgroup]
job-core	Install GH CLI	2026-02-16T04:20:40.7114354Z ##[group]Run type -p curl >/dev/null || (sudo apt-get update && sudo apt-get install curl -y)
job-core	Install GH CLI	2026-02-16T04:20:40.7115094Z [36;1mtype -p curl >/dev/null || (sudo apt-get update && sudo apt-get install curl -y)[0m
job-core	Install GH CLI	2026-02-16T04:20:40.7116077Z [36;1mcurl -fsSL https://cli.github.com/packages/githubcli-archive-keyring.gpg | sudo dd of=/usr/share/keyrings/githubcli-archive-keyring.gpg \[0m
job-core	Install GH CLI	2026-02-16T04:20:40.7116873Z [36;1m&& sudo chmod go+r /usr/share/keyrings/githubcli-archive-keyring.gpg \[0m
job-core	Install GH CLI	2026-02-16T04:20:40.7117924Z [36;1m&& echo "deb [arch=$(dpkg --print-architecture) signed-by=/usr/share/keyrings/githubcli-archive-keyring.gpg] https://cli.github.com/packages stable main" | sudo tee /etc/apt/sources.list.d/github-cli.list > /dev/null \[0m
job-core	Install GH CLI	2026-02-16T04:20:40.7118893Z [36;1m&& sudo apt-get update \[0m
job-core	Install GH CLI	2026-02-16T04:20:40.7119185Z [36;1m&& sudo apt-get install gh -y[0m
job-core	Install GH CLI	2026-02-16T04:20:40.7137184Z shell: /usr/bin/bash --noprofile --norc -e -o pipefail {0}
job-core	Install GH CLI	2026-02-16T04:20:40.7137669Z env:
job-core	Install GH CLI	2026-02-16T04:20:40.7137863Z   PYTHON_VERSION: 3.9
job-core	Install GH CLI	2026-02-16T04:20:40.7138706Z   MONGO_SUPERUSER_CONNECTION: ***
job-core	Install GH CLI	2026-02-16T04:20:40.7139084Z   MONGO_NEW_PASS: ***
job-core	Install GH CLI	2026-02-16T04:20:40.7139390Z   MONGO_SCRIPT_CREATE: devops/core/mongo/scripts/add-doc-to-db.py
job-core	Install GH CLI	2026-02-16T04:20:40.7140217Z   KAOS_CODE: 22049983460
job-core	Install GH CLI	2026-02-16T04:20:40.7140479Z   KAOS_MODULE: [Ka0s] Autom add docs to MongoDB
job-core	Install GH CLI	2026-02-16T04:20:40.7140777Z   REPORT_SCAN: audit/
job-core	Install GH CLI	2026-02-16T04:20:40.7141117Z   REPORT_PATH: audit/mongodb/
job-core	Install GH CLI	2026-02-16T04:20:40.7141383Z   REPORT_FILENAME: mongo_setup_22049983460.json
job-core	Install GH CLI	2026-02-16T04:20:40.7141710Z   REPORT_FILENAME_LIST: mongo_list_22049983460.json
job-core	Install GH CLI	2026-02-16T04:20:40.7142050Z   REPORT_FILENAME_DB: mongo_create_db_22049983460.json
job-core	Install GH CLI	2026-02-16T04:20:40.7142348Z   GITHUB_OUTPUT: 
job-core	Install GH CLI	2026-02-16T04:20:40.7142547Z ##[endgroup]
job-core	Install GH CLI	2026-02-16T04:20:40.8280206Z 4+1 records in
job-core	Install GH CLI	2026-02-16T04:20:40.8280487Z 4+1 records out
job-core	Install GH CLI	2026-02-16T04:20:40.8280773Z 2270 bytes (2.3 kB, 2.2 KiB) copied, 0.0886003 s, 25.6 kB/s
job-core	Install GH CLI	2026-02-16T04:20:41.0366149Z Get:1 http://security.ubuntu.com/ubuntu noble-security InRelease [126 kB]
job-core	Install GH CLI	2026-02-16T04:20:41.0431940Z Get:2 https://cli.github.com/packages stable InRelease [3917 B]
job-core	Install GH CLI	2026-02-16T04:20:41.1616017Z Get:3 https://cli.github.com/packages stable/main amd64 Packages [356 B]
job-core	Install GH CLI	2026-02-16T04:20:41.1882200Z Get:4 https://ppa.launchpadcontent.net/git-core/ppa/ubuntu noble InRelease [24.3 kB]
job-core	Install GH CLI	2026-02-16T04:20:41.1914725Z Get:5 http://archive.ubuntu.com/ubuntu noble InRelease [256 kB]
job-core	Install GH CLI	2026-02-16T04:20:41.2472032Z Get:6 http://security.ubuntu.com/ubuntu noble-security/universe amd64 Packages [1200 kB]
job-core	Install GH CLI	2026-02-16T04:20:41.3181979Z Get:7 https://ppa.launchpadcontent.net/git-core/ppa/ubuntu noble/main amd64 Packages [2992 B]
job-core	Install GH CLI	2026-02-16T04:20:41.3757206Z Get:8 http://security.ubuntu.com/ubuntu noble-security/main amd64 Packages [1824 kB]
job-core	Install GH CLI	2026-02-16T04:20:41.4093523Z Get:9 http://security.ubuntu.com/ubuntu noble-security/restricted amd64 Packages [3115 kB]
job-core	Install GH CLI	2026-02-16T04:20:41.4446371Z Get:10 http://security.ubuntu.com/ubuntu noble-security/multiverse amd64 Packages [34.8 kB]
job-core	Install GH CLI	2026-02-16T04:20:41.7736009Z Get:11 http://archive.ubuntu.com/ubuntu noble-updates InRelease [126 kB]
job-core	Install GH CLI	2026-02-16T04:20:41.9174355Z Get:12 http://archive.ubuntu.com/ubuntu noble-backports InRelease [126 kB]
job-core	Install GH CLI	2026-02-16T04:20:42.0615877Z Get:13 http://archive.ubuntu.com/ubuntu noble/restricted amd64 Packages [117 kB]
job-core	Install GH CLI	2026-02-16T04:20:42.0977617Z Get:14 http://archive.ubuntu.com/ubuntu noble/universe amd64 Packages [19.3 MB]
job-core	Install GH CLI	2026-02-16T04:20:42.9242562Z Get:15 http://archive.ubuntu.com/ubuntu noble/main amd64 Packages [1808 kB]
job-core	Install GH CLI	2026-02-16T04:20:42.9584369Z Get:16 http://archive.ubuntu.com/ubuntu noble/multiverse amd64 Packages [331 kB]
job-core	Install GH CLI	2026-02-16T04:20:42.9617112Z Get:17 http://archive.ubuntu.com/ubuntu noble-updates/universe amd64 Packages [1979 kB]
job-core	Install GH CLI	2026-02-16T04:20:42.9879978Z Get:18 http://archive.ubuntu.com/ubuntu noble-updates/multiverse amd64 Packages [38.1 kB]
job-core	Install GH CLI	2026-02-16T04:20:42.9892428Z Get:19 http://archive.ubuntu.com/ubuntu noble-updates/main amd64 Packages [2203 kB]
job-core	Install GH CLI	2026-02-16T04:20:43.0647406Z Get:20 http://archive.ubuntu.com/ubuntu noble-updates/restricted amd64 Packages [3295 kB]
job-core	Install GH CLI	2026-02-16T04:20:43.1559024Z Get:21 http://archive.ubuntu.com/ubuntu noble-backports/main amd64 Packages [49.5 kB]
job-core	Install GH CLI	2026-02-16T04:20:43.1564142Z Get:22 http://archive.ubuntu.com/ubuntu noble-backports/universe amd64 Packages [34.6 kB]
job-core	Install GH CLI	2026-02-16T04:20:44.1705361Z Fetched 36.0 MB in 3s (11.2 MB/s)
job-core	Install GH CLI	2026-02-16T04:20:45.0964636Z Reading package lists...
job-core	Install GH CLI	2026-02-16T04:20:46.0597239Z Reading package lists...
job-core	Install GH CLI	2026-02-16T04:20:46.2822961Z Building dependency tree...
job-core	Install GH CLI	2026-02-16T04:20:46.2823360Z Reading state information...
job-core	Install GH CLI	2026-02-16T04:20:46.6315554Z The following NEW packages will be installed:
job-core	Install GH CLI	2026-02-16T04:20:46.6335414Z   gh
job-core	Install GH CLI	2026-02-16T04:20:46.7293345Z 0 upgraded, 1 newly installed, 0 to remove and 20 not upgraded.
job-core	Install GH CLI	2026-02-16T04:20:46.7293999Z Need to get 13.7 MB of archives.
job-core	Install GH CLI	2026-02-16T04:20:46.7294599Z After this operation, 37.9 MB of additional disk space will be used.
job-core	Install GH CLI	2026-02-16T04:20:46.7295533Z Get:1 https://cli.github.com/packages stable/main amd64 gh amd64 2.86.0 [13.7 MB]
job-core	Install GH CLI	2026-02-16T04:20:47.0917369Z debconf: delaying package configuration, since apt-utils is not installed
job-core	Install GH CLI	2026-02-16T04:20:47.1324140Z Fetched 13.7 MB in 0s (46.8 MB/s)
job-core	Install GH CLI	2026-02-16T04:20:47.1581977Z Selecting previously unselected package gh.
job-core	Install GH CLI	2026-02-16T04:20:47.1618247Z (Reading database ... 
job-core	Install GH CLI	2026-02-16T04:20:47.1618526Z (Reading database ... 5%
job-core	Install GH CLI	2026-02-16T04:20:47.1618777Z (Reading database ... 10%
job-core	Install GH CLI	2026-02-16T04:20:47.1619015Z (Reading database ... 15%
job-core	Install GH CLI	2026-02-16T04:20:47.1619285Z (Reading database ... 20%
job-core	Install GH CLI	2026-02-16T04:20:47.1619723Z (Reading database ... 25%
job-core	Install GH CLI	2026-02-16T04:20:47.1619973Z (Reading database ... 30%
job-core	Install GH CLI	2026-02-16T04:20:47.1620211Z (Reading database ... 35%
job-core	Install GH CLI	2026-02-16T04:20:47.1620447Z (Reading database ... 40%
job-core	Install GH CLI	2026-02-16T04:20:47.1620681Z (Reading database ... 45%
job-core	Install GH CLI	2026-02-16T04:20:47.1620921Z (Reading database ... 50%
job-core	Install GH CLI	2026-02-16T04:20:47.1621164Z (Reading database ... 55%
job-core	Install GH CLI	2026-02-16T04:20:47.1621401Z (Reading database ... 60%
job-core	Install GH CLI	2026-02-16T04:20:47.1626276Z (Reading database ... 65%
job-core	Install GH CLI	2026-02-16T04:20:47.1646227Z (Reading database ... 70%
job-core	Install GH CLI	2026-02-16T04:20:47.1651928Z (Reading database ... 75%
job-core	Install GH CLI	2026-02-16T04:20:47.1664546Z (Reading database ... 80%
job-core	Install GH CLI	2026-02-16T04:20:47.1668958Z (Reading database ... 85%
job-core	Install GH CLI	2026-02-16T04:20:47.1678952Z (Reading database ... 90%
job-core	Install GH CLI	2026-02-16T04:20:47.1697072Z (Reading database ... 95%
job-core	Install GH CLI	2026-02-16T04:20:47.1697362Z (Reading database ... 100%
job-core	Install GH CLI	2026-02-16T04:20:47.1699013Z (Reading database ... 14385 files and directories currently installed.)
job-core	Install GH CLI	2026-02-16T04:20:47.1703165Z Preparing to unpack .../archives/gh_2.86.0_amd64.deb ...
job-core	Install GH CLI	2026-02-16T04:20:47.1733759Z Unpacking gh (2.86.0) ...
job-core	Install GH CLI	2026-02-16T04:20:47.3947731Z Setting up gh (2.86.0) ...
job-core	Set up Python	Ôªø2026-02-16T04:20:47.4514628Z ##[group]Run actions/setup-python@v4
job-core	Set up Python	2026-02-16T04:20:47.4514980Z with:
job-core	Set up Python	2026-02-16T04:20:47.4515192Z   python-version: 3.9
job-core	Set up Python	2026-02-16T04:20:47.4515447Z   check-latest: false
job-core	Set up Python	2026-02-16T04:20:47.4515842Z   token: ***
job-core	Set up Python	2026-02-16T04:20:47.4516074Z   update-environment: true
job-core	Set up Python	2026-02-16T04:20:47.4516351Z   allow-prereleases: false
job-core	Set up Python	2026-02-16T04:20:47.4516603Z env:
job-core	Set up Python	2026-02-16T04:20:47.4516804Z   PYTHON_VERSION: 3.9
job-core	Set up Python	2026-02-16T04:20:47.4517552Z   MONGO_SUPERUSER_CONNECTION: ***
job-core	Set up Python	2026-02-16T04:20:47.4517971Z   MONGO_NEW_PASS: ***
job-core	Set up Python	2026-02-16T04:20:47.4518317Z   MONGO_SCRIPT_CREATE: devops/core/mongo/scripts/add-doc-to-db.py
job-core	Set up Python	2026-02-16T04:20:47.4518720Z   KAOS_CODE: 22049983460
job-core	Set up Python	2026-02-16T04:20:47.4518998Z   KAOS_MODULE: [Ka0s] Autom add docs to MongoDB
job-core	Set up Python	2026-02-16T04:20:47.4519328Z   REPORT_SCAN: audit/
job-core	Set up Python	2026-02-16T04:20:47.4520122Z   REPORT_PATH: audit/mongodb/
job-core	Set up Python	2026-02-16T04:20:47.4520429Z   REPORT_FILENAME: mongo_setup_22049983460.json
job-core	Set up Python	2026-02-16T04:20:47.4520797Z   REPORT_FILENAME_LIST: mongo_list_22049983460.json
job-core	Set up Python	2026-02-16T04:20:47.4521224Z   REPORT_FILENAME_DB: mongo_create_db_22049983460.json
job-core	Set up Python	2026-02-16T04:20:47.4521569Z   GITHUB_OUTPUT: 
job-core	Set up Python	2026-02-16T04:20:47.4521794Z ##[endgroup]
job-core	Set up Python	2026-02-16T04:20:47.6492622Z ##[group]Installed versions
job-core	Set up Python	2026-02-16T04:20:47.6506097Z Version 3.9 was not found in the local cache
job-core	Set up Python	2026-02-16T04:20:48.7373505Z Version 3.9 is available for downloading
job-core	Set up Python	2026-02-16T04:20:48.7374439Z Download from "https://github.com/actions/python-versions/releases/download/3.9.25-19039189640/python-3.9.25-linux-24.04-x64.tar.gz"
job-core	Set up Python	2026-02-16T04:20:50.3663905Z Extract downloaded archive
job-core	Set up Python	2026-02-16T04:20:50.3847618Z [command]/usr/bin/tar xz --warning=no-unknown-keyword -C /home/runner/_work/_temp/0fa678b5-4bda-49dd-8dd9-93e78baee0f9 -f /home/runner/_work/_temp/cb056265-3f81-4a81-98ba-d73527c38f68
job-core	Set up Python	2026-02-16T04:20:51.9277192Z Execute installation script
job-core	Set up Python	2026-02-16T04:20:51.9385466Z Check if Python hostedtoolcache folder exist...
job-core	Set up Python	2026-02-16T04:20:51.9385892Z Creating Python hostedtoolcache folder...
job-core	Set up Python	2026-02-16T04:20:51.9399318Z Create Python 3.9.25 folder
job-core	Set up Python	2026-02-16T04:20:51.9417224Z Copy Python binaries to hostedtoolcache folder
job-core	Set up Python	2026-02-16T04:20:52.8684568Z Create additional symlinks (Required for the UsePythonVersion Azure Pipelines task and the setup-python GitHub Action)
job-core	Set up Python	2026-02-16T04:20:52.8733876Z Upgrading pip...
job-core	Set up Python	2026-02-16T04:20:54.8492709Z Looking in links: /tmp/tmpokii261z
job-core	Set up Python	2026-02-16T04:20:54.8497844Z Requirement already satisfied: setuptools in /home/runner/_work/_tool/Python/3.9.25/x64/lib/python3.9/site-packages (79.0.1)
job-core	Set up Python	2026-02-16T04:20:54.8503671Z Requirement already satisfied: pip in /home/runner/_work/_tool/Python/3.9.25/x64/lib/python3.9/site-packages (23.0.1)
job-core	Set up Python	2026-02-16T04:20:56.1260065Z Collecting pip
job-core	Set up Python	2026-02-16T04:20:56.1776020Z Downloading pip-26.0.1-py3-none-any.whl (1.8 MB)
job-core	Set up Python	2026-02-16T04:20:56.2443536Z ‚îÅ‚îÅ‚îÅ‚îÅ‚îÅ‚îÅ‚îÅ‚îÅ‚îÅ‚îÅ‚îÅ‚îÅ‚îÅ‚îÅ‚îÅ‚îÅ‚îÅ‚îÅ‚îÅ‚îÅ‚îÅ‚îÅ‚îÅ‚îÅ‚îÅ‚îÅ‚îÅ‚îÅ‚îÅ‚îÅ‚îÅ‚îÅ‚îÅ‚îÅ‚îÅ‚îÅ‚îÅ‚îÅ‚îÅ‚îÅ 1.8/1.8 MB 28.4 MB/s eta 0:00:00
job-core	Set up Python	2026-02-16T04:20:56.2444249Z 
job-core	Set up Python	2026-02-16T04:20:56.3125980Z Installing collected packages: pip
job-core	Set up Python	2026-02-16T04:20:56.3126366Z Attempting uninstall: pip
job-core	Set up Python	2026-02-16T04:20:56.3134702Z Found existing installation: pip 23.0.1
job-core	Set up Python	2026-02-16T04:20:56.6260582Z Uninstalling pip-23.0.1:
job-core	Set up Python	2026-02-16T04:20:56.6365506Z Successfully uninstalled pip-23.0.1
job-core	Set up Python	2026-02-16T04:20:57.5730233Z Successfully installed pip-26.0.1
job-core	Set up Python	2026-02-16T04:20:57.6652621Z Create complete file
job-core	Set up Python	2026-02-16T04:20:57.6732936Z Successfully set up CPython (3.9.25)
job-core	Set up Python	2026-02-16T04:20:57.6735152Z ##[endgroup]
job-core	Install dependencies	Ôªø2026-02-16T04:20:57.6944426Z ##[group]Run pip install pymongo
job-core	Install dependencies	2026-02-16T04:20:57.6944775Z [36;1mpip install pymongo[0m
job-core	Install dependencies	2026-02-16T04:20:57.6962622Z shell: /usr/bin/bash -e {0}
job-core	Install dependencies	2026-02-16T04:20:57.6962918Z env:
job-core	Install dependencies	2026-02-16T04:20:57.6963128Z   PYTHON_VERSION: 3.9
job-core	Install dependencies	2026-02-16T04:20:57.6963928Z   MONGO_SUPERUSER_CONNECTION: ***
job-core	Install dependencies	2026-02-16T04:20:57.6964324Z   MONGO_NEW_PASS: ***
job-core	Install dependencies	2026-02-16T04:20:57.6964664Z   MONGO_SCRIPT_CREATE: devops/core/mongo/scripts/add-doc-to-db.py
job-core	Install dependencies	2026-02-16T04:20:57.6965038Z   KAOS_CODE: 22049983460
job-core	Install dependencies	2026-02-16T04:20:57.6965299Z   KAOS_MODULE: [Ka0s] Autom add docs to MongoDB
job-core	Install dependencies	2026-02-16T04:20:57.6965603Z   REPORT_SCAN: audit/
job-core	Install dependencies	2026-02-16T04:20:57.6965831Z   REPORT_PATH: audit/mongodb/
job-core	Install dependencies	2026-02-16T04:20:57.6966108Z   REPORT_FILENAME: mongo_setup_22049983460.json
job-core	Install dependencies	2026-02-16T04:20:57.6966447Z   REPORT_FILENAME_LIST: mongo_list_22049983460.json
job-core	Install dependencies	2026-02-16T04:20:57.6966813Z   REPORT_FILENAME_DB: mongo_create_db_22049983460.json
job-core	Install dependencies	2026-02-16T04:20:57.6967130Z   GITHUB_OUTPUT: 
job-core	Install dependencies	2026-02-16T04:20:57.6967422Z   pythonLocation: /home/runner/_work/_tool/Python/3.9.25/x64
job-core	Install dependencies	2026-02-16T04:20:57.6967945Z   PKG_CONFIG_PATH: /home/runner/_work/_tool/Python/3.9.25/x64/lib/pkgconfig
job-core	Install dependencies	2026-02-16T04:20:57.6968415Z   Python_ROOT_DIR: /home/runner/_work/_tool/Python/3.9.25/x64
job-core	Install dependencies	2026-02-16T04:20:57.6968839Z   Python2_ROOT_DIR: /home/runner/_work/_tool/Python/3.9.25/x64
job-core	Install dependencies	2026-02-16T04:20:57.6969864Z   Python3_ROOT_DIR: /home/runner/_work/_tool/Python/3.9.25/x64
job-core	Install dependencies	2026-02-16T04:20:57.6970299Z   LD_LIBRARY_PATH: /home/runner/_work/_tool/Python/3.9.25/x64/lib
job-core	Install dependencies	2026-02-16T04:20:57.6970650Z ##[endgroup]
job-core	Install dependencies	2026-02-16T04:20:58.5665601Z Collecting pymongo
job-core	Install dependencies	2026-02-16T04:20:58.6267902Z   Downloading pymongo-4.16.0-cp39-cp39-manylinux2014_x86_64.manylinux_2_17_x86_64.manylinux_2_28_x86_64.whl.metadata (10.0 kB)
job-core	Install dependencies	2026-02-16T04:20:58.6560206Z Collecting dnspython<3.0.0,>=2.6.1 (from pymongo)
job-core	Install dependencies	2026-02-16T04:20:58.6612284Z   Downloading dnspython-2.7.0-py3-none-any.whl.metadata (5.8 kB)
job-core	Install dependencies	2026-02-16T04:20:58.6766844Z Downloading pymongo-4.16.0-cp39-cp39-manylinux2014_x86_64.manylinux_2_17_x86_64.manylinux_2_28_x86_64.whl (947 kB)
job-core	Install dependencies	2026-02-16T04:20:58.7143066Z    ‚îÅ‚îÅ‚îÅ‚îÅ‚îÅ‚îÅ‚îÅ‚îÅ‚îÅ‚îÅ‚îÅ‚îÅ‚îÅ‚îÅ‚îÅ‚îÅ‚îÅ‚îÅ‚îÅ‚îÅ‚îÅ‚îÅ‚îÅ‚îÅ‚îÅ‚îÅ‚îÅ‚îÅ‚îÅ‚îÅ‚îÅ‚îÅ‚îÅ‚îÅ‚îÅ‚îÅ‚îÅ‚îÅ‚îÅ‚îÅ 947.2/947.2 kB 33.5 MB/s  0:00:00
job-core	Install dependencies	2026-02-16T04:20:58.7210127Z Downloading dnspython-2.7.0-py3-none-any.whl (313 kB)
job-core	Install dependencies	2026-02-16T04:20:58.8614110Z Installing collected packages: dnspython, pymongo
job-core	Install dependencies	2026-02-16T04:20:59.4160451Z 
job-core	Install dependencies	2026-02-16T04:20:59.4193645Z Successfully installed dnspython-2.7.0 pymongo-4.16.0
job-core	Create database MongoDB	Ôªø2026-02-16T04:20:59.6295348Z ##[group]Run python devops/core/mongo/scripts/add-doc-to-db.py
job-core	Create database MongoDB	2026-02-16T04:20:59.6295879Z [36;1mpython devops/core/mongo/scripts/add-doc-to-db.py[0m
job-core	Create database MongoDB	2026-02-16T04:20:59.6296444Z [36;1mecho "Downloading files to MongoDB update repository ..."[0m
job-core	Create database MongoDB	2026-02-16T04:20:59.6296936Z [36;1mgit config --global user.name "***"[0m
job-core	Create database MongoDB	2026-02-16T04:20:59.6297291Z [36;1mgit config --global user.email "***"[0m
job-core	Create database MongoDB	2026-02-16T04:20:59.6297580Z [36;1mgit pull[0m
job-core	Create database MongoDB	2026-02-16T04:20:59.6297890Z [36;1mecho "[Ka0s] Uploading files to MongoDB update repository ..."[0m
job-core	Create database MongoDB	2026-02-16T04:20:59.6298267Z [36;1mgit add audit/[0m
job-core	Create database MongoDB	2026-02-16T04:20:59.6298694Z [36;1mgit commit -m "[Ka0S] Uploading Autom add docs to MongoDB..." || echo "No changes to commit"[0m
job-core	Create database MongoDB	2026-02-16T04:20:59.6299163Z [36;1mMAX_RETRIES=3[0m
job-core	Create database MongoDB	2026-02-16T04:20:59.6299381Z [36;1mCOUNT=0[0m
job-core	Create database MongoDB	2026-02-16T04:20:59.6300075Z [36;1muntil git push origin refs/heads/main --force-with-lease; do[0m
job-core	Create database MongoDB	2026-02-16T04:20:59.6300466Z [36;1m  COUNT=$((COUNT+1))[0m
job-core	Create database MongoDB	2026-02-16T04:20:59.6300897Z [36;1m  if [ $COUNT -ge $MAX_RETRIES ]; then[0m
job-core	Create database MongoDB	2026-02-16T04:20:59.6301282Z [36;1m    echo "‚ùå Error: git push failed after $MAX_RETRIES attempts."[0m
job-core	Create database MongoDB	2026-02-16T04:20:59.6309731Z [36;1m    exit 1[0m
job-core	Create database MongoDB	2026-02-16T04:20:59.6310227Z [36;1m  fi[0m
job-core	Create database MongoDB	2026-02-16T04:20:59.6310536Z [36;1m  echo "‚ö†Ô∏è git push failed, retrying ($COUNT/$MAX_RETRIES)..."[0m
job-core	Create database MongoDB	2026-02-16T04:20:59.6311114Z [36;1m  git pull[0m
job-core	Create database MongoDB	2026-02-16T04:20:59.6311320Z [36;1m  sleep 2[0m
job-core	Create database MongoDB	2026-02-16T04:20:59.6311514Z [36;1mdone[0m
job-core	Create database MongoDB	2026-02-16T04:20:59.6325561Z shell: /usr/bin/bash -e {0}
job-core	Create database MongoDB	2026-02-16T04:20:59.6325810Z env:
job-core	Create database MongoDB	2026-02-16T04:20:59.6326013Z   PYTHON_VERSION: 3.9
job-core	Create database MongoDB	2026-02-16T04:20:59.6326777Z   MONGO_SUPERUSER_CONNECTION: ***
job-core	Create database MongoDB	2026-02-16T04:20:59.6327168Z   MONGO_NEW_PASS: ***
job-core	Create database MongoDB	2026-02-16T04:20:59.6327599Z   MONGO_SCRIPT_CREATE: devops/core/mongo/scripts/add-doc-to-db.py
job-core	Create database MongoDB	2026-02-16T04:20:59.6327952Z   KAOS_CODE: 22049983460
job-core	Create database MongoDB	2026-02-16T04:20:59.6328216Z   KAOS_MODULE: [Ka0s] Autom add docs to MongoDB
job-core	Create database MongoDB	2026-02-16T04:20:59.6328501Z   REPORT_SCAN: audit/
job-core	Create database MongoDB	2026-02-16T04:20:59.6328727Z   REPORT_PATH: audit/mongodb/
job-core	Create database MongoDB	2026-02-16T04:20:59.6328994Z   REPORT_FILENAME: mongo_setup_22049983460.json
job-core	Create database MongoDB	2026-02-16T04:20:59.6329314Z   REPORT_FILENAME_LIST: mongo_list_22049983460.json
job-core	Create database MongoDB	2026-02-16T04:20:59.6329838Z   REPORT_FILENAME_DB: mongo_create_db_22049983460.json
job-core	Create database MongoDB	2026-02-16T04:20:59.6330249Z   GITHUB_OUTPUT: 
job-core	Create database MongoDB	2026-02-16T04:20:59.6330537Z   pythonLocation: /home/runner/_work/_tool/Python/3.9.25/x64
job-core	Create database MongoDB	2026-02-16T04:20:59.6331101Z   PKG_CONFIG_PATH: /home/runner/_work/_tool/Python/3.9.25/x64/lib/pkgconfig
job-core	Create database MongoDB	2026-02-16T04:20:59.6331547Z   Python_ROOT_DIR: /home/runner/_work/_tool/Python/3.9.25/x64
job-core	Create database MongoDB	2026-02-16T04:20:59.6331944Z   Python2_ROOT_DIR: /home/runner/_work/_tool/Python/3.9.25/x64
job-core	Create database MongoDB	2026-02-16T04:20:59.6332340Z   Python3_ROOT_DIR: /home/runner/_work/_tool/Python/3.9.25/x64
job-core	Create database MongoDB	2026-02-16T04:20:59.6332741Z   LD_LIBRARY_PATH: /home/runner/_work/_tool/Python/3.9.25/x64/lib
job-core	Create database MongoDB	2026-02-16T04:20:59.6333413Z ##[endgroup]
job-core	Create database MongoDB	2026-02-16T04:20:59.8830068Z [DEBUG] Procesamos el directorio: audit/
job-core	Create database MongoDB	2026-02-16T04:20:59.8830712Z [DEBUG] Procesamos el directorio: audit/
job-core	Create database MongoDB	2026-02-16T04:20:59.8831026Z [DEBUG] Comprobamos el nombre DB: kaos
job-core	Create database MongoDB	2026-02-16T04:20:59.8831669Z [DEBUG] Extensiones procesadas: {'md'}
job-core	Create database MongoDB	2026-02-16T04:20:59.8831984Z [DEBUG] Tipo de ext: <class 'str'>, Valor: md
job-core	Create database MongoDB	2026-02-16T04:20:59.8832642Z [DEBUG] Creando colecci√≥n: col_md
job-core	Create database MongoDB	2026-02-16T04:20:59.8832924Z [DEBUG] Procesamos el directorio: audit/
job-core	Create database MongoDB	2026-02-16T04:20:59.8833366Z [DEBUG] Comprobamos el nombre DB: workflows
job-core	Create database MongoDB	2026-02-16T04:20:59.8833824Z [DEBUG] Extensiones procesadas: {'md'}
job-core	Create database MongoDB	2026-02-16T04:20:59.8834235Z [DEBUG] Tipo de ext: <class 'str'>, Valor: md
job-core	Create database MongoDB	2026-02-16T04:20:59.8834628Z [DEBUG] Creando colecci√≥n: col_md
job-core	Create database MongoDB	2026-02-16T04:20:59.8834929Z [DEBUG] Procesamos el directorio: audit/
job-core	Create database MongoDB	2026-02-16T04:20:59.8835259Z [DEBUG] Comprobamos el nombre DB: inspector
job-core	Create database MongoDB	2026-02-16T04:20:59.8835628Z [DEBUG] Extensiones procesadas: {'md', 'json', 'log'}
job-core	Create database MongoDB	2026-02-16T04:20:59.8836025Z [DEBUG] Tipo de ext: <class 'str'>, Valor: md
job-core	Create database MongoDB	2026-02-16T04:20:59.8836932Z [DEBUG] Creando colecci√≥n: col_md
job-core	Create database MongoDB	2026-02-16T04:20:59.8837230Z [DEBUG] Tipo de ext: <class 'str'>, Valor: json
job-core	Create database MongoDB	2026-02-16T04:20:59.8837594Z [DEBUG] Creando colecci√≥n: col_json
job-core	Create database MongoDB	2026-02-16T04:20:59.8837900Z [DEBUG] Tipo de ext: <class 'str'>, Valor: log
job-core	Create database MongoDB	2026-02-16T04:20:59.8838252Z [DEBUG] Creando colecci√≥n: col_log
job-core	Create database MongoDB	2026-02-16T04:20:59.8838545Z [DEBUG] Procesamos el directorio: audit/
job-core	Create database MongoDB	2026-02-16T04:20:59.8838859Z [DEBUG] Comprobamos el nombre DB: execution
job-core	Create database MongoDB	2026-02-16T04:20:59.8839171Z [DEBUG] Extensiones procesadas: {'md'}
job-core	Create database MongoDB	2026-02-16T04:20:59.8839472Z [DEBUG] Tipo de ext: <class 'str'>, Valor: md
job-core	Create database MongoDB	2026-02-16T04:20:59.8840143Z [DEBUG] Creando colecci√≥n: col_md
job-core	Create database MongoDB	2026-02-16T04:20:59.8840427Z [DEBUG] Procesamos el directorio: audit/
job-core	Create database MongoDB	2026-02-16T04:20:59.8840732Z [DEBUG] Comprobamos el nombre DB: trash
job-core	Create database MongoDB	2026-02-16T04:20:59.8841024Z [DEBUG] Extensiones procesadas: {'md'}
job-core	Create database MongoDB	2026-02-16T04:20:59.8841342Z [DEBUG] Tipo de ext: <class 'str'>, Valor: md
job-core	Create database MongoDB	2026-02-16T04:20:59.8841680Z [DEBUG] Creando colecci√≥n: col_md
job-core	Create database MongoDB	2026-02-16T04:20:59.8841982Z [DEBUG] Procesamos el directorio: audit/
job-core	Create database MongoDB	2026-02-16T04:20:59.8842283Z [DEBUG] Comprobamos el nombre DB: eresults
job-core	Create database MongoDB	2026-02-16T04:20:59.8842581Z [DEBUG] Extensiones procesadas: {'md'}
job-core	Create database MongoDB	2026-02-16T04:20:59.8842878Z [DEBUG] Tipo de ext: <class 'str'>, Valor: md
job-core	Create database MongoDB	2026-02-16T04:20:59.8843216Z [DEBUG] Creando colecci√≥n: col_md
job-core	Create database MongoDB	2026-02-16T04:20:59.8843496Z [DEBUG] Procesamos el directorio: audit/
job-core	Create database MongoDB	2026-02-16T04:20:59.8843782Z [DEBUG] Comprobamos el nombre DB: scan
job-core	Create database MongoDB	2026-02-16T04:20:59.8844068Z [DEBUG] Extensiones procesadas: {'md'}
job-core	Create database MongoDB	2026-02-16T04:20:59.8844367Z [DEBUG] Tipo de ext: <class 'str'>, Valor: md
job-core	Create database MongoDB	2026-02-16T04:20:59.8844707Z [DEBUG] Creando colecci√≥n: col_md
job-core	Create database MongoDB	2026-02-16T04:20:59.8844985Z [DEBUG] Procesamos el directorio: audit/
job-core	Create database MongoDB	2026-02-16T04:20:59.8845281Z [DEBUG] Comprobamos el nombre DB: deploy
job-core	Create database MongoDB	2026-02-16T04:20:59.8845574Z [DEBUG] Extensiones procesadas: {'md'}
job-core	Create database MongoDB	2026-02-16T04:20:59.8845872Z [DEBUG] Tipo de ext: <class 'str'>, Valor: md
job-core	Create database MongoDB	2026-02-16T04:20:59.8846213Z [DEBUG] Creando colecci√≥n: col_md
job-core	Create database MongoDB	2026-02-16T04:20:59.8846512Z [DEBUG] Procesamos el directorio: audit/
job-core	Create database MongoDB	2026-02-16T04:20:59.8846807Z [DEBUG] Comprobamos el nombre DB: kube
job-core	Create database MongoDB	2026-02-16T04:20:59.8847133Z [DEBUG] Extensiones procesadas: {'html', 'md', 'json'}
job-core	Create database MongoDB	2026-02-16T04:20:59.8847490Z [DEBUG] Tipo de ext: <class 'str'>, Valor: html
job-core	Create database MongoDB	2026-02-16T04:20:59.8847842Z [DEBUG] Creando colecci√≥n: col_html
job-core	Create database MongoDB	2026-02-16T04:20:59.8848132Z [DEBUG] Tipo de ext: <class 'str'>, Valor: md
job-core	Create database MongoDB	2026-02-16T04:20:59.8848469Z [DEBUG] Creando colecci√≥n: col_md
job-core	Create database MongoDB	2026-02-16T04:20:59.8848772Z [DEBUG] Tipo de ext: <class 'str'>, Valor: json
job-core	Create database MongoDB	2026-02-16T04:20:59.8849123Z [DEBUG] Creando colecci√≥n: col_json
job-core	Create database MongoDB	2026-02-16T04:20:59.8849413Z [DEBUG] Procesamos el directorio: audit/
job-core	Create database MongoDB	2026-02-16T04:20:59.8849984Z [DEBUG] Comprobamos el nombre DB: issues
job-core	Create database MongoDB	2026-02-16T04:20:59.8850292Z [DEBUG] Extensiones procesadas: {'md'}
job-core	Create database MongoDB	2026-02-16T04:20:59.8851047Z [DEBUG] Tipo de ext: <class 'str'>, Valor: md
job-core	Create database MongoDB	2026-02-16T04:20:59.8851404Z [DEBUG] Creando colecci√≥n: col_md
job-core	Create database MongoDB	2026-02-16T04:20:59.8851705Z [DEBUG] Procesamos el directorio: audit/
job-core	Create database MongoDB	2026-02-16T04:20:59.8852008Z [DEBUG] Comprobamos el nombre DB: jsonlint
job-core	Create database MongoDB	2026-02-16T04:20:59.8852308Z [DEBUG] Extensiones procesadas: {'md'}
job-core	Create database MongoDB	2026-02-16T04:20:59.8852607Z [DEBUG] Tipo de ext: <class 'str'>, Valor: md
job-core	Create database MongoDB	2026-02-16T04:20:59.8852945Z [DEBUG] Creando colecci√≥n: col_md
job-core	Create database MongoDB	2026-02-16T04:20:59.8853220Z [DEBUG] Procesamos el directorio: audit/
job-core	Create database MongoDB	2026-02-16T04:20:59.8853518Z [DEBUG] Comprobamos el nombre DB: yamllint
job-core	Create database MongoDB	2026-02-16T04:20:59.8853814Z [DEBUG] Extensiones procesadas: {'md'}
job-core	Create database MongoDB	2026-02-16T04:20:59.8854108Z [DEBUG] Tipo de ext: <class 'str'>, Valor: md
job-core	Create database MongoDB	2026-02-16T04:20:59.8854451Z [DEBUG] Creando colecci√≥n: col_md
job-core	Create database MongoDB	2026-02-16T04:20:59.8854728Z [DEBUG] Procesamos el directorio: audit/
job-core	Create database MongoDB	2026-02-16T04:20:59.8855019Z [DEBUG] Comprobamos el nombre DB: itop
job-core	Create database MongoDB	2026-02-16T04:20:59.8855305Z [DEBUG] Extensiones procesadas: {'md'}
job-core	Create database MongoDB	2026-02-16T04:20:59.8855638Z [DEBUG] Tipo de ext: <class 'str'>, Valor: md
job-core	Create database MongoDB	2026-02-16T04:20:59.8855982Z [DEBUG] Creando colecci√≥n: col_md
job-core	Create database MongoDB	2026-02-16T04:20:59.8856508Z [DEBUG] Procesamos el directorio: audit/
job-core	Create database MongoDB	2026-02-16T04:20:59.8856803Z [DEBUG] Comprobamos el nombre DB: mongodb
job-core	Create database MongoDB	2026-02-16T04:20:59.8865834Z [DEBUG] Extensiones procesadas: {'md', 'json'}
job-core	Create database MongoDB	2026-02-16T04:20:59.8866457Z [DEBUG] Tipo de ext: <class 'str'>, Valor: md
job-core	Create database MongoDB	2026-02-16T04:20:59.8866872Z [DEBUG] Creando colecci√≥n: col_md
job-core	Create database MongoDB	2026-02-16T04:20:59.8867159Z [DEBUG] Tipo de ext: <class 'str'>, Valor: json
job-core	Create database MongoDB	2026-02-16T04:20:59.8867506Z [DEBUG] Creando colecci√≥n: col_json
job-core	Create database MongoDB	2026-02-16T04:20:59.8867782Z [DEBUG] Procesamos el directorio: audit/
job-core	Create database MongoDB	2026-02-16T04:20:59.8868073Z [DEBUG] Comprobamos el nombre DB: hosts
job-core	Create database MongoDB	2026-02-16T04:20:59.8868358Z [DEBUG] Extensiones procesadas: {'md'}
job-core	Create database MongoDB	2026-02-16T04:20:59.8868651Z [DEBUG] Tipo de ext: <class 'str'>, Valor: md
job-core	Create database MongoDB	2026-02-16T04:20:59.8868988Z [DEBUG] Creando colecci√≥n: col_md
job-core	Create database MongoDB	2026-02-16T04:20:59.8869260Z [DEBUG] Procesamos el directorio: audit/
job-core	Create database MongoDB	2026-02-16T04:20:59.8869979Z [DEBUG] Comprobamos el nombre DB: mdlint
job-core	Create database MongoDB	2026-02-16T04:20:59.8870664Z [DEBUG] Extensiones procesadas: {'md'}
job-core	Create database MongoDB	2026-02-16T04:20:59.8870964Z [DEBUG] Tipo de ext: <class 'str'>, Valor: md
job-core	Create database MongoDB	2026-02-16T04:20:59.8871298Z [DEBUG] Creando colecci√≥n: col_md
job-core	Create database MongoDB	2026-02-16T04:20:59.8871563Z [DEBUG] Archivos eliminados en: audit/
job-core	Create database MongoDB	2026-02-16T04:20:59.8871920Z ‚úÖ Proceso completado: 13 documentos insertados
job-core	Create database MongoDB	2026-02-16T04:21:00.3362776Z Downloading files to MongoDB update repository ...
job-core	Create database MongoDB	2026-02-16T04:21:00.9203104Z Already up to date.
job-core	Create database MongoDB	2026-02-16T04:21:00.9213336Z [Ka0s] Uploading files to MongoDB update repository ...
job-core	Create database MongoDB	2026-02-16T04:21:01.1535803Z [main f50473ccb] [Ka0S] Uploading Autom add docs to MongoDB...
job-core	Create database MongoDB	2026-02-16T04:21:01.1536846Z  22 files changed, 39349 deletions(-)
job-core	Create database MongoDB	2026-02-16T04:21:01.1537244Z  delete mode 100644 audit/inspector/22047326178.json
job-core	Create database MongoDB	2026-02-16T04:21:01.1537611Z  delete mode 100644 audit/inspector/22047326178.log
job-core	Create database MongoDB	2026-02-16T04:21:01.1537972Z  delete mode 100644 audit/inspector/22047397470.json
job-core	Create database MongoDB	2026-02-16T04:21:01.1538361Z  delete mode 100644 audit/inspector/22047397470.log
job-core	Create database MongoDB	2026-02-16T04:21:01.1538750Z  delete mode 100644 audit/inspector/22048536865.json
job-core	Create database MongoDB	2026-02-16T04:21:01.1539107Z  delete mode 100644 audit/inspector/22048536865.log
job-core	Create database MongoDB	2026-02-16T04:21:01.1539460Z  delete mode 100644 audit/inspector/22049864014.json
job-core	Create database MongoDB	2026-02-16T04:21:01.1541196Z  delete mode 100644 audit/inspector/22049864014.log
job-core	Create database MongoDB	2026-02-16T04:21:01.1541887Z  delete mode 100755 audit/kube/cluster-dashboard-20260215-231602.html
job-core	Create database MongoDB	2026-02-16T04:21:01.1542393Z  delete mode 100755 audit/kube/cluster-dashboard-20260215-231732.html
job-core	Create database MongoDB	2026-02-16T04:21:01.1542887Z  delete mode 100755 audit/kube/cluster-dashboard-20260216-010956.html
job-core	Create database MongoDB	2026-02-16T04:21:01.1543375Z  delete mode 100755 audit/kube/cluster-dashboard-20260216-011208.html
job-core	Create database MongoDB	2026-02-16T04:21:01.1543863Z  delete mode 100755 audit/kube/cluster-dashboard-20260216-041315.html
job-core	Create database MongoDB	2026-02-16T04:21:01.1544364Z  delete mode 100755 audit/kube/cluster-dashboard-20260216-041506.html
job-core	Create database MongoDB	2026-02-16T04:21:01.1545302Z  delete mode 100755 audit/kube/cluster-report-20260215-231602.md
job-core	Create database MongoDB	2026-02-16T04:21:01.1545780Z  delete mode 100755 audit/kube/cluster-report-20260215-231732.md
job-core	Create database MongoDB	2026-02-16T04:21:01.1546237Z  delete mode 100755 audit/kube/cluster-report-20260216-010956.md
job-core	Create database MongoDB	2026-02-16T04:21:01.1546686Z  delete mode 100755 audit/kube/cluster-report-20260216-011208.md
job-core	Create database MongoDB	2026-02-16T04:21:01.1547144Z  delete mode 100755 audit/kube/cluster-report-20260216-041315.md
job-core	Create database MongoDB	2026-02-16T04:21:01.1547593Z  delete mode 100755 audit/kube/cluster-report-20260216-041506.md
job-core	Create database MongoDB	2026-02-16T04:21:01.1547988Z  delete mode 100755 audit/kube/failed_pods.json
job-core	Create database MongoDB	2026-02-16T04:21:01.1548338Z  delete mode 100644 audit/mongodb/22048536865.json
job-core	Create database MongoDB	2026-02-16T04:21:02.0291084Z To https://github.com/Ka0s-Klaus/ka0s
job-core	Create database MongoDB	2026-02-16T04:21:02.0292689Z    3dab42139..f50473ccb  main -> main
job-core	Upload report	Ôªø2026-02-16T04:21:02.0597938Z ##[group]Run actions/upload-artifact@v4
job-core	Upload report	2026-02-16T04:21:02.0598428Z with:
job-core	Upload report	2026-02-16T04:21:02.0598732Z   name: mongo-setup-report
job-core	Upload report	2026-02-16T04:21:02.0599125Z   path: audit/mongodb/
job-core	Upload report	2026-02-16T04:21:02.0599473Z   if-no-files-found: warn
job-core	Upload report	2026-02-16T04:21:02.0600028Z   compression-level: 6
job-core	Upload report	2026-02-16T04:21:02.0611206Z   overwrite: false
job-core	Upload report	2026-02-16T04:21:02.0611578Z   include-hidden-files: false
job-core	Upload report	2026-02-16T04:21:02.0611956Z env:
job-core	Upload report	2026-02-16T04:21:02.0612239Z   PYTHON_VERSION: 3.9
job-core	Upload report	2026-02-16T04:21:02.0613360Z   MONGO_SUPERUSER_CONNECTION: ***
job-core	Upload report	2026-02-16T04:21:02.0614053Z   MONGO_NEW_PASS: ***
job-core	Upload report	2026-02-16T04:21:02.0614461Z   MONGO_SCRIPT_CREATE: devops/core/mongo/scripts/add-doc-to-db.py
job-core	Upload report	2026-02-16T04:21:02.0614933Z   KAOS_CODE: 22049983460
job-core	Upload report	2026-02-16T04:21:02.0615272Z   KAOS_MODULE: [Ka0s] Autom add docs to MongoDB
job-core	Upload report	2026-02-16T04:21:02.0615656Z   REPORT_SCAN: audit/
job-core	Upload report	2026-02-16T04:21:02.0615946Z   REPORT_PATH: audit/mongodb/
job-core	Upload report	2026-02-16T04:21:02.0616299Z   REPORT_FILENAME: mongo_setup_22049983460.json
job-core	Upload report	2026-02-16T04:21:02.0616787Z   REPORT_FILENAME_LIST: mongo_list_22049983460.json
job-core	Upload report	2026-02-16T04:21:02.0617238Z   REPORT_FILENAME_DB: mongo_create_db_22049983460.json
job-core	Upload report	2026-02-16T04:21:02.0617651Z   GITHUB_OUTPUT: 
job-core	Upload report	2026-02-16T04:21:02.0618018Z   pythonLocation: /home/runner/_work/_tool/Python/3.9.25/x64
job-core	Upload report	2026-02-16T04:21:02.0618608Z   PKG_CONFIG_PATH: /home/runner/_work/_tool/Python/3.9.25/x64/lib/pkgconfig
job-core	Upload report	2026-02-16T04:21:02.0619202Z   Python_ROOT_DIR: /home/runner/_work/_tool/Python/3.9.25/x64
job-core	Upload report	2026-02-16T04:21:02.0620034Z   Python2_ROOT_DIR: /home/runner/_work/_tool/Python/3.9.25/x64
job-core	Upload report	2026-02-16T04:21:02.0620571Z   Python3_ROOT_DIR: /home/runner/_work/_tool/Python/3.9.25/x64
job-core	Upload report	2026-02-16T04:21:02.0621114Z   LD_LIBRARY_PATH: /home/runner/_work/_tool/Python/3.9.25/x64/lib
job-core	Upload report	2026-02-16T04:21:02.0621555Z ##[endgroup]
job-core	Upload report	2026-02-16T04:21:02.3116833Z With the provided path, there will be 1 file uploaded
job-core	Upload report	2026-02-16T04:21:02.3123254Z Artifact name is valid!
job-core	Upload report	2026-02-16T04:21:02.3124238Z Root directory input is valid!
job-core	Upload report	2026-02-16T04:21:02.7390904Z Beginning upload of artifact content to blob storage
job-core	Upload report	2026-02-16T04:21:03.1846207Z Uploaded bytes 165
job-core	Upload report	2026-02-16T04:21:03.3104529Z Finished uploading artifact content to blob storage!
job-core	Upload report	2026-02-16T04:21:03.3116446Z SHA256 digest of uploaded artifact zip is 3011e47a076701ca019ac10bd037c4f3b475915256b015d26d2571e9d8b80e0a
job-core	Upload report	2026-02-16T04:21:03.3123259Z Finalizing artifact upload
job-core	Upload report	2026-02-16T04:21:03.5040305Z Artifact mongo-setup-report.zip successfully finalized. Artifact ID 5520569097
job-core	Upload report	2026-02-16T04:21:03.5043699Z Artifact mongo-setup-report has been successfully uploaded! Final size is 165 bytes. Artifact ID is 5520569097
job-core	Upload report	2026-02-16T04:21:03.5072422Z Artifact download URL: https://github.com/Ka0s-Klaus/ka0s/actions/runs/22049983460/artifacts/5520569097
job-core	Post Set up Python	Ôªø2026-02-16T04:21:03.5636957Z Post job cleanup.
job-core	Post Checkout code	Ôªø2026-02-16T04:21:03.7700709Z Post job cleanup.
job-core	Post Checkout code	2026-02-16T04:21:03.8826238Z [command]/usr/bin/git version
job-core	Post Checkout code	2026-02-16T04:21:03.8870975Z git version 2.52.0
job-core	Post Checkout code	2026-02-16T04:21:03.8915751Z Copying '/home/runner/.gitconfig' to '/home/runner/_work/_temp/bcc39584-ac6d-493a-ac7c-ea83a5f0b33a/.gitconfig'
job-core	Post Checkout code	2026-02-16T04:21:03.8926964Z Temporarily overriding HOME='/home/runner/_work/_temp/bcc39584-ac6d-493a-ac7c-ea83a5f0b33a' before making global git config changes
job-core	Post Checkout code	2026-02-16T04:21:03.8928137Z Adding repository directory to the temporary git global config as a safe directory
job-core	Post Checkout code	2026-02-16T04:21:03.8933238Z [command]/usr/bin/git config --global --add safe.directory /home/runner/_work/ka0s/ka0s
job-core	Post Checkout code	2026-02-16T04:21:03.8991410Z [command]/usr/bin/git config --local --name-only --get-regexp core\.sshCommand
job-core	Post Checkout code	2026-02-16T04:21:03.9037304Z [command]/usr/bin/git submodule foreach --recursive sh -c "git config --local --name-only --get-regexp 'core\.sshCommand' && git config --local --unset-all 'core.sshCommand' || :"
job-core	Post Checkout code	2026-02-16T04:21:03.9386668Z [command]/usr/bin/git config --local --name-only --get-regexp http\.https\:\/\/github\.com\/\.extraheader
job-core	Post Checkout code	2026-02-16T04:21:03.9419337Z http.https://github.com/.extraheader
job-core	Post Checkout code	2026-02-16T04:21:03.9434525Z [command]/usr/bin/git config --local --unset-all http.https://github.com/.extraheader
job-core	Post Checkout code	2026-02-16T04:21:03.9479426Z [command]/usr/bin/git submodule foreach --recursive sh -c "git config --local --name-only --get-regexp 'http\.https\:\/\/github\.com\/\.extraheader' && git config --local --unset-all 'http.https://github.com/.extraheader' || :"
job-core	Post Checkout code	2026-02-16T04:21:03.9826437Z [command]/usr/bin/git config --local --name-only --get-regexp ^includeIf\.gitdir:
job-core	Post Checkout code	2026-02-16T04:21:03.9872671Z [command]/usr/bin/git submodule foreach --recursive git config --local --show-origin --name-only --get-regexp remote.origin.url
job-core	Complete job	Ôªø2026-02-16T04:21:04.0355202Z Cleaning up orphan processes
handle-success	Set up job	Ôªø2026-02-16T04:21:16.2778013Z Current runner version: '2.331.0'
handle-success	Set up job	2026-02-16T04:21:16.2786726Z Runner name: 'swarm-runners-scaleset-hkss5-runner-ggsmd'
handle-success	Set up job	2026-02-16T04:21:16.2788135Z Runner group name: 'Default'
handle-success	Set up job	2026-02-16T04:21:16.2789229Z Machine name: 'swarm-runners-scaleset-hkss5-runner-ggsmd'
handle-success	Set up job	2026-02-16T04:21:16.2793949Z ##[group]GITHUB_TOKEN Permissions
handle-success	Set up job	2026-02-16T04:21:16.2796578Z Actions: write
handle-success	Set up job	2026-02-16T04:21:16.2797263Z Contents: write
handle-success	Set up job	2026-02-16T04:21:16.2797842Z Issues: write
handle-success	Set up job	2026-02-16T04:21:16.2798403Z Metadata: read
handle-success	Set up job	2026-02-16T04:21:16.2799069Z PullRequests: write
handle-success	Set up job	2026-02-16T04:21:16.2799944Z ##[endgroup]
handle-success	Set up job	2026-02-16T04:21:16.2802629Z Secret source: Actions
handle-success	Set up job	2026-02-16T04:21:16.2803508Z Prepare workflow directory
handle-success	Set up job	2026-02-16T04:21:16.3397420Z Prepare all required actions
handle-success	Set up job	2026-02-16T04:21:16.3438620Z Getting action download info
handle-success	Set up job	2026-02-16T04:21:16.9247042Z Download action repository 'actions/checkout@v4' (SHA:34e114876b0b11c390a56381ad16ebd13914f8d5)
handle-success	Set up job	2026-02-16T04:21:17.8740112Z Complete job name: handle-success
handle-success	Checkout code	Ôªø2026-02-16T04:21:17.9389082Z ##[group]Run actions/checkout@v4
handle-success	Checkout code	2026-02-16T04:21:17.9390341Z with:
handle-success	Checkout code	2026-02-16T04:21:17.9390859Z   fetch-depth: 0
handle-success	Checkout code	2026-02-16T04:21:17.9391383Z   repository: Ka0s-Klaus/ka0s
handle-success	Checkout code	2026-02-16T04:21:17.9392225Z   token: ***
handle-success	Checkout code	2026-02-16T04:21:17.9392715Z   ssh-strict: true
handle-success	Checkout code	2026-02-16T04:21:17.9393204Z   ssh-user: git
handle-success	Checkout code	2026-02-16T04:21:17.9393704Z   persist-credentials: true
handle-success	Checkout code	2026-02-16T04:21:17.9394265Z   clean: true
handle-success	Checkout code	2026-02-16T04:21:17.9394788Z   sparse-checkout-cone-mode: true
handle-success	Checkout code	2026-02-16T04:21:17.9395397Z   fetch-tags: false
handle-success	Checkout code	2026-02-16T04:21:17.9395898Z   show-progress: true
handle-success	Checkout code	2026-02-16T04:21:17.9396424Z   lfs: false
handle-success	Checkout code	2026-02-16T04:21:17.9396915Z   submodules: false
handle-success	Checkout code	2026-02-16T04:21:17.9397430Z   set-safe-directory: true
handle-success	Checkout code	2026-02-16T04:21:17.9398227Z env:
handle-success	Checkout code	2026-02-16T04:21:17.9398706Z   PYTHON_VERSION: 3.9
handle-success	Checkout code	2026-02-16T04:21:17.9400978Z   MONGO_SUPERUSER_CONNECTION: ***
handle-success	Checkout code	2026-02-16T04:21:17.9401812Z   MONGO_NEW_PASS: ***
handle-success	Checkout code	2026-02-16T04:21:17.9402512Z   MONGO_SCRIPT_CREATE: devops/core/mongo/scripts/add-doc-to-db.py
handle-success	Checkout code	2026-02-16T04:21:17.9403380Z   KAOS_CODE: 22049983460
handle-success	Checkout code	2026-02-16T04:21:17.9403975Z   KAOS_MODULE: [Ka0s] Autom add docs to MongoDB
handle-success	Checkout code	2026-02-16T04:21:17.9404642Z   REPORT_SCAN: audit/
handle-success	Checkout code	2026-02-16T04:21:17.9405176Z   REPORT_PATH: audit/mongodb/
handle-success	Checkout code	2026-02-16T04:21:17.9405810Z   REPORT_FILENAME: mongo_setup_22049983460.json
handle-success	Checkout code	2026-02-16T04:21:17.9406547Z   REPORT_FILENAME_LIST: mongo_list_22049983460.json
handle-success	Checkout code	2026-02-16T04:21:17.9407455Z   REPORT_FILENAME_DB: mongo_create_db_22049983460.json
handle-success	Checkout code	2026-02-16T04:21:17.9408186Z ##[endgroup]
handle-success	Checkout code	2026-02-16T04:21:18.0668110Z Syncing repository: Ka0s-Klaus/ka0s
handle-success	Checkout code	2026-02-16T04:21:18.0670735Z ##[group]Getting Git version info
handle-success	Checkout code	2026-02-16T04:21:18.0671545Z Working directory is '/home/runner/_work/ka0s/ka0s'
handle-success	Checkout code	2026-02-16T04:21:18.0672931Z [command]/usr/bin/git version
handle-success	Checkout code	2026-02-16T04:21:18.0673560Z git version 2.52.0
handle-success	Checkout code	2026-02-16T04:21:18.0695821Z ##[endgroup]
handle-success	Checkout code	2026-02-16T04:21:18.0715753Z Temporarily overriding HOME='/home/runner/_work/_temp/1ac002d3-ef0b-42d0-9c6c-bf0054ddcdc0' before making global git config changes
handle-success	Checkout code	2026-02-16T04:21:18.0717747Z Adding repository directory to the temporary git global config as a safe directory
handle-success	Checkout code	2026-02-16T04:21:18.0721884Z [command]/usr/bin/git config --global --add safe.directory /home/runner/_work/ka0s/ka0s
handle-success	Checkout code	2026-02-16T04:21:18.0770716Z Deleting the contents of '/home/runner/_work/ka0s/ka0s'
handle-success	Checkout code	2026-02-16T04:21:18.0814422Z ##[group]Initializing the repository
handle-success	Checkout code	2026-02-16T04:21:18.0815303Z [command]/usr/bin/git init /home/runner/_work/ka0s/ka0s
handle-success	Checkout code	2026-02-16T04:21:18.0855190Z hint: Using 'master' as the name for the initial branch. This default branch name
handle-success	Checkout code	2026-02-16T04:21:18.0856542Z hint: will change to "main" in Git 3.0. To configure the initial branch name
handle-success	Checkout code	2026-02-16T04:21:18.0860858Z hint: to use in all of your new repositories, which will suppress this warning,
handle-success	Checkout code	2026-02-16T04:21:18.0861844Z hint: call:
handle-success	Checkout code	2026-02-16T04:21:18.0862319Z hint:
handle-success	Checkout code	2026-02-16T04:21:18.0862927Z hint: 	git config --global init.defaultBranch <name>
handle-success	Checkout code	2026-02-16T04:21:18.0863664Z hint:
handle-success	Checkout code	2026-02-16T04:21:18.0864901Z hint: Names commonly chosen instead of 'master' are 'main', 'trunk' and
handle-success	Checkout code	2026-02-16T04:21:18.0866074Z hint: 'development'. The just-created branch can be renamed via this command:
handle-success	Checkout code	2026-02-16T04:21:18.0866976Z hint:
handle-success	Checkout code	2026-02-16T04:21:18.0867464Z hint: 	git branch -m <name>
handle-success	Checkout code	2026-02-16T04:21:18.0868032Z hint:
handle-success	Checkout code	2026-02-16T04:21:18.0868788Z hint: Disable this message with "git config set advice.defaultBranchName false"
handle-success	Checkout code	2026-02-16T04:21:18.0873612Z Initialized empty Git repository in /home/runner/_work/ka0s/ka0s/.git/
handle-success	Checkout code	2026-02-16T04:21:18.0877147Z [command]/usr/bin/git remote add origin https://github.com/Ka0s-Klaus/ka0s
handle-success	Checkout code	2026-02-16T04:21:18.0920038Z ##[endgroup]
handle-success	Checkout code	2026-02-16T04:21:18.0921072Z ##[group]Disabling automatic garbage collection
handle-success	Checkout code	2026-02-16T04:21:18.0922187Z [command]/usr/bin/git config --local gc.auto 0
handle-success	Checkout code	2026-02-16T04:21:18.0963570Z ##[endgroup]
handle-success	Checkout code	2026-02-16T04:21:18.0964528Z ##[group]Setting up auth
handle-success	Checkout code	2026-02-16T04:21:18.0970548Z [command]/usr/bin/git config --local --name-only --get-regexp core\.sshCommand
handle-success	Checkout code	2026-02-16T04:21:18.1012300Z [command]/usr/bin/git submodule foreach --recursive sh -c "git config --local --name-only --get-regexp 'core\.sshCommand' && git config --local --unset-all 'core.sshCommand' || :"
handle-success	Checkout code	2026-02-16T04:21:18.1349132Z [command]/usr/bin/git config --local --name-only --get-regexp http\.https\:\/\/github\.com\/\.extraheader
handle-success	Checkout code	2026-02-16T04:21:18.1389986Z [command]/usr/bin/git submodule foreach --recursive sh -c "git config --local --name-only --get-regexp 'http\.https\:\/\/github\.com\/\.extraheader' && git config --local --unset-all 'http.https://github.com/.extraheader' || :"
handle-success	Checkout code	2026-02-16T04:21:18.1726432Z [command]/usr/bin/git config --local --name-only --get-regexp ^includeIf\.gitdir:
handle-success	Checkout code	2026-02-16T04:21:18.1769237Z [command]/usr/bin/git submodule foreach --recursive git config --local --show-origin --name-only --get-regexp remote.origin.url
handle-success	Checkout code	2026-02-16T04:21:18.2106505Z [command]/usr/bin/git config --local http.https://github.com/.extraheader AUTHORIZATION: basic ***
handle-success	Checkout code	2026-02-16T04:21:18.2172277Z ##[endgroup]
handle-success	Checkout code	2026-02-16T04:21:18.2173348Z ##[group]Fetching the repository
handle-success	Checkout code	2026-02-16T04:21:18.2181933Z [command]/usr/bin/git -c protocol.version=2 fetch --prune --no-recurse-submodules origin +refs/heads/*:refs/remotes/origin/* +refs/tags/*:refs/tags/*
handle-success	Checkout code	2026-02-16T04:21:40.8886204Z From https://github.com/Ka0s-Klaus/ka0s
handle-success	Checkout code	2026-02-16T04:21:40.8889171Z  * [new branch]          F227-despliegue-de-kube-independiente-del-clouder -> origin/F227-despliegue-de-kube-independiente-del-clouder
handle-success	Checkout code	2026-02-16T04:21:40.8902732Z  * [new branch]          F3450-modelo-operativo -> origin/F3450-modelo-operativo
handle-success	Checkout code	2026-02-16T04:21:40.8903931Z  * [new branch]          H1151-desarrollo-de-secciones-ii -> origin/H1151-desarrollo-de-secciones-ii
handle-success	Checkout code	2026-02-16T04:21:40.8905113Z  * [new branch]          H1193-ejemplo-web-documentacion -> origin/H1193-ejemplo-web-documentacion
handle-success	Checkout code	2026-02-16T04:21:40.8905905Z  * [new branch]          H1276-modulo-observabilidad -> origin/H1276-modulo-observabilidad
handle-success	Checkout code	2026-02-16T04:21:40.8906822Z  * [new branch]          H227-despliegue-de-kube-independiente-del-clouder -> origin/H227-despliegue-de-kube-independiente-del-clouder
handle-success	Checkout code	2026-02-16T04:21:40.8907729Z  * [new branch]          H3266-deploy-zabbix    -> origin/H3266-deploy-zabbix
handle-success	Checkout code	2026-02-16T04:21:40.8908293Z  * [new branch]          H3596-deploy-itop      -> origin/H3596-deploy-itop
handle-success	Checkout code	2026-02-16T04:21:40.8909188Z  * [new branch]          RN227-despliegue-de-kube-independiente-del-clouder -> origin/RN227-despliegue-de-kube-independiente-del-clouder
handle-success	Checkout code	2026-02-16T04:21:40.8910333Z  * [new branch]          main                   -> origin/main
handle-success	Checkout code	2026-02-16T04:21:40.8910828Z  * [new tag]             0.0.0                  -> 0.0.0
handle-success	Checkout code	2026-02-16T04:21:40.8911250Z  * [new tag]             0.0.1                  -> 0.0.1
handle-success	Checkout code	2026-02-16T04:21:40.8911672Z  * [new tag]             0.0.10                 -> 0.0.10
handle-success	Checkout code	2026-02-16T04:21:40.8912278Z  * [new tag]             0.0.100                -> 0.0.100
handle-success	Checkout code	2026-02-16T04:21:40.8912830Z  * [new tag]             0.0.101                -> 0.0.101
handle-success	Checkout code	2026-02-16T04:21:40.8913846Z  * [new tag]             0.0.102                -> 0.0.102
handle-success	Checkout code	2026-02-16T04:21:40.8914256Z  * [new tag]             0.0.103                -> 0.0.103
handle-success	Checkout code	2026-02-16T04:21:40.8914729Z  * [new tag]             0.0.104                -> 0.0.104
handle-success	Checkout code	2026-02-16T04:21:40.8915138Z  * [new tag]             0.0.105                -> 0.0.105
handle-success	Checkout code	2026-02-16T04:21:40.8915548Z  * [new tag]             0.0.106                -> 0.0.106
handle-success	Checkout code	2026-02-16T04:21:40.8915955Z  * [new tag]             0.0.107                -> 0.0.107
handle-success	Checkout code	2026-02-16T04:21:40.8916384Z  * [new tag]             0.0.108                -> 0.0.108
handle-success	Checkout code	2026-02-16T04:21:40.8916795Z  * [new tag]             0.0.109                -> 0.0.109
handle-success	Checkout code	2026-02-16T04:21:40.8917229Z  * [new tag]             0.0.11                 -> 0.0.11
handle-success	Checkout code	2026-02-16T04:21:40.8917648Z  * [new tag]             0.0.110                -> 0.0.110
handle-success	Checkout code	2026-02-16T04:21:40.8918068Z  * [new tag]             0.0.111                -> 0.0.111
handle-success	Checkout code	2026-02-16T04:21:40.8918495Z  * [new tag]             0.0.112                -> 0.0.112
handle-success	Checkout code	2026-02-16T04:21:40.8919290Z  * [new tag]             0.0.113                -> 0.0.113
handle-success	Checkout code	2026-02-16T04:21:40.8920033Z  * [new tag]             0.0.114                -> 0.0.114
handle-success	Checkout code	2026-02-16T04:21:40.8920509Z  * [new tag]             0.0.115                -> 0.0.115
handle-success	Checkout code	2026-02-16T04:21:40.8920910Z  * [new tag]             0.0.116                -> 0.0.116
handle-success	Checkout code	2026-02-16T04:21:40.8921304Z  * [new tag]             0.0.117                -> 0.0.117
handle-success	Checkout code	2026-02-16T04:21:40.8921703Z  * [new tag]             0.0.118                -> 0.0.118
handle-success	Checkout code	2026-02-16T04:21:40.8922098Z  * [new tag]             0.0.119                -> 0.0.119
handle-success	Checkout code	2026-02-16T04:21:40.8922510Z  * [new tag]             0.0.12                 -> 0.0.12
handle-success	Checkout code	2026-02-16T04:21:40.8922923Z  * [new tag]             0.0.120                -> 0.0.120
handle-success	Checkout code	2026-02-16T04:21:40.8923343Z  * [new tag]             0.0.121                -> 0.0.121
handle-success	Checkout code	2026-02-16T04:21:40.8923769Z  * [new tag]             0.0.122                -> 0.0.122
handle-success	Checkout code	2026-02-16T04:21:40.8924216Z  * [new tag]             0.0.123                -> 0.0.123
handle-success	Checkout code	2026-02-16T04:21:40.8924642Z  * [new tag]             0.0.124                -> 0.0.124
handle-success	Checkout code	2026-02-16T04:21:40.8925051Z  * [new tag]             0.0.125                -> 0.0.125
handle-success	Checkout code	2026-02-16T04:21:40.8925459Z  * [new tag]             0.0.126                -> 0.0.126
handle-success	Checkout code	2026-02-16T04:21:40.8925875Z  * [new tag]             0.0.127                -> 0.0.127
handle-success	Checkout code	2026-02-16T04:21:40.8926282Z  * [new tag]             0.0.128                -> 0.0.128
handle-success	Checkout code	2026-02-16T04:21:40.8926698Z  * [new tag]             0.0.129                -> 0.0.129
handle-success	Checkout code	2026-02-16T04:21:40.8927117Z  * [new tag]             0.0.13                 -> 0.0.13
handle-success	Checkout code	2026-02-16T04:21:40.8927545Z  * [new tag]             0.0.130                -> 0.0.130
handle-success	Checkout code	2026-02-16T04:21:40.8927965Z  * [new tag]             0.0.131                -> 0.0.131
handle-success	Checkout code	2026-02-16T04:21:40.8928381Z  * [new tag]             0.0.132                -> 0.0.132
handle-success	Checkout code	2026-02-16T04:21:40.9092341Z  * [new tag]             0.0.133                -> 0.0.133
handle-success	Checkout code	2026-02-16T04:21:40.9093007Z  * [new tag]             0.0.134                -> 0.0.134
handle-success	Checkout code	2026-02-16T04:21:40.9093532Z  * [new tag]             0.0.135                -> 0.0.135
handle-success	Checkout code	2026-02-16T04:21:40.9093920Z  * [new tag]             0.0.136                -> 0.0.136
handle-success	Checkout code	2026-02-16T04:21:40.9094303Z  * [new tag]             0.0.137                -> 0.0.137
handle-success	Checkout code	2026-02-16T04:21:40.9094688Z  * [new tag]             0.0.138                -> 0.0.138
handle-success	Checkout code	2026-02-16T04:21:40.9095066Z  * [new tag]             0.0.139                -> 0.0.139
handle-success	Checkout code	2026-02-16T04:21:40.9095452Z  * [new tag]             0.0.14                 -> 0.0.14
handle-success	Checkout code	2026-02-16T04:21:40.9095839Z  * [new tag]             0.0.140                -> 0.0.140
handle-success	Checkout code	2026-02-16T04:21:40.9096230Z  * [new tag]             0.0.141                -> 0.0.141
handle-success	Checkout code	2026-02-16T04:21:40.9096612Z  * [new tag]             0.0.142                -> 0.0.142
handle-success	Checkout code	2026-02-16T04:21:40.9097145Z  * [new tag]             0.0.143                -> 0.0.143
handle-success	Checkout code	2026-02-16T04:21:40.9097543Z  * [new tag]             0.0.144                -> 0.0.144
handle-success	Checkout code	2026-02-16T04:21:40.9111137Z  * [new tag]             0.0.145                -> 0.0.145
handle-success	Checkout code	2026-02-16T04:21:40.9111573Z  * [new tag]             0.0.146                -> 0.0.146
handle-success	Checkout code	2026-02-16T04:21:40.9112025Z  * [new tag]             0.0.147                -> 0.0.147
handle-success	Checkout code	2026-02-16T04:21:40.9112503Z  * [new tag]             0.0.148                -> 0.0.148
handle-success	Checkout code	2026-02-16T04:21:40.9112922Z  * [new tag]             0.0.149                -> 0.0.149
handle-success	Checkout code	2026-02-16T04:21:40.9113331Z  * [new tag]             0.0.15                 -> 0.0.15
handle-success	Checkout code	2026-02-16T04:21:40.9113743Z  * [new tag]             0.0.150                -> 0.0.150
handle-success	Checkout code	2026-02-16T04:21:40.9114157Z  * [new tag]             0.0.151                -> 0.0.151
handle-success	Checkout code	2026-02-16T04:21:40.9114573Z  * [new tag]             0.0.152                -> 0.0.152
handle-success	Checkout code	2026-02-16T04:21:40.9114995Z  * [new tag]             0.0.153                -> 0.0.153
handle-success	Checkout code	2026-02-16T04:21:40.9115406Z  * [new tag]             0.0.154                -> 0.0.154
handle-success	Checkout code	2026-02-16T04:21:40.9115838Z  * [new tag]             0.0.155                -> 0.0.155
handle-success	Checkout code	2026-02-16T04:21:40.9116548Z  * [new tag]             0.0.156                -> 0.0.156
handle-success	Checkout code	2026-02-16T04:21:40.9116959Z  * [new tag]             0.0.157                -> 0.0.157
handle-success	Checkout code	2026-02-16T04:21:40.9117369Z  * [new tag]             0.0.158                -> 0.0.158
handle-success	Checkout code	2026-02-16T04:21:40.9117770Z  * [new tag]             0.0.159                -> 0.0.159
handle-success	Checkout code	2026-02-16T04:21:40.9118184Z  * [new tag]             0.0.16                 -> 0.0.16
handle-success	Checkout code	2026-02-16T04:21:40.9118621Z  * [new tag]             0.0.160                -> 0.0.160
handle-success	Checkout code	2026-02-16T04:21:40.9119030Z  * [new tag]             0.0.161                -> 0.0.161
handle-success	Checkout code	2026-02-16T04:21:40.9119442Z  * [new tag]             0.0.162                -> 0.0.162
handle-success	Checkout code	2026-02-16T04:21:40.9120261Z  * [new tag]             0.0.163                -> 0.0.163
handle-success	Checkout code	2026-02-16T04:21:40.9120850Z  * [new tag]             0.0.164                -> 0.0.164
handle-success	Checkout code	2026-02-16T04:21:40.9121272Z  * [new tag]             0.0.165                -> 0.0.165
handle-success	Checkout code	2026-02-16T04:21:40.9121713Z  * [new tag]             0.0.166                -> 0.0.166
handle-success	Checkout code	2026-02-16T04:21:40.9122127Z  * [new tag]             0.0.167                -> 0.0.167
handle-success	Checkout code	2026-02-16T04:21:40.9122537Z  * [new tag]             0.0.168                -> 0.0.168
handle-success	Checkout code	2026-02-16T04:21:40.9122941Z  * [new tag]             0.0.169                -> 0.0.169
handle-success	Checkout code	2026-02-16T04:21:40.9123351Z  * [new tag]             0.0.17                 -> 0.0.17
handle-success	Checkout code	2026-02-16T04:21:40.9123768Z  * [new tag]             0.0.170                -> 0.0.170
handle-success	Checkout code	2026-02-16T04:21:40.9124187Z  * [new tag]             0.0.171                -> 0.0.171
handle-success	Checkout code	2026-02-16T04:21:40.9124597Z  * [new tag]             0.0.172                -> 0.0.172
handle-success	Checkout code	2026-02-16T04:21:40.9125019Z  * [new tag]             0.0.173                -> 0.0.173
handle-success	Checkout code	2026-02-16T04:21:40.9125434Z  * [new tag]             0.0.174                -> 0.0.174
handle-success	Checkout code	2026-02-16T04:21:40.9125850Z  * [new tag]             0.0.175                -> 0.0.175
handle-success	Checkout code	2026-02-16T04:21:40.9126272Z  * [new tag]             0.0.176                -> 0.0.176
handle-success	Checkout code	2026-02-16T04:21:40.9126733Z  * [new tag]             0.0.177                -> 0.0.177
handle-success	Checkout code	2026-02-16T04:21:40.9127150Z  * [new tag]             0.0.178                -> 0.0.178
handle-success	Checkout code	2026-02-16T04:21:40.9127564Z  * [new tag]             0.0.179                -> 0.0.179
handle-success	Checkout code	2026-02-16T04:21:40.9127993Z  * [new tag]             0.0.18                 -> 0.0.18
handle-success	Checkout code	2026-02-16T04:21:40.9128419Z  * [new tag]             0.0.19                 -> 0.0.19
handle-success	Checkout code	2026-02-16T04:21:40.9128857Z  * [new tag]             0.0.2                  -> 0.0.2
handle-success	Checkout code	2026-02-16T04:21:40.9129460Z  * [new tag]             0.0.20                 -> 0.0.20
handle-success	Checkout code	2026-02-16T04:21:40.9130189Z  * [new tag]             0.0.21                 -> 0.0.21
handle-success	Checkout code	2026-02-16T04:21:40.9130629Z  * [new tag]             0.0.22                 -> 0.0.22
handle-success	Checkout code	2026-02-16T04:21:40.9131042Z  * [new tag]             0.0.23                 -> 0.0.23
handle-success	Checkout code	2026-02-16T04:21:40.9131455Z  * [new tag]             0.0.24                 -> 0.0.24
handle-success	Checkout code	2026-02-16T04:21:40.9132259Z  * [new tag]             0.0.25                 -> 0.0.25
handle-success	Checkout code	2026-02-16T04:21:40.9132842Z  * [new tag]             0.0.26                 -> 0.0.26
handle-success	Checkout code	2026-02-16T04:21:40.9133257Z  * [new tag]             0.0.27                 -> 0.0.27
handle-success	Checkout code	2026-02-16T04:21:40.9133662Z  * [new tag]             0.0.28                 -> 0.0.28
handle-success	Checkout code	2026-02-16T04:21:40.9134064Z  * [new tag]             0.0.29                 -> 0.0.29
handle-success	Checkout code	2026-02-16T04:21:40.9134471Z  * [new tag]             0.0.3                  -> 0.0.3
handle-success	Checkout code	2026-02-16T04:21:40.9134880Z  * [new tag]             0.0.30                 -> 0.0.30
handle-success	Checkout code	2026-02-16T04:21:40.9135288Z  * [new tag]             0.0.31                 -> 0.0.31
handle-success	Checkout code	2026-02-16T04:21:40.9135698Z  * [new tag]             0.0.32                 -> 0.0.32
handle-success	Checkout code	2026-02-16T04:21:40.9136093Z  * [new tag]             0.0.33                 -> 0.0.33
handle-success	Checkout code	2026-02-16T04:21:40.9136501Z  * [new tag]             0.0.34                 -> 0.0.34
handle-success	Checkout code	2026-02-16T04:21:40.9136906Z  * [new tag]             0.0.35                 -> 0.0.35
handle-success	Checkout code	2026-02-16T04:21:40.9137669Z  * [new tag]             0.0.36                 -> 0.0.36
handle-success	Checkout code	2026-02-16T04:21:40.9138230Z  * [new tag]             0.0.37                 -> 0.0.37
handle-success	Checkout code	2026-02-16T04:21:40.9138757Z  * [new tag]             0.0.38                 -> 0.0.38
handle-success	Checkout code	2026-02-16T04:21:40.9139181Z  * [new tag]             0.0.39                 -> 0.0.39
handle-success	Checkout code	2026-02-16T04:21:40.9139749Z  * [new tag]             0.0.4                  -> 0.0.4
handle-success	Checkout code	2026-02-16T04:21:40.9140170Z  * [new tag]             0.0.40                 -> 0.0.40
handle-success	Checkout code	2026-02-16T04:21:40.9140716Z  * [new tag]             0.0.41                 -> 0.0.41
handle-success	Checkout code	2026-02-16T04:21:40.9141131Z  * [new tag]             0.0.42                 -> 0.0.42
handle-success	Checkout code	2026-02-16T04:21:40.9141539Z  * [new tag]             0.0.43                 -> 0.0.43
handle-success	Checkout code	2026-02-16T04:21:40.9141947Z  * [new tag]             0.0.44                 -> 0.0.44
handle-success	Checkout code	2026-02-16T04:21:40.9142355Z  * [new tag]             0.0.45                 -> 0.0.45
handle-success	Checkout code	2026-02-16T04:21:40.9142753Z  * [new tag]             0.0.46                 -> 0.0.46
handle-success	Checkout code	2026-02-16T04:21:40.9143201Z  * [new tag]             0.0.47                 -> 0.0.47
handle-success	Checkout code	2026-02-16T04:21:40.9143616Z  * [new tag]             0.0.48                 -> 0.0.48
handle-success	Checkout code	2026-02-16T04:21:40.9144023Z  * [new tag]             0.0.49                 -> 0.0.49
handle-success	Checkout code	2026-02-16T04:21:40.9144434Z  * [new tag]             0.0.5                  -> 0.0.5
handle-success	Checkout code	2026-02-16T04:21:40.9144837Z  * [new tag]             0.0.50                 -> 0.0.50
handle-success	Checkout code	2026-02-16T04:21:40.9145238Z  * [new tag]             0.0.51                 -> 0.0.51
handle-success	Checkout code	2026-02-16T04:21:40.9145650Z  * [new tag]             0.0.52                 -> 0.0.52
handle-success	Checkout code	2026-02-16T04:21:40.9146053Z  * [new tag]             0.0.53                 -> 0.0.53
handle-success	Checkout code	2026-02-16T04:21:40.9146449Z  * [new tag]             0.0.54                 -> 0.0.54
handle-success	Checkout code	2026-02-16T04:21:40.9146859Z  * [new tag]             0.0.55                 -> 0.0.55
handle-success	Checkout code	2026-02-16T04:21:40.9147260Z  * [new tag]             0.0.56                 -> 0.0.56
handle-success	Checkout code	2026-02-16T04:21:40.9147666Z  * [new tag]             0.0.57                 -> 0.0.57
handle-success	Checkout code	2026-02-16T04:21:40.9148094Z  * [new tag]             0.0.58                 -> 0.0.58
handle-success	Checkout code	2026-02-16T04:21:40.9148492Z  * [new tag]             0.0.59                 -> 0.0.59
handle-success	Checkout code	2026-02-16T04:21:40.9148906Z  * [new tag]             0.0.6                  -> 0.0.6
handle-success	Checkout code	2026-02-16T04:21:40.9149319Z  * [new tag]             0.0.60                 -> 0.0.60
handle-success	Checkout code	2026-02-16T04:21:40.9149920Z  * [new tag]             0.0.61                 -> 0.0.61
handle-success	Checkout code	2026-02-16T04:21:40.9150465Z  * [new tag]             0.0.62                 -> 0.0.62
handle-success	Checkout code	2026-02-16T04:21:40.9150883Z  * [new tag]             0.0.63                 -> 0.0.63
handle-success	Checkout code	2026-02-16T04:21:40.9151284Z  * [new tag]             0.0.64                 -> 0.0.64
handle-success	Checkout code	2026-02-16T04:21:40.9151683Z  * [new tag]             0.0.65                 -> 0.0.65
handle-success	Checkout code	2026-02-16T04:21:40.9152084Z  * [new tag]             0.0.66                 -> 0.0.66
handle-success	Checkout code	2026-02-16T04:21:40.9152484Z  * [new tag]             0.0.67                 -> 0.0.67
handle-success	Checkout code	2026-02-16T04:21:40.9152886Z  * [new tag]             0.0.68                 -> 0.0.68
handle-success	Checkout code	2026-02-16T04:21:40.9153650Z  * [new tag]             0.0.69                 -> 0.0.69
handle-success	Checkout code	2026-02-16T04:21:40.9154197Z  * [new tag]             0.0.7                  -> 0.0.7
handle-success	Checkout code	2026-02-16T04:21:40.9154723Z  * [new tag]             0.0.70                 -> 0.0.70
handle-success	Checkout code	2026-02-16T04:21:40.9155131Z  * [new tag]             0.0.71                 -> 0.0.71
handle-success	Checkout code	2026-02-16T04:21:40.9155528Z  * [new tag]             0.0.72                 -> 0.0.72
handle-success	Checkout code	2026-02-16T04:21:40.9155936Z  * [new tag]             0.0.73                 -> 0.0.73
handle-success	Checkout code	2026-02-16T04:21:40.9156448Z  * [new tag]             0.0.74                 -> 0.0.74
handle-success	Checkout code	2026-02-16T04:21:40.9156994Z  * [new tag]             0.0.75                 -> 0.0.75
handle-success	Checkout code	2026-02-16T04:21:40.9157717Z  * [new tag]             0.0.76                 -> 0.0.76
handle-success	Checkout code	2026-02-16T04:21:40.9158184Z  * [new tag]             0.0.77                 -> 0.0.77
handle-success	Checkout code	2026-02-16T04:21:40.9158584Z  * [new tag]             0.0.78                 -> 0.0.78
handle-success	Checkout code	2026-02-16T04:21:40.9159424Z  * [new tag]             0.0.79                 -> 0.0.79
handle-success	Checkout code	2026-02-16T04:21:40.9160045Z  * [new tag]             0.0.8                  -> 0.0.8
handle-success	Checkout code	2026-02-16T04:21:40.9160443Z  * [new tag]             0.0.80                 -> 0.0.80
handle-success	Checkout code	2026-02-16T04:21:40.9160844Z  * [new tag]             0.0.81                 -> 0.0.81
handle-success	Checkout code	2026-02-16T04:21:40.9161241Z  * [new tag]             0.0.82                 -> 0.0.82
handle-success	Checkout code	2026-02-16T04:21:40.9161643Z  * [new tag]             0.0.83                 -> 0.0.83
handle-success	Checkout code	2026-02-16T04:21:40.9162043Z  * [new tag]             0.0.84                 -> 0.0.84
handle-success	Checkout code	2026-02-16T04:21:40.9162468Z  * [new tag]             0.0.85                 -> 0.0.85
handle-success	Checkout code	2026-02-16T04:21:40.9162894Z  * [new tag]             0.0.86                 -> 0.0.86
handle-success	Checkout code	2026-02-16T04:21:40.9163301Z  * [new tag]             0.0.87                 -> 0.0.87
handle-success	Checkout code	2026-02-16T04:21:40.9163703Z  * [new tag]             0.0.88                 -> 0.0.88
handle-success	Checkout code	2026-02-16T04:21:40.9164108Z  * [new tag]             0.0.89                 -> 0.0.89
handle-success	Checkout code	2026-02-16T04:21:40.9164554Z  * [new tag]             0.0.9                  -> 0.0.9
handle-success	Checkout code	2026-02-16T04:21:40.9164956Z  * [new tag]             0.0.90                 -> 0.0.90
handle-success	Checkout code	2026-02-16T04:21:40.9165376Z  * [new tag]             0.0.91                 -> 0.0.91
handle-success	Checkout code	2026-02-16T04:21:40.9165787Z  * [new tag]             0.0.92                 -> 0.0.92
handle-success	Checkout code	2026-02-16T04:21:40.9166186Z  * [new tag]             0.0.93                 -> 0.0.93
handle-success	Checkout code	2026-02-16T04:21:40.9166589Z  * [new tag]             0.0.94                 -> 0.0.94
handle-success	Checkout code	2026-02-16T04:21:40.9166993Z  * [new tag]             0.0.95                 -> 0.0.95
handle-success	Checkout code	2026-02-16T04:21:40.9167412Z  * [new tag]             0.0.96                 -> 0.0.96
handle-success	Checkout code	2026-02-16T04:21:40.9167832Z  * [new tag]             0.0.97                 -> 0.0.97
handle-success	Checkout code	2026-02-16T04:21:40.9168257Z  * [new tag]             0.0.98                 -> 0.0.98
handle-success	Checkout code	2026-02-16T04:21:40.9168668Z  * [new tag]             0.0.99                 -> 0.0.99
handle-success	Checkout code	2026-02-16T04:21:40.9169077Z  * [new tag]             0.1.0                  -> 0.1.0
handle-success	Checkout code	2026-02-16T04:21:40.9169684Z  * [new tag]             0.1.1                  -> 0.1.1
handle-success	Checkout code	2026-02-16T04:21:40.9170160Z  * [new tag]             0.2.0                  -> 0.2.0
handle-success	Checkout code	2026-02-16T04:21:40.9170719Z  * [new tag]             0.3.0                  -> 0.3.0
handle-success	Checkout code	2026-02-16T04:21:40.9171128Z  * [new tag]             0.3.1                  -> 0.3.1
handle-success	Checkout code	2026-02-16T04:21:40.9171526Z  * [new tag]             0.3.10                 -> 0.3.10
handle-success	Checkout code	2026-02-16T04:21:40.9171927Z  * [new tag]             0.3.11                 -> 0.3.11
handle-success	Checkout code	2026-02-16T04:21:40.9172332Z  * [new tag]             0.3.12                 -> 0.3.12
handle-success	Checkout code	2026-02-16T04:21:40.9172735Z  * [new tag]             0.3.13                 -> 0.3.13
handle-success	Checkout code	2026-02-16T04:21:40.9173130Z  * [new tag]             0.3.14                 -> 0.3.14
handle-success	Checkout code	2026-02-16T04:21:40.9173529Z  * [new tag]             0.3.15                 -> 0.3.15
handle-success	Checkout code	2026-02-16T04:21:40.9173939Z  * [new tag]             0.3.16                 -> 0.3.16
handle-success	Checkout code	2026-02-16T04:21:40.9174348Z  * [new tag]             0.3.17                 -> 0.3.17
handle-success	Checkout code	2026-02-16T04:21:40.9175503Z  * [new tag]             0.3.2                  -> 0.3.2
handle-success	Checkout code	2026-02-16T04:21:40.9175920Z  * [new tag]             0.3.3                  -> 0.3.3
handle-success	Checkout code	2026-02-16T04:21:40.9176323Z  * [new tag]             0.3.4                  -> 0.3.4
handle-success	Checkout code	2026-02-16T04:21:40.9176729Z  * [new tag]             0.3.5                  -> 0.3.5
handle-success	Checkout code	2026-02-16T04:21:40.9177126Z  * [new tag]             0.3.6                  -> 0.3.6
handle-success	Checkout code	2026-02-16T04:21:40.9177522Z  * [new tag]             0.3.7                  -> 0.3.7
handle-success	Checkout code	2026-02-16T04:21:40.9177916Z  * [new tag]             0.3.8                  -> 0.3.8
handle-success	Checkout code	2026-02-16T04:21:40.9178315Z  * [new tag]             0.3.9                  -> 0.3.9
handle-success	Checkout code	2026-02-16T04:21:40.9178734Z  * [new tag]             0.4.0                  -> 0.4.0
handle-success	Checkout code	2026-02-16T04:21:40.9179135Z  * [new tag]             0.4.1                  -> 0.4.1
handle-success	Checkout code	2026-02-16T04:21:40.9179703Z  * [new tag]             0.4.2                  -> 0.4.2
handle-success	Checkout code	2026-02-16T04:21:40.9180129Z  * [new tag]             0.4.3                  -> 0.4.3
handle-success	Checkout code	2026-02-16T04:21:40.9180950Z  * [new tag]             0.4.4                  -> 0.4.4
handle-success	Checkout code	2026-02-16T04:21:40.9181483Z  * [new tag]             0.4.5                  -> 0.4.5
handle-success	Checkout code	2026-02-16T04:21:40.9181887Z  * [new tag]             0.4.6                  -> 0.4.6
handle-success	Checkout code	2026-02-16T04:21:40.9182413Z  * [new tag]             0.4.7                  -> 0.4.7
handle-success	Checkout code	2026-02-16T04:21:40.9182818Z  * [new tag]             0.4.8                  -> 0.4.8
handle-success	Checkout code	2026-02-16T04:21:40.9183212Z  * [new tag]             0.4.9                  -> 0.4.9
handle-success	Checkout code	2026-02-16T04:21:40.9183614Z  * [new tag]             0.5.0                  -> 0.5.0
handle-success	Checkout code	2026-02-16T04:21:40.9184013Z  * [new tag]             0.5.1                  -> 0.5.1
handle-success	Checkout code	2026-02-16T04:21:40.9184400Z  * [new tag]             0.5.2                  -> 0.5.2
handle-success	Checkout code	2026-02-16T04:21:40.9184795Z  * [new tag]             0.6.0                  -> 0.6.0
handle-success	Checkout code	2026-02-16T04:21:40.9185191Z  * [new tag]             0.6.1                  -> 0.6.1
handle-success	Checkout code	2026-02-16T04:21:40.9185588Z  * [new tag]             0.6.2                  -> 0.6.2
handle-success	Checkout code	2026-02-16T04:21:40.9376946Z [command]/usr/bin/git branch --list --remote origin/main
handle-success	Checkout code	2026-02-16T04:21:40.9462448Z   origin/main
handle-success	Checkout code	2026-02-16T04:21:40.9475258Z [command]/usr/bin/git rev-parse refs/remotes/origin/main
handle-success	Checkout code	2026-02-16T04:21:40.9512652Z f50473ccb3a78a16671ca8d5cf8d209b614a08cb
handle-success	Checkout code	2026-02-16T04:21:40.9534013Z [command]/usr/bin/git -c protocol.version=2 fetch --no-tags --prune --no-recurse-submodules origin +3dab421392e7c04ff2789dddf7e446ef04bb50bd:refs/remotes/origin/main
handle-success	Checkout code	2026-02-16T04:21:40.9742673Z From https://github.com/Ka0s-Klaus/ka0s
handle-success	Checkout code	2026-02-16T04:21:40.9745553Z  + f50473ccb...3dab42139 3dab421392e7c04ff2789dddf7e446ef04bb50bd -> origin/main  (forced update)
handle-success	Checkout code	2026-02-16T04:21:40.9795273Z ##[endgroup]
handle-success	Checkout code	2026-02-16T04:21:40.9795919Z ##[group]Determining the checkout info
handle-success	Checkout code	2026-02-16T04:21:40.9801664Z ##[endgroup]
handle-success	Checkout code	2026-02-16T04:21:40.9809164Z [command]/usr/bin/git sparse-checkout disable
handle-success	Checkout code	2026-02-16T04:21:40.9875265Z [command]/usr/bin/git config --local --unset-all extensions.worktreeConfig
handle-success	Checkout code	2026-02-16T04:21:40.9946033Z ##[group]Checking out the ref
handle-success	Checkout code	2026-02-16T04:21:40.9948635Z [command]/usr/bin/git checkout --progress --force -B main refs/remotes/origin/main
handle-success	Checkout code	2026-02-16T04:21:41.2673075Z Switched to a new branch 'main'
handle-success	Checkout code	2026-02-16T04:21:41.2681895Z branch 'main' set up to track 'origin/main'.
handle-success	Checkout code	2026-02-16T04:21:41.2746603Z ##[endgroup]
handle-success	Checkout code	2026-02-16T04:21:41.2830436Z [command]/usr/bin/git log -1 --format=%H
handle-success	Checkout code	2026-02-16T04:21:41.2877826Z 3dab421392e7c04ff2789dddf7e446ef04bb50bd
handle-success	handle-success-execution	Ôªø2026-02-16T04:21:41.3234837Z ##[group]Run # Si todo ha ido correcto a√±adimos el contenido del fichero 
handle-success	handle-success-execution	2026-02-16T04:21:41.3235491Z [36;1m# Si todo ha ido correcto a√±adimos el contenido del fichero [0m
handle-success	handle-success-execution	2026-02-16T04:21:41.3235935Z [36;1mecho "Process completed successfully 22049983460"[0m
handle-success	handle-success-execution	2026-02-16T04:21:41.3236355Z [36;1m# RNNUMBER=$(echo "refs/heads/main" | grep -o '[0-9]*')[0m
handle-success	handle-success-execution	2026-02-16T04:21:41.3237162Z [36;1m# gh issue comment $RNNUMBER --body "El proceso ha finalizado correctamente 22049983460. El resultado est√° en el fichero core/results/event_data_22049983460.log"[0m
handle-success	handle-success-execution	2026-02-16T04:21:41.3258255Z shell: /usr/bin/bash -e {0}
handle-success	handle-success-execution	2026-02-16T04:21:41.3258562Z env:
handle-success	handle-success-execution	2026-02-16T04:21:41.3258782Z   PYTHON_VERSION: 3.9
handle-success	handle-success-execution	2026-02-16T04:21:41.3260022Z   MONGO_SUPERUSER_CONNECTION: ***
handle-success	handle-success-execution	2026-02-16T04:21:41.3260570Z   MONGO_NEW_PASS: ***
handle-success	handle-success-execution	2026-02-16T04:21:41.3260895Z   MONGO_SCRIPT_CREATE: devops/core/mongo/scripts/add-doc-to-db.py
handle-success	handle-success-execution	2026-02-16T04:21:41.3261260Z   KAOS_CODE: 22049983460
handle-success	handle-success-execution	2026-02-16T04:21:41.3261527Z   KAOS_MODULE: [Ka0s] Autom add docs to MongoDB
handle-success	handle-success-execution	2026-02-16T04:21:41.3261880Z   REPORT_SCAN: audit/
handle-success	handle-success-execution	2026-02-16T04:21:41.3262107Z   REPORT_PATH: audit/mongodb/
handle-success	handle-success-execution	2026-02-16T04:21:41.3262772Z   REPORT_FILENAME: mongo_setup_22049983460.json
handle-success	handle-success-execution	2026-02-16T04:21:41.3263111Z   REPORT_FILENAME_LIST: mongo_list_22049983460.json
handle-success	handle-success-execution	2026-02-16T04:21:41.3263454Z   REPORT_FILENAME_DB: mongo_create_db_22049983460.json
handle-success	handle-success-execution	2026-02-16T04:21:41.3263892Z   GH_TOKEN: ***
handle-success	handle-success-execution	2026-02-16T04:21:41.3264103Z ##[endgroup]
handle-success	handle-success-execution	2026-02-16T04:21:41.3366000Z Process completed successfully 22049983460
handle-success	Post Checkout code	Ôªø2026-02-16T04:21:41.3606584Z Post job cleanup.
handle-success	Post Checkout code	2026-02-16T04:21:41.4776164Z [command]/usr/bin/git version
handle-success	Post Checkout code	2026-02-16T04:21:41.4830493Z git version 2.52.0
handle-success	Post Checkout code	2026-02-16T04:21:41.4887411Z Temporarily overriding HOME='/home/runner/_work/_temp/a39e40fb-9cff-42be-97c7-4fbef2bd8f03' before making global git config changes
handle-success	Post Checkout code	2026-02-16T04:21:41.4888284Z Adding repository directory to the temporary git global config as a safe directory
handle-success	Post Checkout code	2026-02-16T04:21:41.4894666Z [command]/usr/bin/git config --global --add safe.directory /home/runner/_work/ka0s/ka0s
handle-success	Post Checkout code	2026-02-16T04:21:41.4951114Z [command]/usr/bin/git config --local --name-only --get-regexp core\.sshCommand
handle-success	Post Checkout code	2026-02-16T04:21:41.5010890Z [command]/usr/bin/git submodule foreach --recursive sh -c "git config --local --name-only --get-regexp 'core\.sshCommand' && git config --local --unset-all 'core.sshCommand' || :"
handle-success	Post Checkout code	2026-02-16T04:21:41.5374858Z [command]/usr/bin/git config --local --name-only --get-regexp http\.https\:\/\/github\.com\/\.extraheader
handle-success	Post Checkout code	2026-02-16T04:21:41.5409448Z http.https://github.com/.extraheader
handle-success	Post Checkout code	2026-02-16T04:21:41.5424109Z [command]/usr/bin/git config --local --unset-all http.https://github.com/.extraheader
handle-success	Post Checkout code	2026-02-16T04:21:41.5471010Z [command]/usr/bin/git submodule foreach --recursive sh -c "git config --local --name-only --get-regexp 'http\.https\:\/\/github\.com\/\.extraheader' && git config --local --unset-all 'http.https://github.com/.extraheader' || :"
handle-success	Post Checkout code	2026-02-16T04:21:41.5837315Z [command]/usr/bin/git config --local --name-only --get-regexp ^includeIf\.gitdir:
handle-success	Post Checkout code	2026-02-16T04:21:41.5879071Z [command]/usr/bin/git submodule foreach --recursive git config --local --show-origin --name-only --get-regexp remote.origin.url
handle-success	Complete job	Ôªø2026-02-16T04:21:41.6372016Z Cleaning up orphan processes
end-workflow	Set up job	Ôªø2026-02-16T04:21:53.0942087Z Current runner version: '2.331.0'
end-workflow	Set up job	2026-02-16T04:21:53.0950921Z Runner name: 'swarm-runners-scaleset-hkss5-runner-88gq9'
end-workflow	Set up job	2026-02-16T04:21:53.0951889Z Runner group name: 'Default'
end-workflow	Set up job	2026-02-16T04:21:53.0952932Z Machine name: 'swarm-runners-scaleset-hkss5-runner-88gq9'
end-workflow	Set up job	2026-02-16T04:21:53.0956862Z ##[group]GITHUB_TOKEN Permissions
end-workflow	Set up job	2026-02-16T04:21:53.0959957Z Actions: write
end-workflow	Set up job	2026-02-16T04:21:53.0960545Z Contents: write
end-workflow	Set up job	2026-02-16T04:21:53.0961305Z Issues: write
end-workflow	Set up job	2026-02-16T04:21:53.0961914Z Metadata: read
end-workflow	Set up job	2026-02-16T04:21:53.0962426Z PullRequests: write
end-workflow	Set up job	2026-02-16T04:21:53.0963052Z ##[endgroup]
end-workflow	Set up job	2026-02-16T04:21:53.0965313Z Secret source: Actions
end-workflow	Set up job	2026-02-16T04:21:53.0966056Z Prepare workflow directory
end-workflow	Set up job	2026-02-16T04:21:53.1545577Z Prepare all required actions
end-workflow	Set up job	2026-02-16T04:21:53.1585323Z Getting action download info
end-workflow	Set up job	2026-02-16T04:21:53.7549272Z Download action repository 'actions/checkout@v4' (SHA:34e114876b0b11c390a56381ad16ebd13914f8d5)
end-workflow	Set up job	2026-02-16T04:21:54.6715550Z Complete job name: end-workflow
end-workflow	Checkout Repository	Ôªø2026-02-16T04:21:54.7335647Z ##[group]Run actions/checkout@v4
end-workflow	Checkout Repository	2026-02-16T04:21:54.7336582Z with:
end-workflow	Checkout Repository	2026-02-16T04:21:54.7337014Z   fetch-depth: 0
end-workflow	Checkout Repository	2026-02-16T04:21:54.7337464Z   repository: Ka0s-Klaus/ka0s
end-workflow	Checkout Repository	2026-02-16T04:21:54.7338222Z   token: ***
end-workflow	Checkout Repository	2026-02-16T04:21:54.7338640Z   ssh-strict: true
end-workflow	Checkout Repository	2026-02-16T04:21:54.7339064Z   ssh-user: git
end-workflow	Checkout Repository	2026-02-16T04:21:54.7339704Z   persist-credentials: true
end-workflow	Checkout Repository	2026-02-16T04:21:54.7340498Z   clean: true
end-workflow	Checkout Repository	2026-02-16T04:21:54.7341057Z   sparse-checkout-cone-mode: true
end-workflow	Checkout Repository	2026-02-16T04:21:54.7341596Z   fetch-tags: false
end-workflow	Checkout Repository	2026-02-16T04:21:54.7342033Z   show-progress: true
end-workflow	Checkout Repository	2026-02-16T04:21:54.7342484Z   lfs: false
end-workflow	Checkout Repository	2026-02-16T04:21:54.7342906Z   submodules: false
end-workflow	Checkout Repository	2026-02-16T04:21:54.7343350Z   set-safe-directory: true
end-workflow	Checkout Repository	2026-02-16T04:21:54.7344066Z env:
end-workflow	Checkout Repository	2026-02-16T04:21:54.7344480Z   PYTHON_VERSION: 3.9
end-workflow	Checkout Repository	2026-02-16T04:21:54.7345703Z   MONGO_SUPERUSER_CONNECTION: ***
end-workflow	Checkout Repository	2026-02-16T04:21:54.7346407Z   MONGO_NEW_PASS: ***
end-workflow	Checkout Repository	2026-02-16T04:21:54.7347024Z   MONGO_SCRIPT_CREATE: devops/core/mongo/scripts/add-doc-to-db.py
end-workflow	Checkout Repository	2026-02-16T04:21:54.7347786Z   KAOS_CODE: 22049983460
end-workflow	Checkout Repository	2026-02-16T04:21:54.7348306Z   KAOS_MODULE: [Ka0s] Autom add docs to MongoDB
end-workflow	Checkout Repository	2026-02-16T04:21:54.7348900Z   REPORT_SCAN: audit/
end-workflow	Checkout Repository	2026-02-16T04:21:54.7349366Z   REPORT_PATH: audit/mongodb/
end-workflow	Checkout Repository	2026-02-16T04:21:54.7350456Z   REPORT_FILENAME: mongo_setup_22049983460.json
end-workflow	Checkout Repository	2026-02-16T04:21:54.7351110Z   REPORT_FILENAME_LIST: mongo_list_22049983460.json
end-workflow	Checkout Repository	2026-02-16T04:21:54.7351795Z   REPORT_FILENAME_DB: mongo_create_db_22049983460.json
end-workflow	Checkout Repository	2026-02-16T04:21:54.7352413Z ##[endgroup]
end-workflow	Checkout Repository	2026-02-16T04:21:54.8617417Z Syncing repository: Ka0s-Klaus/ka0s
end-workflow	Checkout Repository	2026-02-16T04:21:54.8620275Z ##[group]Getting Git version info
end-workflow	Checkout Repository	2026-02-16T04:21:54.8621052Z Working directory is '/home/runner/_work/ka0s/ka0s'
end-workflow	Checkout Repository	2026-02-16T04:21:54.8622103Z [command]/usr/bin/git version
end-workflow	Checkout Repository	2026-02-16T04:21:54.8622869Z git version 2.52.0
end-workflow	Checkout Repository	2026-02-16T04:21:54.8649061Z ##[endgroup]
end-workflow	Checkout Repository	2026-02-16T04:21:54.8670395Z Temporarily overriding HOME='/home/runner/_work/_temp/40926112-7667-4435-ab48-f0dbfb124ced' before making global git config changes
end-workflow	Checkout Repository	2026-02-16T04:21:54.8698205Z Adding repository directory to the temporary git global config as a safe directory
end-workflow	Checkout Repository	2026-02-16T04:21:54.8700988Z [command]/usr/bin/git config --global --add safe.directory /home/runner/_work/ka0s/ka0s
end-workflow	Checkout Repository	2026-02-16T04:21:54.8734325Z Deleting the contents of '/home/runner/_work/ka0s/ka0s'
end-workflow	Checkout Repository	2026-02-16T04:21:54.8744721Z ##[group]Initializing the repository
end-workflow	Checkout Repository	2026-02-16T04:21:54.8748265Z [command]/usr/bin/git init /home/runner/_work/ka0s/ka0s
end-workflow	Checkout Repository	2026-02-16T04:21:54.8811506Z hint: Using 'master' as the name for the initial branch. This default branch name
end-workflow	Checkout Repository	2026-02-16T04:21:54.8812905Z hint: will change to "main" in Git 3.0. To configure the initial branch name
end-workflow	Checkout Repository	2026-02-16T04:21:54.8814296Z hint: to use in all of your new repositories, which will suppress this warning,
end-workflow	Checkout Repository	2026-02-16T04:21:54.8815070Z hint: call:
end-workflow	Checkout Repository	2026-02-16T04:21:54.8815598Z hint:
end-workflow	Checkout Repository	2026-02-16T04:21:54.8816111Z hint: 	git config --global init.defaultBranch <name>
end-workflow	Checkout Repository	2026-02-16T04:21:54.8816725Z hint:
end-workflow	Checkout Repository	2026-02-16T04:21:54.8822942Z hint: Names commonly chosen instead of 'master' are 'main', 'trunk' and
end-workflow	Checkout Repository	2026-02-16T04:21:54.8824554Z hint: 'development'. The just-created branch can be renamed via this command:
end-workflow	Checkout Repository	2026-02-16T04:21:54.8825455Z hint:
end-workflow	Checkout Repository	2026-02-16T04:21:54.8825884Z hint: 	git branch -m <name>
end-workflow	Checkout Repository	2026-02-16T04:21:54.8826372Z hint:
end-workflow	Checkout Repository	2026-02-16T04:21:54.8827015Z hint: Disable this message with "git config set advice.defaultBranchName false"
end-workflow	Checkout Repository	2026-02-16T04:21:54.8828068Z Initialized empty Git repository in /home/runner/_work/ka0s/ka0s/.git/
end-workflow	Checkout Repository	2026-02-16T04:21:54.8830681Z [command]/usr/bin/git remote add origin https://github.com/Ka0s-Klaus/ka0s
end-workflow	Checkout Repository	2026-02-16T04:21:54.8872818Z ##[endgroup]
end-workflow	Checkout Repository	2026-02-16T04:21:54.8873749Z ##[group]Disabling automatic garbage collection
end-workflow	Checkout Repository	2026-02-16T04:21:54.8875368Z [command]/usr/bin/git config --local gc.auto 0
end-workflow	Checkout Repository	2026-02-16T04:21:54.8918934Z ##[endgroup]
end-workflow	Checkout Repository	2026-02-16T04:21:54.8920211Z ##[group]Setting up auth
end-workflow	Checkout Repository	2026-02-16T04:21:54.8926411Z [command]/usr/bin/git config --local --name-only --get-regexp core\.sshCommand
end-workflow	Checkout Repository	2026-02-16T04:21:54.8972837Z [command]/usr/bin/git submodule foreach --recursive sh -c "git config --local --name-only --get-regexp 'core\.sshCommand' && git config --local --unset-all 'core.sshCommand' || :"
end-workflow	Checkout Repository	2026-02-16T04:21:54.9318906Z [command]/usr/bin/git config --local --name-only --get-regexp http\.https\:\/\/github\.com\/\.extraheader
end-workflow	Checkout Repository	2026-02-16T04:21:54.9359807Z [command]/usr/bin/git submodule foreach --recursive sh -c "git config --local --name-only --get-regexp 'http\.https\:\/\/github\.com\/\.extraheader' && git config --local --unset-all 'http.https://github.com/.extraheader' || :"
end-workflow	Checkout Repository	2026-02-16T04:21:54.9700445Z [command]/usr/bin/git config --local --name-only --get-regexp ^includeIf\.gitdir:
end-workflow	Checkout Repository	2026-02-16T04:21:54.9742542Z [command]/usr/bin/git submodule foreach --recursive git config --local --show-origin --name-only --get-regexp remote.origin.url
end-workflow	Checkout Repository	2026-02-16T04:21:55.0079190Z [command]/usr/bin/git config --local http.https://github.com/.extraheader AUTHORIZATION: basic ***
end-workflow	Checkout Repository	2026-02-16T04:21:55.0136706Z ##[endgroup]
end-workflow	Checkout Repository	2026-02-16T04:21:55.0137684Z ##[group]Fetching the repository
end-workflow	Checkout Repository	2026-02-16T04:21:55.0145321Z [command]/usr/bin/git -c protocol.version=2 fetch --prune --no-recurse-submodules origin +refs/heads/*:refs/remotes/origin/* +refs/tags/*:refs/tags/*
end-workflow	Checkout Repository	2026-02-16T04:22:18.2285864Z From https://github.com/Ka0s-Klaus/ka0s
end-workflow	Checkout Repository	2026-02-16T04:22:18.2287410Z  * [new branch]          F227-despliegue-de-kube-independiente-del-clouder -> origin/F227-despliegue-de-kube-independiente-del-clouder
end-workflow	Checkout Repository	2026-02-16T04:22:18.2290046Z  * [new branch]          F3450-modelo-operativo -> origin/F3450-modelo-operativo
end-workflow	Checkout Repository	2026-02-16T04:22:18.2290832Z  * [new branch]          H1151-desarrollo-de-secciones-ii -> origin/H1151-desarrollo-de-secciones-ii
end-workflow	Checkout Repository	2026-02-16T04:22:18.2291905Z  * [new branch]          H1193-ejemplo-web-documentacion -> origin/H1193-ejemplo-web-documentacion
end-workflow	Checkout Repository	2026-02-16T04:22:18.2292674Z  * [new branch]          H1276-modulo-observabilidad -> origin/H1276-modulo-observabilidad
end-workflow	Checkout Repository	2026-02-16T04:22:18.2293632Z  * [new branch]          H227-despliegue-de-kube-independiente-del-clouder -> origin/H227-despliegue-de-kube-independiente-del-clouder
end-workflow	Checkout Repository	2026-02-16T04:22:18.2294590Z  * [new branch]          H3266-deploy-zabbix    -> origin/H3266-deploy-zabbix
end-workflow	Checkout Repository	2026-02-16T04:22:18.2295190Z  * [new branch]          H3596-deploy-itop      -> origin/H3596-deploy-itop
end-workflow	Checkout Repository	2026-02-16T04:22:18.2296114Z  * [new branch]          RN227-despliegue-de-kube-independiente-del-clouder -> origin/RN227-despliegue-de-kube-independiente-del-clouder
end-workflow	Checkout Repository	2026-02-16T04:22:18.2296951Z  * [new branch]          main                   -> origin/main
end-workflow	Checkout Repository	2026-02-16T04:22:18.2297479Z  * [new tag]             0.0.0                  -> 0.0.0
end-workflow	Checkout Repository	2026-02-16T04:22:18.2297909Z  * [new tag]             0.0.1                  -> 0.0.1
end-workflow	Checkout Repository	2026-02-16T04:22:18.2298360Z  * [new tag]             0.0.10                 -> 0.0.10
end-workflow	Checkout Repository	2026-02-16T04:22:18.2298850Z  * [new tag]             0.0.100                -> 0.0.100
end-workflow	Checkout Repository	2026-02-16T04:22:18.2299382Z  * [new tag]             0.0.101                -> 0.0.101
end-workflow	Checkout Repository	2026-02-16T04:22:18.2300556Z  * [new tag]             0.0.102                -> 0.0.102
end-workflow	Checkout Repository	2026-02-16T04:22:18.2301087Z  * [new tag]             0.0.103                -> 0.0.103
end-workflow	Checkout Repository	2026-02-16T04:22:18.2301534Z  * [new tag]             0.0.104                -> 0.0.104
end-workflow	Checkout Repository	2026-02-16T04:22:18.2301941Z  * [new tag]             0.0.105                -> 0.0.105
end-workflow	Checkout Repository	2026-02-16T04:22:18.2302349Z  * [new tag]             0.0.106                -> 0.0.106
end-workflow	Checkout Repository	2026-02-16T04:22:18.2302752Z  * [new tag]             0.0.107                -> 0.0.107
end-workflow	Checkout Repository	2026-02-16T04:22:18.2303316Z  * [new tag]             0.0.108                -> 0.0.108
end-workflow	Checkout Repository	2026-02-16T04:22:18.2303742Z  * [new tag]             0.0.109                -> 0.0.109
end-workflow	Checkout Repository	2026-02-16T04:22:18.2304167Z  * [new tag]             0.0.11                 -> 0.0.11
end-workflow	Checkout Repository	2026-02-16T04:22:18.2304583Z  * [new tag]             0.0.110                -> 0.0.110
end-workflow	Checkout Repository	2026-02-16T04:22:18.2305001Z  * [new tag]             0.0.111                -> 0.0.111
end-workflow	Checkout Repository	2026-02-16T04:22:18.2305447Z  * [new tag]             0.0.112                -> 0.0.112
end-workflow	Checkout Repository	2026-02-16T04:22:18.2306462Z  * [new tag]             0.0.113                -> 0.0.113
end-workflow	Checkout Repository	2026-02-16T04:22:18.2306964Z  * [new tag]             0.0.114                -> 0.0.114
end-workflow	Checkout Repository	2026-02-16T04:22:18.2307877Z  * [new tag]             0.0.115                -> 0.0.115
end-workflow	Checkout Repository	2026-02-16T04:22:18.2308303Z  * [new tag]             0.0.116                -> 0.0.116
end-workflow	Checkout Repository	2026-02-16T04:22:18.2308719Z  * [new tag]             0.0.117                -> 0.0.117
end-workflow	Checkout Repository	2026-02-16T04:22:18.2309126Z  * [new tag]             0.0.118                -> 0.0.118
end-workflow	Checkout Repository	2026-02-16T04:22:18.2309675Z  * [new tag]             0.0.119                -> 0.0.119
end-workflow	Checkout Repository	2026-02-16T04:22:18.2310108Z  * [new tag]             0.0.12                 -> 0.0.12
end-workflow	Checkout Repository	2026-02-16T04:22:18.2310639Z  * [new tag]             0.0.120                -> 0.0.120
end-workflow	Checkout Repository	2026-02-16T04:22:18.2311041Z  * [new tag]             0.0.121                -> 0.0.121
end-workflow	Checkout Repository	2026-02-16T04:22:18.2311575Z  * [new tag]             0.0.122                -> 0.0.122
end-workflow	Checkout Repository	2026-02-16T04:22:18.2312009Z  * [new tag]             0.0.123                -> 0.0.123
end-workflow	Checkout Repository	2026-02-16T04:22:18.2312428Z  * [new tag]             0.0.124                -> 0.0.124
end-workflow	Checkout Repository	2026-02-16T04:22:18.2313093Z  * [new tag]             0.0.125                -> 0.0.125
end-workflow	Checkout Repository	2026-02-16T04:22:18.2313507Z  * [new tag]             0.0.126                -> 0.0.126
end-workflow	Checkout Repository	2026-02-16T04:22:18.2313923Z  * [new tag]             0.0.127                -> 0.0.127
end-workflow	Checkout Repository	2026-02-16T04:22:18.2314345Z  * [new tag]             0.0.128                -> 0.0.128
end-workflow	Checkout Repository	2026-02-16T04:22:18.2314760Z  * [new tag]             0.0.129                -> 0.0.129
end-workflow	Checkout Repository	2026-02-16T04:22:18.2315178Z  * [new tag]             0.0.13                 -> 0.0.13
end-workflow	Checkout Repository	2026-02-16T04:22:18.2315588Z  * [new tag]             0.0.130                -> 0.0.130
end-workflow	Checkout Repository	2026-02-16T04:22:18.2386501Z  * [new tag]             0.0.131                -> 0.0.131
end-workflow	Checkout Repository	2026-02-16T04:22:18.2387073Z  * [new tag]             0.0.132                -> 0.0.132
end-workflow	Checkout Repository	2026-02-16T04:22:18.2387531Z  * [new tag]             0.0.133                -> 0.0.133
end-workflow	Checkout Repository	2026-02-16T04:22:18.2388083Z  * [new tag]             0.0.134                -> 0.0.134
end-workflow	Checkout Repository	2026-02-16T04:22:18.2388516Z  * [new tag]             0.0.135                -> 0.0.135
end-workflow	Checkout Repository	2026-02-16T04:22:18.2388932Z  * [new tag]             0.0.136                -> 0.0.136
end-workflow	Checkout Repository	2026-02-16T04:22:18.2389346Z  * [new tag]             0.0.137                -> 0.0.137
end-workflow	Checkout Repository	2026-02-16T04:22:18.2390065Z  * [new tag]             0.0.138                -> 0.0.138
end-workflow	Checkout Repository	2026-02-16T04:22:18.2390475Z  * [new tag]             0.0.139                -> 0.0.139
end-workflow	Checkout Repository	2026-02-16T04:22:18.2390885Z  * [new tag]             0.0.14                 -> 0.0.14
end-workflow	Checkout Repository	2026-02-16T04:22:18.2391285Z  * [new tag]             0.0.140                -> 0.0.140
end-workflow	Checkout Repository	2026-02-16T04:22:18.2391689Z  * [new tag]             0.0.141                -> 0.0.141
end-workflow	Checkout Repository	2026-02-16T04:22:18.2392093Z  * [new tag]             0.0.142                -> 0.0.142
end-workflow	Checkout Repository	2026-02-16T04:22:18.2392502Z  * [new tag]             0.0.143                -> 0.0.143
end-workflow	Checkout Repository	2026-02-16T04:22:18.2392905Z  * [new tag]             0.0.144                -> 0.0.144
end-workflow	Checkout Repository	2026-02-16T04:22:18.2393773Z  * [new tag]             0.0.145                -> 0.0.145
end-workflow	Checkout Repository	2026-02-16T04:22:18.2394181Z  * [new tag]             0.0.146                -> 0.0.146
end-workflow	Checkout Repository	2026-02-16T04:22:18.2394609Z  * [new tag]             0.0.147                -> 0.0.147
end-workflow	Checkout Repository	2026-02-16T04:22:18.2395066Z  * [new tag]             0.0.148                -> 0.0.148
end-workflow	Checkout Repository	2026-02-16T04:22:18.2395484Z  * [new tag]             0.0.149                -> 0.0.149
end-workflow	Checkout Repository	2026-02-16T04:22:18.2395910Z  * [new tag]             0.0.15                 -> 0.0.15
end-workflow	Checkout Repository	2026-02-16T04:22:18.2396348Z  * [new tag]             0.0.150                -> 0.0.150
end-workflow	Checkout Repository	2026-02-16T04:22:18.2396760Z  * [new tag]             0.0.151                -> 0.0.151
end-workflow	Checkout Repository	2026-02-16T04:22:18.2397171Z  * [new tag]             0.0.152                -> 0.0.152
end-workflow	Checkout Repository	2026-02-16T04:22:18.2397579Z  * [new tag]             0.0.153                -> 0.0.153
end-workflow	Checkout Repository	2026-02-16T04:22:18.2398126Z  * [new tag]             0.0.154                -> 0.0.154
end-workflow	Checkout Repository	2026-02-16T04:22:18.2398550Z  * [new tag]             0.0.155                -> 0.0.155
end-workflow	Checkout Repository	2026-02-16T04:22:18.2399198Z  * [new tag]             0.0.156                -> 0.0.156
end-workflow	Checkout Repository	2026-02-16T04:22:18.2399869Z  * [new tag]             0.0.157                -> 0.0.157
end-workflow	Checkout Repository	2026-02-16T04:22:18.2400295Z  * [new tag]             0.0.158                -> 0.0.158
end-workflow	Checkout Repository	2026-02-16T04:22:18.2400712Z  * [new tag]             0.0.159                -> 0.0.159
end-workflow	Checkout Repository	2026-02-16T04:22:18.2401127Z  * [new tag]             0.0.16                 -> 0.0.16
end-workflow	Checkout Repository	2026-02-16T04:22:18.2401561Z  * [new tag]             0.0.160                -> 0.0.160
end-workflow	Checkout Repository	2026-02-16T04:22:18.2402094Z  * [new tag]             0.0.161                -> 0.0.161
end-workflow	Checkout Repository	2026-02-16T04:22:18.2402504Z  * [new tag]             0.0.162                -> 0.0.162
end-workflow	Checkout Repository	2026-02-16T04:22:18.2402909Z  * [new tag]             0.0.163                -> 0.0.163
end-workflow	Checkout Repository	2026-02-16T04:22:18.2403470Z  * [new tag]             0.0.164                -> 0.0.164
end-workflow	Checkout Repository	2026-02-16T04:22:18.2404334Z  * [new tag]             0.0.165                -> 0.0.165
end-workflow	Checkout Repository	2026-02-16T04:22:18.2404915Z  * [new tag]             0.0.166                -> 0.0.166
end-workflow	Checkout Repository	2026-02-16T04:22:18.2405337Z  * [new tag]             0.0.167                -> 0.0.167
end-workflow	Checkout Repository	2026-02-16T04:22:18.2405762Z  * [new tag]             0.0.168                -> 0.0.168
end-workflow	Checkout Repository	2026-02-16T04:22:18.2406213Z  * [new tag]             0.0.169                -> 0.0.169
end-workflow	Checkout Repository	2026-02-16T04:22:18.2406620Z  * [new tag]             0.0.17                 -> 0.0.17
end-workflow	Checkout Repository	2026-02-16T04:22:18.2407195Z  * [new tag]             0.0.170                -> 0.0.170
end-workflow	Checkout Repository	2026-02-16T04:22:18.2407631Z  * [new tag]             0.0.171                -> 0.0.171
end-workflow	Checkout Repository	2026-02-16T04:22:18.2408056Z  * [new tag]             0.0.172                -> 0.0.172
end-workflow	Checkout Repository	2026-02-16T04:22:18.2408584Z  * [new tag]             0.0.173                -> 0.0.173
end-workflow	Checkout Repository	2026-02-16T04:22:18.2408992Z  * [new tag]             0.0.174                -> 0.0.174
end-workflow	Checkout Repository	2026-02-16T04:22:18.2409395Z  * [new tag]             0.0.175                -> 0.0.175
end-workflow	Checkout Repository	2026-02-16T04:22:18.2410168Z  * [new tag]             0.0.176                -> 0.0.176
end-workflow	Checkout Repository	2026-02-16T04:22:18.2410720Z  * [new tag]             0.0.177                -> 0.0.177
end-workflow	Checkout Repository	2026-02-16T04:22:18.2411125Z  * [new tag]             0.0.178                -> 0.0.178
end-workflow	Checkout Repository	2026-02-16T04:22:18.2411525Z  * [new tag]             0.0.179                -> 0.0.179
end-workflow	Checkout Repository	2026-02-16T04:22:18.2411925Z  * [new tag]             0.0.18                 -> 0.0.18
end-workflow	Checkout Repository	2026-02-16T04:22:18.2412325Z  * [new tag]             0.0.19                 -> 0.0.19
end-workflow	Checkout Repository	2026-02-16T04:22:18.2413142Z  * [new tag]             0.0.2                  -> 0.0.2
end-workflow	Checkout Repository	2026-02-16T04:22:18.2413658Z  * [new tag]             0.0.20                 -> 0.0.20
end-workflow	Checkout Repository	2026-02-16T04:22:18.2414055Z  * [new tag]             0.0.21                 -> 0.0.21
end-workflow	Checkout Repository	2026-02-16T04:22:18.2414446Z  * [new tag]             0.0.22                 -> 0.0.22
end-workflow	Checkout Repository	2026-02-16T04:22:18.2414840Z  * [new tag]             0.0.23                 -> 0.0.23
end-workflow	Checkout Repository	2026-02-16T04:22:18.2415241Z  * [new tag]             0.0.24                 -> 0.0.24
end-workflow	Checkout Repository	2026-02-16T04:22:18.2415881Z  * [new tag]             0.0.25                 -> 0.0.25
end-workflow	Checkout Repository	2026-02-16T04:22:18.2416296Z  * [new tag]             0.0.26                 -> 0.0.26
end-workflow	Checkout Repository	2026-02-16T04:22:18.2416851Z  * [new tag]             0.0.27                 -> 0.0.27
end-workflow	Checkout Repository	2026-02-16T04:22:18.2417257Z  * [new tag]             0.0.28                 -> 0.0.28
end-workflow	Checkout Repository	2026-02-16T04:22:18.2417661Z  * [new tag]             0.0.29                 -> 0.0.29
end-workflow	Checkout Repository	2026-02-16T04:22:18.2418074Z  * [new tag]             0.0.3                  -> 0.0.3
end-workflow	Checkout Repository	2026-02-16T04:22:18.2418492Z  * [new tag]             0.0.30                 -> 0.0.30
end-workflow	Checkout Repository	2026-02-16T04:22:18.2418910Z  * [new tag]             0.0.31                 -> 0.0.31
end-workflow	Checkout Repository	2026-02-16T04:22:18.2419328Z  * [new tag]             0.0.32                 -> 0.0.32
end-workflow	Checkout Repository	2026-02-16T04:22:18.2420028Z  * [new tag]             0.0.33                 -> 0.0.33
end-workflow	Checkout Repository	2026-02-16T04:22:18.2420594Z  * [new tag]             0.0.34                 -> 0.0.34
end-workflow	Checkout Repository	2026-02-16T04:22:18.2421012Z  * [new tag]             0.0.35                 -> 0.0.35
end-workflow	Checkout Repository	2026-02-16T04:22:18.2421692Z  * [new tag]             0.0.36                 -> 0.0.36
end-workflow	Checkout Repository	2026-02-16T04:22:18.2422111Z  * [new tag]             0.0.37                 -> 0.0.37
end-workflow	Checkout Repository	2026-02-16T04:22:18.2422800Z  * [new tag]             0.0.38                 -> 0.0.38
end-workflow	Checkout Repository	2026-02-16T04:22:18.2423209Z  * [new tag]             0.0.39                 -> 0.0.39
end-workflow	Checkout Repository	2026-02-16T04:22:18.2423628Z  * [new tag]             0.0.4                  -> 0.0.4
end-workflow	Checkout Repository	2026-02-16T04:22:18.2424049Z  * [new tag]             0.0.40                 -> 0.0.40
end-workflow	Checkout Repository	2026-02-16T04:22:18.2424467Z  * [new tag]             0.0.41                 -> 0.0.41
end-workflow	Checkout Repository	2026-02-16T04:22:18.2424893Z  * [new tag]             0.0.42                 -> 0.0.42
end-workflow	Checkout Repository	2026-02-16T04:22:18.2425316Z  * [new tag]             0.0.43                 -> 0.0.43
end-workflow	Checkout Repository	2026-02-16T04:22:18.2425739Z  * [new tag]             0.0.44                 -> 0.0.44
end-workflow	Checkout Repository	2026-02-16T04:22:18.2426161Z  * [new tag]             0.0.45                 -> 0.0.45
end-workflow	Checkout Repository	2026-02-16T04:22:18.2426587Z  * [new tag]             0.0.46                 -> 0.0.46
end-workflow	Checkout Repository	2026-02-16T04:22:18.2427038Z  * [new tag]             0.0.47                 -> 0.0.47
end-workflow	Checkout Repository	2026-02-16T04:22:18.2427459Z  * [new tag]             0.0.48                 -> 0.0.48
end-workflow	Checkout Repository	2026-02-16T04:22:18.2427879Z  * [new tag]             0.0.49                 -> 0.0.49
end-workflow	Checkout Repository	2026-02-16T04:22:18.2428310Z  * [new tag]             0.0.5                  -> 0.0.5
end-workflow	Checkout Repository	2026-02-16T04:22:18.2428879Z  * [new tag]             0.0.50                 -> 0.0.50
end-workflow	Checkout Repository	2026-02-16T04:22:18.2429318Z  * [new tag]             0.0.51                 -> 0.0.51
end-workflow	Checkout Repository	2026-02-16T04:22:18.2429981Z  * [new tag]             0.0.52                 -> 0.0.52
end-workflow	Checkout Repository	2026-02-16T04:22:18.2430539Z  * [new tag]             0.0.53                 -> 0.0.53
end-workflow	Checkout Repository	2026-02-16T04:22:18.2430956Z  * [new tag]             0.0.54                 -> 0.0.54
end-workflow	Checkout Repository	2026-02-16T04:22:18.2431363Z  * [new tag]             0.0.55                 -> 0.0.55
end-workflow	Checkout Repository	2026-02-16T04:22:18.2431772Z  * [new tag]             0.0.56                 -> 0.0.56
end-workflow	Checkout Repository	2026-02-16T04:22:18.2432180Z  * [new tag]             0.0.57                 -> 0.0.57
end-workflow	Checkout Repository	2026-02-16T04:22:18.2432622Z  * [new tag]             0.0.58                 -> 0.0.58
end-workflow	Checkout Repository	2026-02-16T04:22:18.2433170Z  * [new tag]             0.0.59                 -> 0.0.59
end-workflow	Checkout Repository	2026-02-16T04:22:18.2433736Z  * [new tag]             0.0.6                  -> 0.0.6
end-workflow	Checkout Repository	2026-02-16T04:22:18.2434168Z  * [new tag]             0.0.60                 -> 0.0.60
end-workflow	Checkout Repository	2026-02-16T04:22:18.2434581Z  * [new tag]             0.0.61                 -> 0.0.61
end-workflow	Checkout Repository	2026-02-16T04:22:18.2435014Z  * [new tag]             0.0.62                 -> 0.0.62
end-workflow	Checkout Repository	2026-02-16T04:22:18.2435446Z  * [new tag]             0.0.63                 -> 0.0.63
end-workflow	Checkout Repository	2026-02-16T04:22:18.2435865Z  * [new tag]             0.0.64                 -> 0.0.64
end-workflow	Checkout Repository	2026-02-16T04:22:18.2436312Z  * [new tag]             0.0.65                 -> 0.0.65
end-workflow	Checkout Repository	2026-02-16T04:22:18.2436894Z  * [new tag]             0.0.66                 -> 0.0.66
end-workflow	Checkout Repository	2026-02-16T04:22:18.2437442Z  * [new tag]             0.0.67                 -> 0.0.67
end-workflow	Checkout Repository	2026-02-16T04:22:18.2437885Z  * [new tag]             0.0.68                 -> 0.0.68
end-workflow	Checkout Repository	2026-02-16T04:22:18.2438662Z  * [new tag]             0.0.69                 -> 0.0.69
end-workflow	Checkout Repository	2026-02-16T04:22:18.2439078Z  * [new tag]             0.0.7                  -> 0.0.7
end-workflow	Checkout Repository	2026-02-16T04:22:18.2439481Z  * [new tag]             0.0.70                 -> 0.0.70
end-workflow	Checkout Repository	2026-02-16T04:22:18.2440199Z  * [new tag]             0.0.71                 -> 0.0.71
end-workflow	Checkout Repository	2026-02-16T04:22:18.2440733Z  * [new tag]             0.0.72                 -> 0.0.72
end-workflow	Checkout Repository	2026-02-16T04:22:18.2441121Z  * [new tag]             0.0.73                 -> 0.0.73
end-workflow	Checkout Repository	2026-02-16T04:22:18.2441509Z  * [new tag]             0.0.74                 -> 0.0.74
end-workflow	Checkout Repository	2026-02-16T04:22:18.2441891Z  * [new tag]             0.0.75                 -> 0.0.75
end-workflow	Checkout Repository	2026-02-16T04:22:18.2442277Z  * [new tag]             0.0.76                 -> 0.0.76
end-workflow	Checkout Repository	2026-02-16T04:22:18.2442672Z  * [new tag]             0.0.77                 -> 0.0.77
end-workflow	Checkout Repository	2026-02-16T04:22:18.2443058Z  * [new tag]             0.0.78                 -> 0.0.78
end-workflow	Checkout Repository	2026-02-16T04:22:18.2443678Z  * [new tag]             0.0.79                 -> 0.0.79
end-workflow	Checkout Repository	2026-02-16T04:22:18.2444066Z  * [new tag]             0.0.8                  -> 0.0.8
end-workflow	Checkout Repository	2026-02-16T04:22:18.2444457Z  * [new tag]             0.0.80                 -> 0.0.80
end-workflow	Checkout Repository	2026-02-16T04:22:18.2444841Z  * [new tag]             0.0.81                 -> 0.0.81
end-workflow	Checkout Repository	2026-02-16T04:22:18.2445228Z  * [new tag]             0.0.82                 -> 0.0.82
end-workflow	Checkout Repository	2026-02-16T04:22:18.2445614Z  * [new tag]             0.0.83                 -> 0.0.83
end-workflow	Checkout Repository	2026-02-16T04:22:18.2446003Z  * [new tag]             0.0.84                 -> 0.0.84
end-workflow	Checkout Repository	2026-02-16T04:22:18.2446383Z  * [new tag]             0.0.85                 -> 0.0.85
end-workflow	Checkout Repository	2026-02-16T04:22:18.2446772Z  * [new tag]             0.0.86                 -> 0.0.86
end-workflow	Checkout Repository	2026-02-16T04:22:18.2447422Z  * [new tag]             0.0.87                 -> 0.0.87
end-workflow	Checkout Repository	2026-02-16T04:22:18.2447797Z  * [new tag]             0.0.88                 -> 0.0.88
end-workflow	Checkout Repository	2026-02-16T04:22:18.2448186Z  * [new tag]             0.0.89                 -> 0.0.89
end-workflow	Checkout Repository	2026-02-16T04:22:18.2448584Z  * [new tag]             0.0.9                  -> 0.0.9
end-workflow	Checkout Repository	2026-02-16T04:22:18.2448968Z  * [new tag]             0.0.90                 -> 0.0.90
end-workflow	Checkout Repository	2026-02-16T04:22:18.2449348Z  * [new tag]             0.0.91                 -> 0.0.91
end-workflow	Checkout Repository	2026-02-16T04:22:18.2450034Z  * [new tag]             0.0.92                 -> 0.0.92
end-workflow	Checkout Repository	2026-02-16T04:22:18.2450677Z  * [new tag]             0.0.93                 -> 0.0.93
end-workflow	Checkout Repository	2026-02-16T04:22:18.2451065Z  * [new tag]             0.0.94                 -> 0.0.94
end-workflow	Checkout Repository	2026-02-16T04:22:18.2451445Z  * [new tag]             0.0.95                 -> 0.0.95
end-workflow	Checkout Repository	2026-02-16T04:22:18.2451834Z  * [new tag]             0.0.96                 -> 0.0.96
end-workflow	Checkout Repository	2026-02-16T04:22:18.2452224Z  * [new tag]             0.0.97                 -> 0.0.97
end-workflow	Checkout Repository	2026-02-16T04:22:18.2452606Z  * [new tag]             0.0.98                 -> 0.0.98
end-workflow	Checkout Repository	2026-02-16T04:22:18.2452999Z  * [new tag]             0.0.99                 -> 0.0.99
end-workflow	Checkout Repository	2026-02-16T04:22:18.2453388Z  * [new tag]             0.1.0                  -> 0.1.0
end-workflow	Checkout Repository	2026-02-16T04:22:18.2453795Z  * [new tag]             0.1.1                  -> 0.1.1
end-workflow	Checkout Repository	2026-02-16T04:22:18.2454209Z  * [new tag]             0.2.0                  -> 0.2.0
end-workflow	Checkout Repository	2026-02-16T04:22:18.2454600Z  * [new tag]             0.3.0                  -> 0.3.0
end-workflow	Checkout Repository	2026-02-16T04:22:18.2454979Z  * [new tag]             0.3.1                  -> 0.3.1
end-workflow	Checkout Repository	2026-02-16T04:22:18.2455365Z  * [new tag]             0.3.10                 -> 0.3.10
end-workflow	Checkout Repository	2026-02-16T04:22:18.2455753Z  * [new tag]             0.3.11                 -> 0.3.11
end-workflow	Checkout Repository	2026-02-16T04:22:18.2456136Z  * [new tag]             0.3.12                 -> 0.3.12
end-workflow	Checkout Repository	2026-02-16T04:22:18.2456518Z  * [new tag]             0.3.13                 -> 0.3.13
end-workflow	Checkout Repository	2026-02-16T04:22:18.2456904Z  * [new tag]             0.3.14                 -> 0.3.14
end-workflow	Checkout Repository	2026-02-16T04:22:18.2457290Z  * [new tag]             0.3.15                 -> 0.3.15
end-workflow	Checkout Repository	2026-02-16T04:22:18.2457671Z  * [new tag]             0.3.16                 -> 0.3.16
end-workflow	Checkout Repository	2026-02-16T04:22:18.2458058Z  * [new tag]             0.3.17                 -> 0.3.17
end-workflow	Checkout Repository	2026-02-16T04:22:18.2458709Z  * [new tag]             0.3.2                  -> 0.3.2
end-workflow	Checkout Repository	2026-02-16T04:22:18.2459098Z  * [new tag]             0.3.3                  -> 0.3.3
end-workflow	Checkout Repository	2026-02-16T04:22:18.2459480Z  * [new tag]             0.3.4                  -> 0.3.4
end-workflow	Checkout Repository	2026-02-16T04:22:18.2460280Z  * [new tag]             0.3.5                  -> 0.3.5
end-workflow	Checkout Repository	2026-02-16T04:22:18.2460788Z  * [new tag]             0.3.6                  -> 0.3.6
end-workflow	Checkout Repository	2026-02-16T04:22:18.2461165Z  * [new tag]             0.3.7                  -> 0.3.7
end-workflow	Checkout Repository	2026-02-16T04:22:18.2461545Z  * [new tag]             0.3.8                  -> 0.3.8
end-workflow	Checkout Repository	2026-02-16T04:22:18.2461926Z  * [new tag]             0.3.9                  -> 0.3.9
end-workflow	Checkout Repository	2026-02-16T04:22:18.2462308Z  * [new tag]             0.4.0                  -> 0.4.0
end-workflow	Checkout Repository	2026-02-16T04:22:18.2462684Z  * [new tag]             0.4.1                  -> 0.4.1
end-workflow	Checkout Repository	2026-02-16T04:22:18.2463072Z  * [new tag]             0.4.2                  -> 0.4.2
end-workflow	Checkout Repository	2026-02-16T04:22:18.2463453Z  * [new tag]             0.4.3                  -> 0.4.3
end-workflow	Checkout Repository	2026-02-16T04:22:18.2464083Z  * [new tag]             0.4.4                  -> 0.4.4
end-workflow	Checkout Repository	2026-02-16T04:22:18.2464467Z  * [new tag]             0.4.5                  -> 0.4.5
end-workflow	Checkout Repository	2026-02-16T04:22:18.2464846Z  * [new tag]             0.4.6                  -> 0.4.6
end-workflow	Checkout Repository	2026-02-16T04:22:18.2465230Z  * [new tag]             0.4.7                  -> 0.4.7
end-workflow	Checkout Repository	2026-02-16T04:22:18.2465606Z  * [new tag]             0.4.8                  -> 0.4.8
end-workflow	Checkout Repository	2026-02-16T04:22:18.2465989Z  * [new tag]             0.4.9                  -> 0.4.9
end-workflow	Checkout Repository	2026-02-16T04:22:18.2466373Z  * [new tag]             0.5.0                  -> 0.5.0
end-workflow	Checkout Repository	2026-02-16T04:22:18.2466756Z  * [new tag]             0.5.1                  -> 0.5.1
end-workflow	Checkout Repository	2026-02-16T04:22:18.2467137Z  * [new tag]             0.5.2                  -> 0.5.2
end-workflow	Checkout Repository	2026-02-16T04:22:18.2467520Z  * [new tag]             0.6.0                  -> 0.6.0
end-workflow	Checkout Repository	2026-02-16T04:22:18.2467899Z  * [new tag]             0.6.1                  -> 0.6.1
end-workflow	Checkout Repository	2026-02-16T04:22:18.2468274Z  * [new tag]             0.6.2                  -> 0.6.2
end-workflow	Checkout Repository	2026-02-16T04:22:18.2696253Z [command]/usr/bin/git branch --list --remote origin/main
end-workflow	Checkout Repository	2026-02-16T04:22:18.2775012Z   origin/main
end-workflow	Checkout Repository	2026-02-16T04:22:18.2785763Z [command]/usr/bin/git rev-parse refs/remotes/origin/main
end-workflow	Checkout Repository	2026-02-16T04:22:18.2816519Z 4dac7cc01fb59aaaf1d87561569114d4f3434e25
end-workflow	Checkout Repository	2026-02-16T04:22:18.2831319Z [command]/usr/bin/git -c protocol.version=2 fetch --no-tags --prune --no-recurse-submodules origin +3dab421392e7c04ff2789dddf7e446ef04bb50bd:refs/remotes/origin/main
end-workflow	Checkout Repository	2026-02-16T04:22:18.3016888Z From https://github.com/Ka0s-Klaus/ka0s
end-workflow	Checkout Repository	2026-02-16T04:22:18.3017785Z  + 4dac7cc01...3dab42139 3dab421392e7c04ff2789dddf7e446ef04bb50bd -> origin/main  (forced update)
end-workflow	Checkout Repository	2026-02-16T04:22:18.3055518Z ##[endgroup]
end-workflow	Checkout Repository	2026-02-16T04:22:18.3056087Z ##[group]Determining the checkout info
end-workflow	Checkout Repository	2026-02-16T04:22:18.3057054Z ##[endgroup]
end-workflow	Checkout Repository	2026-02-16T04:22:18.3064151Z [command]/usr/bin/git sparse-checkout disable
end-workflow	Checkout Repository	2026-02-16T04:22:18.3117514Z [command]/usr/bin/git config --local --unset-all extensions.worktreeConfig
end-workflow	Checkout Repository	2026-02-16T04:22:18.3156968Z ##[group]Checking out the ref
end-workflow	Checkout Repository	2026-02-16T04:22:18.3168937Z [command]/usr/bin/git checkout --progress --force -B main refs/remotes/origin/main
end-workflow	Checkout Repository	2026-02-16T04:22:18.5641857Z Switched to a new branch 'main'
end-workflow	Checkout Repository	2026-02-16T04:22:18.5645252Z branch 'main' set up to track 'origin/main'.
end-workflow	Checkout Repository	2026-02-16T04:22:18.5682973Z ##[endgroup]
end-workflow	Checkout Repository	2026-02-16T04:22:18.5738954Z [command]/usr/bin/git log -1 --format=%H
end-workflow	Checkout Repository	2026-02-16T04:22:18.5774628Z 3dab421392e7c04ff2789dddf7e446ef04bb50bd
end-workflow	Install GH CLI	Ôªø2026-02-16T04:22:18.6067310Z Prepare all required actions
end-workflow	Install GH CLI	2026-02-16T04:22:18.6124126Z ##[group]Run ./.github/actions/install-gh-cli
end-workflow	Install GH CLI	2026-02-16T04:22:18.6124466Z env:
end-workflow	Install GH CLI	2026-02-16T04:22:18.6124664Z   PYTHON_VERSION: 3.9
end-workflow	Install GH CLI	2026-02-16T04:22:18.6125721Z   MONGO_SUPERUSER_CONNECTION: ***
end-workflow	Install GH CLI	2026-02-16T04:22:18.6126113Z   MONGO_NEW_PASS: ***
end-workflow	Install GH CLI	2026-02-16T04:22:18.6126422Z   MONGO_SCRIPT_CREATE: devops/core/mongo/scripts/add-doc-to-db.py
end-workflow	Install GH CLI	2026-02-16T04:22:18.6126794Z   KAOS_CODE: 22049983460
end-workflow	Install GH CLI	2026-02-16T04:22:18.6127329Z   KAOS_MODULE: [Ka0s] Autom add docs to MongoDB
end-workflow	Install GH CLI	2026-02-16T04:22:18.6127628Z   REPORT_SCAN: audit/
end-workflow	Install GH CLI	2026-02-16T04:22:18.6127849Z   REPORT_PATH: audit/mongodb/
end-workflow	Install GH CLI	2026-02-16T04:22:18.6128125Z   REPORT_FILENAME: mongo_setup_22049983460.json
end-workflow	Install GH CLI	2026-02-16T04:22:18.6128461Z   REPORT_FILENAME_LIST: mongo_list_22049983460.json
end-workflow	Install GH CLI	2026-02-16T04:22:18.6128817Z   REPORT_FILENAME_DB: mongo_create_db_22049983460.json
end-workflow	Install GH CLI	2026-02-16T04:22:18.6129122Z ##[endgroup]
end-workflow	Install GH CLI	2026-02-16T04:22:18.6224618Z ##[group]Run type -p curl >/dev/null || (sudo apt-get update && sudo apt-get install curl -y)
end-workflow	Install GH CLI	2026-02-16T04:22:18.6225365Z [36;1mtype -p curl >/dev/null || (sudo apt-get update && sudo apt-get install curl -y)[0m
end-workflow	Install GH CLI	2026-02-16T04:22:18.6226247Z [36;1mcurl -fsSL https://cli.github.com/packages/githubcli-archive-keyring.gpg | sudo dd of=/usr/share/keyrings/githubcli-archive-keyring.gpg \[0m
end-workflow	Install GH CLI	2026-02-16T04:22:18.6227070Z [36;1m&& sudo chmod go+r /usr/share/keyrings/githubcli-archive-keyring.gpg \[0m
end-workflow	Install GH CLI	2026-02-16T04:22:18.6228173Z [36;1m&& echo "deb [arch=$(dpkg --print-architecture) signed-by=/usr/share/keyrings/githubcli-archive-keyring.gpg] https://cli.github.com/packages stable main" | sudo tee /etc/apt/sources.list.d/github-cli.list > /dev/null \[0m
end-workflow	Install GH CLI	2026-02-16T04:22:18.6229201Z [36;1m&& sudo apt-get update \[0m
end-workflow	Install GH CLI	2026-02-16T04:22:18.6229479Z [36;1m&& sudo apt-get install gh -y[0m
end-workflow	Install GH CLI	2026-02-16T04:22:18.6258820Z shell: /usr/bin/bash --noprofile --norc -e -o pipefail {0}
end-workflow	Install GH CLI	2026-02-16T04:22:18.6259183Z env:
end-workflow	Install GH CLI	2026-02-16T04:22:18.6259377Z   PYTHON_VERSION: 3.9
end-workflow	Install GH CLI	2026-02-16T04:22:18.6260427Z   MONGO_SUPERUSER_CONNECTION: ***
end-workflow	Install GH CLI	2026-02-16T04:22:18.6260818Z   MONGO_NEW_PASS: ***
end-workflow	Install GH CLI	2026-02-16T04:22:18.6261128Z   MONGO_SCRIPT_CREATE: devops/core/mongo/scripts/add-doc-to-db.py
end-workflow	Install GH CLI	2026-02-16T04:22:18.6261491Z   KAOS_CODE: 22049983460
end-workflow	Install GH CLI	2026-02-16T04:22:18.6261755Z   KAOS_MODULE: [Ka0s] Autom add docs to MongoDB
end-workflow	Install GH CLI	2026-02-16T04:22:18.6262046Z   REPORT_SCAN: audit/
end-workflow	Install GH CLI	2026-02-16T04:22:18.6262265Z   REPORT_PATH: audit/mongodb/
end-workflow	Install GH CLI	2026-02-16T04:22:18.6262533Z   REPORT_FILENAME: mongo_setup_22049983460.json
end-workflow	Install GH CLI	2026-02-16T04:22:18.6262870Z   REPORT_FILENAME_LIST: mongo_list_22049983460.json
end-workflow	Install GH CLI	2026-02-16T04:22:18.6263220Z   REPORT_FILENAME_DB: mongo_create_db_22049983460.json
end-workflow	Install GH CLI	2026-02-16T04:22:18.6263524Z ##[endgroup]
end-workflow	Install GH CLI	2026-02-16T04:22:18.7025478Z 4+1 records in
end-workflow	Install GH CLI	2026-02-16T04:22:18.7025879Z 4+1 records out
end-workflow	Install GH CLI	2026-02-16T04:22:18.7026158Z 2270 bytes (2.3 kB, 2.2 KiB) copied, 0.0529785 s, 42.8 kB/s
end-workflow	Install GH CLI	2026-02-16T04:22:18.8753602Z Get:1 https://cli.github.com/packages stable InRelease [3917 B]
end-workflow	Install GH CLI	2026-02-16T04:22:18.9080577Z Get:2 http://archive.ubuntu.com/ubuntu noble InRelease [256 kB]
end-workflow	Install GH CLI	2026-02-16T04:22:18.9530455Z Get:3 http://security.ubuntu.com/ubuntu noble-security InRelease [126 kB]
end-workflow	Install GH CLI	2026-02-16T04:22:18.9617770Z Get:4 https://cli.github.com/packages stable/main amd64 Packages [356 B]
end-workflow	Install GH CLI	2026-02-16T04:22:19.0633737Z Get:5 http://archive.ubuntu.com/ubuntu noble-updates InRelease [126 kB]
end-workflow	Install GH CLI	2026-02-16T04:22:19.0652977Z Get:6 https://ppa.launchpadcontent.net/git-core/ppa/ubuntu noble InRelease [24.3 kB]
end-workflow	Install GH CLI	2026-02-16T04:22:19.1011242Z Get:7 http://archive.ubuntu.com/ubuntu noble-backports InRelease [126 kB]
end-workflow	Install GH CLI	2026-02-16T04:22:19.1509209Z Get:8 http://archive.ubuntu.com/ubuntu noble/main amd64 Packages [1808 kB]
end-workflow	Install GH CLI	2026-02-16T04:22:19.2176459Z Get:9 https://ppa.launchpadcontent.net/git-core/ppa/ubuntu noble/main amd64 Packages [2992 B]
end-workflow	Install GH CLI	2026-02-16T04:22:19.2701093Z Get:10 http://archive.ubuntu.com/ubuntu noble/multiverse amd64 Packages [331 kB]
end-workflow	Install GH CLI	2026-02-16T04:22:19.2744384Z Get:11 http://archive.ubuntu.com/ubuntu noble/restricted amd64 Packages [117 kB]
end-workflow	Install GH CLI	2026-02-16T04:22:19.2756785Z Get:12 http://archive.ubuntu.com/ubuntu noble/universe amd64 Packages [19.3 MB]
end-workflow	Install GH CLI	2026-02-16T04:22:19.4830942Z Get:13 http://archive.ubuntu.com/ubuntu noble-updates/main amd64 Packages [2203 kB]
end-workflow	Install GH CLI	2026-02-16T04:22:19.4981926Z Get:14 http://archive.ubuntu.com/ubuntu noble-updates/universe amd64 Packages [1979 kB]
end-workflow	Install GH CLI	2026-02-16T04:22:19.5122736Z Get:15 http://security.ubuntu.com/ubuntu noble-security/multiverse amd64 Packages [34.8 kB]
end-workflow	Install GH CLI	2026-02-16T04:22:19.5129891Z Get:16 http://archive.ubuntu.com/ubuntu noble-updates/multiverse amd64 Packages [38.1 kB]
end-workflow	Install GH CLI	2026-02-16T04:22:19.5140833Z Get:17 http://archive.ubuntu.com/ubuntu noble-updates/restricted amd64 Packages [3295 kB]
end-workflow	Install GH CLI	2026-02-16T04:22:19.5475208Z Get:18 http://archive.ubuntu.com/ubuntu noble-backports/universe amd64 Packages [34.6 kB]
end-workflow	Install GH CLI	2026-02-16T04:22:19.5478452Z Get:19 http://archive.ubuntu.com/ubuntu noble-backports/main amd64 Packages [49.5 kB]
end-workflow	Install GH CLI	2026-02-16T04:22:19.5755502Z Get:20 http://security.ubuntu.com/ubuntu noble-security/restricted amd64 Packages [3115 kB]
end-workflow	Install GH CLI	2026-02-16T04:22:19.8230560Z Get:21 http://security.ubuntu.com/ubuntu noble-security/main amd64 Packages [1824 kB]
end-workflow	Install GH CLI	2026-02-16T04:22:19.8548242Z Get:22 http://security.ubuntu.com/ubuntu noble-security/universe amd64 Packages [1200 kB]
end-workflow	Install GH CLI	2026-02-16T04:22:20.9139208Z Fetched 36.0 MB in 2s (17.3 MB/s)
end-workflow	Install GH CLI	2026-02-16T04:22:21.8417476Z Reading package lists...
end-workflow	Install GH CLI	2026-02-16T04:22:22.7985652Z Reading package lists...
end-workflow	Install GH CLI	2026-02-16T04:22:23.0240065Z Building dependency tree...
end-workflow	Install GH CLI	2026-02-16T04:22:23.0240468Z Reading state information...
end-workflow	Install GH CLI	2026-02-16T04:22:23.5589426Z The following NEW packages will be installed:
end-workflow	Install GH CLI	2026-02-16T04:22:23.5611889Z   gh
end-workflow	Install GH CLI	2026-02-16T04:22:23.6568175Z 0 upgraded, 1 newly installed, 0 to remove and 20 not upgraded.
end-workflow	Install GH CLI	2026-02-16T04:22:23.6569000Z Need to get 13.7 MB of archives.
end-workflow	Install GH CLI	2026-02-16T04:22:23.6573248Z After this operation, 37.9 MB of additional disk space will be used.
end-workflow	Install GH CLI	2026-02-16T04:22:23.6574263Z Get:1 https://cli.github.com/packages stable/main amd64 gh amd64 2.86.0 [13.7 MB]
end-workflow	Install GH CLI	2026-02-16T04:22:24.0239089Z debconf: delaying package configuration, since apt-utils is not installed
end-workflow	Install GH CLI	2026-02-16T04:22:24.0663678Z Fetched 13.7 MB in 0s (48.1 MB/s)
end-workflow	Install GH CLI	2026-02-16T04:22:24.1266105Z Selecting previously unselected package gh.
end-workflow	Install GH CLI	2026-02-16T04:22:24.1407138Z (Reading database ... 
end-workflow	Install GH CLI	2026-02-16T04:22:24.1408103Z (Reading database ... 5%
end-workflow	Install GH CLI	2026-02-16T04:22:24.1410320Z (Reading database ... 10%
end-workflow	Install GH CLI	2026-02-16T04:22:24.1411091Z (Reading database ... 15%
end-workflow	Install GH CLI	2026-02-16T04:22:24.1412435Z (Reading database ... 20%
end-workflow	Install GH CLI	2026-02-16T04:22:24.1413195Z (Reading database ... 25%
end-workflow	Install GH CLI	2026-02-16T04:22:24.1414335Z (Reading database ... 30%
end-workflow	Install GH CLI	2026-02-16T04:22:24.1415073Z (Reading database ... 35%
end-workflow	Install GH CLI	2026-02-16T04:22:24.1415774Z (Reading database ... 40%
end-workflow	Install GH CLI	2026-02-16T04:22:24.1416482Z (Reading database ... 45%
end-workflow	Install GH CLI	2026-02-16T04:22:24.1417173Z (Reading database ... 50%
end-workflow	Install GH CLI	2026-02-16T04:22:24.1417875Z (Reading database ... 55%
end-workflow	Install GH CLI	2026-02-16T04:22:24.1418569Z (Reading database ... 60%
end-workflow	Install GH CLI	2026-02-16T04:22:24.1428847Z (Reading database ... 65%
end-workflow	Install GH CLI	2026-02-16T04:22:24.1473307Z (Reading database ... 70%
end-workflow	Install GH CLI	2026-02-16T04:22:24.1482854Z (Reading database ... 75%
end-workflow	Install GH CLI	2026-02-16T04:22:24.1505488Z (Reading database ... 80%
end-workflow	Install GH CLI	2026-02-16T04:22:24.1514167Z (Reading database ... 85%
end-workflow	Install GH CLI	2026-02-16T04:22:24.1529375Z (Reading database ... 90%
end-workflow	Install GH CLI	2026-02-16T04:22:24.1558808Z (Reading database ... 95%
end-workflow	Install GH CLI	2026-02-16T04:22:24.1559318Z (Reading database ... 100%
end-workflow	Install GH CLI	2026-02-16T04:22:24.1559980Z (Reading database ... 14385 files and directories currently installed.)
end-workflow	Install GH CLI	2026-02-16T04:22:24.1567370Z Preparing to unpack .../archives/gh_2.86.0_amd64.deb ...
end-workflow	Install GH CLI	2026-02-16T04:22:24.1598465Z Unpacking gh (2.86.0) ...
end-workflow	Install GH CLI	2026-02-16T04:22:24.4386164Z Setting up gh (2.86.0) ...
end-workflow	Trigger Inspector	Ôªø2026-02-16T04:22:24.5343719Z ##[group]Run echo "üîç Triggering Inspector for Audit..."
end-workflow	Trigger Inspector	2026-02-16T04:22:24.5344247Z [36;1mecho "üîç Triggering Inspector for Audit..."[0m
end-workflow	Trigger Inspector	2026-02-16T04:22:24.5344647Z [36;1mgh workflow run inspector.yml \[0m
end-workflow	Trigger Inspector	2026-02-16T04:22:24.5344985Z [36;1m  --ref main \[0m
end-workflow	Trigger Inspector	2026-02-16T04:22:24.5345288Z [36;1m  -f kaos-workflow-id="22049983460" \[0m
end-workflow	Trigger Inspector	2026-02-16T04:22:24.5345668Z [36;1m  -f kaos-user-start="github-actions"[0m
end-workflow	Trigger Inspector	2026-02-16T04:22:24.5360223Z shell: /usr/bin/bash -e {0}
end-workflow	Trigger Inspector	2026-02-16T04:22:24.5360522Z env:
end-workflow	Trigger Inspector	2026-02-16T04:22:24.5360736Z   PYTHON_VERSION: 3.9
end-workflow	Trigger Inspector	2026-02-16T04:22:24.5361872Z   MONGO_SUPERUSER_CONNECTION: ***
end-workflow	Trigger Inspector	2026-02-16T04:22:24.5362324Z   MONGO_NEW_PASS: ***
end-workflow	Trigger Inspector	2026-02-16T04:22:24.5362690Z   MONGO_SCRIPT_CREATE: devops/core/mongo/scripts/add-doc-to-db.py
end-workflow	Trigger Inspector	2026-02-16T04:22:24.5363123Z   KAOS_CODE: 22049983460
end-workflow	Trigger Inspector	2026-02-16T04:22:24.5363687Z   KAOS_MODULE: [Ka0s] Autom add docs to MongoDB
end-workflow	Trigger Inspector	2026-02-16T04:22:24.5364027Z   REPORT_SCAN: audit/
end-workflow	Trigger Inspector	2026-02-16T04:22:24.5364285Z   REPORT_PATH: audit/mongodb/
end-workflow	Trigger Inspector	2026-02-16T04:22:24.5364649Z   REPORT_FILENAME: mongo_setup_22049983460.json
end-workflow	Trigger Inspector	2026-02-16T04:22:24.5365032Z   REPORT_FILENAME_LIST: mongo_list_22049983460.json
end-workflow	Trigger Inspector	2026-02-16T04:22:24.5365444Z   REPORT_FILENAME_DB: mongo_create_db_22049983460.json
end-workflow	Trigger Inspector	2026-02-16T04:22:24.5365910Z   GH_TOKEN: ***
end-workflow	Trigger Inspector	2026-02-16T04:22:24.5366134Z ##[endgroup]
end-workflow	Trigger Inspector	2026-02-16T04:22:24.5402358Z üîç Triggering Inspector for Audit...
end-workflow	Post Checkout Repository	Ôªø2026-02-16T04:22:26.1964856Z Post job cleanup.
end-workflow	Post Checkout Repository	2026-02-16T04:22:26.3050733Z [command]/usr/bin/git version
end-workflow	Post Checkout Repository	2026-02-16T04:22:26.3099105Z git version 2.52.0
end-workflow	Post Checkout Repository	2026-02-16T04:22:26.3156507Z Temporarily overriding HOME='/home/runner/_work/_temp/77c8bdd9-e89c-4f5b-bf95-28c20d413010' before making global git config changes
end-workflow	Post Checkout Repository	2026-02-16T04:22:26.3157527Z Adding repository directory to the temporary git global config as a safe directory
end-workflow	Post Checkout Repository	2026-02-16T04:22:26.3158267Z [command]/usr/bin/git config --global --add safe.directory /home/runner/_work/ka0s/ka0s
end-workflow	Post Checkout Repository	2026-02-16T04:22:26.3214040Z [command]/usr/bin/git config --local --name-only --get-regexp core\.sshCommand
end-workflow	Post Checkout Repository	2026-02-16T04:22:26.3261991Z [command]/usr/bin/git submodule foreach --recursive sh -c "git config --local --name-only --get-regexp 'core\.sshCommand' && git config --local --unset-all 'core.sshCommand' || :"
end-workflow	Post Checkout Repository	2026-02-16T04:22:26.3607543Z [command]/usr/bin/git config --local --name-only --get-regexp http\.https\:\/\/github\.com\/\.extraheader
end-workflow	Post Checkout Repository	2026-02-16T04:22:26.3639174Z http.https://github.com/.extraheader
end-workflow	Post Checkout Repository	2026-02-16T04:22:26.3654301Z [command]/usr/bin/git config --local --unset-all http.https://github.com/.extraheader
end-workflow	Post Checkout Repository	2026-02-16T04:22:26.3698056Z [command]/usr/bin/git submodule foreach --recursive sh -c "git config --local --name-only --get-regexp 'http\.https\:\/\/github\.com\/\.extraheader' && git config --local --unset-all 'http.https://github.com/.extraheader' || :"
end-workflow	Post Checkout Repository	2026-02-16T04:22:26.4035885Z [command]/usr/bin/git config --local --name-only --get-regexp ^includeIf\.gitdir:
end-workflow	Post Checkout Repository	2026-02-16T04:22:26.4078722Z [command]/usr/bin/git submodule foreach --recursive git config --local --show-origin --name-only --get-regexp remote.origin.url
end-workflow	Complete job	Ôªø2026-02-16T04:22:26.4547162Z Cleaning up orphan processes
