job-core	Set up job	Ôªø2026-02-15T22:18:24.4524371Z Current runner version: '2.331.0'
job-core	Set up job	2026-02-15T22:18:24.4533754Z Runner name: 'swarm-runners-scaleset-hkss5-runner-pvvch'
job-core	Set up job	2026-02-15T22:18:24.4535101Z Runner group name: 'Default'
job-core	Set up job	2026-02-15T22:18:24.4536370Z Machine name: 'swarm-runners-scaleset-hkss5-runner-pvvch'
job-core	Set up job	2026-02-15T22:18:24.4539939Z ##[group]GITHUB_TOKEN Permissions
job-core	Set up job	2026-02-15T22:18:24.4544268Z Actions: write
job-core	Set up job	2026-02-15T22:18:24.4545134Z Contents: write
job-core	Set up job	2026-02-15T22:18:24.4545728Z Issues: write
job-core	Set up job	2026-02-15T22:18:24.4546469Z Metadata: read
job-core	Set up job	2026-02-15T22:18:24.4547290Z PullRequests: write
job-core	Set up job	2026-02-15T22:18:24.4547917Z ##[endgroup]
job-core	Set up job	2026-02-15T22:18:24.4550187Z Secret source: Actions
job-core	Set up job	2026-02-15T22:18:24.4551567Z Prepare workflow directory
job-core	Set up job	2026-02-15T22:18:24.5136443Z Prepare all required actions
job-core	Set up job	2026-02-15T22:18:24.5177702Z Getting action download info
job-core	Set up job	2026-02-15T22:18:25.1548439Z Download action repository 'actions/checkout@v4' (SHA:34e114876b0b11c390a56381ad16ebd13914f8d5)
job-core	Set up job	2026-02-15T22:18:26.0466343Z Download action repository 'actions/setup-python@v4' (SHA:7f4fc3e22c37d6ff65e88745f38bd3157c663f7c)
job-core	Set up job	2026-02-15T22:18:26.9871636Z Download action repository 'actions/upload-artifact@v4' (SHA:ea165f8d65b6e75b540449e92b4886f43607fa02)
job-core	Set up job	2026-02-15T22:18:27.9896448Z Complete job name: job-core
job-core	Checkout code	Ôªø2026-02-15T22:18:28.0499759Z ##[group]Run actions/checkout@v4
job-core	Checkout code	2026-02-15T22:18:28.0500397Z with:
job-core	Checkout code	2026-02-15T22:18:28.0501021Z   fetch-depth: 0
job-core	Checkout code	2026-02-15T22:18:28.0501258Z   repository: Ka0s-Klaus/ka0s
job-core	Checkout code	2026-02-15T22:18:28.0501752Z   token: ***
job-core	Checkout code	2026-02-15T22:18:28.0501958Z   ssh-strict: true
job-core	Checkout code	2026-02-15T22:18:28.0502164Z   ssh-user: git
job-core	Checkout code	2026-02-15T22:18:28.0502391Z   persist-credentials: true
job-core	Checkout code	2026-02-15T22:18:28.0502637Z   clean: true
job-core	Checkout code	2026-02-15T22:18:28.0502862Z   sparse-checkout-cone-mode: true
job-core	Checkout code	2026-02-15T22:18:28.0503144Z   fetch-tags: false
job-core	Checkout code	2026-02-15T22:18:28.0503370Z   show-progress: true
job-core	Checkout code	2026-02-15T22:18:28.0503608Z   lfs: false
job-core	Checkout code	2026-02-15T22:18:28.0503806Z   submodules: false
job-core	Checkout code	2026-02-15T22:18:28.0504034Z   set-safe-directory: true
job-core	Checkout code	2026-02-15T22:18:28.0504512Z env:
job-core	Checkout code	2026-02-15T22:18:28.0504735Z   PYTHON_VERSION: 3.9
job-core	Checkout code	2026-02-15T22:18:28.0505452Z   MONGO_SUPERUSER_CONNECTION: ***
job-core	Checkout code	2026-02-15T22:18:28.0505856Z   MONGO_NEW_PASS: ***
job-core	Checkout code	2026-02-15T22:18:28.0506178Z   MONGO_SCRIPT_CREATE: devops/core/mongo/scripts/add-doc-to-db.py
job-core	Checkout code	2026-02-15T22:18:28.0506603Z   KAOS_CODE: 22044108942
job-core	Checkout code	2026-02-15T22:18:28.0506863Z   KAOS_MODULE: [Ka0s] Autom add docs to MongoDB
job-core	Checkout code	2026-02-15T22:18:28.0507167Z   REPORT_SCAN: audit/
job-core	Checkout code	2026-02-15T22:18:28.0507402Z   REPORT_PATH: audit/mongodb/
job-core	Checkout code	2026-02-15T22:18:28.0507689Z   REPORT_FILENAME: mongo_setup_22044108942.json
job-core	Checkout code	2026-02-15T22:18:28.0508030Z   REPORT_FILENAME_LIST: mongo_list_22044108942.json
job-core	Checkout code	2026-02-15T22:18:28.0508403Z   REPORT_FILENAME_DB: mongo_create_db_22044108942.json
job-core	Checkout code	2026-02-15T22:18:28.0508741Z   GITHUB_OUTPUT: 
job-core	Checkout code	2026-02-15T22:18:28.0508947Z ##[endgroup]
job-core	Checkout code	2026-02-15T22:18:28.1733851Z Syncing repository: Ka0s-Klaus/ka0s
job-core	Checkout code	2026-02-15T22:18:28.1735442Z ##[group]Getting Git version info
job-core	Checkout code	2026-02-15T22:18:28.1735839Z Working directory is '/home/runner/_work/ka0s/ka0s'
job-core	Checkout code	2026-02-15T22:18:28.1736441Z [command]/usr/bin/git version
job-core	Checkout code	2026-02-15T22:18:28.1736824Z git version 2.52.0
job-core	Checkout code	2026-02-15T22:18:28.1761964Z ##[endgroup]
job-core	Checkout code	2026-02-15T22:18:28.1779098Z Temporarily overriding HOME='/home/runner/_work/_temp/817e7b5b-2f02-45ec-bbe3-4ec78c75181b' before making global git config changes
job-core	Checkout code	2026-02-15T22:18:28.1780075Z Adding repository directory to the temporary git global config as a safe directory
job-core	Checkout code	2026-02-15T22:18:28.1785275Z [command]/usr/bin/git config --global --add safe.directory /home/runner/_work/ka0s/ka0s
job-core	Checkout code	2026-02-15T22:18:28.1831616Z Deleting the contents of '/home/runner/_work/ka0s/ka0s'
job-core	Checkout code	2026-02-15T22:18:28.1837486Z ##[group]Initializing the repository
job-core	Checkout code	2026-02-15T22:18:28.1841055Z [command]/usr/bin/git init /home/runner/_work/ka0s/ka0s
job-core	Checkout code	2026-02-15T22:18:28.1900761Z hint: Using 'master' as the name for the initial branch. This default branch name
job-core	Checkout code	2026-02-15T22:18:28.1901502Z hint: will change to "main" in Git 3.0. To configure the initial branch name
job-core	Checkout code	2026-02-15T22:18:28.1902501Z hint: to use in all of your new repositories, which will suppress this warning,
job-core	Checkout code	2026-02-15T22:18:28.1902937Z hint: call:
job-core	Checkout code	2026-02-15T22:18:28.1903137Z hint:
job-core	Checkout code	2026-02-15T22:18:28.1903424Z hint: 	git config --global init.defaultBranch <name>
job-core	Checkout code	2026-02-15T22:18:28.1903902Z hint:
job-core	Checkout code	2026-02-15T22:18:28.1904211Z hint: Names commonly chosen instead of 'master' are 'main', 'trunk' and
job-core	Checkout code	2026-02-15T22:18:28.1904744Z hint: 'development'. The just-created branch can be renamed via this command:
job-core	Checkout code	2026-02-15T22:18:28.1905155Z hint:
job-core	Checkout code	2026-02-15T22:18:28.1905360Z hint: 	git branch -m <name>
job-core	Checkout code	2026-02-15T22:18:28.1905600Z hint:
job-core	Checkout code	2026-02-15T22:18:28.1905940Z hint: Disable this message with "git config set advice.defaultBranchName false"
job-core	Checkout code	2026-02-15T22:18:28.1906674Z Initialized empty Git repository in /home/runner/_work/ka0s/ka0s/.git/
job-core	Checkout code	2026-02-15T22:18:28.1916850Z [command]/usr/bin/git remote add origin https://github.com/Ka0s-Klaus/ka0s
job-core	Checkout code	2026-02-15T22:18:28.1961414Z ##[endgroup]
job-core	Checkout code	2026-02-15T22:18:28.1962051Z ##[group]Disabling automatic garbage collection
job-core	Checkout code	2026-02-15T22:18:28.1966483Z [command]/usr/bin/git config --local gc.auto 0
job-core	Checkout code	2026-02-15T22:18:28.2009331Z ##[endgroup]
job-core	Checkout code	2026-02-15T22:18:28.2009833Z ##[group]Setting up auth
job-core	Checkout code	2026-02-15T22:18:28.2017391Z [command]/usr/bin/git config --local --name-only --get-regexp core\.sshCommand
job-core	Checkout code	2026-02-15T22:18:28.2061790Z [command]/usr/bin/git submodule foreach --recursive sh -c "git config --local --name-only --get-regexp 'core\.sshCommand' && git config --local --unset-all 'core.sshCommand' || :"
job-core	Checkout code	2026-02-15T22:18:28.2401637Z [command]/usr/bin/git config --local --name-only --get-regexp http\.https\:\/\/github\.com\/\.extraheader
job-core	Checkout code	2026-02-15T22:18:28.2502869Z [command]/usr/bin/git submodule foreach --recursive sh -c "git config --local --name-only --get-regexp 'http\.https\:\/\/github\.com\/\.extraheader' && git config --local --unset-all 'http.https://github.com/.extraheader' || :"
job-core	Checkout code	2026-02-15T22:18:28.2773181Z [command]/usr/bin/git config --local --name-only --get-regexp ^includeIf\.gitdir:
job-core	Checkout code	2026-02-15T22:18:28.2814394Z [command]/usr/bin/git submodule foreach --recursive git config --local --show-origin --name-only --get-regexp remote.origin.url
job-core	Checkout code	2026-02-15T22:18:28.3154047Z [command]/usr/bin/git config --local http.https://github.com/.extraheader AUTHORIZATION: basic ***
job-core	Checkout code	2026-02-15T22:18:28.3202728Z ##[endgroup]
job-core	Checkout code	2026-02-15T22:18:28.3203236Z ##[group]Fetching the repository
job-core	Checkout code	2026-02-15T22:18:28.3211059Z [command]/usr/bin/git -c protocol.version=2 fetch --prune --no-recurse-submodules origin +refs/heads/*:refs/remotes/origin/* +refs/tags/*:refs/tags/*
job-core	Checkout code	2026-02-15T22:18:49.1791410Z From https://github.com/Ka0s-Klaus/ka0s
job-core	Checkout code	2026-02-15T22:18:49.1793627Z  * [new branch]          F227-despliegue-de-kube-independiente-del-clouder -> origin/F227-despliegue-de-kube-independiente-del-clouder
job-core	Checkout code	2026-02-15T22:18:49.1794540Z  * [new branch]          F3450-modelo-operativo -> origin/F3450-modelo-operativo
job-core	Checkout code	2026-02-15T22:18:49.1795214Z  * [new branch]          H1151-desarrollo-de-secciones-ii -> origin/H1151-desarrollo-de-secciones-ii
job-core	Checkout code	2026-02-15T22:18:49.1795961Z  * [new branch]          H1193-ejemplo-web-documentacion -> origin/H1193-ejemplo-web-documentacion
job-core	Checkout code	2026-02-15T22:18:49.1796639Z  * [new branch]          H1276-modulo-observabilidad -> origin/H1276-modulo-observabilidad
job-core	Checkout code	2026-02-15T22:18:49.1797514Z  * [new branch]          H227-despliegue-de-kube-independiente-del-clouder -> origin/H227-despliegue-de-kube-independiente-del-clouder
job-core	Checkout code	2026-02-15T22:18:49.1798305Z  * [new branch]          H3266-deploy-zabbix    -> origin/H3266-deploy-zabbix
job-core	Checkout code	2026-02-15T22:18:49.1798823Z  * [new branch]          H3596-deploy-itop      -> origin/H3596-deploy-itop
job-core	Checkout code	2026-02-15T22:18:49.1799638Z  * [new branch]          RN227-despliegue-de-kube-independiente-del-clouder -> origin/RN227-despliegue-de-kube-independiente-del-clouder
job-core	Checkout code	2026-02-15T22:18:49.1800386Z  * [new branch]          main                   -> origin/main
job-core	Checkout code	2026-02-15T22:18:49.1811354Z  * [new tag]             0.0.0                  -> 0.0.0
job-core	Checkout code	2026-02-15T22:18:49.1811792Z  * [new tag]             0.0.1                  -> 0.0.1
job-core	Checkout code	2026-02-15T22:18:49.1812636Z  * [new tag]             0.0.10                 -> 0.0.10
job-core	Checkout code	2026-02-15T22:18:49.1813040Z  * [new tag]             0.0.100                -> 0.0.100
job-core	Checkout code	2026-02-15T22:18:49.1813436Z  * [new tag]             0.0.101                -> 0.0.101
job-core	Checkout code	2026-02-15T22:18:49.1813808Z  * [new tag]             0.0.102                -> 0.0.102
job-core	Checkout code	2026-02-15T22:18:49.1814170Z  * [new tag]             0.0.103                -> 0.0.103
job-core	Checkout code	2026-02-15T22:18:49.1814529Z  * [new tag]             0.0.104                -> 0.0.104
job-core	Checkout code	2026-02-15T22:18:49.1815036Z  * [new tag]             0.0.105                -> 0.0.105
job-core	Checkout code	2026-02-15T22:18:49.1815403Z  * [new tag]             0.0.106                -> 0.0.106
job-core	Checkout code	2026-02-15T22:18:49.1815765Z  * [new tag]             0.0.107                -> 0.0.107
job-core	Checkout code	2026-02-15T22:18:49.1816125Z  * [new tag]             0.0.108                -> 0.0.108
job-core	Checkout code	2026-02-15T22:18:49.1816484Z  * [new tag]             0.0.109                -> 0.0.109
job-core	Checkout code	2026-02-15T22:18:49.1816850Z  * [new tag]             0.0.11                 -> 0.0.11
job-core	Checkout code	2026-02-15T22:18:49.1817210Z  * [new tag]             0.0.110                -> 0.0.110
job-core	Checkout code	2026-02-15T22:18:49.1817566Z  * [new tag]             0.0.111                -> 0.0.111
job-core	Checkout code	2026-02-15T22:18:49.1818218Z  * [new tag]             0.0.112                -> 0.0.112
job-core	Checkout code	2026-02-15T22:18:49.1818592Z  * [new tag]             0.0.113                -> 0.0.113
job-core	Checkout code	2026-02-15T22:18:49.1819041Z  * [new tag]             0.0.114                -> 0.0.114
job-core	Checkout code	2026-02-15T22:18:49.1819459Z  * [new tag]             0.0.115                -> 0.0.115
job-core	Checkout code	2026-02-15T22:18:49.1819822Z  * [new tag]             0.0.116                -> 0.0.116
job-core	Checkout code	2026-02-15T22:18:49.1820181Z  * [new tag]             0.0.117                -> 0.0.117
job-core	Checkout code	2026-02-15T22:18:49.1827275Z  * [new tag]             0.0.118                -> 0.0.118
job-core	Checkout code	2026-02-15T22:18:49.1827777Z  * [new tag]             0.0.119                -> 0.0.119
job-core	Checkout code	2026-02-15T22:18:49.1828164Z  * [new tag]             0.0.12                 -> 0.0.12
job-core	Checkout code	2026-02-15T22:18:49.1828544Z  * [new tag]             0.0.120                -> 0.0.120
job-core	Checkout code	2026-02-15T22:18:49.1828906Z  * [new tag]             0.0.121                -> 0.0.121
job-core	Checkout code	2026-02-15T22:18:49.1829272Z  * [new tag]             0.0.122                -> 0.0.122
job-core	Checkout code	2026-02-15T22:18:49.1829651Z  * [new tag]             0.0.123                -> 0.0.123
job-core	Checkout code	2026-02-15T22:18:49.1830035Z  * [new tag]             0.0.124                -> 0.0.124
job-core	Checkout code	2026-02-15T22:18:49.1830408Z  * [new tag]             0.0.125                -> 0.0.125
job-core	Checkout code	2026-02-15T22:18:49.1831098Z  * [new tag]             0.0.126                -> 0.0.126
job-core	Checkout code	2026-02-15T22:18:49.1831480Z  * [new tag]             0.0.127                -> 0.0.127
job-core	Checkout code	2026-02-15T22:18:49.1831848Z  * [new tag]             0.0.128                -> 0.0.128
job-core	Checkout code	2026-02-15T22:18:49.1832230Z  * [new tag]             0.0.129                -> 0.0.129
job-core	Checkout code	2026-02-15T22:18:49.1832637Z  * [new tag]             0.0.13                 -> 0.0.13
job-core	Checkout code	2026-02-15T22:18:49.1833015Z  * [new tag]             0.0.130                -> 0.0.130
job-core	Checkout code	2026-02-15T22:18:49.1833389Z  * [new tag]             0.0.131                -> 0.0.131
job-core	Checkout code	2026-02-15T22:18:49.1833757Z  * [new tag]             0.0.132                -> 0.0.132
job-core	Checkout code	2026-02-15T22:18:49.1834118Z  * [new tag]             0.0.133                -> 0.0.133
job-core	Checkout code	2026-02-15T22:18:49.1834498Z  * [new tag]             0.0.134                -> 0.0.134
job-core	Checkout code	2026-02-15T22:18:49.1834862Z  * [new tag]             0.0.135                -> 0.0.135
job-core	Checkout code	2026-02-15T22:18:49.1835231Z  * [new tag]             0.0.136                -> 0.0.136
job-core	Checkout code	2026-02-15T22:18:49.1835597Z  * [new tag]             0.0.137                -> 0.0.137
job-core	Checkout code	2026-02-15T22:18:49.1835960Z  * [new tag]             0.0.138                -> 0.0.138
job-core	Checkout code	2026-02-15T22:18:49.1836335Z  * [new tag]             0.0.139                -> 0.0.139
job-core	Checkout code	2026-02-15T22:18:49.1836703Z  * [new tag]             0.0.14                 -> 0.0.14
job-core	Checkout code	2026-02-15T22:18:49.1837063Z  * [new tag]             0.0.140                -> 0.0.140
job-core	Checkout code	2026-02-15T22:18:49.1837839Z  * [new tag]             0.0.141                -> 0.0.141
job-core	Checkout code	2026-02-15T22:18:49.1838648Z  * [new tag]             0.0.142                -> 0.0.142
job-core	Checkout code	2026-02-15T22:18:49.1839013Z  * [new tag]             0.0.143                -> 0.0.143
job-core	Checkout code	2026-02-15T22:18:49.1839388Z  * [new tag]             0.0.144                -> 0.0.144
job-core	Checkout code	2026-02-15T22:18:49.1839745Z  * [new tag]             0.0.145                -> 0.0.145
job-core	Checkout code	2026-02-15T22:18:49.1840106Z  * [new tag]             0.0.146                -> 0.0.146
job-core	Checkout code	2026-02-15T22:18:49.1840615Z  * [new tag]             0.0.147                -> 0.0.147
job-core	Checkout code	2026-02-15T22:18:49.1841073Z  * [new tag]             0.0.148                -> 0.0.148
job-core	Checkout code	2026-02-15T22:18:49.1841451Z  * [new tag]             0.0.149                -> 0.0.149
job-core	Checkout code	2026-02-15T22:18:49.1841839Z  * [new tag]             0.0.15                 -> 0.0.15
job-core	Checkout code	2026-02-15T22:18:49.1842210Z  * [new tag]             0.0.150                -> 0.0.150
job-core	Checkout code	2026-02-15T22:18:49.1842585Z  * [new tag]             0.0.151                -> 0.0.151
job-core	Checkout code	2026-02-15T22:18:49.1842966Z  * [new tag]             0.0.152                -> 0.0.152
job-core	Checkout code	2026-02-15T22:18:49.1843345Z  * [new tag]             0.0.153                -> 0.0.153
job-core	Checkout code	2026-02-15T22:18:49.1843733Z  * [new tag]             0.0.154                -> 0.0.154
job-core	Checkout code	2026-02-15T22:18:49.1844558Z  * [new tag]             0.0.155                -> 0.0.155
job-core	Checkout code	2026-02-15T22:18:49.1844952Z  * [new tag]             0.0.156                -> 0.0.156
job-core	Checkout code	2026-02-15T22:18:49.1845338Z  * [new tag]             0.0.157                -> 0.0.157
job-core	Checkout code	2026-02-15T22:18:49.1845711Z  * [new tag]             0.0.158                -> 0.0.158
job-core	Checkout code	2026-02-15T22:18:49.1846084Z  * [new tag]             0.0.159                -> 0.0.159
job-core	Checkout code	2026-02-15T22:18:49.1865897Z  * [new tag]             0.0.16                 -> 0.0.16
job-core	Checkout code	2026-02-15T22:18:49.1866378Z  * [new tag]             0.0.160                -> 0.0.160
job-core	Checkout code	2026-02-15T22:18:49.1866778Z  * [new tag]             0.0.161                -> 0.0.161
job-core	Checkout code	2026-02-15T22:18:49.1867177Z  * [new tag]             0.0.162                -> 0.0.162
job-core	Checkout code	2026-02-15T22:18:49.1867582Z  * [new tag]             0.0.163                -> 0.0.163
job-core	Checkout code	2026-02-15T22:18:49.1867957Z  * [new tag]             0.0.164                -> 0.0.164
job-core	Checkout code	2026-02-15T22:18:49.1868337Z  * [new tag]             0.0.165                -> 0.0.165
job-core	Checkout code	2026-02-15T22:18:49.1868734Z  * [new tag]             0.0.166                -> 0.0.166
job-core	Checkout code	2026-02-15T22:18:49.1869108Z  * [new tag]             0.0.167                -> 0.0.167
job-core	Checkout code	2026-02-15T22:18:49.1869484Z  * [new tag]             0.0.168                -> 0.0.168
job-core	Checkout code	2026-02-15T22:18:49.1869861Z  * [new tag]             0.0.169                -> 0.0.169
job-core	Checkout code	2026-02-15T22:18:49.1870240Z  * [new tag]             0.0.17                 -> 0.0.17
job-core	Checkout code	2026-02-15T22:18:49.1871104Z  * [new tag]             0.0.170                -> 0.0.170
job-core	Checkout code	2026-02-15T22:18:49.1871484Z  * [new tag]             0.0.171                -> 0.0.171
job-core	Checkout code	2026-02-15T22:18:49.1871864Z  * [new tag]             0.0.172                -> 0.0.172
job-core	Checkout code	2026-02-15T22:18:49.1872255Z  * [new tag]             0.0.173                -> 0.0.173
job-core	Checkout code	2026-02-15T22:18:49.1872638Z  * [new tag]             0.0.174                -> 0.0.174
job-core	Checkout code	2026-02-15T22:18:49.1873169Z  * [new tag]             0.0.175                -> 0.0.175
job-core	Checkout code	2026-02-15T22:18:49.1873559Z  * [new tag]             0.0.176                -> 0.0.176
job-core	Checkout code	2026-02-15T22:18:49.1873934Z  * [new tag]             0.0.177                -> 0.0.177
job-core	Checkout code	2026-02-15T22:18:49.1874310Z  * [new tag]             0.0.178                -> 0.0.178
job-core	Checkout code	2026-02-15T22:18:49.1874697Z  * [new tag]             0.0.179                -> 0.0.179
job-core	Checkout code	2026-02-15T22:18:49.1875071Z  * [new tag]             0.0.18                 -> 0.0.18
job-core	Checkout code	2026-02-15T22:18:49.1875456Z  * [new tag]             0.0.19                 -> 0.0.19
job-core	Checkout code	2026-02-15T22:18:49.1875834Z  * [new tag]             0.0.2                  -> 0.0.2
job-core	Checkout code	2026-02-15T22:18:49.1876219Z  * [new tag]             0.0.20                 -> 0.0.20
job-core	Checkout code	2026-02-15T22:18:49.1876644Z  * [new tag]             0.0.21                 -> 0.0.21
job-core	Checkout code	2026-02-15T22:18:49.1877391Z  * [new tag]             0.0.22                 -> 0.0.22
job-core	Checkout code	2026-02-15T22:18:49.1877780Z  * [new tag]             0.0.23                 -> 0.0.23
job-core	Checkout code	2026-02-15T22:18:49.1878173Z  * [new tag]             0.0.24                 -> 0.0.24
job-core	Checkout code	2026-02-15T22:18:49.1878573Z  * [new tag]             0.0.25                 -> 0.0.25
job-core	Checkout code	2026-02-15T22:18:49.1878944Z  * [new tag]             0.0.26                 -> 0.0.26
job-core	Checkout code	2026-02-15T22:18:49.1879329Z  * [new tag]             0.0.27                 -> 0.0.27
job-core	Checkout code	2026-02-15T22:18:49.1879699Z  * [new tag]             0.0.28                 -> 0.0.28
job-core	Checkout code	2026-02-15T22:18:49.1880081Z  * [new tag]             0.0.29                 -> 0.0.29
job-core	Checkout code	2026-02-15T22:18:49.1880611Z  * [new tag]             0.0.3                  -> 0.0.3
job-core	Checkout code	2026-02-15T22:18:49.1881006Z  * [new tag]             0.0.30                 -> 0.0.30
job-core	Checkout code	2026-02-15T22:18:49.1881478Z  * [new tag]             0.0.31                 -> 0.0.31
job-core	Checkout code	2026-02-15T22:18:49.1881872Z  * [new tag]             0.0.32                 -> 0.0.32
job-core	Checkout code	2026-02-15T22:18:49.1882255Z  * [new tag]             0.0.33                 -> 0.0.33
job-core	Checkout code	2026-02-15T22:18:49.1882631Z  * [new tag]             0.0.34                 -> 0.0.34
job-core	Checkout code	2026-02-15T22:18:49.1883007Z  * [new tag]             0.0.35                 -> 0.0.35
job-core	Checkout code	2026-02-15T22:18:49.1883613Z  * [new tag]             0.0.36                 -> 0.0.36
job-core	Checkout code	2026-02-15T22:18:49.1883980Z  * [new tag]             0.0.37                 -> 0.0.37
job-core	Checkout code	2026-02-15T22:18:49.1884348Z  * [new tag]             0.0.38                 -> 0.0.38
job-core	Checkout code	2026-02-15T22:18:49.1884714Z  * [new tag]             0.0.39                 -> 0.0.39
job-core	Checkout code	2026-02-15T22:18:49.1885080Z  * [new tag]             0.0.4                  -> 0.0.4
job-core	Checkout code	2026-02-15T22:18:49.1885448Z  * [new tag]             0.0.40                 -> 0.0.40
job-core	Checkout code	2026-02-15T22:18:49.1885815Z  * [new tag]             0.0.41                 -> 0.0.41
job-core	Checkout code	2026-02-15T22:18:49.1886184Z  * [new tag]             0.0.42                 -> 0.0.42
job-core	Checkout code	2026-02-15T22:18:49.1886552Z  * [new tag]             0.0.43                 -> 0.0.43
job-core	Checkout code	2026-02-15T22:18:49.1886931Z  * [new tag]             0.0.44                 -> 0.0.44
job-core	Checkout code	2026-02-15T22:18:49.1887310Z  * [new tag]             0.0.45                 -> 0.0.45
job-core	Checkout code	2026-02-15T22:18:49.1887682Z  * [new tag]             0.0.46                 -> 0.0.46
job-core	Checkout code	2026-02-15T22:18:49.1888054Z  * [new tag]             0.0.47                 -> 0.0.47
job-core	Checkout code	2026-02-15T22:18:49.1888426Z  * [new tag]             0.0.48                 -> 0.0.48
job-core	Checkout code	2026-02-15T22:18:49.1888798Z  * [new tag]             0.0.49                 -> 0.0.49
job-core	Checkout code	2026-02-15T22:18:49.1889167Z  * [new tag]             0.0.5                  -> 0.0.5
job-core	Checkout code	2026-02-15T22:18:49.1889537Z  * [new tag]             0.0.50                 -> 0.0.50
job-core	Checkout code	2026-02-15T22:18:49.1889902Z  * [new tag]             0.0.51                 -> 0.0.51
job-core	Checkout code	2026-02-15T22:18:49.1890268Z  * [new tag]             0.0.52                 -> 0.0.52
job-core	Checkout code	2026-02-15T22:18:49.1890758Z  * [new tag]             0.0.53                 -> 0.0.53
job-core	Checkout code	2026-02-15T22:18:49.1891132Z  * [new tag]             0.0.54                 -> 0.0.54
job-core	Checkout code	2026-02-15T22:18:49.1891490Z  * [new tag]             0.0.55                 -> 0.0.55
job-core	Checkout code	2026-02-15T22:18:49.1891850Z  * [new tag]             0.0.56                 -> 0.0.56
job-core	Checkout code	2026-02-15T22:18:49.1892218Z  * [new tag]             0.0.57                 -> 0.0.57
job-core	Checkout code	2026-02-15T22:18:49.1892580Z  * [new tag]             0.0.58                 -> 0.0.58
job-core	Checkout code	2026-02-15T22:18:49.1892940Z  * [new tag]             0.0.59                 -> 0.0.59
job-core	Checkout code	2026-02-15T22:18:49.1893303Z  * [new tag]             0.0.6                  -> 0.0.6
job-core	Checkout code	2026-02-15T22:18:49.1893661Z  * [new tag]             0.0.60                 -> 0.0.60
job-core	Checkout code	2026-02-15T22:18:49.1894023Z  * [new tag]             0.0.61                 -> 0.0.61
job-core	Checkout code	2026-02-15T22:18:49.1894382Z  * [new tag]             0.0.62                 -> 0.0.62
job-core	Checkout code	2026-02-15T22:18:49.1894739Z  * [new tag]             0.0.63                 -> 0.0.63
job-core	Checkout code	2026-02-15T22:18:49.1895099Z  * [new tag]             0.0.64                 -> 0.0.64
job-core	Checkout code	2026-02-15T22:18:49.1895666Z  * [new tag]             0.0.65                 -> 0.0.65
job-core	Checkout code	2026-02-15T22:18:49.1896029Z  * [new tag]             0.0.66                 -> 0.0.66
job-core	Checkout code	2026-02-15T22:18:49.1896385Z  * [new tag]             0.0.67                 -> 0.0.67
job-core	Checkout code	2026-02-15T22:18:49.1896753Z  * [new tag]             0.0.68                 -> 0.0.68
job-core	Checkout code	2026-02-15T22:18:49.1897112Z  * [new tag]             0.0.69                 -> 0.0.69
job-core	Checkout code	2026-02-15T22:18:49.1897474Z  * [new tag]             0.0.7                  -> 0.0.7
job-core	Checkout code	2026-02-15T22:18:49.1897836Z  * [new tag]             0.0.70                 -> 0.0.70
job-core	Checkout code	2026-02-15T22:18:49.1898193Z  * [new tag]             0.0.71                 -> 0.0.71
job-core	Checkout code	2026-02-15T22:18:49.1898556Z  * [new tag]             0.0.72                 -> 0.0.72
job-core	Checkout code	2026-02-15T22:18:49.1898906Z  * [new tag]             0.0.73                 -> 0.0.73
job-core	Checkout code	2026-02-15T22:18:49.1899273Z  * [new tag]             0.0.74                 -> 0.0.74
job-core	Checkout code	2026-02-15T22:18:49.1899631Z  * [new tag]             0.0.75                 -> 0.0.75
job-core	Checkout code	2026-02-15T22:18:49.1899995Z  * [new tag]             0.0.76                 -> 0.0.76
job-core	Checkout code	2026-02-15T22:18:49.1900352Z  * [new tag]             0.0.77                 -> 0.0.77
job-core	Checkout code	2026-02-15T22:18:49.1900826Z  * [new tag]             0.0.78                 -> 0.0.78
job-core	Checkout code	2026-02-15T22:18:49.1901383Z  * [new tag]             0.0.79                 -> 0.0.79
job-core	Checkout code	2026-02-15T22:18:49.1901745Z  * [new tag]             0.0.8                  -> 0.0.8
job-core	Checkout code	2026-02-15T22:18:49.1902100Z  * [new tag]             0.0.80                 -> 0.0.80
job-core	Checkout code	2026-02-15T22:18:49.1902458Z  * [new tag]             0.0.81                 -> 0.0.81
job-core	Checkout code	2026-02-15T22:18:49.1902818Z  * [new tag]             0.0.82                 -> 0.0.82
job-core	Checkout code	2026-02-15T22:18:49.1903177Z  * [new tag]             0.0.83                 -> 0.0.83
job-core	Checkout code	2026-02-15T22:18:49.1903533Z  * [new tag]             0.0.84                 -> 0.0.84
job-core	Checkout code	2026-02-15T22:18:49.1903893Z  * [new tag]             0.0.85                 -> 0.0.85
job-core	Checkout code	2026-02-15T22:18:49.1904260Z  * [new tag]             0.0.86                 -> 0.0.86
job-core	Checkout code	2026-02-15T22:18:49.1904622Z  * [new tag]             0.0.87                 -> 0.0.87
job-core	Checkout code	2026-02-15T22:18:49.1904981Z  * [new tag]             0.0.88                 -> 0.0.88
job-core	Checkout code	2026-02-15T22:18:49.1905342Z  * [new tag]             0.0.89                 -> 0.0.89
job-core	Checkout code	2026-02-15T22:18:49.1905706Z  * [new tag]             0.0.9                  -> 0.0.9
job-core	Checkout code	2026-02-15T22:18:49.1906067Z  * [new tag]             0.0.90                 -> 0.0.90
job-core	Checkout code	2026-02-15T22:18:49.1906427Z  * [new tag]             0.0.91                 -> 0.0.91
job-core	Checkout code	2026-02-15T22:18:49.1906783Z  * [new tag]             0.0.92                 -> 0.0.92
job-core	Checkout code	2026-02-15T22:18:49.1907143Z  * [new tag]             0.0.93                 -> 0.0.93
job-core	Checkout code	2026-02-15T22:18:49.1907495Z  * [new tag]             0.0.94                 -> 0.0.94
job-core	Checkout code	2026-02-15T22:18:49.1907851Z  * [new tag]             0.0.95                 -> 0.0.95
job-core	Checkout code	2026-02-15T22:18:49.1908211Z  * [new tag]             0.0.96                 -> 0.0.96
job-core	Checkout code	2026-02-15T22:18:49.1908577Z  * [new tag]             0.0.97                 -> 0.0.97
job-core	Checkout code	2026-02-15T22:18:49.1908936Z  * [new tag]             0.0.98                 -> 0.0.98
job-core	Checkout code	2026-02-15T22:18:49.1909295Z  * [new tag]             0.0.99                 -> 0.0.99
job-core	Checkout code	2026-02-15T22:18:49.1909652Z  * [new tag]             0.1.0                  -> 0.1.0
job-core	Checkout code	2026-02-15T22:18:49.1910012Z  * [new tag]             0.1.1                  -> 0.1.1
job-core	Checkout code	2026-02-15T22:18:49.1910406Z  * [new tag]             0.2.0                  -> 0.2.0
job-core	Checkout code	2026-02-15T22:18:49.1910996Z  * [new tag]             0.3.0                  -> 0.3.0
job-core	Checkout code	2026-02-15T22:18:49.1911342Z  * [new tag]             0.3.1                  -> 0.3.1
job-core	Checkout code	2026-02-15T22:18:49.1911688Z  * [new tag]             0.3.10                 -> 0.3.10
job-core	Checkout code	2026-02-15T22:18:49.1912039Z  * [new tag]             0.3.11                 -> 0.3.11
job-core	Checkout code	2026-02-15T22:18:49.1912391Z  * [new tag]             0.3.12                 -> 0.3.12
job-core	Checkout code	2026-02-15T22:18:49.1912742Z  * [new tag]             0.3.13                 -> 0.3.13
job-core	Checkout code	2026-02-15T22:18:49.1913337Z  * [new tag]             0.3.14                 -> 0.3.14
job-core	Checkout code	2026-02-15T22:18:49.1913691Z  * [new tag]             0.3.15                 -> 0.3.15
job-core	Checkout code	2026-02-15T22:18:49.1914040Z  * [new tag]             0.3.16                 -> 0.3.16
job-core	Checkout code	2026-02-15T22:18:49.1914392Z  * [new tag]             0.3.17                 -> 0.3.17
job-core	Checkout code	2026-02-15T22:18:49.1914742Z  * [new tag]             0.3.2                  -> 0.3.2
job-core	Checkout code	2026-02-15T22:18:49.1915101Z  * [new tag]             0.3.3                  -> 0.3.3
job-core	Checkout code	2026-02-15T22:18:49.1915448Z  * [new tag]             0.3.4                  -> 0.3.4
job-core	Checkout code	2026-02-15T22:18:49.1915796Z  * [new tag]             0.3.5                  -> 0.3.5
job-core	Checkout code	2026-02-15T22:18:49.1916142Z  * [new tag]             0.3.6                  -> 0.3.6
job-core	Checkout code	2026-02-15T22:18:49.1916489Z  * [new tag]             0.3.7                  -> 0.3.7
job-core	Checkout code	2026-02-15T22:18:49.1916840Z  * [new tag]             0.3.8                  -> 0.3.8
job-core	Checkout code	2026-02-15T22:18:49.1929734Z  * [new tag]             0.3.9                  -> 0.3.9
job-core	Checkout code	2026-02-15T22:18:49.1930182Z  * [new tag]             0.4.0                  -> 0.4.0
job-core	Checkout code	2026-02-15T22:18:49.1930797Z  * [new tag]             0.4.1                  -> 0.4.1
job-core	Checkout code	2026-02-15T22:18:49.1931276Z  * [new tag]             0.4.2                  -> 0.4.2
job-core	Checkout code	2026-02-15T22:18:49.1931890Z  * [new tag]             0.4.3                  -> 0.4.3
job-core	Checkout code	2026-02-15T22:18:49.1932235Z  * [new tag]             0.4.4                  -> 0.4.4
job-core	Checkout code	2026-02-15T22:18:49.1932581Z  * [new tag]             0.4.5                  -> 0.4.5
job-core	Checkout code	2026-02-15T22:18:49.1933196Z  * [new tag]             0.4.6                  -> 0.4.6
job-core	Checkout code	2026-02-15T22:18:49.1933542Z  * [new tag]             0.4.7                  -> 0.4.7
job-core	Checkout code	2026-02-15T22:18:49.1934004Z  * [new tag]             0.4.8                  -> 0.4.8
job-core	Checkout code	2026-02-15T22:18:49.1934337Z  * [new tag]             0.4.9                  -> 0.4.9
job-core	Checkout code	2026-02-15T22:18:49.1934672Z  * [new tag]             0.5.0                  -> 0.5.0
job-core	Checkout code	2026-02-15T22:18:49.1935009Z  * [new tag]             0.5.1                  -> 0.5.1
job-core	Checkout code	2026-02-15T22:18:49.1935351Z  * [new tag]             0.5.2                  -> 0.5.2
job-core	Checkout code	2026-02-15T22:18:49.1935687Z  * [new tag]             0.6.0                  -> 0.6.0
job-core	Checkout code	2026-02-15T22:18:49.1936028Z  * [new tag]             0.6.1                  -> 0.6.1
job-core	Checkout code	2026-02-15T22:18:49.1936371Z  * [new tag]             0.6.2                  -> 0.6.2
job-core	Checkout code	2026-02-15T22:18:49.2190747Z [command]/usr/bin/git branch --list --remote origin/main
job-core	Checkout code	2026-02-15T22:18:49.2271249Z   origin/main
job-core	Checkout code	2026-02-15T22:18:49.2283228Z [command]/usr/bin/git rev-parse refs/remotes/origin/main
job-core	Checkout code	2026-02-15T22:18:49.2313538Z e553b03ee345e646cafda122ba54a00c3615882c
job-core	Checkout code	2026-02-15T22:18:49.2320731Z ##[endgroup]
job-core	Checkout code	2026-02-15T22:18:49.2321180Z ##[group]Determining the checkout info
job-core	Checkout code	2026-02-15T22:18:49.2321981Z ##[endgroup]
job-core	Checkout code	2026-02-15T22:18:49.2326710Z [command]/usr/bin/git sparse-checkout disable
job-core	Checkout code	2026-02-15T22:18:49.2390998Z [command]/usr/bin/git config --local --unset-all extensions.worktreeConfig
job-core	Checkout code	2026-02-15T22:18:49.2429493Z ##[group]Checking out the ref
job-core	Checkout code	2026-02-15T22:18:49.2436899Z [command]/usr/bin/git checkout --progress --force -B main refs/remotes/origin/main
job-core	Checkout code	2026-02-15T22:18:49.5031734Z Switched to a new branch 'main'
job-core	Checkout code	2026-02-15T22:18:49.5037398Z branch 'main' set up to track 'origin/main'.
job-core	Checkout code	2026-02-15T22:18:49.5084791Z ##[endgroup]
job-core	Checkout code	2026-02-15T22:18:49.5143569Z [command]/usr/bin/git log -1 --format=%H
job-core	Checkout code	2026-02-15T22:18:49.5177603Z e553b03ee345e646cafda122ba54a00c3615882c
job-core	Install GH CLI	Ôªø2026-02-15T22:18:49.5462881Z Prepare all required actions
job-core	Install GH CLI	2026-02-15T22:18:49.5512076Z ##[group]Run ./.github/actions/install-gh-cli
job-core	Install GH CLI	2026-02-15T22:18:49.5512412Z env:
job-core	Install GH CLI	2026-02-15T22:18:49.5512608Z   PYTHON_VERSION: 3.9
job-core	Install GH CLI	2026-02-15T22:18:49.5513458Z   MONGO_SUPERUSER_CONNECTION: ***
job-core	Install GH CLI	2026-02-15T22:18:49.5513847Z   MONGO_NEW_PASS: ***
job-core	Install GH CLI	2026-02-15T22:18:49.5514161Z   MONGO_SCRIPT_CREATE: devops/core/mongo/scripts/add-doc-to-db.py
job-core	Install GH CLI	2026-02-15T22:18:49.5514529Z   KAOS_CODE: 22044108942
job-core	Install GH CLI	2026-02-15T22:18:49.5514790Z   KAOS_MODULE: [Ka0s] Autom add docs to MongoDB
job-core	Install GH CLI	2026-02-15T22:18:49.5515089Z   REPORT_SCAN: audit/
job-core	Install GH CLI	2026-02-15T22:18:49.5515580Z   REPORT_PATH: audit/mongodb/
job-core	Install GH CLI	2026-02-15T22:18:49.5515859Z   REPORT_FILENAME: mongo_setup_22044108942.json
job-core	Install GH CLI	2026-02-15T22:18:49.5516195Z   REPORT_FILENAME_LIST: mongo_list_22044108942.json
job-core	Install GH CLI	2026-02-15T22:18:49.5516552Z   REPORT_FILENAME_DB: mongo_create_db_22044108942.json
job-core	Install GH CLI	2026-02-15T22:18:49.5516866Z   GITHUB_OUTPUT: 
job-core	Install GH CLI	2026-02-15T22:18:49.5528773Z ##[endgroup]
job-core	Install GH CLI	2026-02-15T22:18:49.5621363Z ##[group]Run type -p curl >/dev/null || (sudo apt-get update && sudo apt-get install curl -y)
job-core	Install GH CLI	2026-02-15T22:18:49.5622203Z [36;1mtype -p curl >/dev/null || (sudo apt-get update && sudo apt-get install curl -y)[0m
job-core	Install GH CLI	2026-02-15T22:18:49.5623046Z [36;1mcurl -fsSL https://cli.github.com/packages/githubcli-archive-keyring.gpg | sudo dd of=/usr/share/keyrings/githubcli-archive-keyring.gpg \[0m
job-core	Install GH CLI	2026-02-15T22:18:49.5623834Z [36;1m&& sudo chmod go+r /usr/share/keyrings/githubcli-archive-keyring.gpg \[0m
job-core	Install GH CLI	2026-02-15T22:18:49.5624891Z [36;1m&& echo "deb [arch=$(dpkg --print-architecture) signed-by=/usr/share/keyrings/githubcli-archive-keyring.gpg] https://cli.github.com/packages stable main" | sudo tee /etc/apt/sources.list.d/github-cli.list > /dev/null \[0m
job-core	Install GH CLI	2026-02-15T22:18:49.5625875Z [36;1m&& sudo apt-get update \[0m
job-core	Install GH CLI	2026-02-15T22:18:49.5626158Z [36;1m&& sudo apt-get install gh -y[0m
job-core	Install GH CLI	2026-02-15T22:18:49.5642985Z shell: /usr/bin/bash --noprofile --norc -e -o pipefail {0}
job-core	Install GH CLI	2026-02-15T22:18:49.5643456Z env:
job-core	Install GH CLI	2026-02-15T22:18:49.5643637Z   PYTHON_VERSION: 3.9
job-core	Install GH CLI	2026-02-15T22:18:49.5644461Z   MONGO_SUPERUSER_CONNECTION: ***
job-core	Install GH CLI	2026-02-15T22:18:49.5644839Z   MONGO_NEW_PASS: ***
job-core	Install GH CLI	2026-02-15T22:18:49.5645140Z   MONGO_SCRIPT_CREATE: devops/core/mongo/scripts/add-doc-to-db.py
job-core	Install GH CLI	2026-02-15T22:18:49.5645494Z   KAOS_CODE: 22044108942
job-core	Install GH CLI	2026-02-15T22:18:49.5645745Z   KAOS_MODULE: [Ka0s] Autom add docs to MongoDB
job-core	Install GH CLI	2026-02-15T22:18:49.5646293Z   REPORT_SCAN: audit/
job-core	Install GH CLI	2026-02-15T22:18:49.5646655Z   REPORT_PATH: audit/mongodb/
job-core	Install GH CLI	2026-02-15T22:18:49.5647046Z   REPORT_FILENAME: mongo_setup_22044108942.json
job-core	Install GH CLI	2026-02-15T22:18:49.5647376Z   REPORT_FILENAME_LIST: mongo_list_22044108942.json
job-core	Install GH CLI	2026-02-15T22:18:49.5647719Z   REPORT_FILENAME_DB: mongo_create_db_22044108942.json
job-core	Install GH CLI	2026-02-15T22:18:49.5648012Z   GITHUB_OUTPUT: 
job-core	Install GH CLI	2026-02-15T22:18:49.5648209Z ##[endgroup]
job-core	Install GH CLI	2026-02-15T22:18:49.6362881Z 4+1 records in
job-core	Install GH CLI	2026-02-15T22:18:49.6363383Z 4+1 records out
job-core	Install GH CLI	2026-02-15T22:18:49.6363661Z 2270 bytes (2.3 kB, 2.2 KiB) copied, 0.0499041 s, 45.5 kB/s
job-core	Install GH CLI	2026-02-15T22:18:49.8883234Z Get:1 https://cli.github.com/packages stable InRelease [3917 B]
job-core	Install GH CLI	2026-02-15T22:18:49.9231651Z Get:2 http://archive.ubuntu.com/ubuntu noble InRelease [256 kB]
job-core	Install GH CLI	2026-02-15T22:18:49.9234185Z Get:3 http://security.ubuntu.com/ubuntu noble-security InRelease [126 kB]
job-core	Install GH CLI	2026-02-15T22:18:50.0040852Z Get:4 https://ppa.launchpadcontent.net/git-core/ppa/ubuntu noble InRelease [24.3 kB]
job-core	Install GH CLI	2026-02-15T22:18:50.1218187Z Get:5 https://ppa.launchpadcontent.net/git-core/ppa/ubuntu noble/main amd64 Packages [2992 B]
job-core	Install GH CLI	2026-02-15T22:18:50.1594594Z Get:6 https://cli.github.com/packages stable/main amd64 Packages [356 B]
job-core	Install GH CLI	2026-02-15T22:18:50.1729810Z Get:7 http://archive.ubuntu.com/ubuntu noble-updates InRelease [126 kB]
job-core	Install GH CLI	2026-02-15T22:18:50.2168829Z Get:8 http://security.ubuntu.com/ubuntu noble-security/main amd64 Packages [1824 kB]
job-core	Install GH CLI	2026-02-15T22:18:50.2399879Z Get:9 http://archive.ubuntu.com/ubuntu noble-backports InRelease [126 kB]
job-core	Install GH CLI	2026-02-15T22:18:50.3073589Z Get:10 http://archive.ubuntu.com/ubuntu noble/multiverse amd64 Packages [331 kB]
job-core	Install GH CLI	2026-02-15T22:18:50.3548252Z Get:11 http://archive.ubuntu.com/ubuntu noble/restricted amd64 Packages [117 kB]
job-core	Install GH CLI	2026-02-15T22:18:50.3724842Z Get:12 http://archive.ubuntu.com/ubuntu noble/universe amd64 Packages [19.3 MB]
job-core	Install GH CLI	2026-02-15T22:18:50.5044093Z Get:13 http://security.ubuntu.com/ubuntu noble-security/restricted amd64 Packages [3115 kB]
job-core	Install GH CLI	2026-02-15T22:18:50.5888186Z Get:14 http://security.ubuntu.com/ubuntu noble-security/multiverse amd64 Packages [34.8 kB]
job-core	Install GH CLI	2026-02-15T22:18:50.5905307Z Get:15 http://security.ubuntu.com/ubuntu noble-security/universe amd64 Packages [1200 kB]
job-core	Install GH CLI	2026-02-15T22:18:50.7334970Z Get:16 http://archive.ubuntu.com/ubuntu noble/main amd64 Packages [1808 kB]
job-core	Install GH CLI	2026-02-15T22:18:50.7459666Z Get:17 http://archive.ubuntu.com/ubuntu noble-updates/restricted amd64 Packages [3295 kB]
job-core	Install GH CLI	2026-02-15T22:18:50.7919990Z Get:18 http://archive.ubuntu.com/ubuntu noble-updates/multiverse amd64 Packages [38.1 kB]
job-core	Install GH CLI	2026-02-15T22:18:50.7931952Z Get:19 http://archive.ubuntu.com/ubuntu noble-updates/universe amd64 Packages [1979 kB]
job-core	Install GH CLI	2026-02-15T22:18:50.8088830Z Get:20 http://archive.ubuntu.com/ubuntu noble-updates/main amd64 Packages [2203 kB]
job-core	Install GH CLI	2026-02-15T22:18:50.8739843Z Get:21 http://archive.ubuntu.com/ubuntu noble-backports/main amd64 Packages [49.5 kB]
job-core	Install GH CLI	2026-02-15T22:18:50.8748155Z Get:22 http://archive.ubuntu.com/ubuntu noble-backports/universe amd64 Packages [34.6 kB]
job-core	Install GH CLI	2026-02-15T22:18:52.0039848Z Fetched 36.0 MB in 2s (16.3 MB/s)
job-core	Install GH CLI	2026-02-15T22:18:52.9272481Z Reading package lists...
job-core	Install GH CLI	2026-02-15T22:18:53.8969120Z Reading package lists...
job-core	Install GH CLI	2026-02-15T22:18:54.1234783Z Building dependency tree...
job-core	Install GH CLI	2026-02-15T22:18:54.1235660Z Reading state information...
job-core	Install GH CLI	2026-02-15T22:18:54.5325595Z The following NEW packages will be installed:
job-core	Install GH CLI	2026-02-15T22:18:54.5346353Z   gh
job-core	Install GH CLI	2026-02-15T22:18:54.6388886Z 0 upgraded, 1 newly installed, 0 to remove and 20 not upgraded.
job-core	Install GH CLI	2026-02-15T22:18:54.6389597Z Need to get 13.7 MB of archives.
job-core	Install GH CLI	2026-02-15T22:18:54.6399009Z After this operation, 37.9 MB of additional disk space will be used.
job-core	Install GH CLI	2026-02-15T22:18:54.6399811Z Get:1 https://cli.github.com/packages stable/main amd64 gh amd64 2.86.0 [13.7 MB]
job-core	Install GH CLI	2026-02-15T22:18:55.3210623Z debconf: delaying package configuration, since apt-utils is not installed
job-core	Install GH CLI	2026-02-15T22:18:55.4166424Z Fetched 13.7 MB in 0s (31.2 MB/s)
job-core	Install GH CLI	2026-02-15T22:18:55.4610223Z Selecting previously unselected package gh.
job-core	Install GH CLI	2026-02-15T22:18:55.4675174Z (Reading database ... 
job-core	Install GH CLI	2026-02-15T22:18:55.4676187Z (Reading database ... 5%
job-core	Install GH CLI	2026-02-15T22:18:55.4676625Z (Reading database ... 10%
job-core	Install GH CLI	2026-02-15T22:18:55.4677066Z (Reading database ... 15%
job-core	Install GH CLI	2026-02-15T22:18:55.4677524Z (Reading database ... 20%
job-core	Install GH CLI	2026-02-15T22:18:55.4678408Z (Reading database ... 25%
job-core	Install GH CLI	2026-02-15T22:18:55.4678850Z (Reading database ... 30%
job-core	Install GH CLI	2026-02-15T22:18:55.4679688Z (Reading database ... 35%
job-core	Install GH CLI	2026-02-15T22:18:55.4680575Z (Reading database ... 40%
job-core	Install GH CLI	2026-02-15T22:18:55.4681016Z (Reading database ... 45%
job-core	Install GH CLI	2026-02-15T22:18:55.4681441Z (Reading database ... 50%
job-core	Install GH CLI	2026-02-15T22:18:55.4681860Z (Reading database ... 55%
job-core	Install GH CLI	2026-02-15T22:18:55.4682279Z (Reading database ... 60%
job-core	Install GH CLI	2026-02-15T22:18:55.4689451Z (Reading database ... 65%
job-core	Install GH CLI	2026-02-15T22:18:55.4724880Z (Reading database ... 70%
job-core	Install GH CLI	2026-02-15T22:18:55.4734636Z (Reading database ... 75%
job-core	Install GH CLI	2026-02-15T22:18:55.4756803Z (Reading database ... 80%
job-core	Install GH CLI	2026-02-15T22:18:55.4765249Z (Reading database ... 85%
job-core	Install GH CLI	2026-02-15T22:18:55.4782564Z (Reading database ... 90%
job-core	Install GH CLI	2026-02-15T22:18:55.4814163Z (Reading database ... 95%
job-core	Install GH CLI	2026-02-15T22:18:55.4814677Z (Reading database ... 100%
job-core	Install GH CLI	2026-02-15T22:18:55.4815312Z (Reading database ... 14385 files and directories currently installed.)
job-core	Install GH CLI	2026-02-15T22:18:55.4822196Z Preparing to unpack .../archives/gh_2.86.0_amd64.deb ...
job-core	Install GH CLI	2026-02-15T22:18:55.4857029Z Unpacking gh (2.86.0) ...
job-core	Install GH CLI	2026-02-15T22:18:55.7243679Z Setting up gh (2.86.0) ...
job-core	Set up Python	Ôªø2026-02-15T22:18:55.7799564Z ##[group]Run actions/setup-python@v4
job-core	Set up Python	2026-02-15T22:18:55.7799884Z with:
job-core	Set up Python	2026-02-15T22:18:55.7800086Z   python-version: 3.9
job-core	Set up Python	2026-02-15T22:18:55.7800316Z   check-latest: false
job-core	Set up Python	2026-02-15T22:18:55.7801422Z   token: ***
job-core	Set up Python	2026-02-15T22:18:55.7801635Z   update-environment: true
job-core	Set up Python	2026-02-15T22:18:55.7801889Z   allow-prereleases: false
job-core	Set up Python	2026-02-15T22:18:55.7802121Z env:
job-core	Set up Python	2026-02-15T22:18:55.7802308Z   PYTHON_VERSION: 3.9
job-core	Set up Python	2026-02-15T22:18:55.7802988Z   MONGO_SUPERUSER_CONNECTION: ***
job-core	Set up Python	2026-02-15T22:18:55.7803367Z   MONGO_NEW_PASS: ***
job-core	Set up Python	2026-02-15T22:18:55.7803682Z   MONGO_SCRIPT_CREATE: devops/core/mongo/scripts/add-doc-to-db.py
job-core	Set up Python	2026-02-15T22:18:55.7804049Z   KAOS_CODE: 22044108942
job-core	Set up Python	2026-02-15T22:18:55.7804309Z   KAOS_MODULE: [Ka0s] Autom add docs to MongoDB
job-core	Set up Python	2026-02-15T22:18:55.7804608Z   REPORT_SCAN: audit/
job-core	Set up Python	2026-02-15T22:18:55.7805103Z   REPORT_PATH: audit/mongodb/
job-core	Set up Python	2026-02-15T22:18:55.7805386Z   REPORT_FILENAME: mongo_setup_22044108942.json
job-core	Set up Python	2026-02-15T22:18:55.7805718Z   REPORT_FILENAME_LIST: mongo_list_22044108942.json
job-core	Set up Python	2026-02-15T22:18:55.7815535Z   REPORT_FILENAME_DB: mongo_create_db_22044108942.json
job-core	Set up Python	2026-02-15T22:18:55.7815887Z   GITHUB_OUTPUT: 
job-core	Set up Python	2026-02-15T22:18:55.7816096Z ##[endgroup]
job-core	Set up Python	2026-02-15T22:18:55.9784144Z ##[group]Installed versions
job-core	Set up Python	2026-02-15T22:18:55.9798978Z Version 3.9 was not found in the local cache
job-core	Set up Python	2026-02-15T22:18:56.7646439Z Version 3.9 is available for downloading
job-core	Set up Python	2026-02-15T22:18:56.7648433Z Download from "https://github.com/actions/python-versions/releases/download/3.9.25-19039189640/python-3.9.25-linux-24.04-x64.tar.gz"
job-core	Set up Python	2026-02-15T22:18:58.5321912Z Extract downloaded archive
job-core	Set up Python	2026-02-15T22:18:58.5424010Z [command]/usr/bin/tar xz --warning=no-unknown-keyword -C /home/runner/_work/_temp/72d2b941-7344-4dbb-84f5-7a25aa384dd0 -f /home/runner/_work/_temp/b83ba0e2-643d-4c83-8687-3c2087a6883b
job-core	Set up Python	2026-02-15T22:19:00.0599156Z Execute installation script
job-core	Set up Python	2026-02-15T22:19:00.0700046Z Check if Python hostedtoolcache folder exist...
job-core	Set up Python	2026-02-15T22:19:00.0700626Z Creating Python hostedtoolcache folder...
job-core	Set up Python	2026-02-15T22:19:00.0716204Z Create Python 3.9.25 folder
job-core	Set up Python	2026-02-15T22:19:00.0731099Z Copy Python binaries to hostedtoolcache folder
job-core	Set up Python	2026-02-15T22:19:01.0030857Z Create additional symlinks (Required for the UsePythonVersion Azure Pipelines task and the setup-python GitHub Action)
job-core	Set up Python	2026-02-15T22:19:01.0078526Z Upgrading pip...
job-core	Set up Python	2026-02-15T22:19:03.1620823Z Looking in links: /tmp/tmpg8dhr5tn
job-core	Set up Python	2026-02-15T22:19:03.1625757Z Requirement already satisfied: setuptools in /home/runner/_work/_tool/Python/3.9.25/x64/lib/python3.9/site-packages (79.0.1)
job-core	Set up Python	2026-02-15T22:19:03.1630341Z Requirement already satisfied: pip in /home/runner/_work/_tool/Python/3.9.25/x64/lib/python3.9/site-packages (23.0.1)
job-core	Set up Python	2026-02-15T22:19:04.4363811Z Collecting pip
job-core	Set up Python	2026-02-15T22:19:04.5012325Z Downloading pip-26.0.1-py3-none-any.whl (1.8 MB)
job-core	Set up Python	2026-02-15T22:19:04.5691735Z ‚îÅ‚îÅ‚îÅ‚îÅ‚îÅ‚îÅ‚îÅ‚îÅ‚îÅ‚îÅ‚îÅ‚îÅ‚îÅ‚îÅ‚îÅ‚îÅ‚îÅ‚îÅ‚îÅ‚îÅ‚îÅ‚îÅ‚îÅ‚îÅ‚îÅ‚îÅ‚îÅ‚îÅ‚îÅ‚îÅ‚îÅ‚îÅ‚îÅ‚îÅ‚îÅ‚îÅ‚îÅ‚îÅ‚îÅ‚îÅ 1.8/1.8 MB 27.5 MB/s eta 0:00:00
job-core	Set up Python	2026-02-15T22:19:04.5692820Z 
job-core	Set up Python	2026-02-15T22:19:04.6356107Z Installing collected packages: pip
job-core	Set up Python	2026-02-15T22:19:04.6356652Z Attempting uninstall: pip
job-core	Set up Python	2026-02-15T22:19:04.6365005Z Found existing installation: pip 23.0.1
job-core	Set up Python	2026-02-15T22:19:04.9456761Z Uninstalling pip-23.0.1:
job-core	Set up Python	2026-02-15T22:19:04.9556413Z Successfully uninstalled pip-23.0.1
job-core	Set up Python	2026-02-15T22:19:05.8268335Z Successfully installed pip-26.0.1
job-core	Set up Python	2026-02-15T22:19:05.9063743Z Create complete file
job-core	Set up Python	2026-02-15T22:19:05.9105342Z Successfully set up CPython (3.9.25)
job-core	Set up Python	2026-02-15T22:19:05.9106439Z ##[endgroup]
job-core	Install dependencies	Ôªø2026-02-15T22:19:05.9273074Z ##[group]Run pip install pymongo
job-core	Install dependencies	2026-02-15T22:19:05.9273412Z [36;1mpip install pymongo[0m
job-core	Install dependencies	2026-02-15T22:19:05.9289355Z shell: /usr/bin/bash -e {0}
job-core	Install dependencies	2026-02-15T22:19:05.9289627Z env:
job-core	Install dependencies	2026-02-15T22:19:05.9289829Z   PYTHON_VERSION: 3.9
job-core	Install dependencies	2026-02-15T22:19:05.9290945Z   MONGO_SUPERUSER_CONNECTION: ***
job-core	Install dependencies	2026-02-15T22:19:05.9291504Z   MONGO_NEW_PASS: ***
job-core	Install dependencies	2026-02-15T22:19:05.9291969Z   MONGO_SCRIPT_CREATE: devops/core/mongo/scripts/add-doc-to-db.py
job-core	Install dependencies	2026-02-15T22:19:05.9292325Z   KAOS_CODE: 22044108942
job-core	Install dependencies	2026-02-15T22:19:05.9292580Z   KAOS_MODULE: [Ka0s] Autom add docs to MongoDB
job-core	Install dependencies	2026-02-15T22:19:05.9292866Z   REPORT_SCAN: audit/
job-core	Install dependencies	2026-02-15T22:19:05.9293082Z   REPORT_PATH: audit/mongodb/
job-core	Install dependencies	2026-02-15T22:19:05.9293344Z   REPORT_FILENAME: mongo_setup_22044108942.json
job-core	Install dependencies	2026-02-15T22:19:05.9293664Z   REPORT_FILENAME_LIST: mongo_list_22044108942.json
job-core	Install dependencies	2026-02-15T22:19:05.9294007Z   REPORT_FILENAME_DB: mongo_create_db_22044108942.json
job-core	Install dependencies	2026-02-15T22:19:05.9294305Z   GITHUB_OUTPUT: 
job-core	Install dependencies	2026-02-15T22:19:05.9294580Z   pythonLocation: /home/runner/_work/_tool/Python/3.9.25/x64
job-core	Install dependencies	2026-02-15T22:19:05.9295059Z   PKG_CONFIG_PATH: /home/runner/_work/_tool/Python/3.9.25/x64/lib/pkgconfig
job-core	Install dependencies	2026-02-15T22:19:05.9295504Z   Python_ROOT_DIR: /home/runner/_work/_tool/Python/3.9.25/x64
job-core	Install dependencies	2026-02-15T22:19:05.9295905Z   Python2_ROOT_DIR: /home/runner/_work/_tool/Python/3.9.25/x64
job-core	Install dependencies	2026-02-15T22:19:05.9296573Z   Python3_ROOT_DIR: /home/runner/_work/_tool/Python/3.9.25/x64
job-core	Install dependencies	2026-02-15T22:19:05.9296978Z   LD_LIBRARY_PATH: /home/runner/_work/_tool/Python/3.9.25/x64/lib
job-core	Install dependencies	2026-02-15T22:19:05.9297309Z ##[endgroup]
job-core	Install dependencies	2026-02-15T22:19:06.7841955Z Collecting pymongo
job-core	Install dependencies	2026-02-15T22:19:06.8379629Z   Downloading pymongo-4.16.0-cp39-cp39-manylinux2014_x86_64.manylinux_2_17_x86_64.manylinux_2_28_x86_64.whl.metadata (10.0 kB)
job-core	Install dependencies	2026-02-15T22:19:06.8663906Z Collecting dnspython<3.0.0,>=2.6.1 (from pymongo)
job-core	Install dependencies	2026-02-15T22:19:06.8717152Z   Downloading dnspython-2.7.0-py3-none-any.whl.metadata (5.8 kB)
job-core	Install dependencies	2026-02-15T22:19:06.8867711Z Downloading pymongo-4.16.0-cp39-cp39-manylinux2014_x86_64.manylinux_2_17_x86_64.manylinux_2_28_x86_64.whl (947 kB)
job-core	Install dependencies	2026-02-15T22:19:06.9251048Z    ‚îÅ‚îÅ‚îÅ‚îÅ‚îÅ‚îÅ‚îÅ‚îÅ‚îÅ‚îÅ‚îÅ‚îÅ‚îÅ‚îÅ‚îÅ‚îÅ‚îÅ‚îÅ‚îÅ‚îÅ‚îÅ‚îÅ‚îÅ‚îÅ‚îÅ‚îÅ‚îÅ‚îÅ‚îÅ‚îÅ‚îÅ‚îÅ‚îÅ‚îÅ‚îÅ‚îÅ‚îÅ‚îÅ‚îÅ‚îÅ 947.2/947.2 kB 34.4 MB/s  0:00:00
job-core	Install dependencies	2026-02-15T22:19:06.9306437Z Downloading dnspython-2.7.0-py3-none-any.whl (313 kB)
job-core	Install dependencies	2026-02-15T22:19:06.9875721Z Installing collected packages: dnspython, pymongo
job-core	Install dependencies	2026-02-15T22:19:07.5300755Z 
job-core	Install dependencies	2026-02-15T22:19:07.5319748Z Successfully installed dnspython-2.7.0 pymongo-4.16.0
job-core	Create database MongoDB	Ôªø2026-02-15T22:19:07.7319356Z ##[group]Run python devops/core/mongo/scripts/add-doc-to-db.py
job-core	Create database MongoDB	2026-02-15T22:19:07.7319878Z [36;1mpython devops/core/mongo/scripts/add-doc-to-db.py[0m
job-core	Create database MongoDB	2026-02-15T22:19:07.7320326Z [36;1mecho "Downloading files to MongoDB update repository ..."[0m
job-core	Create database MongoDB	2026-02-15T22:19:07.7321276Z [36;1mgit config --global user.name "***"[0m
job-core	Create database MongoDB	2026-02-15T22:19:07.7321650Z [36;1mgit config --global user.email "***"[0m
job-core	Create database MongoDB	2026-02-15T22:19:07.7321948Z [36;1mgit pull[0m
job-core	Create database MongoDB	2026-02-15T22:19:07.7322266Z [36;1mecho "[Ka0s] Uploading files to MongoDB update repository ..."[0m
job-core	Create database MongoDB	2026-02-15T22:19:07.7322766Z [36;1mgit add audit/[0m
job-core	Create database MongoDB	2026-02-15T22:19:07.7323193Z [36;1mgit commit -m "[Ka0S] Uploading Autom add docs to MongoDB..." || echo "No changes to commit"[0m
job-core	Create database MongoDB	2026-02-15T22:19:07.7323671Z [36;1mMAX_RETRIES=3[0m
job-core	Create database MongoDB	2026-02-15T22:19:07.7323894Z [36;1mCOUNT=0[0m
job-core	Create database MongoDB	2026-02-15T22:19:07.7324201Z [36;1muntil git push origin refs/heads/main --force-with-lease; do[0m
job-core	Create database MongoDB	2026-02-15T22:19:07.7324590Z [36;1m  COUNT=$((COUNT+1))[0m
job-core	Create database MongoDB	2026-02-15T22:19:07.7324898Z [36;1m  if [ $COUNT -ge $MAX_RETRIES ]; then[0m
job-core	Create database MongoDB	2026-02-15T22:19:07.7325297Z [36;1m    echo "‚ùå Error: git push failed after $MAX_RETRIES attempts."[0m
job-core	Create database MongoDB	2026-02-15T22:19:07.7325665Z [36;1m    exit 1[0m
job-core	Create database MongoDB	2026-02-15T22:19:07.7325872Z [36;1m  fi[0m
job-core	Create database MongoDB	2026-02-15T22:19:07.7326161Z [36;1m  echo "‚ö†Ô∏è git push failed, retrying ($COUNT/$MAX_RETRIES)..."[0m
job-core	Create database MongoDB	2026-02-15T22:19:07.7326520Z [36;1m  git pull[0m
job-core	Create database MongoDB	2026-02-15T22:19:07.7326733Z [36;1m  sleep 2[0m
job-core	Create database MongoDB	2026-02-15T22:19:07.7326932Z [36;1mdone[0m
job-core	Create database MongoDB	2026-02-15T22:19:07.7340097Z shell: /usr/bin/bash -e {0}
job-core	Create database MongoDB	2026-02-15T22:19:07.7340364Z env:
job-core	Create database MongoDB	2026-02-15T22:19:07.7340683Z   PYTHON_VERSION: 3.9
job-core	Create database MongoDB	2026-02-15T22:19:07.7341444Z   MONGO_SUPERUSER_CONNECTION: ***
job-core	Create database MongoDB	2026-02-15T22:19:07.7341830Z   MONGO_NEW_PASS: ***
job-core	Create database MongoDB	2026-02-15T22:19:07.7342258Z   MONGO_SCRIPT_CREATE: devops/core/mongo/scripts/add-doc-to-db.py
job-core	Create database MongoDB	2026-02-15T22:19:07.7342620Z   KAOS_CODE: 22044108942
job-core	Create database MongoDB	2026-02-15T22:19:07.7342892Z   KAOS_MODULE: [Ka0s] Autom add docs to MongoDB
job-core	Create database MongoDB	2026-02-15T22:19:07.7343184Z   REPORT_SCAN: audit/
job-core	Create database MongoDB	2026-02-15T22:19:07.7343416Z   REPORT_PATH: audit/mongodb/
job-core	Create database MongoDB	2026-02-15T22:19:07.7343688Z   REPORT_FILENAME: mongo_setup_22044108942.json
job-core	Create database MongoDB	2026-02-15T22:19:07.7344017Z   REPORT_FILENAME_LIST: mongo_list_22044108942.json
job-core	Create database MongoDB	2026-02-15T22:19:07.7344359Z   REPORT_FILENAME_DB: mongo_create_db_22044108942.json
job-core	Create database MongoDB	2026-02-15T22:19:07.7344663Z   GITHUB_OUTPUT: 
job-core	Create database MongoDB	2026-02-15T22:19:07.7344946Z   pythonLocation: /home/runner/_work/_tool/Python/3.9.25/x64
job-core	Create database MongoDB	2026-02-15T22:19:07.7345397Z   PKG_CONFIG_PATH: /home/runner/_work/_tool/Python/3.9.25/x64/lib/pkgconfig
job-core	Create database MongoDB	2026-02-15T22:19:07.7345854Z   Python_ROOT_DIR: /home/runner/_work/_tool/Python/3.9.25/x64
job-core	Create database MongoDB	2026-02-15T22:19:07.7346264Z   Python2_ROOT_DIR: /home/runner/_work/_tool/Python/3.9.25/x64
job-core	Create database MongoDB	2026-02-15T22:19:07.7346785Z   Python3_ROOT_DIR: /home/runner/_work/_tool/Python/3.9.25/x64
job-core	Create database MongoDB	2026-02-15T22:19:07.7347189Z   LD_LIBRARY_PATH: /home/runner/_work/_tool/Python/3.9.25/x64/lib
job-core	Create database MongoDB	2026-02-15T22:19:07.7347816Z ##[endgroup]
job-core	Create database MongoDB	2026-02-15T22:19:08.0495326Z [DEBUG] Procesamos el directorio: audit/
job-core	Create database MongoDB	2026-02-15T22:19:08.0495769Z [DEBUG] Procesamos el directorio: audit/
job-core	Create database MongoDB	2026-02-15T22:19:08.0496095Z [DEBUG] Comprobamos el nombre DB: kaos
job-core	Create database MongoDB	2026-02-15T22:19:08.0503978Z [DEBUG] Extensiones procesadas: {'md'}
job-core	Create database MongoDB	2026-02-15T22:19:08.0504630Z [DEBUG] Tipo de ext: <class 'str'>, Valor: md
job-core	Create database MongoDB	2026-02-15T22:19:08.0505283Z [DEBUG] Creando colecci√≥n: col_md
job-core	Create database MongoDB	2026-02-15T22:19:08.0505576Z [DEBUG] Procesamos el directorio: audit/
job-core	Create database MongoDB	2026-02-15T22:19:08.0505884Z [DEBUG] Comprobamos el nombre DB: workflows
job-core	Create database MongoDB	2026-02-15T22:19:08.0506189Z [DEBUG] Extensiones procesadas: {'md'}
job-core	Create database MongoDB	2026-02-15T22:19:08.0506539Z [DEBUG] Tipo de ext: <class 'str'>, Valor: md
job-core	Create database MongoDB	2026-02-15T22:19:08.0507433Z [DEBUG] Creando colecci√≥n: col_md
job-core	Create database MongoDB	2026-02-15T22:19:08.0507792Z [DEBUG] Procesamos el directorio: audit/
job-core	Create database MongoDB	2026-02-15T22:19:08.0508109Z [DEBUG] Comprobamos el nombre DB: inspector
job-core	Create database MongoDB	2026-02-15T22:19:08.0508457Z [DEBUG] Extensiones procesadas: {'json', 'log', 'md'}
job-core	Create database MongoDB	2026-02-15T22:19:08.0508837Z [DEBUG] Tipo de ext: <class 'str'>, Valor: json
job-core	Create database MongoDB	2026-02-15T22:19:08.0509843Z [DEBUG] Creando colecci√≥n: col_json
job-core	Create database MongoDB	2026-02-15T22:19:08.0510141Z [DEBUG] Tipo de ext: <class 'str'>, Valor: log
job-core	Create database MongoDB	2026-02-15T22:19:08.0510807Z [DEBUG] Creando colecci√≥n: col_log
job-core	Create database MongoDB	2026-02-15T22:19:08.0511232Z [DEBUG] Tipo de ext: <class 'str'>, Valor: md
job-core	Create database MongoDB	2026-02-15T22:19:08.0511579Z [DEBUG] Creando colecci√≥n: col_md
job-core	Create database MongoDB	2026-02-15T22:19:08.0511853Z [DEBUG] Procesamos el directorio: audit/
job-core	Create database MongoDB	2026-02-15T22:19:08.0512158Z [DEBUG] Comprobamos el nombre DB: execution
job-core	Create database MongoDB	2026-02-15T22:19:08.0512460Z [DEBUG] Extensiones procesadas: {'md'}
job-core	Create database MongoDB	2026-02-15T22:19:08.0512759Z [DEBUG] Tipo de ext: <class 'str'>, Valor: md
job-core	Create database MongoDB	2026-02-15T22:19:08.0513099Z [DEBUG] Creando colecci√≥n: col_md
job-core	Create database MongoDB	2026-02-15T22:19:08.0513381Z [DEBUG] Procesamos el directorio: audit/
job-core	Create database MongoDB	2026-02-15T22:19:08.0513681Z [DEBUG] Comprobamos el nombre DB: trash
job-core	Create database MongoDB	2026-02-15T22:19:08.0513967Z [DEBUG] Extensiones procesadas: {'md'}
job-core	Create database MongoDB	2026-02-15T22:19:08.0514274Z [DEBUG] Tipo de ext: <class 'str'>, Valor: md
job-core	Create database MongoDB	2026-02-15T22:19:08.0514610Z [DEBUG] Creando colecci√≥n: col_md
job-core	Create database MongoDB	2026-02-15T22:19:08.0514898Z [DEBUG] Procesamos el directorio: audit/
job-core	Create database MongoDB	2026-02-15T22:19:08.0515196Z [DEBUG] Comprobamos el nombre DB: eresults
job-core	Create database MongoDB	2026-02-15T22:19:08.0515495Z [DEBUG] Extensiones procesadas: {'md'}
job-core	Create database MongoDB	2026-02-15T22:19:08.0515791Z [DEBUG] Tipo de ext: <class 'str'>, Valor: md
job-core	Create database MongoDB	2026-02-15T22:19:08.0516126Z [DEBUG] Creando colecci√≥n: col_md
job-core	Create database MongoDB	2026-02-15T22:19:08.0516402Z [DEBUG] Procesamos el directorio: audit/
job-core	Create database MongoDB	2026-02-15T22:19:08.0516691Z [DEBUG] Comprobamos el nombre DB: scan
job-core	Create database MongoDB	2026-02-15T22:19:08.0516977Z [DEBUG] Extensiones procesadas: {'md'}
job-core	Create database MongoDB	2026-02-15T22:19:08.0517278Z [DEBUG] Tipo de ext: <class 'str'>, Valor: md
job-core	Create database MongoDB	2026-02-15T22:19:08.0517704Z [DEBUG] Creando colecci√≥n: col_md
job-core	Create database MongoDB	2026-02-15T22:19:08.0517983Z [DEBUG] Procesamos el directorio: audit/
job-core	Create database MongoDB	2026-02-15T22:19:08.0518284Z [DEBUG] Comprobamos el nombre DB: deploy
job-core	Create database MongoDB	2026-02-15T22:19:08.0518577Z [DEBUG] Extensiones procesadas: {'md'}
job-core	Create database MongoDB	2026-02-15T22:19:08.0518888Z [DEBUG] Tipo de ext: <class 'str'>, Valor: md
job-core	Create database MongoDB	2026-02-15T22:19:08.0519240Z [DEBUG] Creando colecci√≥n: col_md
job-core	Create database MongoDB	2026-02-15T22:19:08.0519534Z [DEBUG] Procesamos el directorio: audit/
job-core	Create database MongoDB	2026-02-15T22:19:08.0519825Z [DEBUG] Comprobamos el nombre DB: kube
job-core	Create database MongoDB	2026-02-15T22:19:08.0520147Z [DEBUG] Extensiones procesadas: {'json', 'html', 'md'}
job-core	Create database MongoDB	2026-02-15T22:19:08.0520771Z [DEBUG] Tipo de ext: <class 'str'>, Valor: json
job-core	Create database MongoDB	2026-02-15T22:19:08.0521287Z [DEBUG] Creando colecci√≥n: col_json
job-core	Create database MongoDB	2026-02-15T22:19:08.0521593Z [DEBUG] Tipo de ext: <class 'str'>, Valor: html
job-core	Create database MongoDB	2026-02-15T22:19:08.0521942Z [DEBUG] Creando colecci√≥n: col_html
job-core	Create database MongoDB	2026-02-15T22:19:08.0522237Z [DEBUG] Tipo de ext: <class 'str'>, Valor: md
job-core	Create database MongoDB	2026-02-15T22:19:08.0522572Z [DEBUG] Creando colecci√≥n: col_md
job-core	Create database MongoDB	2026-02-15T22:19:08.0522847Z [DEBUG] Procesamos el directorio: audit/
job-core	Create database MongoDB	2026-02-15T22:19:08.0523142Z [DEBUG] Comprobamos el nombre DB: issues
job-core	Create database MongoDB	2026-02-15T22:19:08.0523437Z [DEBUG] Extensiones procesadas: {'md'}
job-core	Create database MongoDB	2026-02-15T22:19:08.0524054Z [DEBUG] Tipo de ext: <class 'str'>, Valor: md
job-core	Create database MongoDB	2026-02-15T22:19:08.0524403Z [DEBUG] Creando colecci√≥n: col_md
job-core	Create database MongoDB	2026-02-15T22:19:08.0524692Z [DEBUG] Procesamos el directorio: audit/
job-core	Create database MongoDB	2026-02-15T22:19:08.0524989Z [DEBUG] Comprobamos el nombre DB: jsonlint
job-core	Create database MongoDB	2026-02-15T22:19:08.0525284Z [DEBUG] Extensiones procesadas: {'md'}
job-core	Create database MongoDB	2026-02-15T22:19:08.0525582Z [DEBUG] Tipo de ext: <class 'str'>, Valor: md
job-core	Create database MongoDB	2026-02-15T22:19:08.0525920Z [DEBUG] Creando colecci√≥n: col_md
job-core	Create database MongoDB	2026-02-15T22:19:08.0526197Z [DEBUG] Procesamos el directorio: audit/
job-core	Create database MongoDB	2026-02-15T22:19:08.0526497Z [DEBUG] Comprobamos el nombre DB: yamllint
job-core	Create database MongoDB	2026-02-15T22:19:08.0526796Z [DEBUG] Extensiones procesadas: {'md'}
job-core	Create database MongoDB	2026-02-15T22:19:08.0527097Z [DEBUG] Tipo de ext: <class 'str'>, Valor: md
job-core	Create database MongoDB	2026-02-15T22:19:08.0527431Z [DEBUG] Creando colecci√≥n: col_md
job-core	Create database MongoDB	2026-02-15T22:19:08.0527716Z [DEBUG] Procesamos el directorio: audit/
job-core	Create database MongoDB	2026-02-15T22:19:08.0528008Z [DEBUG] Comprobamos el nombre DB: itop
job-core	Create database MongoDB	2026-02-15T22:19:08.0528295Z [DEBUG] Extensiones procesadas: {'md'}
job-core	Create database MongoDB	2026-02-15T22:19:08.0528601Z [DEBUG] Tipo de ext: <class 'str'>, Valor: md
job-core	Create database MongoDB	2026-02-15T22:19:08.0528946Z [DEBUG] Creando colecci√≥n: col_md
job-core	Create database MongoDB	2026-02-15T22:19:08.0529439Z [DEBUG] Procesamos el directorio: audit/
job-core	Create database MongoDB	2026-02-15T22:19:08.0529748Z [DEBUG] Comprobamos el nombre DB: mongodb
job-core	Create database MongoDB	2026-02-15T22:19:08.0530065Z [DEBUG] Extensiones procesadas: {'json', 'md'}
job-core	Create database MongoDB	2026-02-15T22:19:08.0530389Z [DEBUG] Tipo de ext: <class 'str'>, Valor: json
job-core	Create database MongoDB	2026-02-15T22:19:08.0531143Z [DEBUG] Creando colecci√≥n: col_json
job-core	Create database MongoDB	2026-02-15T22:19:08.0531445Z [DEBUG] Tipo de ext: <class 'str'>, Valor: md
job-core	Create database MongoDB	2026-02-15T22:19:08.0531908Z [DEBUG] Creando colecci√≥n: col_md
job-core	Create database MongoDB	2026-02-15T22:19:08.0532182Z [DEBUG] Procesamos el directorio: audit/
job-core	Create database MongoDB	2026-02-15T22:19:08.0532477Z [DEBUG] Comprobamos el nombre DB: hosts
job-core	Create database MongoDB	2026-02-15T22:19:08.0532767Z [DEBUG] Extensiones procesadas: {'md'}
job-core	Create database MongoDB	2026-02-15T22:19:08.0533070Z [DEBUG] Tipo de ext: <class 'str'>, Valor: md
job-core	Create database MongoDB	2026-02-15T22:19:08.0533411Z [DEBUG] Creando colecci√≥n: col_md
job-core	Create database MongoDB	2026-02-15T22:19:08.0533694Z [DEBUG] Procesamos el directorio: audit/
job-core	Create database MongoDB	2026-02-15T22:19:08.0534003Z [DEBUG] Comprobamos el nombre DB: mdlint
job-core	Create database MongoDB	2026-02-15T22:19:08.0534294Z [DEBUG] Extensiones procesadas: {'md'}
job-core	Create database MongoDB	2026-02-15T22:19:08.0534600Z [DEBUG] Tipo de ext: <class 'str'>, Valor: md
job-core	Create database MongoDB	2026-02-15T22:19:08.0534942Z [DEBUG] Creando colecci√≥n: col_md
job-core	Create database MongoDB	2026-02-15T22:19:08.0535216Z [DEBUG] Archivos eliminados en: audit/
job-core	Create database MongoDB	2026-02-15T22:19:08.0535587Z ‚úÖ Proceso completado: 15 documentos insertados
job-core	Create database MongoDB	2026-02-15T22:19:08.4343535Z Downloading files to MongoDB update repository ...
job-core	Create database MongoDB	2026-02-15T22:19:09.0857024Z Already up to date.
job-core	Create database MongoDB	2026-02-15T22:19:09.0865403Z [Ka0s] Uploading files to MongoDB update repository ...
job-core	Create database MongoDB	2026-02-15T22:19:09.3195282Z [main 52de1c06b] [Ka0S] Uploading Autom add docs to MongoDB...
job-core	Create database MongoDB	2026-02-15T22:19:09.3195788Z  96 files changed, 53010 deletions(-)
job-core	Create database MongoDB	2026-02-15T22:19:09.3196121Z  delete mode 100644 audit/inspector/22043250244.json
job-core	Create database MongoDB	2026-02-15T22:19:09.3196479Z  delete mode 100644 audit/inspector/22043250244.log
job-core	Create database MongoDB	2026-02-15T22:19:09.3196833Z  delete mode 100644 audit/inspector/22043267893.json
job-core	Create database MongoDB	2026-02-15T22:19:09.3197205Z  delete mode 100644 audit/inspector/22043267893.log
job-core	Create database MongoDB	2026-02-15T22:19:09.3197575Z  delete mode 100644 audit/inspector/22043471864.json
job-core	Create database MongoDB	2026-02-15T22:19:09.3197924Z  delete mode 100644 audit/inspector/22043471864.log
job-core	Create database MongoDB	2026-02-15T22:19:09.3198271Z  delete mode 100644 audit/inspector/22043643526.json
job-core	Create database MongoDB	2026-02-15T22:19:09.3198618Z  delete mode 100644 audit/inspector/22043643526.log
job-core	Create database MongoDB	2026-02-15T22:19:09.3198965Z  delete mode 100644 audit/inspector/22044033622.json
job-core	Create database MongoDB	2026-02-15T22:19:09.3199305Z  delete mode 100644 audit/inspector/22044033622.log
job-core	Create database MongoDB	2026-02-15T22:19:09.3199721Z  delete mode 100755 audit/kube/cluster-dashboard-20260214-231409.html
job-core	Create database MongoDB	2026-02-15T22:19:09.3200211Z  delete mode 100755 audit/kube/cluster-dashboard-20260214-231551.html
job-core	Create database MongoDB	2026-02-15T22:19:09.3200851Z  delete mode 100755 audit/kube/cluster-dashboard-20260215-011215.html
job-core	Create database MongoDB	2026-02-15T22:19:09.3201341Z  delete mode 100755 audit/kube/cluster-dashboard-20260215-011447.html
job-core	Create database MongoDB	2026-02-15T22:19:09.3202230Z  delete mode 100755 audit/kube/cluster-dashboard-20260215-041132.html
job-core	Create database MongoDB	2026-02-15T22:19:09.3202715Z  delete mode 100755 audit/kube/cluster-dashboard-20260215-041303.html
job-core	Create database MongoDB	2026-02-15T22:19:09.3203201Z  delete mode 100755 audit/kube/cluster-dashboard-20260215-054834.html
job-core	Create database MongoDB	2026-02-15T22:19:09.3203680Z  delete mode 100755 audit/kube/cluster-dashboard-20260215-055024.html
job-core	Create database MongoDB	2026-02-15T22:19:09.3204164Z  delete mode 100755 audit/kube/cluster-dashboard-20260215-063836.html
job-core	Create database MongoDB	2026-02-15T22:19:09.3204647Z  delete mode 100755 audit/kube/cluster-dashboard-20260215-063938.html
job-core	Create database MongoDB	2026-02-15T22:19:09.3205128Z  delete mode 100755 audit/kube/cluster-dashboard-20260215-073142.html
job-core	Create database MongoDB	2026-02-15T22:19:09.3205615Z  delete mode 100755 audit/kube/cluster-dashboard-20260215-073308.html
job-core	Create database MongoDB	2026-02-15T22:19:09.3212184Z  delete mode 100755 audit/kube/cluster-dashboard-20260215-082029.html
job-core	Create database MongoDB	2026-02-15T22:19:09.3212714Z  delete mode 100755 audit/kube/cluster-dashboard-20260215-082226.html
job-core	Create database MongoDB	2026-02-15T22:19:09.3213205Z  delete mode 100755 audit/kube/cluster-dashboard-20260215-092120.html
job-core	Create database MongoDB	2026-02-15T22:19:09.3213705Z  delete mode 100755 audit/kube/cluster-dashboard-20260215-092244.html
job-core	Create database MongoDB	2026-02-15T22:19:09.3214516Z  delete mode 100755 audit/kube/cluster-dashboard-20260215-101558.html
job-core	Create database MongoDB	2026-02-15T22:19:09.3214995Z  delete mode 100755 audit/kube/cluster-dashboard-20260215-101737.html
job-core	Create database MongoDB	2026-02-15T22:19:09.3215476Z  delete mode 100755 audit/kube/cluster-dashboard-20260215-111426.html
job-core	Create database MongoDB	2026-02-15T22:19:09.3215968Z  delete mode 100755 audit/kube/cluster-dashboard-20260215-111623.html
job-core	Create database MongoDB	2026-02-15T22:19:09.3216452Z  delete mode 100755 audit/kube/cluster-dashboard-20260215-122603.html
job-core	Create database MongoDB	2026-02-15T22:19:09.3216935Z  delete mode 100755 audit/kube/cluster-dashboard-20260215-122727.html
job-core	Create database MongoDB	2026-02-15T22:19:09.3217416Z  delete mode 100755 audit/kube/cluster-dashboard-20260215-133808.html
job-core	Create database MongoDB	2026-02-15T22:19:09.3217900Z  delete mode 100755 audit/kube/cluster-dashboard-20260215-133930.html
job-core	Create database MongoDB	2026-02-15T22:19:09.3218384Z  delete mode 100755 audit/kube/cluster-dashboard-20260215-141819.html
job-core	Create database MongoDB	2026-02-15T22:19:09.3218866Z  delete mode 100755 audit/kube/cluster-dashboard-20260215-141939.html
job-core	Create database MongoDB	2026-02-15T22:19:09.3219356Z  delete mode 100755 audit/kube/cluster-dashboard-20260215-151542.html
job-core	Create database MongoDB	2026-02-15T22:19:09.3219843Z  delete mode 100755 audit/kube/cluster-dashboard-20260215-151715.html
job-core	Create database MongoDB	2026-02-15T22:19:09.3220327Z  delete mode 100755 audit/kube/cluster-dashboard-20260215-161611.html
job-core	Create database MongoDB	2026-02-15T22:19:09.3220935Z  delete mode 100755 audit/kube/cluster-dashboard-20260215-161845.html
job-core	Create database MongoDB	2026-02-15T22:19:09.3221422Z  delete mode 100755 audit/kube/cluster-dashboard-20260215-171731.html
job-core	Create database MongoDB	2026-02-15T22:19:09.3221907Z  delete mode 100755 audit/kube/cluster-dashboard-20260215-171852.html
job-core	Create database MongoDB	2026-02-15T22:19:09.3222396Z  delete mode 100755 audit/kube/cluster-dashboard-20260215-182042.html
job-core	Create database MongoDB	2026-02-15T22:19:09.3222874Z  delete mode 100755 audit/kube/cluster-dashboard-20260215-182209.html
job-core	Create database MongoDB	2026-02-15T22:19:09.3223354Z  delete mode 100755 audit/kube/cluster-dashboard-20260215-192135.html
job-core	Create database MongoDB	2026-02-15T22:19:09.3223835Z  delete mode 100755 audit/kube/cluster-dashboard-20260215-192228.html
job-core	Create database MongoDB	2026-02-15T22:19:09.3224323Z  delete mode 100755 audit/kube/cluster-dashboard-20260215-201419.html
job-core	Create database MongoDB	2026-02-15T22:19:09.3224808Z  delete mode 100755 audit/kube/cluster-dashboard-20260215-201547.html
job-core	Create database MongoDB	2026-02-15T22:19:09.3225293Z  delete mode 100755 audit/kube/cluster-dashboard-20260215-211506.html
job-core	Create database MongoDB	2026-02-15T22:19:09.3225774Z  delete mode 100755 audit/kube/cluster-dashboard-20260215-211627.html
job-core	Create database MongoDB	2026-02-15T22:19:09.3226258Z  delete mode 100755 audit/kube/cluster-dashboard-20260215-221300.html
job-core	Create database MongoDB	2026-02-15T22:19:09.3226737Z  delete mode 100755 audit/kube/cluster-dashboard-20260215-221433.html
job-core	Create database MongoDB	2026-02-15T22:19:09.3227212Z  delete mode 100755 audit/kube/cluster-report-20260214-231409.md
job-core	Create database MongoDB	2026-02-15T22:19:09.3227667Z  delete mode 100755 audit/kube/cluster-report-20260214-231551.md
job-core	Create database MongoDB	2026-02-15T22:19:09.3228116Z  delete mode 100755 audit/kube/cluster-report-20260215-011215.md
job-core	Create database MongoDB	2026-02-15T22:19:09.3228561Z  delete mode 100755 audit/kube/cluster-report-20260215-011447.md
job-core	Create database MongoDB	2026-02-15T22:19:09.3229226Z  delete mode 100755 audit/kube/cluster-report-20260215-041132.md
job-core	Create database MongoDB	2026-02-15T22:19:09.3229678Z  delete mode 100755 audit/kube/cluster-report-20260215-041303.md
job-core	Create database MongoDB	2026-02-15T22:19:09.3230118Z  delete mode 100755 audit/kube/cluster-report-20260215-054834.md
job-core	Create database MongoDB	2026-02-15T22:19:09.3230612Z  delete mode 100755 audit/kube/cluster-report-20260215-055024.md
job-core	Create database MongoDB	2026-02-15T22:19:09.3231148Z  delete mode 100755 audit/kube/cluster-report-20260215-063836.md
job-core	Create database MongoDB	2026-02-15T22:19:09.3231594Z  delete mode 100755 audit/kube/cluster-report-20260215-063938.md
job-core	Create database MongoDB	2026-02-15T22:19:09.3232034Z  delete mode 100755 audit/kube/cluster-report-20260215-073142.md
job-core	Create database MongoDB	2026-02-15T22:19:09.3232479Z  delete mode 100755 audit/kube/cluster-report-20260215-073308.md
job-core	Create database MongoDB	2026-02-15T22:19:09.3232920Z  delete mode 100755 audit/kube/cluster-report-20260215-082029.md
job-core	Create database MongoDB	2026-02-15T22:19:09.3233362Z  delete mode 100755 audit/kube/cluster-report-20260215-082226.md
job-core	Create database MongoDB	2026-02-15T22:19:09.3233803Z  delete mode 100755 audit/kube/cluster-report-20260215-092120.md
job-core	Create database MongoDB	2026-02-15T22:19:09.3234246Z  delete mode 100755 audit/kube/cluster-report-20260215-092244.md
job-core	Create database MongoDB	2026-02-15T22:19:09.3234903Z  delete mode 100755 audit/kube/cluster-report-20260215-101558.md
job-core	Create database MongoDB	2026-02-15T22:19:09.3235346Z  delete mode 100755 audit/kube/cluster-report-20260215-101737.md
job-core	Create database MongoDB	2026-02-15T22:19:09.3235788Z  delete mode 100755 audit/kube/cluster-report-20260215-111426.md
job-core	Create database MongoDB	2026-02-15T22:19:09.3236231Z  delete mode 100755 audit/kube/cluster-report-20260215-111623.md
job-core	Create database MongoDB	2026-02-15T22:19:09.3236671Z  delete mode 100755 audit/kube/cluster-report-20260215-122603.md
job-core	Create database MongoDB	2026-02-15T22:19:09.3237113Z  delete mode 100755 audit/kube/cluster-report-20260215-122727.md
job-core	Create database MongoDB	2026-02-15T22:19:09.3237550Z  delete mode 100755 audit/kube/cluster-report-20260215-133808.md
job-core	Create database MongoDB	2026-02-15T22:19:09.3237989Z  delete mode 100755 audit/kube/cluster-report-20260215-133930.md
job-core	Create database MongoDB	2026-02-15T22:19:09.3238435Z  delete mode 100755 audit/kube/cluster-report-20260215-141819.md
job-core	Create database MongoDB	2026-02-15T22:19:09.3238877Z  delete mode 100755 audit/kube/cluster-report-20260215-141939.md
job-core	Create database MongoDB	2026-02-15T22:19:09.3239325Z  delete mode 100755 audit/kube/cluster-report-20260215-151542.md
job-core	Create database MongoDB	2026-02-15T22:19:09.3239774Z  delete mode 100755 audit/kube/cluster-report-20260215-151715.md
job-core	Create database MongoDB	2026-02-15T22:19:09.3240217Z  delete mode 100755 audit/kube/cluster-report-20260215-161611.md
job-core	Create database MongoDB	2026-02-15T22:19:09.3240765Z  delete mode 100755 audit/kube/cluster-report-20260215-161845.md
job-core	Create database MongoDB	2026-02-15T22:19:09.3241207Z  delete mode 100755 audit/kube/cluster-report-20260215-171731.md
job-core	Create database MongoDB	2026-02-15T22:19:09.3241764Z  delete mode 100755 audit/kube/cluster-report-20260215-171852.md
job-core	Create database MongoDB	2026-02-15T22:19:09.3242217Z  delete mode 100755 audit/kube/cluster-report-20260215-182042.md
job-core	Create database MongoDB	2026-02-15T22:19:09.3242659Z  delete mode 100755 audit/kube/cluster-report-20260215-182209.md
job-core	Create database MongoDB	2026-02-15T22:19:09.3243100Z  delete mode 100755 audit/kube/cluster-report-20260215-192135.md
job-core	Create database MongoDB	2026-02-15T22:19:09.3243544Z  delete mode 100755 audit/kube/cluster-report-20260215-192228.md
job-core	Create database MongoDB	2026-02-15T22:19:09.3243989Z  delete mode 100755 audit/kube/cluster-report-20260215-201419.md
job-core	Create database MongoDB	2026-02-15T22:19:09.3244433Z  delete mode 100755 audit/kube/cluster-report-20260215-201547.md
job-core	Create database MongoDB	2026-02-15T22:19:09.3245112Z  delete mode 100755 audit/kube/cluster-report-20260215-211506.md
job-core	Create database MongoDB	2026-02-15T22:19:09.3245534Z  delete mode 100755 audit/kube/cluster-report-20260215-211627.md
job-core	Create database MongoDB	2026-02-15T22:19:09.3245954Z  delete mode 100755 audit/kube/cluster-report-20260215-221300.md
job-core	Create database MongoDB	2026-02-15T22:19:09.3246371Z  delete mode 100755 audit/kube/cluster-report-20260215-221433.md
job-core	Create database MongoDB	2026-02-15T22:19:09.3246748Z  delete mode 100755 audit/kube/failed_pods.json
job-core	Create database MongoDB	2026-02-15T22:19:09.3247074Z  delete mode 100644 audit/mongodb/22043471864.json
job-core	Create database MongoDB	2026-02-15T22:19:10.1629084Z To https://github.com/Ka0s-Klaus/ka0s
job-core	Create database MongoDB	2026-02-15T22:19:10.1631302Z    e553b03ee..52de1c06b  main -> main
job-core	Upload report	Ôªø2026-02-15T22:19:10.2109684Z ##[group]Run actions/upload-artifact@v4
job-core	Upload report	2026-02-15T22:19:10.2110413Z with:
job-core	Upload report	2026-02-15T22:19:10.2111182Z   name: mongo-setup-report
job-core	Upload report	2026-02-15T22:19:10.2111743Z   path: audit/mongodb/
job-core	Upload report	2026-02-15T22:19:10.2112761Z   if-no-files-found: warn
job-core	Upload report	2026-02-15T22:19:10.2113306Z   compression-level: 6
job-core	Upload report	2026-02-15T22:19:10.2113805Z   overwrite: false
job-core	Upload report	2026-02-15T22:19:10.2114290Z   include-hidden-files: false
job-core	Upload report	2026-02-15T22:19:10.2114822Z env:
job-core	Upload report	2026-02-15T22:19:10.2115234Z   PYTHON_VERSION: 3.9
job-core	Upload report	2026-02-15T22:19:10.2116845Z   MONGO_SUPERUSER_CONNECTION: ***
job-core	Upload report	2026-02-15T22:19:10.2117707Z   MONGO_NEW_PASS: ***
job-core	Upload report	2026-02-15T22:19:10.2118405Z   MONGO_SCRIPT_CREATE: devops/core/mongo/scripts/add-doc-to-db.py
job-core	Upload report	2026-02-15T22:19:10.2119230Z   KAOS_CODE: 22044108942
job-core	Upload report	2026-02-15T22:19:10.2119813Z   KAOS_MODULE: [Ka0s] Autom add docs to MongoDB
job-core	Upload report	2026-02-15T22:19:10.2120696Z   REPORT_SCAN: audit/
job-core	Upload report	2026-02-15T22:19:10.2121223Z   REPORT_PATH: audit/mongodb/
job-core	Upload report	2026-02-15T22:19:10.2121839Z   REPORT_FILENAME: mongo_setup_22044108942.json
job-core	Upload report	2026-02-15T22:19:10.2122663Z   REPORT_FILENAME_LIST: mongo_list_22044108942.json
job-core	Upload report	2026-02-15T22:19:10.2123461Z   REPORT_FILENAME_DB: mongo_create_db_22044108942.json
job-core	Upload report	2026-02-15T22:19:10.2124147Z   GITHUB_OUTPUT: 
job-core	Upload report	2026-02-15T22:19:10.2124807Z   pythonLocation: /home/runner/_work/_tool/Python/3.9.25/x64
job-core	Upload report	2026-02-15T22:19:10.2125837Z   PKG_CONFIG_PATH: /home/runner/_work/_tool/Python/3.9.25/x64/lib/pkgconfig
job-core	Upload report	2026-02-15T22:19:10.2126877Z   Python_ROOT_DIR: /home/runner/_work/_tool/Python/3.9.25/x64
job-core	Upload report	2026-02-15T22:19:10.2127820Z   Python2_ROOT_DIR: /home/runner/_work/_tool/Python/3.9.25/x64
job-core	Upload report	2026-02-15T22:19:10.2128758Z   Python3_ROOT_DIR: /home/runner/_work/_tool/Python/3.9.25/x64
job-core	Upload report	2026-02-15T22:19:10.2129707Z   LD_LIBRARY_PATH: /home/runner/_work/_tool/Python/3.9.25/x64/lib
job-core	Upload report	2026-02-15T22:19:10.2130677Z ##[endgroup]
job-core	Upload report	2026-02-15T22:19:10.4677430Z With the provided path, there will be 1 file uploaded
job-core	Upload report	2026-02-15T22:19:10.4682513Z Artifact name is valid!
job-core	Upload report	2026-02-15T22:19:10.4683633Z Root directory input is valid!
job-core	Upload report	2026-02-15T22:19:10.8650950Z Beginning upload of artifact content to blob storage
job-core	Upload report	2026-02-15T22:19:11.3117002Z Uploaded bytes 165
job-core	Upload report	2026-02-15T22:19:11.4241340Z Finished uploading artifact content to blob storage!
job-core	Upload report	2026-02-15T22:19:11.4252970Z SHA256 digest of uploaded artifact zip is 195722be40fc561df613a75627bc8320604b2c1a7d43287e5a20ab3fef077f19
job-core	Upload report	2026-02-15T22:19:11.4259210Z Finalizing artifact upload
job-core	Upload report	2026-02-15T22:19:11.6018333Z Artifact mongo-setup-report.zip successfully finalized. Artifact ID 5518720442
job-core	Upload report	2026-02-15T22:19:11.6021978Z Artifact mongo-setup-report has been successfully uploaded! Final size is 165 bytes. Artifact ID is 5518720442
job-core	Upload report	2026-02-15T22:19:11.6050416Z Artifact download URL: https://github.com/Ka0s-Klaus/ka0s/actions/runs/22044108942/artifacts/5518720442
job-core	Post Set up Python	Ôªø2026-02-15T22:19:11.6784490Z Post job cleanup.
job-core	Post Checkout code	Ôªø2026-02-15T22:19:11.8825174Z Post job cleanup.
job-core	Post Checkout code	2026-02-15T22:19:11.9909240Z [command]/usr/bin/git version
job-core	Post Checkout code	2026-02-15T22:19:11.9956318Z git version 2.52.0
job-core	Post Checkout code	2026-02-15T22:19:12.0004128Z Copying '/home/runner/.gitconfig' to '/home/runner/_work/_temp/a82fc768-6347-4381-b725-e16cb22e1128/.gitconfig'
job-core	Post Checkout code	2026-02-15T22:19:12.0017927Z Temporarily overriding HOME='/home/runner/_work/_temp/a82fc768-6347-4381-b725-e16cb22e1128' before making global git config changes
job-core	Post Checkout code	2026-02-15T22:19:12.0018983Z Adding repository directory to the temporary git global config as a safe directory
job-core	Post Checkout code	2026-02-15T22:19:12.0024087Z [command]/usr/bin/git config --global --add safe.directory /home/runner/_work/ka0s/ka0s
job-core	Post Checkout code	2026-02-15T22:19:12.0076590Z [command]/usr/bin/git config --local --name-only --get-regexp core\.sshCommand
job-core	Post Checkout code	2026-02-15T22:19:12.0135786Z [command]/usr/bin/git submodule foreach --recursive sh -c "git config --local --name-only --get-regexp 'core\.sshCommand' && git config --local --unset-all 'core.sshCommand' || :"
job-core	Post Checkout code	2026-02-15T22:19:12.0505728Z [command]/usr/bin/git config --local --name-only --get-regexp http\.https\:\/\/github\.com\/\.extraheader
job-core	Post Checkout code	2026-02-15T22:19:12.0536207Z http.https://github.com/.extraheader
job-core	Post Checkout code	2026-02-15T22:19:12.0552065Z [command]/usr/bin/git config --local --unset-all http.https://github.com/.extraheader
job-core	Post Checkout code	2026-02-15T22:19:12.0595717Z [command]/usr/bin/git submodule foreach --recursive sh -c "git config --local --name-only --get-regexp 'http\.https\:\/\/github\.com\/\.extraheader' && git config --local --unset-all 'http.https://github.com/.extraheader' || :"
job-core	Post Checkout code	2026-02-15T22:19:12.0942677Z [command]/usr/bin/git config --local --name-only --get-regexp ^includeIf\.gitdir:
job-core	Post Checkout code	2026-02-15T22:19:12.0985505Z [command]/usr/bin/git submodule foreach --recursive git config --local --show-origin --name-only --get-regexp remote.origin.url
job-core	Complete job	Ôªø2026-02-15T22:19:12.1454664Z Cleaning up orphan processes
handle-success	Set up job	Ôªø2026-02-15T22:19:24.9484341Z Current runner version: '2.331.0'
handle-success	Set up job	2026-02-15T22:19:24.9495381Z Runner name: 'swarm-runners-scaleset-hkss5-runner-svk7q'
handle-success	Set up job	2026-02-15T22:19:24.9496418Z Runner group name: 'Default'
handle-success	Set up job	2026-02-15T22:19:24.9497658Z Machine name: 'swarm-runners-scaleset-hkss5-runner-svk7q'
handle-success	Set up job	2026-02-15T22:19:24.9503743Z ##[group]GITHUB_TOKEN Permissions
handle-success	Set up job	2026-02-15T22:19:24.9506459Z Actions: write
handle-success	Set up job	2026-02-15T22:19:24.9507098Z Contents: write
handle-success	Set up job	2026-02-15T22:19:24.9507655Z Issues: write
handle-success	Set up job	2026-02-15T22:19:24.9508333Z Metadata: read
handle-success	Set up job	2026-02-15T22:19:24.9508922Z PullRequests: write
handle-success	Set up job	2026-02-15T22:19:24.9509527Z ##[endgroup]
handle-success	Set up job	2026-02-15T22:19:24.9512340Z Secret source: Actions
handle-success	Set up job	2026-02-15T22:19:24.9513074Z Prepare workflow directory
handle-success	Set up job	2026-02-15T22:19:25.0125801Z Prepare all required actions
handle-success	Set up job	2026-02-15T22:19:25.0172291Z Getting action download info
handle-success	Set up job	2026-02-15T22:19:25.5666171Z Download action repository 'actions/checkout@v4' (SHA:34e114876b0b11c390a56381ad16ebd13914f8d5)
handle-success	Set up job	2026-02-15T22:19:26.4612735Z Complete job name: handle-success
handle-success	Checkout code	Ôªø2026-02-15T22:19:26.5284466Z ##[group]Run actions/checkout@v4
handle-success	Checkout code	2026-02-15T22:19:26.5285656Z with:
handle-success	Checkout code	2026-02-15T22:19:26.5286057Z   fetch-depth: 0
handle-success	Checkout code	2026-02-15T22:19:26.5286493Z   repository: Ka0s-Klaus/ka0s
handle-success	Checkout code	2026-02-15T22:19:26.5287192Z   token: ***
handle-success	Checkout code	2026-02-15T22:19:26.5287577Z   ssh-strict: true
handle-success	Checkout code	2026-02-15T22:19:26.5287977Z   ssh-user: git
handle-success	Checkout code	2026-02-15T22:19:26.5288505Z   persist-credentials: true
handle-success	Checkout code	2026-02-15T22:19:26.5288943Z   clean: true
handle-success	Checkout code	2026-02-15T22:19:26.5289335Z   sparse-checkout-cone-mode: true
handle-success	Checkout code	2026-02-15T22:19:26.5289819Z   fetch-tags: false
handle-success	Checkout code	2026-02-15T22:19:26.5290218Z   show-progress: true
handle-success	Checkout code	2026-02-15T22:19:26.5291072Z   lfs: false
handle-success	Checkout code	2026-02-15T22:19:26.5291693Z   submodules: false
handle-success	Checkout code	2026-02-15T22:19:26.5292102Z   set-safe-directory: true
handle-success	Checkout code	2026-02-15T22:19:26.5293107Z env:
handle-success	Checkout code	2026-02-15T22:19:26.5293498Z   PYTHON_VERSION: 3.9
handle-success	Checkout code	2026-02-15T22:19:26.5294600Z   MONGO_SUPERUSER_CONNECTION: ***
handle-success	Checkout code	2026-02-15T22:19:26.5295251Z   MONGO_NEW_PASS: ***
handle-success	Checkout code	2026-02-15T22:19:26.5295812Z   MONGO_SCRIPT_CREATE: devops/core/mongo/scripts/add-doc-to-db.py
handle-success	Checkout code	2026-02-15T22:19:26.5296524Z   KAOS_CODE: 22044108942
handle-success	Checkout code	2026-02-15T22:19:26.5296991Z   KAOS_MODULE: [Ka0s] Autom add docs to MongoDB
handle-success	Checkout code	2026-02-15T22:19:26.5297522Z   REPORT_SCAN: audit/
handle-success	Checkout code	2026-02-15T22:19:26.5297941Z   REPORT_PATH: audit/mongodb/
handle-success	Checkout code	2026-02-15T22:19:26.5298444Z   REPORT_FILENAME: mongo_setup_22044108942.json
handle-success	Checkout code	2026-02-15T22:19:26.5299033Z   REPORT_FILENAME_LIST: mongo_list_22044108942.json
handle-success	Checkout code	2026-02-15T22:19:26.5299646Z   REPORT_FILENAME_DB: mongo_create_db_22044108942.json
handle-success	Checkout code	2026-02-15T22:19:26.5300198Z ##[endgroup]
handle-success	Checkout code	2026-02-15T22:19:26.6621078Z Syncing repository: Ka0s-Klaus/ka0s
handle-success	Checkout code	2026-02-15T22:19:26.6623116Z ##[group]Getting Git version info
handle-success	Checkout code	2026-02-15T22:19:26.6623903Z Working directory is '/home/runner/_work/ka0s/ka0s'
handle-success	Checkout code	2026-02-15T22:19:26.6624818Z [command]/usr/bin/git version
handle-success	Checkout code	2026-02-15T22:19:26.6625414Z git version 2.52.0
handle-success	Checkout code	2026-02-15T22:19:26.6649252Z ##[endgroup]
handle-success	Checkout code	2026-02-15T22:19:26.6667669Z Temporarily overriding HOME='/home/runner/_work/_temp/ae0976e4-ca9a-4f0c-a870-9b926390d907' before making global git config changes
handle-success	Checkout code	2026-02-15T22:19:26.6669305Z Adding repository directory to the temporary git global config as a safe directory
handle-success	Checkout code	2026-02-15T22:19:26.6676976Z [command]/usr/bin/git config --global --add safe.directory /home/runner/_work/ka0s/ka0s
handle-success	Checkout code	2026-02-15T22:19:26.6727796Z Deleting the contents of '/home/runner/_work/ka0s/ka0s'
handle-success	Checkout code	2026-02-15T22:19:26.6745683Z ##[group]Initializing the repository
handle-success	Checkout code	2026-02-15T22:19:26.6804785Z [command]/usr/bin/git init /home/runner/_work/ka0s/ka0s
handle-success	Checkout code	2026-02-15T22:19:26.6827427Z hint: Using 'master' as the name for the initial branch. This default branch name
handle-success	Checkout code	2026-02-15T22:19:26.6828600Z hint: will change to "main" in Git 3.0. To configure the initial branch name
handle-success	Checkout code	2026-02-15T22:19:26.6829617Z hint: to use in all of your new repositories, which will suppress this warning,
handle-success	Checkout code	2026-02-15T22:19:26.6830424Z hint: call:
handle-success	Checkout code	2026-02-15T22:19:26.6835595Z hint:
handle-success	Checkout code	2026-02-15T22:19:26.6836163Z hint: 	git config --global init.defaultBranch <name>
handle-success	Checkout code	2026-02-15T22:19:26.6836789Z hint:
handle-success	Checkout code	2026-02-15T22:19:26.6844821Z hint: Names commonly chosen instead of 'master' are 'main', 'trunk' and
handle-success	Checkout code	2026-02-15T22:19:26.6845815Z hint: 'development'. The just-created branch can be renamed via this command:
handle-success	Checkout code	2026-02-15T22:19:26.6846583Z hint:
handle-success	Checkout code	2026-02-15T22:19:26.6846986Z hint: 	git branch -m <name>
handle-success	Checkout code	2026-02-15T22:19:26.6847622Z hint:
handle-success	Checkout code	2026-02-15T22:19:26.6848393Z hint: Disable this message with "git config set advice.defaultBranchName false"
handle-success	Checkout code	2026-02-15T22:19:26.6849442Z Initialized empty Git repository in /home/runner/_work/ka0s/ka0s/.git/
handle-success	Checkout code	2026-02-15T22:19:26.6857464Z [command]/usr/bin/git remote add origin https://github.com/Ka0s-Klaus/ka0s
handle-success	Checkout code	2026-02-15T22:19:26.6901685Z ##[endgroup]
handle-success	Checkout code	2026-02-15T22:19:26.6902882Z ##[group]Disabling automatic garbage collection
handle-success	Checkout code	2026-02-15T22:19:26.6903902Z [command]/usr/bin/git config --local gc.auto 0
handle-success	Checkout code	2026-02-15T22:19:26.6952796Z ##[endgroup]
handle-success	Checkout code	2026-02-15T22:19:26.6953582Z ##[group]Setting up auth
handle-success	Checkout code	2026-02-15T22:19:26.6960293Z [command]/usr/bin/git config --local --name-only --get-regexp core\.sshCommand
handle-success	Checkout code	2026-02-15T22:19:26.7012728Z [command]/usr/bin/git submodule foreach --recursive sh -c "git config --local --name-only --get-regexp 'core\.sshCommand' && git config --local --unset-all 'core.sshCommand' || :"
handle-success	Checkout code	2026-02-15T22:19:26.7376213Z [command]/usr/bin/git config --local --name-only --get-regexp http\.https\:\/\/github\.com\/\.extraheader
handle-success	Checkout code	2026-02-15T22:19:26.7420257Z [command]/usr/bin/git submodule foreach --recursive sh -c "git config --local --name-only --get-regexp 'http\.https\:\/\/github\.com\/\.extraheader' && git config --local --unset-all 'http.https://github.com/.extraheader' || :"
handle-success	Checkout code	2026-02-15T22:19:26.7787193Z [command]/usr/bin/git config --local --name-only --get-regexp ^includeIf\.gitdir:
handle-success	Checkout code	2026-02-15T22:19:26.7838615Z [command]/usr/bin/git submodule foreach --recursive git config --local --show-origin --name-only --get-regexp remote.origin.url
handle-success	Checkout code	2026-02-15T22:19:26.8211965Z [command]/usr/bin/git config --local http.https://github.com/.extraheader AUTHORIZATION: basic ***
handle-success	Checkout code	2026-02-15T22:19:26.8267105Z ##[endgroup]
handle-success	Checkout code	2026-02-15T22:19:26.8268045Z ##[group]Fetching the repository
handle-success	Checkout code	2026-02-15T22:19:26.8300775Z [command]/usr/bin/git -c protocol.version=2 fetch --prune --no-recurse-submodules origin +refs/heads/*:refs/remotes/origin/* +refs/tags/*:refs/tags/*
handle-success	Checkout code	2026-02-15T22:19:56.1913960Z From https://github.com/Ka0s-Klaus/ka0s
handle-success	Checkout code	2026-02-15T22:19:56.1915051Z  * [new branch]          F227-despliegue-de-kube-independiente-del-clouder -> origin/F227-despliegue-de-kube-independiente-del-clouder
handle-success	Checkout code	2026-02-15T22:19:56.1915923Z  * [new branch]          F3450-modelo-operativo -> origin/F3450-modelo-operativo
handle-success	Checkout code	2026-02-15T22:19:56.1920841Z  * [new branch]          H1151-desarrollo-de-secciones-ii -> origin/H1151-desarrollo-de-secciones-ii
handle-success	Checkout code	2026-02-15T22:19:56.1921671Z  * [new branch]          H1193-ejemplo-web-documentacion -> origin/H1193-ejemplo-web-documentacion
handle-success	Checkout code	2026-02-15T22:19:56.1923425Z  * [new branch]          H1276-modulo-observabilidad -> origin/H1276-modulo-observabilidad
handle-success	Checkout code	2026-02-15T22:19:56.1925676Z  * [new branch]          H227-despliegue-de-kube-independiente-del-clouder -> origin/H227-despliegue-de-kube-independiente-del-clouder
handle-success	Checkout code	2026-02-15T22:19:56.1928412Z  * [new branch]          H3266-deploy-zabbix    -> origin/H3266-deploy-zabbix
handle-success	Checkout code	2026-02-15T22:19:56.1929023Z  * [new branch]          H3596-deploy-itop      -> origin/H3596-deploy-itop
handle-success	Checkout code	2026-02-15T22:19:56.1929872Z  * [new branch]          RN227-despliegue-de-kube-independiente-del-clouder -> origin/RN227-despliegue-de-kube-independiente-del-clouder
handle-success	Checkout code	2026-02-15T22:19:56.1930874Z  * [new branch]          main                   -> origin/main
handle-success	Checkout code	2026-02-15T22:19:56.1931319Z  * [new tag]             0.0.0                  -> 0.0.0
handle-success	Checkout code	2026-02-15T22:19:56.1931721Z  * [new tag]             0.0.1                  -> 0.0.1
handle-success	Checkout code	2026-02-15T22:19:56.1932117Z  * [new tag]             0.0.10                 -> 0.0.10
handle-success	Checkout code	2026-02-15T22:19:56.1932549Z  * [new tag]             0.0.100                -> 0.0.100
handle-success	Checkout code	2026-02-15T22:19:56.1932996Z  * [new tag]             0.0.101                -> 0.0.101
handle-success	Checkout code	2026-02-15T22:19:56.1934005Z  * [new tag]             0.0.102                -> 0.0.102
handle-success	Checkout code	2026-02-15T22:19:56.1934398Z  * [new tag]             0.0.103                -> 0.0.103
handle-success	Checkout code	2026-02-15T22:19:56.1934797Z  * [new tag]             0.0.104                -> 0.0.104
handle-success	Checkout code	2026-02-15T22:19:56.1935215Z  * [new tag]             0.0.105                -> 0.0.105
handle-success	Checkout code	2026-02-15T22:19:56.1935612Z  * [new tag]             0.0.106                -> 0.0.106
handle-success	Checkout code	2026-02-15T22:19:56.1936005Z  * [new tag]             0.0.107                -> 0.0.107
handle-success	Checkout code	2026-02-15T22:19:56.1936388Z  * [new tag]             0.0.108                -> 0.0.108
handle-success	Checkout code	2026-02-15T22:19:56.1936773Z  * [new tag]             0.0.109                -> 0.0.109
handle-success	Checkout code	2026-02-15T22:19:56.1937177Z  * [new tag]             0.0.11                 -> 0.0.11
handle-success	Checkout code	2026-02-15T22:19:56.1937574Z  * [new tag]             0.0.110                -> 0.0.110
handle-success	Checkout code	2026-02-15T22:19:56.1937967Z  * [new tag]             0.0.111                -> 0.0.111
handle-success	Checkout code	2026-02-15T22:19:56.1938359Z  * [new tag]             0.0.112                -> 0.0.112
handle-success	Checkout code	2026-02-15T22:19:56.1939086Z  * [new tag]             0.0.113                -> 0.0.113
handle-success	Checkout code	2026-02-15T22:19:56.1939653Z  * [new tag]             0.0.114                -> 0.0.114
handle-success	Checkout code	2026-02-15T22:19:56.1940099Z  * [new tag]             0.0.115                -> 0.0.115
handle-success	Checkout code	2026-02-15T22:19:56.1940568Z  * [new tag]             0.0.116                -> 0.0.116
handle-success	Checkout code	2026-02-15T22:19:56.1940980Z  * [new tag]             0.0.117                -> 0.0.117
handle-success	Checkout code	2026-02-15T22:19:56.1941372Z  * [new tag]             0.0.118                -> 0.0.118
handle-success	Checkout code	2026-02-15T22:19:56.1941764Z  * [new tag]             0.0.119                -> 0.0.119
handle-success	Checkout code	2026-02-15T22:19:56.1942154Z  * [new tag]             0.0.12                 -> 0.0.12
handle-success	Checkout code	2026-02-15T22:19:56.1942546Z  * [new tag]             0.0.120                -> 0.0.120
handle-success	Checkout code	2026-02-15T22:19:56.1942954Z  * [new tag]             0.0.121                -> 0.0.121
handle-success	Checkout code	2026-02-15T22:19:56.1943358Z  * [new tag]             0.0.122                -> 0.0.122
handle-success	Checkout code	2026-02-15T22:19:56.1943768Z  * [new tag]             0.0.123                -> 0.0.123
handle-success	Checkout code	2026-02-15T22:19:56.1944186Z  * [new tag]             0.0.124                -> 0.0.124
handle-success	Checkout code	2026-02-15T22:19:56.1944577Z  * [new tag]             0.0.125                -> 0.0.125
handle-success	Checkout code	2026-02-15T22:19:56.1944968Z  * [new tag]             0.0.126                -> 0.0.126
handle-success	Checkout code	2026-02-15T22:19:56.1945359Z  * [new tag]             0.0.127                -> 0.0.127
handle-success	Checkout code	2026-02-15T22:19:56.1945750Z  * [new tag]             0.0.128                -> 0.0.128
handle-success	Checkout code	2026-02-15T22:19:56.1946135Z  * [new tag]             0.0.129                -> 0.0.129
handle-success	Checkout code	2026-02-15T22:19:56.1946527Z  * [new tag]             0.0.13                 -> 0.0.13
handle-success	Checkout code	2026-02-15T22:19:56.2019865Z  * [new tag]             0.0.130                -> 0.0.130
handle-success	Checkout code	2026-02-15T22:19:56.2031128Z  * [new tag]             0.0.131                -> 0.0.131
handle-success	Checkout code	2026-02-15T22:19:56.2032013Z  * [new tag]             0.0.132                -> 0.0.132
handle-success	Checkout code	2026-02-15T22:19:56.2032403Z  * [new tag]             0.0.133                -> 0.0.133
handle-success	Checkout code	2026-02-15T22:19:56.2032859Z  * [new tag]             0.0.134                -> 0.0.134
handle-success	Checkout code	2026-02-15T22:19:56.2033235Z  * [new tag]             0.0.135                -> 0.0.135
handle-success	Checkout code	2026-02-15T22:19:56.2033619Z  * [new tag]             0.0.136                -> 0.0.136
handle-success	Checkout code	2026-02-15T22:19:56.2033996Z  * [new tag]             0.0.137                -> 0.0.137
handle-success	Checkout code	2026-02-15T22:19:56.2034371Z  * [new tag]             0.0.138                -> 0.0.138
handle-success	Checkout code	2026-02-15T22:19:56.2034748Z  * [new tag]             0.0.139                -> 0.0.139
handle-success	Checkout code	2026-02-15T22:19:56.2035124Z  * [new tag]             0.0.14                 -> 0.0.14
handle-success	Checkout code	2026-02-15T22:19:56.2035502Z  * [new tag]             0.0.140                -> 0.0.140
handle-success	Checkout code	2026-02-15T22:19:56.2035905Z  * [new tag]             0.0.141                -> 0.0.141
handle-success	Checkout code	2026-02-15T22:19:56.2036332Z  * [new tag]             0.0.142                -> 0.0.142
handle-success	Checkout code	2026-02-15T22:19:56.2036735Z  * [new tag]             0.0.143                -> 0.0.143
handle-success	Checkout code	2026-02-15T22:19:56.2037111Z  * [new tag]             0.0.144                -> 0.0.144
handle-success	Checkout code	2026-02-15T22:19:56.2037902Z  * [new tag]             0.0.145                -> 0.0.145
handle-success	Checkout code	2026-02-15T22:19:56.2038278Z  * [new tag]             0.0.146                -> 0.0.146
handle-success	Checkout code	2026-02-15T22:19:56.2038928Z  * [new tag]             0.0.147                -> 0.0.147
handle-success	Checkout code	2026-02-15T22:19:56.2039618Z  * [new tag]             0.0.148                -> 0.0.148
handle-success	Checkout code	2026-02-15T22:19:56.2040009Z  * [new tag]             0.0.149                -> 0.0.149
handle-success	Checkout code	2026-02-15T22:19:56.2040392Z  * [new tag]             0.0.15                 -> 0.0.15
handle-success	Checkout code	2026-02-15T22:19:56.2041114Z  * [new tag]             0.0.150                -> 0.0.150
handle-success	Checkout code	2026-02-15T22:19:56.2041495Z  * [new tag]             0.0.151                -> 0.0.151
handle-success	Checkout code	2026-02-15T22:19:56.2041870Z  * [new tag]             0.0.152                -> 0.0.152
handle-success	Checkout code	2026-02-15T22:19:56.2042243Z  * [new tag]             0.0.153                -> 0.0.153
handle-success	Checkout code	2026-02-15T22:19:56.2042859Z  * [new tag]             0.0.154                -> 0.0.154
handle-success	Checkout code	2026-02-15T22:19:56.2043361Z  * [new tag]             0.0.155                -> 0.0.155
handle-success	Checkout code	2026-02-15T22:19:56.2044002Z  * [new tag]             0.0.156                -> 0.0.156
handle-success	Checkout code	2026-02-15T22:19:56.2044366Z  * [new tag]             0.0.157                -> 0.0.157
handle-success	Checkout code	2026-02-15T22:19:56.2044722Z  * [new tag]             0.0.158                -> 0.0.158
handle-success	Checkout code	2026-02-15T22:19:56.2045087Z  * [new tag]             0.0.159                -> 0.0.159
handle-success	Checkout code	2026-02-15T22:19:56.2045452Z  * [new tag]             0.0.16                 -> 0.0.16
handle-success	Checkout code	2026-02-15T22:19:56.2045814Z  * [new tag]             0.0.160                -> 0.0.160
handle-success	Checkout code	2026-02-15T22:19:56.2046178Z  * [new tag]             0.0.161                -> 0.0.161
handle-success	Checkout code	2026-02-15T22:19:56.2046535Z  * [new tag]             0.0.162                -> 0.0.162
handle-success	Checkout code	2026-02-15T22:19:56.2046900Z  * [new tag]             0.0.163                -> 0.0.163
handle-success	Checkout code	2026-02-15T22:19:56.2047261Z  * [new tag]             0.0.164                -> 0.0.164
handle-success	Checkout code	2026-02-15T22:19:56.2047626Z  * [new tag]             0.0.165                -> 0.0.165
handle-success	Checkout code	2026-02-15T22:19:56.2047999Z  * [new tag]             0.0.166                -> 0.0.166
handle-success	Checkout code	2026-02-15T22:19:56.2048354Z  * [new tag]             0.0.167                -> 0.0.167
handle-success	Checkout code	2026-02-15T22:19:56.2048716Z  * [new tag]             0.0.168                -> 0.0.168
handle-success	Checkout code	2026-02-15T22:19:56.2049076Z  * [new tag]             0.0.169                -> 0.0.169
handle-success	Checkout code	2026-02-15T22:19:56.2049442Z  * [new tag]             0.0.17                 -> 0.0.17
handle-success	Checkout code	2026-02-15T22:19:56.2049805Z  * [new tag]             0.0.170                -> 0.0.170
handle-success	Checkout code	2026-02-15T22:19:56.2050428Z  * [new tag]             0.0.171                -> 0.0.171
handle-success	Checkout code	2026-02-15T22:19:56.2051047Z  * [new tag]             0.0.172                -> 0.0.172
handle-success	Checkout code	2026-02-15T22:19:56.2051543Z  * [new tag]             0.0.173                -> 0.0.173
handle-success	Checkout code	2026-02-15T22:19:56.2051914Z  * [new tag]             0.0.174                -> 0.0.174
handle-success	Checkout code	2026-02-15T22:19:56.2052278Z  * [new tag]             0.0.175                -> 0.0.175
handle-success	Checkout code	2026-02-15T22:19:56.2052645Z  * [new tag]             0.0.176                -> 0.0.176
handle-success	Checkout code	2026-02-15T22:19:56.2053021Z  * [new tag]             0.0.177                -> 0.0.177
handle-success	Checkout code	2026-02-15T22:19:56.2053391Z  * [new tag]             0.0.178                -> 0.0.178
handle-success	Checkout code	2026-02-15T22:19:56.2053756Z  * [new tag]             0.0.179                -> 0.0.179
handle-success	Checkout code	2026-02-15T22:19:56.2054119Z  * [new tag]             0.0.18                 -> 0.0.18
handle-success	Checkout code	2026-02-15T22:19:56.2054485Z  * [new tag]             0.0.19                 -> 0.0.19
handle-success	Checkout code	2026-02-15T22:19:56.2054847Z  * [new tag]             0.0.2                  -> 0.0.2
handle-success	Checkout code	2026-02-15T22:19:56.2055211Z  * [new tag]             0.0.20                 -> 0.0.20
handle-success	Checkout code	2026-02-15T22:19:56.2055576Z  * [new tag]             0.0.21                 -> 0.0.21
handle-success	Checkout code	2026-02-15T22:19:56.2055939Z  * [new tag]             0.0.22                 -> 0.0.22
handle-success	Checkout code	2026-02-15T22:19:56.2056298Z  * [new tag]             0.0.23                 -> 0.0.23
handle-success	Checkout code	2026-02-15T22:19:56.2056658Z  * [new tag]             0.0.24                 -> 0.0.24
handle-success	Checkout code	2026-02-15T22:19:56.2057242Z  * [new tag]             0.0.25                 -> 0.0.25
handle-success	Checkout code	2026-02-15T22:19:56.2057613Z  * [new tag]             0.0.26                 -> 0.0.26
handle-success	Checkout code	2026-02-15T22:19:56.2057976Z  * [new tag]             0.0.27                 -> 0.0.27
handle-success	Checkout code	2026-02-15T22:19:56.2058336Z  * [new tag]             0.0.28                 -> 0.0.28
handle-success	Checkout code	2026-02-15T22:19:56.2058701Z  * [new tag]             0.0.29                 -> 0.0.29
handle-success	Checkout code	2026-02-15T22:19:56.2059067Z  * [new tag]             0.0.3                  -> 0.0.3
handle-success	Checkout code	2026-02-15T22:19:56.2059427Z  * [new tag]             0.0.30                 -> 0.0.30
handle-success	Checkout code	2026-02-15T22:19:56.2059791Z  * [new tag]             0.0.31                 -> 0.0.31
handle-success	Checkout code	2026-02-15T22:19:56.2060148Z  * [new tag]             0.0.32                 -> 0.0.32
handle-success	Checkout code	2026-02-15T22:19:56.2060761Z  * [new tag]             0.0.33                 -> 0.0.33
handle-success	Checkout code	2026-02-15T22:19:56.2061275Z  * [new tag]             0.0.34                 -> 0.0.34
handle-success	Checkout code	2026-02-15T22:19:56.2061773Z  * [new tag]             0.0.35                 -> 0.0.35
handle-success	Checkout code	2026-02-15T22:19:56.2062351Z  * [new tag]             0.0.36                 -> 0.0.36
handle-success	Checkout code	2026-02-15T22:19:56.2062712Z  * [new tag]             0.0.37                 -> 0.0.37
handle-success	Checkout code	2026-02-15T22:19:56.2063080Z  * [new tag]             0.0.38                 -> 0.0.38
handle-success	Checkout code	2026-02-15T22:19:56.2063443Z  * [new tag]             0.0.39                 -> 0.0.39
handle-success	Checkout code	2026-02-15T22:19:56.2063806Z  * [new tag]             0.0.4                  -> 0.0.4
handle-success	Checkout code	2026-02-15T22:19:56.2064167Z  * [new tag]             0.0.40                 -> 0.0.40
handle-success	Checkout code	2026-02-15T22:19:56.2064532Z  * [new tag]             0.0.41                 -> 0.0.41
handle-success	Checkout code	2026-02-15T22:19:56.2064897Z  * [new tag]             0.0.42                 -> 0.0.42
handle-success	Checkout code	2026-02-15T22:19:56.2065261Z  * [new tag]             0.0.43                 -> 0.0.43
handle-success	Checkout code	2026-02-15T22:19:56.2065627Z  * [new tag]             0.0.44                 -> 0.0.44
handle-success	Checkout code	2026-02-15T22:19:56.2065986Z  * [new tag]             0.0.45                 -> 0.0.45
handle-success	Checkout code	2026-02-15T22:19:56.2066351Z  * [new tag]             0.0.46                 -> 0.0.46
handle-success	Checkout code	2026-02-15T22:19:56.2066729Z  * [new tag]             0.0.47                 -> 0.0.47
handle-success	Checkout code	2026-02-15T22:19:56.2067094Z  * [new tag]             0.0.48                 -> 0.0.48
handle-success	Checkout code	2026-02-15T22:19:56.2067457Z  * [new tag]             0.0.49                 -> 0.0.49
handle-success	Checkout code	2026-02-15T22:19:56.2067821Z  * [new tag]             0.0.5                  -> 0.0.5
handle-success	Checkout code	2026-02-15T22:19:56.2068184Z  * [new tag]             0.0.50                 -> 0.0.50
handle-success	Checkout code	2026-02-15T22:19:56.2068546Z  * [new tag]             0.0.51                 -> 0.0.51
handle-success	Checkout code	2026-02-15T22:19:56.2068908Z  * [new tag]             0.0.52                 -> 0.0.52
handle-success	Checkout code	2026-02-15T22:19:56.2069264Z  * [new tag]             0.0.53                 -> 0.0.53
handle-success	Checkout code	2026-02-15T22:19:56.2069628Z  * [new tag]             0.0.54                 -> 0.0.54
handle-success	Checkout code	2026-02-15T22:19:56.2070136Z  * [new tag]             0.0.55                 -> 0.0.55
handle-success	Checkout code	2026-02-15T22:19:56.2070928Z  * [new tag]             0.0.56                 -> 0.0.56
handle-success	Checkout code	2026-02-15T22:19:56.2071303Z  * [new tag]             0.0.57                 -> 0.0.57
handle-success	Checkout code	2026-02-15T22:19:56.2071687Z  * [new tag]             0.0.58                 -> 0.0.58
handle-success	Checkout code	2026-02-15T22:19:56.2072065Z  * [new tag]             0.0.59                 -> 0.0.59
handle-success	Checkout code	2026-02-15T22:19:56.2072444Z  * [new tag]             0.0.6                  -> 0.0.6
handle-success	Checkout code	2026-02-15T22:19:56.2072819Z  * [new tag]             0.0.60                 -> 0.0.60
handle-success	Checkout code	2026-02-15T22:19:56.2073352Z  * [new tag]             0.0.61                 -> 0.0.61
handle-success	Checkout code	2026-02-15T22:19:56.2073844Z  * [new tag]             0.0.62                 -> 0.0.62
handle-success	Checkout code	2026-02-15T22:19:56.2074223Z  * [new tag]             0.0.63                 -> 0.0.63
handle-success	Checkout code	2026-02-15T22:19:56.2074600Z  * [new tag]             0.0.64                 -> 0.0.64
handle-success	Checkout code	2026-02-15T22:19:56.2074982Z  * [new tag]             0.0.65                 -> 0.0.65
handle-success	Checkout code	2026-02-15T22:19:56.2075358Z  * [new tag]             0.0.66                 -> 0.0.66
handle-success	Checkout code	2026-02-15T22:19:56.2075740Z  * [new tag]             0.0.67                 -> 0.0.67
handle-success	Checkout code	2026-02-15T22:19:56.2076126Z  * [new tag]             0.0.68                 -> 0.0.68
handle-success	Checkout code	2026-02-15T22:19:56.2076792Z  * [new tag]             0.0.69                 -> 0.0.69
handle-success	Checkout code	2026-02-15T22:19:56.2077170Z  * [new tag]             0.0.7                  -> 0.0.7
handle-success	Checkout code	2026-02-15T22:19:56.2077547Z  * [new tag]             0.0.70                 -> 0.0.70
handle-success	Checkout code	2026-02-15T22:19:56.2077922Z  * [new tag]             0.0.71                 -> 0.0.71
handle-success	Checkout code	2026-02-15T22:19:56.2078299Z  * [new tag]             0.0.72                 -> 0.0.72
handle-success	Checkout code	2026-02-15T22:19:56.2078673Z  * [new tag]             0.0.73                 -> 0.0.73
handle-success	Checkout code	2026-02-15T22:19:56.2079044Z  * [new tag]             0.0.74                 -> 0.0.74
handle-success	Checkout code	2026-02-15T22:19:56.2079413Z  * [new tag]             0.0.75                 -> 0.0.75
handle-success	Checkout code	2026-02-15T22:19:56.2079784Z  * [new tag]             0.0.76                 -> 0.0.76
handle-success	Checkout code	2026-02-15T22:19:56.2080157Z  * [new tag]             0.0.77                 -> 0.0.77
handle-success	Checkout code	2026-02-15T22:19:56.2080781Z  * [new tag]             0.0.78                 -> 0.0.78
handle-success	Checkout code	2026-02-15T22:19:56.2081542Z  * [new tag]             0.0.79                 -> 0.0.79
handle-success	Checkout code	2026-02-15T22:19:56.2081914Z  * [new tag]             0.0.8                  -> 0.0.8
handle-success	Checkout code	2026-02-15T22:19:56.2082292Z  * [new tag]             0.0.80                 -> 0.0.80
handle-success	Checkout code	2026-02-15T22:19:56.2082663Z  * [new tag]             0.0.81                 -> 0.0.81
handle-success	Checkout code	2026-02-15T22:19:56.2083037Z  * [new tag]             0.0.82                 -> 0.0.82
handle-success	Checkout code	2026-02-15T22:19:56.2083405Z  * [new tag]             0.0.83                 -> 0.0.83
handle-success	Checkout code	2026-02-15T22:19:56.2083786Z  * [new tag]             0.0.84                 -> 0.0.84
handle-success	Checkout code	2026-02-15T22:19:56.2084163Z  * [new tag]             0.0.85                 -> 0.0.85
handle-success	Checkout code	2026-02-15T22:19:56.2084544Z  * [new tag]             0.0.86                 -> 0.0.86
handle-success	Checkout code	2026-02-15T22:19:56.2084924Z  * [new tag]             0.0.87                 -> 0.0.87
handle-success	Checkout code	2026-02-15T22:19:56.2085294Z  * [new tag]             0.0.88                 -> 0.0.88
handle-success	Checkout code	2026-02-15T22:19:56.2085674Z  * [new tag]             0.0.89                 -> 0.0.89
handle-success	Checkout code	2026-02-15T22:19:56.2086064Z  * [new tag]             0.0.9                  -> 0.0.9
handle-success	Checkout code	2026-02-15T22:19:56.2086441Z  * [new tag]             0.0.90                 -> 0.0.90
handle-success	Checkout code	2026-02-15T22:19:56.2086821Z  * [new tag]             0.0.91                 -> 0.0.91
handle-success	Checkout code	2026-02-15T22:19:56.2087194Z  * [new tag]             0.0.92                 -> 0.0.92
handle-success	Checkout code	2026-02-15T22:19:56.2087573Z  * [new tag]             0.0.93                 -> 0.0.93
handle-success	Checkout code	2026-02-15T22:19:56.2087960Z  * [new tag]             0.0.94                 -> 0.0.94
handle-success	Checkout code	2026-02-15T22:19:56.2088341Z  * [new tag]             0.0.95                 -> 0.0.95
handle-success	Checkout code	2026-02-15T22:19:56.2088713Z  * [new tag]             0.0.96                 -> 0.0.96
handle-success	Checkout code	2026-02-15T22:19:56.2089085Z  * [new tag]             0.0.97                 -> 0.0.97
handle-success	Checkout code	2026-02-15T22:19:56.2089458Z  * [new tag]             0.0.98                 -> 0.0.98
handle-success	Checkout code	2026-02-15T22:19:56.2089833Z  * [new tag]             0.0.99                 -> 0.0.99
handle-success	Checkout code	2026-02-15T22:19:56.2090207Z  * [new tag]             0.1.0                  -> 0.1.0
handle-success	Checkout code	2026-02-15T22:19:56.2090786Z  * [new tag]             0.1.1                  -> 0.1.1
handle-success	Checkout code	2026-02-15T22:19:56.2091209Z  * [new tag]             0.2.0                  -> 0.2.0
handle-success	Checkout code	2026-02-15T22:19:56.2091719Z  * [new tag]             0.3.0                  -> 0.3.0
handle-success	Checkout code	2026-02-15T22:19:56.2092087Z  * [new tag]             0.3.1                  -> 0.3.1
handle-success	Checkout code	2026-02-15T22:19:56.2092464Z  * [new tag]             0.3.10                 -> 0.3.10
handle-success	Checkout code	2026-02-15T22:19:56.2092841Z  * [new tag]             0.3.11                 -> 0.3.11
handle-success	Checkout code	2026-02-15T22:19:56.2093217Z  * [new tag]             0.3.12                 -> 0.3.12
handle-success	Checkout code	2026-02-15T22:19:56.2093592Z  * [new tag]             0.3.13                 -> 0.3.13
handle-success	Checkout code	2026-02-15T22:19:56.2093968Z  * [new tag]             0.3.14                 -> 0.3.14
handle-success	Checkout code	2026-02-15T22:19:56.2094344Z  * [new tag]             0.3.15                 -> 0.3.15
handle-success	Checkout code	2026-02-15T22:19:56.2094720Z  * [new tag]             0.3.16                 -> 0.3.16
handle-success	Checkout code	2026-02-15T22:19:56.2095094Z  * [new tag]             0.3.17                 -> 0.3.17
handle-success	Checkout code	2026-02-15T22:19:56.2095702Z  * [new tag]             0.3.2                  -> 0.3.2
handle-success	Checkout code	2026-02-15T22:19:56.2096078Z  * [new tag]             0.3.3                  -> 0.3.3
handle-success	Checkout code	2026-02-15T22:19:56.2096447Z  * [new tag]             0.3.4                  -> 0.3.4
handle-success	Checkout code	2026-02-15T22:19:56.2096818Z  * [new tag]             0.3.5                  -> 0.3.5
handle-success	Checkout code	2026-02-15T22:19:56.2097187Z  * [new tag]             0.3.6                  -> 0.3.6
handle-success	Checkout code	2026-02-15T22:19:56.2097551Z  * [new tag]             0.3.7                  -> 0.3.7
handle-success	Checkout code	2026-02-15T22:19:56.2097922Z  * [new tag]             0.3.8                  -> 0.3.8
handle-success	Checkout code	2026-02-15T22:19:56.2098291Z  * [new tag]             0.3.9                  -> 0.3.9
handle-success	Checkout code	2026-02-15T22:19:56.2098668Z  * [new tag]             0.4.0                  -> 0.4.0
handle-success	Checkout code	2026-02-15T22:19:56.2099036Z  * [new tag]             0.4.1                  -> 0.4.1
handle-success	Checkout code	2026-02-15T22:19:56.2099410Z  * [new tag]             0.4.2                  -> 0.4.2
handle-success	Checkout code	2026-02-15T22:19:56.2099785Z  * [new tag]             0.4.3                  -> 0.4.3
handle-success	Checkout code	2026-02-15T22:19:56.2100377Z  * [new tag]             0.4.4                  -> 0.4.4
handle-success	Checkout code	2026-02-15T22:19:56.2101038Z  * [new tag]             0.4.5                  -> 0.4.5
handle-success	Checkout code	2026-02-15T22:19:56.2101540Z  * [new tag]             0.4.6                  -> 0.4.6
handle-success	Checkout code	2026-02-15T22:19:56.2101911Z  * [new tag]             0.4.7                  -> 0.4.7
handle-success	Checkout code	2026-02-15T22:19:56.2102286Z  * [new tag]             0.4.8                  -> 0.4.8
handle-success	Checkout code	2026-02-15T22:19:56.2102657Z  * [new tag]             0.4.9                  -> 0.4.9
handle-success	Checkout code	2026-02-15T22:19:56.2103029Z  * [new tag]             0.5.0                  -> 0.5.0
handle-success	Checkout code	2026-02-15T22:19:56.2103399Z  * [new tag]             0.5.1                  -> 0.5.1
handle-success	Checkout code	2026-02-15T22:19:56.2103778Z  * [new tag]             0.5.2                  -> 0.5.2
handle-success	Checkout code	2026-02-15T22:19:56.2104155Z  * [new tag]             0.6.0                  -> 0.6.0
handle-success	Checkout code	2026-02-15T22:19:56.2104525Z  * [new tag]             0.6.1                  -> 0.6.1
handle-success	Checkout code	2026-02-15T22:19:56.2104892Z  * [new tag]             0.6.2                  -> 0.6.2
handle-success	Checkout code	2026-02-15T22:19:56.2328988Z [command]/usr/bin/git branch --list --remote origin/main
handle-success	Checkout code	2026-02-15T22:19:56.2409757Z   origin/main
handle-success	Checkout code	2026-02-15T22:19:56.2423376Z [command]/usr/bin/git rev-parse refs/remotes/origin/main
handle-success	Checkout code	2026-02-15T22:19:56.2457446Z 52de1c06bf74f56e0a91660b138efe1b37453798
handle-success	Checkout code	2026-02-15T22:19:56.2470303Z [command]/usr/bin/git -c protocol.version=2 fetch --no-tags --prune --no-recurse-submodules origin +e553b03ee345e646cafda122ba54a00c3615882c:refs/remotes/origin/main
handle-success	Checkout code	2026-02-15T22:19:56.2663369Z From https://github.com/Ka0s-Klaus/ka0s
handle-success	Checkout code	2026-02-15T22:19:56.2664534Z  + 52de1c06b...e553b03ee e553b03ee345e646cafda122ba54a00c3615882c -> origin/main  (forced update)
handle-success	Checkout code	2026-02-15T22:19:56.2704932Z ##[endgroup]
handle-success	Checkout code	2026-02-15T22:19:56.2705596Z ##[group]Determining the checkout info
handle-success	Checkout code	2026-02-15T22:19:56.2706139Z ##[endgroup]
handle-success	Checkout code	2026-02-15T22:19:56.2713074Z [command]/usr/bin/git sparse-checkout disable
handle-success	Checkout code	2026-02-15T22:19:56.2771323Z [command]/usr/bin/git config --local --unset-all extensions.worktreeConfig
handle-success	Checkout code	2026-02-15T22:19:56.2812633Z ##[group]Checking out the ref
handle-success	Checkout code	2026-02-15T22:19:56.2817268Z [command]/usr/bin/git checkout --progress --force -B main refs/remotes/origin/main
handle-success	Checkout code	2026-02-15T22:19:56.5457169Z Switched to a new branch 'main'
handle-success	Checkout code	2026-02-15T22:19:56.5460344Z branch 'main' set up to track 'origin/main'.
handle-success	Checkout code	2026-02-15T22:19:56.5502302Z ##[endgroup]
handle-success	Checkout code	2026-02-15T22:19:56.5565300Z [command]/usr/bin/git log -1 --format=%H
handle-success	Checkout code	2026-02-15T22:19:56.5588008Z e553b03ee345e646cafda122ba54a00c3615882c
handle-success	handle-success-execution	Ôªø2026-02-15T22:19:56.5832763Z ##[group]Run # Si todo ha ido correcto a√±adimos el contenido del fichero 
handle-success	handle-success-execution	2026-02-15T22:19:56.5833465Z [36;1m# Si todo ha ido correcto a√±adimos el contenido del fichero [0m
handle-success	handle-success-execution	2026-02-15T22:19:56.5833951Z [36;1mecho "Process completed successfully 22044108942"[0m
handle-success	handle-success-execution	2026-02-15T22:19:56.5834417Z [36;1m# RNNUMBER=$(echo "refs/heads/main" | grep -o '[0-9]*')[0m
handle-success	handle-success-execution	2026-02-15T22:19:56.5835241Z [36;1m# gh issue comment $RNNUMBER --body "El proceso ha finalizado correctamente 22044108942. El resultado est√° en el fichero core/results/event_data_22044108942.log"[0m
handle-success	handle-success-execution	2026-02-15T22:19:56.5851682Z shell: /usr/bin/bash -e {0}
handle-success	handle-success-execution	2026-02-15T22:19:56.5852031Z env:
handle-success	handle-success-execution	2026-02-15T22:19:56.5852269Z   PYTHON_VERSION: 3.9
handle-success	handle-success-execution	2026-02-15T22:19:56.5853479Z   MONGO_SUPERUSER_CONNECTION: ***
handle-success	handle-success-execution	2026-02-15T22:19:56.5853955Z   MONGO_NEW_PASS: ***
handle-success	handle-success-execution	2026-02-15T22:19:56.5854358Z   MONGO_SCRIPT_CREATE: devops/core/mongo/scripts/add-doc-to-db.py
handle-success	handle-success-execution	2026-02-15T22:19:56.5854771Z   KAOS_CODE: 22044108942
handle-success	handle-success-execution	2026-02-15T22:19:56.5855076Z   KAOS_MODULE: [Ka0s] Autom add docs to MongoDB
handle-success	handle-success-execution	2026-02-15T22:19:56.5855480Z   REPORT_SCAN: audit/
handle-success	handle-success-execution	2026-02-15T22:19:56.5855764Z   REPORT_PATH: audit/mongodb/
handle-success	handle-success-execution	2026-02-15T22:19:56.5856089Z   REPORT_FILENAME: mongo_setup_22044108942.json
handle-success	handle-success-execution	2026-02-15T22:19:56.5856465Z   REPORT_FILENAME_LIST: mongo_list_22044108942.json
handle-success	handle-success-execution	2026-02-15T22:19:56.5856854Z   REPORT_FILENAME_DB: mongo_create_db_22044108942.json
handle-success	handle-success-execution	2026-02-15T22:19:56.5857337Z   GH_TOKEN: ***
handle-success	handle-success-execution	2026-02-15T22:19:56.5857595Z ##[endgroup]
handle-success	handle-success-execution	2026-02-15T22:19:56.5922570Z Process completed successfully 22044108942
handle-success	Post Checkout code	Ôªø2026-02-15T22:19:56.6071283Z Post job cleanup.
handle-success	Post Checkout code	2026-02-15T22:19:56.7134422Z [command]/usr/bin/git version
handle-success	Post Checkout code	2026-02-15T22:19:56.7179104Z git version 2.52.0
handle-success	Post Checkout code	2026-02-15T22:19:56.7234451Z Temporarily overriding HOME='/home/runner/_work/_temp/69c80d8a-05f5-4d04-b70e-bf0ab65ca985' before making global git config changes
handle-success	Post Checkout code	2026-02-15T22:19:56.7235535Z Adding repository directory to the temporary git global config as a safe directory
handle-success	Post Checkout code	2026-02-15T22:19:56.7241235Z [command]/usr/bin/git config --global --add safe.directory /home/runner/_work/ka0s/ka0s
handle-success	Post Checkout code	2026-02-15T22:19:56.7296294Z [command]/usr/bin/git config --local --name-only --get-regexp core\.sshCommand
handle-success	Post Checkout code	2026-02-15T22:19:56.7340352Z [command]/usr/bin/git submodule foreach --recursive sh -c "git config --local --name-only --get-regexp 'core\.sshCommand' && git config --local --unset-all 'core.sshCommand' || :"
handle-success	Post Checkout code	2026-02-15T22:19:56.7680027Z [command]/usr/bin/git config --local --name-only --get-regexp http\.https\:\/\/github\.com\/\.extraheader
handle-success	Post Checkout code	2026-02-15T22:19:56.7709827Z http.https://github.com/.extraheader
handle-success	Post Checkout code	2026-02-15T22:19:56.7724760Z [command]/usr/bin/git config --local --unset-all http.https://github.com/.extraheader
handle-success	Post Checkout code	2026-02-15T22:19:56.7766146Z [command]/usr/bin/git submodule foreach --recursive sh -c "git config --local --name-only --get-regexp 'http\.https\:\/\/github\.com\/\.extraheader' && git config --local --unset-all 'http.https://github.com/.extraheader' || :"
handle-success	Post Checkout code	2026-02-15T22:19:56.8104244Z [command]/usr/bin/git config --local --name-only --get-regexp ^includeIf\.gitdir:
handle-success	Post Checkout code	2026-02-15T22:19:56.8145383Z [command]/usr/bin/git submodule foreach --recursive git config --local --show-origin --name-only --get-regexp remote.origin.url
handle-success	Complete job	Ôªø2026-02-15T22:19:56.8606933Z Cleaning up orphan processes
end-workflow	Set up job	Ôªø2026-02-15T22:20:08.6402297Z Current runner version: '2.331.0'
end-workflow	Set up job	2026-02-15T22:20:08.6413979Z Runner name: 'swarm-runners-scaleset-hkss5-runner-2hg46'
end-workflow	Set up job	2026-02-15T22:20:08.6415193Z Runner group name: 'Default'
end-workflow	Set up job	2026-02-15T22:20:08.6416327Z Machine name: 'swarm-runners-scaleset-hkss5-runner-2hg46'
end-workflow	Set up job	2026-02-15T22:20:08.6420307Z ##[group]GITHUB_TOKEN Permissions
end-workflow	Set up job	2026-02-15T22:20:08.6424359Z Actions: write
end-workflow	Set up job	2026-02-15T22:20:08.6425053Z Contents: write
end-workflow	Set up job	2026-02-15T22:20:08.6425674Z Issues: write
end-workflow	Set up job	2026-02-15T22:20:08.6426321Z Metadata: read
end-workflow	Set up job	2026-02-15T22:20:08.6426863Z PullRequests: write
end-workflow	Set up job	2026-02-15T22:20:08.6427613Z ##[endgroup]
end-workflow	Set up job	2026-02-15T22:20:08.6429979Z Secret source: Actions
end-workflow	Set up job	2026-02-15T22:20:08.6431043Z Prepare workflow directory
end-workflow	Set up job	2026-02-15T22:20:08.7038155Z Prepare all required actions
end-workflow	Set up job	2026-02-15T22:20:08.7080347Z Getting action download info
end-workflow	Set up job	2026-02-15T22:20:09.3229912Z Download action repository 'actions/checkout@v4' (SHA:34e114876b0b11c390a56381ad16ebd13914f8d5)
end-workflow	Set up job	2026-02-15T22:20:10.3040427Z Complete job name: end-workflow
end-workflow	Checkout Repository	Ôªø2026-02-15T22:20:10.3759595Z ##[group]Run actions/checkout@v4
end-workflow	Checkout Repository	2026-02-15T22:20:10.3761034Z with:
end-workflow	Checkout Repository	2026-02-15T22:20:10.3761570Z   fetch-depth: 0
end-workflow	Checkout Repository	2026-02-15T22:20:10.3762233Z   repository: Ka0s-Klaus/ka0s
end-workflow	Checkout Repository	2026-02-15T22:20:10.3763098Z   token: ***
end-workflow	Checkout Repository	2026-02-15T22:20:10.3763587Z   ssh-strict: true
end-workflow	Checkout Repository	2026-02-15T22:20:10.3764091Z   ssh-user: git
end-workflow	Checkout Repository	2026-02-15T22:20:10.3764593Z   persist-credentials: true
end-workflow	Checkout Repository	2026-02-15T22:20:10.3765150Z   clean: true
end-workflow	Checkout Repository	2026-02-15T22:20:10.3765651Z   sparse-checkout-cone-mode: true
end-workflow	Checkout Repository	2026-02-15T22:20:10.3766273Z   fetch-tags: false
end-workflow	Checkout Repository	2026-02-15T22:20:10.3766774Z   show-progress: true
end-workflow	Checkout Repository	2026-02-15T22:20:10.3767282Z   lfs: false
end-workflow	Checkout Repository	2026-02-15T22:20:10.3767740Z   submodules: false
end-workflow	Checkout Repository	2026-02-15T22:20:10.3768283Z   set-safe-directory: true
end-workflow	Checkout Repository	2026-02-15T22:20:10.3769123Z env:
end-workflow	Checkout Repository	2026-02-15T22:20:10.3769603Z   PYTHON_VERSION: 3.9
end-workflow	Checkout Repository	2026-02-15T22:20:10.3771396Z   MONGO_SUPERUSER_CONNECTION: ***
end-workflow	Checkout Repository	2026-02-15T22:20:10.3772226Z   MONGO_NEW_PASS: ***
end-workflow	Checkout Repository	2026-02-15T22:20:10.3772925Z   MONGO_SCRIPT_CREATE: devops/core/mongo/scripts/add-doc-to-db.py
end-workflow	Checkout Repository	2026-02-15T22:20:10.3773805Z   KAOS_CODE: 22044108942
end-workflow	Checkout Repository	2026-02-15T22:20:10.3774404Z   KAOS_MODULE: [Ka0s] Autom add docs to MongoDB
end-workflow	Checkout Repository	2026-02-15T22:20:10.3775069Z   REPORT_SCAN: audit/
end-workflow	Checkout Repository	2026-02-15T22:20:10.3775594Z   REPORT_PATH: audit/mongodb/
end-workflow	Checkout Repository	2026-02-15T22:20:10.3776211Z   REPORT_FILENAME: mongo_setup_22044108942.json
end-workflow	Checkout Repository	2026-02-15T22:20:10.3776948Z   REPORT_FILENAME_LIST: mongo_list_22044108942.json
end-workflow	Checkout Repository	2026-02-15T22:20:10.3777727Z   REPORT_FILENAME_DB: mongo_create_db_22044108942.json
end-workflow	Checkout Repository	2026-02-15T22:20:10.3778413Z ##[endgroup]
end-workflow	Checkout Repository	2026-02-15T22:20:10.6765798Z Syncing repository: Ka0s-Klaus/ka0s
end-workflow	Checkout Repository	2026-02-15T22:20:10.6769807Z ##[group]Getting Git version info
end-workflow	Checkout Repository	2026-02-15T22:20:10.6770947Z Working directory is '/home/runner/_work/ka0s/ka0s'
end-workflow	Checkout Repository	2026-02-15T22:20:10.6772163Z [command]/usr/bin/git version
end-workflow	Checkout Repository	2026-02-15T22:20:10.6772774Z git version 2.52.0
end-workflow	Checkout Repository	2026-02-15T22:20:10.6774899Z ##[endgroup]
end-workflow	Checkout Repository	2026-02-15T22:20:10.6789554Z Temporarily overriding HOME='/home/runner/_work/_temp/1180df17-f504-470d-a3d4-2bb1c942df2a' before making global git config changes
end-workflow	Checkout Repository	2026-02-15T22:20:10.6797938Z Adding repository directory to the temporary git global config as a safe directory
end-workflow	Checkout Repository	2026-02-15T22:20:10.6799324Z [command]/usr/bin/git config --global --add safe.directory /home/runner/_work/ka0s/ka0s
end-workflow	Checkout Repository	2026-02-15T22:20:10.6850345Z Deleting the contents of '/home/runner/_work/ka0s/ka0s'
end-workflow	Checkout Repository	2026-02-15T22:20:10.6857048Z ##[group]Initializing the repository
end-workflow	Checkout Repository	2026-02-15T22:20:10.6879922Z [command]/usr/bin/git init /home/runner/_work/ka0s/ka0s
end-workflow	Checkout Repository	2026-02-15T22:20:10.6944164Z hint: Using 'master' as the name for the initial branch. This default branch name
end-workflow	Checkout Repository	2026-02-15T22:20:10.6945739Z hint: will change to "main" in Git 3.0. To configure the initial branch name
end-workflow	Checkout Repository	2026-02-15T22:20:10.6948015Z hint: to use in all of your new repositories, which will suppress this warning,
end-workflow	Checkout Repository	2026-02-15T22:20:10.6948987Z hint: call:
end-workflow	Checkout Repository	2026-02-15T22:20:10.6949458Z hint:
end-workflow	Checkout Repository	2026-02-15T22:20:10.6950061Z hint: 	git config --global init.defaultBranch <name>
end-workflow	Checkout Repository	2026-02-15T22:20:10.6951193Z hint:
end-workflow	Checkout Repository	2026-02-15T22:20:10.6952652Z hint: Names commonly chosen instead of 'master' are 'main', 'trunk' and
end-workflow	Checkout Repository	2026-02-15T22:20:10.6953773Z hint: 'development'. The just-created branch can be renamed via this command:
end-workflow	Checkout Repository	2026-02-15T22:20:10.6954648Z hint:
end-workflow	Checkout Repository	2026-02-15T22:20:10.6955135Z hint: 	git branch -m <name>
end-workflow	Checkout Repository	2026-02-15T22:20:10.6955674Z hint:
end-workflow	Checkout Repository	2026-02-15T22:20:10.6956393Z hint: Disable this message with "git config set advice.defaultBranchName false"
end-workflow	Checkout Repository	2026-02-15T22:20:10.6957515Z Initialized empty Git repository in /home/runner/_work/ka0s/ka0s/.git/
end-workflow	Checkout Repository	2026-02-15T22:20:10.6961852Z [command]/usr/bin/git remote add origin https://github.com/Ka0s-Klaus/ka0s
end-workflow	Checkout Repository	2026-02-15T22:20:10.7013937Z ##[endgroup]
end-workflow	Checkout Repository	2026-02-15T22:20:10.7015283Z ##[group]Disabling automatic garbage collection
end-workflow	Checkout Repository	2026-02-15T22:20:10.7017728Z [command]/usr/bin/git config --local gc.auto 0
end-workflow	Checkout Repository	2026-02-15T22:20:10.7062587Z ##[endgroup]
end-workflow	Checkout Repository	2026-02-15T22:20:10.7064174Z ##[group]Setting up auth
end-workflow	Checkout Repository	2026-02-15T22:20:10.7069587Z [command]/usr/bin/git config --local --name-only --get-regexp core\.sshCommand
end-workflow	Checkout Repository	2026-02-15T22:20:10.7116089Z [command]/usr/bin/git submodule foreach --recursive sh -c "git config --local --name-only --get-regexp 'core\.sshCommand' && git config --local --unset-all 'core.sshCommand' || :"
end-workflow	Checkout Repository	2026-02-15T22:20:10.7514814Z [command]/usr/bin/git config --local --name-only --get-regexp http\.https\:\/\/github\.com\/\.extraheader
end-workflow	Checkout Repository	2026-02-15T22:20:10.7561105Z [command]/usr/bin/git submodule foreach --recursive sh -c "git config --local --name-only --get-regexp 'http\.https\:\/\/github\.com\/\.extraheader' && git config --local --unset-all 'http.https://github.com/.extraheader' || :"
end-workflow	Checkout Repository	2026-02-15T22:20:10.7944588Z [command]/usr/bin/git config --local --name-only --get-regexp ^includeIf\.gitdir:
end-workflow	Checkout Repository	2026-02-15T22:20:10.7991701Z [command]/usr/bin/git submodule foreach --recursive git config --local --show-origin --name-only --get-regexp remote.origin.url
end-workflow	Checkout Repository	2026-02-15T22:20:10.8368694Z [command]/usr/bin/git config --local http.https://github.com/.extraheader AUTHORIZATION: basic ***
end-workflow	Checkout Repository	2026-02-15T22:20:10.8433640Z ##[endgroup]
end-workflow	Checkout Repository	2026-02-15T22:20:10.8434810Z ##[group]Fetching the repository
end-workflow	Checkout Repository	2026-02-15T22:20:10.8447676Z [command]/usr/bin/git -c protocol.version=2 fetch --prune --no-recurse-submodules origin +refs/heads/*:refs/remotes/origin/* +refs/tags/*:refs/tags/*
end-workflow	Checkout Repository	2026-02-15T22:20:30.1482284Z From https://github.com/Ka0s-Klaus/ka0s
end-workflow	Checkout Repository	2026-02-15T22:20:30.1483275Z  * [new branch]          F227-despliegue-de-kube-independiente-del-clouder -> origin/F227-despliegue-de-kube-independiente-del-clouder
end-workflow	Checkout Repository	2026-02-15T22:20:30.1484147Z  * [new branch]          F3450-modelo-operativo -> origin/F3450-modelo-operativo
end-workflow	Checkout Repository	2026-02-15T22:20:30.1486869Z  * [new branch]          H1151-desarrollo-de-secciones-ii -> origin/H1151-desarrollo-de-secciones-ii
end-workflow	Checkout Repository	2026-02-15T22:20:30.1487850Z  * [new branch]          H1193-ejemplo-web-documentacion -> origin/H1193-ejemplo-web-documentacion
end-workflow	Checkout Repository	2026-02-15T22:20:30.1488555Z  * [new branch]          H1276-modulo-observabilidad -> origin/H1276-modulo-observabilidad
end-workflow	Checkout Repository	2026-02-15T22:20:30.1489466Z  * [new branch]          H227-despliegue-de-kube-independiente-del-clouder -> origin/H227-despliegue-de-kube-independiente-del-clouder
end-workflow	Checkout Repository	2026-02-15T22:20:30.1492073Z  * [new branch]          H3266-deploy-zabbix    -> origin/H3266-deploy-zabbix
end-workflow	Checkout Repository	2026-02-15T22:20:30.1492699Z  * [new branch]          H3596-deploy-itop      -> origin/H3596-deploy-itop
end-workflow	Checkout Repository	2026-02-15T22:20:30.1493684Z  * [new branch]          RN227-despliegue-de-kube-independiente-del-clouder -> origin/RN227-despliegue-de-kube-independiente-del-clouder
end-workflow	Checkout Repository	2026-02-15T22:20:30.1494501Z  * [new branch]          main                   -> origin/main
end-workflow	Checkout Repository	2026-02-15T22:20:30.1494958Z  * [new tag]             0.0.0                  -> 0.0.0
end-workflow	Checkout Repository	2026-02-15T22:20:30.1495393Z  * [new tag]             0.0.1                  -> 0.0.1
end-workflow	Checkout Repository	2026-02-15T22:20:30.1495828Z  * [new tag]             0.0.10                 -> 0.0.10
end-workflow	Checkout Repository	2026-02-15T22:20:30.1496281Z  * [new tag]             0.0.100                -> 0.0.100
end-workflow	Checkout Repository	2026-02-15T22:20:30.1496937Z  * [new tag]             0.0.101                -> 0.0.101
end-workflow	Checkout Repository	2026-02-15T22:20:30.1497862Z  * [new tag]             0.0.102                -> 0.0.102
end-workflow	Checkout Repository	2026-02-15T22:20:30.1498285Z  * [new tag]             0.0.103                -> 0.0.103
end-workflow	Checkout Repository	2026-02-15T22:20:30.1498682Z  * [new tag]             0.0.104                -> 0.0.104
end-workflow	Checkout Repository	2026-02-15T22:20:30.1499104Z  * [new tag]             0.0.105                -> 0.0.105
end-workflow	Checkout Repository	2026-02-15T22:20:30.1499507Z  * [new tag]             0.0.106                -> 0.0.106
end-workflow	Checkout Repository	2026-02-15T22:20:30.1499908Z  * [new tag]             0.0.107                -> 0.0.107
end-workflow	Checkout Repository	2026-02-15T22:20:30.1500313Z  * [new tag]             0.0.108                -> 0.0.108
end-workflow	Checkout Repository	2026-02-15T22:20:30.1500791Z  * [new tag]             0.0.109                -> 0.0.109
end-workflow	Checkout Repository	2026-02-15T22:20:30.1501235Z  * [new tag]             0.0.11                 -> 0.0.11
end-workflow	Checkout Repository	2026-02-15T22:20:30.1501651Z  * [new tag]             0.0.110                -> 0.0.110
end-workflow	Checkout Repository	2026-02-15T22:20:30.1502084Z  * [new tag]             0.0.111                -> 0.0.111
end-workflow	Checkout Repository	2026-02-15T22:20:30.1502492Z  * [new tag]             0.0.112                -> 0.0.112
end-workflow	Checkout Repository	2026-02-15T22:20:30.1503340Z  * [new tag]             0.0.113                -> 0.0.113
end-workflow	Checkout Repository	2026-02-15T22:20:30.1503817Z  * [new tag]             0.0.114                -> 0.0.114
end-workflow	Checkout Repository	2026-02-15T22:20:30.1504269Z  * [new tag]             0.0.115                -> 0.0.115
end-workflow	Checkout Repository	2026-02-15T22:20:30.1504663Z  * [new tag]             0.0.116                -> 0.0.116
end-workflow	Checkout Repository	2026-02-15T22:20:30.1505049Z  * [new tag]             0.0.117                -> 0.0.117
end-workflow	Checkout Repository	2026-02-15T22:20:30.1505448Z  * [new tag]             0.0.118                -> 0.0.118
end-workflow	Checkout Repository	2026-02-15T22:20:30.1505838Z  * [new tag]             0.0.119                -> 0.0.119
end-workflow	Checkout Repository	2026-02-15T22:20:30.1506229Z  * [new tag]             0.0.12                 -> 0.0.12
end-workflow	Checkout Repository	2026-02-15T22:20:30.1506615Z  * [new tag]             0.0.120                -> 0.0.120
end-workflow	Checkout Repository	2026-02-15T22:20:30.1507012Z  * [new tag]             0.0.121                -> 0.0.121
end-workflow	Checkout Repository	2026-02-15T22:20:30.1507407Z  * [new tag]             0.0.122                -> 0.0.122
end-workflow	Checkout Repository	2026-02-15T22:20:30.1507823Z  * [new tag]             0.0.123                -> 0.0.123
end-workflow	Checkout Repository	2026-02-15T22:20:30.1508231Z  * [new tag]             0.0.124                -> 0.0.124
end-workflow	Checkout Repository	2026-02-15T22:20:30.1508626Z  * [new tag]             0.0.125                -> 0.0.125
end-workflow	Checkout Repository	2026-02-15T22:20:30.1509020Z  * [new tag]             0.0.126                -> 0.0.126
end-workflow	Checkout Repository	2026-02-15T22:20:30.1509410Z  * [new tag]             0.0.127                -> 0.0.127
end-workflow	Checkout Repository	2026-02-15T22:20:30.1509807Z  * [new tag]             0.0.128                -> 0.0.128
end-workflow	Checkout Repository	2026-02-15T22:20:30.1510354Z  * [new tag]             0.0.129                -> 0.0.129
end-workflow	Checkout Repository	2026-02-15T22:20:30.1584308Z  * [new tag]             0.0.13                 -> 0.0.13
end-workflow	Checkout Repository	2026-02-15T22:20:30.1584875Z  * [new tag]             0.0.130                -> 0.0.130
end-workflow	Checkout Repository	2026-02-15T22:20:30.1585498Z  * [new tag]             0.0.131                -> 0.0.131
end-workflow	Checkout Repository	2026-02-15T22:20:30.1585961Z  * [new tag]             0.0.132                -> 0.0.132
end-workflow	Checkout Repository	2026-02-15T22:20:30.1586436Z  * [new tag]             0.0.133                -> 0.0.133
end-workflow	Checkout Repository	2026-02-15T22:20:30.1586932Z  * [new tag]             0.0.134                -> 0.0.134
end-workflow	Checkout Repository	2026-02-15T22:20:30.1587349Z  * [new tag]             0.0.135                -> 0.0.135
end-workflow	Checkout Repository	2026-02-15T22:20:30.1587761Z  * [new tag]             0.0.136                -> 0.0.136
end-workflow	Checkout Repository	2026-02-15T22:20:30.1588177Z  * [new tag]             0.0.137                -> 0.0.137
end-workflow	Checkout Repository	2026-02-15T22:20:30.1588600Z  * [new tag]             0.0.138                -> 0.0.138
end-workflow	Checkout Repository	2026-02-15T22:20:30.1589009Z  * [new tag]             0.0.139                -> 0.0.139
end-workflow	Checkout Repository	2026-02-15T22:20:30.1589439Z  * [new tag]             0.0.14                 -> 0.0.14
end-workflow	Checkout Repository	2026-02-15T22:20:30.1589848Z  * [new tag]             0.0.140                -> 0.0.140
end-workflow	Checkout Repository	2026-02-15T22:20:30.1590261Z  * [new tag]             0.0.141                -> 0.0.141
end-workflow	Checkout Repository	2026-02-15T22:20:30.1590825Z  * [new tag]             0.0.142                -> 0.0.142
end-workflow	Checkout Repository	2026-02-15T22:20:30.1591236Z  * [new tag]             0.0.143                -> 0.0.143
end-workflow	Checkout Repository	2026-02-15T22:20:30.1591643Z  * [new tag]             0.0.144                -> 0.0.144
end-workflow	Checkout Repository	2026-02-15T22:20:30.1592510Z  * [new tag]             0.0.145                -> 0.0.145
end-workflow	Checkout Repository	2026-02-15T22:20:30.1592908Z  * [new tag]             0.0.146                -> 0.0.146
end-workflow	Checkout Repository	2026-02-15T22:20:30.1593334Z  * [new tag]             0.0.147                -> 0.0.147
end-workflow	Checkout Repository	2026-02-15T22:20:30.1593794Z  * [new tag]             0.0.148                -> 0.0.148
end-workflow	Checkout Repository	2026-02-15T22:20:30.1594201Z  * [new tag]             0.0.149                -> 0.0.149
end-workflow	Checkout Repository	2026-02-15T22:20:30.1594598Z  * [new tag]             0.0.15                 -> 0.0.15
end-workflow	Checkout Repository	2026-02-15T22:20:30.1595000Z  * [new tag]             0.0.150                -> 0.0.150
end-workflow	Checkout Repository	2026-02-15T22:20:30.1595404Z  * [new tag]             0.0.151                -> 0.0.151
end-workflow	Checkout Repository	2026-02-15T22:20:30.1595808Z  * [new tag]             0.0.152                -> 0.0.152
end-workflow	Checkout Repository	2026-02-15T22:20:30.1596203Z  * [new tag]             0.0.153                -> 0.0.153
end-workflow	Checkout Repository	2026-02-15T22:20:30.1596605Z  * [new tag]             0.0.154                -> 0.0.154
end-workflow	Checkout Repository	2026-02-15T22:20:30.1597024Z  * [new tag]             0.0.155                -> 0.0.155
end-workflow	Checkout Repository	2026-02-15T22:20:30.1597662Z  * [new tag]             0.0.156                -> 0.0.156
end-workflow	Checkout Repository	2026-02-15T22:20:30.1598065Z  * [new tag]             0.0.157                -> 0.0.157
end-workflow	Checkout Repository	2026-02-15T22:20:30.1598475Z  * [new tag]             0.0.158                -> 0.0.158
end-workflow	Checkout Repository	2026-02-15T22:20:30.1598875Z  * [new tag]             0.0.159                -> 0.0.159
end-workflow	Checkout Repository	2026-02-15T22:20:30.1599275Z  * [new tag]             0.0.16                 -> 0.0.16
end-workflow	Checkout Repository	2026-02-15T22:20:30.1599689Z  * [new tag]             0.0.160                -> 0.0.160
end-workflow	Checkout Repository	2026-02-15T22:20:30.1600093Z  * [new tag]             0.0.161                -> 0.0.161
end-workflow	Checkout Repository	2026-02-15T22:20:30.1600725Z  * [new tag]             0.0.162                -> 0.0.162
end-workflow	Checkout Repository	2026-02-15T22:20:30.1601169Z  * [new tag]             0.0.163                -> 0.0.163
end-workflow	Checkout Repository	2026-02-15T22:20:30.1601740Z  * [new tag]             0.0.164                -> 0.0.164
end-workflow	Checkout Repository	2026-02-15T22:20:30.1602163Z  * [new tag]             0.0.165                -> 0.0.165
end-workflow	Checkout Repository	2026-02-15T22:20:30.1602597Z  * [new tag]             0.0.166                -> 0.0.166
end-workflow	Checkout Repository	2026-02-15T22:20:30.1603120Z  * [new tag]             0.0.167                -> 0.0.167
end-workflow	Checkout Repository	2026-02-15T22:20:30.1603507Z  * [new tag]             0.0.168                -> 0.0.168
end-workflow	Checkout Repository	2026-02-15T22:20:30.1603896Z  * [new tag]             0.0.169                -> 0.0.169
end-workflow	Checkout Repository	2026-02-15T22:20:30.1604287Z  * [new tag]             0.0.17                 -> 0.0.17
end-workflow	Checkout Repository	2026-02-15T22:20:30.1604677Z  * [new tag]             0.0.170                -> 0.0.170
end-workflow	Checkout Repository	2026-02-15T22:20:30.1605069Z  * [new tag]             0.0.171                -> 0.0.171
end-workflow	Checkout Repository	2026-02-15T22:20:30.1605454Z  * [new tag]             0.0.172                -> 0.0.172
end-workflow	Checkout Repository	2026-02-15T22:20:30.1605849Z  * [new tag]             0.0.173                -> 0.0.173
end-workflow	Checkout Repository	2026-02-15T22:20:30.1606236Z  * [new tag]             0.0.174                -> 0.0.174
end-workflow	Checkout Repository	2026-02-15T22:20:30.1606625Z  * [new tag]             0.0.175                -> 0.0.175
end-workflow	Checkout Repository	2026-02-15T22:20:30.1607011Z  * [new tag]             0.0.176                -> 0.0.176
end-workflow	Checkout Repository	2026-02-15T22:20:30.1607423Z  * [new tag]             0.0.177                -> 0.0.177
end-workflow	Checkout Repository	2026-02-15T22:20:30.1607819Z  * [new tag]             0.0.178                -> 0.0.178
end-workflow	Checkout Repository	2026-02-15T22:20:30.1608220Z  * [new tag]             0.0.179                -> 0.0.179
end-workflow	Checkout Repository	2026-02-15T22:20:30.1608617Z  * [new tag]             0.0.18                 -> 0.0.18
end-workflow	Checkout Repository	2026-02-15T22:20:30.1609006Z  * [new tag]             0.0.19                 -> 0.0.19
end-workflow	Checkout Repository	2026-02-15T22:20:30.1609393Z  * [new tag]             0.0.2                  -> 0.0.2
end-workflow	Checkout Repository	2026-02-15T22:20:30.1609785Z  * [new tag]             0.0.20                 -> 0.0.20
end-workflow	Checkout Repository	2026-02-15T22:20:30.1610182Z  * [new tag]             0.0.21                 -> 0.0.21
end-workflow	Checkout Repository	2026-02-15T22:20:30.1611152Z  * [new tag]             0.0.22                 -> 0.0.22
end-workflow	Checkout Repository	2026-02-15T22:20:30.1611670Z  * [new tag]             0.0.23                 -> 0.0.23
end-workflow	Checkout Repository	2026-02-15T22:20:30.1612056Z  * [new tag]             0.0.24                 -> 0.0.24
end-workflow	Checkout Repository	2026-02-15T22:20:30.1612671Z  * [new tag]             0.0.25                 -> 0.0.25
end-workflow	Checkout Repository	2026-02-15T22:20:30.1613073Z  * [new tag]             0.0.26                 -> 0.0.26
end-workflow	Checkout Repository	2026-02-15T22:20:30.1613461Z  * [new tag]             0.0.27                 -> 0.0.27
end-workflow	Checkout Repository	2026-02-15T22:20:30.1613851Z  * [new tag]             0.0.28                 -> 0.0.28
end-workflow	Checkout Repository	2026-02-15T22:20:30.1614242Z  * [new tag]             0.0.29                 -> 0.0.29
end-workflow	Checkout Repository	2026-02-15T22:20:30.1614630Z  * [new tag]             0.0.3                  -> 0.0.3
end-workflow	Checkout Repository	2026-02-15T22:20:30.1615019Z  * [new tag]             0.0.30                 -> 0.0.30
end-workflow	Checkout Repository	2026-02-15T22:20:30.1615410Z  * [new tag]             0.0.31                 -> 0.0.31
end-workflow	Checkout Repository	2026-02-15T22:20:30.1615801Z  * [new tag]             0.0.32                 -> 0.0.32
end-workflow	Checkout Repository	2026-02-15T22:20:30.1616190Z  * [new tag]             0.0.33                 -> 0.0.33
end-workflow	Checkout Repository	2026-02-15T22:20:30.1616582Z  * [new tag]             0.0.34                 -> 0.0.34
end-workflow	Checkout Repository	2026-02-15T22:20:30.1616971Z  * [new tag]             0.0.35                 -> 0.0.35
end-workflow	Checkout Repository	2026-02-15T22:20:30.1617576Z  * [new tag]             0.0.36                 -> 0.0.36
end-workflow	Checkout Repository	2026-02-15T22:20:30.1617963Z  * [new tag]             0.0.37                 -> 0.0.37
end-workflow	Checkout Repository	2026-02-15T22:20:30.1618352Z  * [new tag]             0.0.38                 -> 0.0.38
end-workflow	Checkout Repository	2026-02-15T22:20:30.1618744Z  * [new tag]             0.0.39                 -> 0.0.39
end-workflow	Checkout Repository	2026-02-15T22:20:30.1619137Z  * [new tag]             0.0.4                  -> 0.0.4
end-workflow	Checkout Repository	2026-02-15T22:20:30.1619530Z  * [new tag]             0.0.40                 -> 0.0.40
end-workflow	Checkout Repository	2026-02-15T22:20:30.1619923Z  * [new tag]             0.0.41                 -> 0.0.41
end-workflow	Checkout Repository	2026-02-15T22:20:30.1620314Z  * [new tag]             0.0.42                 -> 0.0.42
end-workflow	Checkout Repository	2026-02-15T22:20:30.1621046Z  * [new tag]             0.0.43                 -> 0.0.43
end-workflow	Checkout Repository	2026-02-15T22:20:30.1621561Z  * [new tag]             0.0.44                 -> 0.0.44
end-workflow	Checkout Repository	2026-02-15T22:20:30.1621952Z  * [new tag]             0.0.45                 -> 0.0.45
end-workflow	Checkout Repository	2026-02-15T22:20:30.1622340Z  * [new tag]             0.0.46                 -> 0.0.46
end-workflow	Checkout Repository	2026-02-15T22:20:30.1622746Z  * [new tag]             0.0.47                 -> 0.0.47
end-workflow	Checkout Repository	2026-02-15T22:20:30.1623136Z  * [new tag]             0.0.48                 -> 0.0.48
end-workflow	Checkout Repository	2026-02-15T22:20:30.1623528Z  * [new tag]             0.0.49                 -> 0.0.49
end-workflow	Checkout Repository	2026-02-15T22:20:30.1623916Z  * [new tag]             0.0.5                  -> 0.0.5
end-workflow	Checkout Repository	2026-02-15T22:20:30.1624302Z  * [new tag]             0.0.50                 -> 0.0.50
end-workflow	Checkout Repository	2026-02-15T22:20:30.1624687Z  * [new tag]             0.0.51                 -> 0.0.51
end-workflow	Checkout Repository	2026-02-15T22:20:30.1625073Z  * [new tag]             0.0.52                 -> 0.0.52
end-workflow	Checkout Repository	2026-02-15T22:20:30.1625452Z  * [new tag]             0.0.53                 -> 0.0.53
end-workflow	Checkout Repository	2026-02-15T22:20:30.1625838Z  * [new tag]             0.0.54                 -> 0.0.54
end-workflow	Checkout Repository	2026-02-15T22:20:30.1626223Z  * [new tag]             0.0.55                 -> 0.0.55
end-workflow	Checkout Repository	2026-02-15T22:20:30.1626603Z  * [new tag]             0.0.56                 -> 0.0.56
end-workflow	Checkout Repository	2026-02-15T22:20:30.1626988Z  * [new tag]             0.0.57                 -> 0.0.57
end-workflow	Checkout Repository	2026-02-15T22:20:30.1627384Z  * [new tag]             0.0.58                 -> 0.0.58
end-workflow	Checkout Repository	2026-02-15T22:20:30.1627766Z  * [new tag]             0.0.59                 -> 0.0.59
end-workflow	Checkout Repository	2026-02-15T22:20:30.1628145Z  * [new tag]             0.0.6                  -> 0.0.6
end-workflow	Checkout Repository	2026-02-15T22:20:30.1628526Z  * [new tag]             0.0.60                 -> 0.0.60
end-workflow	Checkout Repository	2026-02-15T22:20:30.1628914Z  * [new tag]             0.0.61                 -> 0.0.61
end-workflow	Checkout Repository	2026-02-15T22:20:30.1629295Z  * [new tag]             0.0.62                 -> 0.0.62
end-workflow	Checkout Repository	2026-02-15T22:20:30.1629671Z  * [new tag]             0.0.63                 -> 0.0.63
end-workflow	Checkout Repository	2026-02-15T22:20:30.1630057Z  * [new tag]             0.0.64                 -> 0.0.64
end-workflow	Checkout Repository	2026-02-15T22:20:30.1630544Z  * [new tag]             0.0.65                 -> 0.0.65
end-workflow	Checkout Repository	2026-02-15T22:20:30.1631245Z  * [new tag]             0.0.66                 -> 0.0.66
end-workflow	Checkout Repository	2026-02-15T22:20:30.1631639Z  * [new tag]             0.0.67                 -> 0.0.67
end-workflow	Checkout Repository	2026-02-15T22:20:30.1632142Z  * [new tag]             0.0.68                 -> 0.0.68
end-workflow	Checkout Repository	2026-02-15T22:20:30.1632741Z  * [new tag]             0.0.69                 -> 0.0.69
end-workflow	Checkout Repository	2026-02-15T22:20:30.1633120Z  * [new tag]             0.0.7                  -> 0.0.7
end-workflow	Checkout Repository	2026-02-15T22:20:30.1633502Z  * [new tag]             0.0.70                 -> 0.0.70
end-workflow	Checkout Repository	2026-02-15T22:20:30.1633886Z  * [new tag]             0.0.71                 -> 0.0.71
end-workflow	Checkout Repository	2026-02-15T22:20:30.1634267Z  * [new tag]             0.0.72                 -> 0.0.72
end-workflow	Checkout Repository	2026-02-15T22:20:30.1634643Z  * [new tag]             0.0.73                 -> 0.0.73
end-workflow	Checkout Repository	2026-02-15T22:20:30.1635022Z  * [new tag]             0.0.74                 -> 0.0.74
end-workflow	Checkout Repository	2026-02-15T22:20:30.1635403Z  * [new tag]             0.0.75                 -> 0.0.75
end-workflow	Checkout Repository	2026-02-15T22:20:30.1635784Z  * [new tag]             0.0.76                 -> 0.0.76
end-workflow	Checkout Repository	2026-02-15T22:20:30.1636167Z  * [new tag]             0.0.77                 -> 0.0.77
end-workflow	Checkout Repository	2026-02-15T22:20:30.1636698Z  * [new tag]             0.0.78                 -> 0.0.78
end-workflow	Checkout Repository	2026-02-15T22:20:30.1637564Z  * [new tag]             0.0.79                 -> 0.0.79
end-workflow	Checkout Repository	2026-02-15T22:20:30.1638341Z  * [new tag]             0.0.8                  -> 0.0.8
end-workflow	Checkout Repository	2026-02-15T22:20:30.1638869Z  * [new tag]             0.0.80                 -> 0.0.80
end-workflow	Checkout Repository	2026-02-15T22:20:30.1639256Z  * [new tag]             0.0.81                 -> 0.0.81
end-workflow	Checkout Repository	2026-02-15T22:20:30.1639632Z  * [new tag]             0.0.82                 -> 0.0.82
end-workflow	Checkout Repository	2026-02-15T22:20:30.1640015Z  * [new tag]             0.0.83                 -> 0.0.83
end-workflow	Checkout Repository	2026-02-15T22:20:30.1640406Z  * [new tag]             0.0.84                 -> 0.0.84
end-workflow	Checkout Repository	2026-02-15T22:20:30.1641168Z  * [new tag]             0.0.85                 -> 0.0.85
end-workflow	Checkout Repository	2026-02-15T22:20:30.1641559Z  * [new tag]             0.0.86                 -> 0.0.86
end-workflow	Checkout Repository	2026-02-15T22:20:30.1641953Z  * [new tag]             0.0.87                 -> 0.0.87
end-workflow	Checkout Repository	2026-02-15T22:20:30.1642347Z  * [new tag]             0.0.88                 -> 0.0.88
end-workflow	Checkout Repository	2026-02-15T22:20:30.1642881Z  * [new tag]             0.0.89                 -> 0.0.89
end-workflow	Checkout Repository	2026-02-15T22:20:30.1643530Z  * [new tag]             0.0.9                  -> 0.0.9
end-workflow	Checkout Repository	2026-02-15T22:20:30.1643915Z  * [new tag]             0.0.90                 -> 0.0.90
end-workflow	Checkout Repository	2026-02-15T22:20:30.1644298Z  * [new tag]             0.0.91                 -> 0.0.91
end-workflow	Checkout Repository	2026-02-15T22:20:30.1644681Z  * [new tag]             0.0.92                 -> 0.0.92
end-workflow	Checkout Repository	2026-02-15T22:20:30.1645459Z  * [new tag]             0.0.93                 -> 0.0.93
end-workflow	Checkout Repository	2026-02-15T22:20:30.1645858Z  * [new tag]             0.0.94                 -> 0.0.94
end-workflow	Checkout Repository	2026-02-15T22:20:30.1646372Z  * [new tag]             0.0.95                 -> 0.0.95
end-workflow	Checkout Repository	2026-02-15T22:20:30.1646750Z  * [new tag]             0.0.96                 -> 0.0.96
end-workflow	Checkout Repository	2026-02-15T22:20:30.1647136Z  * [new tag]             0.0.97                 -> 0.0.97
end-workflow	Checkout Repository	2026-02-15T22:20:30.1647521Z  * [new tag]             0.0.98                 -> 0.0.98
end-workflow	Checkout Repository	2026-02-15T22:20:30.1648032Z  * [new tag]             0.0.99                 -> 0.0.99
end-workflow	Checkout Repository	2026-02-15T22:20:30.1648817Z  * [new tag]             0.1.0                  -> 0.1.0
end-workflow	Checkout Repository	2026-02-15T22:20:30.1649241Z  * [new tag]             0.1.1                  -> 0.1.1
end-workflow	Checkout Repository	2026-02-15T22:20:30.1649769Z  * [new tag]             0.2.0                  -> 0.2.0
end-workflow	Checkout Repository	2026-02-15T22:20:30.1650181Z  * [new tag]             0.3.0                  -> 0.3.0
end-workflow	Checkout Repository	2026-02-15T22:20:30.1650674Z  * [new tag]             0.3.1                  -> 0.3.1
end-workflow	Checkout Repository	2026-02-15T22:20:30.1651189Z  * [new tag]             0.3.10                 -> 0.3.10
end-workflow	Checkout Repository	2026-02-15T22:20:30.1651592Z  * [new tag]             0.3.11                 -> 0.3.11
end-workflow	Checkout Repository	2026-02-15T22:20:30.1652108Z  * [new tag]             0.3.12                 -> 0.3.12
end-workflow	Checkout Repository	2026-02-15T22:20:30.1652509Z  * [new tag]             0.3.13                 -> 0.3.13
end-workflow	Checkout Repository	2026-02-15T22:20:30.1653040Z  * [new tag]             0.3.14                 -> 0.3.14
end-workflow	Checkout Repository	2026-02-15T22:20:30.1653447Z  * [new tag]             0.3.15                 -> 0.3.15
end-workflow	Checkout Repository	2026-02-15T22:20:30.1653852Z  * [new tag]             0.3.16                 -> 0.3.16
end-workflow	Checkout Repository	2026-02-15T22:20:30.1654257Z  * [new tag]             0.3.17                 -> 0.3.17
end-workflow	Checkout Repository	2026-02-15T22:20:30.1654913Z  * [new tag]             0.3.2                  -> 0.3.2
end-workflow	Checkout Repository	2026-02-15T22:20:30.1655319Z  * [new tag]             0.3.3                  -> 0.3.3
end-workflow	Checkout Repository	2026-02-15T22:20:30.1655720Z  * [new tag]             0.3.4                  -> 0.3.4
end-workflow	Checkout Repository	2026-02-15T22:20:30.1656116Z  * [new tag]             0.3.5                  -> 0.3.5
end-workflow	Checkout Repository	2026-02-15T22:20:30.1656520Z  * [new tag]             0.3.6                  -> 0.3.6
end-workflow	Checkout Repository	2026-02-15T22:20:30.1656921Z  * [new tag]             0.3.7                  -> 0.3.7
end-workflow	Checkout Repository	2026-02-15T22:20:30.1657321Z  * [new tag]             0.3.8                  -> 0.3.8
end-workflow	Checkout Repository	2026-02-15T22:20:30.1657712Z  * [new tag]             0.3.9                  -> 0.3.9
end-workflow	Checkout Repository	2026-02-15T22:20:30.1658115Z  * [new tag]             0.4.0                  -> 0.4.0
end-workflow	Checkout Repository	2026-02-15T22:20:30.1658514Z  * [new tag]             0.4.1                  -> 0.4.1
end-workflow	Checkout Repository	2026-02-15T22:20:30.1658909Z  * [new tag]             0.4.2                  -> 0.4.2
end-workflow	Checkout Repository	2026-02-15T22:20:30.1659318Z  * [new tag]             0.4.3                  -> 0.4.3
end-workflow	Checkout Repository	2026-02-15T22:20:30.1659970Z  * [new tag]             0.4.4                  -> 0.4.4
end-workflow	Checkout Repository	2026-02-15T22:20:30.1660372Z  * [new tag]             0.4.5                  -> 0.4.5
end-workflow	Checkout Repository	2026-02-15T22:20:30.1661051Z  * [new tag]             0.4.6                  -> 0.4.6
end-workflow	Checkout Repository	2026-02-15T22:20:30.1661444Z  * [new tag]             0.4.7                  -> 0.4.7
end-workflow	Checkout Repository	2026-02-15T22:20:30.1661837Z  * [new tag]             0.4.8                  -> 0.4.8
end-workflow	Checkout Repository	2026-02-15T22:20:30.1662221Z  * [new tag]             0.4.9                  -> 0.4.9
end-workflow	Checkout Repository	2026-02-15T22:20:30.1662611Z  * [new tag]             0.5.0                  -> 0.5.0
end-workflow	Checkout Repository	2026-02-15T22:20:30.1663001Z  * [new tag]             0.5.1                  -> 0.5.1
end-workflow	Checkout Repository	2026-02-15T22:20:30.1663390Z  * [new tag]             0.5.2                  -> 0.5.2
end-workflow	Checkout Repository	2026-02-15T22:20:30.1663773Z  * [new tag]             0.6.0                  -> 0.6.0
end-workflow	Checkout Repository	2026-02-15T22:20:30.1664161Z  * [new tag]             0.6.1                  -> 0.6.1
end-workflow	Checkout Repository	2026-02-15T22:20:30.1664551Z  * [new tag]             0.6.2                  -> 0.6.2
end-workflow	Checkout Repository	2026-02-15T22:20:30.1881193Z [command]/usr/bin/git branch --list --remote origin/main
end-workflow	Checkout Repository	2026-02-15T22:20:30.1962884Z   origin/main
end-workflow	Checkout Repository	2026-02-15T22:20:30.1975773Z [command]/usr/bin/git rev-parse refs/remotes/origin/main
end-workflow	Checkout Repository	2026-02-15T22:20:30.2005529Z 2391ddb998f22ef1789520c087eeafc9a392fa0c
end-workflow	Checkout Repository	2026-02-15T22:20:30.2019919Z [command]/usr/bin/git -c protocol.version=2 fetch --no-tags --prune --no-recurse-submodules origin +e553b03ee345e646cafda122ba54a00c3615882c:refs/remotes/origin/main
end-workflow	Checkout Repository	2026-02-15T22:20:30.2205933Z From https://github.com/Ka0s-Klaus/ka0s
end-workflow	Checkout Repository	2026-02-15T22:20:30.2206679Z  + 2391ddb99...e553b03ee e553b03ee345e646cafda122ba54a00c3615882c -> origin/main  (forced update)
end-workflow	Checkout Repository	2026-02-15T22:20:30.2243752Z ##[endgroup]
end-workflow	Checkout Repository	2026-02-15T22:20:30.2244345Z ##[group]Determining the checkout info
end-workflow	Checkout Repository	2026-02-15T22:20:30.2247074Z ##[endgroup]
end-workflow	Checkout Repository	2026-02-15T22:20:30.2249047Z [command]/usr/bin/git sparse-checkout disable
end-workflow	Checkout Repository	2026-02-15T22:20:30.2301339Z [command]/usr/bin/git config --local --unset-all extensions.worktreeConfig
end-workflow	Checkout Repository	2026-02-15T22:20:30.2339776Z ##[group]Checking out the ref
end-workflow	Checkout Repository	2026-02-15T22:20:30.2353493Z [command]/usr/bin/git checkout --progress --force -B main refs/remotes/origin/main
end-workflow	Checkout Repository	2026-02-15T22:20:30.4961730Z Switched to a new branch 'main'
end-workflow	Checkout Repository	2026-02-15T22:20:30.4966394Z branch 'main' set up to track 'origin/main'.
end-workflow	Checkout Repository	2026-02-15T22:20:30.5021956Z ##[endgroup]
end-workflow	Checkout Repository	2026-02-15T22:20:30.5082356Z [command]/usr/bin/git log -1 --format=%H
end-workflow	Checkout Repository	2026-02-15T22:20:30.5120359Z e553b03ee345e646cafda122ba54a00c3615882c
end-workflow	Install GH CLI	Ôªø2026-02-15T22:20:30.5428440Z Prepare all required actions
end-workflow	Install GH CLI	2026-02-15T22:20:30.5491772Z ##[group]Run ./.github/actions/install-gh-cli
end-workflow	Install GH CLI	2026-02-15T22:20:30.5492107Z env:
end-workflow	Install GH CLI	2026-02-15T22:20:30.5492311Z   PYTHON_VERSION: 3.9
end-workflow	Install GH CLI	2026-02-15T22:20:30.5493583Z   MONGO_SUPERUSER_CONNECTION: ***
end-workflow	Install GH CLI	2026-02-15T22:20:30.5493969Z   MONGO_NEW_PASS: ***
end-workflow	Install GH CLI	2026-02-15T22:20:30.5494264Z   MONGO_SCRIPT_CREATE: devops/core/mongo/scripts/add-doc-to-db.py
end-workflow	Install GH CLI	2026-02-15T22:20:30.5494622Z   KAOS_CODE: 22044108942
end-workflow	Install GH CLI	2026-02-15T22:20:30.5495201Z   KAOS_MODULE: [Ka0s] Autom add docs to MongoDB
end-workflow	Install GH CLI	2026-02-15T22:20:30.5495485Z   REPORT_SCAN: audit/
end-workflow	Install GH CLI	2026-02-15T22:20:30.5496079Z   REPORT_PATH: audit/mongodb/
end-workflow	Install GH CLI	2026-02-15T22:20:30.5496356Z   REPORT_FILENAME: mongo_setup_22044108942.json
end-workflow	Install GH CLI	2026-02-15T22:20:30.5496673Z   REPORT_FILENAME_LIST: mongo_list_22044108942.json
end-workflow	Install GH CLI	2026-02-15T22:20:30.5497013Z   REPORT_FILENAME_DB: mongo_create_db_22044108942.json
end-workflow	Install GH CLI	2026-02-15T22:20:30.5497532Z ##[endgroup]
end-workflow	Install GH CLI	2026-02-15T22:20:30.5596614Z ##[group]Run type -p curl >/dev/null || (sudo apt-get update && sudo apt-get install curl -y)
end-workflow	Install GH CLI	2026-02-15T22:20:30.5597338Z [36;1mtype -p curl >/dev/null || (sudo apt-get update && sudo apt-get install curl -y)[0m
end-workflow	Install GH CLI	2026-02-15T22:20:30.5598185Z [36;1mcurl -fsSL https://cli.github.com/packages/githubcli-archive-keyring.gpg | sudo dd of=/usr/share/keyrings/githubcli-archive-keyring.gpg \[0m
end-workflow	Install GH CLI	2026-02-15T22:20:30.5598971Z [36;1m&& sudo chmod go+r /usr/share/keyrings/githubcli-archive-keyring.gpg \[0m
end-workflow	Install GH CLI	2026-02-15T22:20:30.5600026Z [36;1m&& echo "deb [arch=$(dpkg --print-architecture) signed-by=/usr/share/keyrings/githubcli-archive-keyring.gpg] https://cli.github.com/packages stable main" | sudo tee /etc/apt/sources.list.d/github-cli.list > /dev/null \[0m
end-workflow	Install GH CLI	2026-02-15T22:20:30.5601565Z [36;1m&& sudo apt-get update \[0m
end-workflow	Install GH CLI	2026-02-15T22:20:30.5601832Z [36;1m&& sudo apt-get install gh -y[0m
end-workflow	Install GH CLI	2026-02-15T22:20:30.5634413Z shell: /usr/bin/bash --noprofile --norc -e -o pipefail {0}
end-workflow	Install GH CLI	2026-02-15T22:20:30.5634761Z env:
end-workflow	Install GH CLI	2026-02-15T22:20:30.5634948Z   PYTHON_VERSION: 3.9
end-workflow	Install GH CLI	2026-02-15T22:20:30.5635810Z   MONGO_SUPERUSER_CONNECTION: ***
end-workflow	Install GH CLI	2026-02-15T22:20:30.5636177Z   MONGO_NEW_PASS: ***
end-workflow	Install GH CLI	2026-02-15T22:20:30.5636470Z   MONGO_SCRIPT_CREATE: devops/core/mongo/scripts/add-doc-to-db.py
end-workflow	Install GH CLI	2026-02-15T22:20:30.5636814Z   KAOS_CODE: 22044108942
end-workflow	Install GH CLI	2026-02-15T22:20:30.5637054Z   KAOS_MODULE: [Ka0s] Autom add docs to MongoDB
end-workflow	Install GH CLI	2026-02-15T22:20:30.5637335Z   REPORT_SCAN: audit/
end-workflow	Install GH CLI	2026-02-15T22:20:30.5637544Z   REPORT_PATH: audit/mongodb/
end-workflow	Install GH CLI	2026-02-15T22:20:30.5637799Z   REPORT_FILENAME: mongo_setup_22044108942.json
end-workflow	Install GH CLI	2026-02-15T22:20:30.5638126Z   REPORT_FILENAME_LIST: mongo_list_22044108942.json
end-workflow	Install GH CLI	2026-02-15T22:20:30.5638456Z   REPORT_FILENAME_DB: mongo_create_db_22044108942.json
end-workflow	Install GH CLI	2026-02-15T22:20:30.5638746Z ##[endgroup]
end-workflow	Install GH CLI	2026-02-15T22:20:30.7988951Z 4+1 records in
end-workflow	Install GH CLI	2026-02-15T22:20:30.7989840Z 4+1 records out
end-workflow	Install GH CLI	2026-02-15T22:20:30.7990794Z 2270 bytes (2.3 kB, 2.2 KiB) copied, 0.211411 s, 10.7 kB/s
end-workflow	Install GH CLI	2026-02-15T22:20:30.9412571Z Get:1 https://cli.github.com/packages stable InRelease [3917 B]
end-workflow	Install GH CLI	2026-02-15T22:20:30.9701876Z Get:2 http://security.ubuntu.com/ubuntu noble-security InRelease [126 kB]
end-workflow	Install GH CLI	2026-02-15T22:20:31.0332073Z Get:3 https://cli.github.com/packages stable/main amd64 Packages [356 B]
end-workflow	Install GH CLI	2026-02-15T22:20:31.1211260Z Get:4 http://archive.ubuntu.com/ubuntu noble InRelease [256 kB]
end-workflow	Install GH CLI	2026-02-15T22:20:31.1425138Z Get:5 https://ppa.launchpadcontent.net/git-core/ppa/ubuntu noble InRelease [24.3 kB]
end-workflow	Install GH CLI	2026-02-15T22:20:31.1834901Z Get:6 http://security.ubuntu.com/ubuntu noble-security/multiverse amd64 Packages [34.8 kB]
end-workflow	Install GH CLI	2026-02-15T22:20:31.2187559Z Get:7 http://security.ubuntu.com/ubuntu noble-security/universe amd64 Packages [1200 kB]
end-workflow	Install GH CLI	2026-02-15T22:20:31.2678795Z Get:8 https://ppa.launchpadcontent.net/git-core/ppa/ubuntu noble/main amd64 Packages [2992 B]
end-workflow	Install GH CLI	2026-02-15T22:20:31.3222336Z Get:9 http://security.ubuntu.com/ubuntu noble-security/main amd64 Packages [1824 kB]
end-workflow	Install GH CLI	2026-02-15T22:20:31.3606688Z Get:10 http://security.ubuntu.com/ubuntu noble-security/restricted amd64 Packages [3115 kB]
end-workflow	Install GH CLI	2026-02-15T22:20:31.6846293Z Get:11 http://archive.ubuntu.com/ubuntu noble-updates InRelease [126 kB]
end-workflow	Install GH CLI	2026-02-15T22:20:31.8247291Z Get:12 http://archive.ubuntu.com/ubuntu noble-backports InRelease [126 kB]
end-workflow	Install GH CLI	2026-02-15T22:20:31.9637576Z Get:13 http://archive.ubuntu.com/ubuntu noble/universe amd64 Packages [19.3 MB]
end-workflow	Install GH CLI	2026-02-15T22:20:32.8083271Z Get:14 http://archive.ubuntu.com/ubuntu noble/restricted amd64 Packages [117 kB]
end-workflow	Install GH CLI	2026-02-15T22:20:32.8094130Z Get:15 http://archive.ubuntu.com/ubuntu noble/multiverse amd64 Packages [331 kB]
end-workflow	Install GH CLI	2026-02-15T22:20:32.8123088Z Get:16 http://archive.ubuntu.com/ubuntu noble/main amd64 Packages [1808 kB]
end-workflow	Install GH CLI	2026-02-15T22:20:32.8374881Z Get:17 http://archive.ubuntu.com/ubuntu noble-updates/universe amd64 Packages [1979 kB]
end-workflow	Install GH CLI	2026-02-15T22:20:32.9124221Z Get:18 http://archive.ubuntu.com/ubuntu noble-updates/multiverse amd64 Packages [38.1 kB]
end-workflow	Install GH CLI	2026-02-15T22:20:32.9126572Z Get:19 http://archive.ubuntu.com/ubuntu noble-updates/main amd64 Packages [2203 kB]
end-workflow	Install GH CLI	2026-02-15T22:20:32.9663797Z Get:20 http://archive.ubuntu.com/ubuntu noble-updates/restricted amd64 Packages [3295 kB]
end-workflow	Install GH CLI	2026-02-15T22:20:33.0516012Z Get:21 http://archive.ubuntu.com/ubuntu noble-backports/main amd64 Packages [49.5 kB]
end-workflow	Install GH CLI	2026-02-15T22:20:33.0522581Z Get:22 http://archive.ubuntu.com/ubuntu noble-backports/universe amd64 Packages [34.6 kB]
end-workflow	Install GH CLI	2026-02-15T22:20:34.0980331Z Fetched 36.0 MB in 3s (11.2 MB/s)
end-workflow	Install GH CLI	2026-02-15T22:20:35.0678263Z Reading package lists...
end-workflow	Install GH CLI	2026-02-15T22:20:36.0705441Z Reading package lists...
end-workflow	Install GH CLI	2026-02-15T22:20:36.3034231Z Building dependency tree...
end-workflow	Install GH CLI	2026-02-15T22:20:36.3035308Z Reading state information...
end-workflow	Install GH CLI	2026-02-15T22:20:36.6785785Z The following NEW packages will be installed:
end-workflow	Install GH CLI	2026-02-15T22:20:36.6804765Z   gh
end-workflow	Install GH CLI	2026-02-15T22:20:36.7538795Z 0 upgraded, 1 newly installed, 0 to remove and 20 not upgraded.
end-workflow	Install GH CLI	2026-02-15T22:20:36.7539541Z Need to get 13.7 MB of archives.
end-workflow	Install GH CLI	2026-02-15T22:20:36.7539950Z After this operation, 37.9 MB of additional disk space will be used.
end-workflow	Install GH CLI	2026-02-15T22:20:36.7540716Z Get:1 https://cli.github.com/packages stable/main amd64 gh amd64 2.86.0 [13.7 MB]
end-workflow	Install GH CLI	2026-02-15T22:20:37.3403703Z debconf: delaying package configuration, since apt-utils is not installed
end-workflow	Install GH CLI	2026-02-15T22:20:37.3893672Z Fetched 13.7 MB in 0s (41.6 MB/s)
end-workflow	Install GH CLI	2026-02-15T22:20:37.4484640Z Selecting previously unselected package gh.
end-workflow	Install GH CLI	2026-02-15T22:20:37.4643782Z (Reading database ... 
end-workflow	Install GH CLI	2026-02-15T22:20:37.4644950Z (Reading database ... 5%
end-workflow	Install GH CLI	2026-02-15T22:20:37.4645959Z (Reading database ... 10%
end-workflow	Install GH CLI	2026-02-15T22:20:37.4646979Z (Reading database ... 15%
end-workflow	Install GH CLI	2026-02-15T22:20:37.4648024Z (Reading database ... 20%
end-workflow	Install GH CLI	2026-02-15T22:20:37.4648992Z (Reading database ... 25%
end-workflow	Install GH CLI	2026-02-15T22:20:37.4652749Z (Reading database ... 30%
end-workflow	Install GH CLI	2026-02-15T22:20:37.4653428Z (Reading database ... 35%
end-workflow	Install GH CLI	2026-02-15T22:20:37.4654115Z (Reading database ... 40%
end-workflow	Install GH CLI	2026-02-15T22:20:37.4654762Z (Reading database ... 45%
end-workflow	Install GH CLI	2026-02-15T22:20:37.4655422Z (Reading database ... 50%
end-workflow	Install GH CLI	2026-02-15T22:20:37.4656077Z (Reading database ... 55%
end-workflow	Install GH CLI	2026-02-15T22:20:37.4656725Z (Reading database ... 60%
end-workflow	Install GH CLI	2026-02-15T22:20:37.4669032Z (Reading database ... 65%
end-workflow	Install GH CLI	2026-02-15T22:20:37.4721209Z (Reading database ... 70%
end-workflow	Install GH CLI	2026-02-15T22:20:37.4732829Z (Reading database ... 75%
end-workflow	Install GH CLI	2026-02-15T22:20:37.4759160Z (Reading database ... 80%
end-workflow	Install GH CLI	2026-02-15T22:20:37.4768126Z (Reading database ... 85%
end-workflow	Install GH CLI	2026-02-15T22:20:37.4785656Z (Reading database ... 90%
end-workflow	Install GH CLI	2026-02-15T22:20:37.4816358Z (Reading database ... 95%
end-workflow	Install GH CLI	2026-02-15T22:20:37.4816969Z (Reading database ... 100%
end-workflow	Install GH CLI	2026-02-15T22:20:37.4817592Z (Reading database ... 14385 files and directories currently installed.)
end-workflow	Install GH CLI	2026-02-15T22:20:37.4825505Z Preparing to unpack .../archives/gh_2.86.0_amd64.deb ...
end-workflow	Install GH CLI	2026-02-15T22:20:37.4856560Z Unpacking gh (2.86.0) ...
end-workflow	Install GH CLI	2026-02-15T22:20:37.7288444Z Setting up gh (2.86.0) ...
end-workflow	Trigger Inspector	Ôªø2026-02-15T22:20:37.7796886Z ##[group]Run echo "üîç Triggering Inspector for Audit..."
end-workflow	Trigger Inspector	2026-02-15T22:20:37.7797373Z [36;1mecho "üîç Triggering Inspector for Audit..."[0m
end-workflow	Trigger Inspector	2026-02-15T22:20:37.7797716Z [36;1mgh workflow run inspector.yml \[0m
end-workflow	Trigger Inspector	2026-02-15T22:20:37.7798001Z [36;1m  --ref main \[0m
end-workflow	Trigger Inspector	2026-02-15T22:20:37.7798265Z [36;1m  -f kaos-workflow-id="22044108942" \[0m
end-workflow	Trigger Inspector	2026-02-15T22:20:37.7798597Z [36;1m  -f kaos-user-start="github-actions"[0m
end-workflow	Trigger Inspector	2026-02-15T22:20:37.7811864Z shell: /usr/bin/bash -e {0}
end-workflow	Trigger Inspector	2026-02-15T22:20:37.7812133Z env:
end-workflow	Trigger Inspector	2026-02-15T22:20:37.7812323Z   PYTHON_VERSION: 3.9
end-workflow	Trigger Inspector	2026-02-15T22:20:37.7813154Z   MONGO_SUPERUSER_CONNECTION: ***
end-workflow	Trigger Inspector	2026-02-15T22:20:37.7813541Z   MONGO_NEW_PASS: ***
end-workflow	Trigger Inspector	2026-02-15T22:20:37.7813856Z   MONGO_SCRIPT_CREATE: devops/core/mongo/scripts/add-doc-to-db.py
end-workflow	Trigger Inspector	2026-02-15T22:20:37.7814217Z   KAOS_CODE: 22044108942
end-workflow	Trigger Inspector	2026-02-15T22:20:37.7814875Z   KAOS_MODULE: [Ka0s] Autom add docs to MongoDB
end-workflow	Trigger Inspector	2026-02-15T22:20:37.7815166Z   REPORT_SCAN: audit/
end-workflow	Trigger Inspector	2026-02-15T22:20:37.7815385Z   REPORT_PATH: audit/mongodb/
end-workflow	Trigger Inspector	2026-02-15T22:20:37.7815700Z   REPORT_FILENAME: mongo_setup_22044108942.json
end-workflow	Trigger Inspector	2026-02-15T22:20:37.7816023Z   REPORT_FILENAME_LIST: mongo_list_22044108942.json
end-workflow	Trigger Inspector	2026-02-15T22:20:37.7816365Z   REPORT_FILENAME_DB: mongo_create_db_22044108942.json
end-workflow	Trigger Inspector	2026-02-15T22:20:37.7816760Z   GH_TOKEN: ***
end-workflow	Trigger Inspector	2026-02-15T22:20:37.7816947Z ##[endgroup]
end-workflow	Trigger Inspector	2026-02-15T22:20:37.7863576Z üîç Triggering Inspector for Audit...
end-workflow	Post Checkout Repository	Ôªø2026-02-15T22:20:39.5338466Z Post job cleanup.
end-workflow	Post Checkout Repository	2026-02-15T22:20:39.6457183Z [command]/usr/bin/git version
end-workflow	Post Checkout Repository	2026-02-15T22:20:39.6504948Z git version 2.52.0
end-workflow	Post Checkout Repository	2026-02-15T22:20:39.6553908Z Temporarily overriding HOME='/home/runner/_work/_temp/2d2266d1-61d0-48e4-8e42-722ce81dca38' before making global git config changes
end-workflow	Post Checkout Repository	2026-02-15T22:20:39.6554814Z Adding repository directory to the temporary git global config as a safe directory
end-workflow	Post Checkout Repository	2026-02-15T22:20:39.6562471Z [command]/usr/bin/git config --global --add safe.directory /home/runner/_work/ka0s/ka0s
end-workflow	Post Checkout Repository	2026-02-15T22:20:39.6615532Z [command]/usr/bin/git config --local --name-only --get-regexp core\.sshCommand
end-workflow	Post Checkout Repository	2026-02-15T22:20:39.6671561Z [command]/usr/bin/git submodule foreach --recursive sh -c "git config --local --name-only --get-regexp 'core\.sshCommand' && git config --local --unset-all 'core.sshCommand' || :"
end-workflow	Post Checkout Repository	2026-02-15T22:20:39.7007102Z [command]/usr/bin/git config --local --name-only --get-regexp http\.https\:\/\/github\.com\/\.extraheader
end-workflow	Post Checkout Repository	2026-02-15T22:20:39.7037629Z http.https://github.com/.extraheader
end-workflow	Post Checkout Repository	2026-02-15T22:20:39.7050948Z [command]/usr/bin/git config --local --unset-all http.https://github.com/.extraheader
end-workflow	Post Checkout Repository	2026-02-15T22:20:39.7094537Z [command]/usr/bin/git submodule foreach --recursive sh -c "git config --local --name-only --get-regexp 'http\.https\:\/\/github\.com\/\.extraheader' && git config --local --unset-all 'http.https://github.com/.extraheader' || :"
end-workflow	Post Checkout Repository	2026-02-15T22:20:39.7424920Z [command]/usr/bin/git config --local --name-only --get-regexp ^includeIf\.gitdir:
end-workflow	Post Checkout Repository	2026-02-15T22:20:39.7467419Z [command]/usr/bin/git submodule foreach --recursive git config --local --show-origin --name-only --get-regexp remote.origin.url
end-workflow	Complete job	Ôªø2026-02-15T22:20:39.7925023Z Cleaning up orphan processes
