audit-pods	Set up job	ï»¿2026-02-15T19:02:33.0871752Z Current runner version: '2.331.0'
audit-pods	Set up job	2026-02-15T19:02:33.0880966Z Runner name: 'swarm-runners-scaleset-hkss5-runner-bbxfv'
audit-pods	Set up job	2026-02-15T19:02:33.0882201Z Runner group name: 'Default'
audit-pods	Set up job	2026-02-15T19:02:33.0883588Z Machine name: 'swarm-runners-scaleset-hkss5-runner-bbxfv'
audit-pods	Set up job	2026-02-15T19:02:33.0888272Z ##[group]GITHUB_TOKEN Permissions
audit-pods	Set up job	2026-02-15T19:02:33.0891910Z Actions: write
audit-pods	Set up job	2026-02-15T19:02:33.0892639Z Contents: write
audit-pods	Set up job	2026-02-15T19:02:33.0893495Z Issues: write
audit-pods	Set up job	2026-02-15T19:02:33.0894171Z Metadata: read
audit-pods	Set up job	2026-02-15T19:02:33.0894966Z ##[endgroup]
audit-pods	Set up job	2026-02-15T19:02:33.0897356Z Secret source: Actions
audit-pods	Set up job	2026-02-15T19:02:33.0898246Z Prepare workflow directory
audit-pods	Set up job	2026-02-15T19:02:33.1502041Z Prepare all required actions
audit-pods	Set up job	2026-02-15T19:02:33.1544216Z Getting action download info
audit-pods	Set up job	2026-02-15T19:02:33.7475667Z Download action repository 'actions/checkout@v4' (SHA:34e114876b0b11c390a56381ad16ebd13914f8d5)
audit-pods	Set up job	2026-02-15T19:02:34.7915010Z Complete job name: audit-pods
audit-pods	Checkout repository	ï»¿2026-02-15T19:02:34.8583842Z ##[group]Run actions/checkout@v4
audit-pods	Checkout repository	2026-02-15T19:02:34.8584887Z with:
audit-pods	Checkout repository	2026-02-15T19:02:34.8585408Z   repository: Ka0s-Klaus/ka0s
audit-pods	Checkout repository	2026-02-15T19:02:34.8586254Z   token: ***
audit-pods	Checkout repository	2026-02-15T19:02:34.8586751Z   ssh-strict: true
audit-pods	Checkout repository	2026-02-15T19:02:34.8587262Z   ssh-user: git
audit-pods	Checkout repository	2026-02-15T19:02:34.8587777Z   persist-credentials: true
audit-pods	Checkout repository	2026-02-15T19:02:34.8588337Z   clean: true
audit-pods	Checkout repository	2026-02-15T19:02:34.8588858Z   sparse-checkout-cone-mode: true
audit-pods	Checkout repository	2026-02-15T19:02:34.8589459Z   fetch-depth: 1
audit-pods	Checkout repository	2026-02-15T19:02:34.8589962Z   fetch-tags: false
audit-pods	Checkout repository	2026-02-15T19:02:34.8590839Z   show-progress: true
audit-pods	Checkout repository	2026-02-15T19:02:34.8591522Z   lfs: false
audit-pods	Checkout repository	2026-02-15T19:02:34.8592002Z   submodules: false
audit-pods	Checkout repository	2026-02-15T19:02:34.8592533Z   set-safe-directory: true
audit-pods	Checkout repository	2026-02-15T19:02:34.8593658Z env:
audit-pods	Checkout repository	2026-02-15T19:02:34.8594172Z   KAOS_MODULE: [Ka0S] Audit Pods
audit-pods	Checkout repository	2026-02-15T19:02:34.8594770Z   KAOS_CODE: 22041302477
audit-pods	Checkout repository	2026-02-15T19:02:34.8595297Z ##[endgroup]
audit-pods	Checkout repository	2026-02-15T19:02:34.9842246Z Syncing repository: Ka0s-Klaus/ka0s
audit-pods	Checkout repository	2026-02-15T19:02:34.9844536Z ##[group]Getting Git version info
audit-pods	Checkout repository	2026-02-15T19:02:34.9845378Z Working directory is '/home/runner/_work/ka0s/ka0s'
audit-pods	Checkout repository	2026-02-15T19:02:34.9846580Z [command]/usr/bin/git version
audit-pods	Checkout repository	2026-02-15T19:02:34.9848154Z git version 2.52.0
audit-pods	Checkout repository	2026-02-15T19:02:34.9878402Z ##[endgroup]
audit-pods	Checkout repository	2026-02-15T19:02:34.9898955Z Temporarily overriding HOME='/home/runner/_work/_temp/f780572c-0381-471b-9d33-b4c4f1b8355a' before making global git config changes
audit-pods	Checkout repository	2026-02-15T19:02:34.9902745Z Adding repository directory to the temporary git global config as a safe directory
audit-pods	Checkout repository	2026-02-15T19:02:34.9906918Z [command]/usr/bin/git config --global --add safe.directory /home/runner/_work/ka0s/ka0s
audit-pods	Checkout repository	2026-02-15T19:02:34.9958447Z Deleting the contents of '/home/runner/_work/ka0s/ka0s'
audit-pods	Checkout repository	2026-02-15T19:02:34.9963694Z ##[group]Initializing the repository
audit-pods	Checkout repository	2026-02-15T19:02:34.9968879Z [command]/usr/bin/git init /home/runner/_work/ka0s/ka0s
audit-pods	Checkout repository	2026-02-15T19:02:35.0042836Z hint: Using 'master' as the name for the initial branch. This default branch name
audit-pods	Checkout repository	2026-02-15T19:02:35.0046122Z hint: will change to "main" in Git 3.0. To configure the initial branch name
audit-pods	Checkout repository	2026-02-15T19:02:35.0047489Z hint: to use in all of your new repositories, which will suppress this warning,
audit-pods	Checkout repository	2026-02-15T19:02:35.0048435Z hint: call:
audit-pods	Checkout repository	2026-02-15T19:02:35.0048983Z hint:
audit-pods	Checkout repository	2026-02-15T19:02:35.0049665Z hint: 	git config --global init.defaultBranch <name>
audit-pods	Checkout repository	2026-02-15T19:02:35.0050403Z hint:
audit-pods	Checkout repository	2026-02-15T19:02:35.0051533Z hint: Names commonly chosen instead of 'master' are 'main', 'trunk' and
audit-pods	Checkout repository	2026-02-15T19:02:35.0052629Z hint: 'development'. The just-created branch can be renamed via this command:
audit-pods	Checkout repository	2026-02-15T19:02:35.0053495Z hint:
audit-pods	Checkout repository	2026-02-15T19:02:35.0054001Z hint: 	git branch -m <name>
audit-pods	Checkout repository	2026-02-15T19:02:35.0054563Z hint:
audit-pods	Checkout repository	2026-02-15T19:02:35.0055303Z hint: Disable this message with "git config set advice.defaultBranchName false"
audit-pods	Checkout repository	2026-02-15T19:02:35.0056605Z Initialized empty Git repository in /home/runner/_work/ka0s/ka0s/.git/
audit-pods	Checkout repository	2026-02-15T19:02:35.0062446Z [command]/usr/bin/git remote add origin https://github.com/Ka0s-Klaus/ka0s
audit-pods	Checkout repository	2026-02-15T19:02:35.0107744Z ##[endgroup]
audit-pods	Checkout repository	2026-02-15T19:02:35.0109792Z ##[group]Disabling automatic garbage collection
audit-pods	Checkout repository	2026-02-15T19:02:35.0111615Z [command]/usr/bin/git config --local gc.auto 0
audit-pods	Checkout repository	2026-02-15T19:02:35.0158150Z ##[endgroup]
audit-pods	Checkout repository	2026-02-15T19:02:35.0159249Z ##[group]Setting up auth
audit-pods	Checkout repository	2026-02-15T19:02:35.0164856Z [command]/usr/bin/git config --local --name-only --get-regexp core\.sshCommand
audit-pods	Checkout repository	2026-02-15T19:02:35.0208738Z [command]/usr/bin/git submodule foreach --recursive sh -c "git config --local --name-only --get-regexp 'core\.sshCommand' && git config --local --unset-all 'core.sshCommand' || :"
audit-pods	Checkout repository	2026-02-15T19:02:35.0618895Z [command]/usr/bin/git config --local --name-only --get-regexp http\.https\:\/\/github\.com\/\.extraheader
audit-pods	Checkout repository	2026-02-15T19:02:35.0628507Z [command]/usr/bin/git submodule foreach --recursive sh -c "git config --local --name-only --get-regexp 'http\.https\:\/\/github\.com\/\.extraheader' && git config --local --unset-all 'http.https://github.com/.extraheader' || :"
audit-pods	Checkout repository	2026-02-15T19:02:35.0925247Z [command]/usr/bin/git config --local --name-only --get-regexp ^includeIf\.gitdir:
audit-pods	Checkout repository	2026-02-15T19:02:35.0967170Z [command]/usr/bin/git submodule foreach --recursive git config --local --show-origin --name-only --get-regexp remote.origin.url
audit-pods	Checkout repository	2026-02-15T19:02:35.1297277Z [command]/usr/bin/git config --local http.https://github.com/.extraheader AUTHORIZATION: basic ***
audit-pods	Checkout repository	2026-02-15T19:02:35.1359025Z ##[endgroup]
audit-pods	Checkout repository	2026-02-15T19:02:35.1360052Z ##[group]Fetching the repository
audit-pods	Checkout repository	2026-02-15T19:02:35.1367280Z [command]/usr/bin/git -c protocol.version=2 fetch --no-tags --prune --no-recurse-submodules --depth=1 origin +98011105ce87b087fc8433df9aca3940dcb9b27b:refs/remotes/origin/main
audit-pods	Checkout repository	2026-02-15T19:02:37.4347680Z From https://github.com/Ka0s-Klaus/ka0s
audit-pods	Checkout repository	2026-02-15T19:02:37.4353835Z  * [new ref]         98011105ce87b087fc8433df9aca3940dcb9b27b -> origin/main
audit-pods	Checkout repository	2026-02-15T19:02:37.4522543Z ##[endgroup]
audit-pods	Checkout repository	2026-02-15T19:02:37.4525644Z ##[group]Determining the checkout info
audit-pods	Checkout repository	2026-02-15T19:02:37.4529983Z ##[endgroup]
audit-pods	Checkout repository	2026-02-15T19:02:37.4547969Z [command]/usr/bin/git sparse-checkout disable
audit-pods	Checkout repository	2026-02-15T19:02:37.4753628Z [command]/usr/bin/git config --local --unset-all extensions.worktreeConfig
audit-pods	Checkout repository	2026-02-15T19:02:37.4882579Z ##[group]Checking out the ref
audit-pods	Checkout repository	2026-02-15T19:02:37.4892617Z [command]/usr/bin/git checkout --progress --force -B main refs/remotes/origin/main
audit-pods	Checkout repository	2026-02-15T19:02:37.7535039Z Switched to a new branch 'main'
audit-pods	Checkout repository	2026-02-15T19:02:37.7540400Z branch 'main' set up to track 'origin/main'.
audit-pods	Checkout repository	2026-02-15T19:02:37.7575891Z ##[endgroup]
audit-pods	Checkout repository	2026-02-15T19:02:37.7624739Z [command]/usr/bin/git log -1 --format=%H
audit-pods	Checkout repository	2026-02-15T19:02:37.7658957Z 98011105ce87b087fc8433df9aca3940dcb9b27b
audit-pods	Execute Audit Script	ï»¿2026-02-15T19:02:37.8049604Z Prepare all required actions
audit-pods	Execute Audit Script	2026-02-15T19:02:37.8201471Z ##[group]Run ./.github/actions/ssh-exec
audit-pods	Execute Audit Script	2026-02-15T19:02:37.8201928Z with:
audit-pods	Execute Audit Script	2026-02-15T19:02:37.8202441Z   host: ***
audit-pods	Execute Audit Script	2026-02-15T19:02:37.8202762Z   username: ***
audit-pods	Execute Audit Script	2026-02-15T19:02:37.8205041Z   key: ***
audit-pods	Execute Audit Script	2026-02-15T19:02:37.8205345Z   port: ***
audit-pods	Execute Audit Script	2026-02-15T19:02:37.8205624Z   use-sudo: true
audit-pods	Execute Audit Script	2026-02-15T19:02:37.8205946Z   pass: ***
audit-pods	Execute Audit Script	2026-02-15T19:02:37.8206313Z   script-path: devops/core/k8s/audit-failed-pods.sh
audit-pods	Execute Audit Script	2026-02-15T19:02:37.8206754Z   remote-results-path: /tmp/results
audit-pods	Execute Audit Script	2026-02-15T19:02:37.8207130Z   local-results-path: audit/kube/
audit-pods	Execute Audit Script	2026-02-15T19:02:37.8207495Z   remote-tmp-dir: /tmp
audit-pods	Execute Audit Script	2026-02-15T19:02:37.8207795Z env:
audit-pods	Execute Audit Script	2026-02-15T19:02:37.8208090Z   KAOS_MODULE: [Ka0S] Audit Pods
audit-pods	Execute Audit Script	2026-02-15T19:02:37.8208452Z   KAOS_CODE: 22041302477
audit-pods	Execute Audit Script	2026-02-15T19:02:37.8208789Z ##[endgroup]
audit-pods	Execute Audit Script	2026-02-15T19:02:37.8331984Z ##[group]Run echo "***
audit-pods	Execute Audit Script	2026-02-15T19:02:37.8332573Z [36;1mecho "***[0m
audit-pods	Execute Audit Script	2026-02-15T19:02:37.8333144Z [36;1m***[0m
audit-pods	Execute Audit Script	2026-02-15T19:02:37.8333942Z [36;1m***[0m
audit-pods	Execute Audit Script	2026-02-15T19:02:37.8334544Z [36;1m***[0m
audit-pods	Execute Audit Script	2026-02-15T19:02:37.8335017Z [36;1m***[0m
audit-pods	Execute Audit Script	2026-02-15T19:02:37.8335505Z [36;1m***[0m
audit-pods	Execute Audit Script	2026-02-15T19:02:37.8335939Z [36;1m***" > /home/runner/_work/_temp/ssh_key[0m
audit-pods	Execute Audit Script	2026-02-15T19:02:37.8336517Z [36;1mchmod 600 /home/runner/_work/_temp/ssh_key[0m
audit-pods	Execute Audit Script	2026-02-15T19:02:37.8355250Z shell: /usr/bin/bash --noprofile --norc -e -o pipefail {0}
audit-pods	Execute Audit Script	2026-02-15T19:02:37.8356066Z env:
audit-pods	Execute Audit Script	2026-02-15T19:02:37.8356372Z   KAOS_MODULE: [Ka0S] Audit Pods
audit-pods	Execute Audit Script	2026-02-15T19:02:37.8356724Z   KAOS_CODE: 22041302477
audit-pods	Execute Audit Script	2026-02-15T19:02:37.8357037Z ##[endgroup]
audit-pods	Execute Audit Script	2026-02-15T19:02:37.8522525Z ##[group]Run scp -o StrictHostKeyChecking=no -i /home/runner/_work/_temp/ssh_key -P *** devops/core/k8s/audit-failed-pods.sh ***@***:/tmp
audit-pods	Execute Audit Script	2026-02-15T19:02:37.8523874Z [36;1mscp -o StrictHostKeyChecking=no -i /home/runner/_work/_temp/ssh_key -P *** devops/core/k8s/audit-failed-pods.sh ***@***:/tmp[0m
audit-pods	Execute Audit Script	2026-02-15T19:02:37.8536990Z shell: /usr/bin/bash --noprofile --norc -e -o pipefail {0}
audit-pods	Execute Audit Script	2026-02-15T19:02:37.8537688Z env:
audit-pods	Execute Audit Script	2026-02-15T19:02:37.8538017Z   KAOS_MODULE: [Ka0S] Audit Pods
audit-pods	Execute Audit Script	2026-02-15T19:02:37.8538375Z   KAOS_CODE: 22041302477
audit-pods	Execute Audit Script	2026-02-15T19:02:37.8538698Z ##[endgroup]
audit-pods	Execute Audit Script	2026-02-15T19:02:38.0627996Z Warning: Permanently added '[***]:***' (ED25519) to the list of known hosts.
audit-pods	Execute Audit Script	2026-02-15T19:02:39.2460013Z ##[group]Run REMOTE_SCRIPT_PATH="/tmp/$(basename devops/core/k8s/audit-failed-pods.sh)"
audit-pods	Execute Audit Script	2026-02-15T19:02:39.2461619Z [36;1mREMOTE_SCRIPT_PATH="/tmp/$(basename devops/core/k8s/audit-failed-pods.sh)"[0m
audit-pods	Execute Audit Script	2026-02-15T19:02:39.2462740Z [36;1mEXEC_COMMAND="chmod +x $REMOTE_SCRIPT_PATH && $REMOTE_SCRIPT_PATH "[0m
audit-pods	Execute Audit Script	2026-02-15T19:02:39.2463574Z [36;1mif [[ "true" == "true" ]]; then[0m
audit-pods	Execute Audit Script	2026-02-15T19:02:39.2464404Z [36;1m  SUDO_PREFIX="echo '***' | sudo -S"[0m
audit-pods	Execute Audit Script	2026-02-15T19:02:39.2465176Z [36;1m  COMMAND_CHAIN="$SUDO_PREFIX bash -c '$EXEC_COMMAND'"[0m
audit-pods	Execute Audit Script	2026-02-15T19:02:39.2465943Z [36;1m  if [[ "/tmp/results" != "" ]]; then[0m
audit-pods	Execute Audit Script	2026-02-15T19:02:39.2466805Z [36;1m    COMMAND_CHAIN="$COMMAND_CHAIN && $SUDO_PREFIX chmod -R 777 /tmp/results"[0m
audit-pods	Execute Audit Script	2026-02-15T19:02:39.2467659Z [36;1m  fi[0m
audit-pods	Execute Audit Script	2026-02-15T19:02:39.2468883Z [36;1m  ssh -o StrictHostKeyChecking=no -i /home/runner/_work/_temp/ssh_key -p *** ***@*** "$COMMAND_CHAIN && rm $REMOTE_SCRIPT_PATH"[0m
audit-pods	Execute Audit Script	2026-02-15T19:02:39.2470042Z [36;1melse[0m
audit-pods	Execute Audit Script	2026-02-15T19:02:39.2471370Z [36;1m  ssh -o StrictHostKeyChecking=no -i /home/runner/_work/_temp/ssh_key -p *** ***@*** "$EXEC_COMMAND && rm $REMOTE_SCRIPT_PATH"[0m
audit-pods	Execute Audit Script	2026-02-15T19:02:39.2472528Z [36;1mfi[0m
audit-pods	Execute Audit Script	2026-02-15T19:02:39.2490978Z shell: /usr/bin/bash --noprofile --norc -e -o pipefail {0}
audit-pods	Execute Audit Script	2026-02-15T19:02:39.2491588Z env:
audit-pods	Execute Audit Script	2026-02-15T19:02:39.2492000Z   KAOS_MODULE: [Ka0S] Audit Pods
audit-pods	Execute Audit Script	2026-02-15T19:02:39.2492449Z   KAOS_CODE: 22041302477
audit-pods	Execute Audit Script	2026-02-15T19:02:39.2506412Z ##[endgroup]
audit-pods	Execute Audit Script	2026-02-15T19:02:39.9323618Z [INFO] Iniciando auditorÃ­a de pods fallidos...
audit-pods	Execute Audit Script	2026-02-15T19:02:39.9325709Z [INFO] Directorio de salida: /tmp/results
audit-pods	Execute Audit Script	2026-02-15T19:02:40.2181562Z [SUCCESS] AuditorÃ­a finalizada. Se encontraron 2 pods con problemas.
audit-pods	Execute Audit Script	2026-02-15T19:02:40.2186353Z [INFO] Resultado guardado en: /tmp/results/failed_pods.json
audit-pods	Execute Audit Script	2026-02-15T19:02:40.2423175Z [sudo] password for ***: 
audit-pods	Execute Audit Script	2026-02-15T19:02:40.2496422Z ##[group]Run mkdir -p audit/kube/
audit-pods	Execute Audit Script	2026-02-15T19:02:40.2496809Z [36;1mmkdir -p audit/kube/[0m
audit-pods	Execute Audit Script	2026-02-15T19:02:40.2497560Z [36;1mscp -o StrictHostKeyChecking=no -r -i /home/runner/_work/_temp/ssh_key -P *** ***@***:/tmp/results/* audit/kube/[0m
audit-pods	Execute Audit Script	2026-02-15T19:02:40.2498259Z [36;1mecho "path=audit/kube/" >> $GITHUB_OUTPUT[0m
audit-pods	Execute Audit Script	2026-02-15T19:02:40.2510085Z shell: /usr/bin/bash --noprofile --norc -e -o pipefail {0}
audit-pods	Execute Audit Script	2026-02-15T19:02:40.2510676Z env:
audit-pods	Execute Audit Script	2026-02-15T19:02:40.2510944Z   KAOS_MODULE: [Ka0S] Audit Pods
audit-pods	Execute Audit Script	2026-02-15T19:02:40.2511299Z   KAOS_CODE: 22041302477
audit-pods	Execute Audit Script	2026-02-15T19:02:40.2511564Z ##[endgroup]
audit-pods	Commit Results	ï»¿2026-02-15T19:02:41.3063558Z ##[group]Run git config --global user.name "Ka0s Bot"
audit-pods	Commit Results	2026-02-15T19:02:41.3064666Z [36;1mgit config --global user.name "Ka0s Bot"[0m
audit-pods	Commit Results	2026-02-15T19:02:41.3065576Z [36;1mgit config --global user.email "bot@ka0s.io"[0m
audit-pods	Commit Results	2026-02-15T19:02:41.3066452Z [36;1mgit add audit/kube/failed_pods.json[0m
audit-pods	Commit Results	2026-02-15T19:02:41.3067258Z [36;1mif ! git diff --staged --quiet; then[0m
audit-pods	Commit Results	2026-02-15T19:02:41.3068344Z [36;1m  git commit -m "[Audit] Update failed pods report $(date +'%Y-%m-%d %H:%M')"[0m
audit-pods	Commit Results	2026-02-15T19:02:41.3069401Z [36;1m  git push[0m
audit-pods	Commit Results	2026-02-15T19:02:41.3069946Z [36;1melse[0m
audit-pods	Commit Results	2026-02-15T19:02:41.3071341Z [36;1m  echo "No changes in failed pods report."[0m
audit-pods	Commit Results	2026-02-15T19:02:41.3072115Z [36;1mfi[0m
audit-pods	Commit Results	2026-02-15T19:02:41.3094732Z shell: /usr/bin/bash -e {0}
audit-pods	Commit Results	2026-02-15T19:02:41.3095263Z env:
audit-pods	Commit Results	2026-02-15T19:02:41.3095683Z   KAOS_MODULE: [Ka0S] Audit Pods
audit-pods	Commit Results	2026-02-15T19:02:41.3096217Z   KAOS_CODE: 22041302477
audit-pods	Commit Results	2026-02-15T19:02:41.3096677Z ##[endgroup]
audit-pods	Commit Results	2026-02-15T19:02:41.5402033Z No changes in failed pods report.
audit-pods	Process Tickets in iTop	ï»¿2026-02-15T19:02:41.5473083Z ##[group]Run python3 devops/core/k8s/process-failed-pods.py
audit-pods	Process Tickets in iTop	2026-02-15T19:02:41.5473635Z [36;1mpython3 devops/core/k8s/process-failed-pods.py[0m
audit-pods	Process Tickets in iTop	2026-02-15T19:02:41.5487613Z shell: /usr/bin/bash -e {0}
audit-pods	Process Tickets in iTop	2026-02-15T19:02:41.5487909Z env:
audit-pods	Process Tickets in iTop	2026-02-15T19:02:41.5488158Z   KAOS_MODULE: [Ka0S] Audit Pods
audit-pods	Process Tickets in iTop	2026-02-15T19:02:41.5488459Z   KAOS_CODE: 22041302477
audit-pods	Process Tickets in iTop	2026-02-15T19:02:41.5489093Z   ITOP_URL: ***
audit-pods	Process Tickets in iTop	2026-02-15T19:02:41.5489375Z   ITOP_USER: ***
audit-pods	Process Tickets in iTop	2026-02-15T19:02:41.5489654Z   ITOP_PASSWORD: ***
audit-pods	Process Tickets in iTop	2026-02-15T19:02:41.5489949Z   FAILED_PODS_FILE: audit/kube/failed_pods.json
audit-pods	Process Tickets in iTop	2026-02-15T19:02:41.5490316Z ##[endgroup]
audit-pods	Process Tickets in iTop	2026-02-15T19:04:54.3629372Z [INFO] Current Failed Pods: 2
audit-pods	Process Tickets in iTop	2026-02-15T19:04:54.3638148Z [DEBUG] POST to ***/webservices/rest.php?version=1.3
audit-pods	Process Tickets in iTop	2026-02-15T19:04:54.3640324Z [FATAL] URL Error: [Errno 110] Connection timed out
audit-pods	Process Tickets in iTop	2026-02-15T19:04:54.3774382Z ##[error]Process completed with exit code 1.
audit-pods	Post Checkout repository	ï»¿2026-02-15T19:04:54.3931524Z Post job cleanup.
audit-pods	Post Checkout repository	2026-02-15T19:04:54.5028920Z [command]/usr/bin/git version
audit-pods	Post Checkout repository	2026-02-15T19:04:54.5073244Z git version 2.52.0
audit-pods	Post Checkout repository	2026-02-15T19:04:54.5116861Z Copying '/home/runner/.gitconfig' to '/home/runner/_work/_temp/63c192a1-4295-4dd5-9720-08c7d33ab84d/.gitconfig'
audit-pods	Post Checkout repository	2026-02-15T19:04:54.5129774Z Temporarily overriding HOME='/home/runner/_work/_temp/63c192a1-4295-4dd5-9720-08c7d33ab84d' before making global git config changes
audit-pods	Post Checkout repository	2026-02-15T19:04:54.5130807Z Adding repository directory to the temporary git global config as a safe directory
audit-pods	Post Checkout repository	2026-02-15T19:04:54.5135751Z [command]/usr/bin/git config --global --add safe.directory /home/runner/_work/ka0s/ka0s
audit-pods	Post Checkout repository	2026-02-15T19:04:54.5196693Z [command]/usr/bin/git config --local --name-only --get-regexp core\.sshCommand
audit-pods	Post Checkout repository	2026-02-15T19:04:54.5243070Z [command]/usr/bin/git submodule foreach --recursive sh -c "git config --local --name-only --get-regexp 'core\.sshCommand' && git config --local --unset-all 'core.sshCommand' || :"
audit-pods	Post Checkout repository	2026-02-15T19:04:54.5579970Z [command]/usr/bin/git config --local --name-only --get-regexp http\.https\:\/\/github\.com\/\.extraheader
audit-pods	Post Checkout repository	2026-02-15T19:04:54.5609923Z http.https://github.com/.extraheader
audit-pods	Post Checkout repository	2026-02-15T19:04:54.5626021Z [command]/usr/bin/git config --local --unset-all http.https://github.com/.extraheader
audit-pods	Post Checkout repository	2026-02-15T19:04:54.5671749Z [command]/usr/bin/git submodule foreach --recursive sh -c "git config --local --name-only --get-regexp 'http\.https\:\/\/github\.com\/\.extraheader' && git config --local --unset-all 'http.https://github.com/.extraheader' || :"
audit-pods	Post Checkout repository	2026-02-15T19:04:54.6017256Z [command]/usr/bin/git config --local --name-only --get-regexp ^includeIf\.gitdir:
audit-pods	Post Checkout repository	2026-02-15T19:04:54.6058363Z [command]/usr/bin/git submodule foreach --recursive git config --local --show-origin --name-only --get-regexp remote.origin.url
audit-pods	Complete job	ï»¿2026-02-15T19:04:54.6534612Z Cleaning up orphan processes
handle-failure	Set up job	ï»¿2026-02-15T19:05:07.3083833Z Current runner version: '2.331.0'
handle-failure	Set up job	2026-02-15T19:05:07.3092742Z Runner name: 'swarm-runners-scaleset-hkss5-runner-h726x'
handle-failure	Set up job	2026-02-15T19:05:07.3094087Z Runner group name: 'Default'
handle-failure	Set up job	2026-02-15T19:05:07.3095257Z Machine name: 'swarm-runners-scaleset-hkss5-runner-h726x'
handle-failure	Set up job	2026-02-15T19:05:07.3099309Z ##[group]GITHUB_TOKEN Permissions
handle-failure	Set up job	2026-02-15T19:05:07.3102279Z Actions: write
handle-failure	Set up job	2026-02-15T19:05:07.3102857Z Contents: write
handle-failure	Set up job	2026-02-15T19:05:07.3103466Z Issues: write
handle-failure	Set up job	2026-02-15T19:05:07.3104031Z Metadata: read
handle-failure	Set up job	2026-02-15T19:05:07.3104619Z ##[endgroup]
handle-failure	Set up job	2026-02-15T19:05:07.3106745Z Secret source: Actions
handle-failure	Set up job	2026-02-15T19:05:07.3107659Z Prepare workflow directory
handle-failure	Set up job	2026-02-15T19:05:07.3661259Z Prepare all required actions
handle-failure	Set up job	2026-02-15T19:05:07.3758084Z Complete job name: handle-failure
handle-failure	Run echo "Error detected in [Ka0S] Audit Pods, creating issue..."	ï»¿2026-02-15T19:05:07.4410668Z ##[group]Run echo "Error detected in [Ka0S] Audit Pods, creating issue..."
handle-failure	Run echo "Error detected in [Ka0S] Audit Pods, creating issue..."	2026-02-15T19:05:07.4411802Z [36;1mecho "Error detected in [Ka0S] Audit Pods, creating issue..."[0m
handle-failure	Run echo "Error detected in [Ka0S] Audit Pods, creating issue..."	2026-02-15T19:05:07.4441048Z shell: /usr/bin/bash -e {0}
handle-failure	Run echo "Error detected in [Ka0S] Audit Pods, creating issue..."	2026-02-15T19:05:07.4442275Z env:
handle-failure	Run echo "Error detected in [Ka0S] Audit Pods, creating issue..."	2026-02-15T19:05:07.4442795Z   KAOS_MODULE: [Ka0S] Audit Pods
handle-failure	Run echo "Error detected in [Ka0S] Audit Pods, creating issue..."	2026-02-15T19:05:07.4443259Z   KAOS_CODE: 22041302477
handle-failure	Run echo "Error detected in [Ka0S] Audit Pods, creating issue..."	2026-02-15T19:05:07.4443916Z ##[endgroup]
handle-failure	Run echo "Error detected in [Ka0S] Audit Pods, creating issue..."	2026-02-15T19:05:07.4719930Z Error detected in [Ka0S] Audit Pods, creating issue...
handle-failure	Complete job	ï»¿2026-02-15T19:05:07.4838161Z Cleaning up orphan processes
end-workflow	Set up job	ï»¿2026-02-15T19:05:20.2172797Z Current runner version: '2.331.0'
end-workflow	Set up job	2026-02-15T19:05:20.2182505Z Runner name: 'swarm-runners-scaleset-hkss5-runner-gfbzg'
end-workflow	Set up job	2026-02-15T19:05:20.2184062Z Runner group name: 'Default'
end-workflow	Set up job	2026-02-15T19:05:20.2185113Z Machine name: 'swarm-runners-scaleset-hkss5-runner-gfbzg'
end-workflow	Set up job	2026-02-15T19:05:20.2188822Z ##[group]GITHUB_TOKEN Permissions
end-workflow	Set up job	2026-02-15T19:05:20.2191842Z Actions: write
end-workflow	Set up job	2026-02-15T19:05:20.2192488Z Contents: write
end-workflow	Set up job	2026-02-15T19:05:20.2193028Z Issues: write
end-workflow	Set up job	2026-02-15T19:05:20.2193749Z Metadata: read
end-workflow	Set up job	2026-02-15T19:05:20.2194266Z ##[endgroup]
end-workflow	Set up job	2026-02-15T19:05:20.2196571Z Secret source: Actions
end-workflow	Set up job	2026-02-15T19:05:20.2197403Z Prepare workflow directory
end-workflow	Set up job	2026-02-15T19:05:20.2755823Z Prepare all required actions
end-workflow	Set up job	2026-02-15T19:05:20.2797156Z Getting action download info
end-workflow	Set up job	2026-02-15T19:05:20.8607273Z Download action repository 'actions/checkout@v4' (SHA:34e114876b0b11c390a56381ad16ebd13914f8d5)
end-workflow	Set up job	2026-02-15T19:05:21.7547393Z Complete job name: end-workflow
end-workflow	Checkout Repository	ï»¿2026-02-15T19:05:21.8232571Z ##[group]Run actions/checkout@v4
end-workflow	Checkout Repository	2026-02-15T19:05:21.8233887Z with:
end-workflow	Checkout Repository	2026-02-15T19:05:21.8234341Z   fetch-depth: 0
end-workflow	Checkout Repository	2026-02-15T19:05:21.8234804Z   repository: Ka0s-Klaus/ka0s
end-workflow	Checkout Repository	2026-02-15T19:05:21.8235597Z   token: ***
end-workflow	Checkout Repository	2026-02-15T19:05:21.8236024Z   ssh-strict: true
end-workflow	Checkout Repository	2026-02-15T19:05:21.8236460Z   ssh-user: git
end-workflow	Checkout Repository	2026-02-15T19:05:21.8236909Z   persist-credentials: true
end-workflow	Checkout Repository	2026-02-15T19:05:21.8237414Z   clean: true
end-workflow	Checkout Repository	2026-02-15T19:05:21.8237860Z   sparse-checkout-cone-mode: true
end-workflow	Checkout Repository	2026-02-15T19:05:21.8238422Z   fetch-tags: false
end-workflow	Checkout Repository	2026-02-15T19:05:21.8238880Z   show-progress: true
end-workflow	Checkout Repository	2026-02-15T19:05:21.8239343Z   lfs: false
end-workflow	Checkout Repository	2026-02-15T19:05:21.8239783Z   submodules: false
end-workflow	Checkout Repository	2026-02-15T19:05:21.8240241Z   set-safe-directory: true
end-workflow	Checkout Repository	2026-02-15T19:05:21.8241473Z env:
end-workflow	Checkout Repository	2026-02-15T19:05:21.8242210Z   KAOS_MODULE: [Ka0S] Audit Pods
end-workflow	Checkout Repository	2026-02-15T19:05:21.8242751Z   KAOS_CODE: 22041302477
end-workflow	Checkout Repository	2026-02-15T19:05:21.8243221Z ##[endgroup]
end-workflow	Checkout Repository	2026-02-15T19:05:21.9498288Z Syncing repository: Ka0s-Klaus/ka0s
end-workflow	Checkout Repository	2026-02-15T19:05:21.9500872Z ##[group]Getting Git version info
end-workflow	Checkout Repository	2026-02-15T19:05:21.9501902Z Working directory is '/home/runner/_work/ka0s/ka0s'
end-workflow	Checkout Repository	2026-02-15T19:05:21.9503069Z [command]/usr/bin/git version
end-workflow	Checkout Repository	2026-02-15T19:05:21.9503608Z git version 2.52.0
end-workflow	Checkout Repository	2026-02-15T19:05:21.9527628Z ##[endgroup]
end-workflow	Checkout Repository	2026-02-15T19:05:21.9545619Z Temporarily overriding HOME='/home/runner/_work/_temp/d125592b-3a72-489c-8e05-2ca2f8c8e425' before making global git config changes
end-workflow	Checkout Repository	2026-02-15T19:05:21.9548811Z Adding repository directory to the temporary git global config as a safe directory
end-workflow	Checkout Repository	2026-02-15T19:05:21.9552670Z [command]/usr/bin/git config --global --add safe.directory /home/runner/_work/ka0s/ka0s
end-workflow	Checkout Repository	2026-02-15T19:05:21.9599138Z Deleting the contents of '/home/runner/_work/ka0s/ka0s'
end-workflow	Checkout Repository	2026-02-15T19:05:21.9603477Z ##[group]Initializing the repository
end-workflow	Checkout Repository	2026-02-15T19:05:21.9605661Z [command]/usr/bin/git init /home/runner/_work/ka0s/ka0s
end-workflow	Checkout Repository	2026-02-15T19:05:21.9667083Z hint: Using 'master' as the name for the initial branch. This default branch name
end-workflow	Checkout Repository	2026-02-15T19:05:21.9668838Z hint: will change to "main" in Git 3.0. To configure the initial branch name
end-workflow	Checkout Repository	2026-02-15T19:05:21.9670087Z hint: to use in all of your new repositories, which will suppress this warning,
end-workflow	Checkout Repository	2026-02-15T19:05:21.9673453Z hint: call:
end-workflow	Checkout Repository	2026-02-15T19:05:21.9673886Z hint:
end-workflow	Checkout Repository	2026-02-15T19:05:21.9674437Z hint: 	git config --global init.defaultBranch <name>
end-workflow	Checkout Repository	2026-02-15T19:05:21.9675107Z hint:
end-workflow	Checkout Repository	2026-02-15T19:05:21.9675732Z hint: Names commonly chosen instead of 'master' are 'main', 'trunk' and
end-workflow	Checkout Repository	2026-02-15T19:05:21.9676961Z hint: 'development'. The just-created branch can be renamed via this command:
end-workflow	Checkout Repository	2026-02-15T19:05:21.9677807Z hint:
end-workflow	Checkout Repository	2026-02-15T19:05:21.9678242Z hint: 	git branch -m <name>
end-workflow	Checkout Repository	2026-02-15T19:05:21.9678875Z hint:
end-workflow	Checkout Repository	2026-02-15T19:05:21.9679564Z hint: Disable this message with "git config set advice.defaultBranchName false"
end-workflow	Checkout Repository	2026-02-15T19:05:21.9680961Z Initialized empty Git repository in /home/runner/_work/ka0s/ka0s/.git/
end-workflow	Checkout Repository	2026-02-15T19:05:21.9683015Z [command]/usr/bin/git remote add origin https://github.com/Ka0s-Klaus/ka0s
end-workflow	Checkout Repository	2026-02-15T19:05:21.9719960Z ##[endgroup]
end-workflow	Checkout Repository	2026-02-15T19:05:21.9721672Z ##[group]Disabling automatic garbage collection
end-workflow	Checkout Repository	2026-02-15T19:05:21.9723835Z [command]/usr/bin/git config --local gc.auto 0
end-workflow	Checkout Repository	2026-02-15T19:05:21.9768182Z ##[endgroup]
end-workflow	Checkout Repository	2026-02-15T19:05:21.9769061Z ##[group]Setting up auth
end-workflow	Checkout Repository	2026-02-15T19:05:21.9775423Z [command]/usr/bin/git config --local --name-only --get-regexp core\.sshCommand
end-workflow	Checkout Repository	2026-02-15T19:05:21.9818953Z [command]/usr/bin/git submodule foreach --recursive sh -c "git config --local --name-only --get-regexp 'core\.sshCommand' && git config --local --unset-all 'core.sshCommand' || :"
end-workflow	Checkout Repository	2026-02-15T19:05:22.0154742Z [command]/usr/bin/git config --local --name-only --get-regexp http\.https\:\/\/github\.com\/\.extraheader
end-workflow	Checkout Repository	2026-02-15T19:05:22.0194490Z [command]/usr/bin/git submodule foreach --recursive sh -c "git config --local --name-only --get-regexp 'http\.https\:\/\/github\.com\/\.extraheader' && git config --local --unset-all 'http.https://github.com/.extraheader' || :"
end-workflow	Checkout Repository	2026-02-15T19:05:22.0520189Z [command]/usr/bin/git config --local --name-only --get-regexp ^includeIf\.gitdir:
end-workflow	Checkout Repository	2026-02-15T19:05:22.0560323Z [command]/usr/bin/git submodule foreach --recursive git config --local --show-origin --name-only --get-regexp remote.origin.url
end-workflow	Checkout Repository	2026-02-15T19:05:22.0902341Z [command]/usr/bin/git config --local http.https://github.com/.extraheader AUTHORIZATION: basic ***
end-workflow	Checkout Repository	2026-02-15T19:05:22.0958038Z ##[endgroup]
end-workflow	Checkout Repository	2026-02-15T19:05:22.0958961Z ##[group]Fetching the repository
end-workflow	Checkout Repository	2026-02-15T19:05:22.0966777Z [command]/usr/bin/git -c protocol.version=2 fetch --prune --no-recurse-submodules origin +refs/heads/*:refs/remotes/origin/* +refs/tags/*:refs/tags/*
end-workflow	Checkout Repository	2026-02-15T19:05:41.8027263Z From https://github.com/Ka0s-Klaus/ka0s
end-workflow	Checkout Repository	2026-02-15T19:05:41.8028229Z  * [new branch]          F227-despliegue-de-kube-independiente-del-clouder -> origin/F227-despliegue-de-kube-independiente-del-clouder
end-workflow	Checkout Repository	2026-02-15T19:05:41.8029265Z  * [new branch]          F3450-modelo-operativo -> origin/F3450-modelo-operativo
end-workflow	Checkout Repository	2026-02-15T19:05:41.8030291Z  * [new branch]          H1151-desarrollo-de-secciones-ii -> origin/H1151-desarrollo-de-secciones-ii
end-workflow	Checkout Repository	2026-02-15T19:05:41.8031228Z  * [new branch]          H1193-ejemplo-web-documentacion -> origin/H1193-ejemplo-web-documentacion
end-workflow	Checkout Repository	2026-02-15T19:05:41.8031967Z  * [new branch]          H1276-modulo-observabilidad -> origin/H1276-modulo-observabilidad
end-workflow	Checkout Repository	2026-02-15T19:05:41.8032914Z  * [new branch]          H227-despliegue-de-kube-independiente-del-clouder -> origin/H227-despliegue-de-kube-independiente-del-clouder
end-workflow	Checkout Repository	2026-02-15T19:05:41.8033778Z  * [new branch]          H3266-deploy-zabbix    -> origin/H3266-deploy-zabbix
end-workflow	Checkout Repository	2026-02-15T19:05:41.8034360Z  * [new branch]          H3596-deploy-itop      -> origin/H3596-deploy-itop
end-workflow	Checkout Repository	2026-02-15T19:05:41.8035293Z  * [new branch]          RN227-despliegue-de-kube-independiente-del-clouder -> origin/RN227-despliegue-de-kube-independiente-del-clouder
end-workflow	Checkout Repository	2026-02-15T19:05:41.8036105Z  * [new branch]          main                   -> origin/main
end-workflow	Checkout Repository	2026-02-15T19:05:41.8036584Z  * [new tag]             0.0.0                  -> 0.0.0
end-workflow	Checkout Repository	2026-02-15T19:05:41.8037029Z  * [new tag]             0.0.1                  -> 0.0.1
end-workflow	Checkout Repository	2026-02-15T19:05:41.8037444Z  * [new tag]             0.0.10                 -> 0.0.10
end-workflow	Checkout Repository	2026-02-15T19:05:41.8037899Z  * [new tag]             0.0.100                -> 0.0.100
end-workflow	Checkout Repository	2026-02-15T19:05:41.8038354Z  * [new tag]             0.0.101                -> 0.0.101
end-workflow	Checkout Repository	2026-02-15T19:05:41.8038771Z  * [new tag]             0.0.102                -> 0.0.102
end-workflow	Checkout Repository	2026-02-15T19:05:41.8039171Z  * [new tag]             0.0.103                -> 0.0.103
end-workflow	Checkout Repository	2026-02-15T19:05:41.8039624Z  * [new tag]             0.0.104                -> 0.0.104
end-workflow	Checkout Repository	2026-02-15T19:05:41.8040075Z  * [new tag]             0.0.105                -> 0.0.105
end-workflow	Checkout Repository	2026-02-15T19:05:41.8040623Z  * [new tag]             0.0.106                -> 0.0.106
end-workflow	Checkout Repository	2026-02-15T19:05:41.8041055Z  * [new tag]             0.0.107                -> 0.0.107
end-workflow	Checkout Repository	2026-02-15T19:05:41.8041487Z  * [new tag]             0.0.108                -> 0.0.108
end-workflow	Checkout Repository	2026-02-15T19:05:41.8041918Z  * [new tag]             0.0.109                -> 0.0.109
end-workflow	Checkout Repository	2026-02-15T19:05:41.8042791Z  * [new tag]             0.0.11                 -> 0.0.11
end-workflow	Checkout Repository	2026-02-15T19:05:41.8043195Z  * [new tag]             0.0.110                -> 0.0.110
end-workflow	Checkout Repository	2026-02-15T19:05:41.8043590Z  * [new tag]             0.0.111                -> 0.0.111
end-workflow	Checkout Repository	2026-02-15T19:05:41.8044009Z  * [new tag]             0.0.112                -> 0.0.112
end-workflow	Checkout Repository	2026-02-15T19:05:41.8044418Z  * [new tag]             0.0.113                -> 0.0.113
end-workflow	Checkout Repository	2026-02-15T19:05:41.8045040Z  * [new tag]             0.0.114                -> 0.0.114
end-workflow	Checkout Repository	2026-02-15T19:05:41.8045513Z  * [new tag]             0.0.115                -> 0.0.115
end-workflow	Checkout Repository	2026-02-15T19:05:41.8045912Z  * [new tag]             0.0.116                -> 0.0.116
end-workflow	Checkout Repository	2026-02-15T19:05:41.8046321Z  * [new tag]             0.0.117                -> 0.0.117
end-workflow	Checkout Repository	2026-02-15T19:05:41.8046718Z  * [new tag]             0.0.118                -> 0.0.118
end-workflow	Checkout Repository	2026-02-15T19:05:41.8047122Z  * [new tag]             0.0.119                -> 0.0.119
end-workflow	Checkout Repository	2026-02-15T19:05:41.8047792Z  * [new tag]             0.0.12                 -> 0.0.12
end-workflow	Checkout Repository	2026-02-15T19:05:41.8048204Z  * [new tag]             0.0.120                -> 0.0.120
end-workflow	Checkout Repository	2026-02-15T19:05:41.8048604Z  * [new tag]             0.0.121                -> 0.0.121
end-workflow	Checkout Repository	2026-02-15T19:05:41.8049000Z  * [new tag]             0.0.122                -> 0.0.122
end-workflow	Checkout Repository	2026-02-15T19:05:41.8049399Z  * [new tag]             0.0.123                -> 0.0.123
end-workflow	Checkout Repository	2026-02-15T19:05:41.8049795Z  * [new tag]             0.0.124                -> 0.0.124
end-workflow	Checkout Repository	2026-02-15T19:05:41.8050195Z  * [new tag]             0.0.125                -> 0.0.125
end-workflow	Checkout Repository	2026-02-15T19:05:41.8050839Z  * [new tag]             0.0.126                -> 0.0.126
end-workflow	Checkout Repository	2026-02-15T19:05:41.8051243Z  * [new tag]             0.0.127                -> 0.0.127
end-workflow	Checkout Repository	2026-02-15T19:05:41.8051650Z  * [new tag]             0.0.128                -> 0.0.128
end-workflow	Checkout Repository	2026-02-15T19:05:41.8052047Z  * [new tag]             0.0.129                -> 0.0.129
end-workflow	Checkout Repository	2026-02-15T19:05:41.8052448Z  * [new tag]             0.0.13                 -> 0.0.13
end-workflow	Checkout Repository	2026-02-15T19:05:41.8052894Z  * [new tag]             0.0.130                -> 0.0.130
end-workflow	Checkout Repository	2026-02-15T19:05:41.8053296Z  * [new tag]             0.0.131                -> 0.0.131
end-workflow	Checkout Repository	2026-02-15T19:05:41.8053699Z  * [new tag]             0.0.132                -> 0.0.132
end-workflow	Checkout Repository	2026-02-15T19:05:41.8054096Z  * [new tag]             0.0.133                -> 0.0.133
end-workflow	Checkout Repository	2026-02-15T19:05:41.8054497Z  * [new tag]             0.0.134                -> 0.0.134
end-workflow	Checkout Repository	2026-02-15T19:05:41.8054893Z  * [new tag]             0.0.135                -> 0.0.135
end-workflow	Checkout Repository	2026-02-15T19:05:41.8055294Z  * [new tag]             0.0.136                -> 0.0.136
end-workflow	Checkout Repository	2026-02-15T19:05:41.8055692Z  * [new tag]             0.0.137                -> 0.0.137
end-workflow	Checkout Repository	2026-02-15T19:05:41.8056212Z  * [new tag]             0.0.138                -> 0.0.138
end-workflow	Checkout Repository	2026-02-15T19:05:41.8056607Z  * [new tag]             0.0.139                -> 0.0.139
end-workflow	Checkout Repository	2026-02-15T19:05:41.8056996Z  * [new tag]             0.0.14                 -> 0.0.14
end-workflow	Checkout Repository	2026-02-15T19:05:41.8057396Z  * [new tag]             0.0.140                -> 0.0.140
end-workflow	Checkout Repository	2026-02-15T19:05:41.8057792Z  * [new tag]             0.0.141                -> 0.0.141
end-workflow	Checkout Repository	2026-02-15T19:05:41.8058185Z  * [new tag]             0.0.142                -> 0.0.142
end-workflow	Checkout Repository	2026-02-15T19:05:41.8058631Z  * [new tag]             0.0.143                -> 0.0.143
end-workflow	Checkout Repository	2026-02-15T19:05:41.8059166Z  * [new tag]             0.0.144                -> 0.0.144
end-workflow	Checkout Repository	2026-02-15T19:05:41.8059570Z  * [new tag]             0.0.145                -> 0.0.145
end-workflow	Checkout Repository	2026-02-15T19:05:41.8059971Z  * [new tag]             0.0.146                -> 0.0.146
end-workflow	Checkout Repository	2026-02-15T19:05:41.8060399Z  * [new tag]             0.0.147                -> 0.0.147
end-workflow	Checkout Repository	2026-02-15T19:05:41.8061030Z  * [new tag]             0.0.148                -> 0.0.148
end-workflow	Checkout Repository	2026-02-15T19:05:41.8061445Z  * [new tag]             0.0.149                -> 0.0.149
end-workflow	Checkout Repository	2026-02-15T19:05:41.8061859Z  * [new tag]             0.0.15                 -> 0.0.15
end-workflow	Checkout Repository	2026-02-15T19:05:41.8062265Z  * [new tag]             0.0.150                -> 0.0.150
end-workflow	Checkout Repository	2026-02-15T19:05:41.8062941Z  * [new tag]             0.0.151                -> 0.0.151
end-workflow	Checkout Repository	2026-02-15T19:05:41.8063357Z  * [new tag]             0.0.152                -> 0.0.152
end-workflow	Checkout Repository	2026-02-15T19:05:41.8063773Z  * [new tag]             0.0.153                -> 0.0.153
end-workflow	Checkout Repository	2026-02-15T19:05:41.8064188Z  * [new tag]             0.0.154                -> 0.0.154
end-workflow	Checkout Repository	2026-02-15T19:05:41.8064598Z  * [new tag]             0.0.155                -> 0.0.155
end-workflow	Checkout Repository	2026-02-15T19:05:41.8065007Z  * [new tag]             0.0.156                -> 0.0.156
end-workflow	Checkout Repository	2026-02-15T19:05:41.8065415Z  * [new tag]             0.0.157                -> 0.0.157
end-workflow	Checkout Repository	2026-02-15T19:05:41.8065830Z  * [new tag]             0.0.158                -> 0.0.158
end-workflow	Checkout Repository	2026-02-15T19:05:41.8066242Z  * [new tag]             0.0.159                -> 0.0.159
end-workflow	Checkout Repository	2026-02-15T19:05:41.8066650Z  * [new tag]             0.0.16                 -> 0.0.16
end-workflow	Checkout Repository	2026-02-15T19:05:41.8067070Z  * [new tag]             0.0.160                -> 0.0.160
end-workflow	Checkout Repository	2026-02-15T19:05:41.8067482Z  * [new tag]             0.0.161                -> 0.0.161
end-workflow	Checkout Repository	2026-02-15T19:05:41.8068113Z  * [new tag]             0.0.162                -> 0.0.162
end-workflow	Checkout Repository	2026-02-15T19:05:41.8068522Z  * [new tag]             0.0.163                -> 0.0.163
end-workflow	Checkout Repository	2026-02-15T19:05:41.8068937Z  * [new tag]             0.0.164                -> 0.0.164
end-workflow	Checkout Repository	2026-02-15T19:05:41.8069348Z  * [new tag]             0.0.165                -> 0.0.165
end-workflow	Checkout Repository	2026-02-15T19:05:41.8069759Z  * [new tag]             0.0.166                -> 0.0.166
end-workflow	Checkout Repository	2026-02-15T19:05:41.8070172Z  * [new tag]             0.0.167                -> 0.0.167
end-workflow	Checkout Repository	2026-02-15T19:05:41.8070694Z  * [new tag]             0.0.168                -> 0.0.168
end-workflow	Checkout Repository	2026-02-15T19:05:41.8071117Z  * [new tag]             0.0.169                -> 0.0.169
end-workflow	Checkout Repository	2026-02-15T19:05:41.8071527Z  * [new tag]             0.0.17                 -> 0.0.17
end-workflow	Checkout Repository	2026-02-15T19:05:41.8071935Z  * [new tag]             0.0.170                -> 0.0.170
end-workflow	Checkout Repository	2026-02-15T19:05:41.8072346Z  * [new tag]             0.0.171                -> 0.0.171
end-workflow	Checkout Repository	2026-02-15T19:05:41.8072767Z  * [new tag]             0.0.172                -> 0.0.172
end-workflow	Checkout Repository	2026-02-15T19:05:41.8073195Z  * [new tag]             0.0.173                -> 0.0.173
end-workflow	Checkout Repository	2026-02-15T19:05:41.8073608Z  * [new tag]             0.0.174                -> 0.0.174
end-workflow	Checkout Repository	2026-02-15T19:05:41.8074019Z  * [new tag]             0.0.175                -> 0.0.175
end-workflow	Checkout Repository	2026-02-15T19:05:41.8074437Z  * [new tag]             0.0.176                -> 0.0.176
end-workflow	Checkout Repository	2026-02-15T19:05:41.8074850Z  * [new tag]             0.0.177                -> 0.0.177
end-workflow	Checkout Repository	2026-02-15T19:05:41.8096946Z  * [new tag]             0.0.178                -> 0.0.178
end-workflow	Checkout Repository	2026-02-15T19:05:41.8097573Z  * [new tag]             0.0.179                -> 0.0.179
end-workflow	Checkout Repository	2026-02-15T19:05:41.8098023Z  * [new tag]             0.0.18                 -> 0.0.18
end-workflow	Checkout Repository	2026-02-15T19:05:41.8098456Z  * [new tag]             0.0.19                 -> 0.0.19
end-workflow	Checkout Repository	2026-02-15T19:05:41.8098889Z  * [new tag]             0.0.2                  -> 0.0.2
end-workflow	Checkout Repository	2026-02-15T19:05:41.8099309Z  * [new tag]             0.0.20                 -> 0.0.20
end-workflow	Checkout Repository	2026-02-15T19:05:41.8099786Z  * [new tag]             0.0.21                 -> 0.0.21
end-workflow	Checkout Repository	2026-02-15T19:05:41.8100220Z  * [new tag]             0.0.22                 -> 0.0.22
end-workflow	Checkout Repository	2026-02-15T19:05:41.8101017Z  * [new tag]             0.0.23                 -> 0.0.23
end-workflow	Checkout Repository	2026-02-15T19:05:41.8101421Z  * [new tag]             0.0.24                 -> 0.0.24
end-workflow	Checkout Repository	2026-02-15T19:05:41.8101823Z  * [new tag]             0.0.25                 -> 0.0.25
end-workflow	Checkout Repository	2026-02-15T19:05:41.8102230Z  * [new tag]             0.0.26                 -> 0.0.26
end-workflow	Checkout Repository	2026-02-15T19:05:41.8102632Z  * [new tag]             0.0.27                 -> 0.0.27
end-workflow	Checkout Repository	2026-02-15T19:05:41.8103035Z  * [new tag]             0.0.28                 -> 0.0.28
end-workflow	Checkout Repository	2026-02-15T19:05:41.8103444Z  * [new tag]             0.0.29                 -> 0.0.29
end-workflow	Checkout Repository	2026-02-15T19:05:41.8103843Z  * [new tag]             0.0.3                  -> 0.0.3
end-workflow	Checkout Repository	2026-02-15T19:05:41.8104243Z  * [new tag]             0.0.30                 -> 0.0.30
end-workflow	Checkout Repository	2026-02-15T19:05:41.8104651Z  * [new tag]             0.0.31                 -> 0.0.31
end-workflow	Checkout Repository	2026-02-15T19:05:41.8105402Z  * [new tag]             0.0.32                 -> 0.0.32
end-workflow	Checkout Repository	2026-02-15T19:05:41.8105807Z  * [new tag]             0.0.33                 -> 0.0.33
end-workflow	Checkout Repository	2026-02-15T19:05:41.8106204Z  * [new tag]             0.0.34                 -> 0.0.34
end-workflow	Checkout Repository	2026-02-15T19:05:41.8106603Z  * [new tag]             0.0.35                 -> 0.0.35
end-workflow	Checkout Repository	2026-02-15T19:05:41.8106997Z  * [new tag]             0.0.36                 -> 0.0.36
end-workflow	Checkout Repository	2026-02-15T19:05:41.8107542Z  * [new tag]             0.0.37                 -> 0.0.37
end-workflow	Checkout Repository	2026-02-15T19:05:41.8108068Z  * [new tag]             0.0.38                 -> 0.0.38
end-workflow	Checkout Repository	2026-02-15T19:05:41.8108463Z  * [new tag]             0.0.39                 -> 0.0.39
end-workflow	Checkout Repository	2026-02-15T19:05:41.8108866Z  * [new tag]             0.0.4                  -> 0.0.4
end-workflow	Checkout Repository	2026-02-15T19:05:41.8109262Z  * [new tag]             0.0.40                 -> 0.0.40
end-workflow	Checkout Repository	2026-02-15T19:05:41.8109662Z  * [new tag]             0.0.41                 -> 0.0.41
end-workflow	Checkout Repository	2026-02-15T19:05:41.8110091Z  * [new tag]             0.0.42                 -> 0.0.42
end-workflow	Checkout Repository	2026-02-15T19:05:41.8111108Z  * [new tag]             0.0.43                 -> 0.0.43
end-workflow	Checkout Repository	2026-02-15T19:05:41.8111648Z  * [new tag]             0.0.44                 -> 0.0.44
end-workflow	Checkout Repository	2026-02-15T19:05:41.8112047Z  * [new tag]             0.0.45                 -> 0.0.45
end-workflow	Checkout Repository	2026-02-15T19:05:41.8112439Z  * [new tag]             0.0.46                 -> 0.0.46
end-workflow	Checkout Repository	2026-02-15T19:05:41.8112952Z  * [new tag]             0.0.47                 -> 0.0.47
end-workflow	Checkout Repository	2026-02-15T19:05:41.8113344Z  * [new tag]             0.0.48                 -> 0.0.48
end-workflow	Checkout Repository	2026-02-15T19:05:41.8113724Z  * [new tag]             0.0.49                 -> 0.0.49
end-workflow	Checkout Repository	2026-02-15T19:05:41.8114113Z  * [new tag]             0.0.5                  -> 0.0.5
end-workflow	Checkout Repository	2026-02-15T19:05:41.8114492Z  * [new tag]             0.0.50                 -> 0.0.50
end-workflow	Checkout Repository	2026-02-15T19:05:41.8114882Z  * [new tag]             0.0.51                 -> 0.0.51
end-workflow	Checkout Repository	2026-02-15T19:05:41.8115264Z  * [new tag]             0.0.52                 -> 0.0.52
end-workflow	Checkout Repository	2026-02-15T19:05:41.8115659Z  * [new tag]             0.0.53                 -> 0.0.53
end-workflow	Checkout Repository	2026-02-15T19:05:41.8116050Z  * [new tag]             0.0.54                 -> 0.0.54
end-workflow	Checkout Repository	2026-02-15T19:05:41.8116427Z  * [new tag]             0.0.55                 -> 0.0.55
end-workflow	Checkout Repository	2026-02-15T19:05:41.8116807Z  * [new tag]             0.0.56                 -> 0.0.56
end-workflow	Checkout Repository	2026-02-15T19:05:41.8117180Z  * [new tag]             0.0.57                 -> 0.0.57
end-workflow	Checkout Repository	2026-02-15T19:05:41.8117560Z  * [new tag]             0.0.58                 -> 0.0.58
end-workflow	Checkout Repository	2026-02-15T19:05:41.8117940Z  * [new tag]             0.0.59                 -> 0.0.59
end-workflow	Checkout Repository	2026-02-15T19:05:41.8118320Z  * [new tag]             0.0.6                  -> 0.0.6
end-workflow	Checkout Repository	2026-02-15T19:05:41.8118697Z  * [new tag]             0.0.60                 -> 0.0.60
end-workflow	Checkout Repository	2026-02-15T19:05:41.8119075Z  * [new tag]             0.0.61                 -> 0.0.61
end-workflow	Checkout Repository	2026-02-15T19:05:41.8119454Z  * [new tag]             0.0.62                 -> 0.0.62
end-workflow	Checkout Repository	2026-02-15T19:05:41.8119830Z  * [new tag]             0.0.63                 -> 0.0.63
end-workflow	Checkout Repository	2026-02-15T19:05:41.8120218Z  * [new tag]             0.0.64                 -> 0.0.64
end-workflow	Checkout Repository	2026-02-15T19:05:41.8121089Z  * [new tag]             0.0.65                 -> 0.0.65
end-workflow	Checkout Repository	2026-02-15T19:05:41.8121734Z  * [new tag]             0.0.66                 -> 0.0.66
end-workflow	Checkout Repository	2026-02-15T19:05:41.8122116Z  * [new tag]             0.0.67                 -> 0.0.67
end-workflow	Checkout Repository	2026-02-15T19:05:41.8122489Z  * [new tag]             0.0.68                 -> 0.0.68
end-workflow	Checkout Repository	2026-02-15T19:05:41.8122868Z  * [new tag]             0.0.69                 -> 0.0.69
end-workflow	Checkout Repository	2026-02-15T19:05:41.8123239Z  * [new tag]             0.0.7                  -> 0.0.7
end-workflow	Checkout Repository	2026-02-15T19:05:41.8123619Z  * [new tag]             0.0.70                 -> 0.0.70
end-workflow	Checkout Repository	2026-02-15T19:05:41.8123995Z  * [new tag]             0.0.71                 -> 0.0.71
end-workflow	Checkout Repository	2026-02-15T19:05:41.8124374Z  * [new tag]             0.0.72                 -> 0.0.72
end-workflow	Checkout Repository	2026-02-15T19:05:41.8124751Z  * [new tag]             0.0.73                 -> 0.0.73
end-workflow	Checkout Repository	2026-02-15T19:05:41.8125130Z  * [new tag]             0.0.74                 -> 0.0.74
end-workflow	Checkout Repository	2026-02-15T19:05:41.8125737Z  * [new tag]             0.0.75                 -> 0.0.75
end-workflow	Checkout Repository	2026-02-15T19:05:41.8126115Z  * [new tag]             0.0.76                 -> 0.0.76
end-workflow	Checkout Repository	2026-02-15T19:05:41.8126490Z  * [new tag]             0.0.77                 -> 0.0.77
end-workflow	Checkout Repository	2026-02-15T19:05:41.8126866Z  * [new tag]             0.0.78                 -> 0.0.78
end-workflow	Checkout Repository	2026-02-15T19:05:41.8127248Z  * [new tag]             0.0.79                 -> 0.0.79
end-workflow	Checkout Repository	2026-02-15T19:05:41.8127627Z  * [new tag]             0.0.8                  -> 0.0.8
end-workflow	Checkout Repository	2026-02-15T19:05:41.8128006Z  * [new tag]             0.0.80                 -> 0.0.80
end-workflow	Checkout Repository	2026-02-15T19:05:41.8128386Z  * [new tag]             0.0.81                 -> 0.0.81
end-workflow	Checkout Repository	2026-02-15T19:05:41.8128761Z  * [new tag]             0.0.82                 -> 0.0.82
end-workflow	Checkout Repository	2026-02-15T19:05:41.8129140Z  * [new tag]             0.0.83                 -> 0.0.83
end-workflow	Checkout Repository	2026-02-15T19:05:41.8129514Z  * [new tag]             0.0.84                 -> 0.0.84
end-workflow	Checkout Repository	2026-02-15T19:05:41.8129892Z  * [new tag]             0.0.85                 -> 0.0.85
end-workflow	Checkout Repository	2026-02-15T19:05:41.8130577Z  * [new tag]             0.0.86                 -> 0.0.86
end-workflow	Checkout Repository	2026-02-15T19:05:41.8131386Z  * [new tag]             0.0.87                 -> 0.0.87
end-workflow	Checkout Repository	2026-02-15T19:05:41.8131889Z  * [new tag]             0.0.88                 -> 0.0.88
end-workflow	Checkout Repository	2026-02-15T19:05:41.8132263Z  * [new tag]             0.0.89                 -> 0.0.89
end-workflow	Checkout Repository	2026-02-15T19:05:41.8132645Z  * [new tag]             0.0.9                  -> 0.0.9
end-workflow	Checkout Repository	2026-02-15T19:05:41.8133021Z  * [new tag]             0.0.90                 -> 0.0.90
end-workflow	Checkout Repository	2026-02-15T19:05:41.8133398Z  * [new tag]             0.0.91                 -> 0.0.91
end-workflow	Checkout Repository	2026-02-15T19:05:41.8133904Z  * [new tag]             0.0.92                 -> 0.0.92
end-workflow	Checkout Repository	2026-02-15T19:05:41.8134830Z  * [new tag]             0.0.93                 -> 0.0.93
end-workflow	Checkout Repository	2026-02-15T19:05:41.8135350Z  * [new tag]             0.0.94                 -> 0.0.94
end-workflow	Checkout Repository	2026-02-15T19:05:41.8135738Z  * [new tag]             0.0.95                 -> 0.0.95
end-workflow	Checkout Repository	2026-02-15T19:05:41.8136139Z  * [new tag]             0.0.96                 -> 0.0.96
end-workflow	Checkout Repository	2026-02-15T19:05:41.8136531Z  * [new tag]             0.0.97                 -> 0.0.97
end-workflow	Checkout Repository	2026-02-15T19:05:41.8136923Z  * [new tag]             0.0.98                 -> 0.0.98
end-workflow	Checkout Repository	2026-02-15T19:05:41.8137579Z  * [new tag]             0.0.99                 -> 0.0.99
end-workflow	Checkout Repository	2026-02-15T19:05:41.8138077Z  * [new tag]             0.1.0                  -> 0.1.0
end-workflow	Checkout Repository	2026-02-15T19:05:41.8138455Z  * [new tag]             0.1.1                  -> 0.1.1
end-workflow	Checkout Repository	2026-02-15T19:05:41.8138865Z  * [new tag]             0.2.0                  -> 0.2.0
end-workflow	Checkout Repository	2026-02-15T19:05:41.8139239Z  * [new tag]             0.3.0                  -> 0.3.0
end-workflow	Checkout Repository	2026-02-15T19:05:41.8139615Z  * [new tag]             0.3.1                  -> 0.3.1
end-workflow	Checkout Repository	2026-02-15T19:05:41.8139993Z  * [new tag]             0.3.10                 -> 0.3.10
end-workflow	Checkout Repository	2026-02-15T19:05:41.8140373Z  * [new tag]             0.3.11                 -> 0.3.11
end-workflow	Checkout Repository	2026-02-15T19:05:41.8140958Z  * [new tag]             0.3.12                 -> 0.3.12
end-workflow	Checkout Repository	2026-02-15T19:05:41.8141720Z  * [new tag]             0.3.13                 -> 0.3.13
end-workflow	Checkout Repository	2026-02-15T19:05:41.8142388Z  * [new tag]             0.3.14                 -> 0.3.14
end-workflow	Checkout Repository	2026-02-15T19:05:41.8142764Z  * [new tag]             0.3.15                 -> 0.3.15
end-workflow	Checkout Repository	2026-02-15T19:05:41.8143142Z  * [new tag]             0.3.16                 -> 0.3.16
end-workflow	Checkout Repository	2026-02-15T19:05:41.8143514Z  * [new tag]             0.3.17                 -> 0.3.17
end-workflow	Checkout Repository	2026-02-15T19:05:41.8143896Z  * [new tag]             0.3.2                  -> 0.3.2
end-workflow	Checkout Repository	2026-02-15T19:05:41.8144278Z  * [new tag]             0.3.3                  -> 0.3.3
end-workflow	Checkout Repository	2026-02-15T19:05:41.8144654Z  * [new tag]             0.3.4                  -> 0.3.4
end-workflow	Checkout Repository	2026-02-15T19:05:41.8145030Z  * [new tag]             0.3.5                  -> 0.3.5
end-workflow	Checkout Repository	2026-02-15T19:05:41.8145401Z  * [new tag]             0.3.6                  -> 0.3.6
end-workflow	Checkout Repository	2026-02-15T19:05:41.8145779Z  * [new tag]             0.3.7                  -> 0.3.7
end-workflow	Checkout Repository	2026-02-15T19:05:41.8146148Z  * [new tag]             0.3.8                  -> 0.3.8
end-workflow	Checkout Repository	2026-02-15T19:05:41.8146531Z  * [new tag]             0.3.9                  -> 0.3.9
end-workflow	Checkout Repository	2026-02-15T19:05:41.8147162Z  * [new tag]             0.4.0                  -> 0.4.0
end-workflow	Checkout Repository	2026-02-15T19:05:41.8147538Z  * [new tag]             0.4.1                  -> 0.4.1
end-workflow	Checkout Repository	2026-02-15T19:05:41.8148203Z  * [new tag]             0.4.2                  -> 0.4.2
end-workflow	Checkout Repository	2026-02-15T19:05:41.8148739Z  * [new tag]             0.4.3                  -> 0.4.3
end-workflow	Checkout Repository	2026-02-15T19:05:41.8149278Z  * [new tag]             0.4.4                  -> 0.4.4
end-workflow	Checkout Repository	2026-02-15T19:05:41.8149672Z  * [new tag]             0.4.5                  -> 0.4.5
end-workflow	Checkout Repository	2026-02-15T19:05:41.8150074Z  * [new tag]             0.4.6                  -> 0.4.6
end-workflow	Checkout Repository	2026-02-15T19:05:41.8150617Z  * [new tag]             0.4.7                  -> 0.4.7
end-workflow	Checkout Repository	2026-02-15T19:05:41.8151254Z  * [new tag]             0.4.8                  -> 0.4.8
end-workflow	Checkout Repository	2026-02-15T19:05:41.8151630Z  * [new tag]             0.4.9                  -> 0.4.9
end-workflow	Checkout Repository	2026-02-15T19:05:41.8152002Z  * [new tag]             0.5.0                  -> 0.5.0
end-workflow	Checkout Repository	2026-02-15T19:05:41.8152590Z  * [new tag]             0.5.1                  -> 0.5.1
end-workflow	Checkout Repository	2026-02-15T19:05:41.8152971Z  * [new tag]             0.5.2                  -> 0.5.2
end-workflow	Checkout Repository	2026-02-15T19:05:41.8153347Z  * [new tag]             0.6.0                  -> 0.6.0
end-workflow	Checkout Repository	2026-02-15T19:05:41.8153721Z  * [new tag]             0.6.1                  -> 0.6.1
end-workflow	Checkout Repository	2026-02-15T19:05:41.8154094Z  * [new tag]             0.6.2                  -> 0.6.2
end-workflow	Checkout Repository	2026-02-15T19:05:41.8426785Z [command]/usr/bin/git branch --list --remote origin/main
end-workflow	Checkout Repository	2026-02-15T19:05:41.8507749Z   origin/main
end-workflow	Checkout Repository	2026-02-15T19:05:41.8520252Z [command]/usr/bin/git rev-parse refs/remotes/origin/main
end-workflow	Checkout Repository	2026-02-15T19:05:41.8553541Z 98011105ce87b087fc8433df9aca3940dcb9b27b
end-workflow	Checkout Repository	2026-02-15T19:05:41.8559218Z ##[endgroup]
end-workflow	Checkout Repository	2026-02-15T19:05:41.8559712Z ##[group]Determining the checkout info
end-workflow	Checkout Repository	2026-02-15T19:05:41.8560215Z ##[endgroup]
end-workflow	Checkout Repository	2026-02-15T19:05:41.8566543Z [command]/usr/bin/git sparse-checkout disable
end-workflow	Checkout Repository	2026-02-15T19:05:41.8619892Z [command]/usr/bin/git config --local --unset-all extensions.worktreeConfig
end-workflow	Checkout Repository	2026-02-15T19:05:41.8665852Z ##[group]Checking out the ref
end-workflow	Checkout Repository	2026-02-15T19:05:41.8666486Z [command]/usr/bin/git checkout --progress --force -B main refs/remotes/origin/main
end-workflow	Checkout Repository	2026-02-15T19:05:42.1141991Z Switched to a new branch 'main'
end-workflow	Checkout Repository	2026-02-15T19:05:42.1146737Z branch 'main' set up to track 'origin/main'.
end-workflow	Checkout Repository	2026-02-15T19:05:42.1187696Z ##[endgroup]
end-workflow	Checkout Repository	2026-02-15T19:05:42.1246913Z [command]/usr/bin/git log -1 --format=%H
end-workflow	Checkout Repository	2026-02-15T19:05:42.1284401Z 98011105ce87b087fc8433df9aca3940dcb9b27b
end-workflow	Install GH CLI	ï»¿2026-02-15T19:05:42.1583758Z Prepare all required actions
end-workflow	Install GH CLI	2026-02-15T19:05:42.1637099Z ##[group]Run ./.github/actions/install-gh-cli
end-workflow	Install GH CLI	2026-02-15T19:05:42.1637448Z env:
end-workflow	Install GH CLI	2026-02-15T19:05:42.1637650Z   KAOS_MODULE: [Ka0S] Audit Pods
end-workflow	Install GH CLI	2026-02-15T19:05:42.1637919Z   KAOS_CODE: 22041302477
end-workflow	Install GH CLI	2026-02-15T19:05:42.1638139Z ##[endgroup]
end-workflow	Install GH CLI	2026-02-15T19:05:42.1741468Z ##[group]Run type -p curl >/dev/null || (sudo apt-get update && sudo apt-get install curl -y)
end-workflow	Install GH CLI	2026-02-15T19:05:42.1742214Z [36;1mtype -p curl >/dev/null || (sudo apt-get update && sudo apt-get install curl -y)[0m
end-workflow	Install GH CLI	2026-02-15T19:05:42.1743403Z [36;1mcurl -fsSL https://cli.github.com/packages/githubcli-archive-keyring.gpg | sudo dd of=/usr/share/keyrings/githubcli-archive-keyring.gpg \[0m
end-workflow	Install GH CLI	2026-02-15T19:05:42.1744249Z [36;1m&& sudo chmod go+r /usr/share/keyrings/githubcli-archive-keyring.gpg \[0m
end-workflow	Install GH CLI	2026-02-15T19:05:42.1745387Z [36;1m&& echo "deb [arch=$(dpkg --print-architecture) signed-by=/usr/share/keyrings/githubcli-archive-keyring.gpg] https://cli.github.com/packages stable main" | sudo tee /etc/apt/sources.list.d/github-cli.list > /dev/null \[0m
end-workflow	Install GH CLI	2026-02-15T19:05:42.1746466Z [36;1m&& sudo apt-get update \[0m
end-workflow	Install GH CLI	2026-02-15T19:05:42.1746758Z [36;1m&& sudo apt-get install gh -y[0m
end-workflow	Install GH CLI	2026-02-15T19:05:42.1764662Z shell: /usr/bin/bash --noprofile --norc -e -o pipefail {0}
end-workflow	Install GH CLI	2026-02-15T19:05:42.1765044Z env:
end-workflow	Install GH CLI	2026-02-15T19:05:42.1765258Z   KAOS_MODULE: [Ka0S] Audit Pods
end-workflow	Install GH CLI	2026-02-15T19:05:42.1765513Z   KAOS_CODE: 22041302477
end-workflow	Install GH CLI	2026-02-15T19:05:42.1765741Z ##[endgroup]
end-workflow	Install GH CLI	2026-02-15T19:05:42.2691723Z 4+1 records in
end-workflow	Install GH CLI	2026-02-15T19:05:42.2693219Z 4+1 records out
end-workflow	Install GH CLI	2026-02-15T19:05:42.2693557Z 2270 bytes (2.3 kB, 2.2 KiB) copied, 0.0626426 s, 36.2 kB/s
end-workflow	Install GH CLI	2026-02-15T19:05:42.4307799Z Get:1 http://security.ubuntu.com/ubuntu noble-security InRelease [126 kB]
end-workflow	Install GH CLI	2026-02-15T19:05:42.4376632Z Get:2 http://archive.ubuntu.com/ubuntu noble InRelease [256 kB]
end-workflow	Install GH CLI	2026-02-15T19:05:42.4406494Z Get:3 https://cli.github.com/packages stable InRelease [3917 B]
end-workflow	Install GH CLI	2026-02-15T19:05:42.5435178Z Get:4 https://cli.github.com/packages stable/main amd64 Packages [356 B]
end-workflow	Install GH CLI	2026-02-15T19:05:42.5936935Z Get:5 http://archive.ubuntu.com/ubuntu noble-updates InRelease [126 kB]
end-workflow	Install GH CLI	2026-02-15T19:05:42.6311976Z Get:6 http://archive.ubuntu.com/ubuntu noble-backports InRelease [126 kB]
end-workflow	Install GH CLI	2026-02-15T19:05:42.6356868Z Get:7 http://security.ubuntu.com/ubuntu noble-security/multiverse amd64 Packages [34.8 kB]
end-workflow	Install GH CLI	2026-02-15T19:05:42.6678926Z Get:8 http://security.ubuntu.com/ubuntu noble-security/main amd64 Packages [1824 kB]
end-workflow	Install GH CLI	2026-02-15T19:05:42.7296221Z Get:9 http://archive.ubuntu.com/ubuntu noble/universe amd64 Packages [19.3 MB]
end-workflow	Install GH CLI	2026-02-15T19:05:42.7782930Z Get:10 http://security.ubuntu.com/ubuntu noble-security/universe amd64 Packages [1200 kB]
end-workflow	Install GH CLI	2026-02-15T19:05:42.7977745Z Get:11 http://security.ubuntu.com/ubuntu noble-security/restricted amd64 Packages [3115 kB]
end-workflow	Install GH CLI	2026-02-15T19:05:42.9186591Z Get:12 https://ppa.launchpadcontent.net/git-core/ppa/ubuntu noble InRelease [24.3 kB]
end-workflow	Install GH CLI	2026-02-15T19:05:43.0240199Z Get:13 https://ppa.launchpadcontent.net/git-core/ppa/ubuntu noble/main amd64 Packages [2992 B]
end-workflow	Install GH CLI	2026-02-15T19:05:43.1316002Z Get:14 http://archive.ubuntu.com/ubuntu noble/multiverse amd64 Packages [331 kB]
end-workflow	Install GH CLI	2026-02-15T19:05:43.1345196Z Get:15 http://archive.ubuntu.com/ubuntu noble/restricted amd64 Packages [117 kB]
end-workflow	Install GH CLI	2026-02-15T19:05:43.1355704Z Get:16 http://archive.ubuntu.com/ubuntu noble/main amd64 Packages [1808 kB]
end-workflow	Install GH CLI	2026-02-15T19:05:43.1511508Z Get:17 http://archive.ubuntu.com/ubuntu noble-updates/universe amd64 Packages [1979 kB]
end-workflow	Install GH CLI	2026-02-15T19:05:43.1680399Z Get:18 http://archive.ubuntu.com/ubuntu noble-updates/restricted amd64 Packages [3295 kB]
end-workflow	Install GH CLI	2026-02-15T19:05:43.1964829Z Get:19 http://archive.ubuntu.com/ubuntu noble-updates/main amd64 Packages [2203 kB]
end-workflow	Install GH CLI	2026-02-15T19:05:43.2151413Z Get:20 http://archive.ubuntu.com/ubuntu noble-updates/multiverse amd64 Packages [38.1 kB]
end-workflow	Install GH CLI	2026-02-15T19:05:43.2156181Z Get:21 http://archive.ubuntu.com/ubuntu noble-backports/universe amd64 Packages [34.6 kB]
end-workflow	Install GH CLI	2026-02-15T19:05:43.2158587Z Get:22 http://archive.ubuntu.com/ubuntu noble-backports/main amd64 Packages [49.5 kB]
end-workflow	Install GH CLI	2026-02-15T19:05:44.3363027Z Fetched 36.0 MB in 2s (18.2 MB/s)
end-workflow	Install GH CLI	2026-02-15T19:05:45.2536249Z Reading package lists...
end-workflow	Install GH CLI	2026-02-15T19:05:46.2598399Z Reading package lists...
end-workflow	Install GH CLI	2026-02-15T19:05:46.4831668Z Building dependency tree...
end-workflow	Install GH CLI	2026-02-15T19:05:46.4832357Z Reading state information...
end-workflow	Install GH CLI	2026-02-15T19:05:46.8472873Z The following NEW packages will be installed:
end-workflow	Install GH CLI	2026-02-15T19:05:46.8492129Z   gh
end-workflow	Install GH CLI	2026-02-15T19:05:46.9502627Z 0 upgraded, 1 newly installed, 0 to remove and 20 not upgraded.
end-workflow	Install GH CLI	2026-02-15T19:05:46.9504518Z Need to get 13.7 MB of archives.
end-workflow	Install GH CLI	2026-02-15T19:05:46.9506497Z After this operation, 37.9 MB of additional disk space will be used.
end-workflow	Install GH CLI	2026-02-15T19:05:46.9509045Z Get:1 https://cli.github.com/packages stable/main amd64 gh amd64 2.86.0 [13.7 MB]
end-workflow	Install GH CLI	2026-02-15T19:05:47.3216076Z debconf: delaying package configuration, since apt-utils is not installed
end-workflow	Install GH CLI	2026-02-15T19:05:47.3713114Z Fetched 13.7 MB in 0s (53.7 MB/s)
end-workflow	Install GH CLI	2026-02-15T19:05:47.4298253Z Selecting previously unselected package gh.
end-workflow	Install GH CLI	2026-02-15T19:05:47.4426916Z (Reading database ... 
end-workflow	Install GH CLI	2026-02-15T19:05:47.4427569Z (Reading database ... 5%
end-workflow	Install GH CLI	2026-02-15T19:05:47.4428112Z (Reading database ... 10%
end-workflow	Install GH CLI	2026-02-15T19:05:47.4428646Z (Reading database ... 15%
end-workflow	Install GH CLI	2026-02-15T19:05:47.4429216Z (Reading database ... 20%
end-workflow	Install GH CLI	2026-02-15T19:05:47.4429736Z (Reading database ... 25%
end-workflow	Install GH CLI	2026-02-15T19:05:47.4430250Z (Reading database ... 30%
end-workflow	Install GH CLI	2026-02-15T19:05:47.4431159Z (Reading database ... 35%
end-workflow	Install GH CLI	2026-02-15T19:05:47.4431675Z (Reading database ... 40%
end-workflow	Install GH CLI	2026-02-15T19:05:47.4432839Z (Reading database ... 45%
end-workflow	Install GH CLI	2026-02-15T19:05:47.4433355Z (Reading database ... 50%
end-workflow	Install GH CLI	2026-02-15T19:05:47.4433871Z (Reading database ... 55%
end-workflow	Install GH CLI	2026-02-15T19:05:47.4434379Z (Reading database ... 60%
end-workflow	Install GH CLI	2026-02-15T19:05:47.4444208Z (Reading database ... 65%
end-workflow	Install GH CLI	2026-02-15T19:05:47.4484128Z (Reading database ... 70%
end-workflow	Install GH CLI	2026-02-15T19:05:47.4493617Z (Reading database ... 75%
end-workflow	Install GH CLI	2026-02-15T19:05:47.4514987Z (Reading database ... 80%
end-workflow	Install GH CLI	2026-02-15T19:05:47.4522282Z (Reading database ... 85%
end-workflow	Install GH CLI	2026-02-15T19:05:47.4537773Z (Reading database ... 90%
end-workflow	Install GH CLI	2026-02-15T19:05:47.4565731Z (Reading database ... 95%
end-workflow	Install GH CLI	2026-02-15T19:05:47.4566224Z (Reading database ... 100%
end-workflow	Install GH CLI	2026-02-15T19:05:47.4566787Z (Reading database ... 14385 files and directories currently installed.)
end-workflow	Install GH CLI	2026-02-15T19:05:47.4573756Z Preparing to unpack .../archives/gh_2.86.0_amd64.deb ...
end-workflow	Install GH CLI	2026-02-15T19:05:47.4604891Z Unpacking gh (2.86.0) ...
end-workflow	Install GH CLI	2026-02-15T19:05:47.7253917Z Setting up gh (2.86.0) ...
end-workflow	Trigger Inspector	ï»¿2026-02-15T19:05:47.8201770Z ##[group]Run echo "ð Triggering Inspector for Audit..."
end-workflow	Trigger Inspector	2026-02-15T19:05:47.8202326Z [36;1mecho "ð Triggering Inspector for Audit..."[0m
end-workflow	Trigger Inspector	2026-02-15T19:05:47.8202726Z [36;1mgh workflow run inspector.yml \[0m
end-workflow	Trigger Inspector	2026-02-15T19:05:47.8203057Z [36;1m  --ref main \[0m
end-workflow	Trigger Inspector	2026-02-15T19:05:47.8203360Z [36;1m  -f kaos-workflow-id="22041302477" \[0m
end-workflow	Trigger Inspector	2026-02-15T19:05:47.8203724Z [36;1m  -f kaos-user-start="santakloud"[0m
end-workflow	Trigger Inspector	2026-02-15T19:05:47.8229229Z shell: /usr/bin/bash -e {0}
end-workflow	Trigger Inspector	2026-02-15T19:05:47.8229590Z env:
end-workflow	Trigger Inspector	2026-02-15T19:05:47.8229824Z   KAOS_MODULE: [Ka0S] Audit Pods
end-workflow	Trigger Inspector	2026-02-15T19:05:47.8230118Z   KAOS_CODE: 22041302477
end-workflow	Trigger Inspector	2026-02-15T19:05:47.8230885Z   GH_TOKEN: ***
end-workflow	Trigger Inspector	2026-02-15T19:05:47.8231126Z ##[endgroup]
end-workflow	Trigger Inspector	2026-02-15T19:05:47.8271687Z ð Triggering Inspector for Audit...
end-workflow	Post Checkout Repository	ï»¿2026-02-15T19:05:49.8941131Z Post job cleanup.
end-workflow	Post Checkout Repository	2026-02-15T19:05:50.0029316Z [command]/usr/bin/git version
end-workflow	Post Checkout Repository	2026-02-15T19:05:50.0077008Z git version 2.52.0
end-workflow	Post Checkout Repository	2026-02-15T19:05:50.0126865Z Temporarily overriding HOME='/home/runner/_work/_temp/f8dfafa2-3229-40e9-a880-ec5163983b9e' before making global git config changes
end-workflow	Post Checkout Repository	2026-02-15T19:05:50.0127883Z Adding repository directory to the temporary git global config as a safe directory
end-workflow	Post Checkout Repository	2026-02-15T19:05:50.0134155Z [command]/usr/bin/git config --global --add safe.directory /home/runner/_work/ka0s/ka0s
end-workflow	Post Checkout Repository	2026-02-15T19:05:50.0186232Z [command]/usr/bin/git config --local --name-only --get-regexp core\.sshCommand
end-workflow	Post Checkout Repository	2026-02-15T19:05:50.0237328Z [command]/usr/bin/git submodule foreach --recursive sh -c "git config --local --name-only --get-regexp 'core\.sshCommand' && git config --local --unset-all 'core.sshCommand' || :"
end-workflow	Post Checkout Repository	2026-02-15T19:05:50.0574809Z [command]/usr/bin/git config --local --name-only --get-regexp http\.https\:\/\/github\.com\/\.extraheader
end-workflow	Post Checkout Repository	2026-02-15T19:05:50.0604813Z http.https://github.com/.extraheader
end-workflow	Post Checkout Repository	2026-02-15T19:05:50.0618391Z [command]/usr/bin/git config --local --unset-all http.https://github.com/.extraheader
end-workflow	Post Checkout Repository	2026-02-15T19:05:50.0660993Z [command]/usr/bin/git submodule foreach --recursive sh -c "git config --local --name-only --get-regexp 'http\.https\:\/\/github\.com\/\.extraheader' && git config --local --unset-all 'http.https://github.com/.extraheader' || :"
end-workflow	Post Checkout Repository	2026-02-15T19:05:50.0991950Z [command]/usr/bin/git config --local --name-only --get-regexp ^includeIf\.gitdir:
end-workflow	Post Checkout Repository	2026-02-15T19:05:50.1035573Z [command]/usr/bin/git submodule foreach --recursive git config --local --show-origin --name-only --get-regexp remote.origin.url
end-workflow	Complete job	ï»¿2026-02-15T19:05:50.1496347Z Cleaning up orphan processes
