job-core	Set up job	Ôªø2026-02-16T07:49:46.9207085Z Current runner version: '2.331.0'
job-core	Set up job	2026-02-16T07:49:46.9216989Z Runner name: 'swarm-runners-scaleset-hkss5-runner-gqdwf'
job-core	Set up job	2026-02-16T07:49:46.9218193Z Runner group name: 'Default'
job-core	Set up job	2026-02-16T07:49:46.9219289Z Machine name: 'swarm-runners-scaleset-hkss5-runner-gqdwf'
job-core	Set up job	2026-02-16T07:49:46.9224195Z ##[group]GITHUB_TOKEN Permissions
job-core	Set up job	2026-02-16T07:49:46.9227049Z Actions: write
job-core	Set up job	2026-02-16T07:49:46.9227800Z Contents: write
job-core	Set up job	2026-02-16T07:49:46.9228374Z Issues: write
job-core	Set up job	2026-02-16T07:49:46.9229015Z Metadata: read
job-core	Set up job	2026-02-16T07:49:46.9229974Z PullRequests: write
job-core	Set up job	2026-02-16T07:49:46.9230866Z ##[endgroup]
job-core	Set up job	2026-02-16T07:49:46.9233066Z Secret source: Actions
job-core	Set up job	2026-02-16T07:49:46.9233868Z Prepare workflow directory
job-core	Set up job	2026-02-16T07:49:46.9804976Z Prepare all required actions
job-core	Set up job	2026-02-16T07:49:46.9846318Z Getting action download info
job-core	Set up job	2026-02-16T07:49:47.6145626Z Download action repository 'actions/checkout@v4' (SHA:34e114876b0b11c390a56381ad16ebd13914f8d5)
job-core	Set up job	2026-02-16T07:49:48.4324738Z Download action repository 'actions/setup-python@v4' (SHA:7f4fc3e22c37d6ff65e88745f38bd3157c663f7c)
job-core	Set up job	2026-02-16T07:49:49.3428471Z Download action repository 'actions/upload-artifact@v4' (SHA:ea165f8d65b6e75b540449e92b4886f43607fa02)
job-core	Set up job	2026-02-16T07:49:50.4694526Z Complete job name: job-core
job-core	Checkout code	Ôªø2026-02-16T07:49:50.5364471Z ##[group]Run actions/checkout@v4
job-core	Checkout code	2026-02-16T07:49:50.5365357Z with:
job-core	Checkout code	2026-02-16T07:49:50.5365776Z   fetch-depth: 0
job-core	Checkout code	2026-02-16T07:49:50.5366211Z   repository: Ka0s-Klaus/ka0s
job-core	Checkout code	2026-02-16T07:49:50.5366958Z   token: ***
job-core	Checkout code	2026-02-16T07:49:50.5367367Z   ssh-strict: true
job-core	Checkout code	2026-02-16T07:49:50.5367781Z   ssh-user: git
job-core	Checkout code	2026-02-16T07:49:50.5368200Z   persist-credentials: true
job-core	Checkout code	2026-02-16T07:49:50.5368651Z   clean: true
job-core	Checkout code	2026-02-16T07:49:50.5369086Z   sparse-checkout-cone-mode: true
job-core	Checkout code	2026-02-16T07:49:50.5369744Z   fetch-tags: false
job-core	Checkout code	2026-02-16T07:49:50.5370312Z   show-progress: true
job-core	Checkout code	2026-02-16T07:49:50.5370723Z   lfs: false
job-core	Checkout code	2026-02-16T07:49:50.5371101Z   submodules: false
job-core	Checkout code	2026-02-16T07:49:50.5371512Z   set-safe-directory: true
job-core	Checkout code	2026-02-16T07:49:50.5372211Z env:
job-core	Checkout code	2026-02-16T07:49:50.5372635Z   PYTHON_VERSION: 3.9
job-core	Checkout code	2026-02-16T07:49:50.5373664Z   MONGO_SUPERUSER_CONNECTION: ***
job-core	Checkout code	2026-02-16T07:49:50.5374294Z   MONGO_NEW_PASS: ***
job-core	Checkout code	2026-02-16T07:49:50.5374836Z   MONGO_SCRIPT_CREATE: devops/core/mongo/scripts/add-doc-to-db.py
job-core	Checkout code	2026-02-16T07:49:50.5375471Z   KAOS_CODE: 22054341625
job-core	Checkout code	2026-02-16T07:49:50.5375934Z   KAOS_MODULE: [Ka0s] Autom add docs to MongoDB
job-core	Checkout code	2026-02-16T07:49:50.5376441Z   REPORT_SCAN: audit/
job-core	Checkout code	2026-02-16T07:49:50.5376862Z   REPORT_PATH: audit/mongodb/
job-core	Checkout code	2026-02-16T07:49:50.5377350Z   REPORT_FILENAME: mongo_setup_22054341625.json
job-core	Checkout code	2026-02-16T07:49:50.5377924Z   REPORT_FILENAME_LIST: mongo_list_22054341625.json
job-core	Checkout code	2026-02-16T07:49:50.5378527Z   REPORT_FILENAME_DB: mongo_create_db_22054341625.json
job-core	Checkout code	2026-02-16T07:49:50.5379056Z   GITHUB_OUTPUT: 
job-core	Checkout code	2026-02-16T07:49:50.5379437Z ##[endgroup]
job-core	Checkout code	2026-02-16T07:49:50.6708324Z Syncing repository: Ka0s-Klaus/ka0s
job-core	Checkout code	2026-02-16T07:49:50.6710853Z ##[group]Getting Git version info
job-core	Checkout code	2026-02-16T07:49:50.6711492Z Working directory is '/home/runner/_work/ka0s/ka0s'
job-core	Checkout code	2026-02-16T07:49:50.6712859Z [command]/usr/bin/git version
job-core	Checkout code	2026-02-16T07:49:50.6713335Z git version 2.52.0
job-core	Checkout code	2026-02-16T07:49:50.6714803Z ##[endgroup]
job-core	Checkout code	2026-02-16T07:49:50.6720418Z Temporarily overriding HOME='/home/runner/_work/_temp/55414972-bff7-4f14-b378-7336d6a9082b' before making global git config changes
job-core	Checkout code	2026-02-16T07:49:50.6723956Z Adding repository directory to the temporary git global config as a safe directory
job-core	Checkout code	2026-02-16T07:49:50.6724927Z [command]/usr/bin/git config --global --add safe.directory /home/runner/_work/ka0s/ka0s
job-core	Checkout code	2026-02-16T07:49:50.6752429Z Deleting the contents of '/home/runner/_work/ka0s/ka0s'
job-core	Checkout code	2026-02-16T07:49:50.6757774Z ##[group]Initializing the repository
job-core	Checkout code	2026-02-16T07:49:50.6762495Z [command]/usr/bin/git init /home/runner/_work/ka0s/ka0s
job-core	Checkout code	2026-02-16T07:49:50.6820996Z hint: Using 'master' as the name for the initial branch. This default branch name
job-core	Checkout code	2026-02-16T07:49:50.6824738Z hint: will change to "main" in Git 3.0. To configure the initial branch name
job-core	Checkout code	2026-02-16T07:49:50.6826024Z hint: to use in all of your new repositories, which will suppress this warning,
job-core	Checkout code	2026-02-16T07:49:50.6826687Z hint: call:
job-core	Checkout code	2026-02-16T07:49:50.6827067Z hint:
job-core	Checkout code	2026-02-16T07:49:50.6827825Z hint: 	git config --global init.defaultBranch <name>
job-core	Checkout code	2026-02-16T07:49:50.6828379Z hint:
job-core	Checkout code	2026-02-16T07:49:50.6828908Z hint: Names commonly chosen instead of 'master' are 'main', 'trunk' and
job-core	Checkout code	2026-02-16T07:49:50.6829942Z hint: 'development'. The just-created branch can be renamed via this command:
job-core	Checkout code	2026-02-16T07:49:50.6830704Z hint:
job-core	Checkout code	2026-02-16T07:49:50.6835723Z hint: 	git branch -m <name>
job-core	Checkout code	2026-02-16T07:49:50.6836261Z hint:
job-core	Checkout code	2026-02-16T07:49:50.6836887Z hint: Disable this message with "git config set advice.defaultBranchName false"
job-core	Checkout code	2026-02-16T07:49:50.6837734Z Initialized empty Git repository in /home/runner/_work/ka0s/ka0s/.git/
job-core	Checkout code	2026-02-16T07:49:50.6840727Z [command]/usr/bin/git remote add origin https://github.com/Ka0s-Klaus/ka0s
job-core	Checkout code	2026-02-16T07:49:50.6891048Z ##[endgroup]
job-core	Checkout code	2026-02-16T07:49:50.6891898Z ##[group]Disabling automatic garbage collection
job-core	Checkout code	2026-02-16T07:49:50.6892793Z [command]/usr/bin/git config --local gc.auto 0
job-core	Checkout code	2026-02-16T07:49:50.6935924Z ##[endgroup]
job-core	Checkout code	2026-02-16T07:49:50.6936794Z ##[group]Setting up auth
job-core	Checkout code	2026-02-16T07:49:50.6944692Z [command]/usr/bin/git config --local --name-only --get-regexp core\.sshCommand
job-core	Checkout code	2026-02-16T07:49:50.6989193Z [command]/usr/bin/git submodule foreach --recursive sh -c "git config --local --name-only --get-regexp 'core\.sshCommand' && git config --local --unset-all 'core.sshCommand' || :"
job-core	Checkout code	2026-02-16T07:49:50.7327640Z [command]/usr/bin/git config --local --name-only --get-regexp http\.https\:\/\/github\.com\/\.extraheader
job-core	Checkout code	2026-02-16T07:49:50.7367001Z [command]/usr/bin/git submodule foreach --recursive sh -c "git config --local --name-only --get-regexp 'http\.https\:\/\/github\.com\/\.extraheader' && git config --local --unset-all 'http.https://github.com/.extraheader' || :"
job-core	Checkout code	2026-02-16T07:49:50.7710798Z [command]/usr/bin/git config --local --name-only --get-regexp ^includeIf\.gitdir:
job-core	Checkout code	2026-02-16T07:49:50.7755423Z [command]/usr/bin/git submodule foreach --recursive git config --local --show-origin --name-only --get-regexp remote.origin.url
job-core	Checkout code	2026-02-16T07:49:50.8097517Z [command]/usr/bin/git config --local http.https://github.com/.extraheader AUTHORIZATION: basic ***
job-core	Checkout code	2026-02-16T07:49:50.8157707Z ##[endgroup]
job-core	Checkout code	2026-02-16T07:49:50.8158577Z ##[group]Fetching the repository
job-core	Checkout code	2026-02-16T07:49:50.8166449Z [command]/usr/bin/git -c protocol.version=2 fetch --prune --no-recurse-submodules origin +refs/heads/*:refs/remotes/origin/* +refs/tags/*:refs/tags/*
job-core	Checkout code	2026-02-16T07:50:11.6623425Z From https://github.com/Ka0s-Klaus/ka0s
job-core	Checkout code	2026-02-16T07:50:11.6624378Z  * [new branch]          F227-despliegue-de-kube-independiente-del-clouder -> origin/F227-despliegue-de-kube-independiente-del-clouder
job-core	Checkout code	2026-02-16T07:50:11.6625214Z  * [new branch]          F3450-modelo-operativo -> origin/F3450-modelo-operativo
job-core	Checkout code	2026-02-16T07:50:11.6626409Z  * [new branch]          H1151-desarrollo-de-secciones-ii -> origin/H1151-desarrollo-de-secciones-ii
job-core	Checkout code	2026-02-16T07:50:11.6627556Z  * [new branch]          H1193-ejemplo-web-documentacion -> origin/H1193-ejemplo-web-documentacion
job-core	Checkout code	2026-02-16T07:50:11.6628333Z  * [new branch]          H1276-modulo-observabilidad -> origin/H1276-modulo-observabilidad
job-core	Checkout code	2026-02-16T07:50:11.6629273Z  * [new branch]          H227-despliegue-de-kube-independiente-del-clouder -> origin/H227-despliegue-de-kube-independiente-del-clouder
job-core	Checkout code	2026-02-16T07:50:11.6630261Z  * [new branch]          H3266-deploy-zabbix    -> origin/H3266-deploy-zabbix
job-core	Checkout code	2026-02-16T07:50:11.6630782Z  * [new branch]          H3596-deploy-itop      -> origin/H3596-deploy-itop
job-core	Checkout code	2026-02-16T07:50:11.6631629Z  * [new branch]          RN227-despliegue-de-kube-independiente-del-clouder -> origin/RN227-despliegue-de-kube-independiente-del-clouder
job-core	Checkout code	2026-02-16T07:50:11.6632413Z  * [new branch]          main                   -> origin/main
job-core	Checkout code	2026-02-16T07:50:11.6632835Z  * [new tag]             0.0.0                  -> 0.0.0
job-core	Checkout code	2026-02-16T07:50:11.6633198Z  * [new tag]             0.0.1                  -> 0.0.1
job-core	Checkout code	2026-02-16T07:50:11.6633976Z  * [new tag]             0.0.10                 -> 0.0.10
job-core	Checkout code	2026-02-16T07:50:11.6634383Z  * [new tag]             0.0.100                -> 0.0.100
job-core	Checkout code	2026-02-16T07:50:11.6634784Z  * [new tag]             0.0.101                -> 0.0.101
job-core	Checkout code	2026-02-16T07:50:11.6635160Z  * [new tag]             0.0.102                -> 0.0.102
job-core	Checkout code	2026-02-16T07:50:11.6654727Z  * [new tag]             0.0.103                -> 0.0.103
job-core	Checkout code	2026-02-16T07:50:11.6655425Z  * [new tag]             0.0.104                -> 0.0.104
job-core	Checkout code	2026-02-16T07:50:11.6661699Z  * [new tag]             0.0.105                -> 0.0.105
job-core	Checkout code	2026-02-16T07:50:11.6662155Z  * [new tag]             0.0.106                -> 0.0.106
job-core	Checkout code	2026-02-16T07:50:11.6662520Z  * [new tag]             0.0.107                -> 0.0.107
job-core	Checkout code	2026-02-16T07:50:11.6662881Z  * [new tag]             0.0.108                -> 0.0.108
job-core	Checkout code	2026-02-16T07:50:11.6663239Z  * [new tag]             0.0.109                -> 0.0.109
job-core	Checkout code	2026-02-16T07:50:11.6663610Z  * [new tag]             0.0.11                 -> 0.0.11
job-core	Checkout code	2026-02-16T07:50:11.6663971Z  * [new tag]             0.0.110                -> 0.0.110
job-core	Checkout code	2026-02-16T07:50:11.6664331Z  * [new tag]             0.0.111                -> 0.0.111
job-core	Checkout code	2026-02-16T07:50:11.6665159Z  * [new tag]             0.0.112                -> 0.0.112
job-core	Checkout code	2026-02-16T07:50:11.6665525Z  * [new tag]             0.0.113                -> 0.0.113
job-core	Checkout code	2026-02-16T07:50:11.6666010Z  * [new tag]             0.0.114                -> 0.0.114
job-core	Checkout code	2026-02-16T07:50:11.6666428Z  * [new tag]             0.0.115                -> 0.0.115
job-core	Checkout code	2026-02-16T07:50:11.6666782Z  * [new tag]             0.0.116                -> 0.0.116
job-core	Checkout code	2026-02-16T07:50:11.6667133Z  * [new tag]             0.0.117                -> 0.0.117
job-core	Checkout code	2026-02-16T07:50:11.6667489Z  * [new tag]             0.0.118                -> 0.0.118
job-core	Checkout code	2026-02-16T07:50:11.6667845Z  * [new tag]             0.0.119                -> 0.0.119
job-core	Checkout code	2026-02-16T07:50:11.6668204Z  * [new tag]             0.0.12                 -> 0.0.12
job-core	Checkout code	2026-02-16T07:50:11.6668573Z  * [new tag]             0.0.120                -> 0.0.120
job-core	Checkout code	2026-02-16T07:50:11.6668932Z  * [new tag]             0.0.121                -> 0.0.121
job-core	Checkout code	2026-02-16T07:50:11.6669291Z  * [new tag]             0.0.122                -> 0.0.122
job-core	Checkout code	2026-02-16T07:50:11.6679339Z  * [new tag]             0.0.123                -> 0.0.123
job-core	Checkout code	2026-02-16T07:50:11.6680049Z  * [new tag]             0.0.124                -> 0.0.124
job-core	Checkout code	2026-02-16T07:50:11.6680421Z  * [new tag]             0.0.125                -> 0.0.125
job-core	Checkout code	2026-02-16T07:50:11.6680782Z  * [new tag]             0.0.126                -> 0.0.126
job-core	Checkout code	2026-02-16T07:50:11.6681139Z  * [new tag]             0.0.127                -> 0.0.127
job-core	Checkout code	2026-02-16T07:50:11.6681507Z  * [new tag]             0.0.128                -> 0.0.128
job-core	Checkout code	2026-02-16T07:50:11.6681874Z  * [new tag]             0.0.129                -> 0.0.129
job-core	Checkout code	2026-02-16T07:50:11.6682255Z  * [new tag]             0.0.13                 -> 0.0.13
job-core	Checkout code	2026-02-16T07:50:11.6682640Z  * [new tag]             0.0.130                -> 0.0.130
job-core	Checkout code	2026-02-16T07:50:11.6683064Z  * [new tag]             0.0.131                -> 0.0.131
job-core	Checkout code	2026-02-16T07:50:11.6683442Z  * [new tag]             0.0.132                -> 0.0.132
job-core	Checkout code	2026-02-16T07:50:11.6683836Z  * [new tag]             0.0.133                -> 0.0.133
job-core	Checkout code	2026-02-16T07:50:11.6684224Z  * [new tag]             0.0.134                -> 0.0.134
job-core	Checkout code	2026-02-16T07:50:11.6684598Z  * [new tag]             0.0.135                -> 0.0.135
job-core	Checkout code	2026-02-16T07:50:11.6684965Z  * [new tag]             0.0.136                -> 0.0.136
job-core	Checkout code	2026-02-16T07:50:11.6685327Z  * [new tag]             0.0.137                -> 0.0.137
job-core	Checkout code	2026-02-16T07:50:11.6685709Z  * [new tag]             0.0.138                -> 0.0.138
job-core	Checkout code	2026-02-16T07:50:11.6686071Z  * [new tag]             0.0.139                -> 0.0.139
job-core	Checkout code	2026-02-16T07:50:11.6686440Z  * [new tag]             0.0.14                 -> 0.0.14
job-core	Checkout code	2026-02-16T07:50:11.6686802Z  * [new tag]             0.0.140                -> 0.0.140
job-core	Checkout code	2026-02-16T07:50:11.6687525Z  * [new tag]             0.0.141                -> 0.0.141
job-core	Checkout code	2026-02-16T07:50:11.6687881Z  * [new tag]             0.0.142                -> 0.0.142
job-core	Checkout code	2026-02-16T07:50:11.6688235Z  * [new tag]             0.0.143                -> 0.0.143
job-core	Checkout code	2026-02-16T07:50:11.6688608Z  * [new tag]             0.0.144                -> 0.0.144
job-core	Checkout code	2026-02-16T07:50:11.6688966Z  * [new tag]             0.0.145                -> 0.0.145
job-core	Checkout code	2026-02-16T07:50:11.6689326Z  * [new tag]             0.0.146                -> 0.0.146
job-core	Checkout code	2026-02-16T07:50:11.6689896Z  * [new tag]             0.0.147                -> 0.0.147
job-core	Checkout code	2026-02-16T07:50:11.6690367Z  * [new tag]             0.0.148                -> 0.0.148
job-core	Checkout code	2026-02-16T07:50:11.6690734Z  * [new tag]             0.0.149                -> 0.0.149
job-core	Checkout code	2026-02-16T07:50:11.6691104Z  * [new tag]             0.0.15                 -> 0.0.15
job-core	Checkout code	2026-02-16T07:50:11.6691474Z  * [new tag]             0.0.150                -> 0.0.150
job-core	Checkout code	2026-02-16T07:50:11.6691841Z  * [new tag]             0.0.151                -> 0.0.151
job-core	Checkout code	2026-02-16T07:50:11.6692216Z  * [new tag]             0.0.152                -> 0.0.152
job-core	Checkout code	2026-02-16T07:50:11.6692582Z  * [new tag]             0.0.153                -> 0.0.153
job-core	Checkout code	2026-02-16T07:50:11.6692954Z  * [new tag]             0.0.154                -> 0.0.154
job-core	Checkout code	2026-02-16T07:50:11.6693567Z  * [new tag]             0.0.155                -> 0.0.155
job-core	Checkout code	2026-02-16T07:50:11.6693939Z  * [new tag]             0.0.156                -> 0.0.156
job-core	Checkout code	2026-02-16T07:50:11.6694307Z  * [new tag]             0.0.157                -> 0.0.157
job-core	Checkout code	2026-02-16T07:50:11.6694671Z  * [new tag]             0.0.158                -> 0.0.158
job-core	Checkout code	2026-02-16T07:50:11.6695039Z  * [new tag]             0.0.159                -> 0.0.159
job-core	Checkout code	2026-02-16T07:50:11.6695399Z  * [new tag]             0.0.16                 -> 0.0.16
job-core	Checkout code	2026-02-16T07:50:11.6695789Z  * [new tag]             0.0.160                -> 0.0.160
job-core	Checkout code	2026-02-16T07:50:11.6696158Z  * [new tag]             0.0.161                -> 0.0.161
job-core	Checkout code	2026-02-16T07:50:11.6696521Z  * [new tag]             0.0.162                -> 0.0.162
job-core	Checkout code	2026-02-16T07:50:11.6696896Z  * [new tag]             0.0.163                -> 0.0.163
job-core	Checkout code	2026-02-16T07:50:11.6697263Z  * [new tag]             0.0.164                -> 0.0.164
job-core	Checkout code	2026-02-16T07:50:11.6697627Z  * [new tag]             0.0.165                -> 0.0.165
job-core	Checkout code	2026-02-16T07:50:11.6697993Z  * [new tag]             0.0.166                -> 0.0.166
job-core	Checkout code	2026-02-16T07:50:11.6698358Z  * [new tag]             0.0.167                -> 0.0.167
job-core	Checkout code	2026-02-16T07:50:11.6698723Z  * [new tag]             0.0.168                -> 0.0.168
job-core	Checkout code	2026-02-16T07:50:11.6699090Z  * [new tag]             0.0.169                -> 0.0.169
job-core	Checkout code	2026-02-16T07:50:11.6699457Z  * [new tag]             0.0.17                 -> 0.0.17
job-core	Checkout code	2026-02-16T07:50:11.6699992Z  * [new tag]             0.0.170                -> 0.0.170
job-core	Checkout code	2026-02-16T07:50:11.6700361Z  * [new tag]             0.0.171                -> 0.0.171
job-core	Checkout code	2026-02-16T07:50:11.6700726Z  * [new tag]             0.0.172                -> 0.0.172
job-core	Checkout code	2026-02-16T07:50:11.6701091Z  * [new tag]             0.0.173                -> 0.0.173
job-core	Checkout code	2026-02-16T07:50:11.6701455Z  * [new tag]             0.0.174                -> 0.0.174
job-core	Checkout code	2026-02-16T07:50:11.6701820Z  * [new tag]             0.0.175                -> 0.0.175
job-core	Checkout code	2026-02-16T07:50:11.6702197Z  * [new tag]             0.0.176                -> 0.0.176
job-core	Checkout code	2026-02-16T07:50:11.6702689Z  * [new tag]             0.0.177                -> 0.0.177
job-core	Checkout code	2026-02-16T07:50:11.6703044Z  * [new tag]             0.0.178                -> 0.0.178
job-core	Checkout code	2026-02-16T07:50:11.6703402Z  * [new tag]             0.0.179                -> 0.0.179
job-core	Checkout code	2026-02-16T07:50:11.6703756Z  * [new tag]             0.0.18                 -> 0.0.18
job-core	Checkout code	2026-02-16T07:50:11.6704112Z  * [new tag]             0.0.19                 -> 0.0.19
job-core	Checkout code	2026-02-16T07:50:11.6704474Z  * [new tag]             0.0.2                  -> 0.0.2
job-core	Checkout code	2026-02-16T07:50:11.6704827Z  * [new tag]             0.0.20                 -> 0.0.20
job-core	Checkout code	2026-02-16T07:50:11.6705179Z  * [new tag]             0.0.21                 -> 0.0.21
job-core	Checkout code	2026-02-16T07:50:11.6705762Z  * [new tag]             0.0.22                 -> 0.0.22
job-core	Checkout code	2026-02-16T07:50:11.6706124Z  * [new tag]             0.0.23                 -> 0.0.23
job-core	Checkout code	2026-02-16T07:50:11.6706480Z  * [new tag]             0.0.24                 -> 0.0.24
job-core	Checkout code	2026-02-16T07:50:11.6706830Z  * [new tag]             0.0.25                 -> 0.0.25
job-core	Checkout code	2026-02-16T07:50:11.6707183Z  * [new tag]             0.0.26                 -> 0.0.26
job-core	Checkout code	2026-02-16T07:50:11.6707533Z  * [new tag]             0.0.27                 -> 0.0.27
job-core	Checkout code	2026-02-16T07:50:11.6707887Z  * [new tag]             0.0.28                 -> 0.0.28
job-core	Checkout code	2026-02-16T07:50:11.6708242Z  * [new tag]             0.0.29                 -> 0.0.29
job-core	Checkout code	2026-02-16T07:50:11.6708594Z  * [new tag]             0.0.3                  -> 0.0.3
job-core	Checkout code	2026-02-16T07:50:11.6708947Z  * [new tag]             0.0.30                 -> 0.0.30
job-core	Checkout code	2026-02-16T07:50:11.6709297Z  * [new tag]             0.0.31                 -> 0.0.31
job-core	Checkout code	2026-02-16T07:50:11.6710075Z  * [new tag]             0.0.32                 -> 0.0.32
job-core	Checkout code	2026-02-16T07:50:11.6710555Z  * [new tag]             0.0.33                 -> 0.0.33
job-core	Checkout code	2026-02-16T07:50:11.6711148Z  * [new tag]             0.0.34                 -> 0.0.34
job-core	Checkout code	2026-02-16T07:50:11.6711504Z  * [new tag]             0.0.35                 -> 0.0.35
job-core	Checkout code	2026-02-16T07:50:11.6712064Z  * [new tag]             0.0.36                 -> 0.0.36
job-core	Checkout code	2026-02-16T07:50:11.6712416Z  * [new tag]             0.0.37                 -> 0.0.37
job-core	Checkout code	2026-02-16T07:50:11.6712768Z  * [new tag]             0.0.38                 -> 0.0.38
job-core	Checkout code	2026-02-16T07:50:11.6713260Z  * [new tag]             0.0.39                 -> 0.0.39
job-core	Checkout code	2026-02-16T07:50:11.6713891Z  * [new tag]             0.0.4                  -> 0.0.4
job-core	Checkout code	2026-02-16T07:50:11.6714255Z  * [new tag]             0.0.40                 -> 0.0.40
job-core	Checkout code	2026-02-16T07:50:11.6714858Z  * [new tag]             0.0.41                 -> 0.0.41
job-core	Checkout code	2026-02-16T07:50:11.6715205Z  * [new tag]             0.0.42                 -> 0.0.42
job-core	Checkout code	2026-02-16T07:50:11.6715551Z  * [new tag]             0.0.43                 -> 0.0.43
job-core	Checkout code	2026-02-16T07:50:11.6715900Z  * [new tag]             0.0.44                 -> 0.0.44
job-core	Checkout code	2026-02-16T07:50:11.6716238Z  * [new tag]             0.0.45                 -> 0.0.45
job-core	Checkout code	2026-02-16T07:50:11.6716581Z  * [new tag]             0.0.46                 -> 0.0.46
job-core	Checkout code	2026-02-16T07:50:11.6717191Z  * [new tag]             0.0.47                 -> 0.0.47
job-core	Checkout code	2026-02-16T07:50:11.6717695Z  * [new tag]             0.0.48                 -> 0.0.48
job-core	Checkout code	2026-02-16T07:50:11.6718055Z  * [new tag]             0.0.49                 -> 0.0.49
job-core	Checkout code	2026-02-16T07:50:11.6718413Z  * [new tag]             0.0.5                  -> 0.0.5
job-core	Checkout code	2026-02-16T07:50:11.6718765Z  * [new tag]             0.0.50                 -> 0.0.50
job-core	Checkout code	2026-02-16T07:50:11.6719121Z  * [new tag]             0.0.51                 -> 0.0.51
job-core	Checkout code	2026-02-16T07:50:11.6719471Z  * [new tag]             0.0.52                 -> 0.0.52
job-core	Checkout code	2026-02-16T07:50:11.6720182Z  * [new tag]             0.0.53                 -> 0.0.53
job-core	Checkout code	2026-02-16T07:50:11.6720649Z  * [new tag]             0.0.54                 -> 0.0.54
job-core	Checkout code	2026-02-16T07:50:11.6720990Z  * [new tag]             0.0.55                 -> 0.0.55
job-core	Checkout code	2026-02-16T07:50:11.6721325Z  * [new tag]             0.0.56                 -> 0.0.56
job-core	Checkout code	2026-02-16T07:50:11.6721670Z  * [new tag]             0.0.57                 -> 0.0.57
job-core	Checkout code	2026-02-16T07:50:11.6722007Z  * [new tag]             0.0.58                 -> 0.0.58
job-core	Checkout code	2026-02-16T07:50:11.6722342Z  * [new tag]             0.0.59                 -> 0.0.59
job-core	Checkout code	2026-02-16T07:50:11.6722676Z  * [new tag]             0.0.6                  -> 0.0.6
job-core	Checkout code	2026-02-16T07:50:11.6734355Z  * [new tag]             0.0.60                 -> 0.0.60
job-core	Checkout code	2026-02-16T07:50:11.6734874Z  * [new tag]             0.0.61                 -> 0.0.61
job-core	Checkout code	2026-02-16T07:50:11.6735221Z  * [new tag]             0.0.62                 -> 0.0.62
job-core	Checkout code	2026-02-16T07:50:11.6735560Z  * [new tag]             0.0.63                 -> 0.0.63
job-core	Checkout code	2026-02-16T07:50:11.6735895Z  * [new tag]             0.0.64                 -> 0.0.64
job-core	Checkout code	2026-02-16T07:50:11.6736513Z  * [new tag]             0.0.65                 -> 0.0.65
job-core	Checkout code	2026-02-16T07:50:11.6736851Z  * [new tag]             0.0.66                 -> 0.0.66
job-core	Checkout code	2026-02-16T07:50:11.6737186Z  * [new tag]             0.0.67                 -> 0.0.67
job-core	Checkout code	2026-02-16T07:50:11.6737527Z  * [new tag]             0.0.68                 -> 0.0.68
job-core	Checkout code	2026-02-16T07:50:11.6737862Z  * [new tag]             0.0.69                 -> 0.0.69
job-core	Checkout code	2026-02-16T07:50:11.6738198Z  * [new tag]             0.0.7                  -> 0.0.7
job-core	Checkout code	2026-02-16T07:50:11.6738535Z  * [new tag]             0.0.70                 -> 0.0.70
job-core	Checkout code	2026-02-16T07:50:11.6738865Z  * [new tag]             0.0.71                 -> 0.0.71
job-core	Checkout code	2026-02-16T07:50:11.6739207Z  * [new tag]             0.0.72                 -> 0.0.72
job-core	Checkout code	2026-02-16T07:50:11.6739747Z  * [new tag]             0.0.73                 -> 0.0.73
job-core	Checkout code	2026-02-16T07:50:11.6740487Z  * [new tag]             0.0.74                 -> 0.0.74
job-core	Checkout code	2026-02-16T07:50:11.6740821Z  * [new tag]             0.0.75                 -> 0.0.75
job-core	Checkout code	2026-02-16T07:50:11.6741160Z  * [new tag]             0.0.76                 -> 0.0.76
job-core	Checkout code	2026-02-16T07:50:11.6741495Z  * [new tag]             0.0.77                 -> 0.0.77
job-core	Checkout code	2026-02-16T07:50:11.6741829Z  * [new tag]             0.0.78                 -> 0.0.78
job-core	Checkout code	2026-02-16T07:50:11.6742420Z  * [new tag]             0.0.79                 -> 0.0.79
job-core	Checkout code	2026-02-16T07:50:11.6742760Z  * [new tag]             0.0.8                  -> 0.0.8
job-core	Checkout code	2026-02-16T07:50:11.6743100Z  * [new tag]             0.0.80                 -> 0.0.80
job-core	Checkout code	2026-02-16T07:50:11.6743437Z  * [new tag]             0.0.81                 -> 0.0.81
job-core	Checkout code	2026-02-16T07:50:11.6743770Z  * [new tag]             0.0.82                 -> 0.0.82
job-core	Checkout code	2026-02-16T07:50:11.6744103Z  * [new tag]             0.0.83                 -> 0.0.83
job-core	Checkout code	2026-02-16T07:50:11.6744434Z  * [new tag]             0.0.84                 -> 0.0.84
job-core	Checkout code	2026-02-16T07:50:11.6744772Z  * [new tag]             0.0.85                 -> 0.0.85
job-core	Checkout code	2026-02-16T07:50:11.6745109Z  * [new tag]             0.0.86                 -> 0.0.86
job-core	Checkout code	2026-02-16T07:50:11.6745450Z  * [new tag]             0.0.87                 -> 0.0.87
job-core	Checkout code	2026-02-16T07:50:11.6745786Z  * [new tag]             0.0.88                 -> 0.0.88
job-core	Checkout code	2026-02-16T07:50:11.6746122Z  * [new tag]             0.0.89                 -> 0.0.89
job-core	Checkout code	2026-02-16T07:50:11.6746466Z  * [new tag]             0.0.9                  -> 0.0.9
job-core	Checkout code	2026-02-16T07:50:11.6746803Z  * [new tag]             0.0.90                 -> 0.0.90
job-core	Checkout code	2026-02-16T07:50:11.6747135Z  * [new tag]             0.0.91                 -> 0.0.91
job-core	Checkout code	2026-02-16T07:50:11.6747471Z  * [new tag]             0.0.92                 -> 0.0.92
job-core	Checkout code	2026-02-16T07:50:11.6747805Z  * [new tag]             0.0.93                 -> 0.0.93
job-core	Checkout code	2026-02-16T07:50:11.6748139Z  * [new tag]             0.0.94                 -> 0.0.94
job-core	Checkout code	2026-02-16T07:50:11.6748480Z  * [new tag]             0.0.95                 -> 0.0.95
job-core	Checkout code	2026-02-16T07:50:11.6748815Z  * [new tag]             0.0.96                 -> 0.0.96
job-core	Checkout code	2026-02-16T07:50:11.6749156Z  * [new tag]             0.0.97                 -> 0.0.97
job-core	Checkout code	2026-02-16T07:50:11.6749702Z  * [new tag]             0.0.98                 -> 0.0.98
job-core	Checkout code	2026-02-16T07:50:11.6750319Z  * [new tag]             0.0.99                 -> 0.0.99
job-core	Checkout code	2026-02-16T07:50:11.6750654Z  * [new tag]             0.1.0                  -> 0.1.0
job-core	Checkout code	2026-02-16T07:50:11.6750995Z  * [new tag]             0.1.1                  -> 0.1.1
job-core	Checkout code	2026-02-16T07:50:11.6751356Z  * [new tag]             0.2.0                  -> 0.2.0
job-core	Checkout code	2026-02-16T07:50:11.6751693Z  * [new tag]             0.3.0                  -> 0.3.0
job-core	Checkout code	2026-02-16T07:50:11.6752027Z  * [new tag]             0.3.1                  -> 0.3.1
job-core	Checkout code	2026-02-16T07:50:11.6752361Z  * [new tag]             0.3.10                 -> 0.3.10
job-core	Checkout code	2026-02-16T07:50:11.6752700Z  * [new tag]             0.3.11                 -> 0.3.11
job-core	Checkout code	2026-02-16T07:50:11.6753038Z  * [new tag]             0.3.12                 -> 0.3.12
job-core	Checkout code	2026-02-16T07:50:11.6753376Z  * [new tag]             0.3.13                 -> 0.3.13
job-core	Checkout code	2026-02-16T07:50:11.6753913Z  * [new tag]             0.3.14                 -> 0.3.14
job-core	Checkout code	2026-02-16T07:50:11.6754255Z  * [new tag]             0.3.15                 -> 0.3.15
job-core	Checkout code	2026-02-16T07:50:11.6754593Z  * [new tag]             0.3.16                 -> 0.3.16
job-core	Checkout code	2026-02-16T07:50:11.6754932Z  * [new tag]             0.3.17                 -> 0.3.17
job-core	Checkout code	2026-02-16T07:50:11.6755268Z  * [new tag]             0.3.2                  -> 0.3.2
job-core	Checkout code	2026-02-16T07:50:11.6755603Z  * [new tag]             0.3.3                  -> 0.3.3
job-core	Checkout code	2026-02-16T07:50:11.6755940Z  * [new tag]             0.3.4                  -> 0.3.4
job-core	Checkout code	2026-02-16T07:50:11.6756273Z  * [new tag]             0.3.5                  -> 0.3.5
job-core	Checkout code	2026-02-16T07:50:11.6756608Z  * [new tag]             0.3.6                  -> 0.3.6
job-core	Checkout code	2026-02-16T07:50:11.6756941Z  * [new tag]             0.3.7                  -> 0.3.7
job-core	Checkout code	2026-02-16T07:50:11.6757269Z  * [new tag]             0.3.8                  -> 0.3.8
job-core	Checkout code	2026-02-16T07:50:11.6757600Z  * [new tag]             0.3.9                  -> 0.3.9
job-core	Checkout code	2026-02-16T07:50:11.6757936Z  * [new tag]             0.4.0                  -> 0.4.0
job-core	Checkout code	2026-02-16T07:50:11.6758269Z  * [new tag]             0.4.1                  -> 0.4.1
job-core	Checkout code	2026-02-16T07:50:11.6758603Z  * [new tag]             0.4.2                  -> 0.4.2
job-core	Checkout code	2026-02-16T07:50:11.6759114Z  * [new tag]             0.4.3                  -> 0.4.3
job-core	Checkout code	2026-02-16T07:50:11.6759448Z  * [new tag]             0.4.4                  -> 0.4.4
job-core	Checkout code	2026-02-16T07:50:11.6760321Z  * [new tag]             0.4.5                  -> 0.4.5
job-core	Checkout code	2026-02-16T07:50:11.6760785Z  * [new tag]             0.4.6                  -> 0.4.6
job-core	Checkout code	2026-02-16T07:50:11.6761116Z  * [new tag]             0.4.7                  -> 0.4.7
job-core	Checkout code	2026-02-16T07:50:11.6761456Z  * [new tag]             0.4.8                  -> 0.4.8
job-core	Checkout code	2026-02-16T07:50:11.6761787Z  * [new tag]             0.4.9                  -> 0.4.9
job-core	Checkout code	2026-02-16T07:50:11.6762122Z  * [new tag]             0.5.0                  -> 0.5.0
job-core	Checkout code	2026-02-16T07:50:11.6762448Z  * [new tag]             0.5.1                  -> 0.5.1
job-core	Checkout code	2026-02-16T07:50:11.6762784Z  * [new tag]             0.5.2                  -> 0.5.2
job-core	Checkout code	2026-02-16T07:50:11.6763118Z  * [new tag]             0.6.0                  -> 0.6.0
job-core	Checkout code	2026-02-16T07:50:11.6763452Z  * [new tag]             0.6.1                  -> 0.6.1
job-core	Checkout code	2026-02-16T07:50:11.6763790Z  * [new tag]             0.6.2                  -> 0.6.2
job-core	Checkout code	2026-02-16T07:50:11.7032878Z [command]/usr/bin/git branch --list --remote origin/main
job-core	Checkout code	2026-02-16T07:50:11.7111506Z   origin/main
job-core	Checkout code	2026-02-16T07:50:11.7124817Z [command]/usr/bin/git rev-parse refs/remotes/origin/main
job-core	Checkout code	2026-02-16T07:50:11.7154928Z b81f5dc609abb8223109a5e9ff652d3921db9402
job-core	Checkout code	2026-02-16T07:50:11.7161027Z ##[endgroup]
job-core	Checkout code	2026-02-16T07:50:11.7161457Z ##[group]Determining the checkout info
job-core	Checkout code	2026-02-16T07:50:11.7162875Z ##[endgroup]
job-core	Checkout code	2026-02-16T07:50:11.7168973Z [command]/usr/bin/git sparse-checkout disable
job-core	Checkout code	2026-02-16T07:50:11.7221686Z [command]/usr/bin/git config --local --unset-all extensions.worktreeConfig
job-core	Checkout code	2026-02-16T07:50:11.7260664Z ##[group]Checking out the ref
job-core	Checkout code	2026-02-16T07:50:11.7266924Z [command]/usr/bin/git checkout --progress --force -B main refs/remotes/origin/main
job-core	Checkout code	2026-02-16T07:50:11.9765474Z Switched to a new branch 'main'
job-core	Checkout code	2026-02-16T07:50:11.9770219Z branch 'main' set up to track 'origin/main'.
job-core	Checkout code	2026-02-16T07:50:11.9806206Z ##[endgroup]
job-core	Checkout code	2026-02-16T07:50:11.9865663Z [command]/usr/bin/git log -1 --format=%H
job-core	Checkout code	2026-02-16T07:50:11.9898640Z b81f5dc609abb8223109a5e9ff652d3921db9402
job-core	Install GH CLI	Ôªø2026-02-16T07:50:12.0189237Z Prepare all required actions
job-core	Install GH CLI	2026-02-16T07:50:12.0236103Z ##[group]Run ./.github/actions/install-gh-cli
job-core	Install GH CLI	2026-02-16T07:50:12.0236424Z env:
job-core	Install GH CLI	2026-02-16T07:50:12.0236619Z   PYTHON_VERSION: 3.9
job-core	Install GH CLI	2026-02-16T07:50:12.0237467Z   MONGO_SUPERUSER_CONNECTION: ***
job-core	Install GH CLI	2026-02-16T07:50:12.0237860Z   MONGO_NEW_PASS: ***
job-core	Install GH CLI	2026-02-16T07:50:12.0238173Z   MONGO_SCRIPT_CREATE: devops/core/mongo/scripts/add-doc-to-db.py
job-core	Install GH CLI	2026-02-16T07:50:12.0238541Z   KAOS_CODE: 22054341625
job-core	Install GH CLI	2026-02-16T07:50:12.0238799Z   KAOS_MODULE: [Ka0s] Autom add docs to MongoDB
job-core	Install GH CLI	2026-02-16T07:50:12.0239093Z   REPORT_SCAN: audit/
job-core	Install GH CLI	2026-02-16T07:50:12.0239647Z   REPORT_PATH: audit/mongodb/
job-core	Install GH CLI	2026-02-16T07:50:12.0240034Z   REPORT_FILENAME: mongo_setup_22054341625.json
job-core	Install GH CLI	2026-02-16T07:50:12.0240370Z   REPORT_FILENAME_LIST: mongo_list_22054341625.json
job-core	Install GH CLI	2026-02-16T07:50:12.0240719Z   REPORT_FILENAME_DB: mongo_create_db_22054341625.json
job-core	Install GH CLI	2026-02-16T07:50:12.0241028Z   GITHUB_OUTPUT: 
job-core	Install GH CLI	2026-02-16T07:50:12.0241227Z ##[endgroup]
job-core	Install GH CLI	2026-02-16T07:50:12.0336938Z ##[group]Run type -p curl >/dev/null || (sudo apt-get update && sudo apt-get install curl -y)
job-core	Install GH CLI	2026-02-16T07:50:12.0337649Z [36;1mtype -p curl >/dev/null || (sudo apt-get update && sudo apt-get install curl -y)[0m
job-core	Install GH CLI	2026-02-16T07:50:12.0338486Z [36;1mcurl -fsSL https://cli.github.com/packages/githubcli-archive-keyring.gpg | sudo dd of=/usr/share/keyrings/githubcli-archive-keyring.gpg \[0m
job-core	Install GH CLI	2026-02-16T07:50:12.0339266Z [36;1m&& sudo chmod go+r /usr/share/keyrings/githubcli-archive-keyring.gpg \[0m
job-core	Install GH CLI	2026-02-16T07:50:12.0340943Z [36;1m&& echo "deb [arch=$(dpkg --print-architecture) signed-by=/usr/share/keyrings/githubcli-archive-keyring.gpg] https://cli.github.com/packages stable main" | sudo tee /etc/apt/sources.list.d/github-cli.list > /dev/null \[0m
job-core	Install GH CLI	2026-02-16T07:50:12.0341913Z [36;1m&& sudo apt-get update \[0m
job-core	Install GH CLI	2026-02-16T07:50:12.0342198Z [36;1m&& sudo apt-get install gh -y[0m
job-core	Install GH CLI	2026-02-16T07:50:12.0358732Z shell: /usr/bin/bash --noprofile --norc -e -o pipefail {0}
job-core	Install GH CLI	2026-02-16T07:50:12.0359095Z env:
job-core	Install GH CLI	2026-02-16T07:50:12.0359291Z   PYTHON_VERSION: 3.9
job-core	Install GH CLI	2026-02-16T07:50:12.0360619Z   MONGO_SUPERUSER_CONNECTION: ***
job-core	Install GH CLI	2026-02-16T07:50:12.0360995Z   MONGO_NEW_PASS: ***
job-core	Install GH CLI	2026-02-16T07:50:12.0361291Z   MONGO_SCRIPT_CREATE: devops/core/mongo/scripts/add-doc-to-db.py
job-core	Install GH CLI	2026-02-16T07:50:12.0361651Z   KAOS_CODE: 22054341625
job-core	Install GH CLI	2026-02-16T07:50:12.0361900Z   KAOS_MODULE: [Ka0s] Autom add docs to MongoDB
job-core	Install GH CLI	2026-02-16T07:50:12.0362178Z   REPORT_SCAN: audit/
job-core	Install GH CLI	2026-02-16T07:50:12.0362395Z   REPORT_PATH: audit/mongodb/
job-core	Install GH CLI	2026-02-16T07:50:12.0362653Z   REPORT_FILENAME: mongo_setup_22054341625.json
job-core	Install GH CLI	2026-02-16T07:50:12.0362977Z   REPORT_FILENAME_LIST: mongo_list_22054341625.json
job-core	Install GH CLI	2026-02-16T07:50:12.0363312Z   REPORT_FILENAME_DB: mongo_create_db_22054341625.json
job-core	Install GH CLI	2026-02-16T07:50:12.0363607Z   GITHUB_OUTPUT: 
job-core	Install GH CLI	2026-02-16T07:50:12.0363800Z ##[endgroup]
job-core	Install GH CLI	2026-02-16T07:50:12.1075924Z 4+1 records in
job-core	Install GH CLI	2026-02-16T07:50:12.1076195Z 4+1 records out
job-core	Install GH CLI	2026-02-16T07:50:12.1076476Z 2270 bytes (2.3 kB, 2.2 KiB) copied, 0.0479475 s, 47.3 kB/s
job-core	Install GH CLI	2026-02-16T07:50:12.2442203Z Get:1 https://cli.github.com/packages stable InRelease [3917 B]
job-core	Install GH CLI	2026-02-16T07:50:12.3293527Z Get:2 http://archive.ubuntu.com/ubuntu noble InRelease [256 kB]
job-core	Install GH CLI	2026-02-16T07:50:12.3325272Z Get:3 https://cli.github.com/packages stable/main amd64 Packages [356 B]
job-core	Install GH CLI	2026-02-16T07:50:12.4124232Z Get:4 https://ppa.launchpadcontent.net/git-core/ppa/ubuntu noble InRelease [24.3 kB]
job-core	Install GH CLI	2026-02-16T07:50:12.4262565Z Get:5 http://security.ubuntu.com/ubuntu noble-security InRelease [126 kB]
job-core	Install GH CLI	2026-02-16T07:50:12.5999281Z Get:6 https://ppa.launchpadcontent.net/git-core/ppa/ubuntu noble/main amd64 Packages [2992 B]
job-core	Install GH CLI	2026-02-16T07:50:12.6291439Z Get:7 http://archive.ubuntu.com/ubuntu noble-updates InRelease [126 kB]
job-core	Install GH CLI	2026-02-16T07:50:12.7018203Z Get:8 http://archive.ubuntu.com/ubuntu noble-backports InRelease [126 kB]
job-core	Install GH CLI	2026-02-16T07:50:12.7756060Z Get:9 http://archive.ubuntu.com/ubuntu noble/multiverse amd64 Packages [331 kB]
job-core	Install GH CLI	2026-02-16T07:50:12.8278348Z Get:10 http://archive.ubuntu.com/ubuntu noble/restricted amd64 Packages [117 kB]
job-core	Install GH CLI	2026-02-16T07:50:12.8461945Z Get:11 http://archive.ubuntu.com/ubuntu noble/main amd64 Packages [1808 kB]
job-core	Install GH CLI	2026-02-16T07:50:12.9651794Z Get:12 http://archive.ubuntu.com/ubuntu noble/universe amd64 Packages [19.3 MB]
job-core	Install GH CLI	2026-02-16T07:50:13.0026881Z Get:13 http://security.ubuntu.com/ubuntu noble-security/multiverse amd64 Packages [34.8 kB]
job-core	Install GH CLI	2026-02-16T07:50:13.1228403Z Get:14 http://security.ubuntu.com/ubuntu noble-security/universe amd64 Packages [1200 kB]
job-core	Install GH CLI	2026-02-16T07:50:13.2667886Z Get:15 http://archive.ubuntu.com/ubuntu noble-updates/restricted amd64 Packages [3295 kB]
job-core	Install GH CLI	2026-02-16T07:50:13.2893075Z Get:16 http://archive.ubuntu.com/ubuntu noble-updates/universe amd64 Packages [1979 kB]
job-core	Install GH CLI	2026-02-16T07:50:13.3451933Z Get:17 http://archive.ubuntu.com/ubuntu noble-updates/main amd64 Packages [2203 kB]
job-core	Install GH CLI	2026-02-16T07:50:13.3640472Z Get:18 http://archive.ubuntu.com/ubuntu noble-updates/multiverse amd64 Packages [38.1 kB]
job-core	Install GH CLI	2026-02-16T07:50:13.3646987Z Get:19 http://archive.ubuntu.com/ubuntu noble-backports/main amd64 Packages [49.5 kB]
job-core	Install GH CLI	2026-02-16T07:50:13.3647990Z Get:20 http://archive.ubuntu.com/ubuntu noble-backports/universe amd64 Packages [34.6 kB]
job-core	Install GH CLI	2026-02-16T07:50:13.4833036Z Get:21 http://security.ubuntu.com/ubuntu noble-security/restricted amd64 Packages [3115 kB]
job-core	Install GH CLI	2026-02-16T07:50:13.6655808Z Get:22 http://security.ubuntu.com/ubuntu noble-security/main amd64 Packages [1824 kB]
job-core	Install GH CLI	2026-02-16T07:50:14.7126586Z Fetched 36.0 MB in 3s (14.3 MB/s)
job-core	Install GH CLI	2026-02-16T07:50:15.6268718Z Reading package lists...
job-core	Install GH CLI	2026-02-16T07:50:16.5880318Z Reading package lists...
job-core	Install GH CLI	2026-02-16T07:50:16.8108837Z Building dependency tree...
job-core	Install GH CLI	2026-02-16T07:50:16.8109419Z Reading state information...
job-core	Install GH CLI	2026-02-16T07:50:17.1647420Z The following NEW packages will be installed:
job-core	Install GH CLI	2026-02-16T07:50:17.1667240Z   gh
job-core	Install GH CLI	2026-02-16T07:50:17.2497422Z 0 upgraded, 1 newly installed, 0 to remove and 20 not upgraded.
job-core	Install GH CLI	2026-02-16T07:50:17.2497967Z Need to get 13.7 MB of archives.
job-core	Install GH CLI	2026-02-16T07:50:17.2498638Z After this operation, 37.9 MB of additional disk space will be used.
job-core	Install GH CLI	2026-02-16T07:50:17.2499336Z Get:1 https://cli.github.com/packages stable/main amd64 gh amd64 2.86.0 [13.7 MB]
job-core	Install GH CLI	2026-02-16T07:50:17.6960616Z debconf: delaying package configuration, since apt-utils is not installed
job-core	Install GH CLI	2026-02-16T07:50:17.7372783Z Fetched 13.7 MB in 0s (40.6 MB/s)
job-core	Install GH CLI	2026-02-16T07:50:17.7642060Z Selecting previously unselected package gh.
job-core	Install GH CLI	2026-02-16T07:50:17.7678486Z (Reading database ... 
job-core	Install GH CLI	2026-02-16T07:50:17.7678779Z (Reading database ... 5%
job-core	Install GH CLI	2026-02-16T07:50:17.7679022Z (Reading database ... 10%
job-core	Install GH CLI	2026-02-16T07:50:17.7679259Z (Reading database ... 15%
job-core	Install GH CLI	2026-02-16T07:50:17.7679668Z (Reading database ... 20%
job-core	Install GH CLI	2026-02-16T07:50:17.7679905Z (Reading database ... 25%
job-core	Install GH CLI	2026-02-16T07:50:17.7680138Z (Reading database ... 30%
job-core	Install GH CLI	2026-02-16T07:50:17.7680367Z (Reading database ... 35%
job-core	Install GH CLI	2026-02-16T07:50:17.7680598Z (Reading database ... 40%
job-core	Install GH CLI	2026-02-16T07:50:17.7680829Z (Reading database ... 45%
job-core	Install GH CLI	2026-02-16T07:50:17.7681058Z (Reading database ... 50%
job-core	Install GH CLI	2026-02-16T07:50:17.7681282Z (Reading database ... 55%
job-core	Install GH CLI	2026-02-16T07:50:17.7681517Z (Reading database ... 60%
job-core	Install GH CLI	2026-02-16T07:50:17.7685649Z (Reading database ... 65%
job-core	Install GH CLI	2026-02-16T07:50:17.7706200Z (Reading database ... 70%
job-core	Install GH CLI	2026-02-16T07:50:17.7710938Z (Reading database ... 75%
job-core	Install GH CLI	2026-02-16T07:50:17.7724150Z (Reading database ... 80%
job-core	Install GH CLI	2026-02-16T07:50:17.7728456Z (Reading database ... 85%
job-core	Install GH CLI	2026-02-16T07:50:17.7738347Z (Reading database ... 90%
job-core	Install GH CLI	2026-02-16T07:50:17.7757113Z (Reading database ... 95%
job-core	Install GH CLI	2026-02-16T07:50:17.7757860Z (Reading database ... 100%
job-core	Install GH CLI	2026-02-16T07:50:17.7758263Z (Reading database ... 14385 files and directories currently installed.)
job-core	Install GH CLI	2026-02-16T07:50:17.7763459Z Preparing to unpack .../archives/gh_2.86.0_amd64.deb ...
job-core	Install GH CLI	2026-02-16T07:50:17.7792922Z Unpacking gh (2.86.0) ...
job-core	Install GH CLI	2026-02-16T07:50:18.0023517Z Setting up gh (2.86.0) ...
job-core	Set up Python	Ôªø2026-02-16T07:50:18.0687160Z ##[group]Run actions/setup-python@v4
job-core	Set up Python	2026-02-16T07:50:18.0687604Z with:
job-core	Set up Python	2026-02-16T07:50:18.0687875Z   python-version: 3.9
job-core	Set up Python	2026-02-16T07:50:18.0688200Z   check-latest: false
job-core	Set up Python	2026-02-16T07:50:18.0688709Z   token: ***
job-core	Set up Python	2026-02-16T07:50:18.0689005Z   update-environment: true
job-core	Set up Python	2026-02-16T07:50:18.0689358Z   allow-prereleases: false
job-core	Set up Python	2026-02-16T07:50:18.0689923Z env:
job-core	Set up Python	2026-02-16T07:50:18.0690188Z   PYTHON_VERSION: 3.9
job-core	Set up Python	2026-02-16T07:50:18.0691153Z   MONGO_SUPERUSER_CONNECTION: ***
job-core	Set up Python	2026-02-16T07:50:18.0691693Z   MONGO_NEW_PASS: ***
job-core	Set up Python	2026-02-16T07:50:18.0692136Z   MONGO_SCRIPT_CREATE: devops/core/mongo/scripts/add-doc-to-db.py
job-core	Set up Python	2026-02-16T07:50:18.0692658Z   KAOS_CODE: 22054341625
job-core	Set up Python	2026-02-16T07:50:18.0693022Z   KAOS_MODULE: [Ka0s] Autom add docs to MongoDB
job-core	Set up Python	2026-02-16T07:50:18.0693445Z   REPORT_SCAN: audit/
job-core	Set up Python	2026-02-16T07:50:18.0694151Z   REPORT_PATH: audit/mongodb/
job-core	Set up Python	2026-02-16T07:50:18.0694553Z   REPORT_FILENAME: mongo_setup_22054341625.json
job-core	Set up Python	2026-02-16T07:50:18.0695027Z   REPORT_FILENAME_LIST: mongo_list_22054341625.json
job-core	Set up Python	2026-02-16T07:50:18.0695568Z   REPORT_FILENAME_DB: mongo_create_db_22054341625.json
job-core	Set up Python	2026-02-16T07:50:18.0696011Z   GITHUB_OUTPUT: 
job-core	Set up Python	2026-02-16T07:50:18.0696300Z ##[endgroup]
job-core	Set up Python	2026-02-16T07:50:18.2724321Z ##[group]Installed versions
job-core	Set up Python	2026-02-16T07:50:18.2737256Z Version 3.9 was not found in the local cache
job-core	Set up Python	2026-02-16T07:50:19.3546360Z Version 3.9 is available for downloading
job-core	Set up Python	2026-02-16T07:50:19.3547134Z Download from "https://github.com/actions/python-versions/releases/download/3.9.25-19039189640/python-3.9.25-linux-24.04-x64.tar.gz"
job-core	Set up Python	2026-02-16T07:50:20.5071581Z Extract downloaded archive
job-core	Set up Python	2026-02-16T07:50:20.5168931Z [command]/usr/bin/tar xz --warning=no-unknown-keyword -C /home/runner/_work/_temp/61255bc0-ca62-49cb-96b1-c8a90cf927ac -f /home/runner/_work/_temp/0f779013-a831-4463-a5c7-d80312931d0c
job-core	Set up Python	2026-02-16T07:50:22.0397826Z Execute installation script
job-core	Set up Python	2026-02-16T07:50:22.0495154Z Check if Python hostedtoolcache folder exist...
job-core	Set up Python	2026-02-16T07:50:22.0495803Z Creating Python hostedtoolcache folder...
job-core	Set up Python	2026-02-16T07:50:22.0510937Z Create Python 3.9.25 folder
job-core	Set up Python	2026-02-16T07:50:22.0529238Z Copy Python binaries to hostedtoolcache folder
job-core	Set up Python	2026-02-16T07:50:22.9799264Z Create additional symlinks (Required for the UsePythonVersion Azure Pipelines task and the setup-python GitHub Action)
job-core	Set up Python	2026-02-16T07:50:22.9846905Z Upgrading pip...
job-core	Set up Python	2026-02-16T07:50:24.9625629Z Looking in links: /tmp/tmpjvt06mfn
job-core	Set up Python	2026-02-16T07:50:24.9630760Z Requirement already satisfied: setuptools in /home/runner/_work/_tool/Python/3.9.25/x64/lib/python3.9/site-packages (79.0.1)
job-core	Set up Python	2026-02-16T07:50:24.9635662Z Requirement already satisfied: pip in /home/runner/_work/_tool/Python/3.9.25/x64/lib/python3.9/site-packages (23.0.1)
job-core	Set up Python	2026-02-16T07:50:26.2591527Z Collecting pip
job-core	Set up Python	2026-02-16T07:50:26.3229018Z Downloading pip-26.0.1-py3-none-any.whl (1.8 MB)
job-core	Set up Python	2026-02-16T07:50:26.3864700Z ‚îÅ‚îÅ‚îÅ‚îÅ‚îÅ‚îÅ‚îÅ‚îÅ‚îÅ‚îÅ‚îÅ‚îÅ‚îÅ‚îÅ‚îÅ‚îÅ‚îÅ‚îÅ‚îÅ‚îÅ‚îÅ‚îÅ‚îÅ‚îÅ‚îÅ‚îÅ‚îÅ‚îÅ‚îÅ‚îÅ‚îÅ‚îÅ‚îÅ‚îÅ‚îÅ‚îÅ‚îÅ‚îÅ‚îÅ‚îÅ 1.8/1.8 MB 31.1 MB/s eta 0:00:00
job-core	Set up Python	2026-02-16T07:50:26.3865159Z 
job-core	Set up Python	2026-02-16T07:50:26.4534857Z Installing collected packages: pip
job-core	Set up Python	2026-02-16T07:50:26.4535291Z Attempting uninstall: pip
job-core	Set up Python	2026-02-16T07:50:26.4543198Z Found existing installation: pip 23.0.1
job-core	Set up Python	2026-02-16T07:50:26.7563807Z Uninstalling pip-23.0.1:
job-core	Set up Python	2026-02-16T07:50:26.7665066Z Successfully uninstalled pip-23.0.1
job-core	Set up Python	2026-02-16T07:50:27.6430494Z Successfully installed pip-26.0.1
job-core	Set up Python	2026-02-16T07:50:27.7290587Z Create complete file
job-core	Set up Python	2026-02-16T07:50:27.7330655Z Successfully set up CPython (3.9.25)
job-core	Set up Python	2026-02-16T07:50:27.7331802Z ##[endgroup]
job-core	Install dependencies	Ôªø2026-02-16T07:50:27.7538682Z ##[group]Run pip install pymongo
job-core	Install dependencies	2026-02-16T07:50:27.7539048Z [36;1mpip install pymongo[0m
job-core	Install dependencies	2026-02-16T07:50:27.7557286Z shell: /usr/bin/bash -e {0}
job-core	Install dependencies	2026-02-16T07:50:27.7557576Z env:
job-core	Install dependencies	2026-02-16T07:50:27.7557782Z   PYTHON_VERSION: 3.9
job-core	Install dependencies	2026-02-16T07:50:27.7558579Z   MONGO_SUPERUSER_CONNECTION: ***
job-core	Install dependencies	2026-02-16T07:50:27.7558965Z   MONGO_NEW_PASS: ***
job-core	Install dependencies	2026-02-16T07:50:27.7559304Z   MONGO_SCRIPT_CREATE: devops/core/mongo/scripts/add-doc-to-db.py
job-core	Install dependencies	2026-02-16T07:50:27.7559745Z   KAOS_CODE: 22054341625
job-core	Install dependencies	2026-02-16T07:50:27.7560014Z   KAOS_MODULE: [Ka0s] Autom add docs to MongoDB
job-core	Install dependencies	2026-02-16T07:50:27.7560431Z   REPORT_SCAN: audit/
job-core	Install dependencies	2026-02-16T07:50:27.7560651Z   REPORT_PATH: audit/mongodb/
job-core	Install dependencies	2026-02-16T07:50:27.7560916Z   REPORT_FILENAME: mongo_setup_22054341625.json
job-core	Install dependencies	2026-02-16T07:50:27.7561240Z   REPORT_FILENAME_LIST: mongo_list_22054341625.json
job-core	Install dependencies	2026-02-16T07:50:27.7561582Z   REPORT_FILENAME_DB: mongo_create_db_22054341625.json
job-core	Install dependencies	2026-02-16T07:50:27.7561886Z   GITHUB_OUTPUT: 
job-core	Install dependencies	2026-02-16T07:50:27.7562164Z   pythonLocation: /home/runner/_work/_tool/Python/3.9.25/x64
job-core	Install dependencies	2026-02-16T07:50:27.7562657Z   PKG_CONFIG_PATH: /home/runner/_work/_tool/Python/3.9.25/x64/lib/pkgconfig
job-core	Install dependencies	2026-02-16T07:50:27.7563107Z   Python_ROOT_DIR: /home/runner/_work/_tool/Python/3.9.25/x64
job-core	Install dependencies	2026-02-16T07:50:27.7563508Z   Python2_ROOT_DIR: /home/runner/_work/_tool/Python/3.9.25/x64
job-core	Install dependencies	2026-02-16T07:50:27.7564210Z   Python3_ROOT_DIR: /home/runner/_work/_tool/Python/3.9.25/x64
job-core	Install dependencies	2026-02-16T07:50:27.7564623Z   LD_LIBRARY_PATH: /home/runner/_work/_tool/Python/3.9.25/x64/lib
job-core	Install dependencies	2026-02-16T07:50:27.7564958Z ##[endgroup]
job-core	Install dependencies	2026-02-16T07:50:28.6300650Z Collecting pymongo
job-core	Install dependencies	2026-02-16T07:50:28.6768483Z   Downloading pymongo-4.16.0-cp39-cp39-manylinux2014_x86_64.manylinux_2_17_x86_64.manylinux_2_28_x86_64.whl.metadata (10.0 kB)
job-core	Install dependencies	2026-02-16T07:50:28.7065504Z Collecting dnspython<3.0.0,>=2.6.1 (from pymongo)
job-core	Install dependencies	2026-02-16T07:50:28.7120324Z   Downloading dnspython-2.7.0-py3-none-any.whl.metadata (5.8 kB)
job-core	Install dependencies	2026-02-16T07:50:28.7268808Z Downloading pymongo-4.16.0-cp39-cp39-manylinux2014_x86_64.manylinux_2_17_x86_64.manylinux_2_28_x86_64.whl (947 kB)
job-core	Install dependencies	2026-02-16T07:50:28.8008049Z    ‚îÅ‚îÅ‚îÅ‚îÅ‚îÅ‚îÅ‚îÅ‚îÅ‚îÅ‚îÅ‚îÅ‚îÅ‚îÅ‚îÅ‚îÅ‚îÅ‚îÅ‚îÅ‚îÅ‚îÅ‚îÅ‚îÅ‚îÅ‚îÅ‚îÅ‚îÅ‚îÅ‚îÅ‚îÅ‚îÅ‚îÅ‚îÅ‚îÅ‚îÅ‚îÅ‚îÅ‚îÅ‚îÅ‚îÅ‚îÅ 947.2/947.2 kB 17.0 MB/s  0:00:00
job-core	Install dependencies	2026-02-16T07:50:28.8156132Z Downloading dnspython-2.7.0-py3-none-any.whl (313 kB)
job-core	Install dependencies	2026-02-16T07:50:28.8736689Z Installing collected packages: dnspython, pymongo
job-core	Install dependencies	2026-02-16T07:50:29.4255281Z 
job-core	Install dependencies	2026-02-16T07:50:29.4275327Z Successfully installed dnspython-2.7.0 pymongo-4.16.0
job-core	Create database MongoDB	Ôªø2026-02-16T07:50:29.6376953Z ##[group]Run python devops/core/mongo/scripts/add-doc-to-db.py
job-core	Create database MongoDB	2026-02-16T07:50:29.6377482Z [36;1mpython devops/core/mongo/scripts/add-doc-to-db.py[0m
job-core	Create database MongoDB	2026-02-16T07:50:29.6378340Z [36;1mecho "Downloading files to MongoDB update repository ..."[0m
job-core	Create database MongoDB	2026-02-16T07:50:29.6378825Z [36;1mgit config --global user.name "***"[0m
job-core	Create database MongoDB	2026-02-16T07:50:29.6379171Z [36;1mgit config --global user.email "***"[0m
job-core	Create database MongoDB	2026-02-16T07:50:29.6379455Z [36;1mgit pull[0m
job-core	Create database MongoDB	2026-02-16T07:50:29.6380231Z [36;1mecho "[Ka0s] Uploading files to MongoDB update repository ..."[0m
job-core	Create database MongoDB	2026-02-16T07:50:29.6380720Z [36;1mgit add audit/[0m
job-core	Create database MongoDB	2026-02-16T07:50:29.6381131Z [36;1mgit commit -m "[Ka0S] Uploading Autom add docs to MongoDB..." || echo "No changes to commit"[0m
job-core	Create database MongoDB	2026-02-16T07:50:29.6381588Z [36;1mMAX_RETRIES=3[0m
job-core	Create database MongoDB	2026-02-16T07:50:29.6381798Z [36;1mCOUNT=0[0m
job-core	Create database MongoDB	2026-02-16T07:50:29.6382095Z [36;1muntil git push origin refs/heads/main --force-with-lease; do[0m
job-core	Create database MongoDB	2026-02-16T07:50:29.6382468Z [36;1m  COUNT=$((COUNT+1))[0m
job-core	Create database MongoDB	2026-02-16T07:50:29.6382761Z [36;1m  if [ $COUNT -ge $MAX_RETRIES ]; then[0m
job-core	Create database MongoDB	2026-02-16T07:50:29.6383152Z [36;1m    echo "‚ùå Error: git push failed after $MAX_RETRIES attempts."[0m
job-core	Create database MongoDB	2026-02-16T07:50:29.6383506Z [36;1m    exit 1[0m
job-core	Create database MongoDB	2026-02-16T07:50:29.6391594Z [36;1m  fi[0m
job-core	Create database MongoDB	2026-02-16T07:50:29.6391954Z [36;1m  echo "‚ö†Ô∏è git push failed, retrying ($COUNT/$MAX_RETRIES)..."[0m
job-core	Create database MongoDB	2026-02-16T07:50:29.6392440Z [36;1m  git pull[0m
job-core	Create database MongoDB	2026-02-16T07:50:29.6392644Z [36;1m  sleep 2[0m
job-core	Create database MongoDB	2026-02-16T07:50:29.6392837Z [36;1mdone[0m
job-core	Create database MongoDB	2026-02-16T07:50:29.6406946Z shell: /usr/bin/bash -e {0}
job-core	Create database MongoDB	2026-02-16T07:50:29.6407329Z env:
job-core	Create database MongoDB	2026-02-16T07:50:29.6407659Z   PYTHON_VERSION: 3.9
job-core	Create database MongoDB	2026-02-16T07:50:29.6408436Z   MONGO_SUPERUSER_CONNECTION: ***
job-core	Create database MongoDB	2026-02-16T07:50:29.6408819Z   MONGO_NEW_PASS: ***
job-core	Create database MongoDB	2026-02-16T07:50:29.6409126Z   MONGO_SCRIPT_CREATE: devops/core/mongo/scripts/add-doc-to-db.py
job-core	Create database MongoDB	2026-02-16T07:50:29.6409552Z   KAOS_CODE: 22054341625
job-core	Create database MongoDB	2026-02-16T07:50:29.6409952Z   KAOS_MODULE: [Ka0s] Autom add docs to MongoDB
job-core	Create database MongoDB	2026-02-16T07:50:29.6410235Z   REPORT_SCAN: audit/
job-core	Create database MongoDB	2026-02-16T07:50:29.6410458Z   REPORT_PATH: audit/mongodb/
job-core	Create database MongoDB	2026-02-16T07:50:29.6410848Z   REPORT_FILENAME: mongo_setup_22054341625.json
job-core	Create database MongoDB	2026-02-16T07:50:29.6411159Z   REPORT_FILENAME_LIST: mongo_list_22054341625.json
job-core	Create database MongoDB	2026-02-16T07:50:29.6411625Z   REPORT_FILENAME_DB: mongo_create_db_22054341625.json
job-core	Create database MongoDB	2026-02-16T07:50:29.6412186Z   GITHUB_OUTPUT: 
job-core	Create database MongoDB	2026-02-16T07:50:29.6412723Z   pythonLocation: /home/runner/_work/_tool/Python/3.9.25/x64
job-core	Create database MongoDB	2026-02-16T07:50:29.6413278Z   PKG_CONFIG_PATH: /home/runner/_work/_tool/Python/3.9.25/x64/lib/pkgconfig
job-core	Create database MongoDB	2026-02-16T07:50:29.6413708Z   Python_ROOT_DIR: /home/runner/_work/_tool/Python/3.9.25/x64
job-core	Create database MongoDB	2026-02-16T07:50:29.6414104Z   Python2_ROOT_DIR: /home/runner/_work/_tool/Python/3.9.25/x64
job-core	Create database MongoDB	2026-02-16T07:50:29.6414493Z   Python3_ROOT_DIR: /home/runner/_work/_tool/Python/3.9.25/x64
job-core	Create database MongoDB	2026-02-16T07:50:29.6414889Z   LD_LIBRARY_PATH: /home/runner/_work/_tool/Python/3.9.25/x64/lib
job-core	Create database MongoDB	2026-02-16T07:50:29.6415557Z ##[endgroup]
job-core	Create database MongoDB	2026-02-16T07:50:29.9529079Z [DEBUG] Procesamos el directorio: audit/
job-core	Create database MongoDB	2026-02-16T07:50:29.9529907Z [DEBUG] Procesamos el directorio: audit/
job-core	Create database MongoDB	2026-02-16T07:50:29.9530306Z [DEBUG] Comprobamos el nombre DB: kaos
job-core	Create database MongoDB	2026-02-16T07:50:29.9530687Z [DEBUG] Extensiones procesadas: {'md'}
job-core	Create database MongoDB	2026-02-16T07:50:29.9531080Z [DEBUG] Tipo de ext: <class 'str'>, Valor: md
job-core	Create database MongoDB	2026-02-16T07:50:29.9531732Z [DEBUG] Creando colecci√≥n: col_md
job-core	Create database MongoDB	2026-02-16T07:50:29.9532097Z [DEBUG] Procesamos el directorio: audit/
job-core	Create database MongoDB	2026-02-16T07:50:29.9532500Z [DEBUG] Comprobamos el nombre DB: workflows
job-core	Create database MongoDB	2026-02-16T07:50:29.9532898Z [DEBUG] Extensiones procesadas: {'md'}
job-core	Create database MongoDB	2026-02-16T07:50:29.9533320Z [DEBUG] Tipo de ext: <class 'str'>, Valor: md
job-core	Create database MongoDB	2026-02-16T07:50:29.9533806Z [DEBUG] Creando colecci√≥n: col_md
job-core	Create database MongoDB	2026-02-16T07:50:29.9534178Z [DEBUG] Procesamos el directorio: audit/
job-core	Create database MongoDB	2026-02-16T07:50:29.9534592Z [DEBUG] Comprobamos el nombre DB: inspector
job-core	Create database MongoDB	2026-02-16T07:50:29.9535038Z [DEBUG] Extensiones procesadas: {'json', 'log', 'md'}
job-core	Create database MongoDB	2026-02-16T07:50:29.9535512Z [DEBUG] Tipo de ext: <class 'str'>, Valor: json
job-core	Create database MongoDB	2026-02-16T07:50:29.9536621Z [DEBUG] Creando colecci√≥n: col_json
job-core	Create database MongoDB	2026-02-16T07:50:29.9537006Z [DEBUG] Tipo de ext: <class 'str'>, Valor: log
job-core	Create database MongoDB	2026-02-16T07:50:29.9537454Z [DEBUG] Creando colecci√≥n: col_log
job-core	Create database MongoDB	2026-02-16T07:50:29.9537827Z [DEBUG] Tipo de ext: <class 'str'>, Valor: md
job-core	Create database MongoDB	2026-02-16T07:50:29.9538267Z [DEBUG] Creando colecci√≥n: col_md
job-core	Create database MongoDB	2026-02-16T07:50:29.9538623Z [DEBUG] Procesamos el directorio: audit/
job-core	Create database MongoDB	2026-02-16T07:50:29.9539020Z [DEBUG] Comprobamos el nombre DB: execution
job-core	Create database MongoDB	2026-02-16T07:50:29.9539448Z [DEBUG] Extensiones procesadas: {'md'}
job-core	Create database MongoDB	2026-02-16T07:50:29.9540992Z [DEBUG] Tipo de ext: <class 'str'>, Valor: md
job-core	Create database MongoDB	2026-02-16T07:50:29.9541449Z [DEBUG] Creando colecci√≥n: col_md
job-core	Create database MongoDB	2026-02-16T07:50:29.9541812Z [DEBUG] Procesamos el directorio: audit/
job-core	Create database MongoDB	2026-02-16T07:50:29.9542194Z [DEBUG] Comprobamos el nombre DB: trash
job-core	Create database MongoDB	2026-02-16T07:50:29.9542559Z [DEBUG] Extensiones procesadas: {'md'}
job-core	Create database MongoDB	2026-02-16T07:50:29.9542956Z [DEBUG] Tipo de ext: <class 'str'>, Valor: md
job-core	Create database MongoDB	2026-02-16T07:50:29.9543398Z [DEBUG] Creando colecci√≥n: col_md
job-core	Create database MongoDB	2026-02-16T07:50:29.9543767Z [DEBUG] Procesamos el directorio: audit/
job-core	Create database MongoDB	2026-02-16T07:50:29.9544153Z [DEBUG] Comprobamos el nombre DB: eresults
job-core	Create database MongoDB	2026-02-16T07:50:29.9544537Z [DEBUG] Extensiones procesadas: {'md'}
job-core	Create database MongoDB	2026-02-16T07:50:29.9544965Z [DEBUG] Tipo de ext: <class 'str'>, Valor: md
job-core	Create database MongoDB	2026-02-16T07:50:29.9545403Z [DEBUG] Creando colecci√≥n: col_md
job-core	Create database MongoDB	2026-02-16T07:50:29.9545754Z [DEBUG] Procesamos el directorio: audit/
job-core	Create database MongoDB	2026-02-16T07:50:29.9546136Z [DEBUG] Comprobamos el nombre DB: scan
job-core	Create database MongoDB	2026-02-16T07:50:29.9546508Z [DEBUG] Extensiones procesadas: {'md'}
job-core	Create database MongoDB	2026-02-16T07:50:29.9546892Z [DEBUG] Tipo de ext: <class 'str'>, Valor: md
job-core	Create database MongoDB	2026-02-16T07:50:29.9547331Z [DEBUG] Creando colecci√≥n: col_md
job-core	Create database MongoDB	2026-02-16T07:50:29.9547691Z [DEBUG] Procesamos el directorio: audit/
job-core	Create database MongoDB	2026-02-16T07:50:29.9548068Z [DEBUG] Comprobamos el nombre DB: deploy
job-core	Create database MongoDB	2026-02-16T07:50:29.9548447Z [DEBUG] Extensiones procesadas: {'md'}
job-core	Create database MongoDB	2026-02-16T07:50:29.9548845Z [DEBUG] Tipo de ext: <class 'str'>, Valor: md
job-core	Create database MongoDB	2026-02-16T07:50:29.9549286Z [DEBUG] Creando colecci√≥n: col_md
job-core	Create database MongoDB	2026-02-16T07:50:29.9549795Z [DEBUG] Procesamos el directorio: audit/
job-core	Create database MongoDB	2026-02-16T07:50:29.9550191Z [DEBUG] Comprobamos el nombre DB: kube
job-core	Create database MongoDB	2026-02-16T07:50:29.9550619Z [DEBUG] Extensiones procesadas: {'html', 'json', 'md'}
job-core	Create database MongoDB	2026-02-16T07:50:29.9551074Z [DEBUG] Tipo de ext: <class 'str'>, Valor: html
job-core	Create database MongoDB	2026-02-16T07:50:29.9551538Z [DEBUG] Creando colecci√≥n: col_html
job-core	Create database MongoDB	2026-02-16T07:50:29.9551920Z [DEBUG] Tipo de ext: <class 'str'>, Valor: json
job-core	Create database MongoDB	2026-02-16T07:50:29.9552374Z [DEBUG] Creando colecci√≥n: col_json
job-core	Create database MongoDB	2026-02-16T07:50:29.9552753Z [DEBUG] Tipo de ext: <class 'str'>, Valor: md
job-core	Create database MongoDB	2026-02-16T07:50:29.9553192Z [DEBUG] Creando colecci√≥n: col_md
job-core	Create database MongoDB	2026-02-16T07:50:29.9553552Z [DEBUG] Procesamos el directorio: audit/
job-core	Create database MongoDB	2026-02-16T07:50:29.9553928Z [DEBUG] Comprobamos el nombre DB: issues
job-core	Create database MongoDB	2026-02-16T07:50:29.9554314Z [DEBUG] Extensiones procesadas: {'md'}
job-core	Create database MongoDB	2026-02-16T07:50:29.9555774Z [DEBUG] Tipo de ext: <class 'str'>, Valor: md
job-core	Create database MongoDB	2026-02-16T07:50:29.9556277Z [DEBUG] Creando colecci√≥n: col_md
job-core	Create database MongoDB	2026-02-16T07:50:29.9556649Z [DEBUG] Procesamos el directorio: audit/
job-core	Create database MongoDB	2026-02-16T07:50:29.9557034Z [DEBUG] Comprobamos el nombre DB: jsonlint
job-core	Create database MongoDB	2026-02-16T07:50:29.9557417Z [DEBUG] Extensiones procesadas: {'md'}
job-core	Create database MongoDB	2026-02-16T07:50:29.9557794Z [DEBUG] Tipo de ext: <class 'str'>, Valor: md
job-core	Create database MongoDB	2026-02-16T07:50:29.9558235Z [DEBUG] Creando colecci√≥n: col_md
job-core	Create database MongoDB	2026-02-16T07:50:29.9558596Z [DEBUG] Procesamos el directorio: audit/
job-core	Create database MongoDB	2026-02-16T07:50:29.9558978Z [DEBUG] Comprobamos el nombre DB: yamllint
job-core	Create database MongoDB	2026-02-16T07:50:29.9559365Z [DEBUG] Extensiones procesadas: {'md'}
job-core	Create database MongoDB	2026-02-16T07:50:29.9559819Z [DEBUG] Tipo de ext: <class 'str'>, Valor: md
job-core	Create database MongoDB	2026-02-16T07:50:29.9560263Z [DEBUG] Creando colecci√≥n: col_md
job-core	Create database MongoDB	2026-02-16T07:50:29.9560614Z [DEBUG] Procesamos el directorio: audit/
job-core	Create database MongoDB	2026-02-16T07:50:29.9560994Z [DEBUG] Comprobamos el nombre DB: itop
job-core	Create database MongoDB	2026-02-16T07:50:29.9561364Z [DEBUG] Extensiones procesadas: {'md'}
job-core	Create database MongoDB	2026-02-16T07:50:29.9561755Z [DEBUG] Tipo de ext: <class 'str'>, Valor: md
job-core	Create database MongoDB	2026-02-16T07:50:29.9562191Z [DEBUG] Creando colecci√≥n: col_md
job-core	Create database MongoDB	2026-02-16T07:50:29.9562876Z [DEBUG] Procesamos el directorio: audit/
job-core	Create database MongoDB	2026-02-16T07:50:29.9563260Z [DEBUG] Comprobamos el nombre DB: mongodb
job-core	Create database MongoDB	2026-02-16T07:50:29.9572612Z [DEBUG] Extensiones procesadas: {'json', 'md'}
job-core	Create database MongoDB	2026-02-16T07:50:29.9573041Z [DEBUG] Tipo de ext: <class 'str'>, Valor: json
job-core	Create database MongoDB	2026-02-16T07:50:29.9573538Z [DEBUG] Creando colecci√≥n: col_json
job-core	Create database MongoDB	2026-02-16T07:50:29.9573873Z [DEBUG] Tipo de ext: <class 'str'>, Valor: md
job-core	Create database MongoDB	2026-02-16T07:50:29.9574267Z [DEBUG] Creando colecci√≥n: col_md
job-core	Create database MongoDB	2026-02-16T07:50:29.9574577Z [DEBUG] Procesamos el directorio: audit/
job-core	Create database MongoDB	2026-02-16T07:50:29.9574907Z [DEBUG] Comprobamos el nombre DB: hosts
job-core	Create database MongoDB	2026-02-16T07:50:29.9575241Z [DEBUG] Extensiones procesadas: {'md'}
job-core	Create database MongoDB	2026-02-16T07:50:29.9575577Z [DEBUG] Tipo de ext: <class 'str'>, Valor: md
job-core	Create database MongoDB	2026-02-16T07:50:29.9575965Z [DEBUG] Creando colecci√≥n: col_md
job-core	Create database MongoDB	2026-02-16T07:50:29.9576278Z [DEBUG] Procesamos el directorio: audit/
job-core	Create database MongoDB	2026-02-16T07:50:29.9576635Z [DEBUG] Comprobamos el nombre DB: mdlint
job-core	Create database MongoDB	2026-02-16T07:50:29.9576963Z [DEBUG] Extensiones procesadas: {'md'}
job-core	Create database MongoDB	2026-02-16T07:50:29.9577313Z [DEBUG] Tipo de ext: <class 'str'>, Valor: md
job-core	Create database MongoDB	2026-02-16T07:50:29.9577695Z [DEBUG] Creando colecci√≥n: col_md
job-core	Create database MongoDB	2026-02-16T07:50:29.9578005Z [DEBUG] Archivos eliminados en: audit/
job-core	Create database MongoDB	2026-02-16T07:50:29.9578428Z ‚úÖ Proceso completado: 13 documentos insertados
job-core	Create database MongoDB	2026-02-16T07:50:30.3366505Z Downloading files to MongoDB update repository ...
job-core	Create database MongoDB	2026-02-16T07:50:30.9248744Z Already up to date.
job-core	Create database MongoDB	2026-02-16T07:50:30.9257116Z [Ka0s] Uploading files to MongoDB update repository ...
job-core	Create database MongoDB	2026-02-16T07:50:31.1512948Z [main 062751ecb] [Ka0S] Uploading Autom add docs to MongoDB...
job-core	Create database MongoDB	2026-02-16T07:50:31.1513398Z  30 files changed, 40792 deletions(-)
job-core	Create database MongoDB	2026-02-16T07:50:31.1513713Z  delete mode 100644 audit/inspector/22051925510.json
job-core	Create database MongoDB	2026-02-16T07:50:31.1514186Z  delete mode 100644 audit/inspector/22051925510.log
job-core	Create database MongoDB	2026-02-16T07:50:31.1515272Z  delete mode 100644 audit/inspector/22052127094.json
job-core	Create database MongoDB	2026-02-16T07:50:31.1515663Z  delete mode 100644 audit/inspector/22052127094.log
job-core	Create database MongoDB	2026-02-16T07:50:31.1516021Z  delete mode 100644 audit/inspector/22053124914.json
job-core	Create database MongoDB	2026-02-16T07:50:31.1516471Z  delete mode 100644 audit/inspector/22053124914.log
job-core	Create database MongoDB	2026-02-16T07:50:31.1516812Z  delete mode 100644 audit/inspector/22053316051.json
job-core	Create database MongoDB	2026-02-16T07:50:31.1517154Z  delete mode 100644 audit/inspector/22053316051.log
job-core	Create database MongoDB	2026-02-16T07:50:31.1517564Z  delete mode 100755 audit/kube/cluster-dashboard-20260215-231602.html
job-core	Create database MongoDB	2026-02-16T07:50:31.1518048Z  delete mode 100755 audit/kube/cluster-dashboard-20260215-231732.html
job-core	Create database MongoDB	2026-02-16T07:50:31.1518531Z  delete mode 100755 audit/kube/cluster-dashboard-20260216-010956.html
job-core	Create database MongoDB	2026-02-16T07:50:31.1519028Z  delete mode 100755 audit/kube/cluster-dashboard-20260216-011208.html
job-core	Create database MongoDB	2026-02-16T07:50:31.1519579Z  delete mode 100755 audit/kube/cluster-dashboard-20260216-041315.html
job-core	Create database MongoDB	2026-02-16T07:50:31.1520069Z  delete mode 100755 audit/kube/cluster-dashboard-20260216-041506.html
job-core	Create database MongoDB	2026-02-16T07:50:31.1520993Z  delete mode 100755 audit/kube/cluster-dashboard-20260216-055953.html
job-core	Create database MongoDB	2026-02-16T07:50:31.1521489Z  delete mode 100755 audit/kube/cluster-dashboard-20260216-060115.html
job-core	Create database MongoDB	2026-02-16T07:50:31.1521966Z  delete mode 100755 audit/kube/cluster-dashboard-20260216-070603.html
job-core	Create database MongoDB	2026-02-16T07:50:31.1522445Z  delete mode 100755 audit/kube/cluster-dashboard-20260216-070740.html
job-core	Create database MongoDB	2026-02-16T07:50:31.1522911Z  delete mode 100755 audit/kube/cluster-report-20260215-231602.md
job-core	Create database MongoDB	2026-02-16T07:50:31.1523356Z  delete mode 100755 audit/kube/cluster-report-20260215-231732.md
job-core	Create database MongoDB	2026-02-16T07:50:31.1523794Z  delete mode 100755 audit/kube/cluster-report-20260216-010956.md
job-core	Create database MongoDB	2026-02-16T07:50:31.1524233Z  delete mode 100755 audit/kube/cluster-report-20260216-011208.md
job-core	Create database MongoDB	2026-02-16T07:50:31.1524667Z  delete mode 100755 audit/kube/cluster-report-20260216-041315.md
job-core	Create database MongoDB	2026-02-16T07:50:31.1525103Z  delete mode 100755 audit/kube/cluster-report-20260216-041506.md
job-core	Create database MongoDB	2026-02-16T07:50:31.1525538Z  delete mode 100755 audit/kube/cluster-report-20260216-055953.md
job-core	Create database MongoDB	2026-02-16T07:50:31.1526094Z  delete mode 100755 audit/kube/cluster-report-20260216-060115.md
job-core	Create database MongoDB	2026-02-16T07:50:31.1526784Z  delete mode 100755 audit/kube/cluster-report-20260216-070603.md
job-core	Create database MongoDB	2026-02-16T07:50:31.1527234Z  delete mode 100755 audit/kube/cluster-report-20260216-070740.md
job-core	Create database MongoDB	2026-02-16T07:50:31.1527634Z  delete mode 100755 audit/kube/failed_pods.json
job-core	Create database MongoDB	2026-02-16T07:50:31.1527970Z  delete mode 100644 audit/mongodb/22052127094.json
job-core	Create database MongoDB	2026-02-16T07:50:32.0707544Z To https://github.com/Ka0s-Klaus/ka0s
job-core	Create database MongoDB	2026-02-16T07:50:32.0709072Z    b81f5dc60..062751ecb  main -> main
job-core	Upload report	Ôªø2026-02-16T07:50:32.1235516Z ##[group]Run actions/upload-artifact@v4
job-core	Upload report	2026-02-16T07:50:32.1236461Z with:
job-core	Upload report	2026-02-16T07:50:32.1237048Z   name: mongo-setup-report
job-core	Upload report	2026-02-16T07:50:32.1237774Z   path: audit/mongodb/
job-core	Upload report	2026-02-16T07:50:32.1238455Z   if-no-files-found: warn
job-core	Upload report	2026-02-16T07:50:32.1239163Z   compression-level: 6
job-core	Upload report	2026-02-16T07:50:32.1240420Z   overwrite: false
job-core	Upload report	2026-02-16T07:50:32.1241077Z   include-hidden-files: false
job-core	Upload report	2026-02-16T07:50:32.1241797Z env:
job-core	Upload report	2026-02-16T07:50:32.1242337Z   PYTHON_VERSION: 3.9
job-core	Upload report	2026-02-16T07:50:32.1244478Z   MONGO_SUPERUSER_CONNECTION: ***
job-core	Upload report	2026-02-16T07:50:32.1245602Z   MONGO_NEW_PASS: ***
job-core	Upload report	2026-02-16T07:50:32.1246511Z   MONGO_SCRIPT_CREATE: devops/core/mongo/scripts/add-doc-to-db.py
job-core	Upload report	2026-02-16T07:50:32.1247594Z   KAOS_CODE: 22054341625
job-core	Upload report	2026-02-16T07:50:32.1248357Z   KAOS_MODULE: [Ka0s] Autom add docs to MongoDB
job-core	Upload report	2026-02-16T07:50:32.1249231Z   REPORT_SCAN: audit/
job-core	Upload report	2026-02-16T07:50:32.1250222Z   REPORT_PATH: audit/mongodb/
job-core	Upload report	2026-02-16T07:50:32.1251046Z   REPORT_FILENAME: mongo_setup_22054341625.json
job-core	Upload report	2026-02-16T07:50:32.1252103Z   REPORT_FILENAME_LIST: mongo_list_22054341625.json
job-core	Upload report	2026-02-16T07:50:32.1253143Z   REPORT_FILENAME_DB: mongo_create_db_22054341625.json
job-core	Upload report	2026-02-16T07:50:32.1254062Z   GITHUB_OUTPUT: 
job-core	Upload report	2026-02-16T07:50:32.1254907Z   pythonLocation: /home/runner/_work/_tool/Python/3.9.25/x64
job-core	Upload report	2026-02-16T07:50:32.1256278Z   PKG_CONFIG_PATH: /home/runner/_work/_tool/Python/3.9.25/x64/lib/pkgconfig
job-core	Upload report	2026-02-16T07:50:32.1257673Z   Python_ROOT_DIR: /home/runner/_work/_tool/Python/3.9.25/x64
job-core	Upload report	2026-02-16T07:50:32.1258905Z   Python2_ROOT_DIR: /home/runner/_work/_tool/Python/3.9.25/x64
job-core	Upload report	2026-02-16T07:50:32.1260381Z   Python3_ROOT_DIR: /home/runner/_work/_tool/Python/3.9.25/x64
job-core	Upload report	2026-02-16T07:50:32.1261634Z   LD_LIBRARY_PATH: /home/runner/_work/_tool/Python/3.9.25/x64/lib
job-core	Upload report	2026-02-16T07:50:32.1262651Z ##[endgroup]
job-core	Upload report	2026-02-16T07:50:32.3868263Z With the provided path, there will be 1 file uploaded
job-core	Upload report	2026-02-16T07:50:32.3873523Z Artifact name is valid!
job-core	Upload report	2026-02-16T07:50:32.3874627Z Root directory input is valid!
job-core	Upload report	2026-02-16T07:50:32.8290389Z Beginning upload of artifact content to blob storage
job-core	Upload report	2026-02-16T07:50:33.2763047Z Uploaded bytes 165
job-core	Upload report	2026-02-16T07:50:33.4061533Z Finished uploading artifact content to blob storage!
job-core	Upload report	2026-02-16T07:50:33.4073131Z SHA256 digest of uploaded artifact zip is f149f6b0d6bdd592cb308ede4471210832f2bb34fe153c69cdea59e87c4eb1c3
job-core	Upload report	2026-02-16T07:50:33.4078365Z Finalizing artifact upload
job-core	Upload report	2026-02-16T07:50:33.6049425Z Artifact mongo-setup-report.zip successfully finalized. Artifact ID 5522005459
job-core	Upload report	2026-02-16T07:50:33.6053056Z Artifact mongo-setup-report has been successfully uploaded! Final size is 165 bytes. Artifact ID is 5522005459
job-core	Upload report	2026-02-16T07:50:33.6081720Z Artifact download URL: https://github.com/Ka0s-Klaus/ka0s/actions/runs/22054341625/artifacts/5522005459
job-core	Post Set up Python	Ôªø2026-02-16T07:50:33.6551208Z Post job cleanup.
job-core	Post Checkout code	Ôªø2026-02-16T07:50:33.8499192Z Post job cleanup.
job-core	Post Checkout code	2026-02-16T07:50:33.9567892Z [command]/usr/bin/git version
job-core	Post Checkout code	2026-02-16T07:50:33.9620240Z git version 2.52.0
job-core	Post Checkout code	2026-02-16T07:50:33.9666326Z Copying '/home/runner/.gitconfig' to '/home/runner/_work/_temp/1e11d684-a400-412e-830a-09904d261f1e/.gitconfig'
job-core	Post Checkout code	2026-02-16T07:50:33.9677789Z Temporarily overriding HOME='/home/runner/_work/_temp/1e11d684-a400-412e-830a-09904d261f1e' before making global git config changes
job-core	Post Checkout code	2026-02-16T07:50:33.9680253Z Adding repository directory to the temporary git global config as a safe directory
job-core	Post Checkout code	2026-02-16T07:50:33.9683173Z [command]/usr/bin/git config --global --add safe.directory /home/runner/_work/ka0s/ka0s
job-core	Post Checkout code	2026-02-16T07:50:33.9748396Z [command]/usr/bin/git config --local --name-only --get-regexp core\.sshCommand
job-core	Post Checkout code	2026-02-16T07:50:33.9795612Z [command]/usr/bin/git submodule foreach --recursive sh -c "git config --local --name-only --get-regexp 'core\.sshCommand' && git config --local --unset-all 'core.sshCommand' || :"
job-core	Post Checkout code	2026-02-16T07:50:34.0166641Z [command]/usr/bin/git config --local --name-only --get-regexp http\.https\:\/\/github\.com\/\.extraheader
job-core	Post Checkout code	2026-02-16T07:50:34.0197113Z http.https://github.com/.extraheader
job-core	Post Checkout code	2026-02-16T07:50:34.0210726Z [command]/usr/bin/git config --local --unset-all http.https://github.com/.extraheader
job-core	Post Checkout code	2026-02-16T07:50:34.0256375Z [command]/usr/bin/git submodule foreach --recursive sh -c "git config --local --name-only --get-regexp 'http\.https\:\/\/github\.com\/\.extraheader' && git config --local --unset-all 'http.https://github.com/.extraheader' || :"
job-core	Post Checkout code	2026-02-16T07:50:34.0602780Z [command]/usr/bin/git config --local --name-only --get-regexp ^includeIf\.gitdir:
job-core	Post Checkout code	2026-02-16T07:50:34.0646054Z [command]/usr/bin/git submodule foreach --recursive git config --local --show-origin --name-only --get-regexp remote.origin.url
job-core	Complete job	Ôªø2026-02-16T07:50:34.1127648Z Cleaning up orphan processes
handle-success	Set up job	Ôªø2026-02-16T07:50:47.6255627Z Current runner version: '2.331.0'
handle-success	Set up job	2026-02-16T07:50:47.6264883Z Runner name: 'swarm-runners-scaleset-hkss5-runner-trkbq'
handle-success	Set up job	2026-02-16T07:50:47.6265904Z Runner group name: 'Default'
handle-success	Set up job	2026-02-16T07:50:47.6266909Z Machine name: 'swarm-runners-scaleset-hkss5-runner-trkbq'
handle-success	Set up job	2026-02-16T07:50:47.6271201Z ##[group]GITHUB_TOKEN Permissions
handle-success	Set up job	2026-02-16T07:50:47.6274110Z Actions: write
handle-success	Set up job	2026-02-16T07:50:47.6274756Z Contents: write
handle-success	Set up job	2026-02-16T07:50:47.6275363Z Issues: write
handle-success	Set up job	2026-02-16T07:50:47.6276014Z Metadata: read
handle-success	Set up job	2026-02-16T07:50:47.6276611Z PullRequests: write
handle-success	Set up job	2026-02-16T07:50:47.6277220Z ##[endgroup]
handle-success	Set up job	2026-02-16T07:50:47.6279745Z Secret source: Actions
handle-success	Set up job	2026-02-16T07:50:47.6280600Z Prepare workflow directory
handle-success	Set up job	2026-02-16T07:50:47.6895757Z Prepare all required actions
handle-success	Set up job	2026-02-16T07:50:47.6939670Z Getting action download info
handle-success	Set up job	2026-02-16T07:50:48.2005670Z Download action repository 'actions/checkout@v4' (SHA:34e114876b0b11c390a56381ad16ebd13914f8d5)
handle-success	Set up job	2026-02-16T07:50:49.2039230Z Complete job name: handle-success
handle-success	Checkout code	Ôªø2026-02-16T07:50:49.2664794Z ##[group]Run actions/checkout@v4
handle-success	Checkout code	2026-02-16T07:50:49.2665828Z with:
handle-success	Checkout code	2026-02-16T07:50:49.2666311Z   fetch-depth: 0
handle-success	Checkout code	2026-02-16T07:50:49.2666945Z   repository: Ka0s-Klaus/ka0s
handle-success	Checkout code	2026-02-16T07:50:49.2667748Z   token: ***
handle-success	Checkout code	2026-02-16T07:50:49.2668200Z   ssh-strict: true
handle-success	Checkout code	2026-02-16T07:50:49.2668664Z   ssh-user: git
handle-success	Checkout code	2026-02-16T07:50:49.2669141Z   persist-credentials: true
handle-success	Checkout code	2026-02-16T07:50:49.2670109Z   clean: true
handle-success	Checkout code	2026-02-16T07:50:49.2670713Z   sparse-checkout-cone-mode: true
handle-success	Checkout code	2026-02-16T07:50:49.2671288Z   fetch-tags: false
handle-success	Checkout code	2026-02-16T07:50:49.2671751Z   show-progress: true
handle-success	Checkout code	2026-02-16T07:50:49.2672220Z   lfs: false
handle-success	Checkout code	2026-02-16T07:50:49.2672652Z   submodules: false
handle-success	Checkout code	2026-02-16T07:50:49.2673151Z   set-safe-directory: true
handle-success	Checkout code	2026-02-16T07:50:49.2673923Z env:
handle-success	Checkout code	2026-02-16T07:50:49.2674370Z   PYTHON_VERSION: 3.9
handle-success	Checkout code	2026-02-16T07:50:49.2675678Z   MONGO_SUPERUSER_CONNECTION: ***
handle-success	Checkout code	2026-02-16T07:50:49.2676444Z   MONGO_NEW_PASS: ***
handle-success	Checkout code	2026-02-16T07:50:49.2677095Z   MONGO_SCRIPT_CREATE: devops/core/mongo/scripts/add-doc-to-db.py
handle-success	Checkout code	2026-02-16T07:50:49.2677910Z   KAOS_CODE: 22054341625
handle-success	Checkout code	2026-02-16T07:50:49.2678461Z   KAOS_MODULE: [Ka0s] Autom add docs to MongoDB
handle-success	Checkout code	2026-02-16T07:50:49.2679084Z   REPORT_SCAN: audit/
handle-success	Checkout code	2026-02-16T07:50:49.2680143Z   REPORT_PATH: audit/mongodb/
handle-success	Checkout code	2026-02-16T07:50:49.2681013Z   REPORT_FILENAME: mongo_setup_22054341625.json
handle-success	Checkout code	2026-02-16T07:50:49.2681702Z   REPORT_FILENAME_LIST: mongo_list_22054341625.json
handle-success	Checkout code	2026-02-16T07:50:49.2682706Z   REPORT_FILENAME_DB: mongo_create_db_22054341625.json
handle-success	Checkout code	2026-02-16T07:50:49.2683359Z ##[endgroup]
handle-success	Checkout code	2026-02-16T07:50:49.4153373Z Syncing repository: Ka0s-Klaus/ka0s
handle-success	Checkout code	2026-02-16T07:50:49.4156134Z ##[group]Getting Git version info
handle-success	Checkout code	2026-02-16T07:50:49.4156951Z Working directory is '/home/runner/_work/ka0s/ka0s'
handle-success	Checkout code	2026-02-16T07:50:49.4158065Z [command]/usr/bin/git version
handle-success	Checkout code	2026-02-16T07:50:49.4160451Z git version 2.52.0
handle-success	Checkout code	2026-02-16T07:50:49.4187496Z ##[endgroup]
handle-success	Checkout code	2026-02-16T07:50:49.4204718Z Temporarily overriding HOME='/home/runner/_work/_temp/1a565f51-bb2f-4c8f-8f07-40e818040bf3' before making global git config changes
handle-success	Checkout code	2026-02-16T07:50:49.4206508Z Adding repository directory to the temporary git global config as a safe directory
handle-success	Checkout code	2026-02-16T07:50:49.4211223Z [command]/usr/bin/git config --global --add safe.directory /home/runner/_work/ka0s/ka0s
handle-success	Checkout code	2026-02-16T07:50:49.4280372Z Deleting the contents of '/home/runner/_work/ka0s/ka0s'
handle-success	Checkout code	2026-02-16T07:50:49.4283068Z ##[group]Initializing the repository
handle-success	Checkout code	2026-02-16T07:50:49.4284031Z [command]/usr/bin/git init /home/runner/_work/ka0s/ka0s
handle-success	Checkout code	2026-02-16T07:50:49.4391990Z hint: Using 'master' as the name for the initial branch. This default branch name
handle-success	Checkout code	2026-02-16T07:50:49.4393528Z hint: will change to "main" in Git 3.0. To configure the initial branch name
handle-success	Checkout code	2026-02-16T07:50:49.4394635Z hint: to use in all of your new repositories, which will suppress this warning,
handle-success	Checkout code	2026-02-16T07:50:49.4395516Z hint: call:
handle-success	Checkout code	2026-02-16T07:50:49.4395959Z hint:
handle-success	Checkout code	2026-02-16T07:50:49.4396642Z hint: 	git config --global init.defaultBranch <name>
handle-success	Checkout code	2026-02-16T07:50:49.4397443Z hint:
handle-success	Checkout code	2026-02-16T07:50:49.4398732Z hint: Names commonly chosen instead of 'master' are 'main', 'trunk' and
handle-success	Checkout code	2026-02-16T07:50:49.4401681Z hint: 'development'. The just-created branch can be renamed via this command:
handle-success	Checkout code	2026-02-16T07:50:49.4402565Z hint:
handle-success	Checkout code	2026-02-16T07:50:49.4403027Z hint: 	git branch -m <name>
handle-success	Checkout code	2026-02-16T07:50:49.4403564Z hint:
handle-success	Checkout code	2026-02-16T07:50:49.4404272Z hint: Disable this message with "git config set advice.defaultBranchName false"
handle-success	Checkout code	2026-02-16T07:50:49.4405571Z Initialized empty Git repository in /home/runner/_work/ka0s/ka0s/.git/
handle-success	Checkout code	2026-02-16T07:50:49.4407543Z [command]/usr/bin/git remote add origin https://github.com/Ka0s-Klaus/ka0s
handle-success	Checkout code	2026-02-16T07:50:49.4624593Z ##[endgroup]
handle-success	Checkout code	2026-02-16T07:50:49.4628648Z ##[group]Disabling automatic garbage collection
handle-success	Checkout code	2026-02-16T07:50:49.4643300Z [command]/usr/bin/git config --local gc.auto 0
handle-success	Checkout code	2026-02-16T07:50:49.4815700Z ##[endgroup]
handle-success	Checkout code	2026-02-16T07:50:49.4820058Z ##[group]Setting up auth
handle-success	Checkout code	2026-02-16T07:50:49.4845239Z [command]/usr/bin/git config --local --name-only --get-regexp core\.sshCommand
handle-success	Checkout code	2026-02-16T07:50:49.5022023Z [command]/usr/bin/git submodule foreach --recursive sh -c "git config --local --name-only --get-regexp 'core\.sshCommand' && git config --local --unset-all 'core.sshCommand' || :"
handle-success	Checkout code	2026-02-16T07:50:49.6123294Z [command]/usr/bin/git config --local --name-only --get-regexp http\.https\:\/\/github\.com\/\.extraheader
handle-success	Checkout code	2026-02-16T07:50:49.6176305Z [command]/usr/bin/git submodule foreach --recursive sh -c "git config --local --name-only --get-regexp 'http\.https\:\/\/github\.com\/\.extraheader' && git config --local --unset-all 'http.https://github.com/.extraheader' || :"
handle-success	Checkout code	2026-02-16T07:50:49.6590768Z [command]/usr/bin/git config --local --name-only --get-regexp ^includeIf\.gitdir:
handle-success	Checkout code	2026-02-16T07:50:49.6640755Z [command]/usr/bin/git submodule foreach --recursive git config --local --show-origin --name-only --get-regexp remote.origin.url
handle-success	Checkout code	2026-02-16T07:50:49.7055674Z [command]/usr/bin/git config --local http.https://github.com/.extraheader AUTHORIZATION: basic ***
handle-success	Checkout code	2026-02-16T07:50:49.7126560Z ##[endgroup]
handle-success	Checkout code	2026-02-16T07:50:49.7127842Z ##[group]Fetching the repository
handle-success	Checkout code	2026-02-16T07:50:49.7137362Z [command]/usr/bin/git -c protocol.version=2 fetch --prune --no-recurse-submodules origin +refs/heads/*:refs/remotes/origin/* +refs/tags/*:refs/tags/*
handle-success	Checkout code	2026-02-16T07:51:09.7530582Z From https://github.com/Ka0s-Klaus/ka0s
handle-success	Checkout code	2026-02-16T07:51:09.7531684Z  * [new branch]          F227-despliegue-de-kube-independiente-del-clouder -> origin/F227-despliegue-de-kube-independiente-del-clouder
handle-success	Checkout code	2026-02-16T07:51:09.7532620Z  * [new branch]          F3450-modelo-operativo -> origin/F3450-modelo-operativo
handle-success	Checkout code	2026-02-16T07:51:09.7533337Z  * [new branch]          H1151-desarrollo-de-secciones-ii -> origin/H1151-desarrollo-de-secciones-ii
handle-success	Checkout code	2026-02-16T07:51:09.7534136Z  * [new branch]          H1193-ejemplo-web-documentacion -> origin/H1193-ejemplo-web-documentacion
handle-success	Checkout code	2026-02-16T07:51:09.7534892Z  * [new branch]          H1276-modulo-observabilidad -> origin/H1276-modulo-observabilidad
handle-success	Checkout code	2026-02-16T07:51:09.7535842Z  * [new branch]          H227-despliegue-de-kube-independiente-del-clouder -> origin/H227-despliegue-de-kube-independiente-del-clouder
handle-success	Checkout code	2026-02-16T07:51:09.7536845Z  * [new branch]          H3266-deploy-zabbix    -> origin/H3266-deploy-zabbix
handle-success	Checkout code	2026-02-16T07:51:09.7537449Z  * [new branch]          H3596-deploy-itop      -> origin/H3596-deploy-itop
handle-success	Checkout code	2026-02-16T07:51:09.7538350Z  * [new branch]          RN227-despliegue-de-kube-independiente-del-clouder -> origin/RN227-despliegue-de-kube-independiente-del-clouder
handle-success	Checkout code	2026-02-16T07:51:09.7539196Z  * [new branch]          main                   -> origin/main
handle-success	Checkout code	2026-02-16T07:51:09.7539886Z  * [new tag]             0.0.0                  -> 0.0.0
handle-success	Checkout code	2026-02-16T07:51:09.7540307Z  * [new tag]             0.0.1                  -> 0.0.1
handle-success	Checkout code	2026-02-16T07:51:09.7540745Z  * [new tag]             0.0.10                 -> 0.0.10
handle-success	Checkout code	2026-02-16T07:51:09.7541216Z  * [new tag]             0.0.100                -> 0.0.100
handle-success	Checkout code	2026-02-16T07:51:09.7541683Z  * [new tag]             0.0.101                -> 0.0.101
handle-success	Checkout code	2026-02-16T07:51:09.7542554Z  * [new tag]             0.0.102                -> 0.0.102
handle-success	Checkout code	2026-02-16T07:51:09.7542983Z  * [new tag]             0.0.103                -> 0.0.103
handle-success	Checkout code	2026-02-16T07:51:09.7543401Z  * [new tag]             0.0.104                -> 0.0.104
handle-success	Checkout code	2026-02-16T07:51:09.7543900Z  * [new tag]             0.0.105                -> 0.0.105
handle-success	Checkout code	2026-02-16T07:51:09.7544309Z  * [new tag]             0.0.106                -> 0.0.106
handle-success	Checkout code	2026-02-16T07:51:09.7544737Z  * [new tag]             0.0.107                -> 0.0.107
handle-success	Checkout code	2026-02-16T07:51:09.7545167Z  * [new tag]             0.0.108                -> 0.0.108
handle-success	Checkout code	2026-02-16T07:51:09.7545582Z  * [new tag]             0.0.109                -> 0.0.109
handle-success	Checkout code	2026-02-16T07:51:09.7545999Z  * [new tag]             0.0.11                 -> 0.0.11
handle-success	Checkout code	2026-02-16T07:51:09.7546424Z  * [new tag]             0.0.110                -> 0.0.110
handle-success	Checkout code	2026-02-16T07:51:09.7546846Z  * [new tag]             0.0.111                -> 0.0.111
handle-success	Checkout code	2026-02-16T07:51:09.7547282Z  * [new tag]             0.0.112                -> 0.0.112
handle-success	Checkout code	2026-02-16T07:51:09.7548074Z  * [new tag]             0.0.113                -> 0.0.113
handle-success	Checkout code	2026-02-16T07:51:09.7549061Z  * [new tag]             0.0.114                -> 0.0.114
handle-success	Checkout code	2026-02-16T07:51:09.7549853Z  * [new tag]             0.0.115                -> 0.0.115
handle-success	Checkout code	2026-02-16T07:51:09.7550297Z  * [new tag]             0.0.116                -> 0.0.116
handle-success	Checkout code	2026-02-16T07:51:09.7550716Z  * [new tag]             0.0.117                -> 0.0.117
handle-success	Checkout code	2026-02-16T07:51:09.7551128Z  * [new tag]             0.0.118                -> 0.0.118
handle-success	Checkout code	2026-02-16T07:51:09.7551533Z  * [new tag]             0.0.119                -> 0.0.119
handle-success	Checkout code	2026-02-16T07:51:09.7551949Z  * [new tag]             0.0.12                 -> 0.0.12
handle-success	Checkout code	2026-02-16T07:51:09.7552362Z  * [new tag]             0.0.120                -> 0.0.120
handle-success	Checkout code	2026-02-16T07:51:09.7552780Z  * [new tag]             0.0.121                -> 0.0.121
handle-success	Checkout code	2026-02-16T07:51:09.7553198Z  * [new tag]             0.0.122                -> 0.0.122
handle-success	Checkout code	2026-02-16T07:51:09.7553634Z  * [new tag]             0.0.123                -> 0.0.123
handle-success	Checkout code	2026-02-16T07:51:09.7554068Z  * [new tag]             0.0.124                -> 0.0.124
handle-success	Checkout code	2026-02-16T07:51:09.7554481Z  * [new tag]             0.0.125                -> 0.0.125
handle-success	Checkout code	2026-02-16T07:51:09.7554897Z  * [new tag]             0.0.126                -> 0.0.126
handle-success	Checkout code	2026-02-16T07:51:09.7555309Z  * [new tag]             0.0.127                -> 0.0.127
handle-success	Checkout code	2026-02-16T07:51:09.7555721Z  * [new tag]             0.0.128                -> 0.0.128
handle-success	Checkout code	2026-02-16T07:51:09.7556134Z  * [new tag]             0.0.129                -> 0.0.129
handle-success	Checkout code	2026-02-16T07:51:09.7556552Z  * [new tag]             0.0.13                 -> 0.0.13
handle-success	Checkout code	2026-02-16T07:51:09.7557083Z  * [new tag]             0.0.130                -> 0.0.130
handle-success	Checkout code	2026-02-16T07:51:09.7630454Z  * [new tag]             0.0.131                -> 0.0.131
handle-success	Checkout code	2026-02-16T07:51:09.7631432Z  * [new tag]             0.0.132                -> 0.0.132
handle-success	Checkout code	2026-02-16T07:51:09.7631930Z  * [new tag]             0.0.133                -> 0.0.133
handle-success	Checkout code	2026-02-16T07:51:09.7632420Z  * [new tag]             0.0.134                -> 0.0.134
handle-success	Checkout code	2026-02-16T07:51:09.7632833Z  * [new tag]             0.0.135                -> 0.0.135
handle-success	Checkout code	2026-02-16T07:51:09.7633266Z  * [new tag]             0.0.136                -> 0.0.136
handle-success	Checkout code	2026-02-16T07:51:09.7633686Z  * [new tag]             0.0.137                -> 0.0.137
handle-success	Checkout code	2026-02-16T07:51:09.7634111Z  * [new tag]             0.0.138                -> 0.0.138
handle-success	Checkout code	2026-02-16T07:51:09.7634526Z  * [new tag]             0.0.139                -> 0.0.139
handle-success	Checkout code	2026-02-16T07:51:09.7634955Z  * [new tag]             0.0.14                 -> 0.0.14
handle-success	Checkout code	2026-02-16T07:51:09.7635370Z  * [new tag]             0.0.140                -> 0.0.140
handle-success	Checkout code	2026-02-16T07:51:09.7635899Z  * [new tag]             0.0.141                -> 0.0.141
handle-success	Checkout code	2026-02-16T07:51:09.7636309Z  * [new tag]             0.0.142                -> 0.0.142
handle-success	Checkout code	2026-02-16T07:51:09.7636707Z  * [new tag]             0.0.143                -> 0.0.143
handle-success	Checkout code	2026-02-16T07:51:09.7637107Z  * [new tag]             0.0.144                -> 0.0.144
handle-success	Checkout code	2026-02-16T07:51:09.7637913Z  * [new tag]             0.0.145                -> 0.0.145
handle-success	Checkout code	2026-02-16T07:51:09.7638324Z  * [new tag]             0.0.146                -> 0.0.146
handle-success	Checkout code	2026-02-16T07:51:09.7638900Z  * [new tag]             0.0.147                -> 0.0.147
handle-success	Checkout code	2026-02-16T07:51:09.7639362Z  * [new tag]             0.0.148                -> 0.0.148
handle-success	Checkout code	2026-02-16T07:51:09.7640145Z  * [new tag]             0.0.149                -> 0.0.149
handle-success	Checkout code	2026-02-16T07:51:09.7640575Z  * [new tag]             0.0.15                 -> 0.0.15
handle-success	Checkout code	2026-02-16T07:51:09.7641111Z  * [new tag]             0.0.150                -> 0.0.150
handle-success	Checkout code	2026-02-16T07:51:09.7641519Z  * [new tag]             0.0.151                -> 0.0.151
handle-success	Checkout code	2026-02-16T07:51:09.7641921Z  * [new tag]             0.0.152                -> 0.0.152
handle-success	Checkout code	2026-02-16T07:51:09.7642333Z  * [new tag]             0.0.153                -> 0.0.153
handle-success	Checkout code	2026-02-16T07:51:09.7642770Z  * [new tag]             0.0.154                -> 0.0.154
handle-success	Checkout code	2026-02-16T07:51:09.7643229Z  * [new tag]             0.0.155                -> 0.0.155
handle-success	Checkout code	2026-02-16T07:51:09.7643921Z  * [new tag]             0.0.156                -> 0.0.156
handle-success	Checkout code	2026-02-16T07:51:09.7644334Z  * [new tag]             0.0.157                -> 0.0.157
handle-success	Checkout code	2026-02-16T07:51:09.7644857Z  * [new tag]             0.0.158                -> 0.0.158
handle-success	Checkout code	2026-02-16T07:51:09.7645252Z  * [new tag]             0.0.159                -> 0.0.159
handle-success	Checkout code	2026-02-16T07:51:09.7645945Z  * [new tag]             0.0.16                 -> 0.0.16
handle-success	Checkout code	2026-02-16T07:51:09.7646369Z  * [new tag]             0.0.160                -> 0.0.160
handle-success	Checkout code	2026-02-16T07:51:09.7647149Z  * [new tag]             0.0.161                -> 0.0.161
handle-success	Checkout code	2026-02-16T07:51:09.7647557Z  * [new tag]             0.0.162                -> 0.0.162
handle-success	Checkout code	2026-02-16T07:51:09.7648077Z  * [new tag]             0.0.163                -> 0.0.163
handle-success	Checkout code	2026-02-16T07:51:09.7648474Z  * [new tag]             0.0.164                -> 0.0.164
handle-success	Checkout code	2026-02-16T07:51:09.7648863Z  * [new tag]             0.0.165                -> 0.0.165
handle-success	Checkout code	2026-02-16T07:51:09.7649288Z  * [new tag]             0.0.166                -> 0.0.166
handle-success	Checkout code	2026-02-16T07:51:09.7649910Z  * [new tag]             0.0.167                -> 0.0.167
handle-success	Checkout code	2026-02-16T07:51:09.7650447Z  * [new tag]             0.0.168                -> 0.0.168
handle-success	Checkout code	2026-02-16T07:51:09.7650849Z  * [new tag]             0.0.169                -> 0.0.169
handle-success	Checkout code	2026-02-16T07:51:09.7651369Z  * [new tag]             0.0.17                 -> 0.0.17
handle-success	Checkout code	2026-02-16T07:51:09.7651772Z  * [new tag]             0.0.170                -> 0.0.170
handle-success	Checkout code	2026-02-16T07:51:09.7652168Z  * [new tag]             0.0.171                -> 0.0.171
handle-success	Checkout code	2026-02-16T07:51:09.7652564Z  * [new tag]             0.0.172                -> 0.0.172
handle-success	Checkout code	2026-02-16T07:51:09.7652953Z  * [new tag]             0.0.173                -> 0.0.173
handle-success	Checkout code	2026-02-16T07:51:09.7653351Z  * [new tag]             0.0.174                -> 0.0.174
handle-success	Checkout code	2026-02-16T07:51:09.7653760Z  * [new tag]             0.0.175                -> 0.0.175
handle-success	Checkout code	2026-02-16T07:51:09.7654161Z  * [new tag]             0.0.176                -> 0.0.176
handle-success	Checkout code	2026-02-16T07:51:09.7654570Z  * [new tag]             0.0.177                -> 0.0.177
handle-success	Checkout code	2026-02-16T07:51:09.7654963Z  * [new tag]             0.0.178                -> 0.0.178
handle-success	Checkout code	2026-02-16T07:51:09.7655361Z  * [new tag]             0.0.179                -> 0.0.179
handle-success	Checkout code	2026-02-16T07:51:09.7655761Z  * [new tag]             0.0.18                 -> 0.0.18
handle-success	Checkout code	2026-02-16T07:51:09.7656164Z  * [new tag]             0.0.19                 -> 0.0.19
handle-success	Checkout code	2026-02-16T07:51:09.7656562Z  * [new tag]             0.0.2                  -> 0.0.2
handle-success	Checkout code	2026-02-16T07:51:09.7656954Z  * [new tag]             0.0.20                 -> 0.0.20
handle-success	Checkout code	2026-02-16T07:51:09.7657354Z  * [new tag]             0.0.21                 -> 0.0.21
handle-success	Checkout code	2026-02-16T07:51:09.7657755Z  * [new tag]             0.0.22                 -> 0.0.22
handle-success	Checkout code	2026-02-16T07:51:09.7658151Z  * [new tag]             0.0.23                 -> 0.0.23
handle-success	Checkout code	2026-02-16T07:51:09.7658544Z  * [new tag]             0.0.24                 -> 0.0.24
handle-success	Checkout code	2026-02-16T07:51:09.7659156Z  * [new tag]             0.0.25                 -> 0.0.25
handle-success	Checkout code	2026-02-16T07:51:09.7660423Z  * [new tag]             0.0.26                 -> 0.0.26
handle-success	Checkout code	2026-02-16T07:51:09.7660846Z  * [new tag]             0.0.27                 -> 0.0.27
handle-success	Checkout code	2026-02-16T07:51:09.7661367Z  * [new tag]             0.0.28                 -> 0.0.28
handle-success	Checkout code	2026-02-16T07:51:09.7661756Z  * [new tag]             0.0.29                 -> 0.0.29
handle-success	Checkout code	2026-02-16T07:51:09.7662153Z  * [new tag]             0.0.3                  -> 0.0.3
handle-success	Checkout code	2026-02-16T07:51:09.7662545Z  * [new tag]             0.0.30                 -> 0.0.30
handle-success	Checkout code	2026-02-16T07:51:09.7662936Z  * [new tag]             0.0.31                 -> 0.0.31
handle-success	Checkout code	2026-02-16T07:51:09.7663332Z  * [new tag]             0.0.32                 -> 0.0.32
handle-success	Checkout code	2026-02-16T07:51:09.7663723Z  * [new tag]             0.0.33                 -> 0.0.33
handle-success	Checkout code	2026-02-16T07:51:09.7664116Z  * [new tag]             0.0.34                 -> 0.0.34
handle-success	Checkout code	2026-02-16T07:51:09.7664509Z  * [new tag]             0.0.35                 -> 0.0.35
handle-success	Checkout code	2026-02-16T07:51:09.7665130Z  * [new tag]             0.0.36                 -> 0.0.36
handle-success	Checkout code	2026-02-16T07:51:09.7665527Z  * [new tag]             0.0.37                 -> 0.0.37
handle-success	Checkout code	2026-02-16T07:51:09.7665919Z  * [new tag]             0.0.38                 -> 0.0.38
handle-success	Checkout code	2026-02-16T07:51:09.7666315Z  * [new tag]             0.0.39                 -> 0.0.39
handle-success	Checkout code	2026-02-16T07:51:09.7666711Z  * [new tag]             0.0.4                  -> 0.0.4
handle-success	Checkout code	2026-02-16T07:51:09.7667103Z  * [new tag]             0.0.40                 -> 0.0.40
handle-success	Checkout code	2026-02-16T07:51:09.7667499Z  * [new tag]             0.0.41                 -> 0.0.41
handle-success	Checkout code	2026-02-16T07:51:09.7667890Z  * [new tag]             0.0.42                 -> 0.0.42
handle-success	Checkout code	2026-02-16T07:51:09.7668284Z  * [new tag]             0.0.43                 -> 0.0.43
handle-success	Checkout code	2026-02-16T07:51:09.7668680Z  * [new tag]             0.0.44                 -> 0.0.44
handle-success	Checkout code	2026-02-16T07:51:09.7669077Z  * [new tag]             0.0.45                 -> 0.0.45
handle-success	Checkout code	2026-02-16T07:51:09.7669467Z  * [new tag]             0.0.46                 -> 0.0.46
handle-success	Checkout code	2026-02-16T07:51:09.7670425Z  * [new tag]             0.0.47                 -> 0.0.47
handle-success	Checkout code	2026-02-16T07:51:09.7670823Z  * [new tag]             0.0.48                 -> 0.0.48
handle-success	Checkout code	2026-02-16T07:51:09.7671217Z  * [new tag]             0.0.49                 -> 0.0.49
handle-success	Checkout code	2026-02-16T07:51:09.7671614Z  * [new tag]             0.0.5                  -> 0.0.5
handle-success	Checkout code	2026-02-16T07:51:09.7672007Z  * [new tag]             0.0.50                 -> 0.0.50
handle-success	Checkout code	2026-02-16T07:51:09.7672403Z  * [new tag]             0.0.51                 -> 0.0.51
handle-success	Checkout code	2026-02-16T07:51:09.7672795Z  * [new tag]             0.0.52                 -> 0.0.52
handle-success	Checkout code	2026-02-16T07:51:09.7673192Z  * [new tag]             0.0.53                 -> 0.0.53
handle-success	Checkout code	2026-02-16T07:51:09.7673582Z  * [new tag]             0.0.54                 -> 0.0.54
handle-success	Checkout code	2026-02-16T07:51:09.7673967Z  * [new tag]             0.0.55                 -> 0.0.55
handle-success	Checkout code	2026-02-16T07:51:09.7674356Z  * [new tag]             0.0.56                 -> 0.0.56
handle-success	Checkout code	2026-02-16T07:51:09.7674742Z  * [new tag]             0.0.57                 -> 0.0.57
handle-success	Checkout code	2026-02-16T07:51:09.7675145Z  * [new tag]             0.0.58                 -> 0.0.58
handle-success	Checkout code	2026-02-16T07:51:09.7675526Z  * [new tag]             0.0.59                 -> 0.0.59
handle-success	Checkout code	2026-02-16T07:51:09.7675911Z  * [new tag]             0.0.6                  -> 0.0.6
handle-success	Checkout code	2026-02-16T07:51:09.7676299Z  * [new tag]             0.0.60                 -> 0.0.60
handle-success	Checkout code	2026-02-16T07:51:09.7676688Z  * [new tag]             0.0.61                 -> 0.0.61
handle-success	Checkout code	2026-02-16T07:51:09.7677076Z  * [new tag]             0.0.62                 -> 0.0.62
handle-success	Checkout code	2026-02-16T07:51:09.7677463Z  * [new tag]             0.0.63                 -> 0.0.63
handle-success	Checkout code	2026-02-16T07:51:09.7677851Z  * [new tag]             0.0.64                 -> 0.0.64
handle-success	Checkout code	2026-02-16T07:51:09.7678239Z  * [new tag]             0.0.65                 -> 0.0.65
handle-success	Checkout code	2026-02-16T07:51:09.7678631Z  * [new tag]             0.0.66                 -> 0.0.66
handle-success	Checkout code	2026-02-16T07:51:09.7679021Z  * [new tag]             0.0.67                 -> 0.0.67
handle-success	Checkout code	2026-02-16T07:51:09.7679405Z  * [new tag]             0.0.68                 -> 0.0.68
handle-success	Checkout code	2026-02-16T07:51:09.7680918Z  * [new tag]             0.0.69                 -> 0.0.69
handle-success	Checkout code	2026-02-16T07:51:09.7681326Z  * [new tag]             0.0.7                  -> 0.0.7
handle-success	Checkout code	2026-02-16T07:51:09.7681840Z  * [new tag]             0.0.70                 -> 0.0.70
handle-success	Checkout code	2026-02-16T07:51:09.7682226Z  * [new tag]             0.0.71                 -> 0.0.71
handle-success	Checkout code	2026-02-16T07:51:09.7682613Z  * [new tag]             0.0.72                 -> 0.0.72
handle-success	Checkout code	2026-02-16T07:51:09.7683001Z  * [new tag]             0.0.73                 -> 0.0.73
handle-success	Checkout code	2026-02-16T07:51:09.7683390Z  * [new tag]             0.0.74                 -> 0.0.74
handle-success	Checkout code	2026-02-16T07:51:09.7683780Z  * [new tag]             0.0.75                 -> 0.0.75
handle-success	Checkout code	2026-02-16T07:51:09.7684161Z  * [new tag]             0.0.76                 -> 0.0.76
handle-success	Checkout code	2026-02-16T07:51:09.7684550Z  * [new tag]             0.0.77                 -> 0.0.77
handle-success	Checkout code	2026-02-16T07:51:09.7684937Z  * [new tag]             0.0.78                 -> 0.0.78
handle-success	Checkout code	2026-02-16T07:51:09.7685583Z  * [new tag]             0.0.79                 -> 0.0.79
handle-success	Checkout code	2026-02-16T07:51:09.7685975Z  * [new tag]             0.0.8                  -> 0.0.8
handle-success	Checkout code	2026-02-16T07:51:09.7686360Z  * [new tag]             0.0.80                 -> 0.0.80
handle-success	Checkout code	2026-02-16T07:51:09.7686749Z  * [new tag]             0.0.81                 -> 0.0.81
handle-success	Checkout code	2026-02-16T07:51:09.7687137Z  * [new tag]             0.0.82                 -> 0.0.82
handle-success	Checkout code	2026-02-16T07:51:09.7687525Z  * [new tag]             0.0.83                 -> 0.0.83
handle-success	Checkout code	2026-02-16T07:51:09.7687914Z  * [new tag]             0.0.84                 -> 0.0.84
handle-success	Checkout code	2026-02-16T07:51:09.7688297Z  * [new tag]             0.0.85                 -> 0.0.85
handle-success	Checkout code	2026-02-16T07:51:09.7688685Z  * [new tag]             0.0.86                 -> 0.0.86
handle-success	Checkout code	2026-02-16T07:51:09.7689074Z  * [new tag]             0.0.87                 -> 0.0.87
handle-success	Checkout code	2026-02-16T07:51:09.7689462Z  * [new tag]             0.0.88                 -> 0.0.88
handle-success	Checkout code	2026-02-16T07:51:09.7690265Z  * [new tag]             0.0.89                 -> 0.0.89
handle-success	Checkout code	2026-02-16T07:51:09.7690675Z  * [new tag]             0.0.9                  -> 0.0.9
handle-success	Checkout code	2026-02-16T07:51:09.7691065Z  * [new tag]             0.0.90                 -> 0.0.90
handle-success	Checkout code	2026-02-16T07:51:09.7691457Z  * [new tag]             0.0.91                 -> 0.0.91
handle-success	Checkout code	2026-02-16T07:51:09.7691849Z  * [new tag]             0.0.92                 -> 0.0.92
handle-success	Checkout code	2026-02-16T07:51:09.7692236Z  * [new tag]             0.0.93                 -> 0.0.93
handle-success	Checkout code	2026-02-16T07:51:09.7692628Z  * [new tag]             0.0.94                 -> 0.0.94
handle-success	Checkout code	2026-02-16T07:51:09.7693016Z  * [new tag]             0.0.95                 -> 0.0.95
handle-success	Checkout code	2026-02-16T07:51:09.7693407Z  * [new tag]             0.0.96                 -> 0.0.96
handle-success	Checkout code	2026-02-16T07:51:09.7693797Z  * [new tag]             0.0.97                 -> 0.0.97
handle-success	Checkout code	2026-02-16T07:51:09.7694183Z  * [new tag]             0.0.98                 -> 0.0.98
handle-success	Checkout code	2026-02-16T07:51:09.7694567Z  * [new tag]             0.0.99                 -> 0.0.99
handle-success	Checkout code	2026-02-16T07:51:09.7694956Z  * [new tag]             0.1.0                  -> 0.1.0
handle-success	Checkout code	2026-02-16T07:51:09.7695356Z  * [new tag]             0.1.1                  -> 0.1.1
handle-success	Checkout code	2026-02-16T07:51:09.7695765Z  * [new tag]             0.2.0                  -> 0.2.0
handle-success	Checkout code	2026-02-16T07:51:09.7696151Z  * [new tag]             0.3.0                  -> 0.3.0
handle-success	Checkout code	2026-02-16T07:51:09.7696535Z  * [new tag]             0.3.1                  -> 0.3.1
handle-success	Checkout code	2026-02-16T07:51:09.7696917Z  * [new tag]             0.3.10                 -> 0.3.10
handle-success	Checkout code	2026-02-16T07:51:09.7697311Z  * [new tag]             0.3.11                 -> 0.3.11
handle-success	Checkout code	2026-02-16T07:51:09.7697698Z  * [new tag]             0.3.12                 -> 0.3.12
handle-success	Checkout code	2026-02-16T07:51:09.7698088Z  * [new tag]             0.3.13                 -> 0.3.13
handle-success	Checkout code	2026-02-16T07:51:09.7698477Z  * [new tag]             0.3.14                 -> 0.3.14
handle-success	Checkout code	2026-02-16T07:51:09.7698856Z  * [new tag]             0.3.15                 -> 0.3.15
handle-success	Checkout code	2026-02-16T07:51:09.7699242Z  * [new tag]             0.3.16                 -> 0.3.16
handle-success	Checkout code	2026-02-16T07:51:09.7700025Z  * [new tag]             0.3.17                 -> 0.3.17
handle-success	Checkout code	2026-02-16T07:51:09.7700658Z  * [new tag]             0.3.2                  -> 0.3.2
handle-success	Checkout code	2026-02-16T07:51:09.7701177Z  * [new tag]             0.3.3                  -> 0.3.3
handle-success	Checkout code	2026-02-16T07:51:09.7701570Z  * [new tag]             0.3.4                  -> 0.3.4
handle-success	Checkout code	2026-02-16T07:51:09.7701965Z  * [new tag]             0.3.5                  -> 0.3.5
handle-success	Checkout code	2026-02-16T07:51:09.7702476Z  * [new tag]             0.3.6                  -> 0.3.6
handle-success	Checkout code	2026-02-16T07:51:09.7702858Z  * [new tag]             0.3.7                  -> 0.3.7
handle-success	Checkout code	2026-02-16T07:51:09.7703237Z  * [new tag]             0.3.8                  -> 0.3.8
handle-success	Checkout code	2026-02-16T07:51:09.7703626Z  * [new tag]             0.3.9                  -> 0.3.9
handle-success	Checkout code	2026-02-16T07:51:09.7704012Z  * [new tag]             0.4.0                  -> 0.4.0
handle-success	Checkout code	2026-02-16T07:51:09.7704395Z  * [new tag]             0.4.1                  -> 0.4.1
handle-success	Checkout code	2026-02-16T07:51:09.7704777Z  * [new tag]             0.4.2                  -> 0.4.2
handle-success	Checkout code	2026-02-16T07:51:09.7705154Z  * [new tag]             0.4.3                  -> 0.4.3
handle-success	Checkout code	2026-02-16T07:51:09.7705779Z  * [new tag]             0.4.4                  -> 0.4.4
handle-success	Checkout code	2026-02-16T07:51:09.7706167Z  * [new tag]             0.4.5                  -> 0.4.5
handle-success	Checkout code	2026-02-16T07:51:09.7706552Z  * [new tag]             0.4.6                  -> 0.4.6
handle-success	Checkout code	2026-02-16T07:51:09.7706931Z  * [new tag]             0.4.7                  -> 0.4.7
handle-success	Checkout code	2026-02-16T07:51:09.7707315Z  * [new tag]             0.4.8                  -> 0.4.8
handle-success	Checkout code	2026-02-16T07:51:09.7707996Z  * [new tag]             0.4.9                  -> 0.4.9
handle-success	Checkout code	2026-02-16T07:51:09.7708397Z  * [new tag]             0.5.0                  -> 0.5.0
handle-success	Checkout code	2026-02-16T07:51:09.7708803Z  * [new tag]             0.5.1                  -> 0.5.1
handle-success	Checkout code	2026-02-16T07:51:09.7709202Z  * [new tag]             0.5.2                  -> 0.5.2
handle-success	Checkout code	2026-02-16T07:51:09.7709662Z  * [new tag]             0.6.0                  -> 0.6.0
handle-success	Checkout code	2026-02-16T07:51:09.7710185Z  * [new tag]             0.6.1                  -> 0.6.1
handle-success	Checkout code	2026-02-16T07:51:09.7710578Z  * [new tag]             0.6.2                  -> 0.6.2
handle-success	Checkout code	2026-02-16T07:51:09.7926578Z [command]/usr/bin/git branch --list --remote origin/main
handle-success	Checkout code	2026-02-16T07:51:09.8008172Z   origin/main
handle-success	Checkout code	2026-02-16T07:51:09.8020144Z [command]/usr/bin/git rev-parse refs/remotes/origin/main
handle-success	Checkout code	2026-02-16T07:51:09.8049386Z 062751ecb4d3b62d5cd3a368c056d5271eaf0e90
handle-success	Checkout code	2026-02-16T07:51:09.8064767Z [command]/usr/bin/git -c protocol.version=2 fetch --no-tags --prune --no-recurse-submodules origin +b81f5dc609abb8223109a5e9ff652d3921db9402:refs/remotes/origin/main
handle-success	Checkout code	2026-02-16T07:51:09.8255776Z From https://github.com/Ka0s-Klaus/ka0s
handle-success	Checkout code	2026-02-16T07:51:09.8256534Z  + 062751ecb...b81f5dc60 b81f5dc609abb8223109a5e9ff652d3921db9402 -> origin/main  (forced update)
handle-success	Checkout code	2026-02-16T07:51:09.8293603Z ##[endgroup]
handle-success	Checkout code	2026-02-16T07:51:09.8296047Z ##[group]Determining the checkout info
handle-success	Checkout code	2026-02-16T07:51:09.8296871Z ##[endgroup]
handle-success	Checkout code	2026-02-16T07:51:09.8300086Z [command]/usr/bin/git sparse-checkout disable
handle-success	Checkout code	2026-02-16T07:51:09.8355780Z [command]/usr/bin/git config --local --unset-all extensions.worktreeConfig
handle-success	Checkout code	2026-02-16T07:51:09.8396086Z ##[group]Checking out the ref
handle-success	Checkout code	2026-02-16T07:51:09.8406837Z [command]/usr/bin/git checkout --progress --force -B main refs/remotes/origin/main
handle-success	Checkout code	2026-02-16T07:51:10.0889851Z Switched to a new branch 'main'
handle-success	Checkout code	2026-02-16T07:51:10.0894185Z branch 'main' set up to track 'origin/main'.
handle-success	Checkout code	2026-02-16T07:51:10.0931496Z ##[endgroup]
handle-success	Checkout code	2026-02-16T07:51:10.0985590Z [command]/usr/bin/git log -1 --format=%H
handle-success	Checkout code	2026-02-16T07:51:10.1019909Z b81f5dc609abb8223109a5e9ff652d3921db9402
handle-success	handle-success-execution	Ôªø2026-02-16T07:51:10.1264851Z ##[group]Run # Si todo ha ido correcto a√±adimos el contenido del fichero 
handle-success	handle-success-execution	2026-02-16T07:51:10.1265528Z [36;1m# Si todo ha ido correcto a√±adimos el contenido del fichero [0m
handle-success	handle-success-execution	2026-02-16T07:51:10.1265986Z [36;1mecho "Process completed successfully 22054341625"[0m
handle-success	handle-success-execution	2026-02-16T07:51:10.1266422Z [36;1m# RNNUMBER=$(echo "refs/heads/main" | grep -o '[0-9]*')[0m
handle-success	handle-success-execution	2026-02-16T07:51:10.1267270Z [36;1m# gh issue comment $RNNUMBER --body "El proceso ha finalizado correctamente 22054341625. El resultado est√° en el fichero core/results/event_data_22054341625.log"[0m
handle-success	handle-success-execution	2026-02-16T07:51:10.1286401Z shell: /usr/bin/bash -e {0}
handle-success	handle-success-execution	2026-02-16T07:51:10.1286726Z env:
handle-success	handle-success-execution	2026-02-16T07:51:10.1287059Z   PYTHON_VERSION: 3.9
handle-success	handle-success-execution	2026-02-16T07:51:10.1288074Z   MONGO_SUPERUSER_CONNECTION: ***
handle-success	handle-success-execution	2026-02-16T07:51:10.1288496Z   MONGO_NEW_PASS: ***
handle-success	handle-success-execution	2026-02-16T07:51:10.1288820Z   MONGO_SCRIPT_CREATE: devops/core/mongo/scripts/add-doc-to-db.py
handle-success	handle-success-execution	2026-02-16T07:51:10.1289190Z   KAOS_CODE: 22054341625
handle-success	handle-success-execution	2026-02-16T07:51:10.1289453Z   KAOS_MODULE: [Ka0s] Autom add docs to MongoDB
handle-success	handle-success-execution	2026-02-16T07:51:10.1290136Z   REPORT_SCAN: audit/
handle-success	handle-success-execution	2026-02-16T07:51:10.1290359Z   REPORT_PATH: audit/mongodb/
handle-success	handle-success-execution	2026-02-16T07:51:10.1290645Z   REPORT_FILENAME: mongo_setup_22054341625.json
handle-success	handle-success-execution	2026-02-16T07:51:10.1290980Z   REPORT_FILENAME_LIST: mongo_list_22054341625.json
handle-success	handle-success-execution	2026-02-16T07:51:10.1291340Z   REPORT_FILENAME_DB: mongo_create_db_22054341625.json
handle-success	handle-success-execution	2026-02-16T07:51:10.1291765Z   GH_TOKEN: ***
handle-success	handle-success-execution	2026-02-16T07:51:10.1291973Z ##[endgroup]
handle-success	handle-success-execution	2026-02-16T07:51:10.1362396Z Process completed successfully 22054341625
handle-success	Post Checkout code	Ôªø2026-02-16T07:51:10.1507848Z Post job cleanup.
handle-success	Post Checkout code	2026-02-16T07:51:10.2573359Z [command]/usr/bin/git version
handle-success	Post Checkout code	2026-02-16T07:51:10.2616801Z git version 2.52.0
handle-success	Post Checkout code	2026-02-16T07:51:10.2665947Z Temporarily overriding HOME='/home/runner/_work/_temp/4d8f362e-ead0-4311-9197-c4667525f727' before making global git config changes
handle-success	Post Checkout code	2026-02-16T07:51:10.2666873Z Adding repository directory to the temporary git global config as a safe directory
handle-success	Post Checkout code	2026-02-16T07:51:10.2672716Z [command]/usr/bin/git config --global --add safe.directory /home/runner/_work/ka0s/ka0s
handle-success	Post Checkout code	2026-02-16T07:51:10.2729258Z [command]/usr/bin/git config --local --name-only --get-regexp core\.sshCommand
handle-success	Post Checkout code	2026-02-16T07:51:10.2774972Z [command]/usr/bin/git submodule foreach --recursive sh -c "git config --local --name-only --get-regexp 'core\.sshCommand' && git config --local --unset-all 'core.sshCommand' || :"
handle-success	Post Checkout code	2026-02-16T07:51:10.3108910Z [command]/usr/bin/git config --local --name-only --get-regexp http\.https\:\/\/github\.com\/\.extraheader
handle-success	Post Checkout code	2026-02-16T07:51:10.3139783Z http.https://github.com/.extraheader
handle-success	Post Checkout code	2026-02-16T07:51:10.3153084Z [command]/usr/bin/git config --local --unset-all http.https://github.com/.extraheader
handle-success	Post Checkout code	2026-02-16T07:51:10.3195116Z [command]/usr/bin/git submodule foreach --recursive sh -c "git config --local --name-only --get-regexp 'http\.https\:\/\/github\.com\/\.extraheader' && git config --local --unset-all 'http.https://github.com/.extraheader' || :"
handle-success	Post Checkout code	2026-02-16T07:51:10.3525308Z [command]/usr/bin/git config --local --name-only --get-regexp ^includeIf\.gitdir:
handle-success	Post Checkout code	2026-02-16T07:51:10.3567283Z [command]/usr/bin/git submodule foreach --recursive git config --local --show-origin --name-only --get-regexp remote.origin.url
handle-success	Complete job	Ôªø2026-02-16T07:51:10.4049777Z Cleaning up orphan processes
end-workflow	Set up job	Ôªø2026-02-16T07:51:22.4251460Z Current runner version: '2.331.0'
end-workflow	Set up job	2026-02-16T07:51:22.4260226Z Runner name: 'swarm-runners-scaleset-hkss5-runner-77vsn'
end-workflow	Set up job	2026-02-16T07:51:22.4261367Z Runner group name: 'Default'
end-workflow	Set up job	2026-02-16T07:51:22.4262393Z Machine name: 'swarm-runners-scaleset-hkss5-runner-77vsn'
end-workflow	Set up job	2026-02-16T07:51:22.4266542Z ##[group]GITHUB_TOKEN Permissions
end-workflow	Set up job	2026-02-16T07:51:22.4269846Z Actions: write
end-workflow	Set up job	2026-02-16T07:51:22.4270673Z Contents: write
end-workflow	Set up job	2026-02-16T07:51:22.4271314Z Issues: write
end-workflow	Set up job	2026-02-16T07:51:22.4272079Z Metadata: read
end-workflow	Set up job	2026-02-16T07:51:22.4272728Z PullRequests: write
end-workflow	Set up job	2026-02-16T07:51:22.4273367Z ##[endgroup]
end-workflow	Set up job	2026-02-16T07:51:22.4275654Z Secret source: Actions
end-workflow	Set up job	2026-02-16T07:51:22.4276354Z Prepare workflow directory
end-workflow	Set up job	2026-02-16T07:51:22.4853374Z Prepare all required actions
end-workflow	Set up job	2026-02-16T07:51:22.4893767Z Getting action download info
end-workflow	Set up job	2026-02-16T07:51:23.0770026Z Download action repository 'actions/checkout@v4' (SHA:34e114876b0b11c390a56381ad16ebd13914f8d5)
end-workflow	Set up job	2026-02-16T07:51:24.0129363Z Complete job name: end-workflow
end-workflow	Checkout Repository	Ôªø2026-02-16T07:51:24.0763870Z ##[group]Run actions/checkout@v4
end-workflow	Checkout Repository	2026-02-16T07:51:24.0764785Z with:
end-workflow	Checkout Repository	2026-02-16T07:51:24.0765212Z   fetch-depth: 0
end-workflow	Checkout Repository	2026-02-16T07:51:24.0765653Z   repository: Ka0s-Klaus/ka0s
end-workflow	Checkout Repository	2026-02-16T07:51:24.0766394Z   token: ***
end-workflow	Checkout Repository	2026-02-16T07:51:24.0766794Z   ssh-strict: true
end-workflow	Checkout Repository	2026-02-16T07:51:24.0767209Z   ssh-user: git
end-workflow	Checkout Repository	2026-02-16T07:51:24.0767627Z   persist-credentials: true
end-workflow	Checkout Repository	2026-02-16T07:51:24.0768085Z   clean: true
end-workflow	Checkout Repository	2026-02-16T07:51:24.0768508Z   sparse-checkout-cone-mode: true
end-workflow	Checkout Repository	2026-02-16T07:51:24.0769023Z   fetch-tags: false
end-workflow	Checkout Repository	2026-02-16T07:51:24.0769446Z   show-progress: true
end-workflow	Checkout Repository	2026-02-16T07:51:24.0770307Z   lfs: false
end-workflow	Checkout Repository	2026-02-16T07:51:24.0770708Z   submodules: false
end-workflow	Checkout Repository	2026-02-16T07:51:24.0771110Z   set-safe-directory: true
end-workflow	Checkout Repository	2026-02-16T07:51:24.0771795Z env:
end-workflow	Checkout Repository	2026-02-16T07:51:24.0772186Z   PYTHON_VERSION: 3.9
end-workflow	Checkout Repository	2026-02-16T07:51:24.0773331Z   MONGO_SUPERUSER_CONNECTION: ***
end-workflow	Checkout Repository	2026-02-16T07:51:24.0773996Z   MONGO_NEW_PASS: ***
end-workflow	Checkout Repository	2026-02-16T07:51:24.0774565Z   MONGO_SCRIPT_CREATE: devops/core/mongo/scripts/add-doc-to-db.py
end-workflow	Checkout Repository	2026-02-16T07:51:24.0775265Z   KAOS_CODE: 22054341625
end-workflow	Checkout Repository	2026-02-16T07:51:24.0775738Z   KAOS_MODULE: [Ka0s] Autom add docs to MongoDB
end-workflow	Checkout Repository	2026-02-16T07:51:24.0776280Z   REPORT_SCAN: audit/
end-workflow	Checkout Repository	2026-02-16T07:51:24.0776710Z   REPORT_PATH: audit/mongodb/
end-workflow	Checkout Repository	2026-02-16T07:51:24.0777208Z   REPORT_FILENAME: mongo_setup_22054341625.json
end-workflow	Checkout Repository	2026-02-16T07:51:24.0777799Z   REPORT_FILENAME_LIST: mongo_list_22054341625.json
end-workflow	Checkout Repository	2026-02-16T07:51:24.0778422Z   REPORT_FILENAME_DB: mongo_create_db_22054341625.json
end-workflow	Checkout Repository	2026-02-16T07:51:24.0778999Z ##[endgroup]
end-workflow	Checkout Repository	2026-02-16T07:51:24.2033275Z Syncing repository: Ka0s-Klaus/ka0s
end-workflow	Checkout Repository	2026-02-16T07:51:24.2035859Z ##[group]Getting Git version info
end-workflow	Checkout Repository	2026-02-16T07:51:24.2036577Z Working directory is '/home/runner/_work/ka0s/ka0s'
end-workflow	Checkout Repository	2026-02-16T07:51:24.2037688Z [command]/usr/bin/git version
end-workflow	Checkout Repository	2026-02-16T07:51:24.2038212Z git version 2.52.0
end-workflow	Checkout Repository	2026-02-16T07:51:24.2069059Z ##[endgroup]
end-workflow	Checkout Repository	2026-02-16T07:51:24.2087014Z Temporarily overriding HOME='/home/runner/_work/_temp/940c3a9a-c899-416e-a1e3-e6d7310f1076' before making global git config changes
end-workflow	Checkout Repository	2026-02-16T07:51:24.2088601Z Adding repository directory to the temporary git global config as a safe directory
end-workflow	Checkout Repository	2026-02-16T07:51:24.2122494Z [command]/usr/bin/git config --global --add safe.directory /home/runner/_work/ka0s/ka0s
end-workflow	Checkout Repository	2026-02-16T07:51:24.2142127Z Deleting the contents of '/home/runner/_work/ka0s/ka0s'
end-workflow	Checkout Repository	2026-02-16T07:51:24.2146710Z ##[group]Initializing the repository
end-workflow	Checkout Repository	2026-02-16T07:51:24.2152339Z [command]/usr/bin/git init /home/runner/_work/ka0s/ka0s
end-workflow	Checkout Repository	2026-02-16T07:51:24.2218057Z hint: Using 'master' as the name for the initial branch. This default branch name
end-workflow	Checkout Repository	2026-02-16T07:51:24.2225253Z hint: will change to "main" in Git 3.0. To configure the initial branch name
end-workflow	Checkout Repository	2026-02-16T07:51:24.2226524Z hint: to use in all of your new repositories, which will suppress this warning,
end-workflow	Checkout Repository	2026-02-16T07:51:24.2227310Z hint: call:
end-workflow	Checkout Repository	2026-02-16T07:51:24.2227718Z hint:
end-workflow	Checkout Repository	2026-02-16T07:51:24.2228259Z hint: 	git config --global init.defaultBranch <name>
end-workflow	Checkout Repository	2026-02-16T07:51:24.2228861Z hint:
end-workflow	Checkout Repository	2026-02-16T07:51:24.2230191Z hint: Names commonly chosen instead of 'master' are 'main', 'trunk' and
end-workflow	Checkout Repository	2026-02-16T07:51:24.2231151Z hint: 'development'. The just-created branch can be renamed via this command:
end-workflow	Checkout Repository	2026-02-16T07:51:24.2231898Z hint:
end-workflow	Checkout Repository	2026-02-16T07:51:24.2232308Z hint: 	git branch -m <name>
end-workflow	Checkout Repository	2026-02-16T07:51:24.2232777Z hint:
end-workflow	Checkout Repository	2026-02-16T07:51:24.2233415Z hint: Disable this message with "git config set advice.defaultBranchName false"
end-workflow	Checkout Repository	2026-02-16T07:51:24.2234390Z Initialized empty Git repository in /home/runner/_work/ka0s/ka0s/.git/
end-workflow	Checkout Repository	2026-02-16T07:51:24.2236220Z [command]/usr/bin/git remote add origin https://github.com/Ka0s-Klaus/ka0s
end-workflow	Checkout Repository	2026-02-16T07:51:24.2290516Z ##[endgroup]
end-workflow	Checkout Repository	2026-02-16T07:51:24.2291510Z ##[group]Disabling automatic garbage collection
end-workflow	Checkout Repository	2026-02-16T07:51:24.2292208Z [command]/usr/bin/git config --local gc.auto 0
end-workflow	Checkout Repository	2026-02-16T07:51:24.2343565Z ##[endgroup]
end-workflow	Checkout Repository	2026-02-16T07:51:24.2344369Z ##[group]Setting up auth
end-workflow	Checkout Repository	2026-02-16T07:51:24.2345084Z [command]/usr/bin/git config --local --name-only --get-regexp core\.sshCommand
end-workflow	Checkout Repository	2026-02-16T07:51:24.2384603Z [command]/usr/bin/git submodule foreach --recursive sh -c "git config --local --name-only --get-regexp 'core\.sshCommand' && git config --local --unset-all 'core.sshCommand' || :"
end-workflow	Checkout Repository	2026-02-16T07:51:24.2731988Z [command]/usr/bin/git config --local --name-only --get-regexp http\.https\:\/\/github\.com\/\.extraheader
end-workflow	Checkout Repository	2026-02-16T07:51:24.2772956Z [command]/usr/bin/git submodule foreach --recursive sh -c "git config --local --name-only --get-regexp 'http\.https\:\/\/github\.com\/\.extraheader' && git config --local --unset-all 'http.https://github.com/.extraheader' || :"
end-workflow	Checkout Repository	2026-02-16T07:51:24.3107218Z [command]/usr/bin/git config --local --name-only --get-regexp ^includeIf\.gitdir:
end-workflow	Checkout Repository	2026-02-16T07:51:24.3148887Z [command]/usr/bin/git submodule foreach --recursive git config --local --show-origin --name-only --get-regexp remote.origin.url
end-workflow	Checkout Repository	2026-02-16T07:51:24.3492093Z [command]/usr/bin/git config --local http.https://github.com/.extraheader AUTHORIZATION: basic ***
end-workflow	Checkout Repository	2026-02-16T07:51:24.3545895Z ##[endgroup]
end-workflow	Checkout Repository	2026-02-16T07:51:24.3546935Z ##[group]Fetching the repository
end-workflow	Checkout Repository	2026-02-16T07:51:24.3555054Z [command]/usr/bin/git -c protocol.version=2 fetch --prune --no-recurse-submodules origin +refs/heads/*:refs/remotes/origin/* +refs/tags/*:refs/tags/*
end-workflow	Checkout Repository	2026-02-16T07:51:43.7675497Z From https://github.com/Ka0s-Klaus/ka0s
end-workflow	Checkout Repository	2026-02-16T07:51:43.7676533Z  * [new branch]          F227-despliegue-de-kube-independiente-del-clouder -> origin/F227-despliegue-de-kube-independiente-del-clouder
end-workflow	Checkout Repository	2026-02-16T07:51:43.7677431Z  * [new branch]          F3450-modelo-operativo -> origin/F3450-modelo-operativo
end-workflow	Checkout Repository	2026-02-16T07:51:43.7681867Z  * [new branch]          H1151-desarrollo-de-secciones-ii -> origin/H1151-desarrollo-de-secciones-ii
end-workflow	Checkout Repository	2026-02-16T07:51:43.7682777Z  * [new branch]          H1193-ejemplo-web-documentacion -> origin/H1193-ejemplo-web-documentacion
end-workflow	Checkout Repository	2026-02-16T07:51:43.7683614Z  * [new branch]          H1276-modulo-observabilidad -> origin/H1276-modulo-observabilidad
end-workflow	Checkout Repository	2026-02-16T07:51:43.7684776Z  * [new branch]          H227-despliegue-de-kube-independiente-del-clouder -> origin/H227-despliegue-de-kube-independiente-del-clouder
end-workflow	Checkout Repository	2026-02-16T07:51:43.7685876Z  * [new branch]          H3266-deploy-zabbix    -> origin/H3266-deploy-zabbix
end-workflow	Checkout Repository	2026-02-16T07:51:43.7686461Z  * [new branch]          H3596-deploy-itop      -> origin/H3596-deploy-itop
end-workflow	Checkout Repository	2026-02-16T07:51:43.7687453Z  * [new branch]          RN227-despliegue-de-kube-independiente-del-clouder -> origin/RN227-despliegue-de-kube-independiente-del-clouder
end-workflow	Checkout Repository	2026-02-16T07:51:43.7688402Z  * [new branch]          main                   -> origin/main
end-workflow	Checkout Repository	2026-02-16T07:51:43.7688850Z  * [new tag]             0.0.0                  -> 0.0.0
end-workflow	Checkout Repository	2026-02-16T07:51:43.7689295Z  * [new tag]             0.0.1                  -> 0.0.1
end-workflow	Checkout Repository	2026-02-16T07:51:43.7689933Z  * [new tag]             0.0.10                 -> 0.0.10
end-workflow	Checkout Repository	2026-02-16T07:51:43.7690455Z  * [new tag]             0.0.100                -> 0.0.100
end-workflow	Checkout Repository	2026-02-16T07:51:43.7691075Z  * [new tag]             0.0.101                -> 0.0.101
end-workflow	Checkout Repository	2026-02-16T07:51:43.7692048Z  * [new tag]             0.0.102                -> 0.0.102
end-workflow	Checkout Repository	2026-02-16T07:51:43.7692466Z  * [new tag]             0.0.103                -> 0.0.103
end-workflow	Checkout Repository	2026-02-16T07:51:43.7692879Z  * [new tag]             0.0.104                -> 0.0.104
end-workflow	Checkout Repository	2026-02-16T07:51:43.7693285Z  * [new tag]             0.0.105                -> 0.0.105
end-workflow	Checkout Repository	2026-02-16T07:51:43.7693694Z  * [new tag]             0.0.106                -> 0.0.106
end-workflow	Checkout Repository	2026-02-16T07:51:43.7694106Z  * [new tag]             0.0.107                -> 0.0.107
end-workflow	Checkout Repository	2026-02-16T07:51:43.7694522Z  * [new tag]             0.0.108                -> 0.0.108
end-workflow	Checkout Repository	2026-02-16T07:51:43.7694923Z  * [new tag]             0.0.109                -> 0.0.109
end-workflow	Checkout Repository	2026-02-16T07:51:43.7695384Z  * [new tag]             0.0.11                 -> 0.0.11
end-workflow	Checkout Repository	2026-02-16T07:51:43.7695804Z  * [new tag]             0.0.110                -> 0.0.110
end-workflow	Checkout Repository	2026-02-16T07:51:43.7696221Z  * [new tag]             0.0.111                -> 0.0.111
end-workflow	Checkout Repository	2026-02-16T07:51:43.7696634Z  * [new tag]             0.0.112                -> 0.0.112
end-workflow	Checkout Repository	2026-02-16T07:51:43.7697339Z  * [new tag]             0.0.113                -> 0.0.113
end-workflow	Checkout Repository	2026-02-16T07:51:43.7697867Z  * [new tag]             0.0.114                -> 0.0.114
end-workflow	Checkout Repository	2026-02-16T07:51:43.7698331Z  * [new tag]             0.0.115                -> 0.0.115
end-workflow	Checkout Repository	2026-02-16T07:51:43.7698741Z  * [new tag]             0.0.116                -> 0.0.116
end-workflow	Checkout Repository	2026-02-16T07:51:43.7699155Z  * [new tag]             0.0.117                -> 0.0.117
end-workflow	Checkout Repository	2026-02-16T07:51:43.7699705Z  * [new tag]             0.0.118                -> 0.0.118
end-workflow	Checkout Repository	2026-02-16T07:51:43.7700123Z  * [new tag]             0.0.119                -> 0.0.119
end-workflow	Checkout Repository	2026-02-16T07:51:43.7700536Z  * [new tag]             0.0.12                 -> 0.0.12
end-workflow	Checkout Repository	2026-02-16T07:51:43.7700947Z  * [new tag]             0.0.120                -> 0.0.120
end-workflow	Checkout Repository	2026-02-16T07:51:43.7701360Z  * [new tag]             0.0.121                -> 0.0.121
end-workflow	Checkout Repository	2026-02-16T07:51:43.7701775Z  * [new tag]             0.0.122                -> 0.0.122
end-workflow	Checkout Repository	2026-02-16T07:51:43.7702214Z  * [new tag]             0.0.123                -> 0.0.123
end-workflow	Checkout Repository	2026-02-16T07:51:43.7702971Z  * [new tag]             0.0.124                -> 0.0.124
end-workflow	Checkout Repository	2026-02-16T07:51:43.7703394Z  * [new tag]             0.0.125                -> 0.0.125
end-workflow	Checkout Repository	2026-02-16T07:51:43.7703805Z  * [new tag]             0.0.126                -> 0.0.126
end-workflow	Checkout Repository	2026-02-16T07:51:43.7704217Z  * [new tag]             0.0.127                -> 0.0.127
end-workflow	Checkout Repository	2026-02-16T07:51:43.7704623Z  * [new tag]             0.0.128                -> 0.0.128
end-workflow	Checkout Repository	2026-02-16T07:51:43.7705027Z  * [new tag]             0.0.129                -> 0.0.129
end-workflow	Checkout Repository	2026-02-16T07:51:43.7705439Z  * [new tag]             0.0.13                 -> 0.0.13
end-workflow	Checkout Repository	2026-02-16T07:51:43.7705856Z  * [new tag]             0.0.130                -> 0.0.130
end-workflow	Checkout Repository	2026-02-16T07:51:43.7706265Z  * [new tag]             0.0.131                -> 0.0.131
end-workflow	Checkout Repository	2026-02-16T07:51:43.7706673Z  * [new tag]             0.0.132                -> 0.0.132
end-workflow	Checkout Repository	2026-02-16T07:51:43.7707092Z  * [new tag]             0.0.133                -> 0.0.133
end-workflow	Checkout Repository	2026-02-16T07:51:43.7707557Z  * [new tag]             0.0.134                -> 0.0.134
end-workflow	Checkout Repository	2026-02-16T07:51:43.7777540Z  * [new tag]             0.0.135                -> 0.0.135
end-workflow	Checkout Repository	2026-02-16T07:51:43.7778466Z  * [new tag]             0.0.136                -> 0.0.136
end-workflow	Checkout Repository	2026-02-16T07:51:43.7778948Z  * [new tag]             0.0.137                -> 0.0.137
end-workflow	Checkout Repository	2026-02-16T07:51:43.7779411Z  * [new tag]             0.0.138                -> 0.0.138
end-workflow	Checkout Repository	2026-02-16T07:51:43.7782765Z  * [new tag]             0.0.139                -> 0.0.139
end-workflow	Checkout Repository	2026-02-16T07:51:43.7783185Z  * [new tag]             0.0.14                 -> 0.0.14
end-workflow	Checkout Repository	2026-02-16T07:51:43.7783587Z  * [new tag]             0.0.140                -> 0.0.140
end-workflow	Checkout Repository	2026-02-16T07:51:43.7783983Z  * [new tag]             0.0.141                -> 0.0.141
end-workflow	Checkout Repository	2026-02-16T07:51:43.7784384Z  * [new tag]             0.0.142                -> 0.0.142
end-workflow	Checkout Repository	2026-02-16T07:51:43.7784778Z  * [new tag]             0.0.143                -> 0.0.143
end-workflow	Checkout Repository	2026-02-16T07:51:43.7785171Z  * [new tag]             0.0.144                -> 0.0.144
end-workflow	Checkout Repository	2026-02-16T07:51:43.7786118Z  * [new tag]             0.0.145                -> 0.0.145
end-workflow	Checkout Repository	2026-02-16T07:51:43.7786516Z  * [new tag]             0.0.146                -> 0.0.146
end-workflow	Checkout Repository	2026-02-16T07:51:43.7786930Z  * [new tag]             0.0.147                -> 0.0.147
end-workflow	Checkout Repository	2026-02-16T07:51:43.7787374Z  * [new tag]             0.0.148                -> 0.0.148
end-workflow	Checkout Repository	2026-02-16T07:51:43.7787781Z  * [new tag]             0.0.149                -> 0.0.149
end-workflow	Checkout Repository	2026-02-16T07:51:43.7788192Z  * [new tag]             0.0.15                 -> 0.0.15
end-workflow	Checkout Repository	2026-02-16T07:51:43.7788594Z  * [new tag]             0.0.150                -> 0.0.150
end-workflow	Checkout Repository	2026-02-16T07:51:43.7789002Z  * [new tag]             0.0.151                -> 0.0.151
end-workflow	Checkout Repository	2026-02-16T07:51:43.7789410Z  * [new tag]             0.0.152                -> 0.0.152
end-workflow	Checkout Repository	2026-02-16T07:51:43.7790214Z  * [new tag]             0.0.153                -> 0.0.153
end-workflow	Checkout Repository	2026-02-16T07:51:43.7790763Z  * [new tag]             0.0.154                -> 0.0.154
end-workflow	Checkout Repository	2026-02-16T07:51:43.7791184Z  * [new tag]             0.0.155                -> 0.0.155
end-workflow	Checkout Repository	2026-02-16T07:51:43.7791846Z  * [new tag]             0.0.156                -> 0.0.156
end-workflow	Checkout Repository	2026-02-16T07:51:43.7792276Z  * [new tag]             0.0.157                -> 0.0.157
end-workflow	Checkout Repository	2026-02-16T07:51:43.7792716Z  * [new tag]             0.0.158                -> 0.0.158
end-workflow	Checkout Repository	2026-02-16T07:51:43.7793143Z  * [new tag]             0.0.159                -> 0.0.159
end-workflow	Checkout Repository	2026-02-16T07:51:43.7793581Z  * [new tag]             0.0.16                 -> 0.0.16
end-workflow	Checkout Repository	2026-02-16T07:51:43.7794018Z  * [new tag]             0.0.160                -> 0.0.160
end-workflow	Checkout Repository	2026-02-16T07:51:43.7794425Z  * [new tag]             0.0.161                -> 0.0.161
end-workflow	Checkout Repository	2026-02-16T07:51:43.7794944Z  * [new tag]             0.0.162                -> 0.0.162
end-workflow	Checkout Repository	2026-02-16T07:51:43.7795340Z  * [new tag]             0.0.163                -> 0.0.163
end-workflow	Checkout Repository	2026-02-16T07:51:43.7795731Z  * [new tag]             0.0.164                -> 0.0.164
end-workflow	Checkout Repository	2026-02-16T07:51:43.7796127Z  * [new tag]             0.0.165                -> 0.0.165
end-workflow	Checkout Repository	2026-02-16T07:51:43.7796550Z  * [new tag]             0.0.166                -> 0.0.166
end-workflow	Checkout Repository	2026-02-16T07:51:43.7796945Z  * [new tag]             0.0.167                -> 0.0.167
end-workflow	Checkout Repository	2026-02-16T07:51:43.7797337Z  * [new tag]             0.0.168                -> 0.0.168
end-workflow	Checkout Repository	2026-02-16T07:51:43.7797735Z  * [new tag]             0.0.169                -> 0.0.169
end-workflow	Checkout Repository	2026-02-16T07:51:43.7798128Z  * [new tag]             0.0.17                 -> 0.0.17
end-workflow	Checkout Repository	2026-02-16T07:51:43.7798519Z  * [new tag]             0.0.170                -> 0.0.170
end-workflow	Checkout Repository	2026-02-16T07:51:43.7798914Z  * [new tag]             0.0.171                -> 0.0.171
end-workflow	Checkout Repository	2026-02-16T07:51:43.7799714Z  * [new tag]             0.0.172                -> 0.0.172
end-workflow	Checkout Repository	2026-02-16T07:51:43.7800259Z  * [new tag]             0.0.173                -> 0.0.173
end-workflow	Checkout Repository	2026-02-16T07:51:43.7800779Z  * [new tag]             0.0.174                -> 0.0.174
end-workflow	Checkout Repository	2026-02-16T07:51:43.7801171Z  * [new tag]             0.0.175                -> 0.0.175
end-workflow	Checkout Repository	2026-02-16T07:51:43.7801564Z  * [new tag]             0.0.176                -> 0.0.176
end-workflow	Checkout Repository	2026-02-16T07:51:43.7801974Z  * [new tag]             0.0.177                -> 0.0.177
end-workflow	Checkout Repository	2026-02-16T07:51:43.7802365Z  * [new tag]             0.0.178                -> 0.0.178
end-workflow	Checkout Repository	2026-02-16T07:51:43.7802758Z  * [new tag]             0.0.179                -> 0.0.179
end-workflow	Checkout Repository	2026-02-16T07:51:43.7803153Z  * [new tag]             0.0.18                 -> 0.0.18
end-workflow	Checkout Repository	2026-02-16T07:51:43.7803544Z  * [new tag]             0.0.19                 -> 0.0.19
end-workflow	Checkout Repository	2026-02-16T07:51:43.7803938Z  * [new tag]             0.0.2                  -> 0.0.2
end-workflow	Checkout Repository	2026-02-16T07:51:43.7804333Z  * [new tag]             0.0.20                 -> 0.0.20
end-workflow	Checkout Repository	2026-02-16T07:51:43.7804735Z  * [new tag]             0.0.21                 -> 0.0.21
end-workflow	Checkout Repository	2026-02-16T07:51:43.7805129Z  * [new tag]             0.0.22                 -> 0.0.22
end-workflow	Checkout Repository	2026-02-16T07:51:43.7805528Z  * [new tag]             0.0.23                 -> 0.0.23
end-workflow	Checkout Repository	2026-02-16T07:51:43.7805922Z  * [new tag]             0.0.24                 -> 0.0.24
end-workflow	Checkout Repository	2026-02-16T07:51:43.7806549Z  * [new tag]             0.0.25                 -> 0.0.25
end-workflow	Checkout Repository	2026-02-16T07:51:43.7806953Z  * [new tag]             0.0.26                 -> 0.0.26
end-workflow	Checkout Repository	2026-02-16T07:51:43.7807350Z  * [new tag]             0.0.27                 -> 0.0.27
end-workflow	Checkout Repository	2026-02-16T07:51:43.7807738Z  * [new tag]             0.0.28                 -> 0.0.28
end-workflow	Checkout Repository	2026-02-16T07:51:43.7808272Z  * [new tag]             0.0.29                 -> 0.0.29
end-workflow	Checkout Repository	2026-02-16T07:51:43.7808946Z  * [new tag]             0.0.3                  -> 0.0.3
end-workflow	Checkout Repository	2026-02-16T07:51:43.7809349Z  * [new tag]             0.0.30                 -> 0.0.30
end-workflow	Checkout Repository	2026-02-16T07:51:43.7810136Z  * [new tag]             0.0.31                 -> 0.0.31
end-workflow	Checkout Repository	2026-02-16T07:51:43.7810545Z  * [new tag]             0.0.32                 -> 0.0.32
end-workflow	Checkout Repository	2026-02-16T07:51:43.7811215Z  * [new tag]             0.0.33                 -> 0.0.33
end-workflow	Checkout Repository	2026-02-16T07:51:43.7811880Z  * [new tag]             0.0.34                 -> 0.0.34
end-workflow	Checkout Repository	2026-02-16T07:51:43.7812285Z  * [new tag]             0.0.35                 -> 0.0.35
end-workflow	Checkout Repository	2026-02-16T07:51:43.7813028Z  * [new tag]             0.0.36                 -> 0.0.36
end-workflow	Checkout Repository	2026-02-16T07:51:43.7813423Z  * [new tag]             0.0.37                 -> 0.0.37
end-workflow	Checkout Repository	2026-02-16T07:51:43.7813805Z  * [new tag]             0.0.38                 -> 0.0.38
end-workflow	Checkout Repository	2026-02-16T07:51:43.7814199Z  * [new tag]             0.0.39                 -> 0.0.39
end-workflow	Checkout Repository	2026-02-16T07:51:43.7814592Z  * [new tag]             0.0.4                  -> 0.0.4
end-workflow	Checkout Repository	2026-02-16T07:51:43.7814986Z  * [new tag]             0.0.40                 -> 0.0.40
end-workflow	Checkout Repository	2026-02-16T07:51:43.7815376Z  * [new tag]             0.0.41                 -> 0.0.41
end-workflow	Checkout Repository	2026-02-16T07:51:43.7815768Z  * [new tag]             0.0.42                 -> 0.0.42
end-workflow	Checkout Repository	2026-02-16T07:51:43.7816161Z  * [new tag]             0.0.43                 -> 0.0.43
end-workflow	Checkout Repository	2026-02-16T07:51:43.7816548Z  * [new tag]             0.0.44                 -> 0.0.44
end-workflow	Checkout Repository	2026-02-16T07:51:43.7816939Z  * [new tag]             0.0.45                 -> 0.0.45
end-workflow	Checkout Repository	2026-02-16T07:51:43.7817329Z  * [new tag]             0.0.46                 -> 0.0.46
end-workflow	Checkout Repository	2026-02-16T07:51:43.7817734Z  * [new tag]             0.0.47                 -> 0.0.47
end-workflow	Checkout Repository	2026-02-16T07:51:43.7818125Z  * [new tag]             0.0.48                 -> 0.0.48
end-workflow	Checkout Repository	2026-02-16T07:51:43.7818519Z  * [new tag]             0.0.49                 -> 0.0.49
end-workflow	Checkout Repository	2026-02-16T07:51:43.7818912Z  * [new tag]             0.0.5                  -> 0.0.5
end-workflow	Checkout Repository	2026-02-16T07:51:43.7819304Z  * [new tag]             0.0.50                 -> 0.0.50
end-workflow	Checkout Repository	2026-02-16T07:51:43.7819889Z  * [new tag]             0.0.51                 -> 0.0.51
end-workflow	Checkout Repository	2026-02-16T07:51:43.7820408Z  * [new tag]             0.0.52                 -> 0.0.52
end-workflow	Checkout Repository	2026-02-16T07:51:43.7820797Z  * [new tag]             0.0.53                 -> 0.0.53
end-workflow	Checkout Repository	2026-02-16T07:51:43.7821179Z  * [new tag]             0.0.54                 -> 0.0.54
end-workflow	Checkout Repository	2026-02-16T07:51:43.7821565Z  * [new tag]             0.0.55                 -> 0.0.55
end-workflow	Checkout Repository	2026-02-16T07:51:43.7821951Z  * [new tag]             0.0.56                 -> 0.0.56
end-workflow	Checkout Repository	2026-02-16T07:51:43.7822338Z  * [new tag]             0.0.57                 -> 0.0.57
end-workflow	Checkout Repository	2026-02-16T07:51:43.7822736Z  * [new tag]             0.0.58                 -> 0.0.58
end-workflow	Checkout Repository	2026-02-16T07:51:43.7823128Z  * [new tag]             0.0.59                 -> 0.0.59
end-workflow	Checkout Repository	2026-02-16T07:51:43.7823518Z  * [new tag]             0.0.6                  -> 0.0.6
end-workflow	Checkout Repository	2026-02-16T07:51:43.7823899Z  * [new tag]             0.0.60                 -> 0.0.60
end-workflow	Checkout Repository	2026-02-16T07:51:43.7824290Z  * [new tag]             0.0.61                 -> 0.0.61
end-workflow	Checkout Repository	2026-02-16T07:51:43.7824678Z  * [new tag]             0.0.62                 -> 0.0.62
end-workflow	Checkout Repository	2026-02-16T07:51:43.7825063Z  * [new tag]             0.0.63                 -> 0.0.63
end-workflow	Checkout Repository	2026-02-16T07:51:43.7825443Z  * [new tag]             0.0.64                 -> 0.0.64
end-workflow	Checkout Repository	2026-02-16T07:51:43.7825829Z  * [new tag]             0.0.65                 -> 0.0.65
end-workflow	Checkout Repository	2026-02-16T07:51:43.7826212Z  * [new tag]             0.0.66                 -> 0.0.66
end-workflow	Checkout Repository	2026-02-16T07:51:43.7826596Z  * [new tag]             0.0.67                 -> 0.0.67
end-workflow	Checkout Repository	2026-02-16T07:51:43.7826978Z  * [new tag]             0.0.68                 -> 0.0.68
end-workflow	Checkout Repository	2026-02-16T07:51:43.7827578Z  * [new tag]             0.0.69                 -> 0.0.69
end-workflow	Checkout Repository	2026-02-16T07:51:43.7827967Z  * [new tag]             0.0.7                  -> 0.0.7
end-workflow	Checkout Repository	2026-02-16T07:51:43.7828348Z  * [new tag]             0.0.70                 -> 0.0.70
end-workflow	Checkout Repository	2026-02-16T07:51:43.7828738Z  * [new tag]             0.0.71                 -> 0.0.71
end-workflow	Checkout Repository	2026-02-16T07:51:43.7829126Z  * [new tag]             0.0.72                 -> 0.0.72
end-workflow	Checkout Repository	2026-02-16T07:51:43.7829562Z  * [new tag]             0.0.73                 -> 0.0.73
end-workflow	Checkout Repository	2026-02-16T07:51:43.7830502Z  * [new tag]             0.0.74                 -> 0.0.74
end-workflow	Checkout Repository	2026-02-16T07:51:43.7830892Z  * [new tag]             0.0.75                 -> 0.0.75
end-workflow	Checkout Repository	2026-02-16T07:51:43.7831276Z  * [new tag]             0.0.76                 -> 0.0.76
end-workflow	Checkout Repository	2026-02-16T07:51:43.7831662Z  * [new tag]             0.0.77                 -> 0.0.77
end-workflow	Checkout Repository	2026-02-16T07:51:43.7832044Z  * [new tag]             0.0.78                 -> 0.0.78
end-workflow	Checkout Repository	2026-02-16T07:51:43.7832637Z  * [new tag]             0.0.79                 -> 0.0.79
end-workflow	Checkout Repository	2026-02-16T07:51:43.7833024Z  * [new tag]             0.0.8                  -> 0.0.8
end-workflow	Checkout Repository	2026-02-16T07:51:43.7833403Z  * [new tag]             0.0.80                 -> 0.0.80
end-workflow	Checkout Repository	2026-02-16T07:51:43.7833788Z  * [new tag]             0.0.81                 -> 0.0.81
end-workflow	Checkout Repository	2026-02-16T07:51:43.7834171Z  * [new tag]             0.0.82                 -> 0.0.82
end-workflow	Checkout Repository	2026-02-16T07:51:43.7834558Z  * [new tag]             0.0.83                 -> 0.0.83
end-workflow	Checkout Repository	2026-02-16T07:51:43.7834937Z  * [new tag]             0.0.84                 -> 0.0.84
end-workflow	Checkout Repository	2026-02-16T07:51:43.7835321Z  * [new tag]             0.0.85                 -> 0.0.85
end-workflow	Checkout Repository	2026-02-16T07:51:43.7835710Z  * [new tag]             0.0.86                 -> 0.0.86
end-workflow	Checkout Repository	2026-02-16T07:51:43.7836094Z  * [new tag]             0.0.87                 -> 0.0.87
end-workflow	Checkout Repository	2026-02-16T07:51:43.7836475Z  * [new tag]             0.0.88                 -> 0.0.88
end-workflow	Checkout Repository	2026-02-16T07:51:43.7836862Z  * [new tag]             0.0.89                 -> 0.0.89
end-workflow	Checkout Repository	2026-02-16T07:51:43.7837266Z  * [new tag]             0.0.9                  -> 0.0.9
end-workflow	Checkout Repository	2026-02-16T07:51:43.7837643Z  * [new tag]             0.0.90                 -> 0.0.90
end-workflow	Checkout Repository	2026-02-16T07:51:43.7838032Z  * [new tag]             0.0.91                 -> 0.0.91
end-workflow	Checkout Repository	2026-02-16T07:51:43.7838423Z  * [new tag]             0.0.92                 -> 0.0.92
end-workflow	Checkout Repository	2026-02-16T07:51:43.7838807Z  * [new tag]             0.0.93                 -> 0.0.93
end-workflow	Checkout Repository	2026-02-16T07:51:43.7839188Z  * [new tag]             0.0.94                 -> 0.0.94
end-workflow	Checkout Repository	2026-02-16T07:51:43.7839995Z  * [new tag]             0.0.95                 -> 0.0.95
end-workflow	Checkout Repository	2026-02-16T07:51:43.7840534Z  * [new tag]             0.0.96                 -> 0.0.96
end-workflow	Checkout Repository	2026-02-16T07:51:43.7841040Z  * [new tag]             0.0.97                 -> 0.0.97
end-workflow	Checkout Repository	2026-02-16T07:51:43.7841429Z  * [new tag]             0.0.98                 -> 0.0.98
end-workflow	Checkout Repository	2026-02-16T07:51:43.7841816Z  * [new tag]             0.0.99                 -> 0.0.99
end-workflow	Checkout Repository	2026-02-16T07:51:43.7842204Z  * [new tag]             0.1.0                  -> 0.1.0
end-workflow	Checkout Repository	2026-02-16T07:51:43.7842599Z  * [new tag]             0.1.1                  -> 0.1.1
end-workflow	Checkout Repository	2026-02-16T07:51:43.7843004Z  * [new tag]             0.2.0                  -> 0.2.0
end-workflow	Checkout Repository	2026-02-16T07:51:43.7843385Z  * [new tag]             0.3.0                  -> 0.3.0
end-workflow	Checkout Repository	2026-02-16T07:51:43.7843773Z  * [new tag]             0.3.1                  -> 0.3.1
end-workflow	Checkout Repository	2026-02-16T07:51:43.7844161Z  * [new tag]             0.3.10                 -> 0.3.10
end-workflow	Checkout Repository	2026-02-16T07:51:43.7844556Z  * [new tag]             0.3.11                 -> 0.3.11
end-workflow	Checkout Repository	2026-02-16T07:51:43.7844942Z  * [new tag]             0.3.12                 -> 0.3.12
end-workflow	Checkout Repository	2026-02-16T07:51:43.7845328Z  * [new tag]             0.3.13                 -> 0.3.13
end-workflow	Checkout Repository	2026-02-16T07:51:43.7845715Z  * [new tag]             0.3.14                 -> 0.3.14
end-workflow	Checkout Repository	2026-02-16T07:51:43.7846096Z  * [new tag]             0.3.15                 -> 0.3.15
end-workflow	Checkout Repository	2026-02-16T07:51:43.7846484Z  * [new tag]             0.3.16                 -> 0.3.16
end-workflow	Checkout Repository	2026-02-16T07:51:43.7846868Z  * [new tag]             0.3.17                 -> 0.3.17
end-workflow	Checkout Repository	2026-02-16T07:51:43.7847487Z  * [new tag]             0.3.2                  -> 0.3.2
end-workflow	Checkout Repository	2026-02-16T07:51:43.7847865Z  * [new tag]             0.3.3                  -> 0.3.3
end-workflow	Checkout Repository	2026-02-16T07:51:43.7848249Z  * [new tag]             0.3.4                  -> 0.3.4
end-workflow	Checkout Repository	2026-02-16T07:51:43.7848631Z  * [new tag]             0.3.5                  -> 0.3.5
end-workflow	Checkout Repository	2026-02-16T07:51:43.7849010Z  * [new tag]             0.3.6                  -> 0.3.6
end-workflow	Checkout Repository	2026-02-16T07:51:43.7849391Z  * [new tag]             0.3.7                  -> 0.3.7
end-workflow	Checkout Repository	2026-02-16T07:51:43.7850333Z  * [new tag]             0.3.8                  -> 0.3.8
end-workflow	Checkout Repository	2026-02-16T07:51:43.7850732Z  * [new tag]             0.3.9                  -> 0.3.9
end-workflow	Checkout Repository	2026-02-16T07:51:43.7851240Z  * [new tag]             0.4.0                  -> 0.4.0
end-workflow	Checkout Repository	2026-02-16T07:51:43.7851618Z  * [new tag]             0.4.1                  -> 0.4.1
end-workflow	Checkout Repository	2026-02-16T07:51:43.7851997Z  * [new tag]             0.4.2                  -> 0.4.2
end-workflow	Checkout Repository	2026-02-16T07:51:43.7852379Z  * [new tag]             0.4.3                  -> 0.4.3
end-workflow	Checkout Repository	2026-02-16T07:51:43.7853010Z  * [new tag]             0.4.4                  -> 0.4.4
end-workflow	Checkout Repository	2026-02-16T07:51:43.7853391Z  * [new tag]             0.4.5                  -> 0.4.5
end-workflow	Checkout Repository	2026-02-16T07:51:43.7853774Z  * [new tag]             0.4.6                  -> 0.4.6
end-workflow	Checkout Repository	2026-02-16T07:51:43.7854148Z  * [new tag]             0.4.7                  -> 0.4.7
end-workflow	Checkout Repository	2026-02-16T07:51:43.7854532Z  * [new tag]             0.4.8                  -> 0.4.8
end-workflow	Checkout Repository	2026-02-16T07:51:43.7854912Z  * [new tag]             0.4.9                  -> 0.4.9
end-workflow	Checkout Repository	2026-02-16T07:51:43.7855296Z  * [new tag]             0.5.0                  -> 0.5.0
end-workflow	Checkout Repository	2026-02-16T07:51:43.7855670Z  * [new tag]             0.5.1                  -> 0.5.1
end-workflow	Checkout Repository	2026-02-16T07:51:43.7856049Z  * [new tag]             0.5.2                  -> 0.5.2
end-workflow	Checkout Repository	2026-02-16T07:51:43.7856427Z  * [new tag]             0.6.0                  -> 0.6.0
end-workflow	Checkout Repository	2026-02-16T07:51:43.7856808Z  * [new tag]             0.6.1                  -> 0.6.1
end-workflow	Checkout Repository	2026-02-16T07:51:43.7857184Z  * [new tag]             0.6.2                  -> 0.6.2
end-workflow	Checkout Repository	2026-02-16T07:51:43.8078017Z [command]/usr/bin/git branch --list --remote origin/main
end-workflow	Checkout Repository	2026-02-16T07:51:43.8156361Z   origin/main
end-workflow	Checkout Repository	2026-02-16T07:51:43.8168429Z [command]/usr/bin/git rev-parse refs/remotes/origin/main
end-workflow	Checkout Repository	2026-02-16T07:51:43.8198685Z 062751ecb4d3b62d5cd3a368c056d5271eaf0e90
end-workflow	Checkout Repository	2026-02-16T07:51:43.8215145Z [command]/usr/bin/git -c protocol.version=2 fetch --no-tags --prune --no-recurse-submodules origin +b81f5dc609abb8223109a5e9ff652d3921db9402:refs/remotes/origin/main
end-workflow	Checkout Repository	2026-02-16T07:51:43.8400689Z From https://github.com/Ka0s-Klaus/ka0s
end-workflow	Checkout Repository	2026-02-16T07:51:43.8401481Z  + 062751ecb...b81f5dc60 b81f5dc609abb8223109a5e9ff652d3921db9402 -> origin/main  (forced update)
end-workflow	Checkout Repository	2026-02-16T07:51:43.8440811Z ##[endgroup]
end-workflow	Checkout Repository	2026-02-16T07:51:43.8441409Z ##[group]Determining the checkout info
end-workflow	Checkout Repository	2026-02-16T07:51:43.8442204Z ##[endgroup]
end-workflow	Checkout Repository	2026-02-16T07:51:43.8448391Z [command]/usr/bin/git sparse-checkout disable
end-workflow	Checkout Repository	2026-02-16T07:51:43.8502796Z [command]/usr/bin/git config --local --unset-all extensions.worktreeConfig
end-workflow	Checkout Repository	2026-02-16T07:51:43.8543231Z ##[group]Checking out the ref
end-workflow	Checkout Repository	2026-02-16T07:51:43.8553143Z [command]/usr/bin/git checkout --progress --force -B main refs/remotes/origin/main
end-workflow	Checkout Repository	2026-02-16T07:51:44.1035001Z Switched to a new branch 'main'
end-workflow	Checkout Repository	2026-02-16T07:51:44.1039206Z branch 'main' set up to track 'origin/main'.
end-workflow	Checkout Repository	2026-02-16T07:51:44.1080311Z ##[endgroup]
end-workflow	Checkout Repository	2026-02-16T07:51:44.1137195Z [command]/usr/bin/git log -1 --format=%H
end-workflow	Checkout Repository	2026-02-16T07:51:44.1174153Z b81f5dc609abb8223109a5e9ff652d3921db9402
end-workflow	Install GH CLI	Ôªø2026-02-16T07:51:44.1465283Z Prepare all required actions
end-workflow	Install GH CLI	2026-02-16T07:51:44.1520212Z ##[group]Run ./.github/actions/install-gh-cli
end-workflow	Install GH CLI	2026-02-16T07:51:44.1520551Z env:
end-workflow	Install GH CLI	2026-02-16T07:51:44.1520758Z   PYTHON_VERSION: 3.9
end-workflow	Install GH CLI	2026-02-16T07:51:44.1521687Z   MONGO_SUPERUSER_CONNECTION: ***
end-workflow	Install GH CLI	2026-02-16T07:51:44.1522103Z   MONGO_NEW_PASS: ***
end-workflow	Install GH CLI	2026-02-16T07:51:44.1522427Z   MONGO_SCRIPT_CREATE: devops/core/mongo/scripts/add-doc-to-db.py
end-workflow	Install GH CLI	2026-02-16T07:51:44.1522806Z   KAOS_CODE: 22054341625
end-workflow	Install GH CLI	2026-02-16T07:51:44.1523346Z   KAOS_MODULE: [Ka0s] Autom add docs to MongoDB
end-workflow	Install GH CLI	2026-02-16T07:51:44.1523654Z   REPORT_SCAN: audit/
end-workflow	Install GH CLI	2026-02-16T07:51:44.1523886Z   REPORT_PATH: audit/mongodb/
end-workflow	Install GH CLI	2026-02-16T07:51:44.1524174Z   REPORT_FILENAME: mongo_setup_22054341625.json
end-workflow	Install GH CLI	2026-02-16T07:51:44.1524512Z   REPORT_FILENAME_LIST: mongo_list_22054341625.json
end-workflow	Install GH CLI	2026-02-16T07:51:44.1524878Z   REPORT_FILENAME_DB: mongo_create_db_22054341625.json
end-workflow	Install GH CLI	2026-02-16T07:51:44.1525199Z ##[endgroup]
end-workflow	Install GH CLI	2026-02-16T07:51:44.1621947Z ##[group]Run type -p curl >/dev/null || (sudo apt-get update && sudo apt-get install curl -y)
end-workflow	Install GH CLI	2026-02-16T07:51:44.1622711Z [36;1mtype -p curl >/dev/null || (sudo apt-get update && sudo apt-get install curl -y)[0m
end-workflow	Install GH CLI	2026-02-16T07:51:44.1623610Z [36;1mcurl -fsSL https://cli.github.com/packages/githubcli-archive-keyring.gpg | sudo dd of=/usr/share/keyrings/githubcli-archive-keyring.gpg \[0m
end-workflow	Install GH CLI	2026-02-16T07:51:44.1624448Z [36;1m&& sudo chmod go+r /usr/share/keyrings/githubcli-archive-keyring.gpg \[0m
end-workflow	Install GH CLI	2026-02-16T07:51:44.1625581Z [36;1m&& echo "deb [arch=$(dpkg --print-architecture) signed-by=/usr/share/keyrings/githubcli-archive-keyring.gpg] https://cli.github.com/packages stable main" | sudo tee /etc/apt/sources.list.d/github-cli.list > /dev/null \[0m
end-workflow	Install GH CLI	2026-02-16T07:51:44.1626630Z [36;1m&& sudo apt-get update \[0m
end-workflow	Install GH CLI	2026-02-16T07:51:44.1626924Z [36;1m&& sudo apt-get install gh -y[0m
end-workflow	Install GH CLI	2026-02-16T07:51:44.1645198Z shell: /usr/bin/bash --noprofile --norc -e -o pipefail {0}
end-workflow	Install GH CLI	2026-02-16T07:51:44.1645557Z env:
end-workflow	Install GH CLI	2026-02-16T07:51:44.1645758Z   PYTHON_VERSION: 3.9
end-workflow	Install GH CLI	2026-02-16T07:51:44.1646602Z   MONGO_SUPERUSER_CONNECTION: ***
end-workflow	Install GH CLI	2026-02-16T07:51:44.1647003Z   MONGO_NEW_PASS: ***
end-workflow	Install GH CLI	2026-02-16T07:51:44.1647312Z   MONGO_SCRIPT_CREATE: devops/core/mongo/scripts/add-doc-to-db.py
end-workflow	Install GH CLI	2026-02-16T07:51:44.1659084Z   KAOS_CODE: 22054341625
end-workflow	Install GH CLI	2026-02-16T07:51:44.1659382Z   KAOS_MODULE: [Ka0s] Autom add docs to MongoDB
end-workflow	Install GH CLI	2026-02-16T07:51:44.1659746Z   REPORT_SCAN: audit/
end-workflow	Install GH CLI	2026-02-16T07:51:44.1659973Z   REPORT_PATH: audit/mongodb/
end-workflow	Install GH CLI	2026-02-16T07:51:44.1660248Z   REPORT_FILENAME: mongo_setup_22054341625.json
end-workflow	Install GH CLI	2026-02-16T07:51:44.1660585Z   REPORT_FILENAME_LIST: mongo_list_22054341625.json
end-workflow	Install GH CLI	2026-02-16T07:51:44.1660937Z   REPORT_FILENAME_DB: mongo_create_db_22054341625.json
end-workflow	Install GH CLI	2026-02-16T07:51:44.1661245Z ##[endgroup]
end-workflow	Install GH CLI	2026-02-16T07:51:44.2776671Z 4+1 records in
end-workflow	Install GH CLI	2026-02-16T07:51:44.2776967Z 4+1 records out
end-workflow	Install GH CLI	2026-02-16T07:51:44.2777264Z 2270 bytes (2.3 kB, 2.2 KiB) copied, 0.0873738 s, 26.0 kB/s
end-workflow	Install GH CLI	2026-02-16T07:51:44.5080554Z Get:1 http://archive.ubuntu.com/ubuntu noble InRelease [256 kB]
end-workflow	Install GH CLI	2026-02-16T07:51:44.5721995Z Get:2 https://cli.github.com/packages stable InRelease [3917 B]
end-workflow	Install GH CLI	2026-02-16T07:51:44.6487783Z Get:3 https://ppa.launchpadcontent.net/git-core/ppa/ubuntu noble InRelease [24.3 kB]
end-workflow	Install GH CLI	2026-02-16T07:51:44.6528100Z Get:4 http://security.ubuntu.com/ubuntu noble-security InRelease [126 kB]
end-workflow	Install GH CLI	2026-02-16T07:51:44.6596353Z Get:5 http://archive.ubuntu.com/ubuntu noble-updates InRelease [126 kB]
end-workflow	Install GH CLI	2026-02-16T07:51:44.6955043Z Get:6 http://archive.ubuntu.com/ubuntu noble-backports InRelease [126 kB]
end-workflow	Install GH CLI	2026-02-16T07:51:44.7061775Z Get:7 https://cli.github.com/packages stable/main amd64 Packages [356 B]
end-workflow	Install GH CLI	2026-02-16T07:51:44.8081648Z Get:8 http://archive.ubuntu.com/ubuntu noble/restricted amd64 Packages [117 kB]
end-workflow	Install GH CLI	2026-02-16T07:51:44.8444761Z Get:9 http://archive.ubuntu.com/ubuntu noble/main amd64 Packages [1808 kB]
end-workflow	Install GH CLI	2026-02-16T07:51:44.8943610Z Get:10 https://ppa.launchpadcontent.net/git-core/ppa/ubuntu noble/main amd64 Packages [2992 B]
end-workflow	Install GH CLI	2026-02-16T07:51:44.9297660Z Get:11 http://archive.ubuntu.com/ubuntu noble/universe amd64 Packages [19.3 MB]
end-workflow	Install GH CLI	2026-02-16T07:51:45.2124615Z Get:12 http://archive.ubuntu.com/ubuntu noble/multiverse amd64 Packages [331 kB]
end-workflow	Install GH CLI	2026-02-16T07:51:45.2226583Z Get:13 http://security.ubuntu.com/ubuntu noble-security/main amd64 Packages [1824 kB]
end-workflow	Install GH CLI	2026-02-16T07:51:45.2423833Z Get:14 http://archive.ubuntu.com/ubuntu noble-updates/restricted amd64 Packages [3295 kB]
end-workflow	Install GH CLI	2026-02-16T07:51:45.2714117Z Get:15 http://archive.ubuntu.com/ubuntu noble-updates/main amd64 Packages [2203 kB]
end-workflow	Install GH CLI	2026-02-16T07:51:45.2900583Z Get:16 http://archive.ubuntu.com/ubuntu noble-updates/universe amd64 Packages [1979 kB]
end-workflow	Install GH CLI	2026-02-16T07:51:45.3071659Z Get:17 http://archive.ubuntu.com/ubuntu noble-updates/multiverse amd64 Packages [38.1 kB]
end-workflow	Install GH CLI	2026-02-16T07:51:45.3076620Z Get:18 http://archive.ubuntu.com/ubuntu noble-backports/main amd64 Packages [49.5 kB]
end-workflow	Install GH CLI	2026-02-16T07:51:45.3079305Z Get:19 http://archive.ubuntu.com/ubuntu noble-backports/universe amd64 Packages [34.6 kB]
end-workflow	Install GH CLI	2026-02-16T07:51:45.7557826Z Get:20 http://security.ubuntu.com/ubuntu noble-security/universe amd64 Packages [1200 kB]
end-workflow	Install GH CLI	2026-02-16T07:51:45.8004295Z Get:21 http://security.ubuntu.com/ubuntu noble-security/multiverse amd64 Packages [34.8 kB]
end-workflow	Install GH CLI	2026-02-16T07:51:45.8011188Z Get:22 http://security.ubuntu.com/ubuntu noble-security/restricted amd64 Packages [3115 kB]
end-workflow	Install GH CLI	2026-02-16T07:51:46.6741726Z Fetched 36.0 MB in 2s (15.8 MB/s)
end-workflow	Install GH CLI	2026-02-16T07:51:47.6013419Z Reading package lists...
end-workflow	Install GH CLI	2026-02-16T07:51:48.5662873Z Reading package lists...
end-workflow	Install GH CLI	2026-02-16T07:51:48.7885013Z Building dependency tree...
end-workflow	Install GH CLI	2026-02-16T07:51:48.7885395Z Reading state information...
end-workflow	Install GH CLI	2026-02-16T07:51:49.1423469Z The following NEW packages will be installed:
end-workflow	Install GH CLI	2026-02-16T07:51:49.1443497Z   gh
end-workflow	Install GH CLI	2026-02-16T07:51:49.3556414Z 0 upgraded, 1 newly installed, 0 to remove and 20 not upgraded.
end-workflow	Install GH CLI	2026-02-16T07:51:49.3558282Z Need to get 13.7 MB of archives.
end-workflow	Install GH CLI	2026-02-16T07:51:49.3560713Z After this operation, 37.9 MB of additional disk space will be used.
end-workflow	Install GH CLI	2026-02-16T07:51:49.3564613Z Get:1 https://cli.github.com/packages stable/main amd64 gh amd64 2.86.0 [13.7 MB]
end-workflow	Install GH CLI	2026-02-16T07:51:49.7213765Z debconf: delaying package configuration, since apt-utils is not installed
end-workflow	Install GH CLI	2026-02-16T07:51:49.7688452Z Fetched 13.7 MB in 0s (36.0 MB/s)
end-workflow	Install GH CLI	2026-02-16T07:51:49.8237902Z Selecting previously unselected package gh.
end-workflow	Install GH CLI	2026-02-16T07:51:49.8392103Z (Reading database ... 
end-workflow	Install GH CLI	2026-02-16T07:51:49.8392924Z (Reading database ... 5%
end-workflow	Install GH CLI	2026-02-16T07:51:49.8393649Z (Reading database ... 10%
end-workflow	Install GH CLI	2026-02-16T07:51:49.8394366Z (Reading database ... 15%
end-workflow	Install GH CLI	2026-02-16T07:51:49.8395124Z (Reading database ... 20%
end-workflow	Install GH CLI	2026-02-16T07:51:49.8395832Z (Reading database ... 25%
end-workflow	Install GH CLI	2026-02-16T07:51:49.8396531Z (Reading database ... 30%
end-workflow	Install GH CLI	2026-02-16T07:51:49.8397230Z (Reading database ... 35%
end-workflow	Install GH CLI	2026-02-16T07:51:49.8398044Z (Reading database ... 40%
end-workflow	Install GH CLI	2026-02-16T07:51:49.8398755Z (Reading database ... 45%
end-workflow	Install GH CLI	2026-02-16T07:51:49.8399457Z (Reading database ... 50%
end-workflow	Install GH CLI	2026-02-16T07:51:49.8400969Z (Reading database ... 55%
end-workflow	Install GH CLI	2026-02-16T07:51:49.8401680Z (Reading database ... 60%
end-workflow	Install GH CLI	2026-02-16T07:51:49.8414047Z (Reading database ... 65%
end-workflow	Install GH CLI	2026-02-16T07:51:49.8462523Z (Reading database ... 70%
end-workflow	Install GH CLI	2026-02-16T07:51:49.8474522Z (Reading database ... 75%
end-workflow	Install GH CLI	2026-02-16T07:51:49.8498103Z (Reading database ... 80%
end-workflow	Install GH CLI	2026-02-16T07:51:49.8506650Z (Reading database ... 85%
end-workflow	Install GH CLI	2026-02-16T07:51:49.8524532Z (Reading database ... 90%
end-workflow	Install GH CLI	2026-02-16T07:51:49.8554318Z (Reading database ... 95%
end-workflow	Install GH CLI	2026-02-16T07:51:49.8554806Z (Reading database ... 100%
end-workflow	Install GH CLI	2026-02-16T07:51:49.8555369Z (Reading database ... 14385 files and directories currently installed.)
end-workflow	Install GH CLI	2026-02-16T07:51:49.8562491Z Preparing to unpack .../archives/gh_2.86.0_amd64.deb ...
end-workflow	Install GH CLI	2026-02-16T07:51:49.8612111Z Unpacking gh (2.86.0) ...
end-workflow	Install GH CLI	2026-02-16T07:51:50.1112675Z Setting up gh (2.86.0) ...
end-workflow	Trigger Inspector	Ôªø2026-02-16T07:51:50.2029275Z ##[group]Run echo "üîç Triggering Inspector for Audit..."
end-workflow	Trigger Inspector	2026-02-16T07:51:50.2030126Z [36;1mecho "üîç Triggering Inspector for Audit..."[0m
end-workflow	Trigger Inspector	2026-02-16T07:51:50.2030492Z [36;1mgh workflow run inspector.yml \[0m
end-workflow	Trigger Inspector	2026-02-16T07:51:50.2030794Z [36;1m  --ref main \[0m
end-workflow	Trigger Inspector	2026-02-16T07:51:50.2031073Z [36;1m  -f kaos-workflow-id="22054341625" \[0m
end-workflow	Trigger Inspector	2026-02-16T07:51:50.2031422Z [36;1m  -f kaos-user-start="github-actions"[0m
end-workflow	Trigger Inspector	2026-02-16T07:51:50.2044871Z shell: /usr/bin/bash -e {0}
end-workflow	Trigger Inspector	2026-02-16T07:51:50.2045145Z env:
end-workflow	Trigger Inspector	2026-02-16T07:51:50.2045349Z   PYTHON_VERSION: 3.9
end-workflow	Trigger Inspector	2026-02-16T07:51:50.2046394Z   MONGO_SUPERUSER_CONNECTION: ***
end-workflow	Trigger Inspector	2026-02-16T07:51:50.2046811Z   MONGO_NEW_PASS: ***
end-workflow	Trigger Inspector	2026-02-16T07:51:50.2047146Z   MONGO_SCRIPT_CREATE: devops/core/mongo/scripts/add-doc-to-db.py
end-workflow	Trigger Inspector	2026-02-16T07:51:50.2047526Z   KAOS_CODE: 22054341625
end-workflow	Trigger Inspector	2026-02-16T07:51:50.2048085Z   KAOS_MODULE: [Ka0s] Autom add docs to MongoDB
end-workflow	Trigger Inspector	2026-02-16T07:51:50.2048401Z   REPORT_SCAN: audit/
end-workflow	Trigger Inspector	2026-02-16T07:51:50.2048636Z   REPORT_PATH: audit/mongodb/
end-workflow	Trigger Inspector	2026-02-16T07:51:50.2048977Z   REPORT_FILENAME: mongo_setup_22054341625.json
end-workflow	Trigger Inspector	2026-02-16T07:51:50.2049326Z   REPORT_FILENAME_LIST: mongo_list_22054341625.json
end-workflow	Trigger Inspector	2026-02-16T07:51:50.2049842Z   REPORT_FILENAME_DB: mongo_create_db_22054341625.json
end-workflow	Trigger Inspector	2026-02-16T07:51:50.2050271Z   GH_TOKEN: ***
end-workflow	Trigger Inspector	2026-02-16T07:51:50.2050486Z ##[endgroup]
end-workflow	Trigger Inspector	2026-02-16T07:51:50.2086769Z üîç Triggering Inspector for Audit...
end-workflow	Post Checkout Repository	Ôªø2026-02-16T07:51:52.0525401Z Post job cleanup.
end-workflow	Post Checkout Repository	2026-02-16T07:51:52.1597594Z [command]/usr/bin/git version
end-workflow	Post Checkout Repository	2026-02-16T07:51:52.1642983Z git version 2.52.0
end-workflow	Post Checkout Repository	2026-02-16T07:51:52.1691960Z Temporarily overriding HOME='/home/runner/_work/_temp/9cb57d54-d020-463d-a38d-77e1e1127b7a' before making global git config changes
end-workflow	Post Checkout Repository	2026-02-16T07:51:52.1692839Z Adding repository directory to the temporary git global config as a safe directory
end-workflow	Post Checkout Repository	2026-02-16T07:51:52.1697825Z [command]/usr/bin/git config --global --add safe.directory /home/runner/_work/ka0s/ka0s
end-workflow	Post Checkout Repository	2026-02-16T07:51:52.1755737Z [command]/usr/bin/git config --local --name-only --get-regexp core\.sshCommand
end-workflow	Post Checkout Repository	2026-02-16T07:51:52.1804043Z [command]/usr/bin/git submodule foreach --recursive sh -c "git config --local --name-only --get-regexp 'core\.sshCommand' && git config --local --unset-all 'core.sshCommand' || :"
end-workflow	Post Checkout Repository	2026-02-16T07:51:52.2142558Z [command]/usr/bin/git config --local --name-only --get-regexp http\.https\:\/\/github\.com\/\.extraheader
end-workflow	Post Checkout Repository	2026-02-16T07:51:52.2170539Z http.https://github.com/.extraheader
end-workflow	Post Checkout Repository	2026-02-16T07:51:52.2184703Z [command]/usr/bin/git config --local --unset-all http.https://github.com/.extraheader
end-workflow	Post Checkout Repository	2026-02-16T07:51:52.2228227Z [command]/usr/bin/git submodule foreach --recursive sh -c "git config --local --name-only --get-regexp 'http\.https\:\/\/github\.com\/\.extraheader' && git config --local --unset-all 'http.https://github.com/.extraheader' || :"
end-workflow	Post Checkout Repository	2026-02-16T07:51:52.2587762Z [command]/usr/bin/git config --local --name-only --get-regexp ^includeIf\.gitdir:
end-workflow	Post Checkout Repository	2026-02-16T07:51:52.2635452Z [command]/usr/bin/git submodule foreach --recursive git config --local --show-origin --name-only --get-regexp remote.origin.url
end-workflow	Complete job	Ôªø2026-02-16T07:51:52.3142981Z Cleaning up orphan processes
