job-core	Set up job	Ôªø2026-02-16T13:23:50.6461922Z Current runner version: '2.331.0'
job-core	Set up job	2026-02-16T13:23:50.6470656Z Runner name: 'swarm-runners-scaleset-hkss5-runner-tvr2n'
job-core	Set up job	2026-02-16T13:23:50.6471974Z Runner group name: 'Default'
job-core	Set up job	2026-02-16T13:23:50.6473214Z Machine name: 'swarm-runners-scaleset-hkss5-runner-tvr2n'
job-core	Set up job	2026-02-16T13:23:50.6477462Z ##[group]GITHUB_TOKEN Permissions
job-core	Set up job	2026-02-16T13:23:50.6480815Z Actions: write
job-core	Set up job	2026-02-16T13:23:50.6481395Z Contents: write
job-core	Set up job	2026-02-16T13:23:50.6482006Z Issues: write
job-core	Set up job	2026-02-16T13:23:50.6482662Z Metadata: read
job-core	Set up job	2026-02-16T13:23:50.6483256Z PullRequests: write
job-core	Set up job	2026-02-16T13:23:50.6483862Z ##[endgroup]
job-core	Set up job	2026-02-16T13:23:50.6486145Z Secret source: Actions
job-core	Set up job	2026-02-16T13:23:50.6486852Z Prepare workflow directory
job-core	Set up job	2026-02-16T13:23:50.7066117Z Prepare all required actions
job-core	Set up job	2026-02-16T13:23:50.7106275Z Getting action download info
job-core	Set up job	2026-02-16T13:23:51.3885803Z Download action repository 'actions/checkout@v4' (SHA:34e114876b0b11c390a56381ad16ebd13914f8d5)
job-core	Set up job	2026-02-16T13:23:52.2839859Z Download action repository 'actions/setup-python@v4' (SHA:7f4fc3e22c37d6ff65e88745f38bd3157c663f7c)
job-core	Set up job	2026-02-16T13:23:53.1408989Z Download action repository 'actions/upload-artifact@v4' (SHA:ea165f8d65b6e75b540449e92b4886f43607fa02)
job-core	Set up job	2026-02-16T13:23:54.1862500Z Complete job name: job-core
job-core	Checkout code	Ôªø2026-02-16T13:23:54.2519757Z ##[group]Run actions/checkout@v4
job-core	Checkout code	2026-02-16T13:23:54.2520511Z with:
job-core	Checkout code	2026-02-16T13:23:54.2520923Z   fetch-depth: 0
job-core	Checkout code	2026-02-16T13:23:54.2521214Z   repository: Ka0s-Klaus/ka0s
job-core	Checkout code	2026-02-16T13:23:54.2521787Z   token: ***
job-core	Checkout code	2026-02-16T13:23:54.2522045Z   ssh-strict: true
job-core	Checkout code	2026-02-16T13:23:54.2522307Z   ssh-user: git
job-core	Checkout code	2026-02-16T13:23:54.2522584Z   persist-credentials: true
job-core	Checkout code	2026-02-16T13:23:54.2522886Z   clean: true
job-core	Checkout code	2026-02-16T13:23:54.2523163Z   sparse-checkout-cone-mode: true
job-core	Checkout code	2026-02-16T13:23:54.2523497Z   fetch-tags: false
job-core	Checkout code	2026-02-16T13:23:54.2523772Z   show-progress: true
job-core	Checkout code	2026-02-16T13:23:54.2524067Z   lfs: false
job-core	Checkout code	2026-02-16T13:23:54.2524319Z   submodules: false
job-core	Checkout code	2026-02-16T13:23:54.2524595Z   set-safe-directory: true
job-core	Checkout code	2026-02-16T13:23:54.2525114Z env:
job-core	Checkout code	2026-02-16T13:23:54.2525415Z   PYTHON_VERSION: 3.9
job-core	Checkout code	2026-02-16T13:23:54.2526231Z   MONGO_SUPERUSER_CONNECTION: ***
job-core	Checkout code	2026-02-16T13:23:54.2526700Z   MONGO_NEW_PASS: ***
job-core	Checkout code	2026-02-16T13:23:54.2527111Z   MONGO_SCRIPT_CREATE: devops/core/mongo/scripts/mongodb_status_report.py
job-core	Checkout code	2026-02-16T13:23:54.2527611Z   KAOS_CODE: 22064455480
job-core	Checkout code	2026-02-16T13:23:54.2527901Z   REPORT_SCAN: audit/
job-core	Checkout code	2026-02-16T13:23:54.2528191Z   REPORT_PATH: audit/mongodb/
job-core	Checkout code	2026-02-16T13:23:54.2528510Z   REPORT_FILENAME: 22064455480.json
job-core	Checkout code	2026-02-16T13:23:54.2528850Z   KAOS_MODULE: [Ka0s] Status MongDB Report
job-core	Checkout code	2026-02-16T13:23:54.2529190Z   GITHUB_OUTPUT: 
job-core	Checkout code	2026-02-16T13:23:54.2529455Z ##[endgroup]
job-core	Checkout code	2026-02-16T13:23:54.3767065Z Syncing repository: Ka0s-Klaus/ka0s
job-core	Checkout code	2026-02-16T13:23:54.3768984Z ##[group]Getting Git version info
job-core	Checkout code	2026-02-16T13:23:54.3769450Z Working directory is '/home/runner/_work/ka0s/ka0s'
job-core	Checkout code	2026-02-16T13:23:54.3770804Z [command]/usr/bin/git version
job-core	Checkout code	2026-02-16T13:23:54.3771175Z git version 2.52.0
job-core	Checkout code	2026-02-16T13:23:54.3798065Z ##[endgroup]
job-core	Checkout code	2026-02-16T13:23:54.3817240Z Temporarily overriding HOME='/home/runner/_work/_temp/2799b351-bcd1-4c6e-9a49-1c40ebc4aead' before making global git config changes
job-core	Checkout code	2026-02-16T13:23:54.3818286Z Adding repository directory to the temporary git global config as a safe directory
job-core	Checkout code	2026-02-16T13:23:54.3823983Z [command]/usr/bin/git config --global --add safe.directory /home/runner/_work/ka0s/ka0s
job-core	Checkout code	2026-02-16T13:23:54.3871397Z Deleting the contents of '/home/runner/_work/ka0s/ka0s'
job-core	Checkout code	2026-02-16T13:23:54.3879094Z ##[group]Initializing the repository
job-core	Checkout code	2026-02-16T13:23:54.3879902Z [command]/usr/bin/git init /home/runner/_work/ka0s/ka0s
job-core	Checkout code	2026-02-16T13:23:54.3938986Z hint: Using 'master' as the name for the initial branch. This default branch name
job-core	Checkout code	2026-02-16T13:23:54.3941837Z hint: will change to "main" in Git 3.0. To configure the initial branch name
job-core	Checkout code	2026-02-16T13:23:54.3942580Z hint: to use in all of your new repositories, which will suppress this warning,
job-core	Checkout code	2026-02-16T13:23:54.3943040Z hint: call:
job-core	Checkout code	2026-02-16T13:23:54.3943289Z hint:
job-core	Checkout code	2026-02-16T13:23:54.3944073Z hint: 	git config --global init.defaultBranch <name>
job-core	Checkout code	2026-02-16T13:23:54.3944439Z hint:
job-core	Checkout code	2026-02-16T13:23:54.3944792Z hint: Names commonly chosen instead of 'master' are 'main', 'trunk' and
job-core	Checkout code	2026-02-16T13:23:54.3945359Z hint: 'development'. The just-created branch can be renamed via this command:
job-core	Checkout code	2026-02-16T13:23:54.3945826Z hint:
job-core	Checkout code	2026-02-16T13:23:54.3946080Z hint: 	git branch -m <name>
job-core	Checkout code	2026-02-16T13:23:54.3946358Z hint:
job-core	Checkout code	2026-02-16T13:23:54.3946895Z hint: Disable this message with "git config set advice.defaultBranchName false"
job-core	Checkout code	2026-02-16T13:23:54.3947681Z Initialized empty Git repository in /home/runner/_work/ka0s/ka0s/.git/
job-core	Checkout code	2026-02-16T13:23:54.3955321Z [command]/usr/bin/git remote add origin https://github.com/Ka0s-Klaus/ka0s
job-core	Checkout code	2026-02-16T13:23:54.4001368Z ##[endgroup]
job-core	Checkout code	2026-02-16T13:23:54.4002129Z ##[group]Disabling automatic garbage collection
job-core	Checkout code	2026-02-16T13:23:54.4006779Z [command]/usr/bin/git config --local gc.auto 0
job-core	Checkout code	2026-02-16T13:23:54.4050589Z ##[endgroup]
job-core	Checkout code	2026-02-16T13:23:54.4051183Z ##[group]Setting up auth
job-core	Checkout code	2026-02-16T13:23:54.4058618Z [command]/usr/bin/git config --local --name-only --get-regexp core\.sshCommand
job-core	Checkout code	2026-02-16T13:23:54.4107548Z [command]/usr/bin/git submodule foreach --recursive sh -c "git config --local --name-only --get-regexp 'core\.sshCommand' && git config --local --unset-all 'core.sshCommand' || :"
job-core	Checkout code	2026-02-16T13:23:54.4449371Z [command]/usr/bin/git config --local --name-only --get-regexp http\.https\:\/\/github\.com\/\.extraheader
job-core	Checkout code	2026-02-16T13:23:54.4489236Z [command]/usr/bin/git submodule foreach --recursive sh -c "git config --local --name-only --get-regexp 'http\.https\:\/\/github\.com\/\.extraheader' && git config --local --unset-all 'http.https://github.com/.extraheader' || :"
job-core	Checkout code	2026-02-16T13:23:54.4830482Z [command]/usr/bin/git config --local --name-only --get-regexp ^includeIf\.gitdir:
job-core	Checkout code	2026-02-16T13:23:54.4861882Z [command]/usr/bin/git submodule foreach --recursive git config --local --show-origin --name-only --get-regexp remote.origin.url
job-core	Checkout code	2026-02-16T13:23:54.5201262Z [command]/usr/bin/git config --local http.https://github.com/.extraheader AUTHORIZATION: basic ***
job-core	Checkout code	2026-02-16T13:23:54.5254208Z ##[endgroup]
job-core	Checkout code	2026-02-16T13:23:54.5255263Z ##[group]Fetching the repository
job-core	Checkout code	2026-02-16T13:23:54.5262867Z [command]/usr/bin/git -c protocol.version=2 fetch --prune --no-recurse-submodules origin +refs/heads/*:refs/remotes/origin/* +refs/tags/*:refs/tags/*
job-core	Checkout code	2026-02-16T13:24:13.6028509Z From https://github.com/Ka0s-Klaus/ka0s
job-core	Checkout code	2026-02-16T13:24:13.6029390Z  * [new branch]          F227-despliegue-de-kube-independiente-del-clouder -> origin/F227-despliegue-de-kube-independiente-del-clouder
job-core	Checkout code	2026-02-16T13:24:13.6030477Z  * [new branch]          F3450-modelo-operativo -> origin/F3450-modelo-operativo
job-core	Checkout code	2026-02-16T13:24:13.6031391Z  * [new branch]          H1151-desarrollo-de-secciones-ii -> origin/H1151-desarrollo-de-secciones-ii
job-core	Checkout code	2026-02-16T13:24:13.6032143Z  * [new branch]          H1193-ejemplo-web-documentacion -> origin/H1193-ejemplo-web-documentacion
job-core	Checkout code	2026-02-16T13:24:13.6032831Z  * [new branch]          H1276-modulo-observabilidad -> origin/H1276-modulo-observabilidad
job-core	Checkout code	2026-02-16T13:24:13.6033765Z  * [new branch]          H227-despliegue-de-kube-independiente-del-clouder -> origin/H227-despliegue-de-kube-independiente-del-clouder
job-core	Checkout code	2026-02-16T13:24:13.6034595Z  * [new branch]          H3266-deploy-zabbix    -> origin/H3266-deploy-zabbix
job-core	Checkout code	2026-02-16T13:24:13.6035116Z  * [new branch]          H3596-deploy-itop      -> origin/H3596-deploy-itop
job-core	Checkout code	2026-02-16T13:24:13.6035964Z  * [new branch]          RN227-despliegue-de-kube-independiente-del-clouder -> origin/RN227-despliegue-de-kube-independiente-del-clouder
job-core	Checkout code	2026-02-16T13:24:13.6036750Z  * [new branch]          main                   -> origin/main
job-core	Checkout code	2026-02-16T13:24:13.6037172Z  * [new tag]             0.0.0                  -> 0.0.0
job-core	Checkout code	2026-02-16T13:24:13.6037562Z  * [new tag]             0.0.1                  -> 0.0.1
job-core	Checkout code	2026-02-16T13:24:13.6037939Z  * [new tag]             0.0.10                 -> 0.0.10
job-core	Checkout code	2026-02-16T13:24:13.6038356Z  * [new tag]             0.0.100                -> 0.0.100
job-core	Checkout code	2026-02-16T13:24:13.6039191Z  * [new tag]             0.0.101                -> 0.0.101
job-core	Checkout code	2026-02-16T13:24:13.6039754Z  * [new tag]             0.0.102                -> 0.0.102
job-core	Checkout code	2026-02-16T13:24:13.6040179Z  * [new tag]             0.0.103                -> 0.0.103
job-core	Checkout code	2026-02-16T13:24:13.6040556Z  * [new tag]             0.0.104                -> 0.0.104
job-core	Checkout code	2026-02-16T13:24:13.6040917Z  * [new tag]             0.0.105                -> 0.0.105
job-core	Checkout code	2026-02-16T13:24:13.6041276Z  * [new tag]             0.0.106                -> 0.0.106
job-core	Checkout code	2026-02-16T13:24:13.6041632Z  * [new tag]             0.0.107                -> 0.0.107
job-core	Checkout code	2026-02-16T13:24:13.6041992Z  * [new tag]             0.0.108                -> 0.0.108
job-core	Checkout code	2026-02-16T13:24:13.6044210Z  * [new tag]             0.0.109                -> 0.0.109
job-core	Checkout code	2026-02-16T13:24:13.6044626Z  * [new tag]             0.0.11                 -> 0.0.11
job-core	Checkout code	2026-02-16T13:24:13.6045227Z  * [new tag]             0.0.110                -> 0.0.110
job-core	Checkout code	2026-02-16T13:24:13.6048351Z  * [new tag]             0.0.111                -> 0.0.111
job-core	Checkout code	2026-02-16T13:24:13.6048771Z  * [new tag]             0.0.112                -> 0.0.112
job-core	Checkout code	2026-02-16T13:24:13.6049162Z  * [new tag]             0.0.113                -> 0.0.113
job-core	Checkout code	2026-02-16T13:24:13.6051921Z  * [new tag]             0.0.114                -> 0.0.114
job-core	Checkout code	2026-02-16T13:24:13.6052342Z  * [new tag]             0.0.115                -> 0.0.115
job-core	Checkout code	2026-02-16T13:24:13.6052721Z  * [new tag]             0.0.116                -> 0.0.116
job-core	Checkout code	2026-02-16T13:24:13.6053086Z  * [new tag]             0.0.117                -> 0.0.117
job-core	Checkout code	2026-02-16T13:24:13.6053451Z  * [new tag]             0.0.118                -> 0.0.118
job-core	Checkout code	2026-02-16T13:24:13.6053822Z  * [new tag]             0.0.119                -> 0.0.119
job-core	Checkout code	2026-02-16T13:24:13.6054196Z  * [new tag]             0.0.12                 -> 0.0.12
job-core	Checkout code	2026-02-16T13:24:13.6054580Z  * [new tag]             0.0.120                -> 0.0.120
job-core	Checkout code	2026-02-16T13:24:13.6054956Z  * [new tag]             0.0.121                -> 0.0.121
job-core	Checkout code	2026-02-16T13:24:13.6055347Z  * [new tag]             0.0.122                -> 0.0.122
job-core	Checkout code	2026-02-16T13:24:13.6055758Z  * [new tag]             0.0.123                -> 0.0.123
job-core	Checkout code	2026-02-16T13:24:13.6056134Z  * [new tag]             0.0.124                -> 0.0.124
job-core	Checkout code	2026-02-16T13:24:13.6056504Z  * [new tag]             0.0.125                -> 0.0.125
job-core	Checkout code	2026-02-16T13:24:13.6056865Z  * [new tag]             0.0.126                -> 0.0.126
job-core	Checkout code	2026-02-16T13:24:13.6057222Z  * [new tag]             0.0.127                -> 0.0.127
job-core	Checkout code	2026-02-16T13:24:13.6057581Z  * [new tag]             0.0.128                -> 0.0.128
job-core	Checkout code	2026-02-16T13:24:13.6057943Z  * [new tag]             0.0.129                -> 0.0.129
job-core	Checkout code	2026-02-16T13:24:13.6058305Z  * [new tag]             0.0.13                 -> 0.0.13
job-core	Checkout code	2026-02-16T13:24:13.6058663Z  * [new tag]             0.0.130                -> 0.0.130
job-core	Checkout code	2026-02-16T13:24:13.6059025Z  * [new tag]             0.0.131                -> 0.0.131
job-core	Checkout code	2026-02-16T13:24:13.6059388Z  * [new tag]             0.0.132                -> 0.0.132
job-core	Checkout code	2026-02-16T13:24:13.6059854Z  * [new tag]             0.0.133                -> 0.0.133
job-core	Checkout code	2026-02-16T13:24:13.6060225Z  * [new tag]             0.0.134                -> 0.0.134
job-core	Checkout code	2026-02-16T13:24:13.6060581Z  * [new tag]             0.0.135                -> 0.0.135
job-core	Checkout code	2026-02-16T13:24:13.6060942Z  * [new tag]             0.0.136                -> 0.0.136
job-core	Checkout code	2026-02-16T13:24:13.6061298Z  * [new tag]             0.0.137                -> 0.0.137
job-core	Checkout code	2026-02-16T13:24:13.6061653Z  * [new tag]             0.0.138                -> 0.0.138
job-core	Checkout code	2026-02-16T13:24:13.6062006Z  * [new tag]             0.0.139                -> 0.0.139
job-core	Checkout code	2026-02-16T13:24:13.6062371Z  * [new tag]             0.0.14                 -> 0.0.14
job-core	Checkout code	2026-02-16T13:24:13.6062743Z  * [new tag]             0.0.140                -> 0.0.140
job-core	Checkout code	2026-02-16T13:24:13.6063124Z  * [new tag]             0.0.141                -> 0.0.141
job-core	Checkout code	2026-02-16T13:24:13.6063497Z  * [new tag]             0.0.142                -> 0.0.142
job-core	Checkout code	2026-02-16T13:24:13.6064195Z  * [new tag]             0.0.143                -> 0.0.143
job-core	Checkout code	2026-02-16T13:24:13.6064556Z  * [new tag]             0.0.144                -> 0.0.144
job-core	Checkout code	2026-02-16T13:24:13.6064914Z  * [new tag]             0.0.145                -> 0.0.145
job-core	Checkout code	2026-02-16T13:24:13.6065281Z  * [new tag]             0.0.146                -> 0.0.146
job-core	Checkout code	2026-02-16T13:24:13.6065671Z  * [new tag]             0.0.147                -> 0.0.147
job-core	Checkout code	2026-02-16T13:24:13.6066095Z  * [new tag]             0.0.148                -> 0.0.148
job-core	Checkout code	2026-02-16T13:24:13.6066465Z  * [new tag]             0.0.149                -> 0.0.149
job-core	Checkout code	2026-02-16T13:24:13.6066841Z  * [new tag]             0.0.15                 -> 0.0.15
job-core	Checkout code	2026-02-16T13:24:13.6067216Z  * [new tag]             0.0.150                -> 0.0.150
job-core	Checkout code	2026-02-16T13:24:13.6067593Z  * [new tag]             0.0.151                -> 0.0.151
job-core	Checkout code	2026-02-16T13:24:13.6067962Z  * [new tag]             0.0.152                -> 0.0.152
job-core	Checkout code	2026-02-16T13:24:13.6068333Z  * [new tag]             0.0.153                -> 0.0.153
job-core	Checkout code	2026-02-16T13:24:13.6068707Z  * [new tag]             0.0.154                -> 0.0.154
job-core	Checkout code	2026-02-16T13:24:13.6069087Z  * [new tag]             0.0.155                -> 0.0.155
job-core	Checkout code	2026-02-16T13:24:13.6069463Z  * [new tag]             0.0.156                -> 0.0.156
job-core	Checkout code	2026-02-16T13:24:13.6070549Z  * [new tag]             0.0.157                -> 0.0.157
job-core	Checkout code	2026-02-16T13:24:13.6070927Z  * [new tag]             0.0.158                -> 0.0.158
job-core	Checkout code	2026-02-16T13:24:13.6071302Z  * [new tag]             0.0.159                -> 0.0.159
job-core	Checkout code	2026-02-16T13:24:13.6071692Z  * [new tag]             0.0.16                 -> 0.0.16
job-core	Checkout code	2026-02-16T13:24:13.6072104Z  * [new tag]             0.0.160                -> 0.0.160
job-core	Checkout code	2026-02-16T13:24:13.6072485Z  * [new tag]             0.0.161                -> 0.0.161
job-core	Checkout code	2026-02-16T13:24:13.6072868Z  * [new tag]             0.0.162                -> 0.0.162
job-core	Checkout code	2026-02-16T13:24:13.6073241Z  * [new tag]             0.0.163                -> 0.0.163
job-core	Checkout code	2026-02-16T13:24:13.6073627Z  * [new tag]             0.0.164                -> 0.0.164
job-core	Checkout code	2026-02-16T13:24:13.6074020Z  * [new tag]             0.0.165                -> 0.0.165
job-core	Checkout code	2026-02-16T13:24:13.6086675Z  * [new tag]             0.0.166                -> 0.0.166
job-core	Checkout code	2026-02-16T13:24:13.6087289Z  * [new tag]             0.0.167                -> 0.0.167
job-core	Checkout code	2026-02-16T13:24:13.6087817Z  * [new tag]             0.0.168                -> 0.0.168
job-core	Checkout code	2026-02-16T13:24:13.6088206Z  * [new tag]             0.0.169                -> 0.0.169
job-core	Checkout code	2026-02-16T13:24:13.6088594Z  * [new tag]             0.0.17                 -> 0.0.17
job-core	Checkout code	2026-02-16T13:24:13.6088978Z  * [new tag]             0.0.170                -> 0.0.170
job-core	Checkout code	2026-02-16T13:24:13.6089358Z  * [new tag]             0.0.171                -> 0.0.171
job-core	Checkout code	2026-02-16T13:24:13.6089917Z  * [new tag]             0.0.172                -> 0.0.172
job-core	Checkout code	2026-02-16T13:24:13.6090296Z  * [new tag]             0.0.173                -> 0.0.173
job-core	Checkout code	2026-02-16T13:24:13.6090666Z  * [new tag]             0.0.174                -> 0.0.174
job-core	Checkout code	2026-02-16T13:24:13.6091059Z  * [new tag]             0.0.175                -> 0.0.175
job-core	Checkout code	2026-02-16T13:24:13.6091430Z  * [new tag]             0.0.176                -> 0.0.176
job-core	Checkout code	2026-02-16T13:24:13.6091811Z  * [new tag]             0.0.177                -> 0.0.177
job-core	Checkout code	2026-02-16T13:24:13.6092189Z  * [new tag]             0.0.178                -> 0.0.178
job-core	Checkout code	2026-02-16T13:24:13.6092595Z  * [new tag]             0.0.179                -> 0.0.179
job-core	Checkout code	2026-02-16T13:24:13.6092983Z  * [new tag]             0.0.18                 -> 0.0.18
job-core	Checkout code	2026-02-16T13:24:13.6093374Z  * [new tag]             0.0.19                 -> 0.0.19
job-core	Checkout code	2026-02-16T13:24:13.6093753Z  * [new tag]             0.0.2                  -> 0.0.2
job-core	Checkout code	2026-02-16T13:24:13.6094130Z  * [new tag]             0.0.20                 -> 0.0.20
job-core	Checkout code	2026-02-16T13:24:13.6094513Z  * [new tag]             0.0.21                 -> 0.0.21
job-core	Checkout code	2026-02-16T13:24:13.6094904Z  * [new tag]             0.0.22                 -> 0.0.22
job-core	Checkout code	2026-02-16T13:24:13.6095290Z  * [new tag]             0.0.23                 -> 0.0.23
job-core	Checkout code	2026-02-16T13:24:13.6096124Z  * [new tag]             0.0.24                 -> 0.0.24
job-core	Checkout code	2026-02-16T13:24:13.6096497Z  * [new tag]             0.0.25                 -> 0.0.25
job-core	Checkout code	2026-02-16T13:24:13.6096867Z  * [new tag]             0.0.26                 -> 0.0.26
job-core	Checkout code	2026-02-16T13:24:13.6097253Z  * [new tag]             0.0.27                 -> 0.0.27
job-core	Checkout code	2026-02-16T13:24:13.6097625Z  * [new tag]             0.0.28                 -> 0.0.28
job-core	Checkout code	2026-02-16T13:24:13.6097992Z  * [new tag]             0.0.29                 -> 0.0.29
job-core	Checkout code	2026-02-16T13:24:13.6098362Z  * [new tag]             0.0.3                  -> 0.0.3
job-core	Checkout code	2026-02-16T13:24:13.6098740Z  * [new tag]             0.0.30                 -> 0.0.30
job-core	Checkout code	2026-02-16T13:24:13.6099116Z  * [new tag]             0.0.31                 -> 0.0.31
job-core	Checkout code	2026-02-16T13:24:13.6099716Z  * [new tag]             0.0.32                 -> 0.0.32
job-core	Checkout code	2026-02-16T13:24:13.6100121Z  * [new tag]             0.0.33                 -> 0.0.33
job-core	Checkout code	2026-02-16T13:24:13.6100527Z  * [new tag]             0.0.34                 -> 0.0.34
job-core	Checkout code	2026-02-16T13:24:13.6100936Z  * [new tag]             0.0.35                 -> 0.0.35
job-core	Checkout code	2026-02-16T13:24:13.6101332Z  * [new tag]             0.0.36                 -> 0.0.36
job-core	Checkout code	2026-02-16T13:24:13.6101728Z  * [new tag]             0.0.37                 -> 0.0.37
job-core	Checkout code	2026-02-16T13:24:13.6102443Z  * [new tag]             0.0.38                 -> 0.0.38
job-core	Checkout code	2026-02-16T13:24:13.6102818Z  * [new tag]             0.0.39                 -> 0.0.39
job-core	Checkout code	2026-02-16T13:24:13.6103245Z  * [new tag]             0.0.4                  -> 0.0.4
job-core	Checkout code	2026-02-16T13:24:13.6103638Z  * [new tag]             0.0.40                 -> 0.0.40
job-core	Checkout code	2026-02-16T13:24:13.6104039Z  * [new tag]             0.0.41                 -> 0.0.41
job-core	Checkout code	2026-02-16T13:24:13.6104464Z  * [new tag]             0.0.42                 -> 0.0.42
job-core	Checkout code	2026-02-16T13:24:13.6104842Z  * [new tag]             0.0.43                 -> 0.0.43
job-core	Checkout code	2026-02-16T13:24:13.6105238Z  * [new tag]             0.0.44                 -> 0.0.44
job-core	Checkout code	2026-02-16T13:24:13.6105594Z  * [new tag]             0.0.45                 -> 0.0.45
job-core	Checkout code	2026-02-16T13:24:13.6106069Z  * [new tag]             0.0.46                 -> 0.0.46
job-core	Checkout code	2026-02-16T13:24:13.6106403Z  * [new tag]             0.0.47                 -> 0.0.47
job-core	Checkout code	2026-02-16T13:24:13.6106734Z  * [new tag]             0.0.48                 -> 0.0.48
job-core	Checkout code	2026-02-16T13:24:13.6107070Z  * [new tag]             0.0.49                 -> 0.0.49
job-core	Checkout code	2026-02-16T13:24:13.6107403Z  * [new tag]             0.0.5                  -> 0.0.5
job-core	Checkout code	2026-02-16T13:24:13.6107732Z  * [new tag]             0.0.50                 -> 0.0.50
job-core	Checkout code	2026-02-16T13:24:13.6108062Z  * [new tag]             0.0.51                 -> 0.0.51
job-core	Checkout code	2026-02-16T13:24:13.6108399Z  * [new tag]             0.0.52                 -> 0.0.52
job-core	Checkout code	2026-02-16T13:24:13.6108741Z  * [new tag]             0.0.53                 -> 0.0.53
job-core	Checkout code	2026-02-16T13:24:13.6109234Z  * [new tag]             0.0.54                 -> 0.0.54
job-core	Checkout code	2026-02-16T13:24:13.6109802Z  * [new tag]             0.0.55                 -> 0.0.55
job-core	Checkout code	2026-02-16T13:24:13.6110284Z  * [new tag]             0.0.56                 -> 0.0.56
job-core	Checkout code	2026-02-16T13:24:13.6110617Z  * [new tag]             0.0.57                 -> 0.0.57
job-core	Checkout code	2026-02-16T13:24:13.6110954Z  * [new tag]             0.0.58                 -> 0.0.58
job-core	Checkout code	2026-02-16T13:24:13.6111287Z  * [new tag]             0.0.59                 -> 0.0.59
job-core	Checkout code	2026-02-16T13:24:13.6111620Z  * [new tag]             0.0.6                  -> 0.0.6
job-core	Checkout code	2026-02-16T13:24:13.6111950Z  * [new tag]             0.0.60                 -> 0.0.60
job-core	Checkout code	2026-02-16T13:24:13.6112279Z  * [new tag]             0.0.61                 -> 0.0.61
job-core	Checkout code	2026-02-16T13:24:13.6112604Z  * [new tag]             0.0.62                 -> 0.0.62
job-core	Checkout code	2026-02-16T13:24:13.6112933Z  * [new tag]             0.0.63                 -> 0.0.63
job-core	Checkout code	2026-02-16T13:24:13.6113260Z  * [new tag]             0.0.64                 -> 0.0.64
job-core	Checkout code	2026-02-16T13:24:13.6113589Z  * [new tag]             0.0.65                 -> 0.0.65
job-core	Checkout code	2026-02-16T13:24:13.6113918Z  * [new tag]             0.0.66                 -> 0.0.66
job-core	Checkout code	2026-02-16T13:24:13.6114475Z  * [new tag]             0.0.67                 -> 0.0.67
job-core	Checkout code	2026-02-16T13:24:13.6114806Z  * [new tag]             0.0.68                 -> 0.0.68
job-core	Checkout code	2026-02-16T13:24:13.6115129Z  * [new tag]             0.0.69                 -> 0.0.69
job-core	Checkout code	2026-02-16T13:24:13.6115466Z  * [new tag]             0.0.7                  -> 0.0.7
job-core	Checkout code	2026-02-16T13:24:13.6115792Z  * [new tag]             0.0.70                 -> 0.0.70
job-core	Checkout code	2026-02-16T13:24:13.6116119Z  * [new tag]             0.0.71                 -> 0.0.71
job-core	Checkout code	2026-02-16T13:24:13.6116450Z  * [new tag]             0.0.72                 -> 0.0.72
job-core	Checkout code	2026-02-16T13:24:13.6116777Z  * [new tag]             0.0.73                 -> 0.0.73
job-core	Checkout code	2026-02-16T13:24:13.6117103Z  * [new tag]             0.0.74                 -> 0.0.74
job-core	Checkout code	2026-02-16T13:24:13.6117435Z  * [new tag]             0.0.75                 -> 0.0.75
job-core	Checkout code	2026-02-16T13:24:13.6117757Z  * [new tag]             0.0.76                 -> 0.0.76
job-core	Checkout code	2026-02-16T13:24:13.6118086Z  * [new tag]             0.0.77                 -> 0.0.77
job-core	Checkout code	2026-02-16T13:24:13.6118417Z  * [new tag]             0.0.78                 -> 0.0.78
job-core	Checkout code	2026-02-16T13:24:13.6118745Z  * [new tag]             0.0.79                 -> 0.0.79
job-core	Checkout code	2026-02-16T13:24:13.6119074Z  * [new tag]             0.0.8                  -> 0.0.8
job-core	Checkout code	2026-02-16T13:24:13.6119873Z  * [new tag]             0.0.80                 -> 0.0.80
job-core	Checkout code	2026-02-16T13:24:13.6120219Z  * [new tag]             0.0.81                 -> 0.0.81
job-core	Checkout code	2026-02-16T13:24:13.6120676Z  * [new tag]             0.0.82                 -> 0.0.82
job-core	Checkout code	2026-02-16T13:24:13.6120998Z  * [new tag]             0.0.83                 -> 0.0.83
job-core	Checkout code	2026-02-16T13:24:13.6121316Z  * [new tag]             0.0.84                 -> 0.0.84
job-core	Checkout code	2026-02-16T13:24:13.6121635Z  * [new tag]             0.0.85                 -> 0.0.85
job-core	Checkout code	2026-02-16T13:24:13.6121956Z  * [new tag]             0.0.86                 -> 0.0.86
job-core	Checkout code	2026-02-16T13:24:13.6122277Z  * [new tag]             0.0.87                 -> 0.0.87
job-core	Checkout code	2026-02-16T13:24:13.6122598Z  * [new tag]             0.0.88                 -> 0.0.88
job-core	Checkout code	2026-02-16T13:24:13.6122923Z  * [new tag]             0.0.89                 -> 0.0.89
job-core	Checkout code	2026-02-16T13:24:13.6123243Z  * [new tag]             0.0.9                  -> 0.0.9
job-core	Checkout code	2026-02-16T13:24:13.6123562Z  * [new tag]             0.0.90                 -> 0.0.90
job-core	Checkout code	2026-02-16T13:24:13.6123890Z  * [new tag]             0.0.91                 -> 0.0.91
job-core	Checkout code	2026-02-16T13:24:13.6124212Z  * [new tag]             0.0.92                 -> 0.0.92
job-core	Checkout code	2026-02-16T13:24:13.6124533Z  * [new tag]             0.0.93                 -> 0.0.93
job-core	Checkout code	2026-02-16T13:24:13.6124853Z  * [new tag]             0.0.94                 -> 0.0.94
job-core	Checkout code	2026-02-16T13:24:13.6125172Z  * [new tag]             0.0.95                 -> 0.0.95
job-core	Checkout code	2026-02-16T13:24:13.6125493Z  * [new tag]             0.0.96                 -> 0.0.96
job-core	Checkout code	2026-02-16T13:24:13.6125809Z  * [new tag]             0.0.97                 -> 0.0.97
job-core	Checkout code	2026-02-16T13:24:13.6126130Z  * [new tag]             0.0.98                 -> 0.0.98
job-core	Checkout code	2026-02-16T13:24:13.6126455Z  * [new tag]             0.0.99                 -> 0.0.99
job-core	Checkout code	2026-02-16T13:24:13.6126870Z  * [new tag]             0.1.0                  -> 0.1.0
job-core	Checkout code	2026-02-16T13:24:13.6127194Z  * [new tag]             0.1.1                  -> 0.1.1
job-core	Checkout code	2026-02-16T13:24:13.6127540Z  * [new tag]             0.2.0                  -> 0.2.0
job-core	Checkout code	2026-02-16T13:24:13.6127863Z  * [new tag]             0.3.0                  -> 0.3.0
job-core	Checkout code	2026-02-16T13:24:13.6128183Z  * [new tag]             0.3.1                  -> 0.3.1
job-core	Checkout code	2026-02-16T13:24:13.6128500Z  * [new tag]             0.3.10                 -> 0.3.10
job-core	Checkout code	2026-02-16T13:24:13.6128828Z  * [new tag]             0.3.11                 -> 0.3.11
job-core	Checkout code	2026-02-16T13:24:13.6129149Z  * [new tag]             0.3.12                 -> 0.3.12
job-core	Checkout code	2026-02-16T13:24:13.6129466Z  * [new tag]             0.3.13                 -> 0.3.13
job-core	Checkout code	2026-02-16T13:24:13.6130308Z  * [new tag]             0.3.14                 -> 0.3.14
job-core	Checkout code	2026-02-16T13:24:13.6130754Z  * [new tag]             0.3.15                 -> 0.3.15
job-core	Checkout code	2026-02-16T13:24:13.6131277Z  * [new tag]             0.3.16                 -> 0.3.16
job-core	Checkout code	2026-02-16T13:24:13.6131597Z  * [new tag]             0.3.17                 -> 0.3.17
job-core	Checkout code	2026-02-16T13:24:13.6131918Z  * [new tag]             0.3.2                  -> 0.3.2
job-core	Checkout code	2026-02-16T13:24:13.6132242Z  * [new tag]             0.3.3                  -> 0.3.3
job-core	Checkout code	2026-02-16T13:24:13.6132563Z  * [new tag]             0.3.4                  -> 0.3.4
job-core	Checkout code	2026-02-16T13:24:13.6132876Z  * [new tag]             0.3.5                  -> 0.3.5
job-core	Checkout code	2026-02-16T13:24:13.6133193Z  * [new tag]             0.3.6                  -> 0.3.6
job-core	Checkout code	2026-02-16T13:24:13.6133510Z  * [new tag]             0.3.7                  -> 0.3.7
job-core	Checkout code	2026-02-16T13:24:13.6133828Z  * [new tag]             0.3.8                  -> 0.3.8
job-core	Checkout code	2026-02-16T13:24:13.6134146Z  * [new tag]             0.3.9                  -> 0.3.9
job-core	Checkout code	2026-02-16T13:24:13.6134464Z  * [new tag]             0.4.0                  -> 0.4.0
job-core	Checkout code	2026-02-16T13:24:13.6134781Z  * [new tag]             0.4.1                  -> 0.4.1
job-core	Checkout code	2026-02-16T13:24:13.6135102Z  * [new tag]             0.4.2                  -> 0.4.2
job-core	Checkout code	2026-02-16T13:24:13.6135425Z  * [new tag]             0.4.3                  -> 0.4.3
job-core	Checkout code	2026-02-16T13:24:13.6135741Z  * [new tag]             0.4.4                  -> 0.4.4
job-core	Checkout code	2026-02-16T13:24:13.6136237Z  * [new tag]             0.4.5                  -> 0.4.5
job-core	Checkout code	2026-02-16T13:24:13.6148608Z  * [new tag]             0.4.6                  -> 0.4.6
job-core	Checkout code	2026-02-16T13:24:13.6149114Z  * [new tag]             0.4.7                  -> 0.4.7
job-core	Checkout code	2026-02-16T13:24:13.6149755Z  * [new tag]             0.4.8                  -> 0.4.8
job-core	Checkout code	2026-02-16T13:24:13.6150108Z  * [new tag]             0.4.9                  -> 0.4.9
job-core	Checkout code	2026-02-16T13:24:13.6150445Z  * [new tag]             0.5.0                  -> 0.5.0
job-core	Checkout code	2026-02-16T13:24:13.6150883Z  * [new tag]             0.5.1                  -> 0.5.1
job-core	Checkout code	2026-02-16T13:24:13.6151199Z  * [new tag]             0.5.2                  -> 0.5.2
job-core	Checkout code	2026-02-16T13:24:13.6151510Z  * [new tag]             0.6.0                  -> 0.6.0
job-core	Checkout code	2026-02-16T13:24:13.6151839Z  * [new tag]             0.6.1                  -> 0.6.1
job-core	Checkout code	2026-02-16T13:24:13.6152155Z  * [new tag]             0.6.2                  -> 0.6.2
job-core	Checkout code	2026-02-16T13:24:13.6443208Z [command]/usr/bin/git branch --list --remote origin/main
job-core	Checkout code	2026-02-16T13:24:13.6524299Z   origin/main
job-core	Checkout code	2026-02-16T13:24:13.6536693Z [command]/usr/bin/git rev-parse refs/remotes/origin/main
job-core	Checkout code	2026-02-16T13:24:13.6568733Z dff8b8378722cfb61a798f7fd7c85ef6ebfa675c
job-core	Checkout code	2026-02-16T13:24:13.6581589Z ##[endgroup]
job-core	Checkout code	2026-02-16T13:24:13.6582649Z ##[group]Determining the checkout info
job-core	Checkout code	2026-02-16T13:24:13.6583436Z ##[endgroup]
job-core	Checkout code	2026-02-16T13:24:13.6586295Z [command]/usr/bin/git sparse-checkout disable
job-core	Checkout code	2026-02-16T13:24:13.6651467Z [command]/usr/bin/git config --local --unset-all extensions.worktreeConfig
job-core	Checkout code	2026-02-16T13:24:13.6690560Z ##[group]Checking out the ref
job-core	Checkout code	2026-02-16T13:24:13.6697324Z [command]/usr/bin/git checkout --progress --force -B main refs/remotes/origin/main
job-core	Checkout code	2026-02-16T13:24:13.9108741Z Switched to a new branch 'main'
job-core	Checkout code	2026-02-16T13:24:13.9114538Z branch 'main' set up to track 'origin/main'.
job-core	Checkout code	2026-02-16T13:24:13.9158884Z ##[endgroup]
job-core	Checkout code	2026-02-16T13:24:13.9234894Z [command]/usr/bin/git log -1 --format=%H
job-core	Checkout code	2026-02-16T13:24:13.9270476Z dff8b8378722cfb61a798f7fd7c85ef6ebfa675c
job-core	Install GH CLI	Ôªø2026-02-16T13:24:13.9557980Z Prepare all required actions
job-core	Install GH CLI	2026-02-16T13:24:13.9608504Z ##[group]Run ./.github/actions/install-gh-cli
job-core	Install GH CLI	2026-02-16T13:24:13.9608844Z env:
job-core	Install GH CLI	2026-02-16T13:24:13.9609044Z   PYTHON_VERSION: 3.9
job-core	Install GH CLI	2026-02-16T13:24:13.9610125Z   MONGO_SUPERUSER_CONNECTION: ***
job-core	Install GH CLI	2026-02-16T13:24:13.9610527Z   MONGO_NEW_PASS: ***
job-core	Install GH CLI	2026-02-16T13:24:13.9610869Z   MONGO_SCRIPT_CREATE: devops/core/mongo/scripts/mongodb_status_report.py
job-core	Install GH CLI	2026-02-16T13:24:13.9611275Z   KAOS_CODE: 22064455480
job-core	Install GH CLI	2026-02-16T13:24:13.9611507Z   REPORT_SCAN: audit/
job-core	Install GH CLI	2026-02-16T13:24:13.9611734Z   REPORT_PATH: audit/mongodb/
job-core	Install GH CLI	2026-02-16T13:24:13.9611984Z   REPORT_FILENAME: 22064455480.json
job-core	Install GH CLI	2026-02-16T13:24:13.9612263Z   KAOS_MODULE: [Ka0s] Status MongDB Report
job-core	Install GH CLI	2026-02-16T13:24:13.9612834Z   GITHUB_OUTPUT: 
job-core	Install GH CLI	2026-02-16T13:24:13.9613036Z ##[endgroup]
job-core	Install GH CLI	2026-02-16T13:24:13.9725007Z ##[group]Run type -p curl >/dev/null || (sudo apt-get update && sudo apt-get install curl -y)
job-core	Install GH CLI	2026-02-16T13:24:13.9725683Z [36;1mtype -p curl >/dev/null || (sudo apt-get update && sudo apt-get install curl -y)[0m
job-core	Install GH CLI	2026-02-16T13:24:13.9726593Z [36;1mcurl -fsSL https://cli.github.com/packages/githubcli-archive-keyring.gpg | sudo dd of=/usr/share/keyrings/githubcli-archive-keyring.gpg \[0m
job-core	Install GH CLI	2026-02-16T13:24:13.9727396Z [36;1m&& sudo chmod go+r /usr/share/keyrings/githubcli-archive-keyring.gpg \[0m
job-core	Install GH CLI	2026-02-16T13:24:13.9728462Z [36;1m&& echo "deb [arch=$(dpkg --print-architecture) signed-by=/usr/share/keyrings/githubcli-archive-keyring.gpg] https://cli.github.com/packages stable main" | sudo tee /etc/apt/sources.list.d/github-cli.list > /dev/null \[0m
job-core	Install GH CLI	2026-02-16T13:24:13.9729439Z [36;1m&& sudo apt-get update \[0m
job-core	Install GH CLI	2026-02-16T13:24:13.9729919Z [36;1m&& sudo apt-get install gh -y[0m
job-core	Install GH CLI	2026-02-16T13:24:13.9746935Z shell: /usr/bin/bash --noprofile --norc -e -o pipefail {0}
job-core	Install GH CLI	2026-02-16T13:24:13.9747297Z env:
job-core	Install GH CLI	2026-02-16T13:24:13.9747489Z   PYTHON_VERSION: 3.9
job-core	Install GH CLI	2026-02-16T13:24:13.9748321Z   MONGO_SUPERUSER_CONNECTION: ***
job-core	Install GH CLI	2026-02-16T13:24:13.9748695Z   MONGO_NEW_PASS: ***
job-core	Install GH CLI	2026-02-16T13:24:13.9749022Z   MONGO_SCRIPT_CREATE: devops/core/mongo/scripts/mongodb_status_report.py
job-core	Install GH CLI	2026-02-16T13:24:13.9749409Z   KAOS_CODE: 22064455480
job-core	Install GH CLI	2026-02-16T13:24:13.9750083Z   REPORT_SCAN: audit/
job-core	Install GH CLI	2026-02-16T13:24:13.9750710Z   REPORT_PATH: audit/mongodb/
job-core	Install GH CLI	2026-02-16T13:24:13.9750959Z   REPORT_FILENAME: 22064455480.json
job-core	Install GH CLI	2026-02-16T13:24:13.9751353Z   KAOS_MODULE: [Ka0s] Status MongDB Report
job-core	Install GH CLI	2026-02-16T13:24:13.9751625Z   GITHUB_OUTPUT: 
job-core	Install GH CLI	2026-02-16T13:24:13.9751819Z ##[endgroup]
job-core	Install GH CLI	2026-02-16T13:24:14.1993587Z 4+1 records in
job-core	Install GH CLI	2026-02-16T13:24:14.1994650Z 4+1 records out
job-core	Install GH CLI	2026-02-16T13:24:14.1996468Z 2270 bytes (2.3 kB, 2.2 KiB) copied, 0.20177 s, 11.3 kB/s
job-core	Install GH CLI	2026-02-16T13:24:14.4830620Z Get:1 https://cli.github.com/packages stable InRelease [3917 B]
job-core	Install GH CLI	2026-02-16T13:24:14.4976815Z Get:2 http://archive.ubuntu.com/ubuntu noble InRelease [256 kB]
job-core	Install GH CLI	2026-02-16T13:24:14.4985493Z Get:3 http://security.ubuntu.com/ubuntu noble-security InRelease [126 kB]
job-core	Install GH CLI	2026-02-16T13:24:14.5649054Z Get:4 https://cli.github.com/packages stable/main amd64 Packages [356 B]
job-core	Install GH CLI	2026-02-16T13:24:14.6367189Z Get:5 https://ppa.launchpadcontent.net/git-core/ppa/ubuntu noble InRelease [24.3 kB]
job-core	Install GH CLI	2026-02-16T13:24:14.6444337Z Get:6 http://archive.ubuntu.com/ubuntu noble-updates InRelease [126 kB]
job-core	Install GH CLI	2026-02-16T13:24:14.6825013Z Get:7 http://archive.ubuntu.com/ubuntu noble-backports InRelease [126 kB]
job-core	Install GH CLI	2026-02-16T13:24:14.7033976Z Get:8 http://security.ubuntu.com/ubuntu noble-security/main amd64 Packages [1824 kB]
job-core	Install GH CLI	2026-02-16T13:24:14.7815282Z Get:9 http://archive.ubuntu.com/ubuntu noble/restricted amd64 Packages [117 kB]
job-core	Install GH CLI	2026-02-16T13:24:14.8172280Z Get:10 http://archive.ubuntu.com/ubuntu noble/main amd64 Packages [1808 kB]
job-core	Install GH CLI	2026-02-16T13:24:14.8531092Z Get:11 http://security.ubuntu.com/ubuntu noble-security/universe amd64 Packages [1205 kB]
job-core	Install GH CLI	2026-02-16T13:24:14.8601561Z Get:12 https://ppa.launchpadcontent.net/git-core/ppa/ubuntu noble/main amd64 Packages [2992 B]
job-core	Install GH CLI	2026-02-16T13:24:14.8655293Z Get:13 http://security.ubuntu.com/ubuntu noble-security/multiverse amd64 Packages [34.8 kB]
job-core	Install GH CLI	2026-02-16T13:24:14.8670775Z Get:14 http://security.ubuntu.com/ubuntu noble-security/restricted amd64 Packages [3115 kB]
job-core	Install GH CLI	2026-02-16T13:24:14.9219866Z Get:15 http://archive.ubuntu.com/ubuntu noble/multiverse amd64 Packages [331 kB]
job-core	Install GH CLI	2026-02-16T13:24:14.9248721Z Get:16 http://archive.ubuntu.com/ubuntu noble/universe amd64 Packages [19.3 MB]
job-core	Install GH CLI	2026-02-16T13:24:15.1827344Z Get:17 http://archive.ubuntu.com/ubuntu noble-updates/multiverse amd64 Packages [38.1 kB]
job-core	Install GH CLI	2026-02-16T13:24:15.1841178Z Get:18 http://archive.ubuntu.com/ubuntu noble-updates/restricted amd64 Packages [3295 kB]
job-core	Install GH CLI	2026-02-16T13:24:15.2080447Z Get:19 http://archive.ubuntu.com/ubuntu noble-updates/main amd64 Packages [2203 kB]
job-core	Install GH CLI	2026-02-16T13:24:15.2271291Z Get:20 http://archive.ubuntu.com/ubuntu noble-updates/universe amd64 Packages [1979 kB]
job-core	Install GH CLI	2026-02-16T13:24:15.2443153Z Get:21 http://archive.ubuntu.com/ubuntu noble-backports/main amd64 Packages [49.5 kB]
job-core	Install GH CLI	2026-02-16T13:24:15.2447549Z Get:22 http://archive.ubuntu.com/ubuntu noble-backports/universe amd64 Packages [34.6 kB]
job-core	Install GH CLI	2026-02-16T13:24:16.3420359Z Fetched 36.0 MB in 2s (18.5 MB/s)
job-core	Install GH CLI	2026-02-16T13:24:17.2623095Z Reading package lists...
job-core	Install GH CLI	2026-02-16T13:24:18.2286348Z Reading package lists...
job-core	Install GH CLI	2026-02-16T13:24:18.4556055Z Building dependency tree...
job-core	Install GH CLI	2026-02-16T13:24:18.4556412Z Reading state information...
job-core	Install GH CLI	2026-02-16T13:24:18.8074972Z The following NEW packages will be installed:
job-core	Install GH CLI	2026-02-16T13:24:18.8096378Z   gh
job-core	Install GH CLI	2026-02-16T13:24:19.4032161Z 0 upgraded, 1 newly installed, 0 to remove and 21 not upgraded.
job-core	Install GH CLI	2026-02-16T13:24:19.4033963Z Need to get 13.7 MB of archives.
job-core	Install GH CLI	2026-02-16T13:24:19.4035589Z After this operation, 37.9 MB of additional disk space will be used.
job-core	Install GH CLI	2026-02-16T13:24:19.4037997Z Get:1 https://cli.github.com/packages stable/main amd64 gh amd64 2.86.0 [13.7 MB]
job-core	Install GH CLI	2026-02-16T13:24:19.7985222Z debconf: delaying package configuration, since apt-utils is not installed
job-core	Install GH CLI	2026-02-16T13:24:19.8696985Z Fetched 13.7 MB in 1s (17.5 MB/s)
job-core	Install GH CLI	2026-02-16T13:24:19.9298670Z Selecting previously unselected package gh.
job-core	Install GH CLI	2026-02-16T13:24:19.9448591Z (Reading database ... 
job-core	Install GH CLI	2026-02-16T13:24:19.9450160Z (Reading database ... 5%
job-core	Install GH CLI	2026-02-16T13:24:19.9470760Z (Reading database ... 10%
job-core	Install GH CLI	2026-02-16T13:24:19.9471521Z (Reading database ... 15%
job-core	Install GH CLI	2026-02-16T13:24:19.9472267Z (Reading database ... 20%
job-core	Install GH CLI	2026-02-16T13:24:19.9472965Z (Reading database ... 25%
job-core	Install GH CLI	2026-02-16T13:24:19.9473654Z (Reading database ... 30%
job-core	Install GH CLI	2026-02-16T13:24:19.9474339Z (Reading database ... 35%
job-core	Install GH CLI	2026-02-16T13:24:19.9475014Z (Reading database ... 40%
job-core	Install GH CLI	2026-02-16T13:24:19.9475701Z (Reading database ... 45%
job-core	Install GH CLI	2026-02-16T13:24:19.9476436Z (Reading database ... 50%
job-core	Install GH CLI	2026-02-16T13:24:19.9476952Z (Reading database ... 55%
job-core	Install GH CLI	2026-02-16T13:24:19.9477470Z (Reading database ... 60%
job-core	Install GH CLI	2026-02-16T13:24:19.9477984Z (Reading database ... 65%
job-core	Install GH CLI	2026-02-16T13:24:19.9515715Z (Reading database ... 70%
job-core	Install GH CLI	2026-02-16T13:24:19.9528597Z (Reading database ... 75%
job-core	Install GH CLI	2026-02-16T13:24:19.9550112Z (Reading database ... 80%
job-core	Install GH CLI	2026-02-16T13:24:19.9558779Z (Reading database ... 85%
job-core	Install GH CLI	2026-02-16T13:24:19.9575503Z (Reading database ... 90%
job-core	Install GH CLI	2026-02-16T13:24:19.9601907Z (Reading database ... 95%
job-core	Install GH CLI	2026-02-16T13:24:19.9602401Z (Reading database ... 100%
job-core	Install GH CLI	2026-02-16T13:24:19.9602967Z (Reading database ... 14385 files and directories currently installed.)
job-core	Install GH CLI	2026-02-16T13:24:19.9612995Z Preparing to unpack .../archives/gh_2.86.0_amd64.deb ...
job-core	Install GH CLI	2026-02-16T13:24:19.9645191Z Unpacking gh (2.86.0) ...
job-core	Install GH CLI	2026-02-16T13:24:20.2257723Z Setting up gh (2.86.0) ...
job-core	Set up Python	Ôªø2026-02-16T13:24:20.2807264Z ##[group]Run actions/setup-python@v4
job-core	Set up Python	2026-02-16T13:24:20.2807584Z with:
job-core	Set up Python	2026-02-16T13:24:20.2807778Z   python-version: 3.9
job-core	Set up Python	2026-02-16T13:24:20.2808005Z   check-latest: false
job-core	Set up Python	2026-02-16T13:24:20.2808388Z   token: ***
job-core	Set up Python	2026-02-16T13:24:20.2808600Z   update-environment: true
job-core	Set up Python	2026-02-16T13:24:20.2808851Z   allow-prereleases: false
job-core	Set up Python	2026-02-16T13:24:20.2809098Z env:
job-core	Set up Python	2026-02-16T13:24:20.2809275Z   PYTHON_VERSION: 3.9
job-core	Set up Python	2026-02-16T13:24:20.2810114Z   MONGO_SUPERUSER_CONNECTION: ***
job-core	Set up Python	2026-02-16T13:24:20.2810499Z   MONGO_NEW_PASS: ***
job-core	Set up Python	2026-02-16T13:24:20.2810837Z   MONGO_SCRIPT_CREATE: devops/core/mongo/scripts/mongodb_status_report.py
job-core	Set up Python	2026-02-16T13:24:20.2811235Z   KAOS_CODE: 22064455480
job-core	Set up Python	2026-02-16T13:24:20.2811464Z   REPORT_SCAN: audit/
job-core	Set up Python	2026-02-16T13:24:20.2811687Z   REPORT_PATH: audit/mongodb/
job-core	Set up Python	2026-02-16T13:24:20.2811941Z   REPORT_FILENAME: 22064455480.json
job-core	Set up Python	2026-02-16T13:24:20.2812222Z   KAOS_MODULE: [Ka0s] Status MongDB Report
job-core	Set up Python	2026-02-16T13:24:20.2812501Z   GITHUB_OUTPUT: 
job-core	Set up Python	2026-02-16T13:24:20.2812701Z ##[endgroup]
job-core	Set up Python	2026-02-16T13:24:20.4831592Z ##[group]Installed versions
job-core	Set up Python	2026-02-16T13:24:20.4833912Z Version 3.9 was not found in the local cache
job-core	Set up Python	2026-02-16T13:24:21.6606246Z Version 3.9 is available for downloading
job-core	Set up Python	2026-02-16T13:24:21.6607671Z Download from "https://github.com/actions/python-versions/releases/download/3.9.25-19039189640/python-3.9.25-linux-24.04-x64.tar.gz"
job-core	Set up Python	2026-02-16T13:24:22.8333597Z Extract downloaded archive
job-core	Set up Python	2026-02-16T13:24:22.8473985Z [command]/usr/bin/tar xz --warning=no-unknown-keyword -C /home/runner/_work/_temp/80e56cc0-2b1a-40a7-8a82-07617b9cc56d -f /home/runner/_work/_temp/9ff1fc4e-4e9e-4fc6-b0f6-792297028025
job-core	Set up Python	2026-02-16T13:24:24.3743804Z Execute installation script
job-core	Set up Python	2026-02-16T13:24:24.3845861Z Check if Python hostedtoolcache folder exist...
job-core	Set up Python	2026-02-16T13:24:24.3846314Z Creating Python hostedtoolcache folder...
job-core	Set up Python	2026-02-16T13:24:24.3861080Z Create Python 3.9.25 folder
job-core	Set up Python	2026-02-16T13:24:24.3877239Z Copy Python binaries to hostedtoolcache folder
job-core	Set up Python	2026-02-16T13:24:25.3162066Z Create additional symlinks (Required for the UsePythonVersion Azure Pipelines task and the setup-python GitHub Action)
job-core	Set up Python	2026-02-16T13:24:25.3217657Z Upgrading pip...
job-core	Set up Python	2026-02-16T13:24:27.2910095Z Looking in links: /tmp/tmpozfo8cd4
job-core	Set up Python	2026-02-16T13:24:27.2915166Z Requirement already satisfied: setuptools in /home/runner/_work/_tool/Python/3.9.25/x64/lib/python3.9/site-packages (79.0.1)
job-core	Set up Python	2026-02-16T13:24:27.2919769Z Requirement already satisfied: pip in /home/runner/_work/_tool/Python/3.9.25/x64/lib/python3.9/site-packages (23.0.1)
job-core	Set up Python	2026-02-16T13:24:28.6195084Z Collecting pip
job-core	Set up Python	2026-02-16T13:24:28.6744802Z Downloading pip-26.0.1-py3-none-any.whl (1.8 MB)
job-core	Set up Python	2026-02-16T13:24:28.7346859Z ‚îÅ‚îÅ‚îÅ‚îÅ‚îÅ‚îÅ‚îÅ‚îÅ‚îÅ‚îÅ‚îÅ‚îÅ‚îÅ‚îÅ‚îÅ‚îÅ‚îÅ‚îÅ‚îÅ‚îÅ‚îÅ‚îÅ‚îÅ‚îÅ‚îÅ‚îÅ‚îÅ‚îÅ‚îÅ‚îÅ‚îÅ‚îÅ‚îÅ‚îÅ‚îÅ‚îÅ‚îÅ‚îÅ‚îÅ‚îÅ 1.8/1.8 MB 31.3 MB/s eta 0:00:00
job-core	Set up Python	2026-02-16T13:24:28.7350170Z 
job-core	Set up Python	2026-02-16T13:24:28.8025949Z Installing collected packages: pip
job-core	Set up Python	2026-02-16T13:24:28.8026746Z Attempting uninstall: pip
job-core	Set up Python	2026-02-16T13:24:28.8034453Z Found existing installation: pip 23.0.1
job-core	Set up Python	2026-02-16T13:24:29.1148657Z Uninstalling pip-23.0.1:
job-core	Set up Python	2026-02-16T13:24:29.1249368Z Successfully uninstalled pip-23.0.1
job-core	Set up Python	2026-02-16T13:24:30.0024929Z Successfully installed pip-26.0.1
job-core	Set up Python	2026-02-16T13:24:30.0806116Z Create complete file
job-core	Set up Python	2026-02-16T13:24:30.0853456Z Successfully set up CPython (3.9.25)
job-core	Set up Python	2026-02-16T13:24:30.0854819Z ##[endgroup]
job-core	Install dependencies	Ôªø2026-02-16T13:24:30.1026902Z ##[group]Run pip install pymongo
job-core	Install dependencies	2026-02-16T13:24:30.1027266Z [36;1mpip install pymongo[0m
job-core	Install dependencies	2026-02-16T13:24:30.1044155Z shell: /usr/bin/bash -e {0}
job-core	Install dependencies	2026-02-16T13:24:30.1044682Z env:
job-core	Install dependencies	2026-02-16T13:24:30.1044995Z   PYTHON_VERSION: 3.9
job-core	Install dependencies	2026-02-16T13:24:30.1045954Z   MONGO_SUPERUSER_CONNECTION: ***
job-core	Install dependencies	2026-02-16T13:24:30.1046384Z   MONGO_NEW_PASS: ***
job-core	Install dependencies	2026-02-16T13:24:30.1046844Z   MONGO_SCRIPT_CREATE: devops/core/mongo/scripts/mongodb_status_report.py
job-core	Install dependencies	2026-02-16T13:24:30.1047237Z   KAOS_CODE: 22064455480
job-core	Install dependencies	2026-02-16T13:24:30.1047466Z   REPORT_SCAN: audit/
job-core	Install dependencies	2026-02-16T13:24:30.1047687Z   REPORT_PATH: audit/mongodb/
job-core	Install dependencies	2026-02-16T13:24:30.1047934Z   REPORT_FILENAME: 22064455480.json
job-core	Install dependencies	2026-02-16T13:24:30.1048207Z   KAOS_MODULE: [Ka0s] Status MongDB Report
job-core	Install dependencies	2026-02-16T13:24:30.1048478Z   GITHUB_OUTPUT: 
job-core	Install dependencies	2026-02-16T13:24:30.1048755Z   pythonLocation: /home/runner/_work/_tool/Python/3.9.25/x64
job-core	Install dependencies	2026-02-16T13:24:30.1049212Z   PKG_CONFIG_PATH: /home/runner/_work/_tool/Python/3.9.25/x64/lib/pkgconfig
job-core	Install dependencies	2026-02-16T13:24:30.1050078Z   Python_ROOT_DIR: /home/runner/_work/_tool/Python/3.9.25/x64
job-core	Install dependencies	2026-02-16T13:24:30.1050812Z   Python2_ROOT_DIR: /home/runner/_work/_tool/Python/3.9.25/x64
job-core	Install dependencies	2026-02-16T13:24:30.1051220Z   Python3_ROOT_DIR: /home/runner/_work/_tool/Python/3.9.25/x64
job-core	Install dependencies	2026-02-16T13:24:30.1051636Z   LD_LIBRARY_PATH: /home/runner/_work/_tool/Python/3.9.25/x64/lib
job-core	Install dependencies	2026-02-16T13:24:30.1051982Z ##[endgroup]
job-core	Install dependencies	2026-02-16T13:24:30.9876333Z Collecting pymongo
job-core	Install dependencies	2026-02-16T13:24:31.0437795Z   Downloading pymongo-4.16.0-cp39-cp39-manylinux2014_x86_64.manylinux_2_17_x86_64.manylinux_2_28_x86_64.whl.metadata (10.0 kB)
job-core	Install dependencies	2026-02-16T13:24:31.0810035Z Collecting dnspython<3.0.0,>=2.6.1 (from pymongo)
job-core	Install dependencies	2026-02-16T13:24:31.0861644Z   Downloading dnspython-2.7.0-py3-none-any.whl.metadata (5.8 kB)
job-core	Install dependencies	2026-02-16T13:24:31.1009695Z Downloading pymongo-4.16.0-cp39-cp39-manylinux2014_x86_64.manylinux_2_17_x86_64.manylinux_2_28_x86_64.whl (947 kB)
job-core	Install dependencies	2026-02-16T13:24:31.1556256Z    ‚îÅ‚îÅ‚îÅ‚îÅ‚îÅ‚îÅ‚îÅ‚îÅ‚îÅ‚îÅ‚îÅ‚îÅ‚îÅ‚îÅ‚îÅ‚îÅ‚îÅ‚îÅ‚îÅ‚îÅ‚îÅ‚îÅ‚îÅ‚îÅ‚îÅ‚îÅ‚îÅ‚îÅ‚îÅ‚îÅ‚îÅ‚îÅ‚îÅ‚îÅ‚îÅ‚îÅ‚îÅ‚îÅ‚îÅ‚îÅ 947.2/947.2 kB 27.2 MB/s  0:00:00
job-core	Install dependencies	2026-02-16T13:24:31.1607068Z Downloading dnspython-2.7.0-py3-none-any.whl (313 kB)
job-core	Install dependencies	2026-02-16T13:24:31.2103489Z Installing collected packages: dnspython, pymongo
job-core	Install dependencies	2026-02-16T13:24:31.7578754Z 
job-core	Install dependencies	2026-02-16T13:24:31.7598981Z Successfully installed dnspython-2.7.0 pymongo-4.16.0
job-core	Create database MongoDB	Ôªø2026-02-16T13:24:31.9662344Z ##[group]Run python devops/core/mongo/scripts/mongodb_status_report.py
job-core	Create database MongoDB	2026-02-16T13:24:31.9662930Z [36;1mpython devops/core/mongo/scripts/mongodb_status_report.py[0m
job-core	Create database MongoDB	2026-02-16T13:24:31.9663410Z [36;1mecho "Downloading files to MongoDB update repository ..."[0m
job-core	Create database MongoDB	2026-02-16T13:24:31.9663929Z [36;1mgit config --global user.name "***"[0m
job-core	Create database MongoDB	2026-02-16T13:24:31.9664296Z [36;1mgit config --global user.email "***"[0m
job-core	Create database MongoDB	2026-02-16T13:24:31.9664602Z [36;1mgit pull --rebase[0m
job-core	Create database MongoDB	2026-02-16T13:24:31.9664935Z [36;1mecho "Uploading files to MongoDB update repository ..."[0m
job-core	Create database MongoDB	2026-02-16T13:24:31.9665307Z [36;1mgit add audit/mongodb/[0m
job-core	Create database MongoDB	2026-02-16T13:24:31.9665592Z [36;1mif ! git diff --staged --quiet; then[0m
job-core	Create database MongoDB	2026-02-16T13:24:31.9666061Z [36;1m   git commit -m "swarm-runners] Uploading files to MongoDB update repository ..."[0m
job-core	Create database MongoDB	2026-02-16T13:24:31.9666614Z [36;1m   git push origin refs/heads/main --force-with-lease[0m
job-core	Create database MongoDB	2026-02-16T13:24:31.9666954Z [36;1m fi[0m
job-core	Create database MongoDB	2026-02-16T13:24:31.9680108Z shell: /usr/bin/bash -e {0}
job-core	Create database MongoDB	2026-02-16T13:24:31.9680395Z env:
job-core	Create database MongoDB	2026-02-16T13:24:31.9680585Z   PYTHON_VERSION: 3.9
job-core	Create database MongoDB	2026-02-16T13:24:31.9681340Z   MONGO_SUPERUSER_CONNECTION: ***
job-core	Create database MongoDB	2026-02-16T13:24:31.9681930Z   MONGO_NEW_PASS: ***
job-core	Create database MongoDB	2026-02-16T13:24:31.9682517Z   MONGO_SCRIPT_CREATE: devops/core/mongo/scripts/mongodb_status_report.py
job-core	Create database MongoDB	2026-02-16T13:24:31.9682907Z   KAOS_CODE: 22064455480
job-core	Create database MongoDB	2026-02-16T13:24:31.9683130Z   REPORT_SCAN: audit/
job-core	Create database MongoDB	2026-02-16T13:24:31.9683468Z   REPORT_PATH: audit/mongodb/
job-core	Create database MongoDB	2026-02-16T13:24:31.9683712Z   REPORT_FILENAME: 22064455480.json
job-core	Create database MongoDB	2026-02-16T13:24:31.9683979Z   KAOS_MODULE: [Ka0s] Status MongDB Report
job-core	Create database MongoDB	2026-02-16T13:24:31.9684245Z   GITHUB_OUTPUT: 
job-core	Create database MongoDB	2026-02-16T13:24:31.9684517Z   pythonLocation: /home/runner/_work/_tool/Python/3.9.25/x64
job-core	Create database MongoDB	2026-02-16T13:24:31.9684961Z   PKG_CONFIG_PATH: /home/runner/_work/_tool/Python/3.9.25/x64/lib/pkgconfig
job-core	Create database MongoDB	2026-02-16T13:24:31.9685406Z   Python_ROOT_DIR: /home/runner/_work/_tool/Python/3.9.25/x64
job-core	Create database MongoDB	2026-02-16T13:24:31.9685804Z   Python2_ROOT_DIR: /home/runner/_work/_tool/Python/3.9.25/x64
job-core	Create database MongoDB	2026-02-16T13:24:31.9686214Z   Python3_ROOT_DIR: /home/runner/_work/_tool/Python/3.9.25/x64
job-core	Create database MongoDB	2026-02-16T13:24:31.9686760Z   LD_LIBRARY_PATH: /home/runner/_work/_tool/Python/3.9.25/x64/lib
job-core	Create database MongoDB	2026-02-16T13:24:31.9687103Z ##[endgroup]
job-core	Create database MongoDB	2026-02-16T13:24:32.3995348Z ‚úÖ Reporte generado exitosamente: audit/mongodb/22064455480.json
job-core	Create database MongoDB	2026-02-16T13:24:32.6446885Z Downloading files to MongoDB update repository ...
job-core	Create database MongoDB	2026-02-16T13:24:33.5041596Z Already up to date.
job-core	Create database MongoDB	2026-02-16T13:24:33.5051680Z Uploading files to MongoDB update repository ...
job-core	Create database MongoDB	2026-02-16T13:24:33.5606665Z [main 0d958ac24] swarm-runners] Uploading files to MongoDB update repository ...
job-core	Create database MongoDB	2026-02-16T13:24:33.5607196Z  1 file changed, 31767 insertions(+)
job-core	Create database MongoDB	2026-02-16T13:24:33.5607515Z  create mode 100644 audit/mongodb/22064455480.json
job-core	Create database MongoDB	2026-02-16T13:24:34.8466792Z To https://github.com/Ka0s-Klaus/ka0s
job-core	Create database MongoDB	2026-02-16T13:24:34.8468388Z    dff8b8378..0d958ac24  main -> main
job-core	Upload report	Ôªø2026-02-16T13:24:34.8959230Z ##[group]Run actions/upload-artifact@v4
job-core	Upload report	2026-02-16T13:24:34.8962234Z with:
job-core	Upload report	2026-02-16T13:24:34.8962596Z   name: mongo-setup-report
job-core	Upload report	2026-02-16T13:24:34.8963034Z   path: audit/mongodb/
job-core	Upload report	2026-02-16T13:24:34.8963438Z   if-no-files-found: warn
job-core	Upload report	2026-02-16T13:24:34.8963868Z   compression-level: 6
job-core	Upload report	2026-02-16T13:24:34.8964267Z   overwrite: false
job-core	Upload report	2026-02-16T13:24:34.8964660Z   include-hidden-files: false
job-core	Upload report	2026-02-16T13:24:34.8965088Z env:
job-core	Upload report	2026-02-16T13:24:34.8965420Z   PYTHON_VERSION: 3.9
job-core	Upload report	2026-02-16T13:24:34.8966729Z   MONGO_SUPERUSER_CONNECTION: ***
job-core	Upload report	2026-02-16T13:24:34.8967423Z   MONGO_NEW_PASS: ***
job-core	Upload report	2026-02-16T13:24:34.8968037Z   MONGO_SCRIPT_CREATE: devops/core/mongo/scripts/mongodb_status_report.py
job-core	Upload report	2026-02-16T13:24:34.8968927Z   KAOS_CODE: 22064455480
job-core	Upload report	2026-02-16T13:24:34.8969339Z   REPORT_SCAN: audit/
job-core	Upload report	2026-02-16T13:24:34.8970560Z   REPORT_PATH: audit/mongodb/
job-core	Upload report	2026-02-16T13:24:34.8971021Z   REPORT_FILENAME: 22064455480.json
job-core	Upload report	2026-02-16T13:24:34.8971522Z   KAOS_MODULE: [Ka0s] Status MongDB Report
job-core	Upload report	2026-02-16T13:24:34.8972076Z   GITHUB_OUTPUT: 
job-core	Upload report	2026-02-16T13:24:34.8972579Z   pythonLocation: /home/runner/_work/_tool/Python/3.9.25/x64
job-core	Upload report	2026-02-16T13:24:34.8973405Z   PKG_CONFIG_PATH: /home/runner/_work/_tool/Python/3.9.25/x64/lib/pkgconfig
job-core	Upload report	2026-02-16T13:24:34.8974237Z   Python_ROOT_DIR: /home/runner/_work/_tool/Python/3.9.25/x64
job-core	Upload report	2026-02-16T13:24:34.8974991Z   Python2_ROOT_DIR: /home/runner/_work/_tool/Python/3.9.25/x64
job-core	Upload report	2026-02-16T13:24:34.8975745Z   Python3_ROOT_DIR: /home/runner/_work/_tool/Python/3.9.25/x64
job-core	Upload report	2026-02-16T13:24:34.8976505Z   LD_LIBRARY_PATH: /home/runner/_work/_tool/Python/3.9.25/x64/lib
job-core	Upload report	2026-02-16T13:24:34.8977130Z ##[endgroup]
job-core	Upload report	2026-02-16T13:24:35.1631450Z With the provided path, there will be 2 files uploaded
job-core	Upload report	2026-02-16T13:24:35.1636822Z Artifact name is valid!
job-core	Upload report	2026-02-16T13:24:35.1637324Z Root directory input is valid!
job-core	Upload report	2026-02-16T13:24:35.5881546Z Beginning upload of artifact content to blob storage
job-core	Upload report	2026-02-16T13:24:36.3599834Z Uploaded bytes 121561
job-core	Upload report	2026-02-16T13:24:36.4918051Z Finished uploading artifact content to blob storage!
job-core	Upload report	2026-02-16T13:24:36.4931704Z SHA256 digest of uploaded artifact zip is 7a99bd06f3f26a6b98baea0ec0ece1b3daf0d6428051b00ae2e6fec81d163c7c
job-core	Upload report	2026-02-16T13:24:36.4935923Z Finalizing artifact upload
job-core	Upload report	2026-02-16T13:24:36.6883767Z Artifact mongo-setup-report.zip successfully finalized. Artifact ID 5525845791
job-core	Upload report	2026-02-16T13:24:36.6887196Z Artifact mongo-setup-report has been successfully uploaded! Final size is 121561 bytes. Artifact ID is 5525845791
job-core	Upload report	2026-02-16T13:24:36.6916274Z Artifact download URL: https://github.com/Ka0s-Klaus/ka0s/actions/runs/22064455480/artifacts/5525845791
job-core	Post Set up Python	Ôªø2026-02-16T13:24:36.7480543Z Post job cleanup.
job-core	Post Checkout code	Ôªø2026-02-16T13:24:36.9505389Z Post job cleanup.
job-core	Post Checkout code	2026-02-16T13:24:37.0592351Z [command]/usr/bin/git version
job-core	Post Checkout code	2026-02-16T13:24:37.0629922Z git version 2.52.0
job-core	Post Checkout code	2026-02-16T13:24:37.0670428Z Copying '/home/runner/.gitconfig' to '/home/runner/_work/_temp/708a11b3-8510-47aa-ad46-8807c8aa0de3/.gitconfig'
job-core	Post Checkout code	2026-02-16T13:24:37.0680794Z Temporarily overriding HOME='/home/runner/_work/_temp/708a11b3-8510-47aa-ad46-8807c8aa0de3' before making global git config changes
job-core	Post Checkout code	2026-02-16T13:24:37.0681906Z Adding repository directory to the temporary git global config as a safe directory
job-core	Post Checkout code	2026-02-16T13:24:37.0687294Z [command]/usr/bin/git config --global --add safe.directory /home/runner/_work/ka0s/ka0s
job-core	Post Checkout code	2026-02-16T13:24:37.0737006Z [command]/usr/bin/git config --local --name-only --get-regexp core\.sshCommand
job-core	Post Checkout code	2026-02-16T13:24:37.0782796Z [command]/usr/bin/git submodule foreach --recursive sh -c "git config --local --name-only --get-regexp 'core\.sshCommand' && git config --local --unset-all 'core.sshCommand' || :"
job-core	Post Checkout code	2026-02-16T13:24:37.1126925Z [command]/usr/bin/git config --local --name-only --get-regexp http\.https\:\/\/github\.com\/\.extraheader
job-core	Post Checkout code	2026-02-16T13:24:37.1160347Z http.https://github.com/.extraheader
job-core	Post Checkout code	2026-02-16T13:24:37.1175020Z [command]/usr/bin/git config --local --unset-all http.https://github.com/.extraheader
job-core	Post Checkout code	2026-02-16T13:24:37.1219405Z [command]/usr/bin/git submodule foreach --recursive sh -c "git config --local --name-only --get-regexp 'http\.https\:\/\/github\.com\/\.extraheader' && git config --local --unset-all 'http.https://github.com/.extraheader' || :"
job-core	Post Checkout code	2026-02-16T13:24:37.1563021Z [command]/usr/bin/git config --local --name-only --get-regexp ^includeIf\.gitdir:
job-core	Post Checkout code	2026-02-16T13:24:37.1610859Z [command]/usr/bin/git submodule foreach --recursive git config --local --show-origin --name-only --get-regexp remote.origin.url
job-core	Complete job	Ôªø2026-02-16T13:24:37.2146284Z Cleaning up orphan processes
handle-success	Set up job	Ôªø2026-02-16T13:24:51.5015122Z Current runner version: '2.331.0'
handle-success	Set up job	2026-02-16T13:24:51.5024560Z Runner name: 'swarm-runners-scaleset-hkss5-runner-ntwr7'
handle-success	Set up job	2026-02-16T13:24:51.5025672Z Runner group name: 'Default'
handle-success	Set up job	2026-02-16T13:24:51.5026923Z Machine name: 'swarm-runners-scaleset-hkss5-runner-ntwr7'
handle-success	Set up job	2026-02-16T13:24:51.5030954Z ##[group]GITHUB_TOKEN Permissions
handle-success	Set up job	2026-02-16T13:24:51.5033863Z Actions: write
handle-success	Set up job	2026-02-16T13:24:51.5034505Z Contents: write
handle-success	Set up job	2026-02-16T13:24:51.5035146Z Issues: write
handle-success	Set up job	2026-02-16T13:24:51.5035728Z Metadata: read
handle-success	Set up job	2026-02-16T13:24:51.5036313Z PullRequests: write
handle-success	Set up job	2026-02-16T13:24:51.5036949Z ##[endgroup]
handle-success	Set up job	2026-02-16T13:24:51.5039177Z Secret source: Actions
handle-success	Set up job	2026-02-16T13:24:51.5040440Z Prepare workflow directory
handle-success	Set up job	2026-02-16T13:24:51.5634619Z Prepare all required actions
handle-success	Set up job	2026-02-16T13:24:51.5677852Z Getting action download info
handle-success	Set up job	2026-02-16T13:24:52.1679876Z Download action repository 'actions/checkout@v4' (SHA:34e114876b0b11c390a56381ad16ebd13914f8d5)
handle-success	Set up job	2026-02-16T13:24:53.2646739Z Complete job name: handle-success
handle-success	Checkout code	Ôªø2026-02-16T13:24:53.3282254Z ##[group]Run actions/checkout@v4
handle-success	Checkout code	2026-02-16T13:24:53.3283244Z with:
handle-success	Checkout code	2026-02-16T13:24:53.3283705Z   fetch-depth: 0
handle-success	Checkout code	2026-02-16T13:24:53.3284182Z   repository: Ka0s-Klaus/ka0s
handle-success	Checkout code	2026-02-16T13:24:53.3284980Z   token: ***
handle-success	Checkout code	2026-02-16T13:24:53.3285436Z   ssh-strict: true
handle-success	Checkout code	2026-02-16T13:24:53.3285884Z   ssh-user: git
handle-success	Checkout code	2026-02-16T13:24:53.3286338Z   persist-credentials: true
handle-success	Checkout code	2026-02-16T13:24:53.3286846Z   clean: true
handle-success	Checkout code	2026-02-16T13:24:53.3287301Z   sparse-checkout-cone-mode: true
handle-success	Checkout code	2026-02-16T13:24:53.3287853Z   fetch-tags: false
handle-success	Checkout code	2026-02-16T13:24:53.3288312Z   show-progress: true
handle-success	Checkout code	2026-02-16T13:24:53.3288779Z   lfs: false
handle-success	Checkout code	2026-02-16T13:24:53.3289230Z   submodules: false
handle-success	Checkout code	2026-02-16T13:24:53.3290132Z   set-safe-directory: true
handle-success	Checkout code	2026-02-16T13:24:53.3290903Z env:
handle-success	Checkout code	2026-02-16T13:24:53.3291343Z   PYTHON_VERSION: 3.9
handle-success	Checkout code	2026-02-16T13:24:53.3292612Z   MONGO_SUPERUSER_CONNECTION: ***
handle-success	Checkout code	2026-02-16T13:24:53.3293361Z   MONGO_NEW_PASS: ***
handle-success	Checkout code	2026-02-16T13:24:53.3294046Z   MONGO_SCRIPT_CREATE: devops/core/mongo/scripts/mongodb_status_report.py
handle-success	Checkout code	2026-02-16T13:24:53.3294896Z   KAOS_CODE: 22064455480
handle-success	Checkout code	2026-02-16T13:24:53.3295391Z   REPORT_SCAN: audit/
handle-success	Checkout code	2026-02-16T13:24:53.3295876Z   REPORT_PATH: audit/mongodb/
handle-success	Checkout code	2026-02-16T13:24:53.3296413Z   REPORT_FILENAME: 22064455480.json
handle-success	Checkout code	2026-02-16T13:24:53.3296986Z   KAOS_MODULE: [Ka0s] Status MongDB Report
handle-success	Checkout code	2026-02-16T13:24:53.3297565Z ##[endgroup]
handle-success	Checkout code	2026-02-16T13:24:53.4550054Z Syncing repository: Ka0s-Klaus/ka0s
handle-success	Checkout code	2026-02-16T13:24:53.4552339Z ##[group]Getting Git version info
handle-success	Checkout code	2026-02-16T13:24:53.4553064Z Working directory is '/home/runner/_work/ka0s/ka0s'
handle-success	Checkout code	2026-02-16T13:24:53.4554062Z [command]/usr/bin/git version
handle-success	Checkout code	2026-02-16T13:24:53.4554575Z git version 2.52.0
handle-success	Checkout code	2026-02-16T13:24:53.4578297Z ##[endgroup]
handle-success	Checkout code	2026-02-16T13:24:53.4595758Z Temporarily overriding HOME='/home/runner/_work/_temp/b257e9df-0088-4a5a-9b79-66071fbeb372' before making global git config changes
handle-success	Checkout code	2026-02-16T13:24:53.4597556Z Adding repository directory to the temporary git global config as a safe directory
handle-success	Checkout code	2026-02-16T13:24:53.4602791Z [command]/usr/bin/git config --global --add safe.directory /home/runner/_work/ka0s/ka0s
handle-success	Checkout code	2026-02-16T13:24:53.4651859Z Deleting the contents of '/home/runner/_work/ka0s/ka0s'
handle-success	Checkout code	2026-02-16T13:24:53.4658334Z ##[group]Initializing the repository
handle-success	Checkout code	2026-02-16T13:24:53.4661732Z [command]/usr/bin/git init /home/runner/_work/ka0s/ka0s
handle-success	Checkout code	2026-02-16T13:24:53.4724486Z hint: Using 'master' as the name for the initial branch. This default branch name
handle-success	Checkout code	2026-02-16T13:24:53.4726168Z hint: will change to "main" in Git 3.0. To configure the initial branch name
handle-success	Checkout code	2026-02-16T13:24:53.4727918Z hint: to use in all of your new repositories, which will suppress this warning,
handle-success	Checkout code	2026-02-16T13:24:53.4728880Z hint: call:
handle-success	Checkout code	2026-02-16T13:24:53.4729402Z hint:
handle-success	Checkout code	2026-02-16T13:24:53.4731922Z hint: 	git config --global init.defaultBranch <name>
handle-success	Checkout code	2026-02-16T13:24:53.4732625Z hint:
handle-success	Checkout code	2026-02-16T13:24:53.4733284Z hint: Names commonly chosen instead of 'master' are 'main', 'trunk' and
handle-success	Checkout code	2026-02-16T13:24:53.4734335Z hint: 'development'. The just-created branch can be renamed via this command:
handle-success	Checkout code	2026-02-16T13:24:53.4735779Z hint:
handle-success	Checkout code	2026-02-16T13:24:53.4736226Z hint: 	git branch -m <name>
handle-success	Checkout code	2026-02-16T13:24:53.4736752Z hint:
handle-success	Checkout code	2026-02-16T13:24:53.4737453Z hint: Disable this message with "git config set advice.defaultBranchName false"
handle-success	Checkout code	2026-02-16T13:24:53.4738541Z Initialized empty Git repository in /home/runner/_work/ka0s/ka0s/.git/
handle-success	Checkout code	2026-02-16T13:24:53.4742330Z [command]/usr/bin/git remote add origin https://github.com/Ka0s-Klaus/ka0s
handle-success	Checkout code	2026-02-16T13:24:53.4801594Z ##[endgroup]
handle-success	Checkout code	2026-02-16T13:24:53.4802575Z ##[group]Disabling automatic garbage collection
handle-success	Checkout code	2026-02-16T13:24:53.4803378Z [command]/usr/bin/git config --local gc.auto 0
handle-success	Checkout code	2026-02-16T13:24:53.4847886Z ##[endgroup]
handle-success	Checkout code	2026-02-16T13:24:53.4858074Z ##[group]Setting up auth
handle-success	Checkout code	2026-02-16T13:24:53.4859013Z [command]/usr/bin/git config --local --name-only --get-regexp core\.sshCommand
handle-success	Checkout code	2026-02-16T13:24:53.4899660Z [command]/usr/bin/git submodule foreach --recursive sh -c "git config --local --name-only --get-regexp 'core\.sshCommand' && git config --local --unset-all 'core.sshCommand' || :"
handle-success	Checkout code	2026-02-16T13:24:53.5237519Z [command]/usr/bin/git config --local --name-only --get-regexp http\.https\:\/\/github\.com\/\.extraheader
handle-success	Checkout code	2026-02-16T13:24:53.5281634Z [command]/usr/bin/git submodule foreach --recursive sh -c "git config --local --name-only --get-regexp 'http\.https\:\/\/github\.com\/\.extraheader' && git config --local --unset-all 'http.https://github.com/.extraheader' || :"
handle-success	Checkout code	2026-02-16T13:24:53.5623816Z [command]/usr/bin/git config --local --name-only --get-regexp ^includeIf\.gitdir:
handle-success	Checkout code	2026-02-16T13:24:53.5666324Z [command]/usr/bin/git submodule foreach --recursive git config --local --show-origin --name-only --get-regexp remote.origin.url
handle-success	Checkout code	2026-02-16T13:24:53.5998193Z [command]/usr/bin/git config --local http.https://github.com/.extraheader AUTHORIZATION: basic ***
handle-success	Checkout code	2026-02-16T13:24:53.6050857Z ##[endgroup]
handle-success	Checkout code	2026-02-16T13:24:53.6051957Z ##[group]Fetching the repository
handle-success	Checkout code	2026-02-16T13:24:53.6058972Z [command]/usr/bin/git -c protocol.version=2 fetch --prune --no-recurse-submodules origin +refs/heads/*:refs/remotes/origin/* +refs/tags/*:refs/tags/*
handle-success	Checkout code	2026-02-16T13:25:13.5098538Z From https://github.com/Ka0s-Klaus/ka0s
handle-success	Checkout code	2026-02-16T13:25:13.5099892Z  * [new branch]          F227-despliegue-de-kube-independiente-del-clouder -> origin/F227-despliegue-de-kube-independiente-del-clouder
handle-success	Checkout code	2026-02-16T13:25:13.5100802Z  * [new branch]          F3450-modelo-operativo -> origin/F3450-modelo-operativo
handle-success	Checkout code	2026-02-16T13:25:13.5101631Z  * [new branch]          H1151-desarrollo-de-secciones-ii -> origin/H1151-desarrollo-de-secciones-ii
handle-success	Checkout code	2026-02-16T13:25:13.5102426Z  * [new branch]          H1193-ejemplo-web-documentacion -> origin/H1193-ejemplo-web-documentacion
handle-success	Checkout code	2026-02-16T13:25:13.5103174Z  * [new branch]          H1276-modulo-observabilidad -> origin/H1276-modulo-observabilidad
handle-success	Checkout code	2026-02-16T13:25:13.5104113Z  * [new branch]          H227-despliegue-de-kube-independiente-del-clouder -> origin/H227-despliegue-de-kube-independiente-del-clouder
handle-success	Checkout code	2026-02-16T13:25:13.5105256Z  * [new branch]          H3266-deploy-zabbix    -> origin/H3266-deploy-zabbix
handle-success	Checkout code	2026-02-16T13:25:13.5105904Z  * [new branch]          H3596-deploy-itop      -> origin/H3596-deploy-itop
handle-success	Checkout code	2026-02-16T13:25:13.5106829Z  * [new branch]          RN227-despliegue-de-kube-independiente-del-clouder -> origin/RN227-despliegue-de-kube-independiente-del-clouder
handle-success	Checkout code	2026-02-16T13:25:13.5107635Z  * [new branch]          main                   -> origin/main
handle-success	Checkout code	2026-02-16T13:25:13.5108125Z  * [new tag]             0.0.0                  -> 0.0.0
handle-success	Checkout code	2026-02-16T13:25:13.5108541Z  * [new tag]             0.0.1                  -> 0.0.1
handle-success	Checkout code	2026-02-16T13:25:13.5108966Z  * [new tag]             0.0.10                 -> 0.0.10
handle-success	Checkout code	2026-02-16T13:25:13.5109434Z  * [new tag]             0.0.100                -> 0.0.100
handle-success	Checkout code	2026-02-16T13:25:13.5110110Z  * [new tag]             0.0.101                -> 0.0.101
handle-success	Checkout code	2026-02-16T13:25:13.5110528Z  * [new tag]             0.0.102                -> 0.0.102
handle-success	Checkout code	2026-02-16T13:25:13.5110937Z  * [new tag]             0.0.103                -> 0.0.103
handle-success	Checkout code	2026-02-16T13:25:13.5111941Z  * [new tag]             0.0.104                -> 0.0.104
handle-success	Checkout code	2026-02-16T13:25:13.5112358Z  * [new tag]             0.0.105                -> 0.0.105
handle-success	Checkout code	2026-02-16T13:25:13.5112780Z  * [new tag]             0.0.106                -> 0.0.106
handle-success	Checkout code	2026-02-16T13:25:13.5113189Z  * [new tag]             0.0.107                -> 0.0.107
handle-success	Checkout code	2026-02-16T13:25:13.5113616Z  * [new tag]             0.0.108                -> 0.0.108
handle-success	Checkout code	2026-02-16T13:25:13.5114025Z  * [new tag]             0.0.109                -> 0.0.109
handle-success	Checkout code	2026-02-16T13:25:13.5114440Z  * [new tag]             0.0.11                 -> 0.0.11
handle-success	Checkout code	2026-02-16T13:25:13.5114844Z  * [new tag]             0.0.110                -> 0.0.110
handle-success	Checkout code	2026-02-16T13:25:13.5115256Z  * [new tag]             0.0.111                -> 0.0.111
handle-success	Checkout code	2026-02-16T13:25:13.5116266Z  * [new tag]             0.0.112                -> 0.0.112
handle-success	Checkout code	2026-02-16T13:25:13.5116748Z  * [new tag]             0.0.113                -> 0.0.113
handle-success	Checkout code	2026-02-16T13:25:13.5117246Z  * [new tag]             0.0.114                -> 0.0.114
handle-success	Checkout code	2026-02-16T13:25:13.5118295Z  * [new tag]             0.0.115                -> 0.0.115
handle-success	Checkout code	2026-02-16T13:25:13.5118716Z  * [new tag]             0.0.116                -> 0.0.116
handle-success	Checkout code	2026-02-16T13:25:13.5119128Z  * [new tag]             0.0.117                -> 0.0.117
handle-success	Checkout code	2026-02-16T13:25:13.5119689Z  * [new tag]             0.0.118                -> 0.0.118
handle-success	Checkout code	2026-02-16T13:25:13.5120117Z  * [new tag]             0.0.119                -> 0.0.119
handle-success	Checkout code	2026-02-16T13:25:13.5120523Z  * [new tag]             0.0.12                 -> 0.0.12
handle-success	Checkout code	2026-02-16T13:25:13.5120937Z  * [new tag]             0.0.120                -> 0.0.120
handle-success	Checkout code	2026-02-16T13:25:13.5121348Z  * [new tag]             0.0.121                -> 0.0.121
handle-success	Checkout code	2026-02-16T13:25:13.5121758Z  * [new tag]             0.0.122                -> 0.0.122
handle-success	Checkout code	2026-02-16T13:25:13.5122163Z  * [new tag]             0.0.123                -> 0.0.123
handle-success	Checkout code	2026-02-16T13:25:13.5122574Z  * [new tag]             0.0.124                -> 0.0.124
handle-success	Checkout code	2026-02-16T13:25:13.5122999Z  * [new tag]             0.0.125                -> 0.0.125
handle-success	Checkout code	2026-02-16T13:25:13.5123416Z  * [new tag]             0.0.126                -> 0.0.126
handle-success	Checkout code	2026-02-16T13:25:13.5123824Z  * [new tag]             0.0.127                -> 0.0.127
handle-success	Checkout code	2026-02-16T13:25:13.5124231Z  * [new tag]             0.0.128                -> 0.0.128
handle-success	Checkout code	2026-02-16T13:25:13.5124643Z  * [new tag]             0.0.129                -> 0.0.129
handle-success	Checkout code	2026-02-16T13:25:13.5125059Z  * [new tag]             0.0.13                 -> 0.0.13
handle-success	Checkout code	2026-02-16T13:25:13.5125468Z  * [new tag]             0.0.130                -> 0.0.130
handle-success	Checkout code	2026-02-16T13:25:13.5125881Z  * [new tag]             0.0.131                -> 0.0.131
handle-success	Checkout code	2026-02-16T13:25:13.5126285Z  * [new tag]             0.0.132                -> 0.0.132
handle-success	Checkout code	2026-02-16T13:25:13.5126696Z  * [new tag]             0.0.133                -> 0.0.133
handle-success	Checkout code	2026-02-16T13:25:13.5127106Z  * [new tag]             0.0.134                -> 0.0.134
handle-success	Checkout code	2026-02-16T13:25:13.5127516Z  * [new tag]             0.0.135                -> 0.0.135
handle-success	Checkout code	2026-02-16T13:25:13.5199363Z  * [new tag]             0.0.136                -> 0.0.136
handle-success	Checkout code	2026-02-16T13:25:13.5200577Z  * [new tag]             0.0.137                -> 0.0.137
handle-success	Checkout code	2026-02-16T13:25:13.5201042Z  * [new tag]             0.0.138                -> 0.0.138
handle-success	Checkout code	2026-02-16T13:25:13.5201468Z  * [new tag]             0.0.139                -> 0.0.139
handle-success	Checkout code	2026-02-16T13:25:13.5201888Z  * [new tag]             0.0.14                 -> 0.0.14
handle-success	Checkout code	2026-02-16T13:25:13.5202302Z  * [new tag]             0.0.140                -> 0.0.140
handle-success	Checkout code	2026-02-16T13:25:13.5202716Z  * [new tag]             0.0.141                -> 0.0.141
handle-success	Checkout code	2026-02-16T13:25:13.5203134Z  * [new tag]             0.0.142                -> 0.0.142
handle-success	Checkout code	2026-02-16T13:25:13.5203572Z  * [new tag]             0.0.143                -> 0.0.143
handle-success	Checkout code	2026-02-16T13:25:13.5203988Z  * [new tag]             0.0.144                -> 0.0.144
handle-success	Checkout code	2026-02-16T13:25:13.5204406Z  * [new tag]             0.0.145                -> 0.0.145
handle-success	Checkout code	2026-02-16T13:25:13.5205067Z  * [new tag]             0.0.146                -> 0.0.146
handle-success	Checkout code	2026-02-16T13:25:13.5205859Z  * [new tag]             0.0.147                -> 0.0.147
handle-success	Checkout code	2026-02-16T13:25:13.5206323Z  * [new tag]             0.0.148                -> 0.0.148
handle-success	Checkout code	2026-02-16T13:25:13.5207019Z  * [new tag]             0.0.149                -> 0.0.149
handle-success	Checkout code	2026-02-16T13:25:13.5207460Z  * [new tag]             0.0.15                 -> 0.0.15
handle-success	Checkout code	2026-02-16T13:25:13.5207883Z  * [new tag]             0.0.150                -> 0.0.150
handle-success	Checkout code	2026-02-16T13:25:13.5208315Z  * [new tag]             0.0.151                -> 0.0.151
handle-success	Checkout code	2026-02-16T13:25:13.5208846Z  * [new tag]             0.0.152                -> 0.0.152
handle-success	Checkout code	2026-02-16T13:25:13.5209255Z  * [new tag]             0.0.153                -> 0.0.153
handle-success	Checkout code	2026-02-16T13:25:13.5210385Z  * [new tag]             0.0.154                -> 0.0.154
handle-success	Checkout code	2026-02-16T13:25:13.5210931Z  * [new tag]             0.0.155                -> 0.0.155
handle-success	Checkout code	2026-02-16T13:25:13.5211339Z  * [new tag]             0.0.156                -> 0.0.156
handle-success	Checkout code	2026-02-16T13:25:13.5211762Z  * [new tag]             0.0.157                -> 0.0.157
handle-success	Checkout code	2026-02-16T13:25:13.5212426Z  * [new tag]             0.0.158                -> 0.0.158
handle-success	Checkout code	2026-02-16T13:25:13.5212835Z  * [new tag]             0.0.159                -> 0.0.159
handle-success	Checkout code	2026-02-16T13:25:13.5213240Z  * [new tag]             0.0.16                 -> 0.0.16
handle-success	Checkout code	2026-02-16T13:25:13.5213663Z  * [new tag]             0.0.160                -> 0.0.160
handle-success	Checkout code	2026-02-16T13:25:13.5214076Z  * [new tag]             0.0.161                -> 0.0.161
handle-success	Checkout code	2026-02-16T13:25:13.5214516Z  * [new tag]             0.0.162                -> 0.0.162
handle-success	Checkout code	2026-02-16T13:25:13.5214969Z  * [new tag]             0.0.163                -> 0.0.163
handle-success	Checkout code	2026-02-16T13:25:13.5215419Z  * [new tag]             0.0.164                -> 0.0.164
handle-success	Checkout code	2026-02-16T13:25:13.5215863Z  * [new tag]             0.0.165                -> 0.0.165
handle-success	Checkout code	2026-02-16T13:25:13.5216280Z  * [new tag]             0.0.166                -> 0.0.166
handle-success	Checkout code	2026-02-16T13:25:13.5216699Z  * [new tag]             0.0.167                -> 0.0.167
handle-success	Checkout code	2026-02-16T13:25:13.5217250Z  * [new tag]             0.0.168                -> 0.0.168
handle-success	Checkout code	2026-02-16T13:25:13.5217649Z  * [new tag]             0.0.169                -> 0.0.169
handle-success	Checkout code	2026-02-16T13:25:13.5218042Z  * [new tag]             0.0.17                 -> 0.0.17
handle-success	Checkout code	2026-02-16T13:25:13.5218439Z  * [new tag]             0.0.170                -> 0.0.170
handle-success	Checkout code	2026-02-16T13:25:13.5218841Z  * [new tag]             0.0.171                -> 0.0.171
handle-success	Checkout code	2026-02-16T13:25:13.5219235Z  * [new tag]             0.0.172                -> 0.0.172
handle-success	Checkout code	2026-02-16T13:25:13.5219891Z  * [new tag]             0.0.173                -> 0.0.173
handle-success	Checkout code	2026-02-16T13:25:13.5220304Z  * [new tag]             0.0.174                -> 0.0.174
handle-success	Checkout code	2026-02-16T13:25:13.5220829Z  * [new tag]             0.0.175                -> 0.0.175
handle-success	Checkout code	2026-02-16T13:25:13.5221232Z  * [new tag]             0.0.176                -> 0.0.176
handle-success	Checkout code	2026-02-16T13:25:13.5221631Z  * [new tag]             0.0.177                -> 0.0.177
handle-success	Checkout code	2026-02-16T13:25:13.5222027Z  * [new tag]             0.0.178                -> 0.0.178
handle-success	Checkout code	2026-02-16T13:25:13.5222440Z  * [new tag]             0.0.179                -> 0.0.179
handle-success	Checkout code	2026-02-16T13:25:13.5222837Z  * [new tag]             0.0.18                 -> 0.0.18
handle-success	Checkout code	2026-02-16T13:25:13.5223231Z  * [new tag]             0.0.19                 -> 0.0.19
handle-success	Checkout code	2026-02-16T13:25:13.5223626Z  * [new tag]             0.0.2                  -> 0.0.2
handle-success	Checkout code	2026-02-16T13:25:13.5224023Z  * [new tag]             0.0.20                 -> 0.0.20
handle-success	Checkout code	2026-02-16T13:25:13.5224415Z  * [new tag]             0.0.21                 -> 0.0.21
handle-success	Checkout code	2026-02-16T13:25:13.5224802Z  * [new tag]             0.0.22                 -> 0.0.22
handle-success	Checkout code	2026-02-16T13:25:13.5225196Z  * [new tag]             0.0.23                 -> 0.0.23
handle-success	Checkout code	2026-02-16T13:25:13.5225592Z  * [new tag]             0.0.24                 -> 0.0.24
handle-success	Checkout code	2026-02-16T13:25:13.5225986Z  * [new tag]             0.0.25                 -> 0.0.25
handle-success	Checkout code	2026-02-16T13:25:13.5226379Z  * [new tag]             0.0.26                 -> 0.0.26
handle-success	Checkout code	2026-02-16T13:25:13.5227023Z  * [new tag]             0.0.27                 -> 0.0.27
handle-success	Checkout code	2026-02-16T13:25:13.5227435Z  * [new tag]             0.0.28                 -> 0.0.28
handle-success	Checkout code	2026-02-16T13:25:13.5227831Z  * [new tag]             0.0.29                 -> 0.0.29
handle-success	Checkout code	2026-02-16T13:25:13.5228225Z  * [new tag]             0.0.3                  -> 0.0.3
handle-success	Checkout code	2026-02-16T13:25:13.5228616Z  * [new tag]             0.0.30                 -> 0.0.30
handle-success	Checkout code	2026-02-16T13:25:13.5229007Z  * [new tag]             0.0.31                 -> 0.0.31
handle-success	Checkout code	2026-02-16T13:25:13.5229398Z  * [new tag]             0.0.32                 -> 0.0.32
handle-success	Checkout code	2026-02-16T13:25:13.5230117Z  * [new tag]             0.0.33                 -> 0.0.33
handle-success	Checkout code	2026-02-16T13:25:13.5230510Z  * [new tag]             0.0.34                 -> 0.0.34
handle-success	Checkout code	2026-02-16T13:25:13.5230899Z  * [new tag]             0.0.35                 -> 0.0.35
handle-success	Checkout code	2026-02-16T13:25:13.5231294Z  * [new tag]             0.0.36                 -> 0.0.36
handle-success	Checkout code	2026-02-16T13:25:13.5231689Z  * [new tag]             0.0.37                 -> 0.0.37
handle-success	Checkout code	2026-02-16T13:25:13.5232310Z  * [new tag]             0.0.38                 -> 0.0.38
handle-success	Checkout code	2026-02-16T13:25:13.5232704Z  * [new tag]             0.0.39                 -> 0.0.39
handle-success	Checkout code	2026-02-16T13:25:13.5233097Z  * [new tag]             0.0.4                  -> 0.0.4
handle-success	Checkout code	2026-02-16T13:25:13.5233487Z  * [new tag]             0.0.40                 -> 0.0.40
handle-success	Checkout code	2026-02-16T13:25:13.5233886Z  * [new tag]             0.0.41                 -> 0.0.41
handle-success	Checkout code	2026-02-16T13:25:13.5234282Z  * [new tag]             0.0.42                 -> 0.0.42
handle-success	Checkout code	2026-02-16T13:25:13.5234673Z  * [new tag]             0.0.43                 -> 0.0.43
handle-success	Checkout code	2026-02-16T13:25:13.5235069Z  * [new tag]             0.0.44                 -> 0.0.44
handle-success	Checkout code	2026-02-16T13:25:13.5235467Z  * [new tag]             0.0.45                 -> 0.0.45
handle-success	Checkout code	2026-02-16T13:25:13.5235864Z  * [new tag]             0.0.46                 -> 0.0.46
handle-success	Checkout code	2026-02-16T13:25:13.5236256Z  * [new tag]             0.0.47                 -> 0.0.47
handle-success	Checkout code	2026-02-16T13:25:13.5236647Z  * [new tag]             0.0.48                 -> 0.0.48
handle-success	Checkout code	2026-02-16T13:25:13.5237057Z  * [new tag]             0.0.49                 -> 0.0.49
handle-success	Checkout code	2026-02-16T13:25:13.5237457Z  * [new tag]             0.0.5                  -> 0.0.5
handle-success	Checkout code	2026-02-16T13:25:13.5237853Z  * [new tag]             0.0.50                 -> 0.0.50
handle-success	Checkout code	2026-02-16T13:25:13.5238249Z  * [new tag]             0.0.51                 -> 0.0.51
handle-success	Checkout code	2026-02-16T13:25:13.5238639Z  * [new tag]             0.0.52                 -> 0.0.52
handle-success	Checkout code	2026-02-16T13:25:13.5239032Z  * [new tag]             0.0.53                 -> 0.0.53
handle-success	Checkout code	2026-02-16T13:25:13.5239423Z  * [new tag]             0.0.54                 -> 0.0.54
handle-success	Checkout code	2026-02-16T13:25:13.5240159Z  * [new tag]             0.0.55                 -> 0.0.55
handle-success	Checkout code	2026-02-16T13:25:13.5240558Z  * [new tag]             0.0.56                 -> 0.0.56
handle-success	Checkout code	2026-02-16T13:25:13.5241075Z  * [new tag]             0.0.57                 -> 0.0.57
handle-success	Checkout code	2026-02-16T13:25:13.5241467Z  * [new tag]             0.0.58                 -> 0.0.58
handle-success	Checkout code	2026-02-16T13:25:13.5241861Z  * [new tag]             0.0.59                 -> 0.0.59
handle-success	Checkout code	2026-02-16T13:25:13.5242264Z  * [new tag]             0.0.6                  -> 0.0.6
handle-success	Checkout code	2026-02-16T13:25:13.5242655Z  * [new tag]             0.0.60                 -> 0.0.60
handle-success	Checkout code	2026-02-16T13:25:13.5243042Z  * [new tag]             0.0.61                 -> 0.0.61
handle-success	Checkout code	2026-02-16T13:25:13.5243428Z  * [new tag]             0.0.62                 -> 0.0.62
handle-success	Checkout code	2026-02-16T13:25:13.5243819Z  * [new tag]             0.0.63                 -> 0.0.63
handle-success	Checkout code	2026-02-16T13:25:13.5244208Z  * [new tag]             0.0.64                 -> 0.0.64
handle-success	Checkout code	2026-02-16T13:25:13.5244589Z  * [new tag]             0.0.65                 -> 0.0.65
handle-success	Checkout code	2026-02-16T13:25:13.5244978Z  * [new tag]             0.0.66                 -> 0.0.66
handle-success	Checkout code	2026-02-16T13:25:13.5245363Z  * [new tag]             0.0.67                 -> 0.0.67
handle-success	Checkout code	2026-02-16T13:25:13.5245753Z  * [new tag]             0.0.68                 -> 0.0.68
handle-success	Checkout code	2026-02-16T13:25:13.5246137Z  * [new tag]             0.0.69                 -> 0.0.69
handle-success	Checkout code	2026-02-16T13:25:13.5246524Z  * [new tag]             0.0.7                  -> 0.0.7
handle-success	Checkout code	2026-02-16T13:25:13.5247134Z  * [new tag]             0.0.70                 -> 0.0.70
handle-success	Checkout code	2026-02-16T13:25:13.5247524Z  * [new tag]             0.0.71                 -> 0.0.71
handle-success	Checkout code	2026-02-16T13:25:13.5247916Z  * [new tag]             0.0.72                 -> 0.0.72
handle-success	Checkout code	2026-02-16T13:25:13.5248298Z  * [new tag]             0.0.73                 -> 0.0.73
handle-success	Checkout code	2026-02-16T13:25:13.5248684Z  * [new tag]             0.0.74                 -> 0.0.74
handle-success	Checkout code	2026-02-16T13:25:13.5249070Z  * [new tag]             0.0.75                 -> 0.0.75
handle-success	Checkout code	2026-02-16T13:25:13.5249458Z  * [new tag]             0.0.76                 -> 0.0.76
handle-success	Checkout code	2026-02-16T13:25:13.5250259Z  * [new tag]             0.0.77                 -> 0.0.77
handle-success	Checkout code	2026-02-16T13:25:13.5250668Z  * [new tag]             0.0.78                 -> 0.0.78
handle-success	Checkout code	2026-02-16T13:25:13.5251182Z  * [new tag]             0.0.79                 -> 0.0.79
handle-success	Checkout code	2026-02-16T13:25:13.5251568Z  * [new tag]             0.0.8                  -> 0.0.8
handle-success	Checkout code	2026-02-16T13:25:13.5252171Z  * [new tag]             0.0.80                 -> 0.0.80
handle-success	Checkout code	2026-02-16T13:25:13.5252564Z  * [new tag]             0.0.81                 -> 0.0.81
handle-success	Checkout code	2026-02-16T13:25:13.5252951Z  * [new tag]             0.0.82                 -> 0.0.82
handle-success	Checkout code	2026-02-16T13:25:13.5253337Z  * [new tag]             0.0.83                 -> 0.0.83
handle-success	Checkout code	2026-02-16T13:25:13.5253723Z  * [new tag]             0.0.84                 -> 0.0.84
handle-success	Checkout code	2026-02-16T13:25:13.5254112Z  * [new tag]             0.0.85                 -> 0.0.85
handle-success	Checkout code	2026-02-16T13:25:13.5254497Z  * [new tag]             0.0.86                 -> 0.0.86
handle-success	Checkout code	2026-02-16T13:25:13.5254885Z  * [new tag]             0.0.87                 -> 0.0.87
handle-success	Checkout code	2026-02-16T13:25:13.5255271Z  * [new tag]             0.0.88                 -> 0.0.88
handle-success	Checkout code	2026-02-16T13:25:13.5255659Z  * [new tag]             0.0.89                 -> 0.0.89
handle-success	Checkout code	2026-02-16T13:25:13.5256048Z  * [new tag]             0.0.9                  -> 0.0.9
handle-success	Checkout code	2026-02-16T13:25:13.5256436Z  * [new tag]             0.0.90                 -> 0.0.90
handle-success	Checkout code	2026-02-16T13:25:13.5256836Z  * [new tag]             0.0.91                 -> 0.0.91
handle-success	Checkout code	2026-02-16T13:25:13.5257229Z  * [new tag]             0.0.92                 -> 0.0.92
handle-success	Checkout code	2026-02-16T13:25:13.5257618Z  * [new tag]             0.0.93                 -> 0.0.93
handle-success	Checkout code	2026-02-16T13:25:13.5258006Z  * [new tag]             0.0.94                 -> 0.0.94
handle-success	Checkout code	2026-02-16T13:25:13.5258389Z  * [new tag]             0.0.95                 -> 0.0.95
handle-success	Checkout code	2026-02-16T13:25:13.5258778Z  * [new tag]             0.0.96                 -> 0.0.96
handle-success	Checkout code	2026-02-16T13:25:13.5259167Z  * [new tag]             0.0.97                 -> 0.0.97
handle-success	Checkout code	2026-02-16T13:25:13.5259822Z  * [new tag]             0.0.98                 -> 0.0.98
handle-success	Checkout code	2026-02-16T13:25:13.5260239Z  * [new tag]             0.0.99                 -> 0.0.99
handle-success	Checkout code	2026-02-16T13:25:13.5260653Z  * [new tag]             0.1.0                  -> 0.1.0
handle-success	Checkout code	2026-02-16T13:25:13.5261173Z  * [new tag]             0.1.1                  -> 0.1.1
handle-success	Checkout code	2026-02-16T13:25:13.5261701Z  * [new tag]             0.2.0                  -> 0.2.0
handle-success	Checkout code	2026-02-16T13:25:13.5262104Z  * [new tag]             0.3.0                  -> 0.3.0
handle-success	Checkout code	2026-02-16T13:25:13.5262490Z  * [new tag]             0.3.1                  -> 0.3.1
handle-success	Checkout code	2026-02-16T13:25:13.5262875Z  * [new tag]             0.3.10                 -> 0.3.10
handle-success	Checkout code	2026-02-16T13:25:13.5263262Z  * [new tag]             0.3.11                 -> 0.3.11
handle-success	Checkout code	2026-02-16T13:25:13.5263652Z  * [new tag]             0.3.12                 -> 0.3.12
handle-success	Checkout code	2026-02-16T13:25:13.5264040Z  * [new tag]             0.3.13                 -> 0.3.13
handle-success	Checkout code	2026-02-16T13:25:13.5264427Z  * [new tag]             0.3.14                 -> 0.3.14
handle-success	Checkout code	2026-02-16T13:25:13.5264811Z  * [new tag]             0.3.15                 -> 0.3.15
handle-success	Checkout code	2026-02-16T13:25:13.5265192Z  * [new tag]             0.3.16                 -> 0.3.16
handle-success	Checkout code	2026-02-16T13:25:13.5265577Z  * [new tag]             0.3.17                 -> 0.3.17
handle-success	Checkout code	2026-02-16T13:25:13.5265961Z  * [new tag]             0.3.2                  -> 0.3.2
handle-success	Checkout code	2026-02-16T13:25:13.5266349Z  * [new tag]             0.3.3                  -> 0.3.3
handle-success	Checkout code	2026-02-16T13:25:13.5266995Z  * [new tag]             0.3.4                  -> 0.3.4
handle-success	Checkout code	2026-02-16T13:25:13.5267378Z  * [new tag]             0.3.5                  -> 0.3.5
handle-success	Checkout code	2026-02-16T13:25:13.5267908Z  * [new tag]             0.3.6                  -> 0.3.6
handle-success	Checkout code	2026-02-16T13:25:13.5268306Z  * [new tag]             0.3.7                  -> 0.3.7
handle-success	Checkout code	2026-02-16T13:25:13.5268700Z  * [new tag]             0.3.8                  -> 0.3.8
handle-success	Checkout code	2026-02-16T13:25:13.5269094Z  * [new tag]             0.3.9                  -> 0.3.9
handle-success	Checkout code	2026-02-16T13:25:13.5269482Z  * [new tag]             0.4.0                  -> 0.4.0
handle-success	Checkout code	2026-02-16T13:25:13.5270207Z  * [new tag]             0.4.1                  -> 0.4.1
handle-success	Checkout code	2026-02-16T13:25:13.5270598Z  * [new tag]             0.4.2                  -> 0.4.2
handle-success	Checkout code	2026-02-16T13:25:13.5270989Z  * [new tag]             0.4.3                  -> 0.4.3
handle-success	Checkout code	2026-02-16T13:25:13.5271647Z  * [new tag]             0.4.4                  -> 0.4.4
handle-success	Checkout code	2026-02-16T13:25:13.5272319Z  * [new tag]             0.4.5                  -> 0.4.5
handle-success	Checkout code	2026-02-16T13:25:13.5272988Z  * [new tag]             0.4.6                  -> 0.4.6
handle-success	Checkout code	2026-02-16T13:25:13.5273503Z  * [new tag]             0.4.7                  -> 0.4.7
handle-success	Checkout code	2026-02-16T13:25:13.5273890Z  * [new tag]             0.4.8                  -> 0.4.8
handle-success	Checkout code	2026-02-16T13:25:13.5274265Z  * [new tag]             0.4.9                  -> 0.4.9
handle-success	Checkout code	2026-02-16T13:25:13.5274646Z  * [new tag]             0.5.0                  -> 0.5.0
handle-success	Checkout code	2026-02-16T13:25:13.5275027Z  * [new tag]             0.5.1                  -> 0.5.1
handle-success	Checkout code	2026-02-16T13:25:13.5275410Z  * [new tag]             0.5.2                  -> 0.5.2
handle-success	Checkout code	2026-02-16T13:25:13.5275790Z  * [new tag]             0.6.0                  -> 0.6.0
handle-success	Checkout code	2026-02-16T13:25:13.5276174Z  * [new tag]             0.6.1                  -> 0.6.1
handle-success	Checkout code	2026-02-16T13:25:13.5276559Z  * [new tag]             0.6.2                  -> 0.6.2
handle-success	Checkout code	2026-02-16T13:25:13.5503723Z [command]/usr/bin/git branch --list --remote origin/main
handle-success	Checkout code	2026-02-16T13:25:13.5582789Z   origin/main
handle-success	Checkout code	2026-02-16T13:25:13.5597850Z [command]/usr/bin/git rev-parse refs/remotes/origin/main
handle-success	Checkout code	2026-02-16T13:25:13.5628827Z 0d958ac24aee5a4984fe76c8835e5af10905b64a
handle-success	Checkout code	2026-02-16T13:25:13.5642177Z [command]/usr/bin/git -c protocol.version=2 fetch --no-tags --prune --no-recurse-submodules origin +dff8b8378722cfb61a798f7fd7c85ef6ebfa675c:refs/remotes/origin/main
handle-success	Checkout code	2026-02-16T13:25:13.5825754Z From https://github.com/Ka0s-Klaus/ka0s
handle-success	Checkout code	2026-02-16T13:25:13.5863159Z  + 0d958ac24...dff8b8378 dff8b8378722cfb61a798f7fd7c85ef6ebfa675c -> origin/main  (forced update)
handle-success	Checkout code	2026-02-16T13:25:13.5864607Z ##[endgroup]
handle-success	Checkout code	2026-02-16T13:25:13.5865111Z ##[group]Determining the checkout info
handle-success	Checkout code	2026-02-16T13:25:13.5865615Z ##[endgroup]
handle-success	Checkout code	2026-02-16T13:25:13.5869109Z [command]/usr/bin/git sparse-checkout disable
handle-success	Checkout code	2026-02-16T13:25:13.5919940Z [command]/usr/bin/git config --local --unset-all extensions.worktreeConfig
handle-success	Checkout code	2026-02-16T13:25:13.5957496Z ##[group]Checking out the ref
handle-success	Checkout code	2026-02-16T13:25:13.5968050Z [command]/usr/bin/git checkout --progress --force -B main refs/remotes/origin/main
handle-success	Checkout code	2026-02-16T13:25:13.8388515Z Switched to a new branch 'main'
handle-success	Checkout code	2026-02-16T13:25:13.8401291Z branch 'main' set up to track 'origin/main'.
handle-success	Checkout code	2026-02-16T13:25:13.8480309Z ##[endgroup]
handle-success	Checkout code	2026-02-16T13:25:13.8556664Z [command]/usr/bin/git log -1 --format=%H
handle-success	Checkout code	2026-02-16T13:25:13.8599710Z dff8b8378722cfb61a798f7fd7c85ef6ebfa675c
handle-success	handle-success-execution	Ôªø2026-02-16T13:25:13.8865700Z ##[group]Run # Si todo ha ido correcto a√±adimos el contenido del fichero 
handle-success	handle-success-execution	2026-02-16T13:25:13.8866422Z [36;1m# Si todo ha ido correcto a√±adimos el contenido del fichero [0m
handle-success	handle-success-execution	2026-02-16T13:25:13.8866955Z [36;1mecho "Process completed successfully 22064455480"[0m
handle-success	handle-success-execution	2026-02-16T13:25:13.8867462Z [36;1m# RNNUMBER=$(echo "refs/heads/main" | grep -o '[0-9]*')[0m
handle-success	handle-success-execution	2026-02-16T13:25:13.8868452Z [36;1m# gh issue comment $RNNUMBER --body "El proceso ha finalizado correctamente 22064455480. El resultado est√° en el fichero core/results/event_data_22064455480.log"[0m
handle-success	handle-success-execution	2026-02-16T13:25:13.8887300Z shell: /usr/bin/bash -e {0}
handle-success	handle-success-execution	2026-02-16T13:25:13.8887949Z env:
handle-success	handle-success-execution	2026-02-16T13:25:13.8888193Z   PYTHON_VERSION: 3.9
handle-success	handle-success-execution	2026-02-16T13:25:13.8889271Z   MONGO_SUPERUSER_CONNECTION: ***
handle-success	handle-success-execution	2026-02-16T13:25:13.8889921Z   MONGO_NEW_PASS: ***
handle-success	handle-success-execution	2026-02-16T13:25:13.8890339Z   MONGO_SCRIPT_CREATE: devops/core/mongo/scripts/mongodb_status_report.py
handle-success	handle-success-execution	2026-02-16T13:25:13.8890815Z   KAOS_CODE: 22064455480
handle-success	handle-success-execution	2026-02-16T13:25:13.8891092Z   REPORT_SCAN: audit/
handle-success	handle-success-execution	2026-02-16T13:25:13.8891411Z   REPORT_PATH: audit/mongodb/
handle-success	handle-success-execution	2026-02-16T13:25:13.8891708Z   REPORT_FILENAME: 22064455480.json
handle-success	handle-success-execution	2026-02-16T13:25:13.8892042Z   KAOS_MODULE: [Ka0s] Status MongDB Report
handle-success	handle-success-execution	2026-02-16T13:25:13.8892480Z   GH_TOKEN: ***
handle-success	handle-success-execution	2026-02-16T13:25:13.8892720Z ##[endgroup]
handle-success	handle-success-execution	2026-02-16T13:25:13.8960189Z Process completed successfully 22064455480
handle-success	Post Checkout code	Ôªø2026-02-16T13:25:13.9107120Z Post job cleanup.
handle-success	Post Checkout code	2026-02-16T13:25:14.0185997Z [command]/usr/bin/git version
handle-success	Post Checkout code	2026-02-16T13:25:14.0235436Z git version 2.52.0
handle-success	Post Checkout code	2026-02-16T13:25:14.0284602Z Temporarily overriding HOME='/home/runner/_work/_temp/1bb40b4a-9fd1-42ec-ac5c-022386f644e7' before making global git config changes
handle-success	Post Checkout code	2026-02-16T13:25:14.0285622Z Adding repository directory to the temporary git global config as a safe directory
handle-success	Post Checkout code	2026-02-16T13:25:14.0291699Z [command]/usr/bin/git config --global --add safe.directory /home/runner/_work/ka0s/ka0s
handle-success	Post Checkout code	2026-02-16T13:25:14.0351725Z [command]/usr/bin/git config --local --name-only --get-regexp core\.sshCommand
handle-success	Post Checkout code	2026-02-16T13:25:14.0397686Z [command]/usr/bin/git submodule foreach --recursive sh -c "git config --local --name-only --get-regexp 'core\.sshCommand' && git config --local --unset-all 'core.sshCommand' || :"
handle-success	Post Checkout code	2026-02-16T13:25:14.0745479Z [command]/usr/bin/git config --local --name-only --get-regexp http\.https\:\/\/github\.com\/\.extraheader
handle-success	Post Checkout code	2026-02-16T13:25:14.0775847Z http.https://github.com/.extraheader
handle-success	Post Checkout code	2026-02-16T13:25:14.0790416Z [command]/usr/bin/git config --local --unset-all http.https://github.com/.extraheader
handle-success	Post Checkout code	2026-02-16T13:25:14.0835807Z [command]/usr/bin/git submodule foreach --recursive sh -c "git config --local --name-only --get-regexp 'http\.https\:\/\/github\.com\/\.extraheader' && git config --local --unset-all 'http.https://github.com/.extraheader' || :"
handle-success	Post Checkout code	2026-02-16T13:25:14.1170487Z [command]/usr/bin/git config --local --name-only --get-regexp ^includeIf\.gitdir:
handle-success	Post Checkout code	2026-02-16T13:25:14.1215006Z [command]/usr/bin/git submodule foreach --recursive git config --local --show-origin --name-only --get-regexp remote.origin.url
handle-success	Complete job	Ôªø2026-02-16T13:25:14.1687806Z Cleaning up orphan processes
end-workflow	Set up job	Ôªø2026-02-16T13:25:42.6683076Z Current runner version: '2.331.0'
end-workflow	Set up job	2026-02-16T13:25:42.6691883Z Runner name: 'swarm-runners-scaleset-hkss5-runner-qr2kk'
end-workflow	Set up job	2026-02-16T13:25:42.6693125Z Runner group name: 'Default'
end-workflow	Set up job	2026-02-16T13:25:42.6694302Z Machine name: 'swarm-runners-scaleset-hkss5-runner-qr2kk'
end-workflow	Set up job	2026-02-16T13:25:42.6698284Z ##[group]GITHUB_TOKEN Permissions
end-workflow	Set up job	2026-02-16T13:25:42.6701292Z Actions: write
end-workflow	Set up job	2026-02-16T13:25:42.6701932Z Contents: write
end-workflow	Set up job	2026-02-16T13:25:42.6702520Z Issues: write
end-workflow	Set up job	2026-02-16T13:25:42.6703098Z Metadata: read
end-workflow	Set up job	2026-02-16T13:25:42.6703801Z PullRequests: write
end-workflow	Set up job	2026-02-16T13:25:42.6704724Z ##[endgroup]
end-workflow	Set up job	2026-02-16T13:25:42.6707343Z Secret source: Actions
end-workflow	Set up job	2026-02-16T13:25:42.6708105Z Prepare workflow directory
end-workflow	Set up job	2026-02-16T13:25:42.7301626Z Prepare all required actions
end-workflow	Set up job	2026-02-16T13:25:42.7343567Z Getting action download info
end-workflow	Set up job	2026-02-16T13:25:43.3238651Z Download action repository 'actions/checkout@v4' (SHA:34e114876b0b11c390a56381ad16ebd13914f8d5)
end-workflow	Set up job	2026-02-16T13:25:44.3588483Z Complete job name: end-workflow
end-workflow	Checkout Repository	Ôªø2026-02-16T13:25:44.4241704Z ##[group]Run actions/checkout@v4
end-workflow	Checkout Repository	2026-02-16T13:25:44.4242727Z with:
end-workflow	Checkout Repository	2026-02-16T13:25:44.4243203Z   fetch-depth: 0
end-workflow	Checkout Repository	2026-02-16T13:25:44.4243702Z   repository: Ka0s-Klaus/ka0s
end-workflow	Checkout Repository	2026-02-16T13:25:44.4244527Z   token: ***
end-workflow	Checkout Repository	2026-02-16T13:25:44.4244988Z   ssh-strict: true
end-workflow	Checkout Repository	2026-02-16T13:25:44.4245455Z   ssh-user: git
end-workflow	Checkout Repository	2026-02-16T13:25:44.4245943Z   persist-credentials: true
end-workflow	Checkout Repository	2026-02-16T13:25:44.4246468Z   clean: true
end-workflow	Checkout Repository	2026-02-16T13:25:44.4246952Z   sparse-checkout-cone-mode: true
end-workflow	Checkout Repository	2026-02-16T13:25:44.4247539Z   fetch-tags: false
end-workflow	Checkout Repository	2026-02-16T13:25:44.4248023Z   show-progress: true
end-workflow	Checkout Repository	2026-02-16T13:25:44.4248516Z   lfs: false
end-workflow	Checkout Repository	2026-02-16T13:25:44.4248984Z   submodules: false
end-workflow	Checkout Repository	2026-02-16T13:25:44.4249476Z   set-safe-directory: true
end-workflow	Checkout Repository	2026-02-16T13:25:44.4250833Z env:
end-workflow	Checkout Repository	2026-02-16T13:25:44.4251300Z   PYTHON_VERSION: 3.9
end-workflow	Checkout Repository	2026-02-16T13:25:44.4252656Z   MONGO_SUPERUSER_CONNECTION: ***
end-workflow	Checkout Repository	2026-02-16T13:25:44.4253465Z   MONGO_NEW_PASS: ***
end-workflow	Checkout Repository	2026-02-16T13:25:44.4254205Z   MONGO_SCRIPT_CREATE: devops/core/mongo/scripts/mongodb_status_report.py
end-workflow	Checkout Repository	2026-02-16T13:25:44.4255099Z   KAOS_CODE: 22064455480
end-workflow	Checkout Repository	2026-02-16T13:25:44.4255621Z   REPORT_SCAN: audit/
end-workflow	Checkout Repository	2026-02-16T13:25:44.4256131Z   REPORT_PATH: audit/mongodb/
end-workflow	Checkout Repository	2026-02-16T13:25:44.4256709Z   REPORT_FILENAME: 22064455480.json
end-workflow	Checkout Repository	2026-02-16T13:25:44.4257343Z   KAOS_MODULE: [Ka0s] Status MongDB Report
end-workflow	Checkout Repository	2026-02-16T13:25:44.4257960Z ##[endgroup]
end-workflow	Checkout Repository	2026-02-16T13:25:44.5529213Z Syncing repository: Ka0s-Klaus/ka0s
end-workflow	Checkout Repository	2026-02-16T13:25:44.5532048Z ##[group]Getting Git version info
end-workflow	Checkout Repository	2026-02-16T13:25:44.5532845Z Working directory is '/home/runner/_work/ka0s/ka0s'
end-workflow	Checkout Repository	2026-02-16T13:25:44.5533929Z [command]/usr/bin/git version
end-workflow	Checkout Repository	2026-02-16T13:25:44.5534503Z git version 2.52.0
end-workflow	Checkout Repository	2026-02-16T13:25:44.5552114Z ##[endgroup]
end-workflow	Checkout Repository	2026-02-16T13:25:44.5570671Z Temporarily overriding HOME='/home/runner/_work/_temp/7614fa58-0093-456a-be88-5cb81b43f419' before making global git config changes
end-workflow	Checkout Repository	2026-02-16T13:25:44.5572620Z Adding repository directory to the temporary git global config as a safe directory
end-workflow	Checkout Repository	2026-02-16T13:25:44.5599457Z [command]/usr/bin/git config --global --add safe.directory /home/runner/_work/ka0s/ka0s
end-workflow	Checkout Repository	2026-02-16T13:25:44.5625736Z Deleting the contents of '/home/runner/_work/ka0s/ka0s'
end-workflow	Checkout Repository	2026-02-16T13:25:44.5631100Z ##[group]Initializing the repository
end-workflow	Checkout Repository	2026-02-16T13:25:44.5648085Z [command]/usr/bin/git init /home/runner/_work/ka0s/ka0s
end-workflow	Checkout Repository	2026-02-16T13:25:44.5707779Z hint: Using 'master' as the name for the initial branch. This default branch name
end-workflow	Checkout Repository	2026-02-16T13:25:44.5709263Z hint: will change to "main" in Git 3.0. To configure the initial branch name
end-workflow	Checkout Repository	2026-02-16T13:25:44.5723494Z hint: to use in all of your new repositories, which will suppress this warning,
end-workflow	Checkout Repository	2026-02-16T13:25:44.5724514Z hint: call:
end-workflow	Checkout Repository	2026-02-16T13:25:44.5724961Z hint:
end-workflow	Checkout Repository	2026-02-16T13:25:44.5725549Z hint: 	git config --global init.defaultBranch <name>
end-workflow	Checkout Repository	2026-02-16T13:25:44.5726250Z hint:
end-workflow	Checkout Repository	2026-02-16T13:25:44.5726918Z hint: Names commonly chosen instead of 'master' are 'main', 'trunk' and
end-workflow	Checkout Repository	2026-02-16T13:25:44.5728040Z hint: 'development'. The just-created branch can be renamed via this command:
end-workflow	Checkout Repository	2026-02-16T13:25:44.5729962Z hint:
end-workflow	Checkout Repository	2026-02-16T13:25:44.5730465Z hint: 	git branch -m <name>
end-workflow	Checkout Repository	2026-02-16T13:25:44.5731139Z hint:
end-workflow	Checkout Repository	2026-02-16T13:25:44.5731860Z hint: Disable this message with "git config set advice.defaultBranchName false"
end-workflow	Checkout Repository	2026-02-16T13:25:44.5733239Z Initialized empty Git repository in /home/runner/_work/ka0s/ka0s/.git/
end-workflow	Checkout Repository	2026-02-16T13:25:44.5735375Z [command]/usr/bin/git remote add origin https://github.com/Ka0s-Klaus/ka0s
end-workflow	Checkout Repository	2026-02-16T13:25:44.5771763Z ##[endgroup]
end-workflow	Checkout Repository	2026-02-16T13:25:44.5772762Z ##[group]Disabling automatic garbage collection
end-workflow	Checkout Repository	2026-02-16T13:25:44.5776722Z [command]/usr/bin/git config --local gc.auto 0
end-workflow	Checkout Repository	2026-02-16T13:25:44.5821047Z ##[endgroup]
end-workflow	Checkout Repository	2026-02-16T13:25:44.5821950Z ##[group]Setting up auth
end-workflow	Checkout Repository	2026-02-16T13:25:44.5828981Z [command]/usr/bin/git config --local --name-only --get-regexp core\.sshCommand
end-workflow	Checkout Repository	2026-02-16T13:25:44.5874217Z [command]/usr/bin/git submodule foreach --recursive sh -c "git config --local --name-only --get-regexp 'core\.sshCommand' && git config --local --unset-all 'core.sshCommand' || :"
end-workflow	Checkout Repository	2026-02-16T13:25:44.6240685Z [command]/usr/bin/git config --local --name-only --get-regexp http\.https\:\/\/github\.com\/\.extraheader
end-workflow	Checkout Repository	2026-02-16T13:25:44.6284440Z [command]/usr/bin/git submodule foreach --recursive sh -c "git config --local --name-only --get-regexp 'http\.https\:\/\/github\.com\/\.extraheader' && git config --local --unset-all 'http.https://github.com/.extraheader' || :"
end-workflow	Checkout Repository	2026-02-16T13:25:44.6640350Z [command]/usr/bin/git config --local --name-only --get-regexp ^includeIf\.gitdir:
end-workflow	Checkout Repository	2026-02-16T13:25:44.6681890Z [command]/usr/bin/git submodule foreach --recursive git config --local --show-origin --name-only --get-regexp remote.origin.url
end-workflow	Checkout Repository	2026-02-16T13:25:44.7025589Z [command]/usr/bin/git config --local http.https://github.com/.extraheader AUTHORIZATION: basic ***
end-workflow	Checkout Repository	2026-02-16T13:25:44.7077305Z ##[endgroup]
end-workflow	Checkout Repository	2026-02-16T13:25:44.7078323Z ##[group]Fetching the repository
end-workflow	Checkout Repository	2026-02-16T13:25:44.7097784Z [command]/usr/bin/git -c protocol.version=2 fetch --prune --no-recurse-submodules origin +refs/heads/*:refs/remotes/origin/* +refs/tags/*:refs/tags/*
end-workflow	Checkout Repository	2026-02-16T13:26:03.8639385Z From https://github.com/Ka0s-Klaus/ka0s
end-workflow	Checkout Repository	2026-02-16T13:26:03.8645677Z  * [new branch]          F227-despliegue-de-kube-independiente-del-clouder -> origin/F227-despliegue-de-kube-independiente-del-clouder
end-workflow	Checkout Repository	2026-02-16T13:26:03.8646655Z  * [new branch]          F3450-modelo-operativo -> origin/F3450-modelo-operativo
end-workflow	Checkout Repository	2026-02-16T13:26:03.8647378Z  * [new branch]          H1151-desarrollo-de-secciones-ii -> origin/H1151-desarrollo-de-secciones-ii
end-workflow	Checkout Repository	2026-02-16T13:26:03.8648173Z  * [new branch]          H1193-ejemplo-web-documentacion -> origin/H1193-ejemplo-web-documentacion
end-workflow	Checkout Repository	2026-02-16T13:26:03.8648923Z  * [new branch]          H1276-modulo-observabilidad -> origin/H1276-modulo-observabilidad
end-workflow	Checkout Repository	2026-02-16T13:26:03.8653876Z  * [new branch]          H227-despliegue-de-kube-independiente-del-clouder -> origin/H227-despliegue-de-kube-independiente-del-clouder
end-workflow	Checkout Repository	2026-02-16T13:26:03.8654815Z  * [new branch]          H3266-deploy-zabbix    -> origin/H3266-deploy-zabbix
end-workflow	Checkout Repository	2026-02-16T13:26:03.8655473Z  * [new branch]          H3596-deploy-itop      -> origin/H3596-deploy-itop
end-workflow	Checkout Repository	2026-02-16T13:26:03.8656364Z  * [new branch]          RN227-despliegue-de-kube-independiente-del-clouder -> origin/RN227-despliegue-de-kube-independiente-del-clouder
end-workflow	Checkout Repository	2026-02-16T13:26:03.8657191Z  * [new branch]          main                   -> origin/main
end-workflow	Checkout Repository	2026-02-16T13:26:03.8657664Z  * [new tag]             0.0.0                  -> 0.0.0
end-workflow	Checkout Repository	2026-02-16T13:26:03.8658124Z  * [new tag]             0.0.1                  -> 0.0.1
end-workflow	Checkout Repository	2026-02-16T13:26:03.8663950Z  * [new tag]             0.0.10                 -> 0.0.10
end-workflow	Checkout Repository	2026-02-16T13:26:03.8664485Z  * [new tag]             0.0.100                -> 0.0.100
end-workflow	Checkout Repository	2026-02-16T13:26:03.8664977Z  * [new tag]             0.0.101                -> 0.0.101
end-workflow	Checkout Repository	2026-02-16T13:26:03.8665394Z  * [new tag]             0.0.102                -> 0.0.102
end-workflow	Checkout Repository	2026-02-16T13:26:03.8665799Z  * [new tag]             0.0.103                -> 0.0.103
end-workflow	Checkout Repository	2026-02-16T13:26:03.8666693Z  * [new tag]             0.0.104                -> 0.0.104
end-workflow	Checkout Repository	2026-02-16T13:26:03.8667110Z  * [new tag]             0.0.105                -> 0.0.105
end-workflow	Checkout Repository	2026-02-16T13:26:03.8667520Z  * [new tag]             0.0.106                -> 0.0.106
end-workflow	Checkout Repository	2026-02-16T13:26:03.8667925Z  * [new tag]             0.0.107                -> 0.0.107
end-workflow	Checkout Repository	2026-02-16T13:26:03.8668345Z  * [new tag]             0.0.108                -> 0.0.108
end-workflow	Checkout Repository	2026-02-16T13:26:03.8668755Z  * [new tag]             0.0.109                -> 0.0.109
end-workflow	Checkout Repository	2026-02-16T13:26:03.8669194Z  * [new tag]             0.0.11                 -> 0.0.11
end-workflow	Checkout Repository	2026-02-16T13:26:03.8669698Z  * [new tag]             0.0.110                -> 0.0.110
end-workflow	Checkout Repository	2026-02-16T13:26:03.8670142Z  * [new tag]             0.0.111                -> 0.0.111
end-workflow	Checkout Repository	2026-02-16T13:26:03.8670555Z  * [new tag]             0.0.112                -> 0.0.112
end-workflow	Checkout Repository	2026-02-16T13:26:03.8670978Z  * [new tag]             0.0.113                -> 0.0.113
end-workflow	Checkout Repository	2026-02-16T13:26:03.8671492Z  * [new tag]             0.0.114                -> 0.0.114
end-workflow	Checkout Repository	2026-02-16T13:26:03.8672237Z  * [new tag]             0.0.115                -> 0.0.115
end-workflow	Checkout Repository	2026-02-16T13:26:03.8672647Z  * [new tag]             0.0.116                -> 0.0.116
end-workflow	Checkout Repository	2026-02-16T13:26:03.8673063Z  * [new tag]             0.0.117                -> 0.0.117
end-workflow	Checkout Repository	2026-02-16T13:26:03.8673473Z  * [new tag]             0.0.118                -> 0.0.118
end-workflow	Checkout Repository	2026-02-16T13:26:03.8673882Z  * [new tag]             0.0.119                -> 0.0.119
end-workflow	Checkout Repository	2026-02-16T13:26:03.8674287Z  * [new tag]             0.0.12                 -> 0.0.12
end-workflow	Checkout Repository	2026-02-16T13:26:03.8674696Z  * [new tag]             0.0.120                -> 0.0.120
end-workflow	Checkout Repository	2026-02-16T13:26:03.8675106Z  * [new tag]             0.0.121                -> 0.0.121
end-workflow	Checkout Repository	2026-02-16T13:26:03.8675513Z  * [new tag]             0.0.122                -> 0.0.122
end-workflow	Checkout Repository	2026-02-16T13:26:03.8676034Z  * [new tag]             0.0.123                -> 0.0.123
end-workflow	Checkout Repository	2026-02-16T13:26:03.8676440Z  * [new tag]             0.0.124                -> 0.0.124
end-workflow	Checkout Repository	2026-02-16T13:26:03.8676876Z  * [new tag]             0.0.125                -> 0.0.125
end-workflow	Checkout Repository	2026-02-16T13:26:03.8677413Z  * [new tag]             0.0.126                -> 0.0.126
end-workflow	Checkout Repository	2026-02-16T13:26:03.8677805Z  * [new tag]             0.0.127                -> 0.0.127
end-workflow	Checkout Repository	2026-02-16T13:26:03.8678203Z  * [new tag]             0.0.128                -> 0.0.128
end-workflow	Checkout Repository	2026-02-16T13:26:03.8678749Z  * [new tag]             0.0.129                -> 0.0.129
end-workflow	Checkout Repository	2026-02-16T13:26:03.8679156Z  * [new tag]             0.0.13                 -> 0.0.13
end-workflow	Checkout Repository	2026-02-16T13:26:03.8679806Z  * [new tag]             0.0.130                -> 0.0.130
end-workflow	Checkout Repository	2026-02-16T13:26:03.8680245Z  * [new tag]             0.0.131                -> 0.0.131
end-workflow	Checkout Repository	2026-02-16T13:26:03.8680659Z  * [new tag]             0.0.132                -> 0.0.132
end-workflow	Checkout Repository	2026-02-16T13:26:03.8681072Z  * [new tag]             0.0.133                -> 0.0.133
end-workflow	Checkout Repository	2026-02-16T13:26:03.8681475Z  * [new tag]             0.0.134                -> 0.0.134
end-workflow	Checkout Repository	2026-02-16T13:26:03.8681889Z  * [new tag]             0.0.135                -> 0.0.135
end-workflow	Checkout Repository	2026-02-16T13:26:03.8755282Z  * [new tag]             0.0.136                -> 0.0.136
end-workflow	Checkout Repository	2026-02-16T13:26:03.8756153Z  * [new tag]             0.0.137                -> 0.0.137
end-workflow	Checkout Repository	2026-02-16T13:26:03.8756633Z  * [new tag]             0.0.138                -> 0.0.138
end-workflow	Checkout Repository	2026-02-16T13:26:03.8757104Z  * [new tag]             0.0.139                -> 0.0.139
end-workflow	Checkout Repository	2026-02-16T13:26:03.8757575Z  * [new tag]             0.0.14                 -> 0.0.14
end-workflow	Checkout Repository	2026-02-16T13:26:03.8758103Z  * [new tag]             0.0.140                -> 0.0.140
end-workflow	Checkout Repository	2026-02-16T13:26:03.8758505Z  * [new tag]             0.0.141                -> 0.0.141
end-workflow	Checkout Repository	2026-02-16T13:26:03.8758912Z  * [new tag]             0.0.142                -> 0.0.142
end-workflow	Checkout Repository	2026-02-16T13:26:03.8759319Z  * [new tag]             0.0.143                -> 0.0.143
end-workflow	Checkout Repository	2026-02-16T13:26:03.8759944Z  * [new tag]             0.0.144                -> 0.0.144
end-workflow	Checkout Repository	2026-02-16T13:26:03.8760472Z  * [new tag]             0.0.145                -> 0.0.145
end-workflow	Checkout Repository	2026-02-16T13:26:03.8760893Z  * [new tag]             0.0.146                -> 0.0.146
end-workflow	Checkout Repository	2026-02-16T13:26:03.8761729Z  * [new tag]             0.0.147                -> 0.0.147
end-workflow	Checkout Repository	2026-02-16T13:26:03.8762186Z  * [new tag]             0.0.148                -> 0.0.148
end-workflow	Checkout Repository	2026-02-16T13:26:03.8762602Z  * [new tag]             0.0.149                -> 0.0.149
end-workflow	Checkout Repository	2026-02-16T13:26:03.8763013Z  * [new tag]             0.0.15                 -> 0.0.15
end-workflow	Checkout Repository	2026-02-16T13:26:03.8763429Z  * [new tag]             0.0.150                -> 0.0.150
end-workflow	Checkout Repository	2026-02-16T13:26:03.8763834Z  * [new tag]             0.0.151                -> 0.0.151
end-workflow	Checkout Repository	2026-02-16T13:26:03.8764242Z  * [new tag]             0.0.152                -> 0.0.152
end-workflow	Checkout Repository	2026-02-16T13:26:03.8764661Z  * [new tag]             0.0.153                -> 0.0.153
end-workflow	Checkout Repository	2026-02-16T13:26:03.8765075Z  * [new tag]             0.0.154                -> 0.0.154
end-workflow	Checkout Repository	2026-02-16T13:26:03.8765481Z  * [new tag]             0.0.155                -> 0.0.155
end-workflow	Checkout Repository	2026-02-16T13:26:03.8765888Z  * [new tag]             0.0.156                -> 0.0.156
end-workflow	Checkout Repository	2026-02-16T13:26:03.8766314Z  * [new tag]             0.0.157                -> 0.0.157
end-workflow	Checkout Repository	2026-02-16T13:26:03.8766954Z  * [new tag]             0.0.158                -> 0.0.158
end-workflow	Checkout Repository	2026-02-16T13:26:03.8767373Z  * [new tag]             0.0.159                -> 0.0.159
end-workflow	Checkout Repository	2026-02-16T13:26:03.8767802Z  * [new tag]             0.0.16                 -> 0.0.16
end-workflow	Checkout Repository	2026-02-16T13:26:03.8768225Z  * [new tag]             0.0.160                -> 0.0.160
end-workflow	Checkout Repository	2026-02-16T13:26:03.8768636Z  * [new tag]             0.0.161                -> 0.0.161
end-workflow	Checkout Repository	2026-02-16T13:26:03.8769071Z  * [new tag]             0.0.162                -> 0.0.162
end-workflow	Checkout Repository	2026-02-16T13:26:03.8769571Z  * [new tag]             0.0.163                -> 0.0.163
end-workflow	Checkout Repository	2026-02-16T13:26:03.8770173Z  * [new tag]             0.0.164                -> 0.0.164
end-workflow	Checkout Repository	2026-02-16T13:26:03.8770722Z  * [new tag]             0.0.165                -> 0.0.165
end-workflow	Checkout Repository	2026-02-16T13:26:03.8771252Z  * [new tag]             0.0.166                -> 0.0.166
end-workflow	Checkout Repository	2026-02-16T13:26:03.8771652Z  * [new tag]             0.0.167                -> 0.0.167
end-workflow	Checkout Repository	2026-02-16T13:26:03.8772067Z  * [new tag]             0.0.168                -> 0.0.168
end-workflow	Checkout Repository	2026-02-16T13:26:03.8772467Z  * [new tag]             0.0.169                -> 0.0.169
end-workflow	Checkout Repository	2026-02-16T13:26:03.8772866Z  * [new tag]             0.0.17                 -> 0.0.17
end-workflow	Checkout Repository	2026-02-16T13:26:03.8773266Z  * [new tag]             0.0.170                -> 0.0.170
end-workflow	Checkout Repository	2026-02-16T13:26:03.8773657Z  * [new tag]             0.0.171                -> 0.0.171
end-workflow	Checkout Repository	2026-02-16T13:26:03.8774058Z  * [new tag]             0.0.172                -> 0.0.172
end-workflow	Checkout Repository	2026-02-16T13:26:03.8774455Z  * [new tag]             0.0.173                -> 0.0.173
end-workflow	Checkout Repository	2026-02-16T13:26:03.8774848Z  * [new tag]             0.0.174                -> 0.0.174
end-workflow	Checkout Repository	2026-02-16T13:26:03.8775245Z  * [new tag]             0.0.175                -> 0.0.175
end-workflow	Checkout Repository	2026-02-16T13:26:03.8775643Z  * [new tag]             0.0.176                -> 0.0.176
end-workflow	Checkout Repository	2026-02-16T13:26:03.8776040Z  * [new tag]             0.0.177                -> 0.0.177
end-workflow	Checkout Repository	2026-02-16T13:26:03.8776434Z  * [new tag]             0.0.178                -> 0.0.178
end-workflow	Checkout Repository	2026-02-16T13:26:03.8776848Z  * [new tag]             0.0.179                -> 0.0.179
end-workflow	Checkout Repository	2026-02-16T13:26:03.8777250Z  * [new tag]             0.0.18                 -> 0.0.18
end-workflow	Checkout Repository	2026-02-16T13:26:03.8777651Z  * [new tag]             0.0.19                 -> 0.0.19
end-workflow	Checkout Repository	2026-02-16T13:26:03.8778046Z  * [new tag]             0.0.2                  -> 0.0.2
end-workflow	Checkout Repository	2026-02-16T13:26:03.8778451Z  * [new tag]             0.0.20                 -> 0.0.20
end-workflow	Checkout Repository	2026-02-16T13:26:03.8778856Z  * [new tag]             0.0.21                 -> 0.0.21
end-workflow	Checkout Repository	2026-02-16T13:26:03.8779258Z  * [new tag]             0.0.22                 -> 0.0.22
end-workflow	Checkout Repository	2026-02-16T13:26:03.8780605Z  * [new tag]             0.0.23                 -> 0.0.23
end-workflow	Checkout Repository	2026-02-16T13:26:03.8781139Z  * [new tag]             0.0.24                 -> 0.0.24
end-workflow	Checkout Repository	2026-02-16T13:26:03.8781535Z  * [new tag]             0.0.25                 -> 0.0.25
end-workflow	Checkout Repository	2026-02-16T13:26:03.8781929Z  * [new tag]             0.0.26                 -> 0.0.26
end-workflow	Checkout Repository	2026-02-16T13:26:03.8782556Z  * [new tag]             0.0.27                 -> 0.0.27
end-workflow	Checkout Repository	2026-02-16T13:26:03.8782963Z  * [new tag]             0.0.28                 -> 0.0.28
end-workflow	Checkout Repository	2026-02-16T13:26:03.8783359Z  * [new tag]             0.0.29                 -> 0.0.29
end-workflow	Checkout Repository	2026-02-16T13:26:03.8783753Z  * [new tag]             0.0.3                  -> 0.0.3
end-workflow	Checkout Repository	2026-02-16T13:26:03.8784149Z  * [new tag]             0.0.30                 -> 0.0.30
end-workflow	Checkout Repository	2026-02-16T13:26:03.8784546Z  * [new tag]             0.0.31                 -> 0.0.31
end-workflow	Checkout Repository	2026-02-16T13:26:03.8784937Z  * [new tag]             0.0.32                 -> 0.0.32
end-workflow	Checkout Repository	2026-02-16T13:26:03.8785334Z  * [new tag]             0.0.33                 -> 0.0.33
end-workflow	Checkout Repository	2026-02-16T13:26:03.8785732Z  * [new tag]             0.0.34                 -> 0.0.34
end-workflow	Checkout Repository	2026-02-16T13:26:03.8786132Z  * [new tag]             0.0.35                 -> 0.0.35
end-workflow	Checkout Repository	2026-02-16T13:26:03.8786528Z  * [new tag]             0.0.36                 -> 0.0.36
end-workflow	Checkout Repository	2026-02-16T13:26:03.8786927Z  * [new tag]             0.0.37                 -> 0.0.37
end-workflow	Checkout Repository	2026-02-16T13:26:03.8787519Z  * [new tag]             0.0.38                 -> 0.0.38
end-workflow	Checkout Repository	2026-02-16T13:26:03.8787922Z  * [new tag]             0.0.39                 -> 0.0.39
end-workflow	Checkout Repository	2026-02-16T13:26:03.8788313Z  * [new tag]             0.0.4                  -> 0.0.4
end-workflow	Checkout Repository	2026-02-16T13:26:03.8788709Z  * [new tag]             0.0.40                 -> 0.0.40
end-workflow	Checkout Repository	2026-02-16T13:26:03.8789109Z  * [new tag]             0.0.41                 -> 0.0.41
end-workflow	Checkout Repository	2026-02-16T13:26:03.8789922Z  * [new tag]             0.0.42                 -> 0.0.42
end-workflow	Checkout Repository	2026-02-16T13:26:03.8790366Z  * [new tag]             0.0.43                 -> 0.0.43
end-workflow	Checkout Repository	2026-02-16T13:26:03.8790903Z  * [new tag]             0.0.44                 -> 0.0.44
end-workflow	Checkout Repository	2026-02-16T13:26:03.8791301Z  * [new tag]             0.0.45                 -> 0.0.45
end-workflow	Checkout Repository	2026-02-16T13:26:03.8791693Z  * [new tag]             0.0.46                 -> 0.0.46
end-workflow	Checkout Repository	2026-02-16T13:26:03.8792089Z  * [new tag]             0.0.47                 -> 0.0.47
end-workflow	Checkout Repository	2026-02-16T13:26:03.8792484Z  * [new tag]             0.0.48                 -> 0.0.48
end-workflow	Checkout Repository	2026-02-16T13:26:03.8792897Z  * [new tag]             0.0.49                 -> 0.0.49
end-workflow	Checkout Repository	2026-02-16T13:26:03.8793290Z  * [new tag]             0.0.5                  -> 0.0.5
end-workflow	Checkout Repository	2026-02-16T13:26:03.8793686Z  * [new tag]             0.0.50                 -> 0.0.50
end-workflow	Checkout Repository	2026-02-16T13:26:03.8794081Z  * [new tag]             0.0.51                 -> 0.0.51
end-workflow	Checkout Repository	2026-02-16T13:26:03.8794470Z  * [new tag]             0.0.52                 -> 0.0.52
end-workflow	Checkout Repository	2026-02-16T13:26:03.8794863Z  * [new tag]             0.0.53                 -> 0.0.53
end-workflow	Checkout Repository	2026-02-16T13:26:03.8795252Z  * [new tag]             0.0.54                 -> 0.0.54
end-workflow	Checkout Repository	2026-02-16T13:26:03.8795773Z  * [new tag]             0.0.55                 -> 0.0.55
end-workflow	Checkout Repository	2026-02-16T13:26:03.8796167Z  * [new tag]             0.0.56                 -> 0.0.56
end-workflow	Checkout Repository	2026-02-16T13:26:03.8796554Z  * [new tag]             0.0.57                 -> 0.0.57
end-workflow	Checkout Repository	2026-02-16T13:26:03.8796946Z  * [new tag]             0.0.58                 -> 0.0.58
end-workflow	Checkout Repository	2026-02-16T13:26:03.8797337Z  * [new tag]             0.0.59                 -> 0.0.59
end-workflow	Checkout Repository	2026-02-16T13:26:03.8797744Z  * [new tag]             0.0.6                  -> 0.0.6
end-workflow	Checkout Repository	2026-02-16T13:26:03.8798129Z  * [new tag]             0.0.60                 -> 0.0.60
end-workflow	Checkout Repository	2026-02-16T13:26:03.8798522Z  * [new tag]             0.0.61                 -> 0.0.61
end-workflow	Checkout Repository	2026-02-16T13:26:03.8798914Z  * [new tag]             0.0.62                 -> 0.0.62
end-workflow	Checkout Repository	2026-02-16T13:26:03.8799300Z  * [new tag]             0.0.63                 -> 0.0.63
end-workflow	Checkout Repository	2026-02-16T13:26:03.8799927Z  * [new tag]             0.0.64                 -> 0.0.64
end-workflow	Checkout Repository	2026-02-16T13:26:03.8800455Z  * [new tag]             0.0.65                 -> 0.0.65
end-workflow	Checkout Repository	2026-02-16T13:26:03.8800975Z  * [new tag]             0.0.66                 -> 0.0.66
end-workflow	Checkout Repository	2026-02-16T13:26:03.8801363Z  * [new tag]             0.0.67                 -> 0.0.67
end-workflow	Checkout Repository	2026-02-16T13:26:03.8801752Z  * [new tag]             0.0.68                 -> 0.0.68
end-workflow	Checkout Repository	2026-02-16T13:26:03.8802142Z  * [new tag]             0.0.69                 -> 0.0.69
end-workflow	Checkout Repository	2026-02-16T13:26:03.8802528Z  * [new tag]             0.0.7                  -> 0.0.7
end-workflow	Checkout Repository	2026-02-16T13:26:03.8803147Z  * [new tag]             0.0.70                 -> 0.0.70
end-workflow	Checkout Repository	2026-02-16T13:26:03.8803545Z  * [new tag]             0.0.71                 -> 0.0.71
end-workflow	Checkout Repository	2026-02-16T13:26:03.8803935Z  * [new tag]             0.0.72                 -> 0.0.72
end-workflow	Checkout Repository	2026-02-16T13:26:03.8804322Z  * [new tag]             0.0.73                 -> 0.0.73
end-workflow	Checkout Repository	2026-02-16T13:26:03.8804713Z  * [new tag]             0.0.74                 -> 0.0.74
end-workflow	Checkout Repository	2026-02-16T13:26:03.8805102Z  * [new tag]             0.0.75                 -> 0.0.75
end-workflow	Checkout Repository	2026-02-16T13:26:03.8805489Z  * [new tag]             0.0.76                 -> 0.0.76
end-workflow	Checkout Repository	2026-02-16T13:26:03.8806020Z  * [new tag]             0.0.77                 -> 0.0.77
end-workflow	Checkout Repository	2026-02-16T13:26:03.8806684Z  * [new tag]             0.0.78                 -> 0.0.78
end-workflow	Checkout Repository	2026-02-16T13:26:03.8807199Z  * [new tag]             0.0.79                 -> 0.0.79
end-workflow	Checkout Repository	2026-02-16T13:26:03.8807582Z  * [new tag]             0.0.8                  -> 0.0.8
end-workflow	Checkout Repository	2026-02-16T13:26:03.8808164Z  * [new tag]             0.0.80                 -> 0.0.80
end-workflow	Checkout Repository	2026-02-16T13:26:03.8808555Z  * [new tag]             0.0.81                 -> 0.0.81
end-workflow	Checkout Repository	2026-02-16T13:26:03.8808943Z  * [new tag]             0.0.82                 -> 0.0.82
end-workflow	Checkout Repository	2026-02-16T13:26:03.8809456Z  * [new tag]             0.0.83                 -> 0.0.83
end-workflow	Checkout Repository	2026-02-16T13:26:03.8810374Z  * [new tag]             0.0.84                 -> 0.0.84
end-workflow	Checkout Repository	2026-02-16T13:26:03.8810903Z  * [new tag]             0.0.85                 -> 0.0.85
end-workflow	Checkout Repository	2026-02-16T13:26:03.8811570Z  * [new tag]             0.0.86                 -> 0.0.86
end-workflow	Checkout Repository	2026-02-16T13:26:03.8811961Z  * [new tag]             0.0.87                 -> 0.0.87
end-workflow	Checkout Repository	2026-02-16T13:26:03.8812478Z  * [new tag]             0.0.88                 -> 0.0.88
end-workflow	Checkout Repository	2026-02-16T13:26:03.8812868Z  * [new tag]             0.0.89                 -> 0.0.89
end-workflow	Checkout Repository	2026-02-16T13:26:03.8813253Z  * [new tag]             0.0.9                  -> 0.0.9
end-workflow	Checkout Repository	2026-02-16T13:26:03.8813645Z  * [new tag]             0.0.90                 -> 0.0.90
end-workflow	Checkout Repository	2026-02-16T13:26:03.8814046Z  * [new tag]             0.0.91                 -> 0.0.91
end-workflow	Checkout Repository	2026-02-16T13:26:03.8814435Z  * [new tag]             0.0.92                 -> 0.0.92
end-workflow	Checkout Repository	2026-02-16T13:26:03.8814816Z  * [new tag]             0.0.93                 -> 0.0.93
end-workflow	Checkout Repository	2026-02-16T13:26:03.8815205Z  * [new tag]             0.0.94                 -> 0.0.94
end-workflow	Checkout Repository	2026-02-16T13:26:03.8815597Z  * [new tag]             0.0.95                 -> 0.0.95
end-workflow	Checkout Repository	2026-02-16T13:26:03.8815986Z  * [new tag]             0.0.96                 -> 0.0.96
end-workflow	Checkout Repository	2026-02-16T13:26:03.8816369Z  * [new tag]             0.0.97                 -> 0.0.97
end-workflow	Checkout Repository	2026-02-16T13:26:03.8816759Z  * [new tag]             0.0.98                 -> 0.0.98
end-workflow	Checkout Repository	2026-02-16T13:26:03.8817151Z  * [new tag]             0.0.99                 -> 0.0.99
end-workflow	Checkout Repository	2026-02-16T13:26:03.8817955Z  * [new tag]             0.1.0                  -> 0.1.0
end-workflow	Checkout Repository	2026-02-16T13:26:03.8818490Z  * [new tag]             0.1.1                  -> 0.1.1
end-workflow	Checkout Repository	2026-02-16T13:26:03.8818915Z  * [new tag]             0.2.0                  -> 0.2.0
end-workflow	Checkout Repository	2026-02-16T13:26:03.8819343Z  * [new tag]             0.3.0                  -> 0.3.0
end-workflow	Checkout Repository	2026-02-16T13:26:03.8819984Z  * [new tag]             0.3.1                  -> 0.3.1
end-workflow	Checkout Repository	2026-02-16T13:26:03.8820377Z  * [new tag]             0.3.10                 -> 0.3.10
end-workflow	Checkout Repository	2026-02-16T13:26:03.8820766Z  * [new tag]             0.3.11                 -> 0.3.11
end-workflow	Checkout Repository	2026-02-16T13:26:03.8821156Z  * [new tag]             0.3.12                 -> 0.3.12
end-workflow	Checkout Repository	2026-02-16T13:26:03.8821547Z  * [new tag]             0.3.13                 -> 0.3.13
end-workflow	Checkout Repository	2026-02-16T13:26:03.8821929Z  * [new tag]             0.3.14                 -> 0.3.14
end-workflow	Checkout Repository	2026-02-16T13:26:03.8822320Z  * [new tag]             0.3.15                 -> 0.3.15
end-workflow	Checkout Repository	2026-02-16T13:26:03.8822705Z  * [new tag]             0.3.16                 -> 0.3.16
end-workflow	Checkout Repository	2026-02-16T13:26:03.8823093Z  * [new tag]             0.3.17                 -> 0.3.17
end-workflow	Checkout Repository	2026-02-16T13:26:03.8823482Z  * [new tag]             0.3.2                  -> 0.3.2
end-workflow	Checkout Repository	2026-02-16T13:26:03.8823871Z  * [new tag]             0.3.3                  -> 0.3.3
end-workflow	Checkout Repository	2026-02-16T13:26:03.8824476Z  * [new tag]             0.3.4                  -> 0.3.4
end-workflow	Checkout Repository	2026-02-16T13:26:03.8824865Z  * [new tag]             0.3.5                  -> 0.3.5
end-workflow	Checkout Repository	2026-02-16T13:26:03.8825243Z  * [new tag]             0.3.6                  -> 0.3.6
end-workflow	Checkout Repository	2026-02-16T13:26:03.8825627Z  * [new tag]             0.3.7                  -> 0.3.7
end-workflow	Checkout Repository	2026-02-16T13:26:03.8826011Z  * [new tag]             0.3.8                  -> 0.3.8
end-workflow	Checkout Repository	2026-02-16T13:26:03.8826390Z  * [new tag]             0.3.9                  -> 0.3.9
end-workflow	Checkout Repository	2026-02-16T13:26:03.8826774Z  * [new tag]             0.4.0                  -> 0.4.0
end-workflow	Checkout Repository	2026-02-16T13:26:03.8827161Z  * [new tag]             0.4.1                  -> 0.4.1
end-workflow	Checkout Repository	2026-02-16T13:26:03.8827543Z  * [new tag]             0.4.2                  -> 0.4.2
end-workflow	Checkout Repository	2026-02-16T13:26:03.8827924Z  * [new tag]             0.4.3                  -> 0.4.3
end-workflow	Checkout Repository	2026-02-16T13:26:03.8828313Z  * [new tag]             0.4.4                  -> 0.4.4
end-workflow	Checkout Repository	2026-02-16T13:26:03.8828699Z  * [new tag]             0.4.5                  -> 0.4.5
end-workflow	Checkout Repository	2026-02-16T13:26:03.8829304Z  * [new tag]             0.4.6                  -> 0.4.6
end-workflow	Checkout Repository	2026-02-16T13:26:03.8829920Z  * [new tag]             0.4.7                  -> 0.4.7
end-workflow	Checkout Repository	2026-02-16T13:26:03.8830561Z  * [new tag]             0.4.8                  -> 0.4.8
end-workflow	Checkout Repository	2026-02-16T13:26:03.8830947Z  * [new tag]             0.4.9                  -> 0.4.9
end-workflow	Checkout Repository	2026-02-16T13:26:03.8831331Z  * [new tag]             0.5.0                  -> 0.5.0
end-workflow	Checkout Repository	2026-02-16T13:26:03.8831714Z  * [new tag]             0.5.1                  -> 0.5.1
end-workflow	Checkout Repository	2026-02-16T13:26:03.8832099Z  * [new tag]             0.5.2                  -> 0.5.2
end-workflow	Checkout Repository	2026-02-16T13:26:03.8832486Z  * [new tag]             0.6.0                  -> 0.6.0
end-workflow	Checkout Repository	2026-02-16T13:26:03.8832867Z  * [new tag]             0.6.1                  -> 0.6.1
end-workflow	Checkout Repository	2026-02-16T13:26:03.8833252Z  * [new tag]             0.6.2                  -> 0.6.2
end-workflow	Checkout Repository	2026-02-16T13:26:03.9040394Z [command]/usr/bin/git branch --list --remote origin/main
end-workflow	Checkout Repository	2026-02-16T13:26:03.9120795Z   origin/main
end-workflow	Checkout Repository	2026-02-16T13:26:03.9133081Z [command]/usr/bin/git rev-parse refs/remotes/origin/main
end-workflow	Checkout Repository	2026-02-16T13:26:03.9163456Z 0d958ac24aee5a4984fe76c8835e5af10905b64a
end-workflow	Checkout Repository	2026-02-16T13:26:03.9177587Z [command]/usr/bin/git -c protocol.version=2 fetch --no-tags --prune --no-recurse-submodules origin +dff8b8378722cfb61a798f7fd7c85ef6ebfa675c:refs/remotes/origin/main
end-workflow	Checkout Repository	2026-02-16T13:26:03.9365160Z From https://github.com/Ka0s-Klaus/ka0s
end-workflow	Checkout Repository	2026-02-16T13:26:03.9366202Z  + 0d958ac24...dff8b8378 dff8b8378722cfb61a798f7fd7c85ef6ebfa675c -> origin/main  (forced update)
end-workflow	Checkout Repository	2026-02-16T13:26:03.9405843Z ##[endgroup]
end-workflow	Checkout Repository	2026-02-16T13:26:03.9406828Z ##[group]Determining the checkout info
end-workflow	Checkout Repository	2026-02-16T13:26:03.9407605Z ##[endgroup]
end-workflow	Checkout Repository	2026-02-16T13:26:03.9415459Z [command]/usr/bin/git sparse-checkout disable
end-workflow	Checkout Repository	2026-02-16T13:26:03.9470015Z [command]/usr/bin/git config --local --unset-all extensions.worktreeConfig
end-workflow	Checkout Repository	2026-02-16T13:26:03.9508399Z ##[group]Checking out the ref
end-workflow	Checkout Repository	2026-02-16T13:26:03.9519223Z [command]/usr/bin/git checkout --progress --force -B main refs/remotes/origin/main
end-workflow	Checkout Repository	2026-02-16T13:26:04.1932229Z Switched to a new branch 'main'
end-workflow	Checkout Repository	2026-02-16T13:26:04.1945895Z branch 'main' set up to track 'origin/main'.
end-workflow	Checkout Repository	2026-02-16T13:26:04.1980435Z ##[endgroup]
end-workflow	Checkout Repository	2026-02-16T13:26:04.2036663Z [command]/usr/bin/git log -1 --format=%H
end-workflow	Checkout Repository	2026-02-16T13:26:04.2070092Z dff8b8378722cfb61a798f7fd7c85ef6ebfa675c
end-workflow	Install GH CLI	Ôªø2026-02-16T13:26:04.2355919Z Prepare all required actions
end-workflow	Install GH CLI	2026-02-16T13:26:04.2415433Z ##[group]Run ./.github/actions/install-gh-cli
end-workflow	Install GH CLI	2026-02-16T13:26:04.2415788Z env:
end-workflow	Install GH CLI	2026-02-16T13:26:04.2415999Z   PYTHON_VERSION: 3.9
end-workflow	Install GH CLI	2026-02-16T13:26:04.2417024Z   MONGO_SUPERUSER_CONNECTION: ***
end-workflow	Install GH CLI	2026-02-16T13:26:04.2417697Z   MONGO_NEW_PASS: ***
end-workflow	Install GH CLI	2026-02-16T13:26:04.2418051Z   MONGO_SCRIPT_CREATE: devops/core/mongo/scripts/mongodb_status_report.py
end-workflow	Install GH CLI	2026-02-16T13:26:04.2418470Z   KAOS_CODE: 22064455480
end-workflow	Install GH CLI	2026-02-16T13:26:04.2418708Z   REPORT_SCAN: audit/
end-workflow	Install GH CLI	2026-02-16T13:26:04.2418941Z   REPORT_PATH: audit/mongodb/
end-workflow	Install GH CLI	2026-02-16T13:26:04.2419207Z   REPORT_FILENAME: 22064455480.json
end-workflow	Install GH CLI	2026-02-16T13:26:04.2420019Z   KAOS_MODULE: [Ka0s] Status MongDB Report
end-workflow	Install GH CLI	2026-02-16T13:26:04.2420429Z ##[endgroup]
end-workflow	Install GH CLI	2026-02-16T13:26:04.2520242Z ##[group]Run type -p curl >/dev/null || (sudo apt-get update && sudo apt-get install curl -y)
end-workflow	Install GH CLI	2026-02-16T13:26:04.2521082Z [36;1mtype -p curl >/dev/null || (sudo apt-get update && sudo apt-get install curl -y)[0m
end-workflow	Install GH CLI	2026-02-16T13:26:04.2521965Z [36;1mcurl -fsSL https://cli.github.com/packages/githubcli-archive-keyring.gpg | sudo dd of=/usr/share/keyrings/githubcli-archive-keyring.gpg \[0m
end-workflow	Install GH CLI	2026-02-16T13:26:04.2522846Z [36;1m&& sudo chmod go+r /usr/share/keyrings/githubcli-archive-keyring.gpg \[0m
end-workflow	Install GH CLI	2026-02-16T13:26:04.2523947Z [36;1m&& echo "deb [arch=$(dpkg --print-architecture) signed-by=/usr/share/keyrings/githubcli-archive-keyring.gpg] https://cli.github.com/packages stable main" | sudo tee /etc/apt/sources.list.d/github-cli.list > /dev/null \[0m
end-workflow	Install GH CLI	2026-02-16T13:26:04.2524961Z [36;1m&& sudo apt-get update \[0m
end-workflow	Install GH CLI	2026-02-16T13:26:04.2525244Z [36;1m&& sudo apt-get install gh -y[0m
end-workflow	Install GH CLI	2026-02-16T13:26:04.2543131Z shell: /usr/bin/bash --noprofile --norc -e -o pipefail {0}
end-workflow	Install GH CLI	2026-02-16T13:26:04.2543499Z env:
end-workflow	Install GH CLI	2026-02-16T13:26:04.2543691Z   PYTHON_VERSION: 3.9
end-workflow	Install GH CLI	2026-02-16T13:26:04.2544544Z   MONGO_SUPERUSER_CONNECTION: ***
end-workflow	Install GH CLI	2026-02-16T13:26:04.2544942Z   MONGO_NEW_PASS: ***
end-workflow	Install GH CLI	2026-02-16T13:26:04.2545283Z   MONGO_SCRIPT_CREATE: devops/core/mongo/scripts/mongodb_status_report.py
end-workflow	Install GH CLI	2026-02-16T13:26:04.2545689Z   KAOS_CODE: 22064455480
end-workflow	Install GH CLI	2026-02-16T13:26:04.2545909Z   REPORT_SCAN: audit/
end-workflow	Install GH CLI	2026-02-16T13:26:04.2546136Z   REPORT_PATH: audit/mongodb/
end-workflow	Install GH CLI	2026-02-16T13:26:04.2546395Z   REPORT_FILENAME: 22064455480.json
end-workflow	Install GH CLI	2026-02-16T13:26:04.2546678Z   KAOS_MODULE: [Ka0s] Status MongDB Report
end-workflow	Install GH CLI	2026-02-16T13:26:04.2546950Z ##[endgroup]
end-workflow	Install GH CLI	2026-02-16T13:26:04.3506339Z 4+1 records in
end-workflow	Install GH CLI	2026-02-16T13:26:04.3506631Z 4+1 records out
end-workflow	Install GH CLI	2026-02-16T13:26:04.3506923Z 2270 bytes (2.3 kB, 2.2 KiB) copied, 0.0700574 s, 32.4 kB/s
end-workflow	Install GH CLI	2026-02-16T13:26:04.5487174Z Get:1 https://cli.github.com/packages stable InRelease [3917 B]
end-workflow	Install GH CLI	2026-02-16T13:26:04.5667551Z Get:2 http://security.ubuntu.com/ubuntu noble-security InRelease [126 kB]
end-workflow	Install GH CLI	2026-02-16T13:26:04.6303093Z Get:3 https://cli.github.com/packages stable/main amd64 Packages [356 B]
end-workflow	Install GH CLI	2026-02-16T13:26:04.7094272Z Get:4 http://archive.ubuntu.com/ubuntu noble InRelease [256 kB]
end-workflow	Install GH CLI	2026-02-16T13:26:04.8352117Z Get:5 http://security.ubuntu.com/ubuntu noble-security/restricted amd64 Packages [3115 kB]
end-workflow	Install GH CLI	2026-02-16T13:26:04.9154592Z Get:6 https://ppa.launchpadcontent.net/git-core/ppa/ubuntu noble InRelease [24.3 kB]
end-workflow	Install GH CLI	2026-02-16T13:26:05.0098981Z Get:7 http://security.ubuntu.com/ubuntu noble-security/multiverse amd64 Packages [34.8 kB]
end-workflow	Install GH CLI	2026-02-16T13:26:05.0100862Z Get:8 http://security.ubuntu.com/ubuntu noble-security/main amd64 Packages [1824 kB]
end-workflow	Install GH CLI	2026-02-16T13:26:05.0270589Z Get:9 http://security.ubuntu.com/ubuntu noble-security/universe amd64 Packages [1205 kB]
end-workflow	Install GH CLI	2026-02-16T13:26:05.0358973Z Get:10 https://ppa.launchpadcontent.net/git-core/ppa/ubuntu noble/main amd64 Packages [2992 B]
end-workflow	Install GH CLI	2026-02-16T13:26:05.2951166Z Get:11 http://archive.ubuntu.com/ubuntu noble-updates InRelease [126 kB]
end-workflow	Install GH CLI	2026-02-16T13:26:05.4379111Z Get:12 http://archive.ubuntu.com/ubuntu noble-backports InRelease [126 kB]
end-workflow	Install GH CLI	2026-02-16T13:26:05.5813882Z Get:13 http://archive.ubuntu.com/ubuntu noble/multiverse amd64 Packages [331 kB]
end-workflow	Install GH CLI	2026-02-16T13:26:05.6842897Z Get:14 http://archive.ubuntu.com/ubuntu noble/main amd64 Packages [1808 kB]
end-workflow	Install GH CLI	2026-02-16T13:26:05.9374641Z Get:15 http://archive.ubuntu.com/ubuntu noble/universe amd64 Packages [19.3 MB]
end-workflow	Install GH CLI	2026-02-16T13:26:06.4819354Z Get:16 http://archive.ubuntu.com/ubuntu noble/restricted amd64 Packages [117 kB]
end-workflow	Install GH CLI	2026-02-16T13:26:06.4838239Z Get:17 http://archive.ubuntu.com/ubuntu noble-updates/universe amd64 Packages [1979 kB]
end-workflow	Install GH CLI	2026-02-16T13:26:06.5088761Z Get:18 http://archive.ubuntu.com/ubuntu noble-updates/main amd64 Packages [2203 kB]
end-workflow	Install GH CLI	2026-02-16T13:26:06.5570556Z Get:19 http://archive.ubuntu.com/ubuntu noble-updates/restricted amd64 Packages [3295 kB]
end-workflow	Install GH CLI	2026-02-16T13:26:06.6328416Z Get:20 http://archive.ubuntu.com/ubuntu noble-updates/multiverse amd64 Packages [38.1 kB]
end-workflow	Install GH CLI	2026-02-16T13:26:06.6332666Z Get:21 http://archive.ubuntu.com/ubuntu noble-backports/universe amd64 Packages [34.6 kB]
end-workflow	Install GH CLI	2026-02-16T13:26:06.6337025Z Get:22 http://archive.ubuntu.com/ubuntu noble-backports/main amd64 Packages [49.5 kB]
end-workflow	Install GH CLI	2026-02-16T13:26:07.6556069Z Fetched 36.0 MB in 3s (11.3 MB/s)
end-workflow	Install GH CLI	2026-02-16T13:26:08.5775798Z Reading package lists...
end-workflow	Install GH CLI	2026-02-16T13:26:09.5390407Z Reading package lists...
end-workflow	Install GH CLI	2026-02-16T13:26:09.7631772Z Building dependency tree...
end-workflow	Install GH CLI	2026-02-16T13:26:09.7632738Z Reading state information...
end-workflow	Install GH CLI	2026-02-16T13:26:10.2592175Z The following NEW packages will be installed:
end-workflow	Install GH CLI	2026-02-16T13:26:10.2612997Z   gh
end-workflow	Install GH CLI	2026-02-16T13:26:10.3555465Z 0 upgraded, 1 newly installed, 0 to remove and 21 not upgraded.
end-workflow	Install GH CLI	2026-02-16T13:26:10.3556256Z Need to get 13.7 MB of archives.
end-workflow	Install GH CLI	2026-02-16T13:26:10.3556711Z After this operation, 37.9 MB of additional disk space will be used.
end-workflow	Install GH CLI	2026-02-16T13:26:10.3557395Z Get:1 https://cli.github.com/packages stable/main amd64 gh amd64 2.86.0 [13.7 MB]
end-workflow	Install GH CLI	2026-02-16T13:26:10.9514028Z debconf: delaying package configuration, since apt-utils is not installed
end-workflow	Install GH CLI	2026-02-16T13:26:11.0134279Z Fetched 13.7 MB in 0s (27.6 MB/s)
end-workflow	Install GH CLI	2026-02-16T13:26:11.0436064Z Selecting previously unselected package gh.
end-workflow	Install GH CLI	2026-02-16T13:26:11.0573745Z (Reading database ... 
end-workflow	Install GH CLI	2026-02-16T13:26:11.0574703Z (Reading database ... 5%
end-workflow	Install GH CLI	2026-02-16T13:26:11.0575487Z (Reading database ... 10%
end-workflow	Install GH CLI	2026-02-16T13:26:11.0576210Z (Reading database ... 15%
end-workflow	Install GH CLI	2026-02-16T13:26:11.0576926Z (Reading database ... 20%
end-workflow	Install GH CLI	2026-02-16T13:26:11.0577675Z (Reading database ... 25%
end-workflow	Install GH CLI	2026-02-16T13:26:11.0578369Z (Reading database ... 30%
end-workflow	Install GH CLI	2026-02-16T13:26:11.0579066Z (Reading database ... 35%
end-workflow	Install GH CLI	2026-02-16T13:26:11.0579726Z (Reading database ... 40%
end-workflow	Install GH CLI	2026-02-16T13:26:11.0580265Z (Reading database ... 45%
end-workflow	Install GH CLI	2026-02-16T13:26:11.0580797Z (Reading database ... 50%
end-workflow	Install GH CLI	2026-02-16T13:26:11.0581332Z (Reading database ... 55%
end-workflow	Install GH CLI	2026-02-16T13:26:11.0581867Z (Reading database ... 60%
end-workflow	Install GH CLI	2026-02-16T13:26:11.0592627Z (Reading database ... 65%
end-workflow	Install GH CLI	2026-02-16T13:26:11.0635853Z (Reading database ... 70%
end-workflow	Install GH CLI	2026-02-16T13:26:11.0645334Z (Reading database ... 75%
end-workflow	Install GH CLI	2026-02-16T13:26:11.0667527Z (Reading database ... 80%
end-workflow	Install GH CLI	2026-02-16T13:26:11.0676159Z (Reading database ... 85%
end-workflow	Install GH CLI	2026-02-16T13:26:11.0692358Z (Reading database ... 90%
end-workflow	Install GH CLI	2026-02-16T13:26:11.0721169Z (Reading database ... 95%
end-workflow	Install GH CLI	2026-02-16T13:26:11.0721973Z (Reading database ... 100%
end-workflow	Install GH CLI	2026-02-16T13:26:11.0722612Z (Reading database ... 14385 files and directories currently installed.)
end-workflow	Install GH CLI	2026-02-16T13:26:11.0729284Z Preparing to unpack .../archives/gh_2.86.0_amd64.deb ...
end-workflow	Install GH CLI	2026-02-16T13:26:11.0759481Z Unpacking gh (2.86.0) ...
end-workflow	Install GH CLI	2026-02-16T13:26:11.3535890Z Setting up gh (2.86.0) ...
end-workflow	Trigger Inspector	Ôªø2026-02-16T13:26:11.4174369Z ##[group]Run echo "üîç Triggering Inspector for Audit..."
end-workflow	Trigger Inspector	2026-02-16T13:26:11.4175053Z [36;1mecho "üîç Triggering Inspector for Audit..."[0m
end-workflow	Trigger Inspector	2026-02-16T13:26:11.4175587Z [36;1mgh workflow run inspector.yml \[0m
end-workflow	Trigger Inspector	2026-02-16T13:26:11.4176036Z [36;1m  --ref main \[0m
end-workflow	Trigger Inspector	2026-02-16T13:26:11.4176442Z [36;1m  -f kaos-workflow-id="22064455480" \[0m
end-workflow	Trigger Inspector	2026-02-16T13:26:11.4176952Z [36;1m  -f kaos-user-start="ka0score"[0m
end-workflow	Trigger Inspector	2026-02-16T13:26:11.4195008Z shell: /usr/bin/bash -e {0}
end-workflow	Trigger Inspector	2026-02-16T13:26:11.4195410Z env:
end-workflow	Trigger Inspector	2026-02-16T13:26:11.4195694Z   PYTHON_VERSION: 3.9
end-workflow	Trigger Inspector	2026-02-16T13:26:11.4197350Z   MONGO_SUPERUSER_CONNECTION: ***
end-workflow	Trigger Inspector	2026-02-16T13:26:11.4197964Z   MONGO_NEW_PASS: ***
end-workflow	Trigger Inspector	2026-02-16T13:26:11.4198494Z   MONGO_SCRIPT_CREATE: devops/core/mongo/scripts/mongodb_status_report.py
end-workflow	Trigger Inspector	2026-02-16T13:26:11.4199110Z   KAOS_CODE: 22064455480
end-workflow	Trigger Inspector	2026-02-16T13:26:11.4199458Z   REPORT_SCAN: audit/
end-workflow	Trigger Inspector	2026-02-16T13:26:11.4200108Z   REPORT_PATH: audit/mongodb/
end-workflow	Trigger Inspector	2026-02-16T13:26:11.4200502Z   REPORT_FILENAME: 22064455480.json
end-workflow	Trigger Inspector	2026-02-16T13:26:11.4200993Z   KAOS_MODULE: [Ka0s] Status MongDB Report
end-workflow	Trigger Inspector	2026-02-16T13:26:11.4201564Z   GH_TOKEN: ***
end-workflow	Trigger Inspector	2026-02-16T13:26:11.4201872Z ##[endgroup]
end-workflow	Trigger Inspector	2026-02-16T13:26:11.4251860Z üîç Triggering Inspector for Audit...
end-workflow	Post Checkout Repository	Ôªø2026-02-16T13:26:13.4921971Z Post job cleanup.
end-workflow	Post Checkout Repository	2026-02-16T13:26:13.6011347Z [command]/usr/bin/git version
end-workflow	Post Checkout Repository	2026-02-16T13:26:13.6058889Z git version 2.52.0
end-workflow	Post Checkout Repository	2026-02-16T13:26:13.6107802Z Temporarily overriding HOME='/home/runner/_work/_temp/9fcc7a76-691f-4f16-88e6-9faa0fa7bb94' before making global git config changes
end-workflow	Post Checkout Repository	2026-02-16T13:26:13.6108839Z Adding repository directory to the temporary git global config as a safe directory
end-workflow	Post Checkout Repository	2026-02-16T13:26:13.6116095Z [command]/usr/bin/git config --global --add safe.directory /home/runner/_work/ka0s/ka0s
end-workflow	Post Checkout Repository	2026-02-16T13:26:13.6176730Z [command]/usr/bin/git config --local --name-only --get-regexp core\.sshCommand
end-workflow	Post Checkout Repository	2026-02-16T13:26:13.6224836Z [command]/usr/bin/git submodule foreach --recursive sh -c "git config --local --name-only --get-regexp 'core\.sshCommand' && git config --local --unset-all 'core.sshCommand' || :"
end-workflow	Post Checkout Repository	2026-02-16T13:26:13.6567248Z [command]/usr/bin/git config --local --name-only --get-regexp http\.https\:\/\/github\.com\/\.extraheader
end-workflow	Post Checkout Repository	2026-02-16T13:26:13.6597452Z http.https://github.com/.extraheader
end-workflow	Post Checkout Repository	2026-02-16T13:26:13.6612281Z [command]/usr/bin/git config --local --unset-all http.https://github.com/.extraheader
end-workflow	Post Checkout Repository	2026-02-16T13:26:13.6656679Z [command]/usr/bin/git submodule foreach --recursive sh -c "git config --local --name-only --get-regexp 'http\.https\:\/\/github\.com\/\.extraheader' && git config --local --unset-all 'http.https://github.com/.extraheader' || :"
end-workflow	Post Checkout Repository	2026-02-16T13:26:13.6991615Z [command]/usr/bin/git config --local --name-only --get-regexp ^includeIf\.gitdir:
end-workflow	Post Checkout Repository	2026-02-16T13:26:13.7032883Z [command]/usr/bin/git submodule foreach --recursive git config --local --show-origin --name-only --get-regexp remote.origin.url
end-workflow	Complete job	Ôªø2026-02-16T13:26:13.7492336Z Cleaning up orphan processes
