job-core	Set up job	ï»¿2026-02-16T21:59:40.6278300Z Current runner version: '2.331.0'
job-core	Set up job	2026-02-16T21:59:40.6288905Z Runner name: 'swarm-runners-scaleset-hkss5-runner-jppnk'
job-core	Set up job	2026-02-16T21:59:40.6290008Z Runner group name: 'Default'
job-core	Set up job	2026-02-16T21:59:40.6291101Z Machine name: 'swarm-runners-scaleset-hkss5-runner-jppnk'
job-core	Set up job	2026-02-16T21:59:40.6295092Z ##[group]GITHUB_TOKEN Permissions
job-core	Set up job	2026-02-16T21:59:40.6297852Z Actions: write
job-core	Set up job	2026-02-16T21:59:40.6298457Z Contents: read
job-core	Set up job	2026-02-16T21:59:40.6299027Z Metadata: read
job-core	Set up job	2026-02-16T21:59:40.6299678Z ##[endgroup]
job-core	Set up job	2026-02-16T21:59:40.6302250Z Secret source: Actions
job-core	Set up job	2026-02-16T21:59:40.6303102Z Prepare workflow directory
job-core	Set up job	2026-02-16T21:59:43.3497444Z Prepare all required actions
job-core	Set up job	2026-02-16T21:59:43.3938100Z Getting action download info
job-core	Set up job	2026-02-16T21:59:46.7239736Z Download action repository 'actions/checkout@v4' (SHA:34e114876b0b11c390a56381ad16ebd13914f8d5)
job-core	Set up job	2026-02-16T21:59:56.4018947Z Download action repository 'actions/setup-python@v5' (SHA:a26af69be951a213d495a4c3e4e4022e16d87065)
job-core	Set up job	2026-02-16T22:00:22.1283900Z Complete job name: job-core
job-core	Checkout	ï»¿2026-02-16T22:00:32.9400683Z ##[group]Run actions/checkout@v4
job-core	Checkout	2026-02-16T22:00:32.9402135Z with:
job-core	Checkout	2026-02-16T22:00:32.9402735Z   repository: Ka0s-Klaus/ka0s
job-core	Checkout	2026-02-16T22:00:32.9403835Z   token: ***
job-core	Checkout	2026-02-16T22:00:32.9404399Z   ssh-strict: true
job-core	Checkout	2026-02-16T22:00:32.9404985Z   ssh-user: git
job-core	Checkout	2026-02-16T22:00:32.9405595Z   persist-credentials: true
job-core	Checkout	2026-02-16T22:00:32.9406298Z   clean: true
job-core	Checkout	2026-02-16T22:00:32.9406920Z   sparse-checkout-cone-mode: true
job-core	Checkout	2026-02-16T22:00:32.9407721Z   fetch-depth: 1
job-core	Checkout	2026-02-16T22:00:32.9408312Z   fetch-tags: false
job-core	Checkout	2026-02-16T22:00:32.9408937Z   show-progress: true
job-core	Checkout	2026-02-16T22:00:32.9409820Z   lfs: false
job-core	Checkout	2026-02-16T22:00:32.9430070Z   submodules: false
job-core	Checkout	2026-02-16T22:00:32.9430988Z   set-safe-directory: true
job-core	Checkout	2026-02-16T22:00:32.9432325Z ##[endgroup]
job-core	Checkout	2026-02-16T22:00:44.2189916Z Syncing repository: Ka0s-Klaus/ka0s
job-core	Checkout	2026-02-16T22:00:44.2191678Z ##[group]Getting Git version info
job-core	Checkout	2026-02-16T22:00:44.2192152Z Working directory is '/home/runner/_work/ka0s/ka0s'
job-core	Checkout	2026-02-16T22:00:44.2192903Z [command]/usr/bin/git version
job-core	Checkout	2026-02-16T22:00:44.5880608Z git version 2.52.0
job-core	Checkout	2026-02-16T22:00:45.3215284Z ##[endgroup]
job-core	Checkout	2026-02-16T22:00:46.2214606Z Temporarily overriding HOME='/home/runner/_work/_temp/ed902ff9-d60c-4ccd-98ad-9f1f466c8c67' before making global git config changes
job-core	Checkout	2026-02-16T22:00:46.2540723Z Adding repository directory to the temporary git global config as a safe directory
job-core	Checkout	2026-02-16T22:00:46.2542028Z [command]/usr/bin/git config --global --add safe.directory /home/runner/_work/ka0s/ka0s
job-core	Checkout	2026-02-16T22:00:46.4332230Z Deleting the contents of '/home/runner/_work/ka0s/ka0s'
job-core	Checkout	2026-02-16T22:00:46.4922101Z ##[group]Initializing the repository
job-core	Checkout	2026-02-16T22:00:47.4185664Z [command]/usr/bin/git init /home/runner/_work/ka0s/ka0s
job-core	Checkout	2026-02-16T22:00:48.9496962Z hint: Using 'master' as the name for the initial branch. This default branch name
job-core	Checkout	2026-02-16T22:00:48.9774539Z hint: will change to "main" in Git 3.0. To configure the initial branch name
job-core	Checkout	2026-02-16T22:00:49.0222415Z hint: to use in all of your new repositories, which will suppress this warning,
job-core	Checkout	2026-02-16T22:00:49.0650508Z hint: call:
job-core	Checkout	2026-02-16T22:00:49.0820550Z hint:
job-core	Checkout	2026-02-16T22:00:49.1812850Z hint: 	git config --global init.defaultBranch <name>
job-core	Checkout	2026-02-16T22:00:49.1814656Z hint:
job-core	Checkout	2026-02-16T22:00:49.1815234Z hint: Names commonly chosen instead of 'master' are 'main', 'trunk' and
job-core	Checkout	2026-02-16T22:00:49.1883664Z hint: 'development'. The just-created branch can be renamed via this command:
job-core	Checkout	2026-02-16T22:00:49.1884286Z hint:
job-core	Checkout	2026-02-16T22:00:49.1884576Z hint: 	git branch -m <name>
job-core	Checkout	2026-02-16T22:00:49.1884869Z hint:
job-core	Checkout	2026-02-16T22:00:49.1885300Z hint: Disable this message with "git config set advice.defaultBranchName false"
job-core	Checkout	2026-02-16T22:00:49.1885964Z Initialized empty Git repository in /home/runner/_work/ka0s/ka0s/.git/
job-core	Checkout	2026-02-16T22:00:50.4377184Z [command]/usr/bin/git remote add origin https://github.com/Ka0s-Klaus/ka0s
job-core	Checkout	2026-02-16T22:00:50.5896760Z ##[endgroup]
job-core	Checkout	2026-02-16T22:00:50.5897348Z ##[group]Disabling automatic garbage collection
job-core	Checkout	2026-02-16T22:00:50.6199140Z [command]/usr/bin/git config --local gc.auto 0
job-core	Checkout	2026-02-16T22:00:51.3307035Z ##[endgroup]
job-core	Checkout	2026-02-16T22:00:51.3346175Z ##[group]Setting up auth
job-core	Checkout	2026-02-16T22:00:51.4523373Z [command]/usr/bin/git config --local --name-only --get-regexp core\.sshCommand
job-core	Checkout	2026-02-16T22:00:52.3226322Z [command]/usr/bin/git submodule foreach --recursive sh -c "git config --local --name-only --get-regexp 'core\.sshCommand' && git config --local --unset-all 'core.sshCommand' || :"
job-core	Checkout	2026-02-16T22:01:04.8301312Z [command]/usr/bin/git config --local --name-only --get-regexp http\.https\:\/\/github\.com\/\.extraheader
job-core	Checkout	2026-02-16T22:01:06.7563820Z [command]/usr/bin/git submodule foreach --recursive sh -c "git config --local --name-only --get-regexp 'http\.https\:\/\/github\.com\/\.extraheader' && git config --local --unset-all 'http.https://github.com/.extraheader' || :"
job-core	Checkout	2026-02-16T22:01:14.6927720Z [command]/usr/bin/git config --local --name-only --get-regexp ^includeIf\.gitdir:
job-core	Checkout	2026-02-16T22:01:15.6443879Z [command]/usr/bin/git submodule foreach --recursive git config --local --show-origin --name-only --get-regexp remote.origin.url
job-core	Checkout	2026-02-16T22:01:18.2284006Z [command]/usr/bin/git config --local http.https://github.com/.extraheader AUTHORIZATION: basic ***
job-core	Checkout	2026-02-16T22:01:18.9761251Z ##[endgroup]
job-core	Checkout	2026-02-16T22:01:19.0252383Z ##[group]Fetching the repository
job-core	Checkout	2026-02-16T22:01:19.0531664Z [command]/usr/bin/git -c protocol.version=2 fetch --no-tags --prune --no-recurse-submodules --depth=1 origin +988dd5188df24dd13a17ca571bc704c27765dd18:refs/remotes/origin/main
job-core	Checkout	2026-02-16T22:02:58.8483258Z From https://github.com/Ka0s-Klaus/ka0s
job-core	Checkout	2026-02-16T22:02:58.8483886Z  * [new ref]         988dd5188df24dd13a17ca571bc704c27765dd18 -> origin/main
job-core	Checkout	2026-02-16T22:03:07.4827412Z ##[endgroup]
job-core	Checkout	2026-02-16T22:03:07.4894543Z ##[group]Determining the checkout info
job-core	Checkout	2026-02-16T22:03:07.5011445Z ##[endgroup]
job-core	Checkout	2026-02-16T22:03:07.5211067Z [command]/usr/bin/git sparse-checkout disable
job-core	Checkout	2026-02-16T22:03:14.2631661Z [command]/usr/bin/git config --local --unset-all extensions.worktreeConfig
job-core	Checkout	2026-02-16T22:03:24.4222529Z ##[group]Checking out the ref
job-core	Checkout	2026-02-16T22:03:24.4334323Z [command]/usr/bin/git checkout --progress --force -B main refs/remotes/origin/main
job-core	Checkout	2026-02-16T22:03:27.8665139Z Updating files:  47% (312/653)
job-core	Checkout	2026-02-16T22:03:27.9690919Z Updating files:  48% (314/653)
job-core	Checkout	2026-02-16T22:03:28.0119317Z Updating files:  49% (320/653)
job-core	Checkout	2026-02-16T22:03:28.0721092Z Updating files:  50% (327/653)
job-core	Checkout	2026-02-16T22:03:28.1002524Z Updating files:  51% (334/653)
job-core	Checkout	2026-02-16T22:03:28.1132394Z Updating files:  52% (340/653)
job-core	Checkout	2026-02-16T22:03:28.1345581Z Updating files:  53% (347/653)
job-core	Checkout	2026-02-16T22:03:28.1601756Z Updating files:  54% (353/653)
job-core	Checkout	2026-02-16T22:03:28.1630845Z Updating files:  55% (360/653)
job-core	Checkout	2026-02-16T22:03:28.1837640Z Updating files:  56% (366/653)
job-core	Checkout	2026-02-16T22:03:28.1951083Z Updating files:  57% (373/653)
job-core	Checkout	2026-02-16T22:03:28.2607697Z Updating files:  58% (379/653)
job-core	Checkout	2026-02-16T22:03:28.2800817Z Updating files:  59% (386/653)
job-core	Checkout	2026-02-16T22:03:28.2826319Z Updating files:  60% (392/653)
job-core	Checkout	2026-02-16T22:03:28.2827273Z Updating files:  61% (399/653)
job-core	Checkout	2026-02-16T22:03:28.2859957Z Updating files:  62% (405/653)
job-core	Checkout	2026-02-16T22:03:28.5203028Z Updating files:  63% (412/653)
job-core	Checkout	2026-02-16T22:03:28.5203814Z Updating files:  64% (418/653)
job-core	Checkout	2026-02-16T22:03:28.5204416Z Updating files:  65% (425/653)
job-core	Checkout	2026-02-16T22:03:28.5204885Z Updating files:  66% (431/653)
job-core	Checkout	2026-02-16T22:03:28.5380765Z Updating files:  67% (438/653)
job-core	Checkout	2026-02-16T22:03:28.5411156Z Updating files:  68% (445/653)
job-core	Checkout	2026-02-16T22:03:28.5442984Z Updating files:  69% (451/653)
job-core	Checkout	2026-02-16T22:03:28.5527999Z Updating files:  70% (458/653)
job-core	Checkout	2026-02-16T22:03:28.5580573Z Updating files:  71% (464/653)
job-core	Checkout	2026-02-16T22:03:28.5585647Z Updating files:  72% (471/653)
job-core	Checkout	2026-02-16T22:03:28.5623432Z Updating files:  73% (477/653)
job-core	Checkout	2026-02-16T22:03:28.6133696Z Updating files:  74% (484/653)
job-core	Checkout	2026-02-16T22:03:28.6544053Z Updating files:  75% (490/653)
job-core	Checkout	2026-02-16T22:03:28.8648941Z Updating files:  76% (497/653)
job-core	Checkout	2026-02-16T22:03:28.8912136Z Updating files:  76% (501/653)
job-core	Checkout	2026-02-16T22:03:28.9340198Z Updating files:  77% (503/653)
job-core	Checkout	2026-02-16T22:03:28.9663135Z Updating files:  78% (510/653)
job-core	Checkout	2026-02-16T22:03:29.0317199Z Updating files:  79% (516/653)
job-core	Checkout	2026-02-16T22:03:29.0546977Z Updating files:  80% (523/653)
job-core	Checkout	2026-02-16T22:03:29.1080560Z Updating files:  81% (529/653)
job-core	Checkout	2026-02-16T22:03:29.1099575Z Updating files:  82% (536/653)
job-core	Checkout	2026-02-16T22:03:29.1405885Z Updating files:  83% (542/653)
job-core	Checkout	2026-02-16T22:03:29.1406425Z Updating files:  84% (549/653)
job-core	Checkout	2026-02-16T22:03:29.1542881Z Updating files:  85% (556/653)
job-core	Checkout	2026-02-16T22:03:29.2495924Z Updating files:  86% (562/653)
job-core	Checkout	2026-02-16T22:03:29.2496679Z Updating files:  87% (569/653)
job-core	Checkout	2026-02-16T22:03:29.2764284Z Updating files:  88% (575/653)
job-core	Checkout	2026-02-16T22:03:29.3033487Z Updating files:  89% (582/653)
job-core	Checkout	2026-02-16T22:03:29.3040603Z Updating files:  90% (588/653)
job-core	Checkout	2026-02-16T22:03:29.3177961Z Updating files:  91% (595/653)
job-core	Checkout	2026-02-16T22:03:29.3417681Z Updating files:  92% (601/653)
job-core	Checkout	2026-02-16T22:03:29.3418089Z Updating files:  93% (608/653)
job-core	Checkout	2026-02-16T22:03:29.3418889Z Updating files:  94% (614/653)
job-core	Checkout	2026-02-16T22:03:29.3419188Z Updating files:  95% (621/653)
job-core	Checkout	2026-02-16T22:03:29.3419554Z Updating files:  96% (627/653)
job-core	Checkout	2026-02-16T22:03:29.3419868Z Updating files:  97% (634/653)
job-core	Checkout	2026-02-16T22:03:29.3420169Z Updating files:  98% (640/653)
job-core	Checkout	2026-02-16T22:03:29.3420470Z Updating files:  99% (647/653)
job-core	Checkout	2026-02-16T22:03:29.3420775Z Updating files: 100% (653/653)
job-core	Checkout	2026-02-16T22:03:29.3421096Z Updating files: 100% (653/653), done.
job-core	Checkout	2026-02-16T22:03:29.3537240Z Switched to a new branch 'main'
job-core	Checkout	2026-02-16T22:03:29.3538259Z branch 'main' set up to track 'origin/main'.
job-core	Checkout	2026-02-16T22:03:29.4923197Z ##[endgroup]
job-core	Checkout	2026-02-16T22:03:31.2718076Z [command]/usr/bin/git log -1 --format=%H
job-core	Checkout	2026-02-16T22:03:35.2586911Z 988dd5188df24dd13a17ca571bc704c27765dd18
job-core	Setup Python	ï»¿2026-02-16T22:03:37.1426303Z ##[group]Run actions/setup-python@v5
job-core	Setup Python	2026-02-16T22:03:37.1426814Z with:
job-core	Setup Python	2026-02-16T22:03:37.1427065Z   python-version: 3.x
job-core	Setup Python	2026-02-16T22:03:37.1427352Z   check-latest: false
job-core	Setup Python	2026-02-16T22:03:37.1427954Z   token: ***
job-core	Setup Python	2026-02-16T22:03:37.1428219Z   update-environment: true
job-core	Setup Python	2026-02-16T22:03:37.1428539Z   allow-prereleases: false
job-core	Setup Python	2026-02-16T22:03:37.1428840Z   freethreaded: false
job-core	Setup Python	2026-02-16T22:03:37.1429123Z ##[endgroup]
job-core	Setup Python	2026-02-16T22:03:39.3581593Z ##[group]Installed versions
job-core	Setup Python	2026-02-16T22:03:39.3648827Z Version 3.x was not found in the local cache
job-core	Setup Python	2026-02-16T22:03:41.6752070Z Version 3.x is available for downloading
job-core	Setup Python	2026-02-16T22:03:41.6753045Z Download from "https://github.com/actions/python-versions/releases/download/3.14.3-21673711214/python-3.14.3-linux-24.04-x64.tar.gz"
job-core	Setup Python	2026-02-16T22:03:57.6429889Z Extract downloaded archive
job-core	Setup Python	2026-02-16T22:03:59.8931273Z [command]/usr/bin/tar xz --warning=no-unknown-keyword --overwrite -C /home/runner/_work/_temp/63ca4f57-282c-466b-b979-344c6bab8293 -f /home/runner/_work/_temp/f15a9336-b7bb-4e15-83c0-1f41678ba069
job-core	Setup Python	2026-02-16T22:04:17.9511482Z Execute installation script
job-core	Setup Python	2026-02-16T22:04:21.7767408Z Check if Python hostedtoolcache folder exist...
job-core	Setup Python	2026-02-16T22:04:21.7798248Z Creating Python hostedtoolcache folder...
job-core	Setup Python	2026-02-16T22:04:22.0821289Z Create Python 3.14.3 folder
job-core	Setup Python	2026-02-16T22:04:22.6120327Z Copy Python binaries to hostedtoolcache folder
job-core	Setup Python	2026-02-16T22:04:41.0941301Z Create additional symlinks (Required for the UsePythonVersion Azure Pipelines task and the setup-python GitHub Action)
job-core	Setup Python	2026-02-16T22:04:43.1587248Z Upgrading pip...
job-core	Setup Python	2026-02-16T22:05:40.2154719Z Looking in links: /tmp/tmpa15vv4zh
job-core	Setup Python	2026-02-16T22:05:40.2155612Z Requirement already satisfied: pip in /home/runner/_work/_tool/Python/3.14.3/x64/lib/python3.14/site-packages (25.3)
job-core	Setup Python	2026-02-16T22:06:59.3223345Z Collecting pip
job-core	Setup Python	2026-02-16T22:06:59.6262009Z Downloading pip-26.0.1-py3-none-any.whl.metadata (4.7 kB)
job-core	Setup Python	2026-02-16T22:06:59.6792867Z Downloading pip-26.0.1-py3-none-any.whl (1.8 MB)
job-core	Setup Python	2026-02-16T22:07:00.1350749Z â”â”â”â”â”â”â”â”â”â”â”â”â”â”â”â”â”â”â”â”â”â”â”â”â”â”â”â”â”â”â”â”â”â”â”â”â”â”â”â” 1.8/1.8 MB 5.2 MB/s  0:00:00
job-core	Setup Python	2026-02-16T22:07:00.2943167Z Installing collected packages: pip
job-core	Setup Python	2026-02-16T22:07:00.3160308Z   Attempting uninstall: pip
job-core	Setup Python	2026-02-16T22:07:00.3184980Z Found existing installation: pip 25.3
job-core	Setup Python	2026-02-16T22:07:00.5267267Z Uninstalling pip-25.3:
job-core	Setup Python	2026-02-16T22:07:01.4956859Z Successfully uninstalled pip-25.3
job-core	Setup Python	2026-02-16T22:07:04.7817070Z Successfully installed pip-26.0.1
job-core	Setup Python	2026-02-16T22:07:05.4573507Z Create complete file
job-core	Setup Python	2026-02-16T22:07:07.0372964Z Successfully set up CPython (3.14.3)
job-core	Setup Python	2026-02-16T22:07:07.0374165Z ##[endgroup]
job-core	Setup Kubectl Tunnel	ï»¿2026-02-16T22:07:08.0227334Z Prepare all required actions
job-core	Setup Kubectl Tunnel	2026-02-16T22:07:08.2772593Z ##[group]Run ./.github/actions/kubectl-tunnel
job-core	Setup Kubectl Tunnel	2026-02-16T22:07:08.2773057Z with:
job-core	Setup Kubectl Tunnel	2026-02-16T22:07:08.2773435Z   host: ***
job-core	Setup Kubectl Tunnel	2026-02-16T22:07:08.2773695Z   username: ***
job-core	Setup Kubectl Tunnel	2026-02-16T22:07:08.2802109Z   key: ***
job-core	Setup Kubectl Tunnel	2026-02-16T22:07:08.2802547Z   port: ***
job-core	Setup Kubectl Tunnel	2026-02-16T22:07:08.2802799Z   k8s-api-port: 6443
job-core	Setup Kubectl Tunnel	2026-02-16T22:07:08.2803081Z   kubectl-version: v1.30.0
job-core	Setup Kubectl Tunnel	2026-02-16T22:07:08.2803357Z env:
job-core	Setup Kubectl Tunnel	2026-02-16T22:07:08.2803689Z   pythonLocation: /home/runner/_work/_tool/Python/3.14.3/x64
job-core	Setup Kubectl Tunnel	2026-02-16T22:07:08.2804223Z   PKG_CONFIG_PATH: /home/runner/_work/_tool/Python/3.14.3/x64/lib/pkgconfig
job-core	Setup Kubectl Tunnel	2026-02-16T22:07:08.2804803Z   Python_ROOT_DIR: /home/runner/_work/_tool/Python/3.14.3/x64
job-core	Setup Kubectl Tunnel	2026-02-16T22:07:08.2805295Z   Python2_ROOT_DIR: /home/runner/_work/_tool/Python/3.14.3/x64
job-core	Setup Kubectl Tunnel	2026-02-16T22:07:08.2805779Z   Python3_ROOT_DIR: /home/runner/_work/_tool/Python/3.14.3/x64
job-core	Setup Kubectl Tunnel	2026-02-16T22:07:08.2806400Z   LD_LIBRARY_PATH: /home/runner/_work/_tool/Python/3.14.3/x64/lib
job-core	Setup Kubectl Tunnel	2026-02-16T22:07:08.2806911Z ##[endgroup]
job-core	Setup Kubectl Tunnel	2026-02-16T22:07:08.3255427Z ##[group]Run # Download the latest stable release of kubectl
job-core	Setup Kubectl Tunnel	2026-02-16T22:07:08.3271094Z [36;1m# Download the latest stable release of kubectl[0m
job-core	Setup Kubectl Tunnel	2026-02-16T22:07:08.3271698Z [36;1mcurl -LO "https://dl.k8s.io/release/v1.30.0/bin/linux/amd64/kubectl"[0m
job-core	Setup Kubectl Tunnel	2026-02-16T22:07:08.3272150Z [36;1m[0m
job-core	Setup Kubectl Tunnel	2026-02-16T22:07:08.3272673Z [36;1m# Validate binary (optional but recommended in official docs, skipping for speed/simplicity as per request)[0m
job-core	Setup Kubectl Tunnel	2026-02-16T22:07:08.3273292Z [36;1m[0m
job-core	Setup Kubectl Tunnel	2026-02-16T22:07:08.3273588Z [36;1m# Install kubectl[0m
job-core	Setup Kubectl Tunnel	2026-02-16T22:07:08.3273999Z [36;1msudo install -o root -g root -m 0755 kubectl /usr/local/bin/kubectl[0m
job-core	Setup Kubectl Tunnel	2026-02-16T22:07:08.3274437Z [36;1m[0m
job-core	Setup Kubectl Tunnel	2026-02-16T22:07:08.3274691Z [36;1m# Verify installation[0m
job-core	Setup Kubectl Tunnel	2026-02-16T22:07:08.3275005Z [36;1mkubectl version --client[0m
job-core	Setup Kubectl Tunnel	2026-02-16T22:07:08.3315081Z shell: /usr/bin/bash --noprofile --norc -e -o pipefail {0}
job-core	Setup Kubectl Tunnel	2026-02-16T22:07:08.3315656Z env:
job-core	Setup Kubectl Tunnel	2026-02-16T22:07:08.3316024Z   pythonLocation: /home/runner/_work/_tool/Python/3.14.3/x64
job-core	Setup Kubectl Tunnel	2026-02-16T22:07:08.3316543Z   PKG_CONFIG_PATH: /home/runner/_work/_tool/Python/3.14.3/x64/lib/pkgconfig
job-core	Setup Kubectl Tunnel	2026-02-16T22:07:08.3317068Z   Python_ROOT_DIR: /home/runner/_work/_tool/Python/3.14.3/x64
job-core	Setup Kubectl Tunnel	2026-02-16T22:07:08.3317675Z   Python2_ROOT_DIR: /home/runner/_work/_tool/Python/3.14.3/x64
job-core	Setup Kubectl Tunnel	2026-02-16T22:07:08.3318208Z   Python3_ROOT_DIR: /home/runner/_work/_tool/Python/3.14.3/x64
job-core	Setup Kubectl Tunnel	2026-02-16T22:07:08.3318723Z   LD_LIBRARY_PATH: /home/runner/_work/_tool/Python/3.14.3/x64/lib
job-core	Setup Kubectl Tunnel	2026-02-16T22:07:08.3319142Z ##[endgroup]
job-core	Setup Kubectl Tunnel	2026-02-16T22:07:11.3057307Z   % Total    % Received % Xferd  Average Speed   Time    Time     Time  Current
job-core	Setup Kubectl Tunnel	2026-02-16T22:07:11.3110778Z                                  Dload  Upload   Total   Spent    Left  Speed
job-core	Setup Kubectl Tunnel	2026-02-16T22:07:11.3195467Z 
job-core	Setup Kubectl Tunnel	2026-02-16T22:07:12.5816800Z   0     0    0     0    0     0      0      0 --:--:-- --:--:-- --:--:--     0
job-core	Setup Kubectl Tunnel	2026-02-16T22:07:13.5881305Z   0     0    0     0    0     0      0      0 --:--:--  0:00:01 --:--:--     0
job-core	Setup Kubectl Tunnel	2026-02-16T22:07:14.0566385Z   0     0    0     0    0     0      0      0 --:--:--  0:00:02 --:--:--     0
job-core	Setup Kubectl Tunnel	2026-02-16T22:07:15.4776475Z   0 49.0M    0  9049    0     0   3276      0  4:21:46  0:00:02  4:21:44  3276
job-core	Setup Kubectl Tunnel	2026-02-16T22:07:16.4341514Z   9 49.0M    9 4809k    0     0  1156k      0  0:00:43  0:00:04  0:00:39 1157k
job-core	Setup Kubectl Tunnel	2026-02-16T22:07:17.3381329Z  12 49.0M   12 6144k    0     0  1196k      0  0:00:41  0:00:05  0:00:36 1196k
job-core	Setup Kubectl Tunnel	2026-02-16T22:07:18.3266485Z  12 49.0M   12 6173k    0     0  1021k      0  0:00:49  0:00:06  0:00:43 1296k
job-core	Setup Kubectl Tunnel	2026-02-16T22:07:19.4240331Z  17 49.0M   17 8861k    0     0  1260k      0  0:00:39  0:00:07  0:00:32 1869k
job-core	Setup Kubectl Tunnel	2026-02-16T22:07:20.6634330Z  44 49.0M   44 21.6M    0     0  2737k      0  0:00:18  0:00:08  0:00:10 4148k
job-core	Setup Kubectl Tunnel	2026-02-16T22:07:21.3925351Z  61 49.0M   61 30.0M    0     0  3302k      0  0:00:15  0:00:09  0:00:06 5036k
job-core	Setup Kubectl Tunnel	2026-02-16T22:07:22.3705229Z  65 49.0M   65 32.0M    0     0  3245k      0  0:00:15  0:00:10  0:00:05 5362k
job-core	Setup Kubectl Tunnel	2026-02-16T22:07:23.2700629Z  67 49.0M   67 33.0M    0     0  3050k      0  0:00:16  0:00:11  0:00:05 5488k
job-core	Setup Kubectl Tunnel	2026-02-16T22:07:24.3334762Z  69 49.0M   69 33.8M    0     0  2897k      0  0:00:17  0:00:11  0:00:06 5226k
job-core	Setup Kubectl Tunnel	2026-02-16T22:07:25.7457021Z  75 49.0M   75 37.0M    0     0  2906k      0  0:00:17  0:00:13  0:00:04 3185k
job-core	Setup Kubectl Tunnel	2026-02-16T22:07:26.7223188Z  79 49.0M   79 39.0M    0     0  2763k      0  0:00:18  0:00:14  0:00:04 1790k
job-core	Setup Kubectl Tunnel	2026-02-16T22:07:27.7544802Z  81 49.0M   81 40.0M    0     0  2655k      0  0:00:18  0:00:15  0:00:03 1537k
job-core	Setup Kubectl Tunnel	2026-02-16T22:07:28.6596061Z  83 49.0M   83 41.0M    0     0  2553k      0  0:00:19  0:00:16  0:00:03 1526k
job-core	Setup Kubectl Tunnel	2026-02-16T22:07:29.6371643Z  85 49.0M   85 42.0M    0     0  2476k      0  0:00:20  0:00:17  0:00:03 1541k
job-core	Setup Kubectl Tunnel	2026-02-16T22:07:30.7380610Z  89 49.0M   89 44.0M    0     0  2456k      0  0:00:20  0:00:18  0:00:02 1350k
job-core	Setup Kubectl Tunnel	2026-02-16T22:07:31.1249363Z  99 49.0M   99 49.0M    0     0  2581k      0  0:00:19  0:00:19 --:--:-- 2052k
job-core	Setup Kubectl Tunnel	2026-02-16T22:07:31.1251303Z 100 49.0M  100 49.0M    0     0  2535k      0  0:00:19  0:00:19 --:--:-- 2115k
job-core	Setup Kubectl Tunnel	2026-02-16T22:07:31.1251835Z 100 49.0M  100 49.0M    0     0  2535k      0  0:00:19  0:00:19 --:--:-- 2449k
job-core	Setup Kubectl Tunnel	2026-02-16T22:07:39.8565747Z Client Version: v1.30.0
job-core	Setup Kubectl Tunnel	2026-02-16T22:07:39.8566495Z Kustomize Version: v5.0.4-0.20230601165947-6ce0bf390ce3
job-core	Setup Kubectl Tunnel	2026-02-16T22:07:40.2467710Z ##[group]Run mkdir -p ~/.ssh
job-core	Setup Kubectl Tunnel	2026-02-16T22:07:40.2468188Z [36;1mmkdir -p ~/.ssh[0m
job-core	Setup Kubectl Tunnel	2026-02-16T22:07:40.2468455Z [36;1m[0m
job-core	Setup Kubectl Tunnel	2026-02-16T22:07:40.2468704Z [36;1m# Write private key[0m
job-core	Setup Kubectl Tunnel	2026-02-16T22:07:40.2469255Z [36;1mecho "***[0m
job-core	Setup Kubectl Tunnel	2026-02-16T22:07:40.2507703Z [36;1m***[0m
job-core	Setup Kubectl Tunnel	2026-02-16T22:07:40.2508480Z [36;1m***[0m
job-core	Setup Kubectl Tunnel	2026-02-16T22:07:40.2509025Z [36;1m***[0m
job-core	Setup Kubectl Tunnel	2026-02-16T22:07:40.2509478Z [36;1m***[0m
job-core	Setup Kubectl Tunnel	2026-02-16T22:07:40.2528360Z [36;1m***[0m
job-core	Setup Kubectl Tunnel	2026-02-16T22:07:40.2528907Z [36;1m***" > ~/.ssh/id_rsa[0m
job-core	Setup Kubectl Tunnel	2026-02-16T22:07:40.2529217Z [36;1mchmod 600 ~/.ssh/id_rsa[0m
job-core	Setup Kubectl Tunnel	2026-02-16T22:07:40.2529618Z [36;1m[0m
job-core	Setup Kubectl Tunnel	2026-02-16T22:07:40.2529870Z [36;1m# Add host key to known_hosts[0m
job-core	Setup Kubectl Tunnel	2026-02-16T22:07:40.2530264Z [36;1mif [ -n "***" ]; then[0m
job-core	Setup Kubectl Tunnel	2026-02-16T22:07:40.2530943Z [36;1m    ssh-keyscan -p *** -H *** >> ~/.ssh/known_hosts 2>/dev/null || echo "Warning: ssh-keyscan failed"[0m
job-core	Setup Kubectl Tunnel	2026-02-16T22:07:40.2531549Z [36;1mfi[0m
job-core	Setup Kubectl Tunnel	2026-02-16T22:07:40.2627942Z shell: /usr/bin/bash --noprofile --norc -e -o pipefail {0}
job-core	Setup Kubectl Tunnel	2026-02-16T22:07:40.2628431Z env:
job-core	Setup Kubectl Tunnel	2026-02-16T22:07:40.2628777Z   pythonLocation: /home/runner/_work/_tool/Python/3.14.3/x64
job-core	Setup Kubectl Tunnel	2026-02-16T22:07:40.2629309Z   PKG_CONFIG_PATH: /home/runner/_work/_tool/Python/3.14.3/x64/lib/pkgconfig
job-core	Setup Kubectl Tunnel	2026-02-16T22:07:40.2650366Z   Python_ROOT_DIR: /home/runner/_work/_tool/Python/3.14.3/x64
job-core	Setup Kubectl Tunnel	2026-02-16T22:07:40.2650988Z   Python2_ROOT_DIR: /home/runner/_work/_tool/Python/3.14.3/x64
job-core	Setup Kubectl Tunnel	2026-02-16T22:07:40.2651499Z   Python3_ROOT_DIR: /home/runner/_work/_tool/Python/3.14.3/x64
job-core	Setup Kubectl Tunnel	2026-02-16T22:07:40.2652028Z   LD_LIBRARY_PATH: /home/runner/_work/_tool/Python/3.14.3/x64/lib
job-core	Setup Kubectl Tunnel	2026-02-16T22:07:40.2652466Z ##[endgroup]
job-core	Setup Kubectl Tunnel	2026-02-16T22:07:52.3907976Z ##[group]Run echo "Starting SSH Tunnel to ***..."
job-core	Setup Kubectl Tunnel	2026-02-16T22:07:52.3908494Z [36;1mecho "Starting SSH Tunnel to ***..."[0m
job-core	Setup Kubectl Tunnel	2026-02-16T22:07:52.3908932Z [36;1m# -f: Background, -N: No command, -L: Local forwarding[0m
job-core	Setup Kubectl Tunnel	2026-02-16T22:07:52.3909379Z [36;1m# Maps LocalPort:RemoteHost:RemotePort. [0m
job-core	Setup Kubectl Tunnel	2026-02-16T22:07:52.4111390Z [36;1m# We map Runner:6443 -> Remote:Localhost:6443 (Assuming API is local to the SSH host)[0m
job-core	Setup Kubectl Tunnel	2026-02-16T22:07:52.4111996Z [36;1mssh -f -N -L 6443:127.0.0.1:6443 \[0m
job-core	Setup Kubectl Tunnel	2026-02-16T22:07:52.4112471Z [36;1m    -p *** \[0m
job-core	Setup Kubectl Tunnel	2026-02-16T22:07:52.4112749Z [36;1m    -i ~/.ssh/id_rsa \[0m
job-core	Setup Kubectl Tunnel	2026-02-16T22:07:52.4113775Z [36;1m    ***@***[0m
job-core	Setup Kubectl Tunnel	2026-02-16T22:07:52.4114032Z [36;1m[0m
job-core	Setup Kubectl Tunnel	2026-02-16T22:07:52.4114304Z [36;1mecho "Tunnel established on 127.0.0.1:6443"[0m
job-core	Setup Kubectl Tunnel	2026-02-16T22:07:52.4365045Z shell: /usr/bin/bash --noprofile --norc -e -o pipefail {0}
job-core	Setup Kubectl Tunnel	2026-02-16T22:07:52.4372832Z env:
job-core	Setup Kubectl Tunnel	2026-02-16T22:07:52.4373330Z   pythonLocation: /home/runner/_work/_tool/Python/3.14.3/x64
job-core	Setup Kubectl Tunnel	2026-02-16T22:07:52.4373854Z   PKG_CONFIG_PATH: /home/runner/_work/_tool/Python/3.14.3/x64/lib/pkgconfig
job-core	Setup Kubectl Tunnel	2026-02-16T22:07:52.4391297Z   Python_ROOT_DIR: /home/runner/_work/_tool/Python/3.14.3/x64
job-core	Setup Kubectl Tunnel	2026-02-16T22:07:52.4391779Z   Python2_ROOT_DIR: /home/runner/_work/_tool/Python/3.14.3/x64
job-core	Setup Kubectl Tunnel	2026-02-16T22:07:52.4392255Z   Python3_ROOT_DIR: /home/runner/_work/_tool/Python/3.14.3/x64
job-core	Setup Kubectl Tunnel	2026-02-16T22:07:52.4392749Z   LD_LIBRARY_PATH: /home/runner/_work/_tool/Python/3.14.3/x64/lib
job-core	Setup Kubectl Tunnel	2026-02-16T22:07:52.4393152Z ##[endgroup]
job-core	Setup Kubectl Tunnel	2026-02-16T22:07:52.9632064Z Starting SSH Tunnel to ***...
job-core	Setup Kubectl Tunnel	2026-02-16T22:08:02.0325533Z Tunnel established on 127.0.0.1:6443
job-core	Setup Kubectl Tunnel	2026-02-16T22:08:02.2901421Z ##[group]Run # Fetch kubeconfig from default location on remote
job-core	Setup Kubectl Tunnel	2026-02-16T22:08:02.2902138Z [36;1m# Fetch kubeconfig from default location on remote[0m
job-core	Setup Kubectl Tunnel	2026-02-16T22:08:02.2902570Z [36;1mecho "Fetching remote kubeconfig..."[0m
job-core	Setup Kubectl Tunnel	2026-02-16T22:08:02.2903267Z [36;1mssh -p *** -i ~/.ssh/id_rsa ***@*** "cat ~/.kube/config" > ./kubeconfig_raw[0m
job-core	Setup Kubectl Tunnel	2026-02-16T22:08:02.2903713Z [36;1m[0m
job-core	Setup Kubectl Tunnel	2026-02-16T22:08:02.2921814Z [36;1m# Patch the server URL to point to the local tunnel[0m
job-core	Setup Kubectl Tunnel	2026-02-16T22:08:02.2922379Z [36;1m# Replaces any IP/Hostname in the server URL with 127.0.0.1[0m
job-core	Setup Kubectl Tunnel	2026-02-16T22:08:02.2923050Z [36;1m# Example: https://***:6443 -> https://127.0.0.1:6443[0m
job-core	Setup Kubectl Tunnel	2026-02-16T22:08:02.2923794Z [36;1msed -E "s/server: https:\/\/[0-9a-zA-Z\.\-]+:6443/server: https:\/\/127.0.0.1:6443/g" ./kubeconfig_raw > ./kubeconfig_tunneled[0m
job-core	Setup Kubectl Tunnel	2026-02-16T22:08:02.2924418Z [36;1m[0m
job-core	Setup Kubectl Tunnel	2026-02-16T22:08:02.2924669Z [36;1m# Move to a standard location[0m
job-core	Setup Kubectl Tunnel	2026-02-16T22:08:02.2925009Z [36;1mmkdir -p ~/.kube[0m
job-core	Setup Kubectl Tunnel	2026-02-16T22:08:02.2925364Z [36;1mmv ./kubeconfig_tunneled ~/.kube/config[0m
job-core	Setup Kubectl Tunnel	2026-02-16T22:08:02.2925723Z [36;1mchmod 600 ~/.kube/config[0m
job-core	Setup Kubectl Tunnel	2026-02-16T22:08:02.2927472Z [36;1m[0m
job-core	Setup Kubectl Tunnel	2026-02-16T22:08:02.2927991Z [36;1m# Set Skip TLS Verify (since certificate is for the private IP/Hostname, not localhost)[0m
job-core	Setup Kubectl Tunnel	2026-02-16T22:08:02.2928679Z [36;1m# We must detect the cluster name dynamically because it might not be 'default'[0m
job-core	Setup Kubectl Tunnel	2026-02-16T22:08:02.2929174Z [36;1m[0m
job-core	Setup Kubectl Tunnel	2026-02-16T22:08:02.2929478Z [36;1mCURRENT_CONTEXT=$(kubectl config current-context)[0m
job-core	Setup Kubectl Tunnel	2026-02-16T22:08:02.2930227Z [36;1mCLUSTER_NAME=$(kubectl config view -o jsonpath="{.contexts[?(@.name=='$CURRENT_CONTEXT')].context.cluster}")[0m
job-core	Setup Kubectl Tunnel	2026-02-16T22:08:02.2930829Z [36;1m[0m
job-core	Setup Kubectl Tunnel	2026-02-16T22:08:02.2931147Z [36;1mecho "Configuring TLS skip for cluster: $CLUSTER_NAME"[0m
job-core	Setup Kubectl Tunnel	2026-02-16T22:08:02.2931542Z [36;1m[0m
job-core	Setup Kubectl Tunnel	2026-02-16T22:08:02.2931835Z [36;1m# Disable TLS verification for the active cluster[0m
job-core	Setup Kubectl Tunnel	2026-02-16T22:08:02.2932401Z [36;1mkubectl config set-cluster "$CLUSTER_NAME" --insecure-skip-tls-verify=true[0m
job-core	Setup Kubectl Tunnel	2026-02-16T22:08:02.2932896Z [36;1m[0m
job-core	Setup Kubectl Tunnel	2026-02-16T22:08:02.2962419Z [36;1m# Unset CA data to ensure insecure mode works (avoid conflicts)[0m
job-core	Setup Kubectl Tunnel	2026-02-16T22:08:02.2963618Z [36;1mkubectl config unset "clusters.$CLUSTER_NAME.certificate-authority-data"[0m
job-core	Setup Kubectl Tunnel	2026-02-16T22:08:02.2964120Z [36;1m[0m
job-core	Setup Kubectl Tunnel	2026-02-16T22:08:02.2964403Z [36;1mecho "path=~/.kube/config" >> $GITHUB_OUTPUT[0m
job-core	Setup Kubectl Tunnel	2026-02-16T22:08:02.2964852Z [36;1mecho "Kubeconfig configured successfully."[0m
job-core	Setup Kubectl Tunnel	2026-02-16T22:08:02.3419039Z shell: /usr/bin/bash --noprofile --norc -e -o pipefail {0}
job-core	Setup Kubectl Tunnel	2026-02-16T22:08:02.3419473Z env:
job-core	Setup Kubectl Tunnel	2026-02-16T22:08:02.3420774Z   pythonLocation: /home/runner/_work/_tool/Python/3.14.3/x64
job-core	Setup Kubectl Tunnel	2026-02-16T22:08:02.3421300Z   PKG_CONFIG_PATH: /home/runner/_work/_tool/Python/3.14.3/x64/lib/pkgconfig
job-core	Setup Kubectl Tunnel	2026-02-16T22:08:02.3421823Z   Python_ROOT_DIR: /home/runner/_work/_tool/Python/3.14.3/x64
job-core	Setup Kubectl Tunnel	2026-02-16T22:08:02.3422291Z   Python2_ROOT_DIR: /home/runner/_work/_tool/Python/3.14.3/x64
job-core	Setup Kubectl Tunnel	2026-02-16T22:08:02.3443401Z   Python3_ROOT_DIR: /home/runner/_work/_tool/Python/3.14.3/x64
job-core	Setup Kubectl Tunnel	2026-02-16T22:08:02.3443915Z   LD_LIBRARY_PATH: /home/runner/_work/_tool/Python/3.14.3/x64/lib
job-core	Setup Kubectl Tunnel	2026-02-16T22:08:02.3444323Z ##[endgroup]
job-core	Setup Kubectl Tunnel	2026-02-16T22:08:04.8311196Z Fetching remote kubeconfig...
job-core	Setup Kubectl Tunnel	2026-02-16T22:08:42.1709230Z Configuring TLS skip for cluster: kubernetes
job-core	Setup Kubectl Tunnel	2026-02-16T22:08:48.9273287Z Cluster "kubernetes" set.
job-core	Setup Kubectl Tunnel	2026-02-16T22:08:49.6301144Z Property "clusters.kubernetes.certificate-authority-data" unset.
job-core	Setup Kubectl Tunnel	2026-02-16T22:08:49.6481993Z Kubeconfig configured successfully.
job-core	Setup Kubectl Tunnel	2026-02-16T22:08:51.0675404Z ##[group]Run kubectl get nodes
job-core	Setup Kubectl Tunnel	2026-02-16T22:08:51.0675767Z [36;1mkubectl get nodes[0m
job-core	Setup Kubectl Tunnel	2026-02-16T22:08:51.0973076Z shell: /usr/bin/bash --noprofile --norc -e -o pipefail {0}
job-core	Setup Kubectl Tunnel	2026-02-16T22:08:51.0973501Z env:
job-core	Setup Kubectl Tunnel	2026-02-16T22:08:51.0973837Z   pythonLocation: /home/runner/_work/_tool/Python/3.14.3/x64
job-core	Setup Kubectl Tunnel	2026-02-16T22:08:51.0974373Z   PKG_CONFIG_PATH: /home/runner/_work/_tool/Python/3.14.3/x64/lib/pkgconfig
job-core	Setup Kubectl Tunnel	2026-02-16T22:08:51.0984130Z   Python_ROOT_DIR: /home/runner/_work/_tool/Python/3.14.3/x64
job-core	Setup Kubectl Tunnel	2026-02-16T22:08:51.0984711Z   Python2_ROOT_DIR: /home/runner/_work/_tool/Python/3.14.3/x64
job-core	Setup Kubectl Tunnel	2026-02-16T22:08:51.0985202Z   Python3_ROOT_DIR: /home/runner/_work/_tool/Python/3.14.3/x64
job-core	Setup Kubectl Tunnel	2026-02-16T22:08:51.0985692Z   LD_LIBRARY_PATH: /home/runner/_work/_tool/Python/3.14.3/x64/lib
job-core	Setup Kubectl Tunnel	2026-02-16T22:08:51.0986098Z ##[endgroup]
job-core	Setup Kubectl Tunnel	2026-02-16T22:08:56.8585453Z NAME         STATUS                     ROLES           AGE   VERSION
job-core	Setup Kubectl Tunnel	2026-02-16T22:08:56.8603044Z k8-manager   Ready                      control-plane   60d   v1.32.11
job-core	Setup Kubectl Tunnel	2026-02-16T22:08:56.8923046Z k8-node-20   Ready                      <none>          60d   v1.32.11
job-core	Setup Kubectl Tunnel	2026-02-16T22:08:56.8923654Z k8-node-30   Ready,SchedulingDisabled   <none>          40d   v1.32.11
job-core	Setup Kubectl Tunnel	2026-02-16T22:08:56.8924195Z k8-node-40   Ready,SchedulingDisabled   <none>          12d   v1.32.11
job-core	Detect Unhealthy Nodes	ï»¿2026-02-16T22:08:58.2258646Z ##[group]Run chmod +x .github/scripts/watchdog-disk-pressure.py
job-core	Detect Unhealthy Nodes	2026-02-16T22:08:58.2259380Z [36;1mchmod +x .github/scripts/watchdog-disk-pressure.py[0m
job-core	Detect Unhealthy Nodes	2026-02-16T22:08:58.2280804Z [36;1mNODES=$(python3 .github/scripts/watchdog-disk-pressure.py)[0m
job-core	Detect Unhealthy Nodes	2026-02-16T22:08:58.2281338Z [36;1m[0m
job-core	Detect Unhealthy Nodes	2026-02-16T22:08:58.2281594Z [36;1mif [ -z "$NODES" ]; then[0m
job-core	Detect Unhealthy Nodes	2026-02-16T22:08:58.2287015Z [36;1m  echo "âœ… All nodes are healthy (No DiskPressure)."[0m
job-core	Detect Unhealthy Nodes	2026-02-16T22:08:58.2287512Z [36;1m  echo "nodes=" >> $GITHUB_OUTPUT[0m
job-core	Detect Unhealthy Nodes	2026-02-16T22:08:58.2287846Z [36;1melse[0m
job-core	Detect Unhealthy Nodes	2026-02-16T22:08:58.2288141Z [36;1m  echo "âš ï¸ Found nodes with DiskPressure:"[0m
job-core	Detect Unhealthy Nodes	2026-02-16T22:08:58.2291988Z [36;1m  echo "$NODES"[0m
job-core	Detect Unhealthy Nodes	2026-02-16T22:08:58.2292418Z [36;1m  # Replace newlines with spaces or keep as multiline for output? [0m
job-core	Detect Unhealthy Nodes	2026-02-16T22:08:58.2293057Z [36;1m  # Multiline strings in output are tricky. Let's use JSON or just space separated.[0m
job-core	Detect Unhealthy Nodes	2026-02-16T22:08:58.2301477Z [36;1m  # For loop below handles space separated fine if names don't have spaces.[0m
job-core	Detect Unhealthy Nodes	2026-02-16T22:08:58.2302110Z [36;1m  NODES_FLAT=$(echo "$NODES" | tr '\n' ' ')[0m
job-core	Detect Unhealthy Nodes	2026-02-16T22:08:58.2307568Z [36;1m  echo "nodes=$NODES_FLAT" >> $GITHUB_OUTPUT[0m
job-core	Detect Unhealthy Nodes	2026-02-16T22:08:58.2307935Z [36;1mfi[0m
job-core	Detect Unhealthy Nodes	2026-02-16T22:08:58.2390768Z shell: /usr/bin/bash -e {0}
job-core	Detect Unhealthy Nodes	2026-02-16T22:08:58.2391101Z env:
job-core	Detect Unhealthy Nodes	2026-02-16T22:08:58.2391442Z   pythonLocation: /home/runner/_work/_tool/Python/3.14.3/x64
job-core	Detect Unhealthy Nodes	2026-02-16T22:08:58.2391972Z   PKG_CONFIG_PATH: /home/runner/_work/_tool/Python/3.14.3/x64/lib/pkgconfig
job-core	Detect Unhealthy Nodes	2026-02-16T22:08:58.2392627Z   Python_ROOT_DIR: /home/runner/_work/_tool/Python/3.14.3/x64
job-core	Detect Unhealthy Nodes	2026-02-16T22:08:58.2393100Z   Python2_ROOT_DIR: /home/runner/_work/_tool/Python/3.14.3/x64
job-core	Detect Unhealthy Nodes	2026-02-16T22:08:58.2393562Z   Python3_ROOT_DIR: /home/runner/_work/_tool/Python/3.14.3/x64
job-core	Detect Unhealthy Nodes	2026-02-16T22:08:58.2394158Z   LD_LIBRARY_PATH: /home/runner/_work/_tool/Python/3.14.3/x64/lib
job-core	Detect Unhealthy Nodes	2026-02-16T22:08:58.2394555Z ##[endgroup]
job-core	Detect Unhealthy Nodes	2026-02-16T22:09:13.6460990Z âœ… All nodes are healthy (No DiskPressure).
job-core	Post Setup Python	ï»¿2026-02-16T22:09:14.2234977Z Post job cleanup.
job-core	Post Checkout	ï»¿2026-02-16T22:09:15.7997145Z Post job cleanup.
job-core	Post Checkout	2026-02-16T22:09:17.0186418Z [command]/usr/bin/git version
job-core	Post Checkout	2026-02-16T22:09:17.6403737Z git version 2.52.0
job-core	Post Checkout	2026-02-16T22:09:17.9453106Z Temporarily overriding HOME='/home/runner/_work/_temp/d0c8496b-9ebc-4540-85cf-9ad8fbfee601' before making global git config changes
job-core	Post Checkout	2026-02-16T22:09:17.9522858Z Adding repository directory to the temporary git global config as a safe directory
job-core	Post Checkout	2026-02-16T22:09:17.9586622Z [command]/usr/bin/git config --global --add safe.directory /home/runner/_work/ka0s/ka0s
job-core	Post Checkout	2026-02-16T22:09:18.9907157Z [command]/usr/bin/git config --local --name-only --get-regexp core\.sshCommand
job-core	Post Checkout	2026-02-16T22:09:20.7934992Z [command]/usr/bin/git submodule foreach --recursive sh -c "git config --local --name-only --get-regexp 'core\.sshCommand' && git config --local --unset-all 'core.sshCommand' || :"
job-core	Post Checkout	2026-02-16T22:09:46.6873384Z [command]/usr/bin/git config --local --name-only --get-regexp http\.https\:\/\/github\.com\/\.extraheader
job-core	Post Checkout	2026-02-16T22:09:47.4652634Z http.https://github.com/.extraheader
job-core	Post Checkout	2026-02-16T22:09:47.5915560Z [command]/usr/bin/git config --local --unset-all http.https://github.com/.extraheader
job-core	Post Checkout	2026-02-16T22:09:48.7469195Z [command]/usr/bin/git submodule foreach --recursive sh -c "git config --local --name-only --get-regexp 'http\.https\:\/\/github\.com\/\.extraheader' && git config --local --unset-all 'http.https://github.com/.extraheader' || :"
job-core	Post Checkout	2026-02-16T22:10:25.2422987Z [command]/usr/bin/git config --local --name-only --get-regexp ^includeIf\.gitdir:
job-core	Post Checkout	2026-02-16T22:10:28.1979426Z [command]/usr/bin/git submodule foreach --recursive git config --local --show-origin --name-only --get-regexp remote.origin.url
job-core	Complete job	ï»¿2026-02-16T22:11:12.0403209Z Evaluate and set job outputs
job-core	Complete job	2026-02-16T22:11:12.0513530Z Cleaning up orphan processes
job-core	Complete job	2026-02-16T22:11:12.1515531Z Terminate orphan process: pid (347) (ssh)
handle-success	Set up job	ï»¿2026-02-16T22:29:00.6568675Z Current runner version: '2.331.0'
handle-success	Set up job	2026-02-16T22:29:00.7634455Z Runner name: 'swarm-runners-scaleset-hkss5-runner-srdvj'
handle-success	Set up job	2026-02-16T22:29:00.7635570Z Runner group name: 'Default'
handle-success	Set up job	2026-02-16T22:29:00.7636691Z Machine name: 'swarm-runners-scaleset-hkss5-runner-srdvj'
handle-success	Set up job	2026-02-16T22:29:00.8826087Z ##[group]GITHUB_TOKEN Permissions
handle-success	Set up job	2026-02-16T22:29:00.8829226Z Actions: write
handle-success	Set up job	2026-02-16T22:29:00.9319608Z Contents: read
handle-success	Set up job	2026-02-16T22:29:00.9320361Z Metadata: read
handle-success	Set up job	2026-02-16T22:29:00.9320868Z ##[endgroup]
handle-success	Set up job	2026-02-16T22:29:00.9323946Z Secret source: Actions
handle-success	Set up job	2026-02-16T22:29:00.9324730Z Prepare workflow directory
handle-success	Set up job	2026-02-16T22:29:03.1957641Z Prepare all required actions
handle-success	Set up job	2026-02-16T22:29:03.2516691Z Getting action download info
handle-success	Set up job	2026-02-16T22:29:04.6407300Z Download action repository 'actions/checkout@v4' (SHA:34e114876b0b11c390a56381ad16ebd13914f8d5)
handle-success	Set up job	2026-02-16T22:29:08.4609118Z Complete job name: handle-success
handle-success	Log Success	ï»¿2026-02-16T22:29:10.0985517Z ##[group]Run echo "Watchdog scan completed successfully."
handle-success	Log Success	2026-02-16T22:29:10.0987060Z [36;1mecho "Watchdog scan completed successfully."[0m
handle-success	Log Success	2026-02-16T22:29:10.2036985Z shell: /usr/bin/bash -e {0}
handle-success	Log Success	2026-02-16T22:29:10.2157565Z env:
handle-success	Log Success	2026-02-16T22:29:10.2158960Z   GH_TOKEN: ***
handle-success	Log Success	2026-02-16T22:29:10.2159728Z ##[endgroup]
handle-success	Log Success	2026-02-16T22:29:10.8072173Z Watchdog scan completed successfully.
handle-success	Checkout Repository	ï»¿2026-02-16T22:29:10.9577816Z ##[group]Run actions/checkout@v4
handle-success	Checkout Repository	2026-02-16T22:29:10.9579072Z with:
handle-success	Checkout Repository	2026-02-16T22:29:10.9583888Z   fetch-depth: 0
handle-success	Checkout Repository	2026-02-16T22:29:10.9584608Z   repository: Ka0s-Klaus/ka0s
handle-success	Checkout Repository	2026-02-16T22:29:10.9585713Z   token: ***
handle-success	Checkout Repository	2026-02-16T22:29:10.9586328Z   ssh-strict: true
handle-success	Checkout Repository	2026-02-16T22:29:10.9586939Z   ssh-user: git
handle-success	Checkout Repository	2026-02-16T22:29:10.9587560Z   persist-credentials: true
handle-success	Checkout Repository	2026-02-16T22:29:10.9588238Z   clean: true
handle-success	Checkout Repository	2026-02-16T22:29:10.9588872Z   sparse-checkout-cone-mode: true
handle-success	Checkout Repository	2026-02-16T22:29:10.9594278Z   fetch-tags: false
handle-success	Checkout Repository	2026-02-16T22:29:10.9595096Z   show-progress: true
handle-success	Checkout Repository	2026-02-16T22:29:10.9595728Z   lfs: false
handle-success	Checkout Repository	2026-02-16T22:29:10.9596307Z   submodules: false
handle-success	Checkout Repository	2026-02-16T22:29:10.9597008Z   set-safe-directory: true
handle-success	Checkout Repository	2026-02-16T22:29:10.9598085Z env:
handle-success	Checkout Repository	2026-02-16T22:29:10.9599176Z   GH_TOKEN: ***
handle-success	Checkout Repository	2026-02-16T22:29:10.9600253Z ##[endgroup]
handle-success	Checkout Repository	2026-02-16T22:29:12.1751757Z Syncing repository: Ka0s-Klaus/ka0s
handle-success	Checkout Repository	2026-02-16T22:29:12.1795452Z ##[group]Getting Git version info
handle-success	Checkout Repository	2026-02-16T22:29:12.1796928Z Working directory is '/home/runner/_work/ka0s/ka0s'
handle-success	Checkout Repository	2026-02-16T22:29:12.2003108Z [command]/usr/bin/git version
handle-success	Checkout Repository	2026-02-16T22:29:12.2400544Z git version 2.52.0
handle-success	Checkout Repository	2026-02-16T22:29:12.3062867Z ##[endgroup]
handle-success	Checkout Repository	2026-02-16T22:29:12.3770964Z Temporarily overriding HOME='/home/runner/_work/_temp/fa72d104-1fd7-4c68-81b1-2a0779082b8a' before making global git config changes
handle-success	Checkout Repository	2026-02-16T22:29:12.3979017Z Adding repository directory to the temporary git global config as a safe directory
handle-success	Checkout Repository	2026-02-16T22:29:12.4074174Z [command]/usr/bin/git config --global --add safe.directory /home/runner/_work/ka0s/ka0s
handle-success	Checkout Repository	2026-02-16T22:29:12.5083220Z Deleting the contents of '/home/runner/_work/ka0s/ka0s'
handle-success	Checkout Repository	2026-02-16T22:29:12.5222817Z ##[group]Initializing the repository
handle-success	Checkout Repository	2026-02-16T22:29:12.5358471Z [command]/usr/bin/git init /home/runner/_work/ka0s/ka0s
handle-success	Checkout Repository	2026-02-16T22:29:12.6613501Z hint: Using 'master' as the name for the initial branch. This default branch name
handle-success	Checkout Repository	2026-02-16T22:29:12.6925372Z hint: will change to "main" in Git 3.0. To configure the initial branch name
handle-success	Checkout Repository	2026-02-16T22:29:12.6943147Z hint: to use in all of your new repositories, which will suppress this warning,
handle-success	Checkout Repository	2026-02-16T22:29:12.7511175Z hint: call:
handle-success	Checkout Repository	2026-02-16T22:29:12.7514455Z hint:
handle-success	Checkout Repository	2026-02-16T22:29:12.7515378Z hint: 	git config --global init.defaultBranch <name>
handle-success	Checkout Repository	2026-02-16T22:29:12.7516797Z hint:
handle-success	Checkout Repository	2026-02-16T22:29:12.7517903Z hint: Names commonly chosen instead of 'master' are 'main', 'trunk' and
handle-success	Checkout Repository	2026-02-16T22:29:12.7519887Z hint: 'development'. The just-created branch can be renamed via this command:
handle-success	Checkout Repository	2026-02-16T22:29:12.7521594Z hint:
handle-success	Checkout Repository	2026-02-16T22:29:12.7522335Z hint: 	git branch -m <name>
handle-success	Checkout Repository	2026-02-16T22:29:12.7523283Z hint:
handle-success	Checkout Repository	2026-02-16T22:29:12.7524603Z hint: Disable this message with "git config set advice.defaultBranchName false"
handle-success	Checkout Repository	2026-02-16T22:29:12.7527307Z Initialized empty Git repository in /home/runner/_work/ka0s/ka0s/.git/
handle-success	Checkout Repository	2026-02-16T22:29:12.7873138Z [command]/usr/bin/git remote add origin https://github.com/Ka0s-Klaus/ka0s
handle-success	Checkout Repository	2026-02-16T22:29:12.8145731Z ##[endgroup]
handle-success	Checkout Repository	2026-02-16T22:29:12.8147867Z ##[group]Disabling automatic garbage collection
handle-success	Checkout Repository	2026-02-16T22:29:12.8230205Z [command]/usr/bin/git config --local gc.auto 0
handle-success	Checkout Repository	2026-02-16T22:29:12.9472971Z ##[endgroup]
handle-success	Checkout Repository	2026-02-16T22:29:12.9552861Z ##[group]Setting up auth
handle-success	Checkout Repository	2026-02-16T22:29:12.9787608Z [command]/usr/bin/git config --local --name-only --get-regexp core\.sshCommand
handle-success	Checkout Repository	2026-02-16T22:29:13.1515824Z [command]/usr/bin/git submodule foreach --recursive sh -c "git config --local --name-only --get-regexp 'core\.sshCommand' && git config --local --unset-all 'core.sshCommand' || :"
handle-success	Checkout Repository	2026-02-16T22:29:13.6593921Z [command]/usr/bin/git config --local --name-only --get-regexp http\.https\:\/\/github\.com\/\.extraheader
handle-success	Checkout Repository	2026-02-16T22:29:13.6847510Z [command]/usr/bin/git submodule foreach --recursive sh -c "git config --local --name-only --get-regexp 'http\.https\:\/\/github\.com\/\.extraheader' && git config --local --unset-all 'http.https://github.com/.extraheader' || :"
handle-success	Checkout Repository	2026-02-16T22:29:14.1625872Z [command]/usr/bin/git config --local --name-only --get-regexp ^includeIf\.gitdir:
handle-success	Checkout Repository	2026-02-16T22:29:14.2195349Z [command]/usr/bin/git submodule foreach --recursive git config --local --show-origin --name-only --get-regexp remote.origin.url
handle-success	Checkout Repository	2026-02-16T22:29:14.3744768Z [command]/usr/bin/git config --local http.https://github.com/.extraheader AUTHORIZATION: basic ***
handle-success	Checkout Repository	2026-02-16T22:29:14.3748570Z ##[endgroup]
handle-success	Checkout Repository	2026-02-16T22:29:14.3823122Z ##[group]Fetching the repository
handle-success	Checkout Repository	2026-02-16T22:29:14.4035859Z [command]/usr/bin/git -c protocol.version=2 fetch --prune --no-recurse-submodules origin +refs/heads/*:refs/remotes/origin/* +refs/tags/*:refs/tags/*
handle-success	Checkout Repository	2026-02-16T22:30:35.9601360Z From https://github.com/Ka0s-Klaus/ka0s
handle-success	Checkout Repository	2026-02-16T22:30:35.9601972Z  * [new branch]          F3450-modelo-operativo -> origin/F3450-modelo-operativo
handle-success	Checkout Repository	2026-02-16T22:30:35.9602626Z  * [new branch]          H1276-modulo-observabilidad -> origin/H1276-modulo-observabilidad
handle-success	Checkout Repository	2026-02-16T22:30:35.9603256Z  * [new branch]          H3266-deploy-zabbix    -> origin/H3266-deploy-zabbix
handle-success	Checkout Repository	2026-02-16T22:30:35.9603775Z  * [new branch]          H3596-deploy-itop      -> origin/H3596-deploy-itop
handle-success	Checkout Repository	2026-02-16T22:30:35.9604255Z  * [new branch]          main                   -> origin/main
handle-success	Checkout Repository	2026-02-16T22:30:35.9604647Z  * [new tag]             0.0.0                  -> 0.0.0
handle-success	Checkout Repository	2026-02-16T22:30:35.9605006Z  * [new tag]             0.0.1                  -> 0.0.1
handle-success	Checkout Repository	2026-02-16T22:30:35.9605363Z  * [new tag]             0.0.10                 -> 0.0.10
handle-success	Checkout Repository	2026-02-16T22:30:35.9605731Z  * [new tag]             0.0.100                -> 0.0.100
handle-success	Checkout Repository	2026-02-16T22:30:35.9606091Z  * [new tag]             0.0.101                -> 0.0.101
handle-success	Checkout Repository	2026-02-16T22:30:35.9606475Z  * [new tag]             0.0.102                -> 0.0.102
handle-success	Checkout Repository	2026-02-16T22:30:35.9606845Z  * [new tag]             0.0.103                -> 0.0.103
handle-success	Checkout Repository	2026-02-16T22:30:35.9607208Z  * [new tag]             0.0.104                -> 0.0.104
handle-success	Checkout Repository	2026-02-16T22:30:35.9607615Z  * [new tag]             0.0.105                -> 0.0.105
handle-success	Checkout Repository	2026-02-16T22:30:35.9608021Z  * [new tag]             0.0.106                -> 0.0.106
handle-success	Checkout Repository	2026-02-16T22:30:35.9608400Z  * [new tag]             0.0.107                -> 0.0.107
handle-success	Checkout Repository	2026-02-16T22:30:35.9608769Z  * [new tag]             0.0.108                -> 0.0.108
handle-success	Checkout Repository	2026-02-16T22:30:35.9609130Z  * [new tag]             0.0.109                -> 0.0.109
handle-success	Checkout Repository	2026-02-16T22:30:35.9609590Z  * [new tag]             0.0.11                 -> 0.0.11
handle-success	Checkout Repository	2026-02-16T22:30:35.9609977Z  * [new tag]             0.0.110                -> 0.0.110
handle-success	Checkout Repository	2026-02-16T22:30:35.9610351Z  * [new tag]             0.0.111                -> 0.0.111
handle-success	Checkout Repository	2026-02-16T22:30:35.9610713Z  * [new tag]             0.0.112                -> 0.0.112
handle-success	Checkout Repository	2026-02-16T22:30:35.9611095Z  * [new tag]             0.0.113                -> 0.0.113
handle-success	Checkout Repository	2026-02-16T22:30:35.9611876Z  * [new tag]             0.0.114                -> 0.0.114
handle-success	Checkout Repository	2026-02-16T22:30:35.9626825Z  * [new tag]             0.0.115                -> 0.0.115
handle-success	Checkout Repository	2026-02-16T22:30:35.9627281Z  * [new tag]             0.0.116                -> 0.0.116
handle-success	Checkout Repository	2026-02-16T22:30:35.9627644Z  * [new tag]             0.0.117                -> 0.0.117
handle-success	Checkout Repository	2026-02-16T22:30:35.9628027Z  * [new tag]             0.0.118                -> 0.0.118
handle-success	Checkout Repository	2026-02-16T22:30:35.9628454Z  * [new tag]             0.0.119                -> 0.0.119
handle-success	Checkout Repository	2026-02-16T22:30:35.9629184Z  * [new tag]             0.0.12                 -> 0.0.12
handle-success	Checkout Repository	2026-02-16T22:30:35.9671004Z  * [new tag]             0.0.120                -> 0.0.120
handle-success	Checkout Repository	2026-02-16T22:30:35.9671718Z  * [new tag]             0.0.121                -> 0.0.121
handle-success	Checkout Repository	2026-02-16T22:30:35.9672124Z  * [new tag]             0.0.122                -> 0.0.122
handle-success	Checkout Repository	2026-02-16T22:30:35.9672564Z  * [new tag]             0.0.123                -> 0.0.123
handle-success	Checkout Repository	2026-02-16T22:30:35.9672936Z  * [new tag]             0.0.124                -> 0.0.124
handle-success	Checkout Repository	2026-02-16T22:30:35.9673321Z  * [new tag]             0.0.125                -> 0.0.125
handle-success	Checkout Repository	2026-02-16T22:30:35.9673690Z  * [new tag]             0.0.126                -> 0.0.126
handle-success	Checkout Repository	2026-02-16T22:30:35.9674050Z  * [new tag]             0.0.127                -> 0.0.127
handle-success	Checkout Repository	2026-02-16T22:30:35.9674938Z  * [new tag]             0.0.128                -> 0.0.128
handle-success	Checkout Repository	2026-02-16T22:30:35.9675296Z  * [new tag]             0.0.129                -> 0.0.129
handle-success	Checkout Repository	2026-02-16T22:30:35.9675662Z  * [new tag]             0.0.13                 -> 0.0.13
handle-success	Checkout Repository	2026-02-16T22:30:35.9676039Z  * [new tag]             0.0.130                -> 0.0.130
handle-success	Checkout Repository	2026-02-16T22:30:35.9676406Z  * [new tag]             0.0.131                -> 0.0.131
handle-success	Checkout Repository	2026-02-16T22:30:35.9676779Z  * [new tag]             0.0.132                -> 0.0.132
handle-success	Checkout Repository	2026-02-16T22:30:35.9677138Z  * [new tag]             0.0.133                -> 0.0.133
handle-success	Checkout Repository	2026-02-16T22:30:35.9677497Z  * [new tag]             0.0.134                -> 0.0.134
handle-success	Checkout Repository	2026-02-16T22:30:35.9677874Z  * [new tag]             0.0.135                -> 0.0.135
handle-success	Checkout Repository	2026-02-16T22:30:35.9678260Z  * [new tag]             0.0.136                -> 0.0.136
handle-success	Checkout Repository	2026-02-16T22:30:35.9678617Z  * [new tag]             0.0.137                -> 0.0.137
handle-success	Checkout Repository	2026-02-16T22:30:35.9678977Z  * [new tag]             0.0.138                -> 0.0.138
handle-success	Checkout Repository	2026-02-16T22:30:35.9679341Z  * [new tag]             0.0.139                -> 0.0.139
handle-success	Checkout Repository	2026-02-16T22:30:35.9828122Z  * [new tag]             0.0.14                 -> 0.0.14
handle-success	Checkout Repository	2026-02-16T22:30:35.9828633Z  * [new tag]             0.0.140                -> 0.0.140
handle-success	Checkout Repository	2026-02-16T22:30:35.9829024Z  * [new tag]             0.0.141                -> 0.0.141
handle-success	Checkout Repository	2026-02-16T22:30:35.9829384Z  * [new tag]             0.0.142                -> 0.0.142
handle-success	Checkout Repository	2026-02-16T22:30:35.9829825Z  * [new tag]             0.0.143                -> 0.0.143
handle-success	Checkout Repository	2026-02-16T22:30:35.9830181Z  * [new tag]             0.0.144                -> 0.0.144
handle-success	Checkout Repository	2026-02-16T22:30:35.9830555Z  * [new tag]             0.0.145                -> 0.0.145
handle-success	Checkout Repository	2026-02-16T22:30:35.9830942Z  * [new tag]             0.0.146                -> 0.0.146
handle-success	Checkout Repository	2026-02-16T22:30:35.9831307Z  * [new tag]             0.0.147                -> 0.0.147
handle-success	Checkout Repository	2026-02-16T22:30:35.9831685Z  * [new tag]             0.0.148                -> 0.0.148
handle-success	Checkout Repository	2026-02-16T22:30:35.9832059Z  * [new tag]             0.0.149                -> 0.0.149
handle-success	Checkout Repository	2026-02-16T22:30:35.9832450Z  * [new tag]             0.0.15                 -> 0.0.15
handle-success	Checkout Repository	2026-02-16T22:30:35.9832811Z  * [new tag]             0.0.150                -> 0.0.150
handle-success	Checkout Repository	2026-02-16T22:30:35.9833180Z  * [new tag]             0.0.151                -> 0.0.151
handle-success	Checkout Repository	2026-02-16T22:30:35.9833549Z  * [new tag]             0.0.152                -> 0.0.152
handle-success	Checkout Repository	2026-02-16T22:30:35.9834030Z  * [new tag]             0.0.153                -> 0.0.153
handle-success	Checkout Repository	2026-02-16T22:30:35.9834401Z  * [new tag]             0.0.154                -> 0.0.154
handle-success	Checkout Repository	2026-02-16T22:30:35.9834758Z  * [new tag]             0.0.155                -> 0.0.155
handle-success	Checkout Repository	2026-02-16T22:30:35.9835134Z  * [new tag]             0.0.156                -> 0.0.156
handle-success	Checkout Repository	2026-02-16T22:30:35.9835881Z  * [new tag]             0.0.157                -> 0.0.157
handle-success	Checkout Repository	2026-02-16T22:30:35.9836266Z  * [new tag]             0.0.158                -> 0.0.158
handle-success	Checkout Repository	2026-02-16T22:30:35.9836644Z  * [new tag]             0.0.159                -> 0.0.159
handle-success	Checkout Repository	2026-02-16T22:30:35.9837024Z  * [new tag]             0.0.16                 -> 0.0.16
handle-success	Checkout Repository	2026-02-16T22:30:35.9837398Z  * [new tag]             0.0.160                -> 0.0.160
handle-success	Checkout Repository	2026-02-16T22:30:35.9837765Z  * [new tag]             0.0.161                -> 0.0.161
handle-success	Checkout Repository	2026-02-16T22:30:35.9838137Z  * [new tag]             0.0.162                -> 0.0.162
handle-success	Checkout Repository	2026-02-16T22:30:35.9838502Z  * [new tag]             0.0.163                -> 0.0.163
handle-success	Checkout Repository	2026-02-16T22:30:35.9838874Z  * [new tag]             0.0.164                -> 0.0.164
handle-success	Checkout Repository	2026-02-16T22:30:35.9839246Z  * [new tag]             0.0.165                -> 0.0.165
handle-success	Checkout Repository	2026-02-16T22:30:36.0035456Z  * [new tag]             0.0.166                -> 0.0.166
handle-success	Checkout Repository	2026-02-16T22:30:36.0037100Z  * [new tag]             0.0.167                -> 0.0.167
handle-success	Checkout Repository	2026-02-16T22:30:36.0037500Z  * [new tag]             0.0.168                -> 0.0.168
handle-success	Checkout Repository	2026-02-16T22:30:36.0038869Z  * [new tag]             0.0.169                -> 0.0.169
handle-success	Checkout Repository	2026-02-16T22:30:36.0043601Z  * [new tag]             0.0.17                 -> 0.0.17
handle-success	Checkout Repository	2026-02-16T22:30:36.0044670Z  * [new tag]             0.0.170                -> 0.0.170
handle-success	Checkout Repository	2026-02-16T22:30:36.0045203Z  * [new tag]             0.0.171                -> 0.0.171
handle-success	Checkout Repository	2026-02-16T22:30:36.0045682Z  * [new tag]             0.0.172                -> 0.0.172
handle-success	Checkout Repository	2026-02-16T22:30:36.0046074Z  * [new tag]             0.0.173                -> 0.0.173
handle-success	Checkout Repository	2026-02-16T22:30:36.0048288Z  * [new tag]             0.0.174                -> 0.0.174
handle-success	Checkout Repository	2026-02-16T22:30:36.0048731Z  * [new tag]             0.0.175                -> 0.0.175
handle-success	Checkout Repository	2026-02-16T22:30:36.0051615Z  * [new tag]             0.0.176                -> 0.0.176
handle-success	Checkout Repository	2026-02-16T22:30:36.0053006Z  * [new tag]             0.0.177                -> 0.0.177
handle-success	Checkout Repository	2026-02-16T22:30:36.0069470Z  * [new tag]             0.0.178                -> 0.0.178
handle-success	Checkout Repository	2026-02-16T22:30:36.0092445Z  * [new tag]             0.0.179                -> 0.0.179
handle-success	Checkout Repository	2026-02-16T22:30:36.0093158Z  * [new tag]             0.0.18                 -> 0.0.18
handle-success	Checkout Repository	2026-02-16T22:30:36.0166348Z  * [new tag]             0.0.19                 -> 0.0.19
handle-success	Checkout Repository	2026-02-16T22:30:36.0166869Z  * [new tag]             0.0.2                  -> 0.0.2
handle-success	Checkout Repository	2026-02-16T22:30:36.0167249Z  * [new tag]             0.0.20                 -> 0.0.20
handle-success	Checkout Repository	2026-02-16T22:30:36.0167622Z  * [new tag]             0.0.21                 -> 0.0.21
handle-success	Checkout Repository	2026-02-16T22:30:36.0167992Z  * [new tag]             0.0.22                 -> 0.0.22
handle-success	Checkout Repository	2026-02-16T22:30:36.0168356Z  * [new tag]             0.0.23                 -> 0.0.23
handle-success	Checkout Repository	2026-02-16T22:30:36.0168731Z  * [new tag]             0.0.24                 -> 0.0.24
handle-success	Checkout Repository	2026-02-16T22:30:36.0169104Z  * [new tag]             0.0.25                 -> 0.0.25
handle-success	Checkout Repository	2026-02-16T22:30:36.0169467Z  * [new tag]             0.0.26                 -> 0.0.26
handle-success	Checkout Repository	2026-02-16T22:30:36.0179268Z  * [new tag]             0.0.27                 -> 0.0.27
handle-success	Checkout Repository	2026-02-16T22:30:36.0180182Z  * [new tag]             0.0.28                 -> 0.0.28
handle-success	Checkout Repository	2026-02-16T22:30:36.0180574Z  * [new tag]             0.0.29                 -> 0.0.29
handle-success	Checkout Repository	2026-02-16T22:30:36.0180964Z  * [new tag]             0.0.3                  -> 0.0.3
handle-success	Checkout Repository	2026-02-16T22:30:36.0181330Z  * [new tag]             0.0.30                 -> 0.0.30
handle-success	Checkout Repository	2026-02-16T22:30:36.0181699Z  * [new tag]             0.0.31                 -> 0.0.31
handle-success	Checkout Repository	2026-02-16T22:30:36.0182066Z  * [new tag]             0.0.32                 -> 0.0.32
handle-success	Checkout Repository	2026-02-16T22:30:36.0182433Z  * [new tag]             0.0.33                 -> 0.0.33
handle-success	Checkout Repository	2026-02-16T22:30:36.0182798Z  * [new tag]             0.0.34                 -> 0.0.34
handle-success	Checkout Repository	2026-02-16T22:30:36.0183163Z  * [new tag]             0.0.35                 -> 0.0.35
handle-success	Checkout Repository	2026-02-16T22:30:36.0183526Z  * [new tag]             0.0.36                 -> 0.0.36
handle-success	Checkout Repository	2026-02-16T22:30:36.0184422Z  * [new tag]             0.0.37                 -> 0.0.37
handle-success	Checkout Repository	2026-02-16T22:30:36.0184793Z  * [new tag]             0.0.38                 -> 0.0.38
handle-success	Checkout Repository	2026-02-16T22:30:36.0185159Z  * [new tag]             0.0.39                 -> 0.0.39
handle-success	Checkout Repository	2026-02-16T22:30:36.0185534Z  * [new tag]             0.0.4                  -> 0.0.4
handle-success	Checkout Repository	2026-02-16T22:30:36.0185904Z  * [new tag]             0.0.40                 -> 0.0.40
handle-success	Checkout Repository	2026-02-16T22:30:36.0186275Z  * [new tag]             0.0.41                 -> 0.0.41
handle-success	Checkout Repository	2026-02-16T22:30:36.0186642Z  * [new tag]             0.0.42                 -> 0.0.42
handle-success	Checkout Repository	2026-02-16T22:30:36.0187002Z  * [new tag]             0.0.43                 -> 0.0.43
handle-success	Checkout Repository	2026-02-16T22:30:36.0187372Z  * [new tag]             0.0.44                 -> 0.0.44
handle-success	Checkout Repository	2026-02-16T22:30:36.0187738Z  * [new tag]             0.0.45                 -> 0.0.45
handle-success	Checkout Repository	2026-02-16T22:30:36.0188104Z  * [new tag]             0.0.46                 -> 0.0.46
handle-success	Checkout Repository	2026-02-16T22:30:36.0188470Z  * [new tag]             0.0.47                 -> 0.0.47
handle-success	Checkout Repository	2026-02-16T22:30:36.0188848Z  * [new tag]             0.0.48                 -> 0.0.48
handle-success	Checkout Repository	2026-02-16T22:30:36.0189217Z  * [new tag]             0.0.49                 -> 0.0.49
handle-success	Checkout Repository	2026-02-16T22:30:36.0215578Z  * [new tag]             0.0.5                  -> 0.0.5
handle-success	Checkout Repository	2026-02-16T22:30:36.0216491Z  * [new tag]             0.0.50                 -> 0.0.50
handle-success	Checkout Repository	2026-02-16T22:30:36.0217285Z  * [new tag]             0.0.51                 -> 0.0.51
handle-success	Checkout Repository	2026-02-16T22:30:36.0217664Z  * [new tag]             0.0.52                 -> 0.0.52
handle-success	Checkout Repository	2026-02-16T22:30:36.0218036Z  * [new tag]             0.0.53                 -> 0.0.53
handle-success	Checkout Repository	2026-02-16T22:30:36.0218409Z  * [new tag]             0.0.54                 -> 0.0.54
handle-success	Checkout Repository	2026-02-16T22:30:36.0218786Z  * [new tag]             0.0.55                 -> 0.0.55
handle-success	Checkout Repository	2026-02-16T22:30:36.0219161Z  * [new tag]             0.0.56                 -> 0.0.56
handle-success	Checkout Repository	2026-02-16T22:30:36.0241658Z  * [new tag]             0.0.57                 -> 0.0.57
handle-success	Checkout Repository	2026-02-16T22:30:36.0242425Z  * [new tag]             0.0.58                 -> 0.0.58
handle-success	Checkout Repository	2026-02-16T22:30:36.0242844Z  * [new tag]             0.0.59                 -> 0.0.59
handle-success	Checkout Repository	2026-02-16T22:30:36.0243226Z  * [new tag]             0.0.6                  -> 0.0.6
handle-success	Checkout Repository	2026-02-16T22:30:36.0243757Z  * [new tag]             0.0.60                 -> 0.0.60
handle-success	Checkout Repository	2026-02-16T22:30:36.0244145Z  * [new tag]             0.0.61                 -> 0.0.61
handle-success	Checkout Repository	2026-02-16T22:30:36.0244521Z  * [new tag]             0.0.62                 -> 0.0.62
handle-success	Checkout Repository	2026-02-16T22:30:36.0244890Z  * [new tag]             0.0.63                 -> 0.0.63
handle-success	Checkout Repository	2026-02-16T22:30:36.0245258Z  * [new tag]             0.0.64                 -> 0.0.64
handle-success	Checkout Repository	2026-02-16T22:30:36.0245619Z  * [new tag]             0.0.65                 -> 0.0.65
handle-success	Checkout Repository	2026-02-16T22:30:36.0245980Z  * [new tag]             0.0.66                 -> 0.0.66
handle-success	Checkout Repository	2026-02-16T22:30:36.0246347Z  * [new tag]             0.0.67                 -> 0.0.67
handle-success	Checkout Repository	2026-02-16T22:30:36.0246714Z  * [new tag]             0.0.68                 -> 0.0.68
handle-success	Checkout Repository	2026-02-16T22:30:36.0247081Z  * [new tag]             0.0.69                 -> 0.0.69
handle-success	Checkout Repository	2026-02-16T22:30:36.0247454Z  * [new tag]             0.0.7                  -> 0.0.7
handle-success	Checkout Repository	2026-02-16T22:30:36.0247806Z  * [new tag]             0.0.70                 -> 0.0.70
handle-success	Checkout Repository	2026-02-16T22:30:36.0248168Z  * [new tag]             0.0.71                 -> 0.0.71
handle-success	Checkout Repository	2026-02-16T22:30:36.0248525Z  * [new tag]             0.0.72                 -> 0.0.72
handle-success	Checkout Repository	2026-02-16T22:30:36.0248894Z  * [new tag]             0.0.73                 -> 0.0.73
handle-success	Checkout Repository	2026-02-16T22:30:36.0249260Z  * [new tag]             0.0.74                 -> 0.0.74
handle-success	Checkout Repository	2026-02-16T22:30:36.0259863Z  * [new tag]             0.0.75                 -> 0.0.75
handle-success	Checkout Repository	2026-02-16T22:30:36.0260263Z  * [new tag]             0.0.76                 -> 0.0.76
handle-success	Checkout Repository	2026-02-16T22:30:36.0260622Z  * [new tag]             0.0.77                 -> 0.0.77
handle-success	Checkout Repository	2026-02-16T22:30:36.0260989Z  * [new tag]             0.0.78                 -> 0.0.78
handle-success	Checkout Repository	2026-02-16T22:30:36.0261341Z  * [new tag]             0.0.79                 -> 0.0.79
handle-success	Checkout Repository	2026-02-16T22:30:36.0261708Z  * [new tag]             0.0.8                  -> 0.0.8
handle-success	Checkout Repository	2026-02-16T22:30:36.0262489Z  * [new tag]             0.0.80                 -> 0.0.80
handle-success	Checkout Repository	2026-02-16T22:30:36.0262847Z  * [new tag]             0.0.81                 -> 0.0.81
handle-success	Checkout Repository	2026-02-16T22:30:36.0263205Z  * [new tag]             0.0.82                 -> 0.0.82
handle-success	Checkout Repository	2026-02-16T22:30:36.0263566Z  * [new tag]             0.0.83                 -> 0.0.83
handle-success	Checkout Repository	2026-02-16T22:30:36.0263922Z  * [new tag]             0.0.84                 -> 0.0.84
handle-success	Checkout Repository	2026-02-16T22:30:36.0264276Z  * [new tag]             0.0.85                 -> 0.0.85
handle-success	Checkout Repository	2026-02-16T22:30:36.0264635Z  * [new tag]             0.0.86                 -> 0.0.86
handle-success	Checkout Repository	2026-02-16T22:30:36.0264989Z  * [new tag]             0.0.87                 -> 0.0.87
handle-success	Checkout Repository	2026-02-16T22:30:36.0265351Z  * [new tag]             0.0.88                 -> 0.0.88
handle-success	Checkout Repository	2026-02-16T22:30:36.0265710Z  * [new tag]             0.0.89                 -> 0.0.89
handle-success	Checkout Repository	2026-02-16T22:30:36.0266067Z  * [new tag]             0.0.9                  -> 0.0.9
handle-success	Checkout Repository	2026-02-16T22:30:36.0266431Z  * [new tag]             0.0.90                 -> 0.0.90
handle-success	Checkout Repository	2026-02-16T22:30:36.0266786Z  * [new tag]             0.0.91                 -> 0.0.91
handle-success	Checkout Repository	2026-02-16T22:30:36.0267147Z  * [new tag]             0.0.92                 -> 0.0.92
handle-success	Checkout Repository	2026-02-16T22:30:36.0267499Z  * [new tag]             0.0.93                 -> 0.0.93
handle-success	Checkout Repository	2026-02-16T22:30:36.0268073Z  * [new tag]             0.0.94                 -> 0.0.94
handle-success	Checkout Repository	2026-02-16T22:30:36.0268433Z  * [new tag]             0.0.95                 -> 0.0.95
handle-success	Checkout Repository	2026-02-16T22:30:36.0268789Z  * [new tag]             0.0.96                 -> 0.0.96
handle-success	Checkout Repository	2026-02-16T22:30:36.0269153Z  * [new tag]             0.0.97                 -> 0.0.97
handle-success	Checkout Repository	2026-02-16T22:30:36.0347164Z  * [new tag]             0.0.98                 -> 0.0.98
handle-success	Checkout Repository	2026-02-16T22:30:36.0347995Z  * [new tag]             0.0.99                 -> 0.0.99
handle-success	Checkout Repository	2026-02-16T22:30:36.0348372Z  * [new tag]             0.1.0                  -> 0.1.0
handle-success	Checkout Repository	2026-02-16T22:30:36.0348744Z  * [new tag]             0.1.1                  -> 0.1.1
handle-success	Checkout Repository	2026-02-16T22:30:36.0349151Z  * [new tag]             0.2.0                  -> 0.2.0
handle-success	Checkout Repository	2026-02-16T22:30:36.0352094Z  * [new tag]             0.3.0                  -> 0.3.0
handle-success	Checkout Repository	2026-02-16T22:30:36.0352576Z  * [new tag]             0.3.1                  -> 0.3.1
handle-success	Checkout Repository	2026-02-16T22:30:36.0352950Z  * [new tag]             0.3.10                 -> 0.3.10
handle-success	Checkout Repository	2026-02-16T22:30:36.0353328Z  * [new tag]             0.3.11                 -> 0.3.11
handle-success	Checkout Repository	2026-02-16T22:30:36.0353686Z  * [new tag]             0.3.12                 -> 0.3.12
handle-success	Checkout Repository	2026-02-16T22:30:36.0354048Z  * [new tag]             0.3.13                 -> 0.3.13
handle-success	Checkout Repository	2026-02-16T22:30:36.0354409Z  * [new tag]             0.3.14                 -> 0.3.14
handle-success	Checkout Repository	2026-02-16T22:30:36.0354771Z  * [new tag]             0.3.15                 -> 0.3.15
handle-success	Checkout Repository	2026-02-16T22:30:36.0355135Z  * [new tag]             0.3.16                 -> 0.3.16
handle-success	Checkout Repository	2026-02-16T22:30:36.0355493Z  * [new tag]             0.3.17                 -> 0.3.17
handle-success	Checkout Repository	2026-02-16T22:30:36.0355852Z  * [new tag]             0.3.2                  -> 0.3.2
handle-success	Checkout Repository	2026-02-16T22:30:36.0356219Z  * [new tag]             0.3.3                  -> 0.3.3
handle-success	Checkout Repository	2026-02-16T22:30:36.0356578Z  * [new tag]             0.3.4                  -> 0.3.4
handle-success	Checkout Repository	2026-02-16T22:30:36.0356952Z  * [new tag]             0.3.5                  -> 0.3.5
handle-success	Checkout Repository	2026-02-16T22:30:36.0357306Z  * [new tag]             0.3.6                  -> 0.3.6
handle-success	Checkout Repository	2026-02-16T22:30:36.0357668Z  * [new tag]             0.3.7                  -> 0.3.7
handle-success	Checkout Repository	2026-02-16T22:30:36.0358025Z  * [new tag]             0.3.8                  -> 0.3.8
handle-success	Checkout Repository	2026-02-16T22:30:36.0358376Z  * [new tag]             0.3.9                  -> 0.3.9
handle-success	Checkout Repository	2026-02-16T22:30:36.0358730Z  * [new tag]             0.4.0                  -> 0.4.0
handle-success	Checkout Repository	2026-02-16T22:30:36.0359087Z  * [new tag]             0.4.1                  -> 0.4.1
handle-success	Checkout Repository	2026-02-16T22:30:36.0359441Z  * [new tag]             0.4.2                  -> 0.4.2
handle-success	Checkout Repository	2026-02-16T22:30:36.0500974Z  * [new tag]             0.4.3                  -> 0.4.3
handle-success	Checkout Repository	2026-02-16T22:30:36.0501484Z  * [new tag]             0.4.4                  -> 0.4.4
handle-success	Checkout Repository	2026-02-16T22:30:36.0502453Z  * [new tag]             0.4.5                  -> 0.4.5
handle-success	Checkout Repository	2026-02-16T22:30:36.0502819Z  * [new tag]             0.4.6                  -> 0.4.6
handle-success	Checkout Repository	2026-02-16T22:30:36.0503175Z  * [new tag]             0.4.7                  -> 0.4.7
handle-success	Checkout Repository	2026-02-16T22:30:36.0503530Z  * [new tag]             0.4.8                  -> 0.4.8
handle-success	Checkout Repository	2026-02-16T22:30:36.0503894Z  * [new tag]             0.4.9                  -> 0.4.9
handle-success	Checkout Repository	2026-02-16T22:30:36.0504255Z  * [new tag]             0.5.0                  -> 0.5.0
handle-success	Checkout Repository	2026-02-16T22:30:36.0504610Z  * [new tag]             0.5.1                  -> 0.5.1
handle-success	Checkout Repository	2026-02-16T22:30:36.0504961Z  * [new tag]             0.5.2                  -> 0.5.2
handle-success	Checkout Repository	2026-02-16T22:30:36.0505313Z  * [new tag]             0.6.0                  -> 0.6.0
handle-success	Checkout Repository	2026-02-16T22:30:36.0505662Z  * [new tag]             0.6.1                  -> 0.6.1
handle-success	Checkout Repository	2026-02-16T22:30:36.0506021Z  * [new tag]             0.6.2                  -> 0.6.2
handle-success	Checkout Repository	2026-02-16T22:30:36.0540829Z [command]/usr/bin/git branch --list --remote origin/main
handle-success	Checkout Repository	2026-02-16T22:30:36.0860920Z   origin/main
handle-success	Checkout Repository	2026-02-16T22:30:36.0892077Z [command]/usr/bin/git rev-parse refs/remotes/origin/main
handle-success	Checkout Repository	2026-02-16T22:30:36.1000995Z d10ce856838b44b7bb35e4d65f518cbd544b48ad
handle-success	Checkout Repository	2026-02-16T22:30:36.1020631Z [command]/usr/bin/git -c protocol.version=2 fetch --no-tags --prune --no-recurse-submodules origin +988dd5188df24dd13a17ca571bc704c27765dd18:refs/remotes/origin/main
handle-success	Checkout Repository	2026-02-16T22:30:36.1242179Z From https://github.com/Ka0s-Klaus/ka0s
handle-success	Checkout Repository	2026-02-16T22:30:36.1251585Z  + d10ce8568...988dd5188 988dd5188df24dd13a17ca571bc704c27765dd18 -> origin/main  (forced update)
handle-success	Checkout Repository	2026-02-16T22:30:36.1979985Z ##[endgroup]
handle-success	Checkout Repository	2026-02-16T22:30:36.1989241Z ##[group]Determining the checkout info
handle-success	Checkout Repository	2026-02-16T22:30:36.1997961Z ##[endgroup]
handle-success	Checkout Repository	2026-02-16T22:30:36.1998345Z [command]/usr/bin/git sparse-checkout disable
handle-success	Checkout Repository	2026-02-16T22:30:36.2002977Z [command]/usr/bin/git config --local --unset-all extensions.worktreeConfig
handle-success	Checkout Repository	2026-02-16T22:30:36.2067299Z ##[group]Checking out the ref
handle-success	Checkout Repository	2026-02-16T22:30:36.2190411Z [command]/usr/bin/git checkout --progress --force -B main refs/remotes/origin/main
handle-success	Checkout Repository	2026-02-16T22:30:36.6914495Z Switched to a new branch 'main'
handle-success	Checkout Repository	2026-02-16T22:30:36.6929227Z branch 'main' set up to track 'origin/main'.
handle-success	Checkout Repository	2026-02-16T22:30:36.6981105Z ##[endgroup]
handle-success	Checkout Repository	2026-02-16T22:30:36.7222830Z [command]/usr/bin/git log -1 --format=%H
handle-success	Checkout Repository	2026-02-16T22:30:36.7381932Z 988dd5188df24dd13a17ca571bc704c27765dd18
handle-success	Install GH CLI	ï»¿2026-02-16T22:30:36.8915960Z Prepare all required actions
handle-success	Install GH CLI	2026-02-16T22:30:36.9266727Z ##[group]Run ./.github/actions/install-gh-cli
handle-success	Install GH CLI	2026-02-16T22:30:36.9267083Z env:
handle-success	Install GH CLI	2026-02-16T22:30:36.9267937Z   GH_TOKEN: ***
handle-success	Install GH CLI	2026-02-16T22:30:36.9268159Z ##[endgroup]
handle-success	Install GH CLI	2026-02-16T22:30:36.9935386Z ##[group]Run type -p curl >/dev/null || (sudo apt-get update && sudo apt-get install curl -y)
handle-success	Install GH CLI	2026-02-16T22:30:36.9936106Z [36;1mtype -p curl >/dev/null || (sudo apt-get update && sudo apt-get install curl -y)[0m
handle-success	Install GH CLI	2026-02-16T22:30:36.9937029Z [36;1mcurl -fsSL https://cli.github.com/packages/githubcli-archive-keyring.gpg | sudo dd of=/usr/share/keyrings/githubcli-archive-keyring.gpg \[0m
handle-success	Install GH CLI	2026-02-16T22:30:36.9937918Z [36;1m&& sudo chmod go+r /usr/share/keyrings/githubcli-archive-keyring.gpg \[0m
handle-success	Install GH CLI	2026-02-16T22:30:36.9939092Z [36;1m&& echo "deb [arch=$(dpkg --print-architecture) signed-by=/usr/share/keyrings/githubcli-archive-keyring.gpg] https://cli.github.com/packages stable main" | sudo tee /etc/apt/sources.list.d/github-cli.list > /dev/null \[0m
handle-success	Install GH CLI	2026-02-16T22:30:36.9940321Z [36;1m&& sudo apt-get update \[0m
handle-success	Install GH CLI	2026-02-16T22:30:36.9940622Z [36;1m&& sudo apt-get install gh -y[0m
handle-success	Install GH CLI	2026-02-16T22:30:36.9966636Z shell: /usr/bin/bash --noprofile --norc -e -o pipefail {0}
handle-success	Install GH CLI	2026-02-16T22:30:36.9967032Z env:
handle-success	Install GH CLI	2026-02-16T22:30:36.9967501Z   GH_TOKEN: ***
handle-success	Install GH CLI	2026-02-16T22:30:36.9967705Z ##[endgroup]
handle-success	Install GH CLI	2026-02-16T22:30:37.1906798Z 4+1 records in
handle-success	Install GH CLI	2026-02-16T22:30:37.1910140Z 4+1 records out
handle-success	Install GH CLI	2026-02-16T22:30:37.1910434Z 2270 bytes (2.3 kB, 2.2 KiB) copied, 0.0440184 s, 51.6 kB/s
handle-success	Install GH CLI	2026-02-16T22:30:39.0451669Z Get:1 https://cli.github.com/packages stable InRelease [3917 B]
handle-success	Install GH CLI	2026-02-16T22:30:39.1011395Z Get:2 http://security.ubuntu.com/ubuntu noble-security InRelease [126 kB]
handle-success	Install GH CLI	2026-02-16T22:30:39.2032780Z Get:3 http://archive.ubuntu.com/ubuntu noble InRelease [256 kB]
handle-success	Install GH CLI	2026-02-16T22:30:39.2380686Z Get:4 https://ppa.launchpadcontent.net/git-core/ppa/ubuntu noble InRelease [24.3 kB]
handle-success	Install GH CLI	2026-02-16T22:30:39.2529454Z Get:5 https://cli.github.com/packages stable/main amd64 Packages [356 B]
handle-success	Install GH CLI	2026-02-16T22:30:39.4013247Z Get:6 https://ppa.launchpadcontent.net/git-core/ppa/ubuntu noble/main amd64 Packages [2992 B]
handle-success	Install GH CLI	2026-02-16T22:30:39.5083003Z Get:7 http://security.ubuntu.com/ubuntu noble-security/restricted amd64 Packages [3122 kB]
handle-success	Install GH CLI	2026-02-16T22:30:39.7637110Z Get:8 http://archive.ubuntu.com/ubuntu noble-updates InRelease [126 kB]
handle-success	Install GH CLI	2026-02-16T22:30:39.8526979Z Get:9 http://security.ubuntu.com/ubuntu noble-security/multiverse amd64 Packages [34.8 kB]
handle-success	Install GH CLI	2026-02-16T22:30:39.8547452Z Get:10 http://security.ubuntu.com/ubuntu noble-security/main amd64 Packages [1829 kB]
handle-success	Install GH CLI	2026-02-16T22:30:39.8760142Z Get:11 http://security.ubuntu.com/ubuntu noble-security/universe amd64 Packages [1205 kB]
handle-success	Install GH CLI	2026-02-16T22:30:39.9200978Z Get:12 http://archive.ubuntu.com/ubuntu noble-backports InRelease [126 kB]
handle-success	Install GH CLI	2026-02-16T22:30:40.0591568Z Get:13 http://archive.ubuntu.com/ubuntu noble/restricted amd64 Packages [117 kB]
handle-success	Install GH CLI	2026-02-16T22:30:40.0864751Z Get:14 http://archive.ubuntu.com/ubuntu noble/main amd64 Packages [1808 kB]
handle-success	Install GH CLI	2026-02-16T22:30:40.3902625Z Get:15 http://archive.ubuntu.com/ubuntu noble/universe amd64 Packages [19.3 MB]
handle-success	Install GH CLI	2026-02-16T22:30:41.0671044Z Get:16 http://archive.ubuntu.com/ubuntu noble/multiverse amd64 Packages [331 kB]
handle-success	Install GH CLI	2026-02-16T22:30:41.2043587Z Get:17 http://archive.ubuntu.com/ubuntu noble-updates/multiverse amd64 Packages [38.1 kB]
handle-success	Install GH CLI	2026-02-16T22:30:41.2070714Z Get:18 http://archive.ubuntu.com/ubuntu noble-updates/restricted amd64 Packages [3330 kB]
handle-success	Install GH CLI	2026-02-16T22:30:41.2573814Z Get:19 http://archive.ubuntu.com/ubuntu noble-updates/main amd64 Packages [2218 kB]
handle-success	Install GH CLI	2026-02-16T22:30:41.3328206Z Get:20 http://archive.ubuntu.com/ubuntu noble-updates/universe amd64 Packages [2014 kB]
handle-success	Install GH CLI	2026-02-16T22:30:41.4220107Z Get:21 http://archive.ubuntu.com/ubuntu noble-backports/main amd64 Packages [49.5 kB]
handle-success	Install GH CLI	2026-02-16T22:30:41.4241050Z Get:22 http://archive.ubuntu.com/ubuntu noble-backports/universe amd64 Packages [34.6 kB]
handle-success	Install GH CLI	2026-02-16T22:30:43.0406745Z Fetched 36.1 MB in 4s (8804 kB/s)
handle-success	Install GH CLI	2026-02-16T22:30:44.3732001Z Reading package lists...
handle-success	Install GH CLI	2026-02-16T22:30:45.5861318Z Reading package lists...
handle-success	Install GH CLI	2026-02-16T22:30:46.0063753Z Building dependency tree...
handle-success	Install GH CLI	2026-02-16T22:30:46.0074250Z Reading state information...
handle-success	Install GH CLI	2026-02-16T22:30:46.6675083Z The following NEW packages will be installed:
handle-success	Install GH CLI	2026-02-16T22:30:46.6726850Z   gh
handle-success	Install GH CLI	2026-02-16T22:30:47.3041288Z 0 upgraded, 1 newly installed, 0 to remove and 25 not upgraded.
handle-success	Install GH CLI	2026-02-16T22:30:47.3042462Z Need to get 13.7 MB of archives.
handle-success	Install GH CLI	2026-02-16T22:30:47.3072804Z After this operation, 37.9 MB of additional disk space will be used.
handle-success	Install GH CLI	2026-02-16T22:30:47.3073452Z Get:1 https://cli.github.com/packages stable/main amd64 gh amd64 2.86.0 [13.7 MB]
handle-success	Install GH CLI	2026-02-16T22:30:50.7866224Z debconf: delaying package configuration, since apt-utils is not installed
handle-success	Install GH CLI	2026-02-16T22:30:50.8921566Z Fetched 13.7 MB in 2s (7722 kB/s)
handle-success	Install GH CLI	2026-02-16T22:30:53.9024858Z Selecting previously unselected package gh.
handle-success	Install GH CLI	2026-02-16T22:30:53.9176711Z (Reading database ... 
handle-success	Install GH CLI	2026-02-16T22:30:53.9180778Z (Reading database ... 5%
handle-success	Install GH CLI	2026-02-16T22:30:53.9182687Z (Reading database ... 10%
handle-success	Install GH CLI	2026-02-16T22:30:53.9184010Z (Reading database ... 15%
handle-success	Install GH CLI	2026-02-16T22:30:53.9184889Z (Reading database ... 20%
handle-success	Install GH CLI	2026-02-16T22:30:53.9185621Z (Reading database ... 25%
handle-success	Install GH CLI	2026-02-16T22:30:53.9186323Z (Reading database ... 30%
handle-success	Install GH CLI	2026-02-16T22:30:53.9187017Z (Reading database ... 35%
handle-success	Install GH CLI	2026-02-16T22:30:53.9187723Z (Reading database ... 40%
handle-success	Install GH CLI	2026-02-16T22:30:53.9188411Z (Reading database ... 45%
handle-success	Install GH CLI	2026-02-16T22:30:53.9189112Z (Reading database ... 50%
handle-success	Install GH CLI	2026-02-16T22:30:53.9192153Z (Reading database ... 55%
handle-success	Install GH CLI	2026-02-16T22:30:53.9193242Z (Reading database ... 60%
handle-success	Install GH CLI	2026-02-16T22:30:53.9205067Z (Reading database ... 65%
handle-success	Install GH CLI	2026-02-16T22:30:53.9252512Z (Reading database ... 70%
handle-success	Install GH CLI	2026-02-16T22:30:53.9263659Z (Reading database ... 75%
handle-success	Install GH CLI	2026-02-16T22:30:53.9286336Z (Reading database ... 80%
handle-success	Install GH CLI	2026-02-16T22:30:53.9295284Z (Reading database ... 85%
handle-success	Install GH CLI	2026-02-16T22:30:53.9311984Z (Reading database ... 90%
handle-success	Install GH CLI	2026-02-16T22:30:53.9339217Z (Reading database ... 95%
handle-success	Install GH CLI	2026-02-16T22:30:53.9339715Z (Reading database ... 100%
handle-success	Install GH CLI	2026-02-16T22:30:53.9340289Z (Reading database ... 14385 files and directories currently installed.)
handle-success	Install GH CLI	2026-02-16T22:30:53.9346590Z Preparing to unpack .../archives/gh_2.86.0_amd64.deb ...
handle-success	Install GH CLI	2026-02-16T22:30:54.4433260Z Unpacking gh (2.86.0) ...
handle-success	Install GH CLI	2026-02-16T22:30:55.6631971Z Setting up gh (2.86.0) ...
handle-success	Trigger Cluster Audit	ï»¿2026-02-16T22:30:55.9039479Z ##[group]Run echo "ðŸ“¸ Triggering post-watchdog cluster audit..."
handle-success	Trigger Cluster Audit	2026-02-16T22:30:55.9052592Z [36;1mecho "ðŸ“¸ Triggering post-watchdog cluster audit..."[0m
handle-success	Trigger Cluster Audit	2026-02-16T22:30:55.9053257Z [36;1mgh workflow run audit-cluster-status.yml --ref main[0m
handle-success	Trigger Cluster Audit	2026-02-16T22:30:55.9066812Z shell: /usr/bin/bash -e {0}
handle-success	Trigger Cluster Audit	2026-02-16T22:30:55.9067091Z env:
handle-success	Trigger Cluster Audit	2026-02-16T22:30:55.9067540Z   GH_TOKEN: ***
handle-success	Trigger Cluster Audit	2026-02-16T22:30:55.9067751Z ##[endgroup]
handle-success	Trigger Cluster Audit	2026-02-16T22:30:55.9966850Z ðŸ“¸ Triggering post-watchdog cluster audit...
handle-success	Post Checkout Repository	ï»¿2026-02-16T22:30:58.0439784Z Post job cleanup.
handle-success	Post Checkout Repository	2026-02-16T22:30:58.8943876Z [command]/usr/bin/git version
handle-success	Post Checkout Repository	2026-02-16T22:30:58.9150826Z git version 2.52.0
handle-success	Post Checkout Repository	2026-02-16T22:30:59.0250819Z Temporarily overriding HOME='/home/runner/_work/_temp/40650623-e03e-46e1-a1ef-8f81024561f2' before making global git config changes
handle-success	Post Checkout Repository	2026-02-16T22:30:59.0375740Z Adding repository directory to the temporary git global config as a safe directory
handle-success	Post Checkout Repository	2026-02-16T22:30:59.0540833Z [command]/usr/bin/git config --global --add safe.directory /home/runner/_work/ka0s/ka0s
handle-success	Post Checkout Repository	2026-02-16T22:30:59.1145552Z [command]/usr/bin/git config --local --name-only --get-regexp core\.sshCommand
handle-success	Post Checkout Repository	2026-02-16T22:30:59.1227263Z [command]/usr/bin/git submodule foreach --recursive sh -c "git config --local --name-only --get-regexp 'core\.sshCommand' && git config --local --unset-all 'core.sshCommand' || :"
handle-success	Post Checkout Repository	2026-02-16T22:30:59.4528208Z [command]/usr/bin/git config --local --name-only --get-regexp http\.https\:\/\/github\.com\/\.extraheader
handle-success	Post Checkout Repository	2026-02-16T22:30:59.4538598Z http.https://github.com/.extraheader
handle-success	Post Checkout Repository	2026-02-16T22:30:59.4672404Z [command]/usr/bin/git config --local --unset-all http.https://github.com/.extraheader
handle-success	Post Checkout Repository	2026-02-16T22:30:59.4732908Z [command]/usr/bin/git submodule foreach --recursive sh -c "git config --local --name-only --get-regexp 'http\.https\:\/\/github\.com\/\.extraheader' && git config --local --unset-all 'http.https://github.com/.extraheader' || :"
handle-success	Post Checkout Repository	2026-02-16T22:30:59.5501307Z [command]/usr/bin/git config --local --name-only --get-regexp ^includeIf\.gitdir:
handle-success	Post Checkout Repository	2026-02-16T22:30:59.5514354Z [command]/usr/bin/git submodule foreach --recursive git config --local --show-origin --name-only --get-regexp remote.origin.url
handle-success	Complete job	ï»¿2026-02-16T22:31:00.0234195Z Cleaning up orphan processes
end-workflow	Set up job	ï»¿2026-02-16T22:34:44.8542883Z Current runner version: '2.331.0'
end-workflow	Set up job	2026-02-16T22:34:44.8802414Z Runner name: 'swarm-runners-scaleset-hkss5-runner-6xn7w'
end-workflow	Set up job	2026-02-16T22:34:44.8803801Z Runner group name: 'Default'
end-workflow	Set up job	2026-02-16T22:34:44.8805098Z Machine name: 'swarm-runners-scaleset-hkss5-runner-6xn7w'
end-workflow	Set up job	2026-02-16T22:34:44.8809429Z ##[group]GITHUB_TOKEN Permissions
end-workflow	Set up job	2026-02-16T22:34:44.8922617Z Actions: write
end-workflow	Set up job	2026-02-16T22:34:44.8923599Z Contents: read
end-workflow	Set up job	2026-02-16T22:34:44.8924244Z Metadata: read
end-workflow	Set up job	2026-02-16T22:34:44.8924832Z ##[endgroup]
end-workflow	Set up job	2026-02-16T22:34:44.8927691Z Secret source: Actions
end-workflow	Set up job	2026-02-16T22:34:44.8928802Z Prepare workflow directory
end-workflow	Set up job	2026-02-16T22:34:46.2161930Z Prepare all required actions
end-workflow	Set up job	2026-02-16T22:34:46.3725684Z Getting action download info
end-workflow	Set up job	2026-02-16T22:34:49.7628500Z Download action repository 'actions/checkout@v4' (SHA:34e114876b0b11c390a56381ad16ebd13914f8d5)
end-workflow	Set up job	2026-02-16T22:34:52.8833487Z Complete job name: end-workflow
end-workflow	Checkout Repository	ï»¿2026-02-16T22:34:54.0146807Z ##[group]Run actions/checkout@v4
end-workflow	Checkout Repository	2026-02-16T22:34:54.0147940Z with:
end-workflow	Checkout Repository	2026-02-16T22:34:54.0148487Z   fetch-depth: 0
end-workflow	Checkout Repository	2026-02-16T22:34:54.0148936Z   repository: Ka0s-Klaus/ka0s
end-workflow	Checkout Repository	2026-02-16T22:34:54.0215119Z   token: ***
end-workflow	Checkout Repository	2026-02-16T22:34:54.0215852Z   ssh-strict: true
end-workflow	Checkout Repository	2026-02-16T22:34:54.0216288Z   ssh-user: git
end-workflow	Checkout Repository	2026-02-16T22:34:54.0216711Z   persist-credentials: true
end-workflow	Checkout Repository	2026-02-16T22:34:54.0217192Z   clean: true
end-workflow	Checkout Repository	2026-02-16T22:34:54.0217655Z   sparse-checkout-cone-mode: true
end-workflow	Checkout Repository	2026-02-16T22:34:54.0218187Z   fetch-tags: false
end-workflow	Checkout Repository	2026-02-16T22:34:54.0218619Z   show-progress: true
end-workflow	Checkout Repository	2026-02-16T22:34:54.0219057Z   lfs: false
end-workflow	Checkout Repository	2026-02-16T22:34:54.0330157Z   submodules: false
end-workflow	Checkout Repository	2026-02-16T22:34:54.0350180Z   set-safe-directory: true
end-workflow	Checkout Repository	2026-02-16T22:34:54.0351515Z ##[endgroup]
end-workflow	Checkout Repository	2026-02-16T22:34:55.7346054Z Syncing repository: Ka0s-Klaus/ka0s
end-workflow	Checkout Repository	2026-02-16T22:34:55.7348069Z ##[group]Getting Git version info
end-workflow	Checkout Repository	2026-02-16T22:34:55.7348778Z Working directory is '/home/runner/_work/ka0s/ka0s'
end-workflow	Checkout Repository	2026-02-16T22:34:55.7890739Z [command]/usr/bin/git version
end-workflow	Checkout Repository	2026-02-16T22:34:55.7891675Z git version 2.52.0
end-workflow	Checkout Repository	2026-02-16T22:34:55.7893496Z ##[endgroup]
end-workflow	Checkout Repository	2026-02-16T22:34:55.8307576Z Temporarily overriding HOME='/home/runner/_work/_temp/52a82767-eac9-4bea-9826-b8f82c3dd62e' before making global git config changes
end-workflow	Checkout Repository	2026-02-16T22:34:55.8487569Z Adding repository directory to the temporary git global config as a safe directory
end-workflow	Checkout Repository	2026-02-16T22:34:55.8489270Z [command]/usr/bin/git config --global --add safe.directory /home/runner/_work/ka0s/ka0s
end-workflow	Checkout Repository	2026-02-16T22:34:55.8491158Z Deleting the contents of '/home/runner/_work/ka0s/ka0s'
end-workflow	Checkout Repository	2026-02-16T22:34:55.8492287Z ##[group]Initializing the repository
end-workflow	Checkout Repository	2026-02-16T22:34:55.8492989Z [command]/usr/bin/git init /home/runner/_work/ka0s/ka0s
end-workflow	Checkout Repository	2026-02-16T22:34:55.8493886Z hint: Using 'master' as the name for the initial branch. This default branch name
end-workflow	Checkout Repository	2026-02-16T22:34:55.8494870Z hint: will change to "main" in Git 3.0. To configure the initial branch name
end-workflow	Checkout Repository	2026-02-16T22:34:55.8495902Z hint: to use in all of your new repositories, which will suppress this warning,
end-workflow	Checkout Repository	2026-02-16T22:34:55.8496819Z hint: call:
end-workflow	Checkout Repository	2026-02-16T22:34:55.8580077Z hint:
end-workflow	Checkout Repository	2026-02-16T22:34:55.8581334Z hint: 	git config --global init.defaultBranch <name>
end-workflow	Checkout Repository	2026-02-16T22:34:55.8581986Z hint:
end-workflow	Checkout Repository	2026-02-16T22:34:55.8582594Z hint: Names commonly chosen instead of 'master' are 'main', 'trunk' and
end-workflow	Checkout Repository	2026-02-16T22:34:55.8590672Z hint: 'development'. The just-created branch can be renamed via this command:
end-workflow	Checkout Repository	2026-02-16T22:34:55.8591581Z hint:
end-workflow	Checkout Repository	2026-02-16T22:34:55.8592043Z hint: 	git branch -m <name>
end-workflow	Checkout Repository	2026-02-16T22:34:55.8592533Z hint:
end-workflow	Checkout Repository	2026-02-16T22:34:55.8593161Z hint: Disable this message with "git config set advice.defaultBranchName false"
end-workflow	Checkout Repository	2026-02-16T22:34:55.8594149Z Initialized empty Git repository in /home/runner/_work/ka0s/ka0s/.git/
end-workflow	Checkout Repository	2026-02-16T22:34:55.8595933Z [command]/usr/bin/git remote add origin https://github.com/Ka0s-Klaus/ka0s
end-workflow	Checkout Repository	2026-02-16T22:34:55.8597662Z ##[endgroup]
end-workflow	Checkout Repository	2026-02-16T22:34:55.8598470Z ##[group]Disabling automatic garbage collection
end-workflow	Checkout Repository	2026-02-16T22:34:55.8599131Z [command]/usr/bin/git config --local gc.auto 0
end-workflow	Checkout Repository	2026-02-16T22:34:55.8901435Z ##[endgroup]
end-workflow	Checkout Repository	2026-02-16T22:34:55.8903680Z ##[group]Setting up auth
end-workflow	Checkout Repository	2026-02-16T22:34:55.8904500Z [command]/usr/bin/git config --local --name-only --get-regexp core\.sshCommand
end-workflow	Checkout Repository	2026-02-16T22:34:55.8906943Z [command]/usr/bin/git submodule foreach --recursive sh -c "git config --local --name-only --get-regexp 'core\.sshCommand' && git config --local --unset-all 'core.sshCommand' || :"
end-workflow	Checkout Repository	2026-02-16T22:34:56.1876621Z [command]/usr/bin/git config --local --name-only --get-regexp http\.https\:\/\/github\.com\/\.extraheader
end-workflow	Checkout Repository	2026-02-16T22:34:56.2321788Z [command]/usr/bin/git submodule foreach --recursive sh -c "git config --local --name-only --get-regexp 'http\.https\:\/\/github\.com\/\.extraheader' && git config --local --unset-all 'http.https://github.com/.extraheader' || :"
end-workflow	Checkout Repository	2026-02-16T22:34:57.2553121Z [command]/usr/bin/git config --local --name-only --get-regexp ^includeIf\.gitdir:
end-workflow	Checkout Repository	2026-02-16T22:34:57.2922750Z [command]/usr/bin/git submodule foreach --recursive git config --local --show-origin --name-only --get-regexp remote.origin.url
end-workflow	Checkout Repository	2026-02-16T22:34:57.8091684Z [command]/usr/bin/git config --local http.https://github.com/.extraheader AUTHORIZATION: basic ***
end-workflow	Checkout Repository	2026-02-16T22:34:57.9661775Z ##[endgroup]
end-workflow	Checkout Repository	2026-02-16T22:34:57.9748163Z ##[group]Fetching the repository
end-workflow	Checkout Repository	2026-02-16T22:34:57.9877651Z [command]/usr/bin/git -c protocol.version=2 fetch --prune --no-recurse-submodules origin +refs/heads/*:refs/remotes/origin/* +refs/tags/*:refs/tags/*
end-workflow	Checkout Repository	2026-02-16T22:37:22.3588052Z From https://github.com/Ka0s-Klaus/ka0s
end-workflow	Checkout Repository	2026-02-16T22:37:22.3588728Z  * [new branch]          F3450-modelo-operativo -> origin/F3450-modelo-operativo
end-workflow	Checkout Repository	2026-02-16T22:37:22.3589391Z  * [new branch]          H1276-modulo-observabilidad -> origin/H1276-modulo-observabilidad
end-workflow	Checkout Repository	2026-02-16T22:37:22.3602568Z  * [new branch]          H3266-deploy-zabbix    -> origin/H3266-deploy-zabbix
end-workflow	Checkout Repository	2026-02-16T22:37:22.3603203Z  * [new branch]          H3596-deploy-itop      -> origin/H3596-deploy-itop
end-workflow	Checkout Repository	2026-02-16T22:37:22.3603726Z  * [new branch]          main                   -> origin/main
end-workflow	Checkout Repository	2026-02-16T22:37:22.3604165Z  * [new tag]             0.0.0                  -> 0.0.0
end-workflow	Checkout Repository	2026-02-16T22:37:22.3604545Z  * [new tag]             0.0.1                  -> 0.0.1
end-workflow	Checkout Repository	2026-02-16T22:37:22.3604921Z  * [new tag]             0.0.10                 -> 0.0.10
end-workflow	Checkout Repository	2026-02-16T22:37:22.3605311Z  * [new tag]             0.0.100                -> 0.0.100
end-workflow	Checkout Repository	2026-02-16T22:37:22.3605704Z  * [new tag]             0.0.101                -> 0.0.101
end-workflow	Checkout Repository	2026-02-16T22:37:22.3606119Z  * [new tag]             0.0.102                -> 0.0.102
end-workflow	Checkout Repository	2026-02-16T22:37:22.3606504Z  * [new tag]             0.0.103                -> 0.0.103
end-workflow	Checkout Repository	2026-02-16T22:37:22.3606883Z  * [new tag]             0.0.104                -> 0.0.104
end-workflow	Checkout Repository	2026-02-16T22:37:22.3607332Z  * [new tag]             0.0.105                -> 0.0.105
end-workflow	Checkout Repository	2026-02-16T22:37:22.3607813Z  * [new tag]             0.0.106                -> 0.0.106
end-workflow	Checkout Repository	2026-02-16T22:37:22.3608204Z  * [new tag]             0.0.107                -> 0.0.107
end-workflow	Checkout Repository	2026-02-16T22:37:22.3608599Z  * [new tag]             0.0.108                -> 0.0.108
end-workflow	Checkout Repository	2026-02-16T22:37:22.3608985Z  * [new tag]             0.0.109                -> 0.0.109
end-workflow	Checkout Repository	2026-02-16T22:37:22.3609364Z  * [new tag]             0.0.11                 -> 0.0.11
end-workflow	Checkout Repository	2026-02-16T22:37:22.3610015Z  * [new tag]             0.0.110                -> 0.0.110
end-workflow	Checkout Repository	2026-02-16T22:37:22.3610401Z  * [new tag]             0.0.111                -> 0.0.111
end-workflow	Checkout Repository	2026-02-16T22:37:22.3610774Z  * [new tag]             0.0.112                -> 0.0.112
end-workflow	Checkout Repository	2026-02-16T22:37:22.3611158Z  * [new tag]             0.0.113                -> 0.0.113
end-workflow	Checkout Repository	2026-02-16T22:37:22.3611549Z  * [new tag]             0.0.114                -> 0.0.114
end-workflow	Checkout Repository	2026-02-16T22:37:22.3611978Z  * [new tag]             0.0.115                -> 0.0.115
end-workflow	Checkout Repository	2026-02-16T22:37:22.3612358Z  * [new tag]             0.0.116                -> 0.0.116
end-workflow	Checkout Repository	2026-02-16T22:37:22.3612729Z  * [new tag]             0.0.117                -> 0.0.117
end-workflow	Checkout Repository	2026-02-16T22:37:22.3613105Z  * [new tag]             0.0.118                -> 0.0.118
end-workflow	Checkout Repository	2026-02-16T22:37:22.3613582Z  * [new tag]             0.0.119                -> 0.0.119
end-workflow	Checkout Repository	2026-02-16T22:37:22.4773327Z  * [new tag]             0.0.12                 -> 0.0.12
end-workflow	Checkout Repository	2026-02-16T22:37:22.4773771Z  * [new tag]             0.0.120                -> 0.0.120
end-workflow	Checkout Repository	2026-02-16T22:37:22.4774135Z  * [new tag]             0.0.121                -> 0.0.121
end-workflow	Checkout Repository	2026-02-16T22:37:22.4774492Z  * [new tag]             0.0.122                -> 0.0.122
end-workflow	Checkout Repository	2026-02-16T22:37:22.4774849Z  * [new tag]             0.0.123                -> 0.0.123
end-workflow	Checkout Repository	2026-02-16T22:37:22.4775202Z  * [new tag]             0.0.124                -> 0.0.124
end-workflow	Checkout Repository	2026-02-16T22:37:22.4775554Z  * [new tag]             0.0.125                -> 0.0.125
end-workflow	Checkout Repository	2026-02-16T22:37:22.4775906Z  * [new tag]             0.0.126                -> 0.0.126
end-workflow	Checkout Repository	2026-02-16T22:37:22.4776255Z  * [new tag]             0.0.127                -> 0.0.127
end-workflow	Checkout Repository	2026-02-16T22:37:22.4776596Z  * [new tag]             0.0.128                -> 0.0.128
end-workflow	Checkout Repository	2026-02-16T22:37:22.4777232Z  * [new tag]             0.0.129                -> 0.0.129
end-workflow	Checkout Repository	2026-02-16T22:37:22.4777592Z  * [new tag]             0.0.13                 -> 0.0.13
end-workflow	Checkout Repository	2026-02-16T22:37:22.4777946Z  * [new tag]             0.0.130                -> 0.0.130
end-workflow	Checkout Repository	2026-02-16T22:37:22.4886163Z  * [new tag]             0.0.131                -> 0.0.131
end-workflow	Checkout Repository	2026-02-16T22:37:22.4887413Z  * [new tag]             0.0.132                -> 0.0.132
end-workflow	Checkout Repository	2026-02-16T22:37:22.4897068Z  * [new tag]             0.0.133                -> 0.0.133
end-workflow	Checkout Repository	2026-02-16T22:37:22.4904449Z  * [new tag]             0.0.134                -> 0.0.134
end-workflow	Checkout Repository	2026-02-16T22:37:22.4905057Z  * [new tag]             0.0.135                -> 0.0.135
end-workflow	Checkout Repository	2026-02-16T22:37:22.4921163Z  * [new tag]             0.0.136                -> 0.0.136
end-workflow	Checkout Repository	2026-02-16T22:37:22.4921937Z  * [new tag]             0.0.137                -> 0.0.137
end-workflow	Checkout Repository	2026-02-16T22:37:22.4922476Z  * [new tag]             0.0.138                -> 0.0.138
end-workflow	Checkout Repository	2026-02-16T22:37:22.4922961Z  * [new tag]             0.0.139                -> 0.0.139
end-workflow	Checkout Repository	2026-02-16T22:37:22.4926408Z  * [new tag]             0.0.14                 -> 0.0.14
end-workflow	Checkout Repository	2026-02-16T22:37:22.4931138Z  * [new tag]             0.0.140                -> 0.0.140
end-workflow	Checkout Repository	2026-02-16T22:37:22.4943124Z  * [new tag]             0.0.141                -> 0.0.141
end-workflow	Checkout Repository	2026-02-16T22:37:22.4944706Z  * [new tag]             0.0.142                -> 0.0.142
end-workflow	Checkout Repository	2026-02-16T22:37:22.4945262Z  * [new tag]             0.0.143                -> 0.0.143
end-workflow	Checkout Repository	2026-02-16T22:37:22.4951258Z  * [new tag]             0.0.144                -> 0.0.144
end-workflow	Checkout Repository	2026-02-16T22:37:22.4973385Z  * [new tag]             0.0.145                -> 0.0.145
end-workflow	Checkout Repository	2026-02-16T22:37:22.4975714Z  * [new tag]             0.0.146                -> 0.0.146
end-workflow	Checkout Repository	2026-02-16T22:37:22.4976096Z  * [new tag]             0.0.147                -> 0.0.147
end-workflow	Checkout Repository	2026-02-16T22:37:22.4976444Z  * [new tag]             0.0.148                -> 0.0.148
end-workflow	Checkout Repository	2026-02-16T22:37:22.4976799Z  * [new tag]             0.0.149                -> 0.0.149
end-workflow	Checkout Repository	2026-02-16T22:37:22.4977151Z  * [new tag]             0.0.15                 -> 0.0.15
end-workflow	Checkout Repository	2026-02-16T22:37:22.4977545Z  * [new tag]             0.0.150                -> 0.0.150
end-workflow	Checkout Repository	2026-02-16T22:37:22.4977924Z  * [new tag]             0.0.151                -> 0.0.151
end-workflow	Checkout Repository	2026-02-16T22:37:22.4978273Z  * [new tag]             0.0.152                -> 0.0.152
end-workflow	Checkout Repository	2026-02-16T22:37:22.4978631Z  * [new tag]             0.0.153                -> 0.0.153
end-workflow	Checkout Repository	2026-02-16T22:37:22.4978985Z  * [new tag]             0.0.154                -> 0.0.154
end-workflow	Checkout Repository	2026-02-16T22:37:22.4979345Z  * [new tag]             0.0.155                -> 0.0.155
end-workflow	Checkout Repository	2026-02-16T22:37:22.5057769Z  * [new tag]             0.0.156                -> 0.0.156
end-workflow	Checkout Repository	2026-02-16T22:37:22.5058275Z  * [new tag]             0.0.157                -> 0.0.157
end-workflow	Checkout Repository	2026-02-16T22:37:22.5058659Z  * [new tag]             0.0.158                -> 0.0.158
end-workflow	Checkout Repository	2026-02-16T22:37:22.5059029Z  * [new tag]             0.0.159                -> 0.0.159
end-workflow	Checkout Repository	2026-02-16T22:37:22.5059409Z  * [new tag]             0.0.16                 -> 0.0.16
end-workflow	Checkout Repository	2026-02-16T22:37:22.5177987Z  * [new tag]             0.0.160                -> 0.0.160
end-workflow	Checkout Repository	2026-02-16T22:37:22.5178854Z  * [new tag]             0.0.161                -> 0.0.161
end-workflow	Checkout Repository	2026-02-16T22:37:22.5179238Z  * [new tag]             0.0.162                -> 0.0.162
end-workflow	Checkout Repository	2026-02-16T22:37:22.5180767Z  * [new tag]             0.0.163                -> 0.0.163
end-workflow	Checkout Repository	2026-02-16T22:37:22.5181193Z  * [new tag]             0.0.164                -> 0.0.164
end-workflow	Checkout Repository	2026-02-16T22:37:22.5181582Z  * [new tag]             0.0.165                -> 0.0.165
end-workflow	Checkout Repository	2026-02-16T22:37:22.5181952Z  * [new tag]             0.0.166                -> 0.0.166
end-workflow	Checkout Repository	2026-02-16T22:37:22.5182312Z  * [new tag]             0.0.167                -> 0.0.167
end-workflow	Checkout Repository	2026-02-16T22:37:22.5182679Z  * [new tag]             0.0.168                -> 0.0.168
end-workflow	Checkout Repository	2026-02-16T22:37:22.5183045Z  * [new tag]             0.0.169                -> 0.0.169
end-workflow	Checkout Repository	2026-02-16T22:37:22.5183413Z  * [new tag]             0.0.17                 -> 0.0.17
end-workflow	Checkout Repository	2026-02-16T22:37:22.5183793Z  * [new tag]             0.0.170                -> 0.0.170
end-workflow	Checkout Repository	2026-02-16T22:37:22.5186284Z  * [new tag]             0.0.171                -> 0.0.171
end-workflow	Checkout Repository	2026-02-16T22:37:22.5186672Z  * [new tag]             0.0.172                -> 0.0.172
end-workflow	Checkout Repository	2026-02-16T22:37:22.5187036Z  * [new tag]             0.0.173                -> 0.0.173
end-workflow	Checkout Repository	2026-02-16T22:37:22.5187402Z  * [new tag]             0.0.174                -> 0.0.174
end-workflow	Checkout Repository	2026-02-16T22:37:22.5187767Z  * [new tag]             0.0.175                -> 0.0.175
end-workflow	Checkout Repository	2026-02-16T22:37:22.5188380Z  * [new tag]             0.0.176                -> 0.0.176
end-workflow	Checkout Repository	2026-02-16T22:37:22.5188750Z  * [new tag]             0.0.177                -> 0.0.177
end-workflow	Checkout Repository	2026-02-16T22:37:22.5189151Z  * [new tag]             0.0.178                -> 0.0.178
end-workflow	Checkout Repository	2026-02-16T22:37:22.5270901Z  * [new tag]             0.0.179                -> 0.0.179
end-workflow	Checkout Repository	2026-02-16T22:37:22.5271609Z  * [new tag]             0.0.18                 -> 0.0.18
end-workflow	Checkout Repository	2026-02-16T22:37:22.5271982Z  * [new tag]             0.0.19                 -> 0.0.19
end-workflow	Checkout Repository	2026-02-16T22:37:22.5272357Z  * [new tag]             0.0.2                  -> 0.0.2
end-workflow	Checkout Repository	2026-02-16T22:37:22.5272756Z  * [new tag]             0.0.20                 -> 0.0.20
end-workflow	Checkout Repository	2026-02-16T22:37:22.5273135Z  * [new tag]             0.0.21                 -> 0.0.21
end-workflow	Checkout Repository	2026-02-16T22:37:22.5273497Z  * [new tag]             0.0.22                 -> 0.0.22
end-workflow	Checkout Repository	2026-02-16T22:37:22.5273866Z  * [new tag]             0.0.23                 -> 0.0.23
end-workflow	Checkout Repository	2026-02-16T22:37:22.5274246Z  * [new tag]             0.0.24                 -> 0.0.24
end-workflow	Checkout Repository	2026-02-16T22:37:22.5274603Z  * [new tag]             0.0.25                 -> 0.0.25
end-workflow	Checkout Repository	2026-02-16T22:37:22.5274984Z  * [new tag]             0.0.26                 -> 0.0.26
end-workflow	Checkout Repository	2026-02-16T22:37:22.5275358Z  * [new tag]             0.0.27                 -> 0.0.27
end-workflow	Checkout Repository	2026-02-16T22:37:22.5275722Z  * [new tag]             0.0.28                 -> 0.0.28
end-workflow	Checkout Repository	2026-02-16T22:37:22.5276086Z  * [new tag]             0.0.29                 -> 0.0.29
end-workflow	Checkout Repository	2026-02-16T22:37:22.5276467Z  * [new tag]             0.0.3                  -> 0.0.3
end-workflow	Checkout Repository	2026-02-16T22:37:22.5276844Z  * [new tag]             0.0.30                 -> 0.0.30
end-workflow	Checkout Repository	2026-02-16T22:37:22.5277216Z  * [new tag]             0.0.31                 -> 0.0.31
end-workflow	Checkout Repository	2026-02-16T22:37:22.5277581Z  * [new tag]             0.0.32                 -> 0.0.32
end-workflow	Checkout Repository	2026-02-16T22:37:22.5277950Z  * [new tag]             0.0.33                 -> 0.0.33
end-workflow	Checkout Repository	2026-02-16T22:37:22.5278334Z  * [new tag]             0.0.34                 -> 0.0.34
end-workflow	Checkout Repository	2026-02-16T22:37:22.5278727Z  * [new tag]             0.0.35                 -> 0.0.35
end-workflow	Checkout Repository	2026-02-16T22:37:22.5279125Z  * [new tag]             0.0.36                 -> 0.0.36
end-workflow	Checkout Repository	2026-02-16T22:37:22.5562918Z  * [new tag]             0.0.37                 -> 0.0.37
end-workflow	Checkout Repository	2026-02-16T22:37:22.5563772Z  * [new tag]             0.0.38                 -> 0.0.38
end-workflow	Checkout Repository	2026-02-16T22:37:22.5564178Z  * [new tag]             0.0.39                 -> 0.0.39
end-workflow	Checkout Repository	2026-02-16T22:37:22.5564559Z  * [new tag]             0.0.4                  -> 0.0.4
end-workflow	Checkout Repository	2026-02-16T22:37:22.5564920Z  * [new tag]             0.0.40                 -> 0.0.40
end-workflow	Checkout Repository	2026-02-16T22:37:22.5565320Z  * [new tag]             0.0.41                 -> 0.0.41
end-workflow	Checkout Repository	2026-02-16T22:37:22.5566043Z  * [new tag]             0.0.42                 -> 0.0.42
end-workflow	Checkout Repository	2026-02-16T22:37:22.5639807Z  * [new tag]             0.0.43                 -> 0.0.43
end-workflow	Checkout Repository	2026-02-16T22:37:22.5640759Z  * [new tag]             0.0.44                 -> 0.0.44
end-workflow	Checkout Repository	2026-02-16T22:37:22.5641182Z  * [new tag]             0.0.45                 -> 0.0.45
end-workflow	Checkout Repository	2026-02-16T22:37:22.5641566Z  * [new tag]             0.0.46                 -> 0.0.46
end-workflow	Checkout Repository	2026-02-16T22:37:22.5642084Z  * [new tag]             0.0.47                 -> 0.0.47
end-workflow	Checkout Repository	2026-02-16T22:37:22.5642455Z  * [new tag]             0.0.48                 -> 0.0.48
end-workflow	Checkout Repository	2026-02-16T22:37:22.5652188Z  * [new tag]             0.0.49                 -> 0.0.49
end-workflow	Checkout Repository	2026-02-16T22:37:22.5652877Z  * [new tag]             0.0.5                  -> 0.0.5
end-workflow	Checkout Repository	2026-02-16T22:37:22.5653244Z  * [new tag]             0.0.50                 -> 0.0.50
end-workflow	Checkout Repository	2026-02-16T22:37:22.5653614Z  * [new tag]             0.0.51                 -> 0.0.51
end-workflow	Checkout Repository	2026-02-16T22:37:22.5654527Z  * [new tag]             0.0.52                 -> 0.0.52
end-workflow	Checkout Repository	2026-02-16T22:37:22.5654901Z  * [new tag]             0.0.53                 -> 0.0.53
end-workflow	Checkout Repository	2026-02-16T22:37:22.5655263Z  * [new tag]             0.0.54                 -> 0.0.54
end-workflow	Checkout Repository	2026-02-16T22:37:22.5655625Z  * [new tag]             0.0.55                 -> 0.0.55
end-workflow	Checkout Repository	2026-02-16T22:37:22.5655985Z  * [new tag]             0.0.56                 -> 0.0.56
end-workflow	Checkout Repository	2026-02-16T22:37:22.5656369Z  * [new tag]             0.0.57                 -> 0.0.57
end-workflow	Checkout Repository	2026-02-16T22:37:22.5656738Z  * [new tag]             0.0.58                 -> 0.0.58
end-workflow	Checkout Repository	2026-02-16T22:37:22.5657116Z  * [new tag]             0.0.59                 -> 0.0.59
end-workflow	Checkout Repository	2026-02-16T22:37:22.5657488Z  * [new tag]             0.0.6                  -> 0.0.6
end-workflow	Checkout Repository	2026-02-16T22:37:22.5657857Z  * [new tag]             0.0.60                 -> 0.0.60
end-workflow	Checkout Repository	2026-02-16T22:37:22.5658233Z  * [new tag]             0.0.61                 -> 0.0.61
end-workflow	Checkout Repository	2026-02-16T22:37:22.5658595Z  * [new tag]             0.0.62                 -> 0.0.62
end-workflow	Checkout Repository	2026-02-16T22:37:22.5658982Z  * [new tag]             0.0.63                 -> 0.0.63
end-workflow	Checkout Repository	2026-02-16T22:37:22.5659377Z  * [new tag]             0.0.64                 -> 0.0.64
end-workflow	Checkout Repository	2026-02-16T22:37:22.6116752Z  * [new tag]             0.0.65                 -> 0.0.65
end-workflow	Checkout Repository	2026-02-16T22:37:22.6149426Z  * [new tag]             0.0.66                 -> 0.0.66
end-workflow	Checkout Repository	2026-02-16T22:37:22.6321723Z  * [new tag]             0.0.67                 -> 0.0.67
end-workflow	Checkout Repository	2026-02-16T22:37:22.6322190Z  * [new tag]             0.0.68                 -> 0.0.68
end-workflow	Checkout Repository	2026-02-16T22:37:22.6322551Z  * [new tag]             0.0.69                 -> 0.0.69
end-workflow	Checkout Repository	2026-02-16T22:37:22.6322913Z  * [new tag]             0.0.7                  -> 0.0.7
end-workflow	Checkout Repository	2026-02-16T22:37:22.6323272Z  * [new tag]             0.0.70                 -> 0.0.70
end-workflow	Checkout Repository	2026-02-16T22:37:22.6323651Z  * [new tag]             0.0.71                 -> 0.0.71
end-workflow	Checkout Repository	2026-02-16T22:37:22.6324017Z  * [new tag]             0.0.72                 -> 0.0.72
end-workflow	Checkout Repository	2026-02-16T22:37:22.6324373Z  * [new tag]             0.0.73                 -> 0.0.73
end-workflow	Checkout Repository	2026-02-16T22:37:22.6324772Z  * [new tag]             0.0.74                 -> 0.0.74
end-workflow	Checkout Repository	2026-02-16T22:37:22.6325120Z  * [new tag]             0.0.75                 -> 0.0.75
end-workflow	Checkout Repository	2026-02-16T22:37:22.6325478Z  * [new tag]             0.0.76                 -> 0.0.76
end-workflow	Checkout Repository	2026-02-16T22:37:22.6325832Z  * [new tag]             0.0.77                 -> 0.0.77
end-workflow	Checkout Repository	2026-02-16T22:37:22.6326186Z  * [new tag]             0.0.78                 -> 0.0.78
end-workflow	Checkout Repository	2026-02-16T22:37:22.6326546Z  * [new tag]             0.0.79                 -> 0.0.79
end-workflow	Checkout Repository	2026-02-16T22:37:22.6326904Z  * [new tag]             0.0.8                  -> 0.0.8
end-workflow	Checkout Repository	2026-02-16T22:37:22.6327264Z  * [new tag]             0.0.80                 -> 0.0.80
end-workflow	Checkout Repository	2026-02-16T22:37:22.6327635Z  * [new tag]             0.0.81                 -> 0.0.81
end-workflow	Checkout Repository	2026-02-16T22:37:22.6327986Z  * [new tag]             0.0.82                 -> 0.0.82
end-workflow	Checkout Repository	2026-02-16T22:37:22.6328343Z  * [new tag]             0.0.83                 -> 0.0.83
end-workflow	Checkout Repository	2026-02-16T22:37:22.6328705Z  * [new tag]             0.0.84                 -> 0.0.84
end-workflow	Checkout Repository	2026-02-16T22:37:22.6815287Z  * [new tag]             0.0.85                 -> 0.0.85
end-workflow	Checkout Repository	2026-02-16T22:37:22.6815699Z  * [new tag]             0.0.86                 -> 0.0.86
end-workflow	Checkout Repository	2026-02-16T22:37:22.6816053Z  * [new tag]             0.0.87                 -> 0.0.87
end-workflow	Checkout Repository	2026-02-16T22:37:22.6816405Z  * [new tag]             0.0.88                 -> 0.0.88
end-workflow	Checkout Repository	2026-02-16T22:37:22.6816754Z  * [new tag]             0.0.89                 -> 0.0.89
end-workflow	Checkout Repository	2026-02-16T22:37:22.6817103Z  * [new tag]             0.0.9                  -> 0.0.9
end-workflow	Checkout Repository	2026-02-16T22:37:22.6817450Z  * [new tag]             0.0.90                 -> 0.0.90
end-workflow	Checkout Repository	2026-02-16T22:37:22.6817800Z  * [new tag]             0.0.91                 -> 0.0.91
end-workflow	Checkout Repository	2026-02-16T22:37:22.6818150Z  * [new tag]             0.0.92                 -> 0.0.92
end-workflow	Checkout Repository	2026-02-16T22:37:22.6818493Z  * [new tag]             0.0.93                 -> 0.0.93
end-workflow	Checkout Repository	2026-02-16T22:37:22.6818849Z  * [new tag]             0.0.94                 -> 0.0.94
end-workflow	Checkout Repository	2026-02-16T22:37:22.6819456Z  * [new tag]             0.0.95                 -> 0.0.95
end-workflow	Checkout Repository	2026-02-16T22:37:22.7113348Z  * [new tag]             0.0.96                 -> 0.0.96
end-workflow	Checkout Repository	2026-02-16T22:37:22.7113828Z  * [new tag]             0.0.97                 -> 0.0.97
end-workflow	Checkout Repository	2026-02-16T22:37:22.7114191Z  * [new tag]             0.0.98                 -> 0.0.98
end-workflow	Checkout Repository	2026-02-16T22:37:22.7114549Z  * [new tag]             0.0.99                 -> 0.0.99
end-workflow	Checkout Repository	2026-02-16T22:37:22.7114899Z  * [new tag]             0.1.0                  -> 0.1.0
end-workflow	Checkout Repository	2026-02-16T22:37:22.7115250Z  * [new tag]             0.1.1                  -> 0.1.1
end-workflow	Checkout Repository	2026-02-16T22:37:22.7115597Z  * [new tag]             0.2.0                  -> 0.2.0
end-workflow	Checkout Repository	2026-02-16T22:37:22.7115943Z  * [new tag]             0.3.0                  -> 0.3.0
end-workflow	Checkout Repository	2026-02-16T22:37:22.7116284Z  * [new tag]             0.3.1                  -> 0.3.1
end-workflow	Checkout Repository	2026-02-16T22:37:22.7116631Z  * [new tag]             0.3.10                 -> 0.3.10
end-workflow	Checkout Repository	2026-02-16T22:37:22.7116975Z  * [new tag]             0.3.11                 -> 0.3.11
end-workflow	Checkout Repository	2026-02-16T22:37:22.7117349Z  * [new tag]             0.3.12                 -> 0.3.12
end-workflow	Checkout Repository	2026-02-16T22:37:22.7117711Z  * [new tag]             0.3.13                 -> 0.3.13
end-workflow	Checkout Repository	2026-02-16T22:37:22.7118433Z  * [new tag]             0.3.14                 -> 0.3.14
end-workflow	Checkout Repository	2026-02-16T22:37:22.7118789Z  * [new tag]             0.3.15                 -> 0.3.15
end-workflow	Checkout Repository	2026-02-16T22:37:22.7119136Z  * [new tag]             0.3.16                 -> 0.3.16
end-workflow	Checkout Repository	2026-02-16T22:37:22.7119716Z  * [new tag]             0.3.17                 -> 0.3.17
end-workflow	Checkout Repository	2026-02-16T22:37:22.7120092Z  * [new tag]             0.3.2                  -> 0.3.2
end-workflow	Checkout Repository	2026-02-16T22:37:22.7120450Z  * [new tag]             0.3.3                  -> 0.3.3
end-workflow	Checkout Repository	2026-02-16T22:37:22.7120801Z  * [new tag]             0.3.4                  -> 0.3.4
end-workflow	Checkout Repository	2026-02-16T22:37:22.7121143Z  * [new tag]             0.3.5                  -> 0.3.5
end-workflow	Checkout Repository	2026-02-16T22:37:22.7121491Z  * [new tag]             0.3.6                  -> 0.3.6
end-workflow	Checkout Repository	2026-02-16T22:37:22.7121834Z  * [new tag]             0.3.7                  -> 0.3.7
end-workflow	Checkout Repository	2026-02-16T22:37:22.7122190Z  * [new tag]             0.3.8                  -> 0.3.8
end-workflow	Checkout Repository	2026-02-16T22:37:22.7122538Z  * [new tag]             0.3.9                  -> 0.3.9
end-workflow	Checkout Repository	2026-02-16T22:37:22.7122893Z  * [new tag]             0.4.0                  -> 0.4.0
end-workflow	Checkout Repository	2026-02-16T22:37:22.7123242Z  * [new tag]             0.4.1                  -> 0.4.1
end-workflow	Checkout Repository	2026-02-16T22:37:22.7123585Z  * [new tag]             0.4.2                  -> 0.4.2
end-workflow	Checkout Repository	2026-02-16T22:37:22.7123937Z  * [new tag]             0.4.3                  -> 0.4.3
end-workflow	Checkout Repository	2026-02-16T22:37:22.7124277Z  * [new tag]             0.4.4                  -> 0.4.4
end-workflow	Checkout Repository	2026-02-16T22:37:22.7124626Z  * [new tag]             0.4.5                  -> 0.4.5
end-workflow	Checkout Repository	2026-02-16T22:37:22.7124969Z  * [new tag]             0.4.6                  -> 0.4.6
end-workflow	Checkout Repository	2026-02-16T22:37:22.7125323Z  * [new tag]             0.4.7                  -> 0.4.7
end-workflow	Checkout Repository	2026-02-16T22:37:22.7125670Z  * [new tag]             0.4.8                  -> 0.4.8
end-workflow	Checkout Repository	2026-02-16T22:37:22.7126015Z  * [new tag]             0.4.9                  -> 0.4.9
end-workflow	Checkout Repository	2026-02-16T22:37:22.7126370Z  * [new tag]             0.5.0                  -> 0.5.0
end-workflow	Checkout Repository	2026-02-16T22:37:22.7127104Z  * [new tag]             0.5.1                  -> 0.5.1
end-workflow	Checkout Repository	2026-02-16T22:37:22.7127456Z  * [new tag]             0.5.2                  -> 0.5.2
end-workflow	Checkout Repository	2026-02-16T22:37:22.7128037Z  * [new tag]             0.6.0                  -> 0.6.0
end-workflow	Checkout Repository	2026-02-16T22:37:22.7128390Z  * [new tag]             0.6.1                  -> 0.6.1
end-workflow	Checkout Repository	2026-02-16T22:37:22.7129325Z  * [new tag]             0.6.2                  -> 0.6.2
end-workflow	Checkout Repository	2026-02-16T22:37:23.0592619Z [command]/usr/bin/git branch --list --remote origin/main
end-workflow	Checkout Repository	2026-02-16T22:37:23.1013455Z   origin/main
end-workflow	Checkout Repository	2026-02-16T22:37:23.1042717Z [command]/usr/bin/git rev-parse refs/remotes/origin/main
end-workflow	Checkout Repository	2026-02-16T22:37:23.1420753Z c12d2b67d8ca5c9f196843b937df1e79b6a6db17
end-workflow	Checkout Repository	2026-02-16T22:37:23.1594108Z [command]/usr/bin/git -c protocol.version=2 fetch --no-tags --prune --no-recurse-submodules origin +988dd5188df24dd13a17ca571bc704c27765dd18:refs/remotes/origin/main
end-workflow	Checkout Repository	2026-02-16T22:37:23.2676485Z From https://github.com/Ka0s-Klaus/ka0s
end-workflow	Checkout Repository	2026-02-16T22:37:23.2677112Z  + c12d2b67d...988dd5188 988dd5188df24dd13a17ca571bc704c27765dd18 -> origin/main  (forced update)
end-workflow	Checkout Repository	2026-02-16T22:37:31.3230746Z ##[endgroup]
end-workflow	Checkout Repository	2026-02-16T22:37:31.3250618Z ##[group]Determining the checkout info
end-workflow	Checkout Repository	2026-02-16T22:37:31.3251589Z ##[endgroup]
end-workflow	Checkout Repository	2026-02-16T22:37:31.3331566Z [command]/usr/bin/git sparse-checkout disable
end-workflow	Checkout Repository	2026-02-16T22:37:31.7218947Z [command]/usr/bin/git config --local --unset-all extensions.worktreeConfig
end-workflow	Checkout Repository	2026-02-16T22:37:32.3853531Z ##[group]Checking out the ref
end-workflow	Checkout Repository	2026-02-16T22:37:32.3880736Z [command]/usr/bin/git checkout --progress --force -B main refs/remotes/origin/main
end-workflow	Checkout Repository	2026-02-16T22:37:33.6789971Z Updating files:  48% (314/653)
end-workflow	Checkout Repository	2026-02-16T22:37:33.7083902Z Updating files:  49% (320/653)
end-workflow	Checkout Repository	2026-02-16T22:37:33.7131934Z Updating files:  50% (327/653)
end-workflow	Checkout Repository	2026-02-16T22:37:33.7132334Z Updating files:  51% (334/653)
end-workflow	Checkout Repository	2026-02-16T22:37:33.7187973Z Updating files:  52% (340/653)
end-workflow	Checkout Repository	2026-02-16T22:37:33.7190119Z Updating files:  53% (347/653)
end-workflow	Checkout Repository	2026-02-16T22:37:33.7281815Z Updating files:  54% (353/653)
end-workflow	Checkout Repository	2026-02-16T22:37:33.7312451Z Updating files:  55% (360/653)
end-workflow	Checkout Repository	2026-02-16T22:37:33.7341188Z Updating files:  56% (366/653)
end-workflow	Checkout Repository	2026-02-16T22:37:33.7344178Z Updating files:  57% (373/653)
end-workflow	Checkout Repository	2026-02-16T22:37:33.7392150Z Updating files:  58% (379/653)
end-workflow	Checkout Repository	2026-02-16T22:37:33.7423796Z Updating files:  59% (386/653)
end-workflow	Checkout Repository	2026-02-16T22:37:33.7427374Z Updating files:  60% (392/653)
end-workflow	Checkout Repository	2026-02-16T22:37:33.7427636Z Updating files:  61% (399/653)
end-workflow	Checkout Repository	2026-02-16T22:37:33.7460810Z Updating files:  62% (405/653)
end-workflow	Checkout Repository	2026-02-16T22:37:34.0141227Z Updating files:  63% (412/653)
end-workflow	Checkout Repository	2026-02-16T22:37:34.0159267Z Updating files:  64% (418/653)
end-workflow	Checkout Repository	2026-02-16T22:37:34.0177348Z Updating files:  65% (425/653)
end-workflow	Checkout Repository	2026-02-16T22:37:34.0211374Z Updating files:  66% (431/653)
end-workflow	Checkout Repository	2026-02-16T22:37:34.0461433Z Updating files:  67% (438/653)
end-workflow	Checkout Repository	2026-02-16T22:37:34.0500908Z Updating files:  68% (445/653)
end-workflow	Checkout Repository	2026-02-16T22:37:34.1600479Z Updating files:  69% (451/653)
end-workflow	Checkout Repository	2026-02-16T22:37:34.2533917Z Updating files:  70% (458/653)
end-workflow	Checkout Repository	2026-02-16T22:37:34.2536217Z Updating files:  71% (464/653)
end-workflow	Checkout Repository	2026-02-16T22:37:34.2537626Z Updating files:  72% (471/653)
end-workflow	Checkout Repository	2026-02-16T22:37:34.2642673Z Updating files:  73% (477/653)
end-workflow	Checkout Repository	2026-02-16T22:37:34.3000624Z Updating files:  74% (484/653)
end-workflow	Checkout Repository	2026-02-16T22:37:34.3323874Z Updating files:  75% (490/653)
end-workflow	Checkout Repository	2026-02-16T22:37:34.4581679Z Updating files:  76% (497/653)
end-workflow	Checkout Repository	2026-02-16T22:37:34.4785072Z Updating files:  76% (501/653)
end-workflow	Checkout Repository	2026-02-16T22:37:34.5291747Z Updating files:  77% (503/653)
end-workflow	Checkout Repository	2026-02-16T22:37:34.5594199Z Updating files:  78% (510/653)
end-workflow	Checkout Repository	2026-02-16T22:37:34.5931673Z Updating files:  79% (516/653)
end-workflow	Checkout Repository	2026-02-16T22:37:34.5986787Z Updating files:  80% (523/653)
end-workflow	Checkout Repository	2026-02-16T22:37:34.5990457Z Updating files:  81% (529/653)
end-workflow	Checkout Repository	2026-02-16T22:37:34.6052715Z Updating files:  82% (536/653)
end-workflow	Checkout Repository	2026-02-16T22:37:34.6053235Z Updating files:  83% (542/653)
end-workflow	Checkout Repository	2026-02-16T22:37:34.6088136Z Updating files:  84% (549/653)
end-workflow	Checkout Repository	2026-02-16T22:37:34.6130331Z Updating files:  85% (556/653)
end-workflow	Checkout Repository	2026-02-16T22:37:34.6189858Z Updating files:  86% (562/653)
end-workflow	Checkout Repository	2026-02-16T22:37:34.6262530Z Updating files:  87% (569/653)
end-workflow	Checkout Repository	2026-02-16T22:37:34.6285236Z Updating files:  88% (575/653)
end-workflow	Checkout Repository	2026-02-16T22:37:34.6353540Z Updating files:  89% (582/653)
end-workflow	Checkout Repository	2026-02-16T22:37:34.6420546Z Updating files:  90% (588/653)
end-workflow	Checkout Repository	2026-02-16T22:37:34.6494600Z Updating files:  91% (595/653)
end-workflow	Checkout Repository	2026-02-16T22:37:34.6510979Z Updating files:  92% (601/653)
end-workflow	Checkout Repository	2026-02-16T22:37:34.6542001Z Updating files:  93% (608/653)
end-workflow	Checkout Repository	2026-02-16T22:37:34.6785715Z Updating files:  94% (614/653)
end-workflow	Checkout Repository	2026-02-16T22:37:34.6998258Z Updating files:  95% (621/653)
end-workflow	Checkout Repository	2026-02-16T22:37:34.7170989Z Updating files:  96% (627/653)
end-workflow	Checkout Repository	2026-02-16T22:37:34.7247668Z Updating files:  97% (634/653)
end-workflow	Checkout Repository	2026-02-16T22:37:34.7281336Z Updating files:  98% (640/653)
end-workflow	Checkout Repository	2026-02-16T22:37:34.7295815Z Updating files:  99% (647/653)
end-workflow	Checkout Repository	2026-02-16T22:37:34.7297269Z Updating files: 100% (653/653)
end-workflow	Checkout Repository	2026-02-16T22:37:34.7298189Z Updating files: 100% (653/653), done.
end-workflow	Checkout Repository	2026-02-16T22:37:34.7691640Z Switched to a new branch 'main'
end-workflow	Checkout Repository	2026-02-16T22:37:34.7692502Z branch 'main' set up to track 'origin/main'.
end-workflow	Checkout Repository	2026-02-16T22:37:34.8206985Z ##[endgroup]
end-workflow	Checkout Repository	2026-02-16T22:37:34.8845830Z [command]/usr/bin/git log -1 --format=%H
end-workflow	Checkout Repository	2026-02-16T22:37:34.8846182Z 988dd5188df24dd13a17ca571bc704c27765dd18
end-workflow	Install GH CLI	ï»¿2026-02-16T22:37:35.0841844Z Prepare all required actions
end-workflow	Install GH CLI	2026-02-16T22:37:35.1494991Z ##[group]Run ./.github/actions/install-gh-cli
end-workflow	Install GH CLI	2026-02-16T22:37:35.1495328Z ##[endgroup]
end-workflow	Install GH CLI	2026-02-16T22:37:35.2251757Z ##[group]Run type -p curl >/dev/null || (sudo apt-get update && sudo apt-get install curl -y)
end-workflow	Install GH CLI	2026-02-16T22:37:35.2252563Z [36;1mtype -p curl >/dev/null || (sudo apt-get update && sudo apt-get install curl -y)[0m
end-workflow	Install GH CLI	2026-02-16T22:37:35.2253470Z [36;1mcurl -fsSL https://cli.github.com/packages/githubcli-archive-keyring.gpg | sudo dd of=/usr/share/keyrings/githubcli-archive-keyring.gpg \[0m
end-workflow	Install GH CLI	2026-02-16T22:37:35.2254314Z [36;1m&& sudo chmod go+r /usr/share/keyrings/githubcli-archive-keyring.gpg \[0m
end-workflow	Install GH CLI	2026-02-16T22:37:35.2255480Z [36;1m&& echo "deb [arch=$(dpkg --print-architecture) signed-by=/usr/share/keyrings/githubcli-archive-keyring.gpg] https://cli.github.com/packages stable main" | sudo tee /etc/apt/sources.list.d/github-cli.list > /dev/null \[0m
end-workflow	Install GH CLI	2026-02-16T22:37:35.2256570Z [36;1m&& sudo apt-get update \[0m
end-workflow	Install GH CLI	2026-02-16T22:37:35.2256911Z [36;1m&& sudo apt-get install gh -y[0m
end-workflow	Install GH CLI	2026-02-16T22:37:35.2363734Z shell: /usr/bin/bash --noprofile --norc -e -o pipefail {0}
end-workflow	Install GH CLI	2026-02-16T22:37:35.2364144Z ##[endgroup]
end-workflow	Install GH CLI	2026-02-16T22:37:35.6684250Z 4+1 records in
end-workflow	Install GH CLI	2026-02-16T22:37:35.6684657Z 4+1 records out
end-workflow	Install GH CLI	2026-02-16T22:37:35.6684931Z 2270 bytes (2.3 kB, 2.2 KiB) copied, 0.240794 s, 9.4 kB/s
end-workflow	Install GH CLI	2026-02-16T22:37:36.1271577Z Get:1 https://cli.github.com/packages stable InRelease [3917 B]
end-workflow	Install GH CLI	2026-02-16T22:37:36.1701264Z Get:2 http://security.ubuntu.com/ubuntu noble-security InRelease [126 kB]
end-workflow	Install GH CLI	2026-02-16T22:37:36.2414918Z Get:3 http://archive.ubuntu.com/ubuntu noble InRelease [256 kB]
end-workflow	Install GH CLI	2026-02-16T22:37:36.4915871Z Get:4 https://ppa.launchpadcontent.net/git-core/ppa/ubuntu noble InRelease [24.3 kB]
end-workflow	Install GH CLI	2026-02-16T22:37:36.8035145Z Get:5 http://archive.ubuntu.com/ubuntu noble-updates InRelease [126 kB]
end-workflow	Install GH CLI	2026-02-16T22:37:36.8205873Z Get:6 https://cli.github.com/packages stable/main amd64 Packages [356 B]
end-workflow	Install GH CLI	2026-02-16T22:37:36.9315329Z Get:7 http://archive.ubuntu.com/ubuntu noble-backports InRelease [126 kB]
end-workflow	Install GH CLI	2026-02-16T22:37:37.2914025Z Get:8 http://security.ubuntu.com/ubuntu noble-security/restricted amd64 Packages [3122 kB]
end-workflow	Install GH CLI	2026-02-16T22:37:38.0660536Z Get:9 http://security.ubuntu.com/ubuntu noble-security/multiverse amd64 Packages [34.8 kB]
end-workflow	Install GH CLI	2026-02-16T22:37:38.2162462Z Get:10 http://security.ubuntu.com/ubuntu noble-security/main amd64 Packages [1829 kB]
end-workflow	Install GH CLI	2026-02-16T22:37:38.2323289Z Get:11 http://archive.ubuntu.com/ubuntu noble/main amd64 Packages [1808 kB]
end-workflow	Install GH CLI	2026-02-16T22:37:38.2947035Z Get:12 http://security.ubuntu.com/ubuntu noble-security/universe amd64 Packages [1205 kB]
end-workflow	Install GH CLI	2026-02-16T22:37:38.4692361Z Get:13 http://archive.ubuntu.com/ubuntu noble/universe amd64 Packages [19.3 MB]
end-workflow	Install GH CLI	2026-02-16T22:37:38.6260884Z Get:14 https://ppa.launchpadcontent.net/git-core/ppa/ubuntu noble/main amd64 Packages [2992 B]
end-workflow	Install GH CLI	2026-02-16T22:37:39.3632015Z Get:15 http://archive.ubuntu.com/ubuntu noble/restricted amd64 Packages [117 kB]
end-workflow	Install GH CLI	2026-02-16T22:37:39.4311993Z Get:16 http://archive.ubuntu.com/ubuntu noble/multiverse amd64 Packages [331 kB]
end-workflow	Install GH CLI	2026-02-16T22:37:39.4992886Z Get:17 http://archive.ubuntu.com/ubuntu noble-updates/main amd64 Packages [2218 kB]
end-workflow	Install GH CLI	2026-02-16T22:37:39.6173211Z Get:18 http://archive.ubuntu.com/ubuntu noble-updates/restricted amd64 Packages [3330 kB]
end-workflow	Install GH CLI	2026-02-16T22:37:39.8201096Z Get:19 http://archive.ubuntu.com/ubuntu noble-updates/multiverse amd64 Packages [38.1 kB]
end-workflow	Install GH CLI	2026-02-16T22:37:39.8299060Z Get:20 http://archive.ubuntu.com/ubuntu noble-updates/universe amd64 Packages [2014 kB]
end-workflow	Install GH CLI	2026-02-16T22:37:39.9443662Z Get:21 http://archive.ubuntu.com/ubuntu noble-backports/universe amd64 Packages [34.6 kB]
end-workflow	Install GH CLI	2026-02-16T22:37:39.9532267Z Get:22 http://archive.ubuntu.com/ubuntu noble-backports/main amd64 Packages [49.5 kB]
end-workflow	Install GH CLI	2026-02-16T22:37:44.3282523Z Fetched 36.1 MB in 8s (4422 kB/s)
end-workflow	Install GH CLI	2026-02-16T22:37:46.7690319Z Reading package lists...
end-workflow	Install GH CLI	2026-02-16T22:37:49.4849073Z Reading package lists...
end-workflow	Install GH CLI	2026-02-16T22:37:50.2100283Z Building dependency tree...
end-workflow	Install GH CLI	2026-02-16T22:37:50.2101060Z Reading state information...
end-workflow	Install GH CLI	2026-02-16T22:37:50.7652653Z The following NEW packages will be installed:
end-workflow	Install GH CLI	2026-02-16T22:37:50.7738282Z   gh
end-workflow	Install GH CLI	2026-02-16T22:37:50.9412401Z 0 upgraded, 1 newly installed, 0 to remove and 25 not upgraded.
end-workflow	Install GH CLI	2026-02-16T22:37:50.9412855Z Need to get 13.7 MB of archives.
end-workflow	Install GH CLI	2026-02-16T22:37:50.9413224Z After this operation, 37.9 MB of additional disk space will be used.
end-workflow	Install GH CLI	2026-02-16T22:37:50.9413785Z Get:1 https://cli.github.com/packages stable/main amd64 gh amd64 2.86.0 [13.7 MB]
end-workflow	Install GH CLI	2026-02-16T22:37:51.6680775Z debconf: delaying package configuration, since apt-utils is not installed
end-workflow	Install GH CLI	2026-02-16T22:37:51.7965525Z Fetched 13.7 MB in 1s (26.6 MB/s)
end-workflow	Install GH CLI	2026-02-16T22:37:51.9111065Z Selecting previously unselected package gh.
end-workflow	Install GH CLI	2026-02-16T22:37:51.9186055Z (Reading database ... 
end-workflow	Install GH CLI	2026-02-16T22:37:51.9192142Z (Reading database ... 5%
end-workflow	Install GH CLI	2026-02-16T22:37:51.9200711Z (Reading database ... 10%
end-workflow	Install GH CLI	2026-02-16T22:37:51.9201174Z (Reading database ... 15%
end-workflow	Install GH CLI	2026-02-16T22:37:51.9203156Z (Reading database ... 20%
end-workflow	Install GH CLI	2026-02-16T22:37:51.9203586Z (Reading database ... 25%
end-workflow	Install GH CLI	2026-02-16T22:37:51.9205982Z (Reading database ... 30%
end-workflow	Install GH CLI	2026-02-16T22:37:51.9224544Z (Reading database ... 35%
end-workflow	Install GH CLI	2026-02-16T22:37:51.9225189Z (Reading database ... 40%
end-workflow	Install GH CLI	2026-02-16T22:37:51.9225675Z (Reading database ... 45%
end-workflow	Install GH CLI	2026-02-16T22:37:51.9234425Z (Reading database ... 50%
end-workflow	Install GH CLI	2026-02-16T22:37:51.9235331Z (Reading database ... 55%
end-workflow	Install GH CLI	2026-02-16T22:37:51.9236020Z (Reading database ... 60%
end-workflow	Install GH CLI	2026-02-16T22:37:51.9251086Z (Reading database ... 65%
end-workflow	Install GH CLI	2026-02-16T22:37:51.9299020Z (Reading database ... 70%
end-workflow	Install GH CLI	2026-02-16T22:37:51.9300671Z (Reading database ... 75%
end-workflow	Install GH CLI	2026-02-16T22:37:51.9360051Z (Reading database ... 80%
end-workflow	Install GH CLI	2026-02-16T22:37:51.9391036Z (Reading database ... 85%
end-workflow	Install GH CLI	2026-02-16T22:37:51.9440879Z (Reading database ... 90%
end-workflow	Install GH CLI	2026-02-16T22:37:51.9501601Z (Reading database ... 95%
end-workflow	Install GH CLI	2026-02-16T22:37:51.9530769Z (Reading database ... 100%
end-workflow	Install GH CLI	2026-02-16T22:37:51.9531921Z (Reading database ... 14385 files and directories currently installed.)
end-workflow	Install GH CLI	2026-02-16T22:37:51.9544438Z Preparing to unpack .../archives/gh_2.86.0_amd64.deb ...
end-workflow	Install GH CLI	2026-02-16T22:37:51.9809248Z Unpacking gh (2.86.0) ...
end-workflow	Install GH CLI	2026-02-16T22:37:53.5894372Z Setting up gh (2.86.0) ...
end-workflow	Trigger Inspector	ï»¿2026-02-16T22:37:53.8014639Z ##[group]Run echo "ðŸ” Triggering Inspector for Audit..."
end-workflow	Trigger Inspector	2026-02-16T22:37:53.8015318Z [36;1mecho "ðŸ” Triggering Inspector for Audit..."[0m
end-workflow	Trigger Inspector	2026-02-16T22:37:53.8015663Z [36;1mgh workflow run inspector.yml \[0m
end-workflow	Trigger Inspector	2026-02-16T22:37:53.8015951Z [36;1m  --ref main \[0m
end-workflow	Trigger Inspector	2026-02-16T22:37:53.8016201Z [36;1m  -f kaos-workflow-id="22077812219" \[0m
end-workflow	Trigger Inspector	2026-02-16T22:37:53.8016521Z [36;1m  -f kaos-user-start="santakloud"[0m
end-workflow	Trigger Inspector	2026-02-16T22:37:53.8045670Z shell: /usr/bin/bash -e {0}
end-workflow	Trigger Inspector	2026-02-16T22:37:53.8045951Z env:
end-workflow	Trigger Inspector	2026-02-16T22:37:53.8046606Z   GH_TOKEN: ***
end-workflow	Trigger Inspector	2026-02-16T22:37:53.8046806Z ##[endgroup]
end-workflow	Trigger Inspector	2026-02-16T22:37:53.8204508Z ðŸ” Triggering Inspector for Audit...
end-workflow	Post Checkout Repository	ï»¿2026-02-16T22:37:55.5708085Z Post job cleanup.
end-workflow	Post Checkout Repository	2026-02-16T22:37:56.1778426Z [command]/usr/bin/git version
end-workflow	Post Checkout Repository	2026-02-16T22:37:56.2301730Z git version 2.52.0
end-workflow	Post Checkout Repository	2026-02-16T22:37:56.2776306Z Temporarily overriding HOME='/home/runner/_work/_temp/efe0865b-a60e-45a1-a8e7-dd7877a89119' before making global git config changes
end-workflow	Post Checkout Repository	2026-02-16T22:37:56.2780676Z Adding repository directory to the temporary git global config as a safe directory
end-workflow	Post Checkout Repository	2026-02-16T22:37:56.2792363Z [command]/usr/bin/git config --global --add safe.directory /home/runner/_work/ka0s/ka0s
end-workflow	Post Checkout Repository	2026-02-16T22:37:56.2903099Z [command]/usr/bin/git config --local --name-only --get-regexp core\.sshCommand
end-workflow	Post Checkout Repository	2026-02-16T22:37:56.3067088Z [command]/usr/bin/git submodule foreach --recursive sh -c "git config --local --name-only --get-regexp 'core\.sshCommand' && git config --local --unset-all 'core.sshCommand' || :"
end-workflow	Post Checkout Repository	2026-02-16T22:37:56.5832190Z [command]/usr/bin/git config --local --name-only --get-regexp http\.https\:\/\/github\.com\/\.extraheader
end-workflow	Post Checkout Repository	2026-02-16T22:37:56.6332577Z http.https://github.com/.extraheader
end-workflow	Post Checkout Repository	2026-02-16T22:37:56.6731584Z [command]/usr/bin/git config --local --unset-all http.https://github.com/.extraheader
end-workflow	Post Checkout Repository	2026-02-16T22:37:56.7043254Z [command]/usr/bin/git submodule foreach --recursive sh -c "git config --local --name-only --get-regexp 'http\.https\:\/\/github\.com\/\.extraheader' && git config --local --unset-all 'http.https://github.com/.extraheader' || :"
end-workflow	Post Checkout Repository	2026-02-16T22:37:57.0425042Z [command]/usr/bin/git config --local --name-only --get-regexp ^includeIf\.gitdir:
end-workflow	Post Checkout Repository	2026-02-16T22:37:57.0570501Z [command]/usr/bin/git submodule foreach --recursive git config --local --show-origin --name-only --get-regexp remote.origin.url
end-workflow	Complete job	ï»¿2026-02-16T22:37:57.2209731Z Cleaning up orphan processes
