job-core	Set up job	Ôªø2026-02-17T06:06:49.8119683Z Current runner version: '2.331.0'
job-core	Set up job	2026-02-17T06:06:49.8128519Z Runner name: 'swarm-runners-scaleset-hkss5-runner-kgrvv'
job-core	Set up job	2026-02-17T06:06:49.8129804Z Runner group name: 'Default'
job-core	Set up job	2026-02-17T06:06:49.8130821Z Machine name: 'swarm-runners-scaleset-hkss5-runner-kgrvv'
job-core	Set up job	2026-02-17T06:06:49.8135074Z ##[group]GITHUB_TOKEN Permissions
job-core	Set up job	2026-02-17T06:06:49.8138423Z Actions: write
job-core	Set up job	2026-02-17T06:06:49.8139081Z Contents: write
job-core	Set up job	2026-02-17T06:06:49.8139683Z Issues: write
job-core	Set up job	2026-02-17T06:06:49.8140320Z Metadata: read
job-core	Set up job	2026-02-17T06:06:49.8140904Z PullRequests: write
job-core	Set up job	2026-02-17T06:06:49.8141502Z ##[endgroup]
job-core	Set up job	2026-02-17T06:06:49.8143744Z Secret source: Actions
job-core	Set up job	2026-02-17T06:06:49.8144462Z Prepare workflow directory
job-core	Set up job	2026-02-17T06:06:49.8724969Z Prepare all required actions
job-core	Set up job	2026-02-17T06:06:49.8765954Z Getting action download info
job-core	Set up job	2026-02-17T06:06:50.5458017Z Download action repository 'actions/checkout@v4' (SHA:34e114876b0b11c390a56381ad16ebd13914f8d5)
job-core	Set up job	2026-02-17T06:06:51.3738969Z Download action repository 'actions/setup-python@v4' (SHA:7f4fc3e22c37d6ff65e88745f38bd3157c663f7c)
job-core	Set up job	2026-02-17T06:06:52.3087596Z Download action repository 'actions/upload-artifact@v4' (SHA:ea165f8d65b6e75b540449e92b4886f43607fa02)
job-core	Set up job	2026-02-17T06:06:53.3576696Z Complete job name: job-core
job-core	Checkout code	Ôªø2026-02-17T06:06:53.4186059Z ##[group]Run actions/checkout@v4
job-core	Checkout code	2026-02-17T06:06:53.4186776Z with:
job-core	Checkout code	2026-02-17T06:06:53.4187047Z   fetch-depth: 0
job-core	Checkout code	2026-02-17T06:06:53.4187607Z   repository: Ka0s-Klaus/ka0s
job-core	Checkout code	2026-02-17T06:06:53.4188697Z   token: ***
job-core	Checkout code	2026-02-17T06:06:53.4188953Z   ssh-strict: true
job-core	Checkout code	2026-02-17T06:06:53.4189208Z   ssh-user: git
job-core	Checkout code	2026-02-17T06:06:53.4189469Z   persist-credentials: true
job-core	Checkout code	2026-02-17T06:06:53.4189760Z   clean: true
job-core	Checkout code	2026-02-17T06:06:53.4190024Z   sparse-checkout-cone-mode: true
job-core	Checkout code	2026-02-17T06:06:53.4190347Z   fetch-tags: false
job-core	Checkout code	2026-02-17T06:06:53.4190616Z   show-progress: true
job-core	Checkout code	2026-02-17T06:06:53.4190899Z   lfs: false
job-core	Checkout code	2026-02-17T06:06:53.4191145Z   submodules: false
job-core	Checkout code	2026-02-17T06:06:53.4191411Z   set-safe-directory: true
job-core	Checkout code	2026-02-17T06:06:53.4191946Z env:
job-core	Checkout code	2026-02-17T06:06:53.4192233Z   PYTHON_VERSION: 3.9
job-core	Checkout code	2026-02-17T06:06:53.4193013Z   MONGO_SUPERUSER_CONNECTION: ***
job-core	Checkout code	2026-02-17T06:06:53.4193457Z   MONGO_NEW_PASS: ***
job-core	Checkout code	2026-02-17T06:06:53.4193846Z   MONGO_SCRIPT_CREATE: devops/core/mongo/scripts/mongodb_status_report.py
job-core	Checkout code	2026-02-17T06:06:53.4194322Z   KAOS_CODE: 22087858268
job-core	Checkout code	2026-02-17T06:06:53.4194593Z   REPORT_SCAN: audit/
job-core	Checkout code	2026-02-17T06:06:53.4194869Z   REPORT_PATH: audit/mongodb/
job-core	Checkout code	2026-02-17T06:06:53.4195172Z   REPORT_FILENAME: 22087858268.json
job-core	Checkout code	2026-02-17T06:06:53.4195502Z   KAOS_MODULE: [Ka0s] Status MongDB Report
job-core	Checkout code	2026-02-17T06:06:53.4195831Z   GITHUB_OUTPUT: 
job-core	Checkout code	2026-02-17T06:06:53.4196090Z ##[endgroup]
job-core	Checkout code	2026-02-17T06:06:53.5493656Z Syncing repository: Ka0s-Klaus/ka0s
job-core	Checkout code	2026-02-17T06:06:53.5495247Z ##[group]Getting Git version info
job-core	Checkout code	2026-02-17T06:06:53.5495679Z Working directory is '/home/runner/_work/ka0s/ka0s'
job-core	Checkout code	2026-02-17T06:06:53.5496372Z [command]/usr/bin/git version
job-core	Checkout code	2026-02-17T06:06:53.5496674Z git version 2.52.0
job-core	Checkout code	2026-02-17T06:06:53.5510834Z ##[endgroup]
job-core	Checkout code	2026-02-17T06:06:53.5530168Z Temporarily overriding HOME='/home/runner/_work/_temp/de0c2f56-4b97-470e-8dda-2946c711cf50' before making global git config changes
job-core	Checkout code	2026-02-17T06:06:53.5532480Z Adding repository directory to the temporary git global config as a safe directory
job-core	Checkout code	2026-02-17T06:06:53.5536463Z [command]/usr/bin/git config --global --add safe.directory /home/runner/_work/ka0s/ka0s
job-core	Checkout code	2026-02-17T06:06:53.5582233Z Deleting the contents of '/home/runner/_work/ka0s/ka0s'
job-core	Checkout code	2026-02-17T06:06:53.5586052Z ##[group]Initializing the repository
job-core	Checkout code	2026-02-17T06:06:53.5591785Z [command]/usr/bin/git init /home/runner/_work/ka0s/ka0s
job-core	Checkout code	2026-02-17T06:06:53.5649220Z hint: Using 'master' as the name for the initial branch. This default branch name
job-core	Checkout code	2026-02-17T06:06:53.5650645Z hint: will change to "main" in Git 3.0. To configure the initial branch name
job-core	Checkout code	2026-02-17T06:06:53.5657030Z hint: to use in all of your new repositories, which will suppress this warning,
job-core	Checkout code	2026-02-17T06:06:53.5658548Z hint: call:
job-core	Checkout code	2026-02-17T06:06:53.5658818Z hint:
job-core	Checkout code	2026-02-17T06:06:53.5659943Z hint: 	git config --global init.defaultBranch <name>
job-core	Checkout code	2026-02-17T06:06:53.5660327Z hint:
job-core	Checkout code	2026-02-17T06:06:53.5660845Z hint: Names commonly chosen instead of 'master' are 'main', 'trunk' and
job-core	Checkout code	2026-02-17T06:06:53.5661456Z hint: 'development'. The just-created branch can be renamed via this command:
job-core	Checkout code	2026-02-17T06:06:53.5661948Z hint:
job-core	Checkout code	2026-02-17T06:06:53.5662452Z hint: 	git branch -m <name>
job-core	Checkout code	2026-02-17T06:06:53.5662730Z hint:
job-core	Checkout code	2026-02-17T06:06:53.5663106Z hint: Disable this message with "git config set advice.defaultBranchName false"
job-core	Checkout code	2026-02-17T06:06:53.5663712Z Initialized empty Git repository in /home/runner/_work/ka0s/ka0s/.git/
job-core	Checkout code	2026-02-17T06:06:53.5671587Z [command]/usr/bin/git remote add origin https://github.com/Ka0s-Klaus/ka0s
job-core	Checkout code	2026-02-17T06:06:53.5711980Z ##[endgroup]
job-core	Checkout code	2026-02-17T06:06:53.5712637Z ##[group]Disabling automatic garbage collection
job-core	Checkout code	2026-02-17T06:06:53.5717211Z [command]/usr/bin/git config --local gc.auto 0
job-core	Checkout code	2026-02-17T06:06:53.5761570Z ##[endgroup]
job-core	Checkout code	2026-02-17T06:06:53.5762441Z ##[group]Setting up auth
job-core	Checkout code	2026-02-17T06:06:53.5769812Z [command]/usr/bin/git config --local --name-only --get-regexp core\.sshCommand
job-core	Checkout code	2026-02-17T06:06:53.5815460Z [command]/usr/bin/git submodule foreach --recursive sh -c "git config --local --name-only --get-regexp 'core\.sshCommand' && git config --local --unset-all 'core.sshCommand' || :"
job-core	Checkout code	2026-02-17T06:06:53.6144664Z [command]/usr/bin/git config --local --name-only --get-regexp http\.https\:\/\/github\.com\/\.extraheader
job-core	Checkout code	2026-02-17T06:06:53.6184917Z [command]/usr/bin/git submodule foreach --recursive sh -c "git config --local --name-only --get-regexp 'http\.https\:\/\/github\.com\/\.extraheader' && git config --local --unset-all 'http.https://github.com/.extraheader' || :"
job-core	Checkout code	2026-02-17T06:06:53.6513422Z [command]/usr/bin/git config --local --name-only --get-regexp ^includeIf\.gitdir:
job-core	Checkout code	2026-02-17T06:06:53.6554562Z [command]/usr/bin/git submodule foreach --recursive git config --local --show-origin --name-only --get-regexp remote.origin.url
job-core	Checkout code	2026-02-17T06:06:53.6890254Z [command]/usr/bin/git config --local http.https://github.com/.extraheader AUTHORIZATION: basic ***
job-core	Checkout code	2026-02-17T06:06:53.6942206Z ##[endgroup]
job-core	Checkout code	2026-02-17T06:06:53.6942799Z ##[group]Fetching the repository
job-core	Checkout code	2026-02-17T06:06:53.6950483Z [command]/usr/bin/git -c protocol.version=2 fetch --prune --no-recurse-submodules origin +refs/heads/*:refs/remotes/origin/* +refs/tags/*:refs/tags/*
job-core	Checkout code	2026-02-17T06:07:14.3756860Z From https://github.com/Ka0s-Klaus/ka0s
job-core	Checkout code	2026-02-17T06:07:14.3757692Z  * [new branch]          F3450-modelo-operativo -> origin/F3450-modelo-operativo
job-core	Checkout code	2026-02-17T06:07:14.3758448Z  * [new branch]          H1276-modulo-observabilidad -> origin/H1276-modulo-observabilidad
job-core	Checkout code	2026-02-17T06:07:14.3759038Z  * [new branch]          H3266-deploy-zabbix    -> origin/H3266-deploy-zabbix
job-core	Checkout code	2026-02-17T06:07:14.3759653Z  * [new branch]          H3596-deploy-itop      -> origin/H3596-deploy-itop
job-core	Checkout code	2026-02-17T06:07:14.3760119Z  * [new branch]          main                   -> origin/main
job-core	Checkout code	2026-02-17T06:07:14.3760515Z  * [new tag]             0.0.0                  -> 0.0.0
job-core	Checkout code	2026-02-17T06:07:14.3760911Z  * [new tag]             0.0.1                  -> 0.0.1
job-core	Checkout code	2026-02-17T06:07:14.3827624Z  * [new tag]             0.0.10                 -> 0.0.10
job-core	Checkout code	2026-02-17T06:07:14.3828509Z  * [new tag]             0.0.100                -> 0.0.100
job-core	Checkout code	2026-02-17T06:07:14.3828919Z  * [new tag]             0.0.101                -> 0.0.101
job-core	Checkout code	2026-02-17T06:07:14.3829302Z  * [new tag]             0.0.102                -> 0.0.102
job-core	Checkout code	2026-02-17T06:07:14.3829740Z  * [new tag]             0.0.103                -> 0.0.103
job-core	Checkout code	2026-02-17T06:07:14.3830165Z  * [new tag]             0.0.104                -> 0.0.104
job-core	Checkout code	2026-02-17T06:07:14.3830588Z  * [new tag]             0.0.105                -> 0.0.105
job-core	Checkout code	2026-02-17T06:07:14.3830987Z  * [new tag]             0.0.106                -> 0.0.106
job-core	Checkout code	2026-02-17T06:07:14.3831358Z  * [new tag]             0.0.107                -> 0.0.107
job-core	Checkout code	2026-02-17T06:07:14.3831744Z  * [new tag]             0.0.108                -> 0.0.108
job-core	Checkout code	2026-02-17T06:07:14.3832614Z  * [new tag]             0.0.109                -> 0.0.109
job-core	Checkout code	2026-02-17T06:07:14.3832986Z  * [new tag]             0.0.11                 -> 0.0.11
job-core	Checkout code	2026-02-17T06:07:14.3833513Z  * [new tag]             0.0.110                -> 0.0.110
job-core	Checkout code	2026-02-17T06:07:14.3833885Z  * [new tag]             0.0.111                -> 0.0.111
job-core	Checkout code	2026-02-17T06:07:14.3834245Z  * [new tag]             0.0.112                -> 0.0.112
job-core	Checkout code	2026-02-17T06:07:14.3834597Z  * [new tag]             0.0.113                -> 0.0.113
job-core	Checkout code	2026-02-17T06:07:14.3834960Z  * [new tag]             0.0.114                -> 0.0.114
job-core	Checkout code	2026-02-17T06:07:14.3835319Z  * [new tag]             0.0.115                -> 0.0.115
job-core	Checkout code	2026-02-17T06:07:14.3835678Z  * [new tag]             0.0.116                -> 0.0.116
job-core	Checkout code	2026-02-17T06:07:14.3836050Z  * [new tag]             0.0.117                -> 0.0.117
job-core	Checkout code	2026-02-17T06:07:14.3836426Z  * [new tag]             0.0.118                -> 0.0.118
job-core	Checkout code	2026-02-17T06:07:14.3836870Z  * [new tag]             0.0.119                -> 0.0.119
job-core	Checkout code	2026-02-17T06:07:14.3837454Z  * [new tag]             0.0.12                 -> 0.0.12
job-core	Checkout code	2026-02-17T06:07:14.3837965Z  * [new tag]             0.0.120                -> 0.0.120
job-core	Checkout code	2026-02-17T06:07:14.3838318Z  * [new tag]             0.0.121                -> 0.0.121
job-core	Checkout code	2026-02-17T06:07:14.3838942Z  * [new tag]             0.0.122                -> 0.0.122
job-core	Checkout code	2026-02-17T06:07:14.3839296Z  * [new tag]             0.0.123                -> 0.0.123
job-core	Checkout code	2026-02-17T06:07:14.3839648Z  * [new tag]             0.0.124                -> 0.0.124
job-core	Checkout code	2026-02-17T06:07:14.3839998Z  * [new tag]             0.0.125                -> 0.0.125
job-core	Checkout code	2026-02-17T06:07:14.3840342Z  * [new tag]             0.0.126                -> 0.0.126
job-core	Checkout code	2026-02-17T06:07:14.3840695Z  * [new tag]             0.0.127                -> 0.0.127
job-core	Checkout code	2026-02-17T06:07:14.3841044Z  * [new tag]             0.0.128                -> 0.0.128
job-core	Checkout code	2026-02-17T06:07:14.3841397Z  * [new tag]             0.0.129                -> 0.0.129
job-core	Checkout code	2026-02-17T06:07:14.3841749Z  * [new tag]             0.0.13                 -> 0.0.13
job-core	Checkout code	2026-02-17T06:07:14.3842135Z  * [new tag]             0.0.130                -> 0.0.130
job-core	Checkout code	2026-02-17T06:07:14.3842495Z  * [new tag]             0.0.131                -> 0.0.131
job-core	Checkout code	2026-02-17T06:07:14.3842888Z  * [new tag]             0.0.132                -> 0.0.132
job-core	Checkout code	2026-02-17T06:07:14.3843244Z  * [new tag]             0.0.133                -> 0.0.133
job-core	Checkout code	2026-02-17T06:07:14.3843606Z  * [new tag]             0.0.134                -> 0.0.134
job-core	Checkout code	2026-02-17T06:07:14.3843967Z  * [new tag]             0.0.135                -> 0.0.135
job-core	Checkout code	2026-02-17T06:07:14.3844441Z  * [new tag]             0.0.136                -> 0.0.136
job-core	Checkout code	2026-02-17T06:07:14.3844780Z  * [new tag]             0.0.137                -> 0.0.137
job-core	Checkout code	2026-02-17T06:07:14.3845120Z  * [new tag]             0.0.138                -> 0.0.138
job-core	Checkout code	2026-02-17T06:07:14.3845460Z  * [new tag]             0.0.139                -> 0.0.139
job-core	Checkout code	2026-02-17T06:07:14.3845799Z  * [new tag]             0.0.14                 -> 0.0.14
job-core	Checkout code	2026-02-17T06:07:14.3846144Z  * [new tag]             0.0.140                -> 0.0.140
job-core	Checkout code	2026-02-17T06:07:14.3846487Z  * [new tag]             0.0.141                -> 0.0.141
job-core	Checkout code	2026-02-17T06:07:14.3846825Z  * [new tag]             0.0.142                -> 0.0.142
job-core	Checkout code	2026-02-17T06:07:14.3847173Z  * [new tag]             0.0.143                -> 0.0.143
job-core	Checkout code	2026-02-17T06:07:14.3847916Z  * [new tag]             0.0.144                -> 0.0.144
job-core	Checkout code	2026-02-17T06:07:14.3848269Z  * [new tag]             0.0.145                -> 0.0.145
job-core	Checkout code	2026-02-17T06:07:14.3848738Z  * [new tag]             0.0.146                -> 0.0.146
job-core	Checkout code	2026-02-17T06:07:14.3849074Z  * [new tag]             0.0.147                -> 0.0.147
job-core	Checkout code	2026-02-17T06:07:14.3849418Z  * [new tag]             0.0.148                -> 0.0.148
job-core	Checkout code	2026-02-17T06:07:14.3849758Z  * [new tag]             0.0.149                -> 0.0.149
job-core	Checkout code	2026-02-17T06:07:14.3850101Z  * [new tag]             0.0.15                 -> 0.0.15
job-core	Checkout code	2026-02-17T06:07:14.3850446Z  * [new tag]             0.0.150                -> 0.0.150
job-core	Checkout code	2026-02-17T06:07:14.3851022Z  * [new tag]             0.0.151                -> 0.0.151
job-core	Checkout code	2026-02-17T06:07:14.3851410Z  * [new tag]             0.0.152                -> 0.0.152
job-core	Checkout code	2026-02-17T06:07:14.3851752Z  * [new tag]             0.0.153                -> 0.0.153
job-core	Checkout code	2026-02-17T06:07:14.3852097Z  * [new tag]             0.0.154                -> 0.0.154
job-core	Checkout code	2026-02-17T06:07:14.3852432Z  * [new tag]             0.0.155                -> 0.0.155
job-core	Checkout code	2026-02-17T06:07:14.3852771Z  * [new tag]             0.0.156                -> 0.0.156
job-core	Checkout code	2026-02-17T06:07:14.3853120Z  * [new tag]             0.0.157                -> 0.0.157
job-core	Checkout code	2026-02-17T06:07:14.3853469Z  * [new tag]             0.0.158                -> 0.0.158
job-core	Checkout code	2026-02-17T06:07:14.3853822Z  * [new tag]             0.0.159                -> 0.0.159
job-core	Checkout code	2026-02-17T06:07:14.3854176Z  * [new tag]             0.0.16                 -> 0.0.16
job-core	Checkout code	2026-02-17T06:07:14.3854526Z  * [new tag]             0.0.160                -> 0.0.160
job-core	Checkout code	2026-02-17T06:07:14.3854874Z  * [new tag]             0.0.161                -> 0.0.161
job-core	Checkout code	2026-02-17T06:07:14.3855226Z  * [new tag]             0.0.162                -> 0.0.162
job-core	Checkout code	2026-02-17T06:07:14.3855580Z  * [new tag]             0.0.163                -> 0.0.163
job-core	Checkout code	2026-02-17T06:07:14.3855929Z  * [new tag]             0.0.164                -> 0.0.164
job-core	Checkout code	2026-02-17T06:07:14.3856484Z  * [new tag]             0.0.165                -> 0.0.165
job-core	Checkout code	2026-02-17T06:07:14.3856838Z  * [new tag]             0.0.166                -> 0.0.166
job-core	Checkout code	2026-02-17T06:07:14.3857189Z  * [new tag]             0.0.167                -> 0.0.167
job-core	Checkout code	2026-02-17T06:07:14.3858290Z  * [new tag]             0.0.168                -> 0.0.168
job-core	Checkout code	2026-02-17T06:07:14.3858768Z  * [new tag]             0.0.169                -> 0.0.169
job-core	Checkout code	2026-02-17T06:07:14.3859121Z  * [new tag]             0.0.17                 -> 0.0.17
job-core	Checkout code	2026-02-17T06:07:14.3859475Z  * [new tag]             0.0.170                -> 0.0.170
job-core	Checkout code	2026-02-17T06:07:14.3859827Z  * [new tag]             0.0.171                -> 0.0.171
job-core	Checkout code	2026-02-17T06:07:14.3860183Z  * [new tag]             0.0.172                -> 0.0.172
job-core	Checkout code	2026-02-17T06:07:14.3860541Z  * [new tag]             0.0.173                -> 0.0.173
job-core	Checkout code	2026-02-17T06:07:14.3860893Z  * [new tag]             0.0.174                -> 0.0.174
job-core	Checkout code	2026-02-17T06:07:14.3861252Z  * [new tag]             0.0.175                -> 0.0.175
job-core	Checkout code	2026-02-17T06:07:14.3861597Z  * [new tag]             0.0.176                -> 0.0.176
job-core	Checkout code	2026-02-17T06:07:14.3861946Z  * [new tag]             0.0.177                -> 0.0.177
job-core	Checkout code	2026-02-17T06:07:14.3862298Z  * [new tag]             0.0.178                -> 0.0.178
job-core	Checkout code	2026-02-17T06:07:14.3862650Z  * [new tag]             0.0.179                -> 0.0.179
job-core	Checkout code	2026-02-17T06:07:14.3863002Z  * [new tag]             0.0.18                 -> 0.0.18
job-core	Checkout code	2026-02-17T06:07:14.3863361Z  * [new tag]             0.0.19                 -> 0.0.19
job-core	Checkout code	2026-02-17T06:07:14.3863713Z  * [new tag]             0.0.2                  -> 0.0.2
job-core	Checkout code	2026-02-17T06:07:14.3864059Z  * [new tag]             0.0.20                 -> 0.0.20
job-core	Checkout code	2026-02-17T06:07:14.3864413Z  * [new tag]             0.0.21                 -> 0.0.21
job-core	Checkout code	2026-02-17T06:07:14.3864761Z  * [new tag]             0.0.22                 -> 0.0.22
job-core	Checkout code	2026-02-17T06:07:14.3865106Z  * [new tag]             0.0.23                 -> 0.0.23
job-core	Checkout code	2026-02-17T06:07:14.3865460Z  * [new tag]             0.0.24                 -> 0.0.24
job-core	Checkout code	2026-02-17T06:07:14.3865813Z  * [new tag]             0.0.25                 -> 0.0.25
job-core	Checkout code	2026-02-17T06:07:14.3866159Z  * [new tag]             0.0.26                 -> 0.0.26
job-core	Checkout code	2026-02-17T06:07:14.3866507Z  * [new tag]             0.0.27                 -> 0.0.27
job-core	Checkout code	2026-02-17T06:07:14.3866849Z  * [new tag]             0.0.28                 -> 0.0.28
job-core	Checkout code	2026-02-17T06:07:14.3867201Z  * [new tag]             0.0.29                 -> 0.0.29
job-core	Checkout code	2026-02-17T06:07:14.3867947Z  * [new tag]             0.0.3                  -> 0.0.3
job-core	Checkout code	2026-02-17T06:07:14.3868695Z  * [new tag]             0.0.30                 -> 0.0.30
job-core	Checkout code	2026-02-17T06:07:14.3869047Z  * [new tag]             0.0.31                 -> 0.0.31
job-core	Checkout code	2026-02-17T06:07:14.3869603Z  * [new tag]             0.0.32                 -> 0.0.32
job-core	Checkout code	2026-02-17T06:07:14.3869958Z  * [new tag]             0.0.33                 -> 0.0.33
job-core	Checkout code	2026-02-17T06:07:14.3870303Z  * [new tag]             0.0.34                 -> 0.0.34
job-core	Checkout code	2026-02-17T06:07:14.3870656Z  * [new tag]             0.0.35                 -> 0.0.35
job-core	Checkout code	2026-02-17T06:07:14.3871006Z  * [new tag]             0.0.36                 -> 0.0.36
job-core	Checkout code	2026-02-17T06:07:14.3871357Z  * [new tag]             0.0.37                 -> 0.0.37
job-core	Checkout code	2026-02-17T06:07:14.3871710Z  * [new tag]             0.0.38                 -> 0.0.38
job-core	Checkout code	2026-02-17T06:07:14.3872061Z  * [new tag]             0.0.39                 -> 0.0.39
job-core	Checkout code	2026-02-17T06:07:14.3872413Z  * [new tag]             0.0.4                  -> 0.0.4
job-core	Checkout code	2026-02-17T06:07:14.3872762Z  * [new tag]             0.0.40                 -> 0.0.40
job-core	Checkout code	2026-02-17T06:07:14.3873109Z  * [new tag]             0.0.41                 -> 0.0.41
job-core	Checkout code	2026-02-17T06:07:14.3873601Z  * [new tag]             0.0.42                 -> 0.0.42
job-core	Checkout code	2026-02-17T06:07:14.3874231Z  * [new tag]             0.0.43                 -> 0.0.43
job-core	Checkout code	2026-02-17T06:07:14.3874706Z  * [new tag]             0.0.44                 -> 0.0.44
job-core	Checkout code	2026-02-17T06:07:14.3875245Z  * [new tag]             0.0.45                 -> 0.0.45
job-core	Checkout code	2026-02-17T06:07:14.3875596Z  * [new tag]             0.0.46                 -> 0.0.46
job-core	Checkout code	2026-02-17T06:07:14.3875944Z  * [new tag]             0.0.47                 -> 0.0.47
job-core	Checkout code	2026-02-17T06:07:14.3876289Z  * [new tag]             0.0.48                 -> 0.0.48
job-core	Checkout code	2026-02-17T06:07:14.3876639Z  * [new tag]             0.0.49                 -> 0.0.49
job-core	Checkout code	2026-02-17T06:07:14.3876987Z  * [new tag]             0.0.5                  -> 0.0.5
job-core	Checkout code	2026-02-17T06:07:14.3877576Z  * [new tag]             0.0.50                 -> 0.0.50
job-core	Checkout code	2026-02-17T06:07:14.3878072Z  * [new tag]             0.0.51                 -> 0.0.51
job-core	Checkout code	2026-02-17T06:07:14.3878434Z  * [new tag]             0.0.52                 -> 0.0.52
job-core	Checkout code	2026-02-17T06:07:14.3878801Z  * [new tag]             0.0.53                 -> 0.0.53
job-core	Checkout code	2026-02-17T06:07:14.3879157Z  * [new tag]             0.0.54                 -> 0.0.54
job-core	Checkout code	2026-02-17T06:07:14.3879782Z  * [new tag]             0.0.55                 -> 0.0.55
job-core	Checkout code	2026-02-17T06:07:14.3880144Z  * [new tag]             0.0.56                 -> 0.0.56
job-core	Checkout code	2026-02-17T06:07:14.3892046Z  * [new tag]             0.0.57                 -> 0.0.57
job-core	Checkout code	2026-02-17T06:07:14.3892544Z  * [new tag]             0.0.58                 -> 0.0.58
job-core	Checkout code	2026-02-17T06:07:14.3892909Z  * [new tag]             0.0.59                 -> 0.0.59
job-core	Checkout code	2026-02-17T06:07:14.3893262Z  * [new tag]             0.0.6                  -> 0.0.6
job-core	Checkout code	2026-02-17T06:07:14.3893612Z  * [new tag]             0.0.60                 -> 0.0.60
job-core	Checkout code	2026-02-17T06:07:14.3893959Z  * [new tag]             0.0.61                 -> 0.0.61
job-core	Checkout code	2026-02-17T06:07:14.3894300Z  * [new tag]             0.0.62                 -> 0.0.62
job-core	Checkout code	2026-02-17T06:07:14.3894640Z  * [new tag]             0.0.63                 -> 0.0.63
job-core	Checkout code	2026-02-17T06:07:14.3894990Z  * [new tag]             0.0.64                 -> 0.0.64
job-core	Checkout code	2026-02-17T06:07:14.3895327Z  * [new tag]             0.0.65                 -> 0.0.65
job-core	Checkout code	2026-02-17T06:07:14.3895668Z  * [new tag]             0.0.66                 -> 0.0.66
job-core	Checkout code	2026-02-17T06:07:14.3896017Z  * [new tag]             0.0.67                 -> 0.0.67
job-core	Checkout code	2026-02-17T06:07:14.3896356Z  * [new tag]             0.0.68                 -> 0.0.68
job-core	Checkout code	2026-02-17T06:07:14.3896694Z  * [new tag]             0.0.69                 -> 0.0.69
job-core	Checkout code	2026-02-17T06:07:14.3897035Z  * [new tag]             0.0.7                  -> 0.0.7
job-core	Checkout code	2026-02-17T06:07:14.3897686Z  * [new tag]             0.0.70                 -> 0.0.70
job-core	Checkout code	2026-02-17T06:07:14.3898300Z  * [new tag]             0.0.71                 -> 0.0.71
job-core	Checkout code	2026-02-17T06:07:14.3898644Z  * [new tag]             0.0.72                 -> 0.0.72
job-core	Checkout code	2026-02-17T06:07:14.3898988Z  * [new tag]             0.0.73                 -> 0.0.73
job-core	Checkout code	2026-02-17T06:07:14.3899329Z  * [new tag]             0.0.74                 -> 0.0.74
job-core	Checkout code	2026-02-17T06:07:14.3899944Z  * [new tag]             0.0.75                 -> 0.0.75
job-core	Checkout code	2026-02-17T06:07:14.3900283Z  * [new tag]             0.0.76                 -> 0.0.76
job-core	Checkout code	2026-02-17T06:07:14.3900624Z  * [new tag]             0.0.77                 -> 0.0.77
job-core	Checkout code	2026-02-17T06:07:14.3900970Z  * [new tag]             0.0.78                 -> 0.0.78
job-core	Checkout code	2026-02-17T06:07:14.3901309Z  * [new tag]             0.0.79                 -> 0.0.79
job-core	Checkout code	2026-02-17T06:07:14.3901649Z  * [new tag]             0.0.8                  -> 0.0.8
job-core	Checkout code	2026-02-17T06:07:14.3901992Z  * [new tag]             0.0.80                 -> 0.0.80
job-core	Checkout code	2026-02-17T06:07:14.3902336Z  * [new tag]             0.0.81                 -> 0.0.81
job-core	Checkout code	2026-02-17T06:07:14.3902681Z  * [new tag]             0.0.82                 -> 0.0.82
job-core	Checkout code	2026-02-17T06:07:14.3903027Z  * [new tag]             0.0.83                 -> 0.0.83
job-core	Checkout code	2026-02-17T06:07:14.3903366Z  * [new tag]             0.0.84                 -> 0.0.84
job-core	Checkout code	2026-02-17T06:07:14.3903702Z  * [new tag]             0.0.85                 -> 0.0.85
job-core	Checkout code	2026-02-17T06:07:14.3904049Z  * [new tag]             0.0.86                 -> 0.0.86
job-core	Checkout code	2026-02-17T06:07:14.3904388Z  * [new tag]             0.0.87                 -> 0.0.87
job-core	Checkout code	2026-02-17T06:07:14.3904728Z  * [new tag]             0.0.88                 -> 0.0.88
job-core	Checkout code	2026-02-17T06:07:14.3905304Z  * [new tag]             0.0.89                 -> 0.0.89
job-core	Checkout code	2026-02-17T06:07:14.3905646Z  * [new tag]             0.0.9                  -> 0.0.9
job-core	Checkout code	2026-02-17T06:07:14.3905987Z  * [new tag]             0.0.90                 -> 0.0.90
job-core	Checkout code	2026-02-17T06:07:14.3906321Z  * [new tag]             0.0.91                 -> 0.0.91
job-core	Checkout code	2026-02-17T06:07:14.3906660Z  * [new tag]             0.0.92                 -> 0.0.92
job-core	Checkout code	2026-02-17T06:07:14.3907000Z  * [new tag]             0.0.93                 -> 0.0.93
job-core	Checkout code	2026-02-17T06:07:14.3907441Z  * [new tag]             0.0.94                 -> 0.0.94
job-core	Checkout code	2026-02-17T06:07:14.3908332Z  * [new tag]             0.0.95                 -> 0.0.95
job-core	Checkout code	2026-02-17T06:07:14.3908678Z  * [new tag]             0.0.96                 -> 0.0.96
job-core	Checkout code	2026-02-17T06:07:14.3909014Z  * [new tag]             0.0.97                 -> 0.0.97
job-core	Checkout code	2026-02-17T06:07:14.3909354Z  * [new tag]             0.0.98                 -> 0.0.98
job-core	Checkout code	2026-02-17T06:07:14.3909694Z  * [new tag]             0.0.99                 -> 0.0.99
job-core	Checkout code	2026-02-17T06:07:14.3910034Z  * [new tag]             0.1.0                  -> 0.1.0
job-core	Checkout code	2026-02-17T06:07:14.3910378Z  * [new tag]             0.1.1                  -> 0.1.1
job-core	Checkout code	2026-02-17T06:07:14.3910715Z  * [new tag]             0.2.0                  -> 0.2.0
job-core	Checkout code	2026-02-17T06:07:14.3911051Z  * [new tag]             0.3.0                  -> 0.3.0
job-core	Checkout code	2026-02-17T06:07:14.3911387Z  * [new tag]             0.3.1                  -> 0.3.1
job-core	Checkout code	2026-02-17T06:07:14.3911723Z  * [new tag]             0.3.10                 -> 0.3.10
job-core	Checkout code	2026-02-17T06:07:14.3912060Z  * [new tag]             0.3.11                 -> 0.3.11
job-core	Checkout code	2026-02-17T06:07:14.3912434Z  * [new tag]             0.3.12                 -> 0.3.12
job-core	Checkout code	2026-02-17T06:07:14.3912781Z  * [new tag]             0.3.13                 -> 0.3.13
job-core	Checkout code	2026-02-17T06:07:14.3913126Z  * [new tag]             0.3.14                 -> 0.3.14
job-core	Checkout code	2026-02-17T06:07:14.3913460Z  * [new tag]             0.3.15                 -> 0.3.15
job-core	Checkout code	2026-02-17T06:07:14.3913805Z  * [new tag]             0.3.16                 -> 0.3.16
job-core	Checkout code	2026-02-17T06:07:14.3914147Z  * [new tag]             0.3.17                 -> 0.3.17
job-core	Checkout code	2026-02-17T06:07:14.3914490Z  * [new tag]             0.3.2                  -> 0.3.2
job-core	Checkout code	2026-02-17T06:07:14.3914828Z  * [new tag]             0.3.3                  -> 0.3.3
job-core	Checkout code	2026-02-17T06:07:14.3915167Z  * [new tag]             0.3.4                  -> 0.3.4
job-core	Checkout code	2026-02-17T06:07:14.3915504Z  * [new tag]             0.3.5                  -> 0.3.5
job-core	Checkout code	2026-02-17T06:07:14.3915989Z  * [new tag]             0.3.6                  -> 0.3.6
job-core	Checkout code	2026-02-17T06:07:14.3916333Z  * [new tag]             0.3.7                  -> 0.3.7
job-core	Checkout code	2026-02-17T06:07:14.3916680Z  * [new tag]             0.3.8                  -> 0.3.8
job-core	Checkout code	2026-02-17T06:07:14.3917226Z  * [new tag]             0.3.9                  -> 0.3.9
job-core	Checkout code	2026-02-17T06:07:14.3917945Z  * [new tag]             0.4.0                  -> 0.4.0
job-core	Checkout code	2026-02-17T06:07:14.3918413Z  * [new tag]             0.4.1                  -> 0.4.1
job-core	Checkout code	2026-02-17T06:07:14.3918759Z  * [new tag]             0.4.2                  -> 0.4.2
job-core	Checkout code	2026-02-17T06:07:14.3919094Z  * [new tag]             0.4.3                  -> 0.4.3
job-core	Checkout code	2026-02-17T06:07:14.3919431Z  * [new tag]             0.4.4                  -> 0.4.4
job-core	Checkout code	2026-02-17T06:07:14.3919768Z  * [new tag]             0.4.5                  -> 0.4.5
job-core	Checkout code	2026-02-17T06:07:14.3920103Z  * [new tag]             0.4.6                  -> 0.4.6
job-core	Checkout code	2026-02-17T06:07:14.3920439Z  * [new tag]             0.4.7                  -> 0.4.7
job-core	Checkout code	2026-02-17T06:07:14.3920778Z  * [new tag]             0.4.8                  -> 0.4.8
job-core	Checkout code	2026-02-17T06:07:14.3921113Z  * [new tag]             0.4.9                  -> 0.4.9
job-core	Checkout code	2026-02-17T06:07:14.3921450Z  * [new tag]             0.5.0                  -> 0.5.0
job-core	Checkout code	2026-02-17T06:07:14.3921787Z  * [new tag]             0.5.1                  -> 0.5.1
job-core	Checkout code	2026-02-17T06:07:14.3922126Z  * [new tag]             0.5.2                  -> 0.5.2
job-core	Checkout code	2026-02-17T06:07:14.3922463Z  * [new tag]             0.6.0                  -> 0.6.0
job-core	Checkout code	2026-02-17T06:07:14.3923000Z  * [new tag]             0.6.1                  -> 0.6.1
job-core	Checkout code	2026-02-17T06:07:14.3923336Z  * [new tag]             0.6.2                  -> 0.6.2
job-core	Checkout code	2026-02-17T06:07:14.4142965Z [command]/usr/bin/git branch --list --remote origin/main
job-core	Checkout code	2026-02-17T06:07:14.4220602Z   origin/main
job-core	Checkout code	2026-02-17T06:07:14.4233237Z [command]/usr/bin/git rev-parse refs/remotes/origin/main
job-core	Checkout code	2026-02-17T06:07:14.4263185Z 512ccfee4751d4fa4eabc49efd37d186eb9cf4a4
job-core	Checkout code	2026-02-17T06:07:14.4268517Z ##[endgroup]
job-core	Checkout code	2026-02-17T06:07:14.4268934Z ##[group]Determining the checkout info
job-core	Checkout code	2026-02-17T06:07:14.4270115Z ##[endgroup]
job-core	Checkout code	2026-02-17T06:07:14.4276502Z [command]/usr/bin/git sparse-checkout disable
job-core	Checkout code	2026-02-17T06:07:14.4342254Z [command]/usr/bin/git config --local --unset-all extensions.worktreeConfig
job-core	Checkout code	2026-02-17T06:07:14.4381221Z ##[group]Checking out the ref
job-core	Checkout code	2026-02-17T06:07:14.4386502Z [command]/usr/bin/git checkout --progress --force -B main refs/remotes/origin/main
job-core	Checkout code	2026-02-17T06:07:14.9271347Z Switched to a new branch 'main'
job-core	Checkout code	2026-02-17T06:07:14.9276481Z branch 'main' set up to track 'origin/main'.
job-core	Checkout code	2026-02-17T06:07:14.9346184Z ##[endgroup]
job-core	Checkout code	2026-02-17T06:07:14.9409185Z [command]/usr/bin/git log -1 --format=%H
job-core	Checkout code	2026-02-17T06:07:14.9445569Z 512ccfee4751d4fa4eabc49efd37d186eb9cf4a4
job-core	Install GH CLI	Ôªø2026-02-17T06:07:14.9744196Z Prepare all required actions
job-core	Install GH CLI	2026-02-17T06:07:14.9791180Z ##[group]Run ./.github/actions/install-gh-cli
job-core	Install GH CLI	2026-02-17T06:07:14.9791508Z env:
job-core	Install GH CLI	2026-02-17T06:07:14.9791703Z   PYTHON_VERSION: 3.9
job-core	Install GH CLI	2026-02-17T06:07:14.9792651Z   MONGO_SUPERUSER_CONNECTION: ***
job-core	Install GH CLI	2026-02-17T06:07:14.9793035Z   MONGO_NEW_PASS: ***
job-core	Install GH CLI	2026-02-17T06:07:14.9793373Z   MONGO_SCRIPT_CREATE: devops/core/mongo/scripts/mongodb_status_report.py
job-core	Install GH CLI	2026-02-17T06:07:14.9793765Z   KAOS_CODE: 22087858268
job-core	Install GH CLI	2026-02-17T06:07:14.9794009Z   REPORT_SCAN: audit/
job-core	Install GH CLI	2026-02-17T06:07:14.9794235Z   REPORT_PATH: audit/mongodb/
job-core	Install GH CLI	2026-02-17T06:07:14.9794486Z   REPORT_FILENAME: 22087858268.json
job-core	Install GH CLI	2026-02-17T06:07:14.9794758Z   KAOS_MODULE: [Ka0s] Status MongDB Report
job-core	Install GH CLI	2026-02-17T06:07:14.9795037Z   GITHUB_OUTPUT: 
job-core	Install GH CLI	2026-02-17T06:07:14.9795235Z ##[endgroup]
job-core	Install GH CLI	2026-02-17T06:07:14.9889973Z ##[group]Run type -p curl >/dev/null || (sudo apt-get update && sudo apt-get install curl -y)
job-core	Install GH CLI	2026-02-17T06:07:14.9890637Z [36;1mtype -p curl >/dev/null || (sudo apt-get update && sudo apt-get install curl -y)[0m
job-core	Install GH CLI	2026-02-17T06:07:14.9891532Z [36;1mcurl -fsSL https://cli.github.com/packages/githubcli-archive-keyring.gpg | sudo dd of=/usr/share/keyrings/githubcli-archive-keyring.gpg \[0m
job-core	Install GH CLI	2026-02-17T06:07:14.9892333Z [36;1m&& sudo chmod go+r /usr/share/keyrings/githubcli-archive-keyring.gpg \[0m
job-core	Install GH CLI	2026-02-17T06:07:14.9893400Z [36;1m&& echo "deb [arch=$(dpkg --print-architecture) signed-by=/usr/share/keyrings/githubcli-archive-keyring.gpg] https://cli.github.com/packages stable main" | sudo tee /etc/apt/sources.list.d/github-cli.list > /dev/null \[0m
job-core	Install GH CLI	2026-02-17T06:07:14.9894664Z [36;1m&& sudo apt-get update \[0m
job-core	Install GH CLI	2026-02-17T06:07:14.9894951Z [36;1m&& sudo apt-get install gh -y[0m
job-core	Install GH CLI	2026-02-17T06:07:14.9912390Z shell: /usr/bin/bash --noprofile --norc -e -o pipefail {0}
job-core	Install GH CLI	2026-02-17T06:07:14.9912877Z env:
job-core	Install GH CLI	2026-02-17T06:07:14.9913069Z   PYTHON_VERSION: 3.9
job-core	Install GH CLI	2026-02-17T06:07:14.9913860Z   MONGO_SUPERUSER_CONNECTION: ***
job-core	Install GH CLI	2026-02-17T06:07:14.9914235Z   MONGO_NEW_PASS: ***
job-core	Install GH CLI	2026-02-17T06:07:14.9914563Z   MONGO_SCRIPT_CREATE: devops/core/mongo/scripts/mongodb_status_report.py
job-core	Install GH CLI	2026-02-17T06:07:14.9914960Z   KAOS_CODE: 22087858268
job-core	Install GH CLI	2026-02-17T06:07:14.9915179Z   REPORT_SCAN: audit/
job-core	Install GH CLI	2026-02-17T06:07:14.9915406Z   REPORT_PATH: audit/mongodb/
job-core	Install GH CLI	2026-02-17T06:07:14.9915652Z   REPORT_FILENAME: 22087858268.json
job-core	Install GH CLI	2026-02-17T06:07:14.9915913Z   KAOS_MODULE: [Ka0s] Status MongDB Report
job-core	Install GH CLI	2026-02-17T06:07:14.9916181Z   GITHUB_OUTPUT: 
job-core	Install GH CLI	2026-02-17T06:07:14.9916374Z ##[endgroup]
job-core	Install GH CLI	2026-02-17T06:07:15.2053115Z 4+1 records in
job-core	Install GH CLI	2026-02-17T06:07:15.2054193Z 4+1 records out
job-core	Install GH CLI	2026-02-17T06:07:15.2055425Z 2270 bytes (2.3 kB, 2.2 KiB) copied, 0.189138 s, 12.0 kB/s
job-core	Install GH CLI	2026-02-17T06:07:15.3962932Z Get:1 https://cli.github.com/packages stable InRelease [3917 B]
job-core	Install GH CLI	2026-02-17T06:07:15.4209181Z Get:2 http://security.ubuntu.com/ubuntu noble-security InRelease [126 kB]
job-core	Install GH CLI	2026-02-17T06:07:15.4213695Z Get:3 http://archive.ubuntu.com/ubuntu noble InRelease [256 kB]
job-core	Install GH CLI	2026-02-17T06:07:15.4845542Z Get:4 https://cli.github.com/packages stable/main amd64 Packages [356 B]
job-core	Install GH CLI	2026-02-17T06:07:15.5707781Z Get:5 http://archive.ubuntu.com/ubuntu noble-updates InRelease [126 kB]
job-core	Install GH CLI	2026-02-17T06:07:15.5755713Z Get:6 https://ppa.launchpadcontent.net/git-core/ppa/ubuntu noble InRelease [24.3 kB]
job-core	Install GH CLI	2026-02-17T06:07:15.6076244Z Get:7 http://archive.ubuntu.com/ubuntu noble-backports InRelease [126 kB]
job-core	Install GH CLI	2026-02-17T06:07:15.6184928Z Get:8 http://security.ubuntu.com/ubuntu noble-security/main amd64 Packages [1829 kB]
job-core	Install GH CLI	2026-02-17T06:07:15.7119986Z Get:9 http://archive.ubuntu.com/ubuntu noble/multiverse amd64 Packages [331 kB]
job-core	Install GH CLI	2026-02-17T06:07:15.7590008Z Get:10 http://security.ubuntu.com/ubuntu noble-security/universe amd64 Packages [1205 kB]
job-core	Install GH CLI	2026-02-17T06:07:15.7652216Z Get:11 http://archive.ubuntu.com/ubuntu noble/main amd64 Packages [1808 kB]
job-core	Install GH CLI	2026-02-17T06:07:15.7706607Z Get:12 http://security.ubuntu.com/ubuntu noble-security/multiverse amd64 Packages [34.8 kB]
job-core	Install GH CLI	2026-02-17T06:07:15.7712370Z Get:13 http://security.ubuntu.com/ubuntu noble-security/restricted amd64 Packages [3122 kB]
job-core	Install GH CLI	2026-02-17T06:07:15.8373056Z Get:14 http://archive.ubuntu.com/ubuntu noble/universe amd64 Packages [19.3 MB]
job-core	Install GH CLI	2026-02-17T06:07:15.8943633Z Get:15 https://ppa.launchpadcontent.net/git-core/ppa/ubuntu noble/main amd64 Packages [2992 B]
job-core	Install GH CLI	2026-02-17T06:07:16.0664433Z Get:16 http://archive.ubuntu.com/ubuntu noble/restricted amd64 Packages [117 kB]
job-core	Install GH CLI	2026-02-17T06:07:16.0667880Z Get:17 http://archive.ubuntu.com/ubuntu noble-updates/multiverse amd64 Packages [38.1 kB]
job-core	Install GH CLI	2026-02-17T06:07:16.0673195Z Get:18 http://archive.ubuntu.com/ubuntu noble-updates/restricted amd64 Packages [3330 kB]
job-core	Install GH CLI	2026-02-17T06:07:16.0905795Z Get:19 http://archive.ubuntu.com/ubuntu noble-updates/main amd64 Packages [2218 kB]
job-core	Install GH CLI	2026-02-17T06:07:16.1068932Z Get:20 http://archive.ubuntu.com/ubuntu noble-updates/universe amd64 Packages [2014 kB]
job-core	Install GH CLI	2026-02-17T06:07:16.1212103Z Get:21 http://archive.ubuntu.com/ubuntu noble-backports/main amd64 Packages [49.5 kB]
job-core	Install GH CLI	2026-02-17T06:07:16.1223113Z Get:22 http://archive.ubuntu.com/ubuntu noble-backports/universe amd64 Packages [34.6 kB]
job-core	Install GH CLI	2026-02-17T06:07:17.2575972Z Fetched 36.1 MB in 2s (18.9 MB/s)
job-core	Install GH CLI	2026-02-17T06:07:18.1693297Z Reading package lists...
job-core	Install GH CLI	2026-02-17T06:07:19.1874196Z Reading package lists...
job-core	Install GH CLI	2026-02-17T06:07:19.4167571Z Building dependency tree...
job-core	Install GH CLI	2026-02-17T06:07:19.4168114Z Reading state information...
job-core	Install GH CLI	2026-02-17T06:07:19.8305582Z The following NEW packages will be installed:
job-core	Install GH CLI	2026-02-17T06:07:19.8324534Z   gh
job-core	Install GH CLI	2026-02-17T06:07:20.3984734Z 0 upgraded, 1 newly installed, 0 to remove and 25 not upgraded.
job-core	Install GH CLI	2026-02-17T06:07:20.3988418Z Need to get 13.7 MB of archives.
job-core	Install GH CLI	2026-02-17T06:07:20.3990097Z After this operation, 37.9 MB of additional disk space will be used.
job-core	Install GH CLI	2026-02-17T06:07:20.3992526Z Get:1 https://cli.github.com/packages stable/main amd64 gh amd64 2.86.0 [13.7 MB]
job-core	Install GH CLI	2026-02-17T06:07:20.9443396Z debconf: delaying package configuration, since apt-utils is not installed
job-core	Install GH CLI	2026-02-17T06:07:20.9893396Z Fetched 13.7 MB in 1s (16.2 MB/s)
job-core	Install GH CLI	2026-02-17T06:07:21.0196968Z Selecting previously unselected package gh.
job-core	Install GH CLI	2026-02-17T06:07:21.0243127Z (Reading database ... 
job-core	Install GH CLI	2026-02-17T06:07:21.0243468Z (Reading database ... 5%
job-core	Install GH CLI	2026-02-17T06:07:21.0243785Z (Reading database ... 10%
job-core	Install GH CLI	2026-02-17T06:07:21.0244089Z (Reading database ... 15%
job-core	Install GH CLI	2026-02-17T06:07:21.0244397Z (Reading database ... 20%
job-core	Install GH CLI	2026-02-17T06:07:21.0244709Z (Reading database ... 25%
job-core	Install GH CLI	2026-02-17T06:07:21.0245013Z (Reading database ... 30%
job-core	Install GH CLI	2026-02-17T06:07:21.0245316Z (Reading database ... 35%
job-core	Install GH CLI	2026-02-17T06:07:21.0245624Z (Reading database ... 40%
job-core	Install GH CLI	2026-02-17T06:07:21.0245938Z (Reading database ... 45%
job-core	Install GH CLI	2026-02-17T06:07:21.0246241Z (Reading database ... 50%
job-core	Install GH CLI	2026-02-17T06:07:21.0246545Z (Reading database ... 55%
job-core	Install GH CLI	2026-02-17T06:07:21.0246845Z (Reading database ... 60%
job-core	Install GH CLI	2026-02-17T06:07:21.0252626Z (Reading database ... 65%
job-core	Install GH CLI	2026-02-17T06:07:21.0278069Z (Reading database ... 70%
job-core	Install GH CLI	2026-02-17T06:07:21.0284799Z (Reading database ... 75%
job-core	Install GH CLI	2026-02-17T06:07:21.0300974Z (Reading database ... 80%
job-core	Install GH CLI	2026-02-17T06:07:21.0306780Z (Reading database ... 85%
job-core	Install GH CLI	2026-02-17T06:07:21.0318724Z (Reading database ... 90%
job-core	Install GH CLI	2026-02-17T06:07:21.0341143Z (Reading database ... 95%
job-core	Install GH CLI	2026-02-17T06:07:21.0341785Z (Reading database ... 100%
job-core	Install GH CLI	2026-02-17T06:07:21.0342295Z (Reading database ... 14385 files and directories currently installed.)
job-core	Install GH CLI	2026-02-17T06:07:21.0347002Z Preparing to unpack .../archives/gh_2.86.0_amd64.deb ...
job-core	Install GH CLI	2026-02-17T06:07:21.0391642Z Unpacking gh (2.86.0) ...
job-core	Install GH CLI	2026-02-17T06:07:21.3011712Z Setting up gh (2.86.0) ...
job-core	Set up Python	Ôªø2026-02-17T06:07:21.3853981Z ##[group]Run actions/setup-python@v4
job-core	Set up Python	2026-02-17T06:07:21.3854466Z with:
job-core	Set up Python	2026-02-17T06:07:21.3854760Z   python-version: 3.9
job-core	Set up Python	2026-02-17T06:07:21.3855107Z   check-latest: false
job-core	Set up Python	2026-02-17T06:07:21.3855658Z   token: ***
job-core	Set up Python	2026-02-17T06:07:21.3855985Z   update-environment: true
job-core	Set up Python	2026-02-17T06:07:21.3856363Z   allow-prereleases: false
job-core	Set up Python	2026-02-17T06:07:21.3856702Z env:
job-core	Set up Python	2026-02-17T06:07:21.3856982Z   PYTHON_VERSION: 3.9
job-core	Set up Python	2026-02-17T06:07:21.3858895Z   MONGO_SUPERUSER_CONNECTION: ***
job-core	Set up Python	2026-02-17T06:07:21.3859501Z   MONGO_NEW_PASS: ***
job-core	Set up Python	2026-02-17T06:07:21.3860017Z   MONGO_SCRIPT_CREATE: devops/core/mongo/scripts/mongodb_status_report.py
job-core	Set up Python	2026-02-17T06:07:21.3860623Z   KAOS_CODE: 22087858268
job-core	Set up Python	2026-02-17T06:07:21.3860966Z   REPORT_SCAN: audit/
job-core	Set up Python	2026-02-17T06:07:21.3861306Z   REPORT_PATH: audit/mongodb/
job-core	Set up Python	2026-02-17T06:07:21.3861691Z   REPORT_FILENAME: 22087858268.json
job-core	Set up Python	2026-02-17T06:07:21.3862120Z   KAOS_MODULE: [Ka0s] Status MongDB Report
job-core	Set up Python	2026-02-17T06:07:21.3862544Z   GITHUB_OUTPUT: 
job-core	Set up Python	2026-02-17T06:07:21.3862847Z ##[endgroup]
job-core	Set up Python	2026-02-17T06:07:21.5859170Z ##[group]Installed versions
job-core	Set up Python	2026-02-17T06:07:21.5871660Z Version 3.9 was not found in the local cache
job-core	Set up Python	2026-02-17T06:07:22.7065076Z Version 3.9 is available for downloading
job-core	Set up Python	2026-02-17T06:07:22.7066658Z Download from "https://github.com/actions/python-versions/releases/download/3.9.25-19039189640/python-3.9.25-linux-24.04-x64.tar.gz"
job-core	Set up Python	2026-02-17T06:07:25.0229941Z Extract downloaded archive
job-core	Set up Python	2026-02-17T06:07:25.0485195Z [command]/usr/bin/tar xz --warning=no-unknown-keyword -C /home/runner/_work/_temp/01acfeac-1a89-48f9-82c6-637bfd212a0d -f /home/runner/_work/_temp/fe0b8332-1adc-454f-8508-379a10848f33
job-core	Set up Python	2026-02-17T06:07:26.6162405Z Execute installation script
job-core	Set up Python	2026-02-17T06:07:26.6266915Z Check if Python hostedtoolcache folder exist...
job-core	Set up Python	2026-02-17T06:07:26.6267798Z Creating Python hostedtoolcache folder...
job-core	Set up Python	2026-02-17T06:07:26.6283036Z Create Python 3.9.25 folder
job-core	Set up Python	2026-02-17T06:07:26.6297944Z Copy Python binaries to hostedtoolcache folder
job-core	Set up Python	2026-02-17T06:07:27.5617539Z Create additional symlinks (Required for the UsePythonVersion Azure Pipelines task and the setup-python GitHub Action)
job-core	Set up Python	2026-02-17T06:07:27.5662621Z Upgrading pip...
job-core	Set up Python	2026-02-17T06:07:29.5479806Z Looking in links: /tmp/tmp4dz6ofhb
job-core	Set up Python	2026-02-17T06:07:29.5486255Z Requirement already satisfied: setuptools in /home/runner/_work/_tool/Python/3.9.25/x64/lib/python3.9/site-packages (79.0.1)
job-core	Set up Python	2026-02-17T06:07:29.5491061Z Requirement already satisfied: pip in /home/runner/_work/_tool/Python/3.9.25/x64/lib/python3.9/site-packages (23.0.1)
job-core	Set up Python	2026-02-17T06:07:30.8417997Z Collecting pip
job-core	Set up Python	2026-02-17T06:07:30.8952573Z Downloading pip-26.0.1-py3-none-any.whl (1.8 MB)
job-core	Set up Python	2026-02-17T06:07:30.9431513Z ‚îÅ‚îÅ‚îÅ‚îÅ‚îÅ‚îÅ‚îÅ‚îÅ‚îÅ‚îÅ‚îÅ‚îÅ‚îÅ‚îÅ‚îÅ‚îÅ‚îÅ‚îÅ‚îÅ‚îÅ‚îÅ‚îÅ‚îÅ‚îÅ‚îÅ‚îÅ‚îÅ‚îÅ‚îÅ‚îÅ‚îÅ‚îÅ‚îÅ‚îÅ‚îÅ‚îÅ‚îÅ‚îÅ‚îÅ‚îÅ 1.8/1.8 MB 39.9 MB/s eta 0:00:00
job-core	Set up Python	2026-02-17T06:07:30.9431888Z 
job-core	Set up Python	2026-02-17T06:07:31.0094961Z Installing collected packages: pip
job-core	Set up Python	2026-02-17T06:07:31.0101722Z Attempting uninstall: pip
job-core	Set up Python	2026-02-17T06:07:31.0103404Z Found existing installation: pip 23.0.1
job-core	Set up Python	2026-02-17T06:07:31.3146753Z Uninstalling pip-23.0.1:
job-core	Set up Python	2026-02-17T06:07:31.3245973Z Successfully uninstalled pip-23.0.1
job-core	Set up Python	2026-02-17T06:07:32.2013430Z Successfully installed pip-26.0.1
job-core	Set up Python	2026-02-17T06:07:32.2819254Z Create complete file
job-core	Set up Python	2026-02-17T06:07:32.2861997Z Successfully set up CPython (3.9.25)
job-core	Set up Python	2026-02-17T06:07:32.2863132Z ##[endgroup]
job-core	Install dependencies	Ôªø2026-02-17T06:07:32.3012999Z ##[group]Run pip install pymongo
job-core	Install dependencies	2026-02-17T06:07:32.3022227Z [36;1mpip install pymongo[0m
job-core	Install dependencies	2026-02-17T06:07:32.3038834Z shell: /usr/bin/bash -e {0}
job-core	Install dependencies	2026-02-17T06:07:32.3039098Z env:
job-core	Install dependencies	2026-02-17T06:07:32.3039300Z   PYTHON_VERSION: 3.9
job-core	Install dependencies	2026-02-17T06:07:32.3040263Z   MONGO_SUPERUSER_CONNECTION: ***
job-core	Install dependencies	2026-02-17T06:07:32.3040702Z   MONGO_NEW_PASS: ***
job-core	Install dependencies	2026-02-17T06:07:32.3041048Z   MONGO_SCRIPT_CREATE: devops/core/mongo/scripts/mongodb_status_report.py
job-core	Install dependencies	2026-02-17T06:07:32.3041455Z   KAOS_CODE: 22087858268
job-core	Install dependencies	2026-02-17T06:07:32.3041688Z   REPORT_SCAN: audit/
job-core	Install dependencies	2026-02-17T06:07:32.3041918Z   REPORT_PATH: audit/mongodb/
job-core	Install dependencies	2026-02-17T06:07:32.3042169Z   REPORT_FILENAME: 22087858268.json
job-core	Install dependencies	2026-02-17T06:07:32.3042453Z   KAOS_MODULE: [Ka0s] Status MongDB Report
job-core	Install dependencies	2026-02-17T06:07:32.3042753Z   GITHUB_OUTPUT: 
job-core	Install dependencies	2026-02-17T06:07:32.3043044Z   pythonLocation: /home/runner/_work/_tool/Python/3.9.25/x64
job-core	Install dependencies	2026-02-17T06:07:32.3043513Z   PKG_CONFIG_PATH: /home/runner/_work/_tool/Python/3.9.25/x64/lib/pkgconfig
job-core	Install dependencies	2026-02-17T06:07:32.3043986Z   Python_ROOT_DIR: /home/runner/_work/_tool/Python/3.9.25/x64
job-core	Install dependencies	2026-02-17T06:07:32.3044443Z   Python2_ROOT_DIR: /home/runner/_work/_tool/Python/3.9.25/x64
job-core	Install dependencies	2026-02-17T06:07:32.3044864Z   Python3_ROOT_DIR: /home/runner/_work/_tool/Python/3.9.25/x64
job-core	Install dependencies	2026-02-17T06:07:32.3045295Z   LD_LIBRARY_PATH: /home/runner/_work/_tool/Python/3.9.25/x64/lib
job-core	Install dependencies	2026-02-17T06:07:32.3045643Z ##[endgroup]
job-core	Install dependencies	2026-02-17T06:07:33.1724807Z Collecting pymongo
job-core	Install dependencies	2026-02-17T06:07:33.2313601Z   Downloading pymongo-4.16.0-cp39-cp39-manylinux2014_x86_64.manylinux_2_17_x86_64.manylinux_2_28_x86_64.whl.metadata (10.0 kB)
job-core	Install dependencies	2026-02-17T06:07:33.2662581Z Collecting dnspython<3.0.0,>=2.6.1 (from pymongo)
job-core	Install dependencies	2026-02-17T06:07:33.2711548Z   Downloading dnspython-2.7.0-py3-none-any.whl.metadata (5.8 kB)
job-core	Install dependencies	2026-02-17T06:07:33.2866293Z Downloading pymongo-4.16.0-cp39-cp39-manylinux2014_x86_64.manylinux_2_17_x86_64.manylinux_2_28_x86_64.whl (947 kB)
job-core	Install dependencies	2026-02-17T06:07:33.3280956Z    ‚îÅ‚îÅ‚îÅ‚îÅ‚îÅ‚îÅ‚îÅ‚îÅ‚îÅ‚îÅ‚îÅ‚îÅ‚îÅ‚îÅ‚îÅ‚îÅ‚îÅ‚îÅ‚îÅ‚îÅ‚îÅ‚îÅ‚îÅ‚îÅ‚îÅ‚îÅ‚îÅ‚îÅ‚îÅ‚îÅ‚îÅ‚îÅ‚îÅ‚îÅ‚îÅ‚îÅ‚îÅ‚îÅ‚îÅ‚îÅ 947.2/947.2 kB 39.1 MB/s  0:00:00
job-core	Install dependencies	2026-02-17T06:07:33.3330349Z Downloading dnspython-2.7.0-py3-none-any.whl (313 kB)
job-core	Install dependencies	2026-02-17T06:07:33.3774006Z Installing collected packages: dnspython, pymongo
job-core	Install dependencies	2026-02-17T06:07:33.9237120Z 
job-core	Install dependencies	2026-02-17T06:07:33.9256507Z Successfully installed dnspython-2.7.0 pymongo-4.16.0
job-core	Create database MongoDB	Ôªø2026-02-17T06:07:34.1837141Z ##[group]Run python devops/core/mongo/scripts/mongodb_status_report.py
job-core	Create database MongoDB	2026-02-17T06:07:34.1838779Z [36;1mpython devops/core/mongo/scripts/mongodb_status_report.py[0m
job-core	Create database MongoDB	2026-02-17T06:07:34.1839263Z [36;1mecho "Downloading files to MongoDB update repository ..."[0m
job-core	Create database MongoDB	2026-02-17T06:07:34.1839797Z [36;1mgit config --global user.name "***"[0m
job-core	Create database MongoDB	2026-02-17T06:07:34.1840162Z [36;1mgit config --global user.email "***"[0m
job-core	Create database MongoDB	2026-02-17T06:07:34.1840587Z [36;1mgit pull --rebase[0m
job-core	Create database MongoDB	2026-02-17T06:07:34.1841313Z [36;1mecho "Uploading files to MongoDB update repository ..."[0m
job-core	Create database MongoDB	2026-02-17T06:07:34.1841667Z [36;1mgit add audit/mongodb/[0m
job-core	Create database MongoDB	2026-02-17T06:07:34.1842061Z [36;1mif ! git diff --staged --quiet; then[0m
job-core	Create database MongoDB	2026-02-17T06:07:34.1842790Z [36;1m   git commit -m "swarm-runners] Uploading files to MongoDB update repository ..."[0m
job-core	Create database MongoDB	2026-02-17T06:07:34.1843322Z [36;1m   git push origin refs/heads/main --force-with-lease[0m
job-core	Create database MongoDB	2026-02-17T06:07:34.1843775Z [36;1m fi[0m
job-core	Create database MongoDB	2026-02-17T06:07:34.1857059Z shell: /usr/bin/bash -e {0}
job-core	Create database MongoDB	2026-02-17T06:07:34.1857714Z env:
job-core	Create database MongoDB	2026-02-17T06:07:34.1858166Z   PYTHON_VERSION: 3.9
job-core	Create database MongoDB	2026-02-17T06:07:34.1858930Z   MONGO_SUPERUSER_CONNECTION: ***
job-core	Create database MongoDB	2026-02-17T06:07:34.1859570Z   MONGO_NEW_PASS: ***
job-core	Create database MongoDB	2026-02-17T06:07:34.1860030Z   MONGO_SCRIPT_CREATE: devops/core/mongo/scripts/mongodb_status_report.py
job-core	Create database MongoDB	2026-02-17T06:07:34.1860420Z   KAOS_CODE: 22087858268
job-core	Create database MongoDB	2026-02-17T06:07:34.1860642Z   REPORT_SCAN: audit/
job-core	Create database MongoDB	2026-02-17T06:07:34.1870139Z   REPORT_PATH: audit/mongodb/
job-core	Create database MongoDB	2026-02-17T06:07:34.1870423Z   REPORT_FILENAME: 22087858268.json
job-core	Create database MongoDB	2026-02-17T06:07:34.1870700Z   KAOS_MODULE: [Ka0s] Status MongDB Report
job-core	Create database MongoDB	2026-02-17T06:07:34.1870971Z   GITHUB_OUTPUT: 
job-core	Create database MongoDB	2026-02-17T06:07:34.1871250Z   pythonLocation: /home/runner/_work/_tool/Python/3.9.25/x64
job-core	Create database MongoDB	2026-02-17T06:07:34.1871696Z   PKG_CONFIG_PATH: /home/runner/_work/_tool/Python/3.9.25/x64/lib/pkgconfig
job-core	Create database MongoDB	2026-02-17T06:07:34.1872141Z   Python_ROOT_DIR: /home/runner/_work/_tool/Python/3.9.25/x64
job-core	Create database MongoDB	2026-02-17T06:07:34.1872541Z   Python2_ROOT_DIR: /home/runner/_work/_tool/Python/3.9.25/x64
job-core	Create database MongoDB	2026-02-17T06:07:34.1872945Z   Python3_ROOT_DIR: /home/runner/_work/_tool/Python/3.9.25/x64
job-core	Create database MongoDB	2026-02-17T06:07:34.1873348Z   LD_LIBRARY_PATH: /home/runner/_work/_tool/Python/3.9.25/x64/lib
job-core	Create database MongoDB	2026-02-17T06:07:34.1873681Z ##[endgroup]
job-core	Create database MongoDB	2026-02-17T06:07:34.6377847Z ‚úÖ Reporte generado exitosamente: audit/mongodb/22087858268.json
job-core	Create database MongoDB	2026-02-17T06:07:34.8960654Z Downloading files to MongoDB update repository ...
job-core	Create database MongoDB	2026-02-17T06:07:35.9778894Z Already up to date.
job-core	Create database MongoDB	2026-02-17T06:07:35.9789856Z Uploading files to MongoDB update repository ...
job-core	Create database MongoDB	2026-02-17T06:07:36.0389378Z [main 41ed4a738] swarm-runners] Uploading files to MongoDB update repository ...
job-core	Create database MongoDB	2026-02-17T06:07:36.0389906Z  1 file changed, 31767 insertions(+)
job-core	Create database MongoDB	2026-02-17T06:07:36.0390229Z  create mode 100644 audit/mongodb/22087858268.json
job-core	Create database MongoDB	2026-02-17T06:07:37.0611430Z To https://github.com/Ka0s-Klaus/ka0s
job-core	Create database MongoDB	2026-02-17T06:07:37.0613024Z    512ccfee4..41ed4a738  main -> main
job-core	Upload report	Ôªø2026-02-17T06:07:37.1145450Z ##[group]Run actions/upload-artifact@v4
job-core	Upload report	2026-02-17T06:07:37.1146882Z with:
job-core	Upload report	2026-02-17T06:07:37.1148343Z   name: mongo-setup-report
job-core	Upload report	2026-02-17T06:07:37.1149450Z   path: audit/mongodb/
job-core	Upload report	2026-02-17T06:07:37.1150461Z   if-no-files-found: warn
job-core	Upload report	2026-02-17T06:07:37.1151539Z   compression-level: 6
job-core	Upload report	2026-02-17T06:07:37.1152541Z   overwrite: false
job-core	Upload report	2026-02-17T06:07:37.1153537Z   include-hidden-files: false
job-core	Upload report	2026-02-17T06:07:37.1154596Z env:
job-core	Upload report	2026-02-17T06:07:37.1155414Z   PYTHON_VERSION: 3.9
job-core	Upload report	2026-02-17T06:07:37.1189075Z   MONGO_SUPERUSER_CONNECTION: ***
job-core	Upload report	2026-02-17T06:07:37.1190434Z   MONGO_NEW_PASS: ***
job-core	Upload report	2026-02-17T06:07:37.1191470Z   MONGO_SCRIPT_CREATE: devops/core/mongo/scripts/mongodb_status_report.py
job-core	Upload report	2026-02-17T06:07:37.1192680Z   KAOS_CODE: 22087858268
job-core	Upload report	2026-02-17T06:07:37.1193369Z   REPORT_SCAN: audit/
job-core	Upload report	2026-02-17T06:07:37.1194052Z   REPORT_PATH: audit/mongodb/
job-core	Upload report	2026-02-17T06:07:37.1194813Z   REPORT_FILENAME: 22087858268.json
job-core	Upload report	2026-02-17T06:07:37.1195649Z   KAOS_MODULE: [Ka0s] Status MongDB Report
job-core	Upload report	2026-02-17T06:07:37.1196546Z   GITHUB_OUTPUT: 
job-core	Upload report	2026-02-17T06:07:37.1197542Z   pythonLocation: /home/runner/_work/_tool/Python/3.9.25/x64
job-core	Upload report	2026-02-17T06:07:37.1199211Z   PKG_CONFIG_PATH: /home/runner/_work/_tool/Python/3.9.25/x64/lib/pkgconfig
job-core	Upload report	2026-02-17T06:07:37.1200614Z   Python_ROOT_DIR: /home/runner/_work/_tool/Python/3.9.25/x64
job-core	Upload report	2026-02-17T06:07:37.1201873Z   Python2_ROOT_DIR: /home/runner/_work/_tool/Python/3.9.25/x64
job-core	Upload report	2026-02-17T06:07:37.1203123Z   Python3_ROOT_DIR: /home/runner/_work/_tool/Python/3.9.25/x64
job-core	Upload report	2026-02-17T06:07:37.1204388Z   LD_LIBRARY_PATH: /home/runner/_work/_tool/Python/3.9.25/x64/lib
job-core	Upload report	2026-02-17T06:07:37.1206374Z ##[endgroup]
job-core	Upload report	2026-02-17T06:07:37.3847966Z With the provided path, there will be 13 files uploaded
job-core	Upload report	2026-02-17T06:07:37.3852357Z Artifact name is valid!
job-core	Upload report	2026-02-17T06:07:37.3853376Z Root directory input is valid!
job-core	Upload report	2026-02-17T06:07:37.7861207Z Beginning upload of artifact content to blob storage
job-core	Upload report	2026-02-17T06:07:39.1287151Z Uploaded bytes 1448962
job-core	Upload report	2026-02-17T06:07:39.2469748Z Finished uploading artifact content to blob storage!
job-core	Upload report	2026-02-17T06:07:39.2479935Z SHA256 digest of uploaded artifact zip is 12b25cdc360db03e609dd60e479ec204127d8e3e8e0c860fa958b073f772a5db
job-core	Upload report	2026-02-17T06:07:39.2490075Z Finalizing artifact upload
job-core	Upload report	2026-02-17T06:07:39.4233317Z Artifact mongo-setup-report.zip successfully finalized. Artifact ID 5534479118
job-core	Upload report	2026-02-17T06:07:39.4236759Z Artifact mongo-setup-report has been successfully uploaded! Final size is 1448962 bytes. Artifact ID is 5534479118
job-core	Upload report	2026-02-17T06:07:39.4264853Z Artifact download URL: https://github.com/Ka0s-Klaus/ka0s/actions/runs/22087858268/artifacts/5534479118
job-core	Post Set up Python	Ôªø2026-02-17T06:07:39.4771641Z Post job cleanup.
job-core	Post Checkout code	Ôªø2026-02-17T06:07:39.6720092Z Post job cleanup.
job-core	Post Checkout code	2026-02-17T06:07:39.7781889Z [command]/usr/bin/git version
job-core	Post Checkout code	2026-02-17T06:07:39.7824827Z git version 2.52.0
job-core	Post Checkout code	2026-02-17T06:07:39.7868022Z Copying '/home/runner/.gitconfig' to '/home/runner/_work/_temp/8f7e9525-b869-4cd1-b7e9-d6e36c854457/.gitconfig'
job-core	Post Checkout code	2026-02-17T06:07:39.7880060Z Temporarily overriding HOME='/home/runner/_work/_temp/8f7e9525-b869-4cd1-b7e9-d6e36c854457' before making global git config changes
job-core	Post Checkout code	2026-02-17T06:07:39.7881248Z Adding repository directory to the temporary git global config as a safe directory
job-core	Post Checkout code	2026-02-17T06:07:39.7886068Z [command]/usr/bin/git config --global --add safe.directory /home/runner/_work/ka0s/ka0s
job-core	Post Checkout code	2026-02-17T06:07:39.7936098Z [command]/usr/bin/git config --local --name-only --get-regexp core\.sshCommand
job-core	Post Checkout code	2026-02-17T06:07:39.7978734Z [command]/usr/bin/git submodule foreach --recursive sh -c "git config --local --name-only --get-regexp 'core\.sshCommand' && git config --local --unset-all 'core.sshCommand' || :"
job-core	Post Checkout code	2026-02-17T06:07:39.8318957Z [command]/usr/bin/git config --local --name-only --get-regexp http\.https\:\/\/github\.com\/\.extraheader
job-core	Post Checkout code	2026-02-17T06:07:39.8349009Z http.https://github.com/.extraheader
job-core	Post Checkout code	2026-02-17T06:07:39.8365753Z [command]/usr/bin/git config --local --unset-all http.https://github.com/.extraheader
job-core	Post Checkout code	2026-02-17T06:07:39.8407276Z [command]/usr/bin/git submodule foreach --recursive sh -c "git config --local --name-only --get-regexp 'http\.https\:\/\/github\.com\/\.extraheader' && git config --local --unset-all 'http.https://github.com/.extraheader' || :"
job-core	Post Checkout code	2026-02-17T06:07:39.8743535Z [command]/usr/bin/git config --local --name-only --get-regexp ^includeIf\.gitdir:
job-core	Post Checkout code	2026-02-17T06:07:39.8784545Z [command]/usr/bin/git submodule foreach --recursive git config --local --show-origin --name-only --get-regexp remote.origin.url
job-core	Complete job	Ôªø2026-02-17T06:07:39.9262635Z Cleaning up orphan processes
handle-success	Set up job	Ôªø2026-02-17T06:07:53.2422465Z Current runner version: '2.331.0'
handle-success	Set up job	2026-02-17T06:07:53.2431329Z Runner name: 'swarm-runners-scaleset-hkss5-runner-6rdfp'
handle-success	Set up job	2026-02-17T06:07:53.2432487Z Runner group name: 'Default'
handle-success	Set up job	2026-02-17T06:07:53.2433581Z Machine name: 'swarm-runners-scaleset-hkss5-runner-6rdfp'
handle-success	Set up job	2026-02-17T06:07:53.2437589Z ##[group]GITHUB_TOKEN Permissions
handle-success	Set up job	2026-02-17T06:07:53.2440378Z Actions: write
handle-success	Set up job	2026-02-17T06:07:53.2441001Z Contents: write
handle-success	Set up job	2026-02-17T06:07:53.2441507Z Issues: write
handle-success	Set up job	2026-02-17T06:07:53.2442234Z Metadata: read
handle-success	Set up job	2026-02-17T06:07:53.2442818Z PullRequests: write
handle-success	Set up job	2026-02-17T06:07:53.2443482Z ##[endgroup]
handle-success	Set up job	2026-02-17T06:07:53.2445606Z Secret source: Actions
handle-success	Set up job	2026-02-17T06:07:53.2446374Z Prepare workflow directory
handle-success	Set up job	2026-02-17T06:07:53.3022785Z Prepare all required actions
handle-success	Set up job	2026-02-17T06:07:53.3067255Z Getting action download info
handle-success	Set up job	2026-02-17T06:07:53.8894275Z Download action repository 'actions/checkout@v4' (SHA:34e114876b0b11c390a56381ad16ebd13914f8d5)
handle-success	Set up job	2026-02-17T06:07:54.7952854Z Complete job name: handle-success
handle-success	Checkout code	Ôªø2026-02-17T06:07:54.8579946Z ##[group]Run actions/checkout@v4
handle-success	Checkout code	2026-02-17T06:07:54.8580973Z with:
handle-success	Checkout code	2026-02-17T06:07:54.8581447Z   fetch-depth: 0
handle-success	Checkout code	2026-02-17T06:07:54.8581919Z   repository: Ka0s-Klaus/ka0s
handle-success	Checkout code	2026-02-17T06:07:54.8582732Z   token: ***
handle-success	Checkout code	2026-02-17T06:07:54.8583185Z   ssh-strict: true
handle-success	Checkout code	2026-02-17T06:07:54.8583639Z   ssh-user: git
handle-success	Checkout code	2026-02-17T06:07:54.8584129Z   persist-credentials: true
handle-success	Checkout code	2026-02-17T06:07:54.8584660Z   clean: true
handle-success	Checkout code	2026-02-17T06:07:54.8585129Z   sparse-checkout-cone-mode: true
handle-success	Checkout code	2026-02-17T06:07:54.8585715Z   fetch-tags: false
handle-success	Checkout code	2026-02-17T06:07:54.8586180Z   show-progress: true
handle-success	Checkout code	2026-02-17T06:07:54.8586651Z   lfs: false
handle-success	Checkout code	2026-02-17T06:07:54.8587083Z   submodules: false
handle-success	Checkout code	2026-02-17T06:07:54.8588099Z   set-safe-directory: true
handle-success	Checkout code	2026-02-17T06:07:54.8588898Z env:
handle-success	Checkout code	2026-02-17T06:07:54.8589349Z   PYTHON_VERSION: 3.9
handle-success	Checkout code	2026-02-17T06:07:54.8590849Z   MONGO_SUPERUSER_CONNECTION: ***
handle-success	Checkout code	2026-02-17T06:07:54.8591648Z   MONGO_NEW_PASS: ***
handle-success	Checkout code	2026-02-17T06:07:54.8592371Z   MONGO_SCRIPT_CREATE: devops/core/mongo/scripts/mongodb_status_report.py
handle-success	Checkout code	2026-02-17T06:07:54.8593265Z   KAOS_CODE: 22087858268
handle-success	Checkout code	2026-02-17T06:07:54.8593764Z   REPORT_SCAN: audit/
handle-success	Checkout code	2026-02-17T06:07:54.8594269Z   REPORT_PATH: audit/mongodb/
handle-success	Checkout code	2026-02-17T06:07:54.8594823Z   REPORT_FILENAME: 22087858268.json
handle-success	Checkout code	2026-02-17T06:07:54.8595429Z   KAOS_MODULE: [Ka0s] Status MongDB Report
handle-success	Checkout code	2026-02-17T06:07:54.8596026Z ##[endgroup]
handle-success	Checkout code	2026-02-17T06:07:54.9859077Z Syncing repository: Ka0s-Klaus/ka0s
handle-success	Checkout code	2026-02-17T06:07:54.9861749Z ##[group]Getting Git version info
handle-success	Checkout code	2026-02-17T06:07:54.9862509Z Working directory is '/home/runner/_work/ka0s/ka0s'
handle-success	Checkout code	2026-02-17T06:07:54.9863584Z [command]/usr/bin/git version
handle-success	Checkout code	2026-02-17T06:07:54.9864138Z git version 2.52.0
handle-success	Checkout code	2026-02-17T06:07:54.9886335Z ##[endgroup]
handle-success	Checkout code	2026-02-17T06:07:54.9903331Z Temporarily overriding HOME='/home/runner/_work/_temp/801fc815-7e80-4356-b3ff-1c996138d396' before making global git config changes
handle-success	Checkout code	2026-02-17T06:07:54.9908529Z Adding repository directory to the temporary git global config as a safe directory
handle-success	Checkout code	2026-02-17T06:07:54.9910394Z [command]/usr/bin/git config --global --add safe.directory /home/runner/_work/ka0s/ka0s
handle-success	Checkout code	2026-02-17T06:07:54.9959087Z Deleting the contents of '/home/runner/_work/ka0s/ka0s'
handle-success	Checkout code	2026-02-17T06:07:54.9974129Z ##[group]Initializing the repository
handle-success	Checkout code	2026-02-17T06:07:54.9975330Z [command]/usr/bin/git init /home/runner/_work/ka0s/ka0s
handle-success	Checkout code	2026-02-17T06:07:55.0035335Z hint: Using 'master' as the name for the initial branch. This default branch name
handle-success	Checkout code	2026-02-17T06:07:55.0036943Z hint: will change to "main" in Git 3.0. To configure the initial branch name
handle-success	Checkout code	2026-02-17T06:07:55.0040265Z hint: to use in all of your new repositories, which will suppress this warning,
handle-success	Checkout code	2026-02-17T06:07:55.0041103Z hint: call:
handle-success	Checkout code	2026-02-17T06:07:55.0041524Z hint:
handle-success	Checkout code	2026-02-17T06:07:55.0042206Z hint: 	git config --global init.defaultBranch <name>
handle-success	Checkout code	2026-02-17T06:07:55.0074460Z hint:
handle-success	Checkout code	2026-02-17T06:07:55.0075510Z hint: Names commonly chosen instead of 'master' are 'main', 'trunk' and
handle-success	Checkout code	2026-02-17T06:07:55.0076577Z hint: 'development'. The just-created branch can be renamed via this command:
handle-success	Checkout code	2026-02-17T06:07:55.0081218Z hint:
handle-success	Checkout code	2026-02-17T06:07:55.0081824Z hint: 	git branch -m <name>
handle-success	Checkout code	2026-02-17T06:07:55.0082326Z hint:
handle-success	Checkout code	2026-02-17T06:07:55.0083008Z hint: Disable this message with "git config set advice.defaultBranchName false"
handle-success	Checkout code	2026-02-17T06:07:55.0084066Z Initialized empty Git repository in /home/runner/_work/ka0s/ka0s/.git/
handle-success	Checkout code	2026-02-17T06:07:55.0086588Z [command]/usr/bin/git remote add origin https://github.com/Ka0s-Klaus/ka0s
handle-success	Checkout code	2026-02-17T06:07:55.0101445Z ##[endgroup]
handle-success	Checkout code	2026-02-17T06:07:55.0102509Z ##[group]Disabling automatic garbage collection
handle-success	Checkout code	2026-02-17T06:07:55.0108128Z [command]/usr/bin/git config --local gc.auto 0
handle-success	Checkout code	2026-02-17T06:07:55.0154077Z ##[endgroup]
handle-success	Checkout code	2026-02-17T06:07:55.0154981Z ##[group]Setting up auth
handle-success	Checkout code	2026-02-17T06:07:55.0162230Z [command]/usr/bin/git config --local --name-only --get-regexp core\.sshCommand
handle-success	Checkout code	2026-02-17T06:07:55.0205086Z [command]/usr/bin/git submodule foreach --recursive sh -c "git config --local --name-only --get-regexp 'core\.sshCommand' && git config --local --unset-all 'core.sshCommand' || :"
handle-success	Checkout code	2026-02-17T06:07:55.0536739Z [command]/usr/bin/git config --local --name-only --get-regexp http\.https\:\/\/github\.com\/\.extraheader
handle-success	Checkout code	2026-02-17T06:07:55.0578060Z [command]/usr/bin/git submodule foreach --recursive sh -c "git config --local --name-only --get-regexp 'http\.https\:\/\/github\.com\/\.extraheader' && git config --local --unset-all 'http.https://github.com/.extraheader' || :"
handle-success	Checkout code	2026-02-17T06:07:55.0918178Z [command]/usr/bin/git config --local --name-only --get-regexp ^includeIf\.gitdir:
handle-success	Checkout code	2026-02-17T06:07:55.0958304Z [command]/usr/bin/git submodule foreach --recursive git config --local --show-origin --name-only --get-regexp remote.origin.url
handle-success	Checkout code	2026-02-17T06:07:55.1295180Z [command]/usr/bin/git config --local http.https://github.com/.extraheader AUTHORIZATION: basic ***
handle-success	Checkout code	2026-02-17T06:07:55.1346598Z ##[endgroup]
handle-success	Checkout code	2026-02-17T06:07:55.1347805Z ##[group]Fetching the repository
handle-success	Checkout code	2026-02-17T06:07:55.1368502Z [command]/usr/bin/git -c protocol.version=2 fetch --prune --no-recurse-submodules origin +refs/heads/*:refs/remotes/origin/* +refs/tags/*:refs/tags/*
handle-success	Checkout code	2026-02-17T06:08:15.4674005Z From https://github.com/Ka0s-Klaus/ka0s
handle-success	Checkout code	2026-02-17T06:08:15.4678480Z  * [new branch]          F3450-modelo-operativo -> origin/F3450-modelo-operativo
handle-success	Checkout code	2026-02-17T06:08:15.4679496Z  * [new branch]          H1276-modulo-observabilidad -> origin/H1276-modulo-observabilidad
handle-success	Checkout code	2026-02-17T06:08:15.4680190Z  * [new branch]          H3266-deploy-zabbix    -> origin/H3266-deploy-zabbix
handle-success	Checkout code	2026-02-17T06:08:15.4680864Z  * [new branch]          H3596-deploy-itop      -> origin/H3596-deploy-itop
handle-success	Checkout code	2026-02-17T06:08:15.4681382Z  * [new branch]          main                   -> origin/main
handle-success	Checkout code	2026-02-17T06:08:15.4681833Z  * [new tag]             0.0.0                  -> 0.0.0
handle-success	Checkout code	2026-02-17T06:08:15.4682249Z  * [new tag]             0.0.1                  -> 0.0.1
handle-success	Checkout code	2026-02-17T06:08:15.4682664Z  * [new tag]             0.0.10                 -> 0.0.10
handle-success	Checkout code	2026-02-17T06:08:15.4683103Z  * [new tag]             0.0.100                -> 0.0.100
handle-success	Checkout code	2026-02-17T06:08:15.4683603Z  * [new tag]             0.0.101                -> 0.0.101
handle-success	Checkout code	2026-02-17T06:08:15.4684049Z  * [new tag]             0.0.102                -> 0.0.102
handle-success	Checkout code	2026-02-17T06:08:15.4684460Z  * [new tag]             0.0.103                -> 0.0.103
handle-success	Checkout code	2026-02-17T06:08:15.4684869Z  * [new tag]             0.0.104                -> 0.0.104
handle-success	Checkout code	2026-02-17T06:08:15.4685328Z  * [new tag]             0.0.105                -> 0.0.105
handle-success	Checkout code	2026-02-17T06:08:15.4685782Z  * [new tag]             0.0.106                -> 0.0.106
handle-success	Checkout code	2026-02-17T06:08:15.4686205Z  * [new tag]             0.0.107                -> 0.0.107
handle-success	Checkout code	2026-02-17T06:08:15.4686606Z  * [new tag]             0.0.108                -> 0.0.108
handle-success	Checkout code	2026-02-17T06:08:15.4687139Z  * [new tag]             0.0.109                -> 0.0.109
handle-success	Checkout code	2026-02-17T06:08:15.4695574Z  * [new tag]             0.0.11                 -> 0.0.11
handle-success	Checkout code	2026-02-17T06:08:15.4696227Z  * [new tag]             0.0.110                -> 0.0.110
handle-success	Checkout code	2026-02-17T06:08:15.4696646Z  * [new tag]             0.0.111                -> 0.0.111
handle-success	Checkout code	2026-02-17T06:08:15.4698102Z  * [new tag]             0.0.112                -> 0.0.112
handle-success	Checkout code	2026-02-17T06:08:15.4698645Z  * [new tag]             0.0.113                -> 0.0.113
handle-success	Checkout code	2026-02-17T06:08:15.4699201Z  * [new tag]             0.0.114                -> 0.0.114
handle-success	Checkout code	2026-02-17T06:08:15.4699626Z  * [new tag]             0.0.115                -> 0.0.115
handle-success	Checkout code	2026-02-17T06:08:15.4700043Z  * [new tag]             0.0.116                -> 0.0.116
handle-success	Checkout code	2026-02-17T06:08:15.4700466Z  * [new tag]             0.0.117                -> 0.0.117
handle-success	Checkout code	2026-02-17T06:08:15.4700899Z  * [new tag]             0.0.118                -> 0.0.118
handle-success	Checkout code	2026-02-17T06:08:15.4701439Z  * [new tag]             0.0.119                -> 0.0.119
handle-success	Checkout code	2026-02-17T06:08:15.4701936Z  * [new tag]             0.0.12                 -> 0.0.12
handle-success	Checkout code	2026-02-17T06:08:15.4702343Z  * [new tag]             0.0.120                -> 0.0.120
handle-success	Checkout code	2026-02-17T06:08:15.4702747Z  * [new tag]             0.0.121                -> 0.0.121
handle-success	Checkout code	2026-02-17T06:08:15.4703537Z  * [new tag]             0.0.122                -> 0.0.122
handle-success	Checkout code	2026-02-17T06:08:15.4703954Z  * [new tag]             0.0.123                -> 0.0.123
handle-success	Checkout code	2026-02-17T06:08:15.4704370Z  * [new tag]             0.0.124                -> 0.0.124
handle-success	Checkout code	2026-02-17T06:08:15.4704778Z  * [new tag]             0.0.125                -> 0.0.125
handle-success	Checkout code	2026-02-17T06:08:15.4705184Z  * [new tag]             0.0.126                -> 0.0.126
handle-success	Checkout code	2026-02-17T06:08:15.4705589Z  * [new tag]             0.0.127                -> 0.0.127
handle-success	Checkout code	2026-02-17T06:08:15.4706124Z  * [new tag]             0.0.128                -> 0.0.128
handle-success	Checkout code	2026-02-17T06:08:15.4706533Z  * [new tag]             0.0.129                -> 0.0.129
handle-success	Checkout code	2026-02-17T06:08:15.4706942Z  * [new tag]             0.0.13                 -> 0.0.13
handle-success	Checkout code	2026-02-17T06:08:15.4709132Z  * [new tag]             0.0.130                -> 0.0.130
handle-success	Checkout code	2026-02-17T06:08:15.4709628Z  * [new tag]             0.0.131                -> 0.0.131
handle-success	Checkout code	2026-02-17T06:08:15.4710040Z  * [new tag]             0.0.132                -> 0.0.132
handle-success	Checkout code	2026-02-17T06:08:15.4710485Z  * [new tag]             0.0.133                -> 0.0.133
handle-success	Checkout code	2026-02-17T06:08:15.4710893Z  * [new tag]             0.0.134                -> 0.0.134
handle-success	Checkout code	2026-02-17T06:08:15.4711296Z  * [new tag]             0.0.135                -> 0.0.135
handle-success	Checkout code	2026-02-17T06:08:15.4711702Z  * [new tag]             0.0.136                -> 0.0.136
handle-success	Checkout code	2026-02-17T06:08:15.4712105Z  * [new tag]             0.0.137                -> 0.0.137
handle-success	Checkout code	2026-02-17T06:08:15.4712513Z  * [new tag]             0.0.138                -> 0.0.138
handle-success	Checkout code	2026-02-17T06:08:15.4712915Z  * [new tag]             0.0.139                -> 0.0.139
handle-success	Checkout code	2026-02-17T06:08:15.4713322Z  * [new tag]             0.0.14                 -> 0.0.14
handle-success	Checkout code	2026-02-17T06:08:15.4713726Z  * [new tag]             0.0.140                -> 0.0.140
handle-success	Checkout code	2026-02-17T06:08:15.4714128Z  * [new tag]             0.0.141                -> 0.0.141
handle-success	Checkout code	2026-02-17T06:08:15.4714540Z  * [new tag]             0.0.142                -> 0.0.142
handle-success	Checkout code	2026-02-17T06:08:15.4714939Z  * [new tag]             0.0.143                -> 0.0.143
handle-success	Checkout code	2026-02-17T06:08:15.4785722Z  * [new tag]             0.0.144                -> 0.0.144
handle-success	Checkout code	2026-02-17T06:08:15.4786275Z  * [new tag]             0.0.145                -> 0.0.145
handle-success	Checkout code	2026-02-17T06:08:15.4786696Z  * [new tag]             0.0.146                -> 0.0.146
handle-success	Checkout code	2026-02-17T06:08:15.4787110Z  * [new tag]             0.0.147                -> 0.0.147
handle-success	Checkout code	2026-02-17T06:08:15.4787759Z  * [new tag]             0.0.148                -> 0.0.148
handle-success	Checkout code	2026-02-17T06:08:15.4788166Z  * [new tag]             0.0.149                -> 0.0.149
handle-success	Checkout code	2026-02-17T06:08:15.4788592Z  * [new tag]             0.0.15                 -> 0.0.15
handle-success	Checkout code	2026-02-17T06:08:15.4789033Z  * [new tag]             0.0.150                -> 0.0.150
handle-success	Checkout code	2026-02-17T06:08:15.4789474Z  * [new tag]             0.0.151                -> 0.0.151
handle-success	Checkout code	2026-02-17T06:08:15.4789951Z  * [new tag]             0.0.152                -> 0.0.152
handle-success	Checkout code	2026-02-17T06:08:15.4790363Z  * [new tag]             0.0.153                -> 0.0.153
handle-success	Checkout code	2026-02-17T06:08:15.4791213Z  * [new tag]             0.0.154                -> 0.0.154
handle-success	Checkout code	2026-02-17T06:08:15.4791631Z  * [new tag]             0.0.155                -> 0.0.155
handle-success	Checkout code	2026-02-17T06:08:15.4792060Z  * [new tag]             0.0.156                -> 0.0.156
handle-success	Checkout code	2026-02-17T06:08:15.4792475Z  * [new tag]             0.0.157                -> 0.0.157
handle-success	Checkout code	2026-02-17T06:08:15.4792894Z  * [new tag]             0.0.158                -> 0.0.158
handle-success	Checkout code	2026-02-17T06:08:15.4793316Z  * [new tag]             0.0.159                -> 0.0.159
handle-success	Checkout code	2026-02-17T06:08:15.4793734Z  * [new tag]             0.0.16                 -> 0.0.16
handle-success	Checkout code	2026-02-17T06:08:15.4794182Z  * [new tag]             0.0.160                -> 0.0.160
handle-success	Checkout code	2026-02-17T06:08:15.4794595Z  * [new tag]             0.0.161                -> 0.0.161
handle-success	Checkout code	2026-02-17T06:08:15.4795010Z  * [new tag]             0.0.162                -> 0.0.162
handle-success	Checkout code	2026-02-17T06:08:15.4795424Z  * [new tag]             0.0.163                -> 0.0.163
handle-success	Checkout code	2026-02-17T06:08:15.4795832Z  * [new tag]             0.0.164                -> 0.0.164
handle-success	Checkout code	2026-02-17T06:08:15.4796530Z  * [new tag]             0.0.165                -> 0.0.165
handle-success	Checkout code	2026-02-17T06:08:15.4796935Z  * [new tag]             0.0.166                -> 0.0.166
handle-success	Checkout code	2026-02-17T06:08:15.4798046Z  * [new tag]             0.0.167                -> 0.0.167
handle-success	Checkout code	2026-02-17T06:08:15.4798468Z  * [new tag]             0.0.168                -> 0.0.168
handle-success	Checkout code	2026-02-17T06:08:15.4798866Z  * [new tag]             0.0.169                -> 0.0.169
handle-success	Checkout code	2026-02-17T06:08:15.4799266Z  * [new tag]             0.0.17                 -> 0.0.17
handle-success	Checkout code	2026-02-17T06:08:15.4799657Z  * [new tag]             0.0.170                -> 0.0.170
handle-success	Checkout code	2026-02-17T06:08:15.4800052Z  * [new tag]             0.0.171                -> 0.0.171
handle-success	Checkout code	2026-02-17T06:08:15.4800448Z  * [new tag]             0.0.172                -> 0.0.172
handle-success	Checkout code	2026-02-17T06:08:15.4800842Z  * [new tag]             0.0.173                -> 0.0.173
handle-success	Checkout code	2026-02-17T06:08:15.4801233Z  * [new tag]             0.0.174                -> 0.0.174
handle-success	Checkout code	2026-02-17T06:08:15.4801631Z  * [new tag]             0.0.175                -> 0.0.175
handle-success	Checkout code	2026-02-17T06:08:15.4802048Z  * [new tag]             0.0.176                -> 0.0.176
handle-success	Checkout code	2026-02-17T06:08:15.4802465Z  * [new tag]             0.0.177                -> 0.0.177
handle-success	Checkout code	2026-02-17T06:08:15.4802887Z  * [new tag]             0.0.178                -> 0.0.178
handle-success	Checkout code	2026-02-17T06:08:15.4803322Z  * [new tag]             0.0.179                -> 0.0.179
handle-success	Checkout code	2026-02-17T06:08:15.4803721Z  * [new tag]             0.0.18                 -> 0.0.18
handle-success	Checkout code	2026-02-17T06:08:15.4804116Z  * [new tag]             0.0.19                 -> 0.0.19
handle-success	Checkout code	2026-02-17T06:08:15.4804635Z  * [new tag]             0.0.2                  -> 0.0.2
handle-success	Checkout code	2026-02-17T06:08:15.4805024Z  * [new tag]             0.0.20                 -> 0.0.20
handle-success	Checkout code	2026-02-17T06:08:15.4805411Z  * [new tag]             0.0.21                 -> 0.0.21
handle-success	Checkout code	2026-02-17T06:08:15.4805974Z  * [new tag]             0.0.22                 -> 0.0.22
handle-success	Checkout code	2026-02-17T06:08:15.4806364Z  * [new tag]             0.0.23                 -> 0.0.23
handle-success	Checkout code	2026-02-17T06:08:15.4806765Z  * [new tag]             0.0.24                 -> 0.0.24
handle-success	Checkout code	2026-02-17T06:08:15.4807149Z  * [new tag]             0.0.25                 -> 0.0.25
handle-success	Checkout code	2026-02-17T06:08:15.4807845Z  * [new tag]             0.0.26                 -> 0.0.26
handle-success	Checkout code	2026-02-17T06:08:15.4808531Z  * [new tag]             0.0.27                 -> 0.0.27
handle-success	Checkout code	2026-02-17T06:08:15.4809054Z  * [new tag]             0.0.28                 -> 0.0.28
handle-success	Checkout code	2026-02-17T06:08:15.4809708Z  * [new tag]             0.0.29                 -> 0.0.29
handle-success	Checkout code	2026-02-17T06:08:15.4810216Z  * [new tag]             0.0.3                  -> 0.0.3
handle-success	Checkout code	2026-02-17T06:08:15.4810598Z  * [new tag]             0.0.30                 -> 0.0.30
handle-success	Checkout code	2026-02-17T06:08:15.4810983Z  * [new tag]             0.0.31                 -> 0.0.31
handle-success	Checkout code	2026-02-17T06:08:15.4811362Z  * [new tag]             0.0.32                 -> 0.0.32
handle-success	Checkout code	2026-02-17T06:08:15.4811748Z  * [new tag]             0.0.33                 -> 0.0.33
handle-success	Checkout code	2026-02-17T06:08:15.4812134Z  * [new tag]             0.0.34                 -> 0.0.34
handle-success	Checkout code	2026-02-17T06:08:15.4812779Z  * [new tag]             0.0.35                 -> 0.0.35
handle-success	Checkout code	2026-02-17T06:08:15.4813162Z  * [new tag]             0.0.36                 -> 0.0.36
handle-success	Checkout code	2026-02-17T06:08:15.4813542Z  * [new tag]             0.0.37                 -> 0.0.37
handle-success	Checkout code	2026-02-17T06:08:15.4813929Z  * [new tag]             0.0.38                 -> 0.0.38
handle-success	Checkout code	2026-02-17T06:08:15.4814313Z  * [new tag]             0.0.39                 -> 0.0.39
handle-success	Checkout code	2026-02-17T06:08:15.4814698Z  * [new tag]             0.0.4                  -> 0.0.4
handle-success	Checkout code	2026-02-17T06:08:15.4815082Z  * [new tag]             0.0.40                 -> 0.0.40
handle-success	Checkout code	2026-02-17T06:08:15.4815463Z  * [new tag]             0.0.41                 -> 0.0.41
handle-success	Checkout code	2026-02-17T06:08:15.4815853Z  * [new tag]             0.0.42                 -> 0.0.42
handle-success	Checkout code	2026-02-17T06:08:15.4816243Z  * [new tag]             0.0.43                 -> 0.0.43
handle-success	Checkout code	2026-02-17T06:08:15.4816626Z  * [new tag]             0.0.44                 -> 0.0.44
handle-success	Checkout code	2026-02-17T06:08:15.4817003Z  * [new tag]             0.0.45                 -> 0.0.45
handle-success	Checkout code	2026-02-17T06:08:15.4817927Z  * [new tag]             0.0.46                 -> 0.0.46
handle-success	Checkout code	2026-02-17T06:08:15.4818339Z  * [new tag]             0.0.47                 -> 0.0.47
handle-success	Checkout code	2026-02-17T06:08:15.4818856Z  * [new tag]             0.0.48                 -> 0.0.48
handle-success	Checkout code	2026-02-17T06:08:15.4819392Z  * [new tag]             0.0.49                 -> 0.0.49
handle-success	Checkout code	2026-02-17T06:08:15.4820058Z  * [new tag]             0.0.5                  -> 0.0.5
handle-success	Checkout code	2026-02-17T06:08:15.4820588Z  * [new tag]             0.0.50                 -> 0.0.50
handle-success	Checkout code	2026-02-17T06:08:15.4820994Z  * [new tag]             0.0.51                 -> 0.0.51
handle-success	Checkout code	2026-02-17T06:08:15.4821388Z  * [new tag]             0.0.52                 -> 0.0.52
handle-success	Checkout code	2026-02-17T06:08:15.4821785Z  * [new tag]             0.0.53                 -> 0.0.53
handle-success	Checkout code	2026-02-17T06:08:15.4822176Z  * [new tag]             0.0.54                 -> 0.0.54
handle-success	Checkout code	2026-02-17T06:08:15.4822572Z  * [new tag]             0.0.55                 -> 0.0.55
handle-success	Checkout code	2026-02-17T06:08:15.4822970Z  * [new tag]             0.0.56                 -> 0.0.56
handle-success	Checkout code	2026-02-17T06:08:15.4823394Z  * [new tag]             0.0.57                 -> 0.0.57
handle-success	Checkout code	2026-02-17T06:08:15.4823787Z  * [new tag]             0.0.58                 -> 0.0.58
handle-success	Checkout code	2026-02-17T06:08:15.4824178Z  * [new tag]             0.0.59                 -> 0.0.59
handle-success	Checkout code	2026-02-17T06:08:15.4824573Z  * [new tag]             0.0.6                  -> 0.0.6
handle-success	Checkout code	2026-02-17T06:08:15.4824965Z  * [new tag]             0.0.60                 -> 0.0.60
handle-success	Checkout code	2026-02-17T06:08:15.4825356Z  * [new tag]             0.0.61                 -> 0.0.61
handle-success	Checkout code	2026-02-17T06:08:15.4825738Z  * [new tag]             0.0.62                 -> 0.0.62
handle-success	Checkout code	2026-02-17T06:08:15.4826128Z  * [new tag]             0.0.63                 -> 0.0.63
handle-success	Checkout code	2026-02-17T06:08:15.4826516Z  * [new tag]             0.0.64                 -> 0.0.64
handle-success	Checkout code	2026-02-17T06:08:15.4826904Z  * [new tag]             0.0.65                 -> 0.0.65
handle-success	Checkout code	2026-02-17T06:08:15.4827537Z  * [new tag]             0.0.66                 -> 0.0.66
handle-success	Checkout code	2026-02-17T06:08:15.4828072Z  * [new tag]             0.0.67                 -> 0.0.67
handle-success	Checkout code	2026-02-17T06:08:15.4828468Z  * [new tag]             0.0.68                 -> 0.0.68
handle-success	Checkout code	2026-02-17T06:08:15.4828854Z  * [new tag]             0.0.69                 -> 0.0.69
handle-success	Checkout code	2026-02-17T06:08:15.4829246Z  * [new tag]             0.0.7                  -> 0.0.7
handle-success	Checkout code	2026-02-17T06:08:15.4829634Z  * [new tag]             0.0.70                 -> 0.0.70
handle-success	Checkout code	2026-02-17T06:08:15.4830026Z  * [new tag]             0.0.71                 -> 0.0.71
handle-success	Checkout code	2026-02-17T06:08:15.4830411Z  * [new tag]             0.0.72                 -> 0.0.72
handle-success	Checkout code	2026-02-17T06:08:15.4830933Z  * [new tag]             0.0.73                 -> 0.0.73
handle-success	Checkout code	2026-02-17T06:08:15.4831341Z  * [new tag]             0.0.74                 -> 0.0.74
handle-success	Checkout code	2026-02-17T06:08:15.4831855Z  * [new tag]             0.0.75                 -> 0.0.75
handle-success	Checkout code	2026-02-17T06:08:15.4832241Z  * [new tag]             0.0.76                 -> 0.0.76
handle-success	Checkout code	2026-02-17T06:08:15.4832625Z  * [new tag]             0.0.77                 -> 0.0.77
handle-success	Checkout code	2026-02-17T06:08:15.4833251Z  * [new tag]             0.0.78                 -> 0.0.78
handle-success	Checkout code	2026-02-17T06:08:15.4833641Z  * [new tag]             0.0.79                 -> 0.0.79
handle-success	Checkout code	2026-02-17T06:08:15.4834023Z  * [new tag]             0.0.8                  -> 0.0.8
handle-success	Checkout code	2026-02-17T06:08:15.4834415Z  * [new tag]             0.0.80                 -> 0.0.80
handle-success	Checkout code	2026-02-17T06:08:15.4834807Z  * [new tag]             0.0.81                 -> 0.0.81
handle-success	Checkout code	2026-02-17T06:08:15.4835339Z  * [new tag]             0.0.82                 -> 0.0.82
handle-success	Checkout code	2026-02-17T06:08:15.4835993Z  * [new tag]             0.0.83                 -> 0.0.83
handle-success	Checkout code	2026-02-17T06:08:15.4836386Z  * [new tag]             0.0.84                 -> 0.0.84
handle-success	Checkout code	2026-02-17T06:08:15.4836799Z  * [new tag]             0.0.85                 -> 0.0.85
handle-success	Checkout code	2026-02-17T06:08:15.4837216Z  * [new tag]             0.0.86                 -> 0.0.86
handle-success	Checkout code	2026-02-17T06:08:15.4837929Z  * [new tag]             0.0.87                 -> 0.0.87
handle-success	Checkout code	2026-02-17T06:08:15.4838340Z  * [new tag]             0.0.88                 -> 0.0.88
handle-success	Checkout code	2026-02-17T06:08:15.4839018Z  * [new tag]             0.0.89                 -> 0.0.89
handle-success	Checkout code	2026-02-17T06:08:15.4839429Z  * [new tag]             0.0.9                  -> 0.0.9
handle-success	Checkout code	2026-02-17T06:08:15.4839826Z  * [new tag]             0.0.90                 -> 0.0.90
handle-success	Checkout code	2026-02-17T06:08:15.4840228Z  * [new tag]             0.0.91                 -> 0.0.91
handle-success	Checkout code	2026-02-17T06:08:15.4840624Z  * [new tag]             0.0.92                 -> 0.0.92
handle-success	Checkout code	2026-02-17T06:08:15.4841019Z  * [new tag]             0.0.93                 -> 0.0.93
handle-success	Checkout code	2026-02-17T06:08:15.4841422Z  * [new tag]             0.0.94                 -> 0.0.94
handle-success	Checkout code	2026-02-17T06:08:15.4841825Z  * [new tag]             0.0.95                 -> 0.0.95
handle-success	Checkout code	2026-02-17T06:08:15.4842226Z  * [new tag]             0.0.96                 -> 0.0.96
handle-success	Checkout code	2026-02-17T06:08:15.4842629Z  * [new tag]             0.0.97                 -> 0.0.97
handle-success	Checkout code	2026-02-17T06:08:15.4843039Z  * [new tag]             0.0.98                 -> 0.0.98
handle-success	Checkout code	2026-02-17T06:08:15.4843460Z  * [new tag]             0.0.99                 -> 0.0.99
handle-success	Checkout code	2026-02-17T06:08:15.4843904Z  * [new tag]             0.1.0                  -> 0.1.0
handle-success	Checkout code	2026-02-17T06:08:15.4844560Z  * [new tag]             0.1.1                  -> 0.1.1
handle-success	Checkout code	2026-02-17T06:08:15.4844958Z  * [new tag]             0.2.0                  -> 0.2.0
handle-success	Checkout code	2026-02-17T06:08:15.4845358Z  * [new tag]             0.3.0                  -> 0.3.0
handle-success	Checkout code	2026-02-17T06:08:15.4845758Z  * [new tag]             0.3.1                  -> 0.3.1
handle-success	Checkout code	2026-02-17T06:08:15.4846171Z  * [new tag]             0.3.10                 -> 0.3.10
handle-success	Checkout code	2026-02-17T06:08:15.4846567Z  * [new tag]             0.3.11                 -> 0.3.11
handle-success	Checkout code	2026-02-17T06:08:15.4847002Z  * [new tag]             0.3.12                 -> 0.3.12
handle-success	Checkout code	2026-02-17T06:08:15.4847566Z  * [new tag]             0.3.13                 -> 0.3.13
handle-success	Checkout code	2026-02-17T06:08:15.4847976Z  * [new tag]             0.3.14                 -> 0.3.14
handle-success	Checkout code	2026-02-17T06:08:15.4848378Z  * [new tag]             0.3.15                 -> 0.3.15
handle-success	Checkout code	2026-02-17T06:08:15.4848775Z  * [new tag]             0.3.16                 -> 0.3.16
handle-success	Checkout code	2026-02-17T06:08:15.4849197Z  * [new tag]             0.3.17                 -> 0.3.17
handle-success	Checkout code	2026-02-17T06:08:15.4849589Z  * [new tag]             0.3.2                  -> 0.3.2
handle-success	Checkout code	2026-02-17T06:08:15.4849990Z  * [new tag]             0.3.3                  -> 0.3.3
handle-success	Checkout code	2026-02-17T06:08:15.4850385Z  * [new tag]             0.3.4                  -> 0.3.4
handle-success	Checkout code	2026-02-17T06:08:15.4850779Z  * [new tag]             0.3.5                  -> 0.3.5
handle-success	Checkout code	2026-02-17T06:08:15.4851175Z  * [new tag]             0.3.6                  -> 0.3.6
handle-success	Checkout code	2026-02-17T06:08:15.4851562Z  * [new tag]             0.3.7                  -> 0.3.7
handle-success	Checkout code	2026-02-17T06:08:15.4851960Z  * [new tag]             0.3.8                  -> 0.3.8
handle-success	Checkout code	2026-02-17T06:08:15.4852355Z  * [new tag]             0.3.9                  -> 0.3.9
handle-success	Checkout code	2026-02-17T06:08:15.4852749Z  * [new tag]             0.4.0                  -> 0.4.0
handle-success	Checkout code	2026-02-17T06:08:15.4853145Z  * [new tag]             0.4.1                  -> 0.4.1
handle-success	Checkout code	2026-02-17T06:08:15.4853826Z  * [new tag]             0.4.2                  -> 0.4.2
handle-success	Checkout code	2026-02-17T06:08:15.4854236Z  * [new tag]             0.4.3                  -> 0.4.3
handle-success	Checkout code	2026-02-17T06:08:15.4854631Z  * [new tag]             0.4.4                  -> 0.4.4
handle-success	Checkout code	2026-02-17T06:08:15.4855024Z  * [new tag]             0.4.5                  -> 0.4.5
handle-success	Checkout code	2026-02-17T06:08:15.4855414Z  * [new tag]             0.4.6                  -> 0.4.6
handle-success	Checkout code	2026-02-17T06:08:15.4855812Z  * [new tag]             0.4.7                  -> 0.4.7
handle-success	Checkout code	2026-02-17T06:08:15.4856205Z  * [new tag]             0.4.8                  -> 0.4.8
handle-success	Checkout code	2026-02-17T06:08:15.4856600Z  * [new tag]             0.4.9                  -> 0.4.9
handle-success	Checkout code	2026-02-17T06:08:15.4856993Z  * [new tag]             0.5.0                  -> 0.5.0
handle-success	Checkout code	2026-02-17T06:08:15.4857527Z  * [new tag]             0.5.1                  -> 0.5.1
handle-success	Checkout code	2026-02-17T06:08:15.4857933Z  * [new tag]             0.5.2                  -> 0.5.2
handle-success	Checkout code	2026-02-17T06:08:15.4858331Z  * [new tag]             0.6.0                  -> 0.6.0
handle-success	Checkout code	2026-02-17T06:08:15.4858737Z  * [new tag]             0.6.1                  -> 0.6.1
handle-success	Checkout code	2026-02-17T06:08:15.4859403Z  * [new tag]             0.6.2                  -> 0.6.2
handle-success	Checkout code	2026-02-17T06:08:15.5069193Z [command]/usr/bin/git branch --list --remote origin/main
handle-success	Checkout code	2026-02-17T06:08:15.5147137Z   origin/main
handle-success	Checkout code	2026-02-17T06:08:15.5158729Z [command]/usr/bin/git rev-parse refs/remotes/origin/main
handle-success	Checkout code	2026-02-17T06:08:15.5187755Z 41ed4a7380f074f5bdb61f2d95d0ed1d4d741eb0
handle-success	Checkout code	2026-02-17T06:08:15.5203184Z [command]/usr/bin/git -c protocol.version=2 fetch --no-tags --prune --no-recurse-submodules origin +512ccfee4751d4fa4eabc49efd37d186eb9cf4a4:refs/remotes/origin/main
handle-success	Checkout code	2026-02-17T06:08:15.5385966Z From https://github.com/Ka0s-Klaus/ka0s
handle-success	Checkout code	2026-02-17T06:08:15.5386686Z  + 41ed4a738...512ccfee4 512ccfee4751d4fa4eabc49efd37d186eb9cf4a4 -> origin/main  (forced update)
handle-success	Checkout code	2026-02-17T06:08:15.5426056Z ##[endgroup]
handle-success	Checkout code	2026-02-17T06:08:15.5426645Z ##[group]Determining the checkout info
handle-success	Checkout code	2026-02-17T06:08:15.5427185Z ##[endgroup]
handle-success	Checkout code	2026-02-17T06:08:15.5434122Z [command]/usr/bin/git sparse-checkout disable
handle-success	Checkout code	2026-02-17T06:08:15.5488531Z [command]/usr/bin/git config --local --unset-all extensions.worktreeConfig
handle-success	Checkout code	2026-02-17T06:08:15.5529663Z ##[group]Checking out the ref
handle-success	Checkout code	2026-02-17T06:08:15.5540406Z [command]/usr/bin/git checkout --progress --force -B main refs/remotes/origin/main
handle-success	Checkout code	2026-02-17T06:08:16.0416341Z Switched to a new branch 'main'
handle-success	Checkout code	2026-02-17T06:08:16.0420832Z branch 'main' set up to track 'origin/main'.
handle-success	Checkout code	2026-02-17T06:08:16.0496913Z ##[endgroup]
handle-success	Checkout code	2026-02-17T06:08:16.0540796Z [command]/usr/bin/git log -1 --format=%H
handle-success	Checkout code	2026-02-17T06:08:16.0574606Z 512ccfee4751d4fa4eabc49efd37d186eb9cf4a4
handle-success	handle-success-execution	Ôªø2026-02-17T06:08:16.0819106Z ##[group]Run # Si todo ha ido correcto a√±adimos el contenido del fichero 
handle-success	handle-success-execution	2026-02-17T06:08:16.0819706Z [36;1m# Si todo ha ido correcto a√±adimos el contenido del fichero [0m
handle-success	handle-success-execution	2026-02-17T06:08:16.0820132Z [36;1mecho "Process completed successfully 22087858268"[0m
handle-success	handle-success-execution	2026-02-17T06:08:16.0820534Z [36;1m# RNNUMBER=$(echo "refs/heads/main" | grep -o '[0-9]*')[0m
handle-success	handle-success-execution	2026-02-17T06:08:16.0821316Z [36;1m# gh issue comment $RNNUMBER --body "El proceso ha finalizado correctamente 22087858268. El resultado est√° en el fichero core/results/event_data_22087858268.log"[0m
handle-success	handle-success-execution	2026-02-17T06:08:16.0838479Z shell: /usr/bin/bash -e {0}
handle-success	handle-success-execution	2026-02-17T06:08:16.0838742Z env:
handle-success	handle-success-execution	2026-02-17T06:08:16.0838925Z   PYTHON_VERSION: 3.9
handle-success	handle-success-execution	2026-02-17T06:08:16.0839843Z   MONGO_SUPERUSER_CONNECTION: ***
handle-success	handle-success-execution	2026-02-17T06:08:16.0840237Z   MONGO_NEW_PASS: ***
handle-success	handle-success-execution	2026-02-17T06:08:16.0840555Z   MONGO_SCRIPT_CREATE: devops/core/mongo/scripts/mongodb_status_report.py
handle-success	handle-success-execution	2026-02-17T06:08:16.0840927Z   KAOS_CODE: 22087858268
handle-success	handle-success-execution	2026-02-17T06:08:16.0841140Z   REPORT_SCAN: audit/
handle-success	handle-success-execution	2026-02-17T06:08:16.0841411Z   REPORT_PATH: audit/mongodb/
handle-success	handle-success-execution	2026-02-17T06:08:16.0841651Z   REPORT_FILENAME: 22087858268.json
handle-success	handle-success-execution	2026-02-17T06:08:16.0841916Z   KAOS_MODULE: [Ka0s] Status MongDB Report
handle-success	handle-success-execution	2026-02-17T06:08:16.0842270Z   GH_TOKEN: ***
handle-success	handle-success-execution	2026-02-17T06:08:16.0842461Z ##[endgroup]
handle-success	handle-success-execution	2026-02-17T06:08:16.0907963Z Process completed successfully 22087858268
handle-success	Post Checkout code	Ôªø2026-02-17T06:08:16.1051560Z Post job cleanup.
handle-success	Post Checkout code	2026-02-17T06:08:16.2104265Z [command]/usr/bin/git version
handle-success	Post Checkout code	2026-02-17T06:08:16.2148095Z git version 2.52.0
handle-success	Post Checkout code	2026-02-17T06:08:16.2194981Z Temporarily overriding HOME='/home/runner/_work/_temp/efb598a1-10c6-403e-80f9-6ae2a23aac71' before making global git config changes
handle-success	Post Checkout code	2026-02-17T06:08:16.2195880Z Adding repository directory to the temporary git global config as a safe directory
handle-success	Post Checkout code	2026-02-17T06:08:16.2201985Z [command]/usr/bin/git config --global --add safe.directory /home/runner/_work/ka0s/ka0s
handle-success	Post Checkout code	2026-02-17T06:08:16.2250475Z [command]/usr/bin/git config --local --name-only --get-regexp core\.sshCommand
handle-success	Post Checkout code	2026-02-17T06:08:16.2293766Z [command]/usr/bin/git submodule foreach --recursive sh -c "git config --local --name-only --get-regexp 'core\.sshCommand' && git config --local --unset-all 'core.sshCommand' || :"
handle-success	Post Checkout code	2026-02-17T06:08:16.2623258Z [command]/usr/bin/git config --local --name-only --get-regexp http\.https\:\/\/github\.com\/\.extraheader
handle-success	Post Checkout code	2026-02-17T06:08:16.2652627Z http.https://github.com/.extraheader
handle-success	Post Checkout code	2026-02-17T06:08:16.2665969Z [command]/usr/bin/git config --local --unset-all http.https://github.com/.extraheader
handle-success	Post Checkout code	2026-02-17T06:08:16.2708533Z [command]/usr/bin/git submodule foreach --recursive sh -c "git config --local --name-only --get-regexp 'http\.https\:\/\/github\.com\/\.extraheader' && git config --local --unset-all 'http.https://github.com/.extraheader' || :"
handle-success	Post Checkout code	2026-02-17T06:08:16.3036597Z [command]/usr/bin/git config --local --name-only --get-regexp ^includeIf\.gitdir:
handle-success	Post Checkout code	2026-02-17T06:08:16.3077732Z [command]/usr/bin/git submodule foreach --recursive git config --local --show-origin --name-only --get-regexp remote.origin.url
handle-success	Complete job	Ôªø2026-02-17T06:08:16.3546237Z Cleaning up orphan processes
end-workflow	Set up job	Ôªø2026-02-17T06:08:29.1733882Z Current runner version: '2.331.0'
end-workflow	Set up job	2026-02-17T06:08:29.1743597Z Runner name: 'swarm-runners-scaleset-hkss5-runner-ltzkb'
end-workflow	Set up job	2026-02-17T06:08:29.1744735Z Runner group name: 'Default'
end-workflow	Set up job	2026-02-17T06:08:29.1746063Z Machine name: 'swarm-runners-scaleset-hkss5-runner-ltzkb'
end-workflow	Set up job	2026-02-17T06:08:29.1750869Z ##[group]GITHUB_TOKEN Permissions
end-workflow	Set up job	2026-02-17T06:08:29.1753744Z Actions: write
end-workflow	Set up job	2026-02-17T06:08:29.1754441Z Contents: write
end-workflow	Set up job	2026-02-17T06:08:29.1755043Z Issues: write
end-workflow	Set up job	2026-02-17T06:08:29.1755581Z Metadata: read
end-workflow	Set up job	2026-02-17T06:08:29.1756207Z PullRequests: write
end-workflow	Set up job	2026-02-17T06:08:29.1756853Z ##[endgroup]
end-workflow	Set up job	2026-02-17T06:08:29.1759695Z Secret source: Actions
end-workflow	Set up job	2026-02-17T06:08:29.1760485Z Prepare workflow directory
end-workflow	Set up job	2026-02-17T06:08:29.2340173Z Prepare all required actions
end-workflow	Set up job	2026-02-17T06:08:29.2381759Z Getting action download info
end-workflow	Set up job	2026-02-17T06:08:29.8248585Z Download action repository 'actions/checkout@v4' (SHA:34e114876b0b11c390a56381ad16ebd13914f8d5)
end-workflow	Set up job	2026-02-17T06:08:30.8101208Z Complete job name: end-workflow
end-workflow	Checkout Repository	Ôªø2026-02-17T06:08:30.8738237Z ##[group]Run actions/checkout@v4
end-workflow	Checkout Repository	2026-02-17T06:08:30.8739362Z with:
end-workflow	Checkout Repository	2026-02-17T06:08:30.8739833Z   fetch-depth: 0
end-workflow	Checkout Repository	2026-02-17T06:08:30.8740318Z   repository: Ka0s-Klaus/ka0s
end-workflow	Checkout Repository	2026-02-17T06:08:30.8741115Z   token: ***
end-workflow	Checkout Repository	2026-02-17T06:08:30.8741565Z   ssh-strict: true
end-workflow	Checkout Repository	2026-02-17T06:08:30.8742029Z   ssh-user: git
end-workflow	Checkout Repository	2026-02-17T06:08:30.8742490Z   persist-credentials: true
end-workflow	Checkout Repository	2026-02-17T06:08:30.8743008Z   clean: true
end-workflow	Checkout Repository	2026-02-17T06:08:30.8743477Z   sparse-checkout-cone-mode: true
end-workflow	Checkout Repository	2026-02-17T06:08:30.8744054Z   fetch-tags: false
end-workflow	Checkout Repository	2026-02-17T06:08:30.8744522Z   show-progress: true
end-workflow	Checkout Repository	2026-02-17T06:08:30.8744997Z   lfs: false
end-workflow	Checkout Repository	2026-02-17T06:08:30.8745436Z   submodules: false
end-workflow	Checkout Repository	2026-02-17T06:08:30.8745947Z   set-safe-directory: true
end-workflow	Checkout Repository	2026-02-17T06:08:30.8746689Z env:
end-workflow	Checkout Repository	2026-02-17T06:08:30.8747144Z   PYTHON_VERSION: 3.9
end-workflow	Checkout Repository	2026-02-17T06:08:30.8749276Z   MONGO_SUPERUSER_CONNECTION: ***
end-workflow	Checkout Repository	2026-02-17T06:08:30.8750065Z   MONGO_NEW_PASS: ***
end-workflow	Checkout Repository	2026-02-17T06:08:30.8750784Z   MONGO_SCRIPT_CREATE: devops/core/mongo/scripts/mongodb_status_report.py
end-workflow	Checkout Repository	2026-02-17T06:08:30.8751660Z   KAOS_CODE: 22087858268
end-workflow	Checkout Repository	2026-02-17T06:08:30.8752170Z   REPORT_SCAN: audit/
end-workflow	Checkout Repository	2026-02-17T06:08:30.8752666Z   REPORT_PATH: audit/mongodb/
end-workflow	Checkout Repository	2026-02-17T06:08:30.8753223Z   REPORT_FILENAME: 22087858268.json
end-workflow	Checkout Repository	2026-02-17T06:08:30.8753825Z   KAOS_MODULE: [Ka0s] Status MongDB Report
end-workflow	Checkout Repository	2026-02-17T06:08:30.8754423Z ##[endgroup]
end-workflow	Checkout Repository	2026-02-17T06:08:31.0060097Z Syncing repository: Ka0s-Klaus/ka0s
end-workflow	Checkout Repository	2026-02-17T06:08:31.0062626Z ##[group]Getting Git version info
end-workflow	Checkout Repository	2026-02-17T06:08:31.0063510Z Working directory is '/home/runner/_work/ka0s/ka0s'
end-workflow	Checkout Repository	2026-02-17T06:08:31.0064702Z [command]/usr/bin/git version
end-workflow	Checkout Repository	2026-02-17T06:08:31.0085195Z git version 2.52.0
end-workflow	Checkout Repository	2026-02-17T06:08:31.0104567Z ##[endgroup]
end-workflow	Checkout Repository	2026-02-17T06:08:31.0126241Z Temporarily overriding HOME='/home/runner/_work/_temp/b374f2ad-f825-4d79-a4fe-7d33e01aff30' before making global git config changes
end-workflow	Checkout Repository	2026-02-17T06:08:31.0134176Z Adding repository directory to the temporary git global config as a safe directory
end-workflow	Checkout Repository	2026-02-17T06:08:31.0135663Z [command]/usr/bin/git config --global --add safe.directory /home/runner/_work/ka0s/ka0s
end-workflow	Checkout Repository	2026-02-17T06:08:31.0189470Z Deleting the contents of '/home/runner/_work/ka0s/ka0s'
end-workflow	Checkout Repository	2026-02-17T06:08:31.0224637Z ##[group]Initializing the repository
end-workflow	Checkout Repository	2026-02-17T06:08:31.0225577Z [command]/usr/bin/git init /home/runner/_work/ka0s/ka0s
end-workflow	Checkout Repository	2026-02-17T06:08:31.0260824Z hint: Using 'master' as the name for the initial branch. This default branch name
end-workflow	Checkout Repository	2026-02-17T06:08:31.0263062Z hint: will change to "main" in Git 3.0. To configure the initial branch name
end-workflow	Checkout Repository	2026-02-17T06:08:31.0265286Z hint: to use in all of your new repositories, which will suppress this warning,
end-workflow	Checkout Repository	2026-02-17T06:08:31.0267259Z hint: call:
end-workflow	Checkout Repository	2026-02-17T06:08:31.0268475Z hint:
end-workflow	Checkout Repository	2026-02-17T06:08:31.0269105Z hint: 	git config --global init.defaultBranch <name>
end-workflow	Checkout Repository	2026-02-17T06:08:31.0269820Z hint:
end-workflow	Checkout Repository	2026-02-17T06:08:31.0270512Z hint: Names commonly chosen instead of 'master' are 'main', 'trunk' and
end-workflow	Checkout Repository	2026-02-17T06:08:31.0271619Z hint: 'development'. The just-created branch can be renamed via this command:
end-workflow	Checkout Repository	2026-02-17T06:08:31.0274535Z hint:
end-workflow	Checkout Repository	2026-02-17T06:08:31.0275013Z hint: 	git branch -m <name>
end-workflow	Checkout Repository	2026-02-17T06:08:31.0275550Z hint:
end-workflow	Checkout Repository	2026-02-17T06:08:31.0276273Z hint: Disable this message with "git config set advice.defaultBranchName false"
end-workflow	Checkout Repository	2026-02-17T06:08:31.0277580Z Initialized empty Git repository in /home/runner/_work/ka0s/ka0s/.git/
end-workflow	Checkout Repository	2026-02-17T06:08:31.0279658Z [command]/usr/bin/git remote add origin https://github.com/Ka0s-Klaus/ka0s
end-workflow	Checkout Repository	2026-02-17T06:08:31.0321925Z ##[endgroup]
end-workflow	Checkout Repository	2026-02-17T06:08:31.0322913Z ##[group]Disabling automatic garbage collection
end-workflow	Checkout Repository	2026-02-17T06:08:31.0326574Z [command]/usr/bin/git config --local gc.auto 0
end-workflow	Checkout Repository	2026-02-17T06:08:31.0375376Z ##[endgroup]
end-workflow	Checkout Repository	2026-02-17T06:08:31.0376296Z ##[group]Setting up auth
end-workflow	Checkout Repository	2026-02-17T06:08:31.0382846Z [command]/usr/bin/git config --local --name-only --get-regexp core\.sshCommand
end-workflow	Checkout Repository	2026-02-17T06:08:31.0424247Z [command]/usr/bin/git submodule foreach --recursive sh -c "git config --local --name-only --get-regexp 'core\.sshCommand' && git config --local --unset-all 'core.sshCommand' || :"
end-workflow	Checkout Repository	2026-02-17T06:08:31.0757663Z [command]/usr/bin/git config --local --name-only --get-regexp http\.https\:\/\/github\.com\/\.extraheader
end-workflow	Checkout Repository	2026-02-17T06:08:31.0797080Z [command]/usr/bin/git submodule foreach --recursive sh -c "git config --local --name-only --get-regexp 'http\.https\:\/\/github\.com\/\.extraheader' && git config --local --unset-all 'http.https://github.com/.extraheader' || :"
end-workflow	Checkout Repository	2026-02-17T06:08:31.1123573Z [command]/usr/bin/git config --local --name-only --get-regexp ^includeIf\.gitdir:
end-workflow	Checkout Repository	2026-02-17T06:08:31.1164430Z [command]/usr/bin/git submodule foreach --recursive git config --local --show-origin --name-only --get-regexp remote.origin.url
end-workflow	Checkout Repository	2026-02-17T06:08:31.1499646Z [command]/usr/bin/git config --local http.https://github.com/.extraheader AUTHORIZATION: basic ***
end-workflow	Checkout Repository	2026-02-17T06:08:31.1558766Z ##[endgroup]
end-workflow	Checkout Repository	2026-02-17T06:08:31.1559750Z ##[group]Fetching the repository
end-workflow	Checkout Repository	2026-02-17T06:08:31.1566703Z [command]/usr/bin/git -c protocol.version=2 fetch --prune --no-recurse-submodules origin +refs/heads/*:refs/remotes/origin/* +refs/tags/*:refs/tags/*
end-workflow	Checkout Repository	2026-02-17T06:08:51.7247860Z From https://github.com/Ka0s-Klaus/ka0s
end-workflow	Checkout Repository	2026-02-17T06:08:51.7248589Z  * [new branch]          F3450-modelo-operativo -> origin/F3450-modelo-operativo
end-workflow	Checkout Repository	2026-02-17T06:08:51.7249272Z  * [new branch]          H1276-modulo-observabilidad -> origin/H1276-modulo-observabilidad
end-workflow	Checkout Repository	2026-02-17T06:08:51.7250201Z  * [new branch]          H3266-deploy-zabbix    -> origin/H3266-deploy-zabbix
end-workflow	Checkout Repository	2026-02-17T06:08:51.7250859Z  * [new branch]          H3596-deploy-itop      -> origin/H3596-deploy-itop
end-workflow	Checkout Repository	2026-02-17T06:08:51.7251475Z  * [new branch]          main                   -> origin/main
end-workflow	Checkout Repository	2026-02-17T06:08:51.7251998Z  * [new tag]             0.0.0                  -> 0.0.0
end-workflow	Checkout Repository	2026-02-17T06:08:51.7252721Z  * [new tag]             0.0.1                  -> 0.0.1
end-workflow	Checkout Repository	2026-02-17T06:08:51.7253206Z  * [new tag]             0.0.10                 -> 0.0.10
end-workflow	Checkout Repository	2026-02-17T06:08:51.7253645Z  * [new tag]             0.0.100                -> 0.0.100
end-workflow	Checkout Repository	2026-02-17T06:08:51.7254148Z  * [new tag]             0.0.101                -> 0.0.101
end-workflow	Checkout Repository	2026-02-17T06:08:51.7254600Z  * [new tag]             0.0.102                -> 0.0.102
end-workflow	Checkout Repository	2026-02-17T06:08:51.7255095Z  * [new tag]             0.0.103                -> 0.0.103
end-workflow	Checkout Repository	2026-02-17T06:08:51.7255502Z  * [new tag]             0.0.104                -> 0.0.104
end-workflow	Checkout Repository	2026-02-17T06:08:51.7255983Z  * [new tag]             0.0.105                -> 0.0.105
end-workflow	Checkout Repository	2026-02-17T06:08:51.7256446Z  * [new tag]             0.0.106                -> 0.0.106
end-workflow	Checkout Repository	2026-02-17T06:08:51.7256860Z  * [new tag]             0.0.107                -> 0.0.107
end-workflow	Checkout Repository	2026-02-17T06:08:51.7257268Z  * [new tag]             0.0.108                -> 0.0.108
end-workflow	Checkout Repository	2026-02-17T06:08:51.7258216Z  * [new tag]             0.0.109                -> 0.0.109
end-workflow	Checkout Repository	2026-02-17T06:08:51.7258624Z  * [new tag]             0.0.11                 -> 0.0.11
end-workflow	Checkout Repository	2026-02-17T06:08:51.7259148Z  * [new tag]             0.0.110                -> 0.0.110
end-workflow	Checkout Repository	2026-02-17T06:08:51.7259534Z  * [new tag]             0.0.111                -> 0.0.111
end-workflow	Checkout Repository	2026-02-17T06:08:51.7260545Z  * [new tag]             0.0.112                -> 0.0.112
end-workflow	Checkout Repository	2026-02-17T06:08:51.7260933Z  * [new tag]             0.0.113                -> 0.0.113
end-workflow	Checkout Repository	2026-02-17T06:08:51.7261317Z  * [new tag]             0.0.114                -> 0.0.114
end-workflow	Checkout Repository	2026-02-17T06:08:51.7261703Z  * [new tag]             0.0.115                -> 0.0.115
end-workflow	Checkout Repository	2026-02-17T06:08:51.7262221Z  * [new tag]             0.0.116                -> 0.0.116
end-workflow	Checkout Repository	2026-02-17T06:08:51.7262625Z  * [new tag]             0.0.117                -> 0.0.117
end-workflow	Checkout Repository	2026-02-17T06:08:51.7265456Z  * [new tag]             0.0.118                -> 0.0.118
end-workflow	Checkout Repository	2026-02-17T06:08:51.7266016Z  * [new tag]             0.0.119                -> 0.0.119
end-workflow	Checkout Repository	2026-02-17T06:08:51.7266529Z  * [new tag]             0.0.12                 -> 0.0.12
end-workflow	Checkout Repository	2026-02-17T06:08:51.7266930Z  * [new tag]             0.0.120                -> 0.0.120
end-workflow	Checkout Repository	2026-02-17T06:08:51.7267502Z  * [new tag]             0.0.121                -> 0.0.121
end-workflow	Checkout Repository	2026-02-17T06:08:51.7268291Z  * [new tag]             0.0.122                -> 0.0.122
end-workflow	Checkout Repository	2026-02-17T06:08:51.7268944Z  * [new tag]             0.0.123                -> 0.0.123
end-workflow	Checkout Repository	2026-02-17T06:08:51.7269339Z  * [new tag]             0.0.124                -> 0.0.124
end-workflow	Checkout Repository	2026-02-17T06:08:51.7269735Z  * [new tag]             0.0.125                -> 0.0.125
end-workflow	Checkout Repository	2026-02-17T06:08:51.7270128Z  * [new tag]             0.0.126                -> 0.0.126
end-workflow	Checkout Repository	2026-02-17T06:08:51.7270523Z  * [new tag]             0.0.127                -> 0.0.127
end-workflow	Checkout Repository	2026-02-17T06:08:51.7270919Z  * [new tag]             0.0.128                -> 0.0.128
end-workflow	Checkout Repository	2026-02-17T06:08:51.7271316Z  * [new tag]             0.0.129                -> 0.0.129
end-workflow	Checkout Repository	2026-02-17T06:08:51.7271716Z  * [new tag]             0.0.13                 -> 0.0.13
end-workflow	Checkout Repository	2026-02-17T06:08:51.7272106Z  * [new tag]             0.0.130                -> 0.0.130
end-workflow	Checkout Repository	2026-02-17T06:08:51.7272503Z  * [new tag]             0.0.131                -> 0.0.131
end-workflow	Checkout Repository	2026-02-17T06:08:51.7272900Z  * [new tag]             0.0.132                -> 0.0.132
end-workflow	Checkout Repository	2026-02-17T06:08:51.7273431Z  * [new tag]             0.0.133                -> 0.0.133
end-workflow	Checkout Repository	2026-02-17T06:08:51.7273817Z  * [new tag]             0.0.134                -> 0.0.134
end-workflow	Checkout Repository	2026-02-17T06:08:51.7274205Z  * [new tag]             0.0.135                -> 0.0.135
end-workflow	Checkout Repository	2026-02-17T06:08:51.7274588Z  * [new tag]             0.0.136                -> 0.0.136
end-workflow	Checkout Repository	2026-02-17T06:08:51.7274973Z  * [new tag]             0.0.137                -> 0.0.137
end-workflow	Checkout Repository	2026-02-17T06:08:51.7275507Z  * [new tag]             0.0.138                -> 0.0.138
end-workflow	Checkout Repository	2026-02-17T06:08:51.7275906Z  * [new tag]             0.0.139                -> 0.0.139
end-workflow	Checkout Repository	2026-02-17T06:08:51.7276305Z  * [new tag]             0.0.14                 -> 0.0.14
end-workflow	Checkout Repository	2026-02-17T06:08:51.7346679Z  * [new tag]             0.0.140                -> 0.0.140
end-workflow	Checkout Repository	2026-02-17T06:08:51.7349197Z  * [new tag]             0.0.141                -> 0.0.141
end-workflow	Checkout Repository	2026-02-17T06:08:51.7349638Z  * [new tag]             0.0.142                -> 0.0.142
end-workflow	Checkout Repository	2026-02-17T06:08:51.7350061Z  * [new tag]             0.0.143                -> 0.0.143
end-workflow	Checkout Repository	2026-02-17T06:08:51.7350579Z  * [new tag]             0.0.144                -> 0.0.144
end-workflow	Checkout Repository	2026-02-17T06:08:51.7350990Z  * [new tag]             0.0.145                -> 0.0.145
end-workflow	Checkout Repository	2026-02-17T06:08:51.7351394Z  * [new tag]             0.0.146                -> 0.0.146
end-workflow	Checkout Repository	2026-02-17T06:08:51.7351802Z  * [new tag]             0.0.147                -> 0.0.147
end-workflow	Checkout Repository	2026-02-17T06:08:51.7352222Z  * [new tag]             0.0.148                -> 0.0.148
end-workflow	Checkout Repository	2026-02-17T06:08:51.7352619Z  * [new tag]             0.0.149                -> 0.0.149
end-workflow	Checkout Repository	2026-02-17T06:08:51.7353018Z  * [new tag]             0.0.15                 -> 0.0.15
end-workflow	Checkout Repository	2026-02-17T06:08:51.7353430Z  * [new tag]             0.0.150                -> 0.0.150
end-workflow	Checkout Repository	2026-02-17T06:08:51.7353854Z  * [new tag]             0.0.151                -> 0.0.151
end-workflow	Checkout Repository	2026-02-17T06:08:51.7354302Z  * [new tag]             0.0.152                -> 0.0.152
end-workflow	Checkout Repository	2026-02-17T06:08:51.7354700Z  * [new tag]             0.0.153                -> 0.0.153
end-workflow	Checkout Repository	2026-02-17T06:08:51.7355447Z  * [new tag]             0.0.154                -> 0.0.154
end-workflow	Checkout Repository	2026-02-17T06:08:51.7355843Z  * [new tag]             0.0.155                -> 0.0.155
end-workflow	Checkout Repository	2026-02-17T06:08:51.7356238Z  * [new tag]             0.0.156                -> 0.0.156
end-workflow	Checkout Repository	2026-02-17T06:08:51.7356638Z  * [new tag]             0.0.157                -> 0.0.157
end-workflow	Checkout Repository	2026-02-17T06:08:51.7357038Z  * [new tag]             0.0.158                -> 0.0.158
end-workflow	Checkout Repository	2026-02-17T06:08:51.7357899Z  * [new tag]             0.0.159                -> 0.0.159
end-workflow	Checkout Repository	2026-02-17T06:08:51.7358426Z  * [new tag]             0.0.16                 -> 0.0.16
end-workflow	Checkout Repository	2026-02-17T06:08:51.7358817Z  * [new tag]             0.0.160                -> 0.0.160
end-workflow	Checkout Repository	2026-02-17T06:08:51.7359401Z  * [new tag]             0.0.161                -> 0.0.161
end-workflow	Checkout Repository	2026-02-17T06:08:51.7359797Z  * [new tag]             0.0.162                -> 0.0.162
end-workflow	Checkout Repository	2026-02-17T06:08:51.7360191Z  * [new tag]             0.0.163                -> 0.0.163
end-workflow	Checkout Repository	2026-02-17T06:08:51.7360582Z  * [new tag]             0.0.164                -> 0.0.164
end-workflow	Checkout Repository	2026-02-17T06:08:51.7361243Z  * [new tag]             0.0.165                -> 0.0.165
end-workflow	Checkout Repository	2026-02-17T06:08:51.7361631Z  * [new tag]             0.0.166                -> 0.0.166
end-workflow	Checkout Repository	2026-02-17T06:08:51.7362053Z  * [new tag]             0.0.167                -> 0.0.167
end-workflow	Checkout Repository	2026-02-17T06:08:51.7362487Z  * [new tag]             0.0.168                -> 0.0.168
end-workflow	Checkout Repository	2026-02-17T06:08:51.7362906Z  * [new tag]             0.0.169                -> 0.0.169
end-workflow	Checkout Repository	2026-02-17T06:08:51.7363316Z  * [new tag]             0.0.17                 -> 0.0.17
end-workflow	Checkout Repository	2026-02-17T06:08:51.7363706Z  * [new tag]             0.0.170                -> 0.0.170
end-workflow	Checkout Repository	2026-02-17T06:08:51.7364218Z  * [new tag]             0.0.171                -> 0.0.171
end-workflow	Checkout Repository	2026-02-17T06:08:51.7364600Z  * [new tag]             0.0.172                -> 0.0.172
end-workflow	Checkout Repository	2026-02-17T06:08:51.7364982Z  * [new tag]             0.0.173                -> 0.0.173
end-workflow	Checkout Repository	2026-02-17T06:08:51.7365360Z  * [new tag]             0.0.174                -> 0.0.174
end-workflow	Checkout Repository	2026-02-17T06:08:51.7365739Z  * [new tag]             0.0.175                -> 0.0.175
end-workflow	Checkout Repository	2026-02-17T06:08:51.7366139Z  * [new tag]             0.0.176                -> 0.0.176
end-workflow	Checkout Repository	2026-02-17T06:08:51.7366522Z  * [new tag]             0.0.177                -> 0.0.177
end-workflow	Checkout Repository	2026-02-17T06:08:51.7366905Z  * [new tag]             0.0.178                -> 0.0.178
end-workflow	Checkout Repository	2026-02-17T06:08:51.7367391Z  * [new tag]             0.0.179                -> 0.0.179
end-workflow	Checkout Repository	2026-02-17T06:08:51.7368358Z  * [new tag]             0.0.18                 -> 0.0.18
end-workflow	Checkout Repository	2026-02-17T06:08:51.7368867Z  * [new tag]             0.0.19                 -> 0.0.19
end-workflow	Checkout Repository	2026-02-17T06:08:51.7369256Z  * [new tag]             0.0.2                  -> 0.0.2
end-workflow	Checkout Repository	2026-02-17T06:08:51.7369630Z  * [new tag]             0.0.20                 -> 0.0.20
end-workflow	Checkout Repository	2026-02-17T06:08:51.7370013Z  * [new tag]             0.0.21                 -> 0.0.21
end-workflow	Checkout Repository	2026-02-17T06:08:51.7370398Z  * [new tag]             0.0.22                 -> 0.0.22
end-workflow	Checkout Repository	2026-02-17T06:08:51.7370791Z  * [new tag]             0.0.23                 -> 0.0.23
end-workflow	Checkout Repository	2026-02-17T06:08:51.7371191Z  * [new tag]             0.0.24                 -> 0.0.24
end-workflow	Checkout Repository	2026-02-17T06:08:51.7371574Z  * [new tag]             0.0.25                 -> 0.0.25
end-workflow	Checkout Repository	2026-02-17T06:08:51.7371955Z  * [new tag]             0.0.26                 -> 0.0.26
end-workflow	Checkout Repository	2026-02-17T06:08:51.7372334Z  * [new tag]             0.0.27                 -> 0.0.27
end-workflow	Checkout Repository	2026-02-17T06:08:51.7372711Z  * [new tag]             0.0.28                 -> 0.0.28
end-workflow	Checkout Repository	2026-02-17T06:08:51.7373099Z  * [new tag]             0.0.29                 -> 0.0.29
end-workflow	Checkout Repository	2026-02-17T06:08:51.7373480Z  * [new tag]             0.0.3                  -> 0.0.3
end-workflow	Checkout Repository	2026-02-17T06:08:51.7373862Z  * [new tag]             0.0.30                 -> 0.0.30
end-workflow	Checkout Repository	2026-02-17T06:08:51.7374237Z  * [new tag]             0.0.31                 -> 0.0.31
end-workflow	Checkout Repository	2026-02-17T06:08:51.7374765Z  * [new tag]             0.0.32                 -> 0.0.32
end-workflow	Checkout Repository	2026-02-17T06:08:51.7375546Z  * [new tag]             0.0.33                 -> 0.0.33
end-workflow	Checkout Repository	2026-02-17T06:08:51.7375930Z  * [new tag]             0.0.34                 -> 0.0.34
end-workflow	Checkout Repository	2026-02-17T06:08:51.7376536Z  * [new tag]             0.0.35                 -> 0.0.35
end-workflow	Checkout Repository	2026-02-17T06:08:51.7376917Z  * [new tag]             0.0.36                 -> 0.0.36
end-workflow	Checkout Repository	2026-02-17T06:08:51.7377418Z  * [new tag]             0.0.37                 -> 0.0.37
end-workflow	Checkout Repository	2026-02-17T06:08:51.7378195Z  * [new tag]             0.0.38                 -> 0.0.38
end-workflow	Checkout Repository	2026-02-17T06:08:51.7378576Z  * [new tag]             0.0.39                 -> 0.0.39
end-workflow	Checkout Repository	2026-02-17T06:08:51.7378963Z  * [new tag]             0.0.4                  -> 0.0.4
end-workflow	Checkout Repository	2026-02-17T06:08:51.7379344Z  * [new tag]             0.0.40                 -> 0.0.40
end-workflow	Checkout Repository	2026-02-17T06:08:51.7379720Z  * [new tag]             0.0.41                 -> 0.0.41
end-workflow	Checkout Repository	2026-02-17T06:08:51.7380225Z  * [new tag]             0.0.42                 -> 0.0.42
end-workflow	Checkout Repository	2026-02-17T06:08:51.7380885Z  * [new tag]             0.0.43                 -> 0.0.43
end-workflow	Checkout Repository	2026-02-17T06:08:51.7381275Z  * [new tag]             0.0.44                 -> 0.0.44
end-workflow	Checkout Repository	2026-02-17T06:08:51.7381775Z  * [new tag]             0.0.45                 -> 0.0.45
end-workflow	Checkout Repository	2026-02-17T06:08:51.7382377Z  * [new tag]             0.0.46                 -> 0.0.46
end-workflow	Checkout Repository	2026-02-17T06:08:51.7382760Z  * [new tag]             0.0.47                 -> 0.0.47
end-workflow	Checkout Repository	2026-02-17T06:08:51.7383136Z  * [new tag]             0.0.48                 -> 0.0.48
end-workflow	Checkout Repository	2026-02-17T06:08:51.7383519Z  * [new tag]             0.0.49                 -> 0.0.49
end-workflow	Checkout Repository	2026-02-17T06:08:51.7383907Z  * [new tag]             0.0.5                  -> 0.0.5
end-workflow	Checkout Repository	2026-02-17T06:08:51.7384429Z  * [new tag]             0.0.50                 -> 0.0.50
end-workflow	Checkout Repository	2026-02-17T06:08:51.7385093Z  * [new tag]             0.0.51                 -> 0.0.51
end-workflow	Checkout Repository	2026-02-17T06:08:51.7385483Z  * [new tag]             0.0.52                 -> 0.0.52
end-workflow	Checkout Repository	2026-02-17T06:08:51.7385871Z  * [new tag]             0.0.53                 -> 0.0.53
end-workflow	Checkout Repository	2026-02-17T06:08:51.7386399Z  * [new tag]             0.0.54                 -> 0.0.54
end-workflow	Checkout Repository	2026-02-17T06:08:51.7386800Z  * [new tag]             0.0.55                 -> 0.0.55
end-workflow	Checkout Repository	2026-02-17T06:08:51.7387201Z  * [new tag]             0.0.56                 -> 0.0.56
end-workflow	Checkout Repository	2026-02-17T06:08:51.7387844Z  * [new tag]             0.0.57                 -> 0.0.57
end-workflow	Checkout Repository	2026-02-17T06:08:51.7388356Z  * [new tag]             0.0.58                 -> 0.0.58
end-workflow	Checkout Repository	2026-02-17T06:08:51.7388740Z  * [new tag]             0.0.59                 -> 0.0.59
end-workflow	Checkout Repository	2026-02-17T06:08:51.7389123Z  * [new tag]             0.0.6                  -> 0.0.6
end-workflow	Checkout Repository	2026-02-17T06:08:51.7389505Z  * [new tag]             0.0.60                 -> 0.0.60
end-workflow	Checkout Repository	2026-02-17T06:08:51.7389888Z  * [new tag]             0.0.61                 -> 0.0.61
end-workflow	Checkout Repository	2026-02-17T06:08:51.7390270Z  * [new tag]             0.0.62                 -> 0.0.62
end-workflow	Checkout Repository	2026-02-17T06:08:51.7390653Z  * [new tag]             0.0.63                 -> 0.0.63
end-workflow	Checkout Repository	2026-02-17T06:08:51.7391026Z  * [new tag]             0.0.64                 -> 0.0.64
end-workflow	Checkout Repository	2026-02-17T06:08:51.7391400Z  * [new tag]             0.0.65                 -> 0.0.65
end-workflow	Checkout Repository	2026-02-17T06:08:51.7391777Z  * [new tag]             0.0.66                 -> 0.0.66
end-workflow	Checkout Repository	2026-02-17T06:08:51.7392161Z  * [new tag]             0.0.67                 -> 0.0.67
end-workflow	Checkout Repository	2026-02-17T06:08:51.7392540Z  * [new tag]             0.0.68                 -> 0.0.68
end-workflow	Checkout Repository	2026-02-17T06:08:51.7392915Z  * [new tag]             0.0.69                 -> 0.0.69
end-workflow	Checkout Repository	2026-02-17T06:08:51.7393290Z  * [new tag]             0.0.7                  -> 0.0.7
end-workflow	Checkout Repository	2026-02-17T06:08:51.7393664Z  * [new tag]             0.0.70                 -> 0.0.70
end-workflow	Checkout Repository	2026-02-17T06:08:51.7394037Z  * [new tag]             0.0.71                 -> 0.0.71
end-workflow	Checkout Repository	2026-02-17T06:08:51.7394413Z  * [new tag]             0.0.72                 -> 0.0.72
end-workflow	Checkout Repository	2026-02-17T06:08:51.7394788Z  * [new tag]             0.0.73                 -> 0.0.73
end-workflow	Checkout Repository	2026-02-17T06:08:51.7395160Z  * [new tag]             0.0.74                 -> 0.0.74
end-workflow	Checkout Repository	2026-02-17T06:08:51.7395539Z  * [new tag]             0.0.75                 -> 0.0.75
end-workflow	Checkout Repository	2026-02-17T06:08:51.7395914Z  * [new tag]             0.0.76                 -> 0.0.76
end-workflow	Checkout Repository	2026-02-17T06:08:51.7396290Z  * [new tag]             0.0.77                 -> 0.0.77
end-workflow	Checkout Repository	2026-02-17T06:08:51.7396884Z  * [new tag]             0.0.78                 -> 0.0.78
end-workflow	Checkout Repository	2026-02-17T06:08:51.7397258Z  * [new tag]             0.0.79                 -> 0.0.79
end-workflow	Checkout Repository	2026-02-17T06:08:51.7398124Z  * [new tag]             0.0.8                  -> 0.0.8
end-workflow	Checkout Repository	2026-02-17T06:08:51.7398498Z  * [new tag]             0.0.80                 -> 0.0.80
end-workflow	Checkout Repository	2026-02-17T06:08:51.7398871Z  * [new tag]             0.0.81                 -> 0.0.81
end-workflow	Checkout Repository	2026-02-17T06:08:51.7399247Z  * [new tag]             0.0.82                 -> 0.0.82
end-workflow	Checkout Repository	2026-02-17T06:08:51.7399619Z  * [new tag]             0.0.83                 -> 0.0.83
end-workflow	Checkout Repository	2026-02-17T06:08:51.7399985Z  * [new tag]             0.0.84                 -> 0.0.84
end-workflow	Checkout Repository	2026-02-17T06:08:51.7400360Z  * [new tag]             0.0.85                 -> 0.0.85
end-workflow	Checkout Repository	2026-02-17T06:08:51.7400732Z  * [new tag]             0.0.86                 -> 0.0.86
end-workflow	Checkout Repository	2026-02-17T06:08:51.7401103Z  * [new tag]             0.0.87                 -> 0.0.87
end-workflow	Checkout Repository	2026-02-17T06:08:51.7401470Z  * [new tag]             0.0.88                 -> 0.0.88
end-workflow	Checkout Repository	2026-02-17T06:08:51.7402059Z  * [new tag]             0.0.89                 -> 0.0.89
end-workflow	Checkout Repository	2026-02-17T06:08:51.7402435Z  * [new tag]             0.0.9                  -> 0.0.9
end-workflow	Checkout Repository	2026-02-17T06:08:51.7402803Z  * [new tag]             0.0.90                 -> 0.0.90
end-workflow	Checkout Repository	2026-02-17T06:08:51.7403179Z  * [new tag]             0.0.91                 -> 0.0.91
end-workflow	Checkout Repository	2026-02-17T06:08:51.7403551Z  * [new tag]             0.0.92                 -> 0.0.92
end-workflow	Checkout Repository	2026-02-17T06:08:51.7403927Z  * [new tag]             0.0.93                 -> 0.0.93
end-workflow	Checkout Repository	2026-02-17T06:08:51.7404294Z  * [new tag]             0.0.94                 -> 0.0.94
end-workflow	Checkout Repository	2026-02-17T06:08:51.7404669Z  * [new tag]             0.0.95                 -> 0.0.95
end-workflow	Checkout Repository	2026-02-17T06:08:51.7405041Z  * [new tag]             0.0.96                 -> 0.0.96
end-workflow	Checkout Repository	2026-02-17T06:08:51.7405414Z  * [new tag]             0.0.97                 -> 0.0.97
end-workflow	Checkout Repository	2026-02-17T06:08:51.7405784Z  * [new tag]             0.0.98                 -> 0.0.98
end-workflow	Checkout Repository	2026-02-17T06:08:51.7406156Z  * [new tag]             0.0.99                 -> 0.0.99
end-workflow	Checkout Repository	2026-02-17T06:08:51.7406547Z  * [new tag]             0.1.0                  -> 0.1.0
end-workflow	Checkout Repository	2026-02-17T06:08:51.7407056Z  * [new tag]             0.1.1                  -> 0.1.1
end-workflow	Checkout Repository	2026-02-17T06:08:51.7407814Z  * [new tag]             0.2.0                  -> 0.2.0
end-workflow	Checkout Repository	2026-02-17T06:08:51.7408203Z  * [new tag]             0.3.0                  -> 0.3.0
end-workflow	Checkout Repository	2026-02-17T06:08:51.7408701Z  * [new tag]             0.3.1                  -> 0.3.1
end-workflow	Checkout Repository	2026-02-17T06:08:51.7409074Z  * [new tag]             0.3.10                 -> 0.3.10
end-workflow	Checkout Repository	2026-02-17T06:08:51.7409450Z  * [new tag]             0.3.11                 -> 0.3.11
end-workflow	Checkout Repository	2026-02-17T06:08:51.7409850Z  * [new tag]             0.3.12                 -> 0.3.12
end-workflow	Checkout Repository	2026-02-17T06:08:51.7410233Z  * [new tag]             0.3.13                 -> 0.3.13
end-workflow	Checkout Repository	2026-02-17T06:08:51.7410613Z  * [new tag]             0.3.14                 -> 0.3.14
end-workflow	Checkout Repository	2026-02-17T06:08:51.7410983Z  * [new tag]             0.3.15                 -> 0.3.15
end-workflow	Checkout Repository	2026-02-17T06:08:51.7411356Z  * [new tag]             0.3.16                 -> 0.3.16
end-workflow	Checkout Repository	2026-02-17T06:08:51.7411749Z  * [new tag]             0.3.17                 -> 0.3.17
end-workflow	Checkout Repository	2026-02-17T06:08:51.7412125Z  * [new tag]             0.3.2                  -> 0.3.2
end-workflow	Checkout Repository	2026-02-17T06:08:51.7412491Z  * [new tag]             0.3.3                  -> 0.3.3
end-workflow	Checkout Repository	2026-02-17T06:08:51.7412862Z  * [new tag]             0.3.4                  -> 0.3.4
end-workflow	Checkout Repository	2026-02-17T06:08:51.7413231Z  * [new tag]             0.3.5                  -> 0.3.5
end-workflow	Checkout Repository	2026-02-17T06:08:51.7413599Z  * [new tag]             0.3.6                  -> 0.3.6
end-workflow	Checkout Repository	2026-02-17T06:08:51.7413969Z  * [new tag]             0.3.7                  -> 0.3.7
end-workflow	Checkout Repository	2026-02-17T06:08:51.7414341Z  * [new tag]             0.3.8                  -> 0.3.8
end-workflow	Checkout Repository	2026-02-17T06:08:51.7414713Z  * [new tag]             0.3.9                  -> 0.3.9
end-workflow	Checkout Repository	2026-02-17T06:08:51.7415082Z  * [new tag]             0.4.0                  -> 0.4.0
end-workflow	Checkout Repository	2026-02-17T06:08:51.7415453Z  * [new tag]             0.4.1                  -> 0.4.1
end-workflow	Checkout Repository	2026-02-17T06:08:51.7415825Z  * [new tag]             0.4.2                  -> 0.4.2
end-workflow	Checkout Repository	2026-02-17T06:08:51.7416451Z  * [new tag]             0.4.3                  -> 0.4.3
end-workflow	Checkout Repository	2026-02-17T06:08:51.7416819Z  * [new tag]             0.4.4                  -> 0.4.4
end-workflow	Checkout Repository	2026-02-17T06:08:51.7417194Z  * [new tag]             0.4.5                  -> 0.4.5
end-workflow	Checkout Repository	2026-02-17T06:08:51.7417965Z  * [new tag]             0.4.6                  -> 0.4.6
end-workflow	Checkout Repository	2026-02-17T06:08:51.7418759Z  * [new tag]             0.4.7                  -> 0.4.7
end-workflow	Checkout Repository	2026-02-17T06:08:51.7419531Z  * [new tag]             0.4.8                  -> 0.4.8
end-workflow	Checkout Repository	2026-02-17T06:08:51.7420028Z  * [new tag]             0.4.9                  -> 0.4.9
end-workflow	Checkout Repository	2026-02-17T06:08:51.7420400Z  * [new tag]             0.5.0                  -> 0.5.0
end-workflow	Checkout Repository	2026-02-17T06:08:51.7420763Z  * [new tag]             0.5.1                  -> 0.5.1
end-workflow	Checkout Repository	2026-02-17T06:08:51.7421134Z  * [new tag]             0.5.2                  -> 0.5.2
end-workflow	Checkout Repository	2026-02-17T06:08:51.7421503Z  * [new tag]             0.6.0                  -> 0.6.0
end-workflow	Checkout Repository	2026-02-17T06:08:51.7421886Z  * [new tag]             0.6.1                  -> 0.6.1
end-workflow	Checkout Repository	2026-02-17T06:08:51.7422488Z  * [new tag]             0.6.2                  -> 0.6.2
end-workflow	Checkout Repository	2026-02-17T06:08:51.7640287Z [command]/usr/bin/git branch --list --remote origin/main
end-workflow	Checkout Repository	2026-02-17T06:08:51.7717264Z   origin/main
end-workflow	Checkout Repository	2026-02-17T06:08:51.7728834Z [command]/usr/bin/git rev-parse refs/remotes/origin/main
end-workflow	Checkout Repository	2026-02-17T06:08:51.7759341Z 41ed4a7380f074f5bdb61f2d95d0ed1d4d741eb0
end-workflow	Checkout Repository	2026-02-17T06:08:51.7772376Z [command]/usr/bin/git -c protocol.version=2 fetch --no-tags --prune --no-recurse-submodules origin +512ccfee4751d4fa4eabc49efd37d186eb9cf4a4:refs/remotes/origin/main
end-workflow	Checkout Repository	2026-02-17T06:08:51.7955107Z From https://github.com/Ka0s-Klaus/ka0s
end-workflow	Checkout Repository	2026-02-17T06:08:51.7955825Z  + 41ed4a738...512ccfee4 512ccfee4751d4fa4eabc49efd37d186eb9cf4a4 -> origin/main  (forced update)
end-workflow	Checkout Repository	2026-02-17T06:08:51.7994519Z ##[endgroup]
end-workflow	Checkout Repository	2026-02-17T06:08:51.7995213Z ##[group]Determining the checkout info
end-workflow	Checkout Repository	2026-02-17T06:08:51.7995873Z ##[endgroup]
end-workflow	Checkout Repository	2026-02-17T06:08:51.8002943Z [command]/usr/bin/git sparse-checkout disable
end-workflow	Checkout Repository	2026-02-17T06:08:51.8055556Z [command]/usr/bin/git config --local --unset-all extensions.worktreeConfig
end-workflow	Checkout Repository	2026-02-17T06:08:51.8094896Z ##[group]Checking out the ref
end-workflow	Checkout Repository	2026-02-17T06:08:51.8100132Z [command]/usr/bin/git checkout --progress --force -B main refs/remotes/origin/main
end-workflow	Checkout Repository	2026-02-17T06:08:52.3000023Z Switched to a new branch 'main'
end-workflow	Checkout Repository	2026-02-17T06:08:52.3004606Z branch 'main' set up to track 'origin/main'.
end-workflow	Checkout Repository	2026-02-17T06:08:52.3070811Z ##[endgroup]
end-workflow	Checkout Repository	2026-02-17T06:08:52.3125607Z [command]/usr/bin/git log -1 --format=%H
end-workflow	Checkout Repository	2026-02-17T06:08:52.3160595Z 512ccfee4751d4fa4eabc49efd37d186eb9cf4a4
end-workflow	Install GH CLI	Ôªø2026-02-17T06:08:52.3453627Z Prepare all required actions
end-workflow	Install GH CLI	2026-02-17T06:08:52.3505095Z ##[group]Run ./.github/actions/install-gh-cli
end-workflow	Install GH CLI	2026-02-17T06:08:52.3505410Z env:
end-workflow	Install GH CLI	2026-02-17T06:08:52.3505601Z   PYTHON_VERSION: 3.9
end-workflow	Install GH CLI	2026-02-17T06:08:52.3506470Z   MONGO_SUPERUSER_CONNECTION: ***
end-workflow	Install GH CLI	2026-02-17T06:08:52.3506854Z   MONGO_NEW_PASS: ***
end-workflow	Install GH CLI	2026-02-17T06:08:52.3507174Z   MONGO_SCRIPT_CREATE: devops/core/mongo/scripts/mongodb_status_report.py
end-workflow	Install GH CLI	2026-02-17T06:08:52.3508202Z   KAOS_CODE: 22087858268
end-workflow	Install GH CLI	2026-02-17T06:08:52.3508427Z   REPORT_SCAN: audit/
end-workflow	Install GH CLI	2026-02-17T06:08:52.3508646Z   REPORT_PATH: audit/mongodb/
end-workflow	Install GH CLI	2026-02-17T06:08:52.3508888Z   REPORT_FILENAME: 22087858268.json
end-workflow	Install GH CLI	2026-02-17T06:08:52.3509155Z   KAOS_MODULE: [Ka0s] Status MongDB Report
end-workflow	Install GH CLI	2026-02-17T06:08:52.3509431Z ##[endgroup]
end-workflow	Install GH CLI	2026-02-17T06:08:52.3606153Z ##[group]Run type -p curl >/dev/null || (sudo apt-get update && sudo apt-get install curl -y)
end-workflow	Install GH CLI	2026-02-17T06:08:52.3606822Z [36;1mtype -p curl >/dev/null || (sudo apt-get update && sudo apt-get install curl -y)[0m
end-workflow	Install GH CLI	2026-02-17T06:08:52.3608143Z [36;1mcurl -fsSL https://cli.github.com/packages/githubcli-archive-keyring.gpg | sudo dd of=/usr/share/keyrings/githubcli-archive-keyring.gpg \[0m
end-workflow	Install GH CLI	2026-02-17T06:08:52.3608994Z [36;1m&& sudo chmod go+r /usr/share/keyrings/githubcli-archive-keyring.gpg \[0m
end-workflow	Install GH CLI	2026-02-17T06:08:52.3610029Z [36;1m&& echo "deb [arch=$(dpkg --print-architecture) signed-by=/usr/share/keyrings/githubcli-archive-keyring.gpg] https://cli.github.com/packages stable main" | sudo tee /etc/apt/sources.list.d/github-cli.list > /dev/null \[0m
end-workflow	Install GH CLI	2026-02-17T06:08:52.3611270Z [36;1m&& sudo apt-get update \[0m
end-workflow	Install GH CLI	2026-02-17T06:08:52.3611540Z [36;1m&& sudo apt-get install gh -y[0m
end-workflow	Install GH CLI	2026-02-17T06:08:52.3629078Z shell: /usr/bin/bash --noprofile --norc -e -o pipefail {0}
end-workflow	Install GH CLI	2026-02-17T06:08:52.3629413Z env:
end-workflow	Install GH CLI	2026-02-17T06:08:52.3629599Z   PYTHON_VERSION: 3.9
end-workflow	Install GH CLI	2026-02-17T06:08:52.3630402Z   MONGO_SUPERUSER_CONNECTION: ***
end-workflow	Install GH CLI	2026-02-17T06:08:52.3630778Z   MONGO_NEW_PASS: ***
end-workflow	Install GH CLI	2026-02-17T06:08:52.3631101Z   MONGO_SCRIPT_CREATE: devops/core/mongo/scripts/mongodb_status_report.py
end-workflow	Install GH CLI	2026-02-17T06:08:52.3631489Z   KAOS_CODE: 22087858268
end-workflow	Install GH CLI	2026-02-17T06:08:52.3631694Z   REPORT_SCAN: audit/
end-workflow	Install GH CLI	2026-02-17T06:08:52.3631907Z   REPORT_PATH: audit/mongodb/
end-workflow	Install GH CLI	2026-02-17T06:08:52.3632150Z   REPORT_FILENAME: 22087858268.json
end-workflow	Install GH CLI	2026-02-17T06:08:52.3632409Z   KAOS_MODULE: [Ka0s] Status MongDB Report
end-workflow	Install GH CLI	2026-02-17T06:08:52.3632671Z ##[endgroup]
end-workflow	Install GH CLI	2026-02-17T06:08:52.4492962Z 4+1 records in
end-workflow	Install GH CLI	2026-02-17T06:08:52.4493352Z 4+1 records out
end-workflow	Install GH CLI	2026-02-17T06:08:52.4493625Z 2270 bytes (2.3 kB, 2.2 KiB) copied, 0.0609052 s, 37.3 kB/s
end-workflow	Install GH CLI	2026-02-17T06:08:52.6202810Z Get:1 http://security.ubuntu.com/ubuntu noble-security InRelease [126 kB]
end-workflow	Install GH CLI	2026-02-17T06:08:52.6661796Z Get:2 http://archive.ubuntu.com/ubuntu noble InRelease [256 kB]
end-workflow	Install GH CLI	2026-02-17T06:08:52.7881172Z Get:3 https://cli.github.com/packages stable InRelease [3917 B]
end-workflow	Install GH CLI	2026-02-17T06:08:52.7886137Z Get:4 https://ppa.launchpadcontent.net/git-core/ppa/ubuntu noble InRelease [24.3 kB]
end-workflow	Install GH CLI	2026-02-17T06:08:52.9550570Z Get:5 http://archive.ubuntu.com/ubuntu noble-updates InRelease [126 kB]
end-workflow	Install GH CLI	2026-02-17T06:08:52.9683759Z Get:6 http://security.ubuntu.com/ubuntu noble-security/multiverse amd64 Packages [34.8 kB]
end-workflow	Install GH CLI	2026-02-17T06:08:53.0118353Z Get:7 http://security.ubuntu.com/ubuntu noble-security/restricted amd64 Packages [3122 kB]
end-workflow	Install GH CLI	2026-02-17T06:08:53.0239723Z Get:8 http://archive.ubuntu.com/ubuntu noble-backports InRelease [126 kB]
end-workflow	Install GH CLI	2026-02-17T06:08:53.0446094Z Get:9 https://cli.github.com/packages stable/main amd64 Packages [356 B]
end-workflow	Install GH CLI	2026-02-17T06:08:53.1374110Z Get:10 https://ppa.launchpadcontent.net/git-core/ppa/ubuntu noble/main amd64 Packages [2992 B]
end-workflow	Install GH CLI	2026-02-17T06:08:53.1546196Z Get:11 http://security.ubuntu.com/ubuntu noble-security/main amd64 Packages [1829 kB]
end-workflow	Install GH CLI	2026-02-17T06:08:53.1868387Z Get:12 http://security.ubuntu.com/ubuntu noble-security/universe amd64 Packages [1205 kB]
end-workflow	Install GH CLI	2026-02-17T06:08:53.2443378Z Get:13 http://archive.ubuntu.com/ubuntu noble/multiverse amd64 Packages [331 kB]
end-workflow	Install GH CLI	2026-02-17T06:08:53.3459108Z Get:14 http://archive.ubuntu.com/ubuntu noble/restricted amd64 Packages [117 kB]
end-workflow	Install GH CLI	2026-02-17T06:08:53.3581232Z Get:15 http://archive.ubuntu.com/ubuntu noble/universe amd64 Packages [19.3 MB]
end-workflow	Install GH CLI	2026-02-17T06:08:53.7614866Z Get:16 http://archive.ubuntu.com/ubuntu noble/main amd64 Packages [1808 kB]
end-workflow	Install GH CLI	2026-02-17T06:08:53.7740714Z Get:17 http://archive.ubuntu.com/ubuntu noble-updates/main amd64 Packages [2218 kB]
end-workflow	Install GH CLI	2026-02-17T06:08:53.7888864Z Get:18 http://archive.ubuntu.com/ubuntu noble-updates/restricted amd64 Packages [3330 kB]
end-workflow	Install GH CLI	2026-02-17T06:08:53.8672507Z Get:19 http://archive.ubuntu.com/ubuntu noble-updates/universe amd64 Packages [2014 kB]
end-workflow	Install GH CLI	2026-02-17T06:08:53.8852402Z Get:20 http://archive.ubuntu.com/ubuntu noble-updates/multiverse amd64 Packages [38.1 kB]
end-workflow	Install GH CLI	2026-02-17T06:08:53.8859849Z Get:21 http://archive.ubuntu.com/ubuntu noble-backports/universe amd64 Packages [34.6 kB]
end-workflow	Install GH CLI	2026-02-17T06:08:53.8863503Z Get:22 http://archive.ubuntu.com/ubuntu noble-backports/main amd64 Packages [49.5 kB]
end-workflow	Install GH CLI	2026-02-17T06:08:54.9811531Z Fetched 36.1 MB in 2s (14.8 MB/s)
end-workflow	Install GH CLI	2026-02-17T06:08:55.9055533Z Reading package lists...
end-workflow	Install GH CLI	2026-02-17T06:08:56.8628926Z Reading package lists...
end-workflow	Install GH CLI	2026-02-17T06:08:57.0849626Z Building dependency tree...
end-workflow	Install GH CLI	2026-02-17T06:08:57.0850225Z Reading state information...
end-workflow	Install GH CLI	2026-02-17T06:08:57.5387179Z The following NEW packages will be installed:
end-workflow	Install GH CLI	2026-02-17T06:08:57.5408562Z   gh
end-workflow	Install GH CLI	2026-02-17T06:08:57.6541240Z 0 upgraded, 1 newly installed, 0 to remove and 25 not upgraded.
end-workflow	Install GH CLI	2026-02-17T06:08:57.6543012Z Need to get 13.7 MB of archives.
end-workflow	Install GH CLI	2026-02-17T06:08:57.6543916Z After this operation, 37.9 MB of additional disk space will be used.
end-workflow	Install GH CLI	2026-02-17T06:08:57.6545242Z Get:1 https://cli.github.com/packages stable/main amd64 gh amd64 2.86.0 [13.7 MB]
end-workflow	Install GH CLI	2026-02-17T06:08:58.5808167Z debconf: delaying package configuration, since apt-utils is not installed
end-workflow	Install GH CLI	2026-02-17T06:08:58.6227175Z Fetched 13.7 MB in 1s (17.9 MB/s)
end-workflow	Install GH CLI	2026-02-17T06:08:58.6502942Z Selecting previously unselected package gh.
end-workflow	Install GH CLI	2026-02-17T06:08:58.6543322Z (Reading database ... 
end-workflow	Install GH CLI	2026-02-17T06:08:58.6543587Z (Reading database ... 5%
end-workflow	Install GH CLI	2026-02-17T06:08:58.6543838Z (Reading database ... 10%
end-workflow	Install GH CLI	2026-02-17T06:08:58.6544073Z (Reading database ... 15%
end-workflow	Install GH CLI	2026-02-17T06:08:58.6544295Z (Reading database ... 20%
end-workflow	Install GH CLI	2026-02-17T06:08:58.6544517Z (Reading database ... 25%
end-workflow	Install GH CLI	2026-02-17T06:08:58.6544737Z (Reading database ... 30%
end-workflow	Install GH CLI	2026-02-17T06:08:58.6544955Z (Reading database ... 35%
end-workflow	Install GH CLI	2026-02-17T06:08:58.6545170Z (Reading database ... 40%
end-workflow	Install GH CLI	2026-02-17T06:08:58.6545402Z (Reading database ... 45%
end-workflow	Install GH CLI	2026-02-17T06:08:58.6545621Z (Reading database ... 50%
end-workflow	Install GH CLI	2026-02-17T06:08:58.6545835Z (Reading database ... 55%
end-workflow	Install GH CLI	2026-02-17T06:08:58.6546055Z (Reading database ... 60%
end-workflow	Install GH CLI	2026-02-17T06:08:58.6550283Z (Reading database ... 65%
end-workflow	Install GH CLI	2026-02-17T06:08:58.6571733Z (Reading database ... 70%
end-workflow	Install GH CLI	2026-02-17T06:08:58.6577388Z (Reading database ... 75%
end-workflow	Install GH CLI	2026-02-17T06:08:58.6590693Z (Reading database ... 80%
end-workflow	Install GH CLI	2026-02-17T06:08:58.6595662Z (Reading database ... 85%
end-workflow	Install GH CLI	2026-02-17T06:08:58.6605354Z (Reading database ... 90%
end-workflow	Install GH CLI	2026-02-17T06:08:58.6623979Z (Reading database ... 95%
end-workflow	Install GH CLI	2026-02-17T06:08:58.6624252Z (Reading database ... 100%
end-workflow	Install GH CLI	2026-02-17T06:08:58.6624624Z (Reading database ... 14385 files and directories currently installed.)
end-workflow	Install GH CLI	2026-02-17T06:08:58.6629525Z Preparing to unpack .../archives/gh_2.86.0_amd64.deb ...
end-workflow	Install GH CLI	2026-02-17T06:08:58.6663413Z Unpacking gh (2.86.0) ...
end-workflow	Install GH CLI	2026-02-17T06:08:58.9413633Z Setting up gh (2.86.0) ...
end-workflow	Trigger Inspector	Ôªø2026-02-17T06:08:59.0292907Z ##[group]Run echo "üîç Triggering Inspector for Audit..."
end-workflow	Trigger Inspector	2026-02-17T06:08:59.0293903Z [36;1mecho "üîç Triggering Inspector for Audit..."[0m
end-workflow	Trigger Inspector	2026-02-17T06:08:59.0294639Z [36;1mgh workflow run inspector.yml \[0m
end-workflow	Trigger Inspector	2026-02-17T06:08:59.0295253Z [36;1m  --ref main \[0m
end-workflow	Trigger Inspector	2026-02-17T06:08:59.0295812Z [36;1m  -f kaos-workflow-id="22087858268" \[0m
end-workflow	Trigger Inspector	2026-02-17T06:08:59.0296489Z [36;1m  -f kaos-user-start="ka0score"[0m
end-workflow	Trigger Inspector	2026-02-17T06:08:59.0323615Z shell: /usr/bin/bash -e {0}
end-workflow	Trigger Inspector	2026-02-17T06:08:59.0324164Z env:
end-workflow	Trigger Inspector	2026-02-17T06:08:59.0324564Z   PYTHON_VERSION: 3.9
end-workflow	Trigger Inspector	2026-02-17T06:08:59.0326232Z   MONGO_SUPERUSER_CONNECTION: ***
end-workflow	Trigger Inspector	2026-02-17T06:08:59.0327078Z   MONGO_NEW_PASS: ***
end-workflow	Trigger Inspector	2026-02-17T06:08:59.0327948Z   MONGO_SCRIPT_CREATE: devops/core/mongo/scripts/mongodb_status_report.py
end-workflow	Trigger Inspector	2026-02-17T06:08:59.0328793Z   KAOS_CODE: 22087858268
end-workflow	Trigger Inspector	2026-02-17T06:08:59.0329279Z   REPORT_SCAN: audit/
end-workflow	Trigger Inspector	2026-02-17T06:08:59.0329759Z   REPORT_PATH: audit/mongodb/
end-workflow	Trigger Inspector	2026-02-17T06:08:59.0330292Z   REPORT_FILENAME: 22087858268.json
end-workflow	Trigger Inspector	2026-02-17T06:08:59.0330965Z   KAOS_MODULE: [Ka0s] Status MongDB Report
end-workflow	Trigger Inspector	2026-02-17T06:08:59.0331763Z   GH_TOKEN: ***
end-workflow	Trigger Inspector	2026-02-17T06:08:59.0332188Z ##[endgroup]
end-workflow	Trigger Inspector	2026-02-17T06:08:59.0405243Z üîç Triggering Inspector for Audit...
end-workflow	Post Checkout Repository	Ôªø2026-02-17T06:09:00.8748628Z Post job cleanup.
end-workflow	Post Checkout Repository	2026-02-17T06:09:00.9881589Z [command]/usr/bin/git version
end-workflow	Post Checkout Repository	2026-02-17T06:09:00.9925644Z git version 2.52.0
end-workflow	Post Checkout Repository	2026-02-17T06:09:00.9975495Z Temporarily overriding HOME='/home/runner/_work/_temp/b6eb00cf-1e12-4c8a-a003-cbe72e37a4f4' before making global git config changes
end-workflow	Post Checkout Repository	2026-02-17T06:09:00.9976325Z Adding repository directory to the temporary git global config as a safe directory
end-workflow	Post Checkout Repository	2026-02-17T06:09:00.9983164Z [command]/usr/bin/git config --global --add safe.directory /home/runner/_work/ka0s/ka0s
end-workflow	Post Checkout Repository	2026-02-17T06:09:01.0044020Z [command]/usr/bin/git config --local --name-only --get-regexp core\.sshCommand
end-workflow	Post Checkout Repository	2026-02-17T06:09:01.0091134Z [command]/usr/bin/git submodule foreach --recursive sh -c "git config --local --name-only --get-regexp 'core\.sshCommand' && git config --local --unset-all 'core.sshCommand' || :"
end-workflow	Post Checkout Repository	2026-02-17T06:09:01.0433715Z [command]/usr/bin/git config --local --name-only --get-regexp http\.https\:\/\/github\.com\/\.extraheader
end-workflow	Post Checkout Repository	2026-02-17T06:09:01.0464145Z http.https://github.com/.extraheader
end-workflow	Post Checkout Repository	2026-02-17T06:09:01.0480142Z [command]/usr/bin/git config --local --unset-all http.https://github.com/.extraheader
end-workflow	Post Checkout Repository	2026-02-17T06:09:01.0522369Z [command]/usr/bin/git submodule foreach --recursive sh -c "git config --local --name-only --get-regexp 'http\.https\:\/\/github\.com\/\.extraheader' && git config --local --unset-all 'http.https://github.com/.extraheader' || :"
end-workflow	Post Checkout Repository	2026-02-17T06:09:01.0857997Z [command]/usr/bin/git config --local --name-only --get-regexp ^includeIf\.gitdir:
end-workflow	Post Checkout Repository	2026-02-17T06:09:01.0902733Z [command]/usr/bin/git submodule foreach --recursive git config --local --show-origin --name-only --get-regexp remote.origin.url
end-workflow	Complete job	Ôªø2026-02-17T06:09:01.1386109Z Cleaning up orphan processes
