job-core	Set up job	ï»¿2026-02-17T12:36:57.0090700Z Current runner version: '2.331.0'
job-core	Set up job	2026-02-17T12:36:57.0100242Z Runner name: 'swarm-runners-scaleset-hkss5-runner-dzdn6'
job-core	Set up job	2026-02-17T12:36:57.0101333Z Runner group name: 'Default'
job-core	Set up job	2026-02-17T12:36:57.0102493Z Machine name: 'swarm-runners-scaleset-hkss5-runner-dzdn6'
job-core	Set up job	2026-02-17T12:36:57.0106386Z ##[group]GITHUB_TOKEN Permissions
job-core	Set up job	2026-02-17T12:36:57.0109842Z Actions: write
job-core	Set up job	2026-02-17T12:36:57.0110551Z Contents: read
job-core	Set up job	2026-02-17T12:36:57.0111816Z Metadata: read
job-core	Set up job	2026-02-17T12:36:57.0112466Z ##[endgroup]
job-core	Set up job	2026-02-17T12:36:57.0115092Z Secret source: Actions
job-core	Set up job	2026-02-17T12:36:57.0116005Z Prepare workflow directory
job-core	Set up job	2026-02-17T12:36:57.0468755Z Prepare all required actions
job-core	Set up job	2026-02-17T12:36:57.0511031Z Getting action download info
job-core	Set up job	2026-02-17T12:36:57.6988566Z Download action repository 'actions/checkout@v4' (SHA:34e114876b0b11c390a56381ad16ebd13914f8d5)
job-core	Set up job	2026-02-17T12:36:58.5129354Z Download action repository 'actions/setup-python@v5' (SHA:a26af69be951a213d495a4c3e4e4022e16d87065)
job-core	Set up job	2026-02-17T12:36:59.6645988Z Complete job name: job-core
job-core	Checkout	ï»¿2026-02-17T12:36:59.7526979Z ##[group]Run actions/checkout@v4
job-core	Checkout	2026-02-17T12:36:59.7529297Z with:
job-core	Checkout	2026-02-17T12:36:59.7530195Z   repository: Ka0s-Klaus/ka0s
job-core	Checkout	2026-02-17T12:36:59.7531572Z   token: ***
job-core	Checkout	2026-02-17T12:36:59.7532450Z   ssh-strict: true
job-core	Checkout	2026-02-17T12:36:59.7533346Z   ssh-user: git
job-core	Checkout	2026-02-17T12:36:59.7534266Z   persist-credentials: true
job-core	Checkout	2026-02-17T12:36:59.7535259Z   clean: true
job-core	Checkout	2026-02-17T12:36:59.7536187Z   sparse-checkout-cone-mode: true
job-core	Checkout	2026-02-17T12:36:59.7537566Z   fetch-depth: 1
job-core	Checkout	2026-02-17T12:36:59.7538614Z   fetch-tags: false
job-core	Checkout	2026-02-17T12:36:59.7539538Z   show-progress: true
job-core	Checkout	2026-02-17T12:36:59.7540500Z   lfs: false
job-core	Checkout	2026-02-17T12:36:59.7541356Z   submodules: false
job-core	Checkout	2026-02-17T12:36:59.7542297Z   set-safe-directory: true
job-core	Checkout	2026-02-17T12:36:59.7543586Z ##[endgroup]
job-core	Checkout	2026-02-17T12:36:59.8812060Z Syncing repository: Ka0s-Klaus/ka0s
job-core	Checkout	2026-02-17T12:36:59.8815155Z ##[group]Getting Git version info
job-core	Checkout	2026-02-17T12:36:59.8816549Z Working directory is '/home/runner/_work/ka0s/ka0s'
job-core	Checkout	2026-02-17T12:36:59.8819244Z [command]/usr/bin/git version
job-core	Checkout	2026-02-17T12:36:59.8820431Z git version 2.52.0
job-core	Checkout	2026-02-17T12:36:59.8838734Z ##[endgroup]
job-core	Checkout	2026-02-17T12:36:59.8856157Z Temporarily overriding HOME='/home/runner/_work/_temp/8842aecb-1e36-4cf2-bb90-1bd2f8641352' before making global git config changes
job-core	Checkout	2026-02-17T12:36:59.8861175Z Adding repository directory to the temporary git global config as a safe directory
job-core	Checkout	2026-02-17T12:36:59.8864391Z [command]/usr/bin/git config --global --add safe.directory /home/runner/_work/ka0s/ka0s
job-core	Checkout	2026-02-17T12:36:59.8912344Z Deleting the contents of '/home/runner/_work/ka0s/ka0s'
job-core	Checkout	2026-02-17T12:36:59.8919520Z ##[group]Initializing the repository
job-core	Checkout	2026-02-17T12:36:59.8924017Z [command]/usr/bin/git init /home/runner/_work/ka0s/ka0s
job-core	Checkout	2026-02-17T12:36:59.8983394Z hint: Using 'master' as the name for the initial branch. This default branch name
job-core	Checkout	2026-02-17T12:36:59.8986192Z hint: will change to "main" in Git 3.0. To configure the initial branch name
job-core	Checkout	2026-02-17T12:36:59.8989734Z hint: to use in all of your new repositories, which will suppress this warning,
job-core	Checkout	2026-02-17T12:36:59.8992076Z hint: call:
job-core	Checkout	2026-02-17T12:36:59.8992936Z hint:
job-core	Checkout	2026-02-17T12:36:59.8994015Z hint: 	git config --global init.defaultBranch <name>
job-core	Checkout	2026-02-17T12:36:59.8995289Z hint:
job-core	Checkout	2026-02-17T12:36:59.8996621Z hint: Names commonly chosen instead of 'master' are 'main', 'trunk' and
job-core	Checkout	2026-02-17T12:36:59.9001139Z hint: 'development'. The just-created branch can be renamed via this command:
job-core	Checkout	2026-02-17T12:36:59.9002710Z hint:
job-core	Checkout	2026-02-17T12:36:59.9003588Z hint: 	git branch -m <name>
job-core	Checkout	2026-02-17T12:36:59.9004579Z hint:
job-core	Checkout	2026-02-17T12:36:59.9005880Z hint: Disable this message with "git config set advice.defaultBranchName false"
job-core	Checkout	2026-02-17T12:36:59.9008574Z Initialized empty Git repository in /home/runner/_work/ka0s/ka0s/.git/
job-core	Checkout	2026-02-17T12:36:59.9011907Z [command]/usr/bin/git remote add origin https://github.com/Ka0s-Klaus/ka0s
job-core	Checkout	2026-02-17T12:36:59.9045668Z ##[endgroup]
job-core	Checkout	2026-02-17T12:36:59.9047923Z ##[group]Disabling automatic garbage collection
job-core	Checkout	2026-02-17T12:36:59.9050209Z [command]/usr/bin/git config --local gc.auto 0
job-core	Checkout	2026-02-17T12:36:59.9095614Z ##[endgroup]
job-core	Checkout	2026-02-17T12:36:59.9097257Z ##[group]Setting up auth
job-core	Checkout	2026-02-17T12:36:59.9102525Z [command]/usr/bin/git config --local --name-only --get-regexp core\.sshCommand
job-core	Checkout	2026-02-17T12:36:59.9146893Z [command]/usr/bin/git submodule foreach --recursive sh -c "git config --local --name-only --get-regexp 'core\.sshCommand' && git config --local --unset-all 'core.sshCommand' || :"
job-core	Checkout	2026-02-17T12:36:59.9569497Z [command]/usr/bin/git config --local --name-only --get-regexp http\.https\:\/\/github\.com\/\.extraheader
job-core	Checkout	2026-02-17T12:36:59.9576827Z [command]/usr/bin/git submodule foreach --recursive sh -c "git config --local --name-only --get-regexp 'http\.https\:\/\/github\.com\/\.extraheader' && git config --local --unset-all 'http.https://github.com/.extraheader' || :"
job-core	Checkout	2026-02-17T12:36:59.9875361Z [command]/usr/bin/git config --local --name-only --get-regexp ^includeIf\.gitdir:
job-core	Checkout	2026-02-17T12:36:59.9917810Z [command]/usr/bin/git submodule foreach --recursive git config --local --show-origin --name-only --get-regexp remote.origin.url
job-core	Checkout	2026-02-17T12:37:00.0253456Z [command]/usr/bin/git config --local http.https://github.com/.extraheader AUTHORIZATION: basic ***
job-core	Checkout	2026-02-17T12:37:00.0306571Z ##[endgroup]
job-core	Checkout	2026-02-17T12:37:00.0308527Z ##[group]Fetching the repository
job-core	Checkout	2026-02-17T12:37:00.0327035Z [command]/usr/bin/git -c protocol.version=2 fetch --no-tags --prune --no-recurse-submodules --depth=1 origin +087ddf5bafce7fa541f0f27770a006fef8f2aa50:refs/remotes/origin/main
job-core	Checkout	2026-02-17T12:37:03.6141714Z From https://github.com/Ka0s-Klaus/ka0s
job-core	Checkout	2026-02-17T12:37:03.6144286Z  * [new ref]         087ddf5bafce7fa541f0f27770a006fef8f2aa50 -> origin/main
job-core	Checkout	2026-02-17T12:37:03.6301631Z ##[endgroup]
job-core	Checkout	2026-02-17T12:37:03.6303831Z ##[group]Determining the checkout info
job-core	Checkout	2026-02-17T12:37:03.6310154Z ##[endgroup]
job-core	Checkout	2026-02-17T12:37:03.6326171Z [command]/usr/bin/git sparse-checkout disable
job-core	Checkout	2026-02-17T12:37:03.6510466Z [command]/usr/bin/git config --local --unset-all extensions.worktreeConfig
job-core	Checkout	2026-02-17T12:37:03.6645528Z ##[group]Checking out the ref
job-core	Checkout	2026-02-17T12:37:03.6659515Z [command]/usr/bin/git checkout --progress --force -B main refs/remotes/origin/main
job-core	Checkout	2026-02-17T12:37:04.2005690Z Switched to a new branch 'main'
job-core	Checkout	2026-02-17T12:37:04.2010116Z branch 'main' set up to track 'origin/main'.
job-core	Checkout	2026-02-17T12:37:04.2081773Z ##[endgroup]
job-core	Checkout	2026-02-17T12:37:04.2129933Z [command]/usr/bin/git log -1 --format=%H
job-core	Checkout	2026-02-17T12:37:04.2165407Z 087ddf5bafce7fa541f0f27770a006fef8f2aa50
job-core	Setup Python	ï»¿2026-02-17T12:37:04.2479062Z ##[group]Run actions/setup-python@v5
job-core	Setup Python	2026-02-17T12:37:04.2479511Z with:
job-core	Setup Python	2026-02-17T12:37:04.2479757Z   python-version: 3.x
job-core	Setup Python	2026-02-17T12:37:04.2480041Z   check-latest: false
job-core	Setup Python	2026-02-17T12:37:04.2480481Z   token: ***
job-core	Setup Python	2026-02-17T12:37:04.2480750Z   update-environment: true
job-core	Setup Python	2026-02-17T12:37:04.2481051Z   allow-prereleases: false
job-core	Setup Python	2026-02-17T12:37:04.2481338Z   freethreaded: false
job-core	Setup Python	2026-02-17T12:37:04.2481604Z ##[endgroup]
job-core	Setup Python	2026-02-17T12:37:04.4401675Z ##[group]Installed versions
job-core	Setup Python	2026-02-17T12:37:04.4413520Z Version 3.x was not found in the local cache
job-core	Setup Python	2026-02-17T12:37:05.5678527Z Version 3.x is available for downloading
job-core	Setup Python	2026-02-17T12:37:05.5680637Z Download from "https://github.com/actions/python-versions/releases/download/3.14.3-21673711214/python-3.14.3-linux-24.04-x64.tar.gz"
job-core	Setup Python	2026-02-17T12:37:08.0050381Z Extract downloaded archive
job-core	Setup Python	2026-02-17T12:37:08.0198008Z [command]/usr/bin/tar xz --warning=no-unknown-keyword --overwrite -C /home/runner/_work/_temp/680d366c-9d08-4213-9928-cf477f0bbb11 -f /home/runner/_work/_temp/89e1f887-b758-4343-8775-d9e4e7214246
job-core	Setup Python	2026-02-17T12:37:10.5200173Z Execute installation script
job-core	Setup Python	2026-02-17T12:37:10.5307674Z Check if Python hostedtoolcache folder exist...
job-core	Setup Python	2026-02-17T12:37:10.5308211Z Creating Python hostedtoolcache folder...
job-core	Setup Python	2026-02-17T12:37:10.5324107Z Create Python 3.14.3 folder
job-core	Setup Python	2026-02-17T12:37:10.5340505Z Copy Python binaries to hostedtoolcache folder
job-core	Setup Python	2026-02-17T12:37:11.6145561Z Create additional symlinks (Required for the UsePythonVersion Azure Pipelines task and the setup-python GitHub Action)
job-core	Setup Python	2026-02-17T12:37:11.6192955Z Upgrading pip...
job-core	Setup Python	2026-02-17T12:37:14.0198149Z Looking in links: /tmp/tmpvdllitl2
job-core	Setup Python	2026-02-17T12:37:14.0199051Z Requirement already satisfied: pip in /home/runner/_work/_tool/Python/3.14.3/x64/lib/python3.14/site-packages (25.3)
job-core	Setup Python	2026-02-17T12:37:15.3202446Z Collecting pip
job-core	Setup Python	2026-02-17T12:37:15.4094252Z Downloading pip-26.0.1-py3-none-any.whl.metadata (4.7 kB)
job-core	Setup Python	2026-02-17T12:37:15.4222186Z Downloading pip-26.0.1-py3-none-any.whl (1.8 MB)
job-core	Setup Python	2026-02-17T12:37:15.5031183Z â”â”â”â”â”â”â”â”â”â”â”â”â”â”â”â”â”â”â”â”â”â”â”â”â”â”â”â”â”â”â”â”â”â”â”â”â”â”â”â” 1.8/1.8 MB 38.9 MB/s  0:00:00
job-core	Setup Python	2026-02-17T12:37:15.5032814Z 
job-core	Setup Python	2026-02-17T12:37:15.5321375Z Installing collected packages: pip
job-core	Setup Python	2026-02-17T12:37:15.5321838Z Attempting uninstall: pip
job-core	Setup Python	2026-02-17T12:37:15.5349647Z Found existing installation: pip 25.3
job-core	Setup Python	2026-02-17T12:37:15.5854860Z Uninstalling pip-25.3:
job-core	Setup Python	2026-02-17T12:37:15.5937722Z Successfully uninstalled pip-25.3
job-core	Setup Python	2026-02-17T12:37:16.8011030Z Successfully installed pip-26.0.1
job-core	Setup Python	2026-02-17T12:37:16.8846287Z Create complete file
job-core	Setup Python	2026-02-17T12:37:16.8901176Z Successfully set up CPython (3.14.3)
job-core	Setup Python	2026-02-17T12:37:16.8901960Z ##[endgroup]
job-core	Setup Kubectl Tunnel	ï»¿2026-02-17T12:37:16.9220096Z Prepare all required actions
job-core	Setup Kubectl Tunnel	2026-02-17T12:37:16.9364676Z ##[group]Run ./.github/actions/kubectl-tunnel
job-core	Setup Kubectl Tunnel	2026-02-17T12:37:16.9365034Z with:
job-core	Setup Kubectl Tunnel	2026-02-17T12:37:16.9365356Z   host: ***
job-core	Setup Kubectl Tunnel	2026-02-17T12:37:16.9365599Z   username: ***
job-core	Setup Kubectl Tunnel	2026-02-17T12:37:16.9368880Z   key: ***
job-core	Setup Kubectl Tunnel	2026-02-17T12:37:16.9369139Z   port: ***
job-core	Setup Kubectl Tunnel	2026-02-17T12:37:16.9369372Z   k8s-api-port: 6443
job-core	Setup Kubectl Tunnel	2026-02-17T12:37:16.9369643Z   kubectl-version: v1.30.0
job-core	Setup Kubectl Tunnel	2026-02-17T12:37:16.9369920Z env:
job-core	Setup Kubectl Tunnel	2026-02-17T12:37:16.9370224Z   pythonLocation: /home/runner/_work/_tool/Python/3.14.3/x64
job-core	Setup Kubectl Tunnel	2026-02-17T12:37:16.9370871Z   PKG_CONFIG_PATH: /home/runner/_work/_tool/Python/3.14.3/x64/lib/pkgconfig
job-core	Setup Kubectl Tunnel	2026-02-17T12:37:16.9371386Z   Python_ROOT_DIR: /home/runner/_work/_tool/Python/3.14.3/x64
job-core	Setup Kubectl Tunnel	2026-02-17T12:37:16.9371850Z   Python2_ROOT_DIR: /home/runner/_work/_tool/Python/3.14.3/x64
job-core	Setup Kubectl Tunnel	2026-02-17T12:37:16.9372327Z   Python3_ROOT_DIR: /home/runner/_work/_tool/Python/3.14.3/x64
job-core	Setup Kubectl Tunnel	2026-02-17T12:37:16.9372800Z   LD_LIBRARY_PATH: /home/runner/_work/_tool/Python/3.14.3/x64/lib
job-core	Setup Kubectl Tunnel	2026-02-17T12:37:16.9373231Z ##[endgroup]
job-core	Setup Kubectl Tunnel	2026-02-17T12:37:16.9490097Z ##[group]Run # Download the latest stable release of kubectl
job-core	Setup Kubectl Tunnel	2026-02-17T12:37:16.9490796Z [36;1m# Download the latest stable release of kubectl[0m
job-core	Setup Kubectl Tunnel	2026-02-17T12:37:16.9491446Z [36;1mcurl -LO "https://dl.k8s.io/release/v1.30.0/bin/linux/amd64/kubectl"[0m
job-core	Setup Kubectl Tunnel	2026-02-17T12:37:16.9491881Z [36;1m[0m
job-core	Setup Kubectl Tunnel	2026-02-17T12:37:16.9492385Z [36;1m# Validate binary (optional but recommended in official docs, skipping for speed/simplicity as per request)[0m
job-core	Setup Kubectl Tunnel	2026-02-17T12:37:16.9492974Z [36;1m[0m
job-core	Setup Kubectl Tunnel	2026-02-17T12:37:16.9493193Z [36;1m# Install kubectl[0m
job-core	Setup Kubectl Tunnel	2026-02-17T12:37:16.9493585Z [36;1msudo install -o root -g root -m 0755 kubectl /usr/local/bin/kubectl[0m
job-core	Setup Kubectl Tunnel	2026-02-17T12:37:16.9494006Z [36;1m[0m
job-core	Setup Kubectl Tunnel	2026-02-17T12:37:16.9494229Z [36;1m# Verify installation[0m
job-core	Setup Kubectl Tunnel	2026-02-17T12:37:16.9494547Z [36;1mkubectl version --client[0m
job-core	Setup Kubectl Tunnel	2026-02-17T12:37:16.9515413Z shell: /usr/bin/bash --noprofile --norc -e -o pipefail {0}
job-core	Setup Kubectl Tunnel	2026-02-17T12:37:16.9515820Z env:
job-core	Setup Kubectl Tunnel	2026-02-17T12:37:16.9516152Z   pythonLocation: /home/runner/_work/_tool/Python/3.14.3/x64
job-core	Setup Kubectl Tunnel	2026-02-17T12:37:16.9516661Z   PKG_CONFIG_PATH: /home/runner/_work/_tool/Python/3.14.3/x64/lib/pkgconfig
job-core	Setup Kubectl Tunnel	2026-02-17T12:37:16.9517164Z   Python_ROOT_DIR: /home/runner/_work/_tool/Python/3.14.3/x64
job-core	Setup Kubectl Tunnel	2026-02-17T12:37:16.9518080Z   Python2_ROOT_DIR: /home/runner/_work/_tool/Python/3.14.3/x64
job-core	Setup Kubectl Tunnel	2026-02-17T12:37:16.9518541Z   Python3_ROOT_DIR: /home/runner/_work/_tool/Python/3.14.3/x64
job-core	Setup Kubectl Tunnel	2026-02-17T12:37:16.9519007Z   LD_LIBRARY_PATH: /home/runner/_work/_tool/Python/3.14.3/x64/lib
job-core	Setup Kubectl Tunnel	2026-02-17T12:37:16.9519388Z ##[endgroup]
job-core	Setup Kubectl Tunnel	2026-02-17T12:37:16.9658070Z   % Total    % Received % Xferd  Average Speed   Time    Time     Time  Current
job-core	Setup Kubectl Tunnel	2026-02-17T12:37:16.9658704Z                                  Dload  Upload   Total   Spent    Left  Speed
job-core	Setup Kubectl Tunnel	2026-02-17T12:37:16.9659003Z 
job-core	Setup Kubectl Tunnel	2026-02-17T12:37:17.3531223Z   0     0    0     0    0     0      0      0 --:--:-- --:--:-- --:--:--     0
job-core	Setup Kubectl Tunnel	2026-02-17T12:37:17.7633045Z  60 49.0M   60 29.4M    0     0  76.0M      0 --:--:-- --:--:-- --:--:-- 75.9M
job-core	Setup Kubectl Tunnel	2026-02-17T12:37:17.7634108Z 100 49.0M  100 49.0M    0     0  61.5M      0 --:--:-- --:--:-- --:--:-- 61.4M
job-core	Setup Kubectl Tunnel	2026-02-17T12:37:17.8751660Z Client Version: v1.30.0
job-core	Setup Kubectl Tunnel	2026-02-17T12:37:17.8752237Z Kustomize Version: v5.0.4-0.20230601165947-6ce0bf390ce3
job-core	Setup Kubectl Tunnel	2026-02-17T12:37:17.8841863Z ##[group]Run mkdir -p ~/.ssh
job-core	Setup Kubectl Tunnel	2026-02-17T12:37:17.8842221Z [36;1mmkdir -p ~/.ssh[0m
job-core	Setup Kubectl Tunnel	2026-02-17T12:37:17.8842493Z [36;1m[0m
job-core	Setup Kubectl Tunnel	2026-02-17T12:37:17.8842724Z [36;1m# Write private key[0m
job-core	Setup Kubectl Tunnel	2026-02-17T12:37:17.8843343Z [36;1mecho "***[0m
job-core	Setup Kubectl Tunnel	2026-02-17T12:37:17.8843867Z [36;1m***[0m
job-core	Setup Kubectl Tunnel	2026-02-17T12:37:17.8844364Z [36;1m***[0m
job-core	Setup Kubectl Tunnel	2026-02-17T12:37:17.8844846Z [36;1m***[0m
job-core	Setup Kubectl Tunnel	2026-02-17T12:37:17.8845275Z [36;1m***[0m
job-core	Setup Kubectl Tunnel	2026-02-17T12:37:17.8845707Z [36;1m***[0m
job-core	Setup Kubectl Tunnel	2026-02-17T12:37:17.8846025Z [36;1m***" > ~/.ssh/id_rsa[0m
job-core	Setup Kubectl Tunnel	2026-02-17T12:37:17.8846333Z [36;1mchmod 600 ~/.ssh/id_rsa[0m
job-core	Setup Kubectl Tunnel	2026-02-17T12:37:17.8846618Z [36;1m[0m
job-core	Setup Kubectl Tunnel	2026-02-17T12:37:17.8846862Z [36;1m# Add host key to known_hosts[0m
job-core	Setup Kubectl Tunnel	2026-02-17T12:37:17.8847201Z [36;1mif [ -n "***" ]; then[0m
job-core	Setup Kubectl Tunnel	2026-02-17T12:37:17.8848762Z [36;1m    ssh-keyscan -p *** -H *** >> ~/.ssh/known_hosts 2>/dev/null || echo "Warning: ssh-keyscan failed"[0m
job-core	Setup Kubectl Tunnel	2026-02-17T12:37:17.8849310Z [36;1mfi[0m
job-core	Setup Kubectl Tunnel	2026-02-17T12:37:17.8862647Z shell: /usr/bin/bash --noprofile --norc -e -o pipefail {0}
job-core	Setup Kubectl Tunnel	2026-02-17T12:37:17.8863053Z env:
job-core	Setup Kubectl Tunnel	2026-02-17T12:37:17.8863373Z   pythonLocation: /home/runner/_work/_tool/Python/3.14.3/x64
job-core	Setup Kubectl Tunnel	2026-02-17T12:37:17.8863902Z   PKG_CONFIG_PATH: /home/runner/_work/_tool/Python/3.14.3/x64/lib/pkgconfig
job-core	Setup Kubectl Tunnel	2026-02-17T12:37:17.8864435Z   Python_ROOT_DIR: /home/runner/_work/_tool/Python/3.14.3/x64
job-core	Setup Kubectl Tunnel	2026-02-17T12:37:17.8864915Z   Python2_ROOT_DIR: /home/runner/_work/_tool/Python/3.14.3/x64
job-core	Setup Kubectl Tunnel	2026-02-17T12:37:17.8865392Z   Python3_ROOT_DIR: /home/runner/_work/_tool/Python/3.14.3/x64
job-core	Setup Kubectl Tunnel	2026-02-17T12:37:17.8865879Z   LD_LIBRARY_PATH: /home/runner/_work/_tool/Python/3.14.3/x64/lib
job-core	Setup Kubectl Tunnel	2026-02-17T12:37:17.8866292Z ##[endgroup]
job-core	Setup Kubectl Tunnel	2026-02-17T12:37:18.5162457Z ##[group]Run echo "Starting SSH Tunnel to ***..."
job-core	Setup Kubectl Tunnel	2026-02-17T12:37:18.5162964Z [36;1mecho "Starting SSH Tunnel to ***..."[0m
job-core	Setup Kubectl Tunnel	2026-02-17T12:37:18.5163418Z [36;1m# -f: Background, -N: No command, -L: Local forwarding[0m
job-core	Setup Kubectl Tunnel	2026-02-17T12:37:18.5164002Z [36;1m# Maps LocalPort:RemoteHost:RemotePort. [0m
job-core	Setup Kubectl Tunnel	2026-02-17T12:37:18.5164540Z [36;1m# We map Runner:6443 -> Remote:Localhost:6443 (Assuming API is local to the SSH host)[0m
job-core	Setup Kubectl Tunnel	2026-02-17T12:37:18.5165064Z [36;1mssh -f -N -L 6443:127.0.0.1:6443 \[0m
job-core	Setup Kubectl Tunnel	2026-02-17T12:37:18.5165400Z [36;1m    -p *** \[0m
job-core	Setup Kubectl Tunnel	2026-02-17T12:37:18.5165675Z [36;1m    -i ~/.ssh/id_rsa \[0m
job-core	Setup Kubectl Tunnel	2026-02-17T12:37:18.5166029Z [36;1m    ***@***[0m
job-core	Setup Kubectl Tunnel	2026-02-17T12:37:18.5166272Z [36;1m[0m
job-core	Setup Kubectl Tunnel	2026-02-17T12:37:18.5166547Z [36;1mecho "Tunnel established on 127.0.0.1:6443"[0m
job-core	Setup Kubectl Tunnel	2026-02-17T12:37:18.5181734Z shell: /usr/bin/bash --noprofile --norc -e -o pipefail {0}
job-core	Setup Kubectl Tunnel	2026-02-17T12:37:18.5182179Z env:
job-core	Setup Kubectl Tunnel	2026-02-17T12:37:18.5182512Z   pythonLocation: /home/runner/_work/_tool/Python/3.14.3/x64
job-core	Setup Kubectl Tunnel	2026-02-17T12:37:18.5204532Z   PKG_CONFIG_PATH: /home/runner/_work/_tool/Python/3.14.3/x64/lib/pkgconfig
job-core	Setup Kubectl Tunnel	2026-02-17T12:37:18.5205215Z   Python_ROOT_DIR: /home/runner/_work/_tool/Python/3.14.3/x64
job-core	Setup Kubectl Tunnel	2026-02-17T12:37:18.5205723Z   Python2_ROOT_DIR: /home/runner/_work/_tool/Python/3.14.3/x64
job-core	Setup Kubectl Tunnel	2026-02-17T12:37:18.5206197Z   Python3_ROOT_DIR: /home/runner/_work/_tool/Python/3.14.3/x64
job-core	Setup Kubectl Tunnel	2026-02-17T12:37:18.5206670Z   LD_LIBRARY_PATH: /home/runner/_work/_tool/Python/3.14.3/x64/lib
job-core	Setup Kubectl Tunnel	2026-02-17T12:37:18.5207067Z ##[endgroup]
job-core	Setup Kubectl Tunnel	2026-02-17T12:37:18.5267948Z Starting SSH Tunnel to ***...
job-core	Setup Kubectl Tunnel	2026-02-17T12:37:18.7347031Z Tunnel established on 127.0.0.1:6443
job-core	Setup Kubectl Tunnel	2026-02-17T12:37:18.7418996Z ##[group]Run # Fetch kubeconfig from default location on remote
job-core	Setup Kubectl Tunnel	2026-02-17T12:37:18.7419674Z [36;1m# Fetch kubeconfig from default location on remote[0m
job-core	Setup Kubectl Tunnel	2026-02-17T12:37:18.7420103Z [36;1mecho "Fetching remote kubeconfig..."[0m
job-core	Setup Kubectl Tunnel	2026-02-17T12:37:18.7420977Z [36;1mssh -p *** -i ~/.ssh/id_rsa ***@*** "cat ~/.kube/config" > ./kubeconfig_raw[0m
job-core	Setup Kubectl Tunnel	2026-02-17T12:37:18.7421420Z [36;1m[0m
job-core	Setup Kubectl Tunnel	2026-02-17T12:37:18.7421722Z [36;1m# Patch the server URL to point to the local tunnel[0m
job-core	Setup Kubectl Tunnel	2026-02-17T12:37:18.7422220Z [36;1m# Replaces any IP/Hostname in the server URL with 127.0.0.1[0m
job-core	Setup Kubectl Tunnel	2026-02-17T12:37:18.7422789Z [36;1m# Example: https://***:6443 -> https://127.0.0.1:6443[0m
job-core	Setup Kubectl Tunnel	2026-02-17T12:37:18.7423501Z [36;1msed -E "s/server: https:\/\/[0-9a-zA-Z\.\-]+:6443/server: https:\/\/127.0.0.1:6443/g" ./kubeconfig_raw > ./kubeconfig_tunneled[0m
job-core	Setup Kubectl Tunnel	2026-02-17T12:37:18.7424109Z [36;1m[0m
job-core	Setup Kubectl Tunnel	2026-02-17T12:37:18.7424352Z [36;1m# Move to a standard location[0m
job-core	Setup Kubectl Tunnel	2026-02-17T12:37:18.7424675Z [36;1mmkdir -p ~/.kube[0m
job-core	Setup Kubectl Tunnel	2026-02-17T12:37:18.7424990Z [36;1mmv ./kubeconfig_tunneled ~/.kube/config[0m
job-core	Setup Kubectl Tunnel	2026-02-17T12:37:18.7425349Z [36;1mchmod 600 ~/.kube/config[0m
job-core	Setup Kubectl Tunnel	2026-02-17T12:37:18.7425636Z [36;1m[0m
job-core	Setup Kubectl Tunnel	2026-02-17T12:37:18.7426058Z [36;1m# Set Skip TLS Verify (since certificate is for the private IP/Hostname, not localhost)[0m
job-core	Setup Kubectl Tunnel	2026-02-17T12:37:18.7426749Z [36;1m# We must detect the cluster name dynamically because it might not be 'default'[0m
job-core	Setup Kubectl Tunnel	2026-02-17T12:37:18.7427939Z [36;1m[0m
job-core	Setup Kubectl Tunnel	2026-02-17T12:37:18.7428381Z [36;1mCURRENT_CONTEXT=$(kubectl config current-context)[0m
job-core	Setup Kubectl Tunnel	2026-02-17T12:37:18.7429200Z [36;1mCLUSTER_NAME=$(kubectl config view -o jsonpath="{.contexts[?(@.name=='$CURRENT_CONTEXT')].context.cluster}")[0m
job-core	Setup Kubectl Tunnel	2026-02-17T12:37:18.7429798Z [36;1m[0m
job-core	Setup Kubectl Tunnel	2026-02-17T12:37:18.7430122Z [36;1mecho "Configuring TLS skip for cluster: $CLUSTER_NAME"[0m
job-core	Setup Kubectl Tunnel	2026-02-17T12:37:18.7430526Z [36;1m[0m
job-core	Setup Kubectl Tunnel	2026-02-17T12:37:18.7430818Z [36;1m# Disable TLS verification for the active cluster[0m
job-core	Setup Kubectl Tunnel	2026-02-17T12:37:18.7431374Z [36;1mkubectl config set-cluster "$CLUSTER_NAME" --insecure-skip-tls-verify=true[0m
job-core	Setup Kubectl Tunnel	2026-02-17T12:37:18.7431865Z [36;1m[0m
job-core	Setup Kubectl Tunnel	2026-02-17T12:37:18.7432199Z [36;1m# Unset CA data to ensure insecure mode works (avoid conflicts)[0m
job-core	Setup Kubectl Tunnel	2026-02-17T12:37:18.7432801Z [36;1mkubectl config unset "clusters.$CLUSTER_NAME.certificate-authority-data"[0m
job-core	Setup Kubectl Tunnel	2026-02-17T12:37:18.7433295Z [36;1m[0m
job-core	Setup Kubectl Tunnel	2026-02-17T12:37:18.7433577Z [36;1mecho "path=~/.kube/config" >> $GITHUB_OUTPUT[0m
job-core	Setup Kubectl Tunnel	2026-02-17T12:37:18.7434001Z [36;1mecho "Kubeconfig configured successfully."[0m
job-core	Setup Kubectl Tunnel	2026-02-17T12:37:18.7446897Z shell: /usr/bin/bash --noprofile --norc -e -o pipefail {0}
job-core	Setup Kubectl Tunnel	2026-02-17T12:37:18.7447442Z env:
job-core	Setup Kubectl Tunnel	2026-02-17T12:37:18.7447768Z   pythonLocation: /home/runner/_work/_tool/Python/3.14.3/x64
job-core	Setup Kubectl Tunnel	2026-02-17T12:37:18.7448302Z   PKG_CONFIG_PATH: /home/runner/_work/_tool/Python/3.14.3/x64/lib/pkgconfig
job-core	Setup Kubectl Tunnel	2026-02-17T12:37:18.7448830Z   Python_ROOT_DIR: /home/runner/_work/_tool/Python/3.14.3/x64
job-core	Setup Kubectl Tunnel	2026-02-17T12:37:18.7449307Z   Python2_ROOT_DIR: /home/runner/_work/_tool/Python/3.14.3/x64
job-core	Setup Kubectl Tunnel	2026-02-17T12:37:18.7449789Z   Python3_ROOT_DIR: /home/runner/_work/_tool/Python/3.14.3/x64
job-core	Setup Kubectl Tunnel	2026-02-17T12:37:18.7450271Z   LD_LIBRARY_PATH: /home/runner/_work/_tool/Python/3.14.3/x64/lib
job-core	Setup Kubectl Tunnel	2026-02-17T12:37:18.7450672Z ##[endgroup]
job-core	Setup Kubectl Tunnel	2026-02-17T12:37:18.7497115Z Fetching remote kubeconfig...
job-core	Setup Kubectl Tunnel	2026-02-17T12:37:19.4208521Z Configuring TLS skip for cluster: kubernetes
job-core	Setup Kubectl Tunnel	2026-02-17T12:37:19.4621922Z Cluster "kubernetes" set.
job-core	Setup Kubectl Tunnel	2026-02-17T12:37:19.5041776Z Property "clusters.kubernetes.certificate-authority-data" unset.
job-core	Setup Kubectl Tunnel	2026-02-17T12:37:19.5071067Z Kubeconfig configured successfully.
job-core	Setup Kubectl Tunnel	2026-02-17T12:37:19.5120566Z ##[group]Run kubectl get nodes
job-core	Setup Kubectl Tunnel	2026-02-17T12:37:19.5120917Z [36;1mkubectl get nodes[0m
job-core	Setup Kubectl Tunnel	2026-02-17T12:37:19.5134116Z shell: /usr/bin/bash --noprofile --norc -e -o pipefail {0}
job-core	Setup Kubectl Tunnel	2026-02-17T12:37:19.5134523Z env:
job-core	Setup Kubectl Tunnel	2026-02-17T12:37:19.5134840Z   pythonLocation: /home/runner/_work/_tool/Python/3.14.3/x64
job-core	Setup Kubectl Tunnel	2026-02-17T12:37:19.5135373Z   PKG_CONFIG_PATH: /home/runner/_work/_tool/Python/3.14.3/x64/lib/pkgconfig
job-core	Setup Kubectl Tunnel	2026-02-17T12:37:19.5135900Z   Python_ROOT_DIR: /home/runner/_work/_tool/Python/3.14.3/x64
job-core	Setup Kubectl Tunnel	2026-02-17T12:37:19.5136377Z   Python2_ROOT_DIR: /home/runner/_work/_tool/Python/3.14.3/x64
job-core	Setup Kubectl Tunnel	2026-02-17T12:37:19.5136860Z   Python3_ROOT_DIR: /home/runner/_work/_tool/Python/3.14.3/x64
job-core	Setup Kubectl Tunnel	2026-02-17T12:37:19.5137662Z   LD_LIBRARY_PATH: /home/runner/_work/_tool/Python/3.14.3/x64/lib
job-core	Setup Kubectl Tunnel	2026-02-17T12:37:19.5138066Z ##[endgroup]
job-core	Setup Kubectl Tunnel	2026-02-17T12:37:19.6034271Z NAME         STATUS                     ROLES           AGE   VERSION
job-core	Setup Kubectl Tunnel	2026-02-17T12:37:19.6035026Z k8-manager   Ready                      control-plane   60d   v1.32.11
job-core	Setup Kubectl Tunnel	2026-02-17T12:37:19.6035680Z k8-node-20   Ready                      <none>          60d   v1.32.11
job-core	Setup Kubectl Tunnel	2026-02-17T12:37:19.6036359Z k8-node-30   Ready,SchedulingDisabled   <none>          40d   v1.32.11
job-core	Setup Kubectl Tunnel	2026-02-17T12:37:19.6037055Z k8-node-40   Ready,SchedulingDisabled   <none>          12d   v1.32.11
job-core	Detect Unhealthy Nodes	ï»¿2026-02-17T12:37:19.6172623Z ##[group]Run chmod +x .github/scripts/watchdog-disk-pressure.py
job-core	Detect Unhealthy Nodes	2026-02-17T12:37:19.6173373Z [36;1mchmod +x .github/scripts/watchdog-disk-pressure.py[0m
job-core	Detect Unhealthy Nodes	2026-02-17T12:37:19.6174049Z [36;1mNODES=$(python3 .github/scripts/watchdog-disk-pressure.py)[0m
job-core	Detect Unhealthy Nodes	2026-02-17T12:37:19.6174597Z [36;1m[0m
job-core	Detect Unhealthy Nodes	2026-02-17T12:37:19.6174900Z [36;1mif [ -z "$NODES" ]; then[0m
job-core	Detect Unhealthy Nodes	2026-02-17T12:37:19.6175417Z [36;1m  echo "âœ… All nodes are healthy (No DiskPressure)."[0m
job-core	Detect Unhealthy Nodes	2026-02-17T12:37:19.6175948Z [36;1m  echo "nodes=" >> $GITHUB_OUTPUT[0m
job-core	Detect Unhealthy Nodes	2026-02-17T12:37:19.6176356Z [36;1melse[0m
job-core	Detect Unhealthy Nodes	2026-02-17T12:37:19.6176725Z [36;1m  echo "âš ï¸ Found nodes with DiskPressure:"[0m
job-core	Detect Unhealthy Nodes	2026-02-17T12:37:19.6177186Z [36;1m  echo "$NODES"[0m
job-core	Detect Unhealthy Nodes	2026-02-17T12:37:19.6184530Z [36;1m  # Replace newlines with spaces or keep as multiline for output? [0m
job-core	Detect Unhealthy Nodes	2026-02-17T12:37:19.6185376Z [36;1m  # Multiline strings in output are tricky. Let's use JSON or just space separated.[0m
job-core	Detect Unhealthy Nodes	2026-02-17T12:37:19.6186225Z [36;1m  # For loop below handles space separated fine if names don't have spaces.[0m
job-core	Detect Unhealthy Nodes	2026-02-17T12:37:19.6186949Z [36;1m  NODES_FLAT=$(echo "$NODES" | tr '\n' ' ')[0m
job-core	Detect Unhealthy Nodes	2026-02-17T12:37:19.6187607Z [36;1m  echo "nodes=$NODES_FLAT" >> $GITHUB_OUTPUT[0m
job-core	Detect Unhealthy Nodes	2026-02-17T12:37:19.6188061Z [36;1mfi[0m
job-core	Detect Unhealthy Nodes	2026-02-17T12:37:19.6205805Z shell: /usr/bin/bash -e {0}
job-core	Detect Unhealthy Nodes	2026-02-17T12:37:19.6206192Z env:
job-core	Detect Unhealthy Nodes	2026-02-17T12:37:19.6206631Z   pythonLocation: /home/runner/_work/_tool/Python/3.14.3/x64
job-core	Detect Unhealthy Nodes	2026-02-17T12:37:19.6207505Z   PKG_CONFIG_PATH: /home/runner/_work/_tool/Python/3.14.3/x64/lib/pkgconfig
job-core	Detect Unhealthy Nodes	2026-02-17T12:37:19.6208197Z   Python_ROOT_DIR: /home/runner/_work/_tool/Python/3.14.3/x64
job-core	Detect Unhealthy Nodes	2026-02-17T12:37:19.6208815Z   Python2_ROOT_DIR: /home/runner/_work/_tool/Python/3.14.3/x64
job-core	Detect Unhealthy Nodes	2026-02-17T12:37:19.6209425Z   Python3_ROOT_DIR: /home/runner/_work/_tool/Python/3.14.3/x64
job-core	Detect Unhealthy Nodes	2026-02-17T12:37:19.6210039Z   LD_LIBRARY_PATH: /home/runner/_work/_tool/Python/3.14.3/x64/lib
job-core	Detect Unhealthy Nodes	2026-02-17T12:37:19.6210558Z ##[endgroup]
job-core	Detect Unhealthy Nodes	2026-02-17T12:37:19.7408545Z âœ… All nodes are healthy (No DiskPressure).
job-core	Post Setup Python	ï»¿2026-02-17T12:37:19.7617120Z Post job cleanup.
job-core	Post Checkout	ï»¿2026-02-17T12:37:19.9555400Z Post job cleanup.
job-core	Post Checkout	2026-02-17T12:37:20.0630021Z [command]/usr/bin/git version
job-core	Post Checkout	2026-02-17T12:37:20.0672402Z git version 2.52.0
job-core	Post Checkout	2026-02-17T12:37:20.0722852Z Temporarily overriding HOME='/home/runner/_work/_temp/d68f1415-512b-45f8-8af8-5350c2c1f396' before making global git config changes
job-core	Post Checkout	2026-02-17T12:37:20.0723794Z Adding repository directory to the temporary git global config as a safe directory
job-core	Post Checkout	2026-02-17T12:37:20.0728730Z [command]/usr/bin/git config --global --add safe.directory /home/runner/_work/ka0s/ka0s
job-core	Post Checkout	2026-02-17T12:37:20.0775927Z [command]/usr/bin/git config --local --name-only --get-regexp core\.sshCommand
job-core	Post Checkout	2026-02-17T12:37:20.0828469Z [command]/usr/bin/git submodule foreach --recursive sh -c "git config --local --name-only --get-regexp 'core\.sshCommand' && git config --local --unset-all 'core.sshCommand' || :"
job-core	Post Checkout	2026-02-17T12:37:20.1168166Z [command]/usr/bin/git config --local --name-only --get-regexp http\.https\:\/\/github\.com\/\.extraheader
job-core	Post Checkout	2026-02-17T12:37:20.1200617Z http.https://github.com/.extraheader
job-core	Post Checkout	2026-02-17T12:37:20.1214299Z [command]/usr/bin/git config --local --unset-all http.https://github.com/.extraheader
job-core	Post Checkout	2026-02-17T12:37:20.1259065Z [command]/usr/bin/git submodule foreach --recursive sh -c "git config --local --name-only --get-regexp 'http\.https\:\/\/github\.com\/\.extraheader' && git config --local --unset-all 'http.https://github.com/.extraheader' || :"
job-core	Post Checkout	2026-02-17T12:37:20.1607176Z [command]/usr/bin/git config --local --name-only --get-regexp ^includeIf\.gitdir:
job-core	Post Checkout	2026-02-17T12:37:20.1653343Z [command]/usr/bin/git submodule foreach --recursive git config --local --show-origin --name-only --get-regexp remote.origin.url
job-core	Complete job	ï»¿2026-02-17T12:37:20.2171524Z Evaluate and set job outputs
job-core	Complete job	2026-02-17T12:37:20.2180343Z Cleaning up orphan processes
job-core	Complete job	2026-02-17T12:37:20.2226332Z Terminate orphan process: pid (261) (ssh)
handle-success	Set up job	ï»¿2026-02-17T12:37:34.3831758Z Current runner version: '2.331.0'
handle-success	Set up job	2026-02-17T12:37:34.3840797Z Runner name: 'swarm-runners-scaleset-hkss5-runner-mjvmm'
handle-success	Set up job	2026-02-17T12:37:34.3841787Z Runner group name: 'Default'
handle-success	Set up job	2026-02-17T12:37:34.3842774Z Machine name: 'swarm-runners-scaleset-hkss5-runner-mjvmm'
handle-success	Set up job	2026-02-17T12:37:34.3846598Z ##[group]GITHUB_TOKEN Permissions
handle-success	Set up job	2026-02-17T12:37:34.3849506Z Actions: write
handle-success	Set up job	2026-02-17T12:37:34.3850149Z Contents: read
handle-success	Set up job	2026-02-17T12:37:34.3850661Z Metadata: read
handle-success	Set up job	2026-02-17T12:37:34.3851405Z ##[endgroup]
handle-success	Set up job	2026-02-17T12:37:34.3853503Z Secret source: Actions
handle-success	Set up job	2026-02-17T12:37:34.3854239Z Prepare workflow directory
handle-success	Set up job	2026-02-17T12:37:34.4394855Z Prepare all required actions
handle-success	Set up job	2026-02-17T12:37:34.4436962Z Getting action download info
handle-success	Set up job	2026-02-17T12:37:35.0470537Z Download action repository 'actions/checkout@v4' (SHA:34e114876b0b11c390a56381ad16ebd13914f8d5)
handle-success	Set up job	2026-02-17T12:37:36.0349188Z Complete job name: handle-success
handle-success	Log Success	ï»¿2026-02-17T12:37:36.0871311Z ##[group]Run echo "Watchdog scan completed successfully."
handle-success	Log Success	2026-02-17T12:37:36.0872490Z [36;1mecho "Watchdog scan completed successfully."[0m
handle-success	Log Success	2026-02-17T12:37:36.0891664Z shell: /usr/bin/bash -e {0}
handle-success	Log Success	2026-02-17T12:37:36.0892522Z env:
handle-success	Log Success	2026-02-17T12:37:36.0893241Z   GH_TOKEN: ***
handle-success	Log Success	2026-02-17T12:37:36.0893683Z ##[endgroup]
handle-success	Log Success	2026-02-17T12:37:36.1014728Z Watchdog scan completed successfully.
handle-success	Checkout Repository	ï»¿2026-02-17T12:37:36.1308604Z ##[group]Run actions/checkout@v4
handle-success	Checkout Repository	2026-02-17T12:37:36.1309328Z with:
handle-success	Checkout Repository	2026-02-17T12:37:36.1309744Z   fetch-depth: 0
handle-success	Checkout Repository	2026-02-17T12:37:36.1310198Z   repository: Ka0s-Klaus/ka0s
handle-success	Checkout Repository	2026-02-17T12:37:36.1311449Z   token: ***
handle-success	Checkout Repository	2026-02-17T12:37:36.1311907Z   ssh-strict: true
handle-success	Checkout Repository	2026-02-17T12:37:36.1312507Z   ssh-user: git
handle-success	Checkout Repository	2026-02-17T12:37:36.1312961Z   persist-credentials: true
handle-success	Checkout Repository	2026-02-17T12:37:36.1313475Z   clean: true
handle-success	Checkout Repository	2026-02-17T12:37:36.1313930Z   sparse-checkout-cone-mode: true
handle-success	Checkout Repository	2026-02-17T12:37:36.1314483Z   fetch-tags: false
handle-success	Checkout Repository	2026-02-17T12:37:36.1314934Z   show-progress: true
handle-success	Checkout Repository	2026-02-17T12:37:36.1315380Z   lfs: false
handle-success	Checkout Repository	2026-02-17T12:37:36.1315803Z   submodules: false
handle-success	Checkout Repository	2026-02-17T12:37:36.1316300Z   set-safe-directory: true
handle-success	Checkout Repository	2026-02-17T12:37:36.1316784Z env:
handle-success	Checkout Repository	2026-02-17T12:37:36.1317704Z   GH_TOKEN: ***
handle-success	Checkout Repository	2026-02-17T12:37:36.1318189Z ##[endgroup]
handle-success	Checkout Repository	2026-02-17T12:37:36.2595145Z Syncing repository: Ka0s-Klaus/ka0s
handle-success	Checkout Repository	2026-02-17T12:37:36.2597661Z ##[group]Getting Git version info
handle-success	Checkout Repository	2026-02-17T12:37:36.2598452Z Working directory is '/home/runner/_work/ka0s/ka0s'
handle-success	Checkout Repository	2026-02-17T12:37:36.2599632Z [command]/usr/bin/git version
handle-success	Checkout Repository	2026-02-17T12:37:36.2600184Z git version 2.52.0
handle-success	Checkout Repository	2026-02-17T12:37:36.2601891Z ##[endgroup]
handle-success	Checkout Repository	2026-02-17T12:37:36.2607265Z Temporarily overriding HOME='/home/runner/_work/_temp/0c69d0cc-ca3e-4f16-ab98-52c59f2974c8' before making global git config changes
handle-success	Checkout Repository	2026-02-17T12:37:36.2609693Z Adding repository directory to the temporary git global config as a safe directory
handle-success	Checkout Repository	2026-02-17T12:37:36.2611015Z [command]/usr/bin/git config --global --add safe.directory /home/runner/_work/ka0s/ka0s
handle-success	Checkout Repository	2026-02-17T12:37:36.2654516Z Deleting the contents of '/home/runner/_work/ka0s/ka0s'
handle-success	Checkout Repository	2026-02-17T12:37:36.2659944Z ##[group]Initializing the repository
handle-success	Checkout Repository	2026-02-17T12:37:36.2664028Z [command]/usr/bin/git init /home/runner/_work/ka0s/ka0s
handle-success	Checkout Repository	2026-02-17T12:37:36.2723558Z hint: Using 'master' as the name for the initial branch. This default branch name
handle-success	Checkout Repository	2026-02-17T12:37:36.2724999Z hint: will change to "main" in Git 3.0. To configure the initial branch name
handle-success	Checkout Repository	2026-02-17T12:37:36.2726323Z hint: to use in all of your new repositories, which will suppress this warning,
handle-success	Checkout Repository	2026-02-17T12:37:36.2727822Z hint: call:
handle-success	Checkout Repository	2026-02-17T12:37:36.2728342Z hint:
handle-success	Checkout Repository	2026-02-17T12:37:36.2728906Z hint: 	git config --global init.defaultBranch <name>
handle-success	Checkout Repository	2026-02-17T12:37:36.2729586Z hint:
handle-success	Checkout Repository	2026-02-17T12:37:36.2730238Z hint: Names commonly chosen instead of 'master' are 'main', 'trunk' and
handle-success	Checkout Repository	2026-02-17T12:37:36.2731332Z hint: 'development'. The just-created branch can be renamed via this command:
handle-success	Checkout Repository	2026-02-17T12:37:36.2732301Z hint:
handle-success	Checkout Repository	2026-02-17T12:37:36.2732782Z hint: 	git branch -m <name>
handle-success	Checkout Repository	2026-02-17T12:37:36.2733369Z hint:
handle-success	Checkout Repository	2026-02-17T12:37:36.2734942Z hint: Disable this message with "git config set advice.defaultBranchName false"
handle-success	Checkout Repository	2026-02-17T12:37:36.2737085Z Initialized empty Git repository in /home/runner/_work/ka0s/ka0s/.git/
handle-success	Checkout Repository	2026-02-17T12:37:36.2742775Z [command]/usr/bin/git remote add origin https://github.com/Ka0s-Klaus/ka0s
handle-success	Checkout Repository	2026-02-17T12:37:36.2788994Z ##[endgroup]
handle-success	Checkout Repository	2026-02-17T12:37:36.2789941Z ##[group]Disabling automatic garbage collection
handle-success	Checkout Repository	2026-02-17T12:37:36.2792365Z [command]/usr/bin/git config --local gc.auto 0
handle-success	Checkout Repository	2026-02-17T12:37:36.2840790Z ##[endgroup]
handle-success	Checkout Repository	2026-02-17T12:37:36.2841707Z ##[group]Setting up auth
handle-success	Checkout Repository	2026-02-17T12:37:36.2842599Z [command]/usr/bin/git config --local --name-only --get-regexp core\.sshCommand
handle-success	Checkout Repository	2026-02-17T12:37:36.2881750Z [command]/usr/bin/git submodule foreach --recursive sh -c "git config --local --name-only --get-regexp 'core\.sshCommand' && git config --local --unset-all 'core.sshCommand' || :"
handle-success	Checkout Repository	2026-02-17T12:37:36.3207431Z [command]/usr/bin/git config --local --name-only --get-regexp http\.https\:\/\/github\.com\/\.extraheader
handle-success	Checkout Repository	2026-02-17T12:37:36.3247207Z [command]/usr/bin/git submodule foreach --recursive sh -c "git config --local --name-only --get-regexp 'http\.https\:\/\/github\.com\/\.extraheader' && git config --local --unset-all 'http.https://github.com/.extraheader' || :"
handle-success	Checkout Repository	2026-02-17T12:37:36.3582044Z [command]/usr/bin/git config --local --name-only --get-regexp ^includeIf\.gitdir:
handle-success	Checkout Repository	2026-02-17T12:37:36.3624561Z [command]/usr/bin/git submodule foreach --recursive git config --local --show-origin --name-only --get-regexp remote.origin.url
handle-success	Checkout Repository	2026-02-17T12:37:36.3959788Z [command]/usr/bin/git config --local http.https://github.com/.extraheader AUTHORIZATION: basic ***
handle-success	Checkout Repository	2026-02-17T12:37:36.4021976Z ##[endgroup]
handle-success	Checkout Repository	2026-02-17T12:37:36.4022934Z ##[group]Fetching the repository
handle-success	Checkout Repository	2026-02-17T12:37:36.4030307Z [command]/usr/bin/git -c protocol.version=2 fetch --prune --no-recurse-submodules origin +refs/heads/*:refs/remotes/origin/* +refs/tags/*:refs/tags/*
handle-success	Checkout Repository	2026-02-17T12:37:57.9833089Z From https://github.com/Ka0s-Klaus/ka0s
handle-success	Checkout Repository	2026-02-17T12:37:57.9833899Z  * [new branch]          F3450-modelo-operativo -> origin/F3450-modelo-operativo
handle-success	Checkout Repository	2026-02-17T12:37:57.9834647Z  * [new branch]          H1276-modulo-observabilidad -> origin/H1276-modulo-observabilidad
handle-success	Checkout Repository	2026-02-17T12:37:57.9835327Z  * [new branch]          H3266-deploy-zabbix    -> origin/H3266-deploy-zabbix
handle-success	Checkout Repository	2026-02-17T12:37:57.9838015Z  * [new branch]          H3596-deploy-itop      -> origin/H3596-deploy-itop
handle-success	Checkout Repository	2026-02-17T12:37:57.9838723Z  * [new branch]          main                   -> origin/main
handle-success	Checkout Repository	2026-02-17T12:37:57.9839144Z  * [new tag]             0.0.0                  -> 0.0.0
handle-success	Checkout Repository	2026-02-17T12:37:57.9839540Z  * [new tag]             0.0.1                  -> 0.0.1
handle-success	Checkout Repository	2026-02-17T12:37:57.9839934Z  * [new tag]             0.0.10                 -> 0.0.10
handle-success	Checkout Repository	2026-02-17T12:37:57.9840367Z  * [new tag]             0.0.100                -> 0.0.100
handle-success	Checkout Repository	2026-02-17T12:37:57.9840762Z  * [new tag]             0.0.101                -> 0.0.101
handle-success	Checkout Repository	2026-02-17T12:37:57.9841209Z  * [new tag]             0.0.102                -> 0.0.102
handle-success	Checkout Repository	2026-02-17T12:37:57.9841843Z  * [new tag]             0.0.103                -> 0.0.103
handle-success	Checkout Repository	2026-02-17T12:37:57.9842285Z  * [new tag]             0.0.104                -> 0.0.104
handle-success	Checkout Repository	2026-02-17T12:37:57.9842737Z  * [new tag]             0.0.105                -> 0.0.105
handle-success	Checkout Repository	2026-02-17T12:37:57.9843182Z  * [new tag]             0.0.106                -> 0.0.106
handle-success	Checkout Repository	2026-02-17T12:37:57.9843604Z  * [new tag]             0.0.107                -> 0.0.107
handle-success	Checkout Repository	2026-02-17T12:37:57.9844066Z  * [new tag]             0.0.108                -> 0.0.108
handle-success	Checkout Repository	2026-02-17T12:37:57.9844512Z  * [new tag]             0.0.109                -> 0.0.109
handle-success	Checkout Repository	2026-02-17T12:37:57.9844915Z  * [new tag]             0.0.11                 -> 0.0.11
handle-success	Checkout Repository	2026-02-17T12:37:57.9845326Z  * [new tag]             0.0.110                -> 0.0.110
handle-success	Checkout Repository	2026-02-17T12:37:57.9869355Z  * [new tag]             0.0.111                -> 0.0.111
handle-success	Checkout Repository	2026-02-17T12:37:57.9869919Z  * [new tag]             0.0.112                -> 0.0.112
handle-success	Checkout Repository	2026-02-17T12:37:57.9870346Z  * [new tag]             0.0.113                -> 0.0.113
handle-success	Checkout Repository	2026-02-17T12:37:57.9871325Z  * [new tag]             0.0.114                -> 0.0.114
handle-success	Checkout Repository	2026-02-17T12:37:57.9871739Z  * [new tag]             0.0.115                -> 0.0.115
handle-success	Checkout Repository	2026-02-17T12:37:57.9872145Z  * [new tag]             0.0.116                -> 0.0.116
handle-success	Checkout Repository	2026-02-17T12:37:57.9872559Z  * [new tag]             0.0.117                -> 0.0.117
handle-success	Checkout Repository	2026-02-17T12:37:57.9873007Z  * [new tag]             0.0.118                -> 0.0.118
handle-success	Checkout Repository	2026-02-17T12:37:57.9873512Z  * [new tag]             0.0.119                -> 0.0.119
handle-success	Checkout Repository	2026-02-17T12:37:57.9874164Z  * [new tag]             0.0.12                 -> 0.0.12
handle-success	Checkout Repository	2026-02-17T12:37:57.9874572Z  * [new tag]             0.0.120                -> 0.0.120
handle-success	Checkout Repository	2026-02-17T12:37:57.9874969Z  * [new tag]             0.0.121                -> 0.0.121
handle-success	Checkout Repository	2026-02-17T12:37:57.9875368Z  * [new tag]             0.0.122                -> 0.0.122
handle-success	Checkout Repository	2026-02-17T12:37:57.9875764Z  * [new tag]             0.0.123                -> 0.0.123
handle-success	Checkout Repository	2026-02-17T12:37:57.9876157Z  * [new tag]             0.0.124                -> 0.0.124
handle-success	Checkout Repository	2026-02-17T12:37:57.9876572Z  * [new tag]             0.0.125                -> 0.0.125
handle-success	Checkout Repository	2026-02-17T12:37:57.9876972Z  * [new tag]             0.0.126                -> 0.0.126
handle-success	Checkout Repository	2026-02-17T12:37:57.9883010Z  * [new tag]             0.0.127                -> 0.0.127
handle-success	Checkout Repository	2026-02-17T12:37:57.9883985Z  * [new tag]             0.0.128                -> 0.0.128
handle-success	Checkout Repository	2026-02-17T12:37:57.9884400Z  * [new tag]             0.0.129                -> 0.0.129
handle-success	Checkout Repository	2026-02-17T12:37:57.9884801Z  * [new tag]             0.0.13                 -> 0.0.13
handle-success	Checkout Repository	2026-02-17T12:37:57.9885195Z  * [new tag]             0.0.130                -> 0.0.130
handle-success	Checkout Repository	2026-02-17T12:37:57.9885594Z  * [new tag]             0.0.131                -> 0.0.131
handle-success	Checkout Repository	2026-02-17T12:37:57.9885986Z  * [new tag]             0.0.132                -> 0.0.132
handle-success	Checkout Repository	2026-02-17T12:37:57.9886377Z  * [new tag]             0.0.133                -> 0.0.133
handle-success	Checkout Repository	2026-02-17T12:37:57.9886765Z  * [new tag]             0.0.134                -> 0.0.134
handle-success	Checkout Repository	2026-02-17T12:37:57.9887200Z  * [new tag]             0.0.135                -> 0.0.135
handle-success	Checkout Repository	2026-02-17T12:37:57.9887813Z  * [new tag]             0.0.136                -> 0.0.136
handle-success	Checkout Repository	2026-02-17T12:37:57.9888215Z  * [new tag]             0.0.137                -> 0.0.137
handle-success	Checkout Repository	2026-02-17T12:37:57.9888611Z  * [new tag]             0.0.138                -> 0.0.138
handle-success	Checkout Repository	2026-02-17T12:37:57.9889344Z  * [new tag]             0.0.139                -> 0.0.139
handle-success	Checkout Repository	2026-02-17T12:37:57.9889756Z  * [new tag]             0.0.14                 -> 0.0.14
handle-success	Checkout Repository	2026-02-17T12:37:57.9890154Z  * [new tag]             0.0.140                -> 0.0.140
handle-success	Checkout Repository	2026-02-17T12:37:57.9890550Z  * [new tag]             0.0.141                -> 0.0.141
handle-success	Checkout Repository	2026-02-17T12:37:57.9890949Z  * [new tag]             0.0.142                -> 0.0.142
handle-success	Checkout Repository	2026-02-17T12:37:57.9891341Z  * [new tag]             0.0.143                -> 0.0.143
handle-success	Checkout Repository	2026-02-17T12:37:57.9891736Z  * [new tag]             0.0.144                -> 0.0.144
handle-success	Checkout Repository	2026-02-17T12:37:57.9892132Z  * [new tag]             0.0.145                -> 0.0.145
handle-success	Checkout Repository	2026-02-17T12:37:57.9892545Z  * [new tag]             0.0.146                -> 0.0.146
handle-success	Checkout Repository	2026-02-17T12:37:57.9892938Z  * [new tag]             0.0.147                -> 0.0.147
handle-success	Checkout Repository	2026-02-17T12:37:57.9893337Z  * [new tag]             0.0.148                -> 0.0.148
handle-success	Checkout Repository	2026-02-17T12:37:57.9893730Z  * [new tag]             0.0.149                -> 0.0.149
handle-success	Checkout Repository	2026-02-17T12:37:57.9894136Z  * [new tag]             0.0.15                 -> 0.0.15
handle-success	Checkout Repository	2026-02-17T12:37:57.9894534Z  * [new tag]             0.0.150                -> 0.0.150
handle-success	Checkout Repository	2026-02-17T12:37:57.9894957Z  * [new tag]             0.0.151                -> 0.0.151
handle-success	Checkout Repository	2026-02-17T12:37:57.9895400Z  * [new tag]             0.0.152                -> 0.0.152
handle-success	Checkout Repository	2026-02-17T12:37:57.9895797Z  * [new tag]             0.0.153                -> 0.0.153
handle-success	Checkout Repository	2026-02-17T12:37:57.9896191Z  * [new tag]             0.0.154                -> 0.0.154
handle-success	Checkout Repository	2026-02-17T12:37:57.9896587Z  * [new tag]             0.0.155                -> 0.0.155
handle-success	Checkout Repository	2026-02-17T12:37:57.9896982Z  * [new tag]             0.0.156                -> 0.0.156
handle-success	Checkout Repository	2026-02-17T12:37:57.9897814Z  * [new tag]             0.0.157                -> 0.0.157
handle-success	Checkout Repository	2026-02-17T12:37:57.9898223Z  * [new tag]             0.0.158                -> 0.0.158
handle-success	Checkout Repository	2026-02-17T12:37:57.9898633Z  * [new tag]             0.0.159                -> 0.0.159
handle-success	Checkout Repository	2026-02-17T12:37:57.9899059Z  * [new tag]             0.0.16                 -> 0.0.16
handle-success	Checkout Repository	2026-02-17T12:37:57.9899465Z  * [new tag]             0.0.160                -> 0.0.160
handle-success	Checkout Repository	2026-02-17T12:37:57.9899883Z  * [new tag]             0.0.161                -> 0.0.161
handle-success	Checkout Repository	2026-02-17T12:37:57.9900287Z  * [new tag]             0.0.162                -> 0.0.162
handle-success	Checkout Repository	2026-02-17T12:37:57.9900816Z  * [new tag]             0.0.163                -> 0.0.163
handle-success	Checkout Repository	2026-02-17T12:37:57.9901210Z  * [new tag]             0.0.164                -> 0.0.164
handle-success	Checkout Repository	2026-02-17T12:37:57.9901617Z  * [new tag]             0.0.165                -> 0.0.165
handle-success	Checkout Repository	2026-02-17T12:37:57.9902021Z  * [new tag]             0.0.166                -> 0.0.166
handle-success	Checkout Repository	2026-02-17T12:37:57.9902430Z  * [new tag]             0.0.167                -> 0.0.167
handle-success	Checkout Repository	2026-02-17T12:37:57.9902826Z  * [new tag]             0.0.168                -> 0.0.168
handle-success	Checkout Repository	2026-02-17T12:37:57.9903223Z  * [new tag]             0.0.169                -> 0.0.169
handle-success	Checkout Repository	2026-02-17T12:37:57.9903620Z  * [new tag]             0.0.17                 -> 0.0.17
handle-success	Checkout Repository	2026-02-17T12:37:57.9904222Z  * [new tag]             0.0.170                -> 0.0.170
handle-success	Checkout Repository	2026-02-17T12:37:57.9904629Z  * [new tag]             0.0.171                -> 0.0.171
handle-success	Checkout Repository	2026-02-17T12:37:57.9905027Z  * [new tag]             0.0.172                -> 0.0.172
handle-success	Checkout Repository	2026-02-17T12:37:57.9905419Z  * [new tag]             0.0.173                -> 0.0.173
handle-success	Checkout Repository	2026-02-17T12:37:57.9905814Z  * [new tag]             0.0.174                -> 0.0.174
handle-success	Checkout Repository	2026-02-17T12:37:57.9906210Z  * [new tag]             0.0.175                -> 0.0.175
handle-success	Checkout Repository	2026-02-17T12:37:57.9906609Z  * [new tag]             0.0.176                -> 0.0.176
handle-success	Checkout Repository	2026-02-17T12:37:57.9906998Z  * [new tag]             0.0.177                -> 0.0.177
handle-success	Checkout Repository	2026-02-17T12:37:57.9907663Z  * [new tag]             0.0.178                -> 0.0.178
handle-success	Checkout Repository	2026-02-17T12:37:57.9908204Z  * [new tag]             0.0.179                -> 0.0.179
handle-success	Checkout Repository	2026-02-17T12:37:57.9908598Z  * [new tag]             0.0.18                 -> 0.0.18
handle-success	Checkout Repository	2026-02-17T12:37:57.9908997Z  * [new tag]             0.0.19                 -> 0.0.19
handle-success	Checkout Repository	2026-02-17T12:37:57.9909400Z  * [new tag]             0.0.2                  -> 0.0.2
handle-success	Checkout Repository	2026-02-17T12:37:57.9909802Z  * [new tag]             0.0.20                 -> 0.0.20
handle-success	Checkout Repository	2026-02-17T12:37:57.9910193Z  * [new tag]             0.0.21                 -> 0.0.21
handle-success	Checkout Repository	2026-02-17T12:37:57.9910588Z  * [new tag]             0.0.22                 -> 0.0.22
handle-success	Checkout Repository	2026-02-17T12:37:57.9910979Z  * [new tag]             0.0.23                 -> 0.0.23
handle-success	Checkout Repository	2026-02-17T12:37:57.9911372Z  * [new tag]             0.0.24                 -> 0.0.24
handle-success	Checkout Repository	2026-02-17T12:37:57.9911765Z  * [new tag]             0.0.25                 -> 0.0.25
handle-success	Checkout Repository	2026-02-17T12:37:57.9912154Z  * [new tag]             0.0.26                 -> 0.0.26
handle-success	Checkout Repository	2026-02-17T12:37:57.9912560Z  * [new tag]             0.0.27                 -> 0.0.27
handle-success	Checkout Repository	2026-02-17T12:37:57.9912951Z  * [new tag]             0.0.28                 -> 0.0.28
handle-success	Checkout Repository	2026-02-17T12:37:57.9913347Z  * [new tag]             0.0.29                 -> 0.0.29
handle-success	Checkout Repository	2026-02-17T12:37:57.9913753Z  * [new tag]             0.0.3                  -> 0.0.3
handle-success	Checkout Repository	2026-02-17T12:37:57.9914142Z  * [new tag]             0.0.30                 -> 0.0.30
handle-success	Checkout Repository	2026-02-17T12:37:57.9914538Z  * [new tag]             0.0.31                 -> 0.0.31
handle-success	Checkout Repository	2026-02-17T12:37:57.9914928Z  * [new tag]             0.0.32                 -> 0.0.32
handle-success	Checkout Repository	2026-02-17T12:37:57.9915321Z  * [new tag]             0.0.33                 -> 0.0.33
handle-success	Checkout Repository	2026-02-17T12:37:57.9915711Z  * [new tag]             0.0.34                 -> 0.0.34
handle-success	Checkout Repository	2026-02-17T12:37:57.9916104Z  * [new tag]             0.0.35                 -> 0.0.35
handle-success	Checkout Repository	2026-02-17T12:37:57.9916498Z  * [new tag]             0.0.36                 -> 0.0.36
handle-success	Checkout Repository	2026-02-17T12:37:57.9917098Z  * [new tag]             0.0.37                 -> 0.0.37
handle-success	Checkout Repository	2026-02-17T12:37:57.9917870Z  * [new tag]             0.0.38                 -> 0.0.38
handle-success	Checkout Repository	2026-02-17T12:37:57.9918265Z  * [new tag]             0.0.39                 -> 0.0.39
handle-success	Checkout Repository	2026-02-17T12:37:57.9918774Z  * [new tag]             0.0.4                  -> 0.0.4
handle-success	Checkout Repository	2026-02-17T12:37:57.9919161Z  * [new tag]             0.0.40                 -> 0.0.40
handle-success	Checkout Repository	2026-02-17T12:37:57.9919547Z  * [new tag]             0.0.41                 -> 0.0.41
handle-success	Checkout Repository	2026-02-17T12:37:57.9919933Z  * [new tag]             0.0.42                 -> 0.0.42
handle-success	Checkout Repository	2026-02-17T12:37:57.9920314Z  * [new tag]             0.0.43                 -> 0.0.43
handle-success	Checkout Repository	2026-02-17T12:37:57.9920697Z  * [new tag]             0.0.44                 -> 0.0.44
handle-success	Checkout Repository	2026-02-17T12:37:57.9921075Z  * [new tag]             0.0.45                 -> 0.0.45
handle-success	Checkout Repository	2026-02-17T12:37:57.9921458Z  * [new tag]             0.0.46                 -> 0.0.46
handle-success	Checkout Repository	2026-02-17T12:37:57.9921837Z  * [new tag]             0.0.47                 -> 0.0.47
handle-success	Checkout Repository	2026-02-17T12:37:57.9922230Z  * [new tag]             0.0.48                 -> 0.0.48
handle-success	Checkout Repository	2026-02-17T12:37:57.9922611Z  * [new tag]             0.0.49                 -> 0.0.49
handle-success	Checkout Repository	2026-02-17T12:37:57.9922995Z  * [new tag]             0.0.5                  -> 0.0.5
handle-success	Checkout Repository	2026-02-17T12:37:57.9923380Z  * [new tag]             0.0.50                 -> 0.0.50
handle-success	Checkout Repository	2026-02-17T12:37:57.9923965Z  * [new tag]             0.0.51                 -> 0.0.51
handle-success	Checkout Repository	2026-02-17T12:37:57.9924347Z  * [new tag]             0.0.52                 -> 0.0.52
handle-success	Checkout Repository	2026-02-17T12:37:57.9924728Z  * [new tag]             0.0.53                 -> 0.0.53
handle-success	Checkout Repository	2026-02-17T12:37:57.9925114Z  * [new tag]             0.0.54                 -> 0.0.54
handle-success	Checkout Repository	2026-02-17T12:37:57.9925494Z  * [new tag]             0.0.55                 -> 0.0.55
handle-success	Checkout Repository	2026-02-17T12:37:57.9925879Z  * [new tag]             0.0.56                 -> 0.0.56
handle-success	Checkout Repository	2026-02-17T12:37:57.9926261Z  * [new tag]             0.0.57                 -> 0.0.57
handle-success	Checkout Repository	2026-02-17T12:37:57.9926640Z  * [new tag]             0.0.58                 -> 0.0.58
handle-success	Checkout Repository	2026-02-17T12:37:57.9927034Z  * [new tag]             0.0.59                 -> 0.0.59
handle-success	Checkout Repository	2026-02-17T12:37:57.9927670Z  * [new tag]             0.0.6                  -> 0.0.6
handle-success	Checkout Repository	2026-02-17T12:37:57.9928185Z  * [new tag]             0.0.60                 -> 0.0.60
handle-success	Checkout Repository	2026-02-17T12:37:57.9928565Z  * [new tag]             0.0.61                 -> 0.0.61
handle-success	Checkout Repository	2026-02-17T12:37:57.9928958Z  * [new tag]             0.0.62                 -> 0.0.62
handle-success	Checkout Repository	2026-02-17T12:37:57.9929338Z  * [new tag]             0.0.63                 -> 0.0.63
handle-success	Checkout Repository	2026-02-17T12:37:57.9929710Z  * [new tag]             0.0.64                 -> 0.0.64
handle-success	Checkout Repository	2026-02-17T12:37:57.9930087Z  * [new tag]             0.0.65                 -> 0.0.65
handle-success	Checkout Repository	2026-02-17T12:37:57.9930753Z  * [new tag]             0.0.66                 -> 0.0.66
handle-success	Checkout Repository	2026-02-17T12:37:57.9931297Z  * [new tag]             0.0.67                 -> 0.0.67
handle-success	Checkout Repository	2026-02-17T12:37:57.9932035Z  * [new tag]             0.0.68                 -> 0.0.68
handle-success	Checkout Repository	2026-02-17T12:37:57.9932414Z  * [new tag]             0.0.69                 -> 0.0.69
handle-success	Checkout Repository	2026-02-17T12:37:57.9932802Z  * [new tag]             0.0.7                  -> 0.0.7
handle-success	Checkout Repository	2026-02-17T12:37:57.9933173Z  * [new tag]             0.0.70                 -> 0.0.70
handle-success	Checkout Repository	2026-02-17T12:37:57.9933551Z  * [new tag]             0.0.71                 -> 0.0.71
handle-success	Checkout Repository	2026-02-17T12:37:57.9933925Z  * [new tag]             0.0.72                 -> 0.0.72
handle-success	Checkout Repository	2026-02-17T12:37:57.9934313Z  * [new tag]             0.0.73                 -> 0.0.73
handle-success	Checkout Repository	2026-02-17T12:37:57.9934687Z  * [new tag]             0.0.74                 -> 0.0.74
handle-success	Checkout Repository	2026-02-17T12:37:57.9935062Z  * [new tag]             0.0.75                 -> 0.0.75
handle-success	Checkout Repository	2026-02-17T12:37:57.9935441Z  * [new tag]             0.0.76                 -> 0.0.76
handle-success	Checkout Repository	2026-02-17T12:37:57.9935812Z  * [new tag]             0.0.77                 -> 0.0.77
handle-success	Checkout Repository	2026-02-17T12:37:57.9936188Z  * [new tag]             0.0.78                 -> 0.0.78
handle-success	Checkout Repository	2026-02-17T12:37:57.9936560Z  * [new tag]             0.0.79                 -> 0.0.79
handle-success	Checkout Repository	2026-02-17T12:37:57.9936937Z  * [new tag]             0.0.8                  -> 0.0.8
handle-success	Checkout Repository	2026-02-17T12:37:57.9937947Z  * [new tag]             0.0.80                 -> 0.0.80
handle-success	Checkout Repository	2026-02-17T12:37:57.9938336Z  * [new tag]             0.0.81                 -> 0.0.81
handle-success	Checkout Repository	2026-02-17T12:37:57.9938707Z  * [new tag]             0.0.82                 -> 0.0.82
handle-success	Checkout Repository	2026-02-17T12:37:57.9939098Z  * [new tag]             0.0.83                 -> 0.0.83
handle-success	Checkout Repository	2026-02-17T12:37:57.9939476Z  * [new tag]             0.0.84                 -> 0.0.84
handle-success	Checkout Repository	2026-02-17T12:37:57.9939849Z  * [new tag]             0.0.85                 -> 0.0.85
handle-success	Checkout Repository	2026-02-17T12:37:57.9940229Z  * [new tag]             0.0.86                 -> 0.0.86
handle-success	Checkout Repository	2026-02-17T12:37:57.9940599Z  * [new tag]             0.0.87                 -> 0.0.87
handle-success	Checkout Repository	2026-02-17T12:37:57.9940977Z  * [new tag]             0.0.88                 -> 0.0.88
handle-success	Checkout Repository	2026-02-17T12:37:57.9941348Z  * [new tag]             0.0.89                 -> 0.0.89
handle-success	Checkout Repository	2026-02-17T12:37:57.9941728Z  * [new tag]             0.0.9                  -> 0.0.9
handle-success	Checkout Repository	2026-02-17T12:37:57.9942116Z  * [new tag]             0.0.90                 -> 0.0.90
handle-success	Checkout Repository	2026-02-17T12:37:57.9942492Z  * [new tag]             0.0.91                 -> 0.0.91
handle-success	Checkout Repository	2026-02-17T12:37:57.9942870Z  * [new tag]             0.0.92                 -> 0.0.92
handle-success	Checkout Repository	2026-02-17T12:37:57.9943241Z  * [new tag]             0.0.93                 -> 0.0.93
handle-success	Checkout Repository	2026-02-17T12:37:57.9943824Z  * [new tag]             0.0.94                 -> 0.0.94
handle-success	Checkout Repository	2026-02-17T12:37:57.9944197Z  * [new tag]             0.0.95                 -> 0.0.95
handle-success	Checkout Repository	2026-02-17T12:37:57.9944573Z  * [new tag]             0.0.96                 -> 0.0.96
handle-success	Checkout Repository	2026-02-17T12:37:57.9944948Z  * [new tag]             0.0.97                 -> 0.0.97
handle-success	Checkout Repository	2026-02-17T12:37:57.9945323Z  * [new tag]             0.0.98                 -> 0.0.98
handle-success	Checkout Repository	2026-02-17T12:37:57.9945699Z  * [new tag]             0.0.99                 -> 0.0.99
handle-success	Checkout Repository	2026-02-17T12:37:57.9946072Z  * [new tag]             0.1.0                  -> 0.1.0
handle-success	Checkout Repository	2026-02-17T12:37:57.9946449Z  * [new tag]             0.1.1                  -> 0.1.1
handle-success	Checkout Repository	2026-02-17T12:37:57.9946831Z  * [new tag]             0.2.0                  -> 0.2.0
handle-success	Checkout Repository	2026-02-17T12:37:57.9947207Z  * [new tag]             0.3.0                  -> 0.3.0
handle-success	Checkout Repository	2026-02-17T12:37:57.9947958Z  * [new tag]             0.3.1                  -> 0.3.1
handle-success	Checkout Repository	2026-02-17T12:37:57.9948332Z  * [new tag]             0.3.10                 -> 0.3.10
handle-success	Checkout Repository	2026-02-17T12:37:57.9948726Z  * [new tag]             0.3.11                 -> 0.3.11
handle-success	Checkout Repository	2026-02-17T12:37:57.9949123Z  * [new tag]             0.3.12                 -> 0.3.12
handle-success	Checkout Repository	2026-02-17T12:37:57.9949500Z  * [new tag]             0.3.13                 -> 0.3.13
handle-success	Checkout Repository	2026-02-17T12:37:57.9949877Z  * [new tag]             0.3.14                 -> 0.3.14
handle-success	Checkout Repository	2026-02-17T12:37:57.9950259Z  * [new tag]             0.3.15                 -> 0.3.15
handle-success	Checkout Repository	2026-02-17T12:37:57.9950633Z  * [new tag]             0.3.16                 -> 0.3.16
handle-success	Checkout Repository	2026-02-17T12:37:57.9951011Z  * [new tag]             0.3.17                 -> 0.3.17
handle-success	Checkout Repository	2026-02-17T12:37:57.9951384Z  * [new tag]             0.3.2                  -> 0.3.2
handle-success	Checkout Repository	2026-02-17T12:37:57.9951772Z  * [new tag]             0.3.3                  -> 0.3.3
handle-success	Checkout Repository	2026-02-17T12:37:57.9952145Z  * [new tag]             0.3.4                  -> 0.3.4
handle-success	Checkout Repository	2026-02-17T12:37:57.9952522Z  * [new tag]             0.3.5                  -> 0.3.5
handle-success	Checkout Repository	2026-02-17T12:37:57.9952890Z  * [new tag]             0.3.6                  -> 0.3.6
handle-success	Checkout Repository	2026-02-17T12:37:57.9953275Z  * [new tag]             0.3.7                  -> 0.3.7
handle-success	Checkout Repository	2026-02-17T12:37:57.9953650Z  * [new tag]             0.3.8                  -> 0.3.8
handle-success	Checkout Repository	2026-02-17T12:37:57.9954025Z  * [new tag]             0.3.9                  -> 0.3.9
handle-success	Checkout Repository	2026-02-17T12:37:57.9954398Z  * [new tag]             0.4.0                  -> 0.4.0
handle-success	Checkout Repository	2026-02-17T12:37:57.9954765Z  * [new tag]             0.4.1                  -> 0.4.1
handle-success	Checkout Repository	2026-02-17T12:37:57.9955141Z  * [new tag]             0.4.2                  -> 0.4.2
handle-success	Checkout Repository	2026-02-17T12:37:57.9955514Z  * [new tag]             0.4.3                  -> 0.4.3
handle-success	Checkout Repository	2026-02-17T12:37:57.9955889Z  * [new tag]             0.4.4                  -> 0.4.4
handle-success	Checkout Repository	2026-02-17T12:37:57.9956540Z  * [new tag]             0.4.5                  -> 0.4.5
handle-success	Checkout Repository	2026-02-17T12:37:57.9956912Z  * [new tag]             0.4.6                  -> 0.4.6
handle-success	Checkout Repository	2026-02-17T12:37:57.9957334Z  * [new tag]             0.4.7                  -> 0.4.7
handle-success	Checkout Repository	2026-02-17T12:37:57.9957729Z  * [new tag]             0.4.8                  -> 0.4.8
handle-success	Checkout Repository	2026-02-17T12:37:57.9958109Z  * [new tag]             0.4.9                  -> 0.4.9
handle-success	Checkout Repository	2026-02-17T12:37:57.9958481Z  * [new tag]             0.5.0                  -> 0.5.0
handle-success	Checkout Repository	2026-02-17T12:37:57.9958846Z  * [new tag]             0.5.1                  -> 0.5.1
handle-success	Checkout Repository	2026-02-17T12:37:57.9959218Z  * [new tag]             0.5.2                  -> 0.5.2
handle-success	Checkout Repository	2026-02-17T12:37:57.9959589Z  * [new tag]             0.6.0                  -> 0.6.0
handle-success	Checkout Repository	2026-02-17T12:37:57.9959956Z  * [new tag]             0.6.1                  -> 0.6.1
handle-success	Checkout Repository	2026-02-17T12:37:57.9960331Z  * [new tag]             0.6.2                  -> 0.6.2
handle-success	Checkout Repository	2026-02-17T12:37:58.0225051Z [command]/usr/bin/git branch --list --remote origin/main
handle-success	Checkout Repository	2026-02-17T12:37:58.0300749Z   origin/main
handle-success	Checkout Repository	2026-02-17T12:37:58.0312473Z [command]/usr/bin/git rev-parse refs/remotes/origin/main
handle-success	Checkout Repository	2026-02-17T12:37:58.0345101Z 002500a249287647f890b4b158521db35b0ccd8c
handle-success	Checkout Repository	2026-02-17T12:37:58.0358074Z [command]/usr/bin/git -c protocol.version=2 fetch --no-tags --prune --no-recurse-submodules origin +087ddf5bafce7fa541f0f27770a006fef8f2aa50:refs/remotes/origin/main
handle-success	Checkout Repository	2026-02-17T12:37:58.0539988Z From https://github.com/Ka0s-Klaus/ka0s
handle-success	Checkout Repository	2026-02-17T12:37:58.0540777Z  + 002500a24...087ddf5ba 087ddf5bafce7fa541f0f27770a006fef8f2aa50 -> origin/main  (forced update)
handle-success	Checkout Repository	2026-02-17T12:37:58.0578510Z ##[endgroup]
handle-success	Checkout Repository	2026-02-17T12:37:58.0579067Z ##[group]Determining the checkout info
handle-success	Checkout Repository	2026-02-17T12:37:58.0579573Z ##[endgroup]
handle-success	Checkout Repository	2026-02-17T12:37:58.0584409Z [command]/usr/bin/git sparse-checkout disable
handle-success	Checkout Repository	2026-02-17T12:37:58.0635507Z [command]/usr/bin/git config --local --unset-all extensions.worktreeConfig
handle-success	Checkout Repository	2026-02-17T12:37:58.0672640Z ##[group]Checking out the ref
handle-success	Checkout Repository	2026-02-17T12:37:58.0677684Z [command]/usr/bin/git checkout --progress --force -B main refs/remotes/origin/main
handle-success	Checkout Repository	2026-02-17T12:37:58.5819279Z Switched to a new branch 'main'
handle-success	Checkout Repository	2026-02-17T12:37:58.5823854Z branch 'main' set up to track 'origin/main'.
handle-success	Checkout Repository	2026-02-17T12:37:58.5896710Z ##[endgroup]
handle-success	Checkout Repository	2026-02-17T12:37:58.5949169Z [command]/usr/bin/git log -1 --format=%H
handle-success	Checkout Repository	2026-02-17T12:37:58.5984518Z 087ddf5bafce7fa541f0f27770a006fef8f2aa50
handle-success	Install GH CLI	ï»¿2026-02-17T12:37:58.6246117Z Prepare all required actions
handle-success	Install GH CLI	2026-02-17T12:37:58.6381871Z ##[group]Run ./.github/actions/install-gh-cli
handle-success	Install GH CLI	2026-02-17T12:37:58.6382209Z env:
handle-success	Install GH CLI	2026-02-17T12:37:58.6382695Z   GH_TOKEN: ***
handle-success	Install GH CLI	2026-02-17T12:37:58.6382900Z ##[endgroup]
handle-success	Install GH CLI	2026-02-17T12:37:58.6464869Z ##[group]Run type -p curl >/dev/null || (sudo apt-get update && sudo apt-get install curl -y)
handle-success	Install GH CLI	2026-02-17T12:37:58.6465584Z [36;1mtype -p curl >/dev/null || (sudo apt-get update && sudo apt-get install curl -y)[0m
handle-success	Install GH CLI	2026-02-17T12:37:58.6466493Z [36;1mcurl -fsSL https://cli.github.com/packages/githubcli-archive-keyring.gpg | sudo dd of=/usr/share/keyrings/githubcli-archive-keyring.gpg \[0m
handle-success	Install GH CLI	2026-02-17T12:37:58.6468058Z [36;1m&& sudo chmod go+r /usr/share/keyrings/githubcli-archive-keyring.gpg \[0m
handle-success	Install GH CLI	2026-02-17T12:37:58.6469247Z [36;1m&& echo "deb [arch=$(dpkg --print-architecture) signed-by=/usr/share/keyrings/githubcli-archive-keyring.gpg] https://cli.github.com/packages stable main" | sudo tee /etc/apt/sources.list.d/github-cli.list > /dev/null \[0m
handle-success	Install GH CLI	2026-02-17T12:37:58.6470346Z [36;1m&& sudo apt-get update \[0m
handle-success	Install GH CLI	2026-02-17T12:37:58.6470632Z [36;1m&& sudo apt-get install gh -y[0m
handle-success	Install GH CLI	2026-02-17T12:37:58.6486525Z shell: /usr/bin/bash --noprofile --norc -e -o pipefail {0}
handle-success	Install GH CLI	2026-02-17T12:37:58.6486895Z env:
handle-success	Install GH CLI	2026-02-17T12:37:58.6487690Z   GH_TOKEN: ***
handle-success	Install GH CLI	2026-02-17T12:37:58.6487916Z ##[endgroup]
handle-success	Install GH CLI	2026-02-17T12:37:58.7738091Z 4+1 records in
handle-success	Install GH CLI	2026-02-17T12:37:58.7738479Z 4+1 records out
handle-success	Install GH CLI	2026-02-17T12:37:58.7738754Z 2270 bytes (2.3 kB, 2.2 KiB) copied, 0.101412 s, 22.4 kB/s
handle-success	Install GH CLI	2026-02-17T12:37:58.9190314Z Get:1 https://cli.github.com/packages stable InRelease [3917 B]
handle-success	Install GH CLI	2026-02-17T12:37:58.9456847Z Get:2 http://security.ubuntu.com/ubuntu noble-security InRelease [126 kB]
handle-success	Install GH CLI	2026-02-17T12:37:59.0066956Z Get:3 http://archive.ubuntu.com/ubuntu noble InRelease [256 kB]
handle-success	Install GH CLI	2026-02-17T12:37:59.1223441Z Get:4 https://cli.github.com/packages stable/main amd64 Packages [356 B]
handle-success	Install GH CLI	2026-02-17T12:37:59.2213682Z Get:5 https://ppa.launchpadcontent.net/git-core/ppa/ubuntu noble InRelease [24.3 kB]
handle-success	Install GH CLI	2026-02-17T12:37:59.2359180Z Get:6 http://security.ubuntu.com/ubuntu noble-security/multiverse amd64 Packages [34.8 kB]
handle-success	Install GH CLI	2026-02-17T12:37:59.2706060Z Get:7 http://security.ubuntu.com/ubuntu noble-security/main amd64 Packages [1829 kB]
handle-success	Install GH CLI	2026-02-17T12:37:59.3294521Z Get:8 http://archive.ubuntu.com/ubuntu noble-updates InRelease [126 kB]
handle-success	Install GH CLI	2026-02-17T12:37:59.3382245Z Get:9 https://ppa.launchpadcontent.net/git-core/ppa/ubuntu noble/main amd64 Packages [2992 B]
handle-success	Install GH CLI	2026-02-17T12:37:59.3875239Z Get:10 http://security.ubuntu.com/ubuntu noble-security/restricted amd64 Packages [3122 kB]
handle-success	Install GH CLI	2026-02-17T12:37:59.4094012Z Get:11 http://archive.ubuntu.com/ubuntu noble-backports InRelease [126 kB]
handle-success	Install GH CLI	2026-02-17T12:37:59.4290703Z Get:12 http://security.ubuntu.com/ubuntu noble-security/universe amd64 Packages [1205 kB]
handle-success	Install GH CLI	2026-02-17T12:37:59.4969736Z Get:13 http://archive.ubuntu.com/ubuntu noble/restricted amd64 Packages [117 kB]
handle-success	Install GH CLI	2026-02-17T12:37:59.5164861Z Get:14 http://archive.ubuntu.com/ubuntu noble/universe amd64 Packages [19.3 MB]
handle-success	Install GH CLI	2026-02-17T12:37:59.9818876Z Get:15 http://archive.ubuntu.com/ubuntu noble/multiverse amd64 Packages [331 kB]
handle-success	Install GH CLI	2026-02-17T12:37:59.9844019Z Get:16 http://archive.ubuntu.com/ubuntu noble/main amd64 Packages [1808 kB]
handle-success	Install GH CLI	2026-02-17T12:37:59.9968591Z Get:17 http://archive.ubuntu.com/ubuntu noble-updates/universe amd64 Packages [2014 kB]
handle-success	Install GH CLI	2026-02-17T12:38:00.0108685Z Get:18 http://archive.ubuntu.com/ubuntu noble-updates/multiverse amd64 Packages [38.1 kB]
handle-success	Install GH CLI	2026-02-17T12:38:00.0112216Z Get:19 http://archive.ubuntu.com/ubuntu noble-updates/main amd64 Packages [2218 kB]
handle-success	Install GH CLI	2026-02-17T12:38:00.0683932Z Get:20 http://archive.ubuntu.com/ubuntu noble-updates/restricted amd64 Packages [3330 kB]
handle-success	Install GH CLI	2026-02-17T12:38:00.1144646Z Get:21 http://archive.ubuntu.com/ubuntu noble-backports/main amd64 Packages [49.5 kB]
handle-success	Install GH CLI	2026-02-17T12:38:00.1148417Z Get:22 http://archive.ubuntu.com/ubuntu noble-backports/universe amd64 Packages [34.6 kB]
handle-success	Install GH CLI	2026-02-17T12:38:01.2155839Z Fetched 36.1 MB in 2s (15.3 MB/s)
handle-success	Install GH CLI	2026-02-17T12:38:02.1392998Z Reading package lists...
handle-success	Install GH CLI	2026-02-17T12:38:03.0997171Z Reading package lists...
handle-success	Install GH CLI	2026-02-17T12:38:03.3311320Z Building dependency tree...
handle-success	Install GH CLI	2026-02-17T12:38:03.3311800Z Reading state information...
handle-success	Install GH CLI	2026-02-17T12:38:03.7736515Z The following NEW packages will be installed:
handle-success	Install GH CLI	2026-02-17T12:38:03.7756438Z   gh
handle-success	Install GH CLI	2026-02-17T12:38:03.9201687Z 0 upgraded, 1 newly installed, 0 to remove and 25 not upgraded.
handle-success	Install GH CLI	2026-02-17T12:38:03.9203526Z Need to get 13.7 MB of archives.
handle-success	Install GH CLI	2026-02-17T12:38:03.9205153Z After this operation, 37.9 MB of additional disk space will be used.
handle-success	Install GH CLI	2026-02-17T12:38:03.9213735Z Get:1 https://cli.github.com/packages stable/main amd64 gh amd64 2.86.0 [13.7 MB]
handle-success	Install GH CLI	2026-02-17T12:38:04.6003604Z debconf: delaying package configuration, since apt-utils is not installed
handle-success	Install GH CLI	2026-02-17T12:38:04.6403348Z Fetched 13.7 MB in 1s (21.7 MB/s)
handle-success	Install GH CLI	2026-02-17T12:38:04.6714381Z Selecting previously unselected package gh.
handle-success	Install GH CLI	2026-02-17T12:38:04.6741288Z (Reading database ... 
handle-success	Install GH CLI	2026-02-17T12:38:04.6741787Z (Reading database ... 5%
handle-success	Install GH CLI	2026-02-17T12:38:04.6742056Z (Reading database ... 10%
handle-success	Install GH CLI	2026-02-17T12:38:04.6742318Z (Reading database ... 15%
handle-success	Install GH CLI	2026-02-17T12:38:04.6742547Z (Reading database ... 20%
handle-success	Install GH CLI	2026-02-17T12:38:04.6742778Z (Reading database ... 25%
handle-success	Install GH CLI	2026-02-17T12:38:04.6743004Z (Reading database ... 30%
handle-success	Install GH CLI	2026-02-17T12:38:04.6743235Z (Reading database ... 35%
handle-success	Install GH CLI	2026-02-17T12:38:04.6743464Z (Reading database ... 40%
handle-success	Install GH CLI	2026-02-17T12:38:04.6743690Z (Reading database ... 45%
handle-success	Install GH CLI	2026-02-17T12:38:04.6743922Z (Reading database ... 50%
handle-success	Install GH CLI	2026-02-17T12:38:04.6744146Z (Reading database ... 55%
handle-success	Install GH CLI	2026-02-17T12:38:04.6748727Z (Reading database ... 60%
handle-success	Install GH CLI	2026-02-17T12:38:04.6749304Z (Reading database ... 65%
handle-success	Install GH CLI	2026-02-17T12:38:04.6768110Z (Reading database ... 70%
handle-success	Install GH CLI	2026-02-17T12:38:04.6773868Z (Reading database ... 75%
handle-success	Install GH CLI	2026-02-17T12:38:04.6787447Z (Reading database ... 80%
handle-success	Install GH CLI	2026-02-17T12:38:04.6797865Z (Reading database ... 85%
handle-success	Install GH CLI	2026-02-17T12:38:04.6803100Z (Reading database ... 90%
handle-success	Install GH CLI	2026-02-17T12:38:04.6823801Z (Reading database ... 95%
handle-success	Install GH CLI	2026-02-17T12:38:04.6824141Z (Reading database ... 100%
handle-success	Install GH CLI	2026-02-17T12:38:04.6824544Z (Reading database ... 14385 files and directories currently installed.)
handle-success	Install GH CLI	2026-02-17T12:38:04.6831042Z Preparing to unpack .../archives/gh_2.86.0_amd64.deb ...
handle-success	Install GH CLI	2026-02-17T12:38:04.6862687Z Unpacking gh (2.86.0) ...
handle-success	Install GH CLI	2026-02-17T12:38:04.9097682Z Setting up gh (2.86.0) ...
handle-success	Trigger Cluster Audit	ï»¿2026-02-17T12:38:05.0007708Z ##[group]Run echo "ðŸ“¸ Triggering post-watchdog cluster audit..."
handle-success	Trigger Cluster Audit	2026-02-17T12:38:05.0009044Z [36;1mecho "ðŸ“¸ Triggering post-watchdog cluster audit..."[0m
handle-success	Trigger Cluster Audit	2026-02-17T12:38:05.0010009Z [36;1mgh workflow run audit-cluster-status.yml --ref main[0m
handle-success	Trigger Cluster Audit	2026-02-17T12:38:05.0037018Z shell: /usr/bin/bash -e {0}
handle-success	Trigger Cluster Audit	2026-02-17T12:38:05.0037810Z env:
handle-success	Trigger Cluster Audit	2026-02-17T12:38:05.0038915Z   GH_TOKEN: ***
handle-success	Trigger Cluster Audit	2026-02-17T12:38:05.0039385Z ##[endgroup]
handle-success	Trigger Cluster Audit	2026-02-17T12:38:05.0114769Z ðŸ“¸ Triggering post-watchdog cluster audit...
handle-success	Post Checkout Repository	ï»¿2026-02-17T12:38:06.9001002Z Post job cleanup.
handle-success	Post Checkout Repository	2026-02-17T12:38:07.0094286Z [command]/usr/bin/git version
handle-success	Post Checkout Repository	2026-02-17T12:38:07.0139100Z git version 2.52.0
handle-success	Post Checkout Repository	2026-02-17T12:38:07.0186783Z Temporarily overriding HOME='/home/runner/_work/_temp/fe6c602d-f807-49e6-b6b6-a10e476aa986' before making global git config changes
handle-success	Post Checkout Repository	2026-02-17T12:38:07.0187883Z Adding repository directory to the temporary git global config as a safe directory
handle-success	Post Checkout Repository	2026-02-17T12:38:07.0193759Z [command]/usr/bin/git config --global --add safe.directory /home/runner/_work/ka0s/ka0s
handle-success	Post Checkout Repository	2026-02-17T12:38:07.0248971Z [command]/usr/bin/git config --local --name-only --get-regexp core\.sshCommand
handle-success	Post Checkout Repository	2026-02-17T12:38:07.0293583Z [command]/usr/bin/git submodule foreach --recursive sh -c "git config --local --name-only --get-regexp 'core\.sshCommand' && git config --local --unset-all 'core.sshCommand' || :"
handle-success	Post Checkout Repository	2026-02-17T12:38:07.0633625Z [command]/usr/bin/git config --local --name-only --get-regexp http\.https\:\/\/github\.com\/\.extraheader
handle-success	Post Checkout Repository	2026-02-17T12:38:07.0664043Z http.https://github.com/.extraheader
handle-success	Post Checkout Repository	2026-02-17T12:38:07.0677076Z [command]/usr/bin/git config --local --unset-all http.https://github.com/.extraheader
handle-success	Post Checkout Repository	2026-02-17T12:38:07.0722249Z [command]/usr/bin/git submodule foreach --recursive sh -c "git config --local --name-only --get-regexp 'http\.https\:\/\/github\.com\/\.extraheader' && git config --local --unset-all 'http.https://github.com/.extraheader' || :"
handle-success	Post Checkout Repository	2026-02-17T12:38:07.1074289Z [command]/usr/bin/git config --local --name-only --get-regexp ^includeIf\.gitdir:
handle-success	Post Checkout Repository	2026-02-17T12:38:07.1121691Z [command]/usr/bin/git submodule foreach --recursive git config --local --show-origin --name-only --get-regexp remote.origin.url
handle-success	Complete job	ï»¿2026-02-17T12:38:07.1612517Z Cleaning up orphan processes
end-workflow	Set up job	ï»¿2026-02-17T12:38:19.0377736Z Current runner version: '2.331.0'
end-workflow	Set up job	2026-02-17T12:38:19.0388059Z Runner name: 'swarm-runners-scaleset-hkss5-runner-r25mn'
end-workflow	Set up job	2026-02-17T12:38:19.0389419Z Runner group name: 'Default'
end-workflow	Set up job	2026-02-17T12:38:19.0390481Z Machine name: 'swarm-runners-scaleset-hkss5-runner-r25mn'
end-workflow	Set up job	2026-02-17T12:38:19.0394369Z ##[group]GITHUB_TOKEN Permissions
end-workflow	Set up job	2026-02-17T12:38:19.0398506Z Actions: write
end-workflow	Set up job	2026-02-17T12:38:19.0399124Z Contents: read
end-workflow	Set up job	2026-02-17T12:38:19.0399687Z Metadata: read
end-workflow	Set up job	2026-02-17T12:38:19.0400375Z ##[endgroup]
end-workflow	Set up job	2026-02-17T12:38:19.0403433Z Secret source: Actions
end-workflow	Set up job	2026-02-17T12:38:19.0404195Z Prepare workflow directory
end-workflow	Set up job	2026-02-17T12:38:19.0778835Z Prepare all required actions
end-workflow	Set up job	2026-02-17T12:38:19.0821160Z Getting action download info
end-workflow	Set up job	2026-02-17T12:38:19.6731104Z Download action repository 'actions/checkout@v4' (SHA:34e114876b0b11c390a56381ad16ebd13914f8d5)
end-workflow	Set up job	2026-02-17T12:38:20.5733411Z Complete job name: end-workflow
end-workflow	Checkout Repository	ï»¿2026-02-17T12:38:20.6585228Z ##[group]Run actions/checkout@v4
end-workflow	Checkout Repository	2026-02-17T12:38:20.6586238Z with:
end-workflow	Checkout Repository	2026-02-17T12:38:20.6586679Z   fetch-depth: 0
end-workflow	Checkout Repository	2026-02-17T12:38:20.6587082Z   repository: Ka0s-Klaus/ka0s
end-workflow	Checkout Repository	2026-02-17T12:38:20.6588113Z   token: ***
end-workflow	Checkout Repository	2026-02-17T12:38:20.6588606Z   ssh-strict: true
end-workflow	Checkout Repository	2026-02-17T12:38:20.6588978Z   ssh-user: git
end-workflow	Checkout Repository	2026-02-17T12:38:20.6589514Z   persist-credentials: true
end-workflow	Checkout Repository	2026-02-17T12:38:20.6590066Z   clean: true
end-workflow	Checkout Repository	2026-02-17T12:38:20.6590594Z   sparse-checkout-cone-mode: true
end-workflow	Checkout Repository	2026-02-17T12:38:20.6591064Z   fetch-tags: false
end-workflow	Checkout Repository	2026-02-17T12:38:20.6591462Z   show-progress: true
end-workflow	Checkout Repository	2026-02-17T12:38:20.6591978Z   lfs: false
end-workflow	Checkout Repository	2026-02-17T12:38:20.6592329Z   submodules: false
end-workflow	Checkout Repository	2026-02-17T12:38:20.6592725Z   set-safe-directory: true
end-workflow	Checkout Repository	2026-02-17T12:38:20.6593411Z ##[endgroup]
end-workflow	Checkout Repository	2026-02-17T12:38:20.7935922Z Syncing repository: Ka0s-Klaus/ka0s
end-workflow	Checkout Repository	2026-02-17T12:38:20.7938159Z ##[group]Getting Git version info
end-workflow	Checkout Repository	2026-02-17T12:38:20.7938839Z Working directory is '/home/runner/_work/ka0s/ka0s'
end-workflow	Checkout Repository	2026-02-17T12:38:20.7939753Z [command]/usr/bin/git version
end-workflow	Checkout Repository	2026-02-17T12:38:20.7952636Z git version 2.52.0
end-workflow	Checkout Repository	2026-02-17T12:38:20.7980881Z ##[endgroup]
end-workflow	Checkout Repository	2026-02-17T12:38:20.8001064Z Temporarily overriding HOME='/home/runner/_work/_temp/4b128ea5-2b6e-46bf-8d37-028812520aea' before making global git config changes
end-workflow	Checkout Repository	2026-02-17T12:38:20.8005426Z Adding repository directory to the temporary git global config as a safe directory
end-workflow	Checkout Repository	2026-02-17T12:38:20.8010740Z [command]/usr/bin/git config --global --add safe.directory /home/runner/_work/ka0s/ka0s
end-workflow	Checkout Repository	2026-02-17T12:38:20.8064660Z Deleting the contents of '/home/runner/_work/ka0s/ka0s'
end-workflow	Checkout Repository	2026-02-17T12:38:20.8069424Z ##[group]Initializing the repository
end-workflow	Checkout Repository	2026-02-17T12:38:20.8073850Z [command]/usr/bin/git init /home/runner/_work/ka0s/ka0s
end-workflow	Checkout Repository	2026-02-17T12:38:20.8132489Z hint: Using 'master' as the name for the initial branch. This default branch name
end-workflow	Checkout Repository	2026-02-17T12:38:20.8134890Z hint: will change to "main" in Git 3.0. To configure the initial branch name
end-workflow	Checkout Repository	2026-02-17T12:38:20.8136144Z hint: to use in all of your new repositories, which will suppress this warning,
end-workflow	Checkout Repository	2026-02-17T12:38:20.8137061Z hint: call:
end-workflow	Checkout Repository	2026-02-17T12:38:20.8137823Z hint:
end-workflow	Checkout Repository	2026-02-17T12:38:20.8138554Z hint: 	git config --global init.defaultBranch <name>
end-workflow	Checkout Repository	2026-02-17T12:38:20.8139831Z hint:
end-workflow	Checkout Repository	2026-02-17T12:38:20.8140451Z hint: Names commonly chosen instead of 'master' are 'main', 'trunk' and
end-workflow	Checkout Repository	2026-02-17T12:38:20.8141710Z hint: 'development'. The just-created branch can be renamed via this command:
end-workflow	Checkout Repository	2026-02-17T12:38:20.8142740Z hint:
end-workflow	Checkout Repository	2026-02-17T12:38:20.8143157Z hint: 	git branch -m <name>
end-workflow	Checkout Repository	2026-02-17T12:38:20.8143677Z hint:
end-workflow	Checkout Repository	2026-02-17T12:38:20.8144320Z hint: Disable this message with "git config set advice.defaultBranchName false"
end-workflow	Checkout Repository	2026-02-17T12:38:20.8148908Z Initialized empty Git repository in /home/runner/_work/ka0s/ka0s/.git/
end-workflow	Checkout Repository	2026-02-17T12:38:20.8152175Z [command]/usr/bin/git remote add origin https://github.com/Ka0s-Klaus/ka0s
end-workflow	Checkout Repository	2026-02-17T12:38:20.8191060Z ##[endgroup]
end-workflow	Checkout Repository	2026-02-17T12:38:20.8191904Z ##[group]Disabling automatic garbage collection
end-workflow	Checkout Repository	2026-02-17T12:38:20.8194003Z [command]/usr/bin/git config --local gc.auto 0
end-workflow	Checkout Repository	2026-02-17T12:38:20.8235007Z ##[endgroup]
end-workflow	Checkout Repository	2026-02-17T12:38:20.8236264Z ##[group]Setting up auth
end-workflow	Checkout Repository	2026-02-17T12:38:20.8243794Z [command]/usr/bin/git config --local --name-only --get-regexp core\.sshCommand
end-workflow	Checkout Repository	2026-02-17T12:38:20.8281764Z [command]/usr/bin/git submodule foreach --recursive sh -c "git config --local --name-only --get-regexp 'core\.sshCommand' && git config --local --unset-all 'core.sshCommand' || :"
end-workflow	Checkout Repository	2026-02-17T12:38:20.8633784Z [command]/usr/bin/git config --local --name-only --get-regexp http\.https\:\/\/github\.com\/\.extraheader
end-workflow	Checkout Repository	2026-02-17T12:38:20.8688134Z [command]/usr/bin/git submodule foreach --recursive sh -c "git config --local --name-only --get-regexp 'http\.https\:\/\/github\.com\/\.extraheader' && git config --local --unset-all 'http.https://github.com/.extraheader' || :"
end-workflow	Checkout Repository	2026-02-17T12:38:20.9123252Z [command]/usr/bin/git config --local --name-only --get-regexp ^includeIf\.gitdir:
end-workflow	Checkout Repository	2026-02-17T12:38:20.9164975Z [command]/usr/bin/git submodule foreach --recursive git config --local --show-origin --name-only --get-regexp remote.origin.url
end-workflow	Checkout Repository	2026-02-17T12:38:20.9504782Z [command]/usr/bin/git config --local http.https://github.com/.extraheader AUTHORIZATION: basic ***
end-workflow	Checkout Repository	2026-02-17T12:38:20.9552764Z ##[endgroup]
end-workflow	Checkout Repository	2026-02-17T12:38:20.9553947Z ##[group]Fetching the repository
end-workflow	Checkout Repository	2026-02-17T12:38:20.9579087Z [command]/usr/bin/git -c protocol.version=2 fetch --prune --no-recurse-submodules origin +refs/heads/*:refs/remotes/origin/* +refs/tags/*:refs/tags/*
end-workflow	Checkout Repository	2026-02-17T12:38:40.0857005Z From https://github.com/Ka0s-Klaus/ka0s
end-workflow	Checkout Repository	2026-02-17T12:38:40.0858500Z  * [new branch]          F3450-modelo-operativo -> origin/F3450-modelo-operativo
end-workflow	Checkout Repository	2026-02-17T12:38:40.0859153Z  * [new branch]          H1276-modulo-observabilidad -> origin/H1276-modulo-observabilidad
end-workflow	Checkout Repository	2026-02-17T12:38:40.0859780Z  * [new branch]          H3266-deploy-zabbix    -> origin/H3266-deploy-zabbix
end-workflow	Checkout Repository	2026-02-17T12:38:40.0860326Z  * [new branch]          H3596-deploy-itop      -> origin/H3596-deploy-itop
end-workflow	Checkout Repository	2026-02-17T12:38:40.0860878Z  * [new branch]          main                   -> origin/main
end-workflow	Checkout Repository	2026-02-17T12:38:40.0861322Z  * [new tag]             0.0.0                  -> 0.0.0
end-workflow	Checkout Repository	2026-02-17T12:38:40.0861721Z  * [new tag]             0.0.1                  -> 0.0.1
end-workflow	Checkout Repository	2026-02-17T12:38:40.0862157Z  * [new tag]             0.0.10                 -> 0.0.10
end-workflow	Checkout Repository	2026-02-17T12:38:40.0862568Z  * [new tag]             0.0.100                -> 0.0.100
end-workflow	Checkout Repository	2026-02-17T12:38:40.0862967Z  * [new tag]             0.0.101                -> 0.0.101
end-workflow	Checkout Repository	2026-02-17T12:38:40.0863419Z  * [new tag]             0.0.102                -> 0.0.102
end-workflow	Checkout Repository	2026-02-17T12:38:40.0863823Z  * [new tag]             0.0.103                -> 0.0.103
end-workflow	Checkout Repository	2026-02-17T12:38:40.0864215Z  * [new tag]             0.0.104                -> 0.0.104
end-workflow	Checkout Repository	2026-02-17T12:38:40.0864657Z  * [new tag]             0.0.105                -> 0.0.105
end-workflow	Checkout Repository	2026-02-17T12:38:40.0865075Z  * [new tag]             0.0.106                -> 0.0.106
end-workflow	Checkout Repository	2026-02-17T12:38:40.0865463Z  * [new tag]             0.0.107                -> 0.0.107
end-workflow	Checkout Repository	2026-02-17T12:38:40.0865874Z  * [new tag]             0.0.108                -> 0.0.108
end-workflow	Checkout Repository	2026-02-17T12:38:40.0866282Z  * [new tag]             0.0.109                -> 0.0.109
end-workflow	Checkout Repository	2026-02-17T12:38:40.0866674Z  * [new tag]             0.0.11                 -> 0.0.11
end-workflow	Checkout Repository	2026-02-17T12:38:40.0867124Z  * [new tag]             0.0.110                -> 0.0.110
end-workflow	Checkout Repository	2026-02-17T12:38:40.0867693Z  * [new tag]             0.0.111                -> 0.0.111
end-workflow	Checkout Repository	2026-02-17T12:38:40.0868095Z  * [new tag]             0.0.112                -> 0.0.112
end-workflow	Checkout Repository	2026-02-17T12:38:40.0868501Z  * [new tag]             0.0.113                -> 0.0.113
end-workflow	Checkout Repository	2026-02-17T12:38:40.0868896Z  * [new tag]             0.0.114                -> 0.0.114
end-workflow	Checkout Repository	2026-02-17T12:38:40.0869285Z  * [new tag]             0.0.115                -> 0.0.115
end-workflow	Checkout Repository	2026-02-17T12:38:40.0869671Z  * [new tag]             0.0.116                -> 0.0.116
end-workflow	Checkout Repository	2026-02-17T12:38:40.0870053Z  * [new tag]             0.0.117                -> 0.0.117
end-workflow	Checkout Repository	2026-02-17T12:38:40.0870453Z  * [new tag]             0.0.118                -> 0.0.118
end-workflow	Checkout Repository	2026-02-17T12:38:40.0870952Z  * [new tag]             0.0.119                -> 0.0.119
end-workflow	Checkout Repository	2026-02-17T12:38:40.0871857Z  * [new tag]             0.0.12                 -> 0.0.12
end-workflow	Checkout Repository	2026-02-17T12:38:40.0872247Z  * [new tag]             0.0.120                -> 0.0.120
end-workflow	Checkout Repository	2026-02-17T12:38:40.0872635Z  * [new tag]             0.0.121                -> 0.0.121
end-workflow	Checkout Repository	2026-02-17T12:38:40.0873022Z  * [new tag]             0.0.122                -> 0.0.122
end-workflow	Checkout Repository	2026-02-17T12:38:40.0873405Z  * [new tag]             0.0.123                -> 0.0.123
end-workflow	Checkout Repository	2026-02-17T12:38:40.0873790Z  * [new tag]             0.0.124                -> 0.0.124
end-workflow	Checkout Repository	2026-02-17T12:38:40.0874174Z  * [new tag]             0.0.125                -> 0.0.125
end-workflow	Checkout Repository	2026-02-17T12:38:40.0874561Z  * [new tag]             0.0.126                -> 0.0.126
end-workflow	Checkout Repository	2026-02-17T12:38:40.0874940Z  * [new tag]             0.0.127                -> 0.0.127
end-workflow	Checkout Repository	2026-02-17T12:38:40.0875324Z  * [new tag]             0.0.128                -> 0.0.128
end-workflow	Checkout Repository	2026-02-17T12:38:40.0876015Z  * [new tag]             0.0.129                -> 0.0.129
end-workflow	Checkout Repository	2026-02-17T12:38:40.0876406Z  * [new tag]             0.0.13                 -> 0.0.13
end-workflow	Checkout Repository	2026-02-17T12:38:40.0876794Z  * [new tag]             0.0.130                -> 0.0.130
end-workflow	Checkout Repository	2026-02-17T12:38:40.0877242Z  * [new tag]             0.0.131                -> 0.0.131
end-workflow	Checkout Repository	2026-02-17T12:38:40.0877906Z  * [new tag]             0.0.132                -> 0.0.132
end-workflow	Checkout Repository	2026-02-17T12:38:40.0878296Z  * [new tag]             0.0.133                -> 0.0.133
end-workflow	Checkout Repository	2026-02-17T12:38:40.0878672Z  * [new tag]             0.0.134                -> 0.0.134
end-workflow	Checkout Repository	2026-02-17T12:38:40.0879055Z  * [new tag]             0.0.135                -> 0.0.135
end-workflow	Checkout Repository	2026-02-17T12:38:40.0879440Z  * [new tag]             0.0.136                -> 0.0.136
end-workflow	Checkout Repository	2026-02-17T12:38:40.0879829Z  * [new tag]             0.0.137                -> 0.0.137
end-workflow	Checkout Repository	2026-02-17T12:38:40.0880211Z  * [new tag]             0.0.138                -> 0.0.138
end-workflow	Checkout Repository	2026-02-17T12:38:40.0880601Z  * [new tag]             0.0.139                -> 0.0.139
end-workflow	Checkout Repository	2026-02-17T12:38:40.0881014Z  * [new tag]             0.0.14                 -> 0.0.14
end-workflow	Checkout Repository	2026-02-17T12:38:40.0881404Z  * [new tag]             0.0.140                -> 0.0.140
end-workflow	Checkout Repository	2026-02-17T12:38:40.0881794Z  * [new tag]             0.0.141                -> 0.0.141
end-workflow	Checkout Repository	2026-02-17T12:38:40.0882173Z  * [new tag]             0.0.142                -> 0.0.142
end-workflow	Checkout Repository	2026-02-17T12:38:40.0882560Z  * [new tag]             0.0.143                -> 0.0.143
end-workflow	Checkout Repository	2026-02-17T12:38:40.0882952Z  * [new tag]             0.0.144                -> 0.0.144
end-workflow	Checkout Repository	2026-02-17T12:38:40.0883342Z  * [new tag]             0.0.145                -> 0.0.145
end-workflow	Checkout Repository	2026-02-17T12:38:40.0883731Z  * [new tag]             0.0.146                -> 0.0.146
end-workflow	Checkout Repository	2026-02-17T12:38:40.0884135Z  * [new tag]             0.0.147                -> 0.0.147
end-workflow	Checkout Repository	2026-02-17T12:38:40.0884535Z  * [new tag]             0.0.148                -> 0.0.148
end-workflow	Checkout Repository	2026-02-17T12:38:40.0884926Z  * [new tag]             0.0.149                -> 0.0.149
end-workflow	Checkout Repository	2026-02-17T12:38:40.0885360Z  * [new tag]             0.0.15                 -> 0.0.15
end-workflow	Checkout Repository	2026-02-17T12:38:40.0885808Z  * [new tag]             0.0.150                -> 0.0.150
end-workflow	Checkout Repository	2026-02-17T12:38:40.0886228Z  * [new tag]             0.0.151                -> 0.0.151
end-workflow	Checkout Repository	2026-02-17T12:38:40.0886616Z  * [new tag]             0.0.152                -> 0.0.152
end-workflow	Checkout Repository	2026-02-17T12:38:40.0886996Z  * [new tag]             0.0.153                -> 0.0.153
end-workflow	Checkout Repository	2026-02-17T12:38:40.0887529Z  * [new tag]             0.0.154                -> 0.0.154
end-workflow	Checkout Repository	2026-02-17T12:38:40.0887950Z  * [new tag]             0.0.155                -> 0.0.155
end-workflow	Checkout Repository	2026-02-17T12:38:40.0888338Z  * [new tag]             0.0.156                -> 0.0.156
end-workflow	Checkout Repository	2026-02-17T12:38:40.0888728Z  * [new tag]             0.0.157                -> 0.0.157
end-workflow	Checkout Repository	2026-02-17T12:38:40.0889112Z  * [new tag]             0.0.158                -> 0.0.158
end-workflow	Checkout Repository	2026-02-17T12:38:40.0889500Z  * [new tag]             0.0.159                -> 0.0.159
end-workflow	Checkout Repository	2026-02-17T12:38:40.0889889Z  * [new tag]             0.0.16                 -> 0.0.16
end-workflow	Checkout Repository	2026-02-17T12:38:40.0890289Z  * [new tag]             0.0.160                -> 0.0.160
end-workflow	Checkout Repository	2026-02-17T12:38:40.0890946Z  * [new tag]             0.0.161                -> 0.0.161
end-workflow	Checkout Repository	2026-02-17T12:38:40.0891329Z  * [new tag]             0.0.162                -> 0.0.162
end-workflow	Checkout Repository	2026-02-17T12:38:40.0891714Z  * [new tag]             0.0.163                -> 0.0.163
end-workflow	Checkout Repository	2026-02-17T12:38:40.0892097Z  * [new tag]             0.0.164                -> 0.0.164
end-workflow	Checkout Repository	2026-02-17T12:38:40.0892483Z  * [new tag]             0.0.165                -> 0.0.165
end-workflow	Checkout Repository	2026-02-17T12:38:40.0892865Z  * [new tag]             0.0.166                -> 0.0.166
end-workflow	Checkout Repository	2026-02-17T12:38:40.0893252Z  * [new tag]             0.0.167                -> 0.0.167
end-workflow	Checkout Repository	2026-02-17T12:38:40.0893637Z  * [new tag]             0.0.168                -> 0.0.168
end-workflow	Checkout Repository	2026-02-17T12:38:40.0894017Z  * [new tag]             0.0.169                -> 0.0.169
end-workflow	Checkout Repository	2026-02-17T12:38:40.0894400Z  * [new tag]             0.0.17                 -> 0.0.17
end-workflow	Checkout Repository	2026-02-17T12:38:40.0894778Z  * [new tag]             0.0.170                -> 0.0.170
end-workflow	Checkout Repository	2026-02-17T12:38:40.0895465Z  * [new tag]             0.0.171                -> 0.0.171
end-workflow	Checkout Repository	2026-02-17T12:38:40.0895868Z  * [new tag]             0.0.172                -> 0.0.172
end-workflow	Checkout Repository	2026-02-17T12:38:40.0896251Z  * [new tag]             0.0.173                -> 0.0.173
end-workflow	Checkout Repository	2026-02-17T12:38:40.0896633Z  * [new tag]             0.0.174                -> 0.0.174
end-workflow	Checkout Repository	2026-02-17T12:38:40.0897021Z  * [new tag]             0.0.175                -> 0.0.175
end-workflow	Checkout Repository	2026-02-17T12:38:40.0897523Z  * [new tag]             0.0.176                -> 0.0.176
end-workflow	Checkout Repository	2026-02-17T12:38:40.0897914Z  * [new tag]             0.0.177                -> 0.0.177
end-workflow	Checkout Repository	2026-02-17T12:38:40.0898305Z  * [new tag]             0.0.178                -> 0.0.178
end-workflow	Checkout Repository	2026-02-17T12:38:40.0898692Z  * [new tag]             0.0.179                -> 0.0.179
end-workflow	Checkout Repository	2026-02-17T12:38:40.0899070Z  * [new tag]             0.0.18                 -> 0.0.18
end-workflow	Checkout Repository	2026-02-17T12:38:40.0899454Z  * [new tag]             0.0.19                 -> 0.0.19
end-workflow	Checkout Repository	2026-02-17T12:38:40.0899833Z  * [new tag]             0.0.2                  -> 0.0.2
end-workflow	Checkout Repository	2026-02-17T12:38:40.0900228Z  * [new tag]             0.0.20                 -> 0.0.20
end-workflow	Checkout Repository	2026-02-17T12:38:40.0900617Z  * [new tag]             0.0.21                 -> 0.0.21
end-workflow	Checkout Repository	2026-02-17T12:38:40.0900998Z  * [new tag]             0.0.22                 -> 0.0.22
end-workflow	Checkout Repository	2026-02-17T12:38:40.0901376Z  * [new tag]             0.0.23                 -> 0.0.23
end-workflow	Checkout Repository	2026-02-17T12:38:40.0901760Z  * [new tag]             0.0.24                 -> 0.0.24
end-workflow	Checkout Repository	2026-02-17T12:38:40.0902143Z  * [new tag]             0.0.25                 -> 0.0.25
end-workflow	Checkout Repository	2026-02-17T12:38:40.0902524Z  * [new tag]             0.0.26                 -> 0.0.26
end-workflow	Checkout Repository	2026-02-17T12:38:40.0924311Z  * [new tag]             0.0.27                 -> 0.0.27
end-workflow	Checkout Repository	2026-02-17T12:38:40.0924862Z  * [new tag]             0.0.28                 -> 0.0.28
end-workflow	Checkout Repository	2026-02-17T12:38:40.0925253Z  * [new tag]             0.0.29                 -> 0.0.29
end-workflow	Checkout Repository	2026-02-17T12:38:40.0925632Z  * [new tag]             0.0.3                  -> 0.0.3
end-workflow	Checkout Repository	2026-02-17T12:38:40.0926087Z  * [new tag]             0.0.30                 -> 0.0.30
end-workflow	Checkout Repository	2026-02-17T12:38:40.0926493Z  * [new tag]             0.0.31                 -> 0.0.31
end-workflow	Checkout Repository	2026-02-17T12:38:40.0926873Z  * [new tag]             0.0.32                 -> 0.0.32
end-workflow	Checkout Repository	2026-02-17T12:38:40.0927255Z  * [new tag]             0.0.33                 -> 0.0.33
end-workflow	Checkout Repository	2026-02-17T12:38:40.0927915Z  * [new tag]             0.0.34                 -> 0.0.34
end-workflow	Checkout Repository	2026-02-17T12:38:40.0928289Z  * [new tag]             0.0.35                 -> 0.0.35
end-workflow	Checkout Repository	2026-02-17T12:38:40.0928651Z  * [new tag]             0.0.36                 -> 0.0.36
end-workflow	Checkout Repository	2026-02-17T12:38:40.0929021Z  * [new tag]             0.0.37                 -> 0.0.37
end-workflow	Checkout Repository	2026-02-17T12:38:40.0929385Z  * [new tag]             0.0.38                 -> 0.0.38
end-workflow	Checkout Repository	2026-02-17T12:38:40.0929758Z  * [new tag]             0.0.39                 -> 0.0.39
end-workflow	Checkout Repository	2026-02-17T12:38:40.0930136Z  * [new tag]             0.0.4                  -> 0.0.4
end-workflow	Checkout Repository	2026-02-17T12:38:40.0930496Z  * [new tag]             0.0.40                 -> 0.0.40
end-workflow	Checkout Repository	2026-02-17T12:38:40.0931015Z  * [new tag]             0.0.41                 -> 0.0.41
end-workflow	Checkout Repository	2026-02-17T12:38:40.0931867Z  * [new tag]             0.0.42                 -> 0.0.42
end-workflow	Checkout Repository	2026-02-17T12:38:40.0932242Z  * [new tag]             0.0.43                 -> 0.0.43
end-workflow	Checkout Repository	2026-02-17T12:38:40.0932605Z  * [new tag]             0.0.44                 -> 0.0.44
end-workflow	Checkout Repository	2026-02-17T12:38:40.0932974Z  * [new tag]             0.0.45                 -> 0.0.45
end-workflow	Checkout Repository	2026-02-17T12:38:40.0933347Z  * [new tag]             0.0.46                 -> 0.0.46
end-workflow	Checkout Repository	2026-02-17T12:38:40.0933709Z  * [new tag]             0.0.47                 -> 0.0.47
end-workflow	Checkout Repository	2026-02-17T12:38:40.0934077Z  * [new tag]             0.0.48                 -> 0.0.48
end-workflow	Checkout Repository	2026-02-17T12:38:40.0934448Z  * [new tag]             0.0.49                 -> 0.0.49
end-workflow	Checkout Repository	2026-02-17T12:38:40.0934815Z  * [new tag]             0.0.5                  -> 0.0.5
end-workflow	Checkout Repository	2026-02-17T12:38:40.0935177Z  * [new tag]             0.0.50                 -> 0.0.50
end-workflow	Checkout Repository	2026-02-17T12:38:40.0935584Z  * [new tag]             0.0.51                 -> 0.0.51
end-workflow	Checkout Repository	2026-02-17T12:38:40.0936379Z  * [new tag]             0.0.52                 -> 0.0.52
end-workflow	Checkout Repository	2026-02-17T12:38:40.0936773Z  * [new tag]             0.0.53                 -> 0.0.53
end-workflow	Checkout Repository	2026-02-17T12:38:40.0937149Z  * [new tag]             0.0.54                 -> 0.0.54
end-workflow	Checkout Repository	2026-02-17T12:38:40.0937806Z  * [new tag]             0.0.55                 -> 0.0.55
end-workflow	Checkout Repository	2026-02-17T12:38:40.0938179Z  * [new tag]             0.0.56                 -> 0.0.56
end-workflow	Checkout Repository	2026-02-17T12:38:40.0938660Z  * [new tag]             0.0.57                 -> 0.0.57
end-workflow	Checkout Repository	2026-02-17T12:38:40.0939021Z  * [new tag]             0.0.58                 -> 0.0.58
end-workflow	Checkout Repository	2026-02-17T12:38:40.0939376Z  * [new tag]             0.0.59                 -> 0.0.59
end-workflow	Checkout Repository	2026-02-17T12:38:40.0939732Z  * [new tag]             0.0.6                  -> 0.0.6
end-workflow	Checkout Repository	2026-02-17T12:38:40.0940090Z  * [new tag]             0.0.60                 -> 0.0.60
end-workflow	Checkout Repository	2026-02-17T12:38:40.0940443Z  * [new tag]             0.0.61                 -> 0.0.61
end-workflow	Checkout Repository	2026-02-17T12:38:40.0940801Z  * [new tag]             0.0.62                 -> 0.0.62
end-workflow	Checkout Repository	2026-02-17T12:38:40.0941170Z  * [new tag]             0.0.63                 -> 0.0.63
end-workflow	Checkout Repository	2026-02-17T12:38:40.0941541Z  * [new tag]             0.0.64                 -> 0.0.64
end-workflow	Checkout Repository	2026-02-17T12:38:40.0941899Z  * [new tag]             0.0.65                 -> 0.0.65
end-workflow	Checkout Repository	2026-02-17T12:38:40.0942253Z  * [new tag]             0.0.66                 -> 0.0.66
end-workflow	Checkout Repository	2026-02-17T12:38:40.0942615Z  * [new tag]             0.0.67                 -> 0.0.67
end-workflow	Checkout Repository	2026-02-17T12:38:40.0943124Z  * [new tag]             0.0.68                 -> 0.0.68
end-workflow	Checkout Repository	2026-02-17T12:38:40.0943486Z  * [new tag]             0.0.69                 -> 0.0.69
end-workflow	Checkout Repository	2026-02-17T12:38:40.0943845Z  * [new tag]             0.0.7                  -> 0.0.7
end-workflow	Checkout Repository	2026-02-17T12:38:40.0944199Z  * [new tag]             0.0.70                 -> 0.0.70
end-workflow	Checkout Repository	2026-02-17T12:38:40.0944557Z  * [new tag]             0.0.71                 -> 0.0.71
end-workflow	Checkout Repository	2026-02-17T12:38:40.0944911Z  * [new tag]             0.0.72                 -> 0.0.72
end-workflow	Checkout Repository	2026-02-17T12:38:40.0945273Z  * [new tag]             0.0.73                 -> 0.0.73
end-workflow	Checkout Repository	2026-02-17T12:38:40.0945645Z  * [new tag]             0.0.74                 -> 0.0.74
end-workflow	Checkout Repository	2026-02-17T12:38:40.0945997Z  * [new tag]             0.0.75                 -> 0.0.75
end-workflow	Checkout Repository	2026-02-17T12:38:40.0946357Z  * [new tag]             0.0.76                 -> 0.0.76
end-workflow	Checkout Repository	2026-02-17T12:38:40.0946710Z  * [new tag]             0.0.77                 -> 0.0.77
end-workflow	Checkout Repository	2026-02-17T12:38:40.0947068Z  * [new tag]             0.0.78                 -> 0.0.78
end-workflow	Checkout Repository	2026-02-17T12:38:40.0947699Z  * [new tag]             0.0.79                 -> 0.0.79
end-workflow	Checkout Repository	2026-02-17T12:38:40.0948320Z  * [new tag]             0.0.8                  -> 0.0.8
end-workflow	Checkout Repository	2026-02-17T12:38:40.0948686Z  * [new tag]             0.0.80                 -> 0.0.80
end-workflow	Checkout Repository	2026-02-17T12:38:40.0949043Z  * [new tag]             0.0.81                 -> 0.0.81
end-workflow	Checkout Repository	2026-02-17T12:38:40.0949403Z  * [new tag]             0.0.82                 -> 0.0.82
end-workflow	Checkout Repository	2026-02-17T12:38:40.0949755Z  * [new tag]             0.0.83                 -> 0.0.83
end-workflow	Checkout Repository	2026-02-17T12:38:40.0950123Z  * [new tag]             0.0.84                 -> 0.0.84
end-workflow	Checkout Repository	2026-02-17T12:38:40.0950711Z  * [new tag]             0.0.85                 -> 0.0.85
end-workflow	Checkout Repository	2026-02-17T12:38:40.0951078Z  * [new tag]             0.0.86                 -> 0.0.86
end-workflow	Checkout Repository	2026-02-17T12:38:40.0951442Z  * [new tag]             0.0.87                 -> 0.0.87
end-workflow	Checkout Repository	2026-02-17T12:38:40.0951800Z  * [new tag]             0.0.88                 -> 0.0.88
end-workflow	Checkout Repository	2026-02-17T12:38:40.0952161Z  * [new tag]             0.0.89                 -> 0.0.89
end-workflow	Checkout Repository	2026-02-17T12:38:40.0952516Z  * [new tag]             0.0.9                  -> 0.0.9
end-workflow	Checkout Repository	2026-02-17T12:38:40.0952877Z  * [new tag]             0.0.90                 -> 0.0.90
end-workflow	Checkout Repository	2026-02-17T12:38:40.0953231Z  * [new tag]             0.0.91                 -> 0.0.91
end-workflow	Checkout Repository	2026-02-17T12:38:40.0953597Z  * [new tag]             0.0.92                 -> 0.0.92
end-workflow	Checkout Repository	2026-02-17T12:38:40.0953962Z  * [new tag]             0.0.93                 -> 0.0.93
end-workflow	Checkout Repository	2026-02-17T12:38:40.0954319Z  * [new tag]             0.0.94                 -> 0.0.94
end-workflow	Checkout Repository	2026-02-17T12:38:40.0954890Z  * [new tag]             0.0.95                 -> 0.0.95
end-workflow	Checkout Repository	2026-02-17T12:38:40.0955255Z  * [new tag]             0.0.96                 -> 0.0.96
end-workflow	Checkout Repository	2026-02-17T12:38:40.0955617Z  * [new tag]             0.0.97                 -> 0.0.97
end-workflow	Checkout Repository	2026-02-17T12:38:40.0955967Z  * [new tag]             0.0.98                 -> 0.0.98
end-workflow	Checkout Repository	2026-02-17T12:38:40.0956328Z  * [new tag]             0.0.99                 -> 0.0.99
end-workflow	Checkout Repository	2026-02-17T12:38:40.0956691Z  * [new tag]             0.1.0                  -> 0.1.0
end-workflow	Checkout Repository	2026-02-17T12:38:40.0957043Z  * [new tag]             0.1.1                  -> 0.1.1
end-workflow	Checkout Repository	2026-02-17T12:38:40.0957674Z  * [new tag]             0.2.0                  -> 0.2.0
end-workflow	Checkout Repository	2026-02-17T12:38:40.0958301Z  * [new tag]             0.3.0                  -> 0.3.0
end-workflow	Checkout Repository	2026-02-17T12:38:40.0958658Z  * [new tag]             0.3.1                  -> 0.3.1
end-workflow	Checkout Repository	2026-02-17T12:38:40.0959015Z  * [new tag]             0.3.10                 -> 0.3.10
end-workflow	Checkout Repository	2026-02-17T12:38:40.0959375Z  * [new tag]             0.3.11                 -> 0.3.11
end-workflow	Checkout Repository	2026-02-17T12:38:40.0959766Z  * [new tag]             0.3.12                 -> 0.3.12
end-workflow	Checkout Repository	2026-02-17T12:38:40.0960138Z  * [new tag]             0.3.13                 -> 0.3.13
end-workflow	Checkout Repository	2026-02-17T12:38:40.0960495Z  * [new tag]             0.3.14                 -> 0.3.14
end-workflow	Checkout Repository	2026-02-17T12:38:40.0960852Z  * [new tag]             0.3.15                 -> 0.3.15
end-workflow	Checkout Repository	2026-02-17T12:38:40.0961211Z  * [new tag]             0.3.16                 -> 0.3.16
end-workflow	Checkout Repository	2026-02-17T12:38:40.0961573Z  * [new tag]             0.3.17                 -> 0.3.17
end-workflow	Checkout Repository	2026-02-17T12:38:40.0961925Z  * [new tag]             0.3.2                  -> 0.3.2
end-workflow	Checkout Repository	2026-02-17T12:38:40.0962286Z  * [new tag]             0.3.3                  -> 0.3.3
end-workflow	Checkout Repository	2026-02-17T12:38:40.0962645Z  * [new tag]             0.3.4                  -> 0.3.4
end-workflow	Checkout Repository	2026-02-17T12:38:40.0963003Z  * [new tag]             0.3.5                  -> 0.3.5
end-workflow	Checkout Repository	2026-02-17T12:38:40.0963365Z  * [new tag]             0.3.6                  -> 0.3.6
end-workflow	Checkout Repository	2026-02-17T12:38:40.0963870Z  * [new tag]             0.3.7                  -> 0.3.7
end-workflow	Checkout Repository	2026-02-17T12:38:40.0964247Z  * [new tag]             0.3.8                  -> 0.3.8
end-workflow	Checkout Repository	2026-02-17T12:38:40.0964737Z  * [new tag]             0.3.9                  -> 0.3.9
end-workflow	Checkout Repository	2026-02-17T12:38:40.0965094Z  * [new tag]             0.4.0                  -> 0.4.0
end-workflow	Checkout Repository	2026-02-17T12:38:40.0965448Z  * [new tag]             0.4.1                  -> 0.4.1
end-workflow	Checkout Repository	2026-02-17T12:38:40.0965801Z  * [new tag]             0.4.2                  -> 0.4.2
end-workflow	Checkout Repository	2026-02-17T12:38:40.0966160Z  * [new tag]             0.4.3                  -> 0.4.3
end-workflow	Checkout Repository	2026-02-17T12:38:40.0966511Z  * [new tag]             0.4.4                  -> 0.4.4
end-workflow	Checkout Repository	2026-02-17T12:38:40.0966867Z  * [new tag]             0.4.5                  -> 0.4.5
end-workflow	Checkout Repository	2026-02-17T12:38:40.0967220Z  * [new tag]             0.4.6                  -> 0.4.6
end-workflow	Checkout Repository	2026-02-17T12:38:40.0968340Z  * [new tag]             0.4.7                  -> 0.4.7
end-workflow	Checkout Repository	2026-02-17T12:38:40.0968701Z  * [new tag]             0.4.8                  -> 0.4.8
end-workflow	Checkout Repository	2026-02-17T12:38:40.0969055Z  * [new tag]             0.4.9                  -> 0.4.9
end-workflow	Checkout Repository	2026-02-17T12:38:40.0969423Z  * [new tag]             0.5.0                  -> 0.5.0
end-workflow	Checkout Repository	2026-02-17T12:38:40.0969993Z  * [new tag]             0.5.1                  -> 0.5.1
end-workflow	Checkout Repository	2026-02-17T12:38:40.0970353Z  * [new tag]             0.5.2                  -> 0.5.2
end-workflow	Checkout Repository	2026-02-17T12:38:40.0970715Z  * [new tag]             0.6.0                  -> 0.6.0
end-workflow	Checkout Repository	2026-02-17T12:38:40.0971070Z  * [new tag]             0.6.1                  -> 0.6.1
end-workflow	Checkout Repository	2026-02-17T12:38:40.0971420Z  * [new tag]             0.6.2                  -> 0.6.2
end-workflow	Checkout Repository	2026-02-17T12:38:40.1245257Z [command]/usr/bin/git branch --list --remote origin/main
end-workflow	Checkout Repository	2026-02-17T12:38:40.1321641Z   origin/main
end-workflow	Checkout Repository	2026-02-17T12:38:40.1333146Z [command]/usr/bin/git rev-parse refs/remotes/origin/main
end-workflow	Checkout Repository	2026-02-17T12:38:40.1365290Z 002500a249287647f890b4b158521db35b0ccd8c
end-workflow	Checkout Repository	2026-02-17T12:38:40.1378050Z [command]/usr/bin/git -c protocol.version=2 fetch --no-tags --prune --no-recurse-submodules origin +087ddf5bafce7fa541f0f27770a006fef8f2aa50:refs/remotes/origin/main
end-workflow	Checkout Repository	2026-02-17T12:38:40.1559739Z From https://github.com/Ka0s-Klaus/ka0s
end-workflow	Checkout Repository	2026-02-17T12:38:40.1560692Z  + 002500a24...087ddf5ba 087ddf5bafce7fa541f0f27770a006fef8f2aa50 -> origin/main  (forced update)
end-workflow	Checkout Repository	2026-02-17T12:38:40.1600706Z ##[endgroup]
end-workflow	Checkout Repository	2026-02-17T12:38:40.1602877Z ##[group]Determining the checkout info
end-workflow	Checkout Repository	2026-02-17T12:38:40.1603425Z ##[endgroup]
end-workflow	Checkout Repository	2026-02-17T12:38:40.1608120Z [command]/usr/bin/git sparse-checkout disable
end-workflow	Checkout Repository	2026-02-17T12:38:40.1662718Z [command]/usr/bin/git config --local --unset-all extensions.worktreeConfig
end-workflow	Checkout Repository	2026-02-17T12:38:40.1702334Z ##[group]Checking out the ref
end-workflow	Checkout Repository	2026-02-17T12:38:40.1706573Z [command]/usr/bin/git checkout --progress --force -B main refs/remotes/origin/main
end-workflow	Checkout Repository	2026-02-17T12:38:40.6847951Z Switched to a new branch 'main'
end-workflow	Checkout Repository	2026-02-17T12:38:40.6851987Z branch 'main' set up to track 'origin/main'.
end-workflow	Checkout Repository	2026-02-17T12:38:40.6927902Z ##[endgroup]
end-workflow	Checkout Repository	2026-02-17T12:38:40.6986711Z [command]/usr/bin/git log -1 --format=%H
end-workflow	Checkout Repository	2026-02-17T12:38:40.7022548Z 087ddf5bafce7fa541f0f27770a006fef8f2aa50
end-workflow	Install GH CLI	ï»¿2026-02-17T12:38:40.7308107Z Prepare all required actions
end-workflow	Install GH CLI	2026-02-17T12:38:40.7362591Z ##[group]Run ./.github/actions/install-gh-cli
end-workflow	Install GH CLI	2026-02-17T12:38:40.7362981Z ##[endgroup]
end-workflow	Install GH CLI	2026-02-17T12:38:40.7469424Z ##[group]Run type -p curl >/dev/null || (sudo apt-get update && sudo apt-get install curl -y)
end-workflow	Install GH CLI	2026-02-17T12:38:40.7470184Z [36;1mtype -p curl >/dev/null || (sudo apt-get update && sudo apt-get install curl -y)[0m
end-workflow	Install GH CLI	2026-02-17T12:38:40.7471059Z [36;1mcurl -fsSL https://cli.github.com/packages/githubcli-archive-keyring.gpg | sudo dd of=/usr/share/keyrings/githubcli-archive-keyring.gpg \[0m
end-workflow	Install GH CLI	2026-02-17T12:38:40.7471892Z [36;1m&& sudo chmod go+r /usr/share/keyrings/githubcli-archive-keyring.gpg \[0m
end-workflow	Install GH CLI	2026-02-17T12:38:40.7472999Z [36;1m&& echo "deb [arch=$(dpkg --print-architecture) signed-by=/usr/share/keyrings/githubcli-archive-keyring.gpg] https://cli.github.com/packages stable main" | sudo tee /etc/apt/sources.list.d/github-cli.list > /dev/null \[0m
end-workflow	Install GH CLI	2026-02-17T12:38:40.7474008Z [36;1m&& sudo apt-get update \[0m
end-workflow	Install GH CLI	2026-02-17T12:38:40.7474373Z [36;1m&& sudo apt-get install gh -y[0m
end-workflow	Install GH CLI	2026-02-17T12:38:40.7491188Z shell: /usr/bin/bash --noprofile --norc -e -o pipefail {0}
end-workflow	Install GH CLI	2026-02-17T12:38:40.7491615Z ##[endgroup]
end-workflow	Install GH CLI	2026-02-17T12:38:40.8315410Z 4+1 records in
end-workflow	Install GH CLI	2026-02-17T12:38:40.8315867Z 4+1 records out
end-workflow	Install GH CLI	2026-02-17T12:38:40.8316202Z 2270 bytes (2.3 kB, 2.2 KiB) copied, 0.0597498 s, 38.0 kB/s
end-workflow	Install GH CLI	2026-02-17T12:38:40.9883472Z Get:1 https://cli.github.com/packages stable InRelease [3917 B]
end-workflow	Install GH CLI	2026-02-17T12:38:40.9988927Z Get:2 http://security.ubuntu.com/ubuntu noble-security InRelease [126 kB]
end-workflow	Install GH CLI	2026-02-17T12:38:41.0770692Z Get:3 https://cli.github.com/packages stable/main amd64 Packages [356 B]
end-workflow	Install GH CLI	2026-02-17T12:38:41.1421570Z Get:4 https://ppa.launchpadcontent.net/git-core/ppa/ubuntu noble InRelease [24.3 kB]
end-workflow	Install GH CLI	2026-02-17T12:38:41.1456412Z Get:5 http://archive.ubuntu.com/ubuntu noble InRelease [256 kB]
end-workflow	Install GH CLI	2026-02-17T12:38:41.1955814Z Get:6 http://security.ubuntu.com/ubuntu noble-security/restricted amd64 Packages [3122 kB]
end-workflow	Install GH CLI	2026-02-17T12:38:41.2618395Z Get:7 https://ppa.launchpadcontent.net/git-core/ppa/ubuntu noble/main amd64 Packages [2992 B]
end-workflow	Install GH CLI	2026-02-17T12:38:41.3763207Z Get:8 http://security.ubuntu.com/ubuntu noble-security/universe amd64 Packages [1205 kB]
end-workflow	Install GH CLI	2026-02-17T12:38:41.3875488Z Get:9 http://security.ubuntu.com/ubuntu noble-security/multiverse amd64 Packages [34.8 kB]
end-workflow	Install GH CLI	2026-02-17T12:38:41.3879776Z Get:10 http://security.ubuntu.com/ubuntu noble-security/main amd64 Packages [1829 kB]
end-workflow	Install GH CLI	2026-02-17T12:38:41.7173985Z Get:11 http://archive.ubuntu.com/ubuntu noble-updates InRelease [126 kB]
end-workflow	Install GH CLI	2026-02-17T12:38:41.8622639Z Get:12 http://archive.ubuntu.com/ubuntu noble-backports InRelease [126 kB]
end-workflow	Install GH CLI	2026-02-17T12:38:42.0013816Z Get:13 http://archive.ubuntu.com/ubuntu noble/universe amd64 Packages [19.3 MB]
end-workflow	Install GH CLI	2026-02-17T12:38:42.8490513Z Get:14 http://archive.ubuntu.com/ubuntu noble/multiverse amd64 Packages [331 kB]
end-workflow	Install GH CLI	2026-02-17T12:38:42.8538532Z Get:15 http://archive.ubuntu.com/ubuntu noble/main amd64 Packages [1808 kB]
end-workflow	Install GH CLI	2026-02-17T12:38:42.8735063Z Get:16 http://archive.ubuntu.com/ubuntu noble/restricted amd64 Packages [117 kB]
end-workflow	Install GH CLI	2026-02-17T12:38:42.8760094Z Get:17 http://archive.ubuntu.com/ubuntu noble-updates/universe amd64 Packages [2014 kB]
end-workflow	Install GH CLI	2026-02-17T12:38:42.9565294Z Get:18 http://archive.ubuntu.com/ubuntu noble-updates/restricted amd64 Packages [3330 kB]
end-workflow	Install GH CLI	2026-02-17T12:38:43.0386491Z Get:19 http://archive.ubuntu.com/ubuntu noble-updates/main amd64 Packages [2218 kB]
end-workflow	Install GH CLI	2026-02-17T12:38:43.0955788Z Get:20 http://archive.ubuntu.com/ubuntu noble-updates/multiverse amd64 Packages [38.1 kB]
end-workflow	Install GH CLI	2026-02-17T12:38:43.0961348Z Get:21 http://archive.ubuntu.com/ubuntu noble-backports/main amd64 Packages [49.5 kB]
end-workflow	Install GH CLI	2026-02-17T12:38:43.0970370Z Get:22 http://archive.ubuntu.com/ubuntu noble-backports/universe amd64 Packages [34.6 kB]
end-workflow	Install GH CLI	2026-02-17T12:38:44.1208639Z Fetched 36.1 MB in 3s (11.3 MB/s)
end-workflow	Install GH CLI	2026-02-17T12:38:45.0441490Z Reading package lists...
end-workflow	Install GH CLI	2026-02-17T12:38:46.0281387Z Reading package lists...
end-workflow	Install GH CLI	2026-02-17T12:38:46.2529922Z Building dependency tree...
end-workflow	Install GH CLI	2026-02-17T12:38:46.2530358Z Reading state information...
end-workflow	Install GH CLI	2026-02-17T12:38:46.6082681Z The following NEW packages will be installed:
end-workflow	Install GH CLI	2026-02-17T12:38:46.6103090Z   gh
end-workflow	Install GH CLI	2026-02-17T12:38:47.1726736Z 0 upgraded, 1 newly installed, 0 to remove and 25 not upgraded.
end-workflow	Install GH CLI	2026-02-17T12:38:47.1729288Z Need to get 13.7 MB of archives.
end-workflow	Install GH CLI	2026-02-17T12:38:47.1730822Z After this operation, 37.9 MB of additional disk space will be used.
end-workflow	Install GH CLI	2026-02-17T12:38:47.1733614Z Get:1 https://cli.github.com/packages stable/main amd64 gh amd64 2.86.0 [13.7 MB]
end-workflow	Install GH CLI	2026-02-17T12:38:47.5574508Z debconf: delaying package configuration, since apt-utils is not installed
end-workflow	Install GH CLI	2026-02-17T12:38:47.5990865Z Fetched 13.7 MB in 1s (17.9 MB/s)
end-workflow	Install GH CLI	2026-02-17T12:38:47.6283942Z Selecting previously unselected package gh.
end-workflow	Install GH CLI	2026-02-17T12:38:47.6323337Z (Reading database ... 
end-workflow	Install GH CLI	2026-02-17T12:38:47.6323631Z (Reading database ... 5%
end-workflow	Install GH CLI	2026-02-17T12:38:47.6325104Z (Reading database ... 10%
end-workflow	Install GH CLI	2026-02-17T12:38:47.6325346Z (Reading database ... 15%
end-workflow	Install GH CLI	2026-02-17T12:38:47.6325639Z (Reading database ... 20%
end-workflow	Install GH CLI	2026-02-17T12:38:47.6325898Z (Reading database ... 25%
end-workflow	Install GH CLI	2026-02-17T12:38:47.6326146Z (Reading database ... 30%
end-workflow	Install GH CLI	2026-02-17T12:38:47.6326428Z (Reading database ... 35%
end-workflow	Install GH CLI	2026-02-17T12:38:47.6326643Z (Reading database ... 40%
end-workflow	Install GH CLI	2026-02-17T12:38:47.6326868Z (Reading database ... 45%
end-workflow	Install GH CLI	2026-02-17T12:38:47.6327093Z (Reading database ... 50%
end-workflow	Install GH CLI	2026-02-17T12:38:47.6328979Z (Reading database ... 55%
end-workflow	Install GH CLI	2026-02-17T12:38:47.6329252Z (Reading database ... 60%
end-workflow	Install GH CLI	2026-02-17T12:38:47.6338576Z (Reading database ... 65%
end-workflow	Install GH CLI	2026-02-17T12:38:47.6352701Z (Reading database ... 70%
end-workflow	Install GH CLI	2026-02-17T12:38:47.6357633Z (Reading database ... 75%
end-workflow	Install GH CLI	2026-02-17T12:38:47.6372155Z (Reading database ... 80%
end-workflow	Install GH CLI	2026-02-17T12:38:47.6377027Z (Reading database ... 85%
end-workflow	Install GH CLI	2026-02-17T12:38:47.6387930Z (Reading database ... 90%
end-workflow	Install GH CLI	2026-02-17T12:38:47.6408910Z (Reading database ... 95%
end-workflow	Install GH CLI	2026-02-17T12:38:47.6409273Z (Reading database ... 100%
end-workflow	Install GH CLI	2026-02-17T12:38:47.6409613Z (Reading database ... 14385 files and directories currently installed.)
end-workflow	Install GH CLI	2026-02-17T12:38:47.6416858Z Preparing to unpack .../archives/gh_2.86.0_amd64.deb ...
end-workflow	Install GH CLI	2026-02-17T12:38:47.6446638Z Unpacking gh (2.86.0) ...
end-workflow	Install GH CLI	2026-02-17T12:38:47.8692593Z Setting up gh (2.86.0) ...
end-workflow	Trigger Inspector	ï»¿2026-02-17T12:38:47.9550739Z ##[group]Run echo "ðŸ” Triggering Inspector for Audit..."
end-workflow	Trigger Inspector	2026-02-17T12:38:47.9551293Z [36;1mecho "ðŸ” Triggering Inspector for Audit..."[0m
end-workflow	Trigger Inspector	2026-02-17T12:38:47.9551703Z [36;1mgh workflow run inspector.yml \[0m
end-workflow	Trigger Inspector	2026-02-17T12:38:47.9552046Z [36;1m  --ref main \[0m
end-workflow	Trigger Inspector	2026-02-17T12:38:47.9552359Z [36;1m  -f kaos-workflow-id="22098731779" \[0m
end-workflow	Trigger Inspector	2026-02-17T12:38:47.9552738Z [36;1m  -f kaos-user-start="santakloud"[0m
end-workflow	Trigger Inspector	2026-02-17T12:38:47.9569116Z shell: /usr/bin/bash -e {0}
end-workflow	Trigger Inspector	2026-02-17T12:38:47.9569435Z env:
end-workflow	Trigger Inspector	2026-02-17T12:38:47.9569989Z   GH_TOKEN: ***
end-workflow	Trigger Inspector	2026-02-17T12:38:47.9570244Z ##[endgroup]
end-workflow	Trigger Inspector	2026-02-17T12:38:47.9630749Z ðŸ” Triggering Inspector for Audit...
end-workflow	Post Checkout Repository	ï»¿2026-02-17T12:38:49.7797771Z Post job cleanup.
end-workflow	Post Checkout Repository	2026-02-17T12:38:49.8872914Z [command]/usr/bin/git version
end-workflow	Post Checkout Repository	2026-02-17T12:38:49.8929120Z git version 2.52.0
end-workflow	Post Checkout Repository	2026-02-17T12:38:49.8969924Z Temporarily overriding HOME='/home/runner/_work/_temp/8ff1df3b-63f8-466b-a710-6d168f515948' before making global git config changes
end-workflow	Post Checkout Repository	2026-02-17T12:38:49.8971038Z Adding repository directory to the temporary git global config as a safe directory
end-workflow	Post Checkout Repository	2026-02-17T12:38:49.8976422Z [command]/usr/bin/git config --global --add safe.directory /home/runner/_work/ka0s/ka0s
end-workflow	Post Checkout Repository	2026-02-17T12:38:49.9035329Z [command]/usr/bin/git config --local --name-only --get-regexp core\.sshCommand
end-workflow	Post Checkout Repository	2026-02-17T12:38:49.9078573Z [command]/usr/bin/git submodule foreach --recursive sh -c "git config --local --name-only --get-regexp 'core\.sshCommand' && git config --local --unset-all 'core.sshCommand' || :"
end-workflow	Post Checkout Repository	2026-02-17T12:38:49.9416294Z [command]/usr/bin/git config --local --name-only --get-regexp http\.https\:\/\/github\.com\/\.extraheader
end-workflow	Post Checkout Repository	2026-02-17T12:38:49.9446997Z http.https://github.com/.extraheader
end-workflow	Post Checkout Repository	2026-02-17T12:38:49.9460763Z [command]/usr/bin/git config --local --unset-all http.https://github.com/.extraheader
end-workflow	Post Checkout Repository	2026-02-17T12:38:49.9504374Z [command]/usr/bin/git submodule foreach --recursive sh -c "git config --local --name-only --get-regexp 'http\.https\:\/\/github\.com\/\.extraheader' && git config --local --unset-all 'http.https://github.com/.extraheader' || :"
end-workflow	Post Checkout Repository	2026-02-17T12:38:49.9836251Z [command]/usr/bin/git config --local --name-only --get-regexp ^includeIf\.gitdir:
end-workflow	Post Checkout Repository	2026-02-17T12:38:49.9876620Z [command]/usr/bin/git submodule foreach --recursive git config --local --show-origin --name-only --get-regexp remote.origin.url
end-workflow	Complete job	ï»¿2026-02-17T12:38:50.0340721Z Cleaning up orphan processes
