job-core	Set up job	Ôªø2026-02-18T09:59:58.1260241Z Current runner version: '2.331.0'
job-core	Set up job	2026-02-18T09:59:58.1269619Z Runner name: 'swarm-runners-scaleset-hkss5-runner-5rgg7'
job-core	Set up job	2026-02-18T09:59:58.1270727Z Runner group name: 'Default'
job-core	Set up job	2026-02-18T09:59:58.1271861Z Machine name: 'swarm-runners-scaleset-hkss5-runner-5rgg7'
job-core	Set up job	2026-02-18T09:59:58.1276850Z ##[group]GITHUB_TOKEN Permissions
job-core	Set up job	2026-02-18T09:59:58.1279476Z Actions: write
job-core	Set up job	2026-02-18T09:59:58.1280363Z Contents: write
job-core	Set up job	2026-02-18T09:59:58.1280982Z Issues: write
job-core	Set up job	2026-02-18T09:59:58.1281600Z Metadata: read
job-core	Set up job	2026-02-18T09:59:58.1282190Z PullRequests: write
job-core	Set up job	2026-02-18T09:59:58.1282828Z ##[endgroup]
job-core	Set up job	2026-02-18T09:59:58.1285566Z Secret source: Actions
job-core	Set up job	2026-02-18T09:59:58.1286389Z Prepare workflow directory
job-core	Set up job	2026-02-18T09:59:58.1873514Z Prepare all required actions
job-core	Set up job	2026-02-18T09:59:58.1913966Z Getting action download info
job-core	Set up job	2026-02-18T09:59:58.8205654Z Download action repository 'actions/checkout@v4' (SHA:34e114876b0b11c390a56381ad16ebd13914f8d5)
job-core	Set up job	2026-02-18T09:59:59.6401996Z Download action repository 'actions/setup-python@v4' (SHA:7f4fc3e22c37d6ff65e88745f38bd3157c663f7c)
job-core	Set up job	2026-02-18T10:00:00.5100668Z Download action repository 'actions/upload-artifact@v4' (SHA:ea165f8d65b6e75b540449e92b4886f43607fa02)
job-core	Set up job	2026-02-18T10:00:01.5493873Z Complete job name: job-core
job-core	Checkout code	Ôªø2026-02-18T10:00:01.6418597Z ##[group]Run actions/checkout@v4
job-core	Checkout code	2026-02-18T10:00:01.6419956Z with:
job-core	Checkout code	2026-02-18T10:00:01.6420650Z   fetch-depth: 0
job-core	Checkout code	2026-02-18T10:00:01.6421402Z   repository: Ka0s-Klaus/ka0s
job-core	Checkout code	2026-02-18T10:00:01.6422664Z   token: ***
job-core	Checkout code	2026-02-18T10:00:01.6423363Z   ssh-strict: true
job-core	Checkout code	2026-02-18T10:00:01.6424080Z   ssh-user: git
job-core	Checkout code	2026-02-18T10:00:01.6425456Z   persist-credentials: true
job-core	Checkout code	2026-02-18T10:00:01.6426302Z   clean: true
job-core	Checkout code	2026-02-18T10:00:01.6427057Z   sparse-checkout-cone-mode: true
job-core	Checkout code	2026-02-18T10:00:01.6428112Z   fetch-tags: false
job-core	Checkout code	2026-02-18T10:00:01.6428885Z   show-progress: true
job-core	Checkout code	2026-02-18T10:00:01.6429664Z   lfs: false
job-core	Checkout code	2026-02-18T10:00:01.6430660Z   submodules: false
job-core	Checkout code	2026-02-18T10:00:01.6431453Z   set-safe-directory: true
job-core	Checkout code	2026-02-18T10:00:01.6432631Z env:
job-core	Checkout code	2026-02-18T10:00:01.6433374Z   PYTHON_VERSION: 3.9
job-core	Checkout code	2026-02-18T10:00:01.6436250Z   MONGO_SUPERUSER_CONNECTION: ***
job-core	Checkout code	2026-02-18T10:00:01.6437568Z   MONGO_NEW_PASS: ***
job-core	Checkout code	2026-02-18T10:00:01.6438758Z   MONGO_SCRIPT_CREATE: devops/core/mongo/scripts/mongodb_status_report.py
job-core	Checkout code	2026-02-18T10:00:01.6440213Z   KAOS_CODE: 22135054025
job-core	Checkout code	2026-02-18T10:00:01.6441028Z   REPORT_SCAN: audit/
job-core	Checkout code	2026-02-18T10:00:01.6442101Z   REPORT_PATH: audit/mongodb/
job-core	Checkout code	2026-02-18T10:00:01.6443013Z   REPORT_FILENAME: 22135054025.json
job-core	Checkout code	2026-02-18T10:00:01.6444017Z   KAOS_MODULE: [Ka0s] Status MongDB Report
job-core	Checkout code	2026-02-18T10:00:01.6445468Z   GITHUB_OUTPUT: 
job-core	Checkout code	2026-02-18T10:00:01.6446207Z ##[endgroup]
job-core	Checkout code	2026-02-18T10:00:01.7782958Z Syncing repository: Ka0s-Klaus/ka0s
job-core	Checkout code	2026-02-18T10:00:01.7786285Z ##[group]Getting Git version info
job-core	Checkout code	2026-02-18T10:00:01.7787470Z Working directory is '/home/runner/_work/ka0s/ka0s'
job-core	Checkout code	2026-02-18T10:00:01.7865547Z [command]/usr/bin/git version
job-core	Checkout code	2026-02-18T10:00:01.7866604Z git version 2.52.0
job-core	Checkout code	2026-02-18T10:00:01.7876628Z ##[endgroup]
job-core	Checkout code	2026-02-18T10:00:01.7884450Z Temporarily overriding HOME='/home/runner/_work/_temp/eaa7ed8b-cd5b-444a-913e-64f80164e262' before making global git config changes
job-core	Checkout code	2026-02-18T10:00:01.7892567Z Adding repository directory to the temporary git global config as a safe directory
job-core	Checkout code	2026-02-18T10:00:01.7895640Z [command]/usr/bin/git config --global --add safe.directory /home/runner/_work/ka0s/ka0s
job-core	Checkout code	2026-02-18T10:00:01.7899405Z Deleting the contents of '/home/runner/_work/ka0s/ka0s'
job-core	Checkout code	2026-02-18T10:00:01.7906288Z ##[group]Initializing the repository
job-core	Checkout code	2026-02-18T10:00:01.7913348Z [command]/usr/bin/git init /home/runner/_work/ka0s/ka0s
job-core	Checkout code	2026-02-18T10:00:01.7969484Z hint: Using 'master' as the name for the initial branch. This default branch name
job-core	Checkout code	2026-02-18T10:00:01.7972435Z hint: will change to "main" in Git 3.0. To configure the initial branch name
job-core	Checkout code	2026-02-18T10:00:01.7975754Z hint: to use in all of your new repositories, which will suppress this warning,
job-core	Checkout code	2026-02-18T10:00:01.7977406Z hint: call:
job-core	Checkout code	2026-02-18T10:00:01.7978313Z hint:
job-core	Checkout code	2026-02-18T10:00:01.7980445Z hint: 	git config --global init.defaultBranch <name>
job-core	Checkout code	2026-02-18T10:00:01.7981806Z hint:
job-core	Checkout code	2026-02-18T10:00:01.7983113Z hint: Names commonly chosen instead of 'master' are 'main', 'trunk' and
job-core	Checkout code	2026-02-18T10:00:01.7985663Z hint: 'development'. The just-created branch can be renamed via this command:
job-core	Checkout code	2026-02-18T10:00:01.7987637Z hint:
job-core	Checkout code	2026-02-18T10:00:01.7988475Z hint: 	git branch -m <name>
job-core	Checkout code	2026-02-18T10:00:01.7989341Z hint:
job-core	Checkout code	2026-02-18T10:00:01.7990496Z hint: Disable this message with "git config set advice.defaultBranchName false"
job-core	Checkout code	2026-02-18T10:00:01.7992420Z Initialized empty Git repository in /home/runner/_work/ka0s/ka0s/.git/
job-core	Checkout code	2026-02-18T10:00:01.7998737Z [command]/usr/bin/git remote add origin https://github.com/Ka0s-Klaus/ka0s
job-core	Checkout code	2026-02-18T10:00:01.8034214Z ##[endgroup]
job-core	Checkout code	2026-02-18T10:00:01.8038545Z ##[group]Disabling automatic garbage collection
job-core	Checkout code	2026-02-18T10:00:01.8040044Z [command]/usr/bin/git config --local gc.auto 0
job-core	Checkout code	2026-02-18T10:00:01.8082025Z ##[endgroup]
job-core	Checkout code	2026-02-18T10:00:01.8083449Z ##[group]Setting up auth
job-core	Checkout code	2026-02-18T10:00:01.8089975Z [command]/usr/bin/git config --local --name-only --get-regexp core\.sshCommand
job-core	Checkout code	2026-02-18T10:00:01.8141441Z [command]/usr/bin/git submodule foreach --recursive sh -c "git config --local --name-only --get-regexp 'core\.sshCommand' && git config --local --unset-all 'core.sshCommand' || :"
job-core	Checkout code	2026-02-18T10:00:01.8502617Z [command]/usr/bin/git config --local --name-only --get-regexp http\.https\:\/\/github\.com\/\.extraheader
job-core	Checkout code	2026-02-18T10:00:01.8550538Z [command]/usr/bin/git submodule foreach --recursive sh -c "git config --local --name-only --get-regexp 'http\.https\:\/\/github\.com\/\.extraheader' && git config --local --unset-all 'http.https://github.com/.extraheader' || :"
job-core	Checkout code	2026-02-18T10:00:01.8921450Z [command]/usr/bin/git config --local --name-only --get-regexp ^includeIf\.gitdir:
job-core	Checkout code	2026-02-18T10:00:01.8973174Z [command]/usr/bin/git submodule foreach --recursive git config --local --show-origin --name-only --get-regexp remote.origin.url
job-core	Checkout code	2026-02-18T10:00:01.9314169Z [command]/usr/bin/git config --local http.https://github.com/.extraheader AUTHORIZATION: basic ***
job-core	Checkout code	2026-02-18T10:00:01.9375518Z ##[endgroup]
job-core	Checkout code	2026-02-18T10:00:01.9376963Z ##[group]Fetching the repository
job-core	Checkout code	2026-02-18T10:00:01.9386090Z [command]/usr/bin/git -c protocol.version=2 fetch --prune --no-recurse-submodules origin +refs/heads/*:refs/remotes/origin/* +refs/tags/*:refs/tags/*
job-core	Checkout code	2026-02-18T10:00:23.4675787Z From https://github.com/Ka0s-Klaus/ka0s
job-core	Checkout code	2026-02-18T10:00:23.4695349Z  * [new branch]          F3450-modelo-operativo -> origin/F3450-modelo-operativo
job-core	Checkout code	2026-02-18T10:00:23.4696189Z  * [new branch]          H1276-modulo-observabilidad -> origin/H1276-modulo-observabilidad
job-core	Checkout code	2026-02-18T10:00:23.4696805Z  * [new branch]          H3266-deploy-zabbix    -> origin/H3266-deploy-zabbix
job-core	Checkout code	2026-02-18T10:00:23.4697334Z  * [new branch]          H3596-deploy-itop      -> origin/H3596-deploy-itop
job-core	Checkout code	2026-02-18T10:00:23.4697806Z  * [new branch]          main                   -> origin/main
job-core	Checkout code	2026-02-18T10:00:23.4698202Z  * [new tag]             0.0.0                  -> 0.0.0
job-core	Checkout code	2026-02-18T10:00:23.4698715Z  * [new tag]             0.0.1                  -> 0.0.1
job-core	Checkout code	2026-02-18T10:00:23.4699071Z  * [new tag]             0.0.10                 -> 0.0.10
job-core	Checkout code	2026-02-18T10:00:23.4699431Z  * [new tag]             0.0.100                -> 0.0.100
job-core	Checkout code	2026-02-18T10:00:23.4699802Z  * [new tag]             0.0.101                -> 0.0.101
job-core	Checkout code	2026-02-18T10:00:23.4700155Z  * [new tag]             0.0.102                -> 0.0.102
job-core	Checkout code	2026-02-18T10:00:23.4700504Z  * [new tag]             0.0.103                -> 0.0.103
job-core	Checkout code	2026-02-18T10:00:23.4700858Z  * [new tag]             0.0.104                -> 0.0.104
job-core	Checkout code	2026-02-18T10:00:23.4701263Z  * [new tag]             0.0.105                -> 0.0.105
job-core	Checkout code	2026-02-18T10:00:23.4701666Z  * [new tag]             0.0.106                -> 0.0.106
job-core	Checkout code	2026-02-18T10:00:23.4702018Z  * [new tag]             0.0.107                -> 0.0.107
job-core	Checkout code	2026-02-18T10:00:23.4702370Z  * [new tag]             0.0.108                -> 0.0.108
job-core	Checkout code	2026-02-18T10:00:23.4703169Z  * [new tag]             0.0.109                -> 0.0.109
job-core	Checkout code	2026-02-18T10:00:23.4703524Z  * [new tag]             0.0.11                 -> 0.0.11
job-core	Checkout code	2026-02-18T10:00:23.4703880Z  * [new tag]             0.0.110                -> 0.0.110
job-core	Checkout code	2026-02-18T10:00:23.4704233Z  * [new tag]             0.0.111                -> 0.0.111
job-core	Checkout code	2026-02-18T10:00:23.4716180Z  * [new tag]             0.0.112                -> 0.0.112
job-core	Checkout code	2026-02-18T10:00:23.4716667Z  * [new tag]             0.0.113                -> 0.0.113
job-core	Checkout code	2026-02-18T10:00:23.4717037Z  * [new tag]             0.0.114                -> 0.0.114
job-core	Checkout code	2026-02-18T10:00:23.4717419Z  * [new tag]             0.0.115                -> 0.0.115
job-core	Checkout code	2026-02-18T10:00:23.4717780Z  * [new tag]             0.0.116                -> 0.0.116
job-core	Checkout code	2026-02-18T10:00:23.4718152Z  * [new tag]             0.0.117                -> 0.0.117
job-core	Checkout code	2026-02-18T10:00:23.4718524Z  * [new tag]             0.0.118                -> 0.0.118
job-core	Checkout code	2026-02-18T10:00:23.4719151Z  * [new tag]             0.0.119                -> 0.0.119
job-core	Checkout code	2026-02-18T10:00:23.4719712Z  * [new tag]             0.0.12                 -> 0.0.12
job-core	Checkout code	2026-02-18T10:00:23.4740328Z  * [new tag]             0.0.120                -> 0.0.120
job-core	Checkout code	2026-02-18T10:00:23.4740791Z  * [new tag]             0.0.121                -> 0.0.121
job-core	Checkout code	2026-02-18T10:00:23.4741615Z  * [new tag]             0.0.122                -> 0.0.122
job-core	Checkout code	2026-02-18T10:00:23.4741986Z  * [new tag]             0.0.123                -> 0.0.123
job-core	Checkout code	2026-02-18T10:00:23.4742349Z  * [new tag]             0.0.124                -> 0.0.124
job-core	Checkout code	2026-02-18T10:00:23.4742720Z  * [new tag]             0.0.125                -> 0.0.125
job-core	Checkout code	2026-02-18T10:00:23.4743086Z  * [new tag]             0.0.126                -> 0.0.126
job-core	Checkout code	2026-02-18T10:00:23.4743458Z  * [new tag]             0.0.127                -> 0.0.127
job-core	Checkout code	2026-02-18T10:00:23.4743829Z  * [new tag]             0.0.128                -> 0.0.128
job-core	Checkout code	2026-02-18T10:00:23.4744191Z  * [new tag]             0.0.129                -> 0.0.129
job-core	Checkout code	2026-02-18T10:00:23.4744714Z  * [new tag]             0.0.13                 -> 0.0.13
job-core	Checkout code	2026-02-18T10:00:23.4745110Z  * [new tag]             0.0.130                -> 0.0.130
job-core	Checkout code	2026-02-18T10:00:23.4745472Z  * [new tag]             0.0.131                -> 0.0.131
job-core	Checkout code	2026-02-18T10:00:23.4745834Z  * [new tag]             0.0.132                -> 0.0.132
job-core	Checkout code	2026-02-18T10:00:23.4746203Z  * [new tag]             0.0.133                -> 0.0.133
job-core	Checkout code	2026-02-18T10:00:23.4746572Z  * [new tag]             0.0.134                -> 0.0.134
job-core	Checkout code	2026-02-18T10:00:23.4746926Z  * [new tag]             0.0.135                -> 0.0.135
job-core	Checkout code	2026-02-18T10:00:23.4747292Z  * [new tag]             0.0.136                -> 0.0.136
job-core	Checkout code	2026-02-18T10:00:23.4747653Z  * [new tag]             0.0.137                -> 0.0.137
job-core	Checkout code	2026-02-18T10:00:23.4748014Z  * [new tag]             0.0.138                -> 0.0.138
job-core	Checkout code	2026-02-18T10:00:23.4748378Z  * [new tag]             0.0.139                -> 0.0.139
job-core	Checkout code	2026-02-18T10:00:23.4748741Z  * [new tag]             0.0.14                 -> 0.0.14
job-core	Checkout code	2026-02-18T10:00:23.4749108Z  * [new tag]             0.0.140                -> 0.0.140
job-core	Checkout code	2026-02-18T10:00:23.4749485Z  * [new tag]             0.0.141                -> 0.0.141
job-core	Checkout code	2026-02-18T10:00:23.4749848Z  * [new tag]             0.0.142                -> 0.0.142
job-core	Checkout code	2026-02-18T10:00:23.4750221Z  * [new tag]             0.0.143                -> 0.0.143
job-core	Checkout code	2026-02-18T10:00:23.4750582Z  * [new tag]             0.0.144                -> 0.0.144
job-core	Checkout code	2026-02-18T10:00:23.4750956Z  * [new tag]             0.0.145                -> 0.0.145
job-core	Checkout code	2026-02-18T10:00:23.4751344Z  * [new tag]             0.0.146                -> 0.0.146
job-core	Checkout code	2026-02-18T10:00:23.4751716Z  * [new tag]             0.0.147                -> 0.0.147
job-core	Checkout code	2026-02-18T10:00:23.4752088Z  * [new tag]             0.0.148                -> 0.0.148
job-core	Checkout code	2026-02-18T10:00:23.4752457Z  * [new tag]             0.0.149                -> 0.0.149
job-core	Checkout code	2026-02-18T10:00:23.4752837Z  * [new tag]             0.0.15                 -> 0.0.15
job-core	Checkout code	2026-02-18T10:00:23.4753223Z  * [new tag]             0.0.150                -> 0.0.150
job-core	Checkout code	2026-02-18T10:00:23.4753912Z  * [new tag]             0.0.151                -> 0.0.151
job-core	Checkout code	2026-02-18T10:00:23.4754330Z  * [new tag]             0.0.152                -> 0.0.152
job-core	Checkout code	2026-02-18T10:00:23.4754879Z  * [new tag]             0.0.153                -> 0.0.153
job-core	Checkout code	2026-02-18T10:00:23.4755272Z  * [new tag]             0.0.154                -> 0.0.154
job-core	Checkout code	2026-02-18T10:00:23.4755658Z  * [new tag]             0.0.155                -> 0.0.155
job-core	Checkout code	2026-02-18T10:00:23.4756040Z  * [new tag]             0.0.156                -> 0.0.156
job-core	Checkout code	2026-02-18T10:00:23.4756429Z  * [new tag]             0.0.157                -> 0.0.157
job-core	Checkout code	2026-02-18T10:00:23.4756807Z  * [new tag]             0.0.158                -> 0.0.158
job-core	Checkout code	2026-02-18T10:00:23.4757191Z  * [new tag]             0.0.159                -> 0.0.159
job-core	Checkout code	2026-02-18T10:00:23.4757566Z  * [new tag]             0.0.16                 -> 0.0.16
job-core	Checkout code	2026-02-18T10:00:23.4757942Z  * [new tag]             0.0.160                -> 0.0.160
job-core	Checkout code	2026-02-18T10:00:23.4758316Z  * [new tag]             0.0.161                -> 0.0.161
job-core	Checkout code	2026-02-18T10:00:23.4758703Z  * [new tag]             0.0.162                -> 0.0.162
job-core	Checkout code	2026-02-18T10:00:23.4759079Z  * [new tag]             0.0.163                -> 0.0.163
job-core	Checkout code	2026-02-18T10:00:23.4759442Z  * [new tag]             0.0.164                -> 0.0.164
job-core	Checkout code	2026-02-18T10:00:23.4760092Z  * [new tag]             0.0.165                -> 0.0.165
job-core	Checkout code	2026-02-18T10:00:23.4760466Z  * [new tag]             0.0.166                -> 0.0.166
job-core	Checkout code	2026-02-18T10:00:23.4760843Z  * [new tag]             0.0.167                -> 0.0.167
job-core	Checkout code	2026-02-18T10:00:23.4761215Z  * [new tag]             0.0.168                -> 0.0.168
job-core	Checkout code	2026-02-18T10:00:23.4761587Z  * [new tag]             0.0.169                -> 0.0.169
job-core	Checkout code	2026-02-18T10:00:23.4761958Z  * [new tag]             0.0.17                 -> 0.0.17
job-core	Checkout code	2026-02-18T10:00:23.4762333Z  * [new tag]             0.0.170                -> 0.0.170
job-core	Checkout code	2026-02-18T10:00:23.4762700Z  * [new tag]             0.0.171                -> 0.0.171
job-core	Checkout code	2026-02-18T10:00:23.4763082Z  * [new tag]             0.0.172                -> 0.0.172
job-core	Checkout code	2026-02-18T10:00:23.4763464Z  * [new tag]             0.0.173                -> 0.0.173
job-core	Checkout code	2026-02-18T10:00:23.4763847Z  * [new tag]             0.0.174                -> 0.0.174
job-core	Checkout code	2026-02-18T10:00:23.4764224Z  * [new tag]             0.0.175                -> 0.0.175
job-core	Checkout code	2026-02-18T10:00:23.4764793Z  * [new tag]             0.0.176                -> 0.0.176
job-core	Checkout code	2026-02-18T10:00:23.4765179Z  * [new tag]             0.0.177                -> 0.0.177
job-core	Checkout code	2026-02-18T10:00:23.4765551Z  * [new tag]             0.0.178                -> 0.0.178
job-core	Checkout code	2026-02-18T10:00:23.4765939Z  * [new tag]             0.0.179                -> 0.0.179
job-core	Checkout code	2026-02-18T10:00:23.4766320Z  * [new tag]             0.0.18                 -> 0.0.18
job-core	Checkout code	2026-02-18T10:00:23.4766703Z  * [new tag]             0.0.19                 -> 0.0.19
job-core	Checkout code	2026-02-18T10:00:23.4767098Z  * [new tag]             0.0.2                  -> 0.0.2
job-core	Checkout code	2026-02-18T10:00:23.4767525Z  * [new tag]             0.0.20                 -> 0.0.20
job-core	Checkout code	2026-02-18T10:00:23.4767979Z  * [new tag]             0.0.21                 -> 0.0.21
job-core	Checkout code	2026-02-18T10:00:23.4768440Z  * [new tag]             0.0.22                 -> 0.0.22
job-core	Checkout code	2026-02-18T10:00:23.4768868Z  * [new tag]             0.0.23                 -> 0.0.23
job-core	Checkout code	2026-02-18T10:00:23.4769284Z  * [new tag]             0.0.24                 -> 0.0.24
job-core	Checkout code	2026-02-18T10:00:23.4769700Z  * [new tag]             0.0.25                 -> 0.0.25
job-core	Checkout code	2026-02-18T10:00:23.4770117Z  * [new tag]             0.0.26                 -> 0.0.26
job-core	Checkout code	2026-02-18T10:00:23.4770503Z  * [new tag]             0.0.27                 -> 0.0.27
job-core	Checkout code	2026-02-18T10:00:23.4770885Z  * [new tag]             0.0.28                 -> 0.0.28
job-core	Checkout code	2026-02-18T10:00:23.4771271Z  * [new tag]             0.0.29                 -> 0.0.29
job-core	Checkout code	2026-02-18T10:00:23.4771657Z  * [new tag]             0.0.3                  -> 0.0.3
job-core	Checkout code	2026-02-18T10:00:23.4772060Z  * [new tag]             0.0.30                 -> 0.0.30
job-core	Checkout code	2026-02-18T10:00:23.4772569Z  * [new tag]             0.0.31                 -> 0.0.31
job-core	Checkout code	2026-02-18T10:00:23.4773227Z  * [new tag]             0.0.32                 -> 0.0.32
job-core	Checkout code	2026-02-18T10:00:23.4773614Z  * [new tag]             0.0.33                 -> 0.0.33
job-core	Checkout code	2026-02-18T10:00:23.4773988Z  * [new tag]             0.0.34                 -> 0.0.34
job-core	Checkout code	2026-02-18T10:00:23.4774366Z  * [new tag]             0.0.35                 -> 0.0.35
job-core	Checkout code	2026-02-18T10:00:23.4775034Z  * [new tag]             0.0.36                 -> 0.0.36
job-core	Checkout code	2026-02-18T10:00:23.4775421Z  * [new tag]             0.0.37                 -> 0.0.37
job-core	Checkout code	2026-02-18T10:00:23.4776072Z  * [new tag]             0.0.38                 -> 0.0.38
job-core	Checkout code	2026-02-18T10:00:23.4776472Z  * [new tag]             0.0.39                 -> 0.0.39
job-core	Checkout code	2026-02-18T10:00:23.4776856Z  * [new tag]             0.0.4                  -> 0.0.4
job-core	Checkout code	2026-02-18T10:00:23.4777232Z  * [new tag]             0.0.40                 -> 0.0.40
job-core	Checkout code	2026-02-18T10:00:23.4777657Z  * [new tag]             0.0.41                 -> 0.0.41
job-core	Checkout code	2026-02-18T10:00:23.4778092Z  * [new tag]             0.0.42                 -> 0.0.42
job-core	Checkout code	2026-02-18T10:00:23.4778480Z  * [new tag]             0.0.43                 -> 0.0.43
job-core	Checkout code	2026-02-18T10:00:23.4778869Z  * [new tag]             0.0.44                 -> 0.0.44
job-core	Checkout code	2026-02-18T10:00:23.4779566Z  * [new tag]             0.0.45                 -> 0.0.45
job-core	Checkout code	2026-02-18T10:00:23.4780073Z  * [new tag]             0.0.46                 -> 0.0.46
job-core	Checkout code	2026-02-18T10:00:23.4780430Z  * [new tag]             0.0.47                 -> 0.0.47
job-core	Checkout code	2026-02-18T10:00:23.4780788Z  * [new tag]             0.0.48                 -> 0.0.48
job-core	Checkout code	2026-02-18T10:00:23.4781310Z  * [new tag]             0.0.49                 -> 0.0.49
job-core	Checkout code	2026-02-18T10:00:23.4781684Z  * [new tag]             0.0.5                  -> 0.0.5
job-core	Checkout code	2026-02-18T10:00:23.4782045Z  * [new tag]             0.0.50                 -> 0.0.50
job-core	Checkout code	2026-02-18T10:00:23.4782403Z  * [new tag]             0.0.51                 -> 0.0.51
job-core	Checkout code	2026-02-18T10:00:23.4782766Z  * [new tag]             0.0.52                 -> 0.0.52
job-core	Checkout code	2026-02-18T10:00:23.4783130Z  * [new tag]             0.0.53                 -> 0.0.53
job-core	Checkout code	2026-02-18T10:00:23.4783495Z  * [new tag]             0.0.54                 -> 0.0.54
job-core	Checkout code	2026-02-18T10:00:23.4783853Z  * [new tag]             0.0.55                 -> 0.0.55
job-core	Checkout code	2026-02-18T10:00:23.4784215Z  * [new tag]             0.0.56                 -> 0.0.56
job-core	Checkout code	2026-02-18T10:00:23.4784873Z  * [new tag]             0.0.57                 -> 0.0.57
job-core	Checkout code	2026-02-18T10:00:23.4785255Z  * [new tag]             0.0.58                 -> 0.0.58
job-core	Checkout code	2026-02-18T10:00:23.4785738Z  * [new tag]             0.0.59                 -> 0.0.59
job-core	Checkout code	2026-02-18T10:00:23.4786097Z  * [new tag]             0.0.6                  -> 0.0.6
job-core	Checkout code	2026-02-18T10:00:23.4786455Z  * [new tag]             0.0.60                 -> 0.0.60
job-core	Checkout code	2026-02-18T10:00:23.4786818Z  * [new tag]             0.0.61                 -> 0.0.61
job-core	Checkout code	2026-02-18T10:00:23.4787173Z  * [new tag]             0.0.62                 -> 0.0.62
job-core	Checkout code	2026-02-18T10:00:23.4787525Z  * [new tag]             0.0.63                 -> 0.0.63
job-core	Checkout code	2026-02-18T10:00:23.4787882Z  * [new tag]             0.0.64                 -> 0.0.64
job-core	Checkout code	2026-02-18T10:00:23.4788233Z  * [new tag]             0.0.65                 -> 0.0.65
job-core	Checkout code	2026-02-18T10:00:23.4788584Z  * [new tag]             0.0.66                 -> 0.0.66
job-core	Checkout code	2026-02-18T10:00:23.4788943Z  * [new tag]             0.0.67                 -> 0.0.67
job-core	Checkout code	2026-02-18T10:00:23.4789299Z  * [new tag]             0.0.68                 -> 0.0.68
job-core	Checkout code	2026-02-18T10:00:23.4789654Z  * [new tag]             0.0.69                 -> 0.0.69
job-core	Checkout code	2026-02-18T10:00:23.4790007Z  * [new tag]             0.0.7                  -> 0.0.7
job-core	Checkout code	2026-02-18T10:00:23.4790360Z  * [new tag]             0.0.70                 -> 0.0.70
job-core	Checkout code	2026-02-18T10:00:23.4790716Z  * [new tag]             0.0.71                 -> 0.0.71
job-core	Checkout code	2026-02-18T10:00:23.4791065Z  * [new tag]             0.0.72                 -> 0.0.72
job-core	Checkout code	2026-02-18T10:00:23.4791419Z  * [new tag]             0.0.73                 -> 0.0.73
job-core	Checkout code	2026-02-18T10:00:23.4791769Z  * [new tag]             0.0.74                 -> 0.0.74
job-core	Checkout code	2026-02-18T10:00:23.4792363Z  * [new tag]             0.0.75                 -> 0.0.75
job-core	Checkout code	2026-02-18T10:00:23.4792720Z  * [new tag]             0.0.76                 -> 0.0.76
job-core	Checkout code	2026-02-18T10:00:23.4793075Z  * [new tag]             0.0.77                 -> 0.0.77
job-core	Checkout code	2026-02-18T10:00:23.4793431Z  * [new tag]             0.0.78                 -> 0.0.78
job-core	Checkout code	2026-02-18T10:00:23.4804768Z  * [new tag]             0.0.79                 -> 0.0.79
job-core	Checkout code	2026-02-18T10:00:23.4805203Z  * [new tag]             0.0.8                  -> 0.0.8
job-core	Checkout code	2026-02-18T10:00:23.4805693Z  * [new tag]             0.0.80                 -> 0.0.80
job-core	Checkout code	2026-02-18T10:00:23.4806052Z  * [new tag]             0.0.81                 -> 0.0.81
job-core	Checkout code	2026-02-18T10:00:23.4806404Z  * [new tag]             0.0.82                 -> 0.0.82
job-core	Checkout code	2026-02-18T10:00:23.4806757Z  * [new tag]             0.0.83                 -> 0.0.83
job-core	Checkout code	2026-02-18T10:00:23.4807109Z  * [new tag]             0.0.84                 -> 0.0.84
job-core	Checkout code	2026-02-18T10:00:23.4807456Z  * [new tag]             0.0.85                 -> 0.0.85
job-core	Checkout code	2026-02-18T10:00:23.4807818Z  * [new tag]             0.0.86                 -> 0.0.86
job-core	Checkout code	2026-02-18T10:00:23.4808170Z  * [new tag]             0.0.87                 -> 0.0.87
job-core	Checkout code	2026-02-18T10:00:23.4808519Z  * [new tag]             0.0.88                 -> 0.0.88
job-core	Checkout code	2026-02-18T10:00:23.4809184Z  * [new tag]             0.0.89                 -> 0.0.89
job-core	Checkout code	2026-02-18T10:00:23.4809532Z  * [new tag]             0.0.9                  -> 0.0.9
job-core	Checkout code	2026-02-18T10:00:23.4809881Z  * [new tag]             0.0.90                 -> 0.0.90
job-core	Checkout code	2026-02-18T10:00:23.4810230Z  * [new tag]             0.0.91                 -> 0.0.91
job-core	Checkout code	2026-02-18T10:00:23.4810578Z  * [new tag]             0.0.92                 -> 0.0.92
job-core	Checkout code	2026-02-18T10:00:23.4810930Z  * [new tag]             0.0.93                 -> 0.0.93
job-core	Checkout code	2026-02-18T10:00:23.4811278Z  * [new tag]             0.0.94                 -> 0.0.94
job-core	Checkout code	2026-02-18T10:00:23.4811629Z  * [new tag]             0.0.95                 -> 0.0.95
job-core	Checkout code	2026-02-18T10:00:23.4811982Z  * [new tag]             0.0.96                 -> 0.0.96
job-core	Checkout code	2026-02-18T10:00:23.4812333Z  * [new tag]             0.0.97                 -> 0.0.97
job-core	Checkout code	2026-02-18T10:00:23.4812684Z  * [new tag]             0.0.98                 -> 0.0.98
job-core	Checkout code	2026-02-18T10:00:23.4813038Z  * [new tag]             0.0.99                 -> 0.0.99
job-core	Checkout code	2026-02-18T10:00:23.4813387Z  * [new tag]             0.1.0                  -> 0.1.0
job-core	Checkout code	2026-02-18T10:00:23.4813737Z  * [new tag]             0.1.1                  -> 0.1.1
job-core	Checkout code	2026-02-18T10:00:23.4814087Z  * [new tag]             0.2.0                  -> 0.2.0
job-core	Checkout code	2026-02-18T10:00:23.4814431Z  * [new tag]             0.3.0                  -> 0.3.0
job-core	Checkout code	2026-02-18T10:00:23.4815172Z  * [new tag]             0.3.1                  -> 0.3.1
job-core	Checkout code	2026-02-18T10:00:23.4815524Z  * [new tag]             0.3.10                 -> 0.3.10
job-core	Checkout code	2026-02-18T10:00:23.4815877Z  * [new tag]             0.3.11                 -> 0.3.11
job-core	Checkout code	2026-02-18T10:00:23.4816256Z  * [new tag]             0.3.12                 -> 0.3.12
job-core	Checkout code	2026-02-18T10:00:23.4816618Z  * [new tag]             0.3.13                 -> 0.3.13
job-core	Checkout code	2026-02-18T10:00:23.4816968Z  * [new tag]             0.3.14                 -> 0.3.14
job-core	Checkout code	2026-02-18T10:00:23.4817317Z  * [new tag]             0.3.15                 -> 0.3.15
job-core	Checkout code	2026-02-18T10:00:23.4817673Z  * [new tag]             0.3.16                 -> 0.3.16
job-core	Checkout code	2026-02-18T10:00:23.4818026Z  * [new tag]             0.3.17                 -> 0.3.17
job-core	Checkout code	2026-02-18T10:00:23.4818376Z  * [new tag]             0.3.2                  -> 0.3.2
job-core	Checkout code	2026-02-18T10:00:23.4818728Z  * [new tag]             0.3.3                  -> 0.3.3
job-core	Checkout code	2026-02-18T10:00:23.4819071Z  * [new tag]             0.3.4                  -> 0.3.4
job-core	Checkout code	2026-02-18T10:00:23.4819422Z  * [new tag]             0.3.5                  -> 0.3.5
job-core	Checkout code	2026-02-18T10:00:23.4819772Z  * [new tag]             0.3.6                  -> 0.3.6
job-core	Checkout code	2026-02-18T10:00:23.4820126Z  * [new tag]             0.3.7                  -> 0.3.7
job-core	Checkout code	2026-02-18T10:00:23.4820472Z  * [new tag]             0.3.8                  -> 0.3.8
job-core	Checkout code	2026-02-18T10:00:23.4821085Z  * [new tag]             0.3.9                  -> 0.3.9
job-core	Checkout code	2026-02-18T10:00:23.4821437Z  * [new tag]             0.4.0                  -> 0.4.0
job-core	Checkout code	2026-02-18T10:00:23.4821782Z  * [new tag]             0.4.1                  -> 0.4.1
job-core	Checkout code	2026-02-18T10:00:23.4822137Z  * [new tag]             0.4.2                  -> 0.4.2
job-core	Checkout code	2026-02-18T10:00:23.4822489Z  * [new tag]             0.4.3                  -> 0.4.3
job-core	Checkout code	2026-02-18T10:00:23.4822835Z  * [new tag]             0.4.4                  -> 0.4.4
job-core	Checkout code	2026-02-18T10:00:23.4823182Z  * [new tag]             0.4.5                  -> 0.4.5
job-core	Checkout code	2026-02-18T10:00:23.4823531Z  * [new tag]             0.4.6                  -> 0.4.6
job-core	Checkout code	2026-02-18T10:00:23.4823880Z  * [new tag]             0.4.7                  -> 0.4.7
job-core	Checkout code	2026-02-18T10:00:23.4824223Z  * [new tag]             0.4.8                  -> 0.4.8
job-core	Checkout code	2026-02-18T10:00:23.4824827Z  * [new tag]             0.4.9                  -> 0.4.9
job-core	Checkout code	2026-02-18T10:00:23.4825310Z  * [new tag]             0.5.0                  -> 0.5.0
job-core	Checkout code	2026-02-18T10:00:23.4825661Z  * [new tag]             0.5.1                  -> 0.5.1
job-core	Checkout code	2026-02-18T10:00:23.4826011Z  * [new tag]             0.5.2                  -> 0.5.2
job-core	Checkout code	2026-02-18T10:00:23.4826359Z  * [new tag]             0.6.0                  -> 0.6.0
job-core	Checkout code	2026-02-18T10:00:23.4826920Z  * [new tag]             0.6.1                  -> 0.6.1
job-core	Checkout code	2026-02-18T10:00:23.4827268Z  * [new tag]             0.6.2                  -> 0.6.2
job-core	Checkout code	2026-02-18T10:00:23.5109394Z [command]/usr/bin/git branch --list --remote origin/main
job-core	Checkout code	2026-02-18T10:00:23.5191092Z   origin/main
job-core	Checkout code	2026-02-18T10:00:23.5201898Z [command]/usr/bin/git rev-parse refs/remotes/origin/main
job-core	Checkout code	2026-02-18T10:00:23.5233332Z e6c3eb087bea9478e27aa667ab1979c200dd06ed
job-core	Checkout code	2026-02-18T10:00:23.5241049Z ##[endgroup]
job-core	Checkout code	2026-02-18T10:00:23.5241597Z ##[group]Determining the checkout info
job-core	Checkout code	2026-02-18T10:00:23.5249512Z ##[endgroup]
job-core	Checkout code	2026-02-18T10:00:23.5253524Z [command]/usr/bin/git sparse-checkout disable
job-core	Checkout code	2026-02-18T10:00:23.5314408Z [command]/usr/bin/git config --local --unset-all extensions.worktreeConfig
job-core	Checkout code	2026-02-18T10:00:23.5356879Z ##[group]Checking out the ref
job-core	Checkout code	2026-02-18T10:00:23.5360911Z [command]/usr/bin/git checkout --progress --force -B main refs/remotes/origin/main
job-core	Checkout code	2026-02-18T10:00:23.7812337Z Switched to a new branch 'main'
job-core	Checkout code	2026-02-18T10:00:23.7817294Z branch 'main' set up to track 'origin/main'.
job-core	Checkout code	2026-02-18T10:00:23.7859674Z ##[endgroup]
job-core	Checkout code	2026-02-18T10:00:23.7917519Z [command]/usr/bin/git log -1 --format=%H
job-core	Checkout code	2026-02-18T10:00:23.7951341Z e6c3eb087bea9478e27aa667ab1979c200dd06ed
job-core	Install GH CLI	Ôªø2026-02-18T10:00:23.8241908Z Prepare all required actions
job-core	Install GH CLI	2026-02-18T10:00:23.8302043Z ##[group]Run ./.github/actions/install-gh-cli
job-core	Install GH CLI	2026-02-18T10:00:23.8302352Z env:
job-core	Install GH CLI	2026-02-18T10:00:23.8302537Z   PYTHON_VERSION: 3.9
job-core	Install GH CLI	2026-02-18T10:00:23.8303355Z   MONGO_SUPERUSER_CONNECTION: ***
job-core	Install GH CLI	2026-02-18T10:00:23.8303734Z   MONGO_NEW_PASS: ***
job-core	Install GH CLI	2026-02-18T10:00:23.8304063Z   MONGO_SCRIPT_CREATE: devops/core/mongo/scripts/mongodb_status_report.py
job-core	Install GH CLI	2026-02-18T10:00:23.8304445Z   KAOS_CODE: 22135054025
job-core	Install GH CLI	2026-02-18T10:00:23.8306160Z   REPORT_SCAN: audit/
job-core	Install GH CLI	2026-02-18T10:00:23.8306395Z   REPORT_PATH: audit/mongodb/
job-core	Install GH CLI	2026-02-18T10:00:23.8306651Z   REPORT_FILENAME: 22135054025.json
job-core	Install GH CLI	2026-02-18T10:00:23.8306932Z   KAOS_MODULE: [Ka0s] Status MongDB Report
job-core	Install GH CLI	2026-02-18T10:00:23.8307212Z   GITHUB_OUTPUT: 
job-core	Install GH CLI	2026-02-18T10:00:23.8307413Z ##[endgroup]
job-core	Install GH CLI	2026-02-18T10:00:23.8402413Z ##[group]Run type -p curl >/dev/null || (sudo apt-get update && sudo apt-get install curl -y)
job-core	Install GH CLI	2026-02-18T10:00:23.8403113Z [36;1mtype -p curl >/dev/null || (sudo apt-get update && sudo apt-get install curl -y)[0m
job-core	Install GH CLI	2026-02-18T10:00:23.8404046Z [36;1mcurl -fsSL https://cli.github.com/packages/githubcli-archive-keyring.gpg | sudo dd of=/usr/share/keyrings/githubcli-archive-keyring.gpg \[0m
job-core	Install GH CLI	2026-02-18T10:00:23.8405442Z [36;1m&& sudo chmod go+r /usr/share/keyrings/githubcli-archive-keyring.gpg \[0m
job-core	Install GH CLI	2026-02-18T10:00:23.8406559Z [36;1m&& echo "deb [arch=$(dpkg --print-architecture) signed-by=/usr/share/keyrings/githubcli-archive-keyring.gpg] https://cli.github.com/packages stable main" | sudo tee /etc/apt/sources.list.d/github-cli.list > /dev/null \[0m
job-core	Install GH CLI	2026-02-18T10:00:23.8407896Z [36;1m&& sudo apt-get update \[0m
job-core	Install GH CLI	2026-02-18T10:00:23.8408178Z [36;1m&& sudo apt-get install gh -y[0m
job-core	Install GH CLI	2026-02-18T10:00:23.8424469Z shell: /usr/bin/bash --noprofile --norc -e -o pipefail {0}
job-core	Install GH CLI	2026-02-18T10:00:23.8425134Z env:
job-core	Install GH CLI	2026-02-18T10:00:23.8425331Z   PYTHON_VERSION: 3.9
job-core	Install GH CLI	2026-02-18T10:00:23.8426164Z   MONGO_SUPERUSER_CONNECTION: ***
job-core	Install GH CLI	2026-02-18T10:00:23.8426560Z   MONGO_NEW_PASS: ***
job-core	Install GH CLI	2026-02-18T10:00:23.8426897Z   MONGO_SCRIPT_CREATE: devops/core/mongo/scripts/mongodb_status_report.py
job-core	Install GH CLI	2026-02-18T10:00:23.8427306Z   KAOS_CODE: 22135054025
job-core	Install GH CLI	2026-02-18T10:00:23.8427529Z   REPORT_SCAN: audit/
job-core	Install GH CLI	2026-02-18T10:00:23.8427762Z   REPORT_PATH: audit/mongodb/
job-core	Install GH CLI	2026-02-18T10:00:23.8428014Z   REPORT_FILENAME: 22135054025.json
job-core	Install GH CLI	2026-02-18T10:00:23.8428286Z   KAOS_MODULE: [Ka0s] Status MongDB Report
job-core	Install GH CLI	2026-02-18T10:00:23.8428562Z   GITHUB_OUTPUT: 
job-core	Install GH CLI	2026-02-18T10:00:23.8428757Z ##[endgroup]
job-core	Install GH CLI	2026-02-18T10:00:23.9098414Z 4+1 records in
job-core	Install GH CLI	2026-02-18T10:00:23.9098699Z 4+1 records out
job-core	Install GH CLI	2026-02-18T10:00:23.9099198Z 2270 bytes (2.3 kB, 2.2 KiB) copied, 0.0442302 s, 51.3 kB/s
job-core	Install GH CLI	2026-02-18T10:00:24.0369537Z Get:1 https://cli.github.com/packages stable InRelease [3917 B]
job-core	Install GH CLI	2026-02-18T10:00:24.1216259Z Get:2 http://security.ubuntu.com/ubuntu noble-security InRelease [126 kB]
job-core	Install GH CLI	2026-02-18T10:00:24.1220700Z Get:3 https://cli.github.com/packages stable/main amd64 Packages [356 B]
job-core	Install GH CLI	2026-02-18T10:00:24.1875668Z Get:4 https://ppa.launchpadcontent.net/git-core/ppa/ubuntu noble InRelease [24.3 kB]
job-core	Install GH CLI	2026-02-18T10:00:24.2218923Z Get:5 http://archive.ubuntu.com/ubuntu noble InRelease [256 kB]
job-core	Install GH CLI	2026-02-18T10:00:24.4308928Z Get:6 https://ppa.launchpadcontent.net/git-core/ppa/ubuntu noble/main amd64 Packages [2992 B]
job-core	Install GH CLI	2026-02-18T10:00:24.5323287Z Get:7 http://security.ubuntu.com/ubuntu noble-security/universe amd64 Packages [1205 kB]
job-core	Install GH CLI	2026-02-18T10:00:24.7888635Z Get:8 http://security.ubuntu.com/ubuntu noble-security/multiverse amd64 Packages [34.8 kB]
job-core	Install GH CLI	2026-02-18T10:00:24.7901107Z Get:9 http://security.ubuntu.com/ubuntu noble-security/main amd64 Packages [1843 kB]
job-core	Install GH CLI	2026-02-18T10:00:24.7928190Z Get:10 http://archive.ubuntu.com/ubuntu noble-updates InRelease [126 kB]
job-core	Install GH CLI	2026-02-18T10:00:24.8629949Z Get:11 http://security.ubuntu.com/ubuntu noble-security/restricted amd64 Packages [3157 kB]
job-core	Install GH CLI	2026-02-18T10:00:24.9322674Z Get:12 http://archive.ubuntu.com/ubuntu noble-backports InRelease [126 kB]
job-core	Install GH CLI	2026-02-18T10:00:25.0730726Z Get:13 http://archive.ubuntu.com/ubuntu noble/universe amd64 Packages [19.3 MB]
job-core	Install GH CLI	2026-02-18T10:00:25.9088641Z Get:14 http://archive.ubuntu.com/ubuntu noble/main amd64 Packages [1808 kB]
job-core	Install GH CLI	2026-02-18T10:00:25.9226775Z Get:15 http://archive.ubuntu.com/ubuntu noble/restricted amd64 Packages [117 kB]
job-core	Install GH CLI	2026-02-18T10:00:25.9245541Z Get:16 http://archive.ubuntu.com/ubuntu noble/multiverse amd64 Packages [331 kB]
job-core	Install GH CLI	2026-02-18T10:00:25.9267427Z Get:17 http://archive.ubuntu.com/ubuntu noble-updates/multiverse amd64 Packages [38.1 kB]
job-core	Install GH CLI	2026-02-18T10:00:25.9274344Z Get:18 http://archive.ubuntu.com/ubuntu noble-updates/universe amd64 Packages [2015 kB]
job-core	Install GH CLI	2026-02-18T10:00:25.9804224Z Get:19 http://archive.ubuntu.com/ubuntu noble-updates/main amd64 Packages [2234 kB]
job-core	Install GH CLI	2026-02-18T10:00:26.0335860Z Get:20 http://archive.ubuntu.com/ubuntu noble-updates/restricted amd64 Packages [3360 kB]
job-core	Install GH CLI	2026-02-18T10:00:26.1293175Z Get:21 http://archive.ubuntu.com/ubuntu noble-backports/main amd64 Packages [49.5 kB]
job-core	Install GH CLI	2026-02-18T10:00:26.1297135Z Get:22 http://archive.ubuntu.com/ubuntu noble-backports/universe amd64 Packages [34.6 kB]
job-core	Install GH CLI	2026-02-18T10:00:27.1794903Z Fetched 36.2 MB in 3s (11.4 MB/s)
job-core	Install GH CLI	2026-02-18T10:00:28.1819495Z Reading package lists...
job-core	Install GH CLI	2026-02-18T10:00:29.2170213Z Reading package lists...
job-core	Install GH CLI	2026-02-18T10:00:29.4705921Z Building dependency tree...
job-core	Install GH CLI	2026-02-18T10:00:29.4715744Z Reading state information...
job-core	Install GH CLI	2026-02-18T10:00:29.8732141Z The following NEW packages will be installed:
job-core	Install GH CLI	2026-02-18T10:00:29.8755498Z   gh
job-core	Install GH CLI	2026-02-18T10:00:29.9495510Z 0 upgraded, 1 newly installed, 0 to remove and 25 not upgraded.
job-core	Install GH CLI	2026-02-18T10:00:29.9496783Z Need to get 13.7 MB of archives.
job-core	Install GH CLI	2026-02-18T10:00:29.9497322Z After this operation, 37.9 MB of additional disk space will be used.
job-core	Install GH CLI	2026-02-18T10:00:29.9497862Z Get:1 https://cli.github.com/packages stable/main amd64 gh amd64 2.86.0 [13.7 MB]
job-core	Install GH CLI	2026-02-18T10:00:30.2628331Z debconf: delaying package configuration, since apt-utils is not installed
job-core	Install GH CLI	2026-02-18T10:00:30.3067633Z Fetched 13.7 MB in 0s (71.0 MB/s)
job-core	Install GH CLI	2026-02-18T10:00:30.3339479Z Selecting previously unselected package gh.
job-core	Install GH CLI	2026-02-18T10:00:30.3378439Z (Reading database ... 
job-core	Install GH CLI	2026-02-18T10:00:30.3378735Z (Reading database ... 5%
job-core	Install GH CLI	2026-02-18T10:00:30.3378976Z (Reading database ... 10%
job-core	Install GH CLI	2026-02-18T10:00:30.3379211Z (Reading database ... 15%
job-core	Install GH CLI	2026-02-18T10:00:30.3379442Z (Reading database ... 20%
job-core	Install GH CLI	2026-02-18T10:00:30.3379668Z (Reading database ... 25%
job-core	Install GH CLI	2026-02-18T10:00:30.3379896Z (Reading database ... 30%
job-core	Install GH CLI	2026-02-18T10:00:30.3380122Z (Reading database ... 35%
job-core	Install GH CLI	2026-02-18T10:00:30.3380346Z (Reading database ... 40%
job-core	Install GH CLI	2026-02-18T10:00:30.3380594Z (Reading database ... 45%
job-core	Install GH CLI	2026-02-18T10:00:30.3380819Z (Reading database ... 50%
job-core	Install GH CLI	2026-02-18T10:00:30.3381042Z (Reading database ... 55%
job-core	Install GH CLI	2026-02-18T10:00:30.3381272Z (Reading database ... 60%
job-core	Install GH CLI	2026-02-18T10:00:30.3385529Z (Reading database ... 65%
job-core	Install GH CLI	2026-02-18T10:00:30.3406180Z (Reading database ... 70%
job-core	Install GH CLI	2026-02-18T10:00:30.3412468Z (Reading database ... 75%
job-core	Install GH CLI	2026-02-18T10:00:30.3428357Z (Reading database ... 80%
job-core	Install GH CLI	2026-02-18T10:00:30.3433590Z (Reading database ... 85%
job-core	Install GH CLI	2026-02-18T10:00:30.3446201Z (Reading database ... 90%
job-core	Install GH CLI	2026-02-18T10:00:30.3469170Z (Reading database ... 95%
job-core	Install GH CLI	2026-02-18T10:00:30.3469523Z (Reading database ... 100%
job-core	Install GH CLI	2026-02-18T10:00:30.3469892Z (Reading database ... 14385 files and directories currently installed.)
job-core	Install GH CLI	2026-02-18T10:00:30.3477052Z Preparing to unpack .../archives/gh_2.86.0_amd64.deb ...
job-core	Install GH CLI	2026-02-18T10:00:30.3507124Z Unpacking gh (2.86.0) ...
job-core	Install GH CLI	2026-02-18T10:00:30.5917289Z Setting up gh (2.86.0) ...
job-core	Set up Python	Ôªø2026-02-18T10:00:30.6542170Z ##[group]Run actions/setup-python@v4
job-core	Set up Python	2026-02-18T10:00:30.6542517Z with:
job-core	Set up Python	2026-02-18T10:00:30.6542713Z   python-version: 3.9
job-core	Set up Python	2026-02-18T10:00:30.6542943Z   check-latest: false
job-core	Set up Python	2026-02-18T10:00:30.6543360Z   token: ***
job-core	Set up Python	2026-02-18T10:00:30.6543573Z   update-environment: true
job-core	Set up Python	2026-02-18T10:00:30.6543827Z   allow-prereleases: false
job-core	Set up Python	2026-02-18T10:00:30.6544054Z env:
job-core	Set up Python	2026-02-18T10:00:30.6544236Z   PYTHON_VERSION: 3.9
job-core	Set up Python	2026-02-18T10:00:30.6545062Z   MONGO_SUPERUSER_CONNECTION: ***
job-core	Set up Python	2026-02-18T10:00:30.6545458Z   MONGO_NEW_PASS: ***
job-core	Set up Python	2026-02-18T10:00:30.6545800Z   MONGO_SCRIPT_CREATE: devops/core/mongo/scripts/mongodb_status_report.py
job-core	Set up Python	2026-02-18T10:00:30.6546203Z   KAOS_CODE: 22135054025
job-core	Set up Python	2026-02-18T10:00:30.6546425Z   REPORT_SCAN: audit/
job-core	Set up Python	2026-02-18T10:00:30.6546649Z   REPORT_PATH: audit/mongodb/
job-core	Set up Python	2026-02-18T10:00:30.6546902Z   REPORT_FILENAME: 22135054025.json
job-core	Set up Python	2026-02-18T10:00:30.6547186Z   KAOS_MODULE: [Ka0s] Status MongDB Report
job-core	Set up Python	2026-02-18T10:00:30.6547465Z   GITHUB_OUTPUT: 
job-core	Set up Python	2026-02-18T10:00:30.6547671Z ##[endgroup]
job-core	Set up Python	2026-02-18T10:00:30.8637228Z ##[group]Installed versions
job-core	Set up Python	2026-02-18T10:00:30.8652716Z Version 3.9 was not found in the local cache
job-core	Set up Python	2026-02-18T10:00:31.9364622Z Version 3.9 is available for downloading
job-core	Set up Python	2026-02-18T10:00:31.9365552Z Download from "https://github.com/actions/python-versions/releases/download/3.9.25-19039189640/python-3.9.25-linux-24.04-x64.tar.gz"
job-core	Set up Python	2026-02-18T10:00:33.9308064Z Extract downloaded archive
job-core	Set up Python	2026-02-18T10:00:33.9409630Z [command]/usr/bin/tar xz --warning=no-unknown-keyword -C /home/runner/_work/_temp/93dbcd8a-e309-49ac-b77e-d95116ca8d96 -f /home/runner/_work/_temp/009ab48b-5a43-42b0-8e96-81dd3c0458aa
job-core	Set up Python	2026-02-18T10:00:35.5338216Z Execute installation script
job-core	Set up Python	2026-02-18T10:00:35.5464009Z Check if Python hostedtoolcache folder exist...
job-core	Set up Python	2026-02-18T10:00:35.5466429Z Creating Python hostedtoolcache folder...
job-core	Set up Python	2026-02-18T10:00:35.5485417Z Create Python 3.9.25 folder
job-core	Set up Python	2026-02-18T10:00:35.5505659Z Copy Python binaries to hostedtoolcache folder
job-core	Set up Python	2026-02-18T10:00:36.5121521Z Create additional symlinks (Required for the UsePythonVersion Azure Pipelines task and the setup-python GitHub Action)
job-core	Set up Python	2026-02-18T10:00:36.5169480Z Upgrading pip...
job-core	Set up Python	2026-02-18T10:00:38.6055584Z Looking in links: /tmp/tmpvhf6s1eq
job-core	Set up Python	2026-02-18T10:00:38.6061150Z Requirement already satisfied: setuptools in /home/runner/_work/_tool/Python/3.9.25/x64/lib/python3.9/site-packages (79.0.1)
job-core	Set up Python	2026-02-18T10:00:38.6064886Z Requirement already satisfied: pip in /home/runner/_work/_tool/Python/3.9.25/x64/lib/python3.9/site-packages (23.0.1)
job-core	Set up Python	2026-02-18T10:00:39.9832051Z Collecting pip
job-core	Set up Python	2026-02-18T10:00:40.0397364Z Downloading pip-26.0.1-py3-none-any.whl (1.8 MB)
job-core	Set up Python	2026-02-18T10:00:40.0921600Z ‚îÅ‚îÅ‚îÅ‚îÅ‚îÅ‚îÅ‚îÅ‚îÅ‚îÅ‚îÅ‚îÅ‚îÅ‚îÅ‚îÅ‚îÅ‚îÅ‚îÅ‚îÅ‚îÅ‚îÅ‚îÅ‚îÅ‚îÅ‚îÅ‚îÅ‚îÅ‚îÅ‚îÅ‚îÅ‚îÅ‚îÅ‚îÅ‚îÅ‚îÅ‚îÅ‚îÅ‚îÅ‚îÅ‚îÅ‚îÅ 1.8/1.8 MB 37.1 MB/s eta 0:00:00
job-core	Set up Python	2026-02-18T10:00:40.0923291Z 
job-core	Set up Python	2026-02-18T10:00:40.1611699Z Installing collected packages: pip
job-core	Set up Python	2026-02-18T10:00:40.1612398Z Attempting uninstall: pip
job-core	Set up Python	2026-02-18T10:00:40.1620961Z Found existing installation: pip 23.0.1
job-core	Set up Python	2026-02-18T10:00:40.4786747Z Uninstalling pip-23.0.1:
job-core	Set up Python	2026-02-18T10:00:40.4892403Z Successfully uninstalled pip-23.0.1
job-core	Set up Python	2026-02-18T10:00:41.3787128Z Successfully installed pip-26.0.1
job-core	Set up Python	2026-02-18T10:00:41.4583387Z Create complete file
job-core	Set up Python	2026-02-18T10:00:41.4624289Z Successfully set up CPython (3.9.25)
job-core	Set up Python	2026-02-18T10:00:41.4625588Z ##[endgroup]
job-core	Install dependencies	Ôªø2026-02-18T10:00:41.4784407Z ##[group]Run pip install pymongo
job-core	Install dependencies	2026-02-18T10:00:41.4785252Z [36;1mpip install pymongo[0m
job-core	Install dependencies	2026-02-18T10:00:41.4801462Z shell: /usr/bin/bash -e {0}
job-core	Install dependencies	2026-02-18T10:00:41.4801737Z env:
job-core	Install dependencies	2026-02-18T10:00:41.4801931Z   PYTHON_VERSION: 3.9
job-core	Install dependencies	2026-02-18T10:00:41.4802754Z   MONGO_SUPERUSER_CONNECTION: ***
job-core	Install dependencies	2026-02-18T10:00:41.4803155Z   MONGO_NEW_PASS: ***
job-core	Install dependencies	2026-02-18T10:00:41.4803501Z   MONGO_SCRIPT_CREATE: devops/core/mongo/scripts/mongodb_status_report.py
job-core	Install dependencies	2026-02-18T10:00:41.4803905Z   KAOS_CODE: 22135054025
job-core	Install dependencies	2026-02-18T10:00:41.4804136Z   REPORT_SCAN: audit/
job-core	Install dependencies	2026-02-18T10:00:41.4804365Z   REPORT_PATH: audit/mongodb/
job-core	Install dependencies	2026-02-18T10:00:41.4804757Z   REPORT_FILENAME: 22135054025.json
job-core	Install dependencies	2026-02-18T10:00:41.4805041Z   KAOS_MODULE: [Ka0s] Status MongDB Report
job-core	Install dependencies	2026-02-18T10:00:41.4805336Z   GITHUB_OUTPUT: 
job-core	Install dependencies	2026-02-18T10:00:41.4805625Z   pythonLocation: /home/runner/_work/_tool/Python/3.9.25/x64
job-core	Install dependencies	2026-02-18T10:00:41.4806102Z   PKG_CONFIG_PATH: /home/runner/_work/_tool/Python/3.9.25/x64/lib/pkgconfig
job-core	Install dependencies	2026-02-18T10:00:41.4806578Z   Python_ROOT_DIR: /home/runner/_work/_tool/Python/3.9.25/x64
job-core	Install dependencies	2026-02-18T10:00:41.4816187Z   Python2_ROOT_DIR: /home/runner/_work/_tool/Python/3.9.25/x64
job-core	Install dependencies	2026-02-18T10:00:41.4816700Z   Python3_ROOT_DIR: /home/runner/_work/_tool/Python/3.9.25/x64
job-core	Install dependencies	2026-02-18T10:00:41.4817146Z   LD_LIBRARY_PATH: /home/runner/_work/_tool/Python/3.9.25/x64/lib
job-core	Install dependencies	2026-02-18T10:00:41.4817500Z ##[endgroup]
job-core	Install dependencies	2026-02-18T10:00:42.3636233Z Collecting pymongo
job-core	Install dependencies	2026-02-18T10:00:42.4184306Z   Downloading pymongo-4.16.0-cp39-cp39-manylinux2014_x86_64.manylinux_2_17_x86_64.manylinux_2_28_x86_64.whl.metadata (10.0 kB)
job-core	Install dependencies	2026-02-18T10:00:42.4506053Z Collecting dnspython<3.0.0,>=2.6.1 (from pymongo)
job-core	Install dependencies	2026-02-18T10:00:42.4559834Z   Downloading dnspython-2.7.0-py3-none-any.whl.metadata (5.8 kB)
job-core	Install dependencies	2026-02-18T10:00:42.4716424Z Downloading pymongo-4.16.0-cp39-cp39-manylinux2014_x86_64.manylinux_2_17_x86_64.manylinux_2_28_x86_64.whl (947 kB)
job-core	Install dependencies	2026-02-18T10:00:42.5025711Z    ‚îÅ‚îÅ‚îÅ‚îÅ‚îÅ‚îÅ‚îÅ‚îÅ‚îÅ‚îÅ‚îÅ‚îÅ‚îÅ‚îÅ‚îÅ‚îÅ‚îÅ‚îÅ‚îÅ‚îÅ‚îÅ‚îÅ‚îÅ‚îÅ‚îÅ‚îÅ‚îÅ‚îÅ‚îÅ‚îÅ‚îÅ‚îÅ‚îÅ‚îÅ‚îÅ‚îÅ‚îÅ‚îÅ‚îÅ‚îÅ 947.2/947.2 kB 47.0 MB/s  0:00:00
job-core	Install dependencies	2026-02-18T10:00:42.5075248Z Downloading dnspython-2.7.0-py3-none-any.whl (313 kB)
job-core	Install dependencies	2026-02-18T10:00:42.5508074Z Installing collected packages: dnspython, pymongo
job-core	Install dependencies	2026-02-18T10:00:43.1290792Z 
job-core	Install dependencies	2026-02-18T10:00:43.1313082Z Successfully installed dnspython-2.7.0 pymongo-4.16.0
job-core	Create database MongoDB	Ôªø2026-02-18T10:00:43.3748790Z ##[group]Run python devops/core/mongo/scripts/mongodb_status_report.py
job-core	Create database MongoDB	2026-02-18T10:00:43.3749393Z [36;1mpython devops/core/mongo/scripts/mongodb_status_report.py[0m
job-core	Create database MongoDB	2026-02-18T10:00:43.3749858Z [36;1mecho "Downloading files to MongoDB update repository ..."[0m
job-core	Create database MongoDB	2026-02-18T10:00:43.3750645Z [36;1mgit config --global user.name "***"[0m
job-core	Create database MongoDB	2026-02-18T10:00:43.3751013Z [36;1mgit config --global user.email "***"[0m
job-core	Create database MongoDB	2026-02-18T10:00:43.3751306Z [36;1mgit pull --rebase[0m
job-core	Create database MongoDB	2026-02-18T10:00:43.3751989Z [36;1mecho "Uploading files to MongoDB update repository ..."[0m
job-core	Create database MongoDB	2026-02-18T10:00:43.3752346Z [36;1mgit add audit/mongodb/[0m
job-core	Create database MongoDB	2026-02-18T10:00:43.3752622Z [36;1mif ! git diff --staged --quiet; then[0m
job-core	Create database MongoDB	2026-02-18T10:00:43.3753079Z [36;1m   git commit -m "swarm-runners] Uploading files to MongoDB update repository ..."[0m
job-core	Create database MongoDB	2026-02-18T10:00:43.3753598Z [36;1m   git push origin refs/heads/main --force-with-lease[0m
job-core	Create database MongoDB	2026-02-18T10:00:43.3753925Z [36;1m fi[0m
job-core	Create database MongoDB	2026-02-18T10:00:43.3792785Z shell: /usr/bin/bash -e {0}
job-core	Create database MongoDB	2026-02-18T10:00:43.3793199Z env:
job-core	Create database MongoDB	2026-02-18T10:00:43.3793413Z   PYTHON_VERSION: 3.9
job-core	Create database MongoDB	2026-02-18T10:00:43.3794320Z   MONGO_SUPERUSER_CONNECTION: ***
job-core	Create database MongoDB	2026-02-18T10:00:43.3805271Z   MONGO_NEW_PASS: ***
job-core	Create database MongoDB	2026-02-18T10:00:43.3805655Z   MONGO_SCRIPT_CREATE: devops/core/mongo/scripts/mongodb_status_report.py
job-core	Create database MongoDB	2026-02-18T10:00:43.3806060Z   KAOS_CODE: 22135054025
job-core	Create database MongoDB	2026-02-18T10:00:43.3806293Z   REPORT_SCAN: audit/
job-core	Create database MongoDB	2026-02-18T10:00:43.3806520Z   REPORT_PATH: audit/mongodb/
job-core	Create database MongoDB	2026-02-18T10:00:43.3806799Z   REPORT_FILENAME: 22135054025.json
job-core	Create database MongoDB	2026-02-18T10:00:43.3807078Z   KAOS_MODULE: [Ka0s] Status MongDB Report
job-core	Create database MongoDB	2026-02-18T10:00:43.3807359Z   GITHUB_OUTPUT: 
job-core	Create database MongoDB	2026-02-18T10:00:43.3807646Z   pythonLocation: /home/runner/_work/_tool/Python/3.9.25/x64
job-core	Create database MongoDB	2026-02-18T10:00:43.3808109Z   PKG_CONFIG_PATH: /home/runner/_work/_tool/Python/3.9.25/x64/lib/pkgconfig
job-core	Create database MongoDB	2026-02-18T10:00:43.3808576Z   Python_ROOT_DIR: /home/runner/_work/_tool/Python/3.9.25/x64
job-core	Create database MongoDB	2026-02-18T10:00:43.3808990Z   Python2_ROOT_DIR: /home/runner/_work/_tool/Python/3.9.25/x64
job-core	Create database MongoDB	2026-02-18T10:00:43.3809415Z   Python3_ROOT_DIR: /home/runner/_work/_tool/Python/3.9.25/x64
job-core	Create database MongoDB	2026-02-18T10:00:43.3809833Z   LD_LIBRARY_PATH: /home/runner/_work/_tool/Python/3.9.25/x64/lib
job-core	Create database MongoDB	2026-02-18T10:00:43.3810170Z ##[endgroup]
job-core	Create database MongoDB	2026-02-18T10:00:43.8666900Z ‚úÖ Reporte generado exitosamente: audit/mongodb/22135054025.json
job-core	Create database MongoDB	2026-02-18T10:00:44.0902875Z Downloading files to MongoDB update repository ...
job-core	Create database MongoDB	2026-02-18T10:00:44.8659966Z Already up to date.
job-core	Create database MongoDB	2026-02-18T10:00:44.8669125Z Uploading files to MongoDB update repository ...
job-core	Create database MongoDB	2026-02-18T10:00:44.9351224Z [main d61f5d41e] swarm-runners] Uploading files to MongoDB update repository ...
job-core	Create database MongoDB	2026-02-18T10:00:44.9351876Z  1 file changed, 31767 insertions(+)
job-core	Create database MongoDB	2026-02-18T10:00:44.9352190Z  create mode 100644 audit/mongodb/22135054025.json
job-core	Create database MongoDB	2026-02-18T10:00:46.1583383Z To https://github.com/Ka0s-Klaus/ka0s
job-core	Create database MongoDB	2026-02-18T10:00:46.1583791Z    e6c3eb087..d61f5d41e  main -> main
job-core	Upload report	Ôªø2026-02-18T10:00:46.1752583Z ##[group]Run actions/upload-artifact@v4
job-core	Upload report	2026-02-18T10:00:46.1752930Z with:
job-core	Upload report	2026-02-18T10:00:46.1753137Z   name: mongo-setup-report
job-core	Upload report	2026-02-18T10:00:46.1753388Z   path: audit/mongodb/
job-core	Upload report	2026-02-18T10:00:46.1753615Z   if-no-files-found: warn
job-core	Upload report	2026-02-18T10:00:46.1753863Z   compression-level: 6
job-core	Upload report	2026-02-18T10:00:46.1754086Z   overwrite: false
job-core	Upload report	2026-02-18T10:00:46.1754309Z   include-hidden-files: false
job-core	Upload report	2026-02-18T10:00:46.1755363Z env:
job-core	Upload report	2026-02-18T10:00:46.1755561Z   PYTHON_VERSION: 3.9
job-core	Upload report	2026-02-18T10:00:46.1756450Z   MONGO_SUPERUSER_CONNECTION: ***
job-core	Upload report	2026-02-18T10:00:46.1756873Z   MONGO_NEW_PASS: ***
job-core	Upload report	2026-02-18T10:00:46.1757220Z   MONGO_SCRIPT_CREATE: devops/core/mongo/scripts/mongodb_status_report.py
job-core	Upload report	2026-02-18T10:00:46.1757626Z   KAOS_CODE: 22135054025
job-core	Upload report	2026-02-18T10:00:46.1757855Z   REPORT_SCAN: audit/
job-core	Upload report	2026-02-18T10:00:46.1758076Z   REPORT_PATH: audit/mongodb/
job-core	Upload report	2026-02-18T10:00:46.1758334Z   REPORT_FILENAME: 22135054025.json
job-core	Upload report	2026-02-18T10:00:46.1758621Z   KAOS_MODULE: [Ka0s] Status MongDB Report
job-core	Upload report	2026-02-18T10:00:46.1758937Z   GITHUB_OUTPUT: 
job-core	Upload report	2026-02-18T10:00:46.1759222Z   pythonLocation: /home/runner/_work/_tool/Python/3.9.25/x64
job-core	Upload report	2026-02-18T10:00:46.1759697Z   PKG_CONFIG_PATH: /home/runner/_work/_tool/Python/3.9.25/x64/lib/pkgconfig
job-core	Upload report	2026-02-18T10:00:46.1760170Z   Python_ROOT_DIR: /home/runner/_work/_tool/Python/3.9.25/x64
job-core	Upload report	2026-02-18T10:00:46.1760595Z   Python2_ROOT_DIR: /home/runner/_work/_tool/Python/3.9.25/x64
job-core	Upload report	2026-02-18T10:00:46.1761025Z   Python3_ROOT_DIR: /home/runner/_work/_tool/Python/3.9.25/x64
job-core	Upload report	2026-02-18T10:00:46.1761461Z   LD_LIBRARY_PATH: /home/runner/_work/_tool/Python/3.9.25/x64/lib
job-core	Upload report	2026-02-18T10:00:46.1762307Z ##[endgroup]
job-core	Upload report	2026-02-18T10:00:46.4372565Z With the provided path, there will be 2 files uploaded
job-core	Upload report	2026-02-18T10:00:46.4378686Z Artifact name is valid!
job-core	Upload report	2026-02-18T10:00:46.4381952Z Root directory input is valid!
job-core	Upload report	2026-02-18T10:00:46.8449402Z Beginning upload of artifact content to blob storage
job-core	Upload report	2026-02-18T10:00:47.5881053Z Uploaded bytes 121673
job-core	Upload report	2026-02-18T10:00:47.6947590Z Finished uploading artifact content to blob storage!
job-core	Upload report	2026-02-18T10:00:47.6950151Z SHA256 digest of uploaded artifact zip is c7958a6bb3c09dbce7b9b3b3e6d4c825cbff8125c80162133458a5bbc3e63766
job-core	Upload report	2026-02-18T10:00:47.6955324Z Finalizing artifact upload
job-core	Upload report	2026-02-18T10:00:47.9127166Z Artifact mongo-setup-report.zip successfully finalized. Artifact ID 5553196118
job-core	Upload report	2026-02-18T10:00:47.9128239Z Artifact mongo-setup-report has been successfully uploaded! Final size is 121673 bytes. Artifact ID is 5553196118
job-core	Upload report	2026-02-18T10:00:47.9136285Z Artifact download URL: https://github.com/Ka0s-Klaus/ka0s/actions/runs/22135054025/artifacts/5553196118
job-core	Post Set up Python	Ôªø2026-02-18T10:00:47.9342479Z Post job cleanup.
job-core	Post Checkout code	Ôªø2026-02-18T10:00:48.1389298Z Post job cleanup.
job-core	Post Checkout code	2026-02-18T10:00:48.2587812Z [command]/usr/bin/git version
job-core	Post Checkout code	2026-02-18T10:00:48.2647667Z git version 2.52.0
job-core	Post Checkout code	2026-02-18T10:00:48.2686325Z Copying '/home/runner/.gitconfig' to '/home/runner/_work/_temp/9665756a-5df4-4cc8-bf07-2b674b3d1589/.gitconfig'
job-core	Post Checkout code	2026-02-18T10:00:48.2698546Z Temporarily overriding HOME='/home/runner/_work/_temp/9665756a-5df4-4cc8-bf07-2b674b3d1589' before making global git config changes
job-core	Post Checkout code	2026-02-18T10:00:48.2699511Z Adding repository directory to the temporary git global config as a safe directory
job-core	Post Checkout code	2026-02-18T10:00:48.2705309Z [command]/usr/bin/git config --global --add safe.directory /home/runner/_work/ka0s/ka0s
job-core	Post Checkout code	2026-02-18T10:00:48.2752398Z [command]/usr/bin/git config --local --name-only --get-regexp core\.sshCommand
job-core	Post Checkout code	2026-02-18T10:00:48.2810283Z [command]/usr/bin/git submodule foreach --recursive sh -c "git config --local --name-only --get-regexp 'core\.sshCommand' && git config --local --unset-all 'core.sshCommand' || :"
job-core	Post Checkout code	2026-02-18T10:00:48.3173143Z [command]/usr/bin/git config --local --name-only --get-regexp http\.https\:\/\/github\.com\/\.extraheader
job-core	Post Checkout code	2026-02-18T10:00:48.3204909Z http.https://github.com/.extraheader
job-core	Post Checkout code	2026-02-18T10:00:48.3219151Z [command]/usr/bin/git config --local --unset-all http.https://github.com/.extraheader
job-core	Post Checkout code	2026-02-18T10:00:48.3265113Z [command]/usr/bin/git submodule foreach --recursive sh -c "git config --local --name-only --get-regexp 'http\.https\:\/\/github\.com\/\.extraheader' && git config --local --unset-all 'http.https://github.com/.extraheader' || :"
job-core	Post Checkout code	2026-02-18T10:00:48.3672443Z [command]/usr/bin/git config --local --name-only --get-regexp ^includeIf\.gitdir:
job-core	Post Checkout code	2026-02-18T10:00:48.3721608Z [command]/usr/bin/git submodule foreach --recursive git config --local --show-origin --name-only --get-regexp remote.origin.url
job-core	Complete job	Ôªø2026-02-18T10:00:48.4270673Z Cleaning up orphan processes
handle-success	Set up job	Ôªø2026-02-18T10:01:00.8683905Z Current runner version: '2.331.0'
handle-success	Set up job	2026-02-18T10:01:00.8693194Z Runner name: 'swarm-runners-scaleset-hkss5-runner-dh749'
handle-success	Set up job	2026-02-18T10:01:00.8694298Z Runner group name: 'Default'
handle-success	Set up job	2026-02-18T10:01:00.8695844Z Machine name: 'swarm-runners-scaleset-hkss5-runner-dh749'
handle-success	Set up job	2026-02-18T10:01:00.8699787Z ##[group]GITHUB_TOKEN Permissions
handle-success	Set up job	2026-02-18T10:01:00.8702648Z Actions: write
handle-success	Set up job	2026-02-18T10:01:00.8703279Z Contents: write
handle-success	Set up job	2026-02-18T10:01:00.8703911Z Issues: write
handle-success	Set up job	2026-02-18T10:01:00.8704615Z Metadata: read
handle-success	Set up job	2026-02-18T10:01:00.8705655Z PullRequests: write
handle-success	Set up job	2026-02-18T10:01:00.8706423Z ##[endgroup]
handle-success	Set up job	2026-02-18T10:01:00.8708639Z Secret source: Actions
handle-success	Set up job	2026-02-18T10:01:00.8709364Z Prepare workflow directory
handle-success	Set up job	2026-02-18T10:01:00.9290284Z Prepare all required actions
handle-success	Set up job	2026-02-18T10:01:00.9329384Z Getting action download info
handle-success	Set up job	2026-02-18T10:01:01.5295748Z Download action repository 'actions/checkout@v4' (SHA:34e114876b0b11c390a56381ad16ebd13914f8d5)
handle-success	Set up job	2026-02-18T10:01:02.4619435Z Complete job name: handle-success
handle-success	Checkout code	Ôªø2026-02-18T10:01:02.5503685Z ##[group]Run actions/checkout@v4
handle-success	Checkout code	2026-02-18T10:01:02.5505189Z with:
handle-success	Checkout code	2026-02-18T10:01:02.5505824Z   fetch-depth: 0
handle-success	Checkout code	2026-02-18T10:01:02.5506327Z   repository: Ka0s-Klaus/ka0s
handle-success	Checkout code	2026-02-18T10:01:02.5507168Z   token: ***
handle-success	Checkout code	2026-02-18T10:01:02.5507643Z   ssh-strict: true
handle-success	Checkout code	2026-02-18T10:01:02.5508141Z   ssh-user: git
handle-success	Checkout code	2026-02-18T10:01:02.5508627Z   persist-credentials: true
handle-success	Checkout code	2026-02-18T10:01:02.5509173Z   clean: true
handle-success	Checkout code	2026-02-18T10:01:02.5509682Z   sparse-checkout-cone-mode: true
handle-success	Checkout code	2026-02-18T10:01:02.5510279Z   fetch-tags: false
handle-success	Checkout code	2026-02-18T10:01:02.5510773Z   show-progress: true
handle-success	Checkout code	2026-02-18T10:01:02.5511274Z   lfs: false
handle-success	Checkout code	2026-02-18T10:01:02.5511759Z   submodules: false
handle-success	Checkout code	2026-02-18T10:01:02.5512265Z   set-safe-directory: true
handle-success	Checkout code	2026-02-18T10:01:02.5513211Z env:
handle-success	Checkout code	2026-02-18T10:01:02.5513813Z   PYTHON_VERSION: 3.9
handle-success	Checkout code	2026-02-18T10:01:02.5515726Z   MONGO_SUPERUSER_CONNECTION: ***
handle-success	Checkout code	2026-02-18T10:01:02.5516546Z   MONGO_NEW_PASS: ***
handle-success	Checkout code	2026-02-18T10:01:02.5517286Z   MONGO_SCRIPT_CREATE: devops/core/mongo/scripts/mongodb_status_report.py
handle-success	Checkout code	2026-02-18T10:01:02.5518206Z   KAOS_CODE: 22135054025
handle-success	Checkout code	2026-02-18T10:01:02.5518727Z   REPORT_SCAN: audit/
handle-success	Checkout code	2026-02-18T10:01:02.5519250Z   REPORT_PATH: audit/mongodb/
handle-success	Checkout code	2026-02-18T10:01:02.5519849Z   REPORT_FILENAME: 22135054025.json
handle-success	Checkout code	2026-02-18T10:01:02.5520483Z   KAOS_MODULE: [Ka0s] Status MongDB Report
handle-success	Checkout code	2026-02-18T10:01:02.5521101Z ##[endgroup]
handle-success	Checkout code	2026-02-18T10:01:02.6817780Z Syncing repository: Ka0s-Klaus/ka0s
handle-success	Checkout code	2026-02-18T10:01:02.6820120Z ##[group]Getting Git version info
handle-success	Checkout code	2026-02-18T10:01:02.6820977Z Working directory is '/home/runner/_work/ka0s/ka0s'
handle-success	Checkout code	2026-02-18T10:01:02.6822227Z [command]/usr/bin/git version
handle-success	Checkout code	2026-02-18T10:01:02.6863580Z git version 2.52.0
handle-success	Checkout code	2026-02-18T10:01:02.6895810Z ##[endgroup]
handle-success	Checkout code	2026-02-18T10:01:02.6913080Z Temporarily overriding HOME='/home/runner/_work/_temp/c5c8d225-fc94-4885-8465-b17daf5e5baa' before making global git config changes
handle-success	Checkout code	2026-02-18T10:01:02.6917793Z Adding repository directory to the temporary git global config as a safe directory
handle-success	Checkout code	2026-02-18T10:01:02.6921294Z [command]/usr/bin/git config --global --add safe.directory /home/runner/_work/ka0s/ka0s
handle-success	Checkout code	2026-02-18T10:01:02.6967701Z Deleting the contents of '/home/runner/_work/ka0s/ka0s'
handle-success	Checkout code	2026-02-18T10:01:02.6972801Z ##[group]Initializing the repository
handle-success	Checkout code	2026-02-18T10:01:02.6985743Z [command]/usr/bin/git init /home/runner/_work/ka0s/ka0s
handle-success	Checkout code	2026-02-18T10:01:02.7040186Z hint: Using 'master' as the name for the initial branch. This default branch name
handle-success	Checkout code	2026-02-18T10:01:02.7076880Z hint: will change to "main" in Git 3.0. To configure the initial branch name
handle-success	Checkout code	2026-02-18T10:01:02.7078208Z hint: to use in all of your new repositories, which will suppress this warning,
handle-success	Checkout code	2026-02-18T10:01:02.7079458Z hint: call:
handle-success	Checkout code	2026-02-18T10:01:02.7080305Z hint:
handle-success	Checkout code	2026-02-18T10:01:02.7081002Z hint: 	git config --global init.defaultBranch <name>
handle-success	Checkout code	2026-02-18T10:01:02.7081733Z hint:
handle-success	Checkout code	2026-02-18T10:01:02.7082425Z hint: Names commonly chosen instead of 'master' are 'main', 'trunk' and
handle-success	Checkout code	2026-02-18T10:01:02.7083562Z hint: 'development'. The just-created branch can be renamed via this command:
handle-success	Checkout code	2026-02-18T10:01:02.7085176Z hint:
handle-success	Checkout code	2026-02-18T10:01:02.7085671Z hint: 	git branch -m <name>
handle-success	Checkout code	2026-02-18T10:01:02.7086237Z hint:
handle-success	Checkout code	2026-02-18T10:01:02.7086990Z hint: Disable this message with "git config set advice.defaultBranchName false"
handle-success	Checkout code	2026-02-18T10:01:02.7088204Z Initialized empty Git repository in /home/runner/_work/ka0s/ka0s/.git/
handle-success	Checkout code	2026-02-18T10:01:02.7090221Z [command]/usr/bin/git remote add origin https://github.com/Ka0s-Klaus/ka0s
handle-success	Checkout code	2026-02-18T10:01:02.7105195Z ##[endgroup]
handle-success	Checkout code	2026-02-18T10:01:02.7106185Z ##[group]Disabling automatic garbage collection
handle-success	Checkout code	2026-02-18T10:01:02.7107007Z [command]/usr/bin/git config --local gc.auto 0
handle-success	Checkout code	2026-02-18T10:01:02.7156739Z ##[endgroup]
handle-success	Checkout code	2026-02-18T10:01:02.7158029Z ##[group]Setting up auth
handle-success	Checkout code	2026-02-18T10:01:02.7170015Z [command]/usr/bin/git config --local --name-only --get-regexp core\.sshCommand
handle-success	Checkout code	2026-02-18T10:01:02.7210701Z [command]/usr/bin/git submodule foreach --recursive sh -c "git config --local --name-only --get-regexp 'core\.sshCommand' && git config --local --unset-all 'core.sshCommand' || :"
handle-success	Checkout code	2026-02-18T10:01:02.7557292Z [command]/usr/bin/git config --local --name-only --get-regexp http\.https\:\/\/github\.com\/\.extraheader
handle-success	Checkout code	2026-02-18T10:01:02.7600758Z [command]/usr/bin/git submodule foreach --recursive sh -c "git config --local --name-only --get-regexp 'http\.https\:\/\/github\.com\/\.extraheader' && git config --local --unset-all 'http.https://github.com/.extraheader' || :"
handle-success	Checkout code	2026-02-18T10:01:02.7976441Z [command]/usr/bin/git config --local --name-only --get-regexp ^includeIf\.gitdir:
handle-success	Checkout code	2026-02-18T10:01:02.8017194Z [command]/usr/bin/git submodule foreach --recursive git config --local --show-origin --name-only --get-regexp remote.origin.url
handle-success	Checkout code	2026-02-18T10:01:02.8363955Z [command]/usr/bin/git config --local http.https://github.com/.extraheader AUTHORIZATION: basic ***
handle-success	Checkout code	2026-02-18T10:01:02.8432596Z ##[endgroup]
handle-success	Checkout code	2026-02-18T10:01:02.8435366Z ##[group]Fetching the repository
handle-success	Checkout code	2026-02-18T10:01:02.8443358Z [command]/usr/bin/git -c protocol.version=2 fetch --prune --no-recurse-submodules origin +refs/heads/*:refs/remotes/origin/* +refs/tags/*:refs/tags/*
handle-success	Checkout code	2026-02-18T10:01:24.4803094Z From https://github.com/Ka0s-Klaus/ka0s
handle-success	Checkout code	2026-02-18T10:01:24.4804275Z  * [new branch]          F3450-modelo-operativo -> origin/F3450-modelo-operativo
handle-success	Checkout code	2026-02-18T10:01:24.4805701Z  * [new branch]          H1276-modulo-observabilidad -> origin/H1276-modulo-observabilidad
handle-success	Checkout code	2026-02-18T10:01:24.4806724Z  * [new branch]          H3266-deploy-zabbix    -> origin/H3266-deploy-zabbix
handle-success	Checkout code	2026-02-18T10:01:24.4807904Z  * [new branch]          H3596-deploy-itop      -> origin/H3596-deploy-itop
handle-success	Checkout code	2026-02-18T10:01:24.4808463Z  * [new branch]          main                   -> origin/main
handle-success	Checkout code	2026-02-18T10:01:24.4808981Z  * [new tag]             0.0.0                  -> 0.0.0
handle-success	Checkout code	2026-02-18T10:01:24.4809416Z  * [new tag]             0.0.1                  -> 0.0.1
handle-success	Checkout code	2026-02-18T10:01:24.4809834Z  * [new tag]             0.0.10                 -> 0.0.10
handle-success	Checkout code	2026-02-18T10:01:24.4810616Z  * [new tag]             0.0.100                -> 0.0.100
handle-success	Checkout code	2026-02-18T10:01:24.4811156Z  * [new tag]             0.0.101                -> 0.0.101
handle-success	Checkout code	2026-02-18T10:01:24.4811684Z  * [new tag]             0.0.102                -> 0.0.102
handle-success	Checkout code	2026-02-18T10:01:24.4812094Z  * [new tag]             0.0.103                -> 0.0.103
handle-success	Checkout code	2026-02-18T10:01:24.4812847Z  * [new tag]             0.0.104                -> 0.0.104
handle-success	Checkout code	2026-02-18T10:01:24.4813336Z  * [new tag]             0.0.105                -> 0.0.105
handle-success	Checkout code	2026-02-18T10:01:24.4813869Z  * [new tag]             0.0.106                -> 0.0.106
handle-success	Checkout code	2026-02-18T10:01:24.4814364Z  * [new tag]             0.0.107                -> 0.0.107
handle-success	Checkout code	2026-02-18T10:01:24.4819064Z  * [new tag]             0.0.108                -> 0.0.108
handle-success	Checkout code	2026-02-18T10:01:24.4819530Z  * [new tag]             0.0.109                -> 0.0.109
handle-success	Checkout code	2026-02-18T10:01:24.4819939Z  * [new tag]             0.0.11                 -> 0.0.11
handle-success	Checkout code	2026-02-18T10:01:24.4820353Z  * [new tag]             0.0.110                -> 0.0.110
handle-success	Checkout code	2026-02-18T10:01:24.4820756Z  * [new tag]             0.0.111                -> 0.0.111
handle-success	Checkout code	2026-02-18T10:01:24.4821785Z  * [new tag]             0.0.112                -> 0.0.112
handle-success	Checkout code	2026-02-18T10:01:24.4822190Z  * [new tag]             0.0.113                -> 0.0.113
handle-success	Checkout code	2026-02-18T10:01:24.4822593Z  * [new tag]             0.0.114                -> 0.0.114
handle-success	Checkout code	2026-02-18T10:01:24.4823005Z  * [new tag]             0.0.115                -> 0.0.115
handle-success	Checkout code	2026-02-18T10:01:24.4823409Z  * [new tag]             0.0.116                -> 0.0.116
handle-success	Checkout code	2026-02-18T10:01:24.4823825Z  * [new tag]             0.0.117                -> 0.0.117
handle-success	Checkout code	2026-02-18T10:01:24.4824234Z  * [new tag]             0.0.118                -> 0.0.118
handle-success	Checkout code	2026-02-18T10:01:24.4828215Z  * [new tag]             0.0.119                -> 0.0.119
handle-success	Checkout code	2026-02-18T10:01:24.4828688Z  * [new tag]             0.0.12                 -> 0.0.12
handle-success	Checkout code	2026-02-18T10:01:24.4829101Z  * [new tag]             0.0.120                -> 0.0.120
handle-success	Checkout code	2026-02-18T10:01:24.4829507Z  * [new tag]             0.0.121                -> 0.0.121
handle-success	Checkout code	2026-02-18T10:01:24.4830220Z  * [new tag]             0.0.122                -> 0.0.122
handle-success	Checkout code	2026-02-18T10:01:24.4830627Z  * [new tag]             0.0.123                -> 0.0.123
handle-success	Checkout code	2026-02-18T10:01:24.4831032Z  * [new tag]             0.0.124                -> 0.0.124
handle-success	Checkout code	2026-02-18T10:01:24.4831434Z  * [new tag]             0.0.125                -> 0.0.125
handle-success	Checkout code	2026-02-18T10:01:24.4831832Z  * [new tag]             0.0.126                -> 0.0.126
handle-success	Checkout code	2026-02-18T10:01:24.4832237Z  * [new tag]             0.0.127                -> 0.0.127
handle-success	Checkout code	2026-02-18T10:01:24.4832638Z  * [new tag]             0.0.128                -> 0.0.128
handle-success	Checkout code	2026-02-18T10:01:24.4833040Z  * [new tag]             0.0.129                -> 0.0.129
handle-success	Checkout code	2026-02-18T10:01:24.4833445Z  * [new tag]             0.0.13                 -> 0.0.13
handle-success	Checkout code	2026-02-18T10:01:24.4833841Z  * [new tag]             0.0.130                -> 0.0.130
handle-success	Checkout code	2026-02-18T10:01:24.4834246Z  * [new tag]             0.0.131                -> 0.0.131
handle-success	Checkout code	2026-02-18T10:01:24.4835045Z  * [new tag]             0.0.132                -> 0.0.132
handle-success	Checkout code	2026-02-18T10:01:24.4835484Z  * [new tag]             0.0.133                -> 0.0.133
handle-success	Checkout code	2026-02-18T10:01:24.4835890Z  * [new tag]             0.0.134                -> 0.0.134
handle-success	Checkout code	2026-02-18T10:01:24.4836291Z  * [new tag]             0.0.135                -> 0.0.135
handle-success	Checkout code	2026-02-18T10:01:24.4836695Z  * [new tag]             0.0.136                -> 0.0.136
handle-success	Checkout code	2026-02-18T10:01:24.4837098Z  * [new tag]             0.0.137                -> 0.0.137
handle-success	Checkout code	2026-02-18T10:01:24.4837502Z  * [new tag]             0.0.138                -> 0.0.138
handle-success	Checkout code	2026-02-18T10:01:24.4837974Z  * [new tag]             0.0.139                -> 0.0.139
handle-success	Checkout code	2026-02-18T10:01:24.4838381Z  * [new tag]             0.0.14                 -> 0.0.14
handle-success	Checkout code	2026-02-18T10:01:24.4838782Z  * [new tag]             0.0.140                -> 0.0.140
handle-success	Checkout code	2026-02-18T10:01:24.4925334Z  * [new tag]             0.0.141                -> 0.0.141
handle-success	Checkout code	2026-02-18T10:01:24.4926146Z  * [new tag]             0.0.142                -> 0.0.142
handle-success	Checkout code	2026-02-18T10:01:24.4926563Z  * [new tag]             0.0.143                -> 0.0.143
handle-success	Checkout code	2026-02-18T10:01:24.4927052Z  * [new tag]             0.0.144                -> 0.0.144
handle-success	Checkout code	2026-02-18T10:01:24.4927452Z  * [new tag]             0.0.145                -> 0.0.145
handle-success	Checkout code	2026-02-18T10:01:24.4927845Z  * [new tag]             0.0.146                -> 0.0.146
handle-success	Checkout code	2026-02-18T10:01:24.4928237Z  * [new tag]             0.0.147                -> 0.0.147
handle-success	Checkout code	2026-02-18T10:01:24.4928754Z  * [new tag]             0.0.148                -> 0.0.148
handle-success	Checkout code	2026-02-18T10:01:24.4929282Z  * [new tag]             0.0.149                -> 0.0.149
handle-success	Checkout code	2026-02-18T10:01:24.4929675Z  * [new tag]             0.0.15                 -> 0.0.15
handle-success	Checkout code	2026-02-18T10:01:24.4930070Z  * [new tag]             0.0.150                -> 0.0.150
handle-success	Checkout code	2026-02-18T10:01:24.4930484Z  * [new tag]             0.0.151                -> 0.0.151
handle-success	Checkout code	2026-02-18T10:01:24.4930927Z  * [new tag]             0.0.152                -> 0.0.152
handle-success	Checkout code	2026-02-18T10:01:24.4931330Z  * [new tag]             0.0.153                -> 0.0.153
handle-success	Checkout code	2026-02-18T10:01:24.4932059Z  * [new tag]             0.0.154                -> 0.0.154
handle-success	Checkout code	2026-02-18T10:01:24.4932458Z  * [new tag]             0.0.155                -> 0.0.155
handle-success	Checkout code	2026-02-18T10:01:24.4932849Z  * [new tag]             0.0.156                -> 0.0.156
handle-success	Checkout code	2026-02-18T10:01:24.4933249Z  * [new tag]             0.0.157                -> 0.0.157
handle-success	Checkout code	2026-02-18T10:01:24.4933650Z  * [new tag]             0.0.158                -> 0.0.158
handle-success	Checkout code	2026-02-18T10:01:24.4934050Z  * [new tag]             0.0.159                -> 0.0.159
handle-success	Checkout code	2026-02-18T10:01:24.4934450Z  * [new tag]             0.0.16                 -> 0.0.16
handle-success	Checkout code	2026-02-18T10:01:24.4950456Z  * [new tag]             0.0.160                -> 0.0.160
handle-success	Checkout code	2026-02-18T10:01:24.4950967Z  * [new tag]             0.0.161                -> 0.0.161
handle-success	Checkout code	2026-02-18T10:01:24.4951376Z  * [new tag]             0.0.162                -> 0.0.162
handle-success	Checkout code	2026-02-18T10:01:24.4951775Z  * [new tag]             0.0.163                -> 0.0.163
handle-success	Checkout code	2026-02-18T10:01:24.4952178Z  * [new tag]             0.0.164                -> 0.0.164
handle-success	Checkout code	2026-02-18T10:01:24.4952968Z  * [new tag]             0.0.165                -> 0.0.165
handle-success	Checkout code	2026-02-18T10:01:24.4953374Z  * [new tag]             0.0.166                -> 0.0.166
handle-success	Checkout code	2026-02-18T10:01:24.4953771Z  * [new tag]             0.0.167                -> 0.0.167
handle-success	Checkout code	2026-02-18T10:01:24.4954171Z  * [new tag]             0.0.168                -> 0.0.168
handle-success	Checkout code	2026-02-18T10:01:24.4962846Z  * [new tag]             0.0.169                -> 0.0.169
handle-success	Checkout code	2026-02-18T10:01:24.4963368Z  * [new tag]             0.0.17                 -> 0.0.17
handle-success	Checkout code	2026-02-18T10:01:24.4963786Z  * [new tag]             0.0.170                -> 0.0.170
handle-success	Checkout code	2026-02-18T10:01:24.4964192Z  * [new tag]             0.0.171                -> 0.0.171
handle-success	Checkout code	2026-02-18T10:01:24.4964870Z  * [new tag]             0.0.172                -> 0.0.172
handle-success	Checkout code	2026-02-18T10:01:24.4965419Z  * [new tag]             0.0.173                -> 0.0.173
handle-success	Checkout code	2026-02-18T10:01:24.4965820Z  * [new tag]             0.0.174                -> 0.0.174
handle-success	Checkout code	2026-02-18T10:01:24.4966225Z  * [new tag]             0.0.175                -> 0.0.175
handle-success	Checkout code	2026-02-18T10:01:24.4966660Z  * [new tag]             0.0.176                -> 0.0.176
handle-success	Checkout code	2026-02-18T10:01:24.4967064Z  * [new tag]             0.0.177                -> 0.0.177
handle-success	Checkout code	2026-02-18T10:01:24.4967465Z  * [new tag]             0.0.178                -> 0.0.178
handle-success	Checkout code	2026-02-18T10:01:24.4967867Z  * [new tag]             0.0.179                -> 0.0.179
handle-success	Checkout code	2026-02-18T10:01:24.4968265Z  * [new tag]             0.0.18                 -> 0.0.18
handle-success	Checkout code	2026-02-18T10:01:24.4968677Z  * [new tag]             0.0.19                 -> 0.0.19
handle-success	Checkout code	2026-02-18T10:01:24.4969079Z  * [new tag]             0.0.2                  -> 0.0.2
handle-success	Checkout code	2026-02-18T10:01:24.4969482Z  * [new tag]             0.0.20                 -> 0.0.20
handle-success	Checkout code	2026-02-18T10:01:24.4969886Z  * [new tag]             0.0.21                 -> 0.0.21
handle-success	Checkout code	2026-02-18T10:01:24.4970290Z  * [new tag]             0.0.22                 -> 0.0.22
handle-success	Checkout code	2026-02-18T10:01:24.4970691Z  * [new tag]             0.0.23                 -> 0.0.23
handle-success	Checkout code	2026-02-18T10:01:24.4971104Z  * [new tag]             0.0.24                 -> 0.0.24
handle-success	Checkout code	2026-02-18T10:01:24.4971508Z  * [new tag]             0.0.25                 -> 0.0.25
handle-success	Checkout code	2026-02-18T10:01:24.4971910Z  * [new tag]             0.0.26                 -> 0.0.26
handle-success	Checkout code	2026-02-18T10:01:24.4972310Z  * [new tag]             0.0.27                 -> 0.0.27
handle-success	Checkout code	2026-02-18T10:01:24.4972708Z  * [new tag]             0.0.28                 -> 0.0.28
handle-success	Checkout code	2026-02-18T10:01:24.4973111Z  * [new tag]             0.0.29                 -> 0.0.29
handle-success	Checkout code	2026-02-18T10:01:24.4973515Z  * [new tag]             0.0.3                  -> 0.0.3
handle-success	Checkout code	2026-02-18T10:01:24.4973918Z  * [new tag]             0.0.30                 -> 0.0.30
handle-success	Checkout code	2026-02-18T10:01:24.4974319Z  * [new tag]             0.0.31                 -> 0.0.31
handle-success	Checkout code	2026-02-18T10:01:24.4975179Z  * [new tag]             0.0.32                 -> 0.0.32
handle-success	Checkout code	2026-02-18T10:01:24.4975584Z  * [new tag]             0.0.33                 -> 0.0.33
handle-success	Checkout code	2026-02-18T10:01:24.4975985Z  * [new tag]             0.0.34                 -> 0.0.34
handle-success	Checkout code	2026-02-18T10:01:24.4976700Z  * [new tag]             0.0.35                 -> 0.0.35
handle-success	Checkout code	2026-02-18T10:01:24.4977098Z  * [new tag]             0.0.36                 -> 0.0.36
handle-success	Checkout code	2026-02-18T10:01:24.4977494Z  * [new tag]             0.0.37                 -> 0.0.37
handle-success	Checkout code	2026-02-18T10:01:24.4978010Z  * [new tag]             0.0.38                 -> 0.0.38
handle-success	Checkout code	2026-02-18T10:01:24.4978413Z  * [new tag]             0.0.39                 -> 0.0.39
handle-success	Checkout code	2026-02-18T10:01:24.4978818Z  * [new tag]             0.0.4                  -> 0.0.4
handle-success	Checkout code	2026-02-18T10:01:24.4979219Z  * [new tag]             0.0.40                 -> 0.0.40
handle-success	Checkout code	2026-02-18T10:01:24.4979622Z  * [new tag]             0.0.41                 -> 0.0.41
handle-success	Checkout code	2026-02-18T10:01:24.4980022Z  * [new tag]             0.0.42                 -> 0.0.42
handle-success	Checkout code	2026-02-18T10:01:24.4980420Z  * [new tag]             0.0.43                 -> 0.0.43
handle-success	Checkout code	2026-02-18T10:01:24.4980820Z  * [new tag]             0.0.44                 -> 0.0.44
handle-success	Checkout code	2026-02-18T10:01:24.4981223Z  * [new tag]             0.0.45                 -> 0.0.45
handle-success	Checkout code	2026-02-18T10:01:24.4981850Z  * [new tag]             0.0.46                 -> 0.0.46
handle-success	Checkout code	2026-02-18T10:01:24.4982250Z  * [new tag]             0.0.47                 -> 0.0.47
handle-success	Checkout code	2026-02-18T10:01:24.4982651Z  * [new tag]             0.0.48                 -> 0.0.48
handle-success	Checkout code	2026-02-18T10:01:24.4983203Z  * [new tag]             0.0.49                 -> 0.0.49
handle-success	Checkout code	2026-02-18T10:01:24.4983617Z  * [new tag]             0.0.5                  -> 0.0.5
handle-success	Checkout code	2026-02-18T10:01:24.4984026Z  * [new tag]             0.0.50                 -> 0.0.50
handle-success	Checkout code	2026-02-18T10:01:24.4984442Z  * [new tag]             0.0.51                 -> 0.0.51
handle-success	Checkout code	2026-02-18T10:01:24.4984980Z  * [new tag]             0.0.52                 -> 0.0.52
handle-success	Checkout code	2026-02-18T10:01:24.4985399Z  * [new tag]             0.0.53                 -> 0.0.53
handle-success	Checkout code	2026-02-18T10:01:24.4985815Z  * [new tag]             0.0.54                 -> 0.0.54
handle-success	Checkout code	2026-02-18T10:01:24.4986226Z  * [new tag]             0.0.55                 -> 0.0.55
handle-success	Checkout code	2026-02-18T10:01:24.4986640Z  * [new tag]             0.0.56                 -> 0.0.56
handle-success	Checkout code	2026-02-18T10:01:24.4987066Z  * [new tag]             0.0.57                 -> 0.0.57
handle-success	Checkout code	2026-02-18T10:01:24.4987482Z  * [new tag]             0.0.58                 -> 0.0.58
handle-success	Checkout code	2026-02-18T10:01:24.4987897Z  * [new tag]             0.0.59                 -> 0.0.59
handle-success	Checkout code	2026-02-18T10:01:24.4988307Z  * [new tag]             0.0.6                  -> 0.0.6
handle-success	Checkout code	2026-02-18T10:01:24.4988729Z  * [new tag]             0.0.60                 -> 0.0.60
handle-success	Checkout code	2026-02-18T10:01:24.4989142Z  * [new tag]             0.0.61                 -> 0.0.61
handle-success	Checkout code	2026-02-18T10:01:24.4989552Z  * [new tag]             0.0.62                 -> 0.0.62
handle-success	Checkout code	2026-02-18T10:01:24.4989953Z  * [new tag]             0.0.63                 -> 0.0.63
handle-success	Checkout code	2026-02-18T10:01:24.4990357Z  * [new tag]             0.0.64                 -> 0.0.64
handle-success	Checkout code	2026-02-18T10:01:24.4990764Z  * [new tag]             0.0.65                 -> 0.0.65
handle-success	Checkout code	2026-02-18T10:01:24.4991181Z  * [new tag]             0.0.66                 -> 0.0.66
handle-success	Checkout code	2026-02-18T10:01:24.4991601Z  * [new tag]             0.0.67                 -> 0.0.67
handle-success	Checkout code	2026-02-18T10:01:24.4992012Z  * [new tag]             0.0.68                 -> 0.0.68
handle-success	Checkout code	2026-02-18T10:01:24.4992426Z  * [new tag]             0.0.69                 -> 0.0.69
handle-success	Checkout code	2026-02-18T10:01:24.4992838Z  * [new tag]             0.0.7                  -> 0.0.7
handle-success	Checkout code	2026-02-18T10:01:24.4993251Z  * [new tag]             0.0.70                 -> 0.0.70
handle-success	Checkout code	2026-02-18T10:01:24.4993657Z  * [new tag]             0.0.71                 -> 0.0.71
handle-success	Checkout code	2026-02-18T10:01:24.4994065Z  * [new tag]             0.0.72                 -> 0.0.72
handle-success	Checkout code	2026-02-18T10:01:24.4994471Z  * [new tag]             0.0.73                 -> 0.0.73
handle-success	Checkout code	2026-02-18T10:01:24.4994955Z  * [new tag]             0.0.74                 -> 0.0.74
handle-success	Checkout code	2026-02-18T10:01:24.4995367Z  * [new tag]             0.0.75                 -> 0.0.75
handle-success	Checkout code	2026-02-18T10:01:24.4995774Z  * [new tag]             0.0.76                 -> 0.0.76
handle-success	Checkout code	2026-02-18T10:01:24.4996176Z  * [new tag]             0.0.77                 -> 0.0.77
handle-success	Checkout code	2026-02-18T10:01:24.4996838Z  * [new tag]             0.0.78                 -> 0.0.78
handle-success	Checkout code	2026-02-18T10:01:24.4997246Z  * [new tag]             0.0.79                 -> 0.0.79
handle-success	Checkout code	2026-02-18T10:01:24.4997656Z  * [new tag]             0.0.8                  -> 0.0.8
handle-success	Checkout code	2026-02-18T10:01:24.4998053Z  * [new tag]             0.0.80                 -> 0.0.80
handle-success	Checkout code	2026-02-18T10:01:24.4998579Z  * [new tag]             0.0.81                 -> 0.0.81
handle-success	Checkout code	2026-02-18T10:01:24.4998973Z  * [new tag]             0.0.82                 -> 0.0.82
handle-success	Checkout code	2026-02-18T10:01:24.4999369Z  * [new tag]             0.0.83                 -> 0.0.83
handle-success	Checkout code	2026-02-18T10:01:24.4999764Z  * [new tag]             0.0.84                 -> 0.0.84
handle-success	Checkout code	2026-02-18T10:01:24.5000152Z  * [new tag]             0.0.85                 -> 0.0.85
handle-success	Checkout code	2026-02-18T10:01:24.5000546Z  * [new tag]             0.0.86                 -> 0.0.86
handle-success	Checkout code	2026-02-18T10:01:24.5000942Z  * [new tag]             0.0.87                 -> 0.0.87
handle-success	Checkout code	2026-02-18T10:01:24.5001335Z  * [new tag]             0.0.88                 -> 0.0.88
handle-success	Checkout code	2026-02-18T10:01:24.5001953Z  * [new tag]             0.0.89                 -> 0.0.89
handle-success	Checkout code	2026-02-18T10:01:24.5002341Z  * [new tag]             0.0.9                  -> 0.0.9
handle-success	Checkout code	2026-02-18T10:01:24.5002734Z  * [new tag]             0.0.90                 -> 0.0.90
handle-success	Checkout code	2026-02-18T10:01:24.5003125Z  * [new tag]             0.0.91                 -> 0.0.91
handle-success	Checkout code	2026-02-18T10:01:24.5003519Z  * [new tag]             0.0.92                 -> 0.0.92
handle-success	Checkout code	2026-02-18T10:01:24.5003907Z  * [new tag]             0.0.93                 -> 0.0.93
handle-success	Checkout code	2026-02-18T10:01:24.5004308Z  * [new tag]             0.0.94                 -> 0.0.94
handle-success	Checkout code	2026-02-18T10:01:24.5005033Z  * [new tag]             0.0.95                 -> 0.0.95
handle-success	Checkout code	2026-02-18T10:01:24.5005560Z  * [new tag]             0.0.96                 -> 0.0.96
handle-success	Checkout code	2026-02-18T10:01:24.5005954Z  * [new tag]             0.0.97                 -> 0.0.97
handle-success	Checkout code	2026-02-18T10:01:24.5006347Z  * [new tag]             0.0.98                 -> 0.0.98
handle-success	Checkout code	2026-02-18T10:01:24.5006746Z  * [new tag]             0.0.99                 -> 0.0.99
handle-success	Checkout code	2026-02-18T10:01:24.5007158Z  * [new tag]             0.1.0                  -> 0.1.0
handle-success	Checkout code	2026-02-18T10:01:24.5007555Z  * [new tag]             0.1.1                  -> 0.1.1
handle-success	Checkout code	2026-02-18T10:01:24.5007954Z  * [new tag]             0.2.0                  -> 0.2.0
handle-success	Checkout code	2026-02-18T10:01:24.5008344Z  * [new tag]             0.3.0                  -> 0.3.0
handle-success	Checkout code	2026-02-18T10:01:24.5008735Z  * [new tag]             0.3.1                  -> 0.3.1
handle-success	Checkout code	2026-02-18T10:01:24.5009125Z  * [new tag]             0.3.10                 -> 0.3.10
handle-success	Checkout code	2026-02-18T10:01:24.5009524Z  * [new tag]             0.3.11                 -> 0.3.11
handle-success	Checkout code	2026-02-18T10:01:24.5009956Z  * [new tag]             0.3.12                 -> 0.3.12
handle-success	Checkout code	2026-02-18T10:01:24.5010355Z  * [new tag]             0.3.13                 -> 0.3.13
handle-success	Checkout code	2026-02-18T10:01:24.5010748Z  * [new tag]             0.3.14                 -> 0.3.14
handle-success	Checkout code	2026-02-18T10:01:24.5011141Z  * [new tag]             0.3.15                 -> 0.3.15
handle-success	Checkout code	2026-02-18T10:01:24.5011537Z  * [new tag]             0.3.16                 -> 0.3.16
handle-success	Checkout code	2026-02-18T10:01:24.5011941Z  * [new tag]             0.3.17                 -> 0.3.17
handle-success	Checkout code	2026-02-18T10:01:24.5012340Z  * [new tag]             0.3.2                  -> 0.3.2
handle-success	Checkout code	2026-02-18T10:01:24.5012738Z  * [new tag]             0.3.3                  -> 0.3.3
handle-success	Checkout code	2026-02-18T10:01:24.5013124Z  * [new tag]             0.3.4                  -> 0.3.4
handle-success	Checkout code	2026-02-18T10:01:24.5013514Z  * [new tag]             0.3.5                  -> 0.3.5
handle-success	Checkout code	2026-02-18T10:01:24.5013905Z  * [new tag]             0.3.6                  -> 0.3.6
handle-success	Checkout code	2026-02-18T10:01:24.5014296Z  * [new tag]             0.3.7                  -> 0.3.7
handle-success	Checkout code	2026-02-18T10:01:24.5014937Z  * [new tag]             0.3.8                  -> 0.3.8
handle-success	Checkout code	2026-02-18T10:01:24.5015345Z  * [new tag]             0.3.9                  -> 0.3.9
handle-success	Checkout code	2026-02-18T10:01:24.5015867Z  * [new tag]             0.4.0                  -> 0.4.0
handle-success	Checkout code	2026-02-18T10:01:24.5016253Z  * [new tag]             0.4.1                  -> 0.4.1
handle-success	Checkout code	2026-02-18T10:01:24.5016927Z  * [new tag]             0.4.2                  -> 0.4.2
handle-success	Checkout code	2026-02-18T10:01:24.5017325Z  * [new tag]             0.4.3                  -> 0.4.3
handle-success	Checkout code	2026-02-18T10:01:24.5017717Z  * [new tag]             0.4.4                  -> 0.4.4
handle-success	Checkout code	2026-02-18T10:01:24.5018106Z  * [new tag]             0.4.5                  -> 0.4.5
handle-success	Checkout code	2026-02-18T10:01:24.5018501Z  * [new tag]             0.4.6                  -> 0.4.6
handle-success	Checkout code	2026-02-18T10:01:24.5018891Z  * [new tag]             0.4.7                  -> 0.4.7
handle-success	Checkout code	2026-02-18T10:01:24.5019274Z  * [new tag]             0.4.8                  -> 0.4.8
handle-success	Checkout code	2026-02-18T10:01:24.5019666Z  * [new tag]             0.4.9                  -> 0.4.9
handle-success	Checkout code	2026-02-18T10:01:24.5020058Z  * [new tag]             0.5.0                  -> 0.5.0
handle-success	Checkout code	2026-02-18T10:01:24.5020447Z  * [new tag]             0.5.1                  -> 0.5.1
handle-success	Checkout code	2026-02-18T10:01:24.5020831Z  * [new tag]             0.5.2                  -> 0.5.2
handle-success	Checkout code	2026-02-18T10:01:24.5021221Z  * [new tag]             0.6.0                  -> 0.6.0
handle-success	Checkout code	2026-02-18T10:01:24.5021621Z  * [new tag]             0.6.1                  -> 0.6.1
handle-success	Checkout code	2026-02-18T10:01:24.5022221Z  * [new tag]             0.6.2                  -> 0.6.2
handle-success	Checkout code	2026-02-18T10:01:24.5219809Z [command]/usr/bin/git branch --list --remote origin/main
handle-success	Checkout code	2026-02-18T10:01:24.5303164Z   origin/main
handle-success	Checkout code	2026-02-18T10:01:24.5315301Z [command]/usr/bin/git rev-parse refs/remotes/origin/main
handle-success	Checkout code	2026-02-18T10:01:24.5348052Z d61f5d41ebe482919c4741137fd75a7f571a4670
handle-success	Checkout code	2026-02-18T10:01:24.5361034Z [command]/usr/bin/git -c protocol.version=2 fetch --no-tags --prune --no-recurse-submodules origin +e6c3eb087bea9478e27aa667ab1979c200dd06ed:refs/remotes/origin/main
handle-success	Checkout code	2026-02-18T10:01:24.5552061Z From https://github.com/Ka0s-Klaus/ka0s
handle-success	Checkout code	2026-02-18T10:01:24.5552806Z  + d61f5d41e...e6c3eb087 e6c3eb087bea9478e27aa667ab1979c200dd06ed -> origin/main  (forced update)
handle-success	Checkout code	2026-02-18T10:01:24.5594331Z ##[endgroup]
handle-success	Checkout code	2026-02-18T10:01:24.5595079Z ##[group]Determining the checkout info
handle-success	Checkout code	2026-02-18T10:01:24.5595600Z ##[endgroup]
handle-success	Checkout code	2026-02-18T10:01:24.5599022Z [command]/usr/bin/git sparse-checkout disable
handle-success	Checkout code	2026-02-18T10:01:24.5660705Z [command]/usr/bin/git config --local --unset-all extensions.worktreeConfig
handle-success	Checkout code	2026-02-18T10:01:24.5700821Z ##[group]Checking out the ref
handle-success	Checkout code	2026-02-18T10:01:24.5705234Z [command]/usr/bin/git checkout --progress --force -B main refs/remotes/origin/main
handle-success	Checkout code	2026-02-18T10:01:24.8180255Z Switched to a new branch 'main'
handle-success	Checkout code	2026-02-18T10:01:24.8200056Z branch 'main' set up to track 'origin/main'.
handle-success	Checkout code	2026-02-18T10:01:24.8235985Z ##[endgroup]
handle-success	Checkout code	2026-02-18T10:01:24.8289742Z [command]/usr/bin/git log -1 --format=%H
handle-success	Checkout code	2026-02-18T10:01:24.8330444Z e6c3eb087bea9478e27aa667ab1979c200dd06ed
handle-success	handle-success-execution	Ôªø2026-02-18T10:01:24.8628608Z ##[group]Run # Si todo ha ido correcto a√±adimos el contenido del fichero 
handle-success	handle-success-execution	2026-02-18T10:01:24.8629430Z [36;1m# Si todo ha ido correcto a√±adimos el contenido del fichero [0m
handle-success	handle-success-execution	2026-02-18T10:01:24.8629881Z [36;1mecho "Process completed successfully 22135054025"[0m
handle-success	handle-success-execution	2026-02-18T10:01:24.8630312Z [36;1m# RNNUMBER=$(echo "refs/heads/main" | grep -o '[0-9]*')[0m
handle-success	handle-success-execution	2026-02-18T10:01:24.8631145Z [36;1m# gh issue comment $RNNUMBER --body "El proceso ha finalizado correctamente 22135054025. El resultado est√° en el fichero core/results/event_data_22135054025.log"[0m
handle-success	handle-success-execution	2026-02-18T10:01:24.8651315Z shell: /usr/bin/bash -e {0}
handle-success	handle-success-execution	2026-02-18T10:01:24.8651636Z env:
handle-success	handle-success-execution	2026-02-18T10:01:24.8651853Z   PYTHON_VERSION: 3.9
handle-success	handle-success-execution	2026-02-18T10:01:24.8652954Z   MONGO_SUPERUSER_CONNECTION: ***
handle-success	handle-success-execution	2026-02-18T10:01:24.8653381Z   MONGO_NEW_PASS: ***
handle-success	handle-success-execution	2026-02-18T10:01:24.8653731Z   MONGO_SCRIPT_CREATE: devops/core/mongo/scripts/mongodb_status_report.py
handle-success	handle-success-execution	2026-02-18T10:01:24.8654136Z   KAOS_CODE: 22135054025
handle-success	handle-success-execution	2026-02-18T10:01:24.8654379Z   REPORT_SCAN: audit/
handle-success	handle-success-execution	2026-02-18T10:01:24.8654921Z   REPORT_PATH: audit/mongodb/
handle-success	handle-success-execution	2026-02-18T10:01:24.8655320Z   REPORT_FILENAME: 22135054025.json
handle-success	handle-success-execution	2026-02-18T10:01:24.8655604Z   KAOS_MODULE: [Ka0s] Status MongDB Report
handle-success	handle-success-execution	2026-02-18T10:01:24.8656019Z   GH_TOKEN: ***
handle-success	handle-success-execution	2026-02-18T10:01:24.8656237Z ##[endgroup]
handle-success	handle-success-execution	2026-02-18T10:01:24.8748182Z Process completed successfully 22135054025
handle-success	Post Checkout code	Ôªø2026-02-18T10:01:24.8906856Z Post job cleanup.
handle-success	Post Checkout code	2026-02-18T10:01:25.0036034Z [command]/usr/bin/git version
handle-success	Post Checkout code	2026-02-18T10:01:25.0080068Z git version 2.52.0
handle-success	Post Checkout code	2026-02-18T10:01:25.0131046Z Temporarily overriding HOME='/home/runner/_work/_temp/195cb044-cb4e-415d-8cb3-f76677929efb' before making global git config changes
handle-success	Post Checkout code	2026-02-18T10:01:25.0133048Z Adding repository directory to the temporary git global config as a safe directory
handle-success	Post Checkout code	2026-02-18T10:01:25.0138698Z [command]/usr/bin/git config --global --add safe.directory /home/runner/_work/ka0s/ka0s
handle-success	Post Checkout code	2026-02-18T10:01:25.0190056Z [command]/usr/bin/git config --local --name-only --get-regexp core\.sshCommand
handle-success	Post Checkout code	2026-02-18T10:01:25.0257332Z [command]/usr/bin/git submodule foreach --recursive sh -c "git config --local --name-only --get-regexp 'core\.sshCommand' && git config --local --unset-all 'core.sshCommand' || :"
handle-success	Post Checkout code	2026-02-18T10:01:25.0618868Z [command]/usr/bin/git config --local --name-only --get-regexp http\.https\:\/\/github\.com\/\.extraheader
handle-success	Post Checkout code	2026-02-18T10:01:25.0652958Z http.https://github.com/.extraheader
handle-success	Post Checkout code	2026-02-18T10:01:25.0665041Z [command]/usr/bin/git config --local --unset-all http.https://github.com/.extraheader
handle-success	Post Checkout code	2026-02-18T10:01:25.0711457Z [command]/usr/bin/git submodule foreach --recursive sh -c "git config --local --name-only --get-regexp 'http\.https\:\/\/github\.com\/\.extraheader' && git config --local --unset-all 'http.https://github.com/.extraheader' || :"
handle-success	Post Checkout code	2026-02-18T10:01:25.1052622Z [command]/usr/bin/git config --local --name-only --get-regexp ^includeIf\.gitdir:
handle-success	Post Checkout code	2026-02-18T10:01:25.1095441Z [command]/usr/bin/git submodule foreach --recursive git config --local --show-origin --name-only --get-regexp remote.origin.url
handle-success	Complete job	Ôªø2026-02-18T10:01:25.1669132Z Cleaning up orphan processes
end-workflow	Set up job	Ôªø2026-02-18T10:01:37.2288970Z Current runner version: '2.331.0'
end-workflow	Set up job	2026-02-18T10:01:37.2298882Z Runner name: 'swarm-runners-scaleset-hkss5-runner-bgdvc'
end-workflow	Set up job	2026-02-18T10:01:37.2299922Z Runner group name: 'Default'
end-workflow	Set up job	2026-02-18T10:01:37.2301122Z Machine name: 'swarm-runners-scaleset-hkss5-runner-bgdvc'
end-workflow	Set up job	2026-02-18T10:01:37.2311170Z ##[group]GITHUB_TOKEN Permissions
end-workflow	Set up job	2026-02-18T10:01:37.2315287Z Actions: write
end-workflow	Set up job	2026-02-18T10:01:37.2315967Z Contents: write
end-workflow	Set up job	2026-02-18T10:01:37.2316572Z Issues: write
end-workflow	Set up job	2026-02-18T10:01:37.2317217Z Metadata: read
end-workflow	Set up job	2026-02-18T10:01:37.2317804Z PullRequests: write
end-workflow	Set up job	2026-02-18T10:01:37.2318499Z ##[endgroup]
end-workflow	Set up job	2026-02-18T10:01:37.2321006Z Secret source: Actions
end-workflow	Set up job	2026-02-18T10:01:37.2321808Z Prepare workflow directory
end-workflow	Set up job	2026-02-18T10:01:37.2994875Z Prepare all required actions
end-workflow	Set up job	2026-02-18T10:01:37.3043673Z Getting action download info
end-workflow	Set up job	2026-02-18T10:01:37.8480808Z Download action repository 'actions/checkout@v4' (SHA:34e114876b0b11c390a56381ad16ebd13914f8d5)
end-workflow	Set up job	2026-02-18T10:01:38.7770827Z Complete job name: end-workflow
end-workflow	Checkout Repository	Ôªø2026-02-18T10:01:38.8452585Z ##[group]Run actions/checkout@v4
end-workflow	Checkout Repository	2026-02-18T10:01:38.8453667Z with:
end-workflow	Checkout Repository	2026-02-18T10:01:38.8454143Z   fetch-depth: 0
end-workflow	Checkout Repository	2026-02-18T10:01:38.8455079Z   repository: Ka0s-Klaus/ka0s
end-workflow	Checkout Repository	2026-02-18T10:01:38.8456056Z   token: ***
end-workflow	Checkout Repository	2026-02-18T10:01:38.8456508Z   ssh-strict: true
end-workflow	Checkout Repository	2026-02-18T10:01:38.8456969Z   ssh-user: git
end-workflow	Checkout Repository	2026-02-18T10:01:38.8457438Z   persist-credentials: true
end-workflow	Checkout Repository	2026-02-18T10:01:38.8457951Z   clean: true
end-workflow	Checkout Repository	2026-02-18T10:01:38.8458413Z   sparse-checkout-cone-mode: true
end-workflow	Checkout Repository	2026-02-18T10:01:38.8458983Z   fetch-tags: false
end-workflow	Checkout Repository	2026-02-18T10:01:38.8459447Z   show-progress: true
end-workflow	Checkout Repository	2026-02-18T10:01:38.8459908Z   lfs: false
end-workflow	Checkout Repository	2026-02-18T10:01:38.8460340Z   submodules: false
end-workflow	Checkout Repository	2026-02-18T10:01:38.8460838Z   set-safe-directory: true
end-workflow	Checkout Repository	2026-02-18T10:01:38.8461607Z env:
end-workflow	Checkout Repository	2026-02-18T10:01:38.8462053Z   PYTHON_VERSION: 3.9
end-workflow	Checkout Repository	2026-02-18T10:01:38.8463369Z   MONGO_SUPERUSER_CONNECTION: ***
end-workflow	Checkout Repository	2026-02-18T10:01:38.8464135Z   MONGO_NEW_PASS: ***
end-workflow	Checkout Repository	2026-02-18T10:01:38.8465223Z   MONGO_SCRIPT_CREATE: devops/core/mongo/scripts/mongodb_status_report.py
end-workflow	Checkout Repository	2026-02-18T10:01:38.8466240Z   KAOS_CODE: 22135054025
end-workflow	Checkout Repository	2026-02-18T10:01:38.8466746Z   REPORT_SCAN: audit/
end-workflow	Checkout Repository	2026-02-18T10:01:38.8467236Z   REPORT_PATH: audit/mongodb/
end-workflow	Checkout Repository	2026-02-18T10:01:38.8467779Z   REPORT_FILENAME: 22135054025.json
end-workflow	Checkout Repository	2026-02-18T10:01:38.8468365Z   KAOS_MODULE: [Ka0s] Status MongDB Report
end-workflow	Checkout Repository	2026-02-18T10:01:38.8468956Z ##[endgroup]
end-workflow	Checkout Repository	2026-02-18T10:01:38.9776784Z Syncing repository: Ka0s-Klaus/ka0s
end-workflow	Checkout Repository	2026-02-18T10:01:38.9779270Z ##[group]Getting Git version info
end-workflow	Checkout Repository	2026-02-18T10:01:38.9780089Z Working directory is '/home/runner/_work/ka0s/ka0s'
end-workflow	Checkout Repository	2026-02-18T10:01:38.9781228Z [command]/usr/bin/git version
end-workflow	Checkout Repository	2026-02-18T10:01:38.9782343Z git version 2.52.0
end-workflow	Checkout Repository	2026-02-18T10:01:38.9829842Z ##[endgroup]
end-workflow	Checkout Repository	2026-02-18T10:01:38.9862530Z Temporarily overriding HOME='/home/runner/_work/_temp/b9a18b48-a17e-4a93-b455-5cabbe34f4f4' before making global git config changes
end-workflow	Checkout Repository	2026-02-18T10:01:38.9871834Z Adding repository directory to the temporary git global config as a safe directory
end-workflow	Checkout Repository	2026-02-18T10:01:38.9882125Z [command]/usr/bin/git config --global --add safe.directory /home/runner/_work/ka0s/ka0s
end-workflow	Checkout Repository	2026-02-18T10:01:38.9955677Z Deleting the contents of '/home/runner/_work/ka0s/ka0s'
end-workflow	Checkout Repository	2026-02-18T10:01:39.0001120Z ##[group]Initializing the repository
end-workflow	Checkout Repository	2026-02-18T10:01:39.0012637Z [command]/usr/bin/git init /home/runner/_work/ka0s/ka0s
end-workflow	Checkout Repository	2026-02-18T10:01:39.0067468Z hint: Using 'master' as the name for the initial branch. This default branch name
end-workflow	Checkout Repository	2026-02-18T10:01:39.0069099Z hint: will change to "main" in Git 3.0. To configure the initial branch name
end-workflow	Checkout Repository	2026-02-18T10:01:39.0072395Z hint: to use in all of your new repositories, which will suppress this warning,
end-workflow	Checkout Repository	2026-02-18T10:01:39.0073295Z hint: call:
end-workflow	Checkout Repository	2026-02-18T10:01:39.0073741Z hint:
end-workflow	Checkout Repository	2026-02-18T10:01:39.0074335Z hint: 	git config --global init.defaultBranch <name>
end-workflow	Checkout Repository	2026-02-18T10:01:39.0082698Z hint:
end-workflow	Checkout Repository	2026-02-18T10:01:39.0083777Z hint: Names commonly chosen instead of 'master' are 'main', 'trunk' and
end-workflow	Checkout Repository	2026-02-18T10:01:39.0086063Z hint: 'development'. The just-created branch can be renamed via this command:
end-workflow	Checkout Repository	2026-02-18T10:01:39.0088432Z hint:
end-workflow	Checkout Repository	2026-02-18T10:01:39.0089025Z hint: 	git branch -m <name>
end-workflow	Checkout Repository	2026-02-18T10:01:39.0089559Z hint:
end-workflow	Checkout Repository	2026-02-18T10:01:39.0090398Z hint: Disable this message with "git config set advice.defaultBranchName false"
end-workflow	Checkout Repository	2026-02-18T10:01:39.0092131Z Initialized empty Git repository in /home/runner/_work/ka0s/ka0s/.git/
end-workflow	Checkout Repository	2026-02-18T10:01:39.0094175Z [command]/usr/bin/git remote add origin https://github.com/Ka0s-Klaus/ka0s
end-workflow	Checkout Repository	2026-02-18T10:01:39.0152823Z ##[endgroup]
end-workflow	Checkout Repository	2026-02-18T10:01:39.0153851Z ##[group]Disabling automatic garbage collection
end-workflow	Checkout Repository	2026-02-18T10:01:39.0155439Z [command]/usr/bin/git config --local gc.auto 0
end-workflow	Checkout Repository	2026-02-18T10:01:39.0199208Z ##[endgroup]
end-workflow	Checkout Repository	2026-02-18T10:01:39.0201778Z ##[group]Setting up auth
end-workflow	Checkout Repository	2026-02-18T10:01:39.0207898Z [command]/usr/bin/git config --local --name-only --get-regexp core\.sshCommand
end-workflow	Checkout Repository	2026-02-18T10:01:39.0271617Z [command]/usr/bin/git submodule foreach --recursive sh -c "git config --local --name-only --get-regexp 'core\.sshCommand' && git config --local --unset-all 'core.sshCommand' || :"
end-workflow	Checkout Repository	2026-02-18T10:01:39.0614843Z [command]/usr/bin/git config --local --name-only --get-regexp http\.https\:\/\/github\.com\/\.extraheader
end-workflow	Checkout Repository	2026-02-18T10:01:39.0659934Z [command]/usr/bin/git submodule foreach --recursive sh -c "git config --local --name-only --get-regexp 'http\.https\:\/\/github\.com\/\.extraheader' && git config --local --unset-all 'http.https://github.com/.extraheader' || :"
end-workflow	Checkout Repository	2026-02-18T10:01:39.1005925Z [command]/usr/bin/git config --local --name-only --get-regexp ^includeIf\.gitdir:
end-workflow	Checkout Repository	2026-02-18T10:01:39.1055906Z [command]/usr/bin/git submodule foreach --recursive git config --local --show-origin --name-only --get-regexp remote.origin.url
end-workflow	Checkout Repository	2026-02-18T10:01:39.1415849Z [command]/usr/bin/git config --local http.https://github.com/.extraheader AUTHORIZATION: basic ***
end-workflow	Checkout Repository	2026-02-18T10:01:39.1469447Z ##[endgroup]
end-workflow	Checkout Repository	2026-02-18T10:01:39.1470569Z ##[group]Fetching the repository
end-workflow	Checkout Repository	2026-02-18T10:01:39.1488999Z [command]/usr/bin/git -c protocol.version=2 fetch --prune --no-recurse-submodules origin +refs/heads/*:refs/remotes/origin/* +refs/tags/*:refs/tags/*
end-workflow	Checkout Repository	2026-02-18T10:01:59.0844226Z From https://github.com/Ka0s-Klaus/ka0s
end-workflow	Checkout Repository	2026-02-18T10:01:59.0845019Z  * [new branch]          F3450-modelo-operativo -> origin/F3450-modelo-operativo
end-workflow	Checkout Repository	2026-02-18T10:01:59.0845693Z  * [new branch]          H1276-modulo-observabilidad -> origin/H1276-modulo-observabilidad
end-workflow	Checkout Repository	2026-02-18T10:01:59.0846588Z  * [new branch]          H3266-deploy-zabbix    -> origin/H3266-deploy-zabbix
end-workflow	Checkout Repository	2026-02-18T10:01:59.0847290Z  * [new branch]          H3596-deploy-itop      -> origin/H3596-deploy-itop
end-workflow	Checkout Repository	2026-02-18T10:01:59.0847827Z  * [new branch]          main                   -> origin/main
end-workflow	Checkout Repository	2026-02-18T10:01:59.0848302Z  * [new tag]             0.0.0                  -> 0.0.0
end-workflow	Checkout Repository	2026-02-18T10:01:59.0848726Z  * [new tag]             0.0.1                  -> 0.0.1
end-workflow	Checkout Repository	2026-02-18T10:01:59.0849396Z  * [new tag]             0.0.10                 -> 0.0.10
end-workflow	Checkout Repository	2026-02-18T10:01:59.0849840Z  * [new tag]             0.0.100                -> 0.0.100
end-workflow	Checkout Repository	2026-02-18T10:01:59.0850338Z  * [new tag]             0.0.101                -> 0.0.101
end-workflow	Checkout Repository	2026-02-18T10:01:59.0850789Z  * [new tag]             0.0.102                -> 0.0.102
end-workflow	Checkout Repository	2026-02-18T10:01:59.0851197Z  * [new tag]             0.0.103                -> 0.0.103
end-workflow	Checkout Repository	2026-02-18T10:01:59.0851637Z  * [new tag]             0.0.104                -> 0.0.104
end-workflow	Checkout Repository	2026-02-18T10:01:59.0852096Z  * [new tag]             0.0.105                -> 0.0.105
end-workflow	Checkout Repository	2026-02-18T10:01:59.0852539Z  * [new tag]             0.0.106                -> 0.0.106
end-workflow	Checkout Repository	2026-02-18T10:01:59.0852963Z  * [new tag]             0.0.107                -> 0.0.107
end-workflow	Checkout Repository	2026-02-18T10:01:59.0855301Z  * [new tag]             0.0.108                -> 0.0.108
end-workflow	Checkout Repository	2026-02-18T10:01:59.0856045Z  * [new tag]             0.0.109                -> 0.0.109
end-workflow	Checkout Repository	2026-02-18T10:01:59.0856582Z  * [new tag]             0.0.11                 -> 0.0.11
end-workflow	Checkout Repository	2026-02-18T10:01:59.0857000Z  * [new tag]             0.0.110                -> 0.0.110
end-workflow	Checkout Repository	2026-02-18T10:01:59.0857384Z  * [new tag]             0.0.111                -> 0.0.111
end-workflow	Checkout Repository	2026-02-18T10:01:59.0858503Z  * [new tag]             0.0.112                -> 0.0.112
end-workflow	Checkout Repository	2026-02-18T10:01:59.0858883Z  * [new tag]             0.0.113                -> 0.0.113
end-workflow	Checkout Repository	2026-02-18T10:01:59.0859411Z  * [new tag]             0.0.114                -> 0.0.114
end-workflow	Checkout Repository	2026-02-18T10:01:59.0859941Z  * [new tag]             0.0.115                -> 0.0.115
end-workflow	Checkout Repository	2026-02-18T10:01:59.0860349Z  * [new tag]             0.0.116                -> 0.0.116
end-workflow	Checkout Repository	2026-02-18T10:01:59.0860753Z  * [new tag]             0.0.117                -> 0.0.117
end-workflow	Checkout Repository	2026-02-18T10:01:59.0861398Z  * [new tag]             0.0.118                -> 0.0.118
end-workflow	Checkout Repository	2026-02-18T10:01:59.0861884Z  * [new tag]             0.0.119                -> 0.0.119
end-workflow	Checkout Repository	2026-02-18T10:01:59.0862587Z  * [new tag]             0.0.12                 -> 0.0.12
end-workflow	Checkout Repository	2026-02-18T10:01:59.0863022Z  * [new tag]             0.0.120                -> 0.0.120
end-workflow	Checkout Repository	2026-02-18T10:01:59.0863418Z  * [new tag]             0.0.121                -> 0.0.121
end-workflow	Checkout Repository	2026-02-18T10:01:59.0864106Z  * [new tag]             0.0.122                -> 0.0.122
end-workflow	Checkout Repository	2026-02-18T10:01:59.0864582Z  * [new tag]             0.0.123                -> 0.0.123
end-workflow	Checkout Repository	2026-02-18T10:01:59.0865108Z  * [new tag]             0.0.124                -> 0.0.124
end-workflow	Checkout Repository	2026-02-18T10:01:59.0865629Z  * [new tag]             0.0.125                -> 0.0.125
end-workflow	Checkout Repository	2026-02-18T10:01:59.0866019Z  * [new tag]             0.0.126                -> 0.0.126
end-workflow	Checkout Repository	2026-02-18T10:01:59.0866409Z  * [new tag]             0.0.127                -> 0.0.127
end-workflow	Checkout Repository	2026-02-18T10:01:59.0866797Z  * [new tag]             0.0.128                -> 0.0.128
end-workflow	Checkout Repository	2026-02-18T10:01:59.0867182Z  * [new tag]             0.0.129                -> 0.0.129
end-workflow	Checkout Repository	2026-02-18T10:01:59.0867568Z  * [new tag]             0.0.13                 -> 0.0.13
end-workflow	Checkout Repository	2026-02-18T10:01:59.0868100Z  * [new tag]             0.0.130                -> 0.0.130
end-workflow	Checkout Repository	2026-02-18T10:01:59.0868497Z  * [new tag]             0.0.131                -> 0.0.131
end-workflow	Checkout Repository	2026-02-18T10:01:59.0868895Z  * [new tag]             0.0.132                -> 0.0.132
end-workflow	Checkout Repository	2026-02-18T10:01:59.0869344Z  * [new tag]             0.0.133                -> 0.0.133
end-workflow	Checkout Repository	2026-02-18T10:01:59.0869740Z  * [new tag]             0.0.134                -> 0.0.134
end-workflow	Checkout Repository	2026-02-18T10:01:59.0870133Z  * [new tag]             0.0.135                -> 0.0.135
end-workflow	Checkout Repository	2026-02-18T10:01:59.0870531Z  * [new tag]             0.0.136                -> 0.0.136
end-workflow	Checkout Repository	2026-02-18T10:01:59.0870935Z  * [new tag]             0.0.137                -> 0.0.137
end-workflow	Checkout Repository	2026-02-18T10:01:59.0871331Z  * [new tag]             0.0.138                -> 0.0.138
end-workflow	Checkout Repository	2026-02-18T10:01:59.0871721Z  * [new tag]             0.0.139                -> 0.0.139
end-workflow	Checkout Repository	2026-02-18T10:01:59.0872120Z  * [new tag]             0.0.14                 -> 0.0.14
end-workflow	Checkout Repository	2026-02-18T10:01:59.0943156Z  * [new tag]             0.0.140                -> 0.0.140
end-workflow	Checkout Repository	2026-02-18T10:01:59.0944038Z  * [new tag]             0.0.141                -> 0.0.141
end-workflow	Checkout Repository	2026-02-18T10:01:59.0944613Z  * [new tag]             0.0.142                -> 0.0.142
end-workflow	Checkout Repository	2026-02-18T10:01:59.0945374Z  * [new tag]             0.0.143                -> 0.0.143
end-workflow	Checkout Repository	2026-02-18T10:01:59.0945871Z  * [new tag]             0.0.144                -> 0.0.144
end-workflow	Checkout Repository	2026-02-18T10:01:59.0946260Z  * [new tag]             0.0.145                -> 0.0.145
end-workflow	Checkout Repository	2026-02-18T10:01:59.0946648Z  * [new tag]             0.0.146                -> 0.0.146
end-workflow	Checkout Repository	2026-02-18T10:01:59.0947037Z  * [new tag]             0.0.147                -> 0.0.147
end-workflow	Checkout Repository	2026-02-18T10:01:59.0947436Z  * [new tag]             0.0.148                -> 0.0.148
end-workflow	Checkout Repository	2026-02-18T10:01:59.0947856Z  * [new tag]             0.0.149                -> 0.0.149
end-workflow	Checkout Repository	2026-02-18T10:01:59.0948245Z  * [new tag]             0.0.15                 -> 0.0.15
end-workflow	Checkout Repository	2026-02-18T10:01:59.0948630Z  * [new tag]             0.0.150                -> 0.0.150
end-workflow	Checkout Repository	2026-02-18T10:01:59.0949041Z  * [new tag]             0.0.151                -> 0.0.151
end-workflow	Checkout Repository	2026-02-18T10:01:59.0949482Z  * [new tag]             0.0.152                -> 0.0.152
end-workflow	Checkout Repository	2026-02-18T10:01:59.0949877Z  * [new tag]             0.0.153                -> 0.0.153
end-workflow	Checkout Repository	2026-02-18T10:01:59.0950598Z  * [new tag]             0.0.154                -> 0.0.154
end-workflow	Checkout Repository	2026-02-18T10:01:59.0950980Z  * [new tag]             0.0.155                -> 0.0.155
end-workflow	Checkout Repository	2026-02-18T10:01:59.0951363Z  * [new tag]             0.0.156                -> 0.0.156
end-workflow	Checkout Repository	2026-02-18T10:01:59.0951752Z  * [new tag]             0.0.157                -> 0.0.157
end-workflow	Checkout Repository	2026-02-18T10:01:59.0952140Z  * [new tag]             0.0.158                -> 0.0.158
end-workflow	Checkout Repository	2026-02-18T10:01:59.0952527Z  * [new tag]             0.0.159                -> 0.0.159
end-workflow	Checkout Repository	2026-02-18T10:01:59.0952925Z  * [new tag]             0.0.16                 -> 0.0.16
end-workflow	Checkout Repository	2026-02-18T10:01:59.0953317Z  * [new tag]             0.0.160                -> 0.0.160
end-workflow	Checkout Repository	2026-02-18T10:01:59.0953705Z  * [new tag]             0.0.161                -> 0.0.161
end-workflow	Checkout Repository	2026-02-18T10:01:59.0954096Z  * [new tag]             0.0.162                -> 0.0.162
end-workflow	Checkout Repository	2026-02-18T10:01:59.0954761Z  * [new tag]             0.0.163                -> 0.0.163
end-workflow	Checkout Repository	2026-02-18T10:01:59.0955296Z  * [new tag]             0.0.164                -> 0.0.164
end-workflow	Checkout Repository	2026-02-18T10:01:59.0956129Z  * [new tag]             0.0.165                -> 0.0.165
end-workflow	Checkout Repository	2026-02-18T10:01:59.0956543Z  * [new tag]             0.0.166                -> 0.0.166
end-workflow	Checkout Repository	2026-02-18T10:01:59.0956952Z  * [new tag]             0.0.167                -> 0.0.167
end-workflow	Checkout Repository	2026-02-18T10:01:59.0957366Z  * [new tag]             0.0.168                -> 0.0.168
end-workflow	Checkout Repository	2026-02-18T10:01:59.0957776Z  * [new tag]             0.0.169                -> 0.0.169
end-workflow	Checkout Repository	2026-02-18T10:01:59.0958207Z  * [new tag]             0.0.17                 -> 0.0.17
end-workflow	Checkout Repository	2026-02-18T10:01:59.0958643Z  * [new tag]             0.0.170                -> 0.0.170
end-workflow	Checkout Repository	2026-02-18T10:01:59.0959071Z  * [new tag]             0.0.171                -> 0.0.171
end-workflow	Checkout Repository	2026-02-18T10:01:59.0959482Z  * [new tag]             0.0.172                -> 0.0.172
end-workflow	Checkout Repository	2026-02-18T10:01:59.0959893Z  * [new tag]             0.0.173                -> 0.0.173
end-workflow	Checkout Repository	2026-02-18T10:01:59.0960299Z  * [new tag]             0.0.174                -> 0.0.174
end-workflow	Checkout Repository	2026-02-18T10:01:59.0960718Z  * [new tag]             0.0.175                -> 0.0.175
end-workflow	Checkout Repository	2026-02-18T10:01:59.0961144Z  * [new tag]             0.0.176                -> 0.0.176
end-workflow	Checkout Repository	2026-02-18T10:01:59.0961664Z  * [new tag]             0.0.177                -> 0.0.177
end-workflow	Checkout Repository	2026-02-18T10:01:59.0962185Z  * [new tag]             0.0.178                -> 0.0.178
end-workflow	Checkout Repository	2026-02-18T10:01:59.0962632Z  * [new tag]             0.0.179                -> 0.0.179
end-workflow	Checkout Repository	2026-02-18T10:01:59.0963044Z  * [new tag]             0.0.18                 -> 0.0.18
end-workflow	Checkout Repository	2026-02-18T10:01:59.0963443Z  * [new tag]             0.0.19                 -> 0.0.19
end-workflow	Checkout Repository	2026-02-18T10:01:59.0963856Z  * [new tag]             0.0.2                  -> 0.0.2
end-workflow	Checkout Repository	2026-02-18T10:01:59.0964256Z  * [new tag]             0.0.20                 -> 0.0.20
end-workflow	Checkout Repository	2026-02-18T10:01:59.0965527Z  * [new tag]             0.0.21                 -> 0.0.21
end-workflow	Checkout Repository	2026-02-18T10:01:59.0965953Z  * [new tag]             0.0.22                 -> 0.0.22
end-workflow	Checkout Repository	2026-02-18T10:01:59.0966356Z  * [new tag]             0.0.23                 -> 0.0.23
end-workflow	Checkout Repository	2026-02-18T10:01:59.0966787Z  * [new tag]             0.0.24                 -> 0.0.24
end-workflow	Checkout Repository	2026-02-18T10:01:59.0967189Z  * [new tag]             0.0.25                 -> 0.0.25
end-workflow	Checkout Repository	2026-02-18T10:01:59.0967591Z  * [new tag]             0.0.26                 -> 0.0.26
end-workflow	Checkout Repository	2026-02-18T10:01:59.0967987Z  * [new tag]             0.0.27                 -> 0.0.27
end-workflow	Checkout Repository	2026-02-18T10:01:59.0968386Z  * [new tag]             0.0.28                 -> 0.0.28
end-workflow	Checkout Repository	2026-02-18T10:01:59.0968791Z  * [new tag]             0.0.29                 -> 0.0.29
end-workflow	Checkout Repository	2026-02-18T10:01:59.0969193Z  * [new tag]             0.0.3                  -> 0.0.3
end-workflow	Checkout Repository	2026-02-18T10:01:59.0969592Z  * [new tag]             0.0.30                 -> 0.0.30
end-workflow	Checkout Repository	2026-02-18T10:01:59.0969993Z  * [new tag]             0.0.31                 -> 0.0.31
end-workflow	Checkout Repository	2026-02-18T10:01:59.0970393Z  * [new tag]             0.0.32                 -> 0.0.32
end-workflow	Checkout Repository	2026-02-18T10:01:59.0970796Z  * [new tag]             0.0.33                 -> 0.0.33
end-workflow	Checkout Repository	2026-02-18T10:01:59.0971195Z  * [new tag]             0.0.34                 -> 0.0.34
end-workflow	Checkout Repository	2026-02-18T10:01:59.0971850Z  * [new tag]             0.0.35                 -> 0.0.35
end-workflow	Checkout Repository	2026-02-18T10:01:59.0972253Z  * [new tag]             0.0.36                 -> 0.0.36
end-workflow	Checkout Repository	2026-02-18T10:01:59.0972645Z  * [new tag]             0.0.37                 -> 0.0.37
end-workflow	Checkout Repository	2026-02-18T10:01:59.0973045Z  * [new tag]             0.0.38                 -> 0.0.38
end-workflow	Checkout Repository	2026-02-18T10:01:59.0973446Z  * [new tag]             0.0.39                 -> 0.0.39
end-workflow	Checkout Repository	2026-02-18T10:01:59.0973850Z  * [new tag]             0.0.4                  -> 0.0.4
end-workflow	Checkout Repository	2026-02-18T10:01:59.0974245Z  * [new tag]             0.0.40                 -> 0.0.40
end-workflow	Checkout Repository	2026-02-18T10:01:59.0975054Z  * [new tag]             0.0.41                 -> 0.0.41
end-workflow	Checkout Repository	2026-02-18T10:01:59.0975442Z  * [new tag]             0.0.42                 -> 0.0.42
end-workflow	Checkout Repository	2026-02-18T10:01:59.0975818Z  * [new tag]             0.0.43                 -> 0.0.43
end-workflow	Checkout Repository	2026-02-18T10:01:59.0976201Z  * [new tag]             0.0.44                 -> 0.0.44
end-workflow	Checkout Repository	2026-02-18T10:01:59.0976581Z  * [new tag]             0.0.45                 -> 0.0.45
end-workflow	Checkout Repository	2026-02-18T10:01:59.0977181Z  * [new tag]             0.0.46                 -> 0.0.46
end-workflow	Checkout Repository	2026-02-18T10:01:59.0977558Z  * [new tag]             0.0.47                 -> 0.0.47
end-workflow	Checkout Repository	2026-02-18T10:01:59.0977938Z  * [new tag]             0.0.48                 -> 0.0.48
end-workflow	Checkout Repository	2026-02-18T10:01:59.0978317Z  * [new tag]             0.0.49                 -> 0.0.49
end-workflow	Checkout Repository	2026-02-18T10:01:59.0978694Z  * [new tag]             0.0.5                  -> 0.0.5
end-workflow	Checkout Repository	2026-02-18T10:01:59.0979070Z  * [new tag]             0.0.50                 -> 0.0.50
end-workflow	Checkout Repository	2026-02-18T10:01:59.0979449Z  * [new tag]             0.0.51                 -> 0.0.51
end-workflow	Checkout Repository	2026-02-18T10:01:59.0979831Z  * [new tag]             0.0.52                 -> 0.0.52
end-workflow	Checkout Repository	2026-02-18T10:01:59.0980211Z  * [new tag]             0.0.53                 -> 0.0.53
end-workflow	Checkout Repository	2026-02-18T10:01:59.0980596Z  * [new tag]             0.0.54                 -> 0.0.54
end-workflow	Checkout Repository	2026-02-18T10:01:59.0980977Z  * [new tag]             0.0.55                 -> 0.0.55
end-workflow	Checkout Repository	2026-02-18T10:01:59.0981358Z  * [new tag]             0.0.56                 -> 0.0.56
end-workflow	Checkout Repository	2026-02-18T10:01:59.0981753Z  * [new tag]             0.0.57                 -> 0.0.57
end-workflow	Checkout Repository	2026-02-18T10:01:59.0982133Z  * [new tag]             0.0.58                 -> 0.0.58
end-workflow	Checkout Repository	2026-02-18T10:01:59.0982520Z  * [new tag]             0.0.59                 -> 0.0.59
end-workflow	Checkout Repository	2026-02-18T10:01:59.0982902Z  * [new tag]             0.0.6                  -> 0.0.6
end-workflow	Checkout Repository	2026-02-18T10:01:59.0983277Z  * [new tag]             0.0.60                 -> 0.0.60
end-workflow	Checkout Repository	2026-02-18T10:01:59.0983659Z  * [new tag]             0.0.61                 -> 0.0.61
end-workflow	Checkout Repository	2026-02-18T10:01:59.0984040Z  * [new tag]             0.0.62                 -> 0.0.62
end-workflow	Checkout Repository	2026-02-18T10:01:59.0984411Z  * [new tag]             0.0.63                 -> 0.0.63
end-workflow	Checkout Repository	2026-02-18T10:01:59.0985033Z  * [new tag]             0.0.64                 -> 0.0.64
end-workflow	Checkout Repository	2026-02-18T10:01:59.0985428Z  * [new tag]             0.0.65                 -> 0.0.65
end-workflow	Checkout Repository	2026-02-18T10:01:59.0985936Z  * [new tag]             0.0.66                 -> 0.0.66
end-workflow	Checkout Repository	2026-02-18T10:01:59.0986316Z  * [new tag]             0.0.67                 -> 0.0.67
end-workflow	Checkout Repository	2026-02-18T10:01:59.0986697Z  * [new tag]             0.0.68                 -> 0.0.68
end-workflow	Checkout Repository	2026-02-18T10:01:59.0987067Z  * [new tag]             0.0.69                 -> 0.0.69
end-workflow	Checkout Repository	2026-02-18T10:01:59.0987442Z  * [new tag]             0.0.7                  -> 0.0.7
end-workflow	Checkout Repository	2026-02-18T10:01:59.0987808Z  * [new tag]             0.0.70                 -> 0.0.70
end-workflow	Checkout Repository	2026-02-18T10:01:59.0988183Z  * [new tag]             0.0.71                 -> 0.0.71
end-workflow	Checkout Repository	2026-02-18T10:01:59.0988568Z  * [new tag]             0.0.72                 -> 0.0.72
end-workflow	Checkout Repository	2026-02-18T10:01:59.0988933Z  * [new tag]             0.0.73                 -> 0.0.73
end-workflow	Checkout Repository	2026-02-18T10:01:59.0989304Z  * [new tag]             0.0.74                 -> 0.0.74
end-workflow	Checkout Repository	2026-02-18T10:01:59.0989679Z  * [new tag]             0.0.75                 -> 0.0.75
end-workflow	Checkout Repository	2026-02-18T10:01:59.0990050Z  * [new tag]             0.0.76                 -> 0.0.76
end-workflow	Checkout Repository	2026-02-18T10:01:59.0990420Z  * [new tag]             0.0.77                 -> 0.0.77
end-workflow	Checkout Repository	2026-02-18T10:01:59.0991012Z  * [new tag]             0.0.78                 -> 0.0.78
end-workflow	Checkout Repository	2026-02-18T10:01:59.0991385Z  * [new tag]             0.0.79                 -> 0.0.79
end-workflow	Checkout Repository	2026-02-18T10:01:59.0991756Z  * [new tag]             0.0.8                  -> 0.0.8
end-workflow	Checkout Repository	2026-02-18T10:01:59.0992134Z  * [new tag]             0.0.80                 -> 0.0.80
end-workflow	Checkout Repository	2026-02-18T10:01:59.0992506Z  * [new tag]             0.0.81                 -> 0.0.81
end-workflow	Checkout Repository	2026-02-18T10:01:59.0992881Z  * [new tag]             0.0.82                 -> 0.0.82
end-workflow	Checkout Repository	2026-02-18T10:01:59.0993250Z  * [new tag]             0.0.83                 -> 0.0.83
end-workflow	Checkout Repository	2026-02-18T10:01:59.0993625Z  * [new tag]             0.0.84                 -> 0.0.84
end-workflow	Checkout Repository	2026-02-18T10:01:59.0994000Z  * [new tag]             0.0.85                 -> 0.0.85
end-workflow	Checkout Repository	2026-02-18T10:01:59.0994370Z  * [new tag]             0.0.86                 -> 0.0.86
end-workflow	Checkout Repository	2026-02-18T10:01:59.0994930Z  * [new tag]             0.0.87                 -> 0.0.87
end-workflow	Checkout Repository	2026-02-18T10:01:59.0995331Z  * [new tag]             0.0.88                 -> 0.0.88
end-workflow	Checkout Repository	2026-02-18T10:01:59.0996044Z  * [new tag]             0.0.89                 -> 0.0.89
end-workflow	Checkout Repository	2026-02-18T10:01:59.0996415Z  * [new tag]             0.0.9                  -> 0.0.9
end-workflow	Checkout Repository	2026-02-18T10:01:59.0996791Z  * [new tag]             0.0.90                 -> 0.0.90
end-workflow	Checkout Repository	2026-02-18T10:01:59.0997167Z  * [new tag]             0.0.91                 -> 0.0.91
end-workflow	Checkout Repository	2026-02-18T10:01:59.0997541Z  * [new tag]             0.0.92                 -> 0.0.92
end-workflow	Checkout Repository	2026-02-18T10:01:59.0997916Z  * [new tag]             0.0.93                 -> 0.0.93
end-workflow	Checkout Repository	2026-02-18T10:01:59.0998293Z  * [new tag]             0.0.94                 -> 0.0.94
end-workflow	Checkout Repository	2026-02-18T10:01:59.0998667Z  * [new tag]             0.0.95                 -> 0.0.95
end-workflow	Checkout Repository	2026-02-18T10:01:59.0999041Z  * [new tag]             0.0.96                 -> 0.0.96
end-workflow	Checkout Repository	2026-02-18T10:01:59.0999412Z  * [new tag]             0.0.97                 -> 0.0.97
end-workflow	Checkout Repository	2026-02-18T10:01:59.0999788Z  * [new tag]             0.0.98                 -> 0.0.98
end-workflow	Checkout Repository	2026-02-18T10:01:59.1000166Z  * [new tag]             0.0.99                 -> 0.0.99
end-workflow	Checkout Repository	2026-02-18T10:01:59.1000550Z  * [new tag]             0.1.0                  -> 0.1.0
end-workflow	Checkout Repository	2026-02-18T10:01:59.1000923Z  * [new tag]             0.1.1                  -> 0.1.1
end-workflow	Checkout Repository	2026-02-18T10:01:59.1001298Z  * [new tag]             0.2.0                  -> 0.2.0
end-workflow	Checkout Repository	2026-02-18T10:01:59.1001676Z  * [new tag]             0.3.0                  -> 0.3.0
end-workflow	Checkout Repository	2026-02-18T10:01:59.1002049Z  * [new tag]             0.3.1                  -> 0.3.1
end-workflow	Checkout Repository	2026-02-18T10:01:59.1002424Z  * [new tag]             0.3.10                 -> 0.3.10
end-workflow	Checkout Repository	2026-02-18T10:01:59.1002804Z  * [new tag]             0.3.11                 -> 0.3.11
end-workflow	Checkout Repository	2026-02-18T10:01:59.1003199Z  * [new tag]             0.3.12                 -> 0.3.12
end-workflow	Checkout Repository	2026-02-18T10:01:59.1003579Z  * [new tag]             0.3.13                 -> 0.3.13
end-workflow	Checkout Repository	2026-02-18T10:01:59.1003949Z  * [new tag]             0.3.14                 -> 0.3.14
end-workflow	Checkout Repository	2026-02-18T10:01:59.1004331Z  * [new tag]             0.3.15                 -> 0.3.15
end-workflow	Checkout Repository	2026-02-18T10:01:59.1004993Z  * [new tag]             0.3.16                 -> 0.3.16
end-workflow	Checkout Repository	2026-02-18T10:01:59.1005639Z  * [new tag]             0.3.17                 -> 0.3.17
end-workflow	Checkout Repository	2026-02-18T10:01:59.1006009Z  * [new tag]             0.3.2                  -> 0.3.2
end-workflow	Checkout Repository	2026-02-18T10:01:59.1006391Z  * [new tag]             0.3.3                  -> 0.3.3
end-workflow	Checkout Repository	2026-02-18T10:01:59.1006764Z  * [new tag]             0.3.4                  -> 0.3.4
end-workflow	Checkout Repository	2026-02-18T10:01:59.1007141Z  * [new tag]             0.3.5                  -> 0.3.5
end-workflow	Checkout Repository	2026-02-18T10:01:59.1007512Z  * [new tag]             0.3.6                  -> 0.3.6
end-workflow	Checkout Repository	2026-02-18T10:01:59.1007885Z  * [new tag]             0.3.7                  -> 0.3.7
end-workflow	Checkout Repository	2026-02-18T10:01:59.1008259Z  * [new tag]             0.3.8                  -> 0.3.8
end-workflow	Checkout Repository	2026-02-18T10:01:59.1008626Z  * [new tag]             0.3.9                  -> 0.3.9
end-workflow	Checkout Repository	2026-02-18T10:01:59.1008999Z  * [new tag]             0.4.0                  -> 0.4.0
end-workflow	Checkout Repository	2026-02-18T10:01:59.1009373Z  * [new tag]             0.4.1                  -> 0.4.1
end-workflow	Checkout Repository	2026-02-18T10:01:59.1009746Z  * [new tag]             0.4.2                  -> 0.4.2
end-workflow	Checkout Repository	2026-02-18T10:01:59.1010393Z  * [new tag]             0.4.3                  -> 0.4.3
end-workflow	Checkout Repository	2026-02-18T10:01:59.1010772Z  * [new tag]             0.4.4                  -> 0.4.4
end-workflow	Checkout Repository	2026-02-18T10:01:59.1011145Z  * [new tag]             0.4.5                  -> 0.4.5
end-workflow	Checkout Repository	2026-02-18T10:01:59.1011514Z  * [new tag]             0.4.6                  -> 0.4.6
end-workflow	Checkout Repository	2026-02-18T10:01:59.1011884Z  * [new tag]             0.4.7                  -> 0.4.7
end-workflow	Checkout Repository	2026-02-18T10:01:59.1012253Z  * [new tag]             0.4.8                  -> 0.4.8
end-workflow	Checkout Repository	2026-02-18T10:01:59.1012623Z  * [new tag]             0.4.9                  -> 0.4.9
end-workflow	Checkout Repository	2026-02-18T10:01:59.1012989Z  * [new tag]             0.5.0                  -> 0.5.0
end-workflow	Checkout Repository	2026-02-18T10:01:59.1013361Z  * [new tag]             0.5.1                  -> 0.5.1
end-workflow	Checkout Repository	2026-02-18T10:01:59.1013732Z  * [new tag]             0.5.2                  -> 0.5.2
end-workflow	Checkout Repository	2026-02-18T10:01:59.1014102Z  * [new tag]             0.6.0                  -> 0.6.0
end-workflow	Checkout Repository	2026-02-18T10:01:59.1014743Z  * [new tag]             0.6.1                  -> 0.6.1
end-workflow	Checkout Repository	2026-02-18T10:01:59.1015587Z  * [new tag]             0.6.2                  -> 0.6.2
end-workflow	Checkout Repository	2026-02-18T10:01:59.1253778Z [command]/usr/bin/git branch --list --remote origin/main
end-workflow	Checkout Repository	2026-02-18T10:01:59.1330129Z   origin/main
end-workflow	Checkout Repository	2026-02-18T10:01:59.1343630Z [command]/usr/bin/git rev-parse refs/remotes/origin/main
end-workflow	Checkout Repository	2026-02-18T10:01:59.1372656Z d61f5d41ebe482919c4741137fd75a7f571a4670
end-workflow	Checkout Repository	2026-02-18T10:01:59.1386673Z [command]/usr/bin/git -c protocol.version=2 fetch --no-tags --prune --no-recurse-submodules origin +e6c3eb087bea9478e27aa667ab1979c200dd06ed:refs/remotes/origin/main
end-workflow	Checkout Repository	2026-02-18T10:01:59.1569196Z From https://github.com/Ka0s-Klaus/ka0s
end-workflow	Checkout Repository	2026-02-18T10:01:59.1569903Z  + d61f5d41e...e6c3eb087 e6c3eb087bea9478e27aa667ab1979c200dd06ed -> origin/main  (forced update)
end-workflow	Checkout Repository	2026-02-18T10:01:59.1606979Z ##[endgroup]
end-workflow	Checkout Repository	2026-02-18T10:01:59.1607547Z ##[group]Determining the checkout info
end-workflow	Checkout Repository	2026-02-18T10:01:59.1608413Z ##[endgroup]
end-workflow	Checkout Repository	2026-02-18T10:01:59.1614798Z [command]/usr/bin/git sparse-checkout disable
end-workflow	Checkout Repository	2026-02-18T10:01:59.1666084Z [command]/usr/bin/git config --local --unset-all extensions.worktreeConfig
end-workflow	Checkout Repository	2026-02-18T10:01:59.1704266Z ##[group]Checking out the ref
end-workflow	Checkout Repository	2026-02-18T10:01:59.1714354Z [command]/usr/bin/git checkout --progress --force -B main refs/remotes/origin/main
end-workflow	Checkout Repository	2026-02-18T10:01:59.4100091Z Switched to a new branch 'main'
end-workflow	Checkout Repository	2026-02-18T10:01:59.4103696Z branch 'main' set up to track 'origin/main'.
end-workflow	Checkout Repository	2026-02-18T10:01:59.4143348Z ##[endgroup]
end-workflow	Checkout Repository	2026-02-18T10:01:59.4196996Z [command]/usr/bin/git log -1 --format=%H
end-workflow	Checkout Repository	2026-02-18T10:01:59.4230287Z e6c3eb087bea9478e27aa667ab1979c200dd06ed
end-workflow	Install GH CLI	Ôªø2026-02-18T10:01:59.4517419Z Prepare all required actions
end-workflow	Install GH CLI	2026-02-18T10:01:59.4571351Z ##[group]Run ./.github/actions/install-gh-cli
end-workflow	Install GH CLI	2026-02-18T10:01:59.4571662Z env:
end-workflow	Install GH CLI	2026-02-18T10:01:59.4571844Z   PYTHON_VERSION: 3.9
end-workflow	Install GH CLI	2026-02-18T10:01:59.4572696Z   MONGO_SUPERUSER_CONNECTION: ***
end-workflow	Install GH CLI	2026-02-18T10:01:59.4573067Z   MONGO_NEW_PASS: ***
end-workflow	Install GH CLI	2026-02-18T10:01:59.4573377Z   MONGO_SCRIPT_CREATE: devops/core/mongo/scripts/mongodb_status_report.py
end-workflow	Install GH CLI	2026-02-18T10:01:59.4573761Z   KAOS_CODE: 22135054025
end-workflow	Install GH CLI	2026-02-18T10:01:59.4573967Z   REPORT_SCAN: audit/
end-workflow	Install GH CLI	2026-02-18T10:01:59.4574171Z   REPORT_PATH: audit/mongodb/
end-workflow	Install GH CLI	2026-02-18T10:01:59.4574399Z   REPORT_FILENAME: 22135054025.json
end-workflow	Install GH CLI	2026-02-18T10:01:59.4576345Z   KAOS_MODULE: [Ka0s] Status MongDB Report
end-workflow	Install GH CLI	2026-02-18T10:01:59.4576618Z ##[endgroup]
end-workflow	Install GH CLI	2026-02-18T10:01:59.4677080Z ##[group]Run type -p curl >/dev/null || (sudo apt-get update && sudo apt-get install curl -y)
end-workflow	Install GH CLI	2026-02-18T10:01:59.4677899Z [36;1mtype -p curl >/dev/null || (sudo apt-get update && sudo apt-get install curl -y)[0m
end-workflow	Install GH CLI	2026-02-18T10:01:59.4678740Z [36;1mcurl -fsSL https://cli.github.com/packages/githubcli-archive-keyring.gpg | sudo dd of=/usr/share/keyrings/githubcli-archive-keyring.gpg \[0m
end-workflow	Install GH CLI	2026-02-18T10:01:59.4679590Z [36;1m&& sudo chmod go+r /usr/share/keyrings/githubcli-archive-keyring.gpg \[0m
end-workflow	Install GH CLI	2026-02-18T10:01:59.4680637Z [36;1m&& echo "deb [arch=$(dpkg --print-architecture) signed-by=/usr/share/keyrings/githubcli-archive-keyring.gpg] https://cli.github.com/packages stable main" | sudo tee /etc/apt/sources.list.d/github-cli.list > /dev/null \[0m
end-workflow	Install GH CLI	2026-02-18T10:01:59.4681911Z [36;1m&& sudo apt-get update \[0m
end-workflow	Install GH CLI	2026-02-18T10:01:59.4682180Z [36;1m&& sudo apt-get install gh -y[0m
end-workflow	Install GH CLI	2026-02-18T10:01:59.4700194Z shell: /usr/bin/bash --noprofile --norc -e -o pipefail {0}
end-workflow	Install GH CLI	2026-02-18T10:01:59.4700540Z env:
end-workflow	Install GH CLI	2026-02-18T10:01:59.4700718Z   PYTHON_VERSION: 3.9
end-workflow	Install GH CLI	2026-02-18T10:01:59.4701548Z   MONGO_SUPERUSER_CONNECTION: ***
end-workflow	Install GH CLI	2026-02-18T10:01:59.4701932Z   MONGO_NEW_PASS: ***
end-workflow	Install GH CLI	2026-02-18T10:01:59.4702258Z   MONGO_SCRIPT_CREATE: devops/core/mongo/scripts/mongodb_status_report.py
end-workflow	Install GH CLI	2026-02-18T10:01:59.4702649Z   KAOS_CODE: 22135054025
end-workflow	Install GH CLI	2026-02-18T10:01:59.4702857Z   REPORT_SCAN: audit/
end-workflow	Install GH CLI	2026-02-18T10:01:59.4703074Z   REPORT_PATH: audit/mongodb/
end-workflow	Install GH CLI	2026-02-18T10:01:59.4703324Z   REPORT_FILENAME: 22135054025.json
end-workflow	Install GH CLI	2026-02-18T10:01:59.4703586Z   KAOS_MODULE: [Ka0s] Status MongDB Report
end-workflow	Install GH CLI	2026-02-18T10:01:59.4703839Z ##[endgroup]
end-workflow	Install GH CLI	2026-02-18T10:01:59.5469921Z 4+1 records in
end-workflow	Install GH CLI	2026-02-18T10:01:59.5470231Z 4+1 records out
end-workflow	Install GH CLI	2026-02-18T10:01:59.5470507Z 2270 bytes (2.3 kB, 2.2 KiB) copied, 0.0481304 s, 47.2 kB/s
end-workflow	Install GH CLI	2026-02-18T10:01:59.7158385Z Get:1 http://archive.ubuntu.com/ubuntu noble InRelease [256 kB]
end-workflow	Install GH CLI	2026-02-18T10:01:59.7184003Z Get:2 https://cli.github.com/packages stable InRelease [3917 B]
end-workflow	Install GH CLI	2026-02-18T10:01:59.7628201Z Get:3 http://security.ubuntu.com/ubuntu noble-security InRelease [126 kB]
end-workflow	Install GH CLI	2026-02-18T10:01:59.8197182Z Get:4 https://cli.github.com/packages stable/main amd64 Packages [356 B]
end-workflow	Install GH CLI	2026-02-18T10:01:59.8694420Z Get:5 https://ppa.launchpadcontent.net/git-core/ppa/ubuntu noble InRelease [24.3 kB]
end-workflow	Install GH CLI	2026-02-18T10:01:59.8750956Z Get:6 http://archive.ubuntu.com/ubuntu noble-updates InRelease [126 kB]
end-workflow	Install GH CLI	2026-02-18T10:01:59.9142747Z Get:7 http://archive.ubuntu.com/ubuntu noble-backports InRelease [126 kB]
end-workflow	Install GH CLI	2026-02-18T10:02:00.0057288Z Get:8 http://archive.ubuntu.com/ubuntu noble/main amd64 Packages [1808 kB]
end-workflow	Install GH CLI	2026-02-18T10:02:00.1019776Z Get:9 https://ppa.launchpadcontent.net/git-core/ppa/ubuntu noble/main amd64 Packages [2992 B]
end-workflow	Install GH CLI	2026-02-18T10:02:00.1271014Z Get:10 http://archive.ubuntu.com/ubuntu noble/restricted amd64 Packages [117 kB]
end-workflow	Install GH CLI	2026-02-18T10:02:00.1284341Z Get:11 http://archive.ubuntu.com/ubuntu noble/multiverse amd64 Packages [331 kB]
end-workflow	Install GH CLI	2026-02-18T10:02:00.1318746Z Get:12 http://archive.ubuntu.com/ubuntu noble/universe amd64 Packages [19.3 MB]
end-workflow	Install GH CLI	2026-02-18T10:02:00.3581502Z Get:13 http://security.ubuntu.com/ubuntu noble-security/restricted amd64 Packages [3157 kB]
end-workflow	Install GH CLI	2026-02-18T10:02:00.4333912Z Get:14 http://archive.ubuntu.com/ubuntu noble-updates/universe amd64 Packages [2015 kB]
end-workflow	Install GH CLI	2026-02-18T10:02:00.4537213Z Get:15 http://archive.ubuntu.com/ubuntu noble-updates/restricted amd64 Packages [3360 kB]
end-workflow	Install GH CLI	2026-02-18T10:02:00.4852629Z Get:16 http://archive.ubuntu.com/ubuntu noble-updates/multiverse amd64 Packages [38.1 kB]
end-workflow	Install GH CLI	2026-02-18T10:02:00.4867517Z Get:17 http://archive.ubuntu.com/ubuntu noble-updates/main amd64 Packages [2234 kB]
end-workflow	Install GH CLI	2026-02-18T10:02:00.5061126Z Get:18 http://archive.ubuntu.com/ubuntu noble-backports/universe amd64 Packages [34.6 kB]
end-workflow	Install GH CLI	2026-02-18T10:02:00.5064074Z Get:19 http://archive.ubuntu.com/ubuntu noble-backports/main amd64 Packages [49.5 kB]
end-workflow	Install GH CLI	2026-02-18T10:02:00.6938830Z Get:20 http://security.ubuntu.com/ubuntu noble-security/universe amd64 Packages [1205 kB]
end-workflow	Install GH CLI	2026-02-18T10:02:00.7274949Z Get:21 http://security.ubuntu.com/ubuntu noble-security/multiverse amd64 Packages [34.8 kB]
end-workflow	Install GH CLI	2026-02-18T10:02:00.7279480Z Get:22 http://security.ubuntu.com/ubuntu noble-security/main amd64 Packages [1843 kB]
end-workflow	Install GH CLI	2026-02-18T10:02:01.8701203Z Fetched 36.2 MB in 2s (16.2 MB/s)
end-workflow	Install GH CLI	2026-02-18T10:02:02.8285703Z Reading package lists...
end-workflow	Install GH CLI	2026-02-18T10:02:03.8226293Z Reading package lists...
end-workflow	Install GH CLI	2026-02-18T10:02:04.0471571Z Building dependency tree...
end-workflow	Install GH CLI	2026-02-18T10:02:04.0472629Z Reading state information...
end-workflow	Install GH CLI	2026-02-18T10:02:04.4011994Z The following NEW packages will be installed:
end-workflow	Install GH CLI	2026-02-18T10:02:04.4032107Z   gh
end-workflow	Install GH CLI	2026-02-18T10:02:04.5445914Z 0 upgraded, 1 newly installed, 0 to remove and 25 not upgraded.
end-workflow	Install GH CLI	2026-02-18T10:02:04.5449099Z Need to get 13.7 MB of archives.
end-workflow	Install GH CLI	2026-02-18T10:02:04.5450667Z After this operation, 37.9 MB of additional disk space will be used.
end-workflow	Install GH CLI	2026-02-18T10:02:04.5453345Z Get:1 https://cli.github.com/packages stable/main amd64 gh amd64 2.86.0 [13.7 MB]
end-workflow	Install GH CLI	2026-02-18T10:02:05.0342491Z debconf: delaying package configuration, since apt-utils is not installed
end-workflow	Install GH CLI	2026-02-18T10:02:05.1475787Z Fetched 13.7 MB in 0s (40.2 MB/s)
end-workflow	Install GH CLI	2026-02-18T10:02:05.3155664Z Selecting previously unselected package gh.
end-workflow	Install GH CLI	2026-02-18T10:02:05.3317825Z (Reading database ... 
end-workflow	Install GH CLI	2026-02-18T10:02:05.3320494Z (Reading database ... 5%
end-workflow	Install GH CLI	2026-02-18T10:02:05.3325284Z (Reading database ... 10%
end-workflow	Install GH CLI	2026-02-18T10:02:05.3328593Z (Reading database ... 15%
end-workflow	Install GH CLI	2026-02-18T10:02:05.3330437Z (Reading database ... 20%
end-workflow	Install GH CLI	2026-02-18T10:02:05.3332305Z (Reading database ... 25%
end-workflow	Install GH CLI	2026-02-18T10:02:05.3334264Z (Reading database ... 30%
end-workflow	Install GH CLI	2026-02-18T10:02:05.3336312Z (Reading database ... 35%
end-workflow	Install GH CLI	2026-02-18T10:02:05.3337529Z (Reading database ... 40%
end-workflow	Install GH CLI	2026-02-18T10:02:05.3338576Z (Reading database ... 45%
end-workflow	Install GH CLI	2026-02-18T10:02:05.3340111Z (Reading database ... 50%
end-workflow	Install GH CLI	2026-02-18T10:02:05.3341164Z (Reading database ... 55%
end-workflow	Install GH CLI	2026-02-18T10:02:05.3342140Z (Reading database ... 60%
end-workflow	Install GH CLI	2026-02-18T10:02:05.3346990Z (Reading database ... 65%
end-workflow	Install GH CLI	2026-02-18T10:02:05.3427000Z (Reading database ... 70%
end-workflow	Install GH CLI	2026-02-18T10:02:05.3442295Z (Reading database ... 75%
end-workflow	Install GH CLI	2026-02-18T10:02:05.3473890Z (Reading database ... 80%
end-workflow	Install GH CLI	2026-02-18T10:02:05.3484075Z (Reading database ... 85%
end-workflow	Install GH CLI	2026-02-18T10:02:05.3506466Z (Reading database ... 90%
end-workflow	Install GH CLI	2026-02-18T10:02:05.3538867Z (Reading database ... 95%
end-workflow	Install GH CLI	2026-02-18T10:02:05.3540790Z (Reading database ... 100%
end-workflow	Install GH CLI	2026-02-18T10:02:05.3541617Z (Reading database ... 14385 files and directories currently installed.)
end-workflow	Install GH CLI	2026-02-18T10:02:05.3549348Z Preparing to unpack .../archives/gh_2.86.0_amd64.deb ...
end-workflow	Install GH CLI	2026-02-18T10:02:05.3666736Z Unpacking gh (2.86.0) ...
end-workflow	Install GH CLI	2026-02-18T10:02:05.6063393Z Setting up gh (2.86.0) ...
end-workflow	Trigger Inspector	Ôªø2026-02-18T10:02:05.6702692Z ##[group]Run echo "üîç Triggering Inspector for Audit..."
end-workflow	Trigger Inspector	2026-02-18T10:02:05.6703400Z [36;1mecho "üîç Triggering Inspector for Audit..."[0m
end-workflow	Trigger Inspector	2026-02-18T10:02:05.6703919Z [36;1mgh workflow run inspector.yml \[0m
end-workflow	Trigger Inspector	2026-02-18T10:02:05.6704362Z [36;1m  --ref main \[0m
end-workflow	Trigger Inspector	2026-02-18T10:02:05.6705603Z [36;1m  -f kaos-workflow-id="22135054025" \[0m
end-workflow	Trigger Inspector	2026-02-18T10:02:05.6706101Z [36;1m  -f kaos-user-start="ka0score"[0m
end-workflow	Trigger Inspector	2026-02-18T10:02:05.6724433Z shell: /usr/bin/bash -e {0}
end-workflow	Trigger Inspector	2026-02-18T10:02:05.6725148Z env:
end-workflow	Trigger Inspector	2026-02-18T10:02:05.6725443Z   PYTHON_VERSION: 3.9
end-workflow	Trigger Inspector	2026-02-18T10:02:05.6726651Z   MONGO_SUPERUSER_CONNECTION: ***
end-workflow	Trigger Inspector	2026-02-18T10:02:05.6727262Z   MONGO_NEW_PASS: ***
end-workflow	Trigger Inspector	2026-02-18T10:02:05.6727783Z   MONGO_SCRIPT_CREATE: devops/core/mongo/scripts/mongodb_status_report.py
end-workflow	Trigger Inspector	2026-02-18T10:02:05.6728382Z   KAOS_CODE: 22135054025
end-workflow	Trigger Inspector	2026-02-18T10:02:05.6728731Z   REPORT_SCAN: audit/
end-workflow	Trigger Inspector	2026-02-18T10:02:05.6729073Z   REPORT_PATH: audit/mongodb/
end-workflow	Trigger Inspector	2026-02-18T10:02:05.6729449Z   REPORT_FILENAME: 22135054025.json
end-workflow	Trigger Inspector	2026-02-18T10:02:05.6729944Z   KAOS_MODULE: [Ka0s] Status MongDB Report
end-workflow	Trigger Inspector	2026-02-18T10:02:05.6730512Z   GH_TOKEN: ***
end-workflow	Trigger Inspector	2026-02-18T10:02:05.6730822Z ##[endgroup]
end-workflow	Trigger Inspector	2026-02-18T10:02:05.6783383Z üîç Triggering Inspector for Audit...
end-workflow	Post Checkout Repository	Ôªø2026-02-18T10:02:07.7188965Z Post job cleanup.
end-workflow	Post Checkout Repository	2026-02-18T10:02:07.8288859Z [command]/usr/bin/git version
end-workflow	Post Checkout Repository	2026-02-18T10:02:07.8331776Z git version 2.52.0
end-workflow	Post Checkout Repository	2026-02-18T10:02:07.8380429Z Temporarily overriding HOME='/home/runner/_work/_temp/77730925-04fc-460b-9826-48d4c35da4b8' before making global git config changes
end-workflow	Post Checkout Repository	2026-02-18T10:02:07.8381357Z Adding repository directory to the temporary git global config as a safe directory
end-workflow	Post Checkout Repository	2026-02-18T10:02:07.8388037Z [command]/usr/bin/git config --global --add safe.directory /home/runner/_work/ka0s/ka0s
end-workflow	Post Checkout Repository	2026-02-18T10:02:07.8438000Z [command]/usr/bin/git config --local --name-only --get-regexp core\.sshCommand
end-workflow	Post Checkout Repository	2026-02-18T10:02:07.8495492Z [command]/usr/bin/git submodule foreach --recursive sh -c "git config --local --name-only --get-regexp 'core\.sshCommand' && git config --local --unset-all 'core.sshCommand' || :"
end-workflow	Post Checkout Repository	2026-02-18T10:02:07.8852910Z [command]/usr/bin/git config --local --name-only --get-regexp http\.https\:\/\/github\.com\/\.extraheader
end-workflow	Post Checkout Repository	2026-02-18T10:02:07.8886807Z http.https://github.com/.extraheader
end-workflow	Post Checkout Repository	2026-02-18T10:02:07.8906334Z [command]/usr/bin/git config --local --unset-all http.https://github.com/.extraheader
end-workflow	Post Checkout Repository	2026-02-18T10:02:07.8955957Z [command]/usr/bin/git submodule foreach --recursive sh -c "git config --local --name-only --get-regexp 'http\.https\:\/\/github\.com\/\.extraheader' && git config --local --unset-all 'http.https://github.com/.extraheader' || :"
end-workflow	Post Checkout Repository	2026-02-18T10:02:07.9327117Z [command]/usr/bin/git config --local --name-only --get-regexp ^includeIf\.gitdir:
end-workflow	Post Checkout Repository	2026-02-18T10:02:07.9372545Z [command]/usr/bin/git submodule foreach --recursive git config --local --show-origin --name-only --get-regexp remote.origin.url
end-workflow	Complete job	Ôªø2026-02-18T10:02:07.9891368Z Cleaning up orphan processes
