job-core	Set up job	Ôªø2026-02-18T13:36:10.0729725Z Current runner version: '2.331.0'
job-core	Set up job	2026-02-18T13:36:10.0739674Z Runner name: 'swarm-runners-scaleset-hkss5-runner-52pnb'
job-core	Set up job	2026-02-18T13:36:10.0740688Z Runner group name: 'Default'
job-core	Set up job	2026-02-18T13:36:10.0741748Z Machine name: 'swarm-runners-scaleset-hkss5-runner-52pnb'
job-core	Set up job	2026-02-18T13:36:10.0746941Z ##[group]GITHUB_TOKEN Permissions
job-core	Set up job	2026-02-18T13:36:10.0749989Z Actions: write
job-core	Set up job	2026-02-18T13:36:10.0750631Z Contents: write
job-core	Set up job	2026-02-18T13:36:10.0751317Z Issues: write
job-core	Set up job	2026-02-18T13:36:10.0751928Z Metadata: read
job-core	Set up job	2026-02-18T13:36:10.0752492Z PullRequests: write
job-core	Set up job	2026-02-18T13:36:10.0753158Z ##[endgroup]
job-core	Set up job	2026-02-18T13:36:10.0756237Z Secret source: Actions
job-core	Set up job	2026-02-18T13:36:10.0756987Z Prepare workflow directory
job-core	Set up job	2026-02-18T13:36:10.1338792Z Prepare all required actions
job-core	Set up job	2026-02-18T13:36:10.1380685Z Getting action download info
job-core	Set up job	2026-02-18T13:36:10.7627012Z Download action repository 'actions/checkout@v4' (SHA:34e114876b0b11c390a56381ad16ebd13914f8d5)
job-core	Set up job	2026-02-18T13:36:11.6314418Z Download action repository 'actions/setup-python@v4' (SHA:7f4fc3e22c37d6ff65e88745f38bd3157c663f7c)
job-core	Set up job	2026-02-18T13:36:12.7085406Z Download action repository 'actions/upload-artifact@v4' (SHA:ea165f8d65b6e75b540449e92b4886f43607fa02)
job-core	Set up job	2026-02-18T13:36:13.8468554Z Complete job name: job-core
job-core	Checkout code	Ôªø2026-02-18T13:36:13.9066267Z ##[group]Run actions/checkout@v4
job-core	Checkout code	2026-02-18T13:36:13.9066952Z with:
job-core	Checkout code	2026-02-18T13:36:13.9067176Z   fetch-depth: 0
job-core	Checkout code	2026-02-18T13:36:13.9067405Z   repository: Ka0s-Klaus/ka0s
job-core	Checkout code	2026-02-18T13:36:13.9067889Z   token: ***
job-core	Checkout code	2026-02-18T13:36:13.9068093Z   ssh-strict: true
job-core	Checkout code	2026-02-18T13:36:13.9068300Z   ssh-user: git
job-core	Checkout code	2026-02-18T13:36:13.9068521Z   persist-credentials: true
job-core	Checkout code	2026-02-18T13:36:13.9068768Z   clean: true
job-core	Checkout code	2026-02-18T13:36:13.9069000Z   sparse-checkout-cone-mode: true
job-core	Checkout code	2026-02-18T13:36:13.9069278Z   fetch-tags: false
job-core	Checkout code	2026-02-18T13:36:13.9069517Z   show-progress: true
job-core	Checkout code	2026-02-18T13:36:13.9069737Z   lfs: false
job-core	Checkout code	2026-02-18T13:36:13.9069942Z   submodules: false
job-core	Checkout code	2026-02-18T13:36:13.9070166Z   set-safe-directory: true
job-core	Checkout code	2026-02-18T13:36:13.9070637Z env:
job-core	Checkout code	2026-02-18T13:36:13.9070865Z   PYTHON_VERSION: 3.9
job-core	Checkout code	2026-02-18T13:36:13.9071590Z   MONGO_SUPERUSER_CONNECTION: ***
job-core	Checkout code	2026-02-18T13:36:13.9071989Z   MONGO_NEW_PASS: ***
job-core	Checkout code	2026-02-18T13:36:13.9072340Z   MONGO_SCRIPT_CREATE: devops/core/mongo/scripts/mongodb_status_report.py
job-core	Checkout code	2026-02-18T13:36:13.9072783Z   KAOS_CODE: 22141932538
job-core	Checkout code	2026-02-18T13:36:13.9073010Z   REPORT_SCAN: audit/
job-core	Checkout code	2026-02-18T13:36:13.9073240Z   REPORT_PATH: audit/mongodb/
job-core	Checkout code	2026-02-18T13:36:13.9073503Z   REPORT_FILENAME: 22141932538.json
job-core	Checkout code	2026-02-18T13:36:13.9073788Z   KAOS_MODULE: [Ka0s] Status MongDB Report
job-core	Checkout code	2026-02-18T13:36:13.9074089Z   GITHUB_OUTPUT: 
job-core	Checkout code	2026-02-18T13:36:13.9074322Z ##[endgroup]
job-core	Checkout code	2026-02-18T13:36:14.0336671Z Syncing repository: Ka0s-Klaus/ka0s
job-core	Checkout code	2026-02-18T13:36:14.0338337Z ##[group]Getting Git version info
job-core	Checkout code	2026-02-18T13:36:14.0338856Z Working directory is '/home/runner/_work/ka0s/ka0s'
job-core	Checkout code	2026-02-18T13:36:14.0339424Z [command]/usr/bin/git version
job-core	Checkout code	2026-02-18T13:36:14.0339745Z git version 2.52.0
job-core	Checkout code	2026-02-18T13:36:14.0374337Z ##[endgroup]
job-core	Checkout code	2026-02-18T13:36:14.0399048Z Temporarily overriding HOME='/home/runner/_work/_temp/485b5ae7-5159-4ccd-8ad7-97879af10f00' before making global git config changes
job-core	Checkout code	2026-02-18T13:36:14.0399943Z Adding repository directory to the temporary git global config as a safe directory
job-core	Checkout code	2026-02-18T13:36:14.0400598Z [command]/usr/bin/git config --global --add safe.directory /home/runner/_work/ka0s/ka0s
job-core	Checkout code	2026-02-18T13:36:14.0444055Z Deleting the contents of '/home/runner/_work/ka0s/ka0s'
job-core	Checkout code	2026-02-18T13:36:14.0446273Z ##[group]Initializing the repository
job-core	Checkout code	2026-02-18T13:36:14.0465521Z [command]/usr/bin/git init /home/runner/_work/ka0s/ka0s
job-core	Checkout code	2026-02-18T13:36:14.0543281Z hint: Using 'master' as the name for the initial branch. This default branch name
job-core	Checkout code	2026-02-18T13:36:14.0544031Z hint: will change to "main" in Git 3.0. To configure the initial branch name
job-core	Checkout code	2026-02-18T13:36:14.0547259Z hint: to use in all of your new repositories, which will suppress this warning,
job-core	Checkout code	2026-02-18T13:36:14.0547845Z hint: call:
job-core	Checkout code	2026-02-18T13:36:14.0548045Z hint:
job-core	Checkout code	2026-02-18T13:36:14.0550152Z hint: 	git config --global init.defaultBranch <name>
job-core	Checkout code	2026-02-18T13:36:14.0550504Z hint:
job-core	Checkout code	2026-02-18T13:36:14.0550826Z hint: Names commonly chosen instead of 'master' are 'main', 'trunk' and
job-core	Checkout code	2026-02-18T13:36:14.0551373Z hint: 'development'. The just-created branch can be renamed via this command:
job-core	Checkout code	2026-02-18T13:36:14.0551814Z hint:
job-core	Checkout code	2026-02-18T13:36:14.0552028Z hint: 	git branch -m <name>
job-core	Checkout code	2026-02-18T13:36:14.0552280Z hint:
job-core	Checkout code	2026-02-18T13:36:14.0552637Z hint: Disable this message with "git config set advice.defaultBranchName false"
job-core	Checkout code	2026-02-18T13:36:14.0553308Z Initialized empty Git repository in /home/runner/_work/ka0s/ka0s/.git/
job-core	Checkout code	2026-02-18T13:36:14.0573544Z [command]/usr/bin/git remote add origin https://github.com/Ka0s-Klaus/ka0s
job-core	Checkout code	2026-02-18T13:36:14.0623559Z ##[endgroup]
job-core	Checkout code	2026-02-18T13:36:14.0625241Z ##[group]Disabling automatic garbage collection
job-core	Checkout code	2026-02-18T13:36:14.0625834Z [command]/usr/bin/git config --local gc.auto 0
job-core	Checkout code	2026-02-18T13:36:14.0686750Z ##[endgroup]
job-core	Checkout code	2026-02-18T13:36:14.0687271Z ##[group]Setting up auth
job-core	Checkout code	2026-02-18T13:36:14.0687765Z [command]/usr/bin/git config --local --name-only --get-regexp core\.sshCommand
job-core	Checkout code	2026-02-18T13:36:14.0737795Z [command]/usr/bin/git submodule foreach --recursive sh -c "git config --local --name-only --get-regexp 'core\.sshCommand' && git config --local --unset-all 'core.sshCommand' || :"
job-core	Checkout code	2026-02-18T13:36:14.1098279Z [command]/usr/bin/git config --local --name-only --get-regexp http\.https\:\/\/github\.com\/\.extraheader
job-core	Checkout code	2026-02-18T13:36:14.1141039Z [command]/usr/bin/git submodule foreach --recursive sh -c "git config --local --name-only --get-regexp 'http\.https\:\/\/github\.com\/\.extraheader' && git config --local --unset-all 'http.https://github.com/.extraheader' || :"
job-core	Checkout code	2026-02-18T13:36:14.1486026Z [command]/usr/bin/git config --local --name-only --get-regexp ^includeIf\.gitdir:
job-core	Checkout code	2026-02-18T13:36:14.1532138Z [command]/usr/bin/git submodule foreach --recursive git config --local --show-origin --name-only --get-regexp remote.origin.url
job-core	Checkout code	2026-02-18T13:36:14.1888097Z [command]/usr/bin/git config --local http.https://github.com/.extraheader AUTHORIZATION: basic ***
job-core	Checkout code	2026-02-18T13:36:14.1939592Z ##[endgroup]
job-core	Checkout code	2026-02-18T13:36:14.1940267Z ##[group]Fetching the repository
job-core	Checkout code	2026-02-18T13:36:14.1964922Z [command]/usr/bin/git -c protocol.version=2 fetch --prune --no-recurse-submodules origin +refs/heads/*:refs/remotes/origin/* +refs/tags/*:refs/tags/*
job-core	Checkout code	2026-02-18T13:36:35.4841398Z From https://github.com/Ka0s-Klaus/ka0s
job-core	Checkout code	2026-02-18T13:36:35.4842159Z  * [new branch]          F3450-modelo-operativo -> origin/F3450-modelo-operativo
job-core	Checkout code	2026-02-18T13:36:35.4842869Z  * [new branch]          H1276-modulo-observabilidad -> origin/H1276-modulo-observabilidad
job-core	Checkout code	2026-02-18T13:36:35.4843477Z  * [new branch]          H3266-deploy-zabbix    -> origin/H3266-deploy-zabbix
job-core	Checkout code	2026-02-18T13:36:35.4844027Z  * [new branch]          H3596-deploy-itop      -> origin/H3596-deploy-itop
job-core	Checkout code	2026-02-18T13:36:35.4844765Z  * [new branch]          main                   -> origin/main
job-core	Checkout code	2026-02-18T13:36:35.4845194Z  * [new tag]             0.0.0                  -> 0.0.0
job-core	Checkout code	2026-02-18T13:36:35.4845607Z  * [new tag]             0.0.1                  -> 0.0.1
job-core	Checkout code	2026-02-18T13:36:35.4845988Z  * [new tag]             0.0.10                 -> 0.0.10
job-core	Checkout code	2026-02-18T13:36:35.4846353Z  * [new tag]             0.0.100                -> 0.0.100
job-core	Checkout code	2026-02-18T13:36:35.4846740Z  * [new tag]             0.0.101                -> 0.0.101
job-core	Checkout code	2026-02-18T13:36:35.4847109Z  * [new tag]             0.0.102                -> 0.0.102
job-core	Checkout code	2026-02-18T13:36:35.4847523Z  * [new tag]             0.0.103                -> 0.0.103
job-core	Checkout code	2026-02-18T13:36:35.4847909Z  * [new tag]             0.0.104                -> 0.0.104
job-core	Checkout code	2026-02-18T13:36:35.4848337Z  * [new tag]             0.0.105                -> 0.0.105
job-core	Checkout code	2026-02-18T13:36:35.4848748Z  * [new tag]             0.0.106                -> 0.0.106
job-core	Checkout code	2026-02-18T13:36:35.4849134Z  * [new tag]             0.0.107                -> 0.0.107
job-core	Checkout code	2026-02-18T13:36:35.4849517Z  * [new tag]             0.0.108                -> 0.0.108
job-core	Checkout code	2026-02-18T13:36:35.4850369Z  * [new tag]             0.0.109                -> 0.0.109
job-core	Checkout code	2026-02-18T13:36:35.4850740Z  * [new tag]             0.0.11                 -> 0.0.11
job-core	Checkout code	2026-02-18T13:36:35.4851103Z  * [new tag]             0.0.110                -> 0.0.110
job-core	Checkout code	2026-02-18T13:36:35.4851490Z  * [new tag]             0.0.111                -> 0.0.111
job-core	Checkout code	2026-02-18T13:36:35.4851857Z  * [new tag]             0.0.112                -> 0.0.112
job-core	Checkout code	2026-02-18T13:36:35.4852231Z  * [new tag]             0.0.113                -> 0.0.113
job-core	Checkout code	2026-02-18T13:36:35.4852592Z  * [new tag]             0.0.114                -> 0.0.114
job-core	Checkout code	2026-02-18T13:36:35.4852961Z  * [new tag]             0.0.115                -> 0.0.115
job-core	Checkout code	2026-02-18T13:36:35.4853320Z  * [new tag]             0.0.116                -> 0.0.116
job-core	Checkout code	2026-02-18T13:36:35.4853690Z  * [new tag]             0.0.117                -> 0.0.117
job-core	Checkout code	2026-02-18T13:36:35.4854067Z  * [new tag]             0.0.118                -> 0.0.118
job-core	Checkout code	2026-02-18T13:36:35.4854684Z  * [new tag]             0.0.119                -> 0.0.119
job-core	Checkout code	2026-02-18T13:36:35.4855125Z  * [new tag]             0.0.12                 -> 0.0.12
job-core	Checkout code	2026-02-18T13:36:35.4855486Z  * [new tag]             0.0.120                -> 0.0.120
job-core	Checkout code	2026-02-18T13:36:35.4855895Z  * [new tag]             0.0.121                -> 0.0.121
job-core	Checkout code	2026-02-18T13:36:35.4856574Z  * [new tag]             0.0.122                -> 0.0.122
job-core	Checkout code	2026-02-18T13:36:35.4856934Z  * [new tag]             0.0.123                -> 0.0.123
job-core	Checkout code	2026-02-18T13:36:35.4857295Z  * [new tag]             0.0.124                -> 0.0.124
job-core	Checkout code	2026-02-18T13:36:35.4857655Z  * [new tag]             0.0.125                -> 0.0.125
job-core	Checkout code	2026-02-18T13:36:35.4858016Z  * [new tag]             0.0.126                -> 0.0.126
job-core	Checkout code	2026-02-18T13:36:35.4858379Z  * [new tag]             0.0.127                -> 0.0.127
job-core	Checkout code	2026-02-18T13:36:35.4858738Z  * [new tag]             0.0.128                -> 0.0.128
job-core	Checkout code	2026-02-18T13:36:35.4859097Z  * [new tag]             0.0.129                -> 0.0.129
job-core	Checkout code	2026-02-18T13:36:35.4859455Z  * [new tag]             0.0.13                 -> 0.0.13
job-core	Checkout code	2026-02-18T13:36:35.4928413Z  * [new tag]             0.0.130                -> 0.0.130
job-core	Checkout code	2026-02-18T13:36:35.4928896Z  * [new tag]             0.0.131                -> 0.0.131
job-core	Checkout code	2026-02-18T13:36:35.4929283Z  * [new tag]             0.0.132                -> 0.0.132
job-core	Checkout code	2026-02-18T13:36:35.4929676Z  * [new tag]             0.0.133                -> 0.0.133
job-core	Checkout code	2026-02-18T13:36:35.4930040Z  * [new tag]             0.0.134                -> 0.0.134
job-core	Checkout code	2026-02-18T13:36:35.4930403Z  * [new tag]             0.0.135                -> 0.0.135
job-core	Checkout code	2026-02-18T13:36:35.4930769Z  * [new tag]             0.0.136                -> 0.0.136
job-core	Checkout code	2026-02-18T13:36:35.4931170Z  * [new tag]             0.0.137                -> 0.0.137
job-core	Checkout code	2026-02-18T13:36:35.4931530Z  * [new tag]             0.0.138                -> 0.0.138
job-core	Checkout code	2026-02-18T13:36:35.4931911Z  * [new tag]             0.0.139                -> 0.0.139
job-core	Checkout code	2026-02-18T13:36:35.4932288Z  * [new tag]             0.0.14                 -> 0.0.14
job-core	Checkout code	2026-02-18T13:36:35.4932661Z  * [new tag]             0.0.140                -> 0.0.140
job-core	Checkout code	2026-02-18T13:36:35.4933029Z  * [new tag]             0.0.141                -> 0.0.141
job-core	Checkout code	2026-02-18T13:36:35.4933389Z  * [new tag]             0.0.142                -> 0.0.142
job-core	Checkout code	2026-02-18T13:36:35.4933898Z  * [new tag]             0.0.143                -> 0.0.143
job-core	Checkout code	2026-02-18T13:36:35.4934253Z  * [new tag]             0.0.144                -> 0.0.144
job-core	Checkout code	2026-02-18T13:36:35.4945746Z  * [new tag]             0.0.145                -> 0.0.145
job-core	Checkout code	2026-02-18T13:36:35.4946160Z  * [new tag]             0.0.146                -> 0.0.146
job-core	Checkout code	2026-02-18T13:36:35.4946509Z  * [new tag]             0.0.147                -> 0.0.147
job-core	Checkout code	2026-02-18T13:36:35.4946846Z  * [new tag]             0.0.148                -> 0.0.148
job-core	Checkout code	2026-02-18T13:36:35.4947183Z  * [new tag]             0.0.149                -> 0.0.149
job-core	Checkout code	2026-02-18T13:36:35.4947517Z  * [new tag]             0.0.15                 -> 0.0.15
job-core	Checkout code	2026-02-18T13:36:35.4947856Z  * [new tag]             0.0.150                -> 0.0.150
job-core	Checkout code	2026-02-18T13:36:35.4948536Z  * [new tag]             0.0.151                -> 0.0.151
job-core	Checkout code	2026-02-18T13:36:35.4948915Z  * [new tag]             0.0.152                -> 0.0.152
job-core	Checkout code	2026-02-18T13:36:35.4949250Z  * [new tag]             0.0.153                -> 0.0.153
job-core	Checkout code	2026-02-18T13:36:35.4949594Z  * [new tag]             0.0.154                -> 0.0.154
job-core	Checkout code	2026-02-18T13:36:35.4949930Z  * [new tag]             0.0.155                -> 0.0.155
job-core	Checkout code	2026-02-18T13:36:35.4950268Z  * [new tag]             0.0.156                -> 0.0.156
job-core	Checkout code	2026-02-18T13:36:35.4950613Z  * [new tag]             0.0.157                -> 0.0.157
job-core	Checkout code	2026-02-18T13:36:35.4950957Z  * [new tag]             0.0.158                -> 0.0.158
job-core	Checkout code	2026-02-18T13:36:35.4951311Z  * [new tag]             0.0.159                -> 0.0.159
job-core	Checkout code	2026-02-18T13:36:35.4951661Z  * [new tag]             0.0.16                 -> 0.0.16
job-core	Checkout code	2026-02-18T13:36:35.4952013Z  * [new tag]             0.0.160                -> 0.0.160
job-core	Checkout code	2026-02-18T13:36:35.4952361Z  * [new tag]             0.0.161                -> 0.0.161
job-core	Checkout code	2026-02-18T13:36:35.4952717Z  * [new tag]             0.0.162                -> 0.0.162
job-core	Checkout code	2026-02-18T13:36:35.4953066Z  * [new tag]             0.0.163                -> 0.0.163
job-core	Checkout code	2026-02-18T13:36:35.4953416Z  * [new tag]             0.0.164                -> 0.0.164
job-core	Checkout code	2026-02-18T13:36:35.4953996Z  * [new tag]             0.0.165                -> 0.0.165
job-core	Checkout code	2026-02-18T13:36:35.4954348Z  * [new tag]             0.0.166                -> 0.0.166
job-core	Checkout code	2026-02-18T13:36:35.4958912Z  * [new tag]             0.0.167                -> 0.0.167
job-core	Checkout code	2026-02-18T13:36:35.4959299Z  * [new tag]             0.0.168                -> 0.0.168
job-core	Checkout code	2026-02-18T13:36:35.4959655Z  * [new tag]             0.0.169                -> 0.0.169
job-core	Checkout code	2026-02-18T13:36:35.4960006Z  * [new tag]             0.0.17                 -> 0.0.17
job-core	Checkout code	2026-02-18T13:36:35.4960359Z  * [new tag]             0.0.170                -> 0.0.170
job-core	Checkout code	2026-02-18T13:36:35.4960707Z  * [new tag]             0.0.171                -> 0.0.171
job-core	Checkout code	2026-02-18T13:36:35.4961069Z  * [new tag]             0.0.172                -> 0.0.172
job-core	Checkout code	2026-02-18T13:36:35.4961422Z  * [new tag]             0.0.173                -> 0.0.173
job-core	Checkout code	2026-02-18T13:36:35.4961771Z  * [new tag]             0.0.174                -> 0.0.174
job-core	Checkout code	2026-02-18T13:36:35.4962124Z  * [new tag]             0.0.175                -> 0.0.175
job-core	Checkout code	2026-02-18T13:36:35.4962474Z  * [new tag]             0.0.176                -> 0.0.176
job-core	Checkout code	2026-02-18T13:36:35.4962820Z  * [new tag]             0.0.177                -> 0.0.177
job-core	Checkout code	2026-02-18T13:36:35.4963166Z  * [new tag]             0.0.178                -> 0.0.178
job-core	Checkout code	2026-02-18T13:36:35.4963511Z  * [new tag]             0.0.179                -> 0.0.179
job-core	Checkout code	2026-02-18T13:36:35.4963859Z  * [new tag]             0.0.18                 -> 0.0.18
job-core	Checkout code	2026-02-18T13:36:35.4964209Z  * [new tag]             0.0.19                 -> 0.0.19
job-core	Checkout code	2026-02-18T13:36:35.4964964Z  * [new tag]             0.0.2                  -> 0.0.2
job-core	Checkout code	2026-02-18T13:36:35.4965341Z  * [new tag]             0.0.20                 -> 0.0.20
job-core	Checkout code	2026-02-18T13:36:35.4965711Z  * [new tag]             0.0.21                 -> 0.0.21
job-core	Checkout code	2026-02-18T13:36:35.4966180Z  * [new tag]             0.0.22                 -> 0.0.22
job-core	Checkout code	2026-02-18T13:36:35.4966520Z  * [new tag]             0.0.23                 -> 0.0.23
job-core	Checkout code	2026-02-18T13:36:35.4966875Z  * [new tag]             0.0.24                 -> 0.0.24
job-core	Checkout code	2026-02-18T13:36:35.4967222Z  * [new tag]             0.0.25                 -> 0.0.25
job-core	Checkout code	2026-02-18T13:36:35.4967568Z  * [new tag]             0.0.26                 -> 0.0.26
job-core	Checkout code	2026-02-18T13:36:35.4967915Z  * [new tag]             0.0.27                 -> 0.0.27
job-core	Checkout code	2026-02-18T13:36:35.4968259Z  * [new tag]             0.0.28                 -> 0.0.28
job-core	Checkout code	2026-02-18T13:36:35.4968605Z  * [new tag]             0.0.29                 -> 0.0.29
job-core	Checkout code	2026-02-18T13:36:35.4969240Z  * [new tag]             0.0.3                  -> 0.0.3
job-core	Checkout code	2026-02-18T13:36:35.4969601Z  * [new tag]             0.0.30                 -> 0.0.30
job-core	Checkout code	2026-02-18T13:36:35.4969962Z  * [new tag]             0.0.31                 -> 0.0.31
job-core	Checkout code	2026-02-18T13:36:35.4970829Z  * [new tag]             0.0.32                 -> 0.0.32
job-core	Checkout code	2026-02-18T13:36:35.4971186Z  * [new tag]             0.0.33                 -> 0.0.33
job-core	Checkout code	2026-02-18T13:36:35.4971659Z  * [new tag]             0.0.34                 -> 0.0.34
job-core	Checkout code	2026-02-18T13:36:35.4972009Z  * [new tag]             0.0.35                 -> 0.0.35
job-core	Checkout code	2026-02-18T13:36:35.4972353Z  * [new tag]             0.0.36                 -> 0.0.36
job-core	Checkout code	2026-02-18T13:36:35.4972694Z  * [new tag]             0.0.37                 -> 0.0.37
job-core	Checkout code	2026-02-18T13:36:35.4973038Z  * [new tag]             0.0.38                 -> 0.0.38
job-core	Checkout code	2026-02-18T13:36:35.4973386Z  * [new tag]             0.0.39                 -> 0.0.39
job-core	Checkout code	2026-02-18T13:36:35.4973732Z  * [new tag]             0.0.4                  -> 0.0.4
job-core	Checkout code	2026-02-18T13:36:35.4974081Z  * [new tag]             0.0.40                 -> 0.0.40
job-core	Checkout code	2026-02-18T13:36:35.4974426Z  * [new tag]             0.0.41                 -> 0.0.41
job-core	Checkout code	2026-02-18T13:36:35.4975279Z  * [new tag]             0.0.42                 -> 0.0.42
job-core	Checkout code	2026-02-18T13:36:35.4975747Z  * [new tag]             0.0.43                 -> 0.0.43
job-core	Checkout code	2026-02-18T13:36:35.4976095Z  * [new tag]             0.0.44                 -> 0.0.44
job-core	Checkout code	2026-02-18T13:36:35.4976661Z  * [new tag]             0.0.45                 -> 0.0.45
job-core	Checkout code	2026-02-18T13:36:35.4977007Z  * [new tag]             0.0.46                 -> 0.0.46
job-core	Checkout code	2026-02-18T13:36:35.4977356Z  * [new tag]             0.0.47                 -> 0.0.47
job-core	Checkout code	2026-02-18T13:36:35.4977700Z  * [new tag]             0.0.48                 -> 0.0.48
job-core	Checkout code	2026-02-18T13:36:35.4978044Z  * [new tag]             0.0.49                 -> 0.0.49
job-core	Checkout code	2026-02-18T13:36:35.4978393Z  * [new tag]             0.0.5                  -> 0.0.5
job-core	Checkout code	2026-02-18T13:36:35.4978730Z  * [new tag]             0.0.50                 -> 0.0.50
job-core	Checkout code	2026-02-18T13:36:35.4979076Z  * [new tag]             0.0.51                 -> 0.0.51
job-core	Checkout code	2026-02-18T13:36:35.4979420Z  * [new tag]             0.0.52                 -> 0.0.52
job-core	Checkout code	2026-02-18T13:36:35.4979774Z  * [new tag]             0.0.53                 -> 0.0.53
job-core	Checkout code	2026-02-18T13:36:35.4980262Z  * [new tag]             0.0.54                 -> 0.0.54
job-core	Checkout code	2026-02-18T13:36:35.4981027Z  * [new tag]             0.0.55                 -> 0.0.55
job-core	Checkout code	2026-02-18T13:36:35.4981529Z  * [new tag]             0.0.56                 -> 0.0.56
job-core	Checkout code	2026-02-18T13:36:35.4981992Z  * [new tag]             0.0.57                 -> 0.0.57
job-core	Checkout code	2026-02-18T13:36:35.4982339Z  * [new tag]             0.0.58                 -> 0.0.58
job-core	Checkout code	2026-02-18T13:36:35.4982684Z  * [new tag]             0.0.59                 -> 0.0.59
job-core	Checkout code	2026-02-18T13:36:35.4983030Z  * [new tag]             0.0.6                  -> 0.0.6
job-core	Checkout code	2026-02-18T13:36:35.4983378Z  * [new tag]             0.0.60                 -> 0.0.60
job-core	Checkout code	2026-02-18T13:36:35.4983723Z  * [new tag]             0.0.61                 -> 0.0.61
job-core	Checkout code	2026-02-18T13:36:35.4984060Z  * [new tag]             0.0.62                 -> 0.0.62
job-core	Checkout code	2026-02-18T13:36:35.4984393Z  * [new tag]             0.0.63                 -> 0.0.63
job-core	Checkout code	2026-02-18T13:36:35.4985024Z  * [new tag]             0.0.64                 -> 0.0.64
job-core	Checkout code	2026-02-18T13:36:35.4985383Z  * [new tag]             0.0.65                 -> 0.0.65
job-core	Checkout code	2026-02-18T13:36:35.4985858Z  * [new tag]             0.0.66                 -> 0.0.66
job-core	Checkout code	2026-02-18T13:36:35.4986201Z  * [new tag]             0.0.67                 -> 0.0.67
job-core	Checkout code	2026-02-18T13:36:35.4986535Z  * [new tag]             0.0.68                 -> 0.0.68
job-core	Checkout code	2026-02-18T13:36:35.4986872Z  * [new tag]             0.0.69                 -> 0.0.69
job-core	Checkout code	2026-02-18T13:36:35.4987215Z  * [new tag]             0.0.7                  -> 0.0.7
job-core	Checkout code	2026-02-18T13:36:35.4987547Z  * [new tag]             0.0.70                 -> 0.0.70
job-core	Checkout code	2026-02-18T13:36:35.4987887Z  * [new tag]             0.0.71                 -> 0.0.71
job-core	Checkout code	2026-02-18T13:36:35.4988229Z  * [new tag]             0.0.72                 -> 0.0.72
job-core	Checkout code	2026-02-18T13:36:35.4988568Z  * [new tag]             0.0.73                 -> 0.0.73
job-core	Checkout code	2026-02-18T13:36:35.4988905Z  * [new tag]             0.0.74                 -> 0.0.74
job-core	Checkout code	2026-02-18T13:36:35.4989443Z  * [new tag]             0.0.75                 -> 0.0.75
job-core	Checkout code	2026-02-18T13:36:35.4989783Z  * [new tag]             0.0.76                 -> 0.0.76
job-core	Checkout code	2026-02-18T13:36:35.4990118Z  * [new tag]             0.0.77                 -> 0.0.77
job-core	Checkout code	2026-02-18T13:36:35.4990463Z  * [new tag]             0.0.78                 -> 0.0.78
job-core	Checkout code	2026-02-18T13:36:35.4990803Z  * [new tag]             0.0.79                 -> 0.0.79
job-core	Checkout code	2026-02-18T13:36:35.4991145Z  * [new tag]             0.0.8                  -> 0.0.8
job-core	Checkout code	2026-02-18T13:36:35.4991482Z  * [new tag]             0.0.80                 -> 0.0.80
job-core	Checkout code	2026-02-18T13:36:35.4991822Z  * [new tag]             0.0.81                 -> 0.0.81
job-core	Checkout code	2026-02-18T13:36:35.4992161Z  * [new tag]             0.0.82                 -> 0.0.82
job-core	Checkout code	2026-02-18T13:36:35.4992497Z  * [new tag]             0.0.83                 -> 0.0.83
job-core	Checkout code	2026-02-18T13:36:35.4992832Z  * [new tag]             0.0.84                 -> 0.0.84
job-core	Checkout code	2026-02-18T13:36:35.4993171Z  * [new tag]             0.0.85                 -> 0.0.85
job-core	Checkout code	2026-02-18T13:36:35.4993512Z  * [new tag]             0.0.86                 -> 0.0.86
job-core	Checkout code	2026-02-18T13:36:35.4993849Z  * [new tag]             0.0.87                 -> 0.0.87
job-core	Checkout code	2026-02-18T13:36:35.5005132Z  * [new tag]             0.0.88                 -> 0.0.88
job-core	Checkout code	2026-02-18T13:36:35.5006071Z  * [new tag]             0.0.89                 -> 0.0.89
job-core	Checkout code	2026-02-18T13:36:35.5006420Z  * [new tag]             0.0.9                  -> 0.0.9
job-core	Checkout code	2026-02-18T13:36:35.5006757Z  * [new tag]             0.0.90                 -> 0.0.90
job-core	Checkout code	2026-02-18T13:36:35.5007099Z  * [new tag]             0.0.91                 -> 0.0.91
job-core	Checkout code	2026-02-18T13:36:35.5007438Z  * [new tag]             0.0.92                 -> 0.0.92
job-core	Checkout code	2026-02-18T13:36:35.5007771Z  * [new tag]             0.0.93                 -> 0.0.93
job-core	Checkout code	2026-02-18T13:36:35.5008106Z  * [new tag]             0.0.94                 -> 0.0.94
job-core	Checkout code	2026-02-18T13:36:35.5008451Z  * [new tag]             0.0.95                 -> 0.0.95
job-core	Checkout code	2026-02-18T13:36:35.5008794Z  * [new tag]             0.0.96                 -> 0.0.96
job-core	Checkout code	2026-02-18T13:36:35.5009127Z  * [new tag]             0.0.97                 -> 0.0.97
job-core	Checkout code	2026-02-18T13:36:35.5009461Z  * [new tag]             0.0.98                 -> 0.0.98
job-core	Checkout code	2026-02-18T13:36:35.5009803Z  * [new tag]             0.0.99                 -> 0.0.99
job-core	Checkout code	2026-02-18T13:36:35.5010140Z  * [new tag]             0.1.0                  -> 0.1.0
job-core	Checkout code	2026-02-18T13:36:35.5010476Z  * [new tag]             0.1.1                  -> 0.1.1
job-core	Checkout code	2026-02-18T13:36:35.5010805Z  * [new tag]             0.2.0                  -> 0.2.0
job-core	Checkout code	2026-02-18T13:36:35.5011139Z  * [new tag]             0.3.0                  -> 0.3.0
job-core	Checkout code	2026-02-18T13:36:35.5011471Z  * [new tag]             0.3.1                  -> 0.3.1
job-core	Checkout code	2026-02-18T13:36:35.5011804Z  * [new tag]             0.3.10                 -> 0.3.10
job-core	Checkout code	2026-02-18T13:36:35.5012142Z  * [new tag]             0.3.11                 -> 0.3.11
job-core	Checkout code	2026-02-18T13:36:35.5012501Z  * [new tag]             0.3.12                 -> 0.3.12
job-core	Checkout code	2026-02-18T13:36:35.5012843Z  * [new tag]             0.3.13                 -> 0.3.13
job-core	Checkout code	2026-02-18T13:36:35.5013181Z  * [new tag]             0.3.14                 -> 0.3.14
job-core	Checkout code	2026-02-18T13:36:35.5013518Z  * [new tag]             0.3.15                 -> 0.3.15
job-core	Checkout code	2026-02-18T13:36:35.5013864Z  * [new tag]             0.3.16                 -> 0.3.16
job-core	Checkout code	2026-02-18T13:36:35.5014200Z  * [new tag]             0.3.17                 -> 0.3.17
job-core	Checkout code	2026-02-18T13:36:35.5014782Z  * [new tag]             0.3.2                  -> 0.3.2
job-core	Checkout code	2026-02-18T13:36:35.5015140Z  * [new tag]             0.3.3                  -> 0.3.3
job-core	Checkout code	2026-02-18T13:36:35.5015603Z  * [new tag]             0.3.4                  -> 0.3.4
job-core	Checkout code	2026-02-18T13:36:35.5015939Z  * [new tag]             0.3.5                  -> 0.3.5
job-core	Checkout code	2026-02-18T13:36:35.5016270Z  * [new tag]             0.3.6                  -> 0.3.6
job-core	Checkout code	2026-02-18T13:36:35.5016603Z  * [new tag]             0.3.7                  -> 0.3.7
job-core	Checkout code	2026-02-18T13:36:35.5016933Z  * [new tag]             0.3.8                  -> 0.3.8
job-core	Checkout code	2026-02-18T13:36:35.5017492Z  * [new tag]             0.3.9                  -> 0.3.9
job-core	Checkout code	2026-02-18T13:36:35.5017827Z  * [new tag]             0.4.0                  -> 0.4.0
job-core	Checkout code	2026-02-18T13:36:35.5018296Z  * [new tag]             0.4.1                  -> 0.4.1
job-core	Checkout code	2026-02-18T13:36:35.5018643Z  * [new tag]             0.4.2                  -> 0.4.2
job-core	Checkout code	2026-02-18T13:36:35.5019096Z  * [new tag]             0.4.3                  -> 0.4.3
job-core	Checkout code	2026-02-18T13:36:35.5019426Z  * [new tag]             0.4.4                  -> 0.4.4
job-core	Checkout code	2026-02-18T13:36:35.5019758Z  * [new tag]             0.4.5                  -> 0.4.5
job-core	Checkout code	2026-02-18T13:36:35.5020088Z  * [new tag]             0.4.6                  -> 0.4.6
job-core	Checkout code	2026-02-18T13:36:35.5020417Z  * [new tag]             0.4.7                  -> 0.4.7
job-core	Checkout code	2026-02-18T13:36:35.5020747Z  * [new tag]             0.4.8                  -> 0.4.8
job-core	Checkout code	2026-02-18T13:36:35.5021081Z  * [new tag]             0.4.9                  -> 0.4.9
job-core	Checkout code	2026-02-18T13:36:35.5021415Z  * [new tag]             0.5.0                  -> 0.5.0
job-core	Checkout code	2026-02-18T13:36:35.5021755Z  * [new tag]             0.5.1                  -> 0.5.1
job-core	Checkout code	2026-02-18T13:36:35.5022087Z  * [new tag]             0.5.2                  -> 0.5.2
job-core	Checkout code	2026-02-18T13:36:35.5022422Z  * [new tag]             0.6.0                  -> 0.6.0
job-core	Checkout code	2026-02-18T13:36:35.5022936Z  * [new tag]             0.6.1                  -> 0.6.1
job-core	Checkout code	2026-02-18T13:36:35.5023273Z  * [new tag]             0.6.2                  -> 0.6.2
job-core	Checkout code	2026-02-18T13:36:35.5234048Z [command]/usr/bin/git branch --list --remote origin/main
job-core	Checkout code	2026-02-18T13:36:35.5311720Z   origin/main
job-core	Checkout code	2026-02-18T13:36:35.5322808Z [command]/usr/bin/git rev-parse refs/remotes/origin/main
job-core	Checkout code	2026-02-18T13:36:35.5352646Z 5ff2f2a65b7972772c9d6b71040db224f31dbad1
job-core	Checkout code	2026-02-18T13:36:35.5358017Z ##[endgroup]
job-core	Checkout code	2026-02-18T13:36:35.5358462Z ##[group]Determining the checkout info
job-core	Checkout code	2026-02-18T13:36:35.5358913Z ##[endgroup]
job-core	Checkout code	2026-02-18T13:36:35.5363934Z [command]/usr/bin/git sparse-checkout disable
job-core	Checkout code	2026-02-18T13:36:35.5415889Z [command]/usr/bin/git config --local --unset-all extensions.worktreeConfig
job-core	Checkout code	2026-02-18T13:36:35.5456725Z ##[group]Checking out the ref
job-core	Checkout code	2026-02-18T13:36:35.5463052Z [command]/usr/bin/git checkout --progress --force -B main refs/remotes/origin/main
job-core	Checkout code	2026-02-18T13:36:35.7870222Z Switched to a new branch 'main'
job-core	Checkout code	2026-02-18T13:36:35.7874143Z branch 'main' set up to track 'origin/main'.
job-core	Checkout code	2026-02-18T13:36:35.7921465Z ##[endgroup]
job-core	Checkout code	2026-02-18T13:36:35.7984415Z [command]/usr/bin/git log -1 --format=%H
job-core	Checkout code	2026-02-18T13:36:35.8019213Z 5ff2f2a65b7972772c9d6b71040db224f31dbad1
job-core	Install GH CLI	Ôªø2026-02-18T13:36:35.8315748Z Prepare all required actions
job-core	Install GH CLI	2026-02-18T13:36:35.8372930Z ##[group]Run ./.github/actions/install-gh-cli
job-core	Install GH CLI	2026-02-18T13:36:35.8373262Z env:
job-core	Install GH CLI	2026-02-18T13:36:35.8373457Z   PYTHON_VERSION: 3.9
job-core	Install GH CLI	2026-02-18T13:36:35.8374290Z   MONGO_SUPERUSER_CONNECTION: ***
job-core	Install GH CLI	2026-02-18T13:36:35.8374933Z   MONGO_NEW_PASS: ***
job-core	Install GH CLI	2026-02-18T13:36:35.8375284Z   MONGO_SCRIPT_CREATE: devops/core/mongo/scripts/mongodb_status_report.py
job-core	Install GH CLI	2026-02-18T13:36:35.8375689Z   KAOS_CODE: 22141932538
job-core	Install GH CLI	2026-02-18T13:36:35.8375945Z   REPORT_SCAN: audit/
job-core	Install GH CLI	2026-02-18T13:36:35.8376176Z   REPORT_PATH: audit/mongodb/
job-core	Install GH CLI	2026-02-18T13:36:35.8376433Z   REPORT_FILENAME: 22141932538.json
job-core	Install GH CLI	2026-02-18T13:36:35.8376714Z   KAOS_MODULE: [Ka0s] Status MongDB Report
job-core	Install GH CLI	2026-02-18T13:36:35.8376990Z   GITHUB_OUTPUT: 
job-core	Install GH CLI	2026-02-18T13:36:35.8377195Z ##[endgroup]
job-core	Install GH CLI	2026-02-18T13:36:35.8474166Z ##[group]Run type -p curl >/dev/null || (sudo apt-get update && sudo apt-get install curl -y)
job-core	Install GH CLI	2026-02-18T13:36:35.8475347Z [36;1mtype -p curl >/dev/null || (sudo apt-get update && sudo apt-get install curl -y)[0m
job-core	Install GH CLI	2026-02-18T13:36:35.8476373Z [36;1mcurl -fsSL https://cli.github.com/packages/githubcli-archive-keyring.gpg | sudo dd of=/usr/share/keyrings/githubcli-archive-keyring.gpg \[0m
job-core	Install GH CLI	2026-02-18T13:36:35.8477172Z [36;1m&& sudo chmod go+r /usr/share/keyrings/githubcli-archive-keyring.gpg \[0m
job-core	Install GH CLI	2026-02-18T13:36:35.8478225Z [36;1m&& echo "deb [arch=$(dpkg --print-architecture) signed-by=/usr/share/keyrings/githubcli-archive-keyring.gpg] https://cli.github.com/packages stable main" | sudo tee /etc/apt/sources.list.d/github-cli.list > /dev/null \[0m
job-core	Install GH CLI	2026-02-18T13:36:35.8479489Z [36;1m&& sudo apt-get update \[0m
job-core	Install GH CLI	2026-02-18T13:36:35.8479777Z [36;1m&& sudo apt-get install gh -y[0m
job-core	Install GH CLI	2026-02-18T13:36:35.8495829Z shell: /usr/bin/bash --noprofile --norc -e -o pipefail {0}
job-core	Install GH CLI	2026-02-18T13:36:35.8496306Z env:
job-core	Install GH CLI	2026-02-18T13:36:35.8496495Z   PYTHON_VERSION: 3.9
job-core	Install GH CLI	2026-02-18T13:36:35.8497291Z   MONGO_SUPERUSER_CONNECTION: ***
job-core	Install GH CLI	2026-02-18T13:36:35.8497664Z   MONGO_NEW_PASS: ***
job-core	Install GH CLI	2026-02-18T13:36:35.8497986Z   MONGO_SCRIPT_CREATE: devops/core/mongo/scripts/mongodb_status_report.py
job-core	Install GH CLI	2026-02-18T13:36:35.8498380Z   KAOS_CODE: 22141932538
job-core	Install GH CLI	2026-02-18T13:36:35.8498600Z   REPORT_SCAN: audit/
job-core	Install GH CLI	2026-02-18T13:36:35.8498826Z   REPORT_PATH: audit/mongodb/
job-core	Install GH CLI	2026-02-18T13:36:35.8499068Z   REPORT_FILENAME: 22141932538.json
job-core	Install GH CLI	2026-02-18T13:36:35.8499329Z   KAOS_MODULE: [Ka0s] Status MongDB Report
job-core	Install GH CLI	2026-02-18T13:36:35.8499596Z   GITHUB_OUTPUT: 
job-core	Install GH CLI	2026-02-18T13:36:35.8499791Z ##[endgroup]
job-core	Install GH CLI	2026-02-18T13:36:35.9309491Z 4+1 records in
job-core	Install GH CLI	2026-02-18T13:36:35.9309859Z 4+1 records out
job-core	Install GH CLI	2026-02-18T13:36:35.9310147Z 2270 bytes (2.3 kB, 2.2 KiB) copied, 0.0577134 s, 39.3 kB/s
job-core	Install GH CLI	2026-02-18T13:36:36.0920910Z Get:1 http://archive.ubuntu.com/ubuntu noble InRelease [256 kB]
job-core	Install GH CLI	2026-02-18T13:36:36.1042560Z Get:2 https://cli.github.com/packages stable InRelease [3917 B]
job-core	Install GH CLI	2026-02-18T13:36:36.1436897Z Get:3 http://security.ubuntu.com/ubuntu noble-security InRelease [126 kB]
job-core	Install GH CLI	2026-02-18T13:36:36.2368285Z Get:4 http://archive.ubuntu.com/ubuntu noble-updates InRelease [126 kB]
job-core	Install GH CLI	2026-02-18T13:36:36.2435737Z Get:5 https://ppa.launchpadcontent.net/git-core/ppa/ubuntu noble InRelease [24.3 kB]
job-core	Install GH CLI	2026-02-18T13:36:36.2729582Z Get:6 http://archive.ubuntu.com/ubuntu noble-backports InRelease [126 kB]
job-core	Install GH CLI	2026-02-18T13:36:36.3639656Z Get:7 http://archive.ubuntu.com/ubuntu noble/multiverse amd64 Packages [331 kB]
job-core	Install GH CLI	2026-02-18T13:36:36.3987454Z Get:8 https://cli.github.com/packages stable/main amd64 Packages [356 B]
job-core	Install GH CLI	2026-02-18T13:36:36.4257035Z Get:9 http://archive.ubuntu.com/ubuntu noble/restricted amd64 Packages [117 kB]
job-core	Install GH CLI	2026-02-18T13:36:36.4318696Z Get:10 http://archive.ubuntu.com/ubuntu noble/universe amd64 Packages [19.3 MB]
job-core	Install GH CLI	2026-02-18T13:36:36.5167654Z Get:11 https://ppa.launchpadcontent.net/git-core/ppa/ubuntu noble/main amd64 Packages [2992 B]
job-core	Install GH CLI	2026-02-18T13:36:36.7408376Z Get:12 http://security.ubuntu.com/ubuntu noble-security/main amd64 Packages [1843 kB]
job-core	Install GH CLI	2026-02-18T13:36:36.7486263Z Get:13 http://archive.ubuntu.com/ubuntu noble/main amd64 Packages [1808 kB]
job-core	Install GH CLI	2026-02-18T13:36:36.7618011Z Get:14 http://archive.ubuntu.com/ubuntu noble-updates/multiverse amd64 Packages [38.1 kB]
job-core	Install GH CLI	2026-02-18T13:36:36.7621217Z Get:15 http://archive.ubuntu.com/ubuntu noble-updates/restricted amd64 Packages [3360 kB]
job-core	Install GH CLI	2026-02-18T13:36:36.7975155Z Get:16 http://archive.ubuntu.com/ubuntu noble-updates/universe amd64 Packages [2015 kB]
job-core	Install GH CLI	2026-02-18T13:36:36.8147978Z Get:17 http://archive.ubuntu.com/ubuntu noble-updates/main amd64 Packages [2234 kB]
job-core	Install GH CLI	2026-02-18T13:36:36.8340943Z Get:18 http://archive.ubuntu.com/ubuntu noble-backports/main amd64 Packages [49.5 kB]
job-core	Install GH CLI	2026-02-18T13:36:36.8345662Z Get:19 http://archive.ubuntu.com/ubuntu noble-backports/universe amd64 Packages [34.6 kB]
job-core	Install GH CLI	2026-02-18T13:36:37.0297112Z Get:20 http://security.ubuntu.com/ubuntu noble-security/multiverse amd64 Packages [34.8 kB]
job-core	Install GH CLI	2026-02-18T13:36:37.0302994Z Get:21 http://security.ubuntu.com/ubuntu noble-security/restricted amd64 Packages [3157 kB]
job-core	Install GH CLI	2026-02-18T13:36:37.1118207Z Get:22 http://security.ubuntu.com/ubuntu noble-security/universe amd64 Packages [1205 kB]
job-core	Install GH CLI	2026-02-18T13:36:38.2636434Z Fetched 36.2 MB in 2s (16.1 MB/s)
job-core	Install GH CLI	2026-02-18T13:36:39.1842021Z Reading package lists...
job-core	Install GH CLI	2026-02-18T13:36:40.1561702Z Reading package lists...
job-core	Install GH CLI	2026-02-18T13:36:40.3794369Z Building dependency tree...
job-core	Install GH CLI	2026-02-18T13:36:40.3794973Z Reading state information...
job-core	Install GH CLI	2026-02-18T13:36:40.7427270Z The following NEW packages will be installed:
job-core	Install GH CLI	2026-02-18T13:36:40.7447643Z   gh
job-core	Install GH CLI	2026-02-18T13:36:40.8711357Z 0 upgraded, 1 newly installed, 0 to remove and 25 not upgraded.
job-core	Install GH CLI	2026-02-18T13:36:40.8712835Z Need to get 13.7 MB of archives.
job-core	Install GH CLI	2026-02-18T13:36:40.8713570Z After this operation, 37.9 MB of additional disk space will be used.
job-core	Install GH CLI	2026-02-18T13:36:40.8715872Z Get:1 https://cli.github.com/packages stable/main amd64 gh amd64 2.86.0 [13.7 MB]
job-core	Install GH CLI	2026-02-18T13:36:41.6072853Z debconf: delaying package configuration, since apt-utils is not installed
job-core	Install GH CLI	2026-02-18T13:36:41.6491292Z Fetched 13.7 MB in 1s (19.7 MB/s)
job-core	Install GH CLI	2026-02-18T13:36:41.6774016Z Selecting previously unselected package gh.
job-core	Install GH CLI	2026-02-18T13:36:41.6810459Z (Reading database ... 
job-core	Install GH CLI	2026-02-18T13:36:41.6811320Z (Reading database ... 5%
job-core	Install GH CLI	2026-02-18T13:36:41.6811603Z (Reading database ... 10%
job-core	Install GH CLI	2026-02-18T13:36:41.6811845Z (Reading database ... 15%
job-core	Install GH CLI	2026-02-18T13:36:41.6812084Z (Reading database ... 20%
job-core	Install GH CLI	2026-02-18T13:36:41.6812321Z (Reading database ... 25%
job-core	Install GH CLI	2026-02-18T13:36:41.6812557Z (Reading database ... 30%
job-core	Install GH CLI	2026-02-18T13:36:41.6812790Z (Reading database ... 35%
job-core	Install GH CLI	2026-02-18T13:36:41.6813024Z (Reading database ... 40%
job-core	Install GH CLI	2026-02-18T13:36:41.6813274Z (Reading database ... 45%
job-core	Install GH CLI	2026-02-18T13:36:41.6813506Z (Reading database ... 50%
job-core	Install GH CLI	2026-02-18T13:36:41.6813742Z (Reading database ... 55%
job-core	Install GH CLI	2026-02-18T13:36:41.6813975Z (Reading database ... 60%
job-core	Install GH CLI	2026-02-18T13:36:41.6817985Z (Reading database ... 65%
job-core	Install GH CLI	2026-02-18T13:36:41.6838857Z (Reading database ... 70%
job-core	Install GH CLI	2026-02-18T13:36:41.6844051Z (Reading database ... 75%
job-core	Install GH CLI	2026-02-18T13:36:41.6857135Z (Reading database ... 80%
job-core	Install GH CLI	2026-02-18T13:36:41.6861781Z (Reading database ... 85%
job-core	Install GH CLI	2026-02-18T13:36:41.6871443Z (Reading database ... 90%
job-core	Install GH CLI	2026-02-18T13:36:41.6890406Z (Reading database ... 95%
job-core	Install GH CLI	2026-02-18T13:36:41.6891109Z (Reading database ... 100%
job-core	Install GH CLI	2026-02-18T13:36:41.6891510Z (Reading database ... 14385 files and directories currently installed.)
job-core	Install GH CLI	2026-02-18T13:36:41.6898388Z Preparing to unpack .../archives/gh_2.86.0_amd64.deb ...
job-core	Install GH CLI	2026-02-18T13:36:41.6929435Z Unpacking gh (2.86.0) ...
job-core	Install GH CLI	2026-02-18T13:36:41.9295231Z Setting up gh (2.86.0) ...
job-core	Set up Python	Ôªø2026-02-18T13:36:42.0063561Z ##[group]Run actions/setup-python@v4
job-core	Set up Python	2026-02-18T13:36:42.0064115Z with:
job-core	Set up Python	2026-02-18T13:36:42.0064446Z   python-version: 3.9
job-core	Set up Python	2026-02-18T13:36:42.0065809Z   check-latest: false
job-core	Set up Python	2026-02-18T13:36:42.0066419Z   token: ***
job-core	Set up Python	2026-02-18T13:36:42.0066777Z   update-environment: true
job-core	Set up Python	2026-02-18T13:36:42.0067206Z   allow-prereleases: false
job-core	Set up Python	2026-02-18T13:36:42.0067588Z env:
job-core	Set up Python	2026-02-18T13:36:42.0067887Z   PYTHON_VERSION: 3.9
job-core	Set up Python	2026-02-18T13:36:42.0069049Z   MONGO_SUPERUSER_CONNECTION: ***
job-core	Set up Python	2026-02-18T13:36:42.0069694Z   MONGO_NEW_PASS: ***
job-core	Set up Python	2026-02-18T13:36:42.0070268Z   MONGO_SCRIPT_CREATE: devops/core/mongo/scripts/mongodb_status_report.py
job-core	Set up Python	2026-02-18T13:36:42.0070937Z   KAOS_CODE: 22141932538
job-core	Set up Python	2026-02-18T13:36:42.0071323Z   REPORT_SCAN: audit/
job-core	Set up Python	2026-02-18T13:36:42.0071706Z   REPORT_PATH: audit/mongodb/
job-core	Set up Python	2026-02-18T13:36:42.0072136Z   REPORT_FILENAME: 22141932538.json
job-core	Set up Python	2026-02-18T13:36:42.0072614Z   KAOS_MODULE: [Ka0s] Status MongDB Report
job-core	Set up Python	2026-02-18T13:36:42.0073086Z   GITHUB_OUTPUT: 
job-core	Set up Python	2026-02-18T13:36:42.0073430Z ##[endgroup]
job-core	Set up Python	2026-02-18T13:36:42.2156918Z ##[group]Installed versions
job-core	Set up Python	2026-02-18T13:36:42.2171100Z Version 3.9 was not found in the local cache
job-core	Set up Python	2026-02-18T13:36:43.6296355Z Version 3.9 is available for downloading
job-core	Set up Python	2026-02-18T13:36:43.6297103Z Download from "https://github.com/actions/python-versions/releases/download/3.9.25-19039189640/python-3.9.25-linux-24.04-x64.tar.gz"
job-core	Set up Python	2026-02-18T13:36:45.5280952Z Extract downloaded archive
job-core	Set up Python	2026-02-18T13:36:45.5427625Z [command]/usr/bin/tar xz --warning=no-unknown-keyword -C /home/runner/_work/_temp/8b6319b1-8af5-4c68-8c30-dd4ea18e35e2 -f /home/runner/_work/_temp/fa77704e-47cc-4a1d-a1c1-593588b2509b
job-core	Set up Python	2026-02-18T13:36:47.0766990Z Execute installation script
job-core	Set up Python	2026-02-18T13:36:47.0880254Z Check if Python hostedtoolcache folder exist...
job-core	Set up Python	2026-02-18T13:36:47.0880806Z Creating Python hostedtoolcache folder...
job-core	Set up Python	2026-02-18T13:36:47.0894621Z Create Python 3.9.25 folder
job-core	Set up Python	2026-02-18T13:36:47.0910544Z Copy Python binaries to hostedtoolcache folder
job-core	Set up Python	2026-02-18T13:36:48.0319382Z Create additional symlinks (Required for the UsePythonVersion Azure Pipelines task and the setup-python GitHub Action)
job-core	Set up Python	2026-02-18T13:36:48.0367018Z Upgrading pip...
job-core	Set up Python	2026-02-18T13:36:50.0372659Z Looking in links: /tmp/tmp147o6mhl
job-core	Set up Python	2026-02-18T13:36:50.0377821Z Requirement already satisfied: setuptools in /home/runner/_work/_tool/Python/3.9.25/x64/lib/python3.9/site-packages (79.0.1)
job-core	Set up Python	2026-02-18T13:36:50.0382946Z Requirement already satisfied: pip in /home/runner/_work/_tool/Python/3.9.25/x64/lib/python3.9/site-packages (23.0.1)
job-core	Set up Python	2026-02-18T13:36:51.3090385Z Collecting pip
job-core	Set up Python	2026-02-18T13:36:51.3634269Z Downloading pip-26.0.1-py3-none-any.whl (1.8 MB)
job-core	Set up Python	2026-02-18T13:36:51.4145453Z ‚îÅ‚îÅ‚îÅ‚îÅ‚îÅ‚îÅ‚îÅ‚îÅ‚îÅ‚îÅ‚îÅ‚îÅ‚îÅ‚îÅ‚îÅ‚îÅ‚îÅ‚îÅ‚îÅ‚îÅ‚îÅ‚îÅ‚îÅ‚îÅ‚îÅ‚îÅ‚îÅ‚îÅ‚îÅ‚îÅ‚îÅ‚îÅ‚îÅ‚îÅ‚îÅ‚îÅ‚îÅ‚îÅ‚îÅ‚îÅ 1.8/1.8 MB 37.8 MB/s eta 0:00:00
job-core	Set up Python	2026-02-18T13:36:51.4145836Z 
job-core	Set up Python	2026-02-18T13:36:51.4824344Z Installing collected packages: pip
job-core	Set up Python	2026-02-18T13:36:51.4824983Z Attempting uninstall: pip
job-core	Set up Python	2026-02-18T13:36:51.4832453Z Found existing installation: pip 23.0.1
job-core	Set up Python	2026-02-18T13:36:51.7930101Z Uninstalling pip-23.0.1:
job-core	Set up Python	2026-02-18T13:36:51.8030433Z Successfully uninstalled pip-23.0.1
job-core	Set up Python	2026-02-18T13:36:52.6827342Z Successfully installed pip-26.0.1
job-core	Set up Python	2026-02-18T13:36:52.7648514Z Create complete file
job-core	Set up Python	2026-02-18T13:36:52.7693756Z Successfully set up CPython (3.9.25)
job-core	Set up Python	2026-02-18T13:36:52.7695010Z ##[endgroup]
job-core	Install dependencies	Ôªø2026-02-18T13:36:52.7920708Z ##[group]Run pip install pymongo
job-core	Install dependencies	2026-02-18T13:36:52.7921054Z [36;1mpip install pymongo[0m
job-core	Install dependencies	2026-02-18T13:36:52.7937934Z shell: /usr/bin/bash -e {0}
job-core	Install dependencies	2026-02-18T13:36:52.7938206Z env:
job-core	Install dependencies	2026-02-18T13:36:52.7938405Z   PYTHON_VERSION: 3.9
job-core	Install dependencies	2026-02-18T13:36:52.7939184Z   MONGO_SUPERUSER_CONNECTION: ***
job-core	Install dependencies	2026-02-18T13:36:52.7939577Z   MONGO_NEW_PASS: ***
job-core	Install dependencies	2026-02-18T13:36:52.7939917Z   MONGO_SCRIPT_CREATE: devops/core/mongo/scripts/mongodb_status_report.py
job-core	Install dependencies	2026-02-18T13:36:52.7940315Z   KAOS_CODE: 22141932538
job-core	Install dependencies	2026-02-18T13:36:52.7940547Z   REPORT_SCAN: audit/
job-core	Install dependencies	2026-02-18T13:36:52.7940775Z   REPORT_PATH: audit/mongodb/
job-core	Install dependencies	2026-02-18T13:36:52.7941024Z   REPORT_FILENAME: 22141932538.json
job-core	Install dependencies	2026-02-18T13:36:52.7941304Z   KAOS_MODULE: [Ka0s] Status MongDB Report
job-core	Install dependencies	2026-02-18T13:36:52.7941596Z   GITHUB_OUTPUT: 
job-core	Install dependencies	2026-02-18T13:36:52.7941886Z   pythonLocation: /home/runner/_work/_tool/Python/3.9.25/x64
job-core	Install dependencies	2026-02-18T13:36:52.7942360Z   PKG_CONFIG_PATH: /home/runner/_work/_tool/Python/3.9.25/x64/lib/pkgconfig
job-core	Install dependencies	2026-02-18T13:36:52.7942828Z   Python_ROOT_DIR: /home/runner/_work/_tool/Python/3.9.25/x64
job-core	Install dependencies	2026-02-18T13:36:52.7943271Z   Python2_ROOT_DIR: /home/runner/_work/_tool/Python/3.9.25/x64
job-core	Install dependencies	2026-02-18T13:36:52.7943687Z   Python3_ROOT_DIR: /home/runner/_work/_tool/Python/3.9.25/x64
job-core	Install dependencies	2026-02-18T13:36:52.7944116Z   LD_LIBRARY_PATH: /home/runner/_work/_tool/Python/3.9.25/x64/lib
job-core	Install dependencies	2026-02-18T13:36:52.7944465Z ##[endgroup]
job-core	Install dependencies	2026-02-18T13:36:53.6539543Z Collecting pymongo
job-core	Install dependencies	2026-02-18T13:36:53.7142852Z   Downloading pymongo-4.16.0-cp39-cp39-manylinux2014_x86_64.manylinux_2_17_x86_64.manylinux_2_28_x86_64.whl.metadata (10.0 kB)
job-core	Install dependencies	2026-02-18T13:36:53.7433470Z Collecting dnspython<3.0.0,>=2.6.1 (from pymongo)
job-core	Install dependencies	2026-02-18T13:36:53.7487689Z   Downloading dnspython-2.7.0-py3-none-any.whl.metadata (5.8 kB)
job-core	Install dependencies	2026-02-18T13:36:53.7644182Z Downloading pymongo-4.16.0-cp39-cp39-manylinux2014_x86_64.manylinux_2_17_x86_64.manylinux_2_28_x86_64.whl (947 kB)
job-core	Install dependencies	2026-02-18T13:36:53.8049188Z    ‚îÅ‚îÅ‚îÅ‚îÅ‚îÅ‚îÅ‚îÅ‚îÅ‚îÅ‚îÅ‚îÅ‚îÅ‚îÅ‚îÅ‚îÅ‚îÅ‚îÅ‚îÅ‚îÅ‚îÅ‚îÅ‚îÅ‚îÅ‚îÅ‚îÅ‚îÅ‚îÅ‚îÅ‚îÅ‚îÅ‚îÅ‚îÅ‚îÅ‚îÅ‚îÅ‚îÅ‚îÅ‚îÅ‚îÅ‚îÅ 947.2/947.2 kB 32.9 MB/s  0:00:00
job-core	Install dependencies	2026-02-18T13:36:53.8112224Z Downloading dnspython-2.7.0-py3-none-any.whl (313 kB)
job-core	Install dependencies	2026-02-18T13:36:53.8601494Z Installing collected packages: dnspython, pymongo
job-core	Install dependencies	2026-02-18T13:36:54.4096612Z 
job-core	Install dependencies	2026-02-18T13:36:54.4116544Z Successfully installed dnspython-2.7.0 pymongo-4.16.0
job-core	Create database MongoDB	Ôªø2026-02-18T13:36:54.6381953Z ##[group]Run python devops/core/mongo/scripts/mongodb_status_report.py
job-core	Create database MongoDB	2026-02-18T13:36:54.6382532Z [36;1mpython devops/core/mongo/scripts/mongodb_status_report.py[0m
job-core	Create database MongoDB	2026-02-18T13:36:54.6382999Z [36;1mecho "Downloading files to MongoDB update repository ..."[0m
job-core	Create database MongoDB	2026-02-18T13:36:54.6383470Z [36;1mgit config --global user.name "***"[0m
job-core	Create database MongoDB	2026-02-18T13:36:54.6383824Z [36;1mgit config --global user.email "***"[0m
job-core	Create database MongoDB	2026-02-18T13:36:54.6384121Z [36;1mgit pull --rebase[0m
job-core	Create database MongoDB	2026-02-18T13:36:54.6385734Z [36;1mecho "Uploading files to MongoDB update repository ..."[0m
job-core	Create database MongoDB	2026-02-18T13:36:54.6386120Z [36;1mgit add audit/mongodb/[0m
job-core	Create database MongoDB	2026-02-18T13:36:54.6386409Z [36;1mif ! git diff --staged --quiet; then[0m
job-core	Create database MongoDB	2026-02-18T13:36:54.6386885Z [36;1m   git commit -m "swarm-runners] Uploading files to MongoDB update repository ..."[0m
job-core	Create database MongoDB	2026-02-18T13:36:54.6387424Z [36;1m   git push origin refs/heads/main --force-with-lease[0m
job-core	Create database MongoDB	2026-02-18T13:36:54.6387764Z [36;1m fi[0m
job-core	Create database MongoDB	2026-02-18T13:36:54.6401241Z shell: /usr/bin/bash -e {0}
job-core	Create database MongoDB	2026-02-18T13:36:54.6401677Z env:
job-core	Create database MongoDB	2026-02-18T13:36:54.6401876Z   PYTHON_VERSION: 3.9
job-core	Create database MongoDB	2026-02-18T13:36:54.6402634Z   MONGO_SUPERUSER_CONNECTION: ***
job-core	Create database MongoDB	2026-02-18T13:36:54.6403028Z   MONGO_NEW_PASS: ***
job-core	Create database MongoDB	2026-02-18T13:36:54.6403370Z   MONGO_SCRIPT_CREATE: devops/core/mongo/scripts/mongodb_status_report.py
job-core	Create database MongoDB	2026-02-18T13:36:54.6403775Z   KAOS_CODE: 22141932538
job-core	Create database MongoDB	2026-02-18T13:36:54.6404007Z   REPORT_SCAN: audit/
job-core	Create database MongoDB	2026-02-18T13:36:54.6404235Z   REPORT_PATH: audit/mongodb/
job-core	Create database MongoDB	2026-02-18T13:36:54.6404791Z   REPORT_FILENAME: 22141932538.json
job-core	Create database MongoDB	2026-02-18T13:36:54.6405393Z   KAOS_MODULE: [Ka0s] Status MongDB Report
job-core	Create database MongoDB	2026-02-18T13:36:54.6405656Z   GITHUB_OUTPUT: 
job-core	Create database MongoDB	2026-02-18T13:36:54.6405923Z   pythonLocation: /home/runner/_work/_tool/Python/3.9.25/x64
job-core	Create database MongoDB	2026-02-18T13:36:54.6406351Z   PKG_CONFIG_PATH: /home/runner/_work/_tool/Python/3.9.25/x64/lib/pkgconfig
job-core	Create database MongoDB	2026-02-18T13:36:54.6406781Z   Python_ROOT_DIR: /home/runner/_work/_tool/Python/3.9.25/x64
job-core	Create database MongoDB	2026-02-18T13:36:54.6407173Z   Python2_ROOT_DIR: /home/runner/_work/_tool/Python/3.9.25/x64
job-core	Create database MongoDB	2026-02-18T13:36:54.6407568Z   Python3_ROOT_DIR: /home/runner/_work/_tool/Python/3.9.25/x64
job-core	Create database MongoDB	2026-02-18T13:36:54.6407962Z   LD_LIBRARY_PATH: /home/runner/_work/_tool/Python/3.9.25/x64/lib
job-core	Create database MongoDB	2026-02-18T13:36:54.6408282Z ##[endgroup]
job-core	Create database MongoDB	2026-02-18T13:36:55.1194409Z ‚úÖ Reporte generado exitosamente: audit/mongodb/22141932538.json
job-core	Create database MongoDB	2026-02-18T13:36:55.3562139Z Downloading files to MongoDB update repository ...
job-core	Create database MongoDB	2026-02-18T13:36:56.2603035Z Already up to date.
job-core	Create database MongoDB	2026-02-18T13:36:56.2617617Z Uploading files to MongoDB update repository ...
job-core	Create database MongoDB	2026-02-18T13:36:56.3280978Z [main d6419eaf6] swarm-runners] Uploading files to MongoDB update repository ...
job-core	Create database MongoDB	2026-02-18T13:36:56.3281624Z  1 file changed, 32350 insertions(+)
job-core	Create database MongoDB	2026-02-18T13:36:56.3282051Z  create mode 100644 audit/mongodb/22141932538.json
job-core	Create database MongoDB	2026-02-18T13:36:57.4191772Z To https://github.com/Ka0s-Klaus/ka0s
job-core	Create database MongoDB	2026-02-18T13:36:57.4193360Z    5ff2f2a65..d6419eaf6  main -> main
job-core	Upload report	Ôªø2026-02-18T13:36:57.4667114Z ##[group]Run actions/upload-artifact@v4
job-core	Upload report	2026-02-18T13:36:57.4667702Z with:
job-core	Upload report	2026-02-18T13:36:57.4668056Z   name: mongo-setup-report
job-core	Upload report	2026-02-18T13:36:57.4668496Z   path: audit/mongodb/
job-core	Upload report	2026-02-18T13:36:57.4668898Z   if-no-files-found: warn
job-core	Upload report	2026-02-18T13:36:57.4669326Z   compression-level: 6
job-core	Upload report	2026-02-18T13:36:57.4669721Z   overwrite: false
job-core	Upload report	2026-02-18T13:36:57.4670116Z   include-hidden-files: false
job-core	Upload report	2026-02-18T13:36:57.4670537Z env:
job-core	Upload report	2026-02-18T13:36:57.4670865Z   PYTHON_VERSION: 3.9
job-core	Upload report	2026-02-18T13:36:57.4672167Z   MONGO_SUPERUSER_CONNECTION: ***
job-core	Upload report	2026-02-18T13:36:57.4672874Z   MONGO_NEW_PASS: ***
job-core	Upload report	2026-02-18T13:36:57.4673480Z   MONGO_SCRIPT_CREATE: devops/core/mongo/scripts/mongodb_status_report.py
job-core	Upload report	2026-02-18T13:36:57.4674197Z   KAOS_CODE: 22141932538
job-core	Upload report	2026-02-18T13:36:57.4674823Z   REPORT_SCAN: audit/
job-core	Upload report	2026-02-18T13:36:57.4675239Z   REPORT_PATH: audit/mongodb/
job-core	Upload report	2026-02-18T13:36:57.4675691Z   REPORT_FILENAME: 22141932538.json
job-core	Upload report	2026-02-18T13:36:57.4676194Z   KAOS_MODULE: [Ka0s] Status MongDB Report
job-core	Upload report	2026-02-18T13:36:57.4676749Z   GITHUB_OUTPUT: 
job-core	Upload report	2026-02-18T13:36:57.4677259Z   pythonLocation: /home/runner/_work/_tool/Python/3.9.25/x64
job-core	Upload report	2026-02-18T13:36:57.4678090Z   PKG_CONFIG_PATH: /home/runner/_work/_tool/Python/3.9.25/x64/lib/pkgconfig
job-core	Upload report	2026-02-18T13:36:57.4678923Z   Python_ROOT_DIR: /home/runner/_work/_tool/Python/3.9.25/x64
job-core	Upload report	2026-02-18T13:36:57.4679674Z   Python2_ROOT_DIR: /home/runner/_work/_tool/Python/3.9.25/x64
job-core	Upload report	2026-02-18T13:36:57.4680419Z   Python3_ROOT_DIR: /home/runner/_work/_tool/Python/3.9.25/x64
job-core	Upload report	2026-02-18T13:36:57.4681174Z   LD_LIBRARY_PATH: /home/runner/_work/_tool/Python/3.9.25/x64/lib
job-core	Upload report	2026-02-18T13:36:57.4682361Z ##[endgroup]
job-core	Upload report	2026-02-18T13:36:57.7238044Z With the provided path, there will be 2 files uploaded
job-core	Upload report	2026-02-18T13:36:57.7243458Z Artifact name is valid!
job-core	Upload report	2026-02-18T13:36:57.7244162Z Root directory input is valid!
job-core	Upload report	2026-02-18T13:36:58.1409160Z Beginning upload of artifact content to blob storage
job-core	Upload report	2026-02-18T13:36:58.9104698Z Uploaded bytes 124013
job-core	Upload report	2026-02-18T13:36:59.0241968Z Finished uploading artifact content to blob storage!
job-core	Upload report	2026-02-18T13:36:59.0244330Z SHA256 digest of uploaded artifact zip is c06aee2d468f2048a320780b75665267c655ca0f09c9e24258a950410fb3ea67
job-core	Upload report	2026-02-18T13:36:59.0246545Z Finalizing artifact upload
job-core	Upload report	2026-02-18T13:36:59.3846658Z Artifact mongo-setup-report.zip successfully finalized. Artifact ID 5555996689
job-core	Upload report	2026-02-18T13:36:59.3850050Z Artifact mongo-setup-report has been successfully uploaded! Final size is 124013 bytes. Artifact ID is 5555996689
job-core	Upload report	2026-02-18T13:36:59.3879514Z Artifact download URL: https://github.com/Ka0s-Klaus/ka0s/actions/runs/22141932538/artifacts/5555996689
job-core	Post Set up Python	Ôªø2026-02-18T13:36:59.4411682Z Post job cleanup.
job-core	Post Checkout code	Ôªø2026-02-18T13:36:59.6469410Z Post job cleanup.
job-core	Post Checkout code	2026-02-18T13:36:59.7578955Z [command]/usr/bin/git version
job-core	Post Checkout code	2026-02-18T13:36:59.7629133Z git version 2.52.0
job-core	Post Checkout code	2026-02-18T13:36:59.7677756Z Copying '/home/runner/.gitconfig' to '/home/runner/_work/_temp/141d9989-6d54-4001-ac3c-6bc9173be8ab/.gitconfig'
job-core	Post Checkout code	2026-02-18T13:36:59.7691117Z Temporarily overriding HOME='/home/runner/_work/_temp/141d9989-6d54-4001-ac3c-6bc9173be8ab' before making global git config changes
job-core	Post Checkout code	2026-02-18T13:36:59.7692555Z Adding repository directory to the temporary git global config as a safe directory
job-core	Post Checkout code	2026-02-18T13:36:59.7697280Z [command]/usr/bin/git config --global --add safe.directory /home/runner/_work/ka0s/ka0s
job-core	Post Checkout code	2026-02-18T13:36:59.7755538Z [command]/usr/bin/git config --local --name-only --get-regexp core\.sshCommand
job-core	Post Checkout code	2026-02-18T13:36:59.7815964Z [command]/usr/bin/git submodule foreach --recursive sh -c "git config --local --name-only --get-regexp 'core\.sshCommand' && git config --local --unset-all 'core.sshCommand' || :"
job-core	Post Checkout code	2026-02-18T13:36:59.8183701Z [command]/usr/bin/git config --local --name-only --get-regexp http\.https\:\/\/github\.com\/\.extraheader
job-core	Post Checkout code	2026-02-18T13:36:59.8216000Z http.https://github.com/.extraheader
job-core	Post Checkout code	2026-02-18T13:36:59.8231402Z [command]/usr/bin/git config --local --unset-all http.https://github.com/.extraheader
job-core	Post Checkout code	2026-02-18T13:36:59.8277720Z [command]/usr/bin/git submodule foreach --recursive sh -c "git config --local --name-only --get-regexp 'http\.https\:\/\/github\.com\/\.extraheader' && git config --local --unset-all 'http.https://github.com/.extraheader' || :"
job-core	Post Checkout code	2026-02-18T13:36:59.8622944Z [command]/usr/bin/git config --local --name-only --get-regexp ^includeIf\.gitdir:
job-core	Post Checkout code	2026-02-18T13:36:59.8669025Z [command]/usr/bin/git submodule foreach --recursive git config --local --show-origin --name-only --get-regexp remote.origin.url
job-core	Complete job	Ôªø2026-02-18T13:36:59.9170543Z Cleaning up orphan processes
handle-success	Set up job	Ôªø2026-02-18T13:37:13.3850967Z Current runner version: '2.331.0'
handle-success	Set up job	2026-02-18T13:37:13.3860302Z Runner name: 'swarm-runners-scaleset-hkss5-runner-vglxq'
handle-success	Set up job	2026-02-18T13:37:13.3861427Z Runner group name: 'Default'
handle-success	Set up job	2026-02-18T13:37:13.3862515Z Machine name: 'swarm-runners-scaleset-hkss5-runner-vglxq'
handle-success	Set up job	2026-02-18T13:37:13.3866728Z ##[group]GITHUB_TOKEN Permissions
handle-success	Set up job	2026-02-18T13:37:13.3869925Z Actions: write
handle-success	Set up job	2026-02-18T13:37:13.3870548Z Contents: write
handle-success	Set up job	2026-02-18T13:37:13.3871038Z Issues: write
handle-success	Set up job	2026-02-18T13:37:13.3871753Z Metadata: read
handle-success	Set up job	2026-02-18T13:37:13.3872324Z PullRequests: write
handle-success	Set up job	2026-02-18T13:37:13.3872971Z ##[endgroup]
handle-success	Set up job	2026-02-18T13:37:13.3875897Z Secret source: Actions
handle-success	Set up job	2026-02-18T13:37:13.3876675Z Prepare workflow directory
handle-success	Set up job	2026-02-18T13:37:13.4489705Z Prepare all required actions
handle-success	Set up job	2026-02-18T13:37:13.4530257Z Getting action download info
handle-success	Set up job	2026-02-18T13:37:14.0751925Z Download action repository 'actions/checkout@v4' (SHA:34e114876b0b11c390a56381ad16ebd13914f8d5)
handle-success	Set up job	2026-02-18T13:37:15.0604469Z Complete job name: handle-success
handle-success	Checkout code	Ôªø2026-02-18T13:37:15.1243304Z ##[group]Run actions/checkout@v4
handle-success	Checkout code	2026-02-18T13:37:15.1244334Z with:
handle-success	Checkout code	2026-02-18T13:37:15.1245524Z   fetch-depth: 0
handle-success	Checkout code	2026-02-18T13:37:15.1246172Z   repository: Ka0s-Klaus/ka0s
handle-success	Checkout code	2026-02-18T13:37:15.1247008Z   token: ***
handle-success	Checkout code	2026-02-18T13:37:15.1247490Z   ssh-strict: true
handle-success	Checkout code	2026-02-18T13:37:15.1247994Z   ssh-user: git
handle-success	Checkout code	2026-02-18T13:37:15.1248489Z   persist-credentials: true
handle-success	Checkout code	2026-02-18T13:37:15.1249306Z   clean: true
handle-success	Checkout code	2026-02-18T13:37:15.1249799Z   sparse-checkout-cone-mode: true
handle-success	Checkout code	2026-02-18T13:37:15.1250680Z   fetch-tags: false
handle-success	Checkout code	2026-02-18T13:37:15.1251302Z   show-progress: true
handle-success	Checkout code	2026-02-18T13:37:15.1251922Z   lfs: false
handle-success	Checkout code	2026-02-18T13:37:15.1252656Z   submodules: false
handle-success	Checkout code	2026-02-18T13:37:15.1253318Z   set-safe-directory: true
handle-success	Checkout code	2026-02-18T13:37:15.1254130Z env:
handle-success	Checkout code	2026-02-18T13:37:15.1254911Z   PYTHON_VERSION: 3.9
handle-success	Checkout code	2026-02-18T13:37:15.1256711Z   MONGO_SUPERUSER_CONNECTION: ***
handle-success	Checkout code	2026-02-18T13:37:15.1257545Z   MONGO_NEW_PASS: ***
handle-success	Checkout code	2026-02-18T13:37:15.1258307Z   MONGO_SCRIPT_CREATE: devops/core/mongo/scripts/mongodb_status_report.py
handle-success	Checkout code	2026-02-18T13:37:15.1259244Z   KAOS_CODE: 22141932538
handle-success	Checkout code	2026-02-18T13:37:15.1259939Z   REPORT_SCAN: audit/
handle-success	Checkout code	2026-02-18T13:37:15.1260607Z   REPORT_PATH: audit/mongodb/
handle-success	Checkout code	2026-02-18T13:37:15.1261206Z   REPORT_FILENAME: 22141932538.json
handle-success	Checkout code	2026-02-18T13:37:15.1261851Z   KAOS_MODULE: [Ka0s] Status MongDB Report
handle-success	Checkout code	2026-02-18T13:37:15.1262487Z ##[endgroup]
handle-success	Checkout code	2026-02-18T13:37:15.2529792Z Syncing repository: Ka0s-Klaus/ka0s
handle-success	Checkout code	2026-02-18T13:37:15.2532453Z ##[group]Getting Git version info
handle-success	Checkout code	2026-02-18T13:37:15.2533385Z Working directory is '/home/runner/_work/ka0s/ka0s'
handle-success	Checkout code	2026-02-18T13:37:15.2534799Z [command]/usr/bin/git version
handle-success	Checkout code	2026-02-18T13:37:15.2535715Z git version 2.52.0
handle-success	Checkout code	2026-02-18T13:37:15.2560789Z ##[endgroup]
handle-success	Checkout code	2026-02-18T13:37:15.2579236Z Temporarily overriding HOME='/home/runner/_work/_temp/595c93a3-c148-4fcf-ba97-f1d97b2a8a70' before making global git config changes
handle-success	Checkout code	2026-02-18T13:37:15.2580945Z Adding repository directory to the temporary git global config as a safe directory
handle-success	Checkout code	2026-02-18T13:37:15.2583586Z [command]/usr/bin/git config --global --add safe.directory /home/runner/_work/ka0s/ka0s
handle-success	Checkout code	2026-02-18T13:37:15.2632094Z Deleting the contents of '/home/runner/_work/ka0s/ka0s'
handle-success	Checkout code	2026-02-18T13:37:15.2638060Z ##[group]Initializing the repository
handle-success	Checkout code	2026-02-18T13:37:15.2664315Z [command]/usr/bin/git init /home/runner/_work/ka0s/ka0s
handle-success	Checkout code	2026-02-18T13:37:15.2701836Z hint: Using 'master' as the name for the initial branch. This default branch name
handle-success	Checkout code	2026-02-18T13:37:15.2703264Z hint: will change to "main" in Git 3.0. To configure the initial branch name
handle-success	Checkout code	2026-02-18T13:37:15.2704405Z hint: to use in all of your new repositories, which will suppress this warning,
handle-success	Checkout code	2026-02-18T13:37:15.2709259Z hint: call:
handle-success	Checkout code	2026-02-18T13:37:15.2709884Z hint:
handle-success	Checkout code	2026-02-18T13:37:15.2710603Z hint: 	git config --global init.defaultBranch <name>
handle-success	Checkout code	2026-02-18T13:37:15.2711287Z hint:
handle-success	Checkout code	2026-02-18T13:37:15.2711945Z hint: Names commonly chosen instead of 'master' are 'main', 'trunk' and
handle-success	Checkout code	2026-02-18T13:37:15.2713009Z hint: 'development'. The just-created branch can be renamed via this command:
handle-success	Checkout code	2026-02-18T13:37:15.2720391Z hint:
handle-success	Checkout code	2026-02-18T13:37:15.2720872Z hint: 	git branch -m <name>
handle-success	Checkout code	2026-02-18T13:37:15.2721400Z hint:
handle-success	Checkout code	2026-02-18T13:37:15.2722120Z hint: Disable this message with "git config set advice.defaultBranchName false"
handle-success	Checkout code	2026-02-18T13:37:15.2723278Z Initialized empty Git repository in /home/runner/_work/ka0s/ka0s/.git/
handle-success	Checkout code	2026-02-18T13:37:15.2725687Z [command]/usr/bin/git remote add origin https://github.com/Ka0s-Klaus/ka0s
handle-success	Checkout code	2026-02-18T13:37:15.2767426Z ##[endgroup]
handle-success	Checkout code	2026-02-18T13:37:15.2769987Z ##[group]Disabling automatic garbage collection
handle-success	Checkout code	2026-02-18T13:37:15.2771512Z [command]/usr/bin/git config --local gc.auto 0
handle-success	Checkout code	2026-02-18T13:37:15.2816115Z ##[endgroup]
handle-success	Checkout code	2026-02-18T13:37:15.2817152Z ##[group]Setting up auth
handle-success	Checkout code	2026-02-18T13:37:15.2823841Z [command]/usr/bin/git config --local --name-only --get-regexp core\.sshCommand
handle-success	Checkout code	2026-02-18T13:37:15.2868259Z [command]/usr/bin/git submodule foreach --recursive sh -c "git config --local --name-only --get-regexp 'core\.sshCommand' && git config --local --unset-all 'core.sshCommand' || :"
handle-success	Checkout code	2026-02-18T13:37:15.3205294Z [command]/usr/bin/git config --local --name-only --get-regexp http\.https\:\/\/github\.com\/\.extraheader
handle-success	Checkout code	2026-02-18T13:37:15.3246743Z [command]/usr/bin/git submodule foreach --recursive sh -c "git config --local --name-only --get-regexp 'http\.https\:\/\/github\.com\/\.extraheader' && git config --local --unset-all 'http.https://github.com/.extraheader' || :"
handle-success	Checkout code	2026-02-18T13:37:15.3576162Z [command]/usr/bin/git config --local --name-only --get-regexp ^includeIf\.gitdir:
handle-success	Checkout code	2026-02-18T13:37:15.3621017Z [command]/usr/bin/git submodule foreach --recursive git config --local --show-origin --name-only --get-regexp remote.origin.url
handle-success	Checkout code	2026-02-18T13:37:15.3965763Z [command]/usr/bin/git config --local http.https://github.com/.extraheader AUTHORIZATION: basic ***
handle-success	Checkout code	2026-02-18T13:37:15.4014677Z ##[endgroup]
handle-success	Checkout code	2026-02-18T13:37:15.4015718Z ##[group]Fetching the repository
handle-success	Checkout code	2026-02-18T13:37:15.4024160Z [command]/usr/bin/git -c protocol.version=2 fetch --prune --no-recurse-submodules origin +refs/heads/*:refs/remotes/origin/* +refs/tags/*:refs/tags/*
handle-success	Checkout code	2026-02-18T13:37:34.7026410Z From https://github.com/Ka0s-Klaus/ka0s
handle-success	Checkout code	2026-02-18T13:37:34.7027125Z  * [new branch]          F3450-modelo-operativo -> origin/F3450-modelo-operativo
handle-success	Checkout code	2026-02-18T13:37:34.7027835Z  * [new branch]          H1276-modulo-observabilidad -> origin/H1276-modulo-observabilidad
handle-success	Checkout code	2026-02-18T13:37:34.7028487Z  * [new branch]          H3266-deploy-zabbix    -> origin/H3266-deploy-zabbix
handle-success	Checkout code	2026-02-18T13:37:34.7029185Z  * [new branch]          H3596-deploy-itop      -> origin/H3596-deploy-itop
handle-success	Checkout code	2026-02-18T13:37:34.7029729Z  * [new branch]          main                   -> origin/main
handle-success	Checkout code	2026-02-18T13:37:34.7030190Z  * [new tag]             0.0.0                  -> 0.0.0
handle-success	Checkout code	2026-02-18T13:37:34.7030612Z  * [new tag]             0.0.1                  -> 0.0.1
handle-success	Checkout code	2026-02-18T13:37:34.7031148Z  * [new tag]             0.0.10                 -> 0.0.10
handle-success	Checkout code	2026-02-18T13:37:34.7031572Z  * [new tag]             0.0.100                -> 0.0.100
handle-success	Checkout code	2026-02-18T13:37:34.7032065Z  * [new tag]             0.0.101                -> 0.0.101
handle-success	Checkout code	2026-02-18T13:37:34.7032491Z  * [new tag]             0.0.102                -> 0.0.102
handle-success	Checkout code	2026-02-18T13:37:34.7032946Z  * [new tag]             0.0.103                -> 0.0.103
handle-success	Checkout code	2026-02-18T13:37:34.7033405Z  * [new tag]             0.0.104                -> 0.0.104
handle-success	Checkout code	2026-02-18T13:37:34.7033873Z  * [new tag]             0.0.105                -> 0.0.105
handle-success	Checkout code	2026-02-18T13:37:34.7034378Z  * [new tag]             0.0.106                -> 0.0.106
handle-success	Checkout code	2026-02-18T13:37:34.7034952Z  * [new tag]             0.0.107                -> 0.0.107
handle-success	Checkout code	2026-02-18T13:37:34.7035377Z  * [new tag]             0.0.108                -> 0.0.108
handle-success	Checkout code	2026-02-18T13:37:34.7035803Z  * [new tag]             0.0.109                -> 0.0.109
handle-success	Checkout code	2026-02-18T13:37:34.7036227Z  * [new tag]             0.0.11                 -> 0.0.11
handle-success	Checkout code	2026-02-18T13:37:34.7036649Z  * [new tag]             0.0.110                -> 0.0.110
handle-success	Checkout code	2026-02-18T13:37:34.7037069Z  * [new tag]             0.0.111                -> 0.0.111
handle-success	Checkout code	2026-02-18T13:37:34.7037963Z  * [new tag]             0.0.112                -> 0.0.112
handle-success	Checkout code	2026-02-18T13:37:34.7038395Z  * [new tag]             0.0.113                -> 0.0.113
handle-success	Checkout code	2026-02-18T13:37:34.7038875Z  * [new tag]             0.0.114                -> 0.0.114
handle-success	Checkout code	2026-02-18T13:37:34.7039303Z  * [new tag]             0.0.115                -> 0.0.115
handle-success	Checkout code	2026-02-18T13:37:34.7039738Z  * [new tag]             0.0.116                -> 0.0.116
handle-success	Checkout code	2026-02-18T13:37:34.7040162Z  * [new tag]             0.0.117                -> 0.0.117
handle-success	Checkout code	2026-02-18T13:37:34.7040596Z  * [new tag]             0.0.118                -> 0.0.118
handle-success	Checkout code	2026-02-18T13:37:34.7041109Z  * [new tag]             0.0.119                -> 0.0.119
handle-success	Checkout code	2026-02-18T13:37:34.7041594Z  * [new tag]             0.0.12                 -> 0.0.12
handle-success	Checkout code	2026-02-18T13:37:34.7042022Z  * [new tag]             0.0.120                -> 0.0.120
handle-success	Checkout code	2026-02-18T13:37:34.7042447Z  * [new tag]             0.0.121                -> 0.0.121
handle-success	Checkout code	2026-02-18T13:37:34.7043180Z  * [new tag]             0.0.122                -> 0.0.122
handle-success	Checkout code	2026-02-18T13:37:34.7043607Z  * [new tag]             0.0.123                -> 0.0.123
handle-success	Checkout code	2026-02-18T13:37:34.7044027Z  * [new tag]             0.0.124                -> 0.0.124
handle-success	Checkout code	2026-02-18T13:37:34.7044454Z  * [new tag]             0.0.125                -> 0.0.125
handle-success	Checkout code	2026-02-18T13:37:34.7045050Z  * [new tag]             0.0.126                -> 0.0.126
handle-success	Checkout code	2026-02-18T13:37:34.7045486Z  * [new tag]             0.0.127                -> 0.0.127
handle-success	Checkout code	2026-02-18T13:37:34.7045911Z  * [new tag]             0.0.128                -> 0.0.128
handle-success	Checkout code	2026-02-18T13:37:34.7046336Z  * [new tag]             0.0.129                -> 0.0.129
handle-success	Checkout code	2026-02-18T13:37:34.7046771Z  * [new tag]             0.0.13                 -> 0.0.13
handle-success	Checkout code	2026-02-18T13:37:34.7047207Z  * [new tag]             0.0.130                -> 0.0.130
handle-success	Checkout code	2026-02-18T13:37:34.7047642Z  * [new tag]             0.0.131                -> 0.0.131
handle-success	Checkout code	2026-02-18T13:37:34.7048073Z  * [new tag]             0.0.132                -> 0.0.132
handle-success	Checkout code	2026-02-18T13:37:34.7048549Z  * [new tag]             0.0.133                -> 0.0.133
handle-success	Checkout code	2026-02-18T13:37:34.7048989Z  * [new tag]             0.0.134                -> 0.0.134
handle-success	Checkout code	2026-02-18T13:37:34.7049428Z  * [new tag]             0.0.135                -> 0.0.135
handle-success	Checkout code	2026-02-18T13:37:34.7050084Z  * [new tag]             0.0.136                -> 0.0.136
handle-success	Checkout code	2026-02-18T13:37:34.7050657Z  * [new tag]             0.0.137                -> 0.0.137
handle-success	Checkout code	2026-02-18T13:37:34.7051083Z  * [new tag]             0.0.138                -> 0.0.138
handle-success	Checkout code	2026-02-18T13:37:34.7051506Z  * [new tag]             0.0.139                -> 0.0.139
handle-success	Checkout code	2026-02-18T13:37:34.7051927Z  * [new tag]             0.0.14                 -> 0.0.14
handle-success	Checkout code	2026-02-18T13:37:34.7052359Z  * [new tag]             0.0.140                -> 0.0.140
handle-success	Checkout code	2026-02-18T13:37:34.7052859Z  * [new tag]             0.0.141                -> 0.0.141
handle-success	Checkout code	2026-02-18T13:37:34.7123200Z  * [new tag]             0.0.142                -> 0.0.142
handle-success	Checkout code	2026-02-18T13:37:34.7124187Z  * [new tag]             0.0.143                -> 0.0.143
handle-success	Checkout code	2026-02-18T13:37:34.7125189Z  * [new tag]             0.0.144                -> 0.0.144
handle-success	Checkout code	2026-02-18T13:37:34.7125748Z  * [new tag]             0.0.145                -> 0.0.145
handle-success	Checkout code	2026-02-18T13:37:34.7126309Z  * [new tag]             0.0.146                -> 0.0.146
handle-success	Checkout code	2026-02-18T13:37:34.7126742Z  * [new tag]             0.0.147                -> 0.0.147
handle-success	Checkout code	2026-02-18T13:37:34.7127210Z  * [new tag]             0.0.148                -> 0.0.148
handle-success	Checkout code	2026-02-18T13:37:34.7127634Z  * [new tag]             0.0.149                -> 0.0.149
handle-success	Checkout code	2026-02-18T13:37:34.7128061Z  * [new tag]             0.0.15                 -> 0.0.15
handle-success	Checkout code	2026-02-18T13:37:34.7128489Z  * [new tag]             0.0.150                -> 0.0.150
handle-success	Checkout code	2026-02-18T13:37:34.7128906Z  * [new tag]             0.0.151                -> 0.0.151
handle-success	Checkout code	2026-02-18T13:37:34.7129342Z  * [new tag]             0.0.152                -> 0.0.152
handle-success	Checkout code	2026-02-18T13:37:34.7129791Z  * [new tag]             0.0.153                -> 0.0.153
handle-success	Checkout code	2026-02-18T13:37:34.7130577Z  * [new tag]             0.0.154                -> 0.0.154
handle-success	Checkout code	2026-02-18T13:37:34.7130997Z  * [new tag]             0.0.155                -> 0.0.155
handle-success	Checkout code	2026-02-18T13:37:34.7131410Z  * [new tag]             0.0.156                -> 0.0.156
handle-success	Checkout code	2026-02-18T13:37:34.7131837Z  * [new tag]             0.0.157                -> 0.0.157
handle-success	Checkout code	2026-02-18T13:37:34.7132379Z  * [new tag]             0.0.158                -> 0.0.158
handle-success	Checkout code	2026-02-18T13:37:34.7132797Z  * [new tag]             0.0.159                -> 0.0.159
handle-success	Checkout code	2026-02-18T13:37:34.7133219Z  * [new tag]             0.0.16                 -> 0.0.16
handle-success	Checkout code	2026-02-18T13:37:34.7133634Z  * [new tag]             0.0.160                -> 0.0.160
handle-success	Checkout code	2026-02-18T13:37:34.7134053Z  * [new tag]             0.0.161                -> 0.0.161
handle-success	Checkout code	2026-02-18T13:37:34.7134471Z  * [new tag]             0.0.162                -> 0.0.162
handle-success	Checkout code	2026-02-18T13:37:34.7135180Z  * [new tag]             0.0.163                -> 0.0.163
handle-success	Checkout code	2026-02-18T13:37:34.7135600Z  * [new tag]             0.0.164                -> 0.0.164
handle-success	Checkout code	2026-02-18T13:37:34.7136562Z  * [new tag]             0.0.165                -> 0.0.165
handle-success	Checkout code	2026-02-18T13:37:34.7136987Z  * [new tag]             0.0.166                -> 0.0.166
handle-success	Checkout code	2026-02-18T13:37:34.7137411Z  * [new tag]             0.0.167                -> 0.0.167
handle-success	Checkout code	2026-02-18T13:37:34.7137836Z  * [new tag]             0.0.168                -> 0.0.168
handle-success	Checkout code	2026-02-18T13:37:34.7138255Z  * [new tag]             0.0.169                -> 0.0.169
handle-success	Checkout code	2026-02-18T13:37:34.7138683Z  * [new tag]             0.0.17                 -> 0.0.17
handle-success	Checkout code	2026-02-18T13:37:34.7139114Z  * [new tag]             0.0.170                -> 0.0.170
handle-success	Checkout code	2026-02-18T13:37:34.7139537Z  * [new tag]             0.0.171                -> 0.0.171
handle-success	Checkout code	2026-02-18T13:37:34.7139962Z  * [new tag]             0.0.172                -> 0.0.172
handle-success	Checkout code	2026-02-18T13:37:34.7140388Z  * [new tag]             0.0.173                -> 0.0.173
handle-success	Checkout code	2026-02-18T13:37:34.7140810Z  * [new tag]             0.0.174                -> 0.0.174
handle-success	Checkout code	2026-02-18T13:37:34.7141237Z  * [new tag]             0.0.175                -> 0.0.175
handle-success	Checkout code	2026-02-18T13:37:34.7141680Z  * [new tag]             0.0.176                -> 0.0.176
handle-success	Checkout code	2026-02-18T13:37:34.7142101Z  * [new tag]             0.0.177                -> 0.0.177
handle-success	Checkout code	2026-02-18T13:37:34.7142730Z  * [new tag]             0.0.178                -> 0.0.178
handle-success	Checkout code	2026-02-18T13:37:34.7143162Z  * [new tag]             0.0.179                -> 0.0.179
handle-success	Checkout code	2026-02-18T13:37:34.7143584Z  * [new tag]             0.0.18                 -> 0.0.18
handle-success	Checkout code	2026-02-18T13:37:34.7144050Z  * [new tag]             0.0.19                 -> 0.0.19
handle-success	Checkout code	2026-02-18T13:37:34.7144639Z  * [new tag]             0.0.2                  -> 0.0.2
handle-success	Checkout code	2026-02-18T13:37:34.7145152Z  * [new tag]             0.0.20                 -> 0.0.20
handle-success	Checkout code	2026-02-18T13:37:34.7145636Z  * [new tag]             0.0.21                 -> 0.0.21
handle-success	Checkout code	2026-02-18T13:37:34.7146181Z  * [new tag]             0.0.22                 -> 0.0.22
handle-success	Checkout code	2026-02-18T13:37:34.7146594Z  * [new tag]             0.0.23                 -> 0.0.23
handle-success	Checkout code	2026-02-18T13:37:34.7147030Z  * [new tag]             0.0.24                 -> 0.0.24
handle-success	Checkout code	2026-02-18T13:37:34.7147442Z  * [new tag]             0.0.25                 -> 0.0.25
handle-success	Checkout code	2026-02-18T13:37:34.7147859Z  * [new tag]             0.0.26                 -> 0.0.26
handle-success	Checkout code	2026-02-18T13:37:34.7148274Z  * [new tag]             0.0.27                 -> 0.0.27
handle-success	Checkout code	2026-02-18T13:37:34.7148681Z  * [new tag]             0.0.28                 -> 0.0.28
handle-success	Checkout code	2026-02-18T13:37:34.7149095Z  * [new tag]             0.0.29                 -> 0.0.29
handle-success	Checkout code	2026-02-18T13:37:34.7149512Z  * [new tag]             0.0.3                  -> 0.0.3
handle-success	Checkout code	2026-02-18T13:37:34.7149922Z  * [new tag]             0.0.30                 -> 0.0.30
handle-success	Checkout code	2026-02-18T13:37:34.7150329Z  * [new tag]             0.0.31                 -> 0.0.31
handle-success	Checkout code	2026-02-18T13:37:34.7150740Z  * [new tag]             0.0.32                 -> 0.0.32
handle-success	Checkout code	2026-02-18T13:37:34.7151158Z  * [new tag]             0.0.33                 -> 0.0.33
handle-success	Checkout code	2026-02-18T13:37:34.7151584Z  * [new tag]             0.0.34                 -> 0.0.34
handle-success	Checkout code	2026-02-18T13:37:34.7152248Z  * [new tag]             0.0.35                 -> 0.0.35
handle-success	Checkout code	2026-02-18T13:37:34.7152657Z  * [new tag]             0.0.36                 -> 0.0.36
handle-success	Checkout code	2026-02-18T13:37:34.7153071Z  * [new tag]             0.0.37                 -> 0.0.37
handle-success	Checkout code	2026-02-18T13:37:34.7153483Z  * [new tag]             0.0.38                 -> 0.0.38
handle-success	Checkout code	2026-02-18T13:37:34.7153898Z  * [new tag]             0.0.39                 -> 0.0.39
handle-success	Checkout code	2026-02-18T13:37:34.7154311Z  * [new tag]             0.0.4                  -> 0.0.4
handle-success	Checkout code	2026-02-18T13:37:34.7155135Z  * [new tag]             0.0.40                 -> 0.0.40
handle-success	Checkout code	2026-02-18T13:37:34.7155674Z  * [new tag]             0.0.41                 -> 0.0.41
handle-success	Checkout code	2026-02-18T13:37:34.7156076Z  * [new tag]             0.0.42                 -> 0.0.42
handle-success	Checkout code	2026-02-18T13:37:34.7156481Z  * [new tag]             0.0.43                 -> 0.0.43
handle-success	Checkout code	2026-02-18T13:37:34.7156881Z  * [new tag]             0.0.44                 -> 0.0.44
handle-success	Checkout code	2026-02-18T13:37:34.7157277Z  * [new tag]             0.0.45                 -> 0.0.45
handle-success	Checkout code	2026-02-18T13:37:34.7157909Z  * [new tag]             0.0.46                 -> 0.0.46
handle-success	Checkout code	2026-02-18T13:37:34.7158311Z  * [new tag]             0.0.47                 -> 0.0.47
handle-success	Checkout code	2026-02-18T13:37:34.7158714Z  * [new tag]             0.0.48                 -> 0.0.48
handle-success	Checkout code	2026-02-18T13:37:34.7159110Z  * [new tag]             0.0.49                 -> 0.0.49
handle-success	Checkout code	2026-02-18T13:37:34.7159515Z  * [new tag]             0.0.5                  -> 0.0.5
handle-success	Checkout code	2026-02-18T13:37:34.7159916Z  * [new tag]             0.0.50                 -> 0.0.50
handle-success	Checkout code	2026-02-18T13:37:34.7160318Z  * [new tag]             0.0.51                 -> 0.0.51
handle-success	Checkout code	2026-02-18T13:37:34.7160720Z  * [new tag]             0.0.52                 -> 0.0.52
handle-success	Checkout code	2026-02-18T13:37:34.7161119Z  * [new tag]             0.0.53                 -> 0.0.53
handle-success	Checkout code	2026-02-18T13:37:34.7161522Z  * [new tag]             0.0.54                 -> 0.0.54
handle-success	Checkout code	2026-02-18T13:37:34.7161924Z  * [new tag]             0.0.55                 -> 0.0.55
handle-success	Checkout code	2026-02-18T13:37:34.7162328Z  * [new tag]             0.0.56                 -> 0.0.56
handle-success	Checkout code	2026-02-18T13:37:34.7162743Z  * [new tag]             0.0.57                 -> 0.0.57
handle-success	Checkout code	2026-02-18T13:37:34.7163138Z  * [new tag]             0.0.58                 -> 0.0.58
handle-success	Checkout code	2026-02-18T13:37:34.7163542Z  * [new tag]             0.0.59                 -> 0.0.59
handle-success	Checkout code	2026-02-18T13:37:34.7163947Z  * [new tag]             0.0.6                  -> 0.0.6
handle-success	Checkout code	2026-02-18T13:37:34.7164348Z  * [new tag]             0.0.60                 -> 0.0.60
handle-success	Checkout code	2026-02-18T13:37:34.7165078Z  * [new tag]             0.0.61                 -> 0.0.61
handle-success	Checkout code	2026-02-18T13:37:34.7165623Z  * [new tag]             0.0.62                 -> 0.0.62
handle-success	Checkout code	2026-02-18T13:37:34.7166020Z  * [new tag]             0.0.63                 -> 0.0.63
handle-success	Checkout code	2026-02-18T13:37:34.7166416Z  * [new tag]             0.0.64                 -> 0.0.64
handle-success	Checkout code	2026-02-18T13:37:34.7166814Z  * [new tag]             0.0.65                 -> 0.0.65
handle-success	Checkout code	2026-02-18T13:37:34.7167204Z  * [new tag]             0.0.66                 -> 0.0.66
handle-success	Checkout code	2026-02-18T13:37:34.7167609Z  * [new tag]             0.0.67                 -> 0.0.67
handle-success	Checkout code	2026-02-18T13:37:34.7168013Z  * [new tag]             0.0.68                 -> 0.0.68
handle-success	Checkout code	2026-02-18T13:37:34.7168407Z  * [new tag]             0.0.69                 -> 0.0.69
handle-success	Checkout code	2026-02-18T13:37:34.7168803Z  * [new tag]             0.0.7                  -> 0.0.7
handle-success	Checkout code	2026-02-18T13:37:34.7169191Z  * [new tag]             0.0.70                 -> 0.0.70
handle-success	Checkout code	2026-02-18T13:37:34.7169585Z  * [new tag]             0.0.71                 -> 0.0.71
handle-success	Checkout code	2026-02-18T13:37:34.7169980Z  * [new tag]             0.0.72                 -> 0.0.72
handle-success	Checkout code	2026-02-18T13:37:34.7170373Z  * [new tag]             0.0.73                 -> 0.0.73
handle-success	Checkout code	2026-02-18T13:37:34.7170761Z  * [new tag]             0.0.74                 -> 0.0.74
handle-success	Checkout code	2026-02-18T13:37:34.7171157Z  * [new tag]             0.0.75                 -> 0.0.75
handle-success	Checkout code	2026-02-18T13:37:34.7171551Z  * [new tag]             0.0.76                 -> 0.0.76
handle-success	Checkout code	2026-02-18T13:37:34.7171946Z  * [new tag]             0.0.77                 -> 0.0.77
handle-success	Checkout code	2026-02-18T13:37:34.7172563Z  * [new tag]             0.0.78                 -> 0.0.78
handle-success	Checkout code	2026-02-18T13:37:34.7172954Z  * [new tag]             0.0.79                 -> 0.0.79
handle-success	Checkout code	2026-02-18T13:37:34.7173351Z  * [new tag]             0.0.8                  -> 0.0.8
handle-success	Checkout code	2026-02-18T13:37:34.7173747Z  * [new tag]             0.0.80                 -> 0.0.80
handle-success	Checkout code	2026-02-18T13:37:34.7174151Z  * [new tag]             0.0.81                 -> 0.0.81
handle-success	Checkout code	2026-02-18T13:37:34.7174815Z  * [new tag]             0.0.82                 -> 0.0.82
handle-success	Checkout code	2026-02-18T13:37:34.7175236Z  * [new tag]             0.0.83                 -> 0.0.83
handle-success	Checkout code	2026-02-18T13:37:34.7175764Z  * [new tag]             0.0.84                 -> 0.0.84
handle-success	Checkout code	2026-02-18T13:37:34.7176161Z  * [new tag]             0.0.85                 -> 0.0.85
handle-success	Checkout code	2026-02-18T13:37:34.7176555Z  * [new tag]             0.0.86                 -> 0.0.86
handle-success	Checkout code	2026-02-18T13:37:34.7176952Z  * [new tag]             0.0.87                 -> 0.0.87
handle-success	Checkout code	2026-02-18T13:37:34.7177342Z  * [new tag]             0.0.88                 -> 0.0.88
handle-success	Checkout code	2026-02-18T13:37:34.7177951Z  * [new tag]             0.0.89                 -> 0.0.89
handle-success	Checkout code	2026-02-18T13:37:34.7178352Z  * [new tag]             0.0.9                  -> 0.0.9
handle-success	Checkout code	2026-02-18T13:37:34.7178748Z  * [new tag]             0.0.90                 -> 0.0.90
handle-success	Checkout code	2026-02-18T13:37:34.7179137Z  * [new tag]             0.0.91                 -> 0.0.91
handle-success	Checkout code	2026-02-18T13:37:34.7179534Z  * [new tag]             0.0.92                 -> 0.0.92
handle-success	Checkout code	2026-02-18T13:37:34.7179927Z  * [new tag]             0.0.93                 -> 0.0.93
handle-success	Checkout code	2026-02-18T13:37:34.7180323Z  * [new tag]             0.0.94                 -> 0.0.94
handle-success	Checkout code	2026-02-18T13:37:34.7180724Z  * [new tag]             0.0.95                 -> 0.0.95
handle-success	Checkout code	2026-02-18T13:37:34.7181117Z  * [new tag]             0.0.96                 -> 0.0.96
handle-success	Checkout code	2026-02-18T13:37:34.7181513Z  * [new tag]             0.0.97                 -> 0.0.97
handle-success	Checkout code	2026-02-18T13:37:34.7181910Z  * [new tag]             0.0.98                 -> 0.0.98
handle-success	Checkout code	2026-02-18T13:37:34.7182308Z  * [new tag]             0.0.99                 -> 0.0.99
handle-success	Checkout code	2026-02-18T13:37:34.7182727Z  * [new tag]             0.1.0                  -> 0.1.0
handle-success	Checkout code	2026-02-18T13:37:34.7183115Z  * [new tag]             0.1.1                  -> 0.1.1
handle-success	Checkout code	2026-02-18T13:37:34.7183514Z  * [new tag]             0.2.0                  -> 0.2.0
handle-success	Checkout code	2026-02-18T13:37:34.7183907Z  * [new tag]             0.3.0                  -> 0.3.0
handle-success	Checkout code	2026-02-18T13:37:34.7184300Z  * [new tag]             0.3.1                  -> 0.3.1
handle-success	Checkout code	2026-02-18T13:37:34.7184916Z  * [new tag]             0.3.10                 -> 0.3.10
handle-success	Checkout code	2026-02-18T13:37:34.7185577Z  * [new tag]             0.3.11                 -> 0.3.11
handle-success	Checkout code	2026-02-18T13:37:34.7185972Z  * [new tag]             0.3.12                 -> 0.3.12
handle-success	Checkout code	2026-02-18T13:37:34.7186366Z  * [new tag]             0.3.13                 -> 0.3.13
handle-success	Checkout code	2026-02-18T13:37:34.7186762Z  * [new tag]             0.3.14                 -> 0.3.14
handle-success	Checkout code	2026-02-18T13:37:34.7187151Z  * [new tag]             0.3.15                 -> 0.3.15
handle-success	Checkout code	2026-02-18T13:37:34.7187552Z  * [new tag]             0.3.16                 -> 0.3.16
handle-success	Checkout code	2026-02-18T13:37:34.7187963Z  * [new tag]             0.3.17                 -> 0.3.17
handle-success	Checkout code	2026-02-18T13:37:34.7188356Z  * [new tag]             0.3.2                  -> 0.3.2
handle-success	Checkout code	2026-02-18T13:37:34.7188747Z  * [new tag]             0.3.3                  -> 0.3.3
handle-success	Checkout code	2026-02-18T13:37:34.7189135Z  * [new tag]             0.3.4                  -> 0.3.4
handle-success	Checkout code	2026-02-18T13:37:34.7189522Z  * [new tag]             0.3.5                  -> 0.3.5
handle-success	Checkout code	2026-02-18T13:37:34.7189911Z  * [new tag]             0.3.6                  -> 0.3.6
handle-success	Checkout code	2026-02-18T13:37:34.7190299Z  * [new tag]             0.3.7                  -> 0.3.7
handle-success	Checkout code	2026-02-18T13:37:34.7190688Z  * [new tag]             0.3.8                  -> 0.3.8
handle-success	Checkout code	2026-02-18T13:37:34.7191079Z  * [new tag]             0.3.9                  -> 0.3.9
handle-success	Checkout code	2026-02-18T13:37:34.7191469Z  * [new tag]             0.4.0                  -> 0.4.0
handle-success	Checkout code	2026-02-18T13:37:34.7191857Z  * [new tag]             0.4.1                  -> 0.4.1
handle-success	Checkout code	2026-02-18T13:37:34.7192450Z  * [new tag]             0.4.2                  -> 0.4.2
handle-success	Checkout code	2026-02-18T13:37:34.7192847Z  * [new tag]             0.4.3                  -> 0.4.3
handle-success	Checkout code	2026-02-18T13:37:34.7193240Z  * [new tag]             0.4.4                  -> 0.4.4
handle-success	Checkout code	2026-02-18T13:37:34.7193629Z  * [new tag]             0.4.5                  -> 0.4.5
handle-success	Checkout code	2026-02-18T13:37:34.7194015Z  * [new tag]             0.4.6                  -> 0.4.6
handle-success	Checkout code	2026-02-18T13:37:34.7194408Z  * [new tag]             0.4.7                  -> 0.4.7
handle-success	Checkout code	2026-02-18T13:37:34.7195207Z  * [new tag]             0.4.8                  -> 0.4.8
handle-success	Checkout code	2026-02-18T13:37:34.7195730Z  * [new tag]             0.4.9                  -> 0.4.9
handle-success	Checkout code	2026-02-18T13:37:34.7196120Z  * [new tag]             0.5.0                  -> 0.5.0
handle-success	Checkout code	2026-02-18T13:37:34.7196513Z  * [new tag]             0.5.1                  -> 0.5.1
handle-success	Checkout code	2026-02-18T13:37:34.7196896Z  * [new tag]             0.5.2                  -> 0.5.2
handle-success	Checkout code	2026-02-18T13:37:34.7197285Z  * [new tag]             0.6.0                  -> 0.6.0
handle-success	Checkout code	2026-02-18T13:37:34.7197687Z  * [new tag]             0.6.1                  -> 0.6.1
handle-success	Checkout code	2026-02-18T13:37:34.7198322Z  * [new tag]             0.6.2                  -> 0.6.2
handle-success	Checkout code	2026-02-18T13:37:34.7422326Z [command]/usr/bin/git branch --list --remote origin/main
handle-success	Checkout code	2026-02-18T13:37:34.7499323Z   origin/main
handle-success	Checkout code	2026-02-18T13:37:34.7511807Z [command]/usr/bin/git rev-parse refs/remotes/origin/main
handle-success	Checkout code	2026-02-18T13:37:34.7543450Z d6419eaf6864227cef9960f88e6054d18a6ec142
handle-success	Checkout code	2026-02-18T13:37:34.7557665Z [command]/usr/bin/git -c protocol.version=2 fetch --no-tags --prune --no-recurse-submodules origin +5ff2f2a65b7972772c9d6b71040db224f31dbad1:refs/remotes/origin/main
handle-success	Checkout code	2026-02-18T13:37:34.7750092Z From https://github.com/Ka0s-Klaus/ka0s
handle-success	Checkout code	2026-02-18T13:37:34.7750902Z  + d6419eaf6...5ff2f2a65 5ff2f2a65b7972772c9d6b71040db224f31dbad1 -> origin/main  (forced update)
handle-success	Checkout code	2026-02-18T13:37:34.7790397Z ##[endgroup]
handle-success	Checkout code	2026-02-18T13:37:34.7791136Z ##[group]Determining the checkout info
handle-success	Checkout code	2026-02-18T13:37:34.7791796Z ##[endgroup]
handle-success	Checkout code	2026-02-18T13:37:34.7797690Z [command]/usr/bin/git sparse-checkout disable
handle-success	Checkout code	2026-02-18T13:37:34.7853069Z [command]/usr/bin/git config --local --unset-all extensions.worktreeConfig
handle-success	Checkout code	2026-02-18T13:37:34.7894446Z ##[group]Checking out the ref
handle-success	Checkout code	2026-02-18T13:37:34.7904100Z [command]/usr/bin/git checkout --progress --force -B main refs/remotes/origin/main
handle-success	Checkout code	2026-02-18T13:37:35.0340457Z Switched to a new branch 'main'
handle-success	Checkout code	2026-02-18T13:37:35.0345060Z branch 'main' set up to track 'origin/main'.
handle-success	Checkout code	2026-02-18T13:37:35.0392545Z ##[endgroup]
handle-success	Checkout code	2026-02-18T13:37:35.0446060Z [command]/usr/bin/git log -1 --format=%H
handle-success	Checkout code	2026-02-18T13:37:35.0480478Z 5ff2f2a65b7972772c9d6b71040db224f31dbad1
handle-success	handle-success-execution	Ôªø2026-02-18T13:37:35.0738560Z ##[group]Run # Si todo ha ido correcto a√±adimos el contenido del fichero 
handle-success	handle-success-execution	2026-02-18T13:37:35.0739201Z [36;1m# Si todo ha ido correcto a√±adimos el contenido del fichero [0m
handle-success	handle-success-execution	2026-02-18T13:37:35.0739662Z [36;1mecho "Process completed successfully 22141932538"[0m
handle-success	handle-success-execution	2026-02-18T13:37:35.0740100Z [36;1m# RNNUMBER=$(echo "refs/heads/main" | grep -o '[0-9]*')[0m
handle-success	handle-success-execution	2026-02-18T13:37:35.0740989Z [36;1m# gh issue comment $RNNUMBER --body "El proceso ha finalizado correctamente 22141932538. El resultado est√° en el fichero core/results/event_data_22141932538.log"[0m
handle-success	handle-success-execution	2026-02-18T13:37:35.0757264Z shell: /usr/bin/bash -e {0}
handle-success	handle-success-execution	2026-02-18T13:37:35.0757537Z env:
handle-success	handle-success-execution	2026-02-18T13:37:35.0757734Z   PYTHON_VERSION: 3.9
handle-success	handle-success-execution	2026-02-18T13:37:35.0758680Z   MONGO_SUPERUSER_CONNECTION: ***
handle-success	handle-success-execution	2026-02-18T13:37:35.0759085Z   MONGO_NEW_PASS: ***
handle-success	handle-success-execution	2026-02-18T13:37:35.0759444Z   MONGO_SCRIPT_CREATE: devops/core/mongo/scripts/mongodb_status_report.py
handle-success	handle-success-execution	2026-02-18T13:37:35.0759854Z   KAOS_CODE: 22141932538
handle-success	handle-success-execution	2026-02-18T13:37:35.0760083Z   REPORT_SCAN: audit/
handle-success	handle-success-execution	2026-02-18T13:37:35.0760379Z   REPORT_PATH: audit/mongodb/
handle-success	handle-success-execution	2026-02-18T13:37:35.0760637Z   REPORT_FILENAME: 22141932538.json
handle-success	handle-success-execution	2026-02-18T13:37:35.0760925Z   KAOS_MODULE: [Ka0s] Status MongDB Report
handle-success	handle-success-execution	2026-02-18T13:37:35.0761304Z   GH_TOKEN: ***
handle-success	handle-success-execution	2026-02-18T13:37:35.0761508Z ##[endgroup]
handle-success	handle-success-execution	2026-02-18T13:37:35.0824767Z Process completed successfully 22141932538
handle-success	Post Checkout code	Ôªø2026-02-18T13:37:35.0960743Z Post job cleanup.
handle-success	Post Checkout code	2026-02-18T13:37:35.2020689Z [command]/usr/bin/git version
handle-success	Post Checkout code	2026-02-18T13:37:35.2075091Z git version 2.52.0
handle-success	Post Checkout code	2026-02-18T13:37:35.2118543Z Temporarily overriding HOME='/home/runner/_work/_temp/3fc39e17-59f7-4c38-b923-7311e57b49a2' before making global git config changes
handle-success	Post Checkout code	2026-02-18T13:37:35.2119994Z Adding repository directory to the temporary git global config as a safe directory
handle-success	Post Checkout code	2026-02-18T13:37:35.2125122Z [command]/usr/bin/git config --global --add safe.directory /home/runner/_work/ka0s/ka0s
handle-success	Post Checkout code	2026-02-18T13:37:35.2183093Z [command]/usr/bin/git config --local --name-only --get-regexp core\.sshCommand
handle-success	Post Checkout code	2026-02-18T13:37:35.2230181Z [command]/usr/bin/git submodule foreach --recursive sh -c "git config --local --name-only --get-regexp 'core\.sshCommand' && git config --local --unset-all 'core.sshCommand' || :"
handle-success	Post Checkout code	2026-02-18T13:37:35.2576117Z [command]/usr/bin/git config --local --name-only --get-regexp http\.https\:\/\/github\.com\/\.extraheader
handle-success	Post Checkout code	2026-02-18T13:37:35.2608485Z http.https://github.com/.extraheader
handle-success	Post Checkout code	2026-02-18T13:37:35.2623487Z [command]/usr/bin/git config --local --unset-all http.https://github.com/.extraheader
handle-success	Post Checkout code	2026-02-18T13:37:35.2667743Z [command]/usr/bin/git submodule foreach --recursive sh -c "git config --local --name-only --get-regexp 'http\.https\:\/\/github\.com\/\.extraheader' && git config --local --unset-all 'http.https://github.com/.extraheader' || :"
handle-success	Post Checkout code	2026-02-18T13:37:35.3003937Z [command]/usr/bin/git config --local --name-only --get-regexp ^includeIf\.gitdir:
handle-success	Post Checkout code	2026-02-18T13:37:35.3049061Z [command]/usr/bin/git submodule foreach --recursive git config --local --show-origin --name-only --get-regexp remote.origin.url
handle-success	Complete job	Ôªø2026-02-18T13:37:35.3549518Z Cleaning up orphan processes
end-workflow	Set up job	Ôªø2026-02-18T13:37:47.7594779Z Current runner version: '2.331.0'
end-workflow	Set up job	2026-02-18T13:37:47.7604130Z Runner name: 'swarm-runners-scaleset-hkss5-runner-h26tn'
end-workflow	Set up job	2026-02-18T13:37:47.7605593Z Runner group name: 'Default'
end-workflow	Set up job	2026-02-18T13:37:47.7607195Z Machine name: 'swarm-runners-scaleset-hkss5-runner-h26tn'
end-workflow	Set up job	2026-02-18T13:37:47.7612137Z ##[group]GITHUB_TOKEN Permissions
end-workflow	Set up job	2026-02-18T13:37:47.7616835Z Actions: write
end-workflow	Set up job	2026-02-18T13:37:47.7617751Z Contents: write
end-workflow	Set up job	2026-02-18T13:37:47.7618381Z Issues: write
end-workflow	Set up job	2026-02-18T13:37:47.7618929Z Metadata: read
end-workflow	Set up job	2026-02-18T13:37:47.7619553Z PullRequests: write
end-workflow	Set up job	2026-02-18T13:37:47.7620210Z ##[endgroup]
end-workflow	Set up job	2026-02-18T13:37:47.7622788Z Secret source: Actions
end-workflow	Set up job	2026-02-18T13:37:47.7623661Z Prepare workflow directory
end-workflow	Set up job	2026-02-18T13:37:47.8218803Z Prepare all required actions
end-workflow	Set up job	2026-02-18T13:37:47.8263178Z Getting action download info
end-workflow	Set up job	2026-02-18T13:37:48.4458941Z Download action repository 'actions/checkout@v4' (SHA:34e114876b0b11c390a56381ad16ebd13914f8d5)
end-workflow	Set up job	2026-02-18T13:37:49.4893984Z Complete job name: end-workflow
end-workflow	Checkout Repository	Ôªø2026-02-18T13:37:49.5567409Z ##[group]Run actions/checkout@v4
end-workflow	Checkout Repository	2026-02-18T13:37:49.5568484Z with:
end-workflow	Checkout Repository	2026-02-18T13:37:49.5569024Z   fetch-depth: 0
end-workflow	Checkout Repository	2026-02-18T13:37:49.5569574Z   repository: Ka0s-Klaus/ka0s
end-workflow	Checkout Repository	2026-02-18T13:37:49.5570455Z   token: ***
end-workflow	Checkout Repository	2026-02-18T13:37:49.5570967Z   ssh-strict: true
end-workflow	Checkout Repository	2026-02-18T13:37:49.5571499Z   ssh-user: git
end-workflow	Checkout Repository	2026-02-18T13:37:49.5572036Z   persist-credentials: true
end-workflow	Checkout Repository	2026-02-18T13:37:49.5572629Z   clean: true
end-workflow	Checkout Repository	2026-02-18T13:37:49.5573352Z   sparse-checkout-cone-mode: true
end-workflow	Checkout Repository	2026-02-18T13:37:49.5574005Z   fetch-tags: false
end-workflow	Checkout Repository	2026-02-18T13:37:49.5574840Z   show-progress: true
end-workflow	Checkout Repository	2026-02-18T13:37:49.5575514Z   lfs: false
end-workflow	Checkout Repository	2026-02-18T13:37:49.5576014Z   submodules: false
end-workflow	Checkout Repository	2026-02-18T13:37:49.5576590Z   set-safe-directory: true
end-workflow	Checkout Repository	2026-02-18T13:37:49.5577425Z env:
end-workflow	Checkout Repository	2026-02-18T13:37:49.5577939Z   PYTHON_VERSION: 3.9
end-workflow	Checkout Repository	2026-02-18T13:37:49.5579349Z   MONGO_SUPERUSER_CONNECTION: ***
end-workflow	Checkout Repository	2026-02-18T13:37:49.5580197Z   MONGO_NEW_PASS: ***
end-workflow	Checkout Repository	2026-02-18T13:37:49.5580982Z   MONGO_SCRIPT_CREATE: devops/core/mongo/scripts/mongodb_status_report.py
end-workflow	Checkout Repository	2026-02-18T13:37:49.5581948Z   KAOS_CODE: 22141932538
end-workflow	Checkout Repository	2026-02-18T13:37:49.5582522Z   REPORT_SCAN: audit/
end-workflow	Checkout Repository	2026-02-18T13:37:49.5583086Z   REPORT_PATH: audit/mongodb/
end-workflow	Checkout Repository	2026-02-18T13:37:49.5583697Z   REPORT_FILENAME: 22141932538.json
end-workflow	Checkout Repository	2026-02-18T13:37:49.5584363Z   KAOS_MODULE: [Ka0s] Status MongDB Report
end-workflow	Checkout Repository	2026-02-18T13:37:49.5585173Z ##[endgroup]
end-workflow	Checkout Repository	2026-02-18T13:37:49.6843421Z Syncing repository: Ka0s-Klaus/ka0s
end-workflow	Checkout Repository	2026-02-18T13:37:49.6846271Z ##[group]Getting Git version info
end-workflow	Checkout Repository	2026-02-18T13:37:49.6847262Z Working directory is '/home/runner/_work/ka0s/ka0s'
end-workflow	Checkout Repository	2026-02-18T13:37:49.6848767Z [command]/usr/bin/git version
end-workflow	Checkout Repository	2026-02-18T13:37:49.6849448Z git version 2.52.0
end-workflow	Checkout Repository	2026-02-18T13:37:49.6877740Z ##[endgroup]
end-workflow	Checkout Repository	2026-02-18T13:37:49.6894374Z Temporarily overriding HOME='/home/runner/_work/_temp/7181031c-8edf-4108-8e5f-584587b92111' before making global git config changes
end-workflow	Checkout Repository	2026-02-18T13:37:49.6896838Z Adding repository directory to the temporary git global config as a safe directory
end-workflow	Checkout Repository	2026-02-18T13:37:49.6901408Z [command]/usr/bin/git config --global --add safe.directory /home/runner/_work/ka0s/ka0s
end-workflow	Checkout Repository	2026-02-18T13:37:49.6977524Z Deleting the contents of '/home/runner/_work/ka0s/ka0s'
end-workflow	Checkout Repository	2026-02-18T13:37:49.6982129Z ##[group]Initializing the repository
end-workflow	Checkout Repository	2026-02-18T13:37:49.6982968Z [command]/usr/bin/git init /home/runner/_work/ka0s/ka0s
end-workflow	Checkout Repository	2026-02-18T13:37:49.7029470Z hint: Using 'master' as the name for the initial branch. This default branch name
end-workflow	Checkout Repository	2026-02-18T13:37:49.7033627Z hint: will change to "main" in Git 3.0. To configure the initial branch name
end-workflow	Checkout Repository	2026-02-18T13:37:49.7036481Z hint: to use in all of your new repositories, which will suppress this warning,
end-workflow	Checkout Repository	2026-02-18T13:37:49.7037589Z hint: call:
end-workflow	Checkout Repository	2026-02-18T13:37:49.7038120Z hint:
end-workflow	Checkout Repository	2026-02-18T13:37:49.7039026Z hint: 	git config --global init.defaultBranch <name>
end-workflow	Checkout Repository	2026-02-18T13:37:49.7039795Z hint:
end-workflow	Checkout Repository	2026-02-18T13:37:49.7040491Z hint: Names commonly chosen instead of 'master' are 'main', 'trunk' and
end-workflow	Checkout Repository	2026-02-18T13:37:49.7041742Z hint: 'development'. The just-created branch can be renamed via this command:
end-workflow	Checkout Repository	2026-02-18T13:37:49.7043490Z hint:
end-workflow	Checkout Repository	2026-02-18T13:37:49.7044273Z hint: 	git branch -m <name>
end-workflow	Checkout Repository	2026-02-18T13:37:49.7044942Z hint:
end-workflow	Checkout Repository	2026-02-18T13:37:49.7045835Z hint: Disable this message with "git config set advice.defaultBranchName false"
end-workflow	Checkout Repository	2026-02-18T13:37:49.7046986Z Initialized empty Git repository in /home/runner/_work/ka0s/ka0s/.git/
end-workflow	Checkout Repository	2026-02-18T13:37:49.7049186Z [command]/usr/bin/git remote add origin https://github.com/Ka0s-Klaus/ka0s
end-workflow	Checkout Repository	2026-02-18T13:37:49.7098675Z ##[endgroup]
end-workflow	Checkout Repository	2026-02-18T13:37:49.7100069Z ##[group]Disabling automatic garbage collection
end-workflow	Checkout Repository	2026-02-18T13:37:49.7101114Z [command]/usr/bin/git config --local gc.auto 0
end-workflow	Checkout Repository	2026-02-18T13:37:49.7149449Z ##[endgroup]
end-workflow	Checkout Repository	2026-02-18T13:37:49.7150725Z ##[group]Setting up auth
end-workflow	Checkout Repository	2026-02-18T13:37:49.7154986Z [command]/usr/bin/git config --local --name-only --get-regexp core\.sshCommand
end-workflow	Checkout Repository	2026-02-18T13:37:49.7199877Z [command]/usr/bin/git submodule foreach --recursive sh -c "git config --local --name-only --get-regexp 'core\.sshCommand' && git config --local --unset-all 'core.sshCommand' || :"
end-workflow	Checkout Repository	2026-02-18T13:37:49.7555309Z [command]/usr/bin/git config --local --name-only --get-regexp http\.https\:\/\/github\.com\/\.extraheader
end-workflow	Checkout Repository	2026-02-18T13:37:49.7595285Z [command]/usr/bin/git submodule foreach --recursive sh -c "git config --local --name-only --get-regexp 'http\.https\:\/\/github\.com\/\.extraheader' && git config --local --unset-all 'http.https://github.com/.extraheader' || :"
end-workflow	Checkout Repository	2026-02-18T13:37:49.7926332Z [command]/usr/bin/git config --local --name-only --get-regexp ^includeIf\.gitdir:
end-workflow	Checkout Repository	2026-02-18T13:37:49.7966272Z [command]/usr/bin/git submodule foreach --recursive git config --local --show-origin --name-only --get-regexp remote.origin.url
end-workflow	Checkout Repository	2026-02-18T13:37:49.8303944Z [command]/usr/bin/git config --local http.https://github.com/.extraheader AUTHORIZATION: basic ***
end-workflow	Checkout Repository	2026-02-18T13:37:49.8362701Z ##[endgroup]
end-workflow	Checkout Repository	2026-02-18T13:37:49.8363782Z ##[group]Fetching the repository
end-workflow	Checkout Repository	2026-02-18T13:37:49.8372310Z [command]/usr/bin/git -c protocol.version=2 fetch --prune --no-recurse-submodules origin +refs/heads/*:refs/remotes/origin/* +refs/tags/*:refs/tags/*
end-workflow	Checkout Repository	2026-02-18T13:38:10.9459240Z From https://github.com/Ka0s-Klaus/ka0s
end-workflow	Checkout Repository	2026-02-18T13:38:10.9460002Z  * [new branch]          F3450-modelo-operativo -> origin/F3450-modelo-operativo
end-workflow	Checkout Repository	2026-02-18T13:38:10.9460809Z  * [new branch]          H1276-modulo-observabilidad -> origin/H1276-modulo-observabilidad
end-workflow	Checkout Repository	2026-02-18T13:38:10.9461696Z  * [new branch]          H3266-deploy-zabbix    -> origin/H3266-deploy-zabbix
end-workflow	Checkout Repository	2026-02-18T13:38:10.9462265Z  * [new branch]          H3596-deploy-itop      -> origin/H3596-deploy-itop
end-workflow	Checkout Repository	2026-02-18T13:38:10.9462786Z  * [new branch]          main                   -> origin/main
end-workflow	Checkout Repository	2026-02-18T13:38:10.9463225Z  * [new tag]             0.0.0                  -> 0.0.0
end-workflow	Checkout Repository	2026-02-18T13:38:10.9463641Z  * [new tag]             0.0.1                  -> 0.0.1
end-workflow	Checkout Repository	2026-02-18T13:38:10.9464061Z  * [new tag]             0.0.10                 -> 0.0.10
end-workflow	Checkout Repository	2026-02-18T13:38:10.9466683Z  * [new tag]             0.0.100                -> 0.0.100
end-workflow	Checkout Repository	2026-02-18T13:38:10.9467254Z  * [new tag]             0.0.101                -> 0.0.101
end-workflow	Checkout Repository	2026-02-18T13:38:10.9467704Z  * [new tag]             0.0.102                -> 0.0.102
end-workflow	Checkout Repository	2026-02-18T13:38:10.9468110Z  * [new tag]             0.0.103                -> 0.0.103
end-workflow	Checkout Repository	2026-02-18T13:38:10.9468551Z  * [new tag]             0.0.104                -> 0.0.104
end-workflow	Checkout Repository	2026-02-18T13:38:10.9469041Z  * [new tag]             0.0.105                -> 0.0.105
end-workflow	Checkout Repository	2026-02-18T13:38:10.9469505Z  * [new tag]             0.0.106                -> 0.0.106
end-workflow	Checkout Repository	2026-02-18T13:38:10.9470286Z  * [new tag]             0.0.107                -> 0.0.107
end-workflow	Checkout Repository	2026-02-18T13:38:10.9470812Z  * [new tag]             0.0.108                -> 0.0.108
end-workflow	Checkout Repository	2026-02-18T13:38:10.9471224Z  * [new tag]             0.0.109                -> 0.0.109
end-workflow	Checkout Repository	2026-02-18T13:38:10.9471630Z  * [new tag]             0.0.11                 -> 0.0.11
end-workflow	Checkout Repository	2026-02-18T13:38:10.9472049Z  * [new tag]             0.0.110                -> 0.0.110
end-workflow	Checkout Repository	2026-02-18T13:38:10.9472457Z  * [new tag]             0.0.111                -> 0.0.111
end-workflow	Checkout Repository	2026-02-18T13:38:10.9473329Z  * [new tag]             0.0.112                -> 0.0.112
end-workflow	Checkout Repository	2026-02-18T13:38:10.9473740Z  * [new tag]             0.0.113                -> 0.0.113
end-workflow	Checkout Repository	2026-02-18T13:38:10.9474149Z  * [new tag]             0.0.114                -> 0.0.114
end-workflow	Checkout Repository	2026-02-18T13:38:10.9474681Z  * [new tag]             0.0.115                -> 0.0.115
end-workflow	Checkout Repository	2026-02-18T13:38:10.9475180Z  * [new tag]             0.0.116                -> 0.0.116
end-workflow	Checkout Repository	2026-02-18T13:38:10.9475595Z  * [new tag]             0.0.117                -> 0.0.117
end-workflow	Checkout Repository	2026-02-18T13:38:10.9476019Z  * [new tag]             0.0.118                -> 0.0.118
end-workflow	Checkout Repository	2026-02-18T13:38:10.9476522Z  * [new tag]             0.0.119                -> 0.0.119
end-workflow	Checkout Repository	2026-02-18T13:38:10.9476985Z  * [new tag]             0.0.12                 -> 0.0.12
end-workflow	Checkout Repository	2026-02-18T13:38:10.9477389Z  * [new tag]             0.0.120                -> 0.0.120
end-workflow	Checkout Repository	2026-02-18T13:38:10.9477800Z  * [new tag]             0.0.121                -> 0.0.121
end-workflow	Checkout Repository	2026-02-18T13:38:10.9478628Z  * [new tag]             0.0.122                -> 0.0.122
end-workflow	Checkout Repository	2026-02-18T13:38:10.9479021Z  * [new tag]             0.0.123                -> 0.0.123
end-workflow	Checkout Repository	2026-02-18T13:38:10.9479423Z  * [new tag]             0.0.124                -> 0.0.124
end-workflow	Checkout Repository	2026-02-18T13:38:10.9479953Z  * [new tag]             0.0.125                -> 0.0.125
end-workflow	Checkout Repository	2026-02-18T13:38:10.9480480Z  * [new tag]             0.0.126                -> 0.0.126
end-workflow	Checkout Repository	2026-02-18T13:38:10.9480871Z  * [new tag]             0.0.127                -> 0.0.127
end-workflow	Checkout Repository	2026-02-18T13:38:10.9481270Z  * [new tag]             0.0.128                -> 0.0.128
end-workflow	Checkout Repository	2026-02-18T13:38:10.9481792Z  * [new tag]             0.0.129                -> 0.0.129
end-workflow	Checkout Repository	2026-02-18T13:38:10.9482204Z  * [new tag]             0.0.13                 -> 0.0.13
end-workflow	Checkout Repository	2026-02-18T13:38:10.9482854Z  * [new tag]             0.0.130                -> 0.0.130
end-workflow	Checkout Repository	2026-02-18T13:38:10.9483264Z  * [new tag]             0.0.131                -> 0.0.131
end-workflow	Checkout Repository	2026-02-18T13:38:10.9483672Z  * [new tag]             0.0.132                -> 0.0.132
end-workflow	Checkout Repository	2026-02-18T13:38:10.9484110Z  * [new tag]             0.0.133                -> 0.0.133
end-workflow	Checkout Repository	2026-02-18T13:38:10.9484632Z  * [new tag]             0.0.134                -> 0.0.134
end-workflow	Checkout Repository	2026-02-18T13:38:10.9485058Z  * [new tag]             0.0.135                -> 0.0.135
end-workflow	Checkout Repository	2026-02-18T13:38:10.9485471Z  * [new tag]             0.0.136                -> 0.0.136
end-workflow	Checkout Repository	2026-02-18T13:38:10.9485876Z  * [new tag]             0.0.137                -> 0.0.137
end-workflow	Checkout Repository	2026-02-18T13:38:10.9486287Z  * [new tag]             0.0.138                -> 0.0.138
end-workflow	Checkout Repository	2026-02-18T13:38:10.9486699Z  * [new tag]             0.0.139                -> 0.0.139
end-workflow	Checkout Repository	2026-02-18T13:38:10.9487103Z  * [new tag]             0.0.14                 -> 0.0.14
end-workflow	Checkout Repository	2026-02-18T13:38:10.9487512Z  * [new tag]             0.0.140                -> 0.0.140
end-workflow	Checkout Repository	2026-02-18T13:38:10.9558608Z  * [new tag]             0.0.141                -> 0.0.141
end-workflow	Checkout Repository	2026-02-18T13:38:10.9559530Z  * [new tag]             0.0.142                -> 0.0.142
end-workflow	Checkout Repository	2026-02-18T13:38:10.9559993Z  * [new tag]             0.0.143                -> 0.0.143
end-workflow	Checkout Repository	2026-02-18T13:38:10.9560471Z  * [new tag]             0.0.144                -> 0.0.144
end-workflow	Checkout Repository	2026-02-18T13:38:10.9561010Z  * [new tag]             0.0.145                -> 0.0.145
end-workflow	Checkout Repository	2026-02-18T13:38:10.9561471Z  * [new tag]             0.0.146                -> 0.0.146
end-workflow	Checkout Repository	2026-02-18T13:38:10.9561919Z  * [new tag]             0.0.147                -> 0.0.147
end-workflow	Checkout Repository	2026-02-18T13:38:10.9562324Z  * [new tag]             0.0.148                -> 0.0.148
end-workflow	Checkout Repository	2026-02-18T13:38:10.9562732Z  * [new tag]             0.0.149                -> 0.0.149
end-workflow	Checkout Repository	2026-02-18T13:38:10.9563128Z  * [new tag]             0.0.15                 -> 0.0.15
end-workflow	Checkout Repository	2026-02-18T13:38:10.9563536Z  * [new tag]             0.0.150                -> 0.0.150
end-workflow	Checkout Repository	2026-02-18T13:38:10.9563965Z  * [new tag]             0.0.151                -> 0.0.151
end-workflow	Checkout Repository	2026-02-18T13:38:10.9564431Z  * [new tag]             0.0.152                -> 0.0.152
end-workflow	Checkout Repository	2026-02-18T13:38:10.9565559Z  * [new tag]             0.0.153                -> 0.0.153
end-workflow	Checkout Repository	2026-02-18T13:38:10.9566307Z  * [new tag]             0.0.154                -> 0.0.154
end-workflow	Checkout Repository	2026-02-18T13:38:10.9566718Z  * [new tag]             0.0.155                -> 0.0.155
end-workflow	Checkout Repository	2026-02-18T13:38:10.9567399Z  * [new tag]             0.0.156                -> 0.0.156
end-workflow	Checkout Repository	2026-02-18T13:38:10.9567808Z  * [new tag]             0.0.157                -> 0.0.157
end-workflow	Checkout Repository	2026-02-18T13:38:10.9568211Z  * [new tag]             0.0.158                -> 0.0.158
end-workflow	Checkout Repository	2026-02-18T13:38:10.9568614Z  * [new tag]             0.0.159                -> 0.0.159
end-workflow	Checkout Repository	2026-02-18T13:38:10.9569017Z  * [new tag]             0.0.16                 -> 0.0.16
end-workflow	Checkout Repository	2026-02-18T13:38:10.9569422Z  * [new tag]             0.0.160                -> 0.0.160
end-workflow	Checkout Repository	2026-02-18T13:38:10.9569827Z  * [new tag]             0.0.161                -> 0.0.161
end-workflow	Checkout Repository	2026-02-18T13:38:10.9570232Z  * [new tag]             0.0.162                -> 0.0.162
end-workflow	Checkout Repository	2026-02-18T13:38:10.9570640Z  * [new tag]             0.0.163                -> 0.0.163
end-workflow	Checkout Repository	2026-02-18T13:38:10.9571044Z  * [new tag]             0.0.164                -> 0.0.164
end-workflow	Checkout Repository	2026-02-18T13:38:10.9571703Z  * [new tag]             0.0.165                -> 0.0.165
end-workflow	Checkout Repository	2026-02-18T13:38:10.9572102Z  * [new tag]             0.0.166                -> 0.0.166
end-workflow	Checkout Repository	2026-02-18T13:38:10.9572505Z  * [new tag]             0.0.167                -> 0.0.167
end-workflow	Checkout Repository	2026-02-18T13:38:10.9572910Z  * [new tag]             0.0.168                -> 0.0.168
end-workflow	Checkout Repository	2026-02-18T13:38:10.9573310Z  * [new tag]             0.0.169                -> 0.0.169
end-workflow	Checkout Repository	2026-02-18T13:38:10.9573717Z  * [new tag]             0.0.17                 -> 0.0.17
end-workflow	Checkout Repository	2026-02-18T13:38:10.9574122Z  * [new tag]             0.0.170                -> 0.0.170
end-workflow	Checkout Repository	2026-02-18T13:38:10.9574800Z  * [new tag]             0.0.171                -> 0.0.171
end-workflow	Checkout Repository	2026-02-18T13:38:10.9575383Z  * [new tag]             0.0.172                -> 0.0.172
end-workflow	Checkout Repository	2026-02-18T13:38:10.9575832Z  * [new tag]             0.0.173                -> 0.0.173
end-workflow	Checkout Repository	2026-02-18T13:38:10.9576266Z  * [new tag]             0.0.174                -> 0.0.174
end-workflow	Checkout Repository	2026-02-18T13:38:10.9576954Z  * [new tag]             0.0.175                -> 0.0.175
end-workflow	Checkout Repository	2026-02-18T13:38:10.9577542Z  * [new tag]             0.0.176                -> 0.0.176
end-workflow	Checkout Repository	2026-02-18T13:38:10.9578088Z  * [new tag]             0.0.177                -> 0.0.177
end-workflow	Checkout Repository	2026-02-18T13:38:10.9578506Z  * [new tag]             0.0.178                -> 0.0.178
end-workflow	Checkout Repository	2026-02-18T13:38:10.9578903Z  * [new tag]             0.0.179                -> 0.0.179
end-workflow	Checkout Repository	2026-02-18T13:38:10.9579423Z  * [new tag]             0.0.18                 -> 0.0.18
end-workflow	Checkout Repository	2026-02-18T13:38:10.9579823Z  * [new tag]             0.0.19                 -> 0.0.19
end-workflow	Checkout Repository	2026-02-18T13:38:10.9580220Z  * [new tag]             0.0.2                  -> 0.0.2
end-workflow	Checkout Repository	2026-02-18T13:38:10.9580612Z  * [new tag]             0.0.20                 -> 0.0.20
end-workflow	Checkout Repository	2026-02-18T13:38:10.9581003Z  * [new tag]             0.0.21                 -> 0.0.21
end-workflow	Checkout Repository	2026-02-18T13:38:10.9581393Z  * [new tag]             0.0.22                 -> 0.0.22
end-workflow	Checkout Repository	2026-02-18T13:38:10.9581792Z  * [new tag]             0.0.23                 -> 0.0.23
end-workflow	Checkout Repository	2026-02-18T13:38:10.9582198Z  * [new tag]             0.0.24                 -> 0.0.24
end-workflow	Checkout Repository	2026-02-18T13:38:10.9582591Z  * [new tag]             0.0.25                 -> 0.0.25
end-workflow	Checkout Repository	2026-02-18T13:38:10.9582981Z  * [new tag]             0.0.26                 -> 0.0.26
end-workflow	Checkout Repository	2026-02-18T13:38:10.9583370Z  * [new tag]             0.0.27                 -> 0.0.27
end-workflow	Checkout Repository	2026-02-18T13:38:10.9583762Z  * [new tag]             0.0.28                 -> 0.0.28
end-workflow	Checkout Repository	2026-02-18T13:38:10.9584155Z  * [new tag]             0.0.29                 -> 0.0.29
end-workflow	Checkout Repository	2026-02-18T13:38:10.9584732Z  * [new tag]             0.0.3                  -> 0.0.3
end-workflow	Checkout Repository	2026-02-18T13:38:10.9585536Z  * [new tag]             0.0.30                 -> 0.0.30
end-workflow	Checkout Repository	2026-02-18T13:38:10.9585934Z  * [new tag]             0.0.31                 -> 0.0.31
end-workflow	Checkout Repository	2026-02-18T13:38:10.9586330Z  * [new tag]             0.0.32                 -> 0.0.32
end-workflow	Checkout Repository	2026-02-18T13:38:10.9586724Z  * [new tag]             0.0.33                 -> 0.0.33
end-workflow	Checkout Repository	2026-02-18T13:38:10.9587112Z  * [new tag]             0.0.34                 -> 0.0.34
end-workflow	Checkout Repository	2026-02-18T13:38:10.9587755Z  * [new tag]             0.0.35                 -> 0.0.35
end-workflow	Checkout Repository	2026-02-18T13:38:10.9588153Z  * [new tag]             0.0.36                 -> 0.0.36
end-workflow	Checkout Repository	2026-02-18T13:38:10.9588543Z  * [new tag]             0.0.37                 -> 0.0.37
end-workflow	Checkout Repository	2026-02-18T13:38:10.9588935Z  * [new tag]             0.0.38                 -> 0.0.38
end-workflow	Checkout Repository	2026-02-18T13:38:10.9589328Z  * [new tag]             0.0.39                 -> 0.0.39
end-workflow	Checkout Repository	2026-02-18T13:38:10.9589723Z  * [new tag]             0.0.4                  -> 0.0.4
end-workflow	Checkout Repository	2026-02-18T13:38:10.9590111Z  * [new tag]             0.0.40                 -> 0.0.40
end-workflow	Checkout Repository	2026-02-18T13:38:10.9590504Z  * [new tag]             0.0.41                 -> 0.0.41
end-workflow	Checkout Repository	2026-02-18T13:38:10.9590897Z  * [new tag]             0.0.42                 -> 0.0.42
end-workflow	Checkout Repository	2026-02-18T13:38:10.9591290Z  * [new tag]             0.0.43                 -> 0.0.43
end-workflow	Checkout Repository	2026-02-18T13:38:10.9591680Z  * [new tag]             0.0.44                 -> 0.0.44
end-workflow	Checkout Repository	2026-02-18T13:38:10.9592076Z  * [new tag]             0.0.45                 -> 0.0.45
end-workflow	Checkout Repository	2026-02-18T13:38:10.9592683Z  * [new tag]             0.0.46                 -> 0.0.46
end-workflow	Checkout Repository	2026-02-18T13:38:10.9593069Z  * [new tag]             0.0.47                 -> 0.0.47
end-workflow	Checkout Repository	2026-02-18T13:38:10.9593457Z  * [new tag]             0.0.48                 -> 0.0.48
end-workflow	Checkout Repository	2026-02-18T13:38:10.9593850Z  * [new tag]             0.0.49                 -> 0.0.49
end-workflow	Checkout Repository	2026-02-18T13:38:10.9594242Z  * [new tag]             0.0.5                  -> 0.0.5
end-workflow	Checkout Repository	2026-02-18T13:38:10.9594823Z  * [new tag]             0.0.50                 -> 0.0.50
end-workflow	Checkout Repository	2026-02-18T13:38:10.9595718Z  * [new tag]             0.0.51                 -> 0.0.51
end-workflow	Checkout Repository	2026-02-18T13:38:10.9596116Z  * [new tag]             0.0.52                 -> 0.0.52
end-workflow	Checkout Repository	2026-02-18T13:38:10.9596509Z  * [new tag]             0.0.53                 -> 0.0.53
end-workflow	Checkout Repository	2026-02-18T13:38:10.9596894Z  * [new tag]             0.0.54                 -> 0.0.54
end-workflow	Checkout Repository	2026-02-18T13:38:10.9597284Z  * [new tag]             0.0.55                 -> 0.0.55
end-workflow	Checkout Repository	2026-02-18T13:38:10.9597677Z  * [new tag]             0.0.56                 -> 0.0.56
end-workflow	Checkout Repository	2026-02-18T13:38:10.9598080Z  * [new tag]             0.0.57                 -> 0.0.57
end-workflow	Checkout Repository	2026-02-18T13:38:10.9598471Z  * [new tag]             0.0.58                 -> 0.0.58
end-workflow	Checkout Repository	2026-02-18T13:38:10.9598863Z  * [new tag]             0.0.59                 -> 0.0.59
end-workflow	Checkout Repository	2026-02-18T13:38:10.9599256Z  * [new tag]             0.0.6                  -> 0.0.6
end-workflow	Checkout Repository	2026-02-18T13:38:10.9599643Z  * [new tag]             0.0.60                 -> 0.0.60
end-workflow	Checkout Repository	2026-02-18T13:38:10.9600042Z  * [new tag]             0.0.61                 -> 0.0.61
end-workflow	Checkout Repository	2026-02-18T13:38:10.9600431Z  * [new tag]             0.0.62                 -> 0.0.62
end-workflow	Checkout Repository	2026-02-18T13:38:10.9600818Z  * [new tag]             0.0.63                 -> 0.0.63
end-workflow	Checkout Repository	2026-02-18T13:38:10.9601208Z  * [new tag]             0.0.64                 -> 0.0.64
end-workflow	Checkout Repository	2026-02-18T13:38:10.9601595Z  * [new tag]             0.0.65                 -> 0.0.65
end-workflow	Checkout Repository	2026-02-18T13:38:10.9601982Z  * [new tag]             0.0.66                 -> 0.0.66
end-workflow	Checkout Repository	2026-02-18T13:38:10.9602374Z  * [new tag]             0.0.67                 -> 0.0.67
end-workflow	Checkout Repository	2026-02-18T13:38:10.9602767Z  * [new tag]             0.0.68                 -> 0.0.68
end-workflow	Checkout Repository	2026-02-18T13:38:10.9603152Z  * [new tag]             0.0.69                 -> 0.0.69
end-workflow	Checkout Repository	2026-02-18T13:38:10.9603543Z  * [new tag]             0.0.7                  -> 0.0.7
end-workflow	Checkout Repository	2026-02-18T13:38:10.9604066Z  * [new tag]             0.0.70                 -> 0.0.70
end-workflow	Checkout Repository	2026-02-18T13:38:10.9604744Z  * [new tag]             0.0.71                 -> 0.0.71
end-workflow	Checkout Repository	2026-02-18T13:38:10.9605293Z  * [new tag]             0.0.72                 -> 0.0.72
end-workflow	Checkout Repository	2026-02-18T13:38:10.9605674Z  * [new tag]             0.0.73                 -> 0.0.73
end-workflow	Checkout Repository	2026-02-18T13:38:10.9606064Z  * [new tag]             0.0.74                 -> 0.0.74
end-workflow	Checkout Repository	2026-02-18T13:38:10.9606454Z  * [new tag]             0.0.75                 -> 0.0.75
end-workflow	Checkout Repository	2026-02-18T13:38:10.9606837Z  * [new tag]             0.0.76                 -> 0.0.76
end-workflow	Checkout Repository	2026-02-18T13:38:10.9607217Z  * [new tag]             0.0.77                 -> 0.0.77
end-workflow	Checkout Repository	2026-02-18T13:38:10.9607825Z  * [new tag]             0.0.78                 -> 0.0.78
end-workflow	Checkout Repository	2026-02-18T13:38:10.9608215Z  * [new tag]             0.0.79                 -> 0.0.79
end-workflow	Checkout Repository	2026-02-18T13:38:10.9608603Z  * [new tag]             0.0.8                  -> 0.0.8
end-workflow	Checkout Repository	2026-02-18T13:38:10.9608983Z  * [new tag]             0.0.80                 -> 0.0.80
end-workflow	Checkout Repository	2026-02-18T13:38:10.9609366Z  * [new tag]             0.0.81                 -> 0.0.81
end-workflow	Checkout Repository	2026-02-18T13:38:10.9609751Z  * [new tag]             0.0.82                 -> 0.0.82
end-workflow	Checkout Repository	2026-02-18T13:38:10.9610131Z  * [new tag]             0.0.83                 -> 0.0.83
end-workflow	Checkout Repository	2026-02-18T13:38:10.9610514Z  * [new tag]             0.0.84                 -> 0.0.84
end-workflow	Checkout Repository	2026-02-18T13:38:10.9610902Z  * [new tag]             0.0.85                 -> 0.0.85
end-workflow	Checkout Repository	2026-02-18T13:38:10.9611286Z  * [new tag]             0.0.86                 -> 0.0.86
end-workflow	Checkout Repository	2026-02-18T13:38:10.9611670Z  * [new tag]             0.0.87                 -> 0.0.87
end-workflow	Checkout Repository	2026-02-18T13:38:10.9612059Z  * [new tag]             0.0.88                 -> 0.0.88
end-workflow	Checkout Repository	2026-02-18T13:38:10.9612679Z  * [new tag]             0.0.89                 -> 0.0.89
end-workflow	Checkout Repository	2026-02-18T13:38:10.9613061Z  * [new tag]             0.0.9                  -> 0.0.9
end-workflow	Checkout Repository	2026-02-18T13:38:10.9613450Z  * [new tag]             0.0.90                 -> 0.0.90
end-workflow	Checkout Repository	2026-02-18T13:38:10.9613838Z  * [new tag]             0.0.91                 -> 0.0.91
end-workflow	Checkout Repository	2026-02-18T13:38:10.9614220Z  * [new tag]             0.0.92                 -> 0.0.92
end-workflow	Checkout Repository	2026-02-18T13:38:10.9614888Z  * [new tag]             0.0.93                 -> 0.0.93
end-workflow	Checkout Repository	2026-02-18T13:38:10.9615301Z  * [new tag]             0.0.94                 -> 0.0.94
end-workflow	Checkout Repository	2026-02-18T13:38:10.9615834Z  * [new tag]             0.0.95                 -> 0.0.95
end-workflow	Checkout Repository	2026-02-18T13:38:10.9616380Z  * [new tag]             0.0.96                 -> 0.0.96
end-workflow	Checkout Repository	2026-02-18T13:38:10.9616780Z  * [new tag]             0.0.97                 -> 0.0.97
end-workflow	Checkout Repository	2026-02-18T13:38:10.9617302Z  * [new tag]             0.0.98                 -> 0.0.98
end-workflow	Checkout Repository	2026-02-18T13:38:10.9617690Z  * [new tag]             0.0.99                 -> 0.0.99
end-workflow	Checkout Repository	2026-02-18T13:38:10.9618087Z  * [new tag]             0.1.0                  -> 0.1.0
end-workflow	Checkout Repository	2026-02-18T13:38:10.9618473Z  * [new tag]             0.1.1                  -> 0.1.1
end-workflow	Checkout Repository	2026-02-18T13:38:10.9618857Z  * [new tag]             0.2.0                  -> 0.2.0
end-workflow	Checkout Repository	2026-02-18T13:38:10.9619242Z  * [new tag]             0.3.0                  -> 0.3.0
end-workflow	Checkout Repository	2026-02-18T13:38:10.9619623Z  * [new tag]             0.3.1                  -> 0.3.1
end-workflow	Checkout Repository	2026-02-18T13:38:10.9620009Z  * [new tag]             0.3.10                 -> 0.3.10
end-workflow	Checkout Repository	2026-02-18T13:38:10.9620398Z  * [new tag]             0.3.11                 -> 0.3.11
end-workflow	Checkout Repository	2026-02-18T13:38:10.9620808Z  * [new tag]             0.3.12                 -> 0.3.12
end-workflow	Checkout Repository	2026-02-18T13:38:10.9621204Z  * [new tag]             0.3.13                 -> 0.3.13
end-workflow	Checkout Repository	2026-02-18T13:38:10.9621591Z  * [new tag]             0.3.14                 -> 0.3.14
end-workflow	Checkout Repository	2026-02-18T13:38:10.9621978Z  * [new tag]             0.3.15                 -> 0.3.15
end-workflow	Checkout Repository	2026-02-18T13:38:10.9622364Z  * [new tag]             0.3.16                 -> 0.3.16
end-workflow	Checkout Repository	2026-02-18T13:38:10.9622764Z  * [new tag]             0.3.17                 -> 0.3.17
end-workflow	Checkout Repository	2026-02-18T13:38:10.9623147Z  * [new tag]             0.3.2                  -> 0.3.2
end-workflow	Checkout Repository	2026-02-18T13:38:10.9623533Z  * [new tag]             0.3.3                  -> 0.3.3
end-workflow	Checkout Repository	2026-02-18T13:38:10.9623920Z  * [new tag]             0.3.4                  -> 0.3.4
end-workflow	Checkout Repository	2026-02-18T13:38:10.9624302Z  * [new tag]             0.3.5                  -> 0.3.5
end-workflow	Checkout Repository	2026-02-18T13:38:10.9624897Z  * [new tag]             0.3.6                  -> 0.3.6
end-workflow	Checkout Repository	2026-02-18T13:38:10.9625537Z  * [new tag]             0.3.7                  -> 0.3.7
end-workflow	Checkout Repository	2026-02-18T13:38:10.9625920Z  * [new tag]             0.3.8                  -> 0.3.8
end-workflow	Checkout Repository	2026-02-18T13:38:10.9626298Z  * [new tag]             0.3.9                  -> 0.3.9
end-workflow	Checkout Repository	2026-02-18T13:38:10.9626679Z  * [new tag]             0.4.0                  -> 0.4.0
end-workflow	Checkout Repository	2026-02-18T13:38:10.9627061Z  * [new tag]             0.4.1                  -> 0.4.1
end-workflow	Checkout Repository	2026-02-18T13:38:10.9627748Z  * [new tag]             0.4.2                  -> 0.4.2
end-workflow	Checkout Repository	2026-02-18T13:38:10.9628588Z  * [new tag]             0.4.3                  -> 0.4.3
end-workflow	Checkout Repository	2026-02-18T13:38:10.9628973Z  * [new tag]             0.4.4                  -> 0.4.4
end-workflow	Checkout Repository	2026-02-18T13:38:10.9629356Z  * [new tag]             0.4.5                  -> 0.4.5
end-workflow	Checkout Repository	2026-02-18T13:38:10.9629739Z  * [new tag]             0.4.6                  -> 0.4.6
end-workflow	Checkout Repository	2026-02-18T13:38:10.9630121Z  * [new tag]             0.4.7                  -> 0.4.7
end-workflow	Checkout Repository	2026-02-18T13:38:10.9630501Z  * [new tag]             0.4.8                  -> 0.4.8
end-workflow	Checkout Repository	2026-02-18T13:38:10.9630879Z  * [new tag]             0.4.9                  -> 0.4.9
end-workflow	Checkout Repository	2026-02-18T13:38:10.9631255Z  * [new tag]             0.5.0                  -> 0.5.0
end-workflow	Checkout Repository	2026-02-18T13:38:10.9631638Z  * [new tag]             0.5.1                  -> 0.5.1
end-workflow	Checkout Repository	2026-02-18T13:38:10.9632020Z  * [new tag]             0.5.2                  -> 0.5.2
end-workflow	Checkout Repository	2026-02-18T13:38:10.9632398Z  * [new tag]             0.6.0                  -> 0.6.0
end-workflow	Checkout Repository	2026-02-18T13:38:10.9632787Z  * [new tag]             0.6.1                  -> 0.6.1
end-workflow	Checkout Repository	2026-02-18T13:38:10.9633411Z  * [new tag]             0.6.2                  -> 0.6.2
end-workflow	Checkout Repository	2026-02-18T13:38:10.9852234Z [command]/usr/bin/git branch --list --remote origin/main
end-workflow	Checkout Repository	2026-02-18T13:38:10.9929078Z   origin/main
end-workflow	Checkout Repository	2026-02-18T13:38:10.9941997Z [command]/usr/bin/git rev-parse refs/remotes/origin/main
end-workflow	Checkout Repository	2026-02-18T13:38:10.9971895Z d6419eaf6864227cef9960f88e6054d18a6ec142
end-workflow	Checkout Repository	2026-02-18T13:38:10.9985432Z [command]/usr/bin/git -c protocol.version=2 fetch --no-tags --prune --no-recurse-submodules origin +5ff2f2a65b7972772c9d6b71040db224f31dbad1:refs/remotes/origin/main
end-workflow	Checkout Repository	2026-02-18T13:38:11.0170634Z From https://github.com/Ka0s-Klaus/ka0s
end-workflow	Checkout Repository	2026-02-18T13:38:11.0171526Z  + d6419eaf6...5ff2f2a65 5ff2f2a65b7972772c9d6b71040db224f31dbad1 -> origin/main  (forced update)
end-workflow	Checkout Repository	2026-02-18T13:38:11.0210057Z ##[endgroup]
end-workflow	Checkout Repository	2026-02-18T13:38:11.0210932Z ##[group]Determining the checkout info
end-workflow	Checkout Repository	2026-02-18T13:38:11.0211453Z ##[endgroup]
end-workflow	Checkout Repository	2026-02-18T13:38:11.0217481Z [command]/usr/bin/git sparse-checkout disable
end-workflow	Checkout Repository	2026-02-18T13:38:11.0271534Z [command]/usr/bin/git config --local --unset-all extensions.worktreeConfig
end-workflow	Checkout Repository	2026-02-18T13:38:11.0313080Z ##[group]Checking out the ref
end-workflow	Checkout Repository	2026-02-18T13:38:11.0320666Z [command]/usr/bin/git checkout --progress --force -B main refs/remotes/origin/main
end-workflow	Checkout Repository	2026-02-18T13:38:11.2828257Z Switched to a new branch 'main'
end-workflow	Checkout Repository	2026-02-18T13:38:11.2832385Z branch 'main' set up to track 'origin/main'.
end-workflow	Checkout Repository	2026-02-18T13:38:11.2891324Z ##[endgroup]
end-workflow	Checkout Repository	2026-02-18T13:38:11.2934863Z [command]/usr/bin/git log -1 --format=%H
end-workflow	Checkout Repository	2026-02-18T13:38:11.2970627Z 5ff2f2a65b7972772c9d6b71040db224f31dbad1
end-workflow	Install GH CLI	Ôªø2026-02-18T13:38:11.3277921Z Prepare all required actions
end-workflow	Install GH CLI	2026-02-18T13:38:11.3331389Z ##[group]Run ./.github/actions/install-gh-cli
end-workflow	Install GH CLI	2026-02-18T13:38:11.3331706Z env:
end-workflow	Install GH CLI	2026-02-18T13:38:11.3331889Z   PYTHON_VERSION: 3.9
end-workflow	Install GH CLI	2026-02-18T13:38:11.3332793Z   MONGO_SUPERUSER_CONNECTION: ***
end-workflow	Install GH CLI	2026-02-18T13:38:11.3333177Z   MONGO_NEW_PASS: ***
end-workflow	Install GH CLI	2026-02-18T13:38:11.3333505Z   MONGO_SCRIPT_CREATE: devops/core/mongo/scripts/mongodb_status_report.py
end-workflow	Install GH CLI	2026-02-18T13:38:11.3333912Z   KAOS_CODE: 22141932538
end-workflow	Install GH CLI	2026-02-18T13:38:11.3334130Z   REPORT_SCAN: audit/
end-workflow	Install GH CLI	2026-02-18T13:38:11.3334343Z   REPORT_PATH: audit/mongodb/
end-workflow	Install GH CLI	2026-02-18T13:38:11.3335613Z   REPORT_FILENAME: 22141932538.json
end-workflow	Install GH CLI	2026-02-18T13:38:11.3335898Z   KAOS_MODULE: [Ka0s] Status MongDB Report
end-workflow	Install GH CLI	2026-02-18T13:38:11.3336172Z ##[endgroup]
end-workflow	Install GH CLI	2026-02-18T13:38:11.3429019Z ##[group]Run type -p curl >/dev/null || (sudo apt-get update && sudo apt-get install curl -y)
end-workflow	Install GH CLI	2026-02-18T13:38:11.3429853Z [36;1mtype -p curl >/dev/null || (sudo apt-get update && sudo apt-get install curl -y)[0m
end-workflow	Install GH CLI	2026-02-18T13:38:11.3430853Z [36;1mcurl -fsSL https://cli.github.com/packages/githubcli-archive-keyring.gpg | sudo dd of=/usr/share/keyrings/githubcli-archive-keyring.gpg \[0m
end-workflow	Install GH CLI	2026-02-18T13:38:11.3431880Z [36;1m&& sudo chmod go+r /usr/share/keyrings/githubcli-archive-keyring.gpg \[0m
end-workflow	Install GH CLI	2026-02-18T13:38:11.3432967Z [36;1m&& echo "deb [arch=$(dpkg --print-architecture) signed-by=/usr/share/keyrings/githubcli-archive-keyring.gpg] https://cli.github.com/packages stable main" | sudo tee /etc/apt/sources.list.d/github-cli.list > /dev/null \[0m
end-workflow	Install GH CLI	2026-02-18T13:38:11.3434243Z [36;1m&& sudo apt-get update \[0m
end-workflow	Install GH CLI	2026-02-18T13:38:11.3434850Z [36;1m&& sudo apt-get install gh -y[0m
end-workflow	Install GH CLI	2026-02-18T13:38:11.3453279Z shell: /usr/bin/bash --noprofile --norc -e -o pipefail {0}
end-workflow	Install GH CLI	2026-02-18T13:38:11.3453643Z env:
end-workflow	Install GH CLI	2026-02-18T13:38:11.3453828Z   PYTHON_VERSION: 3.9
end-workflow	Install GH CLI	2026-02-18T13:38:11.3455245Z   MONGO_SUPERUSER_CONNECTION: ***
end-workflow	Install GH CLI	2026-02-18T13:38:11.3455635Z   MONGO_NEW_PASS: ***
end-workflow	Install GH CLI	2026-02-18T13:38:11.3455964Z   MONGO_SCRIPT_CREATE: devops/core/mongo/scripts/mongodb_status_report.py
end-workflow	Install GH CLI	2026-02-18T13:38:11.3456358Z   KAOS_CODE: 22141932538
end-workflow	Install GH CLI	2026-02-18T13:38:11.3456565Z   REPORT_SCAN: audit/
end-workflow	Install GH CLI	2026-02-18T13:38:11.3456778Z   REPORT_PATH: audit/mongodb/
end-workflow	Install GH CLI	2026-02-18T13:38:11.3457028Z   REPORT_FILENAME: 22141932538.json
end-workflow	Install GH CLI	2026-02-18T13:38:11.3457293Z   KAOS_MODULE: [Ka0s] Status MongDB Report
end-workflow	Install GH CLI	2026-02-18T13:38:11.3457550Z ##[endgroup]
end-workflow	Install GH CLI	2026-02-18T13:38:11.5465959Z 4+1 records in
end-workflow	Install GH CLI	2026-02-18T13:38:11.5466246Z 4+1 records out
end-workflow	Install GH CLI	2026-02-18T13:38:11.5466553Z 2270 bytes (2.3 kB, 2.2 KiB) copied, 0.174636 s, 13.0 kB/s
end-workflow	Install GH CLI	2026-02-18T13:38:11.7746239Z Get:1 http://archive.ubuntu.com/ubuntu noble InRelease [256 kB]
end-workflow	Install GH CLI	2026-02-18T13:38:11.7764779Z Get:2 http://security.ubuntu.com/ubuntu noble-security InRelease [126 kB]
end-workflow	Install GH CLI	2026-02-18T13:38:11.7809087Z Get:3 https://cli.github.com/packages stable InRelease [3917 B]
end-workflow	Install GH CLI	2026-02-18T13:38:11.9269841Z Get:4 https://ppa.launchpadcontent.net/git-core/ppa/ubuntu noble InRelease [24.3 kB]
end-workflow	Install GH CLI	2026-02-18T13:38:12.0511234Z Get:5 https://cli.github.com/packages stable/main amd64 Packages [356 B]
end-workflow	Install GH CLI	2026-02-18T13:38:12.0730372Z Get:6 http://archive.ubuntu.com/ubuntu noble-updates InRelease [126 kB]
end-workflow	Install GH CLI	2026-02-18T13:38:12.1013945Z Get:7 https://ppa.launchpadcontent.net/git-core/ppa/ubuntu noble/main amd64 Packages [2992 B]
end-workflow	Install GH CLI	2026-02-18T13:38:12.1450366Z Get:8 http://archive.ubuntu.com/ubuntu noble-backports InRelease [126 kB]
end-workflow	Install GH CLI	2026-02-18T13:38:12.2010980Z Get:9 http://security.ubuntu.com/ubuntu noble-security/main amd64 Packages [1843 kB]
end-workflow	Install GH CLI	2026-02-18T13:38:12.2914252Z Get:10 http://archive.ubuntu.com/ubuntu noble/universe amd64 Packages [19.3 MB]
end-workflow	Install GH CLI	2026-02-18T13:38:12.4743812Z Get:11 http://security.ubuntu.com/ubuntu noble-security/restricted amd64 Packages [3157 kB]
end-workflow	Install GH CLI	2026-02-18T13:38:12.5498168Z Get:12 http://security.ubuntu.com/ubuntu noble-security/universe amd64 Packages [1205 kB]
end-workflow	Install GH CLI	2026-02-18T13:38:12.5769652Z Get:13 http://security.ubuntu.com/ubuntu noble-security/multiverse amd64 Packages [34.8 kB]
end-workflow	Install GH CLI	2026-02-18T13:38:12.8024631Z Get:14 http://archive.ubuntu.com/ubuntu noble/main amd64 Packages [1808 kB]
end-workflow	Install GH CLI	2026-02-18T13:38:12.8184113Z Get:15 http://archive.ubuntu.com/ubuntu noble/multiverse amd64 Packages [331 kB]
end-workflow	Install GH CLI	2026-02-18T13:38:12.8732391Z Get:16 http://archive.ubuntu.com/ubuntu noble/restricted amd64 Packages [117 kB]
end-workflow	Install GH CLI	2026-02-18T13:38:12.8741399Z Get:17 http://archive.ubuntu.com/ubuntu noble-updates/multiverse amd64 Packages [38.1 kB]
end-workflow	Install GH CLI	2026-02-18T13:38:12.8755368Z Get:18 http://archive.ubuntu.com/ubuntu noble-updates/restricted amd64 Packages [3360 kB]
end-workflow	Install GH CLI	2026-02-18T13:38:12.8969254Z Get:19 http://archive.ubuntu.com/ubuntu noble-updates/universe amd64 Packages [2015 kB]
end-workflow	Install GH CLI	2026-02-18T13:38:12.9506893Z Get:20 http://archive.ubuntu.com/ubuntu noble-updates/main amd64 Packages [2234 kB]
end-workflow	Install GH CLI	2026-02-18T13:38:13.0175094Z Get:21 http://archive.ubuntu.com/ubuntu noble-backports/main amd64 Packages [49.5 kB]
end-workflow	Install GH CLI	2026-02-18T13:38:13.0180029Z Get:22 http://archive.ubuntu.com/ubuntu noble-backports/universe amd64 Packages [34.6 kB]
end-workflow	Install GH CLI	2026-02-18T13:38:14.0047561Z Fetched 36.2 MB in 2s (15.3 MB/s)
end-workflow	Install GH CLI	2026-02-18T13:38:14.9299635Z Reading package lists...
end-workflow	Install GH CLI	2026-02-18T13:38:15.9015584Z Reading package lists...
end-workflow	Install GH CLI	2026-02-18T13:38:16.1301120Z Building dependency tree...
end-workflow	Install GH CLI	2026-02-18T13:38:16.1301964Z Reading state information...
end-workflow	Install GH CLI	2026-02-18T13:38:16.4911008Z The following NEW packages will be installed:
end-workflow	Install GH CLI	2026-02-18T13:38:16.4930118Z   gh
end-workflow	Install GH CLI	2026-02-18T13:38:16.7300884Z 0 upgraded, 1 newly installed, 0 to remove and 25 not upgraded.
end-workflow	Install GH CLI	2026-02-18T13:38:16.7303969Z Need to get 13.7 MB of archives.
end-workflow	Install GH CLI	2026-02-18T13:38:16.7306180Z After this operation, 37.9 MB of additional disk space will be used.
end-workflow	Install GH CLI	2026-02-18T13:38:16.7308610Z Get:1 https://cli.github.com/packages stable/main amd64 gh amd64 2.86.0 [13.7 MB]
end-workflow	Install GH CLI	2026-02-18T13:38:17.0793217Z debconf: delaying package configuration, since apt-utils is not installed
end-workflow	Install GH CLI	2026-02-18T13:38:17.1223147Z Fetched 13.7 MB in 0s (32.7 MB/s)
end-workflow	Install GH CLI	2026-02-18T13:38:17.1520510Z Selecting previously unselected package gh.
end-workflow	Install GH CLI	2026-02-18T13:38:17.1681434Z (Reading database ... 
end-workflow	Install GH CLI	2026-02-18T13:38:17.1682594Z (Reading database ... 5%
end-workflow	Install GH CLI	2026-02-18T13:38:17.1683696Z (Reading database ... 10%
end-workflow	Install GH CLI	2026-02-18T13:38:17.1685506Z (Reading database ... 15%
end-workflow	Install GH CLI	2026-02-18T13:38:17.1686535Z (Reading database ... 20%
end-workflow	Install GH CLI	2026-02-18T13:38:17.1687576Z (Reading database ... 25%
end-workflow	Install GH CLI	2026-02-18T13:38:17.1688579Z (Reading database ... 30%
end-workflow	Install GH CLI	2026-02-18T13:38:17.1689553Z (Reading database ... 35%
end-workflow	Install GH CLI	2026-02-18T13:38:17.1690555Z (Reading database ... 40%
end-workflow	Install GH CLI	2026-02-18T13:38:17.1691579Z (Reading database ... 45%
end-workflow	Install GH CLI	2026-02-18T13:38:17.1692574Z (Reading database ... 50%
end-workflow	Install GH CLI	2026-02-18T13:38:17.1693554Z (Reading database ... 55%
end-workflow	Install GH CLI	2026-02-18T13:38:17.1694714Z (Reading database ... 60%
end-workflow	Install GH CLI	2026-02-18T13:38:17.1709498Z (Reading database ... 65%
end-workflow	Install GH CLI	2026-02-18T13:38:17.1762618Z (Reading database ... 70%
end-workflow	Install GH CLI	2026-02-18T13:38:17.1775426Z (Reading database ... 75%
end-workflow	Install GH CLI	2026-02-18T13:38:17.1802767Z (Reading database ... 80%
end-workflow	Install GH CLI	2026-02-18T13:38:17.1810619Z (Reading database ... 85%
end-workflow	Install GH CLI	2026-02-18T13:38:17.1828816Z (Reading database ... 90%
end-workflow	Install GH CLI	2026-02-18T13:38:17.1860207Z (Reading database ... 95%
end-workflow	Install GH CLI	2026-02-18T13:38:17.1860629Z (Reading database ... 100%
end-workflow	Install GH CLI	2026-02-18T13:38:17.1861190Z (Reading database ... 14385 files and directories currently installed.)
end-workflow	Install GH CLI	2026-02-18T13:38:17.1867816Z Preparing to unpack .../archives/gh_2.86.0_amd64.deb ...
end-workflow	Install GH CLI	2026-02-18T13:38:17.1898754Z Unpacking gh (2.86.0) ...
end-workflow	Install GH CLI	2026-02-18T13:38:17.4654325Z Setting up gh (2.86.0) ...
end-workflow	Trigger Inspector	Ôªø2026-02-18T13:38:17.5408345Z ##[group]Run echo "üîç Triggering Inspector for Audit..."
end-workflow	Trigger Inspector	2026-02-18T13:38:17.5409035Z [36;1mecho "üîç Triggering Inspector for Audit..."[0m
end-workflow	Trigger Inspector	2026-02-18T13:38:17.5409545Z [36;1mgh workflow run inspector.yml \[0m
end-workflow	Trigger Inspector	2026-02-18T13:38:17.5409972Z [36;1m  --ref main \[0m
end-workflow	Trigger Inspector	2026-02-18T13:38:17.5410348Z [36;1m  -f kaos-workflow-id="22141932538" \[0m
end-workflow	Trigger Inspector	2026-02-18T13:38:17.5410820Z [36;1m  -f kaos-user-start="ka0score"[0m
end-workflow	Trigger Inspector	2026-02-18T13:38:17.5429127Z shell: /usr/bin/bash -e {0}
end-workflow	Trigger Inspector	2026-02-18T13:38:17.5429510Z env:
end-workflow	Trigger Inspector	2026-02-18T13:38:17.5429780Z   PYTHON_VERSION: 3.9
end-workflow	Trigger Inspector	2026-02-18T13:38:17.5430961Z   MONGO_SUPERUSER_CONNECTION: ***
end-workflow	Trigger Inspector	2026-02-18T13:38:17.5431536Z   MONGO_NEW_PASS: ***
end-workflow	Trigger Inspector	2026-02-18T13:38:17.5432045Z   MONGO_SCRIPT_CREATE: devops/core/mongo/scripts/mongodb_status_report.py
end-workflow	Trigger Inspector	2026-02-18T13:38:17.5432642Z   KAOS_CODE: 22141932538
end-workflow	Trigger Inspector	2026-02-18T13:38:17.5432965Z   REPORT_SCAN: audit/
end-workflow	Trigger Inspector	2026-02-18T13:38:17.5433289Z   REPORT_PATH: audit/mongodb/
end-workflow	Trigger Inspector	2026-02-18T13:38:17.5433665Z   REPORT_FILENAME: 22141932538.json
end-workflow	Trigger Inspector	2026-02-18T13:38:17.5434145Z   KAOS_MODULE: [Ka0s] Status MongDB Report
end-workflow	Trigger Inspector	2026-02-18T13:38:17.5434928Z   GH_TOKEN: ***
end-workflow	Trigger Inspector	2026-02-18T13:38:17.5435235Z ##[endgroup]
end-workflow	Trigger Inspector	2026-02-18T13:38:17.5481679Z üîç Triggering Inspector for Audit...
end-workflow	Post Checkout Repository	Ôªø2026-02-18T13:38:19.6729354Z Post job cleanup.
end-workflow	Post Checkout Repository	2026-02-18T13:38:19.7835697Z [command]/usr/bin/git version
end-workflow	Post Checkout Repository	2026-02-18T13:38:19.7878720Z git version 2.52.0
end-workflow	Post Checkout Repository	2026-02-18T13:38:19.7936318Z Temporarily overriding HOME='/home/runner/_work/_temp/e8a0516b-7729-478d-9a0a-3e793c22e9de' before making global git config changes
end-workflow	Post Checkout Repository	2026-02-18T13:38:19.7937449Z Adding repository directory to the temporary git global config as a safe directory
end-workflow	Post Checkout Repository	2026-02-18T13:38:19.7938287Z [command]/usr/bin/git config --global --add safe.directory /home/runner/_work/ka0s/ka0s
end-workflow	Post Checkout Repository	2026-02-18T13:38:19.7990928Z [command]/usr/bin/git config --local --name-only --get-regexp core\.sshCommand
end-workflow	Post Checkout Repository	2026-02-18T13:38:19.8043327Z [command]/usr/bin/git submodule foreach --recursive sh -c "git config --local --name-only --get-regexp 'core\.sshCommand' && git config --local --unset-all 'core.sshCommand' || :"
end-workflow	Post Checkout Repository	2026-02-18T13:38:19.8380932Z [command]/usr/bin/git config --local --name-only --get-regexp http\.https\:\/\/github\.com\/\.extraheader
end-workflow	Post Checkout Repository	2026-02-18T13:38:19.8411830Z http.https://github.com/.extraheader
end-workflow	Post Checkout Repository	2026-02-18T13:38:19.8426003Z [command]/usr/bin/git config --local --unset-all http.https://github.com/.extraheader
end-workflow	Post Checkout Repository	2026-02-18T13:38:19.8471190Z [command]/usr/bin/git submodule foreach --recursive sh -c "git config --local --name-only --get-regexp 'http\.https\:\/\/github\.com\/\.extraheader' && git config --local --unset-all 'http.https://github.com/.extraheader' || :"
end-workflow	Post Checkout Repository	2026-02-18T13:38:19.8812995Z [command]/usr/bin/git config --local --name-only --get-regexp ^includeIf\.gitdir:
end-workflow	Post Checkout Repository	2026-02-18T13:38:19.8858979Z [command]/usr/bin/git submodule foreach --recursive git config --local --show-origin --name-only --get-regexp remote.origin.url
end-workflow	Complete job	Ôªø2026-02-18T13:38:19.9387855Z Cleaning up orphan processes
