job-core	Set up job	Ôªø2026-02-18T14:56:58.0609131Z Current runner version: '2.331.0'
job-core	Set up job	2026-02-18T14:56:58.0618469Z Runner name: 'swarm-runners-scaleset-hkss5-runner-7gl8t'
job-core	Set up job	2026-02-18T14:56:58.0619649Z Runner group name: 'Default'
job-core	Set up job	2026-02-18T14:56:58.0620766Z Machine name: 'swarm-runners-scaleset-hkss5-runner-7gl8t'
job-core	Set up job	2026-02-18T14:56:58.0624935Z ##[group]GITHUB_TOKEN Permissions
job-core	Set up job	2026-02-18T14:56:58.0628184Z Actions: write
job-core	Set up job	2026-02-18T14:56:58.0628828Z Contents: write
job-core	Set up job	2026-02-18T14:56:58.0629542Z Issues: write
job-core	Set up job	2026-02-18T14:56:58.0630194Z Metadata: read
job-core	Set up job	2026-02-18T14:56:58.0631085Z PullRequests: write
job-core	Set up job	2026-02-18T14:56:58.0631860Z ##[endgroup]
job-core	Set up job	2026-02-18T14:56:58.0634336Z Secret source: Actions
job-core	Set up job	2026-02-18T14:56:58.0635477Z Prepare workflow directory
job-core	Set up job	2026-02-18T14:56:58.1216709Z Prepare all required actions
job-core	Set up job	2026-02-18T14:56:58.1259558Z Getting action download info
job-core	Set up job	2026-02-18T14:56:58.7596707Z Download action repository 'actions/checkout@v4' (SHA:34e114876b0b11c390a56381ad16ebd13914f8d5)
job-core	Set up job	2026-02-18T14:56:59.6490359Z Download action repository 'actions/setup-python@v4' (SHA:7f4fc3e22c37d6ff65e88745f38bd3157c663f7c)
job-core	Set up job	2026-02-18T14:57:00.6347401Z Download action repository 'actions/upload-artifact@v4' (SHA:ea165f8d65b6e75b540449e92b4886f43607fa02)
job-core	Set up job	2026-02-18T14:57:40.1395603Z Complete job name: job-core
job-core	Checkout code	Ôªø2026-02-18T14:57:40.2026281Z ##[group]Run actions/checkout@v4
job-core	Checkout code	2026-02-18T14:57:40.2026995Z with:
job-core	Checkout code	2026-02-18T14:57:40.2027262Z   fetch-depth: 0
job-core	Checkout code	2026-02-18T14:57:40.2027535Z   repository: Ka0s-Klaus/ka0s
job-core	Checkout code	2026-02-18T14:57:40.2028083Z   token: ***
job-core	Checkout code	2026-02-18T14:57:40.2028331Z   ssh-strict: true
job-core	Checkout code	2026-02-18T14:57:40.2028587Z   ssh-user: git
job-core	Checkout code	2026-02-18T14:57:40.2028849Z   persist-credentials: true
job-core	Checkout code	2026-02-18T14:57:40.2029134Z   clean: true
job-core	Checkout code	2026-02-18T14:57:40.2029405Z   sparse-checkout-cone-mode: true
job-core	Checkout code	2026-02-18T14:57:40.2029725Z   fetch-tags: false
job-core	Checkout code	2026-02-18T14:57:40.2030001Z   show-progress: true
job-core	Checkout code	2026-02-18T14:57:40.2030267Z   lfs: false
job-core	Checkout code	2026-02-18T14:57:40.2030514Z   submodules: false
job-core	Checkout code	2026-02-18T14:57:40.2030781Z   set-safe-directory: true
job-core	Checkout code	2026-02-18T14:57:40.2031297Z env:
job-core	Checkout code	2026-02-18T14:57:40.2031568Z   PYTHON_VERSION: 3.9
job-core	Checkout code	2026-02-18T14:57:40.2032382Z   MONGO_SUPERUSER_CONNECTION: ***
job-core	Checkout code	2026-02-18T14:57:40.2032827Z   MONGO_NEW_PASS: ***
job-core	Checkout code	2026-02-18T14:57:40.2033226Z   MONGO_SCRIPT_CREATE: devops/core/mongo/scripts/mongodb_status_report.py
job-core	Checkout code	2026-02-18T14:57:40.2033869Z   KAOS_CODE: 22144826880
job-core	Checkout code	2026-02-18T14:57:40.2034151Z   REPORT_SCAN: audit/
job-core	Checkout code	2026-02-18T14:57:40.2034435Z   REPORT_PATH: audit/mongodb/
job-core	Checkout code	2026-02-18T14:57:40.2035230Z   REPORT_FILENAME: 22144826880.json
job-core	Checkout code	2026-02-18T14:57:40.2035691Z   KAOS_MODULE: [Ka0s] Status MongDB Report
job-core	Checkout code	2026-02-18T14:57:40.2036036Z   GITHUB_OUTPUT: 
job-core	Checkout code	2026-02-18T14:57:40.2036307Z ##[endgroup]
job-core	Checkout code	2026-02-18T14:57:40.3291565Z Syncing repository: Ka0s-Klaus/ka0s
job-core	Checkout code	2026-02-18T14:57:40.3293186Z ##[group]Getting Git version info
job-core	Checkout code	2026-02-18T14:57:40.3293618Z Working directory is '/home/runner/_work/ka0s/ka0s'
job-core	Checkout code	2026-02-18T14:57:40.3294251Z [command]/usr/bin/git version
job-core	Checkout code	2026-02-18T14:57:40.3294934Z git version 2.52.0
job-core	Checkout code	2026-02-18T14:57:40.3307611Z ##[endgroup]
job-core	Checkout code	2026-02-18T14:57:40.3326248Z Temporarily overriding HOME='/home/runner/_work/_temp/fe4b138e-2170-46cb-b644-ec908a6bd07c' before making global git config changes
job-core	Checkout code	2026-02-18T14:57:40.3336194Z Adding repository directory to the temporary git global config as a safe directory
job-core	Checkout code	2026-02-18T14:57:40.3337199Z [command]/usr/bin/git config --global --add safe.directory /home/runner/_work/ka0s/ka0s
job-core	Checkout code	2026-02-18T14:57:40.3388549Z Deleting the contents of '/home/runner/_work/ka0s/ka0s'
job-core	Checkout code	2026-02-18T14:57:40.3395050Z ##[group]Initializing the repository
job-core	Checkout code	2026-02-18T14:57:40.3410145Z [command]/usr/bin/git init /home/runner/_work/ka0s/ka0s
job-core	Checkout code	2026-02-18T14:57:40.3471256Z hint: Using 'master' as the name for the initial branch. This default branch name
job-core	Checkout code	2026-02-18T14:57:40.3473012Z hint: will change to "main" in Git 3.0. To configure the initial branch name
job-core	Checkout code	2026-02-18T14:57:40.3473799Z hint: to use in all of your new repositories, which will suppress this warning,
job-core	Checkout code	2026-02-18T14:57:40.3474376Z hint: call:
job-core	Checkout code	2026-02-18T14:57:40.3475676Z hint:
job-core	Checkout code	2026-02-18T14:57:40.3476850Z hint: 	git config --global init.defaultBranch <name>
job-core	Checkout code	2026-02-18T14:57:40.3477318Z hint:
job-core	Checkout code	2026-02-18T14:57:40.3477971Z hint: Names commonly chosen instead of 'master' are 'main', 'trunk' and
job-core	Checkout code	2026-02-18T14:57:40.3478599Z hint: 'development'. The just-created branch can be renamed via this command:
job-core	Checkout code	2026-02-18T14:57:40.3479107Z hint:
job-core	Checkout code	2026-02-18T14:57:40.3479483Z hint: 	git branch -m <name>
job-core	Checkout code	2026-02-18T14:57:40.3479776Z hint:
job-core	Checkout code	2026-02-18T14:57:40.3480176Z hint: Disable this message with "git config set advice.defaultBranchName false"
job-core	Checkout code	2026-02-18T14:57:40.3480920Z Initialized empty Git repository in /home/runner/_work/ka0s/ka0s/.git/
job-core	Checkout code	2026-02-18T14:57:40.3486588Z [command]/usr/bin/git remote add origin https://github.com/Ka0s-Klaus/ka0s
job-core	Checkout code	2026-02-18T14:57:40.3530869Z ##[endgroup]
job-core	Checkout code	2026-02-18T14:57:40.3531441Z ##[group]Disabling automatic garbage collection
job-core	Checkout code	2026-02-18T14:57:40.3534775Z [command]/usr/bin/git config --local gc.auto 0
job-core	Checkout code	2026-02-18T14:57:40.3579594Z ##[endgroup]
job-core	Checkout code	2026-02-18T14:57:40.3580118Z ##[group]Setting up auth
job-core	Checkout code	2026-02-18T14:57:40.3588217Z [command]/usr/bin/git config --local --name-only --get-regexp core\.sshCommand
job-core	Checkout code	2026-02-18T14:57:40.3637295Z [command]/usr/bin/git submodule foreach --recursive sh -c "git config --local --name-only --get-regexp 'core\.sshCommand' && git config --local --unset-all 'core.sshCommand' || :"
job-core	Checkout code	2026-02-18T14:57:40.3985169Z [command]/usr/bin/git config --local --name-only --get-regexp http\.https\:\/\/github\.com\/\.extraheader
job-core	Checkout code	2026-02-18T14:57:40.4025605Z [command]/usr/bin/git submodule foreach --recursive sh -c "git config --local --name-only --get-regexp 'http\.https\:\/\/github\.com\/\.extraheader' && git config --local --unset-all 'http.https://github.com/.extraheader' || :"
job-core	Checkout code	2026-02-18T14:57:40.4362113Z [command]/usr/bin/git config --local --name-only --get-regexp ^includeIf\.gitdir:
job-core	Checkout code	2026-02-18T14:57:40.4404202Z [command]/usr/bin/git submodule foreach --recursive git config --local --show-origin --name-only --get-regexp remote.origin.url
job-core	Checkout code	2026-02-18T14:57:40.4750668Z [command]/usr/bin/git config --local http.https://github.com/.extraheader AUTHORIZATION: basic ***
job-core	Checkout code	2026-02-18T14:57:40.4804160Z ##[endgroup]
job-core	Checkout code	2026-02-18T14:57:40.4804986Z ##[group]Fetching the repository
job-core	Checkout code	2026-02-18T14:57:40.4825799Z [command]/usr/bin/git -c protocol.version=2 fetch --prune --no-recurse-submodules origin +refs/heads/*:refs/remotes/origin/* +refs/tags/*:refs/tags/*
job-core	Checkout code	2026-02-18T14:58:01.5880046Z From https://github.com/Ka0s-Klaus/ka0s
job-core	Checkout code	2026-02-18T14:58:01.5880798Z  * [new branch]          F3450-modelo-operativo -> origin/F3450-modelo-operativo
job-core	Checkout code	2026-02-18T14:58:01.5881410Z  * [new branch]          H1276-modulo-observabilidad -> origin/H1276-modulo-observabilidad
job-core	Checkout code	2026-02-18T14:58:01.5885830Z  * [new branch]          H3266-deploy-zabbix    -> origin/H3266-deploy-zabbix
job-core	Checkout code	2026-02-18T14:58:01.5886420Z  * [new branch]          H3596-deploy-itop      -> origin/H3596-deploy-itop
job-core	Checkout code	2026-02-18T14:58:01.5886900Z  * [new branch]          main                   -> origin/main
job-core	Checkout code	2026-02-18T14:58:01.5887303Z  * [new tag]             0.0.0                  -> 0.0.0
job-core	Checkout code	2026-02-18T14:58:01.5887717Z  * [new tag]             0.0.1                  -> 0.0.1
job-core	Checkout code	2026-02-18T14:58:01.5888095Z  * [new tag]             0.0.10                 -> 0.0.10
job-core	Checkout code	2026-02-18T14:58:01.5888478Z  * [new tag]             0.0.100                -> 0.0.100
job-core	Checkout code	2026-02-18T14:58:01.5888866Z  * [new tag]             0.0.101                -> 0.0.101
job-core	Checkout code	2026-02-18T14:58:01.5889247Z  * [new tag]             0.0.102                -> 0.0.102
job-core	Checkout code	2026-02-18T14:58:01.5889622Z  * [new tag]             0.0.103                -> 0.0.103
job-core	Checkout code	2026-02-18T14:58:01.5889996Z  * [new tag]             0.0.104                -> 0.0.104
job-core	Checkout code	2026-02-18T14:58:01.5890386Z  * [new tag]             0.0.105                -> 0.0.105
job-core	Checkout code	2026-02-18T14:58:01.5890795Z  * [new tag]             0.0.106                -> 0.0.106
job-core	Checkout code	2026-02-18T14:58:01.5891163Z  * [new tag]             0.0.107                -> 0.0.107
job-core	Checkout code	2026-02-18T14:58:01.5891533Z  * [new tag]             0.0.108                -> 0.0.108
job-core	Checkout code	2026-02-18T14:58:01.5892277Z  * [new tag]             0.0.109                -> 0.0.109
job-core	Checkout code	2026-02-18T14:58:01.5892648Z  * [new tag]             0.0.11                 -> 0.0.11
job-core	Checkout code	2026-02-18T14:58:01.5960800Z  * [new tag]             0.0.110                -> 0.0.110
job-core	Checkout code	2026-02-18T14:58:01.5961578Z  * [new tag]             0.0.111                -> 0.0.111
job-core	Checkout code	2026-02-18T14:58:01.5961986Z  * [new tag]             0.0.112                -> 0.0.112
job-core	Checkout code	2026-02-18T14:58:01.5962411Z  * [new tag]             0.0.113                -> 0.0.113
job-core	Checkout code	2026-02-18T14:58:01.5962955Z  * [new tag]             0.0.114                -> 0.0.114
job-core	Checkout code	2026-02-18T14:58:01.5963329Z  * [new tag]             0.0.115                -> 0.0.115
job-core	Checkout code	2026-02-18T14:58:01.5963688Z  * [new tag]             0.0.116                -> 0.0.116
job-core	Checkout code	2026-02-18T14:58:01.5964060Z  * [new tag]             0.0.117                -> 0.0.117
job-core	Checkout code	2026-02-18T14:58:01.5964435Z  * [new tag]             0.0.118                -> 0.0.118
job-core	Checkout code	2026-02-18T14:58:01.5965719Z  * [new tag]             0.0.119                -> 0.0.119
job-core	Checkout code	2026-02-18T14:58:01.5966165Z  * [new tag]             0.0.12                 -> 0.0.12
job-core	Checkout code	2026-02-18T14:58:01.5966530Z  * [new tag]             0.0.120                -> 0.0.120
job-core	Checkout code	2026-02-18T14:58:01.5966892Z  * [new tag]             0.0.121                -> 0.0.121
job-core	Checkout code	2026-02-18T14:58:01.5967677Z  * [new tag]             0.0.122                -> 0.0.122
job-core	Checkout code	2026-02-18T14:58:01.5968033Z  * [new tag]             0.0.123                -> 0.0.123
job-core	Checkout code	2026-02-18T14:58:01.5968382Z  * [new tag]             0.0.124                -> 0.0.124
job-core	Checkout code	2026-02-18T14:58:01.5968738Z  * [new tag]             0.0.125                -> 0.0.125
job-core	Checkout code	2026-02-18T14:58:01.5969399Z  * [new tag]             0.0.126                -> 0.0.126
job-core	Checkout code	2026-02-18T14:58:01.5969780Z  * [new tag]             0.0.127                -> 0.0.127
job-core	Checkout code	2026-02-18T14:58:01.5970151Z  * [new tag]             0.0.128                -> 0.0.128
job-core	Checkout code	2026-02-18T14:58:01.5970642Z  * [new tag]             0.0.129                -> 0.0.129
job-core	Checkout code	2026-02-18T14:58:01.5970999Z  * [new tag]             0.0.13                 -> 0.0.13
job-core	Checkout code	2026-02-18T14:58:01.5971361Z  * [new tag]             0.0.130                -> 0.0.130
job-core	Checkout code	2026-02-18T14:58:01.5971720Z  * [new tag]             0.0.131                -> 0.0.131
job-core	Checkout code	2026-02-18T14:58:01.5972073Z  * [new tag]             0.0.132                -> 0.0.132
job-core	Checkout code	2026-02-18T14:58:01.5972436Z  * [new tag]             0.0.133                -> 0.0.133
job-core	Checkout code	2026-02-18T14:58:01.5972792Z  * [new tag]             0.0.134                -> 0.0.134
job-core	Checkout code	2026-02-18T14:58:01.5973149Z  * [new tag]             0.0.135                -> 0.0.135
job-core	Checkout code	2026-02-18T14:58:01.5973525Z  * [new tag]             0.0.136                -> 0.0.136
job-core	Checkout code	2026-02-18T14:58:01.5973899Z  * [new tag]             0.0.137                -> 0.0.137
job-core	Checkout code	2026-02-18T14:58:01.5974275Z  * [new tag]             0.0.138                -> 0.0.138
job-core	Checkout code	2026-02-18T14:58:01.5974910Z  * [new tag]             0.0.139                -> 0.0.139
job-core	Checkout code	2026-02-18T14:58:01.5975402Z  * [new tag]             0.0.14                 -> 0.0.14
job-core	Checkout code	2026-02-18T14:58:01.5975889Z  * [new tag]             0.0.140                -> 0.0.140
job-core	Checkout code	2026-02-18T14:58:01.5976235Z  * [new tag]             0.0.141                -> 0.0.141
job-core	Checkout code	2026-02-18T14:58:01.5976581Z  * [new tag]             0.0.142                -> 0.0.142
job-core	Checkout code	2026-02-18T14:58:01.5976936Z  * [new tag]             0.0.143                -> 0.0.143
job-core	Checkout code	2026-02-18T14:58:01.5977288Z  * [new tag]             0.0.144                -> 0.0.144
job-core	Checkout code	2026-02-18T14:58:01.5977633Z  * [new tag]             0.0.145                -> 0.0.145
job-core	Checkout code	2026-02-18T14:58:01.5977980Z  * [new tag]             0.0.146                -> 0.0.146
job-core	Checkout code	2026-02-18T14:58:01.5978323Z  * [new tag]             0.0.147                -> 0.0.147
job-core	Checkout code	2026-02-18T14:58:01.5978669Z  * [new tag]             0.0.148                -> 0.0.148
job-core	Checkout code	2026-02-18T14:58:01.5979017Z  * [new tag]             0.0.149                -> 0.0.149
job-core	Checkout code	2026-02-18T14:58:01.5979368Z  * [new tag]             0.0.15                 -> 0.0.15
job-core	Checkout code	2026-02-18T14:58:01.5979712Z  * [new tag]             0.0.150                -> 0.0.150
job-core	Checkout code	2026-02-18T14:58:01.5980313Z  * [new tag]             0.0.151                -> 0.0.151
job-core	Checkout code	2026-02-18T14:58:01.5980702Z  * [new tag]             0.0.152                -> 0.0.152
job-core	Checkout code	2026-02-18T14:58:01.5981055Z  * [new tag]             0.0.153                -> 0.0.153
job-core	Checkout code	2026-02-18T14:58:01.5981411Z  * [new tag]             0.0.154                -> 0.0.154
job-core	Checkout code	2026-02-18T14:58:01.5981758Z  * [new tag]             0.0.155                -> 0.0.155
job-core	Checkout code	2026-02-18T14:58:01.5982105Z  * [new tag]             0.0.156                -> 0.0.156
job-core	Checkout code	2026-02-18T14:58:01.5982460Z  * [new tag]             0.0.157                -> 0.0.157
job-core	Checkout code	2026-02-18T14:58:01.5982820Z  * [new tag]             0.0.158                -> 0.0.158
job-core	Checkout code	2026-02-18T14:58:01.5983183Z  * [new tag]             0.0.159                -> 0.0.159
job-core	Checkout code	2026-02-18T14:58:01.5983542Z  * [new tag]             0.0.16                 -> 0.0.16
job-core	Checkout code	2026-02-18T14:58:01.5983896Z  * [new tag]             0.0.160                -> 0.0.160
job-core	Checkout code	2026-02-18T14:58:01.5984253Z  * [new tag]             0.0.161                -> 0.0.161
job-core	Checkout code	2026-02-18T14:58:01.5985020Z  * [new tag]             0.0.162                -> 0.0.162
job-core	Checkout code	2026-02-18T14:58:01.5985404Z  * [new tag]             0.0.163                -> 0.0.163
job-core	Checkout code	2026-02-18T14:58:01.5985901Z  * [new tag]             0.0.164                -> 0.0.164
job-core	Checkout code	2026-02-18T14:58:01.5986492Z  * [new tag]             0.0.165                -> 0.0.165
job-core	Checkout code	2026-02-18T14:58:01.5986852Z  * [new tag]             0.0.166                -> 0.0.166
job-core	Checkout code	2026-02-18T14:58:01.5987205Z  * [new tag]             0.0.167                -> 0.0.167
job-core	Checkout code	2026-02-18T14:58:01.5987565Z  * [new tag]             0.0.168                -> 0.0.168
job-core	Checkout code	2026-02-18T14:58:01.5987926Z  * [new tag]             0.0.169                -> 0.0.169
job-core	Checkout code	2026-02-18T14:58:01.5988280Z  * [new tag]             0.0.17                 -> 0.0.17
job-core	Checkout code	2026-02-18T14:58:01.5988639Z  * [new tag]             0.0.170                -> 0.0.170
job-core	Checkout code	2026-02-18T14:58:01.5988998Z  * [new tag]             0.0.171                -> 0.0.171
job-core	Checkout code	2026-02-18T14:58:01.5989361Z  * [new tag]             0.0.172                -> 0.0.172
job-core	Checkout code	2026-02-18T14:58:01.5989717Z  * [new tag]             0.0.173                -> 0.0.173
job-core	Checkout code	2026-02-18T14:58:01.5990071Z  * [new tag]             0.0.174                -> 0.0.174
job-core	Checkout code	2026-02-18T14:58:01.5990431Z  * [new tag]             0.0.175                -> 0.0.175
job-core	Checkout code	2026-02-18T14:58:01.5990787Z  * [new tag]             0.0.176                -> 0.0.176
job-core	Checkout code	2026-02-18T14:58:01.5991144Z  * [new tag]             0.0.177                -> 0.0.177
job-core	Checkout code	2026-02-18T14:58:01.5991506Z  * [new tag]             0.0.178                -> 0.0.178
job-core	Checkout code	2026-02-18T14:58:01.5991865Z  * [new tag]             0.0.179                -> 0.0.179
job-core	Checkout code	2026-02-18T14:58:01.5992223Z  * [new tag]             0.0.18                 -> 0.0.18
job-core	Checkout code	2026-02-18T14:58:01.5992576Z  * [new tag]             0.0.19                 -> 0.0.19
job-core	Checkout code	2026-02-18T14:58:01.5992934Z  * [new tag]             0.0.2                  -> 0.0.2
job-core	Checkout code	2026-02-18T14:58:01.5993292Z  * [new tag]             0.0.20                 -> 0.0.20
job-core	Checkout code	2026-02-18T14:58:01.5993657Z  * [new tag]             0.0.21                 -> 0.0.21
job-core	Checkout code	2026-02-18T14:58:01.5994014Z  * [new tag]             0.0.22                 -> 0.0.22
job-core	Checkout code	2026-02-18T14:58:01.5994370Z  * [new tag]             0.0.23                 -> 0.0.23
job-core	Checkout code	2026-02-18T14:58:01.5995132Z  * [new tag]             0.0.24                 -> 0.0.24
job-core	Checkout code	2026-02-18T14:58:01.5995513Z  * [new tag]             0.0.25                 -> 0.0.25
job-core	Checkout code	2026-02-18T14:58:01.5996002Z  * [new tag]             0.0.26                 -> 0.0.26
job-core	Checkout code	2026-02-18T14:58:01.5996358Z  * [new tag]             0.0.27                 -> 0.0.27
job-core	Checkout code	2026-02-18T14:58:01.5996713Z  * [new tag]             0.0.28                 -> 0.0.28
job-core	Checkout code	2026-02-18T14:58:01.5997070Z  * [new tag]             0.0.29                 -> 0.0.29
job-core	Checkout code	2026-02-18T14:58:01.5997429Z  * [new tag]             0.0.3                  -> 0.0.3
job-core	Checkout code	2026-02-18T14:58:01.5997782Z  * [new tag]             0.0.30                 -> 0.0.30
job-core	Checkout code	2026-02-18T14:58:01.5998137Z  * [new tag]             0.0.31                 -> 0.0.31
job-core	Checkout code	2026-02-18T14:58:01.5998699Z  * [new tag]             0.0.32                 -> 0.0.32
job-core	Checkout code	2026-02-18T14:58:01.5999056Z  * [new tag]             0.0.33                 -> 0.0.33
job-core	Checkout code	2026-02-18T14:58:01.5999410Z  * [new tag]             0.0.34                 -> 0.0.34
job-core	Checkout code	2026-02-18T14:58:01.5999770Z  * [new tag]             0.0.35                 -> 0.0.35
job-core	Checkout code	2026-02-18T14:58:01.6000132Z  * [new tag]             0.0.36                 -> 0.0.36
job-core	Checkout code	2026-02-18T14:58:01.6000486Z  * [new tag]             0.0.37                 -> 0.0.37
job-core	Checkout code	2026-02-18T14:58:01.6000839Z  * [new tag]             0.0.38                 -> 0.0.38
job-core	Checkout code	2026-02-18T14:58:01.6001332Z  * [new tag]             0.0.39                 -> 0.0.39
job-core	Checkout code	2026-02-18T14:58:01.6001702Z  * [new tag]             0.0.4                  -> 0.0.4
job-core	Checkout code	2026-02-18T14:58:01.6002180Z  * [new tag]             0.0.40                 -> 0.0.40
job-core	Checkout code	2026-02-18T14:58:01.6002535Z  * [new tag]             0.0.41                 -> 0.0.41
job-core	Checkout code	2026-02-18T14:58:01.6002898Z  * [new tag]             0.0.42                 -> 0.0.42
job-core	Checkout code	2026-02-18T14:58:01.6003254Z  * [new tag]             0.0.43                 -> 0.0.43
job-core	Checkout code	2026-02-18T14:58:01.6003612Z  * [new tag]             0.0.44                 -> 0.0.44
job-core	Checkout code	2026-02-18T14:58:01.6004145Z  * [new tag]             0.0.45                 -> 0.0.45
job-core	Checkout code	2026-02-18T14:58:01.6004543Z  * [new tag]             0.0.46                 -> 0.0.46
job-core	Checkout code	2026-02-18T14:58:01.6005207Z  * [new tag]             0.0.47                 -> 0.0.47
job-core	Checkout code	2026-02-18T14:58:01.6005696Z  * [new tag]             0.0.48                 -> 0.0.48
job-core	Checkout code	2026-02-18T14:58:01.6006051Z  * [new tag]             0.0.49                 -> 0.0.49
job-core	Checkout code	2026-02-18T14:58:01.6006404Z  * [new tag]             0.0.5                  -> 0.0.5
job-core	Checkout code	2026-02-18T14:58:01.6006761Z  * [new tag]             0.0.50                 -> 0.0.50
job-core	Checkout code	2026-02-18T14:58:01.6007118Z  * [new tag]             0.0.51                 -> 0.0.51
job-core	Checkout code	2026-02-18T14:58:01.6007469Z  * [new tag]             0.0.52                 -> 0.0.52
job-core	Checkout code	2026-02-18T14:58:01.6007829Z  * [new tag]             0.0.53                 -> 0.0.53
job-core	Checkout code	2026-02-18T14:58:01.6008183Z  * [new tag]             0.0.54                 -> 0.0.54
job-core	Checkout code	2026-02-18T14:58:01.6008542Z  * [new tag]             0.0.55                 -> 0.0.55
job-core	Checkout code	2026-02-18T14:58:01.6008900Z  * [new tag]             0.0.56                 -> 0.0.56
job-core	Checkout code	2026-02-18T14:58:01.6009261Z  * [new tag]             0.0.57                 -> 0.0.57
job-core	Checkout code	2026-02-18T14:58:01.6009620Z  * [new tag]             0.0.58                 -> 0.0.58
job-core	Checkout code	2026-02-18T14:58:01.6009975Z  * [new tag]             0.0.59                 -> 0.0.59
job-core	Checkout code	2026-02-18T14:58:01.6010326Z  * [new tag]             0.0.6                  -> 0.0.6
job-core	Checkout code	2026-02-18T14:58:01.6010682Z  * [new tag]             0.0.60                 -> 0.0.60
job-core	Checkout code	2026-02-18T14:58:01.6011043Z  * [new tag]             0.0.61                 -> 0.0.61
job-core	Checkout code	2026-02-18T14:58:01.6011399Z  * [new tag]             0.0.62                 -> 0.0.62
job-core	Checkout code	2026-02-18T14:58:01.6011750Z  * [new tag]             0.0.63                 -> 0.0.63
job-core	Checkout code	2026-02-18T14:58:01.6012103Z  * [new tag]             0.0.64                 -> 0.0.64
job-core	Checkout code	2026-02-18T14:58:01.6012456Z  * [new tag]             0.0.65                 -> 0.0.65
job-core	Checkout code	2026-02-18T14:58:01.6012802Z  * [new tag]             0.0.66                 -> 0.0.66
job-core	Checkout code	2026-02-18T14:58:01.6013154Z  * [new tag]             0.0.67                 -> 0.0.67
job-core	Checkout code	2026-02-18T14:58:01.6024459Z  * [new tag]             0.0.68                 -> 0.0.68
job-core	Checkout code	2026-02-18T14:58:01.6025191Z  * [new tag]             0.0.69                 -> 0.0.69
job-core	Checkout code	2026-02-18T14:58:01.6025688Z  * [new tag]             0.0.7                  -> 0.0.7
job-core	Checkout code	2026-02-18T14:58:01.6026051Z  * [new tag]             0.0.70                 -> 0.0.70
job-core	Checkout code	2026-02-18T14:58:01.6026413Z  * [new tag]             0.0.71                 -> 0.0.71
job-core	Checkout code	2026-02-18T14:58:01.6026768Z  * [new tag]             0.0.72                 -> 0.0.72
job-core	Checkout code	2026-02-18T14:58:01.6027125Z  * [new tag]             0.0.73                 -> 0.0.73
job-core	Checkout code	2026-02-18T14:58:01.6027480Z  * [new tag]             0.0.74                 -> 0.0.74
job-core	Checkout code	2026-02-18T14:58:01.6028390Z  * [new tag]             0.0.75                 -> 0.0.75
job-core	Checkout code	2026-02-18T14:58:01.6028750Z  * [new tag]             0.0.76                 -> 0.0.76
job-core	Checkout code	2026-02-18T14:58:01.6029215Z  * [new tag]             0.0.77                 -> 0.0.77
job-core	Checkout code	2026-02-18T14:58:01.6029572Z  * [new tag]             0.0.78                 -> 0.0.78
job-core	Checkout code	2026-02-18T14:58:01.6029921Z  * [new tag]             0.0.79                 -> 0.0.79
job-core	Checkout code	2026-02-18T14:58:01.6030269Z  * [new tag]             0.0.8                  -> 0.0.8
job-core	Checkout code	2026-02-18T14:58:01.6030617Z  * [new tag]             0.0.80                 -> 0.0.80
job-core	Checkout code	2026-02-18T14:58:01.6030965Z  * [new tag]             0.0.81                 -> 0.0.81
job-core	Checkout code	2026-02-18T14:58:01.6031309Z  * [new tag]             0.0.82                 -> 0.0.82
job-core	Checkout code	2026-02-18T14:58:01.6031652Z  * [new tag]             0.0.83                 -> 0.0.83
job-core	Checkout code	2026-02-18T14:58:01.6031999Z  * [new tag]             0.0.84                 -> 0.0.84
job-core	Checkout code	2026-02-18T14:58:01.6032345Z  * [new tag]             0.0.85                 -> 0.0.85
job-core	Checkout code	2026-02-18T14:58:01.6032701Z  * [new tag]             0.0.86                 -> 0.0.86
job-core	Checkout code	2026-02-18T14:58:01.6033047Z  * [new tag]             0.0.87                 -> 0.0.87
job-core	Checkout code	2026-02-18T14:58:01.6033396Z  * [new tag]             0.0.88                 -> 0.0.88
job-core	Checkout code	2026-02-18T14:58:01.6033939Z  * [new tag]             0.0.89                 -> 0.0.89
job-core	Checkout code	2026-02-18T14:58:01.6034281Z  * [new tag]             0.0.9                  -> 0.0.9
job-core	Checkout code	2026-02-18T14:58:01.6035035Z  * [new tag]             0.0.90                 -> 0.0.90
job-core	Checkout code	2026-02-18T14:58:01.6035518Z  * [new tag]             0.0.91                 -> 0.0.91
job-core	Checkout code	2026-02-18T14:58:01.6035991Z  * [new tag]             0.0.92                 -> 0.0.92
job-core	Checkout code	2026-02-18T14:58:01.6036341Z  * [new tag]             0.0.93                 -> 0.0.93
job-core	Checkout code	2026-02-18T14:58:01.6036690Z  * [new tag]             0.0.94                 -> 0.0.94
job-core	Checkout code	2026-02-18T14:58:01.6037036Z  * [new tag]             0.0.95                 -> 0.0.95
job-core	Checkout code	2026-02-18T14:58:01.6037388Z  * [new tag]             0.0.96                 -> 0.0.96
job-core	Checkout code	2026-02-18T14:58:01.6037730Z  * [new tag]             0.0.97                 -> 0.0.97
job-core	Checkout code	2026-02-18T14:58:01.6038076Z  * [new tag]             0.0.98                 -> 0.0.98
job-core	Checkout code	2026-02-18T14:58:01.6038427Z  * [new tag]             0.0.99                 -> 0.0.99
job-core	Checkout code	2026-02-18T14:58:01.6038776Z  * [new tag]             0.1.0                  -> 0.1.0
job-core	Checkout code	2026-02-18T14:58:01.6039540Z  * [new tag]             0.1.1                  -> 0.1.1
job-core	Checkout code	2026-02-18T14:58:01.6040156Z  * [new tag]             0.2.0                  -> 0.2.0
job-core	Checkout code	2026-02-18T14:58:01.6040506Z  * [new tag]             0.3.0                  -> 0.3.0
job-core	Checkout code	2026-02-18T14:58:01.6040970Z  * [new tag]             0.3.1                  -> 0.3.1
job-core	Checkout code	2026-02-18T14:58:01.6041322Z  * [new tag]             0.3.10                 -> 0.3.10
job-core	Checkout code	2026-02-18T14:58:01.6041671Z  * [new tag]             0.3.11                 -> 0.3.11
job-core	Checkout code	2026-02-18T14:58:01.6042444Z  * [new tag]             0.3.12                 -> 0.3.12
job-core	Checkout code	2026-02-18T14:58:01.6042922Z  * [new tag]             0.3.13                 -> 0.3.13
job-core	Checkout code	2026-02-18T14:58:01.6043274Z  * [new tag]             0.3.14                 -> 0.3.14
job-core	Checkout code	2026-02-18T14:58:01.6043622Z  * [new tag]             0.3.15                 -> 0.3.15
job-core	Checkout code	2026-02-18T14:58:01.6043977Z  * [new tag]             0.3.16                 -> 0.3.16
job-core	Checkout code	2026-02-18T14:58:01.6044326Z  * [new tag]             0.3.17                 -> 0.3.17
job-core	Checkout code	2026-02-18T14:58:01.6045057Z  * [new tag]             0.3.2                  -> 0.3.2
job-core	Checkout code	2026-02-18T14:58:01.6045430Z  * [new tag]             0.3.3                  -> 0.3.3
job-core	Checkout code	2026-02-18T14:58:01.6045910Z  * [new tag]             0.3.4                  -> 0.3.4
job-core	Checkout code	2026-02-18T14:58:01.6046256Z  * [new tag]             0.3.5                  -> 0.3.5
job-core	Checkout code	2026-02-18T14:58:01.6046601Z  * [new tag]             0.3.6                  -> 0.3.6
job-core	Checkout code	2026-02-18T14:58:01.6046945Z  * [new tag]             0.3.7                  -> 0.3.7
job-core	Checkout code	2026-02-18T14:58:01.6047290Z  * [new tag]             0.3.8                  -> 0.3.8
job-core	Checkout code	2026-02-18T14:58:01.6047835Z  * [new tag]             0.3.9                  -> 0.3.9
job-core	Checkout code	2026-02-18T14:58:01.6048180Z  * [new tag]             0.4.0                  -> 0.4.0
job-core	Checkout code	2026-02-18T14:58:01.6048525Z  * [new tag]             0.4.1                  -> 0.4.1
job-core	Checkout code	2026-02-18T14:58:01.6049013Z  * [new tag]             0.4.2                  -> 0.4.2
job-core	Checkout code	2026-02-18T14:58:01.6049367Z  * [new tag]             0.4.3                  -> 0.4.3
job-core	Checkout code	2026-02-18T14:58:01.6049719Z  * [new tag]             0.4.4                  -> 0.4.4
job-core	Checkout code	2026-02-18T14:58:01.6050329Z  * [new tag]             0.4.5                  -> 0.4.5
job-core	Checkout code	2026-02-18T14:58:01.6050806Z  * [new tag]             0.4.6                  -> 0.4.6
job-core	Checkout code	2026-02-18T14:58:01.6051151Z  * [new tag]             0.4.7                  -> 0.4.7
job-core	Checkout code	2026-02-18T14:58:01.6051495Z  * [new tag]             0.4.8                  -> 0.4.8
job-core	Checkout code	2026-02-18T14:58:01.6051840Z  * [new tag]             0.4.9                  -> 0.4.9
job-core	Checkout code	2026-02-18T14:58:01.6052186Z  * [new tag]             0.5.0                  -> 0.5.0
job-core	Checkout code	2026-02-18T14:58:01.6052534Z  * [new tag]             0.5.1                  -> 0.5.1
job-core	Checkout code	2026-02-18T14:58:01.6052881Z  * [new tag]             0.5.2                  -> 0.5.2
job-core	Checkout code	2026-02-18T14:58:01.6053226Z  * [new tag]             0.6.0                  -> 0.6.0
job-core	Checkout code	2026-02-18T14:58:01.6053801Z  * [new tag]             0.6.1                  -> 0.6.1
job-core	Checkout code	2026-02-18T14:58:01.6054146Z  * [new tag]             0.6.2                  -> 0.6.2
job-core	Checkout code	2026-02-18T14:58:01.6271307Z [command]/usr/bin/git branch --list --remote origin/main
job-core	Checkout code	2026-02-18T14:58:01.6346926Z   origin/main
job-core	Checkout code	2026-02-18T14:58:01.6357355Z [command]/usr/bin/git rev-parse refs/remotes/origin/main
job-core	Checkout code	2026-02-18T14:58:01.6387928Z 2b394ed98dc2764f983ecf0d803a837058762414
job-core	Checkout code	2026-02-18T14:58:01.6396449Z ##[endgroup]
job-core	Checkout code	2026-02-18T14:58:01.6396890Z ##[group]Determining the checkout info
job-core	Checkout code	2026-02-18T14:58:01.6397353Z ##[endgroup]
job-core	Checkout code	2026-02-18T14:58:01.6399897Z [command]/usr/bin/git sparse-checkout disable
job-core	Checkout code	2026-02-18T14:58:01.6462062Z [command]/usr/bin/git config --local --unset-all extensions.worktreeConfig
job-core	Checkout code	2026-02-18T14:58:01.6500321Z ##[group]Checking out the ref
job-core	Checkout code	2026-02-18T14:58:01.6506168Z [command]/usr/bin/git checkout --progress --force -B main refs/remotes/origin/main
job-core	Checkout code	2026-02-18T14:58:01.8906366Z Switched to a new branch 'main'
job-core	Checkout code	2026-02-18T14:58:01.8911316Z branch 'main' set up to track 'origin/main'.
job-core	Checkout code	2026-02-18T14:58:01.8960575Z ##[endgroup]
job-core	Checkout code	2026-02-18T14:58:01.9019637Z [command]/usr/bin/git log -1 --format=%H
job-core	Checkout code	2026-02-18T14:58:01.9056783Z 2b394ed98dc2764f983ecf0d803a837058762414
job-core	Install GH CLI	Ôªø2026-02-18T14:58:01.9374474Z Prepare all required actions
job-core	Install GH CLI	2026-02-18T14:58:01.9423400Z ##[group]Run ./.github/actions/install-gh-cli
job-core	Install GH CLI	2026-02-18T14:58:01.9423729Z env:
job-core	Install GH CLI	2026-02-18T14:58:01.9423915Z   PYTHON_VERSION: 3.9
job-core	Install GH CLI	2026-02-18T14:58:01.9426311Z   MONGO_SUPERUSER_CONNECTION: ***
job-core	Install GH CLI	2026-02-18T14:58:01.9426728Z   MONGO_NEW_PASS: ***
job-core	Install GH CLI	2026-02-18T14:58:01.9427084Z   MONGO_SCRIPT_CREATE: devops/core/mongo/scripts/mongodb_status_report.py
job-core	Install GH CLI	2026-02-18T14:58:01.9427760Z   KAOS_CODE: 22144826880
job-core	Install GH CLI	2026-02-18T14:58:01.9428004Z   REPORT_SCAN: audit/
job-core	Install GH CLI	2026-02-18T14:58:01.9428234Z   REPORT_PATH: audit/mongodb/
job-core	Install GH CLI	2026-02-18T14:58:01.9428615Z   REPORT_FILENAME: 22144826880.json
job-core	Install GH CLI	2026-02-18T14:58:01.9429036Z   KAOS_MODULE: [Ka0s] Status MongDB Report
job-core	Install GH CLI	2026-02-18T14:58:01.9429436Z   GITHUB_OUTPUT: 
job-core	Install GH CLI	2026-02-18T14:58:01.9429633Z ##[endgroup]
job-core	Install GH CLI	2026-02-18T14:58:01.9527262Z ##[group]Run type -p curl >/dev/null || (sudo apt-get update && sudo apt-get install curl -y)
job-core	Install GH CLI	2026-02-18T14:58:01.9527987Z [36;1mtype -p curl >/dev/null || (sudo apt-get update && sudo apt-get install curl -y)[0m
job-core	Install GH CLI	2026-02-18T14:58:01.9528939Z [36;1mcurl -fsSL https://cli.github.com/packages/githubcli-archive-keyring.gpg | sudo dd of=/usr/share/keyrings/githubcli-archive-keyring.gpg \[0m
job-core	Install GH CLI	2026-02-18T14:58:01.9530015Z [36;1m&& sudo chmod go+r /usr/share/keyrings/githubcli-archive-keyring.gpg \[0m
job-core	Install GH CLI	2026-02-18T14:58:01.9531119Z [36;1m&& echo "deb [arch=$(dpkg --print-architecture) signed-by=/usr/share/keyrings/githubcli-archive-keyring.gpg] https://cli.github.com/packages stable main" | sudo tee /etc/apt/sources.list.d/github-cli.list > /dev/null \[0m
job-core	Install GH CLI	2026-02-18T14:58:01.9532410Z [36;1m&& sudo apt-get update \[0m
job-core	Install GH CLI	2026-02-18T14:58:01.9532705Z [36;1m&& sudo apt-get install gh -y[0m
job-core	Install GH CLI	2026-02-18T14:58:01.9550800Z shell: /usr/bin/bash --noprofile --norc -e -o pipefail {0}
job-core	Install GH CLI	2026-02-18T14:58:01.9551168Z env:
job-core	Install GH CLI	2026-02-18T14:58:01.9551362Z   PYTHON_VERSION: 3.9
job-core	Install GH CLI	2026-02-18T14:58:01.9552308Z   MONGO_SUPERUSER_CONNECTION: ***
job-core	Install GH CLI	2026-02-18T14:58:01.9552690Z   MONGO_NEW_PASS: ***
job-core	Install GH CLI	2026-02-18T14:58:01.9553021Z   MONGO_SCRIPT_CREATE: devops/core/mongo/scripts/mongodb_status_report.py
job-core	Install GH CLI	2026-02-18T14:58:01.9553424Z   KAOS_CODE: 22144826880
job-core	Install GH CLI	2026-02-18T14:58:01.9553642Z   REPORT_SCAN: audit/
job-core	Install GH CLI	2026-02-18T14:58:01.9553869Z   REPORT_PATH: audit/mongodb/
job-core	Install GH CLI	2026-02-18T14:58:01.9554114Z   REPORT_FILENAME: 22144826880.json
job-core	Install GH CLI	2026-02-18T14:58:01.9554386Z   KAOS_MODULE: [Ka0s] Status MongDB Report
job-core	Install GH CLI	2026-02-18T14:58:01.9555113Z   GITHUB_OUTPUT: 
job-core	Install GH CLI	2026-02-18T14:58:01.9555322Z ##[endgroup]
job-core	Install GH CLI	2026-02-18T14:58:02.0417883Z 4+1 records in
job-core	Install GH CLI	2026-02-18T14:58:02.0418319Z 4+1 records out
job-core	Install GH CLI	2026-02-18T14:58:02.0419892Z 2270 bytes (2.3 kB, 2.2 KiB) copied, 0.0616517 s, 36.8 kB/s
job-core	Install GH CLI	2026-02-18T14:58:02.1855203Z Get:1 https://cli.github.com/packages stable InRelease [3917 B]
job-core	Install GH CLI	2026-02-18T14:58:02.2353686Z Get:2 http://archive.ubuntu.com/ubuntu noble InRelease [256 kB]
job-core	Install GH CLI	2026-02-18T14:58:02.3005111Z Get:3 http://security.ubuntu.com/ubuntu noble-security InRelease [126 kB]
job-core	Install GH CLI	2026-02-18T14:58:02.3149656Z Get:4 https://cli.github.com/packages stable/main amd64 Packages [356 B]
job-core	Install GH CLI	2026-02-18T14:58:02.4099854Z Get:5 http://archive.ubuntu.com/ubuntu noble-updates InRelease [126 kB]
job-core	Install GH CLI	2026-02-18T14:58:02.4418447Z Get:6 https://ppa.launchpadcontent.net/git-core/ppa/ubuntu noble InRelease [24.3 kB]
job-core	Install GH CLI	2026-02-18T14:58:02.4482324Z Get:7 http://archive.ubuntu.com/ubuntu noble-backports InRelease [126 kB]
job-core	Install GH CLI	2026-02-18T14:58:02.5385506Z Get:8 http://archive.ubuntu.com/ubuntu noble/main amd64 Packages [1808 kB]
job-core	Install GH CLI	2026-02-18T14:58:02.6636292Z Get:9 http://archive.ubuntu.com/ubuntu noble/multiverse amd64 Packages [331 kB]
job-core	Install GH CLI	2026-02-18T14:58:02.6672309Z Get:10 http://archive.ubuntu.com/ubuntu noble/universe amd64 Packages [19.3 MB]
job-core	Install GH CLI	2026-02-18T14:58:02.7086659Z Get:11 https://ppa.launchpadcontent.net/git-core/ppa/ubuntu noble/main amd64 Packages [2992 B]
job-core	Install GH CLI	2026-02-18T14:58:02.8953422Z Get:12 http://security.ubuntu.com/ubuntu noble-security/restricted amd64 Packages [3157 kB]
job-core	Install GH CLI	2026-02-18T14:58:02.9411018Z Get:13 http://archive.ubuntu.com/ubuntu noble/restricted amd64 Packages [117 kB]
job-core	Install GH CLI	2026-02-18T14:58:02.9421460Z Get:14 http://archive.ubuntu.com/ubuntu noble-updates/multiverse amd64 Packages [38.1 kB]
job-core	Install GH CLI	2026-02-18T14:58:02.9435477Z Get:15 http://archive.ubuntu.com/ubuntu noble-updates/main amd64 Packages [2234 kB]
job-core	Install GH CLI	2026-02-18T14:58:02.9581489Z Get:16 http://archive.ubuntu.com/ubuntu noble-updates/universe amd64 Packages [2015 kB]
job-core	Install GH CLI	2026-02-18T14:58:02.9733318Z Get:17 http://archive.ubuntu.com/ubuntu noble-updates/restricted amd64 Packages [3360 kB]
job-core	Install GH CLI	2026-02-18T14:58:03.0115886Z Get:18 http://archive.ubuntu.com/ubuntu noble-backports/universe amd64 Packages [34.6 kB]
job-core	Install GH CLI	2026-02-18T14:58:03.0119257Z Get:19 http://archive.ubuntu.com/ubuntu noble-backports/main amd64 Packages [49.5 kB]
job-core	Install GH CLI	2026-02-18T14:58:03.2375159Z Get:20 http://security.ubuntu.com/ubuntu noble-security/universe amd64 Packages [1205 kB]
job-core	Install GH CLI	2026-02-18T14:58:03.2520429Z Get:21 http://security.ubuntu.com/ubuntu noble-security/multiverse amd64 Packages [34.8 kB]
job-core	Install GH CLI	2026-02-18T14:58:03.2524184Z Get:22 http://security.ubuntu.com/ubuntu noble-security/main amd64 Packages [1843 kB]
job-core	Install GH CLI	2026-02-18T14:58:04.4523122Z Fetched 36.2 MB in 2s (15.6 MB/s)
job-core	Install GH CLI	2026-02-18T14:58:05.3854113Z Reading package lists...
job-core	Install GH CLI	2026-02-18T14:58:06.3444844Z Reading package lists...
job-core	Install GH CLI	2026-02-18T14:58:06.5711943Z Building dependency tree...
job-core	Install GH CLI	2026-02-18T14:58:06.5714125Z Reading state information...
job-core	Install GH CLI	2026-02-18T14:58:06.9458556Z The following NEW packages will be installed:
job-core	Install GH CLI	2026-02-18T14:58:06.9478604Z   gh
job-core	Install GH CLI	2026-02-18T14:58:07.0923458Z 0 upgraded, 1 newly installed, 0 to remove and 25 not upgraded.
job-core	Install GH CLI	2026-02-18T14:58:07.0926894Z Need to get 13.7 MB of archives.
job-core	Install GH CLI	2026-02-18T14:58:07.0928586Z After this operation, 37.9 MB of additional disk space will be used.
job-core	Install GH CLI	2026-02-18T14:58:07.0931083Z Get:1 https://cli.github.com/packages stable/main amd64 gh amd64 2.86.0 [13.7 MB]
job-core	Install GH CLI	2026-02-18T14:58:07.5043218Z debconf: delaying package configuration, since apt-utils is not installed
job-core	Install GH CLI	2026-02-18T14:58:07.5476429Z Fetched 13.7 MB in 0s (35.3 MB/s)
job-core	Install GH CLI	2026-02-18T14:58:07.5764334Z Selecting previously unselected package gh.
job-core	Install GH CLI	2026-02-18T14:58:07.5803636Z (Reading database ... 
job-core	Install GH CLI	2026-02-18T14:58:07.5803941Z (Reading database ... 5%
job-core	Install GH CLI	2026-02-18T14:58:07.5804218Z (Reading database ... 10%
job-core	Install GH CLI	2026-02-18T14:58:07.5804550Z (Reading database ... 15%
job-core	Install GH CLI	2026-02-18T14:58:07.5804931Z (Reading database ... 20%
job-core	Install GH CLI	2026-02-18T14:58:07.5805199Z (Reading database ... 25%
job-core	Install GH CLI	2026-02-18T14:58:07.5805462Z (Reading database ... 30%
job-core	Install GH CLI	2026-02-18T14:58:07.5805716Z (Reading database ... 35%
job-core	Install GH CLI	2026-02-18T14:58:07.5805977Z (Reading database ... 40%
job-core	Install GH CLI	2026-02-18T14:58:07.5806257Z (Reading database ... 45%
job-core	Install GH CLI	2026-02-18T14:58:07.5806526Z (Reading database ... 50%
job-core	Install GH CLI	2026-02-18T14:58:07.5806784Z (Reading database ... 55%
job-core	Install GH CLI	2026-02-18T14:58:07.5807045Z (Reading database ... 60%
job-core	Install GH CLI	2026-02-18T14:58:07.5812456Z (Reading database ... 65%
job-core	Install GH CLI	2026-02-18T14:58:07.5834139Z (Reading database ... 70%
job-core	Install GH CLI	2026-02-18T14:58:07.5840265Z (Reading database ... 75%
job-core	Install GH CLI	2026-02-18T14:58:07.5853954Z (Reading database ... 80%
job-core	Install GH CLI	2026-02-18T14:58:07.5859436Z (Reading database ... 85%
job-core	Install GH CLI	2026-02-18T14:58:07.5870254Z (Reading database ... 90%
job-core	Install GH CLI	2026-02-18T14:58:07.5890239Z (Reading database ... 95%
job-core	Install GH CLI	2026-02-18T14:58:07.5890731Z (Reading database ... 100%
job-core	Install GH CLI	2026-02-18T14:58:07.5891175Z (Reading database ... 14385 files and directories currently installed.)
job-core	Install GH CLI	2026-02-18T14:58:07.5896019Z Preparing to unpack .../archives/gh_2.86.0_amd64.deb ...
job-core	Install GH CLI	2026-02-18T14:58:07.5930710Z Unpacking gh (2.86.0) ...
job-core	Install GH CLI	2026-02-18T14:58:07.8217853Z Setting up gh (2.86.0) ...
job-core	Set up Python	Ôªø2026-02-18T14:58:07.9520447Z ##[group]Run actions/setup-python@v4
job-core	Set up Python	2026-02-18T14:58:07.9520877Z with:
job-core	Set up Python	2026-02-18T14:58:07.9521130Z   python-version: 3.9
job-core	Set up Python	2026-02-18T14:58:07.9521420Z   check-latest: false
job-core	Set up Python	2026-02-18T14:58:07.9521879Z   token: ***
job-core	Set up Python	2026-02-18T14:58:07.9522150Z   update-environment: true
job-core	Set up Python	2026-02-18T14:58:07.9522474Z   allow-prereleases: false
job-core	Set up Python	2026-02-18T14:58:07.9522765Z env:
job-core	Set up Python	2026-02-18T14:58:07.9523000Z   PYTHON_VERSION: 3.9
job-core	Set up Python	2026-02-18T14:58:07.9523895Z   MONGO_SUPERUSER_CONNECTION: ***
job-core	Set up Python	2026-02-18T14:58:07.9524391Z   MONGO_NEW_PASS: ***
job-core	Set up Python	2026-02-18T14:58:07.9524926Z   MONGO_SCRIPT_CREATE: devops/core/mongo/scripts/mongodb_status_report.py
job-core	Set up Python	2026-02-18T14:58:07.9525458Z   KAOS_CODE: 22144826880
job-core	Set up Python	2026-02-18T14:58:07.9525754Z   REPORT_SCAN: audit/
job-core	Set up Python	2026-02-18T14:58:07.9526038Z   REPORT_PATH: audit/mongodb/
job-core	Set up Python	2026-02-18T14:58:07.9526371Z   REPORT_FILENAME: 22144826880.json
job-core	Set up Python	2026-02-18T14:58:07.9526738Z   KAOS_MODULE: [Ka0s] Status MongDB Report
job-core	Set up Python	2026-02-18T14:58:07.9527103Z   GITHUB_OUTPUT: 
job-core	Set up Python	2026-02-18T14:58:07.9527359Z ##[endgroup]
job-core	Set up Python	2026-02-18T14:58:08.1501521Z ##[group]Installed versions
job-core	Set up Python	2026-02-18T14:58:08.1517689Z Version 3.9 was not found in the local cache
job-core	Set up Python	2026-02-18T14:58:08.9761994Z Version 3.9 is available for downloading
job-core	Set up Python	2026-02-18T14:58:08.9762760Z Download from "https://github.com/actions/python-versions/releases/download/3.9.25-19039189640/python-3.9.25-linux-24.04-x64.tar.gz"
job-core	Set up Python	2026-02-18T14:58:10.1254363Z Extract downloaded archive
job-core	Set up Python	2026-02-18T14:58:10.1357084Z [command]/usr/bin/tar xz --warning=no-unknown-keyword -C /home/runner/_work/_temp/4551259c-388d-410e-929c-7d2b2a8c9fd6 -f /home/runner/_work/_temp/387eaebd-ea85-4677-bec8-3367015dc4f1
job-core	Set up Python	2026-02-18T14:58:11.6894034Z Execute installation script
job-core	Set up Python	2026-02-18T14:58:11.7002235Z Check if Python hostedtoolcache folder exist...
job-core	Set up Python	2026-02-18T14:58:11.7003489Z Creating Python hostedtoolcache folder...
job-core	Set up Python	2026-02-18T14:58:11.7018189Z Create Python 3.9.25 folder
job-core	Set up Python	2026-02-18T14:58:11.7034751Z Copy Python binaries to hostedtoolcache folder
job-core	Set up Python	2026-02-18T14:58:12.6493716Z Create additional symlinks (Required for the UsePythonVersion Azure Pipelines task and the setup-python GitHub Action)
job-core	Set up Python	2026-02-18T14:58:12.6541025Z Upgrading pip...
job-core	Set up Python	2026-02-18T14:58:14.6522757Z Looking in links: /tmp/tmp99361kxt
job-core	Set up Python	2026-02-18T14:58:14.6528220Z Requirement already satisfied: setuptools in /home/runner/_work/_tool/Python/3.9.25/x64/lib/python3.9/site-packages (79.0.1)
job-core	Set up Python	2026-02-18T14:58:14.6533033Z Requirement already satisfied: pip in /home/runner/_work/_tool/Python/3.9.25/x64/lib/python3.9/site-packages (23.0.1)
job-core	Set up Python	2026-02-18T14:58:15.9514021Z Collecting pip
job-core	Set up Python	2026-02-18T14:58:16.0104776Z Downloading pip-26.0.1-py3-none-any.whl (1.8 MB)
job-core	Set up Python	2026-02-18T14:58:16.0638786Z ‚îÅ‚îÅ‚îÅ‚îÅ‚îÅ‚îÅ‚îÅ‚îÅ‚îÅ‚îÅ‚îÅ‚îÅ‚îÅ‚îÅ‚îÅ‚îÅ‚îÅ‚îÅ‚îÅ‚îÅ‚îÅ‚îÅ‚îÅ‚îÅ‚îÅ‚îÅ‚îÅ‚îÅ‚îÅ‚îÅ‚îÅ‚îÅ‚îÅ‚îÅ‚îÅ‚îÅ‚îÅ‚îÅ‚îÅ‚îÅ 1.8/1.8 MB 36.2 MB/s eta 0:00:00
job-core	Set up Python	2026-02-18T14:58:16.0639122Z 
job-core	Set up Python	2026-02-18T14:58:16.1315090Z Installing collected packages: pip
job-core	Set up Python	2026-02-18T14:58:16.1315547Z Attempting uninstall: pip
job-core	Set up Python	2026-02-18T14:58:16.1323103Z Found existing installation: pip 23.0.1
job-core	Set up Python	2026-02-18T14:58:16.4431482Z Uninstalling pip-23.0.1:
job-core	Set up Python	2026-02-18T14:58:16.4530649Z Successfully uninstalled pip-23.0.1
job-core	Set up Python	2026-02-18T14:58:17.3508182Z Successfully installed pip-26.0.1
job-core	Set up Python	2026-02-18T14:58:17.4330528Z Create complete file
job-core	Set up Python	2026-02-18T14:58:17.4372266Z Successfully set up CPython (3.9.25)
job-core	Set up Python	2026-02-18T14:58:17.4373494Z ##[endgroup]
job-core	Install dependencies	Ôªø2026-02-18T14:58:17.4557938Z ##[group]Run pip install pymongo
job-core	Install dependencies	2026-02-18T14:58:17.4558293Z [36;1mpip install pymongo[0m
job-core	Install dependencies	2026-02-18T14:58:17.4575490Z shell: /usr/bin/bash -e {0}
job-core	Install dependencies	2026-02-18T14:58:17.4575767Z env:
job-core	Install dependencies	2026-02-18T14:58:17.4575966Z   PYTHON_VERSION: 3.9
job-core	Install dependencies	2026-02-18T14:58:17.4576769Z   MONGO_SUPERUSER_CONNECTION: ***
job-core	Install dependencies	2026-02-18T14:58:17.4577167Z   MONGO_NEW_PASS: ***
job-core	Install dependencies	2026-02-18T14:58:17.4577520Z   MONGO_SCRIPT_CREATE: devops/core/mongo/scripts/mongodb_status_report.py
job-core	Install dependencies	2026-02-18T14:58:17.4577937Z   KAOS_CODE: 22144826880
job-core	Install dependencies	2026-02-18T14:58:17.4587123Z   REPORT_SCAN: audit/
job-core	Install dependencies	2026-02-18T14:58:17.4587388Z   REPORT_PATH: audit/mongodb/
job-core	Install dependencies	2026-02-18T14:58:17.4587652Z   REPORT_FILENAME: 22144826880.json
job-core	Install dependencies	2026-02-18T14:58:17.4587946Z   KAOS_MODULE: [Ka0s] Status MongDB Report
job-core	Install dependencies	2026-02-18T14:58:17.4588251Z   GITHUB_OUTPUT: 
job-core	Install dependencies	2026-02-18T14:58:17.4588548Z   pythonLocation: /home/runner/_work/_tool/Python/3.9.25/x64
job-core	Install dependencies	2026-02-18T14:58:17.4589041Z   PKG_CONFIG_PATH: /home/runner/_work/_tool/Python/3.9.25/x64/lib/pkgconfig
job-core	Install dependencies	2026-02-18T14:58:17.4589525Z   Python_ROOT_DIR: /home/runner/_work/_tool/Python/3.9.25/x64
job-core	Install dependencies	2026-02-18T14:58:17.4590009Z   Python2_ROOT_DIR: /home/runner/_work/_tool/Python/3.9.25/x64
job-core	Install dependencies	2026-02-18T14:58:17.4590444Z   Python3_ROOT_DIR: /home/runner/_work/_tool/Python/3.9.25/x64
job-core	Install dependencies	2026-02-18T14:58:17.4590884Z   LD_LIBRARY_PATH: /home/runner/_work/_tool/Python/3.9.25/x64/lib
job-core	Install dependencies	2026-02-18T14:58:17.4591245Z ##[endgroup]
job-core	Install dependencies	2026-02-18T14:58:18.3238372Z Collecting pymongo
job-core	Install dependencies	2026-02-18T14:58:18.3814688Z   Downloading pymongo-4.16.0-cp39-cp39-manylinux2014_x86_64.manylinux_2_17_x86_64.manylinux_2_28_x86_64.whl.metadata (10.0 kB)
job-core	Install dependencies	2026-02-18T14:58:18.4125415Z Collecting dnspython<3.0.0,>=2.6.1 (from pymongo)
job-core	Install dependencies	2026-02-18T14:58:18.4185822Z   Downloading dnspython-2.7.0-py3-none-any.whl.metadata (5.8 kB)
job-core	Install dependencies	2026-02-18T14:58:18.4348600Z Downloading pymongo-4.16.0-cp39-cp39-manylinux2014_x86_64.manylinux_2_17_x86_64.manylinux_2_28_x86_64.whl (947 kB)
job-core	Install dependencies	2026-02-18T14:58:18.4683687Z    ‚îÅ‚îÅ‚îÅ‚îÅ‚îÅ‚îÅ‚îÅ‚îÅ‚îÅ‚îÅ‚îÅ‚îÅ‚îÅ‚îÅ‚îÅ‚îÅ‚îÅ‚îÅ‚îÅ‚îÅ‚îÅ‚îÅ‚îÅ‚îÅ‚îÅ‚îÅ‚îÅ‚îÅ‚îÅ‚îÅ‚îÅ‚îÅ‚îÅ‚îÅ‚îÅ‚îÅ‚îÅ‚îÅ‚îÅ‚îÅ 947.2/947.2 kB 41.9 MB/s  0:00:00
job-core	Install dependencies	2026-02-18T14:58:18.5693170Z Downloading dnspython-2.7.0-py3-none-any.whl (313 kB)
job-core	Install dependencies	2026-02-18T14:58:18.6733351Z Installing collected packages: dnspython, pymongo
job-core	Install dependencies	2026-02-18T14:58:19.2205680Z 
job-core	Install dependencies	2026-02-18T14:58:19.2225099Z Successfully installed dnspython-2.7.0 pymongo-4.16.0
job-core	Create database MongoDB	Ôªø2026-02-18T14:58:19.4694467Z ##[group]Run python devops/core/mongo/scripts/mongodb_status_report.py
job-core	Create database MongoDB	2026-02-18T14:58:19.4695580Z [36;1mpython devops/core/mongo/scripts/mongodb_status_report.py[0m
job-core	Create database MongoDB	2026-02-18T14:58:19.4696177Z [36;1mecho "Downloading files to MongoDB update repository ..."[0m
job-core	Create database MongoDB	2026-02-18T14:58:19.4696833Z [36;1mgit config --global user.name "***"[0m
job-core	Create database MongoDB	2026-02-18T14:58:19.4697331Z [36;1mgit config --global user.email "***"[0m
job-core	Create database MongoDB	2026-02-18T14:58:19.4697640Z [36;1mgit pull --rebase[0m
job-core	Create database MongoDB	2026-02-18T14:58:19.4698258Z [36;1mecho "Uploading files to MongoDB update repository ..."[0m
job-core	Create database MongoDB	2026-02-18T14:58:19.4698632Z [36;1mgit add audit/mongodb/[0m
job-core	Create database MongoDB	2026-02-18T14:58:19.4698916Z [36;1mif ! git diff --staged --quiet; then[0m
job-core	Create database MongoDB	2026-02-18T14:58:19.4699388Z [36;1m   git commit -m "swarm-runners] Uploading files to MongoDB update repository ..."[0m
job-core	Create database MongoDB	2026-02-18T14:58:19.4699922Z [36;1m   git push origin refs/heads/main --force-with-lease[0m
job-core	Create database MongoDB	2026-02-18T14:58:19.4700262Z [36;1m fi[0m
job-core	Create database MongoDB	2026-02-18T14:58:19.4712786Z shell: /usr/bin/bash -e {0}
job-core	Create database MongoDB	2026-02-18T14:58:19.4713097Z env:
job-core	Create database MongoDB	2026-02-18T14:58:19.4713283Z   PYTHON_VERSION: 3.9
job-core	Create database MongoDB	2026-02-18T14:58:19.4714006Z   MONGO_SUPERUSER_CONNECTION: ***
job-core	Create database MongoDB	2026-02-18T14:58:19.4714375Z   MONGO_NEW_PASS: ***
job-core	Create database MongoDB	2026-02-18T14:58:19.4715248Z   MONGO_SCRIPT_CREATE: devops/core/mongo/scripts/mongodb_status_report.py
job-core	Create database MongoDB	2026-02-18T14:58:19.4715655Z   KAOS_CODE: 22144826880
job-core	Create database MongoDB	2026-02-18T14:58:19.4715997Z   REPORT_SCAN: audit/
job-core	Create database MongoDB	2026-02-18T14:58:19.4716217Z   REPORT_PATH: audit/mongodb/
job-core	Create database MongoDB	2026-02-18T14:58:19.4716477Z   REPORT_FILENAME: 22144826880.json
job-core	Create database MongoDB	2026-02-18T14:58:19.4716753Z   KAOS_MODULE: [Ka0s] Status MongDB Report
job-core	Create database MongoDB	2026-02-18T14:58:19.4717024Z   GITHUB_OUTPUT: 
job-core	Create database MongoDB	2026-02-18T14:58:19.4717300Z   pythonLocation: /home/runner/_work/_tool/Python/3.9.25/x64
job-core	Create database MongoDB	2026-02-18T14:58:19.4717747Z   PKG_CONFIG_PATH: /home/runner/_work/_tool/Python/3.9.25/x64/lib/pkgconfig
job-core	Create database MongoDB	2026-02-18T14:58:19.4718207Z   Python_ROOT_DIR: /home/runner/_work/_tool/Python/3.9.25/x64
job-core	Create database MongoDB	2026-02-18T14:58:19.4718621Z   Python2_ROOT_DIR: /home/runner/_work/_tool/Python/3.9.25/x64
job-core	Create database MongoDB	2026-02-18T14:58:19.4719039Z   Python3_ROOT_DIR: /home/runner/_work/_tool/Python/3.9.25/x64
job-core	Create database MongoDB	2026-02-18T14:58:19.4719454Z   LD_LIBRARY_PATH: /home/runner/_work/_tool/Python/3.9.25/x64/lib
job-core	Create database MongoDB	2026-02-18T14:58:19.4719796Z ##[endgroup]
job-core	Create database MongoDB	2026-02-18T14:58:19.9059130Z ‚úÖ Reporte generado exitosamente: audit/mongodb/22144826880.json
job-core	Create database MongoDB	2026-02-18T14:58:20.1673918Z Downloading files to MongoDB update repository ...
job-core	Create database MongoDB	2026-02-18T14:58:20.9630576Z Already up to date.
job-core	Create database MongoDB	2026-02-18T14:58:20.9644144Z Uploading files to MongoDB update repository ...
job-core	Create database MongoDB	2026-02-18T14:58:21.0297698Z [main 42f5b2937] swarm-runners] Uploading files to MongoDB update repository ...
job-core	Create database MongoDB	2026-02-18T14:58:21.0298245Z  1 file changed, 32350 insertions(+)
job-core	Create database MongoDB	2026-02-18T14:58:21.0298691Z  create mode 100644 audit/mongodb/22144826880.json
job-core	Create database MongoDB	2026-02-18T14:58:22.1023857Z To https://github.com/Ka0s-Klaus/ka0s
job-core	Create database MongoDB	2026-02-18T14:58:22.1027451Z    2b394ed98..42f5b2937  main -> main
job-core	Upload report	Ôªø2026-02-18T14:58:22.1529733Z ##[group]Run actions/upload-artifact@v4
job-core	Upload report	2026-02-18T14:58:22.1530308Z with:
job-core	Upload report	2026-02-18T14:58:22.1530673Z   name: mongo-setup-report
job-core	Upload report	2026-02-18T14:58:22.1531117Z   path: audit/mongodb/
job-core	Upload report	2026-02-18T14:58:22.1531520Z   if-no-files-found: warn
job-core	Upload report	2026-02-18T14:58:22.1531958Z   compression-level: 6
job-core	Upload report	2026-02-18T14:58:22.1532356Z   overwrite: false
job-core	Upload report	2026-02-18T14:58:22.1532755Z   include-hidden-files: false
job-core	Upload report	2026-02-18T14:58:22.1533185Z env:
job-core	Upload report	2026-02-18T14:58:22.1533511Z   PYTHON_VERSION: 3.9
job-core	Upload report	2026-02-18T14:58:22.1535847Z   MONGO_SUPERUSER_CONNECTION: ***
job-core	Upload report	2026-02-18T14:58:22.1536584Z   MONGO_NEW_PASS: ***
job-core	Upload report	2026-02-18T14:58:22.1537208Z   MONGO_SCRIPT_CREATE: devops/core/mongo/scripts/mongodb_status_report.py
job-core	Upload report	2026-02-18T14:58:22.1537947Z   KAOS_CODE: 22144826880
job-core	Upload report	2026-02-18T14:58:22.1538360Z   REPORT_SCAN: audit/
job-core	Upload report	2026-02-18T14:58:22.1538761Z   REPORT_PATH: audit/mongodb/
job-core	Upload report	2026-02-18T14:58:22.1539221Z   REPORT_FILENAME: 22144826880.json
job-core	Upload report	2026-02-18T14:58:22.1539729Z   KAOS_MODULE: [Ka0s] Status MongDB Report
job-core	Upload report	2026-02-18T14:58:22.1540308Z   GITHUB_OUTPUT: 
job-core	Upload report	2026-02-18T14:58:22.1540823Z   pythonLocation: /home/runner/_work/_tool/Python/3.9.25/x64
job-core	Upload report	2026-02-18T14:58:22.1541681Z   PKG_CONFIG_PATH: /home/runner/_work/_tool/Python/3.9.25/x64/lib/pkgconfig
job-core	Upload report	2026-02-18T14:58:22.1556663Z   Python_ROOT_DIR: /home/runner/_work/_tool/Python/3.9.25/x64
job-core	Upload report	2026-02-18T14:58:22.1557487Z   Python2_ROOT_DIR: /home/runner/_work/_tool/Python/3.9.25/x64
job-core	Upload report	2026-02-18T14:58:22.1558264Z   Python3_ROOT_DIR: /home/runner/_work/_tool/Python/3.9.25/x64
job-core	Upload report	2026-02-18T14:58:22.1559160Z   LD_LIBRARY_PATH: /home/runner/_work/_tool/Python/3.9.25/x64/lib
job-core	Upload report	2026-02-18T14:58:22.1560229Z ##[endgroup]
job-core	Upload report	2026-02-18T14:58:22.4105883Z With the provided path, there will be 2 files uploaded
job-core	Upload report	2026-02-18T14:58:22.4109493Z Artifact name is valid!
job-core	Upload report	2026-02-18T14:58:22.4112584Z Root directory input is valid!
job-core	Upload report	2026-02-18T14:58:22.8366227Z Beginning upload of artifact content to blob storage
job-core	Upload report	2026-02-18T14:58:23.6003242Z Uploaded bytes 124102
job-core	Upload report	2026-02-18T14:58:23.7318861Z Finished uploading artifact content to blob storage!
job-core	Upload report	2026-02-18T14:58:23.7331585Z SHA256 digest of uploaded artifact zip is 4f63f61c90da9c0e71d7c68e9c9323f8608636319a6209ec8f1e6ebd14401e6d
job-core	Upload report	2026-02-18T14:58:23.7338376Z Finalizing artifact upload
job-core	Upload report	2026-02-18T14:58:23.9288032Z Artifact mongo-setup-report.zip successfully finalized. Artifact ID 5557274601
job-core	Upload report	2026-02-18T14:58:23.9291556Z Artifact mongo-setup-report has been successfully uploaded! Final size is 124102 bytes. Artifact ID is 5557274601
job-core	Upload report	2026-02-18T14:58:23.9321010Z Artifact download URL: https://github.com/Ka0s-Klaus/ka0s/actions/runs/22144826880/artifacts/5557274601
job-core	Post Set up Python	Ôªø2026-02-18T14:58:23.9823111Z Post job cleanup.
job-core	Post Checkout code	Ôªø2026-02-18T14:58:24.1850869Z Post job cleanup.
job-core	Post Checkout code	2026-02-18T14:58:24.2922777Z [command]/usr/bin/git version
job-core	Post Checkout code	2026-02-18T14:58:24.2969034Z git version 2.52.0
job-core	Post Checkout code	2026-02-18T14:58:24.3012130Z Copying '/home/runner/.gitconfig' to '/home/runner/_work/_temp/996036d0-b035-44d3-90e9-90d962527a65/.gitconfig'
job-core	Post Checkout code	2026-02-18T14:58:24.3028508Z Temporarily overriding HOME='/home/runner/_work/_temp/996036d0-b035-44d3-90e9-90d962527a65' before making global git config changes
job-core	Post Checkout code	2026-02-18T14:58:24.3029895Z Adding repository directory to the temporary git global config as a safe directory
job-core	Post Checkout code	2026-02-18T14:58:24.3036161Z [command]/usr/bin/git config --global --add safe.directory /home/runner/_work/ka0s/ka0s
job-core	Post Checkout code	2026-02-18T14:58:24.3088092Z [command]/usr/bin/git config --local --name-only --get-regexp core\.sshCommand
job-core	Post Checkout code	2026-02-18T14:58:24.3168362Z [command]/usr/bin/git submodule foreach --recursive sh -c "git config --local --name-only --get-regexp 'core\.sshCommand' && git config --local --unset-all 'core.sshCommand' || :"
job-core	Post Checkout code	2026-02-18T14:58:24.3536295Z [command]/usr/bin/git config --local --name-only --get-regexp http\.https\:\/\/github\.com\/\.extraheader
job-core	Post Checkout code	2026-02-18T14:58:24.3571612Z http.https://github.com/.extraheader
job-core	Post Checkout code	2026-02-18T14:58:24.3587499Z [command]/usr/bin/git config --local --unset-all http.https://github.com/.extraheader
job-core	Post Checkout code	2026-02-18T14:58:24.3634047Z [command]/usr/bin/git submodule foreach --recursive sh -c "git config --local --name-only --get-regexp 'http\.https\:\/\/github\.com\/\.extraheader' && git config --local --unset-all 'http.https://github.com/.extraheader' || :"
job-core	Post Checkout code	2026-02-18T14:58:24.3991612Z [command]/usr/bin/git config --local --name-only --get-regexp ^includeIf\.gitdir:
job-core	Post Checkout code	2026-02-18T14:58:24.4035097Z [command]/usr/bin/git submodule foreach --recursive git config --local --show-origin --name-only --get-regexp remote.origin.url
job-core	Complete job	Ôªø2026-02-18T14:58:24.4527870Z Cleaning up orphan processes
handle-success	Set up job	Ôªø2026-02-18T14:58:40.7493838Z Current runner version: '2.331.0'
handle-success	Set up job	2026-02-18T14:58:40.7503352Z Runner name: 'swarm-runners-scaleset-hkss5-runner-cqzbq'
handle-success	Set up job	2026-02-18T14:58:40.7504387Z Runner group name: 'Default'
handle-success	Set up job	2026-02-18T14:58:40.7505956Z Machine name: 'swarm-runners-scaleset-hkss5-runner-cqzbq'
handle-success	Set up job	2026-02-18T14:58:40.7509904Z ##[group]GITHUB_TOKEN Permissions
handle-success	Set up job	2026-02-18T14:58:40.7512544Z Actions: write
handle-success	Set up job	2026-02-18T14:58:40.7513168Z Contents: write
handle-success	Set up job	2026-02-18T14:58:40.7513892Z Issues: write
handle-success	Set up job	2026-02-18T14:58:40.7515019Z Metadata: read
handle-success	Set up job	2026-02-18T14:58:40.7515682Z PullRequests: write
handle-success	Set up job	2026-02-18T14:58:40.7516423Z ##[endgroup]
handle-success	Set up job	2026-02-18T14:58:40.7518640Z Secret source: Actions
handle-success	Set up job	2026-02-18T14:58:40.7519475Z Prepare workflow directory
handle-success	Set up job	2026-02-18T14:58:40.8091670Z Prepare all required actions
handle-success	Set up job	2026-02-18T14:58:40.8132633Z Getting action download info
handle-success	Set up job	2026-02-18T14:58:41.4712703Z Download action repository 'actions/checkout@v4' (SHA:34e114876b0b11c390a56381ad16ebd13914f8d5)
handle-success	Set up job	2026-02-18T14:58:43.5489078Z Complete job name: handle-success
handle-success	Checkout code	Ôªø2026-02-18T14:58:43.6131084Z ##[group]Run actions/checkout@v4
handle-success	Checkout code	2026-02-18T14:58:43.6132179Z with:
handle-success	Checkout code	2026-02-18T14:58:43.6132827Z   fetch-depth: 0
handle-success	Checkout code	2026-02-18T14:58:43.6133377Z   repository: Ka0s-Klaus/ka0s
handle-success	Checkout code	2026-02-18T14:58:43.6134221Z   token: ***
handle-success	Checkout code	2026-02-18T14:58:43.6135160Z   ssh-strict: true
handle-success	Checkout code	2026-02-18T14:58:43.6135836Z   ssh-user: git
handle-success	Checkout code	2026-02-18T14:58:43.6136479Z   persist-credentials: true
handle-success	Checkout code	2026-02-18T14:58:43.6137052Z   clean: true
handle-success	Checkout code	2026-02-18T14:58:43.6137572Z   sparse-checkout-cone-mode: true
handle-success	Checkout code	2026-02-18T14:58:43.6138205Z   fetch-tags: false
handle-success	Checkout code	2026-02-18T14:58:43.6138735Z   show-progress: true
handle-success	Checkout code	2026-02-18T14:58:43.6139261Z   lfs: false
handle-success	Checkout code	2026-02-18T14:58:43.6139741Z   submodules: false
handle-success	Checkout code	2026-02-18T14:58:43.6140297Z   set-safe-directory: true
handle-success	Checkout code	2026-02-18T14:58:43.6141124Z env:
handle-success	Checkout code	2026-02-18T14:58:43.6141621Z   PYTHON_VERSION: 3.9
handle-success	Checkout code	2026-02-18T14:58:43.6142999Z   MONGO_SUPERUSER_CONNECTION: ***
handle-success	Checkout code	2026-02-18T14:58:43.6143835Z   MONGO_NEW_PASS: ***
handle-success	Checkout code	2026-02-18T14:58:43.6144867Z   MONGO_SCRIPT_CREATE: devops/core/mongo/scripts/mongodb_status_report.py
handle-success	Checkout code	2026-02-18T14:58:43.6145932Z   KAOS_CODE: 22144826880
handle-success	Checkout code	2026-02-18T14:58:43.6146485Z   REPORT_SCAN: audit/
handle-success	Checkout code	2026-02-18T14:58:43.6147031Z   REPORT_PATH: audit/mongodb/
handle-success	Checkout code	2026-02-18T14:58:43.6147635Z   REPORT_FILENAME: 22144826880.json
handle-success	Checkout code	2026-02-18T14:58:43.6148275Z   KAOS_MODULE: [Ka0s] Status MongDB Report
handle-success	Checkout code	2026-02-18T14:58:43.6148909Z ##[endgroup]
handle-success	Checkout code	2026-02-18T14:58:43.7424724Z Syncing repository: Ka0s-Klaus/ka0s
handle-success	Checkout code	2026-02-18T14:58:43.7427629Z ##[group]Getting Git version info
handle-success	Checkout code	2026-02-18T14:58:43.7428494Z Working directory is '/home/runner/_work/ka0s/ka0s'
handle-success	Checkout code	2026-02-18T14:58:43.7429657Z [command]/usr/bin/git version
handle-success	Checkout code	2026-02-18T14:58:43.7430260Z git version 2.52.0
handle-success	Checkout code	2026-02-18T14:58:43.7455169Z ##[endgroup]
handle-success	Checkout code	2026-02-18T14:58:43.7474028Z Temporarily overriding HOME='/home/runner/_work/_temp/25d91eda-df29-4520-84f5-464d5c2076c9' before making global git config changes
handle-success	Checkout code	2026-02-18T14:58:43.7476092Z Adding repository directory to the temporary git global config as a safe directory
handle-success	Checkout code	2026-02-18T14:58:43.7481340Z [command]/usr/bin/git config --global --add safe.directory /home/runner/_work/ka0s/ka0s
handle-success	Checkout code	2026-02-18T14:58:43.7533246Z Deleting the contents of '/home/runner/_work/ka0s/ka0s'
handle-success	Checkout code	2026-02-18T14:58:43.7536737Z ##[group]Initializing the repository
handle-success	Checkout code	2026-02-18T14:58:43.7551924Z [command]/usr/bin/git init /home/runner/_work/ka0s/ka0s
handle-success	Checkout code	2026-02-18T14:58:43.7617001Z hint: Using 'master' as the name for the initial branch. This default branch name
handle-success	Checkout code	2026-02-18T14:58:43.7620423Z hint: will change to "main" in Git 3.0. To configure the initial branch name
handle-success	Checkout code	2026-02-18T14:58:43.7621853Z hint: to use in all of your new repositories, which will suppress this warning,
handle-success	Checkout code	2026-02-18T14:58:43.7623154Z hint: call:
handle-success	Checkout code	2026-02-18T14:58:43.7623714Z hint:
handle-success	Checkout code	2026-02-18T14:58:43.7624352Z hint: 	git config --global init.defaultBranch <name>
handle-success	Checkout code	2026-02-18T14:58:43.7625862Z hint:
handle-success	Checkout code	2026-02-18T14:58:43.7626559Z hint: Names commonly chosen instead of 'master' are 'main', 'trunk' and
handle-success	Checkout code	2026-02-18T14:58:43.7627815Z hint: 'development'. The just-created branch can be renamed via this command:
handle-success	Checkout code	2026-02-18T14:58:43.7629667Z hint:
handle-success	Checkout code	2026-02-18T14:58:43.7630283Z hint: 	git branch -m <name>
handle-success	Checkout code	2026-02-18T14:58:43.7630963Z hint:
handle-success	Checkout code	2026-02-18T14:58:43.7631713Z hint: Disable this message with "git config set advice.defaultBranchName false"
handle-success	Checkout code	2026-02-18T14:58:43.7632953Z Initialized empty Git repository in /home/runner/_work/ka0s/ka0s/.git/
handle-success	Checkout code	2026-02-18T14:58:43.7635439Z [command]/usr/bin/git remote add origin https://github.com/Ka0s-Klaus/ka0s
handle-success	Checkout code	2026-02-18T14:58:43.7691385Z ##[endgroup]
handle-success	Checkout code	2026-02-18T14:58:43.7692409Z ##[group]Disabling automatic garbage collection
handle-success	Checkout code	2026-02-18T14:58:43.7696345Z [command]/usr/bin/git config --local gc.auto 0
handle-success	Checkout code	2026-02-18T14:58:43.7742486Z ##[endgroup]
handle-success	Checkout code	2026-02-18T14:58:43.7743438Z ##[group]Setting up auth
handle-success	Checkout code	2026-02-18T14:58:43.7750092Z [command]/usr/bin/git config --local --name-only --get-regexp core\.sshCommand
handle-success	Checkout code	2026-02-18T14:58:43.7792960Z [command]/usr/bin/git submodule foreach --recursive sh -c "git config --local --name-only --get-regexp 'core\.sshCommand' && git config --local --unset-all 'core.sshCommand' || :"
handle-success	Checkout code	2026-02-18T14:58:43.8144813Z [command]/usr/bin/git config --local --name-only --get-regexp http\.https\:\/\/github\.com\/\.extraheader
handle-success	Checkout code	2026-02-18T14:58:43.8185864Z [command]/usr/bin/git submodule foreach --recursive sh -c "git config --local --name-only --get-regexp 'http\.https\:\/\/github\.com\/\.extraheader' && git config --local --unset-all 'http.https://github.com/.extraheader' || :"
handle-success	Checkout code	2026-02-18T14:58:43.8528849Z [command]/usr/bin/git config --local --name-only --get-regexp ^includeIf\.gitdir:
handle-success	Checkout code	2026-02-18T14:58:43.8573464Z [command]/usr/bin/git submodule foreach --recursive git config --local --show-origin --name-only --get-regexp remote.origin.url
handle-success	Checkout code	2026-02-18T14:58:43.8915574Z [command]/usr/bin/git config --local http.https://github.com/.extraheader AUTHORIZATION: basic ***
handle-success	Checkout code	2026-02-18T14:58:43.8967677Z ##[endgroup]
handle-success	Checkout code	2026-02-18T14:58:43.8969636Z ##[group]Fetching the repository
handle-success	Checkout code	2026-02-18T14:58:43.8988932Z [command]/usr/bin/git -c protocol.version=2 fetch --prune --no-recurse-submodules origin +refs/heads/*:refs/remotes/origin/* +refs/tags/*:refs/tags/*
handle-success	Checkout code	2026-02-18T14:59:05.0033046Z From https://github.com/Ka0s-Klaus/ka0s
handle-success	Checkout code	2026-02-18T14:59:05.0035576Z  * [new branch]          F3450-modelo-operativo -> origin/F3450-modelo-operativo
handle-success	Checkout code	2026-02-18T14:59:05.0036316Z  * [new branch]          H1276-modulo-observabilidad -> origin/H1276-modulo-observabilidad
handle-success	Checkout code	2026-02-18T14:59:05.0036980Z  * [new branch]          H3266-deploy-zabbix    -> origin/H3266-deploy-zabbix
handle-success	Checkout code	2026-02-18T14:59:05.0037835Z  * [new branch]          H3596-deploy-itop      -> origin/H3596-deploy-itop
handle-success	Checkout code	2026-02-18T14:59:05.0038369Z  * [new branch]          main                   -> origin/main
handle-success	Checkout code	2026-02-18T14:59:05.0038813Z  * [new tag]             0.0.0                  -> 0.0.0
handle-success	Checkout code	2026-02-18T14:59:05.0039245Z  * [new tag]             0.0.1                  -> 0.0.1
handle-success	Checkout code	2026-02-18T14:59:05.0039700Z  * [new tag]             0.0.10                 -> 0.0.10
handle-success	Checkout code	2026-02-18T14:59:05.0040124Z  * [new tag]             0.0.100                -> 0.0.100
handle-success	Checkout code	2026-02-18T14:59:05.0040655Z  * [new tag]             0.0.101                -> 0.0.101
handle-success	Checkout code	2026-02-18T14:59:05.0041134Z  * [new tag]             0.0.102                -> 0.0.102
handle-success	Checkout code	2026-02-18T14:59:05.0041562Z  * [new tag]             0.0.103                -> 0.0.103
handle-success	Checkout code	2026-02-18T14:59:05.0042019Z  * [new tag]             0.0.104                -> 0.0.104
handle-success	Checkout code	2026-02-18T14:59:05.0042497Z  * [new tag]             0.0.105                -> 0.0.105
handle-success	Checkout code	2026-02-18T14:59:05.0042966Z  * [new tag]             0.0.106                -> 0.0.106
handle-success	Checkout code	2026-02-18T14:59:05.0043396Z  * [new tag]             0.0.107                -> 0.0.107
handle-success	Checkout code	2026-02-18T14:59:05.0043843Z  * [new tag]             0.0.108                -> 0.0.108
handle-success	Checkout code	2026-02-18T14:59:05.0044275Z  * [new tag]             0.0.109                -> 0.0.109
handle-success	Checkout code	2026-02-18T14:59:05.0044998Z  * [new tag]             0.0.11                 -> 0.0.11
handle-success	Checkout code	2026-02-18T14:59:05.0045431Z  * [new tag]             0.0.110                -> 0.0.110
handle-success	Checkout code	2026-02-18T14:59:05.0045840Z  * [new tag]             0.0.111                -> 0.0.111
handle-success	Checkout code	2026-02-18T14:59:05.0046828Z  * [new tag]             0.0.112                -> 0.0.112
handle-success	Checkout code	2026-02-18T14:59:05.0047249Z  * [new tag]             0.0.113                -> 0.0.113
handle-success	Checkout code	2026-02-18T14:59:05.0047677Z  * [new tag]             0.0.114                -> 0.0.114
handle-success	Checkout code	2026-02-18T14:59:05.0048091Z  * [new tag]             0.0.115                -> 0.0.115
handle-success	Checkout code	2026-02-18T14:59:05.0048500Z  * [new tag]             0.0.116                -> 0.0.116
handle-success	Checkout code	2026-02-18T14:59:05.0048931Z  * [new tag]             0.0.117                -> 0.0.117
handle-success	Checkout code	2026-02-18T14:59:05.0049357Z  * [new tag]             0.0.118                -> 0.0.118
handle-success	Checkout code	2026-02-18T14:59:05.0049849Z  * [new tag]             0.0.119                -> 0.0.119
handle-success	Checkout code	2026-02-18T14:59:05.0050339Z  * [new tag]             0.0.12                 -> 0.0.12
handle-success	Checkout code	2026-02-18T14:59:05.0050754Z  * [new tag]             0.0.120                -> 0.0.120
handle-success	Checkout code	2026-02-18T14:59:05.0051175Z  * [new tag]             0.0.121                -> 0.0.121
handle-success	Checkout code	2026-02-18T14:59:05.0051936Z  * [new tag]             0.0.122                -> 0.0.122
handle-success	Checkout code	2026-02-18T14:59:05.0052359Z  * [new tag]             0.0.123                -> 0.0.123
handle-success	Checkout code	2026-02-18T14:59:05.0052808Z  * [new tag]             0.0.124                -> 0.0.124
handle-success	Checkout code	2026-02-18T14:59:05.0053231Z  * [new tag]             0.0.125                -> 0.0.125
handle-success	Checkout code	2026-02-18T14:59:05.0053651Z  * [new tag]             0.0.126                -> 0.0.126
handle-success	Checkout code	2026-02-18T14:59:05.0054070Z  * [new tag]             0.0.127                -> 0.0.127
handle-success	Checkout code	2026-02-18T14:59:05.0054714Z  * [new tag]             0.0.128                -> 0.0.128
handle-success	Checkout code	2026-02-18T14:59:05.0055183Z  * [new tag]             0.0.129                -> 0.0.129
handle-success	Checkout code	2026-02-18T14:59:05.0055729Z  * [new tag]             0.0.13                 -> 0.0.13
handle-success	Checkout code	2026-02-18T14:59:05.0056147Z  * [new tag]             0.0.130                -> 0.0.130
handle-success	Checkout code	2026-02-18T14:59:05.0056743Z  * [new tag]             0.0.131                -> 0.0.131
handle-success	Checkout code	2026-02-18T14:59:05.0057143Z  * [new tag]             0.0.132                -> 0.0.132
handle-success	Checkout code	2026-02-18T14:59:05.0057569Z  * [new tag]             0.0.133                -> 0.0.133
handle-success	Checkout code	2026-02-18T14:59:05.0058254Z  * [new tag]             0.0.134                -> 0.0.134
handle-success	Checkout code	2026-02-18T14:59:05.0058945Z  * [new tag]             0.0.135                -> 0.0.135
handle-success	Checkout code	2026-02-18T14:59:05.0059370Z  * [new tag]             0.0.136                -> 0.0.136
handle-success	Checkout code	2026-02-18T14:59:05.0059801Z  * [new tag]             0.0.137                -> 0.0.137
handle-success	Checkout code	2026-02-18T14:59:05.0060216Z  * [new tag]             0.0.138                -> 0.0.138
handle-success	Checkout code	2026-02-18T14:59:05.0060638Z  * [new tag]             0.0.139                -> 0.0.139
handle-success	Checkout code	2026-02-18T14:59:05.0061054Z  * [new tag]             0.0.14                 -> 0.0.14
handle-success	Checkout code	2026-02-18T14:59:05.0061599Z  * [new tag]             0.0.140                -> 0.0.140
handle-success	Checkout code	2026-02-18T14:59:05.0062163Z  * [new tag]             0.0.141                -> 0.0.141
handle-success	Checkout code	2026-02-18T14:59:05.0062575Z  * [new tag]             0.0.142                -> 0.0.142
handle-success	Checkout code	2026-02-18T14:59:05.0138087Z  * [new tag]             0.0.143                -> 0.0.143
handle-success	Checkout code	2026-02-18T14:59:05.0138950Z  * [new tag]             0.0.144                -> 0.0.144
handle-success	Checkout code	2026-02-18T14:59:05.0139371Z  * [new tag]             0.0.145                -> 0.0.145
handle-success	Checkout code	2026-02-18T14:59:05.0139902Z  * [new tag]             0.0.146                -> 0.0.146
handle-success	Checkout code	2026-02-18T14:59:05.0140306Z  * [new tag]             0.0.147                -> 0.0.147
handle-success	Checkout code	2026-02-18T14:59:05.0140704Z  * [new tag]             0.0.148                -> 0.0.148
handle-success	Checkout code	2026-02-18T14:59:05.0141222Z  * [new tag]             0.0.149                -> 0.0.149
handle-success	Checkout code	2026-02-18T14:59:05.0141609Z  * [new tag]             0.0.15                 -> 0.0.15
handle-success	Checkout code	2026-02-18T14:59:05.0141994Z  * [new tag]             0.0.150                -> 0.0.150
handle-success	Checkout code	2026-02-18T14:59:05.0142398Z  * [new tag]             0.0.151                -> 0.0.151
handle-success	Checkout code	2026-02-18T14:59:05.0142878Z  * [new tag]             0.0.152                -> 0.0.152
handle-success	Checkout code	2026-02-18T14:59:05.0143271Z  * [new tag]             0.0.153                -> 0.0.153
handle-success	Checkout code	2026-02-18T14:59:05.0143964Z  * [new tag]             0.0.154                -> 0.0.154
handle-success	Checkout code	2026-02-18T14:59:05.0144355Z  * [new tag]             0.0.155                -> 0.0.155
handle-success	Checkout code	2026-02-18T14:59:05.0145235Z  * [new tag]             0.0.156                -> 0.0.156
handle-success	Checkout code	2026-02-18T14:59:05.0145761Z  * [new tag]             0.0.157                -> 0.0.157
handle-success	Checkout code	2026-02-18T14:59:05.0146164Z  * [new tag]             0.0.158                -> 0.0.158
handle-success	Checkout code	2026-02-18T14:59:05.0146563Z  * [new tag]             0.0.159                -> 0.0.159
handle-success	Checkout code	2026-02-18T14:59:05.0146963Z  * [new tag]             0.0.16                 -> 0.0.16
handle-success	Checkout code	2026-02-18T14:59:05.0147359Z  * [new tag]             0.0.160                -> 0.0.160
handle-success	Checkout code	2026-02-18T14:59:05.0147758Z  * [new tag]             0.0.161                -> 0.0.161
handle-success	Checkout code	2026-02-18T14:59:05.0148285Z  * [new tag]             0.0.162                -> 0.0.162
handle-success	Checkout code	2026-02-18T14:59:05.0148683Z  * [new tag]             0.0.163                -> 0.0.163
handle-success	Checkout code	2026-02-18T14:59:05.0149079Z  * [new tag]             0.0.164                -> 0.0.164
handle-success	Checkout code	2026-02-18T14:59:05.0149718Z  * [new tag]             0.0.165                -> 0.0.165
handle-success	Checkout code	2026-02-18T14:59:05.0150119Z  * [new tag]             0.0.166                -> 0.0.166
handle-success	Checkout code	2026-02-18T14:59:05.0150509Z  * [new tag]             0.0.167                -> 0.0.167
handle-success	Checkout code	2026-02-18T14:59:05.0150912Z  * [new tag]             0.0.168                -> 0.0.168
handle-success	Checkout code	2026-02-18T14:59:05.0151310Z  * [new tag]             0.0.169                -> 0.0.169
handle-success	Checkout code	2026-02-18T14:59:05.0151710Z  * [new tag]             0.0.17                 -> 0.0.17
handle-success	Checkout code	2026-02-18T14:59:05.0152109Z  * [new tag]             0.0.170                -> 0.0.170
handle-success	Checkout code	2026-02-18T14:59:05.0152500Z  * [new tag]             0.0.171                -> 0.0.171
handle-success	Checkout code	2026-02-18T14:59:05.0152899Z  * [new tag]             0.0.172                -> 0.0.172
handle-success	Checkout code	2026-02-18T14:59:05.0153439Z  * [new tag]             0.0.173                -> 0.0.173
handle-success	Checkout code	2026-02-18T14:59:05.0154001Z  * [new tag]             0.0.174                -> 0.0.174
handle-success	Checkout code	2026-02-18T14:59:05.0154420Z  * [new tag]             0.0.175                -> 0.0.175
handle-success	Checkout code	2026-02-18T14:59:05.0169366Z  * [new tag]             0.0.176                -> 0.0.176
handle-success	Checkout code	2026-02-18T14:59:05.0169824Z  * [new tag]             0.0.177                -> 0.0.177
handle-success	Checkout code	2026-02-18T14:59:05.0170240Z  * [new tag]             0.0.178                -> 0.0.178
handle-success	Checkout code	2026-02-18T14:59:05.0170643Z  * [new tag]             0.0.179                -> 0.0.179
handle-success	Checkout code	2026-02-18T14:59:05.0171041Z  * [new tag]             0.0.18                 -> 0.0.18
handle-success	Checkout code	2026-02-18T14:59:05.0171438Z  * [new tag]             0.0.19                 -> 0.0.19
handle-success	Checkout code	2026-02-18T14:59:05.0171841Z  * [new tag]             0.0.2                  -> 0.0.2
handle-success	Checkout code	2026-02-18T14:59:05.0172248Z  * [new tag]             0.0.20                 -> 0.0.20
handle-success	Checkout code	2026-02-18T14:59:05.0172652Z  * [new tag]             0.0.21                 -> 0.0.21
handle-success	Checkout code	2026-02-18T14:59:05.0173047Z  * [new tag]             0.0.22                 -> 0.0.22
handle-success	Checkout code	2026-02-18T14:59:05.0173447Z  * [new tag]             0.0.23                 -> 0.0.23
handle-success	Checkout code	2026-02-18T14:59:05.0173881Z  * [new tag]             0.0.24                 -> 0.0.24
handle-success	Checkout code	2026-02-18T14:59:05.0174280Z  * [new tag]             0.0.25                 -> 0.0.25
handle-success	Checkout code	2026-02-18T14:59:05.0174994Z  * [new tag]             0.0.26                 -> 0.0.26
handle-success	Checkout code	2026-02-18T14:59:05.0175665Z  * [new tag]             0.0.27                 -> 0.0.27
handle-success	Checkout code	2026-02-18T14:59:05.0176065Z  * [new tag]             0.0.28                 -> 0.0.28
handle-success	Checkout code	2026-02-18T14:59:05.0176466Z  * [new tag]             0.0.29                 -> 0.0.29
handle-success	Checkout code	2026-02-18T14:59:05.0176870Z  * [new tag]             0.0.3                  -> 0.0.3
handle-success	Checkout code	2026-02-18T14:59:05.0177264Z  * [new tag]             0.0.30                 -> 0.0.30
handle-success	Checkout code	2026-02-18T14:59:05.0177663Z  * [new tag]             0.0.31                 -> 0.0.31
handle-success	Checkout code	2026-02-18T14:59:05.0178061Z  * [new tag]             0.0.32                 -> 0.0.32
handle-success	Checkout code	2026-02-18T14:59:05.0178463Z  * [new tag]             0.0.33                 -> 0.0.33
handle-success	Checkout code	2026-02-18T14:59:05.0178864Z  * [new tag]             0.0.34                 -> 0.0.34
handle-success	Checkout code	2026-02-18T14:59:05.0179561Z  * [new tag]             0.0.35                 -> 0.0.35
handle-success	Checkout code	2026-02-18T14:59:05.0179966Z  * [new tag]             0.0.36                 -> 0.0.36
handle-success	Checkout code	2026-02-18T14:59:05.0180365Z  * [new tag]             0.0.37                 -> 0.0.37
handle-success	Checkout code	2026-02-18T14:59:05.0180766Z  * [new tag]             0.0.38                 -> 0.0.38
handle-success	Checkout code	2026-02-18T14:59:05.0181163Z  * [new tag]             0.0.39                 -> 0.0.39
handle-success	Checkout code	2026-02-18T14:59:05.0181562Z  * [new tag]             0.0.4                  -> 0.0.4
handle-success	Checkout code	2026-02-18T14:59:05.0181960Z  * [new tag]             0.0.40                 -> 0.0.40
handle-success	Checkout code	2026-02-18T14:59:05.0182365Z  * [new tag]             0.0.41                 -> 0.0.41
handle-success	Checkout code	2026-02-18T14:59:05.0182764Z  * [new tag]             0.0.42                 -> 0.0.42
handle-success	Checkout code	2026-02-18T14:59:05.0183161Z  * [new tag]             0.0.43                 -> 0.0.43
handle-success	Checkout code	2026-02-18T14:59:05.0183559Z  * [new tag]             0.0.44                 -> 0.0.44
handle-success	Checkout code	2026-02-18T14:59:05.0183961Z  * [new tag]             0.0.45                 -> 0.0.45
handle-success	Checkout code	2026-02-18T14:59:05.0184824Z  * [new tag]             0.0.46                 -> 0.0.46
handle-success	Checkout code	2026-02-18T14:59:05.0185365Z  * [new tag]             0.0.47                 -> 0.0.47
handle-success	Checkout code	2026-02-18T14:59:05.0185763Z  * [new tag]             0.0.48                 -> 0.0.48
handle-success	Checkout code	2026-02-18T14:59:05.0186164Z  * [new tag]             0.0.49                 -> 0.0.49
handle-success	Checkout code	2026-02-18T14:59:05.0186567Z  * [new tag]             0.0.5                  -> 0.0.5
handle-success	Checkout code	2026-02-18T14:59:05.0186966Z  * [new tag]             0.0.50                 -> 0.0.50
handle-success	Checkout code	2026-02-18T14:59:05.0187362Z  * [new tag]             0.0.51                 -> 0.0.51
handle-success	Checkout code	2026-02-18T14:59:05.0187764Z  * [new tag]             0.0.52                 -> 0.0.52
handle-success	Checkout code	2026-02-18T14:59:05.0188166Z  * [new tag]             0.0.53                 -> 0.0.53
handle-success	Checkout code	2026-02-18T14:59:05.0188568Z  * [new tag]             0.0.54                 -> 0.0.54
handle-success	Checkout code	2026-02-18T14:59:05.0188964Z  * [new tag]             0.0.55                 -> 0.0.55
handle-success	Checkout code	2026-02-18T14:59:05.0189360Z  * [new tag]             0.0.56                 -> 0.0.56
handle-success	Checkout code	2026-02-18T14:59:05.0189776Z  * [new tag]             0.0.57                 -> 0.0.57
handle-success	Checkout code	2026-02-18T14:59:05.0190174Z  * [new tag]             0.0.58                 -> 0.0.58
handle-success	Checkout code	2026-02-18T14:59:05.0190572Z  * [new tag]             0.0.59                 -> 0.0.59
handle-success	Checkout code	2026-02-18T14:59:05.0190972Z  * [new tag]             0.0.6                  -> 0.0.6
handle-success	Checkout code	2026-02-18T14:59:05.0191367Z  * [new tag]             0.0.60                 -> 0.0.60
handle-success	Checkout code	2026-02-18T14:59:05.0191762Z  * [new tag]             0.0.61                 -> 0.0.61
handle-success	Checkout code	2026-02-18T14:59:05.0192158Z  * [new tag]             0.0.62                 -> 0.0.62
handle-success	Checkout code	2026-02-18T14:59:05.0192555Z  * [new tag]             0.0.63                 -> 0.0.63
handle-success	Checkout code	2026-02-18T14:59:05.0192946Z  * [new tag]             0.0.64                 -> 0.0.64
handle-success	Checkout code	2026-02-18T14:59:05.0193330Z  * [new tag]             0.0.65                 -> 0.0.65
handle-success	Checkout code	2026-02-18T14:59:05.0193722Z  * [new tag]             0.0.66                 -> 0.0.66
handle-success	Checkout code	2026-02-18T14:59:05.0194120Z  * [new tag]             0.0.67                 -> 0.0.67
handle-success	Checkout code	2026-02-18T14:59:05.0194604Z  * [new tag]             0.0.68                 -> 0.0.68
handle-success	Checkout code	2026-02-18T14:59:05.0195002Z  * [new tag]             0.0.69                 -> 0.0.69
handle-success	Checkout code	2026-02-18T14:59:05.0195394Z  * [new tag]             0.0.7                  -> 0.0.7
handle-success	Checkout code	2026-02-18T14:59:05.0195789Z  * [new tag]             0.0.70                 -> 0.0.70
handle-success	Checkout code	2026-02-18T14:59:05.0196181Z  * [new tag]             0.0.71                 -> 0.0.71
handle-success	Checkout code	2026-02-18T14:59:05.0196573Z  * [new tag]             0.0.72                 -> 0.0.72
handle-success	Checkout code	2026-02-18T14:59:05.0196962Z  * [new tag]             0.0.73                 -> 0.0.73
handle-success	Checkout code	2026-02-18T14:59:05.0197353Z  * [new tag]             0.0.74                 -> 0.0.74
handle-success	Checkout code	2026-02-18T14:59:05.0197744Z  * [new tag]             0.0.75                 -> 0.0.75
handle-success	Checkout code	2026-02-18T14:59:05.0198139Z  * [new tag]             0.0.76                 -> 0.0.76
handle-success	Checkout code	2026-02-18T14:59:05.0198530Z  * [new tag]             0.0.77                 -> 0.0.77
handle-success	Checkout code	2026-02-18T14:59:05.0199124Z  * [new tag]             0.0.78                 -> 0.0.78
handle-success	Checkout code	2026-02-18T14:59:05.0199517Z  * [new tag]             0.0.79                 -> 0.0.79
handle-success	Checkout code	2026-02-18T14:59:05.0199910Z  * [new tag]             0.0.8                  -> 0.0.8
handle-success	Checkout code	2026-02-18T14:59:05.0200302Z  * [new tag]             0.0.80                 -> 0.0.80
handle-success	Checkout code	2026-02-18T14:59:05.0200690Z  * [new tag]             0.0.81                 -> 0.0.81
handle-success	Checkout code	2026-02-18T14:59:05.0201234Z  * [new tag]             0.0.82                 -> 0.0.82
handle-success	Checkout code	2026-02-18T14:59:05.0201747Z  * [new tag]             0.0.83                 -> 0.0.83
handle-success	Checkout code	2026-02-18T14:59:05.0202140Z  * [new tag]             0.0.84                 -> 0.0.84
handle-success	Checkout code	2026-02-18T14:59:05.0202530Z  * [new tag]             0.0.85                 -> 0.0.85
handle-success	Checkout code	2026-02-18T14:59:05.0202919Z  * [new tag]             0.0.86                 -> 0.0.86
handle-success	Checkout code	2026-02-18T14:59:05.0203309Z  * [new tag]             0.0.87                 -> 0.0.87
handle-success	Checkout code	2026-02-18T14:59:05.0203702Z  * [new tag]             0.0.88                 -> 0.0.88
handle-success	Checkout code	2026-02-18T14:59:05.0204322Z  * [new tag]             0.0.89                 -> 0.0.89
handle-success	Checkout code	2026-02-18T14:59:05.0204946Z  * [new tag]             0.0.9                  -> 0.0.9
handle-success	Checkout code	2026-02-18T14:59:05.0205354Z  * [new tag]             0.0.90                 -> 0.0.90
handle-success	Checkout code	2026-02-18T14:59:05.0205882Z  * [new tag]             0.0.91                 -> 0.0.91
handle-success	Checkout code	2026-02-18T14:59:05.0206274Z  * [new tag]             0.0.92                 -> 0.0.92
handle-success	Checkout code	2026-02-18T14:59:05.0206665Z  * [new tag]             0.0.93                 -> 0.0.93
handle-success	Checkout code	2026-02-18T14:59:05.0207049Z  * [new tag]             0.0.94                 -> 0.0.94
handle-success	Checkout code	2026-02-18T14:59:05.0207442Z  * [new tag]             0.0.95                 -> 0.0.95
handle-success	Checkout code	2026-02-18T14:59:05.0207835Z  * [new tag]             0.0.96                 -> 0.0.96
handle-success	Checkout code	2026-02-18T14:59:05.0208227Z  * [new tag]             0.0.97                 -> 0.0.97
handle-success	Checkout code	2026-02-18T14:59:05.0208616Z  * [new tag]             0.0.98                 -> 0.0.98
handle-success	Checkout code	2026-02-18T14:59:05.0209003Z  * [new tag]             0.0.99                 -> 0.0.99
handle-success	Checkout code	2026-02-18T14:59:05.0209411Z  * [new tag]             0.1.0                  -> 0.1.0
handle-success	Checkout code	2026-02-18T14:59:05.0209804Z  * [new tag]             0.1.1                  -> 0.1.1
handle-success	Checkout code	2026-02-18T14:59:05.0210199Z  * [new tag]             0.2.0                  -> 0.2.0
handle-success	Checkout code	2026-02-18T14:59:05.0210589Z  * [new tag]             0.3.0                  -> 0.3.0
handle-success	Checkout code	2026-02-18T14:59:05.0210974Z  * [new tag]             0.3.1                  -> 0.3.1
handle-success	Checkout code	2026-02-18T14:59:05.0211367Z  * [new tag]             0.3.10                 -> 0.3.10
handle-success	Checkout code	2026-02-18T14:59:05.0211760Z  * [new tag]             0.3.11                 -> 0.3.11
handle-success	Checkout code	2026-02-18T14:59:05.0212175Z  * [new tag]             0.3.12                 -> 0.3.12
handle-success	Checkout code	2026-02-18T14:59:05.0212570Z  * [new tag]             0.3.13                 -> 0.3.13
handle-success	Checkout code	2026-02-18T14:59:05.0212962Z  * [new tag]             0.3.14                 -> 0.3.14
handle-success	Checkout code	2026-02-18T14:59:05.0213354Z  * [new tag]             0.3.15                 -> 0.3.15
handle-success	Checkout code	2026-02-18T14:59:05.0213745Z  * [new tag]             0.3.16                 -> 0.3.16
handle-success	Checkout code	2026-02-18T14:59:05.0214150Z  * [new tag]             0.3.17                 -> 0.3.17
handle-success	Checkout code	2026-02-18T14:59:05.0214587Z  * [new tag]             0.3.2                  -> 0.3.2
handle-success	Checkout code	2026-02-18T14:59:05.0215404Z  * [new tag]             0.3.3                  -> 0.3.3
handle-success	Checkout code	2026-02-18T14:59:05.0215919Z  * [new tag]             0.3.4                  -> 0.3.4
handle-success	Checkout code	2026-02-18T14:59:05.0216298Z  * [new tag]             0.3.5                  -> 0.3.5
handle-success	Checkout code	2026-02-18T14:59:05.0216685Z  * [new tag]             0.3.6                  -> 0.3.6
handle-success	Checkout code	2026-02-18T14:59:05.0217070Z  * [new tag]             0.3.7                  -> 0.3.7
handle-success	Checkout code	2026-02-18T14:59:05.0217458Z  * [new tag]             0.3.8                  -> 0.3.8
handle-success	Checkout code	2026-02-18T14:59:05.0217843Z  * [new tag]             0.3.9                  -> 0.3.9
handle-success	Checkout code	2026-02-18T14:59:05.0218229Z  * [new tag]             0.4.0                  -> 0.4.0
handle-success	Checkout code	2026-02-18T14:59:05.0218617Z  * [new tag]             0.4.1                  -> 0.4.1
handle-success	Checkout code	2026-02-18T14:59:05.0219208Z  * [new tag]             0.4.2                  -> 0.4.2
handle-success	Checkout code	2026-02-18T14:59:05.0219602Z  * [new tag]             0.4.3                  -> 0.4.3
handle-success	Checkout code	2026-02-18T14:59:05.0219988Z  * [new tag]             0.4.4                  -> 0.4.4
handle-success	Checkout code	2026-02-18T14:59:05.0220379Z  * [new tag]             0.4.5                  -> 0.4.5
handle-success	Checkout code	2026-02-18T14:59:05.0220765Z  * [new tag]             0.4.6                  -> 0.4.6
handle-success	Checkout code	2026-02-18T14:59:05.0221152Z  * [new tag]             0.4.7                  -> 0.4.7
handle-success	Checkout code	2026-02-18T14:59:05.0221538Z  * [new tag]             0.4.8                  -> 0.4.8
handle-success	Checkout code	2026-02-18T14:59:05.0221917Z  * [new tag]             0.4.9                  -> 0.4.9
handle-success	Checkout code	2026-02-18T14:59:05.0222309Z  * [new tag]             0.5.0                  -> 0.5.0
handle-success	Checkout code	2026-02-18T14:59:05.0222695Z  * [new tag]             0.5.1                  -> 0.5.1
handle-success	Checkout code	2026-02-18T14:59:05.0223079Z  * [new tag]             0.5.2                  -> 0.5.2
handle-success	Checkout code	2026-02-18T14:59:05.0223460Z  * [new tag]             0.6.0                  -> 0.6.0
handle-success	Checkout code	2026-02-18T14:59:05.0223856Z  * [new tag]             0.6.1                  -> 0.6.1
handle-success	Checkout code	2026-02-18T14:59:05.0224429Z  * [new tag]             0.6.2                  -> 0.6.2
handle-success	Checkout code	2026-02-18T14:59:05.0431654Z [command]/usr/bin/git branch --list --remote origin/main
handle-success	Checkout code	2026-02-18T14:59:05.0508763Z   origin/main
handle-success	Checkout code	2026-02-18T14:59:05.0521353Z [command]/usr/bin/git rev-parse refs/remotes/origin/main
handle-success	Checkout code	2026-02-18T14:59:05.0553796Z 42f5b2937c48b2eac9383b10a04d8e7aa19d5b18
handle-success	Checkout code	2026-02-18T14:59:05.0567655Z [command]/usr/bin/git -c protocol.version=2 fetch --no-tags --prune --no-recurse-submodules origin +2b394ed98dc2764f983ecf0d803a837058762414:refs/remotes/origin/main
handle-success	Checkout code	2026-02-18T14:59:05.0759647Z From https://github.com/Ka0s-Klaus/ka0s
handle-success	Checkout code	2026-02-18T14:59:05.0760512Z  + 42f5b2937...2b394ed98 2b394ed98dc2764f983ecf0d803a837058762414 -> origin/main  (forced update)
handle-success	Checkout code	2026-02-18T14:59:05.0799133Z ##[endgroup]
handle-success	Checkout code	2026-02-18T14:59:05.0799839Z ##[group]Determining the checkout info
handle-success	Checkout code	2026-02-18T14:59:05.0800366Z ##[endgroup]
handle-success	Checkout code	2026-02-18T14:59:05.0806021Z [command]/usr/bin/git sparse-checkout disable
handle-success	Checkout code	2026-02-18T14:59:05.1295127Z [command]/usr/bin/git config --local --unset-all extensions.worktreeConfig
handle-success	Checkout code	2026-02-18T14:59:05.1381672Z ##[group]Checking out the ref
handle-success	Checkout code	2026-02-18T14:59:05.1410481Z [command]/usr/bin/git checkout --progress --force -B main refs/remotes/origin/main
handle-success	Checkout code	2026-02-18T14:59:05.4162538Z Switched to a new branch 'main'
handle-success	Checkout code	2026-02-18T14:59:05.4167676Z branch 'main' set up to track 'origin/main'.
handle-success	Checkout code	2026-02-18T14:59:05.4217149Z ##[endgroup]
handle-success	Checkout code	2026-02-18T14:59:05.4275314Z [command]/usr/bin/git log -1 --format=%H
handle-success	Checkout code	2026-02-18T14:59:05.4311760Z 2b394ed98dc2764f983ecf0d803a837058762414
handle-success	handle-success-execution	Ôªø2026-02-18T14:59:05.4565750Z ##[group]Run # Si todo ha ido correcto a√±adimos el contenido del fichero 
handle-success	handle-success-execution	2026-02-18T14:59:05.4566395Z [36;1m# Si todo ha ido correcto a√±adimos el contenido del fichero [0m
handle-success	handle-success-execution	2026-02-18T14:59:05.4566861Z [36;1mecho "Process completed successfully 22144826880"[0m
handle-success	handle-success-execution	2026-02-18T14:59:05.4567299Z [36;1m# RNNUMBER=$(echo "refs/heads/main" | grep -o '[0-9]*')[0m
handle-success	handle-success-execution	2026-02-18T14:59:05.4568170Z [36;1m# gh issue comment $RNNUMBER --body "El proceso ha finalizado correctamente 22144826880. El resultado est√° en el fichero core/results/event_data_22144826880.log"[0m
handle-success	handle-success-execution	2026-02-18T14:59:05.4584252Z shell: /usr/bin/bash -e {0}
handle-success	handle-success-execution	2026-02-18T14:59:05.4584689Z env:
handle-success	handle-success-execution	2026-02-18T14:59:05.4584889Z   PYTHON_VERSION: 3.9
handle-success	handle-success-execution	2026-02-18T14:59:05.4585863Z   MONGO_SUPERUSER_CONNECTION: ***
handle-success	handle-success-execution	2026-02-18T14:59:05.4586260Z   MONGO_NEW_PASS: ***
handle-success	handle-success-execution	2026-02-18T14:59:05.4586610Z   MONGO_SCRIPT_CREATE: devops/core/mongo/scripts/mongodb_status_report.py
handle-success	handle-success-execution	2026-02-18T14:59:05.4587022Z   KAOS_CODE: 22144826880
handle-success	handle-success-execution	2026-02-18T14:59:05.4587244Z   REPORT_SCAN: audit/
handle-success	handle-success-execution	2026-02-18T14:59:05.4587520Z   REPORT_PATH: audit/mongodb/
handle-success	handle-success-execution	2026-02-18T14:59:05.4587774Z   REPORT_FILENAME: 22144826880.json
handle-success	handle-success-execution	2026-02-18T14:59:05.4588054Z   KAOS_MODULE: [Ka0s] Status MongDB Report
handle-success	handle-success-execution	2026-02-18T14:59:05.4588423Z   GH_TOKEN: ***
handle-success	handle-success-execution	2026-02-18T14:59:05.4588622Z ##[endgroup]
handle-success	handle-success-execution	2026-02-18T14:59:05.4648709Z Process completed successfully 22144826880
handle-success	Post Checkout code	Ôªø2026-02-18T14:59:05.4791049Z Post job cleanup.
handle-success	Post Checkout code	2026-02-18T14:59:05.5871513Z [command]/usr/bin/git version
handle-success	Post Checkout code	2026-02-18T14:59:05.5913671Z git version 2.52.0
handle-success	Post Checkout code	2026-02-18T14:59:05.5963158Z Temporarily overriding HOME='/home/runner/_work/_temp/b90d7b5f-14cc-47fb-be43-b90cf2417b6f' before making global git config changes
handle-success	Post Checkout code	2026-02-18T14:59:05.5964242Z Adding repository directory to the temporary git global config as a safe directory
handle-success	Post Checkout code	2026-02-18T14:59:05.5971021Z [command]/usr/bin/git config --global --add safe.directory /home/runner/_work/ka0s/ka0s
handle-success	Post Checkout code	2026-02-18T14:59:05.6031960Z [command]/usr/bin/git config --local --name-only --get-regexp core\.sshCommand
handle-success	Post Checkout code	2026-02-18T14:59:05.6079460Z [command]/usr/bin/git submodule foreach --recursive sh -c "git config --local --name-only --get-regexp 'core\.sshCommand' && git config --local --unset-all 'core.sshCommand' || :"
handle-success	Post Checkout code	2026-02-18T14:59:05.6422853Z [command]/usr/bin/git config --local --name-only --get-regexp http\.https\:\/\/github\.com\/\.extraheader
handle-success	Post Checkout code	2026-02-18T14:59:05.6454328Z http.https://github.com/.extraheader
handle-success	Post Checkout code	2026-02-18T14:59:05.6469774Z [command]/usr/bin/git config --local --unset-all http.https://github.com/.extraheader
handle-success	Post Checkout code	2026-02-18T14:59:05.6513956Z [command]/usr/bin/git submodule foreach --recursive sh -c "git config --local --name-only --get-regexp 'http\.https\:\/\/github\.com\/\.extraheader' && git config --local --unset-all 'http.https://github.com/.extraheader' || :"
handle-success	Post Checkout code	2026-02-18T14:59:05.6866913Z [command]/usr/bin/git config --local --name-only --get-regexp ^includeIf\.gitdir:
handle-success	Post Checkout code	2026-02-18T14:59:05.6910603Z [command]/usr/bin/git submodule foreach --recursive git config --local --show-origin --name-only --get-regexp remote.origin.url
handle-success	Complete job	Ôªø2026-02-18T14:59:05.7396939Z Cleaning up orphan processes
end-workflow	Set up job	Ôªø2026-02-18T14:59:20.5679809Z Current runner version: '2.331.0'
end-workflow	Set up job	2026-02-18T14:59:20.5689613Z Runner name: 'swarm-runners-scaleset-hkss5-runner-bstsm'
end-workflow	Set up job	2026-02-18T14:59:20.5690868Z Runner group name: 'Default'
end-workflow	Set up job	2026-02-18T14:59:20.5691889Z Machine name: 'swarm-runners-scaleset-hkss5-runner-bstsm'
end-workflow	Set up job	2026-02-18T14:59:20.5695956Z ##[group]GITHUB_TOKEN Permissions
end-workflow	Set up job	2026-02-18T14:59:20.5698603Z Actions: write
end-workflow	Set up job	2026-02-18T14:59:20.5699260Z Contents: write
end-workflow	Set up job	2026-02-18T14:59:20.5700023Z Issues: write
end-workflow	Set up job	2026-02-18T14:59:20.5700599Z Metadata: read
end-workflow	Set up job	2026-02-18T14:59:20.5701182Z PullRequests: write
end-workflow	Set up job	2026-02-18T14:59:20.5701818Z ##[endgroup]
end-workflow	Set up job	2026-02-18T14:59:20.5704020Z Secret source: Actions
end-workflow	Set up job	2026-02-18T14:59:20.5705470Z Prepare workflow directory
end-workflow	Set up job	2026-02-18T14:59:20.6295728Z Prepare all required actions
end-workflow	Set up job	2026-02-18T14:59:20.6337649Z Getting action download info
end-workflow	Set up job	2026-02-18T14:59:21.2438971Z Download action repository 'actions/checkout@v4' (SHA:34e114876b0b11c390a56381ad16ebd13914f8d5)
end-workflow	Set up job	2026-02-18T14:59:22.2486950Z Complete job name: end-workflow
end-workflow	Checkout Repository	Ôªø2026-02-18T14:59:22.3137690Z ##[group]Run actions/checkout@v4
end-workflow	Checkout Repository	2026-02-18T14:59:22.3138670Z with:
end-workflow	Checkout Repository	2026-02-18T14:59:22.3139123Z   fetch-depth: 0
end-workflow	Checkout Repository	2026-02-18T14:59:22.3139594Z   repository: Ka0s-Klaus/ka0s
end-workflow	Checkout Repository	2026-02-18T14:59:22.3140390Z   token: ***
end-workflow	Checkout Repository	2026-02-18T14:59:22.3140827Z   ssh-strict: true
end-workflow	Checkout Repository	2026-02-18T14:59:22.3141831Z   ssh-user: git
end-workflow	Checkout Repository	2026-02-18T14:59:22.3142283Z   persist-credentials: true
end-workflow	Checkout Repository	2026-02-18T14:59:22.3142797Z   clean: true
end-workflow	Checkout Repository	2026-02-18T14:59:22.3143253Z   sparse-checkout-cone-mode: true
end-workflow	Checkout Repository	2026-02-18T14:59:22.3143817Z   fetch-tags: false
end-workflow	Checkout Repository	2026-02-18T14:59:22.3144276Z   show-progress: true
end-workflow	Checkout Repository	2026-02-18T14:59:22.3145203Z   lfs: false
end-workflow	Checkout Repository	2026-02-18T14:59:22.3145754Z   submodules: false
end-workflow	Checkout Repository	2026-02-18T14:59:22.3146257Z   set-safe-directory: true
end-workflow	Checkout Repository	2026-02-18T14:59:22.3147014Z env:
end-workflow	Checkout Repository	2026-02-18T14:59:22.3147460Z   PYTHON_VERSION: 3.9
end-workflow	Checkout Repository	2026-02-18T14:59:22.3148763Z   MONGO_SUPERUSER_CONNECTION: ***
end-workflow	Checkout Repository	2026-02-18T14:59:22.3149539Z   MONGO_NEW_PASS: ***
end-workflow	Checkout Repository	2026-02-18T14:59:22.3150241Z   MONGO_SCRIPT_CREATE: devops/core/mongo/scripts/mongodb_status_report.py
end-workflow	Checkout Repository	2026-02-18T14:59:22.3151121Z   KAOS_CODE: 22144826880
end-workflow	Checkout Repository	2026-02-18T14:59:22.3151625Z   REPORT_SCAN: audit/
end-workflow	Checkout Repository	2026-02-18T14:59:22.3152117Z   REPORT_PATH: audit/mongodb/
end-workflow	Checkout Repository	2026-02-18T14:59:22.3152659Z   REPORT_FILENAME: 22144826880.json
end-workflow	Checkout Repository	2026-02-18T14:59:22.3153245Z   KAOS_MODULE: [Ka0s] Status MongDB Report
end-workflow	Checkout Repository	2026-02-18T14:59:22.3153836Z ##[endgroup]
end-workflow	Checkout Repository	2026-02-18T14:59:22.4406312Z Syncing repository: Ka0s-Klaus/ka0s
end-workflow	Checkout Repository	2026-02-18T14:59:22.4408700Z ##[group]Getting Git version info
end-workflow	Checkout Repository	2026-02-18T14:59:22.4409512Z Working directory is '/home/runner/_work/ka0s/ka0s'
end-workflow	Checkout Repository	2026-02-18T14:59:22.4410654Z [command]/usr/bin/git version
end-workflow	Checkout Repository	2026-02-18T14:59:22.4412706Z git version 2.52.0
end-workflow	Checkout Repository	2026-02-18T14:59:22.4436606Z ##[endgroup]
end-workflow	Checkout Repository	2026-02-18T14:59:22.4454386Z Temporarily overriding HOME='/home/runner/_work/_temp/92cbd335-6dd2-46e5-be46-2b2d03ed4b11' before making global git config changes
end-workflow	Checkout Repository	2026-02-18T14:59:22.4456669Z Adding repository directory to the temporary git global config as a safe directory
end-workflow	Checkout Repository	2026-02-18T14:59:22.4484180Z [command]/usr/bin/git config --global --add safe.directory /home/runner/_work/ka0s/ka0s
end-workflow	Checkout Repository	2026-02-18T14:59:22.4509095Z Deleting the contents of '/home/runner/_work/ka0s/ka0s'
end-workflow	Checkout Repository	2026-02-18T14:59:22.4525164Z ##[group]Initializing the repository
end-workflow	Checkout Repository	2026-02-18T14:59:22.4529312Z [command]/usr/bin/git init /home/runner/_work/ka0s/ka0s
end-workflow	Checkout Repository	2026-02-18T14:59:22.4587262Z hint: Using 'master' as the name for the initial branch. This default branch name
end-workflow	Checkout Repository	2026-02-18T14:59:22.4588644Z hint: will change to "main" in Git 3.0. To configure the initial branch name
end-workflow	Checkout Repository	2026-02-18T14:59:22.4589764Z hint: to use in all of your new repositories, which will suppress this warning,
end-workflow	Checkout Repository	2026-02-18T14:59:22.4590638Z hint: call:
end-workflow	Checkout Repository	2026-02-18T14:59:22.4591075Z hint:
end-workflow	Checkout Repository	2026-02-18T14:59:22.4591662Z hint: 	git config --global init.defaultBranch <name>
end-workflow	Checkout Repository	2026-02-18T14:59:22.4592358Z hint:
end-workflow	Checkout Repository	2026-02-18T14:59:22.4593021Z hint: Names commonly chosen instead of 'master' are 'main', 'trunk' and
end-workflow	Checkout Repository	2026-02-18T14:59:22.4594111Z hint: 'development'. The just-created branch can be renamed via this command:
end-workflow	Checkout Repository	2026-02-18T14:59:22.4595849Z hint:
end-workflow	Checkout Repository	2026-02-18T14:59:22.4596329Z hint: 	git branch -m <name>
end-workflow	Checkout Repository	2026-02-18T14:59:22.4596856Z hint:
end-workflow	Checkout Repository	2026-02-18T14:59:22.4597574Z hint: Disable this message with "git config set advice.defaultBranchName false"
end-workflow	Checkout Repository	2026-02-18T14:59:22.4598750Z Initialized empty Git repository in /home/runner/_work/ka0s/ka0s/.git/
end-workflow	Checkout Repository	2026-02-18T14:59:22.4601958Z [command]/usr/bin/git remote add origin https://github.com/Ka0s-Klaus/ka0s
end-workflow	Checkout Repository	2026-02-18T14:59:22.4656057Z ##[endgroup]
end-workflow	Checkout Repository	2026-02-18T14:59:22.4657047Z ##[group]Disabling automatic garbage collection
end-workflow	Checkout Repository	2026-02-18T14:59:22.4660090Z [command]/usr/bin/git config --local gc.auto 0
end-workflow	Checkout Repository	2026-02-18T14:59:22.4703020Z ##[endgroup]
end-workflow	Checkout Repository	2026-02-18T14:59:22.4704059Z ##[group]Setting up auth
end-workflow	Checkout Repository	2026-02-18T14:59:22.4710212Z [command]/usr/bin/git config --local --name-only --get-regexp core\.sshCommand
end-workflow	Checkout Repository	2026-02-18T14:59:22.4755039Z [command]/usr/bin/git submodule foreach --recursive sh -c "git config --local --name-only --get-regexp 'core\.sshCommand' && git config --local --unset-all 'core.sshCommand' || :"
end-workflow	Checkout Repository	2026-02-18T14:59:22.5090002Z [command]/usr/bin/git config --local --name-only --get-regexp http\.https\:\/\/github\.com\/\.extraheader
end-workflow	Checkout Repository	2026-02-18T14:59:22.5129140Z [command]/usr/bin/git submodule foreach --recursive sh -c "git config --local --name-only --get-regexp 'http\.https\:\/\/github\.com\/\.extraheader' && git config --local --unset-all 'http.https://github.com/.extraheader' || :"
end-workflow	Checkout Repository	2026-02-18T14:59:22.5500629Z [command]/usr/bin/git config --local --name-only --get-regexp ^includeIf\.gitdir:
end-workflow	Checkout Repository	2026-02-18T14:59:22.5542334Z [command]/usr/bin/git submodule foreach --recursive git config --local --show-origin --name-only --get-regexp remote.origin.url
end-workflow	Checkout Repository	2026-02-18T14:59:22.5879836Z [command]/usr/bin/git config --local http.https://github.com/.extraheader AUTHORIZATION: basic ***
end-workflow	Checkout Repository	2026-02-18T14:59:22.5930243Z ##[endgroup]
end-workflow	Checkout Repository	2026-02-18T14:59:22.5951077Z ##[group]Fetching the repository
end-workflow	Checkout Repository	2026-02-18T14:59:22.5952634Z [command]/usr/bin/git -c protocol.version=2 fetch --prune --no-recurse-submodules origin +refs/heads/*:refs/remotes/origin/* +refs/tags/*:refs/tags/*
end-workflow	Checkout Repository	2026-02-18T14:59:42.8342385Z From https://github.com/Ka0s-Klaus/ka0s
end-workflow	Checkout Repository	2026-02-18T14:59:42.8343119Z  * [new branch]          F3450-modelo-operativo -> origin/F3450-modelo-operativo
end-workflow	Checkout Repository	2026-02-18T14:59:42.8343816Z  * [new branch]          H1276-modulo-observabilidad -> origin/H1276-modulo-observabilidad
end-workflow	Checkout Repository	2026-02-18T14:59:42.8345222Z  * [new branch]          H3266-deploy-zabbix    -> origin/H3266-deploy-zabbix
end-workflow	Checkout Repository	2026-02-18T14:59:42.8345831Z  * [new branch]          H3596-deploy-itop      -> origin/H3596-deploy-itop
end-workflow	Checkout Repository	2026-02-18T14:59:42.8346379Z  * [new branch]          main                   -> origin/main
end-workflow	Checkout Repository	2026-02-18T14:59:42.8346946Z  * [new tag]             0.0.0                  -> 0.0.0
end-workflow	Checkout Repository	2026-02-18T14:59:42.8347518Z  * [new tag]             0.0.1                  -> 0.0.1
end-workflow	Checkout Repository	2026-02-18T14:59:42.8347979Z  * [new tag]             0.0.10                 -> 0.0.10
end-workflow	Checkout Repository	2026-02-18T14:59:42.8348417Z  * [new tag]             0.0.100                -> 0.0.100
end-workflow	Checkout Repository	2026-02-18T14:59:42.8349204Z  * [new tag]             0.0.101                -> 0.0.101
end-workflow	Checkout Repository	2026-02-18T14:59:42.8349673Z  * [new tag]             0.0.102                -> 0.0.102
end-workflow	Checkout Repository	2026-02-18T14:59:42.8350106Z  * [new tag]             0.0.103                -> 0.0.103
end-workflow	Checkout Repository	2026-02-18T14:59:42.8350553Z  * [new tag]             0.0.104                -> 0.0.104
end-workflow	Checkout Repository	2026-02-18T14:59:42.8351031Z  * [new tag]             0.0.105                -> 0.0.105
end-workflow	Checkout Repository	2026-02-18T14:59:42.8351526Z  * [new tag]             0.0.106                -> 0.0.106
end-workflow	Checkout Repository	2026-02-18T14:59:42.8351946Z  * [new tag]             0.0.107                -> 0.0.107
end-workflow	Checkout Repository	2026-02-18T14:59:42.8352366Z  * [new tag]             0.0.108                -> 0.0.108
end-workflow	Checkout Repository	2026-02-18T14:59:42.8352775Z  * [new tag]             0.0.109                -> 0.0.109
end-workflow	Checkout Repository	2026-02-18T14:59:42.8353301Z  * [new tag]             0.0.11                 -> 0.0.11
end-workflow	Checkout Repository	2026-02-18T14:59:42.8353715Z  * [new tag]             0.0.110                -> 0.0.110
end-workflow	Checkout Repository	2026-02-18T14:59:42.8354237Z  * [new tag]             0.0.111                -> 0.0.111
end-workflow	Checkout Repository	2026-02-18T14:59:42.8355536Z  * [new tag]             0.0.112                -> 0.0.112
end-workflow	Checkout Repository	2026-02-18T14:59:42.8355951Z  * [new tag]             0.0.113                -> 0.0.113
end-workflow	Checkout Repository	2026-02-18T14:59:42.8356370Z  * [new tag]             0.0.114                -> 0.0.114
end-workflow	Checkout Repository	2026-02-18T14:59:42.8356779Z  * [new tag]             0.0.115                -> 0.0.115
end-workflow	Checkout Repository	2026-02-18T14:59:42.8357184Z  * [new tag]             0.0.116                -> 0.0.116
end-workflow	Checkout Repository	2026-02-18T14:59:42.8357601Z  * [new tag]             0.0.117                -> 0.0.117
end-workflow	Checkout Repository	2026-02-18T14:59:42.8358018Z  * [new tag]             0.0.118                -> 0.0.118
end-workflow	Checkout Repository	2026-02-18T14:59:42.8358520Z  * [new tag]             0.0.119                -> 0.0.119
end-workflow	Checkout Repository	2026-02-18T14:59:42.8358983Z  * [new tag]             0.0.12                 -> 0.0.12
end-workflow	Checkout Repository	2026-02-18T14:59:42.8359399Z  * [new tag]             0.0.120                -> 0.0.120
end-workflow	Checkout Repository	2026-02-18T14:59:42.8359813Z  * [new tag]             0.0.121                -> 0.0.121
end-workflow	Checkout Repository	2026-02-18T14:59:42.8360504Z  * [new tag]             0.0.122                -> 0.0.122
end-workflow	Checkout Repository	2026-02-18T14:59:42.8360923Z  * [new tag]             0.0.123                -> 0.0.123
end-workflow	Checkout Repository	2026-02-18T14:59:42.8361338Z  * [new tag]             0.0.124                -> 0.0.124
end-workflow	Checkout Repository	2026-02-18T14:59:42.8361751Z  * [new tag]             0.0.125                -> 0.0.125
end-workflow	Checkout Repository	2026-02-18T14:59:42.8362160Z  * [new tag]             0.0.126                -> 0.0.126
end-workflow	Checkout Repository	2026-02-18T14:59:42.8362579Z  * [new tag]             0.0.127                -> 0.0.127
end-workflow	Checkout Repository	2026-02-18T14:59:42.8362991Z  * [new tag]             0.0.128                -> 0.0.128
end-workflow	Checkout Repository	2026-02-18T14:59:42.8363401Z  * [new tag]             0.0.129                -> 0.0.129
end-workflow	Checkout Repository	2026-02-18T14:59:42.8363809Z  * [new tag]             0.0.13                 -> 0.0.13
end-workflow	Checkout Repository	2026-02-18T14:59:42.8364222Z  * [new tag]             0.0.130                -> 0.0.130
end-workflow	Checkout Repository	2026-02-18T14:59:42.8364843Z  * [new tag]             0.0.131                -> 0.0.131
end-workflow	Checkout Repository	2026-02-18T14:59:42.8365267Z  * [new tag]             0.0.132                -> 0.0.132
end-workflow	Checkout Repository	2026-02-18T14:59:42.8365707Z  * [new tag]             0.0.133                -> 0.0.133
end-workflow	Checkout Repository	2026-02-18T14:59:42.8366125Z  * [new tag]             0.0.134                -> 0.0.134
end-workflow	Checkout Repository	2026-02-18T14:59:42.8366539Z  * [new tag]             0.0.135                -> 0.0.135
end-workflow	Checkout Repository	2026-02-18T14:59:42.8366946Z  * [new tag]             0.0.136                -> 0.0.136
end-workflow	Checkout Repository	2026-02-18T14:59:42.8367361Z  * [new tag]             0.0.137                -> 0.0.137
end-workflow	Checkout Repository	2026-02-18T14:59:42.8367772Z  * [new tag]             0.0.138                -> 0.0.138
end-workflow	Checkout Repository	2026-02-18T14:59:42.8368182Z  * [new tag]             0.0.139                -> 0.0.139
end-workflow	Checkout Repository	2026-02-18T14:59:42.8368596Z  * [new tag]             0.0.14                 -> 0.0.14
end-workflow	Checkout Repository	2026-02-18T14:59:42.8446413Z  * [new tag]             0.0.140                -> 0.0.140
end-workflow	Checkout Repository	2026-02-18T14:59:42.8446952Z  * [new tag]             0.0.141                -> 0.0.141
end-workflow	Checkout Repository	2026-02-18T14:59:42.8447369Z  * [new tag]             0.0.142                -> 0.0.142
end-workflow	Checkout Repository	2026-02-18T14:59:42.8447773Z  * [new tag]             0.0.143                -> 0.0.143
end-workflow	Checkout Repository	2026-02-18T14:59:42.8448231Z  * [new tag]             0.0.144                -> 0.0.144
end-workflow	Checkout Repository	2026-02-18T14:59:42.8448753Z  * [new tag]             0.0.145                -> 0.0.145
end-workflow	Checkout Repository	2026-02-18T14:59:42.8449275Z  * [new tag]             0.0.146                -> 0.0.146
end-workflow	Checkout Repository	2026-02-18T14:59:42.8449696Z  * [new tag]             0.0.147                -> 0.0.147
end-workflow	Checkout Repository	2026-02-18T14:59:42.8450102Z  * [new tag]             0.0.148                -> 0.0.148
end-workflow	Checkout Repository	2026-02-18T14:59:42.8450508Z  * [new tag]             0.0.149                -> 0.0.149
end-workflow	Checkout Repository	2026-02-18T14:59:42.8450911Z  * [new tag]             0.0.15                 -> 0.0.15
end-workflow	Checkout Repository	2026-02-18T14:59:42.8451316Z  * [new tag]             0.0.150                -> 0.0.150
end-workflow	Checkout Repository	2026-02-18T14:59:42.8451861Z  * [new tag]             0.0.151                -> 0.0.151
end-workflow	Checkout Repository	2026-02-18T14:59:42.8452342Z  * [new tag]             0.0.152                -> 0.0.152
end-workflow	Checkout Repository	2026-02-18T14:59:42.8452735Z  * [new tag]             0.0.153                -> 0.0.153
end-workflow	Checkout Repository	2026-02-18T14:59:42.8453434Z  * [new tag]             0.0.154                -> 0.0.154
end-workflow	Checkout Repository	2026-02-18T14:59:42.8453831Z  * [new tag]             0.0.155                -> 0.0.155
end-workflow	Checkout Repository	2026-02-18T14:59:42.8454225Z  * [new tag]             0.0.156                -> 0.0.156
end-workflow	Checkout Repository	2026-02-18T14:59:42.8465256Z  * [new tag]             0.0.157                -> 0.0.157
end-workflow	Checkout Repository	2026-02-18T14:59:42.8465868Z  * [new tag]             0.0.158                -> 0.0.158
end-workflow	Checkout Repository	2026-02-18T14:59:42.8466276Z  * [new tag]             0.0.159                -> 0.0.159
end-workflow	Checkout Repository	2026-02-18T14:59:42.8466673Z  * [new tag]             0.0.16                 -> 0.0.16
end-workflow	Checkout Repository	2026-02-18T14:59:42.8467064Z  * [new tag]             0.0.160                -> 0.0.160
end-workflow	Checkout Repository	2026-02-18T14:59:42.8467460Z  * [new tag]             0.0.161                -> 0.0.161
end-workflow	Checkout Repository	2026-02-18T14:59:42.8467856Z  * [new tag]             0.0.162                -> 0.0.162
end-workflow	Checkout Repository	2026-02-18T14:59:42.8468252Z  * [new tag]             0.0.163                -> 0.0.163
end-workflow	Checkout Repository	2026-02-18T14:59:42.8468643Z  * [new tag]             0.0.164                -> 0.0.164
end-workflow	Checkout Repository	2026-02-18T14:59:42.8469372Z  * [new tag]             0.0.165                -> 0.0.165
end-workflow	Checkout Repository	2026-02-18T14:59:42.8469764Z  * [new tag]             0.0.166                -> 0.0.166
end-workflow	Checkout Repository	2026-02-18T14:59:42.8470155Z  * [new tag]             0.0.167                -> 0.0.167
end-workflow	Checkout Repository	2026-02-18T14:59:42.8470551Z  * [new tag]             0.0.168                -> 0.0.168
end-workflow	Checkout Repository	2026-02-18T14:59:42.8470942Z  * [new tag]             0.0.169                -> 0.0.169
end-workflow	Checkout Repository	2026-02-18T14:59:42.8471339Z  * [new tag]             0.0.17                 -> 0.0.17
end-workflow	Checkout Repository	2026-02-18T14:59:42.8471727Z  * [new tag]             0.0.170                -> 0.0.170
end-workflow	Checkout Repository	2026-02-18T14:59:42.8472121Z  * [new tag]             0.0.171                -> 0.0.171
end-workflow	Checkout Repository	2026-02-18T14:59:42.8472663Z  * [new tag]             0.0.172                -> 0.0.172
end-workflow	Checkout Repository	2026-02-18T14:59:42.8473057Z  * [new tag]             0.0.173                -> 0.0.173
end-workflow	Checkout Repository	2026-02-18T14:59:42.8473456Z  * [new tag]             0.0.174                -> 0.0.174
end-workflow	Checkout Repository	2026-02-18T14:59:42.8473847Z  * [new tag]             0.0.175                -> 0.0.175
end-workflow	Checkout Repository	2026-02-18T14:59:42.8474268Z  * [new tag]             0.0.176                -> 0.0.176
end-workflow	Checkout Repository	2026-02-18T14:59:42.8478605Z  * [new tag]             0.0.177                -> 0.0.177
end-workflow	Checkout Repository	2026-02-18T14:59:42.8479048Z  * [new tag]             0.0.178                -> 0.0.178
end-workflow	Checkout Repository	2026-02-18T14:59:42.8479443Z  * [new tag]             0.0.179                -> 0.0.179
end-workflow	Checkout Repository	2026-02-18T14:59:42.8479845Z  * [new tag]             0.0.18                 -> 0.0.18
end-workflow	Checkout Repository	2026-02-18T14:59:42.8480241Z  * [new tag]             0.0.19                 -> 0.0.19
end-workflow	Checkout Repository	2026-02-18T14:59:42.8480635Z  * [new tag]             0.0.2                  -> 0.0.2
end-workflow	Checkout Repository	2026-02-18T14:59:42.8481025Z  * [new tag]             0.0.20                 -> 0.0.20
end-workflow	Checkout Repository	2026-02-18T14:59:42.8481422Z  * [new tag]             0.0.21                 -> 0.0.21
end-workflow	Checkout Repository	2026-02-18T14:59:42.8481823Z  * [new tag]             0.0.22                 -> 0.0.22
end-workflow	Checkout Repository	2026-02-18T14:59:42.8482220Z  * [new tag]             0.0.23                 -> 0.0.23
end-workflow	Checkout Repository	2026-02-18T14:59:42.8482636Z  * [new tag]             0.0.24                 -> 0.0.24
end-workflow	Checkout Repository	2026-02-18T14:59:42.8483032Z  * [new tag]             0.0.25                 -> 0.0.25
end-workflow	Checkout Repository	2026-02-18T14:59:42.8483428Z  * [new tag]             0.0.26                 -> 0.0.26
end-workflow	Checkout Repository	2026-02-18T14:59:42.8483817Z  * [new tag]             0.0.27                 -> 0.0.27
end-workflow	Checkout Repository	2026-02-18T14:59:42.8484213Z  * [new tag]             0.0.28                 -> 0.0.28
end-workflow	Checkout Repository	2026-02-18T14:59:42.8484906Z  * [new tag]             0.0.29                 -> 0.0.29
end-workflow	Checkout Repository	2026-02-18T14:59:42.8485331Z  * [new tag]             0.0.3                  -> 0.0.3
end-workflow	Checkout Repository	2026-02-18T14:59:42.8485861Z  * [new tag]             0.0.30                 -> 0.0.30
end-workflow	Checkout Repository	2026-02-18T14:59:42.8486258Z  * [new tag]             0.0.31                 -> 0.0.31
end-workflow	Checkout Repository	2026-02-18T14:59:42.8486651Z  * [new tag]             0.0.32                 -> 0.0.32
end-workflow	Checkout Repository	2026-02-18T14:59:42.8487043Z  * [new tag]             0.0.33                 -> 0.0.33
end-workflow	Checkout Repository	2026-02-18T14:59:42.8487440Z  * [new tag]             0.0.34                 -> 0.0.34
end-workflow	Checkout Repository	2026-02-18T14:59:42.8488116Z  * [new tag]             0.0.35                 -> 0.0.35
end-workflow	Checkout Repository	2026-02-18T14:59:42.8488514Z  * [new tag]             0.0.36                 -> 0.0.36
end-workflow	Checkout Repository	2026-02-18T14:59:42.8488904Z  * [new tag]             0.0.37                 -> 0.0.37
end-workflow	Checkout Repository	2026-02-18T14:59:42.8489301Z  * [new tag]             0.0.38                 -> 0.0.38
end-workflow	Checkout Repository	2026-02-18T14:59:42.8489695Z  * [new tag]             0.0.39                 -> 0.0.39
end-workflow	Checkout Repository	2026-02-18T14:59:42.8490095Z  * [new tag]             0.0.4                  -> 0.0.4
end-workflow	Checkout Repository	2026-02-18T14:59:42.8490482Z  * [new tag]             0.0.40                 -> 0.0.40
end-workflow	Checkout Repository	2026-02-18T14:59:42.8490878Z  * [new tag]             0.0.41                 -> 0.0.41
end-workflow	Checkout Repository	2026-02-18T14:59:42.8491270Z  * [new tag]             0.0.42                 -> 0.0.42
end-workflow	Checkout Repository	2026-02-18T14:59:42.8491655Z  * [new tag]             0.0.43                 -> 0.0.43
end-workflow	Checkout Repository	2026-02-18T14:59:42.8492049Z  * [new tag]             0.0.44                 -> 0.0.44
end-workflow	Checkout Repository	2026-02-18T14:59:42.8492445Z  * [new tag]             0.0.45                 -> 0.0.45
end-workflow	Checkout Repository	2026-02-18T14:59:42.8493040Z  * [new tag]             0.0.46                 -> 0.0.46
end-workflow	Checkout Repository	2026-02-18T14:59:42.8493431Z  * [new tag]             0.0.47                 -> 0.0.47
end-workflow	Checkout Repository	2026-02-18T14:59:42.8493826Z  * [new tag]             0.0.48                 -> 0.0.48
end-workflow	Checkout Repository	2026-02-18T14:59:42.8494218Z  * [new tag]             0.0.49                 -> 0.0.49
end-workflow	Checkout Repository	2026-02-18T14:59:42.8495116Z  * [new tag]             0.0.5                  -> 0.0.5
end-workflow	Checkout Repository	2026-02-18T14:59:42.8495534Z  * [new tag]             0.0.50                 -> 0.0.50
end-workflow	Checkout Repository	2026-02-18T14:59:42.8496061Z  * [new tag]             0.0.51                 -> 0.0.51
end-workflow	Checkout Repository	2026-02-18T14:59:42.8496456Z  * [new tag]             0.0.52                 -> 0.0.52
end-workflow	Checkout Repository	2026-02-18T14:59:42.8496849Z  * [new tag]             0.0.53                 -> 0.0.53
end-workflow	Checkout Repository	2026-02-18T14:59:42.8497244Z  * [new tag]             0.0.54                 -> 0.0.54
end-workflow	Checkout Repository	2026-02-18T14:59:42.8497640Z  * [new tag]             0.0.55                 -> 0.0.55
end-workflow	Checkout Repository	2026-02-18T14:59:42.8498032Z  * [new tag]             0.0.56                 -> 0.0.56
end-workflow	Checkout Repository	2026-02-18T14:59:42.8498437Z  * [new tag]             0.0.57                 -> 0.0.57
end-workflow	Checkout Repository	2026-02-18T14:59:42.8498833Z  * [new tag]             0.0.58                 -> 0.0.58
end-workflow	Checkout Repository	2026-02-18T14:59:42.8499231Z  * [new tag]             0.0.59                 -> 0.0.59
end-workflow	Checkout Repository	2026-02-18T14:59:42.8499624Z  * [new tag]             0.0.6                  -> 0.0.6
end-workflow	Checkout Repository	2026-02-18T14:59:42.8500012Z  * [new tag]             0.0.60                 -> 0.0.60
end-workflow	Checkout Repository	2026-02-18T14:59:42.8500408Z  * [new tag]             0.0.61                 -> 0.0.61
end-workflow	Checkout Repository	2026-02-18T14:59:42.8500800Z  * [new tag]             0.0.62                 -> 0.0.62
end-workflow	Checkout Repository	2026-02-18T14:59:42.8501184Z  * [new tag]             0.0.63                 -> 0.0.63
end-workflow	Checkout Repository	2026-02-18T14:59:42.8501575Z  * [new tag]             0.0.64                 -> 0.0.64
end-workflow	Checkout Repository	2026-02-18T14:59:42.8501962Z  * [new tag]             0.0.65                 -> 0.0.65
end-workflow	Checkout Repository	2026-02-18T14:59:42.8502348Z  * [new tag]             0.0.66                 -> 0.0.66
end-workflow	Checkout Repository	2026-02-18T14:59:42.8502741Z  * [new tag]             0.0.67                 -> 0.0.67
end-workflow	Checkout Repository	2026-02-18T14:59:42.8503139Z  * [new tag]             0.0.68                 -> 0.0.68
end-workflow	Checkout Repository	2026-02-18T14:59:42.8503527Z  * [new tag]             0.0.69                 -> 0.0.69
end-workflow	Checkout Repository	2026-02-18T14:59:42.8503907Z  * [new tag]             0.0.7                  -> 0.0.7
end-workflow	Checkout Repository	2026-02-18T14:59:42.8504291Z  * [new tag]             0.0.70                 -> 0.0.70
end-workflow	Checkout Repository	2026-02-18T14:59:42.8505065Z  * [new tag]             0.0.71                 -> 0.0.71
end-workflow	Checkout Repository	2026-02-18T14:59:42.8505595Z  * [new tag]             0.0.72                 -> 0.0.72
end-workflow	Checkout Repository	2026-02-18T14:59:42.8506107Z  * [new tag]             0.0.73                 -> 0.0.73
end-workflow	Checkout Repository	2026-02-18T14:59:42.8506495Z  * [new tag]             0.0.74                 -> 0.0.74
end-workflow	Checkout Repository	2026-02-18T14:59:42.8506882Z  * [new tag]             0.0.75                 -> 0.0.75
end-workflow	Checkout Repository	2026-02-18T14:59:42.8507267Z  * [new tag]             0.0.76                 -> 0.0.76
end-workflow	Checkout Repository	2026-02-18T14:59:42.8507649Z  * [new tag]             0.0.77                 -> 0.0.77
end-workflow	Checkout Repository	2026-02-18T14:59:42.8508245Z  * [new tag]             0.0.78                 -> 0.0.78
end-workflow	Checkout Repository	2026-02-18T14:59:42.8508633Z  * [new tag]             0.0.79                 -> 0.0.79
end-workflow	Checkout Repository	2026-02-18T14:59:42.8509016Z  * [new tag]             0.0.8                  -> 0.0.8
end-workflow	Checkout Repository	2026-02-18T14:59:42.8509405Z  * [new tag]             0.0.80                 -> 0.0.80
end-workflow	Checkout Repository	2026-02-18T14:59:42.8509792Z  * [new tag]             0.0.81                 -> 0.0.81
end-workflow	Checkout Repository	2026-02-18T14:59:42.8510183Z  * [new tag]             0.0.82                 -> 0.0.82
end-workflow	Checkout Repository	2026-02-18T14:59:42.8510563Z  * [new tag]             0.0.83                 -> 0.0.83
end-workflow	Checkout Repository	2026-02-18T14:59:42.8510949Z  * [new tag]             0.0.84                 -> 0.0.84
end-workflow	Checkout Repository	2026-02-18T14:59:42.8511335Z  * [new tag]             0.0.85                 -> 0.0.85
end-workflow	Checkout Repository	2026-02-18T14:59:42.8511723Z  * [new tag]             0.0.86                 -> 0.0.86
end-workflow	Checkout Repository	2026-02-18T14:59:42.8512104Z  * [new tag]             0.0.87                 -> 0.0.87
end-workflow	Checkout Repository	2026-02-18T14:59:42.8512491Z  * [new tag]             0.0.88                 -> 0.0.88
end-workflow	Checkout Repository	2026-02-18T14:59:42.8513115Z  * [new tag]             0.0.89                 -> 0.0.89
end-workflow	Checkout Repository	2026-02-18T14:59:42.8513495Z  * [new tag]             0.0.9                  -> 0.0.9
end-workflow	Checkout Repository	2026-02-18T14:59:42.8513881Z  * [new tag]             0.0.90                 -> 0.0.90
end-workflow	Checkout Repository	2026-02-18T14:59:42.8514267Z  * [new tag]             0.0.91                 -> 0.0.91
end-workflow	Checkout Repository	2026-02-18T14:59:42.8514871Z  * [new tag]             0.0.92                 -> 0.0.92
end-workflow	Checkout Repository	2026-02-18T14:59:42.8515518Z  * [new tag]             0.0.93                 -> 0.0.93
end-workflow	Checkout Repository	2026-02-18T14:59:42.8515905Z  * [new tag]             0.0.94                 -> 0.0.94
end-workflow	Checkout Repository	2026-02-18T14:59:42.8516291Z  * [new tag]             0.0.95                 -> 0.0.95
end-workflow	Checkout Repository	2026-02-18T14:59:42.8516676Z  * [new tag]             0.0.96                 -> 0.0.96
end-workflow	Checkout Repository	2026-02-18T14:59:42.8517062Z  * [new tag]             0.0.97                 -> 0.0.97
end-workflow	Checkout Repository	2026-02-18T14:59:42.8517450Z  * [new tag]             0.0.98                 -> 0.0.98
end-workflow	Checkout Repository	2026-02-18T14:59:42.8517840Z  * [new tag]             0.0.99                 -> 0.0.99
end-workflow	Checkout Repository	2026-02-18T14:59:42.8518238Z  * [new tag]             0.1.0                  -> 0.1.0
end-workflow	Checkout Repository	2026-02-18T14:59:42.8518622Z  * [new tag]             0.1.1                  -> 0.1.1
end-workflow	Checkout Repository	2026-02-18T14:59:42.8519008Z  * [new tag]             0.2.0                  -> 0.2.0
end-workflow	Checkout Repository	2026-02-18T14:59:42.8519394Z  * [new tag]             0.3.0                  -> 0.3.0
end-workflow	Checkout Repository	2026-02-18T14:59:42.8519770Z  * [new tag]             0.3.1                  -> 0.3.1
end-workflow	Checkout Repository	2026-02-18T14:59:42.8520160Z  * [new tag]             0.3.10                 -> 0.3.10
end-workflow	Checkout Repository	2026-02-18T14:59:42.8520551Z  * [new tag]             0.3.11                 -> 0.3.11
end-workflow	Checkout Repository	2026-02-18T14:59:42.8520961Z  * [new tag]             0.3.12                 -> 0.3.12
end-workflow	Checkout Repository	2026-02-18T14:59:42.8521356Z  * [new tag]             0.3.13                 -> 0.3.13
end-workflow	Checkout Repository	2026-02-18T14:59:42.8521740Z  * [new tag]             0.3.14                 -> 0.3.14
end-workflow	Checkout Repository	2026-02-18T14:59:42.8522127Z  * [new tag]             0.3.15                 -> 0.3.15
end-workflow	Checkout Repository	2026-02-18T14:59:42.8522516Z  * [new tag]             0.3.16                 -> 0.3.16
end-workflow	Checkout Repository	2026-02-18T14:59:42.8522920Z  * [new tag]             0.3.17                 -> 0.3.17
end-workflow	Checkout Repository	2026-02-18T14:59:42.8523304Z  * [new tag]             0.3.2                  -> 0.3.2
end-workflow	Checkout Repository	2026-02-18T14:59:42.8523694Z  * [new tag]             0.3.3                  -> 0.3.3
end-workflow	Checkout Repository	2026-02-18T14:59:42.8524079Z  * [new tag]             0.3.4                  -> 0.3.4
end-workflow	Checkout Repository	2026-02-18T14:59:42.8524463Z  * [new tag]             0.3.5                  -> 0.3.5
end-workflow	Checkout Repository	2026-02-18T14:59:42.8525276Z  * [new tag]             0.3.6                  -> 0.3.6
end-workflow	Checkout Repository	2026-02-18T14:59:42.8525660Z  * [new tag]             0.3.7                  -> 0.3.7
end-workflow	Checkout Repository	2026-02-18T14:59:42.8526045Z  * [new tag]             0.3.8                  -> 0.3.8
end-workflow	Checkout Repository	2026-02-18T14:59:42.8526423Z  * [new tag]             0.3.9                  -> 0.3.9
end-workflow	Checkout Repository	2026-02-18T14:59:42.8526807Z  * [new tag]             0.4.0                  -> 0.4.0
end-workflow	Checkout Repository	2026-02-18T14:59:42.8527189Z  * [new tag]             0.4.1                  -> 0.4.1
end-workflow	Checkout Repository	2026-02-18T14:59:42.8527570Z  * [new tag]             0.4.2                  -> 0.4.2
end-workflow	Checkout Repository	2026-02-18T14:59:42.8528166Z  * [new tag]             0.4.3                  -> 0.4.3
end-workflow	Checkout Repository	2026-02-18T14:59:42.8528551Z  * [new tag]             0.4.4                  -> 0.4.4
end-workflow	Checkout Repository	2026-02-18T14:59:42.8528932Z  * [new tag]             0.4.5                  -> 0.4.5
end-workflow	Checkout Repository	2026-02-18T14:59:42.8529310Z  * [new tag]             0.4.6                  -> 0.4.6
end-workflow	Checkout Repository	2026-02-18T14:59:42.8529840Z  * [new tag]             0.4.7                  -> 0.4.7
end-workflow	Checkout Repository	2026-02-18T14:59:42.8530235Z  * [new tag]             0.4.8                  -> 0.4.8
end-workflow	Checkout Repository	2026-02-18T14:59:42.8530630Z  * [new tag]             0.4.9                  -> 0.4.9
end-workflow	Checkout Repository	2026-02-18T14:59:42.8531285Z  * [new tag]             0.5.0                  -> 0.5.0
end-workflow	Checkout Repository	2026-02-18T14:59:42.8531795Z  * [new tag]             0.5.1                  -> 0.5.1
end-workflow	Checkout Repository	2026-02-18T14:59:42.8532176Z  * [new tag]             0.5.2                  -> 0.5.2
end-workflow	Checkout Repository	2026-02-18T14:59:42.8532557Z  * [new tag]             0.6.0                  -> 0.6.0
end-workflow	Checkout Repository	2026-02-18T14:59:42.8532945Z  * [new tag]             0.6.1                  -> 0.6.1
end-workflow	Checkout Repository	2026-02-18T14:59:42.8533515Z  * [new tag]             0.6.2                  -> 0.6.2
end-workflow	Checkout Repository	2026-02-18T14:59:42.8756812Z [command]/usr/bin/git branch --list --remote origin/main
end-workflow	Checkout Repository	2026-02-18T14:59:42.8835671Z   origin/main
end-workflow	Checkout Repository	2026-02-18T14:59:42.8847376Z [command]/usr/bin/git rev-parse refs/remotes/origin/main
end-workflow	Checkout Repository	2026-02-18T14:59:42.8877731Z 42f5b2937c48b2eac9383b10a04d8e7aa19d5b18
end-workflow	Checkout Repository	2026-02-18T14:59:42.8892917Z [command]/usr/bin/git -c protocol.version=2 fetch --no-tags --prune --no-recurse-submodules origin +2b394ed98dc2764f983ecf0d803a837058762414:refs/remotes/origin/main
end-workflow	Checkout Repository	2026-02-18T14:59:42.9077371Z From https://github.com/Ka0s-Klaus/ka0s
end-workflow	Checkout Repository	2026-02-18T14:59:42.9078276Z  + 42f5b2937...2b394ed98 2b394ed98dc2764f983ecf0d803a837058762414 -> origin/main  (forced update)
end-workflow	Checkout Repository	2026-02-18T14:59:42.9117718Z ##[endgroup]
end-workflow	Checkout Repository	2026-02-18T14:59:42.9118416Z ##[group]Determining the checkout info
end-workflow	Checkout Repository	2026-02-18T14:59:42.9118956Z ##[endgroup]
end-workflow	Checkout Repository	2026-02-18T14:59:42.9124081Z [command]/usr/bin/git sparse-checkout disable
end-workflow	Checkout Repository	2026-02-18T14:59:42.9178092Z [command]/usr/bin/git config --local --unset-all extensions.worktreeConfig
end-workflow	Checkout Repository	2026-02-18T14:59:42.9226313Z ##[group]Checking out the ref
end-workflow	Checkout Repository	2026-02-18T14:59:42.9227001Z [command]/usr/bin/git checkout --progress --force -B main refs/remotes/origin/main
end-workflow	Checkout Repository	2026-02-18T14:59:43.1662261Z Switched to a new branch 'main'
end-workflow	Checkout Repository	2026-02-18T14:59:43.1666855Z branch 'main' set up to track 'origin/main'.
end-workflow	Checkout Repository	2026-02-18T14:59:43.1724064Z ##[endgroup]
end-workflow	Checkout Repository	2026-02-18T14:59:43.1769044Z [command]/usr/bin/git log -1 --format=%H
end-workflow	Checkout Repository	2026-02-18T14:59:43.1802945Z 2b394ed98dc2764f983ecf0d803a837058762414
end-workflow	Install GH CLI	Ôªø2026-02-18T14:59:43.2096944Z Prepare all required actions
end-workflow	Install GH CLI	2026-02-18T14:59:43.2148505Z ##[group]Run ./.github/actions/install-gh-cli
end-workflow	Install GH CLI	2026-02-18T14:59:43.2148836Z env:
end-workflow	Install GH CLI	2026-02-18T14:59:43.2149026Z   PYTHON_VERSION: 3.9
end-workflow	Install GH CLI	2026-02-18T14:59:43.2149939Z   MONGO_SUPERUSER_CONNECTION: ***
end-workflow	Install GH CLI	2026-02-18T14:59:43.2150331Z   MONGO_NEW_PASS: ***
end-workflow	Install GH CLI	2026-02-18T14:59:43.2150669Z   MONGO_SCRIPT_CREATE: devops/core/mongo/scripts/mongodb_status_report.py
end-workflow	Install GH CLI	2026-02-18T14:59:43.2151089Z   KAOS_CODE: 22144826880
end-workflow	Install GH CLI	2026-02-18T14:59:43.2151313Z   REPORT_SCAN: audit/
end-workflow	Install GH CLI	2026-02-18T14:59:43.2151537Z   REPORT_PATH: audit/mongodb/
end-workflow	Install GH CLI	2026-02-18T14:59:43.2151783Z   REPORT_FILENAME: 22144826880.json
end-workflow	Install GH CLI	2026-02-18T14:59:43.2152060Z   KAOS_MODULE: [Ka0s] Status MongDB Report
end-workflow	Install GH CLI	2026-02-18T14:59:43.2152336Z ##[endgroup]
end-workflow	Install GH CLI	2026-02-18T14:59:43.2242152Z ##[group]Run type -p curl >/dev/null || (sudo apt-get update && sudo apt-get install curl -y)
end-workflow	Install GH CLI	2026-02-18T14:59:43.2242884Z [36;1mtype -p curl >/dev/null || (sudo apt-get update && sudo apt-get install curl -y)[0m
end-workflow	Install GH CLI	2026-02-18T14:59:43.2243796Z [36;1mcurl -fsSL https://cli.github.com/packages/githubcli-archive-keyring.gpg | sudo dd of=/usr/share/keyrings/githubcli-archive-keyring.gpg \[0m
end-workflow	Install GH CLI	2026-02-18T14:59:43.2244872Z [36;1m&& sudo chmod go+r /usr/share/keyrings/githubcli-archive-keyring.gpg \[0m
end-workflow	Install GH CLI	2026-02-18T14:59:43.2246021Z [36;1m&& echo "deb [arch=$(dpkg --print-architecture) signed-by=/usr/share/keyrings/githubcli-archive-keyring.gpg] https://cli.github.com/packages stable main" | sudo tee /etc/apt/sources.list.d/github-cli.list > /dev/null \[0m
end-workflow	Install GH CLI	2026-02-18T14:59:43.2247390Z [36;1m&& sudo apt-get update \[0m
end-workflow	Install GH CLI	2026-02-18T14:59:43.2247676Z [36;1m&& sudo apt-get install gh -y[0m
end-workflow	Install GH CLI	2026-02-18T14:59:43.2264864Z shell: /usr/bin/bash --noprofile --norc -e -o pipefail {0}
end-workflow	Install GH CLI	2026-02-18T14:59:43.2265236Z env:
end-workflow	Install GH CLI	2026-02-18T14:59:43.2265548Z   PYTHON_VERSION: 3.9
end-workflow	Install GH CLI	2026-02-18T14:59:43.2266384Z   MONGO_SUPERUSER_CONNECTION: ***
end-workflow	Install GH CLI	2026-02-18T14:59:43.2266752Z   MONGO_NEW_PASS: ***
end-workflow	Install GH CLI	2026-02-18T14:59:43.2267078Z   MONGO_SCRIPT_CREATE: devops/core/mongo/scripts/mongodb_status_report.py
end-workflow	Install GH CLI	2026-02-18T14:59:43.2267471Z   KAOS_CODE: 22144826880
end-workflow	Install GH CLI	2026-02-18T14:59:43.2267679Z   REPORT_SCAN: audit/
end-workflow	Install GH CLI	2026-02-18T14:59:43.2267891Z   REPORT_PATH: audit/mongodb/
end-workflow	Install GH CLI	2026-02-18T14:59:43.2268135Z   REPORT_FILENAME: 22144826880.json
end-workflow	Install GH CLI	2026-02-18T14:59:43.2268541Z   KAOS_MODULE: [Ka0s] Status MongDB Report
end-workflow	Install GH CLI	2026-02-18T14:59:43.2269068Z ##[endgroup]
end-workflow	Install GH CLI	2026-02-18T14:59:43.3169286Z 4+1 records in
end-workflow	Install GH CLI	2026-02-18T14:59:43.3169555Z 4+1 records out
end-workflow	Install GH CLI	2026-02-18T14:59:43.3169832Z 2270 bytes (2.3 kB, 2.2 KiB) copied, 0.062982 s, 36.0 kB/s
end-workflow	Install GH CLI	2026-02-18T14:59:43.5317043Z Get:1 https://cli.github.com/packages stable InRelease [3917 B]
end-workflow	Install GH CLI	2026-02-18T14:59:43.5677361Z Get:2 http://archive.ubuntu.com/ubuntu noble InRelease [256 kB]
end-workflow	Install GH CLI	2026-02-18T14:59:43.6550215Z Get:3 http://security.ubuntu.com/ubuntu noble-security InRelease [126 kB]
end-workflow	Install GH CLI	2026-02-18T14:59:43.6601744Z Get:4 https://ppa.launchpadcontent.net/git-core/ppa/ubuntu noble InRelease [24.3 kB]
end-workflow	Install GH CLI	2026-02-18T14:59:43.6781094Z Get:5 https://cli.github.com/packages stable/main amd64 Packages [356 B]
end-workflow	Install GH CLI	2026-02-18T14:59:43.7986955Z Get:6 https://ppa.launchpadcontent.net/git-core/ppa/ubuntu noble/main amd64 Packages [2992 B]
end-workflow	Install GH CLI	2026-02-18T14:59:43.8210720Z Get:7 http://archive.ubuntu.com/ubuntu noble-updates InRelease [126 kB]
end-workflow	Install GH CLI	2026-02-18T14:59:43.8869057Z Get:8 http://archive.ubuntu.com/ubuntu noble-backports InRelease [126 kB]
end-workflow	Install GH CLI	2026-02-18T14:59:43.9538059Z Get:9 http://archive.ubuntu.com/ubuntu noble/restricted amd64 Packages [117 kB]
end-workflow	Install GH CLI	2026-02-18T14:59:43.9703105Z Get:10 http://archive.ubuntu.com/ubuntu noble/main amd64 Packages [1808 kB]
end-workflow	Install GH CLI	2026-02-18T14:59:44.1118216Z Get:11 http://archive.ubuntu.com/ubuntu noble/universe amd64 Packages [19.3 MB]
end-workflow	Install GH CLI	2026-02-18T14:59:44.2020941Z Get:12 http://security.ubuntu.com/ubuntu noble-security/universe amd64 Packages [1205 kB]
end-workflow	Install GH CLI	2026-02-18T14:59:44.3841388Z Get:13 http://archive.ubuntu.com/ubuntu noble/multiverse amd64 Packages [331 kB]
end-workflow	Install GH CLI	2026-02-18T14:59:44.3873698Z Get:14 http://archive.ubuntu.com/ubuntu noble-updates/restricted amd64 Packages [3360 kB]
end-workflow	Install GH CLI	2026-02-18T14:59:44.4106306Z Get:15 http://archive.ubuntu.com/ubuntu noble-updates/main amd64 Packages [2234 kB]
end-workflow	Install GH CLI	2026-02-18T14:59:44.4459502Z Get:16 http://archive.ubuntu.com/ubuntu noble-updates/multiverse amd64 Packages [38.1 kB]
end-workflow	Install GH CLI	2026-02-18T14:59:44.4480647Z Get:17 http://archive.ubuntu.com/ubuntu noble-updates/universe amd64 Packages [2015 kB]
end-workflow	Install GH CLI	2026-02-18T14:59:44.4861497Z Get:18 http://archive.ubuntu.com/ubuntu noble-backports/universe amd64 Packages [34.6 kB]
end-workflow	Install GH CLI	2026-02-18T14:59:44.4865019Z Get:19 http://archive.ubuntu.com/ubuntu noble-backports/main amd64 Packages [49.5 kB]
end-workflow	Install GH CLI	2026-02-18T14:59:44.6902250Z Get:20 http://security.ubuntu.com/ubuntu noble-security/main amd64 Packages [1843 kB]
end-workflow	Install GH CLI	2026-02-18T14:59:44.8295530Z Get:21 http://security.ubuntu.com/ubuntu noble-security/restricted amd64 Packages [3157 kB]
end-workflow	Install GH CLI	2026-02-18T14:59:44.9550670Z Get:22 http://security.ubuntu.com/ubuntu noble-security/multiverse amd64 Packages [34.8 kB]
end-workflow	Install GH CLI	2026-02-18T14:59:45.8392413Z Fetched 36.2 MB in 2s (14.9 MB/s)
end-workflow	Install GH CLI	2026-02-18T14:59:46.7683879Z Reading package lists...
end-workflow	Install GH CLI	2026-02-18T14:59:47.7748700Z Reading package lists...
end-workflow	Install GH CLI	2026-02-18T14:59:48.0032199Z Building dependency tree...
end-workflow	Install GH CLI	2026-02-18T14:59:48.0032642Z Reading state information...
end-workflow	Install GH CLI	2026-02-18T14:59:48.3645097Z The following NEW packages will be installed:
end-workflow	Install GH CLI	2026-02-18T14:59:48.3665251Z   gh
end-workflow	Install GH CLI	2026-02-18T14:59:48.4395938Z 0 upgraded, 1 newly installed, 0 to remove and 25 not upgraded.
end-workflow	Install GH CLI	2026-02-18T14:59:48.4397161Z Need to get 13.7 MB of archives.
end-workflow	Install GH CLI	2026-02-18T14:59:48.4397521Z After this operation, 37.9 MB of additional disk space will be used.
end-workflow	Install GH CLI	2026-02-18T14:59:48.4398064Z Get:1 https://cli.github.com/packages stable/main amd64 gh amd64 2.86.0 [13.7 MB]
end-workflow	Install GH CLI	2026-02-18T14:59:48.7744598Z debconf: delaying package configuration, since apt-utils is not installed
end-workflow	Install GH CLI	2026-02-18T14:59:48.8154434Z Fetched 13.7 MB in 0s (57.6 MB/s)
end-workflow	Install GH CLI	2026-02-18T14:59:48.8712911Z Selecting previously unselected package gh.
end-workflow	Install GH CLI	2026-02-18T14:59:48.8885324Z (Reading database ... 
end-workflow	Install GH CLI	2026-02-18T14:59:48.8886860Z (Reading database ... 5%
end-workflow	Install GH CLI	2026-02-18T14:59:48.8887986Z (Reading database ... 10%
end-workflow	Install GH CLI	2026-02-18T14:59:48.8889017Z (Reading database ... 15%
end-workflow	Install GH CLI	2026-02-18T14:59:48.8890148Z (Reading database ... 20%
end-workflow	Install GH CLI	2026-02-18T14:59:48.8891247Z (Reading database ... 25%
end-workflow	Install GH CLI	2026-02-18T14:59:48.8892332Z (Reading database ... 30%
end-workflow	Install GH CLI	2026-02-18T14:59:48.8893430Z (Reading database ... 35%
end-workflow	Install GH CLI	2026-02-18T14:59:48.8894438Z (Reading database ... 40%
end-workflow	Install GH CLI	2026-02-18T14:59:48.8895664Z (Reading database ... 45%
end-workflow	Install GH CLI	2026-02-18T14:59:48.8896687Z (Reading database ... 50%
end-workflow	Install GH CLI	2026-02-18T14:59:48.8897689Z (Reading database ... 55%
end-workflow	Install GH CLI	2026-02-18T14:59:48.8898700Z (Reading database ... 60%
end-workflow	Install GH CLI	2026-02-18T14:59:48.8917005Z (Reading database ... 65%
end-workflow	Install GH CLI	2026-02-18T14:59:48.8990045Z (Reading database ... 70%
end-workflow	Install GH CLI	2026-02-18T14:59:48.9005664Z (Reading database ... 75%
end-workflow	Install GH CLI	2026-02-18T14:59:48.9034171Z (Reading database ... 80%
end-workflow	Install GH CLI	2026-02-18T14:59:48.9044876Z (Reading database ... 85%
end-workflow	Install GH CLI	2026-02-18T14:59:48.9065140Z (Reading database ... 90%
end-workflow	Install GH CLI	2026-02-18T14:59:48.9099439Z (Reading database ... 95%
end-workflow	Install GH CLI	2026-02-18T14:59:48.9100328Z (Reading database ... 100%
end-workflow	Install GH CLI	2026-02-18T14:59:48.9101223Z (Reading database ... 14385 files and directories currently installed.)
end-workflow	Install GH CLI	2026-02-18T14:59:48.9107622Z Preparing to unpack .../archives/gh_2.86.0_amd64.deb ...
end-workflow	Install GH CLI	2026-02-18T14:59:48.9147174Z Unpacking gh (2.86.0) ...
end-workflow	Install GH CLI	2026-02-18T14:59:49.1506072Z Setting up gh (2.86.0) ...
end-workflow	Trigger Inspector	Ôªø2026-02-18T14:59:49.2060560Z ##[group]Run echo "üîç Triggering Inspector for Audit..."
end-workflow	Trigger Inspector	2026-02-18T14:59:49.2061122Z [36;1mecho "üîç Triggering Inspector for Audit..."[0m
end-workflow	Trigger Inspector	2026-02-18T14:59:49.2061533Z [36;1mgh workflow run inspector.yml \[0m
end-workflow	Trigger Inspector	2026-02-18T14:59:49.2061881Z [36;1m  --ref main \[0m
end-workflow	Trigger Inspector	2026-02-18T14:59:49.2062188Z [36;1m  -f kaos-workflow-id="22144826880" \[0m
end-workflow	Trigger Inspector	2026-02-18T14:59:49.2062568Z [36;1m  -f kaos-user-start="ka0score"[0m
end-workflow	Trigger Inspector	2026-02-18T14:59:49.2077838Z shell: /usr/bin/bash -e {0}
end-workflow	Trigger Inspector	2026-02-18T14:59:49.2078146Z env:
end-workflow	Trigger Inspector	2026-02-18T14:59:49.2078367Z   PYTHON_VERSION: 3.9
end-workflow	Trigger Inspector	2026-02-18T14:59:49.2079338Z   MONGO_SUPERUSER_CONNECTION: ***
end-workflow	Trigger Inspector	2026-02-18T14:59:49.2079802Z   MONGO_NEW_PASS: ***
end-workflow	Trigger Inspector	2026-02-18T14:59:49.2080213Z   MONGO_SCRIPT_CREATE: devops/core/mongo/scripts/mongodb_status_report.py
end-workflow	Trigger Inspector	2026-02-18T14:59:49.2080696Z   KAOS_CODE: 22144826880
end-workflow	Trigger Inspector	2026-02-18T14:59:49.2080964Z   REPORT_SCAN: audit/
end-workflow	Trigger Inspector	2026-02-18T14:59:49.2081229Z   REPORT_PATH: audit/mongodb/
end-workflow	Trigger Inspector	2026-02-18T14:59:49.2081529Z   REPORT_FILENAME: 22144826880.json
end-workflow	Trigger Inspector	2026-02-18T14:59:49.2081909Z   KAOS_MODULE: [Ka0s] Status MongDB Report
end-workflow	Trigger Inspector	2026-02-18T14:59:49.2082351Z   GH_TOKEN: ***
end-workflow	Trigger Inspector	2026-02-18T14:59:49.2082582Z ##[endgroup]
end-workflow	Trigger Inspector	2026-02-18T14:59:49.2123506Z üîç Triggering Inspector for Audit...
end-workflow	Post Checkout Repository	Ôªø2026-02-18T14:59:52.2873203Z Post job cleanup.
end-workflow	Post Checkout Repository	2026-02-18T14:59:52.3985048Z [command]/usr/bin/git version
end-workflow	Post Checkout Repository	2026-02-18T14:59:52.4029778Z git version 2.52.0
end-workflow	Post Checkout Repository	2026-02-18T14:59:52.4082127Z Temporarily overriding HOME='/home/runner/_work/_temp/3a9cd20d-1243-41ba-9bb3-4cd499a0cd57' before making global git config changes
end-workflow	Post Checkout Repository	2026-02-18T14:59:52.4083062Z Adding repository directory to the temporary git global config as a safe directory
end-workflow	Post Checkout Repository	2026-02-18T14:59:52.4089710Z [command]/usr/bin/git config --global --add safe.directory /home/runner/_work/ka0s/ka0s
end-workflow	Post Checkout Repository	2026-02-18T14:59:52.4147831Z [command]/usr/bin/git config --local --name-only --get-regexp core\.sshCommand
end-workflow	Post Checkout Repository	2026-02-18T14:59:52.4194178Z [command]/usr/bin/git submodule foreach --recursive sh -c "git config --local --name-only --get-regexp 'core\.sshCommand' && git config --local --unset-all 'core.sshCommand' || :"
end-workflow	Post Checkout Repository	2026-02-18T14:59:52.4530621Z [command]/usr/bin/git config --local --name-only --get-regexp http\.https\:\/\/github\.com\/\.extraheader
end-workflow	Post Checkout Repository	2026-02-18T14:59:52.4560787Z http.https://github.com/.extraheader
end-workflow	Post Checkout Repository	2026-02-18T14:59:52.4574682Z [command]/usr/bin/git config --local --unset-all http.https://github.com/.extraheader
end-workflow	Post Checkout Repository	2026-02-18T14:59:52.4616191Z [command]/usr/bin/git submodule foreach --recursive sh -c "git config --local --name-only --get-regexp 'http\.https\:\/\/github\.com\/\.extraheader' && git config --local --unset-all 'http.https://github.com/.extraheader' || :"
end-workflow	Post Checkout Repository	2026-02-18T14:59:52.4964395Z [command]/usr/bin/git config --local --name-only --get-regexp ^includeIf\.gitdir:
end-workflow	Post Checkout Repository	2026-02-18T14:59:52.5011098Z [command]/usr/bin/git submodule foreach --recursive git config --local --show-origin --name-only --get-regexp remote.origin.url
end-workflow	Complete job	Ôªø2026-02-18T14:59:52.5544876Z Cleaning up orphan processes
