job-core	Set up job	Ôªø2026-02-18T21:44:40.2172210Z Current runner version: '2.331.0'
job-core	Set up job	2026-02-18T21:44:40.2181095Z Runner name: 'swarm-runners-scaleset-hkss5-runner-xwnz6'
job-core	Set up job	2026-02-18T21:44:40.2182316Z Runner group name: 'Default'
job-core	Set up job	2026-02-18T21:44:40.2183392Z Machine name: 'swarm-runners-scaleset-hkss5-runner-xwnz6'
job-core	Set up job	2026-02-18T21:44:40.2188850Z ##[group]GITHUB_TOKEN Permissions
job-core	Set up job	2026-02-18T21:44:40.2191418Z Actions: write
job-core	Set up job	2026-02-18T21:44:40.2192089Z Contents: write
job-core	Set up job	2026-02-18T21:44:40.2192698Z Issues: write
job-core	Set up job	2026-02-18T21:44:40.2193335Z Metadata: read
job-core	Set up job	2026-02-18T21:44:40.2193928Z PullRequests: write
job-core	Set up job	2026-02-18T21:44:40.2195406Z ##[endgroup]
job-core	Set up job	2026-02-18T21:44:40.2198097Z Secret source: Actions
job-core	Set up job	2026-02-18T21:44:40.2198866Z Prepare workflow directory
job-core	Set up job	2026-02-18T21:44:40.2776563Z Prepare all required actions
job-core	Set up job	2026-02-18T21:44:40.2817816Z Getting action download info
job-core	Set up job	2026-02-18T21:44:40.9500882Z Download action repository 'actions/checkout@v4' (SHA:34e114876b0b11c390a56381ad16ebd13914f8d5)
job-core	Set up job	2026-02-18T21:44:41.8956297Z Download action repository 'actions/setup-python@v4' (SHA:7f4fc3e22c37d6ff65e88745f38bd3157c663f7c)
job-core	Set up job	2026-02-18T21:44:42.7781217Z Download action repository 'actions/upload-artifact@v4' (SHA:ea165f8d65b6e75b540449e92b4886f43607fa02)
job-core	Set up job	2026-02-18T21:44:43.8346995Z Complete job name: job-core
job-core	Checkout code	Ôªø2026-02-18T21:44:43.8944962Z ##[group]Run actions/checkout@v4
job-core	Checkout code	2026-02-18T21:44:43.8945897Z with:
job-core	Checkout code	2026-02-18T21:44:43.8946121Z   fetch-depth: 0
job-core	Checkout code	2026-02-18T21:44:43.8946350Z   repository: Ka0s-Klaus/ka0s
job-core	Checkout code	2026-02-18T21:44:43.8946848Z   token: ***
job-core	Checkout code	2026-02-18T21:44:43.8947050Z   ssh-strict: true
job-core	Checkout code	2026-02-18T21:44:43.8947261Z   ssh-user: git
job-core	Checkout code	2026-02-18T21:44:43.8947481Z   persist-credentials: true
job-core	Checkout code	2026-02-18T21:44:43.8947730Z   clean: true
job-core	Checkout code	2026-02-18T21:44:43.8947951Z   sparse-checkout-cone-mode: true
job-core	Checkout code	2026-02-18T21:44:43.8948228Z   fetch-tags: false
job-core	Checkout code	2026-02-18T21:44:43.8948445Z   show-progress: true
job-core	Checkout code	2026-02-18T21:44:43.8948685Z   lfs: false
job-core	Checkout code	2026-02-18T21:44:43.8948886Z   submodules: false
job-core	Checkout code	2026-02-18T21:44:43.8949109Z   set-safe-directory: true
job-core	Checkout code	2026-02-18T21:44:43.8949565Z env:
job-core	Checkout code	2026-02-18T21:44:43.8949792Z   PYTHON_VERSION: 3.9
job-core	Checkout code	2026-02-18T21:44:43.8950505Z   MONGO_SUPERUSER_CONNECTION: ***
job-core	Checkout code	2026-02-18T21:44:43.8950901Z   MONGO_NEW_PASS: ***
job-core	Checkout code	2026-02-18T21:44:43.8951247Z   MONGO_SCRIPT_CREATE: devops/core/mongo/scripts/mongodb_status_report.py
job-core	Checkout code	2026-02-18T21:44:43.8951683Z   KAOS_CODE: 22158855567
job-core	Checkout code	2026-02-18T21:44:43.8951913Z   REPORT_SCAN: audit/
job-core	Checkout code	2026-02-18T21:44:43.8952149Z   REPORT_PATH: audit/mongodb/
job-core	Checkout code	2026-02-18T21:44:43.8952409Z   REPORT_FILENAME: 22158855567.json
job-core	Checkout code	2026-02-18T21:44:43.8952690Z   KAOS_MODULE: [Ka0s] Status MongDB Report
job-core	Checkout code	2026-02-18T21:44:43.8952973Z   GITHUB_OUTPUT: 
job-core	Checkout code	2026-02-18T21:44:43.8953188Z ##[endgroup]
job-core	Checkout code	2026-02-18T21:44:44.0258658Z Syncing repository: Ka0s-Klaus/ka0s
job-core	Checkout code	2026-02-18T21:44:44.0260275Z ##[group]Getting Git version info
job-core	Checkout code	2026-02-18T21:44:44.0260781Z Working directory is '/home/runner/_work/ka0s/ka0s'
job-core	Checkout code	2026-02-18T21:44:44.0261351Z [command]/usr/bin/git version
job-core	Checkout code	2026-02-18T21:44:44.0261611Z git version 2.52.0
job-core	Checkout code	2026-02-18T21:44:44.0262513Z ##[endgroup]
job-core	Checkout code	2026-02-18T21:44:44.0267789Z Temporarily overriding HOME='/home/runner/_work/_temp/059fcec5-8248-4cdd-91d5-ef5c4bed1392' before making global git config changes
job-core	Checkout code	2026-02-18T21:44:44.0268670Z Adding repository directory to the temporary git global config as a safe directory
job-core	Checkout code	2026-02-18T21:44:44.0269445Z [command]/usr/bin/git config --global --add safe.directory /home/runner/_work/ka0s/ka0s
job-core	Checkout code	2026-02-18T21:44:44.0307452Z Deleting the contents of '/home/runner/_work/ka0s/ka0s'
job-core	Checkout code	2026-02-18T21:44:44.0311549Z ##[group]Initializing the repository
job-core	Checkout code	2026-02-18T21:44:44.0318288Z [command]/usr/bin/git init /home/runner/_work/ka0s/ka0s
job-core	Checkout code	2026-02-18T21:44:44.0376774Z hint: Using 'master' as the name for the initial branch. This default branch name
job-core	Checkout code	2026-02-18T21:44:44.0377600Z hint: will change to "main" in Git 3.0. To configure the initial branch name
job-core	Checkout code	2026-02-18T21:44:44.0378169Z hint: to use in all of your new repositories, which will suppress this warning,
job-core	Checkout code	2026-02-18T21:44:44.0378596Z hint: call:
job-core	Checkout code	2026-02-18T21:44:44.0378910Z hint:
job-core	Checkout code	2026-02-18T21:44:44.0379757Z hint: 	git config --global init.defaultBranch <name>
job-core	Checkout code	2026-02-18T21:44:44.0380099Z hint:
job-core	Checkout code	2026-02-18T21:44:44.0380532Z hint: Names commonly chosen instead of 'master' are 'main', 'trunk' and
job-core	Checkout code	2026-02-18T21:44:44.0381421Z hint: 'development'. The just-created branch can be renamed via this command:
job-core	Checkout code	2026-02-18T21:44:44.0382092Z hint:
job-core	Checkout code	2026-02-18T21:44:44.0382309Z hint: 	git branch -m <name>
job-core	Checkout code	2026-02-18T21:44:44.0382552Z hint:
job-core	Checkout code	2026-02-18T21:44:44.0383017Z hint: Disable this message with "git config set advice.defaultBranchName false"
job-core	Checkout code	2026-02-18T21:44:44.0383801Z Initialized empty Git repository in /home/runner/_work/ka0s/ka0s/.git/
job-core	Checkout code	2026-02-18T21:44:44.0393982Z [command]/usr/bin/git remote add origin https://github.com/Ka0s-Klaus/ka0s
job-core	Checkout code	2026-02-18T21:44:44.0439741Z ##[endgroup]
job-core	Checkout code	2026-02-18T21:44:44.0440236Z ##[group]Disabling automatic garbage collection
job-core	Checkout code	2026-02-18T21:44:44.0444122Z [command]/usr/bin/git config --local gc.auto 0
job-core	Checkout code	2026-02-18T21:44:44.0495420Z ##[endgroup]
job-core	Checkout code	2026-02-18T21:44:44.0496040Z ##[group]Setting up auth
job-core	Checkout code	2026-02-18T21:44:44.0496516Z [command]/usr/bin/git config --local --name-only --get-regexp core\.sshCommand
job-core	Checkout code	2026-02-18T21:44:44.0547187Z [command]/usr/bin/git submodule foreach --recursive sh -c "git config --local --name-only --get-regexp 'core\.sshCommand' && git config --local --unset-all 'core.sshCommand' || :"
job-core	Checkout code	2026-02-18T21:44:44.0897679Z [command]/usr/bin/git config --local --name-only --get-regexp http\.https\:\/\/github\.com\/\.extraheader
job-core	Checkout code	2026-02-18T21:44:44.0937687Z [command]/usr/bin/git submodule foreach --recursive sh -c "git config --local --name-only --get-regexp 'http\.https\:\/\/github\.com\/\.extraheader' && git config --local --unset-all 'http.https://github.com/.extraheader' || :"
job-core	Checkout code	2026-02-18T21:44:44.1262880Z [command]/usr/bin/git config --local --name-only --get-regexp ^includeIf\.gitdir:
job-core	Checkout code	2026-02-18T21:44:44.1305318Z [command]/usr/bin/git submodule foreach --recursive git config --local --show-origin --name-only --get-regexp remote.origin.url
job-core	Checkout code	2026-02-18T21:44:44.1641463Z [command]/usr/bin/git config --local http.https://github.com/.extraheader AUTHORIZATION: basic ***
job-core	Checkout code	2026-02-18T21:44:44.1694198Z ##[endgroup]
job-core	Checkout code	2026-02-18T21:44:44.1694914Z ##[group]Fetching the repository
job-core	Checkout code	2026-02-18T21:44:44.1703272Z [command]/usr/bin/git -c protocol.version=2 fetch --prune --no-recurse-submodules origin +refs/heads/*:refs/remotes/origin/* +refs/tags/*:refs/tags/*
job-core	Checkout code	2026-02-18T21:45:06.0166522Z From https://github.com/Ka0s-Klaus/ka0s
job-core	Checkout code	2026-02-18T21:45:06.0167149Z  * [new branch]          F3450-modelo-operativo -> origin/F3450-modelo-operativo
job-core	Checkout code	2026-02-18T21:45:06.0167809Z  * [new branch]          H1276-modulo-observabilidad -> origin/H1276-modulo-observabilidad
job-core	Checkout code	2026-02-18T21:45:06.0168425Z  * [new branch]          H3266-deploy-zabbix    -> origin/H3266-deploy-zabbix
job-core	Checkout code	2026-02-18T21:45:06.0168974Z  * [new branch]          H3596-deploy-itop      -> origin/H3596-deploy-itop
job-core	Checkout code	2026-02-18T21:45:06.0169489Z  * [new branch]          main                   -> origin/main
job-core	Checkout code	2026-02-18T21:45:06.0169909Z  * [new tag]             0.0.0                  -> 0.0.0
job-core	Checkout code	2026-02-18T21:45:06.0170340Z  * [new tag]             0.0.1                  -> 0.0.1
job-core	Checkout code	2026-02-18T21:45:06.0172758Z  * [new tag]             0.0.10                 -> 0.0.10
job-core	Checkout code	2026-02-18T21:45:06.0240941Z  * [new tag]             0.0.100                -> 0.0.100
job-core	Checkout code	2026-02-18T21:45:06.0241454Z  * [new tag]             0.0.101                -> 0.0.101
job-core	Checkout code	2026-02-18T21:45:06.0241845Z  * [new tag]             0.0.102                -> 0.0.102
job-core	Checkout code	2026-02-18T21:45:06.0242240Z  * [new tag]             0.0.103                -> 0.0.103
job-core	Checkout code	2026-02-18T21:45:06.0242699Z  * [new tag]             0.0.104                -> 0.0.104
job-core	Checkout code	2026-02-18T21:45:06.0243124Z  * [new tag]             0.0.105                -> 0.0.105
job-core	Checkout code	2026-02-18T21:45:06.0243536Z  * [new tag]             0.0.106                -> 0.0.106
job-core	Checkout code	2026-02-18T21:45:06.0243904Z  * [new tag]             0.0.107                -> 0.0.107
job-core	Checkout code	2026-02-18T21:45:06.0244264Z  * [new tag]             0.0.108                -> 0.0.108
job-core	Checkout code	2026-02-18T21:45:06.0255810Z  * [new tag]             0.0.109                -> 0.0.109
job-core	Checkout code	2026-02-18T21:45:06.0256198Z  * [new tag]             0.0.11                 -> 0.0.11
job-core	Checkout code	2026-02-18T21:45:06.0256564Z  * [new tag]             0.0.110                -> 0.0.110
job-core	Checkout code	2026-02-18T21:45:06.0257049Z  * [new tag]             0.0.111                -> 0.0.111
job-core	Checkout code	2026-02-18T21:45:06.0257395Z  * [new tag]             0.0.112                -> 0.0.112
job-core	Checkout code	2026-02-18T21:45:06.0257745Z  * [new tag]             0.0.113                -> 0.0.113
job-core	Checkout code	2026-02-18T21:45:06.0258090Z  * [new tag]             0.0.114                -> 0.0.114
job-core	Checkout code	2026-02-18T21:45:06.0258430Z  * [new tag]             0.0.115                -> 0.0.115
job-core	Checkout code	2026-02-18T21:45:06.0258776Z  * [new tag]             0.0.116                -> 0.0.116
job-core	Checkout code	2026-02-18T21:45:06.0259320Z  * [new tag]             0.0.117                -> 0.0.117
job-core	Checkout code	2026-02-18T21:45:06.0259680Z  * [new tag]             0.0.118                -> 0.0.118
job-core	Checkout code	2026-02-18T21:45:06.0260116Z  * [new tag]             0.0.119                -> 0.0.119
job-core	Checkout code	2026-02-18T21:45:06.0260530Z  * [new tag]             0.0.12                 -> 0.0.12
job-core	Checkout code	2026-02-18T21:45:06.0260877Z  * [new tag]             0.0.120                -> 0.0.120
job-core	Checkout code	2026-02-18T21:45:06.0261223Z  * [new tag]             0.0.121                -> 0.0.121
job-core	Checkout code	2026-02-18T21:45:06.0262236Z  * [new tag]             0.0.122                -> 0.0.122
job-core	Checkout code	2026-02-18T21:45:06.0262742Z  * [new tag]             0.0.123                -> 0.0.123
job-core	Checkout code	2026-02-18T21:45:06.0263110Z  * [new tag]             0.0.124                -> 0.0.124
job-core	Checkout code	2026-02-18T21:45:06.0263475Z  * [new tag]             0.0.125                -> 0.0.125
job-core	Checkout code	2026-02-18T21:45:06.0263849Z  * [new tag]             0.0.126                -> 0.0.126
job-core	Checkout code	2026-02-18T21:45:06.0264220Z  * [new tag]             0.0.127                -> 0.0.127
job-core	Checkout code	2026-02-18T21:45:06.0265072Z  * [new tag]             0.0.128                -> 0.0.128
job-core	Checkout code	2026-02-18T21:45:06.0265445Z  * [new tag]             0.0.129                -> 0.0.129
job-core	Checkout code	2026-02-18T21:45:06.0265934Z  * [new tag]             0.0.13                 -> 0.0.13
job-core	Checkout code	2026-02-18T21:45:06.0266306Z  * [new tag]             0.0.130                -> 0.0.130
job-core	Checkout code	2026-02-18T21:45:06.0266662Z  * [new tag]             0.0.131                -> 0.0.131
job-core	Checkout code	2026-02-18T21:45:06.0267016Z  * [new tag]             0.0.132                -> 0.0.132
job-core	Checkout code	2026-02-18T21:45:06.0267403Z  * [new tag]             0.0.133                -> 0.0.133
job-core	Checkout code	2026-02-18T21:45:06.0267767Z  * [new tag]             0.0.134                -> 0.0.134
job-core	Checkout code	2026-02-18T21:45:06.0268173Z  * [new tag]             0.0.135                -> 0.0.135
job-core	Checkout code	2026-02-18T21:45:06.0268563Z  * [new tag]             0.0.136                -> 0.0.136
job-core	Checkout code	2026-02-18T21:45:06.0268921Z  * [new tag]             0.0.137                -> 0.0.137
job-core	Checkout code	2026-02-18T21:45:06.0269288Z  * [new tag]             0.0.138                -> 0.0.138
job-core	Checkout code	2026-02-18T21:45:06.0270053Z  * [new tag]             0.0.139                -> 0.0.139
job-core	Checkout code	2026-02-18T21:45:06.0270541Z  * [new tag]             0.0.14                 -> 0.0.14
job-core	Checkout code	2026-02-18T21:45:06.0270913Z  * [new tag]             0.0.140                -> 0.0.140
job-core	Checkout code	2026-02-18T21:45:06.0271389Z  * [new tag]             0.0.141                -> 0.0.141
job-core	Checkout code	2026-02-18T21:45:06.0271735Z  * [new tag]             0.0.142                -> 0.0.142
job-core	Checkout code	2026-02-18T21:45:06.0272090Z  * [new tag]             0.0.143                -> 0.0.143
job-core	Checkout code	2026-02-18T21:45:06.0272433Z  * [new tag]             0.0.144                -> 0.0.144
job-core	Checkout code	2026-02-18T21:45:06.0272922Z  * [new tag]             0.0.145                -> 0.0.145
job-core	Checkout code	2026-02-18T21:45:06.0273423Z  * [new tag]             0.0.146                -> 0.0.146
job-core	Checkout code	2026-02-18T21:45:06.0273788Z  * [new tag]             0.0.147                -> 0.0.147
job-core	Checkout code	2026-02-18T21:45:06.0274152Z  * [new tag]             0.0.148                -> 0.0.148
job-core	Checkout code	2026-02-18T21:45:06.0274623Z  * [new tag]             0.0.149                -> 0.0.149
job-core	Checkout code	2026-02-18T21:45:06.0275106Z  * [new tag]             0.0.15                 -> 0.0.15
job-core	Checkout code	2026-02-18T21:45:06.0275454Z  * [new tag]             0.0.150                -> 0.0.150
job-core	Checkout code	2026-02-18T21:45:06.0276056Z  * [new tag]             0.0.151                -> 0.0.151
job-core	Checkout code	2026-02-18T21:45:06.0276459Z  * [new tag]             0.0.152                -> 0.0.152
job-core	Checkout code	2026-02-18T21:45:06.0276804Z  * [new tag]             0.0.153                -> 0.0.153
job-core	Checkout code	2026-02-18T21:45:06.0277154Z  * [new tag]             0.0.154                -> 0.0.154
job-core	Checkout code	2026-02-18T21:45:06.0277500Z  * [new tag]             0.0.155                -> 0.0.155
job-core	Checkout code	2026-02-18T21:45:06.0277845Z  * [new tag]             0.0.156                -> 0.0.156
job-core	Checkout code	2026-02-18T21:45:06.0278337Z  * [new tag]             0.0.157                -> 0.0.157
job-core	Checkout code	2026-02-18T21:45:06.0278969Z  * [new tag]             0.0.158                -> 0.0.158
job-core	Checkout code	2026-02-18T21:45:06.0279456Z  * [new tag]             0.0.159                -> 0.0.159
job-core	Checkout code	2026-02-18T21:45:06.0279809Z  * [new tag]             0.0.16                 -> 0.0.16
job-core	Checkout code	2026-02-18T21:45:06.0280163Z  * [new tag]             0.0.160                -> 0.0.160
job-core	Checkout code	2026-02-18T21:45:06.0280515Z  * [new tag]             0.0.161                -> 0.0.161
job-core	Checkout code	2026-02-18T21:45:06.0280883Z  * [new tag]             0.0.162                -> 0.0.162
job-core	Checkout code	2026-02-18T21:45:06.0281241Z  * [new tag]             0.0.163                -> 0.0.163
job-core	Checkout code	2026-02-18T21:45:06.0281598Z  * [new tag]             0.0.164                -> 0.0.164
job-core	Checkout code	2026-02-18T21:45:06.0282165Z  * [new tag]             0.0.165                -> 0.0.165
job-core	Checkout code	2026-02-18T21:45:06.0282523Z  * [new tag]             0.0.166                -> 0.0.166
job-core	Checkout code	2026-02-18T21:45:06.0282877Z  * [new tag]             0.0.167                -> 0.0.167
job-core	Checkout code	2026-02-18T21:45:06.0283232Z  * [new tag]             0.0.168                -> 0.0.168
job-core	Checkout code	2026-02-18T21:45:06.0283590Z  * [new tag]             0.0.169                -> 0.0.169
job-core	Checkout code	2026-02-18T21:45:06.0284087Z  * [new tag]             0.0.17                 -> 0.0.17
job-core	Checkout code	2026-02-18T21:45:06.0284781Z  * [new tag]             0.0.170                -> 0.0.170
job-core	Checkout code	2026-02-18T21:45:06.0285422Z  * [new tag]             0.0.171                -> 0.0.171
job-core	Checkout code	2026-02-18T21:45:06.0285808Z  * [new tag]             0.0.172                -> 0.0.172
job-core	Checkout code	2026-02-18T21:45:06.0286181Z  * [new tag]             0.0.173                -> 0.0.173
job-core	Checkout code	2026-02-18T21:45:06.0286552Z  * [new tag]             0.0.174                -> 0.0.174
job-core	Checkout code	2026-02-18T21:45:06.0286920Z  * [new tag]             0.0.175                -> 0.0.175
job-core	Checkout code	2026-02-18T21:45:06.0287682Z  * [new tag]             0.0.176                -> 0.0.176
job-core	Checkout code	2026-02-18T21:45:06.0288440Z  * [new tag]             0.0.177                -> 0.0.177
job-core	Checkout code	2026-02-18T21:45:06.0288806Z  * [new tag]             0.0.178                -> 0.0.178
job-core	Checkout code	2026-02-18T21:45:06.0289174Z  * [new tag]             0.0.179                -> 0.0.179
job-core	Checkout code	2026-02-18T21:45:06.0289657Z  * [new tag]             0.0.18                 -> 0.0.18
job-core	Checkout code	2026-02-18T21:45:06.0290013Z  * [new tag]             0.0.19                 -> 0.0.19
job-core	Checkout code	2026-02-18T21:45:06.0290616Z  * [new tag]             0.0.2                  -> 0.0.2
job-core	Checkout code	2026-02-18T21:45:06.0291118Z  * [new tag]             0.0.20                 -> 0.0.20
job-core	Checkout code	2026-02-18T21:45:06.0291496Z  * [new tag]             0.0.21                 -> 0.0.21
job-core	Checkout code	2026-02-18T21:45:06.0291862Z  * [new tag]             0.0.22                 -> 0.0.22
job-core	Checkout code	2026-02-18T21:45:06.0292226Z  * [new tag]             0.0.23                 -> 0.0.23
job-core	Checkout code	2026-02-18T21:45:06.0292591Z  * [new tag]             0.0.24                 -> 0.0.24
job-core	Checkout code	2026-02-18T21:45:06.0292955Z  * [new tag]             0.0.25                 -> 0.0.25
job-core	Checkout code	2026-02-18T21:45:06.0293318Z  * [new tag]             0.0.26                 -> 0.0.26
job-core	Checkout code	2026-02-18T21:45:06.0293674Z  * [new tag]             0.0.27                 -> 0.0.27
job-core	Checkout code	2026-02-18T21:45:06.0294038Z  * [new tag]             0.0.28                 -> 0.0.28
job-core	Checkout code	2026-02-18T21:45:06.0294402Z  * [new tag]             0.0.29                 -> 0.0.29
job-core	Checkout code	2026-02-18T21:45:06.0295214Z  * [new tag]             0.0.3                  -> 0.0.3
job-core	Checkout code	2026-02-18T21:45:06.0295703Z  * [new tag]             0.0.30                 -> 0.0.30
job-core	Checkout code	2026-02-18T21:45:06.0296207Z  * [new tag]             0.0.31                 -> 0.0.31
job-core	Checkout code	2026-02-18T21:45:06.0296791Z  * [new tag]             0.0.32                 -> 0.0.32
job-core	Checkout code	2026-02-18T21:45:06.0297149Z  * [new tag]             0.0.33                 -> 0.0.33
job-core	Checkout code	2026-02-18T21:45:06.0297626Z  * [new tag]             0.0.34                 -> 0.0.34
job-core	Checkout code	2026-02-18T21:45:06.0297988Z  * [new tag]             0.0.35                 -> 0.0.35
job-core	Checkout code	2026-02-18T21:45:06.0298342Z  * [new tag]             0.0.36                 -> 0.0.36
job-core	Checkout code	2026-02-18T21:45:06.0298695Z  * [new tag]             0.0.37                 -> 0.0.37
job-core	Checkout code	2026-02-18T21:45:06.0299053Z  * [new tag]             0.0.38                 -> 0.0.38
job-core	Checkout code	2026-02-18T21:45:06.0299407Z  * [new tag]             0.0.39                 -> 0.0.39
job-core	Checkout code	2026-02-18T21:45:06.0299763Z  * [new tag]             0.0.4                  -> 0.0.4
job-core	Checkout code	2026-02-18T21:45:06.0300121Z  * [new tag]             0.0.40                 -> 0.0.40
job-core	Checkout code	2026-02-18T21:45:06.0300479Z  * [new tag]             0.0.41                 -> 0.0.41
job-core	Checkout code	2026-02-18T21:45:06.0300842Z  * [new tag]             0.0.42                 -> 0.0.42
job-core	Checkout code	2026-02-18T21:45:06.0301195Z  * [new tag]             0.0.43                 -> 0.0.43
job-core	Checkout code	2026-02-18T21:45:06.0301548Z  * [new tag]             0.0.44                 -> 0.0.44
job-core	Checkout code	2026-02-18T21:45:06.0302485Z  * [new tag]             0.0.45                 -> 0.0.45
job-core	Checkout code	2026-02-18T21:45:06.0302855Z  * [new tag]             0.0.46                 -> 0.0.46
job-core	Checkout code	2026-02-18T21:45:06.0303218Z  * [new tag]             0.0.47                 -> 0.0.47
job-core	Checkout code	2026-02-18T21:45:06.0303582Z  * [new tag]             0.0.48                 -> 0.0.48
job-core	Checkout code	2026-02-18T21:45:06.0303945Z  * [new tag]             0.0.49                 -> 0.0.49
job-core	Checkout code	2026-02-18T21:45:06.0304309Z  * [new tag]             0.0.5                  -> 0.0.5
job-core	Checkout code	2026-02-18T21:45:06.0305032Z  * [new tag]             0.0.50                 -> 0.0.50
job-core	Checkout code	2026-02-18T21:45:06.0305521Z  * [new tag]             0.0.51                 -> 0.0.51
job-core	Checkout code	2026-02-18T21:45:06.0305876Z  * [new tag]             0.0.52                 -> 0.0.52
job-core	Checkout code	2026-02-18T21:45:06.0306356Z  * [new tag]             0.0.53                 -> 0.0.53
job-core	Checkout code	2026-02-18T21:45:06.0306986Z  * [new tag]             0.0.54                 -> 0.0.54
job-core	Checkout code	2026-02-18T21:45:06.0307485Z  * [new tag]             0.0.55                 -> 0.0.55
job-core	Checkout code	2026-02-18T21:45:06.0307990Z  * [new tag]             0.0.56                 -> 0.0.56
job-core	Checkout code	2026-02-18T21:45:06.0308354Z  * [new tag]             0.0.57                 -> 0.0.57
job-core	Checkout code	2026-02-18T21:45:06.0321388Z  * [new tag]             0.0.58                 -> 0.0.58
job-core	Checkout code	2026-02-18T21:45:06.0322045Z  * [new tag]             0.0.59                 -> 0.0.59
job-core	Checkout code	2026-02-18T21:45:06.0322933Z  * [new tag]             0.0.6                  -> 0.0.6
job-core	Checkout code	2026-02-18T21:45:06.0323299Z  * [new tag]             0.0.60                 -> 0.0.60
job-core	Checkout code	2026-02-18T21:45:06.0323659Z  * [new tag]             0.0.61                 -> 0.0.61
job-core	Checkout code	2026-02-18T21:45:06.0324019Z  * [new tag]             0.0.62                 -> 0.0.62
job-core	Checkout code	2026-02-18T21:45:06.0324662Z  * [new tag]             0.0.63                 -> 0.0.63
job-core	Checkout code	2026-02-18T21:45:06.0325054Z  * [new tag]             0.0.64                 -> 0.0.64
job-core	Checkout code	2026-02-18T21:45:06.0325417Z  * [new tag]             0.0.65                 -> 0.0.65
job-core	Checkout code	2026-02-18T21:45:06.0325781Z  * [new tag]             0.0.66                 -> 0.0.66
job-core	Checkout code	2026-02-18T21:45:06.0326151Z  * [new tag]             0.0.67                 -> 0.0.67
job-core	Checkout code	2026-02-18T21:45:06.0326513Z  * [new tag]             0.0.68                 -> 0.0.68
job-core	Checkout code	2026-02-18T21:45:06.0326880Z  * [new tag]             0.0.69                 -> 0.0.69
job-core	Checkout code	2026-02-18T21:45:06.0327244Z  * [new tag]             0.0.7                  -> 0.0.7
job-core	Checkout code	2026-02-18T21:45:06.0327603Z  * [new tag]             0.0.70                 -> 0.0.70
job-core	Checkout code	2026-02-18T21:45:06.0327970Z  * [new tag]             0.0.71                 -> 0.0.71
job-core	Checkout code	2026-02-18T21:45:06.0328455Z  * [new tag]             0.0.72                 -> 0.0.72
job-core	Checkout code	2026-02-18T21:45:06.0328809Z  * [new tag]             0.0.73                 -> 0.0.73
job-core	Checkout code	2026-02-18T21:45:06.0329277Z  * [new tag]             0.0.74                 -> 0.0.74
job-core	Checkout code	2026-02-18T21:45:06.0330096Z  * [new tag]             0.0.75                 -> 0.0.75
job-core	Checkout code	2026-02-18T21:45:06.0330455Z  * [new tag]             0.0.76                 -> 0.0.76
job-core	Checkout code	2026-02-18T21:45:06.0330806Z  * [new tag]             0.0.77                 -> 0.0.77
job-core	Checkout code	2026-02-18T21:45:06.0331167Z  * [new tag]             0.0.78                 -> 0.0.78
job-core	Checkout code	2026-02-18T21:45:06.0331524Z  * [new tag]             0.0.79                 -> 0.0.79
job-core	Checkout code	2026-02-18T21:45:06.0331878Z  * [new tag]             0.0.8                  -> 0.0.8
job-core	Checkout code	2026-02-18T21:45:06.0332237Z  * [new tag]             0.0.80                 -> 0.0.80
job-core	Checkout code	2026-02-18T21:45:06.0332592Z  * [new tag]             0.0.81                 -> 0.0.81
job-core	Checkout code	2026-02-18T21:45:06.0332947Z  * [new tag]             0.0.82                 -> 0.0.82
job-core	Checkout code	2026-02-18T21:45:06.0333301Z  * [new tag]             0.0.83                 -> 0.0.83
job-core	Checkout code	2026-02-18T21:45:06.0333649Z  * [new tag]             0.0.84                 -> 0.0.84
job-core	Checkout code	2026-02-18T21:45:06.0334004Z  * [new tag]             0.0.85                 -> 0.0.85
job-core	Checkout code	2026-02-18T21:45:06.0334366Z  * [new tag]             0.0.86                 -> 0.0.86
job-core	Checkout code	2026-02-18T21:45:06.0335093Z  * [new tag]             0.0.87                 -> 0.0.87
job-core	Checkout code	2026-02-18T21:45:06.0335583Z  * [new tag]             0.0.88                 -> 0.0.88
job-core	Checkout code	2026-02-18T21:45:06.0336182Z  * [new tag]             0.0.89                 -> 0.0.89
job-core	Checkout code	2026-02-18T21:45:06.0336553Z  * [new tag]             0.0.9                  -> 0.0.9
job-core	Checkout code	2026-02-18T21:45:06.0336915Z  * [new tag]             0.0.90                 -> 0.0.90
job-core	Checkout code	2026-02-18T21:45:06.0337399Z  * [new tag]             0.0.91                 -> 0.0.91
job-core	Checkout code	2026-02-18T21:45:06.0337874Z  * [new tag]             0.0.92                 -> 0.0.92
job-core	Checkout code	2026-02-18T21:45:06.0338218Z  * [new tag]             0.0.93                 -> 0.0.93
job-core	Checkout code	2026-02-18T21:45:06.0338691Z  * [new tag]             0.0.94                 -> 0.0.94
job-core	Checkout code	2026-02-18T21:45:06.0339588Z  * [new tag]             0.0.95                 -> 0.0.95
job-core	Checkout code	2026-02-18T21:45:06.0340207Z  * [new tag]             0.0.96                 -> 0.0.96
job-core	Checkout code	2026-02-18T21:45:06.0340685Z  * [new tag]             0.0.97                 -> 0.0.97
job-core	Checkout code	2026-02-18T21:45:06.0341023Z  * [new tag]             0.0.98                 -> 0.0.98
job-core	Checkout code	2026-02-18T21:45:06.0341372Z  * [new tag]             0.0.99                 -> 0.0.99
job-core	Checkout code	2026-02-18T21:45:06.0341718Z  * [new tag]             0.1.0                  -> 0.1.0
job-core	Checkout code	2026-02-18T21:45:06.0342063Z  * [new tag]             0.1.1                  -> 0.1.1
job-core	Checkout code	2026-02-18T21:45:06.0342407Z  * [new tag]             0.2.0                  -> 0.2.0
job-core	Checkout code	2026-02-18T21:45:06.0342746Z  * [new tag]             0.3.0                  -> 0.3.0
job-core	Checkout code	2026-02-18T21:45:06.0343091Z  * [new tag]             0.3.1                  -> 0.3.1
job-core	Checkout code	2026-02-18T21:45:06.0343431Z  * [new tag]             0.3.10                 -> 0.3.10
job-core	Checkout code	2026-02-18T21:45:06.0343780Z  * [new tag]             0.3.11                 -> 0.3.11
job-core	Checkout code	2026-02-18T21:45:06.0344289Z  * [new tag]             0.3.12                 -> 0.3.12
job-core	Checkout code	2026-02-18T21:45:06.0345013Z  * [new tag]             0.3.13                 -> 0.3.13
job-core	Checkout code	2026-02-18T21:45:06.0345482Z  * [new tag]             0.3.14                 -> 0.3.14
job-core	Checkout code	2026-02-18T21:45:06.0345831Z  * [new tag]             0.3.15                 -> 0.3.15
job-core	Checkout code	2026-02-18T21:45:06.0346180Z  * [new tag]             0.3.16                 -> 0.3.16
job-core	Checkout code	2026-02-18T21:45:06.0346529Z  * [new tag]             0.3.17                 -> 0.3.17
job-core	Checkout code	2026-02-18T21:45:06.0346876Z  * [new tag]             0.3.2                  -> 0.3.2
job-core	Checkout code	2026-02-18T21:45:06.0347225Z  * [new tag]             0.3.3                  -> 0.3.3
job-core	Checkout code	2026-02-18T21:45:06.0347574Z  * [new tag]             0.3.4                  -> 0.3.4
job-core	Checkout code	2026-02-18T21:45:06.0347914Z  * [new tag]             0.3.5                  -> 0.3.5
job-core	Checkout code	2026-02-18T21:45:06.0348254Z  * [new tag]             0.3.6                  -> 0.3.6
job-core	Checkout code	2026-02-18T21:45:06.0348598Z  * [new tag]             0.3.7                  -> 0.3.7
job-core	Checkout code	2026-02-18T21:45:06.0348942Z  * [new tag]             0.3.8                  -> 0.3.8
job-core	Checkout code	2026-02-18T21:45:06.0349752Z  * [new tag]             0.3.9                  -> 0.3.9
job-core	Checkout code	2026-02-18T21:45:06.0350477Z  * [new tag]             0.4.0                  -> 0.4.0
job-core	Checkout code	2026-02-18T21:45:06.0350835Z  * [new tag]             0.4.1                  -> 0.4.1
job-core	Checkout code	2026-02-18T21:45:06.0351197Z  * [new tag]             0.4.2                  -> 0.4.2
job-core	Checkout code	2026-02-18T21:45:06.0351547Z  * [new tag]             0.4.3                  -> 0.4.3
job-core	Checkout code	2026-02-18T21:45:06.0351901Z  * [new tag]             0.4.4                  -> 0.4.4
job-core	Checkout code	2026-02-18T21:45:06.0352255Z  * [new tag]             0.4.5                  -> 0.4.5
job-core	Checkout code	2026-02-18T21:45:06.0352608Z  * [new tag]             0.4.6                  -> 0.4.6
job-core	Checkout code	2026-02-18T21:45:06.0352962Z  * [new tag]             0.4.7                  -> 0.4.7
job-core	Checkout code	2026-02-18T21:45:06.0353317Z  * [new tag]             0.4.8                  -> 0.4.8
job-core	Checkout code	2026-02-18T21:45:06.0353673Z  * [new tag]             0.4.9                  -> 0.4.9
job-core	Checkout code	2026-02-18T21:45:06.0354026Z  * [new tag]             0.5.0                  -> 0.5.0
job-core	Checkout code	2026-02-18T21:45:06.0354590Z  * [new tag]             0.5.1                  -> 0.5.1
job-core	Checkout code	2026-02-18T21:45:06.0354971Z  * [new tag]             0.5.2                  -> 0.5.2
job-core	Checkout code	2026-02-18T21:45:06.0355334Z  * [new tag]             0.6.0                  -> 0.6.0
job-core	Checkout code	2026-02-18T21:45:06.0356022Z  * [new tag]             0.6.1                  -> 0.6.1
job-core	Checkout code	2026-02-18T21:45:06.0356376Z  * [new tag]             0.6.2                  -> 0.6.2
job-core	Checkout code	2026-02-18T21:45:06.0574853Z [command]/usr/bin/git branch --list --remote origin/main
job-core	Checkout code	2026-02-18T21:45:06.0653496Z   origin/main
job-core	Checkout code	2026-02-18T21:45:06.0665850Z [command]/usr/bin/git rev-parse refs/remotes/origin/main
job-core	Checkout code	2026-02-18T21:45:06.0696469Z e8e294c5e1b51e46c1cc47a9cb61bb020a20d09c
job-core	Checkout code	2026-02-18T21:45:06.0702403Z ##[endgroup]
job-core	Checkout code	2026-02-18T21:45:06.0702834Z ##[group]Determining the checkout info
job-core	Checkout code	2026-02-18T21:45:06.0704076Z ##[endgroup]
job-core	Checkout code	2026-02-18T21:45:06.0711836Z [command]/usr/bin/git sparse-checkout disable
job-core	Checkout code	2026-02-18T21:45:06.0764238Z [command]/usr/bin/git config --local --unset-all extensions.worktreeConfig
job-core	Checkout code	2026-02-18T21:45:06.0803870Z ##[group]Checking out the ref
job-core	Checkout code	2026-02-18T21:45:06.0810610Z [command]/usr/bin/git checkout --progress --force -B main refs/remotes/origin/main
job-core	Checkout code	2026-02-18T21:45:06.3263313Z Switched to a new branch 'main'
job-core	Checkout code	2026-02-18T21:45:06.3267804Z branch 'main' set up to track 'origin/main'.
job-core	Checkout code	2026-02-18T21:45:06.3315101Z ##[endgroup]
job-core	Checkout code	2026-02-18T21:45:06.3372832Z [command]/usr/bin/git log -1 --format=%H
job-core	Checkout code	2026-02-18T21:45:06.3408896Z e8e294c5e1b51e46c1cc47a9cb61bb020a20d09c
job-core	Install GH CLI	Ôªø2026-02-18T21:45:06.3720351Z Prepare all required actions
job-core	Install GH CLI	2026-02-18T21:45:06.3771622Z ##[group]Run ./.github/actions/install-gh-cli
job-core	Install GH CLI	2026-02-18T21:45:06.3771956Z env:
job-core	Install GH CLI	2026-02-18T21:45:06.3772155Z   PYTHON_VERSION: 3.9
job-core	Install GH CLI	2026-02-18T21:45:06.3773003Z   MONGO_SUPERUSER_CONNECTION: ***
job-core	Install GH CLI	2026-02-18T21:45:06.3773403Z   MONGO_NEW_PASS: ***
job-core	Install GH CLI	2026-02-18T21:45:06.3773750Z   MONGO_SCRIPT_CREATE: devops/core/mongo/scripts/mongodb_status_report.py
job-core	Install GH CLI	2026-02-18T21:45:06.3774156Z   KAOS_CODE: 22158855567
job-core	Install GH CLI	2026-02-18T21:45:06.3774408Z   REPORT_SCAN: audit/
job-core	Install GH CLI	2026-02-18T21:45:06.3774965Z   REPORT_PATH: audit/mongodb/
job-core	Install GH CLI	2026-02-18T21:45:06.3775349Z   REPORT_FILENAME: 22158855567.json
job-core	Install GH CLI	2026-02-18T21:45:06.3775624Z   KAOS_MODULE: [Ka0s] Status MongDB Report
job-core	Install GH CLI	2026-02-18T21:45:06.3775905Z   GITHUB_OUTPUT: 
job-core	Install GH CLI	2026-02-18T21:45:06.3776106Z ##[endgroup]
job-core	Install GH CLI	2026-02-18T21:45:06.3866967Z ##[group]Run type -p curl >/dev/null || (sudo apt-get update && sudo apt-get install curl -y)
job-core	Install GH CLI	2026-02-18T21:45:06.3867648Z [36;1mtype -p curl >/dev/null || (sudo apt-get update && sudo apt-get install curl -y)[0m
job-core	Install GH CLI	2026-02-18T21:45:06.3868573Z [36;1mcurl -fsSL https://cli.github.com/packages/githubcli-archive-keyring.gpg | sudo dd of=/usr/share/keyrings/githubcli-archive-keyring.gpg \[0m
job-core	Install GH CLI	2026-02-18T21:45:06.3869395Z [36;1m&& sudo chmod go+r /usr/share/keyrings/githubcli-archive-keyring.gpg \[0m
job-core	Install GH CLI	2026-02-18T21:45:06.3870489Z [36;1m&& echo "deb [arch=$(dpkg --print-architecture) signed-by=/usr/share/keyrings/githubcli-archive-keyring.gpg] https://cli.github.com/packages stable main" | sudo tee /etc/apt/sources.list.d/github-cli.list > /dev/null \[0m
job-core	Install GH CLI	2026-02-18T21:45:06.3871773Z [36;1m&& sudo apt-get update \[0m
job-core	Install GH CLI	2026-02-18T21:45:06.3872070Z [36;1m&& sudo apt-get install gh -y[0m
job-core	Install GH CLI	2026-02-18T21:45:06.3889049Z shell: /usr/bin/bash --noprofile --norc -e -o pipefail {0}
job-core	Install GH CLI	2026-02-18T21:45:06.3889528Z env:
job-core	Install GH CLI	2026-02-18T21:45:06.3889718Z   PYTHON_VERSION: 3.9
job-core	Install GH CLI	2026-02-18T21:45:06.3890521Z   MONGO_SUPERUSER_CONNECTION: ***
job-core	Install GH CLI	2026-02-18T21:45:06.3890901Z   MONGO_NEW_PASS: ***
job-core	Install GH CLI	2026-02-18T21:45:06.3891233Z   MONGO_SCRIPT_CREATE: devops/core/mongo/scripts/mongodb_status_report.py
job-core	Install GH CLI	2026-02-18T21:45:06.3891632Z   KAOS_CODE: 22158855567
job-core	Install GH CLI	2026-02-18T21:45:06.3891857Z   REPORT_SCAN: audit/
job-core	Install GH CLI	2026-02-18T21:45:06.3892087Z   REPORT_PATH: audit/mongodb/
job-core	Install GH CLI	2026-02-18T21:45:06.3892336Z   REPORT_FILENAME: 22158855567.json
job-core	Install GH CLI	2026-02-18T21:45:06.3892609Z   KAOS_MODULE: [Ka0s] Status MongDB Report
job-core	Install GH CLI	2026-02-18T21:45:06.3892873Z   GITHUB_OUTPUT: 
job-core	Install GH CLI	2026-02-18T21:45:06.3893070Z ##[endgroup]
job-core	Install GH CLI	2026-02-18T21:45:06.4681257Z 4+1 records in
job-core	Install GH CLI	2026-02-18T21:45:06.4681665Z 4+1 records out
job-core	Install GH CLI	2026-02-18T21:45:06.4681946Z 2270 bytes (2.3 kB, 2.2 KiB) copied, 0.053694 s, 42.3 kB/s
job-core	Install GH CLI	2026-02-18T21:45:06.6509993Z Get:1 https://cli.github.com/packages stable InRelease [3917 B]
job-core	Install GH CLI	2026-02-18T21:45:06.6871488Z Get:2 http://archive.ubuntu.com/ubuntu noble InRelease [256 kB]
job-core	Install GH CLI	2026-02-18T21:45:06.7451690Z Get:3 https://cli.github.com/packages stable/main amd64 Packages [355 B]
job-core	Install GH CLI	2026-02-18T21:45:06.7688205Z Get:4 https://ppa.launchpadcontent.net/git-core/ppa/ubuntu noble InRelease [24.3 kB]
job-core	Install GH CLI	2026-02-18T21:45:06.8120761Z Get:5 http://security.ubuntu.com/ubuntu noble-security InRelease [126 kB]
job-core	Install GH CLI	2026-02-18T21:45:06.8840244Z Get:6 https://ppa.launchpadcontent.net/git-core/ppa/ubuntu noble/main amd64 Packages [2992 B]
job-core	Install GH CLI	2026-02-18T21:45:06.9589907Z Get:7 http://archive.ubuntu.com/ubuntu noble-updates InRelease [126 kB]
job-core	Install GH CLI	2026-02-18T21:45:07.0255886Z Get:8 http://archive.ubuntu.com/ubuntu noble-backports InRelease [126 kB]
job-core	Install GH CLI	2026-02-18T21:45:07.0927938Z Get:9 http://archive.ubuntu.com/ubuntu noble/universe amd64 Packages [19.3 MB]
job-core	Install GH CLI	2026-02-18T21:45:07.3725693Z Get:10 http://security.ubuntu.com/ubuntu noble-security/multiverse amd64 Packages [34.8 kB]
job-core	Install GH CLI	2026-02-18T21:45:07.4952822Z Get:11 http://security.ubuntu.com/ubuntu noble-security/restricted amd64 Packages [3188 kB]
job-core	Install GH CLI	2026-02-18T21:45:07.5090756Z Get:12 http://archive.ubuntu.com/ubuntu noble/main amd64 Packages [1808 kB]
job-core	Install GH CLI	2026-02-18T21:45:07.5220232Z Get:13 http://archive.ubuntu.com/ubuntu noble/multiverse amd64 Packages [331 kB]
job-core	Install GH CLI	2026-02-18T21:45:07.5244359Z Get:14 http://archive.ubuntu.com/ubuntu noble/restricted amd64 Packages [117 kB]
job-core	Install GH CLI	2026-02-18T21:45:07.5591253Z Get:15 http://archive.ubuntu.com/ubuntu noble-updates/main amd64 Packages [2234 kB]
job-core	Install GH CLI	2026-02-18T21:45:07.6378100Z Get:16 http://archive.ubuntu.com/ubuntu noble-updates/restricted amd64 Packages [3360 kB]
job-core	Install GH CLI	2026-02-18T21:45:07.6802435Z Get:17 http://archive.ubuntu.com/ubuntu noble-updates/universe amd64 Packages [2016 kB]
job-core	Install GH CLI	2026-02-18T21:45:07.7355654Z Get:18 http://archive.ubuntu.com/ubuntu noble-updates/multiverse amd64 Packages [38.1 kB]
job-core	Install GH CLI	2026-02-18T21:45:07.7367153Z Get:19 http://archive.ubuntu.com/ubuntu noble-backports/universe amd64 Packages [34.6 kB]
job-core	Install GH CLI	2026-02-18T21:45:07.7368243Z Get:20 http://archive.ubuntu.com/ubuntu noble-backports/main amd64 Packages [49.5 kB]
job-core	Install GH CLI	2026-02-18T21:45:08.1065324Z Get:21 http://security.ubuntu.com/ubuntu noble-security/main amd64 Packages [1855 kB]
job-core	Install GH CLI	2026-02-18T21:45:08.1786276Z Get:22 http://security.ubuntu.com/ubuntu noble-security/universe amd64 Packages [1207 kB]
job-core	Install GH CLI	2026-02-18T21:45:09.1049249Z Fetched 36.3 MB in 3s (14.2 MB/s)
job-core	Install GH CLI	2026-02-18T21:45:10.0392231Z Reading package lists...
job-core	Install GH CLI	2026-02-18T21:45:11.0309191Z Reading package lists...
job-core	Install GH CLI	2026-02-18T21:45:11.2616862Z Building dependency tree...
job-core	Install GH CLI	2026-02-18T21:45:11.2617447Z Reading state information...
job-core	Install GH CLI	2026-02-18T21:45:11.6284089Z The following NEW packages will be installed:
job-core	Install GH CLI	2026-02-18T21:45:11.6303428Z   gh
job-core	Install GH CLI	2026-02-18T21:45:11.7058643Z 0 upgraded, 1 newly installed, 0 to remove and 26 not upgraded.
job-core	Install GH CLI	2026-02-18T21:45:11.7059563Z Need to get 13.8 MB of archives.
job-core	Install GH CLI	2026-02-18T21:45:11.7059977Z After this operation, 38.4 MB of additional disk space will be used.
job-core	Install GH CLI	2026-02-18T21:45:11.7060596Z Get:1 https://cli.github.com/packages stable/main amd64 gh amd64 2.87.0 [13.8 MB]
job-core	Install GH CLI	2026-02-18T21:45:12.0798225Z debconf: delaying package configuration, since apt-utils is not installed
job-core	Install GH CLI	2026-02-18T21:45:12.1228589Z Fetched 13.8 MB in 0s (49.3 MB/s)
job-core	Install GH CLI	2026-02-18T21:45:12.1503888Z Selecting previously unselected package gh.
job-core	Install GH CLI	2026-02-18T21:45:12.1540970Z (Reading database ... 
job-core	Install GH CLI	2026-02-18T21:45:12.1541264Z (Reading database ... 5%
job-core	Install GH CLI	2026-02-18T21:45:12.1541511Z (Reading database ... 10%
job-core	Install GH CLI	2026-02-18T21:45:12.1541751Z (Reading database ... 15%
job-core	Install GH CLI	2026-02-18T21:45:12.1541994Z (Reading database ... 20%
job-core	Install GH CLI	2026-02-18T21:45:12.1542237Z (Reading database ... 25%
job-core	Install GH CLI	2026-02-18T21:45:12.1542476Z (Reading database ... 30%
job-core	Install GH CLI	2026-02-18T21:45:12.1542715Z (Reading database ... 35%
job-core	Install GH CLI	2026-02-18T21:45:12.1542953Z (Reading database ... 40%
job-core	Install GH CLI	2026-02-18T21:45:12.1543210Z (Reading database ... 45%
job-core	Install GH CLI	2026-02-18T21:45:12.1543450Z (Reading database ... 50%
job-core	Install GH CLI	2026-02-18T21:45:12.1543830Z (Reading database ... 55%
job-core	Install GH CLI	2026-02-18T21:45:12.1544081Z (Reading database ... 60%
job-core	Install GH CLI	2026-02-18T21:45:12.1548611Z (Reading database ... 65%
job-core	Install GH CLI	2026-02-18T21:45:12.1568802Z (Reading database ... 70%
job-core	Install GH CLI	2026-02-18T21:45:12.1573980Z (Reading database ... 75%
job-core	Install GH CLI	2026-02-18T21:45:12.1587720Z (Reading database ... 80%
job-core	Install GH CLI	2026-02-18T21:45:12.1592542Z (Reading database ... 85%
job-core	Install GH CLI	2026-02-18T21:45:12.1602502Z (Reading database ... 90%
job-core	Install GH CLI	2026-02-18T21:45:12.1621524Z (Reading database ... 95%
job-core	Install GH CLI	2026-02-18T21:45:12.1621890Z (Reading database ... 100%
job-core	Install GH CLI	2026-02-18T21:45:12.1622590Z (Reading database ... 14385 files and directories currently installed.)
job-core	Install GH CLI	2026-02-18T21:45:12.1627483Z Preparing to unpack .../archives/gh_2.87.0_amd64.deb ...
job-core	Install GH CLI	2026-02-18T21:45:12.1658196Z Unpacking gh (2.87.0) ...
job-core	Install GH CLI	2026-02-18T21:45:12.4276011Z Setting up gh (2.87.0) ...
job-core	Set up Python	Ôªø2026-02-18T21:45:12.5348498Z ##[group]Run actions/setup-python@v4
job-core	Set up Python	2026-02-18T21:45:12.5349084Z with:
job-core	Set up Python	2026-02-18T21:45:12.5349432Z   python-version: 3.9
job-core	Set up Python	2026-02-18T21:45:12.5349850Z   check-latest: false
job-core	Set up Python	2026-02-18T21:45:12.5350495Z   token: ***
job-core	Set up Python	2026-02-18T21:45:12.5350878Z   update-environment: true
job-core	Set up Python	2026-02-18T21:45:12.5351333Z   allow-prereleases: false
job-core	Set up Python	2026-02-18T21:45:12.5351742Z env:
job-core	Set up Python	2026-02-18T21:45:12.5352071Z   PYTHON_VERSION: 3.9
job-core	Set up Python	2026-02-18T21:45:12.5353290Z   MONGO_SUPERUSER_CONNECTION: ***
job-core	Set up Python	2026-02-18T21:45:12.5353981Z   MONGO_NEW_PASS: ***
job-core	Set up Python	2026-02-18T21:45:12.5354722Z   MONGO_SCRIPT_CREATE: devops/core/mongo/scripts/mongodb_status_report.py
job-core	Set up Python	2026-02-18T21:45:12.5355453Z   KAOS_CODE: 22158855567
job-core	Set up Python	2026-02-18T21:45:12.5355856Z   REPORT_SCAN: audit/
job-core	Set up Python	2026-02-18T21:45:12.5356264Z   REPORT_PATH: audit/mongodb/
job-core	Set up Python	2026-02-18T21:45:12.5356725Z   REPORT_FILENAME: 22158855567.json
job-core	Set up Python	2026-02-18T21:45:12.5357232Z   KAOS_MODULE: [Ka0s] Status MongDB Report
job-core	Set up Python	2026-02-18T21:45:12.5357741Z   GITHUB_OUTPUT: 
job-core	Set up Python	2026-02-18T21:45:12.5358099Z ##[endgroup]
job-core	Set up Python	2026-02-18T21:45:12.7427715Z ##[group]Installed versions
job-core	Set up Python	2026-02-18T21:45:12.7440886Z Version 3.9 was not found in the local cache
job-core	Set up Python	2026-02-18T21:45:14.1077105Z Version 3.9 is available for downloading
job-core	Set up Python	2026-02-18T21:45:14.1079119Z Download from "https://github.com/actions/python-versions/releases/download/3.9.25-19039189640/python-3.9.25-linux-24.04-x64.tar.gz"
job-core	Set up Python	2026-02-18T21:45:16.2845418Z Extract downloaded archive
job-core	Set up Python	2026-02-18T21:45:16.3091859Z [command]/usr/bin/tar xz --warning=no-unknown-keyword -C /home/runner/_work/_temp/d772b0f0-00aa-4f10-89ce-b82226420048 -f /home/runner/_work/_temp/6f068277-6403-49c9-ada6-b3d0dafd98c5
job-core	Set up Python	2026-02-18T21:45:17.9419660Z Execute installation script
job-core	Set up Python	2026-02-18T21:45:17.9530134Z Check if Python hostedtoolcache folder exist...
job-core	Set up Python	2026-02-18T21:45:17.9531217Z Creating Python hostedtoolcache folder...
job-core	Set up Python	2026-02-18T21:45:17.9545526Z Create Python 3.9.25 folder
job-core	Set up Python	2026-02-18T21:45:17.9565032Z Copy Python binaries to hostedtoolcache folder
job-core	Set up Python	2026-02-18T21:45:18.9238699Z Create additional symlinks (Required for the UsePythonVersion Azure Pipelines task and the setup-python GitHub Action)
job-core	Set up Python	2026-02-18T21:45:18.9285267Z Upgrading pip...
job-core	Set up Python	2026-02-18T21:45:21.0225195Z Looking in links: /tmp/tmpgj7gi1u6
job-core	Set up Python	2026-02-18T21:45:21.0229636Z Requirement already satisfied: setuptools in /home/runner/_work/_tool/Python/3.9.25/x64/lib/python3.9/site-packages (79.0.1)
job-core	Set up Python	2026-02-18T21:45:21.0233638Z Requirement already satisfied: pip in /home/runner/_work/_tool/Python/3.9.25/x64/lib/python3.9/site-packages (23.0.1)
job-core	Set up Python	2026-02-18T21:45:22.4155334Z Collecting pip
job-core	Set up Python	2026-02-18T21:45:22.4645572Z Downloading pip-26.0.1-py3-none-any.whl (1.8 MB)
job-core	Set up Python	2026-02-18T21:45:22.5246308Z ‚îÅ‚îÅ‚îÅ‚îÅ‚îÅ‚îÅ‚îÅ‚îÅ‚îÅ‚îÅ‚îÅ‚îÅ‚îÅ‚îÅ‚îÅ‚îÅ‚îÅ‚îÅ‚îÅ‚îÅ‚îÅ‚îÅ‚îÅ‚îÅ‚îÅ‚îÅ‚îÅ‚îÅ‚îÅ‚îÅ‚îÅ‚îÅ‚îÅ‚îÅ‚îÅ‚îÅ‚îÅ‚îÅ‚îÅ‚îÅ 1.8/1.8 MB 32.1 MB/s eta 0:00:00
job-core	Set up Python	2026-02-18T21:45:22.5246661Z 
job-core	Set up Python	2026-02-18T21:45:22.5930717Z Installing collected packages: pip
job-core	Set up Python	2026-02-18T21:45:22.5931417Z Attempting uninstall: pip
job-core	Set up Python	2026-02-18T21:45:22.5938573Z Found existing installation: pip 23.0.1
job-core	Set up Python	2026-02-18T21:45:22.9143903Z Uninstalling pip-23.0.1:
job-core	Set up Python	2026-02-18T21:45:22.9251227Z Successfully uninstalled pip-23.0.1
job-core	Set up Python	2026-02-18T21:45:23.8522449Z Successfully installed pip-26.0.1
job-core	Set up Python	2026-02-18T21:45:23.9323355Z Create complete file
job-core	Set up Python	2026-02-18T21:45:23.9371279Z Successfully set up CPython (3.9.25)
job-core	Set up Python	2026-02-18T21:45:23.9372539Z ##[endgroup]
job-core	Install dependencies	Ôªø2026-02-18T21:45:23.9579135Z ##[group]Run pip install pymongo
job-core	Install dependencies	2026-02-18T21:45:23.9579498Z [36;1mpip install pymongo[0m
job-core	Install dependencies	2026-02-18T21:45:23.9596053Z shell: /usr/bin/bash -e {0}
job-core	Install dependencies	2026-02-18T21:45:23.9596321Z env:
job-core	Install dependencies	2026-02-18T21:45:23.9596522Z   PYTHON_VERSION: 3.9
job-core	Install dependencies	2026-02-18T21:45:23.9597742Z   MONGO_SUPERUSER_CONNECTION: ***
job-core	Install dependencies	2026-02-18T21:45:23.9598203Z   MONGO_NEW_PASS: ***
job-core	Install dependencies	2026-02-18T21:45:23.9598552Z   MONGO_SCRIPT_CREATE: devops/core/mongo/scripts/mongodb_status_report.py
job-core	Install dependencies	2026-02-18T21:45:23.9598962Z   KAOS_CODE: 22158855567
job-core	Install dependencies	2026-02-18T21:45:23.9599198Z   REPORT_SCAN: audit/
job-core	Install dependencies	2026-02-18T21:45:23.9599432Z   REPORT_PATH: audit/mongodb/
job-core	Install dependencies	2026-02-18T21:45:23.9599691Z   REPORT_FILENAME: 22158855567.json
job-core	Install dependencies	2026-02-18T21:45:23.9599980Z   KAOS_MODULE: [Ka0s] Status MongDB Report
job-core	Install dependencies	2026-02-18T21:45:23.9600280Z   GITHUB_OUTPUT: 
job-core	Install dependencies	2026-02-18T21:45:23.9600567Z   pythonLocation: /home/runner/_work/_tool/Python/3.9.25/x64
job-core	Install dependencies	2026-02-18T21:45:23.9601047Z   PKG_CONFIG_PATH: /home/runner/_work/_tool/Python/3.9.25/x64/lib/pkgconfig
job-core	Install dependencies	2026-02-18T21:45:23.9601520Z   Python_ROOT_DIR: /home/runner/_work/_tool/Python/3.9.25/x64
job-core	Install dependencies	2026-02-18T21:45:23.9601984Z   Python2_ROOT_DIR: /home/runner/_work/_tool/Python/3.9.25/x64
job-core	Install dependencies	2026-02-18T21:45:23.9602403Z   Python3_ROOT_DIR: /home/runner/_work/_tool/Python/3.9.25/x64
job-core	Install dependencies	2026-02-18T21:45:23.9602838Z   LD_LIBRARY_PATH: /home/runner/_work/_tool/Python/3.9.25/x64/lib
job-core	Install dependencies	2026-02-18T21:45:23.9603190Z ##[endgroup]
job-core	Install dependencies	2026-02-18T21:45:24.9302998Z Collecting pymongo
job-core	Install dependencies	2026-02-18T21:45:24.9780437Z   Downloading pymongo-4.16.0-cp39-cp39-manylinux2014_x86_64.manylinux_2_17_x86_64.manylinux_2_28_x86_64.whl.metadata (10.0 kB)
job-core	Install dependencies	2026-02-18T21:45:25.0320342Z Collecting dnspython<3.0.0,>=2.6.1 (from pymongo)
job-core	Install dependencies	2026-02-18T21:45:25.0369646Z   Downloading dnspython-2.7.0-py3-none-any.whl.metadata (5.8 kB)
job-core	Install dependencies	2026-02-18T21:45:25.0525682Z Downloading pymongo-4.16.0-cp39-cp39-manylinux2014_x86_64.manylinux_2_17_x86_64.manylinux_2_28_x86_64.whl (947 kB)
job-core	Install dependencies	2026-02-18T21:45:25.0895871Z    ‚îÅ‚îÅ‚îÅ‚îÅ‚îÅ‚îÅ‚îÅ‚îÅ‚îÅ‚îÅ‚îÅ‚îÅ‚îÅ‚îÅ‚îÅ‚îÅ‚îÅ‚îÅ‚îÅ‚îÅ‚îÅ‚îÅ‚îÅ‚îÅ‚îÅ‚îÅ‚îÅ‚îÅ‚îÅ‚îÅ‚îÅ‚îÅ‚îÅ‚îÅ‚îÅ‚îÅ‚îÅ‚îÅ‚îÅ‚îÅ 947.2/947.2 kB 31.4 MB/s  0:00:00
job-core	Install dependencies	2026-02-18T21:45:25.0951657Z Downloading dnspython-2.7.0-py3-none-any.whl (313 kB)
job-core	Install dependencies	2026-02-18T21:45:25.1390287Z Installing collected packages: dnspython, pymongo
job-core	Install dependencies	2026-02-18T21:45:25.7705814Z 
job-core	Install dependencies	2026-02-18T21:45:25.7721219Z Successfully installed dnspython-2.7.0 pymongo-4.16.0
job-core	Create database MongoDB	Ôªø2026-02-18T21:45:26.0670667Z ##[group]Run python devops/core/mongo/scripts/mongodb_status_report.py
job-core	Create database MongoDB	2026-02-18T21:45:26.0671272Z [36;1mpython devops/core/mongo/scripts/mongodb_status_report.py[0m
job-core	Create database MongoDB	2026-02-18T21:45:26.0671950Z [36;1mecho "Downloading files to MongoDB update repository ..."[0m
job-core	Create database MongoDB	2026-02-18T21:45:26.0672508Z [36;1mgit config --global user.name "***"[0m
job-core	Create database MongoDB	2026-02-18T21:45:26.0672891Z [36;1mgit config --global user.email "***"[0m
job-core	Create database MongoDB	2026-02-18T21:45:26.0673206Z [36;1mgit pull --rebase[0m
job-core	Create database MongoDB	2026-02-18T21:45:26.0673857Z [36;1mecho "Uploading files to MongoDB update repository ..."[0m
job-core	Create database MongoDB	2026-02-18T21:45:26.0674235Z [36;1mgit add audit/mongodb/[0m
job-core	Create database MongoDB	2026-02-18T21:45:26.0674885Z [36;1mif ! git diff --staged --quiet; then[0m
job-core	Create database MongoDB	2026-02-18T21:45:26.0675359Z [36;1m   git commit -m "swarm-runners] Uploading files to MongoDB update repository ..."[0m
job-core	Create database MongoDB	2026-02-18T21:45:26.0676033Z [36;1m   git push origin refs/heads/main --force-with-lease[0m
job-core	Create database MongoDB	2026-02-18T21:45:26.0676373Z [36;1m fi[0m
job-core	Create database MongoDB	2026-02-18T21:45:26.0691264Z shell: /usr/bin/bash -e {0}
job-core	Create database MongoDB	2026-02-18T21:45:26.0691595Z env:
job-core	Create database MongoDB	2026-02-18T21:45:26.0691792Z   PYTHON_VERSION: 3.9
job-core	Create database MongoDB	2026-02-18T21:45:26.0692740Z   MONGO_SUPERUSER_CONNECTION: ***
job-core	Create database MongoDB	2026-02-18T21:45:26.0693387Z   MONGO_NEW_PASS: ***
job-core	Create database MongoDB	2026-02-18T21:45:26.0694074Z   MONGO_SCRIPT_CREATE: devops/core/mongo/scripts/mongodb_status_report.py
job-core	Create database MongoDB	2026-02-18T21:45:26.0695080Z   KAOS_CODE: 22158855567
job-core	Create database MongoDB	2026-02-18T21:45:26.0695443Z   REPORT_SCAN: audit/
job-core	Create database MongoDB	2026-02-18T21:45:26.0709802Z   REPORT_PATH: audit/mongodb/
job-core	Create database MongoDB	2026-02-18T21:45:26.0710148Z   REPORT_FILENAME: 22158855567.json
job-core	Create database MongoDB	2026-02-18T21:45:26.0710452Z   KAOS_MODULE: [Ka0s] Status MongDB Report
job-core	Create database MongoDB	2026-02-18T21:45:26.0710749Z   GITHUB_OUTPUT: 
job-core	Create database MongoDB	2026-02-18T21:45:26.0711047Z   pythonLocation: /home/runner/_work/_tool/Python/3.9.25/x64
job-core	Create database MongoDB	2026-02-18T21:45:26.0711536Z   PKG_CONFIG_PATH: /home/runner/_work/_tool/Python/3.9.25/x64/lib/pkgconfig
job-core	Create database MongoDB	2026-02-18T21:45:26.0712031Z   Python_ROOT_DIR: /home/runner/_work/_tool/Python/3.9.25/x64
job-core	Create database MongoDB	2026-02-18T21:45:26.0712468Z   Python2_ROOT_DIR: /home/runner/_work/_tool/Python/3.9.25/x64
job-core	Create database MongoDB	2026-02-18T21:45:26.0712931Z   Python3_ROOT_DIR: /home/runner/_work/_tool/Python/3.9.25/x64
job-core	Create database MongoDB	2026-02-18T21:45:26.0713379Z   LD_LIBRARY_PATH: /home/runner/_work/_tool/Python/3.9.25/x64/lib
job-core	Create database MongoDB	2026-02-18T21:45:26.0713748Z ##[endgroup]
job-core	Create database MongoDB	2026-02-18T21:45:26.5827472Z ‚úÖ Reporte generado exitosamente: audit/mongodb/22158855567.json
job-core	Create database MongoDB	2026-02-18T21:45:26.7857335Z Downloading files to MongoDB update repository ...
job-core	Create database MongoDB	2026-02-18T21:45:27.5863185Z Already up to date.
job-core	Create database MongoDB	2026-02-18T21:45:27.5872729Z Uploading files to MongoDB update repository ...
job-core	Create database MongoDB	2026-02-18T21:45:27.6402943Z [main fbbb8fc5f] swarm-runners] Uploading files to MongoDB update repository ...
job-core	Create database MongoDB	2026-02-18T21:45:27.6403590Z  1 file changed, 32910 insertions(+)
job-core	Create database MongoDB	2026-02-18T21:45:27.6403901Z  create mode 100644 audit/mongodb/22158855567.json
job-core	Create database MongoDB	2026-02-18T21:45:28.8440307Z To https://github.com/Ka0s-Klaus/ka0s
job-core	Create database MongoDB	2026-02-18T21:45:28.8440713Z    e8e294c5e..fbbb8fc5f  main -> main
job-core	Upload report	Ôªø2026-02-18T21:45:28.8578067Z ##[group]Run actions/upload-artifact@v4
job-core	Upload report	2026-02-18T21:45:28.8578412Z with:
job-core	Upload report	2026-02-18T21:45:28.8578616Z   name: mongo-setup-report
job-core	Upload report	2026-02-18T21:45:28.8578861Z   path: audit/mongodb/
job-core	Upload report	2026-02-18T21:45:28.8579091Z   if-no-files-found: warn
job-core	Upload report	2026-02-18T21:45:28.8579333Z   compression-level: 6
job-core	Upload report	2026-02-18T21:45:28.8579550Z   overwrite: false
job-core	Upload report	2026-02-18T21:45:28.8579770Z   include-hidden-files: false
job-core	Upload report	2026-02-18T21:45:28.8580007Z env:
job-core	Upload report	2026-02-18T21:45:28.8580191Z   PYTHON_VERSION: 3.9
job-core	Upload report	2026-02-18T21:45:28.8580965Z   MONGO_SUPERUSER_CONNECTION: ***
job-core	Upload report	2026-02-18T21:45:28.8581372Z   MONGO_NEW_PASS: ***
job-core	Upload report	2026-02-18T21:45:28.8593607Z   MONGO_SCRIPT_CREATE: devops/core/mongo/scripts/mongodb_status_report.py
job-core	Upload report	2026-02-18T21:45:28.8594143Z   KAOS_CODE: 22158855567
job-core	Upload report	2026-02-18T21:45:28.8594387Z   REPORT_SCAN: audit/
job-core	Upload report	2026-02-18T21:45:28.8595506Z   REPORT_PATH: audit/mongodb/
job-core	Upload report	2026-02-18T21:45:28.8595782Z   REPORT_FILENAME: 22158855567.json
job-core	Upload report	2026-02-18T21:45:28.8596072Z   KAOS_MODULE: [Ka0s] Status MongDB Report
job-core	Upload report	2026-02-18T21:45:28.8596418Z   GITHUB_OUTPUT: 
job-core	Upload report	2026-02-18T21:45:28.8596716Z   pythonLocation: /home/runner/_work/_tool/Python/3.9.25/x64
job-core	Upload report	2026-02-18T21:45:28.8597186Z   PKG_CONFIG_PATH: /home/runner/_work/_tool/Python/3.9.25/x64/lib/pkgconfig
job-core	Upload report	2026-02-18T21:45:28.8597664Z   Python_ROOT_DIR: /home/runner/_work/_tool/Python/3.9.25/x64
job-core	Upload report	2026-02-18T21:45:28.8598090Z   Python2_ROOT_DIR: /home/runner/_work/_tool/Python/3.9.25/x64
job-core	Upload report	2026-02-18T21:45:28.8598519Z   Python3_ROOT_DIR: /home/runner/_work/_tool/Python/3.9.25/x64
job-core	Upload report	2026-02-18T21:45:28.8598951Z   LD_LIBRARY_PATH: /home/runner/_work/_tool/Python/3.9.25/x64/lib
job-core	Upload report	2026-02-18T21:45:28.8599763Z ##[endgroup]
job-core	Upload report	2026-02-18T21:45:29.1216463Z With the provided path, there will be 2 files uploaded
job-core	Upload report	2026-02-18T21:45:29.1222683Z Artifact name is valid!
job-core	Upload report	2026-02-18T21:45:29.1225051Z Root directory input is valid!
job-core	Upload report	2026-02-18T21:45:29.5766159Z Beginning upload of artifact content to blob storage
job-core	Upload report	2026-02-18T21:45:30.3375351Z Uploaded bytes 126142
job-core	Upload report	2026-02-18T21:45:30.4490181Z Finished uploading artifact content to blob storage!
job-core	Upload report	2026-02-18T21:45:30.4492608Z SHA256 digest of uploaded artifact zip is 37e62f678a7777bf8978b7274a2fcb2a50d590464e849a1bcdbaf95524ff575f
job-core	Upload report	2026-02-18T21:45:30.4494249Z Finalizing artifact upload
job-core	Upload report	2026-02-18T21:45:30.6487891Z Artifact mongo-setup-report.zip successfully finalized. Artifact ID 5563423799
job-core	Upload report	2026-02-18T21:45:30.6488813Z Artifact mongo-setup-report has been successfully uploaded! Final size is 126142 bytes. Artifact ID is 5563423799
job-core	Upload report	2026-02-18T21:45:30.6489687Z Artifact download URL: https://github.com/Ka0s-Klaus/ka0s/actions/runs/22158855567/artifacts/5563423799
job-core	Post Set up Python	Ôªø2026-02-18T21:45:30.6786668Z Post job cleanup.
job-core	Post Checkout code	Ôªø2026-02-18T21:45:30.8973553Z Post job cleanup.
job-core	Post Checkout code	2026-02-18T21:45:31.0119715Z [command]/usr/bin/git version
job-core	Post Checkout code	2026-02-18T21:45:31.0168019Z git version 2.52.0
job-core	Post Checkout code	2026-02-18T21:45:31.0211413Z Copying '/home/runner/.gitconfig' to '/home/runner/_work/_temp/a4fe88c6-0d6c-4f2c-8dce-ba193c615eab/.gitconfig'
job-core	Post Checkout code	2026-02-18T21:45:31.0222109Z Temporarily overriding HOME='/home/runner/_work/_temp/a4fe88c6-0d6c-4f2c-8dce-ba193c615eab' before making global git config changes
job-core	Post Checkout code	2026-02-18T21:45:31.0223081Z Adding repository directory to the temporary git global config as a safe directory
job-core	Post Checkout code	2026-02-18T21:45:31.0230223Z [command]/usr/bin/git config --global --add safe.directory /home/runner/_work/ka0s/ka0s
job-core	Post Checkout code	2026-02-18T21:45:31.0290336Z [command]/usr/bin/git config --local --name-only --get-regexp core\.sshCommand
job-core	Post Checkout code	2026-02-18T21:45:31.0339143Z [command]/usr/bin/git submodule foreach --recursive sh -c "git config --local --name-only --get-regexp 'core\.sshCommand' && git config --local --unset-all 'core.sshCommand' || :"
job-core	Post Checkout code	2026-02-18T21:45:31.0715585Z [command]/usr/bin/git config --local --name-only --get-regexp http\.https\:\/\/github\.com\/\.extraheader
job-core	Post Checkout code	2026-02-18T21:45:31.0749742Z http.https://github.com/.extraheader
job-core	Post Checkout code	2026-02-18T21:45:31.0768366Z [command]/usr/bin/git config --local --unset-all http.https://github.com/.extraheader
job-core	Post Checkout code	2026-02-18T21:45:31.0846018Z [command]/usr/bin/git submodule foreach --recursive sh -c "git config --local --name-only --get-regexp 'http\.https\:\/\/github\.com\/\.extraheader' && git config --local --unset-all 'http.https://github.com/.extraheader' || :"
job-core	Post Checkout code	2026-02-18T21:45:31.1219337Z [command]/usr/bin/git config --local --name-only --get-regexp ^includeIf\.gitdir:
job-core	Post Checkout code	2026-02-18T21:45:31.1267275Z [command]/usr/bin/git submodule foreach --recursive git config --local --show-origin --name-only --get-regexp remote.origin.url
job-core	Complete job	Ôªø2026-02-18T21:45:31.1779774Z Cleaning up orphan processes
handle-success	Set up job	Ôªø2026-02-18T21:45:48.4465901Z Current runner version: '2.331.0'
handle-success	Set up job	2026-02-18T21:45:48.4474121Z Runner name: 'swarm-runners-scaleset-hkss5-runner-2wx8s'
handle-success	Set up job	2026-02-18T21:45:48.4475575Z Runner group name: 'Default'
handle-success	Set up job	2026-02-18T21:45:48.4476661Z Machine name: 'swarm-runners-scaleset-hkss5-runner-2wx8s'
handle-success	Set up job	2026-02-18T21:45:48.4480228Z ##[group]GITHUB_TOKEN Permissions
handle-success	Set up job	2026-02-18T21:45:48.4482849Z Actions: write
handle-success	Set up job	2026-02-18T21:45:48.4483424Z Contents: write
handle-success	Set up job	2026-02-18T21:45:48.4484040Z Issues: write
handle-success	Set up job	2026-02-18T21:45:48.4485093Z Metadata: read
handle-success	Set up job	2026-02-18T21:45:48.4485685Z PullRequests: write
handle-success	Set up job	2026-02-18T21:45:48.4486269Z ##[endgroup]
handle-success	Set up job	2026-02-18T21:45:48.4488732Z Secret source: Actions
handle-success	Set up job	2026-02-18T21:45:48.4489488Z Prepare workflow directory
handle-success	Set up job	2026-02-18T21:45:48.5120281Z Prepare all required actions
handle-success	Set up job	2026-02-18T21:45:48.5162610Z Getting action download info
handle-success	Set up job	2026-02-18T21:45:49.0521516Z Download action repository 'actions/checkout@v4' (SHA:34e114876b0b11c390a56381ad16ebd13914f8d5)
handle-success	Set up job	2026-02-18T21:45:49.9800309Z Complete job name: handle-success
handle-success	Checkout code	Ôªø2026-02-18T21:45:50.0452312Z ##[group]Run actions/checkout@v4
handle-success	Checkout code	2026-02-18T21:45:50.0453327Z with:
handle-success	Checkout code	2026-02-18T21:45:50.0453801Z   fetch-depth: 0
handle-success	Checkout code	2026-02-18T21:45:50.0454300Z   repository: Ka0s-Klaus/ka0s
handle-success	Checkout code	2026-02-18T21:45:50.0455558Z   token: ***
handle-success	Checkout code	2026-02-18T21:45:50.0456044Z   ssh-strict: true
handle-success	Checkout code	2026-02-18T21:45:50.0456512Z   ssh-user: git
handle-success	Checkout code	2026-02-18T21:45:50.0456985Z   persist-credentials: true
handle-success	Checkout code	2026-02-18T21:45:50.0457519Z   clean: true
handle-success	Checkout code	2026-02-18T21:45:50.0458001Z   sparse-checkout-cone-mode: true
handle-success	Checkout code	2026-02-18T21:45:50.0458591Z   fetch-tags: false
handle-success	Checkout code	2026-02-18T21:45:50.0459607Z   show-progress: true
handle-success	Checkout code	2026-02-18T21:45:50.0460363Z   lfs: false
handle-success	Checkout code	2026-02-18T21:45:50.0460804Z   submodules: false
handle-success	Checkout code	2026-02-18T21:45:50.0461319Z   set-safe-directory: true
handle-success	Checkout code	2026-02-18T21:45:50.0462110Z env:
handle-success	Checkout code	2026-02-18T21:45:50.0462576Z   PYTHON_VERSION: 3.9
handle-success	Checkout code	2026-02-18T21:45:50.0463920Z   MONGO_SUPERUSER_CONNECTION: ***
handle-success	Checkout code	2026-02-18T21:45:50.0465060Z   MONGO_NEW_PASS: ***
handle-success	Checkout code	2026-02-18T21:45:50.0465931Z   MONGO_SCRIPT_CREATE: devops/core/mongo/scripts/mongodb_status_report.py
handle-success	Checkout code	2026-02-18T21:45:50.0466826Z   KAOS_CODE: 22158855567
handle-success	Checkout code	2026-02-18T21:45:50.0467335Z   REPORT_SCAN: audit/
handle-success	Checkout code	2026-02-18T21:45:50.0467842Z   REPORT_PATH: audit/mongodb/
handle-success	Checkout code	2026-02-18T21:45:50.0468404Z   REPORT_FILENAME: 22158855567.json
handle-success	Checkout code	2026-02-18T21:45:50.0469019Z   KAOS_MODULE: [Ka0s] Status MongDB Report
handle-success	Checkout code	2026-02-18T21:45:50.0469621Z ##[endgroup]
handle-success	Checkout code	2026-02-18T21:45:50.1752774Z Syncing repository: Ka0s-Klaus/ka0s
handle-success	Checkout code	2026-02-18T21:45:50.1756065Z ##[group]Getting Git version info
handle-success	Checkout code	2026-02-18T21:45:50.1756955Z Working directory is '/home/runner/_work/ka0s/ka0s'
handle-success	Checkout code	2026-02-18T21:45:50.1758152Z [command]/usr/bin/git version
handle-success	Checkout code	2026-02-18T21:45:50.1758742Z git version 2.52.0
handle-success	Checkout code	2026-02-18T21:45:50.1776344Z ##[endgroup]
handle-success	Checkout code	2026-02-18T21:45:50.1798956Z Temporarily overriding HOME='/home/runner/_work/_temp/edf27825-e403-46f1-a260-a1d4e4446bbe' before making global git config changes
handle-success	Checkout code	2026-02-18T21:45:50.1801327Z Adding repository directory to the temporary git global config as a safe directory
handle-success	Checkout code	2026-02-18T21:45:50.1802595Z [command]/usr/bin/git config --global --add safe.directory /home/runner/_work/ka0s/ka0s
handle-success	Checkout code	2026-02-18T21:45:50.1855376Z Deleting the contents of '/home/runner/_work/ka0s/ka0s'
handle-success	Checkout code	2026-02-18T21:45:50.1873151Z ##[group]Initializing the repository
handle-success	Checkout code	2026-02-18T21:45:50.1878711Z [command]/usr/bin/git init /home/runner/_work/ka0s/ka0s
handle-success	Checkout code	2026-02-18T21:45:50.1946735Z hint: Using 'master' as the name for the initial branch. This default branch name
handle-success	Checkout code	2026-02-18T21:45:50.1982026Z hint: will change to "main" in Git 3.0. To configure the initial branch name
handle-success	Checkout code	2026-02-18T21:45:50.1983255Z hint: to use in all of your new repositories, which will suppress this warning,
handle-success	Checkout code	2026-02-18T21:45:50.1984109Z hint: call:
handle-success	Checkout code	2026-02-18T21:45:50.1992514Z hint:
handle-success	Checkout code	2026-02-18T21:45:50.1993307Z hint: 	git config --global init.defaultBranch <name>
handle-success	Checkout code	2026-02-18T21:45:50.1993969Z hint:
handle-success	Checkout code	2026-02-18T21:45:50.1994788Z hint: Names commonly chosen instead of 'master' are 'main', 'trunk' and
handle-success	Checkout code	2026-02-18T21:45:50.1996389Z hint: 'development'. The just-created branch can be renamed via this command:
handle-success	Checkout code	2026-02-18T21:45:50.1997752Z hint:
handle-success	Checkout code	2026-02-18T21:45:50.1998335Z hint: 	git branch -m <name>
handle-success	Checkout code	2026-02-18T21:45:50.1999131Z hint:
handle-success	Checkout code	2026-02-18T21:45:50.1999931Z hint: Disable this message with "git config set advice.defaultBranchName false"
handle-success	Checkout code	2026-02-18T21:45:50.2000989Z Initialized empty Git repository in /home/runner/_work/ka0s/ka0s/.git/
handle-success	Checkout code	2026-02-18T21:45:50.2003346Z [command]/usr/bin/git remote add origin https://github.com/Ka0s-Klaus/ka0s
handle-success	Checkout code	2026-02-18T21:45:50.2020762Z ##[endgroup]
handle-success	Checkout code	2026-02-18T21:45:50.2021725Z ##[group]Disabling automatic garbage collection
handle-success	Checkout code	2026-02-18T21:45:50.2022495Z [command]/usr/bin/git config --local gc.auto 0
handle-success	Checkout code	2026-02-18T21:45:50.2065317Z ##[endgroup]
handle-success	Checkout code	2026-02-18T21:45:50.2066250Z ##[group]Setting up auth
handle-success	Checkout code	2026-02-18T21:45:50.2072188Z [command]/usr/bin/git config --local --name-only --get-regexp core\.sshCommand
handle-success	Checkout code	2026-02-18T21:45:50.2118429Z [command]/usr/bin/git submodule foreach --recursive sh -c "git config --local --name-only --get-regexp 'core\.sshCommand' && git config --local --unset-all 'core.sshCommand' || :"
handle-success	Checkout code	2026-02-18T21:45:50.2456749Z [command]/usr/bin/git config --local --name-only --get-regexp http\.https\:\/\/github\.com\/\.extraheader
handle-success	Checkout code	2026-02-18T21:45:50.2495613Z [command]/usr/bin/git submodule foreach --recursive sh -c "git config --local --name-only --get-regexp 'http\.https\:\/\/github\.com\/\.extraheader' && git config --local --unset-all 'http.https://github.com/.extraheader' || :"
handle-success	Checkout code	2026-02-18T21:45:50.2832369Z [command]/usr/bin/git config --local --name-only --get-regexp ^includeIf\.gitdir:
handle-success	Checkout code	2026-02-18T21:45:50.2874808Z [command]/usr/bin/git submodule foreach --recursive git config --local --show-origin --name-only --get-regexp remote.origin.url
handle-success	Checkout code	2026-02-18T21:45:50.3209805Z [command]/usr/bin/git config --local http.https://github.com/.extraheader AUTHORIZATION: basic ***
handle-success	Checkout code	2026-02-18T21:45:50.3270110Z ##[endgroup]
handle-success	Checkout code	2026-02-18T21:45:50.3271121Z ##[group]Fetching the repository
handle-success	Checkout code	2026-02-18T21:45:50.3278815Z [command]/usr/bin/git -c protocol.version=2 fetch --prune --no-recurse-submodules origin +refs/heads/*:refs/remotes/origin/* +refs/tags/*:refs/tags/*
handle-success	Checkout code	2026-02-18T21:46:10.3341405Z From https://github.com/Ka0s-Klaus/ka0s
handle-success	Checkout code	2026-02-18T21:46:10.3342191Z  * [new branch]          F3450-modelo-operativo -> origin/F3450-modelo-operativo
handle-success	Checkout code	2026-02-18T21:46:10.3342861Z  * [new branch]          H1276-modulo-observabilidad -> origin/H1276-modulo-observabilidad
handle-success	Checkout code	2026-02-18T21:46:10.3343499Z  * [new branch]          H3266-deploy-zabbix    -> origin/H3266-deploy-zabbix
handle-success	Checkout code	2026-02-18T21:46:10.3344057Z  * [new branch]          H3596-deploy-itop      -> origin/H3596-deploy-itop
handle-success	Checkout code	2026-02-18T21:46:10.3344803Z  * [new branch]          main                   -> origin/main
handle-success	Checkout code	2026-02-18T21:46:10.3345273Z  * [new tag]             0.0.0                  -> 0.0.0
handle-success	Checkout code	2026-02-18T21:46:10.3345675Z  * [new tag]             0.0.1                  -> 0.0.1
handle-success	Checkout code	2026-02-18T21:46:10.3346094Z  * [new tag]             0.0.10                 -> 0.0.10
handle-success	Checkout code	2026-02-18T21:46:10.3346529Z  * [new tag]             0.0.100                -> 0.0.100
handle-success	Checkout code	2026-02-18T21:46:10.3347021Z  * [new tag]             0.0.101                -> 0.0.101
handle-success	Checkout code	2026-02-18T21:46:10.3347456Z  * [new tag]             0.0.102                -> 0.0.102
handle-success	Checkout code	2026-02-18T21:46:10.3347859Z  * [new tag]             0.0.103                -> 0.0.103
handle-success	Checkout code	2026-02-18T21:46:10.3348275Z  * [new tag]             0.0.104                -> 0.0.104
handle-success	Checkout code	2026-02-18T21:46:10.3348732Z  * [new tag]             0.0.105                -> 0.0.105
handle-success	Checkout code	2026-02-18T21:46:10.3349192Z  * [new tag]             0.0.106                -> 0.0.106
handle-success	Checkout code	2026-02-18T21:46:10.3349652Z  * [new tag]             0.0.107                -> 0.0.107
handle-success	Checkout code	2026-02-18T21:46:10.3350048Z  * [new tag]             0.0.108                -> 0.0.108
handle-success	Checkout code	2026-02-18T21:46:10.3350494Z  * [new tag]             0.0.109                -> 0.0.109
handle-success	Checkout code	2026-02-18T21:46:10.3350903Z  * [new tag]             0.0.11                 -> 0.0.11
handle-success	Checkout code	2026-02-18T21:46:10.3351312Z  * [new tag]             0.0.110                -> 0.0.110
handle-success	Checkout code	2026-02-18T21:46:10.3351711Z  * [new tag]             0.0.111                -> 0.0.111
handle-success	Checkout code	2026-02-18T21:46:10.3352640Z  * [new tag]             0.0.112                -> 0.0.112
handle-success	Checkout code	2026-02-18T21:46:10.3353047Z  * [new tag]             0.0.113                -> 0.0.113
handle-success	Checkout code	2026-02-18T21:46:10.3353457Z  * [new tag]             0.0.114                -> 0.0.114
handle-success	Checkout code	2026-02-18T21:46:10.3353856Z  * [new tag]             0.0.115                -> 0.0.115
handle-success	Checkout code	2026-02-18T21:46:10.3354253Z  * [new tag]             0.0.116                -> 0.0.116
handle-success	Checkout code	2026-02-18T21:46:10.3354895Z  * [new tag]             0.0.117                -> 0.0.117
handle-success	Checkout code	2026-02-18T21:46:10.3355315Z  * [new tag]             0.0.118                -> 0.0.118
handle-success	Checkout code	2026-02-18T21:46:10.3355819Z  * [new tag]             0.0.119                -> 0.0.119
handle-success	Checkout code	2026-02-18T21:46:10.3356281Z  * [new tag]             0.0.12                 -> 0.0.12
handle-success	Checkout code	2026-02-18T21:46:10.3356678Z  * [new tag]             0.0.120                -> 0.0.120
handle-success	Checkout code	2026-02-18T21:46:10.3357084Z  * [new tag]             0.0.121                -> 0.0.121
handle-success	Checkout code	2026-02-18T21:46:10.3357789Z  * [new tag]             0.0.122                -> 0.0.122
handle-success	Checkout code	2026-02-18T21:46:10.3358196Z  * [new tag]             0.0.123                -> 0.0.123
handle-success	Checkout code	2026-02-18T21:46:10.3358610Z  * [new tag]             0.0.124                -> 0.0.124
handle-success	Checkout code	2026-02-18T21:46:10.3359012Z  * [new tag]             0.0.125                -> 0.0.125
handle-success	Checkout code	2026-02-18T21:46:10.3359414Z  * [new tag]             0.0.126                -> 0.0.126
handle-success	Checkout code	2026-02-18T21:46:10.3359814Z  * [new tag]             0.0.127                -> 0.0.127
handle-success	Checkout code	2026-02-18T21:46:10.3360214Z  * [new tag]             0.0.128                -> 0.0.128
handle-success	Checkout code	2026-02-18T21:46:10.3360614Z  * [new tag]             0.0.129                -> 0.0.129
handle-success	Checkout code	2026-02-18T21:46:10.3361017Z  * [new tag]             0.0.13                 -> 0.0.13
handle-success	Checkout code	2026-02-18T21:46:10.3361419Z  * [new tag]             0.0.130                -> 0.0.130
handle-success	Checkout code	2026-02-18T21:46:10.3361881Z  * [new tag]             0.0.131                -> 0.0.131
handle-success	Checkout code	2026-02-18T21:46:10.3362286Z  * [new tag]             0.0.132                -> 0.0.132
handle-success	Checkout code	2026-02-18T21:46:10.3362706Z  * [new tag]             0.0.133                -> 0.0.133
handle-success	Checkout code	2026-02-18T21:46:10.3363105Z  * [new tag]             0.0.134                -> 0.0.134
handle-success	Checkout code	2026-02-18T21:46:10.3363510Z  * [new tag]             0.0.135                -> 0.0.135
handle-success	Checkout code	2026-02-18T21:46:10.3363915Z  * [new tag]             0.0.136                -> 0.0.136
handle-success	Checkout code	2026-02-18T21:46:10.3364320Z  * [new tag]             0.0.137                -> 0.0.137
handle-success	Checkout code	2026-02-18T21:46:10.3364874Z  * [new tag]             0.0.138                -> 0.0.138
handle-success	Checkout code	2026-02-18T21:46:10.3365281Z  * [new tag]             0.0.139                -> 0.0.139
handle-success	Checkout code	2026-02-18T21:46:10.3365687Z  * [new tag]             0.0.14                 -> 0.0.14
handle-success	Checkout code	2026-02-18T21:46:10.3366087Z  * [new tag]             0.0.140                -> 0.0.140
handle-success	Checkout code	2026-02-18T21:46:10.3437263Z  * [new tag]             0.0.141                -> 0.0.141
handle-success	Checkout code	2026-02-18T21:46:10.3438228Z  * [new tag]             0.0.142                -> 0.0.142
handle-success	Checkout code	2026-02-18T21:46:10.3438718Z  * [new tag]             0.0.143                -> 0.0.143
handle-success	Checkout code	2026-02-18T21:46:10.3439229Z  * [new tag]             0.0.144                -> 0.0.144
handle-success	Checkout code	2026-02-18T21:46:10.3439638Z  * [new tag]             0.0.145                -> 0.0.145
handle-success	Checkout code	2026-02-18T21:46:10.3440047Z  * [new tag]             0.0.146                -> 0.0.146
handle-success	Checkout code	2026-02-18T21:46:10.3440572Z  * [new tag]             0.0.147                -> 0.0.147
handle-success	Checkout code	2026-02-18T21:46:10.3440967Z  * [new tag]             0.0.148                -> 0.0.148
handle-success	Checkout code	2026-02-18T21:46:10.3441377Z  * [new tag]             0.0.149                -> 0.0.149
handle-success	Checkout code	2026-02-18T21:46:10.3441803Z  * [new tag]             0.0.15                 -> 0.0.15
handle-success	Checkout code	2026-02-18T21:46:10.3442333Z  * [new tag]             0.0.150                -> 0.0.150
handle-success	Checkout code	2026-02-18T21:46:10.3442777Z  * [new tag]             0.0.151                -> 0.0.151
handle-success	Checkout code	2026-02-18T21:46:10.3443216Z  * [new tag]             0.0.152                -> 0.0.152
handle-success	Checkout code	2026-02-18T21:46:10.3443746Z  * [new tag]             0.0.153                -> 0.0.153
handle-success	Checkout code	2026-02-18T21:46:10.3444472Z  * [new tag]             0.0.154                -> 0.0.154
handle-success	Checkout code	2026-02-18T21:46:10.3445272Z  * [new tag]             0.0.155                -> 0.0.155
handle-success	Checkout code	2026-02-18T21:46:10.3445661Z  * [new tag]             0.0.156                -> 0.0.156
handle-success	Checkout code	2026-02-18T21:46:10.3446053Z  * [new tag]             0.0.157                -> 0.0.157
handle-success	Checkout code	2026-02-18T21:46:10.3446455Z  * [new tag]             0.0.158                -> 0.0.158
handle-success	Checkout code	2026-02-18T21:46:10.3446859Z  * [new tag]             0.0.159                -> 0.0.159
handle-success	Checkout code	2026-02-18T21:46:10.3447262Z  * [new tag]             0.0.16                 -> 0.0.16
handle-success	Checkout code	2026-02-18T21:46:10.3447657Z  * [new tag]             0.0.160                -> 0.0.160
handle-success	Checkout code	2026-02-18T21:46:10.3448059Z  * [new tag]             0.0.161                -> 0.0.161
handle-success	Checkout code	2026-02-18T21:46:10.3448463Z  * [new tag]             0.0.162                -> 0.0.162
handle-success	Checkout code	2026-02-18T21:46:10.3448864Z  * [new tag]             0.0.163                -> 0.0.163
handle-success	Checkout code	2026-02-18T21:46:10.3449267Z  * [new tag]             0.0.164                -> 0.0.164
handle-success	Checkout code	2026-02-18T21:46:10.3449924Z  * [new tag]             0.0.165                -> 0.0.165
handle-success	Checkout code	2026-02-18T21:46:10.3450322Z  * [new tag]             0.0.166                -> 0.0.166
handle-success	Checkout code	2026-02-18T21:46:10.3450730Z  * [new tag]             0.0.167                -> 0.0.167
handle-success	Checkout code	2026-02-18T21:46:10.3451129Z  * [new tag]             0.0.168                -> 0.0.168
handle-success	Checkout code	2026-02-18T21:46:10.3451527Z  * [new tag]             0.0.169                -> 0.0.169
handle-success	Checkout code	2026-02-18T21:46:10.3451922Z  * [new tag]             0.0.17                 -> 0.0.17
handle-success	Checkout code	2026-02-18T21:46:10.3452328Z  * [new tag]             0.0.170                -> 0.0.170
handle-success	Checkout code	2026-02-18T21:46:10.3452751Z  * [new tag]             0.0.171                -> 0.0.171
handle-success	Checkout code	2026-02-18T21:46:10.3453385Z  * [new tag]             0.0.172                -> 0.0.172
handle-success	Checkout code	2026-02-18T21:46:10.3453794Z  * [new tag]             0.0.173                -> 0.0.173
handle-success	Checkout code	2026-02-18T21:46:10.3454195Z  * [new tag]             0.0.174                -> 0.0.174
handle-success	Checkout code	2026-02-18T21:46:10.3454989Z  * [new tag]             0.0.175                -> 0.0.175
handle-success	Checkout code	2026-02-18T21:46:10.3455541Z  * [new tag]             0.0.176                -> 0.0.176
handle-success	Checkout code	2026-02-18T21:46:10.3455928Z  * [new tag]             0.0.177                -> 0.0.177
handle-success	Checkout code	2026-02-18T21:46:10.3456314Z  * [new tag]             0.0.178                -> 0.0.178
handle-success	Checkout code	2026-02-18T21:46:10.3456702Z  * [new tag]             0.0.179                -> 0.0.179
handle-success	Checkout code	2026-02-18T21:46:10.3457093Z  * [new tag]             0.0.18                 -> 0.0.18
handle-success	Checkout code	2026-02-18T21:46:10.3457485Z  * [new tag]             0.0.19                 -> 0.0.19
handle-success	Checkout code	2026-02-18T21:46:10.3457872Z  * [new tag]             0.0.2                  -> 0.0.2
handle-success	Checkout code	2026-02-18T21:46:10.3458256Z  * [new tag]             0.0.20                 -> 0.0.20
handle-success	Checkout code	2026-02-18T21:46:10.3458645Z  * [new tag]             0.0.21                 -> 0.0.21
handle-success	Checkout code	2026-02-18T21:46:10.3459037Z  * [new tag]             0.0.22                 -> 0.0.22
handle-success	Checkout code	2026-02-18T21:46:10.3459429Z  * [new tag]             0.0.23                 -> 0.0.23
handle-success	Checkout code	2026-02-18T21:46:10.3459832Z  * [new tag]             0.0.24                 -> 0.0.24
handle-success	Checkout code	2026-02-18T21:46:10.3460223Z  * [new tag]             0.0.25                 -> 0.0.25
handle-success	Checkout code	2026-02-18T21:46:10.3460613Z  * [new tag]             0.0.26                 -> 0.0.26
handle-success	Checkout code	2026-02-18T21:46:10.3461006Z  * [new tag]             0.0.27                 -> 0.0.27
handle-success	Checkout code	2026-02-18T21:46:10.3461397Z  * [new tag]             0.0.28                 -> 0.0.28
handle-success	Checkout code	2026-02-18T21:46:10.3461789Z  * [new tag]             0.0.29                 -> 0.0.29
handle-success	Checkout code	2026-02-18T21:46:10.3462172Z  * [new tag]             0.0.3                  -> 0.0.3
handle-success	Checkout code	2026-02-18T21:46:10.3462561Z  * [new tag]             0.0.30                 -> 0.0.30
handle-success	Checkout code	2026-02-18T21:46:10.3462953Z  * [new tag]             0.0.31                 -> 0.0.31
handle-success	Checkout code	2026-02-18T21:46:10.3463340Z  * [new tag]             0.0.32                 -> 0.0.32
handle-success	Checkout code	2026-02-18T21:46:10.3463727Z  * [new tag]             0.0.33                 -> 0.0.33
handle-success	Checkout code	2026-02-18T21:46:10.3464114Z  * [new tag]             0.0.34                 -> 0.0.34
handle-success	Checkout code	2026-02-18T21:46:10.3465160Z  * [new tag]             0.0.35                 -> 0.0.35
handle-success	Checkout code	2026-02-18T21:46:10.3465680Z  * [new tag]             0.0.36                 -> 0.0.36
handle-success	Checkout code	2026-02-18T21:46:10.3466067Z  * [new tag]             0.0.37                 -> 0.0.37
handle-success	Checkout code	2026-02-18T21:46:10.3466451Z  * [new tag]             0.0.38                 -> 0.0.38
handle-success	Checkout code	2026-02-18T21:46:10.3466843Z  * [new tag]             0.0.39                 -> 0.0.39
handle-success	Checkout code	2026-02-18T21:46:10.3467229Z  * [new tag]             0.0.4                  -> 0.0.4
handle-success	Checkout code	2026-02-18T21:46:10.3467617Z  * [new tag]             0.0.40                 -> 0.0.40
handle-success	Checkout code	2026-02-18T21:46:10.3468008Z  * [new tag]             0.0.41                 -> 0.0.41
handle-success	Checkout code	2026-02-18T21:46:10.3468389Z  * [new tag]             0.0.42                 -> 0.0.42
handle-success	Checkout code	2026-02-18T21:46:10.3468779Z  * [new tag]             0.0.43                 -> 0.0.43
handle-success	Checkout code	2026-02-18T21:46:10.3469165Z  * [new tag]             0.0.44                 -> 0.0.44
handle-success	Checkout code	2026-02-18T21:46:10.3469550Z  * [new tag]             0.0.45                 -> 0.0.45
handle-success	Checkout code	2026-02-18T21:46:10.3470168Z  * [new tag]             0.0.46                 -> 0.0.46
handle-success	Checkout code	2026-02-18T21:46:10.3470562Z  * [new tag]             0.0.47                 -> 0.0.47
handle-success	Checkout code	2026-02-18T21:46:10.3470951Z  * [new tag]             0.0.48                 -> 0.0.48
handle-success	Checkout code	2026-02-18T21:46:10.3471347Z  * [new tag]             0.0.49                 -> 0.0.49
handle-success	Checkout code	2026-02-18T21:46:10.3471734Z  * [new tag]             0.0.5                  -> 0.0.5
handle-success	Checkout code	2026-02-18T21:46:10.3472114Z  * [new tag]             0.0.50                 -> 0.0.50
handle-success	Checkout code	2026-02-18T21:46:10.3472502Z  * [new tag]             0.0.51                 -> 0.0.51
handle-success	Checkout code	2026-02-18T21:46:10.3472888Z  * [new tag]             0.0.52                 -> 0.0.52
handle-success	Checkout code	2026-02-18T21:46:10.3473272Z  * [new tag]             0.0.53                 -> 0.0.53
handle-success	Checkout code	2026-02-18T21:46:10.3473662Z  * [new tag]             0.0.54                 -> 0.0.54
handle-success	Checkout code	2026-02-18T21:46:10.3474048Z  * [new tag]             0.0.55                 -> 0.0.55
handle-success	Checkout code	2026-02-18T21:46:10.3474438Z  * [new tag]             0.0.56                 -> 0.0.56
handle-success	Checkout code	2026-02-18T21:46:10.3475374Z  * [new tag]             0.0.57                 -> 0.0.57
handle-success	Checkout code	2026-02-18T21:46:10.3475898Z  * [new tag]             0.0.58                 -> 0.0.58
handle-success	Checkout code	2026-02-18T21:46:10.3476288Z  * [new tag]             0.0.59                 -> 0.0.59
handle-success	Checkout code	2026-02-18T21:46:10.3476670Z  * [new tag]             0.0.6                  -> 0.0.6
handle-success	Checkout code	2026-02-18T21:46:10.3477059Z  * [new tag]             0.0.60                 -> 0.0.60
handle-success	Checkout code	2026-02-18T21:46:10.3477450Z  * [new tag]             0.0.61                 -> 0.0.61
handle-success	Checkout code	2026-02-18T21:46:10.3477827Z  * [new tag]             0.0.62                 -> 0.0.62
handle-success	Checkout code	2026-02-18T21:46:10.3478205Z  * [new tag]             0.0.63                 -> 0.0.63
handle-success	Checkout code	2026-02-18T21:46:10.3478586Z  * [new tag]             0.0.64                 -> 0.0.64
handle-success	Checkout code	2026-02-18T21:46:10.3478967Z  * [new tag]             0.0.65                 -> 0.0.65
handle-success	Checkout code	2026-02-18T21:46:10.3479354Z  * [new tag]             0.0.66                 -> 0.0.66
handle-success	Checkout code	2026-02-18T21:46:10.3479747Z  * [new tag]             0.0.67                 -> 0.0.67
handle-success	Checkout code	2026-02-18T21:46:10.3480131Z  * [new tag]             0.0.68                 -> 0.0.68
handle-success	Checkout code	2026-02-18T21:46:10.3480512Z  * [new tag]             0.0.69                 -> 0.0.69
handle-success	Checkout code	2026-02-18T21:46:10.3480894Z  * [new tag]             0.0.7                  -> 0.0.7
handle-success	Checkout code	2026-02-18T21:46:10.3481276Z  * [new tag]             0.0.70                 -> 0.0.70
handle-success	Checkout code	2026-02-18T21:46:10.3481657Z  * [new tag]             0.0.71                 -> 0.0.71
handle-success	Checkout code	2026-02-18T21:46:10.3482034Z  * [new tag]             0.0.72                 -> 0.0.72
handle-success	Checkout code	2026-02-18T21:46:10.3482412Z  * [new tag]             0.0.73                 -> 0.0.73
handle-success	Checkout code	2026-02-18T21:46:10.3482790Z  * [new tag]             0.0.74                 -> 0.0.74
handle-success	Checkout code	2026-02-18T21:46:10.3483170Z  * [new tag]             0.0.75                 -> 0.0.75
handle-success	Checkout code	2026-02-18T21:46:10.3483544Z  * [new tag]             0.0.76                 -> 0.0.76
handle-success	Checkout code	2026-02-18T21:46:10.3483930Z  * [new tag]             0.0.77                 -> 0.0.77
handle-success	Checkout code	2026-02-18T21:46:10.3484572Z  * [new tag]             0.0.78                 -> 0.0.78
handle-success	Checkout code	2026-02-18T21:46:10.3485389Z  * [new tag]             0.0.79                 -> 0.0.79
handle-success	Checkout code	2026-02-18T21:46:10.3485903Z  * [new tag]             0.0.8                  -> 0.0.8
handle-success	Checkout code	2026-02-18T21:46:10.3486281Z  * [new tag]             0.0.80                 -> 0.0.80
handle-success	Checkout code	2026-02-18T21:46:10.3486661Z  * [new tag]             0.0.81                 -> 0.0.81
handle-success	Checkout code	2026-02-18T21:46:10.3487040Z  * [new tag]             0.0.82                 -> 0.0.82
handle-success	Checkout code	2026-02-18T21:46:10.3487415Z  * [new tag]             0.0.83                 -> 0.0.83
handle-success	Checkout code	2026-02-18T21:46:10.3487799Z  * [new tag]             0.0.84                 -> 0.0.84
handle-success	Checkout code	2026-02-18T21:46:10.3488175Z  * [new tag]             0.0.85                 -> 0.0.85
handle-success	Checkout code	2026-02-18T21:46:10.3488556Z  * [new tag]             0.0.86                 -> 0.0.86
handle-success	Checkout code	2026-02-18T21:46:10.3488937Z  * [new tag]             0.0.87                 -> 0.0.87
handle-success	Checkout code	2026-02-18T21:46:10.3489323Z  * [new tag]             0.0.88                 -> 0.0.88
handle-success	Checkout code	2026-02-18T21:46:10.3489914Z  * [new tag]             0.0.89                 -> 0.0.89
handle-success	Checkout code	2026-02-18T21:46:10.3490297Z  * [new tag]             0.0.9                  -> 0.0.9
handle-success	Checkout code	2026-02-18T21:46:10.3490678Z  * [new tag]             0.0.90                 -> 0.0.90
handle-success	Checkout code	2026-02-18T21:46:10.3491060Z  * [new tag]             0.0.91                 -> 0.0.91
handle-success	Checkout code	2026-02-18T21:46:10.3491438Z  * [new tag]             0.0.92                 -> 0.0.92
handle-success	Checkout code	2026-02-18T21:46:10.3491820Z  * [new tag]             0.0.93                 -> 0.0.93
handle-success	Checkout code	2026-02-18T21:46:10.3492199Z  * [new tag]             0.0.94                 -> 0.0.94
handle-success	Checkout code	2026-02-18T21:46:10.3492585Z  * [new tag]             0.0.95                 -> 0.0.95
handle-success	Checkout code	2026-02-18T21:46:10.3492966Z  * [new tag]             0.0.96                 -> 0.0.96
handle-success	Checkout code	2026-02-18T21:46:10.3493344Z  * [new tag]             0.0.97                 -> 0.0.97
handle-success	Checkout code	2026-02-18T21:46:10.3493724Z  * [new tag]             0.0.98                 -> 0.0.98
handle-success	Checkout code	2026-02-18T21:46:10.3494108Z  * [new tag]             0.0.99                 -> 0.0.99
handle-success	Checkout code	2026-02-18T21:46:10.3494559Z  * [new tag]             0.1.0                  -> 0.1.0
handle-success	Checkout code	2026-02-18T21:46:10.3495366Z  * [new tag]             0.1.1                  -> 0.1.1
handle-success	Checkout code	2026-02-18T21:46:10.3495867Z  * [new tag]             0.2.0                  -> 0.2.0
handle-success	Checkout code	2026-02-18T21:46:10.3496247Z  * [new tag]             0.3.0                  -> 0.3.0
handle-success	Checkout code	2026-02-18T21:46:10.3496625Z  * [new tag]             0.3.1                  -> 0.3.1
handle-success	Checkout code	2026-02-18T21:46:10.3497009Z  * [new tag]             0.3.10                 -> 0.3.10
handle-success	Checkout code	2026-02-18T21:46:10.3497391Z  * [new tag]             0.3.11                 -> 0.3.11
handle-success	Checkout code	2026-02-18T21:46:10.3497789Z  * [new tag]             0.3.12                 -> 0.3.12
handle-success	Checkout code	2026-02-18T21:46:10.3498171Z  * [new tag]             0.3.13                 -> 0.3.13
handle-success	Checkout code	2026-02-18T21:46:10.3498552Z  * [new tag]             0.3.14                 -> 0.3.14
handle-success	Checkout code	2026-02-18T21:46:10.3498931Z  * [new tag]             0.3.15                 -> 0.3.15
handle-success	Checkout code	2026-02-18T21:46:10.3499311Z  * [new tag]             0.3.16                 -> 0.3.16
handle-success	Checkout code	2026-02-18T21:46:10.3499715Z  * [new tag]             0.3.17                 -> 0.3.17
handle-success	Checkout code	2026-02-18T21:46:10.3500104Z  * [new tag]             0.3.2                  -> 0.3.2
handle-success	Checkout code	2026-02-18T21:46:10.3500479Z  * [new tag]             0.3.3                  -> 0.3.3
handle-success	Checkout code	2026-02-18T21:46:10.3500856Z  * [new tag]             0.3.4                  -> 0.3.4
handle-success	Checkout code	2026-02-18T21:46:10.3501235Z  * [new tag]             0.3.5                  -> 0.3.5
handle-success	Checkout code	2026-02-18T21:46:10.3501616Z  * [new tag]             0.3.6                  -> 0.3.6
handle-success	Checkout code	2026-02-18T21:46:10.3502139Z  * [new tag]             0.3.7                  -> 0.3.7
handle-success	Checkout code	2026-02-18T21:46:10.3502639Z  * [new tag]             0.3.8                  -> 0.3.8
handle-success	Checkout code	2026-02-18T21:46:10.3503018Z  * [new tag]             0.3.9                  -> 0.3.9
handle-success	Checkout code	2026-02-18T21:46:10.3503398Z  * [new tag]             0.4.0                  -> 0.4.0
handle-success	Checkout code	2026-02-18T21:46:10.3503772Z  * [new tag]             0.4.1                  -> 0.4.1
handle-success	Checkout code	2026-02-18T21:46:10.3504397Z  * [new tag]             0.4.2                  -> 0.4.2
handle-success	Checkout code	2026-02-18T21:46:10.3505329Z  * [new tag]             0.4.3                  -> 0.4.3
handle-success	Checkout code	2026-02-18T21:46:10.3505849Z  * [new tag]             0.4.4                  -> 0.4.4
handle-success	Checkout code	2026-02-18T21:46:10.3506228Z  * [new tag]             0.4.5                  -> 0.4.5
handle-success	Checkout code	2026-02-18T21:46:10.3506604Z  * [new tag]             0.4.6                  -> 0.4.6
handle-success	Checkout code	2026-02-18T21:46:10.3506973Z  * [new tag]             0.4.7                  -> 0.4.7
handle-success	Checkout code	2026-02-18T21:46:10.3507351Z  * [new tag]             0.4.8                  -> 0.4.8
handle-success	Checkout code	2026-02-18T21:46:10.3507732Z  * [new tag]             0.4.9                  -> 0.4.9
handle-success	Checkout code	2026-02-18T21:46:10.3508109Z  * [new tag]             0.5.0                  -> 0.5.0
handle-success	Checkout code	2026-02-18T21:46:10.3508485Z  * [new tag]             0.5.1                  -> 0.5.1
handle-success	Checkout code	2026-02-18T21:46:10.3508856Z  * [new tag]             0.5.2                  -> 0.5.2
handle-success	Checkout code	2026-02-18T21:46:10.3509229Z  * [new tag]             0.6.0                  -> 0.6.0
handle-success	Checkout code	2026-02-18T21:46:10.3509623Z  * [new tag]             0.6.1                  -> 0.6.1
handle-success	Checkout code	2026-02-18T21:46:10.3510253Z  * [new tag]             0.6.2                  -> 0.6.2
handle-success	Checkout code	2026-02-18T21:46:10.3730073Z [command]/usr/bin/git branch --list --remote origin/main
handle-success	Checkout code	2026-02-18T21:46:10.3809418Z   origin/main
handle-success	Checkout code	2026-02-18T21:46:10.3821126Z [command]/usr/bin/git rev-parse refs/remotes/origin/main
handle-success	Checkout code	2026-02-18T21:46:10.3851135Z fbbb8fc5f3c2db4c3859e5012e21fd1b4c257cef
handle-success	Checkout code	2026-02-18T21:46:10.3864687Z [command]/usr/bin/git -c protocol.version=2 fetch --no-tags --prune --no-recurse-submodules origin +e8e294c5e1b51e46c1cc47a9cb61bb020a20d09c:refs/remotes/origin/main
handle-success	Checkout code	2026-02-18T21:46:10.4049262Z From https://github.com/Ka0s-Klaus/ka0s
handle-success	Checkout code	2026-02-18T21:46:10.4050006Z  + fbbb8fc5f...e8e294c5e e8e294c5e1b51e46c1cc47a9cb61bb020a20d09c -> origin/main  (forced update)
handle-success	Checkout code	2026-02-18T21:46:10.4087204Z ##[endgroup]
handle-success	Checkout code	2026-02-18T21:46:10.4087797Z ##[group]Determining the checkout info
handle-success	Checkout code	2026-02-18T21:46:10.4088396Z ##[endgroup]
handle-success	Checkout code	2026-02-18T21:46:10.4093942Z [command]/usr/bin/git sparse-checkout disable
handle-success	Checkout code	2026-02-18T21:46:10.4146030Z [command]/usr/bin/git config --local --unset-all extensions.worktreeConfig
handle-success	Checkout code	2026-02-18T21:46:10.4186087Z ##[group]Checking out the ref
handle-success	Checkout code	2026-02-18T21:46:10.4195484Z [command]/usr/bin/git checkout --progress --force -B main refs/remotes/origin/main
handle-success	Checkout code	2026-02-18T21:46:10.6682742Z Switched to a new branch 'main'
handle-success	Checkout code	2026-02-18T21:46:10.6699823Z branch 'main' set up to track 'origin/main'.
handle-success	Checkout code	2026-02-18T21:46:10.6735242Z ##[endgroup]
handle-success	Checkout code	2026-02-18T21:46:10.6798740Z [command]/usr/bin/git log -1 --format=%H
handle-success	Checkout code	2026-02-18T21:46:10.6835887Z e8e294c5e1b51e46c1cc47a9cb61bb020a20d09c
handle-success	handle-success-execution	Ôªø2026-02-18T21:46:10.7089696Z ##[group]Run # Si todo ha ido correcto a√±adimos el contenido del fichero 
handle-success	handle-success-execution	2026-02-18T21:46:10.7090304Z [36;1m# Si todo ha ido correcto a√±adimos el contenido del fichero [0m
handle-success	handle-success-execution	2026-02-18T21:46:10.7090733Z [36;1mecho "Process completed successfully 22158855567"[0m
handle-success	handle-success-execution	2026-02-18T21:46:10.7091138Z [36;1m# RNNUMBER=$(echo "refs/heads/main" | grep -o '[0-9]*')[0m
handle-success	handle-success-execution	2026-02-18T21:46:10.7091930Z [36;1m# gh issue comment $RNNUMBER --body "El proceso ha finalizado correctamente 22158855567. El resultado est√° en el fichero core/results/event_data_22158855567.log"[0m
handle-success	handle-success-execution	2026-02-18T21:46:10.7109717Z shell: /usr/bin/bash -e {0}
handle-success	handle-success-execution	2026-02-18T21:46:10.7109983Z env:
handle-success	handle-success-execution	2026-02-18T21:46:10.7110287Z   PYTHON_VERSION: 3.9
handle-success	handle-success-execution	2026-02-18T21:46:10.7111192Z   MONGO_SUPERUSER_CONNECTION: ***
handle-success	handle-success-execution	2026-02-18T21:46:10.7111564Z   MONGO_NEW_PASS: ***
handle-success	handle-success-execution	2026-02-18T21:46:10.7111877Z   MONGO_SCRIPT_CREATE: devops/core/mongo/scripts/mongodb_status_report.py
handle-success	handle-success-execution	2026-02-18T21:46:10.7112247Z   KAOS_CODE: 22158855567
handle-success	handle-success-execution	2026-02-18T21:46:10.7112460Z   REPORT_SCAN: audit/
handle-success	handle-success-execution	2026-02-18T21:46:10.7112715Z   REPORT_PATH: audit/mongodb/
handle-success	handle-success-execution	2026-02-18T21:46:10.7112952Z   REPORT_FILENAME: 22158855567.json
handle-success	handle-success-execution	2026-02-18T21:46:10.7113213Z   KAOS_MODULE: [Ka0s] Status MongDB Report
handle-success	handle-success-execution	2026-02-18T21:46:10.7113568Z   GH_TOKEN: ***
handle-success	handle-success-execution	2026-02-18T21:46:10.7113763Z ##[endgroup]
handle-success	handle-success-execution	2026-02-18T21:46:10.7178571Z Process completed successfully 22158855567
handle-success	Post Checkout code	Ôªø2026-02-18T21:46:10.7330791Z Post job cleanup.
handle-success	Post Checkout code	2026-02-18T21:46:10.8399066Z [command]/usr/bin/git version
handle-success	Post Checkout code	2026-02-18T21:46:10.8446076Z git version 2.52.0
handle-success	Post Checkout code	2026-02-18T21:46:10.8497001Z Temporarily overriding HOME='/home/runner/_work/_temp/ab285426-a4d6-4b0c-8edd-8aa28d89fd03' before making global git config changes
handle-success	Post Checkout code	2026-02-18T21:46:10.8498312Z Adding repository directory to the temporary git global config as a safe directory
handle-success	Post Checkout code	2026-02-18T21:46:10.8504167Z [command]/usr/bin/git config --global --add safe.directory /home/runner/_work/ka0s/ka0s
handle-success	Post Checkout code	2026-02-18T21:46:10.8562711Z [command]/usr/bin/git config --local --name-only --get-regexp core\.sshCommand
handle-success	Post Checkout code	2026-02-18T21:46:10.8610476Z [command]/usr/bin/git submodule foreach --recursive sh -c "git config --local --name-only --get-regexp 'core\.sshCommand' && git config --local --unset-all 'core.sshCommand' || :"
handle-success	Post Checkout code	2026-02-18T21:46:10.8961163Z [command]/usr/bin/git config --local --name-only --get-regexp http\.https\:\/\/github\.com\/\.extraheader
handle-success	Post Checkout code	2026-02-18T21:46:10.8993563Z http.https://github.com/.extraheader
handle-success	Post Checkout code	2026-02-18T21:46:10.9008210Z [command]/usr/bin/git config --local --unset-all http.https://github.com/.extraheader
handle-success	Post Checkout code	2026-02-18T21:46:10.9055920Z [command]/usr/bin/git submodule foreach --recursive sh -c "git config --local --name-only --get-regexp 'http\.https\:\/\/github\.com\/\.extraheader' && git config --local --unset-all 'http.https://github.com/.extraheader' || :"
handle-success	Post Checkout code	2026-02-18T21:46:10.9393521Z [command]/usr/bin/git config --local --name-only --get-regexp ^includeIf\.gitdir:
handle-success	Post Checkout code	2026-02-18T21:46:10.9438143Z [command]/usr/bin/git submodule foreach --recursive git config --local --show-origin --name-only --get-regexp remote.origin.url
handle-success	Complete job	Ôªø2026-02-18T21:46:10.9923792Z Cleaning up orphan processes
end-workflow	Set up job	Ôªø2026-02-18T21:46:24.0306561Z Current runner version: '2.331.0'
end-workflow	Set up job	2026-02-18T21:46:24.0317769Z Runner name: 'swarm-runners-scaleset-hkss5-runner-d5tfl'
end-workflow	Set up job	2026-02-18T21:46:24.0318887Z Runner group name: 'Default'
end-workflow	Set up job	2026-02-18T21:46:24.0320010Z Machine name: 'swarm-runners-scaleset-hkss5-runner-d5tfl'
end-workflow	Set up job	2026-02-18T21:46:24.0326715Z ##[group]GITHUB_TOKEN Permissions
end-workflow	Set up job	2026-02-18T21:46:24.0329571Z Actions: write
end-workflow	Set up job	2026-02-18T21:46:24.0330181Z Contents: write
end-workflow	Set up job	2026-02-18T21:46:24.0330906Z Issues: write
end-workflow	Set up job	2026-02-18T21:46:24.0331664Z Metadata: read
end-workflow	Set up job	2026-02-18T21:46:24.0332236Z PullRequests: write
end-workflow	Set up job	2026-02-18T21:46:24.0332910Z ##[endgroup]
end-workflow	Set up job	2026-02-18T21:46:24.0335889Z Secret source: Actions
end-workflow	Set up job	2026-02-18T21:46:24.0336670Z Prepare workflow directory
end-workflow	Set up job	2026-02-18T21:46:24.0939800Z Prepare all required actions
end-workflow	Set up job	2026-02-18T21:46:24.0986445Z Getting action download info
end-workflow	Set up job	2026-02-18T21:46:24.6609972Z Download action repository 'actions/checkout@v4' (SHA:34e114876b0b11c390a56381ad16ebd13914f8d5)
end-workflow	Set up job	2026-02-18T21:46:25.5589597Z Complete job name: end-workflow
end-workflow	Checkout Repository	Ôªø2026-02-18T21:46:25.6445899Z ##[group]Run actions/checkout@v4
end-workflow	Checkout Repository	2026-02-18T21:46:25.6446943Z with:
end-workflow	Checkout Repository	2026-02-18T21:46:25.6447408Z   fetch-depth: 0
end-workflow	Checkout Repository	2026-02-18T21:46:25.6447918Z   repository: Ka0s-Klaus/ka0s
end-workflow	Checkout Repository	2026-02-18T21:46:25.6448726Z   token: ***
end-workflow	Checkout Repository	2026-02-18T21:46:25.6449181Z   ssh-strict: true
end-workflow	Checkout Repository	2026-02-18T21:46:25.6449658Z   ssh-user: git
end-workflow	Checkout Repository	2026-02-18T21:46:25.6450131Z   persist-credentials: true
end-workflow	Checkout Repository	2026-02-18T21:46:25.6450653Z   clean: true
end-workflow	Checkout Repository	2026-02-18T21:46:25.6451155Z   sparse-checkout-cone-mode: true
end-workflow	Checkout Repository	2026-02-18T21:46:25.6451796Z   fetch-tags: false
end-workflow	Checkout Repository	2026-02-18T21:46:25.6452290Z   show-progress: true
end-workflow	Checkout Repository	2026-02-18T21:46:25.6452801Z   lfs: false
end-workflow	Checkout Repository	2026-02-18T21:46:25.6453251Z   submodules: false
end-workflow	Checkout Repository	2026-02-18T21:46:25.6453762Z   set-safe-directory: true
end-workflow	Checkout Repository	2026-02-18T21:46:25.6455048Z env:
end-workflow	Checkout Repository	2026-02-18T21:46:25.6455715Z   PYTHON_VERSION: 3.9
end-workflow	Checkout Repository	2026-02-18T21:46:25.6457131Z   MONGO_SUPERUSER_CONNECTION: ***
end-workflow	Checkout Repository	2026-02-18T21:46:25.6458052Z   MONGO_NEW_PASS: ***
end-workflow	Checkout Repository	2026-02-18T21:46:25.6458768Z   MONGO_SCRIPT_CREATE: devops/core/mongo/scripts/mongodb_status_report.py
end-workflow	Checkout Repository	2026-02-18T21:46:25.6459679Z   KAOS_CODE: 22158855567
end-workflow	Checkout Repository	2026-02-18T21:46:25.6460181Z   REPORT_SCAN: audit/
end-workflow	Checkout Repository	2026-02-18T21:46:25.6460676Z   REPORT_PATH: audit/mongodb/
end-workflow	Checkout Repository	2026-02-18T21:46:25.6461228Z   REPORT_FILENAME: 22158855567.json
end-workflow	Checkout Repository	2026-02-18T21:46:25.6461824Z   KAOS_MODULE: [Ka0s] Status MongDB Report
end-workflow	Checkout Repository	2026-02-18T21:46:25.6462426Z ##[endgroup]
end-workflow	Checkout Repository	2026-02-18T21:46:25.7940277Z Syncing repository: Ka0s-Klaus/ka0s
end-workflow	Checkout Repository	2026-02-18T21:46:25.7943172Z ##[group]Getting Git version info
end-workflow	Checkout Repository	2026-02-18T21:46:25.7944049Z Working directory is '/home/runner/_work/ka0s/ka0s'
end-workflow	Checkout Repository	2026-02-18T21:46:25.7945555Z [command]/usr/bin/git version
end-workflow	Checkout Repository	2026-02-18T21:46:25.7946119Z git version 2.52.0
end-workflow	Checkout Repository	2026-02-18T21:46:25.7948037Z ##[endgroup]
end-workflow	Checkout Repository	2026-02-18T21:46:25.7955632Z Temporarily overriding HOME='/home/runner/_work/_temp/73d4e052-765f-4352-93ab-8605edfede93' before making global git config changes
end-workflow	Checkout Repository	2026-02-18T21:46:25.7957619Z Adding repository directory to the temporary git global config as a safe directory
end-workflow	Checkout Repository	2026-02-18T21:46:25.7971249Z [command]/usr/bin/git config --global --add safe.directory /home/runner/_work/ka0s/ka0s
end-workflow	Checkout Repository	2026-02-18T21:46:25.8018024Z Deleting the contents of '/home/runner/_work/ka0s/ka0s'
end-workflow	Checkout Repository	2026-02-18T21:46:25.8022343Z ##[group]Initializing the repository
end-workflow	Checkout Repository	2026-02-18T21:46:25.8028149Z [command]/usr/bin/git init /home/runner/_work/ka0s/ka0s
end-workflow	Checkout Repository	2026-02-18T21:46:25.8170808Z hint: Using 'master' as the name for the initial branch. This default branch name
end-workflow	Checkout Repository	2026-02-18T21:46:25.8184383Z hint: will change to "main" in Git 3.0. To configure the initial branch name
end-workflow	Checkout Repository	2026-02-18T21:46:25.8188516Z hint: to use in all of your new repositories, which will suppress this warning,
end-workflow	Checkout Repository	2026-02-18T21:46:25.8190216Z hint: call:
end-workflow	Checkout Repository	2026-02-18T21:46:25.8190917Z hint:
end-workflow	Checkout Repository	2026-02-18T21:46:25.8191802Z hint: 	git config --global init.defaultBranch <name>
end-workflow	Checkout Repository	2026-02-18T21:46:25.8193552Z hint:
end-workflow	Checkout Repository	2026-02-18T21:46:25.8194317Z hint: Names commonly chosen instead of 'master' are 'main', 'trunk' and
end-workflow	Checkout Repository	2026-02-18T21:46:25.8196025Z hint: 'development'. The just-created branch can be renamed via this command:
end-workflow	Checkout Repository	2026-02-18T21:46:25.8199677Z hint:
end-workflow	Checkout Repository	2026-02-18T21:46:25.8200157Z hint: 	git branch -m <name>
end-workflow	Checkout Repository	2026-02-18T21:46:25.8200692Z hint:
end-workflow	Checkout Repository	2026-02-18T21:46:25.8201402Z hint: Disable this message with "git config set advice.defaultBranchName false"
end-workflow	Checkout Repository	2026-02-18T21:46:25.8202629Z Initialized empty Git repository in /home/runner/_work/ka0s/ka0s/.git/
end-workflow	Checkout Repository	2026-02-18T21:46:25.8208056Z [command]/usr/bin/git remote add origin https://github.com/Ka0s-Klaus/ka0s
end-workflow	Checkout Repository	2026-02-18T21:46:25.8210311Z ##[endgroup]
end-workflow	Checkout Repository	2026-02-18T21:46:25.8211281Z ##[group]Disabling automatic garbage collection
end-workflow	Checkout Repository	2026-02-18T21:46:25.8212043Z [command]/usr/bin/git config --local gc.auto 0
end-workflow	Checkout Repository	2026-02-18T21:46:25.8250167Z ##[endgroup]
end-workflow	Checkout Repository	2026-02-18T21:46:25.8251307Z ##[group]Setting up auth
end-workflow	Checkout Repository	2026-02-18T21:46:25.8253850Z [command]/usr/bin/git config --local --name-only --get-regexp core\.sshCommand
end-workflow	Checkout Repository	2026-02-18T21:46:25.8300810Z [command]/usr/bin/git submodule foreach --recursive sh -c "git config --local --name-only --get-regexp 'core\.sshCommand' && git config --local --unset-all 'core.sshCommand' || :"
end-workflow	Checkout Repository	2026-02-18T21:46:25.8649854Z [command]/usr/bin/git config --local --name-only --get-regexp http\.https\:\/\/github\.com\/\.extraheader
end-workflow	Checkout Repository	2026-02-18T21:46:25.8706719Z [command]/usr/bin/git submodule foreach --recursive sh -c "git config --local --name-only --get-regexp 'http\.https\:\/\/github\.com\/\.extraheader' && git config --local --unset-all 'http.https://github.com/.extraheader' || :"
end-workflow	Checkout Repository	2026-02-18T21:46:25.9059328Z [command]/usr/bin/git config --local --name-only --get-regexp ^includeIf\.gitdir:
end-workflow	Checkout Repository	2026-02-18T21:46:25.9106558Z [command]/usr/bin/git submodule foreach --recursive git config --local --show-origin --name-only --get-regexp remote.origin.url
end-workflow	Checkout Repository	2026-02-18T21:46:25.9453462Z [command]/usr/bin/git config --local http.https://github.com/.extraheader AUTHORIZATION: basic ***
end-workflow	Checkout Repository	2026-02-18T21:46:25.9516164Z ##[endgroup]
end-workflow	Checkout Repository	2026-02-18T21:46:25.9517160Z ##[group]Fetching the repository
end-workflow	Checkout Repository	2026-02-18T21:46:25.9521351Z [command]/usr/bin/git -c protocol.version=2 fetch --prune --no-recurse-submodules origin +refs/heads/*:refs/remotes/origin/* +refs/tags/*:refs/tags/*
end-workflow	Checkout Repository	2026-02-18T21:46:45.6451840Z From https://github.com/Ka0s-Klaus/ka0s
end-workflow	Checkout Repository	2026-02-18T21:46:45.6452586Z  * [new branch]          F3450-modelo-operativo -> origin/F3450-modelo-operativo
end-workflow	Checkout Repository	2026-02-18T21:46:45.6453263Z  * [new branch]          H1276-modulo-observabilidad -> origin/H1276-modulo-observabilidad
end-workflow	Checkout Repository	2026-02-18T21:46:45.6454062Z  * [new branch]          H3266-deploy-zabbix    -> origin/H3266-deploy-zabbix
end-workflow	Checkout Repository	2026-02-18T21:46:45.6454816Z  * [new branch]          H3596-deploy-itop      -> origin/H3596-deploy-itop
end-workflow	Checkout Repository	2026-02-18T21:46:45.6455341Z  * [new branch]          main                   -> origin/main
end-workflow	Checkout Repository	2026-02-18T21:46:45.6455782Z  * [new tag]             0.0.0                  -> 0.0.0
end-workflow	Checkout Repository	2026-02-18T21:46:45.6456189Z  * [new tag]             0.0.1                  -> 0.0.1
end-workflow	Checkout Repository	2026-02-18T21:46:45.6456611Z  * [new tag]             0.0.10                 -> 0.0.10
end-workflow	Checkout Repository	2026-02-18T21:46:45.6457022Z  * [new tag]             0.0.100                -> 0.0.100
end-workflow	Checkout Repository	2026-02-18T21:46:45.6457507Z  * [new tag]             0.0.101                -> 0.0.101
end-workflow	Checkout Repository	2026-02-18T21:46:45.6457950Z  * [new tag]             0.0.102                -> 0.0.102
end-workflow	Checkout Repository	2026-02-18T21:46:45.6458349Z  * [new tag]             0.0.103                -> 0.0.103
end-workflow	Checkout Repository	2026-02-18T21:46:45.6458787Z  * [new tag]             0.0.104                -> 0.0.104
end-workflow	Checkout Repository	2026-02-18T21:46:45.6459248Z  * [new tag]             0.0.105                -> 0.0.105
end-workflow	Checkout Repository	2026-02-18T21:46:45.6459692Z  * [new tag]             0.0.106                -> 0.0.106
end-workflow	Checkout Repository	2026-02-18T21:46:45.6460091Z  * [new tag]             0.0.107                -> 0.0.107
end-workflow	Checkout Repository	2026-02-18T21:46:45.6460492Z  * [new tag]             0.0.108                -> 0.0.108
end-workflow	Checkout Repository	2026-02-18T21:46:45.6460891Z  * [new tag]             0.0.109                -> 0.0.109
end-workflow	Checkout Repository	2026-02-18T21:46:45.6461291Z  * [new tag]             0.0.11                 -> 0.0.11
end-workflow	Checkout Repository	2026-02-18T21:46:45.6461692Z  * [new tag]             0.0.110                -> 0.0.110
end-workflow	Checkout Repository	2026-02-18T21:46:45.6462091Z  * [new tag]             0.0.111                -> 0.0.111
end-workflow	Checkout Repository	2026-02-18T21:46:45.6462990Z  * [new tag]             0.0.112                -> 0.0.112
end-workflow	Checkout Repository	2026-02-18T21:46:45.6463398Z  * [new tag]             0.0.113                -> 0.0.113
end-workflow	Checkout Repository	2026-02-18T21:46:45.6463799Z  * [new tag]             0.0.114                -> 0.0.114
end-workflow	Checkout Repository	2026-02-18T21:46:45.6464200Z  * [new tag]             0.0.115                -> 0.0.115
end-workflow	Checkout Repository	2026-02-18T21:46:45.6464744Z  * [new tag]             0.0.116                -> 0.0.116
end-workflow	Checkout Repository	2026-02-18T21:46:45.6465163Z  * [new tag]             0.0.117                -> 0.0.117
end-workflow	Checkout Repository	2026-02-18T21:46:45.6465685Z  * [new tag]             0.0.118                -> 0.0.118
end-workflow	Checkout Repository	2026-02-18T21:46:45.6466157Z  * [new tag]             0.0.119                -> 0.0.119
end-workflow	Checkout Repository	2026-02-18T21:46:45.6466614Z  * [new tag]             0.0.12                 -> 0.0.12
end-workflow	Checkout Repository	2026-02-18T21:46:45.6467005Z  * [new tag]             0.0.120                -> 0.0.120
end-workflow	Checkout Repository	2026-02-18T21:46:45.6467547Z  * [new tag]             0.0.121                -> 0.0.121
end-workflow	Checkout Repository	2026-02-18T21:46:45.6468507Z  * [new tag]             0.0.122                -> 0.0.122
end-workflow	Checkout Repository	2026-02-18T21:46:45.6469033Z  * [new tag]             0.0.123                -> 0.0.123
end-workflow	Checkout Repository	2026-02-18T21:46:45.6469558Z  * [new tag]             0.0.124                -> 0.0.124
end-workflow	Checkout Repository	2026-02-18T21:46:45.6469951Z  * [new tag]             0.0.125                -> 0.0.125
end-workflow	Checkout Repository	2026-02-18T21:46:45.6470342Z  * [new tag]             0.0.126                -> 0.0.126
end-workflow	Checkout Repository	2026-02-18T21:46:45.6470849Z  * [new tag]             0.0.127                -> 0.0.127
end-workflow	Checkout Repository	2026-02-18T21:46:45.6471237Z  * [new tag]             0.0.128                -> 0.0.128
end-workflow	Checkout Repository	2026-02-18T21:46:45.6471626Z  * [new tag]             0.0.129                -> 0.0.129
end-workflow	Checkout Repository	2026-02-18T21:46:45.6472016Z  * [new tag]             0.0.13                 -> 0.0.13
end-workflow	Checkout Repository	2026-02-18T21:46:45.6472403Z  * [new tag]             0.0.130                -> 0.0.130
end-workflow	Checkout Repository	2026-02-18T21:46:45.6472793Z  * [new tag]             0.0.131                -> 0.0.131
end-workflow	Checkout Repository	2026-02-18T21:46:45.6473315Z  * [new tag]             0.0.132                -> 0.0.132
end-workflow	Checkout Repository	2026-02-18T21:46:45.6473753Z  * [new tag]             0.0.133                -> 0.0.133
end-workflow	Checkout Repository	2026-02-18T21:46:45.6474156Z  * [new tag]             0.0.134                -> 0.0.134
end-workflow	Checkout Repository	2026-02-18T21:46:45.6474664Z  * [new tag]             0.0.135                -> 0.0.135
end-workflow	Checkout Repository	2026-02-18T21:46:45.6475156Z  * [new tag]             0.0.136                -> 0.0.136
end-workflow	Checkout Repository	2026-02-18T21:46:45.6475555Z  * [new tag]             0.0.137                -> 0.0.137
end-workflow	Checkout Repository	2026-02-18T21:46:45.6475956Z  * [new tag]             0.0.138                -> 0.0.138
end-workflow	Checkout Repository	2026-02-18T21:46:45.6476355Z  * [new tag]             0.0.139                -> 0.0.139
end-workflow	Checkout Repository	2026-02-18T21:46:45.6476749Z  * [new tag]             0.0.14                 -> 0.0.14
end-workflow	Checkout Repository	2026-02-18T21:46:45.6477146Z  * [new tag]             0.0.140                -> 0.0.140
end-workflow	Checkout Repository	2026-02-18T21:46:45.6477547Z  * [new tag]             0.0.141                -> 0.0.141
end-workflow	Checkout Repository	2026-02-18T21:46:45.6477944Z  * [new tag]             0.0.142                -> 0.0.142
end-workflow	Checkout Repository	2026-02-18T21:46:45.6478337Z  * [new tag]             0.0.143                -> 0.0.143
end-workflow	Checkout Repository	2026-02-18T21:46:45.6550264Z  * [new tag]             0.0.144                -> 0.0.144
end-workflow	Checkout Repository	2026-02-18T21:46:45.6550902Z  * [new tag]             0.0.145                -> 0.0.145
end-workflow	Checkout Repository	2026-02-18T21:46:45.6551340Z  * [new tag]             0.0.146                -> 0.0.146
end-workflow	Checkout Repository	2026-02-18T21:46:45.6551744Z  * [new tag]             0.0.147                -> 0.0.147
end-workflow	Checkout Repository	2026-02-18T21:46:45.6552146Z  * [new tag]             0.0.148                -> 0.0.148
end-workflow	Checkout Repository	2026-02-18T21:46:45.6552552Z  * [new tag]             0.0.149                -> 0.0.149
end-workflow	Checkout Repository	2026-02-18T21:46:45.6552949Z  * [new tag]             0.0.15                 -> 0.0.15
end-workflow	Checkout Repository	2026-02-18T21:46:45.6553358Z  * [new tag]             0.0.150                -> 0.0.150
end-workflow	Checkout Repository	2026-02-18T21:46:45.6553802Z  * [new tag]             0.0.151                -> 0.0.151
end-workflow	Checkout Repository	2026-02-18T21:46:45.6554252Z  * [new tag]             0.0.152                -> 0.0.152
end-workflow	Checkout Repository	2026-02-18T21:46:45.6554815Z  * [new tag]             0.0.153                -> 0.0.153
end-workflow	Checkout Repository	2026-02-18T21:46:45.6555701Z  * [new tag]             0.0.154                -> 0.0.154
end-workflow	Checkout Repository	2026-02-18T21:46:45.6556094Z  * [new tag]             0.0.155                -> 0.0.155
end-workflow	Checkout Repository	2026-02-18T21:46:45.6556481Z  * [new tag]             0.0.156                -> 0.0.156
end-workflow	Checkout Repository	2026-02-18T21:46:45.6556868Z  * [new tag]             0.0.157                -> 0.0.157
end-workflow	Checkout Repository	2026-02-18T21:46:45.6557271Z  * [new tag]             0.0.158                -> 0.0.158
end-workflow	Checkout Repository	2026-02-18T21:46:45.6557668Z  * [new tag]             0.0.159                -> 0.0.159
end-workflow	Checkout Repository	2026-02-18T21:46:45.6558068Z  * [new tag]             0.0.16                 -> 0.0.16
end-workflow	Checkout Repository	2026-02-18T21:46:45.6558470Z  * [new tag]             0.0.160                -> 0.0.160
end-workflow	Checkout Repository	2026-02-18T21:46:45.6558865Z  * [new tag]             0.0.161                -> 0.0.161
end-workflow	Checkout Repository	2026-02-18T21:46:45.6559259Z  * [new tag]             0.0.162                -> 0.0.162
end-workflow	Checkout Repository	2026-02-18T21:46:45.6559656Z  * [new tag]             0.0.163                -> 0.0.163
end-workflow	Checkout Repository	2026-02-18T21:46:45.6560058Z  * [new tag]             0.0.164                -> 0.0.164
end-workflow	Checkout Repository	2026-02-18T21:46:45.6560708Z  * [new tag]             0.0.165                -> 0.0.165
end-workflow	Checkout Repository	2026-02-18T21:46:45.6561109Z  * [new tag]             0.0.166                -> 0.0.166
end-workflow	Checkout Repository	2026-02-18T21:46:45.6561532Z  * [new tag]             0.0.167                -> 0.0.167
end-workflow	Checkout Repository	2026-02-18T21:46:45.6561980Z  * [new tag]             0.0.168                -> 0.0.168
end-workflow	Checkout Repository	2026-02-18T21:46:45.6562384Z  * [new tag]             0.0.169                -> 0.0.169
end-workflow	Checkout Repository	2026-02-18T21:46:45.6562791Z  * [new tag]             0.0.17                 -> 0.0.17
end-workflow	Checkout Repository	2026-02-18T21:46:45.6563185Z  * [new tag]             0.0.170                -> 0.0.170
end-workflow	Checkout Repository	2026-02-18T21:46:45.6563586Z  * [new tag]             0.0.171                -> 0.0.171
end-workflow	Checkout Repository	2026-02-18T21:46:45.6563984Z  * [new tag]             0.0.172                -> 0.0.172
end-workflow	Checkout Repository	2026-02-18T21:46:45.6564382Z  * [new tag]             0.0.173                -> 0.0.173
end-workflow	Checkout Repository	2026-02-18T21:46:45.6565116Z  * [new tag]             0.0.174                -> 0.0.174
end-workflow	Checkout Repository	2026-02-18T21:46:45.6565633Z  * [new tag]             0.0.175                -> 0.0.175
end-workflow	Checkout Repository	2026-02-18T21:46:45.6566047Z  * [new tag]             0.0.176                -> 0.0.176
end-workflow	Checkout Repository	2026-02-18T21:46:45.6566428Z  * [new tag]             0.0.177                -> 0.0.177
end-workflow	Checkout Repository	2026-02-18T21:46:45.6566813Z  * [new tag]             0.0.178                -> 0.0.178
end-workflow	Checkout Repository	2026-02-18T21:46:45.6567198Z  * [new tag]             0.0.179                -> 0.0.179
end-workflow	Checkout Repository	2026-02-18T21:46:45.6567583Z  * [new tag]             0.0.18                 -> 0.0.18
end-workflow	Checkout Repository	2026-02-18T21:46:45.6567962Z  * [new tag]             0.0.19                 -> 0.0.19
end-workflow	Checkout Repository	2026-02-18T21:46:45.6568349Z  * [new tag]             0.0.2                  -> 0.0.2
end-workflow	Checkout Repository	2026-02-18T21:46:45.6568735Z  * [new tag]             0.0.20                 -> 0.0.20
end-workflow	Checkout Repository	2026-02-18T21:46:45.6569120Z  * [new tag]             0.0.21                 -> 0.0.21
end-workflow	Checkout Repository	2026-02-18T21:46:45.6569502Z  * [new tag]             0.0.22                 -> 0.0.22
end-workflow	Checkout Repository	2026-02-18T21:46:45.6569890Z  * [new tag]             0.0.23                 -> 0.0.23
end-workflow	Checkout Repository	2026-02-18T21:46:45.6570296Z  * [new tag]             0.0.24                 -> 0.0.24
end-workflow	Checkout Repository	2026-02-18T21:46:45.6570676Z  * [new tag]             0.0.25                 -> 0.0.25
end-workflow	Checkout Repository	2026-02-18T21:46:45.6571063Z  * [new tag]             0.0.26                 -> 0.0.26
end-workflow	Checkout Repository	2026-02-18T21:46:45.6571448Z  * [new tag]             0.0.27                 -> 0.0.27
end-workflow	Checkout Repository	2026-02-18T21:46:45.6571830Z  * [new tag]             0.0.28                 -> 0.0.28
end-workflow	Checkout Repository	2026-02-18T21:46:45.6572214Z  * [new tag]             0.0.29                 -> 0.0.29
end-workflow	Checkout Repository	2026-02-18T21:46:45.6572599Z  * [new tag]             0.0.3                  -> 0.0.3
end-workflow	Checkout Repository	2026-02-18T21:46:45.6572979Z  * [new tag]             0.0.30                 -> 0.0.30
end-workflow	Checkout Repository	2026-02-18T21:46:45.6573359Z  * [new tag]             0.0.31                 -> 0.0.31
end-workflow	Checkout Repository	2026-02-18T21:46:45.6573748Z  * [new tag]             0.0.32                 -> 0.0.32
end-workflow	Checkout Repository	2026-02-18T21:46:45.6574132Z  * [new tag]             0.0.33                 -> 0.0.33
end-workflow	Checkout Repository	2026-02-18T21:46:45.6574618Z  * [new tag]             0.0.34                 -> 0.0.34
end-workflow	Checkout Repository	2026-02-18T21:46:45.6575659Z  * [new tag]             0.0.35                 -> 0.0.35
end-workflow	Checkout Repository	2026-02-18T21:46:45.6576060Z  * [new tag]             0.0.36                 -> 0.0.36
end-workflow	Checkout Repository	2026-02-18T21:46:45.6576575Z  * [new tag]             0.0.37                 -> 0.0.37
end-workflow	Checkout Repository	2026-02-18T21:46:45.6576957Z  * [new tag]             0.0.38                 -> 0.0.38
end-workflow	Checkout Repository	2026-02-18T21:46:45.6577340Z  * [new tag]             0.0.39                 -> 0.0.39
end-workflow	Checkout Repository	2026-02-18T21:46:45.6577728Z  * [new tag]             0.0.4                  -> 0.0.4
end-workflow	Checkout Repository	2026-02-18T21:46:45.6578114Z  * [new tag]             0.0.40                 -> 0.0.40
end-workflow	Checkout Repository	2026-02-18T21:46:45.6578495Z  * [new tag]             0.0.41                 -> 0.0.41
end-workflow	Checkout Repository	2026-02-18T21:46:45.6579030Z  * [new tag]             0.0.42                 -> 0.0.42
end-workflow	Checkout Repository	2026-02-18T21:46:45.6579419Z  * [new tag]             0.0.43                 -> 0.0.43
end-workflow	Checkout Repository	2026-02-18T21:46:45.6579805Z  * [new tag]             0.0.44                 -> 0.0.44
end-workflow	Checkout Repository	2026-02-18T21:46:45.6580182Z  * [new tag]             0.0.45                 -> 0.0.45
end-workflow	Checkout Repository	2026-02-18T21:46:45.6581054Z  * [new tag]             0.0.46                 -> 0.0.46
end-workflow	Checkout Repository	2026-02-18T21:46:45.6581442Z  * [new tag]             0.0.47                 -> 0.0.47
end-workflow	Checkout Repository	2026-02-18T21:46:45.6581828Z  * [new tag]             0.0.48                 -> 0.0.48
end-workflow	Checkout Repository	2026-02-18T21:46:45.6582210Z  * [new tag]             0.0.49                 -> 0.0.49
end-workflow	Checkout Repository	2026-02-18T21:46:45.6582593Z  * [new tag]             0.0.5                  -> 0.0.5
end-workflow	Checkout Repository	2026-02-18T21:46:45.6582981Z  * [new tag]             0.0.50                 -> 0.0.50
end-workflow	Checkout Repository	2026-02-18T21:46:45.6583369Z  * [new tag]             0.0.51                 -> 0.0.51
end-workflow	Checkout Repository	2026-02-18T21:46:45.6583747Z  * [new tag]             0.0.52                 -> 0.0.52
end-workflow	Checkout Repository	2026-02-18T21:46:45.6584134Z  * [new tag]             0.0.53                 -> 0.0.53
end-workflow	Checkout Repository	2026-02-18T21:46:45.6584575Z  * [new tag]             0.0.54                 -> 0.0.54
end-workflow	Checkout Repository	2026-02-18T21:46:45.6585378Z  * [new tag]             0.0.55                 -> 0.0.55
end-workflow	Checkout Repository	2026-02-18T21:46:45.6585776Z  * [new tag]             0.0.56                 -> 0.0.56
end-workflow	Checkout Repository	2026-02-18T21:46:45.6586189Z  * [new tag]             0.0.57                 -> 0.0.57
end-workflow	Checkout Repository	2026-02-18T21:46:45.6586992Z  * [new tag]             0.0.58                 -> 0.0.58
end-workflow	Checkout Repository	2026-02-18T21:46:45.6587521Z  * [new tag]             0.0.59                 -> 0.0.59
end-workflow	Checkout Repository	2026-02-18T21:46:45.6587924Z  * [new tag]             0.0.6                  -> 0.0.6
end-workflow	Checkout Repository	2026-02-18T21:46:45.6588436Z  * [new tag]             0.0.60                 -> 0.0.60
end-workflow	Checkout Repository	2026-02-18T21:46:45.6588814Z  * [new tag]             0.0.61                 -> 0.0.61
end-workflow	Checkout Repository	2026-02-18T21:46:45.6589191Z  * [new tag]             0.0.62                 -> 0.0.62
end-workflow	Checkout Repository	2026-02-18T21:46:45.6589568Z  * [new tag]             0.0.63                 -> 0.0.63
end-workflow	Checkout Repository	2026-02-18T21:46:45.6589953Z  * [new tag]             0.0.64                 -> 0.0.64
end-workflow	Checkout Repository	2026-02-18T21:46:45.6590327Z  * [new tag]             0.0.65                 -> 0.0.65
end-workflow	Checkout Repository	2026-02-18T21:46:45.6590708Z  * [new tag]             0.0.66                 -> 0.0.66
end-workflow	Checkout Repository	2026-02-18T21:46:45.6591094Z  * [new tag]             0.0.67                 -> 0.0.67
end-workflow	Checkout Repository	2026-02-18T21:46:45.6591481Z  * [new tag]             0.0.68                 -> 0.0.68
end-workflow	Checkout Repository	2026-02-18T21:46:45.6591854Z  * [new tag]             0.0.69                 -> 0.0.69
end-workflow	Checkout Repository	2026-02-18T21:46:45.6592234Z  * [new tag]             0.0.7                  -> 0.0.7
end-workflow	Checkout Repository	2026-02-18T21:46:45.6592608Z  * [new tag]             0.0.70                 -> 0.0.70
end-workflow	Checkout Repository	2026-02-18T21:46:45.6592981Z  * [new tag]             0.0.71                 -> 0.0.71
end-workflow	Checkout Repository	2026-02-18T21:46:45.6593358Z  * [new tag]             0.0.72                 -> 0.0.72
end-workflow	Checkout Repository	2026-02-18T21:46:45.6593740Z  * [new tag]             0.0.73                 -> 0.0.73
end-workflow	Checkout Repository	2026-02-18T21:46:45.6594117Z  * [new tag]             0.0.74                 -> 0.0.74
end-workflow	Checkout Repository	2026-02-18T21:46:45.6594763Z  * [new tag]             0.0.75                 -> 0.0.75
end-workflow	Checkout Repository	2026-02-18T21:46:45.6595439Z  * [new tag]             0.0.76                 -> 0.0.76
end-workflow	Checkout Repository	2026-02-18T21:46:45.6595949Z  * [new tag]             0.0.77                 -> 0.0.77
end-workflow	Checkout Repository	2026-02-18T21:46:45.6596547Z  * [new tag]             0.0.78                 -> 0.0.78
end-workflow	Checkout Repository	2026-02-18T21:46:45.6596926Z  * [new tag]             0.0.79                 -> 0.0.79
end-workflow	Checkout Repository	2026-02-18T21:46:45.6597305Z  * [new tag]             0.0.8                  -> 0.0.8
end-workflow	Checkout Repository	2026-02-18T21:46:45.6597682Z  * [new tag]             0.0.80                 -> 0.0.80
end-workflow	Checkout Repository	2026-02-18T21:46:45.6598058Z  * [new tag]             0.0.81                 -> 0.0.81
end-workflow	Checkout Repository	2026-02-18T21:46:45.6598441Z  * [new tag]             0.0.82                 -> 0.0.82
end-workflow	Checkout Repository	2026-02-18T21:46:45.6598819Z  * [new tag]             0.0.83                 -> 0.0.83
end-workflow	Checkout Repository	2026-02-18T21:46:45.6599196Z  * [new tag]             0.0.84                 -> 0.0.84
end-workflow	Checkout Repository	2026-02-18T21:46:45.6599571Z  * [new tag]             0.0.85                 -> 0.0.85
end-workflow	Checkout Repository	2026-02-18T21:46:45.6599948Z  * [new tag]             0.0.86                 -> 0.0.86
end-workflow	Checkout Repository	2026-02-18T21:46:45.6600325Z  * [new tag]             0.0.87                 -> 0.0.87
end-workflow	Checkout Repository	2026-02-18T21:46:45.6600703Z  * [new tag]             0.0.88                 -> 0.0.88
end-workflow	Checkout Repository	2026-02-18T21:46:45.6601318Z  * [new tag]             0.0.89                 -> 0.0.89
end-workflow	Checkout Repository	2026-02-18T21:46:45.6601697Z  * [new tag]             0.0.9                  -> 0.0.9
end-workflow	Checkout Repository	2026-02-18T21:46:45.6602074Z  * [new tag]             0.0.90                 -> 0.0.90
end-workflow	Checkout Repository	2026-02-18T21:46:45.6602451Z  * [new tag]             0.0.91                 -> 0.0.91
end-workflow	Checkout Repository	2026-02-18T21:46:45.6602831Z  * [new tag]             0.0.92                 -> 0.0.92
end-workflow	Checkout Repository	2026-02-18T21:46:45.6603213Z  * [new tag]             0.0.93                 -> 0.0.93
end-workflow	Checkout Repository	2026-02-18T21:46:45.6603591Z  * [new tag]             0.0.94                 -> 0.0.94
end-workflow	Checkout Repository	2026-02-18T21:46:45.6603966Z  * [new tag]             0.0.95                 -> 0.0.95
end-workflow	Checkout Repository	2026-02-18T21:46:45.6604348Z  * [new tag]             0.0.96                 -> 0.0.96
end-workflow	Checkout Repository	2026-02-18T21:46:45.6604920Z  * [new tag]             0.0.97                 -> 0.0.97
end-workflow	Checkout Repository	2026-02-18T21:46:45.6605305Z  * [new tag]             0.0.98                 -> 0.0.98
end-workflow	Checkout Repository	2026-02-18T21:46:45.6605811Z  * [new tag]             0.0.99                 -> 0.0.99
end-workflow	Checkout Repository	2026-02-18T21:46:45.6606206Z  * [new tag]             0.1.0                  -> 0.1.0
end-workflow	Checkout Repository	2026-02-18T21:46:45.6606584Z  * [new tag]             0.1.1                  -> 0.1.1
end-workflow	Checkout Repository	2026-02-18T21:46:45.6606958Z  * [new tag]             0.2.0                  -> 0.2.0
end-workflow	Checkout Repository	2026-02-18T21:46:45.6607336Z  * [new tag]             0.3.0                  -> 0.3.0
end-workflow	Checkout Repository	2026-02-18T21:46:45.6607712Z  * [new tag]             0.3.1                  -> 0.3.1
end-workflow	Checkout Repository	2026-02-18T21:46:45.6608091Z  * [new tag]             0.3.10                 -> 0.3.10
end-workflow	Checkout Repository	2026-02-18T21:46:45.6608470Z  * [new tag]             0.3.11                 -> 0.3.11
end-workflow	Checkout Repository	2026-02-18T21:46:45.6608886Z  * [new tag]             0.3.12                 -> 0.3.12
end-workflow	Checkout Repository	2026-02-18T21:46:45.6609263Z  * [new tag]             0.3.13                 -> 0.3.13
end-workflow	Checkout Repository	2026-02-18T21:46:45.6609645Z  * [new tag]             0.3.14                 -> 0.3.14
end-workflow	Checkout Repository	2026-02-18T21:46:45.6610027Z  * [new tag]             0.3.15                 -> 0.3.15
end-workflow	Checkout Repository	2026-02-18T21:46:45.6610560Z  * [new tag]             0.3.16                 -> 0.3.16
end-workflow	Checkout Repository	2026-02-18T21:46:45.6611109Z  * [new tag]             0.3.17                 -> 0.3.17
end-workflow	Checkout Repository	2026-02-18T21:46:45.6611788Z  * [new tag]             0.3.2                  -> 0.3.2
end-workflow	Checkout Repository	2026-02-18T21:46:45.6612193Z  * [new tag]             0.3.3                  -> 0.3.3
end-workflow	Checkout Repository	2026-02-18T21:46:45.6612606Z  * [new tag]             0.3.4                  -> 0.3.4
end-workflow	Checkout Repository	2026-02-18T21:46:45.6613013Z  * [new tag]             0.3.5                  -> 0.3.5
end-workflow	Checkout Repository	2026-02-18T21:46:45.6613412Z  * [new tag]             0.3.6                  -> 0.3.6
end-workflow	Checkout Repository	2026-02-18T21:46:45.6613804Z  * [new tag]             0.3.7                  -> 0.3.7
end-workflow	Checkout Repository	2026-02-18T21:46:45.6614195Z  * [new tag]             0.3.8                  -> 0.3.8
end-workflow	Checkout Repository	2026-02-18T21:46:45.6614645Z  * [new tag]             0.3.9                  -> 0.3.9
end-workflow	Checkout Repository	2026-02-18T21:46:45.6615278Z  * [new tag]             0.4.0                  -> 0.4.0
end-workflow	Checkout Repository	2026-02-18T21:46:45.6615650Z  * [new tag]             0.4.1                  -> 0.4.1
end-workflow	Checkout Repository	2026-02-18T21:46:45.6616029Z  * [new tag]             0.4.2                  -> 0.4.2
end-workflow	Checkout Repository	2026-02-18T21:46:45.6616619Z  * [new tag]             0.4.3                  -> 0.4.3
end-workflow	Checkout Repository	2026-02-18T21:46:45.6617001Z  * [new tag]             0.4.4                  -> 0.4.4
end-workflow	Checkout Repository	2026-02-18T21:46:45.6617373Z  * [new tag]             0.4.5                  -> 0.4.5
end-workflow	Checkout Repository	2026-02-18T21:46:45.6617748Z  * [new tag]             0.4.6                  -> 0.4.6
end-workflow	Checkout Repository	2026-02-18T21:46:45.6618128Z  * [new tag]             0.4.7                  -> 0.4.7
end-workflow	Checkout Repository	2026-02-18T21:46:45.6618499Z  * [new tag]             0.4.8                  -> 0.4.8
end-workflow	Checkout Repository	2026-02-18T21:46:45.6618881Z  * [new tag]             0.4.9                  -> 0.4.9
end-workflow	Checkout Repository	2026-02-18T21:46:45.6619257Z  * [new tag]             0.5.0                  -> 0.5.0
end-workflow	Checkout Repository	2026-02-18T21:46:45.6619629Z  * [new tag]             0.5.1                  -> 0.5.1
end-workflow	Checkout Repository	2026-02-18T21:46:45.6620141Z  * [new tag]             0.5.2                  -> 0.5.2
end-workflow	Checkout Repository	2026-02-18T21:46:45.6620798Z  * [new tag]             0.6.0                  -> 0.6.0
end-workflow	Checkout Repository	2026-02-18T21:46:45.6621201Z  * [new tag]             0.6.1                  -> 0.6.1
end-workflow	Checkout Repository	2026-02-18T21:46:45.6621848Z  * [new tag]             0.6.2                  -> 0.6.2
end-workflow	Checkout Repository	2026-02-18T21:46:45.6840270Z [command]/usr/bin/git branch --list --remote origin/main
end-workflow	Checkout Repository	2026-02-18T21:46:45.6921181Z   origin/main
end-workflow	Checkout Repository	2026-02-18T21:46:45.6933584Z [command]/usr/bin/git rev-parse refs/remotes/origin/main
end-workflow	Checkout Repository	2026-02-18T21:46:45.6964268Z fbbb8fc5f3c2db4c3859e5012e21fd1b4c257cef
end-workflow	Checkout Repository	2026-02-18T21:46:45.6978889Z [command]/usr/bin/git -c protocol.version=2 fetch --no-tags --prune --no-recurse-submodules origin +e8e294c5e1b51e46c1cc47a9cb61bb020a20d09c:refs/remotes/origin/main
end-workflow	Checkout Repository	2026-02-18T21:46:45.7166328Z From https://github.com/Ka0s-Klaus/ka0s
end-workflow	Checkout Repository	2026-02-18T21:46:45.7167174Z  + fbbb8fc5f...e8e294c5e e8e294c5e1b51e46c1cc47a9cb61bb020a20d09c -> origin/main  (forced update)
end-workflow	Checkout Repository	2026-02-18T21:46:45.7205199Z ##[endgroup]
end-workflow	Checkout Repository	2026-02-18T21:46:45.7206201Z ##[group]Determining the checkout info
end-workflow	Checkout Repository	2026-02-18T21:46:45.7206767Z ##[endgroup]
end-workflow	Checkout Repository	2026-02-18T21:46:45.7213209Z [command]/usr/bin/git sparse-checkout disable
end-workflow	Checkout Repository	2026-02-18T21:46:45.7267314Z [command]/usr/bin/git config --local --unset-all extensions.worktreeConfig
end-workflow	Checkout Repository	2026-02-18T21:46:45.7307210Z ##[group]Checking out the ref
end-workflow	Checkout Repository	2026-02-18T21:46:45.7316789Z [command]/usr/bin/git checkout --progress --force -B main refs/remotes/origin/main
end-workflow	Checkout Repository	2026-02-18T21:46:45.9825639Z Switched to a new branch 'main'
end-workflow	Checkout Repository	2026-02-18T21:46:45.9829907Z branch 'main' set up to track 'origin/main'.
end-workflow	Checkout Repository	2026-02-18T21:46:45.9930975Z ##[endgroup]
end-workflow	Checkout Repository	2026-02-18T21:46:45.9935236Z [command]/usr/bin/git log -1 --format=%H
end-workflow	Checkout Repository	2026-02-18T21:46:45.9971904Z e8e294c5e1b51e46c1cc47a9cb61bb020a20d09c
end-workflow	Install GH CLI	Ôªø2026-02-18T21:46:46.0281690Z Prepare all required actions
end-workflow	Install GH CLI	2026-02-18T21:46:46.0342795Z ##[group]Run ./.github/actions/install-gh-cli
end-workflow	Install GH CLI	2026-02-18T21:46:46.0343121Z env:
end-workflow	Install GH CLI	2026-02-18T21:46:46.0343301Z   PYTHON_VERSION: 3.9
end-workflow	Install GH CLI	2026-02-18T21:46:46.0344212Z   MONGO_SUPERUSER_CONNECTION: ***
end-workflow	Install GH CLI	2026-02-18T21:46:46.0344670Z   MONGO_NEW_PASS: ***
end-workflow	Install GH CLI	2026-02-18T21:46:46.0345586Z   MONGO_SCRIPT_CREATE: devops/core/mongo/scripts/mongodb_status_report.py
end-workflow	Install GH CLI	2026-02-18T21:46:46.0346009Z   KAOS_CODE: 22158855567
end-workflow	Install GH CLI	2026-02-18T21:46:46.0346227Z   REPORT_SCAN: audit/
end-workflow	Install GH CLI	2026-02-18T21:46:46.0346448Z   REPORT_PATH: audit/mongodb/
end-workflow	Install GH CLI	2026-02-18T21:46:46.0346698Z   REPORT_FILENAME: 22158855567.json
end-workflow	Install GH CLI	2026-02-18T21:46:46.0346974Z   KAOS_MODULE: [Ka0s] Status MongDB Report
end-workflow	Install GH CLI	2026-02-18T21:46:46.0347241Z ##[endgroup]
end-workflow	Install GH CLI	2026-02-18T21:46:46.0447276Z ##[group]Run type -p curl >/dev/null || (sudo apt-get update && sudo apt-get install curl -y)
end-workflow	Install GH CLI	2026-02-18T21:46:46.0448097Z [36;1mtype -p curl >/dev/null || (sudo apt-get update && sudo apt-get install curl -y)[0m
end-workflow	Install GH CLI	2026-02-18T21:46:46.0449073Z [36;1mcurl -fsSL https://cli.github.com/packages/githubcli-archive-keyring.gpg | sudo dd of=/usr/share/keyrings/githubcli-archive-keyring.gpg \[0m
end-workflow	Install GH CLI	2026-02-18T21:46:46.0449930Z [36;1m&& sudo chmod go+r /usr/share/keyrings/githubcli-archive-keyring.gpg \[0m
end-workflow	Install GH CLI	2026-02-18T21:46:46.0450987Z [36;1m&& echo "deb [arch=$(dpkg --print-architecture) signed-by=/usr/share/keyrings/githubcli-archive-keyring.gpg] https://cli.github.com/packages stable main" | sudo tee /etc/apt/sources.list.d/github-cli.list > /dev/null \[0m
end-workflow	Install GH CLI	2026-02-18T21:46:46.0452254Z [36;1m&& sudo apt-get update \[0m
end-workflow	Install GH CLI	2026-02-18T21:46:46.0452520Z [36;1m&& sudo apt-get install gh -y[0m
end-workflow	Install GH CLI	2026-02-18T21:46:46.0470935Z shell: /usr/bin/bash --noprofile --norc -e -o pipefail {0}
end-workflow	Install GH CLI	2026-02-18T21:46:46.0471401Z env:
end-workflow	Install GH CLI	2026-02-18T21:46:46.0471588Z   PYTHON_VERSION: 3.9
end-workflow	Install GH CLI	2026-02-18T21:46:46.0472404Z   MONGO_SUPERUSER_CONNECTION: ***
end-workflow	Install GH CLI	2026-02-18T21:46:46.0472777Z   MONGO_NEW_PASS: ***
end-workflow	Install GH CLI	2026-02-18T21:46:46.0473103Z   MONGO_SCRIPT_CREATE: devops/core/mongo/scripts/mongodb_status_report.py
end-workflow	Install GH CLI	2026-02-18T21:46:46.0473493Z   KAOS_CODE: 22158855567
end-workflow	Install GH CLI	2026-02-18T21:46:46.0473704Z   REPORT_SCAN: audit/
end-workflow	Install GH CLI	2026-02-18T21:46:46.0473921Z   REPORT_PATH: audit/mongodb/
end-workflow	Install GH CLI	2026-02-18T21:46:46.0474169Z   REPORT_FILENAME: 22158855567.json
end-workflow	Install GH CLI	2026-02-18T21:46:46.0474430Z   KAOS_MODULE: [Ka0s] Status MongDB Report
end-workflow	Install GH CLI	2026-02-18T21:46:46.0475484Z ##[endgroup]
end-workflow	Install GH CLI	2026-02-18T21:46:46.4120240Z 4+1 records in
end-workflow	Install GH CLI	2026-02-18T21:46:46.4120514Z 4+1 records out
end-workflow	Install GH CLI	2026-02-18T21:46:46.4120786Z 2270 bytes (2.3 kB, 2.2 KiB) copied, 0.340733 s, 6.7 kB/s
end-workflow	Install GH CLI	2026-02-18T21:46:46.5817045Z Get:1 https://cli.github.com/packages stable InRelease [3917 B]
end-workflow	Install GH CLI	2026-02-18T21:46:46.6289419Z Get:2 http://archive.ubuntu.com/ubuntu noble InRelease [256 kB]
end-workflow	Install GH CLI	2026-02-18T21:46:46.6389511Z Get:3 http://security.ubuntu.com/ubuntu noble-security InRelease [126 kB]
end-workflow	Install GH CLI	2026-02-18T21:46:46.6703663Z Get:4 https://cli.github.com/packages stable/main amd64 Packages [355 B]
end-workflow	Install GH CLI	2026-02-18T21:46:46.8981165Z Get:5 http://archive.ubuntu.com/ubuntu noble-updates InRelease [126 kB]
end-workflow	Install GH CLI	2026-02-18T21:46:46.9640534Z Get:6 http://archive.ubuntu.com/ubuntu noble-backports InRelease [126 kB]
end-workflow	Install GH CLI	2026-02-18T21:46:46.9780292Z Get:7 http://security.ubuntu.com/ubuntu noble-security/multiverse amd64 Packages [34.8 kB]
end-workflow	Install GH CLI	2026-02-18T21:46:47.0429788Z Get:8 http://security.ubuntu.com/ubuntu noble-security/main amd64 Packages [1855 kB]
end-workflow	Install GH CLI	2026-02-18T21:46:47.0522631Z Get:9 http://archive.ubuntu.com/ubuntu noble/universe amd64 Packages [19.3 MB]
end-workflow	Install GH CLI	2026-02-18T21:46:47.0587858Z Get:10 https://ppa.launchpadcontent.net/git-core/ppa/ubuntu noble InRelease [24.3 kB]
end-workflow	Install GH CLI	2026-02-18T21:46:47.2508099Z Get:11 https://ppa.launchpadcontent.net/git-core/ppa/ubuntu noble/main amd64 Packages [2992 B]
end-workflow	Install GH CLI	2026-02-18T21:46:47.2691945Z Get:12 http://security.ubuntu.com/ubuntu noble-security/restricted amd64 Packages [3188 kB]
end-workflow	Install GH CLI	2026-02-18T21:46:47.3623714Z Get:13 http://security.ubuntu.com/ubuntu noble-security/universe amd64 Packages [1207 kB]
end-workflow	Install GH CLI	2026-02-18T21:46:47.5285446Z Get:14 http://archive.ubuntu.com/ubuntu noble/multiverse amd64 Packages [331 kB]
end-workflow	Install GH CLI	2026-02-18T21:46:47.5326063Z Get:15 http://archive.ubuntu.com/ubuntu noble/main amd64 Packages [1808 kB]
end-workflow	Install GH CLI	2026-02-18T21:46:47.5968823Z Get:16 http://archive.ubuntu.com/ubuntu noble/restricted amd64 Packages [117 kB]
end-workflow	Install GH CLI	2026-02-18T21:46:47.6004165Z Get:17 http://archive.ubuntu.com/ubuntu noble-updates/restricted amd64 Packages [3360 kB]
end-workflow	Install GH CLI	2026-02-18T21:46:47.6256134Z Get:18 http://archive.ubuntu.com/ubuntu noble-updates/universe amd64 Packages [2016 kB]
end-workflow	Install GH CLI	2026-02-18T21:46:47.6639028Z Get:19 http://archive.ubuntu.com/ubuntu noble-updates/multiverse amd64 Packages [38.1 kB]
end-workflow	Install GH CLI	2026-02-18T21:46:47.6647084Z Get:20 http://archive.ubuntu.com/ubuntu noble-updates/main amd64 Packages [2234 kB]
end-workflow	Install GH CLI	2026-02-18T21:46:47.7397359Z Get:21 http://archive.ubuntu.com/ubuntu noble-backports/universe amd64 Packages [34.6 kB]
end-workflow	Install GH CLI	2026-02-18T21:46:47.7403837Z Get:22 http://archive.ubuntu.com/ubuntu noble-backports/main amd64 Packages [49.5 kB]
end-workflow	Install GH CLI	2026-02-18T21:46:48.8250816Z Fetched 36.3 MB in 2s (15.6 MB/s)
end-workflow	Install GH CLI	2026-02-18T21:46:49.8147422Z Reading package lists...
end-workflow	Install GH CLI	2026-02-18T21:46:50.8380353Z Reading package lists...
end-workflow	Install GH CLI	2026-02-18T21:46:51.0921085Z Building dependency tree...
end-workflow	Install GH CLI	2026-02-18T21:46:51.0921701Z Reading state information...
end-workflow	Install GH CLI	2026-02-18T21:46:51.4852481Z The following NEW packages will be installed:
end-workflow	Install GH CLI	2026-02-18T21:46:51.4873701Z   gh
end-workflow	Install GH CLI	2026-02-18T21:46:51.6063689Z 0 upgraded, 1 newly installed, 0 to remove and 26 not upgraded.
end-workflow	Install GH CLI	2026-02-18T21:46:51.6064720Z Need to get 13.8 MB of archives.
end-workflow	Install GH CLI	2026-02-18T21:46:51.6065098Z After this operation, 38.4 MB of additional disk space will be used.
end-workflow	Install GH CLI	2026-02-18T21:46:51.6065767Z Get:1 https://cli.github.com/packages stable/main amd64 gh amd64 2.87.0 [13.8 MB]
end-workflow	Install GH CLI	2026-02-18T21:46:51.9557616Z debconf: delaying package configuration, since apt-utils is not installed
end-workflow	Install GH CLI	2026-02-18T21:46:52.0033036Z Fetched 13.8 MB in 0s (47.0 MB/s)
end-workflow	Install GH CLI	2026-02-18T21:46:52.0307516Z Selecting previously unselected package gh.
end-workflow	Install GH CLI	2026-02-18T21:46:52.0347588Z (Reading database ... 
end-workflow	Install GH CLI	2026-02-18T21:46:52.0351684Z (Reading database ... 5%
end-workflow	Install GH CLI	2026-02-18T21:46:52.0355724Z (Reading database ... 10%
end-workflow	Install GH CLI	2026-02-18T21:46:52.0359246Z (Reading database ... 15%
end-workflow	Install GH CLI	2026-02-18T21:46:52.0362676Z (Reading database ... 20%
end-workflow	Install GH CLI	2026-02-18T21:46:52.0366882Z (Reading database ... 25%
end-workflow	Install GH CLI	2026-02-18T21:46:52.0370143Z (Reading database ... 30%
end-workflow	Install GH CLI	2026-02-18T21:46:52.0372699Z (Reading database ... 35%
end-workflow	Install GH CLI	2026-02-18T21:46:52.0374862Z (Reading database ... 40%
end-workflow	Install GH CLI	2026-02-18T21:46:52.0378256Z (Reading database ... 45%
end-workflow	Install GH CLI	2026-02-18T21:46:52.0378874Z (Reading database ... 50%
end-workflow	Install GH CLI	2026-02-18T21:46:52.0379468Z (Reading database ... 55%
end-workflow	Install GH CLI	2026-02-18T21:46:52.0380032Z (Reading database ... 60%
end-workflow	Install GH CLI	2026-02-18T21:46:52.0380915Z (Reading database ... 65%
end-workflow	Install GH CLI	2026-02-18T21:46:52.0381320Z (Reading database ... 70%
end-workflow	Install GH CLI	2026-02-18T21:46:52.0383023Z (Reading database ... 75%
end-workflow	Install GH CLI	2026-02-18T21:46:52.0398865Z (Reading database ... 80%
end-workflow	Install GH CLI	2026-02-18T21:46:52.0403815Z (Reading database ... 85%
end-workflow	Install GH CLI	2026-02-18T21:46:52.0415284Z (Reading database ... 90%
end-workflow	Install GH CLI	2026-02-18T21:46:52.0437541Z (Reading database ... 95%
end-workflow	Install GH CLI	2026-02-18T21:46:52.0437883Z (Reading database ... 100%
end-workflow	Install GH CLI	2026-02-18T21:46:52.0438305Z (Reading database ... 14385 files and directories currently installed.)
end-workflow	Install GH CLI	2026-02-18T21:46:52.0446168Z Preparing to unpack .../archives/gh_2.87.0_amd64.deb ...
end-workflow	Install GH CLI	2026-02-18T21:46:52.0482503Z Unpacking gh (2.87.0) ...
end-workflow	Install GH CLI	2026-02-18T21:46:52.2771306Z Setting up gh (2.87.0) ...
end-workflow	Trigger Inspector	Ôªø2026-02-18T21:46:52.3302073Z ##[group]Run echo "üîç Triggering Inspector for Audit..."
end-workflow	Trigger Inspector	2026-02-18T21:46:52.3302558Z [36;1mecho "üîç Triggering Inspector for Audit..."[0m
end-workflow	Trigger Inspector	2026-02-18T21:46:52.3302898Z [36;1mgh workflow run inspector.yml \[0m
end-workflow	Trigger Inspector	2026-02-18T21:46:52.3303187Z [36;1m  --ref main \[0m
end-workflow	Trigger Inspector	2026-02-18T21:46:52.3303447Z [36;1m  -f kaos-workflow-id="22158855567" \[0m
end-workflow	Trigger Inspector	2026-02-18T21:46:52.3303757Z [36;1m  -f kaos-user-start="ka0score"[0m
end-workflow	Trigger Inspector	2026-02-18T21:46:52.3317207Z shell: /usr/bin/bash -e {0}
end-workflow	Trigger Inspector	2026-02-18T21:46:52.3317479Z env:
end-workflow	Trigger Inspector	2026-02-18T21:46:52.3317669Z   PYTHON_VERSION: 3.9
end-workflow	Trigger Inspector	2026-02-18T21:46:52.3318517Z   MONGO_SUPERUSER_CONNECTION: ***
end-workflow	Trigger Inspector	2026-02-18T21:46:52.3318910Z   MONGO_NEW_PASS: ***
end-workflow	Trigger Inspector	2026-02-18T21:46:52.3319253Z   MONGO_SCRIPT_CREATE: devops/core/mongo/scripts/mongodb_status_report.py
end-workflow	Trigger Inspector	2026-02-18T21:46:52.3319652Z   KAOS_CODE: 22158855567
end-workflow	Trigger Inspector	2026-02-18T21:46:52.3319874Z   REPORT_SCAN: audit/
end-workflow	Trigger Inspector	2026-02-18T21:46:52.3320090Z   REPORT_PATH: audit/mongodb/
end-workflow	Trigger Inspector	2026-02-18T21:46:52.3320343Z   REPORT_FILENAME: 22158855567.json
end-workflow	Trigger Inspector	2026-02-18T21:46:52.3320679Z   KAOS_MODULE: [Ka0s] Status MongDB Report
end-workflow	Trigger Inspector	2026-02-18T21:46:52.3321060Z   GH_TOKEN: ***
end-workflow	Trigger Inspector	2026-02-18T21:46:52.3321258Z ##[endgroup]
end-workflow	Trigger Inspector	2026-02-18T21:46:52.3371614Z üîç Triggering Inspector for Audit...
end-workflow	Trigger Inspector	2026-02-18T21:46:54.1423893Z https://github.com/Ka0s-Klaus/ka0s/actions/runs/22158929752
end-workflow	Post Checkout Repository	Ôªø2026-02-18T21:46:54.1608082Z Post job cleanup.
end-workflow	Post Checkout Repository	2026-02-18T21:46:54.2724427Z [command]/usr/bin/git version
end-workflow	Post Checkout Repository	2026-02-18T21:46:54.2775994Z git version 2.52.0
end-workflow	Post Checkout Repository	2026-02-18T21:46:54.2829021Z Temporarily overriding HOME='/home/runner/_work/_temp/fb7609d0-318a-4a46-a38f-cc7cda43872e' before making global git config changes
end-workflow	Post Checkout Repository	2026-02-18T21:46:54.2830360Z Adding repository directory to the temporary git global config as a safe directory
end-workflow	Post Checkout Repository	2026-02-18T21:46:54.2839170Z [command]/usr/bin/git config --global --add safe.directory /home/runner/_work/ka0s/ka0s
end-workflow	Post Checkout Repository	2026-02-18T21:46:54.2890341Z [command]/usr/bin/git config --local --name-only --get-regexp core\.sshCommand
end-workflow	Post Checkout Repository	2026-02-18T21:46:54.2951534Z [command]/usr/bin/git submodule foreach --recursive sh -c "git config --local --name-only --get-regexp 'core\.sshCommand' && git config --local --unset-all 'core.sshCommand' || :"
end-workflow	Post Checkout Repository	2026-02-18T21:46:54.3297158Z [command]/usr/bin/git config --local --name-only --get-regexp http\.https\:\/\/github\.com\/\.extraheader
end-workflow	Post Checkout Repository	2026-02-18T21:46:54.3328399Z http.https://github.com/.extraheader
end-workflow	Post Checkout Repository	2026-02-18T21:46:54.3343535Z [command]/usr/bin/git config --local --unset-all http.https://github.com/.extraheader
end-workflow	Post Checkout Repository	2026-02-18T21:46:54.3387823Z [command]/usr/bin/git submodule foreach --recursive sh -c "git config --local --name-only --get-regexp 'http\.https\:\/\/github\.com\/\.extraheader' && git config --local --unset-all 'http.https://github.com/.extraheader' || :"
end-workflow	Post Checkout Repository	2026-02-18T21:46:54.3748016Z [command]/usr/bin/git config --local --name-only --get-regexp ^includeIf\.gitdir:
end-workflow	Post Checkout Repository	2026-02-18T21:46:54.3799359Z [command]/usr/bin/git submodule foreach --recursive git config --local --show-origin --name-only --get-regexp remote.origin.url
end-workflow	Complete job	Ôªø2026-02-18T21:46:54.4322528Z Cleaning up orphan processes
