audit-pods	Set up job	ï»¿2026-02-18T23:00:43.7083232Z Current runner version: '2.331.0'
audit-pods	Set up job	2026-02-18T23:00:43.7093725Z Runner name: 'swarm-runners-scaleset-hkss5-runner-zkwv7'
audit-pods	Set up job	2026-02-18T23:00:43.7095287Z Runner group name: 'Default'
audit-pods	Set up job	2026-02-18T23:00:43.7096706Z Machine name: 'swarm-runners-scaleset-hkss5-runner-zkwv7'
audit-pods	Set up job	2026-02-18T23:00:43.7101117Z ##[group]GITHUB_TOKEN Permissions
audit-pods	Set up job	2026-02-18T23:00:43.7104168Z Actions: write
audit-pods	Set up job	2026-02-18T23:00:43.7104948Z Contents: write
audit-pods	Set up job	2026-02-18T23:00:43.7106105Z Issues: write
audit-pods	Set up job	2026-02-18T23:00:43.7106945Z Metadata: read
audit-pods	Set up job	2026-02-18T23:00:43.7107660Z ##[endgroup]
audit-pods	Set up job	2026-02-18T23:00:43.7110065Z Secret source: Actions
audit-pods	Set up job	2026-02-18T23:00:43.7111049Z Prepare workflow directory
audit-pods	Set up job	2026-02-18T23:00:43.7740091Z Prepare all required actions
audit-pods	Set up job	2026-02-18T23:00:43.7783739Z Getting action download info
audit-pods	Set up job	2026-02-18T23:00:44.3179242Z Download action repository 'actions/checkout@v4' (SHA:34e114876b0b11c390a56381ad16ebd13914f8d5)
audit-pods	Set up job	2026-02-18T23:00:45.5057005Z Complete job name: audit-pods
audit-pods	Checkout repository	ï»¿2026-02-18T23:00:45.6016896Z ##[group]Run actions/checkout@v4
audit-pods	Checkout repository	2026-02-18T23:00:45.6018127Z with:
audit-pods	Checkout repository	2026-02-18T23:00:45.6018712Z   repository: Ka0s-Klaus/ka0s
audit-pods	Checkout repository	2026-02-18T23:00:45.6019794Z   token: ***
audit-pods	Checkout repository	2026-02-18T23:00:45.6020354Z   ssh-strict: true
audit-pods	Checkout repository	2026-02-18T23:00:45.6020935Z   ssh-user: git
audit-pods	Checkout repository	2026-02-18T23:00:45.6021534Z   persist-credentials: true
audit-pods	Checkout repository	2026-02-18T23:00:45.6022208Z   clean: true
audit-pods	Checkout repository	2026-02-18T23:00:45.6022805Z   sparse-checkout-cone-mode: true
audit-pods	Checkout repository	2026-02-18T23:00:45.6023561Z   fetch-depth: 1
audit-pods	Checkout repository	2026-02-18T23:00:45.6024124Z   fetch-tags: false
audit-pods	Checkout repository	2026-02-18T23:00:45.6024724Z   show-progress: true
audit-pods	Checkout repository	2026-02-18T23:00:45.6025830Z   lfs: false
audit-pods	Checkout repository	2026-02-18T23:00:45.6026380Z   submodules: false
audit-pods	Checkout repository	2026-02-18T23:00:45.6027147Z   set-safe-directory: true
audit-pods	Checkout repository	2026-02-18T23:00:45.6028052Z env:
audit-pods	Checkout repository	2026-02-18T23:00:45.6028614Z   KAOS_MODULE: [Ka0S] Audit Pods
audit-pods	Checkout repository	2026-02-18T23:00:45.6029338Z   KAOS_CODE: 22161116581
audit-pods	Checkout repository	2026-02-18T23:00:45.6029967Z ##[endgroup]
audit-pods	Checkout repository	2026-02-18T23:00:45.7388555Z Syncing repository: Ka0s-Klaus/ka0s
audit-pods	Checkout repository	2026-02-18T23:00:45.7391044Z ##[group]Getting Git version info
audit-pods	Checkout repository	2026-02-18T23:00:45.7392127Z Working directory is '/home/runner/_work/ka0s/ka0s'
audit-pods	Checkout repository	2026-02-18T23:00:45.7393561Z [command]/usr/bin/git version
audit-pods	Checkout repository	2026-02-18T23:00:45.7394504Z git version 2.52.0
audit-pods	Checkout repository	2026-02-18T23:00:45.7427155Z ##[endgroup]
audit-pods	Checkout repository	2026-02-18T23:00:45.7450034Z Temporarily overriding HOME='/home/runner/_work/_temp/55ec02f6-bb1a-45df-b06a-6bfb90f6167a' before making global git config changes
audit-pods	Checkout repository	2026-02-18T23:00:45.7452551Z Adding repository directory to the temporary git global config as a safe directory
audit-pods	Checkout repository	2026-02-18T23:00:45.7456703Z [command]/usr/bin/git config --global --add safe.directory /home/runner/_work/ka0s/ka0s
audit-pods	Checkout repository	2026-02-18T23:00:45.7503201Z Deleting the contents of '/home/runner/_work/ka0s/ka0s'
audit-pods	Checkout repository	2026-02-18T23:00:45.7513293Z ##[group]Initializing the repository
audit-pods	Checkout repository	2026-02-18T23:00:45.7516142Z [command]/usr/bin/git init /home/runner/_work/ka0s/ka0s
audit-pods	Checkout repository	2026-02-18T23:00:45.7588008Z hint: Using 'master' as the name for the initial branch. This default branch name
audit-pods	Checkout repository	2026-02-18T23:00:45.7590386Z hint: will change to "main" in Git 3.0. To configure the initial branch name
audit-pods	Checkout repository	2026-02-18T23:00:45.7592239Z hint: to use in all of your new repositories, which will suppress this warning,
audit-pods	Checkout repository	2026-02-18T23:00:45.7593443Z hint: call:
audit-pods	Checkout repository	2026-02-18T23:00:45.7593962Z hint:
audit-pods	Checkout repository	2026-02-18T23:00:45.7594667Z hint: 	git config --global init.defaultBranch <name>
audit-pods	Checkout repository	2026-02-18T23:00:45.7595999Z hint:
audit-pods	Checkout repository	2026-02-18T23:00:45.7597008Z hint: Names commonly chosen instead of 'master' are 'main', 'trunk' and
audit-pods	Checkout repository	2026-02-18T23:00:45.7598598Z hint: 'development'. The just-created branch can be renamed via this command:
audit-pods	Checkout repository	2026-02-18T23:00:45.7599848Z hint:
audit-pods	Checkout repository	2026-02-18T23:00:45.7600461Z hint: 	git branch -m <name>
audit-pods	Checkout repository	2026-02-18T23:00:45.7601187Z hint:
audit-pods	Checkout repository	2026-02-18T23:00:45.7602145Z hint: Disable this message with "git config set advice.defaultBranchName false"
audit-pods	Checkout repository	2026-02-18T23:00:45.7603858Z Initialized empty Git repository in /home/runner/_work/ka0s/ka0s/.git/
audit-pods	Checkout repository	2026-02-18T23:00:45.7611826Z [command]/usr/bin/git remote add origin https://github.com/Ka0s-Klaus/ka0s
audit-pods	Checkout repository	2026-02-18T23:00:45.7754946Z ##[endgroup]
audit-pods	Checkout repository	2026-02-18T23:00:45.7764811Z ##[group]Disabling automatic garbage collection
audit-pods	Checkout repository	2026-02-18T23:00:45.7768885Z [command]/usr/bin/git config --local gc.auto 0
audit-pods	Checkout repository	2026-02-18T23:00:45.7771750Z ##[endgroup]
audit-pods	Checkout repository	2026-02-18T23:00:45.7772861Z ##[group]Setting up auth
audit-pods	Checkout repository	2026-02-18T23:00:45.7773950Z [command]/usr/bin/git config --local --name-only --get-regexp core\.sshCommand
audit-pods	Checkout repository	2026-02-18T23:00:45.7778247Z [command]/usr/bin/git submodule foreach --recursive sh -c "git config --local --name-only --get-regexp 'core\.sshCommand' && git config --local --unset-all 'core.sshCommand' || :"
audit-pods	Checkout repository	2026-02-18T23:00:45.8131494Z [command]/usr/bin/git config --local --name-only --get-regexp http\.https\:\/\/github\.com\/\.extraheader
audit-pods	Checkout repository	2026-02-18T23:00:45.8183310Z [command]/usr/bin/git submodule foreach --recursive sh -c "git config --local --name-only --get-regexp 'http\.https\:\/\/github\.com\/\.extraheader' && git config --local --unset-all 'http.https://github.com/.extraheader' || :"
audit-pods	Checkout repository	2026-02-18T23:00:45.8556699Z [command]/usr/bin/git config --local --name-only --get-regexp ^includeIf\.gitdir:
audit-pods	Checkout repository	2026-02-18T23:00:45.8598017Z [command]/usr/bin/git submodule foreach --recursive git config --local --show-origin --name-only --get-regexp remote.origin.url
audit-pods	Checkout repository	2026-02-18T23:00:45.8966837Z [command]/usr/bin/git config --local http.https://github.com/.extraheader AUTHORIZATION: basic ***
audit-pods	Checkout repository	2026-02-18T23:00:45.9030582Z ##[endgroup]
audit-pods	Checkout repository	2026-02-18T23:00:45.9031758Z ##[group]Fetching the repository
audit-pods	Checkout repository	2026-02-18T23:00:45.9040571Z [command]/usr/bin/git -c protocol.version=2 fetch --no-tags --prune --no-recurse-submodules --depth=1 origin +9173fc104f0a192d0b942752275c4c3059521e8a:refs/remotes/origin/main
audit-pods	Checkout repository	2026-02-18T23:00:48.2316538Z From https://github.com/Ka0s-Klaus/ka0s
audit-pods	Checkout repository	2026-02-18T23:00:48.2320010Z  * [new ref]         9173fc104f0a192d0b942752275c4c3059521e8a -> origin/main
audit-pods	Checkout repository	2026-02-18T23:00:48.2422342Z ##[endgroup]
audit-pods	Checkout repository	2026-02-18T23:00:48.2424004Z ##[group]Determining the checkout info
audit-pods	Checkout repository	2026-02-18T23:00:48.2428899Z ##[endgroup]
audit-pods	Checkout repository	2026-02-18T23:00:48.2433775Z [command]/usr/bin/git sparse-checkout disable
audit-pods	Checkout repository	2026-02-18T23:00:48.2516430Z [command]/usr/bin/git config --local --unset-all extensions.worktreeConfig
audit-pods	Checkout repository	2026-02-18T23:00:48.2567504Z ##[group]Checking out the ref
audit-pods	Checkout repository	2026-02-18T23:00:48.2573030Z [command]/usr/bin/git checkout --progress --force -B main refs/remotes/origin/main
audit-pods	Checkout repository	2026-02-18T23:00:48.5042411Z Switched to a new branch 'main'
audit-pods	Checkout repository	2026-02-18T23:00:48.5046283Z branch 'main' set up to track 'origin/main'.
audit-pods	Checkout repository	2026-02-18T23:00:48.5127624Z ##[endgroup]
audit-pods	Checkout repository	2026-02-18T23:00:48.5131061Z [command]/usr/bin/git log -1 --format=%H
audit-pods	Checkout repository	2026-02-18T23:00:48.5165919Z 9173fc104f0a192d0b942752275c4c3059521e8a
audit-pods	Execute Audit Script	ï»¿2026-02-18T23:00:48.5562432Z Prepare all required actions
audit-pods	Execute Audit Script	2026-02-18T23:00:48.5718444Z ##[group]Run ./.github/actions/ssh-exec
audit-pods	Execute Audit Script	2026-02-18T23:00:48.5718951Z with:
audit-pods	Execute Audit Script	2026-02-18T23:00:48.5719620Z   host: ***
audit-pods	Execute Audit Script	2026-02-18T23:00:48.5719891Z   username: ***
audit-pods	Execute Audit Script	2026-02-18T23:00:48.5722031Z   key: ***
audit-pods	Execute Audit Script	2026-02-18T23:00:48.5722274Z   port: ***
audit-pods	Execute Audit Script	2026-02-18T23:00:48.5722503Z   use-sudo: true
audit-pods	Execute Audit Script	2026-02-18T23:00:48.5722768Z   pass: ***
audit-pods	Execute Audit Script	2026-02-18T23:00:48.5723083Z   script-path: devops/core/k8s/audit-failed-pods.sh
audit-pods	Execute Audit Script	2026-02-18T23:00:48.5723468Z   remote-results-path: /tmp/results
audit-pods	Execute Audit Script	2026-02-18T23:00:48.5723791Z   local-results-path: audit/kube/
audit-pods	Execute Audit Script	2026-02-18T23:00:48.5724110Z   remote-tmp-dir: /tmp
audit-pods	Execute Audit Script	2026-02-18T23:00:48.5724364Z env:
audit-pods	Execute Audit Script	2026-02-18T23:00:48.5724600Z   KAOS_MODULE: [Ka0S] Audit Pods
audit-pods	Execute Audit Script	2026-02-18T23:00:48.5724902Z   KAOS_CODE: 22161116581
audit-pods	Execute Audit Script	2026-02-18T23:00:48.5725716Z ##[endgroup]
audit-pods	Execute Audit Script	2026-02-18T23:00:48.5849848Z ##[group]Run echo "***
audit-pods	Execute Audit Script	2026-02-18T23:00:48.5850344Z [36;1mecho "***[0m
audit-pods	Execute Audit Script	2026-02-18T23:00:48.5850862Z [36;1m***[0m
audit-pods	Execute Audit Script	2026-02-18T23:00:48.5851343Z [36;1m***[0m
audit-pods	Execute Audit Script	2026-02-18T23:00:48.5851887Z [36;1m***[0m
audit-pods	Execute Audit Script	2026-02-18T23:00:48.5852429Z [36;1m***[0m
audit-pods	Execute Audit Script	2026-02-18T23:00:48.5852861Z [36;1m***[0m
audit-pods	Execute Audit Script	2026-02-18T23:00:48.5853232Z [36;1m***" > /home/runner/_work/_temp/ssh_key[0m
audit-pods	Execute Audit Script	2026-02-18T23:00:48.5853622Z [36;1mchmod 600 /home/runner/_work/_temp/ssh_key[0m
audit-pods	Execute Audit Script	2026-02-18T23:00:48.5871827Z shell: /usr/bin/bash --noprofile --norc -e -o pipefail {0}
audit-pods	Execute Audit Script	2026-02-18T23:00:48.5884878Z env:
audit-pods	Execute Audit Script	2026-02-18T23:00:48.5885597Z   KAOS_MODULE: [Ka0S] Audit Pods
audit-pods	Execute Audit Script	2026-02-18T23:00:48.5885918Z   KAOS_CODE: 22161116581
audit-pods	Execute Audit Script	2026-02-18T23:00:48.5886194Z ##[endgroup]
audit-pods	Execute Audit Script	2026-02-18T23:00:48.6039058Z ##[group]Run scp -o StrictHostKeyChecking=no -i /home/runner/_work/_temp/ssh_key -P *** devops/core/k8s/audit-failed-pods.sh ***@***:/tmp
audit-pods	Execute Audit Script	2026-02-18T23:00:48.6040254Z [36;1mscp -o StrictHostKeyChecking=no -i /home/runner/_work/_temp/ssh_key -P *** devops/core/k8s/audit-failed-pods.sh ***@***:/tmp[0m
audit-pods	Execute Audit Script	2026-02-18T23:00:48.6053084Z shell: /usr/bin/bash --noprofile --norc -e -o pipefail {0}
audit-pods	Execute Audit Script	2026-02-18T23:00:48.6053526Z env:
audit-pods	Execute Audit Script	2026-02-18T23:00:48.6053778Z   KAOS_MODULE: [Ka0S] Audit Pods
audit-pods	Execute Audit Script	2026-02-18T23:00:48.6054086Z   KAOS_CODE: 22161116581
audit-pods	Execute Audit Script	2026-02-18T23:00:48.6054361Z ##[endgroup]
audit-pods	Execute Audit Script	2026-02-18T23:00:48.8797775Z Warning: Permanently added '[***]:***' (ED25519) to the list of known hosts.
audit-pods	Execute Audit Script	2026-02-18T23:00:49.4242514Z ##[group]Run REMOTE_SCRIPT_PATH="/tmp/$(basename devops/core/k8s/audit-failed-pods.sh)"
audit-pods	Execute Audit Script	2026-02-18T23:00:49.4243334Z [36;1mREMOTE_SCRIPT_PATH="/tmp/$(basename devops/core/k8s/audit-failed-pods.sh)"[0m
audit-pods	Execute Audit Script	2026-02-18T23:00:49.4243948Z [36;1mEXEC_COMMAND="chmod +x $REMOTE_SCRIPT_PATH && $REMOTE_SCRIPT_PATH "[0m
audit-pods	Execute Audit Script	2026-02-18T23:00:49.4244414Z [36;1mif [[ "true" == "true" ]]; then[0m
audit-pods	Execute Audit Script	2026-02-18T23:00:49.4246976Z [36;1m  SUDO_PREFIX="echo '***' | sudo -S"[0m
audit-pods	Execute Audit Script	2026-02-18T23:00:49.4247451Z [36;1m  COMMAND_CHAIN="$SUDO_PREFIX bash -c '$EXEC_COMMAND'"[0m
audit-pods	Execute Audit Script	2026-02-18T23:00:49.4247881Z [36;1m  if [[ "/tmp/results" != "" ]]; then[0m
audit-pods	Execute Audit Script	2026-02-18T23:00:49.4248351Z [36;1m    COMMAND_CHAIN="$COMMAND_CHAIN && $SUDO_PREFIX chmod -R 777 /tmp/results"[0m
audit-pods	Execute Audit Script	2026-02-18T23:00:49.4248948Z [36;1m  fi[0m
audit-pods	Execute Audit Script	2026-02-18T23:00:49.4249610Z [36;1m  ssh -o StrictHostKeyChecking=no -i /home/runner/_work/_temp/ssh_key -p *** ***@*** "$COMMAND_CHAIN && rm $REMOTE_SCRIPT_PATH"[0m
audit-pods	Execute Audit Script	2026-02-18T23:00:49.4250232Z [36;1melse[0m
audit-pods	Execute Audit Script	2026-02-18T23:00:49.4250841Z [36;1m  ssh -o StrictHostKeyChecking=no -i /home/runner/_work/_temp/ssh_key -p *** ***@*** "$EXEC_COMMAND && rm $REMOTE_SCRIPT_PATH"[0m
audit-pods	Execute Audit Script	2026-02-18T23:00:49.4251452Z [36;1mfi[0m
audit-pods	Execute Audit Script	2026-02-18T23:00:49.4264283Z shell: /usr/bin/bash --noprofile --norc -e -o pipefail {0}
audit-pods	Execute Audit Script	2026-02-18T23:00:49.4264694Z env:
audit-pods	Execute Audit Script	2026-02-18T23:00:49.4264946Z   KAOS_MODULE: [Ka0S] Audit Pods
audit-pods	Execute Audit Script	2026-02-18T23:00:49.4265501Z   KAOS_CODE: 22161116581
audit-pods	Execute Audit Script	2026-02-18T23:00:49.4265778Z ##[endgroup]
audit-pods	Execute Audit Script	2026-02-18T23:00:50.2184883Z [INFO] Iniciando auditorÃ­a de pods fallidos...
audit-pods	Execute Audit Script	2026-02-18T23:00:50.2185616Z [INFO] Directorio de salida: /tmp/results
audit-pods	Execute Audit Script	2026-02-18T23:00:50.6122391Z [SUCCESS] AuditorÃ­a finalizada. Se encontraron 2 pods con problemas.
audit-pods	Execute Audit Script	2026-02-18T23:00:50.6123828Z [INFO] Resultado guardado en: /tmp/results/failed_pods.json
audit-pods	Execute Audit Script	2026-02-18T23:00:50.6489661Z [sudo] password for ***: 
audit-pods	Execute Audit Script	2026-02-18T23:00:50.6558006Z ##[group]Run mkdir -p audit/kube/
audit-pods	Execute Audit Script	2026-02-18T23:00:50.6558387Z [36;1mmkdir -p audit/kube/[0m
audit-pods	Execute Audit Script	2026-02-18T23:00:50.6559164Z [36;1mscp -o StrictHostKeyChecking=no -r -i /home/runner/_work/_temp/ssh_key -P *** ***@***:/tmp/results/* audit/kube/[0m
audit-pods	Execute Audit Script	2026-02-18T23:00:50.6559861Z [36;1mecho "path=audit/kube/" >> $GITHUB_OUTPUT[0m
audit-pods	Execute Audit Script	2026-02-18T23:00:50.6574119Z shell: /usr/bin/bash --noprofile --norc -e -o pipefail {0}
audit-pods	Execute Audit Script	2026-02-18T23:00:50.6574543Z env:
audit-pods	Execute Audit Script	2026-02-18T23:00:50.6574829Z   KAOS_MODULE: [Ka0S] Audit Pods
audit-pods	Execute Audit Script	2026-02-18T23:00:50.6575345Z   KAOS_CODE: 22161116581
audit-pods	Execute Audit Script	2026-02-18T23:00:50.6575638Z ##[endgroup]
audit-pods	Commit Results	ï»¿2026-02-18T23:00:51.1684082Z ##[group]Run git config --global user.name "Ka0s Bot"
audit-pods	Commit Results	2026-02-18T23:00:51.1684609Z [36;1mgit config --global user.name "Ka0s Bot"[0m
audit-pods	Commit Results	2026-02-18T23:00:51.1685082Z [36;1mgit config --global user.email "bot@ka0s.io"[0m
audit-pods	Commit Results	2026-02-18T23:00:51.1685596Z [36;1mgit add audit/kube/failed_pods.json[0m
audit-pods	Commit Results	2026-02-18T23:00:51.1685968Z [36;1mif ! git diff --staged --quiet; then[0m
audit-pods	Commit Results	2026-02-18T23:00:51.1686456Z [36;1m  git commit -m "[Audit] Update failed pods report $(date +'%Y-%m-%d %H:%M')"[0m
audit-pods	Commit Results	2026-02-18T23:00:51.1686932Z [36;1m  git push[0m
audit-pods	Commit Results	2026-02-18T23:00:51.1694849Z [36;1melse[0m
audit-pods	Commit Results	2026-02-18T23:00:51.1695676Z [36;1m  echo "No changes in failed pods report."[0m
audit-pods	Commit Results	2026-02-18T23:00:51.1696046Z [36;1mfi[0m
audit-pods	Commit Results	2026-02-18T23:00:51.1709454Z shell: /usr/bin/bash -e {0}
audit-pods	Commit Results	2026-02-18T23:00:51.1709765Z env:
audit-pods	Commit Results	2026-02-18T23:00:51.1710022Z   KAOS_MODULE: [Ka0S] Audit Pods
audit-pods	Commit Results	2026-02-18T23:00:51.1710331Z   KAOS_CODE: 22161116581
audit-pods	Commit Results	2026-02-18T23:00:51.1710598Z ##[endgroup]
audit-pods	Commit Results	2026-02-18T23:00:51.4122334Z [main dfdb620] [Audit] Update failed pods report 2026-02-18 23:00
audit-pods	Commit Results	2026-02-18T23:00:51.4123264Z  1 file changed, 554 insertions(+)
audit-pods	Commit Results	2026-02-18T23:00:51.4123659Z  create mode 100755 audit/kube/failed_pods.json
audit-pods	Commit Results	2026-02-18T23:00:52.2654037Z To https://github.com/Ka0s-Klaus/ka0s
audit-pods	Commit Results	2026-02-18T23:00:52.2655589Z    9173fc1..dfdb620  main -> main
audit-pods	Check iTop connectivity	ï»¿2026-02-18T23:00:52.2900016Z ##[group]Run echo "Checking connectivity to $ITOP_URL/webservices/rest.php?version=1.3"
audit-pods	Check iTop connectivity	2026-02-18T23:00:52.2901422Z [36;1mecho "Checking connectivity to $ITOP_URL/webservices/rest.php?version=1.3"[0m
audit-pods	Check iTop connectivity	2026-02-18T23:00:52.2904054Z [36;1mcurl --silent --show-error --fail --insecure --max-time 10 "$ITOP_URL/webservices/rest.php?version=1.3" || exit 1[0m
audit-pods	Check iTop connectivity	2026-02-18T23:00:52.2922853Z shell: /usr/bin/bash -e {0}
audit-pods	Check iTop connectivity	2026-02-18T23:00:52.2923332Z env:
audit-pods	Check iTop connectivity	2026-02-18T23:00:52.2923713Z   KAOS_MODULE: [Ka0S] Audit Pods
audit-pods	Check iTop connectivity	2026-02-18T23:00:52.2924182Z   KAOS_CODE: 22161116581
audit-pods	Check iTop connectivity	2026-02-18T23:00:52.2924788Z   ITOP_URL: ***
audit-pods	Check iTop connectivity	2026-02-18T23:00:52.2925484Z ##[endgroup]
audit-pods	Check iTop connectivity	2026-02-18T23:00:52.2995994Z Checking connectivity to ***/webservices/rest.php?version=1.3
audit-pods	Check iTop connectivity	2026-02-18T23:00:52.4064535Z {"code":1,"message":"Error: Invalid login"}
audit-pods	Process Tickets in iTop	ï»¿2026-02-18T23:00:52.4104766Z ##[group]Run python3 devops/core/k8s/process-failed-pods.py
audit-pods	Process Tickets in iTop	2026-02-18T23:00:52.4106072Z [36;1mpython3 devops/core/k8s/process-failed-pods.py[0m
audit-pods	Process Tickets in iTop	2026-02-18T23:00:52.4117823Z shell: /usr/bin/bash -e {0}
audit-pods	Process Tickets in iTop	2026-02-18T23:00:52.4118145Z env:
audit-pods	Process Tickets in iTop	2026-02-18T23:00:52.4118405Z   KAOS_MODULE: [Ka0S] Audit Pods
audit-pods	Process Tickets in iTop	2026-02-18T23:00:52.4118722Z   KAOS_CODE: 22161116581
audit-pods	Process Tickets in iTop	2026-02-18T23:00:52.4119113Z   ITOP_URL: ***
audit-pods	Process Tickets in iTop	2026-02-18T23:00:52.4119415Z   ITOP_USER: ***
audit-pods	Process Tickets in iTop	2026-02-18T23:00:52.4119723Z   ITOP_PASSWORD: ***
audit-pods	Process Tickets in iTop	2026-02-18T23:00:52.4120009Z   ITOP_ORIGIN: ***
audit-pods	Process Tickets in iTop	2026-02-18T23:00:52.4120321Z   FAILED_PODS_FILE: audit/kube/failed_pods.json
audit-pods	Process Tickets in iTop	2026-02-18T23:00:52.4120686Z ##[endgroup]
audit-pods	Process Tickets in iTop	2026-02-18T23:00:53.0814502Z [INFO] Current Failed Pods: 2
audit-pods	Process Tickets in iTop	2026-02-18T23:00:53.0815485Z [DEBUG] POST to ***/webservices/rest.php?version=1.3
audit-pods	Process Tickets in iTop	2026-02-18T23:00:53.0815962Z [INFO] Open Audit Tickets: 0
audit-pods	Process Tickets in iTop	2026-02-18T23:00:53.0816385Z [ACTION] Creating ticket for elk/mongodb-sync-29522790-mhzff...
audit-pods	Process Tickets in iTop	2026-02-18T23:00:53.0816967Z [DEBUG] POST to ***/webservices/rest.php?version=1.3
audit-pods	Process Tickets in iTop	2026-02-18T23:00:53.0818240Z [ERROR] Create Failed: Error: Unexpected value for attribute 'Origin' (origin) : Value not allowed [***]: issues = {0=>Unexpected value for attribute 'Origin' (origin) : Value not allowed [***]}, class = UserRequest, id = -1
audit-pods	Process Tickets in iTop	2026-02-18T23:00:53.0819337Z [ACTION] Creating ticket for elk/mongodb-sync-29524230-jzrj7...
audit-pods	Process Tickets in iTop	2026-02-18T23:00:53.0819909Z [DEBUG] POST to ***/webservices/rest.php?version=1.3
audit-pods	Process Tickets in iTop	2026-02-18T23:00:53.0821034Z [ERROR] Create Failed: Error: Unexpected value for attribute 'Origin' (origin) : Value not allowed [***]: issues = {0=>Unexpected value for attribute 'Origin' (origin) : Value not allowed [***]}, class = UserRequest, id = -1
audit-pods	Post Checkout repository	ï»¿2026-02-18T23:00:53.1087704Z Post job cleanup.
audit-pods	Post Checkout repository	2026-02-18T23:00:53.2266958Z [command]/usr/bin/git version
audit-pods	Post Checkout repository	2026-02-18T23:00:53.2268444Z git version 2.52.0
audit-pods	Post Checkout repository	2026-02-18T23:00:53.2304697Z Copying '/home/runner/.gitconfig' to '/home/runner/_work/_temp/e39914e7-bb4d-45da-830e-fcbdc250e588/.gitconfig'
audit-pods	Post Checkout repository	2026-02-18T23:00:53.2319150Z Temporarily overriding HOME='/home/runner/_work/_temp/e39914e7-bb4d-45da-830e-fcbdc250e588' before making global git config changes
audit-pods	Post Checkout repository	2026-02-18T23:00:53.2321038Z Adding repository directory to the temporary git global config as a safe directory
audit-pods	Post Checkout repository	2026-02-18T23:00:53.2324237Z [command]/usr/bin/git config --global --add safe.directory /home/runner/_work/ka0s/ka0s
audit-pods	Post Checkout repository	2026-02-18T23:00:53.2374375Z [command]/usr/bin/git config --local --name-only --get-regexp core\.sshCommand
audit-pods	Post Checkout repository	2026-02-18T23:00:53.2434321Z [command]/usr/bin/git submodule foreach --recursive sh -c "git config --local --name-only --get-regexp 'core\.sshCommand' && git config --local --unset-all 'core.sshCommand' || :"
audit-pods	Post Checkout repository	2026-02-18T23:00:53.2808587Z [command]/usr/bin/git config --local --name-only --get-regexp http\.https\:\/\/github\.com\/\.extraheader
audit-pods	Post Checkout repository	2026-02-18T23:00:53.2843686Z http.https://github.com/.extraheader
audit-pods	Post Checkout repository	2026-02-18T23:00:53.2856715Z [command]/usr/bin/git config --local --unset-all http.https://github.com/.extraheader
audit-pods	Post Checkout repository	2026-02-18T23:00:53.2903424Z [command]/usr/bin/git submodule foreach --recursive sh -c "git config --local --name-only --get-regexp 'http\.https\:\/\/github\.com\/\.extraheader' && git config --local --unset-all 'http.https://github.com/.extraheader' || :"
audit-pods	Post Checkout repository	2026-02-18T23:00:53.3299403Z [command]/usr/bin/git config --local --name-only --get-regexp ^includeIf\.gitdir:
audit-pods	Post Checkout repository	2026-02-18T23:00:53.3348917Z [command]/usr/bin/git submodule foreach --recursive git config --local --show-origin --name-only --get-regexp remote.origin.url
audit-pods	Complete job	ï»¿2026-02-18T23:00:53.3979156Z Cleaning up orphan processes
handle-success	Set up job	ï»¿2026-02-18T23:01:05.9170729Z Current runner version: '2.331.0'
handle-success	Set up job	2026-02-18T23:01:05.9179615Z Runner name: 'swarm-runners-scaleset-hkss5-runner-mrlsp'
handle-success	Set up job	2026-02-18T23:01:05.9180536Z Runner group name: 'Default'
handle-success	Set up job	2026-02-18T23:01:05.9181576Z Machine name: 'swarm-runners-scaleset-hkss5-runner-mrlsp'
handle-success	Set up job	2026-02-18T23:01:05.9185265Z ##[group]GITHUB_TOKEN Permissions
handle-success	Set up job	2026-02-18T23:01:05.9188136Z Actions: write
handle-success	Set up job	2026-02-18T23:01:05.9188689Z Contents: write
handle-success	Set up job	2026-02-18T23:01:05.9189287Z Issues: write
handle-success	Set up job	2026-02-18T23:01:05.9189849Z Metadata: read
handle-success	Set up job	2026-02-18T23:01:05.9190413Z ##[endgroup]
handle-success	Set up job	2026-02-18T23:01:05.9192495Z Secret source: Actions
handle-success	Set up job	2026-02-18T23:01:05.9193387Z Prepare workflow directory
handle-success	Set up job	2026-02-18T23:01:05.9740126Z Prepare all required actions
handle-success	Set up job	2026-02-18T23:01:05.9834364Z Complete job name: handle-success
handle-success	Run echo "[Ka0S] Audit Pods Success in runid 22161116581 initiated."	ï»¿2026-02-18T23:01:06.0497059Z ##[group]Run echo "[Ka0S] Audit Pods Success in runid 22161116581 initiated."
handle-success	Run echo "[Ka0S] Audit Pods Success in runid 22161116581 initiated."	2026-02-18T23:01:06.0498368Z [36;1mecho "[Ka0S] Audit Pods Success in runid 22161116581 initiated."[0m
handle-success	Run echo "[Ka0S] Audit Pods Success in runid 22161116581 initiated."	2026-02-18T23:01:06.0529135Z shell: /usr/bin/bash -e {0}
handle-success	Run echo "[Ka0S] Audit Pods Success in runid 22161116581 initiated."	2026-02-18T23:01:06.0530118Z env:
handle-success	Run echo "[Ka0S] Audit Pods Success in runid 22161116581 initiated."	2026-02-18T23:01:06.0530543Z   KAOS_MODULE: [Ka0S] Audit Pods
handle-success	Run echo "[Ka0S] Audit Pods Success in runid 22161116581 initiated."	2026-02-18T23:01:06.0531149Z   KAOS_CODE: 22161116581
handle-success	Run echo "[Ka0S] Audit Pods Success in runid 22161116581 initiated."	2026-02-18T23:01:06.0531570Z ##[endgroup]
handle-success	Run echo "[Ka0S] Audit Pods Success in runid 22161116581 initiated."	2026-02-18T23:01:06.0808635Z [Ka0S] Audit Pods Success in runid 22161116581 initiated.
handle-success	Complete job	ï»¿2026-02-18T23:01:06.0928934Z Cleaning up orphan processes
end-workflow	Set up job	ï»¿2026-02-18T23:01:21.9606499Z Current runner version: '2.331.0'
end-workflow	Set up job	2026-02-18T23:01:21.9615804Z Runner name: 'swarm-runners-scaleset-hkss5-runner-7fclq'
end-workflow	Set up job	2026-02-18T23:01:21.9616939Z Runner group name: 'Default'
end-workflow	Set up job	2026-02-18T23:01:21.9617955Z Machine name: 'swarm-runners-scaleset-hkss5-runner-7fclq'
end-workflow	Set up job	2026-02-18T23:01:21.9622205Z ##[group]GITHUB_TOKEN Permissions
end-workflow	Set up job	2026-02-18T23:01:21.9625758Z Actions: write
end-workflow	Set up job	2026-02-18T23:01:21.9626397Z Contents: write
end-workflow	Set up job	2026-02-18T23:01:21.9626934Z Issues: write
end-workflow	Set up job	2026-02-18T23:01:21.9627653Z Metadata: read
end-workflow	Set up job	2026-02-18T23:01:21.9628170Z ##[endgroup]
end-workflow	Set up job	2026-02-18T23:01:21.9630606Z Secret source: Actions
end-workflow	Set up job	2026-02-18T23:01:21.9631416Z Prepare workflow directory
end-workflow	Set up job	2026-02-18T23:01:22.0188998Z Prepare all required actions
end-workflow	Set up job	2026-02-18T23:01:22.0233423Z Getting action download info
end-workflow	Set up job	2026-02-18T23:01:22.6469329Z Download action repository 'actions/checkout@v4' (SHA:34e114876b0b11c390a56381ad16ebd13914f8d5)
end-workflow	Set up job	2026-02-18T23:01:23.6256482Z Complete job name: end-workflow
end-workflow	Checkout Repository	ï»¿2026-02-18T23:01:23.6967832Z ##[group]Run actions/checkout@v4
end-workflow	Checkout Repository	2026-02-18T23:01:23.6968950Z with:
end-workflow	Checkout Repository	2026-02-18T23:01:23.6969424Z   fetch-depth: 0
end-workflow	Checkout Repository	2026-02-18T23:01:23.6969902Z   repository: Ka0s-Klaus/ka0s
end-workflow	Checkout Repository	2026-02-18T23:01:23.6970728Z   token: ***
end-workflow	Checkout Repository	2026-02-18T23:01:23.6971177Z   ssh-strict: true
end-workflow	Checkout Repository	2026-02-18T23:01:23.6971648Z   ssh-user: git
end-workflow	Checkout Repository	2026-02-18T23:01:23.6972106Z   persist-credentials: true
end-workflow	Checkout Repository	2026-02-18T23:01:23.6972626Z   clean: true
end-workflow	Checkout Repository	2026-02-18T23:01:23.6973092Z   sparse-checkout-cone-mode: true
end-workflow	Checkout Repository	2026-02-18T23:01:23.6973662Z   fetch-tags: false
end-workflow	Checkout Repository	2026-02-18T23:01:23.6974130Z   show-progress: true
end-workflow	Checkout Repository	2026-02-18T23:01:23.6974604Z   lfs: false
end-workflow	Checkout Repository	2026-02-18T23:01:23.6975551Z   submodules: false
end-workflow	Checkout Repository	2026-02-18T23:01:23.6976225Z   set-safe-directory: true
end-workflow	Checkout Repository	2026-02-18T23:01:23.6977018Z env:
end-workflow	Checkout Repository	2026-02-18T23:01:23.6977474Z   KAOS_MODULE: [Ka0S] Audit Pods
end-workflow	Checkout Repository	2026-02-18T23:01:23.6978024Z   KAOS_CODE: 22161116581
end-workflow	Checkout Repository	2026-02-18T23:01:23.6978510Z ##[endgroup]
end-workflow	Checkout Repository	2026-02-18T23:01:23.8243636Z Syncing repository: Ka0s-Klaus/ka0s
end-workflow	Checkout Repository	2026-02-18T23:01:23.8246548Z ##[group]Getting Git version info
end-workflow	Checkout Repository	2026-02-18T23:01:23.8247483Z Working directory is '/home/runner/_work/ka0s/ka0s'
end-workflow	Checkout Repository	2026-02-18T23:01:23.8248610Z [command]/usr/bin/git version
end-workflow	Checkout Repository	2026-02-18T23:01:23.8249241Z git version 2.52.0
end-workflow	Checkout Repository	2026-02-18T23:01:23.8286685Z ##[endgroup]
end-workflow	Checkout Repository	2026-02-18T23:01:23.8294786Z Temporarily overriding HOME='/home/runner/_work/_temp/d46ece3b-60a6-4d9e-b3d2-07c8e208df3b' before making global git config changes
end-workflow	Checkout Repository	2026-02-18T23:01:23.8297303Z Adding repository directory to the temporary git global config as a safe directory
end-workflow	Checkout Repository	2026-02-18T23:01:23.8303269Z [command]/usr/bin/git config --global --add safe.directory /home/runner/_work/ka0s/ka0s
end-workflow	Checkout Repository	2026-02-18T23:01:23.8354481Z Deleting the contents of '/home/runner/_work/ka0s/ka0s'
end-workflow	Checkout Repository	2026-02-18T23:01:23.8371292Z ##[group]Initializing the repository
end-workflow	Checkout Repository	2026-02-18T23:01:23.8377607Z [command]/usr/bin/git init /home/runner/_work/ka0s/ka0s
end-workflow	Checkout Repository	2026-02-18T23:01:23.8480518Z hint: Using 'master' as the name for the initial branch. This default branch name
end-workflow	Checkout Repository	2026-02-18T23:01:23.8481826Z hint: will change to "main" in Git 3.0. To configure the initial branch name
end-workflow	Checkout Repository	2026-02-18T23:01:23.8482999Z hint: to use in all of your new repositories, which will suppress this warning,
end-workflow	Checkout Repository	2026-02-18T23:01:23.8483859Z hint: call:
end-workflow	Checkout Repository	2026-02-18T23:01:23.8484312Z hint:
end-workflow	Checkout Repository	2026-02-18T23:01:23.8484890Z hint: 	git config --global init.defaultBranch <name>
end-workflow	Checkout Repository	2026-02-18T23:01:23.8485764Z hint:
end-workflow	Checkout Repository	2026-02-18T23:01:23.8486417Z hint: Names commonly chosen instead of 'master' are 'main', 'trunk' and
end-workflow	Checkout Repository	2026-02-18T23:01:23.8487459Z hint: 'development'. The just-created branch can be renamed via this command:
end-workflow	Checkout Repository	2026-02-18T23:01:23.8488280Z hint:
end-workflow	Checkout Repository	2026-02-18T23:01:23.8488986Z hint: 	git branch -m <name>
end-workflow	Checkout Repository	2026-02-18T23:01:23.8489500Z hint:
end-workflow	Checkout Repository	2026-02-18T23:01:23.8490202Z hint: Disable this message with "git config set advice.defaultBranchName false"
end-workflow	Checkout Repository	2026-02-18T23:01:23.8491332Z Initialized empty Git repository in /home/runner/_work/ka0s/ka0s/.git/
end-workflow	Checkout Repository	2026-02-18T23:01:23.8495426Z [command]/usr/bin/git remote add origin https://github.com/Ka0s-Klaus/ka0s
end-workflow	Checkout Repository	2026-02-18T23:01:23.8544437Z ##[endgroup]
end-workflow	Checkout Repository	2026-02-18T23:01:23.8546168Z ##[group]Disabling automatic garbage collection
end-workflow	Checkout Repository	2026-02-18T23:01:23.8548242Z [command]/usr/bin/git config --local gc.auto 0
end-workflow	Checkout Repository	2026-02-18T23:01:23.8592660Z ##[endgroup]
end-workflow	Checkout Repository	2026-02-18T23:01:23.8593523Z ##[group]Setting up auth
end-workflow	Checkout Repository	2026-02-18T23:01:23.8601973Z [command]/usr/bin/git config --local --name-only --get-regexp core\.sshCommand
end-workflow	Checkout Repository	2026-02-18T23:01:23.8644810Z [command]/usr/bin/git submodule foreach --recursive sh -c "git config --local --name-only --get-regexp 'core\.sshCommand' && git config --local --unset-all 'core.sshCommand' || :"
end-workflow	Checkout Repository	2026-02-18T23:01:23.8990467Z [command]/usr/bin/git config --local --name-only --get-regexp http\.https\:\/\/github\.com\/\.extraheader
end-workflow	Checkout Repository	2026-02-18T23:01:23.9029711Z [command]/usr/bin/git submodule foreach --recursive sh -c "git config --local --name-only --get-regexp 'http\.https\:\/\/github\.com\/\.extraheader' && git config --local --unset-all 'http.https://github.com/.extraheader' || :"
end-workflow	Checkout Repository	2026-02-18T23:01:23.9382007Z [command]/usr/bin/git config --local --name-only --get-regexp ^includeIf\.gitdir:
end-workflow	Checkout Repository	2026-02-18T23:01:23.9426189Z [command]/usr/bin/git submodule foreach --recursive git config --local --show-origin --name-only --get-regexp remote.origin.url
end-workflow	Checkout Repository	2026-02-18T23:01:23.9770084Z [command]/usr/bin/git config --local http.https://github.com/.extraheader AUTHORIZATION: basic ***
end-workflow	Checkout Repository	2026-02-18T23:01:23.9826169Z ##[endgroup]
end-workflow	Checkout Repository	2026-02-18T23:01:23.9827192Z ##[group]Fetching the repository
end-workflow	Checkout Repository	2026-02-18T23:01:23.9834633Z [command]/usr/bin/git -c protocol.version=2 fetch --prune --no-recurse-submodules origin +refs/heads/*:refs/remotes/origin/* +refs/tags/*:refs/tags/*
end-workflow	Checkout Repository	2026-02-18T23:01:44.1257164Z From https://github.com/Ka0s-Klaus/ka0s
end-workflow	Checkout Repository	2026-02-18T23:01:44.1258262Z  * [new branch]          F3450-modelo-operativo -> origin/F3450-modelo-operativo
end-workflow	Checkout Repository	2026-02-18T23:01:44.1259022Z  * [new branch]          H1276-modulo-observabilidad -> origin/H1276-modulo-observabilidad
end-workflow	Checkout Repository	2026-02-18T23:01:44.1259671Z  * [new branch]          H3266-deploy-zabbix    -> origin/H3266-deploy-zabbix
end-workflow	Checkout Repository	2026-02-18T23:01:44.1260413Z  * [new branch]          H3596-deploy-itop      -> origin/H3596-deploy-itop
end-workflow	Checkout Repository	2026-02-18T23:01:44.1260940Z  * [new branch]          main                   -> origin/main
end-workflow	Checkout Repository	2026-02-18T23:01:44.1261406Z  * [new tag]             0.0.0                  -> 0.0.0
end-workflow	Checkout Repository	2026-02-18T23:01:44.1261860Z  * [new tag]             0.0.1                  -> 0.0.1
end-workflow	Checkout Repository	2026-02-18T23:01:44.1262386Z  * [new tag]             0.0.10                 -> 0.0.10
end-workflow	Checkout Repository	2026-02-18T23:01:44.1262883Z  * [new tag]             0.0.100                -> 0.0.100
end-workflow	Checkout Repository	2026-02-18T23:01:44.1263369Z  * [new tag]             0.0.101                -> 0.0.101
end-workflow	Checkout Repository	2026-02-18T23:01:44.1263973Z  * [new tag]             0.0.102                -> 0.0.102
end-workflow	Checkout Repository	2026-02-18T23:01:44.1264443Z  * [new tag]             0.0.103                -> 0.0.103
end-workflow	Checkout Repository	2026-02-18T23:01:44.1266749Z  * [new tag]             0.0.104                -> 0.0.104
end-workflow	Checkout Repository	2026-02-18T23:01:44.1267503Z  * [new tag]             0.0.105                -> 0.0.105
end-workflow	Checkout Repository	2026-02-18T23:01:44.1268017Z  * [new tag]             0.0.106                -> 0.0.106
end-workflow	Checkout Repository	2026-02-18T23:01:44.1268447Z  * [new tag]             0.0.107                -> 0.0.107
end-workflow	Checkout Repository	2026-02-18T23:01:44.1268846Z  * [new tag]             0.0.108                -> 0.0.108
end-workflow	Checkout Repository	2026-02-18T23:01:44.1269273Z  * [new tag]             0.0.109                -> 0.0.109
end-workflow	Checkout Repository	2026-02-18T23:01:44.1269679Z  * [new tag]             0.0.11                 -> 0.0.11
end-workflow	Checkout Repository	2026-02-18T23:01:44.1270161Z  * [new tag]             0.0.110                -> 0.0.110
end-workflow	Checkout Repository	2026-02-18T23:01:44.1270574Z  * [new tag]             0.0.111                -> 0.0.111
end-workflow	Checkout Repository	2026-02-18T23:01:44.1271039Z  * [new tag]             0.0.112                -> 0.0.112
end-workflow	Checkout Repository	2026-02-18T23:01:44.1271461Z  * [new tag]             0.0.113                -> 0.0.113
end-workflow	Checkout Repository	2026-02-18T23:01:44.1271889Z  * [new tag]             0.0.114                -> 0.0.114
end-workflow	Checkout Repository	2026-02-18T23:01:44.1272461Z  * [new tag]             0.0.115                -> 0.0.115
end-workflow	Checkout Repository	2026-02-18T23:01:44.1272876Z  * [new tag]             0.0.116                -> 0.0.116
end-workflow	Checkout Repository	2026-02-18T23:01:44.1274144Z  * [new tag]             0.0.117                -> 0.0.117
end-workflow	Checkout Repository	2026-02-18T23:01:44.1274569Z  * [new tag]             0.0.118                -> 0.0.118
end-workflow	Checkout Repository	2026-02-18T23:01:44.1275164Z  * [new tag]             0.0.119                -> 0.0.119
end-workflow	Checkout Repository	2026-02-18T23:01:44.1275660Z  * [new tag]             0.0.12                 -> 0.0.12
end-workflow	Checkout Repository	2026-02-18T23:01:44.1276065Z  * [new tag]             0.0.120                -> 0.0.120
end-workflow	Checkout Repository	2026-02-18T23:01:44.1276483Z  * [new tag]             0.0.121                -> 0.0.121
end-workflow	Checkout Repository	2026-02-18T23:01:44.1276899Z  * [new tag]             0.0.122                -> 0.0.122
end-workflow	Checkout Repository	2026-02-18T23:01:44.1277328Z  * [new tag]             0.0.123                -> 0.0.123
end-workflow	Checkout Repository	2026-02-18T23:01:44.1277745Z  * [new tag]             0.0.124                -> 0.0.124
end-workflow	Checkout Repository	2026-02-18T23:01:44.1278174Z  * [new tag]             0.0.125                -> 0.0.125
end-workflow	Checkout Repository	2026-02-18T23:01:44.1278588Z  * [new tag]             0.0.126                -> 0.0.126
end-workflow	Checkout Repository	2026-02-18T23:01:44.1279001Z  * [new tag]             0.0.127                -> 0.0.127
end-workflow	Checkout Repository	2026-02-18T23:01:44.1283303Z  * [new tag]             0.0.128                -> 0.0.128
end-workflow	Checkout Repository	2026-02-18T23:01:44.1283714Z  * [new tag]             0.0.129                -> 0.0.129
end-workflow	Checkout Repository	2026-02-18T23:01:44.1284126Z  * [new tag]             0.0.13                 -> 0.0.13
end-workflow	Checkout Repository	2026-02-18T23:01:44.1284529Z  * [new tag]             0.0.130                -> 0.0.130
end-workflow	Checkout Repository	2026-02-18T23:01:44.1285172Z  * [new tag]             0.0.131                -> 0.0.131
end-workflow	Checkout Repository	2026-02-18T23:01:44.1285603Z  * [new tag]             0.0.132                -> 0.0.132
end-workflow	Checkout Repository	2026-02-18T23:01:44.1286009Z  * [new tag]             0.0.133                -> 0.0.133
end-workflow	Checkout Repository	2026-02-18T23:01:44.1286420Z  * [new tag]             0.0.134                -> 0.0.134
end-workflow	Checkout Repository	2026-02-18T23:01:44.1286825Z  * [new tag]             0.0.135                -> 0.0.135
end-workflow	Checkout Repository	2026-02-18T23:01:44.1287235Z  * [new tag]             0.0.136                -> 0.0.136
end-workflow	Checkout Repository	2026-02-18T23:01:44.1287640Z  * [new tag]             0.0.137                -> 0.0.137
end-workflow	Checkout Repository	2026-02-18T23:01:44.1288054Z  * [new tag]             0.0.138                -> 0.0.138
end-workflow	Checkout Repository	2026-02-18T23:01:44.1288472Z  * [new tag]             0.0.139                -> 0.0.139
end-workflow	Checkout Repository	2026-02-18T23:01:44.1288876Z  * [new tag]             0.0.14                 -> 0.0.14
end-workflow	Checkout Repository	2026-02-18T23:01:44.1289293Z  * [new tag]             0.0.140                -> 0.0.140
end-workflow	Checkout Repository	2026-02-18T23:01:44.1289703Z  * [new tag]             0.0.141                -> 0.0.141
end-workflow	Checkout Repository	2026-02-18T23:01:44.1290106Z  * [new tag]             0.0.142                -> 0.0.142
end-workflow	Checkout Repository	2026-02-18T23:01:44.1290519Z  * [new tag]             0.0.143                -> 0.0.143
end-workflow	Checkout Repository	2026-02-18T23:01:44.1290919Z  * [new tag]             0.0.144                -> 0.0.144
end-workflow	Checkout Repository	2026-02-18T23:01:44.1291326Z  * [new tag]             0.0.145                -> 0.0.145
end-workflow	Checkout Repository	2026-02-18T23:01:44.1291727Z  * [new tag]             0.0.146                -> 0.0.146
end-workflow	Checkout Repository	2026-02-18T23:01:44.1292139Z  * [new tag]             0.0.147                -> 0.0.147
end-workflow	Checkout Repository	2026-02-18T23:01:44.1292550Z  * [new tag]             0.0.148                -> 0.0.148
end-workflow	Checkout Repository	2026-02-18T23:01:44.1292964Z  * [new tag]             0.0.149                -> 0.0.149
end-workflow	Checkout Repository	2026-02-18T23:01:44.1293375Z  * [new tag]             0.0.15                 -> 0.0.15
end-workflow	Checkout Repository	2026-02-18T23:01:44.1293780Z  * [new tag]             0.0.150                -> 0.0.150
end-workflow	Checkout Repository	2026-02-18T23:01:44.1294207Z  * [new tag]             0.0.151                -> 0.0.151
end-workflow	Checkout Repository	2026-02-18T23:01:44.1294723Z  * [new tag]             0.0.152                -> 0.0.152
end-workflow	Checkout Repository	2026-02-18T23:01:44.1303143Z  * [new tag]             0.0.153                -> 0.0.153
end-workflow	Checkout Repository	2026-02-18T23:01:44.1303566Z  * [new tag]             0.0.154                -> 0.0.154
end-workflow	Checkout Repository	2026-02-18T23:01:44.1303972Z  * [new tag]             0.0.155                -> 0.0.155
end-workflow	Checkout Repository	2026-02-18T23:01:44.1304379Z  * [new tag]             0.0.156                -> 0.0.156
end-workflow	Checkout Repository	2026-02-18T23:01:44.1304789Z  * [new tag]             0.0.157                -> 0.0.157
end-workflow	Checkout Repository	2026-02-18T23:01:44.1305381Z  * [new tag]             0.0.158                -> 0.0.158
end-workflow	Checkout Repository	2026-02-18T23:01:44.1305802Z  * [new tag]             0.0.159                -> 0.0.159
end-workflow	Checkout Repository	2026-02-18T23:01:44.1313785Z  * [new tag]             0.0.16                 -> 0.0.16
end-workflow	Checkout Repository	2026-02-18T23:01:44.1314207Z  * [new tag]             0.0.160                -> 0.0.160
end-workflow	Checkout Repository	2026-02-18T23:01:44.1314619Z  * [new tag]             0.0.161                -> 0.0.161
end-workflow	Checkout Repository	2026-02-18T23:01:44.1316944Z  * [new tag]             0.0.162                -> 0.0.162
end-workflow	Checkout Repository	2026-02-18T23:01:44.1317379Z  * [new tag]             0.0.163                -> 0.0.163
end-workflow	Checkout Repository	2026-02-18T23:01:44.1317792Z  * [new tag]             0.0.164                -> 0.0.164
end-workflow	Checkout Repository	2026-02-18T23:01:44.1318218Z  * [new tag]             0.0.165                -> 0.0.165
end-workflow	Checkout Repository	2026-02-18T23:01:44.1318630Z  * [new tag]             0.0.166                -> 0.0.166
end-workflow	Checkout Repository	2026-02-18T23:01:44.1319043Z  * [new tag]             0.0.167                -> 0.0.167
end-workflow	Checkout Repository	2026-02-18T23:01:44.1319457Z  * [new tag]             0.0.168                -> 0.0.168
end-workflow	Checkout Repository	2026-02-18T23:01:44.1319881Z  * [new tag]             0.0.169                -> 0.0.169
end-workflow	Checkout Repository	2026-02-18T23:01:44.1320660Z  * [new tag]             0.0.17                 -> 0.0.17
end-workflow	Checkout Repository	2026-02-18T23:01:44.1321202Z  * [new tag]             0.0.170                -> 0.0.170
end-workflow	Checkout Repository	2026-02-18T23:01:44.1321605Z  * [new tag]             0.0.171                -> 0.0.171
end-workflow	Checkout Repository	2026-02-18T23:01:44.1322015Z  * [new tag]             0.0.172                -> 0.0.172
end-workflow	Checkout Repository	2026-02-18T23:01:44.1322419Z  * [new tag]             0.0.173                -> 0.0.173
end-workflow	Checkout Repository	2026-02-18T23:01:44.1322830Z  * [new tag]             0.0.174                -> 0.0.174
end-workflow	Checkout Repository	2026-02-18T23:01:44.1323231Z  * [new tag]             0.0.175                -> 0.0.175
end-workflow	Checkout Repository	2026-02-18T23:01:44.1323629Z  * [new tag]             0.0.176                -> 0.0.176
end-workflow	Checkout Repository	2026-02-18T23:01:44.1324028Z  * [new tag]             0.0.177                -> 0.0.177
end-workflow	Checkout Repository	2026-02-18T23:01:44.1324424Z  * [new tag]             0.0.178                -> 0.0.178
end-workflow	Checkout Repository	2026-02-18T23:01:44.1324828Z  * [new tag]             0.0.179                -> 0.0.179
end-workflow	Checkout Repository	2026-02-18T23:01:44.1326859Z  * [new tag]             0.0.18                 -> 0.0.18
end-workflow	Checkout Repository	2026-02-18T23:01:44.1348615Z  * [new tag]             0.0.19                 -> 0.0.19
end-workflow	Checkout Repository	2026-02-18T23:01:44.1349120Z  * [new tag]             0.0.2                  -> 0.0.2
end-workflow	Checkout Repository	2026-02-18T23:01:44.1349550Z  * [new tag]             0.0.20                 -> 0.0.20
end-workflow	Checkout Repository	2026-02-18T23:01:44.1349970Z  * [new tag]             0.0.21                 -> 0.0.21
end-workflow	Checkout Repository	2026-02-18T23:01:44.1350395Z  * [new tag]             0.0.22                 -> 0.0.22
end-workflow	Checkout Repository	2026-02-18T23:01:44.1350817Z  * [new tag]             0.0.23                 -> 0.0.23
end-workflow	Checkout Repository	2026-02-18T23:01:44.1351229Z  * [new tag]             0.0.24                 -> 0.0.24
end-workflow	Checkout Repository	2026-02-18T23:01:44.1351646Z  * [new tag]             0.0.25                 -> 0.0.25
end-workflow	Checkout Repository	2026-02-18T23:01:44.1352055Z  * [new tag]             0.0.26                 -> 0.0.26
end-workflow	Checkout Repository	2026-02-18T23:01:44.1352469Z  * [new tag]             0.0.27                 -> 0.0.27
end-workflow	Checkout Repository	2026-02-18T23:01:44.1352886Z  * [new tag]             0.0.28                 -> 0.0.28
end-workflow	Checkout Repository	2026-02-18T23:01:44.1353296Z  * [new tag]             0.0.29                 -> 0.0.29
end-workflow	Checkout Repository	2026-02-18T23:01:44.1353758Z  * [new tag]             0.0.3                  -> 0.0.3
end-workflow	Checkout Repository	2026-02-18T23:01:44.1354171Z  * [new tag]             0.0.30                 -> 0.0.30
end-workflow	Checkout Repository	2026-02-18T23:01:44.1354580Z  * [new tag]             0.0.31                 -> 0.0.31
end-workflow	Checkout Repository	2026-02-18T23:01:44.1358723Z  * [new tag]             0.0.32                 -> 0.0.32
end-workflow	Checkout Repository	2026-02-18T23:01:44.1359234Z  * [new tag]             0.0.33                 -> 0.0.33
end-workflow	Checkout Repository	2026-02-18T23:01:44.1359647Z  * [new tag]             0.0.34                 -> 0.0.34
end-workflow	Checkout Repository	2026-02-18T23:01:44.1360061Z  * [new tag]             0.0.35                 -> 0.0.35
end-workflow	Checkout Repository	2026-02-18T23:01:44.1360500Z  * [new tag]             0.0.36                 -> 0.0.36
end-workflow	Checkout Repository	2026-02-18T23:01:44.1360929Z  * [new tag]             0.0.37                 -> 0.0.37
end-workflow	Checkout Repository	2026-02-18T23:01:44.1361382Z  * [new tag]             0.0.38                 -> 0.0.38
end-workflow	Checkout Repository	2026-02-18T23:01:44.1361788Z  * [new tag]             0.0.39                 -> 0.0.39
end-workflow	Checkout Repository	2026-02-18T23:01:44.1362229Z  * [new tag]             0.0.4                  -> 0.0.4
end-workflow	Checkout Repository	2026-02-18T23:01:44.1363108Z  * [new tag]             0.0.40                 -> 0.0.40
end-workflow	Checkout Repository	2026-02-18T23:01:44.1363515Z  * [new tag]             0.0.41                 -> 0.0.41
end-workflow	Checkout Repository	2026-02-18T23:01:44.1363917Z  * [new tag]             0.0.42                 -> 0.0.42
end-workflow	Checkout Repository	2026-02-18T23:01:44.1364313Z  * [new tag]             0.0.43                 -> 0.0.43
end-workflow	Checkout Repository	2026-02-18T23:01:44.1364712Z  * [new tag]             0.0.44                 -> 0.0.44
end-workflow	Checkout Repository	2026-02-18T23:01:44.1365386Z  * [new tag]             0.0.45                 -> 0.0.45
end-workflow	Checkout Repository	2026-02-18T23:01:44.1365802Z  * [new tag]             0.0.46                 -> 0.0.46
end-workflow	Checkout Repository	2026-02-18T23:01:44.1366203Z  * [new tag]             0.0.47                 -> 0.0.47
end-workflow	Checkout Repository	2026-02-18T23:01:44.1366728Z  * [new tag]             0.0.48                 -> 0.0.48
end-workflow	Checkout Repository	2026-02-18T23:01:44.1367124Z  * [new tag]             0.0.49                 -> 0.0.49
end-workflow	Checkout Repository	2026-02-18T23:01:44.1367519Z  * [new tag]             0.0.5                  -> 0.0.5
end-workflow	Checkout Repository	2026-02-18T23:01:44.1368167Z  * [new tag]             0.0.50                 -> 0.0.50
end-workflow	Checkout Repository	2026-02-18T23:01:44.1368576Z  * [new tag]             0.0.51                 -> 0.0.51
end-workflow	Checkout Repository	2026-02-18T23:01:44.1368976Z  * [new tag]             0.0.52                 -> 0.0.52
end-workflow	Checkout Repository	2026-02-18T23:01:44.1369369Z  * [new tag]             0.0.53                 -> 0.0.53
end-workflow	Checkout Repository	2026-02-18T23:01:44.1369772Z  * [new tag]             0.0.54                 -> 0.0.54
end-workflow	Checkout Repository	2026-02-18T23:01:44.1370170Z  * [new tag]             0.0.55                 -> 0.0.55
end-workflow	Checkout Repository	2026-02-18T23:01:44.1370571Z  * [new tag]             0.0.56                 -> 0.0.56
end-workflow	Checkout Repository	2026-02-18T23:01:44.1370972Z  * [new tag]             0.0.57                 -> 0.0.57
end-workflow	Checkout Repository	2026-02-18T23:01:44.1371369Z  * [new tag]             0.0.58                 -> 0.0.58
end-workflow	Checkout Repository	2026-02-18T23:01:44.1371771Z  * [new tag]             0.0.59                 -> 0.0.59
end-workflow	Checkout Repository	2026-02-18T23:01:44.1372170Z  * [new tag]             0.0.6                  -> 0.0.6
end-workflow	Checkout Repository	2026-02-18T23:01:44.1372574Z  * [new tag]             0.0.60                 -> 0.0.60
end-workflow	Checkout Repository	2026-02-18T23:01:44.1372989Z  * [new tag]             0.0.61                 -> 0.0.61
end-workflow	Checkout Repository	2026-02-18T23:01:44.1373382Z  * [new tag]             0.0.62                 -> 0.0.62
end-workflow	Checkout Repository	2026-02-18T23:01:44.1373779Z  * [new tag]             0.0.63                 -> 0.0.63
end-workflow	Checkout Repository	2026-02-18T23:01:44.1374170Z  * [new tag]             0.0.64                 -> 0.0.64
end-workflow	Checkout Repository	2026-02-18T23:01:44.1374563Z  * [new tag]             0.0.65                 -> 0.0.65
end-workflow	Checkout Repository	2026-02-18T23:01:44.1374957Z  * [new tag]             0.0.66                 -> 0.0.66
end-workflow	Checkout Repository	2026-02-18T23:01:44.1375640Z  * [new tag]             0.0.67                 -> 0.0.67
end-workflow	Checkout Repository	2026-02-18T23:01:44.1376048Z  * [new tag]             0.0.68                 -> 0.0.68
end-workflow	Checkout Repository	2026-02-18T23:01:44.1376567Z  * [new tag]             0.0.69                 -> 0.0.69
end-workflow	Checkout Repository	2026-02-18T23:01:44.1376962Z  * [new tag]             0.0.7                  -> 0.0.7
end-workflow	Checkout Repository	2026-02-18T23:01:44.1377348Z  * [new tag]             0.0.70                 -> 0.0.70
end-workflow	Checkout Repository	2026-02-18T23:01:44.1377739Z  * [new tag]             0.0.71                 -> 0.0.71
end-workflow	Checkout Repository	2026-02-18T23:01:44.1378136Z  * [new tag]             0.0.72                 -> 0.0.72
end-workflow	Checkout Repository	2026-02-18T23:01:44.1378528Z  * [new tag]             0.0.73                 -> 0.0.73
end-workflow	Checkout Repository	2026-02-18T23:01:44.1378916Z  * [new tag]             0.0.74                 -> 0.0.74
end-workflow	Checkout Repository	2026-02-18T23:01:44.1379305Z  * [new tag]             0.0.75                 -> 0.0.75
end-workflow	Checkout Repository	2026-02-18T23:01:44.1379703Z  * [new tag]             0.0.76                 -> 0.0.76
end-workflow	Checkout Repository	2026-02-18T23:01:44.1380088Z  * [new tag]             0.0.77                 -> 0.0.77
end-workflow	Checkout Repository	2026-02-18T23:01:44.1380482Z  * [new tag]             0.0.78                 -> 0.0.78
end-workflow	Checkout Repository	2026-02-18T23:01:44.1381027Z  * [new tag]             0.0.79                 -> 0.0.79
end-workflow	Checkout Repository	2026-02-18T23:01:44.1381544Z  * [new tag]             0.0.8                  -> 0.0.8
end-workflow	Checkout Repository	2026-02-18T23:01:44.1381929Z  * [new tag]             0.0.80                 -> 0.0.80
end-workflow	Checkout Repository	2026-02-18T23:01:44.1382321Z  * [new tag]             0.0.81                 -> 0.0.81
end-workflow	Checkout Repository	2026-02-18T23:01:44.1382710Z  * [new tag]             0.0.82                 -> 0.0.82
end-workflow	Checkout Repository	2026-02-18T23:01:44.1383378Z  * [new tag]             0.0.83                 -> 0.0.83
end-workflow	Checkout Repository	2026-02-18T23:01:44.1383771Z  * [new tag]             0.0.84                 -> 0.0.84
end-workflow	Checkout Repository	2026-02-18T23:01:44.1384159Z  * [new tag]             0.0.85                 -> 0.0.85
end-workflow	Checkout Repository	2026-02-18T23:01:44.1384550Z  * [new tag]             0.0.86                 -> 0.0.86
end-workflow	Checkout Repository	2026-02-18T23:01:44.1384937Z  * [new tag]             0.0.87                 -> 0.0.87
end-workflow	Checkout Repository	2026-02-18T23:01:44.1385726Z  * [new tag]             0.0.88                 -> 0.0.88
end-workflow	Checkout Repository	2026-02-18T23:01:44.1386120Z  * [new tag]             0.0.89                 -> 0.0.89
end-workflow	Checkout Repository	2026-02-18T23:01:44.1386515Z  * [new tag]             0.0.9                  -> 0.0.9
end-workflow	Checkout Repository	2026-02-18T23:01:44.1386911Z  * [new tag]             0.0.90                 -> 0.0.90
end-workflow	Checkout Repository	2026-02-18T23:01:44.1387300Z  * [new tag]             0.0.91                 -> 0.0.91
end-workflow	Checkout Repository	2026-02-18T23:01:44.1387693Z  * [new tag]             0.0.92                 -> 0.0.92
end-workflow	Checkout Repository	2026-02-18T23:01:44.1388386Z  * [new tag]             0.0.93                 -> 0.0.93
end-workflow	Checkout Repository	2026-02-18T23:01:44.1388810Z  * [new tag]             0.0.94                 -> 0.0.94
end-workflow	Checkout Repository	2026-02-18T23:01:44.1389212Z  * [new tag]             0.0.95                 -> 0.0.95
end-workflow	Checkout Repository	2026-02-18T23:01:44.1389625Z  * [new tag]             0.0.96                 -> 0.0.96
end-workflow	Checkout Repository	2026-02-18T23:01:44.1390022Z  * [new tag]             0.0.97                 -> 0.0.97
end-workflow	Checkout Repository	2026-02-18T23:01:44.1390421Z  * [new tag]             0.0.98                 -> 0.0.98
end-workflow	Checkout Repository	2026-02-18T23:01:44.1390830Z  * [new tag]             0.0.99                 -> 0.0.99
end-workflow	Checkout Repository	2026-02-18T23:01:44.1391232Z  * [new tag]             0.1.0                  -> 0.1.0
end-workflow	Checkout Repository	2026-02-18T23:01:44.1391629Z  * [new tag]             0.1.1                  -> 0.1.1
end-workflow	Checkout Repository	2026-02-18T23:01:44.1392021Z  * [new tag]             0.2.0                  -> 0.2.0
end-workflow	Checkout Repository	2026-02-18T23:01:44.1392416Z  * [new tag]             0.3.0                  -> 0.3.0
end-workflow	Checkout Repository	2026-02-18T23:01:44.1392823Z  * [new tag]             0.3.1                  -> 0.3.1
end-workflow	Checkout Repository	2026-02-18T23:01:44.1393245Z  * [new tag]             0.3.10                 -> 0.3.10
end-workflow	Checkout Repository	2026-02-18T23:01:44.1393692Z  * [new tag]             0.3.11                 -> 0.3.11
end-workflow	Checkout Repository	2026-02-18T23:01:44.1394183Z  * [new tag]             0.3.12                 -> 0.3.12
end-workflow	Checkout Repository	2026-02-18T23:01:44.1394599Z  * [new tag]             0.3.13                 -> 0.3.13
end-workflow	Checkout Repository	2026-02-18T23:01:44.1395471Z  * [new tag]             0.3.14                 -> 0.3.14
end-workflow	Checkout Repository	2026-02-18T23:01:44.1396055Z  * [new tag]             0.3.15                 -> 0.3.15
end-workflow	Checkout Repository	2026-02-18T23:01:44.1396450Z  * [new tag]             0.3.16                 -> 0.3.16
end-workflow	Checkout Repository	2026-02-18T23:01:44.1396850Z  * [new tag]             0.3.17                 -> 0.3.17
end-workflow	Checkout Repository	2026-02-18T23:01:44.1397243Z  * [new tag]             0.3.2                  -> 0.3.2
end-workflow	Checkout Repository	2026-02-18T23:01:44.1397635Z  * [new tag]             0.3.3                  -> 0.3.3
end-workflow	Checkout Repository	2026-02-18T23:01:44.1398021Z  * [new tag]             0.3.4                  -> 0.3.4
end-workflow	Checkout Repository	2026-02-18T23:01:44.1398410Z  * [new tag]             0.3.5                  -> 0.3.5
end-workflow	Checkout Repository	2026-02-18T23:01:44.1398822Z  * [new tag]             0.3.6                  -> 0.3.6
end-workflow	Checkout Repository	2026-02-18T23:01:44.1399212Z  * [new tag]             0.3.7                  -> 0.3.7
end-workflow	Checkout Repository	2026-02-18T23:01:44.1399600Z  * [new tag]             0.3.8                  -> 0.3.8
end-workflow	Checkout Repository	2026-02-18T23:01:44.1399986Z  * [new tag]             0.3.9                  -> 0.3.9
end-workflow	Checkout Repository	2026-02-18T23:01:44.1400373Z  * [new tag]             0.4.0                  -> 0.4.0
end-workflow	Checkout Repository	2026-02-18T23:01:44.1400758Z  * [new tag]             0.4.1                  -> 0.4.1
end-workflow	Checkout Repository	2026-02-18T23:01:44.1401147Z  * [new tag]             0.4.2                  -> 0.4.2
end-workflow	Checkout Repository	2026-02-18T23:01:44.1401531Z  * [new tag]             0.4.3                  -> 0.4.3
end-workflow	Checkout Repository	2026-02-18T23:01:44.1401920Z  * [new tag]             0.4.4                  -> 0.4.4
end-workflow	Checkout Repository	2026-02-18T23:01:44.1402309Z  * [new tag]             0.4.5                  -> 0.4.5
end-workflow	Checkout Repository	2026-02-18T23:01:44.1402696Z  * [new tag]             0.4.6                  -> 0.4.6
end-workflow	Checkout Repository	2026-02-18T23:01:44.1403087Z  * [new tag]             0.4.7                  -> 0.4.7
end-workflow	Checkout Repository	2026-02-18T23:01:44.1403719Z  * [new tag]             0.4.8                  -> 0.4.8
end-workflow	Checkout Repository	2026-02-18T23:01:44.1404115Z  * [new tag]             0.4.9                  -> 0.4.9
end-workflow	Checkout Repository	2026-02-18T23:01:44.1404500Z  * [new tag]             0.5.0                  -> 0.5.0
end-workflow	Checkout Repository	2026-02-18T23:01:44.1404890Z  * [new tag]             0.5.1                  -> 0.5.1
end-workflow	Checkout Repository	2026-02-18T23:01:44.1405572Z  * [new tag]             0.5.2                  -> 0.5.2
end-workflow	Checkout Repository	2026-02-18T23:01:44.1406087Z  * [new tag]             0.6.0                  -> 0.6.0
end-workflow	Checkout Repository	2026-02-18T23:01:44.1406478Z  * [new tag]             0.6.1                  -> 0.6.1
end-workflow	Checkout Repository	2026-02-18T23:01:44.1406860Z  * [new tag]             0.6.2                  -> 0.6.2
end-workflow	Checkout Repository	2026-02-18T23:01:44.1658244Z [command]/usr/bin/git branch --list --remote origin/main
end-workflow	Checkout Repository	2026-02-18T23:01:44.1733947Z   origin/main
end-workflow	Checkout Repository	2026-02-18T23:01:44.1750071Z [command]/usr/bin/git rev-parse refs/remotes/origin/main
end-workflow	Checkout Repository	2026-02-18T23:01:44.1783880Z dfdb6209cbdba2594f45c6f4eec4bfa3c7fe65ad
end-workflow	Checkout Repository	2026-02-18T23:01:44.1798484Z [command]/usr/bin/git -c protocol.version=2 fetch --no-tags --prune --no-recurse-submodules origin +9173fc104f0a192d0b942752275c4c3059521e8a:refs/remotes/origin/main
end-workflow	Checkout Repository	2026-02-18T23:01:44.1987992Z From https://github.com/Ka0s-Klaus/ka0s
end-workflow	Checkout Repository	2026-02-18T23:01:44.1989210Z  + dfdb6209c...9173fc104 9173fc104f0a192d0b942752275c4c3059521e8a -> origin/main  (forced update)
end-workflow	Checkout Repository	2026-02-18T23:01:44.2030905Z ##[endgroup]
end-workflow	Checkout Repository	2026-02-18T23:01:44.2031619Z ##[group]Determining the checkout info
end-workflow	Checkout Repository	2026-02-18T23:01:44.2032216Z ##[endgroup]
end-workflow	Checkout Repository	2026-02-18T23:01:44.2037499Z [command]/usr/bin/git sparse-checkout disable
end-workflow	Checkout Repository	2026-02-18T23:01:44.2091995Z [command]/usr/bin/git config --local --unset-all extensions.worktreeConfig
end-workflow	Checkout Repository	2026-02-18T23:01:44.2134958Z ##[group]Checking out the ref
end-workflow	Checkout Repository	2026-02-18T23:01:44.2139662Z [command]/usr/bin/git checkout --progress --force -B main refs/remotes/origin/main
end-workflow	Checkout Repository	2026-02-18T23:01:44.4689685Z Switched to a new branch 'main'
end-workflow	Checkout Repository	2026-02-18T23:01:44.4694295Z branch 'main' set up to track 'origin/main'.
end-workflow	Checkout Repository	2026-02-18T23:01:44.4734108Z ##[endgroup]
end-workflow	Checkout Repository	2026-02-18T23:01:44.4797157Z [command]/usr/bin/git log -1 --format=%H
end-workflow	Checkout Repository	2026-02-18T23:01:44.4833450Z 9173fc104f0a192d0b942752275c4c3059521e8a
end-workflow	Install GH CLI	ï»¿2026-02-18T23:01:44.5164121Z Prepare all required actions
end-workflow	Install GH CLI	2026-02-18T23:01:44.5221506Z ##[group]Run ./.github/actions/install-gh-cli
end-workflow	Install GH CLI	2026-02-18T23:01:44.5221860Z env:
end-workflow	Install GH CLI	2026-02-18T23:01:44.5222071Z   KAOS_MODULE: [Ka0S] Audit Pods
end-workflow	Install GH CLI	2026-02-18T23:01:44.5222325Z   KAOS_CODE: 22161116581
end-workflow	Install GH CLI	2026-02-18T23:01:44.5222540Z ##[endgroup]
end-workflow	Install GH CLI	2026-02-18T23:01:44.5327174Z ##[group]Run type -p curl >/dev/null || (sudo apt-get update && sudo apt-get install curl -y)
end-workflow	Install GH CLI	2026-02-18T23:01:44.5327884Z [36;1mtype -p curl >/dev/null || (sudo apt-get update && sudo apt-get install curl -y)[0m
end-workflow	Install GH CLI	2026-02-18T23:01:44.5328764Z [36;1mcurl -fsSL https://cli.github.com/packages/githubcli-archive-keyring.gpg | sudo dd of=/usr/share/keyrings/githubcli-archive-keyring.gpg \[0m
end-workflow	Install GH CLI	2026-02-18T23:01:44.5329582Z [36;1m&& sudo chmod go+r /usr/share/keyrings/githubcli-archive-keyring.gpg \[0m
end-workflow	Install GH CLI	2026-02-18T23:01:44.5330696Z [36;1m&& echo "deb [arch=$(dpkg --print-architecture) signed-by=/usr/share/keyrings/githubcli-archive-keyring.gpg] https://cli.github.com/packages stable main" | sudo tee /etc/apt/sources.list.d/github-cli.list > /dev/null \[0m
end-workflow	Install GH CLI	2026-02-18T23:01:44.5331777Z [36;1m&& sudo apt-get update \[0m
end-workflow	Install GH CLI	2026-02-18T23:01:44.5332050Z [36;1m&& sudo apt-get install gh -y[0m
end-workflow	Install GH CLI	2026-02-18T23:01:44.5352053Z shell: /usr/bin/bash --noprofile --norc -e -o pipefail {0}
end-workflow	Install GH CLI	2026-02-18T23:01:44.5352448Z env:
end-workflow	Install GH CLI	2026-02-18T23:01:44.5352658Z   KAOS_MODULE: [Ka0S] Audit Pods
end-workflow	Install GH CLI	2026-02-18T23:01:44.5352908Z   KAOS_CODE: 22161116581
end-workflow	Install GH CLI	2026-02-18T23:01:44.5353131Z ##[endgroup]
end-workflow	Install GH CLI	2026-02-18T23:01:44.6205739Z 4+1 records in
end-workflow	Install GH CLI	2026-02-18T23:01:44.6206004Z 4+1 records out
end-workflow	Install GH CLI	2026-02-18T23:01:44.6206264Z 2270 bytes (2.3 kB, 2.2 KiB) copied, 0.0419681 s, 54.1 kB/s
end-workflow	Install GH CLI	2026-02-18T23:01:44.7913669Z Get:1 http://security.ubuntu.com/ubuntu noble-security InRelease [126 kB]
end-workflow	Install GH CLI	2026-02-18T23:01:44.7941618Z Get:2 https://cli.github.com/packages stable InRelease [3917 B]
end-workflow	Install GH CLI	2026-02-18T23:01:44.8515674Z Get:3 http://archive.ubuntu.com/ubuntu noble InRelease [256 kB]
end-workflow	Install GH CLI	2026-02-18T23:01:44.8840042Z Get:4 https://cli.github.com/packages stable/main amd64 Packages [355 B]
end-workflow	Install GH CLI	2026-02-18T23:01:44.9976312Z Get:5 http://security.ubuntu.com/ubuntu noble-security/restricted amd64 Packages [3188 kB]
end-workflow	Install GH CLI	2026-02-18T23:01:45.1776877Z Get:6 http://security.ubuntu.com/ubuntu noble-security/main amd64 Packages [1855 kB]
end-workflow	Install GH CLI	2026-02-18T23:01:45.1786278Z Get:7 http://archive.ubuntu.com/ubuntu noble-updates InRelease [126 kB]
end-workflow	Install GH CLI	2026-02-18T23:01:45.1832158Z Get:8 https://ppa.launchpadcontent.net/git-core/ppa/ubuntu noble InRelease [24.3 kB]
end-workflow	Install GH CLI	2026-02-18T23:01:45.2013977Z Get:9 http://security.ubuntu.com/ubuntu noble-security/multiverse amd64 Packages [34.8 kB]
end-workflow	Install GH CLI	2026-02-18T23:01:45.2033406Z Get:10 http://security.ubuntu.com/ubuntu noble-security/universe amd64 Packages [1207 kB]
end-workflow	Install GH CLI	2026-02-18T23:01:45.2611725Z Get:11 http://archive.ubuntu.com/ubuntu noble-backports InRelease [126 kB]
end-workflow	Install GH CLI	2026-02-18T23:01:45.3411782Z Get:12 http://archive.ubuntu.com/ubuntu noble/main amd64 Packages [1808 kB]
end-workflow	Install GH CLI	2026-02-18T23:01:45.3557728Z Get:13 https://ppa.launchpadcontent.net/git-core/ppa/ubuntu noble/main amd64 Packages [2992 B]
end-workflow	Install GH CLI	2026-02-18T23:01:45.5265154Z Get:14 http://archive.ubuntu.com/ubuntu noble/multiverse amd64 Packages [331 kB]
end-workflow	Install GH CLI	2026-02-18T23:01:45.5396927Z Get:15 http://archive.ubuntu.com/ubuntu noble/universe amd64 Packages [19.3 MB]
end-workflow	Install GH CLI	2026-02-18T23:01:45.8574437Z Get:16 http://archive.ubuntu.com/ubuntu noble/restricted amd64 Packages [117 kB]
end-workflow	Install GH CLI	2026-02-18T23:01:45.8591523Z Get:17 http://archive.ubuntu.com/ubuntu noble-updates/restricted amd64 Packages [3360 kB]
end-workflow	Install GH CLI	2026-02-18T23:01:45.8829010Z Get:18 http://archive.ubuntu.com/ubuntu noble-updates/multiverse amd64 Packages [38.1 kB]
end-workflow	Install GH CLI	2026-02-18T23:01:45.8834789Z Get:19 http://archive.ubuntu.com/ubuntu noble-updates/universe amd64 Packages [2016 kB]
end-workflow	Install GH CLI	2026-02-18T23:01:45.9351655Z Get:20 http://archive.ubuntu.com/ubuntu noble-updates/main amd64 Packages [2234 kB]
end-workflow	Install GH CLI	2026-02-18T23:01:45.9494693Z Get:21 http://archive.ubuntu.com/ubuntu noble-backports/main amd64 Packages [49.5 kB]
end-workflow	Install GH CLI	2026-02-18T23:01:45.9500823Z Get:22 http://archive.ubuntu.com/ubuntu noble-backports/universe amd64 Packages [34.6 kB]
end-workflow	Install GH CLI	2026-02-18T23:01:47.0271559Z Fetched 36.3 MB in 2s (15.7 MB/s)
end-workflow	Install GH CLI	2026-02-18T23:01:48.0013164Z Reading package lists...
end-workflow	Install GH CLI	2026-02-18T23:01:48.9796926Z Reading package lists...
end-workflow	Install GH CLI	2026-02-18T23:01:49.2201995Z Building dependency tree...
end-workflow	Install GH CLI	2026-02-18T23:01:49.2202647Z Reading state information...
end-workflow	Install GH CLI	2026-02-18T23:01:49.5829896Z The following NEW packages will be installed:
end-workflow	Install GH CLI	2026-02-18T23:01:49.5851028Z   gh
end-workflow	Install GH CLI	2026-02-18T23:01:49.6827788Z 0 upgraded, 1 newly installed, 0 to remove and 26 not upgraded.
end-workflow	Install GH CLI	2026-02-18T23:01:49.6828527Z Need to get 13.8 MB of archives.
end-workflow	Install GH CLI	2026-02-18T23:01:49.6829170Z After this operation, 38.4 MB of additional disk space will be used.
end-workflow	Install GH CLI	2026-02-18T23:01:49.6830163Z Get:1 https://cli.github.com/packages stable/main amd64 gh amd64 2.87.0 [13.8 MB]
end-workflow	Install GH CLI	2026-02-18T23:01:50.0526003Z debconf: delaying package configuration, since apt-utils is not installed
end-workflow	Install GH CLI	2026-02-18T23:01:50.0933629Z Fetched 13.8 MB in 0s (49.5 MB/s)
end-workflow	Install GH CLI	2026-02-18T23:01:50.1220742Z Selecting previously unselected package gh.
end-workflow	Install GH CLI	2026-02-18T23:01:50.1258266Z (Reading database ... 
end-workflow	Install GH CLI	2026-02-18T23:01:50.1258528Z (Reading database ... 5%
end-workflow	Install GH CLI	2026-02-18T23:01:50.1258757Z (Reading database ... 10%
end-workflow	Install GH CLI	2026-02-18T23:01:50.1258981Z (Reading database ... 15%
end-workflow	Install GH CLI	2026-02-18T23:01:50.1259195Z (Reading database ... 20%
end-workflow	Install GH CLI	2026-02-18T23:01:50.1259414Z (Reading database ... 25%
end-workflow	Install GH CLI	2026-02-18T23:01:50.1259626Z (Reading database ... 30%
end-workflow	Install GH CLI	2026-02-18T23:01:50.1259841Z (Reading database ... 35%
end-workflow	Install GH CLI	2026-02-18T23:01:50.1260049Z (Reading database ... 40%
end-workflow	Install GH CLI	2026-02-18T23:01:50.1260454Z (Reading database ... 45%
end-workflow	Install GH CLI	2026-02-18T23:01:50.1261455Z (Reading database ... 50%
end-workflow	Install GH CLI	2026-02-18T23:01:50.1261681Z (Reading database ... 55%
end-workflow	Install GH CLI	2026-02-18T23:01:50.1261904Z (Reading database ... 60%
end-workflow	Install GH CLI	2026-02-18T23:01:50.1273220Z (Reading database ... 65%
end-workflow	Install GH CLI	2026-02-18T23:01:50.1290599Z (Reading database ... 70%
end-workflow	Install GH CLI	2026-02-18T23:01:50.1295789Z (Reading database ... 75%
end-workflow	Install GH CLI	2026-02-18T23:01:50.1315107Z (Reading database ... 80%
end-workflow	Install GH CLI	2026-02-18T23:01:50.1338730Z (Reading database ... 85%
end-workflow	Install GH CLI	2026-02-18T23:01:50.1339042Z (Reading database ... 90%
end-workflow	Install GH CLI	2026-02-18T23:01:50.1350174Z (Reading database ... 95%
end-workflow	Install GH CLI	2026-02-18T23:01:50.1350625Z (Reading database ... 100%
end-workflow	Install GH CLI	2026-02-18T23:01:50.1351137Z (Reading database ... 14385 files and directories currently installed.)
end-workflow	Install GH CLI	2026-02-18T23:01:50.1358481Z Preparing to unpack .../archives/gh_2.87.0_amd64.deb ...
end-workflow	Install GH CLI	2026-02-18T23:01:50.1395659Z Unpacking gh (2.87.0) ...
end-workflow	Install GH CLI	2026-02-18T23:01:50.3675592Z Setting up gh (2.87.0) ...
end-workflow	Trigger Inspector	ï»¿2026-02-18T23:01:50.4263775Z ##[group]Run echo "ð Triggering Inspector for Audit..."
end-workflow	Trigger Inspector	2026-02-18T23:01:50.4264399Z [36;1mecho "ð Triggering Inspector for Audit..."[0m
end-workflow	Trigger Inspector	2026-02-18T23:01:50.4264867Z [36;1mgh workflow run inspector.yml \[0m
end-workflow	Trigger Inspector	2026-02-18T23:01:50.4265328Z [36;1m  --ref main \[0m
end-workflow	Trigger Inspector	2026-02-18T23:01:50.4265679Z [36;1m  -f kaos-workflow-id="22161116581" \[0m
end-workflow	Trigger Inspector	2026-02-18T23:01:50.4266109Z [36;1m  -f kaos-user-start="santakloud"[0m
end-workflow	Trigger Inspector	2026-02-18T23:01:50.4297761Z shell: /usr/bin/bash -e {0}
end-workflow	Trigger Inspector	2026-02-18T23:01:50.4298172Z env:
end-workflow	Trigger Inspector	2026-02-18T23:01:50.4298442Z   KAOS_MODULE: [Ka0S] Audit Pods
end-workflow	Trigger Inspector	2026-02-18T23:01:50.4298788Z   KAOS_CODE: 22161116581
end-workflow	Trigger Inspector	2026-02-18T23:01:50.4299481Z   GH_TOKEN: ***
end-workflow	Trigger Inspector	2026-02-18T23:01:50.4299749Z ##[endgroup]
end-workflow	Trigger Inspector	2026-02-18T23:01:50.4346849Z ð Triggering Inspector for Audit...
end-workflow	Trigger Inspector	2026-02-18T23:01:52.1934156Z https://github.com/Ka0s-Klaus/ka0s/actions/runs/22161152870
end-workflow	Post Checkout Repository	ï»¿2026-02-18T23:01:52.2117110Z Post job cleanup.
end-workflow	Post Checkout Repository	2026-02-18T23:01:52.3334785Z [command]/usr/bin/git version
end-workflow	Post Checkout Repository	2026-02-18T23:01:52.3379094Z git version 2.52.0
end-workflow	Post Checkout Repository	2026-02-18T23:01:52.3434320Z Temporarily overriding HOME='/home/runner/_work/_temp/e9b58b11-092f-4758-bf70-8c3cc0b1c79a' before making global git config changes
end-workflow	Post Checkout Repository	2026-02-18T23:01:52.3436828Z Adding repository directory to the temporary git global config as a safe directory
end-workflow	Post Checkout Repository	2026-02-18T23:01:52.3441669Z [command]/usr/bin/git config --global --add safe.directory /home/runner/_work/ka0s/ka0s
end-workflow	Post Checkout Repository	2026-02-18T23:01:52.3490595Z [command]/usr/bin/git config --local --name-only --get-regexp core\.sshCommand
end-workflow	Post Checkout Repository	2026-02-18T23:01:52.3537262Z [command]/usr/bin/git submodule foreach --recursive sh -c "git config --local --name-only --get-regexp 'core\.sshCommand' && git config --local --unset-all 'core.sshCommand' || :"
end-workflow	Post Checkout Repository	2026-02-18T23:01:52.3886864Z [command]/usr/bin/git config --local --name-only --get-regexp http\.https\:\/\/github\.com\/\.extraheader
end-workflow	Post Checkout Repository	2026-02-18T23:01:52.3917208Z http.https://github.com/.extraheader
end-workflow	Post Checkout Repository	2026-02-18T23:01:52.3932258Z [command]/usr/bin/git config --local --unset-all http.https://github.com/.extraheader
end-workflow	Post Checkout Repository	2026-02-18T23:01:52.3978747Z [command]/usr/bin/git submodule foreach --recursive sh -c "git config --local --name-only --get-regexp 'http\.https\:\/\/github\.com\/\.extraheader' && git config --local --unset-all 'http.https://github.com/.extraheader' || :"
end-workflow	Post Checkout Repository	2026-02-18T23:01:52.4357585Z [command]/usr/bin/git config --local --name-only --get-regexp ^includeIf\.gitdir:
end-workflow	Post Checkout Repository	2026-02-18T23:01:52.4410192Z [command]/usr/bin/git submodule foreach --recursive git config --local --show-origin --name-only --get-regexp remote.origin.url
end-workflow	Complete job	ï»¿2026-02-18T23:01:52.4961011Z Cleaning up orphan processes
