core-execution	Set up job	Ôªø2026-02-19T12:42:19.7738007Z Current runner version: '2.331.0'
core-execution	Set up job	2026-02-19T12:42:19.7747723Z Runner name: 'swarm-runners-scaleset-hkss5-runner-5wzdb'
core-execution	Set up job	2026-02-19T12:42:19.7748743Z Runner group name: 'Default'
core-execution	Set up job	2026-02-19T12:42:19.7749926Z Machine name: 'swarm-runners-scaleset-hkss5-runner-5wzdb'
core-execution	Set up job	2026-02-19T12:42:19.7754089Z ##[group]GITHUB_TOKEN Permissions
core-execution	Set up job	2026-02-19T12:42:19.7756858Z Actions: write
core-execution	Set up job	2026-02-19T12:42:19.7757494Z Contents: write
core-execution	Set up job	2026-02-19T12:42:19.7758228Z Issues: write
core-execution	Set up job	2026-02-19T12:42:19.7758862Z Metadata: read
core-execution	Set up job	2026-02-19T12:42:19.7759516Z ##[endgroup]
core-execution	Set up job	2026-02-19T12:42:19.7761769Z Secret source: Actions
core-execution	Set up job	2026-02-19T12:42:19.7762584Z Prepare workflow directory
core-execution	Set up job	2026-02-19T12:42:19.8364111Z Prepare all required actions
core-execution	Set up job	2026-02-19T12:42:19.8404300Z Getting action download info
core-execution	Set up job	2026-02-19T12:42:20.4684557Z Download action repository 'actions/checkout@v4' (SHA:34e114876b0b11c390a56381ad16ebd13914f8d5)
core-execution	Set up job	2026-02-19T12:42:21.3404690Z Download action repository 'actions/setup-python@v4' (SHA:7f4fc3e22c37d6ff65e88745f38bd3157c663f7c)
core-execution	Set up job	2026-02-19T12:42:22.3592856Z Complete job name: core-execution
core-execution	Checkout code	Ôªø2026-02-19T12:42:22.4378806Z ##[group]Run actions/checkout@v4
core-execution	Checkout code	2026-02-19T12:42:22.4380172Z with:
core-execution	Checkout code	2026-02-19T12:42:22.4381368Z   token: ***
core-execution	Checkout code	2026-02-19T12:42:22.4382127Z   fetch-depth: 0
core-execution	Checkout code	2026-02-19T12:42:22.4382934Z   repository: Ka0s-Klaus/ka0s
core-execution	Checkout code	2026-02-19T12:42:22.4383855Z   ssh-strict: true
core-execution	Checkout code	2026-02-19T12:42:22.4384621Z   ssh-user: git
core-execution	Checkout code	2026-02-19T12:42:22.4385607Z   persist-credentials: true
core-execution	Checkout code	2026-02-19T12:42:22.4386493Z   clean: true
core-execution	Checkout code	2026-02-19T12:42:22.4387406Z   sparse-checkout-cone-mode: true
core-execution	Checkout code	2026-02-19T12:42:22.4388348Z   fetch-tags: false
core-execution	Checkout code	2026-02-19T12:42:22.4389126Z   show-progress: true
core-execution	Checkout code	2026-02-19T12:42:22.4389904Z   lfs: false
core-execution	Checkout code	2026-02-19T12:42:22.4390636Z   submodules: false
core-execution	Checkout code	2026-02-19T12:42:22.4391432Z   set-safe-directory: true
core-execution	Checkout code	2026-02-19T12:42:22.4392538Z env:
core-execution	Checkout code	2026-02-19T12:42:22.4393291Z   KAOS_MODULE: [Ka0S] GitHub ‚Üí iTop Sync
core-execution	Checkout code	2026-02-19T12:42:22.4394341Z   KAOS_CORRELATION_ID: 22182221863
core-execution	Checkout code	2026-02-19T12:42:22.4395490Z   KAOS_ACTOR: ***
core-execution	Checkout code	2026-02-19T12:42:22.4396278Z ##[endgroup]
core-execution	Checkout code	2026-02-19T12:42:22.5651445Z Syncing repository: Ka0s-Klaus/ka0s
core-execution	Checkout code	2026-02-19T12:42:22.5654335Z ##[group]Getting Git version info
core-execution	Checkout code	2026-02-19T12:42:22.5655926Z Working directory is '/home/runner/_work/ka0s/ka0s'
core-execution	Checkout code	2026-02-19T12:42:22.5657858Z [command]/usr/bin/git version
core-execution	Checkout code	2026-02-19T12:42:22.5658837Z git version 2.52.0
core-execution	Checkout code	2026-02-19T12:42:22.5681413Z ##[endgroup]
core-execution	Checkout code	2026-02-19T12:42:22.5698925Z Temporarily overriding HOME='/home/runner/_work/_temp/0886d808-107b-4988-98dd-7b1082a2debd' before making global git config changes
core-execution	Checkout code	2026-02-19T12:42:22.5704828Z Adding repository directory to the temporary git global config as a safe directory
core-execution	Checkout code	2026-02-19T12:42:22.5710553Z [command]/usr/bin/git config --global --add safe.directory /home/runner/_work/ka0s/ka0s
core-execution	Checkout code	2026-02-19T12:42:22.5752095Z Deleting the contents of '/home/runner/_work/ka0s/ka0s'
core-execution	Checkout code	2026-02-19T12:42:22.5757652Z ##[group]Initializing the repository
core-execution	Checkout code	2026-02-19T12:42:22.5761501Z [command]/usr/bin/git init /home/runner/_work/ka0s/ka0s
core-execution	Checkout code	2026-02-19T12:42:22.5820504Z hint: Using 'master' as the name for the initial branch. This default branch name
core-execution	Checkout code	2026-02-19T12:42:22.5827323Z hint: will change to "main" in Git 3.0. To configure the initial branch name
core-execution	Checkout code	2026-02-19T12:42:22.5829229Z hint: to use in all of your new repositories, which will suppress this warning,
core-execution	Checkout code	2026-02-19T12:42:22.5830747Z hint: call:
core-execution	Checkout code	2026-02-19T12:42:22.5831425Z hint:
core-execution	Checkout code	2026-02-19T12:42:22.5832515Z hint: 	git config --global init.defaultBranch <name>
core-execution	Checkout code	2026-02-19T12:42:22.5833747Z hint:
core-execution	Checkout code	2026-02-19T12:42:22.5834790Z hint: Names commonly chosen instead of 'master' are 'main', 'trunk' and
core-execution	Checkout code	2026-02-19T12:42:22.5836978Z hint: 'development'. The just-created branch can be renamed via this command:
core-execution	Checkout code	2026-02-19T12:42:22.5838695Z hint:
core-execution	Checkout code	2026-02-19T12:42:22.5839577Z hint: 	git branch -m <name>
core-execution	Checkout code	2026-02-19T12:42:22.5840549Z hint:
core-execution	Checkout code	2026-02-19T12:42:22.5842100Z hint: Disable this message with "git config set advice.defaultBranchName false"
core-execution	Checkout code	2026-02-19T12:42:22.5844226Z Initialized empty Git repository in /home/runner/_work/ka0s/ka0s/.git/
core-execution	Checkout code	2026-02-19T12:42:22.5849260Z [command]/usr/bin/git remote add origin https://github.com/Ka0s-Klaus/ka0s
core-execution	Checkout code	2026-02-19T12:42:22.5894006Z ##[endgroup]
core-execution	Checkout code	2026-02-19T12:42:22.5896078Z ##[group]Disabling automatic garbage collection
core-execution	Checkout code	2026-02-19T12:42:22.5898011Z [command]/usr/bin/git config --local gc.auto 0
core-execution	Checkout code	2026-02-19T12:42:22.5944639Z ##[endgroup]
core-execution	Checkout code	2026-02-19T12:42:22.5946365Z ##[group]Setting up auth
core-execution	Checkout code	2026-02-19T12:42:22.5951808Z [command]/usr/bin/git config --local --name-only --get-regexp core\.sshCommand
core-execution	Checkout code	2026-02-19T12:42:22.5998927Z [command]/usr/bin/git submodule foreach --recursive sh -c "git config --local --name-only --get-regexp 'core\.sshCommand' && git config --local --unset-all 'core.sshCommand' || :"
core-execution	Checkout code	2026-02-19T12:42:22.6336068Z [command]/usr/bin/git config --local --name-only --get-regexp http\.https\:\/\/github\.com\/\.extraheader
core-execution	Checkout code	2026-02-19T12:42:22.6374248Z [command]/usr/bin/git submodule foreach --recursive sh -c "git config --local --name-only --get-regexp 'http\.https\:\/\/github\.com\/\.extraheader' && git config --local --unset-all 'http.https://github.com/.extraheader' || :"
core-execution	Checkout code	2026-02-19T12:42:22.6706348Z [command]/usr/bin/git config --local --name-only --get-regexp ^includeIf\.gitdir:
core-execution	Checkout code	2026-02-19T12:42:22.6823936Z [command]/usr/bin/git submodule foreach --recursive git config --local --show-origin --name-only --get-regexp remote.origin.url
core-execution	Checkout code	2026-02-19T12:42:22.7085194Z [command]/usr/bin/git config --local http.https://github.com/.extraheader AUTHORIZATION: basic ***
core-execution	Checkout code	2026-02-19T12:42:22.7142881Z ##[endgroup]
core-execution	Checkout code	2026-02-19T12:42:22.7144344Z ##[group]Fetching the repository
core-execution	Checkout code	2026-02-19T12:42:22.7151687Z [command]/usr/bin/git -c protocol.version=2 fetch --prune --no-recurse-submodules origin +refs/heads/*:refs/remotes/origin/* +refs/tags/*:refs/tags/*
core-execution	Checkout code	2026-02-19T12:42:42.8258299Z From https://github.com/Ka0s-Klaus/ka0s
core-execution	Checkout code	2026-02-19T12:42:42.8258978Z  * [new branch]          F3450-modelo-operativo -> origin/F3450-modelo-operativo
core-execution	Checkout code	2026-02-19T12:42:42.8259614Z  * [new branch]          H1276-modulo-observabilidad -> origin/H1276-modulo-observabilidad
core-execution	Checkout code	2026-02-19T12:42:42.8260287Z  * [new branch]          H3596-deploy-itop      -> origin/H3596-deploy-itop
core-execution	Checkout code	2026-02-19T12:42:42.8261087Z  * [new branch]          H4170-flujo-detallado-zabbix---github -> origin/H4170-flujo-detallado-zabbix---github
core-execution	Checkout code	2026-02-19T12:42:42.8261734Z  * [new branch]          main                   -> origin/main
core-execution	Checkout code	2026-02-19T12:42:42.8262151Z  * [new tag]             0.0.0                  -> 0.0.0
core-execution	Checkout code	2026-02-19T12:42:42.8262527Z  * [new tag]             0.0.1                  -> 0.0.1
core-execution	Checkout code	2026-02-19T12:42:42.8262903Z  * [new tag]             0.0.10                 -> 0.0.10
core-execution	Checkout code	2026-02-19T12:42:42.8263289Z  * [new tag]             0.0.100                -> 0.0.100
core-execution	Checkout code	2026-02-19T12:42:42.8263666Z  * [new tag]             0.0.101                -> 0.0.101
core-execution	Checkout code	2026-02-19T12:42:42.8264040Z  * [new tag]             0.0.102                -> 0.0.102
core-execution	Checkout code	2026-02-19T12:42:42.8264415Z  * [new tag]             0.0.103                -> 0.0.103
core-execution	Checkout code	2026-02-19T12:42:42.8264795Z  * [new tag]             0.0.104                -> 0.0.104
core-execution	Checkout code	2026-02-19T12:42:42.8265414Z  * [new tag]             0.0.105                -> 0.0.105
core-execution	Checkout code	2026-02-19T12:42:42.8265832Z  * [new tag]             0.0.106                -> 0.0.106
core-execution	Checkout code	2026-02-19T12:42:42.8266208Z  * [new tag]             0.0.107                -> 0.0.107
core-execution	Checkout code	2026-02-19T12:42:42.8266630Z  * [new tag]             0.0.108                -> 0.0.108
core-execution	Checkout code	2026-02-19T12:42:42.8267011Z  * [new tag]             0.0.109                -> 0.0.109
core-execution	Checkout code	2026-02-19T12:42:42.8267386Z  * [new tag]             0.0.11                 -> 0.0.11
core-execution	Checkout code	2026-02-19T12:42:42.8267761Z  * [new tag]             0.0.110                -> 0.0.110
core-execution	Checkout code	2026-02-19T12:42:42.8268137Z  * [new tag]             0.0.111                -> 0.0.111
core-execution	Checkout code	2026-02-19T12:42:42.8268511Z  * [new tag]             0.0.112                -> 0.0.112
core-execution	Checkout code	2026-02-19T12:42:42.8268886Z  * [new tag]             0.0.113                -> 0.0.113
core-execution	Checkout code	2026-02-19T12:42:42.8269264Z  * [new tag]             0.0.114                -> 0.0.114
core-execution	Checkout code	2026-02-19T12:42:42.8270058Z  * [new tag]             0.0.115                -> 0.0.115
core-execution	Checkout code	2026-02-19T12:42:42.8270443Z  * [new tag]             0.0.116                -> 0.0.116
core-execution	Checkout code	2026-02-19T12:42:42.8270826Z  * [new tag]             0.0.117                -> 0.0.117
core-execution	Checkout code	2026-02-19T12:42:42.8271212Z  * [new tag]             0.0.118                -> 0.0.118
core-execution	Checkout code	2026-02-19T12:42:42.8271693Z  * [new tag]             0.0.119                -> 0.0.119
core-execution	Checkout code	2026-02-19T12:42:42.8272124Z  * [new tag]             0.0.12                 -> 0.0.12
core-execution	Checkout code	2026-02-19T12:42:42.8272502Z  * [new tag]             0.0.120                -> 0.0.120
core-execution	Checkout code	2026-02-19T12:42:42.8272880Z  * [new tag]             0.0.121                -> 0.0.121
core-execution	Checkout code	2026-02-19T12:42:42.8273256Z  * [new tag]             0.0.122                -> 0.0.122
core-execution	Checkout code	2026-02-19T12:42:42.8273630Z  * [new tag]             0.0.123                -> 0.0.123
core-execution	Checkout code	2026-02-19T12:42:42.8274005Z  * [new tag]             0.0.124                -> 0.0.124
core-execution	Checkout code	2026-02-19T12:42:42.8274383Z  * [new tag]             0.0.125                -> 0.0.125
core-execution	Checkout code	2026-02-19T12:42:42.8274758Z  * [new tag]             0.0.126                -> 0.0.126
core-execution	Checkout code	2026-02-19T12:42:42.8275576Z  * [new tag]             0.0.127                -> 0.0.127
core-execution	Checkout code	2026-02-19T12:42:42.8275954Z  * [new tag]             0.0.128                -> 0.0.128
core-execution	Checkout code	2026-02-19T12:42:42.8276325Z  * [new tag]             0.0.129                -> 0.0.129
core-execution	Checkout code	2026-02-19T12:42:42.8276700Z  * [new tag]             0.0.13                 -> 0.0.13
core-execution	Checkout code	2026-02-19T12:42:42.8277074Z  * [new tag]             0.0.130                -> 0.0.130
core-execution	Checkout code	2026-02-19T12:42:42.8277490Z  * [new tag]             0.0.131                -> 0.0.131
core-execution	Checkout code	2026-02-19T12:42:42.8277866Z  * [new tag]             0.0.132                -> 0.0.132
core-execution	Checkout code	2026-02-19T12:42:42.8278238Z  * [new tag]             0.0.133                -> 0.0.133
core-execution	Checkout code	2026-02-19T12:42:42.8278610Z  * [new tag]             0.0.134                -> 0.0.134
core-execution	Checkout code	2026-02-19T12:42:42.8278987Z  * [new tag]             0.0.135                -> 0.0.135
core-execution	Checkout code	2026-02-19T12:42:42.8279367Z  * [new tag]             0.0.136                -> 0.0.136
core-execution	Checkout code	2026-02-19T12:42:42.8279861Z  * [new tag]             0.0.137                -> 0.0.137
core-execution	Checkout code	2026-02-19T12:42:42.8280226Z  * [new tag]             0.0.138                -> 0.0.138
core-execution	Checkout code	2026-02-19T12:42:42.8280586Z  * [new tag]             0.0.139                -> 0.0.139
core-execution	Checkout code	2026-02-19T12:42:42.8280949Z  * [new tag]             0.0.14                 -> 0.0.14
core-execution	Checkout code	2026-02-19T12:42:42.8281309Z  * [new tag]             0.0.140                -> 0.0.140
core-execution	Checkout code	2026-02-19T12:42:42.8281671Z  * [new tag]             0.0.141                -> 0.0.141
core-execution	Checkout code	2026-02-19T12:42:42.8282033Z  * [new tag]             0.0.142                -> 0.0.142
core-execution	Checkout code	2026-02-19T12:42:42.8282536Z  * [new tag]             0.0.143                -> 0.0.143
core-execution	Checkout code	2026-02-19T12:42:42.8282915Z  * [new tag]             0.0.144                -> 0.0.144
core-execution	Checkout code	2026-02-19T12:42:42.8283294Z  * [new tag]             0.0.145                -> 0.0.145
core-execution	Checkout code	2026-02-19T12:42:42.8283665Z  * [new tag]             0.0.146                -> 0.0.146
core-execution	Checkout code	2026-02-19T12:42:42.8284043Z  * [new tag]             0.0.147                -> 0.0.147
core-execution	Checkout code	2026-02-19T12:42:42.8284425Z  * [new tag]             0.0.148                -> 0.0.148
core-execution	Checkout code	2026-02-19T12:42:42.8284797Z  * [new tag]             0.0.149                -> 0.0.149
core-execution	Checkout code	2026-02-19T12:42:42.8285494Z  * [new tag]             0.0.15                 -> 0.0.15
core-execution	Checkout code	2026-02-19T12:42:42.8285876Z  * [new tag]             0.0.150                -> 0.0.150
core-execution	Checkout code	2026-02-19T12:42:42.8286274Z  * [new tag]             0.0.151                -> 0.0.151
core-execution	Checkout code	2026-02-19T12:42:42.8286701Z  * [new tag]             0.0.152                -> 0.0.152
core-execution	Checkout code	2026-02-19T12:42:42.8287074Z  * [new tag]             0.0.153                -> 0.0.153
core-execution	Checkout code	2026-02-19T12:42:42.8287451Z  * [new tag]             0.0.154                -> 0.0.154
core-execution	Checkout code	2026-02-19T12:42:42.8287823Z  * [new tag]             0.0.155                -> 0.0.155
core-execution	Checkout code	2026-02-19T12:42:42.8288211Z  * [new tag]             0.0.156                -> 0.0.156
core-execution	Checkout code	2026-02-19T12:42:42.8288834Z  * [new tag]             0.0.157                -> 0.0.157
core-execution	Checkout code	2026-02-19T12:42:42.8289231Z  * [new tag]             0.0.158                -> 0.0.158
core-execution	Checkout code	2026-02-19T12:42:42.8289622Z  * [new tag]             0.0.159                -> 0.0.159
core-execution	Checkout code	2026-02-19T12:42:42.8290015Z  * [new tag]             0.0.16                 -> 0.0.16
core-execution	Checkout code	2026-02-19T12:42:42.8290400Z  * [new tag]             0.0.160                -> 0.0.160
core-execution	Checkout code	2026-02-19T12:42:42.8290787Z  * [new tag]             0.0.161                -> 0.0.161
core-execution	Checkout code	2026-02-19T12:42:42.8291173Z  * [new tag]             0.0.162                -> 0.0.162
core-execution	Checkout code	2026-02-19T12:42:42.8291563Z  * [new tag]             0.0.163                -> 0.0.163
core-execution	Checkout code	2026-02-19T12:42:42.8291949Z  * [new tag]             0.0.164                -> 0.0.164
core-execution	Checkout code	2026-02-19T12:42:42.8292351Z  * [new tag]             0.0.165                -> 0.0.165
core-execution	Checkout code	2026-02-19T12:42:42.8292741Z  * [new tag]             0.0.166                -> 0.0.166
core-execution	Checkout code	2026-02-19T12:42:42.8293170Z  * [new tag]             0.0.167                -> 0.0.167
core-execution	Checkout code	2026-02-19T12:42:42.8293562Z  * [new tag]             0.0.168                -> 0.0.168
core-execution	Checkout code	2026-02-19T12:42:42.8294157Z  * [new tag]             0.0.169                -> 0.0.169
core-execution	Checkout code	2026-02-19T12:42:42.8294551Z  * [new tag]             0.0.17                 -> 0.0.17
core-execution	Checkout code	2026-02-19T12:42:42.8308961Z  * [new tag]             0.0.170                -> 0.0.170
core-execution	Checkout code	2026-02-19T12:42:42.8309598Z  * [new tag]             0.0.171                -> 0.0.171
core-execution	Checkout code	2026-02-19T12:42:42.8310009Z  * [new tag]             0.0.172                -> 0.0.172
core-execution	Checkout code	2026-02-19T12:42:42.8310408Z  * [new tag]             0.0.173                -> 0.0.173
core-execution	Checkout code	2026-02-19T12:42:42.8310811Z  * [new tag]             0.0.174                -> 0.0.174
core-execution	Checkout code	2026-02-19T12:42:42.8311334Z  * [new tag]             0.0.175                -> 0.0.175
core-execution	Checkout code	2026-02-19T12:42:42.8311709Z  * [new tag]             0.0.176                -> 0.0.176
core-execution	Checkout code	2026-02-19T12:42:42.8312087Z  * [new tag]             0.0.177                -> 0.0.177
core-execution	Checkout code	2026-02-19T12:42:42.8312475Z  * [new tag]             0.0.178                -> 0.0.178
core-execution	Checkout code	2026-02-19T12:42:42.8312868Z  * [new tag]             0.0.179                -> 0.0.179
core-execution	Checkout code	2026-02-19T12:42:42.8313269Z  * [new tag]             0.0.18                 -> 0.0.18
core-execution	Checkout code	2026-02-19T12:42:42.8313655Z  * [new tag]             0.0.19                 -> 0.0.19
core-execution	Checkout code	2026-02-19T12:42:42.8314033Z  * [new tag]             0.0.2                  -> 0.0.2
core-execution	Checkout code	2026-02-19T12:42:42.8314428Z  * [new tag]             0.0.20                 -> 0.0.20
core-execution	Checkout code	2026-02-19T12:42:42.8314811Z  * [new tag]             0.0.21                 -> 0.0.21
core-execution	Checkout code	2026-02-19T12:42:42.8317407Z  * [new tag]             0.0.22                 -> 0.0.22
core-execution	Checkout code	2026-02-19T12:42:42.8317840Z  * [new tag]             0.0.23                 -> 0.0.23
core-execution	Checkout code	2026-02-19T12:42:42.8318237Z  * [new tag]             0.0.24                 -> 0.0.24
core-execution	Checkout code	2026-02-19T12:42:42.8318632Z  * [new tag]             0.0.25                 -> 0.0.25
core-execution	Checkout code	2026-02-19T12:42:42.8319026Z  * [new tag]             0.0.26                 -> 0.0.26
core-execution	Checkout code	2026-02-19T12:42:42.8319425Z  * [new tag]             0.0.27                 -> 0.0.27
core-execution	Checkout code	2026-02-19T12:42:42.8319818Z  * [new tag]             0.0.28                 -> 0.0.28
core-execution	Checkout code	2026-02-19T12:42:42.8320223Z  * [new tag]             0.0.29                 -> 0.0.29
core-execution	Checkout code	2026-02-19T12:42:42.8320613Z  * [new tag]             0.0.3                  -> 0.0.3
core-execution	Checkout code	2026-02-19T12:42:42.8321058Z  * [new tag]             0.0.30                 -> 0.0.30
core-execution	Checkout code	2026-02-19T12:42:42.8321491Z  * [new tag]             0.0.31                 -> 0.0.31
core-execution	Checkout code	2026-02-19T12:42:42.8321925Z  * [new tag]             0.0.32                 -> 0.0.32
core-execution	Checkout code	2026-02-19T12:42:42.8322437Z  * [new tag]             0.0.33                 -> 0.0.33
core-execution	Checkout code	2026-02-19T12:42:42.8322820Z  * [new tag]             0.0.34                 -> 0.0.34
core-execution	Checkout code	2026-02-19T12:42:42.8323316Z  * [new tag]             0.0.35                 -> 0.0.35
core-execution	Checkout code	2026-02-19T12:42:42.8323684Z  * [new tag]             0.0.36                 -> 0.0.36
core-execution	Checkout code	2026-02-19T12:42:42.8324047Z  * [new tag]             0.0.37                 -> 0.0.37
core-execution	Checkout code	2026-02-19T12:42:42.8324713Z  * [new tag]             0.0.38                 -> 0.0.38
core-execution	Checkout code	2026-02-19T12:42:42.8325447Z  * [new tag]             0.0.39                 -> 0.0.39
core-execution	Checkout code	2026-02-19T12:42:42.8326078Z  * [new tag]             0.0.4                  -> 0.0.4
core-execution	Checkout code	2026-02-19T12:42:42.8326439Z  * [new tag]             0.0.40                 -> 0.0.40
core-execution	Checkout code	2026-02-19T12:42:42.8326801Z  * [new tag]             0.0.41                 -> 0.0.41
core-execution	Checkout code	2026-02-19T12:42:42.8327159Z  * [new tag]             0.0.42                 -> 0.0.42
core-execution	Checkout code	2026-02-19T12:42:42.8327524Z  * [new tag]             0.0.43                 -> 0.0.43
core-execution	Checkout code	2026-02-19T12:42:42.8328308Z  * [new tag]             0.0.44                 -> 0.0.44
core-execution	Checkout code	2026-02-19T12:42:42.8328683Z  * [new tag]             0.0.45                 -> 0.0.45
core-execution	Checkout code	2026-02-19T12:42:42.8329178Z  * [new tag]             0.0.46                 -> 0.0.46
core-execution	Checkout code	2026-02-19T12:42:42.8329539Z  * [new tag]             0.0.47                 -> 0.0.47
core-execution	Checkout code	2026-02-19T12:42:42.8329902Z  * [new tag]             0.0.48                 -> 0.0.48
core-execution	Checkout code	2026-02-19T12:42:42.8330271Z  * [new tag]             0.0.49                 -> 0.0.49
core-execution	Checkout code	2026-02-19T12:42:42.8330982Z  * [new tag]             0.0.5                  -> 0.0.5
core-execution	Checkout code	2026-02-19T12:42:42.8331345Z  * [new tag]             0.0.50                 -> 0.0.50
core-execution	Checkout code	2026-02-19T12:42:42.8331708Z  * [new tag]             0.0.51                 -> 0.0.51
core-execution	Checkout code	2026-02-19T12:42:42.8332072Z  * [new tag]             0.0.52                 -> 0.0.52
core-execution	Checkout code	2026-02-19T12:42:42.8332440Z  * [new tag]             0.0.53                 -> 0.0.53
core-execution	Checkout code	2026-02-19T12:42:42.8332801Z  * [new tag]             0.0.54                 -> 0.0.54
core-execution	Checkout code	2026-02-19T12:42:42.8333163Z  * [new tag]             0.0.55                 -> 0.0.55
core-execution	Checkout code	2026-02-19T12:42:42.8333524Z  * [new tag]             0.0.56                 -> 0.0.56
core-execution	Checkout code	2026-02-19T12:42:42.8333887Z  * [new tag]             0.0.57                 -> 0.0.57
core-execution	Checkout code	2026-02-19T12:42:42.8334251Z  * [new tag]             0.0.58                 -> 0.0.58
core-execution	Checkout code	2026-02-19T12:42:42.8334612Z  * [new tag]             0.0.59                 -> 0.0.59
core-execution	Checkout code	2026-02-19T12:42:42.8335182Z  * [new tag]             0.0.6                  -> 0.0.6
core-execution	Checkout code	2026-02-19T12:42:42.8336045Z  * [new tag]             0.0.60                 -> 0.0.60
core-execution	Checkout code	2026-02-19T12:42:42.8336409Z  * [new tag]             0.0.61                 -> 0.0.61
core-execution	Checkout code	2026-02-19T12:42:42.8336770Z  * [new tag]             0.0.62                 -> 0.0.62
core-execution	Checkout code	2026-02-19T12:42:42.8337126Z  * [new tag]             0.0.63                 -> 0.0.63
core-execution	Checkout code	2026-02-19T12:42:42.8337479Z  * [new tag]             0.0.64                 -> 0.0.64
core-execution	Checkout code	2026-02-19T12:42:42.8337835Z  * [new tag]             0.0.65                 -> 0.0.65
core-execution	Checkout code	2026-02-19T12:42:42.8338193Z  * [new tag]             0.0.66                 -> 0.0.66
core-execution	Checkout code	2026-02-19T12:42:42.8338547Z  * [new tag]             0.0.67                 -> 0.0.67
core-execution	Checkout code	2026-02-19T12:42:42.8339025Z  * [new tag]             0.0.68                 -> 0.0.68
core-execution	Checkout code	2026-02-19T12:42:42.8339658Z  * [new tag]             0.0.69                 -> 0.0.69
core-execution	Checkout code	2026-02-19T12:42:42.8340455Z  * [new tag]             0.0.7                  -> 0.0.7
core-execution	Checkout code	2026-02-19T12:42:42.8340949Z  * [new tag]             0.0.70                 -> 0.0.70
core-execution	Checkout code	2026-02-19T12:42:42.8341440Z  * [new tag]             0.0.71                 -> 0.0.71
core-execution	Checkout code	2026-02-19T12:42:42.8341797Z  * [new tag]             0.0.72                 -> 0.0.72
core-execution	Checkout code	2026-02-19T12:42:42.8342159Z  * [new tag]             0.0.73                 -> 0.0.73
core-execution	Checkout code	2026-02-19T12:42:42.8342515Z  * [new tag]             0.0.74                 -> 0.0.74
core-execution	Checkout code	2026-02-19T12:42:42.8342870Z  * [new tag]             0.0.75                 -> 0.0.75
core-execution	Checkout code	2026-02-19T12:42:42.8343225Z  * [new tag]             0.0.76                 -> 0.0.76
core-execution	Checkout code	2026-02-19T12:42:42.8343580Z  * [new tag]             0.0.77                 -> 0.0.77
core-execution	Checkout code	2026-02-19T12:42:42.8343933Z  * [new tag]             0.0.78                 -> 0.0.78
core-execution	Checkout code	2026-02-19T12:42:42.8344290Z  * [new tag]             0.0.79                 -> 0.0.79
core-execution	Checkout code	2026-02-19T12:42:42.8344649Z  * [new tag]             0.0.8                  -> 0.0.8
core-execution	Checkout code	2026-02-19T12:42:42.8345674Z  * [new tag]             0.0.80                 -> 0.0.80
core-execution	Checkout code	2026-02-19T12:42:42.8346171Z  * [new tag]             0.0.81                 -> 0.0.81
core-execution	Checkout code	2026-02-19T12:42:42.8346527Z  * [new tag]             0.0.82                 -> 0.0.82
core-execution	Checkout code	2026-02-19T12:42:42.8346881Z  * [new tag]             0.0.83                 -> 0.0.83
core-execution	Checkout code	2026-02-19T12:42:42.8347236Z  * [new tag]             0.0.84                 -> 0.0.84
core-execution	Checkout code	2026-02-19T12:42:42.8347590Z  * [new tag]             0.0.85                 -> 0.0.85
core-execution	Checkout code	2026-02-19T12:42:42.8347948Z  * [new tag]             0.0.86                 -> 0.0.86
core-execution	Checkout code	2026-02-19T12:42:42.8348298Z  * [new tag]             0.0.87                 -> 0.0.87
core-execution	Checkout code	2026-02-19T12:42:42.8348657Z  * [new tag]             0.0.88                 -> 0.0.88
core-execution	Checkout code	2026-02-19T12:42:42.8349016Z  * [new tag]             0.0.89                 -> 0.0.89
core-execution	Checkout code	2026-02-19T12:42:42.8349371Z  * [new tag]             0.0.9                  -> 0.0.9
core-execution	Checkout code	2026-02-19T12:42:42.8349727Z  * [new tag]             0.0.90                 -> 0.0.90
core-execution	Checkout code	2026-02-19T12:42:42.8350088Z  * [new tag]             0.0.91                 -> 0.0.91
core-execution	Checkout code	2026-02-19T12:42:42.8350645Z  * [new tag]             0.0.92                 -> 0.0.92
core-execution	Checkout code	2026-02-19T12:42:42.8351001Z  * [new tag]             0.0.93                 -> 0.0.93
core-execution	Checkout code	2026-02-19T12:42:42.8351360Z  * [new tag]             0.0.94                 -> 0.0.94
core-execution	Checkout code	2026-02-19T12:42:42.8351715Z  * [new tag]             0.0.95                 -> 0.0.95
core-execution	Checkout code	2026-02-19T12:42:42.8352073Z  * [new tag]             0.0.96                 -> 0.0.96
core-execution	Checkout code	2026-02-19T12:42:42.8352429Z  * [new tag]             0.0.97                 -> 0.0.97
core-execution	Checkout code	2026-02-19T12:42:42.8352781Z  * [new tag]             0.0.98                 -> 0.0.98
core-execution	Checkout code	2026-02-19T12:42:42.8353136Z  * [new tag]             0.0.99                 -> 0.0.99
core-execution	Checkout code	2026-02-19T12:42:42.8353495Z  * [new tag]             0.1.0                  -> 0.1.0
core-execution	Checkout code	2026-02-19T12:42:42.8353852Z  * [new tag]             0.1.1                  -> 0.1.1
core-execution	Checkout code	2026-02-19T12:42:42.8354211Z  * [new tag]             0.2.0                  -> 0.2.0
core-execution	Checkout code	2026-02-19T12:42:42.8354572Z  * [new tag]             0.3.0                  -> 0.3.0
core-execution	Checkout code	2026-02-19T12:42:42.8354941Z  * [new tag]             0.3.1                  -> 0.3.1
core-execution	Checkout code	2026-02-19T12:42:42.8355723Z  * [new tag]             0.3.10                 -> 0.3.10
core-execution	Checkout code	2026-02-19T12:42:42.8356085Z  * [new tag]             0.3.11                 -> 0.3.11
core-execution	Checkout code	2026-02-19T12:42:42.8356469Z  * [new tag]             0.3.12                 -> 0.3.12
core-execution	Checkout code	2026-02-19T12:42:42.8356828Z  * [new tag]             0.3.13                 -> 0.3.13
core-execution	Checkout code	2026-02-19T12:42:42.8357186Z  * [new tag]             0.3.14                 -> 0.3.14
core-execution	Checkout code	2026-02-19T12:42:42.8357543Z  * [new tag]             0.3.15                 -> 0.3.15
core-execution	Checkout code	2026-02-19T12:42:42.8358024Z  * [new tag]             0.3.16                 -> 0.3.16
core-execution	Checkout code	2026-02-19T12:42:42.8358674Z  * [new tag]             0.3.17                 -> 0.3.17
core-execution	Checkout code	2026-02-19T12:42:42.8359199Z  * [new tag]             0.3.2                  -> 0.3.2
core-execution	Checkout code	2026-02-19T12:42:42.8359575Z  * [new tag]             0.3.3                  -> 0.3.3
core-execution	Checkout code	2026-02-19T12:42:42.8359955Z  * [new tag]             0.3.4                  -> 0.3.4
core-execution	Checkout code	2026-02-19T12:42:42.8360456Z  * [new tag]             0.3.5                  -> 0.3.5
core-execution	Checkout code	2026-02-19T12:42:42.8360812Z  * [new tag]             0.3.6                  -> 0.3.6
core-execution	Checkout code	2026-02-19T12:42:42.8361169Z  * [new tag]             0.3.7                  -> 0.3.7
core-execution	Checkout code	2026-02-19T12:42:42.8361524Z  * [new tag]             0.3.8                  -> 0.3.8
core-execution	Checkout code	2026-02-19T12:42:42.8361881Z  * [new tag]             0.3.9                  -> 0.3.9
core-execution	Checkout code	2026-02-19T12:42:42.8362234Z  * [new tag]             0.4.0                  -> 0.4.0
core-execution	Checkout code	2026-02-19T12:42:42.8362587Z  * [new tag]             0.4.1                  -> 0.4.1
core-execution	Checkout code	2026-02-19T12:42:42.8362945Z  * [new tag]             0.4.2                  -> 0.4.2
core-execution	Checkout code	2026-02-19T12:42:42.8363443Z  * [new tag]             0.4.3                  -> 0.4.3
core-execution	Checkout code	2026-02-19T12:42:42.8363808Z  * [new tag]             0.4.4                  -> 0.4.4
core-execution	Checkout code	2026-02-19T12:42:42.8364171Z  * [new tag]             0.4.5                  -> 0.4.5
core-execution	Checkout code	2026-02-19T12:42:42.8364747Z  * [new tag]             0.4.6                  -> 0.4.6
core-execution	Checkout code	2026-02-19T12:42:42.8365471Z  * [new tag]             0.4.7                  -> 0.4.7
core-execution	Checkout code	2026-02-19T12:42:42.8365835Z  * [new tag]             0.4.8                  -> 0.4.8
core-execution	Checkout code	2026-02-19T12:42:42.8366318Z  * [new tag]             0.4.9                  -> 0.4.9
core-execution	Checkout code	2026-02-19T12:42:42.8366670Z  * [new tag]             0.5.0                  -> 0.5.0
core-execution	Checkout code	2026-02-19T12:42:42.8367023Z  * [new tag]             0.5.1                  -> 0.5.1
core-execution	Checkout code	2026-02-19T12:42:42.8367378Z  * [new tag]             0.5.2                  -> 0.5.2
core-execution	Checkout code	2026-02-19T12:42:42.8367732Z  * [new tag]             0.6.0                  -> 0.6.0
core-execution	Checkout code	2026-02-19T12:42:42.8368084Z  * [new tag]             0.6.1                  -> 0.6.1
core-execution	Checkout code	2026-02-19T12:42:42.8368439Z  * [new tag]             0.6.2                  -> 0.6.2
core-execution	Checkout code	2026-02-19T12:42:42.8647015Z [command]/usr/bin/git branch --list --remote origin/main
core-execution	Checkout code	2026-02-19T12:42:42.8724704Z   origin/main
core-execution	Checkout code	2026-02-19T12:42:42.8735637Z [command]/usr/bin/git rev-parse refs/remotes/origin/main
core-execution	Checkout code	2026-02-19T12:42:42.8770257Z bad9b392b003cc4fa4736e7003a1a6b688956418
core-execution	Checkout code	2026-02-19T12:42:42.8777664Z ##[endgroup]
core-execution	Checkout code	2026-02-19T12:42:42.8778255Z ##[group]Determining the checkout info
core-execution	Checkout code	2026-02-19T12:42:42.8778889Z ##[endgroup]
core-execution	Checkout code	2026-02-19T12:42:42.8784656Z [command]/usr/bin/git sparse-checkout disable
core-execution	Checkout code	2026-02-19T12:42:42.8848590Z [command]/usr/bin/git config --local --unset-all extensions.worktreeConfig
core-execution	Checkout code	2026-02-19T12:42:42.8887038Z ##[group]Checking out the ref
core-execution	Checkout code	2026-02-19T12:42:42.8893081Z [command]/usr/bin/git checkout --progress --force -B main refs/remotes/origin/main
core-execution	Checkout code	2026-02-19T12:42:43.1451770Z Switched to a new branch 'main'
core-execution	Checkout code	2026-02-19T12:42:43.1456113Z branch 'main' set up to track 'origin/main'.
core-execution	Checkout code	2026-02-19T12:42:43.1496904Z ##[endgroup]
core-execution	Checkout code	2026-02-19T12:42:43.1559748Z [command]/usr/bin/git log -1 --format=%H
core-execution	Checkout code	2026-02-19T12:42:43.1593159Z bad9b392b003cc4fa4736e7003a1a6b688956418
core-execution	Set up Python	Ôªø2026-02-19T12:42:43.1874895Z ##[group]Run actions/setup-python@v4
core-execution	Set up Python	2026-02-19T12:42:43.1876486Z with:
core-execution	Set up Python	2026-02-19T12:42:43.1876709Z   python-version: 3.10
core-execution	Set up Python	2026-02-19T12:42:43.1876957Z   check-latest: false
core-execution	Set up Python	2026-02-19T12:42:43.1877386Z   token: ***
core-execution	Set up Python	2026-02-19T12:42:43.1877617Z   update-environment: true
core-execution	Set up Python	2026-02-19T12:42:43.1878150Z   allow-prereleases: false
core-execution	Set up Python	2026-02-19T12:42:43.1878517Z env:
core-execution	Set up Python	2026-02-19T12:42:43.1878732Z   KAOS_MODULE: [Ka0S] GitHub ‚Üí iTop Sync
core-execution	Set up Python	2026-02-19T12:42:43.1879030Z   KAOS_CORRELATION_ID: 22182221863
core-execution	Set up Python	2026-02-19T12:42:43.1879317Z   KAOS_ACTOR: ***
core-execution	Set up Python	2026-02-19T12:42:43.1879529Z ##[endgroup]
core-execution	Set up Python	2026-02-19T12:42:43.3824133Z ##[group]Installed versions
core-execution	Set up Python	2026-02-19T12:42:43.3839263Z Version 3.10 was not found in the local cache
core-execution	Set up Python	2026-02-19T12:42:44.4288346Z Version 3.10 is available for downloading
core-execution	Set up Python	2026-02-19T12:42:44.4290409Z Download from "https://github.com/actions/python-versions/releases/download/3.10.19-18393196481/python-3.10.19-linux-24.04-x64.tar.gz"
core-execution	Set up Python	2026-02-19T12:42:45.8617043Z Extract downloaded archive
core-execution	Set up Python	2026-02-19T12:42:45.9084816Z [command]/usr/bin/tar xz --warning=no-unknown-keyword -C /home/runner/_work/_temp/da7179bd-6251-4eeb-b1f2-6dc7fbe3aa0f -f /home/runner/_work/_temp/3152758d-8f27-40d0-a8b0-8ec672a1322d
core-execution	Set up Python	2026-02-19T12:42:47.5189396Z Execute installation script
core-execution	Set up Python	2026-02-19T12:42:47.5290259Z Check if Python hostedtoolcache folder exist...
core-execution	Set up Python	2026-02-19T12:42:47.5290683Z Creating Python hostedtoolcache folder...
core-execution	Set up Python	2026-02-19T12:42:47.5304206Z Create Python 3.10.19 folder
core-execution	Set up Python	2026-02-19T12:42:47.5325110Z Copy Python binaries to hostedtoolcache folder
core-execution	Set up Python	2026-02-19T12:42:48.4826199Z Create additional symlinks (Required for the UsePythonVersion Azure Pipelines task and the setup-python GitHub Action)
core-execution	Set up Python	2026-02-19T12:42:48.4873116Z Upgrading pip...
core-execution	Set up Python	2026-02-19T12:42:50.5224600Z Looking in links: /tmp/tmp23sz3fub
core-execution	Set up Python	2026-02-19T12:42:50.5229783Z Requirement already satisfied: setuptools in /home/runner/_work/_tool/Python/3.10.19/x64/lib/python3.10/site-packages (79.0.1)
core-execution	Set up Python	2026-02-19T12:42:50.5233909Z Requirement already satisfied: pip in /home/runner/_work/_tool/Python/3.10.19/x64/lib/python3.10/site-packages (23.0.1)
core-execution	Set up Python	2026-02-19T12:42:51.8262112Z Collecting pip
core-execution	Set up Python	2026-02-19T12:42:51.8770885Z Downloading pip-26.0.1-py3-none-any.whl (1.8 MB)
core-execution	Set up Python	2026-02-19T12:42:51.9379676Z ‚îÅ‚îÅ‚îÅ‚îÅ‚îÅ‚îÅ‚îÅ‚îÅ‚îÅ‚îÅ‚îÅ‚îÅ‚îÅ‚îÅ‚îÅ‚îÅ‚îÅ‚îÅ‚îÅ‚îÅ‚îÅ‚îÅ‚îÅ‚îÅ‚îÅ‚îÅ‚îÅ‚îÅ‚îÅ‚îÅ‚îÅ‚îÅ‚îÅ‚îÅ‚îÅ‚îÅ‚îÅ‚îÅ‚îÅ‚îÅ 1.8/1.8 MB 30.6 MB/s eta 0:00:00
core-execution	Set up Python	2026-02-19T12:42:51.9380148Z 
core-execution	Set up Python	2026-02-19T12:42:52.0016174Z Installing collected packages: pip
core-execution	Set up Python	2026-02-19T12:42:52.0016561Z Attempting uninstall: pip
core-execution	Set up Python	2026-02-19T12:42:52.0021759Z Found existing installation: pip 23.0.1
core-execution	Set up Python	2026-02-19T12:42:52.3024546Z Uninstalling pip-23.0.1:
core-execution	Set up Python	2026-02-19T12:42:52.3121896Z Successfully uninstalled pip-23.0.1
core-execution	Set up Python	2026-02-19T12:42:53.1898171Z Successfully installed pip-26.0.1
core-execution	Set up Python	2026-02-19T12:42:53.2678418Z Create complete file
core-execution	Set up Python	2026-02-19T12:42:53.2723747Z Successfully set up CPython (3.10.19)
core-execution	Set up Python	2026-02-19T12:42:53.2724443Z ##[endgroup]
core-execution	Install dependencies	Ôªø2026-02-19T12:42:53.2950069Z ##[group]Run pip install requests
core-execution	Install dependencies	2026-02-19T12:42:53.2950532Z [36;1mpip install requests[0m
core-execution	Install dependencies	2026-02-19T12:42:53.2972086Z shell: /usr/bin/bash -e {0}
core-execution	Install dependencies	2026-02-19T12:42:53.2972414Z env:
core-execution	Install dependencies	2026-02-19T12:42:53.2972646Z   KAOS_MODULE: [Ka0S] GitHub ‚Üí iTop Sync
core-execution	Install dependencies	2026-02-19T12:42:53.2972949Z   KAOS_CORRELATION_ID: 22182221863
core-execution	Install dependencies	2026-02-19T12:42:53.2973362Z   KAOS_ACTOR: ***
core-execution	Install dependencies	2026-02-19T12:42:53.2973676Z   pythonLocation: /home/runner/_work/_tool/Python/3.10.19/x64
core-execution	Install dependencies	2026-02-19T12:42:53.2974161Z   PKG_CONFIG_PATH: /home/runner/_work/_tool/Python/3.10.19/x64/lib/pkgconfig
core-execution	Install dependencies	2026-02-19T12:42:53.2974640Z   Python_ROOT_DIR: /home/runner/_work/_tool/Python/3.10.19/x64
core-execution	Install dependencies	2026-02-19T12:42:53.2975657Z   Python2_ROOT_DIR: /home/runner/_work/_tool/Python/3.10.19/x64
core-execution	Install dependencies	2026-02-19T12:42:53.2976217Z   Python3_ROOT_DIR: /home/runner/_work/_tool/Python/3.10.19/x64
core-execution	Install dependencies	2026-02-19T12:42:53.2976655Z   LD_LIBRARY_PATH: /home/runner/_work/_tool/Python/3.10.19/x64/lib
core-execution	Install dependencies	2026-02-19T12:42:53.2977012Z ##[endgroup]
core-execution	Install dependencies	2026-02-19T12:42:53.7917515Z Collecting requests
core-execution	Install dependencies	2026-02-19T12:42:53.8791724Z   Downloading requests-2.32.5-py3-none-any.whl.metadata (4.9 kB)
core-execution	Install dependencies	2026-02-19T12:42:54.0194571Z Collecting charset_normalizer<4,>=2 (from requests)
core-execution	Install dependencies	2026-02-19T12:42:54.0253320Z   Downloading charset_normalizer-3.4.4-cp310-cp310-manylinux2014_x86_64.manylinux_2_17_x86_64.manylinux_2_28_x86_64.whl.metadata (37 kB)
core-execution	Install dependencies	2026-02-19T12:42:54.0674128Z Collecting idna<4,>=2.5 (from requests)
core-execution	Install dependencies	2026-02-19T12:42:54.0717966Z   Downloading idna-3.11-py3-none-any.whl.metadata (8.4 kB)
core-execution	Install dependencies	2026-02-19T12:42:54.1082666Z Collecting urllib3<3,>=1.21.1 (from requests)
core-execution	Install dependencies	2026-02-19T12:42:54.1163174Z   Downloading urllib3-2.6.3-py3-none-any.whl.metadata (6.9 kB)
core-execution	Install dependencies	2026-02-19T12:42:54.1468121Z Collecting certifi>=2017.4.17 (from requests)
core-execution	Install dependencies	2026-02-19T12:42:54.1515039Z   Downloading certifi-2026.1.4-py3-none-any.whl.metadata (2.5 kB)
core-execution	Install dependencies	2026-02-19T12:42:54.1620890Z Downloading requests-2.32.5-py3-none-any.whl (64 kB)
core-execution	Install dependencies	2026-02-19T12:42:54.1766195Z Downloading charset_normalizer-3.4.4-cp310-cp310-manylinux2014_x86_64.manylinux_2_17_x86_64.manylinux_2_28_x86_64.whl (153 kB)
core-execution	Install dependencies	2026-02-19T12:42:54.1904203Z Downloading idna-3.11-py3-none-any.whl (71 kB)
core-execution	Install dependencies	2026-02-19T12:42:54.1997524Z Downloading urllib3-2.6.3-py3-none-any.whl (131 kB)
core-execution	Install dependencies	2026-02-19T12:42:54.2107185Z Downloading certifi-2026.1.4-py3-none-any.whl (152 kB)
core-execution	Install dependencies	2026-02-19T12:42:54.2472223Z Installing collected packages: urllib3, idna, charset_normalizer, certifi, requests
core-execution	Install dependencies	2026-02-19T12:42:54.4993121Z 
core-execution	Install dependencies	2026-02-19T12:42:54.5012955Z Successfully installed certifi-2026.1.4 charset_normalizer-3.4.4 idna-3.11 requests-2.32.5 urllib3-2.6.3
core-execution	Run Sync Script	Ôªø2026-02-19T12:42:54.7010139Z ##[group]Run python .github/scripts/github-sync-itop.py > result.json
core-execution	Run Sync Script	2026-02-19T12:42:54.7010725Z [36;1mpython .github/scripts/github-sync-itop.py > result.json[0m
core-execution	Run Sync Script	2026-02-19T12:42:54.7024136Z shell: /usr/bin/bash -e {0}
core-execution	Run Sync Script	2026-02-19T12:42:54.7024411Z env:
core-execution	Run Sync Script	2026-02-19T12:42:54.7024639Z   KAOS_MODULE: [Ka0S] GitHub ‚Üí iTop Sync
core-execution	Run Sync Script	2026-02-19T12:42:54.7024954Z   KAOS_CORRELATION_ID: 22182221863
core-execution	Run Sync Script	2026-02-19T12:42:54.7025471Z   KAOS_ACTOR: ***
core-execution	Run Sync Script	2026-02-19T12:42:54.7025789Z   pythonLocation: /home/runner/_work/_tool/Python/3.10.19/x64
core-execution	Run Sync Script	2026-02-19T12:42:54.7026396Z   PKG_CONFIG_PATH: /home/runner/_work/_tool/Python/3.10.19/x64/lib/pkgconfig
core-execution	Run Sync Script	2026-02-19T12:42:54.7027138Z   Python_ROOT_DIR: /home/runner/_work/_tool/Python/3.10.19/x64
core-execution	Run Sync Script	2026-02-19T12:42:54.7027563Z   Python2_ROOT_DIR: /home/runner/_work/_tool/Python/3.10.19/x64
core-execution	Run Sync Script	2026-02-19T12:42:54.7027987Z   Python3_ROOT_DIR: /home/runner/_work/_tool/Python/3.10.19/x64
core-execution	Run Sync Script	2026-02-19T12:42:54.7028416Z   LD_LIBRARY_PATH: /home/runner/_work/_tool/Python/3.10.19/x64/lib
core-execution	Run Sync Script	2026-02-19T12:42:54.7028871Z   ITOP_URL: ***
core-execution	Run Sync Script	2026-02-19T12:42:54.7029102Z   ITOP_API_USER: ***
core-execution	Run Sync Script	2026-02-19T12:42:54.7029363Z   ITOP_API_PASSWORD: ***
core-execution	Run Sync Script	2026-02-19T12:42:54.7029613Z   ITOP_ORIGIN: ***
core-execution	Run Sync Script	2026-02-19T12:42:54.7029833Z   GITHUB_EVENT_NAME: issues
core-execution	Run Sync Script	2026-02-19T12:42:54.7030084Z   GITHUB_EVENT_ACTION: opened
core-execution	Run Sync Script	2026-02-19T12:42:54.7041103Z   GITHUB_ISSUE_PAYLOAD: {
core-execution	Run Sync Script	  "active_lock_reason": null,
core-execution	Run Sync Script	  "assignee": null,
core-execution	Run Sync Script	  "assignees": [],
core-execution	Run Sync Script	  "author_association": "CONTRIBUTOR",
core-execution	Run Sync Script	  "body": "### Organizacion\n\n***\n\n### Solicitante (si aplica)\n\n@asantacana\n\n### Origen\n\nPortal\n\n### Descripci√≥n\n\nCheck all fields\n@asantacana\nPortal\nPersona\nBaja\n\n### Impacto\n\nPersona\n\n### Urgencia\n\nBaja",
core-execution	Run Sync Script	  "closed_at": null,
core-execution	Run Sync Script	  "comments": 0,
core-execution	Run Sync Script	  "comments_url": "https://api.github.com/repos/Ka0s-Klaus/ka0s/issues/4174/comments",
core-execution	Run Sync Script	  "created_at": "2026-02-19T12:42:07Z",
core-execution	Run Sync Script	  "events_url": "https://api.github.com/repos/Ka0s-Klaus/ka0s/issues/4174/events",
core-execution	Run Sync Script	  "html_url": "https://github.com/Ka0s-Klaus/ka0s/issues/4174",
core-execution	Run Sync Script	  "id": 3962779160,
core-execution	Run Sync Script	  "issue_dependencies_summary": {
core-execution	Run Sync Script	    "blocked_by": 0,
core-execution	Run Sync Script	    "blocking": 0,
core-execution	Run Sync Script	    "total_blocked_by": 0,
core-execution	Run Sync Script	    "total_blocking": 0
core-execution	Run Sync Script	  },
core-execution	Run Sync Script	  "labels": [],
core-execution	Run Sync Script	  "labels_url": "https://api.github.com/repos/Ka0s-Klaus/ka0s/issues/4174/labels{/name}",
core-execution	Run Sync Script	  "locked": false,
core-execution	Run Sync Script	  "milestone": null,
core-execution	Run Sync Script	  "node_id": "I_kwDONx6uGM7sMzYY",
core-execution	Run Sync Script	  "number": 4174,
core-execution	Run Sync Script	  "performed_via_github_app": null,
core-execution	Run Sync Script	  "pinned_comment": null,
core-execution	Run Sync Script	  "reactions": {
core-execution	Run Sync Script	    "+1": 0,
core-execution	Run Sync Script	    "-1": 0,
core-execution	Run Sync Script	    "confused": 0,
core-execution	Run Sync Script	    "eyes": 0,
core-execution	Run Sync Script	    "heart": 0,
core-execution	Run Sync Script	    "hooray": 0,
core-execution	Run Sync Script	    "laugh": 0,
core-execution	Run Sync Script	    "rocket": 0,
core-execution	Run Sync Script	    "total_count": 0,
core-execution	Run Sync Script	    "url": "https://api.github.com/repos/Ka0s-Klaus/ka0s/issues/4174/reactions"
core-execution	Run Sync Script	  },
core-execution	Run Sync Script	  "repository_url": "https://api.github.com/repos/Ka0s-Klaus/ka0s",
core-execution	Run Sync Script	  "state": "open",
core-execution	Run Sync Script	  "state_reason": null,
core-execution	Run Sync Script	  "sub_issues_summary": {
core-execution	Run Sync Script	    "completed": 0,
core-execution	Run Sync Script	    "percent_completed": 0,
core-execution	Run Sync Script	    "total": 0
core-execution	Run Sync Script	  },
core-execution	Run Sync Script	  "timeline_url": "https://api.github.com/repos/Ka0s-Klaus/ka0s/issues/4174/timeline",
core-execution	Run Sync Script	  "title": "[REQUEST]:  IV New rewust github itop all field match",
core-execution	Run Sync Script	  "type": null,
core-execution	Run Sync Script	  "updated_at": "2026-02-19T12:42:07Z",
core-execution	Run Sync Script	  "url": "https://api.github.com/repos/Ka0s-Klaus/ka0s/issues/4174",
core-execution	Run Sync Script	  "user": {
core-execution	Run Sync Script	    "avatar_url": "https://avatars.githubusercontent.com/u/197097473?v=4",
core-execution	Run Sync Script	    "events_url": "https://api.github.com/users/***/events{/privacy}",
core-execution	Run Sync Script	    "followers_url": "https://api.github.com/users/***/followers",
core-execution	Run Sync Script	    "following_url": "https://api.github.com/users/***/following{/other_user}",
core-execution	Run Sync Script	    "gists_url": "https://api.github.com/users/***/gists{/gist_id}",
core-execution	Run Sync Script	    "gravatar_id": "",
core-execution	Run Sync Script	    "html_url": "https://github.com/***",
core-execution	Run Sync Script	    "id": 197097473,
core-execution	Run Sync Script	    "login": "***",
core-execution	Run Sync Script	    "node_id": "U_kgDOC794AQ",
core-execution	Run Sync Script	    "organizations_url": "https://api.github.com/users/***/orgs",
core-execution	Run Sync Script	    "received_events_url": "https://api.github.com/users/***/received_events",
core-execution	Run Sync Script	    "repos_url": "https://api.github.com/users/***/repos",
core-execution	Run Sync Script	    "site_admin": false,
core-execution	Run Sync Script	    "starred_url": "https://api.github.com/users/***/starred{/owner}{/repo}",
core-execution	Run Sync Script	    "subscriptions_url": "https://api.github.com/users/***/subscriptions",
core-execution	Run Sync Script	    "type": "User",
core-execution	Run Sync Script	    "url": "https://api.github.com/users/***",
core-execution	Run Sync Script	    "user_view_type": "public"
core-execution	Run Sync Script	  }
core-execution	Run Sync Script	}
core-execution	Run Sync Script	2026-02-19T12:42:54.7051635Z   GITHUB_COMMENT_PAYLOAD: null
core-execution	Run Sync Script	2026-02-19T12:42:54.7051915Z   GITHUB_REPO_FULL_NAME: Ka0s-Klaus/ka0s
core-execution	Run Sync Script	2026-02-19T12:42:54.7052193Z ##[endgroup]
core-execution	Run Sync Script	2026-02-19T12:42:54.9474493Z /home/runner/_work/_tool/Python/3.10.19/x64/lib/python3.10/site-packages/urllib3/connectionpool.py:1097: InsecureRequestWarning: Unverified HTTPS request is being made to host 'itsm.ka0s.io'. Adding certificate verification is strongly advised. See: https://urllib3.readthedocs.io/en/latest/advanced-usage.html#tls-warnings
core-execution	Run Sync Script	2026-02-19T12:42:54.9476832Z   warnings.warn(
core-execution	Run Sync Script	2026-02-19T12:42:55.1300242Z /home/runner/_work/_tool/Python/3.10.19/x64/lib/python3.10/site-packages/urllib3/connectionpool.py:1097: InsecureRequestWarning: Unverified HTTPS request is being made to host 'itsm.ka0s.io'. Adding certificate verification is strongly advised. See: https://urllib3.readthedocs.io/en/latest/advanced-usage.html#tls-warnings
core-execution	Run Sync Script	2026-02-19T12:42:55.1302141Z   warnings.warn(
core-execution	Run Sync Script	2026-02-19T12:42:55.2649624Z /home/runner/_work/_tool/Python/3.10.19/x64/lib/python3.10/site-packages/urllib3/connectionpool.py:1097: InsecureRequestWarning: Unverified HTTPS request is being made to host 'itsm.ka0s.io'. Adding certificate verification is strongly advised. See: https://urllib3.readthedocs.io/en/latest/advanced-usage.html#tls-warnings
core-execution	Run Sync Script	2026-02-19T12:42:55.2651291Z   warnings.warn(
core-execution	Save audit log	Ôªø2026-02-19T12:42:55.4422756Z ##[group]Run # Si result.json no existe o est√° vac√≠o, no hacemos nada.
core-execution	Save audit log	2026-02-19T12:42:55.4423372Z [36;1m# Si result.json no existe o est√° vac√≠o, no hacemos nada.[0m
core-execution	Save audit log	2026-02-19T12:42:55.4423795Z [36;1mif [ ! -s result.json ]; then[0m
core-execution	Save audit log	2026-02-19T12:42:55.4424269Z [36;1m  echo "result.json no encontrado o vac√≠o. No se crear√° log de auditor√≠a."[0m
core-execution	Save audit log	2026-02-19T12:42:55.4424902Z [36;1m  # Establecemos una salida para que el siguiente paso sepa que no debe ejecutarse[0m
core-execution	Save audit log	2026-02-19T12:42:55.4426054Z [36;1m  echo "audit_file_created=false" >> $GITHUB_OUTPUT[0m
core-execution	Save audit log	2026-02-19T12:42:55.4426410Z [36;1m  exit 0[0m
core-execution	Save audit log	2026-02-19T12:42:55.4436314Z [36;1mfi[0m
core-execution	Save audit log	2026-02-19T12:42:55.4436698Z [36;1m[0m
core-execution	Save audit log	2026-02-19T12:42:55.4436984Z [36;1m# Instalamos jq para leer el JSON de forma segura[0m
core-execution	Save audit log	2026-02-19T12:42:55.4437474Z [36;1msudo apt-get install -y jq[0m
core-execution	Save audit log	2026-02-19T12:42:55.4437734Z [36;1m[0m
core-execution	Save audit log	2026-02-19T12:42:55.4437937Z [36;1mmkdir -p audit/sync[0m
core-execution	Save audit log	2026-02-19T12:42:55.4438219Z [36;1mTIMESTAMP=$(date -u +"%Y%m%d_%H%M%S")[0m
core-execution	Save audit log	2026-02-19T12:42:55.4438672Z [36;1m# Extraemos el n√∫mero de issue del JSON de forma segura[0m
core-execution	Save audit log	2026-02-19T12:42:55.4439175Z [36;1mISSUE_ID=$(jq -r '.github_ref | split("/")[-1] // "NOREF"' result.json)[0m
core-execution	Save audit log	2026-02-19T12:42:55.4439847Z [36;1m# Intentamos obtener la referencia de iTop (ref) de la respuesta; si no existe, caemos a itop_key; si no, unknown[0m
core-execution	Save audit log	2026-02-19T12:42:55.4440790Z [36;1mITOP_REF=$(jq -r '[0m
core-execution	Save audit log	2026-02-19T12:42:55.4441228Z [36;1m  (try (.create.response.objects | to_entries[0].value.fields.ref) catch empty) //[0m
core-execution	Save audit log	2026-02-19T12:42:55.4441975Z [36;1m  (try (.update.response.objects | to_entries[0].value.fields.ref) catch empty) //[0m
core-execution	Save audit log	2026-02-19T12:42:55.4442574Z [36;1m  (try (.close.response.objects  | to_entries[0].value.fields.ref) catch empty) //[0m
core-execution	Save audit log	2026-02-19T12:42:55.4443036Z [36;1m  .itop_key // "NOREF"' result.json)[0m
core-execution	Save audit log	2026-02-19T12:42:55.4443362Z [36;1m# Saneamos la ref para nombre de fichero[0m
core-execution	Save audit log	2026-02-19T12:42:55.4443729Z [36;1mSAFE_ITOP_REF=$(echo "$ITOP_REF" | tr ' /:\\' '____')[0m
core-execution	Save audit log	2026-02-19T12:42:55.4444136Z [36;1m# Nuevo esquema: <timestamp>_<itop_ref>_<issue>.json[0m
core-execution	Save audit log	2026-02-19T12:42:55.4444598Z [36;1mFILENAME="audit/sync/${TIMESTAMP}_${SAFE_ITOP_REF}_${ISSUE_ID}.json"[0m
core-execution	Save audit log	2026-02-19T12:42:55.4445555Z [36;1m[0m
core-execution	Save audit log	2026-02-19T12:42:55.4445780Z [36;1mmv result.json $FILENAME[0m
core-execution	Save audit log	2026-02-19T12:42:55.4446040Z [36;1m[0m
core-execution	Save audit log	2026-02-19T12:42:55.4446397Z [36;1mecho "AUDIT_FILE=$FILENAME" >> $GITHUB_ENV[0m
core-execution	Save audit log	2026-02-19T12:42:55.4446761Z [36;1mecho "audit_file_created=true" >> $GITHUB_OUTPUT[0m
core-execution	Save audit log	2026-02-19T12:42:55.4460683Z shell: /usr/bin/bash -e {0}
core-execution	Save audit log	2026-02-19T12:42:55.4461341Z env:
core-execution	Save audit log	2026-02-19T12:42:55.4461832Z   KAOS_MODULE: [Ka0S] GitHub ‚Üí iTop Sync
core-execution	Save audit log	2026-02-19T12:42:55.4462147Z   KAOS_CORRELATION_ID: 22182221863
core-execution	Save audit log	2026-02-19T12:42:55.4462678Z   KAOS_ACTOR: ***
core-execution	Save audit log	2026-02-19T12:42:55.4463122Z   pythonLocation: /home/runner/_work/_tool/Python/3.10.19/x64
core-execution	Save audit log	2026-02-19T12:42:55.4463750Z   PKG_CONFIG_PATH: /home/runner/_work/_tool/Python/3.10.19/x64/lib/pkgconfig
core-execution	Save audit log	2026-02-19T12:42:55.4464249Z   Python_ROOT_DIR: /home/runner/_work/_tool/Python/3.10.19/x64
core-execution	Save audit log	2026-02-19T12:42:55.4464685Z   Python2_ROOT_DIR: /home/runner/_work/_tool/Python/3.10.19/x64
core-execution	Save audit log	2026-02-19T12:42:55.4466095Z   Python3_ROOT_DIR: /home/runner/_work/_tool/Python/3.10.19/x64
core-execution	Save audit log	2026-02-19T12:42:55.4466520Z   LD_LIBRARY_PATH: /home/runner/_work/_tool/Python/3.10.19/x64/lib
core-execution	Save audit log	2026-02-19T12:42:55.4466863Z ##[endgroup]
core-execution	Save audit log	2026-02-19T12:42:55.4869832Z Reading package lists...
core-execution	Save audit log	2026-02-19T12:42:55.4907922Z Building dependency tree...
core-execution	Save audit log	2026-02-19T12:42:55.4908271Z Reading state information...
core-execution	Save audit log	2026-02-19T12:42:55.5097999Z jq is already the newest version (1.7.1-3ubuntu0.24.04.1).
core-execution	Save audit log	2026-02-19T12:42:55.5098629Z 0 upgraded, 0 newly installed, 0 to remove and 0 not upgraded.
core-execution	Commit and push audit file	Ôªø2026-02-19T12:42:55.5330878Z ##[group]Run git config --global user.name "***"
core-execution	Commit and push audit file	2026-02-19T12:42:55.5331370Z [36;1mgit config --global user.name "***"[0m
core-execution	Commit and push audit file	2026-02-19T12:42:55.5331790Z [36;1mgit config --global user.email "***"[0m
core-execution	Commit and push audit file	2026-02-19T12:42:55.5332108Z [36;1mgit pull[0m
core-execution	Commit and push audit file	2026-02-19T12:42:55.5332342Z [36;1mgit add audit/sync/*[0m
core-execution	Commit and push audit file	2026-02-19T12:42:55.5332638Z [36;1mif ! git diff --staged --quiet; then[0m
core-execution	Commit and push audit file	2026-02-19T12:42:55.5333136Z [36;1m  git commit -m "chore(ka0s): audit sync for issue #4174 run 22182221863 [skip ci]"[0m
core-execution	Commit and push audit file	2026-02-19T12:42:55.5333593Z [36;1m  count=0[0m
core-execution	Commit and push audit file	2026-02-19T12:42:55.5334534Z [36;1m  until git push origin HEAD:main || [ $count -eq 5 ]; do[0m
core-execution	Commit and push audit file	2026-02-19T12:42:55.5334963Z [36;1m    echo "Push fallido, reintentando..."[0m
core-execution	Commit and push audit file	2026-02-19T12:42:55.5335455Z [36;1m    git pull --rebase origin main[0m
core-execution	Commit and push audit file	2026-02-19T12:42:55.5335764Z [36;1m    ((count++))[0m
core-execution	Commit and push audit file	2026-02-19T12:42:55.5336010Z [36;1m    sleep 2[0m
core-execution	Commit and push audit file	2026-02-19T12:42:55.5346037Z [36;1m  done[0m
core-execution	Commit and push audit file	2026-02-19T12:42:55.5346313Z [36;1melse[0m
core-execution	Commit and push audit file	2026-02-19T12:42:55.5346598Z [36;1m  echo "No hay cambios para subir."[0m
core-execution	Commit and push audit file	2026-02-19T12:42:55.5346909Z [36;1mfi[0m
core-execution	Commit and push audit file	2026-02-19T12:42:55.5359923Z shell: /usr/bin/bash -e {0}
core-execution	Commit and push audit file	2026-02-19T12:42:55.5360198Z env:
core-execution	Commit and push audit file	2026-02-19T12:42:55.5360438Z   KAOS_MODULE: [Ka0S] GitHub ‚Üí iTop Sync
core-execution	Commit and push audit file	2026-02-19T12:42:55.5360755Z   KAOS_CORRELATION_ID: 22182221863
core-execution	Commit and push audit file	2026-02-19T12:42:55.5361138Z   KAOS_ACTOR: ***
core-execution	Commit and push audit file	2026-02-19T12:42:55.5361458Z   pythonLocation: /home/runner/_work/_tool/Python/3.10.19/x64
core-execution	Commit and push audit file	2026-02-19T12:42:55.5361961Z   PKG_CONFIG_PATH: /home/runner/_work/_tool/Python/3.10.19/x64/lib/pkgconfig
core-execution	Commit and push audit file	2026-02-19T12:42:55.5362458Z   Python_ROOT_DIR: /home/runner/_work/_tool/Python/3.10.19/x64
core-execution	Commit and push audit file	2026-02-19T12:42:55.5362906Z   Python2_ROOT_DIR: /home/runner/_work/_tool/Python/3.10.19/x64
core-execution	Commit and push audit file	2026-02-19T12:42:55.5363358Z   Python3_ROOT_DIR: /home/runner/_work/_tool/Python/3.10.19/x64
core-execution	Commit and push audit file	2026-02-19T12:42:55.5363812Z   LD_LIBRARY_PATH: /home/runner/_work/_tool/Python/3.10.19/x64/lib
core-execution	Commit and push audit file	2026-02-19T12:42:55.5364251Z   AUDIT_FILE: audit/sync/20260219_124255_R-000174_4174.json
core-execution	Commit and push audit file	2026-02-19T12:42:55.5364602Z ##[endgroup]
core-execution	Commit and push audit file	2026-02-19T12:42:56.3447231Z Already up to date.
core-execution	Commit and push audit file	2026-02-19T12:42:56.4962265Z [main d7a9b0903] chore(ka0s): audit sync for issue #4174 run 22182221863 [skip ci]
core-execution	Commit and push audit file	2026-02-19T12:42:56.4962895Z  1 file changed, 112 insertions(+)
core-execution	Commit and push audit file	2026-02-19T12:42:56.4963252Z  create mode 100644 audit/sync/20260219_124255_R-000174_4174.json
core-execution	Commit and push audit file	2026-02-19T12:42:57.3550596Z To https://github.com/Ka0s-Klaus/ka0s
core-execution	Commit and push audit file	2026-02-19T12:42:57.3552248Z    bad9b392b..d7a9b0903  HEAD -> main
core-execution	Post Set up Python	Ôªø2026-02-19T12:42:57.4058442Z Post job cleanup.
core-execution	Post Checkout code	Ôªø2026-02-19T12:42:57.6060384Z Post job cleanup.
core-execution	Post Checkout code	2026-02-19T12:42:57.7127245Z [command]/usr/bin/git version
core-execution	Post Checkout code	2026-02-19T12:42:57.7177493Z git version 2.52.0
core-execution	Post Checkout code	2026-02-19T12:42:57.7223515Z Copying '/home/runner/.gitconfig' to '/home/runner/_work/_temp/6d6f3439-dae7-43e1-a1ef-3b0945f59ce2/.gitconfig'
core-execution	Post Checkout code	2026-02-19T12:42:57.7234074Z Temporarily overriding HOME='/home/runner/_work/_temp/6d6f3439-dae7-43e1-a1ef-3b0945f59ce2' before making global git config changes
core-execution	Post Checkout code	2026-02-19T12:42:57.7237109Z Adding repository directory to the temporary git global config as a safe directory
core-execution	Post Checkout code	2026-02-19T12:42:57.7245941Z [command]/usr/bin/git config --global --add safe.directory /home/runner/_work/ka0s/ka0s
core-execution	Post Checkout code	2026-02-19T12:42:57.7290137Z [command]/usr/bin/git config --local --name-only --get-regexp core\.sshCommand
core-execution	Post Checkout code	2026-02-19T12:42:57.7352567Z [command]/usr/bin/git submodule foreach --recursive sh -c "git config --local --name-only --get-regexp 'core\.sshCommand' && git config --local --unset-all 'core.sshCommand' || :"
core-execution	Post Checkout code	2026-02-19T12:42:57.7732939Z [command]/usr/bin/git config --local --name-only --get-regexp http\.https\:\/\/github\.com\/\.extraheader
core-execution	Post Checkout code	2026-02-19T12:42:57.7760175Z http.https://github.com/.extraheader
core-execution	Post Checkout code	2026-02-19T12:42:57.7773963Z [command]/usr/bin/git config --local --unset-all http.https://github.com/.extraheader
core-execution	Post Checkout code	2026-02-19T12:42:57.7820836Z [command]/usr/bin/git submodule foreach --recursive sh -c "git config --local --name-only --get-regexp 'http\.https\:\/\/github\.com\/\.extraheader' && git config --local --unset-all 'http.https://github.com/.extraheader' || :"
core-execution	Post Checkout code	2026-02-19T12:42:57.8188406Z [command]/usr/bin/git config --local --name-only --get-regexp ^includeIf\.gitdir:
core-execution	Post Checkout code	2026-02-19T12:42:57.8238778Z [command]/usr/bin/git submodule foreach --recursive git config --local --show-origin --name-only --get-regexp remote.origin.url
core-execution	Complete job	Ôªø2026-02-19T12:42:57.8751964Z Cleaning up orphan processes
Handle Success	Set up job	Ôªø2026-02-19T12:43:11.3031936Z Current runner version: '2.331.0'
Handle Success	Set up job	2026-02-19T12:43:11.3041640Z Runner name: 'swarm-runners-scaleset-hkss5-runner-xxmqs'
Handle Success	Set up job	2026-02-19T12:43:11.3042714Z Runner group name: 'Default'
Handle Success	Set up job	2026-02-19T12:43:11.3043888Z Machine name: 'swarm-runners-scaleset-hkss5-runner-xxmqs'
Handle Success	Set up job	2026-02-19T12:43:11.3048569Z ##[group]GITHUB_TOKEN Permissions
Handle Success	Set up job	2026-02-19T12:43:11.3051647Z Actions: write
Handle Success	Set up job	2026-02-19T12:43:11.3052329Z Contents: write
Handle Success	Set up job	2026-02-19T12:43:11.3052902Z Issues: write
Handle Success	Set up job	2026-02-19T12:43:11.3053436Z Metadata: read
Handle Success	Set up job	2026-02-19T12:43:11.3054047Z ##[endgroup]
Handle Success	Set up job	2026-02-19T12:43:11.3056540Z Secret source: Actions
Handle Success	Set up job	2026-02-19T12:43:11.3057303Z Prepare workflow directory
Handle Success	Set up job	2026-02-19T12:43:11.3617539Z Prepare all required actions
Handle Success	Set up job	2026-02-19T12:43:11.3677063Z Complete job name: Handle Success
Handle Success	Notify Success	Ôªø2026-02-19T12:43:11.4337486Z ##[group]Run echo "‚úÖ Workflow [Ka0S] GitHub ‚Üí iTop Sync completado correctamente."
Handle Success	Notify Success	2026-02-19T12:43:11.4338586Z [36;1mecho "‚úÖ Workflow [Ka0S] GitHub ‚Üí iTop Sync completado correctamente."[0m
Handle Success	Notify Success	2026-02-19T12:43:11.4370116Z shell: /usr/bin/bash -e {0}
Handle Success	Notify Success	2026-02-19T12:43:11.4371037Z env:
Handle Success	Notify Success	2026-02-19T12:43:11.4371437Z   KAOS_MODULE: [Ka0S] GitHub ‚Üí iTop Sync
Handle Success	Notify Success	2026-02-19T12:43:11.4372094Z   KAOS_CORRELATION_ID: 22182221863
Handle Success	Notify Success	2026-02-19T12:43:11.4372559Z   KAOS_ACTOR: ka0score
Handle Success	Notify Success	2026-02-19T12:43:11.4373079Z ##[endgroup]
Handle Success	Notify Success	2026-02-19T12:43:11.4751668Z ‚úÖ Workflow [Ka0S] GitHub ‚Üí iTop Sync completado correctamente.
Handle Success	Complete job	Ôªø2026-02-19T12:43:11.4869916Z Cleaning up orphan processes
end-workflow	Set up job	Ôªø2026-02-19T12:43:25.2891089Z Current runner version: '2.331.0'
end-workflow	Set up job	2026-02-19T12:43:25.2899806Z Runner name: 'swarm-runners-scaleset-hkss5-runner-9ldsp'
end-workflow	Set up job	2026-02-19T12:43:25.2900767Z Runner group name: 'Default'
end-workflow	Set up job	2026-02-19T12:43:25.2901832Z Machine name: 'swarm-runners-scaleset-hkss5-runner-9ldsp'
end-workflow	Set up job	2026-02-19T12:43:25.2905809Z ##[group]GITHUB_TOKEN Permissions
end-workflow	Set up job	2026-02-19T12:43:25.2908435Z Actions: write
end-workflow	Set up job	2026-02-19T12:43:25.2909032Z Contents: write
end-workflow	Set up job	2026-02-19T12:43:25.2909610Z Issues: write
end-workflow	Set up job	2026-02-19T12:43:25.2910119Z Metadata: read
end-workflow	Set up job	2026-02-19T12:43:25.2910770Z ##[endgroup]
end-workflow	Set up job	2026-02-19T12:43:25.2913196Z Secret source: Actions
end-workflow	Set up job	2026-02-19T12:43:25.2913841Z Prepare workflow directory
end-workflow	Set up job	2026-02-19T12:43:25.3456121Z Prepare all required actions
end-workflow	Set up job	2026-02-19T12:43:25.3499199Z Getting action download info
end-workflow	Set up job	2026-02-19T12:43:25.9886889Z Download action repository 'actions/checkout@v4' (SHA:34e114876b0b11c390a56381ad16ebd13914f8d5)
end-workflow	Set up job	2026-02-19T12:43:27.0460924Z Complete job name: end-workflow
end-workflow	Checkout Repository	Ôªø2026-02-19T12:43:27.1072495Z ##[group]Run actions/checkout@v4
end-workflow	Checkout Repository	2026-02-19T12:43:27.1073417Z with:
end-workflow	Checkout Repository	2026-02-19T12:43:27.1073808Z   fetch-depth: 0
end-workflow	Checkout Repository	2026-02-19T12:43:27.1074209Z   repository: Ka0s-Klaus/ka0s
end-workflow	Checkout Repository	2026-02-19T12:43:27.1074882Z   token: ***
end-workflow	Checkout Repository	2026-02-19T12:43:27.1075476Z   ssh-strict: true
end-workflow	Checkout Repository	2026-02-19T12:43:27.1075869Z   ssh-user: git
end-workflow	Checkout Repository	2026-02-19T12:43:27.1076373Z   persist-credentials: true
end-workflow	Checkout Repository	2026-02-19T12:43:27.1076790Z   clean: true
end-workflow	Checkout Repository	2026-02-19T12:43:27.1077169Z   sparse-checkout-cone-mode: true
end-workflow	Checkout Repository	2026-02-19T12:43:27.1077626Z   fetch-tags: false
end-workflow	Checkout Repository	2026-02-19T12:43:27.1078010Z   show-progress: true
end-workflow	Checkout Repository	2026-02-19T12:43:27.1078388Z   lfs: false
end-workflow	Checkout Repository	2026-02-19T12:43:27.1078739Z   submodules: false
end-workflow	Checkout Repository	2026-02-19T12:43:27.1079135Z   set-safe-directory: true
end-workflow	Checkout Repository	2026-02-19T12:43:27.1079783Z env:
end-workflow	Checkout Repository	2026-02-19T12:43:27.1080177Z   KAOS_MODULE: [Ka0S] GitHub ‚Üí iTop Sync
end-workflow	Checkout Repository	2026-02-19T12:43:27.1080675Z   KAOS_CORRELATION_ID: 22182221863
end-workflow	Checkout Repository	2026-02-19T12:43:27.1081127Z   KAOS_ACTOR: ka0score
end-workflow	Checkout Repository	2026-02-19T12:43:27.1081510Z ##[endgroup]
end-workflow	Checkout Repository	2026-02-19T12:43:27.2322745Z Syncing repository: Ka0s-Klaus/ka0s
end-workflow	Checkout Repository	2026-02-19T12:43:27.2324733Z ##[group]Getting Git version info
end-workflow	Checkout Repository	2026-02-19T12:43:27.2325921Z Working directory is '/home/runner/_work/ka0s/ka0s'
end-workflow	Checkout Repository	2026-02-19T12:43:27.2326817Z [command]/usr/bin/git version
end-workflow	Checkout Repository	2026-02-19T12:43:27.2336191Z git version 2.52.0
end-workflow	Checkout Repository	2026-02-19T12:43:27.2364678Z ##[endgroup]
end-workflow	Checkout Repository	2026-02-19T12:43:27.2384735Z Temporarily overriding HOME='/home/runner/_work/_temp/24ebba36-f572-4463-8c7c-764ecebfe8f0' before making global git config changes
end-workflow	Checkout Repository	2026-02-19T12:43:27.2386964Z Adding repository directory to the temporary git global config as a safe directory
end-workflow	Checkout Repository	2026-02-19T12:43:27.2402033Z [command]/usr/bin/git config --global --add safe.directory /home/runner/_work/ka0s/ka0s
end-workflow	Checkout Repository	2026-02-19T12:43:27.2452652Z Deleting the contents of '/home/runner/_work/ka0s/ka0s'
end-workflow	Checkout Repository	2026-02-19T12:43:27.2458314Z ##[group]Initializing the repository
end-workflow	Checkout Repository	2026-02-19T12:43:27.2462383Z [command]/usr/bin/git init /home/runner/_work/ka0s/ka0s
end-workflow	Checkout Repository	2026-02-19T12:43:27.2521493Z hint: Using 'master' as the name for the initial branch. This default branch name
end-workflow	Checkout Repository	2026-02-19T12:43:27.2523085Z hint: will change to "main" in Git 3.0. To configure the initial branch name
end-workflow	Checkout Repository	2026-02-19T12:43:27.2524116Z hint: to use in all of your new repositories, which will suppress this warning,
end-workflow	Checkout Repository	2026-02-19T12:43:27.2524810Z hint: call:
end-workflow	Checkout Repository	2026-02-19T12:43:27.2528953Z hint:
end-workflow	Checkout Repository	2026-02-19T12:43:27.2529482Z hint: 	git config --global init.defaultBranch <name>
end-workflow	Checkout Repository	2026-02-19T12:43:27.2553977Z hint:
end-workflow	Checkout Repository	2026-02-19T12:43:27.2558701Z hint: Names commonly chosen instead of 'master' are 'main', 'trunk' and
end-workflow	Checkout Repository	2026-02-19T12:43:27.2559821Z hint: 'development'. The just-created branch can be renamed via this command:
end-workflow	Checkout Repository	2026-02-19T12:43:27.2560534Z hint:
end-workflow	Checkout Repository	2026-02-19T12:43:27.2560926Z hint: 	git branch -m <name>
end-workflow	Checkout Repository	2026-02-19T12:43:27.2561365Z hint:
end-workflow	Checkout Repository	2026-02-19T12:43:27.2561949Z hint: Disable this message with "git config set advice.defaultBranchName false"
end-workflow	Checkout Repository	2026-02-19T12:43:27.2562947Z Initialized empty Git repository in /home/runner/_work/ka0s/ka0s/.git/
end-workflow	Checkout Repository	2026-02-19T12:43:27.2564518Z [command]/usr/bin/git remote add origin https://github.com/Ka0s-Klaus/ka0s
end-workflow	Checkout Repository	2026-02-19T12:43:27.2590145Z ##[endgroup]
end-workflow	Checkout Repository	2026-02-19T12:43:27.2590997Z ##[group]Disabling automatic garbage collection
end-workflow	Checkout Repository	2026-02-19T12:43:27.2591749Z [command]/usr/bin/git config --local gc.auto 0
end-workflow	Checkout Repository	2026-02-19T12:43:27.2647361Z ##[endgroup]
end-workflow	Checkout Repository	2026-02-19T12:43:27.2650862Z ##[group]Setting up auth
end-workflow	Checkout Repository	2026-02-19T12:43:27.2653271Z [command]/usr/bin/git config --local --name-only --get-regexp core\.sshCommand
end-workflow	Checkout Repository	2026-02-19T12:43:27.2693895Z [command]/usr/bin/git submodule foreach --recursive sh -c "git config --local --name-only --get-regexp 'core\.sshCommand' && git config --local --unset-all 'core.sshCommand' || :"
end-workflow	Checkout Repository	2026-02-19T12:43:27.3040154Z [command]/usr/bin/git config --local --name-only --get-regexp http\.https\:\/\/github\.com\/\.extraheader
end-workflow	Checkout Repository	2026-02-19T12:43:27.3080822Z [command]/usr/bin/git submodule foreach --recursive sh -c "git config --local --name-only --get-regexp 'http\.https\:\/\/github\.com\/\.extraheader' && git config --local --unset-all 'http.https://github.com/.extraheader' || :"
end-workflow	Checkout Repository	2026-02-19T12:43:27.3413057Z [command]/usr/bin/git config --local --name-only --get-regexp ^includeIf\.gitdir:
end-workflow	Checkout Repository	2026-02-19T12:43:27.3455830Z [command]/usr/bin/git submodule foreach --recursive git config --local --show-origin --name-only --get-regexp remote.origin.url
end-workflow	Checkout Repository	2026-02-19T12:43:27.3808246Z [command]/usr/bin/git config --local http.https://github.com/.extraheader AUTHORIZATION: basic ***
end-workflow	Checkout Repository	2026-02-19T12:43:27.3856041Z ##[endgroup]
end-workflow	Checkout Repository	2026-02-19T12:43:27.3856789Z ##[group]Fetching the repository
end-workflow	Checkout Repository	2026-02-19T12:43:27.3864915Z [command]/usr/bin/git -c protocol.version=2 fetch --prune --no-recurse-submodules origin +refs/heads/*:refs/remotes/origin/* +refs/tags/*:refs/tags/*
end-workflow	Checkout Repository	2026-02-19T12:43:48.3189438Z From https://github.com/Ka0s-Klaus/ka0s
end-workflow	Checkout Repository	2026-02-19T12:43:48.3193043Z  * [new branch]          F3450-modelo-operativo -> origin/F3450-modelo-operativo
end-workflow	Checkout Repository	2026-02-19T12:43:48.3195849Z  * [new branch]          H1276-modulo-observabilidad -> origin/H1276-modulo-observabilidad
end-workflow	Checkout Repository	2026-02-19T12:43:48.3197138Z  * [new branch]          H3596-deploy-itop      -> origin/H3596-deploy-itop
end-workflow	Checkout Repository	2026-02-19T12:43:48.3198019Z  * [new branch]          H4170-flujo-detallado-zabbix---github -> origin/H4170-flujo-detallado-zabbix---github
end-workflow	Checkout Repository	2026-02-19T12:43:48.3198649Z  * [new branch]          main                   -> origin/main
end-workflow	Checkout Repository	2026-02-19T12:43:48.3199229Z  * [new tag]             0.0.0                  -> 0.0.0
end-workflow	Checkout Repository	2026-02-19T12:43:48.3199618Z  * [new tag]             0.0.1                  -> 0.0.1
end-workflow	Checkout Repository	2026-02-19T12:43:48.3200052Z  * [new tag]             0.0.10                 -> 0.0.10
end-workflow	Checkout Repository	2026-02-19T12:43:48.3200497Z  * [new tag]             0.0.100                -> 0.0.100
end-workflow	Checkout Repository	2026-02-19T12:43:48.3200893Z  * [new tag]             0.0.101                -> 0.0.101
end-workflow	Checkout Repository	2026-02-19T12:43:48.3201296Z  * [new tag]             0.0.102                -> 0.0.102
end-workflow	Checkout Repository	2026-02-19T12:43:48.3201695Z  * [new tag]             0.0.103                -> 0.0.103
end-workflow	Checkout Repository	2026-02-19T12:43:48.3202114Z  * [new tag]             0.0.104                -> 0.0.104
end-workflow	Checkout Repository	2026-02-19T12:43:48.3202548Z  * [new tag]             0.0.105                -> 0.0.105
end-workflow	Checkout Repository	2026-02-19T12:43:48.3202989Z  * [new tag]             0.0.106                -> 0.0.106
end-workflow	Checkout Repository	2026-02-19T12:43:48.3203443Z  * [new tag]             0.0.107                -> 0.0.107
end-workflow	Checkout Repository	2026-02-19T12:43:48.3203839Z  * [new tag]             0.0.108                -> 0.0.108
end-workflow	Checkout Repository	2026-02-19T12:43:48.3204227Z  * [new tag]             0.0.109                -> 0.0.109
end-workflow	Checkout Repository	2026-02-19T12:43:48.3204632Z  * [new tag]             0.0.11                 -> 0.0.11
end-workflow	Checkout Repository	2026-02-19T12:43:48.3206813Z  * [new tag]             0.0.110                -> 0.0.110
end-workflow	Checkout Repository	2026-02-19T12:43:48.3207248Z  * [new tag]             0.0.111                -> 0.0.111
end-workflow	Checkout Repository	2026-02-19T12:43:48.3207629Z  * [new tag]             0.0.112                -> 0.0.112
end-workflow	Checkout Repository	2026-02-19T12:43:48.3208000Z  * [new tag]             0.0.113                -> 0.0.113
end-workflow	Checkout Repository	2026-02-19T12:43:48.3208389Z  * [new tag]             0.0.114                -> 0.0.114
end-workflow	Checkout Repository	2026-02-19T12:43:48.3208761Z  * [new tag]             0.0.115                -> 0.0.115
end-workflow	Checkout Repository	2026-02-19T12:43:48.3209609Z  * [new tag]             0.0.116                -> 0.0.116
end-workflow	Checkout Repository	2026-02-19T12:43:48.3210002Z  * [new tag]             0.0.117                -> 0.0.117
end-workflow	Checkout Repository	2026-02-19T12:43:48.3210378Z  * [new tag]             0.0.118                -> 0.0.118
end-workflow	Checkout Repository	2026-02-19T12:43:48.3210856Z  * [new tag]             0.0.119                -> 0.0.119
end-workflow	Checkout Repository	2026-02-19T12:43:48.3211278Z  * [new tag]             0.0.12                 -> 0.0.12
end-workflow	Checkout Repository	2026-02-19T12:43:48.3211657Z  * [new tag]             0.0.120                -> 0.0.120
end-workflow	Checkout Repository	2026-02-19T12:43:48.3212032Z  * [new tag]             0.0.121                -> 0.0.121
end-workflow	Checkout Repository	2026-02-19T12:43:48.3212409Z  * [new tag]             0.0.122                -> 0.0.122
end-workflow	Checkout Repository	2026-02-19T12:43:48.3212789Z  * [new tag]             0.0.123                -> 0.0.123
end-workflow	Checkout Repository	2026-02-19T12:43:48.3213164Z  * [new tag]             0.0.124                -> 0.0.124
end-workflow	Checkout Repository	2026-02-19T12:43:48.3213553Z  * [new tag]             0.0.125                -> 0.0.125
end-workflow	Checkout Repository	2026-02-19T12:43:48.3214223Z  * [new tag]             0.0.126                -> 0.0.126
end-workflow	Checkout Repository	2026-02-19T12:43:48.3214632Z  * [new tag]             0.0.127                -> 0.0.127
end-workflow	Checkout Repository	2026-02-19T12:43:48.3215172Z  * [new tag]             0.0.128                -> 0.0.128
end-workflow	Checkout Repository	2026-02-19T12:43:48.3215570Z  * [new tag]             0.0.129                -> 0.0.129
end-workflow	Checkout Repository	2026-02-19T12:43:48.3215957Z  * [new tag]             0.0.13                 -> 0.0.13
end-workflow	Checkout Repository	2026-02-19T12:43:48.3216328Z  * [new tag]             0.0.130                -> 0.0.130
end-workflow	Checkout Repository	2026-02-19T12:43:48.3216704Z  * [new tag]             0.0.131                -> 0.0.131
end-workflow	Checkout Repository	2026-02-19T12:43:48.3217077Z  * [new tag]             0.0.132                -> 0.0.132
end-workflow	Checkout Repository	2026-02-19T12:43:48.3217460Z  * [new tag]             0.0.133                -> 0.0.133
end-workflow	Checkout Repository	2026-02-19T12:43:48.3217842Z  * [new tag]             0.0.134                -> 0.0.134
end-workflow	Checkout Repository	2026-02-19T12:43:48.3218222Z  * [new tag]             0.0.135                -> 0.0.135
end-workflow	Checkout Repository	2026-02-19T12:43:48.3218635Z  * [new tag]             0.0.136                -> 0.0.136
end-workflow	Checkout Repository	2026-02-19T12:43:48.3219058Z  * [new tag]             0.0.137                -> 0.0.137
end-workflow	Checkout Repository	2026-02-19T12:43:48.3219463Z  * [new tag]             0.0.138                -> 0.0.138
end-workflow	Checkout Repository	2026-02-19T12:43:48.3219840Z  * [new tag]             0.0.139                -> 0.0.139
end-workflow	Checkout Repository	2026-02-19T12:43:48.3220223Z  * [new tag]             0.0.14                 -> 0.0.14
end-workflow	Checkout Repository	2026-02-19T12:43:48.3220813Z  * [new tag]             0.0.140                -> 0.0.140
end-workflow	Checkout Repository	2026-02-19T12:43:48.3221334Z  * [new tag]             0.0.141                -> 0.0.141
end-workflow	Checkout Repository	2026-02-19T12:43:48.3221734Z  * [new tag]             0.0.142                -> 0.0.142
end-workflow	Checkout Repository	2026-02-19T12:43:48.3222124Z  * [new tag]             0.0.143                -> 0.0.143
end-workflow	Checkout Repository	2026-02-19T12:43:48.3222514Z  * [new tag]             0.0.144                -> 0.0.144
end-workflow	Checkout Repository	2026-02-19T12:43:48.3222892Z  * [new tag]             0.0.145                -> 0.0.145
end-workflow	Checkout Repository	2026-02-19T12:43:48.3223274Z  * [new tag]             0.0.146                -> 0.0.146
end-workflow	Checkout Repository	2026-02-19T12:43:48.3223648Z  * [new tag]             0.0.147                -> 0.0.147
end-workflow	Checkout Repository	2026-02-19T12:43:48.3224045Z  * [new tag]             0.0.148                -> 0.0.148
end-workflow	Checkout Repository	2026-02-19T12:43:48.3224431Z  * [new tag]             0.0.149                -> 0.0.149
end-workflow	Checkout Repository	2026-02-19T12:43:48.3224810Z  * [new tag]             0.0.15                 -> 0.0.15
end-workflow	Checkout Repository	2026-02-19T12:43:48.3225358Z  * [new tag]             0.0.150                -> 0.0.150
end-workflow	Checkout Repository	2026-02-19T12:43:48.3225769Z  * [new tag]             0.0.151                -> 0.0.151
end-workflow	Checkout Repository	2026-02-19T12:43:48.3226144Z  * [new tag]             0.0.152                -> 0.0.152
end-workflow	Checkout Repository	2026-02-19T12:43:48.3226526Z  * [new tag]             0.0.153                -> 0.0.153
end-workflow	Checkout Repository	2026-02-19T12:43:48.3226897Z  * [new tag]             0.0.154                -> 0.0.154
end-workflow	Checkout Repository	2026-02-19T12:43:48.3297470Z  * [new tag]             0.0.155                -> 0.0.155
end-workflow	Checkout Repository	2026-02-19T12:43:48.3298084Z  * [new tag]             0.0.156                -> 0.0.156
end-workflow	Checkout Repository	2026-02-19T12:43:48.3298529Z  * [new tag]             0.0.157                -> 0.0.157
end-workflow	Checkout Repository	2026-02-19T12:43:48.3298959Z  * [new tag]             0.0.158                -> 0.0.158
end-workflow	Checkout Repository	2026-02-19T12:43:48.3299851Z  * [new tag]             0.0.159                -> 0.0.159
end-workflow	Checkout Repository	2026-02-19T12:43:48.3300227Z  * [new tag]             0.0.16                 -> 0.0.16
end-workflow	Checkout Repository	2026-02-19T12:43:48.3300592Z  * [new tag]             0.0.160                -> 0.0.160
end-workflow	Checkout Repository	2026-02-19T12:43:48.3300964Z  * [new tag]             0.0.161                -> 0.0.161
end-workflow	Checkout Repository	2026-02-19T12:43:48.3301322Z  * [new tag]             0.0.162                -> 0.0.162
end-workflow	Checkout Repository	2026-02-19T12:43:48.3301697Z  * [new tag]             0.0.163                -> 0.0.163
end-workflow	Checkout Repository	2026-02-19T12:43:48.3302070Z  * [new tag]             0.0.164                -> 0.0.164
end-workflow	Checkout Repository	2026-02-19T12:43:48.3302464Z  * [new tag]             0.0.165                -> 0.0.165
end-workflow	Checkout Repository	2026-02-19T12:43:48.3302831Z  * [new tag]             0.0.166                -> 0.0.166
end-workflow	Checkout Repository	2026-02-19T12:43:48.3303198Z  * [new tag]             0.0.167                -> 0.0.167
end-workflow	Checkout Repository	2026-02-19T12:43:48.3303560Z  * [new tag]             0.0.168                -> 0.0.168
end-workflow	Checkout Repository	2026-02-19T12:43:48.3304155Z  * [new tag]             0.0.169                -> 0.0.169
end-workflow	Checkout Repository	2026-02-19T12:43:48.3304523Z  * [new tag]             0.0.17                 -> 0.0.17
end-workflow	Checkout Repository	2026-02-19T12:43:48.3304889Z  * [new tag]             0.0.170                -> 0.0.170
end-workflow	Checkout Repository	2026-02-19T12:43:48.3305669Z  * [new tag]             0.0.171                -> 0.0.171
end-workflow	Checkout Repository	2026-02-19T12:43:48.3306040Z  * [new tag]             0.0.172                -> 0.0.172
end-workflow	Checkout Repository	2026-02-19T12:43:48.3306395Z  * [new tag]             0.0.173                -> 0.0.173
end-workflow	Checkout Repository	2026-02-19T12:43:48.3306762Z  * [new tag]             0.0.174                -> 0.0.174
end-workflow	Checkout Repository	2026-02-19T12:43:48.3307123Z  * [new tag]             0.0.175                -> 0.0.175
end-workflow	Checkout Repository	2026-02-19T12:43:48.3307486Z  * [new tag]             0.0.176                -> 0.0.176
end-workflow	Checkout Repository	2026-02-19T12:43:48.3307846Z  * [new tag]             0.0.177                -> 0.0.177
end-workflow	Checkout Repository	2026-02-19T12:43:48.3308205Z  * [new tag]             0.0.178                -> 0.0.178
end-workflow	Checkout Repository	2026-02-19T12:43:48.3308570Z  * [new tag]             0.0.179                -> 0.0.179
end-workflow	Checkout Repository	2026-02-19T12:43:48.3308956Z  * [new tag]             0.0.18                 -> 0.0.18
end-workflow	Checkout Repository	2026-02-19T12:43:48.3309319Z  * [new tag]             0.0.19                 -> 0.0.19
end-workflow	Checkout Repository	2026-02-19T12:43:48.3309679Z  * [new tag]             0.0.2                  -> 0.0.2
end-workflow	Checkout Repository	2026-02-19T12:43:48.3310066Z  * [new tag]             0.0.20                 -> 0.0.20
end-workflow	Checkout Repository	2026-02-19T12:43:48.3310453Z  * [new tag]             0.0.21                 -> 0.0.21
end-workflow	Checkout Repository	2026-02-19T12:43:48.3310865Z  * [new tag]             0.0.22                 -> 0.0.22
end-workflow	Checkout Repository	2026-02-19T12:43:48.3311228Z  * [new tag]             0.0.23                 -> 0.0.23
end-workflow	Checkout Repository	2026-02-19T12:43:48.3311589Z  * [new tag]             0.0.24                 -> 0.0.24
end-workflow	Checkout Repository	2026-02-19T12:43:48.3311953Z  * [new tag]             0.0.25                 -> 0.0.25
end-workflow	Checkout Repository	2026-02-19T12:43:48.3312318Z  * [new tag]             0.0.26                 -> 0.0.26
end-workflow	Checkout Repository	2026-02-19T12:43:48.3312676Z  * [new tag]             0.0.27                 -> 0.0.27
end-workflow	Checkout Repository	2026-02-19T12:43:48.3313160Z  * [new tag]             0.0.28                 -> 0.0.28
end-workflow	Checkout Repository	2026-02-19T12:43:48.3313518Z  * [new tag]             0.0.29                 -> 0.0.29
end-workflow	Checkout Repository	2026-02-19T12:43:48.3313871Z  * [new tag]             0.0.3                  -> 0.0.3
end-workflow	Checkout Repository	2026-02-19T12:43:48.3314228Z  * [new tag]             0.0.30                 -> 0.0.30
end-workflow	Checkout Repository	2026-02-19T12:43:48.3314583Z  * [new tag]             0.0.31                 -> 0.0.31
end-workflow	Checkout Repository	2026-02-19T12:43:48.3314937Z  * [new tag]             0.0.32                 -> 0.0.32
end-workflow	Checkout Repository	2026-02-19T12:43:48.3315693Z  * [new tag]             0.0.33                 -> 0.0.33
end-workflow	Checkout Repository	2026-02-19T12:43:48.3316333Z  * [new tag]             0.0.34                 -> 0.0.34
end-workflow	Checkout Repository	2026-02-19T12:43:48.3316691Z  * [new tag]             0.0.35                 -> 0.0.35
end-workflow	Checkout Repository	2026-02-19T12:43:48.3317039Z  * [new tag]             0.0.36                 -> 0.0.36
end-workflow	Checkout Repository	2026-02-19T12:43:48.3317398Z  * [new tag]             0.0.37                 -> 0.0.37
end-workflow	Checkout Repository	2026-02-19T12:43:48.3317759Z  * [new tag]             0.0.38                 -> 0.0.38
end-workflow	Checkout Repository	2026-02-19T12:43:48.3318115Z  * [new tag]             0.0.39                 -> 0.0.39
end-workflow	Checkout Repository	2026-02-19T12:43:48.3318708Z  * [new tag]             0.0.4                  -> 0.0.4
end-workflow	Checkout Repository	2026-02-19T12:43:48.3319059Z  * [new tag]             0.0.40                 -> 0.0.40
end-workflow	Checkout Repository	2026-02-19T12:43:48.3319411Z  * [new tag]             0.0.41                 -> 0.0.41
end-workflow	Checkout Repository	2026-02-19T12:43:48.3319761Z  * [new tag]             0.0.42                 -> 0.0.42
end-workflow	Checkout Repository	2026-02-19T12:43:48.3320112Z  * [new tag]             0.0.43                 -> 0.0.43
end-workflow	Checkout Repository	2026-02-19T12:43:48.3320464Z  * [new tag]             0.0.44                 -> 0.0.44
end-workflow	Checkout Repository	2026-02-19T12:43:48.3320814Z  * [new tag]             0.0.45                 -> 0.0.45
end-workflow	Checkout Repository	2026-02-19T12:43:48.3321167Z  * [new tag]             0.0.46                 -> 0.0.46
end-workflow	Checkout Repository	2026-02-19T12:43:48.3321512Z  * [new tag]             0.0.47                 -> 0.0.47
end-workflow	Checkout Repository	2026-02-19T12:43:48.3321868Z  * [new tag]             0.0.48                 -> 0.0.48
end-workflow	Checkout Repository	2026-02-19T12:43:48.3322218Z  * [new tag]             0.0.49                 -> 0.0.49
end-workflow	Checkout Repository	2026-02-19T12:43:48.3322791Z  * [new tag]             0.0.5                  -> 0.0.5
end-workflow	Checkout Repository	2026-02-19T12:43:48.3323143Z  * [new tag]             0.0.50                 -> 0.0.50
end-workflow	Checkout Repository	2026-02-19T12:43:48.3323493Z  * [new tag]             0.0.51                 -> 0.0.51
end-workflow	Checkout Repository	2026-02-19T12:43:48.3323842Z  * [new tag]             0.0.52                 -> 0.0.52
end-workflow	Checkout Repository	2026-02-19T12:43:48.3324188Z  * [new tag]             0.0.53                 -> 0.0.53
end-workflow	Checkout Repository	2026-02-19T12:43:48.3324684Z  * [new tag]             0.0.54                 -> 0.0.54
end-workflow	Checkout Repository	2026-02-19T12:43:48.3325303Z  * [new tag]             0.0.55                 -> 0.0.55
end-workflow	Checkout Repository	2026-02-19T12:43:48.3325680Z  * [new tag]             0.0.56                 -> 0.0.56
end-workflow	Checkout Repository	2026-02-19T12:43:48.3326168Z  * [new tag]             0.0.57                 -> 0.0.57
end-workflow	Checkout Repository	2026-02-19T12:43:48.3326516Z  * [new tag]             0.0.58                 -> 0.0.58
end-workflow	Checkout Repository	2026-02-19T12:43:48.3326873Z  * [new tag]             0.0.59                 -> 0.0.59
end-workflow	Checkout Repository	2026-02-19T12:43:48.3327222Z  * [new tag]             0.0.6                  -> 0.0.6
end-workflow	Checkout Repository	2026-02-19T12:43:48.3327585Z  * [new tag]             0.0.60                 -> 0.0.60
end-workflow	Checkout Repository	2026-02-19T12:43:48.3327930Z  * [new tag]             0.0.61                 -> 0.0.61
end-workflow	Checkout Repository	2026-02-19T12:43:48.3328280Z  * [new tag]             0.0.62                 -> 0.0.62
end-workflow	Checkout Repository	2026-02-19T12:43:48.3328631Z  * [new tag]             0.0.63                 -> 0.0.63
end-workflow	Checkout Repository	2026-02-19T12:43:48.3328974Z  * [new tag]             0.0.64                 -> 0.0.64
end-workflow	Checkout Repository	2026-02-19T12:43:48.3329326Z  * [new tag]             0.0.65                 -> 0.0.65
end-workflow	Checkout Repository	2026-02-19T12:43:48.3329674Z  * [new tag]             0.0.66                 -> 0.0.66
end-workflow	Checkout Repository	2026-02-19T12:43:48.3330029Z  * [new tag]             0.0.67                 -> 0.0.67
end-workflow	Checkout Repository	2026-02-19T12:43:48.3330377Z  * [new tag]             0.0.68                 -> 0.0.68
end-workflow	Checkout Repository	2026-02-19T12:43:48.3330729Z  * [new tag]             0.0.69                 -> 0.0.69
end-workflow	Checkout Repository	2026-02-19T12:43:48.3331083Z  * [new tag]             0.0.7                  -> 0.0.7
end-workflow	Checkout Repository	2026-02-19T12:43:48.3331430Z  * [new tag]             0.0.70                 -> 0.0.70
end-workflow	Checkout Repository	2026-02-19T12:43:48.3331796Z  * [new tag]             0.0.71                 -> 0.0.71
end-workflow	Checkout Repository	2026-02-19T12:43:48.3332146Z  * [new tag]             0.0.72                 -> 0.0.72
end-workflow	Checkout Repository	2026-02-19T12:43:48.3332500Z  * [new tag]             0.0.73                 -> 0.0.73
end-workflow	Checkout Repository	2026-02-19T12:43:48.3332847Z  * [new tag]             0.0.74                 -> 0.0.74
end-workflow	Checkout Repository	2026-02-19T12:43:48.3333199Z  * [new tag]             0.0.75                 -> 0.0.75
end-workflow	Checkout Repository	2026-02-19T12:43:48.3333547Z  * [new tag]             0.0.76                 -> 0.0.76
end-workflow	Checkout Repository	2026-02-19T12:43:48.3333898Z  * [new tag]             0.0.77                 -> 0.0.77
end-workflow	Checkout Repository	2026-02-19T12:43:48.3334252Z  * [new tag]             0.0.78                 -> 0.0.78
end-workflow	Checkout Repository	2026-02-19T12:43:48.3334598Z  * [new tag]             0.0.79                 -> 0.0.79
end-workflow	Checkout Repository	2026-02-19T12:43:48.3334949Z  * [new tag]             0.0.8                  -> 0.0.8
end-workflow	Checkout Repository	2026-02-19T12:43:48.3335601Z  * [new tag]             0.0.80                 -> 0.0.80
end-workflow	Checkout Repository	2026-02-19T12:43:48.3335990Z  * [new tag]             0.0.81                 -> 0.0.81
end-workflow	Checkout Repository	2026-02-19T12:43:48.3337131Z  * [new tag]             0.0.82                 -> 0.0.82
end-workflow	Checkout Repository	2026-02-19T12:43:48.3337740Z  * [new tag]             0.0.83                 -> 0.0.83
end-workflow	Checkout Repository	2026-02-19T12:43:48.3338093Z  * [new tag]             0.0.84                 -> 0.0.84
end-workflow	Checkout Repository	2026-02-19T12:43:48.3338439Z  * [new tag]             0.0.85                 -> 0.0.85
end-workflow	Checkout Repository	2026-02-19T12:43:48.3338794Z  * [new tag]             0.0.86                 -> 0.0.86
end-workflow	Checkout Repository	2026-02-19T12:43:48.3339146Z  * [new tag]             0.0.87                 -> 0.0.87
end-workflow	Checkout Repository	2026-02-19T12:43:48.3339498Z  * [new tag]             0.0.88                 -> 0.0.88
end-workflow	Checkout Repository	2026-02-19T12:43:48.3339854Z  * [new tag]             0.0.89                 -> 0.0.89
end-workflow	Checkout Repository	2026-02-19T12:43:48.3340209Z  * [new tag]             0.0.9                  -> 0.0.9
end-workflow	Checkout Repository	2026-02-19T12:43:48.3340565Z  * [new tag]             0.0.90                 -> 0.0.90
end-workflow	Checkout Repository	2026-02-19T12:43:48.3340915Z  * [new tag]             0.0.91                 -> 0.0.91
end-workflow	Checkout Repository	2026-02-19T12:43:48.3341491Z  * [new tag]             0.0.92                 -> 0.0.92
end-workflow	Checkout Repository	2026-02-19T12:43:48.3341848Z  * [new tag]             0.0.93                 -> 0.0.93
end-workflow	Checkout Repository	2026-02-19T12:43:48.3342202Z  * [new tag]             0.0.94                 -> 0.0.94
end-workflow	Checkout Repository	2026-02-19T12:43:48.3342548Z  * [new tag]             0.0.95                 -> 0.0.95
end-workflow	Checkout Repository	2026-02-19T12:43:48.3342900Z  * [new tag]             0.0.96                 -> 0.0.96
end-workflow	Checkout Repository	2026-02-19T12:43:48.3343252Z  * [new tag]             0.0.97                 -> 0.0.97
end-workflow	Checkout Repository	2026-02-19T12:43:48.3343600Z  * [new tag]             0.0.98                 -> 0.0.98
end-workflow	Checkout Repository	2026-02-19T12:43:48.3343952Z  * [new tag]             0.0.99                 -> 0.0.99
end-workflow	Checkout Repository	2026-02-19T12:43:48.3344302Z  * [new tag]             0.1.0                  -> 0.1.0
end-workflow	Checkout Repository	2026-02-19T12:43:48.3344653Z  * [new tag]             0.1.1                  -> 0.1.1
end-workflow	Checkout Repository	2026-02-19T12:43:48.3345243Z  * [new tag]             0.2.0                  -> 0.2.0
end-workflow	Checkout Repository	2026-02-19T12:43:48.3345884Z  * [new tag]             0.3.0                  -> 0.3.0
end-workflow	Checkout Repository	2026-02-19T12:43:48.3346375Z  * [new tag]             0.3.1                  -> 0.3.1
end-workflow	Checkout Repository	2026-02-19T12:43:48.3346719Z  * [new tag]             0.3.10                 -> 0.3.10
end-workflow	Checkout Repository	2026-02-19T12:43:48.3347074Z  * [new tag]             0.3.11                 -> 0.3.11
end-workflow	Checkout Repository	2026-02-19T12:43:48.3347448Z  * [new tag]             0.3.12                 -> 0.3.12
end-workflow	Checkout Repository	2026-02-19T12:43:48.3347801Z  * [new tag]             0.3.13                 -> 0.3.13
end-workflow	Checkout Repository	2026-02-19T12:43:48.3348155Z  * [new tag]             0.3.14                 -> 0.3.14
end-workflow	Checkout Repository	2026-02-19T12:43:48.3348503Z  * [new tag]             0.3.15                 -> 0.3.15
end-workflow	Checkout Repository	2026-02-19T12:43:48.3348857Z  * [new tag]             0.3.16                 -> 0.3.16
end-workflow	Checkout Repository	2026-02-19T12:43:48.3349210Z  * [new tag]             0.3.17                 -> 0.3.17
end-workflow	Checkout Repository	2026-02-19T12:43:48.3349558Z  * [new tag]             0.3.2                  -> 0.3.2
end-workflow	Checkout Repository	2026-02-19T12:43:48.3349909Z  * [new tag]             0.3.3                  -> 0.3.3
end-workflow	Checkout Repository	2026-02-19T12:43:48.3350255Z  * [new tag]             0.3.4                  -> 0.3.4
end-workflow	Checkout Repository	2026-02-19T12:43:48.3350623Z  * [new tag]             0.3.5                  -> 0.3.5
end-workflow	Checkout Repository	2026-02-19T12:43:48.3350969Z  * [new tag]             0.3.6                  -> 0.3.6
end-workflow	Checkout Repository	2026-02-19T12:43:48.3351322Z  * [new tag]             0.3.7                  -> 0.3.7
end-workflow	Checkout Repository	2026-02-19T12:43:48.3351672Z  * [new tag]             0.3.8                  -> 0.3.8
end-workflow	Checkout Repository	2026-02-19T12:43:48.3352019Z  * [new tag]             0.3.9                  -> 0.3.9
end-workflow	Checkout Repository	2026-02-19T12:43:48.3352369Z  * [new tag]             0.4.0                  -> 0.4.0
end-workflow	Checkout Repository	2026-02-19T12:43:48.3352717Z  * [new tag]             0.4.1                  -> 0.4.1
end-workflow	Checkout Repository	2026-02-19T12:43:48.3353068Z  * [new tag]             0.4.2                  -> 0.4.2
end-workflow	Checkout Repository	2026-02-19T12:43:48.3353414Z  * [new tag]             0.4.3                  -> 0.4.3
end-workflow	Checkout Repository	2026-02-19T12:43:48.3353764Z  * [new tag]             0.4.4                  -> 0.4.4
end-workflow	Checkout Repository	2026-02-19T12:43:48.3354111Z  * [new tag]             0.4.5                  -> 0.4.5
end-workflow	Checkout Repository	2026-02-19T12:43:48.3354456Z  * [new tag]             0.4.6                  -> 0.4.6
end-workflow	Checkout Repository	2026-02-19T12:43:48.3355230Z  * [new tag]             0.4.7                  -> 0.4.7
end-workflow	Checkout Repository	2026-02-19T12:43:48.3355994Z  * [new tag]             0.4.8                  -> 0.4.8
end-workflow	Checkout Repository	2026-02-19T12:43:48.3356348Z  * [new tag]             0.4.9                  -> 0.4.9
end-workflow	Checkout Repository	2026-02-19T12:43:48.3356694Z  * [new tag]             0.5.0                  -> 0.5.0
end-workflow	Checkout Repository	2026-02-19T12:43:48.3357040Z  * [new tag]             0.5.1                  -> 0.5.1
end-workflow	Checkout Repository	2026-02-19T12:43:48.3357388Z  * [new tag]             0.5.2                  -> 0.5.2
end-workflow	Checkout Repository	2026-02-19T12:43:48.3357735Z  * [new tag]             0.6.0                  -> 0.6.0
end-workflow	Checkout Repository	2026-02-19T12:43:48.3358084Z  * [new tag]             0.6.1                  -> 0.6.1
end-workflow	Checkout Repository	2026-02-19T12:43:48.3358426Z  * [new tag]             0.6.2                  -> 0.6.2
end-workflow	Checkout Repository	2026-02-19T12:43:48.3583503Z [command]/usr/bin/git branch --list --remote origin/main
end-workflow	Checkout Repository	2026-02-19T12:43:48.3658036Z   origin/main
end-workflow	Checkout Repository	2026-02-19T12:43:48.3668721Z [command]/usr/bin/git rev-parse refs/remotes/origin/main
end-workflow	Checkout Repository	2026-02-19T12:43:48.3702120Z d7a9b090366e06d52a2045b342e339b9ce631920
end-workflow	Checkout Repository	2026-02-19T12:43:48.3717738Z [command]/usr/bin/git -c protocol.version=2 fetch --no-tags --prune --no-recurse-submodules origin +bad9b392b003cc4fa4736e7003a1a6b688956418:refs/remotes/origin/main
end-workflow	Checkout Repository	2026-02-19T12:43:48.3903704Z From https://github.com/Ka0s-Klaus/ka0s
end-workflow	Checkout Repository	2026-02-19T12:43:48.3904460Z  + d7a9b0903...bad9b392b bad9b392b003cc4fa4736e7003a1a6b688956418 -> origin/main  (forced update)
end-workflow	Checkout Repository	2026-02-19T12:43:48.3944027Z ##[endgroup]
end-workflow	Checkout Repository	2026-02-19T12:43:48.3944608Z ##[group]Determining the checkout info
end-workflow	Checkout Repository	2026-02-19T12:43:48.3945324Z ##[endgroup]
end-workflow	Checkout Repository	2026-02-19T12:43:48.3951782Z [command]/usr/bin/git sparse-checkout disable
end-workflow	Checkout Repository	2026-02-19T12:43:48.4005559Z [command]/usr/bin/git config --local --unset-all extensions.worktreeConfig
end-workflow	Checkout Repository	2026-02-19T12:43:48.4044249Z ##[group]Checking out the ref
end-workflow	Checkout Repository	2026-02-19T12:43:48.4050875Z [command]/usr/bin/git checkout --progress --force -B main refs/remotes/origin/main
end-workflow	Checkout Repository	2026-02-19T12:43:48.6628064Z Switched to a new branch 'main'
end-workflow	Checkout Repository	2026-02-19T12:43:48.6632706Z branch 'main' set up to track 'origin/main'.
end-workflow	Checkout Repository	2026-02-19T12:43:48.6675069Z ##[endgroup]
end-workflow	Checkout Repository	2026-02-19T12:43:48.6734923Z [command]/usr/bin/git log -1 --format=%H
end-workflow	Checkout Repository	2026-02-19T12:43:48.6770036Z bad9b392b003cc4fa4736e7003a1a6b688956418
end-workflow	Install GH CLI	Ôªø2026-02-19T12:43:48.7047281Z Prepare all required actions
end-workflow	Install GH CLI	2026-02-19T12:43:48.7116018Z ##[group]Run ./.github/actions/install-gh-cli
end-workflow	Install GH CLI	2026-02-19T12:43:48.7116402Z env:
end-workflow	Install GH CLI	2026-02-19T12:43:48.7116655Z   KAOS_MODULE: [Ka0S] GitHub ‚Üí iTop Sync
end-workflow	Install GH CLI	2026-02-19T12:43:48.7116974Z   KAOS_CORRELATION_ID: 22182221863
end-workflow	Install GH CLI	2026-02-19T12:43:48.7117261Z   KAOS_ACTOR: ka0score
end-workflow	Install GH CLI	2026-02-19T12:43:48.7117502Z ##[endgroup]
end-workflow	Install GH CLI	2026-02-19T12:43:48.7217539Z ##[group]Run type -p curl >/dev/null || (sudo apt-get update && sudo apt-get install curl -y)
end-workflow	Install GH CLI	2026-02-19T12:43:48.7218304Z [36;1mtype -p curl >/dev/null || (sudo apt-get update && sudo apt-get install curl -y)[0m
end-workflow	Install GH CLI	2026-02-19T12:43:48.7219165Z [36;1mcurl -fsSL https://cli.github.com/packages/githubcli-archive-keyring.gpg | sudo dd of=/usr/share/keyrings/githubcli-archive-keyring.gpg \[0m
end-workflow	Install GH CLI	2026-02-19T12:43:48.7220035Z [36;1m&& sudo chmod go+r /usr/share/keyrings/githubcli-archive-keyring.gpg \[0m
end-workflow	Install GH CLI	2026-02-19T12:43:48.7221095Z [36;1m&& echo "deb [arch=$(dpkg --print-architecture) signed-by=/usr/share/keyrings/githubcli-archive-keyring.gpg] https://cli.github.com/packages stable main" | sudo tee /etc/apt/sources.list.d/github-cli.list > /dev/null \[0m
end-workflow	Install GH CLI	2026-02-19T12:43:48.7222103Z [36;1m&& sudo apt-get update \[0m
end-workflow	Install GH CLI	2026-02-19T12:43:48.7222421Z [36;1m&& sudo apt-get install gh -y[0m
end-workflow	Install GH CLI	2026-02-19T12:43:48.7240669Z shell: /usr/bin/bash --noprofile --norc -e -o pipefail {0}
end-workflow	Install GH CLI	2026-02-19T12:43:48.7241439Z env:
end-workflow	Install GH CLI	2026-02-19T12:43:48.7241811Z   KAOS_MODULE: [Ka0S] GitHub ‚Üí iTop Sync
end-workflow	Install GH CLI	2026-02-19T12:43:48.7242114Z   KAOS_CORRELATION_ID: 22182221863
end-workflow	Install GH CLI	2026-02-19T12:43:48.7242389Z   KAOS_ACTOR: ka0score
end-workflow	Install GH CLI	2026-02-19T12:43:48.7242620Z ##[endgroup]
end-workflow	Install GH CLI	2026-02-19T12:43:48.7904247Z 4+1 records in
end-workflow	Install GH CLI	2026-02-19T12:43:48.7904584Z 4+1 records out
end-workflow	Install GH CLI	2026-02-19T12:43:48.7904912Z 2270 bytes (2.3 kB, 2.2 KiB) copied, 0.0412735 s, 55.0 kB/s
end-workflow	Install GH CLI	2026-02-19T12:43:48.9605701Z Get:1 https://cli.github.com/packages stable InRelease [3917 B]
end-workflow	Install GH CLI	2026-02-19T12:43:48.9970899Z Get:2 http://archive.ubuntu.com/ubuntu noble InRelease [256 kB]
end-workflow	Install GH CLI	2026-02-19T12:43:49.0086898Z Get:3 http://security.ubuntu.com/ubuntu noble-security InRelease [126 kB]
end-workflow	Install GH CLI	2026-02-19T12:43:49.1021190Z Get:4 https://ppa.launchpadcontent.net/git-core/ppa/ubuntu noble InRelease [24.3 kB]
end-workflow	Install GH CLI	2026-02-19T12:43:49.1231311Z Get:5 https://cli.github.com/packages stable/main amd64 Packages [355 B]
end-workflow	Install GH CLI	2026-02-19T12:43:49.2228019Z Get:6 https://ppa.launchpadcontent.net/git-core/ppa/ubuntu noble/main amd64 Packages [2992 B]
end-workflow	Install GH CLI	2026-02-19T12:43:49.2744871Z Get:7 http://archive.ubuntu.com/ubuntu noble-updates InRelease [126 kB]
end-workflow	Install GH CLI	2026-02-19T12:43:49.3214774Z Get:8 http://security.ubuntu.com/ubuntu noble-security/main amd64 Packages [1857 kB]
end-workflow	Install GH CLI	2026-02-19T12:43:49.3430731Z Get:9 http://archive.ubuntu.com/ubuntu noble-backports InRelease [126 kB]
end-workflow	Install GH CLI	2026-02-19T12:43:49.4119606Z Get:10 http://archive.ubuntu.com/ubuntu noble/restricted amd64 Packages [117 kB]
end-workflow	Install GH CLI	2026-02-19T12:43:49.4290000Z Get:11 http://archive.ubuntu.com/ubuntu noble/multiverse amd64 Packages [331 kB]
end-workflow	Install GH CLI	2026-02-19T12:43:49.4777753Z Get:12 http://archive.ubuntu.com/ubuntu noble/universe amd64 Packages [19.3 MB]
end-workflow	Install GH CLI	2026-02-19T12:43:49.6098968Z Get:13 http://security.ubuntu.com/ubuntu noble-security/universe amd64 Packages [1207 kB]
end-workflow	Install GH CLI	2026-02-19T12:43:49.6334848Z Get:14 http://security.ubuntu.com/ubuntu noble-security/multiverse amd64 Packages [34.8 kB]
end-workflow	Install GH CLI	2026-02-19T12:43:49.6342901Z Get:15 http://security.ubuntu.com/ubuntu noble-security/restricted amd64 Packages [3196 kB]
end-workflow	Install GH CLI	2026-02-19T12:43:49.8461648Z Get:16 http://archive.ubuntu.com/ubuntu noble/main amd64 Packages [1808 kB]
end-workflow	Install GH CLI	2026-02-19T12:43:49.8591739Z Get:17 http://archive.ubuntu.com/ubuntu noble-updates/universe amd64 Packages [2016 kB]
end-workflow	Install GH CLI	2026-02-19T12:43:49.8728564Z Get:18 http://archive.ubuntu.com/ubuntu noble-updates/main amd64 Packages [2240 kB]
end-workflow	Install GH CLI	2026-02-19T12:43:49.9132243Z Get:19 http://archive.ubuntu.com/ubuntu noble-updates/multiverse amd64 Packages [38.1 kB]
end-workflow	Install GH CLI	2026-02-19T12:43:49.9186102Z Get:20 http://archive.ubuntu.com/ubuntu noble-updates/restricted amd64 Packages [3381 kB]
end-workflow	Install GH CLI	2026-02-19T12:43:49.9601176Z Get:21 http://archive.ubuntu.com/ubuntu noble-backports/main amd64 Packages [49.5 kB]
end-workflow	Install GH CLI	2026-02-19T12:43:49.9607960Z Get:22 http://archive.ubuntu.com/ubuntu noble-backports/universe amd64 Packages [34.6 kB]
end-workflow	Install GH CLI	2026-02-19T12:43:51.0841641Z Fetched 36.3 MB in 2s (16.5 MB/s)
end-workflow	Install GH CLI	2026-02-19T12:43:52.0091373Z Reading package lists...
end-workflow	Install GH CLI	2026-02-19T12:43:52.9807928Z Reading package lists...
end-workflow	Install GH CLI	2026-02-19T12:43:53.2094625Z Building dependency tree...
end-workflow	Install GH CLI	2026-02-19T12:43:53.2095260Z Reading state information...
end-workflow	Install GH CLI	2026-02-19T12:43:53.5679504Z The following NEW packages will be installed:
end-workflow	Install GH CLI	2026-02-19T12:43:53.5703272Z   gh
end-workflow	Install GH CLI	2026-02-19T12:43:53.6659057Z 0 upgraded, 1 newly installed, 0 to remove and 26 not upgraded.
end-workflow	Install GH CLI	2026-02-19T12:43:53.6659870Z Need to get 13.8 MB of archives.
end-workflow	Install GH CLI	2026-02-19T12:43:53.6660871Z After this operation, 38.4 MB of additional disk space will be used.
end-workflow	Install GH CLI	2026-02-19T12:43:53.6661634Z Get:1 https://cli.github.com/packages stable/main amd64 gh amd64 2.87.0 [13.8 MB]
end-workflow	Install GH CLI	2026-02-19T12:43:54.0877830Z debconf: delaying package configuration, since apt-utils is not installed
end-workflow	Install GH CLI	2026-02-19T12:43:54.1299418Z Fetched 13.8 MB in 0s (39.7 MB/s)
end-workflow	Install GH CLI	2026-02-19T12:43:54.1581378Z Selecting previously unselected package gh.
end-workflow	Install GH CLI	2026-02-19T12:43:54.1620129Z (Reading database ... 
end-workflow	Install GH CLI	2026-02-19T12:43:54.1620425Z (Reading database ... 5%
end-workflow	Install GH CLI	2026-02-19T12:43:54.1620659Z (Reading database ... 10%
end-workflow	Install GH CLI	2026-02-19T12:43:54.1622413Z (Reading database ... 15%
end-workflow	Install GH CLI	2026-02-19T12:43:54.1622761Z (Reading database ... 20%
end-workflow	Install GH CLI	2026-02-19T12:43:54.1622987Z (Reading database ... 25%
end-workflow	Install GH CLI	2026-02-19T12:43:54.1623201Z (Reading database ... 30%
end-workflow	Install GH CLI	2026-02-19T12:43:54.1623414Z (Reading database ... 35%
end-workflow	Install GH CLI	2026-02-19T12:43:54.1623625Z (Reading database ... 40%
end-workflow	Install GH CLI	2026-02-19T12:43:54.1623855Z (Reading database ... 45%
end-workflow	Install GH CLI	2026-02-19T12:43:54.1624066Z (Reading database ... 50%
end-workflow	Install GH CLI	2026-02-19T12:43:54.1624283Z (Reading database ... 55%
end-workflow	Install GH CLI	2026-02-19T12:43:54.1624862Z (Reading database ... 60%
end-workflow	Install GH CLI	2026-02-19T12:43:54.1628660Z (Reading database ... 65%
end-workflow	Install GH CLI	2026-02-19T12:43:54.1650957Z (Reading database ... 70%
end-workflow	Install GH CLI	2026-02-19T12:43:54.1657481Z (Reading database ... 75%
end-workflow	Install GH CLI	2026-02-19T12:43:54.1672523Z (Reading database ... 80%
end-workflow	Install GH CLI	2026-02-19T12:43:54.1677913Z (Reading database ... 85%
end-workflow	Install GH CLI	2026-02-19T12:43:54.1688589Z (Reading database ... 90%
end-workflow	Install GH CLI	2026-02-19T12:43:54.1710390Z (Reading database ... 95%
end-workflow	Install GH CLI	2026-02-19T12:43:54.1710741Z (Reading database ... 100%
end-workflow	Install GH CLI	2026-02-19T12:43:54.1711079Z (Reading database ... 14385 files and directories currently installed.)
end-workflow	Install GH CLI	2026-02-19T12:43:54.1717747Z Preparing to unpack .../archives/gh_2.87.0_amd64.deb ...
end-workflow	Install GH CLI	2026-02-19T12:43:54.1747426Z Unpacking gh (2.87.0) ...
end-workflow	Install GH CLI	2026-02-19T12:43:54.3987776Z Setting up gh (2.87.0) ...
end-workflow	Trigger Inspector	Ôªø2026-02-19T12:43:54.4573993Z ##[group]Run echo "üîç Triggering Inspector for Audit..."
end-workflow	Trigger Inspector	2026-02-19T12:43:54.4574530Z [36;1mecho "üîç Triggering Inspector for Audit..."[0m
end-workflow	Trigger Inspector	2026-02-19T12:43:54.4574925Z [36;1mgh workflow run inspector.yml \[0m
end-workflow	Trigger Inspector	2026-02-19T12:43:54.4575995Z [36;1m  --ref main \[0m
end-workflow	Trigger Inspector	2026-02-19T12:43:54.4576304Z [36;1m  -f kaos-workflow-id="22182221863" \[0m
end-workflow	Trigger Inspector	2026-02-19T12:43:54.4576666Z [36;1m  -f kaos-user-start="ka0score"[0m
end-workflow	Trigger Inspector	2026-02-19T12:43:54.4592693Z shell: /usr/bin/bash -e {0}
end-workflow	Trigger Inspector	2026-02-19T12:43:54.4592994Z env:
end-workflow	Trigger Inspector	2026-02-19T12:43:54.4593237Z   KAOS_MODULE: [Ka0S] GitHub ‚Üí iTop Sync
end-workflow	Trigger Inspector	2026-02-19T12:43:54.4593574Z   KAOS_CORRELATION_ID: 22182221863
end-workflow	Trigger Inspector	2026-02-19T12:43:54.4593865Z   KAOS_ACTOR: ka0score
end-workflow	Trigger Inspector	2026-02-19T12:43:54.4594457Z   GH_TOKEN: ***
end-workflow	Trigger Inspector	2026-02-19T12:43:54.4594683Z ##[endgroup]
end-workflow	Trigger Inspector	2026-02-19T12:43:54.4638349Z üîç Triggering Inspector for Audit...
end-workflow	Trigger Inspector	2026-02-19T12:43:56.1880161Z https://github.com/Ka0s-Klaus/ka0s/actions/runs/22182278894
end-workflow	Post Checkout Repository	Ôªø2026-02-19T12:43:56.2147464Z Post job cleanup.
end-workflow	Post Checkout Repository	2026-02-19T12:43:56.3317993Z [command]/usr/bin/git version
end-workflow	Post Checkout Repository	2026-02-19T12:43:56.3360848Z git version 2.52.0
end-workflow	Post Checkout Repository	2026-02-19T12:43:56.3410670Z Temporarily overriding HOME='/home/runner/_work/_temp/4b9018fa-30e3-4fe1-9de1-da0fb2d91134' before making global git config changes
end-workflow	Post Checkout Repository	2026-02-19T12:43:56.3411821Z Adding repository directory to the temporary git global config as a safe directory
end-workflow	Post Checkout Repository	2026-02-19T12:43:56.3417927Z [command]/usr/bin/git config --global --add safe.directory /home/runner/_work/ka0s/ka0s
end-workflow	Post Checkout Repository	2026-02-19T12:43:56.3474925Z [command]/usr/bin/git config --local --name-only --get-regexp core\.sshCommand
end-workflow	Post Checkout Repository	2026-02-19T12:43:56.3520953Z [command]/usr/bin/git submodule foreach --recursive sh -c "git config --local --name-only --get-regexp 'core\.sshCommand' && git config --local --unset-all 'core.sshCommand' || :"
end-workflow	Post Checkout Repository	2026-02-19T12:43:56.3861944Z [command]/usr/bin/git config --local --name-only --get-regexp http\.https\:\/\/github\.com\/\.extraheader
end-workflow	Post Checkout Repository	2026-02-19T12:43:56.3891179Z http.https://github.com/.extraheader
end-workflow	Post Checkout Repository	2026-02-19T12:43:56.3904802Z [command]/usr/bin/git config --local --unset-all http.https://github.com/.extraheader
end-workflow	Post Checkout Repository	2026-02-19T12:43:56.3949380Z [command]/usr/bin/git submodule foreach --recursive sh -c "git config --local --name-only --get-regexp 'http\.https\:\/\/github\.com\/\.extraheader' && git config --local --unset-all 'http.https://github.com/.extraheader' || :"
end-workflow	Post Checkout Repository	2026-02-19T12:43:56.4283126Z [command]/usr/bin/git config --local --name-only --get-regexp ^includeIf\.gitdir:
end-workflow	Post Checkout Repository	2026-02-19T12:43:56.4324609Z [command]/usr/bin/git submodule foreach --recursive git config --local --show-origin --name-only --get-regexp remote.origin.url
end-workflow	Complete job	Ôªø2026-02-19T12:43:56.4787704Z Cleaning up orphan processes
