job-core	Set up job	Ôªø2026-02-19T16:58:25.7180122Z Current runner version: '2.331.0'
job-core	Set up job	2026-02-19T16:58:25.7189467Z Runner name: 'swarm-runners-scaleset-hkss5-runner-glfjb'
job-core	Set up job	2026-02-19T16:58:25.7190594Z Runner group name: 'Default'
job-core	Set up job	2026-02-19T16:58:25.7191784Z Machine name: 'swarm-runners-scaleset-hkss5-runner-glfjb'
job-core	Set up job	2026-02-19T16:58:25.7196574Z ##[group]GITHUB_TOKEN Permissions
job-core	Set up job	2026-02-19T16:58:25.7199215Z Actions: write
job-core	Set up job	2026-02-19T16:58:25.7199872Z Contents: write
job-core	Set up job	2026-02-19T16:58:25.7200567Z Issues: write
job-core	Set up job	2026-02-19T16:58:25.7201320Z Metadata: read
job-core	Set up job	2026-02-19T16:58:25.7201867Z PullRequests: write
job-core	Set up job	2026-02-19T16:58:25.7202483Z ##[endgroup]
job-core	Set up job	2026-02-19T16:58:25.7204760Z Secret source: Actions
job-core	Set up job	2026-02-19T16:58:25.7206497Z Prepare workflow directory
job-core	Set up job	2026-02-19T16:58:25.7805629Z Prepare all required actions
job-core	Set up job	2026-02-19T16:58:25.7849624Z Getting action download info
job-core	Set up job	2026-02-19T16:58:26.4271594Z Download action repository 'actions/checkout@v4' (SHA:34e114876b0b11c390a56381ad16ebd13914f8d5)
job-core	Set up job	2026-02-19T16:58:27.3544550Z Download action repository 'actions/setup-python@v4' (SHA:7f4fc3e22c37d6ff65e88745f38bd3157c663f7c)
job-core	Set up job	2026-02-19T16:58:28.3234783Z Download action repository 'actions/upload-artifact@v4' (SHA:ea165f8d65b6e75b540449e92b4886f43607fa02)
job-core	Set up job	2026-02-19T16:58:29.4574719Z Complete job name: job-core
job-core	Checkout code	Ôªø2026-02-19T16:58:29.5214932Z ##[group]Run actions/checkout@v4
job-core	Checkout code	2026-02-19T16:58:29.5215904Z with:
job-core	Checkout code	2026-02-19T16:58:29.5216138Z   fetch-depth: 0
job-core	Checkout code	2026-02-19T16:58:29.5216383Z   repository: Ka0s-Klaus/ka0s
job-core	Checkout code	2026-02-19T16:58:29.5216895Z   token: ***
job-core	Checkout code	2026-02-19T16:58:29.5217103Z   ssh-strict: true
job-core	Checkout code	2026-02-19T16:58:29.5217321Z   ssh-user: git
job-core	Checkout code	2026-02-19T16:58:29.5217547Z   persist-credentials: true
job-core	Checkout code	2026-02-19T16:58:29.5217803Z   clean: true
job-core	Checkout code	2026-02-19T16:58:29.5218035Z   sparse-checkout-cone-mode: true
job-core	Checkout code	2026-02-19T16:58:29.5218323Z   fetch-tags: false
job-core	Checkout code	2026-02-19T16:58:29.5218558Z   show-progress: true
job-core	Checkout code	2026-02-19T16:58:29.5218795Z   lfs: false
job-core	Checkout code	2026-02-19T16:58:29.5219006Z   submodules: false
job-core	Checkout code	2026-02-19T16:58:29.5219237Z   set-safe-directory: true
job-core	Checkout code	2026-02-19T16:58:29.5219719Z env:
job-core	Checkout code	2026-02-19T16:58:29.5219962Z   PYTHON_VERSION: 3.9
job-core	Checkout code	2026-02-19T16:58:29.5220720Z   MONGO_SUPERUSER_CONNECTION: ***
job-core	Checkout code	2026-02-19T16:58:29.5221135Z   MONGO_NEW_PASS: ***
job-core	Checkout code	2026-02-19T16:58:29.5221472Z   MONGO_SCRIPT_CREATE: devops/core/mongo/scripts/add-doc-to-db.py
job-core	Checkout code	2026-02-19T16:58:29.5221892Z   KAOS_CODE: 22191542345
job-core	Checkout code	2026-02-19T16:58:29.5222173Z   KAOS_MODULE: [Ka0s] Autom add docs to MongoDB
job-core	Checkout code	2026-02-19T16:58:29.5222495Z   REPORT_SCAN: audit/
job-core	Checkout code	2026-02-19T16:58:29.5222738Z   REPORT_PATH: audit/mongodb/
job-core	Checkout code	2026-02-19T16:58:29.5223033Z   REPORT_FILENAME: mongo_setup_22191542345.json
job-core	Checkout code	2026-02-19T16:58:29.5223391Z   REPORT_FILENAME_LIST: mongo_list_22191542345.json
job-core	Checkout code	2026-02-19T16:58:29.5223783Z   REPORT_FILENAME_DB: mongo_create_db_22191542345.json
job-core	Checkout code	2026-02-19T16:58:29.5224134Z   GITHUB_OUTPUT: 
job-core	Checkout code	2026-02-19T16:58:29.5224346Z ##[endgroup]
job-core	Checkout code	2026-02-19T16:58:29.6494372Z Syncing repository: Ka0s-Klaus/ka0s
job-core	Checkout code	2026-02-19T16:58:29.6496602Z ##[group]Getting Git version info
job-core	Checkout code	2026-02-19T16:58:29.6496990Z Working directory is '/home/runner/_work/ka0s/ka0s'
job-core	Checkout code	2026-02-19T16:58:29.6497597Z [command]/usr/bin/git version
job-core	Checkout code	2026-02-19T16:58:29.6498041Z git version 2.52.0
job-core	Checkout code	2026-02-19T16:58:29.6521841Z ##[endgroup]
job-core	Checkout code	2026-02-19T16:58:29.6543837Z Temporarily overriding HOME='/home/runner/_work/_temp/3d31ec58-d542-46e1-b175-e115d9d4f134' before making global git config changes
job-core	Checkout code	2026-02-19T16:58:29.6546579Z Adding repository directory to the temporary git global config as a safe directory
job-core	Checkout code	2026-02-19T16:58:29.6551886Z [command]/usr/bin/git config --global --add safe.directory /home/runner/_work/ka0s/ka0s
job-core	Checkout code	2026-02-19T16:58:29.6606606Z Deleting the contents of '/home/runner/_work/ka0s/ka0s'
job-core	Checkout code	2026-02-19T16:58:29.6610159Z ##[group]Initializing the repository
job-core	Checkout code	2026-02-19T16:58:29.6613378Z [command]/usr/bin/git init /home/runner/_work/ka0s/ka0s
job-core	Checkout code	2026-02-19T16:58:29.6673890Z hint: Using 'master' as the name for the initial branch. This default branch name
job-core	Checkout code	2026-02-19T16:58:29.6674610Z hint: will change to "main" in Git 3.0. To configure the initial branch name
job-core	Checkout code	2026-02-19T16:58:29.6679406Z hint: to use in all of your new repositories, which will suppress this warning,
job-core	Checkout code	2026-02-19T16:58:29.6679983Z hint: call:
job-core	Checkout code	2026-02-19T16:58:29.6680178Z hint:
job-core	Checkout code	2026-02-19T16:58:29.6680466Z hint: 	git config --global init.defaultBranch <name>
job-core	Checkout code	2026-02-19T16:58:29.6680824Z hint:
job-core	Checkout code	2026-02-19T16:58:29.6681146Z hint: Names commonly chosen instead of 'master' are 'main', 'trunk' and
job-core	Checkout code	2026-02-19T16:58:29.6681714Z hint: 'development'. The just-created branch can be renamed via this command:
job-core	Checkout code	2026-02-19T16:58:29.6682143Z hint:
job-core	Checkout code	2026-02-19T16:58:29.6682351Z hint: 	git branch -m <name>
job-core	Checkout code	2026-02-19T16:58:29.6682598Z hint:
job-core	Checkout code	2026-02-19T16:58:29.6682959Z hint: Disable this message with "git config set advice.defaultBranchName false"
job-core	Checkout code	2026-02-19T16:58:29.6683648Z Initialized empty Git repository in /home/runner/_work/ka0s/ka0s/.git/
job-core	Checkout code	2026-02-19T16:58:29.6690771Z [command]/usr/bin/git remote add origin https://github.com/Ka0s-Klaus/ka0s
job-core	Checkout code	2026-02-19T16:58:29.6738582Z ##[endgroup]
job-core	Checkout code	2026-02-19T16:58:29.6739249Z ##[group]Disabling automatic garbage collection
job-core	Checkout code	2026-02-19T16:58:29.6742872Z [command]/usr/bin/git config --local gc.auto 0
job-core	Checkout code	2026-02-19T16:58:29.6790531Z ##[endgroup]
job-core	Checkout code	2026-02-19T16:58:29.6791031Z ##[group]Setting up auth
job-core	Checkout code	2026-02-19T16:58:29.6797916Z [command]/usr/bin/git config --local --name-only --get-regexp core\.sshCommand
job-core	Checkout code	2026-02-19T16:58:29.6841439Z [command]/usr/bin/git submodule foreach --recursive sh -c "git config --local --name-only --get-regexp 'core\.sshCommand' && git config --local --unset-all 'core.sshCommand' || :"
job-core	Checkout code	2026-02-19T16:58:29.7180277Z [command]/usr/bin/git config --local --name-only --get-regexp http\.https\:\/\/github\.com\/\.extraheader
job-core	Checkout code	2026-02-19T16:58:29.7222157Z [command]/usr/bin/git submodule foreach --recursive sh -c "git config --local --name-only --get-regexp 'http\.https\:\/\/github\.com\/\.extraheader' && git config --local --unset-all 'http.https://github.com/.extraheader' || :"
job-core	Checkout code	2026-02-19T16:58:29.7558472Z [command]/usr/bin/git config --local --name-only --get-regexp ^includeIf\.gitdir:
job-core	Checkout code	2026-02-19T16:58:29.7601637Z [command]/usr/bin/git submodule foreach --recursive git config --local --show-origin --name-only --get-regexp remote.origin.url
job-core	Checkout code	2026-02-19T16:58:29.7942333Z [command]/usr/bin/git config --local http.https://github.com/.extraheader AUTHORIZATION: basic ***
job-core	Checkout code	2026-02-19T16:58:29.7994086Z ##[endgroup]
job-core	Checkout code	2026-02-19T16:58:29.7994611Z ##[group]Fetching the repository
job-core	Checkout code	2026-02-19T16:58:29.8003386Z [command]/usr/bin/git -c protocol.version=2 fetch --prune --no-recurse-submodules origin +refs/heads/*:refs/remotes/origin/* +refs/tags/*:refs/tags/*
job-core	Checkout code	2026-02-19T16:58:49.7686511Z From https://github.com/Ka0s-Klaus/ka0s
job-core	Checkout code	2026-02-19T16:58:49.7687105Z  * [new branch]          F3450-modelo-operativo -> origin/F3450-modelo-operativo
job-core	Checkout code	2026-02-19T16:58:49.7687835Z  * [new branch]          H1276-modulo-observabilidad -> origin/H1276-modulo-observabilidad
job-core	Checkout code	2026-02-19T16:58:49.7690828Z  * [new branch]          H3596-deploy-itop      -> origin/H3596-deploy-itop
job-core	Checkout code	2026-02-19T16:58:49.7692022Z  * [new branch]          H4170-flujo-detallado-zabbix---github -> origin/H4170-flujo-detallado-zabbix---github
job-core	Checkout code	2026-02-19T16:58:49.7692753Z  * [new branch]          main                   -> origin/main
job-core	Checkout code	2026-02-19T16:58:49.7693170Z  * [new tag]             0.0.0                  -> 0.0.0
job-core	Checkout code	2026-02-19T16:58:49.7693574Z  * [new tag]             0.0.1                  -> 0.0.1
job-core	Checkout code	2026-02-19T16:58:49.7693972Z  * [new tag]             0.0.10                 -> 0.0.10
job-core	Checkout code	2026-02-19T16:58:49.7694358Z  * [new tag]             0.0.100                -> 0.0.100
job-core	Checkout code	2026-02-19T16:58:49.7694740Z  * [new tag]             0.0.101                -> 0.0.101
job-core	Checkout code	2026-02-19T16:58:49.7695352Z  * [new tag]             0.0.102                -> 0.0.102
job-core	Checkout code	2026-02-19T16:58:49.7695754Z  * [new tag]             0.0.103                -> 0.0.103
job-core	Checkout code	2026-02-19T16:58:49.7696136Z  * [new tag]             0.0.104                -> 0.0.104
job-core	Checkout code	2026-02-19T16:58:49.7696543Z  * [new tag]             0.0.105                -> 0.0.105
job-core	Checkout code	2026-02-19T16:58:49.7696950Z  * [new tag]             0.0.106                -> 0.0.106
job-core	Checkout code	2026-02-19T16:58:49.7697737Z  * [new tag]             0.0.107                -> 0.0.107
job-core	Checkout code	2026-02-19T16:58:49.7698114Z  * [new tag]             0.0.108                -> 0.0.108
job-core	Checkout code	2026-02-19T16:58:49.7698489Z  * [new tag]             0.0.109                -> 0.0.109
job-core	Checkout code	2026-02-19T16:58:49.7698872Z  * [new tag]             0.0.11                 -> 0.0.11
job-core	Checkout code	2026-02-19T16:58:49.7699248Z  * [new tag]             0.0.110                -> 0.0.110
job-core	Checkout code	2026-02-19T16:58:49.7699753Z  * [new tag]             0.0.111                -> 0.0.111
job-core	Checkout code	2026-02-19T16:58:49.7700135Z  * [new tag]             0.0.112                -> 0.0.112
job-core	Checkout code	2026-02-19T16:58:49.7700522Z  * [new tag]             0.0.113                -> 0.0.113
job-core	Checkout code	2026-02-19T16:58:49.7700902Z  * [new tag]             0.0.114                -> 0.0.114
job-core	Checkout code	2026-02-19T16:58:49.7701283Z  * [new tag]             0.0.115                -> 0.0.115
job-core	Checkout code	2026-02-19T16:58:49.7701665Z  * [new tag]             0.0.116                -> 0.0.116
job-core	Checkout code	2026-02-19T16:58:49.7702057Z  * [new tag]             0.0.117                -> 0.0.117
job-core	Checkout code	2026-02-19T16:58:49.7702462Z  * [new tag]             0.0.118                -> 0.0.118
job-core	Checkout code	2026-02-19T16:58:49.7702941Z  * [new tag]             0.0.119                -> 0.0.119
job-core	Checkout code	2026-02-19T16:58:49.7703508Z  * [new tag]             0.0.12                 -> 0.0.12
job-core	Checkout code	2026-02-19T16:58:49.7704154Z  * [new tag]             0.0.120                -> 0.0.120
job-core	Checkout code	2026-02-19T16:58:49.7704526Z  * [new tag]             0.0.121                -> 0.0.121
job-core	Checkout code	2026-02-19T16:58:49.7704901Z  * [new tag]             0.0.122                -> 0.0.122
job-core	Checkout code	2026-02-19T16:58:49.7705589Z  * [new tag]             0.0.123                -> 0.0.123
job-core	Checkout code	2026-02-19T16:58:49.7705965Z  * [new tag]             0.0.124                -> 0.0.124
job-core	Checkout code	2026-02-19T16:58:49.7706340Z  * [new tag]             0.0.125                -> 0.0.125
job-core	Checkout code	2026-02-19T16:58:49.7706717Z  * [new tag]             0.0.126                -> 0.0.126
job-core	Checkout code	2026-02-19T16:58:49.7707106Z  * [new tag]             0.0.127                -> 0.0.127
job-core	Checkout code	2026-02-19T16:58:49.7707515Z  * [new tag]             0.0.128                -> 0.0.128
job-core	Checkout code	2026-02-19T16:58:49.7707909Z  * [new tag]             0.0.129                -> 0.0.129
job-core	Checkout code	2026-02-19T16:58:49.7708308Z  * [new tag]             0.0.13                 -> 0.0.13
job-core	Checkout code	2026-02-19T16:58:49.7708702Z  * [new tag]             0.0.130                -> 0.0.130
job-core	Checkout code	2026-02-19T16:58:49.7709101Z  * [new tag]             0.0.131                -> 0.0.131
job-core	Checkout code	2026-02-19T16:58:49.7709492Z  * [new tag]             0.0.132                -> 0.0.132
job-core	Checkout code	2026-02-19T16:58:49.7709871Z  * [new tag]             0.0.133                -> 0.0.133
job-core	Checkout code	2026-02-19T16:58:49.7710264Z  * [new tag]             0.0.134                -> 0.0.134
job-core	Checkout code	2026-02-19T16:58:49.7710649Z  * [new tag]             0.0.135                -> 0.0.135
job-core	Checkout code	2026-02-19T16:58:49.7711210Z  * [new tag]             0.0.136                -> 0.0.136
job-core	Checkout code	2026-02-19T16:58:49.7711581Z  * [new tag]             0.0.137                -> 0.0.137
job-core	Checkout code	2026-02-19T16:58:49.7711947Z  * [new tag]             0.0.138                -> 0.0.138
job-core	Checkout code	2026-02-19T16:58:49.7712317Z  * [new tag]             0.0.139                -> 0.0.139
job-core	Checkout code	2026-02-19T16:58:49.7712689Z  * [new tag]             0.0.14                 -> 0.0.14
job-core	Checkout code	2026-02-19T16:58:49.7713064Z  * [new tag]             0.0.140                -> 0.0.140
job-core	Checkout code	2026-02-19T16:58:49.7713441Z  * [new tag]             0.0.141                -> 0.0.141
job-core	Checkout code	2026-02-19T16:58:49.7713808Z  * [new tag]             0.0.142                -> 0.0.142
job-core	Checkout code	2026-02-19T16:58:49.7714179Z  * [new tag]             0.0.143                -> 0.0.143
job-core	Checkout code	2026-02-19T16:58:49.7714545Z  * [new tag]             0.0.144                -> 0.0.144
job-core	Checkout code	2026-02-19T16:58:49.7714919Z  * [new tag]             0.0.145                -> 0.0.145
job-core	Checkout code	2026-02-19T16:58:49.7715648Z  * [new tag]             0.0.146                -> 0.0.146
job-core	Checkout code	2026-02-19T16:58:49.7716023Z  * [new tag]             0.0.147                -> 0.0.147
job-core	Checkout code	2026-02-19T16:58:49.7716547Z  * [new tag]             0.0.148                -> 0.0.148
job-core	Checkout code	2026-02-19T16:58:49.7717207Z  * [new tag]             0.0.149                -> 0.0.149
job-core	Checkout code	2026-02-19T16:58:49.7717707Z  * [new tag]             0.0.15                 -> 0.0.15
job-core	Checkout code	2026-02-19T16:58:49.7718224Z  * [new tag]             0.0.150                -> 0.0.150
job-core	Checkout code	2026-02-19T16:58:49.7718632Z  * [new tag]             0.0.151                -> 0.0.151
job-core	Checkout code	2026-02-19T16:58:49.7719088Z  * [new tag]             0.0.152                -> 0.0.152
job-core	Checkout code	2026-02-19T16:58:49.7719464Z  * [new tag]             0.0.153                -> 0.0.153
job-core	Checkout code	2026-02-19T16:58:49.7719849Z  * [new tag]             0.0.154                -> 0.0.154
job-core	Checkout code	2026-02-19T16:58:49.7720229Z  * [new tag]             0.0.155                -> 0.0.155
job-core	Checkout code	2026-02-19T16:58:49.7720620Z  * [new tag]             0.0.156                -> 0.0.156
job-core	Checkout code	2026-02-19T16:58:49.7721030Z  * [new tag]             0.0.157                -> 0.0.157
job-core	Checkout code	2026-02-19T16:58:49.7721422Z  * [new tag]             0.0.158                -> 0.0.158
job-core	Checkout code	2026-02-19T16:58:49.7721822Z  * [new tag]             0.0.159                -> 0.0.159
job-core	Checkout code	2026-02-19T16:58:49.7722239Z  * [new tag]             0.0.16                 -> 0.0.16
job-core	Checkout code	2026-02-19T16:58:49.7722638Z  * [new tag]             0.0.160                -> 0.0.160
job-core	Checkout code	2026-02-19T16:58:49.7723052Z  * [new tag]             0.0.161                -> 0.0.161
job-core	Checkout code	2026-02-19T16:58:49.7723718Z  * [new tag]             0.0.162                -> 0.0.162
job-core	Checkout code	2026-02-19T16:58:49.7724151Z  * [new tag]             0.0.163                -> 0.0.163
job-core	Checkout code	2026-02-19T16:58:49.7724550Z  * [new tag]             0.0.164                -> 0.0.164
job-core	Checkout code	2026-02-19T16:58:49.7724953Z  * [new tag]             0.0.165                -> 0.0.165
job-core	Checkout code	2026-02-19T16:58:49.7725499Z  * [new tag]             0.0.166                -> 0.0.166
job-core	Checkout code	2026-02-19T16:58:49.7725902Z  * [new tag]             0.0.167                -> 0.0.167
job-core	Checkout code	2026-02-19T16:58:49.7726288Z  * [new tag]             0.0.168                -> 0.0.168
job-core	Checkout code	2026-02-19T16:58:49.7726691Z  * [new tag]             0.0.169                -> 0.0.169
job-core	Checkout code	2026-02-19T16:58:49.7727088Z  * [new tag]             0.0.17                 -> 0.0.17
job-core	Checkout code	2026-02-19T16:58:49.7727485Z  * [new tag]             0.0.170                -> 0.0.170
job-core	Checkout code	2026-02-19T16:58:49.7727874Z  * [new tag]             0.0.171                -> 0.0.171
job-core	Checkout code	2026-02-19T16:58:49.7728344Z  * [new tag]             0.0.172                -> 0.0.172
job-core	Checkout code	2026-02-19T16:58:49.7728745Z  * [new tag]             0.0.173                -> 0.0.173
job-core	Checkout code	2026-02-19T16:58:49.7729141Z  * [new tag]             0.0.174                -> 0.0.174
job-core	Checkout code	2026-02-19T16:58:49.7729547Z  * [new tag]             0.0.175                -> 0.0.175
job-core	Checkout code	2026-02-19T16:58:49.7729935Z  * [new tag]             0.0.176                -> 0.0.176
job-core	Checkout code	2026-02-19T16:58:49.7730329Z  * [new tag]             0.0.177                -> 0.0.177
job-core	Checkout code	2026-02-19T16:58:49.7730721Z  * [new tag]             0.0.178                -> 0.0.178
job-core	Checkout code	2026-02-19T16:58:49.7731129Z  * [new tag]             0.0.179                -> 0.0.179
job-core	Checkout code	2026-02-19T16:58:49.7731534Z  * [new tag]             0.0.18                 -> 0.0.18
job-core	Checkout code	2026-02-19T16:58:49.7731929Z  * [new tag]             0.0.19                 -> 0.0.19
job-core	Checkout code	2026-02-19T16:58:49.7732323Z  * [new tag]             0.0.2                  -> 0.0.2
job-core	Checkout code	2026-02-19T16:58:49.7732721Z  * [new tag]             0.0.20                 -> 0.0.20
job-core	Checkout code	2026-02-19T16:58:49.7733227Z  * [new tag]             0.0.21                 -> 0.0.21
job-core	Checkout code	2026-02-19T16:58:49.7733619Z  * [new tag]             0.0.22                 -> 0.0.22
job-core	Checkout code	2026-02-19T16:58:49.7733993Z  * [new tag]             0.0.23                 -> 0.0.23
job-core	Checkout code	2026-02-19T16:58:49.7734370Z  * [new tag]             0.0.24                 -> 0.0.24
job-core	Checkout code	2026-02-19T16:58:49.7734747Z  * [new tag]             0.0.25                 -> 0.0.25
job-core	Checkout code	2026-02-19T16:58:49.7735397Z  * [new tag]             0.0.26                 -> 0.0.26
job-core	Checkout code	2026-02-19T16:58:49.7735792Z  * [new tag]             0.0.27                 -> 0.0.27
job-core	Checkout code	2026-02-19T16:58:49.7736729Z  * [new tag]             0.0.28                 -> 0.0.28
job-core	Checkout code	2026-02-19T16:58:49.7737129Z  * [new tag]             0.0.29                 -> 0.0.29
job-core	Checkout code	2026-02-19T16:58:49.7737841Z  * [new tag]             0.0.3                  -> 0.0.3
job-core	Checkout code	2026-02-19T16:58:49.7738231Z  * [new tag]             0.0.30                 -> 0.0.30
job-core	Checkout code	2026-02-19T16:58:49.7738618Z  * [new tag]             0.0.31                 -> 0.0.31
job-core	Checkout code	2026-02-19T16:58:49.7739014Z  * [new tag]             0.0.32                 -> 0.0.32
job-core	Checkout code	2026-02-19T16:58:49.7739403Z  * [new tag]             0.0.33                 -> 0.0.33
job-core	Checkout code	2026-02-19T16:58:49.7739789Z  * [new tag]             0.0.34                 -> 0.0.34
job-core	Checkout code	2026-02-19T16:58:49.7755721Z  * [new tag]             0.0.35                 -> 0.0.35
job-core	Checkout code	2026-02-19T16:58:49.7756285Z  * [new tag]             0.0.36                 -> 0.0.36
job-core	Checkout code	2026-02-19T16:58:49.7756689Z  * [new tag]             0.0.37                 -> 0.0.37
job-core	Checkout code	2026-02-19T16:58:49.7757085Z  * [new tag]             0.0.38                 -> 0.0.38
job-core	Checkout code	2026-02-19T16:58:49.7757483Z  * [new tag]             0.0.39                 -> 0.0.39
job-core	Checkout code	2026-02-19T16:58:49.7757886Z  * [new tag]             0.0.4                  -> 0.0.4
job-core	Checkout code	2026-02-19T16:58:49.7758307Z  * [new tag]             0.0.40                 -> 0.0.40
job-core	Checkout code	2026-02-19T16:58:49.7758721Z  * [new tag]             0.0.41                 -> 0.0.41
job-core	Checkout code	2026-02-19T16:58:49.7759127Z  * [new tag]             0.0.42                 -> 0.0.42
job-core	Checkout code	2026-02-19T16:58:49.7759867Z  * [new tag]             0.0.43                 -> 0.0.43
job-core	Checkout code	2026-02-19T16:58:49.7760254Z  * [new tag]             0.0.44                 -> 0.0.44
job-core	Checkout code	2026-02-19T16:58:49.7760654Z  * [new tag]             0.0.45                 -> 0.0.45
job-core	Checkout code	2026-02-19T16:58:49.7761050Z  * [new tag]             0.0.46                 -> 0.0.46
job-core	Checkout code	2026-02-19T16:58:49.7761457Z  * [new tag]             0.0.47                 -> 0.0.47
job-core	Checkout code	2026-02-19T16:58:49.7761872Z  * [new tag]             0.0.48                 -> 0.0.48
job-core	Checkout code	2026-02-19T16:58:49.7762276Z  * [new tag]             0.0.49                 -> 0.0.49
job-core	Checkout code	2026-02-19T16:58:49.7762686Z  * [new tag]             0.0.5                  -> 0.0.5
job-core	Checkout code	2026-02-19T16:58:49.7763103Z  * [new tag]             0.0.50                 -> 0.0.50
job-core	Checkout code	2026-02-19T16:58:49.7763518Z  * [new tag]             0.0.51                 -> 0.0.51
job-core	Checkout code	2026-02-19T16:58:49.7763929Z  * [new tag]             0.0.52                 -> 0.0.52
job-core	Checkout code	2026-02-19T16:58:49.7764343Z  * [new tag]             0.0.53                 -> 0.0.53
job-core	Checkout code	2026-02-19T16:58:49.7764759Z  * [new tag]             0.0.54                 -> 0.0.54
job-core	Checkout code	2026-02-19T16:58:49.7767394Z  * [new tag]             0.0.55                 -> 0.0.55
job-core	Checkout code	2026-02-19T16:58:49.7767820Z  * [new tag]             0.0.56                 -> 0.0.56
job-core	Checkout code	2026-02-19T16:58:49.7768230Z  * [new tag]             0.0.57                 -> 0.0.57
job-core	Checkout code	2026-02-19T16:58:49.7768750Z  * [new tag]             0.0.58                 -> 0.0.58
job-core	Checkout code	2026-02-19T16:58:49.7769142Z  * [new tag]             0.0.59                 -> 0.0.59
job-core	Checkout code	2026-02-19T16:58:49.7769642Z  * [new tag]             0.0.6                  -> 0.0.6
job-core	Checkout code	2026-02-19T16:58:49.7770013Z  * [new tag]             0.0.60                 -> 0.0.60
job-core	Checkout code	2026-02-19T16:58:49.7770383Z  * [new tag]             0.0.61                 -> 0.0.61
job-core	Checkout code	2026-02-19T16:58:49.7770760Z  * [new tag]             0.0.62                 -> 0.0.62
job-core	Checkout code	2026-02-19T16:58:49.7771130Z  * [new tag]             0.0.63                 -> 0.0.63
job-core	Checkout code	2026-02-19T16:58:49.7771500Z  * [new tag]             0.0.64                 -> 0.0.64
job-core	Checkout code	2026-02-19T16:58:49.7771873Z  * [new tag]             0.0.65                 -> 0.0.65
job-core	Checkout code	2026-02-19T16:58:49.7772237Z  * [new tag]             0.0.66                 -> 0.0.66
job-core	Checkout code	2026-02-19T16:58:49.7772596Z  * [new tag]             0.0.67                 -> 0.0.67
job-core	Checkout code	2026-02-19T16:58:49.7772959Z  * [new tag]             0.0.68                 -> 0.0.68
job-core	Checkout code	2026-02-19T16:58:49.7773326Z  * [new tag]             0.0.69                 -> 0.0.69
job-core	Checkout code	2026-02-19T16:58:49.7773694Z  * [new tag]             0.0.7                  -> 0.0.7
job-core	Checkout code	2026-02-19T16:58:49.7774062Z  * [new tag]             0.0.70                 -> 0.0.70
job-core	Checkout code	2026-02-19T16:58:49.7774425Z  * [new tag]             0.0.71                 -> 0.0.71
job-core	Checkout code	2026-02-19T16:58:49.7775257Z  * [new tag]             0.0.72                 -> 0.0.72
job-core	Checkout code	2026-02-19T16:58:49.7775873Z  * [new tag]             0.0.73                 -> 0.0.73
job-core	Checkout code	2026-02-19T16:58:49.7776228Z  * [new tag]             0.0.74                 -> 0.0.74
job-core	Checkout code	2026-02-19T16:58:49.7776588Z  * [new tag]             0.0.75                 -> 0.0.75
job-core	Checkout code	2026-02-19T16:58:49.7776943Z  * [new tag]             0.0.76                 -> 0.0.76
job-core	Checkout code	2026-02-19T16:58:49.7777295Z  * [new tag]             0.0.77                 -> 0.0.77
job-core	Checkout code	2026-02-19T16:58:49.7777649Z  * [new tag]             0.0.78                 -> 0.0.78
job-core	Checkout code	2026-02-19T16:58:49.7778003Z  * [new tag]             0.0.79                 -> 0.0.79
job-core	Checkout code	2026-02-19T16:58:49.7778356Z  * [new tag]             0.0.8                  -> 0.0.8
job-core	Checkout code	2026-02-19T16:58:49.7778705Z  * [new tag]             0.0.80                 -> 0.0.80
job-core	Checkout code	2026-02-19T16:58:49.7779062Z  * [new tag]             0.0.81                 -> 0.0.81
job-core	Checkout code	2026-02-19T16:58:49.7779414Z  * [new tag]             0.0.82                 -> 0.0.82
job-core	Checkout code	2026-02-19T16:58:49.7779776Z  * [new tag]             0.0.83                 -> 0.0.83
job-core	Checkout code	2026-02-19T16:58:49.7780128Z  * [new tag]             0.0.84                 -> 0.0.84
job-core	Checkout code	2026-02-19T16:58:49.7780480Z  * [new tag]             0.0.85                 -> 0.0.85
job-core	Checkout code	2026-02-19T16:58:49.7781091Z  * [new tag]             0.0.86                 -> 0.0.86
job-core	Checkout code	2026-02-19T16:58:49.7781445Z  * [new tag]             0.0.87                 -> 0.0.87
job-core	Checkout code	2026-02-19T16:58:49.7781799Z  * [new tag]             0.0.88                 -> 0.0.88
job-core	Checkout code	2026-02-19T16:58:49.7782153Z  * [new tag]             0.0.89                 -> 0.0.89
job-core	Checkout code	2026-02-19T16:58:49.7782508Z  * [new tag]             0.0.9                  -> 0.0.9
job-core	Checkout code	2026-02-19T16:58:49.7782862Z  * [new tag]             0.0.90                 -> 0.0.90
job-core	Checkout code	2026-02-19T16:58:49.7783217Z  * [new tag]             0.0.91                 -> 0.0.91
job-core	Checkout code	2026-02-19T16:58:49.7783572Z  * [new tag]             0.0.92                 -> 0.0.92
job-core	Checkout code	2026-02-19T16:58:49.7783926Z  * [new tag]             0.0.93                 -> 0.0.93
job-core	Checkout code	2026-02-19T16:58:49.7784279Z  * [new tag]             0.0.94                 -> 0.0.94
job-core	Checkout code	2026-02-19T16:58:49.7784633Z  * [new tag]             0.0.95                 -> 0.0.95
job-core	Checkout code	2026-02-19T16:58:49.7785042Z  * [new tag]             0.0.96                 -> 0.0.96
job-core	Checkout code	2026-02-19T16:58:49.7785953Z  * [new tag]             0.0.97                 -> 0.0.97
job-core	Checkout code	2026-02-19T16:58:49.7786312Z  * [new tag]             0.0.98                 -> 0.0.98
job-core	Checkout code	2026-02-19T16:58:49.7786667Z  * [new tag]             0.0.99                 -> 0.0.99
job-core	Checkout code	2026-02-19T16:58:49.7787026Z  * [new tag]             0.1.0                  -> 0.1.0
job-core	Checkout code	2026-02-19T16:58:49.7787647Z  * [new tag]             0.1.1                  -> 0.1.1
job-core	Checkout code	2026-02-19T16:58:49.7788023Z  * [new tag]             0.2.0                  -> 0.2.0
job-core	Checkout code	2026-02-19T16:58:49.7788389Z  * [new tag]             0.3.0                  -> 0.3.0
job-core	Checkout code	2026-02-19T16:58:49.7788754Z  * [new tag]             0.3.1                  -> 0.3.1
job-core	Checkout code	2026-02-19T16:58:49.7789123Z  * [new tag]             0.3.10                 -> 0.3.10
job-core	Checkout code	2026-02-19T16:58:49.7789497Z  * [new tag]             0.3.11                 -> 0.3.11
job-core	Checkout code	2026-02-19T16:58:49.7789883Z  * [new tag]             0.3.12                 -> 0.3.12
job-core	Checkout code	2026-02-19T16:58:49.7790259Z  * [new tag]             0.3.13                 -> 0.3.13
job-core	Checkout code	2026-02-19T16:58:49.7790634Z  * [new tag]             0.3.14                 -> 0.3.14
job-core	Checkout code	2026-02-19T16:58:49.7791008Z  * [new tag]             0.3.15                 -> 0.3.15
job-core	Checkout code	2026-02-19T16:58:49.7791382Z  * [new tag]             0.3.16                 -> 0.3.16
job-core	Checkout code	2026-02-19T16:58:49.7791740Z  * [new tag]             0.3.17                 -> 0.3.17
job-core	Checkout code	2026-02-19T16:58:49.7792113Z  * [new tag]             0.3.2                  -> 0.3.2
job-core	Checkout code	2026-02-19T16:58:49.7792484Z  * [new tag]             0.3.3                  -> 0.3.3
job-core	Checkout code	2026-02-19T16:58:49.7792850Z  * [new tag]             0.3.4                  -> 0.3.4
job-core	Checkout code	2026-02-19T16:58:49.7793210Z  * [new tag]             0.3.5                  -> 0.3.5
job-core	Checkout code	2026-02-19T16:58:49.7793692Z  * [new tag]             0.3.6                  -> 0.3.6
job-core	Checkout code	2026-02-19T16:58:49.7794255Z  * [new tag]             0.3.7                  -> 0.3.7
job-core	Checkout code	2026-02-19T16:58:49.7794607Z  * [new tag]             0.3.8                  -> 0.3.8
job-core	Checkout code	2026-02-19T16:58:49.7794951Z  * [new tag]             0.3.9                  -> 0.3.9
job-core	Checkout code	2026-02-19T16:58:49.7795580Z  * [new tag]             0.4.0                  -> 0.4.0
job-core	Checkout code	2026-02-19T16:58:49.7796068Z  * [new tag]             0.4.1                  -> 0.4.1
job-core	Checkout code	2026-02-19T16:58:49.7796431Z  * [new tag]             0.4.2                  -> 0.4.2
job-core	Checkout code	2026-02-19T16:58:49.7797226Z  * [new tag]             0.4.3                  -> 0.4.3
job-core	Checkout code	2026-02-19T16:58:49.7797718Z  * [new tag]             0.4.4                  -> 0.4.4
job-core	Checkout code	2026-02-19T16:58:49.7798468Z  * [new tag]             0.4.5                  -> 0.4.5
job-core	Checkout code	2026-02-19T16:58:49.7798946Z  * [new tag]             0.4.6                  -> 0.4.6
job-core	Checkout code	2026-02-19T16:58:49.7799299Z  * [new tag]             0.4.7                  -> 0.4.7
job-core	Checkout code	2026-02-19T16:58:49.7799658Z  * [new tag]             0.4.8                  -> 0.4.8
job-core	Checkout code	2026-02-19T16:58:49.7800010Z  * [new tag]             0.4.9                  -> 0.4.9
job-core	Checkout code	2026-02-19T16:58:49.7800359Z  * [new tag]             0.5.0                  -> 0.5.0
job-core	Checkout code	2026-02-19T16:58:49.7800713Z  * [new tag]             0.5.1                  -> 0.5.1
job-core	Checkout code	2026-02-19T16:58:49.7801264Z  * [new tag]             0.5.2                  -> 0.5.2
job-core	Checkout code	2026-02-19T16:58:49.7801611Z  * [new tag]             0.6.0                  -> 0.6.0
job-core	Checkout code	2026-02-19T16:58:49.7801963Z  * [new tag]             0.6.1                  -> 0.6.1
job-core	Checkout code	2026-02-19T16:58:49.7802317Z  * [new tag]             0.6.2                  -> 0.6.2
job-core	Checkout code	2026-02-19T16:58:49.8088265Z [command]/usr/bin/git branch --list --remote origin/main
job-core	Checkout code	2026-02-19T16:58:49.8166540Z   origin/main
job-core	Checkout code	2026-02-19T16:58:49.8179090Z [command]/usr/bin/git rev-parse refs/remotes/origin/main
job-core	Checkout code	2026-02-19T16:58:49.8209998Z 5dbc2298fedd36a75596ea6b4574a9e09bfa78ca
job-core	Checkout code	2026-02-19T16:58:49.8215926Z ##[endgroup]
job-core	Checkout code	2026-02-19T16:58:49.8216480Z ##[group]Determining the checkout info
job-core	Checkout code	2026-02-19T16:58:49.8217923Z ##[endgroup]
job-core	Checkout code	2026-02-19T16:58:49.8223986Z [command]/usr/bin/git sparse-checkout disable
job-core	Checkout code	2026-02-19T16:58:49.8286324Z [command]/usr/bin/git config --local --unset-all extensions.worktreeConfig
job-core	Checkout code	2026-02-19T16:58:49.8322899Z ##[group]Checking out the ref
job-core	Checkout code	2026-02-19T16:58:49.8328795Z [command]/usr/bin/git checkout --progress --force -B main refs/remotes/origin/main
job-core	Checkout code	2026-02-19T16:58:50.0928108Z Switched to a new branch 'main'
job-core	Checkout code	2026-02-19T16:58:50.0932519Z branch 'main' set up to track 'origin/main'.
job-core	Checkout code	2026-02-19T16:58:50.0980823Z ##[endgroup]
job-core	Checkout code	2026-02-19T16:58:50.1040259Z [command]/usr/bin/git log -1 --format=%H
job-core	Checkout code	2026-02-19T16:58:50.1076450Z 5dbc2298fedd36a75596ea6b4574a9e09bfa78ca
job-core	Install GH CLI	Ôªø2026-02-19T16:58:50.1365706Z Prepare all required actions
job-core	Install GH CLI	2026-02-19T16:58:50.1412742Z ##[group]Run ./.github/actions/install-gh-cli
job-core	Install GH CLI	2026-02-19T16:58:50.1413083Z env:
job-core	Install GH CLI	2026-02-19T16:58:50.1413283Z   PYTHON_VERSION: 3.9
job-core	Install GH CLI	2026-02-19T16:58:50.1414143Z   MONGO_SUPERUSER_CONNECTION: ***
job-core	Install GH CLI	2026-02-19T16:58:50.1414561Z   MONGO_NEW_PASS: ***
job-core	Install GH CLI	2026-02-19T16:58:50.1414889Z   MONGO_SCRIPT_CREATE: devops/core/mongo/scripts/add-doc-to-db.py
job-core	Install GH CLI	2026-02-19T16:58:50.1416154Z   KAOS_CODE: 22191542345
job-core	Install GH CLI	2026-02-19T16:58:50.1416436Z   KAOS_MODULE: [Ka0s] Autom add docs to MongoDB
job-core	Install GH CLI	2026-02-19T16:58:50.1416751Z   REPORT_SCAN: audit/
job-core	Install GH CLI	2026-02-19T16:58:50.1416983Z   REPORT_PATH: audit/mongodb/
job-core	Install GH CLI	2026-02-19T16:58:50.1417269Z   REPORT_FILENAME: mongo_setup_22191542345.json
job-core	Install GH CLI	2026-02-19T16:58:50.1417621Z   REPORT_FILENAME_LIST: mongo_list_22191542345.json
job-core	Install GH CLI	2026-02-19T16:58:50.1417993Z   REPORT_FILENAME_DB: mongo_create_db_22191542345.json
job-core	Install GH CLI	2026-02-19T16:58:50.1418319Z   GITHUB_OUTPUT: 
job-core	Install GH CLI	2026-02-19T16:58:50.1418530Z ##[endgroup]
job-core	Install GH CLI	2026-02-19T16:58:50.1520799Z ##[group]Run type -p curl >/dev/null || (sudo apt-get update && sudo apt-get install curl -y)
job-core	Install GH CLI	2026-02-19T16:58:50.1521565Z [36;1mtype -p curl >/dev/null || (sudo apt-get update && sudo apt-get install curl -y)[0m
job-core	Install GH CLI	2026-02-19T16:58:50.1522465Z [36;1mcurl -fsSL https://cli.github.com/packages/githubcli-archive-keyring.gpg | sudo dd of=/usr/share/keyrings/githubcli-archive-keyring.gpg \[0m
job-core	Install GH CLI	2026-02-19T16:58:50.1523651Z [36;1m&& sudo chmod go+r /usr/share/keyrings/githubcli-archive-keyring.gpg \[0m
job-core	Install GH CLI	2026-02-19T16:58:50.1524775Z [36;1m&& echo "deb [arch=$(dpkg --print-architecture) signed-by=/usr/share/keyrings/githubcli-archive-keyring.gpg] https://cli.github.com/packages stable main" | sudo tee /etc/apt/sources.list.d/github-cli.list > /dev/null \[0m
job-core	Install GH CLI	2026-02-19T16:58:50.1546354Z [36;1m&& sudo apt-get update \[0m
job-core	Install GH CLI	2026-02-19T16:58:50.1546717Z [36;1m&& sudo apt-get install gh -y[0m
job-core	Install GH CLI	2026-02-19T16:58:50.1564354Z shell: /usr/bin/bash --noprofile --norc -e -o pipefail {0}
job-core	Install GH CLI	2026-02-19T16:58:50.1564715Z env:
job-core	Install GH CLI	2026-02-19T16:58:50.1617492Z   PYTHON_VERSION: 3.9
job-core	Install GH CLI	2026-02-19T16:58:50.1618650Z   MONGO_SUPERUSER_CONNECTION: ***
job-core	Install GH CLI	2026-02-19T16:58:50.1619108Z   MONGO_NEW_PASS: ***
job-core	Install GH CLI	2026-02-19T16:58:50.1619425Z   MONGO_SCRIPT_CREATE: devops/core/mongo/scripts/add-doc-to-db.py
job-core	Install GH CLI	2026-02-19T16:58:50.1619812Z   KAOS_CODE: 22191542345
job-core	Install GH CLI	2026-02-19T16:58:50.1620069Z   KAOS_MODULE: [Ka0s] Autom add docs to MongoDB
job-core	Install GH CLI	2026-02-19T16:58:50.1620365Z   REPORT_SCAN: audit/
job-core	Install GH CLI	2026-02-19T16:58:50.1620591Z   REPORT_PATH: audit/mongodb/
job-core	Install GH CLI	2026-02-19T16:58:50.1620865Z   REPORT_FILENAME: mongo_setup_22191542345.json
job-core	Install GH CLI	2026-02-19T16:58:50.1621193Z   REPORT_FILENAME_LIST: mongo_list_22191542345.json
job-core	Install GH CLI	2026-02-19T16:58:50.1621547Z   REPORT_FILENAME_DB: mongo_create_db_22191542345.json
job-core	Install GH CLI	2026-02-19T16:58:50.1621858Z   GITHUB_OUTPUT: 
job-core	Install GH CLI	2026-02-19T16:58:50.1622059Z ##[endgroup]
job-core	Install GH CLI	2026-02-19T16:58:50.2337483Z 4+1 records in
job-core	Install GH CLI	2026-02-19T16:58:50.2337781Z 4+1 records out
job-core	Install GH CLI	2026-02-19T16:58:50.2338202Z 2270 bytes (2.3 kB, 2.2 KiB) copied, 0.0474745 s, 47.8 kB/s
job-core	Install GH CLI	2026-02-19T16:58:50.3876670Z Get:1 http://archive.ubuntu.com/ubuntu noble InRelease [256 kB]
job-core	Install GH CLI	2026-02-19T16:58:50.3911972Z Get:2 https://cli.github.com/packages stable InRelease [3917 B]
job-core	Install GH CLI	2026-02-19T16:58:50.4494494Z Get:3 http://security.ubuntu.com/ubuntu noble-security InRelease [126 kB]
job-core	Install GH CLI	2026-02-19T16:58:50.5329340Z Get:4 https://ppa.launchpadcontent.net/git-core/ppa/ubuntu noble InRelease [24.3 kB]
job-core	Install GH CLI	2026-02-19T16:58:50.5450755Z Get:5 http://archive.ubuntu.com/ubuntu noble-updates InRelease [126 kB]
job-core	Install GH CLI	2026-02-19T16:58:50.5522254Z Get:6 https://cli.github.com/packages stable/main amd64 Packages [355 B]
job-core	Install GH CLI	2026-02-19T16:58:50.5836833Z Get:7 http://archive.ubuntu.com/ubuntu noble-backports InRelease [126 kB]
job-core	Install GH CLI	2026-02-19T16:58:50.6469957Z Get:8 http://archive.ubuntu.com/ubuntu noble/universe amd64 Packages [19.3 MB]
job-core	Install GH CLI	2026-02-19T16:58:50.7171971Z Get:9 https://ppa.launchpadcontent.net/git-core/ppa/ubuntu noble/main amd64 Packages [2992 B]
job-core	Install GH CLI	2026-02-19T16:58:50.9609305Z Get:10 http://archive.ubuntu.com/ubuntu noble/multiverse amd64 Packages [331 kB]
job-core	Install GH CLI	2026-02-19T16:58:50.9632695Z Get:11 http://archive.ubuntu.com/ubuntu noble/restricted amd64 Packages [117 kB]
job-core	Install GH CLI	2026-02-19T16:58:50.9649532Z Get:12 http://archive.ubuntu.com/ubuntu noble/main amd64 Packages [1808 kB]
job-core	Install GH CLI	2026-02-19T16:58:51.0066802Z Get:13 http://archive.ubuntu.com/ubuntu noble-updates/multiverse amd64 Packages [38.1 kB]
job-core	Install GH CLI	2026-02-19T16:58:51.0069679Z Get:14 http://archive.ubuntu.com/ubuntu noble-updates/restricted amd64 Packages [3381 kB]
job-core	Install GH CLI	2026-02-19T16:58:51.0302607Z Get:15 http://archive.ubuntu.com/ubuntu noble-updates/main amd64 Packages [2240 kB]
job-core	Install GH CLI	2026-02-19T16:58:51.0421168Z Get:16 http://security.ubuntu.com/ubuntu noble-security/universe amd64 Packages [1207 kB]
job-core	Install GH CLI	2026-02-19T16:58:51.0641728Z Get:17 http://archive.ubuntu.com/ubuntu noble-updates/universe amd64 Packages [2016 kB]
job-core	Install GH CLI	2026-02-19T16:58:51.0815857Z Get:18 http://archive.ubuntu.com/ubuntu noble-backports/main amd64 Packages [49.5 kB]
job-core	Install GH CLI	2026-02-19T16:58:51.0819784Z Get:19 http://archive.ubuntu.com/ubuntu noble-backports/universe amd64 Packages [34.6 kB]
job-core	Install GH CLI	2026-02-19T16:58:51.3138874Z Get:20 http://security.ubuntu.com/ubuntu noble-security/main amd64 Packages [1857 kB]
job-core	Install GH CLI	2026-02-19T16:58:51.3903668Z Get:21 http://security.ubuntu.com/ubuntu noble-security/multiverse amd64 Packages [34.8 kB]
job-core	Install GH CLI	2026-02-19T16:58:51.3911559Z Get:22 http://security.ubuntu.com/ubuntu noble-security/restricted amd64 Packages [3196 kB]
job-core	Install GH CLI	2026-02-19T16:58:52.4652523Z Fetched 36.3 MB in 2s (16.9 MB/s)
job-core	Install GH CLI	2026-02-19T16:58:53.3830216Z Reading package lists...
job-core	Install GH CLI	2026-02-19T16:58:54.3597147Z Reading package lists...
job-core	Install GH CLI	2026-02-19T16:58:54.5823453Z Building dependency tree...
job-core	Install GH CLI	2026-02-19T16:58:54.5824272Z Reading state information...
job-core	Install GH CLI	2026-02-19T16:58:54.9452930Z The following NEW packages will be installed:
job-core	Install GH CLI	2026-02-19T16:58:54.9473386Z   gh
job-core	Install GH CLI	2026-02-19T16:58:55.0887076Z 0 upgraded, 1 newly installed, 0 to remove and 26 not upgraded.
job-core	Install GH CLI	2026-02-19T16:58:55.0888947Z Need to get 13.8 MB of archives.
job-core	Install GH CLI	2026-02-19T16:58:55.0890655Z After this operation, 38.4 MB of additional disk space will be used.
job-core	Install GH CLI	2026-02-19T16:58:55.0893261Z Get:1 https://cli.github.com/packages stable/main amd64 gh amd64 2.87.0 [13.8 MB]
job-core	Install GH CLI	2026-02-19T16:58:56.0429588Z debconf: delaying package configuration, since apt-utils is not installed
job-core	Install GH CLI	2026-02-19T16:58:56.0862339Z Fetched 13.8 MB in 1s (15.4 MB/s)
job-core	Install GH CLI	2026-02-19T16:58:56.1124381Z Selecting previously unselected package gh.
job-core	Install GH CLI	2026-02-19T16:58:56.1162089Z (Reading database ... 
job-core	Install GH CLI	2026-02-19T16:58:56.1162395Z (Reading database ... 5%
job-core	Install GH CLI	2026-02-19T16:58:56.1162651Z (Reading database ... 10%
job-core	Install GH CLI	2026-02-19T16:58:56.1162897Z (Reading database ... 15%
job-core	Install GH CLI	2026-02-19T16:58:56.1163145Z (Reading database ... 20%
job-core	Install GH CLI	2026-02-19T16:58:56.1163396Z (Reading database ... 25%
job-core	Install GH CLI	2026-02-19T16:58:56.1163645Z (Reading database ... 30%
job-core	Install GH CLI	2026-02-19T16:58:56.1163897Z (Reading database ... 35%
job-core	Install GH CLI	2026-02-19T16:58:56.1164145Z (Reading database ... 40%
job-core	Install GH CLI	2026-02-19T16:58:56.1164391Z (Reading database ... 45%
job-core	Install GH CLI	2026-02-19T16:58:56.1164643Z (Reading database ... 50%
job-core	Install GH CLI	2026-02-19T16:58:56.1165330Z (Reading database ... 55%
job-core	Install GH CLI	2026-02-19T16:58:56.1165585Z (Reading database ... 60%
job-core	Install GH CLI	2026-02-19T16:58:56.1175620Z (Reading database ... 65%
job-core	Install GH CLI	2026-02-19T16:58:56.1192993Z (Reading database ... 70%
job-core	Install GH CLI	2026-02-19T16:58:56.1198760Z (Reading database ... 75%
job-core	Install GH CLI	2026-02-19T16:58:56.1211907Z (Reading database ... 80%
job-core	Install GH CLI	2026-02-19T16:58:56.1216845Z (Reading database ... 85%
job-core	Install GH CLI	2026-02-19T16:58:56.1227130Z (Reading database ... 90%
job-core	Install GH CLI	2026-02-19T16:58:56.1245620Z (Reading database ... 95%
job-core	Install GH CLI	2026-02-19T16:58:56.1245916Z (Reading database ... 100%
job-core	Install GH CLI	2026-02-19T16:58:56.1246299Z (Reading database ... 14385 files and directories currently installed.)
job-core	Install GH CLI	2026-02-19T16:58:56.1251519Z Preparing to unpack .../archives/gh_2.87.0_amd64.deb ...
job-core	Install GH CLI	2026-02-19T16:58:56.1284636Z Unpacking gh (2.87.0) ...
job-core	Install GH CLI	2026-02-19T16:58:56.3554690Z Setting up gh (2.87.0) ...
job-core	Set up Python	Ôªø2026-02-19T16:58:56.4401910Z ##[group]Run actions/setup-python@v4
job-core	Set up Python	2026-02-19T16:58:56.4402298Z with:
job-core	Set up Python	2026-02-19T16:58:56.4402539Z   python-version: 3.9
job-core	Set up Python	2026-02-19T16:58:56.4402825Z   check-latest: false
job-core	Set up Python	2026-02-19T16:58:56.4403259Z   token: ***
job-core	Set up Python	2026-02-19T16:58:56.4403519Z   update-environment: true
job-core	Set up Python	2026-02-19T16:58:56.4403833Z   allow-prereleases: false
job-core	Set up Python	2026-02-19T16:58:56.4404116Z env:
job-core	Set up Python	2026-02-19T16:58:56.4404334Z   PYTHON_VERSION: 3.9
job-core	Set up Python	2026-02-19T16:58:56.4405686Z   MONGO_SUPERUSER_CONNECTION: ***
job-core	Set up Python	2026-02-19T16:58:56.4406191Z   MONGO_NEW_PASS: ***
job-core	Set up Python	2026-02-19T16:58:56.4406592Z   MONGO_SCRIPT_CREATE: devops/core/mongo/scripts/add-doc-to-db.py
job-core	Set up Python	2026-02-19T16:58:56.4407047Z   KAOS_CODE: 22191542345
job-core	Set up Python	2026-02-19T16:58:56.4407371Z   KAOS_MODULE: [Ka0s] Autom add docs to MongoDB
job-core	Set up Python	2026-02-19T16:58:56.4407742Z   REPORT_SCAN: audit/
job-core	Set up Python	2026-02-19T16:58:56.4408022Z   REPORT_PATH: audit/mongodb/
job-core	Set up Python	2026-02-19T16:58:56.4408365Z   REPORT_FILENAME: mongo_setup_22191542345.json
job-core	Set up Python	2026-02-19T16:58:56.4408783Z   REPORT_FILENAME_LIST: mongo_list_22191542345.json
job-core	Set up Python	2026-02-19T16:58:56.4409260Z   REPORT_FILENAME_DB: mongo_create_db_22191542345.json
job-core	Set up Python	2026-02-19T16:58:56.4409651Z   GITHUB_OUTPUT: 
job-core	Set up Python	2026-02-19T16:58:56.4409898Z ##[endgroup]
job-core	Set up Python	2026-02-19T16:58:56.6380983Z ##[group]Installed versions
job-core	Set up Python	2026-02-19T16:58:56.6406777Z Version 3.9 was not found in the local cache
job-core	Set up Python	2026-02-19T16:58:57.8507997Z Version 3.9 is available for downloading
job-core	Set up Python	2026-02-19T16:58:57.8509786Z Download from "https://github.com/actions/python-versions/releases/download/3.9.25-19039189640/python-3.9.25-linux-24.04-x64.tar.gz"
job-core	Set up Python	2026-02-19T16:58:59.0971869Z Extract downloaded archive
job-core	Set up Python	2026-02-19T16:58:59.1070228Z [command]/usr/bin/tar xz --warning=no-unknown-keyword -C /home/runner/_work/_temp/80d51665-8eab-4dc3-888f-80e7394fe325 -f /home/runner/_work/_temp/cb6ba00f-d90e-45b9-b485-cc22420b0e49
job-core	Set up Python	2026-02-19T16:59:00.6292529Z Execute installation script
job-core	Set up Python	2026-02-19T16:59:00.6391831Z Check if Python hostedtoolcache folder exist...
job-core	Set up Python	2026-02-19T16:59:00.6392390Z Creating Python hostedtoolcache folder...
job-core	Set up Python	2026-02-19T16:59:00.6407487Z Create Python 3.9.25 folder
job-core	Set up Python	2026-02-19T16:59:00.6422320Z Copy Python binaries to hostedtoolcache folder
job-core	Set up Python	2026-02-19T16:59:01.5757835Z Create additional symlinks (Required for the UsePythonVersion Azure Pipelines task and the setup-python GitHub Action)
job-core	Set up Python	2026-02-19T16:59:01.5806864Z Upgrading pip...
job-core	Set up Python	2026-02-19T16:59:03.5640410Z Looking in links: /tmp/tmpo132lpps
job-core	Set up Python	2026-02-19T16:59:03.5644818Z Requirement already satisfied: setuptools in /home/runner/_work/_tool/Python/3.9.25/x64/lib/python3.9/site-packages (79.0.1)
job-core	Set up Python	2026-02-19T16:59:03.5650168Z Requirement already satisfied: pip in /home/runner/_work/_tool/Python/3.9.25/x64/lib/python3.9/site-packages (23.0.1)
job-core	Set up Python	2026-02-19T16:59:04.8413065Z Collecting pip
job-core	Set up Python	2026-02-19T16:59:04.9002486Z Downloading pip-26.0.1-py3-none-any.whl (1.8 MB)
job-core	Set up Python	2026-02-19T16:59:04.9687944Z ‚îÅ‚îÅ‚îÅ‚îÅ‚îÅ‚îÅ‚îÅ‚îÅ‚îÅ‚îÅ‚îÅ‚îÅ‚îÅ‚îÅ‚îÅ‚îÅ‚îÅ‚îÅ‚îÅ‚îÅ‚îÅ‚îÅ‚îÅ‚îÅ‚îÅ‚îÅ‚îÅ‚îÅ‚îÅ‚îÅ‚îÅ‚îÅ‚îÅ‚îÅ‚îÅ‚îÅ‚îÅ‚îÅ‚îÅ‚îÅ 1.8/1.8 MB 27.3 MB/s eta 0:00:00
job-core	Set up Python	2026-02-19T16:59:04.9688329Z 
job-core	Set up Python	2026-02-19T16:59:05.0362382Z Installing collected packages: pip
job-core	Set up Python	2026-02-19T16:59:05.0362999Z Attempting uninstall: pip
job-core	Set up Python	2026-02-19T16:59:05.0370996Z Found existing installation: pip 23.0.1
job-core	Set up Python	2026-02-19T16:59:05.3550184Z Uninstalling pip-23.0.1:
job-core	Set up Python	2026-02-19T16:59:05.3650176Z Successfully uninstalled pip-23.0.1
job-core	Set up Python	2026-02-19T16:59:06.2392064Z Successfully installed pip-26.0.1
job-core	Set up Python	2026-02-19T16:59:06.3180604Z Create complete file
job-core	Set up Python	2026-02-19T16:59:06.3221925Z Successfully set up CPython (3.9.25)
job-core	Set up Python	2026-02-19T16:59:06.3223141Z ##[endgroup]
job-core	Install dependencies	Ôªø2026-02-19T16:59:06.3410883Z ##[group]Run pip install pymongo
job-core	Install dependencies	2026-02-19T16:59:06.3411249Z [36;1mpip install pymongo[0m
job-core	Install dependencies	2026-02-19T16:59:06.3428600Z shell: /usr/bin/bash -e {0}
job-core	Install dependencies	2026-02-19T16:59:06.3429214Z env:
job-core	Install dependencies	2026-02-19T16:59:06.3429421Z   PYTHON_VERSION: 3.9
job-core	Install dependencies	2026-02-19T16:59:06.3430449Z   MONGO_SUPERUSER_CONNECTION: ***
job-core	Install dependencies	2026-02-19T16:59:06.3430897Z   MONGO_NEW_PASS: ***
job-core	Install dependencies	2026-02-19T16:59:06.3431231Z   MONGO_SCRIPT_CREATE: devops/core/mongo/scripts/add-doc-to-db.py
job-core	Install dependencies	2026-02-19T16:59:06.3431615Z   KAOS_CODE: 22191542345
job-core	Install dependencies	2026-02-19T16:59:06.3431886Z   KAOS_MODULE: [Ka0s] Autom add docs to MongoDB
job-core	Install dependencies	2026-02-19T16:59:06.3432197Z   REPORT_SCAN: audit/
job-core	Install dependencies	2026-02-19T16:59:06.3432431Z   REPORT_PATH: audit/mongodb/
job-core	Install dependencies	2026-02-19T16:59:06.3432720Z   REPORT_FILENAME: mongo_setup_22191542345.json
job-core	Install dependencies	2026-02-19T16:59:06.3433072Z   REPORT_FILENAME_LIST: mongo_list_22191542345.json
job-core	Install dependencies	2026-02-19T16:59:06.3433448Z   REPORT_FILENAME_DB: mongo_create_db_22191542345.json
job-core	Install dependencies	2026-02-19T16:59:06.3433772Z   GITHUB_OUTPUT: 
job-core	Install dependencies	2026-02-19T16:59:06.3434074Z   pythonLocation: /home/runner/_work/_tool/Python/3.9.25/x64
job-core	Install dependencies	2026-02-19T16:59:06.3434615Z   PKG_CONFIG_PATH: /home/runner/_work/_tool/Python/3.9.25/x64/lib/pkgconfig
job-core	Install dependencies	2026-02-19T16:59:06.3435334Z   Python_ROOT_DIR: /home/runner/_work/_tool/Python/3.9.25/x64
job-core	Install dependencies	2026-02-19T16:59:06.3435783Z   Python2_ROOT_DIR: /home/runner/_work/_tool/Python/3.9.25/x64
job-core	Install dependencies	2026-02-19T16:59:06.3436224Z   Python3_ROOT_DIR: /home/runner/_work/_tool/Python/3.9.25/x64
job-core	Install dependencies	2026-02-19T16:59:06.3436671Z   LD_LIBRARY_PATH: /home/runner/_work/_tool/Python/3.9.25/x64/lib
job-core	Install dependencies	2026-02-19T16:59:06.3437037Z ##[endgroup]
job-core	Install dependencies	2026-02-19T16:59:07.1989638Z Collecting pymongo
job-core	Install dependencies	2026-02-19T16:59:07.2555161Z   Downloading pymongo-4.16.0-cp39-cp39-manylinux2014_x86_64.manylinux_2_17_x86_64.manylinux_2_28_x86_64.whl.metadata (10.0 kB)
job-core	Install dependencies	2026-02-19T16:59:07.2861525Z Collecting dnspython<3.0.0,>=2.6.1 (from pymongo)
job-core	Install dependencies	2026-02-19T16:59:07.2917677Z   Downloading dnspython-2.7.0-py3-none-any.whl.metadata (5.8 kB)
job-core	Install dependencies	2026-02-19T16:59:07.3077336Z Downloading pymongo-4.16.0-cp39-cp39-manylinux2014_x86_64.manylinux_2_17_x86_64.manylinux_2_28_x86_64.whl (947 kB)
job-core	Install dependencies	2026-02-19T16:59:07.3449283Z    ‚îÅ‚îÅ‚îÅ‚îÅ‚îÅ‚îÅ‚îÅ‚îÅ‚îÅ‚îÅ‚îÅ‚îÅ‚îÅ‚îÅ‚îÅ‚îÅ‚îÅ‚îÅ‚îÅ‚îÅ‚îÅ‚îÅ‚îÅ‚îÅ‚îÅ‚îÅ‚îÅ‚îÅ‚îÅ‚îÅ‚îÅ‚îÅ‚îÅ‚îÅ‚îÅ‚îÅ‚îÅ‚îÅ‚îÅ‚îÅ 947.2/947.2 kB 38.0 MB/s  0:00:00
job-core	Install dependencies	2026-02-19T16:59:07.3512694Z Downloading dnspython-2.7.0-py3-none-any.whl (313 kB)
job-core	Install dependencies	2026-02-19T16:59:07.3995449Z Installing collected packages: dnspython, pymongo
job-core	Install dependencies	2026-02-19T16:59:07.9487196Z 
job-core	Install dependencies	2026-02-19T16:59:07.9506538Z Successfully installed dnspython-2.7.0 pymongo-4.16.0
job-core	Create database MongoDB	Ôªø2026-02-19T16:59:08.1600441Z ##[group]Run python devops/core/mongo/scripts/add-doc-to-db.py
job-core	Create database MongoDB	2026-02-19T16:59:08.1600961Z [36;1mpython devops/core/mongo/scripts/add-doc-to-db.py[0m
job-core	Create database MongoDB	2026-02-19T16:59:08.1601409Z [36;1mecho "Downloading files to MongoDB update repository ..."[0m
job-core	Create database MongoDB	2026-02-19T16:59:08.1601937Z [36;1mgit config --global user.name "***"[0m
job-core	Create database MongoDB	2026-02-19T16:59:08.1602309Z [36;1mgit config --global user.email "***"[0m
job-core	Create database MongoDB	2026-02-19T16:59:08.1602602Z [36;1mgit pull[0m
job-core	Create database MongoDB	2026-02-19T16:59:08.1602913Z [36;1mecho "[Ka0s] Uploading files to MongoDB update repository ..."[0m
job-core	Create database MongoDB	2026-02-19T16:59:08.1603297Z [36;1mgit add audit/[0m
job-core	Create database MongoDB	2026-02-19T16:59:08.1603749Z [36;1mgit commit -m "[Ka0S] Uploading Autom add docs to MongoDB..." || echo "No changes to commit"[0m
job-core	Create database MongoDB	2026-02-19T16:59:08.1604235Z [36;1mMAX_RETRIES=3[0m
job-core	Create database MongoDB	2026-02-19T16:59:08.1604453Z [36;1mCOUNT=0[0m
job-core	Create database MongoDB	2026-02-19T16:59:08.1604760Z [36;1muntil git push origin refs/heads/main --force-with-lease; do[0m
job-core	Create database MongoDB	2026-02-19T16:59:08.1605374Z [36;1m  COUNT=$((COUNT+1))[0m
job-core	Create database MongoDB	2026-02-19T16:59:08.1606059Z [36;1m  if [ $COUNT -ge $MAX_RETRIES ]; then[0m
job-core	Create database MongoDB	2026-02-19T16:59:08.1606472Z [36;1m    echo "‚ùå Error: git push failed after $MAX_RETRIES attempts."[0m
job-core	Create database MongoDB	2026-02-19T16:59:08.1606852Z [36;1m    exit 1[0m
job-core	Create database MongoDB	2026-02-19T16:59:08.1607051Z [36;1m  fi[0m
job-core	Create database MongoDB	2026-02-19T16:59:08.1607341Z [36;1m  echo "‚ö†Ô∏è git push failed, retrying ($COUNT/$MAX_RETRIES)..."[0m
job-core	Create database MongoDB	2026-02-19T16:59:08.1607704Z [36;1m  git pull[0m
job-core	Create database MongoDB	2026-02-19T16:59:08.1607906Z [36;1m  sleep 2[0m
job-core	Create database MongoDB	2026-02-19T16:59:08.1608106Z [36;1mdone[0m
job-core	Create database MongoDB	2026-02-19T16:59:08.1622704Z shell: /usr/bin/bash -e {0}
job-core	Create database MongoDB	2026-02-19T16:59:08.1622982Z env:
job-core	Create database MongoDB	2026-02-19T16:59:08.1623182Z   PYTHON_VERSION: 3.9
job-core	Create database MongoDB	2026-02-19T16:59:08.1623972Z   MONGO_SUPERUSER_CONNECTION: ***
job-core	Create database MongoDB	2026-02-19T16:59:08.1624377Z   MONGO_NEW_PASS: ***
job-core	Create database MongoDB	2026-02-19T16:59:08.1624708Z   MONGO_SCRIPT_CREATE: devops/core/mongo/scripts/add-doc-to-db.py
job-core	Create database MongoDB	2026-02-19T16:59:08.1625346Z   KAOS_CODE: 22191542345
job-core	Create database MongoDB	2026-02-19T16:59:08.1625728Z   KAOS_MODULE: [Ka0s] Autom add docs to MongoDB
job-core	Create database MongoDB	2026-02-19T16:59:08.1626025Z   REPORT_SCAN: audit/
job-core	Create database MongoDB	2026-02-19T16:59:08.1626257Z   REPORT_PATH: audit/mongodb/
job-core	Create database MongoDB	2026-02-19T16:59:08.1626531Z   REPORT_FILENAME: mongo_setup_22191542345.json
job-core	Create database MongoDB	2026-02-19T16:59:08.1626863Z   REPORT_FILENAME_LIST: mongo_list_22191542345.json
job-core	Create database MongoDB	2026-02-19T16:59:08.1627214Z   REPORT_FILENAME_DB: mongo_create_db_22191542345.json
job-core	Create database MongoDB	2026-02-19T16:59:08.1627523Z   GITHUB_OUTPUT: 
job-core	Create database MongoDB	2026-02-19T16:59:08.1627812Z   pythonLocation: /home/runner/_work/_tool/Python/3.9.25/x64
job-core	Create database MongoDB	2026-02-19T16:59:08.1628273Z   PKG_CONFIG_PATH: /home/runner/_work/_tool/Python/3.9.25/x64/lib/pkgconfig
job-core	Create database MongoDB	2026-02-19T16:59:08.1628747Z   Python_ROOT_DIR: /home/runner/_work/_tool/Python/3.9.25/x64
job-core	Create database MongoDB	2026-02-19T16:59:08.1629163Z   Python2_ROOT_DIR: /home/runner/_work/_tool/Python/3.9.25/x64
job-core	Create database MongoDB	2026-02-19T16:59:08.1629582Z   Python3_ROOT_DIR: /home/runner/_work/_tool/Python/3.9.25/x64
job-core	Create database MongoDB	2026-02-19T16:59:08.1630002Z   LD_LIBRARY_PATH: /home/runner/_work/_tool/Python/3.9.25/x64/lib
job-core	Create database MongoDB	2026-02-19T16:59:08.1630611Z ##[endgroup]
job-core	Create database MongoDB	2026-02-19T16:59:08.5042581Z [DEBUG] Procesamos el directorio: audit/
job-core	Create database MongoDB	2026-02-19T16:59:08.5043061Z [DEBUG] Procesamos el directorio: audit/
job-core	Create database MongoDB	2026-02-19T16:59:08.5043387Z [DEBUG] Comprobamos el nombre DB: kaos
job-core	Create database MongoDB	2026-02-19T16:59:08.5043709Z [DEBUG] Extensiones procesadas: {'md'}
job-core	Create database MongoDB	2026-02-19T16:59:08.5044040Z [DEBUG] Tipo de ext: <class 'str'>, Valor: md
job-core	Create database MongoDB	2026-02-19T16:59:08.5044650Z [DEBUG] Creando colecci√≥n: col_md
job-core	Create database MongoDB	2026-02-19T16:59:08.5044960Z [DEBUG] Procesamos el directorio: audit/
job-core	Create database MongoDB	2026-02-19T16:59:08.5048659Z [DEBUG] Comprobamos el nombre DB: workflows
job-core	Create database MongoDB	2026-02-19T16:59:08.5049001Z [DEBUG] Extensiones procesadas: {'md'}
job-core	Create database MongoDB	2026-02-19T16:59:08.5049904Z [DEBUG] Tipo de ext: <class 'str'>, Valor: md
job-core	Create database MongoDB	2026-02-19T16:59:08.5050339Z [DEBUG] Creando colecci√≥n: col_md
job-core	Create database MongoDB	2026-02-19T16:59:08.5050641Z [DEBUG] Procesamos el directorio: audit/
job-core	Create database MongoDB	2026-02-19T16:59:08.5050967Z [DEBUG] Comprobamos el nombre DB: inspector
job-core	Create database MongoDB	2026-02-19T16:59:08.5051330Z [DEBUG] Extensiones procesadas: {'json', 'log', 'md'}
job-core	Create database MongoDB	2026-02-19T16:59:08.5051708Z [DEBUG] Tipo de ext: <class 'str'>, Valor: json
job-core	Create database MongoDB	2026-02-19T16:59:08.5052502Z [DEBUG] Creando colecci√≥n: col_json
job-core	Create database MongoDB	2026-02-19T16:59:08.5052823Z [DEBUG] Tipo de ext: <class 'str'>, Valor: log
job-core	Create database MongoDB	2026-02-19T16:59:08.5053193Z [DEBUG] Creando colecci√≥n: col_log
job-core	Create database MongoDB	2026-02-19T16:59:08.5053501Z [DEBUG] Tipo de ext: <class 'str'>, Valor: md
job-core	Create database MongoDB	2026-02-19T16:59:08.5053867Z [DEBUG] Creando colecci√≥n: col_md
job-core	Create database MongoDB	2026-02-19T16:59:08.5054163Z [DEBUG] Procesamos el directorio: audit/
job-core	Create database MongoDB	2026-02-19T16:59:08.5054491Z [DEBUG] Comprobamos el nombre DB: execution
job-core	Create database MongoDB	2026-02-19T16:59:08.5054811Z [DEBUG] Extensiones procesadas: {'md'}
job-core	Create database MongoDB	2026-02-19T16:59:08.5056005Z [DEBUG] Tipo de ext: <class 'str'>, Valor: md
job-core	Create database MongoDB	2026-02-19T16:59:08.5056408Z [DEBUG] Creando colecci√≥n: col_md
job-core	Create database MongoDB	2026-02-19T16:59:08.5056708Z [DEBUG] Procesamos el directorio: audit/
job-core	Create database MongoDB	2026-02-19T16:59:08.5057024Z [DEBUG] Comprobamos el nombre DB: trash
job-core	Create database MongoDB	2026-02-19T16:59:08.5057335Z [DEBUG] Extensiones procesadas: {'md'}
job-core	Create database MongoDB	2026-02-19T16:59:08.5057652Z [DEBUG] Tipo de ext: <class 'str'>, Valor: md
job-core	Create database MongoDB	2026-02-19T16:59:08.5058009Z [DEBUG] Creando colecci√≥n: col_md
job-core	Create database MongoDB	2026-02-19T16:59:08.5058320Z [DEBUG] Procesamos el directorio: audit/
job-core	Create database MongoDB	2026-02-19T16:59:08.5058640Z [DEBUG] Comprobamos el nombre DB: eresults
job-core	Create database MongoDB	2026-02-19T16:59:08.5058958Z [DEBUG] Extensiones procesadas: {'md'}
job-core	Create database MongoDB	2026-02-19T16:59:08.5059277Z [DEBUG] Tipo de ext: <class 'str'>, Valor: md
job-core	Create database MongoDB	2026-02-19T16:59:08.5059636Z [DEBUG] Creando colecci√≥n: col_md
job-core	Create database MongoDB	2026-02-19T16:59:08.5059929Z [DEBUG] Procesamos el directorio: audit/
job-core	Create database MongoDB	2026-02-19T16:59:08.5060237Z [DEBUG] Comprobamos el nombre DB: scan
job-core	Create database MongoDB	2026-02-19T16:59:08.5060589Z [DEBUG] Extensiones procesadas: {'md'}
job-core	Create database MongoDB	2026-02-19T16:59:08.5060908Z [DEBUG] Tipo de ext: <class 'str'>, Valor: md
job-core	Create database MongoDB	2026-02-19T16:59:08.5061280Z [DEBUG] Creando colecci√≥n: col_md
job-core	Create database MongoDB	2026-02-19T16:59:08.5061577Z [DEBUG] Procesamos el directorio: audit/
job-core	Create database MongoDB	2026-02-19T16:59:08.5061895Z [DEBUG] Comprobamos el nombre DB: deploy
job-core	Create database MongoDB	2026-02-19T16:59:08.5062210Z [DEBUG] Extensiones procesadas: {'md'}
job-core	Create database MongoDB	2026-02-19T16:59:08.5062526Z [DEBUG] Tipo de ext: <class 'str'>, Valor: md
job-core	Create database MongoDB	2026-02-19T16:59:08.5062884Z [DEBUG] Creando colecci√≥n: col_md
job-core	Create database MongoDB	2026-02-19T16:59:08.5063190Z [DEBUG] Procesamos el directorio: audit/
job-core	Create database MongoDB	2026-02-19T16:59:08.5063504Z [DEBUG] Comprobamos el nombre DB: kube
job-core	Create database MongoDB	2026-02-19T16:59:08.5063854Z [DEBUG] Extensiones procesadas: {'html', 'json', 'md'}
job-core	Create database MongoDB	2026-02-19T16:59:08.5072107Z [DEBUG] Tipo de ext: <class 'str'>, Valor: html
job-core	Create database MongoDB	2026-02-19T16:59:08.5072674Z [DEBUG] Creando colecci√≥n: col_html
job-core	Create database MongoDB	2026-02-19T16:59:08.5073007Z [DEBUG] Tipo de ext: <class 'str'>, Valor: json
job-core	Create database MongoDB	2026-02-19T16:59:08.5073383Z [DEBUG] Creando colecci√≥n: col_json
job-core	Create database MongoDB	2026-02-19T16:59:08.5073693Z [DEBUG] Tipo de ext: <class 'str'>, Valor: md
job-core	Create database MongoDB	2026-02-19T16:59:08.5074070Z [DEBUG] Creando colecci√≥n: col_md
job-core	Create database MongoDB	2026-02-19T16:59:08.5074370Z [DEBUG] Procesamos el directorio: audit/
job-core	Create database MongoDB	2026-02-19T16:59:08.5074684Z [DEBUG] Comprobamos el nombre DB: sync
job-core	Create database MongoDB	2026-02-19T16:59:08.5075245Z [DEBUG] Extensiones procesadas: {'json', 'md'}
job-core	Create database MongoDB	2026-02-19T16:59:08.5075612Z [DEBUG] Tipo de ext: <class 'str'>, Valor: json
job-core	Create database MongoDB	2026-02-19T16:59:08.5075994Z [DEBUG] Creando colecci√≥n: col_json
job-core	Create database MongoDB	2026-02-19T16:59:08.5076319Z [DEBUG] Tipo de ext: <class 'str'>, Valor: md
job-core	Create database MongoDB	2026-02-19T16:59:08.5076678Z [DEBUG] Creando colecci√≥n: col_md
job-core	Create database MongoDB	2026-02-19T16:59:08.5076975Z [DEBUG] Procesamos el directorio: audit/
job-core	Create database MongoDB	2026-02-19T16:59:08.5077295Z [DEBUG] Comprobamos el nombre DB: issues
job-core	Create database MongoDB	2026-02-19T16:59:08.5077605Z [DEBUG] Extensiones procesadas: {'md'}
job-core	Create database MongoDB	2026-02-19T16:59:08.5077926Z [DEBUG] Tipo de ext: <class 'str'>, Valor: md
job-core	Create database MongoDB	2026-02-19T16:59:08.5078289Z [DEBUG] Creando colecci√≥n: col_md
job-core	Create database MongoDB	2026-02-19T16:59:08.5078585Z [DEBUG] Procesamos el directorio: audit/
job-core	Create database MongoDB	2026-02-19T16:59:08.5078908Z [DEBUG] Comprobamos el nombre DB: jsonlint
job-core	Create database MongoDB	2026-02-19T16:59:08.5079654Z [DEBUG] Extensiones procesadas: {'md'}
job-core	Create database MongoDB	2026-02-19T16:59:08.5079971Z [DEBUG] Tipo de ext: <class 'str'>, Valor: md
job-core	Create database MongoDB	2026-02-19T16:59:08.5080339Z [DEBUG] Creando colecci√≥n: col_md
job-core	Create database MongoDB	2026-02-19T16:59:08.5080635Z [DEBUG] Procesamos el directorio: audit/
job-core	Create database MongoDB	2026-02-19T16:59:08.5080956Z [DEBUG] Comprobamos el nombre DB: yamllint
job-core	Create database MongoDB	2026-02-19T16:59:08.5081277Z [DEBUG] Extensiones procesadas: {'md'}
job-core	Create database MongoDB	2026-02-19T16:59:08.5081882Z [DEBUG] Tipo de ext: <class 'str'>, Valor: md
job-core	Create database MongoDB	2026-02-19T16:59:08.5082255Z [DEBUG] Creando colecci√≥n: col_md
job-core	Create database MongoDB	2026-02-19T16:59:08.5082557Z [DEBUG] Procesamos el directorio: audit/
job-core	Create database MongoDB	2026-02-19T16:59:08.5082873Z [DEBUG] Comprobamos el nombre DB: itop
job-core	Create database MongoDB	2026-02-19T16:59:08.5083183Z [DEBUG] Extensiones procesadas: {'md'}
job-core	Create database MongoDB	2026-02-19T16:59:08.5083513Z [DEBUG] Tipo de ext: <class 'str'>, Valor: md
job-core	Create database MongoDB	2026-02-19T16:59:08.5083877Z [DEBUG] Creando colecci√≥n: col_md
job-core	Create database MongoDB	2026-02-19T16:59:08.5084173Z [DEBUG] Procesamos el directorio: audit/
job-core	Create database MongoDB	2026-02-19T16:59:08.5084508Z [DEBUG] Comprobamos el nombre DB: mongodb
job-core	Create database MongoDB	2026-02-19T16:59:08.5084845Z [DEBUG] Extensiones procesadas: {'json', 'md'}
job-core	Create database MongoDB	2026-02-19T16:59:08.5085455Z [DEBUG] Tipo de ext: <class 'str'>, Valor: json
job-core	Create database MongoDB	2026-02-19T16:59:08.5085847Z [DEBUG] Creando colecci√≥n: col_json
job-core	Create database MongoDB	2026-02-19T16:59:08.5086159Z [DEBUG] Tipo de ext: <class 'str'>, Valor: md
job-core	Create database MongoDB	2026-02-19T16:59:08.5086523Z [DEBUG] Creando colecci√≥n: col_md
job-core	Create database MongoDB	2026-02-19T16:59:08.5086822Z [DEBUG] Procesamos el directorio: audit/
job-core	Create database MongoDB	2026-02-19T16:59:08.5087149Z [DEBUG] Comprobamos el nombre DB: hosts
job-core	Create database MongoDB	2026-02-19T16:59:08.5087454Z [DEBUG] Extensiones procesadas: {'md'}
job-core	Create database MongoDB	2026-02-19T16:59:08.5087773Z [DEBUG] Tipo de ext: <class 'str'>, Valor: md
job-core	Create database MongoDB	2026-02-19T16:59:08.5088132Z [DEBUG] Creando colecci√≥n: col_md
job-core	Create database MongoDB	2026-02-19T16:59:08.5088429Z [DEBUG] Procesamos el directorio: audit/
job-core	Create database MongoDB	2026-02-19T16:59:08.5088743Z [DEBUG] Comprobamos el nombre DB: mdlint
job-core	Create database MongoDB	2026-02-19T16:59:08.5089054Z [DEBUG] Extensiones procesadas: {'md'}
job-core	Create database MongoDB	2026-02-19T16:59:08.5089374Z [DEBUG] Tipo de ext: <class 'str'>, Valor: md
job-core	Create database MongoDB	2026-02-19T16:59:08.5089747Z [DEBUG] Creando colecci√≥n: col_md
job-core	Create database MongoDB	2026-02-19T16:59:08.5090038Z [DEBUG] Archivos eliminados en: audit/
job-core	Create database MongoDB	2026-02-19T16:59:08.5090436Z ‚úÖ Proceso completado: 31 documentos insertados
job-core	Create database MongoDB	2026-02-19T16:59:08.8665249Z Downloading files to MongoDB update repository ...
job-core	Create database MongoDB	2026-02-19T16:59:09.4928880Z Already up to date.
job-core	Create database MongoDB	2026-02-19T16:59:09.4936772Z [Ka0s] Uploading files to MongoDB update repository ...
job-core	Create database MongoDB	2026-02-19T16:59:09.6198805Z [main 5f1b73abe] [Ka0S] Uploading Autom add docs to MongoDB...
job-core	Create database MongoDB	2026-02-19T16:59:09.6199276Z  84 files changed, 58141 deletions(-)
job-core	Create database MongoDB	2026-02-19T16:59:09.6199607Z  delete mode 100644 audit/inspector/22189120550.json
job-core	Create database MongoDB	2026-02-19T16:59:09.6199972Z  delete mode 100644 audit/inspector/22189120550.log
job-core	Create database MongoDB	2026-02-19T16:59:09.6200335Z  delete mode 100644 audit/inspector/22189214818.json
job-core	Create database MongoDB	2026-02-19T16:59:09.6200686Z  delete mode 100644 audit/inspector/22189214818.log
job-core	Create database MongoDB	2026-02-19T16:59:09.6201043Z  delete mode 100644 audit/inspector/22189287646.json
job-core	Create database MongoDB	2026-02-19T16:59:09.6201399Z  delete mode 100644 audit/inspector/22189287646.log
job-core	Create database MongoDB	2026-02-19T16:59:09.6201795Z  delete mode 100644 audit/inspector/22189300997.json
job-core	Create database MongoDB	2026-02-19T16:59:09.6202145Z  delete mode 100644 audit/inspector/22189300997.log
job-core	Create database MongoDB	2026-02-19T16:59:09.6202501Z  delete mode 100644 audit/inspector/22189348599.json
job-core	Create database MongoDB	2026-02-19T16:59:09.6202857Z  delete mode 100644 audit/inspector/22189348599.log
job-core	Create database MongoDB	2026-02-19T16:59:09.6203212Z  delete mode 100644 audit/inspector/22189390098.json
job-core	Create database MongoDB	2026-02-19T16:59:09.6203576Z  delete mode 100644 audit/inspector/22189390098.log
job-core	Create database MongoDB	2026-02-19T16:59:09.6203927Z  delete mode 100644 audit/inspector/22189636852.json
job-core	Create database MongoDB	2026-02-19T16:59:09.6204278Z  delete mode 100644 audit/inspector/22189636852.log
job-core	Create database MongoDB	2026-02-19T16:59:09.6204623Z  delete mode 100644 audit/inspector/22189769555.json
job-core	Create database MongoDB	2026-02-19T16:59:09.6205316Z  delete mode 100644 audit/inspector/22189769555.log
job-core	Create database MongoDB	2026-02-19T16:59:09.6205823Z  delete mode 100644 audit/inspector/22190817270.json
job-core	Create database MongoDB	2026-02-19T16:59:09.6206174Z  delete mode 100644 audit/inspector/22190817270.log
job-core	Create database MongoDB	2026-02-19T16:59:09.6207044Z  delete mode 100644 audit/inspector/22190856310.json
job-core	Create database MongoDB	2026-02-19T16:59:09.6207400Z  delete mode 100644 audit/inspector/22190856310.log
job-core	Create database MongoDB	2026-02-19T16:59:09.6207755Z  delete mode 100644 audit/inspector/22190877364.json
job-core	Create database MongoDB	2026-02-19T16:59:09.6208245Z  delete mode 100644 audit/inspector/22190877364.log
job-core	Create database MongoDB	2026-02-19T16:59:09.6208814Z  delete mode 100755 audit/kube/cluster-dashboard-20260218-231919.html
job-core	Create database MongoDB	2026-02-19T16:59:09.6209589Z  delete mode 100755 audit/kube/cluster-dashboard-20260218-232053.html
job-core	Create database MongoDB	2026-02-19T16:59:09.6210225Z  delete mode 100755 audit/kube/cluster-dashboard-20260219-011006.html
job-core	Create database MongoDB	2026-02-19T16:59:09.6210865Z  delete mode 100755 audit/kube/cluster-dashboard-20260219-011235.html
job-core	Create database MongoDB	2026-02-19T16:59:09.6211377Z  delete mode 100755 audit/kube/cluster-dashboard-20260219-040917.html
job-core	Create database MongoDB	2026-02-19T16:59:09.6211883Z  delete mode 100755 audit/kube/cluster-dashboard-20260219-041054.html
job-core	Create database MongoDB	2026-02-19T16:59:09.6212391Z  delete mode 100755 audit/kube/cluster-dashboard-20260219-055201.html
job-core	Create database MongoDB	2026-02-19T16:59:09.6212903Z  delete mode 100755 audit/kube/cluster-dashboard-20260219-055331.html
job-core	Create database MongoDB	2026-02-19T16:59:09.6213415Z  delete mode 100755 audit/kube/cluster-dashboard-20260219-064645.html
job-core	Create database MongoDB	2026-02-19T16:59:09.6213934Z  delete mode 100755 audit/kube/cluster-dashboard-20260219-064811.html
job-core	Create database MongoDB	2026-02-19T16:59:09.6214447Z  delete mode 100755 audit/kube/cluster-dashboard-20260219-074205.html
job-core	Create database MongoDB	2026-02-19T16:59:09.6214961Z  delete mode 100755 audit/kube/cluster-dashboard-20260219-074330.html
job-core	Create database MongoDB	2026-02-19T16:59:09.6215598Z  delete mode 100755 audit/kube/cluster-dashboard-20260219-083113.html
job-core	Create database MongoDB	2026-02-19T16:59:09.6216215Z  delete mode 100755 audit/kube/cluster-dashboard-20260219-083244.html
job-core	Create database MongoDB	2026-02-19T16:59:09.6216707Z  delete mode 100755 audit/kube/cluster-dashboard-20260219-093442.html
job-core	Create database MongoDB	2026-02-19T16:59:09.6217197Z  delete mode 100755 audit/kube/cluster-dashboard-20260219-093630.html
job-core	Create database MongoDB	2026-02-19T16:59:09.6217692Z  delete mode 100755 audit/kube/cluster-dashboard-20260219-103238.html
job-core	Create database MongoDB	2026-02-19T16:59:09.6218193Z  delete mode 100755 audit/kube/cluster-dashboard-20260219-103418.html
job-core	Create database MongoDB	2026-02-19T16:59:09.6218698Z  delete mode 100755 audit/kube/cluster-dashboard-20260219-113047.html
job-core	Create database MongoDB	2026-02-19T16:59:09.6219194Z  delete mode 100755 audit/kube/cluster-dashboard-20260219-113238.html
job-core	Create database MongoDB	2026-02-19T16:59:09.6219691Z  delete mode 100755 audit/kube/cluster-dashboard-20260219-123730.html
job-core	Create database MongoDB	2026-02-19T16:59:09.6220189Z  delete mode 100755 audit/kube/cluster-dashboard-20260219-123917.html
job-core	Create database MongoDB	2026-02-19T16:59:09.6220691Z  delete mode 100755 audit/kube/cluster-dashboard-20260219-140141.html
job-core	Create database MongoDB	2026-02-19T16:59:09.6221178Z  delete mode 100755 audit/kube/cluster-dashboard-20260219-140359.html
job-core	Create database MongoDB	2026-02-19T16:59:09.6221671Z  delete mode 100755 audit/kube/cluster-dashboard-20260219-153738.html
job-core	Create database MongoDB	2026-02-19T16:59:09.6222166Z  delete mode 100755 audit/kube/cluster-dashboard-20260219-154120.html
job-core	Create database MongoDB	2026-02-19T16:59:09.6222661Z  delete mode 100755 audit/kube/cluster-dashboard-20260219-163922.html
job-core	Create database MongoDB	2026-02-19T16:59:09.6223157Z  delete mode 100755 audit/kube/cluster-dashboard-20260219-164110.html
job-core	Create database MongoDB	2026-02-19T16:59:09.6223647Z  delete mode 100755 audit/kube/cluster-report-20260218-231919.md
job-core	Create database MongoDB	2026-02-19T16:59:09.6224104Z  delete mode 100755 audit/kube/cluster-report-20260218-232053.md
job-core	Create database MongoDB	2026-02-19T16:59:09.6224558Z  delete mode 100755 audit/kube/cluster-report-20260219-011006.md
job-core	Create database MongoDB	2026-02-19T16:59:09.6225226Z  delete mode 100755 audit/kube/cluster-report-20260219-011235.md
job-core	Create database MongoDB	2026-02-19T16:59:09.6225828Z  delete mode 100755 audit/kube/cluster-report-20260219-040917.md
job-core	Create database MongoDB	2026-02-19T16:59:09.6226289Z  delete mode 100755 audit/kube/cluster-report-20260219-041054.md
job-core	Create database MongoDB	2026-02-19T16:59:09.6226740Z  delete mode 100755 audit/kube/cluster-report-20260219-055201.md
job-core	Create database MongoDB	2026-02-19T16:59:09.6227192Z  delete mode 100755 audit/kube/cluster-report-20260219-055331.md
job-core	Create database MongoDB	2026-02-19T16:59:09.6234524Z  delete mode 100755 audit/kube/cluster-report-20260219-064645.md
job-core	Create database MongoDB	2026-02-19T16:59:09.6235257Z  delete mode 100755 audit/kube/cluster-report-20260219-064811.md
job-core	Create database MongoDB	2026-02-19T16:59:09.6235853Z  delete mode 100755 audit/kube/cluster-report-20260219-074205.md
job-core	Create database MongoDB	2026-02-19T16:59:09.6236620Z  delete mode 100755 audit/kube/cluster-report-20260219-074330.md
job-core	Create database MongoDB	2026-02-19T16:59:09.6237076Z  delete mode 100755 audit/kube/cluster-report-20260219-083113.md
job-core	Create database MongoDB	2026-02-19T16:59:09.6237558Z  delete mode 100755 audit/kube/cluster-report-20260219-083244.md
job-core	Create database MongoDB	2026-02-19T16:59:09.6238011Z  delete mode 100755 audit/kube/cluster-report-20260219-093442.md
job-core	Create database MongoDB	2026-02-19T16:59:09.6238667Z  delete mode 100755 audit/kube/cluster-report-20260219-093630.md
job-core	Create database MongoDB	2026-02-19T16:59:09.6239120Z  delete mode 100755 audit/kube/cluster-report-20260219-103238.md
job-core	Create database MongoDB	2026-02-19T16:59:09.6239842Z  delete mode 100755 audit/kube/cluster-report-20260219-103418.md
job-core	Create database MongoDB	2026-02-19T16:59:09.6240826Z  delete mode 100755 audit/kube/cluster-report-20260219-113047.md
job-core	Create database MongoDB	2026-02-19T16:59:09.6241272Z  delete mode 100755 audit/kube/cluster-report-20260219-113238.md
job-core	Create database MongoDB	2026-02-19T16:59:09.6241723Z  delete mode 100755 audit/kube/cluster-report-20260219-123730.md
job-core	Create database MongoDB	2026-02-19T16:59:09.6242175Z  delete mode 100755 audit/kube/cluster-report-20260219-123917.md
job-core	Create database MongoDB	2026-02-19T16:59:09.6242630Z  delete mode 100755 audit/kube/cluster-report-20260219-140141.md
job-core	Create database MongoDB	2026-02-19T16:59:09.6243079Z  delete mode 100755 audit/kube/cluster-report-20260219-140359.md
job-core	Create database MongoDB	2026-02-19T16:59:09.6243530Z  delete mode 100755 audit/kube/cluster-report-20260219-153738.md
job-core	Create database MongoDB	2026-02-19T16:59:09.6243980Z  delete mode 100755 audit/kube/cluster-report-20260219-154120.md
job-core	Create database MongoDB	2026-02-19T16:59:09.6244435Z  delete mode 100755 audit/kube/cluster-report-20260219-163922.md
job-core	Create database MongoDB	2026-02-19T16:59:09.6244881Z  delete mode 100755 audit/kube/cluster-report-20260219-164110.md
job-core	Create database MongoDB	2026-02-19T16:59:09.6245570Z  delete mode 100755 audit/kube/failed_pods.json
job-core	Create database MongoDB	2026-02-19T16:59:09.6246045Z  delete mode 100644 audit/mongodb/22189300997.json
job-core	Create database MongoDB	2026-02-19T16:59:09.6246435Z  delete mode 100644 audit/sync/20260219_155836_R-000170_4170.json
job-core	Create database MongoDB	2026-02-19T16:59:09.6246871Z  delete mode 100644 audit/sync/20260219_160127_R-000170_4170.json
job-core	Create database MongoDB	2026-02-19T16:59:09.6247301Z  delete mode 100644 audit/sync/20260219_160748_R-000170_4170.json
job-core	Create database MongoDB	2026-02-19T16:59:09.6247735Z  delete mode 100644 audit/sync/20260219_164057_R-000170_4170.json
job-core	Create database MongoDB	2026-02-19T16:59:10.5546360Z To https://github.com/Ka0s-Klaus/ka0s
job-core	Create database MongoDB	2026-02-19T16:59:10.5548085Z    5dbc2298f..5f1b73abe  main -> main
job-core	Upload report	Ôªø2026-02-19T16:59:10.5688055Z ##[group]Run actions/upload-artifact@v4
job-core	Upload report	2026-02-19T16:59:10.5688408Z with:
job-core	Upload report	2026-02-19T16:59:10.5688620Z   name: mongo-setup-report
job-core	Upload report	2026-02-19T16:59:10.5688879Z   path: audit/mongodb/
job-core	Upload report	2026-02-19T16:59:10.5689127Z   if-no-files-found: warn
job-core	Upload report	2026-02-19T16:59:10.5689384Z   compression-level: 6
job-core	Upload report	2026-02-19T16:59:10.5689622Z   overwrite: false
job-core	Upload report	2026-02-19T16:59:10.5689857Z   include-hidden-files: false
job-core	Upload report	2026-02-19T16:59:10.5690112Z env:
job-core	Upload report	2026-02-19T16:59:10.5690302Z   PYTHON_VERSION: 3.9
job-core	Upload report	2026-02-19T16:59:10.5691119Z   MONGO_SUPERUSER_CONNECTION: ***
job-core	Upload report	2026-02-19T16:59:10.5691526Z   MONGO_NEW_PASS: ***
job-core	Upload report	2026-02-19T16:59:10.5691865Z   MONGO_SCRIPT_CREATE: devops/core/mongo/scripts/add-doc-to-db.py
job-core	Upload report	2026-02-19T16:59:10.5692259Z   KAOS_CODE: 22191542345
job-core	Upload report	2026-02-19T16:59:10.5692551Z   KAOS_MODULE: [Ka0s] Autom add docs to MongoDB
job-core	Upload report	2026-02-19T16:59:10.5692872Z   REPORT_SCAN: audit/
job-core	Upload report	2026-02-19T16:59:10.5693111Z   REPORT_PATH: audit/mongodb/
job-core	Upload report	2026-02-19T16:59:10.5693411Z   REPORT_FILENAME: mongo_setup_22191542345.json
job-core	Upload report	2026-02-19T16:59:10.5693795Z   REPORT_FILENAME_LIST: mongo_list_22191542345.json
job-core	Upload report	2026-02-19T16:59:10.5694179Z   REPORT_FILENAME_DB: mongo_create_db_22191542345.json
job-core	Upload report	2026-02-19T16:59:10.5694518Z   GITHUB_OUTPUT: 
job-core	Upload report	2026-02-19T16:59:10.5694827Z   pythonLocation: /home/runner/_work/_tool/Python/3.9.25/x64
job-core	Upload report	2026-02-19T16:59:10.5695488Z   PKG_CONFIG_PATH: /home/runner/_work/_tool/Python/3.9.25/x64/lib/pkgconfig
job-core	Upload report	2026-02-19T16:59:10.5695995Z   Python_ROOT_DIR: /home/runner/_work/_tool/Python/3.9.25/x64
job-core	Upload report	2026-02-19T16:59:10.5696449Z   Python2_ROOT_DIR: /home/runner/_work/_tool/Python/3.9.25/x64
job-core	Upload report	2026-02-19T16:59:10.5696902Z   Python3_ROOT_DIR: /home/runner/_work/_tool/Python/3.9.25/x64
job-core	Upload report	2026-02-19T16:59:10.5697356Z   LD_LIBRARY_PATH: /home/runner/_work/_tool/Python/3.9.25/x64/lib
job-core	Upload report	2026-02-19T16:59:10.5698020Z ##[endgroup]
job-core	Upload report	2026-02-19T16:59:10.8186407Z With the provided path, there will be 1 file uploaded
job-core	Upload report	2026-02-19T16:59:10.8194612Z Artifact name is valid!
job-core	Upload report	2026-02-19T16:59:10.8194915Z Root directory input is valid!
job-core	Upload report	2026-02-19T16:59:11.2427129Z Beginning upload of artifact content to blob storage
job-core	Upload report	2026-02-19T16:59:11.6850456Z Uploaded bytes 165
job-core	Upload report	2026-02-19T16:59:11.7996658Z Finished uploading artifact content to blob storage!
job-core	Upload report	2026-02-19T16:59:11.8008438Z SHA256 digest of uploaded artifact zip is a21a9541c49272bfd0d1593dcdf35e77a3be5e5c8b9cd8face3cc79be0a092ed
job-core	Upload report	2026-02-19T16:59:11.8014300Z Finalizing artifact upload
job-core	Upload report	2026-02-19T16:59:12.0311062Z Artifact mongo-setup-report.zip successfully finalized. Artifact ID 5576548550
job-core	Upload report	2026-02-19T16:59:12.0314627Z Artifact mongo-setup-report has been successfully uploaded! Final size is 165 bytes. Artifact ID is 5576548550
job-core	Upload report	2026-02-19T16:59:12.0343324Z Artifact download URL: https://github.com/Ka0s-Klaus/ka0s/actions/runs/22191542345/artifacts/5576548550
job-core	Post Set up Python	Ôªø2026-02-19T16:59:12.1009333Z Post job cleanup.
job-core	Post Checkout code	Ôªø2026-02-19T16:59:12.3074889Z Post job cleanup.
job-core	Post Checkout code	2026-02-19T16:59:12.4160545Z [command]/usr/bin/git version
job-core	Post Checkout code	2026-02-19T16:59:12.4203401Z git version 2.52.0
job-core	Post Checkout code	2026-02-19T16:59:12.4246021Z Copying '/home/runner/.gitconfig' to '/home/runner/_work/_temp/5338b036-5b5b-4875-b586-9807de410c57/.gitconfig'
job-core	Post Checkout code	2026-02-19T16:59:12.4261512Z Temporarily overriding HOME='/home/runner/_work/_temp/5338b036-5b5b-4875-b586-9807de410c57' before making global git config changes
job-core	Post Checkout code	2026-02-19T16:59:12.4262822Z Adding repository directory to the temporary git global config as a safe directory
job-core	Post Checkout code	2026-02-19T16:59:12.4271004Z [command]/usr/bin/git config --global --add safe.directory /home/runner/_work/ka0s/ka0s
job-core	Post Checkout code	2026-02-19T16:59:12.4320453Z [command]/usr/bin/git config --local --name-only --get-regexp core\.sshCommand
job-core	Post Checkout code	2026-02-19T16:59:12.4384028Z [command]/usr/bin/git submodule foreach --recursive sh -c "git config --local --name-only --get-regexp 'core\.sshCommand' && git config --local --unset-all 'core.sshCommand' || :"
job-core	Post Checkout code	2026-02-19T16:59:12.4751411Z [command]/usr/bin/git config --local --name-only --get-regexp http\.https\:\/\/github\.com\/\.extraheader
job-core	Post Checkout code	2026-02-19T16:59:12.4781904Z http.https://github.com/.extraheader
job-core	Post Checkout code	2026-02-19T16:59:12.4797517Z [command]/usr/bin/git config --local --unset-all http.https://github.com/.extraheader
job-core	Post Checkout code	2026-02-19T16:59:12.4840126Z [command]/usr/bin/git submodule foreach --recursive sh -c "git config --local --name-only --get-regexp 'http\.https\:\/\/github\.com\/\.extraheader' && git config --local --unset-all 'http.https://github.com/.extraheader' || :"
job-core	Post Checkout code	2026-02-19T16:59:12.5180150Z [command]/usr/bin/git config --local --name-only --get-regexp ^includeIf\.gitdir:
job-core	Post Checkout code	2026-02-19T16:59:12.5222905Z [command]/usr/bin/git submodule foreach --recursive git config --local --show-origin --name-only --get-regexp remote.origin.url
job-core	Complete job	Ôªø2026-02-19T16:59:12.5694343Z Cleaning up orphan processes
handle-success	Set up job	Ôªø2026-02-19T16:59:26.7539169Z Current runner version: '2.331.0'
handle-success	Set up job	2026-02-19T16:59:26.7547973Z Runner name: 'swarm-runners-scaleset-hkss5-runner-48w2q'
handle-success	Set up job	2026-02-19T16:59:26.7549184Z Runner group name: 'Default'
handle-success	Set up job	2026-02-19T16:59:26.7550399Z Machine name: 'swarm-runners-scaleset-hkss5-runner-48w2q'
handle-success	Set up job	2026-02-19T16:59:26.7554389Z ##[group]GITHUB_TOKEN Permissions
handle-success	Set up job	2026-02-19T16:59:26.7557267Z Actions: write
handle-success	Set up job	2026-02-19T16:59:26.7558051Z Contents: write
handle-success	Set up job	2026-02-19T16:59:26.7558834Z Issues: write
handle-success	Set up job	2026-02-19T16:59:26.7559531Z Metadata: read
handle-success	Set up job	2026-02-19T16:59:26.7560204Z PullRequests: write
handle-success	Set up job	2026-02-19T16:59:26.7560827Z ##[endgroup]
handle-success	Set up job	2026-02-19T16:59:26.7562918Z Secret source: Actions
handle-success	Set up job	2026-02-19T16:59:26.7563802Z Prepare workflow directory
handle-success	Set up job	2026-02-19T16:59:26.8147762Z Prepare all required actions
handle-success	Set up job	2026-02-19T16:59:26.8187784Z Getting action download info
handle-success	Set up job	2026-02-19T16:59:27.4449291Z Download action repository 'actions/checkout@v4' (SHA:34e114876b0b11c390a56381ad16ebd13914f8d5)
handle-success	Set up job	2026-02-19T16:59:28.3779238Z Complete job name: handle-success
handle-success	Checkout code	Ôªø2026-02-19T16:59:28.4432203Z ##[group]Run actions/checkout@v4
handle-success	Checkout code	2026-02-19T16:59:28.4433277Z with:
handle-success	Checkout code	2026-02-19T16:59:28.4433775Z   fetch-depth: 0
handle-success	Checkout code	2026-02-19T16:59:28.4434429Z   repository: Ka0s-Klaus/ka0s
handle-success	Checkout code	2026-02-19T16:59:28.4435735Z   token: ***
handle-success	Checkout code	2026-02-19T16:59:28.4436508Z   ssh-strict: true
handle-success	Checkout code	2026-02-19T16:59:28.4437146Z   ssh-user: git
handle-success	Checkout code	2026-02-19T16:59:28.4437645Z   persist-credentials: true
handle-success	Checkout code	2026-02-19T16:59:28.4438222Z   clean: true
handle-success	Checkout code	2026-02-19T16:59:28.4438736Z   sparse-checkout-cone-mode: true
handle-success	Checkout code	2026-02-19T16:59:28.4439344Z   fetch-tags: false
handle-success	Checkout code	2026-02-19T16:59:28.4439850Z   show-progress: true
handle-success	Checkout code	2026-02-19T16:59:28.4440367Z   lfs: false
handle-success	Checkout code	2026-02-19T16:59:28.4440863Z   submodules: false
handle-success	Checkout code	2026-02-19T16:59:28.4441377Z   set-safe-directory: true
handle-success	Checkout code	2026-02-19T16:59:28.4442187Z env:
handle-success	Checkout code	2026-02-19T16:59:28.4442673Z   PYTHON_VERSION: 3.9
handle-success	Checkout code	2026-02-19T16:59:28.4444078Z   MONGO_SUPERUSER_CONNECTION: ***
handle-success	Checkout code	2026-02-19T16:59:28.4444890Z   MONGO_NEW_PASS: ***
handle-success	Checkout code	2026-02-19T16:59:28.4446192Z   MONGO_SCRIPT_CREATE: devops/core/mongo/scripts/add-doc-to-db.py
handle-success	Checkout code	2026-02-19T16:59:28.4447091Z   KAOS_CODE: 22191542345
handle-success	Checkout code	2026-02-19T16:59:28.4447692Z   KAOS_MODULE: [Ka0s] Autom add docs to MongoDB
handle-success	Checkout code	2026-02-19T16:59:28.4448369Z   REPORT_SCAN: audit/
handle-success	Checkout code	2026-02-19T16:59:28.4448911Z   REPORT_PATH: audit/mongodb/
handle-success	Checkout code	2026-02-19T16:59:28.4449559Z   REPORT_FILENAME: mongo_setup_22191542345.json
handle-success	Checkout code	2026-02-19T16:59:28.4450300Z   REPORT_FILENAME_LIST: mongo_list_22191542345.json
handle-success	Checkout code	2026-02-19T16:59:28.4451087Z   REPORT_FILENAME_DB: mongo_create_db_22191542345.json
handle-success	Checkout code	2026-02-19T16:59:28.4451824Z ##[endgroup]
handle-success	Checkout code	2026-02-19T16:59:28.5728899Z Syncing repository: Ka0s-Klaus/ka0s
handle-success	Checkout code	2026-02-19T16:59:28.5731128Z ##[group]Getting Git version info
handle-success	Checkout code	2026-02-19T16:59:28.5731918Z Working directory is '/home/runner/_work/ka0s/ka0s'
handle-success	Checkout code	2026-02-19T16:59:28.5733025Z [command]/usr/bin/git version
handle-success	Checkout code	2026-02-19T16:59:28.5733608Z git version 2.52.0
handle-success	Checkout code	2026-02-19T16:59:28.5752851Z ##[endgroup]
handle-success	Checkout code	2026-02-19T16:59:28.5769651Z Temporarily overriding HOME='/home/runner/_work/_temp/93e6fb57-48b2-4bd3-8f1e-26c14f389932' before making global git config changes
handle-success	Checkout code	2026-02-19T16:59:28.5777429Z Adding repository directory to the temporary git global config as a safe directory
handle-success	Checkout code	2026-02-19T16:59:28.5778937Z [command]/usr/bin/git config --global --add safe.directory /home/runner/_work/ka0s/ka0s
handle-success	Checkout code	2026-02-19T16:59:28.5843756Z Deleting the contents of '/home/runner/_work/ka0s/ka0s'
handle-success	Checkout code	2026-02-19T16:59:28.5849394Z ##[group]Initializing the repository
handle-success	Checkout code	2026-02-19T16:59:28.5903363Z [command]/usr/bin/git init /home/runner/_work/ka0s/ka0s
handle-success	Checkout code	2026-02-19T16:59:28.5904603Z hint: Using 'master' as the name for the initial branch. This default branch name
handle-success	Checkout code	2026-02-19T16:59:28.5905992Z hint: will change to "main" in Git 3.0. To configure the initial branch name
handle-success	Checkout code	2026-02-19T16:59:28.5907154Z hint: to use in all of your new repositories, which will suppress this warning,
handle-success	Checkout code	2026-02-19T16:59:28.5908060Z hint: call:
handle-success	Checkout code	2026-02-19T16:59:28.5908553Z hint:
handle-success	Checkout code	2026-02-19T16:59:28.5909166Z hint: 	git config --global init.defaultBranch <name>
handle-success	Checkout code	2026-02-19T16:59:28.5909911Z hint:
handle-success	Checkout code	2026-02-19T16:59:28.5911209Z hint: Names commonly chosen instead of 'master' are 'main', 'trunk' and
handle-success	Checkout code	2026-02-19T16:59:28.5912406Z hint: 'development'. The just-created branch can be renamed via this command:
handle-success	Checkout code	2026-02-19T16:59:28.5913331Z hint:
handle-success	Checkout code	2026-02-19T16:59:28.5913831Z hint: 	git branch -m <name>
handle-success	Checkout code	2026-02-19T16:59:28.5914418Z hint:
handle-success	Checkout code	2026-02-19T16:59:28.5915277Z hint: Disable this message with "git config set advice.defaultBranchName false"
handle-success	Checkout code	2026-02-19T16:59:28.5916482Z Initialized empty Git repository in /home/runner/_work/ka0s/ka0s/.git/
handle-success	Checkout code	2026-02-19T16:59:28.5918655Z [command]/usr/bin/git remote add origin https://github.com/Ka0s-Klaus/ka0s
handle-success	Checkout code	2026-02-19T16:59:28.5962822Z ##[endgroup]
handle-success	Checkout code	2026-02-19T16:59:28.5963952Z ##[group]Disabling automatic garbage collection
handle-success	Checkout code	2026-02-19T16:59:28.5970937Z [command]/usr/bin/git config --local gc.auto 0
handle-success	Checkout code	2026-02-19T16:59:28.6011609Z ##[endgroup]
handle-success	Checkout code	2026-02-19T16:59:28.6012606Z ##[group]Setting up auth
handle-success	Checkout code	2026-02-19T16:59:28.6021225Z [command]/usr/bin/git config --local --name-only --get-regexp core\.sshCommand
handle-success	Checkout code	2026-02-19T16:59:28.6070256Z [command]/usr/bin/git submodule foreach --recursive sh -c "git config --local --name-only --get-regexp 'core\.sshCommand' && git config --local --unset-all 'core.sshCommand' || :"
handle-success	Checkout code	2026-02-19T16:59:28.6413782Z [command]/usr/bin/git config --local --name-only --get-regexp http\.https\:\/\/github\.com\/\.extraheader
handle-success	Checkout code	2026-02-19T16:59:28.6456953Z [command]/usr/bin/git submodule foreach --recursive sh -c "git config --local --name-only --get-regexp 'http\.https\:\/\/github\.com\/\.extraheader' && git config --local --unset-all 'http.https://github.com/.extraheader' || :"
handle-success	Checkout code	2026-02-19T16:59:28.6784083Z [command]/usr/bin/git config --local --name-only --get-regexp ^includeIf\.gitdir:
handle-success	Checkout code	2026-02-19T16:59:28.6825228Z [command]/usr/bin/git submodule foreach --recursive git config --local --show-origin --name-only --get-regexp remote.origin.url
handle-success	Checkout code	2026-02-19T16:59:28.7162208Z [command]/usr/bin/git config --local http.https://github.com/.extraheader AUTHORIZATION: basic ***
handle-success	Checkout code	2026-02-19T16:59:28.7232342Z ##[endgroup]
handle-success	Checkout code	2026-02-19T16:59:28.7233538Z ##[group]Fetching the repository
handle-success	Checkout code	2026-02-19T16:59:28.7241849Z [command]/usr/bin/git -c protocol.version=2 fetch --prune --no-recurse-submodules origin +refs/heads/*:refs/remotes/origin/* +refs/tags/*:refs/tags/*
handle-success	Checkout code	2026-02-19T16:59:49.0292161Z From https://github.com/Ka0s-Klaus/ka0s
handle-success	Checkout code	2026-02-19T16:59:49.0293532Z  * [new branch]          F3450-modelo-operativo -> origin/F3450-modelo-operativo
handle-success	Checkout code	2026-02-19T16:59:49.0294597Z  * [new branch]          H1276-modulo-observabilidad -> origin/H1276-modulo-observabilidad
handle-success	Checkout code	2026-02-19T16:59:49.0295682Z  * [new branch]          H3596-deploy-itop      -> origin/H3596-deploy-itop
handle-success	Checkout code	2026-02-19T16:59:49.0296465Z  * [new branch]          H4170-flujo-detallado-zabbix---github -> origin/H4170-flujo-detallado-zabbix---github
handle-success	Checkout code	2026-02-19T16:59:49.0297172Z  * [new branch]          main                   -> origin/main
handle-success	Checkout code	2026-02-19T16:59:49.0297624Z  * [new tag]             0.0.0                  -> 0.0.0
handle-success	Checkout code	2026-02-19T16:59:49.0298037Z  * [new tag]             0.0.1                  -> 0.0.1
handle-success	Checkout code	2026-02-19T16:59:49.0298542Z  * [new tag]             0.0.10                 -> 0.0.10
handle-success	Checkout code	2026-02-19T16:59:49.0299006Z  * [new tag]             0.0.100                -> 0.0.100
handle-success	Checkout code	2026-02-19T16:59:49.0299429Z  * [new tag]             0.0.101                -> 0.0.101
handle-success	Checkout code	2026-02-19T16:59:49.0299900Z  * [new tag]             0.0.102                -> 0.0.102
handle-success	Checkout code	2026-02-19T16:59:49.0300340Z  * [new tag]             0.0.103                -> 0.0.103
handle-success	Checkout code	2026-02-19T16:59:49.0300773Z  * [new tag]             0.0.104                -> 0.0.104
handle-success	Checkout code	2026-02-19T16:59:49.0301253Z  * [new tag]             0.0.105                -> 0.0.105
handle-success	Checkout code	2026-02-19T16:59:49.0301723Z  * [new tag]             0.0.106                -> 0.0.106
handle-success	Checkout code	2026-02-19T16:59:49.0302151Z  * [new tag]             0.0.107                -> 0.0.107
handle-success	Checkout code	2026-02-19T16:59:49.0302572Z  * [new tag]             0.0.108                -> 0.0.108
handle-success	Checkout code	2026-02-19T16:59:49.0303051Z  * [new tag]             0.0.109                -> 0.0.109
handle-success	Checkout code	2026-02-19T16:59:49.0304016Z  * [new tag]             0.0.11                 -> 0.0.11
handle-success	Checkout code	2026-02-19T16:59:49.0304447Z  * [new tag]             0.0.110                -> 0.0.110
handle-success	Checkout code	2026-02-19T16:59:49.0304915Z  * [new tag]             0.0.111                -> 0.0.111
handle-success	Checkout code	2026-02-19T16:59:49.0305549Z  * [new tag]             0.0.112                -> 0.0.112
handle-success	Checkout code	2026-02-19T16:59:49.0305973Z  * [new tag]             0.0.113                -> 0.0.113
handle-success	Checkout code	2026-02-19T16:59:49.0306392Z  * [new tag]             0.0.114                -> 0.0.114
handle-success	Checkout code	2026-02-19T16:59:49.0306811Z  * [new tag]             0.0.115                -> 0.0.115
handle-success	Checkout code	2026-02-19T16:59:49.0307232Z  * [new tag]             0.0.116                -> 0.0.116
handle-success	Checkout code	2026-02-19T16:59:49.0307656Z  * [new tag]             0.0.117                -> 0.0.117
handle-success	Checkout code	2026-02-19T16:59:49.0308082Z  * [new tag]             0.0.118                -> 0.0.118
handle-success	Checkout code	2026-02-19T16:59:49.0308596Z  * [new tag]             0.0.119                -> 0.0.119
handle-success	Checkout code	2026-02-19T16:59:49.0309073Z  * [new tag]             0.0.12                 -> 0.0.12
handle-success	Checkout code	2026-02-19T16:59:49.0309812Z  * [new tag]             0.0.120                -> 0.0.120
handle-success	Checkout code	2026-02-19T16:59:49.0310232Z  * [new tag]             0.0.121                -> 0.0.121
handle-success	Checkout code	2026-02-19T16:59:49.0310653Z  * [new tag]             0.0.122                -> 0.0.122
handle-success	Checkout code	2026-02-19T16:59:49.0311074Z  * [new tag]             0.0.123                -> 0.0.123
handle-success	Checkout code	2026-02-19T16:59:49.0311497Z  * [new tag]             0.0.124                -> 0.0.124
handle-success	Checkout code	2026-02-19T16:59:49.0311911Z  * [new tag]             0.0.125                -> 0.0.125
handle-success	Checkout code	2026-02-19T16:59:49.0312330Z  * [new tag]             0.0.126                -> 0.0.126
handle-success	Checkout code	2026-02-19T16:59:49.0312754Z  * [new tag]             0.0.127                -> 0.0.127
handle-success	Checkout code	2026-02-19T16:59:49.0313176Z  * [new tag]             0.0.128                -> 0.0.128
handle-success	Checkout code	2026-02-19T16:59:49.0313597Z  * [new tag]             0.0.129                -> 0.0.129
handle-success	Checkout code	2026-02-19T16:59:49.0314013Z  * [new tag]             0.0.13                 -> 0.0.13
handle-success	Checkout code	2026-02-19T16:59:49.0314435Z  * [new tag]             0.0.130                -> 0.0.130
handle-success	Checkout code	2026-02-19T16:59:49.0314872Z  * [new tag]             0.0.131                -> 0.0.131
handle-success	Checkout code	2026-02-19T16:59:49.0315433Z  * [new tag]             0.0.132                -> 0.0.132
handle-success	Checkout code	2026-02-19T16:59:49.0315854Z  * [new tag]             0.0.133                -> 0.0.133
handle-success	Checkout code	2026-02-19T16:59:49.0316276Z  * [new tag]             0.0.134                -> 0.0.134
handle-success	Checkout code	2026-02-19T16:59:49.0316696Z  * [new tag]             0.0.135                -> 0.0.135
handle-success	Checkout code	2026-02-19T16:59:49.0317115Z  * [new tag]             0.0.136                -> 0.0.136
handle-success	Checkout code	2026-02-19T16:59:49.0317540Z  * [new tag]             0.0.137                -> 0.0.137
handle-success	Checkout code	2026-02-19T16:59:49.0391850Z  * [new tag]             0.0.138                -> 0.0.138
handle-success	Checkout code	2026-02-19T16:59:49.0392421Z  * [new tag]             0.0.139                -> 0.0.139
handle-success	Checkout code	2026-02-19T16:59:49.0392910Z  * [new tag]             0.0.14                 -> 0.0.14
handle-success	Checkout code	2026-02-19T16:59:49.0393418Z  * [new tag]             0.0.140                -> 0.0.140
handle-success	Checkout code	2026-02-19T16:59:49.0393977Z  * [new tag]             0.0.141                -> 0.0.141
handle-success	Checkout code	2026-02-19T16:59:49.0394413Z  * [new tag]             0.0.142                -> 0.0.142
handle-success	Checkout code	2026-02-19T16:59:49.0394840Z  * [new tag]             0.0.143                -> 0.0.143
handle-success	Checkout code	2026-02-19T16:59:49.0395538Z  * [new tag]             0.0.144                -> 0.0.144
handle-success	Checkout code	2026-02-19T16:59:49.0396116Z  * [new tag]             0.0.145                -> 0.0.145
handle-success	Checkout code	2026-02-19T16:59:49.0396539Z  * [new tag]             0.0.146                -> 0.0.146
handle-success	Checkout code	2026-02-19T16:59:49.0396966Z  * [new tag]             0.0.147                -> 0.0.147
handle-success	Checkout code	2026-02-19T16:59:49.0397400Z  * [new tag]             0.0.148                -> 0.0.148
handle-success	Checkout code	2026-02-19T16:59:49.0397825Z  * [new tag]             0.0.149                -> 0.0.149
handle-success	Checkout code	2026-02-19T16:59:49.0398272Z  * [new tag]             0.0.15                 -> 0.0.15
handle-success	Checkout code	2026-02-19T16:59:49.0398694Z  * [new tag]             0.0.150                -> 0.0.150
handle-success	Checkout code	2026-02-19T16:59:49.0399143Z  * [new tag]             0.0.151                -> 0.0.151
handle-success	Checkout code	2026-02-19T16:59:49.0399933Z  * [new tag]             0.0.152                -> 0.0.152
handle-success	Checkout code	2026-02-19T16:59:49.0400364Z  * [new tag]             0.0.153                -> 0.0.153
handle-success	Checkout code	2026-02-19T16:59:49.0400928Z  * [new tag]             0.0.154                -> 0.0.154
handle-success	Checkout code	2026-02-19T16:59:49.0401362Z  * [new tag]             0.0.155                -> 0.0.155
handle-success	Checkout code	2026-02-19T16:59:49.0401909Z  * [new tag]             0.0.156                -> 0.0.156
handle-success	Checkout code	2026-02-19T16:59:49.0402336Z  * [new tag]             0.0.157                -> 0.0.157
handle-success	Checkout code	2026-02-19T16:59:49.0402765Z  * [new tag]             0.0.158                -> 0.0.158
handle-success	Checkout code	2026-02-19T16:59:49.0403190Z  * [new tag]             0.0.159                -> 0.0.159
handle-success	Checkout code	2026-02-19T16:59:49.0403619Z  * [new tag]             0.0.16                 -> 0.0.16
handle-success	Checkout code	2026-02-19T16:59:49.0404049Z  * [new tag]             0.0.160                -> 0.0.160
handle-success	Checkout code	2026-02-19T16:59:49.0404489Z  * [new tag]             0.0.161                -> 0.0.161
handle-success	Checkout code	2026-02-19T16:59:49.0404926Z  * [new tag]             0.0.162                -> 0.0.162
handle-success	Checkout code	2026-02-19T16:59:49.0405932Z  * [new tag]             0.0.163                -> 0.0.163
handle-success	Checkout code	2026-02-19T16:59:49.0406373Z  * [new tag]             0.0.164                -> 0.0.164
handle-success	Checkout code	2026-02-19T16:59:49.0406947Z  * [new tag]             0.0.165                -> 0.0.165
handle-success	Checkout code	2026-02-19T16:59:49.0407372Z  * [new tag]             0.0.166                -> 0.0.166
handle-success	Checkout code	2026-02-19T16:59:49.0407796Z  * [new tag]             0.0.167                -> 0.0.167
handle-success	Checkout code	2026-02-19T16:59:49.0408226Z  * [new tag]             0.0.168                -> 0.0.168
handle-success	Checkout code	2026-02-19T16:59:49.0408675Z  * [new tag]             0.0.169                -> 0.0.169
handle-success	Checkout code	2026-02-19T16:59:49.0409126Z  * [new tag]             0.0.17                 -> 0.0.17
handle-success	Checkout code	2026-02-19T16:59:49.0409595Z  * [new tag]             0.0.170                -> 0.0.170
handle-success	Checkout code	2026-02-19T16:59:49.0410036Z  * [new tag]             0.0.171                -> 0.0.171
handle-success	Checkout code	2026-02-19T16:59:49.0410584Z  * [new tag]             0.0.172                -> 0.0.172
handle-success	Checkout code	2026-02-19T16:59:49.0411022Z  * [new tag]             0.0.173                -> 0.0.173
handle-success	Checkout code	2026-02-19T16:59:49.0411439Z  * [new tag]             0.0.174                -> 0.0.174
handle-success	Checkout code	2026-02-19T16:59:49.0412251Z  * [new tag]             0.0.175                -> 0.0.175
handle-success	Checkout code	2026-02-19T16:59:49.0412832Z  * [new tag]             0.0.176                -> 0.0.176
handle-success	Checkout code	2026-02-19T16:59:49.0413400Z  * [new tag]             0.0.177                -> 0.0.177
handle-success	Checkout code	2026-02-19T16:59:49.0413828Z  * [new tag]             0.0.178                -> 0.0.178
handle-success	Checkout code	2026-02-19T16:59:49.0414257Z  * [new tag]             0.0.179                -> 0.0.179
handle-success	Checkout code	2026-02-19T16:59:49.0414677Z  * [new tag]             0.0.18                 -> 0.0.18
handle-success	Checkout code	2026-02-19T16:59:49.0415372Z  * [new tag]             0.0.19                 -> 0.0.19
handle-success	Checkout code	2026-02-19T16:59:49.0416064Z  * [new tag]             0.0.2                  -> 0.0.2
handle-success	Checkout code	2026-02-19T16:59:49.0416482Z  * [new tag]             0.0.20                 -> 0.0.20
handle-success	Checkout code	2026-02-19T16:59:49.0416902Z  * [new tag]             0.0.21                 -> 0.0.21
handle-success	Checkout code	2026-02-19T16:59:49.0417334Z  * [new tag]             0.0.22                 -> 0.0.22
handle-success	Checkout code	2026-02-19T16:59:49.0417752Z  * [new tag]             0.0.23                 -> 0.0.23
handle-success	Checkout code	2026-02-19T16:59:49.0418165Z  * [new tag]             0.0.24                 -> 0.0.24
handle-success	Checkout code	2026-02-19T16:59:49.0418578Z  * [new tag]             0.0.25                 -> 0.0.25
handle-success	Checkout code	2026-02-19T16:59:49.0418994Z  * [new tag]             0.0.26                 -> 0.0.26
handle-success	Checkout code	2026-02-19T16:59:49.0419406Z  * [new tag]             0.0.27                 -> 0.0.27
handle-success	Checkout code	2026-02-19T16:59:49.0419823Z  * [new tag]             0.0.28                 -> 0.0.28
handle-success	Checkout code	2026-02-19T16:59:49.0420380Z  * [new tag]             0.0.29                 -> 0.0.29
handle-success	Checkout code	2026-02-19T16:59:49.0421075Z  * [new tag]             0.0.3                  -> 0.0.3
handle-success	Checkout code	2026-02-19T16:59:49.0421618Z  * [new tag]             0.0.30                 -> 0.0.30
handle-success	Checkout code	2026-02-19T16:59:49.0422039Z  * [new tag]             0.0.31                 -> 0.0.31
handle-success	Checkout code	2026-02-19T16:59:49.0422454Z  * [new tag]             0.0.32                 -> 0.0.32
handle-success	Checkout code	2026-02-19T16:59:49.0423106Z  * [new tag]             0.0.33                 -> 0.0.33
handle-success	Checkout code	2026-02-19T16:59:49.0423527Z  * [new tag]             0.0.34                 -> 0.0.34
handle-success	Checkout code	2026-02-19T16:59:49.0423939Z  * [new tag]             0.0.35                 -> 0.0.35
handle-success	Checkout code	2026-02-19T16:59:49.0424360Z  * [new tag]             0.0.36                 -> 0.0.36
handle-success	Checkout code	2026-02-19T16:59:49.0424769Z  * [new tag]             0.0.37                 -> 0.0.37
handle-success	Checkout code	2026-02-19T16:59:49.0425449Z  * [new tag]             0.0.38                 -> 0.0.38
handle-success	Checkout code	2026-02-19T16:59:49.0426116Z  * [new tag]             0.0.39                 -> 0.0.39
handle-success	Checkout code	2026-02-19T16:59:49.0426529Z  * [new tag]             0.0.4                  -> 0.0.4
handle-success	Checkout code	2026-02-19T16:59:49.0426947Z  * [new tag]             0.0.40                 -> 0.0.40
handle-success	Checkout code	2026-02-19T16:59:49.0427361Z  * [new tag]             0.0.41                 -> 0.0.41
handle-success	Checkout code	2026-02-19T16:59:49.0427775Z  * [new tag]             0.0.42                 -> 0.0.42
handle-success	Checkout code	2026-02-19T16:59:49.0428196Z  * [new tag]             0.0.43                 -> 0.0.43
handle-success	Checkout code	2026-02-19T16:59:49.0428826Z  * [new tag]             0.0.44                 -> 0.0.44
handle-success	Checkout code	2026-02-19T16:59:49.0429243Z  * [new tag]             0.0.45                 -> 0.0.45
handle-success	Checkout code	2026-02-19T16:59:49.0429654Z  * [new tag]             0.0.46                 -> 0.0.46
handle-success	Checkout code	2026-02-19T16:59:49.0430070Z  * [new tag]             0.0.47                 -> 0.0.47
handle-success	Checkout code	2026-02-19T16:59:49.0430625Z  * [new tag]             0.0.48                 -> 0.0.48
handle-success	Checkout code	2026-02-19T16:59:49.0431323Z  * [new tag]             0.0.49                 -> 0.0.49
handle-success	Checkout code	2026-02-19T16:59:49.0431853Z  * [new tag]             0.0.5                  -> 0.0.5
handle-success	Checkout code	2026-02-19T16:59:49.0432269Z  * [new tag]             0.0.50                 -> 0.0.50
handle-success	Checkout code	2026-02-19T16:59:49.0432688Z  * [new tag]             0.0.51                 -> 0.0.51
handle-success	Checkout code	2026-02-19T16:59:49.0433105Z  * [new tag]             0.0.52                 -> 0.0.52
handle-success	Checkout code	2026-02-19T16:59:49.0433647Z  * [new tag]             0.0.53                 -> 0.0.53
handle-success	Checkout code	2026-02-19T16:59:49.0434088Z  * [new tag]             0.0.54                 -> 0.0.54
handle-success	Checkout code	2026-02-19T16:59:49.0434520Z  * [new tag]             0.0.55                 -> 0.0.55
handle-success	Checkout code	2026-02-19T16:59:49.0435349Z  * [new tag]             0.0.56                 -> 0.0.56
handle-success	Checkout code	2026-02-19T16:59:49.0435791Z  * [new tag]             0.0.57                 -> 0.0.57
handle-success	Checkout code	2026-02-19T16:59:49.0436336Z  * [new tag]             0.0.58                 -> 0.0.58
handle-success	Checkout code	2026-02-19T16:59:49.0436751Z  * [new tag]             0.0.59                 -> 0.0.59
handle-success	Checkout code	2026-02-19T16:59:49.0437174Z  * [new tag]             0.0.6                  -> 0.0.6
handle-success	Checkout code	2026-02-19T16:59:49.0437593Z  * [new tag]             0.0.60                 -> 0.0.60
handle-success	Checkout code	2026-02-19T16:59:49.0438008Z  * [new tag]             0.0.61                 -> 0.0.61
handle-success	Checkout code	2026-02-19T16:59:49.0438414Z  * [new tag]             0.0.62                 -> 0.0.62
handle-success	Checkout code	2026-02-19T16:59:49.0438828Z  * [new tag]             0.0.63                 -> 0.0.63
handle-success	Checkout code	2026-02-19T16:59:49.0439244Z  * [new tag]             0.0.64                 -> 0.0.64
handle-success	Checkout code	2026-02-19T16:59:49.0439671Z  * [new tag]             0.0.65                 -> 0.0.65
handle-success	Checkout code	2026-02-19T16:59:49.0440079Z  * [new tag]             0.0.66                 -> 0.0.66
handle-success	Checkout code	2026-02-19T16:59:49.0440492Z  * [new tag]             0.0.67                 -> 0.0.67
handle-success	Checkout code	2026-02-19T16:59:49.0440902Z  * [new tag]             0.0.68                 -> 0.0.68
handle-success	Checkout code	2026-02-19T16:59:49.0441309Z  * [new tag]             0.0.69                 -> 0.0.69
handle-success	Checkout code	2026-02-19T16:59:49.0441717Z  * [new tag]             0.0.7                  -> 0.0.7
handle-success	Checkout code	2026-02-19T16:59:49.0442539Z  * [new tag]             0.0.70                 -> 0.0.70
handle-success	Checkout code	2026-02-19T16:59:49.0443361Z  * [new tag]             0.0.71                 -> 0.0.71
handle-success	Checkout code	2026-02-19T16:59:49.0443909Z  * [new tag]             0.0.72                 -> 0.0.72
handle-success	Checkout code	2026-02-19T16:59:49.0444326Z  * [new tag]             0.0.73                 -> 0.0.73
handle-success	Checkout code	2026-02-19T16:59:49.0444747Z  * [new tag]             0.0.74                 -> 0.0.74
handle-success	Checkout code	2026-02-19T16:59:49.0445519Z  * [new tag]             0.0.75                 -> 0.0.75
handle-success	Checkout code	2026-02-19T16:59:49.0446268Z  * [new tag]             0.0.76                 -> 0.0.76
handle-success	Checkout code	2026-02-19T16:59:49.0446684Z  * [new tag]             0.0.77                 -> 0.0.77
handle-success	Checkout code	2026-02-19T16:59:49.0447092Z  * [new tag]             0.0.78                 -> 0.0.78
handle-success	Checkout code	2026-02-19T16:59:49.0447498Z  * [new tag]             0.0.79                 -> 0.0.79
handle-success	Checkout code	2026-02-19T16:59:49.0447903Z  * [new tag]             0.0.8                  -> 0.0.8
handle-success	Checkout code	2026-02-19T16:59:49.0448308Z  * [new tag]             0.0.80                 -> 0.0.80
handle-success	Checkout code	2026-02-19T16:59:49.0448716Z  * [new tag]             0.0.81                 -> 0.0.81
handle-success	Checkout code	2026-02-19T16:59:49.0449125Z  * [new tag]             0.0.82                 -> 0.0.82
handle-success	Checkout code	2026-02-19T16:59:49.0449530Z  * [new tag]             0.0.83                 -> 0.0.83
handle-success	Checkout code	2026-02-19T16:59:49.0449932Z  * [new tag]             0.0.84                 -> 0.0.84
handle-success	Checkout code	2026-02-19T16:59:49.0450339Z  * [new tag]             0.0.85                 -> 0.0.85
handle-success	Checkout code	2026-02-19T16:59:49.0450748Z  * [new tag]             0.0.86                 -> 0.0.86
handle-success	Checkout code	2026-02-19T16:59:49.0451354Z  * [new tag]             0.0.87                 -> 0.0.87
handle-success	Checkout code	2026-02-19T16:59:49.0451766Z  * [new tag]             0.0.88                 -> 0.0.88
handle-success	Checkout code	2026-02-19T16:59:49.0452168Z  * [new tag]             0.0.89                 -> 0.0.89
handle-success	Checkout code	2026-02-19T16:59:49.0452580Z  * [new tag]             0.0.9                  -> 0.0.9
handle-success	Checkout code	2026-02-19T16:59:49.0452990Z  * [new tag]             0.0.90                 -> 0.0.90
handle-success	Checkout code	2026-02-19T16:59:49.0453395Z  * [new tag]             0.0.91                 -> 0.0.91
handle-success	Checkout code	2026-02-19T16:59:49.0453797Z  * [new tag]             0.0.92                 -> 0.0.92
handle-success	Checkout code	2026-02-19T16:59:49.0454203Z  * [new tag]             0.0.93                 -> 0.0.93
handle-success	Checkout code	2026-02-19T16:59:49.0454611Z  * [new tag]             0.0.94                 -> 0.0.94
handle-success	Checkout code	2026-02-19T16:59:49.0455105Z  * [new tag]             0.0.95                 -> 0.0.95
handle-success	Checkout code	2026-02-19T16:59:49.0455713Z  * [new tag]             0.0.96                 -> 0.0.96
handle-success	Checkout code	2026-02-19T16:59:49.0456279Z  * [new tag]             0.0.97                 -> 0.0.97
handle-success	Checkout code	2026-02-19T16:59:49.0456834Z  * [new tag]             0.0.98                 -> 0.0.98
handle-success	Checkout code	2026-02-19T16:59:49.0457247Z  * [new tag]             0.0.99                 -> 0.0.99
handle-success	Checkout code	2026-02-19T16:59:49.0457659Z  * [new tag]             0.1.0                  -> 0.1.0
handle-success	Checkout code	2026-02-19T16:59:49.0458080Z  * [new tag]             0.1.1                  -> 0.1.1
handle-success	Checkout code	2026-02-19T16:59:49.0458483Z  * [new tag]             0.2.0                  -> 0.2.0
handle-success	Checkout code	2026-02-19T16:59:49.0458894Z  * [new tag]             0.3.0                  -> 0.3.0
handle-success	Checkout code	2026-02-19T16:59:49.0459302Z  * [new tag]             0.3.1                  -> 0.3.1
handle-success	Checkout code	2026-02-19T16:59:49.0459710Z  * [new tag]             0.3.10                 -> 0.3.10
handle-success	Checkout code	2026-02-19T16:59:49.0460117Z  * [new tag]             0.3.11                 -> 0.3.11
handle-success	Checkout code	2026-02-19T16:59:49.0460551Z  * [new tag]             0.3.12                 -> 0.3.12
handle-success	Checkout code	2026-02-19T16:59:49.0460962Z  * [new tag]             0.3.13                 -> 0.3.13
handle-success	Checkout code	2026-02-19T16:59:49.0461374Z  * [new tag]             0.3.14                 -> 0.3.14
handle-success	Checkout code	2026-02-19T16:59:49.0461781Z  * [new tag]             0.3.15                 -> 0.3.15
handle-success	Checkout code	2026-02-19T16:59:49.0462189Z  * [new tag]             0.3.16                 -> 0.3.16
handle-success	Checkout code	2026-02-19T16:59:49.0462596Z  * [new tag]             0.3.17                 -> 0.3.17
handle-success	Checkout code	2026-02-19T16:59:49.0463011Z  * [new tag]             0.3.2                  -> 0.3.2
handle-success	Checkout code	2026-02-19T16:59:49.0463411Z  * [new tag]             0.3.3                  -> 0.3.3
handle-success	Checkout code	2026-02-19T16:59:49.0463816Z  * [new tag]             0.3.4                  -> 0.3.4
handle-success	Checkout code	2026-02-19T16:59:49.0464220Z  * [new tag]             0.3.5                  -> 0.3.5
handle-success	Checkout code	2026-02-19T16:59:49.0464622Z  * [new tag]             0.3.6                  -> 0.3.6
handle-success	Checkout code	2026-02-19T16:59:49.0465124Z  * [new tag]             0.3.7                  -> 0.3.7
handle-success	Checkout code	2026-02-19T16:59:49.0465844Z  * [new tag]             0.3.8                  -> 0.3.8
handle-success	Checkout code	2026-02-19T16:59:49.0466271Z  * [new tag]             0.3.9                  -> 0.3.9
handle-success	Checkout code	2026-02-19T16:59:49.0467050Z  * [new tag]             0.4.0                  -> 0.4.0
handle-success	Checkout code	2026-02-19T16:59:49.0467457Z  * [new tag]             0.4.1                  -> 0.4.1
handle-success	Checkout code	2026-02-19T16:59:49.0468254Z  * [new tag]             0.4.2                  -> 0.4.2
handle-success	Checkout code	2026-02-19T16:59:49.0468780Z  * [new tag]             0.4.3                  -> 0.4.3
handle-success	Checkout code	2026-02-19T16:59:49.0469190Z  * [new tag]             0.4.4                  -> 0.4.4
handle-success	Checkout code	2026-02-19T16:59:49.0469592Z  * [new tag]             0.4.5                  -> 0.4.5
handle-success	Checkout code	2026-02-19T16:59:49.0470000Z  * [new tag]             0.4.6                  -> 0.4.6
handle-success	Checkout code	2026-02-19T16:59:49.0470405Z  * [new tag]             0.4.7                  -> 0.4.7
handle-success	Checkout code	2026-02-19T16:59:49.0470808Z  * [new tag]             0.4.8                  -> 0.4.8
handle-success	Checkout code	2026-02-19T16:59:49.0471212Z  * [new tag]             0.4.9                  -> 0.4.9
handle-success	Checkout code	2026-02-19T16:59:49.0471614Z  * [new tag]             0.5.0                  -> 0.5.0
handle-success	Checkout code	2026-02-19T16:59:49.0472013Z  * [new tag]             0.5.1                  -> 0.5.1
handle-success	Checkout code	2026-02-19T16:59:49.0472661Z  * [new tag]             0.5.2                  -> 0.5.2
handle-success	Checkout code	2026-02-19T16:59:49.0473068Z  * [new tag]             0.6.0                  -> 0.6.0
handle-success	Checkout code	2026-02-19T16:59:49.0473473Z  * [new tag]             0.6.1                  -> 0.6.1
handle-success	Checkout code	2026-02-19T16:59:49.0473874Z  * [new tag]             0.6.2                  -> 0.6.2
handle-success	Checkout code	2026-02-19T16:59:49.0690129Z [command]/usr/bin/git branch --list --remote origin/main
handle-success	Checkout code	2026-02-19T16:59:49.0768606Z   origin/main
handle-success	Checkout code	2026-02-19T16:59:49.0779451Z [command]/usr/bin/git rev-parse refs/remotes/origin/main
handle-success	Checkout code	2026-02-19T16:59:49.0809759Z 5f1b73abe05c6f0cb49d0f720edc52927b806824
handle-success	Checkout code	2026-02-19T16:59:49.0821753Z [command]/usr/bin/git -c protocol.version=2 fetch --no-tags --prune --no-recurse-submodules origin +5dbc2298fedd36a75596ea6b4574a9e09bfa78ca:refs/remotes/origin/main
handle-success	Checkout code	2026-02-19T16:59:49.1006556Z From https://github.com/Ka0s-Klaus/ka0s
handle-success	Checkout code	2026-02-19T16:59:49.1007338Z  + 5f1b73abe...5dbc2298f 5dbc2298fedd36a75596ea6b4574a9e09bfa78ca -> origin/main  (forced update)
handle-success	Checkout code	2026-02-19T16:59:49.1044704Z ##[endgroup]
handle-success	Checkout code	2026-02-19T16:59:49.1045577Z ##[group]Determining the checkout info
handle-success	Checkout code	2026-02-19T16:59:49.1046119Z ##[endgroup]
handle-success	Checkout code	2026-02-19T16:59:49.1052319Z [command]/usr/bin/git sparse-checkout disable
handle-success	Checkout code	2026-02-19T16:59:49.1104287Z [command]/usr/bin/git config --local --unset-all extensions.worktreeConfig
handle-success	Checkout code	2026-02-19T16:59:49.1152361Z ##[group]Checking out the ref
handle-success	Checkout code	2026-02-19T16:59:49.1156487Z [command]/usr/bin/git checkout --progress --force -B main refs/remotes/origin/main
handle-success	Checkout code	2026-02-19T16:59:49.3789659Z Switched to a new branch 'main'
handle-success	Checkout code	2026-02-19T16:59:49.3794455Z branch 'main' set up to track 'origin/main'.
handle-success	Checkout code	2026-02-19T16:59:49.3840767Z ##[endgroup]
handle-success	Checkout code	2026-02-19T16:59:49.3893655Z [command]/usr/bin/git log -1 --format=%H
handle-success	Checkout code	2026-02-19T16:59:49.3926270Z 5dbc2298fedd36a75596ea6b4574a9e09bfa78ca
handle-success	handle-success-execution	Ôªø2026-02-19T16:59:49.4165693Z ##[group]Run # Si todo ha ido correcto a√±adimos el contenido del fichero 
handle-success	handle-success-execution	2026-02-19T16:59:49.4166382Z [36;1m# Si todo ha ido correcto a√±adimos el contenido del fichero [0m
handle-success	handle-success-execution	2026-02-19T16:59:49.4166892Z [36;1mecho "Process completed successfully 22191542345"[0m
handle-success	handle-success-execution	2026-02-19T16:59:49.4167359Z [36;1m# RNNUMBER=$(echo "refs/heads/main" | grep -o '[0-9]*')[0m
handle-success	handle-success-execution	2026-02-19T16:59:49.4168250Z [36;1m# gh issue comment $RNNUMBER --body "El proceso ha finalizado correctamente 22191542345. El resultado est√° en el fichero core/results/event_data_22191542345.log"[0m
handle-success	handle-success-execution	2026-02-19T16:59:49.4184198Z shell: /usr/bin/bash -e {0}
handle-success	handle-success-execution	2026-02-19T16:59:49.4184497Z env:
handle-success	handle-success-execution	2026-02-19T16:59:49.4184721Z   PYTHON_VERSION: 3.9
handle-success	handle-success-execution	2026-02-19T16:59:49.4186013Z   MONGO_SUPERUSER_CONNECTION: ***
handle-success	handle-success-execution	2026-02-19T16:59:49.4186455Z   MONGO_NEW_PASS: ***
handle-success	handle-success-execution	2026-02-19T16:59:49.4186813Z   MONGO_SCRIPT_CREATE: devops/core/mongo/scripts/add-doc-to-db.py
handle-success	handle-success-execution	2026-02-19T16:59:49.4187219Z   KAOS_CODE: 22191542345
handle-success	handle-success-execution	2026-02-19T16:59:49.4187506Z   KAOS_MODULE: [Ka0s] Autom add docs to MongoDB
handle-success	handle-success-execution	2026-02-19T16:59:49.4187879Z   REPORT_SCAN: audit/
handle-success	handle-success-execution	2026-02-19T16:59:49.4188131Z   REPORT_PATH: audit/mongodb/
handle-success	handle-success-execution	2026-02-19T16:59:49.4188437Z   REPORT_FILENAME: mongo_setup_22191542345.json
handle-success	handle-success-execution	2026-02-19T16:59:49.4189112Z   REPORT_FILENAME_LIST: mongo_list_22191542345.json
handle-success	handle-success-execution	2026-02-19T16:59:49.4189497Z   REPORT_FILENAME_DB: mongo_create_db_22191542345.json
handle-success	handle-success-execution	2026-02-19T16:59:49.4189948Z   GH_TOKEN: ***
handle-success	handle-success-execution	2026-02-19T16:59:49.4190182Z ##[endgroup]
handle-success	handle-success-execution	2026-02-19T16:59:49.4253256Z Process completed successfully 22191542345
handle-success	Post Checkout code	Ôªø2026-02-19T16:59:49.4395546Z Post job cleanup.
handle-success	Post Checkout code	2026-02-19T16:59:49.5455190Z [command]/usr/bin/git version
handle-success	Post Checkout code	2026-02-19T16:59:49.5502685Z git version 2.52.0
handle-success	Post Checkout code	2026-02-19T16:59:49.5553431Z Temporarily overriding HOME='/home/runner/_work/_temp/96b4ce37-7d0a-459d-a081-4a02fd0f3c44' before making global git config changes
handle-success	Post Checkout code	2026-02-19T16:59:49.5554483Z Adding repository directory to the temporary git global config as a safe directory
handle-success	Post Checkout code	2026-02-19T16:59:49.5560372Z [command]/usr/bin/git config --global --add safe.directory /home/runner/_work/ka0s/ka0s
handle-success	Post Checkout code	2026-02-19T16:59:49.5610977Z [command]/usr/bin/git config --local --name-only --get-regexp core\.sshCommand
handle-success	Post Checkout code	2026-02-19T16:59:49.5668672Z [command]/usr/bin/git submodule foreach --recursive sh -c "git config --local --name-only --get-regexp 'core\.sshCommand' && git config --local --unset-all 'core.sshCommand' || :"
handle-success	Post Checkout code	2026-02-19T16:59:49.6003142Z [command]/usr/bin/git config --local --name-only --get-regexp http\.https\:\/\/github\.com\/\.extraheader
handle-success	Post Checkout code	2026-02-19T16:59:49.6033398Z http.https://github.com/.extraheader
handle-success	Post Checkout code	2026-02-19T16:59:49.6050743Z [command]/usr/bin/git config --local --unset-all http.https://github.com/.extraheader
handle-success	Post Checkout code	2026-02-19T16:59:49.6094639Z [command]/usr/bin/git submodule foreach --recursive sh -c "git config --local --name-only --get-regexp 'http\.https\:\/\/github\.com\/\.extraheader' && git config --local --unset-all 'http.https://github.com/.extraheader' || :"
handle-success	Post Checkout code	2026-02-19T16:59:49.6428019Z [command]/usr/bin/git config --local --name-only --get-regexp ^includeIf\.gitdir:
handle-success	Post Checkout code	2026-02-19T16:59:49.6468275Z [command]/usr/bin/git submodule foreach --recursive git config --local --show-origin --name-only --get-regexp remote.origin.url
handle-success	Complete job	Ôªø2026-02-19T16:59:49.6939369Z Cleaning up orphan processes
end-workflow	Set up job	Ôªø2026-02-19T17:00:01.8987851Z Current runner version: '2.331.0'
end-workflow	Set up job	2026-02-19T17:00:01.8997901Z Runner name: 'swarm-runners-scaleset-hkss5-runner-bx4fm'
end-workflow	Set up job	2026-02-19T17:00:01.8999226Z Runner group name: 'Default'
end-workflow	Set up job	2026-02-19T17:00:01.9000339Z Machine name: 'swarm-runners-scaleset-hkss5-runner-bx4fm'
end-workflow	Set up job	2026-02-19T17:00:01.9005449Z ##[group]GITHUB_TOKEN Permissions
end-workflow	Set up job	2026-02-19T17:00:01.9008518Z Actions: write
end-workflow	Set up job	2026-02-19T17:00:01.9009211Z Contents: write
end-workflow	Set up job	2026-02-19T17:00:01.9009836Z Issues: write
end-workflow	Set up job	2026-02-19T17:00:01.9010524Z Metadata: read
end-workflow	Set up job	2026-02-19T17:00:01.9011139Z PullRequests: write
end-workflow	Set up job	2026-02-19T17:00:01.9011760Z ##[endgroup]
end-workflow	Set up job	2026-02-19T17:00:01.9014140Z Secret source: Actions
end-workflow	Set up job	2026-02-19T17:00:01.9014951Z Prepare workflow directory
end-workflow	Set up job	2026-02-19T17:00:01.9640723Z Prepare all required actions
end-workflow	Set up job	2026-02-19T17:00:01.9686366Z Getting action download info
end-workflow	Set up job	2026-02-19T17:00:02.5668428Z Download action repository 'actions/checkout@v4' (SHA:34e114876b0b11c390a56381ad16ebd13914f8d5)
end-workflow	Set up job	2026-02-19T17:00:03.4776756Z Complete job name: end-workflow
end-workflow	Checkout Repository	Ôªø2026-02-19T17:00:03.5422463Z ##[group]Run actions/checkout@v4
end-workflow	Checkout Repository	2026-02-19T17:00:03.5423377Z with:
end-workflow	Checkout Repository	2026-02-19T17:00:03.5423782Z   fetch-depth: 0
end-workflow	Checkout Repository	2026-02-19T17:00:03.5424199Z   repository: Ka0s-Klaus/ka0s
end-workflow	Checkout Repository	2026-02-19T17:00:03.5425211Z   token: ***
end-workflow	Checkout Repository	2026-02-19T17:00:03.5425749Z   ssh-strict: true
end-workflow	Checkout Repository	2026-02-19T17:00:03.5426153Z   ssh-user: git
end-workflow	Checkout Repository	2026-02-19T17:00:03.5426561Z   persist-credentials: true
end-workflow	Checkout Repository	2026-02-19T17:00:03.5427012Z   clean: true
end-workflow	Checkout Repository	2026-02-19T17:00:03.5427426Z   sparse-checkout-cone-mode: true
end-workflow	Checkout Repository	2026-02-19T17:00:03.5427927Z   fetch-tags: false
end-workflow	Checkout Repository	2026-02-19T17:00:03.5428336Z   show-progress: true
end-workflow	Checkout Repository	2026-02-19T17:00:03.5428752Z   lfs: false
end-workflow	Checkout Repository	2026-02-19T17:00:03.5429131Z   submodules: false
end-workflow	Checkout Repository	2026-02-19T17:00:03.5429543Z   set-safe-directory: true
end-workflow	Checkout Repository	2026-02-19T17:00:03.5430246Z env:
end-workflow	Checkout Repository	2026-02-19T17:00:03.5430637Z   PYTHON_VERSION: 3.9
end-workflow	Checkout Repository	2026-02-19T17:00:03.5431750Z   MONGO_SUPERUSER_CONNECTION: ***
end-workflow	Checkout Repository	2026-02-19T17:00:03.5432409Z   MONGO_NEW_PASS: ***
end-workflow	Checkout Repository	2026-02-19T17:00:03.5432976Z   MONGO_SCRIPT_CREATE: devops/core/mongo/scripts/add-doc-to-db.py
end-workflow	Checkout Repository	2026-02-19T17:00:03.5433836Z   KAOS_CODE: 22191542345
end-workflow	Checkout Repository	2026-02-19T17:00:03.5434335Z   KAOS_MODULE: [Ka0s] Autom add docs to MongoDB
end-workflow	Checkout Repository	2026-02-19T17:00:03.5434891Z   REPORT_SCAN: audit/
end-workflow	Checkout Repository	2026-02-19T17:00:03.5435849Z   REPORT_PATH: audit/mongodb/
end-workflow	Checkout Repository	2026-02-19T17:00:03.5436366Z   REPORT_FILENAME: mongo_setup_22191542345.json
end-workflow	Checkout Repository	2026-02-19T17:00:03.5437085Z   REPORT_FILENAME_LIST: mongo_list_22191542345.json
end-workflow	Checkout Repository	2026-02-19T17:00:03.5437713Z   REPORT_FILENAME_DB: mongo_create_db_22191542345.json
end-workflow	Checkout Repository	2026-02-19T17:00:03.5438258Z ##[endgroup]
end-workflow	Checkout Repository	2026-02-19T17:00:03.6740132Z Syncing repository: Ka0s-Klaus/ka0s
end-workflow	Checkout Repository	2026-02-19T17:00:03.6742122Z ##[group]Getting Git version info
end-workflow	Checkout Repository	2026-02-19T17:00:03.6742774Z Working directory is '/home/runner/_work/ka0s/ka0s'
end-workflow	Checkout Repository	2026-02-19T17:00:03.6743699Z [command]/usr/bin/git version
end-workflow	Checkout Repository	2026-02-19T17:00:03.6769060Z git version 2.52.0
end-workflow	Checkout Repository	2026-02-19T17:00:03.6797400Z ##[endgroup]
end-workflow	Checkout Repository	2026-02-19T17:00:03.6816578Z Temporarily overriding HOME='/home/runner/_work/_temp/0dcaf7d9-bf7d-4ea3-9ca3-0af1680fa2d8' before making global git config changes
end-workflow	Checkout Repository	2026-02-19T17:00:03.6819282Z Adding repository directory to the temporary git global config as a safe directory
end-workflow	Checkout Repository	2026-02-19T17:00:03.6848316Z [command]/usr/bin/git config --global --add safe.directory /home/runner/_work/ka0s/ka0s
end-workflow	Checkout Repository	2026-02-19T17:00:03.6898111Z Deleting the contents of '/home/runner/_work/ka0s/ka0s'
end-workflow	Checkout Repository	2026-02-19T17:00:03.6908532Z ##[group]Initializing the repository
end-workflow	Checkout Repository	2026-02-19T17:00:03.6912543Z [command]/usr/bin/git init /home/runner/_work/ka0s/ka0s
end-workflow	Checkout Repository	2026-02-19T17:00:03.6977061Z hint: Using 'master' as the name for the initial branch. This default branch name
end-workflow	Checkout Repository	2026-02-19T17:00:03.6978625Z hint: will change to "main" in Git 3.0. To configure the initial branch name
end-workflow	Checkout Repository	2026-02-19T17:00:03.6986324Z hint: to use in all of your new repositories, which will suppress this warning,
end-workflow	Checkout Repository	2026-02-19T17:00:03.6987500Z hint: call:
end-workflow	Checkout Repository	2026-02-19T17:00:03.6988270Z hint:
end-workflow	Checkout Repository	2026-02-19T17:00:03.6989101Z hint: 	git config --global init.defaultBranch <name>
end-workflow	Checkout Repository	2026-02-19T17:00:03.6989776Z hint:
end-workflow	Checkout Repository	2026-02-19T17:00:03.6990909Z hint: Names commonly chosen instead of 'master' are 'main', 'trunk' and
end-workflow	Checkout Repository	2026-02-19T17:00:03.6991854Z hint: 'development'. The just-created branch can be renamed via this command:
end-workflow	Checkout Repository	2026-02-19T17:00:03.6992608Z hint:
end-workflow	Checkout Repository	2026-02-19T17:00:03.6993018Z hint: 	git branch -m <name>
end-workflow	Checkout Repository	2026-02-19T17:00:03.6993479Z hint:
end-workflow	Checkout Repository	2026-02-19T17:00:03.6994097Z hint: Disable this message with "git config set advice.defaultBranchName false"
end-workflow	Checkout Repository	2026-02-19T17:00:03.6995251Z Initialized empty Git repository in /home/runner/_work/ka0s/ka0s/.git/
end-workflow	Checkout Repository	2026-02-19T17:00:03.7000102Z [command]/usr/bin/git remote add origin https://github.com/Ka0s-Klaus/ka0s
end-workflow	Checkout Repository	2026-02-19T17:00:03.7057142Z ##[endgroup]
end-workflow	Checkout Repository	2026-02-19T17:00:03.7058022Z ##[group]Disabling automatic garbage collection
end-workflow	Checkout Repository	2026-02-19T17:00:03.7058711Z [command]/usr/bin/git config --local gc.auto 0
end-workflow	Checkout Repository	2026-02-19T17:00:03.7108735Z ##[endgroup]
end-workflow	Checkout Repository	2026-02-19T17:00:03.7109502Z ##[group]Setting up auth
end-workflow	Checkout Repository	2026-02-19T17:00:03.7116175Z [command]/usr/bin/git config --local --name-only --get-regexp core\.sshCommand
end-workflow	Checkout Repository	2026-02-19T17:00:03.7164315Z [command]/usr/bin/git submodule foreach --recursive sh -c "git config --local --name-only --get-regexp 'core\.sshCommand' && git config --local --unset-all 'core.sshCommand' || :"
end-workflow	Checkout Repository	2026-02-19T17:00:03.7520730Z [command]/usr/bin/git config --local --name-only --get-regexp http\.https\:\/\/github\.com\/\.extraheader
end-workflow	Checkout Repository	2026-02-19T17:00:03.7568648Z [command]/usr/bin/git submodule foreach --recursive sh -c "git config --local --name-only --get-regexp 'http\.https\:\/\/github\.com\/\.extraheader' && git config --local --unset-all 'http.https://github.com/.extraheader' || :"
end-workflow	Checkout Repository	2026-02-19T17:00:03.7924542Z [command]/usr/bin/git config --local --name-only --get-regexp ^includeIf\.gitdir:
end-workflow	Checkout Repository	2026-02-19T17:00:03.7972231Z [command]/usr/bin/git submodule foreach --recursive git config --local --show-origin --name-only --get-regexp remote.origin.url
end-workflow	Checkout Repository	2026-02-19T17:00:03.8341371Z [command]/usr/bin/git config --local http.https://github.com/.extraheader AUTHORIZATION: basic ***
end-workflow	Checkout Repository	2026-02-19T17:00:03.8408398Z ##[endgroup]
end-workflow	Checkout Repository	2026-02-19T17:00:03.8409537Z ##[group]Fetching the repository
end-workflow	Checkout Repository	2026-02-19T17:00:03.8417932Z [command]/usr/bin/git -c protocol.version=2 fetch --prune --no-recurse-submodules origin +refs/heads/*:refs/remotes/origin/* +refs/tags/*:refs/tags/*
end-workflow	Checkout Repository	2026-02-19T17:00:25.8727204Z From https://github.com/Ka0s-Klaus/ka0s
end-workflow	Checkout Repository	2026-02-19T17:00:25.8728442Z  * [new branch]          F3450-modelo-operativo -> origin/F3450-modelo-operativo
end-workflow	Checkout Repository	2026-02-19T17:00:25.8739028Z  * [new branch]          H1276-modulo-observabilidad -> origin/H1276-modulo-observabilidad
end-workflow	Checkout Repository	2026-02-19T17:00:25.8740503Z  * [new branch]          H3596-deploy-itop      -> origin/H3596-deploy-itop
end-workflow	Checkout Repository	2026-02-19T17:00:25.8744411Z  * [new branch]          H4170-flujo-detallado-zabbix---github -> origin/H4170-flujo-detallado-zabbix---github
end-workflow	Checkout Repository	2026-02-19T17:00:25.8748492Z  * [new branch]          main                   -> origin/main
end-workflow	Checkout Repository	2026-02-19T17:00:25.8748964Z  * [new tag]             0.0.0                  -> 0.0.0
end-workflow	Checkout Repository	2026-02-19T17:00:25.8749373Z  * [new tag]             0.0.1                  -> 0.0.1
end-workflow	Checkout Repository	2026-02-19T17:00:25.8749880Z  * [new tag]             0.0.10                 -> 0.0.10
end-workflow	Checkout Repository	2026-02-19T17:00:25.8750335Z  * [new tag]             0.0.100                -> 0.0.100
end-workflow	Checkout Repository	2026-02-19T17:00:25.8750736Z  * [new tag]             0.0.101                -> 0.0.101
end-workflow	Checkout Repository	2026-02-19T17:00:25.8751164Z  * [new tag]             0.0.102                -> 0.0.102
end-workflow	Checkout Repository	2026-02-19T17:00:25.8751603Z  * [new tag]             0.0.103                -> 0.0.103
end-workflow	Checkout Repository	2026-02-19T17:00:25.8752054Z  * [new tag]             0.0.104                -> 0.0.104
end-workflow	Checkout Repository	2026-02-19T17:00:25.8752481Z  * [new tag]             0.0.105                -> 0.0.105
end-workflow	Checkout Repository	2026-02-19T17:00:25.8752928Z  * [new tag]             0.0.106                -> 0.0.106
end-workflow	Checkout Repository	2026-02-19T17:00:25.8753342Z  * [new tag]             0.0.107                -> 0.0.107
end-workflow	Checkout Repository	2026-02-19T17:00:25.8753743Z  * [new tag]             0.0.108                -> 0.0.108
end-workflow	Checkout Repository	2026-02-19T17:00:25.8754182Z  * [new tag]             0.0.109                -> 0.0.109
end-workflow	Checkout Repository	2026-02-19T17:00:25.8779899Z  * [new tag]             0.0.11                 -> 0.0.11
end-workflow	Checkout Repository	2026-02-19T17:00:25.8780873Z  * [new tag]             0.0.110                -> 0.0.110
end-workflow	Checkout Repository	2026-02-19T17:00:25.8781298Z  * [new tag]             0.0.111                -> 0.0.111
end-workflow	Checkout Repository	2026-02-19T17:00:25.8781709Z  * [new tag]             0.0.112                -> 0.0.112
end-workflow	Checkout Repository	2026-02-19T17:00:25.8782119Z  * [new tag]             0.0.113                -> 0.0.113
end-workflow	Checkout Repository	2026-02-19T17:00:25.8782572Z  * [new tag]             0.0.114                -> 0.0.114
end-workflow	Checkout Repository	2026-02-19T17:00:25.8782979Z  * [new tag]             0.0.115                -> 0.0.115
end-workflow	Checkout Repository	2026-02-19T17:00:25.8783403Z  * [new tag]             0.0.116                -> 0.0.116
end-workflow	Checkout Repository	2026-02-19T17:00:25.8783885Z  * [new tag]             0.0.117                -> 0.0.117
end-workflow	Checkout Repository	2026-02-19T17:00:25.8784372Z  * [new tag]             0.0.118                -> 0.0.118
end-workflow	Checkout Repository	2026-02-19T17:00:25.8795694Z  * [new tag]             0.0.119                -> 0.0.119
end-workflow	Checkout Repository	2026-02-19T17:00:25.8796493Z  * [new tag]             0.0.12                 -> 0.0.12
end-workflow	Checkout Repository	2026-02-19T17:00:25.8797435Z  * [new tag]             0.0.120                -> 0.0.120
end-workflow	Checkout Repository	2026-02-19T17:00:25.8797844Z  * [new tag]             0.0.121                -> 0.0.121
end-workflow	Checkout Repository	2026-02-19T17:00:25.8798261Z  * [new tag]             0.0.122                -> 0.0.122
end-workflow	Checkout Repository	2026-02-19T17:00:25.8798670Z  * [new tag]             0.0.123                -> 0.0.123
end-workflow	Checkout Repository	2026-02-19T17:00:25.8799081Z  * [new tag]             0.0.124                -> 0.0.124
end-workflow	Checkout Repository	2026-02-19T17:00:25.8799489Z  * [new tag]             0.0.125                -> 0.0.125
end-workflow	Checkout Repository	2026-02-19T17:00:25.8799910Z  * [new tag]             0.0.126                -> 0.0.126
end-workflow	Checkout Repository	2026-02-19T17:00:25.8800321Z  * [new tag]             0.0.127                -> 0.0.127
end-workflow	Checkout Repository	2026-02-19T17:00:25.8800730Z  * [new tag]             0.0.128                -> 0.0.128
end-workflow	Checkout Repository	2026-02-19T17:00:25.8801137Z  * [new tag]             0.0.129                -> 0.0.129
end-workflow	Checkout Repository	2026-02-19T17:00:25.8801545Z  * [new tag]             0.0.13                 -> 0.0.13
end-workflow	Checkout Repository	2026-02-19T17:00:25.8801950Z  * [new tag]             0.0.130                -> 0.0.130
end-workflow	Checkout Repository	2026-02-19T17:00:25.8802400Z  * [new tag]             0.0.131                -> 0.0.131
end-workflow	Checkout Repository	2026-02-19T17:00:25.8802814Z  * [new tag]             0.0.132                -> 0.0.132
end-workflow	Checkout Repository	2026-02-19T17:00:25.8892058Z  * [new tag]             0.0.133                -> 0.0.133
end-workflow	Checkout Repository	2026-02-19T17:00:25.8892938Z  * [new tag]             0.0.134                -> 0.0.134
end-workflow	Checkout Repository	2026-02-19T17:00:25.8893339Z  * [new tag]             0.0.135                -> 0.0.135
end-workflow	Checkout Repository	2026-02-19T17:00:25.8893886Z  * [new tag]             0.0.136                -> 0.0.136
end-workflow	Checkout Repository	2026-02-19T17:00:25.8894273Z  * [new tag]             0.0.137                -> 0.0.137
end-workflow	Checkout Repository	2026-02-19T17:00:25.8894662Z  * [new tag]             0.0.138                -> 0.0.138
end-workflow	Checkout Repository	2026-02-19T17:00:25.8895093Z  * [new tag]             0.0.139                -> 0.0.139
end-workflow	Checkout Repository	2026-02-19T17:00:25.8895487Z  * [new tag]             0.0.14                 -> 0.0.14
end-workflow	Checkout Repository	2026-02-19T17:00:25.8895876Z  * [new tag]             0.0.140                -> 0.0.140
end-workflow	Checkout Repository	2026-02-19T17:00:25.8896309Z  * [new tag]             0.0.141                -> 0.0.141
end-workflow	Checkout Repository	2026-02-19T17:00:25.8896698Z  * [new tag]             0.0.142                -> 0.0.142
end-workflow	Checkout Repository	2026-02-19T17:00:25.8897080Z  * [new tag]             0.0.143                -> 0.0.143
end-workflow	Checkout Repository	2026-02-19T17:00:25.8897471Z  * [new tag]             0.0.144                -> 0.0.144
end-workflow	Checkout Repository	2026-02-19T17:00:25.8897861Z  * [new tag]             0.0.145                -> 0.0.145
end-workflow	Checkout Repository	2026-02-19T17:00:25.8898253Z  * [new tag]             0.0.146                -> 0.0.146
end-workflow	Checkout Repository	2026-02-19T17:00:25.8898637Z  * [new tag]             0.0.147                -> 0.0.147
end-workflow	Checkout Repository	2026-02-19T17:00:25.8899025Z  * [new tag]             0.0.148                -> 0.0.148
end-workflow	Checkout Repository	2026-02-19T17:00:25.8899413Z  * [new tag]             0.0.149                -> 0.0.149
end-workflow	Checkout Repository	2026-02-19T17:00:25.8899797Z  * [new tag]             0.0.15                 -> 0.0.15
end-workflow	Checkout Repository	2026-02-19T17:00:25.8900188Z  * [new tag]             0.0.150                -> 0.0.150
end-workflow	Checkout Repository	2026-02-19T17:00:25.8900592Z  * [new tag]             0.0.151                -> 0.0.151
end-workflow	Checkout Repository	2026-02-19T17:00:25.8901294Z  * [new tag]             0.0.152                -> 0.0.152
end-workflow	Checkout Repository	2026-02-19T17:00:25.8901684Z  * [new tag]             0.0.153                -> 0.0.153
end-workflow	Checkout Repository	2026-02-19T17:00:25.8902071Z  * [new tag]             0.0.154                -> 0.0.154
end-workflow	Checkout Repository	2026-02-19T17:00:25.8902460Z  * [new tag]             0.0.155                -> 0.0.155
end-workflow	Checkout Repository	2026-02-19T17:00:25.8902846Z  * [new tag]             0.0.156                -> 0.0.156
end-workflow	Checkout Repository	2026-02-19T17:00:25.8903234Z  * [new tag]             0.0.157                -> 0.0.157
end-workflow	Checkout Repository	2026-02-19T17:00:25.8903618Z  * [new tag]             0.0.158                -> 0.0.158
end-workflow	Checkout Repository	2026-02-19T17:00:25.8904003Z  * [new tag]             0.0.159                -> 0.0.159
end-workflow	Checkout Repository	2026-02-19T17:00:25.8904389Z  * [new tag]             0.0.16                 -> 0.0.16
end-workflow	Checkout Repository	2026-02-19T17:00:25.8904773Z  * [new tag]             0.0.160                -> 0.0.160
end-workflow	Checkout Repository	2026-02-19T17:00:25.8905447Z  * [new tag]             0.0.161                -> 0.0.161
end-workflow	Checkout Repository	2026-02-19T17:00:25.8905966Z  * [new tag]             0.0.162                -> 0.0.162
end-workflow	Checkout Repository	2026-02-19T17:00:25.8906579Z  * [new tag]             0.0.163                -> 0.0.163
end-workflow	Checkout Repository	2026-02-19T17:00:25.8906962Z  * [new tag]             0.0.164                -> 0.0.164
end-workflow	Checkout Repository	2026-02-19T17:00:25.8907352Z  * [new tag]             0.0.165                -> 0.0.165
end-workflow	Checkout Repository	2026-02-19T17:00:25.8907739Z  * [new tag]             0.0.166                -> 0.0.166
end-workflow	Checkout Repository	2026-02-19T17:00:25.8908122Z  * [new tag]             0.0.167                -> 0.0.167
end-workflow	Checkout Repository	2026-02-19T17:00:25.8908512Z  * [new tag]             0.0.168                -> 0.0.168
end-workflow	Checkout Repository	2026-02-19T17:00:25.8908896Z  * [new tag]             0.0.169                -> 0.0.169
end-workflow	Checkout Repository	2026-02-19T17:00:25.8909282Z  * [new tag]             0.0.17                 -> 0.0.17
end-workflow	Checkout Repository	2026-02-19T17:00:25.8909661Z  * [new tag]             0.0.170                -> 0.0.170
end-workflow	Checkout Repository	2026-02-19T17:00:25.8910048Z  * [new tag]             0.0.171                -> 0.0.171
end-workflow	Checkout Repository	2026-02-19T17:00:25.8910436Z  * [new tag]             0.0.172                -> 0.0.172
end-workflow	Checkout Repository	2026-02-19T17:00:25.8910831Z  * [new tag]             0.0.173                -> 0.0.173
end-workflow	Checkout Repository	2026-02-19T17:00:25.8911212Z  * [new tag]             0.0.174                -> 0.0.174
end-workflow	Checkout Repository	2026-02-19T17:00:25.8911599Z  * [new tag]             0.0.175                -> 0.0.175
end-workflow	Checkout Repository	2026-02-19T17:00:25.8911986Z  * [new tag]             0.0.176                -> 0.0.176
end-workflow	Checkout Repository	2026-02-19T17:00:25.8912368Z  * [new tag]             0.0.177                -> 0.0.177
end-workflow	Checkout Repository	2026-02-19T17:00:25.8912754Z  * [new tag]             0.0.178                -> 0.0.178
end-workflow	Checkout Repository	2026-02-19T17:00:25.8913141Z  * [new tag]             0.0.179                -> 0.0.179
end-workflow	Checkout Repository	2026-02-19T17:00:25.8913527Z  * [new tag]             0.0.18                 -> 0.0.18
end-workflow	Checkout Repository	2026-02-19T17:00:25.8913912Z  * [new tag]             0.0.19                 -> 0.0.19
end-workflow	Checkout Repository	2026-02-19T17:00:25.8914297Z  * [new tag]             0.0.2                  -> 0.0.2
end-workflow	Checkout Repository	2026-02-19T17:00:25.8914684Z  * [new tag]             0.0.20                 -> 0.0.20
end-workflow	Checkout Repository	2026-02-19T17:00:25.8915121Z  * [new tag]             0.0.21                 -> 0.0.21
end-workflow	Checkout Repository	2026-02-19T17:00:25.8915524Z  * [new tag]             0.0.22                 -> 0.0.22
end-workflow	Checkout Repository	2026-02-19T17:00:25.8915908Z  * [new tag]             0.0.23                 -> 0.0.23
end-workflow	Checkout Repository	2026-02-19T17:00:25.8916294Z  * [new tag]             0.0.24                 -> 0.0.24
end-workflow	Checkout Repository	2026-02-19T17:00:25.8916679Z  * [new tag]             0.0.25                 -> 0.0.25
end-workflow	Checkout Repository	2026-02-19T17:00:25.8917072Z  * [new tag]             0.0.26                 -> 0.0.26
end-workflow	Checkout Repository	2026-02-19T17:00:25.8917452Z  * [new tag]             0.0.27                 -> 0.0.27
end-workflow	Checkout Repository	2026-02-19T17:00:25.8917838Z  * [new tag]             0.0.28                 -> 0.0.28
end-workflow	Checkout Repository	2026-02-19T17:00:25.8918222Z  * [new tag]             0.0.29                 -> 0.0.29
end-workflow	Checkout Repository	2026-02-19T17:00:25.8918604Z  * [new tag]             0.0.3                  -> 0.0.3
end-workflow	Checkout Repository	2026-02-19T17:00:25.8918985Z  * [new tag]             0.0.30                 -> 0.0.30
end-workflow	Checkout Repository	2026-02-19T17:00:25.8919373Z  * [new tag]             0.0.31                 -> 0.0.31
end-workflow	Checkout Repository	2026-02-19T17:00:25.8919763Z  * [new tag]             0.0.32                 -> 0.0.32
end-workflow	Checkout Repository	2026-02-19T17:00:25.8920348Z  * [new tag]             0.0.33                 -> 0.0.33
end-workflow	Checkout Repository	2026-02-19T17:00:25.8920736Z  * [new tag]             0.0.34                 -> 0.0.34
end-workflow	Checkout Repository	2026-02-19T17:00:25.8921119Z  * [new tag]             0.0.35                 -> 0.0.35
end-workflow	Checkout Repository	2026-02-19T17:00:25.8921505Z  * [new tag]             0.0.36                 -> 0.0.36
end-workflow	Checkout Repository	2026-02-19T17:00:25.8921882Z  * [new tag]             0.0.37                 -> 0.0.37
end-workflow	Checkout Repository	2026-02-19T17:00:25.8922269Z  * [new tag]             0.0.38                 -> 0.0.38
end-workflow	Checkout Repository	2026-02-19T17:00:25.8922655Z  * [new tag]             0.0.39                 -> 0.0.39
end-workflow	Checkout Repository	2026-02-19T17:00:25.8923035Z  * [new tag]             0.0.4                  -> 0.0.4
end-workflow	Checkout Repository	2026-02-19T17:00:25.8923419Z  * [new tag]             0.0.40                 -> 0.0.40
end-workflow	Checkout Repository	2026-02-19T17:00:25.8923809Z  * [new tag]             0.0.41                 -> 0.0.41
end-workflow	Checkout Repository	2026-02-19T17:00:25.8924193Z  * [new tag]             0.0.42                 -> 0.0.42
end-workflow	Checkout Repository	2026-02-19T17:00:25.8924574Z  * [new tag]             0.0.43                 -> 0.0.43
end-workflow	Checkout Repository	2026-02-19T17:00:25.8925205Z  * [new tag]             0.0.44                 -> 0.0.44
end-workflow	Checkout Repository	2026-02-19T17:00:25.8925593Z  * [new tag]             0.0.45                 -> 0.0.45
end-workflow	Checkout Repository	2026-02-19T17:00:25.8925980Z  * [new tag]             0.0.46                 -> 0.0.46
end-workflow	Checkout Repository	2026-02-19T17:00:25.8926360Z  * [new tag]             0.0.47                 -> 0.0.47
end-workflow	Checkout Repository	2026-02-19T17:00:25.8926746Z  * [new tag]             0.0.48                 -> 0.0.48
end-workflow	Checkout Repository	2026-02-19T17:00:25.8927131Z  * [new tag]             0.0.49                 -> 0.0.49
end-workflow	Checkout Repository	2026-02-19T17:00:25.8927514Z  * [new tag]             0.0.5                  -> 0.0.5
end-workflow	Checkout Repository	2026-02-19T17:00:25.8927903Z  * [new tag]             0.0.50                 -> 0.0.50
end-workflow	Checkout Repository	2026-02-19T17:00:25.8928289Z  * [new tag]             0.0.51                 -> 0.0.51
end-workflow	Checkout Repository	2026-02-19T17:00:25.8928678Z  * [new tag]             0.0.52                 -> 0.0.52
end-workflow	Checkout Repository	2026-02-19T17:00:25.8929059Z  * [new tag]             0.0.53                 -> 0.0.53
end-workflow	Checkout Repository	2026-02-19T17:00:25.8929457Z  * [new tag]             0.0.54                 -> 0.0.54
end-workflow	Checkout Repository	2026-02-19T17:00:25.8929846Z  * [new tag]             0.0.55                 -> 0.0.55
end-workflow	Checkout Repository	2026-02-19T17:00:25.8930231Z  * [new tag]             0.0.56                 -> 0.0.56
end-workflow	Checkout Repository	2026-02-19T17:00:25.8930615Z  * [new tag]             0.0.57                 -> 0.0.57
end-workflow	Checkout Repository	2026-02-19T17:00:25.8930999Z  * [new tag]             0.0.58                 -> 0.0.58
end-workflow	Checkout Repository	2026-02-19T17:00:25.8931387Z  * [new tag]             0.0.59                 -> 0.0.59
end-workflow	Checkout Repository	2026-02-19T17:00:25.8931769Z  * [new tag]             0.0.6                  -> 0.0.6
end-workflow	Checkout Repository	2026-02-19T17:00:25.8932154Z  * [new tag]             0.0.60                 -> 0.0.60
end-workflow	Checkout Repository	2026-02-19T17:00:25.8932545Z  * [new tag]             0.0.61                 -> 0.0.61
end-workflow	Checkout Repository	2026-02-19T17:00:25.8932931Z  * [new tag]             0.0.62                 -> 0.0.62
end-workflow	Checkout Repository	2026-02-19T17:00:25.8933313Z  * [new tag]             0.0.63                 -> 0.0.63
end-workflow	Checkout Repository	2026-02-19T17:00:25.8933700Z  * [new tag]             0.0.64                 -> 0.0.64
end-workflow	Checkout Repository	2026-02-19T17:00:25.8934096Z  * [new tag]             0.0.65                 -> 0.0.65
end-workflow	Checkout Repository	2026-02-19T17:00:25.8934478Z  * [new tag]             0.0.66                 -> 0.0.66
end-workflow	Checkout Repository	2026-02-19T17:00:25.8934867Z  * [new tag]             0.0.67                 -> 0.0.67
end-workflow	Checkout Repository	2026-02-19T17:00:25.8935445Z  * [new tag]             0.0.68                 -> 0.0.68
end-workflow	Checkout Repository	2026-02-19T17:00:25.8935963Z  * [new tag]             0.0.69                 -> 0.0.69
end-workflow	Checkout Repository	2026-02-19T17:00:25.8936346Z  * [new tag]             0.0.7                  -> 0.0.7
end-workflow	Checkout Repository	2026-02-19T17:00:25.8936731Z  * [new tag]             0.0.70                 -> 0.0.70
end-workflow	Checkout Repository	2026-02-19T17:00:25.8937117Z  * [new tag]             0.0.71                 -> 0.0.71
end-workflow	Checkout Repository	2026-02-19T17:00:25.8937504Z  * [new tag]             0.0.72                 -> 0.0.72
end-workflow	Checkout Repository	2026-02-19T17:00:25.8937887Z  * [new tag]             0.0.73                 -> 0.0.73
end-workflow	Checkout Repository	2026-02-19T17:00:25.8938273Z  * [new tag]             0.0.74                 -> 0.0.74
end-workflow	Checkout Repository	2026-02-19T17:00:25.8938661Z  * [new tag]             0.0.75                 -> 0.0.75
end-workflow	Checkout Repository	2026-02-19T17:00:25.8939272Z  * [new tag]             0.0.76                 -> 0.0.76
end-workflow	Checkout Repository	2026-02-19T17:00:25.8939662Z  * [new tag]             0.0.77                 -> 0.0.77
end-workflow	Checkout Repository	2026-02-19T17:00:25.8940049Z  * [new tag]             0.0.78                 -> 0.0.78
end-workflow	Checkout Repository	2026-02-19T17:00:25.8940436Z  * [new tag]             0.0.79                 -> 0.0.79
end-workflow	Checkout Repository	2026-02-19T17:00:25.8940817Z  * [new tag]             0.0.8                  -> 0.0.8
end-workflow	Checkout Repository	2026-02-19T17:00:25.8941207Z  * [new tag]             0.0.80                 -> 0.0.80
end-workflow	Checkout Repository	2026-02-19T17:00:25.8941596Z  * [new tag]             0.0.81                 -> 0.0.81
end-workflow	Checkout Repository	2026-02-19T17:00:25.8941983Z  * [new tag]             0.0.82                 -> 0.0.82
end-workflow	Checkout Repository	2026-02-19T17:00:25.8955619Z  * [new tag]             0.0.83                 -> 0.0.83
end-workflow	Checkout Repository	2026-02-19T17:00:25.8956319Z  * [new tag]             0.0.84                 -> 0.0.84
end-workflow	Checkout Repository	2026-02-19T17:00:25.8956733Z  * [new tag]             0.0.85                 -> 0.0.85
end-workflow	Checkout Repository	2026-02-19T17:00:25.8957139Z  * [new tag]             0.0.86                 -> 0.0.86
end-workflow	Checkout Repository	2026-02-19T17:00:25.8958013Z  * [new tag]             0.0.87                 -> 0.0.87
end-workflow	Checkout Repository	2026-02-19T17:00:25.8958412Z  * [new tag]             0.0.88                 -> 0.0.88
end-workflow	Checkout Repository	2026-02-19T17:00:25.8958808Z  * [new tag]             0.0.89                 -> 0.0.89
end-workflow	Checkout Repository	2026-02-19T17:00:25.8959204Z  * [new tag]             0.0.9                  -> 0.0.9
end-workflow	Checkout Repository	2026-02-19T17:00:25.8959630Z  * [new tag]             0.0.90                 -> 0.0.90
end-workflow	Checkout Repository	2026-02-19T17:00:25.8960047Z  * [new tag]             0.0.91                 -> 0.0.91
end-workflow	Checkout Repository	2026-02-19T17:00:25.8960483Z  * [new tag]             0.0.92                 -> 0.0.92
end-workflow	Checkout Repository	2026-02-19T17:00:25.8960880Z  * [new tag]             0.0.93                 -> 0.0.93
end-workflow	Checkout Repository	2026-02-19T17:00:25.8961283Z  * [new tag]             0.0.94                 -> 0.0.94
end-workflow	Checkout Repository	2026-02-19T17:00:25.8961799Z  * [new tag]             0.0.95                 -> 0.0.95
end-workflow	Checkout Repository	2026-02-19T17:00:25.8962182Z  * [new tag]             0.0.96                 -> 0.0.96
end-workflow	Checkout Repository	2026-02-19T17:00:25.8962577Z  * [new tag]             0.0.97                 -> 0.0.97
end-workflow	Checkout Repository	2026-02-19T17:00:25.8962972Z  * [new tag]             0.0.98                 -> 0.0.98
end-workflow	Checkout Repository	2026-02-19T17:00:25.8963367Z  * [new tag]             0.0.99                 -> 0.0.99
end-workflow	Checkout Repository	2026-02-19T17:00:25.8963752Z  * [new tag]             0.1.0                  -> 0.1.0
end-workflow	Checkout Repository	2026-02-19T17:00:25.8964140Z  * [new tag]             0.1.1                  -> 0.1.1
end-workflow	Checkout Repository	2026-02-19T17:00:25.8964531Z  * [new tag]             0.2.0                  -> 0.2.0
end-workflow	Checkout Repository	2026-02-19T17:00:25.8964911Z  * [new tag]             0.3.0                  -> 0.3.0
end-workflow	Checkout Repository	2026-02-19T17:00:25.8965638Z  * [new tag]             0.3.1                  -> 0.3.1
end-workflow	Checkout Repository	2026-02-19T17:00:25.8966042Z  * [new tag]             0.3.10                 -> 0.3.10
end-workflow	Checkout Repository	2026-02-19T17:00:25.8966556Z  * [new tag]             0.3.11                 -> 0.3.11
end-workflow	Checkout Repository	2026-02-19T17:00:25.8966968Z  * [new tag]             0.3.12                 -> 0.3.12
end-workflow	Checkout Repository	2026-02-19T17:00:25.8967357Z  * [new tag]             0.3.13                 -> 0.3.13
end-workflow	Checkout Repository	2026-02-19T17:00:25.8967751Z  * [new tag]             0.3.14                 -> 0.3.14
end-workflow	Checkout Repository	2026-02-19T17:00:25.8968137Z  * [new tag]             0.3.15                 -> 0.3.15
end-workflow	Checkout Repository	2026-02-19T17:00:25.8968524Z  * [new tag]             0.3.16                 -> 0.3.16
end-workflow	Checkout Repository	2026-02-19T17:00:25.8968909Z  * [new tag]             0.3.17                 -> 0.3.17
end-workflow	Checkout Repository	2026-02-19T17:00:25.8969289Z  * [new tag]             0.3.2                  -> 0.3.2
end-workflow	Checkout Repository	2026-02-19T17:00:25.8969672Z  * [new tag]             0.3.3                  -> 0.3.3
end-workflow	Checkout Repository	2026-02-19T17:00:25.8970055Z  * [new tag]             0.3.4                  -> 0.3.4
end-workflow	Checkout Repository	2026-02-19T17:00:25.8970434Z  * [new tag]             0.3.5                  -> 0.3.5
end-workflow	Checkout Repository	2026-02-19T17:00:25.8970817Z  * [new tag]             0.3.6                  -> 0.3.6
end-workflow	Checkout Repository	2026-02-19T17:00:25.8971197Z  * [new tag]             0.3.7                  -> 0.3.7
end-workflow	Checkout Repository	2026-02-19T17:00:25.8971579Z  * [new tag]             0.3.8                  -> 0.3.8
end-workflow	Checkout Repository	2026-02-19T17:00:25.8971954Z  * [new tag]             0.3.9                  -> 0.3.9
end-workflow	Checkout Repository	2026-02-19T17:00:25.8972576Z  * [new tag]             0.4.0                  -> 0.4.0
end-workflow	Checkout Repository	2026-02-19T17:00:25.8972962Z  * [new tag]             0.4.1                  -> 0.4.1
end-workflow	Checkout Repository	2026-02-19T17:00:25.8973340Z  * [new tag]             0.4.2                  -> 0.4.2
end-workflow	Checkout Repository	2026-02-19T17:00:25.8973727Z  * [new tag]             0.4.3                  -> 0.4.3
end-workflow	Checkout Repository	2026-02-19T17:00:25.8974109Z  * [new tag]             0.4.4                  -> 0.4.4
end-workflow	Checkout Repository	2026-02-19T17:00:25.8974491Z  * [new tag]             0.4.5                  -> 0.4.5
end-workflow	Checkout Repository	2026-02-19T17:00:25.8974869Z  * [new tag]             0.4.6                  -> 0.4.6
end-workflow	Checkout Repository	2026-02-19T17:00:25.8975653Z  * [new tag]             0.4.7                  -> 0.4.7
end-workflow	Checkout Repository	2026-02-19T17:00:25.8976040Z  * [new tag]             0.4.8                  -> 0.4.8
end-workflow	Checkout Repository	2026-02-19T17:00:25.8976425Z  * [new tag]             0.4.9                  -> 0.4.9
end-workflow	Checkout Repository	2026-02-19T17:00:25.8976801Z  * [new tag]             0.5.0                  -> 0.5.0
end-workflow	Checkout Repository	2026-02-19T17:00:25.8977185Z  * [new tag]             0.5.1                  -> 0.5.1
end-workflow	Checkout Repository	2026-02-19T17:00:25.8977773Z  * [new tag]             0.5.2                  -> 0.5.2
end-workflow	Checkout Repository	2026-02-19T17:00:25.8978238Z  * [new tag]             0.6.0                  -> 0.6.0
end-workflow	Checkout Repository	2026-02-19T17:00:25.8978621Z  * [new tag]             0.6.1                  -> 0.6.1
end-workflow	Checkout Repository	2026-02-19T17:00:25.8979006Z  * [new tag]             0.6.2                  -> 0.6.2
end-workflow	Checkout Repository	2026-02-19T17:00:25.9149250Z [command]/usr/bin/git branch --list --remote origin/main
end-workflow	Checkout Repository	2026-02-19T17:00:25.9238325Z   origin/main
end-workflow	Checkout Repository	2026-02-19T17:00:25.9252986Z [command]/usr/bin/git rev-parse refs/remotes/origin/main
end-workflow	Checkout Repository	2026-02-19T17:00:25.9298317Z 5f1b73abe05c6f0cb49d0f720edc52927b806824
end-workflow	Checkout Repository	2026-02-19T17:00:25.9316540Z [command]/usr/bin/git -c protocol.version=2 fetch --no-tags --prune --no-recurse-submodules origin +5dbc2298fedd36a75596ea6b4574a9e09bfa78ca:refs/remotes/origin/main
end-workflow	Checkout Repository	2026-02-19T17:00:25.9546152Z From https://github.com/Ka0s-Klaus/ka0s
end-workflow	Checkout Repository	2026-02-19T17:00:25.9547014Z  + 5f1b73abe...5dbc2298f 5dbc2298fedd36a75596ea6b4574a9e09bfa78ca -> origin/main  (forced update)
end-workflow	Checkout Repository	2026-02-19T17:00:25.9610853Z ##[endgroup]
end-workflow	Checkout Repository	2026-02-19T17:00:25.9619304Z ##[group]Determining the checkout info
end-workflow	Checkout Repository	2026-02-19T17:00:25.9619966Z ##[endgroup]
end-workflow	Checkout Repository	2026-02-19T17:00:25.9620314Z [command]/usr/bin/git sparse-checkout disable
end-workflow	Checkout Repository	2026-02-19T17:00:25.9668648Z [command]/usr/bin/git config --local --unset-all extensions.worktreeConfig
end-workflow	Checkout Repository	2026-02-19T17:00:25.9710625Z ##[group]Checking out the ref
end-workflow	Checkout Repository	2026-02-19T17:00:25.9714200Z [command]/usr/bin/git checkout --progress --force -B main refs/remotes/origin/main
end-workflow	Checkout Repository	2026-02-19T17:00:26.2396456Z Switched to a new branch 'main'
end-workflow	Checkout Repository	2026-02-19T17:00:26.2400742Z branch 'main' set up to track 'origin/main'.
end-workflow	Checkout Repository	2026-02-19T17:00:26.2450802Z ##[endgroup]
end-workflow	Checkout Repository	2026-02-19T17:00:26.2513677Z [command]/usr/bin/git log -1 --format=%H
end-workflow	Checkout Repository	2026-02-19T17:00:26.2549849Z 5dbc2298fedd36a75596ea6b4574a9e09bfa78ca
end-workflow	Install GH CLI	Ôªø2026-02-19T17:00:26.2887106Z Prepare all required actions
end-workflow	Install GH CLI	2026-02-19T17:00:26.2951593Z ##[group]Run ./.github/actions/install-gh-cli
end-workflow	Install GH CLI	2026-02-19T17:00:26.2952017Z env:
end-workflow	Install GH CLI	2026-02-19T17:00:26.2952266Z   PYTHON_VERSION: 3.9
end-workflow	Install GH CLI	2026-02-19T17:00:26.2954236Z   MONGO_SUPERUSER_CONNECTION: ***
end-workflow	Install GH CLI	2026-02-19T17:00:26.2954716Z   MONGO_NEW_PASS: ***
end-workflow	Install GH CLI	2026-02-19T17:00:26.2955470Z   MONGO_SCRIPT_CREATE: devops/core/mongo/scripts/add-doc-to-db.py
end-workflow	Install GH CLI	2026-02-19T17:00:26.2955919Z   KAOS_CODE: 22191542345
end-workflow	Install GH CLI	2026-02-19T17:00:26.2956252Z   KAOS_MODULE: [Ka0s] Autom add docs to MongoDB
end-workflow	Install GH CLI	2026-02-19T17:00:26.2956611Z   REPORT_SCAN: audit/
end-workflow	Install GH CLI	2026-02-19T17:00:26.2956921Z   REPORT_PATH: audit/mongodb/
end-workflow	Install GH CLI	2026-02-19T17:00:26.2957384Z   REPORT_FILENAME: mongo_setup_22191542345.json
end-workflow	Install GH CLI	2026-02-19T17:00:26.2957896Z   REPORT_FILENAME_LIST: mongo_list_22191542345.json
end-workflow	Install GH CLI	2026-02-19T17:00:26.2958323Z   REPORT_FILENAME_DB: mongo_create_db_22191542345.json
end-workflow	Install GH CLI	2026-02-19T17:00:26.2958701Z ##[endgroup]
end-workflow	Install GH CLI	2026-02-19T17:00:26.3063877Z ##[group]Run type -p curl >/dev/null || (sudo apt-get update && sudo apt-get install curl -y)
end-workflow	Install GH CLI	2026-02-19T17:00:26.3064742Z [36;1mtype -p curl >/dev/null || (sudo apt-get update && sudo apt-get install curl -y)[0m
end-workflow	Install GH CLI	2026-02-19T17:00:26.3066689Z [36;1mcurl -fsSL https://cli.github.com/packages/githubcli-archive-keyring.gpg | sudo dd of=/usr/share/keyrings/githubcli-archive-keyring.gpg \[0m
end-workflow	Install GH CLI	2026-02-19T17:00:26.3067580Z [36;1m&& sudo chmod go+r /usr/share/keyrings/githubcli-archive-keyring.gpg \[0m
end-workflow	Install GH CLI	2026-02-19T17:00:26.3068751Z [36;1m&& echo "deb [arch=$(dpkg --print-architecture) signed-by=/usr/share/keyrings/githubcli-archive-keyring.gpg] https://cli.github.com/packages stable main" | sudo tee /etc/apt/sources.list.d/github-cli.list > /dev/null \[0m
end-workflow	Install GH CLI	2026-02-19T17:00:26.3069831Z [36;1m&& sudo apt-get update \[0m
end-workflow	Install GH CLI	2026-02-19T17:00:26.3070198Z [36;1m&& sudo apt-get install gh -y[0m
end-workflow	Install GH CLI	2026-02-19T17:00:26.3088987Z shell: /usr/bin/bash --noprofile --norc -e -o pipefail {0}
end-workflow	Install GH CLI	2026-02-19T17:00:26.3089442Z env:
end-workflow	Install GH CLI	2026-02-19T17:00:26.3089723Z   PYTHON_VERSION: 3.9
end-workflow	Install GH CLI	2026-02-19T17:00:26.3090848Z   MONGO_SUPERUSER_CONNECTION: ***
end-workflow	Install GH CLI	2026-02-19T17:00:26.3091303Z   MONGO_NEW_PASS: ***
end-workflow	Install GH CLI	2026-02-19T17:00:26.3091675Z   MONGO_SCRIPT_CREATE: devops/core/mongo/scripts/add-doc-to-db.py
end-workflow	Install GH CLI	2026-02-19T17:00:26.3092110Z   KAOS_CODE: 22191542345
end-workflow	Install GH CLI	2026-02-19T17:00:26.3092431Z   KAOS_MODULE: [Ka0s] Autom add docs to MongoDB
end-workflow	Install GH CLI	2026-02-19T17:00:26.3092782Z   REPORT_SCAN: audit/
end-workflow	Install GH CLI	2026-02-19T17:00:26.3093060Z   REPORT_PATH: audit/mongodb/
end-workflow	Install GH CLI	2026-02-19T17:00:26.3093383Z   REPORT_FILENAME: mongo_setup_22191542345.json
end-workflow	Install GH CLI	2026-02-19T17:00:26.3093903Z   REPORT_FILENAME_LIST: mongo_list_22191542345.json
end-workflow	Install GH CLI	2026-02-19T17:00:26.3094324Z   REPORT_FILENAME_DB: mongo_create_db_22191542345.json
end-workflow	Install GH CLI	2026-02-19T17:00:26.3094697Z ##[endgroup]
end-workflow	Install GH CLI	2026-02-19T17:00:26.5219865Z 4+1 records in
end-workflow	Install GH CLI	2026-02-19T17:00:26.5220635Z 4+1 records out
end-workflow	Install GH CLI	2026-02-19T17:00:26.5221513Z 2270 bytes (2.3 kB, 2.2 KiB) copied, 0.184777 s, 12.3 kB/s
end-workflow	Install GH CLI	2026-02-19T17:00:26.7164824Z Get:1 https://cli.github.com/packages stable InRelease [3917 B]
end-workflow	Install GH CLI	2026-02-19T17:00:26.7586916Z Get:2 http://archive.ubuntu.com/ubuntu noble InRelease [256 kB]
end-workflow	Install GH CLI	2026-02-19T17:00:26.8081060Z Get:3 https://cli.github.com/packages stable/main amd64 Packages [355 B]
end-workflow	Install GH CLI	2026-02-19T17:00:26.8621162Z Get:4 http://security.ubuntu.com/ubuntu noble-security InRelease [126 kB]
end-workflow	Install GH CLI	2026-02-19T17:00:26.8688919Z Get:5 https://ppa.launchpadcontent.net/git-core/ppa/ubuntu noble InRelease [24.3 kB]
end-workflow	Install GH CLI	2026-02-19T17:00:27.0017594Z Get:6 https://ppa.launchpadcontent.net/git-core/ppa/ubuntu noble/main amd64 Packages [2992 B]
end-workflow	Install GH CLI	2026-02-19T17:00:27.0533457Z Get:7 http://archive.ubuntu.com/ubuntu noble-updates InRelease [126 kB]
end-workflow	Install GH CLI	2026-02-19T17:00:27.1255896Z Get:8 http://archive.ubuntu.com/ubuntu noble-backports InRelease [126 kB]
end-workflow	Install GH CLI	2026-02-19T17:00:27.1942774Z Get:9 http://archive.ubuntu.com/ubuntu noble/universe amd64 Packages [19.3 MB]
end-workflow	Install GH CLI	2026-02-19T17:00:27.4462625Z Get:10 http://security.ubuntu.com/ubuntu noble-security/restricted amd64 Packages [3196 kB]
end-workflow	Install GH CLI	2026-02-19T17:00:27.6866148Z Get:11 http://archive.ubuntu.com/ubuntu noble/main amd64 Packages [1808 kB]
end-workflow	Install GH CLI	2026-02-19T17:00:27.6984846Z Get:12 http://archive.ubuntu.com/ubuntu noble/restricted amd64 Packages [117 kB]
end-workflow	Install GH CLI	2026-02-19T17:00:27.6995886Z Get:13 http://archive.ubuntu.com/ubuntu noble/multiverse amd64 Packages [331 kB]
end-workflow	Install GH CLI	2026-02-19T17:00:27.7389351Z Get:14 http://archive.ubuntu.com/ubuntu noble-updates/main amd64 Packages [2240 kB]
end-workflow	Install GH CLI	2026-02-19T17:00:27.7667325Z Get:15 http://archive.ubuntu.com/ubuntu noble-updates/universe amd64 Packages [2016 kB]
end-workflow	Install GH CLI	2026-02-19T17:00:27.8140791Z Get:16 http://archive.ubuntu.com/ubuntu noble-updates/restricted amd64 Packages [3381 kB]
end-workflow	Install GH CLI	2026-02-19T17:00:27.8567183Z Get:17 http://archive.ubuntu.com/ubuntu noble-updates/multiverse amd64 Packages [38.1 kB]
end-workflow	Install GH CLI	2026-02-19T17:00:27.8568430Z Get:18 http://archive.ubuntu.com/ubuntu noble-backports/main amd64 Packages [49.5 kB]
end-workflow	Install GH CLI	2026-02-19T17:00:27.8570905Z Get:19 http://archive.ubuntu.com/ubuntu noble-backports/universe amd64 Packages [34.6 kB]
end-workflow	Install GH CLI	2026-02-19T17:00:28.0571315Z Get:20 http://security.ubuntu.com/ubuntu noble-security/universe amd64 Packages [1207 kB]
end-workflow	Install GH CLI	2026-02-19T17:00:28.0834297Z Get:21 http://security.ubuntu.com/ubuntu noble-security/multiverse amd64 Packages [34.8 kB]
end-workflow	Install GH CLI	2026-02-19T17:00:28.0841368Z Get:22 http://security.ubuntu.com/ubuntu noble-security/main amd64 Packages [1857 kB]
end-workflow	Install GH CLI	2026-02-19T17:00:29.3824090Z Fetched 36.3 MB in 3s (13.1 MB/s)
end-workflow	Install GH CLI	2026-02-19T17:00:30.3839313Z Reading package lists...
end-workflow	Install GH CLI	2026-02-19T17:00:31.4090322Z Reading package lists...
end-workflow	Install GH CLI	2026-02-19T17:00:31.6378479Z Building dependency tree...
end-workflow	Install GH CLI	2026-02-19T17:00:31.6379223Z Reading state information...
end-workflow	Install GH CLI	2026-02-19T17:00:31.9971330Z The following NEW packages will be installed:
end-workflow	Install GH CLI	2026-02-19T17:00:31.9991743Z   gh
end-workflow	Install GH CLI	2026-02-19T17:00:32.0671880Z 0 upgraded, 1 newly installed, 0 to remove and 26 not upgraded.
end-workflow	Install GH CLI	2026-02-19T17:00:32.0674909Z Need to get 13.8 MB of archives.
end-workflow	Install GH CLI	2026-02-19T17:00:32.0677036Z After this operation, 38.4 MB of additional disk space will be used.
end-workflow	Install GH CLI	2026-02-19T17:00:32.0677618Z Get:1 https://cli.github.com/packages stable/main amd64 gh amd64 2.87.0 [13.8 MB]
end-workflow	Install GH CLI	2026-02-19T17:00:32.4306353Z debconf: delaying package configuration, since apt-utils is not installed
end-workflow	Install GH CLI	2026-02-19T17:00:32.4769430Z Fetched 13.8 MB in 0s (54.1 MB/s)
end-workflow	Install GH CLI	2026-02-19T17:00:32.5050755Z Selecting previously unselected package gh.
end-workflow	Install GH CLI	2026-02-19T17:00:32.5088066Z (Reading database ... 
end-workflow	Install GH CLI	2026-02-19T17:00:32.5088933Z (Reading database ... 5%
end-workflow	Install GH CLI	2026-02-19T17:00:32.5090104Z (Reading database ... 10%
end-workflow	Install GH CLI	2026-02-19T17:00:32.5090558Z (Reading database ... 15%
end-workflow	Install GH CLI	2026-02-19T17:00:32.5090977Z (Reading database ... 20%
end-workflow	Install GH CLI	2026-02-19T17:00:32.5091412Z (Reading database ... 25%
end-workflow	Install GH CLI	2026-02-19T17:00:32.5097064Z (Reading database ... 30%
end-workflow	Install GH CLI	2026-02-19T17:00:32.5097688Z (Reading database ... 35%
end-workflow	Install GH CLI	2026-02-19T17:00:32.5097994Z (Reading database ... 40%
end-workflow	Install GH CLI	2026-02-19T17:00:32.5098231Z (Reading database ... 45%
end-workflow	Install GH CLI	2026-02-19T17:00:32.5098469Z (Reading database ... 50%
end-workflow	Install GH CLI	2026-02-19T17:00:32.5098708Z (Reading database ... 55%
end-workflow	Install GH CLI	2026-02-19T17:00:32.5098937Z (Reading database ... 60%
end-workflow	Install GH CLI	2026-02-19T17:00:32.5099170Z (Reading database ... 65%
end-workflow	Install GH CLI	2026-02-19T17:00:32.5117885Z (Reading database ... 70%
end-workflow	Install GH CLI	2026-02-19T17:00:32.5123762Z (Reading database ... 75%
end-workflow	Install GH CLI	2026-02-19T17:00:32.5139579Z (Reading database ... 80%
end-workflow	Install GH CLI	2026-02-19T17:00:32.5144678Z (Reading database ... 85%
end-workflow	Install GH CLI	2026-02-19T17:00:32.5156270Z (Reading database ... 90%
end-workflow	Install GH CLI	2026-02-19T17:00:32.5177107Z (Reading database ... 95%
end-workflow	Install GH CLI	2026-02-19T17:00:32.5177611Z (Reading database ... 100%
end-workflow	Install GH CLI	2026-02-19T17:00:32.5178018Z (Reading database ... 14385 files and directories currently installed.)
end-workflow	Install GH CLI	2026-02-19T17:00:32.5183858Z Preparing to unpack .../archives/gh_2.87.0_amd64.deb ...
end-workflow	Install GH CLI	2026-02-19T17:00:32.5213628Z Unpacking gh (2.87.0) ...
end-workflow	Install GH CLI	2026-02-19T17:00:32.7487632Z Setting up gh (2.87.0) ...
end-workflow	Trigger Inspector	Ôªø2026-02-19T17:00:32.8013777Z ##[group]Run echo "üîç Triggering Inspector for Audit..."
end-workflow	Trigger Inspector	2026-02-19T17:00:32.8014286Z [36;1mecho "üîç Triggering Inspector for Audit..."[0m
end-workflow	Trigger Inspector	2026-02-19T17:00:32.8014650Z [36;1mgh workflow run inspector.yml \[0m
end-workflow	Trigger Inspector	2026-02-19T17:00:32.8014955Z [36;1m  --ref main \[0m
end-workflow	Trigger Inspector	2026-02-19T17:00:32.8015298Z [36;1m  -f kaos-workflow-id="22191542345" \[0m
end-workflow	Trigger Inspector	2026-02-19T17:00:32.8015627Z [36;1m  -f kaos-user-start="ka0score"[0m
end-workflow	Trigger Inspector	2026-02-19T17:00:32.8030569Z shell: /usr/bin/bash -e {0}
end-workflow	Trigger Inspector	2026-02-19T17:00:32.8030913Z env:
end-workflow	Trigger Inspector	2026-02-19T17:00:32.8031190Z   PYTHON_VERSION: 3.9
end-workflow	Trigger Inspector	2026-02-19T17:00:32.8032115Z   MONGO_SUPERUSER_CONNECTION: ***
end-workflow	Trigger Inspector	2026-02-19T17:00:32.8032536Z   MONGO_NEW_PASS: ***
end-workflow	Trigger Inspector	2026-02-19T17:00:32.8032872Z   MONGO_SCRIPT_CREATE: devops/core/mongo/scripts/add-doc-to-db.py
end-workflow	Trigger Inspector	2026-02-19T17:00:32.8033265Z   KAOS_CODE: 22191542345
end-workflow	Trigger Inspector	2026-02-19T17:00:32.8033541Z   KAOS_MODULE: [Ka0s] Autom add docs to MongoDB
end-workflow	Trigger Inspector	2026-02-19T17:00:32.8033850Z   REPORT_SCAN: audit/
end-workflow	Trigger Inspector	2026-02-19T17:00:32.8034095Z   REPORT_PATH: audit/mongodb/
end-workflow	Trigger Inspector	2026-02-19T17:00:32.8034466Z   REPORT_FILENAME: mongo_setup_22191542345.json
end-workflow	Trigger Inspector	2026-02-19T17:00:32.8034830Z   REPORT_FILENAME_LIST: mongo_list_22191542345.json
end-workflow	Trigger Inspector	2026-02-19T17:00:32.8035409Z   REPORT_FILENAME_DB: mongo_create_db_22191542345.json
end-workflow	Trigger Inspector	2026-02-19T17:00:32.8036202Z   GH_TOKEN: ***
end-workflow	Trigger Inspector	2026-02-19T17:00:32.8036439Z ##[endgroup]
end-workflow	Trigger Inspector	2026-02-19T17:00:32.8092482Z üîç Triggering Inspector for Audit...
end-workflow	Trigger Inspector	2026-02-19T17:00:34.7591965Z https://github.com/Ka0s-Klaus/ka0s/actions/runs/22191629502
end-workflow	Post Checkout Repository	Ôªø2026-02-19T17:00:34.7804161Z Post job cleanup.
end-workflow	Post Checkout Repository	2026-02-19T17:00:34.8921601Z [command]/usr/bin/git version
end-workflow	Post Checkout Repository	2026-02-19T17:00:34.8968477Z git version 2.52.0
end-workflow	Post Checkout Repository	2026-02-19T17:00:34.9023742Z Temporarily overriding HOME='/home/runner/_work/_temp/c731fc2b-f0b1-4e76-a400-671d214199e0' before making global git config changes
end-workflow	Post Checkout Repository	2026-02-19T17:00:34.9024750Z Adding repository directory to the temporary git global config as a safe directory
end-workflow	Post Checkout Repository	2026-02-19T17:00:34.9030722Z [command]/usr/bin/git config --global --add safe.directory /home/runner/_work/ka0s/ka0s
end-workflow	Post Checkout Repository	2026-02-19T17:00:34.9086315Z [command]/usr/bin/git config --local --name-only --get-regexp core\.sshCommand
end-workflow	Post Checkout Repository	2026-02-19T17:00:34.9150571Z [command]/usr/bin/git submodule foreach --recursive sh -c "git config --local --name-only --get-regexp 'core\.sshCommand' && git config --local --unset-all 'core.sshCommand' || :"
end-workflow	Post Checkout Repository	2026-02-19T17:00:34.9503042Z [command]/usr/bin/git config --local --name-only --get-regexp http\.https\:\/\/github\.com\/\.extraheader
end-workflow	Post Checkout Repository	2026-02-19T17:00:34.9534731Z http.https://github.com/.extraheader
end-workflow	Post Checkout Repository	2026-02-19T17:00:34.9550219Z [command]/usr/bin/git config --local --unset-all http.https://github.com/.extraheader
end-workflow	Post Checkout Repository	2026-02-19T17:00:34.9594204Z [command]/usr/bin/git submodule foreach --recursive sh -c "git config --local --name-only --get-regexp 'http\.https\:\/\/github\.com\/\.extraheader' && git config --local --unset-all 'http.https://github.com/.extraheader' || :"
end-workflow	Post Checkout Repository	2026-02-19T17:00:34.9951019Z [command]/usr/bin/git config --local --name-only --get-regexp ^includeIf\.gitdir:
end-workflow	Post Checkout Repository	2026-02-19T17:00:34.9998630Z [command]/usr/bin/git submodule foreach --recursive git config --local --show-origin --name-only --get-regexp remote.origin.url
end-workflow	Complete job	Ôªø2026-02-19T17:00:35.0505886Z Cleaning up orphan processes
