audit-pods	Set up job	ï»¿2026-02-20T20:53:32.7133921Z Current runner version: '2.331.0'
audit-pods	Set up job	2026-02-20T20:53:32.7144509Z Runner name: 'swarm-runners-scaleset-hkss5-runner-5jdh7'
audit-pods	Set up job	2026-02-20T20:53:32.7146134Z Runner group name: 'Default'
audit-pods	Set up job	2026-02-20T20:53:32.7147569Z Machine name: 'swarm-runners-scaleset-hkss5-runner-5jdh7'
audit-pods	Set up job	2026-02-20T20:53:32.7152969Z ##[group]GITHUB_TOKEN Permissions
audit-pods	Set up job	2026-02-20T20:53:32.7157153Z Actions: write
audit-pods	Set up job	2026-02-20T20:53:32.7158222Z Contents: write
audit-pods	Set up job	2026-02-20T20:53:32.7159280Z Issues: write
audit-pods	Set up job	2026-02-20T20:53:32.7160035Z Metadata: read
audit-pods	Set up job	2026-02-20T20:53:32.7161098Z ##[endgroup]
audit-pods	Set up job	2026-02-20T20:53:32.7163880Z Secret source: Actions
audit-pods	Set up job	2026-02-20T20:53:32.7165205Z Prepare workflow directory
audit-pods	Set up job	2026-02-20T20:53:32.7779533Z Prepare all required actions
audit-pods	Set up job	2026-02-20T20:53:32.7821613Z Getting action download info
audit-pods	Set up job	2026-02-20T20:53:33.3649009Z Download action repository 'actions/checkout@v4' (SHA:34e114876b0b11c390a56381ad16ebd13914f8d5)
audit-pods	Set up job	2026-02-20T20:53:34.2844297Z Complete job name: audit-pods
audit-pods	Checkout repository	ï»¿2026-02-20T20:53:34.3549670Z ##[group]Run actions/checkout@v4
audit-pods	Checkout repository	2026-02-20T20:53:34.3550818Z with:
audit-pods	Checkout repository	2026-02-20T20:53:34.3551414Z   repository: Ka0s-Klaus/ka0s
audit-pods	Checkout repository	2026-02-20T20:53:34.3552340Z   token: ***
audit-pods	Checkout repository	2026-02-20T20:53:34.3552890Z   ssh-strict: true
audit-pods	Checkout repository	2026-02-20T20:53:34.3553453Z   ssh-user: git
audit-pods	Checkout repository	2026-02-20T20:53:34.3554032Z   persist-credentials: true
audit-pods	Checkout repository	2026-02-20T20:53:34.3554657Z   clean: true
audit-pods	Checkout repository	2026-02-20T20:53:34.3555873Z   sparse-checkout-cone-mode: true
audit-pods	Checkout repository	2026-02-20T20:53:34.3556538Z   fetch-depth: 1
audit-pods	Checkout repository	2026-02-20T20:53:34.3557080Z   fetch-tags: false
audit-pods	Checkout repository	2026-02-20T20:53:34.3557645Z   show-progress: true
audit-pods	Checkout repository	2026-02-20T20:53:34.3558215Z   lfs: false
audit-pods	Checkout repository	2026-02-20T20:53:34.3558759Z   submodules: false
audit-pods	Checkout repository	2026-02-20T20:53:34.3559328Z   set-safe-directory: true
audit-pods	Checkout repository	2026-02-20T20:53:34.3560187Z env:
audit-pods	Checkout repository	2026-02-20T20:53:34.3560736Z   KAOS_MODULE: [Ka0S] Audit Pods
audit-pods	Checkout repository	2026-02-20T20:53:34.3561389Z   KAOS_CODE: 22240765089
audit-pods	Checkout repository	2026-02-20T20:53:34.3561967Z ##[endgroup]
audit-pods	Checkout repository	2026-02-20T20:53:34.4820752Z Syncing repository: Ka0s-Klaus/ka0s
audit-pods	Checkout repository	2026-02-20T20:53:34.4823048Z ##[group]Getting Git version info
audit-pods	Checkout repository	2026-02-20T20:53:34.4824001Z Working directory is '/home/runner/_work/ka0s/ka0s'
audit-pods	Checkout repository	2026-02-20T20:53:34.4825666Z [command]/usr/bin/git version
audit-pods	Checkout repository	2026-02-20T20:53:34.4826322Z git version 2.52.0
audit-pods	Checkout repository	2026-02-20T20:53:34.4849296Z ##[endgroup]
audit-pods	Checkout repository	2026-02-20T20:53:34.4867881Z Temporarily overriding HOME='/home/runner/_work/_temp/8143797e-67d5-4bdc-b8a6-11d52cc173c8' before making global git config changes
audit-pods	Checkout repository	2026-02-20T20:53:34.4870031Z Adding repository directory to the temporary git global config as a safe directory
audit-pods	Checkout repository	2026-02-20T20:53:34.4875353Z [command]/usr/bin/git config --global --add safe.directory /home/runner/_work/ka0s/ka0s
audit-pods	Checkout repository	2026-02-20T20:53:34.4921949Z Deleting the contents of '/home/runner/_work/ka0s/ka0s'
audit-pods	Checkout repository	2026-02-20T20:53:34.4928846Z ##[group]Initializing the repository
audit-pods	Checkout repository	2026-02-20T20:53:34.4933168Z [command]/usr/bin/git init /home/runner/_work/ka0s/ka0s
audit-pods	Checkout repository	2026-02-20T20:53:34.4996213Z hint: Using 'master' as the name for the initial branch. This default branch name
audit-pods	Checkout repository	2026-02-20T20:53:34.4997968Z hint: will change to "main" in Git 3.0. To configure the initial branch name
audit-pods	Checkout repository	2026-02-20T20:53:34.4999722Z hint: to use in all of your new repositories, which will suppress this warning,
audit-pods	Checkout repository	2026-02-20T20:53:34.5000643Z hint: call:
audit-pods	Checkout repository	2026-02-20T20:53:34.5001153Z hint:
audit-pods	Checkout repository	2026-02-20T20:53:34.5001809Z hint: 	git config --global init.defaultBranch <name>
audit-pods	Checkout repository	2026-02-20T20:53:34.5002564Z hint:
audit-pods	Checkout repository	2026-02-20T20:53:34.5003307Z hint: Names commonly chosen instead of 'master' are 'main', 'trunk' and
audit-pods	Checkout repository	2026-02-20T20:53:34.5004447Z hint: 'development'. The just-created branch can be renamed via this command:
audit-pods	Checkout repository	2026-02-20T20:53:34.5012744Z hint:
audit-pods	Checkout repository	2026-02-20T20:53:34.5013380Z hint: 	git branch -m <name>
audit-pods	Checkout repository	2026-02-20T20:53:34.5014014Z hint:
audit-pods	Checkout repository	2026-02-20T20:53:34.5015087Z hint: Disable this message with "git config set advice.defaultBranchName false"
audit-pods	Checkout repository	2026-02-20T20:53:34.5016459Z Initialized empty Git repository in /home/runner/_work/ka0s/ka0s/.git/
audit-pods	Checkout repository	2026-02-20T20:53:34.5018506Z [command]/usr/bin/git remote add origin https://github.com/Ka0s-Klaus/ka0s
audit-pods	Checkout repository	2026-02-20T20:53:34.5055156Z ##[endgroup]
audit-pods	Checkout repository	2026-02-20T20:53:34.5057265Z ##[group]Disabling automatic garbage collection
audit-pods	Checkout repository	2026-02-20T20:53:34.5059201Z [command]/usr/bin/git config --local gc.auto 0
audit-pods	Checkout repository	2026-02-20T20:53:34.5106805Z ##[endgroup]
audit-pods	Checkout repository	2026-02-20T20:53:34.5107869Z ##[group]Setting up auth
audit-pods	Checkout repository	2026-02-20T20:53:34.5114377Z [command]/usr/bin/git config --local --name-only --get-regexp core\.sshCommand
audit-pods	Checkout repository	2026-02-20T20:53:34.5156382Z [command]/usr/bin/git submodule foreach --recursive sh -c "git config --local --name-only --get-regexp 'core\.sshCommand' && git config --local --unset-all 'core.sshCommand' || :"
audit-pods	Checkout repository	2026-02-20T20:53:34.5495647Z [command]/usr/bin/git config --local --name-only --get-regexp http\.https\:\/\/github\.com\/\.extraheader
audit-pods	Checkout repository	2026-02-20T20:53:34.5533054Z [command]/usr/bin/git submodule foreach --recursive sh -c "git config --local --name-only --get-regexp 'http\.https\:\/\/github\.com\/\.extraheader' && git config --local --unset-all 'http.https://github.com/.extraheader' || :"
audit-pods	Checkout repository	2026-02-20T20:53:34.5862958Z [command]/usr/bin/git config --local --name-only --get-regexp ^includeIf\.gitdir:
audit-pods	Checkout repository	2026-02-20T20:53:34.5903607Z [command]/usr/bin/git submodule foreach --recursive git config --local --show-origin --name-only --get-regexp remote.origin.url
audit-pods	Checkout repository	2026-02-20T20:53:34.6300923Z [command]/usr/bin/git config --local http.https://github.com/.extraheader AUTHORIZATION: basic ***
audit-pods	Checkout repository	2026-02-20T20:53:34.6303453Z ##[endgroup]
audit-pods	Checkout repository	2026-02-20T20:53:34.6304384Z ##[group]Fetching the repository
audit-pods	Checkout repository	2026-02-20T20:53:34.6312033Z [command]/usr/bin/git -c protocol.version=2 fetch --no-tags --prune --no-recurse-submodules --depth=1 origin +cbf522178db6b405fc5047be941035ff642f2db6:refs/remotes/origin/main
audit-pods	Checkout repository	2026-02-20T20:53:36.9222343Z From https://github.com/Ka0s-Klaus/ka0s
audit-pods	Checkout repository	2026-02-20T20:53:36.9234687Z  * [new ref]         cbf522178db6b405fc5047be941035ff642f2db6 -> origin/main
audit-pods	Checkout repository	2026-02-20T20:53:36.9271431Z ##[endgroup]
audit-pods	Checkout repository	2026-02-20T20:53:36.9272220Z ##[group]Determining the checkout info
audit-pods	Checkout repository	2026-02-20T20:53:36.9273012Z ##[endgroup]
audit-pods	Checkout repository	2026-02-20T20:53:36.9279817Z [command]/usr/bin/git sparse-checkout disable
audit-pods	Checkout repository	2026-02-20T20:53:36.9349934Z [command]/usr/bin/git config --local --unset-all extensions.worktreeConfig
audit-pods	Checkout repository	2026-02-20T20:53:36.9403999Z ##[group]Checking out the ref
audit-pods	Checkout repository	2026-02-20T20:53:36.9409849Z [command]/usr/bin/git checkout --progress --force -B main refs/remotes/origin/main
audit-pods	Checkout repository	2026-02-20T20:53:37.1945530Z Switched to a new branch 'main'
audit-pods	Checkout repository	2026-02-20T20:53:37.1950081Z branch 'main' set up to track 'origin/main'.
audit-pods	Checkout repository	2026-02-20T20:53:37.1993370Z ##[endgroup]
audit-pods	Checkout repository	2026-02-20T20:53:37.2047594Z [command]/usr/bin/git log -1 --format=%H
audit-pods	Checkout repository	2026-02-20T20:53:37.2083443Z cbf522178db6b405fc5047be941035ff642f2db6
audit-pods	Execute Audit Script	ï»¿2026-02-20T20:53:37.2483497Z Prepare all required actions
audit-pods	Execute Audit Script	2026-02-20T20:53:37.2635690Z ##[group]Run ./.github/actions/ssh-exec
audit-pods	Execute Audit Script	2026-02-20T20:53:37.2636107Z with:
audit-pods	Execute Audit Script	2026-02-20T20:53:37.2636572Z   host: ***
audit-pods	Execute Audit Script	2026-02-20T20:53:37.2636853Z   username: ***
audit-pods	Execute Audit Script	2026-02-20T20:53:37.2639134Z   key: ***
audit-pods	Execute Audit Script	2026-02-20T20:53:37.2639392Z   port: ***
audit-pods	Execute Audit Script	2026-02-20T20:53:37.2639775Z   use-sudo: true
audit-pods	Execute Audit Script	2026-02-20T20:53:37.2640193Z   pass: ***
audit-pods	Execute Audit Script	2026-02-20T20:53:37.2640528Z   script-path: devops/core/k8s/audit-failed-pods.sh
audit-pods	Execute Audit Script	2026-02-20T20:53:37.2640935Z   remote-results-path: /tmp/results
audit-pods	Execute Audit Script	2026-02-20T20:53:37.2641279Z   local-results-path: audit/kube/
audit-pods	Execute Audit Script	2026-02-20T20:53:37.2641615Z   remote-tmp-dir: /tmp
audit-pods	Execute Audit Script	2026-02-20T20:53:37.2641883Z env:
audit-pods	Execute Audit Script	2026-02-20T20:53:37.2642127Z   KAOS_MODULE: [Ka0S] Audit Pods
audit-pods	Execute Audit Script	2026-02-20T20:53:37.2642457Z   KAOS_CODE: 22240765089
audit-pods	Execute Audit Script	2026-02-20T20:53:37.2642763Z ##[endgroup]
audit-pods	Execute Audit Script	2026-02-20T20:53:37.2768204Z ##[group]Run echo "***
audit-pods	Execute Audit Script	2026-02-20T20:53:37.2768750Z [36;1mecho "***[0m
audit-pods	Execute Audit Script	2026-02-20T20:53:37.2769287Z [36;1m***[0m
audit-pods	Execute Audit Script	2026-02-20T20:53:37.2769780Z [36;1m***[0m
audit-pods	Execute Audit Script	2026-02-20T20:53:37.2770336Z [36;1m***[0m
audit-pods	Execute Audit Script	2026-02-20T20:53:37.2770786Z [36;1m***[0m
audit-pods	Execute Audit Script	2026-02-20T20:53:37.2771241Z [36;1m***[0m
audit-pods	Execute Audit Script	2026-02-20T20:53:37.2771632Z [36;1m***" > /home/runner/_work/_temp/ssh_key[0m
audit-pods	Execute Audit Script	2026-02-20T20:53:37.2772040Z [36;1mchmod 600 /home/runner/_work/_temp/ssh_key[0m
audit-pods	Execute Audit Script	2026-02-20T20:53:37.2790179Z shell: /usr/bin/bash --noprofile --norc -e -o pipefail {0}
audit-pods	Execute Audit Script	2026-02-20T20:53:37.2791053Z env:
audit-pods	Execute Audit Script	2026-02-20T20:53:37.2791316Z   KAOS_MODULE: [Ka0S] Audit Pods
audit-pods	Execute Audit Script	2026-02-20T20:53:37.2791631Z   KAOS_CODE: 22240765089
audit-pods	Execute Audit Script	2026-02-20T20:53:37.2791906Z ##[endgroup]
audit-pods	Execute Audit Script	2026-02-20T20:53:37.2940760Z ##[group]Run scp -o StrictHostKeyChecking=no -i /home/runner/_work/_temp/ssh_key -P *** devops/core/k8s/audit-failed-pods.sh ***@***:/tmp
audit-pods	Execute Audit Script	2026-02-20T20:53:37.2941908Z [36;1mscp -o StrictHostKeyChecking=no -i /home/runner/_work/_temp/ssh_key -P *** devops/core/k8s/audit-failed-pods.sh ***@***:/tmp[0m
audit-pods	Execute Audit Script	2026-02-20T20:53:37.2956331Z shell: /usr/bin/bash --noprofile --norc -e -o pipefail {0}
audit-pods	Execute Audit Script	2026-02-20T20:53:37.2956934Z env:
audit-pods	Execute Audit Script	2026-02-20T20:53:37.2957206Z   KAOS_MODULE: [Ka0S] Audit Pods
audit-pods	Execute Audit Script	2026-02-20T20:53:37.2957523Z   KAOS_CODE: 22240765089
audit-pods	Execute Audit Script	2026-02-20T20:53:37.2957809Z ##[endgroup]
audit-pods	Execute Audit Script	2026-02-20T20:53:37.5222992Z Warning: Permanently added '[***]:***' (ED25519) to the list of known hosts.
audit-pods	Execute Audit Script	2026-02-20T20:53:38.1141314Z ##[group]Run REMOTE_SCRIPT_PATH="/tmp/$(basename devops/core/k8s/audit-failed-pods.sh)"
audit-pods	Execute Audit Script	2026-02-20T20:53:38.1142113Z [36;1mREMOTE_SCRIPT_PATH="/tmp/$(basename devops/core/k8s/audit-failed-pods.sh)"[0m
audit-pods	Execute Audit Script	2026-02-20T20:53:38.1142748Z [36;1mEXEC_COMMAND="chmod +x $REMOTE_SCRIPT_PATH && $REMOTE_SCRIPT_PATH "[0m
audit-pods	Execute Audit Script	2026-02-20T20:53:38.1143237Z [36;1mif [[ "true" == "true" ]]; then[0m
audit-pods	Execute Audit Script	2026-02-20T20:53:38.1143725Z [36;1m  SUDO_PREFIX="echo '***' | sudo -S"[0m
audit-pods	Execute Audit Script	2026-02-20T20:53:38.1144175Z [36;1m  COMMAND_CHAIN="$SUDO_PREFIX bash -c '$EXEC_COMMAND'"[0m
audit-pods	Execute Audit Script	2026-02-20T20:53:38.1144632Z [36;1m  if [[ "/tmp/results" != "" ]]; then[0m
audit-pods	Execute Audit Script	2026-02-20T20:53:38.1145446Z [36;1m    COMMAND_CHAIN="$COMMAND_CHAIN && $SUDO_PREFIX chmod -R 777 /tmp/results"[0m
audit-pods	Execute Audit Script	2026-02-20T20:53:38.1145950Z [36;1m  fi[0m
audit-pods	Execute Audit Script	2026-02-20T20:53:38.1146651Z [36;1m  ssh -o StrictHostKeyChecking=no -i /home/runner/_work/_temp/ssh_key -p *** ***@*** "$COMMAND_CHAIN && rm $REMOTE_SCRIPT_PATH"[0m
audit-pods	Execute Audit Script	2026-02-20T20:53:38.1147319Z [36;1melse[0m
audit-pods	Execute Audit Script	2026-02-20T20:53:38.1147979Z [36;1m  ssh -o StrictHostKeyChecking=no -i /home/runner/_work/_temp/ssh_key -p *** ***@*** "$EXEC_COMMAND && rm $REMOTE_SCRIPT_PATH"[0m
audit-pods	Execute Audit Script	2026-02-20T20:53:38.1148650Z [36;1mfi[0m
audit-pods	Execute Audit Script	2026-02-20T20:53:38.1161599Z shell: /usr/bin/bash --noprofile --norc -e -o pipefail {0}
audit-pods	Execute Audit Script	2026-02-20T20:53:38.1162025Z env:
audit-pods	Execute Audit Script	2026-02-20T20:53:38.1162427Z   KAOS_MODULE: [Ka0S] Audit Pods
audit-pods	Execute Audit Script	2026-02-20T20:53:38.1162871Z   KAOS_CODE: 22240765089
audit-pods	Execute Audit Script	2026-02-20T20:53:38.1163152Z ##[endgroup]
audit-pods	Execute Audit Script	2026-02-20T20:53:38.6103254Z [INFO] Iniciando auditorÃ­a de pods fallidos...
audit-pods	Execute Audit Script	2026-02-20T20:53:38.6105729Z [INFO] Directorio de salida: /tmp/results
audit-pods	Execute Audit Script	2026-02-20T20:53:38.9409319Z [SUCCESS] AuditorÃ­a finalizada. Se encontraron 2 pods con problemas.
audit-pods	Execute Audit Script	2026-02-20T20:53:38.9413977Z [INFO] Resultado guardado en: /tmp/results/failed_pods.json
audit-pods	Execute Audit Script	2026-02-20T20:53:38.9859626Z [sudo] password for ***: 
audit-pods	Execute Audit Script	2026-02-20T20:53:39.0082259Z ##[group]Run mkdir -p audit/kube/
audit-pods	Execute Audit Script	2026-02-20T20:53:39.0083865Z [36;1mmkdir -p audit/kube/[0m
audit-pods	Execute Audit Script	2026-02-20T20:53:39.0087767Z [36;1mscp -o StrictHostKeyChecking=no -r -i /home/runner/_work/_temp/ssh_key -P *** ***@***:/tmp/results/* audit/kube/[0m
audit-pods	Execute Audit Script	2026-02-20T20:53:39.0090894Z [36;1mecho "path=audit/kube/" >> $GITHUB_OUTPUT[0m
audit-pods	Execute Audit Script	2026-02-20T20:53:39.0135154Z shell: /usr/bin/bash --noprofile --norc -e -o pipefail {0}
audit-pods	Execute Audit Script	2026-02-20T20:53:39.0136391Z env:
audit-pods	Execute Audit Script	2026-02-20T20:53:39.0137851Z   KAOS_MODULE: [Ka0S] Audit Pods
audit-pods	Execute Audit Script	2026-02-20T20:53:39.0138788Z   KAOS_CODE: 22240765089
audit-pods	Execute Audit Script	2026-02-20T20:53:39.0139610Z ##[endgroup]
audit-pods	Commit Results	ï»¿2026-02-20T20:53:40.3900220Z ##[group]Run git config --global user.name "Ka0s Bot"
audit-pods	Commit Results	2026-02-20T20:53:40.3901332Z [36;1mgit config --global user.name "Ka0s Bot"[0m
audit-pods	Commit Results	2026-02-20T20:53:40.3902279Z [36;1mgit config --global user.email "bot@ka0s.io"[0m
audit-pods	Commit Results	2026-02-20T20:53:40.3903143Z [36;1mgit pull --rebase[0m
audit-pods	Commit Results	2026-02-20T20:53:40.3904010Z [36;1mgit add audit/kube/failed_pods.json audit/itop/ || true[0m
audit-pods	Commit Results	2026-02-20T20:53:40.3905160Z [36;1mif ! git diff --staged --quiet; then[0m
audit-pods	Commit Results	2026-02-20T20:53:40.3906518Z [36;1m  git commit -m "[Audit] Update failed pods and iTop reconciliation report $(date +'%Y-%m-%d %H:%M')"[0m
audit-pods	Commit Results	2026-02-20T20:53:40.3908341Z [36;1m  git push[0m
audit-pods	Commit Results	2026-02-20T20:53:40.3908937Z [36;1melse[0m
audit-pods	Commit Results	2026-02-20T20:53:40.3909773Z [36;1m  echo "No changes in failed pods or iTop reconciliation reports."[0m
audit-pods	Commit Results	2026-02-20T20:53:40.3910772Z [36;1mfi[0m
audit-pods	Commit Results	2026-02-20T20:53:40.3934427Z shell: /usr/bin/bash -e {0}
audit-pods	Commit Results	2026-02-20T20:53:40.3935065Z env:
audit-pods	Commit Results	2026-02-20T20:53:40.3935514Z   KAOS_MODULE: [Ka0S] Audit Pods
audit-pods	Commit Results	2026-02-20T20:53:40.3936077Z   KAOS_CODE: 22240765089
audit-pods	Commit Results	2026-02-20T20:53:40.3936636Z ##[endgroup]
audit-pods	Commit Results	2026-02-20T20:54:01.1579504Z From https://github.com/Ka0s-Klaus/ka0s
audit-pods	Commit Results	2026-02-20T20:54:01.1580485Z  * [new branch]          F3450-modelo-operativo -> origin/F3450-modelo-operativo
audit-pods	Commit Results	2026-02-20T20:54:01.1581145Z  * [new branch]          H1276-modulo-observabilidad -> origin/H1276-modulo-observabilidad
audit-pods	Commit Results	2026-02-20T20:54:01.1581890Z  * [new branch]          H3596-deploy-itop      -> origin/H3596-deploy-itop
audit-pods	Commit Results	2026-02-20T20:54:01.6411172Z  * [new tag]             0.0.0                  -> 0.0.0
audit-pods	Commit Results	2026-02-20T20:54:01.6411697Z  * [new tag]             0.0.1                  -> 0.0.1
audit-pods	Commit Results	2026-02-20T20:54:01.6412158Z  * [new tag]             0.0.10                 -> 0.0.10
audit-pods	Commit Results	2026-02-20T20:54:01.6412575Z  * [new tag]             0.0.100                -> 0.0.100
audit-pods	Commit Results	2026-02-20T20:54:01.6413000Z  * [new tag]             0.0.101                -> 0.0.101
audit-pods	Commit Results	2026-02-20T20:54:01.6413425Z  * [new tag]             0.0.102                -> 0.0.102
audit-pods	Commit Results	2026-02-20T20:54:01.6413847Z  * [new tag]             0.0.103                -> 0.0.103
audit-pods	Commit Results	2026-02-20T20:54:01.6414295Z  * [new tag]             0.0.104                -> 0.0.104
audit-pods	Commit Results	2026-02-20T20:54:01.6414723Z  * [new tag]             0.0.105                -> 0.0.105
audit-pods	Commit Results	2026-02-20T20:54:01.6415473Z  * [new tag]             0.0.106                -> 0.0.106
audit-pods	Commit Results	2026-02-20T20:54:01.6415902Z  * [new tag]             0.0.107                -> 0.0.107
audit-pods	Commit Results	2026-02-20T20:54:01.6416305Z  * [new tag]             0.0.108                -> 0.0.108
audit-pods	Commit Results	2026-02-20T20:54:01.6416719Z  * [new tag]             0.0.109                -> 0.0.109
audit-pods	Commit Results	2026-02-20T20:54:01.6417138Z  * [new tag]             0.0.11                 -> 0.0.11
audit-pods	Commit Results	2026-02-20T20:54:01.6417551Z  * [new tag]             0.0.110                -> 0.0.110
audit-pods	Commit Results	2026-02-20T20:54:01.6417970Z  * [new tag]             0.0.111                -> 0.0.111
audit-pods	Commit Results	2026-02-20T20:54:01.6418375Z  * [new tag]             0.0.112                -> 0.0.112
audit-pods	Commit Results	2026-02-20T20:54:01.6418780Z  * [new tag]             0.0.113                -> 0.0.113
audit-pods	Commit Results	2026-02-20T20:54:01.6419210Z  * [new tag]             0.0.114                -> 0.0.114
audit-pods	Commit Results	2026-02-20T20:54:01.6419617Z  * [new tag]             0.0.115                -> 0.0.115
audit-pods	Commit Results	2026-02-20T20:54:01.6420035Z  * [new tag]             0.0.116                -> 0.0.116
audit-pods	Commit Results	2026-02-20T20:54:01.6420446Z  * [new tag]             0.0.117                -> 0.0.117
audit-pods	Commit Results	2026-02-20T20:54:01.6420900Z  * [new tag]             0.0.118                -> 0.0.118
audit-pods	Commit Results	2026-02-20T20:54:01.6421316Z  * [new tag]             0.0.119                -> 0.0.119
audit-pods	Commit Results	2026-02-20T20:54:01.6421755Z  * [new tag]             0.0.12                 -> 0.0.12
audit-pods	Commit Results	2026-02-20T20:54:01.6422460Z  * [new tag]             0.0.120                -> 0.0.120
audit-pods	Commit Results	2026-02-20T20:54:01.6422908Z  * [new tag]             0.0.121                -> 0.0.121
audit-pods	Commit Results	2026-02-20T20:54:01.6423345Z  * [new tag]             0.0.122                -> 0.0.122
audit-pods	Commit Results	2026-02-20T20:54:01.6423796Z  * [new tag]             0.0.123                -> 0.0.123
audit-pods	Commit Results	2026-02-20T20:54:01.6424222Z  * [new tag]             0.0.124                -> 0.0.124
audit-pods	Commit Results	2026-02-20T20:54:01.6426472Z  * [new tag]             0.0.125                -> 0.0.125
audit-pods	Commit Results	2026-02-20T20:54:01.6426880Z  * [new tag]             0.0.126                -> 0.0.126
audit-pods	Commit Results	2026-02-20T20:54:01.6427286Z  * [new tag]             0.0.127                -> 0.0.127
audit-pods	Commit Results	2026-02-20T20:54:01.6427693Z  * [new tag]             0.0.128                -> 0.0.128
audit-pods	Commit Results	2026-02-20T20:54:01.6428104Z  * [new tag]             0.0.129                -> 0.0.129
audit-pods	Commit Results	2026-02-20T20:54:01.6428526Z  * [new tag]             0.0.13                 -> 0.0.13
audit-pods	Commit Results	2026-02-20T20:54:01.6428938Z  * [new tag]             0.0.130                -> 0.0.130
audit-pods	Commit Results	2026-02-20T20:54:01.6430183Z  * [new tag]             0.0.131                -> 0.0.131
audit-pods	Commit Results	2026-02-20T20:54:01.6430741Z  * [new tag]             0.0.132                -> 0.0.132
audit-pods	Commit Results	2026-02-20T20:54:01.6431144Z  * [new tag]             0.0.133                -> 0.0.133
audit-pods	Commit Results	2026-02-20T20:54:01.6431541Z  * [new tag]             0.0.134                -> 0.0.134
audit-pods	Commit Results	2026-02-20T20:54:01.6431962Z  * [new tag]             0.0.135                -> 0.0.135
audit-pods	Commit Results	2026-02-20T20:54:01.6432363Z  * [new tag]             0.0.136                -> 0.0.136
audit-pods	Commit Results	2026-02-20T20:54:01.6432761Z  * [new tag]             0.0.137                -> 0.0.137
audit-pods	Commit Results	2026-02-20T20:54:01.6433164Z  * [new tag]             0.0.138                -> 0.0.138
audit-pods	Commit Results	2026-02-20T20:54:01.6433572Z  * [new tag]             0.0.139                -> 0.0.139
audit-pods	Commit Results	2026-02-20T20:54:01.6433981Z  * [new tag]             0.0.14                 -> 0.0.14
audit-pods	Commit Results	2026-02-20T20:54:01.6434387Z  * [new tag]             0.0.140                -> 0.0.140
audit-pods	Commit Results	2026-02-20T20:54:01.6436294Z  * [new tag]             0.0.141                -> 0.0.141
audit-pods	Commit Results	2026-02-20T20:54:01.6436729Z  * [new tag]             0.0.142                -> 0.0.142
audit-pods	Commit Results	2026-02-20T20:54:01.6437125Z  * [new tag]             0.0.143                -> 0.0.143
audit-pods	Commit Results	2026-02-20T20:54:01.6437527Z  * [new tag]             0.0.144                -> 0.0.144
audit-pods	Commit Results	2026-02-20T20:54:01.6437933Z  * [new tag]             0.0.145                -> 0.0.145
audit-pods	Commit Results	2026-02-20T20:54:01.6438337Z  * [new tag]             0.0.146                -> 0.0.146
audit-pods	Commit Results	2026-02-20T20:54:01.6438739Z  * [new tag]             0.0.147                -> 0.0.147
audit-pods	Commit Results	2026-02-20T20:54:01.6439145Z  * [new tag]             0.0.148                -> 0.0.148
audit-pods	Commit Results	2026-02-20T20:54:01.6439665Z  * [new tag]             0.0.149                -> 0.0.149
audit-pods	Commit Results	2026-02-20T20:54:01.6440060Z  * [new tag]             0.0.15                 -> 0.0.15
audit-pods	Commit Results	2026-02-20T20:54:01.6440454Z  * [new tag]             0.0.150                -> 0.0.150
audit-pods	Commit Results	2026-02-20T20:54:01.6440848Z  * [new tag]             0.0.151                -> 0.0.151
audit-pods	Commit Results	2026-02-20T20:54:01.6441248Z  * [new tag]             0.0.152                -> 0.0.152
audit-pods	Commit Results	2026-02-20T20:54:01.6441643Z  * [new tag]             0.0.153                -> 0.0.153
audit-pods	Commit Results	2026-02-20T20:54:01.6442036Z  * [new tag]             0.0.154                -> 0.0.154
audit-pods	Commit Results	2026-02-20T20:54:01.6442437Z  * [new tag]             0.0.155                -> 0.0.155
audit-pods	Commit Results	2026-02-20T20:54:01.6442833Z  * [new tag]             0.0.156                -> 0.0.156
audit-pods	Commit Results	2026-02-20T20:54:01.6443267Z  * [new tag]             0.0.157                -> 0.0.157
audit-pods	Commit Results	2026-02-20T20:54:01.6452747Z  * [new tag]             0.0.158                -> 0.0.158
audit-pods	Commit Results	2026-02-20T20:54:01.6453223Z  * [new tag]             0.0.159                -> 0.0.159
audit-pods	Commit Results	2026-02-20T20:54:01.6453631Z  * [new tag]             0.0.16                 -> 0.0.16
audit-pods	Commit Results	2026-02-20T20:54:01.6454039Z  * [new tag]             0.0.160                -> 0.0.160
audit-pods	Commit Results	2026-02-20T20:54:01.6454443Z  * [new tag]             0.0.161                -> 0.0.161
audit-pods	Commit Results	2026-02-20T20:54:01.6454922Z  * [new tag]             0.0.162                -> 0.0.162
audit-pods	Commit Results	2026-02-20T20:54:01.6455357Z  * [new tag]             0.0.163                -> 0.0.163
audit-pods	Commit Results	2026-02-20T20:54:01.6455760Z  * [new tag]             0.0.164                -> 0.0.164
audit-pods	Commit Results	2026-02-20T20:54:01.6456162Z  * [new tag]             0.0.165                -> 0.0.165
audit-pods	Commit Results	2026-02-20T20:54:01.6456573Z  * [new tag]             0.0.166                -> 0.0.166
audit-pods	Commit Results	2026-02-20T20:54:01.6457315Z  * [new tag]             0.0.167                -> 0.0.167
audit-pods	Commit Results	2026-02-20T20:54:01.6457712Z  * [new tag]             0.0.168                -> 0.0.168
audit-pods	Commit Results	2026-02-20T20:54:01.6458114Z  * [new tag]             0.0.169                -> 0.0.169
audit-pods	Commit Results	2026-02-20T20:54:01.6458519Z  * [new tag]             0.0.17                 -> 0.0.17
audit-pods	Commit Results	2026-02-20T20:54:01.6458946Z  * [new tag]             0.0.170                -> 0.0.170
audit-pods	Commit Results	2026-02-20T20:54:01.6459345Z  * [new tag]             0.0.171                -> 0.0.171
audit-pods	Commit Results	2026-02-20T20:54:01.6459752Z  * [new tag]             0.0.172                -> 0.0.172
audit-pods	Commit Results	2026-02-20T20:54:01.6460511Z  * [new tag]             0.0.173                -> 0.0.173
audit-pods	Commit Results	2026-02-20T20:54:01.6460899Z  * [new tag]             0.0.174                -> 0.0.174
audit-pods	Commit Results	2026-02-20T20:54:01.6461289Z  * [new tag]             0.0.175                -> 0.0.175
audit-pods	Commit Results	2026-02-20T20:54:01.6461681Z  * [new tag]             0.0.176                -> 0.0.176
audit-pods	Commit Results	2026-02-20T20:54:01.6462066Z  * [new tag]             0.0.177                -> 0.0.177
audit-pods	Commit Results	2026-02-20T20:54:01.6462462Z  * [new tag]             0.0.178                -> 0.0.178
audit-pods	Commit Results	2026-02-20T20:54:01.6462863Z  * [new tag]             0.0.179                -> 0.0.179
audit-pods	Commit Results	2026-02-20T20:54:01.6463251Z  * [new tag]             0.0.18                 -> 0.0.18
audit-pods	Commit Results	2026-02-20T20:54:01.6463645Z  * [new tag]             0.0.19                 -> 0.0.19
audit-pods	Commit Results	2026-02-20T20:54:01.6464036Z  * [new tag]             0.0.2                  -> 0.0.2
audit-pods	Commit Results	2026-02-20T20:54:01.6464425Z  * [new tag]             0.0.20                 -> 0.0.20
audit-pods	Commit Results	2026-02-20T20:54:01.6465168Z  * [new tag]             0.0.21                 -> 0.0.21
audit-pods	Commit Results	2026-02-20T20:54:01.6465704Z  * [new tag]             0.0.22                 -> 0.0.22
audit-pods	Commit Results	2026-02-20T20:54:01.6466100Z  * [new tag]             0.0.23                 -> 0.0.23
audit-pods	Commit Results	2026-02-20T20:54:01.6466485Z  * [new tag]             0.0.24                 -> 0.0.24
audit-pods	Commit Results	2026-02-20T20:54:01.6466897Z  * [new tag]             0.0.25                 -> 0.0.25
audit-pods	Commit Results	2026-02-20T20:54:01.6467347Z  * [new tag]             0.0.26                 -> 0.0.26
audit-pods	Commit Results	2026-02-20T20:54:01.6467751Z  * [new tag]             0.0.27                 -> 0.0.27
audit-pods	Commit Results	2026-02-20T20:54:01.6468150Z  * [new tag]             0.0.28                 -> 0.0.28
audit-pods	Commit Results	2026-02-20T20:54:01.6468541Z  * [new tag]             0.0.29                 -> 0.0.29
audit-pods	Commit Results	2026-02-20T20:54:01.6468933Z  * [new tag]             0.0.3                  -> 0.0.3
audit-pods	Commit Results	2026-02-20T20:54:01.6469335Z  * [new tag]             0.0.30                 -> 0.0.30
audit-pods	Commit Results	2026-02-20T20:54:01.6469724Z  * [new tag]             0.0.31                 -> 0.0.31
audit-pods	Commit Results	2026-02-20T20:54:01.6470112Z  * [new tag]             0.0.32                 -> 0.0.32
audit-pods	Commit Results	2026-02-20T20:54:01.6470508Z  * [new tag]             0.0.33                 -> 0.0.33
audit-pods	Commit Results	2026-02-20T20:54:01.6470901Z  * [new tag]             0.0.34                 -> 0.0.34
audit-pods	Commit Results	2026-02-20T20:54:01.6471286Z  * [new tag]             0.0.35                 -> 0.0.35
audit-pods	Commit Results	2026-02-20T20:54:01.6471679Z  * [new tag]             0.0.36                 -> 0.0.36
audit-pods	Commit Results	2026-02-20T20:54:01.6472072Z  * [new tag]             0.0.37                 -> 0.0.37
audit-pods	Commit Results	2026-02-20T20:54:01.6472475Z  * [new tag]             0.0.38                 -> 0.0.38
audit-pods	Commit Results	2026-02-20T20:54:01.6472865Z  * [new tag]             0.0.39                 -> 0.0.39
audit-pods	Commit Results	2026-02-20T20:54:01.6473268Z  * [new tag]             0.0.4                  -> 0.0.4
audit-pods	Commit Results	2026-02-20T20:54:01.6473656Z  * [new tag]             0.0.40                 -> 0.0.40
audit-pods	Commit Results	2026-02-20T20:54:01.6474050Z  * [new tag]             0.0.41                 -> 0.0.41
audit-pods	Commit Results	2026-02-20T20:54:01.6474441Z  * [new tag]             0.0.42                 -> 0.0.42
audit-pods	Commit Results	2026-02-20T20:54:01.6475302Z  * [new tag]             0.0.43                 -> 0.0.43
audit-pods	Commit Results	2026-02-20T20:54:01.6475846Z  * [new tag]             0.0.44                 -> 0.0.44
audit-pods	Commit Results	2026-02-20T20:54:01.6476236Z  * [new tag]             0.0.45                 -> 0.0.45
audit-pods	Commit Results	2026-02-20T20:54:01.6476628Z  * [new tag]             0.0.46                 -> 0.0.46
audit-pods	Commit Results	2026-02-20T20:54:01.6477019Z  * [new tag]             0.0.47                 -> 0.0.47
audit-pods	Commit Results	2026-02-20T20:54:01.6477817Z  * [new tag]             0.0.48                 -> 0.0.48
audit-pods	Commit Results	2026-02-20T20:54:01.6478336Z  * [new tag]             0.0.49                 -> 0.0.49
audit-pods	Commit Results	2026-02-20T20:54:01.6478728Z  * [new tag]             0.0.5                  -> 0.0.5
audit-pods	Commit Results	2026-02-20T20:54:01.6479595Z  * [new tag]             0.0.50                 -> 0.0.50
audit-pods	Commit Results	2026-02-20T20:54:01.6479989Z  * [new tag]             0.0.51                 -> 0.0.51
audit-pods	Commit Results	2026-02-20T20:54:01.6480391Z  * [new tag]             0.0.52                 -> 0.0.52
audit-pods	Commit Results	2026-02-20T20:54:01.6480784Z  * [new tag]             0.0.53                 -> 0.0.53
audit-pods	Commit Results	2026-02-20T20:54:01.6481395Z  * [new tag]             0.0.54                 -> 0.0.54
audit-pods	Commit Results	2026-02-20T20:54:01.6481790Z  * [new tag]             0.0.55                 -> 0.0.55
audit-pods	Commit Results	2026-02-20T20:54:01.6482176Z  * [new tag]             0.0.56                 -> 0.0.56
audit-pods	Commit Results	2026-02-20T20:54:01.6482568Z  * [new tag]             0.0.57                 -> 0.0.57
audit-pods	Commit Results	2026-02-20T20:54:01.6483114Z  * [new tag]             0.0.58                 -> 0.0.58
audit-pods	Commit Results	2026-02-20T20:54:01.6483523Z  * [new tag]             0.0.59                 -> 0.0.59
audit-pods	Commit Results	2026-02-20T20:54:01.6483925Z  * [new tag]             0.0.6                  -> 0.0.6
audit-pods	Commit Results	2026-02-20T20:54:01.6484336Z  * [new tag]             0.0.60                 -> 0.0.60
audit-pods	Commit Results	2026-02-20T20:54:01.6484732Z  * [new tag]             0.0.61                 -> 0.0.61
audit-pods	Commit Results	2026-02-20T20:54:01.6485336Z  * [new tag]             0.0.62                 -> 0.0.62
audit-pods	Commit Results	2026-02-20T20:54:01.6485726Z  * [new tag]             0.0.63                 -> 0.0.63
audit-pods	Commit Results	2026-02-20T20:54:01.6486122Z  * [new tag]             0.0.64                 -> 0.0.64
audit-pods	Commit Results	2026-02-20T20:54:01.6486509Z  * [new tag]             0.0.65                 -> 0.0.65
audit-pods	Commit Results	2026-02-20T20:54:01.6486913Z  * [new tag]             0.0.66                 -> 0.0.66
audit-pods	Commit Results	2026-02-20T20:54:01.6487311Z  * [new tag]             0.0.67                 -> 0.0.67
audit-pods	Commit Results	2026-02-20T20:54:01.6487696Z  * [new tag]             0.0.68                 -> 0.0.68
audit-pods	Commit Results	2026-02-20T20:54:01.6488091Z  * [new tag]             0.0.69                 -> 0.0.69
audit-pods	Commit Results	2026-02-20T20:54:01.6488656Z  * [new tag]             0.0.7                  -> 0.0.7
audit-pods	Commit Results	2026-02-20T20:54:01.6489064Z  * [new tag]             0.0.70                 -> 0.0.70
audit-pods	Commit Results	2026-02-20T20:54:01.6489496Z  * [new tag]             0.0.71                 -> 0.0.71
audit-pods	Commit Results	2026-02-20T20:54:01.6490036Z  * [new tag]             0.0.72                 -> 0.0.72
audit-pods	Commit Results	2026-02-20T20:54:01.6490424Z  * [new tag]             0.0.73                 -> 0.0.73
audit-pods	Commit Results	2026-02-20T20:54:01.6490811Z  * [new tag]             0.0.74                 -> 0.0.74
audit-pods	Commit Results	2026-02-20T20:54:01.6491209Z  * [new tag]             0.0.75                 -> 0.0.75
audit-pods	Commit Results	2026-02-20T20:54:01.6491609Z  * [new tag]             0.0.76                 -> 0.0.76
audit-pods	Commit Results	2026-02-20T20:54:01.6492003Z  * [new tag]             0.0.77                 -> 0.0.77
audit-pods	Commit Results	2026-02-20T20:54:01.6492392Z  * [new tag]             0.0.78                 -> 0.0.78
audit-pods	Commit Results	2026-02-20T20:54:01.6492797Z  * [new tag]             0.0.79                 -> 0.0.79
audit-pods	Commit Results	2026-02-20T20:54:01.6493184Z  * [new tag]             0.0.8                  -> 0.0.8
audit-pods	Commit Results	2026-02-20T20:54:01.6493581Z  * [new tag]             0.0.80                 -> 0.0.80
audit-pods	Commit Results	2026-02-20T20:54:01.6493980Z  * [new tag]             0.0.81                 -> 0.0.81
audit-pods	Commit Results	2026-02-20T20:54:01.6494364Z  * [new tag]             0.0.82                 -> 0.0.82
audit-pods	Commit Results	2026-02-20T20:54:01.6494959Z  * [new tag]             0.0.83                 -> 0.0.83
audit-pods	Commit Results	2026-02-20T20:54:01.6495487Z  * [new tag]             0.0.84                 -> 0.0.84
audit-pods	Commit Results	2026-02-20T20:54:01.6496011Z  * [new tag]             0.0.85                 -> 0.0.85
audit-pods	Commit Results	2026-02-20T20:54:01.6496411Z  * [new tag]             0.0.86                 -> 0.0.86
audit-pods	Commit Results	2026-02-20T20:54:01.6496810Z  * [new tag]             0.0.87                 -> 0.0.87
audit-pods	Commit Results	2026-02-20T20:54:01.6497194Z  * [new tag]             0.0.88                 -> 0.0.88
audit-pods	Commit Results	2026-02-20T20:54:01.6497590Z  * [new tag]             0.0.89                 -> 0.0.89
audit-pods	Commit Results	2026-02-20T20:54:01.6504433Z  * [new tag]             0.0.9                  -> 0.0.9
audit-pods	Commit Results	2026-02-20T20:54:01.6505201Z  * [new tag]             0.0.90                 -> 0.0.90
audit-pods	Commit Results	2026-02-20T20:54:01.6506091Z  * [new tag]             0.0.91                 -> 0.0.91
audit-pods	Commit Results	2026-02-20T20:54:01.6506489Z  * [new tag]             0.0.92                 -> 0.0.92
audit-pods	Commit Results	2026-02-20T20:54:01.6506878Z  * [new tag]             0.0.93                 -> 0.0.93
audit-pods	Commit Results	2026-02-20T20:54:01.6507257Z  * [new tag]             0.0.94                 -> 0.0.94
audit-pods	Commit Results	2026-02-20T20:54:01.6507644Z  * [new tag]             0.0.95                 -> 0.0.95
audit-pods	Commit Results	2026-02-20T20:54:01.6508032Z  * [new tag]             0.0.96                 -> 0.0.96
audit-pods	Commit Results	2026-02-20T20:54:01.6508420Z  * [new tag]             0.0.97                 -> 0.0.97
audit-pods	Commit Results	2026-02-20T20:54:01.6509007Z  * [new tag]             0.0.98                 -> 0.0.98
audit-pods	Commit Results	2026-02-20T20:54:01.6509400Z  * [new tag]             0.0.99                 -> 0.0.99
audit-pods	Commit Results	2026-02-20T20:54:01.6509789Z  * [new tag]             0.1.0                  -> 0.1.0
audit-pods	Commit Results	2026-02-20T20:54:01.6510172Z  * [new tag]             0.1.1                  -> 0.1.1
audit-pods	Commit Results	2026-02-20T20:54:01.6510563Z  * [new tag]             0.2.0                  -> 0.2.0
audit-pods	Commit Results	2026-02-20T20:54:01.6510946Z  * [new tag]             0.3.0                  -> 0.3.0
audit-pods	Commit Results	2026-02-20T20:54:01.6511324Z  * [new tag]             0.3.1                  -> 0.3.1
audit-pods	Commit Results	2026-02-20T20:54:01.6511713Z  * [new tag]             0.3.10                 -> 0.3.10
audit-pods	Commit Results	2026-02-20T20:54:01.6512099Z  * [new tag]             0.3.11                 -> 0.3.11
audit-pods	Commit Results	2026-02-20T20:54:01.6512483Z  * [new tag]             0.3.12                 -> 0.3.12
audit-pods	Commit Results	2026-02-20T20:54:01.6512868Z  * [new tag]             0.3.13                 -> 0.3.13
audit-pods	Commit Results	2026-02-20T20:54:01.6513265Z  * [new tag]             0.3.14                 -> 0.3.14
audit-pods	Commit Results	2026-02-20T20:54:01.6513654Z  * [new tag]             0.3.15                 -> 0.3.15
audit-pods	Commit Results	2026-02-20T20:54:01.6514040Z  * [new tag]             0.3.16                 -> 0.3.16
audit-pods	Commit Results	2026-02-20T20:54:01.6514431Z  * [new tag]             0.3.17                 -> 0.3.17
audit-pods	Commit Results	2026-02-20T20:54:01.6515144Z  * [new tag]             0.3.2                  -> 0.3.2
audit-pods	Commit Results	2026-02-20T20:54:01.6515564Z  * [new tag]             0.3.3                  -> 0.3.3
audit-pods	Commit Results	2026-02-20T20:54:01.6516075Z  * [new tag]             0.3.4                  -> 0.3.4
audit-pods	Commit Results	2026-02-20T20:54:01.6516461Z  * [new tag]             0.3.5                  -> 0.3.5
audit-pods	Commit Results	2026-02-20T20:54:01.6516845Z  * [new tag]             0.3.6                  -> 0.3.6
audit-pods	Commit Results	2026-02-20T20:54:01.6517227Z  * [new tag]             0.3.7                  -> 0.3.7
audit-pods	Commit Results	2026-02-20T20:54:01.6517605Z  * [new tag]             0.3.8                  -> 0.3.8
audit-pods	Commit Results	2026-02-20T20:54:01.6517992Z  * [new tag]             0.3.9                  -> 0.3.9
audit-pods	Commit Results	2026-02-20T20:54:01.6518389Z  * [new tag]             0.4.0                  -> 0.4.0
audit-pods	Commit Results	2026-02-20T20:54:01.6518770Z  * [new tag]             0.4.1                  -> 0.4.1
audit-pods	Commit Results	2026-02-20T20:54:01.6519157Z  * [new tag]             0.4.2                  -> 0.4.2
audit-pods	Commit Results	2026-02-20T20:54:01.6519550Z  * [new tag]             0.4.3                  -> 0.4.3
audit-pods	Commit Results	2026-02-20T20:54:01.6519930Z  * [new tag]             0.4.4                  -> 0.4.4
audit-pods	Commit Results	2026-02-20T20:54:01.6520323Z  * [new tag]             0.4.5                  -> 0.4.5
audit-pods	Commit Results	2026-02-20T20:54:01.6520707Z  * [new tag]             0.4.6                  -> 0.4.6
audit-pods	Commit Results	2026-02-20T20:54:01.6521084Z  * [new tag]             0.4.7                  -> 0.4.7
audit-pods	Commit Results	2026-02-20T20:54:01.6521473Z  * [new tag]             0.4.8                  -> 0.4.8
audit-pods	Commit Results	2026-02-20T20:54:01.6521858Z  * [new tag]             0.4.9                  -> 0.4.9
audit-pods	Commit Results	2026-02-20T20:54:01.6522242Z  * [new tag]             0.5.0                  -> 0.5.0
audit-pods	Commit Results	2026-02-20T20:54:01.6522633Z  * [new tag]             0.5.1                  -> 0.5.1
audit-pods	Commit Results	2026-02-20T20:54:01.6523028Z  * [new tag]             0.5.2                  -> 0.5.2
audit-pods	Commit Results	2026-02-20T20:54:01.6523412Z  * [new tag]             0.6.0                  -> 0.6.0
audit-pods	Commit Results	2026-02-20T20:54:01.6523797Z  * [new tag]             0.6.1                  -> 0.6.1
audit-pods	Commit Results	2026-02-20T20:54:01.6524196Z  * [new tag]             0.6.2                  -> 0.6.2
audit-pods	Commit Results	2026-02-20T20:54:01.6788533Z Already up to date.
audit-pods	Commit Results	2026-02-20T20:54:01.6995188Z [main a135b8c8e] [Audit] Update failed pods and iTop reconciliation report 2026-02-20 20:54
audit-pods	Commit Results	2026-02-20T20:54:01.6995839Z  1 file changed, 560 insertions(+)
audit-pods	Commit Results	2026-02-20T20:54:01.6996337Z  create mode 100755 audit/kube/failed_pods.json
audit-pods	Commit Results	2026-02-20T20:54:02.6496838Z To https://github.com/Ka0s-Klaus/ka0s
audit-pods	Commit Results	2026-02-20T20:54:02.6498674Z    cbf522178..a135b8c8e  main -> main
audit-pods	Check iTop connectivity	ï»¿2026-02-20T20:54:02.6907290Z ##[group]Run echo "Checking connectivity to $ITOP_URL/webservices/rest.php?version=1.3"
audit-pods	Check iTop connectivity	2026-02-20T20:54:02.6908996Z [36;1mecho "Checking connectivity to $ITOP_URL/webservices/rest.php?version=1.3"[0m
audit-pods	Check iTop connectivity	2026-02-20T20:54:02.6911318Z [36;1mcurl --silent --show-error --fail --insecure --max-time 10 "$ITOP_URL/webservices/rest.php?version=1.3" || exit 1[0m
audit-pods	Check iTop connectivity	2026-02-20T20:54:02.6936797Z shell: /usr/bin/bash -e {0}
audit-pods	Check iTop connectivity	2026-02-20T20:54:02.6937485Z env:
audit-pods	Check iTop connectivity	2026-02-20T20:54:02.6938046Z   KAOS_MODULE: [Ka0S] Audit Pods
audit-pods	Check iTop connectivity	2026-02-20T20:54:02.6938737Z   KAOS_CODE: 22240765089
audit-pods	Check iTop connectivity	2026-02-20T20:54:02.6939532Z   ITOP_URL: ***
audit-pods	Check iTop connectivity	2026-02-20T20:54:02.6940099Z ##[endgroup]
audit-pods	Check iTop connectivity	2026-02-20T20:54:02.7012434Z Checking connectivity to ***/webservices/rest.php?version=1.3
audit-pods	Check iTop connectivity	2026-02-20T20:54:02.7854712Z {"code":1,"message":"Error: Invalid login"}
audit-pods	Process Tickets in iTop	ï»¿2026-02-20T20:54:02.7927807Z ##[group]Run python3 devops/core/k8s/process-failed-pods.py
audit-pods	Process Tickets in iTop	2026-02-20T20:54:02.7928798Z [36;1mpython3 devops/core/k8s/process-failed-pods.py[0m
audit-pods	Process Tickets in iTop	2026-02-20T20:54:02.7948723Z shell: /usr/bin/bash -e {0}
audit-pods	Process Tickets in iTop	2026-02-20T20:54:02.7949279Z env:
audit-pods	Process Tickets in iTop	2026-02-20T20:54:02.7949728Z   KAOS_MODULE: [Ka0S] Audit Pods
audit-pods	Process Tickets in iTop	2026-02-20T20:54:02.7950284Z   KAOS_CODE: 22240765089
audit-pods	Process Tickets in iTop	2026-02-20T20:54:02.7950932Z   ITOP_URL: ***
audit-pods	Process Tickets in iTop	2026-02-20T20:54:02.7951453Z   ITOP_USER: ***
audit-pods	Process Tickets in iTop	2026-02-20T20:54:02.7951968Z   ITOP_PASSWORD: ***
audit-pods	Process Tickets in iTop	2026-02-20T20:54:02.7952487Z   ITOP_ORIGIN: ***
audit-pods	Process Tickets in iTop	2026-02-20T20:54:02.7953031Z   FAILED_PODS_FILE: audit/kube/failed_pods.json
audit-pods	Process Tickets in iTop	2026-02-20T20:54:02.7953717Z   ITOP_AUDIT_OUTPUT_DIR: audit/itop
audit-pods	Process Tickets in iTop	2026-02-20T20:54:02.7954283Z ##[endgroup]
audit-pods	Process Tickets in iTop	2026-02-20T20:54:03.2993205Z [INFO] Current Failed Pods: 2
audit-pods	Process Tickets in iTop	2026-02-20T20:54:03.2993992Z [DEBUG] POST to ***/webservices/rest.php?version=1.3
audit-pods	Process Tickets in iTop	2026-02-20T20:54:03.2994409Z [INFO] Open Audit Tickets: 0
audit-pods	Process Tickets in iTop	2026-02-20T20:54:03.2995219Z [ACTION] Creating ticket for elk/mongodb-sync-29525580-s4ckr...
audit-pods	Process Tickets in iTop	2026-02-20T20:54:03.2995978Z [DEBUG] POST to ***/webservices/rest.php?version=1.3
audit-pods	Process Tickets in iTop	2026-02-20T20:54:03.2997140Z [ERROR] Create Failed: Error: Unexpected value for attribute 'Origin' (origin) : Value not allowed [***]: issues = {0=>Unexpected value for attribute 'Origin' (origin) : Value not allowed [***]}, class = UserRequest, id = -1
audit-pods	Process Tickets in iTop	2026-02-20T20:54:03.2998210Z [ACTION] Creating ticket for elk/mongodb-sync-29526285-vk9b4...
audit-pods	Process Tickets in iTop	2026-02-20T20:54:03.2998808Z [DEBUG] POST to ***/webservices/rest.php?version=1.3
audit-pods	Process Tickets in iTop	2026-02-20T20:54:03.2999907Z [ERROR] Create Failed: Error: Unexpected value for attribute 'Origin' (origin) : Value not allowed [***]: issues = {0=>Unexpected value for attribute 'Origin' (origin) : Value not allowed [***]}, class = UserRequest, id = -1
audit-pods	Process Tickets in iTop	2026-02-20T20:54:03.3001111Z [INFO] Reconciliation summary written to audit/itop/failed_pods_itop_reconciliation_22240765089.json
audit-pods	Post Checkout repository	ï»¿2026-02-20T20:54:03.3223046Z Post job cleanup.
audit-pods	Post Checkout repository	2026-02-20T20:54:03.4317313Z [command]/usr/bin/git version
audit-pods	Post Checkout repository	2026-02-20T20:54:03.4359401Z git version 2.52.0
audit-pods	Post Checkout repository	2026-02-20T20:54:03.4410517Z Copying '/home/runner/.gitconfig' to '/home/runner/_work/_temp/a27c0820-5edf-4f93-9685-59e8ce70af9c/.gitconfig'
audit-pods	Post Checkout repository	2026-02-20T20:54:03.4426847Z Temporarily overriding HOME='/home/runner/_work/_temp/a27c0820-5edf-4f93-9685-59e8ce70af9c' before making global git config changes
audit-pods	Post Checkout repository	2026-02-20T20:54:03.4427952Z Adding repository directory to the temporary git global config as a safe directory
audit-pods	Post Checkout repository	2026-02-20T20:54:03.4434011Z [command]/usr/bin/git config --global --add safe.directory /home/runner/_work/ka0s/ka0s
audit-pods	Post Checkout repository	2026-02-20T20:54:03.4490585Z [command]/usr/bin/git config --local --name-only --get-regexp core\.sshCommand
audit-pods	Post Checkout repository	2026-02-20T20:54:03.4534709Z [command]/usr/bin/git submodule foreach --recursive sh -c "git config --local --name-only --get-regexp 'core\.sshCommand' && git config --local --unset-all 'core.sshCommand' || :"
audit-pods	Post Checkout repository	2026-02-20T20:54:03.4873123Z [command]/usr/bin/git config --local --name-only --get-regexp http\.https\:\/\/github\.com\/\.extraheader
audit-pods	Post Checkout repository	2026-02-20T20:54:03.4903265Z http.https://github.com/.extraheader
audit-pods	Post Checkout repository	2026-02-20T20:54:03.4918613Z [command]/usr/bin/git config --local --unset-all http.https://github.com/.extraheader
audit-pods	Post Checkout repository	2026-02-20T20:54:03.4962786Z [command]/usr/bin/git submodule foreach --recursive sh -c "git config --local --name-only --get-regexp 'http\.https\:\/\/github\.com\/\.extraheader' && git config --local --unset-all 'http.https://github.com/.extraheader' || :"
audit-pods	Post Checkout repository	2026-02-20T20:54:03.5329768Z [command]/usr/bin/git config --local --name-only --get-regexp ^includeIf\.gitdir:
audit-pods	Post Checkout repository	2026-02-20T20:54:03.5376158Z [command]/usr/bin/git submodule foreach --recursive git config --local --show-origin --name-only --get-regexp remote.origin.url
audit-pods	Complete job	ï»¿2026-02-20T20:54:03.5929941Z Cleaning up orphan processes
handle-success	Set up job	ï»¿2026-02-20T20:54:16.1846468Z Current runner version: '2.331.0'
handle-success	Set up job	2026-02-20T20:54:16.1855080Z Runner name: 'swarm-runners-scaleset-hkss5-runner-6zbdn'
handle-success	Set up job	2026-02-20T20:54:16.1856047Z Runner group name: 'Default'
handle-success	Set up job	2026-02-20T20:54:16.1857255Z Machine name: 'swarm-runners-scaleset-hkss5-runner-6zbdn'
handle-success	Set up job	2026-02-20T20:54:16.1861495Z ##[group]GITHUB_TOKEN Permissions
handle-success	Set up job	2026-02-20T20:54:16.1864263Z Actions: write
handle-success	Set up job	2026-02-20T20:54:16.1865174Z Contents: write
handle-success	Set up job	2026-02-20T20:54:16.1865959Z Issues: write
handle-success	Set up job	2026-02-20T20:54:16.1866540Z Metadata: read
handle-success	Set up job	2026-02-20T20:54:16.1867128Z ##[endgroup]
handle-success	Set up job	2026-02-20T20:54:16.1869273Z Secret source: Actions
handle-success	Set up job	2026-02-20T20:54:16.1870102Z Prepare workflow directory
handle-success	Set up job	2026-02-20T20:54:16.2425645Z Prepare all required actions
handle-success	Set up job	2026-02-20T20:54:16.2519366Z Complete job name: handle-success
handle-success	Run echo "[Ka0S] Audit Pods Success in runid 22240765089 initiated."	ï»¿2026-02-20T20:54:16.3229483Z ##[group]Run echo "[Ka0S] Audit Pods Success in runid 22240765089 initiated."
handle-success	Run echo "[Ka0S] Audit Pods Success in runid 22240765089 initiated."	2026-02-20T20:54:16.3230527Z [36;1mecho "[Ka0S] Audit Pods Success in runid 22240765089 initiated."[0m
handle-success	Run echo "[Ka0S] Audit Pods Success in runid 22240765089 initiated."	2026-02-20T20:54:16.3266115Z shell: /usr/bin/bash -e {0}
handle-success	Run echo "[Ka0S] Audit Pods Success in runid 22240765089 initiated."	2026-02-20T20:54:16.3267101Z env:
handle-success	Run echo "[Ka0S] Audit Pods Success in runid 22240765089 initiated."	2026-02-20T20:54:16.3267537Z   KAOS_MODULE: [Ka0S] Audit Pods
handle-success	Run echo "[Ka0S] Audit Pods Success in runid 22240765089 initiated."	2026-02-20T20:54:16.3268041Z   KAOS_CODE: 22240765089
handle-success	Run echo "[Ka0S] Audit Pods Success in runid 22240765089 initiated."	2026-02-20T20:54:16.3268492Z ##[endgroup]
handle-success	Run echo "[Ka0S] Audit Pods Success in runid 22240765089 initiated."	2026-02-20T20:54:16.3509198Z [Ka0S] Audit Pods Success in runid 22240765089 initiated.
handle-success	Complete job	ï»¿2026-02-20T20:54:16.3677648Z Cleaning up orphan processes
end-workflow	Set up job	ï»¿2026-02-20T20:54:28.4128403Z Current runner version: '2.331.0'
end-workflow	Set up job	2026-02-20T20:54:28.4137178Z Runner name: 'swarm-runners-scaleset-hkss5-runner-6s4bm'
end-workflow	Set up job	2026-02-20T20:54:28.4138403Z Runner group name: 'Default'
end-workflow	Set up job	2026-02-20T20:54:28.4139381Z Machine name: 'swarm-runners-scaleset-hkss5-runner-6s4bm'
end-workflow	Set up job	2026-02-20T20:54:28.4143810Z ##[group]GITHUB_TOKEN Permissions
end-workflow	Set up job	2026-02-20T20:54:28.4146833Z Actions: write
end-workflow	Set up job	2026-02-20T20:54:28.4147837Z Contents: write
end-workflow	Set up job	2026-02-20T20:54:28.4148363Z Issues: write
end-workflow	Set up job	2026-02-20T20:54:28.4148930Z Metadata: read
end-workflow	Set up job	2026-02-20T20:54:28.4149568Z ##[endgroup]
end-workflow	Set up job	2026-02-20T20:54:28.4152216Z Secret source: Actions
end-workflow	Set up job	2026-02-20T20:54:28.4152969Z Prepare workflow directory
end-workflow	Set up job	2026-02-20T20:54:28.4700982Z Prepare all required actions
end-workflow	Set up job	2026-02-20T20:54:28.4744167Z Getting action download info
end-workflow	Set up job	2026-02-20T20:54:29.0515640Z Download action repository 'actions/checkout@v4' (SHA:34e114876b0b11c390a56381ad16ebd13914f8d5)
end-workflow	Set up job	2026-02-20T20:54:29.9838546Z Complete job name: end-workflow
end-workflow	Checkout Repository	ï»¿2026-02-20T20:54:30.0481744Z ##[group]Run actions/checkout@v4
end-workflow	Checkout Repository	2026-02-20T20:54:30.0482695Z with:
end-workflow	Checkout Repository	2026-02-20T20:54:30.0483104Z   fetch-depth: 0
end-workflow	Checkout Repository	2026-02-20T20:54:30.0483518Z   repository: Ka0s-Klaus/ka0s
end-workflow	Checkout Repository	2026-02-20T20:54:30.0484263Z   token: ***
end-workflow	Checkout Repository	2026-02-20T20:54:30.0484653Z   ssh-strict: true
end-workflow	Checkout Repository	2026-02-20T20:54:30.0485397Z   ssh-user: git
end-workflow	Checkout Repository	2026-02-20T20:54:30.0485806Z   persist-credentials: true
end-workflow	Checkout Repository	2026-02-20T20:54:30.0486259Z   clean: true
end-workflow	Checkout Repository	2026-02-20T20:54:30.0486666Z   sparse-checkout-cone-mode: true
end-workflow	Checkout Repository	2026-02-20T20:54:30.0487166Z   fetch-tags: false
end-workflow	Checkout Repository	2026-02-20T20:54:30.0487582Z   show-progress: true
end-workflow	Checkout Repository	2026-02-20T20:54:30.0488000Z   lfs: false
end-workflow	Checkout Repository	2026-02-20T20:54:30.0488392Z   submodules: false
end-workflow	Checkout Repository	2026-02-20T20:54:30.0488805Z   set-safe-directory: true
end-workflow	Checkout Repository	2026-02-20T20:54:30.0489501Z env:
end-workflow	Checkout Repository	2026-02-20T20:54:30.0489901Z   KAOS_MODULE: [Ka0S] Audit Pods
end-workflow	Checkout Repository	2026-02-20T20:54:30.0490391Z   KAOS_CODE: 22240765089
end-workflow	Checkout Repository	2026-02-20T20:54:30.0490815Z ##[endgroup]
end-workflow	Checkout Repository	2026-02-20T20:54:30.1743194Z Syncing repository: Ka0s-Klaus/ka0s
end-workflow	Checkout Repository	2026-02-20T20:54:30.1745968Z ##[group]Getting Git version info
end-workflow	Checkout Repository	2026-02-20T20:54:30.1746763Z Working directory is '/home/runner/_work/ka0s/ka0s'
end-workflow	Checkout Repository	2026-02-20T20:54:30.1747717Z [command]/usr/bin/git version
end-workflow	Checkout Repository	2026-02-20T20:54:30.1748647Z git version 2.52.0
end-workflow	Checkout Repository	2026-02-20T20:54:30.1776198Z ##[endgroup]
end-workflow	Checkout Repository	2026-02-20T20:54:30.1804074Z Temporarily overriding HOME='/home/runner/_work/_temp/d790a548-7f00-41c5-be96-cec337ff59e3' before making global git config changes
end-workflow	Checkout Repository	2026-02-20T20:54:30.1806197Z Adding repository directory to the temporary git global config as a safe directory
end-workflow	Checkout Repository	2026-02-20T20:54:30.1810999Z [command]/usr/bin/git config --global --add safe.directory /home/runner/_work/ka0s/ka0s
end-workflow	Checkout Repository	2026-02-20T20:54:30.1858949Z Deleting the contents of '/home/runner/_work/ka0s/ka0s'
end-workflow	Checkout Repository	2026-02-20T20:54:30.1862999Z ##[group]Initializing the repository
end-workflow	Checkout Repository	2026-02-20T20:54:30.1877698Z [command]/usr/bin/git init /home/runner/_work/ka0s/ka0s
end-workflow	Checkout Repository	2026-02-20T20:54:30.1946491Z hint: Using 'master' as the name for the initial branch. This default branch name
end-workflow	Checkout Repository	2026-02-20T20:54:30.1947846Z hint: will change to "main" in Git 3.0. To configure the initial branch name
end-workflow	Checkout Repository	2026-02-20T20:54:30.1948953Z hint: to use in all of your new repositories, which will suppress this warning,
end-workflow	Checkout Repository	2026-02-20T20:54:30.1950197Z hint: call:
end-workflow	Checkout Repository	2026-02-20T20:54:30.1950771Z hint:
end-workflow	Checkout Repository	2026-02-20T20:54:30.1951359Z hint: 	git config --global init.defaultBranch <name>
end-workflow	Checkout Repository	2026-02-20T20:54:30.1952038Z hint:
end-workflow	Checkout Repository	2026-02-20T20:54:30.1952685Z hint: Names commonly chosen instead of 'master' are 'main', 'trunk' and
end-workflow	Checkout Repository	2026-02-20T20:54:30.1965212Z hint: 'development'. The just-created branch can be renamed via this command:
end-workflow	Checkout Repository	2026-02-20T20:54:30.1966739Z hint:
end-workflow	Checkout Repository	2026-02-20T20:54:30.1967164Z hint: 	git branch -m <name>
end-workflow	Checkout Repository	2026-02-20T20:54:30.1967635Z hint:
end-workflow	Checkout Repository	2026-02-20T20:54:30.1968255Z hint: Disable this message with "git config set advice.defaultBranchName false"
end-workflow	Checkout Repository	2026-02-20T20:54:30.1969265Z Initialized empty Git repository in /home/runner/_work/ka0s/ka0s/.git/
end-workflow	Checkout Repository	2026-02-20T20:54:30.1971037Z [command]/usr/bin/git remote add origin https://github.com/Ka0s-Klaus/ka0s
end-workflow	Checkout Repository	2026-02-20T20:54:30.2002184Z ##[endgroup]
end-workflow	Checkout Repository	2026-02-20T20:54:30.2004153Z ##[group]Disabling automatic garbage collection
end-workflow	Checkout Repository	2026-02-20T20:54:30.2014404Z [command]/usr/bin/git config --local gc.auto 0
end-workflow	Checkout Repository	2026-02-20T20:54:30.2081084Z ##[endgroup]
end-workflow	Checkout Repository	2026-02-20T20:54:30.2081906Z ##[group]Setting up auth
end-workflow	Checkout Repository	2026-02-20T20:54:30.2085257Z [command]/usr/bin/git config --local --name-only --get-regexp core\.sshCommand
end-workflow	Checkout Repository	2026-02-20T20:54:30.2135839Z [command]/usr/bin/git submodule foreach --recursive sh -c "git config --local --name-only --get-regexp 'core\.sshCommand' && git config --local --unset-all 'core.sshCommand' || :"
end-workflow	Checkout Repository	2026-02-20T20:54:30.2477653Z [command]/usr/bin/git config --local --name-only --get-regexp http\.https\:\/\/github\.com\/\.extraheader
end-workflow	Checkout Repository	2026-02-20T20:54:30.2518402Z [command]/usr/bin/git submodule foreach --recursive sh -c "git config --local --name-only --get-regexp 'http\.https\:\/\/github\.com\/\.extraheader' && git config --local --unset-all 'http.https://github.com/.extraheader' || :"
end-workflow	Checkout Repository	2026-02-20T20:54:30.2856981Z [command]/usr/bin/git config --local --name-only --get-regexp ^includeIf\.gitdir:
end-workflow	Checkout Repository	2026-02-20T20:54:30.2901072Z [command]/usr/bin/git submodule foreach --recursive git config --local --show-origin --name-only --get-regexp remote.origin.url
end-workflow	Checkout Repository	2026-02-20T20:54:30.3249590Z [command]/usr/bin/git config --local http.https://github.com/.extraheader AUTHORIZATION: basic ***
end-workflow	Checkout Repository	2026-02-20T20:54:30.3302316Z ##[endgroup]
end-workflow	Checkout Repository	2026-02-20T20:54:30.3303263Z ##[group]Fetching the repository
end-workflow	Checkout Repository	2026-02-20T20:54:30.3312312Z [command]/usr/bin/git -c protocol.version=2 fetch --prune --no-recurse-submodules origin +refs/heads/*:refs/remotes/origin/* +refs/tags/*:refs/tags/*
end-workflow	Checkout Repository	2026-02-20T20:54:51.0268229Z From https://github.com/Ka0s-Klaus/ka0s
end-workflow	Checkout Repository	2026-02-20T20:54:51.0269540Z  * [new branch]          F3450-modelo-operativo -> origin/F3450-modelo-operativo
end-workflow	Checkout Repository	2026-02-20T20:54:51.0275676Z  * [new branch]          H1276-modulo-observabilidad -> origin/H1276-modulo-observabilidad
end-workflow	Checkout Repository	2026-02-20T20:54:51.0276347Z  * [new branch]          H3596-deploy-itop      -> origin/H3596-deploy-itop
end-workflow	Checkout Repository	2026-02-20T20:54:51.0276919Z  * [new branch]          main                   -> origin/main
end-workflow	Checkout Repository	2026-02-20T20:54:51.0277602Z  * [new tag]             0.0.0                  -> 0.0.0
end-workflow	Checkout Repository	2026-02-20T20:54:51.0278001Z  * [new tag]             0.0.1                  -> 0.0.1
end-workflow	Checkout Repository	2026-02-20T20:54:51.0278383Z  * [new tag]             0.0.10                 -> 0.0.10
end-workflow	Checkout Repository	2026-02-20T20:54:51.0278794Z  * [new tag]             0.0.100                -> 0.0.100
end-workflow	Checkout Repository	2026-02-20T20:54:51.0279217Z  * [new tag]             0.0.101                -> 0.0.101
end-workflow	Checkout Repository	2026-02-20T20:54:51.0279605Z  * [new tag]             0.0.102                -> 0.0.102
end-workflow	Checkout Repository	2026-02-20T20:54:51.0280045Z  * [new tag]             0.0.103                -> 0.0.103
end-workflow	Checkout Repository	2026-02-20T20:54:51.0280440Z  * [new tag]             0.0.104                -> 0.0.104
end-workflow	Checkout Repository	2026-02-20T20:54:51.0280836Z  * [new tag]             0.0.105                -> 0.0.105
end-workflow	Checkout Repository	2026-02-20T20:54:51.0281273Z  * [new tag]             0.0.106                -> 0.0.106
end-workflow	Checkout Repository	2026-02-20T20:54:51.0281711Z  * [new tag]             0.0.107                -> 0.0.107
end-workflow	Checkout Repository	2026-02-20T20:54:51.0282158Z  * [new tag]             0.0.108                -> 0.0.108
end-workflow	Checkout Repository	2026-02-20T20:54:51.0282541Z  * [new tag]             0.0.109                -> 0.0.109
end-workflow	Checkout Repository	2026-02-20T20:54:51.0282979Z  * [new tag]             0.0.11                 -> 0.0.11
end-workflow	Checkout Repository	2026-02-20T20:54:51.0283373Z  * [new tag]             0.0.110                -> 0.0.110
end-workflow	Checkout Repository	2026-02-20T20:54:51.0283765Z  * [new tag]             0.0.111                -> 0.0.111
end-workflow	Checkout Repository	2026-02-20T20:54:51.0284148Z  * [new tag]             0.0.112                -> 0.0.112
end-workflow	Checkout Repository	2026-02-20T20:54:51.0284554Z  * [new tag]             0.0.113                -> 0.0.113
end-workflow	Checkout Repository	2026-02-20T20:54:51.0288567Z  * [new tag]             0.0.114                -> 0.0.114
end-workflow	Checkout Repository	2026-02-20T20:54:51.0288979Z  * [new tag]             0.0.115                -> 0.0.115
end-workflow	Checkout Repository	2026-02-20T20:54:51.0289369Z  * [new tag]             0.0.116                -> 0.0.116
end-workflow	Checkout Repository	2026-02-20T20:54:51.0290017Z  * [new tag]             0.0.117                -> 0.0.117
end-workflow	Checkout Repository	2026-02-20T20:54:51.0290437Z  * [new tag]             0.0.118                -> 0.0.118
end-workflow	Checkout Repository	2026-02-20T20:54:51.0291521Z  * [new tag]             0.0.119                -> 0.0.119
end-workflow	Checkout Repository	2026-02-20T20:54:51.0292127Z  * [new tag]             0.0.12                 -> 0.0.12
end-workflow	Checkout Repository	2026-02-20T20:54:51.0292571Z  * [new tag]             0.0.120                -> 0.0.120
end-workflow	Checkout Repository	2026-02-20T20:54:51.0292963Z  * [new tag]             0.0.121                -> 0.0.121
end-workflow	Checkout Repository	2026-02-20T20:54:51.0293351Z  * [new tag]             0.0.122                -> 0.0.122
end-workflow	Checkout Repository	2026-02-20T20:54:51.0293735Z  * [new tag]             0.0.123                -> 0.0.123
end-workflow	Checkout Repository	2026-02-20T20:54:51.0294125Z  * [new tag]             0.0.124                -> 0.0.124
end-workflow	Checkout Repository	2026-02-20T20:54:51.0294511Z  * [new tag]             0.0.125                -> 0.0.125
end-workflow	Checkout Repository	2026-02-20T20:54:51.0295198Z  * [new tag]             0.0.126                -> 0.0.126
end-workflow	Checkout Repository	2026-02-20T20:54:51.0295597Z  * [new tag]             0.0.127                -> 0.0.127
end-workflow	Checkout Repository	2026-02-20T20:54:51.0295976Z  * [new tag]             0.0.128                -> 0.0.128
end-workflow	Checkout Repository	2026-02-20T20:54:51.0296756Z  * [new tag]             0.0.129                -> 0.0.129
end-workflow	Checkout Repository	2026-02-20T20:54:51.0297144Z  * [new tag]             0.0.13                 -> 0.0.13
end-workflow	Checkout Repository	2026-02-20T20:54:51.0297529Z  * [new tag]             0.0.130                -> 0.0.130
end-workflow	Checkout Repository	2026-02-20T20:54:51.0297915Z  * [new tag]             0.0.131                -> 0.0.131
end-workflow	Checkout Repository	2026-02-20T20:54:51.0298298Z  * [new tag]             0.0.132                -> 0.0.132
end-workflow	Checkout Repository	2026-02-20T20:54:51.0298686Z  * [new tag]             0.0.133                -> 0.0.133
end-workflow	Checkout Repository	2026-02-20T20:54:51.0299070Z  * [new tag]             0.0.134                -> 0.0.134
end-workflow	Checkout Repository	2026-02-20T20:54:51.0299455Z  * [new tag]             0.0.135                -> 0.0.135
end-workflow	Checkout Repository	2026-02-20T20:54:51.0299840Z  * [new tag]             0.0.136                -> 0.0.136
end-workflow	Checkout Repository	2026-02-20T20:54:51.0300225Z  * [new tag]             0.0.137                -> 0.0.137
end-workflow	Checkout Repository	2026-02-20T20:54:51.0300614Z  * [new tag]             0.0.138                -> 0.0.138
end-workflow	Checkout Repository	2026-02-20T20:54:51.0301024Z  * [new tag]             0.0.139                -> 0.0.139
end-workflow	Checkout Repository	2026-02-20T20:54:51.0301425Z  * [new tag]             0.0.14                 -> 0.0.14
end-workflow	Checkout Repository	2026-02-20T20:54:51.0301811Z  * [new tag]             0.0.140                -> 0.0.140
end-workflow	Checkout Repository	2026-02-20T20:54:51.0302201Z  * [new tag]             0.0.141                -> 0.0.141
end-workflow	Checkout Repository	2026-02-20T20:54:51.0302592Z  * [new tag]             0.0.142                -> 0.0.142
end-workflow	Checkout Repository	2026-02-20T20:54:51.0302976Z  * [new tag]             0.0.143                -> 0.0.143
end-workflow	Checkout Repository	2026-02-20T20:54:51.0303369Z  * [new tag]             0.0.144                -> 0.0.144
end-workflow	Checkout Repository	2026-02-20T20:54:51.0303760Z  * [new tag]             0.0.145                -> 0.0.145
end-workflow	Checkout Repository	2026-02-20T20:54:51.0304158Z  * [new tag]             0.0.146                -> 0.0.146
end-workflow	Checkout Repository	2026-02-20T20:54:51.0304543Z  * [new tag]             0.0.147                -> 0.0.147
end-workflow	Checkout Repository	2026-02-20T20:54:51.0305073Z  * [new tag]             0.0.148                -> 0.0.148
end-workflow	Checkout Repository	2026-02-20T20:54:51.0305473Z  * [new tag]             0.0.149                -> 0.0.149
end-workflow	Checkout Repository	2026-02-20T20:54:51.0305990Z  * [new tag]             0.0.15                 -> 0.0.15
end-workflow	Checkout Repository	2026-02-20T20:54:51.0306381Z  * [new tag]             0.0.150                -> 0.0.150
end-workflow	Checkout Repository	2026-02-20T20:54:51.0306898Z  * [new tag]             0.0.151                -> 0.0.151
end-workflow	Checkout Repository	2026-02-20T20:54:51.0307571Z  * [new tag]             0.0.152                -> 0.0.152
end-workflow	Checkout Repository	2026-02-20T20:54:51.0308004Z  * [new tag]             0.0.153                -> 0.0.153
end-workflow	Checkout Repository	2026-02-20T20:54:51.0308387Z  * [new tag]             0.0.154                -> 0.0.154
end-workflow	Checkout Repository	2026-02-20T20:54:51.0308776Z  * [new tag]             0.0.155                -> 0.0.155
end-workflow	Checkout Repository	2026-02-20T20:54:51.0309157Z  * [new tag]             0.0.156                -> 0.0.156
end-workflow	Checkout Repository	2026-02-20T20:54:51.0309549Z  * [new tag]             0.0.157                -> 0.0.157
end-workflow	Checkout Repository	2026-02-20T20:54:51.0309936Z  * [new tag]             0.0.158                -> 0.0.158
end-workflow	Checkout Repository	2026-02-20T20:54:51.0310340Z  * [new tag]             0.0.159                -> 0.0.159
end-workflow	Checkout Repository	2026-02-20T20:54:51.0310744Z  * [new tag]             0.0.16                 -> 0.0.16
end-workflow	Checkout Repository	2026-02-20T20:54:51.0311384Z  * [new tag]             0.0.160                -> 0.0.160
end-workflow	Checkout Repository	2026-02-20T20:54:51.0311791Z  * [new tag]             0.0.161                -> 0.0.161
end-workflow	Checkout Repository	2026-02-20T20:54:51.0312187Z  * [new tag]             0.0.162                -> 0.0.162
end-workflow	Checkout Repository	2026-02-20T20:54:51.0312585Z  * [new tag]             0.0.163                -> 0.0.163
end-workflow	Checkout Repository	2026-02-20T20:54:51.0312975Z  * [new tag]             0.0.164                -> 0.0.164
end-workflow	Checkout Repository	2026-02-20T20:54:51.0313374Z  * [new tag]             0.0.165                -> 0.0.165
end-workflow	Checkout Repository	2026-02-20T20:54:51.0313789Z  * [new tag]             0.0.166                -> 0.0.166
end-workflow	Checkout Repository	2026-02-20T20:54:51.0314185Z  * [new tag]             0.0.167                -> 0.0.167
end-workflow	Checkout Repository	2026-02-20T20:54:51.0314579Z  * [new tag]             0.0.168                -> 0.0.168
end-workflow	Checkout Repository	2026-02-20T20:54:51.0315333Z  * [new tag]             0.0.169                -> 0.0.169
end-workflow	Checkout Repository	2026-02-20T20:54:51.0315726Z  * [new tag]             0.0.17                 -> 0.0.17
end-workflow	Checkout Repository	2026-02-20T20:54:51.0316400Z  * [new tag]             0.0.170                -> 0.0.170
end-workflow	Checkout Repository	2026-02-20T20:54:51.0316806Z  * [new tag]             0.0.171                -> 0.0.171
end-workflow	Checkout Repository	2026-02-20T20:54:51.0317191Z  * [new tag]             0.0.172                -> 0.0.172
end-workflow	Checkout Repository	2026-02-20T20:54:51.0317575Z  * [new tag]             0.0.173                -> 0.0.173
end-workflow	Checkout Repository	2026-02-20T20:54:51.0317963Z  * [new tag]             0.0.174                -> 0.0.174
end-workflow	Checkout Repository	2026-02-20T20:54:51.0318349Z  * [new tag]             0.0.175                -> 0.0.175
end-workflow	Checkout Repository	2026-02-20T20:54:51.0318736Z  * [new tag]             0.0.176                -> 0.0.176
end-workflow	Checkout Repository	2026-02-20T20:54:51.0319116Z  * [new tag]             0.0.177                -> 0.0.177
end-workflow	Checkout Repository	2026-02-20T20:54:51.0319500Z  * [new tag]             0.0.178                -> 0.0.178
end-workflow	Checkout Repository	2026-02-20T20:54:51.0389709Z  * [new tag]             0.0.179                -> 0.0.179
end-workflow	Checkout Repository	2026-02-20T20:54:51.0390770Z  * [new tag]             0.0.18                 -> 0.0.18
end-workflow	Checkout Repository	2026-02-20T20:54:51.0391268Z  * [new tag]             0.0.19                 -> 0.0.19
end-workflow	Checkout Repository	2026-02-20T20:54:51.0391739Z  * [new tag]             0.0.2                  -> 0.0.2
end-workflow	Checkout Repository	2026-02-20T20:54:51.0392154Z  * [new tag]             0.0.20                 -> 0.0.20
end-workflow	Checkout Repository	2026-02-20T20:54:51.0392555Z  * [new tag]             0.0.21                 -> 0.0.21
end-workflow	Checkout Repository	2026-02-20T20:54:51.0392965Z  * [new tag]             0.0.22                 -> 0.0.22
end-workflow	Checkout Repository	2026-02-20T20:54:51.0393376Z  * [new tag]             0.0.23                 -> 0.0.23
end-workflow	Checkout Repository	2026-02-20T20:54:51.0393781Z  * [new tag]             0.0.24                 -> 0.0.24
end-workflow	Checkout Repository	2026-02-20T20:54:51.0394212Z  * [new tag]             0.0.25                 -> 0.0.25
end-workflow	Checkout Repository	2026-02-20T20:54:51.0394619Z  * [new tag]             0.0.26                 -> 0.0.26
end-workflow	Checkout Repository	2026-02-20T20:54:51.0395322Z  * [new tag]             0.0.27                 -> 0.0.27
end-workflow	Checkout Repository	2026-02-20T20:54:51.0395740Z  * [new tag]             0.0.28                 -> 0.0.28
end-workflow	Checkout Repository	2026-02-20T20:54:51.0396265Z  * [new tag]             0.0.29                 -> 0.0.29
end-workflow	Checkout Repository	2026-02-20T20:54:51.0396656Z  * [new tag]             0.0.3                  -> 0.0.3
end-workflow	Checkout Repository	2026-02-20T20:54:51.0397075Z  * [new tag]             0.0.30                 -> 0.0.30
end-workflow	Checkout Repository	2026-02-20T20:54:51.0397467Z  * [new tag]             0.0.31                 -> 0.0.31
end-workflow	Checkout Repository	2026-02-20T20:54:51.0397860Z  * [new tag]             0.0.32                 -> 0.0.32
end-workflow	Checkout Repository	2026-02-20T20:54:51.0398249Z  * [new tag]             0.0.33                 -> 0.0.33
end-workflow	Checkout Repository	2026-02-20T20:54:51.0398637Z  * [new tag]             0.0.34                 -> 0.0.34
end-workflow	Checkout Repository	2026-02-20T20:54:51.0399031Z  * [new tag]             0.0.35                 -> 0.0.35
end-workflow	Checkout Repository	2026-02-20T20:54:51.0399419Z  * [new tag]             0.0.36                 -> 0.0.36
end-workflow	Checkout Repository	2026-02-20T20:54:51.0399814Z  * [new tag]             0.0.37                 -> 0.0.37
end-workflow	Checkout Repository	2026-02-20T20:54:51.0400210Z  * [new tag]             0.0.38                 -> 0.0.38
end-workflow	Checkout Repository	2026-02-20T20:54:51.0400610Z  * [new tag]             0.0.39                 -> 0.0.39
end-workflow	Checkout Repository	2026-02-20T20:54:51.0401005Z  * [new tag]             0.0.4                  -> 0.0.4
end-workflow	Checkout Repository	2026-02-20T20:54:51.0401402Z  * [new tag]             0.0.40                 -> 0.0.40
end-workflow	Checkout Repository	2026-02-20T20:54:51.0402120Z  * [new tag]             0.0.41                 -> 0.0.41
end-workflow	Checkout Repository	2026-02-20T20:54:51.0402504Z  * [new tag]             0.0.42                 -> 0.0.42
end-workflow	Checkout Repository	2026-02-20T20:54:51.0402892Z  * [new tag]             0.0.43                 -> 0.0.43
end-workflow	Checkout Repository	2026-02-20T20:54:51.0403274Z  * [new tag]             0.0.44                 -> 0.0.44
end-workflow	Checkout Repository	2026-02-20T20:54:51.0403666Z  * [new tag]             0.0.45                 -> 0.0.45
end-workflow	Checkout Repository	2026-02-20T20:54:51.0404055Z  * [new tag]             0.0.46                 -> 0.0.46
end-workflow	Checkout Repository	2026-02-20T20:54:51.0404472Z  * [new tag]             0.0.47                 -> 0.0.47
end-workflow	Checkout Repository	2026-02-20T20:54:51.0405158Z  * [new tag]             0.0.48                 -> 0.0.48
end-workflow	Checkout Repository	2026-02-20T20:54:51.0405718Z  * [new tag]             0.0.49                 -> 0.0.49
end-workflow	Checkout Repository	2026-02-20T20:54:51.0406119Z  * [new tag]             0.0.5                  -> 0.0.5
end-workflow	Checkout Repository	2026-02-20T20:54:51.0406512Z  * [new tag]             0.0.50                 -> 0.0.50
end-workflow	Checkout Repository	2026-02-20T20:54:51.0407254Z  * [new tag]             0.0.51                 -> 0.0.51
end-workflow	Checkout Repository	2026-02-20T20:54:51.0407646Z  * [new tag]             0.0.52                 -> 0.0.52
end-workflow	Checkout Repository	2026-02-20T20:54:51.0408022Z  * [new tag]             0.0.53                 -> 0.0.53
end-workflow	Checkout Repository	2026-02-20T20:54:51.0408402Z  * [new tag]             0.0.54                 -> 0.0.54
end-workflow	Checkout Repository	2026-02-20T20:54:51.0408774Z  * [new tag]             0.0.55                 -> 0.0.55
end-workflow	Checkout Repository	2026-02-20T20:54:51.0409155Z  * [new tag]             0.0.56                 -> 0.0.56
end-workflow	Checkout Repository	2026-02-20T20:54:51.0409529Z  * [new tag]             0.0.57                 -> 0.0.57
end-workflow	Checkout Repository	2026-02-20T20:54:51.0409911Z  * [new tag]             0.0.58                 -> 0.0.58
end-workflow	Checkout Repository	2026-02-20T20:54:51.0410294Z  * [new tag]             0.0.59                 -> 0.0.59
end-workflow	Checkout Repository	2026-02-20T20:54:51.0410668Z  * [new tag]             0.0.6                  -> 0.0.6
end-workflow	Checkout Repository	2026-02-20T20:54:51.0411046Z  * [new tag]             0.0.60                 -> 0.0.60
end-workflow	Checkout Repository	2026-02-20T20:54:51.0411422Z  * [new tag]             0.0.61                 -> 0.0.61
end-workflow	Checkout Repository	2026-02-20T20:54:51.0411807Z  * [new tag]             0.0.62                 -> 0.0.62
end-workflow	Checkout Repository	2026-02-20T20:54:51.0412192Z  * [new tag]             0.0.63                 -> 0.0.63
end-workflow	Checkout Repository	2026-02-20T20:54:51.0412566Z  * [new tag]             0.0.64                 -> 0.0.64
end-workflow	Checkout Repository	2026-02-20T20:54:51.0412936Z  * [new tag]             0.0.65                 -> 0.0.65
end-workflow	Checkout Repository	2026-02-20T20:54:51.0413302Z  * [new tag]             0.0.66                 -> 0.0.66
end-workflow	Checkout Repository	2026-02-20T20:54:51.0413679Z  * [new tag]             0.0.67                 -> 0.0.67
end-workflow	Checkout Repository	2026-02-20T20:54:51.0414047Z  * [new tag]             0.0.68                 -> 0.0.68
end-workflow	Checkout Repository	2026-02-20T20:54:51.0414422Z  * [new tag]             0.0.69                 -> 0.0.69
end-workflow	Checkout Repository	2026-02-20T20:54:51.0415061Z  * [new tag]             0.0.7                  -> 0.0.7
end-workflow	Checkout Repository	2026-02-20T20:54:51.0415597Z  * [new tag]             0.0.70                 -> 0.0.70
end-workflow	Checkout Repository	2026-02-20T20:54:51.0415978Z  * [new tag]             0.0.71                 -> 0.0.71
end-workflow	Checkout Repository	2026-02-20T20:54:51.0416475Z  * [new tag]             0.0.72                 -> 0.0.72
end-workflow	Checkout Repository	2026-02-20T20:54:51.0416864Z  * [new tag]             0.0.73                 -> 0.0.73
end-workflow	Checkout Repository	2026-02-20T20:54:51.0417235Z  * [new tag]             0.0.74                 -> 0.0.74
end-workflow	Checkout Repository	2026-02-20T20:54:51.0417612Z  * [new tag]             0.0.75                 -> 0.0.75
end-workflow	Checkout Repository	2026-02-20T20:54:51.0417982Z  * [new tag]             0.0.76                 -> 0.0.76
end-workflow	Checkout Repository	2026-02-20T20:54:51.0418361Z  * [new tag]             0.0.77                 -> 0.0.77
end-workflow	Checkout Repository	2026-02-20T20:54:51.0418736Z  * [new tag]             0.0.78                 -> 0.0.78
end-workflow	Checkout Repository	2026-02-20T20:54:51.0419107Z  * [new tag]             0.0.79                 -> 0.0.79
end-workflow	Checkout Repository	2026-02-20T20:54:51.0419479Z  * [new tag]             0.0.8                  -> 0.0.8
end-workflow	Checkout Repository	2026-02-20T20:54:51.0419844Z  * [new tag]             0.0.80                 -> 0.0.80
end-workflow	Checkout Repository	2026-02-20T20:54:51.0420511Z  * [new tag]             0.0.81                 -> 0.0.81
end-workflow	Checkout Repository	2026-02-20T20:54:51.0421043Z  * [new tag]             0.0.82                 -> 0.0.82
end-workflow	Checkout Repository	2026-02-20T20:54:51.0421558Z  * [new tag]             0.0.83                 -> 0.0.83
end-workflow	Checkout Repository	2026-02-20T20:54:51.0422180Z  * [new tag]             0.0.84                 -> 0.0.84
end-workflow	Checkout Repository	2026-02-20T20:54:51.0422679Z  * [new tag]             0.0.85                 -> 0.0.85
end-workflow	Checkout Repository	2026-02-20T20:54:51.0423053Z  * [new tag]             0.0.86                 -> 0.0.86
end-workflow	Checkout Repository	2026-02-20T20:54:51.0423426Z  * [new tag]             0.0.87                 -> 0.0.87
end-workflow	Checkout Repository	2026-02-20T20:54:51.0423801Z  * [new tag]             0.0.88                 -> 0.0.88
end-workflow	Checkout Repository	2026-02-20T20:54:51.0424167Z  * [new tag]             0.0.89                 -> 0.0.89
end-workflow	Checkout Repository	2026-02-20T20:54:51.0424542Z  * [new tag]             0.0.9                  -> 0.0.9
end-workflow	Checkout Repository	2026-02-20T20:54:51.0425318Z  * [new tag]             0.0.90                 -> 0.0.90
end-workflow	Checkout Repository	2026-02-20T20:54:51.0425718Z  * [new tag]             0.0.91                 -> 0.0.91
end-workflow	Checkout Repository	2026-02-20T20:54:51.0426110Z  * [new tag]             0.0.92                 -> 0.0.92
end-workflow	Checkout Repository	2026-02-20T20:54:51.0426609Z  * [new tag]             0.0.93                 -> 0.0.93
end-workflow	Checkout Repository	2026-02-20T20:54:51.0426981Z  * [new tag]             0.0.94                 -> 0.0.94
end-workflow	Checkout Repository	2026-02-20T20:54:51.0427576Z  * [new tag]             0.0.95                 -> 0.0.95
end-workflow	Checkout Repository	2026-02-20T20:54:51.0427951Z  * [new tag]             0.0.96                 -> 0.0.96
end-workflow	Checkout Repository	2026-02-20T20:54:51.0428318Z  * [new tag]             0.0.97                 -> 0.0.97
end-workflow	Checkout Repository	2026-02-20T20:54:51.0428692Z  * [new tag]             0.0.98                 -> 0.0.98
end-workflow	Checkout Repository	2026-02-20T20:54:51.0429062Z  * [new tag]             0.0.99                 -> 0.0.99
end-workflow	Checkout Repository	2026-02-20T20:54:51.0429428Z  * [new tag]             0.1.0                  -> 0.1.0
end-workflow	Checkout Repository	2026-02-20T20:54:51.0429801Z  * [new tag]             0.1.1                  -> 0.1.1
end-workflow	Checkout Repository	2026-02-20T20:54:51.0430168Z  * [new tag]             0.2.0                  -> 0.2.0
end-workflow	Checkout Repository	2026-02-20T20:54:51.0430537Z  * [new tag]             0.3.0                  -> 0.3.0
end-workflow	Checkout Repository	2026-02-20T20:54:51.0430901Z  * [new tag]             0.3.1                  -> 0.3.1
end-workflow	Checkout Repository	2026-02-20T20:54:51.0431276Z  * [new tag]             0.3.10                 -> 0.3.10
end-workflow	Checkout Repository	2026-02-20T20:54:51.0431663Z  * [new tag]             0.3.11                 -> 0.3.11
end-workflow	Checkout Repository	2026-02-20T20:54:51.0432037Z  * [new tag]             0.3.12                 -> 0.3.12
end-workflow	Checkout Repository	2026-02-20T20:54:51.0432444Z  * [new tag]             0.3.13                 -> 0.3.13
end-workflow	Checkout Repository	2026-02-20T20:54:51.0432822Z  * [new tag]             0.3.14                 -> 0.3.14
end-workflow	Checkout Repository	2026-02-20T20:54:51.0433193Z  * [new tag]             0.3.15                 -> 0.3.15
end-workflow	Checkout Repository	2026-02-20T20:54:51.0433568Z  * [new tag]             0.3.16                 -> 0.3.16
end-workflow	Checkout Repository	2026-02-20T20:54:51.0433939Z  * [new tag]             0.3.17                 -> 0.3.17
end-workflow	Checkout Repository	2026-02-20T20:54:51.0434308Z  * [new tag]             0.3.2                  -> 0.3.2
end-workflow	Checkout Repository	2026-02-20T20:54:51.0434677Z  * [new tag]             0.3.3                  -> 0.3.3
end-workflow	Checkout Repository	2026-02-20T20:54:51.0435581Z  * [new tag]             0.3.4                  -> 0.3.4
end-workflow	Checkout Repository	2026-02-20T20:54:51.0435970Z  * [new tag]             0.3.5                  -> 0.3.5
end-workflow	Checkout Repository	2026-02-20T20:54:51.0436464Z  * [new tag]             0.3.6                  -> 0.3.6
end-workflow	Checkout Repository	2026-02-20T20:54:51.0436850Z  * [new tag]             0.3.7                  -> 0.3.7
end-workflow	Checkout Repository	2026-02-20T20:54:51.0437224Z  * [new tag]             0.3.8                  -> 0.3.8
end-workflow	Checkout Repository	2026-02-20T20:54:51.0437598Z  * [new tag]             0.3.9                  -> 0.3.9
end-workflow	Checkout Repository	2026-02-20T20:54:51.0437969Z  * [new tag]             0.4.0                  -> 0.4.0
end-workflow	Checkout Repository	2026-02-20T20:54:51.0438338Z  * [new tag]             0.4.1                  -> 0.4.1
end-workflow	Checkout Repository	2026-02-20T20:54:51.0438709Z  * [new tag]             0.4.2                  -> 0.4.2
end-workflow	Checkout Repository	2026-02-20T20:54:51.0439075Z  * [new tag]             0.4.3                  -> 0.4.3
end-workflow	Checkout Repository	2026-02-20T20:54:51.0439448Z  * [new tag]             0.4.4                  -> 0.4.4
end-workflow	Checkout Repository	2026-02-20T20:54:51.0439815Z  * [new tag]             0.4.5                  -> 0.4.5
end-workflow	Checkout Repository	2026-02-20T20:54:51.0440186Z  * [new tag]             0.4.6                  -> 0.4.6
end-workflow	Checkout Repository	2026-02-20T20:54:51.0440560Z  * [new tag]             0.4.7                  -> 0.4.7
end-workflow	Checkout Repository	2026-02-20T20:54:51.0440933Z  * [new tag]             0.4.8                  -> 0.4.8
end-workflow	Checkout Repository	2026-02-20T20:54:51.0441314Z  * [new tag]             0.4.9                  -> 0.4.9
end-workflow	Checkout Repository	2026-02-20T20:54:51.0441913Z  * [new tag]             0.5.0                  -> 0.5.0
end-workflow	Checkout Repository	2026-02-20T20:54:51.0442284Z  * [new tag]             0.5.1                  -> 0.5.1
end-workflow	Checkout Repository	2026-02-20T20:54:51.0442648Z  * [new tag]             0.5.2                  -> 0.5.2
end-workflow	Checkout Repository	2026-02-20T20:54:51.0443020Z  * [new tag]             0.6.0                  -> 0.6.0
end-workflow	Checkout Repository	2026-02-20T20:54:51.0443390Z  * [new tag]             0.6.1                  -> 0.6.1
end-workflow	Checkout Repository	2026-02-20T20:54:51.0443759Z  * [new tag]             0.6.2                  -> 0.6.2
end-workflow	Checkout Repository	2026-02-20T20:54:51.0654500Z [command]/usr/bin/git branch --list --remote origin/main
end-workflow	Checkout Repository	2026-02-20T20:54:51.0729655Z   origin/main
end-workflow	Checkout Repository	2026-02-20T20:54:51.0740983Z [command]/usr/bin/git rev-parse refs/remotes/origin/main
end-workflow	Checkout Repository	2026-02-20T20:54:51.0773662Z a135b8c8e368ef109ed9ed38718c5e682c71515d
end-workflow	Checkout Repository	2026-02-20T20:54:51.0786643Z [command]/usr/bin/git -c protocol.version=2 fetch --no-tags --prune --no-recurse-submodules origin +cbf522178db6b405fc5047be941035ff642f2db6:refs/remotes/origin/main
end-workflow	Checkout Repository	2026-02-20T20:54:51.0972680Z From https://github.com/Ka0s-Klaus/ka0s
end-workflow	Checkout Repository	2026-02-20T20:54:51.0973555Z  + a135b8c8e...cbf522178 cbf522178db6b405fc5047be941035ff642f2db6 -> origin/main  (forced update)
end-workflow	Checkout Repository	2026-02-20T20:54:51.1012139Z ##[endgroup]
end-workflow	Checkout Repository	2026-02-20T20:54:51.1012838Z ##[group]Determining the checkout info
end-workflow	Checkout Repository	2026-02-20T20:54:51.1013348Z ##[endgroup]
end-workflow	Checkout Repository	2026-02-20T20:54:51.1019667Z [command]/usr/bin/git sparse-checkout disable
end-workflow	Checkout Repository	2026-02-20T20:54:51.1072372Z [command]/usr/bin/git config --local --unset-all extensions.worktreeConfig
end-workflow	Checkout Repository	2026-02-20T20:54:51.1110742Z ##[group]Checking out the ref
end-workflow	Checkout Repository	2026-02-20T20:54:51.1114098Z [command]/usr/bin/git checkout --progress --force -B main refs/remotes/origin/main
end-workflow	Checkout Repository	2026-02-20T20:54:51.3628966Z Switched to a new branch 'main'
end-workflow	Checkout Repository	2026-02-20T20:54:51.3632746Z branch 'main' set up to track 'origin/main'.
end-workflow	Checkout Repository	2026-02-20T20:54:51.3680269Z ##[endgroup]
end-workflow	Checkout Repository	2026-02-20T20:54:51.3743208Z [command]/usr/bin/git log -1 --format=%H
end-workflow	Checkout Repository	2026-02-20T20:54:51.3779720Z cbf522178db6b405fc5047be941035ff642f2db6
end-workflow	Install GH CLI	ï»¿2026-02-20T20:54:51.4074623Z Prepare all required actions
end-workflow	Install GH CLI	2026-02-20T20:54:51.4140964Z ##[group]Run ./.github/actions/install-gh-cli
end-workflow	Install GH CLI	2026-02-20T20:54:51.4141290Z env:
end-workflow	Install GH CLI	2026-02-20T20:54:51.4141487Z   KAOS_MODULE: [Ka0S] Audit Pods
end-workflow	Install GH CLI	2026-02-20T20:54:51.4141739Z   KAOS_CODE: 22240765089
end-workflow	Install GH CLI	2026-02-20T20:54:51.4141952Z ##[endgroup]
end-workflow	Install GH CLI	2026-02-20T20:54:51.4238829Z ##[group]Run type -p curl >/dev/null || (sudo apt-get update && sudo apt-get install curl -y)
end-workflow	Install GH CLI	2026-02-20T20:54:51.4239658Z [36;1mtype -p curl >/dev/null || (sudo apt-get update && sudo apt-get install curl -y)[0m
end-workflow	Install GH CLI	2026-02-20T20:54:51.4240606Z [36;1mcurl -fsSL https://cli.github.com/packages/githubcli-archive-keyring.gpg | sudo dd of=/usr/share/keyrings/githubcli-archive-keyring.gpg \[0m
end-workflow	Install GH CLI	2026-02-20T20:54:51.4241372Z [36;1m&& sudo chmod go+r /usr/share/keyrings/githubcli-archive-keyring.gpg \[0m
end-workflow	Install GH CLI	2026-02-20T20:54:51.4242394Z [36;1m&& echo "deb [arch=$(dpkg --print-architecture) signed-by=/usr/share/keyrings/githubcli-archive-keyring.gpg] https://cli.github.com/packages stable main" | sudo tee /etc/apt/sources.list.d/github-cli.list > /dev/null \[0m
end-workflow	Install GH CLI	2026-02-20T20:54:51.4243382Z [36;1m&& sudo apt-get update \[0m
end-workflow	Install GH CLI	2026-02-20T20:54:51.4243651Z [36;1m&& sudo apt-get install gh -y[0m
end-workflow	Install GH CLI	2026-02-20T20:54:51.4261800Z shell: /usr/bin/bash --noprofile --norc -e -o pipefail {0}
end-workflow	Install GH CLI	2026-02-20T20:54:51.4262154Z env:
end-workflow	Install GH CLI	2026-02-20T20:54:51.4262360Z   KAOS_MODULE: [Ka0S] Audit Pods
end-workflow	Install GH CLI	2026-02-20T20:54:51.4262727Z   KAOS_CODE: 22240765089
end-workflow	Install GH CLI	2026-02-20T20:54:51.4262940Z ##[endgroup]
end-workflow	Install GH CLI	2026-02-20T20:54:51.6967085Z 4+1 records in
end-workflow	Install GH CLI	2026-02-20T20:54:51.6968152Z 4+1 records out
end-workflow	Install GH CLI	2026-02-20T20:54:51.6969363Z 2270 bytes (2.3 kB, 2.2 KiB) copied, 0.245965 s, 9.2 kB/s
end-workflow	Install GH CLI	2026-02-20T20:54:51.8782278Z Get:1 http://archive.ubuntu.com/ubuntu noble InRelease [256 kB]
end-workflow	Install GH CLI	2026-02-20T20:54:51.8825326Z Get:2 https://cli.github.com/packages stable InRelease [3917 B]
end-workflow	Install GH CLI	2026-02-20T20:54:51.8919651Z Get:3 http://security.ubuntu.com/ubuntu noble-security InRelease [126 kB]
end-workflow	Install GH CLI	2026-02-20T20:54:51.9762349Z Get:4 https://cli.github.com/packages stable/main amd64 Packages [356 B]
end-workflow	Install GH CLI	2026-02-20T20:54:52.0244019Z Get:5 http://archive.ubuntu.com/ubuntu noble-updates InRelease [126 kB]
end-workflow	Install GH CLI	2026-02-20T20:54:52.0415793Z Get:6 https://ppa.launchpadcontent.net/git-core/ppa/ubuntu noble InRelease [24.3 kB]
end-workflow	Install GH CLI	2026-02-20T20:54:52.0598897Z Get:7 http://archive.ubuntu.com/ubuntu noble-backports InRelease [126 kB]
end-workflow	Install GH CLI	2026-02-20T20:54:52.1070151Z Get:8 http://archive.ubuntu.com/ubuntu noble/restricted amd64 Packages [117 kB]
end-workflow	Install GH CLI	2026-02-20T20:54:52.1425601Z Get:9 http://archive.ubuntu.com/ubuntu noble/main amd64 Packages [1808 kB]
end-workflow	Install GH CLI	2026-02-20T20:54:52.1828872Z Get:10 http://security.ubuntu.com/ubuntu noble-security/restricted amd64 Packages [3196 kB]
end-workflow	Install GH CLI	2026-02-20T20:54:52.2285973Z Get:11 http://archive.ubuntu.com/ubuntu noble/universe amd64 Packages [19.3 MB]
end-workflow	Install GH CLI	2026-02-20T20:54:52.3353006Z Get:12 https://ppa.launchpadcontent.net/git-core/ppa/ubuntu noble/main amd64 Packages [2992 B]
end-workflow	Install GH CLI	2026-02-20T20:54:52.4525808Z Get:13 http://security.ubuntu.com/ubuntu noble-security/universe amd64 Packages [1207 kB]
end-workflow	Install GH CLI	2026-02-20T20:54:52.5269529Z Get:14 http://security.ubuntu.com/ubuntu noble-security/multiverse amd64 Packages [34.8 kB]
end-workflow	Install GH CLI	2026-02-20T20:54:52.5272580Z Get:15 http://security.ubuntu.com/ubuntu noble-security/main amd64 Packages [1857 kB]
end-workflow	Install GH CLI	2026-02-20T20:54:52.5611807Z Get:16 http://archive.ubuntu.com/ubuntu noble/multiverse amd64 Packages [331 kB]
end-workflow	Install GH CLI	2026-02-20T20:54:52.5639094Z Get:17 http://archive.ubuntu.com/ubuntu noble-updates/multiverse amd64 Packages [38.1 kB]
end-workflow	Install GH CLI	2026-02-20T20:54:52.5681444Z Get:18 http://archive.ubuntu.com/ubuntu noble-updates/main amd64 Packages [2240 kB]
end-workflow	Install GH CLI	2026-02-20T20:54:52.5802942Z Get:19 http://archive.ubuntu.com/ubuntu noble-updates/universe amd64 Packages [2016 kB]
end-workflow	Install GH CLI	2026-02-20T20:54:52.5937428Z Get:20 http://archive.ubuntu.com/ubuntu noble-updates/restricted amd64 Packages [3381 kB]
end-workflow	Install GH CLI	2026-02-20T20:54:52.6240943Z Get:21 http://archive.ubuntu.com/ubuntu noble-backports/universe amd64 Packages [34.6 kB]
end-workflow	Install GH CLI	2026-02-20T20:54:52.6244196Z Get:22 http://archive.ubuntu.com/ubuntu noble-backports/main amd64 Packages [49.5 kB]
end-workflow	Install GH CLI	2026-02-20T20:54:53.8674099Z Fetched 36.3 MB in 2s (17.7 MB/s)
end-workflow	Install GH CLI	2026-02-20T20:54:54.7942554Z Reading package lists...
end-workflow	Install GH CLI	2026-02-20T20:54:55.8278712Z Reading package lists...
end-workflow	Install GH CLI	2026-02-20T20:54:56.0669141Z Building dependency tree...
end-workflow	Install GH CLI	2026-02-20T20:54:56.0670855Z Reading state information...
end-workflow	Install GH CLI	2026-02-20T20:54:56.4239945Z The following NEW packages will be installed:
end-workflow	Install GH CLI	2026-02-20T20:54:56.4260696Z   gh
end-workflow	Install GH CLI	2026-02-20T20:54:57.0982342Z 0 upgraded, 1 newly installed, 0 to remove and 26 not upgraded.
end-workflow	Install GH CLI	2026-02-20T20:54:57.0984167Z Need to get 13.8 MB of archives.
end-workflow	Install GH CLI	2026-02-20T20:54:57.0986520Z After this operation, 38.4 MB of additional disk space will be used.
end-workflow	Install GH CLI	2026-02-20T20:54:57.1021937Z Get:1 https://cli.github.com/packages stable/main amd64 gh amd64 2.87.2 [13.8 MB]
end-workflow	Install GH CLI	2026-02-20T20:54:57.4854068Z debconf: delaying package configuration, since apt-utils is not installed
end-workflow	Install GH CLI	2026-02-20T20:54:57.5271070Z Fetched 13.8 MB in 1s (15.7 MB/s)
end-workflow	Install GH CLI	2026-02-20T20:54:57.5543130Z Selecting previously unselected package gh.
end-workflow	Install GH CLI	2026-02-20T20:54:57.5581038Z (Reading database ... 
end-workflow	Install GH CLI	2026-02-20T20:54:57.5581334Z (Reading database ... 5%
end-workflow	Install GH CLI	2026-02-20T20:54:57.5581588Z (Reading database ... 10%
end-workflow	Install GH CLI	2026-02-20T20:54:57.5581826Z (Reading database ... 15%
end-workflow	Install GH CLI	2026-02-20T20:54:57.5582062Z (Reading database ... 20%
end-workflow	Install GH CLI	2026-02-20T20:54:57.5582295Z (Reading database ... 25%
end-workflow	Install GH CLI	2026-02-20T20:54:57.5582536Z (Reading database ... 30%
end-workflow	Install GH CLI	2026-02-20T20:54:57.5582765Z (Reading database ... 35%
end-workflow	Install GH CLI	2026-02-20T20:54:57.5583000Z (Reading database ... 40%
end-workflow	Install GH CLI	2026-02-20T20:54:57.5583236Z (Reading database ... 45%
end-workflow	Install GH CLI	2026-02-20T20:54:57.5583468Z (Reading database ... 50%
end-workflow	Install GH CLI	2026-02-20T20:54:57.5583708Z (Reading database ... 55%
end-workflow	Install GH CLI	2026-02-20T20:54:57.5583941Z (Reading database ... 60%
end-workflow	Install GH CLI	2026-02-20T20:54:57.5588095Z (Reading database ... 65%
end-workflow	Install GH CLI	2026-02-20T20:54:57.5611205Z (Reading database ... 70%
end-workflow	Install GH CLI	2026-02-20T20:54:57.5617732Z (Reading database ... 75%
end-workflow	Install GH CLI	2026-02-20T20:54:57.5632005Z (Reading database ... 80%
end-workflow	Install GH CLI	2026-02-20T20:54:57.5637699Z (Reading database ... 85%
end-workflow	Install GH CLI	2026-02-20T20:54:57.5648982Z (Reading database ... 90%
end-workflow	Install GH CLI	2026-02-20T20:54:57.5670116Z (Reading database ... 95%
end-workflow	Install GH CLI	2026-02-20T20:54:57.5670604Z (Reading database ... 100%
end-workflow	Install GH CLI	2026-02-20T20:54:57.5670971Z (Reading database ... 14385 files and directories currently installed.)
end-workflow	Install GH CLI	2026-02-20T20:54:57.5677952Z Preparing to unpack .../archives/gh_2.87.2_amd64.deb ...
end-workflow	Install GH CLI	2026-02-20T20:54:57.5707254Z Unpacking gh (2.87.2) ...
end-workflow	Install GH CLI	2026-02-20T20:54:57.7988103Z Setting up gh (2.87.2) ...
end-workflow	Trigger Inspector	ï»¿2026-02-20T20:54:57.8594393Z ##[group]Run echo "ð Triggering Inspector for Audit..."
end-workflow	Trigger Inspector	2026-02-20T20:54:57.8595975Z [36;1mecho "ð Triggering Inspector for Audit..."[0m
end-workflow	Trigger Inspector	2026-02-20T20:54:57.8596429Z [36;1mgh workflow run inspector.yml \[0m
end-workflow	Trigger Inspector	2026-02-20T20:54:57.8596808Z [36;1m  --ref main \[0m
end-workflow	Trigger Inspector	2026-02-20T20:54:57.8597155Z [36;1m  -f kaos-workflow-id="22240765089" \[0m
end-workflow	Trigger Inspector	2026-02-20T20:54:57.8597568Z [36;1m  -f kaos-user-start="santakloud"[0m
end-workflow	Trigger Inspector	2026-02-20T20:54:57.8613808Z shell: /usr/bin/bash -e {0}
end-workflow	Trigger Inspector	2026-02-20T20:54:57.8614143Z env:
end-workflow	Trigger Inspector	2026-02-20T20:54:57.8614429Z   KAOS_MODULE: [Ka0S] Audit Pods
end-workflow	Trigger Inspector	2026-02-20T20:54:57.8614928Z   KAOS_CODE: 22240765089
end-workflow	Trigger Inspector	2026-02-20T20:54:57.8615635Z   GH_TOKEN: ***
end-workflow	Trigger Inspector	2026-02-20T20:54:57.8615907Z ##[endgroup]
end-workflow	Trigger Inspector	2026-02-20T20:54:57.8662413Z ð Triggering Inspector for Audit...
end-workflow	Trigger Inspector	2026-02-20T20:54:59.6409625Z https://github.com/Ka0s-Klaus/ka0s/actions/runs/22240818368
end-workflow	Post Checkout Repository	ï»¿2026-02-20T20:54:59.6981805Z Post job cleanup.
end-workflow	Post Checkout Repository	2026-02-20T20:54:59.8098671Z [command]/usr/bin/git version
end-workflow	Post Checkout Repository	2026-02-20T20:54:59.8141922Z git version 2.52.0
end-workflow	Post Checkout Repository	2026-02-20T20:54:59.8191166Z Temporarily overriding HOME='/home/runner/_work/_temp/f77249e9-effe-43f4-9576-b9c98f16cff7' before making global git config changes
end-workflow	Post Checkout Repository	2026-02-20T20:54:59.8191987Z Adding repository directory to the temporary git global config as a safe directory
end-workflow	Post Checkout Repository	2026-02-20T20:54:59.8198431Z [command]/usr/bin/git config --global --add safe.directory /home/runner/_work/ka0s/ka0s
end-workflow	Post Checkout Repository	2026-02-20T20:54:59.8257551Z [command]/usr/bin/git config --local --name-only --get-regexp core\.sshCommand
end-workflow	Post Checkout Repository	2026-02-20T20:54:59.8303202Z [command]/usr/bin/git submodule foreach --recursive sh -c "git config --local --name-only --get-regexp 'core\.sshCommand' && git config --local --unset-all 'core.sshCommand' || :"
end-workflow	Post Checkout Repository	2026-02-20T20:54:59.8641960Z [command]/usr/bin/git config --local --name-only --get-regexp http\.https\:\/\/github\.com\/\.extraheader
end-workflow	Post Checkout Repository	2026-02-20T20:54:59.8671433Z http.https://github.com/.extraheader
end-workflow	Post Checkout Repository	2026-02-20T20:54:59.8684203Z [command]/usr/bin/git config --local --unset-all http.https://github.com/.extraheader
end-workflow	Post Checkout Repository	2026-02-20T20:54:59.8729294Z [command]/usr/bin/git submodule foreach --recursive sh -c "git config --local --name-only --get-regexp 'http\.https\:\/\/github\.com\/\.extraheader' && git config --local --unset-all 'http.https://github.com/.extraheader' || :"
end-workflow	Post Checkout Repository	2026-02-20T20:54:59.9059429Z [command]/usr/bin/git config --local --name-only --get-regexp ^includeIf\.gitdir:
end-workflow	Post Checkout Repository	2026-02-20T20:54:59.9099668Z [command]/usr/bin/git submodule foreach --recursive git config --local --show-origin --name-only --get-regexp remote.origin.url
end-workflow	Complete job	ï»¿2026-02-20T20:54:59.9571118Z Cleaning up orphan processes
