job-core	Set up job	ï»¿2026-02-21T19:16:38.1125141Z Current runner version: '2.331.0'
job-core	Set up job	2026-02-21T19:16:38.1141580Z Runner name: 'swarm-runners-scaleset-hkss5-runner-wlwtk'
job-core	Set up job	2026-02-21T19:16:38.1143116Z Runner group name: 'Default'
job-core	Set up job	2026-02-21T19:16:38.1226223Z Machine name: 'swarm-runners-scaleset-hkss5-runner-wlwtk'
job-core	Set up job	2026-02-21T19:16:38.1235821Z ##[group]GITHUB_TOKEN Permissions
job-core	Set up job	2026-02-21T19:16:38.1241990Z Actions: write
job-core	Set up job	2026-02-21T19:16:38.1245153Z Contents: read
job-core	Set up job	2026-02-21T19:16:38.1247773Z Metadata: read
job-core	Set up job	2026-02-21T19:16:38.1250968Z ##[endgroup]
job-core	Set up job	2026-02-21T19:16:38.1256030Z Secret source: Actions
job-core	Set up job	2026-02-21T19:16:38.1259708Z Prepare workflow directory
job-core	Set up job	2026-02-21T19:16:38.1909531Z Prepare all required actions
job-core	Set up job	2026-02-21T19:16:38.1984462Z Getting action download info
job-core	Set up job	2026-02-21T19:16:39.2871609Z Download action repository 'actions/checkout@v4' (SHA:34e114876b0b11c390a56381ad16ebd13914f8d5)
job-core	Set up job	2026-02-21T19:16:40.2363192Z Download action repository 'actions/setup-python@v5' (SHA:a26af69be951a213d495a4c3e4e4022e16d87065)
job-core	Set up job	2026-02-21T19:16:41.4286717Z Complete job name: job-core
job-core	Checkout	ï»¿2026-02-21T19:16:41.6374788Z ##[group]Run actions/checkout@v4
job-core	Checkout	2026-02-21T19:16:41.6380898Z with:
job-core	Checkout	2026-02-21T19:16:41.6384150Z   repository: Ka0s-Klaus/ka0s
job-core	Checkout	2026-02-21T19:16:41.6388948Z   token: ***
job-core	Checkout	2026-02-21T19:16:41.6390982Z   ssh-strict: true
job-core	Checkout	2026-02-21T19:16:41.6394394Z   ssh-user: git
job-core	Checkout	2026-02-21T19:16:41.6397565Z   persist-credentials: true
job-core	Checkout	2026-02-21T19:16:41.6401304Z   clean: true
job-core	Checkout	2026-02-21T19:16:41.6404349Z   sparse-checkout-cone-mode: true
job-core	Checkout	2026-02-21T19:16:41.6409489Z   fetch-depth: 1
job-core	Checkout	2026-02-21T19:16:41.6410812Z   fetch-tags: false
job-core	Checkout	2026-02-21T19:16:41.6413819Z   show-progress: true
job-core	Checkout	2026-02-21T19:16:41.6418567Z   lfs: false
job-core	Checkout	2026-02-21T19:16:41.6421428Z   submodules: false
job-core	Checkout	2026-02-21T19:16:41.6424106Z   set-safe-directory: true
job-core	Checkout	2026-02-21T19:16:41.6429590Z ##[endgroup]
job-core	Checkout	2026-02-21T19:16:41.9184476Z Syncing repository: Ka0s-Klaus/ka0s
job-core	Checkout	2026-02-21T19:16:41.9192110Z ##[group]Getting Git version info
job-core	Checkout	2026-02-21T19:16:41.9195259Z Working directory is '/home/runner/_work/ka0s/ka0s'
job-core	Checkout	2026-02-21T19:16:41.9203690Z [command]/usr/bin/git version
job-core	Checkout	2026-02-21T19:16:41.9470457Z git version 2.52.0
job-core	Checkout	2026-02-21T19:16:41.9606369Z ##[endgroup]
job-core	Checkout	2026-02-21T19:16:41.9642482Z Temporarily overriding HOME='/home/runner/_work/_temp/c08c601e-2259-4103-a2a4-9bb8ba36cf4a' before making global git config changes
job-core	Checkout	2026-02-21T19:16:41.9651777Z Adding repository directory to the temporary git global config as a safe directory
job-core	Checkout	2026-02-21T19:16:41.9656990Z [command]/usr/bin/git config --global --add safe.directory /home/runner/_work/ka0s/ka0s
job-core	Checkout	2026-02-21T19:16:41.9780781Z Deleting the contents of '/home/runner/_work/ka0s/ka0s'
job-core	Checkout	2026-02-21T19:16:41.9802385Z ##[group]Initializing the repository
job-core	Checkout	2026-02-21T19:16:41.9834355Z [command]/usr/bin/git init /home/runner/_work/ka0s/ka0s
job-core	Checkout	2026-02-21T19:16:41.9954867Z hint: Using 'master' as the name for the initial branch. This default branch name
job-core	Checkout	2026-02-21T19:16:41.9967552Z hint: will change to "main" in Git 3.0. To configure the initial branch name
job-core	Checkout	2026-02-21T19:16:41.9973792Z hint: to use in all of your new repositories, which will suppress this warning,
job-core	Checkout	2026-02-21T19:16:41.9979390Z hint: call:
job-core	Checkout	2026-02-21T19:16:41.9982359Z hint:
job-core	Checkout	2026-02-21T19:16:41.9985487Z hint: 	git config --global init.defaultBranch <name>
job-core	Checkout	2026-02-21T19:16:41.9989857Z hint:
job-core	Checkout	2026-02-21T19:16:41.9992880Z hint: Names commonly chosen instead of 'master' are 'main', 'trunk' and
job-core	Checkout	2026-02-21T19:16:41.9998389Z hint: 'development'. The just-created branch can be renamed via this command:
job-core	Checkout	2026-02-21T19:16:42.0017077Z hint:
job-core	Checkout	2026-02-21T19:16:42.0032409Z hint: 	git branch -m <name>
job-core	Checkout	2026-02-21T19:16:42.0064814Z hint:
job-core	Checkout	2026-02-21T19:16:42.0080164Z hint: Disable this message with "git config set advice.defaultBranchName false"
job-core	Checkout	2026-02-21T19:16:42.0085384Z Initialized empty Git repository in /home/runner/_work/ka0s/ka0s/.git/
job-core	Checkout	2026-02-21T19:16:42.0132164Z [command]/usr/bin/git remote add origin https://github.com/Ka0s-Klaus/ka0s
job-core	Checkout	2026-02-21T19:16:42.0291539Z ##[endgroup]
job-core	Checkout	2026-02-21T19:16:42.0302988Z ##[group]Disabling automatic garbage collection
job-core	Checkout	2026-02-21T19:16:42.0313088Z [command]/usr/bin/git config --local gc.auto 0
job-core	Checkout	2026-02-21T19:16:42.0418951Z ##[endgroup]
job-core	Checkout	2026-02-21T19:16:42.0425087Z ##[group]Setting up auth
job-core	Checkout	2026-02-21T19:16:42.0440856Z [command]/usr/bin/git config --local --name-only --get-regexp core\.sshCommand
job-core	Checkout	2026-02-21T19:16:42.0547521Z [command]/usr/bin/git submodule foreach --recursive sh -c "git config --local --name-only --get-regexp 'core\.sshCommand' && git config --local --unset-all 'core.sshCommand' || :"
job-core	Checkout	2026-02-21T19:16:42.1251494Z [command]/usr/bin/git config --local --name-only --get-regexp http\.https\:\/\/github\.com\/\.extraheader
job-core	Checkout	2026-02-21T19:16:42.1405690Z [command]/usr/bin/git submodule foreach --recursive sh -c "git config --local --name-only --get-regexp 'http\.https\:\/\/github\.com\/\.extraheader' && git config --local --unset-all 'http.https://github.com/.extraheader' || :"
job-core	Checkout	2026-02-21T19:16:42.2102057Z [command]/usr/bin/git config --local --name-only --get-regexp ^includeIf\.gitdir:
job-core	Checkout	2026-02-21T19:16:42.2210179Z [command]/usr/bin/git submodule foreach --recursive git config --local --show-origin --name-only --get-regexp remote.origin.url
job-core	Checkout	2026-02-21T19:16:42.3370759Z [command]/usr/bin/git config --local http.https://github.com/.extraheader AUTHORIZATION: basic ***
job-core	Checkout	2026-02-21T19:16:42.3552009Z ##[endgroup]
job-core	Checkout	2026-02-21T19:16:42.3574493Z ##[group]Fetching the repository
job-core	Checkout	2026-02-21T19:16:42.3650815Z [command]/usr/bin/git -c protocol.version=2 fetch --no-tags --prune --no-recurse-submodules --depth=1 origin +2cd551ae7ec90c74fdcbc8a64ad999e11187f23b:refs/remotes/origin/main
job-core	Checkout	2026-02-21T19:16:45.5273319Z From https://github.com/Ka0s-Klaus/ka0s
job-core	Checkout	2026-02-21T19:16:45.5304246Z  * [new ref]         2cd551ae7ec90c74fdcbc8a64ad999e11187f23b -> origin/main
job-core	Checkout	2026-02-21T19:16:45.5571796Z ##[endgroup]
job-core	Checkout	2026-02-21T19:16:45.5584439Z ##[group]Determining the checkout info
job-core	Checkout	2026-02-21T19:16:45.5591699Z ##[endgroup]
job-core	Checkout	2026-02-21T19:16:45.5619839Z [command]/usr/bin/git sparse-checkout disable
job-core	Checkout	2026-02-21T19:16:45.5936493Z [command]/usr/bin/git config --local --unset-all extensions.worktreeConfig
job-core	Checkout	2026-02-21T19:16:45.6043962Z ##[group]Checking out the ref
job-core	Checkout	2026-02-21T19:16:45.6051372Z [command]/usr/bin/git checkout --progress --force -B main refs/remotes/origin/main
job-core	Checkout	2026-02-21T19:16:46.0374314Z Switched to a new branch 'main'
job-core	Checkout	2026-02-21T19:16:46.0382006Z branch 'main' set up to track 'origin/main'.
job-core	Checkout	2026-02-21T19:16:46.0430300Z ##[endgroup]
job-core	Checkout	2026-02-21T19:16:46.0503273Z [command]/usr/bin/git log -1 --format=%H
job-core	Checkout	2026-02-21T19:16:46.0551604Z 2cd551ae7ec90c74fdcbc8a64ad999e11187f23b
job-core	Setup Python	ï»¿2026-02-21T19:16:46.1093235Z ##[group]Run actions/setup-python@v5
job-core	Setup Python	2026-02-21T19:16:46.1094569Z with:
job-core	Setup Python	2026-02-21T19:16:46.1095545Z   python-version: 3.x
job-core	Setup Python	2026-02-21T19:16:46.1096642Z   check-latest: false
job-core	Setup Python	2026-02-21T19:16:46.1098337Z   token: ***
job-core	Setup Python	2026-02-21T19:16:46.1099525Z   update-environment: true
job-core	Setup Python	2026-02-21T19:16:46.1100692Z   allow-prereleases: false
job-core	Setup Python	2026-02-21T19:16:46.1101840Z   freethreaded: false
job-core	Setup Python	2026-02-21T19:16:46.1102891Z ##[endgroup]
job-core	Setup Python	2026-02-21T19:16:46.4115618Z ##[group]Installed versions
job-core	Setup Python	2026-02-21T19:16:46.4142829Z Version 3.x was not found in the local cache
job-core	Setup Python	2026-02-21T19:16:47.8586001Z Version 3.x is available for downloading
job-core	Setup Python	2026-02-21T19:16:47.8602683Z Download from "https://github.com/actions/python-versions/releases/download/3.14.3-21673711214/python-3.14.3-linux-24.04-x64.tar.gz"
job-core	Setup Python	2026-02-21T19:16:50.8511189Z Extract downloaded archive
job-core	Setup Python	2026-02-21T19:16:50.9098133Z [command]/usr/bin/tar xz --warning=no-unknown-keyword --overwrite -C /home/runner/_work/_temp/a07217c2-3115-4fa1-861f-7e51cffc8903 -f /home/runner/_work/_temp/a964d31f-b37d-45cf-93ec-e8702874847a
job-core	Setup Python	2026-02-21T19:16:55.5386466Z Execute installation script
job-core	Setup Python	2026-02-21T19:16:55.5538923Z Check if Python hostedtoolcache folder exist...
job-core	Setup Python	2026-02-21T19:16:55.5554994Z Creating Python hostedtoolcache folder...
job-core	Setup Python	2026-02-21T19:16:55.5621627Z Create Python 3.14.3 folder
job-core	Setup Python	2026-02-21T19:16:55.5644430Z Copy Python binaries to hostedtoolcache folder
job-core	Setup Python	2026-02-21T19:16:57.5261455Z Create additional symlinks (Required for the UsePythonVersion Azure Pipelines task and the setup-python GitHub Action)
job-core	Setup Python	2026-02-21T19:16:57.5326567Z Upgrading pip...
job-core	Setup Python	2026-02-21T19:17:02.7567447Z Looking in links: /tmp/tmp85gs65e4
job-core	Setup Python	2026-02-21T19:17:02.7578602Z Requirement already satisfied: pip in /home/runner/_work/_tool/Python/3.14.3/x64/lib/python3.14/site-packages (25.3)
job-core	Setup Python	2026-02-21T19:17:05.8167516Z Collecting pip
job-core	Setup Python	2026-02-21T19:17:05.9682862Z Downloading pip-26.0.1-py3-none-any.whl.metadata (4.7 kB)
job-core	Setup Python	2026-02-21T19:17:05.9872599Z Downloading pip-26.0.1-py3-none-any.whl (1.8 MB)
job-core	Setup Python	2026-02-21T19:17:06.0861018Z â”â”â”â”â”â”â”â”â”â”â”â”â”â”â”â”â”â”â”â”â”â”â”â”â”â”â”â”â”â”â”â”â”â”â”â”â”â”â”â” 1.8/1.8 MB 35.4 MB/s  0:00:00
job-core	Setup Python	2026-02-21T19:17:06.0868826Z 
job-core	Setup Python	2026-02-21T19:17:06.1212715Z Installing collected packages: pip
job-core	Setup Python	2026-02-21T19:17:06.1237074Z Attempting uninstall: pip
job-core	Setup Python	2026-02-21T19:17:06.1275745Z Found existing installation: pip 25.3
job-core	Setup Python	2026-02-21T19:17:06.2479200Z Uninstalling pip-25.3:
job-core	Setup Python	2026-02-21T19:17:06.2651774Z Successfully uninstalled pip-25.3
job-core	Setup Python	2026-02-21T19:17:08.8172933Z Successfully installed pip-26.0.1
job-core	Setup Python	2026-02-21T19:17:08.9931962Z Create complete file
job-core	Setup Python	2026-02-21T19:17:09.0055065Z Successfully set up CPython (3.14.3)
job-core	Setup Python	2026-02-21T19:17:09.0061045Z ##[endgroup]
job-core	Setup Kubectl Tunnel	ï»¿2026-02-21T19:17:09.1578346Z Prepare all required actions
job-core	Setup Kubectl Tunnel	2026-02-21T19:17:09.2006118Z ##[group]Run ./.github/actions/kubectl-tunnel
job-core	Setup Kubectl Tunnel	2026-02-21T19:17:09.2007198Z with:
job-core	Setup Kubectl Tunnel	2026-02-21T19:17:09.2008558Z   host: ***
job-core	Setup Kubectl Tunnel	2026-02-21T19:17:09.2009789Z   username: ***
job-core	Setup Kubectl Tunnel	2026-02-21T19:17:09.2017126Z   key: ***
job-core	Setup Kubectl Tunnel	2026-02-21T19:17:09.2018230Z   port: ***
job-core	Setup Kubectl Tunnel	2026-02-21T19:17:09.2019335Z   k8s-api-port: 6443
job-core	Setup Kubectl Tunnel	2026-02-21T19:17:09.2020683Z   kubectl-version: v1.30.0
job-core	Setup Kubectl Tunnel	2026-02-21T19:17:09.2022049Z env:
job-core	Setup Kubectl Tunnel	2026-02-21T19:17:09.2023545Z   pythonLocation: /home/runner/_work/_tool/Python/3.14.3/x64
job-core	Setup Kubectl Tunnel	2026-02-21T19:17:09.2025919Z   PKG_CONFIG_PATH: /home/runner/_work/_tool/Python/3.14.3/x64/lib/pkgconfig
job-core	Setup Kubectl Tunnel	2026-02-21T19:17:09.2028475Z   Python_ROOT_DIR: /home/runner/_work/_tool/Python/3.14.3/x64
job-core	Setup Kubectl Tunnel	2026-02-21T19:17:09.2030560Z   Python2_ROOT_DIR: /home/runner/_work/_tool/Python/3.14.3/x64
job-core	Setup Kubectl Tunnel	2026-02-21T19:17:09.2032268Z   Python3_ROOT_DIR: /home/runner/_work/_tool/Python/3.14.3/x64
job-core	Setup Kubectl Tunnel	2026-02-21T19:17:09.2034099Z   LD_LIBRARY_PATH: /home/runner/_work/_tool/Python/3.14.3/x64/lib
job-core	Setup Kubectl Tunnel	2026-02-21T19:17:09.2035523Z ##[endgroup]
job-core	Setup Kubectl Tunnel	2026-02-21T19:17:09.2495310Z ##[group]Run # Download the latest stable release of kubectl
job-core	Setup Kubectl Tunnel	2026-02-21T19:17:09.2499017Z [36;1m# Download the latest stable release of kubectl[0m
job-core	Setup Kubectl Tunnel	2026-02-21T19:17:09.2500342Z [36;1mcurl -LO "https://dl.k8s.io/release/v1.30.0/bin/linux/amd64/kubectl"[0m
job-core	Setup Kubectl Tunnel	2026-02-21T19:17:09.2501444Z [36;1m[0m
job-core	Setup Kubectl Tunnel	2026-02-21T19:17:09.2502781Z [36;1m# Validate binary (optional but recommended in official docs, skipping for speed/simplicity as per request)[0m
job-core	Setup Kubectl Tunnel	2026-02-21T19:17:09.2504393Z [36;1m[0m
job-core	Setup Kubectl Tunnel	2026-02-21T19:17:09.2505116Z [36;1m# Install kubectl[0m
job-core	Setup Kubectl Tunnel	2026-02-21T19:17:09.2506645Z [36;1msudo install -o root -g root -m 0755 kubectl /usr/local/bin/kubectl[0m
job-core	Setup Kubectl Tunnel	2026-02-21T19:17:09.2508988Z [36;1m[0m
job-core	Setup Kubectl Tunnel	2026-02-21T19:17:09.2509937Z [36;1m# Verify installation[0m
job-core	Setup Kubectl Tunnel	2026-02-21T19:17:09.2510815Z [36;1mkubectl version --client[0m
job-core	Setup Kubectl Tunnel	2026-02-21T19:17:09.2585000Z shell: /usr/bin/bash --noprofile --norc -e -o pipefail {0}
job-core	Setup Kubectl Tunnel	2026-02-21T19:17:09.2586373Z env:
job-core	Setup Kubectl Tunnel	2026-02-21T19:17:09.2587145Z   pythonLocation: /home/runner/_work/_tool/Python/3.14.3/x64
job-core	Setup Kubectl Tunnel	2026-02-21T19:17:09.2588829Z   PKG_CONFIG_PATH: /home/runner/_work/_tool/Python/3.14.3/x64/lib/pkgconfig
job-core	Setup Kubectl Tunnel	2026-02-21T19:17:09.2590100Z   Python_ROOT_DIR: /home/runner/_work/_tool/Python/3.14.3/x64
job-core	Setup Kubectl Tunnel	2026-02-21T19:17:09.2591437Z   Python2_ROOT_DIR: /home/runner/_work/_tool/Python/3.14.3/x64
job-core	Setup Kubectl Tunnel	2026-02-21T19:17:09.2592780Z   Python3_ROOT_DIR: /home/runner/_work/_tool/Python/3.14.3/x64
job-core	Setup Kubectl Tunnel	2026-02-21T19:17:09.2593978Z   LD_LIBRARY_PATH: /home/runner/_work/_tool/Python/3.14.3/x64/lib
job-core	Setup Kubectl Tunnel	2026-02-21T19:17:09.2595018Z ##[endgroup]
job-core	Setup Kubectl Tunnel	2026-02-21T19:17:09.3094650Z   % Total    % Received % Xferd  Average Speed   Time    Time     Time  Current
job-core	Setup Kubectl Tunnel	2026-02-21T19:17:09.3095865Z                                  Dload  Upload   Total   Spent    Left  Speed
job-core	Setup Kubectl Tunnel	2026-02-21T19:17:09.3096538Z 
job-core	Setup Kubectl Tunnel	2026-02-21T19:17:09.5471460Z   0     0    0     0    0     0      0      0 --:--:-- --:--:-- --:--:--     0
job-core	Setup Kubectl Tunnel	2026-02-21T19:17:10.2128567Z  19 49.0M   19  9.7M    0     0  40.1M      0  0:00:01 --:--:--  0:00:01 40.1M
job-core	Setup Kubectl Tunnel	2026-02-21T19:17:10.2129899Z 100 49.0M  100 49.0M    0     0  54.0M      0 --:--:-- --:--:-- --:--:-- 53.9M
job-core	Setup Kubectl Tunnel	2026-02-21T19:17:10.4105484Z Client Version: v1.30.0
job-core	Setup Kubectl Tunnel	2026-02-21T19:17:10.4107167Z Kustomize Version: v5.0.4-0.20230601165947-6ce0bf390ce3
job-core	Setup Kubectl Tunnel	2026-02-21T19:17:10.4269541Z ##[group]Run mkdir -p ~/.ssh
job-core	Setup Kubectl Tunnel	2026-02-21T19:17:10.4270331Z [36;1mmkdir -p ~/.ssh[0m
job-core	Setup Kubectl Tunnel	2026-02-21T19:17:10.4271196Z [36;1m[0m
job-core	Setup Kubectl Tunnel	2026-02-21T19:17:10.4271839Z [36;1m# Write private key[0m
job-core	Setup Kubectl Tunnel	2026-02-21T19:17:10.4273363Z [36;1mecho "***[0m
job-core	Setup Kubectl Tunnel	2026-02-21T19:17:10.4275290Z [36;1m***[0m
job-core	Setup Kubectl Tunnel	2026-02-21T19:17:10.4277002Z [36;1m***[0m
job-core	Setup Kubectl Tunnel	2026-02-21T19:17:10.4279051Z [36;1m***[0m
job-core	Setup Kubectl Tunnel	2026-02-21T19:17:10.4280517Z [36;1m***[0m
job-core	Setup Kubectl Tunnel	2026-02-21T19:17:10.4281263Z [36;1m***[0m
job-core	Setup Kubectl Tunnel	2026-02-21T19:17:10.4281974Z [36;1m***" > ~/.ssh/id_rsa[0m
job-core	Setup Kubectl Tunnel	2026-02-21T19:17:10.4282527Z [36;1mchmod 600 ~/.ssh/id_rsa[0m
job-core	Setup Kubectl Tunnel	2026-02-21T19:17:10.4283185Z [36;1m[0m
job-core	Setup Kubectl Tunnel	2026-02-21T19:17:10.4283689Z [36;1m# Add host key to known_hosts[0m
job-core	Setup Kubectl Tunnel	2026-02-21T19:17:10.4284420Z [36;1mif [ -n "***" ]; then[0m
job-core	Setup Kubectl Tunnel	2026-02-21T19:17:10.4286358Z [36;1m    ssh-keyscan -p *** -H *** >> ~/.ssh/known_hosts 2>/dev/null || echo "Warning: ssh-keyscan failed"[0m
job-core	Setup Kubectl Tunnel	2026-02-21T19:17:10.4287412Z [36;1mfi[0m
job-core	Setup Kubectl Tunnel	2026-02-21T19:17:10.4309558Z shell: /usr/bin/bash --noprofile --norc -e -o pipefail {0}
job-core	Setup Kubectl Tunnel	2026-02-21T19:17:10.4310788Z env:
job-core	Setup Kubectl Tunnel	2026-02-21T19:17:10.4311391Z   pythonLocation: /home/runner/_work/_tool/Python/3.14.3/x64
job-core	Setup Kubectl Tunnel	2026-02-21T19:17:10.4312159Z   PKG_CONFIG_PATH: /home/runner/_work/_tool/Python/3.14.3/x64/lib/pkgconfig
job-core	Setup Kubectl Tunnel	2026-02-21T19:17:10.4312947Z   Python_ROOT_DIR: /home/runner/_work/_tool/Python/3.14.3/x64
job-core	Setup Kubectl Tunnel	2026-02-21T19:17:10.4313546Z   Python2_ROOT_DIR: /home/runner/_work/_tool/Python/3.14.3/x64
job-core	Setup Kubectl Tunnel	2026-02-21T19:17:10.4314518Z   Python3_ROOT_DIR: /home/runner/_work/_tool/Python/3.14.3/x64
job-core	Setup Kubectl Tunnel	2026-02-21T19:17:10.4315289Z   LD_LIBRARY_PATH: /home/runner/_work/_tool/Python/3.14.3/x64/lib
job-core	Setup Kubectl Tunnel	2026-02-21T19:17:10.4316878Z ##[endgroup]
job-core	Setup Kubectl Tunnel	2026-02-21T19:17:11.0161570Z ##[group]Run echo "Starting SSH Tunnel to ***..."
job-core	Setup Kubectl Tunnel	2026-02-21T19:17:11.0163133Z [36;1mecho "Starting SSH Tunnel to ***..."[0m
job-core	Setup Kubectl Tunnel	2026-02-21T19:17:11.0164621Z [36;1m# -f: Background, -N: No command, -L: Local forwarding[0m
job-core	Setup Kubectl Tunnel	2026-02-21T19:17:11.0166196Z [36;1m# Maps LocalPort:RemoteHost:RemotePort. [0m
job-core	Setup Kubectl Tunnel	2026-02-21T19:17:11.0168361Z [36;1m# We map Runner:6443 -> Remote:Localhost:6443 (Assuming API is local to the SSH host)[0m
job-core	Setup Kubectl Tunnel	2026-02-21T19:17:11.0169052Z [36;1mssh -f -N -L 6443:127.0.0.1:6443 \[0m
job-core	Setup Kubectl Tunnel	2026-02-21T19:17:11.0169551Z [36;1m    -p *** \[0m
job-core	Setup Kubectl Tunnel	2026-02-21T19:17:11.0169898Z [36;1m    -i ~/.ssh/id_rsa \[0m
job-core	Setup Kubectl Tunnel	2026-02-21T19:17:11.0170340Z [36;1m    ***@***[0m
job-core	Setup Kubectl Tunnel	2026-02-21T19:17:11.0170669Z [36;1m[0m
job-core	Setup Kubectl Tunnel	2026-02-21T19:17:11.0171025Z [36;1mecho "Tunnel established on 127.0.0.1:6443"[0m
job-core	Setup Kubectl Tunnel	2026-02-21T19:17:11.0194389Z shell: /usr/bin/bash --noprofile --norc -e -o pipefail {0}
job-core	Setup Kubectl Tunnel	2026-02-21T19:17:11.0195568Z env:
job-core	Setup Kubectl Tunnel	2026-02-21T19:17:11.0196584Z   pythonLocation: /home/runner/_work/_tool/Python/3.14.3/x64
job-core	Setup Kubectl Tunnel	2026-02-21T19:17:11.0198597Z   PKG_CONFIG_PATH: /home/runner/_work/_tool/Python/3.14.3/x64/lib/pkgconfig
job-core	Setup Kubectl Tunnel	2026-02-21T19:17:11.0199361Z   Python_ROOT_DIR: /home/runner/_work/_tool/Python/3.14.3/x64
job-core	Setup Kubectl Tunnel	2026-02-21T19:17:11.0200038Z   Python2_ROOT_DIR: /home/runner/_work/_tool/Python/3.14.3/x64
job-core	Setup Kubectl Tunnel	2026-02-21T19:17:11.0200636Z   Python3_ROOT_DIR: /home/runner/_work/_tool/Python/3.14.3/x64
job-core	Setup Kubectl Tunnel	2026-02-21T19:17:11.0201243Z   LD_LIBRARY_PATH: /home/runner/_work/_tool/Python/3.14.3/x64/lib
job-core	Setup Kubectl Tunnel	2026-02-21T19:17:11.0201740Z ##[endgroup]
job-core	Setup Kubectl Tunnel	2026-02-21T19:17:11.0314551Z Starting SSH Tunnel to ***...
job-core	Setup Kubectl Tunnel	2026-02-21T19:17:11.3491301Z Tunnel established on 127.0.0.1:6443
job-core	Setup Kubectl Tunnel	2026-02-21T19:17:11.3580922Z ##[group]Run # Fetch kubeconfig from default location on remote
job-core	Setup Kubectl Tunnel	2026-02-21T19:17:11.3582123Z [36;1m# Fetch kubeconfig from default location on remote[0m
job-core	Setup Kubectl Tunnel	2026-02-21T19:17:11.3583011Z [36;1mecho "Fetching remote kubeconfig..."[0m
job-core	Setup Kubectl Tunnel	2026-02-21T19:17:11.3584696Z [36;1mssh -p *** -i ~/.ssh/id_rsa ***@*** "cat ~/.kube/config" > ./kubeconfig_raw[0m
job-core	Setup Kubectl Tunnel	2026-02-21T19:17:11.3585584Z [36;1m[0m
job-core	Setup Kubectl Tunnel	2026-02-21T19:17:11.3586199Z [36;1m# Patch the server URL to point to the local tunnel[0m
job-core	Setup Kubectl Tunnel	2026-02-21T19:17:11.3587304Z [36;1m# Replaces any IP/Hostname in the server URL with 127.0.0.1[0m
job-core	Setup Kubectl Tunnel	2026-02-21T19:17:11.3590417Z [36;1m# Example: https://***:6443 -> https://127.0.0.1:6443[0m
job-core	Setup Kubectl Tunnel	2026-02-21T19:17:11.3592628Z [36;1msed -E "s/server: https:\/\/[0-9a-zA-Z\.\-]+:6443/server: https:\/\/127.0.0.1:6443/g" ./kubeconfig_raw > ./kubeconfig_tunneled[0m
job-core	Setup Kubectl Tunnel	2026-02-21T19:17:11.3594574Z [36;1m[0m
job-core	Setup Kubectl Tunnel	2026-02-21T19:17:11.3595433Z [36;1m# Move to a standard location[0m
job-core	Setup Kubectl Tunnel	2026-02-21T19:17:11.3596417Z [36;1mmkdir -p ~/.kube[0m
job-core	Setup Kubectl Tunnel	2026-02-21T19:17:11.3610158Z [36;1mmv ./kubeconfig_tunneled ~/.kube/config[0m
job-core	Setup Kubectl Tunnel	2026-02-21T19:17:11.3611507Z [36;1mchmod 600 ~/.kube/config[0m
job-core	Setup Kubectl Tunnel	2026-02-21T19:17:11.3612275Z [36;1m[0m
job-core	Setup Kubectl Tunnel	2026-02-21T19:17:11.3613548Z [36;1m# Set Skip TLS Verify (since certificate is for the private IP/Hostname, not localhost)[0m
job-core	Setup Kubectl Tunnel	2026-02-21T19:17:11.3615855Z [36;1m# We must detect the cluster name dynamically because it might not be 'default'[0m
job-core	Setup Kubectl Tunnel	2026-02-21T19:17:11.3619607Z [36;1m[0m
job-core	Setup Kubectl Tunnel	2026-02-21T19:17:11.3620317Z [36;1mCURRENT_CONTEXT=$(kubectl config current-context)[0m
job-core	Setup Kubectl Tunnel	2026-02-21T19:17:11.3622538Z [36;1mCLUSTER_NAME=$(kubectl config view -o jsonpath="{.contexts[?(@.name=='$CURRENT_CONTEXT')].context.cluster}")[0m
job-core	Setup Kubectl Tunnel	2026-02-21T19:17:11.3623751Z [36;1m[0m
job-core	Setup Kubectl Tunnel	2026-02-21T19:17:11.3624367Z [36;1mecho "Configuring TLS skip for cluster: $CLUSTER_NAME"[0m
job-core	Setup Kubectl Tunnel	2026-02-21T19:17:11.3625305Z [36;1m[0m
job-core	Setup Kubectl Tunnel	2026-02-21T19:17:11.3625984Z [36;1m# Disable TLS verification for the active cluster[0m
job-core	Setup Kubectl Tunnel	2026-02-21T19:17:11.3627271Z [36;1mkubectl config set-cluster "$CLUSTER_NAME" --insecure-skip-tls-verify=true[0m
job-core	Setup Kubectl Tunnel	2026-02-21T19:17:11.3628592Z [36;1m[0m
job-core	Setup Kubectl Tunnel	2026-02-21T19:17:11.3629268Z [36;1m# Unset CA data to ensure insecure mode works (avoid conflicts)[0m
job-core	Setup Kubectl Tunnel	2026-02-21T19:17:11.3630459Z [36;1mkubectl config unset "clusters.$CLUSTER_NAME.certificate-authority-data"[0m
job-core	Setup Kubectl Tunnel	2026-02-21T19:17:11.3631434Z [36;1m[0m
job-core	Setup Kubectl Tunnel	2026-02-21T19:17:11.3632652Z [36;1mecho "path=~/.kube/config" >> $GITHUB_OUTPUT[0m
job-core	Setup Kubectl Tunnel	2026-02-21T19:17:11.3633869Z [36;1mecho "Kubeconfig configured successfully."[0m
job-core	Setup Kubectl Tunnel	2026-02-21T19:17:11.3660441Z shell: /usr/bin/bash --noprofile --norc -e -o pipefail {0}
job-core	Setup Kubectl Tunnel	2026-02-21T19:17:11.3661287Z env:
job-core	Setup Kubectl Tunnel	2026-02-21T19:17:11.3661887Z   pythonLocation: /home/runner/_work/_tool/Python/3.14.3/x64
job-core	Setup Kubectl Tunnel	2026-02-21T19:17:11.3663105Z   PKG_CONFIG_PATH: /home/runner/_work/_tool/Python/3.14.3/x64/lib/pkgconfig
job-core	Setup Kubectl Tunnel	2026-02-21T19:17:11.3664402Z   Python_ROOT_DIR: /home/runner/_work/_tool/Python/3.14.3/x64
job-core	Setup Kubectl Tunnel	2026-02-21T19:17:11.3665407Z   Python2_ROOT_DIR: /home/runner/_work/_tool/Python/3.14.3/x64
job-core	Setup Kubectl Tunnel	2026-02-21T19:17:11.3666352Z   Python3_ROOT_DIR: /home/runner/_work/_tool/Python/3.14.3/x64
job-core	Setup Kubectl Tunnel	2026-02-21T19:17:11.3667313Z   LD_LIBRARY_PATH: /home/runner/_work/_tool/Python/3.14.3/x64/lib
job-core	Setup Kubectl Tunnel	2026-02-21T19:17:11.3668427Z ##[endgroup]
job-core	Setup Kubectl Tunnel	2026-02-21T19:17:11.3787410Z Fetching remote kubeconfig...
job-core	Setup Kubectl Tunnel	2026-02-21T19:17:12.3750302Z Configuring TLS skip for cluster: kubernetes
job-core	Setup Kubectl Tunnel	2026-02-21T19:17:12.4819224Z Cluster "kubernetes" set.
job-core	Setup Kubectl Tunnel	2026-02-21T19:17:12.5837361Z Property "clusters.kubernetes.certificate-authority-data" unset.
job-core	Setup Kubectl Tunnel	2026-02-21T19:17:12.5933140Z Kubeconfig configured successfully.
job-core	Setup Kubectl Tunnel	2026-02-21T19:17:12.6083132Z ##[group]Run kubectl get nodes
job-core	Setup Kubectl Tunnel	2026-02-21T19:17:12.6084032Z [36;1mkubectl get nodes[0m
job-core	Setup Kubectl Tunnel	2026-02-21T19:17:12.6110022Z shell: /usr/bin/bash --noprofile --norc -e -o pipefail {0}
job-core	Setup Kubectl Tunnel	2026-02-21T19:17:12.6110934Z env:
job-core	Setup Kubectl Tunnel	2026-02-21T19:17:12.6111614Z   pythonLocation: /home/runner/_work/_tool/Python/3.14.3/x64
job-core	Setup Kubectl Tunnel	2026-02-21T19:17:12.6112778Z   PKG_CONFIG_PATH: /home/runner/_work/_tool/Python/3.14.3/x64/lib/pkgconfig
job-core	Setup Kubectl Tunnel	2026-02-21T19:17:12.6113963Z   Python_ROOT_DIR: /home/runner/_work/_tool/Python/3.14.3/x64
job-core	Setup Kubectl Tunnel	2026-02-21T19:17:12.6115037Z   Python2_ROOT_DIR: /home/runner/_work/_tool/Python/3.14.3/x64
job-core	Setup Kubectl Tunnel	2026-02-21T19:17:12.6116153Z   Python3_ROOT_DIR: /home/runner/_work/_tool/Python/3.14.3/x64
job-core	Setup Kubectl Tunnel	2026-02-21T19:17:12.6117717Z   LD_LIBRARY_PATH: /home/runner/_work/_tool/Python/3.14.3/x64/lib
job-core	Setup Kubectl Tunnel	2026-02-21T19:17:12.6118968Z ##[endgroup]
job-core	Setup Kubectl Tunnel	2026-02-21T19:17:12.7433041Z NAME         STATUS                     ROLES           AGE   VERSION
job-core	Setup Kubectl Tunnel	2026-02-21T19:17:12.7435481Z k8-manager   Ready                      control-plane   65d   v1.32.11
job-core	Setup Kubectl Tunnel	2026-02-21T19:17:12.7437736Z k8-node-20   Ready                      <none>          65d   v1.32.11
job-core	Setup Kubectl Tunnel	2026-02-21T19:17:12.7440070Z k8-node-30   Ready,SchedulingDisabled   <none>          45d   v1.32.11
job-core	Setup Kubectl Tunnel	2026-02-21T19:17:12.7442226Z k8-node-40   Ready,SchedulingDisabled   <none>          17d   v1.32.11
job-core	Detect Unhealthy Nodes	ï»¿2026-02-21T19:17:12.7639540Z ##[group]Run chmod +x .github/scripts/watchdog-disk-pressure.py
job-core	Detect Unhealthy Nodes	2026-02-21T19:17:12.7640709Z [36;1mchmod +x .github/scripts/watchdog-disk-pressure.py[0m
job-core	Detect Unhealthy Nodes	2026-02-21T19:17:12.7641762Z [36;1mNODES=$(python3 .github/scripts/watchdog-disk-pressure.py)[0m
job-core	Detect Unhealthy Nodes	2026-02-21T19:17:12.7642744Z [36;1m[0m
job-core	Detect Unhealthy Nodes	2026-02-21T19:17:12.7643206Z [36;1mif [ -z "$NODES" ]; then[0m
job-core	Detect Unhealthy Nodes	2026-02-21T19:17:12.7643966Z [36;1m  echo "âœ… All nodes are healthy (No DiskPressure)."[0m
job-core	Detect Unhealthy Nodes	2026-02-21T19:17:12.7644794Z [36;1m  echo "nodes=" >> $GITHUB_OUTPUT[0m
job-core	Detect Unhealthy Nodes	2026-02-21T19:17:12.7645436Z [36;1melse[0m
job-core	Detect Unhealthy Nodes	2026-02-21T19:17:12.7645992Z [36;1m  echo "âš ï¸ Found nodes with DiskPressure:"[0m
job-core	Detect Unhealthy Nodes	2026-02-21T19:17:12.7646701Z [36;1m  echo "$NODES"[0m
job-core	Detect Unhealthy Nodes	2026-02-21T19:17:12.7647496Z [36;1m  # Replace newlines with spaces or keep as multiline for output? [0m
job-core	Detect Unhealthy Nodes	2026-02-21T19:17:12.7649384Z [36;1m  # Multiline strings in output are tricky. Let's use JSON or just space separated.[0m
job-core	Detect Unhealthy Nodes	2026-02-21T19:17:12.7650738Z [36;1m  # For loop below handles space separated fine if names don't have spaces.[0m
job-core	Detect Unhealthy Nodes	2026-02-21T19:17:12.7651863Z [36;1m  NODES_FLAT=$(echo "$NODES" | tr '\n' ' ')[0m
job-core	Detect Unhealthy Nodes	2026-02-21T19:17:12.7652659Z [36;1m  echo "nodes=$NODES_FLAT" >> $GITHUB_OUTPUT[0m
job-core	Detect Unhealthy Nodes	2026-02-21T19:17:12.7653358Z [36;1mfi[0m
job-core	Detect Unhealthy Nodes	2026-02-21T19:17:12.7678879Z shell: /usr/bin/bash -e {0}
job-core	Detect Unhealthy Nodes	2026-02-21T19:17:12.7679475Z env:
job-core	Detect Unhealthy Nodes	2026-02-21T19:17:12.7680124Z   pythonLocation: /home/runner/_work/_tool/Python/3.14.3/x64
job-core	Detect Unhealthy Nodes	2026-02-21T19:17:12.7681214Z   PKG_CONFIG_PATH: /home/runner/_work/_tool/Python/3.14.3/x64/lib/pkgconfig
job-core	Detect Unhealthy Nodes	2026-02-21T19:17:12.7682880Z   Python_ROOT_DIR: /home/runner/_work/_tool/Python/3.14.3/x64
job-core	Detect Unhealthy Nodes	2026-02-21T19:17:12.7684871Z   Python2_ROOT_DIR: /home/runner/_work/_tool/Python/3.14.3/x64
job-core	Detect Unhealthy Nodes	2026-02-21T19:17:12.7686644Z   Python3_ROOT_DIR: /home/runner/_work/_tool/Python/3.14.3/x64
job-core	Detect Unhealthy Nodes	2026-02-21T19:17:12.7689297Z   LD_LIBRARY_PATH: /home/runner/_work/_tool/Python/3.14.3/x64/lib
job-core	Detect Unhealthy Nodes	2026-02-21T19:17:12.7690758Z ##[endgroup]
job-core	Detect Unhealthy Nodes	2026-02-21T19:17:12.9790482Z âœ… All nodes are healthy (No DiskPressure).
job-core	Post Setup Python	ï»¿2026-02-21T19:17:13.0051133Z Post job cleanup.
job-core	Post Checkout	ï»¿2026-02-21T19:17:13.4191960Z Post job cleanup.
job-core	Post Checkout	2026-02-21T19:17:13.6205224Z [command]/usr/bin/git version
job-core	Post Checkout	2026-02-21T19:17:13.6287663Z git version 2.52.0
job-core	Post Checkout	2026-02-21T19:17:13.6399924Z Temporarily overriding HOME='/home/runner/_work/_temp/1fd1925e-2ca5-4652-998b-0ee93e20e34a' before making global git config changes
job-core	Post Checkout	2026-02-21T19:17:13.6406044Z Adding repository directory to the temporary git global config as a safe directory
job-core	Post Checkout	2026-02-21T19:17:13.6430648Z [command]/usr/bin/git config --global --add safe.directory /home/runner/_work/ka0s/ka0s
job-core	Post Checkout	2026-02-21T19:17:13.6531685Z [command]/usr/bin/git config --local --name-only --get-regexp core\.sshCommand
job-core	Post Checkout	2026-02-21T19:17:13.6671407Z [command]/usr/bin/git submodule foreach --recursive sh -c "git config --local --name-only --get-regexp 'core\.sshCommand' && git config --local --unset-all 'core.sshCommand' || :"
job-core	Post Checkout	2026-02-21T19:17:13.7532766Z [command]/usr/bin/git config --local --name-only --get-regexp http\.https\:\/\/github\.com\/\.extraheader
job-core	Post Checkout	2026-02-21T19:17:13.7621351Z http.https://github.com/.extraheader
job-core	Post Checkout	2026-02-21T19:17:13.7689998Z [command]/usr/bin/git config --local --unset-all http.https://github.com/.extraheader
job-core	Post Checkout	2026-02-21T19:17:13.7900490Z [command]/usr/bin/git submodule foreach --recursive sh -c "git config --local --name-only --get-regexp 'http\.https\:\/\/github\.com\/\.extraheader' && git config --local --unset-all 'http.https://github.com/.extraheader' || :"
job-core	Post Checkout	2026-02-21T19:17:13.8936298Z [command]/usr/bin/git config --local --name-only --get-regexp ^includeIf\.gitdir:
job-core	Post Checkout	2026-02-21T19:17:13.9036856Z [command]/usr/bin/git submodule foreach --recursive git config --local --show-origin --name-only --get-regexp remote.origin.url
job-core	Complete job	ï»¿2026-02-21T19:17:14.0405016Z Evaluate and set job outputs
job-core	Complete job	2026-02-21T19:17:14.0421755Z Cleaning up orphan processes
job-core	Complete job	2026-02-21T19:17:14.0523896Z Terminate orphan process: pid (262) (ssh)
handle-success	Set up job	ï»¿2026-02-21T19:17:26.8920582Z Current runner version: '2.331.0'
handle-success	Set up job	2026-02-21T19:17:26.8929759Z Runner name: 'swarm-runners-scaleset-hkss5-runner-f7xl2'
handle-success	Set up job	2026-02-21T19:17:26.8931027Z Runner group name: 'Default'
handle-success	Set up job	2026-02-21T19:17:26.8932289Z Machine name: 'swarm-runners-scaleset-hkss5-runner-f7xl2'
handle-success	Set up job	2026-02-21T19:17:26.8936140Z ##[group]GITHUB_TOKEN Permissions
handle-success	Set up job	2026-02-21T19:17:26.8939101Z Actions: write
handle-success	Set up job	2026-02-21T19:17:26.8940245Z Contents: read
handle-success	Set up job	2026-02-21T19:17:26.8940973Z Metadata: read
handle-success	Set up job	2026-02-21T19:17:26.8941532Z ##[endgroup]
handle-success	Set up job	2026-02-21T19:17:26.8943675Z Secret source: Actions
handle-success	Set up job	2026-02-21T19:17:26.8944496Z Prepare workflow directory
handle-success	Set up job	2026-02-21T19:17:26.9481527Z Prepare all required actions
handle-success	Set up job	2026-02-21T19:17:26.9523404Z Getting action download info
handle-success	Set up job	2026-02-21T19:17:27.5247968Z Download action repository 'actions/checkout@v4' (SHA:34e114876b0b11c390a56381ad16ebd13914f8d5)
handle-success	Set up job	2026-02-21T19:17:28.6004937Z Complete job name: handle-success
handle-success	Log Success	ï»¿2026-02-21T19:17:28.6522936Z ##[group]Run echo "Watchdog scan completed successfully."
handle-success	Log Success	2026-02-21T19:17:28.6523918Z [36;1mecho "Watchdog scan completed successfully."[0m
handle-success	Log Success	2026-02-21T19:17:28.6540821Z shell: /usr/bin/bash -e {0}
handle-success	Log Success	2026-02-21T19:17:28.6541684Z env:
handle-success	Log Success	2026-02-21T19:17:28.6542519Z   GH_TOKEN: ***
handle-success	Log Success	2026-02-21T19:17:28.6542955Z ##[endgroup]
handle-success	Log Success	2026-02-21T19:17:28.6668276Z Watchdog scan completed successfully.
handle-success	Checkout Repository	ï»¿2026-02-21T19:17:28.6940523Z ##[group]Run actions/checkout@v4
handle-success	Checkout Repository	2026-02-21T19:17:28.6941226Z with:
handle-success	Checkout Repository	2026-02-21T19:17:28.6941635Z   fetch-depth: 0
handle-success	Checkout Repository	2026-02-21T19:17:28.6942081Z   repository: Ka0s-Klaus/ka0s
handle-success	Checkout Repository	2026-02-21T19:17:28.6942863Z   token: ***
handle-success	Checkout Repository	2026-02-21T19:17:28.6943293Z   ssh-strict: true
handle-success	Checkout Repository	2026-02-21T19:17:28.6943714Z   ssh-user: git
handle-success	Checkout Repository	2026-02-21T19:17:28.6944185Z   persist-credentials: true
handle-success	Checkout Repository	2026-02-21T19:17:28.6944688Z   clean: true
handle-success	Checkout Repository	2026-02-21T19:17:28.6945135Z   sparse-checkout-cone-mode: true
handle-success	Checkout Repository	2026-02-21T19:17:28.6945668Z   fetch-tags: false
handle-success	Checkout Repository	2026-02-21T19:17:28.6946111Z   show-progress: true
handle-success	Checkout Repository	2026-02-21T19:17:28.6946557Z   lfs: false
handle-success	Checkout Repository	2026-02-21T19:17:28.6946968Z   submodules: false
handle-success	Checkout Repository	2026-02-21T19:17:28.6947451Z   set-safe-directory: true
handle-success	Checkout Repository	2026-02-21T19:17:28.6947928Z env:
handle-success	Checkout Repository	2026-02-21T19:17:28.6948458Z   GH_TOKEN: ***
handle-success	Checkout Repository	2026-02-21T19:17:28.6948902Z ##[endgroup]
handle-success	Checkout Repository	2026-02-21T19:17:28.8162456Z Syncing repository: Ka0s-Klaus/ka0s
handle-success	Checkout Repository	2026-02-21T19:17:28.8165202Z ##[group]Getting Git version info
handle-success	Checkout Repository	2026-02-21T19:17:28.8165929Z Working directory is '/home/runner/_work/ka0s/ka0s'
handle-success	Checkout Repository	2026-02-21T19:17:28.8167328Z [command]/usr/bin/git version
handle-success	Checkout Repository	2026-02-21T19:17:28.8167929Z git version 2.52.0
handle-success	Checkout Repository	2026-02-21T19:17:28.8197040Z ##[endgroup]
handle-success	Checkout Repository	2026-02-21T19:17:28.8222128Z Temporarily overriding HOME='/home/runner/_work/_temp/70186a6f-b4a0-48f0-b66b-21346870f250' before making global git config changes
handle-success	Checkout Repository	2026-02-21T19:17:28.8223912Z Adding repository directory to the temporary git global config as a safe directory
handle-success	Checkout Repository	2026-02-21T19:17:28.8225311Z [command]/usr/bin/git config --global --add safe.directory /home/runner/_work/ka0s/ka0s
handle-success	Checkout Repository	2026-02-21T19:17:28.8268934Z Deleting the contents of '/home/runner/_work/ka0s/ka0s'
handle-success	Checkout Repository	2026-02-21T19:17:28.8274146Z ##[group]Initializing the repository
handle-success	Checkout Repository	2026-02-21T19:17:28.8288044Z [command]/usr/bin/git init /home/runner/_work/ka0s/ka0s
handle-success	Checkout Repository	2026-02-21T19:17:28.8346129Z hint: Using 'master' as the name for the initial branch. This default branch name
handle-success	Checkout Repository	2026-02-21T19:17:28.8347361Z hint: will change to "main" in Git 3.0. To configure the initial branch name
handle-success	Checkout Repository	2026-02-21T19:17:28.8348489Z hint: to use in all of your new repositories, which will suppress this warning,
handle-success	Checkout Repository	2026-02-21T19:17:28.8349487Z hint: call:
handle-success	Checkout Repository	2026-02-21T19:17:28.8349901Z hint:
handle-success	Checkout Repository	2026-02-21T19:17:28.8350562Z hint: 	git config --global init.defaultBranch <name>
handle-success	Checkout Repository	2026-02-21T19:17:28.8351195Z hint:
handle-success	Checkout Repository	2026-02-21T19:17:28.8352193Z hint: Names commonly chosen instead of 'master' are 'main', 'trunk' and
handle-success	Checkout Repository	2026-02-21T19:17:28.8353488Z hint: 'development'. The just-created branch can be renamed via this command:
handle-success	Checkout Repository	2026-02-21T19:17:28.8354276Z hint:
handle-success	Checkout Repository	2026-02-21T19:17:28.8354711Z hint: 	git branch -m <name>
handle-success	Checkout Repository	2026-02-21T19:17:28.8355200Z hint:
handle-success	Checkout Repository	2026-02-21T19:17:28.8355961Z hint: Disable this message with "git config set advice.defaultBranchName false"
handle-success	Checkout Repository	2026-02-21T19:17:28.8357532Z Initialized empty Git repository in /home/runner/_work/ka0s/ka0s/.git/
handle-success	Checkout Repository	2026-02-21T19:17:28.8360834Z [command]/usr/bin/git remote add origin https://github.com/Ka0s-Klaus/ka0s
handle-success	Checkout Repository	2026-02-21T19:17:28.8406833Z ##[endgroup]
handle-success	Checkout Repository	2026-02-21T19:17:28.8407734Z ##[group]Disabling automatic garbage collection
handle-success	Checkout Repository	2026-02-21T19:17:28.8410823Z [command]/usr/bin/git config --local gc.auto 0
handle-success	Checkout Repository	2026-02-21T19:17:28.8455848Z ##[endgroup]
handle-success	Checkout Repository	2026-02-21T19:17:28.8457060Z ##[group]Setting up auth
handle-success	Checkout Repository	2026-02-21T19:17:28.8463621Z [command]/usr/bin/git config --local --name-only --get-regexp core\.sshCommand
handle-success	Checkout Repository	2026-02-21T19:17:28.8508232Z [command]/usr/bin/git submodule foreach --recursive sh -c "git config --local --name-only --get-regexp 'core\.sshCommand' && git config --local --unset-all 'core.sshCommand' || :"
handle-success	Checkout Repository	2026-02-21T19:17:28.8855119Z [command]/usr/bin/git config --local --name-only --get-regexp http\.https\:\/\/github\.com\/\.extraheader
handle-success	Checkout Repository	2026-02-21T19:17:28.8896131Z [command]/usr/bin/git submodule foreach --recursive sh -c "git config --local --name-only --get-regexp 'http\.https\:\/\/github\.com\/\.extraheader' && git config --local --unset-all 'http.https://github.com/.extraheader' || :"
handle-success	Checkout Repository	2026-02-21T19:17:28.9233320Z [command]/usr/bin/git config --local --name-only --get-regexp ^includeIf\.gitdir:
handle-success	Checkout Repository	2026-02-21T19:17:28.9274986Z [command]/usr/bin/git submodule foreach --recursive git config --local --show-origin --name-only --get-regexp remote.origin.url
handle-success	Checkout Repository	2026-02-21T19:17:28.9609639Z [command]/usr/bin/git config --local http.https://github.com/.extraheader AUTHORIZATION: basic ***
handle-success	Checkout Repository	2026-02-21T19:17:28.9662328Z ##[endgroup]
handle-success	Checkout Repository	2026-02-21T19:17:28.9663233Z ##[group]Fetching the repository
handle-success	Checkout Repository	2026-02-21T19:17:28.9671488Z [command]/usr/bin/git -c protocol.version=2 fetch --prune --no-recurse-submodules origin +refs/heads/*:refs/remotes/origin/* +refs/tags/*:refs/tags/*
handle-success	Checkout Repository	2026-02-21T19:17:51.0941585Z From https://github.com/Ka0s-Klaus/ka0s
handle-success	Checkout Repository	2026-02-21T19:17:51.0942265Z  * [new branch]          F3450-modelo-operativo -> origin/F3450-modelo-operativo
handle-success	Checkout Repository	2026-02-21T19:17:51.0942948Z  * [new branch]          H1276-modulo-observabilidad -> origin/H1276-modulo-observabilidad
handle-success	Checkout Repository	2026-02-21T19:17:51.0943670Z  * [new branch]          H3596-deploy-itop      -> origin/H3596-deploy-itop
handle-success	Checkout Repository	2026-02-21T19:17:51.0944163Z  * [new branch]          main                   -> origin/main
handle-success	Checkout Repository	2026-02-21T19:17:51.0944614Z  * [new tag]             0.0.0                  -> 0.0.0
handle-success	Checkout Repository	2026-02-21T19:17:51.0945030Z  * [new tag]             0.0.1                  -> 0.0.1
handle-success	Checkout Repository	2026-02-21T19:17:51.0945425Z  * [new tag]             0.0.10                 -> 0.0.10
handle-success	Checkout Repository	2026-02-21T19:17:51.0945813Z  * [new tag]             0.0.100                -> 0.0.100
handle-success	Checkout Repository	2026-02-21T19:17:51.0946204Z  * [new tag]             0.0.101                -> 0.0.101
handle-success	Checkout Repository	2026-02-21T19:17:51.0946623Z  * [new tag]             0.0.102                -> 0.0.102
handle-success	Checkout Repository	2026-02-21T19:17:51.0947048Z  * [new tag]             0.0.103                -> 0.0.103
handle-success	Checkout Repository	2026-02-21T19:17:51.0947449Z  * [new tag]             0.0.104                -> 0.0.104
handle-success	Checkout Repository	2026-02-21T19:17:51.0947849Z  * [new tag]             0.0.105                -> 0.0.105
handle-success	Checkout Repository	2026-02-21T19:17:51.0948296Z  * [new tag]             0.0.106                -> 0.0.106
handle-success	Checkout Repository	2026-02-21T19:17:51.0948720Z  * [new tag]             0.0.107                -> 0.0.107
handle-success	Checkout Repository	2026-02-21T19:17:51.0949121Z  * [new tag]             0.0.108                -> 0.0.108
handle-success	Checkout Repository	2026-02-21T19:17:51.0949834Z  * [new tag]             0.0.109                -> 0.0.109
handle-success	Checkout Repository	2026-02-21T19:17:51.0950402Z  * [new tag]             0.0.11                 -> 0.0.11
handle-success	Checkout Repository	2026-02-21T19:17:51.0972039Z  * [new tag]             0.0.110                -> 0.0.110
handle-success	Checkout Repository	2026-02-21T19:17:51.0972902Z  * [new tag]             0.0.111                -> 0.0.111
handle-success	Checkout Repository	2026-02-21T19:17:51.0973320Z  * [new tag]             0.0.112                -> 0.0.112
handle-success	Checkout Repository	2026-02-21T19:17:51.0973728Z  * [new tag]             0.0.113                -> 0.0.113
handle-success	Checkout Repository	2026-02-21T19:17:51.0974148Z  * [new tag]             0.0.114                -> 0.0.114
handle-success	Checkout Repository	2026-02-21T19:17:51.0975161Z  * [new tag]             0.0.115                -> 0.0.115
handle-success	Checkout Repository	2026-02-21T19:17:51.0975570Z  * [new tag]             0.0.116                -> 0.0.116
handle-success	Checkout Repository	2026-02-21T19:17:51.0975969Z  * [new tag]             0.0.117                -> 0.0.117
handle-success	Checkout Repository	2026-02-21T19:17:51.0976370Z  * [new tag]             0.0.118                -> 0.0.118
handle-success	Checkout Repository	2026-02-21T19:17:51.0976835Z  * [new tag]             0.0.119                -> 0.0.119
handle-success	Checkout Repository	2026-02-21T19:17:51.0977299Z  * [new tag]             0.0.12                 -> 0.0.12
handle-success	Checkout Repository	2026-02-21T19:17:51.0977759Z  * [new tag]             0.0.120                -> 0.0.120
handle-success	Checkout Repository	2026-02-21T19:17:51.0978371Z  * [new tag]             0.0.121                -> 0.0.121
handle-success	Checkout Repository	2026-02-21T19:17:51.0978763Z  * [new tag]             0.0.122                -> 0.0.122
handle-success	Checkout Repository	2026-02-21T19:17:51.0979277Z  * [new tag]             0.0.123                -> 0.0.123
handle-success	Checkout Repository	2026-02-21T19:17:51.0979694Z  * [new tag]             0.0.124                -> 0.0.124
handle-success	Checkout Repository	2026-02-21T19:17:51.0980092Z  * [new tag]             0.0.125                -> 0.0.125
handle-success	Checkout Repository	2026-02-21T19:17:51.0980502Z  * [new tag]             0.0.126                -> 0.0.126
handle-success	Checkout Repository	2026-02-21T19:17:51.0980908Z  * [new tag]             0.0.127                -> 0.0.127
handle-success	Checkout Repository	2026-02-21T19:17:51.0981301Z  * [new tag]             0.0.128                -> 0.0.128
handle-success	Checkout Repository	2026-02-21T19:17:51.0981693Z  * [new tag]             0.0.129                -> 0.0.129
handle-success	Checkout Repository	2026-02-21T19:17:51.0982468Z  * [new tag]             0.0.13                 -> 0.0.13
handle-success	Checkout Repository	2026-02-21T19:17:51.0982864Z  * [new tag]             0.0.130                -> 0.0.130
handle-success	Checkout Repository	2026-02-21T19:17:51.0983253Z  * [new tag]             0.0.131                -> 0.0.131
handle-success	Checkout Repository	2026-02-21T19:17:51.0983679Z  * [new tag]             0.0.132                -> 0.0.132
handle-success	Checkout Repository	2026-02-21T19:17:51.0984101Z  * [new tag]             0.0.133                -> 0.0.133
handle-success	Checkout Repository	2026-02-21T19:17:51.0984535Z  * [new tag]             0.0.134                -> 0.0.134
handle-success	Checkout Repository	2026-02-21T19:17:51.0984920Z  * [new tag]             0.0.135                -> 0.0.135
handle-success	Checkout Repository	2026-02-21T19:17:51.0985342Z  * [new tag]             0.0.136                -> 0.0.136
handle-success	Checkout Repository	2026-02-21T19:17:51.0985729Z  * [new tag]             0.0.137                -> 0.0.137
handle-success	Checkout Repository	2026-02-21T19:17:51.0986118Z  * [new tag]             0.0.138                -> 0.0.138
handle-success	Checkout Repository	2026-02-21T19:17:51.0986505Z  * [new tag]             0.0.139                -> 0.0.139
handle-success	Checkout Repository	2026-02-21T19:17:51.0986902Z  * [new tag]             0.0.14                 -> 0.0.14
handle-success	Checkout Repository	2026-02-21T19:17:51.0987286Z  * [new tag]             0.0.140                -> 0.0.140
handle-success	Checkout Repository	2026-02-21T19:17:51.0987670Z  * [new tag]             0.0.141                -> 0.0.141
handle-success	Checkout Repository	2026-02-21T19:17:51.0988062Z  * [new tag]             0.0.142                -> 0.0.142
handle-success	Checkout Repository	2026-02-21T19:17:51.0988448Z  * [new tag]             0.0.143                -> 0.0.143
handle-success	Checkout Repository	2026-02-21T19:17:51.0988835Z  * [new tag]             0.0.144                -> 0.0.144
handle-success	Checkout Repository	2026-02-21T19:17:51.0989299Z  * [new tag]             0.0.145                -> 0.0.145
handle-success	Checkout Repository	2026-02-21T19:17:51.0989705Z  * [new tag]             0.0.146                -> 0.0.146
handle-success	Checkout Repository	2026-02-21T19:17:51.0990098Z  * [new tag]             0.0.147                -> 0.0.147
handle-success	Checkout Repository	2026-02-21T19:17:51.0990490Z  * [new tag]             0.0.148                -> 0.0.148
handle-success	Checkout Repository	2026-02-21T19:17:51.0990884Z  * [new tag]             0.0.149                -> 0.0.149
handle-success	Checkout Repository	2026-02-21T19:17:51.0991529Z  * [new tag]             0.0.15                 -> 0.0.15
handle-success	Checkout Repository	2026-02-21T19:17:51.0991941Z  * [new tag]             0.0.150                -> 0.0.150
handle-success	Checkout Repository	2026-02-21T19:17:51.0992339Z  * [new tag]             0.0.151                -> 0.0.151
handle-success	Checkout Repository	2026-02-21T19:17:51.0992758Z  * [new tag]             0.0.152                -> 0.0.152
handle-success	Checkout Repository	2026-02-21T19:17:51.0993202Z  * [new tag]             0.0.153                -> 0.0.153
handle-success	Checkout Repository	2026-02-21T19:17:51.0993583Z  * [new tag]             0.0.154                -> 0.0.154
handle-success	Checkout Repository	2026-02-21T19:17:51.0993970Z  * [new tag]             0.0.155                -> 0.0.155
handle-success	Checkout Repository	2026-02-21T19:17:51.0994354Z  * [new tag]             0.0.156                -> 0.0.156
handle-success	Checkout Repository	2026-02-21T19:17:51.0994743Z  * [new tag]             0.0.157                -> 0.0.157
handle-success	Checkout Repository	2026-02-21T19:17:51.0995394Z  * [new tag]             0.0.158                -> 0.0.158
handle-success	Checkout Repository	2026-02-21T19:17:51.0995794Z  * [new tag]             0.0.159                -> 0.0.159
handle-success	Checkout Repository	2026-02-21T19:17:51.0996199Z  * [new tag]             0.0.16                 -> 0.0.16
handle-success	Checkout Repository	2026-02-21T19:17:51.0996593Z  * [new tag]             0.0.160                -> 0.0.160
handle-success	Checkout Repository	2026-02-21T19:17:51.0997005Z  * [new tag]             0.0.161                -> 0.0.161
handle-success	Checkout Repository	2026-02-21T19:17:51.0997402Z  * [new tag]             0.0.162                -> 0.0.162
handle-success	Checkout Repository	2026-02-21T19:17:51.0997804Z  * [new tag]             0.0.163                -> 0.0.163
handle-success	Checkout Repository	2026-02-21T19:17:51.0998208Z  * [new tag]             0.0.164                -> 0.0.164
handle-success	Checkout Repository	2026-02-21T19:17:51.0998614Z  * [new tag]             0.0.165                -> 0.0.165
handle-success	Checkout Repository	2026-02-21T19:17:51.0999028Z  * [new tag]             0.0.166                -> 0.0.166
handle-success	Checkout Repository	2026-02-21T19:17:51.0999569Z  * [new tag]             0.0.167                -> 0.0.167
handle-success	Checkout Repository	2026-02-21T19:17:51.0999980Z  * [new tag]             0.0.168                -> 0.0.168
handle-success	Checkout Repository	2026-02-21T19:17:51.1000374Z  * [new tag]             0.0.169                -> 0.0.169
handle-success	Checkout Repository	2026-02-21T19:17:51.1000774Z  * [new tag]             0.0.17                 -> 0.0.17
handle-success	Checkout Repository	2026-02-21T19:17:51.1001170Z  * [new tag]             0.0.170                -> 0.0.170
handle-success	Checkout Repository	2026-02-21T19:17:51.1001803Z  * [new tag]             0.0.171                -> 0.0.171
handle-success	Checkout Repository	2026-02-21T19:17:51.1002202Z  * [new tag]             0.0.172                -> 0.0.172
handle-success	Checkout Repository	2026-02-21T19:17:51.1002598Z  * [new tag]             0.0.173                -> 0.0.173
handle-success	Checkout Repository	2026-02-21T19:17:51.1003133Z  * [new tag]             0.0.174                -> 0.0.174
handle-success	Checkout Repository	2026-02-21T19:17:51.1003528Z  * [new tag]             0.0.175                -> 0.0.175
handle-success	Checkout Repository	2026-02-21T19:17:51.1003920Z  * [new tag]             0.0.176                -> 0.0.176
handle-success	Checkout Repository	2026-02-21T19:17:51.1004308Z  * [new tag]             0.0.177                -> 0.0.177
handle-success	Checkout Repository	2026-02-21T19:17:51.1004700Z  * [new tag]             0.0.178                -> 0.0.178
handle-success	Checkout Repository	2026-02-21T19:17:51.1005101Z  * [new tag]             0.0.179                -> 0.0.179
handle-success	Checkout Repository	2026-02-21T19:17:51.1005493Z  * [new tag]             0.0.18                 -> 0.0.18
handle-success	Checkout Repository	2026-02-21T19:17:51.1005891Z  * [new tag]             0.0.19                 -> 0.0.19
handle-success	Checkout Repository	2026-02-21T19:17:51.1006422Z  * [new tag]             0.0.2                  -> 0.0.2
handle-success	Checkout Repository	2026-02-21T19:17:51.1006832Z  * [new tag]             0.0.20                 -> 0.0.20
handle-success	Checkout Repository	2026-02-21T19:17:51.1007350Z  * [new tag]             0.0.21                 -> 0.0.21
handle-success	Checkout Repository	2026-02-21T19:17:51.1007741Z  * [new tag]             0.0.22                 -> 0.0.22
handle-success	Checkout Repository	2026-02-21T19:17:51.1008135Z  * [new tag]             0.0.23                 -> 0.0.23
handle-success	Checkout Repository	2026-02-21T19:17:51.1008517Z  * [new tag]             0.0.24                 -> 0.0.24
handle-success	Checkout Repository	2026-02-21T19:17:51.1008901Z  * [new tag]             0.0.25                 -> 0.0.25
handle-success	Checkout Repository	2026-02-21T19:17:51.1009657Z  * [new tag]             0.0.26                 -> 0.0.26
handle-success	Checkout Repository	2026-02-21T19:17:51.1010050Z  * [new tag]             0.0.27                 -> 0.0.27
handle-success	Checkout Repository	2026-02-21T19:17:51.1010555Z  * [new tag]             0.0.28                 -> 0.0.28
handle-success	Checkout Repository	2026-02-21T19:17:51.1010933Z  * [new tag]             0.0.29                 -> 0.0.29
handle-success	Checkout Repository	2026-02-21T19:17:51.1011601Z  * [new tag]             0.0.3                  -> 0.0.3
handle-success	Checkout Repository	2026-02-21T19:17:51.1012257Z  * [new tag]             0.0.30                 -> 0.0.30
handle-success	Checkout Repository	2026-02-21T19:17:51.1012657Z  * [new tag]             0.0.31                 -> 0.0.31
handle-success	Checkout Repository	2026-02-21T19:17:51.1013154Z  * [new tag]             0.0.32                 -> 0.0.32
handle-success	Checkout Repository	2026-02-21T19:17:51.1013529Z  * [new tag]             0.0.33                 -> 0.0.33
handle-success	Checkout Repository	2026-02-21T19:17:51.1013899Z  * [new tag]             0.0.34                 -> 0.0.34
handle-success	Checkout Repository	2026-02-21T19:17:51.1014275Z  * [new tag]             0.0.35                 -> 0.0.35
handle-success	Checkout Repository	2026-02-21T19:17:51.1014657Z  * [new tag]             0.0.36                 -> 0.0.36
handle-success	Checkout Repository	2026-02-21T19:17:51.1015025Z  * [new tag]             0.0.37                 -> 0.0.37
handle-success	Checkout Repository	2026-02-21T19:17:51.1015399Z  * [new tag]             0.0.38                 -> 0.0.38
handle-success	Checkout Repository	2026-02-21T19:17:51.1015983Z  * [new tag]             0.0.39                 -> 0.0.39
handle-success	Checkout Repository	2026-02-21T19:17:51.1016364Z  * [new tag]             0.0.4                  -> 0.0.4
handle-success	Checkout Repository	2026-02-21T19:17:51.1016734Z  * [new tag]             0.0.40                 -> 0.0.40
handle-success	Checkout Repository	2026-02-21T19:17:51.1017222Z  * [new tag]             0.0.41                 -> 0.0.41
handle-success	Checkout Repository	2026-02-21T19:17:51.1017597Z  * [new tag]             0.0.42                 -> 0.0.42
handle-success	Checkout Repository	2026-02-21T19:17:51.1017970Z  * [new tag]             0.0.43                 -> 0.0.43
handle-success	Checkout Repository	2026-02-21T19:17:51.1018346Z  * [new tag]             0.0.44                 -> 0.0.44
handle-success	Checkout Repository	2026-02-21T19:17:51.1018720Z  * [new tag]             0.0.45                 -> 0.0.45
handle-success	Checkout Repository	2026-02-21T19:17:51.1019095Z  * [new tag]             0.0.46                 -> 0.0.46
handle-success	Checkout Repository	2026-02-21T19:17:51.1019691Z  * [new tag]             0.0.47                 -> 0.0.47
handle-success	Checkout Repository	2026-02-21T19:17:51.1020085Z  * [new tag]             0.0.48                 -> 0.0.48
handle-success	Checkout Repository	2026-02-21T19:17:51.1020598Z  * [new tag]             0.0.49                 -> 0.0.49
handle-success	Checkout Repository	2026-02-21T19:17:51.1020967Z  * [new tag]             0.0.5                  -> 0.0.5
handle-success	Checkout Repository	2026-02-21T19:17:51.1021339Z  * [new tag]             0.0.50                 -> 0.0.50
handle-success	Checkout Repository	2026-02-21T19:17:51.1021716Z  * [new tag]             0.0.51                 -> 0.0.51
handle-success	Checkout Repository	2026-02-21T19:17:51.1022324Z  * [new tag]             0.0.52                 -> 0.0.52
handle-success	Checkout Repository	2026-02-21T19:17:51.1022699Z  * [new tag]             0.0.53                 -> 0.0.53
handle-success	Checkout Repository	2026-02-21T19:17:51.1023070Z  * [new tag]             0.0.54                 -> 0.0.54
handle-success	Checkout Repository	2026-02-21T19:17:51.1023445Z  * [new tag]             0.0.55                 -> 0.0.55
handle-success	Checkout Repository	2026-02-21T19:17:51.1023821Z  * [new tag]             0.0.56                 -> 0.0.56
handle-success	Checkout Repository	2026-02-21T19:17:51.1024200Z  * [new tag]             0.0.57                 -> 0.0.57
handle-success	Checkout Repository	2026-02-21T19:17:51.1024572Z  * [new tag]             0.0.58                 -> 0.0.58
handle-success	Checkout Repository	2026-02-21T19:17:51.1024947Z  * [new tag]             0.0.59                 -> 0.0.59
handle-success	Checkout Repository	2026-02-21T19:17:51.1025333Z  * [new tag]             0.0.6                  -> 0.0.6
handle-success	Checkout Repository	2026-02-21T19:17:51.1025704Z  * [new tag]             0.0.60                 -> 0.0.60
handle-success	Checkout Repository	2026-02-21T19:17:51.1026078Z  * [new tag]             0.0.61                 -> 0.0.61
handle-success	Checkout Repository	2026-02-21T19:17:51.1026445Z  * [new tag]             0.0.62                 -> 0.0.62
handle-success	Checkout Repository	2026-02-21T19:17:51.1026825Z  * [new tag]             0.0.63                 -> 0.0.63
handle-success	Checkout Repository	2026-02-21T19:17:51.1027189Z  * [new tag]             0.0.64                 -> 0.0.64
handle-success	Checkout Repository	2026-02-21T19:17:51.1027561Z  * [new tag]             0.0.65                 -> 0.0.65
handle-success	Checkout Repository	2026-02-21T19:17:51.1027931Z  * [new tag]             0.0.66                 -> 0.0.66
handle-success	Checkout Repository	2026-02-21T19:17:51.1028302Z  * [new tag]             0.0.67                 -> 0.0.67
handle-success	Checkout Repository	2026-02-21T19:17:51.1028675Z  * [new tag]             0.0.68                 -> 0.0.68
handle-success	Checkout Repository	2026-02-21T19:17:51.1029051Z  * [new tag]             0.0.69                 -> 0.0.69
handle-success	Checkout Repository	2026-02-21T19:17:51.1029648Z  * [new tag]             0.0.7                  -> 0.0.7
handle-success	Checkout Repository	2026-02-21T19:17:51.1030042Z  * [new tag]             0.0.70                 -> 0.0.70
handle-success	Checkout Repository	2026-02-21T19:17:51.1030547Z  * [new tag]             0.0.71                 -> 0.0.71
handle-success	Checkout Repository	2026-02-21T19:17:51.1030913Z  * [new tag]             0.0.72                 -> 0.0.72
handle-success	Checkout Repository	2026-02-21T19:17:51.1031280Z  * [new tag]             0.0.73                 -> 0.0.73
handle-success	Checkout Repository	2026-02-21T19:17:51.1031656Z  * [new tag]             0.0.74                 -> 0.0.74
handle-success	Checkout Repository	2026-02-21T19:17:51.1032025Z  * [new tag]             0.0.75                 -> 0.0.75
handle-success	Checkout Repository	2026-02-21T19:17:51.1032388Z  * [new tag]             0.0.76                 -> 0.0.76
handle-success	Checkout Repository	2026-02-21T19:17:51.1032753Z  * [new tag]             0.0.77                 -> 0.0.77
handle-success	Checkout Repository	2026-02-21T19:17:51.1033126Z  * [new tag]             0.0.78                 -> 0.0.78
handle-success	Checkout Repository	2026-02-21T19:17:51.1033495Z  * [new tag]             0.0.79                 -> 0.0.79
handle-success	Checkout Repository	2026-02-21T19:17:51.1033864Z  * [new tag]             0.0.8                  -> 0.0.8
handle-success	Checkout Repository	2026-02-21T19:17:51.1034227Z  * [new tag]             0.0.80                 -> 0.0.80
handle-success	Checkout Repository	2026-02-21T19:17:51.1034830Z  * [new tag]             0.0.81                 -> 0.0.81
handle-success	Checkout Repository	2026-02-21T19:17:51.1035198Z  * [new tag]             0.0.82                 -> 0.0.82
handle-success	Checkout Repository	2026-02-21T19:17:51.1035567Z  * [new tag]             0.0.83                 -> 0.0.83
handle-success	Checkout Repository	2026-02-21T19:17:51.1035933Z  * [new tag]             0.0.84                 -> 0.0.84
handle-success	Checkout Repository	2026-02-21T19:17:51.1036307Z  * [new tag]             0.0.85                 -> 0.0.85
handle-success	Checkout Repository	2026-02-21T19:17:51.1036678Z  * [new tag]             0.0.86                 -> 0.0.86
handle-success	Checkout Repository	2026-02-21T19:17:51.1037041Z  * [new tag]             0.0.87                 -> 0.0.87
handle-success	Checkout Repository	2026-02-21T19:17:51.1037413Z  * [new tag]             0.0.88                 -> 0.0.88
handle-success	Checkout Repository	2026-02-21T19:17:51.1037781Z  * [new tag]             0.0.89                 -> 0.0.89
handle-success	Checkout Repository	2026-02-21T19:17:51.1038152Z  * [new tag]             0.0.9                  -> 0.0.9
handle-success	Checkout Repository	2026-02-21T19:17:51.1038518Z  * [new tag]             0.0.90                 -> 0.0.90
handle-success	Checkout Repository	2026-02-21T19:17:51.1038884Z  * [new tag]             0.0.91                 -> 0.0.91
handle-success	Checkout Repository	2026-02-21T19:17:51.1039643Z  * [new tag]             0.0.92                 -> 0.0.92
handle-success	Checkout Repository	2026-02-21T19:17:51.1040033Z  * [new tag]             0.0.93                 -> 0.0.93
handle-success	Checkout Repository	2026-02-21T19:17:51.1040541Z  * [new tag]             0.0.94                 -> 0.0.94
handle-success	Checkout Repository	2026-02-21T19:17:51.1041267Z  * [new tag]             0.0.95                 -> 0.0.95
handle-success	Checkout Repository	2026-02-21T19:17:51.1041890Z  * [new tag]             0.0.96                 -> 0.0.96
handle-success	Checkout Repository	2026-02-21T19:17:51.1042257Z  * [new tag]             0.0.97                 -> 0.0.97
handle-success	Checkout Repository	2026-02-21T19:17:51.1042621Z  * [new tag]             0.0.98                 -> 0.0.98
handle-success	Checkout Repository	2026-02-21T19:17:51.1042991Z  * [new tag]             0.0.99                 -> 0.0.99
handle-success	Checkout Repository	2026-02-21T19:17:51.1043354Z  * [new tag]             0.1.0                  -> 0.1.0
handle-success	Checkout Repository	2026-02-21T19:17:51.1043722Z  * [new tag]             0.1.1                  -> 0.1.1
handle-success	Checkout Repository	2026-02-21T19:17:51.1044083Z  * [new tag]             0.2.0                  -> 0.2.0
handle-success	Checkout Repository	2026-02-21T19:17:51.1044453Z  * [new tag]             0.3.0                  -> 0.3.0
handle-success	Checkout Repository	2026-02-21T19:17:51.1044824Z  * [new tag]             0.3.1                  -> 0.3.1
handle-success	Checkout Repository	2026-02-21T19:17:51.1045185Z  * [new tag]             0.3.10                 -> 0.3.10
handle-success	Checkout Repository	2026-02-21T19:17:51.1045554Z  * [new tag]             0.3.11                 -> 0.3.11
handle-success	Checkout Repository	2026-02-21T19:17:51.1045925Z  * [new tag]             0.3.12                 -> 0.3.12
handle-success	Checkout Repository	2026-02-21T19:17:51.1046316Z  * [new tag]             0.3.13                 -> 0.3.13
handle-success	Checkout Repository	2026-02-21T19:17:51.1046686Z  * [new tag]             0.3.14                 -> 0.3.14
handle-success	Checkout Repository	2026-02-21T19:17:51.1047053Z  * [new tag]             0.3.15                 -> 0.3.15
handle-success	Checkout Repository	2026-02-21T19:17:51.1047417Z  * [new tag]             0.3.16                 -> 0.3.16
handle-success	Checkout Repository	2026-02-21T19:17:51.1047783Z  * [new tag]             0.3.17                 -> 0.3.17
handle-success	Checkout Repository	2026-02-21T19:17:51.1048146Z  * [new tag]             0.3.2                  -> 0.3.2
handle-success	Checkout Repository	2026-02-21T19:17:51.1048513Z  * [new tag]             0.3.3                  -> 0.3.3
handle-success	Checkout Repository	2026-02-21T19:17:51.1048880Z  * [new tag]             0.3.4                  -> 0.3.4
handle-success	Checkout Repository	2026-02-21T19:17:51.1049636Z  * [new tag]             0.3.5                  -> 0.3.5
handle-success	Checkout Repository	2026-02-21T19:17:51.1050132Z  * [new tag]             0.3.6                  -> 0.3.6
handle-success	Checkout Repository	2026-02-21T19:17:51.1050625Z  * [new tag]             0.3.7                  -> 0.3.7
handle-success	Checkout Repository	2026-02-21T19:17:51.1050996Z  * [new tag]             0.3.8                  -> 0.3.8
handle-success	Checkout Repository	2026-02-21T19:17:51.1051354Z  * [new tag]             0.3.9                  -> 0.3.9
handle-success	Checkout Repository	2026-02-21T19:17:51.1051717Z  * [new tag]             0.4.0                  -> 0.4.0
handle-success	Checkout Repository	2026-02-21T19:17:51.1052075Z  * [new tag]             0.4.1                  -> 0.4.1
handle-success	Checkout Repository	2026-02-21T19:17:51.1052836Z  * [new tag]             0.4.2                  -> 0.4.2
handle-success	Checkout Repository	2026-02-21T19:17:51.1053479Z  * [new tag]             0.4.3                  -> 0.4.3
handle-success	Checkout Repository	2026-02-21T19:17:51.1054251Z  * [new tag]             0.4.4                  -> 0.4.4
handle-success	Checkout Repository	2026-02-21T19:17:51.1054615Z  * [new tag]             0.4.5                  -> 0.4.5
handle-success	Checkout Repository	2026-02-21T19:17:51.1055175Z  * [new tag]             0.4.6                  -> 0.4.6
handle-success	Checkout Repository	2026-02-21T19:17:51.1055542Z  * [new tag]             0.4.7                  -> 0.4.7
handle-success	Checkout Repository	2026-02-21T19:17:51.1055919Z  * [new tag]             0.4.8                  -> 0.4.8
handle-success	Checkout Repository	2026-02-21T19:17:51.1056285Z  * [new tag]             0.4.9                  -> 0.4.9
handle-success	Checkout Repository	2026-02-21T19:17:51.1056655Z  * [new tag]             0.5.0                  -> 0.5.0
handle-success	Checkout Repository	2026-02-21T19:17:51.1057014Z  * [new tag]             0.5.1                  -> 0.5.1
handle-success	Checkout Repository	2026-02-21T19:17:51.1057381Z  * [new tag]             0.5.2                  -> 0.5.2
handle-success	Checkout Repository	2026-02-21T19:17:51.1057745Z  * [new tag]             0.6.0                  -> 0.6.0
handle-success	Checkout Repository	2026-02-21T19:17:51.1058103Z  * [new tag]             0.6.1                  -> 0.6.1
handle-success	Checkout Repository	2026-02-21T19:17:51.1058469Z  * [new tag]             0.6.2                  -> 0.6.2
handle-success	Checkout Repository	2026-02-21T19:17:51.1340671Z [command]/usr/bin/git branch --list --remote origin/main
handle-success	Checkout Repository	2026-02-21T19:17:51.1413842Z   origin/main
handle-success	Checkout Repository	2026-02-21T19:17:51.1425305Z [command]/usr/bin/git rev-parse refs/remotes/origin/main
handle-success	Checkout Repository	2026-02-21T19:17:51.1459345Z b19c1c33bced40ee304bad252e5e0ac1be1b4708
handle-success	Checkout Repository	2026-02-21T19:17:51.1471834Z [command]/usr/bin/git -c protocol.version=2 fetch --no-tags --prune --no-recurse-submodules origin +2cd551ae7ec90c74fdcbc8a64ad999e11187f23b:refs/remotes/origin/main
handle-success	Checkout Repository	2026-02-21T19:17:51.1660259Z From https://github.com/Ka0s-Klaus/ka0s
handle-success	Checkout Repository	2026-02-21T19:17:51.1661102Z  + b19c1c33b...2cd551ae7 2cd551ae7ec90c74fdcbc8a64ad999e11187f23b -> origin/main  (forced update)
handle-success	Checkout Repository	2026-02-21T19:17:51.1698812Z ##[endgroup]
handle-success	Checkout Repository	2026-02-21T19:17:51.1699743Z ##[group]Determining the checkout info
handle-success	Checkout Repository	2026-02-21T19:17:51.1700251Z ##[endgroup]
handle-success	Checkout Repository	2026-02-21T19:17:51.1706259Z [command]/usr/bin/git sparse-checkout disable
handle-success	Checkout Repository	2026-02-21T19:17:51.1759484Z [command]/usr/bin/git config --local --unset-all extensions.worktreeConfig
handle-success	Checkout Repository	2026-02-21T19:17:51.1797518Z ##[group]Checking out the ref
handle-success	Checkout Repository	2026-02-21T19:17:51.1803924Z [command]/usr/bin/git checkout --progress --force -B main refs/remotes/origin/main
handle-success	Checkout Repository	2026-02-21T19:17:51.4336799Z Switched to a new branch 'main'
handle-success	Checkout Repository	2026-02-21T19:17:51.4340839Z branch 'main' set up to track 'origin/main'.
handle-success	Checkout Repository	2026-02-21T19:17:51.4383005Z ##[endgroup]
handle-success	Checkout Repository	2026-02-21T19:17:51.4455005Z [command]/usr/bin/git log -1 --format=%H
handle-success	Checkout Repository	2026-02-21T19:17:51.4489094Z 2cd551ae7ec90c74fdcbc8a64ad999e11187f23b
handle-success	Install GH CLI	ï»¿2026-02-21T19:17:51.4735515Z Prepare all required actions
handle-success	Install GH CLI	2026-02-21T19:17:51.4862754Z ##[group]Run ./.github/actions/install-gh-cli
handle-success	Install GH CLI	2026-02-21T19:17:51.4863072Z env:
handle-success	Install GH CLI	2026-02-21T19:17:51.4863565Z   GH_TOKEN: ***
handle-success	Install GH CLI	2026-02-21T19:17:51.4863765Z ##[endgroup]
handle-success	Install GH CLI	2026-02-21T19:17:51.4945848Z ##[group]Run type -p curl >/dev/null || (sudo apt-get update && sudo apt-get install curl -y)
handle-success	Install GH CLI	2026-02-21T19:17:51.4946532Z [36;1mtype -p curl >/dev/null || (sudo apt-get update && sudo apt-get install curl -y)[0m
handle-success	Install GH CLI	2026-02-21T19:17:51.4947408Z [36;1mcurl -fsSL https://cli.github.com/packages/githubcli-archive-keyring.gpg | sudo dd of=/usr/share/keyrings/githubcli-archive-keyring.gpg \[0m
handle-success	Install GH CLI	2026-02-21T19:17:51.4948237Z [36;1m&& sudo chmod go+r /usr/share/keyrings/githubcli-archive-keyring.gpg \[0m
handle-success	Install GH CLI	2026-02-21T19:17:51.4949546Z [36;1m&& echo "deb [arch=$(dpkg --print-architecture) signed-by=/usr/share/keyrings/githubcli-archive-keyring.gpg] https://cli.github.com/packages stable main" | sudo tee /etc/apt/sources.list.d/github-cli.list > /dev/null \[0m
handle-success	Install GH CLI	2026-02-21T19:17:51.4950597Z [36;1m&& sudo apt-get update \[0m
handle-success	Install GH CLI	2026-02-21T19:17:51.4950873Z [36;1m&& sudo apt-get install gh -y[0m
handle-success	Install GH CLI	2026-02-21T19:17:51.4964921Z shell: /usr/bin/bash --noprofile --norc -e -o pipefail {0}
handle-success	Install GH CLI	2026-02-21T19:17:51.4965269Z env:
handle-success	Install GH CLI	2026-02-21T19:17:51.4965692Z   GH_TOKEN: ***
handle-success	Install GH CLI	2026-02-21T19:17:51.4965889Z ##[endgroup]
handle-success	Install GH CLI	2026-02-21T19:17:51.7139610Z 4+1 records in
handle-success	Install GH CLI	2026-02-21T19:17:51.7139882Z 4+1 records out
handle-success	Install GH CLI	2026-02-21T19:17:51.7140160Z 2270 bytes (2.3 kB, 2.2 KiB) copied, 0.196291 s, 11.6 kB/s
handle-success	Install GH CLI	2026-02-21T19:17:51.8458018Z Get:1 https://cli.github.com/packages stable InRelease [3917 B]
handle-success	Install GH CLI	2026-02-21T19:17:51.8838743Z Get:2 http://security.ubuntu.com/ubuntu noble-security InRelease [126 kB]
handle-success	Install GH CLI	2026-02-21T19:17:51.9218697Z Get:3 https://cli.github.com/packages stable/main amd64 Packages [356 B]
handle-success	Install GH CLI	2026-02-21T19:17:52.0193860Z Get:4 http://archive.ubuntu.com/ubuntu noble InRelease [256 kB]
handle-success	Install GH CLI	2026-02-21T19:17:52.0395908Z Get:5 https://ppa.launchpadcontent.net/git-core/ppa/ubuntu noble InRelease [24.3 kB]
handle-success	Install GH CLI	2026-02-21T19:17:52.1983218Z Get:6 http://security.ubuntu.com/ubuntu noble-security/restricted amd64 Packages [3196 kB]
handle-success	Install GH CLI	2026-02-21T19:17:52.2726938Z Get:7 https://ppa.launchpadcontent.net/git-core/ppa/ubuntu noble/main amd64 Packages [2992 B]
handle-success	Install GH CLI	2026-02-21T19:17:52.3946408Z Get:8 http://security.ubuntu.com/ubuntu noble-security/main amd64 Packages [1857 kB]
handle-success	Install GH CLI	2026-02-21T19:17:52.4115580Z Get:9 http://security.ubuntu.com/ubuntu noble-security/universe amd64 Packages [1207 kB]
handle-success	Install GH CLI	2026-02-21T19:17:52.4217991Z Get:10 http://security.ubuntu.com/ubuntu noble-security/multiverse amd64 Packages [34.8 kB]
handle-success	Install GH CLI	2026-02-21T19:17:52.5716257Z Get:11 http://archive.ubuntu.com/ubuntu noble-updates InRelease [126 kB]
handle-success	Install GH CLI	2026-02-21T19:17:52.7066031Z Get:12 http://archive.ubuntu.com/ubuntu noble-backports InRelease [126 kB]
handle-success	Install GH CLI	2026-02-21T19:17:52.8425840Z Get:13 http://archive.ubuntu.com/ubuntu noble/main amd64 Packages [1808 kB]
handle-success	Install GH CLI	2026-02-21T19:17:53.1595666Z Get:14 http://archive.ubuntu.com/ubuntu noble/restricted amd64 Packages [117 kB]
handle-success	Install GH CLI	2026-02-21T19:17:53.1665800Z Get:15 http://archive.ubuntu.com/ubuntu noble/multiverse amd64 Packages [331 kB]
handle-success	Install GH CLI	2026-02-21T19:17:53.1862424Z Get:16 http://archive.ubuntu.com/ubuntu noble/universe amd64 Packages [19.3 MB]
handle-success	Install GH CLI	2026-02-21T19:17:53.7397162Z Get:17 http://archive.ubuntu.com/ubuntu noble-updates/main amd64 Packages [2240 kB]
handle-success	Install GH CLI	2026-02-21T19:17:53.7726930Z Get:18 http://archive.ubuntu.com/ubuntu noble-updates/restricted amd64 Packages [3381 kB]
handle-success	Install GH CLI	2026-02-21T19:17:53.8685290Z Get:19 http://archive.ubuntu.com/ubuntu noble-updates/universe amd64 Packages [2016 kB]
handle-success	Install GH CLI	2026-02-21T19:17:53.9157310Z Get:20 http://archive.ubuntu.com/ubuntu noble-updates/multiverse amd64 Packages [38.1 kB]
handle-success	Install GH CLI	2026-02-21T19:17:53.9161490Z Get:21 http://archive.ubuntu.com/ubuntu noble-backports/universe amd64 Packages [34.6 kB]
handle-success	Install GH CLI	2026-02-21T19:17:53.9171577Z Get:22 http://archive.ubuntu.com/ubuntu noble-backports/main amd64 Packages [49.5 kB]
handle-success	Install GH CLI	2026-02-21T19:17:54.9218701Z Fetched 36.3 MB in 3s (11.7 MB/s)
handle-success	Install GH CLI	2026-02-21T19:17:55.8558246Z Reading package lists...
handle-success	Install GH CLI	2026-02-21T19:17:56.8250547Z Reading package lists...
handle-success	Install GH CLI	2026-02-21T19:17:57.0506006Z Building dependency tree...
handle-success	Install GH CLI	2026-02-21T19:17:57.0507093Z Reading state information...
handle-success	Install GH CLI	2026-02-21T19:17:57.4058696Z The following NEW packages will be installed:
handle-success	Install GH CLI	2026-02-21T19:17:57.4078523Z   gh
handle-success	Install GH CLI	2026-02-21T19:17:57.5324799Z 0 upgraded, 1 newly installed, 0 to remove and 26 not upgraded.
handle-success	Install GH CLI	2026-02-21T19:17:57.5326570Z Need to get 13.8 MB of archives.
handle-success	Install GH CLI	2026-02-21T19:17:57.5328139Z After this operation, 38.4 MB of additional disk space will be used.
handle-success	Install GH CLI	2026-02-21T19:17:57.5331316Z Get:1 https://cli.github.com/packages stable/main amd64 gh amd64 2.87.2 [13.8 MB]
handle-success	Install GH CLI	2026-02-21T19:17:58.0669091Z debconf: delaying package configuration, since apt-utils is not installed
handle-success	Install GH CLI	2026-02-21T19:17:58.1074550Z Fetched 13.8 MB in 0s (28.9 MB/s)
handle-success	Install GH CLI	2026-02-21T19:17:58.1355720Z Selecting previously unselected package gh.
handle-success	Install GH CLI	2026-02-21T19:17:58.1393199Z (Reading database ... 
handle-success	Install GH CLI	2026-02-21T19:17:58.1393469Z (Reading database ... 5%
handle-success	Install GH CLI	2026-02-21T19:17:58.1393829Z (Reading database ... 10%
handle-success	Install GH CLI	2026-02-21T19:17:58.1394357Z (Reading database ... 15%
handle-success	Install GH CLI	2026-02-21T19:17:58.1394578Z (Reading database ... 20%
handle-success	Install GH CLI	2026-02-21T19:17:58.1394790Z (Reading database ... 25%
handle-success	Install GH CLI	2026-02-21T19:17:58.1395275Z (Reading database ... 30%
handle-success	Install GH CLI	2026-02-21T19:17:58.1395617Z (Reading database ... 35%
handle-success	Install GH CLI	2026-02-21T19:17:58.1395843Z (Reading database ... 40%
handle-success	Install GH CLI	2026-02-21T19:17:58.1396072Z (Reading database ... 45%
handle-success	Install GH CLI	2026-02-21T19:17:58.1396299Z (Reading database ... 50%
handle-success	Install GH CLI	2026-02-21T19:17:58.1396518Z (Reading database ... 55%
handle-success	Install GH CLI	2026-02-21T19:17:58.1396738Z (Reading database ... 60%
handle-success	Install GH CLI	2026-02-21T19:17:58.1401785Z (Reading database ... 65%
handle-success	Install GH CLI	2026-02-21T19:17:58.1423016Z (Reading database ... 70%
handle-success	Install GH CLI	2026-02-21T19:17:58.1428593Z (Reading database ... 75%
handle-success	Install GH CLI	2026-02-21T19:17:58.1443193Z (Reading database ... 80%
handle-success	Install GH CLI	2026-02-21T19:17:58.1447925Z (Reading database ... 85%
handle-success	Install GH CLI	2026-02-21T19:17:58.1458194Z (Reading database ... 90%
handle-success	Install GH CLI	2026-02-21T19:17:58.1478045Z (Reading database ... 95%
handle-success	Install GH CLI	2026-02-21T19:17:58.1478349Z (Reading database ... 100%
handle-success	Install GH CLI	2026-02-21T19:17:58.1479658Z (Reading database ... 14385 files and directories currently installed.)
handle-success	Install GH CLI	2026-02-21T19:17:58.1484630Z Preparing to unpack .../archives/gh_2.87.2_amd64.deb ...
handle-success	Install GH CLI	2026-02-21T19:17:58.1516838Z Unpacking gh (2.87.2) ...
handle-success	Install GH CLI	2026-02-21T19:17:58.3779026Z Setting up gh (2.87.2) ...
handle-success	Trigger Cluster Audit	ï»¿2026-02-21T19:17:58.4406053Z ##[group]Run echo "ðŸ“¸ Triggering post-watchdog cluster audit..."
handle-success	Trigger Cluster Audit	2026-02-21T19:17:58.4406894Z [36;1mecho "ðŸ“¸ Triggering post-watchdog cluster audit..."[0m
handle-success	Trigger Cluster Audit	2026-02-21T19:17:58.4407616Z [36;1mgh workflow run audit-cluster-status.yml --ref main[0m
handle-success	Trigger Cluster Audit	2026-02-21T19:17:58.4427138Z shell: /usr/bin/bash -e {0}
handle-success	Trigger Cluster Audit	2026-02-21T19:17:58.4427548Z env:
handle-success	Trigger Cluster Audit	2026-02-21T19:17:58.4428173Z   GH_TOKEN: ***
handle-success	Trigger Cluster Audit	2026-02-21T19:17:58.4428495Z ##[endgroup]
handle-success	Trigger Cluster Audit	2026-02-21T19:17:58.4483356Z ðŸ“¸ Triggering post-watchdog cluster audit...
handle-success	Trigger Cluster Audit	2026-02-21T19:18:00.2117680Z https://github.com/Ka0s-Klaus/ka0s/actions/runs/22262747924
handle-success	Post Checkout Repository	ï»¿2026-02-21T19:18:00.2567636Z Post job cleanup.
handle-success	Post Checkout Repository	2026-02-21T19:18:00.3646926Z [command]/usr/bin/git version
handle-success	Post Checkout Repository	2026-02-21T19:18:00.3692978Z git version 2.52.0
handle-success	Post Checkout Repository	2026-02-21T19:18:00.3739511Z Temporarily overriding HOME='/home/runner/_work/_temp/18cfa2b4-20e0-4f13-a050-d4404fc88055' before making global git config changes
handle-success	Post Checkout Repository	2026-02-21T19:18:00.3740361Z Adding repository directory to the temporary git global config as a safe directory
handle-success	Post Checkout Repository	2026-02-21T19:18:00.3746764Z [command]/usr/bin/git config --global --add safe.directory /home/runner/_work/ka0s/ka0s
handle-success	Post Checkout Repository	2026-02-21T19:18:00.3815179Z [command]/usr/bin/git config --local --name-only --get-regexp core\.sshCommand
handle-success	Post Checkout Repository	2026-02-21T19:18:00.3862885Z [command]/usr/bin/git submodule foreach --recursive sh -c "git config --local --name-only --get-regexp 'core\.sshCommand' && git config --local --unset-all 'core.sshCommand' || :"
handle-success	Post Checkout Repository	2026-02-21T19:18:00.4197763Z [command]/usr/bin/git config --local --name-only --get-regexp http\.https\:\/\/github\.com\/\.extraheader
handle-success	Post Checkout Repository	2026-02-21T19:18:00.4227838Z http.https://github.com/.extraheader
handle-success	Post Checkout Repository	2026-02-21T19:18:00.4240951Z [command]/usr/bin/git config --local --unset-all http.https://github.com/.extraheader
handle-success	Post Checkout Repository	2026-02-21T19:18:00.4282059Z [command]/usr/bin/git submodule foreach --recursive sh -c "git config --local --name-only --get-regexp 'http\.https\:\/\/github\.com\/\.extraheader' && git config --local --unset-all 'http.https://github.com/.extraheader' || :"
handle-success	Post Checkout Repository	2026-02-21T19:18:00.4613784Z [command]/usr/bin/git config --local --name-only --get-regexp ^includeIf\.gitdir:
handle-success	Post Checkout Repository	2026-02-21T19:18:00.4658637Z [command]/usr/bin/git submodule foreach --recursive git config --local --show-origin --name-only --get-regexp remote.origin.url
handle-success	Complete job	ï»¿2026-02-21T19:18:00.5156423Z Cleaning up orphan processes
end-workflow	Set up job	ï»¿2026-02-21T19:18:11.8362450Z Current runner version: '2.331.0'
end-workflow	Set up job	2026-02-21T19:18:11.8371741Z Runner name: 'swarm-runners-scaleset-hkss5-runner-gsg74'
end-workflow	Set up job	2026-02-21T19:18:11.8372740Z Runner group name: 'Default'
end-workflow	Set up job	2026-02-21T19:18:11.8374030Z Machine name: 'swarm-runners-scaleset-hkss5-runner-gsg74'
end-workflow	Set up job	2026-02-21T19:18:11.8377935Z ##[group]GITHUB_TOKEN Permissions
end-workflow	Set up job	2026-02-21T19:18:11.8381595Z Actions: write
end-workflow	Set up job	2026-02-21T19:18:11.8382228Z Contents: read
end-workflow	Set up job	2026-02-21T19:18:11.8383012Z Metadata: read
end-workflow	Set up job	2026-02-21T19:18:11.8383611Z ##[endgroup]
end-workflow	Set up job	2026-02-21T19:18:11.8386141Z Secret source: Actions
end-workflow	Set up job	2026-02-21T19:18:11.8387005Z Prepare workflow directory
end-workflow	Set up job	2026-02-21T19:18:11.8793959Z Prepare all required actions
end-workflow	Set up job	2026-02-21T19:18:11.8847662Z Getting action download info
end-workflow	Set up job	2026-02-21T19:18:12.4695764Z Download action repository 'actions/checkout@v4' (SHA:34e114876b0b11c390a56381ad16ebd13914f8d5)
end-workflow	Set up job	2026-02-21T19:18:13.3808981Z Complete job name: end-workflow
end-workflow	Checkout Repository	ï»¿2026-02-21T19:18:13.4822836Z ##[group]Run actions/checkout@v4
end-workflow	Checkout Repository	2026-02-21T19:18:13.4824019Z with:
end-workflow	Checkout Repository	2026-02-21T19:18:13.4824493Z   fetch-depth: 0
end-workflow	Checkout Repository	2026-02-21T19:18:13.4824912Z   repository: Ka0s-Klaus/ka0s
end-workflow	Checkout Repository	2026-02-21T19:18:13.4825652Z   token: ***
end-workflow	Checkout Repository	2026-02-21T19:18:13.4826041Z   ssh-strict: true
end-workflow	Checkout Repository	2026-02-21T19:18:13.4826434Z   ssh-user: git
end-workflow	Checkout Repository	2026-02-21T19:18:13.4826834Z   persist-credentials: true
end-workflow	Checkout Repository	2026-02-21T19:18:13.4827289Z   clean: true
end-workflow	Checkout Repository	2026-02-21T19:18:13.4827692Z   sparse-checkout-cone-mode: true
end-workflow	Checkout Repository	2026-02-21T19:18:13.4828182Z   fetch-tags: false
end-workflow	Checkout Repository	2026-02-21T19:18:13.4828586Z   show-progress: true
end-workflow	Checkout Repository	2026-02-21T19:18:13.4828995Z   lfs: false
end-workflow	Checkout Repository	2026-02-21T19:18:13.4829551Z   submodules: false
end-workflow	Checkout Repository	2026-02-21T19:18:13.4829972Z   set-safe-directory: true
end-workflow	Checkout Repository	2026-02-21T19:18:13.4830915Z ##[endgroup]
end-workflow	Checkout Repository	2026-02-21T19:18:13.6257368Z Syncing repository: Ka0s-Klaus/ka0s
end-workflow	Checkout Repository	2026-02-21T19:18:13.6260193Z ##[group]Getting Git version info
end-workflow	Checkout Repository	2026-02-21T19:18:13.6260889Z Working directory is '/home/runner/_work/ka0s/ka0s'
end-workflow	Checkout Repository	2026-02-21T19:18:13.6261935Z [command]/usr/bin/git version
end-workflow	Checkout Repository	2026-02-21T19:18:13.6262489Z git version 2.52.0
end-workflow	Checkout Repository	2026-02-21T19:18:13.6264000Z ##[endgroup]
end-workflow	Checkout Repository	2026-02-21T19:18:13.6278649Z Temporarily overriding HOME='/home/runner/_work/_temp/0796f8f5-9e28-4eae-a6bc-e9e4b8b55cf5' before making global git config changes
end-workflow	Checkout Repository	2026-02-21T19:18:13.6287425Z Adding repository directory to the temporary git global config as a safe directory
end-workflow	Checkout Repository	2026-02-21T19:18:13.6288514Z [command]/usr/bin/git config --global --add safe.directory /home/runner/_work/ka0s/ka0s
end-workflow	Checkout Repository	2026-02-21T19:18:13.6297584Z Deleting the contents of '/home/runner/_work/ka0s/ka0s'
end-workflow	Checkout Repository	2026-02-21T19:18:13.6298662Z ##[group]Initializing the repository
end-workflow	Checkout Repository	2026-02-21T19:18:13.6302671Z [command]/usr/bin/git init /home/runner/_work/ka0s/ka0s
end-workflow	Checkout Repository	2026-02-21T19:18:13.6365365Z hint: Using 'master' as the name for the initial branch. This default branch name
end-workflow	Checkout Repository	2026-02-21T19:18:13.6370594Z hint: will change to "main" in Git 3.0. To configure the initial branch name
end-workflow	Checkout Repository	2026-02-21T19:18:13.6371548Z hint: to use in all of your new repositories, which will suppress this warning,
end-workflow	Checkout Repository	2026-02-21T19:18:13.6372304Z hint: call:
end-workflow	Checkout Repository	2026-02-21T19:18:13.6372827Z hint:
end-workflow	Checkout Repository	2026-02-21T19:18:13.6373714Z hint: 	git config --global init.defaultBranch <name>
end-workflow	Checkout Repository	2026-02-21T19:18:13.6374289Z hint:
end-workflow	Checkout Repository	2026-02-21T19:18:13.6374841Z hint: Names commonly chosen instead of 'master' are 'main', 'trunk' and
end-workflow	Checkout Repository	2026-02-21T19:18:13.6375746Z hint: 'development'. The just-created branch can be renamed via this command:
end-workflow	Checkout Repository	2026-02-21T19:18:13.6376453Z hint:
end-workflow	Checkout Repository	2026-02-21T19:18:13.6376844Z hint: 	git branch -m <name>
end-workflow	Checkout Repository	2026-02-21T19:18:13.6377284Z hint:
end-workflow	Checkout Repository	2026-02-21T19:18:13.6378051Z hint: Disable this message with "git config set advice.defaultBranchName false"
end-workflow	Checkout Repository	2026-02-21T19:18:13.6379007Z Initialized empty Git repository in /home/runner/_work/ka0s/ka0s/.git/
end-workflow	Checkout Repository	2026-02-21T19:18:13.6383185Z [command]/usr/bin/git remote add origin https://github.com/Ka0s-Klaus/ka0s
end-workflow	Checkout Repository	2026-02-21T19:18:13.6431312Z ##[endgroup]
end-workflow	Checkout Repository	2026-02-21T19:18:13.6432170Z ##[group]Disabling automatic garbage collection
end-workflow	Checkout Repository	2026-02-21T19:18:13.6433327Z [command]/usr/bin/git config --local gc.auto 0
end-workflow	Checkout Repository	2026-02-21T19:18:13.6482087Z ##[endgroup]
end-workflow	Checkout Repository	2026-02-21T19:18:13.6483319Z ##[group]Setting up auth
end-workflow	Checkout Repository	2026-02-21T19:18:13.6485776Z [command]/usr/bin/git config --local --name-only --get-regexp core\.sshCommand
end-workflow	Checkout Repository	2026-02-21T19:18:13.6530681Z [command]/usr/bin/git submodule foreach --recursive sh -c "git config --local --name-only --get-regexp 'core\.sshCommand' && git config --local --unset-all 'core.sshCommand' || :"
end-workflow	Checkout Repository	2026-02-21T19:18:13.6855533Z [command]/usr/bin/git config --local --name-only --get-regexp http\.https\:\/\/github\.com\/\.extraheader
end-workflow	Checkout Repository	2026-02-21T19:18:13.6900571Z [command]/usr/bin/git submodule foreach --recursive sh -c "git config --local --name-only --get-regexp 'http\.https\:\/\/github\.com\/\.extraheader' && git config --local --unset-all 'http.https://github.com/.extraheader' || :"
end-workflow	Checkout Repository	2026-02-21T19:18:13.7280083Z [command]/usr/bin/git config --local --name-only --get-regexp ^includeIf\.gitdir:
end-workflow	Checkout Repository	2026-02-21T19:18:13.7342953Z [command]/usr/bin/git submodule foreach --recursive git config --local --show-origin --name-only --get-regexp remote.origin.url
end-workflow	Checkout Repository	2026-02-21T19:18:13.7677215Z [command]/usr/bin/git config --local http.https://github.com/.extraheader AUTHORIZATION: basic ***
end-workflow	Checkout Repository	2026-02-21T19:18:13.7790332Z ##[endgroup]
end-workflow	Checkout Repository	2026-02-21T19:18:13.7791337Z ##[group]Fetching the repository
end-workflow	Checkout Repository	2026-02-21T19:18:13.7799643Z [command]/usr/bin/git -c protocol.version=2 fetch --prune --no-recurse-submodules origin +refs/heads/*:refs/remotes/origin/* +refs/tags/*:refs/tags/*
end-workflow	Checkout Repository	2026-02-21T19:18:32.6002469Z From https://github.com/Ka0s-Klaus/ka0s
end-workflow	Checkout Repository	2026-02-21T19:18:32.6003209Z  * [new branch]          F3450-modelo-operativo -> origin/F3450-modelo-operativo
end-workflow	Checkout Repository	2026-02-21T19:18:32.6003839Z  * [new branch]          H1276-modulo-observabilidad -> origin/H1276-modulo-observabilidad
end-workflow	Checkout Repository	2026-02-21T19:18:32.6009963Z  * [new branch]          H3596-deploy-itop      -> origin/H3596-deploy-itop
end-workflow	Checkout Repository	2026-02-21T19:18:32.6010570Z  * [new branch]          main                   -> origin/main
end-workflow	Checkout Repository	2026-02-21T19:18:32.6011054Z  * [new tag]             0.0.0                  -> 0.0.0
end-workflow	Checkout Repository	2026-02-21T19:18:32.6011507Z  * [new tag]             0.0.1                  -> 0.0.1
end-workflow	Checkout Repository	2026-02-21T19:18:32.6011928Z  * [new tag]             0.0.10                 -> 0.0.10
end-workflow	Checkout Repository	2026-02-21T19:18:32.6012338Z  * [new tag]             0.0.100                -> 0.0.100
end-workflow	Checkout Repository	2026-02-21T19:18:32.6012731Z  * [new tag]             0.0.101                -> 0.0.101
end-workflow	Checkout Repository	2026-02-21T19:18:32.6013119Z  * [new tag]             0.0.102                -> 0.0.102
end-workflow	Checkout Repository	2026-02-21T19:18:32.6013582Z  * [new tag]             0.0.103                -> 0.0.103
end-workflow	Checkout Repository	2026-02-21T19:18:32.6013976Z  * [new tag]             0.0.104                -> 0.0.104
end-workflow	Checkout Repository	2026-02-21T19:18:32.6014359Z  * [new tag]             0.0.105                -> 0.0.105
end-workflow	Checkout Repository	2026-02-21T19:18:32.6014831Z  * [new tag]             0.0.106                -> 0.0.106
end-workflow	Checkout Repository	2026-02-21T19:18:32.6015239Z  * [new tag]             0.0.107                -> 0.0.107
end-workflow	Checkout Repository	2026-02-21T19:18:32.6015735Z  * [new tag]             0.0.108                -> 0.0.108
end-workflow	Checkout Repository	2026-02-21T19:18:32.6016121Z  * [new tag]             0.0.109                -> 0.0.109
end-workflow	Checkout Repository	2026-02-21T19:18:32.6016491Z  * [new tag]             0.0.11                 -> 0.0.11
end-workflow	Checkout Repository	2026-02-21T19:18:32.6016864Z  * [new tag]             0.0.110                -> 0.0.110
end-workflow	Checkout Repository	2026-02-21T19:18:32.6017229Z  * [new tag]             0.0.111                -> 0.0.111
end-workflow	Checkout Repository	2026-02-21T19:18:32.6017606Z  * [new tag]             0.0.112                -> 0.0.112
end-workflow	Checkout Repository	2026-02-21T19:18:32.6017974Z  * [new tag]             0.0.113                -> 0.0.113
end-workflow	Checkout Repository	2026-02-21T19:18:32.6018479Z  * [new tag]             0.0.114                -> 0.0.114
end-workflow	Checkout Repository	2026-02-21T19:18:32.6018897Z  * [new tag]             0.0.115                -> 0.0.115
end-workflow	Checkout Repository	2026-02-21T19:18:32.6019445Z  * [new tag]             0.0.116                -> 0.0.116
end-workflow	Checkout Repository	2026-02-21T19:18:32.6020209Z  * [new tag]             0.0.117                -> 0.0.117
end-workflow	Checkout Repository	2026-02-21T19:18:32.6020716Z  * [new tag]             0.0.118                -> 0.0.118
end-workflow	Checkout Repository	2026-02-21T19:18:32.6021248Z  * [new tag]             0.0.119                -> 0.0.119
end-workflow	Checkout Repository	2026-02-21T19:18:32.6021748Z  * [new tag]             0.0.12                 -> 0.0.12
end-workflow	Checkout Repository	2026-02-21T19:18:32.6022727Z  * [new tag]             0.0.120                -> 0.0.120
end-workflow	Checkout Repository	2026-02-21T19:18:32.6023118Z  * [new tag]             0.0.121                -> 0.0.121
end-workflow	Checkout Repository	2026-02-21T19:18:32.6023494Z  * [new tag]             0.0.122                -> 0.0.122
end-workflow	Checkout Repository	2026-02-21T19:18:32.6023872Z  * [new tag]             0.0.123                -> 0.0.123
end-workflow	Checkout Repository	2026-02-21T19:18:32.6024245Z  * [new tag]             0.0.124                -> 0.0.124
end-workflow	Checkout Repository	2026-02-21T19:18:32.6024624Z  * [new tag]             0.0.125                -> 0.0.125
end-workflow	Checkout Repository	2026-02-21T19:18:32.6024999Z  * [new tag]             0.0.126                -> 0.0.126
end-workflow	Checkout Repository	2026-02-21T19:18:32.6025380Z  * [new tag]             0.0.127                -> 0.0.127
end-workflow	Checkout Repository	2026-02-21T19:18:32.6025759Z  * [new tag]             0.0.128                -> 0.0.128
end-workflow	Checkout Repository	2026-02-21T19:18:32.6026130Z  * [new tag]             0.0.129                -> 0.0.129
end-workflow	Checkout Repository	2026-02-21T19:18:32.6026511Z  * [new tag]             0.0.13                 -> 0.0.13
end-workflow	Checkout Repository	2026-02-21T19:18:32.6027179Z  * [new tag]             0.0.130                -> 0.0.130
end-workflow	Checkout Repository	2026-02-21T19:18:32.6027695Z  * [new tag]             0.0.131                -> 0.0.131
end-workflow	Checkout Repository	2026-02-21T19:18:32.6028060Z  * [new tag]             0.0.132                -> 0.0.132
end-workflow	Checkout Repository	2026-02-21T19:18:32.6028432Z  * [new tag]             0.0.133                -> 0.0.133
end-workflow	Checkout Repository	2026-02-21T19:18:32.6028796Z  * [new tag]             0.0.134                -> 0.0.134
end-workflow	Checkout Repository	2026-02-21T19:18:32.6029383Z  * [new tag]             0.0.135                -> 0.0.135
end-workflow	Checkout Repository	2026-02-21T19:18:32.6029776Z  * [new tag]             0.0.136                -> 0.0.136
end-workflow	Checkout Repository	2026-02-21T19:18:32.6030151Z  * [new tag]             0.0.137                -> 0.0.137
end-workflow	Checkout Repository	2026-02-21T19:18:32.6030539Z  * [new tag]             0.0.138                -> 0.0.138
end-workflow	Checkout Repository	2026-02-21T19:18:32.6030914Z  * [new tag]             0.0.139                -> 0.0.139
end-workflow	Checkout Repository	2026-02-21T19:18:32.6031292Z  * [new tag]             0.0.14                 -> 0.0.14
end-workflow	Checkout Repository	2026-02-21T19:18:32.6031696Z  * [new tag]             0.0.140                -> 0.0.140
end-workflow	Checkout Repository	2026-02-21T19:18:32.6032075Z  * [new tag]             0.0.141                -> 0.0.141
end-workflow	Checkout Repository	2026-02-21T19:18:32.6032511Z  * [new tag]             0.0.142                -> 0.0.142
end-workflow	Checkout Repository	2026-02-21T19:18:32.6032888Z  * [new tag]             0.0.143                -> 0.0.143
end-workflow	Checkout Repository	2026-02-21T19:18:32.6033268Z  * [new tag]             0.0.144                -> 0.0.144
end-workflow	Checkout Repository	2026-02-21T19:18:32.6033652Z  * [new tag]             0.0.145                -> 0.0.145
end-workflow	Checkout Repository	2026-02-21T19:18:32.6034027Z  * [new tag]             0.0.146                -> 0.0.146
end-workflow	Checkout Repository	2026-02-21T19:18:32.6034407Z  * [new tag]             0.0.147                -> 0.0.147
end-workflow	Checkout Repository	2026-02-21T19:18:32.6034783Z  * [new tag]             0.0.148                -> 0.0.148
end-workflow	Checkout Repository	2026-02-21T19:18:32.6035166Z  * [new tag]             0.0.149                -> 0.0.149
end-workflow	Checkout Repository	2026-02-21T19:18:32.6035538Z  * [new tag]             0.0.15                 -> 0.0.15
end-workflow	Checkout Repository	2026-02-21T19:18:32.6035918Z  * [new tag]             0.0.150                -> 0.0.150
end-workflow	Checkout Repository	2026-02-21T19:18:32.6036326Z  * [new tag]             0.0.151                -> 0.0.151
end-workflow	Checkout Repository	2026-02-21T19:18:32.6036721Z  * [new tag]             0.0.152                -> 0.0.152
end-workflow	Checkout Repository	2026-02-21T19:18:32.6037104Z  * [new tag]             0.0.153                -> 0.0.153
end-workflow	Checkout Repository	2026-02-21T19:18:32.6037486Z  * [new tag]             0.0.154                -> 0.0.154
end-workflow	Checkout Repository	2026-02-21T19:18:32.6037860Z  * [new tag]             0.0.155                -> 0.0.155
end-workflow	Checkout Repository	2026-02-21T19:18:32.6038239Z  * [new tag]             0.0.156                -> 0.0.156
end-workflow	Checkout Repository	2026-02-21T19:18:32.6038612Z  * [new tag]             0.0.157                -> 0.0.157
end-workflow	Checkout Repository	2026-02-21T19:18:32.6038992Z  * [new tag]             0.0.158                -> 0.0.158
end-workflow	Checkout Repository	2026-02-21T19:18:32.6039536Z  * [new tag]             0.0.159                -> 0.0.159
end-workflow	Checkout Repository	2026-02-21T19:18:32.6039924Z  * [new tag]             0.0.16                 -> 0.0.16
end-workflow	Checkout Repository	2026-02-21T19:18:32.6040304Z  * [new tag]             0.0.160                -> 0.0.160
end-workflow	Checkout Repository	2026-02-21T19:18:32.6040797Z  * [new tag]             0.0.161                -> 0.0.161
end-workflow	Checkout Repository	2026-02-21T19:18:32.6041395Z  * [new tag]             0.0.162                -> 0.0.162
end-workflow	Checkout Repository	2026-02-21T19:18:32.6041767Z  * [new tag]             0.0.163                -> 0.0.163
end-workflow	Checkout Repository	2026-02-21T19:18:32.6042269Z  * [new tag]             0.0.164                -> 0.0.164
end-workflow	Checkout Repository	2026-02-21T19:18:32.6043013Z  * [new tag]             0.0.165                -> 0.0.165
end-workflow	Checkout Repository	2026-02-21T19:18:32.6043635Z  * [new tag]             0.0.166                -> 0.0.166
end-workflow	Checkout Repository	2026-02-21T19:18:32.6044262Z  * [new tag]             0.0.167                -> 0.0.167
end-workflow	Checkout Repository	2026-02-21T19:18:32.6044759Z  * [new tag]             0.0.168                -> 0.0.168
end-workflow	Checkout Repository	2026-02-21T19:18:32.6045137Z  * [new tag]             0.0.169                -> 0.0.169
end-workflow	Checkout Repository	2026-02-21T19:18:32.6045510Z  * [new tag]             0.0.17                 -> 0.0.17
end-workflow	Checkout Repository	2026-02-21T19:18:32.6045885Z  * [new tag]             0.0.170                -> 0.0.170
end-workflow	Checkout Repository	2026-02-21T19:18:32.6046264Z  * [new tag]             0.0.171                -> 0.0.171
end-workflow	Checkout Repository	2026-02-21T19:18:32.6046847Z  * [new tag]             0.0.172                -> 0.0.172
end-workflow	Checkout Repository	2026-02-21T19:18:32.6047234Z  * [new tag]             0.0.173                -> 0.0.173
end-workflow	Checkout Repository	2026-02-21T19:18:32.6047609Z  * [new tag]             0.0.174                -> 0.0.174
end-workflow	Checkout Repository	2026-02-21T19:18:32.6047988Z  * [new tag]             0.0.175                -> 0.0.175
end-workflow	Checkout Repository	2026-02-21T19:18:32.6048358Z  * [new tag]             0.0.176                -> 0.0.176
end-workflow	Checkout Repository	2026-02-21T19:18:32.6048734Z  * [new tag]             0.0.177                -> 0.0.177
end-workflow	Checkout Repository	2026-02-21T19:18:32.6049434Z  * [new tag]             0.0.178                -> 0.0.178
end-workflow	Checkout Repository	2026-02-21T19:18:32.6049836Z  * [new tag]             0.0.179                -> 0.0.179
end-workflow	Checkout Repository	2026-02-21T19:18:32.6050211Z  * [new tag]             0.0.18                 -> 0.0.18
end-workflow	Checkout Repository	2026-02-21T19:18:32.6050580Z  * [new tag]             0.0.19                 -> 0.0.19
end-workflow	Checkout Repository	2026-02-21T19:18:32.6050956Z  * [new tag]             0.0.2                  -> 0.0.2
end-workflow	Checkout Repository	2026-02-21T19:18:32.6051461Z  * [new tag]             0.0.20                 -> 0.0.20
end-workflow	Checkout Repository	2026-02-21T19:18:32.6051854Z  * [new tag]             0.0.21                 -> 0.0.21
end-workflow	Checkout Repository	2026-02-21T19:18:32.6052235Z  * [new tag]             0.0.22                 -> 0.0.22
end-workflow	Checkout Repository	2026-02-21T19:18:32.6052608Z  * [new tag]             0.0.23                 -> 0.0.23
end-workflow	Checkout Repository	2026-02-21T19:18:32.6052981Z  * [new tag]             0.0.24                 -> 0.0.24
end-workflow	Checkout Repository	2026-02-21T19:18:32.6053348Z  * [new tag]             0.0.25                 -> 0.0.25
end-workflow	Checkout Repository	2026-02-21T19:18:32.6053721Z  * [new tag]             0.0.26                 -> 0.0.26
end-workflow	Checkout Repository	2026-02-21T19:18:32.6054093Z  * [new tag]             0.0.27                 -> 0.0.27
end-workflow	Checkout Repository	2026-02-21T19:18:32.6054464Z  * [new tag]             0.0.28                 -> 0.0.28
end-workflow	Checkout Repository	2026-02-21T19:18:32.6054836Z  * [new tag]             0.0.29                 -> 0.0.29
end-workflow	Checkout Repository	2026-02-21T19:18:32.6076262Z  * [new tag]             0.0.3                  -> 0.0.3
end-workflow	Checkout Repository	2026-02-21T19:18:32.6076991Z  * [new tag]             0.0.30                 -> 0.0.30
end-workflow	Checkout Repository	2026-02-21T19:18:32.6077377Z  * [new tag]             0.0.31                 -> 0.0.31
end-workflow	Checkout Repository	2026-02-21T19:18:32.6077788Z  * [new tag]             0.0.32                 -> 0.0.32
end-workflow	Checkout Repository	2026-02-21T19:18:32.6078175Z  * [new tag]             0.0.33                 -> 0.0.33
end-workflow	Checkout Repository	2026-02-21T19:18:32.6078557Z  * [new tag]             0.0.34                 -> 0.0.34
end-workflow	Checkout Repository	2026-02-21T19:18:32.6078931Z  * [new tag]             0.0.35                 -> 0.0.35
end-workflow	Checkout Repository	2026-02-21T19:18:32.6091289Z  * [new tag]             0.0.36                 -> 0.0.36
end-workflow	Checkout Repository	2026-02-21T19:18:32.6091744Z  * [new tag]             0.0.37                 -> 0.0.37
end-workflow	Checkout Repository	2026-02-21T19:18:32.6092105Z  * [new tag]             0.0.38                 -> 0.0.38
end-workflow	Checkout Repository	2026-02-21T19:18:32.6092462Z  * [new tag]             0.0.39                 -> 0.0.39
end-workflow	Checkout Repository	2026-02-21T19:18:32.6092817Z  * [new tag]             0.0.4                  -> 0.0.4
end-workflow	Checkout Repository	2026-02-21T19:18:32.6093172Z  * [new tag]             0.0.40                 -> 0.0.40
end-workflow	Checkout Repository	2026-02-21T19:18:32.6093528Z  * [new tag]             0.0.41                 -> 0.0.41
end-workflow	Checkout Repository	2026-02-21T19:18:32.6093910Z  * [new tag]             0.0.42                 -> 0.0.42
end-workflow	Checkout Repository	2026-02-21T19:18:32.6094571Z  * [new tag]             0.0.43                 -> 0.0.43
end-workflow	Checkout Repository	2026-02-21T19:18:32.6094921Z  * [new tag]             0.0.44                 -> 0.0.44
end-workflow	Checkout Repository	2026-02-21T19:18:32.6095272Z  * [new tag]             0.0.45                 -> 0.0.45
end-workflow	Checkout Repository	2026-02-21T19:18:32.6095621Z  * [new tag]             0.0.46                 -> 0.0.46
end-workflow	Checkout Repository	2026-02-21T19:18:32.6095975Z  * [new tag]             0.0.47                 -> 0.0.47
end-workflow	Checkout Repository	2026-02-21T19:18:32.6096328Z  * [new tag]             0.0.48                 -> 0.0.48
end-workflow	Checkout Repository	2026-02-21T19:18:32.6096678Z  * [new tag]             0.0.49                 -> 0.0.49
end-workflow	Checkout Repository	2026-02-21T19:18:32.6097031Z  * [new tag]             0.0.5                  -> 0.0.5
end-workflow	Checkout Repository	2026-02-21T19:18:32.6097379Z  * [new tag]             0.0.50                 -> 0.0.50
end-workflow	Checkout Repository	2026-02-21T19:18:32.6097733Z  * [new tag]             0.0.51                 -> 0.0.51
end-workflow	Checkout Repository	2026-02-21T19:18:32.6098083Z  * [new tag]             0.0.52                 -> 0.0.52
end-workflow	Checkout Repository	2026-02-21T19:18:32.6098649Z  * [new tag]             0.0.53                 -> 0.0.53
end-workflow	Checkout Repository	2026-02-21T19:18:32.6099014Z  * [new tag]             0.0.54                 -> 0.0.54
end-workflow	Checkout Repository	2026-02-21T19:18:32.6099674Z  * [new tag]             0.0.55                 -> 0.0.55
end-workflow	Checkout Repository	2026-02-21T19:18:32.6100182Z  * [new tag]             0.0.56                 -> 0.0.56
end-workflow	Checkout Repository	2026-02-21T19:18:32.6100660Z  * [new tag]             0.0.57                 -> 0.0.57
end-workflow	Checkout Repository	2026-02-21T19:18:32.6101009Z  * [new tag]             0.0.58                 -> 0.0.58
end-workflow	Checkout Repository	2026-02-21T19:18:32.6101357Z  * [new tag]             0.0.59                 -> 0.0.59
end-workflow	Checkout Repository	2026-02-21T19:18:32.6101711Z  * [new tag]             0.0.6                  -> 0.0.6
end-workflow	Checkout Repository	2026-02-21T19:18:32.6102058Z  * [new tag]             0.0.60                 -> 0.0.60
end-workflow	Checkout Repository	2026-02-21T19:18:32.6102410Z  * [new tag]             0.0.61                 -> 0.0.61
end-workflow	Checkout Repository	2026-02-21T19:18:32.6102763Z  * [new tag]             0.0.62                 -> 0.0.62
end-workflow	Checkout Repository	2026-02-21T19:18:32.6103111Z  * [new tag]             0.0.63                 -> 0.0.63
end-workflow	Checkout Repository	2026-02-21T19:18:32.6103473Z  * [new tag]             0.0.64                 -> 0.0.64
end-workflow	Checkout Repository	2026-02-21T19:18:32.6103832Z  * [new tag]             0.0.65                 -> 0.0.65
end-workflow	Checkout Repository	2026-02-21T19:18:32.6104185Z  * [new tag]             0.0.66                 -> 0.0.66
end-workflow	Checkout Repository	2026-02-21T19:18:32.6104538Z  * [new tag]             0.0.67                 -> 0.0.67
end-workflow	Checkout Repository	2026-02-21T19:18:32.6104891Z  * [new tag]             0.0.68                 -> 0.0.68
end-workflow	Checkout Repository	2026-02-21T19:18:32.6105241Z  * [new tag]             0.0.69                 -> 0.0.69
end-workflow	Checkout Repository	2026-02-21T19:18:32.6105591Z  * [new tag]             0.0.7                  -> 0.0.7
end-workflow	Checkout Repository	2026-02-21T19:18:32.6106091Z  * [new tag]             0.0.70                 -> 0.0.70
end-workflow	Checkout Repository	2026-02-21T19:18:32.6106453Z  * [new tag]             0.0.71                 -> 0.0.71
end-workflow	Checkout Repository	2026-02-21T19:18:32.6106816Z  * [new tag]             0.0.72                 -> 0.0.72
end-workflow	Checkout Repository	2026-02-21T19:18:32.6107172Z  * [new tag]             0.0.73                 -> 0.0.73
end-workflow	Checkout Repository	2026-02-21T19:18:32.6107535Z  * [new tag]             0.0.74                 -> 0.0.74
end-workflow	Checkout Repository	2026-02-21T19:18:32.6108259Z  * [new tag]             0.0.75                 -> 0.0.75
end-workflow	Checkout Repository	2026-02-21T19:18:32.6108641Z  * [new tag]             0.0.76                 -> 0.0.76
end-workflow	Checkout Repository	2026-02-21T19:18:32.6109012Z  * [new tag]             0.0.77                 -> 0.0.77
end-workflow	Checkout Repository	2026-02-21T19:18:32.6109491Z  * [new tag]             0.0.78                 -> 0.0.78
end-workflow	Checkout Repository	2026-02-21T19:18:32.6109994Z  * [new tag]             0.0.79                 -> 0.0.79
end-workflow	Checkout Repository	2026-02-21T19:18:32.6110359Z  * [new tag]             0.0.8                  -> 0.0.8
end-workflow	Checkout Repository	2026-02-21T19:18:32.6110858Z  * [new tag]             0.0.80                 -> 0.0.80
end-workflow	Checkout Repository	2026-02-21T19:18:32.6111362Z  * [new tag]             0.0.81                 -> 0.0.81
end-workflow	Checkout Repository	2026-02-21T19:18:32.6111731Z  * [new tag]             0.0.82                 -> 0.0.82
end-workflow	Checkout Repository	2026-02-21T19:18:32.6112205Z  * [new tag]             0.0.83                 -> 0.0.83
end-workflow	Checkout Repository	2026-02-21T19:18:32.6112561Z  * [new tag]             0.0.84                 -> 0.0.84
end-workflow	Checkout Repository	2026-02-21T19:18:32.6113057Z  * [new tag]             0.0.85                 -> 0.0.85
end-workflow	Checkout Repository	2026-02-21T19:18:32.6113845Z  * [new tag]             0.0.86                 -> 0.0.86
end-workflow	Checkout Repository	2026-02-21T19:18:32.6114333Z  * [new tag]             0.0.87                 -> 0.0.87
end-workflow	Checkout Repository	2026-02-21T19:18:32.6114688Z  * [new tag]             0.0.88                 -> 0.0.88
end-workflow	Checkout Repository	2026-02-21T19:18:32.6115043Z  * [new tag]             0.0.89                 -> 0.0.89
end-workflow	Checkout Repository	2026-02-21T19:18:32.6115394Z  * [new tag]             0.0.9                  -> 0.0.9
end-workflow	Checkout Repository	2026-02-21T19:18:32.6115752Z  * [new tag]             0.0.90                 -> 0.0.90
end-workflow	Checkout Repository	2026-02-21T19:18:32.6116106Z  * [new tag]             0.0.91                 -> 0.0.91
end-workflow	Checkout Repository	2026-02-21T19:18:32.6116457Z  * [new tag]             0.0.92                 -> 0.0.92
end-workflow	Checkout Repository	2026-02-21T19:18:32.6116813Z  * [new tag]             0.0.93                 -> 0.0.93
end-workflow	Checkout Repository	2026-02-21T19:18:32.6117167Z  * [new tag]             0.0.94                 -> 0.0.94
end-workflow	Checkout Repository	2026-02-21T19:18:32.6117523Z  * [new tag]             0.0.95                 -> 0.0.95
end-workflow	Checkout Repository	2026-02-21T19:18:32.6118081Z  * [new tag]             0.0.96                 -> 0.0.96
end-workflow	Checkout Repository	2026-02-21T19:18:32.6118445Z  * [new tag]             0.0.97                 -> 0.0.97
end-workflow	Checkout Repository	2026-02-21T19:18:32.6118800Z  * [new tag]             0.0.98                 -> 0.0.98
end-workflow	Checkout Repository	2026-02-21T19:18:32.6119641Z  * [new tag]             0.0.99                 -> 0.0.99
end-workflow	Checkout Repository	2026-02-21T19:18:32.6120278Z  * [new tag]             0.1.0                  -> 0.1.0
end-workflow	Checkout Repository	2026-02-21T19:18:32.6120629Z  * [new tag]             0.1.1                  -> 0.1.1
end-workflow	Checkout Repository	2026-02-21T19:18:32.6120983Z  * [new tag]             0.2.0                  -> 0.2.0
end-workflow	Checkout Repository	2026-02-21T19:18:32.6121333Z  * [new tag]             0.3.0                  -> 0.3.0
end-workflow	Checkout Repository	2026-02-21T19:18:32.6121684Z  * [new tag]             0.3.1                  -> 0.3.1
end-workflow	Checkout Repository	2026-02-21T19:18:32.6122040Z  * [new tag]             0.3.10                 -> 0.3.10
end-workflow	Checkout Repository	2026-02-21T19:18:32.6122396Z  * [new tag]             0.3.11                 -> 0.3.11
end-workflow	Checkout Repository	2026-02-21T19:18:32.6122753Z  * [new tag]             0.3.12                 -> 0.3.12
end-workflow	Checkout Repository	2026-02-21T19:18:32.6123147Z  * [new tag]             0.3.13                 -> 0.3.13
end-workflow	Checkout Repository	2026-02-21T19:18:32.6123806Z  * [new tag]             0.3.14                 -> 0.3.14
end-workflow	Checkout Repository	2026-02-21T19:18:32.6124178Z  * [new tag]             0.3.15                 -> 0.3.15
end-workflow	Checkout Repository	2026-02-21T19:18:32.6124539Z  * [new tag]             0.3.16                 -> 0.3.16
end-workflow	Checkout Repository	2026-02-21T19:18:32.6125017Z  * [new tag]             0.3.17                 -> 0.3.17
end-workflow	Checkout Repository	2026-02-21T19:18:32.6125376Z  * [new tag]             0.3.2                  -> 0.3.2
end-workflow	Checkout Repository	2026-02-21T19:18:32.6125723Z  * [new tag]             0.3.3                  -> 0.3.3
end-workflow	Checkout Repository	2026-02-21T19:18:32.6126076Z  * [new tag]             0.3.4                  -> 0.3.4
end-workflow	Checkout Repository	2026-02-21T19:18:32.6126427Z  * [new tag]             0.3.5                  -> 0.3.5
end-workflow	Checkout Repository	2026-02-21T19:18:32.6126780Z  * [new tag]             0.3.6                  -> 0.3.6
end-workflow	Checkout Repository	2026-02-21T19:18:32.6127127Z  * [new tag]             0.3.7                  -> 0.3.7
end-workflow	Checkout Repository	2026-02-21T19:18:32.6127481Z  * [new tag]             0.3.8                  -> 0.3.8
end-workflow	Checkout Repository	2026-02-21T19:18:32.6127844Z  * [new tag]             0.3.9                  -> 0.3.9
end-workflow	Checkout Repository	2026-02-21T19:18:32.6128201Z  * [new tag]             0.4.0                  -> 0.4.0
end-workflow	Checkout Repository	2026-02-21T19:18:32.6128554Z  * [new tag]             0.4.1                  -> 0.4.1
end-workflow	Checkout Repository	2026-02-21T19:18:32.6128899Z  * [new tag]             0.4.2                  -> 0.4.2
end-workflow	Checkout Repository	2026-02-21T19:18:32.6129478Z  * [new tag]             0.4.3                  -> 0.4.3
end-workflow	Checkout Repository	2026-02-21T19:18:32.6130115Z  * [new tag]             0.4.4                  -> 0.4.4
end-workflow	Checkout Repository	2026-02-21T19:18:32.6130475Z  * [new tag]             0.4.5                  -> 0.4.5
end-workflow	Checkout Repository	2026-02-21T19:18:32.6130952Z  * [new tag]             0.4.6                  -> 0.4.6
end-workflow	Checkout Repository	2026-02-21T19:18:32.6131300Z  * [new tag]             0.4.7                  -> 0.4.7
end-workflow	Checkout Repository	2026-02-21T19:18:32.6131651Z  * [new tag]             0.4.8                  -> 0.4.8
end-workflow	Checkout Repository	2026-02-21T19:18:32.6132000Z  * [new tag]             0.4.9                  -> 0.4.9
end-workflow	Checkout Repository	2026-02-21T19:18:32.6132355Z  * [new tag]             0.5.0                  -> 0.5.0
end-workflow	Checkout Repository	2026-02-21T19:18:32.6132712Z  * [new tag]             0.5.1                  -> 0.5.1
end-workflow	Checkout Repository	2026-02-21T19:18:32.6133279Z  * [new tag]             0.5.2                  -> 0.5.2
end-workflow	Checkout Repository	2026-02-21T19:18:32.6133632Z  * [new tag]             0.6.0                  -> 0.6.0
end-workflow	Checkout Repository	2026-02-21T19:18:32.6133979Z  * [new tag]             0.6.1                  -> 0.6.1
end-workflow	Checkout Repository	2026-02-21T19:18:32.6134331Z  * [new tag]             0.6.2                  -> 0.6.2
end-workflow	Checkout Repository	2026-02-21T19:18:32.6400119Z [command]/usr/bin/git branch --list --remote origin/main
end-workflow	Checkout Repository	2026-02-21T19:18:32.6474119Z   origin/main
end-workflow	Checkout Repository	2026-02-21T19:18:32.6486328Z [command]/usr/bin/git rev-parse refs/remotes/origin/main
end-workflow	Checkout Repository	2026-02-21T19:18:32.6517812Z b19c1c33bced40ee304bad252e5e0ac1be1b4708
end-workflow	Checkout Repository	2026-02-21T19:18:32.6531266Z [command]/usr/bin/git -c protocol.version=2 fetch --no-tags --prune --no-recurse-submodules origin +2cd551ae7ec90c74fdcbc8a64ad999e11187f23b:refs/remotes/origin/main
end-workflow	Checkout Repository	2026-02-21T19:18:32.6714363Z From https://github.com/Ka0s-Klaus/ka0s
end-workflow	Checkout Repository	2026-02-21T19:18:32.6715555Z  + b19c1c33b...2cd551ae7 2cd551ae7ec90c74fdcbc8a64ad999e11187f23b -> origin/main  (forced update)
end-workflow	Checkout Repository	2026-02-21T19:18:32.6753843Z ##[endgroup]
end-workflow	Checkout Repository	2026-02-21T19:18:32.6754460Z ##[group]Determining the checkout info
end-workflow	Checkout Repository	2026-02-21T19:18:32.6754954Z ##[endgroup]
end-workflow	Checkout Repository	2026-02-21T19:18:32.6758869Z [command]/usr/bin/git sparse-checkout disable
end-workflow	Checkout Repository	2026-02-21T19:18:32.6810398Z [command]/usr/bin/git config --local --unset-all extensions.worktreeConfig
end-workflow	Checkout Repository	2026-02-21T19:18:32.6848595Z ##[group]Checking out the ref
end-workflow	Checkout Repository	2026-02-21T19:18:32.6854770Z [command]/usr/bin/git checkout --progress --force -B main refs/remotes/origin/main
end-workflow	Checkout Repository	2026-02-21T19:18:32.9357013Z Switched to a new branch 'main'
end-workflow	Checkout Repository	2026-02-21T19:18:32.9361903Z branch 'main' set up to track 'origin/main'.
end-workflow	Checkout Repository	2026-02-21T19:18:32.9399457Z ##[endgroup]
end-workflow	Checkout Repository	2026-02-21T19:18:32.9454723Z [command]/usr/bin/git log -1 --format=%H
end-workflow	Checkout Repository	2026-02-21T19:18:32.9488453Z 2cd551ae7ec90c74fdcbc8a64ad999e11187f23b
end-workflow	Install GH CLI	ï»¿2026-02-21T19:18:32.9776233Z Prepare all required actions
end-workflow	Install GH CLI	2026-02-21T19:18:32.9828671Z ##[group]Run ./.github/actions/install-gh-cli
end-workflow	Install GH CLI	2026-02-21T19:18:32.9829082Z ##[endgroup]
end-workflow	Install GH CLI	2026-02-21T19:18:32.9927812Z ##[group]Run type -p curl >/dev/null || (sudo apt-get update && sudo apt-get install curl -y)
end-workflow	Install GH CLI	2026-02-21T19:18:32.9928574Z [36;1mtype -p curl >/dev/null || (sudo apt-get update && sudo apt-get install curl -y)[0m
end-workflow	Install GH CLI	2026-02-21T19:18:32.9929982Z [36;1mcurl -fsSL https://cli.github.com/packages/githubcli-archive-keyring.gpg | sudo dd of=/usr/share/keyrings/githubcli-archive-keyring.gpg \[0m
end-workflow	Install GH CLI	2026-02-21T19:18:32.9930780Z [36;1m&& sudo chmod go+r /usr/share/keyrings/githubcli-archive-keyring.gpg \[0m
end-workflow	Install GH CLI	2026-02-21T19:18:32.9931835Z [36;1m&& echo "deb [arch=$(dpkg --print-architecture) signed-by=/usr/share/keyrings/githubcli-archive-keyring.gpg] https://cli.github.com/packages stable main" | sudo tee /etc/apt/sources.list.d/github-cli.list > /dev/null \[0m
end-workflow	Install GH CLI	2026-02-21T19:18:32.9932801Z [36;1m&& sudo apt-get update \[0m
end-workflow	Install GH CLI	2026-02-21T19:18:32.9933176Z [36;1m&& sudo apt-get install gh -y[0m
end-workflow	Install GH CLI	2026-02-21T19:18:32.9951397Z shell: /usr/bin/bash --noprofile --norc -e -o pipefail {0}
end-workflow	Install GH CLI	2026-02-21T19:18:32.9951830Z ##[endgroup]
end-workflow	Install GH CLI	2026-02-21T19:18:33.2234567Z 4+1 records in
end-workflow	Install GH CLI	2026-02-21T19:18:33.2235931Z 4+1 records out
end-workflow	Install GH CLI	2026-02-21T19:18:33.2237311Z 2270 bytes (2.3 kB, 2.2 KiB) copied, 0.203172 s, 11.2 kB/s
end-workflow	Install GH CLI	2026-02-21T19:18:33.3943861Z Get:1 https://cli.github.com/packages stable InRelease [3917 B]
end-workflow	Install GH CLI	2026-02-21T19:18:33.4993599Z Get:2 https://cli.github.com/packages stable/main amd64 Packages [356 B]
end-workflow	Install GH CLI	2026-02-21T19:18:33.5591116Z Get:3 http://security.ubuntu.com/ubuntu noble-security InRelease [126 kB]
end-workflow	Install GH CLI	2026-02-21T19:18:33.5636860Z Get:4 http://archive.ubuntu.com/ubuntu noble InRelease [256 kB]
end-workflow	Install GH CLI	2026-02-21T19:18:33.5975372Z Get:5 https://ppa.launchpadcontent.net/git-core/ppa/ubuntu noble InRelease [24.3 kB]
end-workflow	Install GH CLI	2026-02-21T19:18:33.7382489Z Get:6 https://ppa.launchpadcontent.net/git-core/ppa/ubuntu noble/main amd64 Packages [2992 B]
end-workflow	Install GH CLI	2026-02-21T19:18:34.0990330Z Get:7 http://security.ubuntu.com/ubuntu noble-security/restricted amd64 Packages [3196 kB]
end-workflow	Install GH CLI	2026-02-21T19:18:34.1243352Z Get:8 http://archive.ubuntu.com/ubuntu noble-updates InRelease [126 kB]
end-workflow	Install GH CLI	2026-02-21T19:18:34.2620289Z Get:9 http://archive.ubuntu.com/ubuntu noble-backports InRelease [126 kB]
end-workflow	Install GH CLI	2026-02-21T19:18:34.4038185Z Get:10 http://archive.ubuntu.com/ubuntu noble/universe amd64 Packages [19.3 MB]
end-workflow	Install GH CLI	2026-02-21T19:18:34.6972471Z Get:11 http://security.ubuntu.com/ubuntu noble-security/main amd64 Packages [1857 kB]
end-workflow	Install GH CLI	2026-02-21T19:18:34.7400378Z Get:12 http://security.ubuntu.com/ubuntu noble-security/multiverse amd64 Packages [34.8 kB]
end-workflow	Install GH CLI	2026-02-21T19:18:34.7403743Z Get:13 http://security.ubuntu.com/ubuntu noble-security/universe amd64 Packages [1207 kB]
end-workflow	Install GH CLI	2026-02-21T19:18:35.2270475Z Get:14 http://archive.ubuntu.com/ubuntu noble/multiverse amd64 Packages [331 kB]
end-workflow	Install GH CLI	2026-02-21T19:18:35.2295404Z Get:15 http://archive.ubuntu.com/ubuntu noble/restricted amd64 Packages [117 kB]
end-workflow	Install GH CLI	2026-02-21T19:18:35.2321324Z Get:16 http://archive.ubuntu.com/ubuntu noble/main amd64 Packages [1808 kB]
end-workflow	Install GH CLI	2026-02-21T19:18:35.2458626Z Get:17 http://archive.ubuntu.com/ubuntu noble-updates/restricted amd64 Packages [3381 kB]
end-workflow	Install GH CLI	2026-02-21T19:18:35.3420443Z Get:18 http://archive.ubuntu.com/ubuntu noble-updates/main amd64 Packages [2240 kB]
end-workflow	Install GH CLI	2026-02-21T19:18:35.3807083Z Get:19 http://archive.ubuntu.com/ubuntu noble-updates/multiverse amd64 Packages [38.1 kB]
end-workflow	Install GH CLI	2026-02-21T19:18:35.3813506Z Get:20 http://archive.ubuntu.com/ubuntu noble-updates/universe amd64 Packages [2016 kB]
end-workflow	Install GH CLI	2026-02-21T19:18:35.4407708Z Get:21 http://archive.ubuntu.com/ubuntu noble-backports/universe amd64 Packages [34.6 kB]
end-workflow	Install GH CLI	2026-02-21T19:18:35.4410759Z Get:22 http://archive.ubuntu.com/ubuntu noble-backports/main amd64 Packages [49.5 kB]
end-workflow	Install GH CLI	2026-02-21T19:18:36.4804304Z Fetched 36.3 MB in 3s (11.6 MB/s)
end-workflow	Install GH CLI	2026-02-21T19:18:37.4269643Z Reading package lists...
end-workflow	Install GH CLI	2026-02-21T19:18:38.4010352Z Reading package lists...
end-workflow	Install GH CLI	2026-02-21T19:18:38.6295967Z Building dependency tree...
end-workflow	Install GH CLI	2026-02-21T19:18:38.6297100Z Reading state information...
end-workflow	Install GH CLI	2026-02-21T19:18:38.9910521Z The following NEW packages will be installed:
end-workflow	Install GH CLI	2026-02-21T19:18:38.9932642Z   gh
end-workflow	Install GH CLI	2026-02-21T19:18:39.0716931Z 0 upgraded, 1 newly installed, 0 to remove and 26 not upgraded.
end-workflow	Install GH CLI	2026-02-21T19:18:39.0717760Z Need to get 13.8 MB of archives.
end-workflow	Install GH CLI	2026-02-21T19:18:39.0718125Z After this operation, 38.4 MB of additional disk space will be used.
end-workflow	Install GH CLI	2026-02-21T19:18:39.0718651Z Get:1 https://cli.github.com/packages stable/main amd64 gh amd64 2.87.2 [13.8 MB]
end-workflow	Install GH CLI	2026-02-21T19:18:39.3889521Z debconf: delaying package configuration, since apt-utils is not installed
end-workflow	Install GH CLI	2026-02-21T19:18:39.4305071Z Fetched 13.8 MB in 0s (73.4 MB/s)
end-workflow	Install GH CLI	2026-02-21T19:18:39.4588723Z Selecting previously unselected package gh.
end-workflow	Install GH CLI	2026-02-21T19:18:39.4631021Z (Reading database ... 
end-workflow	Install GH CLI	2026-02-21T19:18:39.4631328Z (Reading database ... 5%
end-workflow	Install GH CLI	2026-02-21T19:18:39.4631603Z (Reading database ... 10%
end-workflow	Install GH CLI	2026-02-21T19:18:39.4631862Z (Reading database ... 15%
end-workflow	Install GH CLI	2026-02-21T19:18:39.4632106Z (Reading database ... 20%
end-workflow	Install GH CLI	2026-02-21T19:18:39.4632388Z (Reading database ... 25%
end-workflow	Install GH CLI	2026-02-21T19:18:39.4632638Z (Reading database ... 30%
end-workflow	Install GH CLI	2026-02-21T19:18:39.4632882Z (Reading database ... 35%
end-workflow	Install GH CLI	2026-02-21T19:18:39.4633148Z (Reading database ... 40%
end-workflow	Install GH CLI	2026-02-21T19:18:39.4633404Z (Reading database ... 45%
end-workflow	Install GH CLI	2026-02-21T19:18:39.4633653Z (Reading database ... 50%
end-workflow	Install GH CLI	2026-02-21T19:18:39.4634720Z (Reading database ... 55%
end-workflow	Install GH CLI	2026-02-21T19:18:39.4634989Z (Reading database ... 60%
end-workflow	Install GH CLI	2026-02-21T19:18:39.4639806Z (Reading database ... 65%
end-workflow	Install GH CLI	2026-02-21T19:18:39.4664705Z (Reading database ... 70%
end-workflow	Install GH CLI	2026-02-21T19:18:39.4671057Z (Reading database ... 75%
end-workflow	Install GH CLI	2026-02-21T19:18:39.4686670Z (Reading database ... 80%
end-workflow	Install GH CLI	2026-02-21T19:18:39.4691995Z (Reading database ... 85%
end-workflow	Install GH CLI	2026-02-21T19:18:39.4704452Z (Reading database ... 90%
end-workflow	Install GH CLI	2026-02-21T19:18:39.4727506Z (Reading database ... 95%
end-workflow	Install GH CLI	2026-02-21T19:18:39.4727918Z (Reading database ... 100%
end-workflow	Install GH CLI	2026-02-21T19:18:39.4728308Z (Reading database ... 14385 files and directories currently installed.)
end-workflow	Install GH CLI	2026-02-21T19:18:39.4735219Z Preparing to unpack .../archives/gh_2.87.2_amd64.deb ...
end-workflow	Install GH CLI	2026-02-21T19:18:39.4771125Z Unpacking gh (2.87.2) ...
end-workflow	Install GH CLI	2026-02-21T19:18:39.7082248Z Setting up gh (2.87.2) ...
end-workflow	Trigger Inspector	ï»¿2026-02-21T19:18:39.8283364Z ##[group]Run echo "ðŸ” Triggering Inspector for Audit..."
end-workflow	Trigger Inspector	2026-02-21T19:18:39.8284351Z [36;1mecho "ðŸ” Triggering Inspector for Audit..."[0m
end-workflow	Trigger Inspector	2026-02-21T19:18:39.8285059Z [36;1mgh workflow run inspector.yml \[0m
end-workflow	Trigger Inspector	2026-02-21T19:18:39.8285656Z [36;1m  --ref main \[0m
end-workflow	Trigger Inspector	2026-02-21T19:18:39.8286196Z [36;1m  -f kaos-workflow-id="22262726164" \[0m
end-workflow	Trigger Inspector	2026-02-21T19:18:39.8286852Z [36;1m  -f kaos-user-start="santakloud"[0m
end-workflow	Trigger Inspector	2026-02-21T19:18:39.8314341Z shell: /usr/bin/bash -e {0}
end-workflow	Trigger Inspector	2026-02-21T19:18:39.8314869Z env:
end-workflow	Trigger Inspector	2026-02-21T19:18:39.8315790Z   GH_TOKEN: ***
end-workflow	Trigger Inspector	2026-02-21T19:18:39.8316209Z ##[endgroup]
end-workflow	Trigger Inspector	2026-02-21T19:18:39.8403199Z ðŸ” Triggering Inspector for Audit...
end-workflow	Trigger Inspector	2026-02-21T19:18:41.4261705Z https://github.com/Ka0s-Klaus/ka0s/actions/runs/22262756590
end-workflow	Post Checkout Repository	ï»¿2026-02-21T19:18:41.4766568Z Post job cleanup.
end-workflow	Post Checkout Repository	2026-02-21T19:18:41.5875783Z [command]/usr/bin/git version
end-workflow	Post Checkout Repository	2026-02-21T19:18:41.5921188Z git version 2.52.0
end-workflow	Post Checkout Repository	2026-02-21T19:18:41.5969650Z Temporarily overriding HOME='/home/runner/_work/_temp/ec79c07b-91b0-4b39-aade-ae95dfef86c9' before making global git config changes
end-workflow	Post Checkout Repository	2026-02-21T19:18:41.5970658Z Adding repository directory to the temporary git global config as a safe directory
end-workflow	Post Checkout Repository	2026-02-21T19:18:41.5976597Z [command]/usr/bin/git config --global --add safe.directory /home/runner/_work/ka0s/ka0s
end-workflow	Post Checkout Repository	2026-02-21T19:18:41.6033500Z [command]/usr/bin/git config --local --name-only --get-regexp core\.sshCommand
end-workflow	Post Checkout Repository	2026-02-21T19:18:41.6084006Z [command]/usr/bin/git submodule foreach --recursive sh -c "git config --local --name-only --get-regexp 'core\.sshCommand' && git config --local --unset-all 'core.sshCommand' || :"
end-workflow	Post Checkout Repository	2026-02-21T19:18:41.6428434Z [command]/usr/bin/git config --local --name-only --get-regexp http\.https\:\/\/github\.com\/\.extraheader
end-workflow	Post Checkout Repository	2026-02-21T19:18:41.6459723Z http.https://github.com/.extraheader
end-workflow	Post Checkout Repository	2026-02-21T19:18:41.6477735Z [command]/usr/bin/git config --local --unset-all http.https://github.com/.extraheader
end-workflow	Post Checkout Repository	2026-02-21T19:18:41.6522430Z [command]/usr/bin/git submodule foreach --recursive sh -c "git config --local --name-only --get-regexp 'http\.https\:\/\/github\.com\/\.extraheader' && git config --local --unset-all 'http.https://github.com/.extraheader' || :"
end-workflow	Post Checkout Repository	2026-02-21T19:18:41.6866716Z [command]/usr/bin/git config --local --name-only --get-regexp ^includeIf\.gitdir:
end-workflow	Post Checkout Repository	2026-02-21T19:18:41.6910248Z [command]/usr/bin/git submodule foreach --recursive git config --local --show-origin --name-only --get-regexp remote.origin.url
end-workflow	Complete job	ï»¿2026-02-21T19:18:41.7382779Z Cleaning up orphan processes
