job-core	Set up job	Ôªø2026-02-22T20:31:38.1056844Z Current runner version: '2.331.0'
job-core	Set up job	2026-02-22T20:31:38.1071017Z Runner name: 'swarm-runners-scaleset-hkss5-runner-gqfcs'
job-core	Set up job	2026-02-22T20:31:38.1072117Z Runner group name: 'Default'
job-core	Set up job	2026-02-22T20:31:38.1073286Z Machine name: 'swarm-runners-scaleset-hkss5-runner-gqfcs'
job-core	Set up job	2026-02-22T20:31:38.1076920Z ##[group]GITHUB_TOKEN Permissions
job-core	Set up job	2026-02-22T20:31:38.1082565Z Actions: write
job-core	Set up job	2026-02-22T20:31:38.1083217Z Contents: write
job-core	Set up job	2026-02-22T20:31:38.1083893Z Issues: write
job-core	Set up job	2026-02-22T20:31:38.1084555Z Metadata: read
job-core	Set up job	2026-02-22T20:31:38.1085102Z PullRequests: write
job-core	Set up job	2026-02-22T20:31:38.1085768Z ##[endgroup]
job-core	Set up job	2026-02-22T20:31:38.1088803Z Secret source: Actions
job-core	Set up job	2026-02-22T20:31:38.1089594Z Prepare workflow directory
job-core	Set up job	2026-02-22T20:31:38.1732008Z Prepare all required actions
job-core	Set up job	2026-02-22T20:31:38.1785343Z Getting action download info
job-core	Set up job	2026-02-22T20:31:38.8046730Z Download action repository 'actions/checkout@v4' (SHA:34e114876b0b11c390a56381ad16ebd13914f8d5)
job-core	Set up job	2026-02-22T20:31:39.6096286Z Download action repository 'actions/setup-python@v4' (SHA:7f4fc3e22c37d6ff65e88745f38bd3157c663f7c)
job-core	Set up job	2026-02-22T20:31:40.4597123Z Download action repository 'actions/upload-artifact@v4' (SHA:ea165f8d65b6e75b540449e92b4886f43607fa02)
job-core	Set up job	2026-02-22T20:31:41.5407602Z Complete job name: job-core
job-core	Checkout code	Ôªø2026-02-22T20:31:41.6002864Z ##[group]Run actions/checkout@v4
job-core	Checkout code	2026-02-22T20:31:41.6003531Z with:
job-core	Checkout code	2026-02-22T20:31:41.6003760Z   fetch-depth: 0
job-core	Checkout code	2026-02-22T20:31:41.6003994Z   repository: Ka0s-Klaus/ka0s
job-core	Checkout code	2026-02-22T20:31:41.6004492Z   token: ***
job-core	Checkout code	2026-02-22T20:31:41.6004694Z   ssh-strict: true
job-core	Checkout code	2026-02-22T20:31:41.6004908Z   ssh-user: git
job-core	Checkout code	2026-02-22T20:31:41.6005131Z   persist-credentials: true
job-core	Checkout code	2026-02-22T20:31:41.6005377Z   clean: true
job-core	Checkout code	2026-02-22T20:31:41.6005604Z   sparse-checkout-cone-mode: true
job-core	Checkout code	2026-02-22T20:31:41.6005882Z   fetch-tags: false
job-core	Checkout code	2026-02-22T20:31:41.6006106Z   show-progress: true
job-core	Checkout code	2026-02-22T20:31:41.6006344Z   lfs: false
job-core	Checkout code	2026-02-22T20:31:41.6006548Z   submodules: false
job-core	Checkout code	2026-02-22T20:31:41.6006773Z   set-safe-directory: true
job-core	Checkout code	2026-02-22T20:31:41.6007230Z env:
job-core	Checkout code	2026-02-22T20:31:41.6007473Z   PYTHON_VERSION: 3.9
job-core	Checkout code	2026-02-22T20:31:41.6008674Z   MONGO_SUPERUSER_CONNECTION: ***
job-core	Checkout code	2026-02-22T20:31:41.6009089Z   MONGO_NEW_PASS: ***
job-core	Checkout code	2026-02-22T20:31:41.6009416Z   MONGO_SCRIPT_CREATE: devops/core/mongo/scripts/add-doc-to-db.py
job-core	Checkout code	2026-02-22T20:31:41.6009829Z   KAOS_CODE: 22284774241
job-core	Checkout code	2026-02-22T20:31:41.6010101Z   KAOS_MODULE: [Ka0s] Autom add docs to MongoDB
job-core	Checkout code	2026-02-22T20:31:41.6010411Z   REPORT_SCAN: audit/
job-core	Checkout code	2026-02-22T20:31:41.6010646Z   REPORT_PATH: audit/mongodb/
job-core	Checkout code	2026-02-22T20:31:41.6010934Z   REPORT_FILENAME: mongo_setup_22284774241.json
job-core	Checkout code	2026-02-22T20:31:41.6011277Z   REPORT_FILENAME_LIST: mongo_list_22284774241.json
job-core	Checkout code	2026-02-22T20:31:41.6011649Z   REPORT_FILENAME_DB: mongo_create_db_22284774241.json
job-core	Checkout code	2026-02-22T20:31:41.6011990Z   GITHUB_OUTPUT: 
job-core	Checkout code	2026-02-22T20:31:41.6012202Z ##[endgroup]
job-core	Checkout code	2026-02-22T20:31:41.7272353Z Syncing repository: Ka0s-Klaus/ka0s
job-core	Checkout code	2026-02-22T20:31:41.7274093Z ##[group]Getting Git version info
job-core	Checkout code	2026-02-22T20:31:41.7274482Z Working directory is '/home/runner/_work/ka0s/ka0s'
job-core	Checkout code	2026-02-22T20:31:41.7275059Z [command]/usr/bin/git version
job-core	Checkout code	2026-02-22T20:31:41.7340905Z git version 2.52.0
job-core	Checkout code	2026-02-22T20:31:41.7346157Z ##[endgroup]
job-core	Checkout code	2026-02-22T20:31:41.7351891Z Temporarily overriding HOME='/home/runner/_work/_temp/e7c59560-6d45-4673-acb5-20cd1480352d' before making global git config changes
job-core	Checkout code	2026-02-22T20:31:41.7352947Z Adding repository directory to the temporary git global config as a safe directory
job-core	Checkout code	2026-02-22T20:31:41.7353623Z [command]/usr/bin/git config --global --add safe.directory /home/runner/_work/ka0s/ka0s
job-core	Checkout code	2026-02-22T20:31:41.7375128Z Deleting the contents of '/home/runner/_work/ka0s/ka0s'
job-core	Checkout code	2026-02-22T20:31:41.7389823Z ##[group]Initializing the repository
job-core	Checkout code	2026-02-22T20:31:41.7394300Z [command]/usr/bin/git init /home/runner/_work/ka0s/ka0s
job-core	Checkout code	2026-02-22T20:31:41.7454502Z hint: Using 'master' as the name for the initial branch. This default branch name
job-core	Checkout code	2026-02-22T20:31:41.7456638Z hint: will change to "main" in Git 3.0. To configure the initial branch name
job-core	Checkout code	2026-02-22T20:31:41.7458776Z hint: to use in all of your new repositories, which will suppress this warning,
job-core	Checkout code	2026-02-22T20:31:41.7459487Z hint: call:
job-core	Checkout code	2026-02-22T20:31:41.7459736Z hint:
job-core	Checkout code	2026-02-22T20:31:41.7460027Z hint: 	git config --global init.defaultBranch <name>
job-core	Checkout code	2026-02-22T20:31:41.7460369Z hint:
job-core	Checkout code	2026-02-22T20:31:41.7461035Z hint: Names commonly chosen instead of 'master' are 'main', 'trunk' and
job-core	Checkout code	2026-02-22T20:31:41.7461660Z hint: 'development'. The just-created branch can be renamed via this command:
job-core	Checkout code	2026-02-22T20:31:41.7462150Z hint:
job-core	Checkout code	2026-02-22T20:31:41.7463019Z hint: 	git branch -m <name>
job-core	Checkout code	2026-02-22T20:31:41.7463282Z hint:
job-core	Checkout code	2026-02-22T20:31:41.7463649Z hint: Disable this message with "git config set advice.defaultBranchName false"
job-core	Checkout code	2026-02-22T20:31:41.7464840Z Initialized empty Git repository in /home/runner/_work/ka0s/ka0s/.git/
job-core	Checkout code	2026-02-22T20:31:41.7470915Z [command]/usr/bin/git remote add origin https://github.com/Ka0s-Klaus/ka0s
job-core	Checkout code	2026-02-22T20:31:41.7514986Z ##[endgroup]
job-core	Checkout code	2026-02-22T20:31:41.7515477Z ##[group]Disabling automatic garbage collection
job-core	Checkout code	2026-02-22T20:31:41.7521830Z [command]/usr/bin/git config --local gc.auto 0
job-core	Checkout code	2026-02-22T20:31:41.7564136Z ##[endgroup]
job-core	Checkout code	2026-02-22T20:31:41.7564593Z ##[group]Setting up auth
job-core	Checkout code	2026-02-22T20:31:41.7571870Z [command]/usr/bin/git config --local --name-only --get-regexp core\.sshCommand
job-core	Checkout code	2026-02-22T20:31:41.7615950Z [command]/usr/bin/git submodule foreach --recursive sh -c "git config --local --name-only --get-regexp 'core\.sshCommand' && git config --local --unset-all 'core.sshCommand' || :"
job-core	Checkout code	2026-02-22T20:31:41.7980231Z [command]/usr/bin/git config --local --name-only --get-regexp http\.https\:\/\/github\.com\/\.extraheader
job-core	Checkout code	2026-02-22T20:31:41.8019034Z [command]/usr/bin/git submodule foreach --recursive sh -c "git config --local --name-only --get-regexp 'http\.https\:\/\/github\.com\/\.extraheader' && git config --local --unset-all 'http.https://github.com/.extraheader' || :"
job-core	Checkout code	2026-02-22T20:31:41.8349192Z [command]/usr/bin/git config --local --name-only --get-regexp ^includeIf\.gitdir:
job-core	Checkout code	2026-02-22T20:31:41.8390148Z [command]/usr/bin/git submodule foreach --recursive git config --local --show-origin --name-only --get-regexp remote.origin.url
job-core	Checkout code	2026-02-22T20:31:41.8736445Z [command]/usr/bin/git config --local http.https://github.com/.extraheader AUTHORIZATION: basic ***
job-core	Checkout code	2026-02-22T20:31:41.8806016Z ##[endgroup]
job-core	Checkout code	2026-02-22T20:31:41.8806553Z ##[group]Fetching the repository
job-core	Checkout code	2026-02-22T20:31:41.8814608Z [command]/usr/bin/git -c protocol.version=2 fetch --prune --no-recurse-submodules origin +refs/heads/*:refs/remotes/origin/* +refs/tags/*:refs/tags/*
job-core	Checkout code	2026-02-22T20:32:12.1521470Z From https://github.com/Ka0s-Klaus/ka0s
job-core	Checkout code	2026-02-22T20:32:12.1523824Z  * [new branch]          F3450-modelo-operativo -> origin/F3450-modelo-operativo
job-core	Checkout code	2026-02-22T20:32:12.1524484Z  * [new branch]          H1276-modulo-observabilidad -> origin/H1276-modulo-observabilidad
job-core	Checkout code	2026-02-22T20:32:12.1525088Z  * [new branch]          H3596-deploy-itop      -> origin/H3596-deploy-itop
job-core	Checkout code	2026-02-22T20:32:12.1525570Z  * [new branch]          main                   -> origin/main
job-core	Checkout code	2026-02-22T20:32:12.1526006Z  * [new tag]             0.0.0                  -> 0.0.0
job-core	Checkout code	2026-02-22T20:32:12.1526377Z  * [new tag]             0.0.1                  -> 0.0.1
job-core	Checkout code	2026-02-22T20:32:12.1526746Z  * [new tag]             0.0.10                 -> 0.0.10
job-core	Checkout code	2026-02-22T20:32:12.1527163Z  * [new tag]             0.0.100                -> 0.0.100
job-core	Checkout code	2026-02-22T20:32:12.1527534Z  * [new tag]             0.0.101                -> 0.0.101
job-core	Checkout code	2026-02-22T20:32:12.1539283Z  * [new tag]             0.0.102                -> 0.0.102
job-core	Checkout code	2026-02-22T20:32:12.1539744Z  * [new tag]             0.0.103                -> 0.0.103
job-core	Checkout code	2026-02-22T20:32:12.1540122Z  * [new tag]             0.0.104                -> 0.0.104
job-core	Checkout code	2026-02-22T20:32:12.1540498Z  * [new tag]             0.0.105                -> 0.0.105
job-core	Checkout code	2026-02-22T20:32:12.1540900Z  * [new tag]             0.0.106                -> 0.0.106
job-core	Checkout code	2026-02-22T20:32:12.1541296Z  * [new tag]             0.0.107                -> 0.0.107
job-core	Checkout code	2026-02-22T20:32:12.1542138Z  * [new tag]             0.0.108                -> 0.0.108
job-core	Checkout code	2026-02-22T20:32:12.1542509Z  * [new tag]             0.0.109                -> 0.0.109
job-core	Checkout code	2026-02-22T20:32:12.1542871Z  * [new tag]             0.0.11                 -> 0.0.11
job-core	Checkout code	2026-02-22T20:32:12.1543234Z  * [new tag]             0.0.110                -> 0.0.110
job-core	Checkout code	2026-02-22T20:32:12.1543613Z  * [new tag]             0.0.111                -> 0.0.111
job-core	Checkout code	2026-02-22T20:32:12.1544123Z  * [new tag]             0.0.112                -> 0.0.112
job-core	Checkout code	2026-02-22T20:32:12.1544491Z  * [new tag]             0.0.113                -> 0.0.113
job-core	Checkout code	2026-02-22T20:32:12.1544863Z  * [new tag]             0.0.114                -> 0.0.114
job-core	Checkout code	2026-02-22T20:32:12.1545226Z  * [new tag]             0.0.115                -> 0.0.115
job-core	Checkout code	2026-02-22T20:32:12.1545599Z  * [new tag]             0.0.116                -> 0.0.116
job-core	Checkout code	2026-02-22T20:32:12.1545975Z  * [new tag]             0.0.117                -> 0.0.117
job-core	Checkout code	2026-02-22T20:32:12.1546369Z  * [new tag]             0.0.118                -> 0.0.118
job-core	Checkout code	2026-02-22T20:32:12.1563933Z  * [new tag]             0.0.119                -> 0.0.119
job-core	Checkout code	2026-02-22T20:32:12.1564611Z  * [new tag]             0.0.12                 -> 0.0.12
job-core	Checkout code	2026-02-22T20:32:12.1565022Z  * [new tag]             0.0.120                -> 0.0.120
job-core	Checkout code	2026-02-22T20:32:12.1565787Z  * [new tag]             0.0.121                -> 0.0.121
job-core	Checkout code	2026-02-22T20:32:12.1566148Z  * [new tag]             0.0.122                -> 0.0.122
job-core	Checkout code	2026-02-22T20:32:12.1566495Z  * [new tag]             0.0.123                -> 0.0.123
job-core	Checkout code	2026-02-22T20:32:12.1566848Z  * [new tag]             0.0.124                -> 0.0.124
job-core	Checkout code	2026-02-22T20:32:12.1567199Z  * [new tag]             0.0.125                -> 0.0.125
job-core	Checkout code	2026-02-22T20:32:12.1567551Z  * [new tag]             0.0.126                -> 0.0.126
job-core	Checkout code	2026-02-22T20:32:12.1571799Z  * [new tag]             0.0.127                -> 0.0.127
job-core	Checkout code	2026-02-22T20:32:12.1572211Z  * [new tag]             0.0.128                -> 0.0.128
job-core	Checkout code	2026-02-22T20:32:12.1572581Z  * [new tag]             0.0.129                -> 0.0.129
job-core	Checkout code	2026-02-22T20:32:12.1572959Z  * [new tag]             0.0.13                 -> 0.0.13
job-core	Checkout code	2026-02-22T20:32:12.1573320Z  * [new tag]             0.0.130                -> 0.0.130
job-core	Checkout code	2026-02-22T20:32:12.1573686Z  * [new tag]             0.0.131                -> 0.0.131
job-core	Checkout code	2026-02-22T20:32:12.1574065Z  * [new tag]             0.0.132                -> 0.0.132
job-core	Checkout code	2026-02-22T20:32:12.1574440Z  * [new tag]             0.0.133                -> 0.0.133
job-core	Checkout code	2026-02-22T20:32:12.1574805Z  * [new tag]             0.0.134                -> 0.0.134
job-core	Checkout code	2026-02-22T20:32:12.1575168Z  * [new tag]             0.0.135                -> 0.0.135
job-core	Checkout code	2026-02-22T20:32:12.1575542Z  * [new tag]             0.0.136                -> 0.0.136
job-core	Checkout code	2026-02-22T20:32:12.1575900Z  * [new tag]             0.0.137                -> 0.0.137
job-core	Checkout code	2026-02-22T20:32:12.1576260Z  * [new tag]             0.0.138                -> 0.0.138
job-core	Checkout code	2026-02-22T20:32:12.1576646Z  * [new tag]             0.0.139                -> 0.0.139
job-core	Checkout code	2026-02-22T20:32:12.1577035Z  * [new tag]             0.0.14                 -> 0.0.14
job-core	Checkout code	2026-02-22T20:32:12.1577421Z  * [new tag]             0.0.140                -> 0.0.140
job-core	Checkout code	2026-02-22T20:32:12.1583919Z  * [new tag]             0.0.141                -> 0.0.141
job-core	Checkout code	2026-02-22T20:32:12.1584679Z  * [new tag]             0.0.142                -> 0.0.142
job-core	Checkout code	2026-02-22T20:32:12.1585180Z  * [new tag]             0.0.143                -> 0.0.143
job-core	Checkout code	2026-02-22T20:32:12.1585557Z  * [new tag]             0.0.144                -> 0.0.144
job-core	Checkout code	2026-02-22T20:32:12.1585926Z  * [new tag]             0.0.145                -> 0.0.145
job-core	Checkout code	2026-02-22T20:32:12.1586289Z  * [new tag]             0.0.146                -> 0.0.146
job-core	Checkout code	2026-02-22T20:32:12.1586656Z  * [new tag]             0.0.147                -> 0.0.147
job-core	Checkout code	2026-02-22T20:32:12.1587017Z  * [new tag]             0.0.148                -> 0.0.148
job-core	Checkout code	2026-02-22T20:32:12.1587384Z  * [new tag]             0.0.149                -> 0.0.149
job-core	Checkout code	2026-02-22T20:32:12.1587745Z  * [new tag]             0.0.15                 -> 0.0.15
job-core	Checkout code	2026-02-22T20:32:12.1588783Z  * [new tag]             0.0.150                -> 0.0.150
job-core	Checkout code	2026-02-22T20:32:12.1589128Z  * [new tag]             0.0.151                -> 0.0.151
job-core	Checkout code	2026-02-22T20:32:12.1589493Z  * [new tag]             0.0.152                -> 0.0.152
job-core	Checkout code	2026-02-22T20:32:12.1589909Z  * [new tag]             0.0.153                -> 0.0.153
job-core	Checkout code	2026-02-22T20:32:12.1590253Z  * [new tag]             0.0.154                -> 0.0.154
job-core	Checkout code	2026-02-22T20:32:12.1590597Z  * [new tag]             0.0.155                -> 0.0.155
job-core	Checkout code	2026-02-22T20:32:12.1590939Z  * [new tag]             0.0.156                -> 0.0.156
job-core	Checkout code	2026-02-22T20:32:12.1591282Z  * [new tag]             0.0.157                -> 0.0.157
job-core	Checkout code	2026-02-22T20:32:12.1591631Z  * [new tag]             0.0.158                -> 0.0.158
job-core	Checkout code	2026-02-22T20:32:12.1591983Z  * [new tag]             0.0.159                -> 0.0.159
job-core	Checkout code	2026-02-22T20:32:12.1592337Z  * [new tag]             0.0.16                 -> 0.0.16
job-core	Checkout code	2026-02-22T20:32:12.1592695Z  * [new tag]             0.0.160                -> 0.0.160
job-core	Checkout code	2026-02-22T20:32:12.1593382Z  * [new tag]             0.0.161                -> 0.0.161
job-core	Checkout code	2026-02-22T20:32:12.1593750Z  * [new tag]             0.0.162                -> 0.0.162
job-core	Checkout code	2026-02-22T20:32:12.1594375Z  * [new tag]             0.0.163                -> 0.0.163
job-core	Checkout code	2026-02-22T20:32:12.1595259Z  * [new tag]             0.0.164                -> 0.0.164
job-core	Checkout code	2026-02-22T20:32:12.1595755Z  * [new tag]             0.0.165                -> 0.0.165
job-core	Checkout code	2026-02-22T20:32:12.1596272Z  * [new tag]             0.0.166                -> 0.0.166
job-core	Checkout code	2026-02-22T20:32:12.1596761Z  * [new tag]             0.0.167                -> 0.0.167
job-core	Checkout code	2026-02-22T20:32:12.1597138Z  * [new tag]             0.0.168                -> 0.0.168
job-core	Checkout code	2026-02-22T20:32:12.1597511Z  * [new tag]             0.0.169                -> 0.0.169
job-core	Checkout code	2026-02-22T20:32:12.1598037Z  * [new tag]             0.0.17                 -> 0.0.17
job-core	Checkout code	2026-02-22T20:32:12.1598420Z  * [new tag]             0.0.170                -> 0.0.170
job-core	Checkout code	2026-02-22T20:32:12.1598808Z  * [new tag]             0.0.171                -> 0.0.171
job-core	Checkout code	2026-02-22T20:32:12.1599179Z  * [new tag]             0.0.172                -> 0.0.172
job-core	Checkout code	2026-02-22T20:32:12.1599549Z  * [new tag]             0.0.173                -> 0.0.173
job-core	Checkout code	2026-02-22T20:32:12.1600070Z  * [new tag]             0.0.174                -> 0.0.174
job-core	Checkout code	2026-02-22T20:32:12.1600447Z  * [new tag]             0.0.175                -> 0.0.175
job-core	Checkout code	2026-02-22T20:32:12.1600821Z  * [new tag]             0.0.176                -> 0.0.176
job-core	Checkout code	2026-02-22T20:32:12.1601192Z  * [new tag]             0.0.177                -> 0.0.177
job-core	Checkout code	2026-02-22T20:32:12.1601569Z  * [new tag]             0.0.178                -> 0.0.178
job-core	Checkout code	2026-02-22T20:32:12.1601944Z  * [new tag]             0.0.179                -> 0.0.179
job-core	Checkout code	2026-02-22T20:32:12.1602320Z  * [new tag]             0.0.18                 -> 0.0.18
job-core	Checkout code	2026-02-22T20:32:12.1602693Z  * [new tag]             0.0.19                 -> 0.0.19
job-core	Checkout code	2026-02-22T20:32:12.1603067Z  * [new tag]             0.0.2                  -> 0.0.2
job-core	Checkout code	2026-02-22T20:32:12.1603448Z  * [new tag]             0.0.20                 -> 0.0.20
job-core	Checkout code	2026-02-22T20:32:12.1603816Z  * [new tag]             0.0.21                 -> 0.0.21
job-core	Checkout code	2026-02-22T20:32:12.1604186Z  * [new tag]             0.0.22                 -> 0.0.22
job-core	Checkout code	2026-02-22T20:32:12.1604566Z  * [new tag]             0.0.23                 -> 0.0.23
job-core	Checkout code	2026-02-22T20:32:12.1604937Z  * [new tag]             0.0.24                 -> 0.0.24
job-core	Checkout code	2026-02-22T20:32:12.1605306Z  * [new tag]             0.0.25                 -> 0.0.25
job-core	Checkout code	2026-02-22T20:32:12.1605677Z  * [new tag]             0.0.26                 -> 0.0.26
job-core	Checkout code	2026-02-22T20:32:12.1606049Z  * [new tag]             0.0.27                 -> 0.0.27
job-core	Checkout code	2026-02-22T20:32:12.1606418Z  * [new tag]             0.0.28                 -> 0.0.28
job-core	Checkout code	2026-02-22T20:32:12.1606787Z  * [new tag]             0.0.29                 -> 0.0.29
job-core	Checkout code	2026-02-22T20:32:12.1607160Z  * [new tag]             0.0.3                  -> 0.0.3
job-core	Checkout code	2026-02-22T20:32:12.1607537Z  * [new tag]             0.0.30                 -> 0.0.30
job-core	Checkout code	2026-02-22T20:32:12.1608291Z  * [new tag]             0.0.31                 -> 0.0.31
job-core	Checkout code	2026-02-22T20:32:12.1608666Z  * [new tag]             0.0.32                 -> 0.0.32
job-core	Checkout code	2026-02-22T20:32:12.1609042Z  * [new tag]             0.0.33                 -> 0.0.33
job-core	Checkout code	2026-02-22T20:32:12.1609415Z  * [new tag]             0.0.34                 -> 0.0.34
job-core	Checkout code	2026-02-22T20:32:12.1609779Z  * [new tag]             0.0.35                 -> 0.0.35
job-core	Checkout code	2026-02-22T20:32:12.1610150Z  * [new tag]             0.0.36                 -> 0.0.36
job-core	Checkout code	2026-02-22T20:32:12.1610519Z  * [new tag]             0.0.37                 -> 0.0.37
job-core	Checkout code	2026-02-22T20:32:12.1610890Z  * [new tag]             0.0.38                 -> 0.0.38
job-core	Checkout code	2026-02-22T20:32:12.1611261Z  * [new tag]             0.0.39                 -> 0.0.39
job-core	Checkout code	2026-02-22T20:32:12.1611635Z  * [new tag]             0.0.4                  -> 0.0.4
job-core	Checkout code	2026-02-22T20:32:12.1612006Z  * [new tag]             0.0.40                 -> 0.0.40
job-core	Checkout code	2026-02-22T20:32:12.1612377Z  * [new tag]             0.0.41                 -> 0.0.41
job-core	Checkout code	2026-02-22T20:32:12.1612748Z  * [new tag]             0.0.42                 -> 0.0.42
job-core	Checkout code	2026-02-22T20:32:12.1613119Z  * [new tag]             0.0.43                 -> 0.0.43
job-core	Checkout code	2026-02-22T20:32:12.1613496Z  * [new tag]             0.0.44                 -> 0.0.44
job-core	Checkout code	2026-02-22T20:32:12.1614076Z  * [new tag]             0.0.45                 -> 0.0.45
job-core	Checkout code	2026-02-22T20:32:12.1614447Z  * [new tag]             0.0.46                 -> 0.0.46
job-core	Checkout code	2026-02-22T20:32:12.1614821Z  * [new tag]             0.0.47                 -> 0.0.47
job-core	Checkout code	2026-02-22T20:32:12.1615314Z  * [new tag]             0.0.48                 -> 0.0.48
job-core	Checkout code	2026-02-22T20:32:12.1615926Z  * [new tag]             0.0.49                 -> 0.0.49
job-core	Checkout code	2026-02-22T20:32:12.1616289Z  * [new tag]             0.0.5                  -> 0.0.5
job-core	Checkout code	2026-02-22T20:32:12.1616788Z  * [new tag]             0.0.50                 -> 0.0.50
job-core	Checkout code	2026-02-22T20:32:12.1617163Z  * [new tag]             0.0.51                 -> 0.0.51
job-core	Checkout code	2026-02-22T20:32:12.1617541Z  * [new tag]             0.0.52                 -> 0.0.52
job-core	Checkout code	2026-02-22T20:32:12.1618161Z  * [new tag]             0.0.53                 -> 0.0.53
job-core	Checkout code	2026-02-22T20:32:12.1618523Z  * [new tag]             0.0.54                 -> 0.0.54
job-core	Checkout code	2026-02-22T20:32:12.1618884Z  * [new tag]             0.0.55                 -> 0.0.55
job-core	Checkout code	2026-02-22T20:32:12.1619243Z  * [new tag]             0.0.56                 -> 0.0.56
job-core	Checkout code	2026-02-22T20:32:12.1619605Z  * [new tag]             0.0.57                 -> 0.0.57
job-core	Checkout code	2026-02-22T20:32:12.1619964Z  * [new tag]             0.0.58                 -> 0.0.58
job-core	Checkout code	2026-02-22T20:32:12.1620326Z  * [new tag]             0.0.59                 -> 0.0.59
job-core	Checkout code	2026-02-22T20:32:12.1620687Z  * [new tag]             0.0.6                  -> 0.0.6
job-core	Checkout code	2026-02-22T20:32:12.1621050Z  * [new tag]             0.0.60                 -> 0.0.60
job-core	Checkout code	2026-02-22T20:32:12.1621411Z  * [new tag]             0.0.61                 -> 0.0.61
job-core	Checkout code	2026-02-22T20:32:12.1621764Z  * [new tag]             0.0.62                 -> 0.0.62
job-core	Checkout code	2026-02-22T20:32:12.1622125Z  * [new tag]             0.0.63                 -> 0.0.63
job-core	Checkout code	2026-02-22T20:32:12.1622479Z  * [new tag]             0.0.64                 -> 0.0.64
job-core	Checkout code	2026-02-22T20:32:12.1622835Z  * [new tag]             0.0.65                 -> 0.0.65
job-core	Checkout code	2026-02-22T20:32:12.1623196Z  * [new tag]             0.0.66                 -> 0.0.66
job-core	Checkout code	2026-02-22T20:32:12.1623551Z  * [new tag]             0.0.67                 -> 0.0.67
job-core	Checkout code	2026-02-22T20:32:12.1623904Z  * [new tag]             0.0.68                 -> 0.0.68
job-core	Checkout code	2026-02-22T20:32:12.1624253Z  * [new tag]             0.0.69                 -> 0.0.69
job-core	Checkout code	2026-02-22T20:32:12.1624608Z  * [new tag]             0.0.7                  -> 0.0.7
job-core	Checkout code	2026-02-22T20:32:12.1624961Z  * [new tag]             0.0.70                 -> 0.0.70
job-core	Checkout code	2026-02-22T20:32:12.1625318Z  * [new tag]             0.0.71                 -> 0.0.71
job-core	Checkout code	2026-02-22T20:32:12.1625672Z  * [new tag]             0.0.72                 -> 0.0.72
job-core	Checkout code	2026-02-22T20:32:12.1626027Z  * [new tag]             0.0.73                 -> 0.0.73
job-core	Checkout code	2026-02-22T20:32:12.1637383Z  * [new tag]             0.0.74                 -> 0.0.74
job-core	Checkout code	2026-02-22T20:32:12.1638219Z  * [new tag]             0.0.75                 -> 0.0.75
job-core	Checkout code	2026-02-22T20:32:12.1638869Z  * [new tag]             0.0.76                 -> 0.0.76
job-core	Checkout code	2026-02-22T20:32:12.1639239Z  * [new tag]             0.0.77                 -> 0.0.77
job-core	Checkout code	2026-02-22T20:32:12.1639592Z  * [new tag]             0.0.78                 -> 0.0.78
job-core	Checkout code	2026-02-22T20:32:12.1639943Z  * [new tag]             0.0.79                 -> 0.0.79
job-core	Checkout code	2026-02-22T20:32:12.1640295Z  * [new tag]             0.0.8                  -> 0.0.8
job-core	Checkout code	2026-02-22T20:32:12.1640650Z  * [new tag]             0.0.80                 -> 0.0.80
job-core	Checkout code	2026-02-22T20:32:12.1641005Z  * [new tag]             0.0.81                 -> 0.0.81
job-core	Checkout code	2026-02-22T20:32:12.1641357Z  * [new tag]             0.0.82                 -> 0.0.82
job-core	Checkout code	2026-02-22T20:32:12.1641712Z  * [new tag]             0.0.83                 -> 0.0.83
job-core	Checkout code	2026-02-22T20:32:12.1642067Z  * [new tag]             0.0.84                 -> 0.0.84
job-core	Checkout code	2026-02-22T20:32:12.1642436Z  * [new tag]             0.0.85                 -> 0.0.85
job-core	Checkout code	2026-02-22T20:32:12.1642783Z  * [new tag]             0.0.86                 -> 0.0.86
job-core	Checkout code	2026-02-22T20:32:12.1643135Z  * [new tag]             0.0.87                 -> 0.0.87
job-core	Checkout code	2026-02-22T20:32:12.1643809Z  * [new tag]             0.0.88                 -> 0.0.88
job-core	Checkout code	2026-02-22T20:32:12.1644168Z  * [new tag]             0.0.89                 -> 0.0.89
job-core	Checkout code	2026-02-22T20:32:12.1644523Z  * [new tag]             0.0.9                  -> 0.0.9
job-core	Checkout code	2026-02-22T20:32:12.1644876Z  * [new tag]             0.0.90                 -> 0.0.90
job-core	Checkout code	2026-02-22T20:32:12.1645227Z  * [new tag]             0.0.91                 -> 0.0.91
job-core	Checkout code	2026-02-22T20:32:12.1645579Z  * [new tag]             0.0.92                 -> 0.0.92
job-core	Checkout code	2026-02-22T20:32:12.1645932Z  * [new tag]             0.0.93                 -> 0.0.93
job-core	Checkout code	2026-02-22T20:32:12.1646281Z  * [new tag]             0.0.94                 -> 0.0.94
job-core	Checkout code	2026-02-22T20:32:12.1646634Z  * [new tag]             0.0.95                 -> 0.0.95
job-core	Checkout code	2026-02-22T20:32:12.1646991Z  * [new tag]             0.0.96                 -> 0.0.96
job-core	Checkout code	2026-02-22T20:32:12.1647342Z  * [new tag]             0.0.97                 -> 0.0.97
job-core	Checkout code	2026-02-22T20:32:12.1647692Z  * [new tag]             0.0.98                 -> 0.0.98
job-core	Checkout code	2026-02-22T20:32:12.1648556Z  * [new tag]             0.0.99                 -> 0.0.99
job-core	Checkout code	2026-02-22T20:32:12.1648897Z  * [new tag]             0.1.0                  -> 0.1.0
job-core	Checkout code	2026-02-22T20:32:12.1649241Z  * [new tag]             0.1.1                  -> 0.1.1
job-core	Checkout code	2026-02-22T20:32:12.1649581Z  * [new tag]             0.2.0                  -> 0.2.0
job-core	Checkout code	2026-02-22T20:32:12.1649920Z  * [new tag]             0.3.0                  -> 0.3.0
job-core	Checkout code	2026-02-22T20:32:12.1650260Z  * [new tag]             0.3.1                  -> 0.3.1
job-core	Checkout code	2026-02-22T20:32:12.1650603Z  * [new tag]             0.3.10                 -> 0.3.10
job-core	Checkout code	2026-02-22T20:32:12.1650948Z  * [new tag]             0.3.11                 -> 0.3.11
job-core	Checkout code	2026-02-22T20:32:12.1651297Z  * [new tag]             0.3.12                 -> 0.3.12
job-core	Checkout code	2026-02-22T20:32:12.1651667Z  * [new tag]             0.3.13                 -> 0.3.13
job-core	Checkout code	2026-02-22T20:32:12.1652012Z  * [new tag]             0.3.14                 -> 0.3.14
job-core	Checkout code	2026-02-22T20:32:12.1652360Z  * [new tag]             0.3.15                 -> 0.3.15
job-core	Checkout code	2026-02-22T20:32:12.1652702Z  * [new tag]             0.3.16                 -> 0.3.16
job-core	Checkout code	2026-02-22T20:32:12.1653046Z  * [new tag]             0.3.17                 -> 0.3.17
job-core	Checkout code	2026-02-22T20:32:12.1653390Z  * [new tag]             0.3.2                  -> 0.3.2
job-core	Checkout code	2026-02-22T20:32:12.1653732Z  * [new tag]             0.3.3                  -> 0.3.3
job-core	Checkout code	2026-02-22T20:32:12.1654075Z  * [new tag]             0.3.4                  -> 0.3.4
job-core	Checkout code	2026-02-22T20:32:12.1654417Z  * [new tag]             0.3.5                  -> 0.3.5
job-core	Checkout code	2026-02-22T20:32:12.1654758Z  * [new tag]             0.3.6                  -> 0.3.6
job-core	Checkout code	2026-02-22T20:32:12.1655098Z  * [new tag]             0.3.7                  -> 0.3.7
job-core	Checkout code	2026-02-22T20:32:12.1655639Z  * [new tag]             0.3.8                  -> 0.3.8
job-core	Checkout code	2026-02-22T20:32:12.1655981Z  * [new tag]             0.3.9                  -> 0.3.9
job-core	Checkout code	2026-02-22T20:32:12.1656324Z  * [new tag]             0.4.0                  -> 0.4.0
job-core	Checkout code	2026-02-22T20:32:12.1656676Z  * [new tag]             0.4.1                  -> 0.4.1
job-core	Checkout code	2026-02-22T20:32:12.1657015Z  * [new tag]             0.4.2                  -> 0.4.2
job-core	Checkout code	2026-02-22T20:32:12.1657354Z  * [new tag]             0.4.3                  -> 0.4.3
job-core	Checkout code	2026-02-22T20:32:12.1657692Z  * [new tag]             0.4.4                  -> 0.4.4
job-core	Checkout code	2026-02-22T20:32:12.1658579Z  * [new tag]             0.4.5                  -> 0.4.5
job-core	Checkout code	2026-02-22T20:32:12.1659059Z  * [new tag]             0.4.6                  -> 0.4.6
job-core	Checkout code	2026-02-22T20:32:12.1659529Z  * [new tag]             0.4.7                  -> 0.4.7
job-core	Checkout code	2026-02-22T20:32:12.1659867Z  * [new tag]             0.4.8                  -> 0.4.8
job-core	Checkout code	2026-02-22T20:32:12.1660208Z  * [new tag]             0.4.9                  -> 0.4.9
job-core	Checkout code	2026-02-22T20:32:12.1660555Z  * [new tag]             0.5.0                  -> 0.5.0
job-core	Checkout code	2026-02-22T20:32:12.1660896Z  * [new tag]             0.5.1                  -> 0.5.1
job-core	Checkout code	2026-02-22T20:32:12.1661232Z  * [new tag]             0.5.2                  -> 0.5.2
job-core	Checkout code	2026-02-22T20:32:12.1661763Z  * [new tag]             0.6.0                  -> 0.6.0
job-core	Checkout code	2026-02-22T20:32:12.1662103Z  * [new tag]             0.6.1                  -> 0.6.1
job-core	Checkout code	2026-02-22T20:32:12.1662439Z  * [new tag]             0.6.2                  -> 0.6.2
job-core	Checkout code	2026-02-22T20:32:12.1909490Z [command]/usr/bin/git branch --list --remote origin/main
job-core	Checkout code	2026-02-22T20:32:12.1985416Z   origin/main
job-core	Checkout code	2026-02-22T20:32:12.1996701Z [command]/usr/bin/git rev-parse refs/remotes/origin/main
job-core	Checkout code	2026-02-22T20:32:12.2026017Z 6f5a73018ffe5d7cd07957f16338837d06004e89
job-core	Checkout code	2026-02-22T20:32:12.2031645Z ##[endgroup]
job-core	Checkout code	2026-02-22T20:32:12.2032053Z ##[group]Determining the checkout info
job-core	Checkout code	2026-02-22T20:32:12.2033397Z ##[endgroup]
job-core	Checkout code	2026-02-22T20:32:12.2040228Z [command]/usr/bin/git sparse-checkout disable
job-core	Checkout code	2026-02-22T20:32:12.2093969Z [command]/usr/bin/git config --local --unset-all extensions.worktreeConfig
job-core	Checkout code	2026-02-22T20:32:12.2132922Z ##[group]Checking out the ref
job-core	Checkout code	2026-02-22T20:32:12.2138978Z [command]/usr/bin/git checkout --progress --force -B main refs/remotes/origin/main
job-core	Checkout code	2026-02-22T20:32:12.4729573Z Switched to a new branch 'main'
job-core	Checkout code	2026-02-22T20:32:12.4734657Z branch 'main' set up to track 'origin/main'.
job-core	Checkout code	2026-02-22T20:32:12.4779202Z ##[endgroup]
job-core	Checkout code	2026-02-22T20:32:12.4838397Z [command]/usr/bin/git log -1 --format=%H
job-core	Checkout code	2026-02-22T20:32:12.4872299Z 6f5a73018ffe5d7cd07957f16338837d06004e89
job-core	Install GH CLI	Ôªø2026-02-22T20:32:12.5187397Z Prepare all required actions
job-core	Install GH CLI	2026-02-22T20:32:12.5236408Z ##[group]Run ./.github/actions/install-gh-cli
job-core	Install GH CLI	2026-02-22T20:32:12.5236738Z env:
job-core	Install GH CLI	2026-02-22T20:32:12.5236936Z   PYTHON_VERSION: 3.9
job-core	Install GH CLI	2026-02-22T20:32:12.5238375Z   MONGO_SUPERUSER_CONNECTION: ***
job-core	Install GH CLI	2026-02-22T20:32:12.5238826Z   MONGO_NEW_PASS: ***
job-core	Install GH CLI	2026-02-22T20:32:12.5239150Z   MONGO_SCRIPT_CREATE: devops/core/mongo/scripts/add-doc-to-db.py
job-core	Install GH CLI	2026-02-22T20:32:12.5239543Z   KAOS_CODE: 22284774241
job-core	Install GH CLI	2026-02-22T20:32:12.5239808Z   KAOS_MODULE: [Ka0s] Autom add docs to MongoDB
job-core	Install GH CLI	2026-02-22T20:32:12.5240113Z   REPORT_SCAN: audit/
job-core	Install GH CLI	2026-02-22T20:32:12.5240346Z   REPORT_PATH: audit/mongodb/
job-core	Install GH CLI	2026-02-22T20:32:12.5240626Z   REPORT_FILENAME: mongo_setup_22284774241.json
job-core	Install GH CLI	2026-02-22T20:32:12.5240966Z   REPORT_FILENAME_LIST: mongo_list_22284774241.json
job-core	Install GH CLI	2026-02-22T20:32:12.5241325Z   REPORT_FILENAME_DB: mongo_create_db_22284774241.json
job-core	Install GH CLI	2026-02-22T20:32:12.5241643Z   GITHUB_OUTPUT: 
job-core	Install GH CLI	2026-02-22T20:32:12.5241851Z ##[endgroup]
job-core	Install GH CLI	2026-02-22T20:32:12.5334638Z ##[group]Run type -p curl >/dev/null || (sudo apt-get update && sudo apt-get install curl -y)
job-core	Install GH CLI	2026-02-22T20:32:12.5335383Z [36;1mtype -p curl >/dev/null || (sudo apt-get update && sudo apt-get install curl -y)[0m
job-core	Install GH CLI	2026-02-22T20:32:12.5336416Z [36;1mcurl -fsSL https://cli.github.com/packages/githubcli-archive-keyring.gpg | sudo dd of=/usr/share/keyrings/githubcli-archive-keyring.gpg \[0m
job-core	Install GH CLI	2026-02-22T20:32:12.5337572Z [36;1m&& sudo chmod go+r /usr/share/keyrings/githubcli-archive-keyring.gpg \[0m
job-core	Install GH CLI	2026-02-22T20:32:12.5338981Z [36;1m&& echo "deb [arch=$(dpkg --print-architecture) signed-by=/usr/share/keyrings/githubcli-archive-keyring.gpg] https://cli.github.com/packages stable main" | sudo tee /etc/apt/sources.list.d/github-cli.list > /dev/null \[0m
job-core	Install GH CLI	2026-02-22T20:32:12.5339987Z [36;1m&& sudo apt-get update \[0m
job-core	Install GH CLI	2026-02-22T20:32:12.5340291Z [36;1m&& sudo apt-get install gh -y[0m
job-core	Install GH CLI	2026-02-22T20:32:12.5357150Z shell: /usr/bin/bash --noprofile --norc -e -o pipefail {0}
job-core	Install GH CLI	2026-02-22T20:32:12.5357525Z env:
job-core	Install GH CLI	2026-02-22T20:32:12.5357732Z   PYTHON_VERSION: 3.9
job-core	Install GH CLI	2026-02-22T20:32:12.5358865Z   MONGO_SUPERUSER_CONNECTION: ***
job-core	Install GH CLI	2026-02-22T20:32:12.5359255Z   MONGO_NEW_PASS: ***
job-core	Install GH CLI	2026-02-22T20:32:12.5359570Z   MONGO_SCRIPT_CREATE: devops/core/mongo/scripts/add-doc-to-db.py
job-core	Install GH CLI	2026-02-22T20:32:12.5359944Z   KAOS_CODE: 22284774241
job-core	Install GH CLI	2026-02-22T20:32:12.5360206Z   KAOS_MODULE: [Ka0s] Autom add docs to MongoDB
job-core	Install GH CLI	2026-02-22T20:32:12.5360504Z   REPORT_SCAN: audit/
job-core	Install GH CLI	2026-02-22T20:32:12.5360742Z   REPORT_PATH: audit/mongodb/
job-core	Install GH CLI	2026-02-22T20:32:12.5361020Z   REPORT_FILENAME: mongo_setup_22284774241.json
job-core	Install GH CLI	2026-02-22T20:32:12.5361348Z   REPORT_FILENAME_LIST: mongo_list_22284774241.json
job-core	Install GH CLI	2026-02-22T20:32:12.5361699Z   REPORT_FILENAME_DB: mongo_create_db_22284774241.json
job-core	Install GH CLI	2026-02-22T20:32:12.5362011Z   GITHUB_OUTPUT: 
job-core	Install GH CLI	2026-02-22T20:32:12.5362217Z ##[endgroup]
job-core	Install GH CLI	2026-02-22T20:32:12.7346214Z 4+1 records in
job-core	Install GH CLI	2026-02-22T20:32:12.7346590Z 4+1 records out
job-core	Install GH CLI	2026-02-22T20:32:12.7347626Z 2270 bytes (2.3 kB, 2.2 KiB) copied, 0.175501 s, 12.9 kB/s
job-core	Install GH CLI	2026-02-22T20:32:12.8731449Z Get:1 https://cli.github.com/packages stable InRelease [3917 B]
job-core	Install GH CLI	2026-02-22T20:32:12.9541072Z Get:2 http://archive.ubuntu.com/ubuntu noble InRelease [256 kB]
job-core	Install GH CLI	2026-02-22T20:32:12.9568551Z Get:3 https://cli.github.com/packages stable/main amd64 Packages [356 B]
job-core	Install GH CLI	2026-02-22T20:32:12.9656509Z Get:4 http://security.ubuntu.com/ubuntu noble-security InRelease [126 kB]
job-core	Install GH CLI	2026-02-22T20:32:13.0449939Z Get:5 https://ppa.launchpadcontent.net/git-core/ppa/ubuntu noble InRelease [24.3 kB]
job-core	Install GH CLI	2026-02-22T20:32:13.2354517Z Get:6 https://ppa.launchpadcontent.net/git-core/ppa/ubuntu noble/main amd64 Packages [2992 B]
job-core	Install GH CLI	2026-02-22T20:32:13.2452500Z Get:7 http://archive.ubuntu.com/ubuntu noble-updates InRelease [126 kB]
job-core	Install GH CLI	2026-02-22T20:32:13.3169418Z Get:8 http://archive.ubuntu.com/ubuntu noble-backports InRelease [126 kB]
job-core	Install GH CLI	2026-02-22T20:32:13.3549228Z Get:9 http://security.ubuntu.com/ubuntu noble-security/main amd64 Packages [1857 kB]
job-core	Install GH CLI	2026-02-22T20:32:13.4358818Z Get:10 http://archive.ubuntu.com/ubuntu noble/multiverse amd64 Packages [331 kB]
job-core	Install GH CLI	2026-02-22T20:32:13.5399330Z Get:11 http://archive.ubuntu.com/ubuntu noble/restricted amd64 Packages [117 kB]
job-core	Install GH CLI	2026-02-22T20:32:13.5523372Z Get:12 http://archive.ubuntu.com/ubuntu noble/universe amd64 Packages [19.3 MB]
job-core	Install GH CLI	2026-02-22T20:32:13.6662275Z Get:13 http://security.ubuntu.com/ubuntu noble-security/restricted amd64 Packages [3196 kB]
job-core	Install GH CLI	2026-02-22T20:32:13.7527063Z Get:14 http://security.ubuntu.com/ubuntu noble-security/universe amd64 Packages [1207 kB]
job-core	Install GH CLI	2026-02-22T20:32:13.7760595Z Get:15 http://security.ubuntu.com/ubuntu noble-security/multiverse amd64 Packages [34.8 kB]
job-core	Install GH CLI	2026-02-22T20:32:13.9597199Z Get:16 http://archive.ubuntu.com/ubuntu noble/main amd64 Packages [1808 kB]
job-core	Install GH CLI	2026-02-22T20:32:13.9710091Z Get:17 http://archive.ubuntu.com/ubuntu noble-updates/multiverse amd64 Packages [38.1 kB]
job-core	Install GH CLI	2026-02-22T20:32:13.9714277Z Get:18 http://archive.ubuntu.com/ubuntu noble-updates/universe amd64 Packages [2016 kB]
job-core	Install GH CLI	2026-02-22T20:32:13.9855729Z Get:19 http://archive.ubuntu.com/ubuntu noble-updates/main amd64 Packages [2240 kB]
job-core	Install GH CLI	2026-02-22T20:32:14.0292931Z Get:20 http://archive.ubuntu.com/ubuntu noble-updates/restricted amd64 Packages [3381 kB]
job-core	Install GH CLI	2026-02-22T20:32:14.0822721Z Get:21 http://archive.ubuntu.com/ubuntu noble-backports/universe amd64 Packages [34.6 kB]
job-core	Install GH CLI	2026-02-22T20:32:14.0826361Z Get:22 http://archive.ubuntu.com/ubuntu noble-backports/main amd64 Packages [49.5 kB]
job-core	Install GH CLI	2026-02-22T20:32:15.2354860Z Fetched 36.3 MB in 2s (15.1 MB/s)
job-core	Install GH CLI	2026-02-22T20:32:16.1666391Z Reading package lists...
job-core	Install GH CLI	2026-02-22T20:32:17.1326074Z Reading package lists...
job-core	Install GH CLI	2026-02-22T20:32:17.3560879Z Building dependency tree...
job-core	Install GH CLI	2026-02-22T20:32:17.3562748Z Reading state information...
job-core	Install GH CLI	2026-02-22T20:32:17.7122753Z The following NEW packages will be installed:
job-core	Install GH CLI	2026-02-22T20:32:17.7143629Z   gh
job-core	Install GH CLI	2026-02-22T20:32:17.7930037Z 0 upgraded, 1 newly installed, 0 to remove and 26 not upgraded.
job-core	Install GH CLI	2026-02-22T20:32:17.7930612Z Need to get 13.8 MB of archives.
job-core	Install GH CLI	2026-02-22T20:32:17.7931203Z After this operation, 38.4 MB of additional disk space will be used.
job-core	Install GH CLI	2026-02-22T20:32:17.7931998Z Get:1 https://cli.github.com/packages stable/main amd64 gh amd64 2.87.2 [13.8 MB]
job-core	Install GH CLI	2026-02-22T20:32:18.1649388Z debconf: delaying package configuration, since apt-utils is not installed
job-core	Install GH CLI	2026-02-22T20:32:18.2048648Z Fetched 13.8 MB in 0s (50.8 MB/s)
job-core	Install GH CLI	2026-02-22T20:32:18.2336221Z Selecting previously unselected package gh.
job-core	Install GH CLI	2026-02-22T20:32:18.2379971Z (Reading database ... 
job-core	Install GH CLI	2026-02-22T20:32:18.2380597Z (Reading database ... 5%
job-core	Install GH CLI	2026-02-22T20:32:18.2381641Z (Reading database ... 10%
job-core	Install GH CLI	2026-02-22T20:32:18.2382183Z (Reading database ... 15%
job-core	Install GH CLI	2026-02-22T20:32:18.2382691Z (Reading database ... 20%
job-core	Install GH CLI	2026-02-22T20:32:18.2383035Z (Reading database ... 25%
job-core	Install GH CLI	2026-02-22T20:32:18.2383333Z (Reading database ... 30%
job-core	Install GH CLI	2026-02-22T20:32:18.2383626Z (Reading database ... 35%
job-core	Install GH CLI	2026-02-22T20:32:18.2383911Z (Reading database ... 40%
job-core	Install GH CLI	2026-02-22T20:32:18.2384197Z (Reading database ... 45%
job-core	Install GH CLI	2026-02-22T20:32:18.2384480Z (Reading database ... 50%
job-core	Install GH CLI	2026-02-22T20:32:18.2384762Z (Reading database ... 55%
job-core	Install GH CLI	2026-02-22T20:32:18.2385042Z (Reading database ... 60%
job-core	Install GH CLI	2026-02-22T20:32:18.2388626Z (Reading database ... 65%
job-core	Install GH CLI	2026-02-22T20:32:18.2413375Z (Reading database ... 70%
job-core	Install GH CLI	2026-02-22T20:32:18.2419189Z (Reading database ... 75%
job-core	Install GH CLI	2026-02-22T20:32:18.2433131Z (Reading database ... 80%
job-core	Install GH CLI	2026-02-22T20:32:18.2439728Z (Reading database ... 85%
job-core	Install GH CLI	2026-02-22T20:32:18.2450493Z (Reading database ... 90%
job-core	Install GH CLI	2026-02-22T20:32:18.2473089Z (Reading database ... 95%
job-core	Install GH CLI	2026-02-22T20:32:18.2473498Z (Reading database ... 100%
job-core	Install GH CLI	2026-02-22T20:32:18.2473940Z (Reading database ... 14385 files and directories currently installed.)
job-core	Install GH CLI	2026-02-22T20:32:18.2478872Z Preparing to unpack .../archives/gh_2.87.2_amd64.deb ...
job-core	Install GH CLI	2026-02-22T20:32:18.2511998Z Unpacking gh (2.87.2) ...
job-core	Install GH CLI	2026-02-22T20:32:18.4774904Z Setting up gh (2.87.2) ...
job-core	Set up Python	Ôªø2026-02-22T20:32:18.5635226Z ##[group]Run actions/setup-python@v4
job-core	Set up Python	2026-02-22T20:32:18.5636404Z with:
job-core	Set up Python	2026-02-22T20:32:18.5636681Z   python-version: 3.9
job-core	Set up Python	2026-02-22T20:32:18.5636993Z   check-latest: false
job-core	Set up Python	2026-02-22T20:32:18.5637466Z   token: ***
job-core	Set up Python	2026-02-22T20:32:18.5637997Z   update-environment: true
job-core	Set up Python	2026-02-22T20:32:18.5638343Z   allow-prereleases: false
job-core	Set up Python	2026-02-22T20:32:18.5638651Z env:
job-core	Set up Python	2026-02-22T20:32:18.5638901Z   PYTHON_VERSION: 3.9
job-core	Set up Python	2026-02-22T20:32:18.5639818Z   MONGO_SUPERUSER_CONNECTION: ***
job-core	Set up Python	2026-02-22T20:32:18.5640335Z   MONGO_NEW_PASS: ***
job-core	Set up Python	2026-02-22T20:32:18.5640759Z   MONGO_SCRIPT_CREATE: devops/core/mongo/scripts/add-doc-to-db.py
job-core	Set up Python	2026-02-22T20:32:18.5641269Z   KAOS_CODE: 22284774241
job-core	Set up Python	2026-02-22T20:32:18.5641620Z   KAOS_MODULE: [Ka0s] Autom add docs to MongoDB
job-core	Set up Python	2026-02-22T20:32:18.5642023Z   REPORT_SCAN: audit/
job-core	Set up Python	2026-02-22T20:32:18.5642326Z   REPORT_PATH: audit/mongodb/
job-core	Set up Python	2026-02-22T20:32:18.5642698Z   REPORT_FILENAME: mongo_setup_22284774241.json
job-core	Set up Python	2026-02-22T20:32:18.5643138Z   REPORT_FILENAME_LIST: mongo_list_22284774241.json
job-core	Set up Python	2026-02-22T20:32:18.5643659Z   REPORT_FILENAME_DB: mongo_create_db_22284774241.json
job-core	Set up Python	2026-02-22T20:32:18.5644070Z   GITHUB_OUTPUT: 
job-core	Set up Python	2026-02-22T20:32:18.5644343Z ##[endgroup]
job-core	Set up Python	2026-02-22T20:32:18.7687377Z ##[group]Installed versions
job-core	Set up Python	2026-02-22T20:32:18.7701562Z Version 3.9 was not found in the local cache
job-core	Set up Python	2026-02-22T20:32:19.8670746Z Version 3.9 is available for downloading
job-core	Set up Python	2026-02-22T20:32:19.8671912Z Download from "https://github.com/actions/python-versions/releases/download/3.9.25-19039189640/python-3.9.25-linux-24.04-x64.tar.gz"
job-core	Set up Python	2026-02-22T20:32:22.1593060Z Extract downloaded archive
job-core	Set up Python	2026-02-22T20:32:22.1976653Z [command]/usr/bin/tar xz --warning=no-unknown-keyword -C /home/runner/_work/_temp/7951b1c0-ebda-4ca3-8f7e-c7ba6ef74104 -f /home/runner/_work/_temp/ac3cd952-d56b-490f-8869-8643a74f05d4
job-core	Set up Python	2026-02-22T20:32:23.7382513Z Execute installation script
job-core	Set up Python	2026-02-22T20:32:23.7488714Z Check if Python hostedtoolcache folder exist...
job-core	Set up Python	2026-02-22T20:32:23.7489125Z Creating Python hostedtoolcache folder...
job-core	Set up Python	2026-02-22T20:32:23.7505498Z Create Python 3.9.25 folder
job-core	Set up Python	2026-02-22T20:32:23.7520397Z Copy Python binaries to hostedtoolcache folder
job-core	Set up Python	2026-02-22T20:32:24.7003955Z Create additional symlinks (Required for the UsePythonVersion Azure Pipelines task and the setup-python GitHub Action)
job-core	Set up Python	2026-02-22T20:32:24.7052768Z Upgrading pip...
job-core	Set up Python	2026-02-22T20:32:26.6842864Z Looking in links: /tmp/tmpn8l9zdyv
job-core	Set up Python	2026-02-22T20:32:26.6847375Z Requirement already satisfied: setuptools in /home/runner/_work/_tool/Python/3.9.25/x64/lib/python3.9/site-packages (79.0.1)
job-core	Set up Python	2026-02-22T20:32:26.6852962Z Requirement already satisfied: pip in /home/runner/_work/_tool/Python/3.9.25/x64/lib/python3.9/site-packages (23.0.1)
job-core	Set up Python	2026-02-22T20:32:27.9781985Z Collecting pip
job-core	Set up Python	2026-02-22T20:32:28.0377150Z Downloading pip-26.0.1-py3-none-any.whl (1.8 MB)
job-core	Set up Python	2026-02-22T20:32:28.0930426Z ‚îÅ‚îÅ‚îÅ‚îÅ‚îÅ‚îÅ‚îÅ‚îÅ‚îÅ‚îÅ‚îÅ‚îÅ‚îÅ‚îÅ‚îÅ‚îÅ‚îÅ‚îÅ‚îÅ‚îÅ‚îÅ‚îÅ‚îÅ‚îÅ‚îÅ‚îÅ‚îÅ‚îÅ‚îÅ‚îÅ‚îÅ‚îÅ‚îÅ‚îÅ‚îÅ‚îÅ‚îÅ‚îÅ‚îÅ‚îÅ 1.8/1.8 MB 34.2 MB/s eta 0:00:00
job-core	Set up Python	2026-02-22T20:32:28.0930814Z 
job-core	Set up Python	2026-02-22T20:32:28.1615197Z Installing collected packages: pip
job-core	Set up Python	2026-02-22T20:32:28.1616038Z Attempting uninstall: pip
job-core	Set up Python	2026-02-22T20:32:28.1624246Z Found existing installation: pip 23.0.1
job-core	Set up Python	2026-02-22T20:32:28.4779723Z Uninstalling pip-23.0.1:
job-core	Set up Python	2026-02-22T20:32:28.4879146Z Successfully uninstalled pip-23.0.1
job-core	Set up Python	2026-02-22T20:32:29.3758727Z Successfully installed pip-26.0.1
job-core	Set up Python	2026-02-22T20:32:29.4541658Z Create complete file
job-core	Set up Python	2026-02-22T20:32:29.4586580Z Successfully set up CPython (3.9.25)
job-core	Set up Python	2026-02-22T20:32:29.4587622Z ##[endgroup]
job-core	Install dependencies	Ôªø2026-02-22T20:32:29.4764034Z ##[group]Run pip install pymongo
job-core	Install dependencies	2026-02-22T20:32:29.4764382Z [36;1mpip install pymongo[0m
job-core	Install dependencies	2026-02-22T20:32:29.4780585Z shell: /usr/bin/bash -e {0}
job-core	Install dependencies	2026-02-22T20:32:29.4780866Z env:
job-core	Install dependencies	2026-02-22T20:32:29.4781066Z   PYTHON_VERSION: 3.9
job-core	Install dependencies	2026-02-22T20:32:29.4782064Z   MONGO_SUPERUSER_CONNECTION: ***
job-core	Install dependencies	2026-02-22T20:32:29.4782506Z   MONGO_NEW_PASS: ***
job-core	Install dependencies	2026-02-22T20:32:29.4782833Z   MONGO_SCRIPT_CREATE: devops/core/mongo/scripts/add-doc-to-db.py
job-core	Install dependencies	2026-02-22T20:32:29.4793513Z   KAOS_CODE: 22284774241
job-core	Install dependencies	2026-02-22T20:32:29.4793802Z   KAOS_MODULE: [Ka0s] Autom add docs to MongoDB
job-core	Install dependencies	2026-02-22T20:32:29.4794111Z   REPORT_SCAN: audit/
job-core	Install dependencies	2026-02-22T20:32:29.4794345Z   REPORT_PATH: audit/mongodb/
job-core	Install dependencies	2026-02-22T20:32:29.4794630Z   REPORT_FILENAME: mongo_setup_22284774241.json
job-core	Install dependencies	2026-02-22T20:32:29.4794965Z   REPORT_FILENAME_LIST: mongo_list_22284774241.json
job-core	Install dependencies	2026-02-22T20:32:29.4795327Z   REPORT_FILENAME_DB: mongo_create_db_22284774241.json
job-core	Install dependencies	2026-02-22T20:32:29.4795646Z   GITHUB_OUTPUT: 
job-core	Install dependencies	2026-02-22T20:32:29.4795938Z   pythonLocation: /home/runner/_work/_tool/Python/3.9.25/x64
job-core	Install dependencies	2026-02-22T20:32:29.4796455Z   PKG_CONFIG_PATH: /home/runner/_work/_tool/Python/3.9.25/x64/lib/pkgconfig
job-core	Install dependencies	2026-02-22T20:32:29.4796924Z   Python_ROOT_DIR: /home/runner/_work/_tool/Python/3.9.25/x64
job-core	Install dependencies	2026-02-22T20:32:29.4797359Z   Python2_ROOT_DIR: /home/runner/_work/_tool/Python/3.9.25/x64
job-core	Install dependencies	2026-02-22T20:32:29.4798088Z   Python3_ROOT_DIR: /home/runner/_work/_tool/Python/3.9.25/x64
job-core	Install dependencies	2026-02-22T20:32:29.4798529Z   LD_LIBRARY_PATH: /home/runner/_work/_tool/Python/3.9.25/x64/lib
job-core	Install dependencies	2026-02-22T20:32:29.4798883Z ##[endgroup]
job-core	Install dependencies	2026-02-22T20:32:30.3404238Z Collecting pymongo
job-core	Install dependencies	2026-02-22T20:32:30.3966370Z   Downloading pymongo-4.16.0-cp39-cp39-manylinux2014_x86_64.manylinux_2_17_x86_64.manylinux_2_28_x86_64.whl.metadata (10.0 kB)
job-core	Install dependencies	2026-02-22T20:32:30.4282380Z Collecting dnspython<3.0.0,>=2.6.1 (from pymongo)
job-core	Install dependencies	2026-02-22T20:32:30.4346131Z   Downloading dnspython-2.7.0-py3-none-any.whl.metadata (5.8 kB)
job-core	Install dependencies	2026-02-22T20:32:30.4516337Z Downloading pymongo-4.16.0-cp39-cp39-manylinux2014_x86_64.manylinux_2_17_x86_64.manylinux_2_28_x86_64.whl (947 kB)
job-core	Install dependencies	2026-02-22T20:32:30.4949661Z    ‚îÅ‚îÅ‚îÅ‚îÅ‚îÅ‚îÅ‚îÅ‚îÅ‚îÅ‚îÅ‚îÅ‚îÅ‚îÅ‚îÅ‚îÅ‚îÅ‚îÅ‚îÅ‚îÅ‚îÅ‚îÅ‚îÅ‚îÅ‚îÅ‚îÅ‚îÅ‚îÅ‚îÅ‚îÅ‚îÅ‚îÅ‚îÅ‚îÅ‚îÅ‚îÅ‚îÅ‚îÅ‚îÅ‚îÅ‚îÅ 947.2/947.2 kB 27.9 MB/s  0:00:00
job-core	Install dependencies	2026-02-22T20:32:30.5034432Z Downloading dnspython-2.7.0-py3-none-any.whl (313 kB)
job-core	Install dependencies	2026-02-22T20:32:30.5589562Z Installing collected packages: dnspython, pymongo
job-core	Install dependencies	2026-02-22T20:32:31.1097883Z 
job-core	Install dependencies	2026-02-22T20:32:31.1117226Z Successfully installed dnspython-2.7.0 pymongo-4.16.0
job-core	Create database MongoDB	Ôªø2026-02-22T20:32:31.3443637Z ##[group]Run python devops/core/mongo/scripts/add-doc-to-db.py
job-core	Create database MongoDB	2026-02-22T20:32:31.3444164Z [36;1mpython devops/core/mongo/scripts/add-doc-to-db.py[0m
job-core	Create database MongoDB	2026-02-22T20:32:31.3444626Z [36;1mecho "Downloading files to MongoDB update repository ..."[0m
job-core	Create database MongoDB	2026-02-22T20:32:31.3445168Z [36;1mgit config --global user.name "***"[0m
job-core	Create database MongoDB	2026-02-22T20:32:31.3445542Z [36;1mgit config --global user.email "***"[0m
job-core	Create database MongoDB	2026-02-22T20:32:31.3445843Z [36;1mgit pull[0m
job-core	Create database MongoDB	2026-02-22T20:32:31.3446163Z [36;1mecho "[Ka0s] Uploading files to MongoDB update repository ..."[0m
job-core	Create database MongoDB	2026-02-22T20:32:31.3446557Z [36;1mgit add audit/[0m
job-core	Create database MongoDB	2026-02-22T20:32:31.3446996Z [36;1mgit commit -m "[Ka0S] Uploading Autom add docs to MongoDB..." || echo "No changes to commit"[0m
job-core	Create database MongoDB	2026-02-22T20:32:31.3447500Z [36;1mMAX_RETRIES=3[0m
job-core	Create database MongoDB	2026-02-22T20:32:31.3447723Z [36;1mCOUNT=0[0m
job-core	Create database MongoDB	2026-02-22T20:32:31.3448692Z [36;1muntil git push origin refs/heads/main --force-with-lease; do[0m
job-core	Create database MongoDB	2026-02-22T20:32:31.3449091Z [36;1m  COUNT=$((COUNT+1))[0m
job-core	Create database MongoDB	2026-02-22T20:32:31.3449409Z [36;1m  if [ $COUNT -ge $MAX_RETRIES ]; then[0m
job-core	Create database MongoDB	2026-02-22T20:32:31.3449818Z [36;1m    echo "‚ùå Error: git push failed after $MAX_RETRIES attempts."[0m
job-core	Create database MongoDB	2026-02-22T20:32:31.3450199Z [36;1m    exit 1[0m
job-core	Create database MongoDB	2026-02-22T20:32:31.3450409Z [36;1m  fi[0m
job-core	Create database MongoDB	2026-02-22T20:32:31.3450707Z [36;1m  echo "‚ö†Ô∏è git push failed, retrying ($COUNT/$MAX_RETRIES)..."[0m
job-core	Create database MongoDB	2026-02-22T20:32:31.3451079Z [36;1m  git pull[0m
job-core	Create database MongoDB	2026-02-22T20:32:31.3451297Z [36;1m  sleep 2[0m
job-core	Create database MongoDB	2026-02-22T20:32:31.3451508Z [36;1mdone[0m
job-core	Create database MongoDB	2026-02-22T20:32:31.3464118Z shell: /usr/bin/bash -e {0}
job-core	Create database MongoDB	2026-02-22T20:32:31.3464531Z env:
job-core	Create database MongoDB	2026-02-22T20:32:31.3464732Z   PYTHON_VERSION: 3.9
job-core	Create database MongoDB	2026-02-22T20:32:31.3465604Z   MONGO_SUPERUSER_CONNECTION: ***
job-core	Create database MongoDB	2026-02-22T20:32:31.3465998Z   MONGO_NEW_PASS: ***
job-core	Create database MongoDB	2026-02-22T20:32:31.3466311Z   MONGO_SCRIPT_CREATE: devops/core/mongo/scripts/add-doc-to-db.py
job-core	Create database MongoDB	2026-02-22T20:32:31.3475399Z   KAOS_CODE: 22284774241
job-core	Create database MongoDB	2026-02-22T20:32:31.3475969Z   KAOS_MODULE: [Ka0s] Autom add docs to MongoDB
job-core	Create database MongoDB	2026-02-22T20:32:31.3476402Z   REPORT_SCAN: audit/
job-core	Create database MongoDB	2026-02-22T20:32:31.3476644Z   REPORT_PATH: audit/mongodb/
job-core	Create database MongoDB	2026-02-22T20:32:31.3476926Z   REPORT_FILENAME: mongo_setup_22284774241.json
job-core	Create database MongoDB	2026-02-22T20:32:31.3477264Z   REPORT_FILENAME_LIST: mongo_list_22284774241.json
job-core	Create database MongoDB	2026-02-22T20:32:31.3477620Z   REPORT_FILENAME_DB: mongo_create_db_22284774241.json
job-core	Create database MongoDB	2026-02-22T20:32:31.3478682Z   GITHUB_OUTPUT: 
job-core	Create database MongoDB	2026-02-22T20:32:31.3478964Z   pythonLocation: /home/runner/_work/_tool/Python/3.9.25/x64
job-core	Create database MongoDB	2026-02-22T20:32:31.3479418Z   PKG_CONFIG_PATH: /home/runner/_work/_tool/Python/3.9.25/x64/lib/pkgconfig
job-core	Create database MongoDB	2026-02-22T20:32:31.3479864Z   Python_ROOT_DIR: /home/runner/_work/_tool/Python/3.9.25/x64
job-core	Create database MongoDB	2026-02-22T20:32:31.3480261Z   Python2_ROOT_DIR: /home/runner/_work/_tool/Python/3.9.25/x64
job-core	Create database MongoDB	2026-02-22T20:32:31.3480806Z   Python3_ROOT_DIR: /home/runner/_work/_tool/Python/3.9.25/x64
job-core	Create database MongoDB	2026-02-22T20:32:31.3481216Z   LD_LIBRARY_PATH: /home/runner/_work/_tool/Python/3.9.25/x64/lib
job-core	Create database MongoDB	2026-02-22T20:32:31.3481555Z ##[endgroup]
job-core	Create database MongoDB	2026-02-22T20:32:31.6983316Z [DEBUG] Procesamos el directorio: audit/
job-core	Create database MongoDB	2026-02-22T20:32:31.6984054Z [DEBUG] Procesamos el directorio: audit/
job-core	Create database MongoDB	2026-02-22T20:32:31.6984368Z [DEBUG] Comprobamos el nombre DB: kaos
job-core	Create database MongoDB	2026-02-22T20:32:31.6984798Z [DEBUG] Extensiones procesadas: {'md'}
job-core	Create database MongoDB	2026-02-22T20:32:31.6985110Z [DEBUG] Tipo de ext: <class 'str'>, Valor: md
job-core	Create database MongoDB	2026-02-22T20:32:31.6985621Z [DEBUG] Creando colecci√≥n: col_md
job-core	Create database MongoDB	2026-02-22T20:32:31.6986038Z [DEBUG] Procesamos el directorio: audit/
job-core	Create database MongoDB	2026-02-22T20:32:31.6986358Z [DEBUG] Comprobamos el nombre DB: workflows
job-core	Create database MongoDB	2026-02-22T20:32:31.6986676Z [DEBUG] Extensiones procesadas: {'md'}
job-core	Create database MongoDB	2026-02-22T20:32:31.6987074Z [DEBUG] Tipo de ext: <class 'str'>, Valor: md
job-core	Create database MongoDB	2026-02-22T20:32:31.6987460Z [DEBUG] Creando colecci√≥n: col_md
job-core	Create database MongoDB	2026-02-22T20:32:31.6988685Z [DEBUG] Procesamos el directorio: audit/
job-core	Create database MongoDB	2026-02-22T20:32:31.6989004Z [DEBUG] Comprobamos el nombre DB: inspector
job-core	Create database MongoDB	2026-02-22T20:32:31.6989361Z [DEBUG] Extensiones procesadas: {'md', 'json', 'log'}
job-core	Create database MongoDB	2026-02-22T20:32:31.6989729Z [DEBUG] Tipo de ext: <class 'str'>, Valor: md
job-core	Create database MongoDB	2026-02-22T20:32:31.6990485Z [DEBUG] Creando colecci√≥n: col_md
job-core	Create database MongoDB	2026-02-22T20:32:31.6990790Z [DEBUG] Tipo de ext: <class 'str'>, Valor: json
job-core	Create database MongoDB	2026-02-22T20:32:31.6991156Z [DEBUG] Creando colecci√≥n: col_json
job-core	Create database MongoDB	2026-02-22T20:32:31.6991461Z [DEBUG] Tipo de ext: <class 'str'>, Valor: log
job-core	Create database MongoDB	2026-02-22T20:32:31.6991810Z [DEBUG] Creando colecci√≥n: col_log
job-core	Create database MongoDB	2026-02-22T20:32:31.6992102Z [DEBUG] Procesamos el directorio: audit/
job-core	Create database MongoDB	2026-02-22T20:32:31.6992417Z [DEBUG] Comprobamos el nombre DB: execution
job-core	Create database MongoDB	2026-02-22T20:32:31.6992730Z [DEBUG] Extensiones procesadas: {'md'}
job-core	Create database MongoDB	2026-02-22T20:32:31.6993038Z [DEBUG] Tipo de ext: <class 'str'>, Valor: md
job-core	Create database MongoDB	2026-02-22T20:32:31.6993388Z [DEBUG] Creando colecci√≥n: col_md
job-core	Create database MongoDB	2026-02-22T20:32:31.6993669Z [DEBUG] Procesamos el directorio: audit/
job-core	Create database MongoDB	2026-02-22T20:32:31.6993987Z [DEBUG] Comprobamos el nombre DB: trash
job-core	Create database MongoDB	2026-02-22T20:32:31.6994292Z [DEBUG] Extensiones procesadas: {'md'}
job-core	Create database MongoDB	2026-02-22T20:32:31.6994598Z [DEBUG] Tipo de ext: <class 'str'>, Valor: md
job-core	Create database MongoDB	2026-02-22T20:32:31.6994947Z [DEBUG] Creando colecci√≥n: col_md
job-core	Create database MongoDB	2026-02-22T20:32:31.6995244Z [DEBUG] Procesamos el directorio: audit/
job-core	Create database MongoDB	2026-02-22T20:32:31.6995552Z [DEBUG] Comprobamos el nombre DB: eresults
job-core	Create database MongoDB	2026-02-22T20:32:31.6995855Z [DEBUG] Extensiones procesadas: {'md'}
job-core	Create database MongoDB	2026-02-22T20:32:31.6996160Z [DEBUG] Tipo de ext: <class 'str'>, Valor: md
job-core	Create database MongoDB	2026-02-22T20:32:31.6996513Z [DEBUG] Creando colecci√≥n: col_md
job-core	Create database MongoDB	2026-02-22T20:32:31.6996803Z [DEBUG] Procesamos el directorio: audit/
job-core	Create database MongoDB	2026-02-22T20:32:31.6997106Z [DEBUG] Comprobamos el nombre DB: scan
job-core	Create database MongoDB	2026-02-22T20:32:31.6997403Z [DEBUG] Extensiones procesadas: {'md'}
job-core	Create database MongoDB	2026-02-22T20:32:31.6997707Z [DEBUG] Tipo de ext: <class 'str'>, Valor: md
job-core	Create database MongoDB	2026-02-22T20:32:31.6998193Z [DEBUG] Creando colecci√≥n: col_md
job-core	Create database MongoDB	2026-02-22T20:32:31.6998483Z [DEBUG] Procesamos el directorio: audit/
job-core	Create database MongoDB	2026-02-22T20:32:31.6998796Z [DEBUG] Comprobamos el nombre DB: deploy
job-core	Create database MongoDB	2026-02-22T20:32:31.6999099Z [DEBUG] Extensiones procesadas: {'md'}
job-core	Create database MongoDB	2026-02-22T20:32:31.6999403Z [DEBUG] Tipo de ext: <class 'str'>, Valor: md
job-core	Create database MongoDB	2026-02-22T20:32:31.6999752Z [DEBUG] Creando colecci√≥n: col_md
job-core	Create database MongoDB	2026-02-22T20:32:31.7000047Z [DEBUG] Procesamos el directorio: audit/
job-core	Create database MongoDB	2026-02-22T20:32:31.7000344Z [DEBUG] Comprobamos el nombre DB: kube
job-core	Create database MongoDB	2026-02-22T20:32:31.7000680Z [DEBUG] Extensiones procesadas: {'html', 'md', 'json'}
job-core	Create database MongoDB	2026-02-22T20:32:31.7001041Z [DEBUG] Tipo de ext: <class 'str'>, Valor: html
job-core	Create database MongoDB	2026-02-22T20:32:31.7001403Z [DEBUG] Creando colecci√≥n: col_html
job-core	Create database MongoDB	2026-02-22T20:32:31.7001703Z [DEBUG] Tipo de ext: <class 'str'>, Valor: md
job-core	Create database MongoDB	2026-02-22T20:32:31.7002052Z [DEBUG] Creando colecci√≥n: col_md
job-core	Create database MongoDB	2026-02-22T20:32:31.7002352Z [DEBUG] Tipo de ext: <class 'str'>, Valor: json
job-core	Create database MongoDB	2026-02-22T20:32:31.7002707Z [DEBUG] Creando colecci√≥n: col_json
job-core	Create database MongoDB	2026-02-22T20:32:31.7003002Z [DEBUG] Procesamos el directorio: audit/
job-core	Create database MongoDB	2026-02-22T20:32:31.7003310Z [DEBUG] Comprobamos el nombre DB: sync
job-core	Create database MongoDB	2026-02-22T20:32:31.7003606Z [DEBUG] Extensiones procesadas: {'md'}
job-core	Create database MongoDB	2026-02-22T20:32:31.7003944Z [DEBUG] Tipo de ext: <class 'str'>, Valor: md
job-core	Create database MongoDB	2026-02-22T20:32:31.7004294Z [DEBUG] Creando colecci√≥n: col_md
job-core	Create database MongoDB	2026-02-22T20:32:31.7004587Z [DEBUG] Procesamos el directorio: audit/
job-core	Create database MongoDB	2026-02-22T20:32:31.7004884Z [DEBUG] Comprobamos el nombre DB: issues
job-core	Create database MongoDB	2026-02-22T20:32:31.7005184Z [DEBUG] Extensiones procesadas: {'md'}
job-core	Create database MongoDB	2026-02-22T20:32:31.7005492Z [DEBUG] Tipo de ext: <class 'str'>, Valor: md
job-core	Create database MongoDB	2026-02-22T20:32:31.7005841Z [DEBUG] Creando colecci√≥n: col_md
job-core	Create database MongoDB	2026-02-22T20:32:31.7006126Z [DEBUG] Procesamos el directorio: audit/
job-core	Create database MongoDB	2026-02-22T20:32:31.7006431Z [DEBUG] Comprobamos el nombre DB: jsonlint
job-core	Create database MongoDB	2026-02-22T20:32:31.7006739Z [DEBUG] Extensiones procesadas: {'md'}
job-core	Create database MongoDB	2026-02-22T20:32:31.7007037Z [DEBUG] Tipo de ext: <class 'str'>, Valor: md
job-core	Create database MongoDB	2026-02-22T20:32:31.7007386Z [DEBUG] Creando colecci√≥n: col_md
job-core	Create database MongoDB	2026-02-22T20:32:31.7007674Z [DEBUG] Procesamos el directorio: audit/
job-core	Create database MongoDB	2026-02-22T20:32:31.7008356Z [DEBUG] Comprobamos el nombre DB: yamllint
job-core	Create database MongoDB	2026-02-22T20:32:31.7008783Z [DEBUG] Extensiones procesadas: {'md'}
job-core	Create database MongoDB	2026-02-22T20:32:31.7009080Z [DEBUG] Tipo de ext: <class 'str'>, Valor: md
job-core	Create database MongoDB	2026-02-22T20:32:31.7009436Z [DEBUG] Creando colecci√≥n: col_md
job-core	Create database MongoDB	2026-02-22T20:32:31.7009919Z [DEBUG] Procesamos el directorio: audit/
job-core	Create database MongoDB	2026-02-22T20:32:31.7010214Z [DEBUG] Comprobamos el nombre DB: itop
job-core	Create database MongoDB	2026-02-22T20:32:31.7010501Z [DEBUG] Extensiones procesadas: {'md'}
job-core	Create database MongoDB	2026-02-22T20:32:31.7010798Z [DEBUG] Tipo de ext: <class 'str'>, Valor: md
job-core	Create database MongoDB	2026-02-22T20:32:31.7011144Z [DEBUG] Creando colecci√≥n: col_md
job-core	Create database MongoDB	2026-02-22T20:32:31.7011422Z [DEBUG] Procesamos el directorio: audit/
job-core	Create database MongoDB	2026-02-22T20:32:31.7011718Z [DEBUG] Comprobamos el nombre DB: mongodb
job-core	Create database MongoDB	2026-02-22T20:32:31.7012024Z [DEBUG] Extensiones procesadas: {'md', 'json'}
job-core	Create database MongoDB	2026-02-22T20:32:31.7012350Z [DEBUG] Tipo de ext: <class 'str'>, Valor: md
job-core	Create database MongoDB	2026-02-22T20:32:31.7012690Z [DEBUG] Creando colecci√≥n: col_md
job-core	Create database MongoDB	2026-02-22T20:32:31.7012982Z [DEBUG] Tipo de ext: <class 'str'>, Valor: json
job-core	Create database MongoDB	2026-02-22T20:32:31.7013343Z [DEBUG] Creando colecci√≥n: col_json
job-core	Create database MongoDB	2026-02-22T20:32:31.7013628Z [DEBUG] Procesamos el directorio: audit/
job-core	Create database MongoDB	2026-02-22T20:32:31.7013921Z [DEBUG] Comprobamos el nombre DB: hosts
job-core	Create database MongoDB	2026-02-22T20:32:31.7014207Z [DEBUG] Extensiones procesadas: {'md'}
job-core	Create database MongoDB	2026-02-22T20:32:31.7014512Z [DEBUG] Tipo de ext: <class 'str'>, Valor: md
job-core	Create database MongoDB	2026-02-22T20:32:31.7022330Z [DEBUG] Creando colecci√≥n: col_md
job-core	Create database MongoDB	2026-02-22T20:32:31.7022651Z [DEBUG] Procesamos el directorio: audit/
job-core	Create database MongoDB	2026-02-22T20:32:31.7022959Z [DEBUG] Comprobamos el nombre DB: mdlint
job-core	Create database MongoDB	2026-02-22T20:32:31.7023259Z [DEBUG] Extensiones procesadas: {'md'}
job-core	Create database MongoDB	2026-02-22T20:32:31.7023557Z [DEBUG] Tipo de ext: <class 'str'>, Valor: md
job-core	Create database MongoDB	2026-02-22T20:32:31.7023905Z [DEBUG] Creando colecci√≥n: col_md
job-core	Create database MongoDB	2026-02-22T20:32:31.7024179Z [DEBUG] Archivos eliminados en: audit/
job-core	Create database MongoDB	2026-02-22T20:32:31.7024546Z ‚úÖ Proceso completado: 15 documentos insertados
job-core	Create database MongoDB	2026-02-22T20:32:32.0556982Z Downloading files to MongoDB update repository ...
job-core	Create database MongoDB	2026-02-22T20:32:32.6112243Z Already up to date.
job-core	Create database MongoDB	2026-02-22T20:32:32.6123425Z [Ka0s] Uploading files to MongoDB update repository ...
job-core	Create database MongoDB	2026-02-22T20:32:32.8636343Z [main 2e6fdc099] [Ka0S] Uploading Autom add docs to MongoDB...
job-core	Create database MongoDB	2026-02-22T20:32:32.8636795Z  88 files changed, 53059 deletions(-)
job-core	Create database MongoDB	2026-02-22T20:32:32.8637158Z  delete mode 100644 audit/inspector/22283751515.json
job-core	Create database MongoDB	2026-02-22T20:32:32.8637518Z  delete mode 100644 audit/inspector/22283751515.log
job-core	Create database MongoDB	2026-02-22T20:32:32.8640089Z  delete mode 100644 audit/inspector/22283828259.json
job-core	Create database MongoDB	2026-02-22T20:32:32.8640472Z  delete mode 100644 audit/inspector/22283828259.log
job-core	Create database MongoDB	2026-02-22T20:32:32.8640827Z  delete mode 100644 audit/inspector/22283993648.json
job-core	Create database MongoDB	2026-02-22T20:32:32.8641177Z  delete mode 100644 audit/inspector/22283993648.log
job-core	Create database MongoDB	2026-02-22T20:32:32.8641527Z  delete mode 100644 audit/inspector/22284494194.json
job-core	Create database MongoDB	2026-02-22T20:32:32.8641870Z  delete mode 100644 audit/inspector/22284494194.log
job-core	Create database MongoDB	2026-02-22T20:32:32.8642227Z  delete mode 100644 audit/inspector/22284594215.json
job-core	Create database MongoDB	2026-02-22T20:32:32.8642606Z  delete mode 100644 audit/inspector/22284594215.log
job-core	Create database MongoDB	2026-02-22T20:32:32.8643029Z  delete mode 100755 audit/kube/cluster-dashboard-20260221-231501.html
job-core	Create database MongoDB	2026-02-22T20:32:32.8643529Z  delete mode 100755 audit/kube/cluster-dashboard-20260221-231644.html
job-core	Create database MongoDB	2026-02-22T20:32:32.8644041Z  delete mode 100755 audit/kube/cluster-dashboard-20260222-010904.html
job-core	Create database MongoDB	2026-02-22T20:32:32.8644532Z  delete mode 100755 audit/kube/cluster-dashboard-20260222-011127.html
job-core	Create database MongoDB	2026-02-22T20:32:32.8645020Z  delete mode 100755 audit/kube/cluster-dashboard-20260222-040649.html
job-core	Create database MongoDB	2026-02-22T20:32:32.8645508Z  delete mode 100755 audit/kube/cluster-dashboard-20260222-040830.html
job-core	Create database MongoDB	2026-02-22T20:32:32.8645997Z  delete mode 100755 audit/kube/cluster-dashboard-20260222-054335.html
job-core	Create database MongoDB	2026-02-22T20:32:32.8646488Z  delete mode 100755 audit/kube/cluster-dashboard-20260222-054510.html
job-core	Create database MongoDB	2026-02-22T20:32:32.8646977Z  delete mode 100755 audit/kube/cluster-dashboard-20260222-063429.html
job-core	Create database MongoDB	2026-02-22T20:32:32.8647476Z  delete mode 100755 audit/kube/cluster-dashboard-20260222-063558.html
job-core	Create database MongoDB	2026-02-22T20:32:32.8648659Z  delete mode 100755 audit/kube/cluster-dashboard-20260222-072920.html
job-core	Create database MongoDB	2026-02-22T20:32:32.8649422Z  delete mode 100755 audit/kube/cluster-dashboard-20260222-073047.html
job-core	Create database MongoDB	2026-02-22T20:32:32.8649911Z  delete mode 100755 audit/kube/cluster-dashboard-20260222-081918.html
job-core	Create database MongoDB	2026-02-22T20:32:32.8650629Z  delete mode 100755 audit/kube/cluster-dashboard-20260222-082115.html
job-core	Create database MongoDB	2026-02-22T20:32:32.8651120Z  delete mode 100755 audit/kube/cluster-dashboard-20260222-092033.html
job-core	Create database MongoDB	2026-02-22T20:32:32.8651610Z  delete mode 100755 audit/kube/cluster-dashboard-20260222-092159.html
job-core	Create database MongoDB	2026-02-22T20:32:32.8652098Z  delete mode 100755 audit/kube/cluster-dashboard-20260222-101443.html
job-core	Create database MongoDB	2026-02-22T20:32:32.8652588Z  delete mode 100755 audit/kube/cluster-dashboard-20260222-101636.html
job-core	Create database MongoDB	2026-02-22T20:32:32.8653081Z  delete mode 100755 audit/kube/cluster-dashboard-20260222-111332.html
job-core	Create database MongoDB	2026-02-22T20:32:32.8653570Z  delete mode 100755 audit/kube/cluster-dashboard-20260222-111712.html
job-core	Create database MongoDB	2026-02-22T20:32:32.8654062Z  delete mode 100755 audit/kube/cluster-dashboard-20260222-122445.html
job-core	Create database MongoDB	2026-02-22T20:32:32.8654555Z  delete mode 100755 audit/kube/cluster-dashboard-20260222-122709.html
job-core	Create database MongoDB	2026-02-22T20:32:32.8655046Z  delete mode 100755 audit/kube/cluster-dashboard-20260222-133712.html
job-core	Create database MongoDB	2026-02-22T20:32:32.8655546Z  delete mode 100755 audit/kube/cluster-dashboard-20260222-133832.html
job-core	Create database MongoDB	2026-02-22T20:32:32.8656035Z  delete mode 100755 audit/kube/cluster-dashboard-20260222-141654.html
job-core	Create database MongoDB	2026-02-22T20:32:32.8656527Z  delete mode 100755 audit/kube/cluster-dashboard-20260222-141812.html
job-core	Create database MongoDB	2026-02-22T20:32:32.8657022Z  delete mode 100755 audit/kube/cluster-dashboard-20260222-151500.html
job-core	Create database MongoDB	2026-02-22T20:32:32.8657517Z  delete mode 100755 audit/kube/cluster-dashboard-20260222-151623.html
job-core	Create database MongoDB	2026-02-22T20:32:32.8658198Z  delete mode 100755 audit/kube/cluster-dashboard-20260222-161622.html
job-core	Create database MongoDB	2026-02-22T20:32:32.8658688Z  delete mode 100755 audit/kube/cluster-dashboard-20260222-162018.html
job-core	Create database MongoDB	2026-02-22T20:32:32.8659184Z  delete mode 100755 audit/kube/cluster-dashboard-20260222-171735.html
job-core	Create database MongoDB	2026-02-22T20:32:32.8659671Z  delete mode 100755 audit/kube/cluster-dashboard-20260222-171850.html
job-core	Create database MongoDB	2026-02-22T20:32:32.8660160Z  delete mode 100755 audit/kube/cluster-dashboard-20260222-182026.html
job-core	Create database MongoDB	2026-02-22T20:32:32.8660656Z  delete mode 100755 audit/kube/cluster-dashboard-20260222-182153.html
job-core	Create database MongoDB	2026-02-22T20:32:32.8661152Z  delete mode 100755 audit/kube/cluster-dashboard-20260222-191658.html
job-core	Create database MongoDB	2026-02-22T20:32:32.8661643Z  delete mode 100755 audit/kube/cluster-dashboard-20260222-191825.html
job-core	Create database MongoDB	2026-02-22T20:32:32.8662130Z  delete mode 100755 audit/kube/cluster-dashboard-20260222-201411.html
job-core	Create database MongoDB	2026-02-22T20:32:32.8662623Z  delete mode 100755 audit/kube/cluster-dashboard-20260222-201548.html
job-core	Create database MongoDB	2026-02-22T20:32:32.8663101Z  delete mode 100755 audit/kube/cluster-report-20260221-231501.md
job-core	Create database MongoDB	2026-02-22T20:32:32.8663558Z  delete mode 100755 audit/kube/cluster-report-20260221-231644.md
job-core	Create database MongoDB	2026-02-22T20:32:32.8664009Z  delete mode 100755 audit/kube/cluster-report-20260222-010904.md
job-core	Create database MongoDB	2026-02-22T20:32:32.8664464Z  delete mode 100755 audit/kube/cluster-report-20260222-011127.md
job-core	Create database MongoDB	2026-02-22T20:32:32.8664918Z  delete mode 100755 audit/kube/cluster-report-20260222-040649.md
job-core	Create database MongoDB	2026-02-22T20:32:32.8665365Z  delete mode 100755 audit/kube/cluster-report-20260222-040830.md
job-core	Create database MongoDB	2026-02-22T20:32:32.8665823Z  delete mode 100755 audit/kube/cluster-report-20260222-054335.md
job-core	Create database MongoDB	2026-02-22T20:32:32.8666276Z  delete mode 100755 audit/kube/cluster-report-20260222-054510.md
job-core	Create database MongoDB	2026-02-22T20:32:32.8666725Z  delete mode 100755 audit/kube/cluster-report-20260222-063429.md
job-core	Create database MongoDB	2026-02-22T20:32:32.8667172Z  delete mode 100755 audit/kube/cluster-report-20260222-063558.md
job-core	Create database MongoDB	2026-02-22T20:32:32.8667618Z  delete mode 100755 audit/kube/cluster-report-20260222-072920.md
job-core	Create database MongoDB	2026-02-22T20:32:32.8668290Z  delete mode 100755 audit/kube/cluster-report-20260222-073047.md
job-core	Create database MongoDB	2026-02-22T20:32:32.8668772Z  delete mode 100755 audit/kube/cluster-report-20260222-081918.md
job-core	Create database MongoDB	2026-02-22T20:32:32.8669221Z  delete mode 100755 audit/kube/cluster-report-20260222-082115.md
job-core	Create database MongoDB	2026-02-22T20:32:32.8669899Z  delete mode 100755 audit/kube/cluster-report-20260222-092033.md
job-core	Create database MongoDB	2026-02-22T20:32:32.8670346Z  delete mode 100755 audit/kube/cluster-report-20260222-092159.md
job-core	Create database MongoDB	2026-02-22T20:32:32.8670794Z  delete mode 100755 audit/kube/cluster-report-20260222-101443.md
job-core	Create database MongoDB	2026-02-22T20:32:32.8671474Z  delete mode 100755 audit/kube/cluster-report-20260222-101636.md
job-core	Create database MongoDB	2026-02-22T20:32:32.8671922Z  delete mode 100755 audit/kube/cluster-report-20260222-111332.md
job-core	Create database MongoDB	2026-02-22T20:32:32.8672367Z  delete mode 100755 audit/kube/cluster-report-20260222-111712.md
job-core	Create database MongoDB	2026-02-22T20:32:32.8672812Z  delete mode 100755 audit/kube/cluster-report-20260222-122445.md
job-core	Create database MongoDB	2026-02-22T20:32:32.8673260Z  delete mode 100755 audit/kube/cluster-report-20260222-122709.md
job-core	Create database MongoDB	2026-02-22T20:32:32.8673701Z  delete mode 100755 audit/kube/cluster-report-20260222-133712.md
job-core	Create database MongoDB	2026-02-22T20:32:32.8674148Z  delete mode 100755 audit/kube/cluster-report-20260222-133832.md
job-core	Create database MongoDB	2026-02-22T20:32:32.8674597Z  delete mode 100755 audit/kube/cluster-report-20260222-141654.md
job-core	Create database MongoDB	2026-02-22T20:32:32.8675051Z  delete mode 100755 audit/kube/cluster-report-20260222-141812.md
job-core	Create database MongoDB	2026-02-22T20:32:32.8675497Z  delete mode 100755 audit/kube/cluster-report-20260222-151500.md
job-core	Create database MongoDB	2026-02-22T20:32:32.8675944Z  delete mode 100755 audit/kube/cluster-report-20260222-151623.md
job-core	Create database MongoDB	2026-02-22T20:32:32.8676396Z  delete mode 100755 audit/kube/cluster-report-20260222-161622.md
job-core	Create database MongoDB	2026-02-22T20:32:32.8676844Z  delete mode 100755 audit/kube/cluster-report-20260222-162018.md
job-core	Create database MongoDB	2026-02-22T20:32:32.8677295Z  delete mode 100755 audit/kube/cluster-report-20260222-171735.md
job-core	Create database MongoDB	2026-02-22T20:32:32.8677740Z  delete mode 100755 audit/kube/cluster-report-20260222-171850.md
job-core	Create database MongoDB	2026-02-22T20:32:32.8678297Z  delete mode 100755 audit/kube/cluster-report-20260222-182026.md
job-core	Create database MongoDB	2026-02-22T20:32:32.8678743Z  delete mode 100755 audit/kube/cluster-report-20260222-182153.md
job-core	Create database MongoDB	2026-02-22T20:32:32.8679189Z  delete mode 100755 audit/kube/cluster-report-20260222-191658.md
job-core	Create database MongoDB	2026-02-22T20:32:32.8679635Z  delete mode 100755 audit/kube/cluster-report-20260222-191825.md
job-core	Create database MongoDB	2026-02-22T20:32:32.8680089Z  delete mode 100755 audit/kube/cluster-report-20260222-201411.md
job-core	Create database MongoDB	2026-02-22T20:32:32.8680529Z  delete mode 100755 audit/kube/cluster-report-20260222-201548.md
job-core	Create database MongoDB	2026-02-22T20:32:32.8680927Z  delete mode 100755 audit/kube/failed_pods.json
job-core	Create database MongoDB	2026-02-22T20:32:32.8681275Z  delete mode 100644 audit/mongodb/22283828259.json
job-core	Create database MongoDB	2026-02-22T20:32:33.6811034Z To https://github.com/Ka0s-Klaus/ka0s
job-core	Create database MongoDB	2026-02-22T20:32:33.6812602Z    6f5a73018..2e6fdc099  main -> main
job-core	Upload report	Ôªø2026-02-22T20:32:33.7361403Z ##[group]Run actions/upload-artifact@v4
job-core	Upload report	2026-02-22T20:32:33.7362368Z with:
job-core	Upload report	2026-02-22T20:32:33.7362974Z   name: mongo-setup-report
job-core	Upload report	2026-02-22T20:32:33.7363712Z   path: audit/mongodb/
job-core	Upload report	2026-02-22T20:32:33.7364431Z   if-no-files-found: warn
job-core	Upload report	2026-02-22T20:32:33.7364968Z   compression-level: 6
job-core	Upload report	2026-02-22T20:32:33.7365475Z   overwrite: false
job-core	Upload report	2026-02-22T20:32:33.7365975Z   include-hidden-files: false
job-core	Upload report	2026-02-22T20:32:33.7366509Z env:
job-core	Upload report	2026-02-22T20:32:33.7366954Z   PYTHON_VERSION: 3.9
job-core	Upload report	2026-02-22T20:32:33.7368840Z   MONGO_SUPERUSER_CONNECTION: ***
job-core	Upload report	2026-02-22T20:32:33.7369715Z   MONGO_NEW_PASS: ***
job-core	Upload report	2026-02-22T20:32:33.7370422Z   MONGO_SCRIPT_CREATE: devops/core/mongo/scripts/add-doc-to-db.py
job-core	Upload report	2026-02-22T20:32:33.7371254Z   KAOS_CODE: 22284774241
job-core	Upload report	2026-02-22T20:32:33.7371840Z   KAOS_MODULE: [Ka0s] Autom add docs to MongoDB
job-core	Upload report	2026-02-22T20:32:33.7372516Z   REPORT_SCAN: audit/
job-core	Upload report	2026-02-22T20:32:33.7373019Z   REPORT_PATH: audit/mongodb/
job-core	Upload report	2026-02-22T20:32:33.7373645Z   REPORT_FILENAME: mongo_setup_22284774241.json
job-core	Upload report	2026-02-22T20:32:33.7374471Z   REPORT_FILENAME_LIST: mongo_list_22284774241.json
job-core	Upload report	2026-02-22T20:32:33.7375262Z   REPORT_FILENAME_DB: mongo_create_db_22284774241.json
job-core	Upload report	2026-02-22T20:32:33.7375968Z   GITHUB_OUTPUT: 
job-core	Upload report	2026-02-22T20:32:33.7376615Z   pythonLocation: /home/runner/_work/_tool/Python/3.9.25/x64
job-core	Upload report	2026-02-22T20:32:33.7377658Z   PKG_CONFIG_PATH: /home/runner/_work/_tool/Python/3.9.25/x64/lib/pkgconfig
job-core	Upload report	2026-02-22T20:32:33.7378814Z   Python_ROOT_DIR: /home/runner/_work/_tool/Python/3.9.25/x64
job-core	Upload report	2026-02-22T20:32:33.7380272Z   Python2_ROOT_DIR: /home/runner/_work/_tool/Python/3.9.25/x64
job-core	Upload report	2026-02-22T20:32:33.7381218Z   Python3_ROOT_DIR: /home/runner/_work/_tool/Python/3.9.25/x64
job-core	Upload report	2026-02-22T20:32:33.7382174Z   LD_LIBRARY_PATH: /home/runner/_work/_tool/Python/3.9.25/x64/lib
job-core	Upload report	2026-02-22T20:32:33.7382948Z ##[endgroup]
job-core	Upload report	2026-02-22T20:32:33.9983834Z With the provided path, there will be 1 file uploaded
job-core	Upload report	2026-02-22T20:32:33.9990140Z Artifact name is valid!
job-core	Upload report	2026-02-22T20:32:33.9991043Z Root directory input is valid!
job-core	Upload report	2026-02-22T20:32:34.4081295Z Beginning upload of artifact content to blob storage
job-core	Upload report	2026-02-22T20:32:34.8389557Z Uploaded bytes 165
job-core	Upload report	2026-02-22T20:32:34.9632798Z Finished uploading artifact content to blob storage!
job-core	Upload report	2026-02-22T20:32:34.9645347Z SHA256 digest of uploaded artifact zip is 6a76281bb066566ac16b0b3ca3b1d419ea86e198a6d4b3b6458f03c476e236be
job-core	Upload report	2026-02-22T20:32:34.9651207Z Finalizing artifact upload
job-core	Upload report	2026-02-22T20:32:35.1380084Z Artifact mongo-setup-report.zip successfully finalized. Artifact ID 5609109536
job-core	Upload report	2026-02-22T20:32:35.1383586Z Artifact mongo-setup-report has been successfully uploaded! Final size is 165 bytes. Artifact ID is 5609109536
job-core	Upload report	2026-02-22T20:32:35.1414316Z Artifact download URL: https://github.com/Ka0s-Klaus/ka0s/actions/runs/22284774241/artifacts/5609109536
job-core	Post Set up Python	Ôªø2026-02-22T20:32:35.2044754Z Post job cleanup.
job-core	Post Checkout code	Ôªø2026-02-22T20:32:35.4089565Z Post job cleanup.
job-core	Post Checkout code	2026-02-22T20:32:35.5220592Z [command]/usr/bin/git version
job-core	Post Checkout code	2026-02-22T20:32:35.5265388Z git version 2.52.0
job-core	Post Checkout code	2026-02-22T20:32:35.5307184Z Copying '/home/runner/.gitconfig' to '/home/runner/_work/_temp/bab03e86-2c5f-4cc0-8e24-a6265fc47f3c/.gitconfig'
job-core	Post Checkout code	2026-02-22T20:32:35.5318713Z Temporarily overriding HOME='/home/runner/_work/_temp/bab03e86-2c5f-4cc0-8e24-a6265fc47f3c' before making global git config changes
job-core	Post Checkout code	2026-02-22T20:32:35.5319591Z Adding repository directory to the temporary git global config as a safe directory
job-core	Post Checkout code	2026-02-22T20:32:35.5324945Z [command]/usr/bin/git config --global --add safe.directory /home/runner/_work/ka0s/ka0s
job-core	Post Checkout code	2026-02-22T20:32:35.5374938Z [command]/usr/bin/git config --local --name-only --get-regexp core\.sshCommand
job-core	Post Checkout code	2026-02-22T20:32:35.5420055Z [command]/usr/bin/git submodule foreach --recursive sh -c "git config --local --name-only --get-regexp 'core\.sshCommand' && git config --local --unset-all 'core.sshCommand' || :"
job-core	Post Checkout code	2026-02-22T20:32:35.5767189Z [command]/usr/bin/git config --local --name-only --get-regexp http\.https\:\/\/github\.com\/\.extraheader
job-core	Post Checkout code	2026-02-22T20:32:35.5798327Z http.https://github.com/.extraheader
job-core	Post Checkout code	2026-02-22T20:32:35.5813712Z [command]/usr/bin/git config --local --unset-all http.https://github.com/.extraheader
job-core	Post Checkout code	2026-02-22T20:32:35.5858890Z [command]/usr/bin/git submodule foreach --recursive sh -c "git config --local --name-only --get-regexp 'http\.https\:\/\/github\.com\/\.extraheader' && git config --local --unset-all 'http.https://github.com/.extraheader' || :"
job-core	Post Checkout code	2026-02-22T20:32:35.6199085Z [command]/usr/bin/git config --local --name-only --get-regexp ^includeIf\.gitdir:
job-core	Post Checkout code	2026-02-22T20:32:35.6240661Z [command]/usr/bin/git submodule foreach --recursive git config --local --show-origin --name-only --get-regexp remote.origin.url
job-core	Complete job	Ôªø2026-02-22T20:32:35.6724611Z Cleaning up orphan processes
handle-success	Set up job	Ôªø2026-02-22T20:32:48.7826412Z Current runner version: '2.331.0'
handle-success	Set up job	2026-02-22T20:32:48.7836704Z Runner name: 'swarm-runners-scaleset-hkss5-runner-n9597'
handle-success	Set up job	2026-02-22T20:32:48.7838113Z Runner group name: 'Default'
handle-success	Set up job	2026-02-22T20:32:48.7839356Z Machine name: 'swarm-runners-scaleset-hkss5-runner-n9597'
handle-success	Set up job	2026-02-22T20:32:48.7843375Z ##[group]GITHUB_TOKEN Permissions
handle-success	Set up job	2026-02-22T20:32:48.7846134Z Actions: write
handle-success	Set up job	2026-02-22T20:32:48.7846960Z Contents: write
handle-success	Set up job	2026-02-22T20:32:48.7847550Z Issues: write
handle-success	Set up job	2026-02-22T20:32:48.7848945Z Metadata: read
handle-success	Set up job	2026-02-22T20:32:48.7849636Z PullRequests: write
handle-success	Set up job	2026-02-22T20:32:48.7850248Z ##[endgroup]
handle-success	Set up job	2026-02-22T20:32:48.7852373Z Secret source: Actions
handle-success	Set up job	2026-02-22T20:32:48.7853268Z Prepare workflow directory
handle-success	Set up job	2026-02-22T20:32:48.8439075Z Prepare all required actions
handle-success	Set up job	2026-02-22T20:32:48.8480987Z Getting action download info
handle-success	Set up job	2026-02-22T20:32:49.4224132Z Download action repository 'actions/checkout@v4' (SHA:34e114876b0b11c390a56381ad16ebd13914f8d5)
handle-success	Set up job	2026-02-22T20:32:50.3923158Z Complete job name: handle-success
handle-success	Checkout code	Ôªø2026-02-22T20:32:50.4563314Z ##[group]Run actions/checkout@v4
handle-success	Checkout code	2026-02-22T20:32:50.4564299Z with:
handle-success	Checkout code	2026-02-22T20:32:50.4564765Z   fetch-depth: 0
handle-success	Checkout code	2026-02-22T20:32:50.4565239Z   repository: Ka0s-Klaus/ka0s
handle-success	Checkout code	2026-02-22T20:32:50.4566031Z   token: ***
handle-success	Checkout code	2026-02-22T20:32:50.4566640Z   ssh-strict: true
handle-success	Checkout code	2026-02-22T20:32:50.4567103Z   ssh-user: git
handle-success	Checkout code	2026-02-22T20:32:50.4567571Z   persist-credentials: true
handle-success	Checkout code	2026-02-22T20:32:50.4568387Z   clean: true
handle-success	Checkout code	2026-02-22T20:32:50.4568845Z   sparse-checkout-cone-mode: true
handle-success	Checkout code	2026-02-22T20:32:50.4569397Z   fetch-tags: false
handle-success	Checkout code	2026-02-22T20:32:50.4569852Z   show-progress: true
handle-success	Checkout code	2026-02-22T20:32:50.4570324Z   lfs: false
handle-success	Checkout code	2026-02-22T20:32:50.4570760Z   submodules: false
handle-success	Checkout code	2026-02-22T20:32:50.4571224Z   set-safe-directory: true
handle-success	Checkout code	2026-02-22T20:32:50.4571991Z env:
handle-success	Checkout code	2026-02-22T20:32:50.4572421Z   PYTHON_VERSION: 3.9
handle-success	Checkout code	2026-02-22T20:32:50.4573717Z   MONGO_SUPERUSER_CONNECTION: ***
handle-success	Checkout code	2026-02-22T20:32:50.4574469Z   MONGO_NEW_PASS: ***
handle-success	Checkout code	2026-02-22T20:32:50.4575115Z   MONGO_SCRIPT_CREATE: devops/core/mongo/scripts/add-doc-to-db.py
handle-success	Checkout code	2026-02-22T20:32:50.4575914Z   KAOS_CODE: 22284774241
handle-success	Checkout code	2026-02-22T20:32:50.4576460Z   KAOS_MODULE: [Ka0s] Autom add docs to MongoDB
handle-success	Checkout code	2026-02-22T20:32:50.4577073Z   REPORT_SCAN: audit/
handle-success	Checkout code	2026-02-22T20:32:50.4577561Z   REPORT_PATH: audit/mongodb/
handle-success	Checkout code	2026-02-22T20:32:50.4578625Z   REPORT_FILENAME: mongo_setup_22284774241.json
handle-success	Checkout code	2026-02-22T20:32:50.4579310Z   REPORT_FILENAME_LIST: mongo_list_22284774241.json
handle-success	Checkout code	2026-02-22T20:32:50.4580019Z   REPORT_FILENAME_DB: mongo_create_db_22284774241.json
handle-success	Checkout code	2026-02-22T20:32:50.4580669Z ##[endgroup]
handle-success	Checkout code	2026-02-22T20:32:50.5897023Z Syncing repository: Ka0s-Klaus/ka0s
handle-success	Checkout code	2026-02-22T20:32:50.5899640Z ##[group]Getting Git version info
handle-success	Checkout code	2026-02-22T20:32:50.5900364Z Working directory is '/home/runner/_work/ka0s/ka0s'
handle-success	Checkout code	2026-02-22T20:32:50.5901521Z [command]/usr/bin/git version
handle-success	Checkout code	2026-02-22T20:32:50.5902372Z git version 2.52.0
handle-success	Checkout code	2026-02-22T20:32:50.5941319Z ##[endgroup]
handle-success	Checkout code	2026-02-22T20:32:50.5960830Z Temporarily overriding HOME='/home/runner/_work/_temp/35a40620-5043-4889-862c-e59d2c319db7' before making global git config changes
handle-success	Checkout code	2026-02-22T20:32:50.5962880Z Adding repository directory to the temporary git global config as a safe directory
handle-success	Checkout code	2026-02-22T20:32:50.5964185Z [command]/usr/bin/git config --global --add safe.directory /home/runner/_work/ka0s/ka0s
handle-success	Checkout code	2026-02-22T20:32:50.6063483Z Deleting the contents of '/home/runner/_work/ka0s/ka0s'
handle-success	Checkout code	2026-02-22T20:32:50.6065198Z ##[group]Initializing the repository
handle-success	Checkout code	2026-02-22T20:32:50.6066024Z [command]/usr/bin/git init /home/runner/_work/ka0s/ka0s
handle-success	Checkout code	2026-02-22T20:32:50.6099311Z hint: Using 'master' as the name for the initial branch. This default branch name
handle-success	Checkout code	2026-02-22T20:32:50.6100621Z hint: will change to "main" in Git 3.0. To configure the initial branch name
handle-success	Checkout code	2026-02-22T20:32:50.6101732Z hint: to use in all of your new repositories, which will suppress this warning,
handle-success	Checkout code	2026-02-22T20:32:50.6102485Z hint: call:
handle-success	Checkout code	2026-02-22T20:32:50.6102879Z hint:
handle-success	Checkout code	2026-02-22T20:32:50.6103393Z hint: 	git config --global init.defaultBranch <name>
handle-success	Checkout code	2026-02-22T20:32:50.6104015Z hint:
handle-success	Checkout code	2026-02-22T20:32:50.6105122Z hint: Names commonly chosen instead of 'master' are 'main', 'trunk' and
handle-success	Checkout code	2026-02-22T20:32:50.6106269Z hint: 'development'. The just-created branch can be renamed via this command:
handle-success	Checkout code	2026-02-22T20:32:50.6107053Z hint:
handle-success	Checkout code	2026-02-22T20:32:50.6107479Z hint: 	git branch -m <name>
handle-success	Checkout code	2026-02-22T20:32:50.6118622Z hint:
handle-success	Checkout code	2026-02-22T20:32:50.6119502Z hint: Disable this message with "git config set advice.defaultBranchName false"
handle-success	Checkout code	2026-02-22T20:32:50.6120497Z Initialized empty Git repository in /home/runner/_work/ka0s/ka0s/.git/
handle-success	Checkout code	2026-02-22T20:32:50.6124659Z [command]/usr/bin/git remote add origin https://github.com/Ka0s-Klaus/ka0s
handle-success	Checkout code	2026-02-22T20:32:50.6169670Z ##[endgroup]
handle-success	Checkout code	2026-02-22T20:32:50.6170717Z ##[group]Disabling automatic garbage collection
handle-success	Checkout code	2026-02-22T20:32:50.6171820Z [command]/usr/bin/git config --local gc.auto 0
handle-success	Checkout code	2026-02-22T20:32:50.6215348Z ##[endgroup]
handle-success	Checkout code	2026-02-22T20:32:50.6216200Z ##[group]Setting up auth
handle-success	Checkout code	2026-02-22T20:32:50.6223711Z [command]/usr/bin/git config --local --name-only --get-regexp core\.sshCommand
handle-success	Checkout code	2026-02-22T20:32:50.6271424Z [command]/usr/bin/git submodule foreach --recursive sh -c "git config --local --name-only --get-regexp 'core\.sshCommand' && git config --local --unset-all 'core.sshCommand' || :"
handle-success	Checkout code	2026-02-22T20:32:50.6609092Z [command]/usr/bin/git config --local --name-only --get-regexp http\.https\:\/\/github\.com\/\.extraheader
handle-success	Checkout code	2026-02-22T20:32:50.6649370Z [command]/usr/bin/git submodule foreach --recursive sh -c "git config --local --name-only --get-regexp 'http\.https\:\/\/github\.com\/\.extraheader' && git config --local --unset-all 'http.https://github.com/.extraheader' || :"
handle-success	Checkout code	2026-02-22T20:32:50.6977396Z [command]/usr/bin/git config --local --name-only --get-regexp ^includeIf\.gitdir:
handle-success	Checkout code	2026-02-22T20:32:50.7019068Z [command]/usr/bin/git submodule foreach --recursive git config --local --show-origin --name-only --get-regexp remote.origin.url
handle-success	Checkout code	2026-02-22T20:32:50.7351685Z [command]/usr/bin/git config --local http.https://github.com/.extraheader AUTHORIZATION: basic ***
handle-success	Checkout code	2026-02-22T20:32:50.7404784Z ##[endgroup]
handle-success	Checkout code	2026-02-22T20:32:50.7405766Z ##[group]Fetching the repository
handle-success	Checkout code	2026-02-22T20:32:50.7413992Z [command]/usr/bin/git -c protocol.version=2 fetch --prune --no-recurse-submodules origin +refs/heads/*:refs/remotes/origin/* +refs/tags/*:refs/tags/*
handle-success	Checkout code	2026-02-22T20:33:20.1634562Z From https://github.com/Ka0s-Klaus/ka0s
handle-success	Checkout code	2026-02-22T20:33:20.1636126Z  * [new branch]          F3450-modelo-operativo -> origin/F3450-modelo-operativo
handle-success	Checkout code	2026-02-22T20:33:20.1641047Z  * [new branch]          H1276-modulo-observabilidad -> origin/H1276-modulo-observabilidad
handle-success	Checkout code	2026-02-22T20:33:20.1641721Z  * [new branch]          H3596-deploy-itop      -> origin/H3596-deploy-itop
handle-success	Checkout code	2026-02-22T20:33:20.1642232Z  * [new branch]          main                   -> origin/main
handle-success	Checkout code	2026-02-22T20:33:20.1642671Z  * [new tag]             0.0.0                  -> 0.0.0
handle-success	Checkout code	2026-02-22T20:33:20.1643067Z  * [new tag]             0.0.1                  -> 0.0.1
handle-success	Checkout code	2026-02-22T20:33:20.1643474Z  * [new tag]             0.0.10                 -> 0.0.10
handle-success	Checkout code	2026-02-22T20:33:20.1643971Z  * [new tag]             0.0.100                -> 0.0.100
handle-success	Checkout code	2026-02-22T20:33:20.1644407Z  * [new tag]             0.0.101                -> 0.0.101
handle-success	Checkout code	2026-02-22T20:33:20.1644807Z  * [new tag]             0.0.102                -> 0.0.102
handle-success	Checkout code	2026-02-22T20:33:20.1645244Z  * [new tag]             0.0.103                -> 0.0.103
handle-success	Checkout code	2026-02-22T20:33:20.1645645Z  * [new tag]             0.0.104                -> 0.0.104
handle-success	Checkout code	2026-02-22T20:33:20.1646050Z  * [new tag]             0.0.105                -> 0.0.105
handle-success	Checkout code	2026-02-22T20:33:20.1646509Z  * [new tag]             0.0.106                -> 0.0.106
handle-success	Checkout code	2026-02-22T20:33:20.1646960Z  * [new tag]             0.0.107                -> 0.0.107
handle-success	Checkout code	2026-02-22T20:33:20.1647358Z  * [new tag]             0.0.108                -> 0.0.108
handle-success	Checkout code	2026-02-22T20:33:20.1652225Z  * [new tag]             0.0.109                -> 0.0.109
handle-success	Checkout code	2026-02-22T20:33:20.1652731Z  * [new tag]             0.0.11                 -> 0.0.11
handle-success	Checkout code	2026-02-22T20:33:20.1653134Z  * [new tag]             0.0.110                -> 0.0.110
handle-success	Checkout code	2026-02-22T20:33:20.1654002Z  * [new tag]             0.0.111                -> 0.0.111
handle-success	Checkout code	2026-02-22T20:33:20.1654405Z  * [new tag]             0.0.112                -> 0.0.112
handle-success	Checkout code	2026-02-22T20:33:20.1654819Z  * [new tag]             0.0.113                -> 0.0.113
handle-success	Checkout code	2026-02-22T20:33:20.1655213Z  * [new tag]             0.0.114                -> 0.0.114
handle-success	Checkout code	2026-02-22T20:33:20.1655618Z  * [new tag]             0.0.115                -> 0.0.115
handle-success	Checkout code	2026-02-22T20:33:20.1656009Z  * [new tag]             0.0.116                -> 0.0.116
handle-success	Checkout code	2026-02-22T20:33:20.1656408Z  * [new tag]             0.0.117                -> 0.0.117
handle-success	Checkout code	2026-02-22T20:33:20.1656816Z  * [new tag]             0.0.118                -> 0.0.118
handle-success	Checkout code	2026-02-22T20:33:20.1657220Z  * [new tag]             0.0.119                -> 0.0.119
handle-success	Checkout code	2026-02-22T20:33:20.1657705Z  * [new tag]             0.0.12                 -> 0.0.12
handle-success	Checkout code	2026-02-22T20:33:20.1658332Z  * [new tag]             0.0.120                -> 0.0.120
handle-success	Checkout code	2026-02-22T20:33:20.1658735Z  * [new tag]             0.0.121                -> 0.0.121
handle-success	Checkout code	2026-02-22T20:33:20.1670341Z  * [new tag]             0.0.122                -> 0.0.122
handle-success	Checkout code	2026-02-22T20:33:20.1670743Z  * [new tag]             0.0.123                -> 0.0.123
handle-success	Checkout code	2026-02-22T20:33:20.1671341Z  * [new tag]             0.0.124                -> 0.0.124
handle-success	Checkout code	2026-02-22T20:33:20.1671745Z  * [new tag]             0.0.125                -> 0.0.125
handle-success	Checkout code	2026-02-22T20:33:20.1672136Z  * [new tag]             0.0.126                -> 0.0.126
handle-success	Checkout code	2026-02-22T20:33:20.1672528Z  * [new tag]             0.0.127                -> 0.0.127
handle-success	Checkout code	2026-02-22T20:33:20.1672927Z  * [new tag]             0.0.128                -> 0.0.128
handle-success	Checkout code	2026-02-22T20:33:20.1673321Z  * [new tag]             0.0.129                -> 0.0.129
handle-success	Checkout code	2026-02-22T20:33:20.1673720Z  * [new tag]             0.0.13                 -> 0.0.13
handle-success	Checkout code	2026-02-22T20:33:20.1674110Z  * [new tag]             0.0.130                -> 0.0.130
handle-success	Checkout code	2026-02-22T20:33:20.1674506Z  * [new tag]             0.0.131                -> 0.0.131
handle-success	Checkout code	2026-02-22T20:33:20.1674925Z  * [new tag]             0.0.132                -> 0.0.132
handle-success	Checkout code	2026-02-22T20:33:20.1675319Z  * [new tag]             0.0.133                -> 0.0.133
handle-success	Checkout code	2026-02-22T20:33:20.1675709Z  * [new tag]             0.0.134                -> 0.0.134
handle-success	Checkout code	2026-02-22T20:33:20.1676115Z  * [new tag]             0.0.135                -> 0.0.135
handle-success	Checkout code	2026-02-22T20:33:20.1676512Z  * [new tag]             0.0.136                -> 0.0.136
handle-success	Checkout code	2026-02-22T20:33:20.1750644Z  * [new tag]             0.0.137                -> 0.0.137
handle-success	Checkout code	2026-02-22T20:33:20.1751219Z  * [new tag]             0.0.138                -> 0.0.138
handle-success	Checkout code	2026-02-22T20:33:20.1751622Z  * [new tag]             0.0.139                -> 0.0.139
handle-success	Checkout code	2026-02-22T20:33:20.1752017Z  * [new tag]             0.0.14                 -> 0.0.14
handle-success	Checkout code	2026-02-22T20:33:20.1752418Z  * [new tag]             0.0.140                -> 0.0.140
handle-success	Checkout code	2026-02-22T20:33:20.1752813Z  * [new tag]             0.0.141                -> 0.0.141
handle-success	Checkout code	2026-02-22T20:33:20.1753319Z  * [new tag]             0.0.142                -> 0.0.142
handle-success	Checkout code	2026-02-22T20:33:20.1753780Z  * [new tag]             0.0.143                -> 0.0.143
handle-success	Checkout code	2026-02-22T20:33:20.1754159Z  * [new tag]             0.0.144                -> 0.0.144
handle-success	Checkout code	2026-02-22T20:33:20.1754532Z  * [new tag]             0.0.145                -> 0.0.145
handle-success	Checkout code	2026-02-22T20:33:20.1754907Z  * [new tag]             0.0.146                -> 0.0.146
handle-success	Checkout code	2026-02-22T20:33:20.1755278Z  * [new tag]             0.0.147                -> 0.0.147
handle-success	Checkout code	2026-02-22T20:33:20.1755654Z  * [new tag]             0.0.148                -> 0.0.148
handle-success	Checkout code	2026-02-22T20:33:20.1756029Z  * [new tag]             0.0.149                -> 0.0.149
handle-success	Checkout code	2026-02-22T20:33:20.1756403Z  * [new tag]             0.0.15                 -> 0.0.15
handle-success	Checkout code	2026-02-22T20:33:20.1756777Z  * [new tag]             0.0.150                -> 0.0.150
handle-success	Checkout code	2026-02-22T20:33:20.1757145Z  * [new tag]             0.0.151                -> 0.0.151
handle-success	Checkout code	2026-02-22T20:33:20.1757548Z  * [new tag]             0.0.152                -> 0.0.152
handle-success	Checkout code	2026-02-22T20:33:20.1768783Z  * [new tag]             0.0.153                -> 0.0.153
handle-success	Checkout code	2026-02-22T20:33:20.1769691Z  * [new tag]             0.0.154                -> 0.0.154
handle-success	Checkout code	2026-02-22T20:33:20.1770076Z  * [new tag]             0.0.155                -> 0.0.155
handle-success	Checkout code	2026-02-22T20:33:20.1770454Z  * [new tag]             0.0.156                -> 0.0.156
handle-success	Checkout code	2026-02-22T20:33:20.1770822Z  * [new tag]             0.0.157                -> 0.0.157
handle-success	Checkout code	2026-02-22T20:33:20.1771203Z  * [new tag]             0.0.158                -> 0.0.158
handle-success	Checkout code	2026-02-22T20:33:20.1771590Z  * [new tag]             0.0.159                -> 0.0.159
handle-success	Checkout code	2026-02-22T20:33:20.1771978Z  * [new tag]             0.0.16                 -> 0.0.16
handle-success	Checkout code	2026-02-22T20:33:20.1772367Z  * [new tag]             0.0.160                -> 0.0.160
handle-success	Checkout code	2026-02-22T20:33:20.1772748Z  * [new tag]             0.0.161                -> 0.0.161
handle-success	Checkout code	2026-02-22T20:33:20.1773131Z  * [new tag]             0.0.162                -> 0.0.162
handle-success	Checkout code	2026-02-22T20:33:20.1773514Z  * [new tag]             0.0.163                -> 0.0.163
handle-success	Checkout code	2026-02-22T20:33:20.1774124Z  * [new tag]             0.0.164                -> 0.0.164
handle-success	Checkout code	2026-02-22T20:33:20.1774507Z  * [new tag]             0.0.165                -> 0.0.165
handle-success	Checkout code	2026-02-22T20:33:20.1774901Z  * [new tag]             0.0.166                -> 0.0.166
handle-success	Checkout code	2026-02-22T20:33:20.1775285Z  * [new tag]             0.0.167                -> 0.0.167
handle-success	Checkout code	2026-02-22T20:33:20.1775667Z  * [new tag]             0.0.168                -> 0.0.168
handle-success	Checkout code	2026-02-22T20:33:20.1776052Z  * [new tag]             0.0.169                -> 0.0.169
handle-success	Checkout code	2026-02-22T20:33:20.1776439Z  * [new tag]             0.0.17                 -> 0.0.17
handle-success	Checkout code	2026-02-22T20:33:20.1776825Z  * [new tag]             0.0.170                -> 0.0.170
handle-success	Checkout code	2026-02-22T20:33:20.1777210Z  * [new tag]             0.0.171                -> 0.0.171
handle-success	Checkout code	2026-02-22T20:33:20.1777601Z  * [new tag]             0.0.172                -> 0.0.172
handle-success	Checkout code	2026-02-22T20:33:20.1778333Z  * [new tag]             0.0.173                -> 0.0.173
handle-success	Checkout code	2026-02-22T20:33:20.1778851Z  * [new tag]             0.0.174                -> 0.0.174
handle-success	Checkout code	2026-02-22T20:33:20.1779267Z  * [new tag]             0.0.175                -> 0.0.175
handle-success	Checkout code	2026-02-22T20:33:20.1779671Z  * [new tag]             0.0.176                -> 0.0.176
handle-success	Checkout code	2026-02-22T20:33:20.1780065Z  * [new tag]             0.0.177                -> 0.0.177
handle-success	Checkout code	2026-02-22T20:33:20.1780465Z  * [new tag]             0.0.178                -> 0.0.178
handle-success	Checkout code	2026-02-22T20:33:20.1780857Z  * [new tag]             0.0.179                -> 0.0.179
handle-success	Checkout code	2026-02-22T20:33:20.1781254Z  * [new tag]             0.0.18                 -> 0.0.18
handle-success	Checkout code	2026-02-22T20:33:20.1781679Z  * [new tag]             0.0.19                 -> 0.0.19
handle-success	Checkout code	2026-02-22T20:33:20.1782127Z  * [new tag]             0.0.2                  -> 0.0.2
handle-success	Checkout code	2026-02-22T20:33:20.1782548Z  * [new tag]             0.0.20                 -> 0.0.20
handle-success	Checkout code	2026-02-22T20:33:20.1782950Z  * [new tag]             0.0.21                 -> 0.0.21
handle-success	Checkout code	2026-02-22T20:33:20.1783342Z  * [new tag]             0.0.22                 -> 0.0.22
handle-success	Checkout code	2026-02-22T20:33:20.1783738Z  * [new tag]             0.0.23                 -> 0.0.23
handle-success	Checkout code	2026-02-22T20:33:20.1784266Z  * [new tag]             0.0.24                 -> 0.0.24
handle-success	Checkout code	2026-02-22T20:33:20.1784654Z  * [new tag]             0.0.25                 -> 0.0.25
handle-success	Checkout code	2026-02-22T20:33:20.1785037Z  * [new tag]             0.0.26                 -> 0.0.26
handle-success	Checkout code	2026-02-22T20:33:20.1785416Z  * [new tag]             0.0.27                 -> 0.0.27
handle-success	Checkout code	2026-02-22T20:33:20.1785800Z  * [new tag]             0.0.28                 -> 0.0.28
handle-success	Checkout code	2026-02-22T20:33:20.1786183Z  * [new tag]             0.0.29                 -> 0.0.29
handle-success	Checkout code	2026-02-22T20:33:20.1786569Z  * [new tag]             0.0.3                  -> 0.0.3
handle-success	Checkout code	2026-02-22T20:33:20.1786959Z  * [new tag]             0.0.30                 -> 0.0.30
handle-success	Checkout code	2026-02-22T20:33:20.1787340Z  * [new tag]             0.0.31                 -> 0.0.31
handle-success	Checkout code	2026-02-22T20:33:20.1787726Z  * [new tag]             0.0.32                 -> 0.0.32
handle-success	Checkout code	2026-02-22T20:33:20.1788316Z  * [new tag]             0.0.33                 -> 0.0.33
handle-success	Checkout code	2026-02-22T20:33:20.1789080Z  * [new tag]             0.0.34                 -> 0.0.34
handle-success	Checkout code	2026-02-22T20:33:20.1789463Z  * [new tag]             0.0.35                 -> 0.0.35
handle-success	Checkout code	2026-02-22T20:33:20.1789846Z  * [new tag]             0.0.36                 -> 0.0.36
handle-success	Checkout code	2026-02-22T20:33:20.1790232Z  * [new tag]             0.0.37                 -> 0.0.37
handle-success	Checkout code	2026-02-22T20:33:20.1790613Z  * [new tag]             0.0.38                 -> 0.0.38
handle-success	Checkout code	2026-02-22T20:33:20.1790998Z  * [new tag]             0.0.39                 -> 0.0.39
handle-success	Checkout code	2026-02-22T20:33:20.1791377Z  * [new tag]             0.0.4                  -> 0.0.4
handle-success	Checkout code	2026-02-22T20:33:20.1791766Z  * [new tag]             0.0.40                 -> 0.0.40
handle-success	Checkout code	2026-02-22T20:33:20.1792151Z  * [new tag]             0.0.41                 -> 0.0.41
handle-success	Checkout code	2026-02-22T20:33:20.1792536Z  * [new tag]             0.0.42                 -> 0.0.42
handle-success	Checkout code	2026-02-22T20:33:20.1792923Z  * [new tag]             0.0.43                 -> 0.0.43
handle-success	Checkout code	2026-02-22T20:33:20.1793302Z  * [new tag]             0.0.44                 -> 0.0.44
handle-success	Checkout code	2026-02-22T20:33:20.1793894Z  * [new tag]             0.0.45                 -> 0.0.45
handle-success	Checkout code	2026-02-22T20:33:20.1794278Z  * [new tag]             0.0.46                 -> 0.0.46
handle-success	Checkout code	2026-02-22T20:33:20.1794662Z  * [new tag]             0.0.47                 -> 0.0.47
handle-success	Checkout code	2026-02-22T20:33:20.1795044Z  * [new tag]             0.0.48                 -> 0.0.48
handle-success	Checkout code	2026-02-22T20:33:20.1795423Z  * [new tag]             0.0.49                 -> 0.0.49
handle-success	Checkout code	2026-02-22T20:33:20.1795807Z  * [new tag]             0.0.5                  -> 0.0.5
handle-success	Checkout code	2026-02-22T20:33:20.1796192Z  * [new tag]             0.0.50                 -> 0.0.50
handle-success	Checkout code	2026-02-22T20:33:20.1796578Z  * [new tag]             0.0.51                 -> 0.0.51
handle-success	Checkout code	2026-02-22T20:33:20.1796957Z  * [new tag]             0.0.52                 -> 0.0.52
handle-success	Checkout code	2026-02-22T20:33:20.1797341Z  * [new tag]             0.0.53                 -> 0.0.53
handle-success	Checkout code	2026-02-22T20:33:20.1797722Z  * [new tag]             0.0.54                 -> 0.0.54
handle-success	Checkout code	2026-02-22T20:33:20.1798682Z  * [new tag]             0.0.55                 -> 0.0.55
handle-success	Checkout code	2026-02-22T20:33:20.1799214Z  * [new tag]             0.0.56                 -> 0.0.56
handle-success	Checkout code	2026-02-22T20:33:20.1799590Z  * [new tag]             0.0.57                 -> 0.0.57
handle-success	Checkout code	2026-02-22T20:33:20.1800112Z  * [new tag]             0.0.58                 -> 0.0.58
handle-success	Checkout code	2026-02-22T20:33:20.1800498Z  * [new tag]             0.0.59                 -> 0.0.59
handle-success	Checkout code	2026-02-22T20:33:20.1800885Z  * [new tag]             0.0.6                  -> 0.0.6
handle-success	Checkout code	2026-02-22T20:33:20.1801271Z  * [new tag]             0.0.60                 -> 0.0.60
handle-success	Checkout code	2026-02-22T20:33:20.1801660Z  * [new tag]             0.0.61                 -> 0.0.61
handle-success	Checkout code	2026-02-22T20:33:20.1802037Z  * [new tag]             0.0.62                 -> 0.0.62
handle-success	Checkout code	2026-02-22T20:33:20.1802415Z  * [new tag]             0.0.63                 -> 0.0.63
handle-success	Checkout code	2026-02-22T20:33:20.1802793Z  * [new tag]             0.0.64                 -> 0.0.64
handle-success	Checkout code	2026-02-22T20:33:20.1803169Z  * [new tag]             0.0.65                 -> 0.0.65
handle-success	Checkout code	2026-02-22T20:33:20.1803547Z  * [new tag]             0.0.66                 -> 0.0.66
handle-success	Checkout code	2026-02-22T20:33:20.1803941Z  * [new tag]             0.0.67                 -> 0.0.67
handle-success	Checkout code	2026-02-22T20:33:20.1804316Z  * [new tag]             0.0.68                 -> 0.0.68
handle-success	Checkout code	2026-02-22T20:33:20.1804694Z  * [new tag]             0.0.69                 -> 0.0.69
handle-success	Checkout code	2026-02-22T20:33:20.1805072Z  * [new tag]             0.0.7                  -> 0.0.7
handle-success	Checkout code	2026-02-22T20:33:20.1805445Z  * [new tag]             0.0.70                 -> 0.0.70
handle-success	Checkout code	2026-02-22T20:33:20.1805825Z  * [new tag]             0.0.71                 -> 0.0.71
handle-success	Checkout code	2026-02-22T20:33:20.1806201Z  * [new tag]             0.0.72                 -> 0.0.72
handle-success	Checkout code	2026-02-22T20:33:20.1806576Z  * [new tag]             0.0.73                 -> 0.0.73
handle-success	Checkout code	2026-02-22T20:33:20.1806951Z  * [new tag]             0.0.74                 -> 0.0.74
handle-success	Checkout code	2026-02-22T20:33:20.1807320Z  * [new tag]             0.0.75                 -> 0.0.75
handle-success	Checkout code	2026-02-22T20:33:20.1807694Z  * [new tag]             0.0.76                 -> 0.0.76
handle-success	Checkout code	2026-02-22T20:33:20.1808813Z  * [new tag]             0.0.77                 -> 0.0.77
handle-success	Checkout code	2026-02-22T20:33:20.1809202Z  * [new tag]             0.0.78                 -> 0.0.78
handle-success	Checkout code	2026-02-22T20:33:20.1809584Z  * [new tag]             0.0.79                 -> 0.0.79
handle-success	Checkout code	2026-02-22T20:33:20.1809956Z  * [new tag]             0.0.8                  -> 0.0.8
handle-success	Checkout code	2026-02-22T20:33:20.1810333Z  * [new tag]             0.0.80                 -> 0.0.80
handle-success	Checkout code	2026-02-22T20:33:20.1810710Z  * [new tag]             0.0.81                 -> 0.0.81
handle-success	Checkout code	2026-02-22T20:33:20.1811084Z  * [new tag]             0.0.82                 -> 0.0.82
handle-success	Checkout code	2026-02-22T20:33:20.1811458Z  * [new tag]             0.0.83                 -> 0.0.83
handle-success	Checkout code	2026-02-22T20:33:20.1811831Z  * [new tag]             0.0.84                 -> 0.0.84
handle-success	Checkout code	2026-02-22T20:33:20.1812208Z  * [new tag]             0.0.85                 -> 0.0.85
handle-success	Checkout code	2026-02-22T20:33:20.1812583Z  * [new tag]             0.0.86                 -> 0.0.86
handle-success	Checkout code	2026-02-22T20:33:20.1812958Z  * [new tag]             0.0.87                 -> 0.0.87
handle-success	Checkout code	2026-02-22T20:33:20.1813531Z  * [new tag]             0.0.88                 -> 0.0.88
handle-success	Checkout code	2026-02-22T20:33:20.1813908Z  * [new tag]             0.0.89                 -> 0.0.89
handle-success	Checkout code	2026-02-22T20:33:20.1814289Z  * [new tag]             0.0.9                  -> 0.0.9
handle-success	Checkout code	2026-02-22T20:33:20.1814664Z  * [new tag]             0.0.90                 -> 0.0.90
handle-success	Checkout code	2026-02-22T20:33:20.1815041Z  * [new tag]             0.0.91                 -> 0.0.91
handle-success	Checkout code	2026-02-22T20:33:20.1815413Z  * [new tag]             0.0.92                 -> 0.0.92
handle-success	Checkout code	2026-02-22T20:33:20.1815789Z  * [new tag]             0.0.93                 -> 0.0.93
handle-success	Checkout code	2026-02-22T20:33:20.1816170Z  * [new tag]             0.0.94                 -> 0.0.94
handle-success	Checkout code	2026-02-22T20:33:20.1816549Z  * [new tag]             0.0.95                 -> 0.0.95
handle-success	Checkout code	2026-02-22T20:33:20.1816928Z  * [new tag]             0.0.96                 -> 0.0.96
handle-success	Checkout code	2026-02-22T20:33:20.1817304Z  * [new tag]             0.0.97                 -> 0.0.97
handle-success	Checkout code	2026-02-22T20:33:20.1817687Z  * [new tag]             0.0.98                 -> 0.0.98
handle-success	Checkout code	2026-02-22T20:33:20.1818311Z  * [new tag]             0.0.99                 -> 0.0.99
handle-success	Checkout code	2026-02-22T20:33:20.1818829Z  * [new tag]             0.1.0                  -> 0.1.0
handle-success	Checkout code	2026-02-22T20:33:20.1819211Z  * [new tag]             0.1.1                  -> 0.1.1
handle-success	Checkout code	2026-02-22T20:33:20.1819714Z  * [new tag]             0.2.0                  -> 0.2.0
handle-success	Checkout code	2026-02-22T20:33:20.1820089Z  * [new tag]             0.3.0                  -> 0.3.0
handle-success	Checkout code	2026-02-22T20:33:20.1820465Z  * [new tag]             0.3.1                  -> 0.3.1
handle-success	Checkout code	2026-02-22T20:33:20.1820841Z  * [new tag]             0.3.10                 -> 0.3.10
handle-success	Checkout code	2026-02-22T20:33:20.1821216Z  * [new tag]             0.3.11                 -> 0.3.11
handle-success	Checkout code	2026-02-22T20:33:20.1821593Z  * [new tag]             0.3.12                 -> 0.3.12
handle-success	Checkout code	2026-02-22T20:33:20.1821996Z  * [new tag]             0.3.13                 -> 0.3.13
handle-success	Checkout code	2026-02-22T20:33:20.1822377Z  * [new tag]             0.3.14                 -> 0.3.14
handle-success	Checkout code	2026-02-22T20:33:20.1822752Z  * [new tag]             0.3.15                 -> 0.3.15
handle-success	Checkout code	2026-02-22T20:33:20.1823557Z  * [new tag]             0.3.16                 -> 0.3.16
handle-success	Checkout code	2026-02-22T20:33:20.1823944Z  * [new tag]             0.3.17                 -> 0.3.17
handle-success	Checkout code	2026-02-22T20:33:20.1824453Z  * [new tag]             0.3.2                  -> 0.3.2
handle-success	Checkout code	2026-02-22T20:33:20.1824831Z  * [new tag]             0.3.3                  -> 0.3.3
handle-success	Checkout code	2026-02-22T20:33:20.1825210Z  * [new tag]             0.3.4                  -> 0.3.4
handle-success	Checkout code	2026-02-22T20:33:20.1825589Z  * [new tag]             0.3.5                  -> 0.3.5
handle-success	Checkout code	2026-02-22T20:33:20.1825964Z  * [new tag]             0.3.6                  -> 0.3.6
handle-success	Checkout code	2026-02-22T20:33:20.1826334Z  * [new tag]             0.3.7                  -> 0.3.7
handle-success	Checkout code	2026-02-22T20:33:20.1826709Z  * [new tag]             0.3.8                  -> 0.3.8
handle-success	Checkout code	2026-02-22T20:33:20.1827080Z  * [new tag]             0.3.9                  -> 0.3.9
handle-success	Checkout code	2026-02-22T20:33:20.1827594Z  * [new tag]             0.4.0                  -> 0.4.0
handle-success	Checkout code	2026-02-22T20:33:20.1828508Z  * [new tag]             0.4.1                  -> 0.4.1
handle-success	Checkout code	2026-02-22T20:33:20.1829173Z  * [new tag]             0.4.2                  -> 0.4.2
handle-success	Checkout code	2026-02-22T20:33:20.1829970Z  * [new tag]             0.4.3                  -> 0.4.3
handle-success	Checkout code	2026-02-22T20:33:20.1830744Z  * [new tag]             0.4.4                  -> 0.4.4
handle-success	Checkout code	2026-02-22T20:33:20.1831127Z  * [new tag]             0.4.5                  -> 0.4.5
handle-success	Checkout code	2026-02-22T20:33:20.1831623Z  * [new tag]             0.4.6                  -> 0.4.6
handle-success	Checkout code	2026-02-22T20:33:20.1831996Z  * [new tag]             0.4.7                  -> 0.4.7
handle-success	Checkout code	2026-02-22T20:33:20.1832366Z  * [new tag]             0.4.8                  -> 0.4.8
handle-success	Checkout code	2026-02-22T20:33:20.1832738Z  * [new tag]             0.4.9                  -> 0.4.9
handle-success	Checkout code	2026-02-22T20:33:20.1833111Z  * [new tag]             0.5.0                  -> 0.5.0
handle-success	Checkout code	2026-02-22T20:33:20.1833482Z  * [new tag]             0.5.1                  -> 0.5.1
handle-success	Checkout code	2026-02-22T20:33:20.1834129Z  * [new tag]             0.5.2                  -> 0.5.2
handle-success	Checkout code	2026-02-22T20:33:20.1834646Z  * [new tag]             0.6.0                  -> 0.6.0
handle-success	Checkout code	2026-02-22T20:33:20.1835337Z  * [new tag]             0.6.1                  -> 0.6.1
handle-success	Checkout code	2026-02-22T20:33:20.1835706Z  * [new tag]             0.6.2                  -> 0.6.2
handle-success	Checkout code	2026-02-22T20:33:20.2023983Z [command]/usr/bin/git branch --list --remote origin/main
handle-success	Checkout code	2026-02-22T20:33:20.2103708Z   origin/main
handle-success	Checkout code	2026-02-22T20:33:20.2115550Z [command]/usr/bin/git rev-parse refs/remotes/origin/main
handle-success	Checkout code	2026-02-22T20:33:20.2146794Z 2e6fdc09947b337c1f0dd1fcdcb24375628df06b
handle-success	Checkout code	2026-02-22T20:33:20.2161133Z [command]/usr/bin/git -c protocol.version=2 fetch --no-tags --prune --no-recurse-submodules origin +6f5a73018ffe5d7cd07957f16338837d06004e89:refs/remotes/origin/main
handle-success	Checkout code	2026-02-22T20:33:20.2347095Z From https://github.com/Ka0s-Klaus/ka0s
handle-success	Checkout code	2026-02-22T20:33:20.2347970Z  + 2e6fdc099...6f5a73018 6f5a73018ffe5d7cd07957f16338837d06004e89 -> origin/main  (forced update)
handle-success	Checkout code	2026-02-22T20:33:20.2387656Z ##[endgroup]
handle-success	Checkout code	2026-02-22T20:33:20.2388622Z ##[group]Determining the checkout info
handle-success	Checkout code	2026-02-22T20:33:20.2389309Z ##[endgroup]
handle-success	Checkout code	2026-02-22T20:33:20.2395243Z [command]/usr/bin/git sparse-checkout disable
handle-success	Checkout code	2026-02-22T20:33:20.2449438Z [command]/usr/bin/git config --local --unset-all extensions.worktreeConfig
handle-success	Checkout code	2026-02-22T20:33:20.2489679Z ##[group]Checking out the ref
handle-success	Checkout code	2026-02-22T20:33:20.2500951Z [command]/usr/bin/git checkout --progress --force -B main refs/remotes/origin/main
handle-success	Checkout code	2026-02-22T20:33:20.5062915Z Switched to a new branch 'main'
handle-success	Checkout code	2026-02-22T20:33:20.5066538Z branch 'main' set up to track 'origin/main'.
handle-success	Checkout code	2026-02-22T20:33:20.5108605Z ##[endgroup]
handle-success	Checkout code	2026-02-22T20:33:20.5163345Z [command]/usr/bin/git log -1 --format=%H
handle-success	Checkout code	2026-02-22T20:33:20.5200089Z 6f5a73018ffe5d7cd07957f16338837d06004e89
handle-success	handle-success-execution	Ôªø2026-02-22T20:33:20.5471882Z ##[group]Run # Si todo ha ido correcto a√±adimos el contenido del fichero 
handle-success	handle-success-execution	2026-02-22T20:33:20.5472647Z [36;1m# Si todo ha ido correcto a√±adimos el contenido del fichero [0m
handle-success	handle-success-execution	2026-02-22T20:33:20.5473084Z [36;1mecho "Process completed successfully 22284774241"[0m
handle-success	handle-success-execution	2026-02-22T20:33:20.5473499Z [36;1m# RNNUMBER=$(echo "refs/heads/main" | grep -o '[0-9]*')[0m
handle-success	handle-success-execution	2026-02-22T20:33:20.5474299Z [36;1m# gh issue comment $RNNUMBER --body "El proceso ha finalizado correctamente 22284774241. El resultado est√° en el fichero core/results/event_data_22284774241.log"[0m
handle-success	handle-success-execution	2026-02-22T20:33:20.5491929Z shell: /usr/bin/bash -e {0}
handle-success	handle-success-execution	2026-02-22T20:33:20.5492206Z env:
handle-success	handle-success-execution	2026-02-22T20:33:20.5492411Z   PYTHON_VERSION: 3.9
handle-success	handle-success-execution	2026-02-22T20:33:20.5493466Z   MONGO_SUPERUSER_CONNECTION: ***
handle-success	handle-success-execution	2026-02-22T20:33:20.5493853Z   MONGO_NEW_PASS: ***
handle-success	handle-success-execution	2026-02-22T20:33:20.5494156Z   MONGO_SCRIPT_CREATE: devops/core/mongo/scripts/add-doc-to-db.py
handle-success	handle-success-execution	2026-02-22T20:33:20.5494510Z   KAOS_CODE: 22284774241
handle-success	handle-success-execution	2026-02-22T20:33:20.5494757Z   KAOS_MODULE: [Ka0s] Autom add docs to MongoDB
handle-success	handle-success-execution	2026-02-22T20:33:20.5495092Z   REPORT_SCAN: audit/
handle-success	handle-success-execution	2026-02-22T20:33:20.5495553Z   REPORT_PATH: audit/mongodb/
handle-success	handle-success-execution	2026-02-22T20:33:20.5495819Z   REPORT_FILENAME: mongo_setup_22284774241.json
handle-success	handle-success-execution	2026-02-22T20:33:20.5496135Z   REPORT_FILENAME_LIST: mongo_list_22284774241.json
handle-success	handle-success-execution	2026-02-22T20:33:20.5496748Z   REPORT_FILENAME_DB: mongo_create_db_22284774241.json
handle-success	handle-success-execution	2026-02-22T20:33:20.5497150Z   GH_TOKEN: ***
handle-success	handle-success-execution	2026-02-22T20:33:20.5497348Z ##[endgroup]
handle-success	handle-success-execution	2026-02-22T20:33:20.5569877Z Process completed successfully 22284774241
handle-success	Post Checkout code	Ôªø2026-02-22T20:33:20.5715936Z Post job cleanup.
handle-success	Post Checkout code	2026-02-22T20:33:20.6801067Z [command]/usr/bin/git version
handle-success	Post Checkout code	2026-02-22T20:33:20.6846443Z git version 2.52.0
handle-success	Post Checkout code	2026-02-22T20:33:20.6896014Z Temporarily overriding HOME='/home/runner/_work/_temp/0d55f2a0-23ea-475a-ac26-ae6e2e2bd431' before making global git config changes
handle-success	Post Checkout code	2026-02-22T20:33:20.6896851Z Adding repository directory to the temporary git global config as a safe directory
handle-success	Post Checkout code	2026-02-22T20:33:20.6902778Z [command]/usr/bin/git config --global --add safe.directory /home/runner/_work/ka0s/ka0s
handle-success	Post Checkout code	2026-02-22T20:33:20.6962384Z [command]/usr/bin/git config --local --name-only --get-regexp core\.sshCommand
handle-success	Post Checkout code	2026-02-22T20:33:20.7006506Z [command]/usr/bin/git submodule foreach --recursive sh -c "git config --local --name-only --get-regexp 'core\.sshCommand' && git config --local --unset-all 'core.sshCommand' || :"
handle-success	Post Checkout code	2026-02-22T20:33:20.7356186Z [command]/usr/bin/git config --local --name-only --get-regexp http\.https\:\/\/github\.com\/\.extraheader
handle-success	Post Checkout code	2026-02-22T20:33:20.7391844Z http.https://github.com/.extraheader
handle-success	Post Checkout code	2026-02-22T20:33:20.7410663Z [command]/usr/bin/git config --local --unset-all http.https://github.com/.extraheader
handle-success	Post Checkout code	2026-02-22T20:33:20.7454484Z [command]/usr/bin/git submodule foreach --recursive sh -c "git config --local --name-only --get-regexp 'http\.https\:\/\/github\.com\/\.extraheader' && git config --local --unset-all 'http.https://github.com/.extraheader' || :"
handle-success	Post Checkout code	2026-02-22T20:33:20.7786576Z [command]/usr/bin/git config --local --name-only --get-regexp ^includeIf\.gitdir:
handle-success	Post Checkout code	2026-02-22T20:33:20.7827647Z [command]/usr/bin/git submodule foreach --recursive git config --local --show-origin --name-only --get-regexp remote.origin.url
handle-success	Complete job	Ôªø2026-02-22T20:33:20.8302129Z Cleaning up orphan processes
end-workflow	Set up job	Ôªø2026-02-22T20:33:32.9280654Z Current runner version: '2.331.0'
end-workflow	Set up job	2026-02-22T20:33:32.9289473Z Runner name: 'swarm-runners-scaleset-hkss5-runner-qghqs'
end-workflow	Set up job	2026-02-22T20:33:32.9290587Z Runner group name: 'Default'
end-workflow	Set up job	2026-02-22T20:33:32.9291645Z Machine name: 'swarm-runners-scaleset-hkss5-runner-qghqs'
end-workflow	Set up job	2026-02-22T20:33:32.9296029Z ##[group]GITHUB_TOKEN Permissions
end-workflow	Set up job	2026-02-22T20:33:32.9299179Z Actions: write
end-workflow	Set up job	2026-02-22T20:33:32.9299812Z Contents: write
end-workflow	Set up job	2026-02-22T20:33:32.9300404Z Issues: write
end-workflow	Set up job	2026-02-22T20:33:32.9300959Z Metadata: read
end-workflow	Set up job	2026-02-22T20:33:32.9301555Z PullRequests: write
end-workflow	Set up job	2026-02-22T20:33:32.9302165Z ##[endgroup]
end-workflow	Set up job	2026-02-22T20:33:32.9304415Z Secret source: Actions
end-workflow	Set up job	2026-02-22T20:33:32.9305113Z Prepare workflow directory
end-workflow	Set up job	2026-02-22T20:33:32.9886409Z Prepare all required actions
end-workflow	Set up job	2026-02-22T20:33:32.9927413Z Getting action download info
end-workflow	Set up job	2026-02-22T20:33:33.5974297Z Download action repository 'actions/checkout@v4' (SHA:34e114876b0b11c390a56381ad16ebd13914f8d5)
end-workflow	Set up job	2026-02-22T20:33:34.5704578Z Complete job name: end-workflow
end-workflow	Checkout Repository	Ôªø2026-02-22T20:33:34.6377742Z ##[group]Run actions/checkout@v4
end-workflow	Checkout Repository	2026-02-22T20:33:34.6379287Z with:
end-workflow	Checkout Repository	2026-02-22T20:33:34.6379749Z   fetch-depth: 0
end-workflow	Checkout Repository	2026-02-22T20:33:34.6380228Z   repository: Ka0s-Klaus/ka0s
end-workflow	Checkout Repository	2026-02-22T20:33:34.6381051Z   token: ***
end-workflow	Checkout Repository	2026-02-22T20:33:34.6381495Z   ssh-strict: true
end-workflow	Checkout Repository	2026-02-22T20:33:34.6381952Z   ssh-user: git
end-workflow	Checkout Repository	2026-02-22T20:33:34.6382415Z   persist-credentials: true
end-workflow	Checkout Repository	2026-02-22T20:33:34.6382933Z   clean: true
end-workflow	Checkout Repository	2026-02-22T20:33:34.6383529Z   sparse-checkout-cone-mode: true
end-workflow	Checkout Repository	2026-02-22T20:33:34.6384110Z   fetch-tags: false
end-workflow	Checkout Repository	2026-02-22T20:33:34.6384704Z   show-progress: true
end-workflow	Checkout Repository	2026-02-22T20:33:34.6385164Z   lfs: false
end-workflow	Checkout Repository	2026-02-22T20:33:34.6385595Z   submodules: false
end-workflow	Checkout Repository	2026-02-22T20:33:34.6386095Z   set-safe-directory: true
end-workflow	Checkout Repository	2026-02-22T20:33:34.6386871Z env:
end-workflow	Checkout Repository	2026-02-22T20:33:34.6387313Z   PYTHON_VERSION: 3.9
end-workflow	Checkout Repository	2026-02-22T20:33:34.6389429Z   MONGO_SUPERUSER_CONNECTION: ***
end-workflow	Checkout Repository	2026-02-22T20:33:34.6390222Z   MONGO_NEW_PASS: ***
end-workflow	Checkout Repository	2026-02-22T20:33:34.6390893Z   MONGO_SCRIPT_CREATE: devops/core/mongo/scripts/add-doc-to-db.py
end-workflow	Checkout Repository	2026-02-22T20:33:34.6391736Z   KAOS_CODE: 22284774241
end-workflow	Checkout Repository	2026-02-22T20:33:34.6392303Z   KAOS_MODULE: [Ka0s] Autom add docs to MongoDB
end-workflow	Checkout Repository	2026-02-22T20:33:34.6392933Z   REPORT_SCAN: audit/
end-workflow	Checkout Repository	2026-02-22T20:33:34.6393426Z   REPORT_PATH: audit/mongodb/
end-workflow	Checkout Repository	2026-02-22T20:33:34.6394014Z   REPORT_FILENAME: mongo_setup_22284774241.json
end-workflow	Checkout Repository	2026-02-22T20:33:34.6394724Z   REPORT_FILENAME_LIST: mongo_list_22284774241.json
end-workflow	Checkout Repository	2026-02-22T20:33:34.6395472Z   REPORT_FILENAME_DB: mongo_create_db_22284774241.json
end-workflow	Checkout Repository	2026-02-22T20:33:34.6396118Z ##[endgroup]
end-workflow	Checkout Repository	2026-02-22T20:33:34.7665521Z Syncing repository: Ka0s-Klaus/ka0s
end-workflow	Checkout Repository	2026-02-22T20:33:34.7667732Z ##[group]Getting Git version info
end-workflow	Checkout Repository	2026-02-22T20:33:34.7669043Z Working directory is '/home/runner/_work/ka0s/ka0s'
end-workflow	Checkout Repository	2026-02-22T20:33:34.7670101Z [command]/usr/bin/git version
end-workflow	Checkout Repository	2026-02-22T20:33:34.7670646Z git version 2.52.0
end-workflow	Checkout Repository	2026-02-22T20:33:34.7694307Z ##[endgroup]
end-workflow	Checkout Repository	2026-02-22T20:33:34.7714001Z Temporarily overriding HOME='/home/runner/_work/_temp/9a908c7c-6594-426d-89e7-f7a70adad370' before making global git config changes
end-workflow	Checkout Repository	2026-02-22T20:33:34.7715791Z Adding repository directory to the temporary git global config as a safe directory
end-workflow	Checkout Repository	2026-02-22T20:33:34.7744778Z [command]/usr/bin/git config --global --add safe.directory /home/runner/_work/ka0s/ka0s
end-workflow	Checkout Repository	2026-02-22T20:33:34.7773189Z Deleting the contents of '/home/runner/_work/ka0s/ka0s'
end-workflow	Checkout Repository	2026-02-22T20:33:34.7779174Z ##[group]Initializing the repository
end-workflow	Checkout Repository	2026-02-22T20:33:34.7784984Z [command]/usr/bin/git init /home/runner/_work/ka0s/ka0s
end-workflow	Checkout Repository	2026-02-22T20:33:34.7849468Z hint: Using 'master' as the name for the initial branch. This default branch name
end-workflow	Checkout Repository	2026-02-22T20:33:34.7850881Z hint: will change to "main" in Git 3.0. To configure the initial branch name
end-workflow	Checkout Repository	2026-02-22T20:33:34.7852074Z hint: to use in all of your new repositories, which will suppress this warning,
end-workflow	Checkout Repository	2026-02-22T20:33:34.7853018Z hint: call:
end-workflow	Checkout Repository	2026-02-22T20:33:34.7853433Z hint:
end-workflow	Checkout Repository	2026-02-22T20:33:34.7853987Z hint: 	git config --global init.defaultBranch <name>
end-workflow	Checkout Repository	2026-02-22T20:33:34.7854636Z hint:
end-workflow	Checkout Repository	2026-02-22T20:33:34.7855760Z hint: Names commonly chosen instead of 'master' are 'main', 'trunk' and
end-workflow	Checkout Repository	2026-02-22T20:33:34.7856814Z hint: 'development'. The just-created branch can be renamed via this command:
end-workflow	Checkout Repository	2026-02-22T20:33:34.7860051Z hint:
end-workflow	Checkout Repository	2026-02-22T20:33:34.7861908Z hint: 	git branch -m <name>
end-workflow	Checkout Repository	2026-02-22T20:33:34.7862732Z hint:
end-workflow	Checkout Repository	2026-02-22T20:33:34.7863558Z hint: Disable this message with "git config set advice.defaultBranchName false"
end-workflow	Checkout Repository	2026-02-22T20:33:34.7864705Z Initialized empty Git repository in /home/runner/_work/ka0s/ka0s/.git/
end-workflow	Checkout Repository	2026-02-22T20:33:34.7866617Z [command]/usr/bin/git remote add origin https://github.com/Ka0s-Klaus/ka0s
end-workflow	Checkout Repository	2026-02-22T20:33:34.7910301Z ##[endgroup]
end-workflow	Checkout Repository	2026-02-22T20:33:34.7911293Z ##[group]Disabling automatic garbage collection
end-workflow	Checkout Repository	2026-02-22T20:33:34.7916011Z [command]/usr/bin/git config --local gc.auto 0
end-workflow	Checkout Repository	2026-02-22T20:33:34.7957183Z ##[endgroup]
end-workflow	Checkout Repository	2026-02-22T20:33:34.7959788Z ##[group]Setting up auth
end-workflow	Checkout Repository	2026-02-22T20:33:34.7966154Z [command]/usr/bin/git config --local --name-only --get-regexp core\.sshCommand
end-workflow	Checkout Repository	2026-02-22T20:33:34.8009147Z [command]/usr/bin/git submodule foreach --recursive sh -c "git config --local --name-only --get-regexp 'core\.sshCommand' && git config --local --unset-all 'core.sshCommand' || :"
end-workflow	Checkout Repository	2026-02-22T20:33:34.8344614Z [command]/usr/bin/git config --local --name-only --get-regexp http\.https\:\/\/github\.com\/\.extraheader
end-workflow	Checkout Repository	2026-02-22T20:33:34.8385338Z [command]/usr/bin/git submodule foreach --recursive sh -c "git config --local --name-only --get-regexp 'http\.https\:\/\/github\.com\/\.extraheader' && git config --local --unset-all 'http.https://github.com/.extraheader' || :"
end-workflow	Checkout Repository	2026-02-22T20:33:34.8719768Z [command]/usr/bin/git config --local --name-only --get-regexp ^includeIf\.gitdir:
end-workflow	Checkout Repository	2026-02-22T20:33:34.8762217Z [command]/usr/bin/git submodule foreach --recursive git config --local --show-origin --name-only --get-regexp remote.origin.url
end-workflow	Checkout Repository	2026-02-22T20:33:34.9107218Z [command]/usr/bin/git config --local http.https://github.com/.extraheader AUTHORIZATION: basic ***
end-workflow	Checkout Repository	2026-02-22T20:33:34.9166496Z ##[endgroup]
end-workflow	Checkout Repository	2026-02-22T20:33:34.9167519Z ##[group]Fetching the repository
end-workflow	Checkout Repository	2026-02-22T20:33:34.9175525Z [command]/usr/bin/git -c protocol.version=2 fetch --prune --no-recurse-submodules origin +refs/heads/*:refs/remotes/origin/* +refs/tags/*:refs/tags/*
end-workflow	Checkout Repository	2026-02-22T20:34:03.1903423Z From https://github.com/Ka0s-Klaus/ka0s
end-workflow	Checkout Repository	2026-02-22T20:34:03.1904111Z  * [new branch]          F3450-modelo-operativo -> origin/F3450-modelo-operativo
end-workflow	Checkout Repository	2026-02-22T20:34:03.1904800Z  * [new branch]          H1276-modulo-observabilidad -> origin/H1276-modulo-observabilidad
end-workflow	Checkout Repository	2026-02-22T20:34:03.1905536Z  * [new branch]          H3596-deploy-itop      -> origin/H3596-deploy-itop
end-workflow	Checkout Repository	2026-02-22T20:34:03.1906068Z  * [new branch]          main                   -> origin/main
end-workflow	Checkout Repository	2026-02-22T20:34:03.1906514Z  * [new tag]             0.0.0                  -> 0.0.0
end-workflow	Checkout Repository	2026-02-22T20:34:03.1906922Z  * [new tag]             0.0.1                  -> 0.0.1
end-workflow	Checkout Repository	2026-02-22T20:34:03.1907341Z  * [new tag]             0.0.10                 -> 0.0.10
end-workflow	Checkout Repository	2026-02-22T20:34:03.1908155Z  * [new tag]             0.0.100                -> 0.0.100
end-workflow	Checkout Repository	2026-02-22T20:34:03.1908611Z  * [new tag]             0.0.101                -> 0.0.101
end-workflow	Checkout Repository	2026-02-22T20:34:03.1909034Z  * [new tag]             0.0.102                -> 0.0.102
end-workflow	Checkout Repository	2026-02-22T20:34:03.1909494Z  * [new tag]             0.0.103                -> 0.0.103
end-workflow	Checkout Repository	2026-02-22T20:34:03.1909908Z  * [new tag]             0.0.104                -> 0.0.104
end-workflow	Checkout Repository	2026-02-22T20:34:03.1910331Z  * [new tag]             0.0.105                -> 0.0.105
end-workflow	Checkout Repository	2026-02-22T20:34:03.1910790Z  * [new tag]             0.0.106                -> 0.0.106
end-workflow	Checkout Repository	2026-02-22T20:34:03.1911248Z  * [new tag]             0.0.107                -> 0.0.107
end-workflow	Checkout Repository	2026-02-22T20:34:03.1911660Z  * [new tag]             0.0.108                -> 0.0.108
end-workflow	Checkout Repository	2026-02-22T20:34:03.1912067Z  * [new tag]             0.0.109                -> 0.0.109
end-workflow	Checkout Repository	2026-02-22T20:34:03.1912485Z  * [new tag]             0.0.11                 -> 0.0.11
end-workflow	Checkout Repository	2026-02-22T20:34:03.1912936Z  * [new tag]             0.0.110                -> 0.0.110
end-workflow	Checkout Repository	2026-02-22T20:34:03.1913816Z  * [new tag]             0.0.111                -> 0.0.111
end-workflow	Checkout Repository	2026-02-22T20:34:03.1914223Z  * [new tag]             0.0.112                -> 0.0.112
end-workflow	Checkout Repository	2026-02-22T20:34:03.1914653Z  * [new tag]             0.0.113                -> 0.0.113
end-workflow	Checkout Repository	2026-02-22T20:34:03.1915064Z  * [new tag]             0.0.114                -> 0.0.114
end-workflow	Checkout Repository	2026-02-22T20:34:03.1915481Z  * [new tag]             0.0.115                -> 0.0.115
end-workflow	Checkout Repository	2026-02-22T20:34:03.1915894Z  * [new tag]             0.0.116                -> 0.0.116
end-workflow	Checkout Repository	2026-02-22T20:34:03.1916307Z  * [new tag]             0.0.117                -> 0.0.117
end-workflow	Checkout Repository	2026-02-22T20:34:03.1916727Z  * [new tag]             0.0.118                -> 0.0.118
end-workflow	Checkout Repository	2026-02-22T20:34:03.1917150Z  * [new tag]             0.0.119                -> 0.0.119
end-workflow	Checkout Repository	2026-02-22T20:34:03.1917643Z  * [new tag]             0.0.12                 -> 0.0.12
end-workflow	Checkout Repository	2026-02-22T20:34:03.1918193Z  * [new tag]             0.0.120                -> 0.0.120
end-workflow	Checkout Repository	2026-02-22T20:34:03.1918739Z  * [new tag]             0.0.121                -> 0.0.121
end-workflow	Checkout Repository	2026-02-22T20:34:03.1919462Z  * [new tag]             0.0.122                -> 0.0.122
end-workflow	Checkout Repository	2026-02-22T20:34:03.1919876Z  * [new tag]             0.0.123                -> 0.0.123
end-workflow	Checkout Repository	2026-02-22T20:34:03.1920286Z  * [new tag]             0.0.124                -> 0.0.124
end-workflow	Checkout Repository	2026-02-22T20:34:03.1920692Z  * [new tag]             0.0.125                -> 0.0.125
end-workflow	Checkout Repository	2026-02-22T20:34:03.1921112Z  * [new tag]             0.0.126                -> 0.0.126
end-workflow	Checkout Repository	2026-02-22T20:34:03.1921526Z  * [new tag]             0.0.127                -> 0.0.127
end-workflow	Checkout Repository	2026-02-22T20:34:03.1921940Z  * [new tag]             0.0.128                -> 0.0.128
end-workflow	Checkout Repository	2026-02-22T20:34:03.1922348Z  * [new tag]             0.0.129                -> 0.0.129
end-workflow	Checkout Repository	2026-02-22T20:34:03.1922761Z  * [new tag]             0.0.13                 -> 0.0.13
end-workflow	Checkout Repository	2026-02-22T20:34:03.1923178Z  * [new tag]             0.0.130                -> 0.0.130
end-workflow	Checkout Repository	2026-02-22T20:34:03.1923591Z  * [new tag]             0.0.131                -> 0.0.131
end-workflow	Checkout Repository	2026-02-22T20:34:03.1924034Z  * [new tag]             0.0.132                -> 0.0.132
end-workflow	Checkout Repository	2026-02-22T20:34:03.1924507Z  * [new tag]             0.0.133                -> 0.0.133
end-workflow	Checkout Repository	2026-02-22T20:34:03.1924926Z  * [new tag]             0.0.134                -> 0.0.134
end-workflow	Checkout Repository	2026-02-22T20:34:03.2001089Z  * [new tag]             0.0.135                -> 0.0.135
end-workflow	Checkout Repository	2026-02-22T20:34:03.2001882Z  * [new tag]             0.0.136                -> 0.0.136
end-workflow	Checkout Repository	2026-02-22T20:34:03.2002318Z  * [new tag]             0.0.137                -> 0.0.137
end-workflow	Checkout Repository	2026-02-22T20:34:03.2002730Z  * [new tag]             0.0.138                -> 0.0.138
end-workflow	Checkout Repository	2026-02-22T20:34:03.2003134Z  * [new tag]             0.0.139                -> 0.0.139
end-workflow	Checkout Repository	2026-02-22T20:34:03.2003548Z  * [new tag]             0.0.14                 -> 0.0.14
end-workflow	Checkout Repository	2026-02-22T20:34:03.2003949Z  * [new tag]             0.0.140                -> 0.0.140
end-workflow	Checkout Repository	2026-02-22T20:34:03.2004357Z  * [new tag]             0.0.141                -> 0.0.141
end-workflow	Checkout Repository	2026-02-22T20:34:03.2004760Z  * [new tag]             0.0.142                -> 0.0.142
end-workflow	Checkout Repository	2026-02-22T20:34:03.2005342Z  * [new tag]             0.0.143                -> 0.0.143
end-workflow	Checkout Repository	2026-02-22T20:34:03.2005743Z  * [new tag]             0.0.144                -> 0.0.144
end-workflow	Checkout Repository	2026-02-22T20:34:03.2006142Z  * [new tag]             0.0.145                -> 0.0.145
end-workflow	Checkout Repository	2026-02-22T20:34:03.2006536Z  * [new tag]             0.0.146                -> 0.0.146
end-workflow	Checkout Repository	2026-02-22T20:34:03.2006933Z  * [new tag]             0.0.147                -> 0.0.147
end-workflow	Checkout Repository	2026-02-22T20:34:03.2007332Z  * [new tag]             0.0.148                -> 0.0.148
end-workflow	Checkout Repository	2026-02-22T20:34:03.2007725Z  * [new tag]             0.0.149                -> 0.0.149
end-workflow	Checkout Repository	2026-02-22T20:34:03.2010863Z  * [new tag]             0.0.15                 -> 0.0.15
end-workflow	Checkout Repository	2026-02-22T20:34:03.2011291Z  * [new tag]             0.0.150                -> 0.0.150
end-workflow	Checkout Repository	2026-02-22T20:34:03.2011712Z  * [new tag]             0.0.151                -> 0.0.151
end-workflow	Checkout Repository	2026-02-22T20:34:03.2012137Z  * [new tag]             0.0.152                -> 0.0.152
end-workflow	Checkout Repository	2026-02-22T20:34:03.2012595Z  * [new tag]             0.0.153                -> 0.0.153
end-workflow	Checkout Repository	2026-02-22T20:34:03.2013380Z  * [new tag]             0.0.154                -> 0.0.154
end-workflow	Checkout Repository	2026-02-22T20:34:03.2013794Z  * [new tag]             0.0.155                -> 0.0.155
end-workflow	Checkout Repository	2026-02-22T20:34:03.2014204Z  * [new tag]             0.0.156                -> 0.0.156
end-workflow	Checkout Repository	2026-02-22T20:34:03.2014611Z  * [new tag]             0.0.157                -> 0.0.157
end-workflow	Checkout Repository	2026-02-22T20:34:03.2015024Z  * [new tag]             0.0.158                -> 0.0.158
end-workflow	Checkout Repository	2026-02-22T20:34:03.2015442Z  * [new tag]             0.0.159                -> 0.0.159
end-workflow	Checkout Repository	2026-02-22T20:34:03.2015857Z  * [new tag]             0.0.16                 -> 0.0.16
end-workflow	Checkout Repository	2026-02-22T20:34:03.2016283Z  * [new tag]             0.0.160                -> 0.0.160
end-workflow	Checkout Repository	2026-02-22T20:34:03.2016700Z  * [new tag]             0.0.161                -> 0.0.161
end-workflow	Checkout Repository	2026-02-22T20:34:03.2017122Z  * [new tag]             0.0.162                -> 0.0.162
end-workflow	Checkout Repository	2026-02-22T20:34:03.2017540Z  * [new tag]             0.0.163                -> 0.0.163
end-workflow	Checkout Repository	2026-02-22T20:34:03.2018453Z  * [new tag]             0.0.164                -> 0.0.164
end-workflow	Checkout Repository	2026-02-22T20:34:03.2019013Z  * [new tag]             0.0.165                -> 0.0.165
end-workflow	Checkout Repository	2026-02-22T20:34:03.2019446Z  * [new tag]             0.0.166                -> 0.0.166
end-workflow	Checkout Repository	2026-02-22T20:34:03.2019861Z  * [new tag]             0.0.167                -> 0.0.167
end-workflow	Checkout Repository	2026-02-22T20:34:03.2020276Z  * [new tag]             0.0.168                -> 0.0.168
end-workflow	Checkout Repository	2026-02-22T20:34:03.2020693Z  * [new tag]             0.0.169                -> 0.0.169
end-workflow	Checkout Repository	2026-02-22T20:34:03.2021112Z  * [new tag]             0.0.17                 -> 0.0.17
end-workflow	Checkout Repository	2026-02-22T20:34:03.2021531Z  * [new tag]             0.0.170                -> 0.0.170
end-workflow	Checkout Repository	2026-02-22T20:34:03.2021951Z  * [new tag]             0.0.171                -> 0.0.171
end-workflow	Checkout Repository	2026-02-22T20:34:03.2022370Z  * [new tag]             0.0.172                -> 0.0.172
end-workflow	Checkout Repository	2026-02-22T20:34:03.2022969Z  * [new tag]             0.0.173                -> 0.0.173
end-workflow	Checkout Repository	2026-02-22T20:34:03.2023420Z  * [new tag]             0.0.174                -> 0.0.174
end-workflow	Checkout Repository	2026-02-22T20:34:03.2023902Z  * [new tag]             0.0.175                -> 0.0.175
end-workflow	Checkout Repository	2026-02-22T20:34:03.2024325Z  * [new tag]             0.0.176                -> 0.0.176
end-workflow	Checkout Repository	2026-02-22T20:34:03.2024865Z  * [new tag]             0.0.177                -> 0.0.177
end-workflow	Checkout Repository	2026-02-22T20:34:03.2025268Z  * [new tag]             0.0.178                -> 0.0.178
end-workflow	Checkout Repository	2026-02-22T20:34:03.2025679Z  * [new tag]             0.0.179                -> 0.0.179
end-workflow	Checkout Repository	2026-02-22T20:34:03.2026082Z  * [new tag]             0.0.18                 -> 0.0.18
end-workflow	Checkout Repository	2026-02-22T20:34:03.2026491Z  * [new tag]             0.0.19                 -> 0.0.19
end-workflow	Checkout Repository	2026-02-22T20:34:03.2026896Z  * [new tag]             0.0.2                  -> 0.0.2
end-workflow	Checkout Repository	2026-02-22T20:34:03.2027307Z  * [new tag]             0.0.20                 -> 0.0.20
end-workflow	Checkout Repository	2026-02-22T20:34:03.2027720Z  * [new tag]             0.0.21                 -> 0.0.21
end-workflow	Checkout Repository	2026-02-22T20:34:03.2028504Z  * [new tag]             0.0.22                 -> 0.0.22
end-workflow	Checkout Repository	2026-02-22T20:34:03.2028913Z  * [new tag]             0.0.23                 -> 0.0.23
end-workflow	Checkout Repository	2026-02-22T20:34:03.2029332Z  * [new tag]             0.0.24                 -> 0.0.24
end-workflow	Checkout Repository	2026-02-22T20:34:03.2029888Z  * [new tag]             0.0.25                 -> 0.0.25
end-workflow	Checkout Repository	2026-02-22T20:34:03.2030314Z  * [new tag]             0.0.26                 -> 0.0.26
end-workflow	Checkout Repository	2026-02-22T20:34:03.2030853Z  * [new tag]             0.0.27                 -> 0.0.27
end-workflow	Checkout Repository	2026-02-22T20:34:03.2031523Z  * [new tag]             0.0.28                 -> 0.0.28
end-workflow	Checkout Repository	2026-02-22T20:34:03.2031930Z  * [new tag]             0.0.29                 -> 0.0.29
end-workflow	Checkout Repository	2026-02-22T20:34:03.2032340Z  * [new tag]             0.0.3                  -> 0.0.3
end-workflow	Checkout Repository	2026-02-22T20:34:03.2032742Z  * [new tag]             0.0.30                 -> 0.0.30
end-workflow	Checkout Repository	2026-02-22T20:34:03.2033147Z  * [new tag]             0.0.31                 -> 0.0.31
end-workflow	Checkout Repository	2026-02-22T20:34:03.2033556Z  * [new tag]             0.0.32                 -> 0.0.32
end-workflow	Checkout Repository	2026-02-22T20:34:03.2033965Z  * [new tag]             0.0.33                 -> 0.0.33
end-workflow	Checkout Repository	2026-02-22T20:34:03.2034614Z  * [new tag]             0.0.34                 -> 0.0.34
end-workflow	Checkout Repository	2026-02-22T20:34:03.2035024Z  * [new tag]             0.0.35                 -> 0.0.35
end-workflow	Checkout Repository	2026-02-22T20:34:03.2035428Z  * [new tag]             0.0.36                 -> 0.0.36
end-workflow	Checkout Repository	2026-02-22T20:34:03.2035837Z  * [new tag]             0.0.37                 -> 0.0.37
end-workflow	Checkout Repository	2026-02-22T20:34:03.2036237Z  * [new tag]             0.0.38                 -> 0.0.38
end-workflow	Checkout Repository	2026-02-22T20:34:03.2036643Z  * [new tag]             0.0.39                 -> 0.0.39
end-workflow	Checkout Repository	2026-02-22T20:34:03.2037048Z  * [new tag]             0.0.4                  -> 0.0.4
end-workflow	Checkout Repository	2026-02-22T20:34:03.2037449Z  * [new tag]             0.0.40                 -> 0.0.40
end-workflow	Checkout Repository	2026-02-22T20:34:03.2038162Z  * [new tag]             0.0.41                 -> 0.0.41
end-workflow	Checkout Repository	2026-02-22T20:34:03.2038693Z  * [new tag]             0.0.42                 -> 0.0.42
end-workflow	Checkout Repository	2026-02-22T20:34:03.2039091Z  * [new tag]             0.0.43                 -> 0.0.43
end-workflow	Checkout Repository	2026-02-22T20:34:03.2039484Z  * [new tag]             0.0.44                 -> 0.0.44
end-workflow	Checkout Repository	2026-02-22T20:34:03.2040091Z  * [new tag]             0.0.45                 -> 0.0.45
end-workflow	Checkout Repository	2026-02-22T20:34:03.2040489Z  * [new tag]             0.0.46                 -> 0.0.46
end-workflow	Checkout Repository	2026-02-22T20:34:03.2040879Z  * [new tag]             0.0.47                 -> 0.0.47
end-workflow	Checkout Repository	2026-02-22T20:34:03.2041275Z  * [new tag]             0.0.48                 -> 0.0.48
end-workflow	Checkout Repository	2026-02-22T20:34:03.2041670Z  * [new tag]             0.0.49                 -> 0.0.49
end-workflow	Checkout Repository	2026-02-22T20:34:03.2042068Z  * [new tag]             0.0.5                  -> 0.0.5
end-workflow	Checkout Repository	2026-02-22T20:34:03.2042460Z  * [new tag]             0.0.50                 -> 0.0.50
end-workflow	Checkout Repository	2026-02-22T20:34:03.2042857Z  * [new tag]             0.0.51                 -> 0.0.51
end-workflow	Checkout Repository	2026-02-22T20:34:03.2043251Z  * [new tag]             0.0.52                 -> 0.0.52
end-workflow	Checkout Repository	2026-02-22T20:34:03.2043645Z  * [new tag]             0.0.53                 -> 0.0.53
end-workflow	Checkout Repository	2026-02-22T20:34:03.2044032Z  * [new tag]             0.0.54                 -> 0.0.54
end-workflow	Checkout Repository	2026-02-22T20:34:03.2044424Z  * [new tag]             0.0.55                 -> 0.0.55
end-workflow	Checkout Repository	2026-02-22T20:34:03.2044836Z  * [new tag]             0.0.56                 -> 0.0.56
end-workflow	Checkout Repository	2026-02-22T20:34:03.2045226Z  * [new tag]             0.0.57                 -> 0.0.57
end-workflow	Checkout Repository	2026-02-22T20:34:03.2045622Z  * [new tag]             0.0.58                 -> 0.0.58
end-workflow	Checkout Repository	2026-02-22T20:34:03.2046016Z  * [new tag]             0.0.59                 -> 0.0.59
end-workflow	Checkout Repository	2026-02-22T20:34:03.2046410Z  * [new tag]             0.0.6                  -> 0.0.6
end-workflow	Checkout Repository	2026-02-22T20:34:03.2046799Z  * [new tag]             0.0.60                 -> 0.0.60
end-workflow	Checkout Repository	2026-02-22T20:34:03.2047193Z  * [new tag]             0.0.61                 -> 0.0.61
end-workflow	Checkout Repository	2026-02-22T20:34:03.2047585Z  * [new tag]             0.0.62                 -> 0.0.62
end-workflow	Checkout Repository	2026-02-22T20:34:03.2048559Z  * [new tag]             0.0.63                 -> 0.0.63
end-workflow	Checkout Repository	2026-02-22T20:34:03.2048963Z  * [new tag]             0.0.64                 -> 0.0.64
end-workflow	Checkout Repository	2026-02-22T20:34:03.2049483Z  * [new tag]             0.0.65                 -> 0.0.65
end-workflow	Checkout Repository	2026-02-22T20:34:03.2049872Z  * [new tag]             0.0.66                 -> 0.0.66
end-workflow	Checkout Repository	2026-02-22T20:34:03.2050275Z  * [new tag]             0.0.67                 -> 0.0.67
end-workflow	Checkout Repository	2026-02-22T20:34:03.2050663Z  * [new tag]             0.0.68                 -> 0.0.68
end-workflow	Checkout Repository	2026-02-22T20:34:03.2051052Z  * [new tag]             0.0.69                 -> 0.0.69
end-workflow	Checkout Repository	2026-02-22T20:34:03.2051446Z  * [new tag]             0.0.7                  -> 0.0.7
end-workflow	Checkout Repository	2026-02-22T20:34:03.2051828Z  * [new tag]             0.0.70                 -> 0.0.70
end-workflow	Checkout Repository	2026-02-22T20:34:03.2052216Z  * [new tag]             0.0.71                 -> 0.0.71
end-workflow	Checkout Repository	2026-02-22T20:34:03.2052920Z  * [new tag]             0.0.72                 -> 0.0.72
end-workflow	Checkout Repository	2026-02-22T20:34:03.2053320Z  * [new tag]             0.0.73                 -> 0.0.73
end-workflow	Checkout Repository	2026-02-22T20:34:03.2053726Z  * [new tag]             0.0.74                 -> 0.0.74
end-workflow	Checkout Repository	2026-02-22T20:34:03.2054127Z  * [new tag]             0.0.75                 -> 0.0.75
end-workflow	Checkout Repository	2026-02-22T20:34:03.2054531Z  * [new tag]             0.0.76                 -> 0.0.76
end-workflow	Checkout Repository	2026-02-22T20:34:03.2055419Z  * [new tag]             0.0.77                 -> 0.0.77
end-workflow	Checkout Repository	2026-02-22T20:34:03.2055831Z  * [new tag]             0.0.78                 -> 0.0.78
end-workflow	Checkout Repository	2026-02-22T20:34:03.2056243Z  * [new tag]             0.0.79                 -> 0.0.79
end-workflow	Checkout Repository	2026-02-22T20:34:03.2056644Z  * [new tag]             0.0.8                  -> 0.0.8
end-workflow	Checkout Repository	2026-02-22T20:34:03.2057038Z  * [new tag]             0.0.80                 -> 0.0.80
end-workflow	Checkout Repository	2026-02-22T20:34:03.2057445Z  * [new tag]             0.0.81                 -> 0.0.81
end-workflow	Checkout Repository	2026-02-22T20:34:03.2058188Z  * [new tag]             0.0.82                 -> 0.0.82
end-workflow	Checkout Repository	2026-02-22T20:34:03.2058601Z  * [new tag]             0.0.83                 -> 0.0.83
end-workflow	Checkout Repository	2026-02-22T20:34:03.2059133Z  * [new tag]             0.0.84                 -> 0.0.84
end-workflow	Checkout Repository	2026-02-22T20:34:03.2059535Z  * [new tag]             0.0.85                 -> 0.0.85
end-workflow	Checkout Repository	2026-02-22T20:34:03.2059933Z  * [new tag]             0.0.86                 -> 0.0.86
end-workflow	Checkout Repository	2026-02-22T20:34:03.2060330Z  * [new tag]             0.0.87                 -> 0.0.87
end-workflow	Checkout Repository	2026-02-22T20:34:03.2061006Z  * [new tag]             0.0.88                 -> 0.0.88
end-workflow	Checkout Repository	2026-02-22T20:34:03.2061406Z  * [new tag]             0.0.89                 -> 0.0.89
end-workflow	Checkout Repository	2026-02-22T20:34:03.2061808Z  * [new tag]             0.0.9                  -> 0.0.9
end-workflow	Checkout Repository	2026-02-22T20:34:03.2062204Z  * [new tag]             0.0.90                 -> 0.0.90
end-workflow	Checkout Repository	2026-02-22T20:34:03.2062604Z  * [new tag]             0.0.91                 -> 0.0.91
end-workflow	Checkout Repository	2026-02-22T20:34:03.2063008Z  * [new tag]             0.0.92                 -> 0.0.92
end-workflow	Checkout Repository	2026-02-22T20:34:03.2063400Z  * [new tag]             0.0.93                 -> 0.0.93
end-workflow	Checkout Repository	2026-02-22T20:34:03.2064106Z  * [new tag]             0.0.94                 -> 0.0.94
end-workflow	Checkout Repository	2026-02-22T20:34:03.2064520Z  * [new tag]             0.0.95                 -> 0.0.95
end-workflow	Checkout Repository	2026-02-22T20:34:03.2065048Z  * [new tag]             0.0.96                 -> 0.0.96
end-workflow	Checkout Repository	2026-02-22T20:34:03.2065445Z  * [new tag]             0.0.97                 -> 0.0.97
end-workflow	Checkout Repository	2026-02-22T20:34:03.2065846Z  * [new tag]             0.0.98                 -> 0.0.98
end-workflow	Checkout Repository	2026-02-22T20:34:03.2066268Z  * [new tag]             0.0.99                 -> 0.0.99
end-workflow	Checkout Repository	2026-02-22T20:34:03.2066671Z  * [new tag]             0.1.0                  -> 0.1.0
end-workflow	Checkout Repository	2026-02-22T20:34:03.2067068Z  * [new tag]             0.1.1                  -> 0.1.1
end-workflow	Checkout Repository	2026-02-22T20:34:03.2067469Z  * [new tag]             0.2.0                  -> 0.2.0
end-workflow	Checkout Repository	2026-02-22T20:34:03.2068224Z  * [new tag]             0.3.0                  -> 0.3.0
end-workflow	Checkout Repository	2026-02-22T20:34:03.2068747Z  * [new tag]             0.3.1                  -> 0.3.1
end-workflow	Checkout Repository	2026-02-22T20:34:03.2069139Z  * [new tag]             0.3.10                 -> 0.3.10
end-workflow	Checkout Repository	2026-02-22T20:34:03.2069532Z  * [new tag]             0.3.11                 -> 0.3.11
end-workflow	Checkout Repository	2026-02-22T20:34:03.2069922Z  * [new tag]             0.3.12                 -> 0.3.12
end-workflow	Checkout Repository	2026-02-22T20:34:03.2070336Z  * [new tag]             0.3.13                 -> 0.3.13
end-workflow	Checkout Repository	2026-02-22T20:34:03.2070877Z  * [new tag]             0.3.14                 -> 0.3.14
end-workflow	Checkout Repository	2026-02-22T20:34:03.2071273Z  * [new tag]             0.3.15                 -> 0.3.15
end-workflow	Checkout Repository	2026-02-22T20:34:03.2071959Z  * [new tag]             0.3.16                 -> 0.3.16
end-workflow	Checkout Repository	2026-02-22T20:34:03.2072359Z  * [new tag]             0.3.17                 -> 0.3.17
end-workflow	Checkout Repository	2026-02-22T20:34:03.2073009Z  * [new tag]             0.3.2                  -> 0.3.2
end-workflow	Checkout Repository	2026-02-22T20:34:03.2073407Z  * [new tag]             0.3.3                  -> 0.3.3
end-workflow	Checkout Repository	2026-02-22T20:34:03.2073952Z  * [new tag]             0.3.4                  -> 0.3.4
end-workflow	Checkout Repository	2026-02-22T20:34:03.2074356Z  * [new tag]             0.3.5                  -> 0.3.5
end-workflow	Checkout Repository	2026-02-22T20:34:03.2075005Z  * [new tag]             0.3.6                  -> 0.3.6
end-workflow	Checkout Repository	2026-02-22T20:34:03.2075787Z  * [new tag]             0.3.7                  -> 0.3.7
end-workflow	Checkout Repository	2026-02-22T20:34:03.2076184Z  * [new tag]             0.3.8                  -> 0.3.8
end-workflow	Checkout Repository	2026-02-22T20:34:03.2076580Z  * [new tag]             0.3.9                  -> 0.3.9
end-workflow	Checkout Repository	2026-02-22T20:34:03.2076969Z  * [new tag]             0.4.0                  -> 0.4.0
end-workflow	Checkout Repository	2026-02-22T20:34:03.2077367Z  * [new tag]             0.4.1                  -> 0.4.1
end-workflow	Checkout Repository	2026-02-22T20:34:03.2078491Z  * [new tag]             0.4.2                  -> 0.4.2
end-workflow	Checkout Repository	2026-02-22T20:34:03.2078882Z  * [new tag]             0.4.3                  -> 0.4.3
end-workflow	Checkout Repository	2026-02-22T20:34:03.2079266Z  * [new tag]             0.4.4                  -> 0.4.4
end-workflow	Checkout Repository	2026-02-22T20:34:03.2079647Z  * [new tag]             0.4.5                  -> 0.4.5
end-workflow	Checkout Repository	2026-02-22T20:34:03.2080033Z  * [new tag]             0.4.6                  -> 0.4.6
end-workflow	Checkout Repository	2026-02-22T20:34:03.2080410Z  * [new tag]             0.4.7                  -> 0.4.7
end-workflow	Checkout Repository	2026-02-22T20:34:03.2080792Z  * [new tag]             0.4.8                  -> 0.4.8
end-workflow	Checkout Repository	2026-02-22T20:34:03.2081305Z  * [new tag]             0.4.9                  -> 0.4.9
end-workflow	Checkout Repository	2026-02-22T20:34:03.2081949Z  * [new tag]             0.5.0                  -> 0.5.0
end-workflow	Checkout Repository	2026-02-22T20:34:03.2082348Z  * [new tag]             0.5.1                  -> 0.5.1
end-workflow	Checkout Repository	2026-02-22T20:34:03.2082858Z  * [new tag]             0.5.2                  -> 0.5.2
end-workflow	Checkout Repository	2026-02-22T20:34:03.2083243Z  * [new tag]             0.6.0                  -> 0.6.0
end-workflow	Checkout Repository	2026-02-22T20:34:03.2083881Z  * [new tag]             0.6.1                  -> 0.6.1
end-workflow	Checkout Repository	2026-02-22T20:34:03.2084268Z  * [new tag]             0.6.2                  -> 0.6.2
end-workflow	Checkout Repository	2026-02-22T20:34:03.2294201Z [command]/usr/bin/git branch --list --remote origin/main
end-workflow	Checkout Repository	2026-02-22T20:34:03.2374902Z   origin/main
end-workflow	Checkout Repository	2026-02-22T20:34:03.2386585Z [command]/usr/bin/git rev-parse refs/remotes/origin/main
end-workflow	Checkout Repository	2026-02-22T20:34:03.2417033Z 2e6fdc09947b337c1f0dd1fcdcb24375628df06b
end-workflow	Checkout Repository	2026-02-22T20:34:03.2430648Z [command]/usr/bin/git -c protocol.version=2 fetch --no-tags --prune --no-recurse-submodules origin +6f5a73018ffe5d7cd07957f16338837d06004e89:refs/remotes/origin/main
end-workflow	Checkout Repository	2026-02-22T20:34:03.2614211Z From https://github.com/Ka0s-Klaus/ka0s
end-workflow	Checkout Repository	2026-02-22T20:34:03.2614959Z  + 2e6fdc099...6f5a73018 6f5a73018ffe5d7cd07957f16338837d06004e89 -> origin/main  (forced update)
end-workflow	Checkout Repository	2026-02-22T20:34:03.2651666Z ##[endgroup]
end-workflow	Checkout Repository	2026-02-22T20:34:03.2652295Z ##[group]Determining the checkout info
end-workflow	Checkout Repository	2026-02-22T20:34:03.2652858Z ##[endgroup]
end-workflow	Checkout Repository	2026-02-22T20:34:03.2657048Z [command]/usr/bin/git sparse-checkout disable
end-workflow	Checkout Repository	2026-02-22T20:34:03.2707735Z [command]/usr/bin/git config --local --unset-all extensions.worktreeConfig
end-workflow	Checkout Repository	2026-02-22T20:34:03.2755631Z ##[group]Checking out the ref
end-workflow	Checkout Repository	2026-02-22T20:34:03.2756351Z [command]/usr/bin/git checkout --progress --force -B main refs/remotes/origin/main
end-workflow	Checkout Repository	2026-02-22T20:34:03.5349836Z Switched to a new branch 'main'
end-workflow	Checkout Repository	2026-02-22T20:34:03.5354310Z branch 'main' set up to track 'origin/main'.
end-workflow	Checkout Repository	2026-02-22T20:34:03.5441597Z ##[endgroup]
end-workflow	Checkout Repository	2026-02-22T20:34:03.5446038Z [command]/usr/bin/git log -1 --format=%H
end-workflow	Checkout Repository	2026-02-22T20:34:03.5480933Z 6f5a73018ffe5d7cd07957f16338837d06004e89
end-workflow	Install GH CLI	Ôªø2026-02-22T20:34:03.5766692Z Prepare all required actions
end-workflow	Install GH CLI	2026-02-22T20:34:03.5821535Z ##[group]Run ./.github/actions/install-gh-cli
end-workflow	Install GH CLI	2026-02-22T20:34:03.5821859Z env:
end-workflow	Install GH CLI	2026-02-22T20:34:03.5822042Z   PYTHON_VERSION: 3.9
end-workflow	Install GH CLI	2026-02-22T20:34:03.5822935Z   MONGO_SUPERUSER_CONNECTION: ***
end-workflow	Install GH CLI	2026-02-22T20:34:03.5823317Z   MONGO_NEW_PASS: ***
end-workflow	Install GH CLI	2026-02-22T20:34:03.5823637Z   MONGO_SCRIPT_CREATE: devops/core/mongo/scripts/add-doc-to-db.py
end-workflow	Install GH CLI	2026-02-22T20:34:03.5824002Z   KAOS_CODE: 22284774241
end-workflow	Install GH CLI	2026-02-22T20:34:03.5824517Z   KAOS_MODULE: [Ka0s] Autom add docs to MongoDB
end-workflow	Install GH CLI	2026-02-22T20:34:03.5824930Z   REPORT_SCAN: audit/
end-workflow	Install GH CLI	2026-02-22T20:34:03.5825139Z   REPORT_PATH: audit/mongodb/
end-workflow	Install GH CLI	2026-02-22T20:34:03.5825406Z   REPORT_FILENAME: mongo_setup_22284774241.json
end-workflow	Install GH CLI	2026-02-22T20:34:03.5825726Z   REPORT_FILENAME_LIST: mongo_list_22284774241.json
end-workflow	Install GH CLI	2026-02-22T20:34:03.5826066Z   REPORT_FILENAME_DB: mongo_create_db_22284774241.json
end-workflow	Install GH CLI	2026-02-22T20:34:03.5826356Z ##[endgroup]
end-workflow	Install GH CLI	2026-02-22T20:34:03.5924661Z ##[group]Run type -p curl >/dev/null || (sudo apt-get update && sudo apt-get install curl -y)
end-workflow	Install GH CLI	2026-02-22T20:34:03.5925427Z [36;1mtype -p curl >/dev/null || (sudo apt-get update && sudo apt-get install curl -y)[0m
end-workflow	Install GH CLI	2026-02-22T20:34:03.5926320Z [36;1mcurl -fsSL https://cli.github.com/packages/githubcli-archive-keyring.gpg | sudo dd of=/usr/share/keyrings/githubcli-archive-keyring.gpg \[0m
end-workflow	Install GH CLI	2026-02-22T20:34:03.5927458Z [36;1m&& sudo chmod go+r /usr/share/keyrings/githubcli-archive-keyring.gpg \[0m
end-workflow	Install GH CLI	2026-02-22T20:34:03.5929271Z [36;1m&& echo "deb [arch=$(dpkg --print-architecture) signed-by=/usr/share/keyrings/githubcli-archive-keyring.gpg] https://cli.github.com/packages stable main" | sudo tee /etc/apt/sources.list.d/github-cli.list > /dev/null \[0m
end-workflow	Install GH CLI	2026-02-22T20:34:03.5930569Z [36;1m&& sudo apt-get update \[0m
end-workflow	Install GH CLI	2026-02-22T20:34:03.5930851Z [36;1m&& sudo apt-get install gh -y[0m
end-workflow	Install GH CLI	2026-02-22T20:34:03.5948430Z shell: /usr/bin/bash --noprofile --norc -e -o pipefail {0}
end-workflow	Install GH CLI	2026-02-22T20:34:03.5948782Z env:
end-workflow	Install GH CLI	2026-02-22T20:34:03.5948972Z   PYTHON_VERSION: 3.9
end-workflow	Install GH CLI	2026-02-22T20:34:03.5949842Z   MONGO_SUPERUSER_CONNECTION: ***
end-workflow	Install GH CLI	2026-02-22T20:34:03.5950222Z   MONGO_NEW_PASS: ***
end-workflow	Install GH CLI	2026-02-22T20:34:03.5961664Z   MONGO_SCRIPT_CREATE: devops/core/mongo/scripts/add-doc-to-db.py
end-workflow	Install GH CLI	2026-02-22T20:34:03.5962110Z   KAOS_CODE: 22284774241
end-workflow	Install GH CLI	2026-02-22T20:34:03.5962381Z   KAOS_MODULE: [Ka0s] Autom add docs to MongoDB
end-workflow	Install GH CLI	2026-02-22T20:34:03.5962691Z   REPORT_SCAN: audit/
end-workflow	Install GH CLI	2026-02-22T20:34:03.5962913Z   REPORT_PATH: audit/mongodb/
end-workflow	Install GH CLI	2026-02-22T20:34:03.5963181Z   REPORT_FILENAME: mongo_setup_22284774241.json
end-workflow	Install GH CLI	2026-02-22T20:34:03.5963512Z   REPORT_FILENAME_LIST: mongo_list_22284774241.json
end-workflow	Install GH CLI	2026-02-22T20:34:03.5963861Z   REPORT_FILENAME_DB: mongo_create_db_22284774241.json
end-workflow	Install GH CLI	2026-02-22T20:34:03.5964169Z ##[endgroup]
end-workflow	Install GH CLI	2026-02-22T20:34:03.8250945Z 4+1 records in
end-workflow	Install GH CLI	2026-02-22T20:34:03.8252006Z 4+1 records out
end-workflow	Install GH CLI	2026-02-22T20:34:03.8253206Z 2270 bytes (2.3 kB, 2.2 KiB) copied, 0.20497 s, 11.1 kB/s
end-workflow	Install GH CLI	2026-02-22T20:34:04.0421488Z Get:1 https://cli.github.com/packages stable InRelease [3917 B]
end-workflow	Install GH CLI	2026-02-22T20:34:04.0884545Z Get:2 http://security.ubuntu.com/ubuntu noble-security InRelease [126 kB]
end-workflow	Install GH CLI	2026-02-22T20:34:04.1454775Z Get:3 https://cli.github.com/packages stable/main amd64 Packages [356 B]
end-workflow	Install GH CLI	2026-02-22T20:34:04.1716675Z Get:4 http://archive.ubuntu.com/ubuntu noble InRelease [256 kB]
end-workflow	Install GH CLI	2026-02-22T20:34:04.1841078Z Get:5 https://ppa.launchpadcontent.net/git-core/ppa/ubuntu noble InRelease [24.3 kB]
end-workflow	Install GH CLI	2026-02-22T20:34:04.2949306Z Get:6 https://ppa.launchpadcontent.net/git-core/ppa/ubuntu noble/main amd64 Packages [2992 B]
end-workflow	Install GH CLI	2026-02-22T20:34:04.4267196Z Get:7 http://security.ubuntu.com/ubuntu noble-security/restricted amd64 Packages [3196 kB]
end-workflow	Install GH CLI	2026-02-22T20:34:04.7173855Z Get:8 http://archive.ubuntu.com/ubuntu noble-updates InRelease [126 kB]
end-workflow	Install GH CLI	2026-02-22T20:34:04.7869310Z Get:9 http://security.ubuntu.com/ubuntu noble-security/multiverse amd64 Packages [34.8 kB]
end-workflow	Install GH CLI	2026-02-22T20:34:04.7870700Z Get:10 http://security.ubuntu.com/ubuntu noble-security/universe amd64 Packages [1207 kB]
end-workflow	Install GH CLI	2026-02-22T20:34:04.8031446Z Get:11 http://security.ubuntu.com/ubuntu noble-security/main amd64 Packages [1857 kB]
end-workflow	Install GH CLI	2026-02-22T20:34:04.8510302Z Get:12 http://archive.ubuntu.com/ubuntu noble-backports InRelease [126 kB]
end-workflow	Install GH CLI	2026-02-22T20:34:04.9856442Z Get:13 http://archive.ubuntu.com/ubuntu noble/multiverse amd64 Packages [331 kB]
end-workflow	Install GH CLI	2026-02-22T20:34:05.0816712Z Get:14 http://archive.ubuntu.com/ubuntu noble/main amd64 Packages [1808 kB]
end-workflow	Install GH CLI	2026-02-22T20:34:05.3212605Z Get:15 http://archive.ubuntu.com/ubuntu noble/universe amd64 Packages [19.3 MB]
end-workflow	Install GH CLI	2026-02-22T20:34:05.8323631Z Get:16 http://archive.ubuntu.com/ubuntu noble/restricted amd64 Packages [117 kB]
end-workflow	Install GH CLI	2026-02-22T20:34:05.8334589Z Get:17 http://archive.ubuntu.com/ubuntu noble-updates/restricted amd64 Packages [3381 kB]
end-workflow	Install GH CLI	2026-02-22T20:34:05.8773722Z Get:18 http://archive.ubuntu.com/ubuntu noble-updates/universe amd64 Packages [2016 kB]
end-workflow	Install GH CLI	2026-02-22T20:34:05.9426242Z Get:19 http://archive.ubuntu.com/ubuntu noble-updates/multiverse amd64 Packages [38.1 kB]
end-workflow	Install GH CLI	2026-02-22T20:34:05.9431294Z Get:20 http://archive.ubuntu.com/ubuntu noble-updates/main amd64 Packages [2240 kB]
end-workflow	Install GH CLI	2026-02-22T20:34:05.9727007Z Get:21 http://archive.ubuntu.com/ubuntu noble-backports/universe amd64 Packages [34.6 kB]
end-workflow	Install GH CLI	2026-02-22T20:34:05.9732232Z Get:22 http://archive.ubuntu.com/ubuntu noble-backports/main amd64 Packages [49.5 kB]
end-workflow	Install GH CLI	2026-02-22T20:34:06.9905843Z Fetched 36.3 MB in 3s (12.0 MB/s)
end-workflow	Install GH CLI	2026-02-22T20:34:07.9197147Z Reading package lists...
end-workflow	Install GH CLI	2026-02-22T20:34:08.8901376Z Reading package lists...
end-workflow	Install GH CLI	2026-02-22T20:34:09.1167631Z Building dependency tree...
end-workflow	Install GH CLI	2026-02-22T20:34:09.1168285Z Reading state information...
end-workflow	Install GH CLI	2026-02-22T20:34:09.4758715Z The following NEW packages will be installed:
end-workflow	Install GH CLI	2026-02-22T20:34:09.4780317Z   gh
end-workflow	Install GH CLI	2026-02-22T20:34:09.5412034Z 0 upgraded, 1 newly installed, 0 to remove and 26 not upgraded.
end-workflow	Install GH CLI	2026-02-22T20:34:09.5412814Z Need to get 13.8 MB of archives.
end-workflow	Install GH CLI	2026-02-22T20:34:09.5413199Z After this operation, 38.4 MB of additional disk space will be used.
end-workflow	Install GH CLI	2026-02-22T20:34:09.5413756Z Get:1 https://cli.github.com/packages stable/main amd64 gh amd64 2.87.2 [13.8 MB]
end-workflow	Install GH CLI	2026-02-22T20:34:09.8995632Z debconf: delaying package configuration, since apt-utils is not installed
end-workflow	Install GH CLI	2026-02-22T20:34:09.9405974Z Fetched 13.8 MB in 0s (56.0 MB/s)
end-workflow	Install GH CLI	2026-02-22T20:34:09.9707020Z Selecting previously unselected package gh.
end-workflow	Install GH CLI	2026-02-22T20:34:09.9745336Z (Reading database ... 
end-workflow	Install GH CLI	2026-02-22T20:34:09.9745749Z (Reading database ... 5%
end-workflow	Install GH CLI	2026-02-22T20:34:09.9746024Z (Reading database ... 10%
end-workflow	Install GH CLI	2026-02-22T20:34:09.9746377Z (Reading database ... 15%
end-workflow	Install GH CLI	2026-02-22T20:34:09.9746606Z (Reading database ... 20%
end-workflow	Install GH CLI	2026-02-22T20:34:09.9746830Z (Reading database ... 25%
end-workflow	Install GH CLI	2026-02-22T20:34:09.9747052Z (Reading database ... 30%
end-workflow	Install GH CLI	2026-02-22T20:34:09.9747270Z (Reading database ... 35%
end-workflow	Install GH CLI	2026-02-22T20:34:09.9747506Z (Reading database ... 40%
end-workflow	Install GH CLI	2026-02-22T20:34:09.9747730Z (Reading database ... 45%
end-workflow	Install GH CLI	2026-02-22T20:34:09.9748281Z (Reading database ... 50%
end-workflow	Install GH CLI	2026-02-22T20:34:09.9748505Z (Reading database ... 55%
end-workflow	Install GH CLI	2026-02-22T20:34:09.9748728Z (Reading database ... 60%
end-workflow	Install GH CLI	2026-02-22T20:34:09.9758623Z (Reading database ... 65%
end-workflow	Install GH CLI	2026-02-22T20:34:09.9776278Z (Reading database ... 70%
end-workflow	Install GH CLI	2026-02-22T20:34:09.9788341Z (Reading database ... 75%
end-workflow	Install GH CLI	2026-02-22T20:34:09.9796491Z (Reading database ... 80%
end-workflow	Install GH CLI	2026-02-22T20:34:09.9801325Z (Reading database ... 85%
end-workflow	Install GH CLI	2026-02-22T20:34:09.9811413Z (Reading database ... 90%
end-workflow	Install GH CLI	2026-02-22T20:34:09.9832950Z (Reading database ... 95%
end-workflow	Install GH CLI	2026-02-22T20:34:09.9833371Z (Reading database ... 100%
end-workflow	Install GH CLI	2026-02-22T20:34:09.9833752Z (Reading database ... 14385 files and directories currently installed.)
end-workflow	Install GH CLI	2026-02-22T20:34:09.9840973Z Preparing to unpack .../archives/gh_2.87.2_amd64.deb ...
end-workflow	Install GH CLI	2026-02-22T20:34:09.9871618Z Unpacking gh (2.87.2) ...
end-workflow	Install GH CLI	2026-02-22T20:34:10.2226457Z Setting up gh (2.87.2) ...
end-workflow	Trigger Inspector	Ôªø2026-02-22T20:34:10.2806324Z ##[group]Run echo "üîç Triggering Inspector for Audit..."
end-workflow	Trigger Inspector	2026-02-22T20:34:10.2806907Z [36;1mecho "üîç Triggering Inspector for Audit..."[0m
end-workflow	Trigger Inspector	2026-02-22T20:34:10.2807350Z [36;1mgh workflow run inspector.yml \[0m
end-workflow	Trigger Inspector	2026-02-22T20:34:10.2807720Z [36;1m  --ref main \[0m
end-workflow	Trigger Inspector	2026-02-22T20:34:10.2808615Z [36;1m  -f kaos-workflow-id="22284774241" \[0m
end-workflow	Trigger Inspector	2026-02-22T20:34:10.2809026Z [36;1m  -f kaos-user-start="ka0score"[0m
end-workflow	Trigger Inspector	2026-02-22T20:34:10.2824583Z shell: /usr/bin/bash -e {0}
end-workflow	Trigger Inspector	2026-02-22T20:34:10.2824914Z env:
end-workflow	Trigger Inspector	2026-02-22T20:34:10.2825150Z   PYTHON_VERSION: 3.9
end-workflow	Trigger Inspector	2026-02-22T20:34:10.2826174Z   MONGO_SUPERUSER_CONNECTION: ***
end-workflow	Trigger Inspector	2026-02-22T20:34:10.2826690Z   MONGO_NEW_PASS: ***
end-workflow	Trigger Inspector	2026-02-22T20:34:10.2827100Z   MONGO_SCRIPT_CREATE: devops/core/mongo/scripts/add-doc-to-db.py
end-workflow	Trigger Inspector	2026-02-22T20:34:10.2827576Z   KAOS_CODE: 22284774241
end-workflow	Trigger Inspector	2026-02-22T20:34:10.2828105Z   KAOS_MODULE: [Ka0s] Autom add docs to MongoDB
end-workflow	Trigger Inspector	2026-02-22T20:34:10.2828487Z   REPORT_SCAN: audit/
end-workflow	Trigger Inspector	2026-02-22T20:34:10.2828773Z   REPORT_PATH: audit/mongodb/
end-workflow	Trigger Inspector	2026-02-22T20:34:10.2829172Z   REPORT_FILENAME: mongo_setup_22284774241.json
end-workflow	Trigger Inspector	2026-02-22T20:34:10.2829609Z   REPORT_FILENAME_LIST: mongo_list_22284774241.json
end-workflow	Trigger Inspector	2026-02-22T20:34:10.2830071Z   REPORT_FILENAME_DB: mongo_create_db_22284774241.json
end-workflow	Trigger Inspector	2026-02-22T20:34:10.2830601Z   GH_TOKEN: ***
end-workflow	Trigger Inspector	2026-02-22T20:34:10.2830852Z ##[endgroup]
end-workflow	Trigger Inspector	2026-02-22T20:34:10.2873547Z üîç Triggering Inspector for Audit...
end-workflow	Trigger Inspector	2026-02-22T20:34:12.0681744Z https://github.com/Ka0s-Klaus/ka0s/actions/runs/22284817164
end-workflow	Post Checkout Repository	Ôªø2026-02-22T20:34:12.1133396Z Post job cleanup.
end-workflow	Post Checkout Repository	2026-02-22T20:34:12.2226526Z [command]/usr/bin/git version
end-workflow	Post Checkout Repository	2026-02-22T20:34:12.2272122Z git version 2.52.0
end-workflow	Post Checkout Repository	2026-02-22T20:34:12.2323457Z Temporarily overriding HOME='/home/runner/_work/_temp/1da50441-5715-4d81-9e47-22415a9d2f54' before making global git config changes
end-workflow	Post Checkout Repository	2026-02-22T20:34:12.2324774Z Adding repository directory to the temporary git global config as a safe directory
end-workflow	Post Checkout Repository	2026-02-22T20:34:12.2330547Z [command]/usr/bin/git config --global --add safe.directory /home/runner/_work/ka0s/ka0s
end-workflow	Post Checkout Repository	2026-02-22T20:34:12.2389625Z [command]/usr/bin/git config --local --name-only --get-regexp core\.sshCommand
end-workflow	Post Checkout Repository	2026-02-22T20:34:12.2434174Z [command]/usr/bin/git submodule foreach --recursive sh -c "git config --local --name-only --get-regexp 'core\.sshCommand' && git config --local --unset-all 'core.sshCommand' || :"
end-workflow	Post Checkout Repository	2026-02-22T20:34:12.2775935Z [command]/usr/bin/git config --local --name-only --get-regexp http\.https\:\/\/github\.com\/\.extraheader
end-workflow	Post Checkout Repository	2026-02-22T20:34:12.2806391Z http.https://github.com/.extraheader
end-workflow	Post Checkout Repository	2026-02-22T20:34:12.2820826Z [command]/usr/bin/git config --local --unset-all http.https://github.com/.extraheader
end-workflow	Post Checkout Repository	2026-02-22T20:34:12.2866273Z [command]/usr/bin/git submodule foreach --recursive sh -c "git config --local --name-only --get-regexp 'http\.https\:\/\/github\.com\/\.extraheader' && git config --local --unset-all 'http.https://github.com/.extraheader' || :"
end-workflow	Post Checkout Repository	2026-02-22T20:34:12.3203487Z [command]/usr/bin/git config --local --name-only --get-regexp ^includeIf\.gitdir:
end-workflow	Post Checkout Repository	2026-02-22T20:34:12.3245496Z [command]/usr/bin/git submodule foreach --recursive git config --local --show-origin --name-only --get-regexp remote.origin.url
end-workflow	Complete job	Ôªø2026-02-22T20:34:12.3713782Z Cleaning up orphan processes
