job-core	Set up job	ï»¿2026-02-22T21:14:32.5291923Z Current runner version: '2.331.0'
job-core	Set up job	2026-02-22T21:14:32.5302425Z Runner name: 'swarm-runners-scaleset-hkss5-runner-t8cj5'
job-core	Set up job	2026-02-22T21:14:32.5303677Z Runner group name: 'Default'
job-core	Set up job	2026-02-22T21:14:32.5305222Z Machine name: 'swarm-runners-scaleset-hkss5-runner-t8cj5'
job-core	Set up job	2026-02-22T21:14:32.5309598Z ##[group]GITHUB_TOKEN Permissions
job-core	Set up job	2026-02-22T21:14:32.5312454Z Actions: write
job-core	Set up job	2026-02-22T21:14:32.5313180Z Contents: read
job-core	Set up job	2026-02-22T21:14:32.5313845Z Metadata: read
job-core	Set up job	2026-02-22T21:14:32.5314756Z ##[endgroup]
job-core	Set up job	2026-02-22T21:14:32.5317324Z Secret source: Actions
job-core	Set up job	2026-02-22T21:14:32.5318555Z Prepare workflow directory
job-core	Set up job	2026-02-22T21:14:32.5689195Z Prepare all required actions
job-core	Set up job	2026-02-22T21:14:32.5731920Z Getting action download info
job-core	Set up job	2026-02-22T21:14:33.1868118Z Download action repository 'actions/checkout@v4' (SHA:34e114876b0b11c390a56381ad16ebd13914f8d5)
job-core	Set up job	2026-02-22T21:14:33.9981766Z Download action repository 'actions/setup-python@v5' (SHA:a26af69be951a213d495a4c3e4e4022e16d87065)
job-core	Set up job	2026-02-22T21:14:35.0374640Z Complete job name: job-core
job-core	Checkout	ï»¿2026-02-22T21:14:35.1245101Z ##[group]Run actions/checkout@v4
job-core	Checkout	2026-02-22T21:14:35.1246556Z with:
job-core	Checkout	2026-02-22T21:14:35.1247415Z   repository: Ka0s-Klaus/ka0s
job-core	Checkout	2026-02-22T21:14:35.1249414Z   token: ***
job-core	Checkout	2026-02-22T21:14:35.1250270Z   ssh-strict: true
job-core	Checkout	2026-02-22T21:14:35.1251149Z   ssh-user: git
job-core	Checkout	2026-02-22T21:14:35.1252029Z   persist-credentials: true
job-core	Checkout	2026-02-22T21:14:35.1253010Z   clean: true
job-core	Checkout	2026-02-22T21:14:35.1253903Z   sparse-checkout-cone-mode: true
job-core	Checkout	2026-02-22T21:14:35.1254967Z   fetch-depth: 1
job-core	Checkout	2026-02-22T21:14:35.1255837Z   fetch-tags: false
job-core	Checkout	2026-02-22T21:14:35.1256719Z   show-progress: true
job-core	Checkout	2026-02-22T21:14:35.1257634Z   lfs: false
job-core	Checkout	2026-02-22T21:14:35.1258913Z   submodules: false
job-core	Checkout	2026-02-22T21:14:35.1259839Z   set-safe-directory: true
job-core	Checkout	2026-02-22T21:14:35.1261100Z ##[endgroup]
job-core	Checkout	2026-02-22T21:14:35.2550349Z Syncing repository: Ka0s-Klaus/ka0s
job-core	Checkout	2026-02-22T21:14:35.2554049Z ##[group]Getting Git version info
job-core	Checkout	2026-02-22T21:14:35.2555644Z Working directory is '/home/runner/_work/ka0s/ka0s'
job-core	Checkout	2026-02-22T21:14:35.2558366Z [command]/usr/bin/git version
job-core	Checkout	2026-02-22T21:14:35.2559756Z git version 2.52.0
job-core	Checkout	2026-02-22T21:14:35.2568274Z ##[endgroup]
job-core	Checkout	2026-02-22T21:14:35.2586311Z Temporarily overriding HOME='/home/runner/_work/_temp/677448db-9304-4cb1-b08f-5997a52f1fb8' before making global git config changes
job-core	Checkout	2026-02-22T21:14:35.2590207Z Adding repository directory to the temporary git global config as a safe directory
job-core	Checkout	2026-02-22T21:14:35.2593220Z [command]/usr/bin/git config --global --add safe.directory /home/runner/_work/ka0s/ka0s
job-core	Checkout	2026-02-22T21:14:35.2642965Z Deleting the contents of '/home/runner/_work/ka0s/ka0s'
job-core	Checkout	2026-02-22T21:14:35.2659678Z ##[group]Initializing the repository
job-core	Checkout	2026-02-22T21:14:35.2664088Z [command]/usr/bin/git init /home/runner/_work/ka0s/ka0s
job-core	Checkout	2026-02-22T21:14:35.2723251Z hint: Using 'master' as the name for the initial branch. This default branch name
job-core	Checkout	2026-02-22T21:14:35.2725440Z hint: will change to "main" in Git 3.0. To configure the initial branch name
job-core	Checkout	2026-02-22T21:14:35.2727429Z hint: to use in all of your new repositories, which will suppress this warning,
job-core	Checkout	2026-02-22T21:14:35.2731808Z hint: call:
job-core	Checkout	2026-02-22T21:14:35.2732930Z hint:
job-core	Checkout	2026-02-22T21:14:35.2733989Z hint: 	git config --global init.defaultBranch <name>
job-core	Checkout	2026-02-22T21:14:35.2735268Z hint:
job-core	Checkout	2026-02-22T21:14:35.2736655Z hint: Names commonly chosen instead of 'master' are 'main', 'trunk' and
job-core	Checkout	2026-02-22T21:14:35.2740231Z hint: 'development'. The just-created branch can be renamed via this command:
job-core	Checkout	2026-02-22T21:14:35.2741800Z hint:
job-core	Checkout	2026-02-22T21:14:35.2742676Z hint: 	git branch -m <name>
job-core	Checkout	2026-02-22T21:14:35.2743923Z hint:
job-core	Checkout	2026-02-22T21:14:35.2745325Z hint: Disable this message with "git config set advice.defaultBranchName false"
job-core	Checkout	2026-02-22T21:14:35.2747360Z Initialized empty Git repository in /home/runner/_work/ka0s/ka0s/.git/
job-core	Checkout	2026-02-22T21:14:35.2751282Z [command]/usr/bin/git remote add origin https://github.com/Ka0s-Klaus/ka0s
job-core	Checkout	2026-02-22T21:14:35.2787511Z ##[endgroup]
job-core	Checkout	2026-02-22T21:14:35.2789999Z ##[group]Disabling automatic garbage collection
job-core	Checkout	2026-02-22T21:14:35.2792000Z [command]/usr/bin/git config --local gc.auto 0
job-core	Checkout	2026-02-22T21:14:35.2838827Z ##[endgroup]
job-core	Checkout	2026-02-22T21:14:35.2840779Z ##[group]Setting up auth
job-core	Checkout	2026-02-22T21:14:35.2842339Z [command]/usr/bin/git config --local --name-only --get-regexp core\.sshCommand
job-core	Checkout	2026-02-22T21:14:35.2879462Z [command]/usr/bin/git submodule foreach --recursive sh -c "git config --local --name-only --get-regexp 'core\.sshCommand' && git config --local --unset-all 'core.sshCommand' || :"
job-core	Checkout	2026-02-22T21:14:35.3250008Z [command]/usr/bin/git config --local --name-only --get-regexp http\.https\:\/\/github\.com\/\.extraheader
job-core	Checkout	2026-02-22T21:14:35.3282734Z [command]/usr/bin/git submodule foreach --recursive sh -c "git config --local --name-only --get-regexp 'http\.https\:\/\/github\.com\/\.extraheader' && git config --local --unset-all 'http.https://github.com/.extraheader' || :"
job-core	Checkout	2026-02-22T21:14:35.3630809Z [command]/usr/bin/git config --local --name-only --get-regexp ^includeIf\.gitdir:
job-core	Checkout	2026-02-22T21:14:35.3671898Z [command]/usr/bin/git submodule foreach --recursive git config --local --show-origin --name-only --get-regexp remote.origin.url
job-core	Checkout	2026-02-22T21:14:35.4017247Z [command]/usr/bin/git config --local http.https://github.com/.extraheader AUTHORIZATION: basic ***
job-core	Checkout	2026-02-22T21:14:35.4066043Z ##[endgroup]
job-core	Checkout	2026-02-22T21:14:35.4067693Z ##[group]Fetching the repository
job-core	Checkout	2026-02-22T21:14:35.4087622Z [command]/usr/bin/git -c protocol.version=2 fetch --no-tags --prune --no-recurse-submodules --depth=1 origin +97b0de32963e2badf27d92b802fb66a0e8c67085:refs/remotes/origin/main
job-core	Checkout	2026-02-22T21:14:38.5188547Z From https://github.com/Ka0s-Klaus/ka0s
job-core	Checkout	2026-02-22T21:14:38.5192641Z  * [new ref]         97b0de32963e2badf27d92b802fb66a0e8c67085 -> origin/main
job-core	Checkout	2026-02-22T21:14:38.5305163Z ##[endgroup]
job-core	Checkout	2026-02-22T21:14:38.5306433Z ##[group]Determining the checkout info
job-core	Checkout	2026-02-22T21:14:38.5312268Z ##[endgroup]
job-core	Checkout	2026-02-22T21:14:38.5321818Z [command]/usr/bin/git sparse-checkout disable
job-core	Checkout	2026-02-22T21:14:38.5399133Z [command]/usr/bin/git config --local --unset-all extensions.worktreeConfig
job-core	Checkout	2026-02-22T21:14:38.5455473Z ##[group]Checking out the ref
job-core	Checkout	2026-02-22T21:14:38.5462872Z [command]/usr/bin/git checkout --progress --force -B main refs/remotes/origin/main
job-core	Checkout	2026-02-22T21:14:38.7985536Z Switched to a new branch 'main'
job-core	Checkout	2026-02-22T21:14:38.7989667Z branch 'main' set up to track 'origin/main'.
job-core	Checkout	2026-02-22T21:14:38.8030100Z ##[endgroup]
job-core	Checkout	2026-02-22T21:14:38.8081663Z [command]/usr/bin/git log -1 --format=%H
job-core	Checkout	2026-02-22T21:14:38.8116693Z 97b0de32963e2badf27d92b802fb66a0e8c67085
job-core	Setup Python	ï»¿2026-02-22T21:14:38.8419893Z ##[group]Run actions/setup-python@v5
job-core	Setup Python	2026-02-22T21:14:38.8420332Z with:
job-core	Setup Python	2026-02-22T21:14:38.8420576Z   python-version: 3.x
job-core	Setup Python	2026-02-22T21:14:38.8420861Z   check-latest: false
job-core	Setup Python	2026-02-22T21:14:38.8421318Z   token: ***
job-core	Setup Python	2026-02-22T21:14:38.8421580Z   update-environment: true
job-core	Setup Python	2026-02-22T21:14:38.8421875Z   allow-prereleases: false
job-core	Setup Python	2026-02-22T21:14:38.8422165Z   freethreaded: false
job-core	Setup Python	2026-02-22T21:14:38.8422423Z ##[endgroup]
job-core	Setup Python	2026-02-22T21:14:39.0381070Z ##[group]Installed versions
job-core	Setup Python	2026-02-22T21:14:39.0392080Z Version 3.x was not found in the local cache
job-core	Setup Python	2026-02-22T21:14:40.0993586Z Version 3.x is available for downloading
job-core	Setup Python	2026-02-22T21:14:40.0996204Z Download from "https://github.com/actions/python-versions/releases/download/3.14.3-21673711214/python-3.14.3-linux-24.04-x64.tar.gz"
job-core	Setup Python	2026-02-22T21:14:42.8819737Z Extract downloaded archive
job-core	Setup Python	2026-02-22T21:14:42.8949281Z [command]/usr/bin/tar xz --warning=no-unknown-keyword --overwrite -C /home/runner/_work/_temp/65f4fa48-6b9a-4e52-9282-04d97c4e8add -f /home/runner/_work/_temp/3bb7299d-feb4-46d8-a8c5-ef9603013bf3
job-core	Setup Python	2026-02-22T21:14:45.4368812Z Execute installation script
job-core	Setup Python	2026-02-22T21:14:45.4476290Z Check if Python hostedtoolcache folder exist...
job-core	Setup Python	2026-02-22T21:14:45.4476775Z Creating Python hostedtoolcache folder...
job-core	Setup Python	2026-02-22T21:14:45.4491050Z Create Python 3.14.3 folder
job-core	Setup Python	2026-02-22T21:14:45.4507958Z Copy Python binaries to hostedtoolcache folder
job-core	Setup Python	2026-02-22T21:14:46.5433825Z Create additional symlinks (Required for the UsePythonVersion Azure Pipelines task and the setup-python GitHub Action)
job-core	Setup Python	2026-02-22T21:14:46.5479324Z Upgrading pip...
job-core	Setup Python	2026-02-22T21:14:48.9913055Z Looking in links: /tmp/tmpfeq0acob
job-core	Setup Python	2026-02-22T21:14:48.9917226Z Requirement already satisfied: pip in /home/runner/_work/_tool/Python/3.14.3/x64/lib/python3.14/site-packages (25.3)
job-core	Setup Python	2026-02-22T21:14:50.3251298Z Collecting pip
job-core	Setup Python	2026-02-22T21:14:50.4145380Z Downloading pip-26.0.1-py3-none-any.whl.metadata (4.7 kB)
job-core	Setup Python	2026-02-22T21:14:50.4279611Z Downloading pip-26.0.1-py3-none-any.whl (1.8 MB)
job-core	Setup Python	2026-02-22T21:14:50.5273108Z â”â”â”â”â”â”â”â”â”â”â”â”â”â”â”â”â”â”â”â”â”â”â”â”â”â”â”â”â”â”â”â”â”â”â”â”â”â”â”â” 1.8/1.8 MB 27.0 MB/s  0:00:00
job-core	Setup Python	2026-02-22T21:14:50.5274868Z 
job-core	Setup Python	2026-02-22T21:14:50.5790127Z Installing collected packages: pip
job-core	Setup Python	2026-02-22T21:14:50.5790621Z Attempting uninstall: pip
job-core	Setup Python	2026-02-22T21:14:50.5823609Z Found existing installation: pip 25.3
job-core	Setup Python	2026-02-22T21:14:50.6343706Z Uninstalling pip-25.3:
job-core	Setup Python	2026-02-22T21:14:50.6428269Z Successfully uninstalled pip-25.3
job-core	Setup Python	2026-02-22T21:14:51.8567681Z Successfully installed pip-26.0.1
job-core	Setup Python	2026-02-22T21:14:51.9350605Z Create complete file
job-core	Setup Python	2026-02-22T21:14:51.9405342Z Successfully set up CPython (3.14.3)
job-core	Setup Python	2026-02-22T21:14:51.9406529Z ##[endgroup]
job-core	Setup Kubectl Tunnel	ï»¿2026-02-22T21:14:51.9747009Z Prepare all required actions
job-core	Setup Kubectl Tunnel	2026-02-22T21:14:51.9886742Z ##[group]Run ./.github/actions/kubectl-tunnel
job-core	Setup Kubectl Tunnel	2026-02-22T21:14:51.9887109Z with:
job-core	Setup Kubectl Tunnel	2026-02-22T21:14:51.9887456Z   host: ***
job-core	Setup Kubectl Tunnel	2026-02-22T21:14:51.9887707Z   username: ***
job-core	Setup Kubectl Tunnel	2026-02-22T21:14:51.9890156Z   key: ***
job-core	Setup Kubectl Tunnel	2026-02-22T21:14:51.9890398Z   port: ***
job-core	Setup Kubectl Tunnel	2026-02-22T21:14:51.9890627Z   k8s-api-port: 6443
job-core	Setup Kubectl Tunnel	2026-02-22T21:14:51.9891014Z   kubectl-version: v1.30.0
job-core	Setup Kubectl Tunnel	2026-02-22T21:14:51.9891279Z env:
job-core	Setup Kubectl Tunnel	2026-02-22T21:14:51.9891724Z   pythonLocation: /home/runner/_work/_tool/Python/3.14.3/x64
job-core	Setup Kubectl Tunnel	2026-02-22T21:14:51.9892254Z   PKG_CONFIG_PATH: /home/runner/_work/_tool/Python/3.14.3/x64/lib/pkgconfig
job-core	Setup Kubectl Tunnel	2026-02-22T21:14:51.9892777Z   Python_ROOT_DIR: /home/runner/_work/_tool/Python/3.14.3/x64
job-core	Setup Kubectl Tunnel	2026-02-22T21:14:51.9893243Z   Python2_ROOT_DIR: /home/runner/_work/_tool/Python/3.14.3/x64
job-core	Setup Kubectl Tunnel	2026-02-22T21:14:51.9893727Z   Python3_ROOT_DIR: /home/runner/_work/_tool/Python/3.14.3/x64
job-core	Setup Kubectl Tunnel	2026-02-22T21:14:51.9894203Z   LD_LIBRARY_PATH: /home/runner/_work/_tool/Python/3.14.3/x64/lib
job-core	Setup Kubectl Tunnel	2026-02-22T21:14:51.9894898Z ##[endgroup]
job-core	Setup Kubectl Tunnel	2026-02-22T21:14:52.0020166Z ##[group]Run # Download the latest stable release of kubectl
job-core	Setup Kubectl Tunnel	2026-02-22T21:14:52.0020725Z [36;1m# Download the latest stable release of kubectl[0m
job-core	Setup Kubectl Tunnel	2026-02-22T21:14:52.0021242Z [36;1mcurl -LO "https://dl.k8s.io/release/v1.30.0/bin/linux/amd64/kubectl"[0m
job-core	Setup Kubectl Tunnel	2026-02-22T21:14:52.0021668Z [36;1m[0m
job-core	Setup Kubectl Tunnel	2026-02-22T21:14:52.0022170Z [36;1m# Validate binary (optional but recommended in official docs, skipping for speed/simplicity as per request)[0m
job-core	Setup Kubectl Tunnel	2026-02-22T21:14:52.0022752Z [36;1m[0m
job-core	Setup Kubectl Tunnel	2026-02-22T21:14:52.0022968Z [36;1m# Install kubectl[0m
job-core	Setup Kubectl Tunnel	2026-02-22T21:14:52.0023355Z [36;1msudo install -o root -g root -m 0755 kubectl /usr/local/bin/kubectl[0m
job-core	Setup Kubectl Tunnel	2026-02-22T21:14:52.0023771Z [36;1m[0m
job-core	Setup Kubectl Tunnel	2026-02-22T21:14:52.0023993Z [36;1m# Verify installation[0m
job-core	Setup Kubectl Tunnel	2026-02-22T21:14:52.0024301Z [36;1mkubectl version --client[0m
job-core	Setup Kubectl Tunnel	2026-02-22T21:14:52.0044934Z shell: /usr/bin/bash --noprofile --norc -e -o pipefail {0}
job-core	Setup Kubectl Tunnel	2026-02-22T21:14:52.0045467Z env:
job-core	Setup Kubectl Tunnel	2026-02-22T21:14:52.0045910Z   pythonLocation: /home/runner/_work/_tool/Python/3.14.3/x64
job-core	Setup Kubectl Tunnel	2026-02-22T21:14:52.0046416Z   PKG_CONFIG_PATH: /home/runner/_work/_tool/Python/3.14.3/x64/lib/pkgconfig
job-core	Setup Kubectl Tunnel	2026-02-22T21:14:52.0047178Z   Python_ROOT_DIR: /home/runner/_work/_tool/Python/3.14.3/x64
job-core	Setup Kubectl Tunnel	2026-02-22T21:14:52.0047639Z   Python2_ROOT_DIR: /home/runner/_work/_tool/Python/3.14.3/x64
job-core	Setup Kubectl Tunnel	2026-02-22T21:14:52.0048511Z   Python3_ROOT_DIR: /home/runner/_work/_tool/Python/3.14.3/x64
job-core	Setup Kubectl Tunnel	2026-02-22T21:14:52.0048974Z   LD_LIBRARY_PATH: /home/runner/_work/_tool/Python/3.14.3/x64/lib
job-core	Setup Kubectl Tunnel	2026-02-22T21:14:52.0049356Z ##[endgroup]
job-core	Setup Kubectl Tunnel	2026-02-22T21:14:52.0188942Z   % Total    % Received % Xferd  Average Speed   Time    Time     Time  Current
job-core	Setup Kubectl Tunnel	2026-02-22T21:14:52.0189721Z                                  Dload  Upload   Total   Spent    Left  Speed
job-core	Setup Kubectl Tunnel	2026-02-22T21:14:52.0190005Z 
job-core	Setup Kubectl Tunnel	2026-02-22T21:14:52.2228664Z   0     0    0     0    0     0      0      0 --:--:-- --:--:-- --:--:--     0
job-core	Setup Kubectl Tunnel	2026-02-22T21:14:52.5581746Z  32 49.0M   32 15.8M    0     0  77.7M      0 --:--:-- --:--:-- --:--:-- 77.4M
job-core	Setup Kubectl Tunnel	2026-02-22T21:14:52.5583027Z 100 49.0M  100 49.0M    0     0  90.9M      0 --:--:-- --:--:-- --:--:-- 90.8M
job-core	Setup Kubectl Tunnel	2026-02-22T21:14:52.6757321Z Client Version: v1.30.0
job-core	Setup Kubectl Tunnel	2026-02-22T21:14:52.6768711Z Kustomize Version: v5.0.4-0.20230601165947-6ce0bf390ce3
job-core	Setup Kubectl Tunnel	2026-02-22T21:14:52.6924640Z ##[group]Run mkdir -p ~/.ssh
job-core	Setup Kubectl Tunnel	2026-02-22T21:14:52.6925021Z [36;1mmkdir -p ~/.ssh[0m
job-core	Setup Kubectl Tunnel	2026-02-22T21:14:52.6925286Z [36;1m[0m
job-core	Setup Kubectl Tunnel	2026-02-22T21:14:52.6925526Z [36;1m# Write private key[0m
job-core	Setup Kubectl Tunnel	2026-02-22T21:14:52.6926222Z [36;1mecho "***[0m
job-core	Setup Kubectl Tunnel	2026-02-22T21:14:52.6926743Z [36;1m***[0m
job-core	Setup Kubectl Tunnel	2026-02-22T21:14:52.6927246Z [36;1m***[0m
job-core	Setup Kubectl Tunnel	2026-02-22T21:14:52.6927716Z [36;1m***[0m
job-core	Setup Kubectl Tunnel	2026-02-22T21:14:52.6928303Z [36;1m***[0m
job-core	Setup Kubectl Tunnel	2026-02-22T21:14:52.6928728Z [36;1m***[0m
job-core	Setup Kubectl Tunnel	2026-02-22T21:14:52.6929037Z [36;1m***" > ~/.ssh/id_rsa[0m
job-core	Setup Kubectl Tunnel	2026-02-22T21:14:52.6929464Z [36;1mchmod 600 ~/.ssh/id_rsa[0m
job-core	Setup Kubectl Tunnel	2026-02-22T21:14:52.6929740Z [36;1m[0m
job-core	Setup Kubectl Tunnel	2026-02-22T21:14:52.6929969Z [36;1m# Add host key to known_hosts[0m
job-core	Setup Kubectl Tunnel	2026-02-22T21:14:52.6930297Z [36;1mif [ -n "***" ]; then[0m
job-core	Setup Kubectl Tunnel	2026-02-22T21:14:52.6931357Z [36;1m    ssh-keyscan -p *** -H *** >> ~/.ssh/known_hosts 2>/dev/null || echo "Warning: ssh-keyscan failed"[0m
job-core	Setup Kubectl Tunnel	2026-02-22T21:14:52.6931896Z [36;1mfi[0m
job-core	Setup Kubectl Tunnel	2026-02-22T21:14:52.6945898Z shell: /usr/bin/bash --noprofile --norc -e -o pipefail {0}
job-core	Setup Kubectl Tunnel	2026-02-22T21:14:52.6946284Z env:
job-core	Setup Kubectl Tunnel	2026-02-22T21:14:52.6946604Z   pythonLocation: /home/runner/_work/_tool/Python/3.14.3/x64
job-core	Setup Kubectl Tunnel	2026-02-22T21:14:52.6947115Z   PKG_CONFIG_PATH: /home/runner/_work/_tool/Python/3.14.3/x64/lib/pkgconfig
job-core	Setup Kubectl Tunnel	2026-02-22T21:14:52.6947620Z   Python_ROOT_DIR: /home/runner/_work/_tool/Python/3.14.3/x64
job-core	Setup Kubectl Tunnel	2026-02-22T21:14:52.6948601Z   Python2_ROOT_DIR: /home/runner/_work/_tool/Python/3.14.3/x64
job-core	Setup Kubectl Tunnel	2026-02-22T21:14:52.6949060Z   Python3_ROOT_DIR: /home/runner/_work/_tool/Python/3.14.3/x64
job-core	Setup Kubectl Tunnel	2026-02-22T21:14:52.6949523Z   LD_LIBRARY_PATH: /home/runner/_work/_tool/Python/3.14.3/x64/lib
job-core	Setup Kubectl Tunnel	2026-02-22T21:14:52.6949926Z ##[endgroup]
job-core	Setup Kubectl Tunnel	2026-02-22T21:14:53.0872391Z ##[group]Run echo "Starting SSH Tunnel to ***..."
job-core	Setup Kubectl Tunnel	2026-02-22T21:14:53.0872887Z [36;1mecho "Starting SSH Tunnel to ***..."[0m
job-core	Setup Kubectl Tunnel	2026-02-22T21:14:53.0873328Z [36;1m# -f: Background, -N: No command, -L: Local forwarding[0m
job-core	Setup Kubectl Tunnel	2026-02-22T21:14:53.0873780Z [36;1m# Maps LocalPort:RemoteHost:RemotePort. [0m
job-core	Setup Kubectl Tunnel	2026-02-22T21:14:53.0874315Z [36;1m# We map Runner:6443 -> Remote:Localhost:6443 (Assuming API is local to the SSH host)[0m
job-core	Setup Kubectl Tunnel	2026-02-22T21:14:53.0874849Z [36;1mssh -f -N -L 6443:127.0.0.1:6443 \[0m
job-core	Setup Kubectl Tunnel	2026-02-22T21:14:53.0875190Z [36;1m    -p *** \[0m
job-core	Setup Kubectl Tunnel	2026-02-22T21:14:53.0875500Z [36;1m    -i ~/.ssh/id_rsa \[0m
job-core	Setup Kubectl Tunnel	2026-02-22T21:14:53.0877234Z [36;1m    ***@***[0m
job-core	Setup Kubectl Tunnel	2026-02-22T21:14:53.0877523Z [36;1m[0m
job-core	Setup Kubectl Tunnel	2026-02-22T21:14:53.0878287Z [36;1mecho "Tunnel established on 127.0.0.1:6443"[0m
job-core	Setup Kubectl Tunnel	2026-02-22T21:14:53.0892952Z shell: /usr/bin/bash --noprofile --norc -e -o pipefail {0}
job-core	Setup Kubectl Tunnel	2026-02-22T21:14:53.0893408Z env:
job-core	Setup Kubectl Tunnel	2026-02-22T21:14:53.0893742Z   pythonLocation: /home/runner/_work/_tool/Python/3.14.3/x64
job-core	Setup Kubectl Tunnel	2026-02-22T21:14:53.0894276Z   PKG_CONFIG_PATH: /home/runner/_work/_tool/Python/3.14.3/x64/lib/pkgconfig
job-core	Setup Kubectl Tunnel	2026-02-22T21:14:53.0894848Z   Python_ROOT_DIR: /home/runner/_work/_tool/Python/3.14.3/x64
job-core	Setup Kubectl Tunnel	2026-02-22T21:14:53.0895353Z   Python2_ROOT_DIR: /home/runner/_work/_tool/Python/3.14.3/x64
job-core	Setup Kubectl Tunnel	2026-02-22T21:14:53.0895944Z   Python3_ROOT_DIR: /home/runner/_work/_tool/Python/3.14.3/x64
job-core	Setup Kubectl Tunnel	2026-02-22T21:14:53.0896455Z   LD_LIBRARY_PATH: /home/runner/_work/_tool/Python/3.14.3/x64/lib
job-core	Setup Kubectl Tunnel	2026-02-22T21:14:53.0896879Z ##[endgroup]
job-core	Setup Kubectl Tunnel	2026-02-22T21:14:53.0978063Z Starting SSH Tunnel to ***...
job-core	Setup Kubectl Tunnel	2026-02-22T21:14:53.2980290Z Tunnel established on 127.0.0.1:6443
job-core	Setup Kubectl Tunnel	2026-02-22T21:14:53.3056406Z ##[group]Run # Fetch kubeconfig from default location on remote
job-core	Setup Kubectl Tunnel	2026-02-22T21:14:53.3059572Z [36;1m# Fetch kubeconfig from default location on remote[0m
job-core	Setup Kubectl Tunnel	2026-02-22T21:14:53.3060718Z [36;1mecho "Fetching remote kubeconfig..."[0m
job-core	Setup Kubectl Tunnel	2026-02-22T21:14:53.3062838Z [36;1mssh -p *** -i ~/.ssh/id_rsa ***@*** "cat ~/.kube/config" > ./kubeconfig_raw[0m
job-core	Setup Kubectl Tunnel	2026-02-22T21:14:53.3063999Z [36;1m[0m
job-core	Setup Kubectl Tunnel	2026-02-22T21:14:53.3064767Z [36;1m# Patch the server URL to point to the local tunnel[0m
job-core	Setup Kubectl Tunnel	2026-02-22T21:14:53.3066040Z [36;1m# Replaces any IP/Hostname in the server URL with 127.0.0.1[0m
job-core	Setup Kubectl Tunnel	2026-02-22T21:14:53.3067461Z [36;1m# Example: https://***:6443 -> https://127.0.0.1:6443[0m
job-core	Setup Kubectl Tunnel	2026-02-22T21:14:53.3069618Z [36;1msed -E "s/server: https:\/\/[0-9a-zA-Z\.\-]+:6443/server: https:\/\/127.0.0.1:6443/g" ./kubeconfig_raw > ./kubeconfig_tunneled[0m
job-core	Setup Kubectl Tunnel	2026-02-22T21:14:53.3071210Z [36;1m[0m
job-core	Setup Kubectl Tunnel	2026-02-22T21:14:53.3071825Z [36;1m# Move to a standard location[0m
job-core	Setup Kubectl Tunnel	2026-02-22T21:14:53.3072648Z [36;1mmkdir -p ~/.kube[0m
job-core	Setup Kubectl Tunnel	2026-02-22T21:14:53.3073463Z [36;1mmv ./kubeconfig_tunneled ~/.kube/config[0m
job-core	Setup Kubectl Tunnel	2026-02-22T21:14:53.3074374Z [36;1mchmod 600 ~/.kube/config[0m
job-core	Setup Kubectl Tunnel	2026-02-22T21:14:53.3075094Z [36;1m[0m
job-core	Setup Kubectl Tunnel	2026-02-22T21:14:53.3076193Z [36;1m# Set Skip TLS Verify (since certificate is for the private IP/Hostname, not localhost)[0m
job-core	Setup Kubectl Tunnel	2026-02-22T21:14:53.3078316Z [36;1m# We must detect the cluster name dynamically because it might not be 'default'[0m
job-core	Setup Kubectl Tunnel	2026-02-22T21:14:53.3080121Z [36;1m[0m
job-core	Setup Kubectl Tunnel	2026-02-22T21:14:53.3080900Z [36;1mCURRENT_CONTEXT=$(kubectl config current-context)[0m
job-core	Setup Kubectl Tunnel	2026-02-22T21:14:53.3082612Z [36;1mCLUSTER_NAME=$(kubectl config view -o jsonpath="{.contexts[?(@.name=='$CURRENT_CONTEXT')].context.cluster}")[0m
job-core	Setup Kubectl Tunnel	2026-02-22T21:14:53.3084118Z [36;1m[0m
job-core	Setup Kubectl Tunnel	2026-02-22T21:14:53.3084932Z [36;1mecho "Configuring TLS skip for cluster: $CLUSTER_NAME"[0m
job-core	Setup Kubectl Tunnel	2026-02-22T21:14:53.3085933Z [36;1m[0m
job-core	Setup Kubectl Tunnel	2026-02-22T21:14:53.3086669Z [36;1m# Disable TLS verification for the active cluster[0m
job-core	Setup Kubectl Tunnel	2026-02-22T21:14:53.3088202Z [36;1mkubectl config set-cluster "$CLUSTER_NAME" --insecure-skip-tls-verify=true[0m
job-core	Setup Kubectl Tunnel	2026-02-22T21:14:53.3089441Z [36;1m[0m
job-core	Setup Kubectl Tunnel	2026-02-22T21:14:53.3090296Z [36;1m# Unset CA data to ensure insecure mode works (avoid conflicts)[0m
job-core	Setup Kubectl Tunnel	2026-02-22T21:14:53.3091830Z [36;1mkubectl config unset "clusters.$CLUSTER_NAME.certificate-authority-data"[0m
job-core	Setup Kubectl Tunnel	2026-02-22T21:14:53.3093062Z [36;1m[0m
job-core	Setup Kubectl Tunnel	2026-02-22T21:14:53.3093778Z [36;1mecho "path=~/.kube/config" >> $GITHUB_OUTPUT[0m
job-core	Setup Kubectl Tunnel	2026-02-22T21:14:53.3094869Z [36;1mecho "Kubeconfig configured successfully."[0m
job-core	Setup Kubectl Tunnel	2026-02-22T21:14:53.3126139Z shell: /usr/bin/bash --noprofile --norc -e -o pipefail {0}
job-core	Setup Kubectl Tunnel	2026-02-22T21:14:53.3127144Z env:
job-core	Setup Kubectl Tunnel	2026-02-22T21:14:53.3128694Z   pythonLocation: /home/runner/_work/_tool/Python/3.14.3/x64
job-core	Setup Kubectl Tunnel	2026-02-22T21:14:53.3130035Z   PKG_CONFIG_PATH: /home/runner/_work/_tool/Python/3.14.3/x64/lib/pkgconfig
job-core	Setup Kubectl Tunnel	2026-02-22T21:14:53.3131366Z   Python_ROOT_DIR: /home/runner/_work/_tool/Python/3.14.3/x64
job-core	Setup Kubectl Tunnel	2026-02-22T21:14:53.3132576Z   Python2_ROOT_DIR: /home/runner/_work/_tool/Python/3.14.3/x64
job-core	Setup Kubectl Tunnel	2026-02-22T21:14:53.3133771Z   Python3_ROOT_DIR: /home/runner/_work/_tool/Python/3.14.3/x64
job-core	Setup Kubectl Tunnel	2026-02-22T21:14:53.3134971Z   LD_LIBRARY_PATH: /home/runner/_work/_tool/Python/3.14.3/x64/lib
job-core	Setup Kubectl Tunnel	2026-02-22T21:14:53.3135981Z ##[endgroup]
job-core	Setup Kubectl Tunnel	2026-02-22T21:14:53.3234303Z Fetching remote kubeconfig...
job-core	Setup Kubectl Tunnel	2026-02-22T21:14:53.9626548Z Configuring TLS skip for cluster: kubernetes
job-core	Setup Kubectl Tunnel	2026-02-22T21:14:54.0030465Z Cluster "kubernetes" set.
job-core	Setup Kubectl Tunnel	2026-02-22T21:14:54.0457057Z Property "clusters.kubernetes.certificate-authority-data" unset.
job-core	Setup Kubectl Tunnel	2026-02-22T21:14:54.0490444Z Kubeconfig configured successfully.
job-core	Setup Kubectl Tunnel	2026-02-22T21:14:54.0566657Z ##[group]Run kubectl get nodes
job-core	Setup Kubectl Tunnel	2026-02-22T21:14:54.0567118Z [36;1mkubectl get nodes[0m
job-core	Setup Kubectl Tunnel	2026-02-22T21:14:54.0580548Z shell: /usr/bin/bash --noprofile --norc -e -o pipefail {0}
job-core	Setup Kubectl Tunnel	2026-02-22T21:14:54.0581116Z env:
job-core	Setup Kubectl Tunnel	2026-02-22T21:14:54.0581428Z   pythonLocation: /home/runner/_work/_tool/Python/3.14.3/x64
job-core	Setup Kubectl Tunnel	2026-02-22T21:14:54.0581953Z   PKG_CONFIG_PATH: /home/runner/_work/_tool/Python/3.14.3/x64/lib/pkgconfig
job-core	Setup Kubectl Tunnel	2026-02-22T21:14:54.0582471Z   Python_ROOT_DIR: /home/runner/_work/_tool/Python/3.14.3/x64
job-core	Setup Kubectl Tunnel	2026-02-22T21:14:54.0583057Z   Python2_ROOT_DIR: /home/runner/_work/_tool/Python/3.14.3/x64
job-core	Setup Kubectl Tunnel	2026-02-22T21:14:54.0583517Z   Python3_ROOT_DIR: /home/runner/_work/_tool/Python/3.14.3/x64
job-core	Setup Kubectl Tunnel	2026-02-22T21:14:54.0584223Z   LD_LIBRARY_PATH: /home/runner/_work/_tool/Python/3.14.3/x64/lib
job-core	Setup Kubectl Tunnel	2026-02-22T21:14:54.0584607Z ##[endgroup]
job-core	Setup Kubectl Tunnel	2026-02-22T21:14:54.1987008Z NAME         STATUS                     ROLES           AGE   VERSION
job-core	Setup Kubectl Tunnel	2026-02-22T21:14:54.1988394Z k8-manager   Ready                      control-plane   66d   v1.32.11
job-core	Setup Kubectl Tunnel	2026-02-22T21:14:54.1989515Z k8-node-20   Ready                      <none>          66d   v1.32.11
job-core	Setup Kubectl Tunnel	2026-02-22T21:14:54.1990677Z k8-node-30   Ready,SchedulingDisabled   <none>          46d   v1.32.11
job-core	Setup Kubectl Tunnel	2026-02-22T21:14:54.1991886Z k8-node-40   Ready,SchedulingDisabled   <none>          18d   v1.32.11
job-core	Detect Unhealthy Nodes	ï»¿2026-02-22T21:14:54.2203002Z ##[group]Run chmod +x .github/scripts/watchdog-disk-pressure.py
job-core	Detect Unhealthy Nodes	2026-02-22T21:14:54.2204308Z [36;1mchmod +x .github/scripts/watchdog-disk-pressure.py[0m
job-core	Detect Unhealthy Nodes	2026-02-22T21:14:54.2205473Z [36;1mNODES=$(python3 .github/scripts/watchdog-disk-pressure.py)[0m
job-core	Detect Unhealthy Nodes	2026-02-22T21:14:54.2206412Z [36;1m[0m
job-core	Detect Unhealthy Nodes	2026-02-22T21:14:54.2206937Z [36;1mif [ -z "$NODES" ]; then[0m
job-core	Detect Unhealthy Nodes	2026-02-22T21:14:54.2208521Z [36;1m  echo "âœ… All nodes are healthy (No DiskPressure)."[0m
job-core	Detect Unhealthy Nodes	2026-02-22T21:14:54.2209478Z [36;1m  echo "nodes=" >> $GITHUB_OUTPUT[0m
job-core	Detect Unhealthy Nodes	2026-02-22T21:14:54.2210188Z [36;1melse[0m
job-core	Detect Unhealthy Nodes	2026-02-22T21:14:54.2210835Z [36;1m  echo "âš ï¸ Found nodes with DiskPressure:"[0m
job-core	Detect Unhealthy Nodes	2026-02-22T21:14:54.2211617Z [36;1m  echo "$NODES"[0m
job-core	Detect Unhealthy Nodes	2026-02-22T21:14:54.2212498Z [36;1m  # Replace newlines with spaces or keep as multiline for output? [0m
job-core	Detect Unhealthy Nodes	2026-02-22T21:14:54.2213911Z [36;1m  # Multiline strings in output are tricky. Let's use JSON or just space separated.[0m
job-core	Detect Unhealthy Nodes	2026-02-22T21:14:54.2215371Z [36;1m  # For loop below handles space separated fine if names don't have spaces.[0m
job-core	Detect Unhealthy Nodes	2026-02-22T21:14:54.2216595Z [36;1m  NODES_FLAT=$(echo "$NODES" | tr '\n' ' ')[0m
job-core	Detect Unhealthy Nodes	2026-02-22T21:14:54.2233601Z [36;1m  echo "nodes=$NODES_FLAT" >> $GITHUB_OUTPUT[0m
job-core	Detect Unhealthy Nodes	2026-02-22T21:14:54.2234527Z [36;1mfi[0m
job-core	Detect Unhealthy Nodes	2026-02-22T21:14:54.2260208Z shell: /usr/bin/bash -e {0}
job-core	Detect Unhealthy Nodes	2026-02-22T21:14:54.2260740Z env:
job-core	Detect Unhealthy Nodes	2026-02-22T21:14:54.2261345Z   pythonLocation: /home/runner/_work/_tool/Python/3.14.3/x64
job-core	Detect Unhealthy Nodes	2026-02-22T21:14:54.2262291Z   PKG_CONFIG_PATH: /home/runner/_work/_tool/Python/3.14.3/x64/lib/pkgconfig
job-core	Detect Unhealthy Nodes	2026-02-22T21:14:54.2263222Z   Python_ROOT_DIR: /home/runner/_work/_tool/Python/3.14.3/x64
job-core	Detect Unhealthy Nodes	2026-02-22T21:14:54.2264069Z   Python2_ROOT_DIR: /home/runner/_work/_tool/Python/3.14.3/x64
job-core	Detect Unhealthy Nodes	2026-02-22T21:14:54.2264908Z   Python3_ROOT_DIR: /home/runner/_work/_tool/Python/3.14.3/x64
job-core	Detect Unhealthy Nodes	2026-02-22T21:14:54.2265761Z   LD_LIBRARY_PATH: /home/runner/_work/_tool/Python/3.14.3/x64/lib
job-core	Detect Unhealthy Nodes	2026-02-22T21:14:54.2266463Z ##[endgroup]
job-core	Detect Unhealthy Nodes	2026-02-22T21:14:54.3593472Z âœ… All nodes are healthy (No DiskPressure).
job-core	Post Setup Python	ï»¿2026-02-22T21:14:54.3693742Z Post job cleanup.
job-core	Post Checkout	ï»¿2026-02-22T21:14:54.5620268Z Post job cleanup.
job-core	Post Checkout	2026-02-22T21:14:54.6712114Z [command]/usr/bin/git version
job-core	Post Checkout	2026-02-22T21:14:54.6759631Z git version 2.52.0
job-core	Post Checkout	2026-02-22T21:14:54.6813275Z Temporarily overriding HOME='/home/runner/_work/_temp/ffde24dc-8195-4409-9cbd-d1a604046562' before making global git config changes
job-core	Post Checkout	2026-02-22T21:14:54.6814627Z Adding repository directory to the temporary git global config as a safe directory
job-core	Post Checkout	2026-02-22T21:14:54.6820590Z [command]/usr/bin/git config --global --add safe.directory /home/runner/_work/ka0s/ka0s
job-core	Post Checkout	2026-02-22T21:14:54.6878917Z [command]/usr/bin/git config --local --name-only --get-regexp core\.sshCommand
job-core	Post Checkout	2026-02-22T21:14:54.6946031Z [command]/usr/bin/git submodule foreach --recursive sh -c "git config --local --name-only --get-regexp 'core\.sshCommand' && git config --local --unset-all 'core.sshCommand' || :"
job-core	Post Checkout	2026-02-22T21:14:54.7336302Z [command]/usr/bin/git config --local --name-only --get-regexp http\.https\:\/\/github\.com\/\.extraheader
job-core	Post Checkout	2026-02-22T21:14:54.7382423Z http.https://github.com/.extraheader
job-core	Post Checkout	2026-02-22T21:14:54.7395172Z [command]/usr/bin/git config --local --unset-all http.https://github.com/.extraheader
job-core	Post Checkout	2026-02-22T21:14:54.7445776Z [command]/usr/bin/git submodule foreach --recursive sh -c "git config --local --name-only --get-regexp 'http\.https\:\/\/github\.com\/\.extraheader' && git config --local --unset-all 'http.https://github.com/.extraheader' || :"
job-core	Post Checkout	2026-02-22T21:14:54.7811505Z [command]/usr/bin/git config --local --name-only --get-regexp ^includeIf\.gitdir:
job-core	Post Checkout	2026-02-22T21:14:54.7856370Z [command]/usr/bin/git submodule foreach --recursive git config --local --show-origin --name-only --get-regexp remote.origin.url
job-core	Complete job	ï»¿2026-02-22T21:14:54.8361475Z Evaluate and set job outputs
job-core	Complete job	2026-02-22T21:14:54.8367588Z Cleaning up orphan processes
job-core	Complete job	2026-02-22T21:14:54.8428780Z Terminate orphan process: pid (263) (ssh)
handle-success	Set up job	ï»¿2026-02-22T21:15:09.4903864Z Current runner version: '2.331.0'
handle-success	Set up job	2026-02-22T21:15:09.4921039Z Runner name: 'swarm-runners-scaleset-hkss5-runner-r98cd'
handle-success	Set up job	2026-02-22T21:15:09.4924643Z Runner group name: 'Default'
handle-success	Set up job	2026-02-22T21:15:09.4928758Z Machine name: 'swarm-runners-scaleset-hkss5-runner-r98cd'
handle-success	Set up job	2026-02-22T21:15:09.4941338Z ##[group]GITHUB_TOKEN Permissions
handle-success	Set up job	2026-02-22T21:15:09.4947102Z Actions: write
handle-success	Set up job	2026-02-22T21:15:09.4950346Z Contents: read
handle-success	Set up job	2026-02-22T21:15:09.4952691Z Metadata: read
handle-success	Set up job	2026-02-22T21:15:09.4955041Z ##[endgroup]
handle-success	Set up job	2026-02-22T21:15:09.4959482Z Secret source: Actions
handle-success	Set up job	2026-02-22T21:15:09.4960498Z Prepare workflow directory
handle-success	Set up job	2026-02-22T21:15:09.6110744Z Prepare all required actions
handle-success	Set up job	2026-02-22T21:15:09.6168784Z Getting action download info
handle-success	Set up job	2026-02-22T21:15:10.5962933Z Download action repository 'actions/checkout@v4' (SHA:34e114876b0b11c390a56381ad16ebd13914f8d5)
handle-success	Set up job	2026-02-22T21:15:11.6401113Z Complete job name: handle-success
handle-success	Log Success	ï»¿2026-02-22T21:15:11.8129159Z ##[group]Run echo "Watchdog scan completed successfully."
handle-success	Log Success	2026-02-22T21:15:11.8132865Z [36;1mecho "Watchdog scan completed successfully."[0m
handle-success	Log Success	2026-02-22T21:15:11.8255527Z shell: /usr/bin/bash -e {0}
handle-success	Log Success	2026-02-22T21:15:11.8258680Z env:
handle-success	Log Success	2026-02-22T21:15:11.8260868Z   GH_TOKEN: ***
handle-success	Log Success	2026-02-22T21:15:11.8262285Z ##[endgroup]
handle-success	Log Success	2026-02-22T21:15:11.8743970Z Watchdog scan completed successfully.
handle-success	Checkout Repository	ï»¿2026-02-22T21:15:11.9736662Z ##[group]Run actions/checkout@v4
handle-success	Checkout Repository	2026-02-22T21:15:11.9741938Z with:
handle-success	Checkout Repository	2026-02-22T21:15:11.9745209Z   fetch-depth: 0
handle-success	Checkout Repository	2026-02-22T21:15:11.9749595Z   repository: Ka0s-Klaus/ka0s
handle-success	Checkout Repository	2026-02-22T21:15:11.9755710Z   token: ***
handle-success	Checkout Repository	2026-02-22T21:15:11.9759896Z   ssh-strict: true
handle-success	Checkout Repository	2026-02-22T21:15:11.9763718Z   ssh-user: git
handle-success	Checkout Repository	2026-02-22T21:15:11.9767772Z   persist-credentials: true
handle-success	Checkout Repository	2026-02-22T21:15:11.9772523Z   clean: true
handle-success	Checkout Repository	2026-02-22T21:15:11.9777363Z   sparse-checkout-cone-mode: true
handle-success	Checkout Repository	2026-02-22T21:15:11.9783558Z   fetch-tags: false
handle-success	Checkout Repository	2026-02-22T21:15:11.9791915Z   show-progress: true
handle-success	Checkout Repository	2026-02-22T21:15:11.9796190Z   lfs: false
handle-success	Checkout Repository	2026-02-22T21:15:11.9800378Z   submodules: false
handle-success	Checkout Repository	2026-02-22T21:15:11.9808523Z   set-safe-directory: true
handle-success	Checkout Repository	2026-02-22T21:15:11.9817283Z env:
handle-success	Checkout Repository	2026-02-22T21:15:11.9822992Z   GH_TOKEN: ***
handle-success	Checkout Repository	2026-02-22T21:15:11.9827254Z ##[endgroup]
handle-success	Checkout Repository	2026-02-22T21:15:12.2029399Z Syncing repository: Ka0s-Klaus/ka0s
handle-success	Checkout Repository	2026-02-22T21:15:12.2036696Z ##[group]Getting Git version info
handle-success	Checkout Repository	2026-02-22T21:15:12.2041638Z Working directory is '/home/runner/_work/ka0s/ka0s'
handle-success	Checkout Repository	2026-02-22T21:15:12.2048439Z [command]/usr/bin/git version
handle-success	Checkout Repository	2026-02-22T21:15:12.2049765Z git version 2.52.0
handle-success	Checkout Repository	2026-02-22T21:15:12.2079547Z ##[endgroup]
handle-success	Checkout Repository	2026-02-22T21:15:12.2108637Z Temporarily overriding HOME='/home/runner/_work/_temp/f8a15391-5273-4667-8f42-80fb4a3cd952' before making global git config changes
handle-success	Checkout Repository	2026-02-22T21:15:12.2115545Z Adding repository directory to the temporary git global config as a safe directory
handle-success	Checkout Repository	2026-02-22T21:15:12.2124743Z [command]/usr/bin/git config --global --add safe.directory /home/runner/_work/ka0s/ka0s
handle-success	Checkout Repository	2026-02-22T21:15:12.2186467Z Deleting the contents of '/home/runner/_work/ka0s/ka0s'
handle-success	Checkout Repository	2026-02-22T21:15:12.2195135Z ##[group]Initializing the repository
handle-success	Checkout Repository	2026-02-22T21:15:12.2202728Z [command]/usr/bin/git init /home/runner/_work/ka0s/ka0s
handle-success	Checkout Repository	2026-02-22T21:15:12.2280460Z hint: Using 'master' as the name for the initial branch. This default branch name
handle-success	Checkout Repository	2026-02-22T21:15:12.2286992Z hint: will change to "main" in Git 3.0. To configure the initial branch name
handle-success	Checkout Repository	2026-02-22T21:15:12.2293229Z hint: to use in all of your new repositories, which will suppress this warning,
handle-success	Checkout Repository	2026-02-22T21:15:12.2299016Z hint: call:
handle-success	Checkout Repository	2026-02-22T21:15:12.2301672Z hint:
handle-success	Checkout Repository	2026-02-22T21:15:12.2304404Z hint: 	git config --global init.defaultBranch <name>
handle-success	Checkout Repository	2026-02-22T21:15:12.2308989Z hint:
handle-success	Checkout Repository	2026-02-22T21:15:12.2311062Z hint: Names commonly chosen instead of 'master' are 'main', 'trunk' and
handle-success	Checkout Repository	2026-02-22T21:15:12.2314916Z hint: 'development'. The just-created branch can be renamed via this command:
handle-success	Checkout Repository	2026-02-22T21:15:12.2319727Z hint:
handle-success	Checkout Repository	2026-02-22T21:15:12.2323107Z hint: 	git branch -m <name>
handle-success	Checkout Repository	2026-02-22T21:15:12.2327008Z hint:
handle-success	Checkout Repository	2026-02-22T21:15:12.2330728Z hint: Disable this message with "git config set advice.defaultBranchName false"
handle-success	Checkout Repository	2026-02-22T21:15:12.2339367Z Initialized empty Git repository in /home/runner/_work/ka0s/ka0s/.git/
handle-success	Checkout Repository	2026-02-22T21:15:12.2348348Z [command]/usr/bin/git remote add origin https://github.com/Ka0s-Klaus/ka0s
handle-success	Checkout Repository	2026-02-22T21:15:12.2379623Z ##[endgroup]
handle-success	Checkout Repository	2026-02-22T21:15:12.2383247Z ##[group]Disabling automatic garbage collection
handle-success	Checkout Repository	2026-02-22T21:15:12.2388169Z [command]/usr/bin/git config --local gc.auto 0
handle-success	Checkout Repository	2026-02-22T21:15:12.2453635Z ##[endgroup]
handle-success	Checkout Repository	2026-02-22T21:15:12.2456905Z ##[group]Setting up auth
handle-success	Checkout Repository	2026-02-22T21:15:12.2460145Z [command]/usr/bin/git config --local --name-only --get-regexp core\.sshCommand
handle-success	Checkout Repository	2026-02-22T21:15:12.2520230Z [command]/usr/bin/git submodule foreach --recursive sh -c "git config --local --name-only --get-regexp 'core\.sshCommand' && git config --local --unset-all 'core.sshCommand' || :"
handle-success	Checkout Repository	2026-02-22T21:15:12.2978441Z [command]/usr/bin/git config --local --name-only --get-regexp http\.https\:\/\/github\.com\/\.extraheader
handle-success	Checkout Repository	2026-02-22T21:15:12.3039972Z [command]/usr/bin/git submodule foreach --recursive sh -c "git config --local --name-only --get-regexp 'http\.https\:\/\/github\.com\/\.extraheader' && git config --local --unset-all 'http.https://github.com/.extraheader' || :"
handle-success	Checkout Repository	2026-02-22T21:15:12.3504132Z [command]/usr/bin/git config --local --name-only --get-regexp ^includeIf\.gitdir:
handle-success	Checkout Repository	2026-02-22T21:15:12.3588601Z [command]/usr/bin/git submodule foreach --recursive git config --local --show-origin --name-only --get-regexp remote.origin.url
handle-success	Checkout Repository	2026-02-22T21:15:12.4079674Z [command]/usr/bin/git config --local http.https://github.com/.extraheader AUTHORIZATION: basic ***
handle-success	Checkout Repository	2026-02-22T21:15:12.4161142Z ##[endgroup]
handle-success	Checkout Repository	2026-02-22T21:15:12.4164184Z ##[group]Fetching the repository
handle-success	Checkout Repository	2026-02-22T21:15:12.4177336Z [command]/usr/bin/git -c protocol.version=2 fetch --prune --no-recurse-submodules origin +refs/heads/*:refs/remotes/origin/* +refs/tags/*:refs/tags/*
handle-success	Checkout Repository	2026-02-22T21:15:54.2813500Z From https://github.com/Ka0s-Klaus/ka0s
handle-success	Checkout Repository	2026-02-22T21:15:54.2819469Z  * [new branch]          F3450-modelo-operativo -> origin/F3450-modelo-operativo
handle-success	Checkout Repository	2026-02-22T21:15:54.2822311Z  * [new branch]          H1276-modulo-observabilidad -> origin/H1276-modulo-observabilidad
handle-success	Checkout Repository	2026-02-22T21:15:54.2823424Z  * [new branch]          H3596-deploy-itop      -> origin/H3596-deploy-itop
handle-success	Checkout Repository	2026-02-22T21:15:54.2825202Z  * [new branch]          main                   -> origin/main
handle-success	Checkout Repository	2026-02-22T21:15:54.2826813Z  * [new tag]             0.0.0                  -> 0.0.0
handle-success	Checkout Repository	2026-02-22T21:15:54.2828443Z  * [new tag]             0.0.1                  -> 0.0.1
handle-success	Checkout Repository	2026-02-22T21:15:54.2829664Z  * [new tag]             0.0.10                 -> 0.0.10
handle-success	Checkout Repository	2026-02-22T21:15:54.2830878Z  * [new tag]             0.0.100                -> 0.0.100
handle-success	Checkout Repository	2026-02-22T21:15:54.2832000Z  * [new tag]             0.0.101                -> 0.0.101
handle-success	Checkout Repository	2026-02-22T21:15:54.2833032Z  * [new tag]             0.0.102                -> 0.0.102
handle-success	Checkout Repository	2026-02-22T21:15:54.2949199Z  * [new tag]             0.0.103                -> 0.0.103
handle-success	Checkout Repository	2026-02-22T21:15:54.2950565Z  * [new tag]             0.0.104                -> 0.0.104
handle-success	Checkout Repository	2026-02-22T21:15:54.2951692Z  * [new tag]             0.0.105                -> 0.0.105
handle-success	Checkout Repository	2026-02-22T21:15:54.2953039Z  * [new tag]             0.0.106                -> 0.0.106
handle-success	Checkout Repository	2026-02-22T21:15:54.2954425Z  * [new tag]             0.0.107                -> 0.0.107
handle-success	Checkout Repository	2026-02-22T21:15:54.2955722Z  * [new tag]             0.0.108                -> 0.0.108
handle-success	Checkout Repository	2026-02-22T21:15:54.2956431Z  * [new tag]             0.0.109                -> 0.0.109
handle-success	Checkout Repository	2026-02-22T21:15:54.2957793Z  * [new tag]             0.0.11                 -> 0.0.11
handle-success	Checkout Repository	2026-02-22T21:15:54.2959467Z  * [new tag]             0.0.110                -> 0.0.110
handle-success	Checkout Repository	2026-02-22T21:15:54.2960870Z  * [new tag]             0.0.111                -> 0.0.111
handle-success	Checkout Repository	2026-02-22T21:15:54.2961403Z  * [new tag]             0.0.112                -> 0.0.112
handle-success	Checkout Repository	2026-02-22T21:15:54.2961903Z  * [new tag]             0.0.113                -> 0.0.113
handle-success	Checkout Repository	2026-02-22T21:15:54.2962411Z  * [new tag]             0.0.114                -> 0.0.114
handle-success	Checkout Repository	2026-02-22T21:15:54.2964036Z  * [new tag]             0.0.115                -> 0.0.115
handle-success	Checkout Repository	2026-02-22T21:15:54.2964582Z  * [new tag]             0.0.116                -> 0.0.116
handle-success	Checkout Repository	2026-02-22T21:15:54.2965107Z  * [new tag]             0.0.117                -> 0.0.117
handle-success	Checkout Repository	2026-02-22T21:15:54.2965610Z  * [new tag]             0.0.118                -> 0.0.118
handle-success	Checkout Repository	2026-02-22T21:15:54.2966140Z  * [new tag]             0.0.119                -> 0.0.119
handle-success	Checkout Repository	2026-02-22T21:15:54.2966745Z  * [new tag]             0.0.12                 -> 0.0.12
handle-success	Checkout Repository	2026-02-22T21:15:54.2967313Z  * [new tag]             0.0.120                -> 0.0.120
handle-success	Checkout Repository	2026-02-22T21:15:54.2968057Z  * [new tag]             0.0.121                -> 0.0.121
handle-success	Checkout Repository	2026-02-22T21:15:54.2968594Z  * [new tag]             0.0.122                -> 0.0.122
handle-success	Checkout Repository	2026-02-22T21:15:54.2969107Z  * [new tag]             0.0.123                -> 0.0.123
handle-success	Checkout Repository	2026-02-22T21:15:54.2969601Z  * [new tag]             0.0.124                -> 0.0.124
handle-success	Checkout Repository	2026-02-22T21:15:54.2970107Z  * [new tag]             0.0.125                -> 0.0.125
handle-success	Checkout Repository	2026-02-22T21:15:54.2970618Z  * [new tag]             0.0.126                -> 0.0.126
handle-success	Checkout Repository	2026-02-22T21:15:54.2971129Z  * [new tag]             0.0.127                -> 0.0.127
handle-success	Checkout Repository	2026-02-22T21:15:54.2971635Z  * [new tag]             0.0.128                -> 0.0.128
handle-success	Checkout Repository	2026-02-22T21:15:54.2972134Z  * [new tag]             0.0.129                -> 0.0.129
handle-success	Checkout Repository	2026-02-22T21:15:54.2973021Z  * [new tag]             0.0.13                 -> 0.0.13
handle-success	Checkout Repository	2026-02-22T21:15:54.2973514Z  * [new tag]             0.0.130                -> 0.0.130
handle-success	Checkout Repository	2026-02-22T21:15:54.2974027Z  * [new tag]             0.0.131                -> 0.0.131
handle-success	Checkout Repository	2026-02-22T21:15:54.2974529Z  * [new tag]             0.0.132                -> 0.0.132
handle-success	Checkout Repository	2026-02-22T21:15:54.2975043Z  * [new tag]             0.0.133                -> 0.0.133
handle-success	Checkout Repository	2026-02-22T21:15:54.2975558Z  * [new tag]             0.0.134                -> 0.0.134
handle-success	Checkout Repository	2026-02-22T21:15:54.2976064Z  * [new tag]             0.0.135                -> 0.0.135
handle-success	Checkout Repository	2026-02-22T21:15:54.2976636Z  * [new tag]             0.0.136                -> 0.0.136
handle-success	Checkout Repository	2026-02-22T21:15:54.2977183Z  * [new tag]             0.0.137                -> 0.0.137
handle-success	Checkout Repository	2026-02-22T21:15:54.2977738Z  * [new tag]             0.0.138                -> 0.0.138
handle-success	Checkout Repository	2026-02-22T21:15:54.2978525Z  * [new tag]             0.0.139                -> 0.0.139
handle-success	Checkout Repository	2026-02-22T21:15:54.2979066Z  * [new tag]             0.0.14                 -> 0.0.14
handle-success	Checkout Repository	2026-02-22T21:15:54.2979598Z  * [new tag]             0.0.140                -> 0.0.140
handle-success	Checkout Repository	2026-02-22T21:15:54.2980099Z  * [new tag]             0.0.141                -> 0.0.141
handle-success	Checkout Repository	2026-02-22T21:15:54.2980619Z  * [new tag]             0.0.142                -> 0.0.142
handle-success	Checkout Repository	2026-02-22T21:15:54.2981123Z  * [new tag]             0.0.143                -> 0.0.143
handle-success	Checkout Repository	2026-02-22T21:15:54.2981625Z  * [new tag]             0.0.144                -> 0.0.144
handle-success	Checkout Repository	2026-02-22T21:15:54.2982124Z  * [new tag]             0.0.145                -> 0.0.145
handle-success	Checkout Repository	2026-02-22T21:15:54.2982623Z  * [new tag]             0.0.146                -> 0.0.146
handle-success	Checkout Repository	2026-02-22T21:15:54.2983130Z  * [new tag]             0.0.147                -> 0.0.147
handle-success	Checkout Repository	2026-02-22T21:15:54.2983620Z  * [new tag]             0.0.148                -> 0.0.148
handle-success	Checkout Repository	2026-02-22T21:15:54.2984118Z  * [new tag]             0.0.149                -> 0.0.149
handle-success	Checkout Repository	2026-02-22T21:15:54.2984612Z  * [new tag]             0.0.15                 -> 0.0.15
handle-success	Checkout Repository	2026-02-22T21:15:54.2985118Z  * [new tag]             0.0.150                -> 0.0.150
handle-success	Checkout Repository	2026-02-22T21:15:54.2985609Z  * [new tag]             0.0.151                -> 0.0.151
handle-success	Checkout Repository	2026-02-22T21:15:54.2986151Z  * [new tag]             0.0.152                -> 0.0.152
handle-success	Checkout Repository	2026-02-22T21:15:54.2986705Z  * [new tag]             0.0.153                -> 0.0.153
handle-success	Checkout Repository	2026-02-22T21:15:54.2987202Z  * [new tag]             0.0.154                -> 0.0.154
handle-success	Checkout Repository	2026-02-22T21:15:54.2987696Z  * [new tag]             0.0.155                -> 0.0.155
handle-success	Checkout Repository	2026-02-22T21:15:54.2988453Z  * [new tag]             0.0.156                -> 0.0.156
handle-success	Checkout Repository	2026-02-22T21:15:54.2988968Z  * [new tag]             0.0.157                -> 0.0.157
handle-success	Checkout Repository	2026-02-22T21:15:54.2989811Z  * [new tag]             0.0.158                -> 0.0.158
handle-success	Checkout Repository	2026-02-22T21:15:54.2990322Z  * [new tag]             0.0.159                -> 0.0.159
handle-success	Checkout Repository	2026-02-22T21:15:54.2990835Z  * [new tag]             0.0.16                 -> 0.0.16
handle-success	Checkout Repository	2026-02-22T21:15:54.2991348Z  * [new tag]             0.0.160                -> 0.0.160
handle-success	Checkout Repository	2026-02-22T21:15:54.2991862Z  * [new tag]             0.0.161                -> 0.0.161
handle-success	Checkout Repository	2026-02-22T21:15:54.2992370Z  * [new tag]             0.0.162                -> 0.0.162
handle-success	Checkout Repository	2026-02-22T21:15:54.2992886Z  * [new tag]             0.0.163                -> 0.0.163
handle-success	Checkout Repository	2026-02-22T21:15:54.2993399Z  * [new tag]             0.0.164                -> 0.0.164
handle-success	Checkout Repository	2026-02-22T21:15:54.2994969Z  * [new tag]             0.0.165                -> 0.0.165
handle-success	Checkout Repository	2026-02-22T21:15:54.2996514Z  * [new tag]             0.0.166                -> 0.0.166
handle-success	Checkout Repository	2026-02-22T21:15:54.2998136Z  * [new tag]             0.0.167                -> 0.0.167
handle-success	Checkout Repository	2026-02-22T21:15:54.2998722Z  * [new tag]             0.0.168                -> 0.0.168
handle-success	Checkout Repository	2026-02-22T21:15:54.2999243Z  * [new tag]             0.0.169                -> 0.0.169
handle-success	Checkout Repository	2026-02-22T21:15:54.2999770Z  * [new tag]             0.0.17                 -> 0.0.17
handle-success	Checkout Repository	2026-02-22T21:15:54.3000291Z  * [new tag]             0.0.170                -> 0.0.170
handle-success	Checkout Repository	2026-02-22T21:15:54.3001110Z  * [new tag]             0.0.171                -> 0.0.171
handle-success	Checkout Repository	2026-02-22T21:15:54.3001627Z  * [new tag]             0.0.172                -> 0.0.172
handle-success	Checkout Repository	2026-02-22T21:15:54.3002143Z  * [new tag]             0.0.173                -> 0.0.173
handle-success	Checkout Repository	2026-02-22T21:15:54.3002668Z  * [new tag]             0.0.174                -> 0.0.174
handle-success	Checkout Repository	2026-02-22T21:15:54.3003176Z  * [new tag]             0.0.175                -> 0.0.175
handle-success	Checkout Repository	2026-02-22T21:15:54.3003884Z  * [new tag]             0.0.176                -> 0.0.176
handle-success	Checkout Repository	2026-02-22T21:15:54.3004406Z  * [new tag]             0.0.177                -> 0.0.177
handle-success	Checkout Repository	2026-02-22T21:15:54.3004915Z  * [new tag]             0.0.178                -> 0.0.178
handle-success	Checkout Repository	2026-02-22T21:15:54.3005436Z  * [new tag]             0.0.179                -> 0.0.179
handle-success	Checkout Repository	2026-02-22T21:15:54.3005947Z  * [new tag]             0.0.18                 -> 0.0.18
handle-success	Checkout Repository	2026-02-22T21:15:54.3006462Z  * [new tag]             0.0.19                 -> 0.0.19
handle-success	Checkout Repository	2026-02-22T21:15:54.3006972Z  * [new tag]             0.0.2                  -> 0.0.2
handle-success	Checkout Repository	2026-02-22T21:15:54.3007493Z  * [new tag]             0.0.20                 -> 0.0.20
handle-success	Checkout Repository	2026-02-22T21:15:54.3008295Z  * [new tag]             0.0.21                 -> 0.0.21
handle-success	Checkout Repository	2026-02-22T21:15:54.3008821Z  * [new tag]             0.0.22                 -> 0.0.22
handle-success	Checkout Repository	2026-02-22T21:15:54.3009337Z  * [new tag]             0.0.23                 -> 0.0.23
handle-success	Checkout Repository	2026-02-22T21:15:54.3009844Z  * [new tag]             0.0.24                 -> 0.0.24
handle-success	Checkout Repository	2026-02-22T21:15:54.3010367Z  * [new tag]             0.0.25                 -> 0.0.25
handle-success	Checkout Repository	2026-02-22T21:15:54.3010873Z  * [new tag]             0.0.26                 -> 0.0.26
handle-success	Checkout Repository	2026-02-22T21:15:54.3011389Z  * [new tag]             0.0.27                 -> 0.0.27
handle-success	Checkout Repository	2026-02-22T21:15:54.3011916Z  * [new tag]             0.0.28                 -> 0.0.28
handle-success	Checkout Repository	2026-02-22T21:15:54.3027192Z  * [new tag]             0.0.29                 -> 0.0.29
handle-success	Checkout Repository	2026-02-22T21:15:54.3028295Z  * [new tag]             0.0.3                  -> 0.0.3
handle-success	Checkout Repository	2026-02-22T21:15:54.3028867Z  * [new tag]             0.0.30                 -> 0.0.30
handle-success	Checkout Repository	2026-02-22T21:15:54.3029419Z  * [new tag]             0.0.31                 -> 0.0.31
handle-success	Checkout Repository	2026-02-22T21:15:54.3029938Z  * [new tag]             0.0.32                 -> 0.0.32
handle-success	Checkout Repository	2026-02-22T21:15:54.3030469Z  * [new tag]             0.0.33                 -> 0.0.33
handle-success	Checkout Repository	2026-02-22T21:15:54.3030979Z  * [new tag]             0.0.34                 -> 0.0.34
handle-success	Checkout Repository	2026-02-22T21:15:54.3031488Z  * [new tag]             0.0.35                 -> 0.0.35
handle-success	Checkout Repository	2026-02-22T21:15:54.3032001Z  * [new tag]             0.0.36                 -> 0.0.36
handle-success	Checkout Repository	2026-02-22T21:15:54.3032505Z  * [new tag]             0.0.37                 -> 0.0.37
handle-success	Checkout Repository	2026-02-22T21:15:54.3033017Z  * [new tag]             0.0.38                 -> 0.0.38
handle-success	Checkout Repository	2026-02-22T21:15:54.3033906Z  * [new tag]             0.0.39                 -> 0.0.39
handle-success	Checkout Repository	2026-02-22T21:15:54.3034422Z  * [new tag]             0.0.4                  -> 0.0.4
handle-success	Checkout Repository	2026-02-22T21:15:54.3034934Z  * [new tag]             0.0.40                 -> 0.0.40
handle-success	Checkout Repository	2026-02-22T21:15:54.3035452Z  * [new tag]             0.0.41                 -> 0.0.41
handle-success	Checkout Repository	2026-02-22T21:15:54.3035963Z  * [new tag]             0.0.42                 -> 0.0.42
handle-success	Checkout Repository	2026-02-22T21:15:54.3036468Z  * [new tag]             0.0.43                 -> 0.0.43
handle-success	Checkout Repository	2026-02-22T21:15:54.3036983Z  * [new tag]             0.0.44                 -> 0.0.44
handle-success	Checkout Repository	2026-02-22T21:15:54.3037489Z  * [new tag]             0.0.45                 -> 0.0.45
handle-success	Checkout Repository	2026-02-22T21:15:54.3038284Z  * [new tag]             0.0.46                 -> 0.0.46
handle-success	Checkout Repository	2026-02-22T21:15:54.3038817Z  * [new tag]             0.0.47                 -> 0.0.47
handle-success	Checkout Repository	2026-02-22T21:15:54.3039325Z  * [new tag]             0.0.48                 -> 0.0.48
handle-success	Checkout Repository	2026-02-22T21:15:54.3039844Z  * [new tag]             0.0.49                 -> 0.0.49
handle-success	Checkout Repository	2026-02-22T21:15:54.3040351Z  * [new tag]             0.0.5                  -> 0.0.5
handle-success	Checkout Repository	2026-02-22T21:15:54.3040862Z  * [new tag]             0.0.50                 -> 0.0.50
handle-success	Checkout Repository	2026-02-22T21:15:54.3041372Z  * [new tag]             0.0.51                 -> 0.0.51
handle-success	Checkout Repository	2026-02-22T21:15:54.3042192Z  * [new tag]             0.0.52                 -> 0.0.52
handle-success	Checkout Repository	2026-02-22T21:15:54.3042702Z  * [new tag]             0.0.53                 -> 0.0.53
handle-success	Checkout Repository	2026-02-22T21:15:54.3043213Z  * [new tag]             0.0.54                 -> 0.0.54
handle-success	Checkout Repository	2026-02-22T21:15:54.3043722Z  * [new tag]             0.0.55                 -> 0.0.55
handle-success	Checkout Repository	2026-02-22T21:15:54.3044229Z  * [new tag]             0.0.56                 -> 0.0.56
handle-success	Checkout Repository	2026-02-22T21:15:54.3044736Z  * [new tag]             0.0.57                 -> 0.0.57
handle-success	Checkout Repository	2026-02-22T21:15:54.3045241Z  * [new tag]             0.0.58                 -> 0.0.58
handle-success	Checkout Repository	2026-02-22T21:15:54.3045745Z  * [new tag]             0.0.59                 -> 0.0.59
handle-success	Checkout Repository	2026-02-22T21:15:54.3046260Z  * [new tag]             0.0.6                  -> 0.0.6
handle-success	Checkout Repository	2026-02-22T21:15:54.3046774Z  * [new tag]             0.0.60                 -> 0.0.60
handle-success	Checkout Repository	2026-02-22T21:15:54.3047284Z  * [new tag]             0.0.61                 -> 0.0.61
handle-success	Checkout Repository	2026-02-22T21:15:54.3047793Z  * [new tag]             0.0.62                 -> 0.0.62
handle-success	Checkout Repository	2026-02-22T21:15:54.3048598Z  * [new tag]             0.0.63                 -> 0.0.63
handle-success	Checkout Repository	2026-02-22T21:15:54.3049101Z  * [new tag]             0.0.64                 -> 0.0.64
handle-success	Checkout Repository	2026-02-22T21:15:54.3049604Z  * [new tag]             0.0.65                 -> 0.0.65
handle-success	Checkout Repository	2026-02-22T21:15:54.3050175Z  * [new tag]             0.0.66                 -> 0.0.66
handle-success	Checkout Repository	2026-02-22T21:15:54.3050690Z  * [new tag]             0.0.67                 -> 0.0.67
handle-success	Checkout Repository	2026-02-22T21:15:54.3051195Z  * [new tag]             0.0.68                 -> 0.0.68
handle-success	Checkout Repository	2026-02-22T21:15:54.3051691Z  * [new tag]             0.0.69                 -> 0.0.69
handle-success	Checkout Repository	2026-02-22T21:15:54.3052193Z  * [new tag]             0.0.7                  -> 0.0.7
handle-success	Checkout Repository	2026-02-22T21:15:54.3052691Z  * [new tag]             0.0.70                 -> 0.0.70
handle-success	Checkout Repository	2026-02-22T21:15:54.3053194Z  * [new tag]             0.0.71                 -> 0.0.71
handle-success	Checkout Repository	2026-02-22T21:15:54.3053691Z  * [new tag]             0.0.72                 -> 0.0.72
handle-success	Checkout Repository	2026-02-22T21:15:54.3054192Z  * [new tag]             0.0.73                 -> 0.0.73
handle-success	Checkout Repository	2026-02-22T21:15:54.3054703Z  * [new tag]             0.0.74                 -> 0.0.74
handle-success	Checkout Repository	2026-02-22T21:15:54.3055199Z  * [new tag]             0.0.75                 -> 0.0.75
handle-success	Checkout Repository	2026-02-22T21:15:54.3055700Z  * [new tag]             0.0.76                 -> 0.0.76
handle-success	Checkout Repository	2026-02-22T21:15:54.3056196Z  * [new tag]             0.0.77                 -> 0.0.77
handle-success	Checkout Repository	2026-02-22T21:15:54.3056695Z  * [new tag]             0.0.78                 -> 0.0.78
handle-success	Checkout Repository	2026-02-22T21:15:54.3057195Z  * [new tag]             0.0.79                 -> 0.0.79
handle-success	Checkout Repository	2026-02-22T21:15:54.3057692Z  * [new tag]             0.0.8                  -> 0.0.8
handle-success	Checkout Repository	2026-02-22T21:15:54.3059255Z  * [new tag]             0.0.80                 -> 0.0.80
handle-success	Checkout Repository	2026-02-22T21:15:54.3061120Z  * [new tag]             0.0.81                 -> 0.0.81
handle-success	Checkout Repository	2026-02-22T21:15:54.3061864Z  * [new tag]             0.0.82                 -> 0.0.82
handle-success	Checkout Repository	2026-02-22T21:15:54.3062362Z  * [new tag]             0.0.83                 -> 0.0.83
handle-success	Checkout Repository	2026-02-22T21:15:54.3062867Z  * [new tag]             0.0.84                 -> 0.0.84
handle-success	Checkout Repository	2026-02-22T21:15:54.3063370Z  * [new tag]             0.0.85                 -> 0.0.85
handle-success	Checkout Repository	2026-02-22T21:15:54.3063871Z  * [new tag]             0.0.86                 -> 0.0.86
handle-success	Checkout Repository	2026-02-22T21:15:54.3064377Z  * [new tag]             0.0.87                 -> 0.0.87
handle-success	Checkout Repository	2026-02-22T21:15:54.3064872Z  * [new tag]             0.0.88                 -> 0.0.88
handle-success	Checkout Repository	2026-02-22T21:15:54.3065374Z  * [new tag]             0.0.89                 -> 0.0.89
handle-success	Checkout Repository	2026-02-22T21:15:54.3065870Z  * [new tag]             0.0.9                  -> 0.0.9
handle-success	Checkout Repository	2026-02-22T21:15:54.3066372Z  * [new tag]             0.0.90                 -> 0.0.90
handle-success	Checkout Repository	2026-02-22T21:15:54.3066867Z  * [new tag]             0.0.91                 -> 0.0.91
handle-success	Checkout Repository	2026-02-22T21:15:54.3067372Z  * [new tag]             0.0.92                 -> 0.0.92
handle-success	Checkout Repository	2026-02-22T21:15:54.3068366Z  * [new tag]             0.0.93                 -> 0.0.93
handle-success	Checkout Repository	2026-02-22T21:15:54.3068970Z  * [new tag]             0.0.94                 -> 0.0.94
handle-success	Checkout Repository	2026-02-22T21:15:54.3069819Z  * [new tag]             0.0.95                 -> 0.0.95
handle-success	Checkout Repository	2026-02-22T21:15:54.3070317Z  * [new tag]             0.0.96                 -> 0.0.96
handle-success	Checkout Repository	2026-02-22T21:15:54.3079967Z  * [new tag]             0.0.97                 -> 0.0.97
handle-success	Checkout Repository	2026-02-22T21:15:54.3080561Z  * [new tag]             0.0.98                 -> 0.0.98
handle-success	Checkout Repository	2026-02-22T21:15:54.3081078Z  * [new tag]             0.0.99                 -> 0.0.99
handle-success	Checkout Repository	2026-02-22T21:15:54.3081577Z  * [new tag]             0.1.0                  -> 0.1.0
handle-success	Checkout Repository	2026-02-22T21:15:54.3082075Z  * [new tag]             0.1.1                  -> 0.1.1
handle-success	Checkout Repository	2026-02-22T21:15:54.3082567Z  * [new tag]             0.2.0                  -> 0.2.0
handle-success	Checkout Repository	2026-02-22T21:15:54.3083236Z  * [new tag]             0.3.0                  -> 0.3.0
handle-success	Checkout Repository	2026-02-22T21:15:54.3083735Z  * [new tag]             0.3.1                  -> 0.3.1
handle-success	Checkout Repository	2026-02-22T21:15:54.3084238Z  * [new tag]             0.3.10                 -> 0.3.10
handle-success	Checkout Repository	2026-02-22T21:15:54.3084744Z  * [new tag]             0.3.11                 -> 0.3.11
handle-success	Checkout Repository	2026-02-22T21:15:54.3085254Z  * [new tag]             0.3.12                 -> 0.3.12
handle-success	Checkout Repository	2026-02-22T21:15:54.3085785Z  * [new tag]             0.3.13                 -> 0.3.13
handle-success	Checkout Repository	2026-02-22T21:15:54.3086293Z  * [new tag]             0.3.14                 -> 0.3.14
handle-success	Checkout Repository	2026-02-22T21:15:54.3086795Z  * [new tag]             0.3.15                 -> 0.3.15
handle-success	Checkout Repository	2026-02-22T21:15:54.3087300Z  * [new tag]             0.3.16                 -> 0.3.16
handle-success	Checkout Repository	2026-02-22T21:15:54.3088014Z  * [new tag]             0.3.17                 -> 0.3.17
handle-success	Checkout Repository	2026-02-22T21:15:54.3089583Z  * [new tag]             0.3.2                  -> 0.3.2
handle-success	Checkout Repository	2026-02-22T21:15:54.3091133Z  * [new tag]             0.3.3                  -> 0.3.3
handle-success	Checkout Repository	2026-02-22T21:15:54.3091718Z  * [new tag]             0.3.4                  -> 0.3.4
handle-success	Checkout Repository	2026-02-22T21:15:54.3092731Z  * [new tag]             0.3.5                  -> 0.3.5
handle-success	Checkout Repository	2026-02-22T21:15:54.3093361Z  * [new tag]             0.3.6                  -> 0.3.6
handle-success	Checkout Repository	2026-02-22T21:15:54.3094037Z  * [new tag]             0.3.7                  -> 0.3.7
handle-success	Checkout Repository	2026-02-22T21:15:54.3094864Z  * [new tag]             0.3.8                  -> 0.3.8
handle-success	Checkout Repository	2026-02-22T21:15:54.3095706Z  * [new tag]             0.3.9                  -> 0.3.9
handle-success	Checkout Repository	2026-02-22T21:15:54.3096525Z  * [new tag]             0.4.0                  -> 0.4.0
handle-success	Checkout Repository	2026-02-22T21:15:54.3097327Z  * [new tag]             0.4.1                  -> 0.4.1
handle-success	Checkout Repository	2026-02-22T21:15:54.3098550Z  * [new tag]             0.4.2                  -> 0.4.2
handle-success	Checkout Repository	2026-02-22T21:15:54.3099812Z  * [new tag]             0.4.3                  -> 0.4.3
handle-success	Checkout Repository	2026-02-22T21:15:54.3101047Z  * [new tag]             0.4.4                  -> 0.4.4
handle-success	Checkout Repository	2026-02-22T21:15:54.3101886Z  * [new tag]             0.4.5                  -> 0.4.5
handle-success	Checkout Repository	2026-02-22T21:15:54.3103878Z  * [new tag]             0.4.6                  -> 0.4.6
handle-success	Checkout Repository	2026-02-22T21:15:54.3105470Z  * [new tag]             0.4.7                  -> 0.4.7
handle-success	Checkout Repository	2026-02-22T21:15:54.3107034Z  * [new tag]             0.4.8                  -> 0.4.8
handle-success	Checkout Repository	2026-02-22T21:15:54.3108794Z  * [new tag]             0.4.9                  -> 0.4.9
handle-success	Checkout Repository	2026-02-22T21:15:54.3110446Z  * [new tag]             0.5.0                  -> 0.5.0
handle-success	Checkout Repository	2026-02-22T21:15:54.3111925Z  * [new tag]             0.5.1                  -> 0.5.1
handle-success	Checkout Repository	2026-02-22T21:15:54.3113430Z  * [new tag]             0.5.2                  -> 0.5.2
handle-success	Checkout Repository	2026-02-22T21:15:54.3115140Z  * [new tag]             0.6.0                  -> 0.6.0
handle-success	Checkout Repository	2026-02-22T21:15:54.3116589Z  * [new tag]             0.6.1                  -> 0.6.1
handle-success	Checkout Repository	2026-02-22T21:15:54.3118338Z  * [new tag]             0.6.2                  -> 0.6.2
handle-success	Checkout Repository	2026-02-22T21:15:54.3347345Z [command]/usr/bin/git branch --list --remote origin/main
handle-success	Checkout Repository	2026-02-22T21:15:54.3447926Z   origin/main
handle-success	Checkout Repository	2026-02-22T21:15:54.3464547Z [command]/usr/bin/git rev-parse refs/remotes/origin/main
handle-success	Checkout Repository	2026-02-22T21:15:54.3512058Z 5d64ffe30b46d0a5a4380ae64a2bd9df7c15ebe8
handle-success	Checkout Repository	2026-02-22T21:15:54.3532856Z [command]/usr/bin/git -c protocol.version=2 fetch --no-tags --prune --no-recurse-submodules origin +97b0de32963e2badf27d92b802fb66a0e8c67085:refs/remotes/origin/main
handle-success	Checkout Repository	2026-02-22T21:15:54.3788884Z From https://github.com/Ka0s-Klaus/ka0s
handle-success	Checkout Repository	2026-02-22T21:15:54.3791252Z  + 5d64ffe30...97b0de329 97b0de32963e2badf27d92b802fb66a0e8c67085 -> origin/main  (forced update)
handle-success	Checkout Repository	2026-02-22T21:15:54.3847491Z ##[endgroup]
handle-success	Checkout Repository	2026-02-22T21:15:54.3849677Z ##[group]Determining the checkout info
handle-success	Checkout Repository	2026-02-22T21:15:54.3851472Z ##[endgroup]
handle-success	Checkout Repository	2026-02-22T21:15:54.3858852Z [command]/usr/bin/git sparse-checkout disable
handle-success	Checkout Repository	2026-02-22T21:15:54.3934879Z [command]/usr/bin/git config --local --unset-all extensions.worktreeConfig
handle-success	Checkout Repository	2026-02-22T21:15:54.3993941Z ##[group]Checking out the ref
handle-success	Checkout Repository	2026-02-22T21:15:54.4004057Z [command]/usr/bin/git checkout --progress --force -B main refs/remotes/origin/main
handle-success	Checkout Repository	2026-02-22T21:15:54.7583762Z Switched to a new branch 'main'
handle-success	Checkout Repository	2026-02-22T21:15:54.7592218Z branch 'main' set up to track 'origin/main'.
handle-success	Checkout Repository	2026-02-22T21:15:54.7660404Z ##[endgroup]
handle-success	Checkout Repository	2026-02-22T21:15:54.7717229Z [command]/usr/bin/git log -1 --format=%H
handle-success	Checkout Repository	2026-02-22T21:15:54.7763759Z 97b0de32963e2badf27d92b802fb66a0e8c67085
handle-success	Install GH CLI	ï»¿2026-02-22T21:15:54.8147489Z Prepare all required actions
handle-success	Install GH CLI	2026-02-22T21:15:54.8281435Z ##[group]Run ./.github/actions/install-gh-cli
handle-success	Install GH CLI	2026-02-22T21:15:54.8282447Z env:
handle-success	Install GH CLI	2026-02-22T21:15:54.8283637Z   GH_TOKEN: ***
handle-success	Install GH CLI	2026-02-22T21:15:54.8284314Z ##[endgroup]
handle-success	Install GH CLI	2026-02-22T21:15:54.8430816Z ##[group]Run type -p curl >/dev/null || (sudo apt-get update && sudo apt-get install curl -y)
handle-success	Install GH CLI	2026-02-22T21:15:54.8433067Z [36;1mtype -p curl >/dev/null || (sudo apt-get update && sudo apt-get install curl -y)[0m
handle-success	Install GH CLI	2026-02-22T21:15:54.8436050Z [36;1mcurl -fsSL https://cli.github.com/packages/githubcli-archive-keyring.gpg | sudo dd of=/usr/share/keyrings/githubcli-archive-keyring.gpg \[0m
handle-success	Install GH CLI	2026-02-22T21:15:54.8439091Z [36;1m&& sudo chmod go+r /usr/share/keyrings/githubcli-archive-keyring.gpg \[0m
handle-success	Install GH CLI	2026-02-22T21:15:54.8442954Z [36;1m&& echo "deb [arch=$(dpkg --print-architecture) signed-by=/usr/share/keyrings/githubcli-archive-keyring.gpg] https://cli.github.com/packages stable main" | sudo tee /etc/apt/sources.list.d/github-cli.list > /dev/null \[0m
handle-success	Install GH CLI	2026-02-22T21:15:54.8446521Z [36;1m&& sudo apt-get update \[0m
handle-success	Install GH CLI	2026-02-22T21:15:54.8447611Z [36;1m&& sudo apt-get install gh -y[0m
handle-success	Install GH CLI	2026-02-22T21:15:54.8470734Z shell: /usr/bin/bash --noprofile --norc -e -o pipefail {0}
handle-success	Install GH CLI	2026-02-22T21:15:54.8472044Z env:
handle-success	Install GH CLI	2026-02-22T21:15:54.8473070Z   GH_TOKEN: ***
handle-success	Install GH CLI	2026-02-22T21:15:54.8473683Z ##[endgroup]
handle-success	Install GH CLI	2026-02-22T21:15:55.0599544Z 4+1 records in
handle-success	Install GH CLI	2026-02-22T21:15:55.0600805Z 4+1 records out
handle-success	Install GH CLI	2026-02-22T21:15:55.0610702Z 2270 bytes (2.3 kB, 2.2 KiB) copied, 0.173741 s, 13.1 kB/s
handle-success	Install GH CLI	2026-02-22T21:15:55.4249607Z Get:1 https://cli.github.com/packages stable InRelease [3917 B]
handle-success	Install GH CLI	2026-02-22T21:15:55.4601905Z Get:2 http://archive.ubuntu.com/ubuntu noble InRelease [256 kB]
handle-success	Install GH CLI	2026-02-22T21:15:55.4603951Z Get:3 http://security.ubuntu.com/ubuntu noble-security InRelease [126 kB]
handle-success	Install GH CLI	2026-02-22T21:15:55.5929130Z Get:4 https://ppa.launchpadcontent.net/git-core/ppa/ubuntu noble InRelease [24.3 kB]
handle-success	Install GH CLI	2026-02-22T21:15:55.5969066Z Get:5 http://archive.ubuntu.com/ubuntu noble-updates InRelease [126 kB]
handle-success	Install GH CLI	2026-02-22T21:15:55.6407416Z Get:6 http://archive.ubuntu.com/ubuntu noble-backports InRelease [126 kB]
handle-success	Install GH CLI	2026-02-22T21:15:55.8084222Z Get:7 https://cli.github.com/packages stable/main amd64 Packages [356 B]
handle-success	Install GH CLI	2026-02-22T21:15:55.8951520Z Get:8 http://security.ubuntu.com/ubuntu noble-security/universe amd64 Packages [1207 kB]
handle-success	Install GH CLI	2026-02-22T21:15:56.0308554Z Get:9 http://archive.ubuntu.com/ubuntu noble/restricted amd64 Packages [117 kB]
handle-success	Install GH CLI	2026-02-22T21:15:56.0323475Z Get:10 http://security.ubuntu.com/ubuntu noble-security/multiverse amd64 Packages [34.8 kB]
handle-success	Install GH CLI	2026-02-22T21:15:56.0334622Z Get:11 http://security.ubuntu.com/ubuntu noble-security/restricted amd64 Packages [3196 kB]
handle-success	Install GH CLI	2026-02-22T21:15:56.0664603Z Get:12 http://archive.ubuntu.com/ubuntu noble/universe amd64 Packages [19.3 MB]
handle-success	Install GH CLI	2026-02-22T21:15:56.0889722Z Get:13 http://security.ubuntu.com/ubuntu noble-security/main amd64 Packages [1857 kB]
handle-success	Install GH CLI	2026-02-22T21:15:56.1863680Z Get:14 https://ppa.launchpadcontent.net/git-core/ppa/ubuntu noble/main amd64 Packages [2992 B]
handle-success	Install GH CLI	2026-02-22T21:15:56.5189962Z Get:15 http://archive.ubuntu.com/ubuntu noble/multiverse amd64 Packages [331 kB]
handle-success	Install GH CLI	2026-02-22T21:15:56.5265158Z Get:16 http://archive.ubuntu.com/ubuntu noble/main amd64 Packages [1808 kB]
handle-success	Install GH CLI	2026-02-22T21:15:56.5568983Z Get:17 http://archive.ubuntu.com/ubuntu noble-updates/universe amd64 Packages [2016 kB]
handle-success	Install GH CLI	2026-02-22T21:15:56.5852606Z Get:18 http://archive.ubuntu.com/ubuntu noble-updates/main amd64 Packages [2240 kB]
handle-success	Install GH CLI	2026-02-22T21:15:56.6109002Z Get:19 http://archive.ubuntu.com/ubuntu noble-updates/restricted amd64 Packages [3381 kB]
handle-success	Install GH CLI	2026-02-22T21:15:56.6454910Z Get:20 http://archive.ubuntu.com/ubuntu noble-updates/multiverse amd64 Packages [38.1 kB]
handle-success	Install GH CLI	2026-02-22T21:15:56.6461068Z Get:21 http://archive.ubuntu.com/ubuntu noble-backports/universe amd64 Packages [34.6 kB]
handle-success	Install GH CLI	2026-02-22T21:15:56.6473929Z Get:22 http://archive.ubuntu.com/ubuntu noble-backports/main amd64 Packages [49.5 kB]
handle-success	Install GH CLI	2026-02-22T21:15:58.5736532Z Fetched 36.3 MB in 3s (11.1 MB/s)
handle-success	Install GH CLI	2026-02-22T21:16:00.2038474Z Reading package lists...
handle-success	Install GH CLI	2026-02-22T21:16:02.0153057Z Reading package lists...
handle-success	Install GH CLI	2026-02-22T21:16:02.3149897Z Building dependency tree...
handle-success	Install GH CLI	2026-02-22T21:16:02.3151307Z Reading state information...
handle-success	Install GH CLI	2026-02-22T21:16:02.8405907Z The following NEW packages will be installed:
handle-success	Install GH CLI	2026-02-22T21:16:02.8434477Z   gh
handle-success	Install GH CLI	2026-02-22T21:16:02.9962066Z 0 upgraded, 1 newly installed, 0 to remove and 26 not upgraded.
handle-success	Install GH CLI	2026-02-22T21:16:02.9969271Z Need to get 13.8 MB of archives.
handle-success	Install GH CLI	2026-02-22T21:16:02.9977049Z After this operation, 38.4 MB of additional disk space will be used.
handle-success	Install GH CLI	2026-02-22T21:16:02.9987016Z Get:1 https://cli.github.com/packages stable/main amd64 gh amd64 2.87.2 [13.8 MB]
handle-success	Install GH CLI	2026-02-22T21:16:03.4670751Z debconf: delaying package configuration, since apt-utils is not installed
handle-success	Install GH CLI	2026-02-22T21:16:03.5152512Z Fetched 13.8 MB in 0s (34.9 MB/s)
handle-success	Install GH CLI	2026-02-22T21:16:03.5483145Z Selecting previously unselected package gh.
handle-success	Install GH CLI	2026-02-22T21:16:03.5576159Z (Reading database ... 
handle-success	Install GH CLI	2026-02-22T21:16:03.5578703Z (Reading database ... 5%
handle-success	Install GH CLI	2026-02-22T21:16:03.5582671Z (Reading database ... 10%
handle-success	Install GH CLI	2026-02-22T21:16:03.5604307Z (Reading database ... 15%
handle-success	Install GH CLI	2026-02-22T21:16:03.5605271Z (Reading database ... 20%
handle-success	Install GH CLI	2026-02-22T21:16:03.5606089Z (Reading database ... 25%
handle-success	Install GH CLI	2026-02-22T21:16:03.5606773Z (Reading database ... 30%
handle-success	Install GH CLI	2026-02-22T21:16:03.5607624Z (Reading database ... 35%
handle-success	Install GH CLI	2026-02-22T21:16:03.5640221Z (Reading database ... 40%
handle-success	Install GH CLI	2026-02-22T21:16:03.5641469Z (Reading database ... 45%
handle-success	Install GH CLI	2026-02-22T21:16:03.5642499Z (Reading database ... 50%
handle-success	Install GH CLI	2026-02-22T21:16:03.5643369Z (Reading database ... 55%
handle-success	Install GH CLI	2026-02-22T21:16:03.5644121Z (Reading database ... 60%
handle-success	Install GH CLI	2026-02-22T21:16:03.5644956Z (Reading database ... 65%
handle-success	Install GH CLI	2026-02-22T21:16:03.5666086Z (Reading database ... 70%
handle-success	Install GH CLI	2026-02-22T21:16:03.5677455Z (Reading database ... 75%
handle-success	Install GH CLI	2026-02-22T21:16:03.5719887Z (Reading database ... 80%
handle-success	Install GH CLI	2026-02-22T21:16:03.5737269Z (Reading database ... 85%
handle-success	Install GH CLI	2026-02-22T21:16:03.5759088Z (Reading database ... 90%
handle-success	Install GH CLI	2026-02-22T21:16:03.5797268Z (Reading database ... 95%
handle-success	Install GH CLI	2026-02-22T21:16:03.5805224Z (Reading database ... 100%
handle-success	Install GH CLI	2026-02-22T21:16:03.5812902Z (Reading database ... 14385 files and directories currently installed.)
handle-success	Install GH CLI	2026-02-22T21:16:03.5830525Z Preparing to unpack .../archives/gh_2.87.2_amd64.deb ...
handle-success	Install GH CLI	2026-02-22T21:16:03.5892239Z Unpacking gh (2.87.2) ...
handle-success	Install GH CLI	2026-02-22T21:16:04.0835359Z Setting up gh (2.87.2) ...
handle-success	Trigger Cluster Audit	ï»¿2026-02-22T21:16:04.1480105Z ##[group]Run echo "ðŸ“¸ Triggering post-watchdog cluster audit..."
handle-success	Trigger Cluster Audit	2026-02-22T21:16:04.1481872Z [36;1mecho "ðŸ“¸ Triggering post-watchdog cluster audit..."[0m
handle-success	Trigger Cluster Audit	2026-02-22T21:16:04.1483321Z [36;1mgh workflow run audit-cluster-status.yml --ref main[0m
handle-success	Trigger Cluster Audit	2026-02-22T21:16:04.1511807Z shell: /usr/bin/bash -e {0}
handle-success	Trigger Cluster Audit	2026-02-22T21:16:04.1512752Z env:
handle-success	Trigger Cluster Audit	2026-02-22T21:16:04.1514157Z   GH_TOKEN: ***
handle-success	Trigger Cluster Audit	2026-02-22T21:16:04.1514784Z ##[endgroup]
handle-success	Trigger Cluster Audit	2026-02-22T21:16:04.1625819Z ðŸ“¸ Triggering post-watchdog cluster audit...
handle-success	Trigger Cluster Audit	2026-02-22T21:16:05.7357286Z https://github.com/Ka0s-Klaus/ka0s/actions/runs/22285505591
handle-success	Post Checkout Repository	ï»¿2026-02-22T21:16:05.8292392Z Post job cleanup.
handle-success	Post Checkout Repository	2026-02-22T21:16:06.0073351Z [command]/usr/bin/git version
handle-success	Post Checkout Repository	2026-02-22T21:16:06.0131928Z git version 2.52.0
handle-success	Post Checkout Repository	2026-02-22T21:16:06.0212814Z Temporarily overriding HOME='/home/runner/_work/_temp/b6cb6cd9-d51c-4dd8-ab68-8125a5f49546' before making global git config changes
handle-success	Post Checkout Repository	2026-02-22T21:16:06.0215546Z Adding repository directory to the temporary git global config as a safe directory
handle-success	Post Checkout Repository	2026-02-22T21:16:06.0226299Z [command]/usr/bin/git config --global --add safe.directory /home/runner/_work/ka0s/ka0s
handle-success	Post Checkout Repository	2026-02-22T21:16:06.0296238Z [command]/usr/bin/git config --local --name-only --get-regexp core\.sshCommand
handle-success	Post Checkout Repository	2026-02-22T21:16:06.0369879Z [command]/usr/bin/git submodule foreach --recursive sh -c "git config --local --name-only --get-regexp 'core\.sshCommand' && git config --local --unset-all 'core.sshCommand' || :"
handle-success	Post Checkout Repository	2026-02-22T21:16:06.0899759Z [command]/usr/bin/git config --local --name-only --get-regexp http\.https\:\/\/github\.com\/\.extraheader
handle-success	Post Checkout Repository	2026-02-22T21:16:06.0946897Z http.https://github.com/.extraheader
handle-success	Post Checkout Repository	2026-02-22T21:16:06.0973500Z [command]/usr/bin/git config --local --unset-all http.https://github.com/.extraheader
handle-success	Post Checkout Repository	2026-02-22T21:16:06.1043239Z [command]/usr/bin/git submodule foreach --recursive sh -c "git config --local --name-only --get-regexp 'http\.https\:\/\/github\.com\/\.extraheader' && git config --local --unset-all 'http.https://github.com/.extraheader' || :"
handle-success	Post Checkout Repository	2026-02-22T21:16:06.1558771Z [command]/usr/bin/git config --local --name-only --get-regexp ^includeIf\.gitdir:
handle-success	Post Checkout Repository	2026-02-22T21:16:06.1620772Z [command]/usr/bin/git submodule foreach --recursive git config --local --show-origin --name-only --get-regexp remote.origin.url
handle-success	Complete job	ï»¿2026-02-22T21:16:06.2430747Z Cleaning up orphan processes
end-workflow	Set up job	ï»¿2026-02-22T21:16:18.6198549Z Current runner version: '2.331.0'
end-workflow	Set up job	2026-02-22T21:16:18.6210653Z Runner name: 'swarm-runners-scaleset-hkss5-runner-c7rlx'
end-workflow	Set up job	2026-02-22T21:16:18.6211670Z Runner group name: 'Default'
end-workflow	Set up job	2026-02-22T21:16:18.6212852Z Machine name: 'swarm-runners-scaleset-hkss5-runner-c7rlx'
end-workflow	Set up job	2026-02-22T21:16:18.6218742Z ##[group]GITHUB_TOKEN Permissions
end-workflow	Set up job	2026-02-22T21:16:18.6221392Z Actions: write
end-workflow	Set up job	2026-02-22T21:16:18.6222021Z Contents: read
end-workflow	Set up job	2026-02-22T21:16:18.6222714Z Metadata: read
end-workflow	Set up job	2026-02-22T21:16:18.6223453Z ##[endgroup]
end-workflow	Set up job	2026-02-22T21:16:18.6225800Z Secret source: Actions
end-workflow	Set up job	2026-02-22T21:16:18.6226664Z Prepare workflow directory
end-workflow	Set up job	2026-02-22T21:16:18.6622620Z Prepare all required actions
end-workflow	Set up job	2026-02-22T21:16:18.6675857Z Getting action download info
end-workflow	Set up job	2026-02-22T21:16:19.2902875Z Download action repository 'actions/checkout@v4' (SHA:34e114876b0b11c390a56381ad16ebd13914f8d5)
end-workflow	Set up job	2026-02-22T21:16:20.2374142Z Complete job name: end-workflow
end-workflow	Checkout Repository	ï»¿2026-02-22T21:16:20.3660369Z ##[group]Run actions/checkout@v4
end-workflow	Checkout Repository	2026-02-22T21:16:20.3661442Z with:
end-workflow	Checkout Repository	2026-02-22T21:16:20.3661982Z   fetch-depth: 0
end-workflow	Checkout Repository	2026-02-22T21:16:20.3662475Z   repository: Ka0s-Klaus/ka0s
end-workflow	Checkout Repository	2026-02-22T21:16:20.3663334Z   token: ***
end-workflow	Checkout Repository	2026-02-22T21:16:20.3663794Z   ssh-strict: true
end-workflow	Checkout Repository	2026-02-22T21:16:20.3664255Z   ssh-user: git
end-workflow	Checkout Repository	2026-02-22T21:16:20.3664733Z   persist-credentials: true
end-workflow	Checkout Repository	2026-02-22T21:16:20.3665262Z   clean: true
end-workflow	Checkout Repository	2026-02-22T21:16:20.3665741Z   sparse-checkout-cone-mode: true
end-workflow	Checkout Repository	2026-02-22T21:16:20.3666328Z   fetch-tags: false
end-workflow	Checkout Repository	2026-02-22T21:16:20.3666815Z   show-progress: true
end-workflow	Checkout Repository	2026-02-22T21:16:20.3667305Z   lfs: false
end-workflow	Checkout Repository	2026-02-22T21:16:20.3667916Z   submodules: false
end-workflow	Checkout Repository	2026-02-22T21:16:20.3668706Z   set-safe-directory: true
end-workflow	Checkout Repository	2026-02-22T21:16:20.3669532Z ##[endgroup]
end-workflow	Checkout Repository	2026-02-22T21:16:20.5487026Z Syncing repository: Ka0s-Klaus/ka0s
end-workflow	Checkout Repository	2026-02-22T21:16:20.5500281Z ##[group]Getting Git version info
end-workflow	Checkout Repository	2026-02-22T21:16:20.5501169Z Working directory is '/home/runner/_work/ka0s/ka0s'
end-workflow	Checkout Repository	2026-02-22T21:16:20.5502289Z [command]/usr/bin/git version
end-workflow	Checkout Repository	2026-02-22T21:16:20.5503006Z git version 2.52.0
end-workflow	Checkout Repository	2026-02-22T21:16:20.5536322Z ##[endgroup]
end-workflow	Checkout Repository	2026-02-22T21:16:20.5573761Z Temporarily overriding HOME='/home/runner/_work/_temp/b95b5f9a-ea2e-41a9-8816-86c83548de58' before making global git config changes
end-workflow	Checkout Repository	2026-02-22T21:16:20.5575788Z Adding repository directory to the temporary git global config as a safe directory
end-workflow	Checkout Repository	2026-02-22T21:16:20.5577098Z [command]/usr/bin/git config --global --add safe.directory /home/runner/_work/ka0s/ka0s
end-workflow	Checkout Repository	2026-02-22T21:16:20.5920855Z Deleting the contents of '/home/runner/_work/ka0s/ka0s'
end-workflow	Checkout Repository	2026-02-22T21:16:20.5926449Z ##[group]Initializing the repository
end-workflow	Checkout Repository	2026-02-22T21:16:20.5943344Z [command]/usr/bin/git init /home/runner/_work/ka0s/ka0s
end-workflow	Checkout Repository	2026-02-22T21:16:20.6196883Z hint: Using 'master' as the name for the initial branch. This default branch name
end-workflow	Checkout Repository	2026-02-22T21:16:20.6202880Z hint: will change to "main" in Git 3.0. To configure the initial branch name
end-workflow	Checkout Repository	2026-02-22T21:16:20.6204068Z hint: to use in all of your new repositories, which will suppress this warning,
end-workflow	Checkout Repository	2026-02-22T21:16:20.6205021Z hint: call:
end-workflow	Checkout Repository	2026-02-22T21:16:20.6205499Z hint:
end-workflow	Checkout Repository	2026-02-22T21:16:20.6206092Z hint: 	git config --global init.defaultBranch <name>
end-workflow	Checkout Repository	2026-02-22T21:16:20.6206807Z hint:
end-workflow	Checkout Repository	2026-02-22T21:16:20.6207485Z hint: Names commonly chosen instead of 'master' are 'main', 'trunk' and
end-workflow	Checkout Repository	2026-02-22T21:16:20.6229554Z hint: 'development'. The just-created branch can be renamed via this command:
end-workflow	Checkout Repository	2026-02-22T21:16:20.6230571Z hint:
end-workflow	Checkout Repository	2026-02-22T21:16:20.6231039Z hint: 	git branch -m <name>
end-workflow	Checkout Repository	2026-02-22T21:16:20.6231566Z hint:
end-workflow	Checkout Repository	2026-02-22T21:16:20.6232278Z hint: Disable this message with "git config set advice.defaultBranchName false"
end-workflow	Checkout Repository	2026-02-22T21:16:20.6233691Z Initialized empty Git repository in /home/runner/_work/ka0s/ka0s/.git/
end-workflow	Checkout Repository	2026-02-22T21:16:20.6235955Z [command]/usr/bin/git remote add origin https://github.com/Ka0s-Klaus/ka0s
end-workflow	Checkout Repository	2026-02-22T21:16:20.6545070Z ##[endgroup]
end-workflow	Checkout Repository	2026-02-22T21:16:20.6546082Z ##[group]Disabling automatic garbage collection
end-workflow	Checkout Repository	2026-02-22T21:16:20.6549846Z [command]/usr/bin/git config --local gc.auto 0
end-workflow	Checkout Repository	2026-02-22T21:16:20.6600706Z ##[endgroup]
end-workflow	Checkout Repository	2026-02-22T21:16:20.6602547Z ##[group]Setting up auth
end-workflow	Checkout Repository	2026-02-22T21:16:20.6619089Z [command]/usr/bin/git config --local --name-only --get-regexp core\.sshCommand
end-workflow	Checkout Repository	2026-02-22T21:16:20.6690890Z [command]/usr/bin/git submodule foreach --recursive sh -c "git config --local --name-only --get-regexp 'core\.sshCommand' && git config --local --unset-all 'core.sshCommand' || :"
end-workflow	Checkout Repository	2026-02-22T21:16:20.7120142Z [command]/usr/bin/git config --local --name-only --get-regexp http\.https\:\/\/github\.com\/\.extraheader
end-workflow	Checkout Repository	2026-02-22T21:16:20.7191582Z [command]/usr/bin/git submodule foreach --recursive sh -c "git config --local --name-only --get-regexp 'http\.https\:\/\/github\.com\/\.extraheader' && git config --local --unset-all 'http.https://github.com/.extraheader' || :"
end-workflow	Checkout Repository	2026-02-22T21:16:20.7695934Z [command]/usr/bin/git config --local --name-only --get-regexp ^includeIf\.gitdir:
end-workflow	Checkout Repository	2026-02-22T21:16:20.7765373Z [command]/usr/bin/git submodule foreach --recursive git config --local --show-origin --name-only --get-regexp remote.origin.url
end-workflow	Checkout Repository	2026-02-22T21:16:20.8137634Z [command]/usr/bin/git config --local http.https://github.com/.extraheader AUTHORIZATION: basic ***
end-workflow	Checkout Repository	2026-02-22T21:16:20.8199657Z ##[endgroup]
end-workflow	Checkout Repository	2026-02-22T21:16:20.8200633Z ##[group]Fetching the repository
end-workflow	Checkout Repository	2026-02-22T21:16:20.8215132Z [command]/usr/bin/git -c protocol.version=2 fetch --prune --no-recurse-submodules origin +refs/heads/*:refs/remotes/origin/* +refs/tags/*:refs/tags/*
end-workflow	Checkout Repository	2026-02-22T21:16:43.5015178Z From https://github.com/Ka0s-Klaus/ka0s
end-workflow	Checkout Repository	2026-02-22T21:16:43.5016508Z  * [new branch]          F3450-modelo-operativo -> origin/F3450-modelo-operativo
end-workflow	Checkout Repository	2026-02-22T21:16:43.5017549Z  * [new branch]          H1276-modulo-observabilidad -> origin/H1276-modulo-observabilidad
end-workflow	Checkout Repository	2026-02-22T21:16:43.5021943Z  * [new branch]          H3596-deploy-itop      -> origin/H3596-deploy-itop
end-workflow	Checkout Repository	2026-02-22T21:16:43.5022516Z  * [new branch]          main                   -> origin/main
end-workflow	Checkout Repository	2026-02-22T21:16:43.5022967Z  * [new tag]             0.0.0                  -> 0.0.0
end-workflow	Checkout Repository	2026-02-22T21:16:43.5023451Z  * [new tag]             0.0.1                  -> 0.0.1
end-workflow	Checkout Repository	2026-02-22T21:16:43.5023883Z  * [new tag]             0.0.10                 -> 0.0.10
end-workflow	Checkout Repository	2026-02-22T21:16:43.5025998Z  * [new tag]             0.0.100                -> 0.0.100
end-workflow	Checkout Repository	2026-02-22T21:16:43.5026454Z  * [new tag]             0.0.101                -> 0.0.101
end-workflow	Checkout Repository	2026-02-22T21:16:43.5026865Z  * [new tag]             0.0.102                -> 0.0.102
end-workflow	Checkout Repository	2026-02-22T21:16:43.5027314Z  * [new tag]             0.0.103                -> 0.0.103
end-workflow	Checkout Repository	2026-02-22T21:16:43.5027729Z  * [new tag]             0.0.104                -> 0.0.104
end-workflow	Checkout Repository	2026-02-22T21:16:43.5028368Z  * [new tag]             0.0.105                -> 0.0.105
end-workflow	Checkout Repository	2026-02-22T21:16:43.5028819Z  * [new tag]             0.0.106                -> 0.0.106
end-workflow	Checkout Repository	2026-02-22T21:16:43.5029497Z  * [new tag]             0.0.107                -> 0.0.107
end-workflow	Checkout Repository	2026-02-22T21:16:43.5029902Z  * [new tag]             0.0.108                -> 0.0.108
end-workflow	Checkout Repository	2026-02-22T21:16:43.5030359Z  * [new tag]             0.0.109                -> 0.0.109
end-workflow	Checkout Repository	2026-02-22T21:16:43.5030827Z  * [new tag]             0.0.11                 -> 0.0.11
end-workflow	Checkout Repository	2026-02-22T21:16:43.5031231Z  * [new tag]             0.0.110                -> 0.0.110
end-workflow	Checkout Repository	2026-02-22T21:16:43.5031646Z  * [new tag]             0.0.111                -> 0.0.111
end-workflow	Checkout Repository	2026-02-22T21:16:43.5032052Z  * [new tag]             0.0.112                -> 0.0.112
end-workflow	Checkout Repository	2026-02-22T21:16:43.5032482Z  * [new tag]             0.0.113                -> 0.0.113
end-workflow	Checkout Repository	2026-02-22T21:16:43.5032881Z  * [new tag]             0.0.114                -> 0.0.114
end-workflow	Checkout Repository	2026-02-22T21:16:43.5033284Z  * [new tag]             0.0.115                -> 0.0.115
end-workflow	Checkout Repository	2026-02-22T21:16:43.5033682Z  * [new tag]             0.0.116                -> 0.0.116
end-workflow	Checkout Repository	2026-02-22T21:16:43.5034088Z  * [new tag]             0.0.117                -> 0.0.117
end-workflow	Checkout Repository	2026-02-22T21:16:43.5034502Z  * [new tag]             0.0.118                -> 0.0.118
end-workflow	Checkout Repository	2026-02-22T21:16:43.5034910Z  * [new tag]             0.0.119                -> 0.0.119
end-workflow	Checkout Repository	2026-02-22T21:16:43.5035424Z  * [new tag]             0.0.12                 -> 0.0.12
end-workflow	Checkout Repository	2026-02-22T21:16:43.5036321Z  * [new tag]             0.0.120                -> 0.0.120
end-workflow	Checkout Repository	2026-02-22T21:16:43.5036729Z  * [new tag]             0.0.121                -> 0.0.121
end-workflow	Checkout Repository	2026-02-22T21:16:43.5037127Z  * [new tag]             0.0.122                -> 0.0.122
end-workflow	Checkout Repository	2026-02-22T21:16:43.5037559Z  * [new tag]             0.0.123                -> 0.0.123
end-workflow	Checkout Repository	2026-02-22T21:16:43.5038182Z  * [new tag]             0.0.124                -> 0.0.124
end-workflow	Checkout Repository	2026-02-22T21:16:43.5038589Z  * [new tag]             0.0.125                -> 0.0.125
end-workflow	Checkout Repository	2026-02-22T21:16:43.5039117Z  * [new tag]             0.0.126                -> 0.0.126
end-workflow	Checkout Repository	2026-02-22T21:16:43.5039525Z  * [new tag]             0.0.127                -> 0.0.127
end-workflow	Checkout Repository	2026-02-22T21:16:43.5039924Z  * [new tag]             0.0.128                -> 0.0.128
end-workflow	Checkout Repository	2026-02-22T21:16:43.5040327Z  * [new tag]             0.0.129                -> 0.0.129
end-workflow	Checkout Repository	2026-02-22T21:16:43.5040728Z  * [new tag]             0.0.13                 -> 0.0.13
end-workflow	Checkout Repository	2026-02-22T21:16:43.5041444Z  * [new tag]             0.0.130                -> 0.0.130
end-workflow	Checkout Repository	2026-02-22T21:16:43.5041853Z  * [new tag]             0.0.131                -> 0.0.131
end-workflow	Checkout Repository	2026-02-22T21:16:43.5042261Z  * [new tag]             0.0.132                -> 0.0.132
end-workflow	Checkout Repository	2026-02-22T21:16:43.5042664Z  * [new tag]             0.0.133                -> 0.0.133
end-workflow	Checkout Repository	2026-02-22T21:16:43.5043063Z  * [new tag]             0.0.134                -> 0.0.134
end-workflow	Checkout Repository	2026-02-22T21:16:43.5043468Z  * [new tag]             0.0.135                -> 0.0.135
end-workflow	Checkout Repository	2026-02-22T21:16:43.5043866Z  * [new tag]             0.0.136                -> 0.0.136
end-workflow	Checkout Repository	2026-02-22T21:16:43.5044282Z  * [new tag]             0.0.137                -> 0.0.137
end-workflow	Checkout Repository	2026-02-22T21:16:43.5044685Z  * [new tag]             0.0.138                -> 0.0.138
end-workflow	Checkout Repository	2026-02-22T21:16:43.5045090Z  * [new tag]             0.0.139                -> 0.0.139
end-workflow	Checkout Repository	2026-02-22T21:16:43.5045494Z  * [new tag]             0.0.14                 -> 0.0.14
end-workflow	Checkout Repository	2026-02-22T21:16:43.5045922Z  * [new tag]             0.0.140                -> 0.0.140
end-workflow	Checkout Repository	2026-02-22T21:16:43.5046336Z  * [new tag]             0.0.141                -> 0.0.141
end-workflow	Checkout Repository	2026-02-22T21:16:43.5046742Z  * [new tag]             0.0.142                -> 0.0.142
end-workflow	Checkout Repository	2026-02-22T21:16:43.5047148Z  * [new tag]             0.0.143                -> 0.0.143
end-workflow	Checkout Repository	2026-02-22T21:16:43.5047549Z  * [new tag]             0.0.144                -> 0.0.144
end-workflow	Checkout Repository	2026-02-22T21:16:43.5048080Z  * [new tag]             0.0.145                -> 0.0.145
end-workflow	Checkout Repository	2026-02-22T21:16:43.5048493Z  * [new tag]             0.0.146                -> 0.0.146
end-workflow	Checkout Repository	2026-02-22T21:16:43.5048898Z  * [new tag]             0.0.147                -> 0.0.147
end-workflow	Checkout Repository	2026-02-22T21:16:43.5049305Z  * [new tag]             0.0.148                -> 0.0.148
end-workflow	Checkout Repository	2026-02-22T21:16:43.5049705Z  * [new tag]             0.0.149                -> 0.0.149
end-workflow	Checkout Repository	2026-02-22T21:16:43.5050112Z  * [new tag]             0.0.15                 -> 0.0.15
end-workflow	Checkout Repository	2026-02-22T21:16:43.5050513Z  * [new tag]             0.0.150                -> 0.0.150
end-workflow	Checkout Repository	2026-02-22T21:16:43.5050935Z  * [new tag]             0.0.151                -> 0.0.151
end-workflow	Checkout Repository	2026-02-22T21:16:43.5051352Z  * [new tag]             0.0.152                -> 0.0.152
end-workflow	Checkout Repository	2026-02-22T21:16:43.5051754Z  * [new tag]             0.0.153                -> 0.0.153
end-workflow	Checkout Repository	2026-02-22T21:16:43.5052159Z  * [new tag]             0.0.154                -> 0.0.154
end-workflow	Checkout Repository	2026-02-22T21:16:43.5052559Z  * [new tag]             0.0.155                -> 0.0.155
end-workflow	Checkout Repository	2026-02-22T21:16:43.5052965Z  * [new tag]             0.0.156                -> 0.0.156
end-workflow	Checkout Repository	2026-02-22T21:16:43.5053366Z  * [new tag]             0.0.157                -> 0.0.157
end-workflow	Checkout Repository	2026-02-22T21:16:43.5053778Z  * [new tag]             0.0.158                -> 0.0.158
end-workflow	Checkout Repository	2026-02-22T21:16:43.5054194Z  * [new tag]             0.0.159                -> 0.0.159
end-workflow	Checkout Repository	2026-02-22T21:16:43.5054604Z  * [new tag]             0.0.16                 -> 0.0.16
end-workflow	Checkout Repository	2026-02-22T21:16:43.5055020Z  * [new tag]             0.0.160                -> 0.0.160
end-workflow	Checkout Repository	2026-02-22T21:16:43.5055430Z  * [new tag]             0.0.161                -> 0.0.161
end-workflow	Checkout Repository	2026-02-22T21:16:43.5056096Z  * [new tag]             0.0.162                -> 0.0.162
end-workflow	Checkout Repository	2026-02-22T21:16:43.5056514Z  * [new tag]             0.0.163                -> 0.0.163
end-workflow	Checkout Repository	2026-02-22T21:16:43.5056932Z  * [new tag]             0.0.164                -> 0.0.164
end-workflow	Checkout Repository	2026-02-22T21:16:43.5057347Z  * [new tag]             0.0.165                -> 0.0.165
end-workflow	Checkout Repository	2026-02-22T21:16:43.5057850Z  * [new tag]             0.0.166                -> 0.0.166
end-workflow	Checkout Repository	2026-02-22T21:16:43.5058279Z  * [new tag]             0.0.167                -> 0.0.167
end-workflow	Checkout Repository	2026-02-22T21:16:43.5058688Z  * [new tag]             0.0.168                -> 0.0.168
end-workflow	Checkout Repository	2026-02-22T21:16:43.5059108Z  * [new tag]             0.0.169                -> 0.0.169
end-workflow	Checkout Repository	2026-02-22T21:16:43.5059517Z  * [new tag]             0.0.17                 -> 0.0.17
end-workflow	Checkout Repository	2026-02-22T21:16:43.5059934Z  * [new tag]             0.0.170                -> 0.0.170
end-workflow	Checkout Repository	2026-02-22T21:16:43.5060347Z  * [new tag]             0.0.171                -> 0.0.171
end-workflow	Checkout Repository	2026-02-22T21:16:43.5060982Z  * [new tag]             0.0.172                -> 0.0.172
end-workflow	Checkout Repository	2026-02-22T21:16:43.5061408Z  * [new tag]             0.0.173                -> 0.0.173
end-workflow	Checkout Repository	2026-02-22T21:16:43.5061815Z  * [new tag]             0.0.174                -> 0.0.174
end-workflow	Checkout Repository	2026-02-22T21:16:43.5062231Z  * [new tag]             0.0.175                -> 0.0.175
end-workflow	Checkout Repository	2026-02-22T21:16:43.5062645Z  * [new tag]             0.0.176                -> 0.0.176
end-workflow	Checkout Repository	2026-02-22T21:16:43.5063061Z  * [new tag]             0.0.177                -> 0.0.177
end-workflow	Checkout Repository	2026-02-22T21:16:43.5063478Z  * [new tag]             0.0.178                -> 0.0.178
end-workflow	Checkout Repository	2026-02-22T21:16:43.5063888Z  * [new tag]             0.0.179                -> 0.0.179
end-workflow	Checkout Repository	2026-02-22T21:16:43.5064305Z  * [new tag]             0.0.18                 -> 0.0.18
end-workflow	Checkout Repository	2026-02-22T21:16:43.5064716Z  * [new tag]             0.0.19                 -> 0.0.19
end-workflow	Checkout Repository	2026-02-22T21:16:43.5065211Z  * [new tag]             0.0.2                  -> 0.0.2
end-workflow	Checkout Repository	2026-02-22T21:16:43.5065632Z  * [new tag]             0.0.20                 -> 0.0.20
end-workflow	Checkout Repository	2026-02-22T21:16:43.5066049Z  * [new tag]             0.0.21                 -> 0.0.21
end-workflow	Checkout Repository	2026-02-22T21:16:43.5066471Z  * [new tag]             0.0.22                 -> 0.0.22
end-workflow	Checkout Repository	2026-02-22T21:16:43.5066887Z  * [new tag]             0.0.23                 -> 0.0.23
end-workflow	Checkout Repository	2026-02-22T21:16:43.5067300Z  * [new tag]             0.0.24                 -> 0.0.24
end-workflow	Checkout Repository	2026-02-22T21:16:43.5089158Z  * [new tag]             0.0.25                 -> 0.0.25
end-workflow	Checkout Repository	2026-02-22T21:16:43.5089682Z  * [new tag]             0.0.26                 -> 0.0.26
end-workflow	Checkout Repository	2026-02-22T21:16:43.5090118Z  * [new tag]             0.0.27                 -> 0.0.27
end-workflow	Checkout Repository	2026-02-22T21:16:43.5090541Z  * [new tag]             0.0.28                 -> 0.0.28
end-workflow	Checkout Repository	2026-02-22T21:16:43.5090962Z  * [new tag]             0.0.29                 -> 0.0.29
end-workflow	Checkout Repository	2026-02-22T21:16:43.5091376Z  * [new tag]             0.0.3                  -> 0.0.3
end-workflow	Checkout Repository	2026-02-22T21:16:43.5091798Z  * [new tag]             0.0.30                 -> 0.0.30
end-workflow	Checkout Repository	2026-02-22T21:16:43.5092219Z  * [new tag]             0.0.31                 -> 0.0.31
end-workflow	Checkout Repository	2026-02-22T21:16:43.5092678Z  * [new tag]             0.0.32                 -> 0.0.32
end-workflow	Checkout Repository	2026-02-22T21:16:43.5093100Z  * [new tag]             0.0.33                 -> 0.0.33
end-workflow	Checkout Repository	2026-02-22T21:16:43.5093629Z  * [new tag]             0.0.34                 -> 0.0.34
end-workflow	Checkout Repository	2026-02-22T21:16:43.5094039Z  * [new tag]             0.0.35                 -> 0.0.35
end-workflow	Checkout Repository	2026-02-22T21:16:43.5094447Z  * [new tag]             0.0.36                 -> 0.0.36
end-workflow	Checkout Repository	2026-02-22T21:16:43.5094848Z  * [new tag]             0.0.37                 -> 0.0.37
end-workflow	Checkout Repository	2026-02-22T21:16:43.5095248Z  * [new tag]             0.0.38                 -> 0.0.38
end-workflow	Checkout Repository	2026-02-22T21:16:43.5095653Z  * [new tag]             0.0.39                 -> 0.0.39
end-workflow	Checkout Repository	2026-02-22T21:16:43.5096062Z  * [new tag]             0.0.4                  -> 0.0.4
end-workflow	Checkout Repository	2026-02-22T21:16:43.5096462Z  * [new tag]             0.0.40                 -> 0.0.40
end-workflow	Checkout Repository	2026-02-22T21:16:43.5096873Z  * [new tag]             0.0.41                 -> 0.0.41
end-workflow	Checkout Repository	2026-02-22T21:16:43.5097281Z  * [new tag]             0.0.42                 -> 0.0.42
end-workflow	Checkout Repository	2026-02-22T21:16:43.5098340Z  * [new tag]             0.0.43                 -> 0.0.43
end-workflow	Checkout Repository	2026-02-22T21:16:43.5098897Z  * [new tag]             0.0.44                 -> 0.0.44
end-workflow	Checkout Repository	2026-02-22T21:16:43.5099295Z  * [new tag]             0.0.45                 -> 0.0.45
end-workflow	Checkout Repository	2026-02-22T21:16:43.5099700Z  * [new tag]             0.0.46                 -> 0.0.46
end-workflow	Checkout Repository	2026-02-22T21:16:43.5100093Z  * [new tag]             0.0.47                 -> 0.0.47
end-workflow	Checkout Repository	2026-02-22T21:16:43.5100493Z  * [new tag]             0.0.48                 -> 0.0.48
end-workflow	Checkout Repository	2026-02-22T21:16:43.5100889Z  * [new tag]             0.0.49                 -> 0.0.49
end-workflow	Checkout Repository	2026-02-22T21:16:43.5101289Z  * [new tag]             0.0.5                  -> 0.0.5
end-workflow	Checkout Repository	2026-02-22T21:16:43.5101689Z  * [new tag]             0.0.50                 -> 0.0.50
end-workflow	Checkout Repository	2026-02-22T21:16:43.5102114Z  * [new tag]             0.0.51                 -> 0.0.51
end-workflow	Checkout Repository	2026-02-22T21:16:43.5102524Z  * [new tag]             0.0.52                 -> 0.0.52
end-workflow	Checkout Repository	2026-02-22T21:16:43.5103256Z  * [new tag]             0.0.53                 -> 0.0.53
end-workflow	Checkout Repository	2026-02-22T21:16:43.5103667Z  * [new tag]             0.0.54                 -> 0.0.54
end-workflow	Checkout Repository	2026-02-22T21:16:43.5104183Z  * [new tag]             0.0.55                 -> 0.0.55
end-workflow	Checkout Repository	2026-02-22T21:16:43.5104573Z  * [new tag]             0.0.56                 -> 0.0.56
end-workflow	Checkout Repository	2026-02-22T21:16:43.5104966Z  * [new tag]             0.0.57                 -> 0.0.57
end-workflow	Checkout Repository	2026-02-22T21:16:43.5105354Z  * [new tag]             0.0.58                 -> 0.0.58
end-workflow	Checkout Repository	2026-02-22T21:16:43.5105742Z  * [new tag]             0.0.59                 -> 0.0.59
end-workflow	Checkout Repository	2026-02-22T21:16:43.5106131Z  * [new tag]             0.0.6                  -> 0.0.6
end-workflow	Checkout Repository	2026-02-22T21:16:43.5106522Z  * [new tag]             0.0.60                 -> 0.0.60
end-workflow	Checkout Repository	2026-02-22T21:16:43.5106911Z  * [new tag]             0.0.61                 -> 0.0.61
end-workflow	Checkout Repository	2026-02-22T21:16:43.5107303Z  * [new tag]             0.0.62                 -> 0.0.62
end-workflow	Checkout Repository	2026-02-22T21:16:43.5107696Z  * [new tag]             0.0.63                 -> 0.0.63
end-workflow	Checkout Repository	2026-02-22T21:16:43.5108410Z  * [new tag]             0.0.64                 -> 0.0.64
end-workflow	Checkout Repository	2026-02-22T21:16:43.5108959Z  * [new tag]             0.0.65                 -> 0.0.65
end-workflow	Checkout Repository	2026-02-22T21:16:43.5109342Z  * [new tag]             0.0.66                 -> 0.0.66
end-workflow	Checkout Repository	2026-02-22T21:16:43.5109729Z  * [new tag]             0.0.67                 -> 0.0.67
end-workflow	Checkout Repository	2026-02-22T21:16:43.5110108Z  * [new tag]             0.0.68                 -> 0.0.68
end-workflow	Checkout Repository	2026-02-22T21:16:43.5110492Z  * [new tag]             0.0.69                 -> 0.0.69
end-workflow	Checkout Repository	2026-02-22T21:16:43.5110873Z  * [new tag]             0.0.7                  -> 0.0.7
end-workflow	Checkout Repository	2026-02-22T21:16:43.5111252Z  * [new tag]             0.0.70                 -> 0.0.70
end-workflow	Checkout Repository	2026-02-22T21:16:43.5111631Z  * [new tag]             0.0.71                 -> 0.0.71
end-workflow	Checkout Repository	2026-02-22T21:16:43.5112013Z  * [new tag]             0.0.72                 -> 0.0.72
end-workflow	Checkout Repository	2026-02-22T21:16:43.5112393Z  * [new tag]             0.0.73                 -> 0.0.73
end-workflow	Checkout Repository	2026-02-22T21:16:43.5112769Z  * [new tag]             0.0.74                 -> 0.0.74
end-workflow	Checkout Repository	2026-02-22T21:16:43.5113161Z  * [new tag]             0.0.75                 -> 0.0.75
end-workflow	Checkout Repository	2026-02-22T21:16:43.5113555Z  * [new tag]             0.0.76                 -> 0.0.76
end-workflow	Checkout Repository	2026-02-22T21:16:43.5113933Z  * [new tag]             0.0.77                 -> 0.0.77
end-workflow	Checkout Repository	2026-02-22T21:16:43.5114318Z  * [new tag]             0.0.78                 -> 0.0.78
end-workflow	Checkout Repository	2026-02-22T21:16:43.5114707Z  * [new tag]             0.0.79                 -> 0.0.79
end-workflow	Checkout Repository	2026-02-22T21:16:43.5115090Z  * [new tag]             0.0.8                  -> 0.0.8
end-workflow	Checkout Repository	2026-02-22T21:16:43.5115470Z  * [new tag]             0.0.80                 -> 0.0.80
end-workflow	Checkout Repository	2026-02-22T21:16:43.5115850Z  * [new tag]             0.0.81                 -> 0.0.81
end-workflow	Checkout Repository	2026-02-22T21:16:43.5116234Z  * [new tag]             0.0.82                 -> 0.0.82
end-workflow	Checkout Repository	2026-02-22T21:16:43.5116612Z  * [new tag]             0.0.83                 -> 0.0.83
end-workflow	Checkout Repository	2026-02-22T21:16:43.5116996Z  * [new tag]             0.0.84                 -> 0.0.84
end-workflow	Checkout Repository	2026-02-22T21:16:43.5117372Z  * [new tag]             0.0.85                 -> 0.0.85
end-workflow	Checkout Repository	2026-02-22T21:16:43.5118324Z  * [new tag]             0.0.86                 -> 0.0.86
end-workflow	Checkout Repository	2026-02-22T21:16:43.5119119Z  * [new tag]             0.0.87                 -> 0.0.87
end-workflow	Checkout Repository	2026-02-22T21:16:43.5119627Z  * [new tag]             0.0.88                 -> 0.0.88
end-workflow	Checkout Repository	2026-02-22T21:16:43.5120009Z  * [new tag]             0.0.89                 -> 0.0.89
end-workflow	Checkout Repository	2026-02-22T21:16:43.5120390Z  * [new tag]             0.0.9                  -> 0.0.9
end-workflow	Checkout Repository	2026-02-22T21:16:43.5120771Z  * [new tag]             0.0.90                 -> 0.0.90
end-workflow	Checkout Repository	2026-02-22T21:16:43.5121147Z  * [new tag]             0.0.91                 -> 0.0.91
end-workflow	Checkout Repository	2026-02-22T21:16:43.5121530Z  * [new tag]             0.0.92                 -> 0.0.92
end-workflow	Checkout Repository	2026-02-22T21:16:43.5121909Z  * [new tag]             0.0.93                 -> 0.0.93
end-workflow	Checkout Repository	2026-02-22T21:16:43.5122291Z  * [new tag]             0.0.94                 -> 0.0.94
end-workflow	Checkout Repository	2026-02-22T21:16:43.5122670Z  * [new tag]             0.0.95                 -> 0.0.95
end-workflow	Checkout Repository	2026-02-22T21:16:43.5123263Z  * [new tag]             0.0.96                 -> 0.0.96
end-workflow	Checkout Repository	2026-02-22T21:16:43.5123655Z  * [new tag]             0.0.97                 -> 0.0.97
end-workflow	Checkout Repository	2026-02-22T21:16:43.5124031Z  * [new tag]             0.0.98                 -> 0.0.98
end-workflow	Checkout Repository	2026-02-22T21:16:43.5124413Z  * [new tag]             0.0.99                 -> 0.0.99
end-workflow	Checkout Repository	2026-02-22T21:16:43.5124788Z  * [new tag]             0.1.0                  -> 0.1.0
end-workflow	Checkout Repository	2026-02-22T21:16:43.5125459Z  * [new tag]             0.1.1                  -> 0.1.1
end-workflow	Checkout Repository	2026-02-22T21:16:43.5125859Z  * [new tag]             0.2.0                  -> 0.2.0
end-workflow	Checkout Repository	2026-02-22T21:16:43.5126242Z  * [new tag]             0.3.0                  -> 0.3.0
end-workflow	Checkout Repository	2026-02-22T21:16:43.5126628Z  * [new tag]             0.3.1                  -> 0.3.1
end-workflow	Checkout Repository	2026-02-22T21:16:43.5127230Z  * [new tag]             0.3.10                 -> 0.3.10
end-workflow	Checkout Repository	2026-02-22T21:16:43.5127616Z  * [new tag]             0.3.11                 -> 0.3.11
end-workflow	Checkout Repository	2026-02-22T21:16:43.5128275Z  * [new tag]             0.3.12                 -> 0.3.12
end-workflow	Checkout Repository	2026-02-22T21:16:43.5128814Z  * [new tag]             0.3.13                 -> 0.3.13
end-workflow	Checkout Repository	2026-02-22T21:16:43.5129213Z  * [new tag]             0.3.14                 -> 0.3.14
end-workflow	Checkout Repository	2026-02-22T21:16:43.5129853Z  * [new tag]             0.3.15                 -> 0.3.15
end-workflow	Checkout Repository	2026-02-22T21:16:43.5130528Z  * [new tag]             0.3.16                 -> 0.3.16
end-workflow	Checkout Repository	2026-02-22T21:16:43.5130932Z  * [new tag]             0.3.17                 -> 0.3.17
end-workflow	Checkout Repository	2026-02-22T21:16:43.5131445Z  * [new tag]             0.3.2                  -> 0.3.2
end-workflow	Checkout Repository	2026-02-22T21:16:43.5131827Z  * [new tag]             0.3.3                  -> 0.3.3
end-workflow	Checkout Repository	2026-02-22T21:16:43.5132201Z  * [new tag]             0.3.4                  -> 0.3.4
end-workflow	Checkout Repository	2026-02-22T21:16:43.5132580Z  * [new tag]             0.3.5                  -> 0.3.5
end-workflow	Checkout Repository	2026-02-22T21:16:43.5132954Z  * [new tag]             0.3.6                  -> 0.3.6
end-workflow	Checkout Repository	2026-02-22T21:16:43.5133331Z  * [new tag]             0.3.7                  -> 0.3.7
end-workflow	Checkout Repository	2026-02-22T21:16:43.5133705Z  * [new tag]             0.3.8                  -> 0.3.8
end-workflow	Checkout Repository	2026-02-22T21:16:43.5134096Z  * [new tag]             0.3.9                  -> 0.3.9
end-workflow	Checkout Repository	2026-02-22T21:16:43.5134477Z  * [new tag]             0.4.0                  -> 0.4.0
end-workflow	Checkout Repository	2026-02-22T21:16:43.5134861Z  * [new tag]             0.4.1                  -> 0.4.1
end-workflow	Checkout Repository	2026-02-22T21:16:43.5135238Z  * [new tag]             0.4.2                  -> 0.4.2
end-workflow	Checkout Repository	2026-02-22T21:16:43.5135614Z  * [new tag]             0.4.3                  -> 0.4.3
end-workflow	Checkout Repository	2026-02-22T21:16:43.5135997Z  * [new tag]             0.4.4                  -> 0.4.4
end-workflow	Checkout Repository	2026-02-22T21:16:43.5136373Z  * [new tag]             0.4.5                  -> 0.4.5
end-workflow	Checkout Repository	2026-02-22T21:16:43.5136750Z  * [new tag]             0.4.6                  -> 0.4.6
end-workflow	Checkout Repository	2026-02-22T21:16:43.5137131Z  * [new tag]             0.4.7                  -> 0.4.7
end-workflow	Checkout Repository	2026-02-22T21:16:43.5137513Z  * [new tag]             0.4.8                  -> 0.4.8
end-workflow	Checkout Repository	2026-02-22T21:16:43.5138557Z  * [new tag]             0.4.9                  -> 0.4.9
end-workflow	Checkout Repository	2026-02-22T21:16:43.5138953Z  * [new tag]             0.5.0                  -> 0.5.0
end-workflow	Checkout Repository	2026-02-22T21:16:43.5139463Z  * [new tag]             0.5.1                  -> 0.5.1
end-workflow	Checkout Repository	2026-02-22T21:16:43.5140096Z  * [new tag]             0.5.2                  -> 0.5.2
end-workflow	Checkout Repository	2026-02-22T21:16:43.5140479Z  * [new tag]             0.6.0                  -> 0.6.0
end-workflow	Checkout Repository	2026-02-22T21:16:43.5140850Z  * [new tag]             0.6.1                  -> 0.6.1
end-workflow	Checkout Repository	2026-02-22T21:16:43.5141228Z  * [new tag]             0.6.2                  -> 0.6.2
end-workflow	Checkout Repository	2026-02-22T21:16:43.5401061Z [command]/usr/bin/git branch --list --remote origin/main
end-workflow	Checkout Repository	2026-02-22T21:16:43.5473897Z   origin/main
end-workflow	Checkout Repository	2026-02-22T21:16:43.5487899Z [command]/usr/bin/git rev-parse refs/remotes/origin/main
end-workflow	Checkout Repository	2026-02-22T21:16:43.5519520Z 5d64ffe30b46d0a5a4380ae64a2bd9df7c15ebe8
end-workflow	Checkout Repository	2026-02-22T21:16:43.5534017Z [command]/usr/bin/git -c protocol.version=2 fetch --no-tags --prune --no-recurse-submodules origin +97b0de32963e2badf27d92b802fb66a0e8c67085:refs/remotes/origin/main
end-workflow	Checkout Repository	2026-02-22T21:16:43.5716842Z From https://github.com/Ka0s-Klaus/ka0s
end-workflow	Checkout Repository	2026-02-22T21:16:43.5718118Z  + 5d64ffe30...97b0de329 97b0de32963e2badf27d92b802fb66a0e8c67085 -> origin/main  (forced update)
end-workflow	Checkout Repository	2026-02-22T21:16:43.5756900Z ##[endgroup]
end-workflow	Checkout Repository	2026-02-22T21:16:43.5757629Z ##[group]Determining the checkout info
end-workflow	Checkout Repository	2026-02-22T21:16:43.5758515Z ##[endgroup]
end-workflow	Checkout Repository	2026-02-22T21:16:43.5765492Z [command]/usr/bin/git sparse-checkout disable
end-workflow	Checkout Repository	2026-02-22T21:16:43.5817552Z [command]/usr/bin/git config --local --unset-all extensions.worktreeConfig
end-workflow	Checkout Repository	2026-02-22T21:16:43.5856805Z ##[group]Checking out the ref
end-workflow	Checkout Repository	2026-02-22T21:16:43.5862653Z [command]/usr/bin/git checkout --progress --force -B main refs/remotes/origin/main
end-workflow	Checkout Repository	2026-02-22T21:16:43.8404652Z Switched to a new branch 'main'
end-workflow	Checkout Repository	2026-02-22T21:16:43.8408452Z branch 'main' set up to track 'origin/main'.
end-workflow	Checkout Repository	2026-02-22T21:16:43.8469445Z ##[endgroup]
end-workflow	Checkout Repository	2026-02-22T21:16:43.8546153Z [command]/usr/bin/git log -1 --format=%H
end-workflow	Checkout Repository	2026-02-22T21:16:43.8623599Z 97b0de32963e2badf27d92b802fb66a0e8c67085
end-workflow	Install GH CLI	ï»¿2026-02-22T21:16:43.8919725Z Prepare all required actions
end-workflow	Install GH CLI	2026-02-22T21:16:43.8973580Z ##[group]Run ./.github/actions/install-gh-cli
end-workflow	Install GH CLI	2026-02-22T21:16:43.8973928Z ##[endgroup]
end-workflow	Install GH CLI	2026-02-22T21:16:43.9082338Z ##[group]Run type -p curl >/dev/null || (sudo apt-get update && sudo apt-get install curl -y)
end-workflow	Install GH CLI	2026-02-22T21:16:43.9083092Z [36;1mtype -p curl >/dev/null || (sudo apt-get update && sudo apt-get install curl -y)[0m
end-workflow	Install GH CLI	2026-02-22T21:16:43.9084010Z [36;1mcurl -fsSL https://cli.github.com/packages/githubcli-archive-keyring.gpg | sudo dd of=/usr/share/keyrings/githubcli-archive-keyring.gpg \[0m
end-workflow	Install GH CLI	2026-02-22T21:16:43.9084864Z [36;1m&& sudo chmod go+r /usr/share/keyrings/githubcli-archive-keyring.gpg \[0m
end-workflow	Install GH CLI	2026-02-22T21:16:43.9086029Z [36;1m&& echo "deb [arch=$(dpkg --print-architecture) signed-by=/usr/share/keyrings/githubcli-archive-keyring.gpg] https://cli.github.com/packages stable main" | sudo tee /etc/apt/sources.list.d/github-cli.list > /dev/null \[0m
end-workflow	Install GH CLI	2026-02-22T21:16:43.9087159Z [36;1m&& sudo apt-get update \[0m
end-workflow	Install GH CLI	2026-02-22T21:16:43.9087503Z [36;1m&& sudo apt-get install gh -y[0m
end-workflow	Install GH CLI	2026-02-22T21:16:43.9105774Z shell: /usr/bin/bash --noprofile --norc -e -o pipefail {0}
end-workflow	Install GH CLI	2026-02-22T21:16:43.9106152Z ##[endgroup]
end-workflow	Install GH CLI	2026-02-22T21:16:44.0175033Z 4+1 records in
end-workflow	Install GH CLI	2026-02-22T21:16:44.0176086Z 4+1 records out
end-workflow	Install GH CLI	2026-02-22T21:16:44.0177326Z 2270 bytes (2.3 kB, 2.2 KiB) copied, 0.0004116 s, 5.5 MB/s
end-workflow	Install GH CLI	2026-02-22T21:16:44.4299706Z Get:1 http://security.ubuntu.com/ubuntu noble-security InRelease [126 kB]
end-workflow	Install GH CLI	2026-02-22T21:16:44.4650507Z Get:2 https://cli.github.com/packages stable InRelease [3917 B]
end-workflow	Install GH CLI	2026-02-22T21:16:44.4834046Z Get:3 http://archive.ubuntu.com/ubuntu noble InRelease [256 kB]
end-workflow	Install GH CLI	2026-02-22T21:16:44.5667664Z Get:4 https://cli.github.com/packages stable/main amd64 Packages [356 B]
end-workflow	Install GH CLI	2026-02-22T21:16:44.5994980Z Get:5 https://ppa.launchpadcontent.net/git-core/ppa/ubuntu noble InRelease [24.3 kB]
end-workflow	Install GH CLI	2026-02-22T21:16:44.6668846Z Get:6 http://security.ubuntu.com/ubuntu noble-security/restricted amd64 Packages [3196 kB]
end-workflow	Install GH CLI	2026-02-22T21:16:44.7528957Z Get:7 https://ppa.launchpadcontent.net/git-core/ppa/ubuntu noble/main amd64 Packages [2992 B]
end-workflow	Install GH CLI	2026-02-22T21:16:44.7895675Z Get:8 http://archive.ubuntu.com/ubuntu noble-updates InRelease [126 kB]
end-workflow	Install GH CLI	2026-02-22T21:16:44.8628117Z Get:9 http://security.ubuntu.com/ubuntu noble-security/universe amd64 Packages [1207 kB]
end-workflow	Install GH CLI	2026-02-22T21:16:44.8643179Z Get:10 http://archive.ubuntu.com/ubuntu noble-backports InRelease [126 kB]
end-workflow	Install GH CLI	2026-02-22T21:16:44.8893538Z Get:11 http://security.ubuntu.com/ubuntu noble-security/multiverse amd64 Packages [34.8 kB]
end-workflow	Install GH CLI	2026-02-22T21:16:44.9044002Z Get:12 http://security.ubuntu.com/ubuntu noble-security/main amd64 Packages [1857 kB]
end-workflow	Install GH CLI	2026-02-22T21:16:44.9452757Z Get:13 http://archive.ubuntu.com/ubuntu noble/universe amd64 Packages [19.3 MB]
end-workflow	Install GH CLI	2026-02-22T21:16:45.4161662Z Get:14 http://archive.ubuntu.com/ubuntu noble/restricted amd64 Packages [117 kB]
end-workflow	Install GH CLI	2026-02-22T21:16:45.4168460Z Get:15 http://archive.ubuntu.com/ubuntu noble/multiverse amd64 Packages [331 kB]
end-workflow	Install GH CLI	2026-02-22T21:16:45.4193926Z Get:16 http://archive.ubuntu.com/ubuntu noble/main amd64 Packages [1808 kB]
end-workflow	Install GH CLI	2026-02-22T21:16:45.4749999Z Get:17 http://archive.ubuntu.com/ubuntu noble-updates/restricted amd64 Packages [3381 kB]
end-workflow	Install GH CLI	2026-02-22T21:16:45.5656230Z Get:18 http://archive.ubuntu.com/ubuntu noble-updates/main amd64 Packages [2240 kB]
end-workflow	Install GH CLI	2026-02-22T21:16:45.6081263Z Get:19 http://archive.ubuntu.com/ubuntu noble-updates/universe amd64 Packages [2016 kB]
end-workflow	Install GH CLI	2026-02-22T21:16:45.6741107Z Get:20 http://archive.ubuntu.com/ubuntu noble-updates/multiverse amd64 Packages [38.1 kB]
end-workflow	Install GH CLI	2026-02-22T21:16:45.6744650Z Get:21 http://archive.ubuntu.com/ubuntu noble-backports/main amd64 Packages [49.5 kB]
end-workflow	Install GH CLI	2026-02-22T21:16:45.6750107Z Get:22 http://archive.ubuntu.com/ubuntu noble-backports/universe amd64 Packages [34.6 kB]
end-workflow	Install GH CLI	2026-02-22T21:16:46.6886738Z Fetched 36.3 MB in 2s (15.5 MB/s)
end-workflow	Install GH CLI	2026-02-22T21:16:47.6296246Z Reading package lists...
end-workflow	Install GH CLI	2026-02-22T21:16:48.5958282Z Reading package lists...
end-workflow	Install GH CLI	2026-02-22T21:16:48.8221826Z Building dependency tree...
end-workflow	Install GH CLI	2026-02-22T21:16:48.8223237Z Reading state information...
end-workflow	Install GH CLI	2026-02-22T21:16:49.1861174Z The following NEW packages will be installed:
end-workflow	Install GH CLI	2026-02-22T21:16:49.1881900Z   gh
end-workflow	Install GH CLI	2026-02-22T21:16:49.2830609Z 0 upgraded, 1 newly installed, 0 to remove and 26 not upgraded.
end-workflow	Install GH CLI	2026-02-22T21:16:49.2831519Z Need to get 13.8 MB of archives.
end-workflow	Install GH CLI	2026-02-22T21:16:49.2832361Z After this operation, 38.4 MB of additional disk space will be used.
end-workflow	Install GH CLI	2026-02-22T21:16:49.2833110Z Get:1 https://cli.github.com/packages stable/main amd64 gh amd64 2.87.2 [13.8 MB]
end-workflow	Install GH CLI	2026-02-22T21:16:50.1055982Z debconf: delaying package configuration, since apt-utils is not installed
end-workflow	Install GH CLI	2026-02-22T21:16:50.2039291Z Fetched 13.8 MB in 1s (22.9 MB/s)
end-workflow	Install GH CLI	2026-02-22T21:16:50.2421473Z Selecting previously unselected package gh.
end-workflow	Install GH CLI	2026-02-22T21:16:50.2462997Z (Reading database ... 
end-workflow	Install GH CLI	2026-02-22T21:16:50.2463724Z (Reading database ... 5%
end-workflow	Install GH CLI	2026-02-22T21:16:50.2464034Z (Reading database ... 10%
end-workflow	Install GH CLI	2026-02-22T21:16:50.2464336Z (Reading database ... 15%
end-workflow	Install GH CLI	2026-02-22T21:16:50.2464597Z (Reading database ... 20%
end-workflow	Install GH CLI	2026-02-22T21:16:50.2464900Z (Reading database ... 25%
end-workflow	Install GH CLI	2026-02-22T21:16:50.2465161Z (Reading database ... 30%
end-workflow	Install GH CLI	2026-02-22T21:16:50.2465429Z (Reading database ... 35%
end-workflow	Install GH CLI	2026-02-22T21:16:50.2465716Z (Reading database ... 40%
end-workflow	Install GH CLI	2026-02-22T21:16:50.2465979Z (Reading database ... 45%
end-workflow	Install GH CLI	2026-02-22T21:16:50.2466261Z (Reading database ... 50%
end-workflow	Install GH CLI	2026-02-22T21:16:50.2466518Z (Reading database ... 55%
end-workflow	Install GH CLI	2026-02-22T21:16:50.2466785Z (Reading database ... 60%
end-workflow	Install GH CLI	2026-02-22T21:16:50.2471039Z (Reading database ... 65%
end-workflow	Install GH CLI	2026-02-22T21:16:50.2498563Z (Reading database ... 70%
end-workflow	Install GH CLI	2026-02-22T21:16:50.2501377Z (Reading database ... 75%
end-workflow	Install GH CLI	2026-02-22T21:16:50.2516197Z (Reading database ... 80%
end-workflow	Install GH CLI	2026-02-22T21:16:50.2522090Z (Reading database ... 85%
end-workflow	Install GH CLI	2026-02-22T21:16:50.2534214Z (Reading database ... 90%
end-workflow	Install GH CLI	2026-02-22T21:16:50.2554947Z (Reading database ... 95%
end-workflow	Install GH CLI	2026-02-22T21:16:50.2558349Z (Reading database ... 100%
end-workflow	Install GH CLI	2026-02-22T21:16:50.2559044Z (Reading database ... 14385 files and directories currently installed.)
end-workflow	Install GH CLI	2026-02-22T21:16:50.2562131Z Preparing to unpack .../archives/gh_2.87.2_amd64.deb ...
end-workflow	Install GH CLI	2026-02-22T21:16:50.2592658Z Unpacking gh (2.87.2) ...
end-workflow	Install GH CLI	2026-02-22T21:16:50.5296060Z Setting up gh (2.87.2) ...
end-workflow	Trigger Inspector	ï»¿2026-02-22T21:16:50.6590307Z ##[group]Run echo "ðŸ” Triggering Inspector for Audit..."
end-workflow	Trigger Inspector	2026-02-22T21:16:50.6590912Z [36;1mecho "ðŸ” Triggering Inspector for Audit..."[0m
end-workflow	Trigger Inspector	2026-02-22T21:16:50.6591357Z [36;1mgh workflow run inspector.yml \[0m
end-workflow	Trigger Inspector	2026-02-22T21:16:50.6591738Z [36;1m  --ref main \[0m
end-workflow	Trigger Inspector	2026-02-22T21:16:50.6592080Z [36;1m  -f kaos-workflow-id="22285477870" \[0m
end-workflow	Trigger Inspector	2026-02-22T21:16:50.6592491Z [36;1m  -f kaos-user-start="santakloud"[0m
end-workflow	Trigger Inspector	2026-02-22T21:16:50.6607447Z shell: /usr/bin/bash -e {0}
end-workflow	Trigger Inspector	2026-02-22T21:16:50.6608020Z env:
end-workflow	Trigger Inspector	2026-02-22T21:16:50.6608627Z   GH_TOKEN: ***
end-workflow	Trigger Inspector	2026-02-22T21:16:50.6608888Z ##[endgroup]
end-workflow	Trigger Inspector	2026-02-22T21:16:50.6667412Z ðŸ” Triggering Inspector for Audit...
end-workflow	Trigger Inspector	2026-02-22T21:16:52.3344834Z https://github.com/Ka0s-Klaus/ka0s/actions/runs/22285519373
end-workflow	Post Checkout Repository	ï»¿2026-02-22T21:16:52.3874498Z Post job cleanup.
end-workflow	Post Checkout Repository	2026-02-22T21:16:52.4998336Z [command]/usr/bin/git version
end-workflow	Post Checkout Repository	2026-02-22T21:16:52.5043161Z git version 2.52.0
end-workflow	Post Checkout Repository	2026-02-22T21:16:52.5095655Z Temporarily overriding HOME='/home/runner/_work/_temp/24077641-271d-4892-92e1-df84ddf95ad4' before making global git config changes
end-workflow	Post Checkout Repository	2026-02-22T21:16:52.5096829Z Adding repository directory to the temporary git global config as a safe directory
end-workflow	Post Checkout Repository	2026-02-22T21:16:52.5103700Z [command]/usr/bin/git config --global --add safe.directory /home/runner/_work/ka0s/ka0s
end-workflow	Post Checkout Repository	2026-02-22T21:16:52.5159594Z [command]/usr/bin/git config --local --name-only --get-regexp core\.sshCommand
end-workflow	Post Checkout Repository	2026-02-22T21:16:52.5204616Z [command]/usr/bin/git submodule foreach --recursive sh -c "git config --local --name-only --get-regexp 'core\.sshCommand' && git config --local --unset-all 'core.sshCommand' || :"
end-workflow	Post Checkout Repository	2026-02-22T21:16:52.5542784Z [command]/usr/bin/git config --local --name-only --get-regexp http\.https\:\/\/github\.com\/\.extraheader
end-workflow	Post Checkout Repository	2026-02-22T21:16:52.5582520Z http.https://github.com/.extraheader
end-workflow	Post Checkout Repository	2026-02-22T21:16:52.5595893Z [command]/usr/bin/git config --local --unset-all http.https://github.com/.extraheader
end-workflow	Post Checkout Repository	2026-02-22T21:16:52.5640853Z [command]/usr/bin/git submodule foreach --recursive sh -c "git config --local --name-only --get-regexp 'http\.https\:\/\/github\.com\/\.extraheader' && git config --local --unset-all 'http.https://github.com/.extraheader' || :"
end-workflow	Post Checkout Repository	2026-02-22T21:16:52.6003572Z [command]/usr/bin/git config --local --name-only --get-regexp ^includeIf\.gitdir:
end-workflow	Post Checkout Repository	2026-02-22T21:16:52.6048785Z [command]/usr/bin/git submodule foreach --recursive git config --local --show-origin --name-only --get-regexp remote.origin.url
end-workflow	Complete job	ï»¿2026-02-22T21:16:52.6550806Z Cleaning up orphan processes
