job-core	Set up job	ï»¿2026-02-22T17:17:28.9751608Z Current runner version: '2.331.0'
job-core	Set up job	2026-02-22T17:17:28.9761530Z Runner name: 'swarm-runners-scaleset-hkss5-runner-bhdjn'
job-core	Set up job	2026-02-22T17:17:28.9762716Z Runner group name: 'Default'
job-core	Set up job	2026-02-22T17:17:28.9764080Z Machine name: 'swarm-runners-scaleset-hkss5-runner-bhdjn'
job-core	Set up job	2026-02-22T17:17:28.9768250Z ##[group]GITHUB_TOKEN Permissions
job-core	Set up job	2026-02-22T17:17:28.9771542Z Actions: write
job-core	Set up job	2026-02-22T17:17:28.9772283Z Contents: read
job-core	Set up job	2026-02-22T17:17:28.9773101Z Metadata: read
job-core	Set up job	2026-02-22T17:17:28.9773942Z ##[endgroup]
job-core	Set up job	2026-02-22T17:17:28.9776535Z Secret source: Actions
job-core	Set up job	2026-02-22T17:17:28.9777434Z Prepare workflow directory
job-core	Set up job	2026-02-22T17:17:29.0163992Z Prepare all required actions
job-core	Set up job	2026-02-22T17:17:29.0204974Z Getting action download info
job-core	Set up job	2026-02-22T17:17:29.6452383Z Download action repository 'actions/checkout@v4' (SHA:34e114876b0b11c390a56381ad16ebd13914f8d5)
job-core	Set up job	2026-02-22T17:17:30.4072903Z Download action repository 'actions/setup-python@v5' (SHA:a26af69be951a213d495a4c3e4e4022e16d87065)
job-core	Set up job	2026-02-22T17:17:31.5566119Z Complete job name: job-core
job-core	Checkout	ï»¿2026-02-22T17:17:31.6932324Z ##[group]Run actions/checkout@v4
job-core	Checkout	2026-02-22T17:17:31.6933820Z with:
job-core	Checkout	2026-02-22T17:17:31.6934742Z   repository: Ka0s-Klaus/ka0s
job-core	Checkout	2026-02-22T17:17:31.6936902Z   token: ***
job-core	Checkout	2026-02-22T17:17:31.6938133Z   ssh-strict: true
job-core	Checkout	2026-02-22T17:17:31.6939340Z   ssh-user: git
job-core	Checkout	2026-02-22T17:17:31.6940250Z   persist-credentials: true
job-core	Checkout	2026-02-22T17:17:31.6941244Z   clean: true
job-core	Checkout	2026-02-22T17:17:31.6942167Z   sparse-checkout-cone-mode: true
job-core	Checkout	2026-02-22T17:17:31.6943248Z   fetch-depth: 1
job-core	Checkout	2026-02-22T17:17:31.6944127Z   fetch-tags: false
job-core	Checkout	2026-02-22T17:17:31.6945049Z   show-progress: true
job-core	Checkout	2026-02-22T17:17:31.6945977Z   lfs: false
job-core	Checkout	2026-02-22T17:17:31.6946845Z   submodules: false
job-core	Checkout	2026-02-22T17:17:31.6948042Z   set-safe-directory: true
job-core	Checkout	2026-02-22T17:17:31.6949629Z ##[endgroup]
job-core	Checkout	2026-02-22T17:17:31.8318061Z Syncing repository: Ka0s-Klaus/ka0s
job-core	Checkout	2026-02-22T17:17:31.8321928Z ##[group]Getting Git version info
job-core	Checkout	2026-02-22T17:17:31.8323427Z Working directory is '/home/runner/_work/ka0s/ka0s'
job-core	Checkout	2026-02-22T17:17:31.8325777Z [command]/usr/bin/git version
job-core	Checkout	2026-02-22T17:17:31.8326989Z git version 2.52.0
job-core	Checkout	2026-02-22T17:17:31.8368424Z ##[endgroup]
job-core	Checkout	2026-02-22T17:17:31.8387171Z Temporarily overriding HOME='/home/runner/_work/_temp/b13c7035-f1b4-4485-93cd-e7240fe4c38e' before making global git config changes
job-core	Checkout	2026-02-22T17:17:31.8395981Z Adding repository directory to the temporary git global config as a safe directory
job-core	Checkout	2026-02-22T17:17:31.8398736Z [command]/usr/bin/git config --global --add safe.directory /home/runner/_work/ka0s/ka0s
job-core	Checkout	2026-02-22T17:17:31.8496565Z Deleting the contents of '/home/runner/_work/ka0s/ka0s'
job-core	Checkout	2026-02-22T17:17:31.8509997Z ##[group]Initializing the repository
job-core	Checkout	2026-02-22T17:17:31.8541561Z [command]/usr/bin/git init /home/runner/_work/ka0s/ka0s
job-core	Checkout	2026-02-22T17:17:31.8635828Z hint: Using 'master' as the name for the initial branch. This default branch name
job-core	Checkout	2026-02-22T17:17:31.8641950Z hint: will change to "main" in Git 3.0. To configure the initial branch name
job-core	Checkout	2026-02-22T17:17:31.8644126Z hint: to use in all of your new repositories, which will suppress this warning,
job-core	Checkout	2026-02-22T17:17:31.8645843Z hint: call:
job-core	Checkout	2026-02-22T17:17:31.8646712Z hint:
job-core	Checkout	2026-02-22T17:17:31.8648975Z hint: 	git config --global init.defaultBranch <name>
job-core	Checkout	2026-02-22T17:17:31.8650347Z hint:
job-core	Checkout	2026-02-22T17:17:31.8651587Z hint: Names commonly chosen instead of 'master' are 'main', 'trunk' and
job-core	Checkout	2026-02-22T17:17:31.8653574Z hint: 'development'. The just-created branch can be renamed via this command:
job-core	Checkout	2026-02-22T17:17:31.8655310Z hint:
job-core	Checkout	2026-02-22T17:17:31.8656190Z hint: 	git branch -m <name>
job-core	Checkout	2026-02-22T17:17:31.8657195Z hint:
job-core	Checkout	2026-02-22T17:17:31.8784008Z hint: Disable this message with "git config set advice.defaultBranchName false"
job-core	Checkout	2026-02-22T17:17:31.8787143Z Initialized empty Git repository in /home/runner/_work/ka0s/ka0s/.git/
job-core	Checkout	2026-02-22T17:17:31.8795370Z [command]/usr/bin/git remote add origin https://github.com/Ka0s-Klaus/ka0s
job-core	Checkout	2026-02-22T17:17:31.8799229Z ##[endgroup]
job-core	Checkout	2026-02-22T17:17:31.8807551Z ##[group]Disabling automatic garbage collection
job-core	Checkout	2026-02-22T17:17:31.8810117Z [command]/usr/bin/git config --local gc.auto 0
job-core	Checkout	2026-02-22T17:17:31.8820059Z ##[endgroup]
job-core	Checkout	2026-02-22T17:17:31.8821778Z ##[group]Setting up auth
job-core	Checkout	2026-02-22T17:17:31.8823590Z [command]/usr/bin/git config --local --name-only --get-regexp core\.sshCommand
job-core	Checkout	2026-02-22T17:17:31.8869751Z [command]/usr/bin/git submodule foreach --recursive sh -c "git config --local --name-only --get-regexp 'core\.sshCommand' && git config --local --unset-all 'core.sshCommand' || :"
job-core	Checkout	2026-02-22T17:17:31.9349262Z [command]/usr/bin/git config --local --name-only --get-regexp http\.https\:\/\/github\.com\/\.extraheader
job-core	Checkout	2026-02-22T17:17:31.9411358Z [command]/usr/bin/git submodule foreach --recursive sh -c "git config --local --name-only --get-regexp 'http\.https\:\/\/github\.com\/\.extraheader' && git config --local --unset-all 'http.https://github.com/.extraheader' || :"
job-core	Checkout	2026-02-22T17:17:31.9876921Z [command]/usr/bin/git config --local --name-only --get-regexp ^includeIf\.gitdir:
job-core	Checkout	2026-02-22T17:17:31.9932953Z [command]/usr/bin/git submodule foreach --recursive git config --local --show-origin --name-only --get-regexp remote.origin.url
job-core	Checkout	2026-02-22T17:17:32.0313424Z [command]/usr/bin/git config --local http.https://github.com/.extraheader AUTHORIZATION: basic ***
job-core	Checkout	2026-02-22T17:17:32.0382310Z ##[endgroup]
job-core	Checkout	2026-02-22T17:17:32.0384048Z ##[group]Fetching the repository
job-core	Checkout	2026-02-22T17:17:32.0421639Z [command]/usr/bin/git -c protocol.version=2 fetch --no-tags --prune --no-recurse-submodules --depth=1 origin +87bca1bd45286ac065515da3c93580eafb0ce413:refs/remotes/origin/main
job-core	Checkout	2026-02-22T17:17:34.3699728Z From https://github.com/Ka0s-Klaus/ka0s
job-core	Checkout	2026-02-22T17:17:34.3702265Z  * [new ref]         87bca1bd45286ac065515da3c93580eafb0ce413 -> origin/main
job-core	Checkout	2026-02-22T17:17:34.3871649Z ##[endgroup]
job-core	Checkout	2026-02-22T17:17:34.3873783Z ##[group]Determining the checkout info
job-core	Checkout	2026-02-22T17:17:34.3879439Z ##[endgroup]
job-core	Checkout	2026-02-22T17:17:34.3902257Z [command]/usr/bin/git sparse-checkout disable
job-core	Checkout	2026-02-22T17:17:34.4101101Z [command]/usr/bin/git config --local --unset-all extensions.worktreeConfig
job-core	Checkout	2026-02-22T17:17:34.4256893Z ##[group]Checking out the ref
job-core	Checkout	2026-02-22T17:17:34.4275082Z [command]/usr/bin/git checkout --progress --force -B main refs/remotes/origin/main
job-core	Checkout	2026-02-22T17:17:34.7000651Z Switched to a new branch 'main'
job-core	Checkout	2026-02-22T17:17:34.7005209Z branch 'main' set up to track 'origin/main'.
job-core	Checkout	2026-02-22T17:17:34.7043203Z ##[endgroup]
job-core	Checkout	2026-02-22T17:17:34.7096257Z [command]/usr/bin/git log -1 --format=%H
job-core	Checkout	2026-02-22T17:17:34.7134506Z 87bca1bd45286ac065515da3c93580eafb0ce413
job-core	Setup Python	ï»¿2026-02-22T17:17:34.7453671Z ##[group]Run actions/setup-python@v5
job-core	Setup Python	2026-02-22T17:17:34.7454091Z with:
job-core	Setup Python	2026-02-22T17:17:34.7454323Z   python-version: 3.x
job-core	Setup Python	2026-02-22T17:17:34.7454600Z   check-latest: false
job-core	Setup Python	2026-02-22T17:17:34.7455101Z   token: ***
job-core	Setup Python	2026-02-22T17:17:34.7455360Z   update-environment: true
job-core	Setup Python	2026-02-22T17:17:34.7455653Z   allow-prereleases: false
job-core	Setup Python	2026-02-22T17:17:34.7455926Z   freethreaded: false
job-core	Setup Python	2026-02-22T17:17:34.7456170Z ##[endgroup]
job-core	Setup Python	2026-02-22T17:17:34.9435556Z ##[group]Installed versions
job-core	Setup Python	2026-02-22T17:17:34.9436854Z Version 3.x was not found in the local cache
job-core	Setup Python	2026-02-22T17:17:36.1173911Z Version 3.x is available for downloading
job-core	Setup Python	2026-02-22T17:17:36.1174774Z Download from "https://github.com/actions/python-versions/releases/download/3.14.3-21673711214/python-3.14.3-linux-24.04-x64.tar.gz"
job-core	Setup Python	2026-02-22T17:17:37.7389097Z Extract downloaded archive
job-core	Setup Python	2026-02-22T17:17:37.7529598Z [command]/usr/bin/tar xz --warning=no-unknown-keyword --overwrite -C /home/runner/_work/_temp/ab9ae579-1404-4f18-abed-9bb6f7d2b630 -f /home/runner/_work/_temp/1e756b73-51a6-4fd5-b861-4279e3c9ba57
job-core	Setup Python	2026-02-22T17:17:40.3273328Z Execute installation script
job-core	Setup Python	2026-02-22T17:17:40.3390917Z Check if Python hostedtoolcache folder exist...
job-core	Setup Python	2026-02-22T17:17:40.3391637Z Creating Python hostedtoolcache folder...
job-core	Setup Python	2026-02-22T17:17:40.3407613Z Create Python 3.14.3 folder
job-core	Setup Python	2026-02-22T17:17:40.3425173Z Copy Python binaries to hostedtoolcache folder
job-core	Setup Python	2026-02-22T17:17:41.4304747Z Create additional symlinks (Required for the UsePythonVersion Azure Pipelines task and the setup-python GitHub Action)
job-core	Setup Python	2026-02-22T17:17:41.4350657Z Upgrading pip...
job-core	Setup Python	2026-02-22T17:17:44.3050631Z Looking in links: /tmp/tmpy4wdvf7o
job-core	Setup Python	2026-02-22T17:17:44.3054603Z Requirement already satisfied: pip in /home/runner/_work/_tool/Python/3.14.3/x64/lib/python3.14/site-packages (25.3)
job-core	Setup Python	2026-02-22T17:17:46.1831553Z Collecting pip
job-core	Setup Python	2026-02-22T17:17:46.2683461Z Downloading pip-26.0.1-py3-none-any.whl.metadata (4.7 kB)
job-core	Setup Python	2026-02-22T17:17:46.3506448Z Downloading pip-26.0.1-py3-none-any.whl (1.8 MB)
job-core	Setup Python	2026-02-22T17:17:46.4305361Z â”â”â”â”â”â”â”â”â”â”â”â”â”â”â”â”â”â”â”â”â”â”â”â”â”â”â”â”â”â”â”â”â”â”â”â”â”â”â”â” 1.8/1.8 MB 38.0 MB/s  0:00:00
job-core	Setup Python	2026-02-22T17:17:46.4306201Z 
job-core	Setup Python	2026-02-22T17:17:46.4543745Z Installing collected packages: pip
job-core	Setup Python	2026-02-22T17:17:46.4544156Z Attempting uninstall: pip
job-core	Setup Python	2026-02-22T17:17:46.4575101Z Found existing installation: pip 25.3
job-core	Setup Python	2026-02-22T17:17:46.5146073Z Uninstalling pip-25.3:
job-core	Setup Python	2026-02-22T17:17:46.5232208Z Successfully uninstalled pip-25.3
job-core	Setup Python	2026-02-22T17:17:47.7714550Z Successfully installed pip-26.0.1
job-core	Setup Python	2026-02-22T17:17:47.8541388Z Create complete file
job-core	Setup Python	2026-02-22T17:17:47.8593698Z Successfully set up CPython (3.14.3)
job-core	Setup Python	2026-02-22T17:17:47.8594685Z ##[endgroup]
job-core	Setup Kubectl Tunnel	ï»¿2026-02-22T17:17:47.8953434Z Prepare all required actions
job-core	Setup Kubectl Tunnel	2026-02-22T17:17:47.9092236Z ##[group]Run ./.github/actions/kubectl-tunnel
job-core	Setup Kubectl Tunnel	2026-02-22T17:17:47.9092706Z with:
job-core	Setup Kubectl Tunnel	2026-02-22T17:17:47.9093015Z   host: ***
job-core	Setup Kubectl Tunnel	2026-02-22T17:17:47.9093245Z   username: ***
job-core	Setup Kubectl Tunnel	2026-02-22T17:17:47.9095411Z   key: ***
job-core	Setup Kubectl Tunnel	2026-02-22T17:17:47.9095634Z   port: ***
job-core	Setup Kubectl Tunnel	2026-02-22T17:17:47.9095845Z   k8s-api-port: 6443
job-core	Setup Kubectl Tunnel	2026-02-22T17:17:47.9096093Z   kubectl-version: v1.30.0
job-core	Setup Kubectl Tunnel	2026-02-22T17:17:47.9096345Z env:
job-core	Setup Kubectl Tunnel	2026-02-22T17:17:47.9096626Z   pythonLocation: /home/runner/_work/_tool/Python/3.14.3/x64
job-core	Setup Kubectl Tunnel	2026-02-22T17:17:47.9097124Z   PKG_CONFIG_PATH: /home/runner/_work/_tool/Python/3.14.3/x64/lib/pkgconfig
job-core	Setup Kubectl Tunnel	2026-02-22T17:17:47.9097623Z   Python_ROOT_DIR: /home/runner/_work/_tool/Python/3.14.3/x64
job-core	Setup Kubectl Tunnel	2026-02-22T17:17:47.9099278Z   Python2_ROOT_DIR: /home/runner/_work/_tool/Python/3.14.3/x64
job-core	Setup Kubectl Tunnel	2026-02-22T17:17:47.9099751Z   Python3_ROOT_DIR: /home/runner/_work/_tool/Python/3.14.3/x64
job-core	Setup Kubectl Tunnel	2026-02-22T17:17:47.9100213Z   LD_LIBRARY_PATH: /home/runner/_work/_tool/Python/3.14.3/x64/lib
job-core	Setup Kubectl Tunnel	2026-02-22T17:17:47.9100634Z ##[endgroup]
job-core	Setup Kubectl Tunnel	2026-02-22T17:17:47.9216906Z ##[group]Run # Download the latest stable release of kubectl
job-core	Setup Kubectl Tunnel	2026-02-22T17:17:47.9217450Z [36;1m# Download the latest stable release of kubectl[0m
job-core	Setup Kubectl Tunnel	2026-02-22T17:17:47.9218390Z [36;1mcurl -LO "https://dl.k8s.io/release/v1.30.0/bin/linux/amd64/kubectl"[0m
job-core	Setup Kubectl Tunnel	2026-02-22T17:17:47.9218959Z [36;1m[0m
job-core	Setup Kubectl Tunnel	2026-02-22T17:17:47.9219599Z [36;1m# Validate binary (optional but recommended in official docs, skipping for speed/simplicity as per request)[0m
job-core	Setup Kubectl Tunnel	2026-02-22T17:17:47.9220181Z [36;1m[0m
job-core	Setup Kubectl Tunnel	2026-02-22T17:17:47.9220392Z [36;1m# Install kubectl[0m
job-core	Setup Kubectl Tunnel	2026-02-22T17:17:47.9220779Z [36;1msudo install -o root -g root -m 0755 kubectl /usr/local/bin/kubectl[0m
job-core	Setup Kubectl Tunnel	2026-02-22T17:17:47.9221189Z [36;1m[0m
job-core	Setup Kubectl Tunnel	2026-02-22T17:17:47.9221403Z [36;1m# Verify installation[0m
job-core	Setup Kubectl Tunnel	2026-02-22T17:17:47.9221706Z [36;1mkubectl version --client[0m
job-core	Setup Kubectl Tunnel	2026-02-22T17:17:47.9242522Z shell: /usr/bin/bash --noprofile --norc -e -o pipefail {0}
job-core	Setup Kubectl Tunnel	2026-02-22T17:17:47.9242915Z env:
job-core	Setup Kubectl Tunnel	2026-02-22T17:17:47.9243231Z   pythonLocation: /home/runner/_work/_tool/Python/3.14.3/x64
job-core	Setup Kubectl Tunnel	2026-02-22T17:17:47.9243727Z   PKG_CONFIG_PATH: /home/runner/_work/_tool/Python/3.14.3/x64/lib/pkgconfig
job-core	Setup Kubectl Tunnel	2026-02-22T17:17:47.9244215Z   Python_ROOT_DIR: /home/runner/_work/_tool/Python/3.14.3/x64
job-core	Setup Kubectl Tunnel	2026-02-22T17:17:47.9244659Z   Python2_ROOT_DIR: /home/runner/_work/_tool/Python/3.14.3/x64
job-core	Setup Kubectl Tunnel	2026-02-22T17:17:47.9245106Z   Python3_ROOT_DIR: /home/runner/_work/_tool/Python/3.14.3/x64
job-core	Setup Kubectl Tunnel	2026-02-22T17:17:47.9245550Z   LD_LIBRARY_PATH: /home/runner/_work/_tool/Python/3.14.3/x64/lib
job-core	Setup Kubectl Tunnel	2026-02-22T17:17:47.9245918Z ##[endgroup]
job-core	Setup Kubectl Tunnel	2026-02-22T17:17:47.9384118Z   % Total    % Received % Xferd  Average Speed   Time    Time     Time  Current
job-core	Setup Kubectl Tunnel	2026-02-22T17:17:47.9384901Z                                  Dload  Upload   Total   Spent    Left  Speed
job-core	Setup Kubectl Tunnel	2026-02-22T17:17:47.9385206Z 
job-core	Setup Kubectl Tunnel	2026-02-22T17:17:47.9863846Z   0     0    0     0    0     0      0      0 --:--:-- --:--:-- --:--:--     0
job-core	Setup Kubectl Tunnel	2026-02-22T17:17:48.5513685Z   0     0    0     0    0     0      0      0 --:--:-- --:--:-- --:--:--     0
job-core	Setup Kubectl Tunnel	2026-02-22T17:17:48.5514727Z 100 49.0M  100 49.0M    0     0  80.0M      0 --:--:-- --:--:-- --:--:-- 80.0M
job-core	Setup Kubectl Tunnel	2026-02-22T17:17:48.6703688Z Client Version: v1.30.0
job-core	Setup Kubectl Tunnel	2026-02-22T17:17:48.6704808Z Kustomize Version: v5.0.4-0.20230601165947-6ce0bf390ce3
job-core	Setup Kubectl Tunnel	2026-02-22T17:17:48.6793728Z ##[group]Run mkdir -p ~/.ssh
job-core	Setup Kubectl Tunnel	2026-02-22T17:17:48.6794063Z [36;1mmkdir -p ~/.ssh[0m
job-core	Setup Kubectl Tunnel	2026-02-22T17:17:48.6794297Z [36;1m[0m
job-core	Setup Kubectl Tunnel	2026-02-22T17:17:48.6794507Z [36;1m# Write private key[0m
job-core	Setup Kubectl Tunnel	2026-02-22T17:17:48.6795027Z [36;1mecho "***[0m
job-core	Setup Kubectl Tunnel	2026-02-22T17:17:48.6795512Z [36;1m***[0m
job-core	Setup Kubectl Tunnel	2026-02-22T17:17:48.6796018Z [36;1m***[0m
job-core	Setup Kubectl Tunnel	2026-02-22T17:17:48.6796464Z [36;1m***[0m
job-core	Setup Kubectl Tunnel	2026-02-22T17:17:48.6796854Z [36;1m***[0m
job-core	Setup Kubectl Tunnel	2026-02-22T17:17:48.6797259Z [36;1m***[0m
job-core	Setup Kubectl Tunnel	2026-02-22T17:17:48.6800557Z [36;1m***" > ~/.ssh/id_rsa[0m
job-core	Setup Kubectl Tunnel	2026-02-22T17:17:48.6800864Z [36;1mchmod 600 ~/.ssh/id_rsa[0m
job-core	Setup Kubectl Tunnel	2026-02-22T17:17:48.6801256Z [36;1m[0m
job-core	Setup Kubectl Tunnel	2026-02-22T17:17:48.6801473Z [36;1m# Add host key to known_hosts[0m
job-core	Setup Kubectl Tunnel	2026-02-22T17:17:48.6801975Z [36;1mif [ -n "***" ]; then[0m
job-core	Setup Kubectl Tunnel	2026-02-22T17:17:48.6802893Z [36;1m    ssh-keyscan -p *** -H *** >> ~/.ssh/known_hosts 2>/dev/null || echo "Warning: ssh-keyscan failed"[0m
job-core	Setup Kubectl Tunnel	2026-02-22T17:17:48.6803396Z [36;1mfi[0m
job-core	Setup Kubectl Tunnel	2026-02-22T17:17:48.6816760Z shell: /usr/bin/bash --noprofile --norc -e -o pipefail {0}
job-core	Setup Kubectl Tunnel	2026-02-22T17:17:48.6817278Z env:
job-core	Setup Kubectl Tunnel	2026-02-22T17:17:48.6817587Z   pythonLocation: /home/runner/_work/_tool/Python/3.14.3/x64
job-core	Setup Kubectl Tunnel	2026-02-22T17:17:48.6818360Z   PKG_CONFIG_PATH: /home/runner/_work/_tool/Python/3.14.3/x64/lib/pkgconfig
job-core	Setup Kubectl Tunnel	2026-02-22T17:17:48.6818990Z   Python_ROOT_DIR: /home/runner/_work/_tool/Python/3.14.3/x64
job-core	Setup Kubectl Tunnel	2026-02-22T17:17:48.6819588Z   Python2_ROOT_DIR: /home/runner/_work/_tool/Python/3.14.3/x64
job-core	Setup Kubectl Tunnel	2026-02-22T17:17:48.6820163Z   Python3_ROOT_DIR: /home/runner/_work/_tool/Python/3.14.3/x64
job-core	Setup Kubectl Tunnel	2026-02-22T17:17:48.6820595Z   LD_LIBRARY_PATH: /home/runner/_work/_tool/Python/3.14.3/x64/lib
job-core	Setup Kubectl Tunnel	2026-02-22T17:17:48.6820970Z ##[endgroup]
job-core	Setup Kubectl Tunnel	2026-02-22T17:17:49.0954857Z ##[group]Run echo "Starting SSH Tunnel to ***..."
job-core	Setup Kubectl Tunnel	2026-02-22T17:17:49.0955513Z [36;1mecho "Starting SSH Tunnel to ***..."[0m
job-core	Setup Kubectl Tunnel	2026-02-22T17:17:49.0956079Z [36;1m# -f: Background, -N: No command, -L: Local forwarding[0m
job-core	Setup Kubectl Tunnel	2026-02-22T17:17:49.0956657Z [36;1m# Maps LocalPort:RemoteHost:RemotePort. [0m
job-core	Setup Kubectl Tunnel	2026-02-22T17:17:49.0957370Z [36;1m# We map Runner:6443 -> Remote:Localhost:6443 (Assuming API is local to the SSH host)[0m
job-core	Setup Kubectl Tunnel	2026-02-22T17:17:49.0958385Z [36;1mssh -f -N -L 6443:127.0.0.1:6443 \[0m
job-core	Setup Kubectl Tunnel	2026-02-22T17:17:49.0958832Z [36;1m    -p *** \[0m
job-core	Setup Kubectl Tunnel	2026-02-22T17:17:49.0959192Z [36;1m    -i ~/.ssh/id_rsa \[0m
job-core	Setup Kubectl Tunnel	2026-02-22T17:17:49.0959637Z [36;1m    ***@***[0m
job-core	Setup Kubectl Tunnel	2026-02-22T17:17:49.0959957Z [36;1m[0m
job-core	Setup Kubectl Tunnel	2026-02-22T17:17:49.0960301Z [36;1mecho "Tunnel established on 127.0.0.1:6443"[0m
job-core	Setup Kubectl Tunnel	2026-02-22T17:17:49.0977483Z shell: /usr/bin/bash --noprofile --norc -e -o pipefail {0}
job-core	Setup Kubectl Tunnel	2026-02-22T17:17:49.0978299Z env:
job-core	Setup Kubectl Tunnel	2026-02-22T17:17:49.0978724Z   pythonLocation: /home/runner/_work/_tool/Python/3.14.3/x64
job-core	Setup Kubectl Tunnel	2026-02-22T17:17:49.0979406Z   PKG_CONFIG_PATH: /home/runner/_work/_tool/Python/3.14.3/x64/lib/pkgconfig
job-core	Setup Kubectl Tunnel	2026-02-22T17:17:49.0980092Z   Python_ROOT_DIR: /home/runner/_work/_tool/Python/3.14.3/x64
job-core	Setup Kubectl Tunnel	2026-02-22T17:17:49.0980711Z   Python2_ROOT_DIR: /home/runner/_work/_tool/Python/3.14.3/x64
job-core	Setup Kubectl Tunnel	2026-02-22T17:17:49.0981323Z   Python3_ROOT_DIR: /home/runner/_work/_tool/Python/3.14.3/x64
job-core	Setup Kubectl Tunnel	2026-02-22T17:17:49.0981945Z   LD_LIBRARY_PATH: /home/runner/_work/_tool/Python/3.14.3/x64/lib
job-core	Setup Kubectl Tunnel	2026-02-22T17:17:49.0982467Z ##[endgroup]
job-core	Setup Kubectl Tunnel	2026-02-22T17:17:49.1032935Z Starting SSH Tunnel to ***...
job-core	Setup Kubectl Tunnel	2026-02-22T17:17:49.4125529Z Tunnel established on 127.0.0.1:6443
job-core	Setup Kubectl Tunnel	2026-02-22T17:17:49.4275698Z ##[group]Run # Fetch kubeconfig from default location on remote
job-core	Setup Kubectl Tunnel	2026-02-22T17:17:49.4278628Z [36;1m# Fetch kubeconfig from default location on remote[0m
job-core	Setup Kubectl Tunnel	2026-02-22T17:17:49.4280512Z [36;1mecho "Fetching remote kubeconfig..."[0m
job-core	Setup Kubectl Tunnel	2026-02-22T17:17:49.4284050Z [36;1mssh -p *** -i ~/.ssh/id_rsa ***@*** "cat ~/.kube/config" > ./kubeconfig_raw[0m
job-core	Setup Kubectl Tunnel	2026-02-22T17:17:49.4286023Z [36;1m[0m
job-core	Setup Kubectl Tunnel	2026-02-22T17:17:49.4287321Z [36;1m# Patch the server URL to point to the local tunnel[0m
job-core	Setup Kubectl Tunnel	2026-02-22T17:17:49.4289929Z [36;1m# Replaces any IP/Hostname in the server URL with 127.0.0.1[0m
job-core	Setup Kubectl Tunnel	2026-02-22T17:17:49.4292411Z [36;1m# Example: https://***:6443 -> https://127.0.0.1:6443[0m
job-core	Setup Kubectl Tunnel	2026-02-22T17:17:49.4295541Z [36;1msed -E "s/server: https:\/\/[0-9a-zA-Z\.\-]+:6443/server: https:\/\/127.0.0.1:6443/g" ./kubeconfig_raw > ./kubeconfig_tunneled[0m
job-core	Setup Kubectl Tunnel	2026-02-22T17:17:49.4298399Z [36;1m[0m
job-core	Setup Kubectl Tunnel	2026-02-22T17:17:49.4299429Z [36;1m# Move to a standard location[0m
job-core	Setup Kubectl Tunnel	2026-02-22T17:17:49.4300805Z [36;1mmkdir -p ~/.kube[0m
job-core	Setup Kubectl Tunnel	2026-02-22T17:17:49.4302192Z [36;1mmv ./kubeconfig_tunneled ~/.kube/config[0m
job-core	Setup Kubectl Tunnel	2026-02-22T17:17:49.4303713Z [36;1mchmod 600 ~/.kube/config[0m
job-core	Setup Kubectl Tunnel	2026-02-22T17:17:49.4304916Z [36;1m[0m
job-core	Setup Kubectl Tunnel	2026-02-22T17:17:49.4306781Z [36;1m# Set Skip TLS Verify (since certificate is for the private IP/Hostname, not localhost)[0m
job-core	Setup Kubectl Tunnel	2026-02-22T17:17:49.4310385Z [36;1m# We must detect the cluster name dynamically because it might not be 'default'[0m
job-core	Setup Kubectl Tunnel	2026-02-22T17:17:49.4313463Z [36;1m[0m
job-core	Setup Kubectl Tunnel	2026-02-22T17:17:49.4314764Z [36;1mCURRENT_CONTEXT=$(kubectl config current-context)[0m
job-core	Setup Kubectl Tunnel	2026-02-22T17:17:49.4317672Z [36;1mCLUSTER_NAME=$(kubectl config view -o jsonpath="{.contexts[?(@.name=='$CURRENT_CONTEXT')].context.cluster}")[0m
job-core	Setup Kubectl Tunnel	2026-02-22T17:17:49.4320444Z [36;1m[0m
job-core	Setup Kubectl Tunnel	2026-02-22T17:17:49.4321824Z [36;1mecho "Configuring TLS skip for cluster: $CLUSTER_NAME"[0m
job-core	Setup Kubectl Tunnel	2026-02-22T17:17:49.4323498Z [36;1m[0m
job-core	Setup Kubectl Tunnel	2026-02-22T17:17:49.4324730Z [36;1m# Disable TLS verification for the active cluster[0m
job-core	Setup Kubectl Tunnel	2026-02-22T17:17:49.4327133Z [36;1mkubectl config set-cluster "$CLUSTER_NAME" --insecure-skip-tls-verify=true[0m
job-core	Setup Kubectl Tunnel	2026-02-22T17:17:49.4329413Z [36;1m[0m
job-core	Setup Kubectl Tunnel	2026-02-22T17:17:49.4330840Z [36;1m# Unset CA data to ensure insecure mode works (avoid conflicts)[0m
job-core	Setup Kubectl Tunnel	2026-02-22T17:17:49.4333460Z [36;1mkubectl config unset "clusters.$CLUSTER_NAME.certificate-authority-data"[0m
job-core	Setup Kubectl Tunnel	2026-02-22T17:17:49.4335550Z [36;1m[0m
job-core	Setup Kubectl Tunnel	2026-02-22T17:17:49.4336725Z [36;1mecho "path=~/.kube/config" >> $GITHUB_OUTPUT[0m
job-core	Setup Kubectl Tunnel	2026-02-22T17:17:49.4338718Z [36;1mecho "Kubeconfig configured successfully."[0m
job-core	Setup Kubectl Tunnel	2026-02-22T17:17:49.4391406Z shell: /usr/bin/bash --noprofile --norc -e -o pipefail {0}
job-core	Setup Kubectl Tunnel	2026-02-22T17:17:49.4392532Z env:
job-core	Setup Kubectl Tunnel	2026-02-22T17:17:49.4414020Z   pythonLocation: /home/runner/_work/_tool/Python/3.14.3/x64
job-core	Setup Kubectl Tunnel	2026-02-22T17:17:49.4415615Z   PKG_CONFIG_PATH: /home/runner/_work/_tool/Python/3.14.3/x64/lib/pkgconfig
job-core	Setup Kubectl Tunnel	2026-02-22T17:17:49.4417135Z   Python_ROOT_DIR: /home/runner/_work/_tool/Python/3.14.3/x64
job-core	Setup Kubectl Tunnel	2026-02-22T17:17:49.4418660Z   Python2_ROOT_DIR: /home/runner/_work/_tool/Python/3.14.3/x64
job-core	Setup Kubectl Tunnel	2026-02-22T17:17:49.4420021Z   Python3_ROOT_DIR: /home/runner/_work/_tool/Python/3.14.3/x64
job-core	Setup Kubectl Tunnel	2026-02-22T17:17:49.4421380Z   LD_LIBRARY_PATH: /home/runner/_work/_tool/Python/3.14.3/x64/lib
job-core	Setup Kubectl Tunnel	2026-02-22T17:17:49.4422509Z ##[endgroup]
job-core	Setup Kubectl Tunnel	2026-02-22T17:17:49.4503432Z Fetching remote kubeconfig...
job-core	Setup Kubectl Tunnel	2026-02-22T17:17:50.2883005Z Configuring TLS skip for cluster: kubernetes
job-core	Setup Kubectl Tunnel	2026-02-22T17:17:50.3424656Z Cluster "kubernetes" set.
job-core	Setup Kubectl Tunnel	2026-02-22T17:17:50.3904299Z Property "clusters.kubernetes.certificate-authority-data" unset.
job-core	Setup Kubectl Tunnel	2026-02-22T17:17:50.3940916Z Kubeconfig configured successfully.
job-core	Setup Kubectl Tunnel	2026-02-22T17:17:50.3995114Z ##[group]Run kubectl get nodes
job-core	Setup Kubectl Tunnel	2026-02-22T17:17:50.3995495Z [36;1mkubectl get nodes[0m
job-core	Setup Kubectl Tunnel	2026-02-22T17:17:50.4010313Z shell: /usr/bin/bash --noprofile --norc -e -o pipefail {0}
job-core	Setup Kubectl Tunnel	2026-02-22T17:17:50.4010741Z env:
job-core	Setup Kubectl Tunnel	2026-02-22T17:17:50.4011079Z   pythonLocation: /home/runner/_work/_tool/Python/3.14.3/x64
job-core	Setup Kubectl Tunnel	2026-02-22T17:17:50.4011648Z   PKG_CONFIG_PATH: /home/runner/_work/_tool/Python/3.14.3/x64/lib/pkgconfig
job-core	Setup Kubectl Tunnel	2026-02-22T17:17:50.4012216Z   Python_ROOT_DIR: /home/runner/_work/_tool/Python/3.14.3/x64
job-core	Setup Kubectl Tunnel	2026-02-22T17:17:50.4012726Z   Python2_ROOT_DIR: /home/runner/_work/_tool/Python/3.14.3/x64
job-core	Setup Kubectl Tunnel	2026-02-22T17:17:50.4013239Z   Python3_ROOT_DIR: /home/runner/_work/_tool/Python/3.14.3/x64
job-core	Setup Kubectl Tunnel	2026-02-22T17:17:50.4014021Z   LD_LIBRARY_PATH: /home/runner/_work/_tool/Python/3.14.3/x64/lib
job-core	Setup Kubectl Tunnel	2026-02-22T17:17:50.4014446Z ##[endgroup]
job-core	Setup Kubectl Tunnel	2026-02-22T17:17:50.4895007Z NAME         STATUS                     ROLES           AGE   VERSION
job-core	Setup Kubectl Tunnel	2026-02-22T17:17:50.4897385Z k8-manager   Ready                      control-plane   65d   v1.32.11
job-core	Setup Kubectl Tunnel	2026-02-22T17:17:50.4900250Z k8-node-20   Ready                      <none>          65d   v1.32.11
job-core	Setup Kubectl Tunnel	2026-02-22T17:17:50.4902508Z k8-node-30   Ready,SchedulingDisabled   <none>          46d   v1.32.11
job-core	Setup Kubectl Tunnel	2026-02-22T17:17:50.4904869Z k8-node-40   Ready,SchedulingDisabled   <none>          17d   v1.32.11
job-core	Detect Unhealthy Nodes	ï»¿2026-02-22T17:17:50.5317067Z ##[group]Run chmod +x .github/scripts/watchdog-disk-pressure.py
job-core	Detect Unhealthy Nodes	2026-02-22T17:17:50.5318306Z [36;1mchmod +x .github/scripts/watchdog-disk-pressure.py[0m
job-core	Detect Unhealthy Nodes	2026-02-22T17:17:50.5319213Z [36;1mNODES=$(python3 .github/scripts/watchdog-disk-pressure.py)[0m
job-core	Detect Unhealthy Nodes	2026-02-22T17:17:50.5319948Z [36;1m[0m
job-core	Detect Unhealthy Nodes	2026-02-22T17:17:50.5320359Z [36;1mif [ -z "$NODES" ]; then[0m
job-core	Detect Unhealthy Nodes	2026-02-22T17:17:50.5321038Z [36;1m  echo "âœ… All nodes are healthy (No DiskPressure)."[0m
job-core	Detect Unhealthy Nodes	2026-02-22T17:17:50.5321753Z [36;1m  echo "nodes=" >> $GITHUB_OUTPUT[0m
job-core	Detect Unhealthy Nodes	2026-02-22T17:17:50.5322304Z [36;1melse[0m
job-core	Detect Unhealthy Nodes	2026-02-22T17:17:50.5322791Z [36;1m  echo "âš ï¸ Found nodes with DiskPressure:"[0m
job-core	Detect Unhealthy Nodes	2026-02-22T17:17:50.5323401Z [36;1m  echo "$NODES"[0m
job-core	Detect Unhealthy Nodes	2026-02-22T17:17:50.5324076Z [36;1m  # Replace newlines with spaces or keep as multiline for output? [0m
job-core	Detect Unhealthy Nodes	2026-02-22T17:17:50.5325180Z [36;1m  # Multiline strings in output are tricky. Let's use JSON or just space separated.[0m
job-core	Detect Unhealthy Nodes	2026-02-22T17:17:50.5326318Z [36;1m  # For loop below handles space separated fine if names don't have spaces.[0m
job-core	Detect Unhealthy Nodes	2026-02-22T17:17:50.5327275Z [36;1m  NODES_FLAT=$(echo "$NODES" | tr '\n' ' ')[0m
job-core	Detect Unhealthy Nodes	2026-02-22T17:17:50.5328056Z [36;1m  echo "nodes=$NODES_FLAT" >> $GITHUB_OUTPUT[0m
job-core	Detect Unhealthy Nodes	2026-02-22T17:17:50.5328666Z [36;1mfi[0m
job-core	Detect Unhealthy Nodes	2026-02-22T17:17:50.5350150Z shell: /usr/bin/bash -e {0}
job-core	Detect Unhealthy Nodes	2026-02-22T17:17:50.5350574Z env:
job-core	Detect Unhealthy Nodes	2026-02-22T17:17:50.5351059Z   pythonLocation: /home/runner/_work/_tool/Python/3.14.3/x64
job-core	Detect Unhealthy Nodes	2026-02-22T17:17:50.5351826Z   PKG_CONFIG_PATH: /home/runner/_work/_tool/Python/3.14.3/x64/lib/pkgconfig
job-core	Detect Unhealthy Nodes	2026-02-22T17:17:50.5352579Z   Python_ROOT_DIR: /home/runner/_work/_tool/Python/3.14.3/x64
job-core	Detect Unhealthy Nodes	2026-02-22T17:17:50.5353273Z   Python2_ROOT_DIR: /home/runner/_work/_tool/Python/3.14.3/x64
job-core	Detect Unhealthy Nodes	2026-02-22T17:17:50.5353948Z   Python3_ROOT_DIR: /home/runner/_work/_tool/Python/3.14.3/x64
job-core	Detect Unhealthy Nodes	2026-02-22T17:17:50.5354624Z   LD_LIBRARY_PATH: /home/runner/_work/_tool/Python/3.14.3/x64/lib
job-core	Detect Unhealthy Nodes	2026-02-22T17:17:50.5355200Z ##[endgroup]
job-core	Detect Unhealthy Nodes	2026-02-22T17:17:50.6843815Z âœ… All nodes are healthy (No DiskPressure).
job-core	Post Setup Python	ï»¿2026-02-22T17:17:50.7002266Z Post job cleanup.
job-core	Post Checkout	ï»¿2026-02-22T17:17:50.9145008Z Post job cleanup.
job-core	Post Checkout	2026-02-22T17:17:51.0232409Z [command]/usr/bin/git version
job-core	Post Checkout	2026-02-22T17:17:51.0276887Z git version 2.52.0
job-core	Post Checkout	2026-02-22T17:17:51.0324934Z Temporarily overriding HOME='/home/runner/_work/_temp/6f23a891-fbb1-4c57-be95-bdfd766c908b' before making global git config changes
job-core	Post Checkout	2026-02-22T17:17:51.0325849Z Adding repository directory to the temporary git global config as a safe directory
job-core	Post Checkout	2026-02-22T17:17:51.0332451Z [command]/usr/bin/git config --global --add safe.directory /home/runner/_work/ka0s/ka0s
job-core	Post Checkout	2026-02-22T17:17:51.0389112Z [command]/usr/bin/git config --local --name-only --get-regexp core\.sshCommand
job-core	Post Checkout	2026-02-22T17:17:51.0434814Z [command]/usr/bin/git submodule foreach --recursive sh -c "git config --local --name-only --get-regexp 'core\.sshCommand' && git config --local --unset-all 'core.sshCommand' || :"
job-core	Post Checkout	2026-02-22T17:17:51.0776158Z [command]/usr/bin/git config --local --name-only --get-regexp http\.https\:\/\/github\.com\/\.extraheader
job-core	Post Checkout	2026-02-22T17:17:51.0806903Z http.https://github.com/.extraheader
job-core	Post Checkout	2026-02-22T17:17:51.0822477Z [command]/usr/bin/git config --local --unset-all http.https://github.com/.extraheader
job-core	Post Checkout	2026-02-22T17:17:51.0864717Z [command]/usr/bin/git submodule foreach --recursive sh -c "git config --local --name-only --get-regexp 'http\.https\:\/\/github\.com\/\.extraheader' && git config --local --unset-all 'http.https://github.com/.extraheader' || :"
job-core	Post Checkout	2026-02-22T17:17:51.1202106Z [command]/usr/bin/git config --local --name-only --get-regexp ^includeIf\.gitdir:
job-core	Post Checkout	2026-02-22T17:17:51.1243878Z [command]/usr/bin/git submodule foreach --recursive git config --local --show-origin --name-only --get-regexp remote.origin.url
job-core	Complete job	ï»¿2026-02-22T17:17:51.1723275Z Evaluate and set job outputs
job-core	Complete job	2026-02-22T17:17:51.1730028Z Cleaning up orphan processes
job-core	Complete job	2026-02-22T17:17:51.1773962Z Terminate orphan process: pid (262) (ssh)
handle-success	Set up job	ï»¿2026-02-22T17:18:03.1713565Z Current runner version: '2.331.0'
handle-success	Set up job	2026-02-22T17:18:03.1722517Z Runner name: 'swarm-runners-scaleset-hkss5-runner-sn2qj'
handle-success	Set up job	2026-02-22T17:18:03.1723654Z Runner group name: 'Default'
handle-success	Set up job	2026-02-22T17:18:03.1724742Z Machine name: 'swarm-runners-scaleset-hkss5-runner-sn2qj'
handle-success	Set up job	2026-02-22T17:18:03.1728355Z ##[group]GITHUB_TOKEN Permissions
handle-success	Set up job	2026-02-22T17:18:03.1731036Z Actions: write
handle-success	Set up job	2026-02-22T17:18:03.1731675Z Contents: read
handle-success	Set up job	2026-02-22T17:18:03.1732171Z Metadata: read
handle-success	Set up job	2026-02-22T17:18:03.1733375Z ##[endgroup]
handle-success	Set up job	2026-02-22T17:18:03.1735872Z Secret source: Actions
handle-success	Set up job	2026-02-22T17:18:03.1736589Z Prepare workflow directory
handle-success	Set up job	2026-02-22T17:18:03.2281589Z Prepare all required actions
handle-success	Set up job	2026-02-22T17:18:03.2324737Z Getting action download info
handle-success	Set up job	2026-02-22T17:18:03.7678913Z Download action repository 'actions/checkout@v4' (SHA:34e114876b0b11c390a56381ad16ebd13914f8d5)
handle-success	Set up job	2026-02-22T17:18:04.7281218Z Complete job name: handle-success
handle-success	Log Success	ï»¿2026-02-22T17:18:04.7812455Z ##[group]Run echo "Watchdog scan completed successfully."
handle-success	Log Success	2026-02-22T17:18:04.7813615Z [36;1mecho "Watchdog scan completed successfully."[0m
handle-success	Log Success	2026-02-22T17:18:04.7830750Z shell: /usr/bin/bash -e {0}
handle-success	Log Success	2026-02-22T17:18:04.7831863Z env:
handle-success	Log Success	2026-02-22T17:18:04.7832579Z   GH_TOKEN: ***
handle-success	Log Success	2026-02-22T17:18:04.7833022Z ##[endgroup]
handle-success	Log Success	2026-02-22T17:18:04.7953471Z Watchdog scan completed successfully.
handle-success	Checkout Repository	ï»¿2026-02-22T17:18:04.8241449Z ##[group]Run actions/checkout@v4
handle-success	Checkout Repository	2026-02-22T17:18:04.8242178Z with:
handle-success	Checkout Repository	2026-02-22T17:18:04.8242601Z   fetch-depth: 0
handle-success	Checkout Repository	2026-02-22T17:18:04.8243093Z   repository: Ka0s-Klaus/ka0s
handle-success	Checkout Repository	2026-02-22T17:18:04.8243928Z   token: ***
handle-success	Checkout Repository	2026-02-22T17:18:04.8244385Z   ssh-strict: true
handle-success	Checkout Repository	2026-02-22T17:18:04.8244890Z   ssh-user: git
handle-success	Checkout Repository	2026-02-22T17:18:04.8245358Z   persist-credentials: true
handle-success	Checkout Repository	2026-02-22T17:18:04.8245878Z   clean: true
handle-success	Checkout Repository	2026-02-22T17:18:04.8246345Z   sparse-checkout-cone-mode: true
handle-success	Checkout Repository	2026-02-22T17:18:04.8246906Z   fetch-tags: false
handle-success	Checkout Repository	2026-02-22T17:18:04.8247371Z   show-progress: true
handle-success	Checkout Repository	2026-02-22T17:18:04.8248050Z   lfs: false
handle-success	Checkout Repository	2026-02-22T17:18:04.8248615Z   submodules: false
handle-success	Checkout Repository	2026-02-22T17:18:04.8249124Z   set-safe-directory: true
handle-success	Checkout Repository	2026-02-22T17:18:04.8249614Z env:
handle-success	Checkout Repository	2026-02-22T17:18:04.8250593Z   GH_TOKEN: ***
handle-success	Checkout Repository	2026-02-22T17:18:04.8251024Z ##[endgroup]
handle-success	Checkout Repository	2026-02-22T17:18:04.9528540Z Syncing repository: Ka0s-Klaus/ka0s
handle-success	Checkout Repository	2026-02-22T17:18:04.9531678Z ##[group]Getting Git version info
handle-success	Checkout Repository	2026-02-22T17:18:04.9532417Z Working directory is '/home/runner/_work/ka0s/ka0s'
handle-success	Checkout Repository	2026-02-22T17:18:04.9533646Z [command]/usr/bin/git version
handle-success	Checkout Repository	2026-02-22T17:18:04.9534180Z git version 2.52.0
handle-success	Checkout Repository	2026-02-22T17:18:04.9551934Z ##[endgroup]
handle-success	Checkout Repository	2026-02-22T17:18:04.9569347Z Temporarily overriding HOME='/home/runner/_work/_temp/37227b86-238e-48f3-a07f-e0a87402149a' before making global git config changes
handle-success	Checkout Repository	2026-02-22T17:18:04.9571057Z Adding repository directory to the temporary git global config as a safe directory
handle-success	Checkout Repository	2026-02-22T17:18:04.9575417Z [command]/usr/bin/git config --global --add safe.directory /home/runner/_work/ka0s/ka0s
handle-success	Checkout Repository	2026-02-22T17:18:04.9621079Z Deleting the contents of '/home/runner/_work/ka0s/ka0s'
handle-success	Checkout Repository	2026-02-22T17:18:04.9637140Z ##[group]Initializing the repository
handle-success	Checkout Repository	2026-02-22T17:18:04.9642767Z [command]/usr/bin/git init /home/runner/_work/ka0s/ka0s
handle-success	Checkout Repository	2026-02-22T17:18:04.9699750Z hint: Using 'master' as the name for the initial branch. This default branch name
handle-success	Checkout Repository	2026-02-22T17:18:04.9701454Z hint: will change to "main" in Git 3.0. To configure the initial branch name
handle-success	Checkout Repository	2026-02-22T17:18:04.9702663Z hint: to use in all of your new repositories, which will suppress this warning,
handle-success	Checkout Repository	2026-02-22T17:18:04.9703450Z hint: call:
handle-success	Checkout Repository	2026-02-22T17:18:04.9703843Z hint:
handle-success	Checkout Repository	2026-02-22T17:18:04.9704380Z hint: 	git config --global init.defaultBranch <name>
handle-success	Checkout Repository	2026-02-22T17:18:04.9705046Z hint:
handle-success	Checkout Repository	2026-02-22T17:18:04.9705652Z hint: Names commonly chosen instead of 'master' are 'main', 'trunk' and
handle-success	Checkout Repository	2026-02-22T17:18:04.9706639Z hint: 'development'. The just-created branch can be renamed via this command:
handle-success	Checkout Repository	2026-02-22T17:18:04.9707421Z hint:
handle-success	Checkout Repository	2026-02-22T17:18:04.9710723Z hint: 	git branch -m <name>
handle-success	Checkout Repository	2026-02-22T17:18:04.9711277Z hint:
handle-success	Checkout Repository	2026-02-22T17:18:04.9711940Z hint: Disable this message with "git config set advice.defaultBranchName false"
handle-success	Checkout Repository	2026-02-22T17:18:04.9713409Z Initialized empty Git repository in /home/runner/_work/ka0s/ka0s/.git/
handle-success	Checkout Repository	2026-02-22T17:18:04.9723933Z [command]/usr/bin/git remote add origin https://github.com/Ka0s-Klaus/ka0s
handle-success	Checkout Repository	2026-02-22T17:18:04.9771699Z ##[endgroup]
handle-success	Checkout Repository	2026-02-22T17:18:04.9772637Z ##[group]Disabling automatic garbage collection
handle-success	Checkout Repository	2026-02-22T17:18:04.9776865Z [command]/usr/bin/git config --local gc.auto 0
handle-success	Checkout Repository	2026-02-22T17:18:04.9820216Z ##[endgroup]
handle-success	Checkout Repository	2026-02-22T17:18:04.9821097Z ##[group]Setting up auth
handle-success	Checkout Repository	2026-02-22T17:18:04.9827429Z [command]/usr/bin/git config --local --name-only --get-regexp core\.sshCommand
handle-success	Checkout Repository	2026-02-22T17:18:04.9874595Z [command]/usr/bin/git submodule foreach --recursive sh -c "git config --local --name-only --get-regexp 'core\.sshCommand' && git config --local --unset-all 'core.sshCommand' || :"
handle-success	Checkout Repository	2026-02-22T17:18:05.0211322Z [command]/usr/bin/git config --local --name-only --get-regexp http\.https\:\/\/github\.com\/\.extraheader
handle-success	Checkout Repository	2026-02-22T17:18:05.0249745Z [command]/usr/bin/git submodule foreach --recursive sh -c "git config --local --name-only --get-regexp 'http\.https\:\/\/github\.com\/\.extraheader' && git config --local --unset-all 'http.https://github.com/.extraheader' || :"
handle-success	Checkout Repository	2026-02-22T17:18:05.0583979Z [command]/usr/bin/git config --local --name-only --get-regexp ^includeIf\.gitdir:
handle-success	Checkout Repository	2026-02-22T17:18:05.0624288Z [command]/usr/bin/git submodule foreach --recursive git config --local --show-origin --name-only --get-regexp remote.origin.url
handle-success	Checkout Repository	2026-02-22T17:18:05.0951782Z [command]/usr/bin/git config --local http.https://github.com/.extraheader AUTHORIZATION: basic ***
handle-success	Checkout Repository	2026-02-22T17:18:05.0998950Z ##[endgroup]
handle-success	Checkout Repository	2026-02-22T17:18:05.0999885Z ##[group]Fetching the repository
handle-success	Checkout Repository	2026-02-22T17:18:05.1023306Z [command]/usr/bin/git -c protocol.version=2 fetch --prune --no-recurse-submodules origin +refs/heads/*:refs/remotes/origin/* +refs/tags/*:refs/tags/*
handle-success	Checkout Repository	2026-02-22T17:18:25.3443929Z From https://github.com/Ka0s-Klaus/ka0s
handle-success	Checkout Repository	2026-02-22T17:18:25.3444685Z  * [new branch]          F3450-modelo-operativo -> origin/F3450-modelo-operativo
handle-success	Checkout Repository	2026-02-22T17:18:25.3445441Z  * [new branch]          H1276-modulo-observabilidad -> origin/H1276-modulo-observabilidad
handle-success	Checkout Repository	2026-02-22T17:18:25.3446379Z  * [new branch]          H3596-deploy-itop      -> origin/H3596-deploy-itop
handle-success	Checkout Repository	2026-02-22T17:18:25.3446995Z  * [new branch]          main                   -> origin/main
handle-success	Checkout Repository	2026-02-22T17:18:25.3447574Z  * [new tag]             0.0.0                  -> 0.0.0
handle-success	Checkout Repository	2026-02-22T17:18:25.3451320Z  * [new tag]             0.0.1                  -> 0.0.1
handle-success	Checkout Repository	2026-02-22T17:18:25.3451745Z  * [new tag]             0.0.10                 -> 0.0.10
handle-success	Checkout Repository	2026-02-22T17:18:25.3452270Z  * [new tag]             0.0.100                -> 0.0.100
handle-success	Checkout Repository	2026-02-22T17:18:25.3452678Z  * [new tag]             0.0.101                -> 0.0.101
handle-success	Checkout Repository	2026-02-22T17:18:25.3453069Z  * [new tag]             0.0.102                -> 0.0.102
handle-success	Checkout Repository	2026-02-22T17:18:25.3453660Z  * [new tag]             0.0.103                -> 0.0.103
handle-success	Checkout Repository	2026-02-22T17:18:25.3454058Z  * [new tag]             0.0.104                -> 0.0.104
handle-success	Checkout Repository	2026-02-22T17:18:25.3456200Z  * [new tag]             0.0.105                -> 0.0.105
handle-success	Checkout Repository	2026-02-22T17:18:25.3456649Z  * [new tag]             0.0.106                -> 0.0.106
handle-success	Checkout Repository	2026-02-22T17:18:25.3457076Z  * [new tag]             0.0.107                -> 0.0.107
handle-success	Checkout Repository	2026-02-22T17:18:25.3457491Z  * [new tag]             0.0.108                -> 0.0.108
handle-success	Checkout Repository	2026-02-22T17:18:25.3458018Z  * [new tag]             0.0.109                -> 0.0.109
handle-success	Checkout Repository	2026-02-22T17:18:25.3479573Z  * [new tag]             0.0.11                 -> 0.0.11
handle-success	Checkout Repository	2026-02-22T17:18:25.3480277Z  * [new tag]             0.0.110                -> 0.0.110
handle-success	Checkout Repository	2026-02-22T17:18:25.3480696Z  * [new tag]             0.0.111                -> 0.0.111
handle-success	Checkout Repository	2026-02-22T17:18:25.3481087Z  * [new tag]             0.0.112                -> 0.0.112
handle-success	Checkout Repository	2026-02-22T17:18:25.3481498Z  * [new tag]             0.0.113                -> 0.0.113
handle-success	Checkout Repository	2026-02-22T17:18:25.3481888Z  * [new tag]             0.0.114                -> 0.0.114
handle-success	Checkout Repository	2026-02-22T17:18:25.3482797Z  * [new tag]             0.0.115                -> 0.0.115
handle-success	Checkout Repository	2026-02-22T17:18:25.3483183Z  * [new tag]             0.0.116                -> 0.0.116
handle-success	Checkout Repository	2026-02-22T17:18:25.3483565Z  * [new tag]             0.0.117                -> 0.0.117
handle-success	Checkout Repository	2026-02-22T17:18:25.3484041Z  * [new tag]             0.0.118                -> 0.0.118
handle-success	Checkout Repository	2026-02-22T17:18:25.3484454Z  * [new tag]             0.0.119                -> 0.0.119
handle-success	Checkout Repository	2026-02-22T17:18:25.3484933Z  * [new tag]             0.0.12                 -> 0.0.12
handle-success	Checkout Repository	2026-02-22T17:18:25.3485372Z  * [new tag]             0.0.120                -> 0.0.120
handle-success	Checkout Repository	2026-02-22T17:18:25.3485760Z  * [new tag]             0.0.121                -> 0.0.121
handle-success	Checkout Repository	2026-02-22T17:18:25.3486143Z  * [new tag]             0.0.122                -> 0.0.122
handle-success	Checkout Repository	2026-02-22T17:18:25.3486532Z  * [new tag]             0.0.123                -> 0.0.123
handle-success	Checkout Repository	2026-02-22T17:18:25.3486919Z  * [new tag]             0.0.124                -> 0.0.124
handle-success	Checkout Repository	2026-02-22T17:18:25.3487302Z  * [new tag]             0.0.125                -> 0.0.125
handle-success	Checkout Repository	2026-02-22T17:18:25.3487700Z  * [new tag]             0.0.126                -> 0.0.126
handle-success	Checkout Repository	2026-02-22T17:18:25.3498916Z  * [new tag]             0.0.127                -> 0.0.127
handle-success	Checkout Repository	2026-02-22T17:18:25.3499408Z  * [new tag]             0.0.128                -> 0.0.128
handle-success	Checkout Repository	2026-02-22T17:18:25.3499800Z  * [new tag]             0.0.129                -> 0.0.129
handle-success	Checkout Repository	2026-02-22T17:18:25.3500665Z  * [new tag]             0.0.13                 -> 0.0.13
handle-success	Checkout Repository	2026-02-22T17:18:25.3501059Z  * [new tag]             0.0.130                -> 0.0.130
handle-success	Checkout Repository	2026-02-22T17:18:25.3501447Z  * [new tag]             0.0.131                -> 0.0.131
handle-success	Checkout Repository	2026-02-22T17:18:25.3501840Z  * [new tag]             0.0.132                -> 0.0.132
handle-success	Checkout Repository	2026-02-22T17:18:25.3502354Z  * [new tag]             0.0.133                -> 0.0.133
handle-success	Checkout Repository	2026-02-22T17:18:25.3502744Z  * [new tag]             0.0.134                -> 0.0.134
handle-success	Checkout Repository	2026-02-22T17:18:25.3503136Z  * [new tag]             0.0.135                -> 0.0.135
handle-success	Checkout Repository	2026-02-22T17:18:25.3503556Z  * [new tag]             0.0.136                -> 0.0.136
handle-success	Checkout Repository	2026-02-22T17:18:25.3503938Z  * [new tag]             0.0.137                -> 0.0.137
handle-success	Checkout Repository	2026-02-22T17:18:25.3504327Z  * [new tag]             0.0.138                -> 0.0.138
handle-success	Checkout Repository	2026-02-22T17:18:25.3504718Z  * [new tag]             0.0.139                -> 0.0.139
handle-success	Checkout Repository	2026-02-22T17:18:25.3505121Z  * [new tag]             0.0.14                 -> 0.0.14
handle-success	Checkout Repository	2026-02-22T17:18:25.3505513Z  * [new tag]             0.0.140                -> 0.0.140
handle-success	Checkout Repository	2026-02-22T17:18:25.3505905Z  * [new tag]             0.0.141                -> 0.0.141
handle-success	Checkout Repository	2026-02-22T17:18:25.3506331Z  * [new tag]             0.0.142                -> 0.0.142
handle-success	Checkout Repository	2026-02-22T17:18:25.3506769Z  * [new tag]             0.0.143                -> 0.0.143
handle-success	Checkout Repository	2026-02-22T17:18:25.3507202Z  * [new tag]             0.0.144                -> 0.0.144
handle-success	Checkout Repository	2026-02-22T17:18:25.3507601Z  * [new tag]             0.0.145                -> 0.0.145
handle-success	Checkout Repository	2026-02-22T17:18:25.3508277Z  * [new tag]             0.0.146                -> 0.0.146
handle-success	Checkout Repository	2026-02-22T17:18:25.3508691Z  * [new tag]             0.0.147                -> 0.0.147
handle-success	Checkout Repository	2026-02-22T17:18:25.3509080Z  * [new tag]             0.0.148                -> 0.0.148
handle-success	Checkout Repository	2026-02-22T17:18:25.3509468Z  * [new tag]             0.0.149                -> 0.0.149
handle-success	Checkout Repository	2026-02-22T17:18:25.3509857Z  * [new tag]             0.0.15                 -> 0.0.15
handle-success	Checkout Repository	2026-02-22T17:18:25.3510257Z  * [new tag]             0.0.150                -> 0.0.150
handle-success	Checkout Repository	2026-02-22T17:18:25.3510641Z  * [new tag]             0.0.151                -> 0.0.151
handle-success	Checkout Repository	2026-02-22T17:18:25.3511049Z  * [new tag]             0.0.152                -> 0.0.152
handle-success	Checkout Repository	2026-02-22T17:18:25.3511607Z  * [new tag]             0.0.153                -> 0.0.153
handle-success	Checkout Repository	2026-02-22T17:18:25.3511980Z  * [new tag]             0.0.154                -> 0.0.154
handle-success	Checkout Repository	2026-02-22T17:18:25.3512365Z  * [new tag]             0.0.155                -> 0.0.155
handle-success	Checkout Repository	2026-02-22T17:18:25.3512740Z  * [new tag]             0.0.156                -> 0.0.156
handle-success	Checkout Repository	2026-02-22T17:18:25.3513116Z  * [new tag]             0.0.157                -> 0.0.157
handle-success	Checkout Repository	2026-02-22T17:18:25.3513792Z  * [new tag]             0.0.158                -> 0.0.158
handle-success	Checkout Repository	2026-02-22T17:18:25.3514179Z  * [new tag]             0.0.159                -> 0.0.159
handle-success	Checkout Repository	2026-02-22T17:18:25.3514565Z  * [new tag]             0.0.16                 -> 0.0.16
handle-success	Checkout Repository	2026-02-22T17:18:25.3514950Z  * [new tag]             0.0.160                -> 0.0.160
handle-success	Checkout Repository	2026-02-22T17:18:25.3515347Z  * [new tag]             0.0.161                -> 0.0.161
handle-success	Checkout Repository	2026-02-22T17:18:25.3515732Z  * [new tag]             0.0.162                -> 0.0.162
handle-success	Checkout Repository	2026-02-22T17:18:25.3516121Z  * [new tag]             0.0.163                -> 0.0.163
handle-success	Checkout Repository	2026-02-22T17:18:25.3516508Z  * [new tag]             0.0.164                -> 0.0.164
handle-success	Checkout Repository	2026-02-22T17:18:25.3516895Z  * [new tag]             0.0.165                -> 0.0.165
handle-success	Checkout Repository	2026-02-22T17:18:25.3517300Z  * [new tag]             0.0.166                -> 0.0.166
handle-success	Checkout Repository	2026-02-22T17:18:25.3517687Z  * [new tag]             0.0.167                -> 0.0.167
handle-success	Checkout Repository	2026-02-22T17:18:25.3518491Z  * [new tag]             0.0.168                -> 0.0.168
handle-success	Checkout Repository	2026-02-22T17:18:25.3518880Z  * [new tag]             0.0.169                -> 0.0.169
handle-success	Checkout Repository	2026-02-22T17:18:25.3519270Z  * [new tag]             0.0.17                 -> 0.0.17
handle-success	Checkout Repository	2026-02-22T17:18:25.3519656Z  * [new tag]             0.0.170                -> 0.0.170
handle-success	Checkout Repository	2026-02-22T17:18:25.3520535Z  * [new tag]             0.0.171                -> 0.0.171
handle-success	Checkout Repository	2026-02-22T17:18:25.3520927Z  * [new tag]             0.0.172                -> 0.0.172
handle-success	Checkout Repository	2026-02-22T17:18:25.3521310Z  * [new tag]             0.0.173                -> 0.0.173
handle-success	Checkout Repository	2026-02-22T17:18:25.3521699Z  * [new tag]             0.0.174                -> 0.0.174
handle-success	Checkout Repository	2026-02-22T17:18:25.3522082Z  * [new tag]             0.0.175                -> 0.0.175
handle-success	Checkout Repository	2026-02-22T17:18:25.3522470Z  * [new tag]             0.0.176                -> 0.0.176
handle-success	Checkout Repository	2026-02-22T17:18:25.3522851Z  * [new tag]             0.0.177                -> 0.0.177
handle-success	Checkout Repository	2026-02-22T17:18:25.3523243Z  * [new tag]             0.0.178                -> 0.0.178
handle-success	Checkout Repository	2026-02-22T17:18:25.3523644Z  * [new tag]             0.0.179                -> 0.0.179
handle-success	Checkout Repository	2026-02-22T17:18:25.3524026Z  * [new tag]             0.0.18                 -> 0.0.18
handle-success	Checkout Repository	2026-02-22T17:18:25.3524418Z  * [new tag]             0.0.19                 -> 0.0.19
handle-success	Checkout Repository	2026-02-22T17:18:25.3524805Z  * [new tag]             0.0.2                  -> 0.0.2
handle-success	Checkout Repository	2026-02-22T17:18:25.3525337Z  * [new tag]             0.0.20                 -> 0.0.20
handle-success	Checkout Repository	2026-02-22T17:18:25.3525731Z  * [new tag]             0.0.21                 -> 0.0.21
handle-success	Checkout Repository	2026-02-22T17:18:25.3526128Z  * [new tag]             0.0.22                 -> 0.0.22
handle-success	Checkout Repository	2026-02-22T17:18:25.3526541Z  * [new tag]             0.0.23                 -> 0.0.23
handle-success	Checkout Repository	2026-02-22T17:18:25.3526935Z  * [new tag]             0.0.24                 -> 0.0.24
handle-success	Checkout Repository	2026-02-22T17:18:25.3527338Z  * [new tag]             0.0.25                 -> 0.0.25
handle-success	Checkout Repository	2026-02-22T17:18:25.3527730Z  * [new tag]             0.0.26                 -> 0.0.26
handle-success	Checkout Repository	2026-02-22T17:18:25.3528259Z  * [new tag]             0.0.27                 -> 0.0.27
handle-success	Checkout Repository	2026-02-22T17:18:25.3528782Z  * [new tag]             0.0.28                 -> 0.0.28
handle-success	Checkout Repository	2026-02-22T17:18:25.3529170Z  * [new tag]             0.0.29                 -> 0.0.29
handle-success	Checkout Repository	2026-02-22T17:18:25.3529558Z  * [new tag]             0.0.3                  -> 0.0.3
handle-success	Checkout Repository	2026-02-22T17:18:25.3529941Z  * [new tag]             0.0.30                 -> 0.0.30
handle-success	Checkout Repository	2026-02-22T17:18:25.3530342Z  * [new tag]             0.0.31                 -> 0.0.31
handle-success	Checkout Repository	2026-02-22T17:18:25.3530730Z  * [new tag]             0.0.32                 -> 0.0.32
handle-success	Checkout Repository	2026-02-22T17:18:25.3531118Z  * [new tag]             0.0.33                 -> 0.0.33
handle-success	Checkout Repository	2026-02-22T17:18:25.3531505Z  * [new tag]             0.0.34                 -> 0.0.34
handle-success	Checkout Repository	2026-02-22T17:18:25.3531896Z  * [new tag]             0.0.35                 -> 0.0.35
handle-success	Checkout Repository	2026-02-22T17:18:25.3532282Z  * [new tag]             0.0.36                 -> 0.0.36
handle-success	Checkout Repository	2026-02-22T17:18:25.3532662Z  * [new tag]             0.0.37                 -> 0.0.37
handle-success	Checkout Repository	2026-02-22T17:18:25.3533052Z  * [new tag]             0.0.38                 -> 0.0.38
handle-success	Checkout Repository	2026-02-22T17:18:25.3533651Z  * [new tag]             0.0.39                 -> 0.0.39
handle-success	Checkout Repository	2026-02-22T17:18:25.3534036Z  * [new tag]             0.0.4                  -> 0.0.4
handle-success	Checkout Repository	2026-02-22T17:18:25.3534421Z  * [new tag]             0.0.40                 -> 0.0.40
handle-success	Checkout Repository	2026-02-22T17:18:25.3534820Z  * [new tag]             0.0.41                 -> 0.0.41
handle-success	Checkout Repository	2026-02-22T17:18:25.3535208Z  * [new tag]             0.0.42                 -> 0.0.42
handle-success	Checkout Repository	2026-02-22T17:18:25.3535589Z  * [new tag]             0.0.43                 -> 0.0.43
handle-success	Checkout Repository	2026-02-22T17:18:25.3536119Z  * [new tag]             0.0.44                 -> 0.0.44
handle-success	Checkout Repository	2026-02-22T17:18:25.3536510Z  * [new tag]             0.0.45                 -> 0.0.45
handle-success	Checkout Repository	2026-02-22T17:18:25.3536907Z  * [new tag]             0.0.46                 -> 0.0.46
handle-success	Checkout Repository	2026-02-22T17:18:25.3537296Z  * [new tag]             0.0.47                 -> 0.0.47
handle-success	Checkout Repository	2026-02-22T17:18:25.3537689Z  * [new tag]             0.0.48                 -> 0.0.48
handle-success	Checkout Repository	2026-02-22T17:18:25.3538453Z  * [new tag]             0.0.49                 -> 0.0.49
handle-success	Checkout Repository	2026-02-22T17:18:25.3538833Z  * [new tag]             0.0.5                  -> 0.0.5
handle-success	Checkout Repository	2026-02-22T17:18:25.3539210Z  * [new tag]             0.0.50                 -> 0.0.50
handle-success	Checkout Repository	2026-02-22T17:18:25.3539584Z  * [new tag]             0.0.51                 -> 0.0.51
handle-success	Checkout Repository	2026-02-22T17:18:25.3540175Z  * [new tag]             0.0.52                 -> 0.0.52
handle-success	Checkout Repository	2026-02-22T17:18:25.3540545Z  * [new tag]             0.0.53                 -> 0.0.53
handle-success	Checkout Repository	2026-02-22T17:18:25.3540925Z  * [new tag]             0.0.54                 -> 0.0.54
handle-success	Checkout Repository	2026-02-22T17:18:25.3541299Z  * [new tag]             0.0.55                 -> 0.0.55
handle-success	Checkout Repository	2026-02-22T17:18:25.3541671Z  * [new tag]             0.0.56                 -> 0.0.56
handle-success	Checkout Repository	2026-02-22T17:18:25.3542045Z  * [new tag]             0.0.57                 -> 0.0.57
handle-success	Checkout Repository	2026-02-22T17:18:25.3542419Z  * [new tag]             0.0.58                 -> 0.0.58
handle-success	Checkout Repository	2026-02-22T17:18:25.3542792Z  * [new tag]             0.0.59                 -> 0.0.59
handle-success	Checkout Repository	2026-02-22T17:18:25.3543175Z  * [new tag]             0.0.6                  -> 0.0.6
handle-success	Checkout Repository	2026-02-22T17:18:25.3543552Z  * [new tag]             0.0.60                 -> 0.0.60
handle-success	Checkout Repository	2026-02-22T17:18:25.3543926Z  * [new tag]             0.0.61                 -> 0.0.61
handle-success	Checkout Repository	2026-02-22T17:18:25.3544301Z  * [new tag]             0.0.62                 -> 0.0.62
handle-success	Checkout Repository	2026-02-22T17:18:25.3544680Z  * [new tag]             0.0.63                 -> 0.0.63
handle-success	Checkout Repository	2026-02-22T17:18:25.3545050Z  * [new tag]             0.0.64                 -> 0.0.64
handle-success	Checkout Repository	2026-02-22T17:18:25.3545418Z  * [new tag]             0.0.65                 -> 0.0.65
handle-success	Checkout Repository	2026-02-22T17:18:25.3545791Z  * [new tag]             0.0.66                 -> 0.0.66
handle-success	Checkout Repository	2026-02-22T17:18:25.3546160Z  * [new tag]             0.0.67                 -> 0.0.67
handle-success	Checkout Repository	2026-02-22T17:18:25.3546530Z  * [new tag]             0.0.68                 -> 0.0.68
handle-success	Checkout Repository	2026-02-22T17:18:25.3546893Z  * [new tag]             0.0.69                 -> 0.0.69
handle-success	Checkout Repository	2026-02-22T17:18:25.3547265Z  * [new tag]             0.0.7                  -> 0.0.7
handle-success	Checkout Repository	2026-02-22T17:18:25.3547639Z  * [new tag]             0.0.70                 -> 0.0.70
handle-success	Checkout Repository	2026-02-22T17:18:25.3548545Z  * [new tag]             0.0.71                 -> 0.0.71
handle-success	Checkout Repository	2026-02-22T17:18:25.3549049Z  * [new tag]             0.0.72                 -> 0.0.72
handle-success	Checkout Repository	2026-02-22T17:18:25.3549547Z  * [new tag]             0.0.73                 -> 0.0.73
handle-success	Checkout Repository	2026-02-22T17:18:25.3549926Z  * [new tag]             0.0.74                 -> 0.0.74
handle-success	Checkout Repository	2026-02-22T17:18:25.3550290Z  * [new tag]             0.0.75                 -> 0.0.75
handle-success	Checkout Repository	2026-02-22T17:18:25.3550658Z  * [new tag]             0.0.76                 -> 0.0.76
handle-success	Checkout Repository	2026-02-22T17:18:25.3551026Z  * [new tag]             0.0.77                 -> 0.0.77
handle-success	Checkout Repository	2026-02-22T17:18:25.3551396Z  * [new tag]             0.0.78                 -> 0.0.78
handle-success	Checkout Repository	2026-02-22T17:18:25.3551761Z  * [new tag]             0.0.79                 -> 0.0.79
handle-success	Checkout Repository	2026-02-22T17:18:25.3552131Z  * [new tag]             0.0.8                  -> 0.0.8
handle-success	Checkout Repository	2026-02-22T17:18:25.3552502Z  * [new tag]             0.0.80                 -> 0.0.80
handle-success	Checkout Repository	2026-02-22T17:18:25.3553070Z  * [new tag]             0.0.81                 -> 0.0.81
handle-success	Checkout Repository	2026-02-22T17:18:25.3553441Z  * [new tag]             0.0.82                 -> 0.0.82
handle-success	Checkout Repository	2026-02-22T17:18:25.3553808Z  * [new tag]             0.0.83                 -> 0.0.83
handle-success	Checkout Repository	2026-02-22T17:18:25.3554178Z  * [new tag]             0.0.84                 -> 0.0.84
handle-success	Checkout Repository	2026-02-22T17:18:25.3554551Z  * [new tag]             0.0.85                 -> 0.0.85
handle-success	Checkout Repository	2026-02-22T17:18:25.3554923Z  * [new tag]             0.0.86                 -> 0.0.86
handle-success	Checkout Repository	2026-02-22T17:18:25.3555292Z  * [new tag]             0.0.87                 -> 0.0.87
handle-success	Checkout Repository	2026-02-22T17:18:25.3555658Z  * [new tag]             0.0.88                 -> 0.0.88
handle-success	Checkout Repository	2026-02-22T17:18:25.3556031Z  * [new tag]             0.0.89                 -> 0.0.89
handle-success	Checkout Repository	2026-02-22T17:18:25.3556397Z  * [new tag]             0.0.9                  -> 0.0.9
handle-success	Checkout Repository	2026-02-22T17:18:25.3556767Z  * [new tag]             0.0.90                 -> 0.0.90
handle-success	Checkout Repository	2026-02-22T17:18:25.3557135Z  * [new tag]             0.0.91                 -> 0.0.91
handle-success	Checkout Repository	2026-02-22T17:18:25.3557517Z  * [new tag]             0.0.92                 -> 0.0.92
handle-success	Checkout Repository	2026-02-22T17:18:25.3558268Z  * [new tag]             0.0.93                 -> 0.0.93
handle-success	Checkout Repository	2026-02-22T17:18:25.3558776Z  * [new tag]             0.0.94                 -> 0.0.94
handle-success	Checkout Repository	2026-02-22T17:18:25.3559465Z  * [new tag]             0.0.95                 -> 0.0.95
handle-success	Checkout Repository	2026-02-22T17:18:25.3559831Z  * [new tag]             0.0.96                 -> 0.0.96
handle-success	Checkout Repository	2026-02-22T17:18:25.3560202Z  * [new tag]             0.0.97                 -> 0.0.97
handle-success	Checkout Repository	2026-02-22T17:18:25.3560568Z  * [new tag]             0.0.98                 -> 0.0.98
handle-success	Checkout Repository	2026-02-22T17:18:25.3560937Z  * [new tag]             0.0.99                 -> 0.0.99
handle-success	Checkout Repository	2026-02-22T17:18:25.3561308Z  * [new tag]             0.1.0                  -> 0.1.0
handle-success	Checkout Repository	2026-02-22T17:18:25.3561670Z  * [new tag]             0.1.1                  -> 0.1.1
handle-success	Checkout Repository	2026-02-22T17:18:25.3562040Z  * [new tag]             0.2.0                  -> 0.2.0
handle-success	Checkout Repository	2026-02-22T17:18:25.3562410Z  * [new tag]             0.3.0                  -> 0.3.0
handle-success	Checkout Repository	2026-02-22T17:18:25.3562776Z  * [new tag]             0.3.1                  -> 0.3.1
handle-success	Checkout Repository	2026-02-22T17:18:25.3563138Z  * [new tag]             0.3.10                 -> 0.3.10
handle-success	Checkout Repository	2026-02-22T17:18:25.3563512Z  * [new tag]             0.3.11                 -> 0.3.11
handle-success	Checkout Repository	2026-02-22T17:18:25.3563895Z  * [new tag]             0.3.12                 -> 0.3.12
handle-success	Checkout Repository	2026-02-22T17:18:25.3564284Z  * [new tag]             0.3.13                 -> 0.3.13
handle-success	Checkout Repository	2026-02-22T17:18:25.3564651Z  * [new tag]             0.3.14                 -> 0.3.14
handle-success	Checkout Repository	2026-02-22T17:18:25.3565176Z  * [new tag]             0.3.15                 -> 0.3.15
handle-success	Checkout Repository	2026-02-22T17:18:25.3565551Z  * [new tag]             0.3.16                 -> 0.3.16
handle-success	Checkout Repository	2026-02-22T17:18:25.3566055Z  * [new tag]             0.3.17                 -> 0.3.17
handle-success	Checkout Repository	2026-02-22T17:18:25.3566424Z  * [new tag]             0.3.2                  -> 0.3.2
handle-success	Checkout Repository	2026-02-22T17:18:25.3566793Z  * [new tag]             0.3.3                  -> 0.3.3
handle-success	Checkout Repository	2026-02-22T17:18:25.3567170Z  * [new tag]             0.3.4                  -> 0.3.4
handle-success	Checkout Repository	2026-02-22T17:18:25.3567531Z  * [new tag]             0.3.5                  -> 0.3.5
handle-success	Checkout Repository	2026-02-22T17:18:25.3568310Z  * [new tag]             0.3.6                  -> 0.3.6
handle-success	Checkout Repository	2026-02-22T17:18:25.3568801Z  * [new tag]             0.3.7                  -> 0.3.7
handle-success	Checkout Repository	2026-02-22T17:18:25.3569176Z  * [new tag]             0.3.8                  -> 0.3.8
handle-success	Checkout Repository	2026-02-22T17:18:25.3569541Z  * [new tag]             0.3.9                  -> 0.3.9
handle-success	Checkout Repository	2026-02-22T17:18:25.3569909Z  * [new tag]             0.4.0                  -> 0.4.0
handle-success	Checkout Repository	2026-02-22T17:18:25.3570278Z  * [new tag]             0.4.1                  -> 0.4.1
handle-success	Checkout Repository	2026-02-22T17:18:25.3570640Z  * [new tag]             0.4.2                  -> 0.4.2
handle-success	Checkout Repository	2026-02-22T17:18:25.3571004Z  * [new tag]             0.4.3                  -> 0.4.3
handle-success	Checkout Repository	2026-02-22T17:18:25.3571367Z  * [new tag]             0.4.4                  -> 0.4.4
handle-success	Checkout Repository	2026-02-22T17:18:25.3571737Z  * [new tag]             0.4.5                  -> 0.4.5
handle-success	Checkout Repository	2026-02-22T17:18:25.3572331Z  * [new tag]             0.4.6                  -> 0.4.6
handle-success	Checkout Repository	2026-02-22T17:18:25.3572709Z  * [new tag]             0.4.7                  -> 0.4.7
handle-success	Checkout Repository	2026-02-22T17:18:25.3573156Z  * [new tag]             0.4.8                  -> 0.4.8
handle-success	Checkout Repository	2026-02-22T17:18:25.3573518Z  * [new tag]             0.4.9                  -> 0.4.9
handle-success	Checkout Repository	2026-02-22T17:18:25.3573892Z  * [new tag]             0.5.0                  -> 0.5.0
handle-success	Checkout Repository	2026-02-22T17:18:25.3574255Z  * [new tag]             0.5.1                  -> 0.5.1
handle-success	Checkout Repository	2026-02-22T17:18:25.3574624Z  * [new tag]             0.5.2                  -> 0.5.2
handle-success	Checkout Repository	2026-02-22T17:18:25.3574989Z  * [new tag]             0.6.0                  -> 0.6.0
handle-success	Checkout Repository	2026-02-22T17:18:25.3575355Z  * [new tag]             0.6.1                  -> 0.6.1
handle-success	Checkout Repository	2026-02-22T17:18:25.3575722Z  * [new tag]             0.6.2                  -> 0.6.2
handle-success	Checkout Repository	2026-02-22T17:18:25.3831645Z [command]/usr/bin/git branch --list --remote origin/main
handle-success	Checkout Repository	2026-02-22T17:18:25.3905209Z   origin/main
handle-success	Checkout Repository	2026-02-22T17:18:25.3917918Z [command]/usr/bin/git rev-parse refs/remotes/origin/main
handle-success	Checkout Repository	2026-02-22T17:18:25.3951291Z 93601d59d02ea61c69e546520113ccc9bd008abf
handle-success	Checkout Repository	2026-02-22T17:18:25.3964977Z [command]/usr/bin/git -c protocol.version=2 fetch --no-tags --prune --no-recurse-submodules origin +87bca1bd45286ac065515da3c93580eafb0ce413:refs/remotes/origin/main
handle-success	Checkout Repository	2026-02-22T17:18:25.4148399Z From https://github.com/Ka0s-Klaus/ka0s
handle-success	Checkout Repository	2026-02-22T17:18:25.4149173Z  + 93601d59d...87bca1bd4 87bca1bd45286ac065515da3c93580eafb0ce413 -> origin/main  (forced update)
handle-success	Checkout Repository	2026-02-22T17:18:25.4185507Z ##[endgroup]
handle-success	Checkout Repository	2026-02-22T17:18:25.4186072Z ##[group]Determining the checkout info
handle-success	Checkout Repository	2026-02-22T17:18:25.4186595Z ##[endgroup]
handle-success	Checkout Repository	2026-02-22T17:18:25.4192684Z [command]/usr/bin/git sparse-checkout disable
handle-success	Checkout Repository	2026-02-22T17:18:25.4243898Z [command]/usr/bin/git config --local --unset-all extensions.worktreeConfig
handle-success	Checkout Repository	2026-02-22T17:18:25.4282125Z ##[group]Checking out the ref
handle-success	Checkout Repository	2026-02-22T17:18:25.4287078Z [command]/usr/bin/git checkout --progress --force -B main refs/remotes/origin/main
handle-success	Checkout Repository	2026-02-22T17:18:25.6789001Z Switched to a new branch 'main'
handle-success	Checkout Repository	2026-02-22T17:18:25.6792863Z branch 'main' set up to track 'origin/main'.
handle-success	Checkout Repository	2026-02-22T17:18:25.6888990Z ##[endgroup]
handle-success	Checkout Repository	2026-02-22T17:18:25.6894022Z [command]/usr/bin/git log -1 --format=%H
handle-success	Checkout Repository	2026-02-22T17:18:25.6930796Z 87bca1bd45286ac065515da3c93580eafb0ce413
handle-success	Install GH CLI	ï»¿2026-02-22T17:18:25.7172754Z Prepare all required actions
handle-success	Install GH CLI	2026-02-22T17:18:25.7310006Z ##[group]Run ./.github/actions/install-gh-cli
handle-success	Install GH CLI	2026-02-22T17:18:25.7310333Z env:
handle-success	Install GH CLI	2026-02-22T17:18:25.7310958Z   GH_TOKEN: ***
handle-success	Install GH CLI	2026-02-22T17:18:25.7311293Z ##[endgroup]
handle-success	Install GH CLI	2026-02-22T17:18:25.7397001Z ##[group]Run type -p curl >/dev/null || (sudo apt-get update && sudo apt-get install curl -y)
handle-success	Install GH CLI	2026-02-22T17:18:25.7397681Z [36;1mtype -p curl >/dev/null || (sudo apt-get update && sudo apt-get install curl -y)[0m
handle-success	Install GH CLI	2026-02-22T17:18:25.7399426Z [36;1mcurl -fsSL https://cli.github.com/packages/githubcli-archive-keyring.gpg | sudo dd of=/usr/share/keyrings/githubcli-archive-keyring.gpg \[0m
handle-success	Install GH CLI	2026-02-22T17:18:25.7400273Z [36;1m&& sudo chmod go+r /usr/share/keyrings/githubcli-archive-keyring.gpg \[0m
handle-success	Install GH CLI	2026-02-22T17:18:25.7401509Z [36;1m&& echo "deb [arch=$(dpkg --print-architecture) signed-by=/usr/share/keyrings/githubcli-archive-keyring.gpg] https://cli.github.com/packages stable main" | sudo tee /etc/apt/sources.list.d/github-cli.list > /dev/null \[0m
handle-success	Install GH CLI	2026-02-22T17:18:25.7402539Z [36;1m&& sudo apt-get update \[0m
handle-success	Install GH CLI	2026-02-22T17:18:25.7402816Z [36;1m&& sudo apt-get install gh -y[0m
handle-success	Install GH CLI	2026-02-22T17:18:25.7417323Z shell: /usr/bin/bash --noprofile --norc -e -o pipefail {0}
handle-success	Install GH CLI	2026-02-22T17:18:25.7417983Z env:
handle-success	Install GH CLI	2026-02-22T17:18:25.7418550Z   GH_TOKEN: ***
handle-success	Install GH CLI	2026-02-22T17:18:25.7418750Z ##[endgroup]
handle-success	Install GH CLI	2026-02-22T17:18:25.8932722Z 4+1 records in
handle-success	Install GH CLI	2026-02-22T17:18:25.8933013Z 4+1 records out
handle-success	Install GH CLI	2026-02-22T17:18:25.8933318Z 2270 bytes (2.3 kB, 2.2 KiB) copied, 0.129609 s, 17.5 kB/s
handle-success	Install GH CLI	2026-02-22T17:18:26.0256320Z Get:1 https://cli.github.com/packages stable InRelease [3917 B]
handle-success	Install GH CLI	2026-02-22T17:18:26.0647487Z Get:2 http://archive.ubuntu.com/ubuntu noble InRelease [256 kB]
handle-success	Install GH CLI	2026-02-22T17:18:26.1090088Z Get:3 http://security.ubuntu.com/ubuntu noble-security InRelease [126 kB]
handle-success	Install GH CLI	2026-02-22T17:18:26.1202095Z Get:4 https://cli.github.com/packages stable/main amd64 Packages [356 B]
handle-success	Install GH CLI	2026-02-22T17:18:26.1922996Z Get:5 https://ppa.launchpadcontent.net/git-core/ppa/ubuntu noble InRelease [24.3 kB]
handle-success	Install GH CLI	2026-02-22T17:18:26.2508678Z Get:6 http://archive.ubuntu.com/ubuntu noble-updates InRelease [126 kB]
handle-success	Install GH CLI	2026-02-22T17:18:26.2936005Z Get:7 https://ppa.launchpadcontent.net/git-core/ppa/ubuntu noble/main amd64 Packages [2992 B]
handle-success	Install GH CLI	2026-02-22T17:18:26.2949372Z Get:8 http://archive.ubuntu.com/ubuntu noble-backports InRelease [126 kB]
handle-success	Install GH CLI	2026-02-22T17:18:26.3796646Z Get:9 http://archive.ubuntu.com/ubuntu noble/universe amd64 Packages [19.3 MB]
handle-success	Install GH CLI	2026-02-22T17:18:26.5433253Z Get:10 http://security.ubuntu.com/ubuntu noble-security/main amd64 Packages [1857 kB]
handle-success	Install GH CLI	2026-02-22T17:18:26.7126774Z Get:11 http://archive.ubuntu.com/ubuntu noble/main amd64 Packages [1808 kB]
handle-success	Install GH CLI	2026-02-22T17:18:26.7635122Z Get:12 http://archive.ubuntu.com/ubuntu noble/multiverse amd64 Packages [331 kB]
handle-success	Install GH CLI	2026-02-22T17:18:26.7658733Z Get:13 http://archive.ubuntu.com/ubuntu noble/restricted amd64 Packages [117 kB]
handle-success	Install GH CLI	2026-02-22T17:18:26.7668008Z Get:14 http://archive.ubuntu.com/ubuntu noble-updates/multiverse amd64 Packages [38.1 kB]
handle-success	Install GH CLI	2026-02-22T17:18:26.7672104Z Get:15 http://archive.ubuntu.com/ubuntu noble-updates/restricted amd64 Packages [3381 kB]
handle-success	Install GH CLI	2026-02-22T17:18:26.8063704Z Get:16 http://archive.ubuntu.com/ubuntu noble-updates/universe amd64 Packages [2016 kB]
handle-success	Install GH CLI	2026-02-22T17:18:26.8242048Z Get:17 http://archive.ubuntu.com/ubuntu noble-updates/main amd64 Packages [2240 kB]
handle-success	Install GH CLI	2026-02-22T17:18:26.8430542Z Get:18 http://archive.ubuntu.com/ubuntu noble-backports/universe amd64 Packages [34.6 kB]
handle-success	Install GH CLI	2026-02-22T17:18:26.8438693Z Get:19 http://archive.ubuntu.com/ubuntu noble-backports/main amd64 Packages [49.5 kB]
handle-success	Install GH CLI	2026-02-22T17:18:26.8569938Z Get:20 http://security.ubuntu.com/ubuntu noble-security/universe amd64 Packages [1207 kB]
handle-success	Install GH CLI	2026-02-22T17:18:26.9086404Z Get:21 http://security.ubuntu.com/ubuntu noble-security/restricted amd64 Packages [3196 kB]
handle-success	Install GH CLI	2026-02-22T17:18:26.9756449Z Get:22 http://security.ubuntu.com/ubuntu noble-security/multiverse amd64 Packages [34.8 kB]
handle-success	Install GH CLI	2026-02-22T17:18:28.2587533Z Fetched 36.3 MB in 2s (16.0 MB/s)
handle-success	Install GH CLI	2026-02-22T17:18:29.1910165Z Reading package lists...
handle-success	Install GH CLI	2026-02-22T17:18:30.1563541Z Reading package lists...
handle-success	Install GH CLI	2026-02-22T17:18:30.3808242Z Building dependency tree...
handle-success	Install GH CLI	2026-02-22T17:18:30.3808690Z Reading state information...
handle-success	Install GH CLI	2026-02-22T17:18:30.7374194Z The following NEW packages will be installed:
handle-success	Install GH CLI	2026-02-22T17:18:30.7398543Z   gh
handle-success	Install GH CLI	2026-02-22T17:18:31.3039240Z 0 upgraded, 1 newly installed, 0 to remove and 26 not upgraded.
handle-success	Install GH CLI	2026-02-22T17:18:31.3041240Z Need to get 13.8 MB of archives.
handle-success	Install GH CLI	2026-02-22T17:18:31.3043408Z After this operation, 38.4 MB of additional disk space will be used.
handle-success	Install GH CLI	2026-02-22T17:18:31.3045818Z Get:1 https://cli.github.com/packages stable/main amd64 gh amd64 2.87.2 [13.8 MB]
handle-success	Install GH CLI	2026-02-22T17:18:31.7193599Z debconf: delaying package configuration, since apt-utils is not installed
handle-success	Install GH CLI	2026-02-22T17:18:31.7693009Z Fetched 13.8 MB in 1s (18.1 MB/s)
handle-success	Install GH CLI	2026-02-22T17:18:31.8039073Z Selecting previously unselected package gh.
handle-success	Install GH CLI	2026-02-22T17:18:31.8094453Z (Reading database ... 
handle-success	Install GH CLI	2026-02-22T17:18:31.8094909Z (Reading database ... 5%
handle-success	Install GH CLI	2026-02-22T17:18:31.8095315Z (Reading database ... 10%
handle-success	Install GH CLI	2026-02-22T17:18:31.8095741Z (Reading database ... 15%
handle-success	Install GH CLI	2026-02-22T17:18:31.8096151Z (Reading database ... 20%
handle-success	Install GH CLI	2026-02-22T17:18:31.8096550Z (Reading database ... 25%
handle-success	Install GH CLI	2026-02-22T17:18:31.8096940Z (Reading database ... 30%
handle-success	Install GH CLI	2026-02-22T17:18:31.8097326Z (Reading database ... 35%
handle-success	Install GH CLI	2026-02-22T17:18:31.8097721Z (Reading database ... 40%
handle-success	Install GH CLI	2026-02-22T17:18:31.8098413Z (Reading database ... 45%
handle-success	Install GH CLI	2026-02-22T17:18:31.8098806Z (Reading database ... 50%
handle-success	Install GH CLI	2026-02-22T17:18:31.8099185Z (Reading database ... 55%
handle-success	Install GH CLI	2026-02-22T17:18:31.8099571Z (Reading database ... 60%
handle-success	Install GH CLI	2026-02-22T17:18:31.8105731Z (Reading database ... 65%
handle-success	Install GH CLI	2026-02-22T17:18:31.8141300Z (Reading database ... 70%
handle-success	Install GH CLI	2026-02-22T17:18:31.8149333Z (Reading database ... 75%
handle-success	Install GH CLI	2026-02-22T17:18:31.8171774Z (Reading database ... 80%
handle-success	Install GH CLI	2026-02-22T17:18:31.8178053Z (Reading database ... 85%
handle-success	Install GH CLI	2026-02-22T17:18:31.8195297Z (Reading database ... 90%
handle-success	Install GH CLI	2026-02-22T17:18:31.8227046Z (Reading database ... 95%
handle-success	Install GH CLI	2026-02-22T17:18:31.8227556Z (Reading database ... 100%
handle-success	Install GH CLI	2026-02-22T17:18:31.8228277Z (Reading database ... 14385 files and directories currently installed.)
handle-success	Install GH CLI	2026-02-22T17:18:31.8237477Z Preparing to unpack .../archives/gh_2.87.2_amd64.deb ...
handle-success	Install GH CLI	2026-02-22T17:18:31.8272310Z Unpacking gh (2.87.2) ...
handle-success	Install GH CLI	2026-02-22T17:18:32.0646815Z Setting up gh (2.87.2) ...
handle-success	Trigger Cluster Audit	ï»¿2026-02-22T17:18:32.1131367Z ##[group]Run echo "ðŸ“¸ Triggering post-watchdog cluster audit..."
handle-success	Trigger Cluster Audit	2026-02-22T17:18:32.1131911Z [36;1mecho "ðŸ“¸ Triggering post-watchdog cluster audit..."[0m
handle-success	Trigger Cluster Audit	2026-02-22T17:18:32.1132374Z [36;1mgh workflow run audit-cluster-status.yml --ref main[0m
handle-success	Trigger Cluster Audit	2026-02-22T17:18:32.1144466Z shell: /usr/bin/bash -e {0}
handle-success	Trigger Cluster Audit	2026-02-22T17:18:32.1144731Z env:
handle-success	Trigger Cluster Audit	2026-02-22T17:18:32.1145295Z   GH_TOKEN: ***
handle-success	Trigger Cluster Audit	2026-02-22T17:18:32.1145510Z ##[endgroup]
handle-success	Trigger Cluster Audit	2026-02-22T17:18:32.1181355Z ðŸ“¸ Triggering post-watchdog cluster audit...
handle-success	Trigger Cluster Audit	2026-02-22T17:18:33.8165521Z https://github.com/Ka0s-Klaus/ka0s/actions/runs/22281693539
handle-success	Post Checkout Repository	ï»¿2026-02-22T17:18:33.8819605Z Post job cleanup.
handle-success	Post Checkout Repository	2026-02-22T17:18:33.9920305Z [command]/usr/bin/git version
handle-success	Post Checkout Repository	2026-02-22T17:18:33.9966418Z git version 2.52.0
handle-success	Post Checkout Repository	2026-02-22T17:18:34.0020397Z Temporarily overriding HOME='/home/runner/_work/_temp/35923b9e-a724-46ce-86a3-d468a3950a55' before making global git config changes
handle-success	Post Checkout Repository	2026-02-22T17:18:34.0021267Z Adding repository directory to the temporary git global config as a safe directory
handle-success	Post Checkout Repository	2026-02-22T17:18:34.0028472Z [command]/usr/bin/git config --global --add safe.directory /home/runner/_work/ka0s/ka0s
handle-success	Post Checkout Repository	2026-02-22T17:18:34.0092025Z [command]/usr/bin/git config --local --name-only --get-regexp core\.sshCommand
handle-success	Post Checkout Repository	2026-02-22T17:18:34.0139562Z [command]/usr/bin/git submodule foreach --recursive sh -c "git config --local --name-only --get-regexp 'core\.sshCommand' && git config --local --unset-all 'core.sshCommand' || :"
handle-success	Post Checkout Repository	2026-02-22T17:18:34.0481628Z [command]/usr/bin/git config --local --name-only --get-regexp http\.https\:\/\/github\.com\/\.extraheader
handle-success	Post Checkout Repository	2026-02-22T17:18:34.0511390Z http.https://github.com/.extraheader
handle-success	Post Checkout Repository	2026-02-22T17:18:34.0525937Z [command]/usr/bin/git config --local --unset-all http.https://github.com/.extraheader
handle-success	Post Checkout Repository	2026-02-22T17:18:34.0570023Z [command]/usr/bin/git submodule foreach --recursive sh -c "git config --local --name-only --get-regexp 'http\.https\:\/\/github\.com\/\.extraheader' && git config --local --unset-all 'http.https://github.com/.extraheader' || :"
handle-success	Post Checkout Repository	2026-02-22T17:18:34.0909348Z [command]/usr/bin/git config --local --name-only --get-regexp ^includeIf\.gitdir:
handle-success	Post Checkout Repository	2026-02-22T17:18:34.0949053Z [command]/usr/bin/git submodule foreach --recursive git config --local --show-origin --name-only --get-regexp remote.origin.url
handle-success	Complete job	ï»¿2026-02-22T17:18:34.1421145Z Cleaning up orphan processes
end-workflow	Set up job	ï»¿2026-02-22T17:18:45.6177367Z Current runner version: '2.331.0'
end-workflow	Set up job	2026-02-22T17:18:45.6186141Z Runner name: 'swarm-runners-scaleset-hkss5-runner-hdwsp'
end-workflow	Set up job	2026-02-22T17:18:45.6187378Z Runner group name: 'Default'
end-workflow	Set up job	2026-02-22T17:18:45.6188722Z Machine name: 'swarm-runners-scaleset-hkss5-runner-hdwsp'
end-workflow	Set up job	2026-02-22T17:18:45.6192427Z ##[group]GITHUB_TOKEN Permissions
end-workflow	Set up job	2026-02-22T17:18:45.6195348Z Actions: write
end-workflow	Set up job	2026-02-22T17:18:45.6195951Z Contents: read
end-workflow	Set up job	2026-02-22T17:18:45.6196593Z Metadata: read
end-workflow	Set up job	2026-02-22T17:18:45.6197196Z ##[endgroup]
end-workflow	Set up job	2026-02-22T17:18:45.6199931Z Secret source: Actions
end-workflow	Set up job	2026-02-22T17:18:45.6200779Z Prepare workflow directory
end-workflow	Set up job	2026-02-22T17:18:45.6590768Z Prepare all required actions
end-workflow	Set up job	2026-02-22T17:18:45.6635710Z Getting action download info
end-workflow	Set up job	2026-02-22T17:18:46.2257171Z Download action repository 'actions/checkout@v4' (SHA:34e114876b0b11c390a56381ad16ebd13914f8d5)
end-workflow	Set up job	2026-02-22T17:18:47.1141855Z Complete job name: end-workflow
end-workflow	Checkout Repository	ï»¿2026-02-22T17:18:47.2428921Z ##[group]Run actions/checkout@v4
end-workflow	Checkout Repository	2026-02-22T17:18:47.2430086Z with:
end-workflow	Checkout Repository	2026-02-22T17:18:47.2430549Z   fetch-depth: 0
end-workflow	Checkout Repository	2026-02-22T17:18:47.2430963Z   repository: Ka0s-Klaus/ka0s
end-workflow	Checkout Repository	2026-02-22T17:18:47.2431690Z   token: ***
end-workflow	Checkout Repository	2026-02-22T17:18:47.2432077Z   ssh-strict: true
end-workflow	Checkout Repository	2026-02-22T17:18:47.2432468Z   ssh-user: git
end-workflow	Checkout Repository	2026-02-22T17:18:47.2432868Z   persist-credentials: true
end-workflow	Checkout Repository	2026-02-22T17:18:47.2433315Z   clean: true
end-workflow	Checkout Repository	2026-02-22T17:18:47.2433717Z   sparse-checkout-cone-mode: true
end-workflow	Checkout Repository	2026-02-22T17:18:47.2434848Z   fetch-tags: false
end-workflow	Checkout Repository	2026-02-22T17:18:47.2435285Z   show-progress: true
end-workflow	Checkout Repository	2026-02-22T17:18:47.2435696Z   lfs: false
end-workflow	Checkout Repository	2026-02-22T17:18:47.2436064Z   submodules: false
end-workflow	Checkout Repository	2026-02-22T17:18:47.2436471Z   set-safe-directory: true
end-workflow	Checkout Repository	2026-02-22T17:18:47.2437289Z ##[endgroup]
end-workflow	Checkout Repository	2026-02-22T17:18:47.3766244Z Syncing repository: Ka0s-Klaus/ka0s
end-workflow	Checkout Repository	2026-02-22T17:18:47.3768433Z ##[group]Getting Git version info
end-workflow	Checkout Repository	2026-02-22T17:18:47.3769100Z Working directory is '/home/runner/_work/ka0s/ka0s'
end-workflow	Checkout Repository	2026-02-22T17:18:47.3770037Z [command]/usr/bin/git version
end-workflow	Checkout Repository	2026-02-22T17:18:47.3770610Z git version 2.52.0
end-workflow	Checkout Repository	2026-02-22T17:18:47.3772140Z ##[endgroup]
end-workflow	Checkout Repository	2026-02-22T17:18:47.3777482Z Temporarily overriding HOME='/home/runner/_work/_temp/d158ba3b-4831-4c3b-9974-7dbfb0ba8325' before making global git config changes
end-workflow	Checkout Repository	2026-02-22T17:18:47.3779141Z Adding repository directory to the temporary git global config as a safe directory
end-workflow	Checkout Repository	2026-02-22T17:18:47.3780216Z [command]/usr/bin/git config --global --add safe.directory /home/runner/_work/ka0s/ka0s
end-workflow	Checkout Repository	2026-02-22T17:18:47.3826250Z Deleting the contents of '/home/runner/_work/ka0s/ka0s'
end-workflow	Checkout Repository	2026-02-22T17:18:47.3831133Z ##[group]Initializing the repository
end-workflow	Checkout Repository	2026-02-22T17:18:47.3835715Z [command]/usr/bin/git init /home/runner/_work/ka0s/ka0s
end-workflow	Checkout Repository	2026-02-22T17:18:47.3890795Z hint: Using 'master' as the name for the initial branch. This default branch name
end-workflow	Checkout Repository	2026-02-22T17:18:47.3893373Z hint: will change to "main" in Git 3.0. To configure the initial branch name
end-workflow	Checkout Repository	2026-02-22T17:18:47.3894308Z hint: to use in all of your new repositories, which will suppress this warning,
end-workflow	Checkout Repository	2026-02-22T17:18:47.3895113Z hint: call:
end-workflow	Checkout Repository	2026-02-22T17:18:47.3895498Z hint:
end-workflow	Checkout Repository	2026-02-22T17:18:47.3895993Z hint: 	git config --global init.defaultBranch <name>
end-workflow	Checkout Repository	2026-02-22T17:18:47.3896583Z hint:
end-workflow	Checkout Repository	2026-02-22T17:18:47.3897134Z hint: Names commonly chosen instead of 'master' are 'main', 'trunk' and
end-workflow	Checkout Repository	2026-02-22T17:18:47.3898142Z hint: 'development'. The just-created branch can be renamed via this command:
end-workflow	Checkout Repository	2026-02-22T17:18:47.3898860Z hint:
end-workflow	Checkout Repository	2026-02-22T17:18:47.3899249Z hint: 	git branch -m <name>
end-workflow	Checkout Repository	2026-02-22T17:18:47.3899712Z hint:
end-workflow	Checkout Repository	2026-02-22T17:18:47.3900314Z hint: Disable this message with "git config set advice.defaultBranchName false"
end-workflow	Checkout Repository	2026-02-22T17:18:47.3901257Z Initialized empty Git repository in /home/runner/_work/ka0s/ka0s/.git/
end-workflow	Checkout Repository	2026-02-22T17:18:47.3906224Z [command]/usr/bin/git remote add origin https://github.com/Ka0s-Klaus/ka0s
end-workflow	Checkout Repository	2026-02-22T17:18:47.3955685Z ##[endgroup]
end-workflow	Checkout Repository	2026-02-22T17:18:47.3956540Z ##[group]Disabling automatic garbage collection
end-workflow	Checkout Repository	2026-02-22T17:18:47.3957197Z [command]/usr/bin/git config --local gc.auto 0
end-workflow	Checkout Repository	2026-02-22T17:18:47.3996220Z ##[endgroup]
end-workflow	Checkout Repository	2026-02-22T17:18:47.3997682Z ##[group]Setting up auth
end-workflow	Checkout Repository	2026-02-22T17:18:47.4005448Z [command]/usr/bin/git config --local --name-only --get-regexp core\.sshCommand
end-workflow	Checkout Repository	2026-02-22T17:18:47.4091390Z [command]/usr/bin/git submodule foreach --recursive sh -c "git config --local --name-only --get-regexp 'core\.sshCommand' && git config --local --unset-all 'core.sshCommand' || :"
end-workflow	Checkout Repository	2026-02-22T17:18:47.4430748Z [command]/usr/bin/git config --local --name-only --get-regexp http\.https\:\/\/github\.com\/\.extraheader
end-workflow	Checkout Repository	2026-02-22T17:18:47.4471005Z [command]/usr/bin/git submodule foreach --recursive sh -c "git config --local --name-only --get-regexp 'http\.https\:\/\/github\.com\/\.extraheader' && git config --local --unset-all 'http.https://github.com/.extraheader' || :"
end-workflow	Checkout Repository	2026-02-22T17:18:47.4799267Z [command]/usr/bin/git config --local --name-only --get-regexp ^includeIf\.gitdir:
end-workflow	Checkout Repository	2026-02-22T17:18:47.4850226Z [command]/usr/bin/git submodule foreach --recursive git config --local --show-origin --name-only --get-regexp remote.origin.url
end-workflow	Checkout Repository	2026-02-22T17:18:47.5184881Z [command]/usr/bin/git config --local http.https://github.com/.extraheader AUTHORIZATION: basic ***
end-workflow	Checkout Repository	2026-02-22T17:18:47.5236088Z ##[endgroup]
end-workflow	Checkout Repository	2026-02-22T17:18:47.5236887Z ##[group]Fetching the repository
end-workflow	Checkout Repository	2026-02-22T17:18:47.5264267Z [command]/usr/bin/git -c protocol.version=2 fetch --prune --no-recurse-submodules origin +refs/heads/*:refs/remotes/origin/* +refs/tags/*:refs/tags/*
end-workflow	Checkout Repository	2026-02-22T17:19:08.7312480Z From https://github.com/Ka0s-Klaus/ka0s
end-workflow	Checkout Repository	2026-02-22T17:19:08.7313265Z  * [new branch]          F3450-modelo-operativo -> origin/F3450-modelo-operativo
end-workflow	Checkout Repository	2026-02-22T17:19:08.7313922Z  * [new branch]          H1276-modulo-observabilidad -> origin/H1276-modulo-observabilidad
end-workflow	Checkout Repository	2026-02-22T17:19:08.7319353Z  * [new branch]          H3596-deploy-itop      -> origin/H3596-deploy-itop
end-workflow	Checkout Repository	2026-02-22T17:19:08.7321517Z  * [new branch]          main                   -> origin/main
end-workflow	Checkout Repository	2026-02-22T17:19:08.7322718Z  * [new tag]             0.0.0                  -> 0.0.0
end-workflow	Checkout Repository	2026-02-22T17:19:08.7323301Z  * [new tag]             0.0.1                  -> 0.0.1
end-workflow	Checkout Repository	2026-02-22T17:19:08.7323762Z  * [new tag]             0.0.10                 -> 0.0.10
end-workflow	Checkout Repository	2026-02-22T17:19:08.7324269Z  * [new tag]             0.0.100                -> 0.0.100
end-workflow	Checkout Repository	2026-02-22T17:19:08.7324823Z  * [new tag]             0.0.101                -> 0.0.101
end-workflow	Checkout Repository	2026-02-22T17:19:08.7325306Z  * [new tag]             0.0.102                -> 0.0.102
end-workflow	Checkout Repository	2026-02-22T17:19:08.7325840Z  * [new tag]             0.0.103                -> 0.0.103
end-workflow	Checkout Repository	2026-02-22T17:19:08.7326322Z  * [new tag]             0.0.104                -> 0.0.104
end-workflow	Checkout Repository	2026-02-22T17:19:08.7326794Z  * [new tag]             0.0.105                -> 0.0.105
end-workflow	Checkout Repository	2026-02-22T17:19:08.7327561Z  * [new tag]             0.0.106                -> 0.0.106
end-workflow	Checkout Repository	2026-02-22T17:19:08.7329724Z  * [new tag]             0.0.107                -> 0.0.107
end-workflow	Checkout Repository	2026-02-22T17:19:08.7330126Z  * [new tag]             0.0.108                -> 0.0.108
end-workflow	Checkout Repository	2026-02-22T17:19:08.7330532Z  * [new tag]             0.0.109                -> 0.0.109
end-workflow	Checkout Repository	2026-02-22T17:19:08.7330926Z  * [new tag]             0.0.11                 -> 0.0.11
end-workflow	Checkout Repository	2026-02-22T17:19:08.7331327Z  * [new tag]             0.0.110                -> 0.0.110
end-workflow	Checkout Repository	2026-02-22T17:19:08.7331701Z  * [new tag]             0.0.111                -> 0.0.111
end-workflow	Checkout Repository	2026-02-22T17:19:08.7332072Z  * [new tag]             0.0.112                -> 0.0.112
end-workflow	Checkout Repository	2026-02-22T17:19:08.7332446Z  * [new tag]             0.0.113                -> 0.0.113
end-workflow	Checkout Repository	2026-02-22T17:19:08.7332826Z  * [new tag]             0.0.114                -> 0.0.114
end-workflow	Checkout Repository	2026-02-22T17:19:08.7333209Z  * [new tag]             0.0.115                -> 0.0.115
end-workflow	Checkout Repository	2026-02-22T17:19:08.7333584Z  * [new tag]             0.0.116                -> 0.0.116
end-workflow	Checkout Repository	2026-02-22T17:19:08.7333961Z  * [new tag]             0.0.117                -> 0.0.117
end-workflow	Checkout Repository	2026-02-22T17:19:08.7334341Z  * [new tag]             0.0.118                -> 0.0.118
end-workflow	Checkout Repository	2026-02-22T17:19:08.7334726Z  * [new tag]             0.0.119                -> 0.0.119
end-workflow	Checkout Repository	2026-02-22T17:19:08.7335198Z  * [new tag]             0.0.12                 -> 0.0.12
end-workflow	Checkout Repository	2026-02-22T17:19:08.7336273Z  * [new tag]             0.0.120                -> 0.0.120
end-workflow	Checkout Repository	2026-02-22T17:19:08.7336662Z  * [new tag]             0.0.121                -> 0.0.121
end-workflow	Checkout Repository	2026-02-22T17:19:08.7337035Z  * [new tag]             0.0.122                -> 0.0.122
end-workflow	Checkout Repository	2026-02-22T17:19:08.7337412Z  * [new tag]             0.0.123                -> 0.0.123
end-workflow	Checkout Repository	2026-02-22T17:19:08.7337902Z  * [new tag]             0.0.124                -> 0.0.124
end-workflow	Checkout Repository	2026-02-22T17:19:08.7338296Z  * [new tag]             0.0.125                -> 0.0.125
end-workflow	Checkout Repository	2026-02-22T17:19:08.7338675Z  * [new tag]             0.0.126                -> 0.0.126
end-workflow	Checkout Repository	2026-02-22T17:19:08.7339048Z  * [new tag]             0.0.127                -> 0.0.127
end-workflow	Checkout Repository	2026-02-22T17:19:08.7339419Z  * [new tag]             0.0.128                -> 0.0.128
end-workflow	Checkout Repository	2026-02-22T17:19:08.7339786Z  * [new tag]             0.0.129                -> 0.0.129
end-workflow	Checkout Repository	2026-02-22T17:19:08.7340163Z  * [new tag]             0.0.13                 -> 0.0.13
end-workflow	Checkout Repository	2026-02-22T17:19:08.7340833Z  * [new tag]             0.0.130                -> 0.0.130
end-workflow	Checkout Repository	2026-02-22T17:19:08.7341241Z  * [new tag]             0.0.131                -> 0.0.131
end-workflow	Checkout Repository	2026-02-22T17:19:08.7341615Z  * [new tag]             0.0.132                -> 0.0.132
end-workflow	Checkout Repository	2026-02-22T17:19:08.7341986Z  * [new tag]             0.0.133                -> 0.0.133
end-workflow	Checkout Repository	2026-02-22T17:19:08.7342359Z  * [new tag]             0.0.134                -> 0.0.134
end-workflow	Checkout Repository	2026-02-22T17:19:08.7342726Z  * [new tag]             0.0.135                -> 0.0.135
end-workflow	Checkout Repository	2026-02-22T17:19:08.7343102Z  * [new tag]             0.0.136                -> 0.0.136
end-workflow	Checkout Repository	2026-02-22T17:19:08.7343471Z  * [new tag]             0.0.137                -> 0.0.137
end-workflow	Checkout Repository	2026-02-22T17:19:08.7343845Z  * [new tag]             0.0.138                -> 0.0.138
end-workflow	Checkout Repository	2026-02-22T17:19:08.7344216Z  * [new tag]             0.0.139                -> 0.0.139
end-workflow	Checkout Repository	2026-02-22T17:19:08.7344588Z  * [new tag]             0.0.14                 -> 0.0.14
end-workflow	Checkout Repository	2026-02-22T17:19:08.7344972Z  * [new tag]             0.0.140                -> 0.0.140
end-workflow	Checkout Repository	2026-02-22T17:19:08.7345349Z  * [new tag]             0.0.141                -> 0.0.141
end-workflow	Checkout Repository	2026-02-22T17:19:08.7345720Z  * [new tag]             0.0.142                -> 0.0.142
end-workflow	Checkout Repository	2026-02-22T17:19:08.7346088Z  * [new tag]             0.0.143                -> 0.0.143
end-workflow	Checkout Repository	2026-02-22T17:19:08.7346461Z  * [new tag]             0.0.144                -> 0.0.144
end-workflow	Checkout Repository	2026-02-22T17:19:08.7346832Z  * [new tag]             0.0.145                -> 0.0.145
end-workflow	Checkout Repository	2026-02-22T17:19:08.7347198Z  * [new tag]             0.0.146                -> 0.0.146
end-workflow	Checkout Repository	2026-02-22T17:19:08.7347571Z  * [new tag]             0.0.147                -> 0.0.147
end-workflow	Checkout Repository	2026-02-22T17:19:08.7348202Z  * [new tag]             0.0.148                -> 0.0.148
end-workflow	Checkout Repository	2026-02-22T17:19:08.7348588Z  * [new tag]             0.0.149                -> 0.0.149
end-workflow	Checkout Repository	2026-02-22T17:19:08.7348964Z  * [new tag]             0.0.15                 -> 0.0.15
end-workflow	Checkout Repository	2026-02-22T17:19:08.7349334Z  * [new tag]             0.0.150                -> 0.0.150
end-workflow	Checkout Repository	2026-02-22T17:19:08.7349716Z  * [new tag]             0.0.151                -> 0.0.151
end-workflow	Checkout Repository	2026-02-22T17:19:08.7350116Z  * [new tag]             0.0.152                -> 0.0.152
end-workflow	Checkout Repository	2026-02-22T17:19:08.7350491Z  * [new tag]             0.0.153                -> 0.0.153
end-workflow	Checkout Repository	2026-02-22T17:19:08.7350861Z  * [new tag]             0.0.154                -> 0.0.154
end-workflow	Checkout Repository	2026-02-22T17:19:08.7351237Z  * [new tag]             0.0.155                -> 0.0.155
end-workflow	Checkout Repository	2026-02-22T17:19:08.7351616Z  * [new tag]             0.0.156                -> 0.0.156
end-workflow	Checkout Repository	2026-02-22T17:19:08.7351989Z  * [new tag]             0.0.157                -> 0.0.157
end-workflow	Checkout Repository	2026-02-22T17:19:08.7352364Z  * [new tag]             0.0.158                -> 0.0.158
end-workflow	Checkout Repository	2026-02-22T17:19:08.7352732Z  * [new tag]             0.0.159                -> 0.0.159
end-workflow	Checkout Repository	2026-02-22T17:19:08.7353107Z  * [new tag]             0.0.16                 -> 0.0.16
end-workflow	Checkout Repository	2026-02-22T17:19:08.7353475Z  * [new tag]             0.0.160                -> 0.0.160
end-workflow	Checkout Repository	2026-02-22T17:19:08.7353854Z  * [new tag]             0.0.161                -> 0.0.161
end-workflow	Checkout Repository	2026-02-22T17:19:08.7354541Z  * [new tag]             0.0.162                -> 0.0.162
end-workflow	Checkout Repository	2026-02-22T17:19:08.7354988Z  * [new tag]             0.0.163                -> 0.0.163
end-workflow	Checkout Repository	2026-02-22T17:19:08.7355365Z  * [new tag]             0.0.164                -> 0.0.164
end-workflow	Checkout Repository	2026-02-22T17:19:08.7355734Z  * [new tag]             0.0.165                -> 0.0.165
end-workflow	Checkout Repository	2026-02-22T17:19:08.7356102Z  * [new tag]             0.0.166                -> 0.0.166
end-workflow	Checkout Repository	2026-02-22T17:19:08.7356471Z  * [new tag]             0.0.167                -> 0.0.167
end-workflow	Checkout Repository	2026-02-22T17:19:08.7356837Z  * [new tag]             0.0.168                -> 0.0.168
end-workflow	Checkout Repository	2026-02-22T17:19:08.7357210Z  * [new tag]             0.0.169                -> 0.0.169
end-workflow	Checkout Repository	2026-02-22T17:19:08.7357578Z  * [new tag]             0.0.17                 -> 0.0.17
end-workflow	Checkout Repository	2026-02-22T17:19:08.7358094Z  * [new tag]             0.0.170                -> 0.0.170
end-workflow	Checkout Repository	2026-02-22T17:19:08.7358477Z  * [new tag]             0.0.171                -> 0.0.171
end-workflow	Checkout Repository	2026-02-22T17:19:08.7359080Z  * [new tag]             0.0.172                -> 0.0.172
end-workflow	Checkout Repository	2026-02-22T17:19:08.7359463Z  * [new tag]             0.0.173                -> 0.0.173
end-workflow	Checkout Repository	2026-02-22T17:19:08.7359834Z  * [new tag]             0.0.174                -> 0.0.174
end-workflow	Checkout Repository	2026-02-22T17:19:08.7360207Z  * [new tag]             0.0.175                -> 0.0.175
end-workflow	Checkout Repository	2026-02-22T17:19:08.7360577Z  * [new tag]             0.0.176                -> 0.0.176
end-workflow	Checkout Repository	2026-02-22T17:19:08.7360949Z  * [new tag]             0.0.177                -> 0.0.177
end-workflow	Checkout Repository	2026-02-22T17:19:08.7361326Z  * [new tag]             0.0.178                -> 0.0.178
end-workflow	Checkout Repository	2026-02-22T17:19:08.7361695Z  * [new tag]             0.0.179                -> 0.0.179
end-workflow	Checkout Repository	2026-02-22T17:19:08.7362066Z  * [new tag]             0.0.18                 -> 0.0.18
end-workflow	Checkout Repository	2026-02-22T17:19:08.7362439Z  * [new tag]             0.0.19                 -> 0.0.19
end-workflow	Checkout Repository	2026-02-22T17:19:08.7362818Z  * [new tag]             0.0.2                  -> 0.0.2
end-workflow	Checkout Repository	2026-02-22T17:19:08.7363188Z  * [new tag]             0.0.20                 -> 0.0.20
end-workflow	Checkout Repository	2026-02-22T17:19:08.7363568Z  * [new tag]             0.0.21                 -> 0.0.21
end-workflow	Checkout Repository	2026-02-22T17:19:08.7363947Z  * [new tag]             0.0.22                 -> 0.0.22
end-workflow	Checkout Repository	2026-02-22T17:19:08.7387377Z  * [new tag]             0.0.23                 -> 0.0.23
end-workflow	Checkout Repository	2026-02-22T17:19:08.7388618Z  * [new tag]             0.0.24                 -> 0.0.24
end-workflow	Checkout Repository	2026-02-22T17:19:08.7389033Z  * [new tag]             0.0.25                 -> 0.0.25
end-workflow	Checkout Repository	2026-02-22T17:19:08.7389416Z  * [new tag]             0.0.26                 -> 0.0.26
end-workflow	Checkout Repository	2026-02-22T17:19:08.7389800Z  * [new tag]             0.0.27                 -> 0.0.27
end-workflow	Checkout Repository	2026-02-22T17:19:08.7390197Z  * [new tag]             0.0.28                 -> 0.0.28
end-workflow	Checkout Repository	2026-02-22T17:19:08.7390582Z  * [new tag]             0.0.29                 -> 0.0.29
end-workflow	Checkout Repository	2026-02-22T17:19:08.7390975Z  * [new tag]             0.0.3                  -> 0.0.3
end-workflow	Checkout Repository	2026-02-22T17:19:08.7391361Z  * [new tag]             0.0.30                 -> 0.0.30
end-workflow	Checkout Repository	2026-02-22T17:19:08.7391744Z  * [new tag]             0.0.31                 -> 0.0.31
end-workflow	Checkout Repository	2026-02-22T17:19:08.7392172Z  * [new tag]             0.0.32                 -> 0.0.32
end-workflow	Checkout Repository	2026-02-22T17:19:08.7392561Z  * [new tag]             0.0.33                 -> 0.0.33
end-workflow	Checkout Repository	2026-02-22T17:19:08.7392942Z  * [new tag]             0.0.34                 -> 0.0.34
end-workflow	Checkout Repository	2026-02-22T17:19:08.7393311Z  * [new tag]             0.0.35                 -> 0.0.35
end-workflow	Checkout Repository	2026-02-22T17:19:08.7393697Z  * [new tag]             0.0.36                 -> 0.0.36
end-workflow	Checkout Repository	2026-02-22T17:19:08.7394078Z  * [new tag]             0.0.37                 -> 0.0.37
end-workflow	Checkout Repository	2026-02-22T17:19:08.7394453Z  * [new tag]             0.0.38                 -> 0.0.38
end-workflow	Checkout Repository	2026-02-22T17:19:08.7394858Z  * [new tag]             0.0.39                 -> 0.0.39
end-workflow	Checkout Repository	2026-02-22T17:19:08.7395239Z  * [new tag]             0.0.4                  -> 0.0.4
end-workflow	Checkout Repository	2026-02-22T17:19:08.7395619Z  * [new tag]             0.0.40                 -> 0.0.40
end-workflow	Checkout Repository	2026-02-22T17:19:08.7395990Z  * [new tag]             0.0.41                 -> 0.0.41
end-workflow	Checkout Repository	2026-02-22T17:19:08.7396376Z  * [new tag]             0.0.42                 -> 0.0.42
end-workflow	Checkout Repository	2026-02-22T17:19:08.7398083Z  * [new tag]             0.0.43                 -> 0.0.43
end-workflow	Checkout Repository	2026-02-22T17:19:08.7398467Z  * [new tag]             0.0.44                 -> 0.0.44
end-workflow	Checkout Repository	2026-02-22T17:19:08.7400934Z  * [new tag]             0.0.45                 -> 0.0.45
end-workflow	Checkout Repository	2026-02-22T17:19:08.7401365Z  * [new tag]             0.0.46                 -> 0.0.46
end-workflow	Checkout Repository	2026-02-22T17:19:08.7401736Z  * [new tag]             0.0.47                 -> 0.0.47
end-workflow	Checkout Repository	2026-02-22T17:19:08.7402101Z  * [new tag]             0.0.48                 -> 0.0.48
end-workflow	Checkout Repository	2026-02-22T17:19:08.7402472Z  * [new tag]             0.0.49                 -> 0.0.49
end-workflow	Checkout Repository	2026-02-22T17:19:08.7402841Z  * [new tag]             0.0.5                  -> 0.0.5
end-workflow	Checkout Repository	2026-02-22T17:19:08.7403204Z  * [new tag]             0.0.50                 -> 0.0.50
end-workflow	Checkout Repository	2026-02-22T17:19:08.7403570Z  * [new tag]             0.0.51                 -> 0.0.51
end-workflow	Checkout Repository	2026-02-22T17:19:08.7403933Z  * [new tag]             0.0.52                 -> 0.0.52
end-workflow	Checkout Repository	2026-02-22T17:19:08.7404582Z  * [new tag]             0.0.53                 -> 0.0.53
end-workflow	Checkout Repository	2026-02-22T17:19:08.7404959Z  * [new tag]             0.0.54                 -> 0.0.54
end-workflow	Checkout Repository	2026-02-22T17:19:08.7405332Z  * [new tag]             0.0.55                 -> 0.0.55
end-workflow	Checkout Repository	2026-02-22T17:19:08.7405701Z  * [new tag]             0.0.56                 -> 0.0.56
end-workflow	Checkout Repository	2026-02-22T17:19:08.7406067Z  * [new tag]             0.0.57                 -> 0.0.57
end-workflow	Checkout Repository	2026-02-22T17:19:08.7406435Z  * [new tag]             0.0.58                 -> 0.0.58
end-workflow	Checkout Repository	2026-02-22T17:19:08.7406801Z  * [new tag]             0.0.59                 -> 0.0.59
end-workflow	Checkout Repository	2026-02-22T17:19:08.7407174Z  * [new tag]             0.0.6                  -> 0.0.6
end-workflow	Checkout Repository	2026-02-22T17:19:08.7407539Z  * [new tag]             0.0.60                 -> 0.0.60
end-workflow	Checkout Repository	2026-02-22T17:19:08.7408061Z  * [new tag]             0.0.61                 -> 0.0.61
end-workflow	Checkout Repository	2026-02-22T17:19:08.7408442Z  * [new tag]             0.0.62                 -> 0.0.62
end-workflow	Checkout Repository	2026-02-22T17:19:08.7409050Z  * [new tag]             0.0.63                 -> 0.0.63
end-workflow	Checkout Repository	2026-02-22T17:19:08.7409578Z  * [new tag]             0.0.64                 -> 0.0.64
end-workflow	Checkout Repository	2026-02-22T17:19:08.7409958Z  * [new tag]             0.0.65                 -> 0.0.65
end-workflow	Checkout Repository	2026-02-22T17:19:08.7410327Z  * [new tag]             0.0.66                 -> 0.0.66
end-workflow	Checkout Repository	2026-02-22T17:19:08.7410690Z  * [new tag]             0.0.67                 -> 0.0.67
end-workflow	Checkout Repository	2026-02-22T17:19:08.7411061Z  * [new tag]             0.0.68                 -> 0.0.68
end-workflow	Checkout Repository	2026-02-22T17:19:08.7411426Z  * [new tag]             0.0.69                 -> 0.0.69
end-workflow	Checkout Repository	2026-02-22T17:19:08.7411898Z  * [new tag]             0.0.7                  -> 0.0.7
end-workflow	Checkout Repository	2026-02-22T17:19:08.7412246Z  * [new tag]             0.0.70                 -> 0.0.70
end-workflow	Checkout Repository	2026-02-22T17:19:08.7412593Z  * [new tag]             0.0.71                 -> 0.0.71
end-workflow	Checkout Repository	2026-02-22T17:19:08.7412943Z  * [new tag]             0.0.72                 -> 0.0.72
end-workflow	Checkout Repository	2026-02-22T17:19:08.7413289Z  * [new tag]             0.0.73                 -> 0.0.73
end-workflow	Checkout Repository	2026-02-22T17:19:08.7413640Z  * [new tag]             0.0.74                 -> 0.0.74
end-workflow	Checkout Repository	2026-02-22T17:19:08.7413996Z  * [new tag]             0.0.75                 -> 0.0.75
end-workflow	Checkout Repository	2026-02-22T17:19:08.7414355Z  * [new tag]             0.0.76                 -> 0.0.76
end-workflow	Checkout Repository	2026-02-22T17:19:08.7414711Z  * [new tag]             0.0.77                 -> 0.0.77
end-workflow	Checkout Repository	2026-02-22T17:19:08.7415064Z  * [new tag]             0.0.78                 -> 0.0.78
end-workflow	Checkout Repository	2026-02-22T17:19:08.7415410Z  * [new tag]             0.0.79                 -> 0.0.79
end-workflow	Checkout Repository	2026-02-22T17:19:08.7415762Z  * [new tag]             0.0.8                  -> 0.0.8
end-workflow	Checkout Repository	2026-02-22T17:19:08.7416109Z  * [new tag]             0.0.80                 -> 0.0.80
end-workflow	Checkout Repository	2026-02-22T17:19:08.7416615Z  * [new tag]             0.0.81                 -> 0.0.81
end-workflow	Checkout Repository	2026-02-22T17:19:08.7416974Z  * [new tag]             0.0.82                 -> 0.0.82
end-workflow	Checkout Repository	2026-02-22T17:19:08.7417322Z  * [new tag]             0.0.83                 -> 0.0.83
end-workflow	Checkout Repository	2026-02-22T17:19:08.7417672Z  * [new tag]             0.0.84                 -> 0.0.84
end-workflow	Checkout Repository	2026-02-22T17:19:08.7418572Z  * [new tag]             0.0.85                 -> 0.0.85
end-workflow	Checkout Repository	2026-02-22T17:19:08.7419189Z  * [new tag]             0.0.86                 -> 0.0.86
end-workflow	Checkout Repository	2026-02-22T17:19:08.7419544Z  * [new tag]             0.0.87                 -> 0.0.87
end-workflow	Checkout Repository	2026-02-22T17:19:08.7419896Z  * [new tag]             0.0.88                 -> 0.0.88
end-workflow	Checkout Repository	2026-02-22T17:19:08.7420246Z  * [new tag]             0.0.89                 -> 0.0.89
end-workflow	Checkout Repository	2026-02-22T17:19:08.7420596Z  * [new tag]             0.0.9                  -> 0.0.9
end-workflow	Checkout Repository	2026-02-22T17:19:08.7420953Z  * [new tag]             0.0.90                 -> 0.0.90
end-workflow	Checkout Repository	2026-02-22T17:19:08.7421303Z  * [new tag]             0.0.91                 -> 0.0.91
end-workflow	Checkout Repository	2026-02-22T17:19:08.7421654Z  * [new tag]             0.0.92                 -> 0.0.92
end-workflow	Checkout Repository	2026-02-22T17:19:08.7422002Z  * [new tag]             0.0.93                 -> 0.0.93
end-workflow	Checkout Repository	2026-02-22T17:19:08.7422353Z  * [new tag]             0.0.94                 -> 0.0.94
end-workflow	Checkout Repository	2026-02-22T17:19:08.7422699Z  * [new tag]             0.0.95                 -> 0.0.95
end-workflow	Checkout Repository	2026-02-22T17:19:08.7423387Z  * [new tag]             0.0.96                 -> 0.0.96
end-workflow	Checkout Repository	2026-02-22T17:19:08.7423762Z  * [new tag]             0.0.97                 -> 0.0.97
end-workflow	Checkout Repository	2026-02-22T17:19:08.7424109Z  * [new tag]             0.0.98                 -> 0.0.98
end-workflow	Checkout Repository	2026-02-22T17:19:08.7424461Z  * [new tag]             0.0.99                 -> 0.0.99
end-workflow	Checkout Repository	2026-02-22T17:19:08.7424808Z  * [new tag]             0.1.0                  -> 0.1.0
end-workflow	Checkout Repository	2026-02-22T17:19:08.7425447Z  * [new tag]             0.1.1                  -> 0.1.1
end-workflow	Checkout Repository	2026-02-22T17:19:08.7425928Z  * [new tag]             0.2.0                  -> 0.2.0
end-workflow	Checkout Repository	2026-02-22T17:19:08.7426293Z  * [new tag]             0.3.0                  -> 0.3.0
end-workflow	Checkout Repository	2026-02-22T17:19:08.7426651Z  * [new tag]             0.3.1                  -> 0.3.1
end-workflow	Checkout Repository	2026-02-22T17:19:08.7427006Z  * [new tag]             0.3.10                 -> 0.3.10
end-workflow	Checkout Repository	2026-02-22T17:19:08.7427367Z  * [new tag]             0.3.11                 -> 0.3.11
end-workflow	Checkout Repository	2026-02-22T17:19:08.7427724Z  * [new tag]             0.3.12                 -> 0.3.12
end-workflow	Checkout Repository	2026-02-22T17:19:08.7428707Z  * [new tag]             0.3.13                 -> 0.3.13
end-workflow	Checkout Repository	2026-02-22T17:19:08.7429075Z  * [new tag]             0.3.14                 -> 0.3.14
end-workflow	Checkout Repository	2026-02-22T17:19:08.7429432Z  * [new tag]             0.3.15                 -> 0.3.15
end-workflow	Checkout Repository	2026-02-22T17:19:08.7430039Z  * [new tag]             0.3.16                 -> 0.3.16
end-workflow	Checkout Repository	2026-02-22T17:19:08.7430517Z  * [new tag]             0.3.17                 -> 0.3.17
end-workflow	Checkout Repository	2026-02-22T17:19:08.7430866Z  * [new tag]             0.3.2                  -> 0.3.2
end-workflow	Checkout Repository	2026-02-22T17:19:08.7431218Z  * [new tag]             0.3.3                  -> 0.3.3
end-workflow	Checkout Repository	2026-02-22T17:19:08.7431565Z  * [new tag]             0.3.4                  -> 0.3.4
end-workflow	Checkout Repository	2026-02-22T17:19:08.7431915Z  * [new tag]             0.3.5                  -> 0.3.5
end-workflow	Checkout Repository	2026-02-22T17:19:08.7432517Z  * [new tag]             0.3.6                  -> 0.3.6
end-workflow	Checkout Repository	2026-02-22T17:19:08.7432881Z  * [new tag]             0.3.7                  -> 0.3.7
end-workflow	Checkout Repository	2026-02-22T17:19:08.7433367Z  * [new tag]             0.3.8                  -> 0.3.8
end-workflow	Checkout Repository	2026-02-22T17:19:08.7433745Z  * [new tag]             0.3.9                  -> 0.3.9
end-workflow	Checkout Repository	2026-02-22T17:19:08.7434242Z  * [new tag]             0.4.0                  -> 0.4.0
end-workflow	Checkout Repository	2026-02-22T17:19:08.7434598Z  * [new tag]             0.4.1                  -> 0.4.1
end-workflow	Checkout Repository	2026-02-22T17:19:08.7434954Z  * [new tag]             0.4.2                  -> 0.4.2
end-workflow	Checkout Repository	2026-02-22T17:19:08.7435310Z  * [new tag]             0.4.3                  -> 0.4.3
end-workflow	Checkout Repository	2026-02-22T17:19:08.7435669Z  * [new tag]             0.4.4                  -> 0.4.4
end-workflow	Checkout Repository	2026-02-22T17:19:08.7436161Z  * [new tag]             0.4.5                  -> 0.4.5
end-workflow	Checkout Repository	2026-02-22T17:19:08.7436537Z  * [new tag]             0.4.6                  -> 0.4.6
end-workflow	Checkout Repository	2026-02-22T17:19:08.7436906Z  * [new tag]             0.4.7                  -> 0.4.7
end-workflow	Checkout Repository	2026-02-22T17:19:08.7437271Z  * [new tag]             0.4.8                  -> 0.4.8
end-workflow	Checkout Repository	2026-02-22T17:19:08.7437638Z  * [new tag]             0.4.9                  -> 0.4.9
end-workflow	Checkout Repository	2026-02-22T17:19:08.7438367Z  * [new tag]             0.5.0                  -> 0.5.0
end-workflow	Checkout Repository	2026-02-22T17:19:08.7438730Z  * [new tag]             0.5.1                  -> 0.5.1
end-workflow	Checkout Repository	2026-02-22T17:19:08.7439346Z  * [new tag]             0.5.2                  -> 0.5.2
end-workflow	Checkout Repository	2026-02-22T17:19:08.7439695Z  * [new tag]             0.6.0                  -> 0.6.0
end-workflow	Checkout Repository	2026-02-22T17:19:08.7440044Z  * [new tag]             0.6.1                  -> 0.6.1
end-workflow	Checkout Repository	2026-02-22T17:19:08.7440386Z  * [new tag]             0.6.2                  -> 0.6.2
end-workflow	Checkout Repository	2026-02-22T17:19:08.7694876Z [command]/usr/bin/git branch --list --remote origin/main
end-workflow	Checkout Repository	2026-02-22T17:19:08.7769824Z   origin/main
end-workflow	Checkout Repository	2026-02-22T17:19:08.7782295Z [command]/usr/bin/git rev-parse refs/remotes/origin/main
end-workflow	Checkout Repository	2026-02-22T17:19:08.7813865Z 93601d59d02ea61c69e546520113ccc9bd008abf
end-workflow	Checkout Repository	2026-02-22T17:19:08.7826601Z [command]/usr/bin/git -c protocol.version=2 fetch --no-tags --prune --no-recurse-submodules origin +87bca1bd45286ac065515da3c93580eafb0ce413:refs/remotes/origin/main
end-workflow	Checkout Repository	2026-02-22T17:19:08.8010210Z From https://github.com/Ka0s-Klaus/ka0s
end-workflow	Checkout Repository	2026-02-22T17:19:08.8011402Z  + 93601d59d...87bca1bd4 87bca1bd45286ac065515da3c93580eafb0ce413 -> origin/main  (forced update)
end-workflow	Checkout Repository	2026-02-22T17:19:08.8048078Z ##[endgroup]
end-workflow	Checkout Repository	2026-02-22T17:19:08.8048765Z ##[group]Determining the checkout info
end-workflow	Checkout Repository	2026-02-22T17:19:08.8049277Z ##[endgroup]
end-workflow	Checkout Repository	2026-02-22T17:19:08.8055569Z [command]/usr/bin/git sparse-checkout disable
end-workflow	Checkout Repository	2026-02-22T17:19:08.8106892Z [command]/usr/bin/git config --local --unset-all extensions.worktreeConfig
end-workflow	Checkout Repository	2026-02-22T17:19:08.8143891Z ##[group]Checking out the ref
end-workflow	Checkout Repository	2026-02-22T17:19:08.8147443Z [command]/usr/bin/git checkout --progress --force -B main refs/remotes/origin/main
end-workflow	Checkout Repository	2026-02-22T17:19:09.0706895Z Switched to a new branch 'main'
end-workflow	Checkout Repository	2026-02-22T17:19:09.0708315Z branch 'main' set up to track 'origin/main'.
end-workflow	Checkout Repository	2026-02-22T17:19:09.0744546Z ##[endgroup]
end-workflow	Checkout Repository	2026-02-22T17:19:09.0796550Z [command]/usr/bin/git log -1 --format=%H
end-workflow	Checkout Repository	2026-02-22T17:19:09.0828975Z 87bca1bd45286ac065515da3c93580eafb0ce413
end-workflow	Install GH CLI	ï»¿2026-02-22T17:19:09.1118980Z Prepare all required actions
end-workflow	Install GH CLI	2026-02-22T17:19:09.1169849Z ##[group]Run ./.github/actions/install-gh-cli
end-workflow	Install GH CLI	2026-02-22T17:19:09.1170251Z ##[endgroup]
end-workflow	Install GH CLI	2026-02-22T17:19:09.1265104Z ##[group]Run type -p curl >/dev/null || (sudo apt-get update && sudo apt-get install curl -y)
end-workflow	Install GH CLI	2026-02-22T17:19:09.1265865Z [36;1mtype -p curl >/dev/null || (sudo apt-get update && sudo apt-get install curl -y)[0m
end-workflow	Install GH CLI	2026-02-22T17:19:09.1266737Z [36;1mcurl -fsSL https://cli.github.com/packages/githubcli-archive-keyring.gpg | sudo dd of=/usr/share/keyrings/githubcli-archive-keyring.gpg \[0m
end-workflow	Install GH CLI	2026-02-22T17:19:09.1267555Z [36;1m&& sudo chmod go+r /usr/share/keyrings/githubcli-archive-keyring.gpg \[0m
end-workflow	Install GH CLI	2026-02-22T17:19:09.1269076Z [36;1m&& echo "deb [arch=$(dpkg --print-architecture) signed-by=/usr/share/keyrings/githubcli-archive-keyring.gpg] https://cli.github.com/packages stable main" | sudo tee /etc/apt/sources.list.d/github-cli.list > /dev/null \[0m
end-workflow	Install GH CLI	2026-02-22T17:19:09.1270074Z [36;1m&& sudo apt-get update \[0m
end-workflow	Install GH CLI	2026-02-22T17:19:09.1270446Z [36;1m&& sudo apt-get install gh -y[0m
end-workflow	Install GH CLI	2026-02-22T17:19:09.1291094Z shell: /usr/bin/bash --noprofile --norc -e -o pipefail {0}
end-workflow	Install GH CLI	2026-02-22T17:19:09.1291555Z ##[endgroup]
end-workflow	Install GH CLI	2026-02-22T17:19:09.2057948Z 4+1 records in
end-workflow	Install GH CLI	2026-02-22T17:19:09.2058310Z 4+1 records out
end-workflow	Install GH CLI	2026-02-22T17:19:09.2058667Z 2270 bytes (2.3 kB, 2.2 KiB) copied, 0.0518815 s, 43.8 kB/s
end-workflow	Install GH CLI	2026-02-22T17:19:09.3415737Z Get:1 https://cli.github.com/packages stable InRelease [3917 B]
end-workflow	Install GH CLI	2026-02-22T17:19:09.4122444Z Get:2 https://cli.github.com/packages stable/main amd64 Packages [356 B]
end-workflow	Install GH CLI	2026-02-22T17:19:09.4214406Z Get:3 http://security.ubuntu.com/ubuntu noble-security InRelease [126 kB]
end-workflow	Install GH CLI	2026-02-22T17:19:09.5002613Z Get:4 https://ppa.launchpadcontent.net/git-core/ppa/ubuntu noble InRelease [24.3 kB]
end-workflow	Install GH CLI	2026-02-22T17:19:09.5166667Z Get:5 http://archive.ubuntu.com/ubuntu noble InRelease [256 kB]
end-workflow	Install GH CLI	2026-02-22T17:19:09.6983834Z Get:6 https://ppa.launchpadcontent.net/git-core/ppa/ubuntu noble/main amd64 Packages [2992 B]
end-workflow	Install GH CLI	2026-02-22T17:19:09.8035662Z Get:7 http://security.ubuntu.com/ubuntu noble-security/multiverse amd64 Packages [34.8 kB]
end-workflow	Install GH CLI	2026-02-22T17:19:09.8695149Z Get:8 http://security.ubuntu.com/ubuntu noble-security/restricted amd64 Packages [3196 kB]
end-workflow	Install GH CLI	2026-02-22T17:19:10.0903514Z Get:9 http://archive.ubuntu.com/ubuntu noble-updates InRelease [126 kB]
end-workflow	Install GH CLI	2026-02-22T17:19:10.1415332Z Get:10 http://security.ubuntu.com/ubuntu noble-security/universe amd64 Packages [1207 kB]
end-workflow	Install GH CLI	2026-02-22T17:19:10.1651787Z Get:11 http://security.ubuntu.com/ubuntu noble-security/main amd64 Packages [1857 kB]
end-workflow	Install GH CLI	2026-02-22T17:19:10.2304409Z Get:12 http://archive.ubuntu.com/ubuntu noble-backports InRelease [126 kB]
end-workflow	Install GH CLI	2026-02-22T17:19:10.3712888Z Get:13 http://archive.ubuntu.com/ubuntu noble/universe amd64 Packages [19.3 MB]
end-workflow	Install GH CLI	2026-02-22T17:19:11.2262236Z Get:14 http://archive.ubuntu.com/ubuntu noble/restricted amd64 Packages [117 kB]
end-workflow	Install GH CLI	2026-02-22T17:19:11.2272543Z Get:15 http://archive.ubuntu.com/ubuntu noble/multiverse amd64 Packages [331 kB]
end-workflow	Install GH CLI	2026-02-22T17:19:11.2300525Z Get:16 http://archive.ubuntu.com/ubuntu noble/main amd64 Packages [1808 kB]
end-workflow	Install GH CLI	2026-02-22T17:19:11.2515685Z Get:17 http://archive.ubuntu.com/ubuntu noble-updates/multiverse amd64 Packages [38.1 kB]
end-workflow	Install GH CLI	2026-02-22T17:19:11.2520725Z Get:18 http://archive.ubuntu.com/ubuntu noble-updates/universe amd64 Packages [2016 kB]
end-workflow	Install GH CLI	2026-02-22T17:19:11.3304423Z Get:19 http://archive.ubuntu.com/ubuntu noble-updates/restricted amd64 Packages [3381 kB]
end-workflow	Install GH CLI	2026-02-22T17:19:11.4128284Z Get:20 http://archive.ubuntu.com/ubuntu noble-updates/main amd64 Packages [2240 kB]
end-workflow	Install GH CLI	2026-02-22T17:19:11.4706375Z Get:21 http://archive.ubuntu.com/ubuntu noble-backports/universe amd64 Packages [34.6 kB]
end-workflow	Install GH CLI	2026-02-22T17:19:11.4713595Z Get:22 http://archive.ubuntu.com/ubuntu noble-backports/main amd64 Packages [49.5 kB]
end-workflow	Install GH CLI	2026-02-22T17:19:12.4735261Z Fetched 36.3 MB in 3s (11.4 MB/s)
end-workflow	Install GH CLI	2026-02-22T17:19:13.4114540Z Reading package lists...
end-workflow	Install GH CLI	2026-02-22T17:19:14.3868474Z Reading package lists...
end-workflow	Install GH CLI	2026-02-22T17:19:14.6118750Z Building dependency tree...
end-workflow	Install GH CLI	2026-02-22T17:19:14.6120357Z Reading state information...
end-workflow	Install GH CLI	2026-02-22T17:19:14.9695994Z The following NEW packages will be installed:
end-workflow	Install GH CLI	2026-02-22T17:19:14.9716432Z   gh
end-workflow	Install GH CLI	2026-02-22T17:19:15.0819729Z 0 upgraded, 1 newly installed, 0 to remove and 26 not upgraded.
end-workflow	Install GH CLI	2026-02-22T17:19:15.0820640Z Need to get 13.8 MB of archives.
end-workflow	Install GH CLI	2026-02-22T17:19:15.0821386Z After this operation, 38.4 MB of additional disk space will be used.
end-workflow	Install GH CLI	2026-02-22T17:19:15.0822535Z Get:1 https://cli.github.com/packages stable/main amd64 gh amd64 2.87.2 [13.8 MB]
end-workflow	Install GH CLI	2026-02-22T17:19:15.4865529Z debconf: delaying package configuration, since apt-utils is not installed
end-workflow	Install GH CLI	2026-02-22T17:19:15.5320840Z Fetched 13.8 MB in 0s (40.7 MB/s)
end-workflow	Install GH CLI	2026-02-22T17:19:15.5605934Z Selecting previously unselected package gh.
end-workflow	Install GH CLI	2026-02-22T17:19:15.5643116Z (Reading database ... 
end-workflow	Install GH CLI	2026-02-22T17:19:15.5644099Z (Reading database ... 5%
end-workflow	Install GH CLI	2026-02-22T17:19:15.5644326Z (Reading database ... 10%
end-workflow	Install GH CLI	2026-02-22T17:19:15.5644539Z (Reading database ... 15%
end-workflow	Install GH CLI	2026-02-22T17:19:15.5644752Z (Reading database ... 20%
end-workflow	Install GH CLI	2026-02-22T17:19:15.5644981Z (Reading database ... 25%
end-workflow	Install GH CLI	2026-02-22T17:19:15.5645191Z (Reading database ... 30%
end-workflow	Install GH CLI	2026-02-22T17:19:15.5645400Z (Reading database ... 35%
end-workflow	Install GH CLI	2026-02-22T17:19:15.5645616Z (Reading database ... 40%
end-workflow	Install GH CLI	2026-02-22T17:19:15.5645824Z (Reading database ... 45%
end-workflow	Install GH CLI	2026-02-22T17:19:15.5646027Z (Reading database ... 50%
end-workflow	Install GH CLI	2026-02-22T17:19:15.5646235Z (Reading database ... 55%
end-workflow	Install GH CLI	2026-02-22T17:19:15.5646699Z (Reading database ... 60%
end-workflow	Install GH CLI	2026-02-22T17:19:15.5649974Z (Reading database ... 65%
end-workflow	Install GH CLI	2026-02-22T17:19:15.5670805Z (Reading database ... 70%
end-workflow	Install GH CLI	2026-02-22T17:19:15.5676165Z (Reading database ... 75%
end-workflow	Install GH CLI	2026-02-22T17:19:15.5687916Z (Reading database ... 80%
end-workflow	Install GH CLI	2026-02-22T17:19:15.5693354Z (Reading database ... 85%
end-workflow	Install GH CLI	2026-02-22T17:19:15.5703039Z (Reading database ... 90%
end-workflow	Install GH CLI	2026-02-22T17:19:15.5720954Z (Reading database ... 95%
end-workflow	Install GH CLI	2026-02-22T17:19:15.5721463Z (Reading database ... 100%
end-workflow	Install GH CLI	2026-02-22T17:19:15.5721842Z (Reading database ... 14385 files and directories currently installed.)
end-workflow	Install GH CLI	2026-02-22T17:19:15.5726120Z Preparing to unpack .../archives/gh_2.87.2_amd64.deb ...
end-workflow	Install GH CLI	2026-02-22T17:19:15.5754773Z Unpacking gh (2.87.2) ...
end-workflow	Install GH CLI	2026-02-22T17:19:15.8029668Z Setting up gh (2.87.2) ...
end-workflow	Trigger Inspector	ï»¿2026-02-22T17:19:15.9372021Z ##[group]Run echo "ðŸ” Triggering Inspector for Audit..."
end-workflow	Trigger Inspector	2026-02-22T17:19:15.9372593Z [36;1mecho "ðŸ” Triggering Inspector for Audit..."[0m
end-workflow	Trigger Inspector	2026-02-22T17:19:15.9373002Z [36;1mgh workflow run inspector.yml \[0m
end-workflow	Trigger Inspector	2026-02-22T17:19:15.9373348Z [36;1m  --ref main \[0m
end-workflow	Trigger Inspector	2026-02-22T17:19:15.9373657Z [36;1m  -f kaos-workflow-id="22281674516" \[0m
end-workflow	Trigger Inspector	2026-02-22T17:19:15.9374036Z [36;1m  -f kaos-user-start="santakloud"[0m
end-workflow	Trigger Inspector	2026-02-22T17:19:15.9390412Z shell: /usr/bin/bash -e {0}
end-workflow	Trigger Inspector	2026-02-22T17:19:15.9390725Z env:
end-workflow	Trigger Inspector	2026-02-22T17:19:15.9391317Z   GH_TOKEN: ***
end-workflow	Trigger Inspector	2026-02-22T17:19:15.9391561Z ##[endgroup]
end-workflow	Trigger Inspector	2026-02-22T17:19:15.9450938Z ðŸ” Triggering Inspector for Audit...
end-workflow	Trigger Inspector	2026-02-22T17:19:17.6514415Z https://github.com/Ka0s-Klaus/ka0s/actions/runs/22281703169
end-workflow	Post Checkout Repository	ï»¿2026-02-22T17:19:17.7013582Z Post job cleanup.
end-workflow	Post Checkout Repository	2026-02-22T17:19:17.8127294Z [command]/usr/bin/git version
end-workflow	Post Checkout Repository	2026-02-22T17:19:17.8173883Z git version 2.52.0
end-workflow	Post Checkout Repository	2026-02-22T17:19:17.8223541Z Temporarily overriding HOME='/home/runner/_work/_temp/36014aa0-df33-442d-85c1-d36b0d04a48e' before making global git config changes
end-workflow	Post Checkout Repository	2026-02-22T17:19:17.8224710Z Adding repository directory to the temporary git global config as a safe directory
end-workflow	Post Checkout Repository	2026-02-22T17:19:17.8232682Z [command]/usr/bin/git config --global --add safe.directory /home/runner/_work/ka0s/ka0s
end-workflow	Post Checkout Repository	2026-02-22T17:19:17.8278897Z [command]/usr/bin/git config --local --name-only --get-regexp core\.sshCommand
end-workflow	Post Checkout Repository	2026-02-22T17:19:17.8334142Z [command]/usr/bin/git submodule foreach --recursive sh -c "git config --local --name-only --get-regexp 'core\.sshCommand' && git config --local --unset-all 'core.sshCommand' || :"
end-workflow	Post Checkout Repository	2026-02-22T17:19:17.8667449Z [command]/usr/bin/git config --local --name-only --get-regexp http\.https\:\/\/github\.com\/\.extraheader
end-workflow	Post Checkout Repository	2026-02-22T17:19:17.8700753Z http.https://github.com/.extraheader
end-workflow	Post Checkout Repository	2026-02-22T17:19:17.8716295Z [command]/usr/bin/git config --local --unset-all http.https://github.com/.extraheader
end-workflow	Post Checkout Repository	2026-02-22T17:19:17.8762750Z [command]/usr/bin/git submodule foreach --recursive sh -c "git config --local --name-only --get-regexp 'http\.https\:\/\/github\.com\/\.extraheader' && git config --local --unset-all 'http.https://github.com/.extraheader' || :"
end-workflow	Post Checkout Repository	2026-02-22T17:19:17.9118446Z [command]/usr/bin/git config --local --name-only --get-regexp ^includeIf\.gitdir:
end-workflow	Post Checkout Repository	2026-02-22T17:19:17.9166276Z [command]/usr/bin/git submodule foreach --recursive git config --local --show-origin --name-only --get-regexp remote.origin.url
end-workflow	Complete job	ï»¿2026-02-22T17:19:17.9675445Z Cleaning up orphan processes
