core-execution	Set up job	Ôªø2026-02-23T10:56:40.8109894Z Current runner version: '2.331.0'
core-execution	Set up job	2026-02-23T10:56:40.8119109Z Runner name: 'swarm-runners-scaleset-hkss5-runner-6282f'
core-execution	Set up job	2026-02-23T10:56:40.8120209Z Runner group name: 'Default'
core-execution	Set up job	2026-02-23T10:56:40.8121917Z Machine name: 'swarm-runners-scaleset-hkss5-runner-6282f'
core-execution	Set up job	2026-02-23T10:56:40.8125969Z ##[group]GITHUB_TOKEN Permissions
core-execution	Set up job	2026-02-23T10:56:40.8128880Z Actions: write
core-execution	Set up job	2026-02-23T10:56:40.8129626Z Contents: write
core-execution	Set up job	2026-02-23T10:56:40.8131343Z Issues: write
core-execution	Set up job	2026-02-23T10:56:40.8132025Z Metadata: read
core-execution	Set up job	2026-02-23T10:56:40.8132784Z ##[endgroup]
core-execution	Set up job	2026-02-23T10:56:40.8135381Z Secret source: Actions
core-execution	Set up job	2026-02-23T10:56:40.8192530Z Prepare workflow directory
core-execution	Set up job	2026-02-23T10:56:40.8746560Z Prepare all required actions
core-execution	Set up job	2026-02-23T10:56:40.8791991Z Getting action download info
core-execution	Set up job	2026-02-23T10:56:41.5059221Z Download action repository 'actions/checkout@v4' (SHA:34e114876b0b11c390a56381ad16ebd13914f8d5)
core-execution	Set up job	2026-02-23T10:56:42.2966115Z Download action repository 'actions/setup-python@v4' (SHA:7f4fc3e22c37d6ff65e88745f38bd3157c663f7c)
core-execution	Set up job	2026-02-23T10:56:43.2307707Z Complete job name: core-execution
core-execution	Checkout code	Ôªø2026-02-23T10:56:43.3433745Z ##[group]Run actions/checkout@v4
core-execution	Checkout code	2026-02-23T10:56:43.3435185Z with:
core-execution	Checkout code	2026-02-23T10:56:43.3436052Z   token: ***
core-execution	Checkout code	2026-02-23T10:56:43.3436721Z   fetch-depth: 0
core-execution	Checkout code	2026-02-23T10:56:43.3437274Z   repository: Ka0s-Klaus/ka0s
core-execution	Checkout code	2026-02-23T10:56:43.3437896Z   ssh-strict: true
core-execution	Checkout code	2026-02-23T10:56:43.3438438Z   ssh-user: git
core-execution	Checkout code	2026-02-23T10:56:43.3438987Z   persist-credentials: true
core-execution	Checkout code	2026-02-23T10:56:43.3439583Z   clean: true
core-execution	Checkout code	2026-02-23T10:56:43.3440139Z   sparse-checkout-cone-mode: true
core-execution	Checkout code	2026-02-23T10:56:43.3441079Z   fetch-tags: false
core-execution	Checkout code	2026-02-23T10:56:43.3441771Z   show-progress: true
core-execution	Checkout code	2026-02-23T10:56:43.3442319Z   lfs: false
core-execution	Checkout code	2026-02-23T10:56:43.3442837Z   submodules: false
core-execution	Checkout code	2026-02-23T10:56:43.3443427Z   set-safe-directory: true
core-execution	Checkout code	2026-02-23T10:56:43.3444280Z env:
core-execution	Checkout code	2026-02-23T10:56:43.3445431Z   KAOS_MODULE: [Ka0S] GitHub ‚Üí iTop Sync
core-execution	Checkout code	2026-02-23T10:56:43.3446174Z   KAOS_CORRELATION_ID: 22303152159
core-execution	Checkout code	2026-02-23T10:56:43.3446906Z   KAOS_ACTOR: ***
core-execution	Checkout code	2026-02-23T10:56:43.3447485Z ##[endgroup]
core-execution	Checkout code	2026-02-23T10:56:43.4849777Z Syncing repository: Ka0s-Klaus/ka0s
core-execution	Checkout code	2026-02-23T10:56:43.4862106Z ##[group]Getting Git version info
core-execution	Checkout code	2026-02-23T10:56:43.4863324Z Working directory is '/home/runner/_work/ka0s/ka0s'
core-execution	Checkout code	2026-02-23T10:56:43.4864798Z [command]/usr/bin/git version
core-execution	Checkout code	2026-02-23T10:56:43.4865441Z git version 2.52.0
core-execution	Checkout code	2026-02-23T10:56:43.4867581Z ##[endgroup]
core-execution	Checkout code	2026-02-23T10:56:43.4874764Z Temporarily overriding HOME='/home/runner/_work/_temp/bc879b76-16bd-462e-9c20-55ae88962b62' before making global git config changes
core-execution	Checkout code	2026-02-23T10:56:43.4876483Z Adding repository directory to the temporary git global config as a safe directory
core-execution	Checkout code	2026-02-23T10:56:43.4881446Z [command]/usr/bin/git config --global --add safe.directory /home/runner/_work/ka0s/ka0s
core-execution	Checkout code	2026-02-23T10:56:43.4931243Z Deleting the contents of '/home/runner/_work/ka0s/ka0s'
core-execution	Checkout code	2026-02-23T10:56:43.4938458Z ##[group]Initializing the repository
core-execution	Checkout code	2026-02-23T10:56:43.4939917Z [command]/usr/bin/git init /home/runner/_work/ka0s/ka0s
core-execution	Checkout code	2026-02-23T10:56:43.5001929Z hint: Using 'master' as the name for the initial branch. This default branch name
core-execution	Checkout code	2026-02-23T10:56:43.5003861Z hint: will change to "main" in Git 3.0. To configure the initial branch name
core-execution	Checkout code	2026-02-23T10:56:43.5004992Z hint: to use in all of your new repositories, which will suppress this warning,
core-execution	Checkout code	2026-02-23T10:56:43.5005891Z hint: call:
core-execution	Checkout code	2026-02-23T10:56:43.5006524Z hint:
core-execution	Checkout code	2026-02-23T10:56:43.5007171Z hint: 	git config --global init.defaultBranch <name>
core-execution	Checkout code	2026-02-23T10:56:43.5008028Z hint:
core-execution	Checkout code	2026-02-23T10:56:43.5008735Z hint: Names commonly chosen instead of 'master' are 'main', 'trunk' and
core-execution	Checkout code	2026-02-23T10:56:43.5010003Z hint: 'development'. The just-created branch can be renamed via this command:
core-execution	Checkout code	2026-02-23T10:56:43.5013856Z hint:
core-execution	Checkout code	2026-02-23T10:56:43.5014403Z hint: 	git branch -m <name>
core-execution	Checkout code	2026-02-23T10:56:43.5015110Z hint:
core-execution	Checkout code	2026-02-23T10:56:43.5016009Z hint: Disable this message with "git config set advice.defaultBranchName false"
core-execution	Checkout code	2026-02-23T10:56:43.5017223Z Initialized empty Git repository in /home/runner/_work/ka0s/ka0s/.git/
core-execution	Checkout code	2026-02-23T10:56:43.5024800Z [command]/usr/bin/git remote add origin https://github.com/Ka0s-Klaus/ka0s
core-execution	Checkout code	2026-02-23T10:56:43.5076307Z ##[endgroup]
core-execution	Checkout code	2026-02-23T10:56:43.5077515Z ##[group]Disabling automatic garbage collection
core-execution	Checkout code	2026-02-23T10:56:43.5080501Z [command]/usr/bin/git config --local gc.auto 0
core-execution	Checkout code	2026-02-23T10:56:43.5173600Z ##[endgroup]
core-execution	Checkout code	2026-02-23T10:56:43.5174675Z ##[group]Setting up auth
core-execution	Checkout code	2026-02-23T10:56:43.5213169Z [command]/usr/bin/git config --local --name-only --get-regexp core\.sshCommand
core-execution	Checkout code	2026-02-23T10:56:43.5219726Z [command]/usr/bin/git submodule foreach --recursive sh -c "git config --local --name-only --get-regexp 'core\.sshCommand' && git config --local --unset-all 'core.sshCommand' || :"
core-execution	Checkout code	2026-02-23T10:56:43.5584283Z [command]/usr/bin/git config --local --name-only --get-regexp http\.https\:\/\/github\.com\/\.extraheader
core-execution	Checkout code	2026-02-23T10:56:43.5631371Z [command]/usr/bin/git submodule foreach --recursive sh -c "git config --local --name-only --get-regexp 'http\.https\:\/\/github\.com\/\.extraheader' && git config --local --unset-all 'http.https://github.com/.extraheader' || :"
core-execution	Checkout code	2026-02-23T10:56:43.6012231Z [command]/usr/bin/git config --local --name-only --get-regexp ^includeIf\.gitdir:
core-execution	Checkout code	2026-02-23T10:56:43.6066322Z [command]/usr/bin/git submodule foreach --recursive git config --local --show-origin --name-only --get-regexp remote.origin.url
core-execution	Checkout code	2026-02-23T10:56:43.6446109Z [command]/usr/bin/git config --local http.https://github.com/.extraheader AUTHORIZATION: basic ***
core-execution	Checkout code	2026-02-23T10:56:43.6500257Z ##[endgroup]
core-execution	Checkout code	2026-02-23T10:56:43.6501760Z ##[group]Fetching the repository
core-execution	Checkout code	2026-02-23T10:56:43.6528951Z [command]/usr/bin/git -c protocol.version=2 fetch --prune --no-recurse-submodules origin +refs/heads/*:refs/remotes/origin/* +refs/tags/*:refs/tags/*
core-execution	Checkout code	2026-02-23T10:57:07.5383276Z From https://github.com/Ka0s-Klaus/ka0s
core-execution	Checkout code	2026-02-23T10:57:07.5402272Z  * [new branch]          F3450-modelo-operativo -> origin/F3450-modelo-operativo
core-execution	Checkout code	2026-02-23T10:57:07.5403223Z  * [new branch]          H1276-modulo-observabilidad -> origin/H1276-modulo-observabilidad
core-execution	Checkout code	2026-02-23T10:57:07.5404065Z  * [new branch]          H3596-deploy-itop      -> origin/H3596-deploy-itop
core-execution	Checkout code	2026-02-23T10:57:07.5404764Z  * [new branch]          H4191-request-cambios  -> origin/H4191-request-cambios
core-execution	Checkout code	2026-02-23T10:57:07.5405688Z  * [new branch]          H4200-request-recomendaciones-de-auditoria -> origin/H4200-request-recomendaciones-de-auditoria
core-execution	Checkout code	2026-02-23T10:57:07.5406526Z  * [new branch]          main                   -> origin/main
core-execution	Checkout code	2026-02-23T10:57:07.5407025Z  * [new tag]             0.0.0                  -> 0.0.0
core-execution	Checkout code	2026-02-23T10:57:07.5407502Z  * [new tag]             0.0.1                  -> 0.0.1
core-execution	Checkout code	2026-02-23T10:57:07.5407946Z  * [new tag]             0.0.10                 -> 0.0.10
core-execution	Checkout code	2026-02-23T10:57:07.5408471Z  * [new tag]             0.0.100                -> 0.0.100
core-execution	Checkout code	2026-02-23T10:57:07.5409041Z  * [new tag]             0.0.101                -> 0.0.101
core-execution	Checkout code	2026-02-23T10:57:07.5409552Z  * [new tag]             0.0.102                -> 0.0.102
core-execution	Checkout code	2026-02-23T10:57:07.5422197Z  * [new tag]             0.0.103                -> 0.0.103
core-execution	Checkout code	2026-02-23T10:57:07.5422785Z  * [new tag]             0.0.104                -> 0.0.104
core-execution	Checkout code	2026-02-23T10:57:07.5423270Z  * [new tag]             0.0.105                -> 0.0.105
core-execution	Checkout code	2026-02-23T10:57:07.5423701Z  * [new tag]             0.0.106                -> 0.0.106
core-execution	Checkout code	2026-02-23T10:57:07.5424124Z  * [new tag]             0.0.107                -> 0.0.107
core-execution	Checkout code	2026-02-23T10:57:07.5424563Z  * [new tag]             0.0.108                -> 0.0.108
core-execution	Checkout code	2026-02-23T10:57:07.5424985Z  * [new tag]             0.0.109                -> 0.0.109
core-execution	Checkout code	2026-02-23T10:57:07.5425411Z  * [new tag]             0.0.11                 -> 0.0.11
core-execution	Checkout code	2026-02-23T10:57:07.5437049Z  * [new tag]             0.0.110                -> 0.0.110
core-execution	Checkout code	2026-02-23T10:57:07.5437518Z  * [new tag]             0.0.111                -> 0.0.111
core-execution	Checkout code	2026-02-23T10:57:07.5437946Z  * [new tag]             0.0.112                -> 0.0.112
core-execution	Checkout code	2026-02-23T10:57:07.5438909Z  * [new tag]             0.0.113                -> 0.0.113
core-execution	Checkout code	2026-02-23T10:57:07.5439337Z  * [new tag]             0.0.114                -> 0.0.114
core-execution	Checkout code	2026-02-23T10:57:07.5439776Z  * [new tag]             0.0.115                -> 0.0.115
core-execution	Checkout code	2026-02-23T10:57:07.5440211Z  * [new tag]             0.0.116                -> 0.0.116
core-execution	Checkout code	2026-02-23T10:57:07.5454311Z  * [new tag]             0.0.117                -> 0.0.117
core-execution	Checkout code	2026-02-23T10:57:07.5454868Z  * [new tag]             0.0.118                -> 0.0.118
core-execution	Checkout code	2026-02-23T10:57:07.5455349Z  * [new tag]             0.0.119                -> 0.0.119
core-execution	Checkout code	2026-02-23T10:57:07.5455780Z  * [new tag]             0.0.12                 -> 0.0.12
core-execution	Checkout code	2026-02-23T10:57:07.5456205Z  * [new tag]             0.0.120                -> 0.0.120
core-execution	Checkout code	2026-02-23T10:57:07.5456630Z  * [new tag]             0.0.121                -> 0.0.121
core-execution	Checkout code	2026-02-23T10:57:07.5457051Z  * [new tag]             0.0.122                -> 0.0.122
core-execution	Checkout code	2026-02-23T10:57:07.5457471Z  * [new tag]             0.0.123                -> 0.0.123
core-execution	Checkout code	2026-02-23T10:57:07.5457917Z  * [new tag]             0.0.124                -> 0.0.124
core-execution	Checkout code	2026-02-23T10:57:07.5458689Z  * [new tag]             0.0.125                -> 0.0.125
core-execution	Checkout code	2026-02-23T10:57:07.5459116Z  * [new tag]             0.0.126                -> 0.0.126
core-execution	Checkout code	2026-02-23T10:57:07.5459538Z  * [new tag]             0.0.127                -> 0.0.127
core-execution	Checkout code	2026-02-23T10:57:07.5459958Z  * [new tag]             0.0.128                -> 0.0.128
core-execution	Checkout code	2026-02-23T10:57:07.5470670Z  * [new tag]             0.0.129                -> 0.0.129
core-execution	Checkout code	2026-02-23T10:57:07.5471184Z  * [new tag]             0.0.13                 -> 0.0.13
core-execution	Checkout code	2026-02-23T10:57:07.5471623Z  * [new tag]             0.0.130                -> 0.0.130
core-execution	Checkout code	2026-02-23T10:57:07.5472054Z  * [new tag]             0.0.131                -> 0.0.131
core-execution	Checkout code	2026-02-23T10:57:07.5472499Z  * [new tag]             0.0.132                -> 0.0.132
core-execution	Checkout code	2026-02-23T10:57:07.5472922Z  * [new tag]             0.0.133                -> 0.0.133
core-execution	Checkout code	2026-02-23T10:57:07.5473342Z  * [new tag]             0.0.134                -> 0.0.134
core-execution	Checkout code	2026-02-23T10:57:07.5473792Z  * [new tag]             0.0.135                -> 0.0.135
core-execution	Checkout code	2026-02-23T10:57:07.5474234Z  * [new tag]             0.0.136                -> 0.0.136
core-execution	Checkout code	2026-02-23T10:57:07.5474661Z  * [new tag]             0.0.137                -> 0.0.137
core-execution	Checkout code	2026-02-23T10:57:07.5475083Z  * [new tag]             0.0.138                -> 0.0.138
core-execution	Checkout code	2026-02-23T10:57:07.5475505Z  * [new tag]             0.0.139                -> 0.0.139
core-execution	Checkout code	2026-02-23T10:57:07.5475929Z  * [new tag]             0.0.14                 -> 0.0.14
core-execution	Checkout code	2026-02-23T10:57:07.5476350Z  * [new tag]             0.0.140                -> 0.0.140
core-execution	Checkout code	2026-02-23T10:57:07.5476772Z  * [new tag]             0.0.141                -> 0.0.141
core-execution	Checkout code	2026-02-23T10:57:07.5477192Z  * [new tag]             0.0.142                -> 0.0.142
core-execution	Checkout code	2026-02-23T10:57:07.5477612Z  * [new tag]             0.0.143                -> 0.0.143
core-execution	Checkout code	2026-02-23T10:57:07.5478032Z  * [new tag]             0.0.144                -> 0.0.144
core-execution	Checkout code	2026-02-23T10:57:07.5478463Z  * [new tag]             0.0.145                -> 0.0.145
core-execution	Checkout code	2026-02-23T10:57:07.5478893Z  * [new tag]             0.0.146                -> 0.0.146
core-execution	Checkout code	2026-02-23T10:57:07.5479317Z  * [new tag]             0.0.147                -> 0.0.147
core-execution	Checkout code	2026-02-23T10:57:07.5479740Z  * [new tag]             0.0.148                -> 0.0.148
core-execution	Checkout code	2026-02-23T10:57:07.5480163Z  * [new tag]             0.0.149                -> 0.0.149
core-execution	Checkout code	2026-02-23T10:57:07.5513524Z  * [new tag]             0.0.15                 -> 0.0.15
core-execution	Checkout code	2026-02-23T10:57:07.5514064Z  * [new tag]             0.0.150                -> 0.0.150
core-execution	Checkout code	2026-02-23T10:57:07.5514593Z  * [new tag]             0.0.151                -> 0.0.151
core-execution	Checkout code	2026-02-23T10:57:07.5515024Z  * [new tag]             0.0.152                -> 0.0.152
core-execution	Checkout code	2026-02-23T10:57:07.5683826Z  * [new tag]             0.0.153                -> 0.0.153
core-execution	Checkout code	2026-02-23T10:57:07.5684413Z  * [new tag]             0.0.154                -> 0.0.154
core-execution	Checkout code	2026-02-23T10:57:07.5684869Z  * [new tag]             0.0.155                -> 0.0.155
core-execution	Checkout code	2026-02-23T10:57:07.5717002Z  * [new tag]             0.0.156                -> 0.0.156
core-execution	Checkout code	2026-02-23T10:57:07.5717512Z  * [new tag]             0.0.157                -> 0.0.157
core-execution	Checkout code	2026-02-23T10:57:07.5717961Z  * [new tag]             0.0.158                -> 0.0.158
core-execution	Checkout code	2026-02-23T10:57:07.5718414Z  * [new tag]             0.0.159                -> 0.0.159
core-execution	Checkout code	2026-02-23T10:57:07.5718865Z  * [new tag]             0.0.16                 -> 0.0.16
core-execution	Checkout code	2026-02-23T10:57:07.5719314Z  * [new tag]             0.0.160                -> 0.0.160
core-execution	Checkout code	2026-02-23T10:57:07.5719757Z  * [new tag]             0.0.161                -> 0.0.161
core-execution	Checkout code	2026-02-23T10:57:07.5720202Z  * [new tag]             0.0.162                -> 0.0.162
core-execution	Checkout code	2026-02-23T10:57:07.5720962Z  * [new tag]             0.0.163                -> 0.0.163
core-execution	Checkout code	2026-02-23T10:57:07.5721443Z  * [new tag]             0.0.164                -> 0.0.164
core-execution	Checkout code	2026-02-23T10:57:07.5721911Z  * [new tag]             0.0.165                -> 0.0.165
core-execution	Checkout code	2026-02-23T10:57:07.5722383Z  * [new tag]             0.0.166                -> 0.0.166
core-execution	Checkout code	2026-02-23T10:57:07.5722887Z  * [new tag]             0.0.167                -> 0.0.167
core-execution	Checkout code	2026-02-23T10:57:07.5723618Z  * [new tag]             0.0.168                -> 0.0.168
core-execution	Checkout code	2026-02-23T10:57:07.5724064Z  * [new tag]             0.0.169                -> 0.0.169
core-execution	Checkout code	2026-02-23T10:57:07.5724508Z  * [new tag]             0.0.17                 -> 0.0.17
core-execution	Checkout code	2026-02-23T10:57:07.5724952Z  * [new tag]             0.0.170                -> 0.0.170
core-execution	Checkout code	2026-02-23T10:57:07.5725393Z  * [new tag]             0.0.171                -> 0.0.171
core-execution	Checkout code	2026-02-23T10:57:07.5725835Z  * [new tag]             0.0.172                -> 0.0.172
core-execution	Checkout code	2026-02-23T10:57:07.5726280Z  * [new tag]             0.0.173                -> 0.0.173
core-execution	Checkout code	2026-02-23T10:57:07.5726727Z  * [new tag]             0.0.174                -> 0.0.174
core-execution	Checkout code	2026-02-23T10:57:07.5727176Z  * [new tag]             0.0.175                -> 0.0.175
core-execution	Checkout code	2026-02-23T10:57:07.5727626Z  * [new tag]             0.0.176                -> 0.0.176
core-execution	Checkout code	2026-02-23T10:57:07.5728080Z  * [new tag]             0.0.177                -> 0.0.177
core-execution	Checkout code	2026-02-23T10:57:07.5728732Z  * [new tag]             0.0.178                -> 0.0.178
core-execution	Checkout code	2026-02-23T10:57:07.5729182Z  * [new tag]             0.0.179                -> 0.0.179
core-execution	Checkout code	2026-02-23T10:57:07.5729629Z  * [new tag]             0.0.18                 -> 0.0.18
core-execution	Checkout code	2026-02-23T10:57:07.5730080Z  * [new tag]             0.0.19                 -> 0.0.19
core-execution	Checkout code	2026-02-23T10:57:07.5750989Z  * [new tag]             0.0.2                  -> 0.0.2
core-execution	Checkout code	2026-02-23T10:57:07.5751478Z  * [new tag]             0.0.20                 -> 0.0.20
core-execution	Checkout code	2026-02-23T10:57:07.5751927Z  * [new tag]             0.0.21                 -> 0.0.21
core-execution	Checkout code	2026-02-23T10:57:07.5752373Z  * [new tag]             0.0.22                 -> 0.0.22
core-execution	Checkout code	2026-02-23T10:57:07.5752815Z  * [new tag]             0.0.23                 -> 0.0.23
core-execution	Checkout code	2026-02-23T10:57:07.5753260Z  * [new tag]             0.0.24                 -> 0.0.24
core-execution	Checkout code	2026-02-23T10:57:07.5753699Z  * [new tag]             0.0.25                 -> 0.0.25
core-execution	Checkout code	2026-02-23T10:57:07.5754169Z  * [new tag]             0.0.26                 -> 0.0.26
core-execution	Checkout code	2026-02-23T10:57:07.5754622Z  * [new tag]             0.0.27                 -> 0.0.27
core-execution	Checkout code	2026-02-23T10:57:07.5755059Z  * [new tag]             0.0.28                 -> 0.0.28
core-execution	Checkout code	2026-02-23T10:57:07.5755500Z  * [new tag]             0.0.29                 -> 0.0.29
core-execution	Checkout code	2026-02-23T10:57:07.5755942Z  * [new tag]             0.0.3                  -> 0.0.3
core-execution	Checkout code	2026-02-23T10:57:07.5756384Z  * [new tag]             0.0.30                 -> 0.0.30
core-execution	Checkout code	2026-02-23T10:57:07.5756826Z  * [new tag]             0.0.31                 -> 0.0.31
core-execution	Checkout code	2026-02-23T10:57:07.5757273Z  * [new tag]             0.0.32                 -> 0.0.32
core-execution	Checkout code	2026-02-23T10:57:07.5757716Z  * [new tag]             0.0.33                 -> 0.0.33
core-execution	Checkout code	2026-02-23T10:57:07.5758158Z  * [new tag]             0.0.34                 -> 0.0.34
core-execution	Checkout code	2026-02-23T10:57:07.5758604Z  * [new tag]             0.0.35                 -> 0.0.35
core-execution	Checkout code	2026-02-23T10:57:07.5759048Z  * [new tag]             0.0.36                 -> 0.0.36
core-execution	Checkout code	2026-02-23T10:57:07.5759742Z  * [new tag]             0.0.37                 -> 0.0.37
core-execution	Checkout code	2026-02-23T10:57:07.5760192Z  * [new tag]             0.0.38                 -> 0.0.38
core-execution	Checkout code	2026-02-23T10:57:07.5760780Z  * [new tag]             0.0.39                 -> 0.0.39
core-execution	Checkout code	2026-02-23T10:57:07.5761234Z  * [new tag]             0.0.4                  -> 0.0.4
core-execution	Checkout code	2026-02-23T10:57:07.5761696Z  * [new tag]             0.0.40                 -> 0.0.40
core-execution	Checkout code	2026-02-23T10:57:07.5762146Z  * [new tag]             0.0.41                 -> 0.0.41
core-execution	Checkout code	2026-02-23T10:57:07.5762596Z  * [new tag]             0.0.42                 -> 0.0.42
core-execution	Checkout code	2026-02-23T10:57:07.5763041Z  * [new tag]             0.0.43                 -> 0.0.43
core-execution	Checkout code	2026-02-23T10:57:07.5763481Z  * [new tag]             0.0.44                 -> 0.0.44
core-execution	Checkout code	2026-02-23T10:57:07.5763923Z  * [new tag]             0.0.45                 -> 0.0.45
core-execution	Checkout code	2026-02-23T10:57:07.5764366Z  * [new tag]             0.0.46                 -> 0.0.46
core-execution	Checkout code	2026-02-23T10:57:07.5764813Z  * [new tag]             0.0.47                 -> 0.0.47
core-execution	Checkout code	2026-02-23T10:57:07.5765269Z  * [new tag]             0.0.48                 -> 0.0.48
core-execution	Checkout code	2026-02-23T10:57:07.5765934Z  * [new tag]             0.0.49                 -> 0.0.49
core-execution	Checkout code	2026-02-23T10:57:07.5766378Z  * [new tag]             0.0.5                  -> 0.0.5
core-execution	Checkout code	2026-02-23T10:57:07.5766818Z  * [new tag]             0.0.50                 -> 0.0.50
core-execution	Checkout code	2026-02-23T10:57:07.5767258Z  * [new tag]             0.0.51                 -> 0.0.51
core-execution	Checkout code	2026-02-23T10:57:07.5767704Z  * [new tag]             0.0.52                 -> 0.0.52
core-execution	Checkout code	2026-02-23T10:57:07.5768150Z  * [new tag]             0.0.53                 -> 0.0.53
core-execution	Checkout code	2026-02-23T10:57:07.5768599Z  * [new tag]             0.0.54                 -> 0.0.54
core-execution	Checkout code	2026-02-23T10:57:07.5769043Z  * [new tag]             0.0.55                 -> 0.0.55
core-execution	Checkout code	2026-02-23T10:57:07.5769490Z  * [new tag]             0.0.56                 -> 0.0.56
core-execution	Checkout code	2026-02-23T10:57:07.5769931Z  * [new tag]             0.0.57                 -> 0.0.57
core-execution	Checkout code	2026-02-23T10:57:07.5780626Z  * [new tag]             0.0.58                 -> 0.0.58
core-execution	Checkout code	2026-02-23T10:57:07.5781177Z  * [new tag]             0.0.59                 -> 0.0.59
core-execution	Checkout code	2026-02-23T10:57:07.5781657Z  * [new tag]             0.0.6                  -> 0.0.6
core-execution	Checkout code	2026-02-23T10:57:07.5782096Z  * [new tag]             0.0.60                 -> 0.0.60
core-execution	Checkout code	2026-02-23T10:57:07.5782537Z  * [new tag]             0.0.61                 -> 0.0.61
core-execution	Checkout code	2026-02-23T10:57:07.5782978Z  * [new tag]             0.0.62                 -> 0.0.62
core-execution	Checkout code	2026-02-23T10:57:07.5783418Z  * [new tag]             0.0.63                 -> 0.0.63
core-execution	Checkout code	2026-02-23T10:57:07.5783858Z  * [new tag]             0.0.64                 -> 0.0.64
core-execution	Checkout code	2026-02-23T10:57:07.5784293Z  * [new tag]             0.0.65                 -> 0.0.65
core-execution	Checkout code	2026-02-23T10:57:07.5784730Z  * [new tag]             0.0.66                 -> 0.0.66
core-execution	Checkout code	2026-02-23T10:57:07.5785164Z  * [new tag]             0.0.67                 -> 0.0.67
core-execution	Checkout code	2026-02-23T10:57:07.5785603Z  * [new tag]             0.0.68                 -> 0.0.68
core-execution	Checkout code	2026-02-23T10:57:07.5786043Z  * [new tag]             0.0.69                 -> 0.0.69
core-execution	Checkout code	2026-02-23T10:57:07.5786483Z  * [new tag]             0.0.7                  -> 0.0.7
core-execution	Checkout code	2026-02-23T10:57:07.5786916Z  * [new tag]             0.0.70                 -> 0.0.70
core-execution	Checkout code	2026-02-23T10:57:07.5787353Z  * [new tag]             0.0.71                 -> 0.0.71
core-execution	Checkout code	2026-02-23T10:57:07.5787787Z  * [new tag]             0.0.72                 -> 0.0.72
core-execution	Checkout code	2026-02-23T10:57:07.5788224Z  * [new tag]             0.0.73                 -> 0.0.73
core-execution	Checkout code	2026-02-23T10:57:07.5788660Z  * [new tag]             0.0.74                 -> 0.0.74
core-execution	Checkout code	2026-02-23T10:57:07.5789095Z  * [new tag]             0.0.75                 -> 0.0.75
core-execution	Checkout code	2026-02-23T10:57:07.5789525Z  * [new tag]             0.0.76                 -> 0.0.76
core-execution	Checkout code	2026-02-23T10:57:07.5789956Z  * [new tag]             0.0.77                 -> 0.0.77
core-execution	Checkout code	2026-02-23T10:57:07.5790450Z  * [new tag]             0.0.78                 -> 0.0.78
core-execution	Checkout code	2026-02-23T10:57:07.5790892Z  * [new tag]             0.0.79                 -> 0.0.79
core-execution	Checkout code	2026-02-23T10:57:07.5791584Z  * [new tag]             0.0.8                  -> 0.0.8
core-execution	Checkout code	2026-02-23T10:57:07.5792029Z  * [new tag]             0.0.80                 -> 0.0.80
core-execution	Checkout code	2026-02-23T10:57:07.5792465Z  * [new tag]             0.0.81                 -> 0.0.81
core-execution	Checkout code	2026-02-23T10:57:07.5792901Z  * [new tag]             0.0.82                 -> 0.0.82
core-execution	Checkout code	2026-02-23T10:57:07.5793335Z  * [new tag]             0.0.83                 -> 0.0.83
core-execution	Checkout code	2026-02-23T10:57:07.5793769Z  * [new tag]             0.0.84                 -> 0.0.84
core-execution	Checkout code	2026-02-23T10:57:07.5794204Z  * [new tag]             0.0.85                 -> 0.0.85
core-execution	Checkout code	2026-02-23T10:57:07.5794635Z  * [new tag]             0.0.86                 -> 0.0.86
core-execution	Checkout code	2026-02-23T10:57:07.5795069Z  * [new tag]             0.0.87                 -> 0.0.87
core-execution	Checkout code	2026-02-23T10:57:07.5795502Z  * [new tag]             0.0.88                 -> 0.0.88
core-execution	Checkout code	2026-02-23T10:57:07.5795964Z  * [new tag]             0.0.89                 -> 0.0.89
core-execution	Checkout code	2026-02-23T10:57:07.5796412Z  * [new tag]             0.0.9                  -> 0.0.9
core-execution	Checkout code	2026-02-23T10:57:07.5796867Z  * [new tag]             0.0.90                 -> 0.0.90
core-execution	Checkout code	2026-02-23T10:57:07.5797572Z  * [new tag]             0.0.91                 -> 0.0.91
core-execution	Checkout code	2026-02-23T10:57:07.5798009Z  * [new tag]             0.0.92                 -> 0.0.92
core-execution	Checkout code	2026-02-23T10:57:07.5798444Z  * [new tag]             0.0.93                 -> 0.0.93
core-execution	Checkout code	2026-02-23T10:57:07.5798878Z  * [new tag]             0.0.94                 -> 0.0.94
core-execution	Checkout code	2026-02-23T10:57:07.5799315Z  * [new tag]             0.0.95                 -> 0.0.95
core-execution	Checkout code	2026-02-23T10:57:07.5799751Z  * [new tag]             0.0.96                 -> 0.0.96
core-execution	Checkout code	2026-02-23T10:57:07.5800193Z  * [new tag]             0.0.97                 -> 0.0.97
core-execution	Checkout code	2026-02-23T10:57:07.5820872Z  * [new tag]             0.0.98                 -> 0.0.98
core-execution	Checkout code	2026-02-23T10:57:07.5821339Z  * [new tag]             0.0.99                 -> 0.0.99
core-execution	Checkout code	2026-02-23T10:57:07.5821777Z  * [new tag]             0.1.0                  -> 0.1.0
core-execution	Checkout code	2026-02-23T10:57:07.5822215Z  * [new tag]             0.1.1                  -> 0.1.1
core-execution	Checkout code	2026-02-23T10:57:07.5822663Z  * [new tag]             0.2.0                  -> 0.2.0
core-execution	Checkout code	2026-02-23T10:57:07.5823101Z  * [new tag]             0.3.0                  -> 0.3.0
core-execution	Checkout code	2026-02-23T10:57:07.5823536Z  * [new tag]             0.3.1                  -> 0.3.1
core-execution	Checkout code	2026-02-23T10:57:07.5823970Z  * [new tag]             0.3.10                 -> 0.3.10
core-execution	Checkout code	2026-02-23T10:57:07.5824443Z  * [new tag]             0.3.11                 -> 0.3.11
core-execution	Checkout code	2026-02-23T10:57:07.5851261Z  * [new tag]             0.3.12                 -> 0.3.12
core-execution	Checkout code	2026-02-23T10:57:07.5851789Z  * [new tag]             0.3.13                 -> 0.3.13
core-execution	Checkout code	2026-02-23T10:57:07.5852236Z  * [new tag]             0.3.14                 -> 0.3.14
core-execution	Checkout code	2026-02-23T10:57:07.5852674Z  * [new tag]             0.3.15                 -> 0.3.15
core-execution	Checkout code	2026-02-23T10:57:07.5853121Z  * [new tag]             0.3.16                 -> 0.3.16
core-execution	Checkout code	2026-02-23T10:57:07.5853555Z  * [new tag]             0.3.17                 -> 0.3.17
core-execution	Checkout code	2026-02-23T10:57:07.5854018Z  * [new tag]             0.3.2                  -> 0.3.2
core-execution	Checkout code	2026-02-23T10:57:07.5854463Z  * [new tag]             0.3.3                  -> 0.3.3
core-execution	Checkout code	2026-02-23T10:57:07.5854896Z  * [new tag]             0.3.4                  -> 0.3.4
core-execution	Checkout code	2026-02-23T10:57:07.5855325Z  * [new tag]             0.3.5                  -> 0.3.5
core-execution	Checkout code	2026-02-23T10:57:07.5855752Z  * [new tag]             0.3.6                  -> 0.3.6
core-execution	Checkout code	2026-02-23T10:57:07.5856185Z  * [new tag]             0.3.7                  -> 0.3.7
core-execution	Checkout code	2026-02-23T10:57:07.5856618Z  * [new tag]             0.3.8                  -> 0.3.8
core-execution	Checkout code	2026-02-23T10:57:07.5857053Z  * [new tag]             0.3.9                  -> 0.3.9
core-execution	Checkout code	2026-02-23T10:57:07.5857481Z  * [new tag]             0.4.0                  -> 0.4.0
core-execution	Checkout code	2026-02-23T10:57:07.5857910Z  * [new tag]             0.4.1                  -> 0.4.1
core-execution	Checkout code	2026-02-23T10:57:07.5858340Z  * [new tag]             0.4.2                  -> 0.4.2
core-execution	Checkout code	2026-02-23T10:57:07.5858769Z  * [new tag]             0.4.3                  -> 0.4.3
core-execution	Checkout code	2026-02-23T10:57:07.5859481Z  * [new tag]             0.4.4                  -> 0.4.4
core-execution	Checkout code	2026-02-23T10:57:07.5859922Z  * [new tag]             0.4.5                  -> 0.4.5
core-execution	Checkout code	2026-02-23T10:57:07.5870627Z  * [new tag]             0.4.6                  -> 0.4.6
core-execution	Checkout code	2026-02-23T10:57:07.5871147Z  * [new tag]             0.4.7                  -> 0.4.7
core-execution	Checkout code	2026-02-23T10:57:07.5871581Z  * [new tag]             0.4.8                  -> 0.4.8
core-execution	Checkout code	2026-02-23T10:57:07.5872015Z  * [new tag]             0.4.9                  -> 0.4.9
core-execution	Checkout code	2026-02-23T10:57:07.5872448Z  * [new tag]             0.5.0                  -> 0.5.0
core-execution	Checkout code	2026-02-23T10:57:07.5872879Z  * [new tag]             0.5.1                  -> 0.5.1
core-execution	Checkout code	2026-02-23T10:57:07.5873310Z  * [new tag]             0.5.2                  -> 0.5.2
core-execution	Checkout code	2026-02-23T10:57:07.5873740Z  * [new tag]             0.6.0                  -> 0.6.0
core-execution	Checkout code	2026-02-23T10:57:07.5874170Z  * [new tag]             0.6.1                  -> 0.6.1
core-execution	Checkout code	2026-02-23T10:57:07.5874597Z  * [new tag]             0.6.2                  -> 0.6.2
core-execution	Checkout code	2026-02-23T10:57:07.6119784Z [command]/usr/bin/git branch --list --remote origin/main
core-execution	Checkout code	2026-02-23T10:57:07.6205151Z   origin/main
core-execution	Checkout code	2026-02-23T10:57:07.6229535Z [command]/usr/bin/git rev-parse refs/remotes/origin/main
core-execution	Checkout code	2026-02-23T10:57:07.6280096Z eff2cea3f15a68ebfa0035ad910a1b9be0cdf9cc
core-execution	Checkout code	2026-02-23T10:57:07.6300752Z ##[endgroup]
core-execution	Checkout code	2026-02-23T10:57:07.6301609Z ##[group]Determining the checkout info
core-execution	Checkout code	2026-02-23T10:57:07.6303643Z ##[endgroup]
core-execution	Checkout code	2026-02-23T10:57:07.6308704Z [command]/usr/bin/git sparse-checkout disable
core-execution	Checkout code	2026-02-23T10:57:07.6433033Z [command]/usr/bin/git config --local --unset-all extensions.worktreeConfig
core-execution	Checkout code	2026-02-23T10:57:07.6493573Z ##[group]Checking out the ref
core-execution	Checkout code	2026-02-23T10:57:07.6503868Z [command]/usr/bin/git checkout --progress --force -B main refs/remotes/origin/main
core-execution	Checkout code	2026-02-23T10:57:08.0282202Z Switched to a new branch 'main'
core-execution	Checkout code	2026-02-23T10:57:08.0302095Z branch 'main' set up to track 'origin/main'.
core-execution	Checkout code	2026-02-23T10:57:08.0542233Z ##[endgroup]
core-execution	Checkout code	2026-02-23T10:57:08.0664407Z [command]/usr/bin/git log -1 --format=%H
core-execution	Checkout code	2026-02-23T10:57:08.0881563Z eff2cea3f15a68ebfa0035ad910a1b9be0cdf9cc
core-execution	Set up Python	Ôªø2026-02-23T10:57:08.1722970Z ##[group]Run actions/setup-python@v4
core-execution	Set up Python	2026-02-23T10:57:08.1723308Z with:
core-execution	Set up Python	2026-02-23T10:57:08.1723525Z   python-version: 3.10
core-execution	Set up Python	2026-02-23T10:57:08.1723774Z   check-latest: false
core-execution	Set up Python	2026-02-23T10:57:08.1724217Z   token: ***
core-execution	Set up Python	2026-02-23T10:57:08.1724452Z   update-environment: true
core-execution	Set up Python	2026-02-23T10:57:08.1724719Z   allow-prereleases: false
core-execution	Set up Python	2026-02-23T10:57:08.1724956Z env:
core-execution	Set up Python	2026-02-23T10:57:08.1725173Z   KAOS_MODULE: [Ka0S] GitHub ‚Üí iTop Sync
core-execution	Set up Python	2026-02-23T10:57:08.1725482Z   KAOS_CORRELATION_ID: 22303152159
core-execution	Set up Python	2026-02-23T10:57:08.1725778Z   KAOS_ACTOR: ***
core-execution	Set up Python	2026-02-23T10:57:08.1725996Z ##[endgroup]
core-execution	Set up Python	2026-02-23T10:57:08.4175543Z ##[group]Installed versions
core-execution	Set up Python	2026-02-23T10:57:08.4221956Z Version 3.10 was not found in the local cache
core-execution	Set up Python	2026-02-23T10:57:09.6240098Z Version 3.10 is available for downloading
core-execution	Set up Python	2026-02-23T10:57:09.6254624Z Download from "https://github.com/actions/python-versions/releases/download/3.10.19-18393196481/python-3.10.19-linux-24.04-x64.tar.gz"
core-execution	Set up Python	2026-02-23T10:57:11.3993085Z Extract downloaded archive
core-execution	Set up Python	2026-02-23T10:57:11.4164421Z [command]/usr/bin/tar xz --warning=no-unknown-keyword -C /home/runner/_work/_temp/bdf2e642-8c5e-4356-a201-f284dd4ff220 -f /home/runner/_work/_temp/dcfcacaa-1b75-41ff-b4a1-c09c6af709e3
core-execution	Set up Python	2026-02-23T10:57:13.9972794Z Execute installation script
core-execution	Set up Python	2026-02-23T10:57:14.0111548Z Check if Python hostedtoolcache folder exist...
core-execution	Set up Python	2026-02-23T10:57:14.0113778Z Creating Python hostedtoolcache folder...
core-execution	Set up Python	2026-02-23T10:57:14.0144054Z Create Python 3.10.19 folder
core-execution	Set up Python	2026-02-23T10:57:14.0163564Z Copy Python binaries to hostedtoolcache folder
core-execution	Set up Python	2026-02-23T10:57:15.2003195Z Create additional symlinks (Required for the UsePythonVersion Azure Pipelines task and the setup-python GitHub Action)
core-execution	Set up Python	2026-02-23T10:57:15.2056972Z Upgrading pip...
core-execution	Set up Python	2026-02-23T10:57:17.4388020Z Looking in links: /tmp/tmpj4mfyta1
core-execution	Set up Python	2026-02-23T10:57:17.4397774Z Requirement already satisfied: setuptools in /home/runner/_work/_tool/Python/3.10.19/x64/lib/python3.10/site-packages (79.0.1)
core-execution	Set up Python	2026-02-23T10:57:17.4405190Z Requirement already satisfied: pip in /home/runner/_work/_tool/Python/3.10.19/x64/lib/python3.10/site-packages (23.0.1)
core-execution	Set up Python	2026-02-23T10:57:18.9099877Z Collecting pip
core-execution	Set up Python	2026-02-23T10:57:18.9650152Z Downloading pip-26.0.1-py3-none-any.whl (1.8 MB)
core-execution	Set up Python	2026-02-23T10:57:19.0171489Z ‚îÅ‚îÅ‚îÅ‚îÅ‚îÅ‚îÅ‚îÅ‚îÅ‚îÅ‚îÅ‚îÅ‚îÅ‚îÅ‚îÅ‚îÅ‚îÅ‚îÅ‚îÅ‚îÅ‚îÅ‚îÅ‚îÅ‚îÅ‚îÅ‚îÅ‚îÅ‚îÅ‚îÅ‚îÅ‚îÅ‚îÅ‚îÅ‚îÅ‚îÅ‚îÅ‚îÅ‚îÅ‚îÅ‚îÅ‚îÅ 1.8/1.8 MB 37.2 MB/s eta 0:00:00
core-execution	Set up Python	2026-02-23T10:57:19.0171898Z 
core-execution	Set up Python	2026-02-23T10:57:19.0819531Z Installing collected packages: pip
core-execution	Set up Python	2026-02-23T10:57:19.0820215Z Attempting uninstall: pip
core-execution	Set up Python	2026-02-23T10:57:19.0829497Z Found existing installation: pip 23.0.1
core-execution	Set up Python	2026-02-23T10:57:19.3959322Z Uninstalling pip-23.0.1:
core-execution	Set up Python	2026-02-23T10:57:19.4059763Z Successfully uninstalled pip-23.0.1
core-execution	Set up Python	2026-02-23T10:57:20.3221493Z Successfully installed pip-26.0.1
core-execution	Set up Python	2026-02-23T10:57:20.4176583Z Create complete file
core-execution	Set up Python	2026-02-23T10:57:20.4215372Z Successfully set up CPython (3.10.19)
core-execution	Set up Python	2026-02-23T10:57:20.4216541Z ##[endgroup]
core-execution	Install dependencies	Ôªø2026-02-23T10:57:20.4442768Z ##[group]Run pip install requests
core-execution	Install dependencies	2026-02-23T10:57:20.4443250Z [36;1mpip install requests[0m
core-execution	Install dependencies	2026-02-23T10:57:20.4463644Z shell: /usr/bin/bash -e {0}
core-execution	Install dependencies	2026-02-23T10:57:20.4463967Z env:
core-execution	Install dependencies	2026-02-23T10:57:20.4464212Z   KAOS_MODULE: [Ka0S] GitHub ‚Üí iTop Sync
core-execution	Install dependencies	2026-02-23T10:57:20.4464533Z   KAOS_CORRELATION_ID: 22303152159
core-execution	Install dependencies	2026-02-23T10:57:20.4464960Z   KAOS_ACTOR: ***
core-execution	Install dependencies	2026-02-23T10:57:20.4465289Z   pythonLocation: /home/runner/_work/_tool/Python/3.10.19/x64
core-execution	Install dependencies	2026-02-23T10:57:20.4465815Z   PKG_CONFIG_PATH: /home/runner/_work/_tool/Python/3.10.19/x64/lib/pkgconfig
core-execution	Install dependencies	2026-02-23T10:57:20.4466451Z   Python_ROOT_DIR: /home/runner/_work/_tool/Python/3.10.19/x64
core-execution	Install dependencies	2026-02-23T10:57:20.4466898Z   Python2_ROOT_DIR: /home/runner/_work/_tool/Python/3.10.19/x64
core-execution	Install dependencies	2026-02-23T10:57:20.4467345Z   Python3_ROOT_DIR: /home/runner/_work/_tool/Python/3.10.19/x64
core-execution	Install dependencies	2026-02-23T10:57:20.4467798Z   LD_LIBRARY_PATH: /home/runner/_work/_tool/Python/3.10.19/x64/lib
core-execution	Install dependencies	2026-02-23T10:57:20.4468173Z ##[endgroup]
core-execution	Install dependencies	2026-02-23T10:57:20.9636595Z Collecting requests
core-execution	Install dependencies	2026-02-23T10:57:21.0519906Z   Downloading requests-2.32.5-py3-none-any.whl.metadata (4.9 kB)
core-execution	Install dependencies	2026-02-23T10:57:21.1996706Z Collecting charset_normalizer<4,>=2 (from requests)
core-execution	Install dependencies	2026-02-23T10:57:21.2043424Z   Downloading charset_normalizer-3.4.4-cp310-cp310-manylinux2014_x86_64.manylinux_2_17_x86_64.manylinux_2_28_x86_64.whl.metadata (37 kB)
core-execution	Install dependencies	2026-02-23T10:57:21.2422270Z Collecting idna<4,>=2.5 (from requests)
core-execution	Install dependencies	2026-02-23T10:57:21.2468622Z   Downloading idna-3.11-py3-none-any.whl.metadata (8.4 kB)
core-execution	Install dependencies	2026-02-23T10:57:21.2834721Z Collecting urllib3<3,>=1.21.1 (from requests)
core-execution	Install dependencies	2026-02-23T10:57:21.2913945Z   Downloading urllib3-2.6.3-py3-none-any.whl.metadata (6.9 kB)
core-execution	Install dependencies	2026-02-23T10:57:21.3202001Z Collecting certifi>=2017.4.17 (from requests)
core-execution	Install dependencies	2026-02-23T10:57:21.3252753Z   Downloading certifi-2026.1.4-py3-none-any.whl.metadata (2.5 kB)
core-execution	Install dependencies	2026-02-23T10:57:21.3361358Z Downloading requests-2.32.5-py3-none-any.whl (64 kB)
core-execution	Install dependencies	2026-02-23T10:57:21.3478754Z Downloading charset_normalizer-3.4.4-cp310-cp310-manylinux2014_x86_64.manylinux_2_17_x86_64.manylinux_2_28_x86_64.whl (153 kB)
core-execution	Install dependencies	2026-02-23T10:57:21.3621994Z Downloading idna-3.11-py3-none-any.whl (71 kB)
core-execution	Install dependencies	2026-02-23T10:57:21.3717400Z Downloading urllib3-2.6.3-py3-none-any.whl (131 kB)
core-execution	Install dependencies	2026-02-23T10:57:21.3834546Z Downloading certifi-2026.1.4-py3-none-any.whl (152 kB)
core-execution	Install dependencies	2026-02-23T10:57:21.4199201Z Installing collected packages: urllib3, idna, charset_normalizer, certifi, requests
core-execution	Install dependencies	2026-02-23T10:57:21.6901269Z 
core-execution	Install dependencies	2026-02-23T10:57:21.6918644Z Successfully installed certifi-2026.1.4 charset_normalizer-3.4.4 idna-3.11 requests-2.32.5 urllib3-2.6.3
core-execution	Run Sync Script	Ôªø2026-02-23T10:57:21.9365379Z ##[group]Run python .github/scripts/github-sync-itop.py > result.json
core-execution	Run Sync Script	2026-02-23T10:57:21.9366004Z [36;1mpython .github/scripts/github-sync-itop.py > result.json[0m
core-execution	Run Sync Script	2026-02-23T10:57:21.9381682Z shell: /usr/bin/bash -e {0}
core-execution	Run Sync Script	2026-02-23T10:57:21.9381976Z env:
core-execution	Run Sync Script	2026-02-23T10:57:21.9382213Z   KAOS_MODULE: [Ka0S] GitHub ‚Üí iTop Sync
core-execution	Run Sync Script	2026-02-23T10:57:21.9382528Z   KAOS_CORRELATION_ID: 22303152159
core-execution	Run Sync Script	2026-02-23T10:57:21.9382967Z   KAOS_ACTOR: ***
core-execution	Run Sync Script	2026-02-23T10:57:21.9383569Z   pythonLocation: /home/runner/_work/_tool/Python/3.10.19/x64
core-execution	Run Sync Script	2026-02-23T10:57:21.9384075Z   PKG_CONFIG_PATH: /home/runner/_work/_tool/Python/3.10.19/x64/lib/pkgconfig
core-execution	Run Sync Script	2026-02-23T10:57:21.9384582Z   Python_ROOT_DIR: /home/runner/_work/_tool/Python/3.10.19/x64
core-execution	Run Sync Script	2026-02-23T10:57:21.9385035Z   Python2_ROOT_DIR: /home/runner/_work/_tool/Python/3.10.19/x64
core-execution	Run Sync Script	2026-02-23T10:57:21.9385493Z   Python3_ROOT_DIR: /home/runner/_work/_tool/Python/3.10.19/x64
core-execution	Run Sync Script	2026-02-23T10:57:21.9385961Z   LD_LIBRARY_PATH: /home/runner/_work/_tool/Python/3.10.19/x64/lib
core-execution	Run Sync Script	2026-02-23T10:57:21.9386473Z   ITOP_URL: ***
core-execution	Run Sync Script	2026-02-23T10:57:21.9386723Z   ITOP_API_USER: ***
core-execution	Run Sync Script	2026-02-23T10:57:21.9387017Z   ITOP_API_PASSWORD: ***
core-execution	Run Sync Script	2026-02-23T10:57:21.9387287Z   ITOP_ORIGIN: ***
core-execution	Run Sync Script	2026-02-23T10:57:21.9387532Z   GITHUB_EVENT_NAME: issue_comment
core-execution	Run Sync Script	2026-02-23T10:57:21.9387821Z   GITHUB_EVENT_ACTION: created
core-execution	Run Sync Script	2026-02-23T10:57:21.9417804Z   GITHUB_ISSUE_PAYLOAD: {
core-execution	Run Sync Script	  "active_lock_reason": null,
core-execution	Run Sync Script	  "assignee": {
core-execution	Run Sync Script	    "avatar_url": "https://avatars.githubusercontent.com/u/147439229?v=4",
core-execution	Run Sync Script	    "events_url": "https://api.github.com/users/AnaRome8/events{/privacy}",
core-execution	Run Sync Script	    "followers_url": "https://api.github.com/users/AnaRome8/followers",
core-execution	Run Sync Script	    "following_url": "https://api.github.com/users/AnaRome8/following{/other_user}",
core-execution	Run Sync Script	    "gists_url": "https://api.github.com/users/AnaRome8/gists{/gist_id}",
core-execution	Run Sync Script	    "gravatar_id": "",
core-execution	Run Sync Script	    "html_url": "https://github.com/AnaRome8",
core-execution	Run Sync Script	    "id": 147439229,
core-execution	Run Sync Script	    "login": "AnaRome8",
core-execution	Run Sync Script	    "node_id": "U_kgDOCMm-fQ",
core-execution	Run Sync Script	    "organizations_url": "https://api.github.com/users/AnaRome8/orgs",
core-execution	Run Sync Script	    "received_events_url": "https://api.github.com/users/AnaRome8/received_events",
core-execution	Run Sync Script	    "repos_url": "https://api.github.com/users/AnaRome8/repos",
core-execution	Run Sync Script	    "site_admin": false,
core-execution	Run Sync Script	    "starred_url": "https://api.github.com/users/AnaRome8/starred{/owner}{/repo}",
core-execution	Run Sync Script	    "subscriptions_url": "https://api.github.com/users/AnaRome8/subscriptions",
core-execution	Run Sync Script	    "type": "User",
core-execution	Run Sync Script	    "url": "https://api.github.com/users/AnaRome8",
core-execution	Run Sync Script	    "user_view_type": "public"
core-execution	Run Sync Script	  },
core-execution	Run Sync Script	  "assignees": [
core-execution	Run Sync Script	    {
core-execution	Run Sync Script	      "avatar_url": "https://avatars.githubusercontent.com/u/147439229?v=4",
core-execution	Run Sync Script	      "events_url": "https://api.github.com/users/AnaRome8/events{/privacy}",
core-execution	Run Sync Script	      "followers_url": "https://api.github.com/users/AnaRome8/followers",
core-execution	Run Sync Script	      "following_url": "https://api.github.com/users/AnaRome8/following{/other_user}",
core-execution	Run Sync Script	      "gists_url": "https://api.github.com/users/AnaRome8/gists{/gist_id}",
core-execution	Run Sync Script	      "gravatar_id": "",
core-execution	Run Sync Script	      "html_url": "https://github.com/AnaRome8",
core-execution	Run Sync Script	      "id": 147439229,
core-execution	Run Sync Script	      "login": "AnaRome8",
core-execution	Run Sync Script	      "node_id": "U_kgDOCMm-fQ",
core-execution	Run Sync Script	      "organizations_url": "https://api.github.com/users/AnaRome8/orgs",
core-execution	Run Sync Script	      "received_events_url": "https://api.github.com/users/AnaRome8/received_events",
core-execution	Run Sync Script	      "repos_url": "https://api.github.com/users/AnaRome8/repos",
core-execution	Run Sync Script	      "site_admin": false,
core-execution	Run Sync Script	      "starred_url": "https://api.github.com/users/AnaRome8/starred{/owner}{/repo}",
core-execution	Run Sync Script	      "subscriptions_url": "https://api.github.com/users/AnaRome8/subscriptions",
core-execution	Run Sync Script	      "type": "User",
core-execution	Run Sync Script	      "url": "https://api.github.com/users/AnaRome8",
core-execution	Run Sync Script	      "user_view_type": "public"
core-execution	Run Sync Script	    }
core-execution	Run Sync Script	  ],
core-execution	Run Sync Script	  "author_association": "CONTRIBUTOR",
core-execution	Run Sync Script	  "body": "### Organizacion\n\n***\n\n### Solicitante (si aplica)\n\n@ka0sc0re\n\n### Origen\n\nPortal\n\n### Descripci√≥n\n\nBuenos d√≠as:\nNecesitamos que nos digas que proceso tenemos que seguir para poder abrir cambios en el servicio.\n\nUn saludo.\n\n### Impact\n\nDepartment\n\n### Urgency\n\nlow",
core-execution	Run Sync Script	  "closed_at": null,
core-execution	Run Sync Script	  "comments": 19,
core-execution	Run Sync Script	  "comments_url": "https://api.github.com/repos/Ka0s-Klaus/ka0s/issues/4191/comments",
core-execution	Run Sync Script	  "created_at": "2026-02-20T13:23:08Z",
core-execution	Run Sync Script	  "events_url": "https://api.github.com/repos/Ka0s-Klaus/ka0s/issues/4191/events",
core-execution	Run Sync Script	  "html_url": "https://github.com/Ka0s-Klaus/ka0s/issues/4191",
core-execution	Run Sync Script	  "id": 3968544496,
core-execution	Run Sync Script	  "issue_dependencies_summary": {
core-execution	Run Sync Script	    "blocked_by": 0,
core-execution	Run Sync Script	    "blocking": 0,
core-execution	Run Sync Script	    "total_blocked_by": 0,
core-execution	Run Sync Script	    "total_blocking": 0
core-execution	Run Sync Script	  },
core-execution	Run Sync Script	  "labels": [],
core-execution	Run Sync Script	  "labels_url": "https://api.github.com/repos/Ka0s-Klaus/ka0s/issues/4191/labels{/name}",
core-execution	Run Sync Script	  "locked": false,
core-execution	Run Sync Script	  "milestone": null,
core-execution	Run Sync Script	  "node_id": "I_kwDONx6uGM7siy7w",
core-execution	Run Sync Script	  "number": 4191,
core-execution	Run Sync Script	  "performed_via_github_app": null,
core-execution	Run Sync Script	  "pinned_comment": null,
core-execution	Run Sync Script	  "reactions": {
core-execution	Run Sync Script	    "+1": 0,
core-execution	Run Sync Script	    "-1": 0,
core-execution	Run Sync Script	    "confused": 0,
core-execution	Run Sync Script	    "eyes": 0,
core-execution	Run Sync Script	    "heart": 0,
core-execution	Run Sync Script	    "hooray": 0,
core-execution	Run Sync Script	    "laugh": 0,
core-execution	Run Sync Script	    "rocket": 0,
core-execution	Run Sync Script	    "total_count": 0,
core-execution	Run Sync Script	    "url": "https://api.github.com/repos/Ka0s-Klaus/ka0s/issues/4191/reactions"
core-execution	Run Sync Script	  },
core-execution	Run Sync Script	  "repository_url": "https://api.github.com/repos/Ka0s-Klaus/ka0s",
core-execution	Run Sync Script	  "state": "open",
core-execution	Run Sync Script	  "state_reason": null,
core-execution	Run Sync Script	  "sub_issues_summary": {
core-execution	Run Sync Script	    "completed": 0,
core-execution	Run Sync Script	    "percent_completed": 0,
core-execution	Run Sync Script	    "total": 0
core-execution	Run Sync Script	  },
core-execution	Run Sync Script	  "timeline_url": "https://api.github.com/repos/Ka0s-Klaus/ka0s/issues/4191/timeline",
core-execution	Run Sync Script	  "title": "[REQUEST]:  Cambios",
core-execution	Run Sync Script	  "type": null,
core-execution	Run Sync Script	  "updated_at": "2026-02-23T10:56:29Z",
core-execution	Run Sync Script	  "url": "https://api.github.com/repos/Ka0s-Klaus/ka0s/issues/4191",
core-execution	Run Sync Script	  "user": {
core-execution	Run Sync Script	    "avatar_url": "https://avatars.githubusercontent.com/u/197097473?v=4",
core-execution	Run Sync Script	    "events_url": "https://api.github.com/users/***/events{/privacy}",
core-execution	Run Sync Script	    "followers_url": "https://api.github.com/users/***/followers",
core-execution	Run Sync Script	    "following_url": "https://api.github.com/users/***/following{/other_user}",
core-execution	Run Sync Script	    "gists_url": "https://api.github.com/users/***/gists{/gist_id}",
core-execution	Run Sync Script	    "gravatar_id": "",
core-execution	Run Sync Script	    "html_url": "https://github.com/***",
core-execution	Run Sync Script	    "id": 197097473,
core-execution	Run Sync Script	    "login": "***",
core-execution	Run Sync Script	    "node_id": "U_kgDOC794AQ",
core-execution	Run Sync Script	    "organizations_url": "https://api.github.com/users/***/orgs",
core-execution	Run Sync Script	    "received_events_url": "https://api.github.com/users/***/received_events",
core-execution	Run Sync Script	    "repos_url": "https://api.github.com/users/***/repos",
core-execution	Run Sync Script	    "site_admin": false,
core-execution	Run Sync Script	    "starred_url": "https://api.github.com/users/***/starred{/owner}{/repo}",
core-execution	Run Sync Script	    "subscriptions_url": "https://api.github.com/users/***/subscriptions",
core-execution	Run Sync Script	    "type": "User",
core-execution	Run Sync Script	    "url": "https://api.github.com/users/***",
core-execution	Run Sync Script	    "user_view_type": "public"
core-execution	Run Sync Script	  }
core-execution	Run Sync Script	}
core-execution	Run Sync Script	2026-02-23T10:57:21.9447746Z   GITHUB_COMMENT_PAYLOAD: {
core-execution	Run Sync Script	  "author_association": "MEMBER",
core-execution	Run Sync Script	  "body": "> El proceso para solicitar un cambio ser√≠a:\n> \n> * Registro de la solicitud de cambio.\n> * Revisi√≥n inicial por el equipo, que la informaci√≥n est√© completa y clasificar el cambio si es est√°ndar / normal / urgente.\n> * Evaluaci√≥n del impacto y riesgos sobre el servicio.\n> * Aprobaci√≥n por cliente u otra persona / entiedad.\n> * Planificaci√≥n y ejecuci√≥n, estableciendo la ventana de trabajo, responsables y plan de ejecuci√≥n (incluyendo plan de retroceso).\n> * Cierre del cambio, con documentando el resultado y comunicando al cliente la finalizaci√≥n.\n\nGracias, esta muy bien explicado el proceso. Ahora que ya lo conozco ¬øcomo puedo registrar un cambio?",
core-execution	Run Sync Script	  "created_at": "2026-02-23T10:56:29Z",
core-execution	Run Sync Script	  "html_url": "https://github.com/Ka0s-Klaus/ka0s/issues/4191#issuecomment-3944057612",
core-execution	Run Sync Script	  "id": 3944057612,
core-execution	Run Sync Script	  "issue_url": "https://api.github.com/repos/Ka0s-Klaus/ka0s/issues/4191",
core-execution	Run Sync Script	  "node_id": "IC_kwDONx6uGM7rFYsM",
core-execution	Run Sync Script	  "performed_via_github_app": null,
core-execution	Run Sync Script	  "pin": null,
core-execution	Run Sync Script	  "reactions": {
core-execution	Run Sync Script	    "+1": 0,
core-execution	Run Sync Script	    "-1": 0,
core-execution	Run Sync Script	    "confused": 0,
core-execution	Run Sync Script	    "eyes": 0,
core-execution	Run Sync Script	    "heart": 0,
core-execution	Run Sync Script	    "hooray": 0,
core-execution	Run Sync Script	    "laugh": 0,
core-execution	Run Sync Script	    "rocket": 0,
core-execution	Run Sync Script	    "total_count": 0,
core-execution	Run Sync Script	    "url": "https://api.github.com/repos/Ka0s-Klaus/ka0s/issues/comments/3944057612/reactions"
core-execution	Run Sync Script	  },
core-execution	Run Sync Script	  "updated_at": "2026-02-23T10:56:29Z",
core-execution	Run Sync Script	  "url": "https://api.github.com/repos/Ka0s-Klaus/ka0s/issues/comments/3944057612",
core-execution	Run Sync Script	  "user": {
core-execution	Run Sync Script	    "avatar_url": "https://avatars.githubusercontent.com/u/197097473?v=4",
core-execution	Run Sync Script	    "events_url": "https://api.github.com/users/***/events{/privacy}",
core-execution	Run Sync Script	    "followers_url": "https://api.github.com/users/***/followers",
core-execution	Run Sync Script	    "following_url": "https://api.github.com/users/***/following{/other_user}",
core-execution	Run Sync Script	    "gists_url": "https://api.github.com/users/***/gists{/gist_id}",
core-execution	Run Sync Script	    "gravatar_id": "",
core-execution	Run Sync Script	    "html_url": "https://github.com/***",
core-execution	Run Sync Script	    "id": 197097473,
core-execution	Run Sync Script	    "login": "***",
core-execution	Run Sync Script	    "node_id": "U_kgDOC794AQ",
core-execution	Run Sync Script	    "organizations_url": "https://api.github.com/users/***/orgs",
core-execution	Run Sync Script	    "received_events_url": "https://api.github.com/users/***/received_events",
core-execution	Run Sync Script	    "repos_url": "https://api.github.com/users/***/repos",
core-execution	Run Sync Script	    "site_admin": false,
core-execution	Run Sync Script	    "starred_url": "https://api.github.com/users/***/starred{/owner}{/repo}",
core-execution	Run Sync Script	    "subscriptions_url": "https://api.github.com/users/***/subscriptions",
core-execution	Run Sync Script	    "type": "User",
core-execution	Run Sync Script	    "url": "https://api.github.com/users/***",
core-execution	Run Sync Script	    "user_view_type": "public"
core-execution	Run Sync Script	  }
core-execution	Run Sync Script	}
core-execution	Run Sync Script	2026-02-23T10:57:21.9457589Z   GITHUB_REPO_FULL_NAME: Ka0s-Klaus/ka0s
core-execution	Run Sync Script	2026-02-23T10:57:21.9457890Z ##[endgroup]
core-execution	Run Sync Script	2026-02-23T10:57:22.1523051Z /home/runner/_work/_tool/Python/3.10.19/x64/lib/python3.10/site-packages/urllib3/connectionpool.py:1097: InsecureRequestWarning: Unverified HTTPS request is being made to host 'itsm.ka0s.io'. Adding certificate verification is strongly advised. See: https://urllib3.readthedocs.io/en/latest/advanced-usage.html#tls-warnings
core-execution	Run Sync Script	2026-02-23T10:57:22.1525296Z   warnings.warn(
core-execution	Run Sync Script	2026-02-23T10:57:22.2888895Z /home/runner/_work/_tool/Python/3.10.19/x64/lib/python3.10/site-packages/urllib3/connectionpool.py:1097: InsecureRequestWarning: Unverified HTTPS request is being made to host 'itsm.ka0s.io'. Adding certificate verification is strongly advised. See: https://urllib3.readthedocs.io/en/latest/advanced-usage.html#tls-warnings
core-execution	Run Sync Script	2026-02-23T10:57:22.2891396Z   warnings.warn(
core-execution	Save audit log	Ôªø2026-02-23T10:57:22.4563596Z ##[group]Run # Si result.json no existe o est√° vac√≠o, no hacemos nada.
core-execution	Save audit log	2026-02-23T10:57:22.4564227Z [36;1m# Si result.json no existe o est√° vac√≠o, no hacemos nada.[0m
core-execution	Save audit log	2026-02-23T10:57:22.4564636Z [36;1mif [ ! -s result.json ]; then[0m
core-execution	Save audit log	2026-02-23T10:57:22.4565108Z [36;1m  echo "result.json no encontrado o vac√≠o. No se crear√° log de auditor√≠a."[0m
core-execution	Save audit log	2026-02-23T10:57:22.4565752Z [36;1m  # Establecemos una salida para que el siguiente paso sepa que no debe ejecutarse[0m
core-execution	Save audit log	2026-02-23T10:57:22.4566311Z [36;1m  echo "audit_file_created=false" >> $GITHUB_OUTPUT[0m
core-execution	Save audit log	2026-02-23T10:57:22.4566668Z [36;1m  exit 0[0m
core-execution	Save audit log	2026-02-23T10:57:22.4566885Z [36;1mfi[0m
core-execution	Save audit log	2026-02-23T10:57:22.4567083Z [36;1m[0m
core-execution	Save audit log	2026-02-23T10:57:22.4567352Z [36;1m# Instalamos jq para leer el JSON de forma segura[0m
core-execution	Save audit log	2026-02-23T10:57:22.4567720Z [36;1msudo apt-get install -y jq[0m
core-execution	Save audit log	2026-02-23T10:57:22.4568000Z [36;1m[0m
core-execution	Save audit log	2026-02-23T10:57:22.4568213Z [36;1mmkdir -p audit/sync[0m
core-execution	Save audit log	2026-02-23T10:57:22.4568527Z [36;1mTIMESTAMP=$(date -u +"%Y%m%d_%H%M%S")[0m
core-execution	Save audit log	2026-02-23T10:57:22.4568988Z [36;1m# Extraemos el n√∫mero de issue del JSON de forma segura[0m
core-execution	Save audit log	2026-02-23T10:57:22.4569494Z [36;1mISSUE_ID=$(jq -r '.github_ref | split("/")[-1] // "NOREF"' result.json)[0m
core-execution	Save audit log	2026-02-23T10:57:22.4570212Z [36;1m# Intentamos obtener la referencia de iTop (ref) de la respuesta; si no existe, caemos a itop_key; si no, unknown[0m
core-execution	Save audit log	2026-02-23T10:57:22.4570945Z [36;1mITOP_REF=$(jq -r '[0m
core-execution	Save audit log	2026-02-23T10:57:22.4571396Z [36;1m  (try (.create.response.objects | to_entries[0].value.fields.ref) catch empty) //[0m
core-execution	Save audit log	2026-02-23T10:57:22.4572053Z [36;1m  (try (.update.response.objects | to_entries[0].value.fields.ref) catch empty) //[0m
core-execution	Save audit log	2026-02-23T10:57:22.4572701Z [36;1m  (try (.close.response.objects  | to_entries[0].value.fields.ref) catch empty) //[0m
core-execution	Save audit log	2026-02-23T10:57:22.4573206Z [36;1m  .itop_key // "NOREF"' result.json)[0m
core-execution	Save audit log	2026-02-23T10:57:22.4573560Z [36;1m# Saneamos la ref para nombre de fichero[0m
core-execution	Save audit log	2026-02-23T10:57:22.4573974Z [36;1mSAFE_ITOP_REF=$(echo "$ITOP_REF" | tr ' /:\\' '____')[0m
core-execution	Save audit log	2026-02-23T10:57:22.4574424Z [36;1m# Nuevo esquema: <timestamp>_<itop_ref>_<issue>.json[0m
core-execution	Save audit log	2026-02-23T10:57:22.4574920Z [36;1mFILENAME="audit/sync/${TIMESTAMP}_${SAFE_ITOP_REF}_${ISSUE_ID}.json"[0m
core-execution	Save audit log	2026-02-23T10:57:22.4575343Z [36;1m[0m
core-execution	Save audit log	2026-02-23T10:57:22.4575556Z [36;1mmv result.json $FILENAME[0m
core-execution	Save audit log	2026-02-23T10:57:22.4575826Z [36;1m[0m
core-execution	Save audit log	2026-02-23T10:57:22.4576198Z [36;1m# Si hay error en la llamada a iTop, generamos adem√°s un fichero de error expl√≠cito[0m
core-execution	Save audit log	2026-02-23T10:57:22.4576676Z [36;1mHAS_ERROR=$(jq -r '[0m
core-execution	Save audit log	2026-02-23T10:57:22.4576966Z [36;1m  if (.status? == "error") then "true"[0m
core-execution	Save audit log	2026-02-23T10:57:22.4577341Z [36;1m  elif (.create?.status? == "error") then "true"[0m
core-execution	Save audit log	2026-02-23T10:57:22.4577739Z [36;1m  elif (.update?.status? == "error") then "true"[0m
core-execution	Save audit log	2026-02-23T10:57:22.4578128Z [36;1m  elif (.close?.status? == "error") then "true"[0m
core-execution	Save audit log	2026-02-23T10:57:22.4578723Z [36;1m  else "false" end[0m
core-execution	Save audit log	2026-02-23T10:57:22.4578980Z [36;1m' "$FILENAME")[0m
core-execution	Save audit log	2026-02-23T10:57:22.4579216Z [36;1m[0m
core-execution	Save audit log	2026-02-23T10:57:22.4579435Z [36;1mif [ "$HAS_ERROR" = "true" ]; then[0m
core-execution	Save audit log	2026-02-23T10:57:22.4579915Z [36;1m  ERROR_FILENAME="audit/sync/${TIMESTAMP}_${SAFE_ITOP_REF}_${ISSUE_ID}_ERROR.json"[0m
core-execution	Save audit log	2026-02-23T10:57:22.4580634Z [36;1m  cp "$FILENAME" "$ERROR_FILENAME"[0m
core-execution	Save audit log	2026-02-23T10:57:22.4580931Z [36;1mfi[0m
core-execution	Save audit log	2026-02-23T10:57:22.4581126Z [36;1m[0m
core-execution	Save audit log	2026-02-23T10:57:22.4581369Z [36;1mecho "AUDIT_FILE=$FILENAME" >> $GITHUB_ENV[0m
core-execution	Save audit log	2026-02-23T10:57:22.4581760Z [36;1mecho "audit_file_created=true" >> $GITHUB_OUTPUT[0m
core-execution	Save audit log	2026-02-23T10:57:22.4596116Z shell: /usr/bin/bash -e {0}
core-execution	Save audit log	2026-02-23T10:57:22.4596399Z env:
core-execution	Save audit log	2026-02-23T10:57:22.4596625Z   KAOS_MODULE: [Ka0S] GitHub ‚Üí iTop Sync
core-execution	Save audit log	2026-02-23T10:57:22.4596941Z   KAOS_CORRELATION_ID: 22303152159
core-execution	Save audit log	2026-02-23T10:57:22.4597758Z   KAOS_ACTOR: ***
core-execution	Save audit log	2026-02-23T10:57:22.4598084Z   pythonLocation: /home/runner/_work/_tool/Python/3.10.19/x64
core-execution	Save audit log	2026-02-23T10:57:22.4598599Z   PKG_CONFIG_PATH: /home/runner/_work/_tool/Python/3.10.19/x64/lib/pkgconfig
core-execution	Save audit log	2026-02-23T10:57:22.4599439Z   Python_ROOT_DIR: /home/runner/_work/_tool/Python/3.10.19/x64
core-execution	Save audit log	2026-02-23T10:57:22.4599889Z   Python2_ROOT_DIR: /home/runner/_work/_tool/Python/3.10.19/x64
core-execution	Save audit log	2026-02-23T10:57:22.4600603Z   Python3_ROOT_DIR: /home/runner/_work/_tool/Python/3.10.19/x64
core-execution	Save audit log	2026-02-23T10:57:22.4601194Z   LD_LIBRARY_PATH: /home/runner/_work/_tool/Python/3.10.19/x64/lib
core-execution	Save audit log	2026-02-23T10:57:22.4601557Z ##[endgroup]
core-execution	Save audit log	2026-02-23T10:57:22.5004988Z Reading package lists...
core-execution	Save audit log	2026-02-23T10:57:22.5044692Z Building dependency tree...
core-execution	Save audit log	2026-02-23T10:57:22.5045625Z Reading state information...
core-execution	Save audit log	2026-02-23T10:57:22.5215837Z jq is already the newest version (1.7.1-3ubuntu0.24.04.1).
core-execution	Save audit log	2026-02-23T10:57:22.5216763Z 0 upgraded, 0 newly installed, 0 to remove and 0 not upgraded.
core-execution	Commit and push audit file	Ôªø2026-02-23T10:57:22.5566289Z ##[group]Run git config --global user.name "***"
core-execution	Commit and push audit file	2026-02-23T10:57:22.5566866Z [36;1mgit config --global user.name "***"[0m
core-execution	Commit and push audit file	2026-02-23T10:57:22.5567314Z [36;1mgit config --global user.email "***"[0m
core-execution	Commit and push audit file	2026-02-23T10:57:22.5567634Z [36;1mgit pull[0m
core-execution	Commit and push audit file	2026-02-23T10:57:22.5567871Z [36;1mgit add audit/sync/*[0m
core-execution	Commit and push audit file	2026-02-23T10:57:22.5568172Z [36;1mif ! git diff --staged --quiet; then[0m
core-execution	Commit and push audit file	2026-02-23T10:57:22.5568657Z [36;1m  git commit -m "chore(ka0s): audit sync for issue #4191 run 22303152159 [skip ci]"[0m
core-execution	Commit and push audit file	2026-02-23T10:57:22.5569122Z [36;1m  count=0[0m
core-execution	Commit and push audit file	2026-02-23T10:57:22.5569437Z [36;1m  until git push origin HEAD:main || [ $count -eq 5 ]; do[0m
core-execution	Commit and push audit file	2026-02-23T10:57:22.5569866Z [36;1m    echo "Push fallido, reintentando..."[0m
core-execution	Commit and push audit file	2026-02-23T10:57:22.5570218Z [36;1m    git pull --rebase origin main[0m
core-execution	Commit and push audit file	2026-02-23T10:57:22.5570907Z [36;1m    ((count++))[0m
core-execution	Commit and push audit file	2026-02-23T10:57:22.5571156Z [36;1m    sleep 2[0m
core-execution	Commit and push audit file	2026-02-23T10:57:22.5571376Z [36;1m  done[0m
core-execution	Commit and push audit file	2026-02-23T10:57:22.5571584Z [36;1melse[0m
core-execution	Commit and push audit file	2026-02-23T10:57:22.5571878Z [36;1m  echo "No hay cambios para subir."[0m
core-execution	Commit and push audit file	2026-02-23T10:57:22.5582957Z [36;1mfi[0m
core-execution	Commit and push audit file	2026-02-23T10:57:22.5598508Z shell: /usr/bin/bash -e {0}
core-execution	Commit and push audit file	2026-02-23T10:57:22.5598790Z env:
core-execution	Commit and push audit file	2026-02-23T10:57:22.5599021Z   KAOS_MODULE: [Ka0S] GitHub ‚Üí iTop Sync
core-execution	Commit and push audit file	2026-02-23T10:57:22.5599336Z   KAOS_CORRELATION_ID: 22303152159
core-execution	Commit and push audit file	2026-02-23T10:57:22.5599694Z   KAOS_ACTOR: ***
core-execution	Commit and push audit file	2026-02-23T10:57:22.5600016Z   pythonLocation: /home/runner/_work/_tool/Python/3.10.19/x64
core-execution	Commit and push audit file	2026-02-23T10:57:22.5600690Z   PKG_CONFIG_PATH: /home/runner/_work/_tool/Python/3.10.19/x64/lib/pkgconfig
core-execution	Commit and push audit file	2026-02-23T10:57:22.5601201Z   Python_ROOT_DIR: /home/runner/_work/_tool/Python/3.10.19/x64
core-execution	Commit and push audit file	2026-02-23T10:57:22.5601653Z   Python2_ROOT_DIR: /home/runner/_work/_tool/Python/3.10.19/x64
core-execution	Commit and push audit file	2026-02-23T10:57:22.5602105Z   Python3_ROOT_DIR: /home/runner/_work/_tool/Python/3.10.19/x64
core-execution	Commit and push audit file	2026-02-23T10:57:22.5602567Z   LD_LIBRARY_PATH: /home/runner/_work/_tool/Python/3.10.19/x64/lib
core-execution	Commit and push audit file	2026-02-23T10:57:22.5603012Z   AUDIT_FILE: audit/sync/20260223_105722_R-000451_4191.json
core-execution	Commit and push audit file	2026-02-23T10:57:22.5603374Z ##[endgroup]
core-execution	Commit and push audit file	2026-02-23T10:57:23.3648962Z From https://github.com/Ka0s-Klaus/ka0s
core-execution	Commit and push audit file	2026-02-23T10:57:23.3649854Z    eff2cea3f..1e67f5a70  main       -> origin/main
core-execution	Commit and push audit file	2026-02-23T10:57:23.3987024Z Updating eff2cea3f..1e67f5a70
core-execution	Commit and push audit file	2026-02-23T10:57:23.3987509Z Fast-forward
core-execution	Commit and push audit file	2026-02-23T10:57:23.4021055Z  audit/inspector/22303077235.json |    1 +
core-execution	Commit and push audit file	2026-02-23T10:57:23.4021672Z  audit/inspector/22303077235.log  | 1152 ++++++++++++++++++++++++++++++++++++++
core-execution	Commit and push audit file	2026-02-23T10:57:23.4022119Z  2 files changed, 1153 insertions(+)
core-execution	Commit and push audit file	2026-02-23T10:57:23.4022447Z  create mode 100644 audit/inspector/22303077235.json
core-execution	Commit and push audit file	2026-02-23T10:57:23.4022924Z  create mode 100644 audit/inspector/22303077235.log
core-execution	Commit and push audit file	2026-02-23T10:57:23.4236068Z [main 5126e154b] chore(ka0s): audit sync for issue #4191 run 22303152159 [skip ci]
core-execution	Commit and push audit file	2026-02-23T10:57:23.4236730Z  1 file changed, 212 insertions(+)
core-execution	Commit and push audit file	2026-02-23T10:57:23.4237099Z  create mode 100644 audit/sync/20260223_105722_R-000451_4191.json
core-execution	Commit and push audit file	2026-02-23T10:57:24.2948993Z To https://github.com/Ka0s-Klaus/ka0s
core-execution	Commit and push audit file	2026-02-23T10:57:24.2951488Z    1e67f5a70..5126e154b  HEAD -> main
core-execution	Post Set up Python	Ôªø2026-02-23T10:57:24.3521594Z Post job cleanup.
core-execution	Post Checkout code	Ôªø2026-02-23T10:57:24.5617623Z Post job cleanup.
core-execution	Post Checkout code	2026-02-23T10:57:24.6811357Z [command]/usr/bin/git version
core-execution	Post Checkout code	2026-02-23T10:57:24.6861584Z git version 2.52.0
core-execution	Post Checkout code	2026-02-23T10:57:24.6899669Z Copying '/home/runner/.gitconfig' to '/home/runner/_work/_temp/47079f17-4d66-499a-99e8-3a799b12049c/.gitconfig'
core-execution	Post Checkout code	2026-02-23T10:57:24.6914680Z Temporarily overriding HOME='/home/runner/_work/_temp/47079f17-4d66-499a-99e8-3a799b12049c' before making global git config changes
core-execution	Post Checkout code	2026-02-23T10:57:24.6916492Z Adding repository directory to the temporary git global config as a safe directory
core-execution	Post Checkout code	2026-02-23T10:57:24.6931730Z [command]/usr/bin/git config --global --add safe.directory /home/runner/_work/ka0s/ka0s
core-execution	Post Checkout code	2026-02-23T10:57:24.6982675Z [command]/usr/bin/git config --local --name-only --get-regexp core\.sshCommand
core-execution	Post Checkout code	2026-02-23T10:57:24.7031710Z [command]/usr/bin/git submodule foreach --recursive sh -c "git config --local --name-only --get-regexp 'core\.sshCommand' && git config --local --unset-all 'core.sshCommand' || :"
core-execution	Post Checkout code	2026-02-23T10:57:24.7390788Z [command]/usr/bin/git config --local --name-only --get-regexp http\.https\:\/\/github\.com\/\.extraheader
core-execution	Post Checkout code	2026-02-23T10:57:24.7422900Z http.https://github.com/.extraheader
core-execution	Post Checkout code	2026-02-23T10:57:24.7435615Z [command]/usr/bin/git config --local --unset-all http.https://github.com/.extraheader
core-execution	Post Checkout code	2026-02-23T10:57:24.7479503Z [command]/usr/bin/git submodule foreach --recursive sh -c "git config --local --name-only --get-regexp 'http\.https\:\/\/github\.com\/\.extraheader' && git config --local --unset-all 'http.https://github.com/.extraheader' || :"
core-execution	Post Checkout code	2026-02-23T10:57:24.7825452Z [command]/usr/bin/git config --local --name-only --get-regexp ^includeIf\.gitdir:
core-execution	Post Checkout code	2026-02-23T10:57:24.7869476Z [command]/usr/bin/git submodule foreach --recursive git config --local --show-origin --name-only --get-regexp remote.origin.url
core-execution	Complete job	Ôªø2026-02-23T10:57:24.8344889Z Cleaning up orphan processes
Handle Success	Set up job	Ôªø2026-02-23T10:57:39.0276925Z Current runner version: '2.331.0'
Handle Success	Set up job	2026-02-23T10:57:39.0297467Z Runner name: 'swarm-runners-scaleset-hkss5-runner-znrqr'
Handle Success	Set up job	2026-02-23T10:57:39.0298659Z Runner group name: 'Default'
Handle Success	Set up job	2026-02-23T10:57:39.0301562Z Machine name: 'swarm-runners-scaleset-hkss5-runner-znrqr'
Handle Success	Set up job	2026-02-23T10:57:39.0313163Z ##[group]GITHUB_TOKEN Permissions
Handle Success	Set up job	2026-02-23T10:57:39.0316237Z Actions: write
Handle Success	Set up job	2026-02-23T10:57:39.0316987Z Contents: write
Handle Success	Set up job	2026-02-23T10:57:39.0317547Z Issues: write
Handle Success	Set up job	2026-02-23T10:57:39.0318165Z Metadata: read
Handle Success	Set up job	2026-02-23T10:57:39.0318738Z ##[endgroup]
Handle Success	Set up job	2026-02-23T10:57:39.0321565Z Secret source: Actions
Handle Success	Set up job	2026-02-23T10:57:39.0322710Z Prepare workflow directory
Handle Success	Set up job	2026-02-23T10:57:39.0997924Z Prepare all required actions
Handle Success	Set up job	2026-02-23T10:57:39.1057558Z Complete job name: Handle Success
Handle Success	Notify Success	Ôªø2026-02-23T10:57:39.1870866Z ##[group]Run echo "‚úÖ Workflow [Ka0S] GitHub ‚Üí iTop Sync completado correctamente."
Handle Success	Notify Success	2026-02-23T10:57:39.1872024Z [36;1mecho "‚úÖ Workflow [Ka0S] GitHub ‚Üí iTop Sync completado correctamente."[0m
Handle Success	Notify Success	2026-02-23T10:57:39.1905577Z shell: /usr/bin/bash -e {0}
Handle Success	Notify Success	2026-02-23T10:57:39.1906825Z env:
Handle Success	Notify Success	2026-02-23T10:57:39.1907268Z   KAOS_MODULE: [Ka0S] GitHub ‚Üí iTop Sync
Handle Success	Notify Success	2026-02-23T10:57:39.1907819Z   KAOS_CORRELATION_ID: 22303152159
Handle Success	Notify Success	2026-02-23T10:57:39.1908309Z   KAOS_ACTOR: ka0score
Handle Success	Notify Success	2026-02-23T10:57:39.1908739Z ##[endgroup]
Handle Success	Notify Success	2026-02-23T10:57:39.2537409Z ‚úÖ Workflow [Ka0S] GitHub ‚Üí iTop Sync completado correctamente.
Handle Success	Complete job	Ôªø2026-02-23T10:57:39.2728189Z Cleaning up orphan processes
end-workflow	Set up job	Ôªø2026-02-23T10:57:52.4351305Z Current runner version: '2.331.0'
end-workflow	Set up job	2026-02-23T10:57:52.4363768Z Runner name: 'swarm-runners-scaleset-hkss5-runner-b862v'
end-workflow	Set up job	2026-02-23T10:57:52.4364809Z Runner group name: 'Default'
end-workflow	Set up job	2026-02-23T10:57:52.4365921Z Machine name: 'swarm-runners-scaleset-hkss5-runner-b862v'
end-workflow	Set up job	2026-02-23T10:57:52.4369354Z ##[group]GITHUB_TOKEN Permissions
end-workflow	Set up job	2026-02-23T10:57:52.4377017Z Actions: write
end-workflow	Set up job	2026-02-23T10:57:52.4377691Z Contents: write
end-workflow	Set up job	2026-02-23T10:57:52.4378344Z Issues: write
end-workflow	Set up job	2026-02-23T10:57:52.4378913Z Metadata: read
end-workflow	Set up job	2026-02-23T10:57:52.4379609Z ##[endgroup]
end-workflow	Set up job	2026-02-23T10:57:52.4383230Z Secret source: Actions
end-workflow	Set up job	2026-02-23T10:57:52.4384022Z Prepare workflow directory
end-workflow	Set up job	2026-02-23T10:57:52.5173805Z Prepare all required actions
end-workflow	Set up job	2026-02-23T10:57:52.5265968Z Getting action download info
end-workflow	Set up job	2026-02-23T10:57:53.0685922Z Download action repository 'actions/checkout@v4' (SHA:34e114876b0b11c390a56381ad16ebd13914f8d5)
end-workflow	Set up job	2026-02-23T10:57:54.0706754Z Complete job name: end-workflow
end-workflow	Checkout Repository	Ôªø2026-02-23T10:57:54.1685738Z ##[group]Run actions/checkout@v4
end-workflow	Checkout Repository	2026-02-23T10:57:54.1686666Z with:
end-workflow	Checkout Repository	2026-02-23T10:57:54.1687058Z   fetch-depth: 0
end-workflow	Checkout Repository	2026-02-23T10:57:54.1687468Z   repository: Ka0s-Klaus/ka0s
end-workflow	Checkout Repository	2026-02-23T10:57:54.1688171Z   token: ***
end-workflow	Checkout Repository	2026-02-23T10:57:54.1688550Z   ssh-strict: true
end-workflow	Checkout Repository	2026-02-23T10:57:54.1688938Z   ssh-user: git
end-workflow	Checkout Repository	2026-02-23T10:57:54.1689339Z   persist-credentials: true
end-workflow	Checkout Repository	2026-02-23T10:57:54.1689780Z   clean: true
end-workflow	Checkout Repository	2026-02-23T10:57:54.1690183Z   sparse-checkout-cone-mode: true
end-workflow	Checkout Repository	2026-02-23T10:57:54.1690845Z   fetch-tags: false
end-workflow	Checkout Repository	2026-02-23T10:57:54.1691257Z   show-progress: true
end-workflow	Checkout Repository	2026-02-23T10:57:54.1691655Z   lfs: false
end-workflow	Checkout Repository	2026-02-23T10:57:54.1692024Z   submodules: false
end-workflow	Checkout Repository	2026-02-23T10:57:54.1692428Z   set-safe-directory: true
end-workflow	Checkout Repository	2026-02-23T10:57:54.1693123Z env:
end-workflow	Checkout Repository	2026-02-23T10:57:54.1693526Z   KAOS_MODULE: [Ka0S] GitHub ‚Üí iTop Sync
end-workflow	Checkout Repository	2026-02-23T10:57:54.1694061Z   KAOS_CORRELATION_ID: 22303152159
end-workflow	Checkout Repository	2026-02-23T10:57:54.1694545Z   KAOS_ACTOR: ka0score
end-workflow	Checkout Repository	2026-02-23T10:57:54.1694953Z ##[endgroup]
end-workflow	Checkout Repository	2026-02-23T10:57:54.3517096Z Syncing repository: Ka0s-Klaus/ka0s
end-workflow	Checkout Repository	2026-02-23T10:57:54.3519536Z ##[group]Getting Git version info
end-workflow	Checkout Repository	2026-02-23T10:57:54.3520197Z Working directory is '/home/runner/_work/ka0s/ka0s'
end-workflow	Checkout Repository	2026-02-23T10:57:54.3521487Z [command]/usr/bin/git version
end-workflow	Checkout Repository	2026-02-23T10:57:54.3521970Z git version 2.52.0
end-workflow	Checkout Repository	2026-02-23T10:57:54.3523483Z ##[endgroup]
end-workflow	Checkout Repository	2026-02-23T10:57:54.3528578Z Temporarily overriding HOME='/home/runner/_work/_temp/b61f6a92-2636-472a-aedb-5c545cf3372d' before making global git config changes
end-workflow	Checkout Repository	2026-02-23T10:57:54.3529935Z Adding repository directory to the temporary git global config as a safe directory
end-workflow	Checkout Repository	2026-02-23T10:57:54.3541040Z [command]/usr/bin/git config --global --add safe.directory /home/runner/_work/ka0s/ka0s
end-workflow	Checkout Repository	2026-02-23T10:57:54.3542727Z Deleting the contents of '/home/runner/_work/ka0s/ka0s'
end-workflow	Checkout Repository	2026-02-23T10:57:54.3543810Z ##[group]Initializing the repository
end-workflow	Checkout Repository	2026-02-23T10:57:54.3544432Z [command]/usr/bin/git init /home/runner/_work/ka0s/ka0s
end-workflow	Checkout Repository	2026-02-23T10:57:54.3545699Z hint: Using 'master' as the name for the initial branch. This default branch name
end-workflow	Checkout Repository	2026-02-23T10:57:54.3552374Z hint: will change to "main" in Git 3.0. To configure the initial branch name
end-workflow	Checkout Repository	2026-02-23T10:57:54.3553748Z hint: to use in all of your new repositories, which will suppress this warning,
end-workflow	Checkout Repository	2026-02-23T10:57:54.3555011Z hint: call:
end-workflow	Checkout Repository	2026-02-23T10:57:54.3560802Z hint:
end-workflow	Checkout Repository	2026-02-23T10:57:54.3561517Z hint: 	git config --global init.defaultBranch <name>
end-workflow	Checkout Repository	2026-02-23T10:57:54.3562330Z hint:
end-workflow	Checkout Repository	2026-02-23T10:57:54.3563976Z hint: Names commonly chosen instead of 'master' are 'main', 'trunk' and
end-workflow	Checkout Repository	2026-02-23T10:57:54.3564907Z hint: 'development'. The just-created branch can be renamed via this command:
end-workflow	Checkout Repository	2026-02-23T10:57:54.3565612Z hint:
end-workflow	Checkout Repository	2026-02-23T10:57:54.3565989Z hint: 	git branch -m <name>
end-workflow	Checkout Repository	2026-02-23T10:57:54.3566427Z hint:
end-workflow	Checkout Repository	2026-02-23T10:57:54.3567013Z hint: Disable this message with "git config set advice.defaultBranchName false"
end-workflow	Checkout Repository	2026-02-23T10:57:54.3567940Z Initialized empty Git repository in /home/runner/_work/ka0s/ka0s/.git/
end-workflow	Checkout Repository	2026-02-23T10:57:54.3569504Z [command]/usr/bin/git remote add origin https://github.com/Ka0s-Klaus/ka0s
end-workflow	Checkout Repository	2026-02-23T10:57:54.3633192Z ##[endgroup]
end-workflow	Checkout Repository	2026-02-23T10:57:54.3634395Z ##[group]Disabling automatic garbage collection
end-workflow	Checkout Repository	2026-02-23T10:57:54.3641255Z [command]/usr/bin/git config --local gc.auto 0
end-workflow	Checkout Repository	2026-02-23T10:57:54.3694588Z ##[endgroup]
end-workflow	Checkout Repository	2026-02-23T10:57:54.3701329Z ##[group]Setting up auth
end-workflow	Checkout Repository	2026-02-23T10:57:54.3714210Z [command]/usr/bin/git config --local --name-only --get-regexp core\.sshCommand
end-workflow	Checkout Repository	2026-02-23T10:57:54.3782232Z [command]/usr/bin/git submodule foreach --recursive sh -c "git config --local --name-only --get-regexp 'core\.sshCommand' && git config --local --unset-all 'core.sshCommand' || :"
end-workflow	Checkout Repository	2026-02-23T10:57:54.4218697Z [command]/usr/bin/git config --local --name-only --get-regexp http\.https\:\/\/github\.com\/\.extraheader
end-workflow	Checkout Repository	2026-02-23T10:57:54.4296865Z [command]/usr/bin/git submodule foreach --recursive sh -c "git config --local --name-only --get-regexp 'http\.https\:\/\/github\.com\/\.extraheader' && git config --local --unset-all 'http.https://github.com/.extraheader' || :"
end-workflow	Checkout Repository	2026-02-23T10:57:54.4674137Z [command]/usr/bin/git config --local --name-only --get-regexp ^includeIf\.gitdir:
end-workflow	Checkout Repository	2026-02-23T10:57:54.4756630Z [command]/usr/bin/git submodule foreach --recursive git config --local --show-origin --name-only --get-regexp remote.origin.url
end-workflow	Checkout Repository	2026-02-23T10:57:54.5189042Z [command]/usr/bin/git config --local http.https://github.com/.extraheader AUTHORIZATION: basic ***
end-workflow	Checkout Repository	2026-02-23T10:57:54.5264028Z ##[endgroup]
end-workflow	Checkout Repository	2026-02-23T10:57:54.5271723Z ##[group]Fetching the repository
end-workflow	Checkout Repository	2026-02-23T10:57:54.5291367Z [command]/usr/bin/git -c protocol.version=2 fetch --prune --no-recurse-submodules origin +refs/heads/*:refs/remotes/origin/* +refs/tags/*:refs/tags/*
end-workflow	Checkout Repository	2026-02-23T10:58:18.1012654Z From https://github.com/Ka0s-Klaus/ka0s
end-workflow	Checkout Repository	2026-02-23T10:58:18.1015745Z  * [new branch]          F3450-modelo-operativo -> origin/F3450-modelo-operativo
end-workflow	Checkout Repository	2026-02-23T10:58:18.1019032Z  * [new branch]          H1276-modulo-observabilidad -> origin/H1276-modulo-observabilidad
end-workflow	Checkout Repository	2026-02-23T10:58:18.1019739Z  * [new branch]          H3596-deploy-itop      -> origin/H3596-deploy-itop
end-workflow	Checkout Repository	2026-02-23T10:58:18.1022172Z  * [new branch]          H4191-request-cambios  -> origin/H4191-request-cambios
end-workflow	Checkout Repository	2026-02-23T10:58:18.1023007Z  * [new branch]          H4200-request-recomendaciones-de-auditoria -> origin/H4200-request-recomendaciones-de-auditoria
end-workflow	Checkout Repository	2026-02-23T10:58:18.1023726Z  * [new branch]          main                   -> origin/main
end-workflow	Checkout Repository	2026-02-23T10:58:18.1024153Z  * [new tag]             0.0.0                  -> 0.0.0
end-workflow	Checkout Repository	2026-02-23T10:58:18.1024578Z  * [new tag]             0.0.1                  -> 0.0.1
end-workflow	Checkout Repository	2026-02-23T10:58:18.1025002Z  * [new tag]             0.0.10                 -> 0.0.10
end-workflow	Checkout Repository	2026-02-23T10:58:18.1025395Z  * [new tag]             0.0.100                -> 0.0.100
end-workflow	Checkout Repository	2026-02-23T10:58:18.1025788Z  * [new tag]             0.0.101                -> 0.0.101
end-workflow	Checkout Repository	2026-02-23T10:58:18.1026203Z  * [new tag]             0.0.102                -> 0.0.102
end-workflow	Checkout Repository	2026-02-23T10:58:18.1026603Z  * [new tag]             0.0.103                -> 0.0.103
end-workflow	Checkout Repository	2026-02-23T10:58:18.1027068Z  * [new tag]             0.0.104                -> 0.0.104
end-workflow	Checkout Repository	2026-02-23T10:58:18.1027532Z  * [new tag]             0.0.105                -> 0.0.105
end-workflow	Checkout Repository	2026-02-23T10:58:18.1027915Z  * [new tag]             0.0.106                -> 0.0.106
end-workflow	Checkout Repository	2026-02-23T10:58:18.1028308Z  * [new tag]             0.0.107                -> 0.0.107
end-workflow	Checkout Repository	2026-02-23T10:58:18.1028733Z  * [new tag]             0.0.108                -> 0.0.108
end-workflow	Checkout Repository	2026-02-23T10:58:18.1029134Z  * [new tag]             0.0.109                -> 0.0.109
end-workflow	Checkout Repository	2026-02-23T10:58:18.1029521Z  * [new tag]             0.0.11                 -> 0.0.11
end-workflow	Checkout Repository	2026-02-23T10:58:18.1029908Z  * [new tag]             0.0.110                -> 0.0.110
end-workflow	Checkout Repository	2026-02-23T10:58:18.1030442Z  * [new tag]             0.0.111                -> 0.0.111
end-workflow	Checkout Repository	2026-02-23T10:58:18.1030841Z  * [new tag]             0.0.112                -> 0.0.112
end-workflow	Checkout Repository	2026-02-23T10:58:18.1031241Z  * [new tag]             0.0.113                -> 0.0.113
end-workflow	Checkout Repository	2026-02-23T10:58:18.1031638Z  * [new tag]             0.0.114                -> 0.0.114
end-workflow	Checkout Repository	2026-02-23T10:58:18.1032467Z  * [new tag]             0.0.115                -> 0.0.115
end-workflow	Checkout Repository	2026-02-23T10:58:18.1032867Z  * [new tag]             0.0.116                -> 0.0.116
end-workflow	Checkout Repository	2026-02-23T10:58:18.1033246Z  * [new tag]             0.0.117                -> 0.0.117
end-workflow	Checkout Repository	2026-02-23T10:58:18.1033707Z  * [new tag]             0.0.118                -> 0.0.118
end-workflow	Checkout Repository	2026-02-23T10:58:18.1034128Z  * [new tag]             0.0.119                -> 0.0.119
end-workflow	Checkout Repository	2026-02-23T10:58:18.1034508Z  * [new tag]             0.0.12                 -> 0.0.12
end-workflow	Checkout Repository	2026-02-23T10:58:18.1034885Z  * [new tag]             0.0.120                -> 0.0.120
end-workflow	Checkout Repository	2026-02-23T10:58:18.1035263Z  * [new tag]             0.0.121                -> 0.0.121
end-workflow	Checkout Repository	2026-02-23T10:58:18.1035630Z  * [new tag]             0.0.122                -> 0.0.122
end-workflow	Checkout Repository	2026-02-23T10:58:18.1036006Z  * [new tag]             0.0.123                -> 0.0.123
end-workflow	Checkout Repository	2026-02-23T10:58:18.1036384Z  * [new tag]             0.0.124                -> 0.0.124
end-workflow	Checkout Repository	2026-02-23T10:58:18.1037054Z  * [new tag]             0.0.125                -> 0.0.125
end-workflow	Checkout Repository	2026-02-23T10:58:18.1037464Z  * [new tag]             0.0.126                -> 0.0.126
end-workflow	Checkout Repository	2026-02-23T10:58:18.1037836Z  * [new tag]             0.0.127                -> 0.0.127
end-workflow	Checkout Repository	2026-02-23T10:58:18.1115828Z  * [new tag]             0.0.128                -> 0.0.128
end-workflow	Checkout Repository	2026-02-23T10:58:18.1116457Z  * [new tag]             0.0.129                -> 0.0.129
end-workflow	Checkout Repository	2026-02-23T10:58:18.1116879Z  * [new tag]             0.0.13                 -> 0.0.13
end-workflow	Checkout Repository	2026-02-23T10:58:18.1117270Z  * [new tag]             0.0.130                -> 0.0.130
end-workflow	Checkout Repository	2026-02-23T10:58:18.1117647Z  * [new tag]             0.0.131                -> 0.0.131
end-workflow	Checkout Repository	2026-02-23T10:58:18.1118034Z  * [new tag]             0.0.132                -> 0.0.132
end-workflow	Checkout Repository	2026-02-23T10:58:18.1118424Z  * [new tag]             0.0.133                -> 0.0.133
end-workflow	Checkout Repository	2026-02-23T10:58:18.1118816Z  * [new tag]             0.0.134                -> 0.0.134
end-workflow	Checkout Repository	2026-02-23T10:58:18.1119205Z  * [new tag]             0.0.135                -> 0.0.135
end-workflow	Checkout Repository	2026-02-23T10:58:18.1119681Z  * [new tag]             0.0.136                -> 0.0.136
end-workflow	Checkout Repository	2026-02-23T10:58:18.1120062Z  * [new tag]             0.0.137                -> 0.0.137
end-workflow	Checkout Repository	2026-02-23T10:58:18.1120634Z  * [new tag]             0.0.138                -> 0.0.138
end-workflow	Checkout Repository	2026-02-23T10:58:18.1121031Z  * [new tag]             0.0.139                -> 0.0.139
end-workflow	Checkout Repository	2026-02-23T10:58:18.1121417Z  * [new tag]             0.0.14                 -> 0.0.14
end-workflow	Checkout Repository	2026-02-23T10:58:18.1121809Z  * [new tag]             0.0.140                -> 0.0.140
end-workflow	Checkout Repository	2026-02-23T10:58:18.1122190Z  * [new tag]             0.0.141                -> 0.0.141
end-workflow	Checkout Repository	2026-02-23T10:58:18.1122579Z  * [new tag]             0.0.142                -> 0.0.142
end-workflow	Checkout Repository	2026-02-23T10:58:18.1122961Z  * [new tag]             0.0.143                -> 0.0.143
end-workflow	Checkout Repository	2026-02-23T10:58:18.1123333Z  * [new tag]             0.0.144                -> 0.0.144
end-workflow	Checkout Repository	2026-02-23T10:58:18.1123709Z  * [new tag]             0.0.145                -> 0.0.145
end-workflow	Checkout Repository	2026-02-23T10:58:18.1124103Z  * [new tag]             0.0.146                -> 0.0.146
end-workflow	Checkout Repository	2026-02-23T10:58:18.1124501Z  * [new tag]             0.0.147                -> 0.0.147
end-workflow	Checkout Repository	2026-02-23T10:58:18.1124881Z  * [new tag]             0.0.148                -> 0.0.148
end-workflow	Checkout Repository	2026-02-23T10:58:18.1125258Z  * [new tag]             0.0.149                -> 0.0.149
end-workflow	Checkout Repository	2026-02-23T10:58:18.1125640Z  * [new tag]             0.0.15                 -> 0.0.15
end-workflow	Checkout Repository	2026-02-23T10:58:18.1126037Z  * [new tag]             0.0.150                -> 0.0.150
end-workflow	Checkout Repository	2026-02-23T10:58:18.1126416Z  * [new tag]             0.0.151                -> 0.0.151
end-workflow	Checkout Repository	2026-02-23T10:58:18.1126792Z  * [new tag]             0.0.152                -> 0.0.152
end-workflow	Checkout Repository	2026-02-23T10:58:18.1127167Z  * [new tag]             0.0.153                -> 0.0.153
end-workflow	Checkout Repository	2026-02-23T10:58:18.1127552Z  * [new tag]             0.0.154                -> 0.0.154
end-workflow	Checkout Repository	2026-02-23T10:58:18.1127926Z  * [new tag]             0.0.155                -> 0.0.155
end-workflow	Checkout Repository	2026-02-23T10:58:18.1128515Z  * [new tag]             0.0.156                -> 0.0.156
end-workflow	Checkout Repository	2026-02-23T10:58:18.1129301Z  * [new tag]             0.0.157                -> 0.0.157
end-workflow	Checkout Repository	2026-02-23T10:58:18.1129690Z  * [new tag]             0.0.158                -> 0.0.158
end-workflow	Checkout Repository	2026-02-23T10:58:18.1130069Z  * [new tag]             0.0.159                -> 0.0.159
end-workflow	Checkout Repository	2026-02-23T10:58:18.1130641Z  * [new tag]             0.0.16                 -> 0.0.16
end-workflow	Checkout Repository	2026-02-23T10:58:18.1131028Z  * [new tag]             0.0.160                -> 0.0.160
end-workflow	Checkout Repository	2026-02-23T10:58:18.1131412Z  * [new tag]             0.0.161                -> 0.0.161
end-workflow	Checkout Repository	2026-02-23T10:58:18.1131789Z  * [new tag]             0.0.162                -> 0.0.162
end-workflow	Checkout Repository	2026-02-23T10:58:18.1132169Z  * [new tag]             0.0.163                -> 0.0.163
end-workflow	Checkout Repository	2026-02-23T10:58:18.1132545Z  * [new tag]             0.0.164                -> 0.0.164
end-workflow	Checkout Repository	2026-02-23T10:58:18.1132918Z  * [new tag]             0.0.165                -> 0.0.165
end-workflow	Checkout Repository	2026-02-23T10:58:18.1133294Z  * [new tag]             0.0.166                -> 0.0.166
end-workflow	Checkout Repository	2026-02-23T10:58:18.1133669Z  * [new tag]             0.0.167                -> 0.0.167
end-workflow	Checkout Repository	2026-02-23T10:58:18.1134374Z  * [new tag]             0.0.168                -> 0.0.168
end-workflow	Checkout Repository	2026-02-23T10:58:18.1134751Z  * [new tag]             0.0.169                -> 0.0.169
end-workflow	Checkout Repository	2026-02-23T10:58:18.1135134Z  * [new tag]             0.0.17                 -> 0.0.17
end-workflow	Checkout Repository	2026-02-23T10:58:18.1135519Z  * [new tag]             0.0.170                -> 0.0.170
end-workflow	Checkout Repository	2026-02-23T10:58:18.1135900Z  * [new tag]             0.0.171                -> 0.0.171
end-workflow	Checkout Repository	2026-02-23T10:58:18.1136281Z  * [new tag]             0.0.172                -> 0.0.172
end-workflow	Checkout Repository	2026-02-23T10:58:18.1136670Z  * [new tag]             0.0.173                -> 0.0.173
end-workflow	Checkout Repository	2026-02-23T10:58:18.1137050Z  * [new tag]             0.0.174                -> 0.0.174
end-workflow	Checkout Repository	2026-02-23T10:58:18.1137441Z  * [new tag]             0.0.175                -> 0.0.175
end-workflow	Checkout Repository	2026-02-23T10:58:18.1137849Z  * [new tag]             0.0.176                -> 0.0.176
end-workflow	Checkout Repository	2026-02-23T10:58:18.1138231Z  * [new tag]             0.0.177                -> 0.0.177
end-workflow	Checkout Repository	2026-02-23T10:58:18.1138617Z  * [new tag]             0.0.178                -> 0.0.178
end-workflow	Checkout Repository	2026-02-23T10:58:18.1139026Z  * [new tag]             0.0.179                -> 0.0.179
end-workflow	Checkout Repository	2026-02-23T10:58:18.1139406Z  * [new tag]             0.0.18                 -> 0.0.18
end-workflow	Checkout Repository	2026-02-23T10:58:18.1139805Z  * [new tag]             0.0.19                 -> 0.0.19
end-workflow	Checkout Repository	2026-02-23T10:58:18.1140207Z  * [new tag]             0.0.2                  -> 0.0.2
end-workflow	Checkout Repository	2026-02-23T10:58:18.1140793Z  * [new tag]             0.0.20                 -> 0.0.20
end-workflow	Checkout Repository	2026-02-23T10:58:18.1141170Z  * [new tag]             0.0.21                 -> 0.0.21
end-workflow	Checkout Repository	2026-02-23T10:58:18.1141563Z  * [new tag]             0.0.22                 -> 0.0.22
end-workflow	Checkout Repository	2026-02-23T10:58:18.1141944Z  * [new tag]             0.0.23                 -> 0.0.23
end-workflow	Checkout Repository	2026-02-23T10:58:18.1142320Z  * [new tag]             0.0.24                 -> 0.0.24
end-workflow	Checkout Repository	2026-02-23T10:58:18.1142708Z  * [new tag]             0.0.25                 -> 0.0.25
end-workflow	Checkout Repository	2026-02-23T10:58:18.1143089Z  * [new tag]             0.0.26                 -> 0.0.26
end-workflow	Checkout Repository	2026-02-23T10:58:18.1143485Z  * [new tag]             0.0.27                 -> 0.0.27
end-workflow	Checkout Repository	2026-02-23T10:58:18.1143915Z  * [new tag]             0.0.28                 -> 0.0.28
end-workflow	Checkout Repository	2026-02-23T10:58:18.1144311Z  * [new tag]             0.0.29                 -> 0.0.29
end-workflow	Checkout Repository	2026-02-23T10:58:18.1144701Z  * [new tag]             0.0.3                  -> 0.0.3
end-workflow	Checkout Repository	2026-02-23T10:58:18.1145090Z  * [new tag]             0.0.30                 -> 0.0.30
end-workflow	Checkout Repository	2026-02-23T10:58:18.1145477Z  * [new tag]             0.0.31                 -> 0.0.31
end-workflow	Checkout Repository	2026-02-23T10:58:18.1145867Z  * [new tag]             0.0.32                 -> 0.0.32
end-workflow	Checkout Repository	2026-02-23T10:58:18.1146290Z  * [new tag]             0.0.33                 -> 0.0.33
end-workflow	Checkout Repository	2026-02-23T10:58:18.1146716Z  * [new tag]             0.0.34                 -> 0.0.34
end-workflow	Checkout Repository	2026-02-23T10:58:18.1147107Z  * [new tag]             0.0.35                 -> 0.0.35
end-workflow	Checkout Repository	2026-02-23T10:58:18.1147488Z  * [new tag]             0.0.36                 -> 0.0.36
end-workflow	Checkout Repository	2026-02-23T10:58:18.1147883Z  * [new tag]             0.0.37                 -> 0.0.37
end-workflow	Checkout Repository	2026-02-23T10:58:18.1148566Z  * [new tag]             0.0.38                 -> 0.0.38
end-workflow	Checkout Repository	2026-02-23T10:58:18.1148946Z  * [new tag]             0.0.39                 -> 0.0.39
end-workflow	Checkout Repository	2026-02-23T10:58:18.1149322Z  * [new tag]             0.0.4                  -> 0.0.4
end-workflow	Checkout Repository	2026-02-23T10:58:18.1149692Z  * [new tag]             0.0.40                 -> 0.0.40
end-workflow	Checkout Repository	2026-02-23T10:58:18.1150071Z  * [new tag]             0.0.41                 -> 0.0.41
end-workflow	Checkout Repository	2026-02-23T10:58:18.1150636Z  * [new tag]             0.0.42                 -> 0.0.42
end-workflow	Checkout Repository	2026-02-23T10:58:18.1151020Z  * [new tag]             0.0.43                 -> 0.0.43
end-workflow	Checkout Repository	2026-02-23T10:58:18.1151400Z  * [new tag]             0.0.44                 -> 0.0.44
end-workflow	Checkout Repository	2026-02-23T10:58:18.1151774Z  * [new tag]             0.0.45                 -> 0.0.45
end-workflow	Checkout Repository	2026-02-23T10:58:18.1152151Z  * [new tag]             0.0.46                 -> 0.0.46
end-workflow	Checkout Repository	2026-02-23T10:58:18.1152525Z  * [new tag]             0.0.47                 -> 0.0.47
end-workflow	Checkout Repository	2026-02-23T10:58:18.1152916Z  * [new tag]             0.0.48                 -> 0.0.48
end-workflow	Checkout Repository	2026-02-23T10:58:18.1153538Z  * [new tag]             0.0.49                 -> 0.0.49
end-workflow	Checkout Repository	2026-02-23T10:58:18.1153918Z  * [new tag]             0.0.5                  -> 0.0.5
end-workflow	Checkout Repository	2026-02-23T10:58:18.1154293Z  * [new tag]             0.0.50                 -> 0.0.50
end-workflow	Checkout Repository	2026-02-23T10:58:18.1154676Z  * [new tag]             0.0.51                 -> 0.0.51
end-workflow	Checkout Repository	2026-02-23T10:58:18.1155046Z  * [new tag]             0.0.52                 -> 0.0.52
end-workflow	Checkout Repository	2026-02-23T10:58:18.1155426Z  * [new tag]             0.0.53                 -> 0.0.53
end-workflow	Checkout Repository	2026-02-23T10:58:18.1155801Z  * [new tag]             0.0.54                 -> 0.0.54
end-workflow	Checkout Repository	2026-02-23T10:58:18.1156175Z  * [new tag]             0.0.55                 -> 0.0.55
end-workflow	Checkout Repository	2026-02-23T10:58:18.1156563Z  * [new tag]             0.0.56                 -> 0.0.56
end-workflow	Checkout Repository	2026-02-23T10:58:18.1156939Z  * [new tag]             0.0.57                 -> 0.0.57
end-workflow	Checkout Repository	2026-02-23T10:58:18.1157316Z  * [new tag]             0.0.58                 -> 0.0.58
end-workflow	Checkout Repository	2026-02-23T10:58:18.1157698Z  * [new tag]             0.0.59                 -> 0.0.59
end-workflow	Checkout Repository	2026-02-23T10:58:18.1158107Z  * [new tag]             0.0.6                  -> 0.0.6
end-workflow	Checkout Repository	2026-02-23T10:58:18.1158511Z  * [new tag]             0.0.60                 -> 0.0.60
end-workflow	Checkout Repository	2026-02-23T10:58:18.1158905Z  * [new tag]             0.0.61                 -> 0.0.61
end-workflow	Checkout Repository	2026-02-23T10:58:18.1159296Z  * [new tag]             0.0.62                 -> 0.0.62
end-workflow	Checkout Repository	2026-02-23T10:58:18.1159696Z  * [new tag]             0.0.63                 -> 0.0.63
end-workflow	Checkout Repository	2026-02-23T10:58:18.1160089Z  * [new tag]             0.0.64                 -> 0.0.64
end-workflow	Checkout Repository	2026-02-23T10:58:18.1160622Z  * [new tag]             0.0.65                 -> 0.0.65
end-workflow	Checkout Repository	2026-02-23T10:58:18.1161014Z  * [new tag]             0.0.66                 -> 0.0.66
end-workflow	Checkout Repository	2026-02-23T10:58:18.1161396Z  * [new tag]             0.0.67                 -> 0.0.67
end-workflow	Checkout Repository	2026-02-23T10:58:18.1161768Z  * [new tag]             0.0.68                 -> 0.0.68
end-workflow	Checkout Repository	2026-02-23T10:58:18.1162148Z  * [new tag]             0.0.69                 -> 0.0.69
end-workflow	Checkout Repository	2026-02-23T10:58:18.1162533Z  * [new tag]             0.0.7                  -> 0.0.7
end-workflow	Checkout Repository	2026-02-23T10:58:18.1162915Z  * [new tag]             0.0.70                 -> 0.0.70
end-workflow	Checkout Repository	2026-02-23T10:58:18.1163290Z  * [new tag]             0.0.71                 -> 0.0.71
end-workflow	Checkout Repository	2026-02-23T10:58:18.1163664Z  * [new tag]             0.0.72                 -> 0.0.72
end-workflow	Checkout Repository	2026-02-23T10:58:18.1164036Z  * [new tag]             0.0.73                 -> 0.0.73
end-workflow	Checkout Repository	2026-02-23T10:58:18.1164402Z  * [new tag]             0.0.74                 -> 0.0.74
end-workflow	Checkout Repository	2026-02-23T10:58:18.1164778Z  * [new tag]             0.0.75                 -> 0.0.75
end-workflow	Checkout Repository	2026-02-23T10:58:18.1165144Z  * [new tag]             0.0.76                 -> 0.0.76
end-workflow	Checkout Repository	2026-02-23T10:58:18.1165521Z  * [new tag]             0.0.77                 -> 0.0.77
end-workflow	Checkout Repository	2026-02-23T10:58:18.1165895Z  * [new tag]             0.0.78                 -> 0.0.78
end-workflow	Checkout Repository	2026-02-23T10:58:18.1166272Z  * [new tag]             0.0.79                 -> 0.0.79
end-workflow	Checkout Repository	2026-02-23T10:58:18.1166657Z  * [new tag]             0.0.8                  -> 0.0.8
end-workflow	Checkout Repository	2026-02-23T10:58:18.1167336Z  * [new tag]             0.0.80                 -> 0.0.80
end-workflow	Checkout Repository	2026-02-23T10:58:18.1167714Z  * [new tag]             0.0.81                 -> 0.0.81
end-workflow	Checkout Repository	2026-02-23T10:58:18.1168091Z  * [new tag]             0.0.82                 -> 0.0.82
end-workflow	Checkout Repository	2026-02-23T10:58:18.1168472Z  * [new tag]             0.0.83                 -> 0.0.83
end-workflow	Checkout Repository	2026-02-23T10:58:18.1168846Z  * [new tag]             0.0.84                 -> 0.0.84
end-workflow	Checkout Repository	2026-02-23T10:58:18.1169225Z  * [new tag]             0.0.85                 -> 0.0.85
end-workflow	Checkout Repository	2026-02-23T10:58:18.1169602Z  * [new tag]             0.0.86                 -> 0.0.86
end-workflow	Checkout Repository	2026-02-23T10:58:18.1169978Z  * [new tag]             0.0.87                 -> 0.0.87
end-workflow	Checkout Repository	2026-02-23T10:58:18.1170511Z  * [new tag]             0.0.88                 -> 0.0.88
end-workflow	Checkout Repository	2026-02-23T10:58:18.1170898Z  * [new tag]             0.0.89                 -> 0.0.89
end-workflow	Checkout Repository	2026-02-23T10:58:18.1171275Z  * [new tag]             0.0.9                  -> 0.0.9
end-workflow	Checkout Repository	2026-02-23T10:58:18.1171646Z  * [new tag]             0.0.90                 -> 0.0.90
end-workflow	Checkout Repository	2026-02-23T10:58:18.1172293Z  * [new tag]             0.0.91                 -> 0.0.91
end-workflow	Checkout Repository	2026-02-23T10:58:18.1172668Z  * [new tag]             0.0.92                 -> 0.0.92
end-workflow	Checkout Repository	2026-02-23T10:58:18.1173036Z  * [new tag]             0.0.93                 -> 0.0.93
end-workflow	Checkout Repository	2026-02-23T10:58:18.1173412Z  * [new tag]             0.0.94                 -> 0.0.94
end-workflow	Checkout Repository	2026-02-23T10:58:18.1173785Z  * [new tag]             0.0.95                 -> 0.0.95
end-workflow	Checkout Repository	2026-02-23T10:58:18.1174163Z  * [new tag]             0.0.96                 -> 0.0.96
end-workflow	Checkout Repository	2026-02-23T10:58:18.1174538Z  * [new tag]             0.0.97                 -> 0.0.97
end-workflow	Checkout Repository	2026-02-23T10:58:18.1174915Z  * [new tag]             0.0.98                 -> 0.0.98
end-workflow	Checkout Repository	2026-02-23T10:58:18.1175290Z  * [new tag]             0.0.99                 -> 0.0.99
end-workflow	Checkout Repository	2026-02-23T10:58:18.1175670Z  * [new tag]             0.1.0                  -> 0.1.0
end-workflow	Checkout Repository	2026-02-23T10:58:18.1176054Z  * [new tag]             0.1.1                  -> 0.1.1
end-workflow	Checkout Repository	2026-02-23T10:58:18.1176425Z  * [new tag]             0.2.0                  -> 0.2.0
end-workflow	Checkout Repository	2026-02-23T10:58:18.1176820Z  * [new tag]             0.3.0                  -> 0.3.0
end-workflow	Checkout Repository	2026-02-23T10:58:18.1177190Z  * [new tag]             0.3.1                  -> 0.3.1
end-workflow	Checkout Repository	2026-02-23T10:58:18.1177567Z  * [new tag]             0.3.10                 -> 0.3.10
end-workflow	Checkout Repository	2026-02-23T10:58:18.1177969Z  * [new tag]             0.3.11                 -> 0.3.11
end-workflow	Checkout Repository	2026-02-23T10:58:18.1178354Z  * [new tag]             0.3.12                 -> 0.3.12
end-workflow	Checkout Repository	2026-02-23T10:58:18.1178725Z  * [new tag]             0.3.13                 -> 0.3.13
end-workflow	Checkout Repository	2026-02-23T10:58:18.1179099Z  * [new tag]             0.3.14                 -> 0.3.14
end-workflow	Checkout Repository	2026-02-23T10:58:18.1179475Z  * [new tag]             0.3.15                 -> 0.3.15
end-workflow	Checkout Repository	2026-02-23T10:58:18.1179852Z  * [new tag]             0.3.16                 -> 0.3.16
end-workflow	Checkout Repository	2026-02-23T10:58:18.1180225Z  * [new tag]             0.3.17                 -> 0.3.17
end-workflow	Checkout Repository	2026-02-23T10:58:18.1180783Z  * [new tag]             0.3.2                  -> 0.3.2
end-workflow	Checkout Repository	2026-02-23T10:58:18.1181179Z  * [new tag]             0.3.3                  -> 0.3.3
end-workflow	Checkout Repository	2026-02-23T10:58:18.1181560Z  * [new tag]             0.3.4                  -> 0.3.4
end-workflow	Checkout Repository	2026-02-23T10:58:18.1181943Z  * [new tag]             0.3.5                  -> 0.3.5
end-workflow	Checkout Repository	2026-02-23T10:58:18.1182330Z  * [new tag]             0.3.6                  -> 0.3.6
end-workflow	Checkout Repository	2026-02-23T10:58:18.1182708Z  * [new tag]             0.3.7                  -> 0.3.7
end-workflow	Checkout Repository	2026-02-23T10:58:18.1183073Z  * [new tag]             0.3.8                  -> 0.3.8
end-workflow	Checkout Repository	2026-02-23T10:58:18.1183450Z  * [new tag]             0.3.9                  -> 0.3.9
end-workflow	Checkout Repository	2026-02-23T10:58:18.1183825Z  * [new tag]             0.4.0                  -> 0.4.0
end-workflow	Checkout Repository	2026-02-23T10:58:18.1184195Z  * [new tag]             0.4.1                  -> 0.4.1
end-workflow	Checkout Repository	2026-02-23T10:58:18.1184570Z  * [new tag]             0.4.2                  -> 0.4.2
end-workflow	Checkout Repository	2026-02-23T10:58:18.1184937Z  * [new tag]             0.4.3                  -> 0.4.3
end-workflow	Checkout Repository	2026-02-23T10:58:18.1185308Z  * [new tag]             0.4.4                  -> 0.4.4
end-workflow	Checkout Repository	2026-02-23T10:58:18.1185683Z  * [new tag]             0.4.5                  -> 0.4.5
end-workflow	Checkout Repository	2026-02-23T10:58:18.1186313Z  * [new tag]             0.4.6                  -> 0.4.6
end-workflow	Checkout Repository	2026-02-23T10:58:18.1186681Z  * [new tag]             0.4.7                  -> 0.4.7
end-workflow	Checkout Repository	2026-02-23T10:58:18.1187056Z  * [new tag]             0.4.8                  -> 0.4.8
end-workflow	Checkout Repository	2026-02-23T10:58:18.1187429Z  * [new tag]             0.4.9                  -> 0.4.9
end-workflow	Checkout Repository	2026-02-23T10:58:18.1187800Z  * [new tag]             0.5.0                  -> 0.5.0
end-workflow	Checkout Repository	2026-02-23T10:58:18.1188177Z  * [new tag]             0.5.1                  -> 0.5.1
end-workflow	Checkout Repository	2026-02-23T10:58:18.1188547Z  * [new tag]             0.5.2                  -> 0.5.2
end-workflow	Checkout Repository	2026-02-23T10:58:18.1188922Z  * [new tag]             0.6.0                  -> 0.6.0
end-workflow	Checkout Repository	2026-02-23T10:58:18.1189292Z  * [new tag]             0.6.1                  -> 0.6.1
end-workflow	Checkout Repository	2026-02-23T10:58:18.1189672Z  * [new tag]             0.6.2                  -> 0.6.2
end-workflow	Checkout Repository	2026-02-23T10:58:18.1397474Z [command]/usr/bin/git branch --list --remote origin/main
end-workflow	Checkout Repository	2026-02-23T10:58:18.1475589Z   origin/main
end-workflow	Checkout Repository	2026-02-23T10:58:18.1488077Z [command]/usr/bin/git rev-parse refs/remotes/origin/main
end-workflow	Checkout Repository	2026-02-23T10:58:18.1520724Z 5126e154b54aff9b46265f9ee0b2e5573f771dc6
end-workflow	Checkout Repository	2026-02-23T10:58:18.1534270Z [command]/usr/bin/git -c protocol.version=2 fetch --no-tags --prune --no-recurse-submodules origin +eff2cea3f15a68ebfa0035ad910a1b9be0cdf9cc:refs/remotes/origin/main
end-workflow	Checkout Repository	2026-02-23T10:58:18.1726317Z From https://github.com/Ka0s-Klaus/ka0s
end-workflow	Checkout Repository	2026-02-23T10:58:18.1729284Z  + 5126e154b...eff2cea3f eff2cea3f15a68ebfa0035ad910a1b9be0cdf9cc -> origin/main  (forced update)
end-workflow	Checkout Repository	2026-02-23T10:58:18.1769542Z ##[endgroup]
end-workflow	Checkout Repository	2026-02-23T10:58:18.1772432Z ##[group]Determining the checkout info
end-workflow	Checkout Repository	2026-02-23T10:58:18.1772965Z ##[endgroup]
end-workflow	Checkout Repository	2026-02-23T10:58:18.1775940Z [command]/usr/bin/git sparse-checkout disable
end-workflow	Checkout Repository	2026-02-23T10:58:18.1833265Z [command]/usr/bin/git config --local --unset-all extensions.worktreeConfig
end-workflow	Checkout Repository	2026-02-23T10:58:18.1875045Z ##[group]Checking out the ref
end-workflow	Checkout Repository	2026-02-23T10:58:18.1879931Z [command]/usr/bin/git checkout --progress --force -B main refs/remotes/origin/main
end-workflow	Checkout Repository	2026-02-23T10:58:18.4543632Z Switched to a new branch 'main'
end-workflow	Checkout Repository	2026-02-23T10:58:18.4547877Z branch 'main' set up to track 'origin/main'.
end-workflow	Checkout Repository	2026-02-23T10:58:18.4639180Z ##[endgroup]
end-workflow	Checkout Repository	2026-02-23T10:58:18.4644951Z [command]/usr/bin/git log -1 --format=%H
end-workflow	Checkout Repository	2026-02-23T10:58:18.4677589Z eff2cea3f15a68ebfa0035ad910a1b9be0cdf9cc
end-workflow	Install GH CLI	Ôªø2026-02-23T10:58:18.4983898Z Prepare all required actions
end-workflow	Install GH CLI	2026-02-23T10:58:18.5039336Z ##[group]Run ./.github/actions/install-gh-cli
end-workflow	Install GH CLI	2026-02-23T10:58:18.5039715Z env:
end-workflow	Install GH CLI	2026-02-23T10:58:18.5039964Z   KAOS_MODULE: [Ka0S] GitHub ‚Üí iTop Sync
end-workflow	Install GH CLI	2026-02-23T10:58:18.5040978Z   KAOS_CORRELATION_ID: 22303152159
end-workflow	Install GH CLI	2026-02-23T10:58:18.5041314Z   KAOS_ACTOR: ka0score
end-workflow	Install GH CLI	2026-02-23T10:58:18.5041564Z ##[endgroup]
end-workflow	Install GH CLI	2026-02-23T10:58:18.5144161Z ##[group]Run type -p curl >/dev/null || (sudo apt-get update && sudo apt-get install curl -y)
end-workflow	Install GH CLI	2026-02-23T10:58:18.5144963Z [36;1mtype -p curl >/dev/null || (sudo apt-get update && sudo apt-get install curl -y)[0m
end-workflow	Install GH CLI	2026-02-23T10:58:18.5145872Z [36;1mcurl -fsSL https://cli.github.com/packages/githubcli-archive-keyring.gpg | sudo dd of=/usr/share/keyrings/githubcli-archive-keyring.gpg \[0m
end-workflow	Install GH CLI	2026-02-23T10:58:18.5146780Z [36;1m&& sudo chmod go+r /usr/share/keyrings/githubcli-archive-keyring.gpg \[0m
end-workflow	Install GH CLI	2026-02-23T10:58:18.5147896Z [36;1m&& echo "deb [arch=$(dpkg --print-architecture) signed-by=/usr/share/keyrings/githubcli-archive-keyring.gpg] https://cli.github.com/packages stable main" | sudo tee /etc/apt/sources.list.d/github-cli.list > /dev/null \[0m
end-workflow	Install GH CLI	2026-02-23T10:58:18.5148946Z [36;1m&& sudo apt-get update \[0m
end-workflow	Install GH CLI	2026-02-23T10:58:18.5149270Z [36;1m&& sudo apt-get install gh -y[0m
end-workflow	Install GH CLI	2026-02-23T10:58:18.5167009Z shell: /usr/bin/bash --noprofile --norc -e -o pipefail {0}
end-workflow	Install GH CLI	2026-02-23T10:58:18.5167423Z env:
end-workflow	Install GH CLI	2026-02-23T10:58:18.5167674Z   KAOS_MODULE: [Ka0S] GitHub ‚Üí iTop Sync
end-workflow	Install GH CLI	2026-02-23T10:58:18.5168132Z   KAOS_CORRELATION_ID: 22303152159
end-workflow	Install GH CLI	2026-02-23T10:58:18.5168417Z   KAOS_ACTOR: ka0score
end-workflow	Install GH CLI	2026-02-23T10:58:18.5168651Z ##[endgroup]
end-workflow	Install GH CLI	2026-02-23T10:58:18.7432918Z 4+1 records in
end-workflow	Install GH CLI	2026-02-23T10:58:18.7441358Z 4+1 records out
end-workflow	Install GH CLI	2026-02-23T10:58:18.7443077Z 2270 bytes (2.3 kB, 2.2 KiB) copied, 0.200807 s, 11.3 kB/s
end-workflow	Install GH CLI	2026-02-23T10:58:18.9210965Z Get:1 https://cli.github.com/packages stable InRelease [3917 B]
end-workflow	Install GH CLI	2026-02-23T10:58:18.9381823Z Get:2 http://archive.ubuntu.com/ubuntu noble InRelease [256 kB]
end-workflow	Install GH CLI	2026-02-23T10:58:18.9811411Z Get:3 http://security.ubuntu.com/ubuntu noble-security InRelease [126 kB]
end-workflow	Install GH CLI	2026-02-23T10:58:19.0237917Z Get:4 https://cli.github.com/packages stable/main amd64 Packages [356 B]
end-workflow	Install GH CLI	2026-02-23T10:58:19.0816657Z Get:5 http://archive.ubuntu.com/ubuntu noble-updates InRelease [126 kB]
end-workflow	Install GH CLI	2026-02-23T10:58:19.0853674Z Get:6 https://ppa.launchpadcontent.net/git-core/ppa/ubuntu noble InRelease [24.3 kB]
end-workflow	Install GH CLI	2026-02-23T10:58:19.1211105Z Get:7 http://archive.ubuntu.com/ubuntu noble-backports InRelease [126 kB]
end-workflow	Install GH CLI	2026-02-23T10:58:19.2334560Z Get:8 http://archive.ubuntu.com/ubuntu noble/restricted amd64 Packages [117 kB]
end-workflow	Install GH CLI	2026-02-23T10:58:19.2753740Z Get:9 http://archive.ubuntu.com/ubuntu noble/main amd64 Packages [1808 kB]
end-workflow	Install GH CLI	2026-02-23T10:58:19.3661188Z Get:10 http://archive.ubuntu.com/ubuntu noble/universe amd64 Packages [19.3 MB]
end-workflow	Install GH CLI	2026-02-23T10:58:19.4334539Z Get:11 https://ppa.launchpadcontent.net/git-core/ppa/ubuntu noble/main amd64 Packages [2992 B]
end-workflow	Install GH CLI	2026-02-23T10:58:19.6541676Z Get:12 http://security.ubuntu.com/ubuntu noble-security/multiverse amd64 Packages [34.8 kB]
end-workflow	Install GH CLI	2026-02-23T10:58:19.7081642Z Get:13 http://archive.ubuntu.com/ubuntu noble/multiverse amd64 Packages [331 kB]
end-workflow	Install GH CLI	2026-02-23T10:58:19.7212926Z Get:14 http://archive.ubuntu.com/ubuntu noble-updates/restricted amd64 Packages [3381 kB]
end-workflow	Install GH CLI	2026-02-23T10:58:19.7236402Z Get:15 http://security.ubuntu.com/ubuntu noble-security/restricted amd64 Packages [3196 kB]
end-workflow	Install GH CLI	2026-02-23T10:58:19.7724254Z Get:16 http://archive.ubuntu.com/ubuntu noble-updates/multiverse amd64 Packages [38.1 kB]
end-workflow	Install GH CLI	2026-02-23T10:58:19.7735129Z Get:17 http://archive.ubuntu.com/ubuntu noble-updates/main amd64 Packages [2240 kB]
end-workflow	Install GH CLI	2026-02-23T10:58:19.8061753Z Get:18 http://archive.ubuntu.com/ubuntu noble-updates/universe amd64 Packages [2016 kB]
end-workflow	Install GH CLI	2026-02-23T10:58:19.8228883Z Get:19 http://archive.ubuntu.com/ubuntu noble-backports/universe amd64 Packages [34.6 kB]
end-workflow	Install GH CLI	2026-02-23T10:58:19.8229997Z Get:20 http://archive.ubuntu.com/ubuntu noble-backports/main amd64 Packages [49.5 kB]
end-workflow	Install GH CLI	2026-02-23T10:58:20.0150049Z Get:21 http://security.ubuntu.com/ubuntu noble-security/universe amd64 Packages [1207 kB]
end-workflow	Install GH CLI	2026-02-23T10:58:20.0374190Z Get:22 http://security.ubuntu.com/ubuntu noble-security/main amd64 Packages [1857 kB]
end-workflow	Install GH CLI	2026-02-23T10:58:21.3841734Z Fetched 36.3 MB in 3s (14.4 MB/s)
end-workflow	Install GH CLI	2026-02-23T10:58:22.5106039Z Reading package lists...
end-workflow	Install GH CLI	2026-02-23T10:58:23.5947401Z Reading package lists...
end-workflow	Install GH CLI	2026-02-23T10:58:23.9307673Z Building dependency tree...
end-workflow	Install GH CLI	2026-02-23T10:58:23.9315577Z Reading state information...
end-workflow	Install GH CLI	2026-02-23T10:58:24.4721167Z The following NEW packages will be installed:
end-workflow	Install GH CLI	2026-02-23T10:58:24.4764908Z   gh
end-workflow	Install GH CLI	2026-02-23T10:58:24.5720516Z 0 upgraded, 1 newly installed, 0 to remove and 26 not upgraded.
end-workflow	Install GH CLI	2026-02-23T10:58:24.5720972Z Need to get 13.8 MB of archives.
end-workflow	Install GH CLI	2026-02-23T10:58:24.5721346Z After this operation, 38.4 MB of additional disk space will be used.
end-workflow	Install GH CLI	2026-02-23T10:58:24.5721909Z Get:1 https://cli.github.com/packages stable/main amd64 gh amd64 2.87.2 [13.8 MB]
end-workflow	Install GH CLI	2026-02-23T10:58:24.9663444Z debconf: delaying package configuration, since apt-utils is not installed
end-workflow	Install GH CLI	2026-02-23T10:58:25.0136018Z Fetched 13.8 MB in 0s (48.7 MB/s)
end-workflow	Install GH CLI	2026-02-23T10:58:25.0437047Z Selecting previously unselected package gh.
end-workflow	Install GH CLI	2026-02-23T10:58:25.0474392Z (Reading database ... 
end-workflow	Install GH CLI	2026-02-23T10:58:25.0474739Z (Reading database ... 5%
end-workflow	Install GH CLI	2026-02-23T10:58:25.0475007Z (Reading database ... 10%
end-workflow	Install GH CLI	2026-02-23T10:58:25.0475241Z (Reading database ... 15%
end-workflow	Install GH CLI	2026-02-23T10:58:25.0475469Z (Reading database ... 20%
end-workflow	Install GH CLI	2026-02-23T10:58:25.0475683Z (Reading database ... 25%
end-workflow	Install GH CLI	2026-02-23T10:58:25.0475902Z (Reading database ... 30%
end-workflow	Install GH CLI	2026-02-23T10:58:25.0476114Z (Reading database ... 35%
end-workflow	Install GH CLI	2026-02-23T10:58:25.0476407Z (Reading database ... 40%
end-workflow	Install GH CLI	2026-02-23T10:58:25.0477051Z (Reading database ... 45%
end-workflow	Install GH CLI	2026-02-23T10:58:25.0477278Z (Reading database ... 50%
end-workflow	Install GH CLI	2026-02-23T10:58:25.0477505Z (Reading database ... 55%
end-workflow	Install GH CLI	2026-02-23T10:58:25.0477726Z (Reading database ... 60%
end-workflow	Install GH CLI	2026-02-23T10:58:25.0481099Z (Reading database ... 65%
end-workflow	Install GH CLI	2026-02-23T10:58:25.0531808Z (Reading database ... 70%
end-workflow	Install GH CLI	2026-02-23T10:58:25.0537593Z (Reading database ... 75%
end-workflow	Install GH CLI	2026-02-23T10:58:25.0551945Z (Reading database ... 80%
end-workflow	Install GH CLI	2026-02-23T10:58:25.0556752Z (Reading database ... 85%
end-workflow	Install GH CLI	2026-02-23T10:58:25.0567111Z (Reading database ... 90%
end-workflow	Install GH CLI	2026-02-23T10:58:25.0596648Z (Reading database ... 95%
end-workflow	Install GH CLI	2026-02-23T10:58:25.0597281Z (Reading database ... 100%
end-workflow	Install GH CLI	2026-02-23T10:58:25.0597715Z (Reading database ... 14385 files and directories currently installed.)
end-workflow	Install GH CLI	2026-02-23T10:58:25.0598193Z Preparing to unpack .../archives/gh_2.87.2_amd64.deb ...
end-workflow	Install GH CLI	2026-02-23T10:58:25.0622135Z Unpacking gh (2.87.2) ...
end-workflow	Install GH CLI	2026-02-23T10:58:25.3105924Z Setting up gh (2.87.2) ...
end-workflow	Trigger Inspector	Ôªø2026-02-23T10:58:25.3887100Z ##[group]Run echo "üîç Triggering Inspector for Audit..."
end-workflow	Trigger Inspector	2026-02-23T10:58:25.3887610Z [36;1mecho "üîç Triggering Inspector for Audit..."[0m
end-workflow	Trigger Inspector	2026-02-23T10:58:25.3887940Z [36;1mgh workflow run inspector.yml \[0m
end-workflow	Trigger Inspector	2026-02-23T10:58:25.3888218Z [36;1m  --ref main \[0m
end-workflow	Trigger Inspector	2026-02-23T10:58:25.3888468Z [36;1m  -f kaos-workflow-id="22303152159" \[0m
end-workflow	Trigger Inspector	2026-02-23T10:58:25.3888766Z [36;1m  -f kaos-user-start="ka0score"[0m
end-workflow	Trigger Inspector	2026-02-23T10:58:25.3902213Z shell: /usr/bin/bash -e {0}
end-workflow	Trigger Inspector	2026-02-23T10:58:25.3902476Z env:
end-workflow	Trigger Inspector	2026-02-23T10:58:25.3902679Z   KAOS_MODULE: [Ka0S] GitHub ‚Üí iTop Sync
end-workflow	Trigger Inspector	2026-02-23T10:58:25.3902963Z   KAOS_CORRELATION_ID: 22303152159
end-workflow	Trigger Inspector	2026-02-23T10:58:25.3903209Z   KAOS_ACTOR: ka0score
end-workflow	Trigger Inspector	2026-02-23T10:58:25.3903761Z   GH_TOKEN: ***
end-workflow	Trigger Inspector	2026-02-23T10:58:25.3903954Z ##[endgroup]
end-workflow	Trigger Inspector	2026-02-23T10:58:25.3951438Z üîç Triggering Inspector for Audit...
end-workflow	Trigger Inspector	2026-02-23T10:58:27.0576908Z https://github.com/Ka0s-Klaus/ka0s/actions/runs/22303215936
end-workflow	Post Checkout Repository	Ôªø2026-02-23T10:58:27.0758210Z Post job cleanup.
end-workflow	Post Checkout Repository	2026-02-23T10:58:27.2019960Z [command]/usr/bin/git version
end-workflow	Post Checkout Repository	2026-02-23T10:58:27.2063217Z git version 2.52.0
end-workflow	Post Checkout Repository	2026-02-23T10:58:27.2114342Z Temporarily overriding HOME='/home/runner/_work/_temp/e169b3bf-69d0-4054-9c88-510872271265' before making global git config changes
end-workflow	Post Checkout Repository	2026-02-23T10:58:27.2115162Z Adding repository directory to the temporary git global config as a safe directory
end-workflow	Post Checkout Repository	2026-02-23T10:58:27.2121127Z [command]/usr/bin/git config --global --add safe.directory /home/runner/_work/ka0s/ka0s
end-workflow	Post Checkout Repository	2026-02-23T10:58:27.2196219Z [command]/usr/bin/git config --local --name-only --get-regexp core\.sshCommand
end-workflow	Post Checkout Repository	2026-02-23T10:58:27.2279640Z [command]/usr/bin/git submodule foreach --recursive sh -c "git config --local --name-only --get-regexp 'core\.sshCommand' && git config --local --unset-all 'core.sshCommand' || :"
end-workflow	Post Checkout Repository	2026-02-23T10:58:27.2746656Z [command]/usr/bin/git config --local --name-only --get-regexp http\.https\:\/\/github\.com\/\.extraheader
end-workflow	Post Checkout Repository	2026-02-23T10:58:27.2781152Z http.https://github.com/.extraheader
end-workflow	Post Checkout Repository	2026-02-23T10:58:27.2795318Z [command]/usr/bin/git config --local --unset-all http.https://github.com/.extraheader
end-workflow	Post Checkout Repository	2026-02-23T10:58:27.2842685Z [command]/usr/bin/git submodule foreach --recursive sh -c "git config --local --name-only --get-regexp 'http\.https\:\/\/github\.com\/\.extraheader' && git config --local --unset-all 'http.https://github.com/.extraheader' || :"
end-workflow	Post Checkout Repository	2026-02-23T10:58:27.3201369Z [command]/usr/bin/git config --local --name-only --get-regexp ^includeIf\.gitdir:
end-workflow	Post Checkout Repository	2026-02-23T10:58:27.3257402Z [command]/usr/bin/git submodule foreach --recursive git config --local --show-origin --name-only --get-regexp remote.origin.url
end-workflow	Complete job	Ôªø2026-02-23T10:58:27.3725363Z Cleaning up orphan processes
