job-core	Set up job	Ôªø2026-02-23T17:11:02.0045402Z Current runner version: '2.331.0'
job-core	Set up job	2026-02-23T17:11:02.0055048Z Runner name: 'swarm-runners-scaleset-hkss5-runner-2gzq7'
job-core	Set up job	2026-02-23T17:11:02.0056231Z Runner group name: 'Default'
job-core	Set up job	2026-02-23T17:11:02.0057441Z Machine name: 'swarm-runners-scaleset-hkss5-runner-2gzq7'
job-core	Set up job	2026-02-23T17:11:02.0061871Z ##[group]GITHUB_TOKEN Permissions
job-core	Set up job	2026-02-23T17:11:02.0064643Z Actions: write
job-core	Set up job	2026-02-23T17:11:02.0065299Z Contents: write
job-core	Set up job	2026-02-23T17:11:02.0065911Z Issues: write
job-core	Set up job	2026-02-23T17:11:02.0066597Z Metadata: read
job-core	Set up job	2026-02-23T17:11:02.0067199Z PullRequests: write
job-core	Set up job	2026-02-23T17:11:02.0067777Z ##[endgroup]
job-core	Set up job	2026-02-23T17:11:02.0070099Z Secret source: Actions
job-core	Set up job	2026-02-23T17:11:02.0071539Z Prepare workflow directory
job-core	Set up job	2026-02-23T17:11:02.0653348Z Prepare all required actions
job-core	Set up job	2026-02-23T17:11:02.0695068Z Getting action download info
job-core	Set up job	2026-02-23T17:11:02.7406322Z Download action repository 'actions/checkout@v4' (SHA:34e114876b0b11c390a56381ad16ebd13914f8d5)
job-core	Set up job	2026-02-23T17:11:03.5718652Z Download action repository 'actions/setup-python@v4' (SHA:7f4fc3e22c37d6ff65e88745f38bd3157c663f7c)
job-core	Set up job	2026-02-23T17:11:04.5473493Z Download action repository 'actions/upload-artifact@v4' (SHA:ea165f8d65b6e75b540449e92b4886f43607fa02)
job-core	Set up job	2026-02-23T17:11:05.5796570Z Complete job name: job-core
job-core	Checkout code	Ôªø2026-02-23T17:11:05.6416644Z ##[group]Run actions/checkout@v4
job-core	Checkout code	2026-02-23T17:11:05.6417398Z with:
job-core	Checkout code	2026-02-23T17:11:05.6417679Z   fetch-depth: 0
job-core	Checkout code	2026-02-23T17:11:05.6417969Z   repository: Ka0s-Klaus/ka0s
job-core	Checkout code	2026-02-23T17:11:05.6418560Z   token: ***
job-core	Checkout code	2026-02-23T17:11:05.6418831Z   ssh-strict: true
job-core	Checkout code	2026-02-23T17:11:05.6419096Z   ssh-user: git
job-core	Checkout code	2026-02-23T17:11:05.6419373Z   persist-credentials: true
job-core	Checkout code	2026-02-23T17:11:05.6419675Z   clean: true
job-core	Checkout code	2026-02-23T17:11:05.6419955Z   sparse-checkout-cone-mode: true
job-core	Checkout code	2026-02-23T17:11:05.6420581Z   fetch-tags: false
job-core	Checkout code	2026-02-23T17:11:05.6421003Z   show-progress: true
job-core	Checkout code	2026-02-23T17:11:05.6421297Z   lfs: false
job-core	Checkout code	2026-02-23T17:11:05.6421550Z   submodules: false
job-core	Checkout code	2026-02-23T17:11:05.6421828Z   set-safe-directory: true
job-core	Checkout code	2026-02-23T17:11:05.6422384Z env:
job-core	Checkout code	2026-02-23T17:11:05.6422686Z   PYTHON_VERSION: 3.9
job-core	Checkout code	2026-02-23T17:11:05.6423503Z   MONGO_SUPERUSER_CONNECTION: ***
job-core	Checkout code	2026-02-23T17:11:05.6423982Z   MONGO_NEW_PASS: ***
job-core	Checkout code	2026-02-23T17:11:05.6424395Z   MONGO_SCRIPT_CREATE: devops/core/mongo/scripts/mongodb_status_report.py
job-core	Checkout code	2026-02-23T17:11:05.6424899Z   KAOS_CODE: 22316666124
job-core	Checkout code	2026-02-23T17:11:05.6425192Z   REPORT_SCAN: audit/
job-core	Checkout code	2026-02-23T17:11:05.6425484Z   REPORT_PATH: audit/mongodb/
job-core	Checkout code	2026-02-23T17:11:05.6425805Z   REPORT_FILENAME: 22316666124.json
job-core	Checkout code	2026-02-23T17:11:05.6426145Z   KAOS_MODULE: [Ka0s] Status MongDB Report
job-core	Checkout code	2026-02-23T17:11:05.6426484Z   GITHUB_OUTPUT: 
job-core	Checkout code	2026-02-23T17:11:05.6426752Z ##[endgroup]
job-core	Checkout code	2026-02-23T17:11:05.7707144Z Syncing repository: Ka0s-Klaus/ka0s
job-core	Checkout code	2026-02-23T17:11:05.7708773Z ##[group]Getting Git version info
job-core	Checkout code	2026-02-23T17:11:05.7709210Z Working directory is '/home/runner/_work/ka0s/ka0s'
job-core	Checkout code	2026-02-23T17:11:05.7709947Z [command]/usr/bin/git version
job-core	Checkout code	2026-02-23T17:11:05.7710623Z git version 2.52.0
job-core	Checkout code	2026-02-23T17:11:05.7725859Z ##[endgroup]
job-core	Checkout code	2026-02-23T17:11:05.7743927Z Temporarily overriding HOME='/home/runner/_work/_temp/c7a889f3-0017-4744-bcfc-7105ceb0f478' before making global git config changes
job-core	Checkout code	2026-02-23T17:11:05.7744928Z Adding repository directory to the temporary git global config as a safe directory
job-core	Checkout code	2026-02-23T17:11:05.7750152Z [command]/usr/bin/git config --global --add safe.directory /home/runner/_work/ka0s/ka0s
job-core	Checkout code	2026-02-23T17:11:05.7796342Z Deleting the contents of '/home/runner/_work/ka0s/ka0s'
job-core	Checkout code	2026-02-23T17:11:05.7799933Z ##[group]Initializing the repository
job-core	Checkout code	2026-02-23T17:11:05.7804795Z [command]/usr/bin/git init /home/runner/_work/ka0s/ka0s
job-core	Checkout code	2026-02-23T17:11:05.7862550Z hint: Using 'master' as the name for the initial branch. This default branch name
job-core	Checkout code	2026-02-23T17:11:05.7863319Z hint: will change to "main" in Git 3.0. To configure the initial branch name
job-core	Checkout code	2026-02-23T17:11:05.7864085Z hint: to use in all of your new repositories, which will suppress this warning,
job-core	Checkout code	2026-02-23T17:11:05.7864706Z hint: call:
job-core	Checkout code	2026-02-23T17:11:05.7865215Z hint:
job-core	Checkout code	2026-02-23T17:11:05.7866158Z hint: 	git config --global init.defaultBranch <name>
job-core	Checkout code	2026-02-23T17:11:05.7866529Z hint:
job-core	Checkout code	2026-02-23T17:11:05.7866893Z hint: Names commonly chosen instead of 'master' are 'main', 'trunk' and
job-core	Checkout code	2026-02-23T17:11:05.7867475Z hint: 'development'. The just-created branch can be renamed via this command:
job-core	Checkout code	2026-02-23T17:11:05.7867940Z hint:
job-core	Checkout code	2026-02-23T17:11:05.7868193Z hint: 	git branch -m <name>
job-core	Checkout code	2026-02-23T17:11:05.7868473Z hint:
job-core	Checkout code	2026-02-23T17:11:05.7868866Z hint: Disable this message with "git config set advice.defaultBranchName false"
job-core	Checkout code	2026-02-23T17:11:05.7869912Z Initialized empty Git repository in /home/runner/_work/ka0s/ka0s/.git/
job-core	Checkout code	2026-02-23T17:11:05.7879084Z [command]/usr/bin/git remote add origin https://github.com/Ka0s-Klaus/ka0s
job-core	Checkout code	2026-02-23T17:11:05.7933100Z ##[endgroup]
job-core	Checkout code	2026-02-23T17:11:05.7933736Z ##[group]Disabling automatic garbage collection
job-core	Checkout code	2026-02-23T17:11:05.7934216Z [command]/usr/bin/git config --local gc.auto 0
job-core	Checkout code	2026-02-23T17:11:05.7972974Z ##[endgroup]
job-core	Checkout code	2026-02-23T17:11:05.7973542Z ##[group]Setting up auth
job-core	Checkout code	2026-02-23T17:11:05.7980177Z [command]/usr/bin/git config --local --name-only --get-regexp core\.sshCommand
job-core	Checkout code	2026-02-23T17:11:05.8025376Z [command]/usr/bin/git submodule foreach --recursive sh -c "git config --local --name-only --get-regexp 'core\.sshCommand' && git config --local --unset-all 'core.sshCommand' || :"
job-core	Checkout code	2026-02-23T17:11:05.8369345Z [command]/usr/bin/git config --local --name-only --get-regexp http\.https\:\/\/github\.com\/\.extraheader
job-core	Checkout code	2026-02-23T17:11:05.8410481Z [command]/usr/bin/git submodule foreach --recursive sh -c "git config --local --name-only --get-regexp 'http\.https\:\/\/github\.com\/\.extraheader' && git config --local --unset-all 'http.https://github.com/.extraheader' || :"
job-core	Checkout code	2026-02-23T17:11:05.8742483Z [command]/usr/bin/git config --local --name-only --get-regexp ^includeIf\.gitdir:
job-core	Checkout code	2026-02-23T17:11:05.8784648Z [command]/usr/bin/git submodule foreach --recursive git config --local --show-origin --name-only --get-regexp remote.origin.url
job-core	Checkout code	2026-02-23T17:11:05.9115938Z [command]/usr/bin/git config --local http.https://github.com/.extraheader AUTHORIZATION: basic ***
job-core	Checkout code	2026-02-23T17:11:05.9172696Z ##[endgroup]
job-core	Checkout code	2026-02-23T17:11:05.9173322Z ##[group]Fetching the repository
job-core	Checkout code	2026-02-23T17:11:05.9177688Z [command]/usr/bin/git -c protocol.version=2 fetch --prune --no-recurse-submodules origin +refs/heads/*:refs/remotes/origin/* +refs/tags/*:refs/tags/*
job-core	Checkout code	2026-02-23T17:11:26.0989882Z From https://github.com/Ka0s-Klaus/ka0s
job-core	Checkout code	2026-02-23T17:11:26.0990782Z  * [new branch]          F3450-modelo-operativo -> origin/F3450-modelo-operativo
job-core	Checkout code	2026-02-23T17:11:26.0991509Z  * [new branch]          H1276-modulo-observabilidad -> origin/H1276-modulo-observabilidad
job-core	Checkout code	2026-02-23T17:11:26.0993044Z  * [new branch]          H3596-deploy-itop      -> origin/H3596-deploy-itop
job-core	Checkout code	2026-02-23T17:11:26.0993846Z  * [new branch]          H4170-flujo-detallado-zabbix---github -> origin/H4170-flujo-detallado-zabbix---github
job-core	Checkout code	2026-02-23T17:11:26.0994546Z  * [new branch]          H4191-request-cambios  -> origin/H4191-request-cambios
job-core	Checkout code	2026-02-23T17:11:26.0995325Z  * [new branch]          H4200-request-recomendaciones-de-auditoria -> origin/H4200-request-recomendaciones-de-auditoria
job-core	Checkout code	2026-02-23T17:11:26.0996010Z  * [new branch]          main                   -> origin/main
job-core	Checkout code	2026-02-23T17:11:26.0996426Z  * [new tag]             0.0.0                  -> 0.0.0
job-core	Checkout code	2026-02-23T17:11:26.0996798Z  * [new tag]             0.0.1                  -> 0.0.1
job-core	Checkout code	2026-02-23T17:11:26.0997162Z  * [new tag]             0.0.10                 -> 0.0.10
job-core	Checkout code	2026-02-23T17:11:26.0997523Z  * [new tag]             0.0.100                -> 0.0.100
job-core	Checkout code	2026-02-23T17:11:26.0997915Z  * [new tag]             0.0.101                -> 0.0.101
job-core	Checkout code	2026-02-23T17:11:26.1069122Z  * [new tag]             0.0.102                -> 0.0.102
job-core	Checkout code	2026-02-23T17:11:26.1069888Z  * [new tag]             0.0.103                -> 0.0.103
job-core	Checkout code	2026-02-23T17:11:26.1080787Z  * [new tag]             0.0.104                -> 0.0.104
job-core	Checkout code	2026-02-23T17:11:26.1081464Z  * [new tag]             0.0.105                -> 0.0.105
job-core	Checkout code	2026-02-23T17:11:26.1082163Z  * [new tag]             0.0.106                -> 0.0.106
job-core	Checkout code	2026-02-23T17:11:26.1082527Z  * [new tag]             0.0.107                -> 0.0.107
job-core	Checkout code	2026-02-23T17:11:26.1082880Z  * [new tag]             0.0.108                -> 0.0.108
job-core	Checkout code	2026-02-23T17:11:26.1083242Z  * [new tag]             0.0.109                -> 0.0.109
job-core	Checkout code	2026-02-23T17:11:26.1083590Z  * [new tag]             0.0.11                 -> 0.0.11
job-core	Checkout code	2026-02-23T17:11:26.1084081Z  * [new tag]             0.0.110                -> 0.0.110
job-core	Checkout code	2026-02-23T17:11:26.1084435Z  * [new tag]             0.0.111                -> 0.0.111
job-core	Checkout code	2026-02-23T17:11:26.1084785Z  * [new tag]             0.0.112                -> 0.0.112
job-core	Checkout code	2026-02-23T17:11:26.1085133Z  * [new tag]             0.0.113                -> 0.0.113
job-core	Checkout code	2026-02-23T17:11:26.1085481Z  * [new tag]             0.0.114                -> 0.0.114
job-core	Checkout code	2026-02-23T17:11:26.1085836Z  * [new tag]             0.0.115                -> 0.0.115
job-core	Checkout code	2026-02-23T17:11:26.1086192Z  * [new tag]             0.0.116                -> 0.0.116
job-core	Checkout code	2026-02-23T17:11:26.1086640Z  * [new tag]             0.0.117                -> 0.0.117
job-core	Checkout code	2026-02-23T17:11:26.1087034Z  * [new tag]             0.0.118                -> 0.0.118
job-core	Checkout code	2026-02-23T17:11:26.1087387Z  * [new tag]             0.0.119                -> 0.0.119
job-core	Checkout code	2026-02-23T17:11:26.1087986Z  * [new tag]             0.0.12                 -> 0.0.12
job-core	Checkout code	2026-02-23T17:11:26.1088336Z  * [new tag]             0.0.120                -> 0.0.120
job-core	Checkout code	2026-02-23T17:11:26.1088682Z  * [new tag]             0.0.121                -> 0.0.121
job-core	Checkout code	2026-02-23T17:11:26.1089028Z  * [new tag]             0.0.122                -> 0.0.122
job-core	Checkout code	2026-02-23T17:11:26.1089377Z  * [new tag]             0.0.123                -> 0.0.123
job-core	Checkout code	2026-02-23T17:11:26.1101159Z  * [new tag]             0.0.124                -> 0.0.124
job-core	Checkout code	2026-02-23T17:11:26.1101560Z  * [new tag]             0.0.125                -> 0.0.125
job-core	Checkout code	2026-02-23T17:11:26.1101917Z  * [new tag]             0.0.126                -> 0.0.126
job-core	Checkout code	2026-02-23T17:11:26.1102283Z  * [new tag]             0.0.127                -> 0.0.127
job-core	Checkout code	2026-02-23T17:11:26.1102628Z  * [new tag]             0.0.128                -> 0.0.128
job-core	Checkout code	2026-02-23T17:11:26.1102978Z  * [new tag]             0.0.129                -> 0.0.129
job-core	Checkout code	2026-02-23T17:11:26.1103348Z  * [new tag]             0.0.13                 -> 0.0.13
job-core	Checkout code	2026-02-23T17:11:26.1103700Z  * [new tag]             0.0.130                -> 0.0.130
job-core	Checkout code	2026-02-23T17:11:26.1104048Z  * [new tag]             0.0.131                -> 0.0.131
job-core	Checkout code	2026-02-23T17:11:26.1104395Z  * [new tag]             0.0.132                -> 0.0.132
job-core	Checkout code	2026-02-23T17:11:26.1104743Z  * [new tag]             0.0.133                -> 0.0.133
job-core	Checkout code	2026-02-23T17:11:26.1105091Z  * [new tag]             0.0.134                -> 0.0.134
job-core	Checkout code	2026-02-23T17:11:26.1105434Z  * [new tag]             0.0.135                -> 0.0.135
job-core	Checkout code	2026-02-23T17:11:26.1105789Z  * [new tag]             0.0.136                -> 0.0.136
job-core	Checkout code	2026-02-23T17:11:26.1106138Z  * [new tag]             0.0.137                -> 0.0.137
job-core	Checkout code	2026-02-23T17:11:26.1106500Z  * [new tag]             0.0.138                -> 0.0.138
job-core	Checkout code	2026-02-23T17:11:26.1106853Z  * [new tag]             0.0.139                -> 0.0.139
job-core	Checkout code	2026-02-23T17:11:26.1107204Z  * [new tag]             0.0.14                 -> 0.0.14
job-core	Checkout code	2026-02-23T17:11:26.1107562Z  * [new tag]             0.0.140                -> 0.0.140
job-core	Checkout code	2026-02-23T17:11:26.1107904Z  * [new tag]             0.0.141                -> 0.0.141
job-core	Checkout code	2026-02-23T17:11:26.1108253Z  * [new tag]             0.0.142                -> 0.0.142
job-core	Checkout code	2026-02-23T17:11:26.1108605Z  * [new tag]             0.0.143                -> 0.0.143
job-core	Checkout code	2026-02-23T17:11:26.1108952Z  * [new tag]             0.0.144                -> 0.0.144
job-core	Checkout code	2026-02-23T17:11:26.1109302Z  * [new tag]             0.0.145                -> 0.0.145
job-core	Checkout code	2026-02-23T17:11:26.1109653Z  * [new tag]             0.0.146                -> 0.0.146
job-core	Checkout code	2026-02-23T17:11:26.1110001Z  * [new tag]             0.0.147                -> 0.0.147
job-core	Checkout code	2026-02-23T17:11:26.1112119Z  * [new tag]             0.0.148                -> 0.0.148
job-core	Checkout code	2026-02-23T17:11:26.1112768Z  * [new tag]             0.0.149                -> 0.0.149
job-core	Checkout code	2026-02-23T17:11:26.1113146Z  * [new tag]             0.0.15                 -> 0.0.15
job-core	Checkout code	2026-02-23T17:11:26.1113528Z  * [new tag]             0.0.150                -> 0.0.150
job-core	Checkout code	2026-02-23T17:11:26.1113886Z  * [new tag]             0.0.151                -> 0.0.151
job-core	Checkout code	2026-02-23T17:11:26.1114238Z  * [new tag]             0.0.152                -> 0.0.152
job-core	Checkout code	2026-02-23T17:11:26.1114602Z  * [new tag]             0.0.153                -> 0.0.153
job-core	Checkout code	2026-02-23T17:11:26.1114963Z  * [new tag]             0.0.154                -> 0.0.154
job-core	Checkout code	2026-02-23T17:11:26.1115325Z  * [new tag]             0.0.155                -> 0.0.155
job-core	Checkout code	2026-02-23T17:11:26.1115690Z  * [new tag]             0.0.156                -> 0.0.156
job-core	Checkout code	2026-02-23T17:11:26.1116049Z  * [new tag]             0.0.157                -> 0.0.157
job-core	Checkout code	2026-02-23T17:11:26.1116409Z  * [new tag]             0.0.158                -> 0.0.158
job-core	Checkout code	2026-02-23T17:11:26.1116777Z  * [new tag]             0.0.159                -> 0.0.159
job-core	Checkout code	2026-02-23T17:11:26.1117137Z  * [new tag]             0.0.16                 -> 0.0.16
job-core	Checkout code	2026-02-23T17:11:26.1117498Z  * [new tag]             0.0.160                -> 0.0.160
job-core	Checkout code	2026-02-23T17:11:26.1118074Z  * [new tag]             0.0.161                -> 0.0.161
job-core	Checkout code	2026-02-23T17:11:26.1118437Z  * [new tag]             0.0.162                -> 0.0.162
job-core	Checkout code	2026-02-23T17:11:26.1118811Z  * [new tag]             0.0.163                -> 0.0.163
job-core	Checkout code	2026-02-23T17:11:26.1119167Z  * [new tag]             0.0.164                -> 0.0.164
job-core	Checkout code	2026-02-23T17:11:26.1119530Z  * [new tag]             0.0.165                -> 0.0.165
job-core	Checkout code	2026-02-23T17:11:26.1119892Z  * [new tag]             0.0.166                -> 0.0.166
job-core	Checkout code	2026-02-23T17:11:26.1120255Z  * [new tag]             0.0.167                -> 0.0.167
job-core	Checkout code	2026-02-23T17:11:26.1120959Z  * [new tag]             0.0.168                -> 0.0.168
job-core	Checkout code	2026-02-23T17:11:26.1121346Z  * [new tag]             0.0.169                -> 0.0.169
job-core	Checkout code	2026-02-23T17:11:26.1121846Z  * [new tag]             0.0.17                 -> 0.0.17
job-core	Checkout code	2026-02-23T17:11:26.1122205Z  * [new tag]             0.0.170                -> 0.0.170
job-core	Checkout code	2026-02-23T17:11:26.1122569Z  * [new tag]             0.0.171                -> 0.0.171
job-core	Checkout code	2026-02-23T17:11:26.1122938Z  * [new tag]             0.0.172                -> 0.0.172
job-core	Checkout code	2026-02-23T17:11:26.1123304Z  * [new tag]             0.0.173                -> 0.0.173
job-core	Checkout code	2026-02-23T17:11:26.1123667Z  * [new tag]             0.0.174                -> 0.0.174
job-core	Checkout code	2026-02-23T17:11:26.1124031Z  * [new tag]             0.0.175                -> 0.0.175
job-core	Checkout code	2026-02-23T17:11:26.1124397Z  * [new tag]             0.0.176                -> 0.0.176
job-core	Checkout code	2026-02-23T17:11:26.1124763Z  * [new tag]             0.0.177                -> 0.0.177
job-core	Checkout code	2026-02-23T17:11:26.1125125Z  * [new tag]             0.0.178                -> 0.0.178
job-core	Checkout code	2026-02-23T17:11:26.1125494Z  * [new tag]             0.0.179                -> 0.0.179
job-core	Checkout code	2026-02-23T17:11:26.1125865Z  * [new tag]             0.0.18                 -> 0.0.18
job-core	Checkout code	2026-02-23T17:11:26.1126227Z  * [new tag]             0.0.19                 -> 0.0.19
job-core	Checkout code	2026-02-23T17:11:26.1126589Z  * [new tag]             0.0.2                  -> 0.0.2
job-core	Checkout code	2026-02-23T17:11:26.1126951Z  * [new tag]             0.0.20                 -> 0.0.20
job-core	Checkout code	2026-02-23T17:11:26.1127607Z  * [new tag]             0.0.21                 -> 0.0.21
job-core	Checkout code	2026-02-23T17:11:26.1128101Z  * [new tag]             0.0.22                 -> 0.0.22
job-core	Checkout code	2026-02-23T17:11:26.1128589Z  * [new tag]             0.0.23                 -> 0.0.23
job-core	Checkout code	2026-02-23T17:11:26.1128950Z  * [new tag]             0.0.24                 -> 0.0.24
job-core	Checkout code	2026-02-23T17:11:26.1129307Z  * [new tag]             0.0.25                 -> 0.0.25
job-core	Checkout code	2026-02-23T17:11:26.1129663Z  * [new tag]             0.0.26                 -> 0.0.26
job-core	Checkout code	2026-02-23T17:11:26.1130024Z  * [new tag]             0.0.27                 -> 0.0.27
job-core	Checkout code	2026-02-23T17:11:26.1130937Z  * [new tag]             0.0.28                 -> 0.0.28
job-core	Checkout code	2026-02-23T17:11:26.1131632Z  * [new tag]             0.0.29                 -> 0.0.29
job-core	Checkout code	2026-02-23T17:11:26.1131991Z  * [new tag]             0.0.3                  -> 0.0.3
job-core	Checkout code	2026-02-23T17:11:26.1132352Z  * [new tag]             0.0.30                 -> 0.0.30
job-core	Checkout code	2026-02-23T17:11:26.1132720Z  * [new tag]             0.0.31                 -> 0.0.31
job-core	Checkout code	2026-02-23T17:11:26.1133077Z  * [new tag]             0.0.32                 -> 0.0.32
job-core	Checkout code	2026-02-23T17:11:26.1133434Z  * [new tag]             0.0.33                 -> 0.0.33
job-core	Checkout code	2026-02-23T17:11:26.1133791Z  * [new tag]             0.0.34                 -> 0.0.34
job-core	Checkout code	2026-02-23T17:11:26.1134150Z  * [new tag]             0.0.35                 -> 0.0.35
job-core	Checkout code	2026-02-23T17:11:26.1134505Z  * [new tag]             0.0.36                 -> 0.0.36
job-core	Checkout code	2026-02-23T17:11:26.1134864Z  * [new tag]             0.0.37                 -> 0.0.37
job-core	Checkout code	2026-02-23T17:11:26.1135223Z  * [new tag]             0.0.38                 -> 0.0.38
job-core	Checkout code	2026-02-23T17:11:26.1135582Z  * [new tag]             0.0.39                 -> 0.0.39
job-core	Checkout code	2026-02-23T17:11:26.1135948Z  * [new tag]             0.0.4                  -> 0.0.4
job-core	Checkout code	2026-02-23T17:11:26.1136305Z  * [new tag]             0.0.40                 -> 0.0.40
job-core	Checkout code	2026-02-23T17:11:26.1136663Z  * [new tag]             0.0.41                 -> 0.0.41
job-core	Checkout code	2026-02-23T17:11:26.1137217Z  * [new tag]             0.0.42                 -> 0.0.42
job-core	Checkout code	2026-02-23T17:11:26.1137572Z  * [new tag]             0.0.43                 -> 0.0.43
job-core	Checkout code	2026-02-23T17:11:26.1137930Z  * [new tag]             0.0.44                 -> 0.0.44
job-core	Checkout code	2026-02-23T17:11:26.1138289Z  * [new tag]             0.0.45                 -> 0.0.45
job-core	Checkout code	2026-02-23T17:11:26.1138787Z  * [new tag]             0.0.46                 -> 0.0.46
job-core	Checkout code	2026-02-23T17:11:26.1139308Z  * [new tag]             0.0.47                 -> 0.0.47
job-core	Checkout code	2026-02-23T17:11:26.1139684Z  * [new tag]             0.0.48                 -> 0.0.48
job-core	Checkout code	2026-02-23T17:11:26.1140062Z  * [new tag]             0.0.49                 -> 0.0.49
job-core	Checkout code	2026-02-23T17:11:26.1140809Z  * [new tag]             0.0.5                  -> 0.0.5
job-core	Checkout code	2026-02-23T17:11:26.1141181Z  * [new tag]             0.0.50                 -> 0.0.50
job-core	Checkout code	2026-02-23T17:11:26.1141541Z  * [new tag]             0.0.51                 -> 0.0.51
job-core	Checkout code	2026-02-23T17:11:26.1141904Z  * [new tag]             0.0.52                 -> 0.0.52
job-core	Checkout code	2026-02-23T17:11:26.1142272Z  * [new tag]             0.0.53                 -> 0.0.53
job-core	Checkout code	2026-02-23T17:11:26.1142631Z  * [new tag]             0.0.54                 -> 0.0.54
job-core	Checkout code	2026-02-23T17:11:26.1142989Z  * [new tag]             0.0.55                 -> 0.0.55
job-core	Checkout code	2026-02-23T17:11:26.1143340Z  * [new tag]             0.0.56                 -> 0.0.56
job-core	Checkout code	2026-02-23T17:11:26.1143698Z  * [new tag]             0.0.57                 -> 0.0.57
job-core	Checkout code	2026-02-23T17:11:26.1144054Z  * [new tag]             0.0.58                 -> 0.0.58
job-core	Checkout code	2026-02-23T17:11:26.1155842Z  * [new tag]             0.0.59                 -> 0.0.59
job-core	Checkout code	2026-02-23T17:11:26.1156254Z  * [new tag]             0.0.6                  -> 0.0.6
job-core	Checkout code	2026-02-23T17:11:26.1156611Z  * [new tag]             0.0.60                 -> 0.0.60
job-core	Checkout code	2026-02-23T17:11:26.1156979Z  * [new tag]             0.0.61                 -> 0.0.61
job-core	Checkout code	2026-02-23T17:11:26.1157328Z  * [new tag]             0.0.62                 -> 0.0.62
job-core	Checkout code	2026-02-23T17:11:26.1157678Z  * [new tag]             0.0.63                 -> 0.0.63
job-core	Checkout code	2026-02-23T17:11:26.1158035Z  * [new tag]             0.0.64                 -> 0.0.64
job-core	Checkout code	2026-02-23T17:11:26.1158385Z  * [new tag]             0.0.65                 -> 0.0.65
job-core	Checkout code	2026-02-23T17:11:26.1158736Z  * [new tag]             0.0.66                 -> 0.0.66
job-core	Checkout code	2026-02-23T17:11:26.1159082Z  * [new tag]             0.0.67                 -> 0.0.67
job-core	Checkout code	2026-02-23T17:11:26.1159435Z  * [new tag]             0.0.68                 -> 0.0.68
job-core	Checkout code	2026-02-23T17:11:26.1159786Z  * [new tag]             0.0.69                 -> 0.0.69
job-core	Checkout code	2026-02-23T17:11:26.1160136Z  * [new tag]             0.0.7                  -> 0.0.7
job-core	Checkout code	2026-02-23T17:11:26.1160874Z  * [new tag]             0.0.70                 -> 0.0.70
job-core	Checkout code	2026-02-23T17:11:26.1161729Z  * [new tag]             0.0.71                 -> 0.0.71
job-core	Checkout code	2026-02-23T17:11:26.1162084Z  * [new tag]             0.0.72                 -> 0.0.72
job-core	Checkout code	2026-02-23T17:11:26.1162429Z  * [new tag]             0.0.73                 -> 0.0.73
job-core	Checkout code	2026-02-23T17:11:26.1162786Z  * [new tag]             0.0.74                 -> 0.0.74
job-core	Checkout code	2026-02-23T17:11:26.1163135Z  * [new tag]             0.0.75                 -> 0.0.75
job-core	Checkout code	2026-02-23T17:11:26.1163485Z  * [new tag]             0.0.76                 -> 0.0.76
job-core	Checkout code	2026-02-23T17:11:26.1163974Z  * [new tag]             0.0.77                 -> 0.0.77
job-core	Checkout code	2026-02-23T17:11:26.1164598Z  * [new tag]             0.0.78                 -> 0.0.78
job-core	Checkout code	2026-02-23T17:11:26.1164957Z  * [new tag]             0.0.79                 -> 0.0.79
job-core	Checkout code	2026-02-23T17:11:26.1165438Z  * [new tag]             0.0.8                  -> 0.0.8
job-core	Checkout code	2026-02-23T17:11:26.1165787Z  * [new tag]             0.0.80                 -> 0.0.80
job-core	Checkout code	2026-02-23T17:11:26.1166136Z  * [new tag]             0.0.81                 -> 0.0.81
job-core	Checkout code	2026-02-23T17:11:26.1166492Z  * [new tag]             0.0.82                 -> 0.0.82
job-core	Checkout code	2026-02-23T17:11:26.1166845Z  * [new tag]             0.0.83                 -> 0.0.83
job-core	Checkout code	2026-02-23T17:11:26.1167194Z  * [new tag]             0.0.84                 -> 0.0.84
job-core	Checkout code	2026-02-23T17:11:26.1167744Z  * [new tag]             0.0.85                 -> 0.0.85
job-core	Checkout code	2026-02-23T17:11:26.1168094Z  * [new tag]             0.0.86                 -> 0.0.86
job-core	Checkout code	2026-02-23T17:11:26.1168437Z  * [new tag]             0.0.87                 -> 0.0.87
job-core	Checkout code	2026-02-23T17:11:26.1168790Z  * [new tag]             0.0.88                 -> 0.0.88
job-core	Checkout code	2026-02-23T17:11:26.1169138Z  * [new tag]             0.0.89                 -> 0.0.89
job-core	Checkout code	2026-02-23T17:11:26.1169490Z  * [new tag]             0.0.9                  -> 0.0.9
job-core	Checkout code	2026-02-23T17:11:26.1169839Z  * [new tag]             0.0.90                 -> 0.0.90
job-core	Checkout code	2026-02-23T17:11:26.1170192Z  * [new tag]             0.0.91                 -> 0.0.91
job-core	Checkout code	2026-02-23T17:11:26.1171070Z  * [new tag]             0.0.92                 -> 0.0.92
job-core	Checkout code	2026-02-23T17:11:26.1171564Z  * [new tag]             0.0.93                 -> 0.0.93
job-core	Checkout code	2026-02-23T17:11:26.1171909Z  * [new tag]             0.0.94                 -> 0.0.94
job-core	Checkout code	2026-02-23T17:11:26.1172261Z  * [new tag]             0.0.95                 -> 0.0.95
job-core	Checkout code	2026-02-23T17:11:26.1172615Z  * [new tag]             0.0.96                 -> 0.0.96
job-core	Checkout code	2026-02-23T17:11:26.1172965Z  * [new tag]             0.0.97                 -> 0.0.97
job-core	Checkout code	2026-02-23T17:11:26.1173313Z  * [new tag]             0.0.98                 -> 0.0.98
job-core	Checkout code	2026-02-23T17:11:26.1173666Z  * [new tag]             0.0.99                 -> 0.0.99
job-core	Checkout code	2026-02-23T17:11:26.1174019Z  * [new tag]             0.1.0                  -> 0.1.0
job-core	Checkout code	2026-02-23T17:11:26.1174365Z  * [new tag]             0.1.1                  -> 0.1.1
job-core	Checkout code	2026-02-23T17:11:26.1174716Z  * [new tag]             0.2.0                  -> 0.2.0
job-core	Checkout code	2026-02-23T17:11:26.1175065Z  * [new tag]             0.3.0                  -> 0.3.0
job-core	Checkout code	2026-02-23T17:11:26.1175854Z  * [new tag]             0.3.1                  -> 0.3.1
job-core	Checkout code	2026-02-23T17:11:26.1176393Z  * [new tag]             0.3.10                 -> 0.3.10
job-core	Checkout code	2026-02-23T17:11:26.1176767Z  * [new tag]             0.3.11                 -> 0.3.11
job-core	Checkout code	2026-02-23T17:11:26.1177257Z  * [new tag]             0.3.12                 -> 0.3.12
job-core	Checkout code	2026-02-23T17:11:26.1177609Z  * [new tag]             0.3.13                 -> 0.3.13
job-core	Checkout code	2026-02-23T17:11:26.1177958Z  * [new tag]             0.3.14                 -> 0.3.14
job-core	Checkout code	2026-02-23T17:11:26.1178309Z  * [new tag]             0.3.15                 -> 0.3.15
job-core	Checkout code	2026-02-23T17:11:26.1178656Z  * [new tag]             0.3.16                 -> 0.3.16
job-core	Checkout code	2026-02-23T17:11:26.1179001Z  * [new tag]             0.3.17                 -> 0.3.17
job-core	Checkout code	2026-02-23T17:11:26.1179355Z  * [new tag]             0.3.2                  -> 0.3.2
job-core	Checkout code	2026-02-23T17:11:26.1179704Z  * [new tag]             0.3.3                  -> 0.3.3
job-core	Checkout code	2026-02-23T17:11:26.1180055Z  * [new tag]             0.3.4                  -> 0.3.4
job-core	Checkout code	2026-02-23T17:11:26.1180672Z  * [new tag]             0.3.5                  -> 0.3.5
job-core	Checkout code	2026-02-23T17:11:26.1181803Z  * [new tag]             0.3.6                  -> 0.3.6
job-core	Checkout code	2026-02-23T17:11:26.1182275Z  * [new tag]             0.3.7                  -> 0.3.7
job-core	Checkout code	2026-02-23T17:11:26.1182619Z  * [new tag]             0.3.8                  -> 0.3.8
job-core	Checkout code	2026-02-23T17:11:26.1182969Z  * [new tag]             0.3.9                  -> 0.3.9
job-core	Checkout code	2026-02-23T17:11:26.1183315Z  * [new tag]             0.4.0                  -> 0.4.0
job-core	Checkout code	2026-02-23T17:11:26.1183662Z  * [new tag]             0.4.1                  -> 0.4.1
job-core	Checkout code	2026-02-23T17:11:26.1184008Z  * [new tag]             0.4.2                  -> 0.4.2
job-core	Checkout code	2026-02-23T17:11:26.1184358Z  * [new tag]             0.4.3                  -> 0.4.3
job-core	Checkout code	2026-02-23T17:11:26.1184797Z  * [new tag]             0.4.4                  -> 0.4.4
job-core	Checkout code	2026-02-23T17:11:26.1185146Z  * [new tag]             0.4.5                  -> 0.4.5
job-core	Checkout code	2026-02-23T17:11:26.1185492Z  * [new tag]             0.4.6                  -> 0.4.6
job-core	Checkout code	2026-02-23T17:11:26.1185848Z  * [new tag]             0.4.7                  -> 0.4.7
job-core	Checkout code	2026-02-23T17:11:26.1186195Z  * [new tag]             0.4.8                  -> 0.4.8
job-core	Checkout code	2026-02-23T17:11:26.1186541Z  * [new tag]             0.4.9                  -> 0.4.9
job-core	Checkout code	2026-02-23T17:11:26.1186886Z  * [new tag]             0.5.0                  -> 0.5.0
job-core	Checkout code	2026-02-23T17:11:26.1187478Z  * [new tag]             0.5.1                  -> 0.5.1
job-core	Checkout code	2026-02-23T17:11:26.1187832Z  * [new tag]             0.5.2                  -> 0.5.2
job-core	Checkout code	2026-02-23T17:11:26.1188179Z  * [new tag]             0.6.0                  -> 0.6.0
job-core	Checkout code	2026-02-23T17:11:26.1188527Z  * [new tag]             0.6.1                  -> 0.6.1
job-core	Checkout code	2026-02-23T17:11:26.1188875Z  * [new tag]             0.6.2                  -> 0.6.2
job-core	Checkout code	2026-02-23T17:11:26.1189227Z  * [new tag]             0.6.3                  -> 0.6.3
job-core	Checkout code	2026-02-23T17:11:26.1189582Z  * [new tag]             0.6.4                  -> 0.6.4
job-core	Checkout code	2026-02-23T17:11:26.1189934Z  * [new tag]             0.6.5                  -> 0.6.5
job-core	Checkout code	2026-02-23T17:11:26.1396328Z [command]/usr/bin/git branch --list --remote origin/main
job-core	Checkout code	2026-02-23T17:11:26.1476057Z   origin/main
job-core	Checkout code	2026-02-23T17:11:26.1489079Z [command]/usr/bin/git rev-parse refs/remotes/origin/main
job-core	Checkout code	2026-02-23T17:11:26.1518739Z f692515066430557f9a7363b0fd459ac6ba51105
job-core	Checkout code	2026-02-23T17:11:26.1524370Z ##[endgroup]
job-core	Checkout code	2026-02-23T17:11:26.1524829Z ##[group]Determining the checkout info
job-core	Checkout code	2026-02-23T17:11:26.1525856Z ##[endgroup]
job-core	Checkout code	2026-02-23T17:11:26.1531533Z [command]/usr/bin/git sparse-checkout disable
job-core	Checkout code	2026-02-23T17:11:26.1596591Z [command]/usr/bin/git config --local --unset-all extensions.worktreeConfig
job-core	Checkout code	2026-02-23T17:11:26.1635374Z ##[group]Checking out the ref
job-core	Checkout code	2026-02-23T17:11:26.1642210Z [command]/usr/bin/git checkout --progress --force -B main refs/remotes/origin/main
job-core	Checkout code	2026-02-23T17:11:26.4081483Z Switched to a new branch 'main'
job-core	Checkout code	2026-02-23T17:11:26.4091303Z branch 'main' set up to track 'origin/main'.
job-core	Checkout code	2026-02-23T17:11:26.4132160Z ##[endgroup]
job-core	Checkout code	2026-02-23T17:11:26.4196040Z [command]/usr/bin/git log -1 --format=%H
job-core	Checkout code	2026-02-23T17:11:26.4230566Z f692515066430557f9a7363b0fd459ac6ba51105
job-core	Install GH CLI	Ôªø2026-02-23T17:11:26.4530209Z Prepare all required actions
job-core	Install GH CLI	2026-02-23T17:11:26.4582526Z ##[group]Run ./.github/actions/install-gh-cli
job-core	Install GH CLI	2026-02-23T17:11:26.4582857Z env:
job-core	Install GH CLI	2026-02-23T17:11:26.4583053Z   PYTHON_VERSION: 3.9
job-core	Install GH CLI	2026-02-23T17:11:26.4584129Z   MONGO_SUPERUSER_CONNECTION: ***
job-core	Install GH CLI	2026-02-23T17:11:26.4584641Z   MONGO_NEW_PASS: ***
job-core	Install GH CLI	2026-02-23T17:11:26.4584977Z   MONGO_SCRIPT_CREATE: devops/core/mongo/scripts/mongodb_status_report.py
job-core	Install GH CLI	2026-02-23T17:11:26.4585374Z   KAOS_CODE: 22316666124
job-core	Install GH CLI	2026-02-23T17:11:26.4585600Z   REPORT_SCAN: audit/
job-core	Install GH CLI	2026-02-23T17:11:26.4585825Z   REPORT_PATH: audit/mongodb/
job-core	Install GH CLI	2026-02-23T17:11:26.4586077Z   REPORT_FILENAME: 22316666124.json
job-core	Install GH CLI	2026-02-23T17:11:26.4586359Z   KAOS_MODULE: [Ka0s] Status MongDB Report
job-core	Install GH CLI	2026-02-23T17:11:26.4586639Z   GITHUB_OUTPUT: 
job-core	Install GH CLI	2026-02-23T17:11:26.4586841Z ##[endgroup]
job-core	Install GH CLI	2026-02-23T17:11:26.4679530Z ##[group]Run type -p curl >/dev/null || (sudo apt-get update && sudo apt-get install curl -y)
job-core	Install GH CLI	2026-02-23T17:11:26.4681033Z [36;1mtype -p curl >/dev/null || (sudo apt-get update && sudo apt-get install curl -y)[0m
job-core	Install GH CLI	2026-02-23T17:11:26.4681956Z [36;1mcurl -fsSL https://cli.github.com/packages/githubcli-archive-keyring.gpg | sudo dd of=/usr/share/keyrings/githubcli-archive-keyring.gpg \[0m
job-core	Install GH CLI	2026-02-23T17:11:26.4682787Z [36;1m&& sudo chmod go+r /usr/share/keyrings/githubcli-archive-keyring.gpg \[0m
job-core	Install GH CLI	2026-02-23T17:11:26.4683893Z [36;1m&& echo "deb [arch=$(dpkg --print-architecture) signed-by=/usr/share/keyrings/githubcli-archive-keyring.gpg] https://cli.github.com/packages stable main" | sudo tee /etc/apt/sources.list.d/github-cli.list > /dev/null \[0m
job-core	Install GH CLI	2026-02-23T17:11:26.4684898Z [36;1m&& sudo apt-get update \[0m
job-core	Install GH CLI	2026-02-23T17:11:26.4685191Z [36;1m&& sudo apt-get install gh -y[0m
job-core	Install GH CLI	2026-02-23T17:11:26.4701342Z shell: /usr/bin/bash --noprofile --norc -e -o pipefail {0}
job-core	Install GH CLI	2026-02-23T17:11:26.4701721Z env:
job-core	Install GH CLI	2026-02-23T17:11:26.4701941Z   PYTHON_VERSION: 3.9
job-core	Install GH CLI	2026-02-23T17:11:26.4702785Z   MONGO_SUPERUSER_CONNECTION: ***
job-core	Install GH CLI	2026-02-23T17:11:26.4703189Z   MONGO_NEW_PASS: ***
job-core	Install GH CLI	2026-02-23T17:11:26.4703524Z   MONGO_SCRIPT_CREATE: devops/core/mongo/scripts/mongodb_status_report.py
job-core	Install GH CLI	2026-02-23T17:11:26.4703936Z   KAOS_CODE: 22316666124
job-core	Install GH CLI	2026-02-23T17:11:26.4704169Z   REPORT_SCAN: audit/
job-core	Install GH CLI	2026-02-23T17:11:26.4704418Z   REPORT_PATH: audit/mongodb/
job-core	Install GH CLI	2026-02-23T17:11:26.4704688Z   REPORT_FILENAME: 22316666124.json
job-core	Install GH CLI	2026-02-23T17:11:26.4704975Z   KAOS_MODULE: [Ka0s] Status MongDB Report
job-core	Install GH CLI	2026-02-23T17:11:26.4705253Z   GITHUB_OUTPUT: 
job-core	Install GH CLI	2026-02-23T17:11:26.4705458Z ##[endgroup]
job-core	Install GH CLI	2026-02-23T17:11:26.5413271Z 4+1 records in
job-core	Install GH CLI	2026-02-23T17:11:26.5413682Z 4+1 records out
job-core	Install GH CLI	2026-02-23T17:11:26.5413965Z 2270 bytes (2.3 kB, 2.2 KiB) copied, 0.045949 s, 49.4 kB/s
job-core	Install GH CLI	2026-02-23T17:11:26.7008650Z Get:1 https://cli.github.com/packages stable InRelease [3917 B]
job-core	Install GH CLI	2026-02-23T17:11:26.7591429Z Get:2 http://security.ubuntu.com/ubuntu noble-security InRelease [126 kB]
job-core	Install GH CLI	2026-02-23T17:11:26.8081221Z Get:3 https://cli.github.com/packages stable/main amd64 Packages [356 B]
job-core	Install GH CLI	2026-02-23T17:11:26.8525811Z Get:4 http://archive.ubuntu.com/ubuntu noble InRelease [256 kB]
job-core	Install GH CLI	2026-02-23T17:11:26.8965518Z Get:5 https://ppa.launchpadcontent.net/git-core/ppa/ubuntu noble InRelease [24.3 kB]
job-core	Install GH CLI	2026-02-23T17:11:27.0114491Z Get:6 https://ppa.launchpadcontent.net/git-core/ppa/ubuntu noble/main amd64 Packages [2992 B]
job-core	Install GH CLI	2026-02-23T17:11:27.2533329Z Get:7 http://security.ubuntu.com/ubuntu noble-security/main amd64 Packages [1861 kB]
job-core	Install GH CLI	2026-02-23T17:11:27.4139585Z Get:8 http://archive.ubuntu.com/ubuntu noble-updates InRelease [126 kB]
job-core	Install GH CLI	2026-02-23T17:11:27.5528428Z Get:9 http://archive.ubuntu.com/ubuntu noble-backports InRelease [126 kB]
job-core	Install GH CLI	2026-02-23T17:11:27.6915380Z Get:10 http://archive.ubuntu.com/ubuntu noble/universe amd64 Packages [19.3 MB]
job-core	Install GH CLI	2026-02-23T17:11:35.5439270Z Get:11 http://security.ubuntu.com/ubuntu noble-security/restricted amd64 Packages [3209 kB]
job-core	Install GH CLI	2026-02-23T17:11:35.7919034Z Get:12 http://security.ubuntu.com/ubuntu noble-security/multiverse amd64 Packages [34.8 kB]
job-core	Install GH CLI	2026-02-23T17:11:35.8189552Z Get:13 http://security.ubuntu.com/ubuntu noble-security/universe amd64 Packages [1208 kB]
job-core	Install GH CLI	2026-02-23T17:11:35.8465672Z Get:14 http://archive.ubuntu.com/ubuntu noble/multiverse amd64 Packages [331 kB]
job-core	Install GH CLI	2026-02-23T17:11:35.8504331Z Get:15 http://archive.ubuntu.com/ubuntu noble/main amd64 Packages [1808 kB]
job-core	Install GH CLI	2026-02-23T17:11:35.8934436Z Get:16 http://archive.ubuntu.com/ubuntu noble/restricted amd64 Packages [117 kB]
job-core	Install GH CLI	2026-02-23T17:11:35.9484331Z Get:17 http://archive.ubuntu.com/ubuntu noble-updates/main amd64 Packages [2253 kB]
job-core	Install GH CLI	2026-02-23T17:11:36.0167148Z Get:18 http://archive.ubuntu.com/ubuntu noble-updates/universe amd64 Packages [2016 kB]
job-core	Install GH CLI	2026-02-23T17:11:36.0762098Z Get:19 http://archive.ubuntu.com/ubuntu noble-updates/multiverse amd64 Packages [38.1 kB]
job-core	Install GH CLI	2026-02-23T17:11:36.0769295Z Get:20 http://archive.ubuntu.com/ubuntu noble-updates/restricted amd64 Packages [3409 kB]
job-core	Install GH CLI	2026-02-23T17:11:36.1731616Z Get:21 http://archive.ubuntu.com/ubuntu noble-backports/main amd64 Packages [49.5 kB]
job-core	Install GH CLI	2026-02-23T17:11:36.1736877Z Get:22 http://archive.ubuntu.com/ubuntu noble-backports/universe amd64 Packages [34.6 kB]
job-core	Install GH CLI	2026-02-23T17:11:37.2305677Z Fetched 36.4 MB in 11s (3429 kB/s)
job-core	Install GH CLI	2026-02-23T17:11:38.1643488Z Reading package lists...
job-core	Install GH CLI	2026-02-23T17:11:39.1388354Z Reading package lists...
job-core	Install GH CLI	2026-02-23T17:11:39.3639595Z Building dependency tree...
job-core	Install GH CLI	2026-02-23T17:11:39.3639967Z Reading state information...
job-core	Install GH CLI	2026-02-23T17:11:39.7317956Z The following NEW packages will be installed:
job-core	Install GH CLI	2026-02-23T17:11:39.7338020Z   gh
job-core	Install GH CLI	2026-02-23T17:11:39.8230480Z 0 upgraded, 1 newly installed, 0 to remove and 26 not upgraded.
job-core	Install GH CLI	2026-02-23T17:11:39.8231160Z Need to get 13.8 MB of archives.
job-core	Install GH CLI	2026-02-23T17:11:39.8231744Z After this operation, 38.4 MB of additional disk space will be used.
job-core	Install GH CLI	2026-02-23T17:11:39.8232591Z Get:1 https://cli.github.com/packages stable/main amd64 gh amd64 2.87.2 [13.8 MB]
job-core	Install GH CLI	2026-02-23T17:11:40.5935152Z debconf: delaying package configuration, since apt-utils is not installed
job-core	Install GH CLI	2026-02-23T17:11:40.6352798Z Fetched 13.8 MB in 1s (20.3 MB/s)
job-core	Install GH CLI	2026-02-23T17:11:40.6639198Z Selecting previously unselected package gh.
job-core	Install GH CLI	2026-02-23T17:11:40.6676253Z (Reading database ... 
job-core	Install GH CLI	2026-02-23T17:11:40.6676540Z (Reading database ... 5%
job-core	Install GH CLI	2026-02-23T17:11:40.6676797Z (Reading database ... 10%
job-core	Install GH CLI	2026-02-23T17:11:40.6677047Z (Reading database ... 15%
job-core	Install GH CLI	2026-02-23T17:11:40.6677291Z (Reading database ... 20%
job-core	Install GH CLI	2026-02-23T17:11:40.6677535Z (Reading database ... 25%
job-core	Install GH CLI	2026-02-23T17:11:40.6677783Z (Reading database ... 30%
job-core	Install GH CLI	2026-02-23T17:11:40.6678028Z (Reading database ... 35%
job-core	Install GH CLI	2026-02-23T17:11:40.6678272Z (Reading database ... 40%
job-core	Install GH CLI	2026-02-23T17:11:40.6678512Z (Reading database ... 45%
job-core	Install GH CLI	2026-02-23T17:11:40.6678753Z (Reading database ... 50%
job-core	Install GH CLI	2026-02-23T17:11:40.6678990Z (Reading database ... 55%
job-core	Install GH CLI	2026-02-23T17:11:40.6679229Z (Reading database ... 60%
job-core	Install GH CLI	2026-02-23T17:11:40.6683864Z (Reading database ... 65%
job-core	Install GH CLI	2026-02-23T17:11:40.6703801Z (Reading database ... 70%
job-core	Install GH CLI	2026-02-23T17:11:40.6709049Z (Reading database ... 75%
job-core	Install GH CLI	2026-02-23T17:11:40.6721363Z (Reading database ... 80%
job-core	Install GH CLI	2026-02-23T17:11:40.6725962Z (Reading database ... 85%
job-core	Install GH CLI	2026-02-23T17:11:40.6735998Z (Reading database ... 90%
job-core	Install GH CLI	2026-02-23T17:11:40.6754389Z (Reading database ... 95%
job-core	Install GH CLI	2026-02-23T17:11:40.6756033Z (Reading database ... 100%
job-core	Install GH CLI	2026-02-23T17:11:40.6756453Z (Reading database ... 14385 files and directories currently installed.)
job-core	Install GH CLI	2026-02-23T17:11:40.6760971Z Preparing to unpack .../archives/gh_2.87.2_amd64.deb ...
job-core	Install GH CLI	2026-02-23T17:11:40.6792291Z Unpacking gh (2.87.2) ...
job-core	Install GH CLI	2026-02-23T17:11:40.9084394Z Setting up gh (2.87.2) ...
job-core	Set up Python	Ôªø2026-02-23T17:11:41.0005545Z ##[group]Run actions/setup-python@v4
job-core	Set up Python	2026-02-23T17:11:41.0006077Z with:
job-core	Set up Python	2026-02-23T17:11:41.0006404Z   python-version: 3.9
job-core	Set up Python	2026-02-23T17:11:41.0006782Z   check-latest: false
job-core	Set up Python	2026-02-23T17:11:41.0007436Z   token: ***
job-core	Set up Python	2026-02-23T17:11:41.0007784Z   update-environment: true
job-core	Set up Python	2026-02-23T17:11:41.0008196Z   allow-prereleases: false
job-core	Set up Python	2026-02-23T17:11:41.0008571Z env:
job-core	Set up Python	2026-02-23T17:11:41.0008874Z   PYTHON_VERSION: 3.9
job-core	Set up Python	2026-02-23T17:11:41.0009983Z   MONGO_SUPERUSER_CONNECTION: ***
job-core	Set up Python	2026-02-23T17:11:41.0010759Z   MONGO_NEW_PASS: ***
job-core	Set up Python	2026-02-23T17:11:41.0011324Z   MONGO_SCRIPT_CREATE: devops/core/mongo/scripts/mongodb_status_report.py
job-core	Set up Python	2026-02-23T17:11:41.0011990Z   KAOS_CODE: 22316666124
job-core	Set up Python	2026-02-23T17:11:41.0012372Z   REPORT_SCAN: audit/
job-core	Set up Python	2026-02-23T17:11:41.0012748Z   REPORT_PATH: audit/mongodb/
job-core	Set up Python	2026-02-23T17:11:41.0013173Z   REPORT_FILENAME: 22316666124.json
job-core	Set up Python	2026-02-23T17:11:41.0013628Z   KAOS_MODULE: [Ka0s] Status MongDB Report
job-core	Set up Python	2026-02-23T17:11:41.0014086Z   GITHUB_OUTPUT: 
job-core	Set up Python	2026-02-23T17:11:41.0014420Z ##[endgroup]
job-core	Set up Python	2026-02-23T17:11:41.2300258Z ##[group]Installed versions
job-core	Set up Python	2026-02-23T17:11:41.2313222Z Version 3.9 was not found in the local cache
job-core	Set up Python	2026-02-23T17:11:42.0836374Z Version 3.9 is available for downloading
job-core	Set up Python	2026-02-23T17:11:42.0841209Z Download from "https://github.com/actions/python-versions/releases/download/3.9.25-19039189640/python-3.9.25-linux-24.04-x64.tar.gz"
job-core	Set up Python	2026-02-23T17:11:44.1158618Z Extract downloaded archive
job-core	Set up Python	2026-02-23T17:11:44.1738797Z [command]/usr/bin/tar xz --warning=no-unknown-keyword -C /home/runner/_work/_temp/077e58c9-ec59-4236-bdb2-6624baab24dc -f /home/runner/_work/_temp/a30c7265-e394-41a0-8907-7056e8d899cc
job-core	Set up Python	2026-02-23T17:11:45.7495939Z Execute installation script
job-core	Set up Python	2026-02-23T17:11:45.7599854Z Check if Python hostedtoolcache folder exist...
job-core	Set up Python	2026-02-23T17:11:45.7601943Z Creating Python hostedtoolcache folder...
job-core	Set up Python	2026-02-23T17:11:45.7614301Z Create Python 3.9.25 folder
job-core	Set up Python	2026-02-23T17:11:45.7629649Z Copy Python binaries to hostedtoolcache folder
job-core	Set up Python	2026-02-23T17:11:46.6949163Z Create additional symlinks (Required for the UsePythonVersion Azure Pipelines task and the setup-python GitHub Action)
job-core	Set up Python	2026-02-23T17:11:46.6995309Z Upgrading pip...
job-core	Set up Python	2026-02-23T17:11:48.6998732Z Looking in links: /tmp/tmp2o4grhqf
job-core	Set up Python	2026-02-23T17:11:48.7004261Z Requirement already satisfied: setuptools in /home/runner/_work/_tool/Python/3.9.25/x64/lib/python3.9/site-packages (79.0.1)
job-core	Set up Python	2026-02-23T17:11:48.7009144Z Requirement already satisfied: pip in /home/runner/_work/_tool/Python/3.9.25/x64/lib/python3.9/site-packages (23.0.1)
job-core	Set up Python	2026-02-23T17:11:49.9787155Z Collecting pip
job-core	Set up Python	2026-02-23T17:11:50.0389471Z Downloading pip-26.0.1-py3-none-any.whl (1.8 MB)
job-core	Set up Python	2026-02-23T17:11:50.1327707Z ‚îÅ‚îÅ‚îÅ‚îÅ‚îÅ‚îÅ‚îÅ‚îÅ‚îÅ‚îÅ‚îÅ‚îÅ‚îÅ‚îÅ‚îÅ‚îÅ‚îÅ‚îÅ‚îÅ‚îÅ‚îÅ‚îÅ‚îÅ‚îÅ‚îÅ‚îÅ‚îÅ‚îÅ‚îÅ‚îÅ‚îÅ‚îÅ‚îÅ‚îÅ‚îÅ‚îÅ‚îÅ‚îÅ‚îÅ‚îÅ 1.8/1.8 MB 20.1 MB/s eta 0:00:00
job-core	Set up Python	2026-02-23T17:11:50.1328441Z 
job-core	Set up Python	2026-02-23T17:11:50.2077831Z Installing collected packages: pip
job-core	Set up Python	2026-02-23T17:11:50.2078569Z Attempting uninstall: pip
job-core	Set up Python	2026-02-23T17:11:50.2086267Z Found existing installation: pip 23.0.1
job-core	Set up Python	2026-02-23T17:11:50.5140924Z Uninstalling pip-23.0.1:
job-core	Set up Python	2026-02-23T17:11:50.5235643Z Successfully uninstalled pip-23.0.1
job-core	Set up Python	2026-02-23T17:11:51.4180487Z Successfully installed pip-26.0.1
job-core	Set up Python	2026-02-23T17:11:51.4989715Z Create complete file
job-core	Set up Python	2026-02-23T17:11:51.5036282Z Successfully set up CPython (3.9.25)
job-core	Set up Python	2026-02-23T17:11:51.5037450Z ##[endgroup]
job-core	Install dependencies	Ôªø2026-02-23T17:11:51.5231780Z ##[group]Run pip install pymongo
job-core	Install dependencies	2026-02-23T17:11:51.5232124Z [36;1mpip install pymongo[0m
job-core	Install dependencies	2026-02-23T17:11:51.5249232Z shell: /usr/bin/bash -e {0}
job-core	Install dependencies	2026-02-23T17:11:51.5249510Z env:
job-core	Install dependencies	2026-02-23T17:11:51.5249714Z   PYTHON_VERSION: 3.9
job-core	Install dependencies	2026-02-23T17:11:51.5251126Z   MONGO_SUPERUSER_CONNECTION: ***
job-core	Install dependencies	2026-02-23T17:11:51.5251688Z   MONGO_NEW_PASS: ***
job-core	Install dependencies	2026-02-23T17:11:51.5252020Z   MONGO_SCRIPT_CREATE: devops/core/mongo/scripts/mongodb_status_report.py
job-core	Install dependencies	2026-02-23T17:11:51.5252406Z   KAOS_CODE: 22316666124
job-core	Install dependencies	2026-02-23T17:11:51.5252629Z   REPORT_SCAN: audit/
job-core	Install dependencies	2026-02-23T17:11:51.5252848Z   REPORT_PATH: audit/mongodb/
job-core	Install dependencies	2026-02-23T17:11:51.5253095Z   REPORT_FILENAME: 22316666124.json
job-core	Install dependencies	2026-02-23T17:11:51.5253365Z   KAOS_MODULE: [Ka0s] Status MongDB Report
job-core	Install dependencies	2026-02-23T17:11:51.5253636Z   GITHUB_OUTPUT: 
job-core	Install dependencies	2026-02-23T17:11:51.5253908Z   pythonLocation: /home/runner/_work/_tool/Python/3.9.25/x64
job-core	Install dependencies	2026-02-23T17:11:51.5254356Z   PKG_CONFIG_PATH: /home/runner/_work/_tool/Python/3.9.25/x64/lib/pkgconfig
job-core	Install dependencies	2026-02-23T17:11:51.5254805Z   Python_ROOT_DIR: /home/runner/_work/_tool/Python/3.9.25/x64
job-core	Install dependencies	2026-02-23T17:11:51.5255254Z   Python2_ROOT_DIR: /home/runner/_work/_tool/Python/3.9.25/x64
job-core	Install dependencies	2026-02-23T17:11:51.5255652Z   Python3_ROOT_DIR: /home/runner/_work/_tool/Python/3.9.25/x64
job-core	Install dependencies	2026-02-23T17:11:51.5256069Z   LD_LIBRARY_PATH: /home/runner/_work/_tool/Python/3.9.25/x64/lib
job-core	Install dependencies	2026-02-23T17:11:51.5256407Z ##[endgroup]
job-core	Install dependencies	2026-02-23T17:11:52.4189323Z Collecting pymongo
job-core	Install dependencies	2026-02-23T17:11:52.4675368Z   Downloading pymongo-4.16.0-cp39-cp39-manylinux2014_x86_64.manylinux_2_17_x86_64.manylinux_2_28_x86_64.whl.metadata (10.0 kB)
job-core	Install dependencies	2026-02-23T17:11:52.4978770Z Collecting dnspython<3.0.0,>=2.6.1 (from pymongo)
job-core	Install dependencies	2026-02-23T17:11:52.5045008Z   Downloading dnspython-2.7.0-py3-none-any.whl.metadata (5.8 kB)
job-core	Install dependencies	2026-02-23T17:11:52.5209230Z Downloading pymongo-4.16.0-cp39-cp39-manylinux2014_x86_64.manylinux_2_17_x86_64.manylinux_2_28_x86_64.whl (947 kB)
job-core	Install dependencies	2026-02-23T17:11:52.5632991Z    ‚îÅ‚îÅ‚îÅ‚îÅ‚îÅ‚îÅ‚îÅ‚îÅ‚îÅ‚îÅ‚îÅ‚îÅ‚îÅ‚îÅ‚îÅ‚îÅ‚îÅ‚îÅ‚îÅ‚îÅ‚îÅ‚îÅ‚îÅ‚îÅ‚îÅ‚îÅ‚îÅ‚îÅ‚îÅ‚îÅ‚îÅ‚îÅ‚îÅ‚îÅ‚îÅ‚îÅ‚îÅ‚îÅ‚îÅ‚îÅ 947.2/947.2 kB 29.4 MB/s  0:00:00
job-core	Install dependencies	2026-02-23T17:11:52.5699582Z Downloading dnspython-2.7.0-py3-none-any.whl (313 kB)
job-core	Install dependencies	2026-02-23T17:11:52.6136224Z Installing collected packages: dnspython, pymongo
job-core	Install dependencies	2026-02-23T17:11:53.1705209Z 
job-core	Install dependencies	2026-02-23T17:11:53.1726064Z Successfully installed dnspython-2.7.0 pymongo-4.16.0
job-core	Create database MongoDB	Ôªø2026-02-23T17:11:53.3814299Z ##[group]Run python devops/core/mongo/scripts/mongodb_status_report.py
job-core	Create database MongoDB	2026-02-23T17:11:53.3814894Z [36;1mpython devops/core/mongo/scripts/mongodb_status_report.py[0m
job-core	Create database MongoDB	2026-02-23T17:11:53.3815378Z [36;1mecho "Downloading files to MongoDB update repository ..."[0m
job-core	Create database MongoDB	2026-02-23T17:11:53.3816016Z [36;1mgit config --global user.name "***"[0m
job-core	Create database MongoDB	2026-02-23T17:11:53.3816381Z [36;1mgit config --global user.email "***"[0m
job-core	Create database MongoDB	2026-02-23T17:11:53.3816685Z [36;1mgit pull --rebase[0m
job-core	Create database MongoDB	2026-02-23T17:11:53.3817016Z [36;1mecho "Uploading files to MongoDB update repository ..."[0m
job-core	Create database MongoDB	2026-02-23T17:11:53.3817382Z [36;1mgit add audit/mongodb/[0m
job-core	Create database MongoDB	2026-02-23T17:11:53.3817666Z [36;1mif ! git diff --staged --quiet; then[0m
job-core	Create database MongoDB	2026-02-23T17:11:53.3818131Z [36;1m   git commit -m "swarm-runners] Uploading files to MongoDB update repository ..."[0m
job-core	Create database MongoDB	2026-02-23T17:11:53.3872028Z [36;1m   git push origin refs/heads/main --force-with-lease[0m
job-core	Create database MongoDB	2026-02-23T17:11:53.3872547Z [36;1m fi[0m
job-core	Create database MongoDB	2026-02-23T17:11:53.3886882Z shell: /usr/bin/bash -e {0}
job-core	Create database MongoDB	2026-02-23T17:11:53.3887322Z env:
job-core	Create database MongoDB	2026-02-23T17:11:53.3887662Z   PYTHON_VERSION: 3.9
job-core	Create database MongoDB	2026-02-23T17:11:53.3888483Z   MONGO_SUPERUSER_CONNECTION: ***
job-core	Create database MongoDB	2026-02-23T17:11:53.3888877Z   MONGO_NEW_PASS: ***
job-core	Create database MongoDB	2026-02-23T17:11:53.3889219Z   MONGO_SCRIPT_CREATE: devops/core/mongo/scripts/mongodb_status_report.py
job-core	Create database MongoDB	2026-02-23T17:11:53.3889746Z   KAOS_CODE: 22316666124
job-core	Create database MongoDB	2026-02-23T17:11:53.3889972Z   REPORT_SCAN: audit/
job-core	Create database MongoDB	2026-02-23T17:11:53.3890195Z   REPORT_PATH: audit/mongodb/
job-core	Create database MongoDB	2026-02-23T17:11:53.3890969Z   REPORT_FILENAME: 22316666124.json
job-core	Create database MongoDB	2026-02-23T17:11:53.3891372Z   KAOS_MODULE: [Ka0s] Status MongDB Report
job-core	Create database MongoDB	2026-02-23T17:11:53.3891642Z   GITHUB_OUTPUT: 
job-core	Create database MongoDB	2026-02-23T17:11:53.3892032Z   pythonLocation: /home/runner/_work/_tool/Python/3.9.25/x64
job-core	Create database MongoDB	2026-02-23T17:11:53.3892480Z   PKG_CONFIG_PATH: /home/runner/_work/_tool/Python/3.9.25/x64/lib/pkgconfig
job-core	Create database MongoDB	2026-02-23T17:11:53.3892925Z   Python_ROOT_DIR: /home/runner/_work/_tool/Python/3.9.25/x64
job-core	Create database MongoDB	2026-02-23T17:11:53.3893337Z   Python2_ROOT_DIR: /home/runner/_work/_tool/Python/3.9.25/x64
job-core	Create database MongoDB	2026-02-23T17:11:53.3893743Z   Python3_ROOT_DIR: /home/runner/_work/_tool/Python/3.9.25/x64
job-core	Create database MongoDB	2026-02-23T17:11:53.3894149Z   LD_LIBRARY_PATH: /home/runner/_work/_tool/Python/3.9.25/x64/lib
job-core	Create database MongoDB	2026-02-23T17:11:53.3894487Z ##[endgroup]
job-core	Create database MongoDB	2026-02-23T17:11:53.8543592Z ‚úÖ Reporte generado exitosamente: audit/mongodb/22316666124.json
job-core	Create database MongoDB	2026-02-23T17:11:54.0945728Z Downloading files to MongoDB update repository ...
job-core	Create database MongoDB	2026-02-23T17:11:54.9045706Z Already up to date.
job-core	Create database MongoDB	2026-02-23T17:11:54.9055270Z Uploading files to MongoDB update repository ...
job-core	Create database MongoDB	2026-02-23T17:11:54.9588690Z [main 7bc9787a7] swarm-runners] Uploading files to MongoDB update repository ...
job-core	Create database MongoDB	2026-02-23T17:11:54.9589222Z  1 file changed, 32910 insertions(+)
job-core	Create database MongoDB	2026-02-23T17:11:54.9589542Z  create mode 100644 audit/mongodb/22316666124.json
job-core	Create database MongoDB	2026-02-23T17:11:56.4265111Z To https://github.com/Ka0s-Klaus/ka0s
job-core	Create database MongoDB	2026-02-23T17:11:56.4266705Z    f69251506..7bc9787a7  main -> main
job-core	Upload report	Ôªø2026-02-23T17:11:56.4779533Z ##[group]Run actions/upload-artifact@v4
job-core	Upload report	2026-02-23T17:11:56.4782785Z with:
job-core	Upload report	2026-02-23T17:11:56.4783426Z   name: mongo-setup-report
job-core	Upload report	2026-02-23T17:11:56.4784172Z   path: audit/mongodb/
job-core	Upload report	2026-02-23T17:11:56.4784864Z   if-no-files-found: warn
job-core	Upload report	2026-02-23T17:11:56.4785584Z   compression-level: 6
job-core	Upload report	2026-02-23T17:11:56.4786253Z   overwrite: false
job-core	Upload report	2026-02-23T17:11:56.4786910Z   include-hidden-files: false
job-core	Upload report	2026-02-23T17:11:56.4787626Z env:
job-core	Upload report	2026-02-23T17:11:56.4788185Z   PYTHON_VERSION: 3.9
job-core	Upload report	2026-02-23T17:11:56.4790678Z   MONGO_SUPERUSER_CONNECTION: ***
job-core	Upload report	2026-02-23T17:11:56.4791869Z   MONGO_NEW_PASS: ***
job-core	Upload report	2026-02-23T17:11:56.4792897Z   MONGO_SCRIPT_CREATE: devops/core/mongo/scripts/mongodb_status_report.py
job-core	Upload report	2026-02-23T17:11:56.4794104Z   KAOS_CODE: 22316666124
job-core	Upload report	2026-02-23T17:11:56.4794786Z   REPORT_SCAN: audit/
job-core	Upload report	2026-02-23T17:11:56.4795462Z   REPORT_PATH: audit/mongodb/
job-core	Upload report	2026-02-23T17:11:56.4796222Z   REPORT_FILENAME: 22316666124.json
job-core	Upload report	2026-02-23T17:11:56.4797062Z   KAOS_MODULE: [Ka0s] Status MongDB Report
job-core	Upload report	2026-02-23T17:11:56.4798865Z   GITHUB_OUTPUT: 
job-core	Upload report	2026-02-23T17:11:56.4799749Z   pythonLocation: /home/runner/_work/_tool/Python/3.9.25/x64
job-core	Upload report	2026-02-23T17:11:56.4801027Z   PKG_CONFIG_PATH: /home/runner/_work/_tool/Python/3.9.25/x64/lib/pkgconfig
job-core	Upload report	2026-02-23T17:11:56.4802084Z   Python_ROOT_DIR: /home/runner/_work/_tool/Python/3.9.25/x64
job-core	Upload report	2026-02-23T17:11:56.4803031Z   Python2_ROOT_DIR: /home/runner/_work/_tool/Python/3.9.25/x64
job-core	Upload report	2026-02-23T17:11:56.4803985Z   Python3_ROOT_DIR: /home/runner/_work/_tool/Python/3.9.25/x64
job-core	Upload report	2026-02-23T17:11:56.4804938Z   LD_LIBRARY_PATH: /home/runner/_work/_tool/Python/3.9.25/x64/lib
job-core	Upload report	2026-02-23T17:11:56.4805715Z ##[endgroup]
job-core	Upload report	2026-02-23T17:11:56.7415147Z With the provided path, there will be 2 files uploaded
job-core	Upload report	2026-02-23T17:11:56.7419913Z Artifact name is valid!
job-core	Upload report	2026-02-23T17:11:56.7421082Z Root directory input is valid!
job-core	Upload report	2026-02-23T17:11:57.1841722Z Beginning upload of artifact content to blob storage
job-core	Upload report	2026-02-23T17:11:57.9340675Z Uploaded bytes 126470
job-core	Upload report	2026-02-23T17:11:58.0629306Z Finished uploading artifact content to blob storage!
job-core	Upload report	2026-02-23T17:11:58.0645635Z SHA256 digest of uploaded artifact zip is bd91a5711dc03dc406f51e8e619f25a5fe1f2a185e1ec827b541e22c84d1ffb2
job-core	Upload report	2026-02-23T17:11:58.0661763Z Finalizing artifact upload
job-core	Upload report	2026-02-23T17:11:58.2852930Z Artifact mongo-setup-report.zip successfully finalized. Artifact ID 5621028414
job-core	Upload report	2026-02-23T17:11:58.2854358Z Artifact mongo-setup-report has been successfully uploaded! Final size is 126470 bytes. Artifact ID is 5621028414
job-core	Upload report	2026-02-23T17:11:58.2865184Z Artifact download URL: https://github.com/Ka0s-Klaus/ka0s/actions/runs/22316666124/artifacts/5621028414
job-core	Post Set up Python	Ôªø2026-02-23T17:11:58.3115850Z Post job cleanup.
job-core	Post Checkout code	Ôªø2026-02-23T17:11:58.5114943Z Post job cleanup.
job-core	Post Checkout code	2026-02-23T17:11:58.6205382Z [command]/usr/bin/git version
job-core	Post Checkout code	2026-02-23T17:11:58.6252537Z git version 2.52.0
job-core	Post Checkout code	2026-02-23T17:11:58.6297260Z Copying '/home/runner/.gitconfig' to '/home/runner/_work/_temp/7b63294f-5f92-43bf-b6c0-f3e61a75b278/.gitconfig'
job-core	Post Checkout code	2026-02-23T17:11:58.6308756Z Temporarily overriding HOME='/home/runner/_work/_temp/7b63294f-5f92-43bf-b6c0-f3e61a75b278' before making global git config changes
job-core	Post Checkout code	2026-02-23T17:11:58.6309785Z Adding repository directory to the temporary git global config as a safe directory
job-core	Post Checkout code	2026-02-23T17:11:58.6316229Z [command]/usr/bin/git config --global --add safe.directory /home/runner/_work/ka0s/ka0s
job-core	Post Checkout code	2026-02-23T17:11:58.6367091Z [command]/usr/bin/git config --local --name-only --get-regexp core\.sshCommand
job-core	Post Checkout code	2026-02-23T17:11:58.6428823Z [command]/usr/bin/git submodule foreach --recursive sh -c "git config --local --name-only --get-regexp 'core\.sshCommand' && git config --local --unset-all 'core.sshCommand' || :"
job-core	Post Checkout code	2026-02-23T17:11:58.6797599Z [command]/usr/bin/git config --local --name-only --get-regexp http\.https\:\/\/github\.com\/\.extraheader
job-core	Post Checkout code	2026-02-23T17:11:58.6829906Z http.https://github.com/.extraheader
job-core	Post Checkout code	2026-02-23T17:11:58.6845036Z [command]/usr/bin/git config --local --unset-all http.https://github.com/.extraheader
job-core	Post Checkout code	2026-02-23T17:11:58.6888180Z [command]/usr/bin/git submodule foreach --recursive sh -c "git config --local --name-only --get-regexp 'http\.https\:\/\/github\.com\/\.extraheader' && git config --local --unset-all 'http.https://github.com/.extraheader' || :"
job-core	Post Checkout code	2026-02-23T17:11:58.7225310Z [command]/usr/bin/git config --local --name-only --get-regexp ^includeIf\.gitdir:
job-core	Post Checkout code	2026-02-23T17:11:58.7266893Z [command]/usr/bin/git submodule foreach --recursive git config --local --show-origin --name-only --get-regexp remote.origin.url
job-core	Complete job	Ôªø2026-02-23T17:11:58.7736102Z Cleaning up orphan processes
handle-success	Set up job	Ôªø2026-02-23T17:12:12.4184431Z Current runner version: '2.331.0'
handle-success	Set up job	2026-02-23T17:12:12.4193397Z Runner name: 'swarm-runners-scaleset-hkss5-runner-j8d79'
handle-success	Set up job	2026-02-23T17:12:12.4194429Z Runner group name: 'Default'
handle-success	Set up job	2026-02-23T17:12:12.4195576Z Machine name: 'swarm-runners-scaleset-hkss5-runner-j8d79'
handle-success	Set up job	2026-02-23T17:12:12.4199670Z ##[group]GITHUB_TOKEN Permissions
handle-success	Set up job	2026-02-23T17:12:12.4202660Z Actions: write
handle-success	Set up job	2026-02-23T17:12:12.4203365Z Contents: write
handle-success	Set up job	2026-02-23T17:12:12.4204039Z Issues: write
handle-success	Set up job	2026-02-23T17:12:12.4204628Z Metadata: read
handle-success	Set up job	2026-02-23T17:12:12.4205178Z PullRequests: write
handle-success	Set up job	2026-02-23T17:12:12.4205886Z ##[endgroup]
handle-success	Set up job	2026-02-23T17:12:12.4208312Z Secret source: Actions
handle-success	Set up job	2026-02-23T17:12:12.4209045Z Prepare workflow directory
handle-success	Set up job	2026-02-23T17:12:12.4782790Z Prepare all required actions
handle-success	Set up job	2026-02-23T17:12:12.4822552Z Getting action download info
handle-success	Set up job	2026-02-23T17:12:13.1045989Z Download action repository 'actions/checkout@v4' (SHA:34e114876b0b11c390a56381ad16ebd13914f8d5)
handle-success	Set up job	2026-02-23T17:12:14.0778398Z Complete job name: handle-success
handle-success	Checkout code	Ôªø2026-02-23T17:12:14.1452431Z ##[group]Run actions/checkout@v4
handle-success	Checkout code	2026-02-23T17:12:14.1453445Z with:
handle-success	Checkout code	2026-02-23T17:12:14.1453920Z   fetch-depth: 0
handle-success	Checkout code	2026-02-23T17:12:14.1454422Z   repository: Ka0s-Klaus/ka0s
handle-success	Checkout code	2026-02-23T17:12:14.1455247Z   token: ***
handle-success	Checkout code	2026-02-23T17:12:14.1455702Z   ssh-strict: true
handle-success	Checkout code	2026-02-23T17:12:14.1456195Z   ssh-user: git
handle-success	Checkout code	2026-02-23T17:12:14.1456669Z   persist-credentials: true
handle-success	Checkout code	2026-02-23T17:12:14.1457197Z   clean: true
handle-success	Checkout code	2026-02-23T17:12:14.1457672Z   sparse-checkout-cone-mode: true
handle-success	Checkout code	2026-02-23T17:12:14.1458268Z   fetch-tags: false
handle-success	Checkout code	2026-02-23T17:12:14.1458745Z   show-progress: true
handle-success	Checkout code	2026-02-23T17:12:14.1459234Z   lfs: false
handle-success	Checkout code	2026-02-23T17:12:14.1459674Z   submodules: false
handle-success	Checkout code	2026-02-23T17:12:14.1460181Z   set-safe-directory: true
handle-success	Checkout code	2026-02-23T17:12:14.1461524Z env:
handle-success	Checkout code	2026-02-23T17:12:14.1461983Z   PYTHON_VERSION: 3.9
handle-success	Checkout code	2026-02-23T17:12:14.1463302Z   MONGO_SUPERUSER_CONNECTION: ***
handle-success	Checkout code	2026-02-23T17:12:14.1464091Z   MONGO_NEW_PASS: ***
handle-success	Checkout code	2026-02-23T17:12:14.1464813Z   MONGO_SCRIPT_CREATE: devops/core/mongo/scripts/mongodb_status_report.py
handle-success	Checkout code	2026-02-23T17:12:14.1465690Z   KAOS_CODE: 22316666124
handle-success	Checkout code	2026-02-23T17:12:14.1466203Z   REPORT_SCAN: audit/
handle-success	Checkout code	2026-02-23T17:12:14.1466960Z   REPORT_PATH: audit/mongodb/
handle-success	Checkout code	2026-02-23T17:12:14.1467512Z   REPORT_FILENAME: 22316666124.json
handle-success	Checkout code	2026-02-23T17:12:14.1468102Z   KAOS_MODULE: [Ka0s] Status MongDB Report
handle-success	Checkout code	2026-02-23T17:12:14.1468694Z ##[endgroup]
handle-success	Checkout code	2026-02-23T17:12:14.2735972Z Syncing repository: Ka0s-Klaus/ka0s
handle-success	Checkout code	2026-02-23T17:12:14.2738275Z ##[group]Getting Git version info
handle-success	Checkout code	2026-02-23T17:12:14.2739062Z Working directory is '/home/runner/_work/ka0s/ka0s'
handle-success	Checkout code	2026-02-23T17:12:14.2740772Z [command]/usr/bin/git version
handle-success	Checkout code	2026-02-23T17:12:14.2741501Z git version 2.52.0
handle-success	Checkout code	2026-02-23T17:12:14.2764997Z ##[endgroup]
handle-success	Checkout code	2026-02-23T17:12:14.2781456Z Temporarily overriding HOME='/home/runner/_work/_temp/2ee2b199-497f-43bc-b8e5-1f8a240ca716' before making global git config changes
handle-success	Checkout code	2026-02-23T17:12:14.2783281Z Adding repository directory to the temporary git global config as a safe directory
handle-success	Checkout code	2026-02-23T17:12:14.2787982Z [command]/usr/bin/git config --global --add safe.directory /home/runner/_work/ka0s/ka0s
handle-success	Checkout code	2026-02-23T17:12:14.2837158Z Deleting the contents of '/home/runner/_work/ka0s/ka0s'
handle-success	Checkout code	2026-02-23T17:12:14.2852259Z ##[group]Initializing the repository
handle-success	Checkout code	2026-02-23T17:12:14.2853314Z [command]/usr/bin/git init /home/runner/_work/ka0s/ka0s
handle-success	Checkout code	2026-02-23T17:12:14.2931854Z hint: Using 'master' as the name for the initial branch. This default branch name
handle-success	Checkout code	2026-02-23T17:12:14.2933325Z hint: will change to "main" in Git 3.0. To configure the initial branch name
handle-success	Checkout code	2026-02-23T17:12:14.2934689Z hint: to use in all of your new repositories, which will suppress this warning,
handle-success	Checkout code	2026-02-23T17:12:14.2935936Z hint: call:
handle-success	Checkout code	2026-02-23T17:12:14.2936695Z hint:
handle-success	Checkout code	2026-02-23T17:12:14.2937276Z hint: 	git config --global init.defaultBranch <name>
handle-success	Checkout code	2026-02-23T17:12:14.2937962Z hint:
handle-success	Checkout code	2026-02-23T17:12:14.2938615Z hint: Names commonly chosen instead of 'master' are 'main', 'trunk' and
handle-success	Checkout code	2026-02-23T17:12:14.2939686Z hint: 'development'. The just-created branch can be renamed via this command:
handle-success	Checkout code	2026-02-23T17:12:14.2942342Z hint:
handle-success	Checkout code	2026-02-23T17:12:14.2942825Z hint: 	git branch -m <name>
handle-success	Checkout code	2026-02-23T17:12:14.2943360Z hint:
handle-success	Checkout code	2026-02-23T17:12:14.2944244Z hint: Disable this message with "git config set advice.defaultBranchName false"
handle-success	Checkout code	2026-02-23T17:12:14.2945427Z Initialized empty Git repository in /home/runner/_work/ka0s/ka0s/.git/
handle-success	Checkout code	2026-02-23T17:12:14.2947494Z [command]/usr/bin/git remote add origin https://github.com/Ka0s-Klaus/ka0s
handle-success	Checkout code	2026-02-23T17:12:14.3001524Z ##[endgroup]
handle-success	Checkout code	2026-02-23T17:12:14.3002682Z ##[group]Disabling automatic garbage collection
handle-success	Checkout code	2026-02-23T17:12:14.3003475Z [command]/usr/bin/git config --local gc.auto 0
handle-success	Checkout code	2026-02-23T17:12:14.3042311Z ##[endgroup]
handle-success	Checkout code	2026-02-23T17:12:14.3044065Z ##[group]Setting up auth
handle-success	Checkout code	2026-02-23T17:12:14.3050875Z [command]/usr/bin/git config --local --name-only --get-regexp core\.sshCommand
handle-success	Checkout code	2026-02-23T17:12:14.3092574Z [command]/usr/bin/git submodule foreach --recursive sh -c "git config --local --name-only --get-regexp 'core\.sshCommand' && git config --local --unset-all 'core.sshCommand' || :"
handle-success	Checkout code	2026-02-23T17:12:14.3425304Z [command]/usr/bin/git config --local --name-only --get-regexp http\.https\:\/\/github\.com\/\.extraheader
handle-success	Checkout code	2026-02-23T17:12:14.3466387Z [command]/usr/bin/git submodule foreach --recursive sh -c "git config --local --name-only --get-regexp 'http\.https\:\/\/github\.com\/\.extraheader' && git config --local --unset-all 'http.https://github.com/.extraheader' || :"
handle-success	Checkout code	2026-02-23T17:12:14.3806231Z [command]/usr/bin/git config --local --name-only --get-regexp ^includeIf\.gitdir:
handle-success	Checkout code	2026-02-23T17:12:14.3848283Z [command]/usr/bin/git submodule foreach --recursive git config --local --show-origin --name-only --get-regexp remote.origin.url
handle-success	Checkout code	2026-02-23T17:12:14.4193422Z [command]/usr/bin/git config --local http.https://github.com/.extraheader AUTHORIZATION: basic ***
handle-success	Checkout code	2026-02-23T17:12:14.4244792Z ##[endgroup]
handle-success	Checkout code	2026-02-23T17:12:14.4245808Z ##[group]Fetching the repository
handle-success	Checkout code	2026-02-23T17:12:14.4253344Z [command]/usr/bin/git -c protocol.version=2 fetch --prune --no-recurse-submodules origin +refs/heads/*:refs/remotes/origin/* +refs/tags/*:refs/tags/*
handle-success	Checkout code	2026-02-23T17:12:36.0333809Z From https://github.com/Ka0s-Klaus/ka0s
handle-success	Checkout code	2026-02-23T17:12:36.0334591Z  * [new branch]          F3450-modelo-operativo -> origin/F3450-modelo-operativo
handle-success	Checkout code	2026-02-23T17:12:36.0335288Z  * [new branch]          H1276-modulo-observabilidad -> origin/H1276-modulo-observabilidad
handle-success	Checkout code	2026-02-23T17:12:36.0335935Z  * [new branch]          H3596-deploy-itop      -> origin/H3596-deploy-itop
handle-success	Checkout code	2026-02-23T17:12:36.0336680Z  * [new branch]          H4170-flujo-detallado-zabbix---github -> origin/H4170-flujo-detallado-zabbix---github
handle-success	Checkout code	2026-02-23T17:12:36.0337453Z  * [new branch]          H4191-request-cambios  -> origin/H4191-request-cambios
handle-success	Checkout code	2026-02-23T17:12:36.0338290Z  * [new branch]          H4200-request-recomendaciones-de-auditoria -> origin/H4200-request-recomendaciones-de-auditoria
handle-success	Checkout code	2026-02-23T17:12:36.0339058Z  * [new branch]          main                   -> origin/main
handle-success	Checkout code	2026-02-23T17:12:36.0339544Z  * [new tag]             0.0.0                  -> 0.0.0
handle-success	Checkout code	2026-02-23T17:12:36.0340069Z  * [new tag]             0.0.1                  -> 0.0.1
handle-success	Checkout code	2026-02-23T17:12:36.0340768Z  * [new tag]             0.0.10                 -> 0.0.10
handle-success	Checkout code	2026-02-23T17:12:36.0341230Z  * [new tag]             0.0.100                -> 0.0.100
handle-success	Checkout code	2026-02-23T17:12:36.0341664Z  * [new tag]             0.0.101                -> 0.0.101
handle-success	Checkout code	2026-02-23T17:12:36.0342129Z  * [new tag]             0.0.102                -> 0.0.102
handle-success	Checkout code	2026-02-23T17:12:36.0342658Z  * [new tag]             0.0.103                -> 0.0.103
handle-success	Checkout code	2026-02-23T17:12:36.0343116Z  * [new tag]             0.0.104                -> 0.0.104
handle-success	Checkout code	2026-02-23T17:12:36.0343535Z  * [new tag]             0.0.105                -> 0.0.105
handle-success	Checkout code	2026-02-23T17:12:36.0343958Z  * [new tag]             0.0.106                -> 0.0.106
handle-success	Checkout code	2026-02-23T17:12:36.0344386Z  * [new tag]             0.0.107                -> 0.0.107
handle-success	Checkout code	2026-02-23T17:12:36.0344803Z  * [new tag]             0.0.108                -> 0.0.108
handle-success	Checkout code	2026-02-23T17:12:36.0345718Z  * [new tag]             0.0.109                -> 0.0.109
handle-success	Checkout code	2026-02-23T17:12:36.0346157Z  * [new tag]             0.0.11                 -> 0.0.11
handle-success	Checkout code	2026-02-23T17:12:36.0346589Z  * [new tag]             0.0.110                -> 0.0.110
handle-success	Checkout code	2026-02-23T17:12:36.0347006Z  * [new tag]             0.0.111                -> 0.0.111
handle-success	Checkout code	2026-02-23T17:12:36.0347420Z  * [new tag]             0.0.112                -> 0.0.112
handle-success	Checkout code	2026-02-23T17:12:36.0347838Z  * [new tag]             0.0.113                -> 0.0.113
handle-success	Checkout code	2026-02-23T17:12:36.0348255Z  * [new tag]             0.0.114                -> 0.0.114
handle-success	Checkout code	2026-02-23T17:12:36.0348675Z  * [new tag]             0.0.115                -> 0.0.115
handle-success	Checkout code	2026-02-23T17:12:36.0349102Z  * [new tag]             0.0.116                -> 0.0.116
handle-success	Checkout code	2026-02-23T17:12:36.0349614Z  * [new tag]             0.0.117                -> 0.0.117
handle-success	Checkout code	2026-02-23T17:12:36.0350081Z  * [new tag]             0.0.118                -> 0.0.118
handle-success	Checkout code	2026-02-23T17:12:36.0350818Z  * [new tag]             0.0.119                -> 0.0.119
handle-success	Checkout code	2026-02-23T17:12:36.0351566Z  * [new tag]             0.0.12                 -> 0.0.12
handle-success	Checkout code	2026-02-23T17:12:36.0351983Z  * [new tag]             0.0.120                -> 0.0.120
handle-success	Checkout code	2026-02-23T17:12:36.0352409Z  * [new tag]             0.0.121                -> 0.0.121
handle-success	Checkout code	2026-02-23T17:12:36.0352828Z  * [new tag]             0.0.122                -> 0.0.122
handle-success	Checkout code	2026-02-23T17:12:36.0353244Z  * [new tag]             0.0.123                -> 0.0.123
handle-success	Checkout code	2026-02-23T17:12:36.0353659Z  * [new tag]             0.0.124                -> 0.0.124
handle-success	Checkout code	2026-02-23T17:12:36.0354075Z  * [new tag]             0.0.125                -> 0.0.125
handle-success	Checkout code	2026-02-23T17:12:36.0354493Z  * [new tag]             0.0.126                -> 0.0.126
handle-success	Checkout code	2026-02-23T17:12:36.0354912Z  * [new tag]             0.0.127                -> 0.0.127
handle-success	Checkout code	2026-02-23T17:12:36.0355329Z  * [new tag]             0.0.128                -> 0.0.128
handle-success	Checkout code	2026-02-23T17:12:36.0355748Z  * [new tag]             0.0.129                -> 0.0.129
handle-success	Checkout code	2026-02-23T17:12:36.0356162Z  * [new tag]             0.0.13                 -> 0.0.13
handle-success	Checkout code	2026-02-23T17:12:36.0356673Z  * [new tag]             0.0.130                -> 0.0.130
handle-success	Checkout code	2026-02-23T17:12:36.0357096Z  * [new tag]             0.0.131                -> 0.0.131
handle-success	Checkout code	2026-02-23T17:12:36.0357514Z  * [new tag]             0.0.132                -> 0.0.132
handle-success	Checkout code	2026-02-23T17:12:36.0357933Z  * [new tag]             0.0.133                -> 0.0.133
handle-success	Checkout code	2026-02-23T17:12:36.0358346Z  * [new tag]             0.0.134                -> 0.0.134
handle-success	Checkout code	2026-02-23T17:12:36.0358763Z  * [new tag]             0.0.135                -> 0.0.135
handle-success	Checkout code	2026-02-23T17:12:36.0359183Z  * [new tag]             0.0.136                -> 0.0.136
handle-success	Checkout code	2026-02-23T17:12:36.0359598Z  * [new tag]             0.0.137                -> 0.0.137
handle-success	Checkout code	2026-02-23T17:12:36.0360013Z  * [new tag]             0.0.138                -> 0.0.138
handle-success	Checkout code	2026-02-23T17:12:36.0433455Z  * [new tag]             0.0.139                -> 0.0.139
handle-success	Checkout code	2026-02-23T17:12:36.0434007Z  * [new tag]             0.0.14                 -> 0.0.14
handle-success	Checkout code	2026-02-23T17:12:36.0434610Z  * [new tag]             0.0.140                -> 0.0.140
handle-success	Checkout code	2026-02-23T17:12:36.0435003Z  * [new tag]             0.0.141                -> 0.0.141
handle-success	Checkout code	2026-02-23T17:12:36.0435394Z  * [new tag]             0.0.142                -> 0.0.142
handle-success	Checkout code	2026-02-23T17:12:36.0435779Z  * [new tag]             0.0.143                -> 0.0.143
handle-success	Checkout code	2026-02-23T17:12:36.0436170Z  * [new tag]             0.0.144                -> 0.0.144
handle-success	Checkout code	2026-02-23T17:12:36.0436558Z  * [new tag]             0.0.145                -> 0.0.145
handle-success	Checkout code	2026-02-23T17:12:36.0437072Z  * [new tag]             0.0.146                -> 0.0.146
handle-success	Checkout code	2026-02-23T17:12:36.0437476Z  * [new tag]             0.0.147                -> 0.0.147
handle-success	Checkout code	2026-02-23T17:12:36.0437994Z  * [new tag]             0.0.148                -> 0.0.148
handle-success	Checkout code	2026-02-23T17:12:36.0438382Z  * [new tag]             0.0.149                -> 0.0.149
handle-success	Checkout code	2026-02-23T17:12:36.0438804Z  * [new tag]             0.0.15                 -> 0.0.15
handle-success	Checkout code	2026-02-23T17:12:36.0439287Z  * [new tag]             0.0.150                -> 0.0.150
handle-success	Checkout code	2026-02-23T17:12:36.0440120Z  * [new tag]             0.0.151                -> 0.0.151
handle-success	Checkout code	2026-02-23T17:12:36.0440740Z  * [new tag]             0.0.152                -> 0.0.152
handle-success	Checkout code	2026-02-23T17:12:36.0459937Z  * [new tag]             0.0.153                -> 0.0.153
handle-success	Checkout code	2026-02-23T17:12:36.0460622Z  * [new tag]             0.0.154                -> 0.0.154
handle-success	Checkout code	2026-02-23T17:12:36.0461404Z  * [new tag]             0.0.155                -> 0.0.155
handle-success	Checkout code	2026-02-23T17:12:36.0461811Z  * [new tag]             0.0.156                -> 0.0.156
handle-success	Checkout code	2026-02-23T17:12:36.0462205Z  * [new tag]             0.0.157                -> 0.0.157
handle-success	Checkout code	2026-02-23T17:12:36.0462605Z  * [new tag]             0.0.158                -> 0.0.158
handle-success	Checkout code	2026-02-23T17:12:36.0463004Z  * [new tag]             0.0.159                -> 0.0.159
handle-success	Checkout code	2026-02-23T17:12:36.0463405Z  * [new tag]             0.0.16                 -> 0.0.16
handle-success	Checkout code	2026-02-23T17:12:36.0463805Z  * [new tag]             0.0.160                -> 0.0.160
handle-success	Checkout code	2026-02-23T17:12:36.0464199Z  * [new tag]             0.0.161                -> 0.0.161
handle-success	Checkout code	2026-02-23T17:12:36.0464924Z  * [new tag]             0.0.162                -> 0.0.162
handle-success	Checkout code	2026-02-23T17:12:36.0465332Z  * [new tag]             0.0.163                -> 0.0.163
handle-success	Checkout code	2026-02-23T17:12:36.0465732Z  * [new tag]             0.0.164                -> 0.0.164
handle-success	Checkout code	2026-02-23T17:12:36.0466542Z  * [new tag]             0.0.165                -> 0.0.165
handle-success	Checkout code	2026-02-23T17:12:36.0466952Z  * [new tag]             0.0.166                -> 0.0.166
handle-success	Checkout code	2026-02-23T17:12:36.0467478Z  * [new tag]             0.0.167                -> 0.0.167
handle-success	Checkout code	2026-02-23T17:12:36.0467876Z  * [new tag]             0.0.168                -> 0.0.168
handle-success	Checkout code	2026-02-23T17:12:36.0468278Z  * [new tag]             0.0.169                -> 0.0.169
handle-success	Checkout code	2026-02-23T17:12:36.0468673Z  * [new tag]             0.0.17                 -> 0.0.17
handle-success	Checkout code	2026-02-23T17:12:36.0469070Z  * [new tag]             0.0.170                -> 0.0.170
handle-success	Checkout code	2026-02-23T17:12:36.0469469Z  * [new tag]             0.0.171                -> 0.0.171
handle-success	Checkout code	2026-02-23T17:12:36.0469891Z  * [new tag]             0.0.172                -> 0.0.172
handle-success	Checkout code	2026-02-23T17:12:36.0470621Z  * [new tag]             0.0.173                -> 0.0.173
handle-success	Checkout code	2026-02-23T17:12:36.0471293Z  * [new tag]             0.0.174                -> 0.0.174
handle-success	Checkout code	2026-02-23T17:12:36.0471698Z  * [new tag]             0.0.175                -> 0.0.175
handle-success	Checkout code	2026-02-23T17:12:36.0472097Z  * [new tag]             0.0.176                -> 0.0.176
handle-success	Checkout code	2026-02-23T17:12:36.0472496Z  * [new tag]             0.0.177                -> 0.0.177
handle-success	Checkout code	2026-02-23T17:12:36.0473080Z  * [new tag]             0.0.178                -> 0.0.178
handle-success	Checkout code	2026-02-23T17:12:36.0473485Z  * [new tag]             0.0.179                -> 0.0.179
handle-success	Checkout code	2026-02-23T17:12:36.0473885Z  * [new tag]             0.0.18                 -> 0.0.18
handle-success	Checkout code	2026-02-23T17:12:36.0474285Z  * [new tag]             0.0.19                 -> 0.0.19
handle-success	Checkout code	2026-02-23T17:12:36.0474683Z  * [new tag]             0.0.2                  -> 0.0.2
handle-success	Checkout code	2026-02-23T17:12:36.0475075Z  * [new tag]             0.0.20                 -> 0.0.20
handle-success	Checkout code	2026-02-23T17:12:36.0475493Z  * [new tag]             0.0.21                 -> 0.0.21
handle-success	Checkout code	2026-02-23T17:12:36.0475895Z  * [new tag]             0.0.22                 -> 0.0.22
handle-success	Checkout code	2026-02-23T17:12:36.0476293Z  * [new tag]             0.0.23                 -> 0.0.23
handle-success	Checkout code	2026-02-23T17:12:36.0476689Z  * [new tag]             0.0.24                 -> 0.0.24
handle-success	Checkout code	2026-02-23T17:12:36.0477080Z  * [new tag]             0.0.25                 -> 0.0.25
handle-success	Checkout code	2026-02-23T17:12:36.0477475Z  * [new tag]             0.0.26                 -> 0.0.26
handle-success	Checkout code	2026-02-23T17:12:36.0477872Z  * [new tag]             0.0.27                 -> 0.0.27
handle-success	Checkout code	2026-02-23T17:12:36.0478272Z  * [new tag]             0.0.28                 -> 0.0.28
handle-success	Checkout code	2026-02-23T17:12:36.0478670Z  * [new tag]             0.0.29                 -> 0.0.29
handle-success	Checkout code	2026-02-23T17:12:36.0479068Z  * [new tag]             0.0.3                  -> 0.0.3
handle-success	Checkout code	2026-02-23T17:12:36.0479466Z  * [new tag]             0.0.30                 -> 0.0.30
handle-success	Checkout code	2026-02-23T17:12:36.0479863Z  * [new tag]             0.0.31                 -> 0.0.31
handle-success	Checkout code	2026-02-23T17:12:36.0480850Z  * [new tag]             0.0.32                 -> 0.0.32
handle-success	Checkout code	2026-02-23T17:12:36.0481382Z  * [new tag]             0.0.33                 -> 0.0.33
handle-success	Checkout code	2026-02-23T17:12:36.0481905Z  * [new tag]             0.0.34                 -> 0.0.34
handle-success	Checkout code	2026-02-23T17:12:36.0482301Z  * [new tag]             0.0.35                 -> 0.0.35
handle-success	Checkout code	2026-02-23T17:12:36.0482697Z  * [new tag]             0.0.36                 -> 0.0.36
handle-success	Checkout code	2026-02-23T17:12:36.0483095Z  * [new tag]             0.0.37                 -> 0.0.37
handle-success	Checkout code	2026-02-23T17:12:36.0483487Z  * [new tag]             0.0.38                 -> 0.0.38
handle-success	Checkout code	2026-02-23T17:12:36.0483884Z  * [new tag]             0.0.39                 -> 0.0.39
handle-success	Checkout code	2026-02-23T17:12:36.0484282Z  * [new tag]             0.0.4                  -> 0.0.4
handle-success	Checkout code	2026-02-23T17:12:36.0484680Z  * [new tag]             0.0.40                 -> 0.0.40
handle-success	Checkout code	2026-02-23T17:12:36.0485078Z  * [new tag]             0.0.41                 -> 0.0.41
handle-success	Checkout code	2026-02-23T17:12:36.0485471Z  * [new tag]             0.0.42                 -> 0.0.42
handle-success	Checkout code	2026-02-23T17:12:36.0486080Z  * [new tag]             0.0.43                 -> 0.0.43
handle-success	Checkout code	2026-02-23T17:12:36.0486479Z  * [new tag]             0.0.44                 -> 0.0.44
handle-success	Checkout code	2026-02-23T17:12:36.0486880Z  * [new tag]             0.0.45                 -> 0.0.45
handle-success	Checkout code	2026-02-23T17:12:36.0487270Z  * [new tag]             0.0.46                 -> 0.0.46
handle-success	Checkout code	2026-02-23T17:12:36.0487668Z  * [new tag]             0.0.47                 -> 0.0.47
handle-success	Checkout code	2026-02-23T17:12:36.0488069Z  * [new tag]             0.0.48                 -> 0.0.48
handle-success	Checkout code	2026-02-23T17:12:36.0488465Z  * [new tag]             0.0.49                 -> 0.0.49
handle-success	Checkout code	2026-02-23T17:12:36.0488865Z  * [new tag]             0.0.5                  -> 0.0.5
handle-success	Checkout code	2026-02-23T17:12:36.0489255Z  * [new tag]             0.0.50                 -> 0.0.50
handle-success	Checkout code	2026-02-23T17:12:36.0489649Z  * [new tag]             0.0.51                 -> 0.0.51
handle-success	Checkout code	2026-02-23T17:12:36.0490048Z  * [new tag]             0.0.52                 -> 0.0.52
handle-success	Checkout code	2026-02-23T17:12:36.0490661Z  * [new tag]             0.0.53                 -> 0.0.53
handle-success	Checkout code	2026-02-23T17:12:36.0491192Z  * [new tag]             0.0.54                 -> 0.0.54
handle-success	Checkout code	2026-02-23T17:12:36.0491584Z  * [new tag]             0.0.55                 -> 0.0.55
handle-success	Checkout code	2026-02-23T17:12:36.0491980Z  * [new tag]             0.0.56                 -> 0.0.56
handle-success	Checkout code	2026-02-23T17:12:36.0492382Z  * [new tag]             0.0.57                 -> 0.0.57
handle-success	Checkout code	2026-02-23T17:12:36.0492778Z  * [new tag]             0.0.58                 -> 0.0.58
handle-success	Checkout code	2026-02-23T17:12:36.0493165Z  * [new tag]             0.0.59                 -> 0.0.59
handle-success	Checkout code	2026-02-23T17:12:36.0493557Z  * [new tag]             0.0.6                  -> 0.0.6
handle-success	Checkout code	2026-02-23T17:12:36.0493948Z  * [new tag]             0.0.60                 -> 0.0.60
handle-success	Checkout code	2026-02-23T17:12:36.0494339Z  * [new tag]             0.0.61                 -> 0.0.61
handle-success	Checkout code	2026-02-23T17:12:36.0494731Z  * [new tag]             0.0.62                 -> 0.0.62
handle-success	Checkout code	2026-02-23T17:12:36.0495117Z  * [new tag]             0.0.63                 -> 0.0.63
handle-success	Checkout code	2026-02-23T17:12:36.0495519Z  * [new tag]             0.0.64                 -> 0.0.64
handle-success	Checkout code	2026-02-23T17:12:36.0495911Z  * [new tag]             0.0.65                 -> 0.0.65
handle-success	Checkout code	2026-02-23T17:12:36.0496301Z  * [new tag]             0.0.66                 -> 0.0.66
handle-success	Checkout code	2026-02-23T17:12:36.0496691Z  * [new tag]             0.0.67                 -> 0.0.67
handle-success	Checkout code	2026-02-23T17:12:36.0497079Z  * [new tag]             0.0.68                 -> 0.0.68
handle-success	Checkout code	2026-02-23T17:12:36.0497466Z  * [new tag]             0.0.69                 -> 0.0.69
handle-success	Checkout code	2026-02-23T17:12:36.0497858Z  * [new tag]             0.0.7                  -> 0.0.7
handle-success	Checkout code	2026-02-23T17:12:36.0498253Z  * [new tag]             0.0.70                 -> 0.0.70
handle-success	Checkout code	2026-02-23T17:12:36.0498647Z  * [new tag]             0.0.71                 -> 0.0.71
handle-success	Checkout code	2026-02-23T17:12:36.0499033Z  * [new tag]             0.0.72                 -> 0.0.72
handle-success	Checkout code	2026-02-23T17:12:36.0499425Z  * [new tag]             0.0.73                 -> 0.0.73
handle-success	Checkout code	2026-02-23T17:12:36.0499814Z  * [new tag]             0.0.74                 -> 0.0.74
handle-success	Checkout code	2026-02-23T17:12:36.0500713Z  * [new tag]             0.0.75                 -> 0.0.75
handle-success	Checkout code	2026-02-23T17:12:36.0501231Z  * [new tag]             0.0.76                 -> 0.0.76
handle-success	Checkout code	2026-02-23T17:12:36.0501623Z  * [new tag]             0.0.77                 -> 0.0.77
handle-success	Checkout code	2026-02-23T17:12:36.0502012Z  * [new tag]             0.0.78                 -> 0.0.78
handle-success	Checkout code	2026-02-23T17:12:36.0502407Z  * [new tag]             0.0.79                 -> 0.0.79
handle-success	Checkout code	2026-02-23T17:12:36.0502801Z  * [new tag]             0.0.8                  -> 0.0.8
handle-success	Checkout code	2026-02-23T17:12:36.0503187Z  * [new tag]             0.0.80                 -> 0.0.80
handle-success	Checkout code	2026-02-23T17:12:36.0503578Z  * [new tag]             0.0.81                 -> 0.0.81
handle-success	Checkout code	2026-02-23T17:12:36.0503968Z  * [new tag]             0.0.82                 -> 0.0.82
handle-success	Checkout code	2026-02-23T17:12:36.0504359Z  * [new tag]             0.0.83                 -> 0.0.83
handle-success	Checkout code	2026-02-23T17:12:36.0504747Z  * [new tag]             0.0.84                 -> 0.0.84
handle-success	Checkout code	2026-02-23T17:12:36.0505134Z  * [new tag]             0.0.85                 -> 0.0.85
handle-success	Checkout code	2026-02-23T17:12:36.0505764Z  * [new tag]             0.0.86                 -> 0.0.86
handle-success	Checkout code	2026-02-23T17:12:36.0506156Z  * [new tag]             0.0.87                 -> 0.0.87
handle-success	Checkout code	2026-02-23T17:12:36.0506548Z  * [new tag]             0.0.88                 -> 0.0.88
handle-success	Checkout code	2026-02-23T17:12:36.0506930Z  * [new tag]             0.0.89                 -> 0.0.89
handle-success	Checkout code	2026-02-23T17:12:36.0507321Z  * [new tag]             0.0.9                  -> 0.0.9
handle-success	Checkout code	2026-02-23T17:12:36.0507709Z  * [new tag]             0.0.90                 -> 0.0.90
handle-success	Checkout code	2026-02-23T17:12:36.0508103Z  * [new tag]             0.0.91                 -> 0.0.91
handle-success	Checkout code	2026-02-23T17:12:36.0508495Z  * [new tag]             0.0.92                 -> 0.0.92
handle-success	Checkout code	2026-02-23T17:12:36.0509029Z  * [new tag]             0.0.93                 -> 0.0.93
handle-success	Checkout code	2026-02-23T17:12:36.0509703Z  * [new tag]             0.0.94                 -> 0.0.94
handle-success	Checkout code	2026-02-23T17:12:36.0510220Z  * [new tag]             0.0.95                 -> 0.0.95
handle-success	Checkout code	2026-02-23T17:12:36.0510673Z  * [new tag]             0.0.96                 -> 0.0.96
handle-success	Checkout code	2026-02-23T17:12:36.0511076Z  * [new tag]             0.0.97                 -> 0.0.97
handle-success	Checkout code	2026-02-23T17:12:36.0511465Z  * [new tag]             0.0.98                 -> 0.0.98
handle-success	Checkout code	2026-02-23T17:12:36.0511856Z  * [new tag]             0.0.99                 -> 0.0.99
handle-success	Checkout code	2026-02-23T17:12:36.0512246Z  * [new tag]             0.1.0                  -> 0.1.0
handle-success	Checkout code	2026-02-23T17:12:36.0512632Z  * [new tag]             0.1.1                  -> 0.1.1
handle-success	Checkout code	2026-02-23T17:12:36.0513017Z  * [new tag]             0.2.0                  -> 0.2.0
handle-success	Checkout code	2026-02-23T17:12:36.0513408Z  * [new tag]             0.3.0                  -> 0.3.0
handle-success	Checkout code	2026-02-23T17:12:36.0513794Z  * [new tag]             0.3.1                  -> 0.3.1
handle-success	Checkout code	2026-02-23T17:12:36.0514209Z  * [new tag]             0.3.10                 -> 0.3.10
handle-success	Checkout code	2026-02-23T17:12:36.0514604Z  * [new tag]             0.3.11                 -> 0.3.11
handle-success	Checkout code	2026-02-23T17:12:36.0514995Z  * [new tag]             0.3.12                 -> 0.3.12
handle-success	Checkout code	2026-02-23T17:12:36.0515400Z  * [new tag]             0.3.13                 -> 0.3.13
handle-success	Checkout code	2026-02-23T17:12:36.0515790Z  * [new tag]             0.3.14                 -> 0.3.14
handle-success	Checkout code	2026-02-23T17:12:36.0516175Z  * [new tag]             0.3.15                 -> 0.3.15
handle-success	Checkout code	2026-02-23T17:12:36.0516564Z  * [new tag]             0.3.16                 -> 0.3.16
handle-success	Checkout code	2026-02-23T17:12:36.0516956Z  * [new tag]             0.3.17                 -> 0.3.17
handle-success	Checkout code	2026-02-23T17:12:36.0517346Z  * [new tag]             0.3.2                  -> 0.3.2
handle-success	Checkout code	2026-02-23T17:12:36.0517728Z  * [new tag]             0.3.3                  -> 0.3.3
handle-success	Checkout code	2026-02-23T17:12:36.0518114Z  * [new tag]             0.3.4                  -> 0.3.4
handle-success	Checkout code	2026-02-23T17:12:36.0518496Z  * [new tag]             0.3.5                  -> 0.3.5
handle-success	Checkout code	2026-02-23T17:12:36.0518880Z  * [new tag]             0.3.6                  -> 0.3.6
handle-success	Checkout code	2026-02-23T17:12:36.0519264Z  * [new tag]             0.3.7                  -> 0.3.7
handle-success	Checkout code	2026-02-23T17:12:36.0519645Z  * [new tag]             0.3.8                  -> 0.3.8
handle-success	Checkout code	2026-02-23T17:12:36.0520256Z  * [new tag]             0.3.9                  -> 0.3.9
handle-success	Checkout code	2026-02-23T17:12:36.0520692Z  * [new tag]             0.4.0                  -> 0.4.0
handle-success	Checkout code	2026-02-23T17:12:36.0521079Z  * [new tag]             0.4.1                  -> 0.4.1
handle-success	Checkout code	2026-02-23T17:12:36.0521466Z  * [new tag]             0.4.2                  -> 0.4.2
handle-success	Checkout code	2026-02-23T17:12:36.0521845Z  * [new tag]             0.4.3                  -> 0.4.3
handle-success	Checkout code	2026-02-23T17:12:36.0522230Z  * [new tag]             0.4.4                  -> 0.4.4
handle-success	Checkout code	2026-02-23T17:12:36.0522619Z  * [new tag]             0.4.5                  -> 0.4.5
handle-success	Checkout code	2026-02-23T17:12:36.0523004Z  * [new tag]             0.4.6                  -> 0.4.6
handle-success	Checkout code	2026-02-23T17:12:36.0523388Z  * [new tag]             0.4.7                  -> 0.4.7
handle-success	Checkout code	2026-02-23T17:12:36.0523773Z  * [new tag]             0.4.8                  -> 0.4.8
handle-success	Checkout code	2026-02-23T17:12:36.0524159Z  * [new tag]             0.4.9                  -> 0.4.9
handle-success	Checkout code	2026-02-23T17:12:36.0524544Z  * [new tag]             0.5.0                  -> 0.5.0
handle-success	Checkout code	2026-02-23T17:12:36.0525143Z  * [new tag]             0.5.1                  -> 0.5.1
handle-success	Checkout code	2026-02-23T17:12:36.0525526Z  * [new tag]             0.5.2                  -> 0.5.2
handle-success	Checkout code	2026-02-23T17:12:36.0525914Z  * [new tag]             0.6.0                  -> 0.6.0
handle-success	Checkout code	2026-02-23T17:12:36.0526300Z  * [new tag]             0.6.1                  -> 0.6.1
handle-success	Checkout code	2026-02-23T17:12:36.0526683Z  * [new tag]             0.6.2                  -> 0.6.2
handle-success	Checkout code	2026-02-23T17:12:36.0527070Z  * [new tag]             0.6.3                  -> 0.6.3
handle-success	Checkout code	2026-02-23T17:12:36.0527454Z  * [new tag]             0.6.4                  -> 0.6.4
handle-success	Checkout code	2026-02-23T17:12:36.0527839Z  * [new tag]             0.6.5                  -> 0.6.5
handle-success	Checkout code	2026-02-23T17:12:36.0731622Z [command]/usr/bin/git branch --list --remote origin/main
handle-success	Checkout code	2026-02-23T17:12:36.0811294Z   origin/main
handle-success	Checkout code	2026-02-23T17:12:36.0823470Z [command]/usr/bin/git rev-parse refs/remotes/origin/main
handle-success	Checkout code	2026-02-23T17:12:36.0854705Z 7bc9787a7f7333042294944669a51a5d4ce8d05e
handle-success	Checkout code	2026-02-23T17:12:36.0868600Z [command]/usr/bin/git -c protocol.version=2 fetch --no-tags --prune --no-recurse-submodules origin +f692515066430557f9a7363b0fd459ac6ba51105:refs/remotes/origin/main
handle-success	Checkout code	2026-02-23T17:12:36.1061939Z From https://github.com/Ka0s-Klaus/ka0s
handle-success	Checkout code	2026-02-23T17:12:36.1062703Z  + 7bc9787a7...f69251506 f692515066430557f9a7363b0fd459ac6ba51105 -> origin/main  (forced update)
handle-success	Checkout code	2026-02-23T17:12:36.1121660Z ##[endgroup]
handle-success	Checkout code	2026-02-23T17:12:36.1122836Z ##[group]Determining the checkout info
handle-success	Checkout code	2026-02-23T17:12:36.1123477Z ##[endgroup]
handle-success	Checkout code	2026-02-23T17:12:36.1129376Z [command]/usr/bin/git sparse-checkout disable
handle-success	Checkout code	2026-02-23T17:12:36.1182518Z [command]/usr/bin/git config --local --unset-all extensions.worktreeConfig
handle-success	Checkout code	2026-02-23T17:12:36.1221071Z ##[group]Checking out the ref
handle-success	Checkout code	2026-02-23T17:12:36.1231525Z [command]/usr/bin/git checkout --progress --force -B main refs/remotes/origin/main
handle-success	Checkout code	2026-02-23T17:12:36.3668894Z Switched to a new branch 'main'
handle-success	Checkout code	2026-02-23T17:12:36.3669313Z branch 'main' set up to track 'origin/main'.
handle-success	Checkout code	2026-02-23T17:12:36.3702277Z ##[endgroup]
handle-success	Checkout code	2026-02-23T17:12:36.3757731Z [command]/usr/bin/git log -1 --format=%H
handle-success	Checkout code	2026-02-23T17:12:36.3792713Z f692515066430557f9a7363b0fd459ac6ba51105
handle-success	handle-success-execution	Ôªø2026-02-23T17:12:36.4044614Z ##[group]Run # Si todo ha ido correcto a√±adimos el contenido del fichero 
handle-success	handle-success-execution	2026-02-23T17:12:36.4045268Z [36;1m# Si todo ha ido correcto a√±adimos el contenido del fichero [0m
handle-success	handle-success-execution	2026-02-23T17:12:36.4045732Z [36;1mecho "Process completed successfully 22316666124"[0m
handle-success	handle-success-execution	2026-02-23T17:12:36.4046165Z [36;1m# RNNUMBER=$(echo "refs/heads/main" | grep -o '[0-9]*')[0m
handle-success	handle-success-execution	2026-02-23T17:12:36.4047024Z [36;1m# gh issue comment $RNNUMBER --body "El proceso ha finalizado correctamente 22316666124. El resultado est√° en el fichero core/results/event_data_22316666124.log"[0m
handle-success	handle-success-execution	2026-02-23T17:12:36.4063675Z shell: /usr/bin/bash -e {0}
handle-success	handle-success-execution	2026-02-23T17:12:36.4063955Z env:
handle-success	handle-success-execution	2026-02-23T17:12:36.4064156Z   PYTHON_VERSION: 3.9
handle-success	handle-success-execution	2026-02-23T17:12:36.4065112Z   MONGO_SUPERUSER_CONNECTION: ***
handle-success	handle-success-execution	2026-02-23T17:12:36.4065515Z   MONGO_NEW_PASS: ***
handle-success	handle-success-execution	2026-02-23T17:12:36.4066171Z   MONGO_SCRIPT_CREATE: devops/core/mongo/scripts/mongodb_status_report.py
handle-success	handle-success-execution	2026-02-23T17:12:36.4066581Z   KAOS_CODE: 22316666124
handle-success	handle-success-execution	2026-02-23T17:12:36.4066808Z   REPORT_SCAN: audit/
handle-success	handle-success-execution	2026-02-23T17:12:36.4067082Z   REPORT_PATH: audit/mongodb/
handle-success	handle-success-execution	2026-02-23T17:12:36.4067332Z   REPORT_FILENAME: 22316666124.json
handle-success	handle-success-execution	2026-02-23T17:12:36.4067620Z   KAOS_MODULE: [Ka0s] Status MongDB Report
handle-success	handle-success-execution	2026-02-23T17:12:36.4068009Z   GH_TOKEN: ***
handle-success	handle-success-execution	2026-02-23T17:12:36.4068209Z ##[endgroup]
handle-success	handle-success-execution	2026-02-23T17:12:36.4132784Z Process completed successfully 22316666124
handle-success	Post Checkout code	Ôªø2026-02-23T17:12:36.4282955Z Post job cleanup.
handle-success	Post Checkout code	2026-02-23T17:12:36.5375206Z [command]/usr/bin/git version
handle-success	Post Checkout code	2026-02-23T17:12:36.5421175Z git version 2.52.0
handle-success	Post Checkout code	2026-02-23T17:12:36.5468313Z Temporarily overriding HOME='/home/runner/_work/_temp/c6da5638-38b6-46c4-a37f-3219dabacccf' before making global git config changes
handle-success	Post Checkout code	2026-02-23T17:12:36.5469206Z Adding repository directory to the temporary git global config as a safe directory
handle-success	Post Checkout code	2026-02-23T17:12:36.5476191Z [command]/usr/bin/git config --global --add safe.directory /home/runner/_work/ka0s/ka0s
handle-success	Post Checkout code	2026-02-23T17:12:36.5523667Z [command]/usr/bin/git config --local --name-only --get-regexp core\.sshCommand
handle-success	Post Checkout code	2026-02-23T17:12:36.5573006Z [command]/usr/bin/git submodule foreach --recursive sh -c "git config --local --name-only --get-regexp 'core\.sshCommand' && git config --local --unset-all 'core.sshCommand' || :"
handle-success	Post Checkout code	2026-02-23T17:12:36.5909409Z [command]/usr/bin/git config --local --name-only --get-regexp http\.https\:\/\/github\.com\/\.extraheader
handle-success	Post Checkout code	2026-02-23T17:12:36.5940742Z http.https://github.com/.extraheader
handle-success	Post Checkout code	2026-02-23T17:12:36.5956470Z [command]/usr/bin/git config --local --unset-all http.https://github.com/.extraheader
handle-success	Post Checkout code	2026-02-23T17:12:36.6002025Z [command]/usr/bin/git submodule foreach --recursive sh -c "git config --local --name-only --get-regexp 'http\.https\:\/\/github\.com\/\.extraheader' && git config --local --unset-all 'http.https://github.com/.extraheader' || :"
handle-success	Post Checkout code	2026-02-23T17:12:36.6336625Z [command]/usr/bin/git config --local --name-only --get-regexp ^includeIf\.gitdir:
handle-success	Post Checkout code	2026-02-23T17:12:36.6379155Z [command]/usr/bin/git submodule foreach --recursive git config --local --show-origin --name-only --get-regexp remote.origin.url
handle-success	Complete job	Ôªø2026-02-23T17:12:36.6859670Z Cleaning up orphan processes
end-workflow	Set up job	Ôªø2026-02-23T17:12:49.2665322Z Current runner version: '2.331.0'
end-workflow	Set up job	2026-02-23T17:12:49.2675110Z Runner name: 'swarm-runners-scaleset-hkss5-runner-lvj7x'
end-workflow	Set up job	2026-02-23T17:12:49.2676428Z Runner group name: 'Default'
end-workflow	Set up job	2026-02-23T17:12:49.2677884Z Machine name: 'swarm-runners-scaleset-hkss5-runner-lvj7x'
end-workflow	Set up job	2026-02-23T17:12:49.2682233Z ##[group]GITHUB_TOKEN Permissions
end-workflow	Set up job	2026-02-23T17:12:49.2684836Z Actions: write
end-workflow	Set up job	2026-02-23T17:12:49.2685432Z Contents: write
end-workflow	Set up job	2026-02-23T17:12:49.2686059Z Issues: write
end-workflow	Set up job	2026-02-23T17:12:49.2686643Z Metadata: read
end-workflow	Set up job	2026-02-23T17:12:49.2687190Z PullRequests: write
end-workflow	Set up job	2026-02-23T17:12:49.2687900Z ##[endgroup]
end-workflow	Set up job	2026-02-23T17:12:49.2690058Z Secret source: Actions
end-workflow	Set up job	2026-02-23T17:12:49.2692190Z Prepare workflow directory
end-workflow	Set up job	2026-02-23T17:12:49.3283754Z Prepare all required actions
end-workflow	Set up job	2026-02-23T17:12:49.3322973Z Getting action download info
end-workflow	Set up job	2026-02-23T17:12:49.9041808Z Download action repository 'actions/checkout@v4' (SHA:34e114876b0b11c390a56381ad16ebd13914f8d5)
end-workflow	Set up job	2026-02-23T17:12:50.8518021Z Complete job name: end-workflow
end-workflow	Checkout Repository	Ôªø2026-02-23T17:12:50.9167328Z ##[group]Run actions/checkout@v4
end-workflow	Checkout Repository	2026-02-23T17:12:50.9168347Z with:
end-workflow	Checkout Repository	2026-02-23T17:12:50.9168823Z   fetch-depth: 0
end-workflow	Checkout Repository	2026-02-23T17:12:50.9169306Z   repository: Ka0s-Klaus/ka0s
end-workflow	Checkout Repository	2026-02-23T17:12:50.9170100Z   token: ***
end-workflow	Checkout Repository	2026-02-23T17:12:50.9170996Z   ssh-strict: true
end-workflow	Checkout Repository	2026-02-23T17:12:50.9171477Z   ssh-user: git
end-workflow	Checkout Repository	2026-02-23T17:12:50.9171942Z   persist-credentials: true
end-workflow	Checkout Repository	2026-02-23T17:12:50.9172471Z   clean: true
end-workflow	Checkout Repository	2026-02-23T17:12:50.9172943Z   sparse-checkout-cone-mode: true
end-workflow	Checkout Repository	2026-02-23T17:12:50.9173518Z   fetch-tags: false
end-workflow	Checkout Repository	2026-02-23T17:12:50.9173995Z   show-progress: true
end-workflow	Checkout Repository	2026-02-23T17:12:50.9174478Z   lfs: false
end-workflow	Checkout Repository	2026-02-23T17:12:50.9174916Z   submodules: false
end-workflow	Checkout Repository	2026-02-23T17:12:50.9175426Z   set-safe-directory: true
end-workflow	Checkout Repository	2026-02-23T17:12:50.9176221Z env:
end-workflow	Checkout Repository	2026-02-23T17:12:50.9176679Z   PYTHON_VERSION: 3.9
end-workflow	Checkout Repository	2026-02-23T17:12:50.9178042Z   MONGO_SUPERUSER_CONNECTION: ***
end-workflow	Checkout Repository	2026-02-23T17:12:50.9178828Z   MONGO_NEW_PASS: ***
end-workflow	Checkout Repository	2026-02-23T17:12:50.9179542Z   MONGO_SCRIPT_CREATE: devops/core/mongo/scripts/mongodb_status_report.py
end-workflow	Checkout Repository	2026-02-23T17:12:50.9180568Z   KAOS_CODE: 22316666124
end-workflow	Checkout Repository	2026-02-23T17:12:50.9181101Z   REPORT_SCAN: audit/
end-workflow	Checkout Repository	2026-02-23T17:12:50.9181604Z   REPORT_PATH: audit/mongodb/
end-workflow	Checkout Repository	2026-02-23T17:12:50.9182163Z   REPORT_FILENAME: 22316666124.json
end-workflow	Checkout Repository	2026-02-23T17:12:50.9182762Z   KAOS_MODULE: [Ka0s] Status MongDB Report
end-workflow	Checkout Repository	2026-02-23T17:12:50.9183370Z ##[endgroup]
end-workflow	Checkout Repository	2026-02-23T17:12:51.0469294Z Syncing repository: Ka0s-Klaus/ka0s
end-workflow	Checkout Repository	2026-02-23T17:12:51.0472085Z ##[group]Getting Git version info
end-workflow	Checkout Repository	2026-02-23T17:12:51.0472883Z Working directory is '/home/runner/_work/ka0s/ka0s'
end-workflow	Checkout Repository	2026-02-23T17:12:51.0473957Z [command]/usr/bin/git version
end-workflow	Checkout Repository	2026-02-23T17:12:51.0477661Z git version 2.52.0
end-workflow	Checkout Repository	2026-02-23T17:12:51.0505679Z ##[endgroup]
end-workflow	Checkout Repository	2026-02-23T17:12:51.0557297Z Temporarily overriding HOME='/home/runner/_work/_temp/1c16f021-4ff5-4bbc-968f-5dba4487321d' before making global git config changes
end-workflow	Checkout Repository	2026-02-23T17:12:51.0559157Z Adding repository directory to the temporary git global config as a safe directory
end-workflow	Checkout Repository	2026-02-23T17:12:51.0560539Z [command]/usr/bin/git config --global --add safe.directory /home/runner/_work/ka0s/ka0s
end-workflow	Checkout Repository	2026-02-23T17:12:51.0585924Z Deleting the contents of '/home/runner/_work/ka0s/ka0s'
end-workflow	Checkout Repository	2026-02-23T17:12:51.0591923Z ##[group]Initializing the repository
end-workflow	Checkout Repository	2026-02-23T17:12:51.0612782Z [command]/usr/bin/git init /home/runner/_work/ka0s/ka0s
end-workflow	Checkout Repository	2026-02-23T17:12:51.0682935Z hint: Using 'master' as the name for the initial branch. This default branch name
end-workflow	Checkout Repository	2026-02-23T17:12:51.0684222Z hint: will change to "main" in Git 3.0. To configure the initial branch name
end-workflow	Checkout Repository	2026-02-23T17:12:51.0685298Z hint: to use in all of your new repositories, which will suppress this warning,
end-workflow	Checkout Repository	2026-02-23T17:12:51.0686166Z hint: call:
end-workflow	Checkout Repository	2026-02-23T17:12:51.0686602Z hint:
end-workflow	Checkout Repository	2026-02-23T17:12:51.0687184Z hint: 	git config --global init.defaultBranch <name>
end-workflow	Checkout Repository	2026-02-23T17:12:51.0687887Z hint:
end-workflow	Checkout Repository	2026-02-23T17:12:51.0688552Z hint: Names commonly chosen instead of 'master' are 'main', 'trunk' and
end-workflow	Checkout Repository	2026-02-23T17:12:51.0689636Z hint: 'development'. The just-created branch can be renamed via this command:
end-workflow	Checkout Repository	2026-02-23T17:12:51.0711742Z hint:
end-workflow	Checkout Repository	2026-02-23T17:12:51.0712283Z hint: 	git branch -m <name>
end-workflow	Checkout Repository	2026-02-23T17:12:51.0712836Z hint:
end-workflow	Checkout Repository	2026-02-23T17:12:51.0713688Z hint: Disable this message with "git config set advice.defaultBranchName false"
end-workflow	Checkout Repository	2026-02-23T17:12:51.0714886Z Initialized empty Git repository in /home/runner/_work/ka0s/ka0s/.git/
end-workflow	Checkout Repository	2026-02-23T17:12:51.0716982Z [command]/usr/bin/git remote add origin https://github.com/Ka0s-Klaus/ka0s
end-workflow	Checkout Repository	2026-02-23T17:12:51.0751944Z ##[endgroup]
end-workflow	Checkout Repository	2026-02-23T17:12:51.0754597Z ##[group]Disabling automatic garbage collection
end-workflow	Checkout Repository	2026-02-23T17:12:51.0763663Z [command]/usr/bin/git config --local gc.auto 0
end-workflow	Checkout Repository	2026-02-23T17:12:51.0821853Z ##[endgroup]
end-workflow	Checkout Repository	2026-02-23T17:12:51.0832121Z ##[group]Setting up auth
end-workflow	Checkout Repository	2026-02-23T17:12:51.0837847Z [command]/usr/bin/git config --local --name-only --get-regexp core\.sshCommand
end-workflow	Checkout Repository	2026-02-23T17:12:51.0898337Z [command]/usr/bin/git submodule foreach --recursive sh -c "git config --local --name-only --get-regexp 'core\.sshCommand' && git config --local --unset-all 'core.sshCommand' || :"
end-workflow	Checkout Repository	2026-02-23T17:12:51.1257236Z [command]/usr/bin/git config --local --name-only --get-regexp http\.https\:\/\/github\.com\/\.extraheader
end-workflow	Checkout Repository	2026-02-23T17:12:51.1296912Z [command]/usr/bin/git submodule foreach --recursive sh -c "git config --local --name-only --get-regexp 'http\.https\:\/\/github\.com\/\.extraheader' && git config --local --unset-all 'http.https://github.com/.extraheader' || :"
end-workflow	Checkout Repository	2026-02-23T17:12:51.1628187Z [command]/usr/bin/git config --local --name-only --get-regexp ^includeIf\.gitdir:
end-workflow	Checkout Repository	2026-02-23T17:12:51.1675778Z [command]/usr/bin/git submodule foreach --recursive git config --local --show-origin --name-only --get-regexp remote.origin.url
end-workflow	Checkout Repository	2026-02-23T17:12:51.2006877Z [command]/usr/bin/git config --local http.https://github.com/.extraheader AUTHORIZATION: basic ***
end-workflow	Checkout Repository	2026-02-23T17:12:51.2067851Z ##[endgroup]
end-workflow	Checkout Repository	2026-02-23T17:12:51.2068825Z ##[group]Fetching the repository
end-workflow	Checkout Repository	2026-02-23T17:12:51.2077423Z [command]/usr/bin/git -c protocol.version=2 fetch --prune --no-recurse-submodules origin +refs/heads/*:refs/remotes/origin/* +refs/tags/*:refs/tags/*
end-workflow	Checkout Repository	2026-02-23T17:13:12.6295699Z From https://github.com/Ka0s-Klaus/ka0s
end-workflow	Checkout Repository	2026-02-23T17:13:12.6296435Z  * [new branch]          F3450-modelo-operativo -> origin/F3450-modelo-operativo
end-workflow	Checkout Repository	2026-02-23T17:13:12.6297125Z  * [new branch]          H1276-modulo-observabilidad -> origin/H1276-modulo-observabilidad
end-workflow	Checkout Repository	2026-02-23T17:13:12.6297757Z  * [new branch]          H3596-deploy-itop      -> origin/H3596-deploy-itop
end-workflow	Checkout Repository	2026-02-23T17:13:12.6301339Z  * [new branch]          H4170-flujo-detallado-zabbix---github -> origin/H4170-flujo-detallado-zabbix---github
end-workflow	Checkout Repository	2026-02-23T17:13:12.6302154Z  * [new branch]          H4191-request-cambios  -> origin/H4191-request-cambios
end-workflow	Checkout Repository	2026-02-23T17:13:12.6302960Z  * [new branch]          H4200-request-recomendaciones-de-auditoria -> origin/H4200-request-recomendaciones-de-auditoria
end-workflow	Checkout Repository	2026-02-23T17:13:12.6303715Z  * [new branch]          main                   -> origin/main
end-workflow	Checkout Repository	2026-02-23T17:13:12.6304170Z  * [new tag]             0.0.0                  -> 0.0.0
end-workflow	Checkout Repository	2026-02-23T17:13:12.6304688Z  * [new tag]             0.0.1                  -> 0.0.1
end-workflow	Checkout Repository	2026-02-23T17:13:12.6305097Z  * [new tag]             0.0.10                 -> 0.0.10
end-workflow	Checkout Repository	2026-02-23T17:13:12.6305553Z  * [new tag]             0.0.100                -> 0.0.100
end-workflow	Checkout Repository	2026-02-23T17:13:12.6305957Z  * [new tag]             0.0.101                -> 0.0.101
end-workflow	Checkout Repository	2026-02-23T17:13:12.6306396Z  * [new tag]             0.0.102                -> 0.0.102
end-workflow	Checkout Repository	2026-02-23T17:13:12.6306860Z  * [new tag]             0.0.103                -> 0.0.103
end-workflow	Checkout Repository	2026-02-23T17:13:12.6307310Z  * [new tag]             0.0.104                -> 0.0.104
end-workflow	Checkout Repository	2026-02-23T17:13:12.6307717Z  * [new tag]             0.0.105                -> 0.0.105
end-workflow	Checkout Repository	2026-02-23T17:13:12.6308129Z  * [new tag]             0.0.106                -> 0.0.106
end-workflow	Checkout Repository	2026-02-23T17:13:12.6308568Z  * [new tag]             0.0.107                -> 0.0.107
end-workflow	Checkout Repository	2026-02-23T17:13:12.6308970Z  * [new tag]             0.0.108                -> 0.0.108
end-workflow	Checkout Repository	2026-02-23T17:13:12.6309865Z  * [new tag]             0.0.109                -> 0.0.109
end-workflow	Checkout Repository	2026-02-23T17:13:12.6320200Z  * [new tag]             0.0.11                 -> 0.0.11
end-workflow	Checkout Repository	2026-02-23T17:13:12.6320740Z  * [new tag]             0.0.110                -> 0.0.110
end-workflow	Checkout Repository	2026-02-23T17:13:12.6321143Z  * [new tag]             0.0.111                -> 0.0.111
end-workflow	Checkout Repository	2026-02-23T17:13:12.6321549Z  * [new tag]             0.0.112                -> 0.0.112
end-workflow	Checkout Repository	2026-02-23T17:13:12.6321952Z  * [new tag]             0.0.113                -> 0.0.113
end-workflow	Checkout Repository	2026-02-23T17:13:12.6322363Z  * [new tag]             0.0.114                -> 0.0.114
end-workflow	Checkout Repository	2026-02-23T17:13:12.6322925Z  * [new tag]             0.0.115                -> 0.0.115
end-workflow	Checkout Repository	2026-02-23T17:13:12.6323340Z  * [new tag]             0.0.116                -> 0.0.116
end-workflow	Checkout Repository	2026-02-23T17:13:12.6323833Z  * [new tag]             0.0.117                -> 0.0.117
end-workflow	Checkout Repository	2026-02-23T17:13:12.6324306Z  * [new tag]             0.0.118                -> 0.0.118
end-workflow	Checkout Repository	2026-02-23T17:13:12.6324707Z  * [new tag]             0.0.119                -> 0.0.119
end-workflow	Checkout Repository	2026-02-23T17:13:12.6325446Z  * [new tag]             0.0.12                 -> 0.0.12
end-workflow	Checkout Repository	2026-02-23T17:13:12.6325853Z  * [new tag]             0.0.120                -> 0.0.120
end-workflow	Checkout Repository	2026-02-23T17:13:12.6326258Z  * [new tag]             0.0.121                -> 0.0.121
end-workflow	Checkout Repository	2026-02-23T17:13:12.6326662Z  * [new tag]             0.0.122                -> 0.0.122
end-workflow	Checkout Repository	2026-02-23T17:13:12.6327069Z  * [new tag]             0.0.123                -> 0.0.123
end-workflow	Checkout Repository	2026-02-23T17:13:12.6327468Z  * [new tag]             0.0.124                -> 0.0.124
end-workflow	Checkout Repository	2026-02-23T17:13:12.6327867Z  * [new tag]             0.0.125                -> 0.0.125
end-workflow	Checkout Repository	2026-02-23T17:13:12.6328270Z  * [new tag]             0.0.126                -> 0.0.126
end-workflow	Checkout Repository	2026-02-23T17:13:12.6328675Z  * [new tag]             0.0.127                -> 0.0.127
end-workflow	Checkout Repository	2026-02-23T17:13:12.6329081Z  * [new tag]             0.0.128                -> 0.0.128
end-workflow	Checkout Repository	2026-02-23T17:13:12.6329482Z  * [new tag]             0.0.129                -> 0.0.129
end-workflow	Checkout Repository	2026-02-23T17:13:12.6339748Z  * [new tag]             0.0.13                 -> 0.0.13
end-workflow	Checkout Repository	2026-02-23T17:13:12.6340207Z  * [new tag]             0.0.130                -> 0.0.130
end-workflow	Checkout Repository	2026-02-23T17:13:12.6341989Z  * [new tag]             0.0.131                -> 0.0.131
end-workflow	Checkout Repository	2026-02-23T17:13:12.6342403Z  * [new tag]             0.0.132                -> 0.0.132
end-workflow	Checkout Repository	2026-02-23T17:13:12.6342809Z  * [new tag]             0.0.133                -> 0.0.133
end-workflow	Checkout Repository	2026-02-23T17:13:12.6343213Z  * [new tag]             0.0.134                -> 0.0.134
end-workflow	Checkout Repository	2026-02-23T17:13:12.6343613Z  * [new tag]             0.0.135                -> 0.0.135
end-workflow	Checkout Repository	2026-02-23T17:13:12.6344020Z  * [new tag]             0.0.136                -> 0.0.136
end-workflow	Checkout Repository	2026-02-23T17:13:12.6344426Z  * [new tag]             0.0.137                -> 0.0.137
end-workflow	Checkout Repository	2026-02-23T17:13:12.6344834Z  * [new tag]             0.0.138                -> 0.0.138
end-workflow	Checkout Repository	2026-02-23T17:13:12.6345233Z  * [new tag]             0.0.139                -> 0.0.139
end-workflow	Checkout Repository	2026-02-23T17:13:12.6422488Z  * [new tag]             0.0.14                 -> 0.0.14
end-workflow	Checkout Repository	2026-02-23T17:13:12.6423181Z  * [new tag]             0.0.140                -> 0.0.140
end-workflow	Checkout Repository	2026-02-23T17:13:12.6423566Z  * [new tag]             0.0.141                -> 0.0.141
end-workflow	Checkout Repository	2026-02-23T17:13:12.6423951Z  * [new tag]             0.0.142                -> 0.0.142
end-workflow	Checkout Repository	2026-02-23T17:13:12.6424327Z  * [new tag]             0.0.143                -> 0.0.143
end-workflow	Checkout Repository	2026-02-23T17:13:12.6424705Z  * [new tag]             0.0.144                -> 0.0.144
end-workflow	Checkout Repository	2026-02-23T17:13:12.6425080Z  * [new tag]             0.0.145                -> 0.0.145
end-workflow	Checkout Repository	2026-02-23T17:13:12.6425460Z  * [new tag]             0.0.146                -> 0.0.146
end-workflow	Checkout Repository	2026-02-23T17:13:12.6425840Z  * [new tag]             0.0.147                -> 0.0.147
end-workflow	Checkout Repository	2026-02-23T17:13:12.6426221Z  * [new tag]             0.0.148                -> 0.0.148
end-workflow	Checkout Repository	2026-02-23T17:13:12.6426593Z  * [new tag]             0.0.149                -> 0.0.149
end-workflow	Checkout Repository	2026-02-23T17:13:12.6426990Z  * [new tag]             0.0.15                 -> 0.0.15
end-workflow	Checkout Repository	2026-02-23T17:13:12.6427408Z  * [new tag]             0.0.150                -> 0.0.150
end-workflow	Checkout Repository	2026-02-23T17:13:12.6441552Z  * [new tag]             0.0.151                -> 0.0.151
end-workflow	Checkout Repository	2026-02-23T17:13:12.6441964Z  * [new tag]             0.0.152                -> 0.0.152
end-workflow	Checkout Repository	2026-02-23T17:13:12.6442368Z  * [new tag]             0.0.153                -> 0.0.153
end-workflow	Checkout Repository	2026-02-23T17:13:12.6443034Z  * [new tag]             0.0.154                -> 0.0.154
end-workflow	Checkout Repository	2026-02-23T17:13:12.6443440Z  * [new tag]             0.0.155                -> 0.0.155
end-workflow	Checkout Repository	2026-02-23T17:13:12.6443953Z  * [new tag]             0.0.156                -> 0.0.156
end-workflow	Checkout Repository	2026-02-23T17:13:12.6444339Z  * [new tag]             0.0.157                -> 0.0.157
end-workflow	Checkout Repository	2026-02-23T17:13:12.6444735Z  * [new tag]             0.0.158                -> 0.0.158
end-workflow	Checkout Repository	2026-02-23T17:13:12.6445122Z  * [new tag]             0.0.159                -> 0.0.159
end-workflow	Checkout Repository	2026-02-23T17:13:12.6445507Z  * [new tag]             0.0.16                 -> 0.0.16
end-workflow	Checkout Repository	2026-02-23T17:13:12.6445902Z  * [new tag]             0.0.160                -> 0.0.160
end-workflow	Checkout Repository	2026-02-23T17:13:12.6446287Z  * [new tag]             0.0.161                -> 0.0.161
end-workflow	Checkout Repository	2026-02-23T17:13:12.6446903Z  * [new tag]             0.0.162                -> 0.0.162
end-workflow	Checkout Repository	2026-02-23T17:13:12.6447302Z  * [new tag]             0.0.163                -> 0.0.163
end-workflow	Checkout Repository	2026-02-23T17:13:12.6447687Z  * [new tag]             0.0.164                -> 0.0.164
end-workflow	Checkout Repository	2026-02-23T17:13:12.6448073Z  * [new tag]             0.0.165                -> 0.0.165
end-workflow	Checkout Repository	2026-02-23T17:13:12.6448456Z  * [new tag]             0.0.166                -> 0.0.166
end-workflow	Checkout Repository	2026-02-23T17:13:12.6448842Z  * [new tag]             0.0.167                -> 0.0.167
end-workflow	Checkout Repository	2026-02-23T17:13:12.6449227Z  * [new tag]             0.0.168                -> 0.0.168
end-workflow	Checkout Repository	2026-02-23T17:13:12.6449614Z  * [new tag]             0.0.169                -> 0.0.169
end-workflow	Checkout Repository	2026-02-23T17:13:12.6449996Z  * [new tag]             0.0.17                 -> 0.0.17
end-workflow	Checkout Repository	2026-02-23T17:13:12.6453124Z  * [new tag]             0.0.170                -> 0.0.170
end-workflow	Checkout Repository	2026-02-23T17:13:12.6453584Z  * [new tag]             0.0.171                -> 0.0.171
end-workflow	Checkout Repository	2026-02-23T17:13:12.6454008Z  * [new tag]             0.0.172                -> 0.0.172
end-workflow	Checkout Repository	2026-02-23T17:13:12.6454396Z  * [new tag]             0.0.173                -> 0.0.173
end-workflow	Checkout Repository	2026-02-23T17:13:12.6454783Z  * [new tag]             0.0.174                -> 0.0.174
end-workflow	Checkout Repository	2026-02-23T17:13:12.6455168Z  * [new tag]             0.0.175                -> 0.0.175
end-workflow	Checkout Repository	2026-02-23T17:13:12.6455547Z  * [new tag]             0.0.176                -> 0.0.176
end-workflow	Checkout Repository	2026-02-23T17:13:12.6455938Z  * [new tag]             0.0.177                -> 0.0.177
end-workflow	Checkout Repository	2026-02-23T17:13:12.6456322Z  * [new tag]             0.0.178                -> 0.0.178
end-workflow	Checkout Repository	2026-02-23T17:13:12.6456706Z  * [new tag]             0.0.179                -> 0.0.179
end-workflow	Checkout Repository	2026-02-23T17:13:12.6457091Z  * [new tag]             0.0.18                 -> 0.0.18
end-workflow	Checkout Repository	2026-02-23T17:13:12.6457480Z  * [new tag]             0.0.19                 -> 0.0.19
end-workflow	Checkout Repository	2026-02-23T17:13:12.6457870Z  * [new tag]             0.0.2                  -> 0.0.2
end-workflow	Checkout Repository	2026-02-23T17:13:12.6458251Z  * [new tag]             0.0.20                 -> 0.0.20
end-workflow	Checkout Repository	2026-02-23T17:13:12.6458666Z  * [new tag]             0.0.21                 -> 0.0.21
end-workflow	Checkout Repository	2026-02-23T17:13:12.6459056Z  * [new tag]             0.0.22                 -> 0.0.22
end-workflow	Checkout Repository	2026-02-23T17:13:12.6459444Z  * [new tag]             0.0.23                 -> 0.0.23
end-workflow	Checkout Repository	2026-02-23T17:13:12.6459824Z  * [new tag]             0.0.24                 -> 0.0.24
end-workflow	Checkout Repository	2026-02-23T17:13:12.6460214Z  * [new tag]             0.0.25                 -> 0.0.25
end-workflow	Checkout Repository	2026-02-23T17:13:12.6461032Z  * [new tag]             0.0.26                 -> 0.0.26
end-workflow	Checkout Repository	2026-02-23T17:13:12.6461559Z  * [new tag]             0.0.27                 -> 0.0.27
end-workflow	Checkout Repository	2026-02-23T17:13:12.6461950Z  * [new tag]             0.0.28                 -> 0.0.28
end-workflow	Checkout Repository	2026-02-23T17:13:12.6462332Z  * [new tag]             0.0.29                 -> 0.0.29
end-workflow	Checkout Repository	2026-02-23T17:13:12.6462720Z  * [new tag]             0.0.3                  -> 0.0.3
end-workflow	Checkout Repository	2026-02-23T17:13:12.6463108Z  * [new tag]             0.0.30                 -> 0.0.30
end-workflow	Checkout Repository	2026-02-23T17:13:12.6463493Z  * [new tag]             0.0.31                 -> 0.0.31
end-workflow	Checkout Repository	2026-02-23T17:13:12.6464159Z  * [new tag]             0.0.32                 -> 0.0.32
end-workflow	Checkout Repository	2026-02-23T17:13:12.6464551Z  * [new tag]             0.0.33                 -> 0.0.33
end-workflow	Checkout Repository	2026-02-23T17:13:12.6464941Z  * [new tag]             0.0.34                 -> 0.0.34
end-workflow	Checkout Repository	2026-02-23T17:13:12.6465325Z  * [new tag]             0.0.35                 -> 0.0.35
end-workflow	Checkout Repository	2026-02-23T17:13:12.6465718Z  * [new tag]             0.0.36                 -> 0.0.36
end-workflow	Checkout Repository	2026-02-23T17:13:12.6466104Z  * [new tag]             0.0.37                 -> 0.0.37
end-workflow	Checkout Repository	2026-02-23T17:13:12.6466490Z  * [new tag]             0.0.38                 -> 0.0.38
end-workflow	Checkout Repository	2026-02-23T17:13:12.6466880Z  * [new tag]             0.0.39                 -> 0.0.39
end-workflow	Checkout Repository	2026-02-23T17:13:12.6467271Z  * [new tag]             0.0.4                  -> 0.0.4
end-workflow	Checkout Repository	2026-02-23T17:13:12.6467660Z  * [new tag]             0.0.40                 -> 0.0.40
end-workflow	Checkout Repository	2026-02-23T17:13:12.6468044Z  * [new tag]             0.0.41                 -> 0.0.41
end-workflow	Checkout Repository	2026-02-23T17:13:12.6468433Z  * [new tag]             0.0.42                 -> 0.0.42
end-workflow	Checkout Repository	2026-02-23T17:13:12.6469041Z  * [new tag]             0.0.43                 -> 0.0.43
end-workflow	Checkout Repository	2026-02-23T17:13:12.6469429Z  * [new tag]             0.0.44                 -> 0.0.44
end-workflow	Checkout Repository	2026-02-23T17:13:12.6469815Z  * [new tag]             0.0.45                 -> 0.0.45
end-workflow	Checkout Repository	2026-02-23T17:13:12.6470550Z  * [new tag]             0.0.46                 -> 0.0.46
end-workflow	Checkout Repository	2026-02-23T17:13:12.6471079Z  * [new tag]             0.0.47                 -> 0.0.47
end-workflow	Checkout Repository	2026-02-23T17:13:12.6471585Z  * [new tag]             0.0.48                 -> 0.0.48
end-workflow	Checkout Repository	2026-02-23T17:13:12.6471973Z  * [new tag]             0.0.49                 -> 0.0.49
end-workflow	Checkout Repository	2026-02-23T17:13:12.6472361Z  * [new tag]             0.0.5                  -> 0.0.5
end-workflow	Checkout Repository	2026-02-23T17:13:12.6472741Z  * [new tag]             0.0.50                 -> 0.0.50
end-workflow	Checkout Repository	2026-02-23T17:13:12.6473125Z  * [new tag]             0.0.51                 -> 0.0.51
end-workflow	Checkout Repository	2026-02-23T17:13:12.6473508Z  * [new tag]             0.0.52                 -> 0.0.52
end-workflow	Checkout Repository	2026-02-23T17:13:12.6473908Z  * [new tag]             0.0.53                 -> 0.0.53
end-workflow	Checkout Repository	2026-02-23T17:13:12.6474297Z  * [new tag]             0.0.54                 -> 0.0.54
end-workflow	Checkout Repository	2026-02-23T17:13:12.6474677Z  * [new tag]             0.0.55                 -> 0.0.55
end-workflow	Checkout Repository	2026-02-23T17:13:12.6475063Z  * [new tag]             0.0.56                 -> 0.0.56
end-workflow	Checkout Repository	2026-02-23T17:13:12.6475459Z  * [new tag]             0.0.57                 -> 0.0.57
end-workflow	Checkout Repository	2026-02-23T17:13:12.6475836Z  * [new tag]             0.0.58                 -> 0.0.58
end-workflow	Checkout Repository	2026-02-23T17:13:12.6476217Z  * [new tag]             0.0.59                 -> 0.0.59
end-workflow	Checkout Repository	2026-02-23T17:13:12.6476597Z  * [new tag]             0.0.6                  -> 0.0.6
end-workflow	Checkout Repository	2026-02-23T17:13:12.6476978Z  * [new tag]             0.0.60                 -> 0.0.60
end-workflow	Checkout Repository	2026-02-23T17:13:12.6477353Z  * [new tag]             0.0.61                 -> 0.0.61
end-workflow	Checkout Repository	2026-02-23T17:13:12.6477734Z  * [new tag]             0.0.62                 -> 0.0.62
end-workflow	Checkout Repository	2026-02-23T17:13:12.6478110Z  * [new tag]             0.0.63                 -> 0.0.63
end-workflow	Checkout Repository	2026-02-23T17:13:12.6478503Z  * [new tag]             0.0.64                 -> 0.0.64
end-workflow	Checkout Repository	2026-02-23T17:13:12.6478876Z  * [new tag]             0.0.65                 -> 0.0.65
end-workflow	Checkout Repository	2026-02-23T17:13:12.6479250Z  * [new tag]             0.0.66                 -> 0.0.66
end-workflow	Checkout Repository	2026-02-23T17:13:12.6479625Z  * [new tag]             0.0.67                 -> 0.0.67
end-workflow	Checkout Repository	2026-02-23T17:13:12.6479999Z  * [new tag]             0.0.68                 -> 0.0.68
end-workflow	Checkout Repository	2026-02-23T17:13:12.6480563Z  * [new tag]             0.0.69                 -> 0.0.69
end-workflow	Checkout Repository	2026-02-23T17:13:12.6481071Z  * [new tag]             0.0.7                  -> 0.0.7
end-workflow	Checkout Repository	2026-02-23T17:13:12.6481454Z  * [new tag]             0.0.70                 -> 0.0.70
end-workflow	Checkout Repository	2026-02-23T17:13:12.6481826Z  * [new tag]             0.0.71                 -> 0.0.71
end-workflow	Checkout Repository	2026-02-23T17:13:12.6482204Z  * [new tag]             0.0.72                 -> 0.0.72
end-workflow	Checkout Repository	2026-02-23T17:13:12.6482582Z  * [new tag]             0.0.73                 -> 0.0.73
end-workflow	Checkout Repository	2026-02-23T17:13:12.6482956Z  * [new tag]             0.0.74                 -> 0.0.74
end-workflow	Checkout Repository	2026-02-23T17:13:12.6483541Z  * [new tag]             0.0.75                 -> 0.0.75
end-workflow	Checkout Repository	2026-02-23T17:13:12.6483919Z  * [new tag]             0.0.76                 -> 0.0.76
end-workflow	Checkout Repository	2026-02-23T17:13:12.6484295Z  * [new tag]             0.0.77                 -> 0.0.77
end-workflow	Checkout Repository	2026-02-23T17:13:12.6484668Z  * [new tag]             0.0.78                 -> 0.0.78
end-workflow	Checkout Repository	2026-02-23T17:13:12.6485044Z  * [new tag]             0.0.79                 -> 0.0.79
end-workflow	Checkout Repository	2026-02-23T17:13:12.6485421Z  * [new tag]             0.0.8                  -> 0.0.8
end-workflow	Checkout Repository	2026-02-23T17:13:12.6485795Z  * [new tag]             0.0.80                 -> 0.0.80
end-workflow	Checkout Repository	2026-02-23T17:13:12.6486164Z  * [new tag]             0.0.81                 -> 0.0.81
end-workflow	Checkout Repository	2026-02-23T17:13:12.6486541Z  * [new tag]             0.0.82                 -> 0.0.82
end-workflow	Checkout Repository	2026-02-23T17:13:12.6486923Z  * [new tag]             0.0.83                 -> 0.0.83
end-workflow	Checkout Repository	2026-02-23T17:13:12.6487299Z  * [new tag]             0.0.84                 -> 0.0.84
end-workflow	Checkout Repository	2026-02-23T17:13:12.6487675Z  * [new tag]             0.0.85                 -> 0.0.85
end-workflow	Checkout Repository	2026-02-23T17:13:12.6488248Z  * [new tag]             0.0.86                 -> 0.0.86
end-workflow	Checkout Repository	2026-02-23T17:13:12.6488624Z  * [new tag]             0.0.87                 -> 0.0.87
end-workflow	Checkout Repository	2026-02-23T17:13:12.6488996Z  * [new tag]             0.0.88                 -> 0.0.88
end-workflow	Checkout Repository	2026-02-23T17:13:12.6489375Z  * [new tag]             0.0.89                 -> 0.0.89
end-workflow	Checkout Repository	2026-02-23T17:13:12.6489750Z  * [new tag]             0.0.9                  -> 0.0.9
end-workflow	Checkout Repository	2026-02-23T17:13:12.6490125Z  * [new tag]             0.0.90                 -> 0.0.90
end-workflow	Checkout Repository	2026-02-23T17:13:12.6490966Z  * [new tag]             0.0.91                 -> 0.0.91
end-workflow	Checkout Repository	2026-02-23T17:13:12.6491601Z  * [new tag]             0.0.92                 -> 0.0.92
end-workflow	Checkout Repository	2026-02-23T17:13:12.6491979Z  * [new tag]             0.0.93                 -> 0.0.93
end-workflow	Checkout Repository	2026-02-23T17:13:12.6492358Z  * [new tag]             0.0.94                 -> 0.0.94
end-workflow	Checkout Repository	2026-02-23T17:13:12.6492735Z  * [new tag]             0.0.95                 -> 0.0.95
end-workflow	Checkout Repository	2026-02-23T17:13:12.6493124Z  * [new tag]             0.0.96                 -> 0.0.96
end-workflow	Checkout Repository	2026-02-23T17:13:12.6493510Z  * [new tag]             0.0.97                 -> 0.0.97
end-workflow	Checkout Repository	2026-02-23T17:13:12.6493883Z  * [new tag]             0.0.98                 -> 0.0.98
end-workflow	Checkout Repository	2026-02-23T17:13:12.6494262Z  * [new tag]             0.0.99                 -> 0.0.99
end-workflow	Checkout Repository	2026-02-23T17:13:12.6494644Z  * [new tag]             0.1.0                  -> 0.1.0
end-workflow	Checkout Repository	2026-02-23T17:13:12.6495022Z  * [new tag]             0.1.1                  -> 0.1.1
end-workflow	Checkout Repository	2026-02-23T17:13:12.6495399Z  * [new tag]             0.2.0                  -> 0.2.0
end-workflow	Checkout Repository	2026-02-23T17:13:12.6495779Z  * [new tag]             0.3.0                  -> 0.3.0
end-workflow	Checkout Repository	2026-02-23T17:13:12.6496154Z  * [new tag]             0.3.1                  -> 0.3.1
end-workflow	Checkout Repository	2026-02-23T17:13:12.6496555Z  * [new tag]             0.3.10                 -> 0.3.10
end-workflow	Checkout Repository	2026-02-23T17:13:12.6496941Z  * [new tag]             0.3.11                 -> 0.3.11
end-workflow	Checkout Repository	2026-02-23T17:13:12.6497319Z  * [new tag]             0.3.12                 -> 0.3.12
end-workflow	Checkout Repository	2026-02-23T17:13:12.6497712Z  * [new tag]             0.3.13                 -> 0.3.13
end-workflow	Checkout Repository	2026-02-23T17:13:12.6498089Z  * [new tag]             0.3.14                 -> 0.3.14
end-workflow	Checkout Repository	2026-02-23T17:13:12.6498467Z  * [new tag]             0.3.15                 -> 0.3.15
end-workflow	Checkout Repository	2026-02-23T17:13:12.6498840Z  * [new tag]             0.3.16                 -> 0.3.16
end-workflow	Checkout Repository	2026-02-23T17:13:12.6499217Z  * [new tag]             0.3.17                 -> 0.3.17
end-workflow	Checkout Repository	2026-02-23T17:13:12.6499592Z  * [new tag]             0.3.2                  -> 0.3.2
end-workflow	Checkout Repository	2026-02-23T17:13:12.6499964Z  * [new tag]             0.3.3                  -> 0.3.3
end-workflow	Checkout Repository	2026-02-23T17:13:12.6500694Z  * [new tag]             0.3.4                  -> 0.3.4
end-workflow	Checkout Repository	2026-02-23T17:13:12.6501093Z  * [new tag]             0.3.5                  -> 0.3.5
end-workflow	Checkout Repository	2026-02-23T17:13:12.6501604Z  * [new tag]             0.3.6                  -> 0.3.6
end-workflow	Checkout Repository	2026-02-23T17:13:12.6501973Z  * [new tag]             0.3.7                  -> 0.3.7
end-workflow	Checkout Repository	2026-02-23T17:13:12.6502348Z  * [new tag]             0.3.8                  -> 0.3.8
end-workflow	Checkout Repository	2026-02-23T17:13:12.6502980Z  * [new tag]             0.3.9                  -> 0.3.9
end-workflow	Checkout Repository	2026-02-23T17:13:12.6503358Z  * [new tag]             0.4.0                  -> 0.4.0
end-workflow	Checkout Repository	2026-02-23T17:13:12.6503727Z  * [new tag]             0.4.1                  -> 0.4.1
end-workflow	Checkout Repository	2026-02-23T17:13:12.6504106Z  * [new tag]             0.4.2                  -> 0.4.2
end-workflow	Checkout Repository	2026-02-23T17:13:12.6504480Z  * [new tag]             0.4.3                  -> 0.4.3
end-workflow	Checkout Repository	2026-02-23T17:13:12.6504848Z  * [new tag]             0.4.4                  -> 0.4.4
end-workflow	Checkout Repository	2026-02-23T17:13:12.6505224Z  * [new tag]             0.4.5                  -> 0.4.5
end-workflow	Checkout Repository	2026-02-23T17:13:12.6505601Z  * [new tag]             0.4.6                  -> 0.4.6
end-workflow	Checkout Repository	2026-02-23T17:13:12.6505976Z  * [new tag]             0.4.7                  -> 0.4.7
end-workflow	Checkout Repository	2026-02-23T17:13:12.6506349Z  * [new tag]             0.4.8                  -> 0.4.8
end-workflow	Checkout Repository	2026-02-23T17:13:12.6506724Z  * [new tag]             0.4.9                  -> 0.4.9
end-workflow	Checkout Repository	2026-02-23T17:13:12.6507100Z  * [new tag]             0.5.0                  -> 0.5.0
end-workflow	Checkout Repository	2026-02-23T17:13:12.6507671Z  * [new tag]             0.5.1                  -> 0.5.1
end-workflow	Checkout Repository	2026-02-23T17:13:12.6508051Z  * [new tag]             0.5.2                  -> 0.5.2
end-workflow	Checkout Repository	2026-02-23T17:13:12.6508429Z  * [new tag]             0.6.0                  -> 0.6.0
end-workflow	Checkout Repository	2026-02-23T17:13:12.6508807Z  * [new tag]             0.6.1                  -> 0.6.1
end-workflow	Checkout Repository	2026-02-23T17:13:12.6509180Z  * [new tag]             0.6.2                  -> 0.6.2
end-workflow	Checkout Repository	2026-02-23T17:13:12.6509555Z  * [new tag]             0.6.3                  -> 0.6.3
end-workflow	Checkout Repository	2026-02-23T17:13:12.6509936Z  * [new tag]             0.6.4                  -> 0.6.4
end-workflow	Checkout Repository	2026-02-23T17:13:12.6510368Z  * [new tag]             0.6.5                  -> 0.6.5
end-workflow	Checkout Repository	2026-02-23T17:13:12.6698853Z [command]/usr/bin/git branch --list --remote origin/main
end-workflow	Checkout Repository	2026-02-23T17:13:12.6776208Z   origin/main
end-workflow	Checkout Repository	2026-02-23T17:13:12.6787965Z [command]/usr/bin/git rev-parse refs/remotes/origin/main
end-workflow	Checkout Repository	2026-02-23T17:13:12.6817903Z 7bc9787a7f7333042294944669a51a5d4ce8d05e
end-workflow	Checkout Repository	2026-02-23T17:13:12.6831777Z [command]/usr/bin/git -c protocol.version=2 fetch --no-tags --prune --no-recurse-submodules origin +f692515066430557f9a7363b0fd459ac6ba51105:refs/remotes/origin/main
end-workflow	Checkout Repository	2026-02-23T17:13:12.7017896Z From https://github.com/Ka0s-Klaus/ka0s
end-workflow	Checkout Repository	2026-02-23T17:13:12.7018616Z  + 7bc9787a7...f69251506 f692515066430557f9a7363b0fd459ac6ba51105 -> origin/main  (forced update)
end-workflow	Checkout Repository	2026-02-23T17:13:12.7055263Z ##[endgroup]
end-workflow	Checkout Repository	2026-02-23T17:13:12.7055896Z ##[group]Determining the checkout info
end-workflow	Checkout Repository	2026-02-23T17:13:12.7056550Z ##[endgroup]
end-workflow	Checkout Repository	2026-02-23T17:13:12.7062534Z [command]/usr/bin/git sparse-checkout disable
end-workflow	Checkout Repository	2026-02-23T17:13:12.7115661Z [command]/usr/bin/git config --local --unset-all extensions.worktreeConfig
end-workflow	Checkout Repository	2026-02-23T17:13:12.7155836Z ##[group]Checking out the ref
end-workflow	Checkout Repository	2026-02-23T17:13:12.7167094Z [command]/usr/bin/git checkout --progress --force -B main refs/remotes/origin/main
end-workflow	Checkout Repository	2026-02-23T17:13:12.9613280Z Switched to a new branch 'main'
end-workflow	Checkout Repository	2026-02-23T17:13:12.9615110Z branch 'main' set up to track 'origin/main'.
end-workflow	Checkout Repository	2026-02-23T17:13:12.9646886Z ##[endgroup]
end-workflow	Checkout Repository	2026-02-23T17:13:12.9702588Z [command]/usr/bin/git log -1 --format=%H
end-workflow	Checkout Repository	2026-02-23T17:13:12.9739164Z f692515066430557f9a7363b0fd459ac6ba51105
end-workflow	Install GH CLI	Ôªø2026-02-23T17:13:13.0035855Z Prepare all required actions
end-workflow	Install GH CLI	2026-02-23T17:13:13.0087627Z ##[group]Run ./.github/actions/install-gh-cli
end-workflow	Install GH CLI	2026-02-23T17:13:13.0087956Z env:
end-workflow	Install GH CLI	2026-02-23T17:13:13.0088148Z   PYTHON_VERSION: 3.9
end-workflow	Install GH CLI	2026-02-23T17:13:13.0089060Z   MONGO_SUPERUSER_CONNECTION: ***
end-workflow	Install GH CLI	2026-02-23T17:13:13.0089455Z   MONGO_NEW_PASS: ***
end-workflow	Install GH CLI	2026-02-23T17:13:13.0089787Z   MONGO_SCRIPT_CREATE: devops/core/mongo/scripts/mongodb_status_report.py
end-workflow	Install GH CLI	2026-02-23T17:13:13.0090182Z   KAOS_CODE: 22316666124
end-workflow	Install GH CLI	2026-02-23T17:13:13.0090586Z   REPORT_SCAN: audit/
end-workflow	Install GH CLI	2026-02-23T17:13:13.0090811Z   REPORT_PATH: audit/mongodb/
end-workflow	Install GH CLI	2026-02-23T17:13:13.0091057Z   REPORT_FILENAME: 22316666124.json
end-workflow	Install GH CLI	2026-02-23T17:13:13.0091334Z   KAOS_MODULE: [Ka0s] Status MongDB Report
end-workflow	Install GH CLI	2026-02-23T17:13:13.0091606Z ##[endgroup]
end-workflow	Install GH CLI	2026-02-23T17:13:13.0188160Z ##[group]Run type -p curl >/dev/null || (sudo apt-get update && sudo apt-get install curl -y)
end-workflow	Install GH CLI	2026-02-23T17:13:13.0189137Z [36;1mtype -p curl >/dev/null || (sudo apt-get update && sudo apt-get install curl -y)[0m
end-workflow	Install GH CLI	2026-02-23T17:13:13.0190017Z [36;1mcurl -fsSL https://cli.github.com/packages/githubcli-archive-keyring.gpg | sudo dd of=/usr/share/keyrings/githubcli-archive-keyring.gpg \[0m
end-workflow	Install GH CLI	2026-02-23T17:13:13.0191422Z [36;1m&& sudo chmod go+r /usr/share/keyrings/githubcli-archive-keyring.gpg \[0m
end-workflow	Install GH CLI	2026-02-23T17:13:13.0192653Z [36;1m&& echo "deb [arch=$(dpkg --print-architecture) signed-by=/usr/share/keyrings/githubcli-archive-keyring.gpg] https://cli.github.com/packages stable main" | sudo tee /etc/apt/sources.list.d/github-cli.list > /dev/null \[0m
end-workflow	Install GH CLI	2026-02-23T17:13:13.0193663Z [36;1m&& sudo apt-get update \[0m
end-workflow	Install GH CLI	2026-02-23T17:13:13.0193942Z [36;1m&& sudo apt-get install gh -y[0m
end-workflow	Install GH CLI	2026-02-23T17:13:13.0211645Z shell: /usr/bin/bash --noprofile --norc -e -o pipefail {0}
end-workflow	Install GH CLI	2026-02-23T17:13:13.0212004Z env:
end-workflow	Install GH CLI	2026-02-23T17:13:13.0212196Z   PYTHON_VERSION: 3.9
end-workflow	Install GH CLI	2026-02-23T17:13:13.0213060Z   MONGO_SUPERUSER_CONNECTION: ***
end-workflow	Install GH CLI	2026-02-23T17:13:13.0213451Z   MONGO_NEW_PASS: ***
end-workflow	Install GH CLI	2026-02-23T17:13:13.0213785Z   MONGO_SCRIPT_CREATE: devops/core/mongo/scripts/mongodb_status_report.py
end-workflow	Install GH CLI	2026-02-23T17:13:13.0214179Z   KAOS_CODE: 22316666124
end-workflow	Install GH CLI	2026-02-23T17:13:13.0214396Z   REPORT_SCAN: audit/
end-workflow	Install GH CLI	2026-02-23T17:13:13.0214615Z   REPORT_PATH: audit/mongodb/
end-workflow	Install GH CLI	2026-02-23T17:13:13.0214871Z   REPORT_FILENAME: 22316666124.json
end-workflow	Install GH CLI	2026-02-23T17:13:13.0215138Z   KAOS_MODULE: [Ka0s] Status MongDB Report
end-workflow	Install GH CLI	2026-02-23T17:13:13.0215410Z ##[endgroup]
end-workflow	Install GH CLI	2026-02-23T17:13:13.2601456Z 4+1 records in
end-workflow	Install GH CLI	2026-02-23T17:13:13.2602580Z 4+1 records out
end-workflow	Install GH CLI	2026-02-23T17:13:13.2603786Z 2270 bytes (2.3 kB, 2.2 KiB) copied, 0.214802 s, 10.6 kB/s
end-workflow	Install GH CLI	2026-02-23T17:13:13.4165756Z Get:1 https://cli.github.com/packages stable InRelease [3917 B]
end-workflow	Install GH CLI	2026-02-23T17:13:13.4507545Z Get:2 http://archive.ubuntu.com/ubuntu noble InRelease [256 kB]
end-workflow	Install GH CLI	2026-02-23T17:13:13.4980173Z Get:3 http://security.ubuntu.com/ubuntu noble-security InRelease [126 kB]
end-workflow	Install GH CLI	2026-02-23T17:13:13.4994312Z Get:4 https://cli.github.com/packages stable/main amd64 Packages [356 B]
end-workflow	Install GH CLI	2026-02-23T17:13:13.6140468Z Get:5 http://archive.ubuntu.com/ubuntu noble-updates InRelease [126 kB]
end-workflow	Install GH CLI	2026-02-23T17:13:13.6221392Z Get:6 https://ppa.launchpadcontent.net/git-core/ppa/ubuntu noble InRelease [24.3 kB]
end-workflow	Install GH CLI	2026-02-23T17:13:13.6522589Z Get:7 http://archive.ubuntu.com/ubuntu noble-backports InRelease [126 kB]
end-workflow	Install GH CLI	2026-02-23T17:13:13.7256353Z Get:8 http://archive.ubuntu.com/ubuntu noble/universe amd64 Packages [19.3 MB]
end-workflow	Install GH CLI	2026-02-23T17:13:13.9030666Z Get:9 https://ppa.launchpadcontent.net/git-core/ppa/ubuntu noble/main amd64 Packages [2992 B]
end-workflow	Install GH CLI	2026-02-23T17:13:14.0739406Z Get:10 http://security.ubuntu.com/ubuntu noble-security/main amd64 Packages [1861 kB]
end-workflow	Install GH CLI	2026-02-23T17:13:14.1058881Z Get:11 http://archive.ubuntu.com/ubuntu noble/restricted amd64 Packages [117 kB]
end-workflow	Install GH CLI	2026-02-23T17:13:14.1069940Z Get:12 http://archive.ubuntu.com/ubuntu noble/multiverse amd64 Packages [331 kB]
end-workflow	Install GH CLI	2026-02-23T17:13:14.1104613Z Get:13 http://archive.ubuntu.com/ubuntu noble/main amd64 Packages [1808 kB]
end-workflow	Install GH CLI	2026-02-23T17:13:14.1731397Z Get:14 http://archive.ubuntu.com/ubuntu noble-updates/universe amd64 Packages [2016 kB]
end-workflow	Install GH CLI	2026-02-23T17:13:14.1871189Z Get:15 http://archive.ubuntu.com/ubuntu noble-updates/multiverse amd64 Packages [38.1 kB]
end-workflow	Install GH CLI	2026-02-23T17:13:14.1873893Z Get:16 http://archive.ubuntu.com/ubuntu noble-updates/main amd64 Packages [2253 kB]
end-workflow	Install GH CLI	2026-02-23T17:13:14.2093540Z Get:17 http://archive.ubuntu.com/ubuntu noble-updates/restricted amd64 Packages [3409 kB]
end-workflow	Install GH CLI	2026-02-23T17:13:14.2391153Z Get:18 http://archive.ubuntu.com/ubuntu noble-backports/main amd64 Packages [49.5 kB]
end-workflow	Install GH CLI	2026-02-23T17:13:14.2396087Z Get:19 http://archive.ubuntu.com/ubuntu noble-backports/universe amd64 Packages [34.6 kB]
end-workflow	Install GH CLI	2026-02-23T17:13:14.4058983Z Get:20 http://security.ubuntu.com/ubuntu noble-security/universe amd64 Packages [1208 kB]
end-workflow	Install GH CLI	2026-02-23T17:13:14.4308103Z Get:21 http://security.ubuntu.com/ubuntu noble-security/restricted amd64 Packages [3209 kB]
end-workflow	Install GH CLI	2026-02-23T17:13:14.5114441Z Get:22 http://security.ubuntu.com/ubuntu noble-security/multiverse amd64 Packages [34.8 kB]
end-workflow	Install GH CLI	2026-02-23T17:13:15.6190870Z Fetched 36.4 MB in 2s (16.2 MB/s)
end-workflow	Install GH CLI	2026-02-23T17:13:16.5487527Z Reading package lists...
end-workflow	Install GH CLI	2026-02-23T17:13:17.5340984Z Reading package lists...
end-workflow	Install GH CLI	2026-02-23T17:13:17.7580035Z Building dependency tree...
end-workflow	Install GH CLI	2026-02-23T17:13:17.7580837Z Reading state information...
end-workflow	Install GH CLI	2026-02-23T17:13:18.1635821Z The following NEW packages will be installed:
end-workflow	Install GH CLI	2026-02-23T17:13:18.1657209Z   gh
end-workflow	Install GH CLI	2026-02-23T17:13:18.6993102Z 0 upgraded, 1 newly installed, 0 to remove and 26 not upgraded.
end-workflow	Install GH CLI	2026-02-23T17:13:18.6994902Z Need to get 13.8 MB of archives.
end-workflow	Install GH CLI	2026-02-23T17:13:18.6996495Z After this operation, 38.4 MB of additional disk space will be used.
end-workflow	Install GH CLI	2026-02-23T17:13:18.6998897Z Get:1 https://cli.github.com/packages stable/main amd64 gh amd64 2.87.2 [13.8 MB]
end-workflow	Install GH CLI	2026-02-23T17:13:19.3465895Z debconf: delaying package configuration, since apt-utils is not installed
end-workflow	Install GH CLI	2026-02-23T17:13:19.3961700Z Fetched 13.8 MB in 1s (17.2 MB/s)
end-workflow	Install GH CLI	2026-02-23T17:13:19.4268921Z Selecting previously unselected package gh.
end-workflow	Install GH CLI	2026-02-23T17:13:19.4316472Z (Reading database ... 
end-workflow	Install GH CLI	2026-02-23T17:13:19.4317073Z (Reading database ... 5%
end-workflow	Install GH CLI	2026-02-23T17:13:19.4317584Z (Reading database ... 10%
end-workflow	Install GH CLI	2026-02-23T17:13:19.4317893Z (Reading database ... 15%
end-workflow	Install GH CLI	2026-02-23T17:13:19.4318178Z (Reading database ... 20%
end-workflow	Install GH CLI	2026-02-23T17:13:19.4318471Z (Reading database ... 25%
end-workflow	Install GH CLI	2026-02-23T17:13:19.4318763Z (Reading database ... 30%
end-workflow	Install GH CLI	2026-02-23T17:13:19.4319048Z (Reading database ... 35%
end-workflow	Install GH CLI	2026-02-23T17:13:19.4319325Z (Reading database ... 40%
end-workflow	Install GH CLI	2026-02-23T17:13:19.4319615Z (Reading database ... 45%
end-workflow	Install GH CLI	2026-02-23T17:13:19.4319900Z (Reading database ... 50%
end-workflow	Install GH CLI	2026-02-23T17:13:19.4320181Z (Reading database ... 55%
end-workflow	Install GH CLI	2026-02-23T17:13:19.4320568Z (Reading database ... 60%
end-workflow	Install GH CLI	2026-02-23T17:13:19.4326071Z (Reading database ... 65%
end-workflow	Install GH CLI	2026-02-23T17:13:19.4352459Z (Reading database ... 70%
end-workflow	Install GH CLI	2026-02-23T17:13:19.4359375Z (Reading database ... 75%
end-workflow	Install GH CLI	2026-02-23T17:13:19.4376609Z (Reading database ... 80%
end-workflow	Install GH CLI	2026-02-23T17:13:19.4382239Z (Reading database ... 85%
end-workflow	Install GH CLI	2026-02-23T17:13:19.4395723Z (Reading database ... 90%
end-workflow	Install GH CLI	2026-02-23T17:13:19.4421523Z (Reading database ... 95%
end-workflow	Install GH CLI	2026-02-23T17:13:19.4424595Z (Reading database ... 100%
end-workflow	Install GH CLI	2026-02-23T17:13:19.4437093Z (Reading database ... 14385 files and directories currently installed.)
end-workflow	Install GH CLI	2026-02-23T17:13:19.4438099Z Preparing to unpack .../archives/gh_2.87.2_amd64.deb ...
end-workflow	Install GH CLI	2026-02-23T17:13:19.4462575Z Unpacking gh (2.87.2) ...
end-workflow	Install GH CLI	2026-02-23T17:13:19.6997142Z Setting up gh (2.87.2) ...
end-workflow	Trigger Inspector	Ôªø2026-02-23T17:13:19.7614299Z ##[group]Run echo "üîç Triggering Inspector for Audit..."
end-workflow	Trigger Inspector	2026-02-23T17:13:19.7614740Z [36;1mecho "üîç Triggering Inspector for Audit..."[0m
end-workflow	Trigger Inspector	2026-02-23T17:13:19.7615067Z [36;1mgh workflow run inspector.yml \[0m
end-workflow	Trigger Inspector	2026-02-23T17:13:19.7615352Z [36;1m  --ref main \[0m
end-workflow	Trigger Inspector	2026-02-23T17:13:19.7615601Z [36;1m  -f kaos-workflow-id="22316666124" \[0m
end-workflow	Trigger Inspector	2026-02-23T17:13:19.7615901Z [36;1m  -f kaos-user-start="ka0score"[0m
end-workflow	Trigger Inspector	2026-02-23T17:13:19.7630060Z shell: /usr/bin/bash -e {0}
end-workflow	Trigger Inspector	2026-02-23T17:13:19.7630661Z env:
end-workflow	Trigger Inspector	2026-02-23T17:13:19.7630865Z   PYTHON_VERSION: 3.9
end-workflow	Trigger Inspector	2026-02-23T17:13:19.7631699Z   MONGO_SUPERUSER_CONNECTION: ***
end-workflow	Trigger Inspector	2026-02-23T17:13:19.7632202Z   MONGO_NEW_PASS: ***
end-workflow	Trigger Inspector	2026-02-23T17:13:19.7632527Z   MONGO_SCRIPT_CREATE: devops/core/mongo/scripts/mongodb_status_report.py
end-workflow	Trigger Inspector	2026-02-23T17:13:19.7632912Z   KAOS_CODE: 22316666124
end-workflow	Trigger Inspector	2026-02-23T17:13:19.7633127Z   REPORT_SCAN: audit/
end-workflow	Trigger Inspector	2026-02-23T17:13:19.7633338Z   REPORT_PATH: audit/mongodb/
end-workflow	Trigger Inspector	2026-02-23T17:13:19.7633829Z   REPORT_FILENAME: 22316666124.json
end-workflow	Trigger Inspector	2026-02-23T17:13:19.7634138Z   KAOS_MODULE: [Ka0s] Status MongDB Report
end-workflow	Trigger Inspector	2026-02-23T17:13:19.7634489Z   GH_TOKEN: ***
end-workflow	Trigger Inspector	2026-02-23T17:13:19.7634677Z ##[endgroup]
end-workflow	Trigger Inspector	2026-02-23T17:13:19.7673709Z üîç Triggering Inspector for Audit...
end-workflow	Trigger Inspector	2026-02-23T17:13:21.7319149Z https://github.com/Ka0s-Klaus/ka0s/actions/runs/22316752901
end-workflow	Post Checkout Repository	Ôªø2026-02-23T17:13:21.7489258Z Post job cleanup.
end-workflow	Post Checkout Repository	2026-02-23T17:13:21.8570997Z [command]/usr/bin/git version
end-workflow	Post Checkout Repository	2026-02-23T17:13:21.8615544Z git version 2.52.0
end-workflow	Post Checkout Repository	2026-02-23T17:13:21.8664617Z Temporarily overriding HOME='/home/runner/_work/_temp/b1be1b80-b29a-4885-b39f-a79bd041d38e' before making global git config changes
end-workflow	Post Checkout Repository	2026-02-23T17:13:21.8665990Z Adding repository directory to the temporary git global config as a safe directory
end-workflow	Post Checkout Repository	2026-02-23T17:13:21.8671425Z [command]/usr/bin/git config --global --add safe.directory /home/runner/_work/ka0s/ka0s
end-workflow	Post Checkout Repository	2026-02-23T17:13:21.8717814Z [command]/usr/bin/git config --local --name-only --get-regexp core\.sshCommand
end-workflow	Post Checkout Repository	2026-02-23T17:13:21.8765563Z [command]/usr/bin/git submodule foreach --recursive sh -c "git config --local --name-only --get-regexp 'core\.sshCommand' && git config --local --unset-all 'core.sshCommand' || :"
end-workflow	Post Checkout Repository	2026-02-23T17:13:21.9107262Z [command]/usr/bin/git config --local --name-only --get-regexp http\.https\:\/\/github\.com\/\.extraheader
end-workflow	Post Checkout Repository	2026-02-23T17:13:21.9136767Z http.https://github.com/.extraheader
end-workflow	Post Checkout Repository	2026-02-23T17:13:21.9150988Z [command]/usr/bin/git config --local --unset-all http.https://github.com/.extraheader
end-workflow	Post Checkout Repository	2026-02-23T17:13:21.9193284Z [command]/usr/bin/git submodule foreach --recursive sh -c "git config --local --name-only --get-regexp 'http\.https\:\/\/github\.com\/\.extraheader' && git config --local --unset-all 'http.https://github.com/.extraheader' || :"
end-workflow	Post Checkout Repository	2026-02-23T17:13:21.9538170Z [command]/usr/bin/git config --local --name-only --get-regexp ^includeIf\.gitdir:
end-workflow	Post Checkout Repository	2026-02-23T17:13:21.9584053Z [command]/usr/bin/git submodule foreach --recursive git config --local --show-origin --name-only --get-regexp remote.origin.url
end-workflow	Complete job	Ôªø2026-02-23T17:13:22.0091271Z Cleaning up orphan processes
