job-core	Set up job	ï»¿2026-02-23T15:37:18.0661839Z Current runner version: '2.331.0'
job-core	Set up job	2026-02-23T15:37:18.0671052Z Runner name: 'swarm-runners-scaleset-hkss5-runner-wsfxf'
job-core	Set up job	2026-02-23T15:37:18.0672408Z Runner group name: 'Default'
job-core	Set up job	2026-02-23T15:37:18.0673577Z Machine name: 'swarm-runners-scaleset-hkss5-runner-wsfxf'
job-core	Set up job	2026-02-23T15:37:18.0677960Z ##[group]GITHUB_TOKEN Permissions
job-core	Set up job	2026-02-23T15:37:18.0681863Z Actions: write
job-core	Set up job	2026-02-23T15:37:18.0682740Z Contents: read
job-core	Set up job	2026-02-23T15:37:18.0683630Z Metadata: read
job-core	Set up job	2026-02-23T15:37:18.0684372Z ##[endgroup]
job-core	Set up job	2026-02-23T15:37:18.0686908Z Secret source: Actions
job-core	Set up job	2026-02-23T15:37:18.0687874Z Prepare workflow directory
job-core	Set up job	2026-02-23T15:37:18.1054787Z Prepare all required actions
job-core	Set up job	2026-02-23T15:37:18.1097037Z Getting action download info
job-core	Set up job	2026-02-23T15:37:18.7576773Z Download action repository 'actions/checkout@v4' (SHA:34e114876b0b11c390a56381ad16ebd13914f8d5)
job-core	Set up job	2026-02-23T15:37:19.6078001Z Download action repository 'actions/setup-python@v5' (SHA:a26af69be951a213d495a4c3e4e4022e16d87065)
job-core	Set up job	2026-02-23T15:37:20.6366887Z Complete job name: job-core
job-core	Checkout	ï»¿2026-02-23T15:37:20.7268795Z ##[group]Run actions/checkout@v4
job-core	Checkout	2026-02-23T15:37:20.7270557Z with:
job-core	Checkout	2026-02-23T15:37:20.7271675Z   repository: Ka0s-Klaus/ka0s
job-core	Checkout	2026-02-23T15:37:20.7273169Z   token: ***
job-core	Checkout	2026-02-23T15:37:20.7273998Z   ssh-strict: true
job-core	Checkout	2026-02-23T15:37:20.7274854Z   ssh-user: git
job-core	Checkout	2026-02-23T15:37:20.7275729Z   persist-credentials: true
job-core	Checkout	2026-02-23T15:37:20.7276700Z   clean: true
job-core	Checkout	2026-02-23T15:37:20.7277582Z   sparse-checkout-cone-mode: true
job-core	Checkout	2026-02-23T15:37:20.7278628Z   fetch-depth: 1
job-core	Checkout	2026-02-23T15:37:20.7279495Z   fetch-tags: false
job-core	Checkout	2026-02-23T15:37:20.7280924Z   show-progress: true
job-core	Checkout	2026-02-23T15:37:20.7281976Z   lfs: false
job-core	Checkout	2026-02-23T15:37:20.7282798Z   submodules: false
job-core	Checkout	2026-02-23T15:37:20.7283698Z   set-safe-directory: true
job-core	Checkout	2026-02-23T15:37:20.7284954Z ##[endgroup]
job-core	Checkout	2026-02-23T15:37:20.8582535Z Syncing repository: Ka0s-Klaus/ka0s
job-core	Checkout	2026-02-23T15:37:20.8585397Z ##[group]Getting Git version info
job-core	Checkout	2026-02-23T15:37:20.8586714Z Working directory is '/home/runner/_work/ka0s/ka0s'
job-core	Checkout	2026-02-23T15:37:20.8588703Z [command]/usr/bin/git version
job-core	Checkout	2026-02-23T15:37:20.8589935Z git version 2.52.0
job-core	Checkout	2026-02-23T15:37:20.8595408Z ##[endgroup]
job-core	Checkout	2026-02-23T15:37:20.8613430Z Temporarily overriding HOME='/home/runner/_work/_temp/9c68af35-8f9a-45da-acc4-c8ad4513e1cf' before making global git config changes
job-core	Checkout	2026-02-23T15:37:20.8616824Z Adding repository directory to the temporary git global config as a safe directory
job-core	Checkout	2026-02-23T15:37:20.8619712Z [command]/usr/bin/git config --global --add safe.directory /home/runner/_work/ka0s/ka0s
job-core	Checkout	2026-02-23T15:37:20.8667018Z Deleting the contents of '/home/runner/_work/ka0s/ka0s'
job-core	Checkout	2026-02-23T15:37:20.8672261Z ##[group]Initializing the repository
job-core	Checkout	2026-02-23T15:37:20.8689522Z [command]/usr/bin/git init /home/runner/_work/ka0s/ka0s
job-core	Checkout	2026-02-23T15:37:20.8749167Z hint: Using 'master' as the name for the initial branch. This default branch name
job-core	Checkout	2026-02-23T15:37:20.8755060Z hint: will change to "main" in Git 3.0. To configure the initial branch name
job-core	Checkout	2026-02-23T15:37:20.8757306Z hint: to use in all of your new repositories, which will suppress this warning,
job-core	Checkout	2026-02-23T15:37:20.8759154Z hint: call:
job-core	Checkout	2026-02-23T15:37:20.8760018Z hint:
job-core	Checkout	2026-02-23T15:37:20.8761447Z hint: 	git config --global init.defaultBranch <name>
job-core	Checkout	2026-02-23T15:37:20.8762760Z hint:
job-core	Checkout	2026-02-23T15:37:20.8763986Z hint: Names commonly chosen instead of 'master' are 'main', 'trunk' and
job-core	Checkout	2026-02-23T15:37:20.8766236Z hint: 'development'. The just-created branch can be renamed via this command:
job-core	Checkout	2026-02-23T15:37:20.8767857Z hint:
job-core	Checkout	2026-02-23T15:37:20.8768746Z hint: 	git branch -m <name>
job-core	Checkout	2026-02-23T15:37:20.8769747Z hint:
job-core	Checkout	2026-02-23T15:37:20.8772834Z hint: Disable this message with "git config set advice.defaultBranchName false"
job-core	Checkout	2026-02-23T15:37:20.8774917Z Initialized empty Git repository in /home/runner/_work/ka0s/ka0s/.git/
job-core	Checkout	2026-02-23T15:37:20.8778361Z [command]/usr/bin/git remote add origin https://github.com/Ka0s-Klaus/ka0s
job-core	Checkout	2026-02-23T15:37:20.8814902Z ##[endgroup]
job-core	Checkout	2026-02-23T15:37:20.8818199Z ##[group]Disabling automatic garbage collection
job-core	Checkout	2026-02-23T15:37:20.8822035Z [command]/usr/bin/git config --local gc.auto 0
job-core	Checkout	2026-02-23T15:37:20.8861461Z ##[endgroup]
job-core	Checkout	2026-02-23T15:37:20.8863051Z ##[group]Setting up auth
job-core	Checkout	2026-02-23T15:37:20.8867482Z [command]/usr/bin/git config --local --name-only --get-regexp core\.sshCommand
job-core	Checkout	2026-02-23T15:37:20.8909835Z [command]/usr/bin/git submodule foreach --recursive sh -c "git config --local --name-only --get-regexp 'core\.sshCommand' && git config --local --unset-all 'core.sshCommand' || :"
job-core	Checkout	2026-02-23T15:37:20.9333800Z [command]/usr/bin/git config --local --name-only --get-regexp http\.https\:\/\/github\.com\/\.extraheader
job-core	Checkout	2026-02-23T15:37:20.9344152Z [command]/usr/bin/git submodule foreach --recursive sh -c "git config --local --name-only --get-regexp 'http\.https\:\/\/github\.com\/\.extraheader' && git config --local --unset-all 'http.https://github.com/.extraheader' || :"
job-core	Checkout	2026-02-23T15:37:20.9634056Z [command]/usr/bin/git config --local --name-only --get-regexp ^includeIf\.gitdir:
job-core	Checkout	2026-02-23T15:37:20.9679119Z [command]/usr/bin/git submodule foreach --recursive git config --local --show-origin --name-only --get-regexp remote.origin.url
job-core	Checkout	2026-02-23T15:37:21.0017858Z [command]/usr/bin/git config --local http.https://github.com/.extraheader AUTHORIZATION: basic ***
job-core	Checkout	2026-02-23T15:37:21.0077783Z ##[endgroup]
job-core	Checkout	2026-02-23T15:37:21.0081036Z ##[group]Fetching the repository
job-core	Checkout	2026-02-23T15:37:21.0086571Z [command]/usr/bin/git -c protocol.version=2 fetch --no-tags --prune --no-recurse-submodules --depth=1 origin +f16bd433a4957393c1a3291046c32760b64ca40b:refs/remotes/origin/main
job-core	Checkout	2026-02-23T15:37:23.8132751Z From https://github.com/Ka0s-Klaus/ka0s
job-core	Checkout	2026-02-23T15:37:23.8135916Z  * [new ref]         f16bd433a4957393c1a3291046c32760b64ca40b -> origin/main
job-core	Checkout	2026-02-23T15:37:23.8298875Z ##[endgroup]
job-core	Checkout	2026-02-23T15:37:23.8302216Z ##[group]Determining the checkout info
job-core	Checkout	2026-02-23T15:37:23.8305804Z ##[endgroup]
job-core	Checkout	2026-02-23T15:37:23.8327739Z [command]/usr/bin/git sparse-checkout disable
job-core	Checkout	2026-02-23T15:37:23.8440908Z [command]/usr/bin/git config --local --unset-all extensions.worktreeConfig
job-core	Checkout	2026-02-23T15:37:23.8502184Z ##[group]Checking out the ref
job-core	Checkout	2026-02-23T15:37:23.8507159Z [command]/usr/bin/git checkout --progress --force -B main refs/remotes/origin/main
job-core	Checkout	2026-02-23T15:37:24.1406186Z Switched to a new branch 'main'
job-core	Checkout	2026-02-23T15:37:24.1407322Z branch 'main' set up to track 'origin/main'.
job-core	Checkout	2026-02-23T15:37:24.1471012Z ##[endgroup]
job-core	Checkout	2026-02-23T15:37:24.1571402Z [command]/usr/bin/git log -1 --format=%H
job-core	Checkout	2026-02-23T15:37:24.1609141Z f16bd433a4957393c1a3291046c32760b64ca40b
job-core	Setup Python	ï»¿2026-02-23T15:37:24.2005268Z ##[group]Run actions/setup-python@v5
job-core	Setup Python	2026-02-23T15:37:24.2005719Z with:
job-core	Setup Python	2026-02-23T15:37:24.2005967Z   python-version: 3.x
job-core	Setup Python	2026-02-23T15:37:24.2006260Z   check-latest: false
job-core	Setup Python	2026-02-23T15:37:24.2006772Z   token: ***
job-core	Setup Python	2026-02-23T15:37:24.2007029Z   update-environment: true
job-core	Setup Python	2026-02-23T15:37:24.2007329Z   allow-prereleases: false
job-core	Setup Python	2026-02-23T15:37:24.2007610Z   freethreaded: false
job-core	Setup Python	2026-02-23T15:37:24.2007864Z ##[endgroup]
job-core	Setup Python	2026-02-23T15:37:24.4151598Z ##[group]Installed versions
job-core	Setup Python	2026-02-23T15:37:24.4174292Z Version 3.x was not found in the local cache
job-core	Setup Python	2026-02-23T15:37:25.5883175Z Version 3.x is available for downloading
job-core	Setup Python	2026-02-23T15:37:25.5902436Z Download from "https://github.com/actions/python-versions/releases/download/3.14.3-21673711214/python-3.14.3-linux-24.04-x64.tar.gz"
job-core	Setup Python	2026-02-23T15:37:27.6949252Z Extract downloaded archive
job-core	Setup Python	2026-02-23T15:37:27.7102348Z [command]/usr/bin/tar xz --warning=no-unknown-keyword --overwrite -C /home/runner/_work/_temp/a5fff37a-8865-4c09-bb85-3ed4ab79f9cf -f /home/runner/_work/_temp/d50aeb5d-b856-4def-8ad6-e48cbec02caa
job-core	Setup Python	2026-02-23T15:37:30.4967449Z Execute installation script
job-core	Setup Python	2026-02-23T15:37:30.5089369Z Check if Python hostedtoolcache folder exist...
job-core	Setup Python	2026-02-23T15:37:30.5090208Z Creating Python hostedtoolcache folder...
job-core	Setup Python	2026-02-23T15:37:30.5102971Z Create Python 3.14.3 folder
job-core	Setup Python	2026-02-23T15:37:30.5121134Z Copy Python binaries to hostedtoolcache folder
job-core	Setup Python	2026-02-23T15:37:31.6675169Z Create additional symlinks (Required for the UsePythonVersion Azure Pipelines task and the setup-python GitHub Action)
job-core	Setup Python	2026-02-23T15:37:31.6692568Z Upgrading pip...
job-core	Setup Python	2026-02-23T15:37:34.2432624Z Looking in links: /tmp/tmpm60p6dsy
job-core	Setup Python	2026-02-23T15:37:34.2436854Z Requirement already satisfied: pip in /home/runner/_work/_tool/Python/3.14.3/x64/lib/python3.14/site-packages (25.3)
job-core	Setup Python	2026-02-23T15:37:35.5769754Z Collecting pip
job-core	Setup Python	2026-02-23T15:37:35.6605900Z Downloading pip-26.0.1-py3-none-any.whl.metadata (4.7 kB)
job-core	Setup Python	2026-02-23T15:37:35.6754090Z Downloading pip-26.0.1-py3-none-any.whl (1.8 MB)
job-core	Setup Python	2026-02-23T15:37:35.7324243Z â”â”â”â”â”â”â”â”â”â”â”â”â”â”â”â”â”â”â”â”â”â”â”â”â”â”â”â”â”â”â”â”â”â”â”â”â”â”â”â” 1.8/1.8 MB 54.8 MB/s  0:00:00
job-core	Setup Python	2026-02-23T15:37:35.7324814Z 
job-core	Setup Python	2026-02-23T15:37:35.7519049Z Installing collected packages: pip
job-core	Setup Python	2026-02-23T15:37:35.7521646Z Attempting uninstall: pip
job-core	Setup Python	2026-02-23T15:37:35.7548161Z Found existing installation: pip 25.3
job-core	Setup Python	2026-02-23T15:37:35.8163491Z Uninstalling pip-25.3:
job-core	Setup Python	2026-02-23T15:37:35.8173061Z Successfully uninstalled pip-25.3
job-core	Setup Python	2026-02-23T15:37:37.0921130Z Successfully installed pip-26.0.1
job-core	Setup Python	2026-02-23T15:37:37.2099742Z Create complete file
job-core	Setup Python	2026-02-23T15:37:37.2152324Z Successfully set up CPython (3.14.3)
job-core	Setup Python	2026-02-23T15:37:37.2153320Z ##[endgroup]
job-core	Setup Kubectl Tunnel	ï»¿2026-02-23T15:37:37.2701927Z Prepare all required actions
job-core	Setup Kubectl Tunnel	2026-02-23T15:37:37.2972709Z ##[group]Run ./.github/actions/kubectl-tunnel
job-core	Setup Kubectl Tunnel	2026-02-23T15:37:37.2973092Z with:
job-core	Setup Kubectl Tunnel	2026-02-23T15:37:37.2973470Z   host: ***
job-core	Setup Kubectl Tunnel	2026-02-23T15:37:37.2973714Z   username: ***
job-core	Setup Kubectl Tunnel	2026-02-23T15:37:37.2975924Z   key: ***
job-core	Setup Kubectl Tunnel	2026-02-23T15:37:37.2976162Z   port: ***
job-core	Setup Kubectl Tunnel	2026-02-23T15:37:37.2976388Z   k8s-api-port: 6443
job-core	Setup Kubectl Tunnel	2026-02-23T15:37:37.2976652Z   kubectl-version: v1.30.0
job-core	Setup Kubectl Tunnel	2026-02-23T15:37:37.2976928Z env:
job-core	Setup Kubectl Tunnel	2026-02-23T15:37:37.2977233Z   pythonLocation: /home/runner/_work/_tool/Python/3.14.3/x64
job-core	Setup Kubectl Tunnel	2026-02-23T15:37:37.2977756Z   PKG_CONFIG_PATH: /home/runner/_work/_tool/Python/3.14.3/x64/lib/pkgconfig
job-core	Setup Kubectl Tunnel	2026-02-23T15:37:37.2978281Z   Python_ROOT_DIR: /home/runner/_work/_tool/Python/3.14.3/x64
job-core	Setup Kubectl Tunnel	2026-02-23T15:37:37.2978753Z   Python2_ROOT_DIR: /home/runner/_work/_tool/Python/3.14.3/x64
job-core	Setup Kubectl Tunnel	2026-02-23T15:37:37.2979237Z   Python3_ROOT_DIR: /home/runner/_work/_tool/Python/3.14.3/x64
job-core	Setup Kubectl Tunnel	2026-02-23T15:37:37.2979712Z   LD_LIBRARY_PATH: /home/runner/_work/_tool/Python/3.14.3/x64/lib
job-core	Setup Kubectl Tunnel	2026-02-23T15:37:37.2980150Z ##[endgroup]
job-core	Setup Kubectl Tunnel	2026-02-23T15:37:37.3278852Z ##[group]Run # Download the latest stable release of kubectl
job-core	Setup Kubectl Tunnel	2026-02-23T15:37:37.3279440Z [36;1m# Download the latest stable release of kubectl[0m
job-core	Setup Kubectl Tunnel	2026-02-23T15:37:37.3279975Z [36;1mcurl -LO "https://dl.k8s.io/release/v1.30.0/bin/linux/amd64/kubectl"[0m
job-core	Setup Kubectl Tunnel	2026-02-23T15:37:37.3293677Z [36;1m[0m
job-core	Setup Kubectl Tunnel	2026-02-23T15:37:37.3294256Z [36;1m# Validate binary (optional but recommended in official docs, skipping for speed/simplicity as per request)[0m
job-core	Setup Kubectl Tunnel	2026-02-23T15:37:37.3294864Z [36;1m[0m
job-core	Setup Kubectl Tunnel	2026-02-23T15:37:37.3295092Z [36;1m# Install kubectl[0m
job-core	Setup Kubectl Tunnel	2026-02-23T15:37:37.3295501Z [36;1msudo install -o root -g root -m 0755 kubectl /usr/local/bin/kubectl[0m
job-core	Setup Kubectl Tunnel	2026-02-23T15:37:37.3295934Z [36;1m[0m
job-core	Setup Kubectl Tunnel	2026-02-23T15:37:37.3296163Z [36;1m# Verify installation[0m
job-core	Setup Kubectl Tunnel	2026-02-23T15:37:37.3296484Z [36;1mkubectl version --client[0m
job-core	Setup Kubectl Tunnel	2026-02-23T15:37:37.3327933Z shell: /usr/bin/bash --noprofile --norc -e -o pipefail {0}
job-core	Setup Kubectl Tunnel	2026-02-23T15:37:37.3328383Z env:
job-core	Setup Kubectl Tunnel	2026-02-23T15:37:37.3328741Z   pythonLocation: /home/runner/_work/_tool/Python/3.14.3/x64
job-core	Setup Kubectl Tunnel	2026-02-23T15:37:37.3329263Z   PKG_CONFIG_PATH: /home/runner/_work/_tool/Python/3.14.3/x64/lib/pkgconfig
job-core	Setup Kubectl Tunnel	2026-02-23T15:37:37.3329782Z   Python_ROOT_DIR: /home/runner/_work/_tool/Python/3.14.3/x64
job-core	Setup Kubectl Tunnel	2026-02-23T15:37:37.3330248Z   Python2_ROOT_DIR: /home/runner/_work/_tool/Python/3.14.3/x64
job-core	Setup Kubectl Tunnel	2026-02-23T15:37:37.3330800Z   Python3_ROOT_DIR: /home/runner/_work/_tool/Python/3.14.3/x64
job-core	Setup Kubectl Tunnel	2026-02-23T15:37:37.3331287Z   LD_LIBRARY_PATH: /home/runner/_work/_tool/Python/3.14.3/x64/lib
job-core	Setup Kubectl Tunnel	2026-02-23T15:37:37.3331724Z ##[endgroup]
job-core	Setup Kubectl Tunnel	2026-02-23T15:37:37.3562252Z   % Total    % Received % Xferd  Average Speed   Time    Time     Time  Current
job-core	Setup Kubectl Tunnel	2026-02-23T15:37:37.3565116Z                                  Dload  Upload   Total   Spent    Left  Speed
job-core	Setup Kubectl Tunnel	2026-02-23T15:37:37.3565833Z 
job-core	Setup Kubectl Tunnel	2026-02-23T15:37:38.3465772Z   0     0    0     0    0     0      0      0 --:--:-- --:--:-- --:--:--     0
job-core	Setup Kubectl Tunnel	2026-02-23T15:37:39.2886426Z   4 49.0M    4 2048k    0     0  2072k      0  0:00:24 --:--:--  0:00:24 2070k
job-core	Setup Kubectl Tunnel	2026-02-23T15:37:40.2148795Z   4 49.0M    4 2095k    0     0  1084k      0  0:00:46  0:00:01  0:00:45 1083k
job-core	Setup Kubectl Tunnel	2026-02-23T15:37:41.1566365Z   7 49.0M    7 3533k    0     0  1235k      0  0:00:40  0:00:02  0:00:38 1235k
job-core	Setup Kubectl Tunnel	2026-02-23T15:37:42.1594051Z   8 49.0M    8 4143k    0     0  1092k      0  0:00:46  0:00:03  0:00:43 1092k
job-core	Setup Kubectl Tunnel	2026-02-23T15:37:43.1579154Z  10 49.0M   10 5120k    0     0  1065k      0  0:00:47  0:00:04  0:00:43 1065k
job-core	Setup Kubectl Tunnel	2026-02-23T15:37:44.9715589Z  14 49.0M   14 7168k    0     0  1235k      0  0:00:40  0:00:05  0:00:35 1063k
job-core	Setup Kubectl Tunnel	2026-02-23T15:37:45.8809552Z  18 49.0M   18 9216k    0     0  1210k      0  0:00:41  0:00:07  0:00:34 1253k
job-core	Setup Kubectl Tunnel	2026-02-23T15:37:46.8724492Z  20 49.0M   20 10.0M    0     0  1201k      0  0:00:41  0:00:08  0:00:33 1183k
job-core	Setup Kubectl Tunnel	2026-02-23T15:37:47.9514076Z  22 49.0M   22 11.0M    0     0  1183k      0  0:00:42  0:00:09  0:00:33 1244k
job-core	Setup Kubectl Tunnel	2026-02-23T15:37:48.8636749Z  24 49.0M   24 12.0M    0     0  1161k      0  0:00:43  0:00:10  0:00:33 1240k
job-core	Setup Kubectl Tunnel	2026-02-23T15:37:49.8740077Z  26 49.0M   26 13.0M    0     0  1159k      0  0:00:43  0:00:11  0:00:32 1082k
job-core	Setup Kubectl Tunnel	2026-02-23T15:37:50.9192616Z  28 49.0M   28 14.0M    0     0  1145k      0  0:00:43  0:00:12  0:00:31 1044k
job-core	Setup Kubectl Tunnel	2026-02-23T15:37:51.8354871Z  30 49.0M   30 15.1M    0     0  1146k      0  0:00:43  0:00:13  0:00:30 1054k
job-core	Setup Kubectl Tunnel	2026-02-23T15:37:52.7785105Z  32 49.0M   32 16.0M    0     0  1133k      0  0:00:44  0:00:14  0:00:30 1037k
job-core	Setup Kubectl Tunnel	2026-02-23T15:37:53.7612558Z  36 49.0M   36 18.0M    0     0  1195k      0  0:00:42  0:00:15  0:00:27 1269k
job-core	Setup Kubectl Tunnel	2026-02-23T15:37:54.6860580Z  36 49.0M   36 18.0M    0     0  1123k      0  0:00:44  0:00:16  0:00:28 1038k
job-core	Setup Kubectl Tunnel	2026-02-23T15:37:55.6161774Z  40 49.0M   40 19.9M    0     0  1178k      0  0:00:42  0:00:17  0:00:25 1265k
job-core	Setup Kubectl Tunnel	2026-02-23T15:37:56.5285289Z  40 49.0M   40 20.0M    0     0  1123k      0  0:00:44  0:00:18  0:00:26 1055k
job-core	Setup Kubectl Tunnel	2026-02-23T15:37:57.4511526Z  42 49.0M   42 21.0M    0     0  1121k      0  0:00:44  0:00:19  0:00:25 1084k
job-core	Setup Kubectl Tunnel	2026-02-23T15:37:58.3675658Z  46 49.0M   46 23.0M    0     0  1172k      0  0:00:42  0:00:20  0:00:22 1095k
job-core	Setup Kubectl Tunnel	2026-02-23T15:37:59.3074852Z  48 49.0M   48 23.9M    0     0  1164k      0  0:00:43  0:00:21  0:00:22 1312k
job-core	Setup Kubectl Tunnel	2026-02-23T15:38:00.2223759Z  50 49.0M   50 25.0M    0     0  1166k      0  0:00:43  0:00:21  0:00:22 1119k
job-core	Setup Kubectl Tunnel	2026-02-23T15:38:01.1409154Z  51 49.0M   51 25.0M    0     0  1123k      0  0:00:44  0:00:22  0:00:22 1125k
job-core	Setup Kubectl Tunnel	2026-02-23T15:38:02.0860538Z  53 49.0M   53 26.0M    0     0  1120k      0  0:00:44  0:00:23  0:00:21 1116k
job-core	Setup Kubectl Tunnel	2026-02-23T15:38:03.1808517Z  55 49.0M   55 27.0M    0     0  1117k      0  0:00:44  0:00:24  0:00:20  883k
job-core	Setup Kubectl Tunnel	2026-02-23T15:38:04.0807645Z  61 49.0M   61 30.0M    0     0  1189k      0  0:00:42  0:00:25  0:00:17 1296k
job-core	Setup Kubectl Tunnel	2026-02-23T15:38:05.9508390Z  61 49.0M   61 30.2M    0     0  1160k      0  0:00:43  0:00:26  0:00:17 1135k
job-core	Setup Kubectl Tunnel	2026-02-23T15:38:06.8800430Z  66 49.0M   66 32.8M    0     0  1177k      0  0:00:42  0:00:28  0:00:14 1390k
job-core	Setup Kubectl Tunnel	2026-02-23T15:38:07.7774452Z  69 49.0M   69 34.0M    0     0  1179k      0  0:00:42  0:00:29  0:00:13 1422k
job-core	Setup Kubectl Tunnel	2026-02-23T15:38:08.6852664Z  69 49.0M   69 34.0M    0     0  1144k      0  0:00:43  0:00:30  0:00:13 1259k
job-core	Setup Kubectl Tunnel	2026-02-23T15:38:09.6015993Z  71 49.0M   71 35.0M    0     0  1146k      0  0:00:43  0:00:31  0:00:12  941k
job-core	Setup Kubectl Tunnel	2026-02-23T15:38:10.4908598Z  73 49.0M   73 36.0M    0     0  1143k      0  0:00:43  0:00:32  0:00:11 1061k
job-core	Setup Kubectl Tunnel	2026-02-23T15:38:11.4517274Z  75 49.0M   75 37.0M    0     0  1143k      0  0:00:43  0:00:33  0:00:10  934k
job-core	Setup Kubectl Tunnel	2026-02-23T15:38:12.3704470Z  78 49.0M   78 38.3M    0     0  1151k      0  0:00:43  0:00:34  0:00:09  972k
job-core	Setup Kubectl Tunnel	2026-02-23T15:38:13.2952619Z  79 49.0M   79 39.1M    0     0  1144k      0  0:00:43  0:00:35  0:00:08 1142k
job-core	Setup Kubectl Tunnel	2026-02-23T15:38:14.2023745Z  81 49.0M   81 40.0M    0     0  1141k      0  0:00:44  0:00:35  0:00:09 1110k
job-core	Setup Kubectl Tunnel	2026-02-23T15:38:15.2125298Z  83 49.0M   83 41.0M    0     0  1139k      0  0:00:44  0:00:36  0:00:08 1109k
job-core	Setup Kubectl Tunnel	2026-02-23T15:38:16.5222239Z  85 49.0M   85 42.0M    0     0  1136k      0  0:00:44  0:00:37  0:00:07 1081k
job-core	Setup Kubectl Tunnel	2026-02-23T15:38:17.5464994Z  87 49.0M   87 43.0M    0     0  1125k      0  0:00:44  0:00:39  0:00:05  946k
job-core	Setup Kubectl Tunnel	2026-02-23T15:38:18.4731927Z  93 49.0M   93 46.0M    0     0  1172k      0  0:00:42  0:00:40  0:00:02 1360k
job-core	Setup Kubectl Tunnel	2026-02-23T15:38:19.3770981Z  95 49.0M   95 47.0M    0     0  1170k      0  0:00:42  0:00:41  0:00:01 1372k
job-core	Setup Kubectl Tunnel	2026-02-23T15:38:20.2942976Z  97 49.0M   97 48.0M    0     0  1169k      0  0:00:42  0:00:42 --:--:-- 1385k
job-core	Setup Kubectl Tunnel	2026-02-23T15:38:20.6880902Z  99 49.0M   99 49.0M    0     0  1168k      0  0:00:43  0:00:42  0:00:01 1410k
job-core	Setup Kubectl Tunnel	2026-02-23T15:38:20.6891568Z 100 49.0M  100 49.0M    0     0  1159k      0  0:00:43  0:00:43 --:--:-- 1484k
job-core	Setup Kubectl Tunnel	2026-02-23T15:38:20.8571623Z Client Version: v1.30.0
job-core	Setup Kubectl Tunnel	2026-02-23T15:38:20.8572917Z Kustomize Version: v5.0.4-0.20230601165947-6ce0bf390ce3
job-core	Setup Kubectl Tunnel	2026-02-23T15:38:20.8778697Z ##[group]Run mkdir -p ~/.ssh
job-core	Setup Kubectl Tunnel	2026-02-23T15:38:20.8779181Z [36;1mmkdir -p ~/.ssh[0m
job-core	Setup Kubectl Tunnel	2026-02-23T15:38:20.8779493Z [36;1m[0m
job-core	Setup Kubectl Tunnel	2026-02-23T15:38:20.8779742Z [36;1m# Write private key[0m
job-core	Setup Kubectl Tunnel	2026-02-23T15:38:20.8793924Z [36;1mecho "***[0m
job-core	Setup Kubectl Tunnel	2026-02-23T15:38:20.8794610Z [36;1m***[0m
job-core	Setup Kubectl Tunnel	2026-02-23T15:38:20.8795563Z [36;1m***[0m
job-core	Setup Kubectl Tunnel	2026-02-23T15:38:20.8796029Z [36;1m***[0m
job-core	Setup Kubectl Tunnel	2026-02-23T15:38:20.8796455Z [36;1m***[0m
job-core	Setup Kubectl Tunnel	2026-02-23T15:38:20.8796878Z [36;1m***[0m
job-core	Setup Kubectl Tunnel	2026-02-23T15:38:20.8797186Z [36;1m***" > ~/.ssh/id_rsa[0m
job-core	Setup Kubectl Tunnel	2026-02-23T15:38:20.8797597Z [36;1mchmod 600 ~/.ssh/id_rsa[0m
job-core	Setup Kubectl Tunnel	2026-02-23T15:38:20.8797881Z [36;1m[0m
job-core	Setup Kubectl Tunnel	2026-02-23T15:38:20.8798117Z [36;1m# Add host key to known_hosts[0m
job-core	Setup Kubectl Tunnel	2026-02-23T15:38:20.8798455Z [36;1mif [ -n "***" ]; then[0m
job-core	Setup Kubectl Tunnel	2026-02-23T15:38:20.8799065Z [36;1m    ssh-keyscan -p *** -H *** >> ~/.ssh/known_hosts 2>/dev/null || echo "Warning: ssh-keyscan failed"[0m
job-core	Setup Kubectl Tunnel	2026-02-23T15:38:20.8799604Z [36;1mfi[0m
job-core	Setup Kubectl Tunnel	2026-02-23T15:38:20.8821898Z shell: /usr/bin/bash --noprofile --norc -e -o pipefail {0}
job-core	Setup Kubectl Tunnel	2026-02-23T15:38:20.8822309Z env:
job-core	Setup Kubectl Tunnel	2026-02-23T15:38:20.8822635Z   pythonLocation: /home/runner/_work/_tool/Python/3.14.3/x64
job-core	Setup Kubectl Tunnel	2026-02-23T15:38:20.8823168Z   PKG_CONFIG_PATH: /home/runner/_work/_tool/Python/3.14.3/x64/lib/pkgconfig
job-core	Setup Kubectl Tunnel	2026-02-23T15:38:20.8823681Z   Python_ROOT_DIR: /home/runner/_work/_tool/Python/3.14.3/x64
job-core	Setup Kubectl Tunnel	2026-02-23T15:38:20.8824167Z   Python2_ROOT_DIR: /home/runner/_work/_tool/Python/3.14.3/x64
job-core	Setup Kubectl Tunnel	2026-02-23T15:38:20.8824632Z   Python3_ROOT_DIR: /home/runner/_work/_tool/Python/3.14.3/x64
job-core	Setup Kubectl Tunnel	2026-02-23T15:38:20.8825105Z   LD_LIBRARY_PATH: /home/runner/_work/_tool/Python/3.14.3/x64/lib
job-core	Setup Kubectl Tunnel	2026-02-23T15:38:20.8825506Z ##[endgroup]
job-core	Setup Kubectl Tunnel	2026-02-23T15:38:21.2828572Z ##[group]Run echo "Starting SSH Tunnel to ***..."
job-core	Setup Kubectl Tunnel	2026-02-23T15:38:21.2829058Z [36;1mecho "Starting SSH Tunnel to ***..."[0m
job-core	Setup Kubectl Tunnel	2026-02-23T15:38:21.2829500Z [36;1m# -f: Background, -N: No command, -L: Local forwarding[0m
job-core	Setup Kubectl Tunnel	2026-02-23T15:38:21.2829939Z [36;1m# Maps LocalPort:RemoteHost:RemotePort. [0m
job-core	Setup Kubectl Tunnel	2026-02-23T15:38:21.2846224Z [36;1m# We map Runner:6443 -> Remote:Localhost:6443 (Assuming API is local to the SSH host)[0m
job-core	Setup Kubectl Tunnel	2026-02-23T15:38:21.2846896Z [36;1mssh -f -N -L 6443:127.0.0.1:6443 \[0m
job-core	Setup Kubectl Tunnel	2026-02-23T15:38:21.2847323Z [36;1m    -p *** \[0m
job-core	Setup Kubectl Tunnel	2026-02-23T15:38:21.2847610Z [36;1m    -i ~/.ssh/id_rsa \[0m
job-core	Setup Kubectl Tunnel	2026-02-23T15:38:21.2847979Z [36;1m    ***@***[0m
job-core	Setup Kubectl Tunnel	2026-02-23T15:38:21.2848224Z [36;1m[0m
job-core	Setup Kubectl Tunnel	2026-02-23T15:38:21.2848497Z [36;1mecho "Tunnel established on 127.0.0.1:6443"[0m
job-core	Setup Kubectl Tunnel	2026-02-23T15:38:21.2896254Z shell: /usr/bin/bash --noprofile --norc -e -o pipefail {0}
job-core	Setup Kubectl Tunnel	2026-02-23T15:38:21.2896724Z env:
job-core	Setup Kubectl Tunnel	2026-02-23T15:38:21.2897956Z   pythonLocation: /home/runner/_work/_tool/Python/3.14.3/x64
job-core	Setup Kubectl Tunnel	2026-02-23T15:38:21.2910531Z   PKG_CONFIG_PATH: /home/runner/_work/_tool/Python/3.14.3/x64/lib/pkgconfig
job-core	Setup Kubectl Tunnel	2026-02-23T15:38:21.2911083Z   Python_ROOT_DIR: /home/runner/_work/_tool/Python/3.14.3/x64
job-core	Setup Kubectl Tunnel	2026-02-23T15:38:21.2911556Z   Python2_ROOT_DIR: /home/runner/_work/_tool/Python/3.14.3/x64
job-core	Setup Kubectl Tunnel	2026-02-23T15:38:21.2912022Z   Python3_ROOT_DIR: /home/runner/_work/_tool/Python/3.14.3/x64
job-core	Setup Kubectl Tunnel	2026-02-23T15:38:21.2912496Z   LD_LIBRARY_PATH: /home/runner/_work/_tool/Python/3.14.3/x64/lib
job-core	Setup Kubectl Tunnel	2026-02-23T15:38:21.2913309Z ##[endgroup]
job-core	Setup Kubectl Tunnel	2026-02-23T15:38:21.3020154Z Starting SSH Tunnel to ***...
job-core	Setup Kubectl Tunnel	2026-02-23T15:38:21.5339264Z Tunnel established on 127.0.0.1:6443
job-core	Setup Kubectl Tunnel	2026-02-23T15:38:21.5469459Z ##[group]Run # Fetch kubeconfig from default location on remote
job-core	Setup Kubectl Tunnel	2026-02-23T15:38:21.5470020Z [36;1m# Fetch kubeconfig from default location on remote[0m
job-core	Setup Kubectl Tunnel	2026-02-23T15:38:21.5479895Z [36;1mecho "Fetching remote kubeconfig..."[0m
job-core	Setup Kubectl Tunnel	2026-02-23T15:38:21.5480732Z [36;1mssh -p *** -i ~/.ssh/id_rsa ***@*** "cat ~/.kube/config" > ./kubeconfig_raw[0m
job-core	Setup Kubectl Tunnel	2026-02-23T15:38:21.5481194Z [36;1m[0m
job-core	Setup Kubectl Tunnel	2026-02-23T15:38:21.5481755Z [36;1m# Patch the server URL to point to the local tunnel[0m
job-core	Setup Kubectl Tunnel	2026-02-23T15:38:21.5482244Z [36;1m# Replaces any IP/Hostname in the server URL with 127.0.0.1[0m
job-core	Setup Kubectl Tunnel	2026-02-23T15:38:21.5482822Z [36;1m# Example: https://***:6443 -> https://127.0.0.1:6443[0m
job-core	Setup Kubectl Tunnel	2026-02-23T15:38:21.5483527Z [36;1msed -E "s/server: https:\/\/[0-9a-zA-Z\.\-]+:6443/server: https:\/\/127.0.0.1:6443/g" ./kubeconfig_raw > ./kubeconfig_tunneled[0m
job-core	Setup Kubectl Tunnel	2026-02-23T15:38:21.5484158Z [36;1m[0m
job-core	Setup Kubectl Tunnel	2026-02-23T15:38:21.5484399Z [36;1m# Move to a standard location[0m
job-core	Setup Kubectl Tunnel	2026-02-23T15:38:21.5484715Z [36;1mmkdir -p ~/.kube[0m
job-core	Setup Kubectl Tunnel	2026-02-23T15:38:21.5485328Z [36;1mmv ./kubeconfig_tunneled ~/.kube/config[0m
job-core	Setup Kubectl Tunnel	2026-02-23T15:38:21.5485680Z [36;1mchmod 600 ~/.kube/config[0m
job-core	Setup Kubectl Tunnel	2026-02-23T15:38:21.5485958Z [36;1m[0m
job-core	Setup Kubectl Tunnel	2026-02-23T15:38:21.5486384Z [36;1m# Set Skip TLS Verify (since certificate is for the private IP/Hostname, not localhost)[0m
job-core	Setup Kubectl Tunnel	2026-02-23T15:38:21.5487063Z [36;1m# We must detect the cluster name dynamically because it might not be 'default'[0m
job-core	Setup Kubectl Tunnel	2026-02-23T15:38:21.5487534Z [36;1m[0m
job-core	Setup Kubectl Tunnel	2026-02-23T15:38:21.5487836Z [36;1mCURRENT_CONTEXT=$(kubectl config current-context)[0m
job-core	Setup Kubectl Tunnel	2026-02-23T15:38:21.5488490Z [36;1mCLUSTER_NAME=$(kubectl config view -o jsonpath="{.contexts[?(@.name=='$CURRENT_CONTEXT')].context.cluster}")[0m
job-core	Setup Kubectl Tunnel	2026-02-23T15:38:21.5489066Z [36;1m[0m
job-core	Setup Kubectl Tunnel	2026-02-23T15:38:21.5489385Z [36;1mecho "Configuring TLS skip for cluster: $CLUSTER_NAME"[0m
job-core	Setup Kubectl Tunnel	2026-02-23T15:38:21.5489780Z [36;1m[0m
job-core	Setup Kubectl Tunnel	2026-02-23T15:38:21.5490068Z [36;1m# Disable TLS verification for the active cluster[0m
job-core	Setup Kubectl Tunnel	2026-02-23T15:38:21.5490671Z [36;1mkubectl config set-cluster "$CLUSTER_NAME" --insecure-skip-tls-verify=true[0m
job-core	Setup Kubectl Tunnel	2026-02-23T15:38:21.5491159Z [36;1m[0m
job-core	Setup Kubectl Tunnel	2026-02-23T15:38:21.5491485Z [36;1m# Unset CA data to ensure insecure mode works (avoid conflicts)[0m
job-core	Setup Kubectl Tunnel	2026-02-23T15:38:21.5492071Z [36;1mkubectl config unset "clusters.$CLUSTER_NAME.certificate-authority-data"[0m
job-core	Setup Kubectl Tunnel	2026-02-23T15:38:21.5492537Z [36;1m[0m
job-core	Setup Kubectl Tunnel	2026-02-23T15:38:21.5492807Z [36;1mecho "path=~/.kube/config" >> $GITHUB_OUTPUT[0m
job-core	Setup Kubectl Tunnel	2026-02-23T15:38:21.5493221Z [36;1mecho "Kubeconfig configured successfully."[0m
job-core	Setup Kubectl Tunnel	2026-02-23T15:38:21.5511258Z shell: /usr/bin/bash --noprofile --norc -e -o pipefail {0}
job-core	Setup Kubectl Tunnel	2026-02-23T15:38:21.5511647Z env:
job-core	Setup Kubectl Tunnel	2026-02-23T15:38:21.5511963Z   pythonLocation: /home/runner/_work/_tool/Python/3.14.3/x64
job-core	Setup Kubectl Tunnel	2026-02-23T15:38:21.5512480Z   PKG_CONFIG_PATH: /home/runner/_work/_tool/Python/3.14.3/x64/lib/pkgconfig
job-core	Setup Kubectl Tunnel	2026-02-23T15:38:21.5513001Z   Python_ROOT_DIR: /home/runner/_work/_tool/Python/3.14.3/x64
job-core	Setup Kubectl Tunnel	2026-02-23T15:38:21.5513466Z   Python2_ROOT_DIR: /home/runner/_work/_tool/Python/3.14.3/x64
job-core	Setup Kubectl Tunnel	2026-02-23T15:38:21.5513941Z   Python3_ROOT_DIR: /home/runner/_work/_tool/Python/3.14.3/x64
job-core	Setup Kubectl Tunnel	2026-02-23T15:38:21.5514406Z   LD_LIBRARY_PATH: /home/runner/_work/_tool/Python/3.14.3/x64/lib
job-core	Setup Kubectl Tunnel	2026-02-23T15:38:21.5514800Z ##[endgroup]
job-core	Setup Kubectl Tunnel	2026-02-23T15:38:21.5657829Z Fetching remote kubeconfig...
job-core	Setup Kubectl Tunnel	2026-02-23T15:38:22.7671092Z Configuring TLS skip for cluster: kubernetes
job-core	Setup Kubectl Tunnel	2026-02-23T15:38:22.8313466Z Cluster "kubernetes" set.
job-core	Setup Kubectl Tunnel	2026-02-23T15:38:22.8878643Z Property "clusters.kubernetes.certificate-authority-data" unset.
job-core	Setup Kubectl Tunnel	2026-02-23T15:38:22.8921484Z Kubeconfig configured successfully.
job-core	Setup Kubectl Tunnel	2026-02-23T15:38:22.8986087Z ##[group]Run kubectl get nodes
job-core	Setup Kubectl Tunnel	2026-02-23T15:38:22.8986436Z [36;1mkubectl get nodes[0m
job-core	Setup Kubectl Tunnel	2026-02-23T15:38:22.9000645Z shell: /usr/bin/bash --noprofile --norc -e -o pipefail {0}
job-core	Setup Kubectl Tunnel	2026-02-23T15:38:22.9001035Z env:
job-core	Setup Kubectl Tunnel	2026-02-23T15:38:22.9001610Z   pythonLocation: /home/runner/_work/_tool/Python/3.14.3/x64
job-core	Setup Kubectl Tunnel	2026-02-23T15:38:22.9002129Z   PKG_CONFIG_PATH: /home/runner/_work/_tool/Python/3.14.3/x64/lib/pkgconfig
job-core	Setup Kubectl Tunnel	2026-02-23T15:38:22.9002665Z   Python_ROOT_DIR: /home/runner/_work/_tool/Python/3.14.3/x64
job-core	Setup Kubectl Tunnel	2026-02-23T15:38:22.9003128Z   Python2_ROOT_DIR: /home/runner/_work/_tool/Python/3.14.3/x64
job-core	Setup Kubectl Tunnel	2026-02-23T15:38:22.9003592Z   Python3_ROOT_DIR: /home/runner/_work/_tool/Python/3.14.3/x64
job-core	Setup Kubectl Tunnel	2026-02-23T15:38:22.9004064Z   LD_LIBRARY_PATH: /home/runner/_work/_tool/Python/3.14.3/x64/lib
job-core	Setup Kubectl Tunnel	2026-02-23T15:38:22.9004449Z ##[endgroup]
job-core	Setup Kubectl Tunnel	2026-02-23T15:38:23.0230979Z NAME         STATUS                     ROLES           AGE   VERSION
job-core	Setup Kubectl Tunnel	2026-02-23T15:38:23.0233947Z k8-manager   Ready                      control-plane   66d   v1.32.11
job-core	Setup Kubectl Tunnel	2026-02-23T15:38:23.0234459Z k8-node-20   Ready                      <none>          66d   v1.32.11
job-core	Setup Kubectl Tunnel	2026-02-23T15:38:23.0234965Z k8-node-30   Ready,SchedulingDisabled   <none>          46d   v1.32.11
job-core	Setup Kubectl Tunnel	2026-02-23T15:38:23.0235526Z k8-node-40   Ready,SchedulingDisabled   <none>          18d   v1.32.11
job-core	Detect Unhealthy Nodes	ï»¿2026-02-23T15:38:23.0355694Z ##[group]Run chmod +x .github/scripts/watchdog-disk-pressure.py
job-core	Detect Unhealthy Nodes	2026-02-23T15:38:23.0356292Z [36;1mchmod +x .github/scripts/watchdog-disk-pressure.py[0m
job-core	Detect Unhealthy Nodes	2026-02-23T15:38:23.0356801Z [36;1mNODES=$(python3 .github/scripts/watchdog-disk-pressure.py)[0m
job-core	Detect Unhealthy Nodes	2026-02-23T15:38:23.0357212Z [36;1m[0m
job-core	Detect Unhealthy Nodes	2026-02-23T15:38:23.0357447Z [36;1mif [ -z "$NODES" ]; then[0m
job-core	Detect Unhealthy Nodes	2026-02-23T15:38:23.0357819Z [36;1m  echo "âœ… All nodes are healthy (No DiskPressure)."[0m
job-core	Detect Unhealthy Nodes	2026-02-23T15:38:23.0358220Z [36;1m  echo "nodes=" >> $GITHUB_OUTPUT[0m
job-core	Detect Unhealthy Nodes	2026-02-23T15:38:23.0358536Z [36;1melse[0m
job-core	Detect Unhealthy Nodes	2026-02-23T15:38:23.0358815Z [36;1m  echo "âš ï¸ Found nodes with DiskPressure:"[0m
job-core	Detect Unhealthy Nodes	2026-02-23T15:38:23.0359162Z [36;1m  echo "$NODES"[0m
job-core	Detect Unhealthy Nodes	2026-02-23T15:38:23.0359556Z [36;1m  # Replace newlines with spaces or keep as multiline for output? [0m
job-core	Detect Unhealthy Nodes	2026-02-23T15:38:23.0360180Z [36;1m  # Multiline strings in output are tricky. Let's use JSON or just space separated.[0m
job-core	Detect Unhealthy Nodes	2026-02-23T15:38:23.0361005Z [36;1m  # For loop below handles space separated fine if names don't have spaces.[0m
job-core	Detect Unhealthy Nodes	2026-02-23T15:38:23.0361550Z [36;1m  NODES_FLAT=$(echo "$NODES" | tr '\n' ' ')[0m
job-core	Detect Unhealthy Nodes	2026-02-23T15:38:23.0361947Z [36;1m  echo "nodes=$NODES_FLAT" >> $GITHUB_OUTPUT[0m
job-core	Detect Unhealthy Nodes	2026-02-23T15:38:23.0362285Z [36;1mfi[0m
job-core	Detect Unhealthy Nodes	2026-02-23T15:38:23.0376533Z shell: /usr/bin/bash -e {0}
job-core	Detect Unhealthy Nodes	2026-02-23T15:38:23.0376832Z env:
job-core	Detect Unhealthy Nodes	2026-02-23T15:38:23.0377152Z   pythonLocation: /home/runner/_work/_tool/Python/3.14.3/x64
job-core	Detect Unhealthy Nodes	2026-02-23T15:38:23.0377670Z   PKG_CONFIG_PATH: /home/runner/_work/_tool/Python/3.14.3/x64/lib/pkgconfig
job-core	Detect Unhealthy Nodes	2026-02-23T15:38:23.0378182Z   Python_ROOT_DIR: /home/runner/_work/_tool/Python/3.14.3/x64
job-core	Detect Unhealthy Nodes	2026-02-23T15:38:23.0378653Z   Python2_ROOT_DIR: /home/runner/_work/_tool/Python/3.14.3/x64
job-core	Detect Unhealthy Nodes	2026-02-23T15:38:23.0379110Z   Python3_ROOT_DIR: /home/runner/_work/_tool/Python/3.14.3/x64
job-core	Detect Unhealthy Nodes	2026-02-23T15:38:23.0379577Z   LD_LIBRARY_PATH: /home/runner/_work/_tool/Python/3.14.3/x64/lib
job-core	Detect Unhealthy Nodes	2026-02-23T15:38:23.0379980Z ##[endgroup]
job-core	Detect Unhealthy Nodes	2026-02-23T15:38:23.1798477Z âœ… All nodes are healthy (No DiskPressure).
job-core	Post Setup Python	ï»¿2026-02-23T15:38:23.2014192Z Post job cleanup.
job-core	Post Checkout	ï»¿2026-02-23T15:38:23.4863572Z Post job cleanup.
job-core	Post Checkout	2026-02-23T15:38:23.6075164Z [command]/usr/bin/git version
job-core	Post Checkout	2026-02-23T15:38:23.6161467Z git version 2.52.0
job-core	Post Checkout	2026-02-23T15:38:23.6202478Z Temporarily overriding HOME='/home/runner/_work/_temp/cada6b58-1cad-4de2-8469-e6d03400a747' before making global git config changes
job-core	Post Checkout	2026-02-23T15:38:23.6207337Z Adding repository directory to the temporary git global config as a safe directory
job-core	Post Checkout	2026-02-23T15:38:23.6217773Z [command]/usr/bin/git config --global --add safe.directory /home/runner/_work/ka0s/ka0s
job-core	Post Checkout	2026-02-23T15:38:23.6285821Z [command]/usr/bin/git config --local --name-only --get-regexp core\.sshCommand
job-core	Post Checkout	2026-02-23T15:38:23.6362260Z [command]/usr/bin/git submodule foreach --recursive sh -c "git config --local --name-only --get-regexp 'core\.sshCommand' && git config --local --unset-all 'core.sshCommand' || :"
job-core	Post Checkout	2026-02-23T15:38:23.6744411Z [command]/usr/bin/git config --local --name-only --get-regexp http\.https\:\/\/github\.com\/\.extraheader
job-core	Post Checkout	2026-02-23T15:38:23.6790464Z http.https://github.com/.extraheader
job-core	Post Checkout	2026-02-23T15:38:23.6813749Z [command]/usr/bin/git config --local --unset-all http.https://github.com/.extraheader
job-core	Post Checkout	2026-02-23T15:38:23.6881181Z [command]/usr/bin/git submodule foreach --recursive sh -c "git config --local --name-only --get-regexp 'http\.https\:\/\/github\.com\/\.extraheader' && git config --local --unset-all 'http.https://github.com/.extraheader' || :"
job-core	Post Checkout	2026-02-23T15:38:23.7401188Z [command]/usr/bin/git config --local --name-only --get-regexp ^includeIf\.gitdir:
job-core	Post Checkout	2026-02-23T15:38:23.7457522Z [command]/usr/bin/git submodule foreach --recursive git config --local --show-origin --name-only --get-regexp remote.origin.url
job-core	Complete job	ï»¿2026-02-23T15:38:23.8009092Z Evaluate and set job outputs
job-core	Complete job	2026-02-23T15:38:23.8016258Z Cleaning up orphan processes
job-core	Complete job	2026-02-23T15:38:23.8062298Z Terminate orphan process: pid (265) (ssh)
handle-success	Set up job	ï»¿2026-02-23T15:38:39.9333728Z Current runner version: '2.331.0'
handle-success	Set up job	2026-02-23T15:38:39.9343681Z Runner name: 'swarm-runners-scaleset-hkss5-runner-rs4fr'
handle-success	Set up job	2026-02-23T15:38:39.9344652Z Runner group name: 'Default'
handle-success	Set up job	2026-02-23T15:38:39.9345949Z Machine name: 'swarm-runners-scaleset-hkss5-runner-rs4fr'
handle-success	Set up job	2026-02-23T15:38:39.9349971Z ##[group]GITHUB_TOKEN Permissions
handle-success	Set up job	2026-02-23T15:38:39.9353062Z Actions: write
handle-success	Set up job	2026-02-23T15:38:39.9353669Z Contents: read
handle-success	Set up job	2026-02-23T15:38:39.9354242Z Metadata: read
handle-success	Set up job	2026-02-23T15:38:39.9354862Z ##[endgroup]
handle-success	Set up job	2026-02-23T15:38:39.9356964Z Secret source: Actions
handle-success	Set up job	2026-02-23T15:38:39.9357761Z Prepare workflow directory
handle-success	Set up job	2026-02-23T15:38:39.9912227Z Prepare all required actions
handle-success	Set up job	2026-02-23T15:38:39.9955981Z Getting action download info
handle-success	Set up job	2026-02-23T15:38:40.6183036Z Download action repository 'actions/checkout@v4' (SHA:34e114876b0b11c390a56381ad16ebd13914f8d5)
handle-success	Set up job	2026-02-23T15:38:41.5991031Z Complete job name: handle-success
handle-success	Log Success	ï»¿2026-02-23T15:38:41.6575084Z ##[group]Run echo "Watchdog scan completed successfully."
handle-success	Log Success	2026-02-23T15:38:41.6576177Z [36;1mecho "Watchdog scan completed successfully."[0m
handle-success	Log Success	2026-02-23T15:38:41.6593514Z shell: /usr/bin/bash -e {0}
handle-success	Log Success	2026-02-23T15:38:41.6594672Z env:
handle-success	Log Success	2026-02-23T15:38:41.6595391Z   GH_TOKEN: ***
handle-success	Log Success	2026-02-23T15:38:41.6595818Z ##[endgroup]
handle-success	Log Success	2026-02-23T15:38:41.6785426Z Watchdog scan completed successfully.
handle-success	Checkout Repository	ï»¿2026-02-23T15:38:41.7335638Z ##[group]Run actions/checkout@v4
handle-success	Checkout Repository	2026-02-23T15:38:41.7336511Z with:
handle-success	Checkout Repository	2026-02-23T15:38:41.7336941Z   fetch-depth: 0
handle-success	Checkout Repository	2026-02-23T15:38:41.7337430Z   repository: Ka0s-Klaus/ka0s
handle-success	Checkout Repository	2026-02-23T15:38:41.7338304Z   token: ***
handle-success	Checkout Repository	2026-02-23T15:38:41.7338775Z   ssh-strict: true
handle-success	Checkout Repository	2026-02-23T15:38:41.7339261Z   ssh-user: git
handle-success	Checkout Repository	2026-02-23T15:38:41.7339739Z   persist-credentials: true
handle-success	Checkout Repository	2026-02-23T15:38:41.7340431Z   clean: true
handle-success	Checkout Repository	2026-02-23T15:38:41.7340923Z   sparse-checkout-cone-mode: true
handle-success	Checkout Repository	2026-02-23T15:38:41.7341501Z   fetch-tags: false
handle-success	Checkout Repository	2026-02-23T15:38:41.7341973Z   show-progress: true
handle-success	Checkout Repository	2026-02-23T15:38:41.7342456Z   lfs: false
handle-success	Checkout Repository	2026-02-23T15:38:41.7342893Z   submodules: false
handle-success	Checkout Repository	2026-02-23T15:38:41.7343430Z   set-safe-directory: true
handle-success	Checkout Repository	2026-02-23T15:38:41.7343936Z env:
handle-success	Checkout Repository	2026-02-23T15:38:41.7344517Z   GH_TOKEN: ***
handle-success	Checkout Repository	2026-02-23T15:38:41.7344979Z ##[endgroup]
handle-success	Checkout Repository	2026-02-23T15:38:41.8973329Z Syncing repository: Ka0s-Klaus/ka0s
handle-success	Checkout Repository	2026-02-23T15:38:41.8981514Z ##[group]Getting Git version info
handle-success	Checkout Repository	2026-02-23T15:38:41.8982510Z Working directory is '/home/runner/_work/ka0s/ka0s'
handle-success	Checkout Repository	2026-02-23T15:38:41.8983968Z [command]/usr/bin/git version
handle-success	Checkout Repository	2026-02-23T15:38:41.8984529Z git version 2.52.0
handle-success	Checkout Repository	2026-02-23T15:38:41.8987234Z ##[endgroup]
handle-success	Checkout Repository	2026-02-23T15:38:41.8997537Z Temporarily overriding HOME='/home/runner/_work/_temp/963433fc-8d8d-4c27-91f2-12f8bd664a8a' before making global git config changes
handle-success	Checkout Repository	2026-02-23T15:38:41.8999313Z Adding repository directory to the temporary git global config as a safe directory
handle-success	Checkout Repository	2026-02-23T15:38:41.9004135Z [command]/usr/bin/git config --global --add safe.directory /home/runner/_work/ka0s/ka0s
handle-success	Checkout Repository	2026-02-23T15:38:41.9059328Z Deleting the contents of '/home/runner/_work/ka0s/ka0s'
handle-success	Checkout Repository	2026-02-23T15:38:41.9090151Z ##[group]Initializing the repository
handle-success	Checkout Repository	2026-02-23T15:38:41.9091429Z [command]/usr/bin/git init /home/runner/_work/ka0s/ka0s
handle-success	Checkout Repository	2026-02-23T15:38:41.9201685Z hint: Using 'master' as the name for the initial branch. This default branch name
handle-success	Checkout Repository	2026-02-23T15:38:41.9210195Z hint: will change to "main" in Git 3.0. To configure the initial branch name
handle-success	Checkout Repository	2026-02-23T15:38:41.9219155Z hint: to use in all of your new repositories, which will suppress this warning,
handle-success	Checkout Repository	2026-02-23T15:38:41.9221802Z hint: call:
handle-success	Checkout Repository	2026-02-23T15:38:41.9226516Z hint:
handle-success	Checkout Repository	2026-02-23T15:38:41.9228636Z hint: 	git config --global init.defaultBranch <name>
handle-success	Checkout Repository	2026-02-23T15:38:41.9229458Z hint:
handle-success	Checkout Repository	2026-02-23T15:38:41.9230118Z hint: Names commonly chosen instead of 'master' are 'main', 'trunk' and
handle-success	Checkout Repository	2026-02-23T15:38:41.9237638Z hint: 'development'. The just-created branch can be renamed via this command:
handle-success	Checkout Repository	2026-02-23T15:38:41.9238776Z hint:
handle-success	Checkout Repository	2026-02-23T15:38:41.9240241Z hint: 	git branch -m <name>
handle-success	Checkout Repository	2026-02-23T15:38:41.9241061Z hint:
handle-success	Checkout Repository	2026-02-23T15:38:41.9244547Z hint: Disable this message with "git config set advice.defaultBranchName false"
handle-success	Checkout Repository	2026-02-23T15:38:41.9249803Z Initialized empty Git repository in /home/runner/_work/ka0s/ka0s/.git/
handle-success	Checkout Repository	2026-02-23T15:38:41.9256420Z [command]/usr/bin/git remote add origin https://github.com/Ka0s-Klaus/ka0s
handle-success	Checkout Repository	2026-02-23T15:38:41.9291879Z ##[endgroup]
handle-success	Checkout Repository	2026-02-23T15:38:41.9292829Z ##[group]Disabling automatic garbage collection
handle-success	Checkout Repository	2026-02-23T15:38:41.9296716Z [command]/usr/bin/git config --local gc.auto 0
handle-success	Checkout Repository	2026-02-23T15:38:41.9345893Z ##[endgroup]
handle-success	Checkout Repository	2026-02-23T15:38:41.9346936Z ##[group]Setting up auth
handle-success	Checkout Repository	2026-02-23T15:38:41.9357498Z [command]/usr/bin/git config --local --name-only --get-regexp core\.sshCommand
handle-success	Checkout Repository	2026-02-23T15:38:41.9410117Z [command]/usr/bin/git submodule foreach --recursive sh -c "git config --local --name-only --get-regexp 'core\.sshCommand' && git config --local --unset-all 'core.sshCommand' || :"
handle-success	Checkout Repository	2026-02-23T15:38:41.9788234Z [command]/usr/bin/git config --local --name-only --get-regexp http\.https\:\/\/github\.com\/\.extraheader
handle-success	Checkout Repository	2026-02-23T15:38:41.9828003Z [command]/usr/bin/git submodule foreach --recursive sh -c "git config --local --name-only --get-regexp 'http\.https\:\/\/github\.com\/\.extraheader' && git config --local --unset-all 'http.https://github.com/.extraheader' || :"
handle-success	Checkout Repository	2026-02-23T15:38:42.0177122Z [command]/usr/bin/git config --local --name-only --get-regexp ^includeIf\.gitdir:
handle-success	Checkout Repository	2026-02-23T15:38:42.0222651Z [command]/usr/bin/git submodule foreach --recursive git config --local --show-origin --name-only --get-regexp remote.origin.url
handle-success	Checkout Repository	2026-02-23T15:38:42.0606079Z [command]/usr/bin/git config --local http.https://github.com/.extraheader AUTHORIZATION: basic ***
handle-success	Checkout Repository	2026-02-23T15:38:42.0665012Z ##[endgroup]
handle-success	Checkout Repository	2026-02-23T15:38:42.0665957Z ##[group]Fetching the repository
handle-success	Checkout Repository	2026-02-23T15:38:42.0674159Z [command]/usr/bin/git -c protocol.version=2 fetch --prune --no-recurse-submodules origin +refs/heads/*:refs/remotes/origin/* +refs/tags/*:refs/tags/*
handle-success	Checkout Repository	2026-02-23T15:39:13.0575389Z From https://github.com/Ka0s-Klaus/ka0s
handle-success	Checkout Repository	2026-02-23T15:39:13.0583715Z  * [new branch]          F3450-modelo-operativo -> origin/F3450-modelo-operativo
handle-success	Checkout Repository	2026-02-23T15:39:13.0584968Z  * [new branch]          H1276-modulo-observabilidad -> origin/H1276-modulo-observabilidad
handle-success	Checkout Repository	2026-02-23T15:39:13.0587706Z  * [new branch]          H3596-deploy-itop      -> origin/H3596-deploy-itop
handle-success	Checkout Repository	2026-02-23T15:39:13.0588820Z  * [new branch]          H4170-flujo-detallado-zabbix---github -> origin/H4170-flujo-detallado-zabbix---github
handle-success	Checkout Repository	2026-02-23T15:39:13.0591173Z  * [new branch]          H4191-request-cambios  -> origin/H4191-request-cambios
handle-success	Checkout Repository	2026-02-23T15:39:13.0593453Z  * [new branch]          H4200-request-recomendaciones-de-auditoria -> origin/H4200-request-recomendaciones-de-auditoria
handle-success	Checkout Repository	2026-02-23T15:39:13.0594428Z  * [new branch]          main                   -> origin/main
handle-success	Checkout Repository	2026-02-23T15:39:13.0602127Z  * [new tag]             0.0.0                  -> 0.0.0
handle-success	Checkout Repository	2026-02-23T15:39:13.0603355Z  * [new tag]             0.0.1                  -> 0.0.1
handle-success	Checkout Repository	2026-02-23T15:39:13.0604037Z  * [new tag]             0.0.10                 -> 0.0.10
handle-success	Checkout Repository	2026-02-23T15:39:13.0608362Z  * [new tag]             0.0.100                -> 0.0.100
handle-success	Checkout Repository	2026-02-23T15:39:13.0609352Z  * [new tag]             0.0.101                -> 0.0.101
handle-success	Checkout Repository	2026-02-23T15:39:13.0610918Z  * [new tag]             0.0.102                -> 0.0.102
handle-success	Checkout Repository	2026-02-23T15:39:13.0611496Z  * [new tag]             0.0.103                -> 0.0.103
handle-success	Checkout Repository	2026-02-23T15:39:13.0612370Z  * [new tag]             0.0.104                -> 0.0.104
handle-success	Checkout Repository	2026-02-23T15:39:13.0790847Z  * [new tag]             0.0.105                -> 0.0.105
handle-success	Checkout Repository	2026-02-23T15:39:13.0791754Z  * [new tag]             0.0.106                -> 0.0.106
handle-success	Checkout Repository	2026-02-23T15:39:13.0792235Z  * [new tag]             0.0.107                -> 0.0.107
handle-success	Checkout Repository	2026-02-23T15:39:13.0792705Z  * [new tag]             0.0.108                -> 0.0.108
handle-success	Checkout Repository	2026-02-23T15:39:13.0793137Z  * [new tag]             0.0.109                -> 0.0.109
handle-success	Checkout Repository	2026-02-23T15:39:13.0793526Z  * [new tag]             0.0.11                 -> 0.0.11
handle-success	Checkout Repository	2026-02-23T15:39:13.0793957Z  * [new tag]             0.0.110                -> 0.0.110
handle-success	Checkout Repository	2026-02-23T15:39:13.0794807Z  * [new tag]             0.0.111                -> 0.0.111
handle-success	Checkout Repository	2026-02-23T15:39:13.0795200Z  * [new tag]             0.0.112                -> 0.0.112
handle-success	Checkout Repository	2026-02-23T15:39:13.0795586Z  * [new tag]             0.0.113                -> 0.0.113
handle-success	Checkout Repository	2026-02-23T15:39:13.0796023Z  * [new tag]             0.0.114                -> 0.0.114
handle-success	Checkout Repository	2026-02-23T15:39:13.0796461Z  * [new tag]             0.0.115                -> 0.0.115
handle-success	Checkout Repository	2026-02-23T15:39:13.0796861Z  * [new tag]             0.0.116                -> 0.0.116
handle-success	Checkout Repository	2026-02-23T15:39:13.0797350Z  * [new tag]             0.0.117                -> 0.0.117
handle-success	Checkout Repository	2026-02-23T15:39:13.0797796Z  * [new tag]             0.0.118                -> 0.0.118
handle-success	Checkout Repository	2026-02-23T15:39:13.0798182Z  * [new tag]             0.0.119                -> 0.0.119
handle-success	Checkout Repository	2026-02-23T15:39:13.0798565Z  * [new tag]             0.0.12                 -> 0.0.12
handle-success	Checkout Repository	2026-02-23T15:39:13.0798958Z  * [new tag]             0.0.120                -> 0.0.120
handle-success	Checkout Repository	2026-02-23T15:39:13.0799356Z  * [new tag]             0.0.121                -> 0.0.121
handle-success	Checkout Repository	2026-02-23T15:39:13.0799741Z  * [new tag]             0.0.122                -> 0.0.122
handle-success	Checkout Repository	2026-02-23T15:39:13.0800136Z  * [new tag]             0.0.123                -> 0.0.123
handle-success	Checkout Repository	2026-02-23T15:39:13.0810892Z  * [new tag]             0.0.124                -> 0.0.124
handle-success	Checkout Repository	2026-02-23T15:39:13.0811647Z  * [new tag]             0.0.125                -> 0.0.125
handle-success	Checkout Repository	2026-02-23T15:39:13.0812034Z  * [new tag]             0.0.126                -> 0.0.126
handle-success	Checkout Repository	2026-02-23T15:39:13.0812427Z  * [new tag]             0.0.127                -> 0.0.127
handle-success	Checkout Repository	2026-02-23T15:39:13.0813055Z  * [new tag]             0.0.128                -> 0.0.128
handle-success	Checkout Repository	2026-02-23T15:39:13.0813450Z  * [new tag]             0.0.129                -> 0.0.129
handle-success	Checkout Repository	2026-02-23T15:39:13.0813833Z  * [new tag]             0.0.13                 -> 0.0.13
handle-success	Checkout Repository	2026-02-23T15:39:13.0814216Z  * [new tag]             0.0.130                -> 0.0.130
handle-success	Checkout Repository	2026-02-23T15:39:13.0814596Z  * [new tag]             0.0.131                -> 0.0.131
handle-success	Checkout Repository	2026-02-23T15:39:13.0814992Z  * [new tag]             0.0.132                -> 0.0.132
handle-success	Checkout Repository	2026-02-23T15:39:13.0815377Z  * [new tag]             0.0.133                -> 0.0.133
handle-success	Checkout Repository	2026-02-23T15:39:13.0815763Z  * [new tag]             0.0.134                -> 0.0.134
handle-success	Checkout Repository	2026-02-23T15:39:13.0816147Z  * [new tag]             0.0.135                -> 0.0.135
handle-success	Checkout Repository	2026-02-23T15:39:13.0816535Z  * [new tag]             0.0.136                -> 0.0.136
handle-success	Checkout Repository	2026-02-23T15:39:13.0816919Z  * [new tag]             0.0.137                -> 0.0.137
handle-success	Checkout Repository	2026-02-23T15:39:13.0817301Z  * [new tag]             0.0.138                -> 0.0.138
handle-success	Checkout Repository	2026-02-23T15:39:13.0817691Z  * [new tag]             0.0.139                -> 0.0.139
handle-success	Checkout Repository	2026-02-23T15:39:13.0818071Z  * [new tag]             0.0.14                 -> 0.0.14
handle-success	Checkout Repository	2026-02-23T15:39:13.0818456Z  * [new tag]             0.0.140                -> 0.0.140
handle-success	Checkout Repository	2026-02-23T15:39:13.0818844Z  * [new tag]             0.0.141                -> 0.0.141
handle-success	Checkout Repository	2026-02-23T15:39:13.0819226Z  * [new tag]             0.0.142                -> 0.0.142
handle-success	Checkout Repository	2026-02-23T15:39:13.0819618Z  * [new tag]             0.0.143                -> 0.0.143
handle-success	Checkout Repository	2026-02-23T15:39:13.0819999Z  * [new tag]             0.0.144                -> 0.0.144
handle-success	Checkout Repository	2026-02-23T15:39:13.0830656Z  * [new tag]             0.0.145                -> 0.0.145
handle-success	Checkout Repository	2026-02-23T15:39:13.0831125Z  * [new tag]             0.0.146                -> 0.0.146
handle-success	Checkout Repository	2026-02-23T15:39:13.0831516Z  * [new tag]             0.0.147                -> 0.0.147
handle-success	Checkout Repository	2026-02-23T15:39:13.0831902Z  * [new tag]             0.0.148                -> 0.0.148
handle-success	Checkout Repository	2026-02-23T15:39:13.0832287Z  * [new tag]             0.0.149                -> 0.0.149
handle-success	Checkout Repository	2026-02-23T15:39:13.0832702Z  * [new tag]             0.0.15                 -> 0.0.15
handle-success	Checkout Repository	2026-02-23T15:39:13.0833137Z  * [new tag]             0.0.150                -> 0.0.150
handle-success	Checkout Repository	2026-02-23T15:39:13.0840541Z  * [new tag]             0.0.151                -> 0.0.151
handle-success	Checkout Repository	2026-02-23T15:39:13.0841039Z  * [new tag]             0.0.152                -> 0.0.152
handle-success	Checkout Repository	2026-02-23T15:39:13.0841746Z  * [new tag]             0.0.153                -> 0.0.153
handle-success	Checkout Repository	2026-02-23T15:39:13.0842152Z  * [new tag]             0.0.154                -> 0.0.154
handle-success	Checkout Repository	2026-02-23T15:39:13.0842557Z  * [new tag]             0.0.155                -> 0.0.155
handle-success	Checkout Repository	2026-02-23T15:39:13.0842977Z  * [new tag]             0.0.156                -> 0.0.156
handle-success	Checkout Repository	2026-02-23T15:39:13.0843394Z  * [new tag]             0.0.157                -> 0.0.157
handle-success	Checkout Repository	2026-02-23T15:39:13.0843794Z  * [new tag]             0.0.158                -> 0.0.158
handle-success	Checkout Repository	2026-02-23T15:39:13.0850528Z  * [new tag]             0.0.159                -> 0.0.159
handle-success	Checkout Repository	2026-02-23T15:39:13.0851288Z  * [new tag]             0.0.16                 -> 0.0.16
handle-success	Checkout Repository	2026-02-23T15:39:13.0851714Z  * [new tag]             0.0.160                -> 0.0.160
handle-success	Checkout Repository	2026-02-23T15:39:13.0852115Z  * [new tag]             0.0.161                -> 0.0.161
handle-success	Checkout Repository	2026-02-23T15:39:13.0852514Z  * [new tag]             0.0.162                -> 0.0.162
handle-success	Checkout Repository	2026-02-23T15:39:13.0852933Z  * [new tag]             0.0.163                -> 0.0.163
handle-success	Checkout Repository	2026-02-23T15:39:13.0853339Z  * [new tag]             0.0.164                -> 0.0.164
handle-success	Checkout Repository	2026-02-23T15:39:13.0853739Z  * [new tag]             0.0.165                -> 0.0.165
handle-success	Checkout Repository	2026-02-23T15:39:13.0854134Z  * [new tag]             0.0.166                -> 0.0.166
handle-success	Checkout Repository	2026-02-23T15:39:13.0854535Z  * [new tag]             0.0.167                -> 0.0.167
handle-success	Checkout Repository	2026-02-23T15:39:13.0855196Z  * [new tag]             0.0.168                -> 0.0.168
handle-success	Checkout Repository	2026-02-23T15:39:13.0855598Z  * [new tag]             0.0.169                -> 0.0.169
handle-success	Checkout Repository	2026-02-23T15:39:13.0855996Z  * [new tag]             0.0.17                 -> 0.0.17
handle-success	Checkout Repository	2026-02-23T15:39:13.0856391Z  * [new tag]             0.0.170                -> 0.0.170
handle-success	Checkout Repository	2026-02-23T15:39:13.0856789Z  * [new tag]             0.0.171                -> 0.0.171
handle-success	Checkout Repository	2026-02-23T15:39:13.0857185Z  * [new tag]             0.0.172                -> 0.0.172
handle-success	Checkout Repository	2026-02-23T15:39:13.0857579Z  * [new tag]             0.0.173                -> 0.0.173
handle-success	Checkout Repository	2026-02-23T15:39:13.0857975Z  * [new tag]             0.0.174                -> 0.0.174
handle-success	Checkout Repository	2026-02-23T15:39:13.0858378Z  * [new tag]             0.0.175                -> 0.0.175
handle-success	Checkout Repository	2026-02-23T15:39:13.0858779Z  * [new tag]             0.0.176                -> 0.0.176
handle-success	Checkout Repository	2026-02-23T15:39:13.0859174Z  * [new tag]             0.0.177                -> 0.0.177
handle-success	Checkout Repository	2026-02-23T15:39:13.0859579Z  * [new tag]             0.0.178                -> 0.0.178
handle-success	Checkout Repository	2026-02-23T15:39:13.0859970Z  * [new tag]             0.0.179                -> 0.0.179
handle-success	Checkout Repository	2026-02-23T15:39:13.0870504Z  * [new tag]             0.0.18                 -> 0.0.18
handle-success	Checkout Repository	2026-02-23T15:39:13.0870928Z  * [new tag]             0.0.19                 -> 0.0.19
handle-success	Checkout Repository	2026-02-23T15:39:13.0871330Z  * [new tag]             0.0.2                  -> 0.0.2
handle-success	Checkout Repository	2026-02-23T15:39:13.0871728Z  * [new tag]             0.0.20                 -> 0.0.20
handle-success	Checkout Repository	2026-02-23T15:39:13.0872135Z  * [new tag]             0.0.21                 -> 0.0.21
handle-success	Checkout Repository	2026-02-23T15:39:13.0872530Z  * [new tag]             0.0.22                 -> 0.0.22
handle-success	Checkout Repository	2026-02-23T15:39:13.0872936Z  * [new tag]             0.0.23                 -> 0.0.23
handle-success	Checkout Repository	2026-02-23T15:39:13.0873334Z  * [new tag]             0.0.24                 -> 0.0.24
handle-success	Checkout Repository	2026-02-23T15:39:13.0873731Z  * [new tag]             0.0.25                 -> 0.0.25
handle-success	Checkout Repository	2026-02-23T15:39:13.0874129Z  * [new tag]             0.0.26                 -> 0.0.26
handle-success	Checkout Repository	2026-02-23T15:39:13.0874524Z  * [new tag]             0.0.27                 -> 0.0.27
handle-success	Checkout Repository	2026-02-23T15:39:13.0874923Z  * [new tag]             0.0.28                 -> 0.0.28
handle-success	Checkout Repository	2026-02-23T15:39:13.0875312Z  * [new tag]             0.0.29                 -> 0.0.29
handle-success	Checkout Repository	2026-02-23T15:39:13.0875711Z  * [new tag]             0.0.3                  -> 0.0.3
handle-success	Checkout Repository	2026-02-23T15:39:13.0876113Z  * [new tag]             0.0.30                 -> 0.0.30
handle-success	Checkout Repository	2026-02-23T15:39:13.0876506Z  * [new tag]             0.0.31                 -> 0.0.31
handle-success	Checkout Repository	2026-02-23T15:39:13.0876902Z  * [new tag]             0.0.32                 -> 0.0.32
handle-success	Checkout Repository	2026-02-23T15:39:13.0877296Z  * [new tag]             0.0.33                 -> 0.0.33
handle-success	Checkout Repository	2026-02-23T15:39:13.0877937Z  * [new tag]             0.0.34                 -> 0.0.34
handle-success	Checkout Repository	2026-02-23T15:39:13.0878330Z  * [new tag]             0.0.35                 -> 0.0.35
handle-success	Checkout Repository	2026-02-23T15:39:13.0878731Z  * [new tag]             0.0.36                 -> 0.0.36
handle-success	Checkout Repository	2026-02-23T15:39:13.0879125Z  * [new tag]             0.0.37                 -> 0.0.37
handle-success	Checkout Repository	2026-02-23T15:39:13.0879526Z  * [new tag]             0.0.38                 -> 0.0.38
handle-success	Checkout Repository	2026-02-23T15:39:13.0879922Z  * [new tag]             0.0.39                 -> 0.0.39
handle-success	Checkout Repository	2026-02-23T15:39:13.0900397Z  * [new tag]             0.0.4                  -> 0.0.4
handle-success	Checkout Repository	2026-02-23T15:39:13.0900871Z  * [new tag]             0.0.40                 -> 0.0.40
handle-success	Checkout Repository	2026-02-23T15:39:13.0901533Z  * [new tag]             0.0.41                 -> 0.0.41
handle-success	Checkout Repository	2026-02-23T15:39:13.0901955Z  * [new tag]             0.0.42                 -> 0.0.42
handle-success	Checkout Repository	2026-02-23T15:39:13.0902354Z  * [new tag]             0.0.43                 -> 0.0.43
handle-success	Checkout Repository	2026-02-23T15:39:13.0902747Z  * [new tag]             0.0.44                 -> 0.0.44
handle-success	Checkout Repository	2026-02-23T15:39:13.0903154Z  * [new tag]             0.0.45                 -> 0.0.45
handle-success	Checkout Repository	2026-02-23T15:39:13.0903544Z  * [new tag]             0.0.46                 -> 0.0.46
handle-success	Checkout Repository	2026-02-23T15:39:13.0903942Z  * [new tag]             0.0.47                 -> 0.0.47
handle-success	Checkout Repository	2026-02-23T15:39:13.0904335Z  * [new tag]             0.0.48                 -> 0.0.48
handle-success	Checkout Repository	2026-02-23T15:39:13.0905014Z  * [new tag]             0.0.49                 -> 0.0.49
handle-success	Checkout Repository	2026-02-23T15:39:13.0905411Z  * [new tag]             0.0.5                  -> 0.0.5
handle-success	Checkout Repository	2026-02-23T15:39:13.0905802Z  * [new tag]             0.0.50                 -> 0.0.50
handle-success	Checkout Repository	2026-02-23T15:39:13.0906200Z  * [new tag]             0.0.51                 -> 0.0.51
handle-success	Checkout Repository	2026-02-23T15:39:13.0906591Z  * [new tag]             0.0.52                 -> 0.0.52
handle-success	Checkout Repository	2026-02-23T15:39:13.0906992Z  * [new tag]             0.0.53                 -> 0.0.53
handle-success	Checkout Repository	2026-02-23T15:39:13.0907383Z  * [new tag]             0.0.54                 -> 0.0.54
handle-success	Checkout Repository	2026-02-23T15:39:13.0907782Z  * [new tag]             0.0.55                 -> 0.0.55
handle-success	Checkout Repository	2026-02-23T15:39:13.0908189Z  * [new tag]             0.0.56                 -> 0.0.56
handle-success	Checkout Repository	2026-02-23T15:39:13.0908579Z  * [new tag]             0.0.57                 -> 0.0.57
handle-success	Checkout Repository	2026-02-23T15:39:13.0908975Z  * [new tag]             0.0.58                 -> 0.0.58
handle-success	Checkout Repository	2026-02-23T15:39:13.0909370Z  * [new tag]             0.0.59                 -> 0.0.59
handle-success	Checkout Repository	2026-02-23T15:39:13.0909766Z  * [new tag]             0.0.6                  -> 0.0.6
handle-success	Checkout Repository	2026-02-23T15:39:13.0910149Z  * [new tag]             0.0.60                 -> 0.0.60
handle-success	Checkout Repository	2026-02-23T15:39:13.0920784Z  * [new tag]             0.0.61                 -> 0.0.61
handle-success	Checkout Repository	2026-02-23T15:39:13.0921211Z  * [new tag]             0.0.62                 -> 0.0.62
handle-success	Checkout Repository	2026-02-23T15:39:13.0921603Z  * [new tag]             0.0.63                 -> 0.0.63
handle-success	Checkout Repository	2026-02-23T15:39:13.0922002Z  * [new tag]             0.0.64                 -> 0.0.64
handle-success	Checkout Repository	2026-02-23T15:39:13.0922393Z  * [new tag]             0.0.65                 -> 0.0.65
handle-success	Checkout Repository	2026-02-23T15:39:13.0922795Z  * [new tag]             0.0.66                 -> 0.0.66
handle-success	Checkout Repository	2026-02-23T15:39:13.0923181Z  * [new tag]             0.0.67                 -> 0.0.67
handle-success	Checkout Repository	2026-02-23T15:39:13.0923571Z  * [new tag]             0.0.68                 -> 0.0.68
handle-success	Checkout Repository	2026-02-23T15:39:13.0923962Z  * [new tag]             0.0.69                 -> 0.0.69
handle-success	Checkout Repository	2026-02-23T15:39:13.0924383Z  * [new tag]             0.0.7                  -> 0.0.7
handle-success	Checkout Repository	2026-02-23T15:39:13.0924788Z  * [new tag]             0.0.70                 -> 0.0.70
handle-success	Checkout Repository	2026-02-23T15:39:13.0925183Z  * [new tag]             0.0.71                 -> 0.0.71
handle-success	Checkout Repository	2026-02-23T15:39:13.0925579Z  * [new tag]             0.0.72                 -> 0.0.72
handle-success	Checkout Repository	2026-02-23T15:39:13.0925968Z  * [new tag]             0.0.73                 -> 0.0.73
handle-success	Checkout Repository	2026-02-23T15:39:13.0926363Z  * [new tag]             0.0.74                 -> 0.0.74
handle-success	Checkout Repository	2026-02-23T15:39:13.0926755Z  * [new tag]             0.0.75                 -> 0.0.75
handle-success	Checkout Repository	2026-02-23T15:39:13.0927154Z  * [new tag]             0.0.76                 -> 0.0.76
handle-success	Checkout Repository	2026-02-23T15:39:13.0927822Z  * [new tag]             0.0.77                 -> 0.0.77
handle-success	Checkout Repository	2026-02-23T15:39:13.0928218Z  * [new tag]             0.0.78                 -> 0.0.78
handle-success	Checkout Repository	2026-02-23T15:39:13.0928614Z  * [new tag]             0.0.79                 -> 0.0.79
handle-success	Checkout Repository	2026-02-23T15:39:13.0929000Z  * [new tag]             0.0.8                  -> 0.0.8
handle-success	Checkout Repository	2026-02-23T15:39:13.0929402Z  * [new tag]             0.0.80                 -> 0.0.80
handle-success	Checkout Repository	2026-02-23T15:39:13.0929793Z  * [new tag]             0.0.81                 -> 0.0.81
handle-success	Checkout Repository	2026-02-23T15:39:13.0930183Z  * [new tag]             0.0.82                 -> 0.0.82
handle-success	Checkout Repository	2026-02-23T15:39:13.0946566Z  * [new tag]             0.0.83                 -> 0.0.83
handle-success	Checkout Repository	2026-02-23T15:39:13.0947002Z  * [new tag]             0.0.84                 -> 0.0.84
handle-success	Checkout Repository	2026-02-23T15:39:13.0947399Z  * [new tag]             0.0.85                 -> 0.0.85
handle-success	Checkout Repository	2026-02-23T15:39:13.0947796Z  * [new tag]             0.0.86                 -> 0.0.86
handle-success	Checkout Repository	2026-02-23T15:39:13.0948186Z  * [new tag]             0.0.87                 -> 0.0.87
handle-success	Checkout Repository	2026-02-23T15:39:13.0948585Z  * [new tag]             0.0.88                 -> 0.0.88
handle-success	Checkout Repository	2026-02-23T15:39:13.0948977Z  * [new tag]             0.0.89                 -> 0.0.89
handle-success	Checkout Repository	2026-02-23T15:39:13.0949373Z  * [new tag]             0.0.9                  -> 0.0.9
handle-success	Checkout Repository	2026-02-23T15:39:13.0949761Z  * [new tag]             0.0.90                 -> 0.0.90
handle-success	Checkout Repository	2026-02-23T15:39:13.0960606Z  * [new tag]             0.0.91                 -> 0.0.91
handle-success	Checkout Repository	2026-02-23T15:39:13.0961017Z  * [new tag]             0.0.92                 -> 0.0.92
handle-success	Checkout Repository	2026-02-23T15:39:13.0961421Z  * [new tag]             0.0.93                 -> 0.0.93
handle-success	Checkout Repository	2026-02-23T15:39:13.0961812Z  * [new tag]             0.0.94                 -> 0.0.94
handle-success	Checkout Repository	2026-02-23T15:39:13.0962207Z  * [new tag]             0.0.95                 -> 0.0.95
handle-success	Checkout Repository	2026-02-23T15:39:13.0962601Z  * [new tag]             0.0.96                 -> 0.0.96
handle-success	Checkout Repository	2026-02-23T15:39:13.0962989Z  * [new tag]             0.0.97                 -> 0.0.97
handle-success	Checkout Repository	2026-02-23T15:39:13.0963380Z  * [new tag]             0.0.98                 -> 0.0.98
handle-success	Checkout Repository	2026-02-23T15:39:13.0963779Z  * [new tag]             0.0.99                 -> 0.0.99
handle-success	Checkout Repository	2026-02-23T15:39:13.0964186Z  * [new tag]             0.1.0                  -> 0.1.0
handle-success	Checkout Repository	2026-02-23T15:39:13.0964578Z  * [new tag]             0.1.1                  -> 0.1.1
handle-success	Checkout Repository	2026-02-23T15:39:13.0964968Z  * [new tag]             0.2.0                  -> 0.2.0
handle-success	Checkout Repository	2026-02-23T15:39:13.0965369Z  * [new tag]             0.3.0                  -> 0.3.0
handle-success	Checkout Repository	2026-02-23T15:39:13.0965751Z  * [new tag]             0.3.1                  -> 0.3.1
handle-success	Checkout Repository	2026-02-23T15:39:13.0966181Z  * [new tag]             0.3.10                 -> 0.3.10
handle-success	Checkout Repository	2026-02-23T15:39:13.0966584Z  * [new tag]             0.3.11                 -> 0.3.11
handle-success	Checkout Repository	2026-02-23T15:39:13.0966980Z  * [new tag]             0.3.12                 -> 0.3.12
handle-success	Checkout Repository	2026-02-23T15:39:13.0967375Z  * [new tag]             0.3.13                 -> 0.3.13
handle-success	Checkout Repository	2026-02-23T15:39:13.0967764Z  * [new tag]             0.3.14                 -> 0.3.14
handle-success	Checkout Repository	2026-02-23T15:39:13.0968163Z  * [new tag]             0.3.15                 -> 0.3.15
handle-success	Checkout Repository	2026-02-23T15:39:13.0968565Z  * [new tag]             0.3.16                 -> 0.3.16
handle-success	Checkout Repository	2026-02-23T15:39:13.0968962Z  * [new tag]             0.3.17                 -> 0.3.17
handle-success	Checkout Repository	2026-02-23T15:39:13.0969358Z  * [new tag]             0.3.2                  -> 0.3.2
handle-success	Checkout Repository	2026-02-23T15:39:13.0969752Z  * [new tag]             0.3.3                  -> 0.3.3
handle-success	Checkout Repository	2026-02-23T15:39:13.0970143Z  * [new tag]             0.3.4                  -> 0.3.4
handle-success	Checkout Repository	2026-02-23T15:39:13.0980733Z  * [new tag]             0.3.5                  -> 0.3.5
handle-success	Checkout Repository	2026-02-23T15:39:13.0981167Z  * [new tag]             0.3.6                  -> 0.3.6
handle-success	Checkout Repository	2026-02-23T15:39:13.0981561Z  * [new tag]             0.3.7                  -> 0.3.7
handle-success	Checkout Repository	2026-02-23T15:39:13.0981945Z  * [new tag]             0.3.8                  -> 0.3.8
handle-success	Checkout Repository	2026-02-23T15:39:13.0982332Z  * [new tag]             0.3.9                  -> 0.3.9
handle-success	Checkout Repository	2026-02-23T15:39:13.0982714Z  * [new tag]             0.4.0                  -> 0.4.0
handle-success	Checkout Repository	2026-02-23T15:39:13.0983404Z  * [new tag]             0.4.1                  -> 0.4.1
handle-success	Checkout Repository	2026-02-23T15:39:13.0983789Z  * [new tag]             0.4.2                  -> 0.4.2
handle-success	Checkout Repository	2026-02-23T15:39:13.0984173Z  * [new tag]             0.4.3                  -> 0.4.3
handle-success	Checkout Repository	2026-02-23T15:39:13.0984559Z  * [new tag]             0.4.4                  -> 0.4.4
handle-success	Checkout Repository	2026-02-23T15:39:13.0984949Z  * [new tag]             0.4.5                  -> 0.4.5
handle-success	Checkout Repository	2026-02-23T15:39:13.0985338Z  * [new tag]             0.4.6                  -> 0.4.6
handle-success	Checkout Repository	2026-02-23T15:39:13.0985722Z  * [new tag]             0.4.7                  -> 0.4.7
handle-success	Checkout Repository	2026-02-23T15:39:13.0986106Z  * [new tag]             0.4.8                  -> 0.4.8
handle-success	Checkout Repository	2026-02-23T15:39:13.0986486Z  * [new tag]             0.4.9                  -> 0.4.9
handle-success	Checkout Repository	2026-02-23T15:39:13.0986877Z  * [new tag]             0.5.0                  -> 0.5.0
handle-success	Checkout Repository	2026-02-23T15:39:13.0987269Z  * [new tag]             0.5.1                  -> 0.5.1
handle-success	Checkout Repository	2026-02-23T15:39:13.0987647Z  * [new tag]             0.5.2                  -> 0.5.2
handle-success	Checkout Repository	2026-02-23T15:39:13.0988042Z  * [new tag]             0.6.0                  -> 0.6.0
handle-success	Checkout Repository	2026-02-23T15:39:13.0988425Z  * [new tag]             0.6.1                  -> 0.6.1
handle-success	Checkout Repository	2026-02-23T15:39:13.0988811Z  * [new tag]             0.6.2                  -> 0.6.2
handle-success	Checkout Repository	2026-02-23T15:39:13.0989193Z  * [new tag]             0.6.3                  -> 0.6.3
handle-success	Checkout Repository	2026-02-23T15:39:13.0989792Z  * [new tag]             0.6.4                  -> 0.6.4
handle-success	Checkout Repository	2026-02-23T15:39:13.0990177Z  * [new tag]             0.6.5                  -> 0.6.5
handle-success	Checkout Repository	2026-02-23T15:39:13.1096830Z [command]/usr/bin/git branch --list --remote origin/main
handle-success	Checkout Repository	2026-02-23T15:39:13.1183408Z   origin/main
handle-success	Checkout Repository	2026-02-23T15:39:13.1202324Z [command]/usr/bin/git rev-parse refs/remotes/origin/main
handle-success	Checkout Repository	2026-02-23T15:39:13.1232748Z d787708a9f2007704f5e5be545135684599b6d7c
handle-success	Checkout Repository	2026-02-23T15:39:13.1251523Z [command]/usr/bin/git -c protocol.version=2 fetch --no-tags --prune --no-recurse-submodules origin +f16bd433a4957393c1a3291046c32760b64ca40b:refs/remotes/origin/main
handle-success	Checkout Repository	2026-02-23T15:39:13.1443380Z From https://github.com/Ka0s-Klaus/ka0s
handle-success	Checkout Repository	2026-02-23T15:39:13.1447470Z  + d787708a9...f16bd433a f16bd433a4957393c1a3291046c32760b64ca40b -> origin/main  (forced update)
handle-success	Checkout Repository	2026-02-23T15:39:13.1486293Z ##[endgroup]
handle-success	Checkout Repository	2026-02-23T15:39:13.1486842Z ##[group]Determining the checkout info
handle-success	Checkout Repository	2026-02-23T15:39:13.1490999Z ##[endgroup]
handle-success	Checkout Repository	2026-02-23T15:39:13.1500926Z [command]/usr/bin/git sparse-checkout disable
handle-success	Checkout Repository	2026-02-23T15:39:13.1572577Z [command]/usr/bin/git config --local --unset-all extensions.worktreeConfig
handle-success	Checkout Repository	2026-02-23T15:39:13.1622305Z ##[group]Checking out the ref
handle-success	Checkout Repository	2026-02-23T15:39:13.1623036Z [command]/usr/bin/git checkout --progress --force -B main refs/remotes/origin/main
handle-success	Checkout Repository	2026-02-23T15:39:13.4451645Z Switched to a new branch 'main'
handle-success	Checkout Repository	2026-02-23T15:39:13.4475321Z branch 'main' set up to track 'origin/main'.
handle-success	Checkout Repository	2026-02-23T15:39:13.4563770Z ##[endgroup]
handle-success	Checkout Repository	2026-02-23T15:39:13.4778977Z [command]/usr/bin/git log -1 --format=%H
handle-success	Checkout Repository	2026-02-23T15:39:13.4822995Z f16bd433a4957393c1a3291046c32760b64ca40b
handle-success	Install GH CLI	ï»¿2026-02-23T15:39:13.5208819Z Prepare all required actions
handle-success	Install GH CLI	2026-02-23T15:39:13.5359670Z ##[group]Run ./.github/actions/install-gh-cli
handle-success	Install GH CLI	2026-02-23T15:39:13.5360010Z env:
handle-success	Install GH CLI	2026-02-23T15:39:13.5369904Z   GH_TOKEN: ***
handle-success	Install GH CLI	2026-02-23T15:39:13.5370161Z ##[endgroup]
handle-success	Install GH CLI	2026-02-23T15:39:13.5525205Z ##[group]Run type -p curl >/dev/null || (sudo apt-get update && sudo apt-get install curl -y)
handle-success	Install GH CLI	2026-02-23T15:39:13.5525894Z [36;1mtype -p curl >/dev/null || (sudo apt-get update && sudo apt-get install curl -y)[0m
handle-success	Install GH CLI	2026-02-23T15:39:13.5526776Z [36;1mcurl -fsSL https://cli.github.com/packages/githubcli-archive-keyring.gpg | sudo dd of=/usr/share/keyrings/githubcli-archive-keyring.gpg \[0m
handle-success	Install GH CLI	2026-02-23T15:39:13.5527613Z [36;1m&& sudo chmod go+r /usr/share/keyrings/githubcli-archive-keyring.gpg \[0m
handle-success	Install GH CLI	2026-02-23T15:39:13.5528734Z [36;1m&& echo "deb [arch=$(dpkg --print-architecture) signed-by=/usr/share/keyrings/githubcli-archive-keyring.gpg] https://cli.github.com/packages stable main" | sudo tee /etc/apt/sources.list.d/github-cli.list > /dev/null \[0m
handle-success	Install GH CLI	2026-02-23T15:39:13.5529802Z [36;1m&& sudo apt-get update \[0m
handle-success	Install GH CLI	2026-02-23T15:39:13.5537476Z [36;1m&& sudo apt-get install gh -y[0m
handle-success	Install GH CLI	2026-02-23T15:39:13.5561140Z shell: /usr/bin/bash --noprofile --norc -e -o pipefail {0}
handle-success	Install GH CLI	2026-02-23T15:39:13.5561647Z env:
handle-success	Install GH CLI	2026-02-23T15:39:13.5562136Z   GH_TOKEN: ***
handle-success	Install GH CLI	2026-02-23T15:39:13.5562341Z ##[endgroup]
handle-success	Install GH CLI	2026-02-23T15:39:13.7882171Z 4+1 records in
handle-success	Install GH CLI	2026-02-23T15:39:13.7882803Z 4+1 records out
handle-success	Install GH CLI	2026-02-23T15:39:13.7886811Z 2270 bytes (2.3 kB, 2.2 KiB) copied, 0.199199 s, 11.4 kB/s
handle-success	Install GH CLI	2026-02-23T15:39:13.9938883Z Get:1 https://cli.github.com/packages stable InRelease [3917 B]
handle-success	Install GH CLI	2026-02-23T15:39:14.0254476Z Get:2 http://security.ubuntu.com/ubuntu noble-security InRelease [126 kB]
handle-success	Install GH CLI	2026-02-23T15:39:14.0863005Z Get:3 https://cli.github.com/packages stable/main amd64 Packages [356 B]
handle-success	Install GH CLI	2026-02-23T15:39:14.1625337Z Get:4 http://archive.ubuntu.com/ubuntu noble InRelease [256 kB]
handle-success	Install GH CLI	2026-02-23T15:39:14.2056684Z Get:5 https://ppa.launchpadcontent.net/git-core/ppa/ubuntu noble InRelease [24.3 kB]
handle-success	Install GH CLI	2026-02-23T15:39:14.2331774Z Get:6 http://security.ubuntu.com/ubuntu noble-security/multiverse amd64 Packages [34.8 kB]
handle-success	Install GH CLI	2026-02-23T15:39:14.2698181Z Get:7 http://security.ubuntu.com/ubuntu noble-security/restricted amd64 Packages [3209 kB]
handle-success	Install GH CLI	2026-02-23T15:39:14.3845670Z Get:8 https://ppa.launchpadcontent.net/git-core/ppa/ubuntu noble/main amd64 Packages [2992 B]
handle-success	Install GH CLI	2026-02-23T15:39:14.4097414Z Get:9 http://security.ubuntu.com/ubuntu noble-security/universe amd64 Packages [1208 kB]
handle-success	Install GH CLI	2026-02-23T15:39:14.4485742Z Get:10 http://security.ubuntu.com/ubuntu noble-security/main amd64 Packages [1861 kB]
handle-success	Install GH CLI	2026-02-23T15:39:14.7093709Z Get:11 http://archive.ubuntu.com/ubuntu noble-updates InRelease [126 kB]
handle-success	Install GH CLI	2026-02-23T15:39:14.8433334Z Get:12 http://archive.ubuntu.com/ubuntu noble-backports InRelease [126 kB]
handle-success	Install GH CLI	2026-02-23T15:39:14.9806628Z Get:13 http://archive.ubuntu.com/ubuntu noble/main amd64 Packages [1808 kB]
handle-success	Install GH CLI	2026-02-23T15:39:15.2991425Z Get:14 http://archive.ubuntu.com/ubuntu noble/universe amd64 Packages [19.3 MB]
handle-success	Install GH CLI	2026-02-23T15:39:15.8391502Z Get:15 http://archive.ubuntu.com/ubuntu noble/restricted amd64 Packages [117 kB]
handle-success	Install GH CLI	2026-02-23T15:39:15.8401030Z Get:16 http://archive.ubuntu.com/ubuntu noble/multiverse amd64 Packages [331 kB]
handle-success	Install GH CLI	2026-02-23T15:39:15.8441925Z Get:17 http://archive.ubuntu.com/ubuntu noble-updates/main amd64 Packages [2253 kB]
handle-success	Install GH CLI	2026-02-23T15:39:15.8806782Z Get:18 http://archive.ubuntu.com/ubuntu noble-updates/multiverse amd64 Packages [38.1 kB]
handle-success	Install GH CLI	2026-02-23T15:39:15.8821228Z Get:19 http://archive.ubuntu.com/ubuntu noble-updates/universe amd64 Packages [2016 kB]
handle-success	Install GH CLI	2026-02-23T15:39:15.9570181Z Get:20 http://archive.ubuntu.com/ubuntu noble-updates/restricted amd64 Packages [3409 kB]
handle-success	Install GH CLI	2026-02-23T15:39:16.0348820Z Get:21 http://archive.ubuntu.com/ubuntu noble-backports/universe amd64 Packages [34.6 kB]
handle-success	Install GH CLI	2026-02-23T15:39:16.0362756Z Get:22 http://archive.ubuntu.com/ubuntu noble-backports/main amd64 Packages [49.5 kB]
handle-success	Install GH CLI	2026-02-23T15:39:17.0780877Z Fetched 36.4 MB in 3s (11.6 MB/s)
handle-success	Install GH CLI	2026-02-23T15:39:18.1054649Z Reading package lists...
handle-success	Install GH CLI	2026-02-23T15:39:19.2255684Z Reading package lists...
handle-success	Install GH CLI	2026-02-23T15:39:19.4633158Z Building dependency tree...
handle-success	Install GH CLI	2026-02-23T15:39:19.4633693Z Reading state information...
handle-success	Install GH CLI	2026-02-23T15:39:19.8316143Z The following NEW packages will be installed:
handle-success	Install GH CLI	2026-02-23T15:39:19.8340069Z   gh
handle-success	Install GH CLI	2026-02-23T15:39:19.9386488Z 0 upgraded, 1 newly installed, 0 to remove and 26 not upgraded.
handle-success	Install GH CLI	2026-02-23T15:39:19.9388005Z Need to get 13.8 MB of archives.
handle-success	Install GH CLI	2026-02-23T15:39:19.9388744Z After this operation, 38.4 MB of additional disk space will be used.
handle-success	Install GH CLI	2026-02-23T15:39:19.9389301Z Get:1 https://cli.github.com/packages stable/main amd64 gh amd64 2.87.2 [13.8 MB]
handle-success	Install GH CLI	2026-02-23T15:39:20.2846581Z debconf: delaying package configuration, since apt-utils is not installed
handle-success	Install GH CLI	2026-02-23T15:39:20.3296068Z Fetched 13.8 MB in 0s (51.3 MB/s)
handle-success	Install GH CLI	2026-02-23T15:39:20.3571090Z Selecting previously unselected package gh.
handle-success	Install GH CLI	2026-02-23T15:39:20.3611009Z (Reading database ... 
handle-success	Install GH CLI	2026-02-23T15:39:20.3611730Z (Reading database ... 5%
handle-success	Install GH CLI	2026-02-23T15:39:20.3612006Z (Reading database ... 10%
handle-success	Install GH CLI	2026-02-23T15:39:20.3612602Z (Reading database ... 15%
handle-success	Install GH CLI	2026-02-23T15:39:20.3612837Z (Reading database ... 20%
handle-success	Install GH CLI	2026-02-23T15:39:20.3613063Z (Reading database ... 25%
handle-success	Install GH CLI	2026-02-23T15:39:20.3613292Z (Reading database ... 30%
handle-success	Install GH CLI	2026-02-23T15:39:20.3613514Z (Reading database ... 35%
handle-success	Install GH CLI	2026-02-23T15:39:20.3613742Z (Reading database ... 40%
handle-success	Install GH CLI	2026-02-23T15:39:20.3613972Z (Reading database ... 45%
handle-success	Install GH CLI	2026-02-23T15:39:20.3614200Z (Reading database ... 50%
handle-success	Install GH CLI	2026-02-23T15:39:20.3614449Z (Reading database ... 55%
handle-success	Install GH CLI	2026-02-23T15:39:20.3614673Z (Reading database ... 60%
handle-success	Install GH CLI	2026-02-23T15:39:20.3618275Z (Reading database ... 65%
handle-success	Install GH CLI	2026-02-23T15:39:20.3639905Z (Reading database ... 70%
handle-success	Install GH CLI	2026-02-23T15:39:20.3646882Z (Reading database ... 75%
handle-success	Install GH CLI	2026-02-23T15:39:20.3660219Z (Reading database ... 80%
handle-success	Install GH CLI	2026-02-23T15:39:20.3666262Z (Reading database ... 85%
handle-success	Install GH CLI	2026-02-23T15:39:20.3677604Z (Reading database ... 90%
handle-success	Install GH CLI	2026-02-23T15:39:20.3697801Z (Reading database ... 95%
handle-success	Install GH CLI	2026-02-23T15:39:20.3698102Z (Reading database ... 100%
handle-success	Install GH CLI	2026-02-23T15:39:20.3698516Z (Reading database ... 14385 files and directories currently installed.)
handle-success	Install GH CLI	2026-02-23T15:39:20.3705070Z Preparing to unpack .../archives/gh_2.87.2_amd64.deb ...
handle-success	Install GH CLI	2026-02-23T15:39:20.3736345Z Unpacking gh (2.87.2) ...
handle-success	Install GH CLI	2026-02-23T15:39:20.6022399Z Setting up gh (2.87.2) ...
handle-success	Trigger Cluster Audit	ï»¿2026-02-23T15:39:20.6531329Z ##[group]Run echo "ðŸ“¸ Triggering post-watchdog cluster audit..."
handle-success	Trigger Cluster Audit	2026-02-23T15:39:20.6531862Z [36;1mecho "ðŸ“¸ Triggering post-watchdog cluster audit..."[0m
handle-success	Trigger Cluster Audit	2026-02-23T15:39:20.6532301Z [36;1mgh workflow run audit-cluster-status.yml --ref main[0m
handle-success	Trigger Cluster Audit	2026-02-23T15:39:20.6544793Z shell: /usr/bin/bash -e {0}
handle-success	Trigger Cluster Audit	2026-02-23T15:39:20.6545055Z env:
handle-success	Trigger Cluster Audit	2026-02-23T15:39:20.6545808Z   GH_TOKEN: ***
handle-success	Trigger Cluster Audit	2026-02-23T15:39:20.6546148Z ##[endgroup]
handle-success	Trigger Cluster Audit	2026-02-23T15:39:20.6598913Z ðŸ“¸ Triggering post-watchdog cluster audit...
handle-success	Trigger Cluster Audit	2026-02-23T15:39:22.5294848Z https://github.com/Ka0s-Klaus/ka0s/actions/runs/22313196275
handle-success	Post Checkout Repository	ï»¿2026-02-23T15:39:22.5517055Z Post job cleanup.
handle-success	Post Checkout Repository	2026-02-23T15:39:22.6871595Z [command]/usr/bin/git version
handle-success	Post Checkout Repository	2026-02-23T15:39:22.6932534Z git version 2.52.0
handle-success	Post Checkout Repository	2026-02-23T15:39:22.6977533Z Temporarily overriding HOME='/home/runner/_work/_temp/2060a69c-97b5-422f-86e1-7934a9c3bb3f' before making global git config changes
handle-success	Post Checkout Repository	2026-02-23T15:39:22.6982583Z Adding repository directory to the temporary git global config as a safe directory
handle-success	Post Checkout Repository	2026-02-23T15:39:22.6988933Z [command]/usr/bin/git config --global --add safe.directory /home/runner/_work/ka0s/ka0s
handle-success	Post Checkout Repository	2026-02-23T15:39:22.7047401Z [command]/usr/bin/git config --local --name-only --get-regexp core\.sshCommand
handle-success	Post Checkout Repository	2026-02-23T15:39:22.7112645Z [command]/usr/bin/git submodule foreach --recursive sh -c "git config --local --name-only --get-regexp 'core\.sshCommand' && git config --local --unset-all 'core.sshCommand' || :"
handle-success	Post Checkout Repository	2026-02-23T15:39:22.7605687Z [command]/usr/bin/git config --local --name-only --get-regexp http\.https\:\/\/github\.com\/\.extraheader
handle-success	Post Checkout Repository	2026-02-23T15:39:22.7641228Z http.https://github.com/.extraheader
handle-success	Post Checkout Repository	2026-02-23T15:39:22.7662168Z [command]/usr/bin/git config --local --unset-all http.https://github.com/.extraheader
handle-success	Post Checkout Repository	2026-02-23T15:39:22.7725233Z [command]/usr/bin/git submodule foreach --recursive sh -c "git config --local --name-only --get-regexp 'http\.https\:\/\/github\.com\/\.extraheader' && git config --local --unset-all 'http.https://github.com/.extraheader' || :"
handle-success	Post Checkout Repository	2026-02-23T15:39:22.8167509Z [command]/usr/bin/git config --local --name-only --get-regexp ^includeIf\.gitdir:
handle-success	Post Checkout Repository	2026-02-23T15:39:22.8216026Z [command]/usr/bin/git submodule foreach --recursive git config --local --show-origin --name-only --get-regexp remote.origin.url
handle-success	Complete job	ï»¿2026-02-23T15:39:22.8765718Z Cleaning up orphan processes
end-workflow	Set up job	ï»¿2026-02-23T15:39:35.2566445Z Current runner version: '2.331.0'
end-workflow	Set up job	2026-02-23T15:39:35.2576439Z Runner name: 'swarm-runners-scaleset-hkss5-runner-h57mm'
end-workflow	Set up job	2026-02-23T15:39:35.2577492Z Runner group name: 'Default'
end-workflow	Set up job	2026-02-23T15:39:35.2578706Z Machine name: 'swarm-runners-scaleset-hkss5-runner-h57mm'
end-workflow	Set up job	2026-02-23T15:39:35.2583796Z ##[group]GITHUB_TOKEN Permissions
end-workflow	Set up job	2026-02-23T15:39:35.2586853Z Actions: write
end-workflow	Set up job	2026-02-23T15:39:35.2587459Z Contents: read
end-workflow	Set up job	2026-02-23T15:39:35.2588165Z Metadata: read
end-workflow	Set up job	2026-02-23T15:39:35.2588741Z ##[endgroup]
end-workflow	Set up job	2026-02-23T15:39:35.2591665Z Secret source: Actions
end-workflow	Set up job	2026-02-23T15:39:35.2592483Z Prepare workflow directory
end-workflow	Set up job	2026-02-23T15:39:35.3056158Z Prepare all required actions
end-workflow	Set up job	2026-02-23T15:39:35.3136675Z Getting action download info
end-workflow	Set up job	2026-02-23T15:39:35.8914732Z Download action repository 'actions/checkout@v4' (SHA:34e114876b0b11c390a56381ad16ebd13914f8d5)
end-workflow	Set up job	2026-02-23T15:39:36.8024973Z Complete job name: end-workflow
end-workflow	Checkout Repository	ï»¿2026-02-23T15:39:36.9065884Z ##[group]Run actions/checkout@v4
end-workflow	Checkout Repository	2026-02-23T15:39:36.9067330Z with:
end-workflow	Checkout Repository	2026-02-23T15:39:36.9067879Z   fetch-depth: 0
end-workflow	Checkout Repository	2026-02-23T15:39:36.9068490Z   repository: Ka0s-Klaus/ka0s
end-workflow	Checkout Repository	2026-02-23T15:39:36.9069348Z   token: ***
end-workflow	Checkout Repository	2026-02-23T15:39:36.9069793Z   ssh-strict: true
end-workflow	Checkout Repository	2026-02-23T15:39:36.9070257Z   ssh-user: git
end-workflow	Checkout Repository	2026-02-23T15:39:36.9071217Z   persist-credentials: true
end-workflow	Checkout Repository	2026-02-23T15:39:36.9071884Z   clean: true
end-workflow	Checkout Repository	2026-02-23T15:39:36.9072359Z   sparse-checkout-cone-mode: true
end-workflow	Checkout Repository	2026-02-23T15:39:36.9072941Z   fetch-tags: false
end-workflow	Checkout Repository	2026-02-23T15:39:36.9073418Z   show-progress: true
end-workflow	Checkout Repository	2026-02-23T15:39:36.9073911Z   lfs: false
end-workflow	Checkout Repository	2026-02-23T15:39:36.9074355Z   submodules: false
end-workflow	Checkout Repository	2026-02-23T15:39:36.9074894Z   set-safe-directory: true
end-workflow	Checkout Repository	2026-02-23T15:39:36.9075894Z ##[endgroup]
end-workflow	Checkout Repository	2026-02-23T15:39:37.0514174Z Syncing repository: Ka0s-Klaus/ka0s
end-workflow	Checkout Repository	2026-02-23T15:39:37.0516416Z ##[group]Getting Git version info
end-workflow	Checkout Repository	2026-02-23T15:39:37.0517188Z Working directory is '/home/runner/_work/ka0s/ka0s'
end-workflow	Checkout Repository	2026-02-23T15:39:37.0518255Z [command]/usr/bin/git version
end-workflow	Checkout Repository	2026-02-23T15:39:37.0518919Z git version 2.52.0
end-workflow	Checkout Repository	2026-02-23T15:39:37.0542320Z ##[endgroup]
end-workflow	Checkout Repository	2026-02-23T15:39:37.0548464Z Temporarily overriding HOME='/home/runner/_work/_temp/50e87a48-b7f8-425f-81ca-2189132887a4' before making global git config changes
end-workflow	Checkout Repository	2026-02-23T15:39:37.0553992Z Adding repository directory to the temporary git global config as a safe directory
end-workflow	Checkout Repository	2026-02-23T15:39:37.0562527Z [command]/usr/bin/git config --global --add safe.directory /home/runner/_work/ka0s/ka0s
end-workflow	Checkout Repository	2026-02-23T15:39:37.0654045Z Deleting the contents of '/home/runner/_work/ka0s/ka0s'
end-workflow	Checkout Repository	2026-02-23T15:39:37.0659837Z ##[group]Initializing the repository
end-workflow	Checkout Repository	2026-02-23T15:39:37.0664049Z [command]/usr/bin/git init /home/runner/_work/ka0s/ka0s
end-workflow	Checkout Repository	2026-02-23T15:39:37.0729452Z hint: Using 'master' as the name for the initial branch. This default branch name
end-workflow	Checkout Repository	2026-02-23T15:39:37.0737113Z hint: will change to "main" in Git 3.0. To configure the initial branch name
end-workflow	Checkout Repository	2026-02-23T15:39:37.0738872Z hint: to use in all of your new repositories, which will suppress this warning,
end-workflow	Checkout Repository	2026-02-23T15:39:37.0739854Z hint: call:
end-workflow	Checkout Repository	2026-02-23T15:39:37.0740916Z hint:
end-workflow	Checkout Repository	2026-02-23T15:39:37.0741658Z hint: 	git config --global init.defaultBranch <name>
end-workflow	Checkout Repository	2026-02-23T15:39:37.0742344Z hint:
end-workflow	Checkout Repository	2026-02-23T15:39:37.0743009Z hint: Names commonly chosen instead of 'master' are 'main', 'trunk' and
end-workflow	Checkout Repository	2026-02-23T15:39:37.0744089Z hint: 'development'. The just-created branch can be renamed via this command:
end-workflow	Checkout Repository	2026-02-23T15:39:37.0746742Z hint:
end-workflow	Checkout Repository	2026-02-23T15:39:37.0747329Z hint: 	git branch -m <name>
end-workflow	Checkout Repository	2026-02-23T15:39:37.0747846Z hint:
end-workflow	Checkout Repository	2026-02-23T15:39:37.0748540Z hint: Disable this message with "git config set advice.defaultBranchName false"
end-workflow	Checkout Repository	2026-02-23T15:39:37.0749697Z Initialized empty Git repository in /home/runner/_work/ka0s/ka0s/.git/
end-workflow	Checkout Repository	2026-02-23T15:39:37.0752862Z [command]/usr/bin/git remote add origin https://github.com/Ka0s-Klaus/ka0s
end-workflow	Checkout Repository	2026-02-23T15:39:37.0797717Z ##[endgroup]
end-workflow	Checkout Repository	2026-02-23T15:39:37.0798683Z ##[group]Disabling automatic garbage collection
end-workflow	Checkout Repository	2026-02-23T15:39:37.0803997Z [command]/usr/bin/git config --local gc.auto 0
end-workflow	Checkout Repository	2026-02-23T15:39:37.0845055Z ##[endgroup]
end-workflow	Checkout Repository	2026-02-23T15:39:37.0846648Z ##[group]Setting up auth
end-workflow	Checkout Repository	2026-02-23T15:39:37.0854822Z [command]/usr/bin/git config --local --name-only --get-regexp core\.sshCommand
end-workflow	Checkout Repository	2026-02-23T15:39:37.0901277Z [command]/usr/bin/git submodule foreach --recursive sh -c "git config --local --name-only --get-regexp 'core\.sshCommand' && git config --local --unset-all 'core.sshCommand' || :"
end-workflow	Checkout Repository	2026-02-23T15:39:37.1303716Z [command]/usr/bin/git config --local --name-only --get-regexp http\.https\:\/\/github\.com\/\.extraheader
end-workflow	Checkout Repository	2026-02-23T15:39:37.1373225Z [command]/usr/bin/git submodule foreach --recursive sh -c "git config --local --name-only --get-regexp 'http\.https\:\/\/github\.com\/\.extraheader' && git config --local --unset-all 'http.https://github.com/.extraheader' || :"
end-workflow	Checkout Repository	2026-02-23T15:39:37.1789223Z [command]/usr/bin/git config --local --name-only --get-regexp ^includeIf\.gitdir:
end-workflow	Checkout Repository	2026-02-23T15:39:37.1830036Z [command]/usr/bin/git submodule foreach --recursive git config --local --show-origin --name-only --get-regexp remote.origin.url
end-workflow	Checkout Repository	2026-02-23T15:39:37.2166590Z [command]/usr/bin/git config --local http.https://github.com/.extraheader AUTHORIZATION: basic ***
end-workflow	Checkout Repository	2026-02-23T15:39:37.2239463Z ##[endgroup]
end-workflow	Checkout Repository	2026-02-23T15:39:37.2243247Z ##[group]Fetching the repository
end-workflow	Checkout Repository	2026-02-23T15:39:37.2265575Z [command]/usr/bin/git -c protocol.version=2 fetch --prune --no-recurse-submodules origin +refs/heads/*:refs/remotes/origin/* +refs/tags/*:refs/tags/*
end-workflow	Checkout Repository	2026-02-23T15:39:58.4302156Z From https://github.com/Ka0s-Klaus/ka0s
end-workflow	Checkout Repository	2026-02-23T15:39:58.4302894Z  * [new branch]          F3450-modelo-operativo -> origin/F3450-modelo-operativo
end-workflow	Checkout Repository	2026-02-23T15:39:58.4303583Z  * [new branch]          H1276-modulo-observabilidad -> origin/H1276-modulo-observabilidad
end-workflow	Checkout Repository	2026-02-23T15:39:58.4308957Z  * [new branch]          H3596-deploy-itop      -> origin/H3596-deploy-itop
end-workflow	Checkout Repository	2026-02-23T15:39:58.4309693Z  * [new branch]          H4170-flujo-detallado-zabbix---github -> origin/H4170-flujo-detallado-zabbix---github
end-workflow	Checkout Repository	2026-02-23T15:39:58.4312417Z  * [new branch]          H4191-request-cambios  -> origin/H4191-request-cambios
end-workflow	Checkout Repository	2026-02-23T15:39:58.4313246Z  * [new branch]          H4200-request-recomendaciones-de-auditoria -> origin/H4200-request-recomendaciones-de-auditoria
end-workflow	Checkout Repository	2026-02-23T15:39:58.4313941Z  * [new branch]          main                   -> origin/main
end-workflow	Checkout Repository	2026-02-23T15:39:58.4314361Z  * [new tag]             0.0.0                  -> 0.0.0
end-workflow	Checkout Repository	2026-02-23T15:39:58.4314782Z  * [new tag]             0.0.1                  -> 0.0.1
end-workflow	Checkout Repository	2026-02-23T15:39:58.4315168Z  * [new tag]             0.0.10                 -> 0.0.10
end-workflow	Checkout Repository	2026-02-23T15:39:58.4315599Z  * [new tag]             0.0.100                -> 0.0.100
end-workflow	Checkout Repository	2026-02-23T15:39:58.4315987Z  * [new tag]             0.0.101                -> 0.0.101
end-workflow	Checkout Repository	2026-02-23T15:39:58.4316398Z  * [new tag]             0.0.102                -> 0.0.102
end-workflow	Checkout Repository	2026-02-23T15:39:58.4316857Z  * [new tag]             0.0.103                -> 0.0.103
end-workflow	Checkout Repository	2026-02-23T15:39:58.4317292Z  * [new tag]             0.0.104                -> 0.0.104
end-workflow	Checkout Repository	2026-02-23T15:39:58.4317735Z  * [new tag]             0.0.105                -> 0.0.105
end-workflow	Checkout Repository	2026-02-23T15:39:58.4318135Z  * [new tag]             0.0.106                -> 0.0.106
end-workflow	Checkout Repository	2026-02-23T15:39:58.4318571Z  * [new tag]             0.0.107                -> 0.0.107
end-workflow	Checkout Repository	2026-02-23T15:39:58.4318967Z  * [new tag]             0.0.108                -> 0.0.108
end-workflow	Checkout Repository	2026-02-23T15:39:58.4319370Z  * [new tag]             0.0.109                -> 0.0.109
end-workflow	Checkout Repository	2026-02-23T15:39:58.4319763Z  * [new tag]             0.0.11                 -> 0.0.11
end-workflow	Checkout Repository	2026-02-23T15:39:58.4320174Z  * [new tag]             0.0.110                -> 0.0.110
end-workflow	Checkout Repository	2026-02-23T15:39:58.4320694Z  * [new tag]             0.0.111                -> 0.0.111
end-workflow	Checkout Repository	2026-02-23T15:39:58.4321085Z  * [new tag]             0.0.112                -> 0.0.112
end-workflow	Checkout Repository	2026-02-23T15:39:58.4321475Z  * [new tag]             0.0.113                -> 0.0.113
end-workflow	Checkout Repository	2026-02-23T15:39:58.4321869Z  * [new tag]             0.0.114                -> 0.0.114
end-workflow	Checkout Repository	2026-02-23T15:39:58.4322293Z  * [new tag]             0.0.115                -> 0.0.115
end-workflow	Checkout Repository	2026-02-23T15:39:58.4323184Z  * [new tag]             0.0.116                -> 0.0.116
end-workflow	Checkout Repository	2026-02-23T15:39:58.4323668Z  * [new tag]             0.0.117                -> 0.0.117
end-workflow	Checkout Repository	2026-02-23T15:39:58.4324112Z  * [new tag]             0.0.118                -> 0.0.118
end-workflow	Checkout Repository	2026-02-23T15:39:58.4324498Z  * [new tag]             0.0.119                -> 0.0.119
end-workflow	Checkout Repository	2026-02-23T15:39:58.4324885Z  * [new tag]             0.0.12                 -> 0.0.12
end-workflow	Checkout Repository	2026-02-23T15:39:58.4325269Z  * [new tag]             0.0.120                -> 0.0.120
end-workflow	Checkout Repository	2026-02-23T15:39:58.4325656Z  * [new tag]             0.0.121                -> 0.0.121
end-workflow	Checkout Repository	2026-02-23T15:39:58.4326043Z  * [new tag]             0.0.122                -> 0.0.122
end-workflow	Checkout Repository	2026-02-23T15:39:58.4326437Z  * [new tag]             0.0.123                -> 0.0.123
end-workflow	Checkout Repository	2026-02-23T15:39:58.4326967Z  * [new tag]             0.0.124                -> 0.0.124
end-workflow	Checkout Repository	2026-02-23T15:39:58.4327357Z  * [new tag]             0.0.125                -> 0.0.125
end-workflow	Checkout Repository	2026-02-23T15:39:58.4328034Z  * [new tag]             0.0.126                -> 0.0.126
end-workflow	Checkout Repository	2026-02-23T15:39:58.4328435Z  * [new tag]             0.0.127                -> 0.0.127
end-workflow	Checkout Repository	2026-02-23T15:39:58.4328822Z  * [new tag]             0.0.128                -> 0.0.128
end-workflow	Checkout Repository	2026-02-23T15:39:58.4329211Z  * [new tag]             0.0.129                -> 0.0.129
end-workflow	Checkout Repository	2026-02-23T15:39:58.4329592Z  * [new tag]             0.0.13                 -> 0.0.13
end-workflow	Checkout Repository	2026-02-23T15:39:58.4329977Z  * [new tag]             0.0.130                -> 0.0.130
end-workflow	Checkout Repository	2026-02-23T15:39:58.4330431Z  * [new tag]             0.0.131                -> 0.0.131
end-workflow	Checkout Repository	2026-02-23T15:39:58.4330828Z  * [new tag]             0.0.132                -> 0.0.132
end-workflow	Checkout Repository	2026-02-23T15:39:58.4331214Z  * [new tag]             0.0.133                -> 0.0.133
end-workflow	Checkout Repository	2026-02-23T15:39:58.4331592Z  * [new tag]             0.0.134                -> 0.0.134
end-workflow	Checkout Repository	2026-02-23T15:39:58.4331984Z  * [new tag]             0.0.135                -> 0.0.135
end-workflow	Checkout Repository	2026-02-23T15:39:58.4332367Z  * [new tag]             0.0.136                -> 0.0.136
end-workflow	Checkout Repository	2026-02-23T15:39:58.4332785Z  * [new tag]             0.0.137                -> 0.0.137
end-workflow	Checkout Repository	2026-02-23T15:39:58.4333176Z  * [new tag]             0.0.138                -> 0.0.138
end-workflow	Checkout Repository	2026-02-23T15:39:58.4333570Z  * [new tag]             0.0.139                -> 0.0.139
end-workflow	Checkout Repository	2026-02-23T15:39:58.4333958Z  * [new tag]             0.0.14                 -> 0.0.14
end-workflow	Checkout Repository	2026-02-23T15:39:58.4334344Z  * [new tag]             0.0.140                -> 0.0.140
end-workflow	Checkout Repository	2026-02-23T15:39:58.4334731Z  * [new tag]             0.0.141                -> 0.0.141
end-workflow	Checkout Repository	2026-02-23T15:39:58.4335118Z  * [new tag]             0.0.142                -> 0.0.142
end-workflow	Checkout Repository	2026-02-23T15:39:58.4335508Z  * [new tag]             0.0.143                -> 0.0.143
end-workflow	Checkout Repository	2026-02-23T15:39:58.4335894Z  * [new tag]             0.0.144                -> 0.0.144
end-workflow	Checkout Repository	2026-02-23T15:39:58.4336287Z  * [new tag]             0.0.145                -> 0.0.145
end-workflow	Checkout Repository	2026-02-23T15:39:58.4336677Z  * [new tag]             0.0.146                -> 0.0.146
end-workflow	Checkout Repository	2026-02-23T15:39:58.4337068Z  * [new tag]             0.0.147                -> 0.0.147
end-workflow	Checkout Repository	2026-02-23T15:39:58.4337461Z  * [new tag]             0.0.148                -> 0.0.148
end-workflow	Checkout Repository	2026-02-23T15:39:58.4337845Z  * [new tag]             0.0.149                -> 0.0.149
end-workflow	Checkout Repository	2026-02-23T15:39:58.4338258Z  * [new tag]             0.0.15                 -> 0.0.15
end-workflow	Checkout Repository	2026-02-23T15:39:58.4338706Z  * [new tag]             0.0.150                -> 0.0.150
end-workflow	Checkout Repository	2026-02-23T15:39:58.4339094Z  * [new tag]             0.0.151                -> 0.0.151
end-workflow	Checkout Repository	2026-02-23T15:39:58.4339484Z  * [new tag]             0.0.152                -> 0.0.152
end-workflow	Checkout Repository	2026-02-23T15:39:58.4339874Z  * [new tag]             0.0.153                -> 0.0.153
end-workflow	Checkout Repository	2026-02-23T15:39:58.4340640Z  * [new tag]             0.0.154                -> 0.0.154
end-workflow	Checkout Repository	2026-02-23T15:39:58.4341081Z  * [new tag]             0.0.155                -> 0.0.155
end-workflow	Checkout Repository	2026-02-23T15:39:58.4341477Z  * [new tag]             0.0.156                -> 0.0.156
end-workflow	Checkout Repository	2026-02-23T15:39:58.4341875Z  * [new tag]             0.0.157                -> 0.0.157
end-workflow	Checkout Repository	2026-02-23T15:39:58.4342285Z  * [new tag]             0.0.158                -> 0.0.158
end-workflow	Checkout Repository	2026-02-23T15:39:58.4342929Z  * [new tag]             0.0.159                -> 0.0.159
end-workflow	Checkout Repository	2026-02-23T15:39:58.4343326Z  * [new tag]             0.0.16                 -> 0.0.16
end-workflow	Checkout Repository	2026-02-23T15:39:58.4343723Z  * [new tag]             0.0.160                -> 0.0.160
end-workflow	Checkout Repository	2026-02-23T15:39:58.4344118Z  * [new tag]             0.0.161                -> 0.0.161
end-workflow	Checkout Repository	2026-02-23T15:39:58.4344512Z  * [new tag]             0.0.162                -> 0.0.162
end-workflow	Checkout Repository	2026-02-23T15:39:58.4344919Z  * [new tag]             0.0.163                -> 0.0.163
end-workflow	Checkout Repository	2026-02-23T15:39:58.4345309Z  * [new tag]             0.0.164                -> 0.0.164
end-workflow	Checkout Repository	2026-02-23T15:39:58.4345706Z  * [new tag]             0.0.165                -> 0.0.165
end-workflow	Checkout Repository	2026-02-23T15:39:58.4346097Z  * [new tag]             0.0.166                -> 0.0.166
end-workflow	Checkout Repository	2026-02-23T15:39:58.4346494Z  * [new tag]             0.0.167                -> 0.0.167
end-workflow	Checkout Repository	2026-02-23T15:39:58.4347008Z  * [new tag]             0.0.168                -> 0.0.168
end-workflow	Checkout Repository	2026-02-23T15:39:58.4347739Z  * [new tag]             0.0.169                -> 0.0.169
end-workflow	Checkout Repository	2026-02-23T15:39:58.4348151Z  * [new tag]             0.0.17                 -> 0.0.17
end-workflow	Checkout Repository	2026-02-23T15:39:58.4348546Z  * [new tag]             0.0.170                -> 0.0.170
end-workflow	Checkout Repository	2026-02-23T15:39:58.4348941Z  * [new tag]             0.0.171                -> 0.0.171
end-workflow	Checkout Repository	2026-02-23T15:39:58.4349334Z  * [new tag]             0.0.172                -> 0.0.172
end-workflow	Checkout Repository	2026-02-23T15:39:58.4349735Z  * [new tag]             0.0.173                -> 0.0.173
end-workflow	Checkout Repository	2026-02-23T15:39:58.4350142Z  * [new tag]             0.0.174                -> 0.0.174
end-workflow	Checkout Repository	2026-02-23T15:39:58.4350663Z  * [new tag]             0.0.175                -> 0.0.175
end-workflow	Checkout Repository	2026-02-23T15:39:58.4351070Z  * [new tag]             0.0.176                -> 0.0.176
end-workflow	Checkout Repository	2026-02-23T15:39:58.4351460Z  * [new tag]             0.0.177                -> 0.0.177
end-workflow	Checkout Repository	2026-02-23T15:39:58.4351857Z  * [new tag]             0.0.178                -> 0.0.178
end-workflow	Checkout Repository	2026-02-23T15:39:58.4352382Z  * [new tag]             0.0.179                -> 0.0.179
end-workflow	Checkout Repository	2026-02-23T15:39:58.4352774Z  * [new tag]             0.0.18                 -> 0.0.18
end-workflow	Checkout Repository	2026-02-23T15:39:58.4353154Z  * [new tag]             0.0.19                 -> 0.0.19
end-workflow	Checkout Repository	2026-02-23T15:39:58.4376495Z  * [new tag]             0.0.2                  -> 0.0.2
end-workflow	Checkout Repository	2026-02-23T15:39:58.4377051Z  * [new tag]             0.0.20                 -> 0.0.20
end-workflow	Checkout Repository	2026-02-23T15:39:58.4377471Z  * [new tag]             0.0.21                 -> 0.0.21
end-workflow	Checkout Repository	2026-02-23T15:39:58.4377879Z  * [new tag]             0.0.22                 -> 0.0.22
end-workflow	Checkout Repository	2026-02-23T15:39:58.4378408Z  * [new tag]             0.0.23                 -> 0.0.23
end-workflow	Checkout Repository	2026-02-23T15:39:58.4378804Z  * [new tag]             0.0.24                 -> 0.0.24
end-workflow	Checkout Repository	2026-02-23T15:39:58.4379197Z  * [new tag]             0.0.25                 -> 0.0.25
end-workflow	Checkout Repository	2026-02-23T15:39:58.4379599Z  * [new tag]             0.0.26                 -> 0.0.26
end-workflow	Checkout Repository	2026-02-23T15:39:58.4379994Z  * [new tag]             0.0.27                 -> 0.0.27
end-workflow	Checkout Repository	2026-02-23T15:39:58.4380765Z  * [new tag]             0.0.28                 -> 0.0.28
end-workflow	Checkout Repository	2026-02-23T15:39:58.4381192Z  * [new tag]             0.0.29                 -> 0.0.29
end-workflow	Checkout Repository	2026-02-23T15:39:58.4381717Z  * [new tag]             0.0.3                  -> 0.0.3
end-workflow	Checkout Repository	2026-02-23T15:39:58.4382104Z  * [new tag]             0.0.30                 -> 0.0.30
end-workflow	Checkout Repository	2026-02-23T15:39:58.4382493Z  * [new tag]             0.0.31                 -> 0.0.31
end-workflow	Checkout Repository	2026-02-23T15:39:58.4382875Z  * [new tag]             0.0.32                 -> 0.0.32
end-workflow	Checkout Repository	2026-02-23T15:39:58.4383266Z  * [new tag]             0.0.33                 -> 0.0.33
end-workflow	Checkout Repository	2026-02-23T15:39:58.4383662Z  * [new tag]             0.0.34                 -> 0.0.34
end-workflow	Checkout Repository	2026-02-23T15:39:58.4384055Z  * [new tag]             0.0.35                 -> 0.0.35
end-workflow	Checkout Repository	2026-02-23T15:39:58.4384451Z  * [new tag]             0.0.36                 -> 0.0.36
end-workflow	Checkout Repository	2026-02-23T15:39:58.4384847Z  * [new tag]             0.0.37                 -> 0.0.37
end-workflow	Checkout Repository	2026-02-23T15:39:58.4385256Z  * [new tag]             0.0.38                 -> 0.0.38
end-workflow	Checkout Repository	2026-02-23T15:39:58.4385663Z  * [new tag]             0.0.39                 -> 0.0.39
end-workflow	Checkout Repository	2026-02-23T15:39:58.4386438Z  * [new tag]             0.0.4                  -> 0.0.4
end-workflow	Checkout Repository	2026-02-23T15:39:58.4386976Z  * [new tag]             0.0.40                 -> 0.0.40
end-workflow	Checkout Repository	2026-02-23T15:39:58.4387390Z  * [new tag]             0.0.41                 -> 0.0.41
end-workflow	Checkout Repository	2026-02-23T15:39:58.4387805Z  * [new tag]             0.0.42                 -> 0.0.42
end-workflow	Checkout Repository	2026-02-23T15:39:58.4388233Z  * [new tag]             0.0.43                 -> 0.0.43
end-workflow	Checkout Repository	2026-02-23T15:39:58.4388655Z  * [new tag]             0.0.44                 -> 0.0.44
end-workflow	Checkout Repository	2026-02-23T15:39:58.4389090Z  * [new tag]             0.0.45                 -> 0.0.45
end-workflow	Checkout Repository	2026-02-23T15:39:58.4389580Z  * [new tag]             0.0.46                 -> 0.0.46
end-workflow	Checkout Repository	2026-02-23T15:39:58.4390017Z  * [new tag]             0.0.47                 -> 0.0.47
end-workflow	Checkout Repository	2026-02-23T15:39:58.4390639Z  * [new tag]             0.0.48                 -> 0.0.48
end-workflow	Checkout Repository	2026-02-23T15:39:58.4391084Z  * [new tag]             0.0.49                 -> 0.0.49
end-workflow	Checkout Repository	2026-02-23T15:39:58.4391905Z  * [new tag]             0.0.5                  -> 0.0.5
end-workflow	Checkout Repository	2026-02-23T15:39:58.4392340Z  * [new tag]             0.0.50                 -> 0.0.50
end-workflow	Checkout Repository	2026-02-23T15:39:58.4392761Z  * [new tag]             0.0.51                 -> 0.0.51
end-workflow	Checkout Repository	2026-02-23T15:39:58.4393174Z  * [new tag]             0.0.52                 -> 0.0.52
end-workflow	Checkout Repository	2026-02-23T15:39:58.4393587Z  * [new tag]             0.0.53                 -> 0.0.53
end-workflow	Checkout Repository	2026-02-23T15:39:58.4393999Z  * [new tag]             0.0.54                 -> 0.0.54
end-workflow	Checkout Repository	2026-02-23T15:39:58.4394417Z  * [new tag]             0.0.55                 -> 0.0.55
end-workflow	Checkout Repository	2026-02-23T15:39:58.4394839Z  * [new tag]             0.0.56                 -> 0.0.56
end-workflow	Checkout Repository	2026-02-23T15:39:58.4395260Z  * [new tag]             0.0.57                 -> 0.0.57
end-workflow	Checkout Repository	2026-02-23T15:39:58.4395670Z  * [new tag]             0.0.58                 -> 0.0.58
end-workflow	Checkout Repository	2026-02-23T15:39:58.4396091Z  * [new tag]             0.0.59                 -> 0.0.59
end-workflow	Checkout Repository	2026-02-23T15:39:58.4396532Z  * [new tag]             0.0.6                  -> 0.0.6
end-workflow	Checkout Repository	2026-02-23T15:39:58.4396963Z  * [new tag]             0.0.60                 -> 0.0.60
end-workflow	Checkout Repository	2026-02-23T15:39:58.4397365Z  * [new tag]             0.0.61                 -> 0.0.61
end-workflow	Checkout Repository	2026-02-23T15:39:58.4397790Z  * [new tag]             0.0.62                 -> 0.0.62
end-workflow	Checkout Repository	2026-02-23T15:39:58.4398197Z  * [new tag]             0.0.63                 -> 0.0.63
end-workflow	Checkout Repository	2026-02-23T15:39:58.4398607Z  * [new tag]             0.0.64                 -> 0.0.64
end-workflow	Checkout Repository	2026-02-23T15:39:58.4399027Z  * [new tag]             0.0.65                 -> 0.0.65
end-workflow	Checkout Repository	2026-02-23T15:39:58.4399470Z  * [new tag]             0.0.66                 -> 0.0.66
end-workflow	Checkout Repository	2026-02-23T15:39:58.4399899Z  * [new tag]             0.0.67                 -> 0.0.67
end-workflow	Checkout Repository	2026-02-23T15:39:58.4400524Z  * [new tag]             0.0.68                 -> 0.0.68
end-workflow	Checkout Repository	2026-02-23T15:39:58.4401031Z  * [new tag]             0.0.69                 -> 0.0.69
end-workflow	Checkout Repository	2026-02-23T15:39:58.4401491Z  * [new tag]             0.0.7                  -> 0.0.7
end-workflow	Checkout Repository	2026-02-23T15:39:58.4401998Z  * [new tag]             0.0.70                 -> 0.0.70
end-workflow	Checkout Repository	2026-02-23T15:39:58.4402455Z  * [new tag]             0.0.71                 -> 0.0.71
end-workflow	Checkout Repository	2026-02-23T15:39:58.4402892Z  * [new tag]             0.0.72                 -> 0.0.72
end-workflow	Checkout Repository	2026-02-23T15:39:58.4403301Z  * [new tag]             0.0.73                 -> 0.0.73
end-workflow	Checkout Repository	2026-02-23T15:39:58.4403824Z  * [new tag]             0.0.74                 -> 0.0.74
end-workflow	Checkout Repository	2026-02-23T15:39:58.4404228Z  * [new tag]             0.0.75                 -> 0.0.75
end-workflow	Checkout Repository	2026-02-23T15:39:58.4404621Z  * [new tag]             0.0.76                 -> 0.0.76
end-workflow	Checkout Repository	2026-02-23T15:39:58.4405024Z  * [new tag]             0.0.77                 -> 0.0.77
end-workflow	Checkout Repository	2026-02-23T15:39:58.4405417Z  * [new tag]             0.0.78                 -> 0.0.78
end-workflow	Checkout Repository	2026-02-23T15:39:58.4405810Z  * [new tag]             0.0.79                 -> 0.0.79
end-workflow	Checkout Repository	2026-02-23T15:39:58.4406205Z  * [new tag]             0.0.8                  -> 0.0.8
end-workflow	Checkout Repository	2026-02-23T15:39:58.4406604Z  * [new tag]             0.0.80                 -> 0.0.80
end-workflow	Checkout Repository	2026-02-23T15:39:58.4407008Z  * [new tag]             0.0.81                 -> 0.0.81
end-workflow	Checkout Repository	2026-02-23T15:39:58.4408005Z  * [new tag]             0.0.82                 -> 0.0.82
end-workflow	Checkout Repository	2026-02-23T15:39:58.4408412Z  * [new tag]             0.0.83                 -> 0.0.83
end-workflow	Checkout Repository	2026-02-23T15:39:58.4408798Z  * [new tag]             0.0.84                 -> 0.0.84
end-workflow	Checkout Repository	2026-02-23T15:39:58.4409192Z  * [new tag]             0.0.85                 -> 0.0.85
end-workflow	Checkout Repository	2026-02-23T15:39:58.4409579Z  * [new tag]             0.0.86                 -> 0.0.86
end-workflow	Checkout Repository	2026-02-23T15:39:58.4409981Z  * [new tag]             0.0.87                 -> 0.0.87
end-workflow	Checkout Repository	2026-02-23T15:39:58.4410498Z  * [new tag]             0.0.88                 -> 0.0.88
end-workflow	Checkout Repository	2026-02-23T15:39:58.4410895Z  * [new tag]             0.0.89                 -> 0.0.89
end-workflow	Checkout Repository	2026-02-23T15:39:58.4411398Z  * [new tag]             0.0.9                  -> 0.0.9
end-workflow	Checkout Repository	2026-02-23T15:39:58.4411770Z  * [new tag]             0.0.90                 -> 0.0.90
end-workflow	Checkout Repository	2026-02-23T15:39:58.4412153Z  * [new tag]             0.0.91                 -> 0.0.91
end-workflow	Checkout Repository	2026-02-23T15:39:58.4412799Z  * [new tag]             0.0.92                 -> 0.0.92
end-workflow	Checkout Repository	2026-02-23T15:39:58.4413197Z  * [new tag]             0.0.93                 -> 0.0.93
end-workflow	Checkout Repository	2026-02-23T15:39:58.4413578Z  * [new tag]             0.0.94                 -> 0.0.94
end-workflow	Checkout Repository	2026-02-23T15:39:58.4413961Z  * [new tag]             0.0.95                 -> 0.0.95
end-workflow	Checkout Repository	2026-02-23T15:39:58.4414342Z  * [new tag]             0.0.96                 -> 0.0.96
end-workflow	Checkout Repository	2026-02-23T15:39:58.4414724Z  * [new tag]             0.0.97                 -> 0.0.97
end-workflow	Checkout Repository	2026-02-23T15:39:58.4415102Z  * [new tag]             0.0.98                 -> 0.0.98
end-workflow	Checkout Repository	2026-02-23T15:39:58.4415477Z  * [new tag]             0.0.99                 -> 0.0.99
end-workflow	Checkout Repository	2026-02-23T15:39:58.4415978Z  * [new tag]             0.1.0                  -> 0.1.0
end-workflow	Checkout Repository	2026-02-23T15:39:58.4416373Z  * [new tag]             0.1.1                  -> 0.1.1
end-workflow	Checkout Repository	2026-02-23T15:39:58.4416911Z  * [new tag]             0.2.0                  -> 0.2.0
end-workflow	Checkout Repository	2026-02-23T15:39:58.4417320Z  * [new tag]             0.3.0                  -> 0.3.0
end-workflow	Checkout Repository	2026-02-23T15:39:58.4417737Z  * [new tag]             0.3.1                  -> 0.3.1
end-workflow	Checkout Repository	2026-02-23T15:39:58.4418315Z  * [new tag]             0.3.10                 -> 0.3.10
end-workflow	Checkout Repository	2026-02-23T15:39:58.4418729Z  * [new tag]             0.3.11                 -> 0.3.11
end-workflow	Checkout Repository	2026-02-23T15:39:58.4419140Z  * [new tag]             0.3.12                 -> 0.3.12
end-workflow	Checkout Repository	2026-02-23T15:39:58.4419537Z  * [new tag]             0.3.13                 -> 0.3.13
end-workflow	Checkout Repository	2026-02-23T15:39:58.4419932Z  * [new tag]             0.3.14                 -> 0.3.14
end-workflow	Checkout Repository	2026-02-23T15:39:58.4420681Z  * [new tag]             0.3.15                 -> 0.3.15
end-workflow	Checkout Repository	2026-02-23T15:39:58.4421110Z  * [new tag]             0.3.16                 -> 0.3.16
end-workflow	Checkout Repository	2026-02-23T15:39:58.4421619Z  * [new tag]             0.3.17                 -> 0.3.17
end-workflow	Checkout Repository	2026-02-23T15:39:58.4422012Z  * [new tag]             0.3.2                  -> 0.3.2
end-workflow	Checkout Repository	2026-02-23T15:39:58.4422408Z  * [new tag]             0.3.3                  -> 0.3.3
end-workflow	Checkout Repository	2026-02-23T15:39:58.4422828Z  * [new tag]             0.3.4                  -> 0.3.4
end-workflow	Checkout Repository	2026-02-23T15:39:58.4423395Z  * [new tag]             0.3.5                  -> 0.3.5
end-workflow	Checkout Repository	2026-02-23T15:39:58.4423800Z  * [new tag]             0.3.6                  -> 0.3.6
end-workflow	Checkout Repository	2026-02-23T15:39:58.4424209Z  * [new tag]             0.3.7                  -> 0.3.7
end-workflow	Checkout Repository	2026-02-23T15:39:58.4424616Z  * [new tag]             0.3.8                  -> 0.3.8
end-workflow	Checkout Repository	2026-02-23T15:39:58.4425133Z  * [new tag]             0.3.9                  -> 0.3.9
end-workflow	Checkout Repository	2026-02-23T15:39:58.4425779Z  * [new tag]             0.4.0                  -> 0.4.0
end-workflow	Checkout Repository	2026-02-23T15:39:58.4426198Z  * [new tag]             0.4.1                  -> 0.4.1
end-workflow	Checkout Repository	2026-02-23T15:39:58.4426613Z  * [new tag]             0.4.2                  -> 0.4.2
end-workflow	Checkout Repository	2026-02-23T15:39:58.4427016Z  * [new tag]             0.4.3                  -> 0.4.3
end-workflow	Checkout Repository	2026-02-23T15:39:58.4427415Z  * [new tag]             0.4.4                  -> 0.4.4
end-workflow	Checkout Repository	2026-02-23T15:39:58.4428062Z  * [new tag]             0.4.5                  -> 0.4.5
end-workflow	Checkout Repository	2026-02-23T15:39:58.4428504Z  * [new tag]             0.4.6                  -> 0.4.6
end-workflow	Checkout Repository	2026-02-23T15:39:58.4429477Z  * [new tag]             0.4.7                  -> 0.4.7
end-workflow	Checkout Repository	2026-02-23T15:39:58.4429871Z  * [new tag]             0.4.8                  -> 0.4.8
end-workflow	Checkout Repository	2026-02-23T15:39:58.4430540Z  * [new tag]             0.4.9                  -> 0.4.9
end-workflow	Checkout Repository	2026-02-23T15:39:58.4430957Z  * [new tag]             0.5.0                  -> 0.5.0
end-workflow	Checkout Repository	2026-02-23T15:39:58.4431357Z  * [new tag]             0.5.1                  -> 0.5.1
end-workflow	Checkout Repository	2026-02-23T15:39:58.4431760Z  * [new tag]             0.5.2                  -> 0.5.2
end-workflow	Checkout Repository	2026-02-23T15:39:58.4432162Z  * [new tag]             0.6.0                  -> 0.6.0
end-workflow	Checkout Repository	2026-02-23T15:39:58.4432568Z  * [new tag]             0.6.1                  -> 0.6.1
end-workflow	Checkout Repository	2026-02-23T15:39:58.4433097Z  * [new tag]             0.6.2                  -> 0.6.2
end-workflow	Checkout Repository	2026-02-23T15:39:58.4433489Z  * [new tag]             0.6.3                  -> 0.6.3
end-workflow	Checkout Repository	2026-02-23T15:39:58.4433892Z  * [new tag]             0.6.4                  -> 0.6.4
end-workflow	Checkout Repository	2026-02-23T15:39:58.4434550Z  * [new tag]             0.6.5                  -> 0.6.5
end-workflow	Checkout Repository	2026-02-23T15:39:58.4705565Z [command]/usr/bin/git branch --list --remote origin/main
end-workflow	Checkout Repository	2026-02-23T15:39:58.4788904Z   origin/main
end-workflow	Checkout Repository	2026-02-23T15:39:58.4801058Z [command]/usr/bin/git rev-parse refs/remotes/origin/main
end-workflow	Checkout Repository	2026-02-23T15:39:58.4833824Z ee24052e05e99948f4c56e4ebd62604127815d08
end-workflow	Checkout Repository	2026-02-23T15:39:58.4848475Z [command]/usr/bin/git -c protocol.version=2 fetch --no-tags --prune --no-recurse-submodules origin +f16bd433a4957393c1a3291046c32760b64ca40b:refs/remotes/origin/main
end-workflow	Checkout Repository	2026-02-23T15:39:58.5039566Z From https://github.com/Ka0s-Klaus/ka0s
end-workflow	Checkout Repository	2026-02-23T15:39:58.5041385Z  + ee24052e0...f16bd433a f16bd433a4957393c1a3291046c32760b64ca40b -> origin/main  (forced update)
end-workflow	Checkout Repository	2026-02-23T15:39:58.5082947Z ##[endgroup]
end-workflow	Checkout Repository	2026-02-23T15:39:58.5083543Z ##[group]Determining the checkout info
end-workflow	Checkout Repository	2026-02-23T15:39:58.5084028Z ##[endgroup]
end-workflow	Checkout Repository	2026-02-23T15:39:58.5090191Z [command]/usr/bin/git sparse-checkout disable
end-workflow	Checkout Repository	2026-02-23T15:39:58.5146064Z [command]/usr/bin/git config --local --unset-all extensions.worktreeConfig
end-workflow	Checkout Repository	2026-02-23T15:39:58.5189180Z ##[group]Checking out the ref
end-workflow	Checkout Repository	2026-02-23T15:39:58.5192470Z [command]/usr/bin/git checkout --progress --force -B main refs/remotes/origin/main
end-workflow	Checkout Repository	2026-02-23T15:39:58.7890756Z Switched to a new branch 'main'
end-workflow	Checkout Repository	2026-02-23T15:39:58.7894694Z branch 'main' set up to track 'origin/main'.
end-workflow	Checkout Repository	2026-02-23T15:39:58.7945073Z ##[endgroup]
end-workflow	Checkout Repository	2026-02-23T15:39:58.8001653Z [command]/usr/bin/git log -1 --format=%H
end-workflow	Checkout Repository	2026-02-23T15:39:58.8041796Z f16bd433a4957393c1a3291046c32760b64ca40b
end-workflow	Install GH CLI	ï»¿2026-02-23T15:39:58.8326127Z Prepare all required actions
end-workflow	Install GH CLI	2026-02-23T15:39:58.8376699Z ##[group]Run ./.github/actions/install-gh-cli
end-workflow	Install GH CLI	2026-02-23T15:39:58.8377015Z ##[endgroup]
end-workflow	Install GH CLI	2026-02-23T15:39:58.8480161Z ##[group]Run type -p curl >/dev/null || (sudo apt-get update && sudo apt-get install curl -y)
end-workflow	Install GH CLI	2026-02-23T15:39:58.8481081Z [36;1mtype -p curl >/dev/null || (sudo apt-get update && sudo apt-get install curl -y)[0m
end-workflow	Install GH CLI	2026-02-23T15:39:58.8481936Z [36;1mcurl -fsSL https://cli.github.com/packages/githubcli-archive-keyring.gpg | sudo dd of=/usr/share/keyrings/githubcli-archive-keyring.gpg \[0m
end-workflow	Install GH CLI	2026-02-23T15:39:58.8482754Z [36;1m&& sudo chmod go+r /usr/share/keyrings/githubcli-archive-keyring.gpg \[0m
end-workflow	Install GH CLI	2026-02-23T15:39:58.8483831Z [36;1m&& echo "deb [arch=$(dpkg --print-architecture) signed-by=/usr/share/keyrings/githubcli-archive-keyring.gpg] https://cli.github.com/packages stable main" | sudo tee /etc/apt/sources.list.d/github-cli.list > /dev/null \[0m
end-workflow	Install GH CLI	2026-02-23T15:39:58.8484813Z [36;1m&& sudo apt-get update \[0m
end-workflow	Install GH CLI	2026-02-23T15:39:58.8485136Z [36;1m&& sudo apt-get install gh -y[0m
end-workflow	Install GH CLI	2026-02-23T15:39:58.8505150Z shell: /usr/bin/bash --noprofile --norc -e -o pipefail {0}
end-workflow	Install GH CLI	2026-02-23T15:39:58.8505511Z ##[endgroup]
end-workflow	Install GH CLI	2026-02-23T15:39:59.0137523Z 4+1 records in
end-workflow	Install GH CLI	2026-02-23T15:39:59.0138505Z 4+1 records out
end-workflow	Install GH CLI	2026-02-23T15:39:59.0139691Z 2270 bytes (2.3 kB, 2.2 KiB) copied, 0.000284001 s, 8.0 MB/s
end-workflow	Install GH CLI	2026-02-23T15:39:59.3236809Z Get:1 https://cli.github.com/packages stable InRelease [3917 B]
end-workflow	Install GH CLI	2026-02-23T15:39:59.3333524Z Get:2 http://security.ubuntu.com/ubuntu noble-security InRelease [126 kB]
end-workflow	Install GH CLI	2026-02-23T15:39:59.4753075Z Get:3 https://ppa.launchpadcontent.net/git-core/ppa/ubuntu noble InRelease [24.3 kB]
end-workflow	Install GH CLI	2026-02-23T15:39:59.4858856Z Get:4 http://archive.ubuntu.com/ubuntu noble InRelease [256 kB]
end-workflow	Install GH CLI	2026-02-23T15:39:59.5206114Z Get:5 http://security.ubuntu.com/ubuntu noble-security/main amd64 Packages [1861 kB]
end-workflow	Install GH CLI	2026-02-23T15:39:59.5416927Z Get:6 https://cli.github.com/packages stable/main amd64 Packages [356 B]
end-workflow	Install GH CLI	2026-02-23T15:39:59.5896846Z Get:7 https://ppa.launchpadcontent.net/git-core/ppa/ubuntu noble/main amd64 Packages [2992 B]
end-workflow	Install GH CLI	2026-02-23T15:39:59.6672316Z Get:8 http://security.ubuntu.com/ubuntu noble-security/multiverse amd64 Packages [34.8 kB]
end-workflow	Install GH CLI	2026-02-23T15:39:59.6681619Z Get:9 http://security.ubuntu.com/ubuntu noble-security/universe amd64 Packages [1208 kB]
end-workflow	Install GH CLI	2026-02-23T15:39:59.6871850Z Get:10 http://security.ubuntu.com/ubuntu noble-security/restricted amd64 Packages [3209 kB]
end-workflow	Install GH CLI	2026-02-23T15:40:00.0597055Z Get:11 http://archive.ubuntu.com/ubuntu noble-updates InRelease [126 kB]
end-workflow	Install GH CLI	2026-02-23T15:40:00.2009672Z Get:12 http://archive.ubuntu.com/ubuntu noble-backports InRelease [126 kB]
end-workflow	Install GH CLI	2026-02-23T15:40:00.3431215Z Get:13 http://archive.ubuntu.com/ubuntu noble/multiverse amd64 Packages [331 kB]
end-workflow	Install GH CLI	2026-02-23T15:40:00.4438470Z Get:14 http://archive.ubuntu.com/ubuntu noble/restricted amd64 Packages [117 kB]
end-workflow	Install GH CLI	2026-02-23T15:40:00.4845688Z Get:15 http://archive.ubuntu.com/ubuntu noble/main amd64 Packages [1808 kB]
end-workflow	Install GH CLI	2026-02-23T15:40:00.7027469Z Get:16 http://archive.ubuntu.com/ubuntu noble/universe amd64 Packages [19.3 MB]
end-workflow	Install GH CLI	2026-02-23T15:40:01.2623905Z Get:17 http://archive.ubuntu.com/ubuntu noble-updates/restricted amd64 Packages [3409 kB]
end-workflow	Install GH CLI	2026-02-23T15:40:01.3111787Z Get:18 http://archive.ubuntu.com/ubuntu noble-updates/universe amd64 Packages [2016 kB]
end-workflow	Install GH CLI	2026-02-23T15:40:01.3856555Z Get:19 http://archive.ubuntu.com/ubuntu noble-updates/main amd64 Packages [2253 kB]
end-workflow	Install GH CLI	2026-02-23T15:40:01.4411515Z Get:20 http://archive.ubuntu.com/ubuntu noble-updates/multiverse amd64 Packages [38.1 kB]
end-workflow	Install GH CLI	2026-02-23T15:40:01.4418889Z Get:21 http://archive.ubuntu.com/ubuntu noble-backports/main amd64 Packages [49.5 kB]
end-workflow	Install GH CLI	2026-02-23T15:40:01.4426306Z Get:22 http://archive.ubuntu.com/ubuntu noble-backports/universe amd64 Packages [34.6 kB]
end-workflow	Install GH CLI	2026-02-23T15:40:02.4447443Z Fetched 36.4 MB in 3s (11.4 MB/s)
end-workflow	Install GH CLI	2026-02-23T15:40:03.4662187Z Reading package lists...
end-workflow	Install GH CLI	2026-02-23T15:40:04.5163142Z Reading package lists...
end-workflow	Install GH CLI	2026-02-23T15:40:04.7642058Z Building dependency tree...
end-workflow	Install GH CLI	2026-02-23T15:40:04.7642399Z Reading state information...
end-workflow	Install GH CLI	2026-02-23T15:40:05.1412626Z The following NEW packages will be installed:
end-workflow	Install GH CLI	2026-02-23T15:40:05.1433851Z   gh
end-workflow	Install GH CLI	2026-02-23T15:40:05.2613393Z 0 upgraded, 1 newly installed, 0 to remove and 26 not upgraded.
end-workflow	Install GH CLI	2026-02-23T15:40:05.2614316Z Need to get 13.8 MB of archives.
end-workflow	Install GH CLI	2026-02-23T15:40:05.2615170Z After this operation, 38.4 MB of additional disk space will be used.
end-workflow	Install GH CLI	2026-02-23T15:40:05.2616398Z Get:1 https://cli.github.com/packages stable/main amd64 gh amd64 2.87.2 [13.8 MB]
end-workflow	Install GH CLI	2026-02-23T15:40:05.7192311Z debconf: delaying package configuration, since apt-utils is not installed
end-workflow	Install GH CLI	2026-02-23T15:40:05.7635985Z Fetched 13.8 MB in 0s (40.1 MB/s)
end-workflow	Install GH CLI	2026-02-23T15:40:05.7913897Z Selecting previously unselected package gh.
end-workflow	Install GH CLI	2026-02-23T15:40:05.7952368Z (Reading database ... 
end-workflow	Install GH CLI	2026-02-23T15:40:05.7952662Z (Reading database ... 5%
end-workflow	Install GH CLI	2026-02-23T15:40:05.7952886Z (Reading database ... 10%
end-workflow	Install GH CLI	2026-02-23T15:40:05.7953125Z (Reading database ... 15%
end-workflow	Install GH CLI	2026-02-23T15:40:05.7953336Z (Reading database ... 20%
end-workflow	Install GH CLI	2026-02-23T15:40:05.7953575Z (Reading database ... 25%
end-workflow	Install GH CLI	2026-02-23T15:40:05.7954617Z (Reading database ... 30%
end-workflow	Install GH CLI	2026-02-23T15:40:05.7954854Z (Reading database ... 35%
end-workflow	Install GH CLI	2026-02-23T15:40:05.7955200Z (Reading database ... 40%
end-workflow	Install GH CLI	2026-02-23T15:40:05.7955418Z (Reading database ... 45%
end-workflow	Install GH CLI	2026-02-23T15:40:05.7955635Z (Reading database ... 50%
end-workflow	Install GH CLI	2026-02-23T15:40:05.7955850Z (Reading database ... 55%
end-workflow	Install GH CLI	2026-02-23T15:40:05.7956068Z (Reading database ... 60%
end-workflow	Install GH CLI	2026-02-23T15:40:05.7959918Z (Reading database ... 65%
end-workflow	Install GH CLI	2026-02-23T15:40:05.7980545Z (Reading database ... 70%
end-workflow	Install GH CLI	2026-02-23T15:40:05.7987170Z (Reading database ... 75%
end-workflow	Install GH CLI	2026-02-23T15:40:05.8001130Z (Reading database ... 80%
end-workflow	Install GH CLI	2026-02-23T15:40:05.8004254Z (Reading database ... 85%
end-workflow	Install GH CLI	2026-02-23T15:40:05.8015217Z (Reading database ... 90%
end-workflow	Install GH CLI	2026-02-23T15:40:05.8037296Z (Reading database ... 95%
end-workflow	Install GH CLI	2026-02-23T15:40:05.8039543Z (Reading database ... 100%
end-workflow	Install GH CLI	2026-02-23T15:40:05.8040351Z (Reading database ... 14385 files and directories currently installed.)
end-workflow	Install GH CLI	2026-02-23T15:40:05.8041842Z Preparing to unpack .../archives/gh_2.87.2_amd64.deb ...
end-workflow	Install GH CLI	2026-02-23T15:40:05.8084210Z Unpacking gh (2.87.2) ...
end-workflow	Install GH CLI	2026-02-23T15:40:06.0811124Z Setting up gh (2.87.2) ...
end-workflow	Trigger Inspector	ï»¿2026-02-23T15:40:06.1331132Z ##[group]Run echo "ðŸ” Triggering Inspector for Audit..."
end-workflow	Trigger Inspector	2026-02-23T15:40:06.1331592Z [36;1mecho "ðŸ” Triggering Inspector for Audit..."[0m
end-workflow	Trigger Inspector	2026-02-23T15:40:06.1331918Z [36;1mgh workflow run inspector.yml \[0m
end-workflow	Trigger Inspector	2026-02-23T15:40:06.1332189Z [36;1m  --ref main \[0m
end-workflow	Trigger Inspector	2026-02-23T15:40:06.1332435Z [36;1m  -f kaos-workflow-id="22313107473" \[0m
end-workflow	Trigger Inspector	2026-02-23T15:40:06.1332757Z [36;1m  -f kaos-user-start="santakloud"[0m
end-workflow	Trigger Inspector	2026-02-23T15:40:06.1357553Z shell: /usr/bin/bash -e {0}
end-workflow	Trigger Inspector	2026-02-23T15:40:06.1357817Z env:
end-workflow	Trigger Inspector	2026-02-23T15:40:06.1358357Z   GH_TOKEN: ***
end-workflow	Trigger Inspector	2026-02-23T15:40:06.1358552Z ##[endgroup]
end-workflow	Trigger Inspector	2026-02-23T15:40:06.1407421Z ðŸ” Triggering Inspector for Audit...
end-workflow	Trigger Inspector	2026-02-23T15:40:07.8573704Z https://github.com/Ka0s-Klaus/ka0s/actions/runs/22313224808
end-workflow	Post Checkout Repository	ï»¿2026-02-23T15:40:07.8745144Z Post job cleanup.
end-workflow	Post Checkout Repository	2026-02-23T15:40:07.9996433Z [command]/usr/bin/git version
end-workflow	Post Checkout Repository	2026-02-23T15:40:08.0043634Z git version 2.52.0
end-workflow	Post Checkout Repository	2026-02-23T15:40:08.0092474Z Temporarily overriding HOME='/home/runner/_work/_temp/6c21af66-f22f-401d-a840-b1aa28eded1b' before making global git config changes
end-workflow	Post Checkout Repository	2026-02-23T15:40:08.0093282Z Adding repository directory to the temporary git global config as a safe directory
end-workflow	Post Checkout Repository	2026-02-23T15:40:08.0099477Z [command]/usr/bin/git config --global --add safe.directory /home/runner/_work/ka0s/ka0s
end-workflow	Post Checkout Repository	2026-02-23T15:40:08.0148445Z [command]/usr/bin/git config --local --name-only --get-regexp core\.sshCommand
end-workflow	Post Checkout Repository	2026-02-23T15:40:08.0199861Z [command]/usr/bin/git submodule foreach --recursive sh -c "git config --local --name-only --get-regexp 'core\.sshCommand' && git config --local --unset-all 'core.sshCommand' || :"
end-workflow	Post Checkout Repository	2026-02-23T15:40:08.0550029Z [command]/usr/bin/git config --local --name-only --get-regexp http\.https\:\/\/github\.com\/\.extraheader
end-workflow	Post Checkout Repository	2026-02-23T15:40:08.0584322Z http.https://github.com/.extraheader
end-workflow	Post Checkout Repository	2026-02-23T15:40:08.0597799Z [command]/usr/bin/git config --local --unset-all http.https://github.com/.extraheader
end-workflow	Post Checkout Repository	2026-02-23T15:40:08.0669396Z [command]/usr/bin/git submodule foreach --recursive sh -c "git config --local --name-only --get-regexp 'http\.https\:\/\/github\.com\/\.extraheader' && git config --local --unset-all 'http.https://github.com/.extraheader' || :"
end-workflow	Post Checkout Repository	2026-02-23T15:40:08.1142801Z [command]/usr/bin/git config --local --name-only --get-regexp ^includeIf\.gitdir:
end-workflow	Post Checkout Repository	2026-02-23T15:40:08.1207465Z [command]/usr/bin/git submodule foreach --recursive git config --local --show-origin --name-only --get-regexp remote.origin.url
end-workflow	Complete job	ï»¿2026-02-23T15:40:08.1946605Z Cleaning up orphan processes
