audit-pods	Set up job	ï»¿2026-02-23T19:59:36.1669140Z Current runner version: '2.331.0'
audit-pods	Set up job	2026-02-23T19:59:36.1679279Z Runner name: 'swarm-runners-scaleset-hkss5-runner-5h74s'
audit-pods	Set up job	2026-02-23T19:59:36.1681260Z Runner group name: 'Default'
audit-pods	Set up job	2026-02-23T19:59:36.1682650Z Machine name: 'swarm-runners-scaleset-hkss5-runner-5h74s'
audit-pods	Set up job	2026-02-23T19:59:36.1687121Z ##[group]GITHUB_TOKEN Permissions
audit-pods	Set up job	2026-02-23T19:59:36.1690053Z Actions: write
audit-pods	Set up job	2026-02-23T19:59:36.1691274Z Contents: write
audit-pods	Set up job	2026-02-23T19:59:36.1692031Z Issues: write
audit-pods	Set up job	2026-02-23T19:59:36.1692823Z Metadata: read
audit-pods	Set up job	2026-02-23T19:59:36.1693755Z ##[endgroup]
audit-pods	Set up job	2026-02-23T19:59:36.1696124Z Secret source: Actions
audit-pods	Set up job	2026-02-23T19:59:36.1697245Z Prepare workflow directory
audit-pods	Set up job	2026-02-23T19:59:36.2345545Z Prepare all required actions
audit-pods	Set up job	2026-02-23T19:59:36.2392085Z Getting action download info
audit-pods	Set up job	2026-02-23T19:59:36.8590569Z Download action repository 'actions/checkout@v4' (SHA:34e114876b0b11c390a56381ad16ebd13914f8d5)
audit-pods	Set up job	2026-02-23T19:59:37.7819187Z Complete job name: audit-pods
audit-pods	Checkout repository	ï»¿2026-02-23T19:59:37.8498360Z ##[group]Run actions/checkout@v4
audit-pods	Checkout repository	2026-02-23T19:59:37.8499416Z with:
audit-pods	Checkout repository	2026-02-23T19:59:37.8499947Z   repository: Ka0s-Klaus/ka0s
audit-pods	Checkout repository	2026-02-23T19:59:37.8501195Z   token: ***
audit-pods	Checkout repository	2026-02-23T19:59:37.8501692Z   ssh-strict: true
audit-pods	Checkout repository	2026-02-23T19:59:37.8502206Z   ssh-user: git
audit-pods	Checkout repository	2026-02-23T19:59:37.8502722Z   persist-credentials: true
audit-pods	Checkout repository	2026-02-23T19:59:37.8503273Z   clean: true
audit-pods	Checkout repository	2026-02-23T19:59:37.8503795Z   sparse-checkout-cone-mode: true
audit-pods	Checkout repository	2026-02-23T19:59:37.8504394Z   fetch-depth: 1
audit-pods	Checkout repository	2026-02-23T19:59:37.8504889Z   fetch-tags: false
audit-pods	Checkout repository	2026-02-23T19:59:37.8505412Z   show-progress: true
audit-pods	Checkout repository	2026-02-23T19:59:37.8505934Z   lfs: false
audit-pods	Checkout repository	2026-02-23T19:59:37.8506411Z   submodules: false
audit-pods	Checkout repository	2026-02-23T19:59:37.8506938Z   set-safe-directory: true
audit-pods	Checkout repository	2026-02-23T19:59:37.8507738Z env:
audit-pods	Checkout repository	2026-02-23T19:59:37.8508239Z   KAOS_MODULE: [Ka0S] Audit Pods
audit-pods	Checkout repository	2026-02-23T19:59:37.8508824Z   KAOS_CODE: 22322557858
audit-pods	Checkout repository	2026-02-23T19:59:37.8509361Z ##[endgroup]
audit-pods	Checkout repository	2026-02-23T19:59:37.9767005Z Syncing repository: Ka0s-Klaus/ka0s
audit-pods	Checkout repository	2026-02-23T19:59:37.9769464Z ##[group]Getting Git version info
audit-pods	Checkout repository	2026-02-23T19:59:37.9771006Z Working directory is '/home/runner/_work/ka0s/ka0s'
audit-pods	Checkout repository	2026-02-23T19:59:37.9777056Z [command]/usr/bin/git version
audit-pods	Checkout repository	2026-02-23T19:59:37.9826589Z git version 2.52.0
audit-pods	Checkout repository	2026-02-23T19:59:37.9862575Z ##[endgroup]
audit-pods	Checkout repository	2026-02-23T19:59:37.9879315Z Temporarily overriding HOME='/home/runner/_work/_temp/5421d0e9-1ddb-49ff-b4f9-2d070fbb9404' before making global git config changes
audit-pods	Checkout repository	2026-02-23T19:59:37.9884676Z Adding repository directory to the temporary git global config as a safe directory
audit-pods	Checkout repository	2026-02-23T19:59:37.9887313Z [command]/usr/bin/git config --global --add safe.directory /home/runner/_work/ka0s/ka0s
audit-pods	Checkout repository	2026-02-23T19:59:37.9945397Z Deleting the contents of '/home/runner/_work/ka0s/ka0s'
audit-pods	Checkout repository	2026-02-23T19:59:37.9951470Z ##[group]Initializing the repository
audit-pods	Checkout repository	2026-02-23T19:59:37.9957191Z [command]/usr/bin/git init /home/runner/_work/ka0s/ka0s
audit-pods	Checkout repository	2026-02-23T19:59:38.0021763Z hint: Using 'master' as the name for the initial branch. This default branch name
audit-pods	Checkout repository	2026-02-23T19:59:38.0023163Z hint: will change to "main" in Git 3.0. To configure the initial branch name
audit-pods	Checkout repository	2026-02-23T19:59:38.0024408Z hint: to use in all of your new repositories, which will suppress this warning,
audit-pods	Checkout repository	2026-02-23T19:59:38.0025224Z hint: call:
audit-pods	Checkout repository	2026-02-23T19:59:38.0025667Z hint:
audit-pods	Checkout repository	2026-02-23T19:59:38.0026233Z hint: 	git config --global init.defaultBranch <name>
audit-pods	Checkout repository	2026-02-23T19:59:38.0026894Z hint:
audit-pods	Checkout repository	2026-02-23T19:59:38.0027539Z hint: Names commonly chosen instead of 'master' are 'main', 'trunk' and
audit-pods	Checkout repository	2026-02-23T19:59:38.0028744Z hint: 'development'. The just-created branch can be renamed via this command:
audit-pods	Checkout repository	2026-02-23T19:59:38.0029586Z hint:
audit-pods	Checkout repository	2026-02-23T19:59:38.0030087Z hint: 	git branch -m <name>
audit-pods	Checkout repository	2026-02-23T19:59:38.0033792Z hint:
audit-pods	Checkout repository	2026-02-23T19:59:38.0034671Z hint: Disable this message with "git config set advice.defaultBranchName false"
audit-pods	Checkout repository	2026-02-23T19:59:38.0035889Z Initialized empty Git repository in /home/runner/_work/ka0s/ka0s/.git/
audit-pods	Checkout repository	2026-02-23T19:59:38.0038461Z [command]/usr/bin/git remote add origin https://github.com/Ka0s-Klaus/ka0s
audit-pods	Checkout repository	2026-02-23T19:59:38.0086329Z ##[endgroup]
audit-pods	Checkout repository	2026-02-23T19:59:38.0088034Z ##[group]Disabling automatic garbage collection
audit-pods	Checkout repository	2026-02-23T19:59:38.0090053Z [command]/usr/bin/git config --local gc.auto 0
audit-pods	Checkout repository	2026-02-23T19:59:38.0133902Z ##[endgroup]
audit-pods	Checkout repository	2026-02-23T19:59:38.0212760Z ##[group]Setting up auth
audit-pods	Checkout repository	2026-02-23T19:59:38.0214725Z [command]/usr/bin/git config --local --name-only --get-regexp core\.sshCommand
audit-pods	Checkout repository	2026-02-23T19:59:38.0218107Z [command]/usr/bin/git submodule foreach --recursive sh -c "git config --local --name-only --get-regexp 'core\.sshCommand' && git config --local --unset-all 'core.sshCommand' || :"
audit-pods	Checkout repository	2026-02-23T19:59:38.0535706Z [command]/usr/bin/git config --local --name-only --get-regexp http\.https\:\/\/github\.com\/\.extraheader
audit-pods	Checkout repository	2026-02-23T19:59:38.0575100Z [command]/usr/bin/git submodule foreach --recursive sh -c "git config --local --name-only --get-regexp 'http\.https\:\/\/github\.com\/\.extraheader' && git config --local --unset-all 'http.https://github.com/.extraheader' || :"
audit-pods	Checkout repository	2026-02-23T19:59:38.0906807Z [command]/usr/bin/git config --local --name-only --get-regexp ^includeIf\.gitdir:
audit-pods	Checkout repository	2026-02-23T19:59:38.0956084Z [command]/usr/bin/git submodule foreach --recursive git config --local --show-origin --name-only --get-regexp remote.origin.url
audit-pods	Checkout repository	2026-02-23T19:59:38.1296308Z [command]/usr/bin/git config --local http.https://github.com/.extraheader AUTHORIZATION: basic ***
audit-pods	Checkout repository	2026-02-23T19:59:38.1352336Z ##[endgroup]
audit-pods	Checkout repository	2026-02-23T19:59:38.1353311Z ##[group]Fetching the repository
audit-pods	Checkout repository	2026-02-23T19:59:38.1372811Z [command]/usr/bin/git -c protocol.version=2 fetch --no-tags --prune --no-recurse-submodules --depth=1 origin +6fe0fc4f3ef74b7d0369cfd9ac289efce0b9384f:refs/remotes/origin/main
audit-pods	Checkout repository	2026-02-23T19:59:43.0097045Z From https://github.com/Ka0s-Klaus/ka0s
audit-pods	Checkout repository	2026-02-23T19:59:43.0098962Z  * [new ref]         6fe0fc4f3ef74b7d0369cfd9ac289efce0b9384f -> origin/main
audit-pods	Checkout repository	2026-02-23T19:59:43.0163418Z ##[endgroup]
audit-pods	Checkout repository	2026-02-23T19:59:43.0164481Z ##[group]Determining the checkout info
audit-pods	Checkout repository	2026-02-23T19:59:43.0165652Z ##[endgroup]
audit-pods	Checkout repository	2026-02-23T19:59:43.0173711Z [command]/usr/bin/git sparse-checkout disable
audit-pods	Checkout repository	2026-02-23T19:59:43.0248223Z [command]/usr/bin/git config --local --unset-all extensions.worktreeConfig
audit-pods	Checkout repository	2026-02-23T19:59:43.0304319Z ##[group]Checking out the ref
audit-pods	Checkout repository	2026-02-23T19:59:43.0307408Z [command]/usr/bin/git checkout --progress --force -B main refs/remotes/origin/main
audit-pods	Checkout repository	2026-02-23T19:59:43.2861707Z Switched to a new branch 'main'
audit-pods	Checkout repository	2026-02-23T19:59:43.2866250Z branch 'main' set up to track 'origin/main'.
audit-pods	Checkout repository	2026-02-23T19:59:43.2908448Z ##[endgroup]
audit-pods	Checkout repository	2026-02-23T19:59:43.2958321Z [command]/usr/bin/git log -1 --format=%H
audit-pods	Checkout repository	2026-02-23T19:59:43.2993990Z 6fe0fc4f3ef74b7d0369cfd9ac289efce0b9384f
audit-pods	Execute Audit Script	ï»¿2026-02-23T19:59:43.3404633Z Prepare all required actions
audit-pods	Execute Audit Script	2026-02-23T19:59:43.3560265Z ##[group]Run ./.github/actions/ssh-exec
audit-pods	Execute Audit Script	2026-02-23T19:59:43.3561422Z with:
audit-pods	Execute Audit Script	2026-02-23T19:59:43.3561999Z   host: ***
audit-pods	Execute Audit Script	2026-02-23T19:59:43.3562342Z   username: ***
audit-pods	Execute Audit Script	2026-02-23T19:59:43.3564690Z   key: ***
audit-pods	Execute Audit Script	2026-02-23T19:59:43.3565016Z   port: ***
audit-pods	Execute Audit Script	2026-02-23T19:59:43.3565311Z   use-sudo: true
audit-pods	Execute Audit Script	2026-02-23T19:59:43.3565653Z   pass: ***
audit-pods	Execute Audit Script	2026-02-23T19:59:43.3566039Z   script-path: devops/core/k8s/audit-failed-pods.sh
audit-pods	Execute Audit Script	2026-02-23T19:59:43.3566496Z   remote-results-path: /tmp/results
audit-pods	Execute Audit Script	2026-02-23T19:59:43.3566891Z   local-results-path: audit/kube/
audit-pods	Execute Audit Script	2026-02-23T19:59:43.3567277Z   remote-tmp-dir: /tmp
audit-pods	Execute Audit Script	2026-02-23T19:59:43.3567602Z env:
audit-pods	Execute Audit Script	2026-02-23T19:59:43.3567911Z   KAOS_MODULE: [Ka0S] Audit Pods
audit-pods	Execute Audit Script	2026-02-23T19:59:43.3568299Z   KAOS_CODE: 22322557858
audit-pods	Execute Audit Script	2026-02-23T19:59:43.3568652Z ##[endgroup]
audit-pods	Execute Audit Script	2026-02-23T19:59:43.3699274Z ##[group]Run echo "***
audit-pods	Execute Audit Script	2026-02-23T19:59:43.3699892Z [36;1mecho "***[0m
audit-pods	Execute Audit Script	2026-02-23T19:59:43.3701078Z [36;1m***[0m
audit-pods	Execute Audit Script	2026-02-23T19:59:43.3701642Z [36;1m***[0m
audit-pods	Execute Audit Script	2026-02-23T19:59:43.3702255Z [36;1m***[0m
audit-pods	Execute Audit Script	2026-02-23T19:59:43.3702750Z [36;1m***[0m
audit-pods	Execute Audit Script	2026-02-23T19:59:43.3703249Z [36;1m***[0m
audit-pods	Execute Audit Script	2026-02-23T19:59:43.3703698Z [36;1m***" > /home/runner/_work/_temp/ssh_key[0m
audit-pods	Execute Audit Script	2026-02-23T19:59:43.3704150Z [36;1mchmod 600 /home/runner/_work/_temp/ssh_key[0m
audit-pods	Execute Audit Script	2026-02-23T19:59:43.3736307Z shell: /usr/bin/bash --noprofile --norc -e -o pipefail {0}
audit-pods	Execute Audit Script	2026-02-23T19:59:43.3737172Z env:
audit-pods	Execute Audit Script	2026-02-23T19:59:43.3737619Z   KAOS_MODULE: [Ka0S] Audit Pods
audit-pods	Execute Audit Script	2026-02-23T19:59:43.3737978Z   KAOS_CODE: 22322557858
audit-pods	Execute Audit Script	2026-02-23T19:59:43.3738302Z ##[endgroup]
audit-pods	Execute Audit Script	2026-02-23T19:59:43.3904666Z ##[group]Run scp -o StrictHostKeyChecking=no -i /home/runner/_work/_temp/ssh_key -P *** devops/core/k8s/audit-failed-pods.sh ***@***:/tmp
audit-pods	Execute Audit Script	2026-02-23T19:59:43.3905901Z [36;1mscp -o StrictHostKeyChecking=no -i /home/runner/_work/_temp/ssh_key -P *** devops/core/k8s/audit-failed-pods.sh ***@***:/tmp[0m
audit-pods	Execute Audit Script	2026-02-23T19:59:43.3918768Z shell: /usr/bin/bash --noprofile --norc -e -o pipefail {0}
audit-pods	Execute Audit Script	2026-02-23T19:59:43.3919285Z env:
audit-pods	Execute Audit Script	2026-02-23T19:59:43.3919605Z   KAOS_MODULE: [Ka0S] Audit Pods
audit-pods	Execute Audit Script	2026-02-23T19:59:43.3919974Z   KAOS_CODE: 22322557858
audit-pods	Execute Audit Script	2026-02-23T19:59:43.3920553Z ##[endgroup]
audit-pods	Execute Audit Script	2026-02-23T19:59:43.5310026Z Warning: Permanently added '[***]:***' (ED25519) to the list of known hosts.
audit-pods	Execute Audit Script	2026-02-23T19:59:45.2393430Z ##[group]Run REMOTE_SCRIPT_PATH="/tmp/$(basename devops/core/k8s/audit-failed-pods.sh)"
audit-pods	Execute Audit Script	2026-02-23T19:59:45.2394246Z [36;1mREMOTE_SCRIPT_PATH="/tmp/$(basename devops/core/k8s/audit-failed-pods.sh)"[0m
audit-pods	Execute Audit Script	2026-02-23T19:59:45.2394883Z [36;1mEXEC_COMMAND="chmod +x $REMOTE_SCRIPT_PATH && $REMOTE_SCRIPT_PATH "[0m
audit-pods	Execute Audit Script	2026-02-23T19:59:45.2395360Z [36;1mif [[ "true" == "true" ]]; then[0m
audit-pods	Execute Audit Script	2026-02-23T19:59:45.2395918Z [36;1m  SUDO_PREFIX="echo '***' | sudo -S"[0m
audit-pods	Execute Audit Script	2026-02-23T19:59:45.2396363Z [36;1m  COMMAND_CHAIN="$SUDO_PREFIX bash -c '$EXEC_COMMAND'"[0m
audit-pods	Execute Audit Script	2026-02-23T19:59:45.2396801Z [36;1m  if [[ "/tmp/results" != "" ]]; then[0m
audit-pods	Execute Audit Script	2026-02-23T19:59:45.2397299Z [36;1m    COMMAND_CHAIN="$COMMAND_CHAIN && $SUDO_PREFIX chmod -R 777 /tmp/results"[0m
audit-pods	Execute Audit Script	2026-02-23T19:59:45.2397792Z [36;1m  fi[0m
audit-pods	Execute Audit Script	2026-02-23T19:59:45.2398504Z [36;1m  ssh -o StrictHostKeyChecking=no -i /home/runner/_work/_temp/ssh_key -p *** ***@*** "$COMMAND_CHAIN && rm $REMOTE_SCRIPT_PATH"[0m
audit-pods	Execute Audit Script	2026-02-23T19:59:45.2399168Z [36;1melse[0m
audit-pods	Execute Audit Script	2026-02-23T19:59:45.2399829Z [36;1m  ssh -o StrictHostKeyChecking=no -i /home/runner/_work/_temp/ssh_key -p *** ***@*** "$EXEC_COMMAND && rm $REMOTE_SCRIPT_PATH"[0m
audit-pods	Execute Audit Script	2026-02-23T19:59:45.2401334Z [36;1mfi[0m
audit-pods	Execute Audit Script	2026-02-23T19:59:45.2415131Z shell: /usr/bin/bash --noprofile --norc -e -o pipefail {0}
audit-pods	Execute Audit Script	2026-02-23T19:59:45.2415565Z env:
audit-pods	Execute Audit Script	2026-02-23T19:59:45.2415856Z   KAOS_MODULE: [Ka0S] Audit Pods
audit-pods	Execute Audit Script	2026-02-23T19:59:45.2416168Z   KAOS_CODE: 22322557858
audit-pods	Execute Audit Script	2026-02-23T19:59:45.2416565Z ##[endgroup]
audit-pods	Execute Audit Script	2026-02-23T19:59:45.8051848Z [INFO] Iniciando auditorÃ­a de pods fallidos...
audit-pods	Execute Audit Script	2026-02-23T19:59:45.8052409Z [INFO] Directorio de salida: /tmp/results
audit-pods	Execute Audit Script	2026-02-23T19:59:46.2129649Z [SUCCESS] AuditorÃ­a finalizada. Se encontraron 2 pods con problemas.
audit-pods	Execute Audit Script	2026-02-23T19:59:46.2131072Z [INFO] Resultado guardado en: /tmp/results/failed_pods.json
audit-pods	Execute Audit Script	2026-02-23T19:59:46.2428741Z [sudo] password for ***: 
audit-pods	Execute Audit Script	2026-02-23T19:59:46.2485082Z ##[group]Run mkdir -p audit/kube/
audit-pods	Execute Audit Script	2026-02-23T19:59:46.2485460Z [36;1mmkdir -p audit/kube/[0m
audit-pods	Execute Audit Script	2026-02-23T19:59:46.2486235Z [36;1mscp -o StrictHostKeyChecking=no -r -i /home/runner/_work/_temp/ssh_key -P *** ***@***:/tmp/results/* audit/kube/[0m
audit-pods	Execute Audit Script	2026-02-23T19:59:46.2486940Z [36;1mecho "path=audit/kube/" >> $GITHUB_OUTPUT[0m
audit-pods	Execute Audit Script	2026-02-23T19:59:46.2499188Z shell: /usr/bin/bash --noprofile --norc -e -o pipefail {0}
audit-pods	Execute Audit Script	2026-02-23T19:59:46.2499609Z env:
audit-pods	Execute Audit Script	2026-02-23T19:59:46.2499882Z   KAOS_MODULE: [Ka0S] Audit Pods
audit-pods	Execute Audit Script	2026-02-23T19:59:46.2500225Z   KAOS_CODE: 22322557858
audit-pods	Execute Audit Script	2026-02-23T19:59:46.2500558Z ##[endgroup]
audit-pods	Commit Results	ï»¿2026-02-23T19:59:47.1596582Z ##[group]Run git config --global user.name "Ka0s Bot"
audit-pods	Commit Results	2026-02-23T19:59:47.1597120Z [36;1mgit config --global user.name "Ka0s Bot"[0m
audit-pods	Commit Results	2026-02-23T19:59:47.1597538Z [36;1mgit config --global user.email "bot@ka0s.io"[0m
audit-pods	Commit Results	2026-02-23T19:59:47.1597921Z [36;1mgit pull --rebase[0m
audit-pods	Commit Results	2026-02-23T19:59:47.1598302Z [36;1mgit add audit/kube/failed_pods.json audit/itop/ || true[0m
audit-pods	Commit Results	2026-02-23T19:59:47.1598744Z [36;1mif ! git diff --staged --quiet; then[0m
audit-pods	Commit Results	2026-02-23T19:59:47.1599346Z [36;1m  git commit -m "[Audit] Update failed pods and iTop reconciliation report $(date +'%Y-%m-%d %H:%M')"[0m
audit-pods	Commit Results	2026-02-23T19:59:47.1600173Z [36;1m  git push[0m
audit-pods	Commit Results	2026-02-23T19:59:47.1602920Z [36;1melse[0m
audit-pods	Commit Results	2026-02-23T19:59:47.1603303Z [36;1m  echo "No changes in failed pods or iTop reconciliation reports."[0m
audit-pods	Commit Results	2026-02-23T19:59:47.1603903Z [36;1mfi[0m
audit-pods	Commit Results	2026-02-23T19:59:47.1618714Z shell: /usr/bin/bash -e {0}
audit-pods	Commit Results	2026-02-23T19:59:47.1619029Z env:
audit-pods	Commit Results	2026-02-23T19:59:47.1619280Z   KAOS_MODULE: [Ka0S] Audit Pods
audit-pods	Commit Results	2026-02-23T19:59:47.1619586Z   KAOS_CODE: 22322557858
audit-pods	Commit Results	2026-02-23T19:59:47.1619908Z ##[endgroup]
audit-pods	Commit Results	2026-02-23T20:00:17.1301718Z From https://github.com/Ka0s-Klaus/ka0s
audit-pods	Commit Results	2026-02-23T20:00:17.1318342Z  * [new branch]          F3450-modelo-operativo -> origin/F3450-modelo-operativo
audit-pods	Commit Results	2026-02-23T20:00:17.1319089Z  * [new branch]          H1276-modulo-observabilidad -> origin/H1276-modulo-observabilidad
audit-pods	Commit Results	2026-02-23T20:00:17.1319715Z  * [new branch]          H3596-deploy-itop      -> origin/H3596-deploy-itop
audit-pods	Commit Results	2026-02-23T20:00:17.1320615Z  * [new branch]          H4170-flujo-detallado-zabbix---github -> origin/H4170-flujo-detallado-zabbix---github
audit-pods	Commit Results	2026-02-23T20:00:17.1321409Z  * [new branch]          H4191-request-cambios  -> origin/H4191-request-cambios
audit-pods	Commit Results	2026-02-23T20:00:17.1322193Z  * [new branch]          H4200-request-recomendaciones-de-auditoria -> origin/H4200-request-recomendaciones-de-auditoria
audit-pods	Commit Results	2026-02-23T20:00:17.7335311Z  * [new tag]             0.0.0                  -> 0.0.0
audit-pods	Commit Results	2026-02-23T20:00:17.7340226Z  * [new tag]             0.0.1                  -> 0.0.1
audit-pods	Commit Results	2026-02-23T20:00:17.7342891Z  * [new tag]             0.0.10                 -> 0.0.10
audit-pods	Commit Results	2026-02-23T20:00:17.7343317Z  * [new tag]             0.0.100                -> 0.0.100
audit-pods	Commit Results	2026-02-23T20:00:17.7343724Z  * [new tag]             0.0.101                -> 0.0.101
audit-pods	Commit Results	2026-02-23T20:00:17.7344137Z  * [new tag]             0.0.102                -> 0.0.102
audit-pods	Commit Results	2026-02-23T20:00:17.7344543Z  * [new tag]             0.0.103                -> 0.0.103
audit-pods	Commit Results	2026-02-23T20:00:17.7344962Z  * [new tag]             0.0.104                -> 0.0.104
audit-pods	Commit Results	2026-02-23T20:00:17.7345362Z  * [new tag]             0.0.105                -> 0.0.105
audit-pods	Commit Results	2026-02-23T20:00:17.7345804Z  * [new tag]             0.0.106                -> 0.0.106
audit-pods	Commit Results	2026-02-23T20:00:17.7346230Z  * [new tag]             0.0.107                -> 0.0.107
audit-pods	Commit Results	2026-02-23T20:00:17.7346644Z  * [new tag]             0.0.108                -> 0.0.108
audit-pods	Commit Results	2026-02-23T20:00:17.7347067Z  * [new tag]             0.0.109                -> 0.0.109
audit-pods	Commit Results	2026-02-23T20:00:17.7347510Z  * [new tag]             0.0.11                 -> 0.0.11
audit-pods	Commit Results	2026-02-23T20:00:17.7347957Z  * [new tag]             0.0.110                -> 0.0.110
audit-pods	Commit Results	2026-02-23T20:00:17.7348369Z  * [new tag]             0.0.111                -> 0.0.111
audit-pods	Commit Results	2026-02-23T20:00:17.7348788Z  * [new tag]             0.0.112                -> 0.0.112
audit-pods	Commit Results	2026-02-23T20:00:17.7349218Z  * [new tag]             0.0.113                -> 0.0.113
audit-pods	Commit Results	2026-02-23T20:00:17.7349667Z  * [new tag]             0.0.114                -> 0.0.114
audit-pods	Commit Results	2026-02-23T20:00:17.7350169Z  * [new tag]             0.0.115                -> 0.0.115
audit-pods	Commit Results	2026-02-23T20:00:17.7363041Z  * [new tag]             0.0.116                -> 0.0.116
audit-pods	Commit Results	2026-02-23T20:00:17.7363500Z  * [new tag]             0.0.117                -> 0.0.117
audit-pods	Commit Results	2026-02-23T20:00:17.7363888Z  * [new tag]             0.0.118                -> 0.0.118
audit-pods	Commit Results	2026-02-23T20:00:17.7364281Z  * [new tag]             0.0.119                -> 0.0.119
audit-pods	Commit Results	2026-02-23T20:00:17.7364671Z  * [new tag]             0.0.12                 -> 0.0.12
audit-pods	Commit Results	2026-02-23T20:00:17.7365609Z  * [new tag]             0.0.120                -> 0.0.120
audit-pods	Commit Results	2026-02-23T20:00:17.7365992Z  * [new tag]             0.0.121                -> 0.0.121
audit-pods	Commit Results	2026-02-23T20:00:17.7366381Z  * [new tag]             0.0.122                -> 0.0.122
audit-pods	Commit Results	2026-02-23T20:00:17.7366769Z  * [new tag]             0.0.123                -> 0.0.123
audit-pods	Commit Results	2026-02-23T20:00:17.7367158Z  * [new tag]             0.0.124                -> 0.0.124
audit-pods	Commit Results	2026-02-23T20:00:17.7367557Z  * [new tag]             0.0.125                -> 0.0.125
audit-pods	Commit Results	2026-02-23T20:00:17.7367944Z  * [new tag]             0.0.126                -> 0.0.126
audit-pods	Commit Results	2026-02-23T20:00:17.7368568Z  * [new tag]             0.0.127                -> 0.0.127
audit-pods	Commit Results	2026-02-23T20:00:17.7368957Z  * [new tag]             0.0.128                -> 0.0.128
audit-pods	Commit Results	2026-02-23T20:00:17.7369346Z  * [new tag]             0.0.129                -> 0.0.129
audit-pods	Commit Results	2026-02-23T20:00:17.7369745Z  * [new tag]             0.0.13                 -> 0.0.13
audit-pods	Commit Results	2026-02-23T20:00:17.7370138Z  * [new tag]             0.0.130                -> 0.0.130
audit-pods	Commit Results	2026-02-23T20:00:17.7370763Z  * [new tag]             0.0.131                -> 0.0.131
audit-pods	Commit Results	2026-02-23T20:00:17.7371159Z  * [new tag]             0.0.132                -> 0.0.132
audit-pods	Commit Results	2026-02-23T20:00:17.7371558Z  * [new tag]             0.0.133                -> 0.0.133
audit-pods	Commit Results	2026-02-23T20:00:17.7371944Z  * [new tag]             0.0.134                -> 0.0.134
audit-pods	Commit Results	2026-02-23T20:00:17.7372345Z  * [new tag]             0.0.135                -> 0.0.135
audit-pods	Commit Results	2026-02-23T20:00:17.7372736Z  * [new tag]             0.0.136                -> 0.0.136
audit-pods	Commit Results	2026-02-23T20:00:17.7373136Z  * [new tag]             0.0.137                -> 0.0.137
audit-pods	Commit Results	2026-02-23T20:00:17.7373537Z  * [new tag]             0.0.138                -> 0.0.138
audit-pods	Commit Results	2026-02-23T20:00:17.7374326Z  * [new tag]             0.0.139                -> 0.0.139
audit-pods	Commit Results	2026-02-23T20:00:17.7374801Z  * [new tag]             0.0.14                 -> 0.0.14
audit-pods	Commit Results	2026-02-23T20:00:17.7375212Z  * [new tag]             0.0.140                -> 0.0.140
audit-pods	Commit Results	2026-02-23T20:00:17.7375602Z  * [new tag]             0.0.141                -> 0.0.141
audit-pods	Commit Results	2026-02-23T20:00:17.7376016Z  * [new tag]             0.0.142                -> 0.0.142
audit-pods	Commit Results	2026-02-23T20:00:17.7376419Z  * [new tag]             0.0.143                -> 0.0.143
audit-pods	Commit Results	2026-02-23T20:00:17.7376812Z  * [new tag]             0.0.144                -> 0.0.144
audit-pods	Commit Results	2026-02-23T20:00:17.7377205Z  * [new tag]             0.0.145                -> 0.0.145
audit-pods	Commit Results	2026-02-23T20:00:17.7377596Z  * [new tag]             0.0.146                -> 0.0.146
audit-pods	Commit Results	2026-02-23T20:00:17.7378002Z  * [new tag]             0.0.147                -> 0.0.147
audit-pods	Commit Results	2026-02-23T20:00:17.7378394Z  * [new tag]             0.0.148                -> 0.0.148
audit-pods	Commit Results	2026-02-23T20:00:17.7378821Z  * [new tag]             0.0.149                -> 0.0.149
audit-pods	Commit Results	2026-02-23T20:00:17.7379213Z  * [new tag]             0.0.15                 -> 0.0.15
audit-pods	Commit Results	2026-02-23T20:00:17.7379604Z  * [new tag]             0.0.150                -> 0.0.150
audit-pods	Commit Results	2026-02-23T20:00:17.7379994Z  * [new tag]             0.0.151                -> 0.0.151
audit-pods	Commit Results	2026-02-23T20:00:17.7380613Z  * [new tag]             0.0.152                -> 0.0.152
audit-pods	Commit Results	2026-02-23T20:00:17.7381012Z  * [new tag]             0.0.153                -> 0.0.153
audit-pods	Commit Results	2026-02-23T20:00:17.7381401Z  * [new tag]             0.0.154                -> 0.0.154
audit-pods	Commit Results	2026-02-23T20:00:17.7381797Z  * [new tag]             0.0.155                -> 0.0.155
audit-pods	Commit Results	2026-02-23T20:00:17.7382204Z  * [new tag]             0.0.156                -> 0.0.156
audit-pods	Commit Results	2026-02-23T20:00:17.7382673Z  * [new tag]             0.0.157                -> 0.0.157
audit-pods	Commit Results	2026-02-23T20:00:17.7383695Z  * [new tag]             0.0.158                -> 0.0.158
audit-pods	Commit Results	2026-02-23T20:00:17.7384179Z  * [new tag]             0.0.159                -> 0.0.159
audit-pods	Commit Results	2026-02-23T20:00:17.7384583Z  * [new tag]             0.0.16                 -> 0.0.16
audit-pods	Commit Results	2026-02-23T20:00:17.7399894Z  * [new tag]             0.0.160                -> 0.0.160
audit-pods	Commit Results	2026-02-23T20:00:17.7400630Z  * [new tag]             0.0.161                -> 0.0.161
audit-pods	Commit Results	2026-02-23T20:00:17.7401045Z  * [new tag]             0.0.162                -> 0.0.162
audit-pods	Commit Results	2026-02-23T20:00:17.7401878Z  * [new tag]             0.0.163                -> 0.0.163
audit-pods	Commit Results	2026-02-23T20:00:17.7402266Z  * [new tag]             0.0.164                -> 0.0.164
audit-pods	Commit Results	2026-02-23T20:00:17.7402648Z  * [new tag]             0.0.165                -> 0.0.165
audit-pods	Commit Results	2026-02-23T20:00:17.7403048Z  * [new tag]             0.0.166                -> 0.0.166
audit-pods	Commit Results	2026-02-23T20:00:17.7403453Z  * [new tag]             0.0.167                -> 0.0.167
audit-pods	Commit Results	2026-02-23T20:00:17.7403863Z  * [new tag]             0.0.168                -> 0.0.168
audit-pods	Commit Results	2026-02-23T20:00:17.7404255Z  * [new tag]             0.0.169                -> 0.0.169
audit-pods	Commit Results	2026-02-23T20:00:17.7404903Z  * [new tag]             0.0.17                 -> 0.0.17
audit-pods	Commit Results	2026-02-23T20:00:17.7405315Z  * [new tag]             0.0.170                -> 0.0.170
audit-pods	Commit Results	2026-02-23T20:00:17.7405703Z  * [new tag]             0.0.171                -> 0.0.171
audit-pods	Commit Results	2026-02-23T20:00:17.7406498Z  * [new tag]             0.0.172                -> 0.0.172
audit-pods	Commit Results	2026-02-23T20:00:17.7406884Z  * [new tag]             0.0.173                -> 0.0.173
audit-pods	Commit Results	2026-02-23T20:00:17.7407287Z  * [new tag]             0.0.174                -> 0.0.174
audit-pods	Commit Results	2026-02-23T20:00:17.7407674Z  * [new tag]             0.0.175                -> 0.0.175
audit-pods	Commit Results	2026-02-23T20:00:17.7408108Z  * [new tag]             0.0.176                -> 0.0.176
audit-pods	Commit Results	2026-02-23T20:00:17.7408549Z  * [new tag]             0.0.177                -> 0.0.177
audit-pods	Commit Results	2026-02-23T20:00:17.7408947Z  * [new tag]             0.0.178                -> 0.0.178
audit-pods	Commit Results	2026-02-23T20:00:17.7409340Z  * [new tag]             0.0.179                -> 0.0.179
audit-pods	Commit Results	2026-02-23T20:00:17.7409753Z  * [new tag]             0.0.18                 -> 0.0.18
audit-pods	Commit Results	2026-02-23T20:00:17.7410159Z  * [new tag]             0.0.19                 -> 0.0.19
audit-pods	Commit Results	2026-02-23T20:00:17.7410759Z  * [new tag]             0.0.2                  -> 0.0.2
audit-pods	Commit Results	2026-02-23T20:00:17.7411163Z  * [new tag]             0.0.20                 -> 0.0.20
audit-pods	Commit Results	2026-02-23T20:00:17.7411571Z  * [new tag]             0.0.21                 -> 0.0.21
audit-pods	Commit Results	2026-02-23T20:00:17.7411986Z  * [new tag]             0.0.22                 -> 0.0.22
audit-pods	Commit Results	2026-02-23T20:00:17.7412379Z  * [new tag]             0.0.23                 -> 0.0.23
audit-pods	Commit Results	2026-02-23T20:00:17.7412781Z  * [new tag]             0.0.24                 -> 0.0.24
audit-pods	Commit Results	2026-02-23T20:00:17.7413187Z  * [new tag]             0.0.25                 -> 0.0.25
audit-pods	Commit Results	2026-02-23T20:00:17.7413633Z  * [new tag]             0.0.26                 -> 0.0.26
audit-pods	Commit Results	2026-02-23T20:00:17.7414049Z  * [new tag]             0.0.27                 -> 0.0.27
audit-pods	Commit Results	2026-02-23T20:00:17.7414465Z  * [new tag]             0.0.28                 -> 0.0.28
audit-pods	Commit Results	2026-02-23T20:00:17.7414867Z  * [new tag]             0.0.29                 -> 0.0.29
audit-pods	Commit Results	2026-02-23T20:00:17.7415286Z  * [new tag]             0.0.3                  -> 0.0.3
audit-pods	Commit Results	2026-02-23T20:00:17.7415709Z  * [new tag]             0.0.30                 -> 0.0.30
audit-pods	Commit Results	2026-02-23T20:00:17.7416129Z  * [new tag]             0.0.31                 -> 0.0.31
audit-pods	Commit Results	2026-02-23T20:00:17.7416524Z  * [new tag]             0.0.32                 -> 0.0.32
audit-pods	Commit Results	2026-02-23T20:00:17.7417089Z  * [new tag]             0.0.33                 -> 0.0.33
audit-pods	Commit Results	2026-02-23T20:00:17.7417477Z  * [new tag]             0.0.34                 -> 0.0.34
audit-pods	Commit Results	2026-02-23T20:00:17.7417870Z  * [new tag]             0.0.35                 -> 0.0.35
audit-pods	Commit Results	2026-02-23T20:00:17.7418263Z  * [new tag]             0.0.36                 -> 0.0.36
audit-pods	Commit Results	2026-02-23T20:00:17.7418663Z  * [new tag]             0.0.37                 -> 0.0.37
audit-pods	Commit Results	2026-02-23T20:00:17.7419062Z  * [new tag]             0.0.38                 -> 0.0.38
audit-pods	Commit Results	2026-02-23T20:00:17.7419460Z  * [new tag]             0.0.39                 -> 0.0.39
audit-pods	Commit Results	2026-02-23T20:00:17.7419956Z  * [new tag]             0.0.4                  -> 0.0.4
audit-pods	Commit Results	2026-02-23T20:00:17.7420777Z  * [new tag]             0.0.40                 -> 0.0.40
audit-pods	Commit Results	2026-02-23T20:00:17.7421176Z  * [new tag]             0.0.41                 -> 0.0.41
audit-pods	Commit Results	2026-02-23T20:00:17.7421567Z  * [new tag]             0.0.42                 -> 0.0.42
audit-pods	Commit Results	2026-02-23T20:00:17.7421951Z  * [new tag]             0.0.43                 -> 0.0.43
audit-pods	Commit Results	2026-02-23T20:00:17.7422633Z  * [new tag]             0.0.44                 -> 0.0.44
audit-pods	Commit Results	2026-02-23T20:00:17.7423029Z  * [new tag]             0.0.45                 -> 0.0.45
audit-pods	Commit Results	2026-02-23T20:00:17.7423418Z  * [new tag]             0.0.46                 -> 0.0.46
audit-pods	Commit Results	2026-02-23T20:00:17.7423797Z  * [new tag]             0.0.47                 -> 0.0.47
audit-pods	Commit Results	2026-02-23T20:00:17.7424195Z  * [new tag]             0.0.48                 -> 0.0.48
audit-pods	Commit Results	2026-02-23T20:00:17.7424588Z  * [new tag]             0.0.49                 -> 0.0.49
audit-pods	Commit Results	2026-02-23T20:00:17.7424982Z  * [new tag]             0.0.5                  -> 0.0.5
audit-pods	Commit Results	2026-02-23T20:00:17.7425584Z  * [new tag]             0.0.50                 -> 0.0.50
audit-pods	Commit Results	2026-02-23T20:00:17.7425969Z  * [new tag]             0.0.51                 -> 0.0.51
audit-pods	Commit Results	2026-02-23T20:00:17.7426350Z  * [new tag]             0.0.52                 -> 0.0.52
audit-pods	Commit Results	2026-02-23T20:00:17.7426732Z  * [new tag]             0.0.53                 -> 0.0.53
audit-pods	Commit Results	2026-02-23T20:00:17.7427484Z  * [new tag]             0.0.54                 -> 0.0.54
audit-pods	Commit Results	2026-02-23T20:00:17.7427878Z  * [new tag]             0.0.55                 -> 0.0.55
audit-pods	Commit Results	2026-02-23T20:00:17.7428264Z  * [new tag]             0.0.56                 -> 0.0.56
audit-pods	Commit Results	2026-02-23T20:00:17.7428671Z  * [new tag]             0.0.57                 -> 0.0.57
audit-pods	Commit Results	2026-02-23T20:00:17.7429069Z  * [new tag]             0.0.58                 -> 0.0.58
audit-pods	Commit Results	2026-02-23T20:00:17.7429456Z  * [new tag]             0.0.59                 -> 0.0.59
audit-pods	Commit Results	2026-02-23T20:00:17.7429843Z  * [new tag]             0.0.6                  -> 0.0.6
audit-pods	Commit Results	2026-02-23T20:00:17.7430238Z  * [new tag]             0.0.60                 -> 0.0.60
audit-pods	Commit Results	2026-02-23T20:00:17.7430804Z  * [new tag]             0.0.61                 -> 0.0.61
audit-pods	Commit Results	2026-02-23T20:00:17.7431206Z  * [new tag]             0.0.62                 -> 0.0.62
audit-pods	Commit Results	2026-02-23T20:00:17.7431601Z  * [new tag]             0.0.63                 -> 0.0.63
audit-pods	Commit Results	2026-02-23T20:00:17.7431987Z  * [new tag]             0.0.64                 -> 0.0.64
audit-pods	Commit Results	2026-02-23T20:00:17.7432388Z  * [new tag]             0.0.65                 -> 0.0.65
audit-pods	Commit Results	2026-02-23T20:00:17.7432775Z  * [new tag]             0.0.66                 -> 0.0.66
audit-pods	Commit Results	2026-02-23T20:00:17.7433173Z  * [new tag]             0.0.67                 -> 0.0.67
audit-pods	Commit Results	2026-02-23T20:00:17.7433570Z  * [new tag]             0.0.68                 -> 0.0.68
audit-pods	Commit Results	2026-02-23T20:00:17.7433962Z  * [new tag]             0.0.69                 -> 0.0.69
audit-pods	Commit Results	2026-02-23T20:00:17.7434344Z  * [new tag]             0.0.7                  -> 0.0.7
audit-pods	Commit Results	2026-02-23T20:00:17.7434737Z  * [new tag]             0.0.70                 -> 0.0.70
audit-pods	Commit Results	2026-02-23T20:00:17.7435134Z  * [new tag]             0.0.71                 -> 0.0.71
audit-pods	Commit Results	2026-02-23T20:00:17.7435518Z  * [new tag]             0.0.72                 -> 0.0.72
audit-pods	Commit Results	2026-02-23T20:00:17.7435903Z  * [new tag]             0.0.73                 -> 0.0.73
audit-pods	Commit Results	2026-02-23T20:00:17.7436511Z  * [new tag]             0.0.74                 -> 0.0.74
audit-pods	Commit Results	2026-02-23T20:00:17.7436906Z  * [new tag]             0.0.75                 -> 0.0.75
audit-pods	Commit Results	2026-02-23T20:00:17.7437292Z  * [new tag]             0.0.76                 -> 0.0.76
audit-pods	Commit Results	2026-02-23T20:00:17.7438082Z  * [new tag]             0.0.77                 -> 0.0.77
audit-pods	Commit Results	2026-02-23T20:00:17.7438480Z  * [new tag]             0.0.78                 -> 0.0.78
audit-pods	Commit Results	2026-02-23T20:00:17.7438868Z  * [new tag]             0.0.79                 -> 0.0.79
audit-pods	Commit Results	2026-02-23T20:00:17.7439250Z  * [new tag]             0.0.8                  -> 0.0.8
audit-pods	Commit Results	2026-02-23T20:00:17.7439635Z  * [new tag]             0.0.80                 -> 0.0.80
audit-pods	Commit Results	2026-02-23T20:00:17.7440018Z  * [new tag]             0.0.81                 -> 0.0.81
audit-pods	Commit Results	2026-02-23T20:00:17.7440569Z  * [new tag]             0.0.82                 -> 0.0.82
audit-pods	Commit Results	2026-02-23T20:00:17.7441012Z  * [new tag]             0.0.83                 -> 0.0.83
audit-pods	Commit Results	2026-02-23T20:00:17.7441438Z  * [new tag]             0.0.84                 -> 0.0.84
audit-pods	Commit Results	2026-02-23T20:00:17.7441819Z  * [new tag]             0.0.85                 -> 0.0.85
audit-pods	Commit Results	2026-02-23T20:00:17.7442203Z  * [new tag]             0.0.86                 -> 0.0.86
audit-pods	Commit Results	2026-02-23T20:00:17.7442919Z  * [new tag]             0.0.87                 -> 0.0.87
audit-pods	Commit Results	2026-02-23T20:00:17.7443311Z  * [new tag]             0.0.88                 -> 0.0.88
audit-pods	Commit Results	2026-02-23T20:00:17.7443700Z  * [new tag]             0.0.89                 -> 0.0.89
audit-pods	Commit Results	2026-02-23T20:00:17.7444086Z  * [new tag]             0.0.9                  -> 0.0.9
audit-pods	Commit Results	2026-02-23T20:00:17.7444471Z  * [new tag]             0.0.90                 -> 0.0.90
audit-pods	Commit Results	2026-02-23T20:00:17.7444855Z  * [new tag]             0.0.91                 -> 0.0.91
audit-pods	Commit Results	2026-02-23T20:00:17.7457509Z  * [new tag]             0.0.92                 -> 0.0.92
audit-pods	Commit Results	2026-02-23T20:00:17.7458524Z  * [new tag]             0.0.93                 -> 0.0.93
audit-pods	Commit Results	2026-02-23T20:00:17.7458948Z  * [new tag]             0.0.94                 -> 0.0.94
audit-pods	Commit Results	2026-02-23T20:00:17.7459352Z  * [new tag]             0.0.95                 -> 0.0.95
audit-pods	Commit Results	2026-02-23T20:00:17.7459747Z  * [new tag]             0.0.96                 -> 0.0.96
audit-pods	Commit Results	2026-02-23T20:00:17.7460140Z  * [new tag]             0.0.97                 -> 0.0.97
audit-pods	Commit Results	2026-02-23T20:00:17.7460719Z  * [new tag]             0.0.98                 -> 0.0.98
audit-pods	Commit Results	2026-02-23T20:00:17.7461109Z  * [new tag]             0.0.99                 -> 0.0.99
audit-pods	Commit Results	2026-02-23T20:00:17.7461536Z  * [new tag]             0.1.0                  -> 0.1.0
audit-pods	Commit Results	2026-02-23T20:00:17.7461948Z  * [new tag]             0.1.1                  -> 0.1.1
audit-pods	Commit Results	2026-02-23T20:00:17.7462343Z  * [new tag]             0.2.0                  -> 0.2.0
audit-pods	Commit Results	2026-02-23T20:00:17.7462729Z  * [new tag]             0.3.0                  -> 0.3.0
audit-pods	Commit Results	2026-02-23T20:00:17.7463116Z  * [new tag]             0.3.1                  -> 0.3.1
audit-pods	Commit Results	2026-02-23T20:00:17.7463517Z  * [new tag]             0.3.10                 -> 0.3.10
audit-pods	Commit Results	2026-02-23T20:00:17.7463929Z  * [new tag]             0.3.11                 -> 0.3.11
audit-pods	Commit Results	2026-02-23T20:00:17.7464315Z  * [new tag]             0.3.12                 -> 0.3.12
audit-pods	Commit Results	2026-02-23T20:00:17.7464722Z  * [new tag]             0.3.13                 -> 0.3.13
audit-pods	Commit Results	2026-02-23T20:00:17.7465111Z  * [new tag]             0.3.14                 -> 0.3.14
audit-pods	Commit Results	2026-02-23T20:00:17.7465505Z  * [new tag]             0.3.15                 -> 0.3.15
audit-pods	Commit Results	2026-02-23T20:00:17.7465896Z  * [new tag]             0.3.16                 -> 0.3.16
audit-pods	Commit Results	2026-02-23T20:00:17.7466298Z  * [new tag]             0.3.17                 -> 0.3.17
audit-pods	Commit Results	2026-02-23T20:00:17.7466748Z  * [new tag]             0.3.2                  -> 0.3.2
audit-pods	Commit Results	2026-02-23T20:00:17.7467146Z  * [new tag]             0.3.3                  -> 0.3.3
audit-pods	Commit Results	2026-02-23T20:00:17.7467558Z  * [new tag]             0.3.4                  -> 0.3.4
audit-pods	Commit Results	2026-02-23T20:00:17.7467977Z  * [new tag]             0.3.5                  -> 0.3.5
audit-pods	Commit Results	2026-02-23T20:00:17.7468432Z  * [new tag]             0.3.6                  -> 0.3.6
audit-pods	Commit Results	2026-02-23T20:00:17.7468830Z  * [new tag]             0.3.7                  -> 0.3.7
audit-pods	Commit Results	2026-02-23T20:00:17.7469212Z  * [new tag]             0.3.8                  -> 0.3.8
audit-pods	Commit Results	2026-02-23T20:00:17.7469657Z  * [new tag]             0.3.9                  -> 0.3.9
audit-pods	Commit Results	2026-02-23T20:00:17.7470077Z  * [new tag]             0.4.0                  -> 0.4.0
audit-pods	Commit Results	2026-02-23T20:00:17.7470691Z  * [new tag]             0.4.1                  -> 0.4.1
audit-pods	Commit Results	2026-02-23T20:00:17.7471099Z  * [new tag]             0.4.2                  -> 0.4.2
audit-pods	Commit Results	2026-02-23T20:00:17.7471485Z  * [new tag]             0.4.3                  -> 0.4.3
audit-pods	Commit Results	2026-02-23T20:00:17.7471866Z  * [new tag]             0.4.4                  -> 0.4.4
audit-pods	Commit Results	2026-02-23T20:00:17.7472250Z  * [new tag]             0.4.5                  -> 0.4.5
audit-pods	Commit Results	2026-02-23T20:00:17.7472656Z  * [new tag]             0.4.6                  -> 0.4.6
audit-pods	Commit Results	2026-02-23T20:00:17.7473053Z  * [new tag]             0.4.7                  -> 0.4.7
audit-pods	Commit Results	2026-02-23T20:00:17.7473432Z  * [new tag]             0.4.8                  -> 0.4.8
audit-pods	Commit Results	2026-02-23T20:00:17.7473815Z  * [new tag]             0.4.9                  -> 0.4.9
audit-pods	Commit Results	2026-02-23T20:00:17.7474201Z  * [new tag]             0.5.0                  -> 0.5.0
audit-pods	Commit Results	2026-02-23T20:00:17.7474582Z  * [new tag]             0.5.1                  -> 0.5.1
audit-pods	Commit Results	2026-02-23T20:00:17.7475255Z  * [new tag]             0.5.2                  -> 0.5.2
audit-pods	Commit Results	2026-02-23T20:00:17.7475656Z  * [new tag]             0.6.0                  -> 0.6.0
audit-pods	Commit Results	2026-02-23T20:00:17.7476040Z  * [new tag]             0.6.1                  -> 0.6.1
audit-pods	Commit Results	2026-02-23T20:00:17.7476429Z  * [new tag]             0.6.2                  -> 0.6.2
audit-pods	Commit Results	2026-02-23T20:00:17.7476826Z  * [new tag]             0.6.3                  -> 0.6.3
audit-pods	Commit Results	2026-02-23T20:00:17.7477217Z  * [new tag]             0.6.4                  -> 0.6.4
audit-pods	Commit Results	2026-02-23T20:00:17.7477630Z  * [new tag]             0.6.5                  -> 0.6.5
audit-pods	Commit Results	2026-02-23T20:00:17.7823580Z Already up to date.
audit-pods	Commit Results	2026-02-23T20:00:17.8044419Z [main f71eb2337] [Audit] Update failed pods and iTop reconciliation report 2026-02-23 20:00
audit-pods	Commit Results	2026-02-23T20:00:17.8045297Z  1 file changed, 554 insertions(+)
audit-pods	Commit Results	2026-02-23T20:00:17.8045751Z  create mode 100755 audit/kube/failed_pods.json
audit-pods	Commit Results	2026-02-23T20:00:18.6752584Z To https://github.com/Ka0s-Klaus/ka0s
audit-pods	Commit Results	2026-02-23T20:00:18.6753137Z    6fe0fc4f3..f71eb2337  main -> main
audit-pods	Check iTop connectivity	ï»¿2026-02-23T20:00:18.6862263Z ##[group]Run echo "Checking connectivity to $ITOP_URL/webservices/rest.php?version=1.3"
audit-pods	Check iTop connectivity	2026-02-23T20:00:18.6863145Z [36;1mecho "Checking connectivity to $ITOP_URL/webservices/rest.php?version=1.3"[0m
audit-pods	Check iTop connectivity	2026-02-23T20:00:18.6864064Z [36;1mcurl --silent --show-error --fail --insecure --max-time 10 "$ITOP_URL/webservices/rest.php?version=1.3" || exit 1[0m
audit-pods	Check iTop connectivity	2026-02-23T20:00:18.6877564Z shell: /usr/bin/bash -e {0}
audit-pods	Check iTop connectivity	2026-02-23T20:00:18.6877901Z env:
audit-pods	Check iTop connectivity	2026-02-23T20:00:18.6878178Z   KAOS_MODULE: [Ka0S] Audit Pods
audit-pods	Check iTop connectivity	2026-02-23T20:00:18.6878526Z   KAOS_CODE: 22322557858
audit-pods	Check iTop connectivity	2026-02-23T20:00:18.6902093Z   ITOP_URL: ***
audit-pods	Check iTop connectivity	2026-02-23T20:00:18.6902490Z ##[endgroup]
audit-pods	Check iTop connectivity	2026-02-23T20:00:18.6943923Z Checking connectivity to ***/webservices/rest.php?version=1.3
audit-pods	Check iTop connectivity	2026-02-23T20:00:18.7948427Z {"code":1,"message":"Error: Invalid login"}
audit-pods	Process Tickets in iTop	ï»¿2026-02-23T20:00:18.7987687Z ##[group]Run python3 devops/core/k8s/process-failed-pods.py
audit-pods	Process Tickets in iTop	2026-02-23T20:00:18.7988298Z [36;1mpython3 devops/core/k8s/process-failed-pods.py[0m
audit-pods	Process Tickets in iTop	2026-02-23T20:00:18.8002207Z shell: /usr/bin/bash -e {0}
audit-pods	Process Tickets in iTop	2026-02-23T20:00:18.8002547Z env:
audit-pods	Process Tickets in iTop	2026-02-23T20:00:18.8002824Z   KAOS_MODULE: [Ka0S] Audit Pods
audit-pods	Process Tickets in iTop	2026-02-23T20:00:18.8003165Z   KAOS_CODE: 22322557858
audit-pods	Process Tickets in iTop	2026-02-23T20:00:18.8003603Z   ITOP_URL: ***
audit-pods	Process Tickets in iTop	2026-02-23T20:00:18.8003933Z   ITOP_USER: ***
audit-pods	Process Tickets in iTop	2026-02-23T20:00:18.8004251Z   ITOP_PASSWORD: ***
audit-pods	Process Tickets in iTop	2026-02-23T20:00:18.8004558Z   ITOP_ORIGIN: ***
audit-pods	Process Tickets in iTop	2026-02-23T20:00:18.8004889Z   FAILED_PODS_FILE: audit/kube/failed_pods.json
audit-pods	Process Tickets in iTop	2026-02-23T20:00:18.8005307Z   ITOP_AUDIT_OUTPUT_DIR: audit/itop
audit-pods	Process Tickets in iTop	2026-02-23T20:00:18.8005656Z ##[endgroup]
audit-pods	Process Tickets in iTop	2026-02-23T20:00:19.3267728Z [INFO] Current Failed Pods: 2
audit-pods	Process Tickets in iTop	2026-02-23T20:00:19.3272215Z [DEBUG] POST to ***/webservices/rest.php?version=1.3
audit-pods	Process Tickets in iTop	2026-02-23T20:00:19.3438101Z [INFO] Open Audit Tickets: 0
audit-pods	Process Tickets in iTop	2026-02-23T20:00:19.3438542Z [ACTION] Creating ticket for elk/mongodb-sync-29526285-vk9b4...
audit-pods	Process Tickets in iTop	2026-02-23T20:00:19.3439315Z [DEBUG] POST to ***/webservices/rest.php?version=1.3
audit-pods	Process Tickets in iTop	2026-02-23T20:00:19.3453924Z [ERROR] Create Failed: Error: Unexpected value for attribute 'Origin' (origin) : Value not allowed [***]: issues = {0=>Unexpected value for attribute 'Origin' (origin) : Value not allowed [***]}, class = UserRequest, id = -1
audit-pods	Process Tickets in iTop	2026-02-23T20:00:19.3455016Z [ACTION] Creating ticket for elk/mongodb-sync-29529840-b2mvk...
audit-pods	Process Tickets in iTop	2026-02-23T20:00:19.3455656Z [DEBUG] POST to ***/webservices/rest.php?version=1.3
audit-pods	Process Tickets in iTop	2026-02-23T20:00:19.3456887Z [ERROR] Create Failed: Error: Unexpected value for attribute 'Origin' (origin) : Value not allowed [***]: issues = {0=>Unexpected value for attribute 'Origin' (origin) : Value not allowed [***]}, class = UserRequest, id = -1
audit-pods	Process Tickets in iTop	2026-02-23T20:00:19.3458125Z [INFO] Reconciliation summary written to audit/itop/failed_pods_itop_reconciliation_22322557858.json
audit-pods	Post Checkout repository	ï»¿2026-02-23T20:00:19.3673598Z Post job cleanup.
audit-pods	Post Checkout repository	2026-02-23T20:00:19.5134537Z [command]/usr/bin/git version
audit-pods	Post Checkout repository	2026-02-23T20:00:19.5230728Z git version 2.52.0
audit-pods	Post Checkout repository	2026-02-23T20:00:19.5303167Z Copying '/home/runner/.gitconfig' to '/home/runner/_work/_temp/119b16ea-7c9a-499e-abbe-066ecdd38526/.gitconfig'
audit-pods	Post Checkout repository	2026-02-23T20:00:19.5322008Z Temporarily overriding HOME='/home/runner/_work/_temp/119b16ea-7c9a-499e-abbe-066ecdd38526' before making global git config changes
audit-pods	Post Checkout repository	2026-02-23T20:00:19.5323569Z Adding repository directory to the temporary git global config as a safe directory
audit-pods	Post Checkout repository	2026-02-23T20:00:19.5336258Z [command]/usr/bin/git config --global --add safe.directory /home/runner/_work/ka0s/ka0s
audit-pods	Post Checkout repository	2026-02-23T20:00:19.5414861Z [command]/usr/bin/git config --local --name-only --get-regexp core\.sshCommand
audit-pods	Post Checkout repository	2026-02-23T20:00:19.5465484Z [command]/usr/bin/git submodule foreach --recursive sh -c "git config --local --name-only --get-regexp 'core\.sshCommand' && git config --local --unset-all 'core.sshCommand' || :"
audit-pods	Post Checkout repository	2026-02-23T20:00:19.6161802Z [command]/usr/bin/git config --local --name-only --get-regexp http\.https\:\/\/github\.com\/\.extraheader
audit-pods	Post Checkout repository	2026-02-23T20:00:19.6302056Z http.https://github.com/.extraheader
audit-pods	Post Checkout repository	2026-02-23T20:00:19.6341682Z [command]/usr/bin/git config --local --unset-all http.https://github.com/.extraheader
audit-pods	Post Checkout repository	2026-02-23T20:00:19.6466176Z [command]/usr/bin/git submodule foreach --recursive sh -c "git config --local --name-only --get-regexp 'http\.https\:\/\/github\.com\/\.extraheader' && git config --local --unset-all 'http.https://github.com/.extraheader' || :"
audit-pods	Post Checkout repository	2026-02-23T20:00:19.7369869Z [command]/usr/bin/git config --local --name-only --get-regexp ^includeIf\.gitdir:
audit-pods	Post Checkout repository	2026-02-23T20:00:19.7476316Z [command]/usr/bin/git submodule foreach --recursive git config --local --show-origin --name-only --get-regexp remote.origin.url
audit-pods	Complete job	ï»¿2026-02-23T20:00:19.8359852Z Cleaning up orphan processes
handle-success	Set up job	ï»¿2026-02-23T20:00:38.2887141Z Current runner version: '2.331.0'
handle-success	Set up job	2026-02-23T20:00:38.2925881Z Runner name: 'swarm-runners-scaleset-hkss5-runner-svfw9'
handle-success	Set up job	2026-02-23T20:00:38.2928564Z Runner group name: 'Default'
handle-success	Set up job	2026-02-23T20:00:38.2931052Z Machine name: 'swarm-runners-scaleset-hkss5-runner-svfw9'
handle-success	Set up job	2026-02-23T20:00:38.2968615Z ##[group]GITHUB_TOKEN Permissions
handle-success	Set up job	2026-02-23T20:00:38.2974044Z Actions: write
handle-success	Set up job	2026-02-23T20:00:38.2975310Z Contents: write
handle-success	Set up job	2026-02-23T20:00:38.2976493Z Issues: write
handle-success	Set up job	2026-02-23T20:00:38.2977700Z Metadata: read
handle-success	Set up job	2026-02-23T20:00:38.2999786Z ##[endgroup]
handle-success	Set up job	2026-02-23T20:00:38.3004110Z Secret source: Actions
handle-success	Set up job	2026-02-23T20:00:38.3006092Z Prepare workflow directory
handle-success	Set up job	2026-02-23T20:00:38.5371272Z Prepare all required actions
handle-success	Set up job	2026-02-23T20:00:38.5746552Z Complete job name: handle-success
handle-success	Run echo "[Ka0S] Audit Pods Success in runid 22322557858 initiated."	ï»¿2026-02-23T20:00:38.7294532Z ##[group]Run echo "[Ka0S] Audit Pods Success in runid 22322557858 initiated."
handle-success	Run echo "[Ka0S] Audit Pods Success in runid 22322557858 initiated."	2026-02-23T20:00:38.7296968Z [36;1mecho "[Ka0S] Audit Pods Success in runid 22322557858 initiated."[0m
handle-success	Run echo "[Ka0S] Audit Pods Success in runid 22322557858 initiated."	2026-02-23T20:00:38.7367746Z shell: /usr/bin/bash -e {0}
handle-success	Run echo "[Ka0S] Audit Pods Success in runid 22322557858 initiated."	2026-02-23T20:00:38.7370543Z env:
handle-success	Run echo "[Ka0S] Audit Pods Success in runid 22322557858 initiated."	2026-02-23T20:00:38.7371453Z   KAOS_MODULE: [Ka0S] Audit Pods
handle-success	Run echo "[Ka0S] Audit Pods Success in runid 22322557858 initiated."	2026-02-23T20:00:38.7372526Z   KAOS_CODE: 22322557858
handle-success	Run echo "[Ka0S] Audit Pods Success in runid 22322557858 initiated."	2026-02-23T20:00:38.7373453Z ##[endgroup]
handle-success	Run echo "[Ka0S] Audit Pods Success in runid 22322557858 initiated."	2026-02-23T20:00:38.8050696Z [Ka0S] Audit Pods Success in runid 22322557858 initiated.
handle-success	Complete job	ï»¿2026-02-23T20:00:38.8352379Z Cleaning up orphan processes
end-workflow	Set up job	ï»¿2026-02-23T20:00:52.2250030Z Current runner version: '2.331.0'
end-workflow	Set up job	2026-02-23T20:00:52.2259713Z Runner name: 'swarm-runners-scaleset-hkss5-runner-4hg28'
end-workflow	Set up job	2026-02-23T20:00:52.2261071Z Runner group name: 'Default'
end-workflow	Set up job	2026-02-23T20:00:52.2262144Z Machine name: 'swarm-runners-scaleset-hkss5-runner-4hg28'
end-workflow	Set up job	2026-02-23T20:00:52.2266044Z ##[group]GITHUB_TOKEN Permissions
end-workflow	Set up job	2026-02-23T20:00:52.2268877Z Actions: write
end-workflow	Set up job	2026-02-23T20:00:52.2269746Z Contents: write
end-workflow	Set up job	2026-02-23T20:00:52.2270417Z Issues: write
end-workflow	Set up job	2026-02-23T20:00:52.2271423Z Metadata: read
end-workflow	Set up job	2026-02-23T20:00:52.2272025Z ##[endgroup]
end-workflow	Set up job	2026-02-23T20:00:52.2274303Z Secret source: Actions
end-workflow	Set up job	2026-02-23T20:00:52.2275015Z Prepare workflow directory
end-workflow	Set up job	2026-02-23T20:00:52.2835116Z Prepare all required actions
end-workflow	Set up job	2026-02-23T20:00:52.2878865Z Getting action download info
end-workflow	Set up job	2026-02-23T20:00:52.8363709Z Download action repository 'actions/checkout@v4' (SHA:34e114876b0b11c390a56381ad16ebd13914f8d5)
end-workflow	Set up job	2026-02-23T20:00:53.6819560Z Complete job name: end-workflow
end-workflow	Checkout Repository	ï»¿2026-02-23T20:00:53.7464543Z ##[group]Run actions/checkout@v4
end-workflow	Checkout Repository	2026-02-23T20:00:53.7465464Z with:
end-workflow	Checkout Repository	2026-02-23T20:00:53.7465860Z   fetch-depth: 0
end-workflow	Checkout Repository	2026-02-23T20:00:53.7466271Z   repository: Ka0s-Klaus/ka0s
end-workflow	Checkout Repository	2026-02-23T20:00:53.7466953Z   token: ***
end-workflow	Checkout Repository	2026-02-23T20:00:53.7467338Z   ssh-strict: true
end-workflow	Checkout Repository	2026-02-23T20:00:53.7467726Z   ssh-user: git
end-workflow	Checkout Repository	2026-02-23T20:00:53.7468298Z   persist-credentials: true
end-workflow	Checkout Repository	2026-02-23T20:00:53.7468756Z   clean: true
end-workflow	Checkout Repository	2026-02-23T20:00:53.7469178Z   sparse-checkout-cone-mode: true
end-workflow	Checkout Repository	2026-02-23T20:00:53.7469674Z   fetch-tags: false
end-workflow	Checkout Repository	2026-02-23T20:00:53.7470089Z   show-progress: true
end-workflow	Checkout Repository	2026-02-23T20:00:53.7470816Z   lfs: false
end-workflow	Checkout Repository	2026-02-23T20:00:53.7471197Z   submodules: false
end-workflow	Checkout Repository	2026-02-23T20:00:53.7471605Z   set-safe-directory: true
end-workflow	Checkout Repository	2026-02-23T20:00:53.7472307Z env:
end-workflow	Checkout Repository	2026-02-23T20:00:53.7472697Z   KAOS_MODULE: [Ka0S] Audit Pods
end-workflow	Checkout Repository	2026-02-23T20:00:53.7473177Z   KAOS_CODE: 22322557858
end-workflow	Checkout Repository	2026-02-23T20:00:53.7473598Z ##[endgroup]
end-workflow	Checkout Repository	2026-02-23T20:00:53.8921099Z Syncing repository: Ka0s-Klaus/ka0s
end-workflow	Checkout Repository	2026-02-23T20:00:53.8923173Z ##[group]Getting Git version info
end-workflow	Checkout Repository	2026-02-23T20:00:53.8923957Z Working directory is '/home/runner/_work/ka0s/ka0s'
end-workflow	Checkout Repository	2026-02-23T20:00:53.8924881Z [command]/usr/bin/git version
end-workflow	Checkout Repository	2026-02-23T20:00:53.8935715Z git version 2.52.0
end-workflow	Checkout Repository	2026-02-23T20:00:53.8987777Z ##[endgroup]
end-workflow	Checkout Repository	2026-02-23T20:00:53.9016402Z Temporarily overriding HOME='/home/runner/_work/_temp/eba1f9e4-d526-46c9-be7a-4cccfa0247f4' before making global git config changes
end-workflow	Checkout Repository	2026-02-23T20:00:53.9017925Z Adding repository directory to the temporary git global config as a safe directory
end-workflow	Checkout Repository	2026-02-23T20:00:53.9027327Z [command]/usr/bin/git config --global --add safe.directory /home/runner/_work/ka0s/ka0s
end-workflow	Checkout Repository	2026-02-23T20:00:53.9104909Z Deleting the contents of '/home/runner/_work/ka0s/ka0s'
end-workflow	Checkout Repository	2026-02-23T20:00:53.9116970Z ##[group]Initializing the repository
end-workflow	Checkout Repository	2026-02-23T20:00:53.9123012Z [command]/usr/bin/git init /home/runner/_work/ka0s/ka0s
end-workflow	Checkout Repository	2026-02-23T20:00:53.9209124Z hint: Using 'master' as the name for the initial branch. This default branch name
end-workflow	Checkout Repository	2026-02-23T20:00:53.9210244Z hint: will change to "main" in Git 3.0. To configure the initial branch name
end-workflow	Checkout Repository	2026-02-23T20:00:53.9224538Z hint: to use in all of your new repositories, which will suppress this warning,
end-workflow	Checkout Repository	2026-02-23T20:00:53.9225535Z hint: call:
end-workflow	Checkout Repository	2026-02-23T20:00:53.9225899Z hint:
end-workflow	Checkout Repository	2026-02-23T20:00:53.9226372Z hint: 	git config --global init.defaultBranch <name>
end-workflow	Checkout Repository	2026-02-23T20:00:53.9226941Z hint:
end-workflow	Checkout Repository	2026-02-23T20:00:53.9227469Z hint: Names commonly chosen instead of 'master' are 'main', 'trunk' and
end-workflow	Checkout Repository	2026-02-23T20:00:53.9228342Z hint: 'development'. The just-created branch can be renamed via this command:
end-workflow	Checkout Repository	2026-02-23T20:00:53.9229028Z hint:
end-workflow	Checkout Repository	2026-02-23T20:00:53.9229390Z hint: 	git branch -m <name>
end-workflow	Checkout Repository	2026-02-23T20:00:53.9229818Z hint:
end-workflow	Checkout Repository	2026-02-23T20:00:53.9231107Z hint: Disable this message with "git config set advice.defaultBranchName false"
end-workflow	Checkout Repository	2026-02-23T20:00:53.9232456Z Initialized empty Git repository in /home/runner/_work/ka0s/ka0s/.git/
end-workflow	Checkout Repository	2026-02-23T20:00:53.9234162Z [command]/usr/bin/git remote add origin https://github.com/Ka0s-Klaus/ka0s
end-workflow	Checkout Repository	2026-02-23T20:00:53.9498155Z ##[endgroup]
end-workflow	Checkout Repository	2026-02-23T20:00:53.9507468Z ##[group]Disabling automatic garbage collection
end-workflow	Checkout Repository	2026-02-23T20:00:53.9508283Z [command]/usr/bin/git config --local gc.auto 0
end-workflow	Checkout Repository	2026-02-23T20:00:53.9541258Z ##[endgroup]
end-workflow	Checkout Repository	2026-02-23T20:00:53.9542133Z ##[group]Setting up auth
end-workflow	Checkout Repository	2026-02-23T20:00:53.9550521Z [command]/usr/bin/git config --local --name-only --get-regexp core\.sshCommand
end-workflow	Checkout Repository	2026-02-23T20:00:53.9599334Z [command]/usr/bin/git submodule foreach --recursive sh -c "git config --local --name-only --get-regexp 'core\.sshCommand' && git config --local --unset-all 'core.sshCommand' || :"
end-workflow	Checkout Repository	2026-02-23T20:00:53.9955164Z [command]/usr/bin/git config --local --name-only --get-regexp http\.https\:\/\/github\.com\/\.extraheader
end-workflow	Checkout Repository	2026-02-23T20:00:53.9998656Z [command]/usr/bin/git submodule foreach --recursive sh -c "git config --local --name-only --get-regexp 'http\.https\:\/\/github\.com\/\.extraheader' && git config --local --unset-all 'http.https://github.com/.extraheader' || :"
end-workflow	Checkout Repository	2026-02-23T20:00:54.0362981Z [command]/usr/bin/git config --local --name-only --get-regexp ^includeIf\.gitdir:
end-workflow	Checkout Repository	2026-02-23T20:00:54.0414788Z [command]/usr/bin/git submodule foreach --recursive git config --local --show-origin --name-only --get-regexp remote.origin.url
end-workflow	Checkout Repository	2026-02-23T20:00:54.0774215Z [command]/usr/bin/git config --local http.https://github.com/.extraheader AUTHORIZATION: basic ***
end-workflow	Checkout Repository	2026-02-23T20:00:54.0822757Z ##[endgroup]
end-workflow	Checkout Repository	2026-02-23T20:00:54.0823718Z ##[group]Fetching the repository
end-workflow	Checkout Repository	2026-02-23T20:00:54.0845337Z [command]/usr/bin/git -c protocol.version=2 fetch --prune --no-recurse-submodules origin +refs/heads/*:refs/remotes/origin/* +refs/tags/*:refs/tags/*
end-workflow	Checkout Repository	2026-02-23T20:01:15.1981106Z From https://github.com/Ka0s-Klaus/ka0s
end-workflow	Checkout Repository	2026-02-23T20:01:15.1982849Z  * [new branch]          F3450-modelo-operativo -> origin/F3450-modelo-operativo
end-workflow	Checkout Repository	2026-02-23T20:01:15.1983546Z  * [new branch]          H1276-modulo-observabilidad -> origin/H1276-modulo-observabilidad
end-workflow	Checkout Repository	2026-02-23T20:01:15.1984433Z  * [new branch]          H3596-deploy-itop      -> origin/H3596-deploy-itop
end-workflow	Checkout Repository	2026-02-23T20:01:15.1985305Z  * [new branch]          H4170-flujo-detallado-zabbix---github -> origin/H4170-flujo-detallado-zabbix---github
end-workflow	Checkout Repository	2026-02-23T20:01:15.1986038Z  * [new branch]          H4191-request-cambios  -> origin/H4191-request-cambios
end-workflow	Checkout Repository	2026-02-23T20:01:15.1986886Z  * [new branch]          H4200-request-recomendaciones-de-auditoria -> origin/H4200-request-recomendaciones-de-auditoria
end-workflow	Checkout Repository	2026-02-23T20:01:15.1987629Z  * [new branch]          main                   -> origin/main
end-workflow	Checkout Repository	2026-02-23T20:01:15.1988085Z  * [new tag]             0.0.0                  -> 0.0.0
end-workflow	Checkout Repository	2026-02-23T20:01:15.1988508Z  * [new tag]             0.0.1                  -> 0.0.1
end-workflow	Checkout Repository	2026-02-23T20:01:15.1988927Z  * [new tag]             0.0.10                 -> 0.0.10
end-workflow	Checkout Repository	2026-02-23T20:01:15.1989371Z  * [new tag]             0.0.100                -> 0.0.100
end-workflow	Checkout Repository	2026-02-23T20:01:15.1989812Z  * [new tag]             0.0.101                -> 0.0.101
end-workflow	Checkout Repository	2026-02-23T20:01:15.1990250Z  * [new tag]             0.0.102                -> 0.0.102
end-workflow	Checkout Repository	2026-02-23T20:01:15.1990874Z  * [new tag]             0.0.103                -> 0.0.103
end-workflow	Checkout Repository	2026-02-23T20:01:15.1991519Z  * [new tag]             0.0.104                -> 0.0.104
end-workflow	Checkout Repository	2026-02-23T20:01:15.1992099Z  * [new tag]             0.0.105                -> 0.0.105
end-workflow	Checkout Repository	2026-02-23T20:01:15.1992692Z  * [new tag]             0.0.106                -> 0.0.106
end-workflow	Checkout Repository	2026-02-23T20:01:15.1993346Z  * [new tag]             0.0.107                -> 0.0.107
end-workflow	Checkout Repository	2026-02-23T20:01:15.1993906Z  * [new tag]             0.0.108                -> 0.0.108
end-workflow	Checkout Repository	2026-02-23T20:01:15.1994505Z  * [new tag]             0.0.109                -> 0.0.109
end-workflow	Checkout Repository	2026-02-23T20:01:15.1995039Z  * [new tag]             0.0.11                 -> 0.0.11
end-workflow	Checkout Repository	2026-02-23T20:01:15.1995676Z  * [new tag]             0.0.110                -> 0.0.110
end-workflow	Checkout Repository	2026-02-23T20:01:15.1996267Z  * [new tag]             0.0.111                -> 0.0.111
end-workflow	Checkout Repository	2026-02-23T20:01:15.1996812Z  * [new tag]             0.0.112                -> 0.0.112
end-workflow	Checkout Repository	2026-02-23T20:01:15.1997453Z  * [new tag]             0.0.113                -> 0.0.113
end-workflow	Checkout Repository	2026-02-23T20:01:15.2000112Z  * [new tag]             0.0.114                -> 0.0.114
end-workflow	Checkout Repository	2026-02-23T20:01:15.2006907Z  * [new tag]             0.0.115                -> 0.0.115
end-workflow	Checkout Repository	2026-02-23T20:01:15.2007412Z  * [new tag]             0.0.116                -> 0.0.116
end-workflow	Checkout Repository	2026-02-23T20:01:15.2007879Z  * [new tag]             0.0.117                -> 0.0.117
end-workflow	Checkout Repository	2026-02-23T20:01:15.2008356Z  * [new tag]             0.0.118                -> 0.0.118
end-workflow	Checkout Repository	2026-02-23T20:01:15.2008749Z  * [new tag]             0.0.119                -> 0.0.119
end-workflow	Checkout Repository	2026-02-23T20:01:15.2009155Z  * [new tag]             0.0.12                 -> 0.0.12
end-workflow	Checkout Repository	2026-02-23T20:01:15.2009548Z  * [new tag]             0.0.120                -> 0.0.120
end-workflow	Checkout Repository	2026-02-23T20:01:15.2009939Z  * [new tag]             0.0.121                -> 0.0.121
end-workflow	Checkout Repository	2026-02-23T20:01:15.2010729Z  * [new tag]             0.0.122                -> 0.0.122
end-workflow	Checkout Repository	2026-02-23T20:01:15.2011174Z  * [new tag]             0.0.123                -> 0.0.123
end-workflow	Checkout Repository	2026-02-23T20:01:15.2012678Z  * [new tag]             0.0.124                -> 0.0.124
end-workflow	Checkout Repository	2026-02-23T20:01:15.2013100Z  * [new tag]             0.0.125                -> 0.0.125
end-workflow	Checkout Repository	2026-02-23T20:01:15.2013500Z  * [new tag]             0.0.126                -> 0.0.126
end-workflow	Checkout Repository	2026-02-23T20:01:15.2013885Z  * [new tag]             0.0.127                -> 0.0.127
end-workflow	Checkout Repository	2026-02-23T20:01:15.2014276Z  * [new tag]             0.0.128                -> 0.0.128
end-workflow	Checkout Repository	2026-02-23T20:01:15.2014669Z  * [new tag]             0.0.129                -> 0.0.129
end-workflow	Checkout Repository	2026-02-23T20:01:15.2015065Z  * [new tag]             0.0.13                 -> 0.0.13
end-workflow	Checkout Repository	2026-02-23T20:01:15.2015466Z  * [new tag]             0.0.130                -> 0.0.130
end-workflow	Checkout Repository	2026-02-23T20:01:15.2015863Z  * [new tag]             0.0.131                -> 0.0.131
end-workflow	Checkout Repository	2026-02-23T20:01:15.2016261Z  * [new tag]             0.0.132                -> 0.0.132
end-workflow	Checkout Repository	2026-02-23T20:01:15.2016655Z  * [new tag]             0.0.133                -> 0.0.133
end-workflow	Checkout Repository	2026-02-23T20:01:15.2017058Z  * [new tag]             0.0.134                -> 0.0.134
end-workflow	Checkout Repository	2026-02-23T20:01:15.2017520Z  * [new tag]             0.0.135                -> 0.0.135
end-workflow	Checkout Repository	2026-02-23T20:01:15.2017926Z  * [new tag]             0.0.136                -> 0.0.136
end-workflow	Checkout Repository	2026-02-23T20:01:15.2018319Z  * [new tag]             0.0.137                -> 0.0.137
end-workflow	Checkout Repository	2026-02-23T20:01:15.2018717Z  * [new tag]             0.0.138                -> 0.0.138
end-workflow	Checkout Repository	2026-02-23T20:01:15.2019125Z  * [new tag]             0.0.139                -> 0.0.139
end-workflow	Checkout Repository	2026-02-23T20:01:15.2019522Z  * [new tag]             0.0.14                 -> 0.0.14
end-workflow	Checkout Repository	2026-02-23T20:01:15.2019921Z  * [new tag]             0.0.140                -> 0.0.140
end-workflow	Checkout Repository	2026-02-23T20:01:15.2020901Z  * [new tag]             0.0.141                -> 0.0.141
end-workflow	Checkout Repository	2026-02-23T20:01:15.2021317Z  * [new tag]             0.0.142                -> 0.0.142
end-workflow	Checkout Repository	2026-02-23T20:01:15.2021711Z  * [new tag]             0.0.143                -> 0.0.143
end-workflow	Checkout Repository	2026-02-23T20:01:15.2022101Z  * [new tag]             0.0.144                -> 0.0.144
end-workflow	Checkout Repository	2026-02-23T20:01:15.2022497Z  * [new tag]             0.0.145                -> 0.0.145
end-workflow	Checkout Repository	2026-02-23T20:01:15.2022937Z  * [new tag]             0.0.146                -> 0.0.146
end-workflow	Checkout Repository	2026-02-23T20:01:15.2023331Z  * [new tag]             0.0.147                -> 0.0.147
end-workflow	Checkout Repository	2026-02-23T20:01:15.2023723Z  * [new tag]             0.0.148                -> 0.0.148
end-workflow	Checkout Repository	2026-02-23T20:01:15.2024121Z  * [new tag]             0.0.149                -> 0.0.149
end-workflow	Checkout Repository	2026-02-23T20:01:15.2024542Z  * [new tag]             0.0.15                 -> 0.0.15
end-workflow	Checkout Repository	2026-02-23T20:01:15.2024944Z  * [new tag]             0.0.150                -> 0.0.150
end-workflow	Checkout Repository	2026-02-23T20:01:15.2025337Z  * [new tag]             0.0.151                -> 0.0.151
end-workflow	Checkout Repository	2026-02-23T20:01:15.2025735Z  * [new tag]             0.0.152                -> 0.0.152
end-workflow	Checkout Repository	2026-02-23T20:01:15.2026127Z  * [new tag]             0.0.153                -> 0.0.153
end-workflow	Checkout Repository	2026-02-23T20:01:15.2026531Z  * [new tag]             0.0.154                -> 0.0.154
end-workflow	Checkout Repository	2026-02-23T20:01:15.2026921Z  * [new tag]             0.0.155                -> 0.0.155
end-workflow	Checkout Repository	2026-02-23T20:01:15.2027348Z  * [new tag]             0.0.156                -> 0.0.156
end-workflow	Checkout Repository	2026-02-23T20:01:15.2028078Z  * [new tag]             0.0.157                -> 0.0.157
end-workflow	Checkout Repository	2026-02-23T20:01:15.2028473Z  * [new tag]             0.0.158                -> 0.0.158
end-workflow	Checkout Repository	2026-02-23T20:01:15.2028866Z  * [new tag]             0.0.159                -> 0.0.159
end-workflow	Checkout Repository	2026-02-23T20:01:15.2029262Z  * [new tag]             0.0.16                 -> 0.0.16
end-workflow	Checkout Repository	2026-02-23T20:01:15.2029677Z  * [new tag]             0.0.160                -> 0.0.160
end-workflow	Checkout Repository	2026-02-23T20:01:15.2030072Z  * [new tag]             0.0.161                -> 0.0.161
end-workflow	Checkout Repository	2026-02-23T20:01:15.2030625Z  * [new tag]             0.0.162                -> 0.0.162
end-workflow	Checkout Repository	2026-02-23T20:01:15.2031035Z  * [new tag]             0.0.163                -> 0.0.163
end-workflow	Checkout Repository	2026-02-23T20:01:15.2031438Z  * [new tag]             0.0.164                -> 0.0.164
end-workflow	Checkout Repository	2026-02-23T20:01:15.2031831Z  * [new tag]             0.0.165                -> 0.0.165
end-workflow	Checkout Repository	2026-02-23T20:01:15.2032232Z  * [new tag]             0.0.166                -> 0.0.166
end-workflow	Checkout Repository	2026-02-23T20:01:15.2033025Z  * [new tag]             0.0.167                -> 0.0.167
end-workflow	Checkout Repository	2026-02-23T20:01:15.2033426Z  * [new tag]             0.0.168                -> 0.0.168
end-workflow	Checkout Repository	2026-02-23T20:01:15.2033831Z  * [new tag]             0.0.169                -> 0.0.169
end-workflow	Checkout Repository	2026-02-23T20:01:15.2034228Z  * [new tag]             0.0.17                 -> 0.0.17
end-workflow	Checkout Repository	2026-02-23T20:01:15.2034617Z  * [new tag]             0.0.170                -> 0.0.170
end-workflow	Checkout Repository	2026-02-23T20:01:15.2035008Z  * [new tag]             0.0.171                -> 0.0.171
end-workflow	Checkout Repository	2026-02-23T20:01:15.2035393Z  * [new tag]             0.0.172                -> 0.0.172
end-workflow	Checkout Repository	2026-02-23T20:01:15.2035781Z  * [new tag]             0.0.173                -> 0.0.173
end-workflow	Checkout Repository	2026-02-23T20:01:15.2036178Z  * [new tag]             0.0.174                -> 0.0.174
end-workflow	Checkout Repository	2026-02-23T20:01:15.2036583Z  * [new tag]             0.0.175                -> 0.0.175
end-workflow	Checkout Repository	2026-02-23T20:01:15.2036981Z  * [new tag]             0.0.176                -> 0.0.176
end-workflow	Checkout Repository	2026-02-23T20:01:15.2037369Z  * [new tag]             0.0.177                -> 0.0.177
end-workflow	Checkout Repository	2026-02-23T20:01:15.2037797Z  * [new tag]             0.0.178                -> 0.0.178
end-workflow	Checkout Repository	2026-02-23T20:01:15.2038188Z  * [new tag]             0.0.179                -> 0.0.179
end-workflow	Checkout Repository	2026-02-23T20:01:15.2038580Z  * [new tag]             0.0.18                 -> 0.0.18
end-workflow	Checkout Repository	2026-02-23T20:01:15.2125522Z  * [new tag]             0.0.19                 -> 0.0.19
end-workflow	Checkout Repository	2026-02-23T20:01:15.2126255Z  * [new tag]             0.0.2                  -> 0.0.2
end-workflow	Checkout Repository	2026-02-23T20:01:15.2126675Z  * [new tag]             0.0.20                 -> 0.0.20
end-workflow	Checkout Repository	2026-02-23T20:01:15.2127081Z  * [new tag]             0.0.21                 -> 0.0.21
end-workflow	Checkout Repository	2026-02-23T20:01:15.2127492Z  * [new tag]             0.0.22                 -> 0.0.22
end-workflow	Checkout Repository	2026-02-23T20:01:15.2127896Z  * [new tag]             0.0.23                 -> 0.0.23
end-workflow	Checkout Repository	2026-02-23T20:01:15.2128319Z  * [new tag]             0.0.24                 -> 0.0.24
end-workflow	Checkout Repository	2026-02-23T20:01:15.2128771Z  * [new tag]             0.0.25                 -> 0.0.25
end-workflow	Checkout Repository	2026-02-23T20:01:15.2129351Z  * [new tag]             0.0.26                 -> 0.0.26
end-workflow	Checkout Repository	2026-02-23T20:01:15.2129826Z  * [new tag]             0.0.27                 -> 0.0.27
end-workflow	Checkout Repository	2026-02-23T20:01:15.2151017Z  * [new tag]             0.0.28                 -> 0.0.28
end-workflow	Checkout Repository	2026-02-23T20:01:15.2152487Z  * [new tag]             0.0.29                 -> 0.0.29
end-workflow	Checkout Repository	2026-02-23T20:01:15.2152946Z  * [new tag]             0.0.3                  -> 0.0.3
end-workflow	Checkout Repository	2026-02-23T20:01:15.2153357Z  * [new tag]             0.0.30                 -> 0.0.30
end-workflow	Checkout Repository	2026-02-23T20:01:15.2153757Z  * [new tag]             0.0.31                 -> 0.0.31
end-workflow	Checkout Repository	2026-02-23T20:01:15.2154172Z  * [new tag]             0.0.32                 -> 0.0.32
end-workflow	Checkout Repository	2026-02-23T20:01:15.2154566Z  * [new tag]             0.0.33                 -> 0.0.33
end-workflow	Checkout Repository	2026-02-23T20:01:15.2154980Z  * [new tag]             0.0.34                 -> 0.0.34
end-workflow	Checkout Repository	2026-02-23T20:01:15.2155374Z  * [new tag]             0.0.35                 -> 0.0.35
end-workflow	Checkout Repository	2026-02-23T20:01:15.2155769Z  * [new tag]             0.0.36                 -> 0.0.36
end-workflow	Checkout Repository	2026-02-23T20:01:15.2156240Z  * [new tag]             0.0.37                 -> 0.0.37
end-workflow	Checkout Repository	2026-02-23T20:01:15.2157014Z  * [new tag]             0.0.38                 -> 0.0.38
end-workflow	Checkout Repository	2026-02-23T20:01:15.2157412Z  * [new tag]             0.0.39                 -> 0.0.39
end-workflow	Checkout Repository	2026-02-23T20:01:15.2157801Z  * [new tag]             0.0.4                  -> 0.0.4
end-workflow	Checkout Repository	2026-02-23T20:01:15.2158191Z  * [new tag]             0.0.40                 -> 0.0.40
end-workflow	Checkout Repository	2026-02-23T20:01:15.2158578Z  * [new tag]             0.0.41                 -> 0.0.41
end-workflow	Checkout Repository	2026-02-23T20:01:15.2158970Z  * [new tag]             0.0.42                 -> 0.0.42
end-workflow	Checkout Repository	2026-02-23T20:01:15.2159353Z  * [new tag]             0.0.43                 -> 0.0.43
end-workflow	Checkout Repository	2026-02-23T20:01:15.2159746Z  * [new tag]             0.0.44                 -> 0.0.44
end-workflow	Checkout Repository	2026-02-23T20:01:15.2160135Z  * [new tag]             0.0.45                 -> 0.0.45
end-workflow	Checkout Repository	2026-02-23T20:01:15.2161161Z  * [new tag]             0.0.46                 -> 0.0.46
end-workflow	Checkout Repository	2026-02-23T20:01:15.2161554Z  * [new tag]             0.0.47                 -> 0.0.47
end-workflow	Checkout Repository	2026-02-23T20:01:15.2162194Z  * [new tag]             0.0.48                 -> 0.0.48
end-workflow	Checkout Repository	2026-02-23T20:01:15.2162576Z  * [new tag]             0.0.49                 -> 0.0.49
end-workflow	Checkout Repository	2026-02-23T20:01:15.2162953Z  * [new tag]             0.0.5                  -> 0.0.5
end-workflow	Checkout Repository	2026-02-23T20:01:15.2163331Z  * [new tag]             0.0.50                 -> 0.0.50
end-workflow	Checkout Repository	2026-02-23T20:01:15.2163854Z  * [new tag]             0.0.51                 -> 0.0.51
end-workflow	Checkout Repository	2026-02-23T20:01:15.2164234Z  * [new tag]             0.0.52                 -> 0.0.52
end-workflow	Checkout Repository	2026-02-23T20:01:15.2164612Z  * [new tag]             0.0.53                 -> 0.0.53
end-workflow	Checkout Repository	2026-02-23T20:01:15.2164988Z  * [new tag]             0.0.54                 -> 0.0.54
end-workflow	Checkout Repository	2026-02-23T20:01:15.2165370Z  * [new tag]             0.0.55                 -> 0.0.55
end-workflow	Checkout Repository	2026-02-23T20:01:15.2165753Z  * [new tag]             0.0.56                 -> 0.0.56
end-workflow	Checkout Repository	2026-02-23T20:01:15.2166128Z  * [new tag]             0.0.57                 -> 0.0.57
end-workflow	Checkout Repository	2026-02-23T20:01:15.2166506Z  * [new tag]             0.0.58                 -> 0.0.58
end-workflow	Checkout Repository	2026-02-23T20:01:15.2166900Z  * [new tag]             0.0.59                 -> 0.0.59
end-workflow	Checkout Repository	2026-02-23T20:01:15.2167286Z  * [new tag]             0.0.6                  -> 0.0.6
end-workflow	Checkout Repository	2026-02-23T20:01:15.2167660Z  * [new tag]             0.0.60                 -> 0.0.60
end-workflow	Checkout Repository	2026-02-23T20:01:15.2168040Z  * [new tag]             0.0.61                 -> 0.0.61
end-workflow	Checkout Repository	2026-02-23T20:01:15.2168421Z  * [new tag]             0.0.62                 -> 0.0.62
end-workflow	Checkout Repository	2026-02-23T20:01:15.2168797Z  * [new tag]             0.0.63                 -> 0.0.63
end-workflow	Checkout Repository	2026-02-23T20:01:15.2169177Z  * [new tag]             0.0.64                 -> 0.0.64
end-workflow	Checkout Repository	2026-02-23T20:01:15.2169553Z  * [new tag]             0.0.65                 -> 0.0.65
end-workflow	Checkout Repository	2026-02-23T20:01:15.2169932Z  * [new tag]             0.0.66                 -> 0.0.66
end-workflow	Checkout Repository	2026-02-23T20:01:15.2170742Z  * [new tag]             0.0.67                 -> 0.0.67
end-workflow	Checkout Repository	2026-02-23T20:01:15.2171279Z  * [new tag]             0.0.68                 -> 0.0.68
end-workflow	Checkout Repository	2026-02-23T20:01:15.2171839Z  * [new tag]             0.0.69                 -> 0.0.69
end-workflow	Checkout Repository	2026-02-23T20:01:15.2172358Z  * [new tag]             0.0.7                  -> 0.0.7
end-workflow	Checkout Repository	2026-02-23T20:01:15.2172755Z  * [new tag]             0.0.70                 -> 0.0.70
end-workflow	Checkout Repository	2026-02-23T20:01:15.2173263Z  * [new tag]             0.0.71                 -> 0.0.71
end-workflow	Checkout Repository	2026-02-23T20:01:15.2173651Z  * [new tag]             0.0.72                 -> 0.0.72
end-workflow	Checkout Repository	2026-02-23T20:01:15.2174155Z  * [new tag]             0.0.73                 -> 0.0.73
end-workflow	Checkout Repository	2026-02-23T20:01:15.2174646Z  * [new tag]             0.0.74                 -> 0.0.74
end-workflow	Checkout Repository	2026-02-23T20:01:15.2175041Z  * [new tag]             0.0.75                 -> 0.0.75
end-workflow	Checkout Repository	2026-02-23T20:01:15.2175539Z  * [new tag]             0.0.76                 -> 0.0.76
end-workflow	Checkout Repository	2026-02-23T20:01:15.2175925Z  * [new tag]             0.0.77                 -> 0.0.77
end-workflow	Checkout Repository	2026-02-23T20:01:15.2176421Z  * [new tag]             0.0.78                 -> 0.0.78
end-workflow	Checkout Repository	2026-02-23T20:01:15.2176810Z  * [new tag]             0.0.79                 -> 0.0.79
end-workflow	Checkout Repository	2026-02-23T20:01:15.2177325Z  * [new tag]             0.0.8                  -> 0.0.8
end-workflow	Checkout Repository	2026-02-23T20:01:15.2178070Z  * [new tag]             0.0.80                 -> 0.0.80
end-workflow	Checkout Repository	2026-02-23T20:01:15.2178576Z  * [new tag]             0.0.81                 -> 0.0.81
end-workflow	Checkout Repository	2026-02-23T20:01:15.2178969Z  * [new tag]             0.0.82                 -> 0.0.82
end-workflow	Checkout Repository	2026-02-23T20:01:15.2179468Z  * [new tag]             0.0.83                 -> 0.0.83
end-workflow	Checkout Repository	2026-02-23T20:01:15.2179850Z  * [new tag]             0.0.84                 -> 0.0.84
end-workflow	Checkout Repository	2026-02-23T20:01:15.2180672Z  * [new tag]             0.0.85                 -> 0.0.85
end-workflow	Checkout Repository	2026-02-23T20:01:15.2181306Z  * [new tag]             0.0.86                 -> 0.0.86
end-workflow	Checkout Repository	2026-02-23T20:01:15.2181809Z  * [new tag]             0.0.87                 -> 0.0.87
end-workflow	Checkout Repository	2026-02-23T20:01:15.2182210Z  * [new tag]             0.0.88                 -> 0.0.88
end-workflow	Checkout Repository	2026-02-23T20:01:15.2182717Z  * [new tag]             0.0.89                 -> 0.0.89
end-workflow	Checkout Repository	2026-02-23T20:01:15.2183105Z  * [new tag]             0.0.9                  -> 0.0.9
end-workflow	Checkout Repository	2026-02-23T20:01:15.2183854Z  * [new tag]             0.0.90                 -> 0.0.90
end-workflow	Checkout Repository	2026-02-23T20:01:15.2184372Z  * [new tag]             0.0.91                 -> 0.0.91
end-workflow	Checkout Repository	2026-02-23T20:01:15.2184865Z  * [new tag]             0.0.92                 -> 0.0.92
end-workflow	Checkout Repository	2026-02-23T20:01:15.2185264Z  * [new tag]             0.0.93                 -> 0.0.93
end-workflow	Checkout Repository	2026-02-23T20:01:15.2185754Z  * [new tag]             0.0.94                 -> 0.0.94
end-workflow	Checkout Repository	2026-02-23T20:01:15.2186152Z  * [new tag]             0.0.95                 -> 0.0.95
end-workflow	Checkout Repository	2026-02-23T20:01:15.2186659Z  * [new tag]             0.0.96                 -> 0.0.96
end-workflow	Checkout Repository	2026-02-23T20:01:15.2187039Z  * [new tag]             0.0.97                 -> 0.0.97
end-workflow	Checkout Repository	2026-02-23T20:01:15.2187543Z  * [new tag]             0.0.98                 -> 0.0.98
end-workflow	Checkout Repository	2026-02-23T20:01:15.2188038Z  * [new tag]             0.0.99                 -> 0.0.99
end-workflow	Checkout Repository	2026-02-23T20:01:15.2188434Z  * [new tag]             0.1.0                  -> 0.1.0
end-workflow	Checkout Repository	2026-02-23T20:01:15.2188933Z  * [new tag]             0.1.1                  -> 0.1.1
end-workflow	Checkout Repository	2026-02-23T20:01:15.2189338Z  * [new tag]             0.2.0                  -> 0.2.0
end-workflow	Checkout Repository	2026-02-23T20:01:15.2189840Z  * [new tag]             0.3.0                  -> 0.3.0
end-workflow	Checkout Repository	2026-02-23T20:01:15.2190532Z  * [new tag]             0.3.1                  -> 0.3.1
end-workflow	Checkout Repository	2026-02-23T20:01:15.2191206Z  * [new tag]             0.3.10                 -> 0.3.10
end-workflow	Checkout Repository	2026-02-23T20:01:15.2191604Z  * [new tag]             0.3.11                 -> 0.3.11
end-workflow	Checkout Repository	2026-02-23T20:01:15.2192104Z  * [new tag]             0.3.12                 -> 0.3.12
end-workflow	Checkout Repository	2026-02-23T20:01:15.2192496Z  * [new tag]             0.3.13                 -> 0.3.13
end-workflow	Checkout Repository	2026-02-23T20:01:15.2193001Z  * [new tag]             0.3.14                 -> 0.3.14
end-workflow	Checkout Repository	2026-02-23T20:01:15.2193501Z  * [new tag]             0.3.15                 -> 0.3.15
end-workflow	Checkout Repository	2026-02-23T20:01:15.2193899Z  * [new tag]             0.3.16                 -> 0.3.16
end-workflow	Checkout Repository	2026-02-23T20:01:15.2194391Z  * [new tag]             0.3.17                 -> 0.3.17
end-workflow	Checkout Repository	2026-02-23T20:01:15.2194782Z  * [new tag]             0.3.2                  -> 0.3.2
end-workflow	Checkout Repository	2026-02-23T20:01:15.2195301Z  * [new tag]             0.3.3                  -> 0.3.3
end-workflow	Checkout Repository	2026-02-23T20:01:15.2195799Z  * [new tag]             0.3.4                  -> 0.3.4
end-workflow	Checkout Repository	2026-02-23T20:01:15.2196196Z  * [new tag]             0.3.5                  -> 0.3.5
end-workflow	Checkout Repository	2026-02-23T20:01:15.2196688Z  * [new tag]             0.3.6                  -> 0.3.6
end-workflow	Checkout Repository	2026-02-23T20:01:15.2197074Z  * [new tag]             0.3.7                  -> 0.3.7
end-workflow	Checkout Repository	2026-02-23T20:01:15.2197566Z  * [new tag]             0.3.8                  -> 0.3.8
end-workflow	Checkout Repository	2026-02-23T20:01:15.2198065Z  * [new tag]             0.3.9                  -> 0.3.9
end-workflow	Checkout Repository	2026-02-23T20:01:15.2198456Z  * [new tag]             0.4.0                  -> 0.4.0
end-workflow	Checkout Repository	2026-02-23T20:01:15.2198952Z  * [new tag]             0.4.1                  -> 0.4.1
end-workflow	Checkout Repository	2026-02-23T20:01:15.2199342Z  * [new tag]             0.4.2                  -> 0.4.2
end-workflow	Checkout Repository	2026-02-23T20:01:15.2199842Z  * [new tag]             0.4.3                  -> 0.4.3
end-workflow	Checkout Repository	2026-02-23T20:01:15.2200234Z  * [new tag]             0.4.4                  -> 0.4.4
end-workflow	Checkout Repository	2026-02-23T20:01:15.2201203Z  * [new tag]             0.4.5                  -> 0.4.5
end-workflow	Checkout Repository	2026-02-23T20:01:15.2201843Z  * [new tag]             0.4.6                  -> 0.4.6
end-workflow	Checkout Repository	2026-02-23T20:01:15.2202329Z  * [new tag]             0.4.7                  -> 0.4.7
end-workflow	Checkout Repository	2026-02-23T20:01:15.2202724Z  * [new tag]             0.4.8                  -> 0.4.8
end-workflow	Checkout Repository	2026-02-23T20:01:15.2203214Z  * [new tag]             0.4.9                  -> 0.4.9
end-workflow	Checkout Repository	2026-02-23T20:01:15.2203600Z  * [new tag]             0.5.0                  -> 0.5.0
end-workflow	Checkout Repository	2026-02-23T20:01:15.2204110Z  * [new tag]             0.5.1                  -> 0.5.1
end-workflow	Checkout Repository	2026-02-23T20:01:15.2204595Z  * [new tag]             0.5.2                  -> 0.5.2
end-workflow	Checkout Repository	2026-02-23T20:01:15.2204994Z  * [new tag]             0.6.0                  -> 0.6.0
end-workflow	Checkout Repository	2026-02-23T20:01:15.2205478Z  * [new tag]             0.6.1                  -> 0.6.1
end-workflow	Checkout Repository	2026-02-23T20:01:15.2205868Z  * [new tag]             0.6.2                  -> 0.6.2
end-workflow	Checkout Repository	2026-02-23T20:01:15.2206575Z  * [new tag]             0.6.3                  -> 0.6.3
end-workflow	Checkout Repository	2026-02-23T20:01:15.2207233Z  * [new tag]             0.6.4                  -> 0.6.4
end-workflow	Checkout Repository	2026-02-23T20:01:15.2207862Z  * [new tag]             0.6.5                  -> 0.6.5
end-workflow	Checkout Repository	2026-02-23T20:01:15.2406498Z [command]/usr/bin/git branch --list --remote origin/main
end-workflow	Checkout Repository	2026-02-23T20:01:15.2492442Z   origin/main
end-workflow	Checkout Repository	2026-02-23T20:01:15.2503174Z [command]/usr/bin/git rev-parse refs/remotes/origin/main
end-workflow	Checkout Repository	2026-02-23T20:01:15.2536027Z f71eb2337cb86210f58ac4b00182477dae8a3dff
end-workflow	Checkout Repository	2026-02-23T20:01:15.2555385Z [command]/usr/bin/git -c protocol.version=2 fetch --no-tags --prune --no-recurse-submodules origin +6fe0fc4f3ef74b7d0369cfd9ac289efce0b9384f:refs/remotes/origin/main
end-workflow	Checkout Repository	2026-02-23T20:01:15.2762847Z From https://github.com/Ka0s-Klaus/ka0s
end-workflow	Checkout Repository	2026-02-23T20:01:15.2772561Z  + f71eb2337...6fe0fc4f3 6fe0fc4f3ef74b7d0369cfd9ac289efce0b9384f -> origin/main  (forced update)
end-workflow	Checkout Repository	2026-02-23T20:01:15.2802055Z ##[endgroup]
end-workflow	Checkout Repository	2026-02-23T20:01:15.2802765Z ##[group]Determining the checkout info
end-workflow	Checkout Repository	2026-02-23T20:01:15.2803318Z ##[endgroup]
end-workflow	Checkout Repository	2026-02-23T20:01:15.2812641Z [command]/usr/bin/git sparse-checkout disable
end-workflow	Checkout Repository	2026-02-23T20:01:15.2871186Z [command]/usr/bin/git config --local --unset-all extensions.worktreeConfig
end-workflow	Checkout Repository	2026-02-23T20:01:15.2920108Z ##[group]Checking out the ref
end-workflow	Checkout Repository	2026-02-23T20:01:15.2922513Z [command]/usr/bin/git checkout --progress --force -B main refs/remotes/origin/main
end-workflow	Checkout Repository	2026-02-23T20:01:15.5442363Z Switched to a new branch 'main'
end-workflow	Checkout Repository	2026-02-23T20:01:15.5453818Z branch 'main' set up to track 'origin/main'.
end-workflow	Checkout Repository	2026-02-23T20:01:15.5488927Z ##[endgroup]
end-workflow	Checkout Repository	2026-02-23T20:01:15.5545800Z [command]/usr/bin/git log -1 --format=%H
end-workflow	Checkout Repository	2026-02-23T20:01:15.5578281Z 6fe0fc4f3ef74b7d0369cfd9ac289efce0b9384f
end-workflow	Install GH CLI	ï»¿2026-02-23T20:01:15.5889765Z Prepare all required actions
end-workflow	Install GH CLI	2026-02-23T20:01:15.5972648Z ##[group]Run ./.github/actions/install-gh-cli
end-workflow	Install GH CLI	2026-02-23T20:01:15.5973028Z env:
end-workflow	Install GH CLI	2026-02-23T20:01:15.5973262Z   KAOS_MODULE: [Ka0S] Audit Pods
end-workflow	Install GH CLI	2026-02-23T20:01:15.5973549Z   KAOS_CODE: 22322557858
end-workflow	Install GH CLI	2026-02-23T20:01:15.5973803Z ##[endgroup]
end-workflow	Install GH CLI	2026-02-23T20:01:15.6084541Z ##[group]Run type -p curl >/dev/null || (sudo apt-get update && sudo apt-get install curl -y)
end-workflow	Install GH CLI	2026-02-23T20:01:15.6085326Z [36;1mtype -p curl >/dev/null || (sudo apt-get update && sudo apt-get install curl -y)[0m
end-workflow	Install GH CLI	2026-02-23T20:01:15.6086251Z [36;1mcurl -fsSL https://cli.github.com/packages/githubcli-archive-keyring.gpg | sudo dd of=/usr/share/keyrings/githubcli-archive-keyring.gpg \[0m
end-workflow	Install GH CLI	2026-02-23T20:01:15.6087114Z [36;1m&& sudo chmod go+r /usr/share/keyrings/githubcli-archive-keyring.gpg \[0m
end-workflow	Install GH CLI	2026-02-23T20:01:15.6088294Z [36;1m&& echo "deb [arch=$(dpkg --print-architecture) signed-by=/usr/share/keyrings/githubcli-archive-keyring.gpg] https://cli.github.com/packages stable main" | sudo tee /etc/apt/sources.list.d/github-cli.list > /dev/null \[0m
end-workflow	Install GH CLI	2026-02-23T20:01:15.6089401Z [36;1m&& sudo apt-get update \[0m
end-workflow	Install GH CLI	2026-02-23T20:01:15.6089879Z [36;1m&& sudo apt-get install gh -y[0m
end-workflow	Install GH CLI	2026-02-23T20:01:15.6109712Z shell: /usr/bin/bash --noprofile --norc -e -o pipefail {0}
end-workflow	Install GH CLI	2026-02-23T20:01:15.6110157Z env:
end-workflow	Install GH CLI	2026-02-23T20:01:15.6111225Z   KAOS_MODULE: [Ka0S] Audit Pods
end-workflow	Install GH CLI	2026-02-23T20:01:15.6111524Z   KAOS_CODE: 22322557858
end-workflow	Install GH CLI	2026-02-23T20:01:15.6111793Z ##[endgroup]
end-workflow	Install GH CLI	2026-02-23T20:01:15.6923252Z 4+1 records in
end-workflow	Install GH CLI	2026-02-23T20:01:15.6924180Z 4+1 records out
end-workflow	Install GH CLI	2026-02-23T20:01:15.6924576Z 2270 bytes (2.3 kB, 2.2 KiB) copied, 0.0538323 s, 42.2 kB/s
end-workflow	Install GH CLI	2026-02-23T20:01:15.8634161Z Get:1 https://cli.github.com/packages stable InRelease [3917 B]
end-workflow	Install GH CLI	2026-02-23T20:01:16.0217802Z Get:2 http://archive.ubuntu.com/ubuntu noble InRelease [256 kB]
end-workflow	Install GH CLI	2026-02-23T20:01:16.0540106Z Get:3 https://ppa.launchpadcontent.net/git-core/ppa/ubuntu noble InRelease [24.3 kB]
end-workflow	Install GH CLI	2026-02-23T20:01:16.0626925Z Get:4 https://cli.github.com/packages stable/main amd64 Packages [357 B]
end-workflow	Install GH CLI	2026-02-23T20:01:16.0929763Z Get:5 http://security.ubuntu.com/ubuntu noble-security InRelease [126 kB]
end-workflow	Install GH CLI	2026-02-23T20:01:16.1725662Z Get:6 https://ppa.launchpadcontent.net/git-core/ppa/ubuntu noble/main amd64 Packages [2992 B]
end-workflow	Install GH CLI	2026-02-23T20:01:16.5765710Z Get:7 http://archive.ubuntu.com/ubuntu noble-updates InRelease [126 kB]
end-workflow	Install GH CLI	2026-02-23T20:01:16.6305285Z Get:8 http://security.ubuntu.com/ubuntu noble-security/universe amd64 Packages [1208 kB]
end-workflow	Install GH CLI	2026-02-23T20:01:16.7108301Z Get:9 http://archive.ubuntu.com/ubuntu noble-backports InRelease [126 kB]
end-workflow	Install GH CLI	2026-02-23T20:01:16.8464023Z Get:10 http://archive.ubuntu.com/ubuntu noble/restricted amd64 Packages [117 kB]
end-workflow	Install GH CLI	2026-02-23T20:01:16.8807980Z Get:11 http://archive.ubuntu.com/ubuntu noble/universe amd64 Packages [19.3 MB]
end-workflow	Install GH CLI	2026-02-23T20:01:17.0929486Z Get:12 http://security.ubuntu.com/ubuntu noble-security/main amd64 Packages [1861 kB]
end-workflow	Install GH CLI	2026-02-23T20:01:17.2224413Z Get:13 http://security.ubuntu.com/ubuntu noble-security/restricted amd64 Packages [3209 kB]
end-workflow	Install GH CLI	2026-02-23T20:01:17.3401186Z Get:14 http://security.ubuntu.com/ubuntu noble-security/multiverse amd64 Packages [34.8 kB]
end-workflow	Install GH CLI	2026-02-23T20:01:17.6548918Z Get:15 http://archive.ubuntu.com/ubuntu noble/main amd64 Packages [1808 kB]
end-workflow	Install GH CLI	2026-02-23T20:01:17.6684548Z Get:16 http://archive.ubuntu.com/ubuntu noble/multiverse amd64 Packages [331 kB]
end-workflow	Install GH CLI	2026-02-23T20:01:17.6721730Z Get:17 http://archive.ubuntu.com/ubuntu noble-updates/universe amd64 Packages [2016 kB]
end-workflow	Install GH CLI	2026-02-23T20:01:17.7194065Z Get:18 http://archive.ubuntu.com/ubuntu noble-updates/multiverse amd64 Packages [38.1 kB]
end-workflow	Install GH CLI	2026-02-23T20:01:17.7199184Z Get:19 http://archive.ubuntu.com/ubuntu noble-updates/main amd64 Packages [2253 kB]
end-workflow	Install GH CLI	2026-02-23T20:01:17.7742823Z Get:20 http://archive.ubuntu.com/ubuntu noble-updates/restricted amd64 Packages [3409 kB]
end-workflow	Install GH CLI	2026-02-23T20:01:17.8747742Z Get:21 http://archive.ubuntu.com/ubuntu noble-backports/main amd64 Packages [49.5 kB]
end-workflow	Install GH CLI	2026-02-23T20:01:17.8760510Z Get:22 http://archive.ubuntu.com/ubuntu noble-backports/universe amd64 Packages [34.6 kB]
end-workflow	Install GH CLI	2026-02-23T20:01:18.9758544Z Fetched 36.4 MB in 3s (11.4 MB/s)
end-workflow	Install GH CLI	2026-02-23T20:01:19.9586543Z Reading package lists...
end-workflow	Install GH CLI	2026-02-23T20:01:21.0235646Z Reading package lists...
end-workflow	Install GH CLI	2026-02-23T20:01:21.2857335Z Building dependency tree...
end-workflow	Install GH CLI	2026-02-23T20:01:21.2858317Z Reading state information...
end-workflow	Install GH CLI	2026-02-23T20:01:21.6951698Z The following NEW packages will be installed:
end-workflow	Install GH CLI	2026-02-23T20:01:21.6975554Z   gh
end-workflow	Install GH CLI	2026-02-23T20:01:21.8224723Z 0 upgraded, 1 newly installed, 0 to remove and 26 not upgraded.
end-workflow	Install GH CLI	2026-02-23T20:01:21.8225207Z Need to get 13.8 MB of archives.
end-workflow	Install GH CLI	2026-02-23T20:01:21.8225586Z After this operation, 38.5 MB of additional disk space will be used.
end-workflow	Install GH CLI	2026-02-23T20:01:21.8226282Z Get:1 https://cli.github.com/packages stable/main amd64 gh amd64 2.87.3 [13.8 MB]
end-workflow	Install GH CLI	2026-02-23T20:01:22.6324203Z debconf: delaying package configuration, since apt-utils is not installed
end-workflow	Install GH CLI	2026-02-23T20:01:22.6839224Z Fetched 13.8 MB in 1s (18.4 MB/s)
end-workflow	Install GH CLI	2026-02-23T20:01:22.7117292Z Selecting previously unselected package gh.
end-workflow	Install GH CLI	2026-02-23T20:01:22.7157495Z (Reading database ... 
end-workflow	Install GH CLI	2026-02-23T20:01:22.7157810Z (Reading database ... 5%
end-workflow	Install GH CLI	2026-02-23T20:01:22.7158167Z (Reading database ... 10%
end-workflow	Install GH CLI	2026-02-23T20:01:22.7158404Z (Reading database ... 15%
end-workflow	Install GH CLI	2026-02-23T20:01:22.7158628Z (Reading database ... 20%
end-workflow	Install GH CLI	2026-02-23T20:01:22.7158855Z (Reading database ... 25%
end-workflow	Install GH CLI	2026-02-23T20:01:22.7159423Z (Reading database ... 30%
end-workflow	Install GH CLI	2026-02-23T20:01:22.7159654Z (Reading database ... 35%
end-workflow	Install GH CLI	2026-02-23T20:01:22.7159878Z (Reading database ... 40%
end-workflow	Install GH CLI	2026-02-23T20:01:22.7160098Z (Reading database ... 45%
end-workflow	Install GH CLI	2026-02-23T20:01:22.7162057Z (Reading database ... 50%
end-workflow	Install GH CLI	2026-02-23T20:01:22.7162289Z (Reading database ... 55%
end-workflow	Install GH CLI	2026-02-23T20:01:22.7162518Z (Reading database ... 60%
end-workflow	Install GH CLI	2026-02-23T20:01:22.7166714Z (Reading database ... 65%
end-workflow	Install GH CLI	2026-02-23T20:01:22.7187713Z (Reading database ... 70%
end-workflow	Install GH CLI	2026-02-23T20:01:22.7210985Z (Reading database ... 75%
end-workflow	Install GH CLI	2026-02-23T20:01:22.7211908Z (Reading database ... 80%
end-workflow	Install GH CLI	2026-02-23T20:01:22.7212312Z (Reading database ... 85%
end-workflow	Install GH CLI	2026-02-23T20:01:22.7225609Z (Reading database ... 90%
end-workflow	Install GH CLI	2026-02-23T20:01:22.7247819Z (Reading database ... 95%
end-workflow	Install GH CLI	2026-02-23T20:01:22.7248142Z (Reading database ... 100%
end-workflow	Install GH CLI	2026-02-23T20:01:22.7248632Z (Reading database ... 14385 files and directories currently installed.)
end-workflow	Install GH CLI	2026-02-23T20:01:22.7254357Z Preparing to unpack .../archives/gh_2.87.3_amd64.deb ...
end-workflow	Install GH CLI	2026-02-23T20:01:22.7291318Z Unpacking gh (2.87.3) ...
end-workflow	Install GH CLI	2026-02-23T20:01:22.9580166Z Setting up gh (2.87.3) ...
end-workflow	Trigger Inspector	ï»¿2026-02-23T20:01:23.0263014Z ##[group]Run echo "ð Triggering Inspector for Audit..."
end-workflow	Trigger Inspector	2026-02-23T20:01:23.0263587Z [36;1mecho "ð Triggering Inspector for Audit..."[0m
end-workflow	Trigger Inspector	2026-02-23T20:01:23.0263921Z [36;1mgh workflow run inspector.yml \[0m
end-workflow	Trigger Inspector	2026-02-23T20:01:23.0264210Z [36;1m  --ref main \[0m
end-workflow	Trigger Inspector	2026-02-23T20:01:23.0264458Z [36;1m  -f kaos-workflow-id="22322557858" \[0m
end-workflow	Trigger Inspector	2026-02-23T20:01:23.0264765Z [36;1m  -f kaos-user-start="santakloud"[0m
end-workflow	Trigger Inspector	2026-02-23T20:01:23.0278581Z shell: /usr/bin/bash -e {0}
end-workflow	Trigger Inspector	2026-02-23T20:01:23.0278831Z env:
end-workflow	Trigger Inspector	2026-02-23T20:01:23.0279033Z   KAOS_MODULE: [Ka0S] Audit Pods
end-workflow	Trigger Inspector	2026-02-23T20:01:23.0279276Z   KAOS_CODE: 22322557858
end-workflow	Trigger Inspector	2026-02-23T20:01:23.0279805Z   GH_TOKEN: ***
end-workflow	Trigger Inspector	2026-02-23T20:01:23.0280003Z ##[endgroup]
end-workflow	Trigger Inspector	2026-02-23T20:01:23.0316563Z ð Triggering Inspector for Audit...
end-workflow	Trigger Inspector	2026-02-23T20:01:25.7548136Z https://github.com/Ka0s-Klaus/ka0s/actions/runs/22322630702
end-workflow	Post Checkout Repository	ï»¿2026-02-23T20:01:25.7748718Z Post job cleanup.
end-workflow	Post Checkout Repository	2026-02-23T20:01:25.8897037Z [command]/usr/bin/git version
end-workflow	Post Checkout Repository	2026-02-23T20:01:25.8943236Z git version 2.52.0
end-workflow	Post Checkout Repository	2026-02-23T20:01:25.8995824Z Temporarily overriding HOME='/home/runner/_work/_temp/0acd82d5-06c5-49f9-8abb-aed2418773d8' before making global git config changes
end-workflow	Post Checkout Repository	2026-02-23T20:01:25.8997023Z Adding repository directory to the temporary git global config as a safe directory
end-workflow	Post Checkout Repository	2026-02-23T20:01:25.9004100Z [command]/usr/bin/git config --global --add safe.directory /home/runner/_work/ka0s/ka0s
end-workflow	Post Checkout Repository	2026-02-23T20:01:25.9049320Z [command]/usr/bin/git config --local --name-only --get-regexp core\.sshCommand
end-workflow	Post Checkout Repository	2026-02-23T20:01:25.9096387Z [command]/usr/bin/git submodule foreach --recursive sh -c "git config --local --name-only --get-regexp 'core\.sshCommand' && git config --local --unset-all 'core.sshCommand' || :"
end-workflow	Post Checkout Repository	2026-02-23T20:01:25.9458861Z [command]/usr/bin/git config --local --name-only --get-regexp http\.https\:\/\/github\.com\/\.extraheader
end-workflow	Post Checkout Repository	2026-02-23T20:01:25.9493197Z http.https://github.com/.extraheader
end-workflow	Post Checkout Repository	2026-02-23T20:01:25.9508016Z [command]/usr/bin/git config --local --unset-all http.https://github.com/.extraheader
end-workflow	Post Checkout Repository	2026-02-23T20:01:25.9552330Z [command]/usr/bin/git submodule foreach --recursive sh -c "git config --local --name-only --get-regexp 'http\.https\:\/\/github\.com\/\.extraheader' && git config --local --unset-all 'http.https://github.com/.extraheader' || :"
end-workflow	Post Checkout Repository	2026-02-23T20:01:25.9903451Z [command]/usr/bin/git config --local --name-only --get-regexp ^includeIf\.gitdir:
end-workflow	Post Checkout Repository	2026-02-23T20:01:25.9946455Z [command]/usr/bin/git submodule foreach --recursive git config --local --show-origin --name-only --get-regexp remote.origin.url
end-workflow	Complete job	ï»¿2026-02-23T20:01:26.0422364Z Cleaning up orphan processes
