audit-cluster	Set up job	ï»¿2026-02-23T19:51:17.2450678Z Current runner version: '2.331.0'
audit-cluster	Set up job	2026-02-23T19:51:17.2459918Z Runner name: 'swarm-runners-scaleset-hkss5-runner-jtwzx'
audit-cluster	Set up job	2026-02-23T19:51:17.2461477Z Runner group name: 'Default'
audit-cluster	Set up job	2026-02-23T19:51:17.2462744Z Machine name: 'swarm-runners-scaleset-hkss5-runner-jtwzx'
audit-cluster	Set up job	2026-02-23T19:51:17.2466967Z ##[group]GITHUB_TOKEN Permissions
audit-cluster	Set up job	2026-02-23T19:51:17.2469846Z Actions: write
audit-cluster	Set up job	2026-02-23T19:51:17.2471529Z Contents: write
audit-cluster	Set up job	2026-02-23T19:51:17.2472327Z Issues: write
audit-cluster	Set up job	2026-02-23T19:51:17.2473036Z Metadata: read
audit-cluster	Set up job	2026-02-23T19:51:17.2473855Z ##[endgroup]
audit-cluster	Set up job	2026-02-23T19:51:17.2476346Z Secret source: Actions
audit-cluster	Set up job	2026-02-23T19:51:17.2477380Z Prepare workflow directory
audit-cluster	Set up job	2026-02-23T19:51:17.3019286Z Prepare all required actions
audit-cluster	Set up job	2026-02-23T19:51:17.3064855Z Getting action download info
audit-cluster	Set up job	2026-02-23T19:51:17.9064641Z Download action repository 'actions/checkout@v4' (SHA:34e114876b0b11c390a56381ad16ebd13914f8d5)
audit-cluster	Set up job	2026-02-23T19:51:18.8199369Z Complete job name: audit-cluster
audit-cluster	Checkout repository	ï»¿2026-02-23T19:51:18.8868540Z ##[group]Run actions/checkout@v4
audit-cluster	Checkout repository	2026-02-23T19:51:18.8869587Z with:
audit-cluster	Checkout repository	2026-02-23T19:51:18.8870239Z   repository: Ka0s-Klaus/ka0s
audit-cluster	Checkout repository	2026-02-23T19:51:18.8871990Z   token: ***
audit-cluster	Checkout repository	2026-02-23T19:51:18.8872478Z   ssh-strict: true
audit-cluster	Checkout repository	2026-02-23T19:51:18.8872977Z   ssh-user: git
audit-cluster	Checkout repository	2026-02-23T19:51:18.8873476Z   persist-credentials: true
audit-cluster	Checkout repository	2026-02-23T19:51:18.8874023Z   clean: true
audit-cluster	Checkout repository	2026-02-23T19:51:18.8874530Z   sparse-checkout-cone-mode: true
audit-cluster	Checkout repository	2026-02-23T19:51:18.8875132Z   fetch-depth: 1
audit-cluster	Checkout repository	2026-02-23T19:51:18.8875625Z   fetch-tags: false
audit-cluster	Checkout repository	2026-02-23T19:51:18.8876122Z   show-progress: true
audit-cluster	Checkout repository	2026-02-23T19:51:18.8876638Z   lfs: false
audit-cluster	Checkout repository	2026-02-23T19:51:18.8877132Z   submodules: false
audit-cluster	Checkout repository	2026-02-23T19:51:18.8877643Z   set-safe-directory: true
audit-cluster	Checkout repository	2026-02-23T19:51:18.8878441Z env:
audit-cluster	Checkout repository	2026-02-23T19:51:18.8878960Z   KAOS_MODULE: [Ka0s] Audit Cluster Status
audit-cluster	Checkout repository	2026-02-23T19:51:18.8879597Z   KAOS_CODE: 22322274739
audit-cluster	Checkout repository	2026-02-23T19:51:18.8880121Z ##[endgroup]
audit-cluster	Checkout repository	2026-02-23T19:51:19.0206226Z Syncing repository: Ka0s-Klaus/ka0s
audit-cluster	Checkout repository	2026-02-23T19:51:19.0209076Z ##[group]Getting Git version info
audit-cluster	Checkout repository	2026-02-23T19:51:19.0210012Z Working directory is '/home/runner/_work/ka0s/ka0s'
audit-cluster	Checkout repository	2026-02-23T19:51:19.0222063Z [command]/usr/bin/git version
audit-cluster	Checkout repository	2026-02-23T19:51:19.0222739Z git version 2.52.0
audit-cluster	Checkout repository	2026-02-23T19:51:19.0224615Z ##[endgroup]
audit-cluster	Checkout repository	2026-02-23T19:51:19.0232341Z Temporarily overriding HOME='/home/runner/_work/_temp/b3268f8d-dd81-4f5a-8b39-f1c09172e4f8' before making global git config changes
audit-cluster	Checkout repository	2026-02-23T19:51:19.0234050Z Adding repository directory to the temporary git global config as a safe directory
audit-cluster	Checkout repository	2026-02-23T19:51:19.0235546Z [command]/usr/bin/git config --global --add safe.directory /home/runner/_work/ka0s/ka0s
audit-cluster	Checkout repository	2026-02-23T19:51:19.0263091Z Deleting the contents of '/home/runner/_work/ka0s/ka0s'
audit-cluster	Checkout repository	2026-02-23T19:51:19.0268057Z ##[group]Initializing the repository
audit-cluster	Checkout repository	2026-02-23T19:51:19.0272278Z [command]/usr/bin/git init /home/runner/_work/ka0s/ka0s
audit-cluster	Checkout repository	2026-02-23T19:51:19.0331992Z hint: Using 'master' as the name for the initial branch. This default branch name
audit-cluster	Checkout repository	2026-02-23T19:51:19.0333336Z hint: will change to "main" in Git 3.0. To configure the initial branch name
audit-cluster	Checkout repository	2026-02-23T19:51:19.0334665Z hint: to use in all of your new repositories, which will suppress this warning,
audit-cluster	Checkout repository	2026-02-23T19:51:19.0335580Z hint: call:
audit-cluster	Checkout repository	2026-02-23T19:51:19.0336077Z hint:
audit-cluster	Checkout repository	2026-02-23T19:51:19.0337003Z hint: 	git config --global init.defaultBranch <name>
audit-cluster	Checkout repository	2026-02-23T19:51:19.0337771Z hint:
audit-cluster	Checkout repository	2026-02-23T19:51:19.0338467Z hint: Names commonly chosen instead of 'master' are 'main', 'trunk' and
audit-cluster	Checkout repository	2026-02-23T19:51:19.0339580Z hint: 'development'. The just-created branch can be renamed via this command:
audit-cluster	Checkout repository	2026-02-23T19:51:19.0351108Z hint:
audit-cluster	Checkout repository	2026-02-23T19:51:19.0351729Z hint: 	git branch -m <name>
audit-cluster	Checkout repository	2026-02-23T19:51:19.0352309Z hint:
audit-cluster	Checkout repository	2026-02-23T19:51:19.0353063Z hint: Disable this message with "git config set advice.defaultBranchName false"
audit-cluster	Checkout repository	2026-02-23T19:51:19.0354288Z Initialized empty Git repository in /home/runner/_work/ka0s/ka0s/.git/
audit-cluster	Checkout repository	2026-02-23T19:51:19.0356274Z [command]/usr/bin/git remote add origin https://github.com/Ka0s-Klaus/ka0s
audit-cluster	Checkout repository	2026-02-23T19:51:19.0397099Z ##[endgroup]
audit-cluster	Checkout repository	2026-02-23T19:51:19.0398742Z ##[group]Disabling automatic garbage collection
audit-cluster	Checkout repository	2026-02-23T19:51:19.0400521Z [command]/usr/bin/git config --local gc.auto 0
audit-cluster	Checkout repository	2026-02-23T19:51:19.0443158Z ##[endgroup]
audit-cluster	Checkout repository	2026-02-23T19:51:19.0444118Z ##[group]Setting up auth
audit-cluster	Checkout repository	2026-02-23T19:51:19.0451918Z [command]/usr/bin/git config --local --name-only --get-regexp core\.sshCommand
audit-cluster	Checkout repository	2026-02-23T19:51:19.0498348Z [command]/usr/bin/git submodule foreach --recursive sh -c "git config --local --name-only --get-regexp 'core\.sshCommand' && git config --local --unset-all 'core.sshCommand' || :"
audit-cluster	Checkout repository	2026-02-23T19:51:19.0835752Z [command]/usr/bin/git config --local --name-only --get-regexp http\.https\:\/\/github\.com\/\.extraheader
audit-cluster	Checkout repository	2026-02-23T19:51:19.0877876Z [command]/usr/bin/git submodule foreach --recursive sh -c "git config --local --name-only --get-regexp 'http\.https\:\/\/github\.com\/\.extraheader' && git config --local --unset-all 'http.https://github.com/.extraheader' || :"
audit-cluster	Checkout repository	2026-02-23T19:51:19.1213166Z [command]/usr/bin/git config --local --name-only --get-regexp ^includeIf\.gitdir:
audit-cluster	Checkout repository	2026-02-23T19:51:19.1256306Z [command]/usr/bin/git submodule foreach --recursive git config --local --show-origin --name-only --get-regexp remote.origin.url
audit-cluster	Checkout repository	2026-02-23T19:51:19.1595599Z [command]/usr/bin/git config --local http.https://github.com/.extraheader AUTHORIZATION: basic ***
audit-cluster	Checkout repository	2026-02-23T19:51:19.1646612Z ##[endgroup]
audit-cluster	Checkout repository	2026-02-23T19:51:19.1647608Z ##[group]Fetching the repository
audit-cluster	Checkout repository	2026-02-23T19:51:19.1666130Z [command]/usr/bin/git -c protocol.version=2 fetch --no-tags --prune --no-recurse-submodules --depth=1 origin +171d15eed1d1186f0a1c4c7ca876347148bfc33a:refs/remotes/origin/main
audit-cluster	Checkout repository	2026-02-23T19:51:22.6678216Z From https://github.com/Ka0s-Klaus/ka0s
audit-cluster	Checkout repository	2026-02-23T19:51:22.6681394Z  * [new ref]         171d15eed1d1186f0a1c4c7ca876347148bfc33a -> origin/main
audit-cluster	Checkout repository	2026-02-23T19:51:22.6750002Z ##[endgroup]
audit-cluster	Checkout repository	2026-02-23T19:51:22.6751504Z ##[group]Determining the checkout info
audit-cluster	Checkout repository	2026-02-23T19:51:22.6752710Z ##[endgroup]
audit-cluster	Checkout repository	2026-02-23T19:51:22.6761386Z [command]/usr/bin/git sparse-checkout disable
audit-cluster	Checkout repository	2026-02-23T19:51:22.6848446Z [command]/usr/bin/git config --local --unset-all extensions.worktreeConfig
audit-cluster	Checkout repository	2026-02-23T19:51:22.6917837Z ##[group]Checking out the ref
audit-cluster	Checkout repository	2026-02-23T19:51:22.6924658Z [command]/usr/bin/git checkout --progress --force -B main refs/remotes/origin/main
audit-cluster	Checkout repository	2026-02-23T19:51:22.9641255Z Switched to a new branch 'main'
audit-cluster	Checkout repository	2026-02-23T19:51:22.9646341Z branch 'main' set up to track 'origin/main'.
audit-cluster	Checkout repository	2026-02-23T19:51:22.9688936Z ##[endgroup]
audit-cluster	Checkout repository	2026-02-23T19:51:22.9739049Z [command]/usr/bin/git log -1 --format=%H
audit-cluster	Checkout repository	2026-02-23T19:51:22.9775727Z 171d15eed1d1186f0a1c4c7ca876347148bfc33a
audit-cluster	Execute Cluster Audit (Status)	ï»¿2026-02-23T19:51:23.0172653Z Prepare all required actions
audit-cluster	Execute Cluster Audit (Status)	2026-02-23T19:51:23.0349150Z ##[group]Run ./.github/actions/ssh-exec
audit-cluster	Execute Cluster Audit (Status)	2026-02-23T19:51:23.0349541Z with:
audit-cluster	Execute Cluster Audit (Status)	2026-02-23T19:51:23.0349969Z   host: ***
audit-cluster	Execute Cluster Audit (Status)	2026-02-23T19:51:23.0350235Z   username: ***
audit-cluster	Execute Cluster Audit (Status)	2026-02-23T19:51:23.0353049Z   key: ***
audit-cluster	Execute Cluster Audit (Status)	2026-02-23T19:51:23.0353303Z   port: ***
audit-cluster	Execute Cluster Audit (Status)	2026-02-23T19:51:23.0353542Z   use-sudo: true
audit-cluster	Execute Cluster Audit (Status)	2026-02-23T19:51:23.0353824Z   pass: ***
audit-cluster	Execute Cluster Audit (Status)	2026-02-23T19:51:23.0354165Z   script-path: devops/core/k8s/audit-services-status.sh
audit-cluster	Execute Cluster Audit (Status)	2026-02-23T19:51:23.0354586Z   remote-results-path: /tmp/results
audit-cluster	Execute Cluster Audit (Status)	2026-02-23T19:51:23.0354928Z   local-results-path: audit/kube/
audit-cluster	Execute Cluster Audit (Status)	2026-02-23T19:51:23.0355273Z   remote-tmp-dir: /tmp
audit-cluster	Execute Cluster Audit (Status)	2026-02-23T19:51:23.0355537Z env:
audit-cluster	Execute Cluster Audit (Status)	2026-02-23T19:51:23.0355792Z   KAOS_MODULE: [Ka0s] Audit Cluster Status
audit-cluster	Execute Cluster Audit (Status)	2026-02-23T19:51:23.0356150Z   KAOS_CODE: 22322274739
audit-cluster	Execute Cluster Audit (Status)	2026-02-23T19:51:23.0356452Z ##[endgroup]
audit-cluster	Execute Cluster Audit (Status)	2026-02-23T19:51:23.0479614Z ##[group]Run echo "***
audit-cluster	Execute Cluster Audit (Status)	2026-02-23T19:51:23.0480135Z [36;1mecho "***[0m
audit-cluster	Execute Cluster Audit (Status)	2026-02-23T19:51:23.0481132Z [36;1m***[0m
audit-cluster	Execute Cluster Audit (Status)	2026-02-23T19:51:23.0481778Z [36;1m***[0m
audit-cluster	Execute Cluster Audit (Status)	2026-02-23T19:51:23.0482220Z [36;1m***[0m
audit-cluster	Execute Cluster Audit (Status)	2026-02-23T19:51:23.0482639Z [36;1m***[0m
audit-cluster	Execute Cluster Audit (Status)	2026-02-23T19:51:23.0483056Z [36;1m***[0m
audit-cluster	Execute Cluster Audit (Status)	2026-02-23T19:51:23.0483434Z [36;1m***" > /home/runner/_work/_temp/ssh_key[0m
audit-cluster	Execute Cluster Audit (Status)	2026-02-23T19:51:23.0483821Z [36;1mchmod 600 /home/runner/_work/_temp/ssh_key[0m
audit-cluster	Execute Cluster Audit (Status)	2026-02-23T19:51:23.0501514Z shell: /usr/bin/bash --noprofile --norc -e -o pipefail {0}
audit-cluster	Execute Cluster Audit (Status)	2026-02-23T19:51:23.0502668Z env:
audit-cluster	Execute Cluster Audit (Status)	2026-02-23T19:51:23.0502935Z   KAOS_MODULE: [Ka0s] Audit Cluster Status
audit-cluster	Execute Cluster Audit (Status)	2026-02-23T19:51:23.0503267Z   KAOS_CODE: 22322274739
audit-cluster	Execute Cluster Audit (Status)	2026-02-23T19:51:23.0503527Z ##[endgroup]
audit-cluster	Execute Cluster Audit (Status)	2026-02-23T19:51:23.0670263Z ##[group]Run scp -o StrictHostKeyChecking=no -i /home/runner/_work/_temp/ssh_key -P *** devops/core/k8s/audit-services-status.sh ***@***:/tmp
audit-cluster	Execute Cluster Audit (Status)	2026-02-23T19:51:23.0672479Z [36;1mscp -o StrictHostKeyChecking=no -i /home/runner/_work/_temp/ssh_key -P *** devops/core/k8s/audit-services-status.sh ***@***:/tmp[0m
audit-cluster	Execute Cluster Audit (Status)	2026-02-23T19:51:23.0685409Z shell: /usr/bin/bash --noprofile --norc -e -o pipefail {0}
audit-cluster	Execute Cluster Audit (Status)	2026-02-23T19:51:23.0685989Z env:
audit-cluster	Execute Cluster Audit (Status)	2026-02-23T19:51:23.0686267Z   KAOS_MODULE: [Ka0s] Audit Cluster Status
audit-cluster	Execute Cluster Audit (Status)	2026-02-23T19:51:23.0686609Z   KAOS_CODE: 22322274739
audit-cluster	Execute Cluster Audit (Status)	2026-02-23T19:51:23.0686889Z ##[endgroup]
audit-cluster	Execute Cluster Audit (Status)	2026-02-23T19:51:23.2169912Z Warning: Permanently added '[***]:***' (ED25519) to the list of known hosts.
audit-cluster	Execute Cluster Audit (Status)	2026-02-23T19:51:25.0273893Z ##[group]Run REMOTE_SCRIPT_PATH="/tmp/$(basename devops/core/k8s/audit-services-status.sh)"
audit-cluster	Execute Cluster Audit (Status)	2026-02-23T19:51:25.0274947Z [36;1mREMOTE_SCRIPT_PATH="/tmp/$(basename devops/core/k8s/audit-services-status.sh)"[0m
audit-cluster	Execute Cluster Audit (Status)	2026-02-23T19:51:25.0275822Z [36;1mEXEC_COMMAND="chmod +x $REMOTE_SCRIPT_PATH && $REMOTE_SCRIPT_PATH "[0m
audit-cluster	Execute Cluster Audit (Status)	2026-02-23T19:51:25.0276465Z [36;1mif [[ "true" == "true" ]]; then[0m
audit-cluster	Execute Cluster Audit (Status)	2026-02-23T19:51:25.0277246Z [36;1m  SUDO_PREFIX="echo '***' | sudo -S"[0m
audit-cluster	Execute Cluster Audit (Status)	2026-02-23T19:51:25.0277842Z [36;1m  COMMAND_CHAIN="$SUDO_PREFIX bash -c '$EXEC_COMMAND'"[0m
audit-cluster	Execute Cluster Audit (Status)	2026-02-23T19:51:25.0278426Z [36;1m  if [[ "/tmp/results" != "" ]]; then[0m
audit-cluster	Execute Cluster Audit (Status)	2026-02-23T19:51:25.0279083Z [36;1m    COMMAND_CHAIN="$COMMAND_CHAIN && $SUDO_PREFIX chmod -R 777 /tmp/results"[0m
audit-cluster	Execute Cluster Audit (Status)	2026-02-23T19:51:25.0279726Z [36;1m  fi[0m
audit-cluster	Execute Cluster Audit (Status)	2026-02-23T19:51:25.0292859Z [36;1m  ssh -o StrictHostKeyChecking=no -i /home/runner/_work/_temp/ssh_key -p *** ***@*** "$COMMAND_CHAIN && rm $REMOTE_SCRIPT_PATH"[0m
audit-cluster	Execute Cluster Audit (Status)	2026-02-23T19:51:25.0293785Z [36;1melse[0m
audit-cluster	Execute Cluster Audit (Status)	2026-02-23T19:51:25.0294673Z [36;1m  ssh -o StrictHostKeyChecking=no -i /home/runner/_work/_temp/ssh_key -p *** ***@*** "$EXEC_COMMAND && rm $REMOTE_SCRIPT_PATH"[0m
audit-cluster	Execute Cluster Audit (Status)	2026-02-23T19:51:25.0295561Z [36;1mfi[0m
audit-cluster	Execute Cluster Audit (Status)	2026-02-23T19:51:25.0310991Z shell: /usr/bin/bash --noprofile --norc -e -o pipefail {0}
audit-cluster	Execute Cluster Audit (Status)	2026-02-23T19:51:25.0311532Z env:
audit-cluster	Execute Cluster Audit (Status)	2026-02-23T19:51:25.0311875Z   KAOS_MODULE: [Ka0s] Audit Cluster Status
audit-cluster	Execute Cluster Audit (Status)	2026-02-23T19:51:25.0312322Z   KAOS_CODE: 22322274739
audit-cluster	Execute Cluster Audit (Status)	2026-02-23T19:51:25.0312682Z ##[endgroup]
audit-cluster	Execute Cluster Audit (Status)	2026-02-23T19:51:25.5534176Z [INFO] Generando informes en /tmp/results
audit-cluster	Execute Cluster Audit (Status)	2026-02-23T19:51:26.4183210Z [INFO] Markdown generado: /tmp/results/cluster-report-20260223-195125.md
audit-cluster	Execute Cluster Audit (Status)	2026-02-23T19:51:27.3279608Z [INFO] HTML generado: /tmp/results/cluster-dashboard-20260223-195125.html
audit-cluster	Execute Cluster Audit (Status)	2026-02-23T19:51:27.4399622Z [SUCCESS] AuditorÃ­a completada.
audit-cluster	Execute Cluster Audit (Status)	2026-02-23T19:51:27.4618611Z [sudo] password for ***: 
audit-cluster	Execute Cluster Audit (Status)	2026-02-23T19:51:27.4693995Z ##[group]Run mkdir -p audit/kube/
audit-cluster	Execute Cluster Audit (Status)	2026-02-23T19:51:27.4694388Z [36;1mmkdir -p audit/kube/[0m
audit-cluster	Execute Cluster Audit (Status)	2026-02-23T19:51:27.4695175Z [36;1mscp -o StrictHostKeyChecking=no -r -i /home/runner/_work/_temp/ssh_key -P *** ***@***:/tmp/results/* audit/kube/[0m
audit-cluster	Execute Cluster Audit (Status)	2026-02-23T19:51:27.4695898Z [36;1mecho "path=audit/kube/" >> $GITHUB_OUTPUT[0m
audit-cluster	Execute Cluster Audit (Status)	2026-02-23T19:51:27.4708713Z shell: /usr/bin/bash --noprofile --norc -e -o pipefail {0}
audit-cluster	Execute Cluster Audit (Status)	2026-02-23T19:51:27.4709135Z env:
audit-cluster	Execute Cluster Audit (Status)	2026-02-23T19:51:27.4709412Z   KAOS_MODULE: [Ka0s] Audit Cluster Status
audit-cluster	Execute Cluster Audit (Status)	2026-02-23T19:51:27.4709754Z   KAOS_CODE: 22322274739
audit-cluster	Execute Cluster Audit (Status)	2026-02-23T19:51:27.4710026Z ##[endgroup]
audit-cluster	Commit Audit Reports	ï»¿2026-02-23T19:51:28.3700570Z ##[group]Run git config --global user.name "Ka0s Bot"
audit-cluster	Commit Audit Reports	2026-02-23T19:51:28.3701579Z [36;1mgit config --global user.name "Ka0s Bot"[0m
audit-cluster	Commit Audit Reports	2026-02-23T19:51:28.3702353Z [36;1mgit config --global user.email "bot@ka0s.io"[0m
audit-cluster	Commit Audit Reports	2026-02-23T19:51:28.3703175Z [36;1mgit pull --rebase origin main || git pull origin main[0m
audit-cluster	Commit Audit Reports	2026-02-23T19:51:28.3704533Z [36;1mgit add audit/kube/cluster-report-*.md audit/kube/cluster-report-*.json audit/kube/cluster-dashboard-*.html || true[0m
audit-cluster	Commit Audit Reports	2026-02-23T19:51:28.3705799Z [36;1mif ! git diff --staged --quiet; then[0m
audit-cluster	Commit Audit Reports	2026-02-23T19:51:28.3707141Z [36;1m  git commit -m "[Audit] Cluster status report $(date +'%Y-%m-%d %H:%M')"[0m
audit-cluster	Commit Audit Reports	2026-02-23T19:51:28.3708165Z [36;1m  git push || (git pull --rebase origin main && git push)[0m
audit-cluster	Commit Audit Reports	2026-02-23T19:51:28.3708887Z [36;1melse[0m
audit-cluster	Commit Audit Reports	2026-02-23T19:51:28.3709457Z [36;1m  echo "No new cluster status reports to commit."[0m
audit-cluster	Commit Audit Reports	2026-02-23T19:51:28.3710134Z [36;1mfi[0m
audit-cluster	Commit Audit Reports	2026-02-23T19:51:28.3732023Z shell: /usr/bin/bash -e {0}
audit-cluster	Commit Audit Reports	2026-02-23T19:51:28.3732568Z env:
audit-cluster	Commit Audit Reports	2026-02-23T19:51:28.3733092Z   KAOS_MODULE: [Ka0s] Audit Cluster Status
audit-cluster	Commit Audit Reports	2026-02-23T19:51:28.3733707Z   KAOS_CODE: 22322274739
audit-cluster	Commit Audit Reports	2026-02-23T19:51:28.3734183Z ##[endgroup]
audit-cluster	Commit Audit Reports	2026-02-23T19:51:29.1668757Z From https://github.com/Ka0s-Klaus/ka0s
audit-cluster	Commit Audit Reports	2026-02-23T19:51:29.1671132Z  * branch            main       -> FETCH_HEAD
audit-cluster	Commit Audit Reports	2026-02-23T19:51:29.2084853Z Already up to date.
audit-cluster	Commit Audit Reports	2026-02-23T19:51:29.2472932Z [main 8ec2eb5] [Audit] Cluster status report 2026-02-23 19:51
audit-cluster	Commit Audit Reports	2026-02-23T19:51:29.2473428Z  3 files changed, 600 insertions(+)
audit-cluster	Commit Audit Reports	2026-02-23T19:51:29.2473915Z  create mode 100755 audit/kube/cluster-dashboard-20260223-195125.html
audit-cluster	Commit Audit Reports	2026-02-23T19:51:29.2474468Z  create mode 100755 audit/kube/cluster-report-20260223-195125.json
audit-cluster	Commit Audit Reports	2026-02-23T19:51:29.2474994Z  create mode 100755 audit/kube/cluster-report-20260223-195125.md
audit-cluster	Commit Audit Reports	2026-02-23T19:51:30.1341800Z To https://github.com/Ka0s-Klaus/ka0s
audit-cluster	Commit Audit Reports	2026-02-23T19:51:30.1342536Z    171d15e..8ec2eb5  main -> main
audit-cluster	Post Checkout repository	ï»¿2026-02-23T19:51:30.1599213Z Post job cleanup.
audit-cluster	Post Checkout repository	2026-02-23T19:51:30.2783615Z [command]/usr/bin/git version
audit-cluster	Post Checkout repository	2026-02-23T19:51:30.2832869Z git version 2.52.0
audit-cluster	Post Checkout repository	2026-02-23T19:51:30.2879609Z Copying '/home/runner/.gitconfig' to '/home/runner/_work/_temp/a48252e5-1efc-48b4-a550-84d6c613c0d4/.gitconfig'
audit-cluster	Post Checkout repository	2026-02-23T19:51:30.2892871Z Temporarily overriding HOME='/home/runner/_work/_temp/a48252e5-1efc-48b4-a550-84d6c613c0d4' before making global git config changes
audit-cluster	Post Checkout repository	2026-02-23T19:51:30.2894077Z Adding repository directory to the temporary git global config as a safe directory
audit-cluster	Post Checkout repository	2026-02-23T19:51:30.2898031Z [command]/usr/bin/git config --global --add safe.directory /home/runner/_work/ka0s/ka0s
audit-cluster	Post Checkout repository	2026-02-23T19:51:30.2948828Z [command]/usr/bin/git config --local --name-only --get-regexp core\.sshCommand
audit-cluster	Post Checkout repository	2026-02-23T19:51:30.3002100Z [command]/usr/bin/git submodule foreach --recursive sh -c "git config --local --name-only --get-regexp 'core\.sshCommand' && git config --local --unset-all 'core.sshCommand' || :"
audit-cluster	Post Checkout repository	2026-02-23T19:51:30.3407202Z [command]/usr/bin/git config --local --name-only --get-regexp http\.https\:\/\/github\.com\/\.extraheader
audit-cluster	Post Checkout repository	2026-02-23T19:51:30.3457881Z http.https://github.com/.extraheader
audit-cluster	Post Checkout repository	2026-02-23T19:51:30.3484592Z [command]/usr/bin/git config --local --unset-all http.https://github.com/.extraheader
audit-cluster	Post Checkout repository	2026-02-23T19:51:30.3559432Z [command]/usr/bin/git submodule foreach --recursive sh -c "git config --local --name-only --get-regexp 'http\.https\:\/\/github\.com\/\.extraheader' && git config --local --unset-all 'http.https://github.com/.extraheader' || :"
audit-cluster	Post Checkout repository	2026-02-23T19:51:30.4131572Z [command]/usr/bin/git config --local --name-only --get-regexp ^includeIf\.gitdir:
audit-cluster	Post Checkout repository	2026-02-23T19:51:30.4198537Z [command]/usr/bin/git submodule foreach --recursive git config --local --show-origin --name-only --get-regexp remote.origin.url
audit-cluster	Complete job	ï»¿2026-02-23T19:51:30.4849998Z Cleaning up orphan processes
handle-success	Set up job	ï»¿2026-02-23T19:51:42.5451344Z Current runner version: '2.331.0'
handle-success	Set up job	2026-02-23T19:51:42.5469223Z Runner name: 'swarm-runners-scaleset-hkss5-runner-dx9x4'
handle-success	Set up job	2026-02-23T19:51:42.5470248Z Runner group name: 'Default'
handle-success	Set up job	2026-02-23T19:51:42.5471516Z Machine name: 'swarm-runners-scaleset-hkss5-runner-dx9x4'
handle-success	Set up job	2026-02-23T19:51:42.5476100Z ##[group]GITHUB_TOKEN Permissions
handle-success	Set up job	2026-02-23T19:51:42.5479251Z Actions: write
handle-success	Set up job	2026-02-23T19:51:42.5479865Z Contents: write
handle-success	Set up job	2026-02-23T19:51:42.5481077Z Issues: write
handle-success	Set up job	2026-02-23T19:51:42.5481760Z Metadata: read
handle-success	Set up job	2026-02-23T19:51:42.5482381Z ##[endgroup]
handle-success	Set up job	2026-02-23T19:51:42.5484910Z Secret source: Actions
handle-success	Set up job	2026-02-23T19:51:42.5485744Z Prepare workflow directory
handle-success	Set up job	2026-02-23T19:51:42.6103826Z Prepare all required actions
handle-success	Set up job	2026-02-23T19:51:42.6149714Z Getting action download info
handle-success	Set up job	2026-02-23T19:51:43.2042461Z Download action repository 'actions/checkout@v4' (SHA:34e114876b0b11c390a56381ad16ebd13914f8d5)
handle-success	Set up job	2026-02-23T19:51:44.0704366Z Complete job name: handle-success
handle-success	Checkout repository	ï»¿2026-02-23T19:51:44.1463810Z ##[group]Run actions/checkout@v4
handle-success	Checkout repository	2026-02-23T19:51:44.1464936Z with:
handle-success	Checkout repository	2026-02-23T19:51:44.1465387Z   fetch-depth: 0
handle-success	Checkout repository	2026-02-23T19:51:44.1465845Z   repository: Ka0s-Klaus/ka0s
handle-success	Checkout repository	2026-02-23T19:51:44.1466667Z   token: ***
handle-success	Checkout repository	2026-02-23T19:51:44.1467103Z   ssh-strict: true
handle-success	Checkout repository	2026-02-23T19:51:44.1467533Z   ssh-user: git
handle-success	Checkout repository	2026-02-23T19:51:44.1467983Z   persist-credentials: true
handle-success	Checkout repository	2026-02-23T19:51:44.1468474Z   clean: true
handle-success	Checkout repository	2026-02-23T19:51:44.1468923Z   sparse-checkout-cone-mode: true
handle-success	Checkout repository	2026-02-23T19:51:44.1469476Z   fetch-tags: false
handle-success	Checkout repository	2026-02-23T19:51:44.1469928Z   show-progress: true
handle-success	Checkout repository	2026-02-23T19:51:44.1470691Z   lfs: false
handle-success	Checkout repository	2026-02-23T19:51:44.1471498Z   submodules: false
handle-success	Checkout repository	2026-02-23T19:51:44.1471988Z   set-safe-directory: true
handle-success	Checkout repository	2026-02-23T19:51:44.1472769Z env:
handle-success	Checkout repository	2026-02-23T19:51:44.1473233Z   KAOS_MODULE: [Ka0s] Audit Cluster Status
handle-success	Checkout repository	2026-02-23T19:51:44.1473825Z   KAOS_CODE: 22322274739
handle-success	Checkout repository	2026-02-23T19:51:44.1474299Z ##[endgroup]
handle-success	Checkout repository	2026-02-23T19:51:44.2807624Z Syncing repository: Ka0s-Klaus/ka0s
handle-success	Checkout repository	2026-02-23T19:51:44.2810231Z ##[group]Getting Git version info
handle-success	Checkout repository	2026-02-23T19:51:44.2821907Z Working directory is '/home/runner/_work/ka0s/ka0s'
handle-success	Checkout repository	2026-02-23T19:51:44.2823255Z [command]/usr/bin/git version
handle-success	Checkout repository	2026-02-23T19:51:44.2823890Z git version 2.52.0
handle-success	Checkout repository	2026-02-23T19:51:44.2825942Z ##[endgroup]
handle-success	Checkout repository	2026-02-23T19:51:44.2852932Z Temporarily overriding HOME='/home/runner/_work/_temp/d7f4bf4a-1f49-44b2-85a4-3a1325918a94' before making global git config changes
handle-success	Checkout repository	2026-02-23T19:51:44.2854998Z Adding repository directory to the temporary git global config as a safe directory
handle-success	Checkout repository	2026-02-23T19:51:44.2856592Z [command]/usr/bin/git config --global --add safe.directory /home/runner/_work/ka0s/ka0s
handle-success	Checkout repository	2026-02-23T19:51:44.2899319Z Deleting the contents of '/home/runner/_work/ka0s/ka0s'
handle-success	Checkout repository	2026-02-23T19:51:44.2904269Z ##[group]Initializing the repository
handle-success	Checkout repository	2026-02-23T19:51:44.2922675Z [command]/usr/bin/git init /home/runner/_work/ka0s/ka0s
handle-success	Checkout repository	2026-02-23T19:51:44.2987835Z hint: Using 'master' as the name for the initial branch. This default branch name
handle-success	Checkout repository	2026-02-23T19:51:44.2991366Z hint: will change to "main" in Git 3.0. To configure the initial branch name
handle-success	Checkout repository	2026-02-23T19:51:44.2994032Z hint: to use in all of your new repositories, which will suppress this warning,
handle-success	Checkout repository	2026-02-23T19:51:44.2994912Z hint: call:
handle-success	Checkout repository	2026-02-23T19:51:44.2995342Z hint:
handle-success	Checkout repository	2026-02-23T19:51:44.2995899Z hint: 	git config --global init.defaultBranch <name>
handle-success	Checkout repository	2026-02-23T19:51:44.2996571Z hint:
handle-success	Checkout repository	2026-02-23T19:51:44.2997332Z hint: Names commonly chosen instead of 'master' are 'main', 'trunk' and
handle-success	Checkout repository	2026-02-23T19:51:44.2998516Z hint: 'development'. The just-created branch can be renamed via this command:
handle-success	Checkout repository	2026-02-23T19:51:44.2999368Z hint:
handle-success	Checkout repository	2026-02-23T19:51:44.2999816Z hint: 	git branch -m <name>
handle-success	Checkout repository	2026-02-23T19:51:44.3000588Z hint:
handle-success	Checkout repository	2026-02-23T19:51:44.3001327Z hint: Disable this message with "git config set advice.defaultBranchName false"
handle-success	Checkout repository	2026-02-23T19:51:44.3002438Z Initialized empty Git repository in /home/runner/_work/ka0s/ka0s/.git/
handle-success	Checkout repository	2026-02-23T19:51:44.3006096Z [command]/usr/bin/git remote add origin https://github.com/Ka0s-Klaus/ka0s
handle-success	Checkout repository	2026-02-23T19:51:44.3059295Z ##[endgroup]
handle-success	Checkout repository	2026-02-23T19:51:44.3063435Z ##[group]Disabling automatic garbage collection
handle-success	Checkout repository	2026-02-23T19:51:44.3064301Z [command]/usr/bin/git config --local gc.auto 0
handle-success	Checkout repository	2026-02-23T19:51:44.3106818Z ##[endgroup]
handle-success	Checkout repository	2026-02-23T19:51:44.3107736Z ##[group]Setting up auth
handle-success	Checkout repository	2026-02-23T19:51:44.3115239Z [command]/usr/bin/git config --local --name-only --get-regexp core\.sshCommand
handle-success	Checkout repository	2026-02-23T19:51:44.3164112Z [command]/usr/bin/git submodule foreach --recursive sh -c "git config --local --name-only --get-regexp 'core\.sshCommand' && git config --local --unset-all 'core.sshCommand' || :"
handle-success	Checkout repository	2026-02-23T19:51:44.3522572Z [command]/usr/bin/git config --local --name-only --get-regexp http\.https\:\/\/github\.com\/\.extraheader
handle-success	Checkout repository	2026-02-23T19:51:44.3564875Z [command]/usr/bin/git submodule foreach --recursive sh -c "git config --local --name-only --get-regexp 'http\.https\:\/\/github\.com\/\.extraheader' && git config --local --unset-all 'http.https://github.com/.extraheader' || :"
handle-success	Checkout repository	2026-02-23T19:51:44.3924128Z [command]/usr/bin/git config --local --name-only --get-regexp ^includeIf\.gitdir:
handle-success	Checkout repository	2026-02-23T19:51:44.3969367Z [command]/usr/bin/git submodule foreach --recursive git config --local --show-origin --name-only --get-regexp remote.origin.url
handle-success	Checkout repository	2026-02-23T19:51:44.4323698Z [command]/usr/bin/git config --local http.https://github.com/.extraheader AUTHORIZATION: basic ***
handle-success	Checkout repository	2026-02-23T19:51:44.4378735Z ##[endgroup]
handle-success	Checkout repository	2026-02-23T19:51:44.4379740Z ##[group]Fetching the repository
handle-success	Checkout repository	2026-02-23T19:51:44.4398658Z [command]/usr/bin/git -c protocol.version=2 fetch --prune --no-recurse-submodules origin +refs/heads/*:refs/remotes/origin/* +refs/tags/*:refs/tags/*
handle-success	Checkout repository	2026-02-23T19:52:18.8964751Z From https://github.com/Ka0s-Klaus/ka0s
handle-success	Checkout repository	2026-02-23T19:52:18.8966081Z  * [new branch]          F3450-modelo-operativo -> origin/F3450-modelo-operativo
handle-success	Checkout repository	2026-02-23T19:52:18.8966741Z  * [new branch]          H1276-modulo-observabilidad -> origin/H1276-modulo-observabilidad
handle-success	Checkout repository	2026-02-23T19:52:18.8967618Z  * [new branch]          H3596-deploy-itop      -> origin/H3596-deploy-itop
handle-success	Checkout repository	2026-02-23T19:52:18.8973713Z  * [new branch]          H4170-flujo-detallado-zabbix---github -> origin/H4170-flujo-detallado-zabbix---github
handle-success	Checkout repository	2026-02-23T19:52:18.8974472Z  * [new branch]          H4191-request-cambios  -> origin/H4191-request-cambios
handle-success	Checkout repository	2026-02-23T19:52:18.8975272Z  * [new branch]          H4200-request-recomendaciones-de-auditoria -> origin/H4200-request-recomendaciones-de-auditoria
handle-success	Checkout repository	2026-02-23T19:52:18.8976087Z  * [new branch]          main                   -> origin/main
handle-success	Checkout repository	2026-02-23T19:52:18.8976494Z  * [new tag]             0.0.0                  -> 0.0.0
handle-success	Checkout repository	2026-02-23T19:52:18.8976918Z  * [new tag]             0.0.1                  -> 0.0.1
handle-success	Checkout repository	2026-02-23T19:52:18.8977295Z  * [new tag]             0.0.10                 -> 0.0.10
handle-success	Checkout repository	2026-02-23T19:52:18.8977706Z  * [new tag]             0.0.100                -> 0.0.100
handle-success	Checkout repository	2026-02-23T19:52:18.8978130Z  * [new tag]             0.0.101                -> 0.0.101
handle-success	Checkout repository	2026-02-23T19:52:18.8978506Z  * [new tag]             0.0.102                -> 0.0.102
handle-success	Checkout repository	2026-02-23T19:52:18.8978954Z  * [new tag]             0.0.103                -> 0.0.103
handle-success	Checkout repository	2026-02-23T19:52:18.8979544Z  * [new tag]             0.0.104                -> 0.0.104
handle-success	Checkout repository	2026-02-23T19:52:18.8979936Z  * [new tag]             0.0.105                -> 0.0.105
handle-success	Checkout repository	2026-02-23T19:52:18.8980452Z  * [new tag]             0.0.106                -> 0.0.106
handle-success	Checkout repository	2026-02-23T19:52:18.8980870Z  * [new tag]             0.0.107                -> 0.0.107
handle-success	Checkout repository	2026-02-23T19:52:18.8981255Z  * [new tag]             0.0.108                -> 0.0.108
handle-success	Checkout repository	2026-02-23T19:52:18.8981649Z  * [new tag]             0.0.109                -> 0.0.109
handle-success	Checkout repository	2026-02-23T19:52:18.8982036Z  * [new tag]             0.0.11                 -> 0.0.11
handle-success	Checkout repository	2026-02-23T19:52:18.8982442Z  * [new tag]             0.0.110                -> 0.0.110
handle-success	Checkout repository	2026-02-23T19:52:18.8982831Z  * [new tag]             0.0.111                -> 0.0.111
handle-success	Checkout repository	2026-02-23T19:52:18.8983215Z  * [new tag]             0.0.112                -> 0.0.112
handle-success	Checkout repository	2026-02-23T19:52:18.8983604Z  * [new tag]             0.0.113                -> 0.0.113
handle-success	Checkout repository	2026-02-23T19:52:18.8984631Z  * [new tag]             0.0.114                -> 0.0.114
handle-success	Checkout repository	2026-02-23T19:52:18.8985017Z  * [new tag]             0.0.115                -> 0.0.115
handle-success	Checkout repository	2026-02-23T19:52:18.8985389Z  * [new tag]             0.0.116                -> 0.0.116
handle-success	Checkout repository	2026-02-23T19:52:18.8986010Z  * [new tag]             0.0.117                -> 0.0.117
handle-success	Checkout repository	2026-02-23T19:52:18.8986448Z  * [new tag]             0.0.118                -> 0.0.118
handle-success	Checkout repository	2026-02-23T19:52:18.8986833Z  * [new tag]             0.0.119                -> 0.0.119
handle-success	Checkout repository	2026-02-23T19:52:18.8987220Z  * [new tag]             0.0.12                 -> 0.0.12
handle-success	Checkout repository	2026-02-23T19:52:18.8987604Z  * [new tag]             0.0.120                -> 0.0.120
handle-success	Checkout repository	2026-02-23T19:52:18.8987990Z  * [new tag]             0.0.121                -> 0.0.121
handle-success	Checkout repository	2026-02-23T19:52:18.8988371Z  * [new tag]             0.0.122                -> 0.0.122
handle-success	Checkout repository	2026-02-23T19:52:18.8988760Z  * [new tag]             0.0.123                -> 0.0.123
handle-success	Checkout repository	2026-02-23T19:52:18.8989413Z  * [new tag]             0.0.124                -> 0.0.124
handle-success	Checkout repository	2026-02-23T19:52:18.8989800Z  * [new tag]             0.0.125                -> 0.0.125
handle-success	Checkout repository	2026-02-23T19:52:18.8990184Z  * [new tag]             0.0.126                -> 0.0.126
handle-success	Checkout repository	2026-02-23T19:52:18.8990639Z  * [new tag]             0.0.127                -> 0.0.127
handle-success	Checkout repository	2026-02-23T19:52:18.8991031Z  * [new tag]             0.0.128                -> 0.0.128
handle-success	Checkout repository	2026-02-23T19:52:18.8991411Z  * [new tag]             0.0.129                -> 0.0.129
handle-success	Checkout repository	2026-02-23T19:52:18.8991938Z  * [new tag]             0.0.13                 -> 0.0.13
handle-success	Checkout repository	2026-02-23T19:52:18.8992327Z  * [new tag]             0.0.130                -> 0.0.130
handle-success	Checkout repository	2026-02-23T19:52:18.8992709Z  * [new tag]             0.0.131                -> 0.0.131
handle-success	Checkout repository	2026-02-23T19:52:18.8993099Z  * [new tag]             0.0.132                -> 0.0.132
handle-success	Checkout repository	2026-02-23T19:52:18.8993485Z  * [new tag]             0.0.133                -> 0.0.133
handle-success	Checkout repository	2026-02-23T19:52:18.8993867Z  * [new tag]             0.0.134                -> 0.0.134
handle-success	Checkout repository	2026-02-23T19:52:18.8994266Z  * [new tag]             0.0.135                -> 0.0.135
handle-success	Checkout repository	2026-02-23T19:52:18.8994649Z  * [new tag]             0.0.136                -> 0.0.136
handle-success	Checkout repository	2026-02-23T19:52:18.8995037Z  * [new tag]             0.0.137                -> 0.0.137
handle-success	Checkout repository	2026-02-23T19:52:18.8995418Z  * [new tag]             0.0.138                -> 0.0.138
handle-success	Checkout repository	2026-02-23T19:52:18.8995808Z  * [new tag]             0.0.139                -> 0.0.139
handle-success	Checkout repository	2026-02-23T19:52:18.8996196Z  * [new tag]             0.0.14                 -> 0.0.14
handle-success	Checkout repository	2026-02-23T19:52:18.8996579Z  * [new tag]             0.0.140                -> 0.0.140
handle-success	Checkout repository	2026-02-23T19:52:18.8996966Z  * [new tag]             0.0.141                -> 0.0.141
handle-success	Checkout repository	2026-02-23T19:52:18.8997352Z  * [new tag]             0.0.142                -> 0.0.142
handle-success	Checkout repository	2026-02-23T19:52:18.8997737Z  * [new tag]             0.0.143                -> 0.0.143
handle-success	Checkout repository	2026-02-23T19:52:18.8998122Z  * [new tag]             0.0.144                -> 0.0.144
handle-success	Checkout repository	2026-02-23T19:52:18.8998513Z  * [new tag]             0.0.145                -> 0.0.145
handle-success	Checkout repository	2026-02-23T19:52:18.8998909Z  * [new tag]             0.0.146                -> 0.0.146
handle-success	Checkout repository	2026-02-23T19:52:18.8999290Z  * [new tag]             0.0.147                -> 0.0.147
handle-success	Checkout repository	2026-02-23T19:52:18.8999685Z  * [new tag]             0.0.148                -> 0.0.148
handle-success	Checkout repository	2026-02-23T19:52:18.9000067Z  * [new tag]             0.0.149                -> 0.0.149
handle-success	Checkout repository	2026-02-23T19:52:18.9000648Z  * [new tag]             0.0.15                 -> 0.0.15
handle-success	Checkout repository	2026-02-23T19:52:18.9001101Z  * [new tag]             0.0.150                -> 0.0.150
handle-success	Checkout repository	2026-02-23T19:52:18.9001484Z  * [new tag]             0.0.151                -> 0.0.151
handle-success	Checkout repository	2026-02-23T19:52:18.9001869Z  * [new tag]             0.0.152                -> 0.0.152
handle-success	Checkout repository	2026-02-23T19:52:18.9002265Z  * [new tag]             0.0.153                -> 0.0.153
handle-success	Checkout repository	2026-02-23T19:52:18.9002666Z  * [new tag]             0.0.154                -> 0.0.154
handle-success	Checkout repository	2026-02-23T19:52:18.9003070Z  * [new tag]             0.0.155                -> 0.0.155
handle-success	Checkout repository	2026-02-23T19:52:18.9003472Z  * [new tag]             0.0.156                -> 0.0.156
handle-success	Checkout repository	2026-02-23T19:52:18.9004106Z  * [new tag]             0.0.157                -> 0.0.157
handle-success	Checkout repository	2026-02-23T19:52:18.9004509Z  * [new tag]             0.0.158                -> 0.0.158
handle-success	Checkout repository	2026-02-23T19:52:18.9004909Z  * [new tag]             0.0.159                -> 0.0.159
handle-success	Checkout repository	2026-02-23T19:52:18.9005308Z  * [new tag]             0.0.16                 -> 0.0.16
handle-success	Checkout repository	2026-02-23T19:52:18.9005710Z  * [new tag]             0.0.160                -> 0.0.160
handle-success	Checkout repository	2026-02-23T19:52:18.9006111Z  * [new tag]             0.0.161                -> 0.0.161
handle-success	Checkout repository	2026-02-23T19:52:18.9006504Z  * [new tag]             0.0.162                -> 0.0.162
handle-success	Checkout repository	2026-02-23T19:52:18.9006914Z  * [new tag]             0.0.163                -> 0.0.163
handle-success	Checkout repository	2026-02-23T19:52:18.9007308Z  * [new tag]             0.0.164                -> 0.0.164
handle-success	Checkout repository	2026-02-23T19:52:18.9007706Z  * [new tag]             0.0.165                -> 0.0.165
handle-success	Checkout repository	2026-02-23T19:52:18.9008097Z  * [new tag]             0.0.166                -> 0.0.166
handle-success	Checkout repository	2026-02-23T19:52:18.9008713Z  * [new tag]             0.0.167                -> 0.0.167
handle-success	Checkout repository	2026-02-23T19:52:18.9009107Z  * [new tag]             0.0.168                -> 0.0.168
handle-success	Checkout repository	2026-02-23T19:52:18.9009506Z  * [new tag]             0.0.169                -> 0.0.169
handle-success	Checkout repository	2026-02-23T19:52:18.9009909Z  * [new tag]             0.0.17                 -> 0.0.17
handle-success	Checkout repository	2026-02-23T19:52:18.9010489Z  * [new tag]             0.0.170                -> 0.0.170
handle-success	Checkout repository	2026-02-23T19:52:18.9010906Z  * [new tag]             0.0.171                -> 0.0.171
handle-success	Checkout repository	2026-02-23T19:52:18.9011303Z  * [new tag]             0.0.172                -> 0.0.172
handle-success	Checkout repository	2026-02-23T19:52:18.9011706Z  * [new tag]             0.0.173                -> 0.0.173
handle-success	Checkout repository	2026-02-23T19:52:18.9012098Z  * [new tag]             0.0.174                -> 0.0.174
handle-success	Checkout repository	2026-02-23T19:52:18.9012497Z  * [new tag]             0.0.175                -> 0.0.175
handle-success	Checkout repository	2026-02-23T19:52:18.9012894Z  * [new tag]             0.0.176                -> 0.0.176
handle-success	Checkout repository	2026-02-23T19:52:18.9013295Z  * [new tag]             0.0.177                -> 0.0.177
handle-success	Checkout repository	2026-02-23T19:52:18.9013702Z  * [new tag]             0.0.178                -> 0.0.178
handle-success	Checkout repository	2026-02-23T19:52:18.9014097Z  * [new tag]             0.0.179                -> 0.0.179
handle-success	Checkout repository	2026-02-23T19:52:18.9014497Z  * [new tag]             0.0.18                 -> 0.0.18
handle-success	Checkout repository	2026-02-23T19:52:18.9014893Z  * [new tag]             0.0.19                 -> 0.0.19
handle-success	Checkout repository	2026-02-23T19:52:18.9015294Z  * [new tag]             0.0.2                  -> 0.0.2
handle-success	Checkout repository	2026-02-23T19:52:18.9015704Z  * [new tag]             0.0.20                 -> 0.0.20
handle-success	Checkout repository	2026-02-23T19:52:18.9016097Z  * [new tag]             0.0.21                 -> 0.0.21
handle-success	Checkout repository	2026-02-23T19:52:18.9016494Z  * [new tag]             0.0.22                 -> 0.0.22
handle-success	Checkout repository	2026-02-23T19:52:18.9016900Z  * [new tag]             0.0.23                 -> 0.0.23
handle-success	Checkout repository	2026-02-23T19:52:18.9017307Z  * [new tag]             0.0.24                 -> 0.0.24
handle-success	Checkout repository	2026-02-23T19:52:18.9017705Z  * [new tag]             0.0.25                 -> 0.0.25
handle-success	Checkout repository	2026-02-23T19:52:18.9018113Z  * [new tag]             0.0.26                 -> 0.0.26
handle-success	Checkout repository	2026-02-23T19:52:18.9040220Z  * [new tag]             0.0.27                 -> 0.0.27
handle-success	Checkout repository	2026-02-23T19:52:18.9052143Z  * [new tag]             0.0.28                 -> 0.0.28
handle-success	Checkout repository	2026-02-23T19:52:18.9052573Z  * [new tag]             0.0.29                 -> 0.0.29
handle-success	Checkout repository	2026-02-23T19:52:18.9052983Z  * [new tag]             0.0.3                  -> 0.0.3
handle-success	Checkout repository	2026-02-23T19:52:18.9053384Z  * [new tag]             0.0.30                 -> 0.0.30
handle-success	Checkout repository	2026-02-23T19:52:18.9053787Z  * [new tag]             0.0.31                 -> 0.0.31
handle-success	Checkout repository	2026-02-23T19:52:18.9054180Z  * [new tag]             0.0.32                 -> 0.0.32
handle-success	Checkout repository	2026-02-23T19:52:18.9054573Z  * [new tag]             0.0.33                 -> 0.0.33
handle-success	Checkout repository	2026-02-23T19:52:18.9054965Z  * [new tag]             0.0.34                 -> 0.0.34
handle-success	Checkout repository	2026-02-23T19:52:18.9055359Z  * [new tag]             0.0.35                 -> 0.0.35
handle-success	Checkout repository	2026-02-23T19:52:18.9055749Z  * [new tag]             0.0.36                 -> 0.0.36
handle-success	Checkout repository	2026-02-23T19:52:18.9056519Z  * [new tag]             0.0.37                 -> 0.0.37
handle-success	Checkout repository	2026-02-23T19:52:18.9056915Z  * [new tag]             0.0.38                 -> 0.0.38
handle-success	Checkout repository	2026-02-23T19:52:18.9057305Z  * [new tag]             0.0.39                 -> 0.0.39
handle-success	Checkout repository	2026-02-23T19:52:18.9057822Z  * [new tag]             0.0.4                  -> 0.0.4
handle-success	Checkout repository	2026-02-23T19:52:18.9058203Z  * [new tag]             0.0.40                 -> 0.0.40
handle-success	Checkout repository	2026-02-23T19:52:18.9058592Z  * [new tag]             0.0.41                 -> 0.0.41
handle-success	Checkout repository	2026-02-23T19:52:18.9058973Z  * [new tag]             0.0.42                 -> 0.0.42
handle-success	Checkout repository	2026-02-23T19:52:18.9059357Z  * [new tag]             0.0.43                 -> 0.0.43
handle-success	Checkout repository	2026-02-23T19:52:18.9059742Z  * [new tag]             0.0.44                 -> 0.0.44
handle-success	Checkout repository	2026-02-23T19:52:18.9060127Z  * [new tag]             0.0.45                 -> 0.0.45
handle-success	Checkout repository	2026-02-23T19:52:18.9061606Z  * [new tag]             0.0.46                 -> 0.0.46
handle-success	Checkout repository	2026-02-23T19:52:18.9061996Z  * [new tag]             0.0.47                 -> 0.0.47
handle-success	Checkout repository	2026-02-23T19:52:18.9062928Z  * [new tag]             0.0.48                 -> 0.0.48
handle-success	Checkout repository	2026-02-23T19:52:18.9063454Z  * [new tag]             0.0.49                 -> 0.0.49
handle-success	Checkout repository	2026-02-23T19:52:18.9063966Z  * [new tag]             0.0.5                  -> 0.0.5
handle-success	Checkout repository	2026-02-23T19:52:18.9064498Z  * [new tag]             0.0.50                 -> 0.0.50
handle-success	Checkout repository	2026-02-23T19:52:18.9064887Z  * [new tag]             0.0.51                 -> 0.0.51
handle-success	Checkout repository	2026-02-23T19:52:18.9065287Z  * [new tag]             0.0.52                 -> 0.0.52
handle-success	Checkout repository	2026-02-23T19:52:18.9065676Z  * [new tag]             0.0.53                 -> 0.0.53
handle-success	Checkout repository	2026-02-23T19:52:18.9066071Z  * [new tag]             0.0.54                 -> 0.0.54
handle-success	Checkout repository	2026-02-23T19:52:18.9066462Z  * [new tag]             0.0.55                 -> 0.0.55
handle-success	Checkout repository	2026-02-23T19:52:18.9066856Z  * [new tag]             0.0.56                 -> 0.0.56
handle-success	Checkout repository	2026-02-23T19:52:18.9067248Z  * [new tag]             0.0.57                 -> 0.0.57
handle-success	Checkout repository	2026-02-23T19:52:18.9067633Z  * [new tag]             0.0.58                 -> 0.0.58
handle-success	Checkout repository	2026-02-23T19:52:18.9068034Z  * [new tag]             0.0.59                 -> 0.0.59
handle-success	Checkout repository	2026-02-23T19:52:18.9068422Z  * [new tag]             0.0.6                  -> 0.0.6
handle-success	Checkout repository	2026-02-23T19:52:18.9068808Z  * [new tag]             0.0.60                 -> 0.0.60
handle-success	Checkout repository	2026-02-23T19:52:18.9069190Z  * [new tag]             0.0.61                 -> 0.0.61
handle-success	Checkout repository	2026-02-23T19:52:18.9069577Z  * [new tag]             0.0.62                 -> 0.0.62
handle-success	Checkout repository	2026-02-23T19:52:18.9069963Z  * [new tag]             0.0.63                 -> 0.0.63
handle-success	Checkout repository	2026-02-23T19:52:18.9076334Z  * [new tag]             0.0.64                 -> 0.0.64
handle-success	Checkout repository	2026-02-23T19:52:18.9076848Z  * [new tag]             0.0.65                 -> 0.0.65
handle-success	Checkout repository	2026-02-23T19:52:18.9077366Z  * [new tag]             0.0.66                 -> 0.0.66
handle-success	Checkout repository	2026-02-23T19:52:18.9077756Z  * [new tag]             0.0.67                 -> 0.0.67
handle-success	Checkout repository	2026-02-23T19:52:18.9078140Z  * [new tag]             0.0.68                 -> 0.0.68
handle-success	Checkout repository	2026-02-23T19:52:18.9078542Z  * [new tag]             0.0.69                 -> 0.0.69
handle-success	Checkout repository	2026-02-23T19:52:18.9078936Z  * [new tag]             0.0.7                  -> 0.0.7
handle-success	Checkout repository	2026-02-23T19:52:18.9079318Z  * [new tag]             0.0.70                 -> 0.0.70
handle-success	Checkout repository	2026-02-23T19:52:18.9079704Z  * [new tag]             0.0.71                 -> 0.0.71
handle-success	Checkout repository	2026-02-23T19:52:18.9080087Z  * [new tag]             0.0.72                 -> 0.0.72
handle-success	Checkout repository	2026-02-23T19:52:18.9080617Z  * [new tag]             0.0.73                 -> 0.0.73
handle-success	Checkout repository	2026-02-23T19:52:18.9081008Z  * [new tag]             0.0.74                 -> 0.0.74
handle-success	Checkout repository	2026-02-23T19:52:18.9081400Z  * [new tag]             0.0.75                 -> 0.0.75
handle-success	Checkout repository	2026-02-23T19:52:18.9081790Z  * [new tag]             0.0.76                 -> 0.0.76
handle-success	Checkout repository	2026-02-23T19:52:18.9082303Z  * [new tag]             0.0.77                 -> 0.0.77
handle-success	Checkout repository	2026-02-23T19:52:18.9082671Z  * [new tag]             0.0.78                 -> 0.0.78
handle-success	Checkout repository	2026-02-23T19:52:18.9083044Z  * [new tag]             0.0.79                 -> 0.0.79
handle-success	Checkout repository	2026-02-23T19:52:18.9083421Z  * [new tag]             0.0.8                  -> 0.0.8
handle-success	Checkout repository	2026-02-23T19:52:18.9084313Z  * [new tag]             0.0.80                 -> 0.0.80
handle-success	Checkout repository	2026-02-23T19:52:18.9084688Z  * [new tag]             0.0.81                 -> 0.0.81
handle-success	Checkout repository	2026-02-23T19:52:18.9085067Z  * [new tag]             0.0.82                 -> 0.0.82
handle-success	Checkout repository	2026-02-23T19:52:18.9085445Z  * [new tag]             0.0.83                 -> 0.0.83
handle-success	Checkout repository	2026-02-23T19:52:18.9085814Z  * [new tag]             0.0.84                 -> 0.0.84
handle-success	Checkout repository	2026-02-23T19:52:18.9086193Z  * [new tag]             0.0.85                 -> 0.0.85
handle-success	Checkout repository	2026-02-23T19:52:18.9086562Z  * [new tag]             0.0.86                 -> 0.0.86
handle-success	Checkout repository	2026-02-23T19:52:18.9086938Z  * [new tag]             0.0.87                 -> 0.0.87
handle-success	Checkout repository	2026-02-23T19:52:18.9087310Z  * [new tag]             0.0.88                 -> 0.0.88
handle-success	Checkout repository	2026-02-23T19:52:18.9087686Z  * [new tag]             0.0.89                 -> 0.0.89
handle-success	Checkout repository	2026-02-23T19:52:18.9088188Z  * [new tag]             0.0.9                  -> 0.0.9
handle-success	Checkout repository	2026-02-23T19:52:18.9088914Z  * [new tag]             0.0.90                 -> 0.0.90
handle-success	Checkout repository	2026-02-23T19:52:18.9089294Z  * [new tag]             0.0.91                 -> 0.0.91
handle-success	Checkout repository	2026-02-23T19:52:18.9089668Z  * [new tag]             0.0.92                 -> 0.0.92
handle-success	Checkout repository	2026-02-23T19:52:18.9090048Z  * [new tag]             0.0.93                 -> 0.0.93
handle-success	Checkout repository	2026-02-23T19:52:18.9090678Z  * [new tag]             0.0.94                 -> 0.0.94
handle-success	Checkout repository	2026-02-23T19:52:18.9091196Z  * [new tag]             0.0.95                 -> 0.0.95
handle-success	Checkout repository	2026-02-23T19:52:18.9091567Z  * [new tag]             0.0.96                 -> 0.0.96
handle-success	Checkout repository	2026-02-23T19:52:18.9091946Z  * [new tag]             0.0.97                 -> 0.0.97
handle-success	Checkout repository	2026-02-23T19:52:18.9092322Z  * [new tag]             0.0.98                 -> 0.0.98
handle-success	Checkout repository	2026-02-23T19:52:18.9092696Z  * [new tag]             0.0.99                 -> 0.0.99
handle-success	Checkout repository	2026-02-23T19:52:18.9093075Z  * [new tag]             0.1.0                  -> 0.1.0
handle-success	Checkout repository	2026-02-23T19:52:18.9093447Z  * [new tag]             0.1.1                  -> 0.1.1
handle-success	Checkout repository	2026-02-23T19:52:18.9093836Z  * [new tag]             0.2.0                  -> 0.2.0
handle-success	Checkout repository	2026-02-23T19:52:18.9094207Z  * [new tag]             0.3.0                  -> 0.3.0
handle-success	Checkout repository	2026-02-23T19:52:18.9094583Z  * [new tag]             0.3.1                  -> 0.3.1
handle-success	Checkout repository	2026-02-23T19:52:18.9094985Z  * [new tag]             0.3.10                 -> 0.3.10
handle-success	Checkout repository	2026-02-23T19:52:18.9095367Z  * [new tag]             0.3.11                 -> 0.3.11
handle-success	Checkout repository	2026-02-23T19:52:18.9095745Z  * [new tag]             0.3.12                 -> 0.3.12
handle-success	Checkout repository	2026-02-23T19:52:18.9096124Z  * [new tag]             0.3.13                 -> 0.3.13
handle-success	Checkout repository	2026-02-23T19:52:18.9096499Z  * [new tag]             0.3.14                 -> 0.3.14
handle-success	Checkout repository	2026-02-23T19:52:18.9096878Z  * [new tag]             0.3.15                 -> 0.3.15
handle-success	Checkout repository	2026-02-23T19:52:18.9097257Z  * [new tag]             0.3.16                 -> 0.3.16
handle-success	Checkout repository	2026-02-23T19:52:18.9097628Z  * [new tag]             0.3.17                 -> 0.3.17
handle-success	Checkout repository	2026-02-23T19:52:18.9098017Z  * [new tag]             0.3.2                  -> 0.3.2
handle-success	Checkout repository	2026-02-23T19:52:18.9098396Z  * [new tag]             0.3.3                  -> 0.3.3
handle-success	Checkout repository	2026-02-23T19:52:18.9098772Z  * [new tag]             0.3.4                  -> 0.3.4
handle-success	Checkout repository	2026-02-23T19:52:18.9099140Z  * [new tag]             0.3.5                  -> 0.3.5
handle-success	Checkout repository	2026-02-23T19:52:18.9099516Z  * [new tag]             0.3.6                  -> 0.3.6
handle-success	Checkout repository	2026-02-23T19:52:18.9099895Z  * [new tag]             0.3.7                  -> 0.3.7
handle-success	Checkout repository	2026-02-23T19:52:18.9100265Z  * [new tag]             0.3.8                  -> 0.3.8
handle-success	Checkout repository	2026-02-23T19:52:18.9101028Z  * [new tag]             0.3.9                  -> 0.3.9
handle-success	Checkout repository	2026-02-23T19:52:18.9101397Z  * [new tag]             0.4.0                  -> 0.4.0
handle-success	Checkout repository	2026-02-23T19:52:18.9101770Z  * [new tag]             0.4.1                  -> 0.4.1
handle-success	Checkout repository	2026-02-23T19:52:18.9102139Z  * [new tag]             0.4.2                  -> 0.4.2
handle-success	Checkout repository	2026-02-23T19:52:18.9102514Z  * [new tag]             0.4.3                  -> 0.4.3
handle-success	Checkout repository	2026-02-23T19:52:18.9102892Z  * [new tag]             0.4.4                  -> 0.4.4
handle-success	Checkout repository	2026-02-23T19:52:18.9103487Z  * [new tag]             0.4.5                  -> 0.4.5
handle-success	Checkout repository	2026-02-23T19:52:18.9103864Z  * [new tag]             0.4.6                  -> 0.4.6
handle-success	Checkout repository	2026-02-23T19:52:18.9104232Z  * [new tag]             0.4.7                  -> 0.4.7
handle-success	Checkout repository	2026-02-23T19:52:18.9104608Z  * [new tag]             0.4.8                  -> 0.4.8
handle-success	Checkout repository	2026-02-23T19:52:18.9104976Z  * [new tag]             0.4.9                  -> 0.4.9
handle-success	Checkout repository	2026-02-23T19:52:18.9105351Z  * [new tag]             0.5.0                  -> 0.5.0
handle-success	Checkout repository	2026-02-23T19:52:18.9105720Z  * [new tag]             0.5.1                  -> 0.5.1
handle-success	Checkout repository	2026-02-23T19:52:18.9106095Z  * [new tag]             0.5.2                  -> 0.5.2
handle-success	Checkout repository	2026-02-23T19:52:18.9106471Z  * [new tag]             0.6.0                  -> 0.6.0
handle-success	Checkout repository	2026-02-23T19:52:18.9106844Z  * [new tag]             0.6.1                  -> 0.6.1
handle-success	Checkout repository	2026-02-23T19:52:18.9107220Z  * [new tag]             0.6.2                  -> 0.6.2
handle-success	Checkout repository	2026-02-23T19:52:18.9107780Z  * [new tag]             0.6.3                  -> 0.6.3
handle-success	Checkout repository	2026-02-23T19:52:18.9108160Z  * [new tag]             0.6.4                  -> 0.6.4
handle-success	Checkout repository	2026-02-23T19:52:18.9108529Z  * [new tag]             0.6.5                  -> 0.6.5
handle-success	Checkout repository	2026-02-23T19:52:18.9428235Z [command]/usr/bin/git branch --list --remote origin/main
handle-success	Checkout repository	2026-02-23T19:52:18.9506556Z   origin/main
handle-success	Checkout repository	2026-02-23T19:52:18.9517752Z [command]/usr/bin/git rev-parse refs/remotes/origin/main
handle-success	Checkout repository	2026-02-23T19:52:18.9551472Z 8ec2eb5b33279f90533d54d178a0f1efce52d31b
handle-success	Checkout repository	2026-02-23T19:52:18.9563168Z [command]/usr/bin/git -c protocol.version=2 fetch --no-tags --prune --no-recurse-submodules origin +171d15eed1d1186f0a1c4c7ca876347148bfc33a:refs/remotes/origin/main
handle-success	Checkout repository	2026-02-23T19:52:18.9751916Z From https://github.com/Ka0s-Klaus/ka0s
handle-success	Checkout repository	2026-02-23T19:52:18.9752662Z  + 8ec2eb5b3...171d15eed 171d15eed1d1186f0a1c4c7ca876347148bfc33a -> origin/main  (forced update)
handle-success	Checkout repository	2026-02-23T19:52:18.9788142Z ##[endgroup]
handle-success	Checkout repository	2026-02-23T19:52:18.9788687Z ##[group]Determining the checkout info
handle-success	Checkout repository	2026-02-23T19:52:18.9789626Z ##[endgroup]
handle-success	Checkout repository	2026-02-23T19:52:18.9794757Z [command]/usr/bin/git sparse-checkout disable
handle-success	Checkout repository	2026-02-23T19:52:18.9844801Z [command]/usr/bin/git config --local --unset-all extensions.worktreeConfig
handle-success	Checkout repository	2026-02-23T19:52:18.9880930Z ##[group]Checking out the ref
handle-success	Checkout repository	2026-02-23T19:52:18.9886291Z [command]/usr/bin/git checkout --progress --force -B main refs/remotes/origin/main
handle-success	Checkout repository	2026-02-23T19:52:19.2506024Z Switched to a new branch 'main'
handle-success	Checkout repository	2026-02-23T19:52:19.2520388Z branch 'main' set up to track 'origin/main'.
handle-success	Checkout repository	2026-02-23T19:52:19.2593485Z ##[endgroup]
handle-success	Checkout repository	2026-02-23T19:52:19.2655765Z [command]/usr/bin/git log -1 --format=%H
handle-success	Checkout repository	2026-02-23T19:52:19.2688981Z 171d15eed1d1186f0a1c4c7ca876347148bfc33a
handle-success	Success notification	ï»¿2026-02-23T19:52:19.2947803Z ##[group]Run echo "Cluster status audit completed successfully for run 22322274739."
handle-success	Success notification	2026-02-23T19:52:19.2948445Z [36;1mecho "Cluster status audit completed successfully for run 22322274739."[0m
handle-success	Success notification	2026-02-23T19:52:19.2966289Z shell: /usr/bin/bash -e {0}
handle-success	Success notification	2026-02-23T19:52:19.2966554Z env:
handle-success	Success notification	2026-02-23T19:52:19.2966764Z   KAOS_MODULE: [Ka0s] Audit Cluster Status
handle-success	Success notification	2026-02-23T19:52:19.2967029Z   KAOS_CODE: 22322274739
handle-success	Success notification	2026-02-23T19:52:19.2967666Z   GH_TOKEN: ***
handle-success	Success notification	2026-02-23T19:52:19.2967849Z ##[endgroup]
handle-success	Success notification	2026-02-23T19:52:19.3031865Z Cluster status audit completed successfully for run 22322274739.
handle-success	Post Checkout repository	ï»¿2026-02-23T19:52:19.3268843Z Post job cleanup.
handle-success	Post Checkout repository	2026-02-23T19:52:19.4371182Z [command]/usr/bin/git version
handle-success	Post Checkout repository	2026-02-23T19:52:19.4412905Z git version 2.52.0
handle-success	Post Checkout repository	2026-02-23T19:52:19.4473626Z Temporarily overriding HOME='/home/runner/_work/_temp/6ab6d8b8-411e-4cd8-8506-8c02e16fbbd6' before making global git config changes
handle-success	Post Checkout repository	2026-02-23T19:52:19.4474439Z Adding repository directory to the temporary git global config as a safe directory
handle-success	Post Checkout repository	2026-02-23T19:52:19.4477354Z [command]/usr/bin/git config --global --add safe.directory /home/runner/_work/ka0s/ka0s
handle-success	Post Checkout repository	2026-02-23T19:52:19.4523368Z [command]/usr/bin/git config --local --name-only --get-regexp core\.sshCommand
handle-success	Post Checkout repository	2026-02-23T19:52:19.4569612Z [command]/usr/bin/git submodule foreach --recursive sh -c "git config --local --name-only --get-regexp 'core\.sshCommand' && git config --local --unset-all 'core.sshCommand' || :"
handle-success	Post Checkout repository	2026-02-23T19:52:19.4903376Z [command]/usr/bin/git config --local --name-only --get-regexp http\.https\:\/\/github\.com\/\.extraheader
handle-success	Post Checkout repository	2026-02-23T19:52:19.4941434Z http.https://github.com/.extraheader
handle-success	Post Checkout repository	2026-02-23T19:52:19.4954138Z [command]/usr/bin/git config --local --unset-all http.https://github.com/.extraheader
handle-success	Post Checkout repository	2026-02-23T19:52:19.4994658Z [command]/usr/bin/git submodule foreach --recursive sh -c "git config --local --name-only --get-regexp 'http\.https\:\/\/github\.com\/\.extraheader' && git config --local --unset-all 'http.https://github.com/.extraheader' || :"
handle-success	Post Checkout repository	2026-02-23T19:52:19.5310582Z [command]/usr/bin/git config --local --name-only --get-regexp ^includeIf\.gitdir:
handle-success	Post Checkout repository	2026-02-23T19:52:19.5351129Z [command]/usr/bin/git submodule foreach --recursive git config --local --show-origin --name-only --get-regexp remote.origin.url
handle-success	Complete job	ï»¿2026-02-23T19:52:19.5822825Z Cleaning up orphan processes
end-workflow	Set up job	ï»¿2026-02-23T19:52:31.8475213Z Current runner version: '2.331.0'
end-workflow	Set up job	2026-02-23T19:52:31.8484496Z Runner name: 'swarm-runners-scaleset-hkss5-runner-mt7fq'
end-workflow	Set up job	2026-02-23T19:52:31.8485509Z Runner group name: 'Default'
end-workflow	Set up job	2026-02-23T19:52:31.8486529Z Machine name: 'swarm-runners-scaleset-hkss5-runner-mt7fq'
end-workflow	Set up job	2026-02-23T19:52:31.8507230Z ##[group]GITHUB_TOKEN Permissions
end-workflow	Set up job	2026-02-23T19:52:31.8511419Z Actions: write
end-workflow	Set up job	2026-02-23T19:52:31.8512090Z Contents: write
end-workflow	Set up job	2026-02-23T19:52:31.8512636Z Issues: write
end-workflow	Set up job	2026-02-23T19:52:31.8513364Z Metadata: read
end-workflow	Set up job	2026-02-23T19:52:31.8513949Z ##[endgroup]
end-workflow	Set up job	2026-02-23T19:52:31.8516295Z Secret source: Actions
end-workflow	Set up job	2026-02-23T19:52:31.8517219Z Prepare workflow directory
end-workflow	Set up job	2026-02-23T19:52:31.9214783Z Prepare all required actions
end-workflow	Set up job	2026-02-23T19:52:31.9313558Z Getting action download info
end-workflow	Set up job	2026-02-23T19:52:32.5163914Z Download action repository 'actions/checkout@v4' (SHA:34e114876b0b11c390a56381ad16ebd13914f8d5)
end-workflow	Set up job	2026-02-23T19:52:33.4046330Z Complete job name: end-workflow
end-workflow	Checkout repository	ï»¿2026-02-23T19:52:33.4868564Z ##[group]Run actions/checkout@v4
end-workflow	Checkout repository	2026-02-23T19:52:33.4869664Z with:
end-workflow	Checkout repository	2026-02-23T19:52:33.4870117Z   fetch-depth: 0
end-workflow	Checkout repository	2026-02-23T19:52:33.4870773Z   repository: Ka0s-Klaus/ka0s
end-workflow	Checkout repository	2026-02-23T19:52:33.4871592Z   token: ***
end-workflow	Checkout repository	2026-02-23T19:52:33.4872029Z   ssh-strict: true
end-workflow	Checkout repository	2026-02-23T19:52:33.4872457Z   ssh-user: git
end-workflow	Checkout repository	2026-02-23T19:52:33.4872900Z   persist-credentials: true
end-workflow	Checkout repository	2026-02-23T19:52:33.4873386Z   clean: true
end-workflow	Checkout repository	2026-02-23T19:52:33.4873832Z   sparse-checkout-cone-mode: true
end-workflow	Checkout repository	2026-02-23T19:52:33.4874368Z   fetch-tags: false
end-workflow	Checkout repository	2026-02-23T19:52:33.4874818Z   show-progress: true
end-workflow	Checkout repository	2026-02-23T19:52:33.4875270Z   lfs: false
end-workflow	Checkout repository	2026-02-23T19:52:33.4875701Z   submodules: false
end-workflow	Checkout repository	2026-02-23T19:52:33.4876153Z   set-safe-directory: true
end-workflow	Checkout repository	2026-02-23T19:52:33.4876936Z env:
end-workflow	Checkout repository	2026-02-23T19:52:33.4877404Z   KAOS_MODULE: [Ka0s] Audit Cluster Status
end-workflow	Checkout repository	2026-02-23T19:52:33.4877980Z   KAOS_CODE: 22322274739
end-workflow	Checkout repository	2026-02-23T19:52:33.4878444Z ##[endgroup]
end-workflow	Checkout repository	2026-02-23T19:52:33.6727486Z Syncing repository: Ka0s-Klaus/ka0s
end-workflow	Checkout repository	2026-02-23T19:52:33.6729842Z ##[group]Getting Git version info
end-workflow	Checkout repository	2026-02-23T19:52:33.6740893Z Working directory is '/home/runner/_work/ka0s/ka0s'
end-workflow	Checkout repository	2026-02-23T19:52:33.6742090Z [command]/usr/bin/git version
end-workflow	Checkout repository	2026-02-23T19:52:33.6742616Z git version 2.52.0
end-workflow	Checkout repository	2026-02-23T19:52:33.6744333Z ##[endgroup]
end-workflow	Checkout repository	2026-02-23T19:52:33.6790669Z Temporarily overriding HOME='/home/runner/_work/_temp/b3c1a9ca-0971-4dab-ace9-31543c2383fd' before making global git config changes
end-workflow	Checkout repository	2026-02-23T19:52:33.6792528Z Adding repository directory to the temporary git global config as a safe directory
end-workflow	Checkout repository	2026-02-23T19:52:33.6793830Z [command]/usr/bin/git config --global --add safe.directory /home/runner/_work/ka0s/ka0s
end-workflow	Checkout repository	2026-02-23T19:52:33.6795622Z Deleting the contents of '/home/runner/_work/ka0s/ka0s'
end-workflow	Checkout repository	2026-02-23T19:52:33.6796731Z ##[group]Initializing the repository
end-workflow	Checkout repository	2026-02-23T19:52:33.6797414Z [command]/usr/bin/git init /home/runner/_work/ka0s/ka0s
end-workflow	Checkout repository	2026-02-23T19:52:33.6798289Z hint: Using 'master' as the name for the initial branch. This default branch name
end-workflow	Checkout repository	2026-02-23T19:52:33.6799279Z hint: will change to "main" in Git 3.0. To configure the initial branch name
end-workflow	Checkout repository	2026-02-23T19:52:33.6810450Z hint: to use in all of your new repositories, which will suppress this warning,
end-workflow	Checkout repository	2026-02-23T19:52:33.6811328Z hint: call:
end-workflow	Checkout repository	2026-02-23T19:52:33.6811728Z hint:
end-workflow	Checkout repository	2026-02-23T19:52:33.6812233Z hint: 	git config --global init.defaultBranch <name>
end-workflow	Checkout repository	2026-02-23T19:52:33.6812859Z hint:
end-workflow	Checkout repository	2026-02-23T19:52:33.6813445Z hint: Names commonly chosen instead of 'master' are 'main', 'trunk' and
end-workflow	Checkout repository	2026-02-23T19:52:33.6814423Z hint: 'development'. The just-created branch can be renamed via this command:
end-workflow	Checkout repository	2026-02-23T19:52:33.6815192Z hint:
end-workflow	Checkout repository	2026-02-23T19:52:33.6815598Z hint: 	git branch -m <name>
end-workflow	Checkout repository	2026-02-23T19:52:33.6816075Z hint:
end-workflow	Checkout repository	2026-02-23T19:52:33.6817208Z hint: Disable this message with "git config set advice.defaultBranchName false"
end-workflow	Checkout repository	2026-02-23T19:52:33.6818258Z Initialized empty Git repository in /home/runner/_work/ka0s/ka0s/.git/
end-workflow	Checkout repository	2026-02-23T19:52:33.6820093Z [command]/usr/bin/git remote add origin https://github.com/Ka0s-Klaus/ka0s
end-workflow	Checkout repository	2026-02-23T19:52:33.6836105Z ##[endgroup]
end-workflow	Checkout repository	2026-02-23T19:52:33.6837770Z ##[group]Disabling automatic garbage collection
end-workflow	Checkout repository	2026-02-23T19:52:33.6838493Z [command]/usr/bin/git config --local gc.auto 0
end-workflow	Checkout repository	2026-02-23T19:52:33.6839912Z ##[endgroup]
end-workflow	Checkout repository	2026-02-23T19:52:33.6840909Z ##[group]Setting up auth
end-workflow	Checkout repository	2026-02-23T19:52:33.6841654Z [command]/usr/bin/git config --local --name-only --get-regexp core\.sshCommand
end-workflow	Checkout repository	2026-02-23T19:52:33.6844053Z [command]/usr/bin/git submodule foreach --recursive sh -c "git config --local --name-only --get-regexp 'core\.sshCommand' && git config --local --unset-all 'core.sshCommand' || :"
end-workflow	Checkout repository	2026-02-23T19:52:33.7274975Z [command]/usr/bin/git config --local --name-only --get-regexp http\.https\:\/\/github\.com\/\.extraheader
end-workflow	Checkout repository	2026-02-23T19:52:33.7343258Z [command]/usr/bin/git submodule foreach --recursive sh -c "git config --local --name-only --get-regexp 'http\.https\:\/\/github\.com\/\.extraheader' && git config --local --unset-all 'http.https://github.com/.extraheader' || :"
end-workflow	Checkout repository	2026-02-23T19:52:33.7707560Z [command]/usr/bin/git config --local --name-only --get-regexp ^includeIf\.gitdir:
end-workflow	Checkout repository	2026-02-23T19:52:33.7765029Z [command]/usr/bin/git submodule foreach --recursive git config --local --show-origin --name-only --get-regexp remote.origin.url
end-workflow	Checkout repository	2026-02-23T19:52:33.8152633Z [command]/usr/bin/git config --local http.https://github.com/.extraheader AUTHORIZATION: basic ***
end-workflow	Checkout repository	2026-02-23T19:52:33.8215987Z ##[endgroup]
end-workflow	Checkout repository	2026-02-23T19:52:33.8222115Z ##[group]Fetching the repository
end-workflow	Checkout repository	2026-02-23T19:52:33.8235611Z [command]/usr/bin/git -c protocol.version=2 fetch --prune --no-recurse-submodules origin +refs/heads/*:refs/remotes/origin/* +refs/tags/*:refs/tags/*
end-workflow	Checkout repository	2026-02-23T19:53:01.1073497Z From https://github.com/Ka0s-Klaus/ka0s
end-workflow	Checkout repository	2026-02-23T19:53:01.1074787Z  * [new branch]          F3450-modelo-operativo -> origin/F3450-modelo-operativo
end-workflow	Checkout repository	2026-02-23T19:53:01.1075826Z  * [new branch]          H1276-modulo-observabilidad -> origin/H1276-modulo-observabilidad
end-workflow	Checkout repository	2026-02-23T19:53:01.1081642Z  * [new branch]          H3596-deploy-itop      -> origin/H3596-deploy-itop
end-workflow	Checkout repository	2026-02-23T19:53:01.1082501Z  * [new branch]          H4170-flujo-detallado-zabbix---github -> origin/H4170-flujo-detallado-zabbix---github
end-workflow	Checkout repository	2026-02-23T19:53:01.1083255Z  * [new branch]          H4191-request-cambios  -> origin/H4191-request-cambios
end-workflow	Checkout repository	2026-02-23T19:53:01.1084159Z  * [new branch]          H4200-request-recomendaciones-de-auditoria -> origin/H4200-request-recomendaciones-de-auditoria
end-workflow	Checkout repository	2026-02-23T19:53:01.1084859Z  * [new branch]          main                   -> origin/main
end-workflow	Checkout repository	2026-02-23T19:53:01.1085271Z  * [new tag]             0.0.0                  -> 0.0.0
end-workflow	Checkout repository	2026-02-23T19:53:01.1085690Z  * [new tag]             0.0.1                  -> 0.0.1
end-workflow	Checkout repository	2026-02-23T19:53:01.1086074Z  * [new tag]             0.0.10                 -> 0.0.10
end-workflow	Checkout repository	2026-02-23T19:53:01.1086502Z  * [new tag]             0.0.100                -> 0.0.100
end-workflow	Checkout repository	2026-02-23T19:53:01.1086910Z  * [new tag]             0.0.101                -> 0.0.101
end-workflow	Checkout repository	2026-02-23T19:53:01.1087442Z  * [new tag]             0.0.102                -> 0.0.102
end-workflow	Checkout repository	2026-02-23T19:53:01.1087950Z  * [new tag]             0.0.103                -> 0.0.103
end-workflow	Checkout repository	2026-02-23T19:53:01.1088389Z  * [new tag]             0.0.104                -> 0.0.104
end-workflow	Checkout repository	2026-02-23T19:53:01.1088810Z  * [new tag]             0.0.105                -> 0.0.105
end-workflow	Checkout repository	2026-02-23T19:53:01.1089213Z  * [new tag]             0.0.106                -> 0.0.106
end-workflow	Checkout repository	2026-02-23T19:53:01.1111578Z  * [new tag]             0.0.107                -> 0.0.107
end-workflow	Checkout repository	2026-02-23T19:53:01.1112080Z  * [new tag]             0.0.108                -> 0.0.108
end-workflow	Checkout repository	2026-02-23T19:53:01.1112493Z  * [new tag]             0.0.109                -> 0.0.109
end-workflow	Checkout repository	2026-02-23T19:53:01.1112897Z  * [new tag]             0.0.11                 -> 0.0.11
end-workflow	Checkout repository	2026-02-23T19:53:01.1113307Z  * [new tag]             0.0.110                -> 0.0.110
end-workflow	Checkout repository	2026-02-23T19:53:01.1113712Z  * [new tag]             0.0.111                -> 0.0.111
end-workflow	Checkout repository	2026-02-23T19:53:01.1114113Z  * [new tag]             0.0.112                -> 0.0.112
end-workflow	Checkout repository	2026-02-23T19:53:01.1114506Z  * [new tag]             0.0.113                -> 0.0.113
end-workflow	Checkout repository	2026-02-23T19:53:01.1115454Z  * [new tag]             0.0.114                -> 0.0.114
end-workflow	Checkout repository	2026-02-23T19:53:01.1115864Z  * [new tag]             0.0.115                -> 0.0.115
end-workflow	Checkout repository	2026-02-23T19:53:01.1116271Z  * [new tag]             0.0.116                -> 0.0.116
end-workflow	Checkout repository	2026-02-23T19:53:01.1116742Z  * [new tag]             0.0.117                -> 0.0.117
end-workflow	Checkout repository	2026-02-23T19:53:01.1117205Z  * [new tag]             0.0.118                -> 0.0.118
end-workflow	Checkout repository	2026-02-23T19:53:01.1117607Z  * [new tag]             0.0.119                -> 0.0.119
end-workflow	Checkout repository	2026-02-23T19:53:01.1118002Z  * [new tag]             0.0.12                 -> 0.0.12
end-workflow	Checkout repository	2026-02-23T19:53:01.1118406Z  * [new tag]             0.0.120                -> 0.0.120
end-workflow	Checkout repository	2026-02-23T19:53:01.1118800Z  * [new tag]             0.0.121                -> 0.0.121
end-workflow	Checkout repository	2026-02-23T19:53:01.1119202Z  * [new tag]             0.0.122                -> 0.0.122
end-workflow	Checkout repository	2026-02-23T19:53:01.1119593Z  * [new tag]             0.0.123                -> 0.0.123
end-workflow	Checkout repository	2026-02-23T19:53:01.1139191Z  * [new tag]             0.0.124                -> 0.0.124
end-workflow	Checkout repository	2026-02-23T19:53:01.1139633Z  * [new tag]             0.0.125                -> 0.0.125
end-workflow	Checkout repository	2026-02-23T19:53:01.1140037Z  * [new tag]             0.0.126                -> 0.0.126
end-workflow	Checkout repository	2026-02-23T19:53:01.1140475Z  * [new tag]             0.0.127                -> 0.0.127
end-workflow	Checkout repository	2026-02-23T19:53:01.1140874Z  * [new tag]             0.0.128                -> 0.0.128
end-workflow	Checkout repository	2026-02-23T19:53:01.1141383Z  * [new tag]             0.0.129                -> 0.0.129
end-workflow	Checkout repository	2026-02-23T19:53:01.1141770Z  * [new tag]             0.0.13                 -> 0.0.13
end-workflow	Checkout repository	2026-02-23T19:53:01.1142163Z  * [new tag]             0.0.130                -> 0.0.130
end-workflow	Checkout repository	2026-02-23T19:53:01.1142550Z  * [new tag]             0.0.131                -> 0.0.131
end-workflow	Checkout repository	2026-02-23T19:53:01.1142943Z  * [new tag]             0.0.132                -> 0.0.132
end-workflow	Checkout repository	2026-02-23T19:53:01.1143470Z  * [new tag]             0.0.133                -> 0.0.133
end-workflow	Checkout repository	2026-02-23T19:53:01.1143986Z  * [new tag]             0.0.134                -> 0.0.134
end-workflow	Checkout repository	2026-02-23T19:53:01.1144687Z  * [new tag]             0.0.135                -> 0.0.135
end-workflow	Checkout repository	2026-02-23T19:53:01.1145214Z  * [new tag]             0.0.136                -> 0.0.136
end-workflow	Checkout repository	2026-02-23T19:53:01.1145615Z  * [new tag]             0.0.137                -> 0.0.137
end-workflow	Checkout repository	2026-02-23T19:53:01.1146010Z  * [new tag]             0.0.138                -> 0.0.138
end-workflow	Checkout repository	2026-02-23T19:53:01.1146530Z  * [new tag]             0.0.139                -> 0.0.139
end-workflow	Checkout repository	2026-02-23T19:53:01.1146920Z  * [new tag]             0.0.14                 -> 0.0.14
end-workflow	Checkout repository	2026-02-23T19:53:01.1147309Z  * [new tag]             0.0.140                -> 0.0.140
end-workflow	Checkout repository	2026-02-23T19:53:01.1147693Z  * [new tag]             0.0.141                -> 0.0.141
end-workflow	Checkout repository	2026-02-23T19:53:01.1148081Z  * [new tag]             0.0.142                -> 0.0.142
end-workflow	Checkout repository	2026-02-23T19:53:01.1148472Z  * [new tag]             0.0.143                -> 0.0.143
end-workflow	Checkout repository	2026-02-23T19:53:01.1148858Z  * [new tag]             0.0.144                -> 0.0.144
end-workflow	Checkout repository	2026-02-23T19:53:01.1149262Z  * [new tag]             0.0.145                -> 0.0.145
end-workflow	Checkout repository	2026-02-23T19:53:01.1149656Z  * [new tag]             0.0.146                -> 0.0.146
end-workflow	Checkout repository	2026-02-23T19:53:01.1150053Z  * [new tag]             0.0.147                -> 0.0.147
end-workflow	Checkout repository	2026-02-23T19:53:01.1150705Z  * [new tag]             0.0.148                -> 0.0.148
end-workflow	Checkout repository	2026-02-23T19:53:01.1151110Z  * [new tag]             0.0.149                -> 0.0.149
end-workflow	Checkout repository	2026-02-23T19:53:01.1151631Z  * [new tag]             0.0.15                 -> 0.0.15
end-workflow	Checkout repository	2026-02-23T19:53:01.1152100Z  * [new tag]             0.0.150                -> 0.0.150
end-workflow	Checkout repository	2026-02-23T19:53:01.1152480Z  * [new tag]             0.0.151                -> 0.0.151
end-workflow	Checkout repository	2026-02-23T19:53:01.1152851Z  * [new tag]             0.0.152                -> 0.0.152
end-workflow	Checkout repository	2026-02-23T19:53:01.1153240Z  * [new tag]             0.0.153                -> 0.0.153
end-workflow	Checkout repository	2026-02-23T19:53:01.1153634Z  * [new tag]             0.0.154                -> 0.0.154
end-workflow	Checkout repository	2026-02-23T19:53:01.1154020Z  * [new tag]             0.0.155                -> 0.0.155
end-workflow	Checkout repository	2026-02-23T19:53:01.1154422Z  * [new tag]             0.0.156                -> 0.0.156
end-workflow	Checkout repository	2026-02-23T19:53:01.1155051Z  * [new tag]             0.0.157                -> 0.0.157
end-workflow	Checkout repository	2026-02-23T19:53:01.1155442Z  * [new tag]             0.0.158                -> 0.0.158
end-workflow	Checkout repository	2026-02-23T19:53:01.1155825Z  * [new tag]             0.0.159                -> 0.0.159
end-workflow	Checkout repository	2026-02-23T19:53:01.1156216Z  * [new tag]             0.0.16                 -> 0.0.16
end-workflow	Checkout repository	2026-02-23T19:53:01.1156604Z  * [new tag]             0.0.160                -> 0.0.160
end-workflow	Checkout repository	2026-02-23T19:53:01.1157110Z  * [new tag]             0.0.161                -> 0.0.161
end-workflow	Checkout repository	2026-02-23T19:53:01.1157802Z  * [new tag]             0.0.162                -> 0.0.162
end-workflow	Checkout repository	2026-02-23T19:53:01.1158208Z  * [new tag]             0.0.163                -> 0.0.163
end-workflow	Checkout repository	2026-02-23T19:53:01.1158720Z  * [new tag]             0.0.164                -> 0.0.164
end-workflow	Checkout repository	2026-02-23T19:53:01.1159100Z  * [new tag]             0.0.165                -> 0.0.165
end-workflow	Checkout repository	2026-02-23T19:53:01.1159490Z  * [new tag]             0.0.166                -> 0.0.166
end-workflow	Checkout repository	2026-02-23T19:53:01.1160105Z  * [new tag]             0.0.167                -> 0.0.167
end-workflow	Checkout repository	2026-02-23T19:53:01.1160820Z  * [new tag]             0.0.168                -> 0.0.168
end-workflow	Checkout repository	2026-02-23T19:53:01.1161235Z  * [new tag]             0.0.169                -> 0.0.169
end-workflow	Checkout repository	2026-02-23T19:53:01.1161750Z  * [new tag]             0.0.17                 -> 0.0.17
end-workflow	Checkout repository	2026-02-23T19:53:01.1162137Z  * [new tag]             0.0.170                -> 0.0.170
end-workflow	Checkout repository	2026-02-23T19:53:01.1162520Z  * [new tag]             0.0.171                -> 0.0.171
end-workflow	Checkout repository	2026-02-23T19:53:01.1162906Z  * [new tag]             0.0.172                -> 0.0.172
end-workflow	Checkout repository	2026-02-23T19:53:01.1163292Z  * [new tag]             0.0.173                -> 0.0.173
end-workflow	Checkout repository	2026-02-23T19:53:01.1163672Z  * [new tag]             0.0.174                -> 0.0.174
end-workflow	Checkout repository	2026-02-23T19:53:01.1164059Z  * [new tag]             0.0.175                -> 0.0.175
end-workflow	Checkout repository	2026-02-23T19:53:01.1231989Z  * [new tag]             0.0.176                -> 0.0.176
end-workflow	Checkout repository	2026-02-23T19:53:01.1232965Z  * [new tag]             0.0.177                -> 0.0.177
end-workflow	Checkout repository	2026-02-23T19:53:01.1233441Z  * [new tag]             0.0.178                -> 0.0.178
end-workflow	Checkout repository	2026-02-23T19:53:01.1233848Z  * [new tag]             0.0.179                -> 0.0.179
end-workflow	Checkout repository	2026-02-23T19:53:01.1234247Z  * [new tag]             0.0.18                 -> 0.0.18
end-workflow	Checkout repository	2026-02-23T19:53:01.1234648Z  * [new tag]             0.0.19                 -> 0.0.19
end-workflow	Checkout repository	2026-02-23T19:53:01.1235049Z  * [new tag]             0.0.2                  -> 0.0.2
end-workflow	Checkout repository	2026-02-23T19:53:01.1235447Z  * [new tag]             0.0.20                 -> 0.0.20
end-workflow	Checkout repository	2026-02-23T19:53:01.1235999Z  * [new tag]             0.0.21                 -> 0.0.21
end-workflow	Checkout repository	2026-02-23T19:53:01.1236422Z  * [new tag]             0.0.22                 -> 0.0.22
end-workflow	Checkout repository	2026-02-23T19:53:01.1236865Z  * [new tag]             0.0.23                 -> 0.0.23
end-workflow	Checkout repository	2026-02-23T19:53:01.1237286Z  * [new tag]             0.0.24                 -> 0.0.24
end-workflow	Checkout repository	2026-02-23T19:53:01.1237705Z  * [new tag]             0.0.25                 -> 0.0.25
end-workflow	Checkout repository	2026-02-23T19:53:01.1238129Z  * [new tag]             0.0.26                 -> 0.0.26
end-workflow	Checkout repository	2026-02-23T19:53:01.1238541Z  * [new tag]             0.0.27                 -> 0.0.27
end-workflow	Checkout repository	2026-02-23T19:53:01.1238948Z  * [new tag]             0.0.28                 -> 0.0.28
end-workflow	Checkout repository	2026-02-23T19:53:01.1239369Z  * [new tag]             0.0.29                 -> 0.0.29
end-workflow	Checkout repository	2026-02-23T19:53:01.1239775Z  * [new tag]             0.0.3                  -> 0.0.3
end-workflow	Checkout repository	2026-02-23T19:53:01.1240194Z  * [new tag]             0.0.30                 -> 0.0.30
end-workflow	Checkout repository	2026-02-23T19:53:01.1240760Z  * [new tag]             0.0.31                 -> 0.0.31
end-workflow	Checkout repository	2026-02-23T19:53:01.1241168Z  * [new tag]             0.0.32                 -> 0.0.32
end-workflow	Checkout repository	2026-02-23T19:53:01.1241578Z  * [new tag]             0.0.33                 -> 0.0.33
end-workflow	Checkout repository	2026-02-23T19:53:01.1241983Z  * [new tag]             0.0.34                 -> 0.0.34
end-workflow	Checkout repository	2026-02-23T19:53:01.1242391Z  * [new tag]             0.0.35                 -> 0.0.35
end-workflow	Checkout repository	2026-02-23T19:53:01.1242791Z  * [new tag]             0.0.36                 -> 0.0.36
end-workflow	Checkout repository	2026-02-23T19:53:01.1243518Z  * [new tag]             0.0.37                 -> 0.0.37
end-workflow	Checkout repository	2026-02-23T19:53:01.1243925Z  * [new tag]             0.0.38                 -> 0.0.38
end-workflow	Checkout repository	2026-02-23T19:53:01.1244325Z  * [new tag]             0.0.39                 -> 0.0.39
end-workflow	Checkout repository	2026-02-23T19:53:01.1244731Z  * [new tag]             0.0.4                  -> 0.0.4
end-workflow	Checkout repository	2026-02-23T19:53:01.1245131Z  * [new tag]             0.0.40                 -> 0.0.40
end-workflow	Checkout repository	2026-02-23T19:53:01.1245539Z  * [new tag]             0.0.41                 -> 0.0.41
end-workflow	Checkout repository	2026-02-23T19:53:01.1245963Z  * [new tag]             0.0.42                 -> 0.0.42
end-workflow	Checkout repository	2026-02-23T19:53:01.1246391Z  * [new tag]             0.0.43                 -> 0.0.43
end-workflow	Checkout repository	2026-02-23T19:53:01.1246842Z  * [new tag]             0.0.44                 -> 0.0.44
end-workflow	Checkout repository	2026-02-23T19:53:01.1247249Z  * [new tag]             0.0.45                 -> 0.0.45
end-workflow	Checkout repository	2026-02-23T19:53:01.1247663Z  * [new tag]             0.0.46                 -> 0.0.46
end-workflow	Checkout repository	2026-02-23T19:53:01.1248067Z  * [new tag]             0.0.47                 -> 0.0.47
end-workflow	Checkout repository	2026-02-23T19:53:01.1248706Z  * [new tag]             0.0.48                 -> 0.0.48
end-workflow	Checkout repository	2026-02-23T19:53:01.1249105Z  * [new tag]             0.0.49                 -> 0.0.49
end-workflow	Checkout repository	2026-02-23T19:53:01.1249511Z  * [new tag]             0.0.5                  -> 0.0.5
end-workflow	Checkout repository	2026-02-23T19:53:01.1249908Z  * [new tag]             0.0.50                 -> 0.0.50
end-workflow	Checkout repository	2026-02-23T19:53:01.1250443Z  * [new tag]             0.0.51                 -> 0.0.51
end-workflow	Checkout repository	2026-02-23T19:53:01.1250867Z  * [new tag]             0.0.52                 -> 0.0.52
end-workflow	Checkout repository	2026-02-23T19:53:01.1251268Z  * [new tag]             0.0.53                 -> 0.0.53
end-workflow	Checkout repository	2026-02-23T19:53:01.1251670Z  * [new tag]             0.0.54                 -> 0.0.54
end-workflow	Checkout repository	2026-02-23T19:53:01.1252072Z  * [new tag]             0.0.55                 -> 0.0.55
end-workflow	Checkout repository	2026-02-23T19:53:01.1252475Z  * [new tag]             0.0.56                 -> 0.0.56
end-workflow	Checkout repository	2026-02-23T19:53:01.1252873Z  * [new tag]             0.0.57                 -> 0.0.57
end-workflow	Checkout repository	2026-02-23T19:53:01.1253275Z  * [new tag]             0.0.58                 -> 0.0.58
end-workflow	Checkout repository	2026-02-23T19:53:01.1253687Z  * [new tag]             0.0.59                 -> 0.0.59
end-workflow	Checkout repository	2026-02-23T19:53:01.1254080Z  * [new tag]             0.0.6                  -> 0.0.6
end-workflow	Checkout repository	2026-02-23T19:53:01.1254472Z  * [new tag]             0.0.60                 -> 0.0.60
end-workflow	Checkout repository	2026-02-23T19:53:01.1254865Z  * [new tag]             0.0.61                 -> 0.0.61
end-workflow	Checkout repository	2026-02-23T19:53:01.1255261Z  * [new tag]             0.0.62                 -> 0.0.62
end-workflow	Checkout repository	2026-02-23T19:53:01.1255654Z  * [new tag]             0.0.63                 -> 0.0.63
end-workflow	Checkout repository	2026-02-23T19:53:01.1256049Z  * [new tag]             0.0.64                 -> 0.0.64
end-workflow	Checkout repository	2026-02-23T19:53:01.1256446Z  * [new tag]             0.0.65                 -> 0.0.65
end-workflow	Checkout repository	2026-02-23T19:53:01.1256838Z  * [new tag]             0.0.66                 -> 0.0.66
end-workflow	Checkout repository	2026-02-23T19:53:01.1257239Z  * [new tag]             0.0.67                 -> 0.0.67
end-workflow	Checkout repository	2026-02-23T19:53:01.1257633Z  * [new tag]             0.0.68                 -> 0.0.68
end-workflow	Checkout repository	2026-02-23T19:53:01.1258036Z  * [new tag]             0.0.69                 -> 0.0.69
end-workflow	Checkout repository	2026-02-23T19:53:01.1258437Z  * [new tag]             0.0.7                  -> 0.0.7
end-workflow	Checkout repository	2026-02-23T19:53:01.1258832Z  * [new tag]             0.0.70                 -> 0.0.70
end-workflow	Checkout repository	2026-02-23T19:53:01.1259229Z  * [new tag]             0.0.71                 -> 0.0.71
end-workflow	Checkout repository	2026-02-23T19:53:01.1259625Z  * [new tag]             0.0.72                 -> 0.0.72
end-workflow	Checkout repository	2026-02-23T19:53:01.1260026Z  * [new tag]             0.0.73                 -> 0.0.73
end-workflow	Checkout repository	2026-02-23T19:53:01.1260944Z  * [new tag]             0.0.74                 -> 0.0.74
end-workflow	Checkout repository	2026-02-23T19:53:01.1261352Z  * [new tag]             0.0.75                 -> 0.0.75
end-workflow	Checkout repository	2026-02-23T19:53:01.1261746Z  * [new tag]             0.0.76                 -> 0.0.76
end-workflow	Checkout repository	2026-02-23T19:53:01.1262147Z  * [new tag]             0.0.77                 -> 0.0.77
end-workflow	Checkout repository	2026-02-23T19:53:01.1262542Z  * [new tag]             0.0.78                 -> 0.0.78
end-workflow	Checkout repository	2026-02-23T19:53:01.1262933Z  * [new tag]             0.0.79                 -> 0.0.79
end-workflow	Checkout repository	2026-02-23T19:53:01.1263343Z  * [new tag]             0.0.8                  -> 0.0.8
end-workflow	Checkout repository	2026-02-23T19:53:01.1263965Z  * [new tag]             0.0.80                 -> 0.0.80
end-workflow	Checkout repository	2026-02-23T19:53:01.1264368Z  * [new tag]             0.0.81                 -> 0.0.81
end-workflow	Checkout repository	2026-02-23T19:53:01.1264760Z  * [new tag]             0.0.82                 -> 0.0.82
end-workflow	Checkout repository	2026-02-23T19:53:01.1265158Z  * [new tag]             0.0.83                 -> 0.0.83
end-workflow	Checkout repository	2026-02-23T19:53:01.1265555Z  * [new tag]             0.0.84                 -> 0.0.84
end-workflow	Checkout repository	2026-02-23T19:53:01.1265951Z  * [new tag]             0.0.85                 -> 0.0.85
end-workflow	Checkout repository	2026-02-23T19:53:01.1266348Z  * [new tag]             0.0.86                 -> 0.0.86
end-workflow	Checkout repository	2026-02-23T19:53:01.1266740Z  * [new tag]             0.0.87                 -> 0.0.87
end-workflow	Checkout repository	2026-02-23T19:53:01.1267137Z  * [new tag]             0.0.88                 -> 0.0.88
end-workflow	Checkout repository	2026-02-23T19:53:01.1267528Z  * [new tag]             0.0.89                 -> 0.0.89
end-workflow	Checkout repository	2026-02-23T19:53:01.1268054Z  * [new tag]             0.0.9                  -> 0.0.9
end-workflow	Checkout repository	2026-02-23T19:53:01.1268667Z  * [new tag]             0.0.90                 -> 0.0.90
end-workflow	Checkout repository	2026-02-23T19:53:01.1269060Z  * [new tag]             0.0.91                 -> 0.0.91
end-workflow	Checkout repository	2026-02-23T19:53:01.1269459Z  * [new tag]             0.0.92                 -> 0.0.92
end-workflow	Checkout repository	2026-02-23T19:53:01.1269851Z  * [new tag]             0.0.93                 -> 0.0.93
end-workflow	Checkout repository	2026-02-23T19:53:01.1270253Z  * [new tag]             0.0.94                 -> 0.0.94
end-workflow	Checkout repository	2026-02-23T19:53:01.1270758Z  * [new tag]             0.0.95                 -> 0.0.95
end-workflow	Checkout repository	2026-02-23T19:53:01.1271155Z  * [new tag]             0.0.96                 -> 0.0.96
end-workflow	Checkout repository	2026-02-23T19:53:01.1271548Z  * [new tag]             0.0.97                 -> 0.0.97
end-workflow	Checkout repository	2026-02-23T19:53:01.1271937Z  * [new tag]             0.0.98                 -> 0.0.98
end-workflow	Checkout repository	2026-02-23T19:53:01.1272334Z  * [new tag]             0.0.99                 -> 0.0.99
end-workflow	Checkout repository	2026-02-23T19:53:01.1272730Z  * [new tag]             0.1.0                  -> 0.1.0
end-workflow	Checkout repository	2026-02-23T19:53:01.1273124Z  * [new tag]             0.1.1                  -> 0.1.1
end-workflow	Checkout repository	2026-02-23T19:53:01.1273530Z  * [new tag]             0.2.0                  -> 0.2.0
end-workflow	Checkout repository	2026-02-23T19:53:01.1273922Z  * [new tag]             0.3.0                  -> 0.3.0
end-workflow	Checkout repository	2026-02-23T19:53:01.1274323Z  * [new tag]             0.3.1                  -> 0.3.1
end-workflow	Checkout repository	2026-02-23T19:53:01.1274748Z  * [new tag]             0.3.10                 -> 0.3.10
end-workflow	Checkout repository	2026-02-23T19:53:01.1275145Z  * [new tag]             0.3.11                 -> 0.3.11
end-workflow	Checkout repository	2026-02-23T19:53:01.1275546Z  * [new tag]             0.3.12                 -> 0.3.12
end-workflow	Checkout repository	2026-02-23T19:53:01.1275937Z  * [new tag]             0.3.13                 -> 0.3.13
end-workflow	Checkout repository	2026-02-23T19:53:01.1276334Z  * [new tag]             0.3.14                 -> 0.3.14
end-workflow	Checkout repository	2026-02-23T19:53:01.1276734Z  * [new tag]             0.3.15                 -> 0.3.15
end-workflow	Checkout repository	2026-02-23T19:53:01.1277126Z  * [new tag]             0.3.16                 -> 0.3.16
end-workflow	Checkout repository	2026-02-23T19:53:01.1277525Z  * [new tag]             0.3.17                 -> 0.3.17
end-workflow	Checkout repository	2026-02-23T19:53:01.1277927Z  * [new tag]             0.3.2                  -> 0.3.2
end-workflow	Checkout repository	2026-02-23T19:53:01.1278334Z  * [new tag]             0.3.3                  -> 0.3.3
end-workflow	Checkout repository	2026-02-23T19:53:01.1278727Z  * [new tag]             0.3.4                  -> 0.3.4
end-workflow	Checkout repository	2026-02-23T19:53:01.1279121Z  * [new tag]             0.3.5                  -> 0.3.5
end-workflow	Checkout repository	2026-02-23T19:53:01.1279517Z  * [new tag]             0.3.6                  -> 0.3.6
end-workflow	Checkout repository	2026-02-23T19:53:01.1279907Z  * [new tag]             0.3.7                  -> 0.3.7
end-workflow	Checkout repository	2026-02-23T19:53:01.1280353Z  * [new tag]             0.3.8                  -> 0.3.8
end-workflow	Checkout repository	2026-02-23T19:53:01.1280747Z  * [new tag]             0.3.9                  -> 0.3.9
end-workflow	Checkout repository	2026-02-23T19:53:01.1281143Z  * [new tag]             0.4.0                  -> 0.4.0
end-workflow	Checkout repository	2026-02-23T19:53:01.1281534Z  * [new tag]             0.4.1                  -> 0.4.1
end-workflow	Checkout repository	2026-02-23T19:53:01.1281926Z  * [new tag]             0.4.2                  -> 0.4.2
end-workflow	Checkout repository	2026-02-23T19:53:01.1282319Z  * [new tag]             0.4.3                  -> 0.4.3
end-workflow	Checkout repository	2026-02-23T19:53:01.1282714Z  * [new tag]             0.4.4                  -> 0.4.4
end-workflow	Checkout repository	2026-02-23T19:53:01.1283354Z  * [new tag]             0.4.5                  -> 0.4.5
end-workflow	Checkout repository	2026-02-23T19:53:01.1283744Z  * [new tag]             0.4.6                  -> 0.4.6
end-workflow	Checkout repository	2026-02-23T19:53:01.1284141Z  * [new tag]             0.4.7                  -> 0.4.7
end-workflow	Checkout repository	2026-02-23T19:53:01.1284531Z  * [new tag]             0.4.8                  -> 0.4.8
end-workflow	Checkout repository	2026-02-23T19:53:01.1284923Z  * [new tag]             0.4.9                  -> 0.4.9
end-workflow	Checkout repository	2026-02-23T19:53:01.1285307Z  * [new tag]             0.5.0                  -> 0.5.0
end-workflow	Checkout repository	2026-02-23T19:53:01.1285698Z  * [new tag]             0.5.1                  -> 0.5.1
end-workflow	Checkout repository	2026-02-23T19:53:01.1286096Z  * [new tag]             0.5.2                  -> 0.5.2
end-workflow	Checkout repository	2026-02-23T19:53:01.1286584Z  * [new tag]             0.6.0                  -> 0.6.0
end-workflow	Checkout repository	2026-02-23T19:53:01.1286953Z  * [new tag]             0.6.1                  -> 0.6.1
end-workflow	Checkout repository	2026-02-23T19:53:01.1287319Z  * [new tag]             0.6.2                  -> 0.6.2
end-workflow	Checkout repository	2026-02-23T19:53:01.1287879Z  * [new tag]             0.6.3                  -> 0.6.3
end-workflow	Checkout repository	2026-02-23T19:53:01.1288258Z  * [new tag]             0.6.4                  -> 0.6.4
end-workflow	Checkout repository	2026-02-23T19:53:01.1288632Z  * [new tag]             0.6.5                  -> 0.6.5
end-workflow	Checkout repository	2026-02-23T19:53:01.1475540Z [command]/usr/bin/git branch --list --remote origin/main
end-workflow	Checkout repository	2026-02-23T19:53:01.1552380Z   origin/main
end-workflow	Checkout repository	2026-02-23T19:53:01.1565425Z [command]/usr/bin/git rev-parse refs/remotes/origin/main
end-workflow	Checkout repository	2026-02-23T19:53:01.1598330Z 8ec2eb5b33279f90533d54d178a0f1efce52d31b
end-workflow	Checkout repository	2026-02-23T19:53:01.1611212Z [command]/usr/bin/git -c protocol.version=2 fetch --no-tags --prune --no-recurse-submodules origin +171d15eed1d1186f0a1c4c7ca876347148bfc33a:refs/remotes/origin/main
end-workflow	Checkout repository	2026-02-23T19:53:01.1809149Z From https://github.com/Ka0s-Klaus/ka0s
end-workflow	Checkout repository	2026-02-23T19:53:01.1809963Z  + 8ec2eb5b3...171d15eed 171d15eed1d1186f0a1c4c7ca876347148bfc33a -> origin/main  (forced update)
end-workflow	Checkout repository	2026-02-23T19:53:01.1853229Z ##[endgroup]
end-workflow	Checkout repository	2026-02-23T19:53:01.1853814Z ##[group]Determining the checkout info
end-workflow	Checkout repository	2026-02-23T19:53:01.1854388Z ##[endgroup]
end-workflow	Checkout repository	2026-02-23T19:53:01.1857216Z [command]/usr/bin/git sparse-checkout disable
end-workflow	Checkout repository	2026-02-23T19:53:01.1917426Z [command]/usr/bin/git config --local --unset-all extensions.worktreeConfig
end-workflow	Checkout repository	2026-02-23T19:53:01.1977209Z ##[group]Checking out the ref
end-workflow	Checkout repository	2026-02-23T19:53:01.1978500Z [command]/usr/bin/git checkout --progress --force -B main refs/remotes/origin/main
end-workflow	Checkout repository	2026-02-23T19:53:01.4605754Z Switched to a new branch 'main'
end-workflow	Checkout repository	2026-02-23T19:53:01.4610257Z branch 'main' set up to track 'origin/main'.
end-workflow	Checkout repository	2026-02-23T19:53:01.4649659Z ##[endgroup]
end-workflow	Checkout repository	2026-02-23T19:53:01.4699453Z [command]/usr/bin/git log -1 --format=%H
end-workflow	Checkout repository	2026-02-23T19:53:01.4732371Z 171d15eed1d1186f0a1c4c7ca876347148bfc33a
end-workflow	Install GH CLI	ï»¿2026-02-23T19:53:01.5013277Z Prepare all required actions
end-workflow	Install GH CLI	2026-02-23T19:53:01.5081691Z ##[group]Run ./.github/actions/install-gh-cli
end-workflow	Install GH CLI	2026-02-23T19:53:01.5081999Z env:
end-workflow	Install GH CLI	2026-02-23T19:53:01.5082197Z   KAOS_MODULE: [Ka0s] Audit Cluster Status
end-workflow	Install GH CLI	2026-02-23T19:53:01.5082467Z   KAOS_CODE: 22322274739
end-workflow	Install GH CLI	2026-02-23T19:53:01.5082673Z ##[endgroup]
end-workflow	Install GH CLI	2026-02-23T19:53:01.5180483Z ##[group]Run type -p curl >/dev/null || (sudo apt-get update && sudo apt-get install curl -y)
end-workflow	Install GH CLI	2026-02-23T19:53:01.5181453Z [36;1mtype -p curl >/dev/null || (sudo apt-get update && sudo apt-get install curl -y)[0m
end-workflow	Install GH CLI	2026-02-23T19:53:01.5182475Z [36;1mcurl -fsSL https://cli.github.com/packages/githubcli-archive-keyring.gpg | sudo dd of=/usr/share/keyrings/githubcli-archive-keyring.gpg \[0m
end-workflow	Install GH CLI	2026-02-23T19:53:01.5183314Z [36;1m&& sudo chmod go+r /usr/share/keyrings/githubcli-archive-keyring.gpg \[0m
end-workflow	Install GH CLI	2026-02-23T19:53:01.5184457Z [36;1m&& echo "deb [arch=$(dpkg --print-architecture) signed-by=/usr/share/keyrings/githubcli-archive-keyring.gpg] https://cli.github.com/packages stable main" | sudo tee /etc/apt/sources.list.d/github-cli.list > /dev/null \[0m
end-workflow	Install GH CLI	2026-02-23T19:53:01.5185543Z [36;1m&& sudo apt-get update \[0m
end-workflow	Install GH CLI	2026-02-23T19:53:01.5185827Z [36;1m&& sudo apt-get install gh -y[0m
end-workflow	Install GH CLI	2026-02-23T19:53:01.5203345Z shell: /usr/bin/bash --noprofile --norc -e -o pipefail {0}
end-workflow	Install GH CLI	2026-02-23T19:53:01.5203979Z env:
end-workflow	Install GH CLI	2026-02-23T19:53:01.5204193Z   KAOS_MODULE: [Ka0s] Audit Cluster Status
end-workflow	Install GH CLI	2026-02-23T19:53:01.5204470Z   KAOS_CODE: 22322274739
end-workflow	Install GH CLI	2026-02-23T19:53:01.5204689Z ##[endgroup]
end-workflow	Install GH CLI	2026-02-23T19:53:01.7281096Z 4+1 records in
end-workflow	Install GH CLI	2026-02-23T19:53:01.7281659Z 4+1 records out
end-workflow	Install GH CLI	2026-02-23T19:53:01.7281960Z 2270 bytes (2.3 kB, 2.2 KiB) copied, 0.183924 s, 12.3 kB/s
end-workflow	Install GH CLI	2026-02-23T19:53:01.8676428Z Get:1 https://cli.github.com/packages stable InRelease [3917 B]
end-workflow	Install GH CLI	2026-02-23T19:53:01.9406479Z Get:2 http://archive.ubuntu.com/ubuntu noble InRelease [256 kB]
end-workflow	Install GH CLI	2026-02-23T19:53:01.9462415Z Get:3 http://security.ubuntu.com/ubuntu noble-security InRelease [126 kB]
end-workflow	Install GH CLI	2026-02-23T19:53:01.9664127Z Get:4 https://cli.github.com/packages stable/main amd64 Packages [357 B]
end-workflow	Install GH CLI	2026-02-23T19:53:02.2273228Z Get:5 http://archive.ubuntu.com/ubuntu noble-updates InRelease [126 kB]
end-workflow	Install GH CLI	2026-02-23T19:53:02.2956588Z Get:6 http://archive.ubuntu.com/ubuntu noble-backports InRelease [126 kB]
end-workflow	Install GH CLI	2026-02-23T19:53:02.3084649Z Get:7 http://security.ubuntu.com/ubuntu noble-security/main amd64 Packages [1861 kB]
end-workflow	Install GH CLI	2026-02-23T19:53:02.3929422Z Get:8 http://archive.ubuntu.com/ubuntu noble/restricted amd64 Packages [117 kB]
end-workflow	Install GH CLI	2026-02-23T19:53:02.4615006Z Get:9 http://archive.ubuntu.com/ubuntu noble/universe amd64 Packages [19.3 MB]
end-workflow	Install GH CLI	2026-02-23T19:53:02.5604755Z Get:10 https://ppa.launchpadcontent.net/git-core/ppa/ubuntu noble InRelease [24.3 kB]
end-workflow	Install GH CLI	2026-02-23T19:53:02.6071752Z Get:11 http://security.ubuntu.com/ubuntu noble-security/restricted amd64 Packages [3209 kB]
end-workflow	Install GH CLI	2026-02-23T19:53:02.6874417Z Get:12 http://security.ubuntu.com/ubuntu noble-security/universe amd64 Packages [1208 kB]
end-workflow	Install GH CLI	2026-02-23T19:53:02.7050006Z Get:13 https://ppa.launchpadcontent.net/git-core/ppa/ubuntu noble/main amd64 Packages [2992 B]
end-workflow	Install GH CLI	2026-02-23T19:53:02.7143566Z Get:14 http://security.ubuntu.com/ubuntu noble-security/multiverse amd64 Packages [34.8 kB]
end-workflow	Install GH CLI	2026-02-23T19:53:02.8991271Z Get:15 http://archive.ubuntu.com/ubuntu noble/multiverse amd64 Packages [331 kB]
end-workflow	Install GH CLI	2026-02-23T19:53:02.9008653Z Get:16 http://archive.ubuntu.com/ubuntu noble/main amd64 Packages [1808 kB]
end-workflow	Install GH CLI	2026-02-23T19:53:02.9485823Z Get:17 http://archive.ubuntu.com/ubuntu noble-updates/main amd64 Packages [2253 kB]
end-workflow	Install GH CLI	2026-02-23T19:53:03.0713363Z Get:18 http://archive.ubuntu.com/ubuntu noble-updates/universe amd64 Packages [2016 kB]
end-workflow	Install GH CLI	2026-02-23T19:53:03.0851433Z Get:19 http://archive.ubuntu.com/ubuntu noble-updates/multiverse amd64 Packages [38.1 kB]
end-workflow	Install GH CLI	2026-02-23T19:53:03.0855609Z Get:20 http://archive.ubuntu.com/ubuntu noble-updates/restricted amd64 Packages [3409 kB]
end-workflow	Install GH CLI	2026-02-23T19:53:03.1437534Z Get:21 http://archive.ubuntu.com/ubuntu noble-backports/universe amd64 Packages [34.6 kB]
end-workflow	Install GH CLI	2026-02-23T19:53:03.1441955Z Get:22 http://archive.ubuntu.com/ubuntu noble-backports/main amd64 Packages [49.5 kB]
end-workflow	Install GH CLI	2026-02-23T19:53:04.1642131Z Fetched 36.4 MB in 2s (15.5 MB/s)
end-workflow	Install GH CLI	2026-02-23T19:53:05.1277484Z Reading package lists...
end-workflow	Install GH CLI	2026-02-23T19:53:06.2031464Z Reading package lists...
end-workflow	Install GH CLI	2026-02-23T19:53:06.4714692Z Building dependency tree...
end-workflow	Install GH CLI	2026-02-23T19:53:06.4725037Z Reading state information...
end-workflow	Install GH CLI	2026-02-23T19:53:06.9592777Z The following NEW packages will be installed:
end-workflow	Install GH CLI	2026-02-23T19:53:06.9612547Z   gh
end-workflow	Install GH CLI	2026-02-23T19:53:07.0762946Z 0 upgraded, 1 newly installed, 0 to remove and 26 not upgraded.
end-workflow	Install GH CLI	2026-02-23T19:53:07.0763972Z Need to get 13.8 MB of archives.
end-workflow	Install GH CLI	2026-02-23T19:53:07.0764853Z After this operation, 38.5 MB of additional disk space will be used.
end-workflow	Install GH CLI	2026-02-23T19:53:07.0766179Z Get:1 https://cli.github.com/packages stable/main amd64 gh amd64 2.87.3 [13.8 MB]
end-workflow	Install GH CLI	2026-02-23T19:53:07.6579214Z debconf: delaying package configuration, since apt-utils is not installed
end-workflow	Install GH CLI	2026-02-23T19:53:07.8147931Z Fetched 13.8 MB in 0s (48.9 MB/s)
end-workflow	Install GH CLI	2026-02-23T19:53:07.9422236Z Selecting previously unselected package gh.
end-workflow	Install GH CLI	2026-02-23T19:53:07.9461384Z (Reading database ... 
end-workflow	Install GH CLI	2026-02-23T19:53:07.9461753Z (Reading database ... 5%
end-workflow	Install GH CLI	2026-02-23T19:53:07.9461998Z (Reading database ... 10%
end-workflow	Install GH CLI	2026-02-23T19:53:07.9462338Z (Reading database ... 15%
end-workflow	Install GH CLI	2026-02-23T19:53:07.9466452Z (Reading database ... 20%
end-workflow	Install GH CLI	2026-02-23T19:53:07.9471238Z (Reading database ... 25%
end-workflow	Install GH CLI	2026-02-23T19:53:07.9471793Z (Reading database ... 30%
end-workflow	Install GH CLI	2026-02-23T19:53:07.9472071Z (Reading database ... 35%
end-workflow	Install GH CLI	2026-02-23T19:53:07.9472310Z (Reading database ... 40%
end-workflow	Install GH CLI	2026-02-23T19:53:07.9472539Z (Reading database ... 45%
end-workflow	Install GH CLI	2026-02-23T19:53:07.9472771Z (Reading database ... 50%
end-workflow	Install GH CLI	2026-02-23T19:53:07.9472997Z (Reading database ... 55%
end-workflow	Install GH CLI	2026-02-23T19:53:07.9473231Z (Reading database ... 60%
end-workflow	Install GH CLI	2026-02-23T19:53:07.9473759Z (Reading database ... 65%
end-workflow	Install GH CLI	2026-02-23T19:53:07.9493667Z (Reading database ... 70%
end-workflow	Install GH CLI	2026-02-23T19:53:07.9501956Z (Reading database ... 75%
end-workflow	Install GH CLI	2026-02-23T19:53:07.9515395Z (Reading database ... 80%
end-workflow	Install GH CLI	2026-02-23T19:53:07.9520916Z (Reading database ... 85%
end-workflow	Install GH CLI	2026-02-23T19:53:07.9536165Z (Reading database ... 90%
end-workflow	Install GH CLI	2026-02-23T19:53:07.9557345Z (Reading database ... 95%
end-workflow	Install GH CLI	2026-02-23T19:53:07.9557767Z (Reading database ... 100%
end-workflow	Install GH CLI	2026-02-23T19:53:07.9560953Z (Reading database ... 14385 files and directories currently installed.)
end-workflow	Install GH CLI	2026-02-23T19:53:07.9566798Z Preparing to unpack .../archives/gh_2.87.3_amd64.deb ...
end-workflow	Install GH CLI	2026-02-23T19:53:07.9623061Z Unpacking gh (2.87.3) ...
end-workflow	Install GH CLI	2026-02-23T19:53:08.2796299Z Setting up gh (2.87.3) ...
end-workflow	Trigger Inspector	ï»¿2026-02-23T19:53:08.3345206Z ##[group]Run gh workflow run inspector.yml \
end-workflow	Trigger Inspector	2026-02-23T19:53:08.3345644Z [36;1mgh workflow run inspector.yml \[0m
end-workflow	Trigger Inspector	2026-02-23T19:53:08.3345939Z [36;1m  --ref main \[0m
end-workflow	Trigger Inspector	2026-02-23T19:53:08.3346209Z [36;1m  -f kaos-workflow-id="22322274739" \[0m
end-workflow	Trigger Inspector	2026-02-23T19:53:08.3346538Z [36;1m  -f kaos-user-start="santakloud"[0m
end-workflow	Trigger Inspector	2026-02-23T19:53:08.3359300Z shell: /usr/bin/bash -e {0}
end-workflow	Trigger Inspector	2026-02-23T19:53:08.3359598Z env:
end-workflow	Trigger Inspector	2026-02-23T19:53:08.3359811Z   KAOS_MODULE: [Ka0s] Audit Cluster Status
end-workflow	Trigger Inspector	2026-02-23T19:53:08.3360111Z   KAOS_CODE: 22322274739
end-workflow	Trigger Inspector	2026-02-23T19:53:08.3360923Z   GH_TOKEN: ***
end-workflow	Trigger Inspector	2026-02-23T19:53:08.3361129Z ##[endgroup]
end-workflow	Trigger Inspector	2026-02-23T19:53:09.9922261Z https://github.com/Ka0s-Klaus/ka0s/actions/runs/22322347084
end-workflow	Post Checkout repository	ï»¿2026-02-23T19:53:10.0272701Z Post job cleanup.
end-workflow	Post Checkout repository	2026-02-23T19:53:10.1619605Z [command]/usr/bin/git version
end-workflow	Post Checkout repository	2026-02-23T19:53:10.1663428Z git version 2.52.0
end-workflow	Post Checkout repository	2026-02-23T19:53:10.1735723Z Temporarily overriding HOME='/home/runner/_work/_temp/e94bde23-1269-48ce-a777-84e219d2f8f2' before making global git config changes
end-workflow	Post Checkout repository	2026-02-23T19:53:10.1738225Z Adding repository directory to the temporary git global config as a safe directory
end-workflow	Post Checkout repository	2026-02-23T19:53:10.1740759Z [command]/usr/bin/git config --global --add safe.directory /home/runner/_work/ka0s/ka0s
end-workflow	Post Checkout repository	2026-02-23T19:53:10.1788969Z [command]/usr/bin/git config --local --name-only --get-regexp core\.sshCommand
end-workflow	Post Checkout repository	2026-02-23T19:53:10.1847451Z [command]/usr/bin/git submodule foreach --recursive sh -c "git config --local --name-only --get-regexp 'core\.sshCommand' && git config --local --unset-all 'core.sshCommand' || :"
end-workflow	Post Checkout repository	2026-02-23T19:53:10.2192184Z [command]/usr/bin/git config --local --name-only --get-regexp http\.https\:\/\/github\.com\/\.extraheader
end-workflow	Post Checkout repository	2026-02-23T19:53:10.2225356Z http.https://github.com/.extraheader
end-workflow	Post Checkout repository	2026-02-23T19:53:10.2237595Z [command]/usr/bin/git config --local --unset-all http.https://github.com/.extraheader
end-workflow	Post Checkout repository	2026-02-23T19:53:10.2282471Z [command]/usr/bin/git submodule foreach --recursive sh -c "git config --local --name-only --get-regexp 'http\.https\:\/\/github\.com\/\.extraheader' && git config --local --unset-all 'http.https://github.com/.extraheader' || :"
end-workflow	Post Checkout repository	2026-02-23T19:53:10.2666250Z [command]/usr/bin/git config --local --name-only --get-regexp ^includeIf\.gitdir:
end-workflow	Post Checkout repository	2026-02-23T19:53:10.2760145Z [command]/usr/bin/git submodule foreach --recursive git config --local --show-origin --name-only --get-regexp remote.origin.url
end-workflow	Complete job	ï»¿2026-02-23T19:53:10.3282085Z Cleaning up orphan processes
