core-execution	Set up job	Ôªø2026-02-24T08:24:35.6659029Z Current runner version: '2.331.0'
core-execution	Set up job	2026-02-24T08:24:35.6669305Z Runner name: 'swarm-runners-scaleset-hkss5-runner-fj4wt'
core-execution	Set up job	2026-02-24T08:24:35.6670384Z Runner group name: 'Default'
core-execution	Set up job	2026-02-24T08:24:35.6671532Z Machine name: 'swarm-runners-scaleset-hkss5-runner-fj4wt'
core-execution	Set up job	2026-02-24T08:24:35.6676159Z ##[group]GITHUB_TOKEN Permissions
core-execution	Set up job	2026-02-24T08:24:35.6679171Z Actions: write
core-execution	Set up job	2026-02-24T08:24:35.6679884Z Contents: write
core-execution	Set up job	2026-02-24T08:24:35.6680710Z Issues: write
core-execution	Set up job	2026-02-24T08:24:35.6681364Z Metadata: read
core-execution	Set up job	2026-02-24T08:24:35.6682193Z ##[endgroup]
core-execution	Set up job	2026-02-24T08:24:35.6684929Z Secret source: Actions
core-execution	Set up job	2026-02-24T08:24:35.6685793Z Prepare workflow directory
core-execution	Set up job	2026-02-24T08:24:35.7459045Z Prepare all required actions
core-execution	Set up job	2026-02-24T08:24:35.7503980Z Getting action download info
core-execution	Set up job	2026-02-24T08:24:36.4050887Z Download action repository 'actions/checkout@v4' (SHA:34e114876b0b11c390a56381ad16ebd13914f8d5)
core-execution	Set up job	2026-02-24T08:24:37.4275961Z Download action repository 'actions/setup-python@v4' (SHA:7f4fc3e22c37d6ff65e88745f38bd3157c663f7c)
core-execution	Set up job	2026-02-24T08:24:38.7778201Z Complete job name: core-execution
core-execution	Checkout code	Ôªø2026-02-24T08:24:38.9005698Z ##[group]Run actions/checkout@v4
core-execution	Checkout code	2026-02-24T08:24:38.9007428Z with:
core-execution	Checkout code	2026-02-24T08:24:38.9008865Z   token: ***
core-execution	Checkout code	2026-02-24T08:24:38.9009734Z   fetch-depth: 0
core-execution	Checkout code	2026-02-24T08:24:38.9010659Z   repository: Ka0s-Klaus/ka0s
core-execution	Checkout code	2026-02-24T08:24:38.9011995Z   ssh-strict: true
core-execution	Checkout code	2026-02-24T08:24:38.9012910Z   ssh-user: git
core-execution	Checkout code	2026-02-24T08:24:38.9013834Z   persist-credentials: true
core-execution	Checkout code	2026-02-24T08:24:38.9014854Z   clean: true
core-execution	Checkout code	2026-02-24T08:24:38.9015793Z   sparse-checkout-cone-mode: true
core-execution	Checkout code	2026-02-24T08:24:38.9016922Z   fetch-tags: false
core-execution	Checkout code	2026-02-24T08:24:38.9017874Z   show-progress: true
core-execution	Checkout code	2026-02-24T08:24:38.9018836Z   lfs: false
core-execution	Checkout code	2026-02-24T08:24:38.9019715Z   submodules: false
core-execution	Checkout code	2026-02-24T08:24:38.9020694Z   set-safe-directory: true
core-execution	Checkout code	2026-02-24T08:24:38.9022711Z env:
core-execution	Checkout code	2026-02-24T08:24:38.9024144Z   KAOS_MODULE: [Ka0S] GitHub ‚Üí iTop Sync
core-execution	Checkout code	2026-02-24T08:24:38.9025371Z   KAOS_CORRELATION_ID: 22342574477
core-execution	Checkout code	2026-02-24T08:24:38.9026480Z   KAOS_ACTOR: AnaRome8
core-execution	Checkout code	2026-02-24T08:24:38.9027500Z ##[endgroup]
core-execution	Checkout code	2026-02-24T08:24:39.1226576Z Syncing repository: Ka0s-Klaus/ka0s
core-execution	Checkout code	2026-02-24T08:24:39.1229929Z ##[group]Getting Git version info
core-execution	Checkout code	2026-02-24T08:24:39.1231324Z Working directory is '/home/runner/_work/ka0s/ka0s'
core-execution	Checkout code	2026-02-24T08:24:39.1234017Z [command]/usr/bin/git version
core-execution	Checkout code	2026-02-24T08:24:39.1235109Z git version 2.52.0
core-execution	Checkout code	2026-02-24T08:24:39.1238395Z ##[endgroup]
core-execution	Checkout code	2026-02-24T08:24:39.1245697Z Temporarily overriding HOME='/home/runner/_work/_temp/3c46253c-6c9d-4de3-8d65-437abd85c1e7' before making global git config changes
core-execution	Checkout code	2026-02-24T08:24:39.1248710Z Adding repository directory to the temporary git global config as a safe directory
core-execution	Checkout code	2026-02-24T08:24:39.1251018Z [command]/usr/bin/git config --global --add safe.directory /home/runner/_work/ka0s/ka0s
core-execution	Checkout code	2026-02-24T08:24:39.1328082Z Deleting the contents of '/home/runner/_work/ka0s/ka0s'
core-execution	Checkout code	2026-02-24T08:24:39.1336933Z ##[group]Initializing the repository
core-execution	Checkout code	2026-02-24T08:24:39.1340847Z [command]/usr/bin/git init /home/runner/_work/ka0s/ka0s
core-execution	Checkout code	2026-02-24T08:24:39.1435367Z hint: Using 'master' as the name for the initial branch. This default branch name
core-execution	Checkout code	2026-02-24T08:24:39.1438962Z hint: will change to "main" in Git 3.0. To configure the initial branch name
core-execution	Checkout code	2026-02-24T08:24:39.1442801Z hint: to use in all of your new repositories, which will suppress this warning,
core-execution	Checkout code	2026-02-24T08:24:39.1444900Z hint: call:
core-execution	Checkout code	2026-02-24T08:24:39.1446055Z hint:
core-execution	Checkout code	2026-02-24T08:24:39.1448000Z hint: 	git config --global init.defaultBranch <name>
core-execution	Checkout code	2026-02-24T08:24:39.1450081Z hint:
core-execution	Checkout code	2026-02-24T08:24:39.1463742Z hint: Names commonly chosen instead of 'master' are 'main', 'trunk' and
core-execution	Checkout code	2026-02-24T08:24:39.1465955Z hint: 'development'. The just-created branch can be renamed via this command:
core-execution	Checkout code	2026-02-24T08:24:39.1468265Z hint:
core-execution	Checkout code	2026-02-24T08:24:39.1469954Z hint: 	git branch -m <name>
core-execution	Checkout code	2026-02-24T08:24:39.1471557Z hint:
core-execution	Checkout code	2026-02-24T08:24:39.1473926Z hint: Disable this message with "git config set advice.defaultBranchName false"
core-execution	Checkout code	2026-02-24T08:24:39.1476522Z Initialized empty Git repository in /home/runner/_work/ka0s/ka0s/.git/
core-execution	Checkout code	2026-02-24T08:24:39.1482838Z [command]/usr/bin/git remote add origin https://github.com/Ka0s-Klaus/ka0s
core-execution	Checkout code	2026-02-24T08:24:39.1502840Z ##[endgroup]
core-execution	Checkout code	2026-02-24T08:24:39.1504778Z ##[group]Disabling automatic garbage collection
core-execution	Checkout code	2026-02-24T08:24:39.1506732Z [command]/usr/bin/git config --local gc.auto 0
core-execution	Checkout code	2026-02-24T08:24:39.1641583Z ##[endgroup]
core-execution	Checkout code	2026-02-24T08:24:39.1653953Z ##[group]Setting up auth
core-execution	Checkout code	2026-02-24T08:24:39.1656348Z [command]/usr/bin/git config --local --name-only --get-regexp core\.sshCommand
core-execution	Checkout code	2026-02-24T08:24:39.1666063Z [command]/usr/bin/git submodule foreach --recursive sh -c "git config --local --name-only --get-regexp 'core\.sshCommand' && git config --local --unset-all 'core.sshCommand' || :"
core-execution	Checkout code	2026-02-24T08:24:39.2223861Z [command]/usr/bin/git config --local --name-only --get-regexp http\.https\:\/\/github\.com\/\.extraheader
core-execution	Checkout code	2026-02-24T08:24:39.2296317Z [command]/usr/bin/git submodule foreach --recursive sh -c "git config --local --name-only --get-regexp 'http\.https\:\/\/github\.com\/\.extraheader' && git config --local --unset-all 'http.https://github.com/.extraheader' || :"
core-execution	Checkout code	2026-02-24T08:24:39.2841467Z [command]/usr/bin/git config --local --name-only --get-regexp ^includeIf\.gitdir:
core-execution	Checkout code	2026-02-24T08:24:39.2903297Z [command]/usr/bin/git submodule foreach --recursive git config --local --show-origin --name-only --get-regexp remote.origin.url
core-execution	Checkout code	2026-02-24T08:24:39.3415527Z [command]/usr/bin/git config --local http.https://github.com/.extraheader AUTHORIZATION: basic ***
core-execution	Checkout code	2026-02-24T08:24:39.3505891Z ##[endgroup]
core-execution	Checkout code	2026-02-24T08:24:39.3507913Z ##[group]Fetching the repository
core-execution	Checkout code	2026-02-24T08:24:39.3515589Z [command]/usr/bin/git -c protocol.version=2 fetch --prune --no-recurse-submodules origin +refs/heads/*:refs/remotes/origin/* +refs/tags/*:refs/tags/*
core-execution	Checkout code	2026-02-24T08:25:04.7008006Z From https://github.com/Ka0s-Klaus/ka0s
core-execution	Checkout code	2026-02-24T08:25:04.7009218Z  * [new branch]          F3450-modelo-operativo -> origin/F3450-modelo-operativo
core-execution	Checkout code	2026-02-24T08:25:04.7014317Z  * [new branch]          H1276-modulo-observabilidad -> origin/H1276-modulo-observabilidad
core-execution	Checkout code	2026-02-24T08:25:04.7018493Z  * [new branch]          H3596-deploy-itop      -> origin/H3596-deploy-itop
core-execution	Checkout code	2026-02-24T08:25:04.7020784Z  * [new branch]          H4170-flujo-detallado-zabbix---github -> origin/H4170-flujo-detallado-zabbix---github
core-execution	Checkout code	2026-02-24T08:25:04.7021567Z  * [new branch]          H4191-request-cambios  -> origin/H4191-request-cambios
core-execution	Checkout code	2026-02-24T08:25:04.7024913Z  * [new branch]          H4200-request-recomendaciones-de-auditoria -> origin/H4200-request-recomendaciones-de-auditoria
core-execution	Checkout code	2026-02-24T08:25:04.7025708Z  * [new branch]          main                   -> origin/main
core-execution	Checkout code	2026-02-24T08:25:04.7026175Z  * [new tag]             0.0.0                  -> 0.0.0
core-execution	Checkout code	2026-02-24T08:25:04.7026626Z  * [new tag]             0.0.1                  -> 0.0.1
core-execution	Checkout code	2026-02-24T08:25:04.7027202Z  * [new tag]             0.0.10                 -> 0.0.10
core-execution	Checkout code	2026-02-24T08:25:04.7027688Z  * [new tag]             0.0.100                -> 0.0.100
core-execution	Checkout code	2026-02-24T08:25:04.7028271Z  * [new tag]             0.0.101                -> 0.0.101
core-execution	Checkout code	2026-02-24T08:25:04.7028722Z  * [new tag]             0.0.102                -> 0.0.102
core-execution	Checkout code	2026-02-24T08:25:04.7029232Z  * [new tag]             0.0.103                -> 0.0.103
core-execution	Checkout code	2026-02-24T08:25:04.7029704Z  * [new tag]             0.0.104                -> 0.0.104
core-execution	Checkout code	2026-02-24T08:25:04.7030135Z  * [new tag]             0.0.105                -> 0.0.105
core-execution	Checkout code	2026-02-24T08:25:04.7030574Z  * [new tag]             0.0.106                -> 0.0.106
core-execution	Checkout code	2026-02-24T08:25:04.7031006Z  * [new tag]             0.0.107                -> 0.0.107
core-execution	Checkout code	2026-02-24T08:25:04.7031425Z  * [new tag]             0.0.108                -> 0.0.108
core-execution	Checkout code	2026-02-24T08:25:04.7039254Z  * [new tag]             0.0.109                -> 0.0.109
core-execution	Checkout code	2026-02-24T08:25:04.7039736Z  * [new tag]             0.0.11                 -> 0.0.11
core-execution	Checkout code	2026-02-24T08:25:04.7040154Z  * [new tag]             0.0.110                -> 0.0.110
core-execution	Checkout code	2026-02-24T08:25:04.7040578Z  * [new tag]             0.0.111                -> 0.0.111
core-execution	Checkout code	2026-02-24T08:25:04.7041880Z  * [new tag]             0.0.112                -> 0.0.112
core-execution	Checkout code	2026-02-24T08:25:04.7042468Z  * [new tag]             0.0.113                -> 0.0.113
core-execution	Checkout code	2026-02-24T08:25:04.7042892Z  * [new tag]             0.0.114                -> 0.0.114
core-execution	Checkout code	2026-02-24T08:25:04.7043320Z  * [new tag]             0.0.115                -> 0.0.115
core-execution	Checkout code	2026-02-24T08:25:04.7043746Z  * [new tag]             0.0.116                -> 0.0.116
core-execution	Checkout code	2026-02-24T08:25:04.7044247Z  * [new tag]             0.0.117                -> 0.0.117
core-execution	Checkout code	2026-02-24T08:25:04.7044715Z  * [new tag]             0.0.118                -> 0.0.118
core-execution	Checkout code	2026-02-24T08:25:04.7045130Z  * [new tag]             0.0.119                -> 0.0.119
core-execution	Checkout code	2026-02-24T08:25:04.7045549Z  * [new tag]             0.0.12                 -> 0.0.12
core-execution	Checkout code	2026-02-24T08:25:04.7045970Z  * [new tag]             0.0.120                -> 0.0.120
core-execution	Checkout code	2026-02-24T08:25:04.7046397Z  * [new tag]             0.0.121                -> 0.0.121
core-execution	Checkout code	2026-02-24T08:25:04.7046831Z  * [new tag]             0.0.122                -> 0.0.122
core-execution	Checkout code	2026-02-24T08:25:04.7047252Z  * [new tag]             0.0.123                -> 0.0.123
core-execution	Checkout code	2026-02-24T08:25:04.7056619Z  * [new tag]             0.0.124                -> 0.0.124
core-execution	Checkout code	2026-02-24T08:25:04.7057075Z  * [new tag]             0.0.125                -> 0.0.125
core-execution	Checkout code	2026-02-24T08:25:04.7057699Z  * [new tag]             0.0.126                -> 0.0.126
core-execution	Checkout code	2026-02-24T08:25:04.7058314Z  * [new tag]             0.0.127                -> 0.0.127
core-execution	Checkout code	2026-02-24T08:25:04.7058763Z  * [new tag]             0.0.128                -> 0.0.128
core-execution	Checkout code	2026-02-24T08:25:04.7060921Z  * [new tag]             0.0.129                -> 0.0.129
core-execution	Checkout code	2026-02-24T08:25:04.7061471Z  * [new tag]             0.0.13                 -> 0.0.13
core-execution	Checkout code	2026-02-24T08:25:04.7062162Z  * [new tag]             0.0.130                -> 0.0.130
core-execution	Checkout code	2026-02-24T08:25:04.7062611Z  * [new tag]             0.0.131                -> 0.0.131
core-execution	Checkout code	2026-02-24T08:25:04.7063061Z  * [new tag]             0.0.132                -> 0.0.132
core-execution	Checkout code	2026-02-24T08:25:04.7063531Z  * [new tag]             0.0.133                -> 0.0.133
core-execution	Checkout code	2026-02-24T08:25:04.7063986Z  * [new tag]             0.0.134                -> 0.0.134
core-execution	Checkout code	2026-02-24T08:25:04.7064428Z  * [new tag]             0.0.135                -> 0.0.135
core-execution	Checkout code	2026-02-24T08:25:04.7064866Z  * [new tag]             0.0.136                -> 0.0.136
core-execution	Checkout code	2026-02-24T08:25:04.7065421Z  * [new tag]             0.0.137                -> 0.0.137
core-execution	Checkout code	2026-02-24T08:25:04.7065841Z  * [new tag]             0.0.138                -> 0.0.138
core-execution	Checkout code	2026-02-24T08:25:04.7066280Z  * [new tag]             0.0.139                -> 0.0.139
core-execution	Checkout code	2026-02-24T08:25:04.7066729Z  * [new tag]             0.0.14                 -> 0.0.14
core-execution	Checkout code	2026-02-24T08:25:04.7067160Z  * [new tag]             0.0.140                -> 0.0.140
core-execution	Checkout code	2026-02-24T08:25:04.7067592Z  * [new tag]             0.0.141                -> 0.0.141
core-execution	Checkout code	2026-02-24T08:25:04.7068017Z  * [new tag]             0.0.142                -> 0.0.142
core-execution	Checkout code	2026-02-24T08:25:04.7068458Z  * [new tag]             0.0.143                -> 0.0.143
core-execution	Checkout code	2026-02-24T08:25:04.7068895Z  * [new tag]             0.0.144                -> 0.0.144
core-execution	Checkout code	2026-02-24T08:25:04.7069349Z  * [new tag]             0.0.145                -> 0.0.145
core-execution	Checkout code	2026-02-24T08:25:04.7069784Z  * [new tag]             0.0.146                -> 0.0.146
core-execution	Checkout code	2026-02-24T08:25:04.7070209Z  * [new tag]             0.0.147                -> 0.0.147
core-execution	Checkout code	2026-02-24T08:25:04.7070646Z  * [new tag]             0.0.148                -> 0.0.148
core-execution	Checkout code	2026-02-24T08:25:04.7071074Z  * [new tag]             0.0.149                -> 0.0.149
core-execution	Checkout code	2026-02-24T08:25:04.7071525Z  * [new tag]             0.0.15                 -> 0.0.15
core-execution	Checkout code	2026-02-24T08:25:04.7072488Z  * [new tag]             0.0.150                -> 0.0.150
core-execution	Checkout code	2026-02-24T08:25:04.7073077Z  * [new tag]             0.0.151                -> 0.0.151
core-execution	Checkout code	2026-02-24T08:25:04.7073541Z  * [new tag]             0.0.152                -> 0.0.152
core-execution	Checkout code	2026-02-24T08:25:04.7074006Z  * [new tag]             0.0.153                -> 0.0.153
core-execution	Checkout code	2026-02-24T08:25:04.7074791Z  * [new tag]             0.0.154                -> 0.0.154
core-execution	Checkout code	2026-02-24T08:25:04.7075252Z  * [new tag]             0.0.155                -> 0.0.155
core-execution	Checkout code	2026-02-24T08:25:04.7075716Z  * [new tag]             0.0.156                -> 0.0.156
core-execution	Checkout code	2026-02-24T08:25:04.7076239Z  * [new tag]             0.0.157                -> 0.0.157
core-execution	Checkout code	2026-02-24T08:25:04.7096674Z  * [new tag]             0.0.158                -> 0.0.158
core-execution	Checkout code	2026-02-24T08:25:04.7097244Z  * [new tag]             0.0.159                -> 0.0.159
core-execution	Checkout code	2026-02-24T08:25:04.7097726Z  * [new tag]             0.0.16                 -> 0.0.16
core-execution	Checkout code	2026-02-24T08:25:04.7098185Z  * [new tag]             0.0.160                -> 0.0.160
core-execution	Checkout code	2026-02-24T08:25:04.7098643Z  * [new tag]             0.0.161                -> 0.0.161
core-execution	Checkout code	2026-02-24T08:25:04.7099111Z  * [new tag]             0.0.162                -> 0.0.162
core-execution	Checkout code	2026-02-24T08:25:04.7099603Z  * [new tag]             0.0.163                -> 0.0.163
core-execution	Checkout code	2026-02-24T08:25:04.7100070Z  * [new tag]             0.0.164                -> 0.0.164
core-execution	Checkout code	2026-02-24T08:25:04.7100565Z  * [new tag]             0.0.165                -> 0.0.165
core-execution	Checkout code	2026-02-24T08:25:04.7101443Z  * [new tag]             0.0.166                -> 0.0.166
core-execution	Checkout code	2026-02-24T08:25:04.7102136Z  * [new tag]             0.0.167                -> 0.0.167
core-execution	Checkout code	2026-02-24T08:25:04.7102596Z  * [new tag]             0.0.168                -> 0.0.168
core-execution	Checkout code	2026-02-24T08:25:04.7103060Z  * [new tag]             0.0.169                -> 0.0.169
core-execution	Checkout code	2026-02-24T08:25:04.7103646Z  * [new tag]             0.0.17                 -> 0.0.17
core-execution	Checkout code	2026-02-24T08:25:04.7104115Z  * [new tag]             0.0.170                -> 0.0.170
core-execution	Checkout code	2026-02-24T08:25:04.7104584Z  * [new tag]             0.0.171                -> 0.0.171
core-execution	Checkout code	2026-02-24T08:25:04.7105074Z  * [new tag]             0.0.172                -> 0.0.172
core-execution	Checkout code	2026-02-24T08:25:04.7105540Z  * [new tag]             0.0.173                -> 0.0.173
core-execution	Checkout code	2026-02-24T08:25:04.7106005Z  * [new tag]             0.0.174                -> 0.0.174
core-execution	Checkout code	2026-02-24T08:25:04.7106467Z  * [new tag]             0.0.175                -> 0.0.175
core-execution	Checkout code	2026-02-24T08:25:04.7106951Z  * [new tag]             0.0.176                -> 0.0.176
core-execution	Checkout code	2026-02-24T08:25:04.7107415Z  * [new tag]             0.0.177                -> 0.0.177
core-execution	Checkout code	2026-02-24T08:25:04.7107864Z  * [new tag]             0.0.178                -> 0.0.178
core-execution	Checkout code	2026-02-24T08:25:04.7108329Z  * [new tag]             0.0.179                -> 0.0.179
core-execution	Checkout code	2026-02-24T08:25:04.7108816Z  * [new tag]             0.0.18                 -> 0.0.18
core-execution	Checkout code	2026-02-24T08:25:04.7109290Z  * [new tag]             0.0.19                 -> 0.0.19
core-execution	Checkout code	2026-02-24T08:25:04.7109761Z  * [new tag]             0.0.2                  -> 0.0.2
core-execution	Checkout code	2026-02-24T08:25:04.7110216Z  * [new tag]             0.0.20                 -> 0.0.20
core-execution	Checkout code	2026-02-24T08:25:04.7110670Z  * [new tag]             0.0.21                 -> 0.0.21
core-execution	Checkout code	2026-02-24T08:25:04.7111131Z  * [new tag]             0.0.22                 -> 0.0.22
core-execution	Checkout code	2026-02-24T08:25:04.7111762Z  * [new tag]             0.0.23                 -> 0.0.23
core-execution	Checkout code	2026-02-24T08:25:04.7112279Z  * [new tag]             0.0.24                 -> 0.0.24
core-execution	Checkout code	2026-02-24T08:25:04.7112744Z  * [new tag]             0.0.25                 -> 0.0.25
core-execution	Checkout code	2026-02-24T08:25:04.7113207Z  * [new tag]             0.0.26                 -> 0.0.26
core-execution	Checkout code	2026-02-24T08:25:04.7113653Z  * [new tag]             0.0.27                 -> 0.0.27
core-execution	Checkout code	2026-02-24T08:25:04.7114102Z  * [new tag]             0.0.28                 -> 0.0.28
core-execution	Checkout code	2026-02-24T08:25:04.7114563Z  * [new tag]             0.0.29                 -> 0.0.29
core-execution	Checkout code	2026-02-24T08:25:04.7115068Z  * [new tag]             0.0.3                  -> 0.0.3
core-execution	Checkout code	2026-02-24T08:25:04.7115569Z  * [new tag]             0.0.30                 -> 0.0.30
core-execution	Checkout code	2026-02-24T08:25:04.7116052Z  * [new tag]             0.0.31                 -> 0.0.31
core-execution	Checkout code	2026-02-24T08:25:04.7116516Z  * [new tag]             0.0.32                 -> 0.0.32
core-execution	Checkout code	2026-02-24T08:25:04.7116988Z  * [new tag]             0.0.33                 -> 0.0.33
core-execution	Checkout code	2026-02-24T08:25:04.7117475Z  * [new tag]             0.0.34                 -> 0.0.34
core-execution	Checkout code	2026-02-24T08:25:04.7118454Z  * [new tag]             0.0.35                 -> 0.0.35
core-execution	Checkout code	2026-02-24T08:25:04.7118930Z  * [new tag]             0.0.36                 -> 0.0.36
core-execution	Checkout code	2026-02-24T08:25:04.7119378Z  * [new tag]             0.0.37                 -> 0.0.37
core-execution	Checkout code	2026-02-24T08:25:04.7119847Z  * [new tag]             0.0.38                 -> 0.0.38
core-execution	Checkout code	2026-02-24T08:25:04.7120314Z  * [new tag]             0.0.39                 -> 0.0.39
core-execution	Checkout code	2026-02-24T08:25:04.7120795Z  * [new tag]             0.0.4                  -> 0.0.4
core-execution	Checkout code	2026-02-24T08:25:04.7121253Z  * [new tag]             0.0.40                 -> 0.0.40
core-execution	Checkout code	2026-02-24T08:25:04.7121870Z  * [new tag]             0.0.41                 -> 0.0.41
core-execution	Checkout code	2026-02-24T08:25:04.7122346Z  * [new tag]             0.0.42                 -> 0.0.42
core-execution	Checkout code	2026-02-24T08:25:04.7122819Z  * [new tag]             0.0.43                 -> 0.0.43
core-execution	Checkout code	2026-02-24T08:25:04.7123828Z  * [new tag]             0.0.44                 -> 0.0.44
core-execution	Checkout code	2026-02-24T08:25:04.7124282Z  * [new tag]             0.0.45                 -> 0.0.45
core-execution	Checkout code	2026-02-24T08:25:04.7131972Z  * [new tag]             0.0.46                 -> 0.0.46
core-execution	Checkout code	2026-02-24T08:25:04.7133047Z  * [new tag]             0.0.47                 -> 0.0.47
core-execution	Checkout code	2026-02-24T08:25:04.7133502Z  * [new tag]             0.0.48                 -> 0.0.48
core-execution	Checkout code	2026-02-24T08:25:04.7134106Z  * [new tag]             0.0.49                 -> 0.0.49
core-execution	Checkout code	2026-02-24T08:25:04.7134547Z  * [new tag]             0.0.5                  -> 0.0.5
core-execution	Checkout code	2026-02-24T08:25:04.7134981Z  * [new tag]             0.0.50                 -> 0.0.50
core-execution	Checkout code	2026-02-24T08:25:04.7135416Z  * [new tag]             0.0.51                 -> 0.0.51
core-execution	Checkout code	2026-02-24T08:25:04.7135873Z  * [new tag]             0.0.52                 -> 0.0.52
core-execution	Checkout code	2026-02-24T08:25:04.7136308Z  * [new tag]             0.0.53                 -> 0.0.53
core-execution	Checkout code	2026-02-24T08:25:04.7136738Z  * [new tag]             0.0.54                 -> 0.0.54
core-execution	Checkout code	2026-02-24T08:25:04.7137201Z  * [new tag]             0.0.55                 -> 0.0.55
core-execution	Checkout code	2026-02-24T08:25:04.7137640Z  * [new tag]             0.0.56                 -> 0.0.56
core-execution	Checkout code	2026-02-24T08:25:04.7138092Z  * [new tag]             0.0.57                 -> 0.0.57
core-execution	Checkout code	2026-02-24T08:25:04.7138551Z  * [new tag]             0.0.58                 -> 0.0.58
core-execution	Checkout code	2026-02-24T08:25:04.7138986Z  * [new tag]             0.0.59                 -> 0.0.59
core-execution	Checkout code	2026-02-24T08:25:04.7139433Z  * [new tag]             0.0.6                  -> 0.0.6
core-execution	Checkout code	2026-02-24T08:25:04.7141542Z  * [new tag]             0.0.60                 -> 0.0.60
core-execution	Checkout code	2026-02-24T08:25:04.7142248Z  * [new tag]             0.0.61                 -> 0.0.61
core-execution	Checkout code	2026-02-24T08:25:04.7142691Z  * [new tag]             0.0.62                 -> 0.0.62
core-execution	Checkout code	2026-02-24T08:25:04.7143268Z  * [new tag]             0.0.63                 -> 0.0.63
core-execution	Checkout code	2026-02-24T08:25:04.7143733Z  * [new tag]             0.0.64                 -> 0.0.64
core-execution	Checkout code	2026-02-24T08:25:04.7144160Z  * [new tag]             0.0.65                 -> 0.0.65
core-execution	Checkout code	2026-02-24T08:25:04.7144591Z  * [new tag]             0.0.66                 -> 0.0.66
core-execution	Checkout code	2026-02-24T08:25:04.7145010Z  * [new tag]             0.0.67                 -> 0.0.67
core-execution	Checkout code	2026-02-24T08:25:04.7145452Z  * [new tag]             0.0.68                 -> 0.0.68
core-execution	Checkout code	2026-02-24T08:25:04.7145887Z  * [new tag]             0.0.69                 -> 0.0.69
core-execution	Checkout code	2026-02-24T08:25:04.7146320Z  * [new tag]             0.0.7                  -> 0.0.7
core-execution	Checkout code	2026-02-24T08:25:04.7146749Z  * [new tag]             0.0.70                 -> 0.0.70
core-execution	Checkout code	2026-02-24T08:25:04.7147178Z  * [new tag]             0.0.71                 -> 0.0.71
core-execution	Checkout code	2026-02-24T08:25:04.7147604Z  * [new tag]             0.0.72                 -> 0.0.72
core-execution	Checkout code	2026-02-24T08:25:04.7148031Z  * [new tag]             0.0.73                 -> 0.0.73
core-execution	Checkout code	2026-02-24T08:25:04.7148458Z  * [new tag]             0.0.74                 -> 0.0.74
core-execution	Checkout code	2026-02-24T08:25:04.7148888Z  * [new tag]             0.0.75                 -> 0.0.75
core-execution	Checkout code	2026-02-24T08:25:04.7149319Z  * [new tag]             0.0.76                 -> 0.0.76
core-execution	Checkout code	2026-02-24T08:25:04.7149744Z  * [new tag]             0.0.77                 -> 0.0.77
core-execution	Checkout code	2026-02-24T08:25:04.7150493Z  * [new tag]             0.0.78                 -> 0.0.78
core-execution	Checkout code	2026-02-24T08:25:04.7150931Z  * [new tag]             0.0.79                 -> 0.0.79
core-execution	Checkout code	2026-02-24T08:25:04.7151350Z  * [new tag]             0.0.8                  -> 0.0.8
core-execution	Checkout code	2026-02-24T08:25:04.7153357Z  * [new tag]             0.0.80                 -> 0.0.80
core-execution	Checkout code	2026-02-24T08:25:04.7153798Z  * [new tag]             0.0.81                 -> 0.0.81
core-execution	Checkout code	2026-02-24T08:25:04.7154222Z  * [new tag]             0.0.82                 -> 0.0.82
core-execution	Checkout code	2026-02-24T08:25:04.7154638Z  * [new tag]             0.0.83                 -> 0.0.83
core-execution	Checkout code	2026-02-24T08:25:04.7155064Z  * [new tag]             0.0.84                 -> 0.0.84
core-execution	Checkout code	2026-02-24T08:25:04.7155502Z  * [new tag]             0.0.85                 -> 0.0.85
core-execution	Checkout code	2026-02-24T08:25:04.7155939Z  * [new tag]             0.0.86                 -> 0.0.86
core-execution	Checkout code	2026-02-24T08:25:04.7156378Z  * [new tag]             0.0.87                 -> 0.0.87
core-execution	Checkout code	2026-02-24T08:25:04.7156801Z  * [new tag]             0.0.88                 -> 0.0.88
core-execution	Checkout code	2026-02-24T08:25:04.7157243Z  * [new tag]             0.0.89                 -> 0.0.89
core-execution	Checkout code	2026-02-24T08:25:04.7157990Z  * [new tag]             0.0.9                  -> 0.0.9
core-execution	Checkout code	2026-02-24T08:25:04.7158415Z  * [new tag]             0.0.90                 -> 0.0.90
core-execution	Checkout code	2026-02-24T08:25:04.7158835Z  * [new tag]             0.0.91                 -> 0.0.91
core-execution	Checkout code	2026-02-24T08:25:04.7159254Z  * [new tag]             0.0.92                 -> 0.0.92
core-execution	Checkout code	2026-02-24T08:25:04.7159682Z  * [new tag]             0.0.93                 -> 0.0.93
core-execution	Checkout code	2026-02-24T08:25:04.7160281Z  * [new tag]             0.0.94                 -> 0.0.94
core-execution	Checkout code	2026-02-24T08:25:04.7160714Z  * [new tag]             0.0.95                 -> 0.0.95
core-execution	Checkout code	2026-02-24T08:25:04.7161136Z  * [new tag]             0.0.96                 -> 0.0.96
core-execution	Checkout code	2026-02-24T08:25:04.7161572Z  * [new tag]             0.0.97                 -> 0.0.97
core-execution	Checkout code	2026-02-24T08:25:04.7162342Z  * [new tag]             0.0.98                 -> 0.0.98
core-execution	Checkout code	2026-02-24T08:25:04.7162772Z  * [new tag]             0.0.99                 -> 0.0.99
core-execution	Checkout code	2026-02-24T08:25:04.7163219Z  * [new tag]             0.1.0                  -> 0.1.0
core-execution	Checkout code	2026-02-24T08:25:04.7163661Z  * [new tag]             0.1.1                  -> 0.1.1
core-execution	Checkout code	2026-02-24T08:25:04.7164093Z  * [new tag]             0.2.0                  -> 0.2.0
core-execution	Checkout code	2026-02-24T08:25:04.7164510Z  * [new tag]             0.3.0                  -> 0.3.0
core-execution	Checkout code	2026-02-24T08:25:04.7164930Z  * [new tag]             0.3.1                  -> 0.3.1
core-execution	Checkout code	2026-02-24T08:25:04.7165390Z  * [new tag]             0.3.10                 -> 0.3.10
core-execution	Checkout code	2026-02-24T08:25:04.7165817Z  * [new tag]             0.3.11                 -> 0.3.11
core-execution	Checkout code	2026-02-24T08:25:04.7166244Z  * [new tag]             0.3.12                 -> 0.3.12
core-execution	Checkout code	2026-02-24T08:25:04.7166674Z  * [new tag]             0.3.13                 -> 0.3.13
core-execution	Checkout code	2026-02-24T08:25:04.7176687Z  * [new tag]             0.3.14                 -> 0.3.14
core-execution	Checkout code	2026-02-24T08:25:04.7177235Z  * [new tag]             0.3.15                 -> 0.3.15
core-execution	Checkout code	2026-02-24T08:25:04.7177674Z  * [new tag]             0.3.16                 -> 0.3.16
core-execution	Checkout code	2026-02-24T08:25:04.7178136Z  * [new tag]             0.3.17                 -> 0.3.17
core-execution	Checkout code	2026-02-24T08:25:04.7178586Z  * [new tag]             0.3.2                  -> 0.3.2
core-execution	Checkout code	2026-02-24T08:25:04.7179017Z  * [new tag]             0.3.3                  -> 0.3.3
core-execution	Checkout code	2026-02-24T08:25:04.7179440Z  * [new tag]             0.3.4                  -> 0.3.4
core-execution	Checkout code	2026-02-24T08:25:04.7179861Z  * [new tag]             0.3.5                  -> 0.3.5
core-execution	Checkout code	2026-02-24T08:25:04.7180284Z  * [new tag]             0.3.6                  -> 0.3.6
core-execution	Checkout code	2026-02-24T08:25:04.7180713Z  * [new tag]             0.3.7                  -> 0.3.7
core-execution	Checkout code	2026-02-24T08:25:04.7181135Z  * [new tag]             0.3.8                  -> 0.3.8
core-execution	Checkout code	2026-02-24T08:25:04.7181551Z  * [new tag]             0.3.9                  -> 0.3.9
core-execution	Checkout code	2026-02-24T08:25:04.7182098Z  * [new tag]             0.4.0                  -> 0.4.0
core-execution	Checkout code	2026-02-24T08:25:04.7182521Z  * [new tag]             0.4.1                  -> 0.4.1
core-execution	Checkout code	2026-02-24T08:25:04.7183041Z  * [new tag]             0.4.2                  -> 0.4.2
core-execution	Checkout code	2026-02-24T08:25:04.7183779Z  * [new tag]             0.4.3                  -> 0.4.3
core-execution	Checkout code	2026-02-24T08:25:04.7184221Z  * [new tag]             0.4.4                  -> 0.4.4
core-execution	Checkout code	2026-02-24T08:25:04.7184640Z  * [new tag]             0.4.5                  -> 0.4.5
core-execution	Checkout code	2026-02-24T08:25:04.7185058Z  * [new tag]             0.4.6                  -> 0.4.6
core-execution	Checkout code	2026-02-24T08:25:04.7185479Z  * [new tag]             0.4.7                  -> 0.4.7
core-execution	Checkout code	2026-02-24T08:25:04.7185908Z  * [new tag]             0.4.8                  -> 0.4.8
core-execution	Checkout code	2026-02-24T08:25:04.7186323Z  * [new tag]             0.4.9                  -> 0.4.9
core-execution	Checkout code	2026-02-24T08:25:04.7186749Z  * [new tag]             0.5.0                  -> 0.5.0
core-execution	Checkout code	2026-02-24T08:25:04.7187178Z  * [new tag]             0.5.1                  -> 0.5.1
core-execution	Checkout code	2026-02-24T08:25:04.7187608Z  * [new tag]             0.5.2                  -> 0.5.2
core-execution	Checkout code	2026-02-24T08:25:04.7188032Z  * [new tag]             0.6.0                  -> 0.6.0
core-execution	Checkout code	2026-02-24T08:25:04.7188459Z  * [new tag]             0.6.1                  -> 0.6.1
core-execution	Checkout code	2026-02-24T08:25:04.7188898Z  * [new tag]             0.6.2                  -> 0.6.2
core-execution	Checkout code	2026-02-24T08:25:04.7189601Z  * [new tag]             0.6.3                  -> 0.6.3
core-execution	Checkout code	2026-02-24T08:25:04.7190018Z  * [new tag]             0.6.4                  -> 0.6.4
core-execution	Checkout code	2026-02-24T08:25:04.7190438Z  * [new tag]             0.6.5                  -> 0.6.5
core-execution	Checkout code	2026-02-24T08:25:04.7190857Z  * [new tag]             0.6.6                  -> 0.6.6
core-execution	Checkout code	2026-02-24T08:25:04.7646347Z [command]/usr/bin/git branch --list --remote origin/main
core-execution	Checkout code	2026-02-24T08:25:04.7769223Z   origin/main
core-execution	Checkout code	2026-02-24T08:25:04.7823297Z [command]/usr/bin/git rev-parse refs/remotes/origin/main
core-execution	Checkout code	2026-02-24T08:25:04.7873721Z 75b831651c065736ce3e6c199f58aff6427dadcd
core-execution	Checkout code	2026-02-24T08:25:04.7875182Z ##[endgroup]
core-execution	Checkout code	2026-02-24T08:25:04.7875667Z ##[group]Determining the checkout info
core-execution	Checkout code	2026-02-24T08:25:04.7876188Z ##[endgroup]
core-execution	Checkout code	2026-02-24T08:25:04.7876558Z [command]/usr/bin/git sparse-checkout disable
core-execution	Checkout code	2026-02-24T08:25:04.7941739Z [command]/usr/bin/git config --local --unset-all extensions.worktreeConfig
core-execution	Checkout code	2026-02-24T08:25:04.7986481Z ##[group]Checking out the ref
core-execution	Checkout code	2026-02-24T08:25:04.7993181Z [command]/usr/bin/git checkout --progress --force -B main refs/remotes/origin/main
core-execution	Checkout code	2026-02-24T08:25:05.1502696Z Switched to a new branch 'main'
core-execution	Checkout code	2026-02-24T08:25:05.1512341Z branch 'main' set up to track 'origin/main'.
core-execution	Checkout code	2026-02-24T08:25:05.1746744Z ##[endgroup]
core-execution	Checkout code	2026-02-24T08:25:05.1861233Z [command]/usr/bin/git log -1 --format=%H
core-execution	Checkout code	2026-02-24T08:25:05.1916003Z 75b831651c065736ce3e6c199f58aff6427dadcd
core-execution	Set up Python	Ôªø2026-02-24T08:25:05.2303190Z ##[group]Run actions/setup-python@v4
core-execution	Set up Python	2026-02-24T08:25:05.2303529Z with:
core-execution	Set up Python	2026-02-24T08:25:05.2303743Z   python-version: 3.10
core-execution	Set up Python	2026-02-24T08:25:05.2303995Z   check-latest: false
core-execution	Set up Python	2026-02-24T08:25:05.2304436Z   token: ***
core-execution	Set up Python	2026-02-24T08:25:05.2304666Z   update-environment: true
core-execution	Set up Python	2026-02-24T08:25:05.2304935Z   allow-prereleases: false
core-execution	Set up Python	2026-02-24T08:25:05.2305177Z env:
core-execution	Set up Python	2026-02-24T08:25:05.2305393Z   KAOS_MODULE: [Ka0S] GitHub ‚Üí iTop Sync
core-execution	Set up Python	2026-02-24T08:25:05.2305714Z   KAOS_CORRELATION_ID: 22342574477
core-execution	Set up Python	2026-02-24T08:25:05.2305992Z   KAOS_ACTOR: AnaRome8
core-execution	Set up Python	2026-02-24T08:25:05.2306223Z ##[endgroup]
core-execution	Set up Python	2026-02-24T08:25:05.4395974Z ##[group]Installed versions
core-execution	Set up Python	2026-02-24T08:25:05.4419457Z Version 3.10 was not found in the local cache
core-execution	Set up Python	2026-02-24T08:25:06.5930590Z Version 3.10 is available for downloading
core-execution	Set up Python	2026-02-24T08:25:06.5931356Z Download from "https://github.com/actions/python-versions/releases/download/3.10.19-18393196481/python-3.10.19-linux-24.04-x64.tar.gz"
core-execution	Set up Python	2026-02-24T08:25:07.8771816Z Extract downloaded archive
core-execution	Set up Python	2026-02-24T08:25:07.8876105Z [command]/usr/bin/tar xz --warning=no-unknown-keyword -C /home/runner/_work/_temp/b1f2097f-5b05-4c6b-8671-5e86b8b7703c -f /home/runner/_work/_temp/230909f1-6108-49aa-913f-c23a927ad5fe
core-execution	Set up Python	2026-02-24T08:25:09.6124271Z Execute installation script
core-execution	Set up Python	2026-02-24T08:25:09.6239104Z Check if Python hostedtoolcache folder exist...
core-execution	Set up Python	2026-02-24T08:25:09.6240213Z Creating Python hostedtoolcache folder...
core-execution	Set up Python	2026-02-24T08:25:09.6256855Z Create Python 3.10.19 folder
core-execution	Set up Python	2026-02-24T08:25:09.6273580Z Copy Python binaries to hostedtoolcache folder
core-execution	Set up Python	2026-02-24T08:25:10.6136157Z Create additional symlinks (Required for the UsePythonVersion Azure Pipelines task and the setup-python GitHub Action)
core-execution	Set up Python	2026-02-24T08:25:10.6185443Z Upgrading pip...
core-execution	Set up Python	2026-02-24T08:25:12.7700772Z Looking in links: /tmp/tmp7t1y8450
core-execution	Set up Python	2026-02-24T08:25:12.7705583Z Requirement already satisfied: setuptools in /home/runner/_work/_tool/Python/3.10.19/x64/lib/python3.10/site-packages (79.0.1)
core-execution	Set up Python	2026-02-24T08:25:12.7710460Z Requirement already satisfied: pip in /home/runner/_work/_tool/Python/3.10.19/x64/lib/python3.10/site-packages (23.0.1)
core-execution	Set up Python	2026-02-24T08:25:14.1594168Z Collecting pip
core-execution	Set up Python	2026-02-24T08:25:14.2069167Z Downloading pip-26.0.1-py3-none-any.whl (1.8 MB)
core-execution	Set up Python	2026-02-24T08:25:14.2658711Z ‚îÅ‚îÅ‚îÅ‚îÅ‚îÅ‚îÅ‚îÅ‚îÅ‚îÅ‚îÅ‚îÅ‚îÅ‚îÅ‚îÅ‚îÅ‚îÅ‚îÅ‚îÅ‚îÅ‚îÅ‚îÅ‚îÅ‚îÅ‚îÅ‚îÅ‚îÅ‚îÅ‚îÅ‚îÅ‚îÅ‚îÅ‚îÅ‚îÅ‚îÅ‚îÅ‚îÅ‚îÅ‚îÅ‚îÅ‚îÅ 1.8/1.8 MB 32.3 MB/s eta 0:00:00
core-execution	Set up Python	2026-02-24T08:25:14.2659528Z 
core-execution	Set up Python	2026-02-24T08:25:14.3375007Z Installing collected packages: pip
core-execution	Set up Python	2026-02-24T08:25:14.3375411Z   Attempting uninstall: pip
core-execution	Set up Python	2026-02-24T08:25:14.3375745Z     Found existing installation: pip 23.0.1
core-execution	Set up Python	2026-02-24T08:25:14.6533680Z Uninstalling pip-23.0.1:
core-execution	Set up Python	2026-02-24T08:25:14.6637526Z Successfully uninstalled pip-23.0.1
core-execution	Set up Python	2026-02-24T08:25:15.6038636Z Successfully installed pip-26.0.1
core-execution	Set up Python	2026-02-24T08:25:15.6961216Z Create complete file
core-execution	Set up Python	2026-02-24T08:25:15.7007671Z Successfully set up CPython (3.10.19)
core-execution	Set up Python	2026-02-24T08:25:15.7008919Z ##[endgroup]
core-execution	Install dependencies	Ôªø2026-02-24T08:25:15.7184737Z ##[group]Run pip install requests
core-execution	Install dependencies	2026-02-24T08:25:15.7185168Z [36;1mpip install requests[0m
core-execution	Install dependencies	2026-02-24T08:25:15.7204545Z shell: /usr/bin/bash -e {0}
core-execution	Install dependencies	2026-02-24T08:25:15.7204973Z env:
core-execution	Install dependencies	2026-02-24T08:25:15.7205208Z   KAOS_MODULE: [Ka0S] GitHub ‚Üí iTop Sync
core-execution	Install dependencies	2026-02-24T08:25:15.7205517Z   KAOS_CORRELATION_ID: 22342574477
core-execution	Install dependencies	2026-02-24T08:25:15.7205796Z   KAOS_ACTOR: AnaRome8
core-execution	Install dependencies	2026-02-24T08:25:15.7206121Z   pythonLocation: /home/runner/_work/_tool/Python/3.10.19/x64
core-execution	Install dependencies	2026-02-24T08:25:15.7206619Z   PKG_CONFIG_PATH: /home/runner/_work/_tool/Python/3.10.19/x64/lib/pkgconfig
core-execution	Install dependencies	2026-02-24T08:25:15.7207129Z   Python_ROOT_DIR: /home/runner/_work/_tool/Python/3.10.19/x64
core-execution	Install dependencies	2026-02-24T08:25:15.7207570Z   Python2_ROOT_DIR: /home/runner/_work/_tool/Python/3.10.19/x64
core-execution	Install dependencies	2026-02-24T08:25:15.7208010Z   Python3_ROOT_DIR: /home/runner/_work/_tool/Python/3.10.19/x64
core-execution	Install dependencies	2026-02-24T08:25:15.7208458Z   LD_LIBRARY_PATH: /home/runner/_work/_tool/Python/3.10.19/x64/lib
core-execution	Install dependencies	2026-02-24T08:25:15.7208823Z ##[endgroup]
core-execution	Install dependencies	2026-02-24T08:25:16.2348497Z Collecting requests
core-execution	Install dependencies	2026-02-24T08:25:16.3110614Z   Downloading requests-2.32.5-py3-none-any.whl.metadata (4.9 kB)
core-execution	Install dependencies	2026-02-24T08:25:16.4731693Z Collecting charset_normalizer<4,>=2 (from requests)
core-execution	Install dependencies	2026-02-24T08:25:16.4779807Z   Downloading charset_normalizer-3.4.4-cp310-cp310-manylinux2014_x86_64.manylinux_2_17_x86_64.manylinux_2_28_x86_64.whl.metadata (37 kB)
core-execution	Install dependencies	2026-02-24T08:25:16.5154434Z Collecting idna<4,>=2.5 (from requests)
core-execution	Install dependencies	2026-02-24T08:25:16.5204848Z   Downloading idna-3.11-py3-none-any.whl.metadata (8.4 kB)
core-execution	Install dependencies	2026-02-24T08:25:16.5572572Z Collecting urllib3<3,>=1.21.1 (from requests)
core-execution	Install dependencies	2026-02-24T08:25:16.5617897Z   Downloading urllib3-2.6.3-py3-none-any.whl.metadata (6.9 kB)
core-execution	Install dependencies	2026-02-24T08:25:16.5911354Z Collecting certifi>=2017.4.17 (from requests)
core-execution	Install dependencies	2026-02-24T08:25:16.5969099Z   Downloading certifi-2026.1.4-py3-none-any.whl.metadata (2.5 kB)
core-execution	Install dependencies	2026-02-24T08:25:16.6077720Z Downloading requests-2.32.5-py3-none-any.whl (64 kB)
core-execution	Install dependencies	2026-02-24T08:25:16.6199466Z Downloading charset_normalizer-3.4.4-cp310-cp310-manylinux2014_x86_64.manylinux_2_17_x86_64.manylinux_2_28_x86_64.whl (153 kB)
core-execution	Install dependencies	2026-02-24T08:25:16.6415499Z Downloading idna-3.11-py3-none-any.whl (71 kB)
core-execution	Install dependencies	2026-02-24T08:25:16.6604116Z Downloading urllib3-2.6.3-py3-none-any.whl (131 kB)
core-execution	Install dependencies	2026-02-24T08:25:16.6730239Z Downloading certifi-2026.1.4-py3-none-any.whl (152 kB)
core-execution	Install dependencies	2026-02-24T08:25:16.7149697Z Installing collected packages: urllib3, idna, charset_normalizer, certifi, requests
core-execution	Install dependencies	2026-02-24T08:25:16.9890329Z 
core-execution	Install dependencies	2026-02-24T08:25:16.9909711Z Successfully installed certifi-2026.1.4 charset_normalizer-3.4.4 idna-3.11 requests-2.32.5 urllib3-2.6.3
core-execution	Run Sync Script	Ôªø2026-02-24T08:25:17.2047481Z ##[group]Run python .github/scripts/github-sync-itop.py > result.json
core-execution	Run Sync Script	2026-02-24T08:25:17.2048094Z [36;1mpython .github/scripts/github-sync-itop.py > result.json[0m
core-execution	Run Sync Script	2026-02-24T08:25:17.2062364Z shell: /usr/bin/bash -e {0}
core-execution	Run Sync Script	2026-02-24T08:25:17.2062643Z env:
core-execution	Run Sync Script	2026-02-24T08:25:17.2062874Z   KAOS_MODULE: [Ka0S] GitHub ‚Üí iTop Sync
core-execution	Run Sync Script	2026-02-24T08:25:17.2063188Z   KAOS_CORRELATION_ID: 22342574477
core-execution	Run Sync Script	2026-02-24T08:25:17.2063472Z   KAOS_ACTOR: AnaRome8
core-execution	Run Sync Script	2026-02-24T08:25:17.2063797Z   pythonLocation: /home/runner/_work/_tool/Python/3.10.19/x64
core-execution	Run Sync Script	2026-02-24T08:25:17.2064300Z   PKG_CONFIG_PATH: /home/runner/_work/_tool/Python/3.10.19/x64/lib/pkgconfig
core-execution	Run Sync Script	2026-02-24T08:25:17.2064801Z   Python_ROOT_DIR: /home/runner/_work/_tool/Python/3.10.19/x64
core-execution	Run Sync Script	2026-02-24T08:25:17.2065251Z   Python2_ROOT_DIR: /home/runner/_work/_tool/Python/3.10.19/x64
core-execution	Run Sync Script	2026-02-24T08:25:17.2065700Z   Python3_ROOT_DIR: /home/runner/_work/_tool/Python/3.10.19/x64
core-execution	Run Sync Script	2026-02-24T08:25:17.2066162Z   LD_LIBRARY_PATH: /home/runner/_work/_tool/Python/3.10.19/x64/lib
core-execution	Run Sync Script	2026-02-24T08:25:17.2066888Z   ITOP_URL: ***
core-execution	Run Sync Script	2026-02-24T08:25:17.2067132Z   ITOP_API_USER: ***
core-execution	Run Sync Script	2026-02-24T08:25:17.2067393Z   ITOP_API_PASSWORD: ***
core-execution	Run Sync Script	2026-02-24T08:25:17.2067647Z   ITOP_ORIGIN: ***
core-execution	Run Sync Script	2026-02-24T08:25:17.2067880Z   GITHUB_EVENT_NAME: issue_comment
core-execution	Run Sync Script	2026-02-24T08:25:17.2068158Z   GITHUB_EVENT_ACTION: created
core-execution	Run Sync Script	2026-02-24T08:25:17.2079560Z   GITHUB_ISSUE_PAYLOAD: {
core-execution	Run Sync Script	  "active_lock_reason": null,
core-execution	Run Sync Script	  "assignee": null,
core-execution	Run Sync Script	  "assignees": [],
core-execution	Run Sync Script	  "author_association": "NONE",
core-execution	Run Sync Script	  "body": "### Organizacion\n\n***\n\n### Solicitante (si aplica)\n\nTelpark\n\n### Origen\n\nPortal\n\n### Descripci√≥n\n\nHola, buenas tardes, necesito que reinici√©is la m√°quina EPKGESPRO lo antes posible. Muchas gracias\n\n### Impact\n\nDepartment\n\n### Urgency\n\ncritical",
core-execution	Run Sync Script	  "closed_at": null,
core-execution	Run Sync Script	  "comments": 13,
core-execution	Run Sync Script	  "comments_url": "https://api.github.com/repos/Ka0s-Klaus/ka0s/issues/4221/comments",
core-execution	Run Sync Script	  "created_at": "2026-02-23T16:05:07Z",
core-execution	Run Sync Script	  "events_url": "https://api.github.com/repos/Ka0s-Klaus/ka0s/issues/4221/events",
core-execution	Run Sync Script	  "html_url": "https://github.com/Ka0s-Klaus/ka0s/issues/4221",
core-execution	Run Sync Script	  "id": 3978951683,
core-execution	Run Sync Script	  "issue_dependencies_summary": {
core-execution	Run Sync Script	    "blocked_by": 0,
core-execution	Run Sync Script	    "blocking": 0,
core-execution	Run Sync Script	    "total_blocked_by": 0,
core-execution	Run Sync Script	    "total_blocking": 0
core-execution	Run Sync Script	  },
core-execution	Run Sync Script	  "labels": [],
core-execution	Run Sync Script	  "labels_url": "https://api.github.com/repos/Ka0s-Klaus/ka0s/issues/4221/labels{/name}",
core-execution	Run Sync Script	  "locked": false,
core-execution	Run Sync Script	  "milestone": null,
core-execution	Run Sync Script	  "node_id": "I_kwDONx6uGM7tKfwD",
core-execution	Run Sync Script	  "number": 4221,
core-execution	Run Sync Script	  "performed_via_github_app": null,
core-execution	Run Sync Script	  "pinned_comment": null,
core-execution	Run Sync Script	  "reactions": {
core-execution	Run Sync Script	    "+1": 0,
core-execution	Run Sync Script	    "-1": 0,
core-execution	Run Sync Script	    "confused": 0,
core-execution	Run Sync Script	    "eyes": 0,
core-execution	Run Sync Script	    "heart": 0,
core-execution	Run Sync Script	    "hooray": 0,
core-execution	Run Sync Script	    "laugh": 0,
core-execution	Run Sync Script	    "rocket": 0,
core-execution	Run Sync Script	    "total_count": 0,
core-execution	Run Sync Script	    "url": "https://api.github.com/repos/Ka0s-Klaus/ka0s/issues/4221/reactions"
core-execution	Run Sync Script	  },
core-execution	Run Sync Script	  "repository_url": "https://api.github.com/repos/Ka0s-Klaus/ka0s",
core-execution	Run Sync Script	  "state": "open",
core-execution	Run Sync Script	  "state_reason": null,
core-execution	Run Sync Script	  "sub_issues_summary": {
core-execution	Run Sync Script	    "completed": 0,
core-execution	Run Sync Script	    "percent_completed": 0,
core-execution	Run Sync Script	    "total": 0
core-execution	Run Sync Script	  },
core-execution	Run Sync Script	  "timeline_url": "https://api.github.com/repos/Ka0s-Klaus/ka0s/issues/4221/timeline",
core-execution	Run Sync Script	  "title": "[REQUEST]:  Reseteo de una m√°quina",
core-execution	Run Sync Script	  "type": null,
core-execution	Run Sync Script	  "updated_at": "2026-02-24T08:24:28Z",
core-execution	Run Sync Script	  "url": "https://api.github.com/repos/Ka0s-Klaus/ka0s/issues/4221",
core-execution	Run Sync Script	  "user": {
core-execution	Run Sync Script	    "avatar_url": "https://avatars.githubusercontent.com/u/182508651?v=4",
core-execution	Run Sync Script	    "events_url": "https://api.github.com/users/valerobass/events{/privacy}",
core-execution	Run Sync Script	    "followers_url": "https://api.github.com/users/valerobass/followers",
core-execution	Run Sync Script	    "following_url": "https://api.github.com/users/valerobass/following{/other_user}",
core-execution	Run Sync Script	    "gists_url": "https://api.github.com/users/valerobass/gists{/gist_id}",
core-execution	Run Sync Script	    "gravatar_id": "",
core-execution	Run Sync Script	    "html_url": "https://github.com/valerobass",
core-execution	Run Sync Script	    "id": 182508651,
core-execution	Run Sync Script	    "login": "valerobass",
core-execution	Run Sync Script	    "node_id": "U_kgDOCuDcaw",
core-execution	Run Sync Script	    "organizations_url": "https://api.github.com/users/valerobass/orgs",
core-execution	Run Sync Script	    "received_events_url": "https://api.github.com/users/valerobass/received_events",
core-execution	Run Sync Script	    "repos_url": "https://api.github.com/users/valerobass/repos",
core-execution	Run Sync Script	    "site_admin": false,
core-execution	Run Sync Script	    "starred_url": "https://api.github.com/users/valerobass/starred{/owner}{/repo}",
core-execution	Run Sync Script	    "subscriptions_url": "https://api.github.com/users/valerobass/subscriptions",
core-execution	Run Sync Script	    "type": "User",
core-execution	Run Sync Script	    "url": "https://api.github.com/users/valerobass",
core-execution	Run Sync Script	    "user_view_type": "public"
core-execution	Run Sync Script	  }
core-execution	Run Sync Script	}
core-execution	Run Sync Script	2026-02-24T08:25:17.2099249Z   GITHUB_COMMENT_PAYLOAD: {
core-execution	Run Sync Script	  "author_association": "MEMBER",
core-execution	Run Sync Script	  "body": "Os confirmamos que el reinicio de la m√°quina EPKGESPRO se ha realizado correctamente y los servicios se encuentran levantados y operativos.\n\nPor favor, ¬øpod√©is confirmarnos si el servicio vuelve a funcionar con normalidad desde vuestro lado?\n\nQuedamos pendientes de vuestra validaci√≥n para continuar con la gesti√≥n.\n\nUn saludo",
core-execution	Run Sync Script	  "created_at": "2026-02-24T08:24:28Z",
core-execution	Run Sync Script	  "html_url": "https://github.com/Ka0s-Klaus/ka0s/issues/4221#issuecomment-3949996609",
core-execution	Run Sync Script	  "id": 3949996609,
core-execution	Run Sync Script	  "issue_url": "https://api.github.com/repos/Ka0s-Klaus/ka0s/issues/4221",
core-execution	Run Sync Script	  "node_id": "IC_kwDONx6uGM7rcCpB",
core-execution	Run Sync Script	  "performed_via_github_app": null,
core-execution	Run Sync Script	  "pin": null,
core-execution	Run Sync Script	  "reactions": {
core-execution	Run Sync Script	    "+1": 0,
core-execution	Run Sync Script	    "-1": 0,
core-execution	Run Sync Script	    "confused": 0,
core-execution	Run Sync Script	    "eyes": 0,
core-execution	Run Sync Script	    "heart": 0,
core-execution	Run Sync Script	    "hooray": 0,
core-execution	Run Sync Script	    "laugh": 0,
core-execution	Run Sync Script	    "rocket": 0,
core-execution	Run Sync Script	    "total_count": 0,
core-execution	Run Sync Script	    "url": "https://api.github.com/repos/Ka0s-Klaus/ka0s/issues/comments/3949996609/reactions"
core-execution	Run Sync Script	  },
core-execution	Run Sync Script	  "updated_at": "2026-02-24T08:24:28Z",
core-execution	Run Sync Script	  "url": "https://api.github.com/repos/Ka0s-Klaus/ka0s/issues/comments/3949996609",
core-execution	Run Sync Script	  "user": {
core-execution	Run Sync Script	    "avatar_url": "https://avatars.githubusercontent.com/u/147439229?v=4",
core-execution	Run Sync Script	    "events_url": "https://api.github.com/users/AnaRome8/events{/privacy}",
core-execution	Run Sync Script	    "followers_url": "https://api.github.com/users/AnaRome8/followers",
core-execution	Run Sync Script	    "following_url": "https://api.github.com/users/AnaRome8/following{/other_user}",
core-execution	Run Sync Script	    "gists_url": "https://api.github.com/users/AnaRome8/gists{/gist_id}",
core-execution	Run Sync Script	    "gravatar_id": "",
core-execution	Run Sync Script	    "html_url": "https://github.com/AnaRome8",
core-execution	Run Sync Script	    "id": 147439229,
core-execution	Run Sync Script	    "login": "AnaRome8",
core-execution	Run Sync Script	    "node_id": "U_kgDOCMm-fQ",
core-execution	Run Sync Script	    "organizations_url": "https://api.github.com/users/AnaRome8/orgs",
core-execution	Run Sync Script	    "received_events_url": "https://api.github.com/users/AnaRome8/received_events",
core-execution	Run Sync Script	    "repos_url": "https://api.github.com/users/AnaRome8/repos",
core-execution	Run Sync Script	    "site_admin": false,
core-execution	Run Sync Script	    "starred_url": "https://api.github.com/users/AnaRome8/starred{/owner}{/repo}",
core-execution	Run Sync Script	    "subscriptions_url": "https://api.github.com/users/AnaRome8/subscriptions",
core-execution	Run Sync Script	    "type": "User",
core-execution	Run Sync Script	    "url": "https://api.github.com/users/AnaRome8",
core-execution	Run Sync Script	    "user_view_type": "public"
core-execution	Run Sync Script	  }
core-execution	Run Sync Script	}
core-execution	Run Sync Script	2026-02-24T08:25:17.2117613Z   GITHUB_REPO_FULL_NAME: Ka0s-Klaus/ka0s
core-execution	Run Sync Script	2026-02-24T08:25:17.2117905Z ##[endgroup]
core-execution	Run Sync Script	2026-02-24T08:25:17.3969291Z /home/runner/_work/_tool/Python/3.10.19/x64/lib/python3.10/site-packages/urllib3/connectionpool.py:1097: InsecureRequestWarning: Unverified HTTPS request is being made to host 'itsm.ka0s.io'. Adding certificate verification is strongly advised. See: https://urllib3.readthedocs.io/en/latest/advanced-usage.html#tls-warnings
core-execution	Run Sync Script	2026-02-24T08:25:17.3970801Z   warnings.warn(
core-execution	Run Sync Script	2026-02-24T08:25:17.5155120Z /home/runner/_work/_tool/Python/3.10.19/x64/lib/python3.10/site-packages/urllib3/connectionpool.py:1097: InsecureRequestWarning: Unverified HTTPS request is being made to host 'itsm.ka0s.io'. Adding certificate verification is strongly advised. See: https://urllib3.readthedocs.io/en/latest/advanced-usage.html#tls-warnings
core-execution	Run Sync Script	2026-02-24T08:25:17.5156852Z   warnings.warn(
core-execution	Save audit log	Ôªø2026-02-24T08:25:17.6955312Z ##[group]Run # Si result.json no existe o est√° vac√≠o, no hacemos nada.
core-execution	Save audit log	2026-02-24T08:25:17.6955950Z [36;1m# Si result.json no existe o est√° vac√≠o, no hacemos nada.[0m
core-execution	Save audit log	2026-02-24T08:25:17.6956613Z [36;1mif [ ! -s result.json ]; then[0m
core-execution	Save audit log	2026-02-24T08:25:17.6957193Z [36;1m  echo "result.json no encontrado o vac√≠o. No se crear√° log de auditor√≠a."[0m
core-execution	Save audit log	2026-02-24T08:25:17.6957826Z [36;1m  # Establecemos una salida para que el siguiente paso sepa que no debe ejecutarse[0m
core-execution	Save audit log	2026-02-24T08:25:17.6958370Z [36;1m  echo "audit_file_created=false" >> $GITHUB_OUTPUT[0m
core-execution	Save audit log	2026-02-24T08:25:17.6958717Z [36;1m  exit 0[0m
core-execution	Save audit log	2026-02-24T08:25:17.6958933Z [36;1mfi[0m
core-execution	Save audit log	2026-02-24T08:25:17.6959131Z [36;1m[0m
core-execution	Save audit log	2026-02-24T08:25:17.6959664Z [36;1m# Instalamos jq para leer el JSON de forma segura[0m
core-execution	Save audit log	2026-02-24T08:25:17.6960026Z [36;1msudo apt-get install -y jq[0m
core-execution	Save audit log	2026-02-24T08:25:17.6960301Z [36;1m[0m
core-execution	Save audit log	2026-02-24T08:25:17.6960514Z [36;1mmkdir -p audit/sync[0m
core-execution	Save audit log	2026-02-24T08:25:17.6960806Z [36;1mTIMESTAMP=$(date -u +"%Y%m%d_%H%M%S")[0m
core-execution	Save audit log	2026-02-24T08:25:17.6961266Z [36;1m# Extraemos el n√∫mero de issue del JSON de forma segura[0m
core-execution	Save audit log	2026-02-24T08:25:17.6961937Z [36;1mISSUE_ID=$(jq -r '.github_ref | split("/")[-1] // "NOREF"' result.json)[0m
core-execution	Save audit log	2026-02-24T08:25:17.6962767Z [36;1m# Intentamos obtener la referencia de iTop (ref) de la respuesta; si no existe, caemos a itop_key; si no, unknown[0m
core-execution	Save audit log	2026-02-24T08:25:17.6963346Z [36;1mITOP_REF=$(jq -r '[0m
core-execution	Save audit log	2026-02-24T08:25:17.6963784Z [36;1m  (try (.create.response.objects | to_entries[0].value.fields.ref) catch empty) //[0m
core-execution	Save audit log	2026-02-24T08:25:17.6964429Z [36;1m  (try (.update.response.objects | to_entries[0].value.fields.ref) catch empty) //[0m
core-execution	Save audit log	2026-02-24T08:25:17.6965061Z [36;1m  (try (.close.response.objects  | to_entries[0].value.fields.ref) catch empty) //[0m
core-execution	Save audit log	2026-02-24T08:25:17.6965564Z [36;1m  .itop_key // "NOREF"' result.json)[0m
core-execution	Save audit log	2026-02-24T08:25:17.6965917Z [36;1m# Saneamos la ref para nombre de fichero[0m
core-execution	Save audit log	2026-02-24T08:25:17.6966308Z [36;1mSAFE_ITOP_REF=$(echo "$ITOP_REF" | tr ' /:\\' '____')[0m
core-execution	Save audit log	2026-02-24T08:25:17.6966746Z [36;1m# Nuevo esquema: <timestamp>_<itop_ref>_<issue>.json[0m
core-execution	Save audit log	2026-02-24T08:25:17.6967230Z [36;1mFILENAME="audit/sync/${TIMESTAMP}_${SAFE_ITOP_REF}_${ISSUE_ID}.json"[0m
core-execution	Save audit log	2026-02-24T08:25:17.6967646Z [36;1m[0m
core-execution	Save audit log	2026-02-24T08:25:17.6967865Z [36;1mmv result.json $FILENAME[0m
core-execution	Save audit log	2026-02-24T08:25:17.6968134Z [36;1m[0m
core-execution	Save audit log	2026-02-24T08:25:17.6968507Z [36;1m# Si hay error en la llamada a iTop, generamos adem√°s un fichero de error expl√≠cito[0m
core-execution	Save audit log	2026-02-24T08:25:17.6968976Z [36;1mHAS_ERROR=$(jq -r '[0m
core-execution	Save audit log	2026-02-24T08:25:17.6969264Z [36;1m  if (.status? == "error") then "true"[0m
core-execution	Save audit log	2026-02-24T08:25:17.6969632Z [36;1m  elif (.create?.status? == "error") then "true"[0m
core-execution	Save audit log	2026-02-24T08:25:17.6970031Z [36;1m  elif (.update?.status? == "error") then "true"[0m
core-execution	Save audit log	2026-02-24T08:25:17.6970417Z [36;1m  elif (.close?.status? == "error") then "true"[0m
core-execution	Save audit log	2026-02-24T08:25:17.6970753Z [36;1m  else "false" end[0m
core-execution	Save audit log	2026-02-24T08:25:17.6971012Z [36;1m' "$FILENAME")[0m
core-execution	Save audit log	2026-02-24T08:25:17.6971251Z [36;1m[0m
core-execution	Save audit log	2026-02-24T08:25:17.6971475Z [36;1mif [ "$HAS_ERROR" = "true" ]; then[0m
core-execution	Save audit log	2026-02-24T08:25:17.6992370Z [36;1m  ERROR_FILENAME="audit/sync/${TIMESTAMP}_${SAFE_ITOP_REF}_${ISSUE_ID}_ERROR.json"[0m
core-execution	Save audit log	2026-02-24T08:25:17.6992882Z [36;1m  cp "$FILENAME" "$ERROR_FILENAME"[0m
core-execution	Save audit log	2026-02-24T08:25:17.6993181Z [36;1mfi[0m
core-execution	Save audit log	2026-02-24T08:25:17.6993384Z [36;1m[0m
core-execution	Save audit log	2026-02-24T08:25:17.6993635Z [36;1mecho "AUDIT_FILE=$FILENAME" >> $GITHUB_ENV[0m
core-execution	Save audit log	2026-02-24T08:25:17.6994028Z [36;1mecho "audit_file_created=true" >> $GITHUB_OUTPUT[0m
core-execution	Save audit log	2026-02-24T08:25:17.7007814Z shell: /usr/bin/bash -e {0}
core-execution	Save audit log	2026-02-24T08:25:17.7008082Z env:
core-execution	Save audit log	2026-02-24T08:25:17.7008458Z   KAOS_MODULE: [Ka0S] GitHub ‚Üí iTop Sync
core-execution	Save audit log	2026-02-24T08:25:17.7008787Z   KAOS_CORRELATION_ID: 22342574477
core-execution	Save audit log	2026-02-24T08:25:17.7009073Z   KAOS_ACTOR: AnaRome8
core-execution	Save audit log	2026-02-24T08:25:17.7009407Z   pythonLocation: /home/runner/_work/_tool/Python/3.10.19/x64
core-execution	Save audit log	2026-02-24T08:25:17.7009913Z   PKG_CONFIG_PATH: /home/runner/_work/_tool/Python/3.10.19/x64/lib/pkgconfig
core-execution	Save audit log	2026-02-24T08:25:17.7010840Z   Python_ROOT_DIR: /home/runner/_work/_tool/Python/3.10.19/x64
core-execution	Save audit log	2026-02-24T08:25:17.7011282Z   Python2_ROOT_DIR: /home/runner/_work/_tool/Python/3.10.19/x64
core-execution	Save audit log	2026-02-24T08:25:17.7027350Z   Python3_ROOT_DIR: /home/runner/_work/_tool/Python/3.10.19/x64
core-execution	Save audit log	2026-02-24T08:25:17.7028078Z   LD_LIBRARY_PATH: /home/runner/_work/_tool/Python/3.10.19/x64/lib
core-execution	Save audit log	2026-02-24T08:25:17.7028441Z ##[endgroup]
core-execution	Save audit log	2026-02-24T08:25:17.7505772Z Reading package lists...
core-execution	Save audit log	2026-02-24T08:25:17.7546473Z Building dependency tree...
core-execution	Save audit log	2026-02-24T08:25:17.7548499Z Reading state information...
core-execution	Save audit log	2026-02-24T08:25:17.7737069Z jq is already the newest version (1.7.1-3ubuntu0.24.04.1).
core-execution	Save audit log	2026-02-24T08:25:17.7737934Z 0 upgraded, 0 newly installed, 0 to remove and 0 not upgraded.
core-execution	Commit and push audit file	Ôªø2026-02-24T08:25:17.8017721Z ##[group]Run git config --global user.name "***"
core-execution	Commit and push audit file	2026-02-24T08:25:17.8018237Z [36;1mgit config --global user.name "***"[0m
core-execution	Commit and push audit file	2026-02-24T08:25:17.8018636Z [36;1mgit config --global user.email "***"[0m
core-execution	Commit and push audit file	2026-02-24T08:25:17.8018960Z [36;1mgit pull[0m
core-execution	Commit and push audit file	2026-02-24T08:25:17.8019201Z [36;1mgit add audit/sync/*[0m
core-execution	Commit and push audit file	2026-02-24T08:25:17.8019502Z [36;1mif ! git diff --staged --quiet; then[0m
core-execution	Commit and push audit file	2026-02-24T08:25:17.8019983Z [36;1m  git commit -m "chore(ka0s): audit sync for issue #4221 run 22342574477 [skip ci]"[0m
core-execution	Commit and push audit file	2026-02-24T08:25:17.8020446Z [36;1m  count=0[0m
core-execution	Commit and push audit file	2026-02-24T08:25:17.8020766Z [36;1m  until git push origin HEAD:main || [ $count -eq 5 ]; do[0m
core-execution	Commit and push audit file	2026-02-24T08:25:17.8021191Z [36;1m    echo "Push fallido, reintentando..."[0m
core-execution	Commit and push audit file	2026-02-24T08:25:17.8021553Z [36;1m    git pull --rebase origin main[0m
core-execution	Commit and push audit file	2026-02-24T08:25:17.8022481Z [36;1m    ((count++))[0m
core-execution	Commit and push audit file	2026-02-24T08:25:17.8022741Z [36;1m    sleep 2[0m
core-execution	Commit and push audit file	2026-02-24T08:25:17.8022989Z [36;1m  done[0m
core-execution	Commit and push audit file	2026-02-24T08:25:17.8023208Z [36;1melse[0m
core-execution	Commit and push audit file	2026-02-24T08:25:17.8023516Z [36;1m  echo "No hay cambios para subir."[0m
core-execution	Commit and push audit file	2026-02-24T08:25:17.8023820Z [36;1mfi[0m
core-execution	Commit and push audit file	2026-02-24T08:25:17.8036806Z shell: /usr/bin/bash -e {0}
core-execution	Commit and push audit file	2026-02-24T08:25:17.8037081Z env:
core-execution	Commit and push audit file	2026-02-24T08:25:17.8037316Z   KAOS_MODULE: [Ka0S] GitHub ‚Üí iTop Sync
core-execution	Commit and push audit file	2026-02-24T08:25:17.8037636Z   KAOS_CORRELATION_ID: 22342574477
core-execution	Commit and push audit file	2026-02-24T08:25:17.8037921Z   KAOS_ACTOR: AnaRome8
core-execution	Commit and push audit file	2026-02-24T08:25:17.8038253Z   pythonLocation: /home/runner/_work/_tool/Python/3.10.19/x64
core-execution	Commit and push audit file	2026-02-24T08:25:17.8038758Z   PKG_CONFIG_PATH: /home/runner/_work/_tool/Python/3.10.19/x64/lib/pkgconfig
core-execution	Commit and push audit file	2026-02-24T08:25:17.8039262Z   Python_ROOT_DIR: /home/runner/_work/_tool/Python/3.10.19/x64
core-execution	Commit and push audit file	2026-02-24T08:25:17.8039716Z   Python2_ROOT_DIR: /home/runner/_work/_tool/Python/3.10.19/x64
core-execution	Commit and push audit file	2026-02-24T08:25:17.8040170Z   Python3_ROOT_DIR: /home/runner/_work/_tool/Python/3.10.19/x64
core-execution	Commit and push audit file	2026-02-24T08:25:17.8040629Z   LD_LIBRARY_PATH: /home/runner/_work/_tool/Python/3.10.19/x64/lib
core-execution	Commit and push audit file	2026-02-24T08:25:17.8041090Z   AUDIT_FILE: audit/sync/20260224_082517_R-000522_4221.json
core-execution	Commit and push audit file	2026-02-24T08:25:17.8041445Z ##[endgroup]
core-execution	Commit and push audit file	2026-02-24T08:25:18.5651580Z Already up to date.
core-execution	Commit and push audit file	2026-02-24T08:25:18.6882791Z [main d292791ff] chore(ka0s): audit sync for issue #4221 run 22342574477 [skip ci]
core-execution	Commit and push audit file	2026-02-24T08:25:18.6883694Z  1 file changed, 205 insertions(+)
core-execution	Commit and push audit file	2026-02-24T08:25:18.6884214Z  create mode 100644 audit/sync/20260224_082517_R-000522_4221.json
core-execution	Commit and push audit file	2026-02-24T08:25:19.5134542Z To https://github.com/Ka0s-Klaus/ka0s
core-execution	Commit and push audit file	2026-02-24T08:25:19.5134954Z    75b831651..d292791ff  HEAD -> main
core-execution	Post Set up Python	Ôªø2026-02-24T08:25:19.5399502Z Post job cleanup.
core-execution	Post Checkout code	Ôªø2026-02-24T08:25:19.7902801Z Post job cleanup.
core-execution	Post Checkout code	2026-02-24T08:25:19.9113370Z [command]/usr/bin/git version
core-execution	Post Checkout code	2026-02-24T08:25:19.9173740Z git version 2.52.0
core-execution	Post Checkout code	2026-02-24T08:25:19.9225284Z Copying '/home/runner/.gitconfig' to '/home/runner/_work/_temp/2b3269b1-36f0-491f-9e92-0b6fe4e619fc/.gitconfig'
core-execution	Post Checkout code	2026-02-24T08:25:19.9226274Z Temporarily overriding HOME='/home/runner/_work/_temp/2b3269b1-36f0-491f-9e92-0b6fe4e619fc' before making global git config changes
core-execution	Post Checkout code	2026-02-24T08:25:19.9227127Z Adding repository directory to the temporary git global config as a safe directory
core-execution	Post Checkout code	2026-02-24T08:25:19.9231444Z [command]/usr/bin/git config --global --add safe.directory /home/runner/_work/ka0s/ka0s
core-execution	Post Checkout code	2026-02-24T08:25:19.9302996Z [command]/usr/bin/git config --local --name-only --get-regexp core\.sshCommand
core-execution	Post Checkout code	2026-02-24T08:25:19.9460071Z [command]/usr/bin/git submodule foreach --recursive sh -c "git config --local --name-only --get-regexp 'core\.sshCommand' && git config --local --unset-all 'core.sshCommand' || :"
core-execution	Post Checkout code	2026-02-24T08:25:20.0177308Z [command]/usr/bin/git config --local --name-only --get-regexp http\.https\:\/\/github\.com\/\.extraheader
core-execution	Post Checkout code	2026-02-24T08:25:20.0242614Z http.https://github.com/.extraheader
core-execution	Post Checkout code	2026-02-24T08:25:20.0264007Z [command]/usr/bin/git config --local --unset-all http.https://github.com/.extraheader
core-execution	Post Checkout code	2026-02-24T08:25:20.0326464Z [command]/usr/bin/git submodule foreach --recursive sh -c "git config --local --name-only --get-regexp 'http\.https\:\/\/github\.com\/\.extraheader' && git config --local --unset-all 'http.https://github.com/.extraheader' || :"
core-execution	Post Checkout code	2026-02-24T08:25:20.1282717Z [command]/usr/bin/git config --local --name-only --get-regexp ^includeIf\.gitdir:
core-execution	Post Checkout code	2026-02-24T08:25:20.1380806Z [command]/usr/bin/git submodule foreach --recursive git config --local --show-origin --name-only --get-regexp remote.origin.url
core-execution	Complete job	Ôªø2026-02-24T08:25:20.2098466Z Cleaning up orphan processes
Handle Success	Set up job	Ôªø2026-02-24T08:25:33.2288966Z Current runner version: '2.331.0'
Handle Success	Set up job	2026-02-24T08:25:33.2299893Z Runner name: 'swarm-runners-scaleset-hkss5-runner-sb99p'
Handle Success	Set up job	2026-02-24T08:25:33.2300886Z Runner group name: 'Default'
Handle Success	Set up job	2026-02-24T08:25:33.2302050Z Machine name: 'swarm-runners-scaleset-hkss5-runner-sb99p'
Handle Success	Set up job	2026-02-24T08:25:33.2306656Z ##[group]GITHUB_TOKEN Permissions
Handle Success	Set up job	2026-02-24T08:25:33.2309990Z Actions: write
Handle Success	Set up job	2026-02-24T08:25:33.2310593Z Contents: write
Handle Success	Set up job	2026-02-24T08:25:33.2311193Z Issues: write
Handle Success	Set up job	2026-02-24T08:25:33.2312156Z Metadata: read
Handle Success	Set up job	2026-02-24T08:25:33.2312707Z ##[endgroup]
Handle Success	Set up job	2026-02-24T08:25:33.2315226Z Secret source: Actions
Handle Success	Set up job	2026-02-24T08:25:33.2316100Z Prepare workflow directory
Handle Success	Set up job	2026-02-24T08:25:33.2915137Z Prepare all required actions
Handle Success	Set up job	2026-02-24T08:25:33.2974900Z Complete job name: Handle Success
Handle Success	Notify Success	Ôªø2026-02-24T08:25:33.3708142Z ##[group]Run echo "‚úÖ Workflow [Ka0S] GitHub ‚Üí iTop Sync completado correctamente."
Handle Success	Notify Success	2026-02-24T08:25:33.3709256Z [36;1mecho "‚úÖ Workflow [Ka0S] GitHub ‚Üí iTop Sync completado correctamente."[0m
Handle Success	Notify Success	2026-02-24T08:25:33.3743714Z shell: /usr/bin/bash -e {0}
Handle Success	Notify Success	2026-02-24T08:25:33.3744579Z env:
Handle Success	Notify Success	2026-02-24T08:25:33.3745123Z   KAOS_MODULE: [Ka0S] GitHub ‚Üí iTop Sync
Handle Success	Notify Success	2026-02-24T08:25:33.3745657Z   KAOS_CORRELATION_ID: 22342574477
Handle Success	Notify Success	2026-02-24T08:25:33.3746127Z   KAOS_ACTOR: AnaRome8
Handle Success	Notify Success	2026-02-24T08:25:33.3746527Z ##[endgroup]
Handle Success	Notify Success	2026-02-24T08:25:33.4139966Z ‚úÖ Workflow [Ka0S] GitHub ‚Üí iTop Sync completado correctamente.
Handle Success	Complete job	Ôªø2026-02-24T08:25:33.4272901Z Cleaning up orphan processes
end-workflow	Set up job	Ôªø2026-02-24T08:25:46.0379281Z Current runner version: '2.331.0'
end-workflow	Set up job	2026-02-24T08:25:46.0389033Z Runner name: 'swarm-runners-scaleset-hkss5-runner-pvm7c'
end-workflow	Set up job	2026-02-24T08:25:46.0390233Z Runner group name: 'Default'
end-workflow	Set up job	2026-02-24T08:25:46.0391220Z Machine name: 'swarm-runners-scaleset-hkss5-runner-pvm7c'
end-workflow	Set up job	2026-02-24T08:25:46.0395544Z ##[group]GITHUB_TOKEN Permissions
end-workflow	Set up job	2026-02-24T08:25:46.0398380Z Actions: write
end-workflow	Set up job	2026-02-24T08:25:46.0399140Z Contents: write
end-workflow	Set up job	2026-02-24T08:25:46.0399676Z Issues: write
end-workflow	Set up job	2026-02-24T08:25:46.0400267Z Metadata: read
end-workflow	Set up job	2026-02-24T08:25:46.0400875Z ##[endgroup]
end-workflow	Set up job	2026-02-24T08:25:46.0403367Z Secret source: Actions
end-workflow	Set up job	2026-02-24T08:25:46.0404084Z Prepare workflow directory
end-workflow	Set up job	2026-02-24T08:25:46.0961928Z Prepare all required actions
end-workflow	Set up job	2026-02-24T08:25:46.1006718Z Getting action download info
end-workflow	Set up job	2026-02-24T08:25:46.6894998Z Download action repository 'actions/checkout@v4' (SHA:34e114876b0b11c390a56381ad16ebd13914f8d5)
end-workflow	Set up job	2026-02-24T08:25:47.8284187Z Complete job name: end-workflow
end-workflow	Checkout Repository	Ôªø2026-02-24T08:25:47.8945763Z ##[group]Run actions/checkout@v4
end-workflow	Checkout Repository	2026-02-24T08:25:47.8946784Z with:
end-workflow	Checkout Repository	2026-02-24T08:25:47.8947235Z   fetch-depth: 0
end-workflow	Checkout Repository	2026-02-24T08:25:47.8947710Z   repository: Ka0s-Klaus/ka0s
end-workflow	Checkout Repository	2026-02-24T08:25:47.8948505Z   token: ***
end-workflow	Checkout Repository	2026-02-24T08:25:47.8948940Z   ssh-strict: true
end-workflow	Checkout Repository	2026-02-24T08:25:47.8949387Z   ssh-user: git
end-workflow	Checkout Repository	2026-02-24T08:25:47.8949849Z   persist-credentials: true
end-workflow	Checkout Repository	2026-02-24T08:25:47.8950349Z   clean: true
end-workflow	Checkout Repository	2026-02-24T08:25:47.8950812Z   sparse-checkout-cone-mode: true
end-workflow	Checkout Repository	2026-02-24T08:25:47.8951374Z   fetch-tags: false
end-workflow	Checkout Repository	2026-02-24T08:25:47.8952302Z   show-progress: true
end-workflow	Checkout Repository	2026-02-24T08:25:47.8952782Z   lfs: false
end-workflow	Checkout Repository	2026-02-24T08:25:47.8953207Z   submodules: false
end-workflow	Checkout Repository	2026-02-24T08:25:47.8953687Z   set-safe-directory: true
end-workflow	Checkout Repository	2026-02-24T08:25:47.8954442Z env:
end-workflow	Checkout Repository	2026-02-24T08:25:47.8954911Z   KAOS_MODULE: [Ka0S] GitHub ‚Üí iTop Sync
end-workflow	Checkout Repository	2026-02-24T08:25:47.8955530Z   KAOS_CORRELATION_ID: 22342574477
end-workflow	Checkout Repository	2026-02-24T08:25:47.8956081Z   KAOS_ACTOR: AnaRome8
end-workflow	Checkout Repository	2026-02-24T08:25:47.8956539Z ##[endgroup]
end-workflow	Checkout Repository	2026-02-24T08:25:48.0247282Z Syncing repository: Ka0s-Klaus/ka0s
end-workflow	Checkout Repository	2026-02-24T08:25:48.0249662Z ##[group]Getting Git version info
end-workflow	Checkout Repository	2026-02-24T08:25:48.0250408Z Working directory is '/home/runner/_work/ka0s/ka0s'
end-workflow	Checkout Repository	2026-02-24T08:25:48.0251450Z [command]/usr/bin/git version
end-workflow	Checkout Repository	2026-02-24T08:25:48.0252848Z git version 2.52.0
end-workflow	Checkout Repository	2026-02-24T08:25:48.0310031Z ##[endgroup]
end-workflow	Checkout Repository	2026-02-24T08:25:48.0317060Z Temporarily overriding HOME='/home/runner/_work/_temp/7e7345fc-12ea-4a2d-b412-5ee1b44aad93' before making global git config changes
end-workflow	Checkout Repository	2026-02-24T08:25:48.0318688Z Adding repository directory to the temporary git global config as a safe directory
end-workflow	Checkout Repository	2026-02-24T08:25:48.0319937Z [command]/usr/bin/git config --global --add safe.directory /home/runner/_work/ka0s/ka0s
end-workflow	Checkout Repository	2026-02-24T08:25:48.0352820Z Deleting the contents of '/home/runner/_work/ka0s/ka0s'
end-workflow	Checkout Repository	2026-02-24T08:25:48.0358084Z ##[group]Initializing the repository
end-workflow	Checkout Repository	2026-02-24T08:25:48.0361207Z [command]/usr/bin/git init /home/runner/_work/ka0s/ka0s
end-workflow	Checkout Repository	2026-02-24T08:25:48.0433234Z hint: Using 'master' as the name for the initial branch. This default branch name
end-workflow	Checkout Repository	2026-02-24T08:25:48.0442974Z hint: will change to "main" in Git 3.0. To configure the initial branch name
end-workflow	Checkout Repository	2026-02-24T08:25:48.0444668Z hint: to use in all of your new repositories, which will suppress this warning,
end-workflow	Checkout Repository	2026-02-24T08:25:48.0452715Z hint: call:
end-workflow	Checkout Repository	2026-02-24T08:25:48.0453393Z hint:
end-workflow	Checkout Repository	2026-02-24T08:25:48.0454114Z hint: 	git config --global init.defaultBranch <name>
end-workflow	Checkout Repository	2026-02-24T08:25:48.0454933Z hint:
end-workflow	Checkout Repository	2026-02-24T08:25:48.0456221Z hint: Names commonly chosen instead of 'master' are 'main', 'trunk' and
end-workflow	Checkout Repository	2026-02-24T08:25:48.0457611Z hint: 'development'. The just-created branch can be renamed via this command:
end-workflow	Checkout Repository	2026-02-24T08:25:48.0458746Z hint:
end-workflow	Checkout Repository	2026-02-24T08:25:48.0459230Z hint: 	git branch -m <name>
end-workflow	Checkout Repository	2026-02-24T08:25:48.0459973Z hint:
end-workflow	Checkout Repository	2026-02-24T08:25:48.0460771Z hint: Disable this message with "git config set advice.defaultBranchName false"
end-workflow	Checkout Repository	2026-02-24T08:25:48.0482323Z Initialized empty Git repository in /home/runner/_work/ka0s/ka0s/.git/
end-workflow	Checkout Repository	2026-02-24T08:25:48.0485434Z [command]/usr/bin/git remote add origin https://github.com/Ka0s-Klaus/ka0s
end-workflow	Checkout Repository	2026-02-24T08:25:48.0495747Z ##[endgroup]
end-workflow	Checkout Repository	2026-02-24T08:25:48.0496622Z ##[group]Disabling automatic garbage collection
end-workflow	Checkout Repository	2026-02-24T08:25:48.0500517Z [command]/usr/bin/git config --local gc.auto 0
end-workflow	Checkout Repository	2026-02-24T08:25:48.0544812Z ##[endgroup]
end-workflow	Checkout Repository	2026-02-24T08:25:48.0545868Z ##[group]Setting up auth
end-workflow	Checkout Repository	2026-02-24T08:25:48.0554007Z [command]/usr/bin/git config --local --name-only --get-regexp core\.sshCommand
end-workflow	Checkout Repository	2026-02-24T08:25:48.0598079Z [command]/usr/bin/git submodule foreach --recursive sh -c "git config --local --name-only --get-regexp 'core\.sshCommand' && git config --local --unset-all 'core.sshCommand' || :"
end-workflow	Checkout Repository	2026-02-24T08:25:48.0950762Z [command]/usr/bin/git config --local --name-only --get-regexp http\.https\:\/\/github\.com\/\.extraheader
end-workflow	Checkout Repository	2026-02-24T08:25:48.0998595Z [command]/usr/bin/git submodule foreach --recursive sh -c "git config --local --name-only --get-regexp 'http\.https\:\/\/github\.com\/\.extraheader' && git config --local --unset-all 'http.https://github.com/.extraheader' || :"
end-workflow	Checkout Repository	2026-02-24T08:25:48.1363184Z [command]/usr/bin/git config --local --name-only --get-regexp ^includeIf\.gitdir:
end-workflow	Checkout Repository	2026-02-24T08:25:48.1412334Z [command]/usr/bin/git submodule foreach --recursive git config --local --show-origin --name-only --get-regexp remote.origin.url
end-workflow	Checkout Repository	2026-02-24T08:25:48.1807019Z [command]/usr/bin/git config --local http.https://github.com/.extraheader AUTHORIZATION: basic ***
end-workflow	Checkout Repository	2026-02-24T08:25:48.1869346Z ##[endgroup]
end-workflow	Checkout Repository	2026-02-24T08:25:48.1873004Z ##[group]Fetching the repository
end-workflow	Checkout Repository	2026-02-24T08:25:48.1908728Z [command]/usr/bin/git -c protocol.version=2 fetch --prune --no-recurse-submodules origin +refs/heads/*:refs/remotes/origin/* +refs/tags/*:refs/tags/*
end-workflow	Checkout Repository	2026-02-24T08:26:09.1579544Z From https://github.com/Ka0s-Klaus/ka0s
end-workflow	Checkout Repository	2026-02-24T08:26:09.1580186Z  * [new branch]          F3450-modelo-operativo -> origin/F3450-modelo-operativo
end-workflow	Checkout Repository	2026-02-24T08:26:09.1580823Z  * [new branch]          H1276-modulo-observabilidad -> origin/H1276-modulo-observabilidad
end-workflow	Checkout Repository	2026-02-24T08:26:09.1582419Z  * [new branch]          H3596-deploy-itop      -> origin/H3596-deploy-itop
end-workflow	Checkout Repository	2026-02-24T08:26:09.1583442Z  * [new branch]          H4170-flujo-detallado-zabbix---github -> origin/H4170-flujo-detallado-zabbix---github
end-workflow	Checkout Repository	2026-02-24T08:26:09.1584266Z  * [new branch]          H4191-request-cambios  -> origin/H4191-request-cambios
end-workflow	Checkout Repository	2026-02-24T08:26:09.1585017Z  * [new branch]          H4200-request-recomendaciones-de-auditoria -> origin/H4200-request-recomendaciones-de-auditoria
end-workflow	Checkout Repository	2026-02-24T08:26:09.1585684Z  * [new branch]          main                   -> origin/main
end-workflow	Checkout Repository	2026-02-24T08:26:09.1586093Z  * [new tag]             0.0.0                  -> 0.0.0
end-workflow	Checkout Repository	2026-02-24T08:26:09.1586504Z  * [new tag]             0.0.1                  -> 0.0.1
end-workflow	Checkout Repository	2026-02-24T08:26:09.1586889Z  * [new tag]             0.0.10                 -> 0.0.10
end-workflow	Checkout Repository	2026-02-24T08:26:09.1587323Z  * [new tag]             0.0.100                -> 0.0.100
end-workflow	Checkout Repository	2026-02-24T08:26:09.1587717Z  * [new tag]             0.0.101                -> 0.0.101
end-workflow	Checkout Repository	2026-02-24T08:26:09.1588149Z  * [new tag]             0.0.102                -> 0.0.102
end-workflow	Checkout Repository	2026-02-24T08:26:09.1588578Z  * [new tag]             0.0.103                -> 0.0.103
end-workflow	Checkout Repository	2026-02-24T08:26:09.1588990Z  * [new tag]             0.0.104                -> 0.0.104
end-workflow	Checkout Repository	2026-02-24T08:26:09.1589361Z  * [new tag]             0.0.105                -> 0.0.105
end-workflow	Checkout Repository	2026-02-24T08:26:09.1589739Z  * [new tag]             0.0.106                -> 0.0.106
end-workflow	Checkout Repository	2026-02-24T08:26:09.1590159Z  * [new tag]             0.0.107                -> 0.0.107
end-workflow	Checkout Repository	2026-02-24T08:26:09.1590531Z  * [new tag]             0.0.108                -> 0.0.108
end-workflow	Checkout Repository	2026-02-24T08:26:09.1590915Z  * [new tag]             0.0.109                -> 0.0.109
end-workflow	Checkout Repository	2026-02-24T08:26:09.1591285Z  * [new tag]             0.0.11                 -> 0.0.11
end-workflow	Checkout Repository	2026-02-24T08:26:09.1591882Z  * [new tag]             0.0.110                -> 0.0.110
end-workflow	Checkout Repository	2026-02-24T08:26:09.1592757Z  * [new tag]             0.0.111                -> 0.0.111
end-workflow	Checkout Repository	2026-02-24T08:26:09.1593161Z  * [new tag]             0.0.112                -> 0.0.112
end-workflow	Checkout Repository	2026-02-24T08:26:09.1594232Z  * [new tag]             0.0.113                -> 0.0.113
end-workflow	Checkout Repository	2026-02-24T08:26:09.1594880Z  * [new tag]             0.0.114                -> 0.0.114
end-workflow	Checkout Repository	2026-02-24T08:26:09.1595330Z  * [new tag]             0.0.115                -> 0.0.115
end-workflow	Checkout Repository	2026-02-24T08:26:09.1595728Z  * [new tag]             0.0.116                -> 0.0.116
end-workflow	Checkout Repository	2026-02-24T08:26:09.1596580Z  * [new tag]             0.0.117                -> 0.0.117
end-workflow	Checkout Repository	2026-02-24T08:26:09.1597125Z  * [new tag]             0.0.118                -> 0.0.118
end-workflow	Checkout Repository	2026-02-24T08:26:09.1597601Z  * [new tag]             0.0.119                -> 0.0.119
end-workflow	Checkout Repository	2026-02-24T08:26:09.1598082Z  * [new tag]             0.0.12                 -> 0.0.12
end-workflow	Checkout Repository	2026-02-24T08:26:09.1598805Z  * [new tag]             0.0.120                -> 0.0.120
end-workflow	Checkout Repository	2026-02-24T08:26:09.1599272Z  * [new tag]             0.0.121                -> 0.0.121
end-workflow	Checkout Repository	2026-02-24T08:26:09.1599745Z  * [new tag]             0.0.122                -> 0.0.122
end-workflow	Checkout Repository	2026-02-24T08:26:09.1600217Z  * [new tag]             0.0.123                -> 0.0.123
end-workflow	Checkout Repository	2026-02-24T08:26:09.1601038Z  * [new tag]             0.0.124                -> 0.0.124
end-workflow	Checkout Repository	2026-02-24T08:26:09.1601531Z  * [new tag]             0.0.125                -> 0.0.125
end-workflow	Checkout Repository	2026-02-24T08:26:09.1603574Z  * [new tag]             0.0.126                -> 0.0.126
end-workflow	Checkout Repository	2026-02-24T08:26:09.1603988Z  * [new tag]             0.0.127                -> 0.0.127
end-workflow	Checkout Repository	2026-02-24T08:26:09.1604372Z  * [new tag]             0.0.128                -> 0.0.128
end-workflow	Checkout Repository	2026-02-24T08:26:09.1604761Z  * [new tag]             0.0.129                -> 0.0.129
end-workflow	Checkout Repository	2026-02-24T08:26:09.1605147Z  * [new tag]             0.0.13                 -> 0.0.13
end-workflow	Checkout Repository	2026-02-24T08:26:09.1605532Z  * [new tag]             0.0.130                -> 0.0.130
end-workflow	Checkout Repository	2026-02-24T08:26:09.1605922Z  * [new tag]             0.0.131                -> 0.0.131
end-workflow	Checkout Repository	2026-02-24T08:26:09.1606312Z  * [new tag]             0.0.132                -> 0.0.132
end-workflow	Checkout Repository	2026-02-24T08:26:09.1606700Z  * [new tag]             0.0.133                -> 0.0.133
end-workflow	Checkout Repository	2026-02-24T08:26:09.1607133Z  * [new tag]             0.0.134                -> 0.0.134
end-workflow	Checkout Repository	2026-02-24T08:26:09.1607533Z  * [new tag]             0.0.135                -> 0.0.135
end-workflow	Checkout Repository	2026-02-24T08:26:09.1607922Z  * [new tag]             0.0.136                -> 0.0.136
end-workflow	Checkout Repository	2026-02-24T08:26:09.1608303Z  * [new tag]             0.0.137                -> 0.0.137
end-workflow	Checkout Repository	2026-02-24T08:26:09.1608692Z  * [new tag]             0.0.138                -> 0.0.138
end-workflow	Checkout Repository	2026-02-24T08:26:09.1609074Z  * [new tag]             0.0.139                -> 0.0.139
end-workflow	Checkout Repository	2026-02-24T08:26:09.1609461Z  * [new tag]             0.0.14                 -> 0.0.14
end-workflow	Checkout Repository	2026-02-24T08:26:09.1609845Z  * [new tag]             0.0.140                -> 0.0.140
end-workflow	Checkout Repository	2026-02-24T08:26:09.1610233Z  * [new tag]             0.0.141                -> 0.0.141
end-workflow	Checkout Repository	2026-02-24T08:26:09.1610625Z  * [new tag]             0.0.142                -> 0.0.142
end-workflow	Checkout Repository	2026-02-24T08:26:09.1611010Z  * [new tag]             0.0.143                -> 0.0.143
end-workflow	Checkout Repository	2026-02-24T08:26:09.1681305Z  * [new tag]             0.0.144                -> 0.0.144
end-workflow	Checkout Repository	2026-02-24T08:26:09.1692819Z  * [new tag]             0.0.145                -> 0.0.145
end-workflow	Checkout Repository	2026-02-24T08:26:09.1693274Z  * [new tag]             0.0.146                -> 0.0.146
end-workflow	Checkout Repository	2026-02-24T08:26:09.1693655Z  * [new tag]             0.0.147                -> 0.0.147
end-workflow	Checkout Repository	2026-02-24T08:26:09.1694035Z  * [new tag]             0.0.148                -> 0.0.148
end-workflow	Checkout Repository	2026-02-24T08:26:09.1694406Z  * [new tag]             0.0.149                -> 0.0.149
end-workflow	Checkout Repository	2026-02-24T08:26:09.1694797Z  * [new tag]             0.0.15                 -> 0.0.15
end-workflow	Checkout Repository	2026-02-24T08:26:09.1695230Z  * [new tag]             0.0.150                -> 0.0.150
end-workflow	Checkout Repository	2026-02-24T08:26:09.1695606Z  * [new tag]             0.0.151                -> 0.0.151
end-workflow	Checkout Repository	2026-02-24T08:26:09.1695987Z  * [new tag]             0.0.152                -> 0.0.152
end-workflow	Checkout Repository	2026-02-24T08:26:09.1696374Z  * [new tag]             0.0.153                -> 0.0.153
end-workflow	Checkout Repository	2026-02-24T08:26:09.1696761Z  * [new tag]             0.0.154                -> 0.0.154
end-workflow	Checkout Repository	2026-02-24T08:26:09.1697191Z  * [new tag]             0.0.155                -> 0.0.155
end-workflow	Checkout Repository	2026-02-24T08:26:09.1697994Z  * [new tag]             0.0.156                -> 0.0.156
end-workflow	Checkout Repository	2026-02-24T08:26:09.1698405Z  * [new tag]             0.0.157                -> 0.0.157
end-workflow	Checkout Repository	2026-02-24T08:26:09.1698799Z  * [new tag]             0.0.158                -> 0.0.158
end-workflow	Checkout Repository	2026-02-24T08:26:09.1699184Z  * [new tag]             0.0.159                -> 0.0.159
end-workflow	Checkout Repository	2026-02-24T08:26:09.1699570Z  * [new tag]             0.0.16                 -> 0.0.16
end-workflow	Checkout Repository	2026-02-24T08:26:09.1700062Z  * [new tag]             0.0.160                -> 0.0.160
end-workflow	Checkout Repository	2026-02-24T08:26:09.1700437Z  * [new tag]             0.0.161                -> 0.0.161
end-workflow	Checkout Repository	2026-02-24T08:26:09.1700812Z  * [new tag]             0.0.162                -> 0.0.162
end-workflow	Checkout Repository	2026-02-24T08:26:09.1701204Z  * [new tag]             0.0.163                -> 0.0.163
end-workflow	Checkout Repository	2026-02-24T08:26:09.1701574Z  * [new tag]             0.0.164                -> 0.0.164
end-workflow	Checkout Repository	2026-02-24T08:26:09.1702328Z  * [new tag]             0.0.165                -> 0.0.165
end-workflow	Checkout Repository	2026-02-24T08:26:09.1703089Z  * [new tag]             0.0.166                -> 0.0.166
end-workflow	Checkout Repository	2026-02-24T08:26:09.1703471Z  * [new tag]             0.0.167                -> 0.0.167
end-workflow	Checkout Repository	2026-02-24T08:26:09.1703842Z  * [new tag]             0.0.168                -> 0.0.168
end-workflow	Checkout Repository	2026-02-24T08:26:09.1704208Z  * [new tag]             0.0.169                -> 0.0.169
end-workflow	Checkout Repository	2026-02-24T08:26:09.1704582Z  * [new tag]             0.0.17                 -> 0.0.17
end-workflow	Checkout Repository	2026-02-24T08:26:09.1704956Z  * [new tag]             0.0.170                -> 0.0.170
end-workflow	Checkout Repository	2026-02-24T08:26:09.1705323Z  * [new tag]             0.0.171                -> 0.0.171
end-workflow	Checkout Repository	2026-02-24T08:26:09.1705699Z  * [new tag]             0.0.172                -> 0.0.172
end-workflow	Checkout Repository	2026-02-24T08:26:09.1706071Z  * [new tag]             0.0.173                -> 0.0.173
end-workflow	Checkout Repository	2026-02-24T08:26:09.1706441Z  * [new tag]             0.0.174                -> 0.0.174
end-workflow	Checkout Repository	2026-02-24T08:26:09.1706811Z  * [new tag]             0.0.175                -> 0.0.175
end-workflow	Checkout Repository	2026-02-24T08:26:09.1707184Z  * [new tag]             0.0.176                -> 0.0.176
end-workflow	Checkout Repository	2026-02-24T08:26:09.1707729Z  * [new tag]             0.0.177                -> 0.0.177
end-workflow	Checkout Repository	2026-02-24T08:26:09.1708103Z  * [new tag]             0.0.178                -> 0.0.178
end-workflow	Checkout Repository	2026-02-24T08:26:09.1708472Z  * [new tag]             0.0.179                -> 0.0.179
end-workflow	Checkout Repository	2026-02-24T08:26:09.1708846Z  * [new tag]             0.0.18                 -> 0.0.18
end-workflow	Checkout Repository	2026-02-24T08:26:09.1709212Z  * [new tag]             0.0.19                 -> 0.0.19
end-workflow	Checkout Repository	2026-02-24T08:26:09.1709587Z  * [new tag]             0.0.2                  -> 0.0.2
end-workflow	Checkout Repository	2026-02-24T08:26:09.1709951Z  * [new tag]             0.0.20                 -> 0.0.20
end-workflow	Checkout Repository	2026-02-24T08:26:09.1710325Z  * [new tag]             0.0.21                 -> 0.0.21
end-workflow	Checkout Repository	2026-02-24T08:26:09.1710696Z  * [new tag]             0.0.22                 -> 0.0.22
end-workflow	Checkout Repository	2026-02-24T08:26:09.1711064Z  * [new tag]             0.0.23                 -> 0.0.23
end-workflow	Checkout Repository	2026-02-24T08:26:09.1711434Z  * [new tag]             0.0.24                 -> 0.0.24
end-workflow	Checkout Repository	2026-02-24T08:26:09.1712255Z  * [new tag]             0.0.25                 -> 0.0.25
end-workflow	Checkout Repository	2026-02-24T08:26:09.1712765Z  * [new tag]             0.0.26                 -> 0.0.26
end-workflow	Checkout Repository	2026-02-24T08:26:09.1713133Z  * [new tag]             0.0.27                 -> 0.0.27
end-workflow	Checkout Repository	2026-02-24T08:26:09.1713502Z  * [new tag]             0.0.28                 -> 0.0.28
end-workflow	Checkout Repository	2026-02-24T08:26:09.1713877Z  * [new tag]             0.0.29                 -> 0.0.29
end-workflow	Checkout Repository	2026-02-24T08:26:09.1714245Z  * [new tag]             0.0.3                  -> 0.0.3
end-workflow	Checkout Repository	2026-02-24T08:26:09.1714618Z  * [new tag]             0.0.30                 -> 0.0.30
end-workflow	Checkout Repository	2026-02-24T08:26:09.1714987Z  * [new tag]             0.0.31                 -> 0.0.31
end-workflow	Checkout Repository	2026-02-24T08:26:09.1715360Z  * [new tag]             0.0.32                 -> 0.0.32
end-workflow	Checkout Repository	2026-02-24T08:26:09.1715725Z  * [new tag]             0.0.33                 -> 0.0.33
end-workflow	Checkout Repository	2026-02-24T08:26:09.1716102Z  * [new tag]             0.0.34                 -> 0.0.34
end-workflow	Checkout Repository	2026-02-24T08:26:09.1716476Z  * [new tag]             0.0.35                 -> 0.0.35
end-workflow	Checkout Repository	2026-02-24T08:26:09.1716854Z  * [new tag]             0.0.36                 -> 0.0.36
end-workflow	Checkout Repository	2026-02-24T08:26:09.1717437Z  * [new tag]             0.0.37                 -> 0.0.37
end-workflow	Checkout Repository	2026-02-24T08:26:09.1717810Z  * [new tag]             0.0.38                 -> 0.0.38
end-workflow	Checkout Repository	2026-02-24T08:26:09.1718182Z  * [new tag]             0.0.39                 -> 0.0.39
end-workflow	Checkout Repository	2026-02-24T08:26:09.1718552Z  * [new tag]             0.0.4                  -> 0.0.4
end-workflow	Checkout Repository	2026-02-24T08:26:09.1718918Z  * [new tag]             0.0.40                 -> 0.0.40
end-workflow	Checkout Repository	2026-02-24T08:26:09.1719288Z  * [new tag]             0.0.41                 -> 0.0.41
end-workflow	Checkout Repository	2026-02-24T08:26:09.1719660Z  * [new tag]             0.0.42                 -> 0.0.42
end-workflow	Checkout Repository	2026-02-24T08:26:09.1720035Z  * [new tag]             0.0.43                 -> 0.0.43
end-workflow	Checkout Repository	2026-02-24T08:26:09.1720400Z  * [new tag]             0.0.44                 -> 0.0.44
end-workflow	Checkout Repository	2026-02-24T08:26:09.1720776Z  * [new tag]             0.0.45                 -> 0.0.45
end-workflow	Checkout Repository	2026-02-24T08:26:09.1721145Z  * [new tag]             0.0.46                 -> 0.0.46
end-workflow	Checkout Repository	2026-02-24T08:26:09.1721993Z  * [new tag]             0.0.47                 -> 0.0.47
end-workflow	Checkout Repository	2026-02-24T08:26:09.1722523Z  * [new tag]             0.0.48                 -> 0.0.48
end-workflow	Checkout Repository	2026-02-24T08:26:09.1723020Z  * [new tag]             0.0.49                 -> 0.0.49
end-workflow	Checkout Repository	2026-02-24T08:26:09.1723394Z  * [new tag]             0.0.5                  -> 0.0.5
end-workflow	Checkout Repository	2026-02-24T08:26:09.1723770Z  * [new tag]             0.0.50                 -> 0.0.50
end-workflow	Checkout Repository	2026-02-24T08:26:09.1724144Z  * [new tag]             0.0.51                 -> 0.0.51
end-workflow	Checkout Repository	2026-02-24T08:26:09.1724517Z  * [new tag]             0.0.52                 -> 0.0.52
end-workflow	Checkout Repository	2026-02-24T08:26:09.1724884Z  * [new tag]             0.0.53                 -> 0.0.53
end-workflow	Checkout Repository	2026-02-24T08:26:09.1725258Z  * [new tag]             0.0.54                 -> 0.0.54
end-workflow	Checkout Repository	2026-02-24T08:26:09.1725627Z  * [new tag]             0.0.55                 -> 0.0.55
end-workflow	Checkout Repository	2026-02-24T08:26:09.1726139Z  * [new tag]             0.0.56                 -> 0.0.56
end-workflow	Checkout Repository	2026-02-24T08:26:09.1726790Z  * [new tag]             0.0.57                 -> 0.0.57
end-workflow	Checkout Repository	2026-02-24T08:26:09.1727176Z  * [new tag]             0.0.58                 -> 0.0.58
end-workflow	Checkout Repository	2026-02-24T08:26:09.1727541Z  * [new tag]             0.0.59                 -> 0.0.59
end-workflow	Checkout Repository	2026-02-24T08:26:09.1727904Z  * [new tag]             0.0.6                  -> 0.0.6
end-workflow	Checkout Repository	2026-02-24T08:26:09.1728271Z  * [new tag]             0.0.60                 -> 0.0.60
end-workflow	Checkout Repository	2026-02-24T08:26:09.1728630Z  * [new tag]             0.0.61                 -> 0.0.61
end-workflow	Checkout Repository	2026-02-24T08:26:09.1728993Z  * [new tag]             0.0.62                 -> 0.0.62
end-workflow	Checkout Repository	2026-02-24T08:26:09.1729360Z  * [new tag]             0.0.63                 -> 0.0.63
end-workflow	Checkout Repository	2026-02-24T08:26:09.1729724Z  * [new tag]             0.0.64                 -> 0.0.64
end-workflow	Checkout Repository	2026-02-24T08:26:09.1730086Z  * [new tag]             0.0.65                 -> 0.0.65
end-workflow	Checkout Repository	2026-02-24T08:26:09.1730450Z  * [new tag]             0.0.66                 -> 0.0.66
end-workflow	Checkout Repository	2026-02-24T08:26:09.1730815Z  * [new tag]             0.0.67                 -> 0.0.67
end-workflow	Checkout Repository	2026-02-24T08:26:09.1731174Z  * [new tag]             0.0.68                 -> 0.0.68
end-workflow	Checkout Repository	2026-02-24T08:26:09.1731561Z  * [new tag]             0.0.69                 -> 0.0.69
end-workflow	Checkout Repository	2026-02-24T08:26:09.1732199Z  * [new tag]             0.0.7                  -> 0.0.7
end-workflow	Checkout Repository	2026-02-24T08:26:09.1732590Z  * [new tag]             0.0.70                 -> 0.0.70
end-workflow	Checkout Repository	2026-02-24T08:26:09.1733084Z  * [new tag]             0.0.71                 -> 0.0.71
end-workflow	Checkout Repository	2026-02-24T08:26:09.1733452Z  * [new tag]             0.0.72                 -> 0.0.72
end-workflow	Checkout Repository	2026-02-24T08:26:09.1733816Z  * [new tag]             0.0.73                 -> 0.0.73
end-workflow	Checkout Repository	2026-02-24T08:26:09.1734174Z  * [new tag]             0.0.74                 -> 0.0.74
end-workflow	Checkout Repository	2026-02-24T08:26:09.1734541Z  * [new tag]             0.0.75                 -> 0.0.75
end-workflow	Checkout Repository	2026-02-24T08:26:09.1734900Z  * [new tag]             0.0.76                 -> 0.0.76
end-workflow	Checkout Repository	2026-02-24T08:26:09.1735264Z  * [new tag]             0.0.77                 -> 0.0.77
end-workflow	Checkout Repository	2026-02-24T08:26:09.1735624Z  * [new tag]             0.0.78                 -> 0.0.78
end-workflow	Checkout Repository	2026-02-24T08:26:09.1735999Z  * [new tag]             0.0.79                 -> 0.0.79
end-workflow	Checkout Repository	2026-02-24T08:26:09.1736565Z  * [new tag]             0.0.8                  -> 0.0.8
end-workflow	Checkout Repository	2026-02-24T08:26:09.1736930Z  * [new tag]             0.0.80                 -> 0.0.80
end-workflow	Checkout Repository	2026-02-24T08:26:09.1737586Z  * [new tag]             0.0.81                 -> 0.0.81
end-workflow	Checkout Repository	2026-02-24T08:26:09.1738235Z  * [new tag]             0.0.82                 -> 0.0.82
end-workflow	Checkout Repository	2026-02-24T08:26:09.1738986Z  * [new tag]             0.0.83                 -> 0.0.83
end-workflow	Checkout Repository	2026-02-24T08:26:09.1739355Z  * [new tag]             0.0.84                 -> 0.0.84
end-workflow	Checkout Repository	2026-02-24T08:26:09.1739734Z  * [new tag]             0.0.85                 -> 0.0.85
end-workflow	Checkout Repository	2026-02-24T08:26:09.1740109Z  * [new tag]             0.0.86                 -> 0.0.86
end-workflow	Checkout Repository	2026-02-24T08:26:09.1740483Z  * [new tag]             0.0.87                 -> 0.0.87
end-workflow	Checkout Repository	2026-02-24T08:26:09.1741140Z  * [new tag]             0.0.88                 -> 0.0.88
end-workflow	Checkout Repository	2026-02-24T08:26:09.1741527Z  * [new tag]             0.0.89                 -> 0.0.89
end-workflow	Checkout Repository	2026-02-24T08:26:09.1742769Z  * [new tag]             0.0.9                  -> 0.0.9
end-workflow	Checkout Repository	2026-02-24T08:26:09.1743139Z  * [new tag]             0.0.90                 -> 0.0.90
end-workflow	Checkout Repository	2026-02-24T08:26:09.1743504Z  * [new tag]             0.0.91                 -> 0.0.91
end-workflow	Checkout Repository	2026-02-24T08:26:09.1743877Z  * [new tag]             0.0.92                 -> 0.0.92
end-workflow	Checkout Repository	2026-02-24T08:26:09.1744243Z  * [new tag]             0.0.93                 -> 0.0.93
end-workflow	Checkout Repository	2026-02-24T08:26:09.1744608Z  * [new tag]             0.0.94                 -> 0.0.94
end-workflow	Checkout Repository	2026-02-24T08:26:09.1744967Z  * [new tag]             0.0.95                 -> 0.0.95
end-workflow	Checkout Repository	2026-02-24T08:26:09.1745330Z  * [new tag]             0.0.96                 -> 0.0.96
end-workflow	Checkout Repository	2026-02-24T08:26:09.1745692Z  * [new tag]             0.0.97                 -> 0.0.97
end-workflow	Checkout Repository	2026-02-24T08:26:09.1746059Z  * [new tag]             0.0.98                 -> 0.0.98
end-workflow	Checkout Repository	2026-02-24T08:26:09.1746426Z  * [new tag]             0.0.99                 -> 0.0.99
end-workflow	Checkout Repository	2026-02-24T08:26:09.1746788Z  * [new tag]             0.1.0                  -> 0.1.0
end-workflow	Checkout Repository	2026-02-24T08:26:09.1747324Z  * [new tag]             0.1.1                  -> 0.1.1
end-workflow	Checkout Repository	2026-02-24T08:26:09.1747694Z  * [new tag]             0.2.0                  -> 0.2.0
end-workflow	Checkout Repository	2026-02-24T08:26:09.1748187Z  * [new tag]             0.3.0                  -> 0.3.0
end-workflow	Checkout Repository	2026-02-24T08:26:09.1748811Z  * [new tag]             0.3.1                  -> 0.3.1
end-workflow	Checkout Repository	2026-02-24T08:26:09.1749211Z  * [new tag]             0.3.10                 -> 0.3.10
end-workflow	Checkout Repository	2026-02-24T08:26:09.1749596Z  * [new tag]             0.3.11                 -> 0.3.11
end-workflow	Checkout Repository	2026-02-24T08:26:09.1750092Z  * [new tag]             0.3.12                 -> 0.3.12
end-workflow	Checkout Repository	2026-02-24T08:26:09.1750454Z  * [new tag]             0.3.13                 -> 0.3.13
end-workflow	Checkout Repository	2026-02-24T08:26:09.1750820Z  * [new tag]             0.3.14                 -> 0.3.14
end-workflow	Checkout Repository	2026-02-24T08:26:09.1751186Z  * [new tag]             0.3.15                 -> 0.3.15
end-workflow	Checkout Repository	2026-02-24T08:26:09.1751554Z  * [new tag]             0.3.16                 -> 0.3.16
end-workflow	Checkout Repository	2026-02-24T08:26:09.1752423Z  * [new tag]             0.3.17                 -> 0.3.17
end-workflow	Checkout Repository	2026-02-24T08:26:09.1752820Z  * [new tag]             0.3.2                  -> 0.3.2
end-workflow	Checkout Repository	2026-02-24T08:26:09.1753312Z  * [new tag]             0.3.3                  -> 0.3.3
end-workflow	Checkout Repository	2026-02-24T08:26:09.1753671Z  * [new tag]             0.3.4                  -> 0.3.4
end-workflow	Checkout Repository	2026-02-24T08:26:09.1754038Z  * [new tag]             0.3.5                  -> 0.3.5
end-workflow	Checkout Repository	2026-02-24T08:26:09.1754401Z  * [new tag]             0.3.6                  -> 0.3.6
end-workflow	Checkout Repository	2026-02-24T08:26:09.1754764Z  * [new tag]             0.3.7                  -> 0.3.7
end-workflow	Checkout Repository	2026-02-24T08:26:09.1755128Z  * [new tag]             0.3.8                  -> 0.3.8
end-workflow	Checkout Repository	2026-02-24T08:26:09.1755497Z  * [new tag]             0.3.9                  -> 0.3.9
end-workflow	Checkout Repository	2026-02-24T08:26:09.1755860Z  * [new tag]             0.4.0                  -> 0.4.0
end-workflow	Checkout Repository	2026-02-24T08:26:09.1756220Z  * [new tag]             0.4.1                  -> 0.4.1
end-workflow	Checkout Repository	2026-02-24T08:26:09.1756585Z  * [new tag]             0.4.2                  -> 0.4.2
end-workflow	Checkout Repository	2026-02-24T08:26:09.1756940Z  * [new tag]             0.4.3                  -> 0.4.3
end-workflow	Checkout Repository	2026-02-24T08:26:09.1757552Z  * [new tag]             0.4.4                  -> 0.4.4
end-workflow	Checkout Repository	2026-02-24T08:26:09.1758054Z  * [new tag]             0.4.5                  -> 0.4.5
end-workflow	Checkout Repository	2026-02-24T08:26:09.1758823Z  * [new tag]             0.4.6                  -> 0.4.6
end-workflow	Checkout Repository	2026-02-24T08:26:09.1759332Z  * [new tag]             0.4.7                  -> 0.4.7
end-workflow	Checkout Repository	2026-02-24T08:26:09.1759697Z  * [new tag]             0.4.8                  -> 0.4.8
end-workflow	Checkout Repository	2026-02-24T08:26:09.1760196Z  * [new tag]             0.4.9                  -> 0.4.9
end-workflow	Checkout Repository	2026-02-24T08:26:09.1760556Z  * [new tag]             0.5.0                  -> 0.5.0
end-workflow	Checkout Repository	2026-02-24T08:26:09.1760920Z  * [new tag]             0.5.1                  -> 0.5.1
end-workflow	Checkout Repository	2026-02-24T08:26:09.1761414Z  * [new tag]             0.5.2                  -> 0.5.2
end-workflow	Checkout Repository	2026-02-24T08:26:09.1762296Z  * [new tag]             0.6.0                  -> 0.6.0
end-workflow	Checkout Repository	2026-02-24T08:26:09.1762656Z  * [new tag]             0.6.1                  -> 0.6.1
end-workflow	Checkout Repository	2026-02-24T08:26:09.1763019Z  * [new tag]             0.6.2                  -> 0.6.2
end-workflow	Checkout Repository	2026-02-24T08:26:09.1763585Z  * [new tag]             0.6.3                  -> 0.6.3
end-workflow	Checkout Repository	2026-02-24T08:26:09.1763950Z  * [new tag]             0.6.4                  -> 0.6.4
end-workflow	Checkout Repository	2026-02-24T08:26:09.1764310Z  * [new tag]             0.6.5                  -> 0.6.5
end-workflow	Checkout Repository	2026-02-24T08:26:09.1764666Z  * [new tag]             0.6.6                  -> 0.6.6
end-workflow	Checkout Repository	2026-02-24T08:26:09.1979664Z [command]/usr/bin/git branch --list --remote origin/main
end-workflow	Checkout Repository	2026-02-24T08:26:09.2056667Z   origin/main
end-workflow	Checkout Repository	2026-02-24T08:26:09.2070674Z [command]/usr/bin/git rev-parse refs/remotes/origin/main
end-workflow	Checkout Repository	2026-02-24T08:26:09.2103758Z 43e45c3e6701a12df828646bda0aed3ae2e84825
end-workflow	Checkout Repository	2026-02-24T08:26:09.2117676Z [command]/usr/bin/git -c protocol.version=2 fetch --no-tags --prune --no-recurse-submodules origin +75b831651c065736ce3e6c199f58aff6427dadcd:refs/remotes/origin/main
end-workflow	Checkout Repository	2026-02-24T08:26:09.2308004Z From https://github.com/Ka0s-Klaus/ka0s
end-workflow	Checkout Repository	2026-02-24T08:26:09.2308833Z  + 43e45c3e6...75b831651 75b831651c065736ce3e6c199f58aff6427dadcd -> origin/main  (forced update)
end-workflow	Checkout Repository	2026-02-24T08:26:09.2350884Z ##[endgroup]
end-workflow	Checkout Repository	2026-02-24T08:26:09.2351446Z ##[group]Determining the checkout info
end-workflow	Checkout Repository	2026-02-24T08:26:09.2353620Z ##[endgroup]
end-workflow	Checkout Repository	2026-02-24T08:26:09.2357187Z [command]/usr/bin/git sparse-checkout disable
end-workflow	Checkout Repository	2026-02-24T08:26:09.2412382Z [command]/usr/bin/git config --local --unset-all extensions.worktreeConfig
end-workflow	Checkout Repository	2026-02-24T08:26:09.2451261Z ##[group]Checking out the ref
end-workflow	Checkout Repository	2026-02-24T08:26:09.2455394Z [command]/usr/bin/git checkout --progress --force -B main refs/remotes/origin/main
end-workflow	Checkout Repository	2026-02-24T08:26:09.5116246Z Switched to a new branch 'main'
end-workflow	Checkout Repository	2026-02-24T08:26:09.5120893Z branch 'main' set up to track 'origin/main'.
end-workflow	Checkout Repository	2026-02-24T08:26:09.5170173Z ##[endgroup]
end-workflow	Checkout Repository	2026-02-24T08:26:09.5226047Z [command]/usr/bin/git log -1 --format=%H
end-workflow	Checkout Repository	2026-02-24T08:26:09.5262161Z 75b831651c065736ce3e6c199f58aff6427dadcd
end-workflow	Install GH CLI	Ôªø2026-02-24T08:26:09.5564996Z Prepare all required actions
end-workflow	Install GH CLI	2026-02-24T08:26:09.5619484Z ##[group]Run ./.github/actions/install-gh-cli
end-workflow	Install GH CLI	2026-02-24T08:26:09.5619791Z env:
end-workflow	Install GH CLI	2026-02-24T08:26:09.5619989Z   KAOS_MODULE: [Ka0S] GitHub ‚Üí iTop Sync
end-workflow	Install GH CLI	2026-02-24T08:26:09.5620274Z   KAOS_CORRELATION_ID: 22342574477
end-workflow	Install GH CLI	2026-02-24T08:26:09.5620510Z   KAOS_ACTOR: AnaRome8
end-workflow	Install GH CLI	2026-02-24T08:26:09.5620705Z ##[endgroup]
end-workflow	Install GH CLI	2026-02-24T08:26:09.5723585Z ##[group]Run type -p curl >/dev/null || (sudo apt-get update && sudo apt-get install curl -y)
end-workflow	Install GH CLI	2026-02-24T08:26:09.5724271Z [36;1mtype -p curl >/dev/null || (sudo apt-get update && sudo apt-get install curl -y)[0m
end-workflow	Install GH CLI	2026-02-24T08:26:09.5725121Z [36;1mcurl -fsSL https://cli.github.com/packages/githubcli-archive-keyring.gpg | sudo dd of=/usr/share/keyrings/githubcli-archive-keyring.gpg \[0m
end-workflow	Install GH CLI	2026-02-24T08:26:09.5725909Z [36;1m&& sudo chmod go+r /usr/share/keyrings/githubcli-archive-keyring.gpg \[0m
end-workflow	Install GH CLI	2026-02-24T08:26:09.5726974Z [36;1m&& echo "deb [arch=$(dpkg --print-architecture) signed-by=/usr/share/keyrings/githubcli-archive-keyring.gpg] https://cli.github.com/packages stable main" | sudo tee /etc/apt/sources.list.d/github-cli.list > /dev/null \[0m
end-workflow	Install GH CLI	2026-02-24T08:26:09.5728109Z [36;1m&& sudo apt-get update \[0m
end-workflow	Install GH CLI	2026-02-24T08:26:09.5728668Z [36;1m&& sudo apt-get install gh -y[0m
end-workflow	Install GH CLI	2026-02-24T08:26:09.5746975Z shell: /usr/bin/bash --noprofile --norc -e -o pipefail {0}
end-workflow	Install GH CLI	2026-02-24T08:26:09.5747429Z env:
end-workflow	Install GH CLI	2026-02-24T08:26:09.5747628Z   KAOS_MODULE: [Ka0S] GitHub ‚Üí iTop Sync
end-workflow	Install GH CLI	2026-02-24T08:26:09.5747881Z   KAOS_CORRELATION_ID: 22342574477
end-workflow	Install GH CLI	2026-02-24T08:26:09.5748110Z   KAOS_ACTOR: AnaRome8
end-workflow	Install GH CLI	2026-02-24T08:26:09.5748293Z ##[endgroup]
end-workflow	Install GH CLI	2026-02-24T08:26:09.6687502Z 4+1 records in
end-workflow	Install GH CLI	2026-02-24T08:26:09.6688940Z 4+1 records out
end-workflow	Install GH CLI	2026-02-24T08:26:09.6690207Z 2270 bytes (2.3 kB, 2.2 KiB) copied, 0.0697645 s, 32.5 kB/s
end-workflow	Install GH CLI	2026-02-24T08:26:09.8922649Z Get:1 http://archive.ubuntu.com/ubuntu noble InRelease [256 kB]
end-workflow	Install GH CLI	2026-02-24T08:26:09.8946127Z Get:2 http://security.ubuntu.com/ubuntu noble-security InRelease [126 kB]
end-workflow	Install GH CLI	2026-02-24T08:26:09.9127655Z Get:3 https://cli.github.com/packages stable InRelease [3917 B]
end-workflow	Install GH CLI	2026-02-24T08:26:10.0017415Z Get:4 https://cli.github.com/packages stable/main amd64 Packages [357 B]
end-workflow	Install GH CLI	2026-02-24T08:26:10.0379367Z Get:5 https://ppa.launchpadcontent.net/git-core/ppa/ubuntu noble InRelease [24.3 kB]
end-workflow	Install GH CLI	2026-02-24T08:26:10.0399257Z Get:6 http://archive.ubuntu.com/ubuntu noble-updates InRelease [126 kB]
end-workflow	Install GH CLI	2026-02-24T08:26:10.0752597Z Get:7 http://archive.ubuntu.com/ubuntu noble-backports InRelease [126 kB]
end-workflow	Install GH CLI	2026-02-24T08:26:10.1062603Z Get:8 http://security.ubuntu.com/ubuntu noble-security/main amd64 Packages [1861 kB]
end-workflow	Install GH CLI	2026-02-24T08:26:10.1906765Z Get:9 http://archive.ubuntu.com/ubuntu noble/restricted amd64 Packages [117 kB]
end-workflow	Install GH CLI	2026-02-24T08:26:10.2264163Z Get:10 http://archive.ubuntu.com/ubuntu noble/main amd64 Packages [1808 kB]
end-workflow	Install GH CLI	2026-02-24T08:26:10.2663041Z Get:11 http://security.ubuntu.com/ubuntu noble-security/restricted amd64 Packages [3209 kB]
end-workflow	Install GH CLI	2026-02-24T08:26:10.2690941Z Get:12 https://ppa.launchpadcontent.net/git-core/ppa/ubuntu noble/main amd64 Packages [2992 B]
end-workflow	Install GH CLI	2026-02-24T08:26:10.3144180Z Get:13 http://archive.ubuntu.com/ubuntu noble/multiverse amd64 Packages [331 kB]
end-workflow	Install GH CLI	2026-02-24T08:26:10.3202488Z Get:14 http://archive.ubuntu.com/ubuntu noble/universe amd64 Packages [19.3 MB]
end-workflow	Install GH CLI	2026-02-24T08:26:10.3462575Z Get:15 http://security.ubuntu.com/ubuntu noble-security/universe amd64 Packages [1208 kB]
end-workflow	Install GH CLI	2026-02-24T08:26:10.3769127Z Get:16 http://security.ubuntu.com/ubuntu noble-security/multiverse amd64 Packages [34.8 kB]
end-workflow	Install GH CLI	2026-02-24T08:26:10.6613044Z Get:17 http://archive.ubuntu.com/ubuntu noble-updates/universe amd64 Packages [2016 kB]
end-workflow	Install GH CLI	2026-02-24T08:26:10.7063331Z Get:18 http://archive.ubuntu.com/ubuntu noble-updates/multiverse amd64 Packages [38.1 kB]
end-workflow	Install GH CLI	2026-02-24T08:26:10.7073280Z Get:19 http://archive.ubuntu.com/ubuntu noble-updates/main amd64 Packages [2253 kB]
end-workflow	Install GH CLI	2026-02-24T08:26:10.7219429Z Get:20 http://archive.ubuntu.com/ubuntu noble-updates/restricted amd64 Packages [3409 kB]
end-workflow	Install GH CLI	2026-02-24T08:26:10.7808716Z Get:21 http://archive.ubuntu.com/ubuntu noble-backports/main amd64 Packages [49.5 kB]
end-workflow	Install GH CLI	2026-02-24T08:26:10.7815641Z Get:22 http://archive.ubuntu.com/ubuntu noble-backports/universe amd64 Packages [34.6 kB]
end-workflow	Install GH CLI	2026-02-24T08:26:11.7832295Z Fetched 36.4 MB in 2s (18.5 MB/s)
end-workflow	Install GH CLI	2026-02-24T08:26:12.7179625Z Reading package lists...
end-workflow	Install GH CLI	2026-02-24T08:26:13.7074921Z Reading package lists...
end-workflow	Install GH CLI	2026-02-24T08:26:13.9404931Z Building dependency tree...
end-workflow	Install GH CLI	2026-02-24T08:26:13.9407301Z Reading state information...
end-workflow	Install GH CLI	2026-02-24T08:26:14.2979856Z The following NEW packages will be installed:
end-workflow	Install GH CLI	2026-02-24T08:26:14.2998882Z   gh
end-workflow	Install GH CLI	2026-02-24T08:26:14.3750517Z 0 upgraded, 1 newly installed, 0 to remove and 26 not upgraded.
end-workflow	Install GH CLI	2026-02-24T08:26:14.3751068Z Need to get 13.8 MB of archives.
end-workflow	Install GH CLI	2026-02-24T08:26:14.3751407Z After this operation, 38.5 MB of additional disk space will be used.
end-workflow	Install GH CLI	2026-02-24T08:26:14.3752227Z Get:1 https://cli.github.com/packages stable/main amd64 gh amd64 2.87.3 [13.8 MB]
end-workflow	Install GH CLI	2026-02-24T08:26:14.7438655Z debconf: delaying package configuration, since apt-utils is not installed
end-workflow	Install GH CLI	2026-02-24T08:26:14.7864062Z Fetched 13.8 MB in 0s (52.6 MB/s)
end-workflow	Install GH CLI	2026-02-24T08:26:14.8135739Z Selecting previously unselected package gh.
end-workflow	Install GH CLI	2026-02-24T08:26:14.8172783Z (Reading database ... 
end-workflow	Install GH CLI	2026-02-24T08:26:14.8173255Z (Reading database ... 5%
end-workflow	Install GH CLI	2026-02-24T08:26:14.8173517Z (Reading database ... 10%
end-workflow	Install GH CLI	2026-02-24T08:26:14.8173738Z (Reading database ... 15%
end-workflow	Install GH CLI	2026-02-24T08:26:14.8173960Z (Reading database ... 20%
end-workflow	Install GH CLI	2026-02-24T08:26:14.8174173Z (Reading database ... 25%
end-workflow	Install GH CLI	2026-02-24T08:26:14.8174381Z (Reading database ... 30%
end-workflow	Install GH CLI	2026-02-24T08:26:14.8174594Z (Reading database ... 35%
end-workflow	Install GH CLI	2026-02-24T08:26:14.8174802Z (Reading database ... 40%
end-workflow	Install GH CLI	2026-02-24T08:26:14.8175014Z (Reading database ... 45%
end-workflow	Install GH CLI	2026-02-24T08:26:14.8175226Z (Reading database ... 50%
end-workflow	Install GH CLI	2026-02-24T08:26:14.8175436Z (Reading database ... 55%
end-workflow	Install GH CLI	2026-02-24T08:26:14.8175769Z (Reading database ... 60%
end-workflow	Install GH CLI	2026-02-24T08:26:14.8180692Z (Reading database ... 65%
end-workflow	Install GH CLI	2026-02-24T08:26:14.8200697Z (Reading database ... 70%
end-workflow	Install GH CLI	2026-02-24T08:26:14.8206443Z (Reading database ... 75%
end-workflow	Install GH CLI	2026-02-24T08:26:14.8218907Z (Reading database ... 80%
end-workflow	Install GH CLI	2026-02-24T08:26:14.8222791Z (Reading database ... 85%
end-workflow	Install GH CLI	2026-02-24T08:26:14.8232821Z (Reading database ... 90%
end-workflow	Install GH CLI	2026-02-24T08:26:14.8251072Z (Reading database ... 95%
end-workflow	Install GH CLI	2026-02-24T08:26:14.8251339Z (Reading database ... 100%
end-workflow	Install GH CLI	2026-02-24T08:26:14.8251736Z (Reading database ... 14385 files and directories currently installed.)
end-workflow	Install GH CLI	2026-02-24T08:26:14.8256821Z Preparing to unpack .../archives/gh_2.87.3_amd64.deb ...
end-workflow	Install GH CLI	2026-02-24T08:26:14.8289226Z Unpacking gh (2.87.3) ...
end-workflow	Install GH CLI	2026-02-24T08:26:15.0546372Z Setting up gh (2.87.3) ...
end-workflow	Trigger Inspector	Ôªø2026-02-24T08:26:15.1205946Z ##[group]Run echo "üîç Triggering Inspector for Audit..."
end-workflow	Trigger Inspector	2026-02-24T08:26:15.1206554Z [36;1mecho "üîç Triggering Inspector for Audit..."[0m
end-workflow	Trigger Inspector	2026-02-24T08:26:15.1207015Z [36;1mgh workflow run inspector.yml \[0m
end-workflow	Trigger Inspector	2026-02-24T08:26:15.1207397Z [36;1m  --ref main \[0m
end-workflow	Trigger Inspector	2026-02-24T08:26:15.1207750Z [36;1m  -f kaos-workflow-id="22342574477" \[0m
end-workflow	Trigger Inspector	2026-02-24T08:26:15.1208170Z [36;1m  -f kaos-user-start="AnaRome8"[0m
end-workflow	Trigger Inspector	2026-02-24T08:26:15.1225171Z shell: /usr/bin/bash -e {0}
end-workflow	Trigger Inspector	2026-02-24T08:26:15.1225517Z env:
end-workflow	Trigger Inspector	2026-02-24T08:26:15.1225794Z   KAOS_MODULE: [Ka0S] GitHub ‚Üí iTop Sync
end-workflow	Trigger Inspector	2026-02-24T08:26:15.1226201Z   KAOS_CORRELATION_ID: 22342574477
end-workflow	Trigger Inspector	2026-02-24T08:26:15.1226544Z   KAOS_ACTOR: AnaRome8
end-workflow	Trigger Inspector	2026-02-24T08:26:15.1227218Z   GH_TOKEN: ***
end-workflow	Trigger Inspector	2026-02-24T08:26:15.1227488Z ##[endgroup]
end-workflow	Trigger Inspector	2026-02-24T08:26:15.1282293Z üîç Triggering Inspector for Audit...
end-workflow	Trigger Inspector	2026-02-24T08:26:16.9803133Z https://github.com/Ka0s-Klaus/ka0s/actions/runs/22342630866
end-workflow	Post Checkout Repository	Ôªø2026-02-24T08:26:17.0368674Z Post job cleanup.
end-workflow	Post Checkout Repository	2026-02-24T08:26:17.1479798Z [command]/usr/bin/git version
end-workflow	Post Checkout Repository	2026-02-24T08:26:17.1524295Z git version 2.52.0
end-workflow	Post Checkout Repository	2026-02-24T08:26:17.1574802Z Temporarily overriding HOME='/home/runner/_work/_temp/0901ec69-cc55-4504-85b7-fe617b49fcae' before making global git config changes
end-workflow	Post Checkout Repository	2026-02-24T08:26:17.1575709Z Adding repository directory to the temporary git global config as a safe directory
end-workflow	Post Checkout Repository	2026-02-24T08:26:17.1581250Z [command]/usr/bin/git config --global --add safe.directory /home/runner/_work/ka0s/ka0s
end-workflow	Post Checkout Repository	2026-02-24T08:26:17.1637540Z [command]/usr/bin/git config --local --name-only --get-regexp core\.sshCommand
end-workflow	Post Checkout Repository	2026-02-24T08:26:17.1687144Z [command]/usr/bin/git submodule foreach --recursive sh -c "git config --local --name-only --get-regexp 'core\.sshCommand' && git config --local --unset-all 'core.sshCommand' || :"
end-workflow	Post Checkout Repository	2026-02-24T08:26:17.2026918Z [command]/usr/bin/git config --local --name-only --get-regexp http\.https\:\/\/github\.com\/\.extraheader
end-workflow	Post Checkout Repository	2026-02-24T08:26:17.2058845Z http.https://github.com/.extraheader
end-workflow	Post Checkout Repository	2026-02-24T08:26:17.2073649Z [command]/usr/bin/git config --local --unset-all http.https://github.com/.extraheader
end-workflow	Post Checkout Repository	2026-02-24T08:26:17.2117300Z [command]/usr/bin/git submodule foreach --recursive sh -c "git config --local --name-only --get-regexp 'http\.https\:\/\/github\.com\/\.extraheader' && git config --local --unset-all 'http.https://github.com/.extraheader' || :"
end-workflow	Post Checkout Repository	2026-02-24T08:26:17.2477201Z [command]/usr/bin/git config --local --name-only --get-regexp ^includeIf\.gitdir:
end-workflow	Post Checkout Repository	2026-02-24T08:26:17.2522978Z [command]/usr/bin/git submodule foreach --recursive git config --local --show-origin --name-only --get-regexp remote.origin.url
end-workflow	Complete job	Ôªø2026-02-24T08:26:17.3026025Z Cleaning up orphan processes
