job-core	Set up job	Ôªø2026-02-24T11:40:59.6177817Z Current runner version: '2.331.0'
job-core	Set up job	2026-02-24T11:40:59.6187558Z Runner name: 'swarm-runners-scaleset-hkss5-runner-792s6'
job-core	Set up job	2026-02-24T11:40:59.6188855Z Runner group name: 'Default'
job-core	Set up job	2026-02-24T11:40:59.6189962Z Machine name: 'swarm-runners-scaleset-hkss5-runner-792s6'
job-core	Set up job	2026-02-24T11:40:59.6194572Z ##[group]GITHUB_TOKEN Permissions
job-core	Set up job	2026-02-24T11:40:59.6197460Z Actions: write
job-core	Set up job	2026-02-24T11:40:59.6198075Z Contents: write
job-core	Set up job	2026-02-24T11:40:59.6198663Z Issues: write
job-core	Set up job	2026-02-24T11:40:59.6199311Z Metadata: read
job-core	Set up job	2026-02-24T11:40:59.6199926Z PullRequests: write
job-core	Set up job	2026-02-24T11:40:59.6200562Z ##[endgroup]
job-core	Set up job	2026-02-24T11:40:59.6203398Z Secret source: Actions
job-core	Set up job	2026-02-24T11:40:59.6204174Z Prepare workflow directory
job-core	Set up job	2026-02-24T11:40:59.6791008Z Prepare all required actions
job-core	Set up job	2026-02-24T11:40:59.6832951Z Getting action download info
job-core	Set up job	2026-02-24T11:41:00.3033100Z Download action repository 'actions/checkout@v4' (SHA:34e114876b0b11c390a56381ad16ebd13914f8d5)
job-core	Set up job	2026-02-24T11:41:01.1955653Z Download action repository 'actions/setup-python@v4' (SHA:7f4fc3e22c37d6ff65e88745f38bd3157c663f7c)
job-core	Set up job	2026-02-24T11:41:02.1749010Z Download action repository 'actions/upload-artifact@v4' (SHA:ea165f8d65b6e75b540449e92b4886f43607fa02)
job-core	Set up job	2026-02-24T11:41:03.3190919Z Complete job name: job-core
job-core	Checkout code	Ôªø2026-02-24T11:41:03.3802753Z ##[group]Run actions/checkout@v4
job-core	Checkout code	2026-02-24T11:41:03.3803502Z with:
job-core	Checkout code	2026-02-24T11:41:03.3803784Z   fetch-depth: 0
job-core	Checkout code	2026-02-24T11:41:03.3804074Z   repository: Ka0s-Klaus/ka0s
job-core	Checkout code	2026-02-24T11:41:03.3804635Z   token: ***
job-core	Checkout code	2026-02-24T11:41:03.3804895Z   ssh-strict: true
job-core	Checkout code	2026-02-24T11:41:03.3805151Z   ssh-user: git
job-core	Checkout code	2026-02-24T11:41:03.3805426Z   persist-credentials: true
job-core	Checkout code	2026-02-24T11:41:03.3805721Z   clean: true
job-core	Checkout code	2026-02-24T11:41:03.3806002Z   sparse-checkout-cone-mode: true
job-core	Checkout code	2026-02-24T11:41:03.3806330Z   fetch-tags: false
job-core	Checkout code	2026-02-24T11:41:03.3806619Z   show-progress: true
job-core	Checkout code	2026-02-24T11:41:03.3806891Z   lfs: false
job-core	Checkout code	2026-02-24T11:41:03.3807137Z   submodules: false
job-core	Checkout code	2026-02-24T11:41:03.3807410Z   set-safe-directory: true
job-core	Checkout code	2026-02-24T11:41:03.3807936Z env:
job-core	Checkout code	2026-02-24T11:41:03.3808216Z   PYTHON_VERSION: 3.9
job-core	Checkout code	2026-02-24T11:41:03.3809022Z   MONGO_SUPERUSER_CONNECTION: ***
job-core	Checkout code	2026-02-24T11:41:03.3809643Z   MONGO_NEW_PASS: ***
job-core	Checkout code	2026-02-24T11:41:03.3810026Z   MONGO_SCRIPT_CREATE: devops/core/mongo/scripts/add-doc-to-db.py
job-core	Checkout code	2026-02-24T11:41:03.3810714Z   KAOS_CODE: 22349254694
job-core	Checkout code	2026-02-24T11:41:03.3811032Z   KAOS_MODULE: [Ka0s] Autom add docs to MongoDB
job-core	Checkout code	2026-02-24T11:41:03.3811401Z   REPORT_SCAN: audit/
job-core	Checkout code	2026-02-24T11:41:03.3812073Z   REPORT_PATH: audit/mongodb/
job-core	Checkout code	2026-02-24T11:41:03.3812422Z   REPORT_FILENAME: mongo_setup_22349254694.json
job-core	Checkout code	2026-02-24T11:41:03.3812841Z   REPORT_FILENAME_LIST: mongo_list_22349254694.json
job-core	Checkout code	2026-02-24T11:41:03.3813292Z   REPORT_FILENAME_DB: mongo_create_db_22349254694.json
job-core	Checkout code	2026-02-24T11:41:03.3813665Z   GITHUB_OUTPUT: 
job-core	Checkout code	2026-02-24T11:41:03.3813959Z ##[endgroup]
job-core	Checkout code	2026-02-24T11:41:03.5044706Z Syncing repository: Ka0s-Klaus/ka0s
job-core	Checkout code	2026-02-24T11:41:03.5047595Z ##[group]Getting Git version info
job-core	Checkout code	2026-02-24T11:41:03.5048110Z Working directory is '/home/runner/_work/ka0s/ka0s'
job-core	Checkout code	2026-02-24T11:41:03.5048946Z [command]/usr/bin/git version
job-core	Checkout code	2026-02-24T11:41:03.5049338Z git version 2.52.0
job-core	Checkout code	2026-02-24T11:41:03.5076145Z ##[endgroup]
job-core	Checkout code	2026-02-24T11:41:03.5095980Z Temporarily overriding HOME='/home/runner/_work/_temp/04ceb0c2-ef4c-4145-961c-9c1064ba6eff' before making global git config changes
job-core	Checkout code	2026-02-24T11:41:03.5097159Z Adding repository directory to the temporary git global config as a safe directory
job-core	Checkout code	2026-02-24T11:41:03.5102466Z [command]/usr/bin/git config --global --add safe.directory /home/runner/_work/ka0s/ka0s
job-core	Checkout code	2026-02-24T11:41:03.5151050Z Deleting the contents of '/home/runner/_work/ka0s/ka0s'
job-core	Checkout code	2026-02-24T11:41:03.5156598Z ##[group]Initializing the repository
job-core	Checkout code	2026-02-24T11:41:03.5161336Z [command]/usr/bin/git init /home/runner/_work/ka0s/ka0s
job-core	Checkout code	2026-02-24T11:41:03.5220116Z hint: Using 'master' as the name for the initial branch. This default branch name
job-core	Checkout code	2026-02-24T11:41:03.5221276Z hint: will change to "main" in Git 3.0. To configure the initial branch name
job-core	Checkout code	2026-02-24T11:41:03.5223971Z hint: to use in all of your new repositories, which will suppress this warning,
job-core	Checkout code	2026-02-24T11:41:03.5224570Z hint: call:
job-core	Checkout code	2026-02-24T11:41:03.5225429Z hint:
job-core	Checkout code	2026-02-24T11:41:03.5225918Z hint: 	git config --global init.defaultBranch <name>
job-core	Checkout code	2026-02-24T11:41:03.5226371Z hint:
job-core	Checkout code	2026-02-24T11:41:03.5226769Z hint: Names commonly chosen instead of 'master' are 'main', 'trunk' and
job-core	Checkout code	2026-02-24T11:41:03.5227370Z hint: 'development'. The just-created branch can be renamed via this command:
job-core	Checkout code	2026-02-24T11:41:03.5227978Z hint:
job-core	Checkout code	2026-02-24T11:41:03.5228242Z hint: 	git branch -m <name>
job-core	Checkout code	2026-02-24T11:41:03.5228535Z hint:
job-core	Checkout code	2026-02-24T11:41:03.5229336Z hint: Disable this message with "git config set advice.defaultBranchName false"
job-core	Checkout code	2026-02-24T11:41:03.5229998Z Initialized empty Git repository in /home/runner/_work/ka0s/ka0s/.git/
job-core	Checkout code	2026-02-24T11:41:03.5236692Z [command]/usr/bin/git remote add origin https://github.com/Ka0s-Klaus/ka0s
job-core	Checkout code	2026-02-24T11:41:03.5308128Z ##[endgroup]
job-core	Checkout code	2026-02-24T11:41:03.5308882Z ##[group]Disabling automatic garbage collection
job-core	Checkout code	2026-02-24T11:41:03.5309373Z [command]/usr/bin/git config --local gc.auto 0
job-core	Checkout code	2026-02-24T11:41:03.5345394Z ##[endgroup]
job-core	Checkout code	2026-02-24T11:41:03.5346385Z ##[group]Setting up auth
job-core	Checkout code	2026-02-24T11:41:03.5346924Z [command]/usr/bin/git config --local --name-only --get-regexp core\.sshCommand
job-core	Checkout code	2026-02-24T11:41:03.5387511Z [command]/usr/bin/git submodule foreach --recursive sh -c "git config --local --name-only --get-regexp 'core\.sshCommand' && git config --local --unset-all 'core.sshCommand' || :"
job-core	Checkout code	2026-02-24T11:41:03.5732427Z [command]/usr/bin/git config --local --name-only --get-regexp http\.https\:\/\/github\.com\/\.extraheader
job-core	Checkout code	2026-02-24T11:41:03.5772989Z [command]/usr/bin/git submodule foreach --recursive sh -c "git config --local --name-only --get-regexp 'http\.https\:\/\/github\.com\/\.extraheader' && git config --local --unset-all 'http.https://github.com/.extraheader' || :"
job-core	Checkout code	2026-02-24T11:41:03.6122571Z [command]/usr/bin/git config --local --name-only --get-regexp ^includeIf\.gitdir:
job-core	Checkout code	2026-02-24T11:41:03.6163061Z [command]/usr/bin/git submodule foreach --recursive git config --local --show-origin --name-only --get-regexp remote.origin.url
job-core	Checkout code	2026-02-24T11:41:03.6495574Z [command]/usr/bin/git config --local http.https://github.com/.extraheader AUTHORIZATION: basic ***
job-core	Checkout code	2026-02-24T11:41:03.6548299Z ##[endgroup]
job-core	Checkout code	2026-02-24T11:41:03.6548903Z ##[group]Fetching the repository
job-core	Checkout code	2026-02-24T11:41:03.6556682Z [command]/usr/bin/git -c protocol.version=2 fetch --prune --no-recurse-submodules origin +refs/heads/*:refs/remotes/origin/* +refs/tags/*:refs/tags/*
job-core	Checkout code	2026-02-24T11:41:25.9767169Z From https://github.com/Ka0s-Klaus/ka0s
job-core	Checkout code	2026-02-24T11:41:25.9767753Z  * [new branch]          F3450-modelo-operativo -> origin/F3450-modelo-operativo
job-core	Checkout code	2026-02-24T11:41:25.9768400Z  * [new branch]          H1276-modulo-observabilidad -> origin/H1276-modulo-observabilidad
job-core	Checkout code	2026-02-24T11:41:25.9768993Z  * [new branch]          H3596-deploy-itop      -> origin/H3596-deploy-itop
job-core	Checkout code	2026-02-24T11:41:25.9771480Z  * [new branch]          H4170-flujo-detallado-zabbix---github -> origin/H4170-flujo-detallado-zabbix---github
job-core	Checkout code	2026-02-24T11:41:25.9773110Z  * [new branch]          H4191-request-cambios  -> origin/H4191-request-cambios
job-core	Checkout code	2026-02-24T11:41:25.9773897Z  * [new branch]          H4200-request-recomendaciones-de-auditoria -> origin/H4200-request-recomendaciones-de-auditoria
job-core	Checkout code	2026-02-24T11:41:25.9774611Z  * [new branch]          main                   -> origin/main
job-core	Checkout code	2026-02-24T11:41:25.9775016Z  * [new tag]             0.0.0                  -> 0.0.0
job-core	Checkout code	2026-02-24T11:41:25.9775538Z  * [new tag]             0.0.1                  -> 0.0.1
job-core	Checkout code	2026-02-24T11:41:25.9776046Z  * [new tag]             0.0.10                 -> 0.0.10
job-core	Checkout code	2026-02-24T11:41:25.9776429Z  * [new tag]             0.0.100                -> 0.0.100
job-core	Checkout code	2026-02-24T11:41:25.9776811Z  * [new tag]             0.0.101                -> 0.0.101
job-core	Checkout code	2026-02-24T11:41:25.9777194Z  * [new tag]             0.0.102                -> 0.0.102
job-core	Checkout code	2026-02-24T11:41:25.9781866Z  * [new tag]             0.0.103                -> 0.0.103
job-core	Checkout code	2026-02-24T11:41:25.9782997Z  * [new tag]             0.0.104                -> 0.0.104
job-core	Checkout code	2026-02-24T11:41:25.9783386Z  * [new tag]             0.0.105                -> 0.0.105
job-core	Checkout code	2026-02-24T11:41:25.9783746Z  * [new tag]             0.0.106                -> 0.0.106
job-core	Checkout code	2026-02-24T11:41:25.9784125Z  * [new tag]             0.0.107                -> 0.0.107
job-core	Checkout code	2026-02-24T11:41:25.9784487Z  * [new tag]             0.0.108                -> 0.0.108
job-core	Checkout code	2026-02-24T11:41:25.9784847Z  * [new tag]             0.0.109                -> 0.0.109
job-core	Checkout code	2026-02-24T11:41:25.9785211Z  * [new tag]             0.0.11                 -> 0.0.11
job-core	Checkout code	2026-02-24T11:41:25.9785572Z  * [new tag]             0.0.110                -> 0.0.110
job-core	Checkout code	2026-02-24T11:41:25.9785945Z  * [new tag]             0.0.111                -> 0.0.111
job-core	Checkout code	2026-02-24T11:41:25.9786306Z  * [new tag]             0.0.112                -> 0.0.112
job-core	Checkout code	2026-02-24T11:41:25.9786665Z  * [new tag]             0.0.113                -> 0.0.113
job-core	Checkout code	2026-02-24T11:41:25.9787024Z  * [new tag]             0.0.114                -> 0.0.114
job-core	Checkout code	2026-02-24T11:41:25.9787406Z  * [new tag]             0.0.115                -> 0.0.115
job-core	Checkout code	2026-02-24T11:41:25.9787779Z  * [new tag]             0.0.116                -> 0.0.116
job-core	Checkout code	2026-02-24T11:41:25.9788359Z  * [new tag]             0.0.117                -> 0.0.117
job-core	Checkout code	2026-02-24T11:41:25.9789293Z  * [new tag]             0.0.118                -> 0.0.118
job-core	Checkout code	2026-02-24T11:41:25.9790001Z  * [new tag]             0.0.119                -> 0.0.119
job-core	Checkout code	2026-02-24T11:41:25.9790493Z  * [new tag]             0.0.12                 -> 0.0.12
job-core	Checkout code	2026-02-24T11:41:25.9790858Z  * [new tag]             0.0.120                -> 0.0.120
job-core	Checkout code	2026-02-24T11:41:25.9791216Z  * [new tag]             0.0.121                -> 0.0.121
job-core	Checkout code	2026-02-24T11:41:25.9791580Z  * [new tag]             0.0.122                -> 0.0.122
job-core	Checkout code	2026-02-24T11:41:25.9802344Z  * [new tag]             0.0.123                -> 0.0.123
job-core	Checkout code	2026-02-24T11:41:25.9802758Z  * [new tag]             0.0.124                -> 0.0.124
job-core	Checkout code	2026-02-24T11:41:25.9803145Z  * [new tag]             0.0.125                -> 0.0.125
job-core	Checkout code	2026-02-24T11:41:25.9803509Z  * [new tag]             0.0.126                -> 0.0.126
job-core	Checkout code	2026-02-24T11:41:25.9803874Z  * [new tag]             0.0.127                -> 0.0.127
job-core	Checkout code	2026-02-24T11:41:25.9804240Z  * [new tag]             0.0.128                -> 0.0.128
job-core	Checkout code	2026-02-24T11:41:25.9804605Z  * [new tag]             0.0.129                -> 0.0.129
job-core	Checkout code	2026-02-24T11:41:25.9804967Z  * [new tag]             0.0.13                 -> 0.0.13
job-core	Checkout code	2026-02-24T11:41:25.9805333Z  * [new tag]             0.0.130                -> 0.0.130
job-core	Checkout code	2026-02-24T11:41:25.9805701Z  * [new tag]             0.0.131                -> 0.0.131
job-core	Checkout code	2026-02-24T11:41:25.9806075Z  * [new tag]             0.0.132                -> 0.0.132
job-core	Checkout code	2026-02-24T11:41:25.9806436Z  * [new tag]             0.0.133                -> 0.0.133
job-core	Checkout code	2026-02-24T11:41:25.9806796Z  * [new tag]             0.0.134                -> 0.0.134
job-core	Checkout code	2026-02-24T11:41:25.9807163Z  * [new tag]             0.0.135                -> 0.0.135
job-core	Checkout code	2026-02-24T11:41:25.9807529Z  * [new tag]             0.0.136                -> 0.0.136
job-core	Checkout code	2026-02-24T11:41:25.9807890Z  * [new tag]             0.0.137                -> 0.0.137
job-core	Checkout code	2026-02-24T11:41:25.9808248Z  * [new tag]             0.0.138                -> 0.0.138
job-core	Checkout code	2026-02-24T11:41:25.9808620Z  * [new tag]             0.0.139                -> 0.0.139
job-core	Checkout code	2026-02-24T11:41:25.9808979Z  * [new tag]             0.0.14                 -> 0.0.14
job-core	Checkout code	2026-02-24T11:41:25.9809345Z  * [new tag]             0.0.140                -> 0.0.140
job-core	Checkout code	2026-02-24T11:41:25.9809700Z  * [new tag]             0.0.141                -> 0.0.141
job-core	Checkout code	2026-02-24T11:41:25.9810062Z  * [new tag]             0.0.142                -> 0.0.142
job-core	Checkout code	2026-02-24T11:41:25.9810422Z  * [new tag]             0.0.143                -> 0.0.143
job-core	Checkout code	2026-02-24T11:41:25.9810784Z  * [new tag]             0.0.144                -> 0.0.144
job-core	Checkout code	2026-02-24T11:41:25.9811141Z  * [new tag]             0.0.145                -> 0.0.145
job-core	Checkout code	2026-02-24T11:41:25.9811508Z  * [new tag]             0.0.146                -> 0.0.146
job-core	Checkout code	2026-02-24T11:41:25.9812302Z  * [new tag]             0.0.147                -> 0.0.147
job-core	Checkout code	2026-02-24T11:41:25.9812664Z  * [new tag]             0.0.148                -> 0.0.148
job-core	Checkout code	2026-02-24T11:41:25.9813023Z  * [new tag]             0.0.149                -> 0.0.149
job-core	Checkout code	2026-02-24T11:41:25.9813414Z  * [new tag]             0.0.15                 -> 0.0.15
job-core	Checkout code	2026-02-24T11:41:25.9813840Z  * [new tag]             0.0.150                -> 0.0.150
job-core	Checkout code	2026-02-24T11:41:25.9832265Z  * [new tag]             0.0.151                -> 0.0.151
job-core	Checkout code	2026-02-24T11:41:25.9832794Z  * [new tag]             0.0.152                -> 0.0.152
job-core	Checkout code	2026-02-24T11:41:25.9833179Z  * [new tag]             0.0.153                -> 0.0.153
job-core	Checkout code	2026-02-24T11:41:25.9833551Z  * [new tag]             0.0.154                -> 0.0.154
job-core	Checkout code	2026-02-24T11:41:25.9833938Z  * [new tag]             0.0.155                -> 0.0.155
job-core	Checkout code	2026-02-24T11:41:25.9834450Z  * [new tag]             0.0.156                -> 0.0.156
job-core	Checkout code	2026-02-24T11:41:25.9834885Z  * [new tag]             0.0.157                -> 0.0.157
job-core	Checkout code	2026-02-24T11:41:25.9835401Z  * [new tag]             0.0.158                -> 0.0.158
job-core	Checkout code	2026-02-24T11:41:25.9835771Z  * [new tag]             0.0.159                -> 0.0.159
job-core	Checkout code	2026-02-24T11:41:25.9836485Z  * [new tag]             0.0.16                 -> 0.0.16
job-core	Checkout code	2026-02-24T11:41:25.9836882Z  * [new tag]             0.0.160                -> 0.0.160
job-core	Checkout code	2026-02-24T11:41:25.9837269Z  * [new tag]             0.0.161                -> 0.0.161
job-core	Checkout code	2026-02-24T11:41:25.9837756Z  * [new tag]             0.0.162                -> 0.0.162
job-core	Checkout code	2026-02-24T11:41:25.9841017Z  * [new tag]             0.0.163                -> 0.0.163
job-core	Checkout code	2026-02-24T11:41:25.9841412Z  * [new tag]             0.0.164                -> 0.0.164
job-core	Checkout code	2026-02-24T11:41:25.9842215Z  * [new tag]             0.0.165                -> 0.0.165
job-core	Checkout code	2026-02-24T11:41:25.9842582Z  * [new tag]             0.0.166                -> 0.0.166
job-core	Checkout code	2026-02-24T11:41:25.9842945Z  * [new tag]             0.0.167                -> 0.0.167
job-core	Checkout code	2026-02-24T11:41:25.9843332Z  * [new tag]             0.0.168                -> 0.0.168
job-core	Checkout code	2026-02-24T11:41:25.9843694Z  * [new tag]             0.0.169                -> 0.0.169
job-core	Checkout code	2026-02-24T11:41:25.9844057Z  * [new tag]             0.0.17                 -> 0.0.17
job-core	Checkout code	2026-02-24T11:41:25.9844555Z  * [new tag]             0.0.170                -> 0.0.170
job-core	Checkout code	2026-02-24T11:41:25.9844919Z  * [new tag]             0.0.171                -> 0.0.171
job-core	Checkout code	2026-02-24T11:41:25.9845282Z  * [new tag]             0.0.172                -> 0.0.172
job-core	Checkout code	2026-02-24T11:41:25.9845643Z  * [new tag]             0.0.173                -> 0.0.173
job-core	Checkout code	2026-02-24T11:41:25.9846001Z  * [new tag]             0.0.174                -> 0.0.174
job-core	Checkout code	2026-02-24T11:41:25.9846362Z  * [new tag]             0.0.175                -> 0.0.175
job-core	Checkout code	2026-02-24T11:41:25.9846719Z  * [new tag]             0.0.176                -> 0.0.176
job-core	Checkout code	2026-02-24T11:41:25.9847085Z  * [new tag]             0.0.177                -> 0.0.177
job-core	Checkout code	2026-02-24T11:41:25.9847453Z  * [new tag]             0.0.178                -> 0.0.178
job-core	Checkout code	2026-02-24T11:41:25.9847814Z  * [new tag]             0.0.179                -> 0.0.179
job-core	Checkout code	2026-02-24T11:41:25.9848198Z  * [new tag]             0.0.18                 -> 0.0.18
job-core	Checkout code	2026-02-24T11:41:25.9848585Z  * [new tag]             0.0.19                 -> 0.0.19
job-core	Checkout code	2026-02-24T11:41:25.9848993Z  * [new tag]             0.0.2                  -> 0.0.2
job-core	Checkout code	2026-02-24T11:41:25.9849353Z  * [new tag]             0.0.20                 -> 0.0.20
job-core	Checkout code	2026-02-24T11:41:25.9849736Z  * [new tag]             0.0.21                 -> 0.0.21
job-core	Checkout code	2026-02-24T11:41:25.9850221Z  * [new tag]             0.0.22                 -> 0.0.22
job-core	Checkout code	2026-02-24T11:41:25.9850575Z  * [new tag]             0.0.23                 -> 0.0.23
job-core	Checkout code	2026-02-24T11:41:25.9850924Z  * [new tag]             0.0.24                 -> 0.0.24
job-core	Checkout code	2026-02-24T11:41:25.9851271Z  * [new tag]             0.0.25                 -> 0.0.25
job-core	Checkout code	2026-02-24T11:41:25.9852006Z  * [new tag]             0.0.26                 -> 0.0.26
job-core	Checkout code	2026-02-24T11:41:25.9852723Z  * [new tag]             0.0.27                 -> 0.0.27
job-core	Checkout code	2026-02-24T11:41:25.9853190Z  * [new tag]             0.0.28                 -> 0.0.28
job-core	Checkout code	2026-02-24T11:41:25.9853537Z  * [new tag]             0.0.29                 -> 0.0.29
job-core	Checkout code	2026-02-24T11:41:25.9853891Z  * [new tag]             0.0.3                  -> 0.0.3
job-core	Checkout code	2026-02-24T11:41:25.9854239Z  * [new tag]             0.0.30                 -> 0.0.30
job-core	Checkout code	2026-02-24T11:41:25.9854588Z  * [new tag]             0.0.31                 -> 0.0.31
job-core	Checkout code	2026-02-24T11:41:25.9854938Z  * [new tag]             0.0.32                 -> 0.0.32
job-core	Checkout code	2026-02-24T11:41:25.9855285Z  * [new tag]             0.0.33                 -> 0.0.33
job-core	Checkout code	2026-02-24T11:41:25.9855626Z  * [new tag]             0.0.34                 -> 0.0.34
job-core	Checkout code	2026-02-24T11:41:25.9855973Z  * [new tag]             0.0.35                 -> 0.0.35
job-core	Checkout code	2026-02-24T11:41:25.9856319Z  * [new tag]             0.0.36                 -> 0.0.36
job-core	Checkout code	2026-02-24T11:41:25.9856670Z  * [new tag]             0.0.37                 -> 0.0.37
job-core	Checkout code	2026-02-24T11:41:25.9857019Z  * [new tag]             0.0.38                 -> 0.0.38
job-core	Checkout code	2026-02-24T11:41:25.9857367Z  * [new tag]             0.0.39                 -> 0.0.39
job-core	Checkout code	2026-02-24T11:41:25.9857715Z  * [new tag]             0.0.4                  -> 0.0.4
job-core	Checkout code	2026-02-24T11:41:25.9858266Z  * [new tag]             0.0.40                 -> 0.0.40
job-core	Checkout code	2026-02-24T11:41:25.9858608Z  * [new tag]             0.0.41                 -> 0.0.41
job-core	Checkout code	2026-02-24T11:41:25.9858954Z  * [new tag]             0.0.42                 -> 0.0.42
job-core	Checkout code	2026-02-24T11:41:25.9859302Z  * [new tag]             0.0.43                 -> 0.0.43
job-core	Checkout code	2026-02-24T11:41:25.9859651Z  * [new tag]             0.0.44                 -> 0.0.44
job-core	Checkout code	2026-02-24T11:41:25.9860000Z  * [new tag]             0.0.45                 -> 0.0.45
job-core	Checkout code	2026-02-24T11:41:25.9860348Z  * [new tag]             0.0.46                 -> 0.0.46
job-core	Checkout code	2026-02-24T11:41:25.9860694Z  * [new tag]             0.0.47                 -> 0.0.47
job-core	Checkout code	2026-02-24T11:41:25.9861036Z  * [new tag]             0.0.48                 -> 0.0.48
job-core	Checkout code	2026-02-24T11:41:25.9861395Z  * [new tag]             0.0.49                 -> 0.0.49
job-core	Checkout code	2026-02-24T11:41:25.9862089Z  * [new tag]             0.0.5                  -> 0.0.5
job-core	Checkout code	2026-02-24T11:41:25.9862462Z  * [new tag]             0.0.50                 -> 0.0.50
job-core	Checkout code	2026-02-24T11:41:25.9862837Z  * [new tag]             0.0.51                 -> 0.0.51
job-core	Checkout code	2026-02-24T11:41:25.9863308Z  * [new tag]             0.0.52                 -> 0.0.52
job-core	Checkout code	2026-02-24T11:41:25.9863657Z  * [new tag]             0.0.53                 -> 0.0.53
job-core	Checkout code	2026-02-24T11:41:25.9864000Z  * [new tag]             0.0.54                 -> 0.0.54
job-core	Checkout code	2026-02-24T11:41:25.9864347Z  * [new tag]             0.0.55                 -> 0.0.55
job-core	Checkout code	2026-02-24T11:41:25.9864693Z  * [new tag]             0.0.56                 -> 0.0.56
job-core	Checkout code	2026-02-24T11:41:25.9865037Z  * [new tag]             0.0.57                 -> 0.0.57
job-core	Checkout code	2026-02-24T11:41:25.9865381Z  * [new tag]             0.0.58                 -> 0.0.58
job-core	Checkout code	2026-02-24T11:41:25.9865725Z  * [new tag]             0.0.59                 -> 0.0.59
job-core	Checkout code	2026-02-24T11:41:25.9866075Z  * [new tag]             0.0.6                  -> 0.0.6
job-core	Checkout code	2026-02-24T11:41:25.9866416Z  * [new tag]             0.0.60                 -> 0.0.60
job-core	Checkout code	2026-02-24T11:41:25.9866752Z  * [new tag]             0.0.61                 -> 0.0.61
job-core	Checkout code	2026-02-24T11:41:25.9867097Z  * [new tag]             0.0.62                 -> 0.0.62
job-core	Checkout code	2026-02-24T11:41:25.9867440Z  * [new tag]             0.0.63                 -> 0.0.63
job-core	Checkout code	2026-02-24T11:41:25.9867779Z  * [new tag]             0.0.64                 -> 0.0.64
job-core	Checkout code	2026-02-24T11:41:25.9868123Z  * [new tag]             0.0.65                 -> 0.0.65
job-core	Checkout code	2026-02-24T11:41:25.9868464Z  * [new tag]             0.0.66                 -> 0.0.66
job-core	Checkout code	2026-02-24T11:41:25.9868806Z  * [new tag]             0.0.67                 -> 0.0.67
job-core	Checkout code	2026-02-24T11:41:25.9869144Z  * [new tag]             0.0.68                 -> 0.0.68
job-core	Checkout code	2026-02-24T11:41:25.9869487Z  * [new tag]             0.0.69                 -> 0.0.69
job-core	Checkout code	2026-02-24T11:41:25.9870077Z  * [new tag]             0.0.7                  -> 0.0.7
job-core	Checkout code	2026-02-24T11:41:25.9870417Z  * [new tag]             0.0.70                 -> 0.0.70
job-core	Checkout code	2026-02-24T11:41:25.9870757Z  * [new tag]             0.0.71                 -> 0.0.71
job-core	Checkout code	2026-02-24T11:41:25.9871104Z  * [new tag]             0.0.72                 -> 0.0.72
job-core	Checkout code	2026-02-24T11:41:25.9871448Z  * [new tag]             0.0.73                 -> 0.0.73
job-core	Checkout code	2026-02-24T11:41:25.9872363Z  * [new tag]             0.0.74                 -> 0.0.74
job-core	Checkout code	2026-02-24T11:41:25.9872710Z  * [new tag]             0.0.75                 -> 0.0.75
job-core	Checkout code	2026-02-24T11:41:25.9873177Z  * [new tag]             0.0.76                 -> 0.0.76
job-core	Checkout code	2026-02-24T11:41:25.9873519Z  * [new tag]             0.0.77                 -> 0.0.77
job-core	Checkout code	2026-02-24T11:41:25.9873857Z  * [new tag]             0.0.78                 -> 0.0.78
job-core	Checkout code	2026-02-24T11:41:25.9874195Z  * [new tag]             0.0.79                 -> 0.0.79
job-core	Checkout code	2026-02-24T11:41:25.9874537Z  * [new tag]             0.0.8                  -> 0.0.8
job-core	Checkout code	2026-02-24T11:41:25.9874887Z  * [new tag]             0.0.80                 -> 0.0.80
job-core	Checkout code	2026-02-24T11:41:25.9875223Z  * [new tag]             0.0.81                 -> 0.0.81
job-core	Checkout code	2026-02-24T11:41:25.9875572Z  * [new tag]             0.0.82                 -> 0.0.82
job-core	Checkout code	2026-02-24T11:41:25.9876114Z  * [new tag]             0.0.83                 -> 0.0.83
job-core	Checkout code	2026-02-24T11:41:25.9876454Z  * [new tag]             0.0.84                 -> 0.0.84
job-core	Checkout code	2026-02-24T11:41:25.9876796Z  * [new tag]             0.0.85                 -> 0.0.85
job-core	Checkout code	2026-02-24T11:41:25.9877135Z  * [new tag]             0.0.86                 -> 0.0.86
job-core	Checkout code	2026-02-24T11:41:25.9877478Z  * [new tag]             0.0.87                 -> 0.0.87
job-core	Checkout code	2026-02-24T11:41:25.9877826Z  * [new tag]             0.0.88                 -> 0.0.88
job-core	Checkout code	2026-02-24T11:41:25.9878164Z  * [new tag]             0.0.89                 -> 0.0.89
job-core	Checkout code	2026-02-24T11:41:25.9878510Z  * [new tag]             0.0.9                  -> 0.0.9
job-core	Checkout code	2026-02-24T11:41:25.9878848Z  * [new tag]             0.0.90                 -> 0.0.90
job-core	Checkout code	2026-02-24T11:41:25.9879195Z  * [new tag]             0.0.91                 -> 0.0.91
job-core	Checkout code	2026-02-24T11:41:25.9879538Z  * [new tag]             0.0.92                 -> 0.0.92
job-core	Checkout code	2026-02-24T11:41:25.9879880Z  * [new tag]             0.0.93                 -> 0.0.93
job-core	Checkout code	2026-02-24T11:41:25.9880225Z  * [new tag]             0.0.94                 -> 0.0.94
job-core	Checkout code	2026-02-24T11:41:25.9880564Z  * [new tag]             0.0.95                 -> 0.0.95
job-core	Checkout code	2026-02-24T11:41:25.9880906Z  * [new tag]             0.0.96                 -> 0.0.96
job-core	Checkout code	2026-02-24T11:41:25.9881245Z  * [new tag]             0.0.97                 -> 0.0.97
job-core	Checkout code	2026-02-24T11:41:25.9881583Z  * [new tag]             0.0.98                 -> 0.0.98
job-core	Checkout code	2026-02-24T11:41:25.9882406Z  * [new tag]             0.0.99                 -> 0.0.99
job-core	Checkout code	2026-02-24T11:41:25.9882869Z  * [new tag]             0.1.0                  -> 0.1.0
job-core	Checkout code	2026-02-24T11:41:25.9883216Z  * [new tag]             0.1.1                  -> 0.1.1
job-core	Checkout code	2026-02-24T11:41:25.9883551Z  * [new tag]             0.2.0                  -> 0.2.0
job-core	Checkout code	2026-02-24T11:41:25.9883897Z  * [new tag]             0.3.0                  -> 0.3.0
job-core	Checkout code	2026-02-24T11:41:25.9884235Z  * [new tag]             0.3.1                  -> 0.3.1
job-core	Checkout code	2026-02-24T11:41:25.9884610Z  * [new tag]             0.3.10                 -> 0.3.10
job-core	Checkout code	2026-02-24T11:41:25.9884957Z  * [new tag]             0.3.11                 -> 0.3.11
job-core	Checkout code	2026-02-24T11:41:25.9885302Z  * [new tag]             0.3.12                 -> 0.3.12
job-core	Checkout code	2026-02-24T11:41:25.9885645Z  * [new tag]             0.3.13                 -> 0.3.13
job-core	Checkout code	2026-02-24T11:41:25.9885987Z  * [new tag]             0.3.14                 -> 0.3.14
job-core	Checkout code	2026-02-24T11:41:25.9886329Z  * [new tag]             0.3.15                 -> 0.3.15
job-core	Checkout code	2026-02-24T11:41:25.9897004Z  * [new tag]             0.3.16                 -> 0.3.16
job-core	Checkout code	2026-02-24T11:41:25.9897407Z  * [new tag]             0.3.17                 -> 0.3.17
job-core	Checkout code	2026-02-24T11:41:25.9897885Z  * [new tag]             0.3.2                  -> 0.3.2
job-core	Checkout code	2026-02-24T11:41:25.9898230Z  * [new tag]             0.3.3                  -> 0.3.3
job-core	Checkout code	2026-02-24T11:41:25.9898862Z  * [new tag]             0.3.4                  -> 0.3.4
job-core	Checkout code	2026-02-24T11:41:25.9899200Z  * [new tag]             0.3.5                  -> 0.3.5
job-core	Checkout code	2026-02-24T11:41:25.9899533Z  * [new tag]             0.3.6                  -> 0.3.6
job-core	Checkout code	2026-02-24T11:41:25.9899872Z  * [new tag]             0.3.7                  -> 0.3.7
job-core	Checkout code	2026-02-24T11:41:25.9900208Z  * [new tag]             0.3.8                  -> 0.3.8
job-core	Checkout code	2026-02-24T11:41:25.9900544Z  * [new tag]             0.3.9                  -> 0.3.9
job-core	Checkout code	2026-02-24T11:41:25.9900882Z  * [new tag]             0.4.0                  -> 0.4.0
job-core	Checkout code	2026-02-24T11:41:25.9901217Z  * [new tag]             0.4.1                  -> 0.4.1
job-core	Checkout code	2026-02-24T11:41:25.9901553Z  * [new tag]             0.4.2                  -> 0.4.2
job-core	Checkout code	2026-02-24T11:41:25.9902328Z  * [new tag]             0.4.3                  -> 0.4.3
job-core	Checkout code	2026-02-24T11:41:25.9902680Z  * [new tag]             0.4.4                  -> 0.4.4
job-core	Checkout code	2026-02-24T11:41:25.9903159Z  * [new tag]             0.4.5                  -> 0.4.5
job-core	Checkout code	2026-02-24T11:41:25.9903498Z  * [new tag]             0.4.6                  -> 0.4.6
job-core	Checkout code	2026-02-24T11:41:25.9903832Z  * [new tag]             0.4.7                  -> 0.4.7
job-core	Checkout code	2026-02-24T11:41:25.9904172Z  * [new tag]             0.4.8                  -> 0.4.8
job-core	Checkout code	2026-02-24T11:41:25.9904713Z  * [new tag]             0.4.9                  -> 0.4.9
job-core	Checkout code	2026-02-24T11:41:25.9905051Z  * [new tag]             0.5.0                  -> 0.5.0
job-core	Checkout code	2026-02-24T11:41:25.9905383Z  * [new tag]             0.5.1                  -> 0.5.1
job-core	Checkout code	2026-02-24T11:41:25.9905719Z  * [new tag]             0.5.2                  -> 0.5.2
job-core	Checkout code	2026-02-24T11:41:25.9906058Z  * [new tag]             0.6.0                  -> 0.6.0
job-core	Checkout code	2026-02-24T11:41:25.9906392Z  * [new tag]             0.6.1                  -> 0.6.1
job-core	Checkout code	2026-02-24T11:41:25.9906728Z  * [new tag]             0.6.2                  -> 0.6.2
job-core	Checkout code	2026-02-24T11:41:25.9907062Z  * [new tag]             0.6.3                  -> 0.6.3
job-core	Checkout code	2026-02-24T11:41:25.9907405Z  * [new tag]             0.6.4                  -> 0.6.4
job-core	Checkout code	2026-02-24T11:41:25.9907741Z  * [new tag]             0.6.5                  -> 0.6.5
job-core	Checkout code	2026-02-24T11:41:25.9908071Z  * [new tag]             0.6.6                  -> 0.6.6
job-core	Checkout code	2026-02-24T11:41:26.0177694Z [command]/usr/bin/git branch --list --remote origin/main
job-core	Checkout code	2026-02-24T11:41:26.0256935Z   origin/main
job-core	Checkout code	2026-02-24T11:41:26.0269341Z [command]/usr/bin/git rev-parse refs/remotes/origin/main
job-core	Checkout code	2026-02-24T11:41:26.0299854Z 2045900c47a39a2650084092202b696ae09cf7ca
job-core	Checkout code	2026-02-24T11:41:26.0306063Z ##[endgroup]
job-core	Checkout code	2026-02-24T11:41:26.0306466Z ##[group]Determining the checkout info
job-core	Checkout code	2026-02-24T11:41:26.0307675Z ##[endgroup]
job-core	Checkout code	2026-02-24T11:41:26.0314392Z [command]/usr/bin/git sparse-checkout disable
job-core	Checkout code	2026-02-24T11:41:26.0381777Z [command]/usr/bin/git config --local --unset-all extensions.worktreeConfig
job-core	Checkout code	2026-02-24T11:41:26.0419233Z ##[group]Checking out the ref
job-core	Checkout code	2026-02-24T11:41:26.0425237Z [command]/usr/bin/git checkout --progress --force -B main refs/remotes/origin/main
job-core	Checkout code	2026-02-24T11:41:26.3024924Z Switched to a new branch 'main'
job-core	Checkout code	2026-02-24T11:41:26.3029407Z branch 'main' set up to track 'origin/main'.
job-core	Checkout code	2026-02-24T11:41:26.3073807Z ##[endgroup]
job-core	Checkout code	2026-02-24T11:41:26.3132361Z [command]/usr/bin/git log -1 --format=%H
job-core	Checkout code	2026-02-24T11:41:26.3167511Z 2045900c47a39a2650084092202b696ae09cf7ca
job-core	Install GH CLI	Ôªø2026-02-24T11:41:26.3450787Z Prepare all required actions
job-core	Install GH CLI	2026-02-24T11:41:26.3499521Z ##[group]Run ./.github/actions/install-gh-cli
job-core	Install GH CLI	2026-02-24T11:41:26.3499850Z env:
job-core	Install GH CLI	2026-02-24T11:41:26.3500056Z   PYTHON_VERSION: 3.9
job-core	Install GH CLI	2026-02-24T11:41:26.3549452Z   MONGO_SUPERUSER_CONNECTION: ***
job-core	Install GH CLI	2026-02-24T11:41:26.3549893Z   MONGO_NEW_PASS: ***
job-core	Install GH CLI	2026-02-24T11:41:26.3550216Z   MONGO_SCRIPT_CREATE: devops/core/mongo/scripts/add-doc-to-db.py
job-core	Install GH CLI	2026-02-24T11:41:26.3550584Z   KAOS_CODE: 22349254694
job-core	Install GH CLI	2026-02-24T11:41:26.3550843Z   KAOS_MODULE: [Ka0s] Autom add docs to MongoDB
job-core	Install GH CLI	2026-02-24T11:41:26.3551139Z   REPORT_SCAN: audit/
job-core	Install GH CLI	2026-02-24T11:41:26.3551360Z   REPORT_PATH: audit/mongodb/
job-core	Install GH CLI	2026-02-24T11:41:26.3551757Z   REPORT_FILENAME: mongo_setup_22349254694.json
job-core	Install GH CLI	2026-02-24T11:41:26.3552539Z   REPORT_FILENAME_LIST: mongo_list_22349254694.json
job-core	Install GH CLI	2026-02-24T11:41:26.3552894Z   REPORT_FILENAME_DB: mongo_create_db_22349254694.json
job-core	Install GH CLI	2026-02-24T11:41:26.3553203Z   GITHUB_OUTPUT: 
job-core	Install GH CLI	2026-02-24T11:41:26.3553407Z ##[endgroup]
job-core	Install GH CLI	2026-02-24T11:41:26.3653143Z ##[group]Run type -p curl >/dev/null || (sudo apt-get update && sudo apt-get install curl -y)
job-core	Install GH CLI	2026-02-24T11:41:26.3653870Z [36;1mtype -p curl >/dev/null || (sudo apt-get update && sudo apt-get install curl -y)[0m
job-core	Install GH CLI	2026-02-24T11:41:26.3654721Z [36;1mcurl -fsSL https://cli.github.com/packages/githubcli-archive-keyring.gpg | sudo dd of=/usr/share/keyrings/githubcli-archive-keyring.gpg \[0m
job-core	Install GH CLI	2026-02-24T11:41:26.3655517Z [36;1m&& sudo chmod go+r /usr/share/keyrings/githubcli-archive-keyring.gpg \[0m
job-core	Install GH CLI	2026-02-24T11:41:26.3656582Z [36;1m&& echo "deb [arch=$(dpkg --print-architecture) signed-by=/usr/share/keyrings/githubcli-archive-keyring.gpg] https://cli.github.com/packages stable main" | sudo tee /etc/apt/sources.list.d/github-cli.list > /dev/null \[0m
job-core	Install GH CLI	2026-02-24T11:41:26.3657554Z [36;1m&& sudo apt-get update \[0m
job-core	Install GH CLI	2026-02-24T11:41:26.3657837Z [36;1m&& sudo apt-get install gh -y[0m
job-core	Install GH CLI	2026-02-24T11:41:26.3675035Z shell: /usr/bin/bash --noprofile --norc -e -o pipefail {0}
job-core	Install GH CLI	2026-02-24T11:41:26.3675398Z env:
job-core	Install GH CLI	2026-02-24T11:41:26.3675601Z   PYTHON_VERSION: 3.9
job-core	Install GH CLI	2026-02-24T11:41:26.3676592Z   MONGO_SUPERUSER_CONNECTION: ***
job-core	Install GH CLI	2026-02-24T11:41:26.3676979Z   MONGO_NEW_PASS: ***
job-core	Install GH CLI	2026-02-24T11:41:26.3677285Z   MONGO_SCRIPT_CREATE: devops/core/mongo/scripts/add-doc-to-db.py
job-core	Install GH CLI	2026-02-24T11:41:26.3677652Z   KAOS_CODE: 22349254694
job-core	Install GH CLI	2026-02-24T11:41:26.3677911Z   KAOS_MODULE: [Ka0s] Autom add docs to MongoDB
job-core	Install GH CLI	2026-02-24T11:41:26.3678203Z   REPORT_SCAN: audit/
job-core	Install GH CLI	2026-02-24T11:41:26.3678425Z   REPORT_PATH: audit/mongodb/
job-core	Install GH CLI	2026-02-24T11:41:26.3678697Z   REPORT_FILENAME: mongo_setup_22349254694.json
job-core	Install GH CLI	2026-02-24T11:41:26.3679028Z   REPORT_FILENAME_LIST: mongo_list_22349254694.json
job-core	Install GH CLI	2026-02-24T11:41:26.3679372Z   REPORT_FILENAME_DB: mongo_create_db_22349254694.json
job-core	Install GH CLI	2026-02-24T11:41:26.3679689Z   GITHUB_OUTPUT: 
job-core	Install GH CLI	2026-02-24T11:41:26.3679892Z ##[endgroup]
job-core	Install GH CLI	2026-02-24T11:41:26.4434629Z 4+1 records in
job-core	Install GH CLI	2026-02-24T11:41:26.4434910Z 4+1 records out
job-core	Install GH CLI	2026-02-24T11:41:26.4435321Z 2270 bytes (2.3 kB, 2.2 KiB) copied, 0.0520224 s, 43.6 kB/s
job-core	Install GH CLI	2026-02-24T11:41:26.6102623Z Get:1 http://archive.ubuntu.com/ubuntu noble InRelease [256 kB]
job-core	Install GH CLI	2026-02-24T11:41:26.6122206Z Get:2 https://cli.github.com/packages stable InRelease [3917 B]
job-core	Install GH CLI	2026-02-24T11:41:26.6551393Z Get:3 http://security.ubuntu.com/ubuntu noble-security InRelease [126 kB]
job-core	Install GH CLI	2026-02-24T11:41:26.7478760Z Get:4 https://cli.github.com/packages stable/main amd64 Packages [357 B]
job-core	Install GH CLI	2026-02-24T11:41:26.7583466Z Get:5 https://ppa.launchpadcontent.net/git-core/ppa/ubuntu noble InRelease [24.3 kB]
job-core	Install GH CLI	2026-02-24T11:41:26.7670427Z Get:6 http://archive.ubuntu.com/ubuntu noble-updates InRelease [126 kB]
job-core	Install GH CLI	2026-02-24T11:41:26.8051222Z Get:7 http://archive.ubuntu.com/ubuntu noble-backports InRelease [126 kB]
job-core	Install GH CLI	2026-02-24T11:41:26.8557352Z Get:8 http://archive.ubuntu.com/ubuntu noble/universe amd64 Packages [19.3 MB]
job-core	Install GH CLI	2026-02-24T11:41:26.9328310Z Get:9 https://ppa.launchpadcontent.net/git-core/ppa/ubuntu noble/main amd64 Packages [2992 B]
job-core	Install GH CLI	2026-02-24T11:41:27.2203671Z Get:10 http://archive.ubuntu.com/ubuntu noble/restricted amd64 Packages [117 kB]
job-core	Install GH CLI	2026-02-24T11:41:27.2217007Z Get:11 http://archive.ubuntu.com/ubuntu noble/main amd64 Packages [1808 kB]
job-core	Install GH CLI	2026-02-24T11:41:27.2685124Z Get:12 http://archive.ubuntu.com/ubuntu noble/multiverse amd64 Packages [331 kB]
job-core	Install GH CLI	2026-02-24T11:41:27.2702946Z Get:13 http://archive.ubuntu.com/ubuntu noble-updates/multiverse amd64 Packages [38.1 kB]
job-core	Install GH CLI	2026-02-24T11:41:27.2706165Z Get:14 http://archive.ubuntu.com/ubuntu noble-updates/main amd64 Packages [2253 kB]
job-core	Install GH CLI	2026-02-24T11:41:27.2857420Z Get:15 http://archive.ubuntu.com/ubuntu noble-updates/restricted amd64 Packages [3409 kB]
job-core	Install GH CLI	2026-02-24T11:41:27.3078669Z Get:16 http://security.ubuntu.com/ubuntu noble-security/restricted amd64 Packages [3209 kB]
job-core	Install GH CLI	2026-02-24T11:41:27.3237679Z Get:17 http://archive.ubuntu.com/ubuntu noble-updates/universe amd64 Packages [2016 kB]
job-core	Install GH CLI	2026-02-24T11:41:27.3410378Z Get:18 http://archive.ubuntu.com/ubuntu noble-backports/universe amd64 Packages [34.6 kB]
job-core	Install GH CLI	2026-02-24T11:41:27.3415234Z Get:19 http://archive.ubuntu.com/ubuntu noble-backports/main amd64 Packages [49.5 kB]
job-core	Install GH CLI	2026-02-24T11:41:27.6111833Z Get:20 http://security.ubuntu.com/ubuntu noble-security/main amd64 Packages [1861 kB]
job-core	Install GH CLI	2026-02-24T11:41:27.6322906Z Get:21 http://security.ubuntu.com/ubuntu noble-security/multiverse amd64 Packages [34.8 kB]
job-core	Install GH CLI	2026-02-24T11:41:27.6323840Z Get:22 http://security.ubuntu.com/ubuntu noble-security/universe amd64 Packages [1208 kB]
job-core	Install GH CLI	2026-02-24T11:41:28.7751002Z Fetched 36.4 MB in 2s (16.2 MB/s)
job-core	Install GH CLI	2026-02-24T11:41:29.7038305Z Reading package lists...
job-core	Install GH CLI	2026-02-24T11:41:30.6771883Z Reading package lists...
job-core	Install GH CLI	2026-02-24T11:41:30.9099207Z Building dependency tree...
job-core	Install GH CLI	2026-02-24T11:41:30.9099875Z Reading state information...
job-core	Install GH CLI	2026-02-24T11:41:31.2686957Z The following NEW packages will be installed:
job-core	Install GH CLI	2026-02-24T11:41:31.2707225Z   gh
job-core	Install GH CLI	2026-02-24T11:41:31.3503249Z 0 upgraded, 1 newly installed, 0 to remove and 26 not upgraded.
job-core	Install GH CLI	2026-02-24T11:41:31.3503874Z Need to get 13.8 MB of archives.
job-core	Install GH CLI	2026-02-24T11:41:31.3504342Z After this operation, 38.5 MB of additional disk space will be used.
job-core	Install GH CLI	2026-02-24T11:41:31.3505079Z Get:1 https://cli.github.com/packages stable/main amd64 gh amd64 2.87.3 [13.8 MB]
job-core	Install GH CLI	2026-02-24T11:41:31.6749516Z debconf: delaying package configuration, since apt-utils is not installed
job-core	Install GH CLI	2026-02-24T11:41:31.7160200Z Fetched 13.8 MB in 0s (60.7 MB/s)
job-core	Install GH CLI	2026-02-24T11:41:31.7458960Z Selecting previously unselected package gh.
job-core	Install GH CLI	2026-02-24T11:41:31.7498359Z (Reading database ... 
job-core	Install GH CLI	2026-02-24T11:41:31.7498799Z (Reading database ... 5%
job-core	Install GH CLI	2026-02-24T11:41:31.7499110Z (Reading database ... 10%
job-core	Install GH CLI	2026-02-24T11:41:31.7499378Z (Reading database ... 15%
job-core	Install GH CLI	2026-02-24T11:41:31.7499636Z (Reading database ... 20%
job-core	Install GH CLI	2026-02-24T11:41:31.7500014Z (Reading database ... 25%
job-core	Install GH CLI	2026-02-24T11:41:31.7505481Z (Reading database ... 30%
job-core	Install GH CLI	2026-02-24T11:41:31.7506096Z (Reading database ... 35%
job-core	Install GH CLI	2026-02-24T11:41:31.7506484Z (Reading database ... 40%
job-core	Install GH CLI	2026-02-24T11:41:31.7506860Z (Reading database ... 45%
job-core	Install GH CLI	2026-02-24T11:41:31.7507121Z (Reading database ... 50%
job-core	Install GH CLI	2026-02-24T11:41:31.7507375Z (Reading database ... 55%
job-core	Install GH CLI	2026-02-24T11:41:31.7507625Z (Reading database ... 60%
job-core	Install GH CLI	2026-02-24T11:41:31.7507904Z (Reading database ... 65%
job-core	Install GH CLI	2026-02-24T11:41:31.7527840Z (Reading database ... 70%
job-core	Install GH CLI	2026-02-24T11:41:31.7534276Z (Reading database ... 75%
job-core	Install GH CLI	2026-02-24T11:41:31.7548881Z (Reading database ... 80%
job-core	Install GH CLI	2026-02-24T11:41:31.7553586Z (Reading database ... 85%
job-core	Install GH CLI	2026-02-24T11:41:31.7565618Z (Reading database ... 90%
job-core	Install GH CLI	2026-02-24T11:41:31.7587064Z (Reading database ... 95%
job-core	Install GH CLI	2026-02-24T11:41:31.7587545Z (Reading database ... 100%
job-core	Install GH CLI	2026-02-24T11:41:31.7587985Z (Reading database ... 14385 files and directories currently installed.)
job-core	Install GH CLI	2026-02-24T11:41:31.7593977Z Preparing to unpack .../archives/gh_2.87.3_amd64.deb ...
job-core	Install GH CLI	2026-02-24T11:41:31.7626690Z Unpacking gh (2.87.3) ...
job-core	Install GH CLI	2026-02-24T11:41:31.9928419Z Setting up gh (2.87.3) ...
job-core	Set up Python	Ôªø2026-02-24T11:41:32.0566835Z ##[group]Run actions/setup-python@v4
job-core	Set up Python	2026-02-24T11:41:32.0567228Z with:
job-core	Set up Python	2026-02-24T11:41:32.0567475Z   python-version: 3.9
job-core	Set up Python	2026-02-24T11:41:32.0567758Z   check-latest: false
job-core	Set up Python	2026-02-24T11:41:32.0568197Z   token: ***
job-core	Set up Python	2026-02-24T11:41:32.0568462Z   update-environment: true
job-core	Set up Python	2026-02-24T11:41:32.0568773Z   allow-prereleases: false
job-core	Set up Python	2026-02-24T11:41:32.0569055Z env:
job-core	Set up Python	2026-02-24T11:41:32.0569276Z   PYTHON_VERSION: 3.9
job-core	Set up Python	2026-02-24T11:41:32.0580335Z   MONGO_SUPERUSER_CONNECTION: ***
job-core	Set up Python	2026-02-24T11:41:32.0580841Z   MONGO_NEW_PASS: ***
job-core	Set up Python	2026-02-24T11:41:32.0581238Z   MONGO_SCRIPT_CREATE: devops/core/mongo/scripts/add-doc-to-db.py
job-core	Set up Python	2026-02-24T11:41:32.0581847Z   KAOS_CODE: 22349254694
job-core	Set up Python	2026-02-24T11:41:32.0582179Z   KAOS_MODULE: [Ka0s] Autom add docs to MongoDB
job-core	Set up Python	2026-02-24T11:41:32.0582553Z   REPORT_SCAN: audit/
job-core	Set up Python	2026-02-24T11:41:32.0582838Z   REPORT_PATH: audit/mongodb/
job-core	Set up Python	2026-02-24T11:41:32.0583190Z   REPORT_FILENAME: mongo_setup_22349254694.json
job-core	Set up Python	2026-02-24T11:41:32.0583997Z   REPORT_FILENAME_LIST: mongo_list_22349254694.json
job-core	Set up Python	2026-02-24T11:41:32.0584492Z   REPORT_FILENAME_DB: mongo_create_db_22349254694.json
job-core	Set up Python	2026-02-24T11:41:32.0584882Z   GITHUB_OUTPUT: 
job-core	Set up Python	2026-02-24T11:41:32.0585137Z ##[endgroup]
job-core	Set up Python	2026-02-24T11:41:32.2576888Z ##[group]Installed versions
job-core	Set up Python	2026-02-24T11:41:32.2588913Z Version 3.9 was not found in the local cache
job-core	Set up Python	2026-02-24T11:41:33.2169072Z Version 3.9 is available for downloading
job-core	Set up Python	2026-02-24T11:41:33.2169806Z Download from "https://github.com/actions/python-versions/releases/download/3.9.25-19039189640/python-3.9.25-linux-24.04-x64.tar.gz"
job-core	Set up Python	2026-02-24T11:41:35.7793721Z Extract downloaded archive
job-core	Set up Python	2026-02-24T11:41:35.7922919Z [command]/usr/bin/tar xz --warning=no-unknown-keyword -C /home/runner/_work/_temp/461b52b7-ee62-4945-89ff-2986002ef265 -f /home/runner/_work/_temp/7ded6db3-b844-43eb-9040-80540cb096b0
job-core	Set up Python	2026-02-24T11:41:37.3375665Z Execute installation script
job-core	Set up Python	2026-02-24T11:41:37.3480913Z Check if Python hostedtoolcache folder exist...
job-core	Set up Python	2026-02-24T11:41:37.3481983Z Creating Python hostedtoolcache folder...
job-core	Set up Python	2026-02-24T11:41:37.3494731Z Create Python 3.9.25 folder
job-core	Set up Python	2026-02-24T11:41:37.3510184Z Copy Python binaries to hostedtoolcache folder
job-core	Set up Python	2026-02-24T11:41:38.2902825Z Create additional symlinks (Required for the UsePythonVersion Azure Pipelines task and the setup-python GitHub Action)
job-core	Set up Python	2026-02-24T11:41:38.2950182Z Upgrading pip...
job-core	Set up Python	2026-02-24T11:41:40.2897249Z Looking in links: /tmp/tmpl9eykd16
job-core	Set up Python	2026-02-24T11:41:40.2902103Z Requirement already satisfied: setuptools in /home/runner/_work/_tool/Python/3.9.25/x64/lib/python3.9/site-packages (79.0.1)
job-core	Set up Python	2026-02-24T11:41:40.2906561Z Requirement already satisfied: pip in /home/runner/_work/_tool/Python/3.9.25/x64/lib/python3.9/site-packages (23.0.1)
job-core	Set up Python	2026-02-24T11:41:41.5833409Z Collecting pip
job-core	Set up Python	2026-02-24T11:41:41.6435760Z Downloading pip-26.0.1-py3-none-any.whl (1.8 MB)
job-core	Set up Python	2026-02-24T11:41:41.7026954Z ‚îÅ‚îÅ‚îÅ‚îÅ‚îÅ‚îÅ‚îÅ‚îÅ‚îÅ‚îÅ‚îÅ‚îÅ‚îÅ‚îÅ‚îÅ‚îÅ‚îÅ‚îÅ‚îÅ‚îÅ‚îÅ‚îÅ‚îÅ‚îÅ‚îÅ‚îÅ‚îÅ‚îÅ‚îÅ‚îÅ‚îÅ‚îÅ‚îÅ‚îÅ‚îÅ‚îÅ‚îÅ‚îÅ‚îÅ‚îÅ 1.8/1.8 MB 32.4 MB/s eta 0:00:00
job-core	Set up Python	2026-02-24T11:41:41.7028207Z 
job-core	Set up Python	2026-02-24T11:41:41.7695147Z Installing collected packages: pip
job-core	Set up Python	2026-02-24T11:41:41.7695744Z Attempting uninstall: pip
job-core	Set up Python	2026-02-24T11:41:41.7704952Z Found existing installation: pip 23.0.1
job-core	Set up Python	2026-02-24T11:41:42.0787407Z Uninstalling pip-23.0.1:
job-core	Set up Python	2026-02-24T11:41:42.0889338Z Successfully uninstalled pip-23.0.1
job-core	Set up Python	2026-02-24T11:41:42.9734399Z Successfully installed pip-26.0.1
job-core	Set up Python	2026-02-24T11:41:43.0559747Z Create complete file
job-core	Set up Python	2026-02-24T11:41:43.0606046Z Successfully set up CPython (3.9.25)
job-core	Set up Python	2026-02-24T11:41:43.0607338Z ##[endgroup]
job-core	Install dependencies	Ôªø2026-02-24T11:41:43.0792208Z ##[group]Run pip install pymongo
job-core	Install dependencies	2026-02-24T11:41:43.0792569Z [36;1mpip install pymongo[0m
job-core	Install dependencies	2026-02-24T11:41:43.0808617Z shell: /usr/bin/bash -e {0}
job-core	Install dependencies	2026-02-24T11:41:43.0808889Z env:
job-core	Install dependencies	2026-02-24T11:41:43.0809084Z   PYTHON_VERSION: 3.9
job-core	Install dependencies	2026-02-24T11:41:43.0809886Z   MONGO_SUPERUSER_CONNECTION: ***
job-core	Install dependencies	2026-02-24T11:41:43.0810278Z   MONGO_NEW_PASS: ***
job-core	Install dependencies	2026-02-24T11:41:43.0810599Z   MONGO_SCRIPT_CREATE: devops/core/mongo/scripts/add-doc-to-db.py
job-core	Install dependencies	2026-02-24T11:41:43.0810982Z   KAOS_CODE: 22349254694
job-core	Install dependencies	2026-02-24T11:41:43.0811246Z   KAOS_MODULE: [Ka0s] Autom add docs to MongoDB
job-core	Install dependencies	2026-02-24T11:41:43.0811548Z   REPORT_SCAN: audit/
job-core	Install dependencies	2026-02-24T11:41:43.0811926Z   REPORT_PATH: audit/mongodb/
job-core	Install dependencies	2026-02-24T11:41:43.0812216Z   REPORT_FILENAME: mongo_setup_22349254694.json
job-core	Install dependencies	2026-02-24T11:41:43.0812556Z   REPORT_FILENAME_LIST: mongo_list_22349254694.json
job-core	Install dependencies	2026-02-24T11:41:43.0812914Z   REPORT_FILENAME_DB: mongo_create_db_22349254694.json
job-core	Install dependencies	2026-02-24T11:41:43.0813226Z   GITHUB_OUTPUT: 
job-core	Install dependencies	2026-02-24T11:41:43.0813518Z   pythonLocation: /home/runner/_work/_tool/Python/3.9.25/x64
job-core	Install dependencies	2026-02-24T11:41:43.0814042Z   PKG_CONFIG_PATH: /home/runner/_work/_tool/Python/3.9.25/x64/lib/pkgconfig
job-core	Install dependencies	2026-02-24T11:41:43.0814511Z   Python_ROOT_DIR: /home/runner/_work/_tool/Python/3.9.25/x64
job-core	Install dependencies	2026-02-24T11:41:43.0814933Z   Python2_ROOT_DIR: /home/runner/_work/_tool/Python/3.9.25/x64
job-core	Install dependencies	2026-02-24T11:41:43.0815358Z   Python3_ROOT_DIR: /home/runner/_work/_tool/Python/3.9.25/x64
job-core	Install dependencies	2026-02-24T11:41:43.0815785Z   LD_LIBRARY_PATH: /home/runner/_work/_tool/Python/3.9.25/x64/lib
job-core	Install dependencies	2026-02-24T11:41:43.0816467Z ##[endgroup]
job-core	Install dependencies	2026-02-24T11:41:43.9519996Z Collecting pymongo
job-core	Install dependencies	2026-02-24T11:41:44.0057861Z   Downloading pymongo-4.16.0-cp39-cp39-manylinux2014_x86_64.manylinux_2_17_x86_64.manylinux_2_28_x86_64.whl.metadata (10.0 kB)
job-core	Install dependencies	2026-02-24T11:41:44.0350399Z Collecting dnspython<3.0.0,>=2.6.1 (from pymongo)
job-core	Install dependencies	2026-02-24T11:41:44.0406233Z   Downloading dnspython-2.7.0-py3-none-any.whl.metadata (5.8 kB)
job-core	Install dependencies	2026-02-24T11:41:44.0564668Z Downloading pymongo-4.16.0-cp39-cp39-manylinux2014_x86_64.manylinux_2_17_x86_64.manylinux_2_28_x86_64.whl (947 kB)
job-core	Install dependencies	2026-02-24T11:41:44.1235014Z    ‚îÅ‚îÅ‚îÅ‚îÅ‚îÅ‚îÅ‚îÅ‚îÅ‚îÅ‚îÅ‚îÅ‚îÅ‚îÅ‚îÅ‚îÅ‚îÅ‚îÅ‚îÅ‚îÅ‚îÅ‚îÅ‚îÅ‚îÅ‚îÅ‚îÅ‚îÅ‚îÅ‚îÅ‚îÅ‚îÅ‚îÅ‚îÅ‚îÅ‚îÅ‚îÅ‚îÅ‚îÅ‚îÅ‚îÅ‚îÅ 947.2/947.2 kB 18.4 MB/s  0:00:00
job-core	Install dependencies	2026-02-24T11:41:44.1391126Z Downloading dnspython-2.7.0-py3-none-any.whl (313 kB)
job-core	Install dependencies	2026-02-24T11:41:44.2076713Z Installing collected packages: dnspython, pymongo
job-core	Install dependencies	2026-02-24T11:41:44.7617329Z 
job-core	Install dependencies	2026-02-24T11:41:44.7666258Z Successfully installed dnspython-2.7.0 pymongo-4.16.0
job-core	Create database MongoDB	Ôªø2026-02-24T11:41:44.9843008Z ##[group]Run python devops/core/mongo/scripts/add-doc-to-db.py
job-core	Create database MongoDB	2026-02-24T11:41:44.9843566Z [36;1mpython devops/core/mongo/scripts/add-doc-to-db.py[0m
job-core	Create database MongoDB	2026-02-24T11:41:44.9844023Z [36;1mecho "Downloading files to MongoDB update repository ..."[0m
job-core	Create database MongoDB	2026-02-24T11:41:44.9844530Z [36;1mgit config --global user.name "***"[0m
job-core	Create database MongoDB	2026-02-24T11:41:44.9844898Z [36;1mgit config --global user.email "***"[0m
job-core	Create database MongoDB	2026-02-24T11:41:44.9845194Z [36;1mgit pull[0m
job-core	Create database MongoDB	2026-02-24T11:41:44.9845514Z [36;1mecho "[Ka0s] Uploading files to MongoDB update repository ..."[0m
job-core	Create database MongoDB	2026-02-24T11:41:44.9845906Z [36;1mgit add audit/[0m
job-core	Create database MongoDB	2026-02-24T11:41:44.9846344Z [36;1mgit commit -m "[Ka0S] Uploading Autom add docs to MongoDB..." || echo "No changes to commit"[0m
job-core	Create database MongoDB	2026-02-24T11:41:44.9846835Z [36;1mMAX_RETRIES=3[0m
job-core	Create database MongoDB	2026-02-24T11:41:44.9847066Z [36;1mCOUNT=0[0m
job-core	Create database MongoDB	2026-02-24T11:41:44.9847382Z [36;1muntil git push origin refs/heads/main --force-with-lease; do[0m
job-core	Create database MongoDB	2026-02-24T11:41:44.9847765Z [36;1m  COUNT=$((COUNT+1))[0m
job-core	Create database MongoDB	2026-02-24T11:41:44.9848110Z [36;1m  if [ $COUNT -ge $MAX_RETRIES ]; then[0m
job-core	Create database MongoDB	2026-02-24T11:41:44.9848515Z [36;1m    echo "‚ùå Error: git push failed after $MAX_RETRIES attempts."[0m
job-core	Create database MongoDB	2026-02-24T11:41:44.9848898Z [36;1m    exit 1[0m
job-core	Create database MongoDB	2026-02-24T11:41:44.9849108Z [36;1m  fi[0m
job-core	Create database MongoDB	2026-02-24T11:41:44.9849403Z [36;1m  echo "‚ö†Ô∏è git push failed, retrying ($COUNT/$MAX_RETRIES)..."[0m
job-core	Create database MongoDB	2026-02-24T11:41:44.9849891Z [36;1m  git pull[0m
job-core	Create database MongoDB	2026-02-24T11:41:44.9850100Z [36;1m  sleep 2[0m
job-core	Create database MongoDB	2026-02-24T11:41:44.9850450Z [36;1mdone[0m
job-core	Create database MongoDB	2026-02-24T11:41:44.9864292Z shell: /usr/bin/bash -e {0}
job-core	Create database MongoDB	2026-02-24T11:41:44.9864569Z env:
job-core	Create database MongoDB	2026-02-24T11:41:44.9864771Z   PYTHON_VERSION: 3.9
job-core	Create database MongoDB	2026-02-24T11:41:44.9865563Z   MONGO_SUPERUSER_CONNECTION: ***
job-core	Create database MongoDB	2026-02-24T11:41:44.9865960Z   MONGO_NEW_PASS: ***
job-core	Create database MongoDB	2026-02-24T11:41:44.9866280Z   MONGO_SCRIPT_CREATE: devops/core/mongo/scripts/add-doc-to-db.py
job-core	Create database MongoDB	2026-02-24T11:41:44.9866653Z   KAOS_CODE: 22349254694
job-core	Create database MongoDB	2026-02-24T11:41:44.9866918Z   KAOS_MODULE: [Ka0s] Autom add docs to MongoDB
job-core	Create database MongoDB	2026-02-24T11:41:44.9867275Z   REPORT_SCAN: audit/
job-core	Create database MongoDB	2026-02-24T11:41:44.9867526Z   REPORT_PATH: audit/mongodb/
job-core	Create database MongoDB	2026-02-24T11:41:44.9867811Z   REPORT_FILENAME: mongo_setup_22349254694.json
job-core	Create database MongoDB	2026-02-24T11:41:44.9868149Z   REPORT_FILENAME_LIST: mongo_list_22349254694.json
job-core	Create database MongoDB	2026-02-24T11:41:44.9868628Z   REPORT_FILENAME_DB: mongo_create_db_22349254694.json
job-core	Create database MongoDB	2026-02-24T11:41:44.9868928Z   GITHUB_OUTPUT: 
job-core	Create database MongoDB	2026-02-24T11:41:44.9869332Z   pythonLocation: /home/runner/_work/_tool/Python/3.9.25/x64
job-core	Create database MongoDB	2026-02-24T11:41:44.9869778Z   PKG_CONFIG_PATH: /home/runner/_work/_tool/Python/3.9.25/x64/lib/pkgconfig
job-core	Create database MongoDB	2026-02-24T11:41:44.9870338Z   Python_ROOT_DIR: /home/runner/_work/_tool/Python/3.9.25/x64
job-core	Create database MongoDB	2026-02-24T11:41:44.9870727Z   Python2_ROOT_DIR: /home/runner/_work/_tool/Python/3.9.25/x64
job-core	Create database MongoDB	2026-02-24T11:41:44.9871116Z   Python3_ROOT_DIR: /home/runner/_work/_tool/Python/3.9.25/x64
job-core	Create database MongoDB	2026-02-24T11:41:44.9871511Z   LD_LIBRARY_PATH: /home/runner/_work/_tool/Python/3.9.25/x64/lib
job-core	Create database MongoDB	2026-02-24T11:41:44.9872428Z ##[endgroup]
job-core	Create database MongoDB	2026-02-24T11:41:45.3478061Z [DEBUG] Procesamos el directorio: audit/
job-core	Create database MongoDB	2026-02-24T11:41:45.3479068Z [DEBUG] Procesamos el directorio: audit/
job-core	Create database MongoDB	2026-02-24T11:41:45.3479394Z [DEBUG] Comprobamos el nombre DB: kaos
job-core	Create database MongoDB	2026-02-24T11:41:45.3479695Z [DEBUG] Extensiones procesadas: {'md'}
job-core	Create database MongoDB	2026-02-24T11:41:45.3480017Z [DEBUG] Tipo de ext: <class 'str'>, Valor: md
job-core	Create database MongoDB	2026-02-24T11:41:45.3480591Z [DEBUG] Creando colecci√≥n: col_md
job-core	Create database MongoDB	2026-02-24T11:41:45.3480892Z [DEBUG] Procesamos el directorio: audit/
job-core	Create database MongoDB	2026-02-24T11:41:45.3481205Z [DEBUG] Comprobamos el nombre DB: workflows
job-core	Create database MongoDB	2026-02-24T11:41:45.3481520Z [DEBUG] Extensiones procesadas: {'md'}
job-core	Create database MongoDB	2026-02-24T11:41:45.3482075Z [DEBUG] Tipo de ext: <class 'str'>, Valor: md
job-core	Create database MongoDB	2026-02-24T11:41:45.3482576Z [DEBUG] Creando colecci√≥n: col_md
job-core	Create database MongoDB	2026-02-24T11:41:45.3482860Z [DEBUG] Procesamos el directorio: audit/
job-core	Create database MongoDB	2026-02-24T11:41:45.3483163Z [DEBUG] Comprobamos el nombre DB: inspector
job-core	Create database MongoDB	2026-02-24T11:41:45.3483505Z [DEBUG] Extensiones procesadas: {'log', 'md', 'json'}
job-core	Create database MongoDB	2026-02-24T11:41:45.3483854Z [DEBUG] Tipo de ext: <class 'str'>, Valor: log
job-core	Create database MongoDB	2026-02-24T11:41:45.3484627Z [DEBUG] Creando colecci√≥n: col_log
job-core	Create database MongoDB	2026-02-24T11:41:45.3484920Z [DEBUG] Tipo de ext: <class 'str'>, Valor: md
job-core	Create database MongoDB	2026-02-24T11:41:45.3485256Z [DEBUG] Creando colecci√≥n: col_md
job-core	Create database MongoDB	2026-02-24T11:41:45.3485548Z [DEBUG] Tipo de ext: <class 'str'>, Valor: json
job-core	Create database MongoDB	2026-02-24T11:41:45.3485900Z [DEBUG] Creando colecci√≥n: col_json
job-core	Create database MongoDB	2026-02-24T11:41:45.3486188Z [DEBUG] Procesamos el directorio: audit/
job-core	Create database MongoDB	2026-02-24T11:41:45.3486493Z [DEBUG] Comprobamos el nombre DB: execution
job-core	Create database MongoDB	2026-02-24T11:41:45.3486794Z [DEBUG] Extensiones procesadas: {'md'}
job-core	Create database MongoDB	2026-02-24T11:41:45.3487093Z [DEBUG] Tipo de ext: <class 'str'>, Valor: md
job-core	Create database MongoDB	2026-02-24T11:41:45.3487430Z [DEBUG] Creando colecci√≥n: col_md
job-core	Create database MongoDB	2026-02-24T11:41:45.3487711Z [DEBUG] Procesamos el directorio: audit/
job-core	Create database MongoDB	2026-02-24T11:41:45.3488006Z [DEBUG] Comprobamos el nombre DB: trash
job-core	Create database MongoDB	2026-02-24T11:41:45.3488298Z [DEBUG] Extensiones procesadas: {'md'}
job-core	Create database MongoDB	2026-02-24T11:41:45.3488595Z [DEBUG] Tipo de ext: <class 'str'>, Valor: md
job-core	Create database MongoDB	2026-02-24T11:41:45.3488937Z [DEBUG] Creando colecci√≥n: col_md
job-core	Create database MongoDB	2026-02-24T11:41:45.3489226Z [DEBUG] Procesamos el directorio: audit/
job-core	Create database MongoDB	2026-02-24T11:41:45.3489528Z [DEBUG] Comprobamos el nombre DB: eresults
job-core	Create database MongoDB	2026-02-24T11:41:45.3489825Z [DEBUG] Extensiones procesadas: {'md'}
job-core	Create database MongoDB	2026-02-24T11:41:45.3490123Z [DEBUG] Tipo de ext: <class 'str'>, Valor: md
job-core	Create database MongoDB	2026-02-24T11:41:45.3490464Z [DEBUG] Creando colecci√≥n: col_md
job-core	Create database MongoDB	2026-02-24T11:41:45.3490746Z [DEBUG] Procesamos el directorio: audit/
job-core	Create database MongoDB	2026-02-24T11:41:45.3491042Z [DEBUG] Comprobamos el nombre DB: scan
job-core	Create database MongoDB	2026-02-24T11:41:45.3491323Z [DEBUG] Extensiones procesadas: {'md'}
job-core	Create database MongoDB	2026-02-24T11:41:45.3491680Z [DEBUG] Tipo de ext: <class 'str'>, Valor: md
job-core	Create database MongoDB	2026-02-24T11:41:45.3492421Z [DEBUG] Creando colecci√≥n: col_md
job-core	Create database MongoDB	2026-02-24T11:41:45.3492693Z [DEBUG] Procesamos el directorio: audit/
job-core	Create database MongoDB	2026-02-24T11:41:45.3492984Z [DEBUG] Comprobamos el nombre DB: deploy
job-core	Create database MongoDB	2026-02-24T11:41:45.3493271Z [DEBUG] Extensiones procesadas: {'md'}
job-core	Create database MongoDB	2026-02-24T11:41:45.3493559Z [DEBUG] Tipo de ext: <class 'str'>, Valor: md
job-core	Create database MongoDB	2026-02-24T11:41:45.3493886Z [DEBUG] Creando colecci√≥n: col_md
job-core	Create database MongoDB	2026-02-24T11:41:45.3494176Z [DEBUG] Procesamos el directorio: audit/
job-core	Create database MongoDB	2026-02-24T11:41:45.3494464Z [DEBUG] Comprobamos el nombre DB: kube
job-core	Create database MongoDB	2026-02-24T11:41:45.3494783Z [DEBUG] Extensiones procesadas: {'html', 'md', 'json'}
job-core	Create database MongoDB	2026-02-24T11:41:45.3495128Z [DEBUG] Tipo de ext: <class 'str'>, Valor: html
job-core	Create database MongoDB	2026-02-24T11:41:45.3495478Z [DEBUG] Creando colecci√≥n: col_html
job-core	Create database MongoDB	2026-02-24T11:41:45.3495763Z [DEBUG] Tipo de ext: <class 'str'>, Valor: md
job-core	Create database MongoDB	2026-02-24T11:41:45.3496090Z [DEBUG] Creando colecci√≥n: col_md
job-core	Create database MongoDB	2026-02-24T11:41:45.3496377Z [DEBUG] Tipo de ext: <class 'str'>, Valor: json
job-core	Create database MongoDB	2026-02-24T11:41:45.3496723Z [DEBUG] Creando colecci√≥n: col_json
job-core	Create database MongoDB	2026-02-24T11:41:45.3497001Z [DEBUG] Procesamos el directorio: audit/
job-core	Create database MongoDB	2026-02-24T11:41:45.3497289Z [DEBUG] Comprobamos el nombre DB: sync
job-core	Create database MongoDB	2026-02-24T11:41:45.3497584Z [DEBUG] Extensiones procesadas: {'md', 'json'}
job-core	Create database MongoDB	2026-02-24T11:41:45.3497892Z [DEBUG] Tipo de ext: <class 'str'>, Valor: md
job-core	Create database MongoDB	2026-02-24T11:41:45.3498219Z [DEBUG] Creando colecci√≥n: col_md
job-core	Create database MongoDB	2026-02-24T11:41:45.3498719Z [DEBUG] Tipo de ext: <class 'str'>, Valor: json
job-core	Create database MongoDB	2026-02-24T11:41:45.3499070Z [DEBUG] Creando colecci√≥n: col_json
job-core	Create database MongoDB	2026-02-24T11:41:45.3499350Z [DEBUG] Procesamos el directorio: audit/
job-core	Create database MongoDB	2026-02-24T11:41:45.3499640Z [DEBUG] Comprobamos el nombre DB: issues
job-core	Create database MongoDB	2026-02-24T11:41:45.3499926Z [DEBUG] Extensiones procesadas: {'md'}
job-core	Create database MongoDB	2026-02-24T11:41:45.3500211Z [DEBUG] Tipo de ext: <class 'str'>, Valor: md
job-core	Create database MongoDB	2026-02-24T11:41:45.3500542Z [DEBUG] Creando colecci√≥n: col_md
job-core	Create database MongoDB	2026-02-24T11:41:45.3500815Z [DEBUG] Procesamos el directorio: audit/
job-core	Create database MongoDB	2026-02-24T11:41:45.3501107Z [DEBUG] Comprobamos el nombre DB: jsonlint
job-core	Create database MongoDB	2026-02-24T11:41:45.3501399Z [DEBUG] Extensiones procesadas: {'md'}
job-core	Create database MongoDB	2026-02-24T11:41:45.3503713Z [DEBUG] Tipo de ext: <class 'str'>, Valor: md
job-core	Create database MongoDB	2026-02-24T11:41:45.3504062Z [DEBUG] Creando colecci√≥n: col_md
job-core	Create database MongoDB	2026-02-24T11:41:45.3504330Z [DEBUG] Procesamos el directorio: audit/
job-core	Create database MongoDB	2026-02-24T11:41:45.3504624Z [DEBUG] Comprobamos el nombre DB: yamllint
job-core	Create database MongoDB	2026-02-24T11:41:45.3504917Z [DEBUG] Extensiones procesadas: {'md'}
job-core	Create database MongoDB	2026-02-24T11:41:45.3505437Z [DEBUG] Tipo de ext: <class 'str'>, Valor: md
job-core	Create database MongoDB	2026-02-24T11:41:45.3505783Z [DEBUG] Creando colecci√≥n: col_md
job-core	Create database MongoDB	2026-02-24T11:41:45.3506058Z [DEBUG] Procesamos el directorio: audit/
job-core	Create database MongoDB	2026-02-24T11:41:45.3506341Z [DEBUG] Comprobamos el nombre DB: itop
job-core	Create database MongoDB	2026-02-24T11:41:45.3506616Z [DEBUG] Extensiones procesadas: {'md'}
job-core	Create database MongoDB	2026-02-24T11:41:45.3506904Z [DEBUG] Tipo de ext: <class 'str'>, Valor: md
job-core	Create database MongoDB	2026-02-24T11:41:45.3507237Z [DEBUG] Creando colecci√≥n: col_md
job-core	Create database MongoDB	2026-02-24T11:41:45.3507509Z [DEBUG] Procesamos el directorio: audit/
job-core	Create database MongoDB	2026-02-24T11:41:45.3507799Z [DEBUG] Comprobamos el nombre DB: mongodb
job-core	Create database MongoDB	2026-02-24T11:41:45.3508102Z [DEBUG] Extensiones procesadas: {'md', 'json'}
job-core	Create database MongoDB	2026-02-24T11:41:45.3508411Z [DEBUG] Tipo de ext: <class 'str'>, Valor: md
job-core	Create database MongoDB	2026-02-24T11:41:45.3508740Z [DEBUG] Creando colecci√≥n: col_md
job-core	Create database MongoDB	2026-02-24T11:41:45.3509025Z [DEBUG] Tipo de ext: <class 'str'>, Valor: json
job-core	Create database MongoDB	2026-02-24T11:41:45.3509367Z [DEBUG] Creando colecci√≥n: col_json
job-core	Create database MongoDB	2026-02-24T11:41:45.3509656Z [DEBUG] Procesamos el directorio: audit/
job-core	Create database MongoDB	2026-02-24T11:41:45.3509952Z [DEBUG] Comprobamos el nombre DB: hosts
job-core	Create database MongoDB	2026-02-24T11:41:45.3510236Z [DEBUG] Extensiones procesadas: {'md'}
job-core	Create database MongoDB	2026-02-24T11:41:45.3510530Z [DEBUG] Tipo de ext: <class 'str'>, Valor: md
job-core	Create database MongoDB	2026-02-24T11:41:45.3510860Z [DEBUG] Creando colecci√≥n: col_md
job-core	Create database MongoDB	2026-02-24T11:41:45.3511134Z [DEBUG] Procesamos el directorio: audit/
job-core	Create database MongoDB	2026-02-24T11:41:45.3511421Z [DEBUG] Comprobamos el nombre DB: mdlint
job-core	Create database MongoDB	2026-02-24T11:41:45.3512102Z [DEBUG] Extensiones procesadas: {'md'}
job-core	Create database MongoDB	2026-02-24T11:41:45.3512691Z [DEBUG] Tipo de ext: <class 'str'>, Valor: md
job-core	Create database MongoDB	2026-02-24T11:41:45.3513155Z [DEBUG] Creando colecci√≥n: col_md
job-core	Create database MongoDB	2026-02-24T11:41:45.3513418Z [DEBUG] Archivos eliminados en: audit/
job-core	Create database MongoDB	2026-02-24T11:41:45.3513781Z ‚úÖ Proceso completado: 22 documentos insertados
job-core	Create database MongoDB	2026-02-24T11:41:45.6900159Z Downloading files to MongoDB update repository ...
job-core	Create database MongoDB	2026-02-24T11:41:46.2918337Z Already up to date.
job-core	Create database MongoDB	2026-02-24T11:41:46.2930915Z [Ka0s] Uploading files to MongoDB update repository ...
job-core	Create database MongoDB	2026-02-24T11:41:46.5377089Z [main b6f02df34] [Ka0S] Uploading Autom add docs to MongoDB...
job-core	Create database MongoDB	2026-02-24T11:41:46.5377689Z  77 files changed, 53940 deletions(-)
job-core	Create database MongoDB	2026-02-24T11:41:46.5387885Z  delete mode 100644 audit/inspector/22347603525.json
job-core	Create database MongoDB	2026-02-24T11:41:46.5388390Z  delete mode 100644 audit/inspector/22347603525.log
job-core	Create database MongoDB	2026-02-24T11:41:46.5388759Z  delete mode 100644 audit/inspector/22347894672.json
job-core	Create database MongoDB	2026-02-24T11:41:46.5389238Z  delete mode 100644 audit/inspector/22347894672.log
job-core	Create database MongoDB	2026-02-24T11:41:46.5389579Z  delete mode 100644 audit/inspector/22348479436.json
job-core	Create database MongoDB	2026-02-24T11:41:46.5389920Z  delete mode 100644 audit/inspector/22348479436.log
job-core	Create database MongoDB	2026-02-24T11:41:46.5390270Z  delete mode 100644 audit/inspector/22348986681.json
job-core	Create database MongoDB	2026-02-24T11:41:46.5390607Z  delete mode 100644 audit/inspector/22348986681.log
job-core	Create database MongoDB	2026-02-24T11:41:46.5390949Z  delete mode 100644 audit/inspector/22348989021.json
job-core	Create database MongoDB	2026-02-24T11:41:46.5391285Z  delete mode 100644 audit/inspector/22348989021.log
job-core	Create database MongoDB	2026-02-24T11:41:46.5391893Z  delete mode 100644 audit/inspector/22349030667.json
job-core	Create database MongoDB	2026-02-24T11:41:46.5392998Z  delete mode 100644 audit/inspector/22349030667.log
job-core	Create database MongoDB	2026-02-24T11:41:46.5393333Z  delete mode 100644 audit/inspector/22349128069.json
job-core	Create database MongoDB	2026-02-24T11:41:46.5393665Z  delete mode 100644 audit/inspector/22349128069.log
job-core	Create database MongoDB	2026-02-24T11:41:46.5394058Z  delete mode 100755 audit/kube/cluster-dashboard-20260223-232551.html
job-core	Create database MongoDB	2026-02-24T11:41:46.5394534Z  delete mode 100755 audit/kube/cluster-dashboard-20260223-232857.html
job-core	Create database MongoDB	2026-02-24T11:41:46.5395003Z  delete mode 100755 audit/kube/cluster-dashboard-20260224-010725.html
job-core	Create database MongoDB	2026-02-24T11:41:46.5395469Z  delete mode 100755 audit/kube/cluster-dashboard-20260224-010930.html
job-core	Create database MongoDB	2026-02-24T11:41:46.5395931Z  delete mode 100755 audit/kube/cluster-dashboard-20260224-040809.html
job-core	Create database MongoDB	2026-02-24T11:41:46.5396397Z  delete mode 100755 audit/kube/cluster-dashboard-20260224-040940.html
job-core	Create database MongoDB	2026-02-24T11:41:46.5396865Z  delete mode 100755 audit/kube/cluster-dashboard-20260224-055213.html
job-core	Create database MongoDB	2026-02-24T11:41:46.5397328Z  delete mode 100755 audit/kube/cluster-dashboard-20260224-055341.html
job-core	Create database MongoDB	2026-02-24T11:41:46.5398008Z  delete mode 100755 audit/kube/cluster-dashboard-20260224-064558.html
job-core	Create database MongoDB	2026-02-24T11:41:46.5398473Z  delete mode 100755 audit/kube/cluster-dashboard-20260224-064814.html
job-core	Create database MongoDB	2026-02-24T11:41:46.5398936Z  delete mode 100755 audit/kube/cluster-dashboard-20260224-074254.html
job-core	Create database MongoDB	2026-02-24T11:41:46.5399396Z  delete mode 100755 audit/kube/cluster-dashboard-20260224-074440.html
job-core	Create database MongoDB	2026-02-24T11:41:46.5399857Z  delete mode 100755 audit/kube/cluster-dashboard-20260224-083403.html
job-core	Create database MongoDB	2026-02-24T11:41:46.5400324Z  delete mode 100755 audit/kube/cluster-dashboard-20260224-083537.html
job-core	Create database MongoDB	2026-02-24T11:41:46.5400786Z  delete mode 100755 audit/kube/cluster-dashboard-20260224-094037.html
job-core	Create database MongoDB	2026-02-24T11:41:46.5401247Z  delete mode 100755 audit/kube/cluster-dashboard-20260224-094219.html
job-core	Create database MongoDB	2026-02-24T11:41:46.5401985Z  delete mode 100755 audit/kube/cluster-dashboard-20260224-103747.html
job-core	Create database MongoDB	2026-02-24T11:41:46.5402713Z  delete mode 100755 audit/kube/cluster-dashboard-20260224-103931.html
job-core	Create database MongoDB	2026-02-24T11:41:46.5403183Z  delete mode 100755 audit/kube/cluster-dashboard-20260224-113237.html
job-core	Create database MongoDB	2026-02-24T11:41:46.5403643Z  delete mode 100755 audit/kube/cluster-dashboard-20260224-113400.html
job-core	Create database MongoDB	2026-02-24T11:41:46.5404098Z  delete mode 100755 audit/kube/cluster-report-20260223-232551.json
job-core	Create database MongoDB	2026-02-24T11:41:46.5404539Z  delete mode 100755 audit/kube/cluster-report-20260223-232551.md
job-core	Create database MongoDB	2026-02-24T11:41:46.5404979Z  delete mode 100755 audit/kube/cluster-report-20260223-232857.json
job-core	Create database MongoDB	2026-02-24T11:41:46.5405414Z  delete mode 100755 audit/kube/cluster-report-20260223-232857.md
job-core	Create database MongoDB	2026-02-24T11:41:46.5405844Z  delete mode 100755 audit/kube/cluster-report-20260224-010725.json
job-core	Create database MongoDB	2026-02-24T11:41:46.5406277Z  delete mode 100755 audit/kube/cluster-report-20260224-010725.md
job-core	Create database MongoDB	2026-02-24T11:41:46.5406709Z  delete mode 100755 audit/kube/cluster-report-20260224-010930.json
job-core	Create database MongoDB	2026-02-24T11:41:46.5407147Z  delete mode 100755 audit/kube/cluster-report-20260224-010930.md
job-core	Create database MongoDB	2026-02-24T11:41:46.5407579Z  delete mode 100755 audit/kube/cluster-report-20260224-040809.json
job-core	Create database MongoDB	2026-02-24T11:41:46.5408020Z  delete mode 100755 audit/kube/cluster-report-20260224-040809.md
job-core	Create database MongoDB	2026-02-24T11:41:46.5408448Z  delete mode 100755 audit/kube/cluster-report-20260224-040940.json
job-core	Create database MongoDB	2026-02-24T11:41:46.5408877Z  delete mode 100755 audit/kube/cluster-report-20260224-040940.md
job-core	Create database MongoDB	2026-02-24T11:41:46.5409307Z  delete mode 100755 audit/kube/cluster-report-20260224-055213.json
job-core	Create database MongoDB	2026-02-24T11:41:46.5409740Z  delete mode 100755 audit/kube/cluster-report-20260224-055213.md
job-core	Create database MongoDB	2026-02-24T11:41:46.5410173Z  delete mode 100755 audit/kube/cluster-report-20260224-055341.json
job-core	Create database MongoDB	2026-02-24T11:41:46.5410605Z  delete mode 100755 audit/kube/cluster-report-20260224-055341.md
job-core	Create database MongoDB	2026-02-24T11:41:46.5411036Z  delete mode 100755 audit/kube/cluster-report-20260224-064558.json
job-core	Create database MongoDB	2026-02-24T11:41:46.5411474Z  delete mode 100755 audit/kube/cluster-report-20260224-064558.md
job-core	Create database MongoDB	2026-02-24T11:41:46.5412183Z  delete mode 100755 audit/kube/cluster-report-20260224-064814.json
job-core	Create database MongoDB	2026-02-24T11:41:46.5413077Z  delete mode 100755 audit/kube/cluster-report-20260224-064814.md
job-core	Create database MongoDB	2026-02-24T11:41:46.5413518Z  delete mode 100755 audit/kube/cluster-report-20260224-074254.json
job-core	Create database MongoDB	2026-02-24T11:41:46.5413954Z  delete mode 100755 audit/kube/cluster-report-20260224-074254.md
job-core	Create database MongoDB	2026-02-24T11:41:46.5414387Z  delete mode 100755 audit/kube/cluster-report-20260224-074440.json
job-core	Create database MongoDB	2026-02-24T11:41:46.5414818Z  delete mode 100755 audit/kube/cluster-report-20260224-074440.md
job-core	Create database MongoDB	2026-02-24T11:41:46.5415249Z  delete mode 100755 audit/kube/cluster-report-20260224-083403.json
job-core	Create database MongoDB	2026-02-24T11:41:46.5415679Z  delete mode 100755 audit/kube/cluster-report-20260224-083403.md
job-core	Create database MongoDB	2026-02-24T11:41:46.5416110Z  delete mode 100755 audit/kube/cluster-report-20260224-083537.json
job-core	Create database MongoDB	2026-02-24T11:41:46.5416539Z  delete mode 100755 audit/kube/cluster-report-20260224-083537.md
job-core	Create database MongoDB	2026-02-24T11:41:46.5416970Z  delete mode 100755 audit/kube/cluster-report-20260224-094037.json
job-core	Create database MongoDB	2026-02-24T11:41:46.5417403Z  delete mode 100755 audit/kube/cluster-report-20260224-094037.md
job-core	Create database MongoDB	2026-02-24T11:41:46.5418025Z  delete mode 100755 audit/kube/cluster-report-20260224-094219.json
job-core	Create database MongoDB	2026-02-24T11:41:46.5418456Z  delete mode 100755 audit/kube/cluster-report-20260224-094219.md
job-core	Create database MongoDB	2026-02-24T11:41:46.5418889Z  delete mode 100755 audit/kube/cluster-report-20260224-103747.json
job-core	Create database MongoDB	2026-02-24T11:41:46.5419321Z  delete mode 100755 audit/kube/cluster-report-20260224-103747.md
job-core	Create database MongoDB	2026-02-24T11:41:46.5419755Z  delete mode 100755 audit/kube/cluster-report-20260224-103931.json
job-core	Create database MongoDB	2026-02-24T11:41:46.5420181Z  delete mode 100755 audit/kube/cluster-report-20260224-103931.md
job-core	Create database MongoDB	2026-02-24T11:41:46.5420613Z  delete mode 100755 audit/kube/cluster-report-20260224-113237.json
job-core	Create database MongoDB	2026-02-24T11:41:46.5421047Z  delete mode 100755 audit/kube/cluster-report-20260224-113237.md
job-core	Create database MongoDB	2026-02-24T11:41:46.5421480Z  delete mode 100755 audit/kube/cluster-report-20260224-113400.json
job-core	Create database MongoDB	2026-02-24T11:41:46.5422192Z  delete mode 100755 audit/kube/cluster-report-20260224-113400.md
job-core	Create database MongoDB	2026-02-24T11:41:46.5422593Z  delete mode 100755 audit/kube/failed_pods.json
job-core	Create database MongoDB	2026-02-24T11:41:46.5423061Z  delete mode 100644 audit/mongodb/22347894672.json
job-core	Create database MongoDB	2026-02-24T11:41:46.5423432Z  delete mode 100644 audit/sync/20260224_111739_P-000565_4234.json
job-core	Create database MongoDB	2026-02-24T11:41:47.4931021Z To https://github.com/Ka0s-Klaus/ka0s
job-core	Create database MongoDB	2026-02-24T11:41:47.4933457Z    2045900c4..b6f02df34  main -> main
job-core	Upload report	Ôªø2026-02-24T11:41:47.5477803Z ##[group]Run actions/upload-artifact@v4
job-core	Upload report	2026-02-24T11:41:47.5478823Z with:
job-core	Upload report	2026-02-24T11:41:47.5479442Z   name: mongo-setup-report
job-core	Upload report	2026-02-24T11:41:47.5480187Z   path: audit/mongodb/
job-core	Upload report	2026-02-24T11:41:47.5480882Z   if-no-files-found: warn
job-core	Upload report	2026-02-24T11:41:47.5481902Z   compression-level: 6
job-core	Upload report	2026-02-24T11:41:47.5482604Z   overwrite: false
job-core	Upload report	2026-02-24T11:41:47.5483276Z   include-hidden-files: false
job-core	Upload report	2026-02-24T11:41:47.5483990Z env:
job-core	Upload report	2026-02-24T11:41:47.5484542Z   PYTHON_VERSION: 3.9
job-core	Upload report	2026-02-24T11:41:47.5486716Z   MONGO_SUPERUSER_CONNECTION: ***
job-core	Upload report	2026-02-24T11:41:47.5487871Z   MONGO_NEW_PASS: ***
job-core	Upload report	2026-02-24T11:41:47.5488821Z   MONGO_SCRIPT_CREATE: devops/core/mongo/scripts/add-doc-to-db.py
job-core	Upload report	2026-02-24T11:41:47.5489966Z   KAOS_CODE: 22349254694
job-core	Upload report	2026-02-24T11:41:47.5490753Z   KAOS_MODULE: [Ka0s] Autom add docs to MongoDB
job-core	Upload report	2026-02-24T11:41:47.5491896Z   REPORT_SCAN: audit/
job-core	Upload report	2026-02-24T11:41:47.5492609Z   REPORT_PATH: audit/mongodb/
job-core	Upload report	2026-02-24T11:41:47.5493448Z   REPORT_FILENAME: mongo_setup_22349254694.json
job-core	Upload report	2026-02-24T11:41:47.5494565Z   REPORT_FILENAME_LIST: mongo_list_22349254694.json
job-core	Upload report	2026-02-24T11:41:47.5495626Z   REPORT_FILENAME_DB: mongo_create_db_22349254694.json
job-core	Upload report	2026-02-24T11:41:47.5496565Z   GITHUB_OUTPUT: 
job-core	Upload report	2026-02-24T11:41:47.5497428Z   pythonLocation: /home/runner/_work/_tool/Python/3.9.25/x64
job-core	Upload report	2026-02-24T11:41:47.5498823Z   PKG_CONFIG_PATH: /home/runner/_work/_tool/Python/3.9.25/x64/lib/pkgconfig
job-core	Upload report	2026-02-24T11:41:47.5500234Z   Python_ROOT_DIR: /home/runner/_work/_tool/Python/3.9.25/x64
job-core	Upload report	2026-02-24T11:41:47.5501487Z   Python2_ROOT_DIR: /home/runner/_work/_tool/Python/3.9.25/x64
job-core	Upload report	2026-02-24T11:41:47.5503103Z   Python3_ROOT_DIR: /home/runner/_work/_tool/Python/3.9.25/x64
job-core	Upload report	2026-02-24T11:41:47.5505126Z   LD_LIBRARY_PATH: /home/runner/_work/_tool/Python/3.9.25/x64/lib
job-core	Upload report	2026-02-24T11:41:47.5506164Z ##[endgroup]
job-core	Upload report	2026-02-24T11:41:47.8158566Z With the provided path, there will be 1 file uploaded
job-core	Upload report	2026-02-24T11:41:47.8163364Z Artifact name is valid!
job-core	Upload report	2026-02-24T11:41:47.8164877Z Root directory input is valid!
job-core	Upload report	2026-02-24T11:41:48.2238688Z Beginning upload of artifact content to blob storage
job-core	Upload report	2026-02-24T11:41:48.6897998Z Uploaded bytes 165
job-core	Upload report	2026-02-24T11:41:48.8215285Z Finished uploading artifact content to blob storage!
job-core	Upload report	2026-02-24T11:41:48.8227889Z SHA256 digest of uploaded artifact zip is 922898323e3c593cc130b4feb0d2e2a0c087f42c8ee7dc4147a5d1a374f1c442
job-core	Upload report	2026-02-24T11:41:48.8233103Z Finalizing artifact upload
job-core	Upload report	2026-02-24T11:41:49.0321830Z Artifact mongo-setup-report.zip successfully finalized. Artifact ID 5633982582
job-core	Upload report	2026-02-24T11:41:49.0323206Z Artifact mongo-setup-report has been successfully uploaded! Final size is 165 bytes. Artifact ID is 5633982582
job-core	Upload report	2026-02-24T11:41:49.0332464Z Artifact download URL: https://github.com/Ka0s-Klaus/ka0s/actions/runs/22349254694/artifacts/5633982582
job-core	Post Set up Python	Ôªø2026-02-24T11:41:49.0579413Z Post job cleanup.
job-core	Post Checkout code	Ôªø2026-02-24T11:41:49.2539801Z Post job cleanup.
job-core	Post Checkout code	2026-02-24T11:41:49.3681407Z [command]/usr/bin/git version
job-core	Post Checkout code	2026-02-24T11:41:49.3725136Z git version 2.52.0
job-core	Post Checkout code	2026-02-24T11:41:49.3769942Z Copying '/home/runner/.gitconfig' to '/home/runner/_work/_temp/35edea9b-8d79-4768-a449-7febc13e33cb/.gitconfig'
job-core	Post Checkout code	2026-02-24T11:41:49.3781278Z Temporarily overriding HOME='/home/runner/_work/_temp/35edea9b-8d79-4768-a449-7febc13e33cb' before making global git config changes
job-core	Post Checkout code	2026-02-24T11:41:49.3782332Z Adding repository directory to the temporary git global config as a safe directory
job-core	Post Checkout code	2026-02-24T11:41:49.3787717Z [command]/usr/bin/git config --global --add safe.directory /home/runner/_work/ka0s/ka0s
job-core	Post Checkout code	2026-02-24T11:41:49.3846971Z [command]/usr/bin/git config --local --name-only --get-regexp core\.sshCommand
job-core	Post Checkout code	2026-02-24T11:41:49.3890956Z [command]/usr/bin/git submodule foreach --recursive sh -c "git config --local --name-only --get-regexp 'core\.sshCommand' && git config --local --unset-all 'core.sshCommand' || :"
job-core	Post Checkout code	2026-02-24T11:41:49.4252147Z [command]/usr/bin/git config --local --name-only --get-regexp http\.https\:\/\/github\.com\/\.extraheader
job-core	Post Checkout code	2026-02-24T11:41:49.4284283Z http.https://github.com/.extraheader
job-core	Post Checkout code	2026-02-24T11:41:49.4299633Z [command]/usr/bin/git config --local --unset-all http.https://github.com/.extraheader
job-core	Post Checkout code	2026-02-24T11:41:49.4349320Z [command]/usr/bin/git submodule foreach --recursive sh -c "git config --local --name-only --get-regexp 'http\.https\:\/\/github\.com\/\.extraheader' && git config --local --unset-all 'http.https://github.com/.extraheader' || :"
job-core	Post Checkout code	2026-02-24T11:41:49.4691315Z [command]/usr/bin/git config --local --name-only --get-regexp ^includeIf\.gitdir:
job-core	Post Checkout code	2026-02-24T11:41:49.4732691Z [command]/usr/bin/git submodule foreach --recursive git config --local --show-origin --name-only --get-regexp remote.origin.url
job-core	Complete job	Ôªø2026-02-24T11:41:49.5224690Z Cleaning up orphan processes
handle-success	Set up job	Ôªø2026-02-24T11:42:03.7689446Z Current runner version: '2.331.0'
handle-success	Set up job	2026-02-24T11:42:03.7698973Z Runner name: 'swarm-runners-scaleset-hkss5-runner-5sf88'
handle-success	Set up job	2026-02-24T11:42:03.7700049Z Runner group name: 'Default'
handle-success	Set up job	2026-02-24T11:42:03.7701160Z Machine name: 'swarm-runners-scaleset-hkss5-runner-5sf88'
handle-success	Set up job	2026-02-24T11:42:03.7705790Z ##[group]GITHUB_TOKEN Permissions
handle-success	Set up job	2026-02-24T11:42:03.7708688Z Actions: write
handle-success	Set up job	2026-02-24T11:42:03.7709570Z Contents: write
handle-success	Set up job	2026-02-24T11:42:03.7710102Z Issues: write
handle-success	Set up job	2026-02-24T11:42:03.7710679Z Metadata: read
handle-success	Set up job	2026-02-24T11:42:03.7711357Z PullRequests: write
handle-success	Set up job	2026-02-24T11:42:03.7712734Z ##[endgroup]
handle-success	Set up job	2026-02-24T11:42:03.7715008Z Secret source: Actions
handle-success	Set up job	2026-02-24T11:42:03.7715745Z Prepare workflow directory
handle-success	Set up job	2026-02-24T11:42:03.8323767Z Prepare all required actions
handle-success	Set up job	2026-02-24T11:42:03.8367214Z Getting action download info
handle-success	Set up job	2026-02-24T11:42:04.4313063Z Download action repository 'actions/checkout@v4' (SHA:34e114876b0b11c390a56381ad16ebd13914f8d5)
handle-success	Set up job	2026-02-24T11:42:05.4123726Z Complete job name: handle-success
handle-success	Checkout code	Ôªø2026-02-24T11:42:05.4767147Z ##[group]Run actions/checkout@v4
handle-success	Checkout code	2026-02-24T11:42:05.4768164Z with:
handle-success	Checkout code	2026-02-24T11:42:05.4768644Z   fetch-depth: 0
handle-success	Checkout code	2026-02-24T11:42:05.4769149Z   repository: Ka0s-Klaus/ka0s
handle-success	Checkout code	2026-02-24T11:42:05.4769968Z   token: ***
handle-success	Checkout code	2026-02-24T11:42:05.4770435Z   ssh-strict: true
handle-success	Checkout code	2026-02-24T11:42:05.4770901Z   ssh-user: git
handle-success	Checkout code	2026-02-24T11:42:05.4771376Z   persist-credentials: true
handle-success	Checkout code	2026-02-24T11:42:05.4772281Z   clean: true
handle-success	Checkout code	2026-02-24T11:42:05.4772895Z   sparse-checkout-cone-mode: true
handle-success	Checkout code	2026-02-24T11:42:05.4773491Z   fetch-tags: false
handle-success	Checkout code	2026-02-24T11:42:05.4773971Z   show-progress: true
handle-success	Checkout code	2026-02-24T11:42:05.4774454Z   lfs: false
handle-success	Checkout code	2026-02-24T11:42:05.4774903Z   submodules: false
handle-success	Checkout code	2026-02-24T11:42:05.4775422Z   set-safe-directory: true
handle-success	Checkout code	2026-02-24T11:42:05.4776202Z env:
handle-success	Checkout code	2026-02-24T11:42:05.4776661Z   PYTHON_VERSION: 3.9
handle-success	Checkout code	2026-02-24T11:42:05.4778129Z   MONGO_SUPERUSER_CONNECTION: ***
handle-success	Checkout code	2026-02-24T11:42:05.4778899Z   MONGO_NEW_PASS: ***
handle-success	Checkout code	2026-02-24T11:42:05.4779564Z   MONGO_SCRIPT_CREATE: devops/core/mongo/scripts/add-doc-to-db.py
handle-success	Checkout code	2026-02-24T11:42:05.4780383Z   KAOS_CODE: 22349254694
handle-success	Checkout code	2026-02-24T11:42:05.4780950Z   KAOS_MODULE: [Ka0s] Autom add docs to MongoDB
handle-success	Checkout code	2026-02-24T11:42:05.4781585Z   REPORT_SCAN: audit/
handle-success	Checkout code	2026-02-24T11:42:05.4782683Z   REPORT_PATH: audit/mongodb/
handle-success	Checkout code	2026-02-24T11:42:05.4783419Z   REPORT_FILENAME: mongo_setup_22349254694.json
handle-success	Checkout code	2026-02-24T11:42:05.4784115Z   REPORT_FILENAME_LIST: mongo_list_22349254694.json
handle-success	Checkout code	2026-02-24T11:42:05.4784857Z   REPORT_FILENAME_DB: mongo_create_db_22349254694.json
handle-success	Checkout code	2026-02-24T11:42:05.4785516Z ##[endgroup]
handle-success	Checkout code	2026-02-24T11:42:05.6102977Z Syncing repository: Ka0s-Klaus/ka0s
handle-success	Checkout code	2026-02-24T11:42:05.6105148Z ##[group]Getting Git version info
handle-success	Checkout code	2026-02-24T11:42:05.6106081Z Working directory is '/home/runner/_work/ka0s/ka0s'
handle-success	Checkout code	2026-02-24T11:42:05.6107309Z [command]/usr/bin/git version
handle-success	Checkout code	2026-02-24T11:42:05.6107931Z git version 2.52.0
handle-success	Checkout code	2026-02-24T11:42:05.6143674Z ##[endgroup]
handle-success	Checkout code	2026-02-24T11:42:05.6150934Z Temporarily overriding HOME='/home/runner/_work/_temp/120239f3-0386-4b1f-8b04-14cbeb48f66b' before making global git config changes
handle-success	Checkout code	2026-02-24T11:42:05.6178248Z Adding repository directory to the temporary git global config as a safe directory
handle-success	Checkout code	2026-02-24T11:42:05.6179993Z [command]/usr/bin/git config --global --add safe.directory /home/runner/_work/ka0s/ka0s
handle-success	Checkout code	2026-02-24T11:42:05.6210939Z Deleting the contents of '/home/runner/_work/ka0s/ka0s'
handle-success	Checkout code	2026-02-24T11:42:05.6217877Z ##[group]Initializing the repository
handle-success	Checkout code	2026-02-24T11:42:05.6221388Z [command]/usr/bin/git init /home/runner/_work/ka0s/ka0s
handle-success	Checkout code	2026-02-24T11:42:05.6281872Z hint: Using 'master' as the name for the initial branch. This default branch name
handle-success	Checkout code	2026-02-24T11:42:05.6283314Z hint: will change to "main" in Git 3.0. To configure the initial branch name
handle-success	Checkout code	2026-02-24T11:42:05.6284679Z hint: to use in all of your new repositories, which will suppress this warning,
handle-success	Checkout code	2026-02-24T11:42:05.6285671Z hint: call:
handle-success	Checkout code	2026-02-24T11:42:05.6286121Z hint:
handle-success	Checkout code	2026-02-24T11:42:05.6286721Z hint: 	git config --global init.defaultBranch <name>
handle-success	Checkout code	2026-02-24T11:42:05.6287422Z hint:
handle-success	Checkout code	2026-02-24T11:42:05.6288663Z hint: Names commonly chosen instead of 'master' are 'main', 'trunk' and
handle-success	Checkout code	2026-02-24T11:42:05.6289758Z hint: 'development'. The just-created branch can be renamed via this command:
handle-success	Checkout code	2026-02-24T11:42:05.6290609Z hint:
handle-success	Checkout code	2026-02-24T11:42:05.6291072Z hint: 	git branch -m <name>
handle-success	Checkout code	2026-02-24T11:42:05.6291896Z hint:
handle-success	Checkout code	2026-02-24T11:42:05.6292682Z hint: Disable this message with "git config set advice.defaultBranchName false"
handle-success	Checkout code	2026-02-24T11:42:05.6293882Z Initialized empty Git repository in /home/runner/_work/ka0s/ka0s/.git/
handle-success	Checkout code	2026-02-24T11:42:05.6297447Z [command]/usr/bin/git remote add origin https://github.com/Ka0s-Klaus/ka0s
handle-success	Checkout code	2026-02-24T11:42:05.6350975Z ##[endgroup]
handle-success	Checkout code	2026-02-24T11:42:05.6352984Z ##[group]Disabling automatic garbage collection
handle-success	Checkout code	2026-02-24T11:42:05.6357806Z [command]/usr/bin/git config --local gc.auto 0
handle-success	Checkout code	2026-02-24T11:42:05.6395486Z ##[endgroup]
handle-success	Checkout code	2026-02-24T11:42:05.6396388Z ##[group]Setting up auth
handle-success	Checkout code	2026-02-24T11:42:05.6413312Z [command]/usr/bin/git config --local --name-only --get-regexp core\.sshCommand
handle-success	Checkout code	2026-02-24T11:42:05.6446534Z [command]/usr/bin/git submodule foreach --recursive sh -c "git config --local --name-only --get-regexp 'core\.sshCommand' && git config --local --unset-all 'core.sshCommand' || :"
handle-success	Checkout code	2026-02-24T11:42:05.6781988Z [command]/usr/bin/git config --local --name-only --get-regexp http\.https\:\/\/github\.com\/\.extraheader
handle-success	Checkout code	2026-02-24T11:42:05.6821341Z [command]/usr/bin/git submodule foreach --recursive sh -c "git config --local --name-only --get-regexp 'http\.https\:\/\/github\.com\/\.extraheader' && git config --local --unset-all 'http.https://github.com/.extraheader' || :"
handle-success	Checkout code	2026-02-24T11:42:05.7152696Z [command]/usr/bin/git config --local --name-only --get-regexp ^includeIf\.gitdir:
handle-success	Checkout code	2026-02-24T11:42:05.7192909Z [command]/usr/bin/git submodule foreach --recursive git config --local --show-origin --name-only --get-regexp remote.origin.url
handle-success	Checkout code	2026-02-24T11:42:05.7533793Z [command]/usr/bin/git config --local http.https://github.com/.extraheader AUTHORIZATION: basic ***
handle-success	Checkout code	2026-02-24T11:42:05.7588951Z ##[endgroup]
handle-success	Checkout code	2026-02-24T11:42:05.7590036Z ##[group]Fetching the repository
handle-success	Checkout code	2026-02-24T11:42:05.7598409Z [command]/usr/bin/git -c protocol.version=2 fetch --prune --no-recurse-submodules origin +refs/heads/*:refs/remotes/origin/* +refs/tags/*:refs/tags/*
handle-success	Checkout code	2026-02-24T11:42:27.5500174Z From https://github.com/Ka0s-Klaus/ka0s
handle-success	Checkout code	2026-02-24T11:42:27.5500855Z  * [new branch]          F3450-modelo-operativo -> origin/F3450-modelo-operativo
handle-success	Checkout code	2026-02-24T11:42:27.5501565Z  * [new branch]          H1276-modulo-observabilidad -> origin/H1276-modulo-observabilidad
handle-success	Checkout code	2026-02-24T11:42:27.5502788Z  * [new branch]          H3596-deploy-itop      -> origin/H3596-deploy-itop
handle-success	Checkout code	2026-02-24T11:42:27.5503567Z  * [new branch]          H4170-flujo-detallado-zabbix---github -> origin/H4170-flujo-detallado-zabbix---github
handle-success	Checkout code	2026-02-24T11:42:27.5504342Z  * [new branch]          H4191-request-cambios  -> origin/H4191-request-cambios
handle-success	Checkout code	2026-02-24T11:42:27.5505168Z  * [new branch]          H4200-request-recomendaciones-de-auditoria -> origin/H4200-request-recomendaciones-de-auditoria
handle-success	Checkout code	2026-02-24T11:42:27.5505993Z  * [new branch]          main                   -> origin/main
handle-success	Checkout code	2026-02-24T11:42:27.5506438Z  * [new tag]             0.0.0                  -> 0.0.0
handle-success	Checkout code	2026-02-24T11:42:27.5506904Z  * [new tag]             0.0.1                  -> 0.0.1
handle-success	Checkout code	2026-02-24T11:42:27.5507323Z  * [new tag]             0.0.10                 -> 0.0.10
handle-success	Checkout code	2026-02-24T11:42:27.5507768Z  * [new tag]             0.0.100                -> 0.0.100
handle-success	Checkout code	2026-02-24T11:42:27.5508207Z  * [new tag]             0.0.101                -> 0.0.101
handle-success	Checkout code	2026-02-24T11:42:27.5508663Z  * [new tag]             0.0.102                -> 0.0.102
handle-success	Checkout code	2026-02-24T11:42:27.5509171Z  * [new tag]             0.0.103                -> 0.0.103
handle-success	Checkout code	2026-02-24T11:42:27.5516673Z  * [new tag]             0.0.104                -> 0.0.104
handle-success	Checkout code	2026-02-24T11:42:27.5517270Z  * [new tag]             0.0.105                -> 0.0.105
handle-success	Checkout code	2026-02-24T11:42:27.5517689Z  * [new tag]             0.0.106                -> 0.0.106
handle-success	Checkout code	2026-02-24T11:42:27.5520155Z  * [new tag]             0.0.107                -> 0.0.107
handle-success	Checkout code	2026-02-24T11:42:27.5520570Z  * [new tag]             0.0.108                -> 0.0.108
handle-success	Checkout code	2026-02-24T11:42:27.5520967Z  * [new tag]             0.0.109                -> 0.0.109
handle-success	Checkout code	2026-02-24T11:42:27.5521437Z  * [new tag]             0.0.11                 -> 0.0.11
handle-success	Checkout code	2026-02-24T11:42:27.5522166Z  * [new tag]             0.0.110                -> 0.0.110
handle-success	Checkout code	2026-02-24T11:42:27.5522587Z  * [new tag]             0.0.111                -> 0.0.111
handle-success	Checkout code	2026-02-24T11:42:27.5523272Z  * [new tag]             0.0.112                -> 0.0.112
handle-success	Checkout code	2026-02-24T11:42:27.5523692Z  * [new tag]             0.0.113                -> 0.0.113
handle-success	Checkout code	2026-02-24T11:42:27.5524109Z  * [new tag]             0.0.114                -> 0.0.114
handle-success	Checkout code	2026-02-24T11:42:27.5524528Z  * [new tag]             0.0.115                -> 0.0.115
handle-success	Checkout code	2026-02-24T11:42:27.5524947Z  * [new tag]             0.0.116                -> 0.0.116
handle-success	Checkout code	2026-02-24T11:42:27.5525465Z  * [new tag]             0.0.117                -> 0.0.117
handle-success	Checkout code	2026-02-24T11:42:27.5526252Z  * [new tag]             0.0.118                -> 0.0.118
handle-success	Checkout code	2026-02-24T11:42:27.5526659Z  * [new tag]             0.0.119                -> 0.0.119
handle-success	Checkout code	2026-02-24T11:42:27.5527081Z  * [new tag]             0.0.12                 -> 0.0.12
handle-success	Checkout code	2026-02-24T11:42:27.5527495Z  * [new tag]             0.0.120                -> 0.0.120
handle-success	Checkout code	2026-02-24T11:42:27.5527908Z  * [new tag]             0.0.121                -> 0.0.121
handle-success	Checkout code	2026-02-24T11:42:27.5528321Z  * [new tag]             0.0.122                -> 0.0.122
handle-success	Checkout code	2026-02-24T11:42:27.5528729Z  * [new tag]             0.0.123                -> 0.0.123
handle-success	Checkout code	2026-02-24T11:42:27.5529260Z  * [new tag]             0.0.124                -> 0.0.124
handle-success	Checkout code	2026-02-24T11:42:27.5529664Z  * [new tag]             0.0.125                -> 0.0.125
handle-success	Checkout code	2026-02-24T11:42:27.5530069Z  * [new tag]             0.0.126                -> 0.0.126
handle-success	Checkout code	2026-02-24T11:42:27.5530470Z  * [new tag]             0.0.127                -> 0.0.127
handle-success	Checkout code	2026-02-24T11:42:27.5530874Z  * [new tag]             0.0.128                -> 0.0.128
handle-success	Checkout code	2026-02-24T11:42:27.5531432Z  * [new tag]             0.0.129                -> 0.0.129
handle-success	Checkout code	2026-02-24T11:42:27.5531994Z  * [new tag]             0.0.13                 -> 0.0.13
handle-success	Checkout code	2026-02-24T11:42:27.5532416Z  * [new tag]             0.0.130                -> 0.0.130
handle-success	Checkout code	2026-02-24T11:42:27.5532829Z  * [new tag]             0.0.131                -> 0.0.131
handle-success	Checkout code	2026-02-24T11:42:27.5533263Z  * [new tag]             0.0.132                -> 0.0.132
handle-success	Checkout code	2026-02-24T11:42:27.5533686Z  * [new tag]             0.0.133                -> 0.0.133
handle-success	Checkout code	2026-02-24T11:42:27.5534110Z  * [new tag]             0.0.134                -> 0.0.134
handle-success	Checkout code	2026-02-24T11:42:27.5534526Z  * [new tag]             0.0.135                -> 0.0.135
handle-success	Checkout code	2026-02-24T11:42:27.5605201Z  * [new tag]             0.0.136                -> 0.0.136
handle-success	Checkout code	2026-02-24T11:42:27.5606078Z  * [new tag]             0.0.137                -> 0.0.137
handle-success	Checkout code	2026-02-24T11:42:27.5606506Z  * [new tag]             0.0.138                -> 0.0.138
handle-success	Checkout code	2026-02-24T11:42:27.5607101Z  * [new tag]             0.0.139                -> 0.0.139
handle-success	Checkout code	2026-02-24T11:42:27.5607508Z  * [new tag]             0.0.14                 -> 0.0.14
handle-success	Checkout code	2026-02-24T11:42:27.5607910Z  * [new tag]             0.0.140                -> 0.0.140
handle-success	Checkout code	2026-02-24T11:42:27.5608310Z  * [new tag]             0.0.141                -> 0.0.141
handle-success	Checkout code	2026-02-24T11:42:27.5608708Z  * [new tag]             0.0.142                -> 0.0.142
handle-success	Checkout code	2026-02-24T11:42:27.5609238Z  * [new tag]             0.0.143                -> 0.0.143
handle-success	Checkout code	2026-02-24T11:42:27.5609643Z  * [new tag]             0.0.144                -> 0.0.144
handle-success	Checkout code	2026-02-24T11:42:27.5610040Z  * [new tag]             0.0.145                -> 0.0.145
handle-success	Checkout code	2026-02-24T11:42:27.5610509Z  * [new tag]             0.0.146                -> 0.0.146
handle-success	Checkout code	2026-02-24T11:42:27.5610955Z  * [new tag]             0.0.147                -> 0.0.147
handle-success	Checkout code	2026-02-24T11:42:27.5611359Z  * [new tag]             0.0.148                -> 0.0.148
handle-success	Checkout code	2026-02-24T11:42:27.5611996Z  * [new tag]             0.0.149                -> 0.0.149
handle-success	Checkout code	2026-02-24T11:42:27.5612754Z  * [new tag]             0.0.15                 -> 0.0.15
handle-success	Checkout code	2026-02-24T11:42:27.5613227Z  * [new tag]             0.0.150                -> 0.0.150
handle-success	Checkout code	2026-02-24T11:42:27.5613653Z  * [new tag]             0.0.151                -> 0.0.151
handle-success	Checkout code	2026-02-24T11:42:27.5614055Z  * [new tag]             0.0.152                -> 0.0.152
handle-success	Checkout code	2026-02-24T11:42:27.5614464Z  * [new tag]             0.0.153                -> 0.0.153
handle-success	Checkout code	2026-02-24T11:42:27.5615027Z  * [new tag]             0.0.154                -> 0.0.154
handle-success	Checkout code	2026-02-24T11:42:27.5615581Z  * [new tag]             0.0.155                -> 0.0.155
handle-success	Checkout code	2026-02-24T11:42:27.5615990Z  * [new tag]             0.0.156                -> 0.0.156
handle-success	Checkout code	2026-02-24T11:42:27.5616405Z  * [new tag]             0.0.157                -> 0.0.157
handle-success	Checkout code	2026-02-24T11:42:27.5616818Z  * [new tag]             0.0.158                -> 0.0.158
handle-success	Checkout code	2026-02-24T11:42:27.5617229Z  * [new tag]             0.0.159                -> 0.0.159
handle-success	Checkout code	2026-02-24T11:42:27.5617641Z  * [new tag]             0.0.16                 -> 0.0.16
handle-success	Checkout code	2026-02-24T11:42:27.5618283Z  * [new tag]             0.0.160                -> 0.0.160
handle-success	Checkout code	2026-02-24T11:42:27.5618699Z  * [new tag]             0.0.161                -> 0.0.161
handle-success	Checkout code	2026-02-24T11:42:27.5619109Z  * [new tag]             0.0.162                -> 0.0.162
handle-success	Checkout code	2026-02-24T11:42:27.5619529Z  * [new tag]             0.0.163                -> 0.0.163
handle-success	Checkout code	2026-02-24T11:42:27.5619949Z  * [new tag]             0.0.164                -> 0.0.164
handle-success	Checkout code	2026-02-24T11:42:27.5620351Z  * [new tag]             0.0.165                -> 0.0.165
handle-success	Checkout code	2026-02-24T11:42:27.5620760Z  * [new tag]             0.0.166                -> 0.0.166
handle-success	Checkout code	2026-02-24T11:42:27.5621174Z  * [new tag]             0.0.167                -> 0.0.167
handle-success	Checkout code	2026-02-24T11:42:27.5621582Z  * [new tag]             0.0.168                -> 0.0.168
handle-success	Checkout code	2026-02-24T11:42:27.5622208Z  * [new tag]             0.0.169                -> 0.0.169
handle-success	Checkout code	2026-02-24T11:42:27.5622751Z  * [new tag]             0.0.17                 -> 0.0.17
handle-success	Checkout code	2026-02-24T11:42:27.5623174Z  * [new tag]             0.0.170                -> 0.0.170
handle-success	Checkout code	2026-02-24T11:42:27.5623590Z  * [new tag]             0.0.171                -> 0.0.171
handle-success	Checkout code	2026-02-24T11:42:27.5624002Z  * [new tag]             0.0.172                -> 0.0.172
handle-success	Checkout code	2026-02-24T11:42:27.5624430Z  * [new tag]             0.0.173                -> 0.0.173
handle-success	Checkout code	2026-02-24T11:42:27.5624868Z  * [new tag]             0.0.174                -> 0.0.174
handle-success	Checkout code	2026-02-24T11:42:27.5625315Z  * [new tag]             0.0.175                -> 0.0.175
handle-success	Checkout code	2026-02-24T11:42:27.5625730Z  * [new tag]             0.0.176                -> 0.0.176
handle-success	Checkout code	2026-02-24T11:42:27.5626164Z  * [new tag]             0.0.177                -> 0.0.177
handle-success	Checkout code	2026-02-24T11:42:27.5626579Z  * [new tag]             0.0.178                -> 0.0.178
handle-success	Checkout code	2026-02-24T11:42:27.5627262Z  * [new tag]             0.0.179                -> 0.0.179
handle-success	Checkout code	2026-02-24T11:42:27.5627803Z  * [new tag]             0.0.18                 -> 0.0.18
handle-success	Checkout code	2026-02-24T11:42:27.5628200Z  * [new tag]             0.0.19                 -> 0.0.19
handle-success	Checkout code	2026-02-24T11:42:27.5628619Z  * [new tag]             0.0.2                  -> 0.0.2
handle-success	Checkout code	2026-02-24T11:42:27.5629017Z  * [new tag]             0.0.20                 -> 0.0.20
handle-success	Checkout code	2026-02-24T11:42:27.5629422Z  * [new tag]             0.0.21                 -> 0.0.21
handle-success	Checkout code	2026-02-24T11:42:27.5629819Z  * [new tag]             0.0.22                 -> 0.0.22
handle-success	Checkout code	2026-02-24T11:42:27.5630220Z  * [new tag]             0.0.23                 -> 0.0.23
handle-success	Checkout code	2026-02-24T11:42:27.5630625Z  * [new tag]             0.0.24                 -> 0.0.24
handle-success	Checkout code	2026-02-24T11:42:27.5631026Z  * [new tag]             0.0.25                 -> 0.0.25
handle-success	Checkout code	2026-02-24T11:42:27.5631433Z  * [new tag]             0.0.26                 -> 0.0.26
handle-success	Checkout code	2026-02-24T11:42:27.5632167Z  * [new tag]             0.0.27                 -> 0.0.27
handle-success	Checkout code	2026-02-24T11:42:27.5632610Z  * [new tag]             0.0.28                 -> 0.0.28
handle-success	Checkout code	2026-02-24T11:42:27.5633149Z  * [new tag]             0.0.29                 -> 0.0.29
handle-success	Checkout code	2026-02-24T11:42:27.5633549Z  * [new tag]             0.0.3                  -> 0.0.3
handle-success	Checkout code	2026-02-24T11:42:27.5634199Z  * [new tag]             0.0.30                 -> 0.0.30
handle-success	Checkout code	2026-02-24T11:42:27.5634611Z  * [new tag]             0.0.31                 -> 0.0.31
handle-success	Checkout code	2026-02-24T11:42:27.5635018Z  * [new tag]             0.0.32                 -> 0.0.32
handle-success	Checkout code	2026-02-24T11:42:27.5635414Z  * [new tag]             0.0.33                 -> 0.0.33
handle-success	Checkout code	2026-02-24T11:42:27.5635812Z  * [new tag]             0.0.34                 -> 0.0.34
handle-success	Checkout code	2026-02-24T11:42:27.5636212Z  * [new tag]             0.0.35                 -> 0.0.35
handle-success	Checkout code	2026-02-24T11:42:27.5636608Z  * [new tag]             0.0.36                 -> 0.0.36
handle-success	Checkout code	2026-02-24T11:42:27.5637010Z  * [new tag]             0.0.37                 -> 0.0.37
handle-success	Checkout code	2026-02-24T11:42:27.5637412Z  * [new tag]             0.0.38                 -> 0.0.38
handle-success	Checkout code	2026-02-24T11:42:27.5637802Z  * [new tag]             0.0.39                 -> 0.0.39
handle-success	Checkout code	2026-02-24T11:42:27.5638477Z  * [new tag]             0.0.4                  -> 0.0.4
handle-success	Checkout code	2026-02-24T11:42:27.5639277Z  * [new tag]             0.0.40                 -> 0.0.40
handle-success	Checkout code	2026-02-24T11:42:27.5640297Z  * [new tag]             0.0.41                 -> 0.0.41
handle-success	Checkout code	2026-02-24T11:42:27.5640690Z  * [new tag]             0.0.42                 -> 0.0.42
handle-success	Checkout code	2026-02-24T11:42:27.5641089Z  * [new tag]             0.0.43                 -> 0.0.43
handle-success	Checkout code	2026-02-24T11:42:27.5641490Z  * [new tag]             0.0.44                 -> 0.0.44
handle-success	Checkout code	2026-02-24T11:42:27.5642312Z  * [new tag]             0.0.45                 -> 0.0.45
handle-success	Checkout code	2026-02-24T11:42:27.5642840Z  * [new tag]             0.0.46                 -> 0.0.46
handle-success	Checkout code	2026-02-24T11:42:27.5643234Z  * [new tag]             0.0.47                 -> 0.0.47
handle-success	Checkout code	2026-02-24T11:42:27.5643629Z  * [new tag]             0.0.48                 -> 0.0.48
handle-success	Checkout code	2026-02-24T11:42:27.5644026Z  * [new tag]             0.0.49                 -> 0.0.49
handle-success	Checkout code	2026-02-24T11:42:27.5644429Z  * [new tag]             0.0.5                  -> 0.0.5
handle-success	Checkout code	2026-02-24T11:42:27.5644823Z  * [new tag]             0.0.50                 -> 0.0.50
handle-success	Checkout code	2026-02-24T11:42:27.5645233Z  * [new tag]             0.0.51                 -> 0.0.51
handle-success	Checkout code	2026-02-24T11:42:27.5645634Z  * [new tag]             0.0.52                 -> 0.0.52
handle-success	Checkout code	2026-02-24T11:42:27.5646029Z  * [new tag]             0.0.53                 -> 0.0.53
handle-success	Checkout code	2026-02-24T11:42:27.5646429Z  * [new tag]             0.0.54                 -> 0.0.54
handle-success	Checkout code	2026-02-24T11:42:27.5646828Z  * [new tag]             0.0.55                 -> 0.0.55
handle-success	Checkout code	2026-02-24T11:42:27.5647223Z  * [new tag]             0.0.56                 -> 0.0.56
handle-success	Checkout code	2026-02-24T11:42:27.5647620Z  * [new tag]             0.0.57                 -> 0.0.57
handle-success	Checkout code	2026-02-24T11:42:27.5648022Z  * [new tag]             0.0.58                 -> 0.0.58
handle-success	Checkout code	2026-02-24T11:42:27.5648423Z  * [new tag]             0.0.59                 -> 0.0.59
handle-success	Checkout code	2026-02-24T11:42:27.5648823Z  * [new tag]             0.0.6                  -> 0.0.6
handle-success	Checkout code	2026-02-24T11:42:27.5649222Z  * [new tag]             0.0.60                 -> 0.0.60
handle-success	Checkout code	2026-02-24T11:42:27.5649621Z  * [new tag]             0.0.61                 -> 0.0.61
handle-success	Checkout code	2026-02-24T11:42:27.5650035Z  * [new tag]             0.0.62                 -> 0.0.62
handle-success	Checkout code	2026-02-24T11:42:27.5650432Z  * [new tag]             0.0.63                 -> 0.0.63
handle-success	Checkout code	2026-02-24T11:42:27.5650825Z  * [new tag]             0.0.64                 -> 0.0.64
handle-success	Checkout code	2026-02-24T11:42:27.5651223Z  * [new tag]             0.0.65                 -> 0.0.65
handle-success	Checkout code	2026-02-24T11:42:27.5651724Z  * [new tag]             0.0.66                 -> 0.0.66
handle-success	Checkout code	2026-02-24T11:42:27.5652325Z  * [new tag]             0.0.67                 -> 0.0.67
handle-success	Checkout code	2026-02-24T11:42:27.5652863Z  * [new tag]             0.0.68                 -> 0.0.68
handle-success	Checkout code	2026-02-24T11:42:27.5653262Z  * [new tag]             0.0.69                 -> 0.0.69
handle-success	Checkout code	2026-02-24T11:42:27.5653661Z  * [new tag]             0.0.7                  -> 0.0.7
handle-success	Checkout code	2026-02-24T11:42:27.5654061Z  * [new tag]             0.0.70                 -> 0.0.70
handle-success	Checkout code	2026-02-24T11:42:27.5654455Z  * [new tag]             0.0.71                 -> 0.0.71
handle-success	Checkout code	2026-02-24T11:42:27.5654845Z  * [new tag]             0.0.72                 -> 0.0.72
handle-success	Checkout code	2026-02-24T11:42:27.5655474Z  * [new tag]             0.0.73                 -> 0.0.73
handle-success	Checkout code	2026-02-24T11:42:27.5656001Z  * [new tag]             0.0.74                 -> 0.0.74
handle-success	Checkout code	2026-02-24T11:42:27.5656552Z  * [new tag]             0.0.75                 -> 0.0.75
handle-success	Checkout code	2026-02-24T11:42:27.5656975Z  * [new tag]             0.0.76                 -> 0.0.76
handle-success	Checkout code	2026-02-24T11:42:27.5657383Z  * [new tag]             0.0.77                 -> 0.0.77
handle-success	Checkout code	2026-02-24T11:42:27.5657797Z  * [new tag]             0.0.78                 -> 0.0.78
handle-success	Checkout code	2026-02-24T11:42:27.5658221Z  * [new tag]             0.0.79                 -> 0.0.79
handle-success	Checkout code	2026-02-24T11:42:27.5658633Z  * [new tag]             0.0.8                  -> 0.0.8
handle-success	Checkout code	2026-02-24T11:42:27.5659051Z  * [new tag]             0.0.80                 -> 0.0.80
handle-success	Checkout code	2026-02-24T11:42:27.5659463Z  * [new tag]             0.0.81                 -> 0.0.81
handle-success	Checkout code	2026-02-24T11:42:27.5660003Z  * [new tag]             0.0.82                 -> 0.0.82
handle-success	Checkout code	2026-02-24T11:42:27.5660544Z  * [new tag]             0.0.83                 -> 0.0.83
handle-success	Checkout code	2026-02-24T11:42:27.5661173Z  * [new tag]             0.0.84                 -> 0.0.84
handle-success	Checkout code	2026-02-24T11:42:27.5661583Z  * [new tag]             0.0.85                 -> 0.0.85
handle-success	Checkout code	2026-02-24T11:42:27.5662163Z  * [new tag]             0.0.86                 -> 0.0.86
handle-success	Checkout code	2026-02-24T11:42:27.5662572Z  * [new tag]             0.0.87                 -> 0.0.87
handle-success	Checkout code	2026-02-24T11:42:27.5662985Z  * [new tag]             0.0.88                 -> 0.0.88
handle-success	Checkout code	2026-02-24T11:42:27.5663402Z  * [new tag]             0.0.89                 -> 0.0.89
handle-success	Checkout code	2026-02-24T11:42:27.5663808Z  * [new tag]             0.0.9                  -> 0.0.9
handle-success	Checkout code	2026-02-24T11:42:27.5664225Z  * [new tag]             0.0.90                 -> 0.0.90
handle-success	Checkout code	2026-02-24T11:42:27.5664641Z  * [new tag]             0.0.91                 -> 0.0.91
handle-success	Checkout code	2026-02-24T11:42:27.5665054Z  * [new tag]             0.0.92                 -> 0.0.92
handle-success	Checkout code	2026-02-24T11:42:27.5665583Z  * [new tag]             0.0.93                 -> 0.0.93
handle-success	Checkout code	2026-02-24T11:42:27.5666141Z  * [new tag]             0.0.94                 -> 0.0.94
handle-success	Checkout code	2026-02-24T11:42:27.5666564Z  * [new tag]             0.0.95                 -> 0.0.95
handle-success	Checkout code	2026-02-24T11:42:27.5666988Z  * [new tag]             0.0.96                 -> 0.0.96
handle-success	Checkout code	2026-02-24T11:42:27.5667409Z  * [new tag]             0.0.97                 -> 0.0.97
handle-success	Checkout code	2026-02-24T11:42:27.5667941Z  * [new tag]             0.0.98                 -> 0.0.98
handle-success	Checkout code	2026-02-24T11:42:27.5668474Z  * [new tag]             0.0.99                 -> 0.0.99
handle-success	Checkout code	2026-02-24T11:42:27.5668891Z  * [new tag]             0.1.0                  -> 0.1.0
handle-success	Checkout code	2026-02-24T11:42:27.5669300Z  * [new tag]             0.1.1                  -> 0.1.1
handle-success	Checkout code	2026-02-24T11:42:27.5669718Z  * [new tag]             0.2.0                  -> 0.2.0
handle-success	Checkout code	2026-02-24T11:42:27.5670127Z  * [new tag]             0.3.0                  -> 0.3.0
handle-success	Checkout code	2026-02-24T11:42:27.5670542Z  * [new tag]             0.3.1                  -> 0.3.1
handle-success	Checkout code	2026-02-24T11:42:27.5670981Z  * [new tag]             0.3.10                 -> 0.3.10
handle-success	Checkout code	2026-02-24T11:42:27.5671412Z  * [new tag]             0.3.11                 -> 0.3.11
handle-success	Checkout code	2026-02-24T11:42:27.5672010Z  * [new tag]             0.3.12                 -> 0.3.12
handle-success	Checkout code	2026-02-24T11:42:27.5672425Z  * [new tag]             0.3.13                 -> 0.3.13
handle-success	Checkout code	2026-02-24T11:42:27.5672840Z  * [new tag]             0.3.14                 -> 0.3.14
handle-success	Checkout code	2026-02-24T11:42:27.5673252Z  * [new tag]             0.3.15                 -> 0.3.15
handle-success	Checkout code	2026-02-24T11:42:27.5673673Z  * [new tag]             0.3.16                 -> 0.3.16
handle-success	Checkout code	2026-02-24T11:42:27.5674084Z  * [new tag]             0.3.17                 -> 0.3.17
handle-success	Checkout code	2026-02-24T11:42:27.5674496Z  * [new tag]             0.3.2                  -> 0.3.2
handle-success	Checkout code	2026-02-24T11:42:27.5674907Z  * [new tag]             0.3.3                  -> 0.3.3
handle-success	Checkout code	2026-02-24T11:42:27.5675311Z  * [new tag]             0.3.4                  -> 0.3.4
handle-success	Checkout code	2026-02-24T11:42:27.5675725Z  * [new tag]             0.3.5                  -> 0.3.5
handle-success	Checkout code	2026-02-24T11:42:27.5676129Z  * [new tag]             0.3.6                  -> 0.3.6
handle-success	Checkout code	2026-02-24T11:42:27.5676833Z  * [new tag]             0.3.7                  -> 0.3.7
handle-success	Checkout code	2026-02-24T11:42:27.5677244Z  * [new tag]             0.3.8                  -> 0.3.8
handle-success	Checkout code	2026-02-24T11:42:27.5677646Z  * [new tag]             0.3.9                  -> 0.3.9
handle-success	Checkout code	2026-02-24T11:42:27.5678052Z  * [new tag]             0.4.0                  -> 0.4.0
handle-success	Checkout code	2026-02-24T11:42:27.5678466Z  * [new tag]             0.4.1                  -> 0.4.1
handle-success	Checkout code	2026-02-24T11:42:27.5678874Z  * [new tag]             0.4.2                  -> 0.4.2
handle-success	Checkout code	2026-02-24T11:42:27.5679270Z  * [new tag]             0.4.3                  -> 0.4.3
handle-success	Checkout code	2026-02-24T11:42:27.5679674Z  * [new tag]             0.4.4                  -> 0.4.4
handle-success	Checkout code	2026-02-24T11:42:27.5680082Z  * [new tag]             0.4.5                  -> 0.4.5
handle-success	Checkout code	2026-02-24T11:42:27.5680489Z  * [new tag]             0.4.6                  -> 0.4.6
handle-success	Checkout code	2026-02-24T11:42:27.5680894Z  * [new tag]             0.4.7                  -> 0.4.7
handle-success	Checkout code	2026-02-24T11:42:27.5681293Z  * [new tag]             0.4.8                  -> 0.4.8
handle-success	Checkout code	2026-02-24T11:42:27.5682031Z  * [new tag]             0.4.9                  -> 0.4.9
handle-success	Checkout code	2026-02-24T11:42:27.5682447Z  * [new tag]             0.5.0                  -> 0.5.0
handle-success	Checkout code	2026-02-24T11:42:27.5682855Z  * [new tag]             0.5.1                  -> 0.5.1
handle-success	Checkout code	2026-02-24T11:42:27.5683255Z  * [new tag]             0.5.2                  -> 0.5.2
handle-success	Checkout code	2026-02-24T11:42:27.5683670Z  * [new tag]             0.6.0                  -> 0.6.0
handle-success	Checkout code	2026-02-24T11:42:27.5684073Z  * [new tag]             0.6.1                  -> 0.6.1
handle-success	Checkout code	2026-02-24T11:42:27.5684482Z  * [new tag]             0.6.2                  -> 0.6.2
handle-success	Checkout code	2026-02-24T11:42:27.5684888Z  * [new tag]             0.6.3                  -> 0.6.3
handle-success	Checkout code	2026-02-24T11:42:27.5685293Z  * [new tag]             0.6.4                  -> 0.6.4
handle-success	Checkout code	2026-02-24T11:42:27.5685704Z  * [new tag]             0.6.5                  -> 0.6.5
handle-success	Checkout code	2026-02-24T11:42:27.5686111Z  * [new tag]             0.6.6                  -> 0.6.6
handle-success	Checkout code	2026-02-24T11:42:27.5912811Z [command]/usr/bin/git branch --list --remote origin/main
handle-success	Checkout code	2026-02-24T11:42:27.5995372Z   origin/main
handle-success	Checkout code	2026-02-24T11:42:27.6008544Z [command]/usr/bin/git rev-parse refs/remotes/origin/main
handle-success	Checkout code	2026-02-24T11:42:27.6040322Z b6f02df34a9d169a97b6d45aef0282aa03286226
handle-success	Checkout code	2026-02-24T11:42:27.6052881Z [command]/usr/bin/git -c protocol.version=2 fetch --no-tags --prune --no-recurse-submodules origin +2045900c47a39a2650084092202b696ae09cf7ca:refs/remotes/origin/main
handle-success	Checkout code	2026-02-24T11:42:27.6248139Z From https://github.com/Ka0s-Klaus/ka0s
handle-success	Checkout code	2026-02-24T11:42:27.6248888Z  + b6f02df34...2045900c4 2045900c47a39a2650084092202b696ae09cf7ca -> origin/main  (forced update)
handle-success	Checkout code	2026-02-24T11:42:27.6287536Z ##[endgroup]
handle-success	Checkout code	2026-02-24T11:42:27.6288854Z ##[group]Determining the checkout info
handle-success	Checkout code	2026-02-24T11:42:27.6301383Z ##[endgroup]
handle-success	Checkout code	2026-02-24T11:42:27.6302539Z [command]/usr/bin/git sparse-checkout disable
handle-success	Checkout code	2026-02-24T11:42:27.6354303Z [command]/usr/bin/git config --local --unset-all extensions.worktreeConfig
handle-success	Checkout code	2026-02-24T11:42:27.6394535Z ##[group]Checking out the ref
handle-success	Checkout code	2026-02-24T11:42:27.6403685Z [command]/usr/bin/git checkout --progress --force -B main refs/remotes/origin/main
handle-success	Checkout code	2026-02-24T11:42:27.8972392Z Switched to a new branch 'main'
handle-success	Checkout code	2026-02-24T11:42:27.8976358Z branch 'main' set up to track 'origin/main'.
handle-success	Checkout code	2026-02-24T11:42:27.9018638Z ##[endgroup]
handle-success	Checkout code	2026-02-24T11:42:27.9073126Z [command]/usr/bin/git log -1 --format=%H
handle-success	Checkout code	2026-02-24T11:42:27.9108266Z 2045900c47a39a2650084092202b696ae09cf7ca
handle-success	handle-success-execution	Ôªø2026-02-24T11:42:27.9355976Z ##[group]Run # Si todo ha ido correcto a√±adimos el contenido del fichero 
handle-success	handle-success-execution	2026-02-24T11:42:27.9356616Z [36;1m# Si todo ha ido correcto a√±adimos el contenido del fichero [0m
handle-success	handle-success-execution	2026-02-24T11:42:27.9357069Z [36;1mecho "Process completed successfully 22349254694"[0m
handle-success	handle-success-execution	2026-02-24T11:42:27.9357503Z [36;1m# RNNUMBER=$(echo "refs/heads/main" | grep -o '[0-9]*')[0m
handle-success	handle-success-execution	2026-02-24T11:42:27.9358350Z [36;1m# gh issue comment $RNNUMBER --body "El proceso ha finalizado correctamente 22349254694. El resultado est√° en el fichero core/results/event_data_22349254694.log"[0m
handle-success	handle-success-execution	2026-02-24T11:42:27.9374960Z shell: /usr/bin/bash -e {0}
handle-success	handle-success-execution	2026-02-24T11:42:27.9375238Z env:
handle-success	handle-success-execution	2026-02-24T11:42:27.9375433Z   PYTHON_VERSION: 3.9
handle-success	handle-success-execution	2026-02-24T11:42:27.9376415Z   MONGO_SUPERUSER_CONNECTION: ***
handle-success	handle-success-execution	2026-02-24T11:42:27.9376825Z   MONGO_NEW_PASS: ***
handle-success	handle-success-execution	2026-02-24T11:42:27.9377147Z   MONGO_SCRIPT_CREATE: devops/core/mongo/scripts/add-doc-to-db.py
handle-success	handle-success-execution	2026-02-24T11:42:27.9377518Z   KAOS_CODE: 22349254694
handle-success	handle-success-execution	2026-02-24T11:42:27.9377776Z   KAOS_MODULE: [Ka0s] Autom add docs to MongoDB
handle-success	handle-success-execution	2026-02-24T11:42:27.9378133Z   REPORT_SCAN: audit/
handle-success	handle-success-execution	2026-02-24T11:42:27.9378361Z   REPORT_PATH: audit/mongodb/
handle-success	handle-success-execution	2026-02-24T11:42:27.9378639Z   REPORT_FILENAME: mongo_setup_22349254694.json
handle-success	handle-success-execution	2026-02-24T11:42:27.9378976Z   REPORT_FILENAME_LIST: mongo_list_22349254694.json
handle-success	handle-success-execution	2026-02-24T11:42:27.9379342Z   REPORT_FILENAME_DB: mongo_create_db_22349254694.json
handle-success	handle-success-execution	2026-02-24T11:42:27.9379757Z   GH_TOKEN: ***
handle-success	handle-success-execution	2026-02-24T11:42:27.9379970Z ##[endgroup]
handle-success	handle-success-execution	2026-02-24T11:42:27.9443789Z Process completed successfully 22349254694
handle-success	Post Checkout code	Ôªø2026-02-24T11:42:27.9583101Z Post job cleanup.
handle-success	Post Checkout code	2026-02-24T11:42:28.0644726Z [command]/usr/bin/git version
handle-success	Post Checkout code	2026-02-24T11:42:28.0687242Z git version 2.52.0
handle-success	Post Checkout code	2026-02-24T11:42:28.0737471Z Temporarily overriding HOME='/home/runner/_work/_temp/ab7523b7-32bc-4c37-87ed-d02e28bef293' before making global git config changes
handle-success	Post Checkout code	2026-02-24T11:42:28.0739911Z Adding repository directory to the temporary git global config as a safe directory
handle-success	Post Checkout code	2026-02-24T11:42:28.0744737Z [command]/usr/bin/git config --global --add safe.directory /home/runner/_work/ka0s/ka0s
handle-success	Post Checkout code	2026-02-24T11:42:28.0805459Z [command]/usr/bin/git config --local --name-only --get-regexp core\.sshCommand
handle-success	Post Checkout code	2026-02-24T11:42:28.0852070Z [command]/usr/bin/git submodule foreach --recursive sh -c "git config --local --name-only --get-regexp 'core\.sshCommand' && git config --local --unset-all 'core.sshCommand' || :"
handle-success	Post Checkout code	2026-02-24T11:42:28.1195117Z [command]/usr/bin/git config --local --name-only --get-regexp http\.https\:\/\/github\.com\/\.extraheader
handle-success	Post Checkout code	2026-02-24T11:42:28.1225219Z http.https://github.com/.extraheader
handle-success	Post Checkout code	2026-02-24T11:42:28.1240154Z [command]/usr/bin/git config --local --unset-all http.https://github.com/.extraheader
handle-success	Post Checkout code	2026-02-24T11:42:28.1285593Z [command]/usr/bin/git submodule foreach --recursive sh -c "git config --local --name-only --get-regexp 'http\.https\:\/\/github\.com\/\.extraheader' && git config --local --unset-all 'http.https://github.com/.extraheader' || :"
handle-success	Post Checkout code	2026-02-24T11:42:28.1635539Z [command]/usr/bin/git config --local --name-only --get-regexp ^includeIf\.gitdir:
handle-success	Post Checkout code	2026-02-24T11:42:28.1679643Z [command]/usr/bin/git submodule foreach --recursive git config --local --show-origin --name-only --get-regexp remote.origin.url
handle-success	Complete job	Ôªø2026-02-24T11:42:28.2161533Z Cleaning up orphan processes
end-workflow	Set up job	Ôªø2026-02-24T11:42:40.3072230Z Current runner version: '2.331.0'
end-workflow	Set up job	2026-02-24T11:42:40.3080875Z Runner name: 'swarm-runners-scaleset-hkss5-runner-z6fn6'
end-workflow	Set up job	2026-02-24T11:42:40.3082601Z Runner group name: 'Default'
end-workflow	Set up job	2026-02-24T11:42:40.3083690Z Machine name: 'swarm-runners-scaleset-hkss5-runner-z6fn6'
end-workflow	Set up job	2026-02-24T11:42:40.3087753Z ##[group]GITHUB_TOKEN Permissions
end-workflow	Set up job	2026-02-24T11:42:40.3091120Z Actions: write
end-workflow	Set up job	2026-02-24T11:42:40.3092042Z Contents: write
end-workflow	Set up job	2026-02-24T11:42:40.3092778Z Issues: write
end-workflow	Set up job	2026-02-24T11:42:40.3093332Z Metadata: read
end-workflow	Set up job	2026-02-24T11:42:40.3093932Z PullRequests: write
end-workflow	Set up job	2026-02-24T11:42:40.3094543Z ##[endgroup]
end-workflow	Set up job	2026-02-24T11:42:40.3096745Z Secret source: Actions
end-workflow	Set up job	2026-02-24T11:42:40.3097527Z Prepare workflow directory
end-workflow	Set up job	2026-02-24T11:42:40.3675013Z Prepare all required actions
end-workflow	Set up job	2026-02-24T11:42:40.3714417Z Getting action download info
end-workflow	Set up job	2026-02-24T11:42:40.9855144Z Download action repository 'actions/checkout@v4' (SHA:34e114876b0b11c390a56381ad16ebd13914f8d5)
end-workflow	Set up job	2026-02-24T11:42:41.9956757Z Complete job name: end-workflow
end-workflow	Checkout Repository	Ôªø2026-02-24T11:42:42.0587796Z ##[group]Run actions/checkout@v4
end-workflow	Checkout Repository	2026-02-24T11:42:42.0588888Z with:
end-workflow	Checkout Repository	2026-02-24T11:42:42.0589299Z   fetch-depth: 0
end-workflow	Checkout Repository	2026-02-24T11:42:42.0589717Z   repository: Ka0s-Klaus/ka0s
end-workflow	Checkout Repository	2026-02-24T11:42:42.0590457Z   token: ***
end-workflow	Checkout Repository	2026-02-24T11:42:42.0590850Z   ssh-strict: true
end-workflow	Checkout Repository	2026-02-24T11:42:42.0591252Z   ssh-user: git
end-workflow	Checkout Repository	2026-02-24T11:42:42.0591969Z   persist-credentials: true
end-workflow	Checkout Repository	2026-02-24T11:42:42.0592572Z   clean: true
end-workflow	Checkout Repository	2026-02-24T11:42:42.0592979Z   sparse-checkout-cone-mode: true
end-workflow	Checkout Repository	2026-02-24T11:42:42.0593486Z   fetch-tags: false
end-workflow	Checkout Repository	2026-02-24T11:42:42.0593893Z   show-progress: true
end-workflow	Checkout Repository	2026-02-24T11:42:42.0594313Z   lfs: false
end-workflow	Checkout Repository	2026-02-24T11:42:42.0594713Z   submodules: false
end-workflow	Checkout Repository	2026-02-24T11:42:42.0595124Z   set-safe-directory: true
end-workflow	Checkout Repository	2026-02-24T11:42:42.0595838Z env:
end-workflow	Checkout Repository	2026-02-24T11:42:42.0596232Z   PYTHON_VERSION: 3.9
end-workflow	Checkout Repository	2026-02-24T11:42:42.0597439Z   MONGO_SUPERUSER_CONNECTION: ***
end-workflow	Checkout Repository	2026-02-24T11:42:42.0598130Z   MONGO_NEW_PASS: ***
end-workflow	Checkout Repository	2026-02-24T11:42:42.0598715Z   MONGO_SCRIPT_CREATE: devops/core/mongo/scripts/add-doc-to-db.py
end-workflow	Checkout Repository	2026-02-24T11:42:42.0599465Z   KAOS_CODE: 22349254694
end-workflow	Checkout Repository	2026-02-24T11:42:42.0599954Z   KAOS_MODULE: [Ka0s] Autom add docs to MongoDB
end-workflow	Checkout Repository	2026-02-24T11:42:42.0600518Z   REPORT_SCAN: audit/
end-workflow	Checkout Repository	2026-02-24T11:42:42.0600954Z   REPORT_PATH: audit/mongodb/
end-workflow	Checkout Repository	2026-02-24T11:42:42.0601466Z   REPORT_FILENAME: mongo_setup_22349254694.json
end-workflow	Checkout Repository	2026-02-24T11:42:42.0602542Z   REPORT_FILENAME_LIST: mongo_list_22349254694.json
end-workflow	Checkout Repository	2026-02-24T11:42:42.0603209Z   REPORT_FILENAME_DB: mongo_create_db_22349254694.json
end-workflow	Checkout Repository	2026-02-24T11:42:42.0603804Z ##[endgroup]
end-workflow	Checkout Repository	2026-02-24T11:42:42.1853627Z Syncing repository: Ka0s-Klaus/ka0s
end-workflow	Checkout Repository	2026-02-24T11:42:42.1855721Z ##[group]Getting Git version info
end-workflow	Checkout Repository	2026-02-24T11:42:42.1856516Z Working directory is '/home/runner/_work/ka0s/ka0s'
end-workflow	Checkout Repository	2026-02-24T11:42:42.1857637Z [command]/usr/bin/git version
end-workflow	Checkout Repository	2026-02-24T11:42:42.1858191Z git version 2.52.0
end-workflow	Checkout Repository	2026-02-24T11:42:42.1887505Z ##[endgroup]
end-workflow	Checkout Repository	2026-02-24T11:42:42.1905460Z Temporarily overriding HOME='/home/runner/_work/_temp/3e30e71d-bfa8-492a-adc9-f2b4681fdceb' before making global git config changes
end-workflow	Checkout Repository	2026-02-24T11:42:42.1907211Z Adding repository directory to the temporary git global config as a safe directory
end-workflow	Checkout Repository	2026-02-24T11:42:42.1912168Z [command]/usr/bin/git config --global --add safe.directory /home/runner/_work/ka0s/ka0s
end-workflow	Checkout Repository	2026-02-24T11:42:42.1959606Z Deleting the contents of '/home/runner/_work/ka0s/ka0s'
end-workflow	Checkout Repository	2026-02-24T11:42:42.1965071Z ##[group]Initializing the repository
end-workflow	Checkout Repository	2026-02-24T11:42:42.1969695Z [command]/usr/bin/git init /home/runner/_work/ka0s/ka0s
end-workflow	Checkout Repository	2026-02-24T11:42:42.2028598Z hint: Using 'master' as the name for the initial branch. This default branch name
end-workflow	Checkout Repository	2026-02-24T11:42:42.2029771Z hint: will change to "main" in Git 3.0. To configure the initial branch name
end-workflow	Checkout Repository	2026-02-24T11:42:42.2030781Z hint: to use in all of your new repositories, which will suppress this warning,
end-workflow	Checkout Repository	2026-02-24T11:42:42.2031549Z hint: call:
end-workflow	Checkout Repository	2026-02-24T11:42:42.2032141Z hint:
end-workflow	Checkout Repository	2026-02-24T11:42:42.2032638Z hint: 	git config --global init.defaultBranch <name>
end-workflow	Checkout Repository	2026-02-24T11:42:42.2033227Z hint:
end-workflow	Checkout Repository	2026-02-24T11:42:42.2034514Z hint: Names commonly chosen instead of 'master' are 'main', 'trunk' and
end-workflow	Checkout Repository	2026-02-24T11:42:42.2035702Z hint: 'development'. The just-created branch can be renamed via this command:
end-workflow	Checkout Repository	2026-02-24T11:42:42.2036572Z hint:
end-workflow	Checkout Repository	2026-02-24T11:42:42.2036972Z hint: 	git branch -m <name>
end-workflow	Checkout Repository	2026-02-24T11:42:42.2037436Z hint:
end-workflow	Checkout Repository	2026-02-24T11:42:42.2038321Z hint: Disable this message with "git config set advice.defaultBranchName false"
end-workflow	Checkout Repository	2026-02-24T11:42:42.2039734Z Initialized empty Git repository in /home/runner/_work/ka0s/ka0s/.git/
end-workflow	Checkout Repository	2026-02-24T11:42:42.2044550Z [command]/usr/bin/git remote add origin https://github.com/Ka0s-Klaus/ka0s
end-workflow	Checkout Repository	2026-02-24T11:42:42.2088392Z ##[endgroup]
end-workflow	Checkout Repository	2026-02-24T11:42:42.2093157Z ##[group]Disabling automatic garbage collection
end-workflow	Checkout Repository	2026-02-24T11:42:42.2093877Z [command]/usr/bin/git config --local gc.auto 0
end-workflow	Checkout Repository	2026-02-24T11:42:42.2133448Z ##[endgroup]
end-workflow	Checkout Repository	2026-02-24T11:42:42.2134244Z ##[group]Setting up auth
end-workflow	Checkout Repository	2026-02-24T11:42:42.2142239Z [command]/usr/bin/git config --local --name-only --get-regexp core\.sshCommand
end-workflow	Checkout Repository	2026-02-24T11:42:42.2187413Z [command]/usr/bin/git submodule foreach --recursive sh -c "git config --local --name-only --get-regexp 'core\.sshCommand' && git config --local --unset-all 'core.sshCommand' || :"
end-workflow	Checkout Repository	2026-02-24T11:42:42.2532600Z [command]/usr/bin/git config --local --name-only --get-regexp http\.https\:\/\/github\.com\/\.extraheader
end-workflow	Checkout Repository	2026-02-24T11:42:42.2572620Z [command]/usr/bin/git submodule foreach --recursive sh -c "git config --local --name-only --get-regexp 'http\.https\:\/\/github\.com\/\.extraheader' && git config --local --unset-all 'http.https://github.com/.extraheader' || :"
end-workflow	Checkout Repository	2026-02-24T11:42:42.2949137Z [command]/usr/bin/git config --local --name-only --get-regexp ^includeIf\.gitdir:
end-workflow	Checkout Repository	2026-02-24T11:42:42.2993115Z [command]/usr/bin/git submodule foreach --recursive git config --local --show-origin --name-only --get-regexp remote.origin.url
end-workflow	Checkout Repository	2026-02-24T11:42:42.3331132Z [command]/usr/bin/git config --local http.https://github.com/.extraheader AUTHORIZATION: basic ***
end-workflow	Checkout Repository	2026-02-24T11:42:42.3382526Z ##[endgroup]
end-workflow	Checkout Repository	2026-02-24T11:42:42.3383540Z ##[group]Fetching the repository
end-workflow	Checkout Repository	2026-02-24T11:42:42.3391522Z [command]/usr/bin/git -c protocol.version=2 fetch --prune --no-recurse-submodules origin +refs/heads/*:refs/remotes/origin/* +refs/tags/*:refs/tags/*
end-workflow	Checkout Repository	2026-02-24T11:43:04.1212234Z From https://github.com/Ka0s-Klaus/ka0s
end-workflow	Checkout Repository	2026-02-24T11:43:04.1213122Z  * [new branch]          F3450-modelo-operativo -> origin/F3450-modelo-operativo
end-workflow	Checkout Repository	2026-02-24T11:43:04.1213802Z  * [new branch]          H1276-modulo-observabilidad -> origin/H1276-modulo-observabilidad
end-workflow	Checkout Repository	2026-02-24T11:43:04.1214468Z  * [new branch]          H3596-deploy-itop      -> origin/H3596-deploy-itop
end-workflow	Checkout Repository	2026-02-24T11:43:04.1215238Z  * [new branch]          H4170-flujo-detallado-zabbix---github -> origin/H4170-flujo-detallado-zabbix---github
end-workflow	Checkout Repository	2026-02-24T11:43:04.1216012Z  * [new branch]          H4191-request-cambios  -> origin/H4191-request-cambios
end-workflow	Checkout Repository	2026-02-24T11:43:04.1216861Z  * [new branch]          H4200-request-recomendaciones-de-auditoria -> origin/H4200-request-recomendaciones-de-auditoria
end-workflow	Checkout Repository	2026-02-24T11:43:04.1217705Z  * [new branch]          main                   -> origin/main
end-workflow	Checkout Repository	2026-02-24T11:43:04.1218154Z  * [new tag]             0.0.0                  -> 0.0.0
end-workflow	Checkout Repository	2026-02-24T11:43:04.1218626Z  * [new tag]             0.0.1                  -> 0.0.1
end-workflow	Checkout Repository	2026-02-24T11:43:04.1219051Z  * [new tag]             0.0.10                 -> 0.0.10
end-workflow	Checkout Repository	2026-02-24T11:43:04.1219506Z  * [new tag]             0.0.100                -> 0.0.100
end-workflow	Checkout Repository	2026-02-24T11:43:04.1219941Z  * [new tag]             0.0.101                -> 0.0.101
end-workflow	Checkout Repository	2026-02-24T11:43:04.1220487Z  * [new tag]             0.0.102                -> 0.0.102
end-workflow	Checkout Repository	2026-02-24T11:43:04.1220998Z  * [new tag]             0.0.103                -> 0.0.103
end-workflow	Checkout Repository	2026-02-24T11:43:04.1221472Z  * [new tag]             0.0.104                -> 0.0.104
end-workflow	Checkout Repository	2026-02-24T11:43:04.1222086Z  * [new tag]             0.0.105                -> 0.0.105
end-workflow	Checkout Repository	2026-02-24T11:43:04.1222517Z  * [new tag]             0.0.106                -> 0.0.106
end-workflow	Checkout Repository	2026-02-24T11:43:04.1223487Z  * [new tag]             0.0.107                -> 0.0.107
end-workflow	Checkout Repository	2026-02-24T11:43:04.1223917Z  * [new tag]             0.0.108                -> 0.0.108
end-workflow	Checkout Repository	2026-02-24T11:43:04.1224340Z  * [new tag]             0.0.109                -> 0.0.109
end-workflow	Checkout Repository	2026-02-24T11:43:04.1224756Z  * [new tag]             0.0.11                 -> 0.0.11
end-workflow	Checkout Repository	2026-02-24T11:43:04.1225201Z  * [new tag]             0.0.110                -> 0.0.110
end-workflow	Checkout Repository	2026-02-24T11:43:04.1225623Z  * [new tag]             0.0.111                -> 0.0.111
end-workflow	Checkout Repository	2026-02-24T11:43:04.1226048Z  * [new tag]             0.0.112                -> 0.0.112
end-workflow	Checkout Repository	2026-02-24T11:43:04.1226477Z  * [new tag]             0.0.113                -> 0.0.113
end-workflow	Checkout Repository	2026-02-24T11:43:04.1226893Z  * [new tag]             0.0.114                -> 0.0.114
end-workflow	Checkout Repository	2026-02-24T11:43:04.1227324Z  * [new tag]             0.0.115                -> 0.0.115
end-workflow	Checkout Repository	2026-02-24T11:43:04.1227764Z  * [new tag]             0.0.116                -> 0.0.116
end-workflow	Checkout Repository	2026-02-24T11:43:04.1228276Z  * [new tag]             0.0.117                -> 0.0.117
end-workflow	Checkout Repository	2026-02-24T11:43:04.1229073Z  * [new tag]             0.0.118                -> 0.0.118
end-workflow	Checkout Repository	2026-02-24T11:43:04.1229503Z  * [new tag]             0.0.119                -> 0.0.119
end-workflow	Checkout Repository	2026-02-24T11:43:04.1229979Z  * [new tag]             0.0.12                 -> 0.0.12
end-workflow	Checkout Repository	2026-02-24T11:43:04.1230403Z  * [new tag]             0.0.120                -> 0.0.120
end-workflow	Checkout Repository	2026-02-24T11:43:04.1230830Z  * [new tag]             0.0.121                -> 0.0.121
end-workflow	Checkout Repository	2026-02-24T11:43:04.1231301Z  * [new tag]             0.0.122                -> 0.0.122
end-workflow	Checkout Repository	2026-02-24T11:43:04.1231899Z  * [new tag]             0.0.123                -> 0.0.123
end-workflow	Checkout Repository	2026-02-24T11:43:04.1232328Z  * [new tag]             0.0.124                -> 0.0.124
end-workflow	Checkout Repository	2026-02-24T11:43:04.1232757Z  * [new tag]             0.0.125                -> 0.0.125
end-workflow	Checkout Repository	2026-02-24T11:43:04.1233182Z  * [new tag]             0.0.126                -> 0.0.126
end-workflow	Checkout Repository	2026-02-24T11:43:04.1233600Z  * [new tag]             0.0.127                -> 0.0.127
end-workflow	Checkout Repository	2026-02-24T11:43:04.1234018Z  * [new tag]             0.0.128                -> 0.0.128
end-workflow	Checkout Repository	2026-02-24T11:43:04.1234465Z  * [new tag]             0.0.129                -> 0.0.129
end-workflow	Checkout Repository	2026-02-24T11:43:04.1234917Z  * [new tag]             0.0.13                 -> 0.0.13
end-workflow	Checkout Repository	2026-02-24T11:43:04.1235336Z  * [new tag]             0.0.130                -> 0.0.130
end-workflow	Checkout Repository	2026-02-24T11:43:04.1235870Z  * [new tag]             0.0.131                -> 0.0.131
end-workflow	Checkout Repository	2026-02-24T11:43:04.1308743Z  * [new tag]             0.0.132                -> 0.0.132
end-workflow	Checkout Repository	2026-02-24T11:43:04.1309298Z  * [new tag]             0.0.133                -> 0.0.133
end-workflow	Checkout Repository	2026-02-24T11:43:04.1309838Z  * [new tag]             0.0.134                -> 0.0.134
end-workflow	Checkout Repository	2026-02-24T11:43:04.1310284Z  * [new tag]             0.0.135                -> 0.0.135
end-workflow	Checkout Repository	2026-02-24T11:43:04.1310752Z  * [new tag]             0.0.136                -> 0.0.136
end-workflow	Checkout Repository	2026-02-24T11:43:04.1311162Z  * [new tag]             0.0.137                -> 0.0.137
end-workflow	Checkout Repository	2026-02-24T11:43:04.1311569Z  * [new tag]             0.0.138                -> 0.0.138
end-workflow	Checkout Repository	2026-02-24T11:43:04.1312491Z  * [new tag]             0.0.139                -> 0.0.139
end-workflow	Checkout Repository	2026-02-24T11:43:04.1312898Z  * [new tag]             0.0.14                 -> 0.0.14
end-workflow	Checkout Repository	2026-02-24T11:43:04.1313299Z  * [new tag]             0.0.140                -> 0.0.140
end-workflow	Checkout Repository	2026-02-24T11:43:04.1313695Z  * [new tag]             0.0.141                -> 0.0.141
end-workflow	Checkout Repository	2026-02-24T11:43:04.1314101Z  * [new tag]             0.0.142                -> 0.0.142
end-workflow	Checkout Repository	2026-02-24T11:43:04.1314508Z  * [new tag]             0.0.143                -> 0.0.143
end-workflow	Checkout Repository	2026-02-24T11:43:04.1314911Z  * [new tag]             0.0.144                -> 0.0.144
end-workflow	Checkout Repository	2026-02-24T11:43:04.1315345Z  * [new tag]             0.0.145                -> 0.0.145
end-workflow	Checkout Repository	2026-02-24T11:43:04.1315751Z  * [new tag]             0.0.146                -> 0.0.146
end-workflow	Checkout Repository	2026-02-24T11:43:04.1316158Z  * [new tag]             0.0.147                -> 0.0.147
end-workflow	Checkout Repository	2026-02-24T11:43:04.1316567Z  * [new tag]             0.0.148                -> 0.0.148
end-workflow	Checkout Repository	2026-02-24T11:43:04.1316966Z  * [new tag]             0.0.149                -> 0.0.149
end-workflow	Checkout Repository	2026-02-24T11:43:04.1317722Z  * [new tag]             0.0.15                 -> 0.0.15
end-workflow	Checkout Repository	2026-02-24T11:43:04.1318179Z  * [new tag]             0.0.150                -> 0.0.150
end-workflow	Checkout Repository	2026-02-24T11:43:04.1318582Z  * [new tag]             0.0.151                -> 0.0.151
end-workflow	Checkout Repository	2026-02-24T11:43:04.1318977Z  * [new tag]             0.0.152                -> 0.0.152
end-workflow	Checkout Repository	2026-02-24T11:43:04.1319386Z  * [new tag]             0.0.153                -> 0.0.153
end-workflow	Checkout Repository	2026-02-24T11:43:04.1319801Z  * [new tag]             0.0.154                -> 0.0.154
end-workflow	Checkout Repository	2026-02-24T11:43:04.1320206Z  * [new tag]             0.0.155                -> 0.0.155
end-workflow	Checkout Repository	2026-02-24T11:43:04.1320618Z  * [new tag]             0.0.156                -> 0.0.156
end-workflow	Checkout Repository	2026-02-24T11:43:04.1321175Z  * [new tag]             0.0.157                -> 0.0.157
end-workflow	Checkout Repository	2026-02-24T11:43:04.1322003Z  * [new tag]             0.0.158                -> 0.0.158
end-workflow	Checkout Repository	2026-02-24T11:43:04.1322543Z  * [new tag]             0.0.159                -> 0.0.159
end-workflow	Checkout Repository	2026-02-24T11:43:04.1322958Z  * [new tag]             0.0.16                 -> 0.0.16
end-workflow	Checkout Repository	2026-02-24T11:43:04.1323666Z  * [new tag]             0.0.160                -> 0.0.160
end-workflow	Checkout Repository	2026-02-24T11:43:04.1324257Z  * [new tag]             0.0.161                -> 0.0.161
end-workflow	Checkout Repository	2026-02-24T11:43:04.1324799Z  * [new tag]             0.0.162                -> 0.0.162
end-workflow	Checkout Repository	2026-02-24T11:43:04.1325225Z  * [new tag]             0.0.163                -> 0.0.163
end-workflow	Checkout Repository	2026-02-24T11:43:04.1325756Z  * [new tag]             0.0.164                -> 0.0.164
end-workflow	Checkout Repository	2026-02-24T11:43:04.1326147Z  * [new tag]             0.0.165                -> 0.0.165
end-workflow	Checkout Repository	2026-02-24T11:43:04.1326852Z  * [new tag]             0.0.166                -> 0.0.166
end-workflow	Checkout Repository	2026-02-24T11:43:04.1327268Z  * [new tag]             0.0.167                -> 0.0.167
end-workflow	Checkout Repository	2026-02-24T11:43:04.1327790Z  * [new tag]             0.0.168                -> 0.0.168
end-workflow	Checkout Repository	2026-02-24T11:43:04.1328324Z  * [new tag]             0.0.169                -> 0.0.169
end-workflow	Checkout Repository	2026-02-24T11:43:04.1328726Z  * [new tag]             0.0.17                 -> 0.0.17
end-workflow	Checkout Repository	2026-02-24T11:43:04.1329140Z  * [new tag]             0.0.170                -> 0.0.170
end-workflow	Checkout Repository	2026-02-24T11:43:04.1329539Z  * [new tag]             0.0.171                -> 0.0.171
end-workflow	Checkout Repository	2026-02-24T11:43:04.1329933Z  * [new tag]             0.0.172                -> 0.0.172
end-workflow	Checkout Repository	2026-02-24T11:43:04.1330327Z  * [new tag]             0.0.173                -> 0.0.173
end-workflow	Checkout Repository	2026-02-24T11:43:04.1330719Z  * [new tag]             0.0.174                -> 0.0.174
end-workflow	Checkout Repository	2026-02-24T11:43:04.1331406Z  * [new tag]             0.0.175                -> 0.0.175
end-workflow	Checkout Repository	2026-02-24T11:43:04.1332056Z  * [new tag]             0.0.176                -> 0.0.176
end-workflow	Checkout Repository	2026-02-24T11:43:04.1332462Z  * [new tag]             0.0.177                -> 0.0.177
end-workflow	Checkout Repository	2026-02-24T11:43:04.1332871Z  * [new tag]             0.0.178                -> 0.0.178
end-workflow	Checkout Repository	2026-02-24T11:43:04.1333278Z  * [new tag]             0.0.179                -> 0.0.179
end-workflow	Checkout Repository	2026-02-24T11:43:04.1333688Z  * [new tag]             0.0.18                 -> 0.0.18
end-workflow	Checkout Repository	2026-02-24T11:43:04.1334092Z  * [new tag]             0.0.19                 -> 0.0.19
end-workflow	Checkout Repository	2026-02-24T11:43:04.1334524Z  * [new tag]             0.0.2                  -> 0.0.2
end-workflow	Checkout Repository	2026-02-24T11:43:04.1335366Z  * [new tag]             0.0.20                 -> 0.0.20
end-workflow	Checkout Repository	2026-02-24T11:43:04.1335914Z  * [new tag]             0.0.21                 -> 0.0.21
end-workflow	Checkout Repository	2026-02-24T11:43:04.1336441Z  * [new tag]             0.0.22                 -> 0.0.22
end-workflow	Checkout Repository	2026-02-24T11:43:04.1336833Z  * [new tag]             0.0.23                 -> 0.0.23
end-workflow	Checkout Repository	2026-02-24T11:43:04.1337226Z  * [new tag]             0.0.24                 -> 0.0.24
end-workflow	Checkout Repository	2026-02-24T11:43:04.1337620Z  * [new tag]             0.0.25                 -> 0.0.25
end-workflow	Checkout Repository	2026-02-24T11:43:04.1338025Z  * [new tag]             0.0.26                 -> 0.0.26
end-workflow	Checkout Repository	2026-02-24T11:43:04.1338417Z  * [new tag]             0.0.27                 -> 0.0.27
end-workflow	Checkout Repository	2026-02-24T11:43:04.1338814Z  * [new tag]             0.0.28                 -> 0.0.28
end-workflow	Checkout Repository	2026-02-24T11:43:04.1339213Z  * [new tag]             0.0.29                 -> 0.0.29
end-workflow	Checkout Repository	2026-02-24T11:43:04.1339612Z  * [new tag]             0.0.3                  -> 0.0.3
end-workflow	Checkout Repository	2026-02-24T11:43:04.1340253Z  * [new tag]             0.0.30                 -> 0.0.30
end-workflow	Checkout Repository	2026-02-24T11:43:04.1340650Z  * [new tag]             0.0.31                 -> 0.0.31
end-workflow	Checkout Repository	2026-02-24T11:43:04.1341048Z  * [new tag]             0.0.32                 -> 0.0.32
end-workflow	Checkout Repository	2026-02-24T11:43:04.1341441Z  * [new tag]             0.0.33                 -> 0.0.33
end-workflow	Checkout Repository	2026-02-24T11:43:04.1342068Z  * [new tag]             0.0.34                 -> 0.0.34
end-workflow	Checkout Repository	2026-02-24T11:43:04.1342720Z  * [new tag]             0.0.35                 -> 0.0.35
end-workflow	Checkout Repository	2026-02-24T11:43:04.1343109Z  * [new tag]             0.0.36                 -> 0.0.36
end-workflow	Checkout Repository	2026-02-24T11:43:04.1343498Z  * [new tag]             0.0.37                 -> 0.0.37
end-workflow	Checkout Repository	2026-02-24T11:43:04.1343894Z  * [new tag]             0.0.38                 -> 0.0.38
end-workflow	Checkout Repository	2026-02-24T11:43:04.1344288Z  * [new tag]             0.0.39                 -> 0.0.39
end-workflow	Checkout Repository	2026-02-24T11:43:04.1344677Z  * [new tag]             0.0.4                  -> 0.0.4
end-workflow	Checkout Repository	2026-02-24T11:43:04.1345070Z  * [new tag]             0.0.40                 -> 0.0.40
end-workflow	Checkout Repository	2026-02-24T11:43:04.1345692Z  * [new tag]             0.0.41                 -> 0.0.41
end-workflow	Checkout Repository	2026-02-24T11:43:04.1346092Z  * [new tag]             0.0.42                 -> 0.0.42
end-workflow	Checkout Repository	2026-02-24T11:43:04.1346486Z  * [new tag]             0.0.43                 -> 0.0.43
end-workflow	Checkout Repository	2026-02-24T11:43:04.1346884Z  * [new tag]             0.0.44                 -> 0.0.44
end-workflow	Checkout Repository	2026-02-24T11:43:04.1347283Z  * [new tag]             0.0.45                 -> 0.0.45
end-workflow	Checkout Repository	2026-02-24T11:43:04.1347677Z  * [new tag]             0.0.46                 -> 0.0.46
end-workflow	Checkout Repository	2026-02-24T11:43:04.1348075Z  * [new tag]             0.0.47                 -> 0.0.47
end-workflow	Checkout Repository	2026-02-24T11:43:04.1348470Z  * [new tag]             0.0.48                 -> 0.0.48
end-workflow	Checkout Repository	2026-02-24T11:43:04.1348867Z  * [new tag]             0.0.49                 -> 0.0.49
end-workflow	Checkout Repository	2026-02-24T11:43:04.1349260Z  * [new tag]             0.0.5                  -> 0.0.5
end-workflow	Checkout Repository	2026-02-24T11:43:04.1349656Z  * [new tag]             0.0.50                 -> 0.0.50
end-workflow	Checkout Repository	2026-02-24T11:43:04.1350068Z  * [new tag]             0.0.51                 -> 0.0.51
end-workflow	Checkout Repository	2026-02-24T11:43:04.1350464Z  * [new tag]             0.0.52                 -> 0.0.52
end-workflow	Checkout Repository	2026-02-24T11:43:04.1350854Z  * [new tag]             0.0.53                 -> 0.0.53
end-workflow	Checkout Repository	2026-02-24T11:43:04.1351249Z  * [new tag]             0.0.54                 -> 0.0.54
end-workflow	Checkout Repository	2026-02-24T11:43:04.1351944Z  * [new tag]             0.0.55                 -> 0.0.55
end-workflow	Checkout Repository	2026-02-24T11:43:04.1352633Z  * [new tag]             0.0.56                 -> 0.0.56
end-workflow	Checkout Repository	2026-02-24T11:43:04.1353030Z  * [new tag]             0.0.57                 -> 0.0.57
end-workflow	Checkout Repository	2026-02-24T11:43:04.1353425Z  * [new tag]             0.0.58                 -> 0.0.58
end-workflow	Checkout Repository	2026-02-24T11:43:04.1353822Z  * [new tag]             0.0.59                 -> 0.0.59
end-workflow	Checkout Repository	2026-02-24T11:43:04.1354213Z  * [new tag]             0.0.6                  -> 0.0.6
end-workflow	Checkout Repository	2026-02-24T11:43:04.1354605Z  * [new tag]             0.0.60                 -> 0.0.60
end-workflow	Checkout Repository	2026-02-24T11:43:04.1354997Z  * [new tag]             0.0.61                 -> 0.0.61
end-workflow	Checkout Repository	2026-02-24T11:43:04.1355402Z  * [new tag]             0.0.62                 -> 0.0.62
end-workflow	Checkout Repository	2026-02-24T11:43:04.1355788Z  * [new tag]             0.0.63                 -> 0.0.63
end-workflow	Checkout Repository	2026-02-24T11:43:04.1356177Z  * [new tag]             0.0.64                 -> 0.0.64
end-workflow	Checkout Repository	2026-02-24T11:43:04.1356571Z  * [new tag]             0.0.65                 -> 0.0.65
end-workflow	Checkout Repository	2026-02-24T11:43:04.1356958Z  * [new tag]             0.0.66                 -> 0.0.66
end-workflow	Checkout Repository	2026-02-24T11:43:04.1357352Z  * [new tag]             0.0.67                 -> 0.0.67
end-workflow	Checkout Repository	2026-02-24T11:43:04.1357745Z  * [new tag]             0.0.68                 -> 0.0.68
end-workflow	Checkout Repository	2026-02-24T11:43:04.1358135Z  * [new tag]             0.0.69                 -> 0.0.69
end-workflow	Checkout Repository	2026-02-24T11:43:04.1358522Z  * [new tag]             0.0.7                  -> 0.0.7
end-workflow	Checkout Repository	2026-02-24T11:43:04.1358910Z  * [new tag]             0.0.70                 -> 0.0.70
end-workflow	Checkout Repository	2026-02-24T11:43:04.1359303Z  * [new tag]             0.0.71                 -> 0.0.71
end-workflow	Checkout Repository	2026-02-24T11:43:04.1359687Z  * [new tag]             0.0.72                 -> 0.0.72
end-workflow	Checkout Repository	2026-02-24T11:43:04.1360306Z  * [new tag]             0.0.73                 -> 0.0.73
end-workflow	Checkout Repository	2026-02-24T11:43:04.1360697Z  * [new tag]             0.0.74                 -> 0.0.74
end-workflow	Checkout Repository	2026-02-24T11:43:04.1361085Z  * [new tag]             0.0.75                 -> 0.0.75
end-workflow	Checkout Repository	2026-02-24T11:43:04.1361471Z  * [new tag]             0.0.76                 -> 0.0.76
end-workflow	Checkout Repository	2026-02-24T11:43:04.1362276Z  * [new tag]             0.0.77                 -> 0.0.77
end-workflow	Checkout Repository	2026-02-24T11:43:04.1362793Z  * [new tag]             0.0.78                 -> 0.0.78
end-workflow	Checkout Repository	2026-02-24T11:43:04.1363184Z  * [new tag]             0.0.79                 -> 0.0.79
end-workflow	Checkout Repository	2026-02-24T11:43:04.1363569Z  * [new tag]             0.0.8                  -> 0.0.8
end-workflow	Checkout Repository	2026-02-24T11:43:04.1363962Z  * [new tag]             0.0.80                 -> 0.0.80
end-workflow	Checkout Repository	2026-02-24T11:43:04.1364355Z  * [new tag]             0.0.81                 -> 0.0.81
end-workflow	Checkout Repository	2026-02-24T11:43:04.1364738Z  * [new tag]             0.0.82                 -> 0.0.82
end-workflow	Checkout Repository	2026-02-24T11:43:04.1365129Z  * [new tag]             0.0.83                 -> 0.0.83
end-workflow	Checkout Repository	2026-02-24T11:43:04.1365738Z  * [new tag]             0.0.84                 -> 0.0.84
end-workflow	Checkout Repository	2026-02-24T11:43:04.1366133Z  * [new tag]             0.0.85                 -> 0.0.85
end-workflow	Checkout Repository	2026-02-24T11:43:04.1366661Z  * [new tag]             0.0.86                 -> 0.0.86
end-workflow	Checkout Repository	2026-02-24T11:43:04.1367181Z  * [new tag]             0.0.87                 -> 0.0.87
end-workflow	Checkout Repository	2026-02-24T11:43:04.1367568Z  * [new tag]             0.0.88                 -> 0.0.88
end-workflow	Checkout Repository	2026-02-24T11:43:04.1367960Z  * [new tag]             0.0.89                 -> 0.0.89
end-workflow	Checkout Repository	2026-02-24T11:43:04.1368348Z  * [new tag]             0.0.9                  -> 0.0.9
end-workflow	Checkout Repository	2026-02-24T11:43:04.1368737Z  * [new tag]             0.0.90                 -> 0.0.90
end-workflow	Checkout Repository	2026-02-24T11:43:04.1369134Z  * [new tag]             0.0.91                 -> 0.0.91
end-workflow	Checkout Repository	2026-02-24T11:43:04.1369521Z  * [new tag]             0.0.92                 -> 0.0.92
end-workflow	Checkout Repository	2026-02-24T11:43:04.1369910Z  * [new tag]             0.0.93                 -> 0.0.93
end-workflow	Checkout Repository	2026-02-24T11:43:04.1370307Z  * [new tag]             0.0.94                 -> 0.0.94
end-workflow	Checkout Repository	2026-02-24T11:43:04.1370705Z  * [new tag]             0.0.95                 -> 0.0.95
end-workflow	Checkout Repository	2026-02-24T11:43:04.1371089Z  * [new tag]             0.0.96                 -> 0.0.96
end-workflow	Checkout Repository	2026-02-24T11:43:04.1371482Z  * [new tag]             0.0.97                 -> 0.0.97
end-workflow	Checkout Repository	2026-02-24T11:43:04.1372320Z  * [new tag]             0.0.98                 -> 0.0.98
end-workflow	Checkout Repository	2026-02-24T11:43:04.1372719Z  * [new tag]             0.0.99                 -> 0.0.99
end-workflow	Checkout Repository	2026-02-24T11:43:04.1373107Z  * [new tag]             0.1.0                  -> 0.1.0
end-workflow	Checkout Repository	2026-02-24T11:43:04.1373496Z  * [new tag]             0.1.1                  -> 0.1.1
end-workflow	Checkout Repository	2026-02-24T11:43:04.1373889Z  * [new tag]             0.2.0                  -> 0.2.0
end-workflow	Checkout Repository	2026-02-24T11:43:04.1374271Z  * [new tag]             0.3.0                  -> 0.3.0
end-workflow	Checkout Repository	2026-02-24T11:43:04.1374661Z  * [new tag]             0.3.1                  -> 0.3.1
end-workflow	Checkout Repository	2026-02-24T11:43:04.1375071Z  * [new tag]             0.3.10                 -> 0.3.10
end-workflow	Checkout Repository	2026-02-24T11:43:04.1375490Z  * [new tag]             0.3.11                 -> 0.3.11
end-workflow	Checkout Repository	2026-02-24T11:43:04.1375885Z  * [new tag]             0.3.12                 -> 0.3.12
end-workflow	Checkout Repository	2026-02-24T11:43:04.1376274Z  * [new tag]             0.3.13                 -> 0.3.13
end-workflow	Checkout Repository	2026-02-24T11:43:04.1376661Z  * [new tag]             0.3.14                 -> 0.3.14
end-workflow	Checkout Repository	2026-02-24T11:43:04.1377054Z  * [new tag]             0.3.15                 -> 0.3.15
end-workflow	Checkout Repository	2026-02-24T11:43:04.1377444Z  * [new tag]             0.3.16                 -> 0.3.16
end-workflow	Checkout Repository	2026-02-24T11:43:04.1377829Z  * [new tag]             0.3.17                 -> 0.3.17
end-workflow	Checkout Repository	2026-02-24T11:43:04.1378220Z  * [new tag]             0.3.2                  -> 0.3.2
end-workflow	Checkout Repository	2026-02-24T11:43:04.1378611Z  * [new tag]             0.3.3                  -> 0.3.3
end-workflow	Checkout Repository	2026-02-24T11:43:04.1379140Z  * [new tag]             0.3.4                  -> 0.3.4
end-workflow	Checkout Repository	2026-02-24T11:43:04.1379810Z  * [new tag]             0.3.5                  -> 0.3.5
end-workflow	Checkout Repository	2026-02-24T11:43:04.1380209Z  * [new tag]             0.3.6                  -> 0.3.6
end-workflow	Checkout Repository	2026-02-24T11:43:04.1380874Z  * [new tag]             0.3.7                  -> 0.3.7
end-workflow	Checkout Repository	2026-02-24T11:43:04.1381273Z  * [new tag]             0.3.8                  -> 0.3.8
end-workflow	Checkout Repository	2026-02-24T11:43:04.1381904Z  * [new tag]             0.3.9                  -> 0.3.9
end-workflow	Checkout Repository	2026-02-24T11:43:04.1382553Z  * [new tag]             0.4.0                  -> 0.4.0
end-workflow	Checkout Repository	2026-02-24T11:43:04.1382941Z  * [new tag]             0.4.1                  -> 0.4.1
end-workflow	Checkout Repository	2026-02-24T11:43:04.1383325Z  * [new tag]             0.4.2                  -> 0.4.2
end-workflow	Checkout Repository	2026-02-24T11:43:04.1383717Z  * [new tag]             0.4.3                  -> 0.4.3
end-workflow	Checkout Repository	2026-02-24T11:43:04.1384103Z  * [new tag]             0.4.4                  -> 0.4.4
end-workflow	Checkout Repository	2026-02-24T11:43:04.1384487Z  * [new tag]             0.4.5                  -> 0.4.5
end-workflow	Checkout Repository	2026-02-24T11:43:04.1384872Z  * [new tag]             0.4.6                  -> 0.4.6
end-workflow	Checkout Repository	2026-02-24T11:43:04.1385262Z  * [new tag]             0.4.7                  -> 0.4.7
end-workflow	Checkout Repository	2026-02-24T11:43:04.1385647Z  * [new tag]             0.4.8                  -> 0.4.8
end-workflow	Checkout Repository	2026-02-24T11:43:04.1386287Z  * [new tag]             0.4.9                  -> 0.4.9
end-workflow	Checkout Repository	2026-02-24T11:43:04.1386674Z  * [new tag]             0.5.0                  -> 0.5.0
end-workflow	Checkout Repository	2026-02-24T11:43:04.1387058Z  * [new tag]             0.5.1                  -> 0.5.1
end-workflow	Checkout Repository	2026-02-24T11:43:04.1387444Z  * [new tag]             0.5.2                  -> 0.5.2
end-workflow	Checkout Repository	2026-02-24T11:43:04.1387825Z  * [new tag]             0.6.0                  -> 0.6.0
end-workflow	Checkout Repository	2026-02-24T11:43:04.1388209Z  * [new tag]             0.6.1                  -> 0.6.1
end-workflow	Checkout Repository	2026-02-24T11:43:04.1388596Z  * [new tag]             0.6.2                  -> 0.6.2
end-workflow	Checkout Repository	2026-02-24T11:43:04.1388981Z  * [new tag]             0.6.3                  -> 0.6.3
end-workflow	Checkout Repository	2026-02-24T11:43:04.1389363Z  * [new tag]             0.6.4                  -> 0.6.4
end-workflow	Checkout Repository	2026-02-24T11:43:04.1389748Z  * [new tag]             0.6.5                  -> 0.6.5
end-workflow	Checkout Repository	2026-02-24T11:43:04.1390134Z  * [new tag]             0.6.6                  -> 0.6.6
end-workflow	Checkout Repository	2026-02-24T11:43:04.1617499Z [command]/usr/bin/git branch --list --remote origin/main
end-workflow	Checkout Repository	2026-02-24T11:43:04.1696596Z   origin/main
end-workflow	Checkout Repository	2026-02-24T11:43:04.1708862Z [command]/usr/bin/git rev-parse refs/remotes/origin/main
end-workflow	Checkout Repository	2026-02-24T11:43:04.1739416Z b6f02df34a9d169a97b6d45aef0282aa03286226
end-workflow	Checkout Repository	2026-02-24T11:43:04.1751577Z [command]/usr/bin/git -c protocol.version=2 fetch --no-tags --prune --no-recurse-submodules origin +2045900c47a39a2650084092202b696ae09cf7ca:refs/remotes/origin/main
end-workflow	Checkout Repository	2026-02-24T11:43:04.1936024Z From https://github.com/Ka0s-Klaus/ka0s
end-workflow	Checkout Repository	2026-02-24T11:43:04.1936772Z  + b6f02df34...2045900c4 2045900c47a39a2650084092202b696ae09cf7ca -> origin/main  (forced update)
end-workflow	Checkout Repository	2026-02-24T11:43:04.1973049Z ##[endgroup]
end-workflow	Checkout Repository	2026-02-24T11:43:04.1973650Z ##[group]Determining the checkout info
end-workflow	Checkout Repository	2026-02-24T11:43:04.1974177Z ##[endgroup]
end-workflow	Checkout Repository	2026-02-24T11:43:04.1979939Z [command]/usr/bin/git sparse-checkout disable
end-workflow	Checkout Repository	2026-02-24T11:43:04.2033046Z [command]/usr/bin/git config --local --unset-all extensions.worktreeConfig
end-workflow	Checkout Repository	2026-02-24T11:43:04.2081834Z ##[group]Checking out the ref
end-workflow	Checkout Repository	2026-02-24T11:43:04.2082602Z [command]/usr/bin/git checkout --progress --force -B main refs/remotes/origin/main
end-workflow	Checkout Repository	2026-02-24T11:43:04.4671002Z Switched to a new branch 'main'
end-workflow	Checkout Repository	2026-02-24T11:43:04.4677423Z branch 'main' set up to track 'origin/main'.
end-workflow	Checkout Repository	2026-02-24T11:43:04.4720697Z ##[endgroup]
end-workflow	Checkout Repository	2026-02-24T11:43:04.4775814Z [command]/usr/bin/git log -1 --format=%H
end-workflow	Checkout Repository	2026-02-24T11:43:04.4810176Z 2045900c47a39a2650084092202b696ae09cf7ca
end-workflow	Install GH CLI	Ôªø2026-02-24T11:43:04.5091793Z Prepare all required actions
end-workflow	Install GH CLI	2026-02-24T11:43:04.5153436Z ##[group]Run ./.github/actions/install-gh-cli
end-workflow	Install GH CLI	2026-02-24T11:43:04.5153774Z env:
end-workflow	Install GH CLI	2026-02-24T11:43:04.5154239Z   PYTHON_VERSION: 3.9
end-workflow	Install GH CLI	2026-02-24T11:43:04.5155424Z   MONGO_SUPERUSER_CONNECTION: ***
end-workflow	Install GH CLI	2026-02-24T11:43:04.5156078Z   MONGO_NEW_PASS: ***
end-workflow	Install GH CLI	2026-02-24T11:43:04.5156382Z   MONGO_SCRIPT_CREATE: devops/core/mongo/scripts/add-doc-to-db.py
end-workflow	Install GH CLI	2026-02-24T11:43:04.5156748Z   KAOS_CODE: 22349254694
end-workflow	Install GH CLI	2026-02-24T11:43:04.5157002Z   KAOS_MODULE: [Ka0s] Autom add docs to MongoDB
end-workflow	Install GH CLI	2026-02-24T11:43:04.5157298Z   REPORT_SCAN: audit/
end-workflow	Install GH CLI	2026-02-24T11:43:04.5157795Z   REPORT_PATH: audit/mongodb/
end-workflow	Install GH CLI	2026-02-24T11:43:04.5158072Z   REPORT_FILENAME: mongo_setup_22349254694.json
end-workflow	Install GH CLI	2026-02-24T11:43:04.5158402Z   REPORT_FILENAME_LIST: mongo_list_22349254694.json
end-workflow	Install GH CLI	2026-02-24T11:43:04.5158754Z   REPORT_FILENAME_DB: mongo_create_db_22349254694.json
end-workflow	Install GH CLI	2026-02-24T11:43:04.5159053Z ##[endgroup]
end-workflow	Install GH CLI	2026-02-24T11:43:04.5261205Z ##[group]Run type -p curl >/dev/null || (sudo apt-get update && sudo apt-get install curl -y)
end-workflow	Install GH CLI	2026-02-24T11:43:04.5262534Z [36;1mtype -p curl >/dev/null || (sudo apt-get update && sudo apt-get install curl -y)[0m
end-workflow	Install GH CLI	2026-02-24T11:43:04.5263455Z [36;1mcurl -fsSL https://cli.github.com/packages/githubcli-archive-keyring.gpg | sudo dd of=/usr/share/keyrings/githubcli-archive-keyring.gpg \[0m
end-workflow	Install GH CLI	2026-02-24T11:43:04.5264302Z [36;1m&& sudo chmod go+r /usr/share/keyrings/githubcli-archive-keyring.gpg \[0m
end-workflow	Install GH CLI	2026-02-24T11:43:04.5265440Z [36;1m&& echo "deb [arch=$(dpkg --print-architecture) signed-by=/usr/share/keyrings/githubcli-archive-keyring.gpg] https://cli.github.com/packages stable main" | sudo tee /etc/apt/sources.list.d/github-cli.list > /dev/null \[0m
end-workflow	Install GH CLI	2026-02-24T11:43:04.5266497Z [36;1m&& sudo apt-get update \[0m
end-workflow	Install GH CLI	2026-02-24T11:43:04.5266788Z [36;1m&& sudo apt-get install gh -y[0m
end-workflow	Install GH CLI	2026-02-24T11:43:04.5283927Z shell: /usr/bin/bash --noprofile --norc -e -o pipefail {0}
end-workflow	Install GH CLI	2026-02-24T11:43:04.5295595Z env:
end-workflow	Install GH CLI	2026-02-24T11:43:04.5295823Z   PYTHON_VERSION: 3.9
end-workflow	Install GH CLI	2026-02-24T11:43:04.5296739Z   MONGO_SUPERUSER_CONNECTION: ***
end-workflow	Install GH CLI	2026-02-24T11:43:04.5297152Z   MONGO_NEW_PASS: ***
end-workflow	Install GH CLI	2026-02-24T11:43:04.5297478Z   MONGO_SCRIPT_CREATE: devops/core/mongo/scripts/add-doc-to-db.py
end-workflow	Install GH CLI	2026-02-24T11:43:04.5297858Z   KAOS_CODE: 22349254694
end-workflow	Install GH CLI	2026-02-24T11:43:04.5298126Z   KAOS_MODULE: [Ka0s] Autom add docs to MongoDB
end-workflow	Install GH CLI	2026-02-24T11:43:04.5298430Z   REPORT_SCAN: audit/
end-workflow	Install GH CLI	2026-02-24T11:43:04.5298661Z   REPORT_PATH: audit/mongodb/
end-workflow	Install GH CLI	2026-02-24T11:43:04.5298948Z   REPORT_FILENAME: mongo_setup_22349254694.json
end-workflow	Install GH CLI	2026-02-24T11:43:04.5299554Z   REPORT_FILENAME_LIST: mongo_list_22349254694.json
end-workflow	Install GH CLI	2026-02-24T11:43:04.5299931Z   REPORT_FILENAME_DB: mongo_create_db_22349254694.json
end-workflow	Install GH CLI	2026-02-24T11:43:04.5300248Z ##[endgroup]
end-workflow	Install GH CLI	2026-02-24T11:43:04.7462660Z 4+1 records in
end-workflow	Install GH CLI	2026-02-24T11:43:04.7463834Z 4+1 records out
end-workflow	Install GH CLI	2026-02-24T11:43:04.7465098Z 2270 bytes (2.3 kB, 2.2 KiB) copied, 0.191514 s, 11.9 kB/s
end-workflow	Install GH CLI	2026-02-24T11:43:04.9434938Z Get:1 https://cli.github.com/packages stable InRelease [3917 B]
end-workflow	Install GH CLI	2026-02-24T11:43:05.0508749Z Get:2 http://archive.ubuntu.com/ubuntu noble InRelease [256 kB]
end-workflow	Install GH CLI	2026-02-24T11:43:05.0671443Z Get:3 https://cli.github.com/packages stable/main amd64 Packages [357 B]
end-workflow	Install GH CLI	2026-02-24T11:43:05.1164196Z Get:4 http://security.ubuntu.com/ubuntu noble-security InRelease [126 kB]
end-workflow	Install GH CLI	2026-02-24T11:43:05.1514096Z Get:5 https://ppa.launchpadcontent.net/git-core/ppa/ubuntu noble InRelease [24.3 kB]
end-workflow	Install GH CLI	2026-02-24T11:43:05.2587481Z Get:6 https://ppa.launchpadcontent.net/git-core/ppa/ubuntu noble/main amd64 Packages [2992 B]
end-workflow	Install GH CLI	2026-02-24T11:43:05.3302760Z Get:7 http://archive.ubuntu.com/ubuntu noble-updates InRelease [126 kB]
end-workflow	Install GH CLI	2026-02-24T11:43:05.3984490Z Get:8 http://archive.ubuntu.com/ubuntu noble-backports InRelease [126 kB]
end-workflow	Install GH CLI	2026-02-24T11:43:05.4676998Z Get:9 http://archive.ubuntu.com/ubuntu noble/multiverse amd64 Packages [331 kB]
end-workflow	Install GH CLI	2026-02-24T11:43:05.5153090Z Get:10 http://archive.ubuntu.com/ubuntu noble/restricted amd64 Packages [117 kB]
end-workflow	Install GH CLI	2026-02-24T11:43:05.5334934Z Get:11 http://archive.ubuntu.com/ubuntu noble/universe amd64 Packages [19.3 MB]
end-workflow	Install GH CLI	2026-02-24T11:43:05.7595529Z Get:12 http://security.ubuntu.com/ubuntu noble-security/multiverse amd64 Packages [34.8 kB]
end-workflow	Install GH CLI	2026-02-24T11:43:05.8774417Z Get:13 http://security.ubuntu.com/ubuntu noble-security/universe amd64 Packages [1208 kB]
end-workflow	Install GH CLI	2026-02-24T11:43:05.8995781Z Get:14 http://archive.ubuntu.com/ubuntu noble/main amd64 Packages [1808 kB]
end-workflow	Install GH CLI	2026-02-24T11:43:05.9125465Z Get:15 http://archive.ubuntu.com/ubuntu noble-updates/main amd64 Packages [2253 kB]
end-workflow	Install GH CLI	2026-02-24T11:43:05.9285366Z Get:16 http://archive.ubuntu.com/ubuntu noble-updates/multiverse amd64 Packages [38.1 kB]
end-workflow	Install GH CLI	2026-02-24T11:43:05.9286673Z Get:17 http://archive.ubuntu.com/ubuntu noble-updates/restricted amd64 Packages [3409 kB]
end-workflow	Install GH CLI	2026-02-24T11:43:06.0029217Z Get:18 http://archive.ubuntu.com/ubuntu noble-updates/universe amd64 Packages [2016 kB]
end-workflow	Install GH CLI	2026-02-24T11:43:06.0254497Z Get:19 http://archive.ubuntu.com/ubuntu noble-backports/main amd64 Packages [49.5 kB]
end-workflow	Install GH CLI	2026-02-24T11:43:06.0258670Z Get:20 http://archive.ubuntu.com/ubuntu noble-backports/universe amd64 Packages [34.6 kB]
end-workflow	Install GH CLI	2026-02-24T11:43:06.2269402Z Get:21 http://security.ubuntu.com/ubuntu noble-security/main amd64 Packages [1861 kB]
end-workflow	Install GH CLI	2026-02-24T11:43:06.3568185Z Get:22 http://security.ubuntu.com/ubuntu noble-security/restricted amd64 Packages [3209 kB]
end-workflow	Install GH CLI	2026-02-24T11:43:07.4359407Z Fetched 36.4 MB in 3s (14.2 MB/s)
end-workflow	Install GH CLI	2026-02-24T11:43:08.3639816Z Reading package lists...
end-workflow	Install GH CLI	2026-02-24T11:43:09.3418997Z Reading package lists...
end-workflow	Install GH CLI	2026-02-24T11:43:09.5719645Z Building dependency tree...
end-workflow	Install GH CLI	2026-02-24T11:43:09.5720112Z Reading state information...
end-workflow	Install GH CLI	2026-02-24T11:43:10.0192284Z The following NEW packages will be installed:
end-workflow	Install GH CLI	2026-02-24T11:43:10.0215590Z   gh
end-workflow	Install GH CLI	2026-02-24T11:43:10.1293457Z 0 upgraded, 1 newly installed, 0 to remove and 26 not upgraded.
end-workflow	Install GH CLI	2026-02-24T11:43:10.1294312Z Need to get 13.8 MB of archives.
end-workflow	Install GH CLI	2026-02-24T11:43:10.1295069Z After this operation, 38.5 MB of additional disk space will be used.
end-workflow	Install GH CLI	2026-02-24T11:43:10.1296192Z Get:1 https://cli.github.com/packages stable/main amd64 gh amd64 2.87.3 [13.8 MB]
end-workflow	Install GH CLI	2026-02-24T11:43:10.7388764Z debconf: delaying package configuration, since apt-utils is not installed
end-workflow	Install GH CLI	2026-02-24T11:43:10.7800431Z Fetched 13.8 MB in 1s (26.6 MB/s)
end-workflow	Install GH CLI	2026-02-24T11:43:10.8071385Z Selecting previously unselected package gh.
end-workflow	Install GH CLI	2026-02-24T11:43:10.8109670Z (Reading database ... 
end-workflow	Install GH CLI	2026-02-24T11:43:10.8109990Z (Reading database ... 5%
end-workflow	Install GH CLI	2026-02-24T11:43:10.8110254Z (Reading database ... 10%
end-workflow	Install GH CLI	2026-02-24T11:43:10.8110518Z (Reading database ... 15%
end-workflow	Install GH CLI	2026-02-24T11:43:10.8110766Z (Reading database ... 20%
end-workflow	Install GH CLI	2026-02-24T11:43:10.8111018Z (Reading database ... 25%
end-workflow	Install GH CLI	2026-02-24T11:43:10.8111382Z (Reading database ... 30%
end-workflow	Install GH CLI	2026-02-24T11:43:10.8111831Z (Reading database ... 35%
end-workflow	Install GH CLI	2026-02-24T11:43:10.8112105Z (Reading database ... 40%
end-workflow	Install GH CLI	2026-02-24T11:43:10.8112355Z (Reading database ... 45%
end-workflow	Install GH CLI	2026-02-24T11:43:10.8112601Z (Reading database ... 50%
end-workflow	Install GH CLI	2026-02-24T11:43:10.8112845Z (Reading database ... 55%
end-workflow	Install GH CLI	2026-02-24T11:43:10.8113091Z (Reading database ... 60%
end-workflow	Install GH CLI	2026-02-24T11:43:10.8118420Z (Reading database ... 65%
end-workflow	Install GH CLI	2026-02-24T11:43:10.8139560Z (Reading database ... 70%
end-workflow	Install GH CLI	2026-02-24T11:43:10.8146208Z (Reading database ... 75%
end-workflow	Install GH CLI	2026-02-24T11:43:10.8160166Z (Reading database ... 80%
end-workflow	Install GH CLI	2026-02-24T11:43:10.8165981Z (Reading database ... 85%
end-workflow	Install GH CLI	2026-02-24T11:43:10.8177143Z (Reading database ... 90%
end-workflow	Install GH CLI	2026-02-24T11:43:10.8196839Z (Reading database ... 95%
end-workflow	Install GH CLI	2026-02-24T11:43:10.8197833Z (Reading database ... 100%
end-workflow	Install GH CLI	2026-02-24T11:43:10.8198237Z (Reading database ... 14385 files and directories currently installed.)
end-workflow	Install GH CLI	2026-02-24T11:43:10.8202679Z Preparing to unpack .../archives/gh_2.87.3_amd64.deb ...
end-workflow	Install GH CLI	2026-02-24T11:43:10.8237235Z Unpacking gh (2.87.3) ...
end-workflow	Install GH CLI	2026-02-24T11:43:11.0499592Z Setting up gh (2.87.3) ...
end-workflow	Trigger Inspector	Ôªø2026-02-24T11:43:11.0994514Z ##[group]Run echo "üîç Triggering Inspector for Audit..."
end-workflow	Trigger Inspector	2026-02-24T11:43:11.0994997Z [36;1mecho "üîç Triggering Inspector for Audit..."[0m
end-workflow	Trigger Inspector	2026-02-24T11:43:11.0995355Z [36;1mgh workflow run inspector.yml \[0m
end-workflow	Trigger Inspector	2026-02-24T11:43:11.0995653Z [36;1m  --ref main \[0m
end-workflow	Trigger Inspector	2026-02-24T11:43:11.0995924Z [36;1m  -f kaos-workflow-id="22349254694" \[0m
end-workflow	Trigger Inspector	2026-02-24T11:43:11.0996269Z [36;1m  -f kaos-user-start="github-actions"[0m
end-workflow	Trigger Inspector	2026-02-24T11:43:11.1009267Z shell: /usr/bin/bash -e {0}
end-workflow	Trigger Inspector	2026-02-24T11:43:11.1009542Z env:
end-workflow	Trigger Inspector	2026-02-24T11:43:11.1009741Z   PYTHON_VERSION: 3.9
end-workflow	Trigger Inspector	2026-02-24T11:43:11.1010721Z   MONGO_SUPERUSER_CONNECTION: ***
end-workflow	Trigger Inspector	2026-02-24T11:43:11.1011131Z   MONGO_NEW_PASS: ***
end-workflow	Trigger Inspector	2026-02-24T11:43:11.1011460Z   MONGO_SCRIPT_CREATE: devops/core/mongo/scripts/add-doc-to-db.py
end-workflow	Trigger Inspector	2026-02-24T11:43:11.1012137Z   KAOS_CODE: 22349254694
end-workflow	Trigger Inspector	2026-02-24T11:43:11.1012419Z   KAOS_MODULE: [Ka0s] Autom add docs to MongoDB
end-workflow	Trigger Inspector	2026-02-24T11:43:11.1013011Z   REPORT_SCAN: audit/
end-workflow	Trigger Inspector	2026-02-24T11:43:11.1013241Z   REPORT_PATH: audit/mongodb/
end-workflow	Trigger Inspector	2026-02-24T11:43:11.1013582Z   REPORT_FILENAME: mongo_setup_22349254694.json
end-workflow	Trigger Inspector	2026-02-24T11:43:11.1013930Z   REPORT_FILENAME_LIST: mongo_list_22349254694.json
end-workflow	Trigger Inspector	2026-02-24T11:43:11.1014301Z   REPORT_FILENAME_DB: mongo_create_db_22349254694.json
end-workflow	Trigger Inspector	2026-02-24T11:43:11.1014732Z   GH_TOKEN: ***
end-workflow	Trigger Inspector	2026-02-24T11:43:11.1014938Z ##[endgroup]
end-workflow	Trigger Inspector	2026-02-24T11:43:11.1049905Z üîç Triggering Inspector for Audit...
end-workflow	Trigger Inspector	2026-02-24T11:43:12.8495965Z https://github.com/Ka0s-Klaus/ka0s/actions/runs/22349331003
end-workflow	Post Checkout Repository	Ôªø2026-02-24T11:43:12.8668277Z Post job cleanup.
end-workflow	Post Checkout Repository	2026-02-24T11:43:12.9754265Z [command]/usr/bin/git version
end-workflow	Post Checkout Repository	2026-02-24T11:43:12.9799691Z git version 2.52.0
end-workflow	Post Checkout Repository	2026-02-24T11:43:12.9849922Z Temporarily overriding HOME='/home/runner/_work/_temp/0c2d2220-1c52-411e-b6ee-845597430b0f' before making global git config changes
end-workflow	Post Checkout Repository	2026-02-24T11:43:12.9850915Z Adding repository directory to the temporary git global config as a safe directory
end-workflow	Post Checkout Repository	2026-02-24T11:43:12.9857209Z [command]/usr/bin/git config --global --add safe.directory /home/runner/_work/ka0s/ka0s
end-workflow	Post Checkout Repository	2026-02-24T11:43:12.9907742Z [command]/usr/bin/git config --local --name-only --get-regexp core\.sshCommand
end-workflow	Post Checkout Repository	2026-02-24T11:43:12.9969577Z [command]/usr/bin/git submodule foreach --recursive sh -c "git config --local --name-only --get-regexp 'core\.sshCommand' && git config --local --unset-all 'core.sshCommand' || :"
end-workflow	Post Checkout Repository	2026-02-24T11:43:13.0308021Z [command]/usr/bin/git config --local --name-only --get-regexp http\.https\:\/\/github\.com\/\.extraheader
end-workflow	Post Checkout Repository	2026-02-24T11:43:13.0339631Z http.https://github.com/.extraheader
end-workflow	Post Checkout Repository	2026-02-24T11:43:13.0352538Z [command]/usr/bin/git config --local --unset-all http.https://github.com/.extraheader
end-workflow	Post Checkout Repository	2026-02-24T11:43:13.0394708Z [command]/usr/bin/git submodule foreach --recursive sh -c "git config --local --name-only --get-regexp 'http\.https\:\/\/github\.com\/\.extraheader' && git config --local --unset-all 'http.https://github.com/.extraheader' || :"
end-workflow	Post Checkout Repository	2026-02-24T11:43:13.0727602Z [command]/usr/bin/git config --local --name-only --get-regexp ^includeIf\.gitdir:
end-workflow	Post Checkout Repository	2026-02-24T11:43:13.0774302Z [command]/usr/bin/git submodule foreach --recursive git config --local --show-origin --name-only --get-regexp remote.origin.url
end-workflow	Complete job	Ôªø2026-02-24T11:43:13.1251534Z Cleaning up orphan processes
