audit-cluster	Set up job	ï»¿2026-02-24T07:44:33.5208256Z Current runner version: '2.331.0'
audit-cluster	Set up job	2026-02-24T07:44:33.5217530Z Runner name: 'swarm-runners-scaleset-hkss5-runner-nh5nx'
audit-cluster	Set up job	2026-02-24T07:44:33.5218700Z Runner group name: 'Default'
audit-cluster	Set up job	2026-02-24T07:44:33.5219963Z Machine name: 'swarm-runners-scaleset-hkss5-runner-nh5nx'
audit-cluster	Set up job	2026-02-24T07:44:33.5224873Z ##[group]GITHUB_TOKEN Permissions
audit-cluster	Set up job	2026-02-24T07:44:33.5228171Z Actions: write
audit-cluster	Set up job	2026-02-24T07:44:33.5228900Z Contents: write
audit-cluster	Set up job	2026-02-24T07:44:33.5229798Z Issues: write
audit-cluster	Set up job	2026-02-24T07:44:33.5230477Z Metadata: read
audit-cluster	Set up job	2026-02-24T07:44:33.5231141Z ##[endgroup]
audit-cluster	Set up job	2026-02-24T07:44:33.5234755Z Secret source: Actions
audit-cluster	Set up job	2026-02-24T07:44:33.5235686Z Prepare workflow directory
audit-cluster	Set up job	2026-02-24T07:44:33.5888204Z Prepare all required actions
audit-cluster	Set up job	2026-02-24T07:44:33.5940424Z Getting action download info
audit-cluster	Set up job	2026-02-24T07:44:34.1509144Z Download action repository 'actions/checkout@v4' (SHA:34e114876b0b11c390a56381ad16ebd13914f8d5)
audit-cluster	Set up job	2026-02-24T07:44:35.1338120Z Complete job name: audit-cluster
audit-cluster	Checkout repository	ï»¿2026-02-24T07:44:35.2268123Z ##[group]Run actions/checkout@v4
audit-cluster	Checkout repository	2026-02-24T07:44:35.2269426Z with:
audit-cluster	Checkout repository	2026-02-24T07:44:35.2270019Z   repository: Ka0s-Klaus/ka0s
audit-cluster	Checkout repository	2026-02-24T07:44:35.2270998Z   token: ***
audit-cluster	Checkout repository	2026-02-24T07:44:35.2271553Z   ssh-strict: true
audit-cluster	Checkout repository	2026-02-24T07:44:35.2272616Z   ssh-user: git
audit-cluster	Checkout repository	2026-02-24T07:44:35.2273199Z   persist-credentials: true
audit-cluster	Checkout repository	2026-02-24T07:44:35.2273821Z   clean: true
audit-cluster	Checkout repository	2026-02-24T07:44:35.2274398Z   sparse-checkout-cone-mode: true
audit-cluster	Checkout repository	2026-02-24T07:44:35.2275090Z   fetch-depth: 1
audit-cluster	Checkout repository	2026-02-24T07:44:35.2275656Z   fetch-tags: false
audit-cluster	Checkout repository	2026-02-24T07:44:35.2276231Z   show-progress: true
audit-cluster	Checkout repository	2026-02-24T07:44:35.2276817Z   lfs: false
audit-cluster	Checkout repository	2026-02-24T07:44:35.2277366Z   submodules: false
audit-cluster	Checkout repository	2026-02-24T07:44:35.2277996Z   set-safe-directory: true
audit-cluster	Checkout repository	2026-02-24T07:44:35.2278927Z env:
audit-cluster	Checkout repository	2026-02-24T07:44:35.2279526Z   KAOS_MODULE: [Ka0s] Audit Cluster Status
audit-cluster	Checkout repository	2026-02-24T07:44:35.2280237Z   KAOS_CODE: 22341385797
audit-cluster	Checkout repository	2026-02-24T07:44:35.2303360Z ##[endgroup]
audit-cluster	Checkout repository	2026-02-24T07:44:35.3686112Z Syncing repository: Ka0s-Klaus/ka0s
audit-cluster	Checkout repository	2026-02-24T07:44:35.3688865Z ##[group]Getting Git version info
audit-cluster	Checkout repository	2026-02-24T07:44:35.3689958Z Working directory is '/home/runner/_work/ka0s/ka0s'
audit-cluster	Checkout repository	2026-02-24T07:44:35.3691265Z [command]/usr/bin/git version
audit-cluster	Checkout repository	2026-02-24T07:44:35.3692821Z git version 2.52.0
audit-cluster	Checkout repository	2026-02-24T07:44:35.3726789Z ##[endgroup]
audit-cluster	Checkout repository	2026-02-24T07:44:35.3752997Z Temporarily overriding HOME='/home/runner/_work/_temp/4c6f44e9-5e89-4356-8b36-e3a1051a22d5' before making global git config changes
audit-cluster	Checkout repository	2026-02-24T07:44:35.3755555Z Adding repository directory to the temporary git global config as a safe directory
audit-cluster	Checkout repository	2026-02-24T07:44:35.3763792Z [command]/usr/bin/git config --global --add safe.directory /home/runner/_work/ka0s/ka0s
audit-cluster	Checkout repository	2026-02-24T07:44:35.3843784Z Deleting the contents of '/home/runner/_work/ka0s/ka0s'
audit-cluster	Checkout repository	2026-02-24T07:44:35.3845744Z ##[group]Initializing the repository
audit-cluster	Checkout repository	2026-02-24T07:44:35.3846642Z [command]/usr/bin/git init /home/runner/_work/ka0s/ka0s
audit-cluster	Checkout repository	2026-02-24T07:44:35.3913606Z hint: Using 'master' as the name for the initial branch. This default branch name
audit-cluster	Checkout repository	2026-02-24T07:44:35.3915710Z hint: will change to "main" in Git 3.0. To configure the initial branch name
audit-cluster	Checkout repository	2026-02-24T07:44:35.3917650Z hint: to use in all of your new repositories, which will suppress this warning,
audit-cluster	Checkout repository	2026-02-24T07:44:35.3918891Z hint: call:
audit-cluster	Checkout repository	2026-02-24T07:44:35.3919638Z hint:
audit-cluster	Checkout repository	2026-02-24T07:44:35.3920451Z hint: 	git config --global init.defaultBranch <name>
audit-cluster	Checkout repository	2026-02-24T07:44:35.3921549Z hint:
audit-cluster	Checkout repository	2026-02-24T07:44:35.3923434Z hint: Names commonly chosen instead of 'master' are 'main', 'trunk' and
audit-cluster	Checkout repository	2026-02-24T07:44:35.3933621Z hint: 'development'. The just-created branch can be renamed via this command:
audit-cluster	Checkout repository	2026-02-24T07:44:35.3935059Z hint:
audit-cluster	Checkout repository	2026-02-24T07:44:35.3935942Z hint: 	git branch -m <name>
audit-cluster	Checkout repository	2026-02-24T07:44:35.3936808Z hint:
audit-cluster	Checkout repository	2026-02-24T07:44:35.3937870Z hint: Disable this message with "git config set advice.defaultBranchName false"
audit-cluster	Checkout repository	2026-02-24T07:44:35.3939509Z Initialized empty Git repository in /home/runner/_work/ka0s/ka0s/.git/
audit-cluster	Checkout repository	2026-02-24T07:44:35.3955541Z [command]/usr/bin/git remote add origin https://github.com/Ka0s-Klaus/ka0s
audit-cluster	Checkout repository	2026-02-24T07:44:35.4037091Z ##[endgroup]
audit-cluster	Checkout repository	2026-02-24T07:44:35.4039041Z ##[group]Disabling automatic garbage collection
audit-cluster	Checkout repository	2026-02-24T07:44:35.4039984Z [command]/usr/bin/git config --local gc.auto 0
audit-cluster	Checkout repository	2026-02-24T07:44:35.4100583Z ##[endgroup]
audit-cluster	Checkout repository	2026-02-24T07:44:35.4104773Z ##[group]Setting up auth
audit-cluster	Checkout repository	2026-02-24T07:44:35.4106019Z [command]/usr/bin/git config --local --name-only --get-regexp core\.sshCommand
audit-cluster	Checkout repository	2026-02-24T07:44:35.4156139Z [command]/usr/bin/git submodule foreach --recursive sh -c "git config --local --name-only --get-regexp 'core\.sshCommand' && git config --local --unset-all 'core.sshCommand' || :"
audit-cluster	Checkout repository	2026-02-24T07:44:35.4549148Z [command]/usr/bin/git config --local --name-only --get-regexp http\.https\:\/\/github\.com\/\.extraheader
audit-cluster	Checkout repository	2026-02-24T07:44:35.4605987Z [command]/usr/bin/git submodule foreach --recursive sh -c "git config --local --name-only --get-regexp 'http\.https\:\/\/github\.com\/\.extraheader' && git config --local --unset-all 'http.https://github.com/.extraheader' || :"
audit-cluster	Checkout repository	2026-02-24T07:44:35.5270892Z [command]/usr/bin/git config --local --name-only --get-regexp ^includeIf\.gitdir:
audit-cluster	Checkout repository	2026-02-24T07:44:35.5347181Z [command]/usr/bin/git submodule foreach --recursive git config --local --show-origin --name-only --get-regexp remote.origin.url
audit-cluster	Checkout repository	2026-02-24T07:44:35.5901542Z [command]/usr/bin/git config --local http.https://github.com/.extraheader AUTHORIZATION: basic ***
audit-cluster	Checkout repository	2026-02-24T07:44:35.5971524Z ##[endgroup]
audit-cluster	Checkout repository	2026-02-24T07:44:35.5977625Z ##[group]Fetching the repository
audit-cluster	Checkout repository	2026-02-24T07:44:35.5983089Z [command]/usr/bin/git -c protocol.version=2 fetch --no-tags --prune --no-recurse-submodules --depth=1 origin +09e3acb588badd5db182cbad62feef9436bbf259:refs/remotes/origin/main
audit-cluster	Checkout repository	2026-02-24T07:44:38.2745272Z From https://github.com/Ka0s-Klaus/ka0s
audit-cluster	Checkout repository	2026-02-24T07:44:38.2748505Z  * [new ref]         09e3acb588badd5db182cbad62feef9436bbf259 -> origin/main
audit-cluster	Checkout repository	2026-02-24T07:44:38.2808677Z ##[endgroup]
audit-cluster	Checkout repository	2026-02-24T07:44:38.2810888Z ##[group]Determining the checkout info
audit-cluster	Checkout repository	2026-02-24T07:44:38.2813676Z ##[endgroup]
audit-cluster	Checkout repository	2026-02-24T07:44:38.2843647Z [command]/usr/bin/git sparse-checkout disable
audit-cluster	Checkout repository	2026-02-24T07:44:38.2926904Z [command]/usr/bin/git config --local --unset-all extensions.worktreeConfig
audit-cluster	Checkout repository	2026-02-24T07:44:38.3037466Z ##[group]Checking out the ref
audit-cluster	Checkout repository	2026-02-24T07:44:38.3054599Z [command]/usr/bin/git checkout --progress --force -B main refs/remotes/origin/main
audit-cluster	Checkout repository	2026-02-24T07:44:38.5863579Z Switched to a new branch 'main'
audit-cluster	Checkout repository	2026-02-24T07:44:38.5869185Z branch 'main' set up to track 'origin/main'.
audit-cluster	Checkout repository	2026-02-24T07:44:38.5900126Z ##[endgroup]
audit-cluster	Checkout repository	2026-02-24T07:44:38.5954011Z [command]/usr/bin/git log -1 --format=%H
audit-cluster	Checkout repository	2026-02-24T07:44:38.6001395Z 09e3acb588badd5db182cbad62feef9436bbf259
audit-cluster	Execute Cluster Audit (Status)	ï»¿2026-02-24T07:44:38.6725957Z Prepare all required actions
audit-cluster	Execute Cluster Audit (Status)	2026-02-24T07:44:38.6970907Z ##[group]Run ./.github/actions/ssh-exec
audit-cluster	Execute Cluster Audit (Status)	2026-02-24T07:44:38.6972125Z with:
audit-cluster	Execute Cluster Audit (Status)	2026-02-24T07:44:38.6973247Z   host: ***
audit-cluster	Execute Cluster Audit (Status)	2026-02-24T07:44:38.6974006Z   username: ***
audit-cluster	Execute Cluster Audit (Status)	2026-02-24T07:44:38.6977087Z   key: ***
audit-cluster	Execute Cluster Audit (Status)	2026-02-24T07:44:38.6977825Z   port: ***
audit-cluster	Execute Cluster Audit (Status)	2026-02-24T07:44:38.6978549Z   use-sudo: true
audit-cluster	Execute Cluster Audit (Status)	2026-02-24T07:44:38.6979330Z   pass: ***
audit-cluster	Execute Cluster Audit (Status)	2026-02-24T07:44:38.6980234Z   script-path: devops/core/k8s/audit-services-status.sh
audit-cluster	Execute Cluster Audit (Status)	2026-02-24T07:44:38.6981197Z   remote-results-path: /tmp/results
audit-cluster	Execute Cluster Audit (Status)	2026-02-24T07:44:38.6983869Z   local-results-path: audit/kube/
audit-cluster	Execute Cluster Audit (Status)	2026-02-24T07:44:38.6984747Z   remote-tmp-dir: /tmp
audit-cluster	Execute Cluster Audit (Status)	2026-02-24T07:44:38.6985506Z env:
audit-cluster	Execute Cluster Audit (Status)	2026-02-24T07:44:38.6986278Z   KAOS_MODULE: [Ka0s] Audit Cluster Status
audit-cluster	Execute Cluster Audit (Status)	2026-02-24T07:44:38.6987178Z   KAOS_CODE: 22341385797
audit-cluster	Execute Cluster Audit (Status)	2026-02-24T07:44:38.6987993Z ##[endgroup]
audit-cluster	Execute Cluster Audit (Status)	2026-02-24T07:44:38.7287346Z ##[group]Run echo "***
audit-cluster	Execute Cluster Audit (Status)	2026-02-24T07:44:38.7288427Z [36;1mecho "***[0m
audit-cluster	Execute Cluster Audit (Status)	2026-02-24T07:44:38.7289514Z [36;1m***[0m
audit-cluster	Execute Cluster Audit (Status)	2026-02-24T07:44:38.7290635Z [36;1m***[0m
audit-cluster	Execute Cluster Audit (Status)	2026-02-24T07:44:38.7294096Z [36;1m***[0m
audit-cluster	Execute Cluster Audit (Status)	2026-02-24T07:44:38.7295337Z [36;1m***[0m
audit-cluster	Execute Cluster Audit (Status)	2026-02-24T07:44:38.7296315Z [36;1m***[0m
audit-cluster	Execute Cluster Audit (Status)	2026-02-24T07:44:38.7297256Z [36;1m***" > /home/runner/_work/_temp/ssh_key[0m
audit-cluster	Execute Cluster Audit (Status)	2026-02-24T07:44:38.7298210Z [36;1mchmod 600 /home/runner/_work/_temp/ssh_key[0m
audit-cluster	Execute Cluster Audit (Status)	2026-02-24T07:44:38.7333643Z shell: /usr/bin/bash --noprofile --norc -e -o pipefail {0}
audit-cluster	Execute Cluster Audit (Status)	2026-02-24T07:44:38.7335169Z env:
audit-cluster	Execute Cluster Audit (Status)	2026-02-24T07:44:38.7335921Z   KAOS_MODULE: [Ka0s] Audit Cluster Status
audit-cluster	Execute Cluster Audit (Status)	2026-02-24T07:44:38.7336775Z   KAOS_CODE: 22341385797
audit-cluster	Execute Cluster Audit (Status)	2026-02-24T07:44:38.7338031Z ##[endgroup]
audit-cluster	Execute Cluster Audit (Status)	2026-02-24T07:44:38.7672464Z ##[group]Run scp -o StrictHostKeyChecking=no -i /home/runner/_work/_temp/ssh_key -P *** devops/core/k8s/audit-services-status.sh ***@***:/tmp
audit-cluster	Execute Cluster Audit (Status)	2026-02-24T07:44:38.7674405Z [36;1mscp -o StrictHostKeyChecking=no -i /home/runner/_work/_temp/ssh_key -P *** devops/core/k8s/audit-services-status.sh ***@***:/tmp[0m
audit-cluster	Execute Cluster Audit (Status)	2026-02-24T07:44:38.7687672Z shell: /usr/bin/bash --noprofile --norc -e -o pipefail {0}
audit-cluster	Execute Cluster Audit (Status)	2026-02-24T07:44:38.7688593Z env:
audit-cluster	Execute Cluster Audit (Status)	2026-02-24T07:44:38.7689317Z   KAOS_MODULE: [Ka0s] Audit Cluster Status
audit-cluster	Execute Cluster Audit (Status)	2026-02-24T07:44:38.7690132Z   KAOS_CODE: 22341385797
audit-cluster	Execute Cluster Audit (Status)	2026-02-24T07:44:38.7690861Z ##[endgroup]
audit-cluster	Execute Cluster Audit (Status)	2026-02-24T07:44:38.9053409Z Warning: Permanently added '[***]:***' (ED25519) to the list of known hosts.
audit-cluster	Execute Cluster Audit (Status)	2026-02-24T07:44:39.9734643Z ##[group]Run REMOTE_SCRIPT_PATH="/tmp/$(basename devops/core/k8s/audit-services-status.sh)"
audit-cluster	Execute Cluster Audit (Status)	2026-02-24T07:44:39.9735504Z [36;1mREMOTE_SCRIPT_PATH="/tmp/$(basename devops/core/k8s/audit-services-status.sh)"[0m
audit-cluster	Execute Cluster Audit (Status)	2026-02-24T07:44:39.9736133Z [36;1mEXEC_COMMAND="chmod +x $REMOTE_SCRIPT_PATH && $REMOTE_SCRIPT_PATH "[0m
audit-cluster	Execute Cluster Audit (Status)	2026-02-24T07:44:39.9736611Z [36;1mif [[ "true" == "true" ]]; then[0m
audit-cluster	Execute Cluster Audit (Status)	2026-02-24T07:44:39.9737547Z [36;1m  SUDO_PREFIX="echo '***' | sudo -S"[0m
audit-cluster	Execute Cluster Audit (Status)	2026-02-24T07:44:39.9761073Z [36;1m  COMMAND_CHAIN="$SUDO_PREFIX bash -c '$EXEC_COMMAND'"[0m
audit-cluster	Execute Cluster Audit (Status)	2026-02-24T07:44:39.9761576Z [36;1m  if [[ "/tmp/results" != "" ]]; then[0m
audit-cluster	Execute Cluster Audit (Status)	2026-02-24T07:44:39.9763722Z [36;1m    COMMAND_CHAIN="$COMMAND_CHAIN && $SUDO_PREFIX chmod -R 777 /tmp/results"[0m
audit-cluster	Execute Cluster Audit (Status)	2026-02-24T07:44:39.9764271Z [36;1m  fi[0m
audit-cluster	Execute Cluster Audit (Status)	2026-02-24T07:44:39.9765090Z [36;1m  ssh -o StrictHostKeyChecking=no -i /home/runner/_work/_temp/ssh_key -p *** ***@*** "$COMMAND_CHAIN && rm $REMOTE_SCRIPT_PATH"[0m
audit-cluster	Execute Cluster Audit (Status)	2026-02-24T07:44:39.9765751Z [36;1melse[0m
audit-cluster	Execute Cluster Audit (Status)	2026-02-24T07:44:39.9766388Z [36;1m  ssh -o StrictHostKeyChecking=no -i /home/runner/_work/_temp/ssh_key -p *** ***@*** "$EXEC_COMMAND && rm $REMOTE_SCRIPT_PATH"[0m
audit-cluster	Execute Cluster Audit (Status)	2026-02-24T07:44:39.9767052Z [36;1mfi[0m
audit-cluster	Execute Cluster Audit (Status)	2026-02-24T07:44:39.9791859Z shell: /usr/bin/bash --noprofile --norc -e -o pipefail {0}
audit-cluster	Execute Cluster Audit (Status)	2026-02-24T07:44:39.9792313Z env:
audit-cluster	Execute Cluster Audit (Status)	2026-02-24T07:44:39.9792585Z   KAOS_MODULE: [Ka0s] Audit Cluster Status
audit-cluster	Execute Cluster Audit (Status)	2026-02-24T07:44:39.9792914Z   KAOS_CODE: 22341385797
audit-cluster	Execute Cluster Audit (Status)	2026-02-24T07:44:39.9793187Z ##[endgroup]
audit-cluster	Execute Cluster Audit (Status)	2026-02-24T07:44:40.5207504Z [INFO] Generando informes en /tmp/results
audit-cluster	Execute Cluster Audit (Status)	2026-02-24T07:44:41.3547232Z [INFO] Markdown generado: /tmp/results/cluster-report-20260224-074440.md
audit-cluster	Execute Cluster Audit (Status)	2026-02-24T07:44:42.2763729Z [INFO] HTML generado: /tmp/results/cluster-dashboard-20260224-074440.html
audit-cluster	Execute Cluster Audit (Status)	2026-02-24T07:44:42.3920445Z [SUCCESS] AuditorÃ­a completada.
audit-cluster	Execute Cluster Audit (Status)	2026-02-24T07:44:42.4175255Z [sudo] password for ***: 
audit-cluster	Execute Cluster Audit (Status)	2026-02-24T07:44:42.4525867Z ##[group]Run mkdir -p audit/kube/
audit-cluster	Execute Cluster Audit (Status)	2026-02-24T07:44:42.4526878Z [36;1mmkdir -p audit/kube/[0m
audit-cluster	Execute Cluster Audit (Status)	2026-02-24T07:44:42.4528971Z [36;1mscp -o StrictHostKeyChecking=no -r -i /home/runner/_work/_temp/ssh_key -P *** ***@***:/tmp/results/* audit/kube/[0m
audit-cluster	Execute Cluster Audit (Status)	2026-02-24T07:44:42.4531007Z [36;1mecho "path=audit/kube/" >> $GITHUB_OUTPUT[0m
audit-cluster	Execute Cluster Audit (Status)	2026-02-24T07:44:42.4593960Z shell: /usr/bin/bash --noprofile --norc -e -o pipefail {0}
audit-cluster	Execute Cluster Audit (Status)	2026-02-24T07:44:42.4594827Z env:
audit-cluster	Execute Cluster Audit (Status)	2026-02-24T07:44:42.4595371Z   KAOS_MODULE: [Ka0s] Audit Cluster Status
audit-cluster	Execute Cluster Audit (Status)	2026-02-24T07:44:42.4596084Z   KAOS_CODE: 22341385797
audit-cluster	Execute Cluster Audit (Status)	2026-02-24T07:44:42.4596644Z ##[endgroup]
audit-cluster	Commit Audit Reports	ï»¿2026-02-24T07:44:43.2560527Z ##[group]Run git config --global user.name "Ka0s Bot"
audit-cluster	Commit Audit Reports	2026-02-24T07:44:43.2561020Z [36;1mgit config --global user.name "Ka0s Bot"[0m
audit-cluster	Commit Audit Reports	2026-02-24T07:44:43.2561423Z [36;1mgit config --global user.email "bot@ka0s.io"[0m
audit-cluster	Commit Audit Reports	2026-02-24T07:44:43.2562002Z [36;1mgit pull --rebase origin main || git pull origin main[0m
audit-cluster	Commit Audit Reports	2026-02-24T07:44:43.2562728Z [36;1mgit add audit/kube/cluster-report-*.md audit/kube/cluster-report-*.json audit/kube/cluster-dashboard-*.html || true[0m
audit-cluster	Commit Audit Reports	2026-02-24T07:44:43.2563390Z [36;1mif ! git diff --staged --quiet; then[0m
audit-cluster	Commit Audit Reports	2026-02-24T07:44:43.2564125Z [36;1m  git commit -m "[Audit] Cluster status report $(date +'%Y-%m-%d %H:%M')"[0m
audit-cluster	Commit Audit Reports	2026-02-24T07:44:43.2564669Z [36;1m  git push || (git pull --rebase origin main && git push)[0m
audit-cluster	Commit Audit Reports	2026-02-24T07:44:43.2565058Z [36;1melse[0m
audit-cluster	Commit Audit Reports	2026-02-24T07:44:43.2565360Z [36;1m  echo "No new cluster status reports to commit."[0m
audit-cluster	Commit Audit Reports	2026-02-24T07:44:43.2565716Z [36;1mfi[0m
audit-cluster	Commit Audit Reports	2026-02-24T07:44:43.2579320Z shell: /usr/bin/bash -e {0}
audit-cluster	Commit Audit Reports	2026-02-24T07:44:43.2579616Z env:
audit-cluster	Commit Audit Reports	2026-02-24T07:44:43.2579916Z   KAOS_MODULE: [Ka0s] Audit Cluster Status
audit-cluster	Commit Audit Reports	2026-02-24T07:44:43.2580239Z   KAOS_CODE: 22341385797
audit-cluster	Commit Audit Reports	2026-02-24T07:44:43.2580490Z ##[endgroup]
audit-cluster	Commit Audit Reports	2026-02-24T07:44:44.0088946Z From https://github.com/Ka0s-Klaus/ka0s
audit-cluster	Commit Audit Reports	2026-02-24T07:44:44.0089409Z  * branch            main       -> FETCH_HEAD
audit-cluster	Commit Audit Reports	2026-02-24T07:44:44.0188029Z Already up to date.
audit-cluster	Commit Audit Reports	2026-02-24T07:44:44.0422972Z [main c1166a7] [Audit] Cluster status report 2026-02-24 07:44
audit-cluster	Commit Audit Reports	2026-02-24T07:44:44.0424614Z  3 files changed, 600 insertions(+)
audit-cluster	Commit Audit Reports	2026-02-24T07:44:44.0425321Z  create mode 100755 audit/kube/cluster-dashboard-20260224-074440.html
audit-cluster	Commit Audit Reports	2026-02-24T07:44:44.0425897Z  create mode 100755 audit/kube/cluster-report-20260224-074440.json
audit-cluster	Commit Audit Reports	2026-02-24T07:44:44.0426406Z  create mode 100755 audit/kube/cluster-report-20260224-074440.md
audit-cluster	Commit Audit Reports	2026-02-24T07:44:44.8155452Z To https://github.com/Ka0s-Klaus/ka0s
audit-cluster	Commit Audit Reports	2026-02-24T07:44:44.8155900Z    09e3acb..c1166a7  main -> main
audit-cluster	Post Checkout repository	ï»¿2026-02-24T07:44:44.8365548Z Post job cleanup.
audit-cluster	Post Checkout repository	2026-02-24T07:44:44.9513986Z [command]/usr/bin/git version
audit-cluster	Post Checkout repository	2026-02-24T07:44:44.9601534Z git version 2.52.0
audit-cluster	Post Checkout repository	2026-02-24T07:44:44.9645474Z Copying '/home/runner/.gitconfig' to '/home/runner/_work/_temp/b0bb070c-9be7-4f71-a5a4-1a29e6cb265a/.gitconfig'
audit-cluster	Post Checkout repository	2026-02-24T07:44:44.9683961Z Temporarily overriding HOME='/home/runner/_work/_temp/b0bb070c-9be7-4f71-a5a4-1a29e6cb265a' before making global git config changes
audit-cluster	Post Checkout repository	2026-02-24T07:44:44.9685265Z Adding repository directory to the temporary git global config as a safe directory
audit-cluster	Post Checkout repository	2026-02-24T07:44:44.9691455Z [command]/usr/bin/git config --global --add safe.directory /home/runner/_work/ka0s/ka0s
audit-cluster	Post Checkout repository	2026-02-24T07:44:44.9783079Z [command]/usr/bin/git config --local --name-only --get-regexp core\.sshCommand
audit-cluster	Post Checkout repository	2026-02-24T07:44:44.9840152Z [command]/usr/bin/git submodule foreach --recursive sh -c "git config --local --name-only --get-regexp 'core\.sshCommand' && git config --local --unset-all 'core.sshCommand' || :"
audit-cluster	Post Checkout repository	2026-02-24T07:44:45.0323977Z [command]/usr/bin/git config --local --name-only --get-regexp http\.https\:\/\/github\.com\/\.extraheader
audit-cluster	Post Checkout repository	2026-02-24T07:44:45.0423814Z http.https://github.com/.extraheader
audit-cluster	Post Checkout repository	2026-02-24T07:44:45.0434826Z [command]/usr/bin/git config --local --unset-all http.https://github.com/.extraheader
audit-cluster	Post Checkout repository	2026-02-24T07:44:45.0527085Z [command]/usr/bin/git submodule foreach --recursive sh -c "git config --local --name-only --get-regexp 'http\.https\:\/\/github\.com\/\.extraheader' && git config --local --unset-all 'http.https://github.com/.extraheader' || :"
audit-cluster	Post Checkout repository	2026-02-24T07:44:45.1082605Z [command]/usr/bin/git config --local --name-only --get-regexp ^includeIf\.gitdir:
audit-cluster	Post Checkout repository	2026-02-24T07:44:45.1286657Z [command]/usr/bin/git submodule foreach --recursive git config --local --show-origin --name-only --get-regexp remote.origin.url
audit-cluster	Complete job	ï»¿2026-02-24T07:44:45.1929355Z Cleaning up orphan processes
handle-success	Set up job	ï»¿2026-02-24T07:44:58.0877183Z Current runner version: '2.331.0'
handle-success	Set up job	2026-02-24T07:44:58.0897297Z Runner name: 'swarm-runners-scaleset-hkss5-runner-4bldg'
handle-success	Set up job	2026-02-24T07:44:58.0898423Z Runner group name: 'Default'
handle-success	Set up job	2026-02-24T07:44:58.0899502Z Machine name: 'swarm-runners-scaleset-hkss5-runner-4bldg'
handle-success	Set up job	2026-02-24T07:44:58.0921865Z ##[group]GITHUB_TOKEN Permissions
handle-success	Set up job	2026-02-24T07:44:58.0928695Z Actions: write
handle-success	Set up job	2026-02-24T07:44:58.0929662Z Contents: write
handle-success	Set up job	2026-02-24T07:44:58.0930279Z Issues: write
handle-success	Set up job	2026-02-24T07:44:58.0930921Z Metadata: read
handle-success	Set up job	2026-02-24T07:44:58.0931413Z ##[endgroup]
handle-success	Set up job	2026-02-24T07:44:58.0944629Z Secret source: Actions
handle-success	Set up job	2026-02-24T07:44:58.0945440Z Prepare workflow directory
handle-success	Set up job	2026-02-24T07:44:58.1889592Z Prepare all required actions
handle-success	Set up job	2026-02-24T07:44:58.1941213Z Getting action download info
handle-success	Set up job	2026-02-24T07:44:58.9808078Z Download action repository 'actions/checkout@v4' (SHA:34e114876b0b11c390a56381ad16ebd13914f8d5)
handle-success	Set up job	2026-02-24T07:44:59.9675774Z Complete job name: handle-success
handle-success	Checkout repository	ï»¿2026-02-24T07:45:00.1015355Z ##[group]Run actions/checkout@v4
handle-success	Checkout repository	2026-02-24T07:45:00.1016466Z with:
handle-success	Checkout repository	2026-02-24T07:45:00.1016942Z   fetch-depth: 0
handle-success	Checkout repository	2026-02-24T07:45:00.1017420Z   repository: Ka0s-Klaus/ka0s
handle-success	Checkout repository	2026-02-24T07:45:00.1018269Z   token: ***
handle-success	Checkout repository	2026-02-24T07:45:00.1018712Z   ssh-strict: true
handle-success	Checkout repository	2026-02-24T07:45:00.1019170Z   ssh-user: git
handle-success	Checkout repository	2026-02-24T07:45:00.1019635Z   persist-credentials: true
handle-success	Checkout repository	2026-02-24T07:45:00.1020158Z   clean: true
handle-success	Checkout repository	2026-02-24T07:45:00.1020634Z   sparse-checkout-cone-mode: true
handle-success	Checkout repository	2026-02-24T07:45:00.1021222Z   fetch-tags: false
handle-success	Checkout repository	2026-02-24T07:45:00.1021868Z   show-progress: true
handle-success	Checkout repository	2026-02-24T07:45:00.1022361Z   lfs: false
handle-success	Checkout repository	2026-02-24T07:45:00.1022803Z   submodules: false
handle-success	Checkout repository	2026-02-24T07:45:00.1023307Z   set-safe-directory: true
handle-success	Checkout repository	2026-02-24T07:45:00.1024097Z env:
handle-success	Checkout repository	2026-02-24T07:45:00.1024583Z   KAOS_MODULE: [Ka0s] Audit Cluster Status
handle-success	Checkout repository	2026-02-24T07:45:00.1025201Z   KAOS_CODE: 22341385797
handle-success	Checkout repository	2026-02-24T07:45:00.1025684Z ##[endgroup]
handle-success	Checkout repository	2026-02-24T07:45:00.4511102Z Syncing repository: Ka0s-Klaus/ka0s
handle-success	Checkout repository	2026-02-24T07:45:00.4544600Z ##[group]Getting Git version info
handle-success	Checkout repository	2026-02-24T07:45:00.4545738Z Working directory is '/home/runner/_work/ka0s/ka0s'
handle-success	Checkout repository	2026-02-24T07:45:00.4546992Z [command]/usr/bin/git version
handle-success	Checkout repository	2026-02-24T07:45:00.4572955Z git version 2.52.0
handle-success	Checkout repository	2026-02-24T07:45:00.4647788Z ##[endgroup]
handle-success	Checkout repository	2026-02-24T07:45:00.4715719Z Temporarily overriding HOME='/home/runner/_work/_temp/6fa12745-5c61-47dc-b275-7cf551915682' before making global git config changes
handle-success	Checkout repository	2026-02-24T07:45:00.4743438Z Adding repository directory to the temporary git global config as a safe directory
handle-success	Checkout repository	2026-02-24T07:45:00.4744905Z [command]/usr/bin/git config --global --add safe.directory /home/runner/_work/ka0s/ka0s
handle-success	Checkout repository	2026-02-24T07:45:00.4958511Z Deleting the contents of '/home/runner/_work/ka0s/ka0s'
handle-success	Checkout repository	2026-02-24T07:45:00.5003701Z ##[group]Initializing the repository
handle-success	Checkout repository	2026-02-24T07:45:00.5052877Z [command]/usr/bin/git init /home/runner/_work/ka0s/ka0s
handle-success	Checkout repository	2026-02-24T07:45:00.5195012Z hint: Using 'master' as the name for the initial branch. This default branch name
handle-success	Checkout repository	2026-02-24T07:45:00.5203223Z hint: will change to "main" in Git 3.0. To configure the initial branch name
handle-success	Checkout repository	2026-02-24T07:45:00.5204407Z hint: to use in all of your new repositories, which will suppress this warning,
handle-success	Checkout repository	2026-02-24T07:45:00.5205243Z hint: call:
handle-success	Checkout repository	2026-02-24T07:45:00.5205663Z hint:
handle-success	Checkout repository	2026-02-24T07:45:00.5206222Z hint: 	git config --global init.defaultBranch <name>
handle-success	Checkout repository	2026-02-24T07:45:00.5206884Z hint:
handle-success	Checkout repository	2026-02-24T07:45:00.5207526Z hint: Names commonly chosen instead of 'master' are 'main', 'trunk' and
handle-success	Checkout repository	2026-02-24T07:45:00.5208580Z hint: 'development'. The just-created branch can be renamed via this command:
handle-success	Checkout repository	2026-02-24T07:45:00.5209409Z hint:
handle-success	Checkout repository	2026-02-24T07:45:00.5209873Z hint: 	git branch -m <name>
handle-success	Checkout repository	2026-02-24T07:45:00.5210393Z hint:
handle-success	Checkout repository	2026-02-24T07:45:00.5211079Z hint: Disable this message with "git config set advice.defaultBranchName false"
handle-success	Checkout repository	2026-02-24T07:45:00.5315477Z Initialized empty Git repository in /home/runner/_work/ka0s/ka0s/.git/
handle-success	Checkout repository	2026-02-24T07:45:00.5323224Z [command]/usr/bin/git remote add origin https://github.com/Ka0s-Klaus/ka0s
handle-success	Checkout repository	2026-02-24T07:45:00.5460774Z ##[endgroup]
handle-success	Checkout repository	2026-02-24T07:45:00.5463211Z ##[group]Disabling automatic garbage collection
handle-success	Checkout repository	2026-02-24T07:45:00.5484617Z [command]/usr/bin/git config --local gc.auto 0
handle-success	Checkout repository	2026-02-24T07:45:00.5815443Z ##[endgroup]
handle-success	Checkout repository	2026-02-24T07:45:00.5873263Z ##[group]Setting up auth
handle-success	Checkout repository	2026-02-24T07:45:00.5907978Z [command]/usr/bin/git config --local --name-only --get-regexp core\.sshCommand
handle-success	Checkout repository	2026-02-24T07:45:00.6083751Z [command]/usr/bin/git submodule foreach --recursive sh -c "git config --local --name-only --get-regexp 'core\.sshCommand' && git config --local --unset-all 'core.sshCommand' || :"
handle-success	Checkout repository	2026-02-24T07:45:00.7293657Z [command]/usr/bin/git config --local --name-only --get-regexp http\.https\:\/\/github\.com\/\.extraheader
handle-success	Checkout repository	2026-02-24T07:45:00.7704652Z [command]/usr/bin/git submodule foreach --recursive sh -c "git config --local --name-only --get-regexp 'http\.https\:\/\/github\.com\/\.extraheader' && git config --local --unset-all 'http.https://github.com/.extraheader' || :"
handle-success	Checkout repository	2026-02-24T07:45:00.8245761Z [command]/usr/bin/git config --local --name-only --get-regexp ^includeIf\.gitdir:
handle-success	Checkout repository	2026-02-24T07:45:00.8401464Z [command]/usr/bin/git submodule foreach --recursive git config --local --show-origin --name-only --get-regexp remote.origin.url
handle-success	Checkout repository	2026-02-24T07:45:00.9046888Z [command]/usr/bin/git config --local http.https://github.com/.extraheader AUTHORIZATION: basic ***
handle-success	Checkout repository	2026-02-24T07:45:00.9147318Z ##[endgroup]
handle-success	Checkout repository	2026-02-24T07:45:00.9148932Z ##[group]Fetching the repository
handle-success	Checkout repository	2026-02-24T07:45:00.9192955Z [command]/usr/bin/git -c protocol.version=2 fetch --prune --no-recurse-submodules origin +refs/heads/*:refs/remotes/origin/* +refs/tags/*:refs/tags/*
handle-success	Checkout repository	2026-02-24T07:45:27.5652588Z From https://github.com/Ka0s-Klaus/ka0s
handle-success	Checkout repository	2026-02-24T07:45:27.5667562Z  * [new branch]          F3450-modelo-operativo -> origin/F3450-modelo-operativo
handle-success	Checkout repository	2026-02-24T07:45:27.5668290Z  * [new branch]          H1276-modulo-observabilidad -> origin/H1276-modulo-observabilidad
handle-success	Checkout repository	2026-02-24T07:45:27.5668903Z  * [new branch]          H3596-deploy-itop      -> origin/H3596-deploy-itop
handle-success	Checkout repository	2026-02-24T07:45:27.5669715Z  * [new branch]          H4170-flujo-detallado-zabbix---github -> origin/H4170-flujo-detallado-zabbix---github
handle-success	Checkout repository	2026-02-24T07:45:27.5670426Z  * [new branch]          H4191-request-cambios  -> origin/H4191-request-cambios
handle-success	Checkout repository	2026-02-24T07:45:27.5671222Z  * [new branch]          H4200-request-recomendaciones-de-auditoria -> origin/H4200-request-recomendaciones-de-auditoria
handle-success	Checkout repository	2026-02-24T07:45:27.5671997Z  * [new branch]          main                   -> origin/main
handle-success	Checkout repository	2026-02-24T07:45:27.5672428Z  * [new tag]             0.0.0                  -> 0.0.0
handle-success	Checkout repository	2026-02-24T07:45:27.5672860Z  * [new tag]             0.0.1                  -> 0.0.1
handle-success	Checkout repository	2026-02-24T07:45:27.5673251Z  * [new tag]             0.0.10                 -> 0.0.10
handle-success	Checkout repository	2026-02-24T07:45:27.5673715Z  * [new tag]             0.0.100                -> 0.0.100
handle-success	Checkout repository	2026-02-24T07:45:27.5674113Z  * [new tag]             0.0.101                -> 0.0.101
handle-success	Checkout repository	2026-02-24T07:45:27.5674519Z  * [new tag]             0.0.102                -> 0.0.102
handle-success	Checkout repository	2026-02-24T07:45:27.5675024Z  * [new tag]             0.0.103                -> 0.0.103
handle-success	Checkout repository	2026-02-24T07:45:27.5675485Z  * [new tag]             0.0.104                -> 0.0.104
handle-success	Checkout repository	2026-02-24T07:45:27.5675891Z  * [new tag]             0.0.105                -> 0.0.105
handle-success	Checkout repository	2026-02-24T07:45:27.5676288Z  * [new tag]             0.0.106                -> 0.0.106
handle-success	Checkout repository	2026-02-24T07:45:27.5676732Z  * [new tag]             0.0.107                -> 0.0.107
handle-success	Checkout repository	2026-02-24T07:45:27.5677126Z  * [new tag]             0.0.108                -> 0.0.108
handle-success	Checkout repository	2026-02-24T07:45:27.5677532Z  * [new tag]             0.0.109                -> 0.0.109
handle-success	Checkout repository	2026-02-24T07:45:27.5677931Z  * [new tag]             0.0.11                 -> 0.0.11
handle-success	Checkout repository	2026-02-24T07:45:27.5678361Z  * [new tag]             0.0.110                -> 0.0.110
handle-success	Checkout repository	2026-02-24T07:45:27.5678764Z  * [new tag]             0.0.111                -> 0.0.111
handle-success	Checkout repository	2026-02-24T07:45:27.5679162Z  * [new tag]             0.0.112                -> 0.0.112
handle-success	Checkout repository	2026-02-24T07:45:27.5679559Z  * [new tag]             0.0.113                -> 0.0.113
handle-success	Checkout repository	2026-02-24T07:45:27.5680582Z  * [new tag]             0.0.114                -> 0.0.114
handle-success	Checkout repository	2026-02-24T07:45:27.5680987Z  * [new tag]             0.0.115                -> 0.0.115
handle-success	Checkout repository	2026-02-24T07:45:27.5681383Z  * [new tag]             0.0.116                -> 0.0.116
handle-success	Checkout repository	2026-02-24T07:45:27.5686012Z  * [new tag]             0.0.117                -> 0.0.117
handle-success	Checkout repository	2026-02-24T07:45:27.5686486Z  * [new tag]             0.0.118                -> 0.0.118
handle-success	Checkout repository	2026-02-24T07:45:27.5686873Z  * [new tag]             0.0.119                -> 0.0.119
handle-success	Checkout repository	2026-02-24T07:45:27.5687265Z  * [new tag]             0.0.12                 -> 0.0.12
handle-success	Checkout repository	2026-02-24T07:45:27.5687655Z  * [new tag]             0.0.120                -> 0.0.120
handle-success	Checkout repository	2026-02-24T07:45:27.5688048Z  * [new tag]             0.0.121                -> 0.0.121
handle-success	Checkout repository	2026-02-24T07:45:27.5688439Z  * [new tag]             0.0.122                -> 0.0.122
handle-success	Checkout repository	2026-02-24T07:45:27.5688833Z  * [new tag]             0.0.123                -> 0.0.123
handle-success	Checkout repository	2026-02-24T07:45:27.5689571Z  * [new tag]             0.0.124                -> 0.0.124
handle-success	Checkout repository	2026-02-24T07:45:27.5689971Z  * [new tag]             0.0.125                -> 0.0.125
handle-success	Checkout repository	2026-02-24T07:45:27.5690361Z  * [new tag]             0.0.126                -> 0.0.126
handle-success	Checkout repository	2026-02-24T07:45:27.5690749Z  * [new tag]             0.0.127                -> 0.0.127
handle-success	Checkout repository	2026-02-24T07:45:27.5691143Z  * [new tag]             0.0.128                -> 0.0.128
handle-success	Checkout repository	2026-02-24T07:45:27.5691528Z  * [new tag]             0.0.129                -> 0.0.129
handle-success	Checkout repository	2026-02-24T07:45:27.5692090Z  * [new tag]             0.0.13                 -> 0.0.13
handle-success	Checkout repository	2026-02-24T07:45:27.5692489Z  * [new tag]             0.0.130                -> 0.0.130
handle-success	Checkout repository	2026-02-24T07:45:27.5692884Z  * [new tag]             0.0.131                -> 0.0.131
handle-success	Checkout repository	2026-02-24T07:45:27.5693278Z  * [new tag]             0.0.132                -> 0.0.132
handle-success	Checkout repository	2026-02-24T07:45:27.5693672Z  * [new tag]             0.0.133                -> 0.0.133
handle-success	Checkout repository	2026-02-24T07:45:27.5694064Z  * [new tag]             0.0.134                -> 0.0.134
handle-success	Checkout repository	2026-02-24T07:45:27.5694503Z  * [new tag]             0.0.135                -> 0.0.135
handle-success	Checkout repository	2026-02-24T07:45:27.5694909Z  * [new tag]             0.0.136                -> 0.0.136
handle-success	Checkout repository	2026-02-24T07:45:27.5695312Z  * [new tag]             0.0.137                -> 0.0.137
handle-success	Checkout repository	2026-02-24T07:45:27.5695697Z  * [new tag]             0.0.138                -> 0.0.138
handle-success	Checkout repository	2026-02-24T07:45:27.5696092Z  * [new tag]             0.0.139                -> 0.0.139
handle-success	Checkout repository	2026-02-24T07:45:27.5696486Z  * [new tag]             0.0.14                 -> 0.0.14
handle-success	Checkout repository	2026-02-24T07:45:27.5696881Z  * [new tag]             0.0.140                -> 0.0.140
handle-success	Checkout repository	2026-02-24T07:45:27.5697271Z  * [new tag]             0.0.141                -> 0.0.141
handle-success	Checkout repository	2026-02-24T07:45:27.5697667Z  * [new tag]             0.0.142                -> 0.0.142
handle-success	Checkout repository	2026-02-24T07:45:27.5698070Z  * [new tag]             0.0.143                -> 0.0.143
handle-success	Checkout repository	2026-02-24T07:45:27.5698469Z  * [new tag]             0.0.144                -> 0.0.144
handle-success	Checkout repository	2026-02-24T07:45:27.5698883Z  * [new tag]             0.0.145                -> 0.0.145
handle-success	Checkout repository	2026-02-24T07:45:27.5699287Z  * [new tag]             0.0.146                -> 0.0.146
handle-success	Checkout repository	2026-02-24T07:45:27.5699695Z  * [new tag]             0.0.147                -> 0.0.147
handle-success	Checkout repository	2026-02-24T07:45:27.5700084Z  * [new tag]             0.0.148                -> 0.0.148
handle-success	Checkout repository	2026-02-24T07:45:27.5700486Z  * [new tag]             0.0.149                -> 0.0.149
handle-success	Checkout repository	2026-02-24T07:45:27.5700903Z  * [new tag]             0.0.15                 -> 0.0.15
handle-success	Checkout repository	2026-02-24T07:45:27.5701427Z  * [new tag]             0.0.150                -> 0.0.150
handle-success	Checkout repository	2026-02-24T07:45:27.5703790Z  * [new tag]             0.0.151                -> 0.0.151
handle-success	Checkout repository	2026-02-24T07:45:27.5704206Z  * [new tag]             0.0.152                -> 0.0.152
handle-success	Checkout repository	2026-02-24T07:45:27.5704603Z  * [new tag]             0.0.153                -> 0.0.153
handle-success	Checkout repository	2026-02-24T07:45:27.5705008Z  * [new tag]             0.0.154                -> 0.0.154
handle-success	Checkout repository	2026-02-24T07:45:27.5705419Z  * [new tag]             0.0.155                -> 0.0.155
handle-success	Checkout repository	2026-02-24T07:45:27.5705848Z  * [new tag]             0.0.156                -> 0.0.156
handle-success	Checkout repository	2026-02-24T07:45:27.5706553Z  * [new tag]             0.0.157                -> 0.0.157
handle-success	Checkout repository	2026-02-24T07:45:27.5706955Z  * [new tag]             0.0.158                -> 0.0.158
handle-success	Checkout repository	2026-02-24T07:45:27.5707356Z  * [new tag]             0.0.159                -> 0.0.159
handle-success	Checkout repository	2026-02-24T07:45:27.5707756Z  * [new tag]             0.0.16                 -> 0.0.16
handle-success	Checkout repository	2026-02-24T07:45:27.5708165Z  * [new tag]             0.0.160                -> 0.0.160
handle-success	Checkout repository	2026-02-24T07:45:27.5708569Z  * [new tag]             0.0.161                -> 0.0.161
handle-success	Checkout repository	2026-02-24T07:45:27.5708969Z  * [new tag]             0.0.162                -> 0.0.162
handle-success	Checkout repository	2026-02-24T07:45:27.5709402Z  * [new tag]             0.0.163                -> 0.0.163
handle-success	Checkout repository	2026-02-24T07:45:27.5709803Z  * [new tag]             0.0.164                -> 0.0.164
handle-success	Checkout repository	2026-02-24T07:45:27.5710210Z  * [new tag]             0.0.165                -> 0.0.165
handle-success	Checkout repository	2026-02-24T07:45:27.5710612Z  * [new tag]             0.0.166                -> 0.0.166
handle-success	Checkout repository	2026-02-24T07:45:27.5711270Z  * [new tag]             0.0.167                -> 0.0.167
handle-success	Checkout repository	2026-02-24T07:45:27.5711804Z  * [new tag]             0.0.168                -> 0.0.168
handle-success	Checkout repository	2026-02-24T07:45:27.5712217Z  * [new tag]             0.0.169                -> 0.0.169
handle-success	Checkout repository	2026-02-24T07:45:27.5712740Z  * [new tag]             0.0.17                 -> 0.0.17
handle-success	Checkout repository	2026-02-24T07:45:27.5713282Z  * [new tag]             0.0.170                -> 0.0.170
handle-success	Checkout repository	2026-02-24T07:45:27.5713695Z  * [new tag]             0.0.171                -> 0.0.171
handle-success	Checkout repository	2026-02-24T07:45:27.5714102Z  * [new tag]             0.0.172                -> 0.0.172
handle-success	Checkout repository	2026-02-24T07:45:27.5714519Z  * [new tag]             0.0.173                -> 0.0.173
handle-success	Checkout repository	2026-02-24T07:45:27.5714925Z  * [new tag]             0.0.174                -> 0.0.174
handle-success	Checkout repository	2026-02-24T07:45:27.5715328Z  * [new tag]             0.0.175                -> 0.0.175
handle-success	Checkout repository	2026-02-24T07:45:27.5715738Z  * [new tag]             0.0.176                -> 0.0.176
handle-success	Checkout repository	2026-02-24T07:45:27.5716153Z  * [new tag]             0.0.177                -> 0.0.177
handle-success	Checkout repository	2026-02-24T07:45:27.5716573Z  * [new tag]             0.0.178                -> 0.0.178
handle-success	Checkout repository	2026-02-24T07:45:27.5795656Z  * [new tag]             0.0.179                -> 0.0.179
handle-success	Checkout repository	2026-02-24T07:45:27.5796247Z  * [new tag]             0.0.18                 -> 0.0.18
handle-success	Checkout repository	2026-02-24T07:45:27.5796652Z  * [new tag]             0.0.19                 -> 0.0.19
handle-success	Checkout repository	2026-02-24T07:45:27.5797058Z  * [new tag]             0.0.2                  -> 0.0.2
handle-success	Checkout repository	2026-02-24T07:45:27.5797470Z  * [new tag]             0.0.20                 -> 0.0.20
handle-success	Checkout repository	2026-02-24T07:45:27.5797986Z  * [new tag]             0.0.21                 -> 0.0.21
handle-success	Checkout repository	2026-02-24T07:45:27.5798373Z  * [new tag]             0.0.22                 -> 0.0.22
handle-success	Checkout repository	2026-02-24T07:45:27.5798757Z  * [new tag]             0.0.23                 -> 0.0.23
handle-success	Checkout repository	2026-02-24T07:45:27.5799150Z  * [new tag]             0.0.24                 -> 0.0.24
handle-success	Checkout repository	2026-02-24T07:45:27.5799542Z  * [new tag]             0.0.25                 -> 0.0.25
handle-success	Checkout repository	2026-02-24T07:45:27.5799984Z  * [new tag]             0.0.26                 -> 0.0.26
handle-success	Checkout repository	2026-02-24T07:45:27.5800385Z  * [new tag]             0.0.27                 -> 0.0.27
handle-success	Checkout repository	2026-02-24T07:45:27.5800774Z  * [new tag]             0.0.28                 -> 0.0.28
handle-success	Checkout repository	2026-02-24T07:45:27.5801166Z  * [new tag]             0.0.29                 -> 0.0.29
handle-success	Checkout repository	2026-02-24T07:45:27.5801551Z  * [new tag]             0.0.3                  -> 0.0.3
handle-success	Checkout repository	2026-02-24T07:45:27.5802999Z  * [new tag]             0.0.30                 -> 0.0.30
handle-success	Checkout repository	2026-02-24T07:45:27.5812547Z  * [new tag]             0.0.31                 -> 0.0.31
handle-success	Checkout repository	2026-02-24T07:45:27.5813025Z  * [new tag]             0.0.32                 -> 0.0.32
handle-success	Checkout repository	2026-02-24T07:45:27.5813447Z  * [new tag]             0.0.33                 -> 0.0.33
handle-success	Checkout repository	2026-02-24T07:45:27.5813843Z  * [new tag]             0.0.34                 -> 0.0.34
handle-success	Checkout repository	2026-02-24T07:45:27.5814257Z  * [new tag]             0.0.35                 -> 0.0.35
handle-success	Checkout repository	2026-02-24T07:45:27.5814655Z  * [new tag]             0.0.36                 -> 0.0.36
handle-success	Checkout repository	2026-02-24T07:45:27.5815503Z  * [new tag]             0.0.37                 -> 0.0.37
handle-success	Checkout repository	2026-02-24T07:45:27.5815905Z  * [new tag]             0.0.38                 -> 0.0.38
handle-success	Checkout repository	2026-02-24T07:45:27.5816310Z  * [new tag]             0.0.39                 -> 0.0.39
handle-success	Checkout repository	2026-02-24T07:45:27.5816715Z  * [new tag]             0.0.4                  -> 0.0.4
handle-success	Checkout repository	2026-02-24T07:45:27.5817110Z  * [new tag]             0.0.40                 -> 0.0.40
handle-success	Checkout repository	2026-02-24T07:45:27.5817559Z  * [new tag]             0.0.41                 -> 0.0.41
handle-success	Checkout repository	2026-02-24T07:45:27.5818007Z  * [new tag]             0.0.42                 -> 0.0.42
handle-success	Checkout repository	2026-02-24T07:45:27.5818437Z  * [new tag]             0.0.43                 -> 0.0.43
handle-success	Checkout repository	2026-02-24T07:45:27.5818843Z  * [new tag]             0.0.44                 -> 0.0.44
handle-success	Checkout repository	2026-02-24T07:45:27.5819263Z  * [new tag]             0.0.45                 -> 0.0.45
handle-success	Checkout repository	2026-02-24T07:45:27.5819785Z  * [new tag]             0.0.46                 -> 0.0.46
handle-success	Checkout repository	2026-02-24T07:45:27.5820174Z  * [new tag]             0.0.47                 -> 0.0.47
handle-success	Checkout repository	2026-02-24T07:45:27.5820829Z  * [new tag]             0.0.48                 -> 0.0.48
handle-success	Checkout repository	2026-02-24T07:45:27.5821217Z  * [new tag]             0.0.49                 -> 0.0.49
handle-success	Checkout repository	2026-02-24T07:45:27.5828484Z  * [new tag]             0.0.5                  -> 0.0.5
handle-success	Checkout repository	2026-02-24T07:45:27.5829012Z  * [new tag]             0.0.50                 -> 0.0.50
handle-success	Checkout repository	2026-02-24T07:45:27.5829424Z  * [new tag]             0.0.51                 -> 0.0.51
handle-success	Checkout repository	2026-02-24T07:45:27.5829821Z  * [new tag]             0.0.52                 -> 0.0.52
handle-success	Checkout repository	2026-02-24T07:45:27.5830224Z  * [new tag]             0.0.53                 -> 0.0.53
handle-success	Checkout repository	2026-02-24T07:45:27.5830625Z  * [new tag]             0.0.54                 -> 0.0.54
handle-success	Checkout repository	2026-02-24T07:45:27.5831026Z  * [new tag]             0.0.55                 -> 0.0.55
handle-success	Checkout repository	2026-02-24T07:45:27.5831422Z  * [new tag]             0.0.56                 -> 0.0.56
handle-success	Checkout repository	2026-02-24T07:45:27.5833508Z  * [new tag]             0.0.57                 -> 0.0.57
handle-success	Checkout repository	2026-02-24T07:45:27.5833937Z  * [new tag]             0.0.58                 -> 0.0.58
handle-success	Checkout repository	2026-02-24T07:45:27.5834381Z  * [new tag]             0.0.59                 -> 0.0.59
handle-success	Checkout repository	2026-02-24T07:45:27.5834777Z  * [new tag]             0.0.6                  -> 0.0.6
handle-success	Checkout repository	2026-02-24T07:45:27.5835173Z  * [new tag]             0.0.60                 -> 0.0.60
handle-success	Checkout repository	2026-02-24T07:45:27.5835562Z  * [new tag]             0.0.61                 -> 0.0.61
handle-success	Checkout repository	2026-02-24T07:45:27.5835953Z  * [new tag]             0.0.62                 -> 0.0.62
handle-success	Checkout repository	2026-02-24T07:45:27.5836341Z  * [new tag]             0.0.63                 -> 0.0.63
handle-success	Checkout repository	2026-02-24T07:45:27.5836732Z  * [new tag]             0.0.64                 -> 0.0.64
handle-success	Checkout repository	2026-02-24T07:45:27.5837125Z  * [new tag]             0.0.65                 -> 0.0.65
handle-success	Checkout repository	2026-02-24T07:45:27.5837519Z  * [new tag]             0.0.66                 -> 0.0.66
handle-success	Checkout repository	2026-02-24T07:45:27.5837910Z  * [new tag]             0.0.67                 -> 0.0.67
handle-success	Checkout repository	2026-02-24T07:45:27.5838302Z  * [new tag]             0.0.68                 -> 0.0.68
handle-success	Checkout repository	2026-02-24T07:45:27.5838704Z  * [new tag]             0.0.69                 -> 0.0.69
handle-success	Checkout repository	2026-02-24T07:45:27.5839107Z  * [new tag]             0.0.7                  -> 0.0.7
handle-success	Checkout repository	2026-02-24T07:45:27.5839495Z  * [new tag]             0.0.70                 -> 0.0.70
handle-success	Checkout repository	2026-02-24T07:45:27.5839878Z  * [new tag]             0.0.71                 -> 0.0.71
handle-success	Checkout repository	2026-02-24T07:45:27.5840268Z  * [new tag]             0.0.72                 -> 0.0.72
handle-success	Checkout repository	2026-02-24T07:45:27.5840666Z  * [new tag]             0.0.73                 -> 0.0.73
handle-success	Checkout repository	2026-02-24T07:45:27.5841050Z  * [new tag]             0.0.74                 -> 0.0.74
handle-success	Checkout repository	2026-02-24T07:45:27.5841445Z  * [new tag]             0.0.75                 -> 0.0.75
handle-success	Checkout repository	2026-02-24T07:45:27.5842398Z  * [new tag]             0.0.76                 -> 0.0.76
handle-success	Checkout repository	2026-02-24T07:45:27.5842808Z  * [new tag]             0.0.77                 -> 0.0.77
handle-success	Checkout repository	2026-02-24T07:45:27.5843195Z  * [new tag]             0.0.78                 -> 0.0.78
handle-success	Checkout repository	2026-02-24T07:45:27.5843586Z  * [new tag]             0.0.79                 -> 0.0.79
handle-success	Checkout repository	2026-02-24T07:45:27.5844122Z  * [new tag]             0.0.8                  -> 0.0.8
handle-success	Checkout repository	2026-02-24T07:45:27.5844808Z  * [new tag]             0.0.80                 -> 0.0.80
handle-success	Checkout repository	2026-02-24T07:45:27.5845190Z  * [new tag]             0.0.81                 -> 0.0.81
handle-success	Checkout repository	2026-02-24T07:45:27.5845559Z  * [new tag]             0.0.82                 -> 0.0.82
handle-success	Checkout repository	2026-02-24T07:45:27.5845939Z  * [new tag]             0.0.83                 -> 0.0.83
handle-success	Checkout repository	2026-02-24T07:45:27.5846315Z  * [new tag]             0.0.84                 -> 0.0.84
handle-success	Checkout repository	2026-02-24T07:45:27.5846694Z  * [new tag]             0.0.85                 -> 0.0.85
handle-success	Checkout repository	2026-02-24T07:45:27.5847207Z  * [new tag]             0.0.86                 -> 0.0.86
handle-success	Checkout repository	2026-02-24T07:45:27.5847585Z  * [new tag]             0.0.87                 -> 0.0.87
handle-success	Checkout repository	2026-02-24T07:45:27.5847964Z  * [new tag]             0.0.88                 -> 0.0.88
handle-success	Checkout repository	2026-02-24T07:45:27.5848346Z  * [new tag]             0.0.89                 -> 0.0.89
handle-success	Checkout repository	2026-02-24T07:45:27.5848726Z  * [new tag]             0.0.9                  -> 0.0.9
handle-success	Checkout repository	2026-02-24T07:45:27.5849418Z  * [new tag]             0.0.90                 -> 0.0.90
handle-success	Checkout repository	2026-02-24T07:45:27.5849792Z  * [new tag]             0.0.91                 -> 0.0.91
handle-success	Checkout repository	2026-02-24T07:45:27.5850175Z  * [new tag]             0.0.92                 -> 0.0.92
handle-success	Checkout repository	2026-02-24T07:45:27.5850552Z  * [new tag]             0.0.93                 -> 0.0.93
handle-success	Checkout repository	2026-02-24T07:45:27.5850932Z  * [new tag]             0.0.94                 -> 0.0.94
handle-success	Checkout repository	2026-02-24T07:45:27.5851306Z  * [new tag]             0.0.95                 -> 0.0.95
handle-success	Checkout repository	2026-02-24T07:45:27.5851975Z  * [new tag]             0.0.96                 -> 0.0.96
handle-success	Checkout repository	2026-02-24T07:45:27.5852492Z  * [new tag]             0.0.97                 -> 0.0.97
handle-success	Checkout repository	2026-02-24T07:45:27.5852870Z  * [new tag]             0.0.98                 -> 0.0.98
handle-success	Checkout repository	2026-02-24T07:45:27.5853255Z  * [new tag]             0.0.99                 -> 0.0.99
handle-success	Checkout repository	2026-02-24T07:45:27.5853636Z  * [new tag]             0.1.0                  -> 0.1.0
handle-success	Checkout repository	2026-02-24T07:45:27.5854155Z  * [new tag]             0.1.1                  -> 0.1.1
handle-success	Checkout repository	2026-02-24T07:45:27.5854680Z  * [new tag]             0.2.0                  -> 0.2.0
handle-success	Checkout repository	2026-02-24T07:45:27.5855060Z  * [new tag]             0.3.0                  -> 0.3.0
handle-success	Checkout repository	2026-02-24T07:45:27.5855435Z  * [new tag]             0.3.1                  -> 0.3.1
handle-success	Checkout repository	2026-02-24T07:45:27.5855815Z  * [new tag]             0.3.10                 -> 0.3.10
handle-success	Checkout repository	2026-02-24T07:45:27.5856196Z  * [new tag]             0.3.11                 -> 0.3.11
handle-success	Checkout repository	2026-02-24T07:45:27.5856574Z  * [new tag]             0.3.12                 -> 0.3.12
handle-success	Checkout repository	2026-02-24T07:45:27.5856952Z  * [new tag]             0.3.13                 -> 0.3.13
handle-success	Checkout repository	2026-02-24T07:45:27.5857331Z  * [new tag]             0.3.14                 -> 0.3.14
handle-success	Checkout repository	2026-02-24T07:45:27.5857718Z  * [new tag]             0.3.15                 -> 0.3.15
handle-success	Checkout repository	2026-02-24T07:45:27.5858094Z  * [new tag]             0.3.16                 -> 0.3.16
handle-success	Checkout repository	2026-02-24T07:45:27.5858478Z  * [new tag]             0.3.17                 -> 0.3.17
handle-success	Checkout repository	2026-02-24T07:45:27.5858871Z  * [new tag]             0.3.2                  -> 0.3.2
handle-success	Checkout repository	2026-02-24T07:45:27.5859256Z  * [new tag]             0.3.3                  -> 0.3.3
handle-success	Checkout repository	2026-02-24T07:45:27.5859638Z  * [new tag]             0.3.4                  -> 0.3.4
handle-success	Checkout repository	2026-02-24T07:45:27.5860012Z  * [new tag]             0.3.5                  -> 0.3.5
handle-success	Checkout repository	2026-02-24T07:45:27.5860392Z  * [new tag]             0.3.6                  -> 0.3.6
handle-success	Checkout repository	2026-02-24T07:45:27.5860763Z  * [new tag]             0.3.7                  -> 0.3.7
handle-success	Checkout repository	2026-02-24T07:45:27.5861148Z  * [new tag]             0.3.8                  -> 0.3.8
handle-success	Checkout repository	2026-02-24T07:45:27.5861527Z  * [new tag]             0.3.9                  -> 0.3.9
handle-success	Checkout repository	2026-02-24T07:45:27.5862286Z  * [new tag]             0.4.0                  -> 0.4.0
handle-success	Checkout repository	2026-02-24T07:45:27.5862670Z  * [new tag]             0.4.1                  -> 0.4.1
handle-success	Checkout repository	2026-02-24T07:45:27.5863041Z  * [new tag]             0.4.2                  -> 0.4.2
handle-success	Checkout repository	2026-02-24T07:45:27.5863418Z  * [new tag]             0.4.3                  -> 0.4.3
handle-success	Checkout repository	2026-02-24T07:45:27.5863796Z  * [new tag]             0.4.4                  -> 0.4.4
handle-success	Checkout repository	2026-02-24T07:45:27.5864409Z  * [new tag]             0.4.5                  -> 0.4.5
handle-success	Checkout repository	2026-02-24T07:45:27.5864790Z  * [new tag]             0.4.6                  -> 0.4.6
handle-success	Checkout repository	2026-02-24T07:45:27.5865164Z  * [new tag]             0.4.7                  -> 0.4.7
handle-success	Checkout repository	2026-02-24T07:45:27.5865543Z  * [new tag]             0.4.8                  -> 0.4.8
handle-success	Checkout repository	2026-02-24T07:45:27.5865914Z  * [new tag]             0.4.9                  -> 0.4.9
handle-success	Checkout repository	2026-02-24T07:45:27.5866293Z  * [new tag]             0.5.0                  -> 0.5.0
handle-success	Checkout repository	2026-02-24T07:45:27.5866664Z  * [new tag]             0.5.1                  -> 0.5.1
handle-success	Checkout repository	2026-02-24T07:45:27.5867042Z  * [new tag]             0.5.2                  -> 0.5.2
handle-success	Checkout repository	2026-02-24T07:45:27.5867420Z  * [new tag]             0.6.0                  -> 0.6.0
handle-success	Checkout repository	2026-02-24T07:45:27.5867795Z  * [new tag]             0.6.1                  -> 0.6.1
handle-success	Checkout repository	2026-02-24T07:45:27.5868175Z  * [new tag]             0.6.2                  -> 0.6.2
handle-success	Checkout repository	2026-02-24T07:45:27.5868763Z  * [new tag]             0.6.3                  -> 0.6.3
handle-success	Checkout repository	2026-02-24T07:45:27.5869153Z  * [new tag]             0.6.4                  -> 0.6.4
handle-success	Checkout repository	2026-02-24T07:45:27.5869525Z  * [new tag]             0.6.5                  -> 0.6.5
handle-success	Checkout repository	2026-02-24T07:45:27.6093755Z [command]/usr/bin/git branch --list --remote origin/main
handle-success	Checkout repository	2026-02-24T07:45:27.6182773Z   origin/main
handle-success	Checkout repository	2026-02-24T07:45:27.6207780Z [command]/usr/bin/git rev-parse refs/remotes/origin/main
handle-success	Checkout repository	2026-02-24T07:45:27.6253290Z c1166a78fe16ef71bea80ef9594195ebd48024fc
handle-success	Checkout repository	2026-02-24T07:45:27.6263252Z [command]/usr/bin/git -c protocol.version=2 fetch --no-tags --prune --no-recurse-submodules origin +09e3acb588badd5db182cbad62feef9436bbf259:refs/remotes/origin/main
handle-success	Checkout repository	2026-02-24T07:45:27.6460636Z From https://github.com/Ka0s-Klaus/ka0s
handle-success	Checkout repository	2026-02-24T07:45:27.6462010Z  + c1166a78f...09e3acb58 09e3acb588badd5db182cbad62feef9436bbf259 -> origin/main  (forced update)
handle-success	Checkout repository	2026-02-24T07:45:27.6503837Z ##[endgroup]
handle-success	Checkout repository	2026-02-24T07:45:27.6504422Z ##[group]Determining the checkout info
handle-success	Checkout repository	2026-02-24T07:45:27.6504999Z ##[endgroup]
handle-success	Checkout repository	2026-02-24T07:45:27.6507178Z [command]/usr/bin/git sparse-checkout disable
handle-success	Checkout repository	2026-02-24T07:45:27.6560131Z [command]/usr/bin/git config --local --unset-all extensions.worktreeConfig
handle-success	Checkout repository	2026-02-24T07:45:27.6614698Z ##[group]Checking out the ref
handle-success	Checkout repository	2026-02-24T07:45:27.6616383Z [command]/usr/bin/git checkout --progress --force -B main refs/remotes/origin/main
handle-success	Checkout repository	2026-02-24T07:45:27.9292328Z Switched to a new branch 'main'
handle-success	Checkout repository	2026-02-24T07:45:27.9295289Z branch 'main' set up to track 'origin/main'.
handle-success	Checkout repository	2026-02-24T07:45:27.9355399Z ##[endgroup]
handle-success	Checkout repository	2026-02-24T07:45:27.9420494Z [command]/usr/bin/git log -1 --format=%H
handle-success	Checkout repository	2026-02-24T07:45:27.9448318Z 09e3acb588badd5db182cbad62feef9436bbf259
handle-success	Success notification	ï»¿2026-02-24T07:45:27.9678389Z ##[group]Run echo "Cluster status audit completed successfully for run 22341385797."
handle-success	Success notification	2026-02-24T07:45:27.9679025Z [36;1mecho "Cluster status audit completed successfully for run 22341385797."[0m
handle-success	Success notification	2026-02-24T07:45:27.9695656Z shell: /usr/bin/bash -e {0}
handle-success	Success notification	2026-02-24T07:45:27.9695918Z env:
handle-success	Success notification	2026-02-24T07:45:27.9707135Z   KAOS_MODULE: [Ka0s] Audit Cluster Status
handle-success	Success notification	2026-02-24T07:45:27.9707476Z   KAOS_CODE: 22341385797
handle-success	Success notification	2026-02-24T07:45:27.9708039Z   GH_TOKEN: ***
handle-success	Success notification	2026-02-24T07:45:27.9708232Z ##[endgroup]
handle-success	Success notification	2026-02-24T07:45:27.9773170Z Cluster status audit completed successfully for run 22341385797.
handle-success	Post Checkout repository	ï»¿2026-02-24T07:45:27.9914181Z Post job cleanup.
handle-success	Post Checkout repository	2026-02-24T07:45:28.0986443Z [command]/usr/bin/git version
handle-success	Post Checkout repository	2026-02-24T07:45:28.1031528Z git version 2.52.0
handle-success	Post Checkout repository	2026-02-24T07:45:28.1080087Z Temporarily overriding HOME='/home/runner/_work/_temp/b9956834-a70b-46aa-8609-ca0f413a879e' before making global git config changes
handle-success	Post Checkout repository	2026-02-24T07:45:28.1080912Z Adding repository directory to the temporary git global config as a safe directory
handle-success	Post Checkout repository	2026-02-24T07:45:28.1088941Z [command]/usr/bin/git config --global --add safe.directory /home/runner/_work/ka0s/ka0s
handle-success	Post Checkout repository	2026-02-24T07:45:28.1137218Z [command]/usr/bin/git config --local --name-only --get-regexp core\.sshCommand
handle-success	Post Checkout repository	2026-02-24T07:45:28.1182462Z [command]/usr/bin/git submodule foreach --recursive sh -c "git config --local --name-only --get-regexp 'core\.sshCommand' && git config --local --unset-all 'core.sshCommand' || :"
handle-success	Post Checkout repository	2026-02-24T07:45:28.1524114Z [command]/usr/bin/git config --local --name-only --get-regexp http\.https\:\/\/github\.com\/\.extraheader
handle-success	Post Checkout repository	2026-02-24T07:45:28.1554930Z http.https://github.com/.extraheader
handle-success	Post Checkout repository	2026-02-24T07:45:28.1568421Z [command]/usr/bin/git config --local --unset-all http.https://github.com/.extraheader
handle-success	Post Checkout repository	2026-02-24T07:45:28.1611466Z [command]/usr/bin/git submodule foreach --recursive sh -c "git config --local --name-only --get-regexp 'http\.https\:\/\/github\.com\/\.extraheader' && git config --local --unset-all 'http.https://github.com/.extraheader' || :"
handle-success	Post Checkout repository	2026-02-24T07:45:28.1952612Z [command]/usr/bin/git config --local --name-only --get-regexp ^includeIf\.gitdir:
handle-success	Post Checkout repository	2026-02-24T07:45:28.1992843Z [command]/usr/bin/git submodule foreach --recursive git config --local --show-origin --name-only --get-regexp remote.origin.url
handle-success	Complete job	ï»¿2026-02-24T07:45:28.2464796Z Cleaning up orphan processes
end-workflow	Set up job	ï»¿2026-02-24T07:45:53.9495679Z Current runner version: '2.331.0'
end-workflow	Set up job	2026-02-24T07:45:53.9504586Z Runner name: 'swarm-runners-scaleset-hkss5-runner-27t2j'
end-workflow	Set up job	2026-02-24T07:45:53.9505734Z Runner group name: 'Default'
end-workflow	Set up job	2026-02-24T07:45:53.9506905Z Machine name: 'swarm-runners-scaleset-hkss5-runner-27t2j'
end-workflow	Set up job	2026-02-24T07:45:53.9510505Z ##[group]GITHUB_TOKEN Permissions
end-workflow	Set up job	2026-02-24T07:45:53.9513536Z Actions: write
end-workflow	Set up job	2026-02-24T07:45:53.9514301Z Contents: write
end-workflow	Set up job	2026-02-24T07:45:53.9514830Z Issues: write
end-workflow	Set up job	2026-02-24T07:45:53.9515711Z Metadata: read
end-workflow	Set up job	2026-02-24T07:45:53.9516420Z ##[endgroup]
end-workflow	Set up job	2026-02-24T07:45:53.9518588Z Secret source: Actions
end-workflow	Set up job	2026-02-24T07:45:53.9519519Z Prepare workflow directory
end-workflow	Set up job	2026-02-24T07:45:54.0074286Z Prepare all required actions
end-workflow	Set up job	2026-02-24T07:45:54.0117870Z Getting action download info
end-workflow	Set up job	2026-02-24T07:45:54.5778343Z Download action repository 'actions/checkout@v4' (SHA:34e114876b0b11c390a56381ad16ebd13914f8d5)
end-workflow	Set up job	2026-02-24T07:45:55.5449275Z Complete job name: end-workflow
end-workflow	Checkout repository	ï»¿2026-02-24T07:45:55.6077958Z ##[group]Run actions/checkout@v4
end-workflow	Checkout repository	2026-02-24T07:45:55.6078908Z with:
end-workflow	Checkout repository	2026-02-24T07:45:55.6079307Z   fetch-depth: 0
end-workflow	Checkout repository	2026-02-24T07:45:55.6079720Z   repository: Ka0s-Klaus/ka0s
end-workflow	Checkout repository	2026-02-24T07:45:55.6080421Z   token: ***
end-workflow	Checkout repository	2026-02-24T07:45:55.6080813Z   ssh-strict: true
end-workflow	Checkout repository	2026-02-24T07:45:55.6081206Z   ssh-user: git
end-workflow	Checkout repository	2026-02-24T07:45:55.6081848Z   persist-credentials: true
end-workflow	Checkout repository	2026-02-24T07:45:55.6082698Z   clean: true
end-workflow	Checkout repository	2026-02-24T07:45:55.6083250Z   sparse-checkout-cone-mode: true
end-workflow	Checkout repository	2026-02-24T07:45:55.6083733Z   fetch-tags: false
end-workflow	Checkout repository	2026-02-24T07:45:55.6084146Z   show-progress: true
end-workflow	Checkout repository	2026-02-24T07:45:55.6084552Z   lfs: false
end-workflow	Checkout repository	2026-02-24T07:45:55.6084926Z   submodules: false
end-workflow	Checkout repository	2026-02-24T07:45:55.6085335Z   set-safe-directory: true
end-workflow	Checkout repository	2026-02-24T07:45:55.6086049Z env:
end-workflow	Checkout repository	2026-02-24T07:45:55.6086460Z   KAOS_MODULE: [Ka0s] Audit Cluster Status
end-workflow	Checkout repository	2026-02-24T07:45:55.6086996Z   KAOS_CODE: 22341385797
end-workflow	Checkout repository	2026-02-24T07:45:55.6087417Z ##[endgroup]
end-workflow	Checkout repository	2026-02-24T07:45:55.7350892Z Syncing repository: Ka0s-Klaus/ka0s
end-workflow	Checkout repository	2026-02-24T07:45:55.7353361Z ##[group]Getting Git version info
end-workflow	Checkout repository	2026-02-24T07:45:55.7354213Z Working directory is '/home/runner/_work/ka0s/ka0s'
end-workflow	Checkout repository	2026-02-24T07:45:55.7355082Z [command]/usr/bin/git version
end-workflow	Checkout repository	2026-02-24T07:45:55.7356764Z git version 2.52.0
end-workflow	Checkout repository	2026-02-24T07:45:55.7386913Z ##[endgroup]
end-workflow	Checkout repository	2026-02-24T07:45:55.7405018Z Temporarily overriding HOME='/home/runner/_work/_temp/0e430b54-2691-43bd-a2b1-79e90c8515b4' before making global git config changes
end-workflow	Checkout repository	2026-02-24T07:45:55.7406491Z Adding repository directory to the temporary git global config as a safe directory
end-workflow	Checkout repository	2026-02-24T07:45:55.7410540Z [command]/usr/bin/git config --global --add safe.directory /home/runner/_work/ka0s/ka0s
end-workflow	Checkout repository	2026-02-24T07:45:55.7459528Z Deleting the contents of '/home/runner/_work/ka0s/ka0s'
end-workflow	Checkout repository	2026-02-24T07:45:55.7462537Z ##[group]Initializing the repository
end-workflow	Checkout repository	2026-02-24T07:45:55.7468142Z [command]/usr/bin/git init /home/runner/_work/ka0s/ka0s
end-workflow	Checkout repository	2026-02-24T07:45:55.7524614Z hint: Using 'master' as the name for the initial branch. This default branch name
end-workflow	Checkout repository	2026-02-24T07:45:55.7529731Z hint: will change to "main" in Git 3.0. To configure the initial branch name
end-workflow	Checkout repository	2026-02-24T07:45:55.7530917Z hint: to use in all of your new repositories, which will suppress this warning,
end-workflow	Checkout repository	2026-02-24T07:45:55.7532433Z hint: call:
end-workflow	Checkout repository	2026-02-24T07:45:55.7533436Z hint:
end-workflow	Checkout repository	2026-02-24T07:45:55.7534035Z hint: 	git config --global init.defaultBranch <name>
end-workflow	Checkout repository	2026-02-24T07:45:55.7534631Z hint:
end-workflow	Checkout repository	2026-02-24T07:45:55.7535180Z hint: Names commonly chosen instead of 'master' are 'main', 'trunk' and
end-workflow	Checkout repository	2026-02-24T07:45:55.7536075Z hint: 'development'. The just-created branch can be renamed via this command:
end-workflow	Checkout repository	2026-02-24T07:45:55.7536790Z hint:
end-workflow	Checkout repository	2026-02-24T07:45:55.7537780Z hint: 	git branch -m <name>
end-workflow	Checkout repository	2026-02-24T07:45:55.7538634Z hint:
end-workflow	Checkout repository	2026-02-24T07:45:55.7539227Z hint: Disable this message with "git config set advice.defaultBranchName false"
end-workflow	Checkout repository	2026-02-24T07:45:55.7540148Z Initialized empty Git repository in /home/runner/_work/ka0s/ka0s/.git/
end-workflow	Checkout repository	2026-02-24T07:45:55.7542142Z [command]/usr/bin/git remote add origin https://github.com/Ka0s-Klaus/ka0s
end-workflow	Checkout repository	2026-02-24T07:45:55.7593922Z ##[endgroup]
end-workflow	Checkout repository	2026-02-24T07:45:55.7595339Z ##[group]Disabling automatic garbage collection
end-workflow	Checkout repository	2026-02-24T07:45:55.7597146Z [command]/usr/bin/git config --local gc.auto 0
end-workflow	Checkout repository	2026-02-24T07:45:55.7642725Z ##[endgroup]
end-workflow	Checkout repository	2026-02-24T07:45:55.7643510Z ##[group]Setting up auth
end-workflow	Checkout repository	2026-02-24T07:45:55.7647728Z [command]/usr/bin/git config --local --name-only --get-regexp core\.sshCommand
end-workflow	Checkout repository	2026-02-24T07:45:55.7689111Z [command]/usr/bin/git submodule foreach --recursive sh -c "git config --local --name-only --get-regexp 'core\.sshCommand' && git config --local --unset-all 'core.sshCommand' || :"
end-workflow	Checkout repository	2026-02-24T07:45:55.8043548Z [command]/usr/bin/git config --local --name-only --get-regexp http\.https\:\/\/github\.com\/\.extraheader
end-workflow	Checkout repository	2026-02-24T07:45:55.8073289Z [command]/usr/bin/git submodule foreach --recursive sh -c "git config --local --name-only --get-regexp 'http\.https\:\/\/github\.com\/\.extraheader' && git config --local --unset-all 'http.https://github.com/.extraheader' || :"
end-workflow	Checkout repository	2026-02-24T07:45:55.8402071Z [command]/usr/bin/git config --local --name-only --get-regexp ^includeIf\.gitdir:
end-workflow	Checkout repository	2026-02-24T07:45:55.8449649Z [command]/usr/bin/git submodule foreach --recursive git config --local --show-origin --name-only --get-regexp remote.origin.url
end-workflow	Checkout repository	2026-02-24T07:45:55.8777356Z [command]/usr/bin/git config --local http.https://github.com/.extraheader AUTHORIZATION: basic ***
end-workflow	Checkout repository	2026-02-24T07:45:55.9016068Z ##[endgroup]
end-workflow	Checkout repository	2026-02-24T07:45:55.9017012Z ##[group]Fetching the repository
end-workflow	Checkout repository	2026-02-24T07:45:55.9041838Z [command]/usr/bin/git -c protocol.version=2 fetch --prune --no-recurse-submodules origin +refs/heads/*:refs/remotes/origin/* +refs/tags/*:refs/tags/*
end-workflow	Checkout repository	2026-02-24T07:46:17.0349090Z From https://github.com/Ka0s-Klaus/ka0s
end-workflow	Checkout repository	2026-02-24T07:46:17.0350347Z  * [new branch]          F3450-modelo-operativo -> origin/F3450-modelo-operativo
end-workflow	Checkout repository	2026-02-24T07:46:17.0351176Z  * [new branch]          H1276-modulo-observabilidad -> origin/H1276-modulo-observabilidad
end-workflow	Checkout repository	2026-02-24T07:46:17.0353749Z  * [new branch]          H3596-deploy-itop      -> origin/H3596-deploy-itop
end-workflow	Checkout repository	2026-02-24T07:46:17.0354564Z  * [new branch]          H4170-flujo-detallado-zabbix---github -> origin/H4170-flujo-detallado-zabbix---github
end-workflow	Checkout repository	2026-02-24T07:46:17.0355263Z  * [new branch]          H4191-request-cambios  -> origin/H4191-request-cambios
end-workflow	Checkout repository	2026-02-24T07:46:17.0356017Z  * [new branch]          H4200-request-recomendaciones-de-auditoria -> origin/H4200-request-recomendaciones-de-auditoria
end-workflow	Checkout repository	2026-02-24T07:46:17.0356707Z  * [new branch]          main                   -> origin/main
end-workflow	Checkout repository	2026-02-24T07:46:17.0357147Z  * [new tag]             0.0.0                  -> 0.0.0
end-workflow	Checkout repository	2026-02-24T07:46:17.0357556Z  * [new tag]             0.0.1                  -> 0.0.1
end-workflow	Checkout repository	2026-02-24T07:46:17.0357942Z  * [new tag]             0.0.10                 -> 0.0.10
end-workflow	Checkout repository	2026-02-24T07:46:17.0358343Z  * [new tag]             0.0.100                -> 0.0.100
end-workflow	Checkout repository	2026-02-24T07:46:17.0358743Z  * [new tag]             0.0.101                -> 0.0.101
end-workflow	Checkout repository	2026-02-24T07:46:17.0359131Z  * [new tag]             0.0.102                -> 0.0.102
end-workflow	Checkout repository	2026-02-24T07:46:17.0359560Z  * [new tag]             0.0.103                -> 0.0.103
end-workflow	Checkout repository	2026-02-24T07:46:17.0359982Z  * [new tag]             0.0.104                -> 0.0.104
end-workflow	Checkout repository	2026-02-24T07:46:17.0360367Z  * [new tag]             0.0.105                -> 0.0.105
end-workflow	Checkout repository	2026-02-24T07:46:17.0360754Z  * [new tag]             0.0.106                -> 0.0.106
end-workflow	Checkout repository	2026-02-24T07:46:17.0361170Z  * [new tag]             0.0.107                -> 0.0.107
end-workflow	Checkout repository	2026-02-24T07:46:17.0361583Z  * [new tag]             0.0.108                -> 0.0.108
end-workflow	Checkout repository	2026-02-24T07:46:17.0371035Z  * [new tag]             0.0.109                -> 0.0.109
end-workflow	Checkout repository	2026-02-24T07:46:17.0371423Z  * [new tag]             0.0.11                 -> 0.0.11
end-workflow	Checkout repository	2026-02-24T07:46:17.0373065Z  * [new tag]             0.0.110                -> 0.0.110
end-workflow	Checkout repository	2026-02-24T07:46:17.0373458Z  * [new tag]             0.0.111                -> 0.0.111
end-workflow	Checkout repository	2026-02-24T07:46:17.0373846Z  * [new tag]             0.0.112                -> 0.0.112
end-workflow	Checkout repository	2026-02-24T07:46:17.0374224Z  * [new tag]             0.0.113                -> 0.0.113
end-workflow	Checkout repository	2026-02-24T07:46:17.0374959Z  * [new tag]             0.0.114                -> 0.0.114
end-workflow	Checkout repository	2026-02-24T07:46:17.0375347Z  * [new tag]             0.0.115                -> 0.0.115
end-workflow	Checkout repository	2026-02-24T07:46:17.0375736Z  * [new tag]             0.0.116                -> 0.0.116
end-workflow	Checkout repository	2026-02-24T07:46:17.0376302Z  * [new tag]             0.0.117                -> 0.0.117
end-workflow	Checkout repository	2026-02-24T07:46:17.0376716Z  * [new tag]             0.0.118                -> 0.0.118
end-workflow	Checkout repository	2026-02-24T07:46:17.0377102Z  * [new tag]             0.0.119                -> 0.0.119
end-workflow	Checkout repository	2026-02-24T07:46:17.0377484Z  * [new tag]             0.0.12                 -> 0.0.12
end-workflow	Checkout repository	2026-02-24T07:46:17.0377869Z  * [new tag]             0.0.120                -> 0.0.120
end-workflow	Checkout repository	2026-02-24T07:46:17.0378246Z  * [new tag]             0.0.121                -> 0.0.121
end-workflow	Checkout repository	2026-02-24T07:46:17.0378632Z  * [new tag]             0.0.122                -> 0.0.122
end-workflow	Checkout repository	2026-02-24T07:46:17.0379022Z  * [new tag]             0.0.123                -> 0.0.123
end-workflow	Checkout repository	2026-02-24T07:46:17.0388010Z  * [new tag]             0.0.124                -> 0.0.124
end-workflow	Checkout repository	2026-02-24T07:46:17.0388432Z  * [new tag]             0.0.125                -> 0.0.125
end-workflow	Checkout repository	2026-02-24T07:46:17.0388815Z  * [new tag]             0.0.126                -> 0.0.126
end-workflow	Checkout repository	2026-02-24T07:46:17.0389197Z  * [new tag]             0.0.127                -> 0.0.127
end-workflow	Checkout repository	2026-02-24T07:46:17.0389575Z  * [new tag]             0.0.128                -> 0.0.128
end-workflow	Checkout repository	2026-02-24T07:46:17.0389962Z  * [new tag]             0.0.129                -> 0.0.129
end-workflow	Checkout repository	2026-02-24T07:46:17.0390348Z  * [new tag]             0.0.13                 -> 0.0.13
end-workflow	Checkout repository	2026-02-24T07:46:17.0390728Z  * [new tag]             0.0.130                -> 0.0.130
end-workflow	Checkout repository	2026-02-24T07:46:17.0391113Z  * [new tag]             0.0.131                -> 0.0.131
end-workflow	Checkout repository	2026-02-24T07:46:17.0391492Z  * [new tag]             0.0.132                -> 0.0.132
end-workflow	Checkout repository	2026-02-24T07:46:17.0391941Z  * [new tag]             0.0.133                -> 0.0.133
end-workflow	Checkout repository	2026-02-24T07:46:17.0392329Z  * [new tag]             0.0.134                -> 0.0.134
end-workflow	Checkout repository	2026-02-24T07:46:17.0392729Z  * [new tag]             0.0.135                -> 0.0.135
end-workflow	Checkout repository	2026-02-24T07:46:17.0393115Z  * [new tag]             0.0.136                -> 0.0.136
end-workflow	Checkout repository	2026-02-24T07:46:17.0393499Z  * [new tag]             0.0.137                -> 0.0.137
end-workflow	Checkout repository	2026-02-24T07:46:17.0393885Z  * [new tag]             0.0.138                -> 0.0.138
end-workflow	Checkout repository	2026-02-24T07:46:17.0394264Z  * [new tag]             0.0.139                -> 0.0.139
end-workflow	Checkout repository	2026-02-24T07:46:17.0394651Z  * [new tag]             0.0.14                 -> 0.0.14
end-workflow	Checkout repository	2026-02-24T07:46:17.0395030Z  * [new tag]             0.0.140                -> 0.0.140
end-workflow	Checkout repository	2026-02-24T07:46:17.0395418Z  * [new tag]             0.0.141                -> 0.0.141
end-workflow	Checkout repository	2026-02-24T07:46:17.0395802Z  * [new tag]             0.0.142                -> 0.0.142
end-workflow	Checkout repository	2026-02-24T07:46:17.0396183Z  * [new tag]             0.0.143                -> 0.0.143
end-workflow	Checkout repository	2026-02-24T07:46:17.0396569Z  * [new tag]             0.0.144                -> 0.0.144
end-workflow	Checkout repository	2026-02-24T07:46:17.0396961Z  * [new tag]             0.0.145                -> 0.0.145
end-workflow	Checkout repository	2026-02-24T07:46:17.0397354Z  * [new tag]             0.0.146                -> 0.0.146
end-workflow	Checkout repository	2026-02-24T07:46:17.0397734Z  * [new tag]             0.0.147                -> 0.0.147
end-workflow	Checkout repository	2026-02-24T07:46:17.0398119Z  * [new tag]             0.0.148                -> 0.0.148
end-workflow	Checkout repository	2026-02-24T07:46:17.0398509Z  * [new tag]             0.0.149                -> 0.0.149
end-workflow	Checkout repository	2026-02-24T07:46:17.0398906Z  * [new tag]             0.0.15                 -> 0.0.15
end-workflow	Checkout repository	2026-02-24T07:46:17.0399291Z  * [new tag]             0.0.150                -> 0.0.150
end-workflow	Checkout repository	2026-02-24T07:46:17.0399674Z  * [new tag]             0.0.151                -> 0.0.151
end-workflow	Checkout repository	2026-02-24T07:46:17.0400052Z  * [new tag]             0.0.152                -> 0.0.152
end-workflow	Checkout repository	2026-02-24T07:46:17.0400435Z  * [new tag]             0.0.153                -> 0.0.153
end-workflow	Checkout repository	2026-02-24T07:46:17.0400813Z  * [new tag]             0.0.154                -> 0.0.154
end-workflow	Checkout repository	2026-02-24T07:46:17.0401195Z  * [new tag]             0.0.155                -> 0.0.155
end-workflow	Checkout repository	2026-02-24T07:46:17.0401582Z  * [new tag]             0.0.156                -> 0.0.156
end-workflow	Checkout repository	2026-02-24T07:46:17.0404005Z  * [new tag]             0.0.157                -> 0.0.157
end-workflow	Checkout repository	2026-02-24T07:46:17.0404392Z  * [new tag]             0.0.158                -> 0.0.158
end-workflow	Checkout repository	2026-02-24T07:46:17.0404774Z  * [new tag]             0.0.159                -> 0.0.159
end-workflow	Checkout repository	2026-02-24T07:46:17.0405155Z  * [new tag]             0.0.16                 -> 0.0.16
end-workflow	Checkout repository	2026-02-24T07:46:17.0405534Z  * [new tag]             0.0.160                -> 0.0.160
end-workflow	Checkout repository	2026-02-24T07:46:17.0405916Z  * [new tag]             0.0.161                -> 0.0.161
end-workflow	Checkout repository	2026-02-24T07:46:17.0406293Z  * [new tag]             0.0.162                -> 0.0.162
end-workflow	Checkout repository	2026-02-24T07:46:17.0406680Z  * [new tag]             0.0.163                -> 0.0.163
end-workflow	Checkout repository	2026-02-24T07:46:17.0407059Z  * [new tag]             0.0.164                -> 0.0.164
end-workflow	Checkout repository	2026-02-24T07:46:17.0407435Z  * [new tag]             0.0.165                -> 0.0.165
end-workflow	Checkout repository	2026-02-24T07:46:17.0407820Z  * [new tag]             0.0.166                -> 0.0.166
end-workflow	Checkout repository	2026-02-24T07:46:17.0409715Z  * [new tag]             0.0.167                -> 0.0.167
end-workflow	Checkout repository	2026-02-24T07:46:17.0410102Z  * [new tag]             0.0.168                -> 0.0.168
end-workflow	Checkout repository	2026-02-24T07:46:17.0410510Z  * [new tag]             0.0.169                -> 0.0.169
end-workflow	Checkout repository	2026-02-24T07:46:17.0410917Z  * [new tag]             0.0.17                 -> 0.0.17
end-workflow	Checkout repository	2026-02-24T07:46:17.0411355Z  * [new tag]             0.0.170                -> 0.0.170
end-workflow	Checkout repository	2026-02-24T07:46:17.0411918Z  * [new tag]             0.0.171                -> 0.0.171
end-workflow	Checkout repository	2026-02-24T07:46:17.0487454Z  * [new tag]             0.0.172                -> 0.0.172
end-workflow	Checkout repository	2026-02-24T07:46:17.0488355Z  * [new tag]             0.0.173                -> 0.0.173
end-workflow	Checkout repository	2026-02-24T07:46:17.0488732Z  * [new tag]             0.0.174                -> 0.0.174
end-workflow	Checkout repository	2026-02-24T07:46:17.0489095Z  * [new tag]             0.0.175                -> 0.0.175
end-workflow	Checkout repository	2026-02-24T07:46:17.0489462Z  * [new tag]             0.0.176                -> 0.0.176
end-workflow	Checkout repository	2026-02-24T07:46:17.0489873Z  * [new tag]             0.0.177                -> 0.0.177
end-workflow	Checkout repository	2026-02-24T07:46:17.0490257Z  * [new tag]             0.0.178                -> 0.0.178
end-workflow	Checkout repository	2026-02-24T07:46:17.0490625Z  * [new tag]             0.0.179                -> 0.0.179
end-workflow	Checkout repository	2026-02-24T07:46:17.0490985Z  * [new tag]             0.0.18                 -> 0.0.18
end-workflow	Checkout repository	2026-02-24T07:46:17.0491354Z  * [new tag]             0.0.19                 -> 0.0.19
end-workflow	Checkout repository	2026-02-24T07:46:17.0502279Z  * [new tag]             0.0.2                  -> 0.0.2
end-workflow	Checkout repository	2026-02-24T07:46:17.0502809Z  * [new tag]             0.0.20                 -> 0.0.20
end-workflow	Checkout repository	2026-02-24T07:46:17.0503181Z  * [new tag]             0.0.21                 -> 0.0.21
end-workflow	Checkout repository	2026-02-24T07:46:17.0503551Z  * [new tag]             0.0.22                 -> 0.0.22
end-workflow	Checkout repository	2026-02-24T07:46:17.0503915Z  * [new tag]             0.0.23                 -> 0.0.23
end-workflow	Checkout repository	2026-02-24T07:46:17.0504271Z  * [new tag]             0.0.24                 -> 0.0.24
end-workflow	Checkout repository	2026-02-24T07:46:17.0504630Z  * [new tag]             0.0.25                 -> 0.0.25
end-workflow	Checkout repository	2026-02-24T07:46:17.0505024Z  * [new tag]             0.0.26                 -> 0.0.26
end-workflow	Checkout repository	2026-02-24T07:46:17.0505400Z  * [new tag]             0.0.27                 -> 0.0.27
end-workflow	Checkout repository	2026-02-24T07:46:17.0505760Z  * [new tag]             0.0.28                 -> 0.0.28
end-workflow	Checkout repository	2026-02-24T07:46:17.0506127Z  * [new tag]             0.0.29                 -> 0.0.29
end-workflow	Checkout repository	2026-02-24T07:46:17.0506656Z  * [new tag]             0.0.3                  -> 0.0.3
end-workflow	Checkout repository	2026-02-24T07:46:17.0507029Z  * [new tag]             0.0.30                 -> 0.0.30
end-workflow	Checkout repository	2026-02-24T07:46:17.0507395Z  * [new tag]             0.0.31                 -> 0.0.31
end-workflow	Checkout repository	2026-02-24T07:46:17.0507754Z  * [new tag]             0.0.32                 -> 0.0.32
end-workflow	Checkout repository	2026-02-24T07:46:17.0508120Z  * [new tag]             0.0.33                 -> 0.0.33
end-workflow	Checkout repository	2026-02-24T07:46:17.0508477Z  * [new tag]             0.0.34                 -> 0.0.34
end-workflow	Checkout repository	2026-02-24T07:46:17.0508842Z  * [new tag]             0.0.35                 -> 0.0.35
end-workflow	Checkout repository	2026-02-24T07:46:17.0509204Z  * [new tag]             0.0.36                 -> 0.0.36
end-workflow	Checkout repository	2026-02-24T07:46:17.0509901Z  * [new tag]             0.0.37                 -> 0.0.37
end-workflow	Checkout repository	2026-02-24T07:46:17.0510268Z  * [new tag]             0.0.38                 -> 0.0.38
end-workflow	Checkout repository	2026-02-24T07:46:17.0510627Z  * [new tag]             0.0.39                 -> 0.0.39
end-workflow	Checkout repository	2026-02-24T07:46:17.0510991Z  * [new tag]             0.0.4                  -> 0.0.4
end-workflow	Checkout repository	2026-02-24T07:46:17.0511352Z  * [new tag]             0.0.40                 -> 0.0.40
end-workflow	Checkout repository	2026-02-24T07:46:17.0514352Z  * [new tag]             0.0.41                 -> 0.0.41
end-workflow	Checkout repository	2026-02-24T07:46:17.0514797Z  * [new tag]             0.0.42                 -> 0.0.42
end-workflow	Checkout repository	2026-02-24T07:46:17.0515170Z  * [new tag]             0.0.43                 -> 0.0.43
end-workflow	Checkout repository	2026-02-24T07:46:17.0515561Z  * [new tag]             0.0.44                 -> 0.0.44
end-workflow	Checkout repository	2026-02-24T07:46:17.0515925Z  * [new tag]             0.0.45                 -> 0.0.45
end-workflow	Checkout repository	2026-02-24T07:46:17.0516313Z  * [new tag]             0.0.46                 -> 0.0.46
end-workflow	Checkout repository	2026-02-24T07:46:17.0516675Z  * [new tag]             0.0.47                 -> 0.0.47
end-workflow	Checkout repository	2026-02-24T07:46:17.0517443Z  * [new tag]             0.0.48                 -> 0.0.48
end-workflow	Checkout repository	2026-02-24T07:46:17.0517815Z  * [new tag]             0.0.49                 -> 0.0.49
end-workflow	Checkout repository	2026-02-24T07:46:17.0518187Z  * [new tag]             0.0.5                  -> 0.0.5
end-workflow	Checkout repository	2026-02-24T07:46:17.0518581Z  * [new tag]             0.0.50                 -> 0.0.50
end-workflow	Checkout repository	2026-02-24T07:46:17.0518962Z  * [new tag]             0.0.51                 -> 0.0.51
end-workflow	Checkout repository	2026-02-24T07:46:17.0519333Z  * [new tag]             0.0.52                 -> 0.0.52
end-workflow	Checkout repository	2026-02-24T07:46:17.0519703Z  * [new tag]             0.0.53                 -> 0.0.53
end-workflow	Checkout repository	2026-02-24T07:46:17.0520093Z  * [new tag]             0.0.54                 -> 0.0.54
end-workflow	Checkout repository	2026-02-24T07:46:17.0520461Z  * [new tag]             0.0.55                 -> 0.0.55
end-workflow	Checkout repository	2026-02-24T07:46:17.0520819Z  * [new tag]             0.0.56                 -> 0.0.56
end-workflow	Checkout repository	2026-02-24T07:46:17.0521178Z  * [new tag]             0.0.57                 -> 0.0.57
end-workflow	Checkout repository	2026-02-24T07:46:17.0521537Z  * [new tag]             0.0.58                 -> 0.0.58
end-workflow	Checkout repository	2026-02-24T07:46:17.0522270Z  * [new tag]             0.0.59                 -> 0.0.59
end-workflow	Checkout repository	2026-02-24T07:46:17.0522650Z  * [new tag]             0.0.6                  -> 0.0.6
end-workflow	Checkout repository	2026-02-24T07:46:17.0523136Z  * [new tag]             0.0.60                 -> 0.0.60
end-workflow	Checkout repository	2026-02-24T07:46:17.0523497Z  * [new tag]             0.0.61                 -> 0.0.61
end-workflow	Checkout repository	2026-02-24T07:46:17.0523854Z  * [new tag]             0.0.62                 -> 0.0.62
end-workflow	Checkout repository	2026-02-24T07:46:17.0524211Z  * [new tag]             0.0.63                 -> 0.0.63
end-workflow	Checkout repository	2026-02-24T07:46:17.0524566Z  * [new tag]             0.0.64                 -> 0.0.64
end-workflow	Checkout repository	2026-02-24T07:46:17.0524928Z  * [new tag]             0.0.65                 -> 0.0.65
end-workflow	Checkout repository	2026-02-24T07:46:17.0525416Z  * [new tag]             0.0.66                 -> 0.0.66
end-workflow	Checkout repository	2026-02-24T07:46:17.0525793Z  * [new tag]             0.0.67                 -> 0.0.67
end-workflow	Checkout repository	2026-02-24T07:46:17.0526160Z  * [new tag]             0.0.68                 -> 0.0.68
end-workflow	Checkout repository	2026-02-24T07:46:17.0526550Z  * [new tag]             0.0.69                 -> 0.0.69
end-workflow	Checkout repository	2026-02-24T07:46:17.0527055Z  * [new tag]             0.0.7                  -> 0.0.7
end-workflow	Checkout repository	2026-02-24T07:46:17.0527413Z  * [new tag]             0.0.70                 -> 0.0.70
end-workflow	Checkout repository	2026-02-24T07:46:17.0527781Z  * [new tag]             0.0.71                 -> 0.0.71
end-workflow	Checkout repository	2026-02-24T07:46:17.0528136Z  * [new tag]             0.0.72                 -> 0.0.72
end-workflow	Checkout repository	2026-02-24T07:46:17.0528497Z  * [new tag]             0.0.73                 -> 0.0.73
end-workflow	Checkout repository	2026-02-24T07:46:17.0528853Z  * [new tag]             0.0.74                 -> 0.0.74
end-workflow	Checkout repository	2026-02-24T07:46:17.0529218Z  * [new tag]             0.0.75                 -> 0.0.75
end-workflow	Checkout repository	2026-02-24T07:46:17.0529582Z  * [new tag]             0.0.76                 -> 0.0.76
end-workflow	Checkout repository	2026-02-24T07:46:17.0529940Z  * [new tag]             0.0.77                 -> 0.0.77
end-workflow	Checkout repository	2026-02-24T07:46:17.0530299Z  * [new tag]             0.0.78                 -> 0.0.78
end-workflow	Checkout repository	2026-02-24T07:46:17.0530655Z  * [new tag]             0.0.79                 -> 0.0.79
end-workflow	Checkout repository	2026-02-24T07:46:17.0531025Z  * [new tag]             0.0.8                  -> 0.0.8
end-workflow	Checkout repository	2026-02-24T07:46:17.0532022Z  * [new tag]             0.0.80                 -> 0.0.80
end-workflow	Checkout repository	2026-02-24T07:46:17.0532421Z  * [new tag]             0.0.81                 -> 0.0.81
end-workflow	Checkout repository	2026-02-24T07:46:17.0532795Z  * [new tag]             0.0.82                 -> 0.0.82
end-workflow	Checkout repository	2026-02-24T07:46:17.0533160Z  * [new tag]             0.0.83                 -> 0.0.83
end-workflow	Checkout repository	2026-02-24T07:46:17.0533536Z  * [new tag]             0.0.84                 -> 0.0.84
end-workflow	Checkout repository	2026-02-24T07:46:17.0534023Z  * [new tag]             0.0.85                 -> 0.0.85
end-workflow	Checkout repository	2026-02-24T07:46:17.0534383Z  * [new tag]             0.0.86                 -> 0.0.86
end-workflow	Checkout repository	2026-02-24T07:46:17.0534739Z  * [new tag]             0.0.87                 -> 0.0.87
end-workflow	Checkout repository	2026-02-24T07:46:17.0535100Z  * [new tag]             0.0.88                 -> 0.0.88
end-workflow	Checkout repository	2026-02-24T07:46:17.0535464Z  * [new tag]             0.0.89                 -> 0.0.89
end-workflow	Checkout repository	2026-02-24T07:46:17.0535822Z  * [new tag]             0.0.9                  -> 0.0.9
end-workflow	Checkout repository	2026-02-24T07:46:17.0536577Z  * [new tag]             0.0.90                 -> 0.0.90
end-workflow	Checkout repository	2026-02-24T07:46:17.0536946Z  * [new tag]             0.0.91                 -> 0.0.91
end-workflow	Checkout repository	2026-02-24T07:46:17.0537441Z  * [new tag]             0.0.92                 -> 0.0.92
end-workflow	Checkout repository	2026-02-24T07:46:17.0537798Z  * [new tag]             0.0.93                 -> 0.0.93
end-workflow	Checkout repository	2026-02-24T07:46:17.0538161Z  * [new tag]             0.0.94                 -> 0.0.94
end-workflow	Checkout repository	2026-02-24T07:46:17.0538522Z  * [new tag]             0.0.95                 -> 0.0.95
end-workflow	Checkout repository	2026-02-24T07:46:17.0538878Z  * [new tag]             0.0.96                 -> 0.0.96
end-workflow	Checkout repository	2026-02-24T07:46:17.0539243Z  * [new tag]             0.0.97                 -> 0.0.97
end-workflow	Checkout repository	2026-02-24T07:46:17.0539599Z  * [new tag]             0.0.98                 -> 0.0.98
end-workflow	Checkout repository	2026-02-24T07:46:17.0539959Z  * [new tag]             0.0.99                 -> 0.0.99
end-workflow	Checkout repository	2026-02-24T07:46:17.0540318Z  * [new tag]             0.1.0                  -> 0.1.0
end-workflow	Checkout repository	2026-02-24T07:46:17.0540679Z  * [new tag]             0.1.1                  -> 0.1.1
end-workflow	Checkout repository	2026-02-24T07:46:17.0541055Z  * [new tag]             0.2.0                  -> 0.2.0
end-workflow	Checkout repository	2026-02-24T07:46:17.0541413Z  * [new tag]             0.3.0                  -> 0.3.0
end-workflow	Checkout repository	2026-02-24T07:46:17.0542037Z  * [new tag]             0.3.1                  -> 0.3.1
end-workflow	Checkout repository	2026-02-24T07:46:17.0542438Z  * [new tag]             0.3.10                 -> 0.3.10
end-workflow	Checkout repository	2026-02-24T07:46:17.0542811Z  * [new tag]             0.3.11                 -> 0.3.11
end-workflow	Checkout repository	2026-02-24T07:46:17.0543181Z  * [new tag]             0.3.12                 -> 0.3.12
end-workflow	Checkout repository	2026-02-24T07:46:17.0543553Z  * [new tag]             0.3.13                 -> 0.3.13
end-workflow	Checkout repository	2026-02-24T07:46:17.0543926Z  * [new tag]             0.3.14                 -> 0.3.14
end-workflow	Checkout repository	2026-02-24T07:46:17.0544410Z  * [new tag]             0.3.15                 -> 0.3.15
end-workflow	Checkout repository	2026-02-24T07:46:17.0544765Z  * [new tag]             0.3.16                 -> 0.3.16
end-workflow	Checkout repository	2026-02-24T07:46:17.0545128Z  * [new tag]             0.3.17                 -> 0.3.17
end-workflow	Checkout repository	2026-02-24T07:46:17.0545496Z  * [new tag]             0.3.2                  -> 0.3.2
end-workflow	Checkout repository	2026-02-24T07:46:17.0545867Z  * [new tag]             0.3.3                  -> 0.3.3
end-workflow	Checkout repository	2026-02-24T07:46:17.0546226Z  * [new tag]             0.3.4                  -> 0.3.4
end-workflow	Checkout repository	2026-02-24T07:46:17.0546591Z  * [new tag]             0.3.5                  -> 0.3.5
end-workflow	Checkout repository	2026-02-24T07:46:17.0546952Z  * [new tag]             0.3.6                  -> 0.3.6
end-workflow	Checkout repository	2026-02-24T07:46:17.0547307Z  * [new tag]             0.3.7                  -> 0.3.7
end-workflow	Checkout repository	2026-02-24T07:46:17.0547667Z  * [new tag]             0.3.8                  -> 0.3.8
end-workflow	Checkout repository	2026-02-24T07:46:17.0548021Z  * [new tag]             0.3.9                  -> 0.3.9
end-workflow	Checkout repository	2026-02-24T07:46:17.0548383Z  * [new tag]             0.4.0                  -> 0.4.0
end-workflow	Checkout repository	2026-02-24T07:46:17.0548737Z  * [new tag]             0.4.1                  -> 0.4.1
end-workflow	Checkout repository	2026-02-24T07:46:17.0549098Z  * [new tag]             0.4.2                  -> 0.4.2
end-workflow	Checkout repository	2026-02-24T07:46:17.0549457Z  * [new tag]             0.4.3                  -> 0.4.3
end-workflow	Checkout repository	2026-02-24T07:46:17.0549820Z  * [new tag]             0.4.4                  -> 0.4.4
end-workflow	Checkout repository	2026-02-24T07:46:17.0550394Z  * [new tag]             0.4.5                  -> 0.4.5
end-workflow	Checkout repository	2026-02-24T07:46:17.0550754Z  * [new tag]             0.4.6                  -> 0.4.6
end-workflow	Checkout repository	2026-02-24T07:46:17.0551115Z  * [new tag]             0.4.7                  -> 0.4.7
end-workflow	Checkout repository	2026-02-24T07:46:17.0551472Z  * [new tag]             0.4.8                  -> 0.4.8
end-workflow	Checkout repository	2026-02-24T07:46:17.0552089Z  * [new tag]             0.4.9                  -> 0.4.9
end-workflow	Checkout repository	2026-02-24T07:46:17.0552580Z  * [new tag]             0.5.0                  -> 0.5.0
end-workflow	Checkout repository	2026-02-24T07:46:17.0552939Z  * [new tag]             0.5.1                  -> 0.5.1
end-workflow	Checkout repository	2026-02-24T07:46:17.0553301Z  * [new tag]             0.5.2                  -> 0.5.2
end-workflow	Checkout repository	2026-02-24T07:46:17.0553656Z  * [new tag]             0.6.0                  -> 0.6.0
end-workflow	Checkout repository	2026-02-24T07:46:17.0554015Z  * [new tag]             0.6.1                  -> 0.6.1
end-workflow	Checkout repository	2026-02-24T07:46:17.0554368Z  * [new tag]             0.6.2                  -> 0.6.2
end-workflow	Checkout repository	2026-02-24T07:46:17.0554950Z  * [new tag]             0.6.3                  -> 0.6.3
end-workflow	Checkout repository	2026-02-24T07:46:17.0555317Z  * [new tag]             0.6.4                  -> 0.6.4
end-workflow	Checkout repository	2026-02-24T07:46:17.0555686Z  * [new tag]             0.6.5                  -> 0.6.5
end-workflow	Checkout repository	2026-02-24T07:46:17.0764327Z [command]/usr/bin/git branch --list --remote origin/main
end-workflow	Checkout repository	2026-02-24T07:46:17.0843318Z   origin/main
end-workflow	Checkout repository	2026-02-24T07:46:17.0857570Z [command]/usr/bin/git rev-parse refs/remotes/origin/main
end-workflow	Checkout repository	2026-02-24T07:46:17.0890235Z 7ed022fedb0bde13d38d67b542f5438c57c67e5b
end-workflow	Checkout repository	2026-02-24T07:46:17.0904333Z [command]/usr/bin/git -c protocol.version=2 fetch --no-tags --prune --no-recurse-submodules origin +09e3acb588badd5db182cbad62feef9436bbf259:refs/remotes/origin/main
end-workflow	Checkout repository	2026-02-24T07:46:17.1103213Z From https://github.com/Ka0s-Klaus/ka0s
end-workflow	Checkout repository	2026-02-24T07:46:17.1104147Z  + 7ed022fed...09e3acb58 09e3acb588badd5db182cbad62feef9436bbf259 -> origin/main  (forced update)
end-workflow	Checkout repository	2026-02-24T07:46:17.1147950Z ##[endgroup]
end-workflow	Checkout repository	2026-02-24T07:46:17.1148559Z ##[group]Determining the checkout info
end-workflow	Checkout repository	2026-02-24T07:46:17.1149320Z ##[endgroup]
end-workflow	Checkout repository	2026-02-24T07:46:17.1156455Z [command]/usr/bin/git sparse-checkout disable
end-workflow	Checkout repository	2026-02-24T07:46:17.1209508Z [command]/usr/bin/git config --local --unset-all extensions.worktreeConfig
end-workflow	Checkout repository	2026-02-24T07:46:17.1251309Z ##[group]Checking out the ref
end-workflow	Checkout repository	2026-02-24T07:46:17.1257994Z [command]/usr/bin/git checkout --progress --force -B main refs/remotes/origin/main
end-workflow	Checkout repository	2026-02-24T07:46:17.3881970Z Switched to a new branch 'main'
end-workflow	Checkout repository	2026-02-24T07:46:17.3885294Z branch 'main' set up to track 'origin/main'.
end-workflow	Checkout repository	2026-02-24T07:46:17.3932240Z ##[endgroup]
end-workflow	Checkout repository	2026-02-24T07:46:17.3990175Z [command]/usr/bin/git log -1 --format=%H
end-workflow	Checkout repository	2026-02-24T07:46:17.4025809Z 09e3acb588badd5db182cbad62feef9436bbf259
end-workflow	Install GH CLI	ï»¿2026-02-24T07:46:17.4326830Z Prepare all required actions
end-workflow	Install GH CLI	2026-02-24T07:46:17.4400117Z ##[group]Run ./.github/actions/install-gh-cli
end-workflow	Install GH CLI	2026-02-24T07:46:17.4400620Z env:
end-workflow	Install GH CLI	2026-02-24T07:46:17.4400868Z   KAOS_MODULE: [Ka0s] Audit Cluster Status
end-workflow	Install GH CLI	2026-02-24T07:46:17.4401168Z   KAOS_CODE: 22341385797
end-workflow	Install GH CLI	2026-02-24T07:46:17.4401424Z ##[endgroup]
end-workflow	Install GH CLI	2026-02-24T07:46:17.4505910Z ##[group]Run type -p curl >/dev/null || (sudo apt-get update && sudo apt-get install curl -y)
end-workflow	Install GH CLI	2026-02-24T07:46:17.4506646Z [36;1mtype -p curl >/dev/null || (sudo apt-get update && sudo apt-get install curl -y)[0m
end-workflow	Install GH CLI	2026-02-24T07:46:17.4507547Z [36;1mcurl -fsSL https://cli.github.com/packages/githubcli-archive-keyring.gpg | sudo dd of=/usr/share/keyrings/githubcli-archive-keyring.gpg \[0m
end-workflow	Install GH CLI	2026-02-24T07:46:17.4508364Z [36;1m&& sudo chmod go+r /usr/share/keyrings/githubcli-archive-keyring.gpg \[0m
end-workflow	Install GH CLI	2026-02-24T07:46:17.4509454Z [36;1m&& echo "deb [arch=$(dpkg --print-architecture) signed-by=/usr/share/keyrings/githubcli-archive-keyring.gpg] https://cli.github.com/packages stable main" | sudo tee /etc/apt/sources.list.d/github-cli.list > /dev/null \[0m
end-workflow	Install GH CLI	2026-02-24T07:46:17.4510496Z [36;1m&& sudo apt-get update \[0m
end-workflow	Install GH CLI	2026-02-24T07:46:17.4510813Z [36;1m&& sudo apt-get install gh -y[0m
end-workflow	Install GH CLI	2026-02-24T07:46:17.4529869Z shell: /usr/bin/bash --noprofile --norc -e -o pipefail {0}
end-workflow	Install GH CLI	2026-02-24T07:46:17.4530639Z env:
end-workflow	Install GH CLI	2026-02-24T07:46:17.4530910Z   KAOS_MODULE: [Ka0s] Audit Cluster Status
end-workflow	Install GH CLI	2026-02-24T07:46:17.4531221Z   KAOS_CODE: 22341385797
end-workflow	Install GH CLI	2026-02-24T07:46:17.4531483Z ##[endgroup]
end-workflow	Install GH CLI	2026-02-24T07:46:17.5284350Z 4+1 records in
end-workflow	Install GH CLI	2026-02-24T07:46:17.5284697Z 4+1 records out
end-workflow	Install GH CLI	2026-02-24T07:46:17.5285173Z 2270 bytes (2.3 kB, 2.2 KiB) copied, 0.0480369 s, 47.3 kB/s
end-workflow	Install GH CLI	2026-02-24T07:46:17.6935730Z Get:1 https://cli.github.com/packages stable InRelease [3917 B]
end-workflow	Install GH CLI	2026-02-24T07:46:17.7486644Z Get:2 http://security.ubuntu.com/ubuntu noble-security InRelease [126 kB]
end-workflow	Install GH CLI	2026-02-24T07:46:17.7856265Z Get:3 https://cli.github.com/packages stable/main amd64 Packages [357 B]
end-workflow	Install GH CLI	2026-02-24T07:46:17.8332459Z Get:4 http://archive.ubuntu.com/ubuntu noble InRelease [256 kB]
end-workflow	Install GH CLI	2026-02-24T07:46:17.8381548Z Get:5 https://ppa.launchpadcontent.net/git-core/ppa/ubuntu noble InRelease [24.3 kB]
end-workflow	Install GH CLI	2026-02-24T07:46:17.9452830Z Get:6 https://ppa.launchpadcontent.net/git-core/ppa/ubuntu noble/main amd64 Packages [2992 B]
end-workflow	Install GH CLI	2026-02-24T07:46:18.0672199Z Get:7 http://security.ubuntu.com/ubuntu noble-security/restricted amd64 Packages [3209 kB]
end-workflow	Install GH CLI	2026-02-24T07:46:18.3994303Z Get:8 http://security.ubuntu.com/ubuntu noble-security/universe amd64 Packages [1208 kB]
end-workflow	Install GH CLI	2026-02-24T07:46:18.4131023Z Get:9 http://security.ubuntu.com/ubuntu noble-security/multiverse amd64 Packages [34.8 kB]
end-workflow	Install GH CLI	2026-02-24T07:46:18.4153818Z Get:10 http://security.ubuntu.com/ubuntu noble-security/main amd64 Packages [1861 kB]
end-workflow	Install GH CLI	2026-02-24T07:46:18.4168604Z Get:11 http://archive.ubuntu.com/ubuntu noble-updates InRelease [126 kB]
end-workflow	Install GH CLI	2026-02-24T07:46:18.5578950Z Get:12 http://archive.ubuntu.com/ubuntu noble-backports InRelease [126 kB]
end-workflow	Install GH CLI	2026-02-24T07:46:18.7019780Z Get:13 http://archive.ubuntu.com/ubuntu noble/main amd64 Packages [1808 kB]
end-workflow	Install GH CLI	2026-02-24T07:46:19.0389441Z Get:14 http://archive.ubuntu.com/ubuntu noble/universe amd64 Packages [19.3 MB]
end-workflow	Install GH CLI	2026-02-24T07:46:19.6203105Z Get:15 http://archive.ubuntu.com/ubuntu noble/multiverse amd64 Packages [331 kB]
end-workflow	Install GH CLI	2026-02-24T07:46:19.6229320Z Get:16 http://archive.ubuntu.com/ubuntu noble/restricted amd64 Packages [117 kB]
end-workflow	Install GH CLI	2026-02-24T07:46:19.6240063Z Get:17 http://archive.ubuntu.com/ubuntu noble-updates/restricted amd64 Packages [3409 kB]
end-workflow	Install GH CLI	2026-02-24T07:46:19.6932613Z Get:18 http://archive.ubuntu.com/ubuntu noble-updates/multiverse amd64 Packages [38.1 kB]
end-workflow	Install GH CLI	2026-02-24T07:46:19.7087307Z Get:19 http://archive.ubuntu.com/ubuntu noble-updates/main amd64 Packages [2253 kB]
end-workflow	Install GH CLI	2026-02-24T07:46:19.7571414Z Get:20 http://archive.ubuntu.com/ubuntu noble-updates/universe amd64 Packages [2016 kB]
end-workflow	Install GH CLI	2026-02-24T07:46:19.8007860Z Get:21 http://archive.ubuntu.com/ubuntu noble-backports/main amd64 Packages [49.5 kB]
end-workflow	Install GH CLI	2026-02-24T07:46:19.8045590Z Get:22 http://archive.ubuntu.com/ubuntu noble-backports/universe amd64 Packages [34.6 kB]
end-workflow	Install GH CLI	2026-02-24T07:46:21.0130952Z Fetched 36.4 MB in 3s (10.7 MB/s)
end-workflow	Install GH CLI	2026-02-24T07:46:22.0288943Z Reading package lists...
end-workflow	Install GH CLI	2026-02-24T07:46:23.0297640Z Reading package lists...
end-workflow	Install GH CLI	2026-02-24T07:46:23.2662362Z Building dependency tree...
end-workflow	Install GH CLI	2026-02-24T07:46:23.2663254Z Reading state information...
end-workflow	Install GH CLI	2026-02-24T07:46:23.6576686Z The following NEW packages will be installed:
end-workflow	Install GH CLI	2026-02-24T07:46:23.6601177Z   gh
end-workflow	Install GH CLI	2026-02-24T07:46:23.7671283Z 0 upgraded, 1 newly installed, 0 to remove and 26 not upgraded.
end-workflow	Install GH CLI	2026-02-24T07:46:23.7671802Z Need to get 13.8 MB of archives.
end-workflow	Install GH CLI	2026-02-24T07:46:23.7672143Z After this operation, 38.5 MB of additional disk space will be used.
end-workflow	Install GH CLI	2026-02-24T07:46:23.7672779Z Get:1 https://cli.github.com/packages stable/main amd64 gh amd64 2.87.3 [13.8 MB]
end-workflow	Install GH CLI	2026-02-24T07:46:24.4215181Z debconf: delaying package configuration, since apt-utils is not installed
end-workflow	Install GH CLI	2026-02-24T07:46:24.4696332Z Fetched 13.8 MB in 0s (31.7 MB/s)
end-workflow	Install GH CLI	2026-02-24T07:46:24.5011211Z Selecting previously unselected package gh.
end-workflow	Install GH CLI	2026-02-24T07:46:24.5049849Z (Reading database ... 
end-workflow	Install GH CLI	2026-02-24T07:46:24.5064128Z (Reading database ... 5%
end-workflow	Install GH CLI	2026-02-24T07:46:24.5064667Z (Reading database ... 10%
end-workflow	Install GH CLI	2026-02-24T07:46:24.5065163Z (Reading database ... 15%
end-workflow	Install GH CLI	2026-02-24T07:46:24.5065915Z (Reading database ... 20%
end-workflow	Install GH CLI	2026-02-24T07:46:24.5066533Z (Reading database ... 25%
end-workflow	Install GH CLI	2026-02-24T07:46:24.5066761Z (Reading database ... 30%
end-workflow	Install GH CLI	2026-02-24T07:46:24.5066979Z (Reading database ... 35%
end-workflow	Install GH CLI	2026-02-24T07:46:24.5067197Z (Reading database ... 40%
end-workflow	Install GH CLI	2026-02-24T07:46:24.5067411Z (Reading database ... 45%
end-workflow	Install GH CLI	2026-02-24T07:46:24.5067627Z (Reading database ... 50%
end-workflow	Install GH CLI	2026-02-24T07:46:24.5067845Z (Reading database ... 55%
end-workflow	Install GH CLI	2026-02-24T07:46:24.5068058Z (Reading database ... 60%
end-workflow	Install GH CLI	2026-02-24T07:46:24.5068277Z (Reading database ... 65%
end-workflow	Install GH CLI	2026-02-24T07:46:24.5079288Z (Reading database ... 70%
end-workflow	Install GH CLI	2026-02-24T07:46:24.5085988Z (Reading database ... 75%
end-workflow	Install GH CLI	2026-02-24T07:46:24.5100334Z (Reading database ... 80%
end-workflow	Install GH CLI	2026-02-24T07:46:24.5105859Z (Reading database ... 85%
end-workflow	Install GH CLI	2026-02-24T07:46:24.5116899Z (Reading database ... 90%
end-workflow	Install GH CLI	2026-02-24T07:46:24.5137597Z (Reading database ... 95%
end-workflow	Install GH CLI	2026-02-24T07:46:24.5138095Z (Reading database ... 100%
end-workflow	Install GH CLI	2026-02-24T07:46:24.5138467Z (Reading database ... 14385 files and directories currently installed.)
end-workflow	Install GH CLI	2026-02-24T07:46:24.5144442Z Preparing to unpack .../archives/gh_2.87.3_amd64.deb ...
end-workflow	Install GH CLI	2026-02-24T07:46:24.5174704Z Unpacking gh (2.87.3) ...
end-workflow	Install GH CLI	2026-02-24T07:46:24.7450894Z Setting up gh (2.87.3) ...
end-workflow	Trigger Inspector	ï»¿2026-02-24T07:46:24.8006288Z ##[group]Run gh workflow run inspector.yml \
end-workflow	Trigger Inspector	2026-02-24T07:46:24.8006693Z [36;1mgh workflow run inspector.yml \[0m
end-workflow	Trigger Inspector	2026-02-24T07:46:24.8006965Z [36;1m  --ref main \[0m
end-workflow	Trigger Inspector	2026-02-24T07:46:24.8007215Z [36;1m  -f kaos-workflow-id="22341385797" \[0m
end-workflow	Trigger Inspector	2026-02-24T07:46:24.8007539Z [36;1m  -f kaos-user-start="github-actions[bot]"[0m
end-workflow	Trigger Inspector	2026-02-24T07:46:24.8020986Z shell: /usr/bin/bash -e {0}
end-workflow	Trigger Inspector	2026-02-24T07:46:24.8021239Z env:
end-workflow	Trigger Inspector	2026-02-24T07:46:24.8021443Z   KAOS_MODULE: [Ka0s] Audit Cluster Status
end-workflow	Trigger Inspector	2026-02-24T07:46:24.8021978Z   KAOS_CODE: 22341385797
end-workflow	Trigger Inspector	2026-02-24T07:46:24.8022513Z   GH_TOKEN: ***
end-workflow	Trigger Inspector	2026-02-24T07:46:24.8022708Z ##[endgroup]
end-workflow	Trigger Inspector	2026-02-24T07:46:26.7336508Z https://github.com/Ka0s-Klaus/ka0s/actions/runs/22341443230
end-workflow	Post Checkout repository	ï»¿2026-02-24T07:46:26.7553792Z Post job cleanup.
end-workflow	Post Checkout repository	2026-02-24T07:46:26.8720149Z [command]/usr/bin/git version
end-workflow	Post Checkout repository	2026-02-24T07:46:26.8767623Z git version 2.52.0
end-workflow	Post Checkout repository	2026-02-24T07:46:26.8820896Z Temporarily overriding HOME='/home/runner/_work/_temp/0bba372f-0e9e-4e38-aca9-7f587a8132f7' before making global git config changes
end-workflow	Post Checkout repository	2026-02-24T07:46:26.8823222Z Adding repository directory to the temporary git global config as a safe directory
end-workflow	Post Checkout repository	2026-02-24T07:46:26.8827830Z [command]/usr/bin/git config --global --add safe.directory /home/runner/_work/ka0s/ka0s
end-workflow	Post Checkout repository	2026-02-24T07:46:26.8879372Z [command]/usr/bin/git config --local --name-only --get-regexp core\.sshCommand
end-workflow	Post Checkout repository	2026-02-24T07:46:26.8936919Z [command]/usr/bin/git submodule foreach --recursive sh -c "git config --local --name-only --get-regexp 'core\.sshCommand' && git config --local --unset-all 'core.sshCommand' || :"
end-workflow	Post Checkout repository	2026-02-24T07:46:26.9292567Z [command]/usr/bin/git config --local --name-only --get-regexp http\.https\:\/\/github\.com\/\.extraheader
end-workflow	Post Checkout repository	2026-02-24T07:46:26.9322323Z http.https://github.com/.extraheader
end-workflow	Post Checkout repository	2026-02-24T07:46:26.9334206Z [command]/usr/bin/git config --local --unset-all http.https://github.com/.extraheader
end-workflow	Post Checkout repository	2026-02-24T07:46:26.9377779Z [command]/usr/bin/git submodule foreach --recursive sh -c "git config --local --name-only --get-regexp 'http\.https\:\/\/github\.com\/\.extraheader' && git config --local --unset-all 'http.https://github.com/.extraheader' || :"
end-workflow	Post Checkout repository	2026-02-24T07:46:26.9750506Z [command]/usr/bin/git config --local --name-only --get-regexp ^includeIf\.gitdir:
end-workflow	Post Checkout repository	2026-02-24T07:46:26.9813906Z [command]/usr/bin/git submodule foreach --recursive git config --local --show-origin --name-only --get-regexp remote.origin.url
end-workflow	Complete job	ï»¿2026-02-24T07:46:27.0468150Z Cleaning up orphan processes
