job-core	Set up job	Ôªø2026-02-24T10:02:00.5126782Z Current runner version: '2.331.0'
job-core	Set up job	2026-02-24T10:02:00.5136255Z Runner name: 'swarm-runners-scaleset-hkss5-runner-plc2b'
job-core	Set up job	2026-02-24T10:02:00.5137821Z Runner group name: 'Default'
job-core	Set up job	2026-02-24T10:02:00.5138850Z Machine name: 'swarm-runners-scaleset-hkss5-runner-plc2b'
job-core	Set up job	2026-02-24T10:02:00.5143159Z ##[group]GITHUB_TOKEN Permissions
job-core	Set up job	2026-02-24T10:02:00.5146051Z Actions: write
job-core	Set up job	2026-02-24T10:02:00.5146784Z Contents: write
job-core	Set up job	2026-02-24T10:02:00.5147395Z Issues: write
job-core	Set up job	2026-02-24T10:02:00.5148034Z Metadata: read
job-core	Set up job	2026-02-24T10:02:00.5148625Z PullRequests: write
job-core	Set up job	2026-02-24T10:02:00.5149223Z ##[endgroup]
job-core	Set up job	2026-02-24T10:02:00.5151527Z Secret source: Actions
job-core	Set up job	2026-02-24T10:02:00.5152782Z Prepare workflow directory
job-core	Set up job	2026-02-24T10:02:00.5739623Z Prepare all required actions
job-core	Set up job	2026-02-24T10:02:00.5780694Z Getting action download info
job-core	Set up job	2026-02-24T10:02:01.2915487Z Download action repository 'actions/checkout@v4' (SHA:34e114876b0b11c390a56381ad16ebd13914f8d5)
job-core	Set up job	2026-02-24T10:02:02.1029846Z Download action repository 'actions/setup-python@v4' (SHA:7f4fc3e22c37d6ff65e88745f38bd3157c663f7c)
job-core	Set up job	2026-02-24T10:02:03.0426859Z Download action repository 'actions/upload-artifact@v4' (SHA:ea165f8d65b6e75b540449e92b4886f43607fa02)
job-core	Set up job	2026-02-24T10:02:04.0667782Z Complete job name: job-core
job-core	Checkout code	Ôªø2026-02-24T10:02:04.1321041Z ##[group]Run actions/checkout@v4
job-core	Checkout code	2026-02-24T10:02:04.1322150Z with:
job-core	Checkout code	2026-02-24T10:02:04.1322615Z   fetch-depth: 0
job-core	Checkout code	2026-02-24T10:02:04.1322964Z   repository: Ka0s-Klaus/ka0s
job-core	Checkout code	2026-02-24T10:02:04.1323593Z   token: ***
job-core	Checkout code	2026-02-24T10:02:04.1323917Z   ssh-strict: true
job-core	Checkout code	2026-02-24T10:02:04.1324242Z   ssh-user: git
job-core	Checkout code	2026-02-24T10:02:04.1324580Z   persist-credentials: true
job-core	Checkout code	2026-02-24T10:02:04.1324939Z   clean: true
job-core	Checkout code	2026-02-24T10:02:04.1325278Z   sparse-checkout-cone-mode: true
job-core	Checkout code	2026-02-24T10:02:04.1325673Z   fetch-tags: false
job-core	Checkout code	2026-02-24T10:02:04.1326005Z   show-progress: true
job-core	Checkout code	2026-02-24T10:02:04.1326349Z   lfs: false
job-core	Checkout code	2026-02-24T10:02:04.1326675Z   submodules: false
job-core	Checkout code	2026-02-24T10:02:04.1327011Z   set-safe-directory: true
job-core	Checkout code	2026-02-24T10:02:04.1327609Z env:
job-core	Checkout code	2026-02-24T10:02:04.1327955Z   PYTHON_VERSION: 3.9
job-core	Checkout code	2026-02-24T10:02:04.1328874Z   MONGO_SUPERUSER_CONNECTION: ***
job-core	Checkout code	2026-02-24T10:02:04.1329415Z   MONGO_NEW_PASS: ***
job-core	Checkout code	2026-02-24T10:02:04.1329891Z   MONGO_SCRIPT_CREATE: devops/core/mongo/scripts/mongodb_status_report.py
job-core	Checkout code	2026-02-24T10:02:04.1330477Z   KAOS_CODE: 22345892614
job-core	Checkout code	2026-02-24T10:02:04.1330827Z   REPORT_SCAN: audit/
job-core	Checkout code	2026-02-24T10:02:04.1331175Z   REPORT_PATH: audit/mongodb/
job-core	Checkout code	2026-02-24T10:02:04.1331569Z   REPORT_FILENAME: 22345892614.json
job-core	Checkout code	2026-02-24T10:02:04.1332419Z   KAOS_MODULE: [Ka0s] Status MongDB Report
job-core	Checkout code	2026-02-24T10:02:04.1332832Z   GITHUB_OUTPUT: 
job-core	Checkout code	2026-02-24T10:02:04.1333155Z ##[endgroup]
job-core	Checkout code	2026-02-24T10:02:04.2578326Z Syncing repository: Ka0s-Klaus/ka0s
job-core	Checkout code	2026-02-24T10:02:04.2580153Z ##[group]Getting Git version info
job-core	Checkout code	2026-02-24T10:02:04.2580841Z Working directory is '/home/runner/_work/ka0s/ka0s'
job-core	Checkout code	2026-02-24T10:02:04.2582174Z [command]/usr/bin/git version
job-core	Checkout code	2026-02-24T10:02:04.2582628Z git version 2.52.0
job-core	Checkout code	2026-02-24T10:02:04.2607345Z ##[endgroup]
job-core	Checkout code	2026-02-24T10:02:04.2626526Z Temporarily overriding HOME='/home/runner/_work/_temp/56a2bbff-33ba-4682-8fcf-4957a1576e2a' before making global git config changes
job-core	Checkout code	2026-02-24T10:02:04.2633445Z Adding repository directory to the temporary git global config as a safe directory
job-core	Checkout code	2026-02-24T10:02:04.2634363Z [command]/usr/bin/git config --global --add safe.directory /home/runner/_work/ka0s/ka0s
job-core	Checkout code	2026-02-24T10:02:04.2681375Z Deleting the contents of '/home/runner/_work/ka0s/ka0s'
job-core	Checkout code	2026-02-24T10:02:04.2686780Z ##[group]Initializing the repository
job-core	Checkout code	2026-02-24T10:02:04.2690965Z [command]/usr/bin/git init /home/runner/_work/ka0s/ka0s
job-core	Checkout code	2026-02-24T10:02:04.2750638Z hint: Using 'master' as the name for the initial branch. This default branch name
job-core	Checkout code	2026-02-24T10:02:04.2751523Z hint: will change to "main" in Git 3.0. To configure the initial branch name
job-core	Checkout code	2026-02-24T10:02:04.2752381Z hint: to use in all of your new repositories, which will suppress this warning,
job-core	Checkout code	2026-02-24T10:02:04.2753060Z hint: call:
job-core	Checkout code	2026-02-24T10:02:04.2753372Z hint:
job-core	Checkout code	2026-02-24T10:02:04.2754358Z hint: 	git config --global init.defaultBranch <name>
job-core	Checkout code	2026-02-24T10:02:04.2754794Z hint:
job-core	Checkout code	2026-02-24T10:02:04.2755213Z hint: Names commonly chosen instead of 'master' are 'main', 'trunk' and
job-core	Checkout code	2026-02-24T10:02:04.2755867Z hint: 'development'. The just-created branch can be renamed via this command:
job-core	Checkout code	2026-02-24T10:02:04.2756409Z hint:
job-core	Checkout code	2026-02-24T10:02:04.2756718Z hint: 	git branch -m <name>
job-core	Checkout code	2026-02-24T10:02:04.2757067Z hint:
job-core	Checkout code	2026-02-24T10:02:04.2757523Z hint: Disable this message with "git config set advice.defaultBranchName false"
job-core	Checkout code	2026-02-24T10:02:04.2758589Z Initialized empty Git repository in /home/runner/_work/ka0s/ka0s/.git/
job-core	Checkout code	2026-02-24T10:02:04.2767641Z [command]/usr/bin/git remote add origin https://github.com/Ka0s-Klaus/ka0s
job-core	Checkout code	2026-02-24T10:02:04.2814008Z ##[endgroup]
job-core	Checkout code	2026-02-24T10:02:04.2814763Z ##[group]Disabling automatic garbage collection
job-core	Checkout code	2026-02-24T10:02:04.2818687Z [command]/usr/bin/git config --local gc.auto 0
job-core	Checkout code	2026-02-24T10:02:04.2864499Z ##[endgroup]
job-core	Checkout code	2026-02-24T10:02:04.2865539Z ##[group]Setting up auth
job-core	Checkout code	2026-02-24T10:02:04.2874317Z [command]/usr/bin/git config --local --name-only --get-regexp core\.sshCommand
job-core	Checkout code	2026-02-24T10:02:04.2917978Z [command]/usr/bin/git submodule foreach --recursive sh -c "git config --local --name-only --get-regexp 'core\.sshCommand' && git config --local --unset-all 'core.sshCommand' || :"
job-core	Checkout code	2026-02-24T10:02:04.3335329Z [command]/usr/bin/git config --local --name-only --get-regexp http\.https\:\/\/github\.com\/\.extraheader
job-core	Checkout code	2026-02-24T10:02:04.3379627Z [command]/usr/bin/git submodule foreach --recursive sh -c "git config --local --name-only --get-regexp 'http\.https\:\/\/github\.com\/\.extraheader' && git config --local --unset-all 'http.https://github.com/.extraheader' || :"
job-core	Checkout code	2026-02-24T10:02:04.3747239Z [command]/usr/bin/git config --local --name-only --get-regexp ^includeIf\.gitdir:
job-core	Checkout code	2026-02-24T10:02:04.3804860Z [command]/usr/bin/git submodule foreach --recursive git config --local --show-origin --name-only --get-regexp remote.origin.url
job-core	Checkout code	2026-02-24T10:02:04.4169422Z [command]/usr/bin/git config --local http.https://github.com/.extraheader AUTHORIZATION: basic ***
job-core	Checkout code	2026-02-24T10:02:04.4214323Z ##[endgroup]
job-core	Checkout code	2026-02-24T10:02:04.4215035Z ##[group]Fetching the repository
job-core	Checkout code	2026-02-24T10:02:04.4224985Z [command]/usr/bin/git -c protocol.version=2 fetch --prune --no-recurse-submodules origin +refs/heads/*:refs/remotes/origin/* +refs/tags/*:refs/tags/*
job-core	Checkout code	2026-02-24T10:02:26.1478372Z From https://github.com/Ka0s-Klaus/ka0s
job-core	Checkout code	2026-02-24T10:02:26.1478974Z  * [new branch]          F3450-modelo-operativo -> origin/F3450-modelo-operativo
job-core	Checkout code	2026-02-24T10:02:26.1479992Z  * [new branch]          H1276-modulo-observabilidad -> origin/H1276-modulo-observabilidad
job-core	Checkout code	2026-02-24T10:02:26.1480618Z  * [new branch]          H3596-deploy-itop      -> origin/H3596-deploy-itop
job-core	Checkout code	2026-02-24T10:02:26.1483365Z  * [new branch]          H4170-flujo-detallado-zabbix---github -> origin/H4170-flujo-detallado-zabbix---github
job-core	Checkout code	2026-02-24T10:02:26.1544845Z  * [new branch]          H4191-request-cambios  -> origin/H4191-request-cambios
job-core	Checkout code	2026-02-24T10:02:26.1546297Z  * [new branch]          H4200-request-recomendaciones-de-auditoria -> origin/H4200-request-recomendaciones-de-auditoria
job-core	Checkout code	2026-02-24T10:02:26.1552786Z  * [new branch]          main                   -> origin/main
job-core	Checkout code	2026-02-24T10:02:26.1553601Z  * [new tag]             0.0.0                  -> 0.0.0
job-core	Checkout code	2026-02-24T10:02:26.1554153Z  * [new tag]             0.0.1                  -> 0.0.1
job-core	Checkout code	2026-02-24T10:02:26.1554517Z  * [new tag]             0.0.10                 -> 0.0.10
job-core	Checkout code	2026-02-24T10:02:26.1554903Z  * [new tag]             0.0.100                -> 0.0.100
job-core	Checkout code	2026-02-24T10:02:26.1555270Z  * [new tag]             0.0.101                -> 0.0.101
job-core	Checkout code	2026-02-24T10:02:26.1555632Z  * [new tag]             0.0.102                -> 0.0.102
job-core	Checkout code	2026-02-24T10:02:26.1556010Z  * [new tag]             0.0.103                -> 0.0.103
job-core	Checkout code	2026-02-24T10:02:26.1556393Z  * [new tag]             0.0.104                -> 0.0.104
job-core	Checkout code	2026-02-24T10:02:26.1556785Z  * [new tag]             0.0.105                -> 0.0.105
job-core	Checkout code	2026-02-24T10:02:26.1557531Z  * [new tag]             0.0.106                -> 0.0.106
job-core	Checkout code	2026-02-24T10:02:26.1557893Z  * [new tag]             0.0.107                -> 0.0.107
job-core	Checkout code	2026-02-24T10:02:26.1558245Z  * [new tag]             0.0.108                -> 0.0.108
job-core	Checkout code	2026-02-24T10:02:26.1558605Z  * [new tag]             0.0.109                -> 0.0.109
job-core	Checkout code	2026-02-24T10:02:26.1558959Z  * [new tag]             0.0.11                 -> 0.0.11
job-core	Checkout code	2026-02-24T10:02:26.1559313Z  * [new tag]             0.0.110                -> 0.0.110
job-core	Checkout code	2026-02-24T10:02:26.1559661Z  * [new tag]             0.0.111                -> 0.0.111
job-core	Checkout code	2026-02-24T10:02:26.1560014Z  * [new tag]             0.0.112                -> 0.0.112
job-core	Checkout code	2026-02-24T10:02:26.1560366Z  * [new tag]             0.0.113                -> 0.0.113
job-core	Checkout code	2026-02-24T10:02:26.1560717Z  * [new tag]             0.0.114                -> 0.0.114
job-core	Checkout code	2026-02-24T10:02:26.1561083Z  * [new tag]             0.0.115                -> 0.0.115
job-core	Checkout code	2026-02-24T10:02:26.1561465Z  * [new tag]             0.0.116                -> 0.0.116
job-core	Checkout code	2026-02-24T10:02:26.1562318Z  * [new tag]             0.0.117                -> 0.0.117
job-core	Checkout code	2026-02-24T10:02:26.1562862Z  * [new tag]             0.0.118                -> 0.0.118
job-core	Checkout code	2026-02-24T10:02:26.1563218Z  * [new tag]             0.0.119                -> 0.0.119
job-core	Checkout code	2026-02-24T10:02:26.1563850Z  * [new tag]             0.0.12                 -> 0.0.12
job-core	Checkout code	2026-02-24T10:02:26.1564204Z  * [new tag]             0.0.120                -> 0.0.120
job-core	Checkout code	2026-02-24T10:02:26.1564558Z  * [new tag]             0.0.121                -> 0.0.121
job-core	Checkout code	2026-02-24T10:02:26.1564911Z  * [new tag]             0.0.122                -> 0.0.122
job-core	Checkout code	2026-02-24T10:02:26.1565269Z  * [new tag]             0.0.123                -> 0.0.123
job-core	Checkout code	2026-02-24T10:02:26.1565622Z  * [new tag]             0.0.124                -> 0.0.124
job-core	Checkout code	2026-02-24T10:02:26.1565972Z  * [new tag]             0.0.125                -> 0.0.125
job-core	Checkout code	2026-02-24T10:02:26.1566325Z  * [new tag]             0.0.126                -> 0.0.126
job-core	Checkout code	2026-02-24T10:02:26.1566683Z  * [new tag]             0.0.127                -> 0.0.127
job-core	Checkout code	2026-02-24T10:02:26.1567038Z  * [new tag]             0.0.128                -> 0.0.128
job-core	Checkout code	2026-02-24T10:02:26.1567419Z  * [new tag]             0.0.129                -> 0.0.129
job-core	Checkout code	2026-02-24T10:02:26.1567821Z  * [new tag]             0.0.13                 -> 0.0.13
job-core	Checkout code	2026-02-24T10:02:26.1568196Z  * [new tag]             0.0.130                -> 0.0.130
job-core	Checkout code	2026-02-24T10:02:26.1568563Z  * [new tag]             0.0.131                -> 0.0.131
job-core	Checkout code	2026-02-24T10:02:26.1568926Z  * [new tag]             0.0.132                -> 0.0.132
job-core	Checkout code	2026-02-24T10:02:26.1569288Z  * [new tag]             0.0.133                -> 0.0.133
job-core	Checkout code	2026-02-24T10:02:26.1569643Z  * [new tag]             0.0.134                -> 0.0.134
job-core	Checkout code	2026-02-24T10:02:26.1569998Z  * [new tag]             0.0.135                -> 0.0.135
job-core	Checkout code	2026-02-24T10:02:26.1570348Z  * [new tag]             0.0.136                -> 0.0.136
job-core	Checkout code	2026-02-24T10:02:26.1570705Z  * [new tag]             0.0.137                -> 0.0.137
job-core	Checkout code	2026-02-24T10:02:26.1571062Z  * [new tag]             0.0.138                -> 0.0.138
job-core	Checkout code	2026-02-24T10:02:26.1571411Z  * [new tag]             0.0.139                -> 0.0.139
job-core	Checkout code	2026-02-24T10:02:26.1572096Z  * [new tag]             0.0.14                 -> 0.0.14
job-core	Checkout code	2026-02-24T10:02:26.1572473Z  * [new tag]             0.0.140                -> 0.0.140
job-core	Checkout code	2026-02-24T10:02:26.1572951Z  * [new tag]             0.0.141                -> 0.0.141
job-core	Checkout code	2026-02-24T10:02:26.1573303Z  * [new tag]             0.0.142                -> 0.0.142
job-core	Checkout code	2026-02-24T10:02:26.1573657Z  * [new tag]             0.0.143                -> 0.0.143
job-core	Checkout code	2026-02-24T10:02:26.1574010Z  * [new tag]             0.0.144                -> 0.0.144
job-core	Checkout code	2026-02-24T10:02:26.1574361Z  * [new tag]             0.0.145                -> 0.0.145
job-core	Checkout code	2026-02-24T10:02:26.1574714Z  * [new tag]             0.0.146                -> 0.0.146
job-core	Checkout code	2026-02-24T10:02:26.1575064Z  * [new tag]             0.0.147                -> 0.0.147
job-core	Checkout code	2026-02-24T10:02:26.1575416Z  * [new tag]             0.0.148                -> 0.0.148
job-core	Checkout code	2026-02-24T10:02:26.1576002Z  * [new tag]             0.0.149                -> 0.0.149
job-core	Checkout code	2026-02-24T10:02:26.1576372Z  * [new tag]             0.0.15                 -> 0.0.15
job-core	Checkout code	2026-02-24T10:02:26.1576779Z  * [new tag]             0.0.150                -> 0.0.150
job-core	Checkout code	2026-02-24T10:02:26.1577141Z  * [new tag]             0.0.151                -> 0.0.151
job-core	Checkout code	2026-02-24T10:02:26.1577496Z  * [new tag]             0.0.152                -> 0.0.152
job-core	Checkout code	2026-02-24T10:02:26.1577857Z  * [new tag]             0.0.153                -> 0.0.153
job-core	Checkout code	2026-02-24T10:02:26.1578217Z  * [new tag]             0.0.154                -> 0.0.154
job-core	Checkout code	2026-02-24T10:02:26.1578581Z  * [new tag]             0.0.155                -> 0.0.155
job-core	Checkout code	2026-02-24T10:02:26.1578944Z  * [new tag]             0.0.156                -> 0.0.156
job-core	Checkout code	2026-02-24T10:02:26.1579316Z  * [new tag]             0.0.157                -> 0.0.157
job-core	Checkout code	2026-02-24T10:02:26.1579688Z  * [new tag]             0.0.158                -> 0.0.158
job-core	Checkout code	2026-02-24T10:02:26.1580059Z  * [new tag]             0.0.159                -> 0.0.159
job-core	Checkout code	2026-02-24T10:02:26.1580427Z  * [new tag]             0.0.16                 -> 0.0.16
job-core	Checkout code	2026-02-24T10:02:26.1580788Z  * [new tag]             0.0.160                -> 0.0.160
job-core	Checkout code	2026-02-24T10:02:26.1581357Z  * [new tag]             0.0.161                -> 0.0.161
job-core	Checkout code	2026-02-24T10:02:26.1581990Z  * [new tag]             0.0.162                -> 0.0.162
job-core	Checkout code	2026-02-24T10:02:26.1582635Z  * [new tag]             0.0.163                -> 0.0.163
job-core	Checkout code	2026-02-24T10:02:26.1582992Z  * [new tag]             0.0.164                -> 0.0.164
job-core	Checkout code	2026-02-24T10:02:26.1583349Z  * [new tag]             0.0.165                -> 0.0.165
job-core	Checkout code	2026-02-24T10:02:26.1583707Z  * [new tag]             0.0.166                -> 0.0.166
job-core	Checkout code	2026-02-24T10:02:26.1584065Z  * [new tag]             0.0.167                -> 0.0.167
job-core	Checkout code	2026-02-24T10:02:26.1584418Z  * [new tag]             0.0.168                -> 0.0.168
job-core	Checkout code	2026-02-24T10:02:26.1584776Z  * [new tag]             0.0.169                -> 0.0.169
job-core	Checkout code	2026-02-24T10:02:26.1585138Z  * [new tag]             0.0.17                 -> 0.0.17
job-core	Checkout code	2026-02-24T10:02:26.1585496Z  * [new tag]             0.0.170                -> 0.0.170
job-core	Checkout code	2026-02-24T10:02:26.1585852Z  * [new tag]             0.0.171                -> 0.0.171
job-core	Checkout code	2026-02-24T10:02:26.1586217Z  * [new tag]             0.0.172                -> 0.0.172
job-core	Checkout code	2026-02-24T10:02:26.1586573Z  * [new tag]             0.0.173                -> 0.0.173
job-core	Checkout code	2026-02-24T10:02:26.1586922Z  * [new tag]             0.0.174                -> 0.0.174
job-core	Checkout code	2026-02-24T10:02:26.1587282Z  * [new tag]             0.0.175                -> 0.0.175
job-core	Checkout code	2026-02-24T10:02:26.1587645Z  * [new tag]             0.0.176                -> 0.0.176
job-core	Checkout code	2026-02-24T10:02:26.1588002Z  * [new tag]             0.0.177                -> 0.0.177
job-core	Checkout code	2026-02-24T10:02:26.1588360Z  * [new tag]             0.0.178                -> 0.0.178
job-core	Checkout code	2026-02-24T10:02:26.1588716Z  * [new tag]             0.0.179                -> 0.0.179
job-core	Checkout code	2026-02-24T10:02:26.1589076Z  * [new tag]             0.0.18                 -> 0.0.18
job-core	Checkout code	2026-02-24T10:02:26.1589433Z  * [new tag]             0.0.19                 -> 0.0.19
job-core	Checkout code	2026-02-24T10:02:26.1589787Z  * [new tag]             0.0.2                  -> 0.0.2
job-core	Checkout code	2026-02-24T10:02:26.1590139Z  * [new tag]             0.0.20                 -> 0.0.20
job-core	Checkout code	2026-02-24T10:02:26.1590499Z  * [new tag]             0.0.21                 -> 0.0.21
job-core	Checkout code	2026-02-24T10:02:26.1590851Z  * [new tag]             0.0.22                 -> 0.0.22
job-core	Checkout code	2026-02-24T10:02:26.1591205Z  * [new tag]             0.0.23                 -> 0.0.23
job-core	Checkout code	2026-02-24T10:02:26.1591561Z  * [new tag]             0.0.24                 -> 0.0.24
job-core	Checkout code	2026-02-24T10:02:26.1592321Z  * [new tag]             0.0.25                 -> 0.0.25
job-core	Checkout code	2026-02-24T10:02:26.1592900Z  * [new tag]             0.0.26                 -> 0.0.26
job-core	Checkout code	2026-02-24T10:02:26.1593255Z  * [new tag]             0.0.27                 -> 0.0.27
job-core	Checkout code	2026-02-24T10:02:26.1593601Z  * [new tag]             0.0.28                 -> 0.0.28
job-core	Checkout code	2026-02-24T10:02:26.1594158Z  * [new tag]             0.0.29                 -> 0.0.29
job-core	Checkout code	2026-02-24T10:02:26.1594515Z  * [new tag]             0.0.3                  -> 0.0.3
job-core	Checkout code	2026-02-24T10:02:26.1594868Z  * [new tag]             0.0.30                 -> 0.0.30
job-core	Checkout code	2026-02-24T10:02:26.1595228Z  * [new tag]             0.0.31                 -> 0.0.31
job-core	Checkout code	2026-02-24T10:02:26.1595581Z  * [new tag]             0.0.32                 -> 0.0.32
job-core	Checkout code	2026-02-24T10:02:26.1595932Z  * [new tag]             0.0.33                 -> 0.0.33
job-core	Checkout code	2026-02-24T10:02:26.1596284Z  * [new tag]             0.0.34                 -> 0.0.34
job-core	Checkout code	2026-02-24T10:02:26.1596629Z  * [new tag]             0.0.35                 -> 0.0.35
job-core	Checkout code	2026-02-24T10:02:26.1596986Z  * [new tag]             0.0.36                 -> 0.0.36
job-core	Checkout code	2026-02-24T10:02:26.1597339Z  * [new tag]             0.0.37                 -> 0.0.37
job-core	Checkout code	2026-02-24T10:02:26.1597690Z  * [new tag]             0.0.38                 -> 0.0.38
job-core	Checkout code	2026-02-24T10:02:26.1598042Z  * [new tag]             0.0.39                 -> 0.0.39
job-core	Checkout code	2026-02-24T10:02:26.1598401Z  * [new tag]             0.0.4                  -> 0.0.4
job-core	Checkout code	2026-02-24T10:02:26.1598752Z  * [new tag]             0.0.40                 -> 0.0.40
job-core	Checkout code	2026-02-24T10:02:26.1599098Z  * [new tag]             0.0.41                 -> 0.0.41
job-core	Checkout code	2026-02-24T10:02:26.1599635Z  * [new tag]             0.0.42                 -> 0.0.42
job-core	Checkout code	2026-02-24T10:02:26.1599989Z  * [new tag]             0.0.43                 -> 0.0.43
job-core	Checkout code	2026-02-24T10:02:26.1600340Z  * [new tag]             0.0.44                 -> 0.0.44
job-core	Checkout code	2026-02-24T10:02:26.1600693Z  * [new tag]             0.0.45                 -> 0.0.45
job-core	Checkout code	2026-02-24T10:02:26.1601048Z  * [new tag]             0.0.46                 -> 0.0.46
job-core	Checkout code	2026-02-24T10:02:26.1601399Z  * [new tag]             0.0.47                 -> 0.0.47
job-core	Checkout code	2026-02-24T10:02:26.1602143Z  * [new tag]             0.0.48                 -> 0.0.48
job-core	Checkout code	2026-02-24T10:02:26.1602525Z  * [new tag]             0.0.49                 -> 0.0.49
job-core	Checkout code	2026-02-24T10:02:26.1603012Z  * [new tag]             0.0.5                  -> 0.0.5
job-core	Checkout code	2026-02-24T10:02:26.1603367Z  * [new tag]             0.0.50                 -> 0.0.50
job-core	Checkout code	2026-02-24T10:02:26.1603719Z  * [new tag]             0.0.51                 -> 0.0.51
job-core	Checkout code	2026-02-24T10:02:26.1604074Z  * [new tag]             0.0.52                 -> 0.0.52
job-core	Checkout code	2026-02-24T10:02:26.1604435Z  * [new tag]             0.0.53                 -> 0.0.53
job-core	Checkout code	2026-02-24T10:02:26.1604784Z  * [new tag]             0.0.54                 -> 0.0.54
job-core	Checkout code	2026-02-24T10:02:26.1605132Z  * [new tag]             0.0.55                 -> 0.0.55
job-core	Checkout code	2026-02-24T10:02:26.1605482Z  * [new tag]             0.0.56                 -> 0.0.56
job-core	Checkout code	2026-02-24T10:02:26.1605837Z  * [new tag]             0.0.57                 -> 0.0.57
job-core	Checkout code	2026-02-24T10:02:26.1606189Z  * [new tag]             0.0.58                 -> 0.0.58
job-core	Checkout code	2026-02-24T10:02:26.1606536Z  * [new tag]             0.0.59                 -> 0.0.59
job-core	Checkout code	2026-02-24T10:02:26.1606880Z  * [new tag]             0.0.6                  -> 0.0.6
job-core	Checkout code	2026-02-24T10:02:26.1607226Z  * [new tag]             0.0.60                 -> 0.0.60
job-core	Checkout code	2026-02-24T10:02:26.1607578Z  * [new tag]             0.0.61                 -> 0.0.61
job-core	Checkout code	2026-02-24T10:02:26.1607923Z  * [new tag]             0.0.62                 -> 0.0.62
job-core	Checkout code	2026-02-24T10:02:26.1608269Z  * [new tag]             0.0.63                 -> 0.0.63
job-core	Checkout code	2026-02-24T10:02:26.1608618Z  * [new tag]             0.0.64                 -> 0.0.64
job-core	Checkout code	2026-02-24T10:02:26.1608961Z  * [new tag]             0.0.65                 -> 0.0.65
job-core	Checkout code	2026-02-24T10:02:26.1609306Z  * [new tag]             0.0.66                 -> 0.0.66
job-core	Checkout code	2026-02-24T10:02:26.1609648Z  * [new tag]             0.0.67                 -> 0.0.67
job-core	Checkout code	2026-02-24T10:02:26.1609990Z  * [new tag]             0.0.68                 -> 0.0.68
job-core	Checkout code	2026-02-24T10:02:26.1610333Z  * [new tag]             0.0.69                 -> 0.0.69
job-core	Checkout code	2026-02-24T10:02:26.1610681Z  * [new tag]             0.0.7                  -> 0.0.7
job-core	Checkout code	2026-02-24T10:02:26.1611026Z  * [new tag]             0.0.70                 -> 0.0.70
job-core	Checkout code	2026-02-24T10:02:26.1611576Z  * [new tag]             0.0.71                 -> 0.0.71
job-core	Checkout code	2026-02-24T10:02:26.1612444Z  * [new tag]             0.0.72                 -> 0.0.72
job-core	Checkout code	2026-02-24T10:02:26.1612922Z  * [new tag]             0.0.73                 -> 0.0.73
job-core	Checkout code	2026-02-24T10:02:26.1613275Z  * [new tag]             0.0.74                 -> 0.0.74
job-core	Checkout code	2026-02-24T10:02:26.1613615Z  * [new tag]             0.0.75                 -> 0.0.75
job-core	Checkout code	2026-02-24T10:02:26.1613960Z  * [new tag]             0.0.76                 -> 0.0.76
job-core	Checkout code	2026-02-24T10:02:26.1614310Z  * [new tag]             0.0.77                 -> 0.0.77
job-core	Checkout code	2026-02-24T10:02:26.1614800Z  * [new tag]             0.0.78                 -> 0.0.78
job-core	Checkout code	2026-02-24T10:02:26.1615157Z  * [new tag]             0.0.79                 -> 0.0.79
job-core	Checkout code	2026-02-24T10:02:26.1615636Z  * [new tag]             0.0.8                  -> 0.0.8
job-core	Checkout code	2026-02-24T10:02:26.1615988Z  * [new tag]             0.0.80                 -> 0.0.80
job-core	Checkout code	2026-02-24T10:02:26.1616329Z  * [new tag]             0.0.81                 -> 0.0.81
job-core	Checkout code	2026-02-24T10:02:26.1616682Z  * [new tag]             0.0.82                 -> 0.0.82
job-core	Checkout code	2026-02-24T10:02:26.1617031Z  * [new tag]             0.0.83                 -> 0.0.83
job-core	Checkout code	2026-02-24T10:02:26.1617380Z  * [new tag]             0.0.84                 -> 0.0.84
job-core	Checkout code	2026-02-24T10:02:26.1617964Z  * [new tag]             0.0.85                 -> 0.0.85
job-core	Checkout code	2026-02-24T10:02:26.1618315Z  * [new tag]             0.0.86                 -> 0.0.86
job-core	Checkout code	2026-02-24T10:02:26.1618660Z  * [new tag]             0.0.87                 -> 0.0.87
job-core	Checkout code	2026-02-24T10:02:26.1619005Z  * [new tag]             0.0.88                 -> 0.0.88
job-core	Checkout code	2026-02-24T10:02:26.1619342Z  * [new tag]             0.0.89                 -> 0.0.89
job-core	Checkout code	2026-02-24T10:02:26.1619694Z  * [new tag]             0.0.9                  -> 0.0.9
job-core	Checkout code	2026-02-24T10:02:26.1620039Z  * [new tag]             0.0.90                 -> 0.0.90
job-core	Checkout code	2026-02-24T10:02:26.1620387Z  * [new tag]             0.0.91                 -> 0.0.91
job-core	Checkout code	2026-02-24T10:02:26.1620746Z  * [new tag]             0.0.92                 -> 0.0.92
job-core	Checkout code	2026-02-24T10:02:26.1621093Z  * [new tag]             0.0.93                 -> 0.0.93
job-core	Checkout code	2026-02-24T10:02:26.1621439Z  * [new tag]             0.0.94                 -> 0.0.94
job-core	Checkout code	2026-02-24T10:02:26.1622133Z  * [new tag]             0.0.95                 -> 0.0.95
job-core	Checkout code	2026-02-24T10:02:26.1622609Z  * [new tag]             0.0.96                 -> 0.0.96
job-core	Checkout code	2026-02-24T10:02:26.1622951Z  * [new tag]             0.0.97                 -> 0.0.97
job-core	Checkout code	2026-02-24T10:02:26.1623295Z  * [new tag]             0.0.98                 -> 0.0.98
job-core	Checkout code	2026-02-24T10:02:26.1623640Z  * [new tag]             0.0.99                 -> 0.0.99
job-core	Checkout code	2026-02-24T10:02:26.1623986Z  * [new tag]             0.1.0                  -> 0.1.0
job-core	Checkout code	2026-02-24T10:02:26.1624334Z  * [new tag]             0.1.1                  -> 0.1.1
job-core	Checkout code	2026-02-24T10:02:26.1624677Z  * [new tag]             0.2.0                  -> 0.2.0
job-core	Checkout code	2026-02-24T10:02:26.1625016Z  * [new tag]             0.3.0                  -> 0.3.0
job-core	Checkout code	2026-02-24T10:02:26.1625354Z  * [new tag]             0.3.1                  -> 0.3.1
job-core	Checkout code	2026-02-24T10:02:26.1625732Z  * [new tag]             0.3.10                 -> 0.3.10
job-core	Checkout code	2026-02-24T10:02:26.1626081Z  * [new tag]             0.3.11                 -> 0.3.11
job-core	Checkout code	2026-02-24T10:02:26.1626427Z  * [new tag]             0.3.12                 -> 0.3.12
job-core	Checkout code	2026-02-24T10:02:26.1626773Z  * [new tag]             0.3.13                 -> 0.3.13
job-core	Checkout code	2026-02-24T10:02:26.1627118Z  * [new tag]             0.3.14                 -> 0.3.14
job-core	Checkout code	2026-02-24T10:02:26.1627461Z  * [new tag]             0.3.15                 -> 0.3.15
job-core	Checkout code	2026-02-24T10:02:26.1627805Z  * [new tag]             0.3.16                 -> 0.3.16
job-core	Checkout code	2026-02-24T10:02:26.1628149Z  * [new tag]             0.3.17                 -> 0.3.17
job-core	Checkout code	2026-02-24T10:02:26.1628496Z  * [new tag]             0.3.2                  -> 0.3.2
job-core	Checkout code	2026-02-24T10:02:26.1628841Z  * [new tag]             0.3.3                  -> 0.3.3
job-core	Checkout code	2026-02-24T10:02:26.1629181Z  * [new tag]             0.3.4                  -> 0.3.4
job-core	Checkout code	2026-02-24T10:02:26.1629524Z  * [new tag]             0.3.5                  -> 0.3.5
job-core	Checkout code	2026-02-24T10:02:26.1630505Z  * [new tag]             0.3.6                  -> 0.3.6
job-core	Checkout code	2026-02-24T10:02:26.1631099Z  * [new tag]             0.3.7                  -> 0.3.7
job-core	Checkout code	2026-02-24T10:02:26.1631824Z  * [new tag]             0.3.8                  -> 0.3.8
job-core	Checkout code	2026-02-24T10:02:26.1632583Z  * [new tag]             0.3.9                  -> 0.3.9
job-core	Checkout code	2026-02-24T10:02:26.1632928Z  * [new tag]             0.4.0                  -> 0.4.0
job-core	Checkout code	2026-02-24T10:02:26.1633271Z  * [new tag]             0.4.1                  -> 0.4.1
job-core	Checkout code	2026-02-24T10:02:26.1633611Z  * [new tag]             0.4.2                  -> 0.4.2
job-core	Checkout code	2026-02-24T10:02:26.1633951Z  * [new tag]             0.4.3                  -> 0.4.3
job-core	Checkout code	2026-02-24T10:02:26.1634291Z  * [new tag]             0.4.4                  -> 0.4.4
job-core	Checkout code	2026-02-24T10:02:26.1634633Z  * [new tag]             0.4.5                  -> 0.4.5
job-core	Checkout code	2026-02-24T10:02:26.1634974Z  * [new tag]             0.4.6                  -> 0.4.6
job-core	Checkout code	2026-02-24T10:02:26.1635323Z  * [new tag]             0.4.7                  -> 0.4.7
job-core	Checkout code	2026-02-24T10:02:26.1635807Z  * [new tag]             0.4.8                  -> 0.4.8
job-core	Checkout code	2026-02-24T10:02:26.1636161Z  * [new tag]             0.4.9                  -> 0.4.9
job-core	Checkout code	2026-02-24T10:02:26.1636516Z  * [new tag]             0.5.0                  -> 0.5.0
job-core	Checkout code	2026-02-24T10:02:26.1637478Z  * [new tag]             0.5.1                  -> 0.5.1
job-core	Checkout code	2026-02-24T10:02:26.1637820Z  * [new tag]             0.5.2                  -> 0.5.2
job-core	Checkout code	2026-02-24T10:02:26.1638166Z  * [new tag]             0.6.0                  -> 0.6.0
job-core	Checkout code	2026-02-24T10:02:26.1638511Z  * [new tag]             0.6.1                  -> 0.6.1
job-core	Checkout code	2026-02-24T10:02:26.1638855Z  * [new tag]             0.6.2                  -> 0.6.2
job-core	Checkout code	2026-02-24T10:02:26.1639193Z  * [new tag]             0.6.3                  -> 0.6.3
job-core	Checkout code	2026-02-24T10:02:26.1639537Z  * [new tag]             0.6.4                  -> 0.6.4
job-core	Checkout code	2026-02-24T10:02:26.1639883Z  * [new tag]             0.6.5                  -> 0.6.5
job-core	Checkout code	2026-02-24T10:02:26.1640229Z  * [new tag]             0.6.6                  -> 0.6.6
job-core	Checkout code	2026-02-24T10:02:26.1877462Z [command]/usr/bin/git branch --list --remote origin/main
job-core	Checkout code	2026-02-24T10:02:26.1957023Z   origin/main
job-core	Checkout code	2026-02-24T10:02:26.1969476Z [command]/usr/bin/git rev-parse refs/remotes/origin/main
job-core	Checkout code	2026-02-24T10:02:26.1999207Z 6bbbf519abcf0a3ccebe54fdb0edb52a9c69d963
job-core	Checkout code	2026-02-24T10:02:26.2012418Z [command]/usr/bin/git -c protocol.version=2 fetch --no-tags --prune --no-recurse-submodules origin +90450cb321c965d90dc294edeca5a7886aa07a8d:refs/remotes/origin/main
job-core	Checkout code	2026-02-24T10:02:26.2198604Z From https://github.com/Ka0s-Klaus/ka0s
job-core	Checkout code	2026-02-24T10:02:26.2199321Z  + 6bbbf519a...90450cb32 90450cb321c965d90dc294edeca5a7886aa07a8d -> origin/main  (forced update)
job-core	Checkout code	2026-02-24T10:02:26.2236800Z ##[endgroup]
job-core	Checkout code	2026-02-24T10:02:26.2237319Z ##[group]Determining the checkout info
job-core	Checkout code	2026-02-24T10:02:26.2237778Z ##[endgroup]
job-core	Checkout code	2026-02-24T10:02:26.2243161Z [command]/usr/bin/git sparse-checkout disable
job-core	Checkout code	2026-02-24T10:02:26.2293779Z [command]/usr/bin/git config --local --unset-all extensions.worktreeConfig
job-core	Checkout code	2026-02-24T10:02:26.2332573Z ##[group]Checking out the ref
job-core	Checkout code	2026-02-24T10:02:26.2344361Z [command]/usr/bin/git checkout --progress --force -B main refs/remotes/origin/main
job-core	Checkout code	2026-02-24T10:02:26.4805059Z Switched to a new branch 'main'
job-core	Checkout code	2026-02-24T10:02:26.4809349Z branch 'main' set up to track 'origin/main'.
job-core	Checkout code	2026-02-24T10:02:26.4853212Z ##[endgroup]
job-core	Checkout code	2026-02-24T10:02:26.4906878Z [command]/usr/bin/git log -1 --format=%H
job-core	Checkout code	2026-02-24T10:02:26.4941547Z 90450cb321c965d90dc294edeca5a7886aa07a8d
job-core	Install GH CLI	Ôªø2026-02-24T10:02:26.5253137Z Prepare all required actions
job-core	Install GH CLI	2026-02-24T10:02:26.5303348Z ##[group]Run ./.github/actions/install-gh-cli
job-core	Install GH CLI	2026-02-24T10:02:26.5303690Z env:
job-core	Install GH CLI	2026-02-24T10:02:26.5303893Z   PYTHON_VERSION: 3.9
job-core	Install GH CLI	2026-02-24T10:02:26.5304784Z   MONGO_SUPERUSER_CONNECTION: ***
job-core	Install GH CLI	2026-02-24T10:02:26.5305191Z   MONGO_NEW_PASS: ***
job-core	Install GH CLI	2026-02-24T10:02:26.5305549Z   MONGO_SCRIPT_CREATE: devops/core/mongo/scripts/mongodb_status_report.py
job-core	Install GH CLI	2026-02-24T10:02:26.5305957Z   KAOS_CODE: 22345892614
job-core	Install GH CLI	2026-02-24T10:02:26.5306477Z   REPORT_SCAN: audit/
job-core	Install GH CLI	2026-02-24T10:02:26.5306710Z   REPORT_PATH: audit/mongodb/
job-core	Install GH CLI	2026-02-24T10:02:26.5306973Z   REPORT_FILENAME: 22345892614.json
job-core	Install GH CLI	2026-02-24T10:02:26.5307254Z   KAOS_MODULE: [Ka0s] Status MongDB Report
job-core	Install GH CLI	2026-02-24T10:02:26.5307540Z   GITHUB_OUTPUT: 
job-core	Install GH CLI	2026-02-24T10:02:26.5307748Z ##[endgroup]
job-core	Install GH CLI	2026-02-24T10:02:26.5400846Z ##[group]Run type -p curl >/dev/null || (sudo apt-get update && sudo apt-get install curl -y)
job-core	Install GH CLI	2026-02-24T10:02:26.5401582Z [36;1mtype -p curl >/dev/null || (sudo apt-get update && sudo apt-get install curl -y)[0m
job-core	Install GH CLI	2026-02-24T10:02:26.5402802Z [36;1mcurl -fsSL https://cli.github.com/packages/githubcli-archive-keyring.gpg | sudo dd of=/usr/share/keyrings/githubcli-archive-keyring.gpg \[0m
job-core	Install GH CLI	2026-02-24T10:02:26.5403623Z [36;1m&& sudo chmod go+r /usr/share/keyrings/githubcli-archive-keyring.gpg \[0m
job-core	Install GH CLI	2026-02-24T10:02:26.5404720Z [36;1m&& echo "deb [arch=$(dpkg --print-architecture) signed-by=/usr/share/keyrings/githubcli-archive-keyring.gpg] https://cli.github.com/packages stable main" | sudo tee /etc/apt/sources.list.d/github-cli.list > /dev/null \[0m
job-core	Install GH CLI	2026-02-24T10:02:26.5405736Z [36;1m&& sudo apt-get update \[0m
job-core	Install GH CLI	2026-02-24T10:02:26.5406022Z [36;1m&& sudo apt-get install gh -y[0m
job-core	Install GH CLI	2026-02-24T10:02:26.5422477Z shell: /usr/bin/bash --noprofile --norc -e -o pipefail {0}
job-core	Install GH CLI	2026-02-24T10:02:26.5422953Z env:
job-core	Install GH CLI	2026-02-24T10:02:26.5423148Z   PYTHON_VERSION: 3.9
job-core	Install GH CLI	2026-02-24T10:02:26.5423967Z   MONGO_SUPERUSER_CONNECTION: ***
job-core	Install GH CLI	2026-02-24T10:02:26.5424347Z   MONGO_NEW_PASS: ***
job-core	Install GH CLI	2026-02-24T10:02:26.5424674Z   MONGO_SCRIPT_CREATE: devops/core/mongo/scripts/mongodb_status_report.py
job-core	Install GH CLI	2026-02-24T10:02:26.5425077Z   KAOS_CODE: 22345892614
job-core	Install GH CLI	2026-02-24T10:02:26.5425301Z   REPORT_SCAN: audit/
job-core	Install GH CLI	2026-02-24T10:02:26.5425526Z   REPORT_PATH: audit/mongodb/
job-core	Install GH CLI	2026-02-24T10:02:26.5425774Z   REPORT_FILENAME: 22345892614.json
job-core	Install GH CLI	2026-02-24T10:02:26.5426041Z   KAOS_MODULE: [Ka0s] Status MongDB Report
job-core	Install GH CLI	2026-02-24T10:02:26.5426309Z   GITHUB_OUTPUT: 
job-core	Install GH CLI	2026-02-24T10:02:26.5426512Z ##[endgroup]
job-core	Install GH CLI	2026-02-24T10:02:26.6084980Z 4+1 records in
job-core	Install GH CLI	2026-02-24T10:02:26.6085289Z 4+1 records out
job-core	Install GH CLI	2026-02-24T10:02:26.6085578Z 2270 bytes (2.3 kB, 2.2 KiB) copied, 0.041588 s, 54.6 kB/s
job-core	Install GH CLI	2026-02-24T10:02:26.7965905Z Get:1 https://cli.github.com/packages stable InRelease [3917 B]
job-core	Install GH CLI	2026-02-24T10:02:26.8420361Z Get:2 http://security.ubuntu.com/ubuntu noble-security InRelease [126 kB]
job-core	Install GH CLI	2026-02-24T10:02:26.8493207Z Get:3 http://archive.ubuntu.com/ubuntu noble InRelease [256 kB]
job-core	Install GH CLI	2026-02-24T10:02:26.8998088Z Get:4 https://cli.github.com/packages stable/main amd64 Packages [357 B]
job-core	Install GH CLI	2026-02-24T10:02:26.9613343Z Get:5 https://ppa.launchpadcontent.net/git-core/ppa/ubuntu noble InRelease [24.3 kB]
job-core	Install GH CLI	2026-02-24T10:02:27.0753539Z Get:6 https://ppa.launchpadcontent.net/git-core/ppa/ubuntu noble/main amd64 Packages [2992 B]
job-core	Install GH CLI	2026-02-24T10:02:27.1689017Z Get:7 http://archive.ubuntu.com/ubuntu noble-updates InRelease [126 kB]
job-core	Install GH CLI	2026-02-24T10:02:27.1689706Z Get:8 http://security.ubuntu.com/ubuntu noble-security/multiverse amd64 Packages [34.8 kB]
job-core	Install GH CLI	2026-02-24T10:02:27.2272570Z Get:9 http://security.ubuntu.com/ubuntu noble-security/main amd64 Packages [1861 kB]
job-core	Install GH CLI	2026-02-24T10:02:27.2472526Z Get:10 http://archive.ubuntu.com/ubuntu noble-backports InRelease [126 kB]
job-core	Install GH CLI	2026-02-24T10:02:27.3261196Z Get:11 http://archive.ubuntu.com/ubuntu noble/restricted amd64 Packages [117 kB]
job-core	Install GH CLI	2026-02-24T10:02:27.3457812Z Get:12 http://archive.ubuntu.com/ubuntu noble/universe amd64 Packages [19.3 MB]
job-core	Install GH CLI	2026-02-24T10:02:27.4320317Z Get:13 http://security.ubuntu.com/ubuntu noble-security/universe amd64 Packages [1208 kB]
job-core	Install GH CLI	2026-02-24T10:02:27.4648177Z Get:14 http://security.ubuntu.com/ubuntu noble-security/restricted amd64 Packages [3209 kB]
job-core	Install GH CLI	2026-02-24T10:02:27.8141951Z Get:15 http://archive.ubuntu.com/ubuntu noble/main amd64 Packages [1808 kB]
job-core	Install GH CLI	2026-02-24T10:02:27.8271298Z Get:16 http://archive.ubuntu.com/ubuntu noble/multiverse amd64 Packages [331 kB]
job-core	Install GH CLI	2026-02-24T10:02:27.8296565Z Get:17 http://archive.ubuntu.com/ubuntu noble-updates/multiverse amd64 Packages [38.1 kB]
job-core	Install GH CLI	2026-02-24T10:02:27.8301074Z Get:18 http://archive.ubuntu.com/ubuntu noble-updates/universe amd64 Packages [2016 kB]
job-core	Install GH CLI	2026-02-24T10:02:27.8441894Z Get:19 http://archive.ubuntu.com/ubuntu noble-updates/main amd64 Packages [2253 kB]
job-core	Install GH CLI	2026-02-24T10:02:27.8932408Z Get:20 http://archive.ubuntu.com/ubuntu noble-updates/restricted amd64 Packages [3409 kB]
job-core	Install GH CLI	2026-02-24T10:02:27.9769593Z Get:21 http://archive.ubuntu.com/ubuntu noble-backports/main amd64 Packages [49.5 kB]
job-core	Install GH CLI	2026-02-24T10:02:27.9774136Z Get:22 http://archive.ubuntu.com/ubuntu noble-backports/universe amd64 Packages [34.6 kB]
job-core	Install GH CLI	2026-02-24T10:02:29.2089575Z Fetched 36.4 MB in 2s (14.6 MB/s)
job-core	Install GH CLI	2026-02-24T10:02:30.1608189Z Reading package lists...
job-core	Install GH CLI	2026-02-24T10:02:31.1496865Z Reading package lists...
job-core	Install GH CLI	2026-02-24T10:02:31.3797836Z Building dependency tree...
job-core	Install GH CLI	2026-02-24T10:02:31.3798949Z Reading state information...
job-core	Install GH CLI	2026-02-24T10:02:31.7578573Z The following NEW packages will be installed:
job-core	Install GH CLI	2026-02-24T10:02:31.7598464Z   gh
job-core	Install GH CLI	2026-02-24T10:02:31.8307417Z 0 upgraded, 1 newly installed, 0 to remove and 26 not upgraded.
job-core	Install GH CLI	2026-02-24T10:02:31.8308040Z Need to get 13.8 MB of archives.
job-core	Install GH CLI	2026-02-24T10:02:31.8308495Z After this operation, 38.5 MB of additional disk space will be used.
job-core	Install GH CLI	2026-02-24T10:02:31.8309164Z Get:1 https://cli.github.com/packages stable/main amd64 gh amd64 2.87.3 [13.8 MB]
job-core	Install GH CLI	2026-02-24T10:02:32.1982244Z debconf: delaying package configuration, since apt-utils is not installed
job-core	Install GH CLI	2026-02-24T10:02:32.2405140Z Fetched 13.8 MB in 0s (52.4 MB/s)
job-core	Install GH CLI	2026-02-24T10:02:32.2687270Z Selecting previously unselected package gh.
job-core	Install GH CLI	2026-02-24T10:02:32.2723767Z (Reading database ... 
job-core	Install GH CLI	2026-02-24T10:02:32.2724043Z (Reading database ... 5%
job-core	Install GH CLI	2026-02-24T10:02:32.2724293Z (Reading database ... 10%
job-core	Install GH CLI	2026-02-24T10:02:32.2724539Z (Reading database ... 15%
job-core	Install GH CLI	2026-02-24T10:02:32.2724780Z (Reading database ... 20%
job-core	Install GH CLI	2026-02-24T10:02:32.2725019Z (Reading database ... 25%
job-core	Install GH CLI	2026-02-24T10:02:32.2725252Z (Reading database ... 30%
job-core	Install GH CLI	2026-02-24T10:02:32.2725489Z (Reading database ... 35%
job-core	Install GH CLI	2026-02-24T10:02:32.2725727Z (Reading database ... 40%
job-core	Install GH CLI	2026-02-24T10:02:32.2725980Z (Reading database ... 45%
job-core	Install GH CLI	2026-02-24T10:02:32.2726216Z (Reading database ... 50%
job-core	Install GH CLI	2026-02-24T10:02:32.2726453Z (Reading database ... 55%
job-core	Install GH CLI	2026-02-24T10:02:32.2726691Z (Reading database ... 60%
job-core	Install GH CLI	2026-02-24T10:02:32.2730568Z (Reading database ... 65%
job-core	Install GH CLI	2026-02-24T10:02:32.2751383Z (Reading database ... 70%
job-core	Install GH CLI	2026-02-24T10:02:32.2757113Z (Reading database ... 75%
job-core	Install GH CLI	2026-02-24T10:02:32.2770145Z (Reading database ... 80%
job-core	Install GH CLI	2026-02-24T10:02:32.2775023Z (Reading database ... 85%
job-core	Install GH CLI	2026-02-24T10:02:32.2785354Z (Reading database ... 90%
job-core	Install GH CLI	2026-02-24T10:02:32.2804507Z (Reading database ... 95%
job-core	Install GH CLI	2026-02-24T10:02:32.2804992Z (Reading database ... 100%
job-core	Install GH CLI	2026-02-24T10:02:32.2805395Z (Reading database ... 14385 files and directories currently installed.)
job-core	Install GH CLI	2026-02-24T10:02:32.2810227Z Preparing to unpack .../archives/gh_2.87.3_amd64.deb ...
job-core	Install GH CLI	2026-02-24T10:02:32.2838548Z Unpacking gh (2.87.3) ...
job-core	Install GH CLI	2026-02-24T10:02:32.5481972Z Setting up gh (2.87.3) ...
job-core	Set up Python	Ôªø2026-02-24T10:02:32.6700985Z ##[group]Run actions/setup-python@v4
job-core	Set up Python	2026-02-24T10:02:32.6701325Z with:
job-core	Set up Python	2026-02-24T10:02:32.6701521Z   python-version: 3.9
job-core	Set up Python	2026-02-24T10:02:32.6702446Z   check-latest: false
job-core	Set up Python	2026-02-24T10:02:32.6702955Z   token: ***
job-core	Set up Python	2026-02-24T10:02:32.6703309Z   update-environment: true
job-core	Set up Python	2026-02-24T10:02:32.6703563Z   allow-prereleases: false
job-core	Set up Python	2026-02-24T10:02:32.6703796Z env:
job-core	Set up Python	2026-02-24T10:02:32.6703975Z   PYTHON_VERSION: 3.9
job-core	Set up Python	2026-02-24T10:02:32.6704653Z   MONGO_SUPERUSER_CONNECTION: ***
job-core	Set up Python	2026-02-24T10:02:32.6705038Z   MONGO_NEW_PASS: ***
job-core	Set up Python	2026-02-24T10:02:32.6705378Z   MONGO_SCRIPT_CREATE: devops/core/mongo/scripts/mongodb_status_report.py
job-core	Set up Python	2026-02-24T10:02:32.6705782Z   KAOS_CODE: 22345892614
job-core	Set up Python	2026-02-24T10:02:32.6706127Z   REPORT_SCAN: audit/
job-core	Set up Python	2026-02-24T10:02:32.6706353Z   REPORT_PATH: audit/mongodb/
job-core	Set up Python	2026-02-24T10:02:32.6706605Z   REPORT_FILENAME: 22345892614.json
job-core	Set up Python	2026-02-24T10:02:32.6707001Z   KAOS_MODULE: [Ka0s] Status MongDB Report
job-core	Set up Python	2026-02-24T10:02:32.6707268Z   GITHUB_OUTPUT: 
job-core	Set up Python	2026-02-24T10:02:32.6707462Z ##[endgroup]
job-core	Set up Python	2026-02-24T10:02:32.8698602Z ##[group]Installed versions
job-core	Set up Python	2026-02-24T10:02:32.8711083Z Version 3.9 was not found in the local cache
job-core	Set up Python	2026-02-24T10:02:33.8345742Z Version 3.9 is available for downloading
job-core	Set up Python	2026-02-24T10:02:33.8347434Z Download from "https://github.com/actions/python-versions/releases/download/3.9.25-19039189640/python-3.9.25-linux-24.04-x64.tar.gz"
job-core	Set up Python	2026-02-24T10:02:35.5878747Z Extract downloaded archive
job-core	Set up Python	2026-02-24T10:02:35.5995608Z [command]/usr/bin/tar xz --warning=no-unknown-keyword -C /home/runner/_work/_temp/3ead229f-8147-4a6b-9968-587bfcd38645 -f /home/runner/_work/_temp/b2c663b1-fabc-4c1f-acc3-63eacd253d70
job-core	Set up Python	2026-02-24T10:02:37.1830784Z Execute installation script
job-core	Set up Python	2026-02-24T10:02:37.1937557Z Check if Python hostedtoolcache folder exist...
job-core	Set up Python	2026-02-24T10:02:37.1938157Z Creating Python hostedtoolcache folder...
job-core	Set up Python	2026-02-24T10:02:37.1952293Z Create Python 3.9.25 folder
job-core	Set up Python	2026-02-24T10:02:37.1968762Z Copy Python binaries to hostedtoolcache folder
job-core	Set up Python	2026-02-24T10:02:38.1535473Z Create additional symlinks (Required for the UsePythonVersion Azure Pipelines task and the setup-python GitHub Action)
job-core	Set up Python	2026-02-24T10:02:38.1584430Z Upgrading pip...
job-core	Set up Python	2026-02-24T10:02:40.1889769Z Looking in links: /tmp/tmph22c6ggv
job-core	Set up Python	2026-02-24T10:02:40.1895365Z Requirement already satisfied: setuptools in /home/runner/_work/_tool/Python/3.9.25/x64/lib/python3.9/site-packages (79.0.1)
job-core	Set up Python	2026-02-24T10:02:40.1900518Z Requirement already satisfied: pip in /home/runner/_work/_tool/Python/3.9.25/x64/lib/python3.9/site-packages (23.0.1)
job-core	Set up Python	2026-02-24T10:02:41.4700629Z Collecting pip
job-core	Set up Python	2026-02-24T10:02:41.5446009Z Downloading pip-26.0.1-py3-none-any.whl (1.8 MB)
job-core	Set up Python	2026-02-24T10:02:41.6118127Z ‚îÅ‚îÅ‚îÅ‚îÅ‚îÅ‚îÅ‚îÅ‚îÅ‚îÅ‚îÅ‚îÅ‚îÅ‚îÅ‚îÅ‚îÅ‚îÅ‚îÅ‚îÅ‚îÅ‚îÅ‚îÅ‚îÅ‚îÅ‚îÅ‚îÅ‚îÅ‚îÅ‚îÅ‚îÅ‚îÅ‚îÅ‚îÅ‚îÅ‚îÅ‚îÅ‚îÅ‚îÅ‚îÅ‚îÅ‚îÅ 1.8/1.8 MB 29.1 MB/s eta 0:00:00
job-core	Set up Python	2026-02-24T10:02:41.6118566Z 
job-core	Set up Python	2026-02-24T10:02:41.6821027Z Installing collected packages: pip
job-core	Set up Python	2026-02-24T10:02:41.6821419Z Attempting uninstall: pip
job-core	Set up Python	2026-02-24T10:02:41.6829424Z Found existing installation: pip 23.0.1
job-core	Set up Python	2026-02-24T10:02:41.9917393Z Uninstalling pip-23.0.1:
job-core	Set up Python	2026-02-24T10:02:42.0019739Z Successfully uninstalled pip-23.0.1
job-core	Set up Python	2026-02-24T10:02:42.8860432Z Successfully installed pip-26.0.1
job-core	Set up Python	2026-02-24T10:02:42.9652248Z Create complete file
job-core	Set up Python	2026-02-24T10:02:42.9697423Z Successfully set up CPython (3.9.25)
job-core	Set up Python	2026-02-24T10:02:42.9698440Z ##[endgroup]
job-core	Install dependencies	Ôªø2026-02-24T10:02:42.9906828Z ##[group]Run pip install pymongo
job-core	Install dependencies	2026-02-24T10:02:42.9907173Z [36;1mpip install pymongo[0m
job-core	Install dependencies	2026-02-24T10:02:42.9924558Z shell: /usr/bin/bash -e {0}
job-core	Install dependencies	2026-02-24T10:02:42.9924822Z env:
job-core	Install dependencies	2026-02-24T10:02:42.9925019Z   PYTHON_VERSION: 3.9
job-core	Install dependencies	2026-02-24T10:02:42.9925809Z   MONGO_SUPERUSER_CONNECTION: ***
job-core	Install dependencies	2026-02-24T10:02:42.9926187Z   MONGO_NEW_PASS: ***
job-core	Install dependencies	2026-02-24T10:02:42.9926515Z   MONGO_SCRIPT_CREATE: devops/core/mongo/scripts/mongodb_status_report.py
job-core	Install dependencies	2026-02-24T10:02:42.9927121Z   KAOS_CODE: 22345892614
job-core	Install dependencies	2026-02-24T10:02:42.9927348Z   REPORT_SCAN: audit/
job-core	Install dependencies	2026-02-24T10:02:42.9927567Z   REPORT_PATH: audit/mongodb/
job-core	Install dependencies	2026-02-24T10:02:42.9927810Z   REPORT_FILENAME: 22345892614.json
job-core	Install dependencies	2026-02-24T10:02:42.9928080Z   KAOS_MODULE: [Ka0s] Status MongDB Report
job-core	Install dependencies	2026-02-24T10:02:42.9928370Z   GITHUB_OUTPUT: 
job-core	Install dependencies	2026-02-24T10:02:42.9928651Z   pythonLocation: /home/runner/_work/_tool/Python/3.9.25/x64
job-core	Install dependencies	2026-02-24T10:02:42.9929247Z   PKG_CONFIG_PATH: /home/runner/_work/_tool/Python/3.9.25/x64/lib/pkgconfig
job-core	Install dependencies	2026-02-24T10:02:42.9929819Z   Python_ROOT_DIR: /home/runner/_work/_tool/Python/3.9.25/x64
job-core	Install dependencies	2026-02-24T10:02:42.9930257Z   Python2_ROOT_DIR: /home/runner/_work/_tool/Python/3.9.25/x64
job-core	Install dependencies	2026-02-24T10:02:42.9930659Z   Python3_ROOT_DIR: /home/runner/_work/_tool/Python/3.9.25/x64
job-core	Install dependencies	2026-02-24T10:02:42.9931066Z   LD_LIBRARY_PATH: /home/runner/_work/_tool/Python/3.9.25/x64/lib
job-core	Install dependencies	2026-02-24T10:02:42.9931406Z ##[endgroup]
job-core	Install dependencies	2026-02-24T10:02:43.8557118Z Collecting pymongo
job-core	Install dependencies	2026-02-24T10:02:43.8986373Z   Downloading pymongo-4.16.0-cp39-cp39-manylinux2014_x86_64.manylinux_2_17_x86_64.manylinux_2_28_x86_64.whl.metadata (10.0 kB)
job-core	Install dependencies	2026-02-24T10:02:43.9284214Z Collecting dnspython<3.0.0,>=2.6.1 (from pymongo)
job-core	Install dependencies	2026-02-24T10:02:43.9352523Z   Downloading dnspython-2.7.0-py3-none-any.whl.metadata (5.8 kB)
job-core	Install dependencies	2026-02-24T10:02:43.9534155Z Downloading pymongo-4.16.0-cp39-cp39-manylinux2014_x86_64.manylinux_2_17_x86_64.manylinux_2_28_x86_64.whl (947 kB)
job-core	Install dependencies	2026-02-24T10:02:43.9964825Z    ‚îÅ‚îÅ‚îÅ‚îÅ‚îÅ‚îÅ‚îÅ‚îÅ‚îÅ‚îÅ‚îÅ‚îÅ‚îÅ‚îÅ‚îÅ‚îÅ‚îÅ‚îÅ‚îÅ‚îÅ‚îÅ‚îÅ‚îÅ‚îÅ‚îÅ‚îÅ‚îÅ‚îÅ‚îÅ‚îÅ‚îÅ‚îÅ‚îÅ‚îÅ‚îÅ‚îÅ‚îÅ‚îÅ‚îÅ‚îÅ 947.2/947.2 kB 27.8 MB/s  0:00:00
job-core	Install dependencies	2026-02-24T10:02:44.0030204Z Downloading dnspython-2.7.0-py3-none-any.whl (313 kB)
job-core	Install dependencies	2026-02-24T10:02:44.0478908Z Installing collected packages: dnspython, pymongo
job-core	Install dependencies	2026-02-24T10:02:44.6057234Z 
job-core	Install dependencies	2026-02-24T10:02:44.6078184Z Successfully installed dnspython-2.7.0 pymongo-4.16.0
job-core	Create database MongoDB	Ôªø2026-02-24T10:02:44.8198263Z ##[group]Run python devops/core/mongo/scripts/mongodb_status_report.py
job-core	Create database MongoDB	2026-02-24T10:02:44.8198980Z [36;1mpython devops/core/mongo/scripts/mongodb_status_report.py[0m
job-core	Create database MongoDB	2026-02-24T10:02:44.8199445Z [36;1mecho "Downloading files to MongoDB update repository ..."[0m
job-core	Create database MongoDB	2026-02-24T10:02:44.8200137Z [36;1mgit config --global user.name "***"[0m
job-core	Create database MongoDB	2026-02-24T10:02:44.8200509Z [36;1mgit config --global user.email "***"[0m
job-core	Create database MongoDB	2026-02-24T10:02:44.8200806Z [36;1mgit pull --rebase[0m
job-core	Create database MongoDB	2026-02-24T10:02:44.8201153Z [36;1mecho "Uploading files to MongoDB update repository ..."[0m
job-core	Create database MongoDB	2026-02-24T10:02:44.8211295Z [36;1mgit add audit/mongodb/[0m
job-core	Create database MongoDB	2026-02-24T10:02:44.8211886Z [36;1mif ! git diff --staged --quiet; then[0m
job-core	Create database MongoDB	2026-02-24T10:02:44.8212627Z [36;1m   git commit -m "swarm-runners] Uploading files to MongoDB update repository ..."[0m
job-core	Create database MongoDB	2026-02-24T10:02:44.8213146Z [36;1m   git push origin refs/heads/main --force-with-lease[0m
job-core	Create database MongoDB	2026-02-24T10:02:44.8213475Z [36;1m fi[0m
job-core	Create database MongoDB	2026-02-24T10:02:44.8227985Z shell: /usr/bin/bash -e {0}
job-core	Create database MongoDB	2026-02-24T10:02:44.8228287Z env:
job-core	Create database MongoDB	2026-02-24T10:02:44.8228482Z   PYTHON_VERSION: 3.9
job-core	Create database MongoDB	2026-02-24T10:02:44.8229278Z   MONGO_SUPERUSER_CONNECTION: ***
job-core	Create database MongoDB	2026-02-24T10:02:44.8229669Z   MONGO_NEW_PASS: ***
job-core	Create database MongoDB	2026-02-24T10:02:44.8230021Z   MONGO_SCRIPT_CREATE: devops/core/mongo/scripts/mongodb_status_report.py
job-core	Create database MongoDB	2026-02-24T10:02:44.8230419Z   KAOS_CODE: 22345892614
job-core	Create database MongoDB	2026-02-24T10:02:44.8230652Z   REPORT_SCAN: audit/
job-core	Create database MongoDB	2026-02-24T10:02:44.8230879Z   REPORT_PATH: audit/mongodb/
job-core	Create database MongoDB	2026-02-24T10:02:44.8231149Z   REPORT_FILENAME: 22345892614.json
job-core	Create database MongoDB	2026-02-24T10:02:44.8231438Z   KAOS_MODULE: [Ka0s] Status MongDB Report
job-core	Create database MongoDB	2026-02-24T10:02:44.8231912Z   GITHUB_OUTPUT: 
job-core	Create database MongoDB	2026-02-24T10:02:44.8232309Z   pythonLocation: /home/runner/_work/_tool/Python/3.9.25/x64
job-core	Create database MongoDB	2026-02-24T10:02:44.8232750Z   PKG_CONFIG_PATH: /home/runner/_work/_tool/Python/3.9.25/x64/lib/pkgconfig
job-core	Create database MongoDB	2026-02-24T10:02:44.8233195Z   Python_ROOT_DIR: /home/runner/_work/_tool/Python/3.9.25/x64
job-core	Create database MongoDB	2026-02-24T10:02:44.8233595Z   Python2_ROOT_DIR: /home/runner/_work/_tool/Python/3.9.25/x64
job-core	Create database MongoDB	2026-02-24T10:02:44.8234003Z   Python3_ROOT_DIR: /home/runner/_work/_tool/Python/3.9.25/x64
job-core	Create database MongoDB	2026-02-24T10:02:44.8234408Z   LD_LIBRARY_PATH: /home/runner/_work/_tool/Python/3.9.25/x64/lib
job-core	Create database MongoDB	2026-02-24T10:02:44.8234744Z ##[endgroup]
job-core	Create database MongoDB	2026-02-24T10:02:45.2804813Z ‚úÖ Reporte generado exitosamente: audit/mongodb/22345892614.json
job-core	Create database MongoDB	2026-02-24T10:02:45.5241533Z Downloading files to MongoDB update repository ...
job-core	Create database MongoDB	2026-02-24T10:02:46.3630654Z From https://github.com/Ka0s-Klaus/ka0s
job-core	Create database MongoDB	2026-02-24T10:02:46.3631304Z    90450cb32..6bbbf519a  main       -> origin/main
job-core	Create database MongoDB	2026-02-24T10:02:46.3815237Z Updating 90450cb32..6bbbf519a
job-core	Create database MongoDB	2026-02-24T10:02:46.3815717Z Fast-forward
job-core	Create database MongoDB	2026-02-24T10:02:46.3852098Z  audit/inspector/22345735063.json |    1 +
job-core	Create database MongoDB	2026-02-24T10:02:46.3852703Z  audit/inspector/22345735063.log  | 2560 ++++++++++++++++++++++++++++++++++++++
job-core	Create database MongoDB	2026-02-24T10:02:46.3853124Z  2 files changed, 2561 insertions(+)
job-core	Create database MongoDB	2026-02-24T10:02:46.3853665Z  create mode 100644 audit/inspector/22345735063.json
job-core	Create database MongoDB	2026-02-24T10:02:46.3854036Z  create mode 100644 audit/inspector/22345735063.log
job-core	Create database MongoDB	2026-02-24T10:02:46.3862186Z Uploading files to MongoDB update repository ...
job-core	Create database MongoDB	2026-02-24T10:02:46.4418459Z [main 4a01624b0] swarm-runners] Uploading files to MongoDB update repository ...
job-core	Create database MongoDB	2026-02-24T10:02:46.4418983Z  1 file changed, 32910 insertions(+)
job-core	Create database MongoDB	2026-02-24T10:02:46.4419441Z  create mode 100644 audit/mongodb/22345892614.json
job-core	Create database MongoDB	2026-02-24T10:02:47.6087893Z To https://github.com/Ka0s-Klaus/ka0s
job-core	Create database MongoDB	2026-02-24T10:02:47.6088850Z    6bbbf519a..4a01624b0  main -> main
job-core	Upload report	Ôªø2026-02-24T10:02:47.6226782Z ##[group]Run actions/upload-artifact@v4
job-core	Upload report	2026-02-24T10:02:47.6227108Z with:
job-core	Upload report	2026-02-24T10:02:47.6227308Z   name: mongo-setup-report
job-core	Upload report	2026-02-24T10:02:47.6227556Z   path: audit/mongodb/
job-core	Upload report	2026-02-24T10:02:47.6227789Z   if-no-files-found: warn
job-core	Upload report	2026-02-24T10:02:47.6228033Z   compression-level: 6
job-core	Upload report	2026-02-24T10:02:47.6228256Z   overwrite: false
job-core	Upload report	2026-02-24T10:02:47.6228478Z   include-hidden-files: false
job-core	Upload report	2026-02-24T10:02:47.6228718Z env:
job-core	Upload report	2026-02-24T10:02:47.6228901Z   PYTHON_VERSION: 3.9
job-core	Upload report	2026-02-24T10:02:47.6229726Z   MONGO_SUPERUSER_CONNECTION: ***
job-core	Upload report	2026-02-24T10:02:47.6230117Z   MONGO_NEW_PASS: ***
job-core	Upload report	2026-02-24T10:02:47.6230455Z   MONGO_SCRIPT_CREATE: devops/core/mongo/scripts/mongodb_status_report.py
job-core	Upload report	2026-02-24T10:02:47.6230857Z   KAOS_CODE: 22345892614
job-core	Upload report	2026-02-24T10:02:47.6231090Z   REPORT_SCAN: audit/
job-core	Upload report	2026-02-24T10:02:47.6231319Z   REPORT_PATH: audit/mongodb/
job-core	Upload report	2026-02-24T10:02:47.6231575Z   REPORT_FILENAME: 22345892614.json
job-core	Upload report	2026-02-24T10:02:47.6232449Z   KAOS_MODULE: [Ka0s] Status MongDB Report
job-core	Upload report	2026-02-24T10:02:47.6232762Z   GITHUB_OUTPUT: 
job-core	Upload report	2026-02-24T10:02:47.6233052Z   pythonLocation: /home/runner/_work/_tool/Python/3.9.25/x64
job-core	Upload report	2026-02-24T10:02:47.6233521Z   PKG_CONFIG_PATH: /home/runner/_work/_tool/Python/3.9.25/x64/lib/pkgconfig
job-core	Upload report	2026-02-24T10:02:47.6233996Z   Python_ROOT_DIR: /home/runner/_work/_tool/Python/3.9.25/x64
job-core	Upload report	2026-02-24T10:02:47.6234420Z   Python2_ROOT_DIR: /home/runner/_work/_tool/Python/3.9.25/x64
job-core	Upload report	2026-02-24T10:02:47.6234840Z   Python3_ROOT_DIR: /home/runner/_work/_tool/Python/3.9.25/x64
job-core	Upload report	2026-02-24T10:02:47.6235388Z   LD_LIBRARY_PATH: /home/runner/_work/_tool/Python/3.9.25/x64/lib
job-core	Upload report	2026-02-24T10:02:47.6235726Z ##[endgroup]
job-core	Upload report	2026-02-24T10:02:47.8742307Z With the provided path, there will be 2 files uploaded
job-core	Upload report	2026-02-24T10:02:47.8748772Z Artifact name is valid!
job-core	Upload report	2026-02-24T10:02:47.8749572Z Root directory input is valid!
job-core	Upload report	2026-02-24T10:02:48.2449656Z Beginning upload of artifact content to blob storage
job-core	Upload report	2026-02-24T10:02:48.9734086Z Uploaded bytes 126274
job-core	Upload report	2026-02-24T10:02:49.0982743Z Finished uploading artifact content to blob storage!
job-core	Upload report	2026-02-24T10:02:49.0989303Z SHA256 digest of uploaded artifact zip is 734d1e96539e931f8569ec100e449e6b597aae7e5dd77c66a621833e84433e01
job-core	Upload report	2026-02-24T10:02:49.0994877Z Finalizing artifact upload
job-core	Upload report	2026-02-24T10:02:49.2846322Z Artifact mongo-setup-report.zip successfully finalized. Artifact ID 5632592603
job-core	Upload report	2026-02-24T10:02:49.2849751Z Artifact mongo-setup-report has been successfully uploaded! Final size is 126274 bytes. Artifact ID is 5632592603
job-core	Upload report	2026-02-24T10:02:49.2877770Z Artifact download URL: https://github.com/Ka0s-Klaus/ka0s/actions/runs/22345892614/artifacts/5632592603
job-core	Post Set up Python	Ôªø2026-02-24T10:02:49.3414272Z Post job cleanup.
job-core	Post Checkout code	Ôªø2026-02-24T10:02:49.5447438Z Post job cleanup.
job-core	Post Checkout code	2026-02-24T10:02:49.6615201Z [command]/usr/bin/git version
job-core	Post Checkout code	2026-02-24T10:02:49.6674907Z git version 2.52.0
job-core	Post Checkout code	2026-02-24T10:02:49.6720591Z Copying '/home/runner/.gitconfig' to '/home/runner/_work/_temp/6b3e4254-f7dc-422f-9018-28b2934ea6ea/.gitconfig'
job-core	Post Checkout code	2026-02-24T10:02:49.6735639Z Temporarily overriding HOME='/home/runner/_work/_temp/6b3e4254-f7dc-422f-9018-28b2934ea6ea' before making global git config changes
job-core	Post Checkout code	2026-02-24T10:02:49.6737935Z Adding repository directory to the temporary git global config as a safe directory
job-core	Post Checkout code	2026-02-24T10:02:49.6742385Z [command]/usr/bin/git config --global --add safe.directory /home/runner/_work/ka0s/ka0s
job-core	Post Checkout code	2026-02-24T10:02:49.6808171Z [command]/usr/bin/git config --local --name-only --get-regexp core\.sshCommand
job-core	Post Checkout code	2026-02-24T10:02:49.6860386Z [command]/usr/bin/git submodule foreach --recursive sh -c "git config --local --name-only --get-regexp 'core\.sshCommand' && git config --local --unset-all 'core.sshCommand' || :"
job-core	Post Checkout code	2026-02-24T10:02:49.7227817Z [command]/usr/bin/git config --local --name-only --get-regexp http\.https\:\/\/github\.com\/\.extraheader
job-core	Post Checkout code	2026-02-24T10:02:49.7263700Z http.https://github.com/.extraheader
job-core	Post Checkout code	2026-02-24T10:02:49.7278236Z [command]/usr/bin/git config --local --unset-all http.https://github.com/.extraheader
job-core	Post Checkout code	2026-02-24T10:02:49.7331092Z [command]/usr/bin/git submodule foreach --recursive sh -c "git config --local --name-only --get-regexp 'http\.https\:\/\/github\.com\/\.extraheader' && git config --local --unset-all 'http.https://github.com/.extraheader' || :"
job-core	Post Checkout code	2026-02-24T10:02:49.7674598Z [command]/usr/bin/git config --local --name-only --get-regexp ^includeIf\.gitdir:
job-core	Post Checkout code	2026-02-24T10:02:49.7722516Z [command]/usr/bin/git submodule foreach --recursive git config --local --show-origin --name-only --get-regexp remote.origin.url
job-core	Complete job	Ôªø2026-02-24T10:02:49.8199593Z Cleaning up orphan processes
handle-success	Set up job	Ôªø2026-02-24T10:03:04.3075114Z Current runner version: '2.331.0'
handle-success	Set up job	2026-02-24T10:03:04.3083954Z Runner name: 'swarm-runners-scaleset-hkss5-runner-vzck8'
handle-success	Set up job	2026-02-24T10:03:04.3085115Z Runner group name: 'Default'
handle-success	Set up job	2026-02-24T10:03:04.3086274Z Machine name: 'swarm-runners-scaleset-hkss5-runner-vzck8'
handle-success	Set up job	2026-02-24T10:03:04.3089828Z ##[group]GITHUB_TOKEN Permissions
handle-success	Set up job	2026-02-24T10:03:04.3093528Z Actions: write
handle-success	Set up job	2026-02-24T10:03:04.3094324Z Contents: write
handle-success	Set up job	2026-02-24T10:03:04.3095026Z Issues: write
handle-success	Set up job	2026-02-24T10:03:04.3095771Z Metadata: read
handle-success	Set up job	2026-02-24T10:03:04.3096306Z PullRequests: write
handle-success	Set up job	2026-02-24T10:03:04.3096993Z ##[endgroup]
handle-success	Set up job	2026-02-24T10:03:04.3099219Z Secret source: Actions
handle-success	Set up job	2026-02-24T10:03:04.3099954Z Prepare workflow directory
handle-success	Set up job	2026-02-24T10:03:04.3676869Z Prepare all required actions
handle-success	Set up job	2026-02-24T10:03:04.3717926Z Getting action download info
handle-success	Set up job	2026-02-24T10:03:04.9776419Z Download action repository 'actions/checkout@v4' (SHA:34e114876b0b11c390a56381ad16ebd13914f8d5)
handle-success	Set up job	2026-02-24T10:03:05.9223186Z Complete job name: handle-success
handle-success	Checkout code	Ôªø2026-02-24T10:03:05.9899517Z ##[group]Run actions/checkout@v4
handle-success	Checkout code	2026-02-24T10:03:05.9900502Z with:
handle-success	Checkout code	2026-02-24T10:03:05.9900965Z   fetch-depth: 0
handle-success	Checkout code	2026-02-24T10:03:05.9901447Z   repository: Ka0s-Klaus/ka0s
handle-success	Checkout code	2026-02-24T10:03:05.9902670Z   token: ***
handle-success	Checkout code	2026-02-24T10:03:05.9903117Z   ssh-strict: true
handle-success	Checkout code	2026-02-24T10:03:05.9903595Z   ssh-user: git
handle-success	Checkout code	2026-02-24T10:03:05.9904058Z   persist-credentials: true
handle-success	Checkout code	2026-02-24T10:03:05.9904564Z   clean: true
handle-success	Checkout code	2026-02-24T10:03:05.9905018Z   sparse-checkout-cone-mode: true
handle-success	Checkout code	2026-02-24T10:03:05.9905582Z   fetch-tags: false
handle-success	Checkout code	2026-02-24T10:03:05.9906052Z   show-progress: true
handle-success	Checkout code	2026-02-24T10:03:05.9906516Z   lfs: false
handle-success	Checkout code	2026-02-24T10:03:05.9906967Z   submodules: false
handle-success	Checkout code	2026-02-24T10:03:05.9907440Z   set-safe-directory: true
handle-success	Checkout code	2026-02-24T10:03:05.9908195Z env:
handle-success	Checkout code	2026-02-24T10:03:05.9908634Z   PYTHON_VERSION: 3.9
handle-success	Checkout code	2026-02-24T10:03:05.9909914Z   MONGO_SUPERUSER_CONNECTION: ***
handle-success	Checkout code	2026-02-24T10:03:05.9910673Z   MONGO_NEW_PASS: ***
handle-success	Checkout code	2026-02-24T10:03:05.9911357Z   MONGO_SCRIPT_CREATE: devops/core/mongo/scripts/mongodb_status_report.py
handle-success	Checkout code	2026-02-24T10:03:05.9912672Z   KAOS_CODE: 22345892614
handle-success	Checkout code	2026-02-24T10:03:05.9913160Z   REPORT_SCAN: audit/
handle-success	Checkout code	2026-02-24T10:03:05.9913627Z   REPORT_PATH: audit/mongodb/
handle-success	Checkout code	2026-02-24T10:03:05.9914155Z   REPORT_FILENAME: 22345892614.json
handle-success	Checkout code	2026-02-24T10:03:05.9914719Z   KAOS_MODULE: [Ka0s] Status MongDB Report
handle-success	Checkout code	2026-02-24T10:03:05.9915278Z ##[endgroup]
handle-success	Checkout code	2026-02-24T10:03:06.1199347Z Syncing repository: Ka0s-Klaus/ka0s
handle-success	Checkout code	2026-02-24T10:03:06.1201365Z ##[group]Getting Git version info
handle-success	Checkout code	2026-02-24T10:03:06.1202364Z Working directory is '/home/runner/_work/ka0s/ka0s'
handle-success	Checkout code	2026-02-24T10:03:06.1203564Z [command]/usr/bin/git version
handle-success	Checkout code	2026-02-24T10:03:06.1204083Z git version 2.52.0
handle-success	Checkout code	2026-02-24T10:03:06.1224321Z ##[endgroup]
handle-success	Checkout code	2026-02-24T10:03:06.1242799Z Temporarily overriding HOME='/home/runner/_work/_temp/3bb589c5-61dc-4691-b287-a0a8ca421fcf' before making global git config changes
handle-success	Checkout code	2026-02-24T10:03:06.1244434Z Adding repository directory to the temporary git global config as a safe directory
handle-success	Checkout code	2026-02-24T10:03:06.1248978Z [command]/usr/bin/git config --global --add safe.directory /home/runner/_work/ka0s/ka0s
handle-success	Checkout code	2026-02-24T10:03:06.1298524Z Deleting the contents of '/home/runner/_work/ka0s/ka0s'
handle-success	Checkout code	2026-02-24T10:03:06.1304541Z ##[group]Initializing the repository
handle-success	Checkout code	2026-02-24T10:03:06.1309194Z [command]/usr/bin/git init /home/runner/_work/ka0s/ka0s
handle-success	Checkout code	2026-02-24T10:03:06.1373699Z hint: Using 'master' as the name for the initial branch. This default branch name
handle-success	Checkout code	2026-02-24T10:03:06.1374997Z hint: will change to "main" in Git 3.0. To configure the initial branch name
handle-success	Checkout code	2026-02-24T10:03:06.1399835Z hint: to use in all of your new repositories, which will suppress this warning,
handle-success	Checkout code	2026-02-24T10:03:06.1401105Z hint: call:
handle-success	Checkout code	2026-02-24T10:03:06.1401513Z hint:
handle-success	Checkout code	2026-02-24T10:03:06.1412808Z hint: 	git config --global init.defaultBranch <name>
handle-success	Checkout code	2026-02-24T10:03:06.1413556Z hint:
handle-success	Checkout code	2026-02-24T10:03:06.1414179Z hint: Names commonly chosen instead of 'master' are 'main', 'trunk' and
handle-success	Checkout code	2026-02-24T10:03:06.1415195Z hint: 'development'. The just-created branch can be renamed via this command:
handle-success	Checkout code	2026-02-24T10:03:06.1416618Z hint:
handle-success	Checkout code	2026-02-24T10:03:06.1417056Z hint: 	git branch -m <name>
handle-success	Checkout code	2026-02-24T10:03:06.1417548Z hint:
handle-success	Checkout code	2026-02-24T10:03:06.1418210Z hint: Disable this message with "git config set advice.defaultBranchName false"
handle-success	Checkout code	2026-02-24T10:03:06.1419250Z Initialized empty Git repository in /home/runner/_work/ka0s/ka0s/.git/
handle-success	Checkout code	2026-02-24T10:03:06.1434446Z [command]/usr/bin/git remote add origin https://github.com/Ka0s-Klaus/ka0s
handle-success	Checkout code	2026-02-24T10:03:06.1443774Z ##[endgroup]
handle-success	Checkout code	2026-02-24T10:03:06.1444648Z ##[group]Disabling automatic garbage collection
handle-success	Checkout code	2026-02-24T10:03:06.1450292Z [command]/usr/bin/git config --local gc.auto 0
handle-success	Checkout code	2026-02-24T10:03:06.1491134Z ##[endgroup]
handle-success	Checkout code	2026-02-24T10:03:06.1492304Z ##[group]Setting up auth
handle-success	Checkout code	2026-02-24T10:03:06.1498232Z [command]/usr/bin/git config --local --name-only --get-regexp core\.sshCommand
handle-success	Checkout code	2026-02-24T10:03:06.1542569Z [command]/usr/bin/git submodule foreach --recursive sh -c "git config --local --name-only --get-regexp 'core\.sshCommand' && git config --local --unset-all 'core.sshCommand' || :"
handle-success	Checkout code	2026-02-24T10:03:06.1890283Z [command]/usr/bin/git config --local --name-only --get-regexp http\.https\:\/\/github\.com\/\.extraheader
handle-success	Checkout code	2026-02-24T10:03:06.1931205Z [command]/usr/bin/git submodule foreach --recursive sh -c "git config --local --name-only --get-regexp 'http\.https\:\/\/github\.com\/\.extraheader' && git config --local --unset-all 'http.https://github.com/.extraheader' || :"
handle-success	Checkout code	2026-02-24T10:03:06.2267112Z [command]/usr/bin/git config --local --name-only --get-regexp ^includeIf\.gitdir:
handle-success	Checkout code	2026-02-24T10:03:06.2308225Z [command]/usr/bin/git submodule foreach --recursive git config --local --show-origin --name-only --get-regexp remote.origin.url
handle-success	Checkout code	2026-02-24T10:03:06.2644006Z [command]/usr/bin/git config --local http.https://github.com/.extraheader AUTHORIZATION: basic ***
handle-success	Checkout code	2026-02-24T10:03:06.2699418Z ##[endgroup]
handle-success	Checkout code	2026-02-24T10:03:06.2700366Z ##[group]Fetching the repository
handle-success	Checkout code	2026-02-24T10:03:06.2708513Z [command]/usr/bin/git -c protocol.version=2 fetch --prune --no-recurse-submodules origin +refs/heads/*:refs/remotes/origin/* +refs/tags/*:refs/tags/*
handle-success	Checkout code	2026-02-24T10:03:27.2603325Z From https://github.com/Ka0s-Klaus/ka0s
handle-success	Checkout code	2026-02-24T10:03:27.2605258Z  * [new branch]          F3450-modelo-operativo -> origin/F3450-modelo-operativo
handle-success	Checkout code	2026-02-24T10:03:27.2616614Z  * [new branch]          H1276-modulo-observabilidad -> origin/H1276-modulo-observabilidad
handle-success	Checkout code	2026-02-24T10:03:27.2617864Z  * [new branch]          H3596-deploy-itop      -> origin/H3596-deploy-itop
handle-success	Checkout code	2026-02-24T10:03:27.2619050Z  * [new branch]          H4170-flujo-detallado-zabbix---github -> origin/H4170-flujo-detallado-zabbix---github
handle-success	Checkout code	2026-02-24T10:03:27.2620012Z  * [new branch]          H4191-request-cambios  -> origin/H4191-request-cambios
handle-success	Checkout code	2026-02-24T10:03:27.2621398Z  * [new branch]          H4200-request-recomendaciones-de-auditoria -> origin/H4200-request-recomendaciones-de-auditoria
handle-success	Checkout code	2026-02-24T10:03:27.2624510Z  * [new branch]          main                   -> origin/main
handle-success	Checkout code	2026-02-24T10:03:27.2625001Z  * [new tag]             0.0.0                  -> 0.0.0
handle-success	Checkout code	2026-02-24T10:03:27.2625510Z  * [new tag]             0.0.1                  -> 0.0.1
handle-success	Checkout code	2026-02-24T10:03:27.2625914Z  * [new tag]             0.0.10                 -> 0.0.10
handle-success	Checkout code	2026-02-24T10:03:27.2626383Z  * [new tag]             0.0.100                -> 0.0.100
handle-success	Checkout code	2026-02-24T10:03:27.2626807Z  * [new tag]             0.0.101                -> 0.0.101
handle-success	Checkout code	2026-02-24T10:03:27.2627228Z  * [new tag]             0.0.102                -> 0.0.102
handle-success	Checkout code	2026-02-24T10:03:27.2627699Z  * [new tag]             0.0.103                -> 0.0.103
handle-success	Checkout code	2026-02-24T10:03:27.2628154Z  * [new tag]             0.0.104                -> 0.0.104
handle-success	Checkout code	2026-02-24T10:03:27.2628566Z  * [new tag]             0.0.105                -> 0.0.105
handle-success	Checkout code	2026-02-24T10:03:27.2628978Z  * [new tag]             0.0.106                -> 0.0.106
handle-success	Checkout code	2026-02-24T10:03:27.2629440Z  * [new tag]             0.0.107                -> 0.0.107
handle-success	Checkout code	2026-02-24T10:03:27.2629848Z  * [new tag]             0.0.108                -> 0.0.108
handle-success	Checkout code	2026-02-24T10:03:27.2630851Z  * [new tag]             0.0.109                -> 0.0.109
handle-success	Checkout code	2026-02-24T10:03:27.2631272Z  * [new tag]             0.0.11                 -> 0.0.11
handle-success	Checkout code	2026-02-24T10:03:27.2636584Z  * [new tag]             0.0.110                -> 0.0.110
handle-success	Checkout code	2026-02-24T10:03:27.2637029Z  * [new tag]             0.0.111                -> 0.0.111
handle-success	Checkout code	2026-02-24T10:03:27.2637444Z  * [new tag]             0.0.112                -> 0.0.112
handle-success	Checkout code	2026-02-24T10:03:27.2637848Z  * [new tag]             0.0.113                -> 0.0.113
handle-success	Checkout code	2026-02-24T10:03:27.2638257Z  * [new tag]             0.0.114                -> 0.0.114
handle-success	Checkout code	2026-02-24T10:03:27.2638676Z  * [new tag]             0.0.115                -> 0.0.115
handle-success	Checkout code	2026-02-24T10:03:27.2639093Z  * [new tag]             0.0.116                -> 0.0.116
handle-success	Checkout code	2026-02-24T10:03:27.2639585Z  * [new tag]             0.0.117                -> 0.0.117
handle-success	Checkout code	2026-02-24T10:03:27.2640052Z  * [new tag]             0.0.118                -> 0.0.118
handle-success	Checkout code	2026-02-24T10:03:27.2640458Z  * [new tag]             0.0.119                -> 0.0.119
handle-success	Checkout code	2026-02-24T10:03:27.2658784Z  * [new tag]             0.0.12                 -> 0.0.12
handle-success	Checkout code	2026-02-24T10:03:27.2659199Z  * [new tag]             0.0.120                -> 0.0.120
handle-success	Checkout code	2026-02-24T10:03:27.2659608Z  * [new tag]             0.0.121                -> 0.0.121
handle-success	Checkout code	2026-02-24T10:03:27.2664082Z  * [new tag]             0.0.122                -> 0.0.122
handle-success	Checkout code	2026-02-24T10:03:27.2664528Z  * [new tag]             0.0.123                -> 0.0.123
handle-success	Checkout code	2026-02-24T10:03:27.2664932Z  * [new tag]             0.0.124                -> 0.0.124
handle-success	Checkout code	2026-02-24T10:03:27.2665342Z  * [new tag]             0.0.125                -> 0.0.125
handle-success	Checkout code	2026-02-24T10:03:27.2665746Z  * [new tag]             0.0.126                -> 0.0.126
handle-success	Checkout code	2026-02-24T10:03:27.2666152Z  * [new tag]             0.0.127                -> 0.0.127
handle-success	Checkout code	2026-02-24T10:03:27.2666561Z  * [new tag]             0.0.128                -> 0.0.128
handle-success	Checkout code	2026-02-24T10:03:27.2666971Z  * [new tag]             0.0.129                -> 0.0.129
handle-success	Checkout code	2026-02-24T10:03:27.2667383Z  * [new tag]             0.0.13                 -> 0.0.13
handle-success	Checkout code	2026-02-24T10:03:27.2667807Z  * [new tag]             0.0.130                -> 0.0.130
handle-success	Checkout code	2026-02-24T10:03:27.2668221Z  * [new tag]             0.0.131                -> 0.0.131
handle-success	Checkout code	2026-02-24T10:03:27.2668643Z  * [new tag]             0.0.132                -> 0.0.132
handle-success	Checkout code	2026-02-24T10:03:27.2669052Z  * [new tag]             0.0.133                -> 0.0.133
handle-success	Checkout code	2026-02-24T10:03:27.2669456Z  * [new tag]             0.0.134                -> 0.0.134
handle-success	Checkout code	2026-02-24T10:03:27.2669868Z  * [new tag]             0.0.135                -> 0.0.135
handle-success	Checkout code	2026-02-24T10:03:27.2670280Z  * [new tag]             0.0.136                -> 0.0.136
handle-success	Checkout code	2026-02-24T10:03:27.2670699Z  * [new tag]             0.0.137                -> 0.0.137
handle-success	Checkout code	2026-02-24T10:03:27.2671113Z  * [new tag]             0.0.138                -> 0.0.138
handle-success	Checkout code	2026-02-24T10:03:27.2671518Z  * [new tag]             0.0.139                -> 0.0.139
handle-success	Checkout code	2026-02-24T10:03:27.2742472Z  * [new tag]             0.0.14                 -> 0.0.14
handle-success	Checkout code	2026-02-24T10:03:27.2743202Z  * [new tag]             0.0.140                -> 0.0.140
handle-success	Checkout code	2026-02-24T10:03:27.2743683Z  * [new tag]             0.0.141                -> 0.0.141
handle-success	Checkout code	2026-02-24T10:03:27.2744092Z  * [new tag]             0.0.142                -> 0.0.142
handle-success	Checkout code	2026-02-24T10:03:27.2744499Z  * [new tag]             0.0.143                -> 0.0.143
handle-success	Checkout code	2026-02-24T10:03:27.2744909Z  * [new tag]             0.0.144                -> 0.0.144
handle-success	Checkout code	2026-02-24T10:03:27.2745444Z  * [new tag]             0.0.145                -> 0.0.145
handle-success	Checkout code	2026-02-24T10:03:27.2745859Z  * [new tag]             0.0.146                -> 0.0.146
handle-success	Checkout code	2026-02-24T10:03:27.2746283Z  * [new tag]             0.0.147                -> 0.0.147
handle-success	Checkout code	2026-02-24T10:03:27.2746882Z  * [new tag]             0.0.148                -> 0.0.148
handle-success	Checkout code	2026-02-24T10:03:27.2747288Z  * [new tag]             0.0.149                -> 0.0.149
handle-success	Checkout code	2026-02-24T10:03:27.2747713Z  * [new tag]             0.0.15                 -> 0.0.15
handle-success	Checkout code	2026-02-24T10:03:27.2748155Z  * [new tag]             0.0.150                -> 0.0.150
handle-success	Checkout code	2026-02-24T10:03:27.2748905Z  * [new tag]             0.0.151                -> 0.0.151
handle-success	Checkout code	2026-02-24T10:03:27.2749304Z  * [new tag]             0.0.152                -> 0.0.152
handle-success	Checkout code	2026-02-24T10:03:27.2749706Z  * [new tag]             0.0.153                -> 0.0.153
handle-success	Checkout code	2026-02-24T10:03:27.2750114Z  * [new tag]             0.0.154                -> 0.0.154
handle-success	Checkout code	2026-02-24T10:03:27.2750515Z  * [new tag]             0.0.155                -> 0.0.155
handle-success	Checkout code	2026-02-24T10:03:27.2750923Z  * [new tag]             0.0.156                -> 0.0.156
handle-success	Checkout code	2026-02-24T10:03:27.2751334Z  * [new tag]             0.0.157                -> 0.0.157
handle-success	Checkout code	2026-02-24T10:03:27.2752046Z  * [new tag]             0.0.158                -> 0.0.158
handle-success	Checkout code	2026-02-24T10:03:27.2752580Z  * [new tag]             0.0.159                -> 0.0.159
handle-success	Checkout code	2026-02-24T10:03:27.2752991Z  * [new tag]             0.0.16                 -> 0.0.16
handle-success	Checkout code	2026-02-24T10:03:27.2753399Z  * [new tag]             0.0.160                -> 0.0.160
handle-success	Checkout code	2026-02-24T10:03:27.2753811Z  * [new tag]             0.0.161                -> 0.0.161
handle-success	Checkout code	2026-02-24T10:03:27.2754460Z  * [new tag]             0.0.162                -> 0.0.162
handle-success	Checkout code	2026-02-24T10:03:27.2754881Z  * [new tag]             0.0.163                -> 0.0.163
handle-success	Checkout code	2026-02-24T10:03:27.2755291Z  * [new tag]             0.0.164                -> 0.0.164
handle-success	Checkout code	2026-02-24T10:03:27.2755697Z  * [new tag]             0.0.165                -> 0.0.165
handle-success	Checkout code	2026-02-24T10:03:27.2756106Z  * [new tag]             0.0.166                -> 0.0.166
handle-success	Checkout code	2026-02-24T10:03:27.2756514Z  * [new tag]             0.0.167                -> 0.0.167
handle-success	Checkout code	2026-02-24T10:03:27.2756914Z  * [new tag]             0.0.168                -> 0.0.168
handle-success	Checkout code	2026-02-24T10:03:27.2757350Z  * [new tag]             0.0.169                -> 0.0.169
handle-success	Checkout code	2026-02-24T10:03:27.2757785Z  * [new tag]             0.0.17                 -> 0.0.17
handle-success	Checkout code	2026-02-24T10:03:27.2758232Z  * [new tag]             0.0.170                -> 0.0.170
handle-success	Checkout code	2026-02-24T10:03:27.2758640Z  * [new tag]             0.0.171                -> 0.0.171
handle-success	Checkout code	2026-02-24T10:03:27.2759060Z  * [new tag]             0.0.172                -> 0.0.172
handle-success	Checkout code	2026-02-24T10:03:27.2759467Z  * [new tag]             0.0.173                -> 0.0.173
handle-success	Checkout code	2026-02-24T10:03:27.2759993Z  * [new tag]             0.0.174                -> 0.0.174
handle-success	Checkout code	2026-02-24T10:03:27.2760391Z  * [new tag]             0.0.175                -> 0.0.175
handle-success	Checkout code	2026-02-24T10:03:27.2760781Z  * [new tag]             0.0.176                -> 0.0.176
handle-success	Checkout code	2026-02-24T10:03:27.2761301Z  * [new tag]             0.0.177                -> 0.0.177
handle-success	Checkout code	2026-02-24T10:03:27.2761933Z  * [new tag]             0.0.178                -> 0.0.178
handle-success	Checkout code	2026-02-24T10:03:27.2762494Z  * [new tag]             0.0.179                -> 0.0.179
handle-success	Checkout code	2026-02-24T10:03:27.2762897Z  * [new tag]             0.0.18                 -> 0.0.18
handle-success	Checkout code	2026-02-24T10:03:27.2763308Z  * [new tag]             0.0.19                 -> 0.0.19
handle-success	Checkout code	2026-02-24T10:03:27.2763715Z  * [new tag]             0.0.2                  -> 0.0.2
handle-success	Checkout code	2026-02-24T10:03:27.2764124Z  * [new tag]             0.0.20                 -> 0.0.20
handle-success	Checkout code	2026-02-24T10:03:27.2764549Z  * [new tag]             0.0.21                 -> 0.0.21
handle-success	Checkout code	2026-02-24T10:03:27.2765081Z  * [new tag]             0.0.22                 -> 0.0.22
handle-success	Checkout code	2026-02-24T10:03:27.2765499Z  * [new tag]             0.0.23                 -> 0.0.23
handle-success	Checkout code	2026-02-24T10:03:27.2766177Z  * [new tag]             0.0.24                 -> 0.0.24
handle-success	Checkout code	2026-02-24T10:03:27.2766591Z  * [new tag]             0.0.25                 -> 0.0.25
handle-success	Checkout code	2026-02-24T10:03:27.2767117Z  * [new tag]             0.0.26                 -> 0.0.26
handle-success	Checkout code	2026-02-24T10:03:27.2767642Z  * [new tag]             0.0.27                 -> 0.0.27
handle-success	Checkout code	2026-02-24T10:03:27.2768040Z  * [new tag]             0.0.28                 -> 0.0.28
handle-success	Checkout code	2026-02-24T10:03:27.2768433Z  * [new tag]             0.0.29                 -> 0.0.29
handle-success	Checkout code	2026-02-24T10:03:27.2768832Z  * [new tag]             0.0.3                  -> 0.0.3
handle-success	Checkout code	2026-02-24T10:03:27.2769223Z  * [new tag]             0.0.30                 -> 0.0.30
handle-success	Checkout code	2026-02-24T10:03:27.2769616Z  * [new tag]             0.0.31                 -> 0.0.31
handle-success	Checkout code	2026-02-24T10:03:27.2770238Z  * [new tag]             0.0.32                 -> 0.0.32
handle-success	Checkout code	2026-02-24T10:03:27.2770631Z  * [new tag]             0.0.33                 -> 0.0.33
handle-success	Checkout code	2026-02-24T10:03:27.2771026Z  * [new tag]             0.0.34                 -> 0.0.34
handle-success	Checkout code	2026-02-24T10:03:27.2771417Z  * [new tag]             0.0.35                 -> 0.0.35
handle-success	Checkout code	2026-02-24T10:03:27.2772098Z  * [new tag]             0.0.36                 -> 0.0.36
handle-success	Checkout code	2026-02-24T10:03:27.2772752Z  * [new tag]             0.0.37                 -> 0.0.37
handle-success	Checkout code	2026-02-24T10:03:27.2773141Z  * [new tag]             0.0.38                 -> 0.0.38
handle-success	Checkout code	2026-02-24T10:03:27.2773527Z  * [new tag]             0.0.39                 -> 0.0.39
handle-success	Checkout code	2026-02-24T10:03:27.2773923Z  * [new tag]             0.0.4                  -> 0.0.4
handle-success	Checkout code	2026-02-24T10:03:27.2774313Z  * [new tag]             0.0.40                 -> 0.0.40
handle-success	Checkout code	2026-02-24T10:03:27.2774704Z  * [new tag]             0.0.41                 -> 0.0.41
handle-success	Checkout code	2026-02-24T10:03:27.2775099Z  * [new tag]             0.0.42                 -> 0.0.42
handle-success	Checkout code	2026-02-24T10:03:27.2775709Z  * [new tag]             0.0.43                 -> 0.0.43
handle-success	Checkout code	2026-02-24T10:03:27.2776105Z  * [new tag]             0.0.44                 -> 0.0.44
handle-success	Checkout code	2026-02-24T10:03:27.2776497Z  * [new tag]             0.0.45                 -> 0.0.45
handle-success	Checkout code	2026-02-24T10:03:27.2776891Z  * [new tag]             0.0.46                 -> 0.0.46
handle-success	Checkout code	2026-02-24T10:03:27.2777284Z  * [new tag]             0.0.47                 -> 0.0.47
handle-success	Checkout code	2026-02-24T10:03:27.2777675Z  * [new tag]             0.0.48                 -> 0.0.48
handle-success	Checkout code	2026-02-24T10:03:27.2778068Z  * [new tag]             0.0.49                 -> 0.0.49
handle-success	Checkout code	2026-02-24T10:03:27.2778464Z  * [new tag]             0.0.5                  -> 0.0.5
handle-success	Checkout code	2026-02-24T10:03:27.2778862Z  * [new tag]             0.0.50                 -> 0.0.50
handle-success	Checkout code	2026-02-24T10:03:27.2779253Z  * [new tag]             0.0.51                 -> 0.0.51
handle-success	Checkout code	2026-02-24T10:03:27.2779649Z  * [new tag]             0.0.52                 -> 0.0.52
handle-success	Checkout code	2026-02-24T10:03:27.2780057Z  * [new tag]             0.0.53                 -> 0.0.53
handle-success	Checkout code	2026-02-24T10:03:27.2780448Z  * [new tag]             0.0.54                 -> 0.0.54
handle-success	Checkout code	2026-02-24T10:03:27.2780840Z  * [new tag]             0.0.55                 -> 0.0.55
handle-success	Checkout code	2026-02-24T10:03:27.2781231Z  * [new tag]             0.0.56                 -> 0.0.56
handle-success	Checkout code	2026-02-24T10:03:27.2781743Z  * [new tag]             0.0.57                 -> 0.0.57
handle-success	Checkout code	2026-02-24T10:03:27.2782461Z  * [new tag]             0.0.58                 -> 0.0.58
handle-success	Checkout code	2026-02-24T10:03:27.2782988Z  * [new tag]             0.0.59                 -> 0.0.59
handle-success	Checkout code	2026-02-24T10:03:27.2783376Z  * [new tag]             0.0.6                  -> 0.0.6
handle-success	Checkout code	2026-02-24T10:03:27.2783762Z  * [new tag]             0.0.60                 -> 0.0.60
handle-success	Checkout code	2026-02-24T10:03:27.2784148Z  * [new tag]             0.0.61                 -> 0.0.61
handle-success	Checkout code	2026-02-24T10:03:27.2784535Z  * [new tag]             0.0.62                 -> 0.0.62
handle-success	Checkout code	2026-02-24T10:03:27.2785336Z  * [new tag]             0.0.63                 -> 0.0.63
handle-success	Checkout code	2026-02-24T10:03:27.2785755Z  * [new tag]             0.0.64                 -> 0.0.64
handle-success	Checkout code	2026-02-24T10:03:27.2786273Z  * [new tag]             0.0.65                 -> 0.0.65
handle-success	Checkout code	2026-02-24T10:03:27.2786657Z  * [new tag]             0.0.66                 -> 0.0.66
handle-success	Checkout code	2026-02-24T10:03:27.2787338Z  * [new tag]             0.0.67                 -> 0.0.67
handle-success	Checkout code	2026-02-24T10:03:27.2788267Z  * [new tag]             0.0.68                 -> 0.0.68
handle-success	Checkout code	2026-02-24T10:03:27.2788669Z  * [new tag]             0.0.69                 -> 0.0.69
handle-success	Checkout code	2026-02-24T10:03:27.2789081Z  * [new tag]             0.0.7                  -> 0.0.7
handle-success	Checkout code	2026-02-24T10:03:27.2789491Z  * [new tag]             0.0.70                 -> 0.0.70
handle-success	Checkout code	2026-02-24T10:03:27.2790022Z  * [new tag]             0.0.71                 -> 0.0.71
handle-success	Checkout code	2026-02-24T10:03:27.2790416Z  * [new tag]             0.0.72                 -> 0.0.72
handle-success	Checkout code	2026-02-24T10:03:27.2790803Z  * [new tag]             0.0.73                 -> 0.0.73
handle-success	Checkout code	2026-02-24T10:03:27.2791336Z  * [new tag]             0.0.74                 -> 0.0.74
handle-success	Checkout code	2026-02-24T10:03:27.2792317Z  * [new tag]             0.0.75                 -> 0.0.75
handle-success	Checkout code	2026-02-24T10:03:27.2792709Z  * [new tag]             0.0.76                 -> 0.0.76
handle-success	Checkout code	2026-02-24T10:03:27.2793099Z  * [new tag]             0.0.77                 -> 0.0.77
handle-success	Checkout code	2026-02-24T10:03:27.2793484Z  * [new tag]             0.0.78                 -> 0.0.78
handle-success	Checkout code	2026-02-24T10:03:27.2793870Z  * [new tag]             0.0.79                 -> 0.0.79
handle-success	Checkout code	2026-02-24T10:03:27.2794258Z  * [new tag]             0.0.8                  -> 0.0.8
handle-success	Checkout code	2026-02-24T10:03:27.2794647Z  * [new tag]             0.0.80                 -> 0.0.80
handle-success	Checkout code	2026-02-24T10:03:27.2795028Z  * [new tag]             0.0.81                 -> 0.0.81
handle-success	Checkout code	2026-02-24T10:03:27.2795415Z  * [new tag]             0.0.82                 -> 0.0.82
handle-success	Checkout code	2026-02-24T10:03:27.2795805Z  * [new tag]             0.0.83                 -> 0.0.83
handle-success	Checkout code	2026-02-24T10:03:27.2796449Z  * [new tag]             0.0.84                 -> 0.0.84
handle-success	Checkout code	2026-02-24T10:03:27.2797245Z  * [new tag]             0.0.85                 -> 0.0.85
handle-success	Checkout code	2026-02-24T10:03:27.2797986Z  * [new tag]             0.0.86                 -> 0.0.86
handle-success	Checkout code	2026-02-24T10:03:27.2798371Z  * [new tag]             0.0.87                 -> 0.0.87
handle-success	Checkout code	2026-02-24T10:03:27.2798758Z  * [new tag]             0.0.88                 -> 0.0.88
handle-success	Checkout code	2026-02-24T10:03:27.2799151Z  * [new tag]             0.0.89                 -> 0.0.89
handle-success	Checkout code	2026-02-24T10:03:27.2799542Z  * [new tag]             0.0.9                  -> 0.0.9
handle-success	Checkout code	2026-02-24T10:03:27.2799928Z  * [new tag]             0.0.90                 -> 0.0.90
handle-success	Checkout code	2026-02-24T10:03:27.2800318Z  * [new tag]             0.0.91                 -> 0.0.91
handle-success	Checkout code	2026-02-24T10:03:27.2800704Z  * [new tag]             0.0.92                 -> 0.0.92
handle-success	Checkout code	2026-02-24T10:03:27.2801095Z  * [new tag]             0.0.93                 -> 0.0.93
handle-success	Checkout code	2026-02-24T10:03:27.2801479Z  * [new tag]             0.0.94                 -> 0.0.94
handle-success	Checkout code	2026-02-24T10:03:27.2802150Z  * [new tag]             0.0.95                 -> 0.0.95
handle-success	Checkout code	2026-02-24T10:03:27.2802801Z  * [new tag]             0.0.96                 -> 0.0.96
handle-success	Checkout code	2026-02-24T10:03:27.2803201Z  * [new tag]             0.0.97                 -> 0.0.97
handle-success	Checkout code	2026-02-24T10:03:27.2803589Z  * [new tag]             0.0.98                 -> 0.0.98
handle-success	Checkout code	2026-02-24T10:03:27.2803976Z  * [new tag]             0.0.99                 -> 0.0.99
handle-success	Checkout code	2026-02-24T10:03:27.2804372Z  * [new tag]             0.1.0                  -> 0.1.0
handle-success	Checkout code	2026-02-24T10:03:27.2804759Z  * [new tag]             0.1.1                  -> 0.1.1
handle-success	Checkout code	2026-02-24T10:03:27.2805144Z  * [new tag]             0.2.0                  -> 0.2.0
handle-success	Checkout code	2026-02-24T10:03:27.2805532Z  * [new tag]             0.3.0                  -> 0.3.0
handle-success	Checkout code	2026-02-24T10:03:27.2805913Z  * [new tag]             0.3.1                  -> 0.3.1
handle-success	Checkout code	2026-02-24T10:03:27.2806323Z  * [new tag]             0.3.10                 -> 0.3.10
handle-success	Checkout code	2026-02-24T10:03:27.2806707Z  * [new tag]             0.3.11                 -> 0.3.11
handle-success	Checkout code	2026-02-24T10:03:27.2807095Z  * [new tag]             0.3.12                 -> 0.3.12
handle-success	Checkout code	2026-02-24T10:03:27.2807493Z  * [new tag]             0.3.13                 -> 0.3.13
handle-success	Checkout code	2026-02-24T10:03:27.2807876Z  * [new tag]             0.3.14                 -> 0.3.14
handle-success	Checkout code	2026-02-24T10:03:27.2808265Z  * [new tag]             0.3.15                 -> 0.3.15
handle-success	Checkout code	2026-02-24T10:03:27.2808649Z  * [new tag]             0.3.16                 -> 0.3.16
handle-success	Checkout code	2026-02-24T10:03:27.2809032Z  * [new tag]             0.3.17                 -> 0.3.17
handle-success	Checkout code	2026-02-24T10:03:27.2809423Z  * [new tag]             0.3.2                  -> 0.3.2
handle-success	Checkout code	2026-02-24T10:03:27.2809811Z  * [new tag]             0.3.3                  -> 0.3.3
handle-success	Checkout code	2026-02-24T10:03:27.2810197Z  * [new tag]             0.3.4                  -> 0.3.4
handle-success	Checkout code	2026-02-24T10:03:27.2810576Z  * [new tag]             0.3.5                  -> 0.3.5
handle-success	Checkout code	2026-02-24T10:03:27.2810960Z  * [new tag]             0.3.6                  -> 0.3.6
handle-success	Checkout code	2026-02-24T10:03:27.2811348Z  * [new tag]             0.3.7                  -> 0.3.7
handle-success	Checkout code	2026-02-24T10:03:27.2811984Z  * [new tag]             0.3.8                  -> 0.3.8
handle-success	Checkout code	2026-02-24T10:03:27.2812865Z  * [new tag]             0.3.9                  -> 0.3.9
handle-success	Checkout code	2026-02-24T10:03:27.2813253Z  * [new tag]             0.4.0                  -> 0.4.0
handle-success	Checkout code	2026-02-24T10:03:27.2813638Z  * [new tag]             0.4.1                  -> 0.4.1
handle-success	Checkout code	2026-02-24T10:03:27.2814025Z  * [new tag]             0.4.2                  -> 0.4.2
handle-success	Checkout code	2026-02-24T10:03:27.2814412Z  * [new tag]             0.4.3                  -> 0.4.3
handle-success	Checkout code	2026-02-24T10:03:27.2814791Z  * [new tag]             0.4.4                  -> 0.4.4
handle-success	Checkout code	2026-02-24T10:03:27.2815174Z  * [new tag]             0.4.5                  -> 0.4.5
handle-success	Checkout code	2026-02-24T10:03:27.2815557Z  * [new tag]             0.4.6                  -> 0.4.6
handle-success	Checkout code	2026-02-24T10:03:27.2815941Z  * [new tag]             0.4.7                  -> 0.4.7
handle-success	Checkout code	2026-02-24T10:03:27.2816328Z  * [new tag]             0.4.8                  -> 0.4.8
handle-success	Checkout code	2026-02-24T10:03:27.2816703Z  * [new tag]             0.4.9                  -> 0.4.9
handle-success	Checkout code	2026-02-24T10:03:27.2817086Z  * [new tag]             0.5.0                  -> 0.5.0
handle-success	Checkout code	2026-02-24T10:03:27.2817710Z  * [new tag]             0.5.1                  -> 0.5.1
handle-success	Checkout code	2026-02-24T10:03:27.2818091Z  * [new tag]             0.5.2                  -> 0.5.2
handle-success	Checkout code	2026-02-24T10:03:27.2818472Z  * [new tag]             0.6.0                  -> 0.6.0
handle-success	Checkout code	2026-02-24T10:03:27.2818853Z  * [new tag]             0.6.1                  -> 0.6.1
handle-success	Checkout code	2026-02-24T10:03:27.2819239Z  * [new tag]             0.6.2                  -> 0.6.2
handle-success	Checkout code	2026-02-24T10:03:27.2819621Z  * [new tag]             0.6.3                  -> 0.6.3
handle-success	Checkout code	2026-02-24T10:03:27.2820007Z  * [new tag]             0.6.4                  -> 0.6.4
handle-success	Checkout code	2026-02-24T10:03:27.2820387Z  * [new tag]             0.6.5                  -> 0.6.5
handle-success	Checkout code	2026-02-24T10:03:27.2820776Z  * [new tag]             0.6.6                  -> 0.6.6
handle-success	Checkout code	2026-02-24T10:03:27.3013354Z [command]/usr/bin/git branch --list --remote origin/main
handle-success	Checkout code	2026-02-24T10:03:27.3091152Z   origin/main
handle-success	Checkout code	2026-02-24T10:03:27.3102246Z [command]/usr/bin/git rev-parse refs/remotes/origin/main
handle-success	Checkout code	2026-02-24T10:03:27.3132996Z 4a01624b097ffe41e7638cc24d7ed30f26599f19
handle-success	Checkout code	2026-02-24T10:03:27.3147655Z [command]/usr/bin/git -c protocol.version=2 fetch --no-tags --prune --no-recurse-submodules origin +90450cb321c965d90dc294edeca5a7886aa07a8d:refs/remotes/origin/main
handle-success	Checkout code	2026-02-24T10:03:27.3337854Z From https://github.com/Ka0s-Klaus/ka0s
handle-success	Checkout code	2026-02-24T10:03:27.3338599Z  + 4a01624b0...90450cb32 90450cb321c965d90dc294edeca5a7886aa07a8d -> origin/main  (forced update)
handle-success	Checkout code	2026-02-24T10:03:27.3377672Z ##[endgroup]
handle-success	Checkout code	2026-02-24T10:03:27.3378401Z ##[group]Determining the checkout info
handle-success	Checkout code	2026-02-24T10:03:27.3378912Z ##[endgroup]
handle-success	Checkout code	2026-02-24T10:03:27.3386148Z [command]/usr/bin/git sparse-checkout disable
handle-success	Checkout code	2026-02-24T10:03:27.3439670Z [command]/usr/bin/git config --local --unset-all extensions.worktreeConfig
handle-success	Checkout code	2026-02-24T10:03:27.3477653Z ##[group]Checking out the ref
handle-success	Checkout code	2026-02-24T10:03:27.3488926Z [command]/usr/bin/git checkout --progress --force -B main refs/remotes/origin/main
handle-success	Checkout code	2026-02-24T10:03:27.5934151Z Switched to a new branch 'main'
handle-success	Checkout code	2026-02-24T10:03:27.5937726Z branch 'main' set up to track 'origin/main'.
handle-success	Checkout code	2026-02-24T10:03:27.5999084Z ##[endgroup]
handle-success	Checkout code	2026-02-24T10:03:27.6042219Z [command]/usr/bin/git log -1 --format=%H
handle-success	Checkout code	2026-02-24T10:03:27.6078674Z 90450cb321c965d90dc294edeca5a7886aa07a8d
handle-success	handle-success-execution	Ôªø2026-02-24T10:03:27.6329274Z ##[group]Run # Si todo ha ido correcto a√±adimos el contenido del fichero 
handle-success	handle-success-execution	2026-02-24T10:03:27.6329877Z [36;1m# Si todo ha ido correcto a√±adimos el contenido del fichero [0m
handle-success	handle-success-execution	2026-02-24T10:03:27.6330313Z [36;1mecho "Process completed successfully 22345892614"[0m
handle-success	handle-success-execution	2026-02-24T10:03:27.6330728Z [36;1m# RNNUMBER=$(echo "refs/heads/main" | grep -o '[0-9]*')[0m
handle-success	handle-success-execution	2026-02-24T10:03:27.6331510Z [36;1m# gh issue comment $RNNUMBER --body "El proceso ha finalizado correctamente 22345892614. El resultado est√° en el fichero core/results/event_data_22345892614.log"[0m
handle-success	handle-success-execution	2026-02-24T10:03:27.6349805Z shell: /usr/bin/bash -e {0}
handle-success	handle-success-execution	2026-02-24T10:03:27.6350081Z env:
handle-success	handle-success-execution	2026-02-24T10:03:27.6350285Z   PYTHON_VERSION: 3.9
handle-success	handle-success-execution	2026-02-24T10:03:27.6351206Z   MONGO_SUPERUSER_CONNECTION: ***
handle-success	handle-success-execution	2026-02-24T10:03:27.6352091Z   MONGO_NEW_PASS: ***
handle-success	handle-success-execution	2026-02-24T10:03:27.6352431Z   MONGO_SCRIPT_CREATE: devops/core/mongo/scripts/mongodb_status_report.py
handle-success	handle-success-execution	2026-02-24T10:03:27.6352814Z   KAOS_CODE: 22345892614
handle-success	handle-success-execution	2026-02-24T10:03:27.6353040Z   REPORT_SCAN: audit/
handle-success	handle-success-execution	2026-02-24T10:03:27.6353321Z   REPORT_PATH: audit/mongodb/
handle-success	handle-success-execution	2026-02-24T10:03:27.6353580Z   REPORT_FILENAME: 22345892614.json
handle-success	handle-success-execution	2026-02-24T10:03:27.6353855Z   KAOS_MODULE: [Ka0s] Status MongDB Report
handle-success	handle-success-execution	2026-02-24T10:03:27.6354237Z   GH_TOKEN: ***
handle-success	handle-success-execution	2026-02-24T10:03:27.6354443Z ##[endgroup]
handle-success	handle-success-execution	2026-02-24T10:03:27.6416577Z Process completed successfully 22345892614
handle-success	Post Checkout code	Ôªø2026-02-24T10:03:27.6556466Z Post job cleanup.
handle-success	Post Checkout code	2026-02-24T10:03:27.7613646Z [command]/usr/bin/git version
handle-success	Post Checkout code	2026-02-24T10:03:27.7659390Z git version 2.52.0
handle-success	Post Checkout code	2026-02-24T10:03:27.7707840Z Temporarily overriding HOME='/home/runner/_work/_temp/e46bd8d5-5f23-4073-9c00-86899671bbf5' before making global git config changes
handle-success	Post Checkout code	2026-02-24T10:03:27.7708811Z Adding repository directory to the temporary git global config as a safe directory
handle-success	Post Checkout code	2026-02-24T10:03:27.7715278Z [command]/usr/bin/git config --global --add safe.directory /home/runner/_work/ka0s/ka0s
handle-success	Post Checkout code	2026-02-24T10:03:27.7776611Z [command]/usr/bin/git config --local --name-only --get-regexp core\.sshCommand
handle-success	Post Checkout code	2026-02-24T10:03:27.7832906Z [command]/usr/bin/git submodule foreach --recursive sh -c "git config --local --name-only --get-regexp 'core\.sshCommand' && git config --local --unset-all 'core.sshCommand' || :"
handle-success	Post Checkout code	2026-02-24T10:03:27.8168421Z [command]/usr/bin/git config --local --name-only --get-regexp http\.https\:\/\/github\.com\/\.extraheader
handle-success	Post Checkout code	2026-02-24T10:03:27.8200682Z http.https://github.com/.extraheader
handle-success	Post Checkout code	2026-02-24T10:03:27.8215135Z [command]/usr/bin/git config --local --unset-all http.https://github.com/.extraheader
handle-success	Post Checkout code	2026-02-24T10:03:27.8259044Z [command]/usr/bin/git submodule foreach --recursive sh -c "git config --local --name-only --get-regexp 'http\.https\:\/\/github\.com\/\.extraheader' && git config --local --unset-all 'http.https://github.com/.extraheader' || :"
handle-success	Post Checkout code	2026-02-24T10:03:27.8620033Z [command]/usr/bin/git config --local --name-only --get-regexp ^includeIf\.gitdir:
handle-success	Post Checkout code	2026-02-24T10:03:27.8663660Z [command]/usr/bin/git submodule foreach --recursive git config --local --show-origin --name-only --get-regexp remote.origin.url
handle-success	Complete job	Ôªø2026-02-24T10:03:27.9147454Z Cleaning up orphan processes
end-workflow	Set up job	Ôªø2026-02-24T10:03:40.9942901Z Current runner version: '2.331.0'
end-workflow	Set up job	2026-02-24T10:03:40.9951061Z Runner name: 'swarm-runners-scaleset-hkss5-runner-rwblj'
end-workflow	Set up job	2026-02-24T10:03:40.9952651Z Runner group name: 'Default'
end-workflow	Set up job	2026-02-24T10:03:40.9953694Z Machine name: 'swarm-runners-scaleset-hkss5-runner-rwblj'
end-workflow	Set up job	2026-02-24T10:03:40.9958322Z ##[group]GITHUB_TOKEN Permissions
end-workflow	Set up job	2026-02-24T10:03:40.9961033Z Actions: write
end-workflow	Set up job	2026-02-24T10:03:40.9962223Z Contents: write
end-workflow	Set up job	2026-02-24T10:03:40.9962884Z Issues: write
end-workflow	Set up job	2026-02-24T10:03:40.9963471Z Metadata: read
end-workflow	Set up job	2026-02-24T10:03:40.9964120Z PullRequests: write
end-workflow	Set up job	2026-02-24T10:03:40.9964686Z ##[endgroup]
end-workflow	Set up job	2026-02-24T10:03:40.9966896Z Secret source: Actions
end-workflow	Set up job	2026-02-24T10:03:40.9968009Z Prepare workflow directory
end-workflow	Set up job	2026-02-24T10:03:41.0556307Z Prepare all required actions
end-workflow	Set up job	2026-02-24T10:03:41.0610826Z Getting action download info
end-workflow	Set up job	2026-02-24T10:03:41.6649262Z Download action repository 'actions/checkout@v4' (SHA:34e114876b0b11c390a56381ad16ebd13914f8d5)
end-workflow	Set up job	2026-02-24T10:03:42.6203485Z Complete job name: end-workflow
end-workflow	Checkout Repository	Ôªø2026-02-24T10:03:42.6823075Z ##[group]Run actions/checkout@v4
end-workflow	Checkout Repository	2026-02-24T10:03:42.6824037Z with:
end-workflow	Checkout Repository	2026-02-24T10:03:42.6824460Z   fetch-depth: 0
end-workflow	Checkout Repository	2026-02-24T10:03:42.6824895Z   repository: Ka0s-Klaus/ka0s
end-workflow	Checkout Repository	2026-02-24T10:03:42.6825630Z   token: ***
end-workflow	Checkout Repository	2026-02-24T10:03:42.6826036Z   ssh-strict: true
end-workflow	Checkout Repository	2026-02-24T10:03:42.6826459Z   ssh-user: git
end-workflow	Checkout Repository	2026-02-24T10:03:42.6826888Z   persist-credentials: true
end-workflow	Checkout Repository	2026-02-24T10:03:42.6827357Z   clean: true
end-workflow	Checkout Repository	2026-02-24T10:03:42.6827786Z   sparse-checkout-cone-mode: true
end-workflow	Checkout Repository	2026-02-24T10:03:42.6828308Z   fetch-tags: false
end-workflow	Checkout Repository	2026-02-24T10:03:42.6828733Z   show-progress: true
end-workflow	Checkout Repository	2026-02-24T10:03:42.6829160Z   lfs: false
end-workflow	Checkout Repository	2026-02-24T10:03:42.6829558Z   submodules: false
end-workflow	Checkout Repository	2026-02-24T10:03:42.6829994Z   set-safe-directory: true
end-workflow	Checkout Repository	2026-02-24T10:03:42.6830701Z env:
end-workflow	Checkout Repository	2026-02-24T10:03:42.6831256Z   PYTHON_VERSION: 3.9
end-workflow	Checkout Repository	2026-02-24T10:03:42.6832776Z   MONGO_SUPERUSER_CONNECTION: ***
end-workflow	Checkout Repository	2026-02-24T10:03:42.6833484Z   MONGO_NEW_PASS: ***
end-workflow	Checkout Repository	2026-02-24T10:03:42.6834135Z   MONGO_SCRIPT_CREATE: devops/core/mongo/scripts/mongodb_status_report.py
end-workflow	Checkout Repository	2026-02-24T10:03:42.6834924Z   KAOS_CODE: 22345892614
end-workflow	Checkout Repository	2026-02-24T10:03:42.6835377Z   REPORT_SCAN: audit/
end-workflow	Checkout Repository	2026-02-24T10:03:42.6835821Z   REPORT_PATH: audit/mongodb/
end-workflow	Checkout Repository	2026-02-24T10:03:42.6836310Z   REPORT_FILENAME: 22345892614.json
end-workflow	Checkout Repository	2026-02-24T10:03:42.6837108Z   KAOS_MODULE: [Ka0s] Status MongDB Report
end-workflow	Checkout Repository	2026-02-24T10:03:42.6837649Z ##[endgroup]
end-workflow	Checkout Repository	2026-02-24T10:03:42.8094251Z Syncing repository: Ka0s-Klaus/ka0s
end-workflow	Checkout Repository	2026-02-24T10:03:42.8096432Z ##[group]Getting Git version info
end-workflow	Checkout Repository	2026-02-24T10:03:42.8097088Z Working directory is '/home/runner/_work/ka0s/ka0s'
end-workflow	Checkout Repository	2026-02-24T10:03:42.8098318Z [command]/usr/bin/git version
end-workflow	Checkout Repository	2026-02-24T10:03:42.8098861Z git version 2.52.0
end-workflow	Checkout Repository	2026-02-24T10:03:42.8128551Z ##[endgroup]
end-workflow	Checkout Repository	2026-02-24T10:03:42.8146100Z Temporarily overriding HOME='/home/runner/_work/_temp/082810ea-665e-41ec-8a85-b44d7e2991b1' before making global git config changes
end-workflow	Checkout Repository	2026-02-24T10:03:42.8147622Z Adding repository directory to the temporary git global config as a safe directory
end-workflow	Checkout Repository	2026-02-24T10:03:42.8152838Z [command]/usr/bin/git config --global --add safe.directory /home/runner/_work/ka0s/ka0s
end-workflow	Checkout Repository	2026-02-24T10:03:42.8200402Z Deleting the contents of '/home/runner/_work/ka0s/ka0s'
end-workflow	Checkout Repository	2026-02-24T10:03:42.8205465Z ##[group]Initializing the repository
end-workflow	Checkout Repository	2026-02-24T10:03:42.8209787Z [command]/usr/bin/git init /home/runner/_work/ka0s/ka0s
end-workflow	Checkout Repository	2026-02-24T10:03:42.8277318Z hint: Using 'master' as the name for the initial branch. This default branch name
end-workflow	Checkout Repository	2026-02-24T10:03:42.8278457Z hint: will change to "main" in Git 3.0. To configure the initial branch name
end-workflow	Checkout Repository	2026-02-24T10:03:42.8279404Z hint: to use in all of your new repositories, which will suppress this warning,
end-workflow	Checkout Repository	2026-02-24T10:03:42.8280152Z hint: call:
end-workflow	Checkout Repository	2026-02-24T10:03:42.8280682Z hint:
end-workflow	Checkout Repository	2026-02-24T10:03:42.8281210Z hint: 	git config --global init.defaultBranch <name>
end-workflow	Checkout Repository	2026-02-24T10:03:42.8285584Z hint:
end-workflow	Checkout Repository	2026-02-24T10:03:42.8286382Z hint: Names commonly chosen instead of 'master' are 'main', 'trunk' and
end-workflow	Checkout Repository	2026-02-24T10:03:42.8287476Z hint: 'development'. The just-created branch can be renamed via this command:
end-workflow	Checkout Repository	2026-02-24T10:03:42.8288972Z hint:
end-workflow	Checkout Repository	2026-02-24T10:03:42.8289392Z hint: 	git branch -m <name>
end-workflow	Checkout Repository	2026-02-24T10:03:42.8289979Z hint:
end-workflow	Checkout Repository	2026-02-24T10:03:42.8290587Z hint: Disable this message with "git config set advice.defaultBranchName false"
end-workflow	Checkout Repository	2026-02-24T10:03:42.8291580Z Initialized empty Git repository in /home/runner/_work/ka0s/ka0s/.git/
end-workflow	Checkout Repository	2026-02-24T10:03:42.8297134Z [command]/usr/bin/git remote add origin https://github.com/Ka0s-Klaus/ka0s
end-workflow	Checkout Repository	2026-02-24T10:03:42.8342393Z ##[endgroup]
end-workflow	Checkout Repository	2026-02-24T10:03:42.8343292Z ##[group]Disabling automatic garbage collection
end-workflow	Checkout Repository	2026-02-24T10:03:42.8343987Z [command]/usr/bin/git config --local gc.auto 0
end-workflow	Checkout Repository	2026-02-24T10:03:42.8380509Z ##[endgroup]
end-workflow	Checkout Repository	2026-02-24T10:03:42.8381303Z ##[group]Setting up auth
end-workflow	Checkout Repository	2026-02-24T10:03:42.8388713Z [command]/usr/bin/git config --local --name-only --get-regexp core\.sshCommand
end-workflow	Checkout Repository	2026-02-24T10:03:42.8434133Z [command]/usr/bin/git submodule foreach --recursive sh -c "git config --local --name-only --get-regexp 'core\.sshCommand' && git config --local --unset-all 'core.sshCommand' || :"
end-workflow	Checkout Repository	2026-02-24T10:03:42.8793107Z [command]/usr/bin/git config --local --name-only --get-regexp http\.https\:\/\/github\.com\/\.extraheader
end-workflow	Checkout Repository	2026-02-24T10:03:42.8833437Z [command]/usr/bin/git submodule foreach --recursive sh -c "git config --local --name-only --get-regexp 'http\.https\:\/\/github\.com\/\.extraheader' && git config --local --unset-all 'http.https://github.com/.extraheader' || :"
end-workflow	Checkout Repository	2026-02-24T10:03:42.9159117Z [command]/usr/bin/git config --local --name-only --get-regexp ^includeIf\.gitdir:
end-workflow	Checkout Repository	2026-02-24T10:03:42.9200753Z [command]/usr/bin/git submodule foreach --recursive git config --local --show-origin --name-only --get-regexp remote.origin.url
end-workflow	Checkout Repository	2026-02-24T10:03:42.9537871Z [command]/usr/bin/git config --local http.https://github.com/.extraheader AUTHORIZATION: basic ***
end-workflow	Checkout Repository	2026-02-24T10:03:42.9597176Z ##[endgroup]
end-workflow	Checkout Repository	2026-02-24T10:03:42.9598088Z ##[group]Fetching the repository
end-workflow	Checkout Repository	2026-02-24T10:03:42.9607858Z [command]/usr/bin/git -c protocol.version=2 fetch --prune --no-recurse-submodules origin +refs/heads/*:refs/remotes/origin/* +refs/tags/*:refs/tags/*
end-workflow	Checkout Repository	2026-02-24T10:04:04.0542736Z From https://github.com/Ka0s-Klaus/ka0s
end-workflow	Checkout Repository	2026-02-24T10:04:04.0543413Z  * [new branch]          F3450-modelo-operativo -> origin/F3450-modelo-operativo
end-workflow	Checkout Repository	2026-02-24T10:04:04.0544158Z  * [new branch]          H1276-modulo-observabilidad -> origin/H1276-modulo-observabilidad
end-workflow	Checkout Repository	2026-02-24T10:04:04.0544758Z  * [new branch]          H3596-deploy-itop      -> origin/H3596-deploy-itop
end-workflow	Checkout Repository	2026-02-24T10:04:04.0551803Z  * [new branch]          H4170-flujo-detallado-zabbix---github -> origin/H4170-flujo-detallado-zabbix---github
end-workflow	Checkout Repository	2026-02-24T10:04:04.0552935Z  * [new branch]          H4191-request-cambios  -> origin/H4191-request-cambios
end-workflow	Checkout Repository	2026-02-24T10:04:04.0553815Z  * [new branch]          H4200-request-recomendaciones-de-auditoria -> origin/H4200-request-recomendaciones-de-auditoria
end-workflow	Checkout Repository	2026-02-24T10:04:04.0554617Z  * [new branch]          main                   -> origin/main
end-workflow	Checkout Repository	2026-02-24T10:04:04.0555045Z  * [new tag]             0.0.0                  -> 0.0.0
end-workflow	Checkout Repository	2026-02-24T10:04:04.0555667Z  * [new tag]             0.0.1                  -> 0.0.1
end-workflow	Checkout Repository	2026-02-24T10:04:04.0556040Z  * [new tag]             0.0.10                 -> 0.0.10
end-workflow	Checkout Repository	2026-02-24T10:04:04.0556454Z  * [new tag]             0.0.100                -> 0.0.100
end-workflow	Checkout Repository	2026-02-24T10:04:04.0556831Z  * [new tag]             0.0.101                -> 0.0.101
end-workflow	Checkout Repository	2026-02-24T10:04:04.0557219Z  * [new tag]             0.0.102                -> 0.0.102
end-workflow	Checkout Repository	2026-02-24T10:04:04.0557645Z  * [new tag]             0.0.103                -> 0.0.103
end-workflow	Checkout Repository	2026-02-24T10:04:04.0558045Z  * [new tag]             0.0.104                -> 0.0.104
end-workflow	Checkout Repository	2026-02-24T10:04:04.0558424Z  * [new tag]             0.0.105                -> 0.0.105
end-workflow	Checkout Repository	2026-02-24T10:04:04.0558796Z  * [new tag]             0.0.106                -> 0.0.106
end-workflow	Checkout Repository	2026-02-24T10:04:04.0559213Z  * [new tag]             0.0.107                -> 0.0.107
end-workflow	Checkout Repository	2026-02-24T10:04:04.0559605Z  * [new tag]             0.0.108                -> 0.0.108
end-workflow	Checkout Repository	2026-02-24T10:04:04.0560513Z  * [new tag]             0.0.109                -> 0.0.109
end-workflow	Checkout Repository	2026-02-24T10:04:04.0560907Z  * [new tag]             0.0.11                 -> 0.0.11
end-workflow	Checkout Repository	2026-02-24T10:04:04.0561296Z  * [new tag]             0.0.110                -> 0.0.110
end-workflow	Checkout Repository	2026-02-24T10:04:04.0561877Z  * [new tag]             0.0.111                -> 0.0.111
end-workflow	Checkout Repository	2026-02-24T10:04:04.0562534Z  * [new tag]             0.0.112                -> 0.0.112
end-workflow	Checkout Repository	2026-02-24T10:04:04.0562911Z  * [new tag]             0.0.113                -> 0.0.113
end-workflow	Checkout Repository	2026-02-24T10:04:04.0563301Z  * [new tag]             0.0.114                -> 0.0.114
end-workflow	Checkout Repository	2026-02-24T10:04:04.0563691Z  * [new tag]             0.0.115                -> 0.0.115
end-workflow	Checkout Repository	2026-02-24T10:04:04.0564079Z  * [new tag]             0.0.116                -> 0.0.116
end-workflow	Checkout Repository	2026-02-24T10:04:04.0564544Z  * [new tag]             0.0.117                -> 0.0.117
end-workflow	Checkout Repository	2026-02-24T10:04:04.0564989Z  * [new tag]             0.0.118                -> 0.0.118
end-workflow	Checkout Repository	2026-02-24T10:04:04.0565496Z  * [new tag]             0.0.119                -> 0.0.119
end-workflow	Checkout Repository	2026-02-24T10:04:04.0566165Z  * [new tag]             0.0.12                 -> 0.0.12
end-workflow	Checkout Repository	2026-02-24T10:04:04.0566533Z  * [new tag]             0.0.120                -> 0.0.120
end-workflow	Checkout Repository	2026-02-24T10:04:04.0567049Z  * [new tag]             0.0.121                -> 0.0.121
end-workflow	Checkout Repository	2026-02-24T10:04:04.0567555Z  * [new tag]             0.0.122                -> 0.0.122
end-workflow	Checkout Repository	2026-02-24T10:04:04.0567922Z  * [new tag]             0.0.123                -> 0.0.123
end-workflow	Checkout Repository	2026-02-24T10:04:04.0568419Z  * [new tag]             0.0.124                -> 0.0.124
end-workflow	Checkout Repository	2026-02-24T10:04:04.0568798Z  * [new tag]             0.0.125                -> 0.0.125
end-workflow	Checkout Repository	2026-02-24T10:04:04.0569318Z  * [new tag]             0.0.126                -> 0.0.126
end-workflow	Checkout Repository	2026-02-24T10:04:04.0569697Z  * [new tag]             0.0.127                -> 0.0.127
end-workflow	Checkout Repository	2026-02-24T10:04:04.0570203Z  * [new tag]             0.0.128                -> 0.0.128
end-workflow	Checkout Repository	2026-02-24T10:04:04.0570575Z  * [new tag]             0.0.129                -> 0.0.129
end-workflow	Checkout Repository	2026-02-24T10:04:04.0570947Z  * [new tag]             0.0.13                 -> 0.0.13
end-workflow	Checkout Repository	2026-02-24T10:04:04.0571464Z  * [new tag]             0.0.130                -> 0.0.130
end-workflow	Checkout Repository	2026-02-24T10:04:04.0572017Z  * [new tag]             0.0.131                -> 0.0.131
end-workflow	Checkout Repository	2026-02-24T10:04:04.0572520Z  * [new tag]             0.0.132                -> 0.0.132
end-workflow	Checkout Repository	2026-02-24T10:04:04.0573340Z  * [new tag]             0.0.133                -> 0.0.133
end-workflow	Checkout Repository	2026-02-24T10:04:04.0573720Z  * [new tag]             0.0.134                -> 0.0.134
end-workflow	Checkout Repository	2026-02-24T10:04:04.0574102Z  * [new tag]             0.0.135                -> 0.0.135
end-workflow	Checkout Repository	2026-02-24T10:04:04.0574486Z  * [new tag]             0.0.136                -> 0.0.136
end-workflow	Checkout Repository	2026-02-24T10:04:04.0574872Z  * [new tag]             0.0.137                -> 0.0.137
end-workflow	Checkout Repository	2026-02-24T10:04:04.0575247Z  * [new tag]             0.0.138                -> 0.0.138
end-workflow	Checkout Repository	2026-02-24T10:04:04.0575635Z  * [new tag]             0.0.139                -> 0.0.139
end-workflow	Checkout Repository	2026-02-24T10:04:04.0647049Z  * [new tag]             0.0.14                 -> 0.0.14
end-workflow	Checkout Repository	2026-02-24T10:04:04.0648164Z  * [new tag]             0.0.140                -> 0.0.140
end-workflow	Checkout Repository	2026-02-24T10:04:04.0648705Z  * [new tag]             0.0.141                -> 0.0.141
end-workflow	Checkout Repository	2026-02-24T10:04:04.0649108Z  * [new tag]             0.0.142                -> 0.0.142
end-workflow	Checkout Repository	2026-02-24T10:04:04.0649554Z  * [new tag]             0.0.143                -> 0.0.143
end-workflow	Checkout Repository	2026-02-24T10:04:04.0649922Z  * [new tag]             0.0.144                -> 0.0.144
end-workflow	Checkout Repository	2026-02-24T10:04:04.0650295Z  * [new tag]             0.0.145                -> 0.0.145
end-workflow	Checkout Repository	2026-02-24T10:04:04.0650674Z  * [new tag]             0.0.146                -> 0.0.146
end-workflow	Checkout Repository	2026-02-24T10:04:04.0651055Z  * [new tag]             0.0.147                -> 0.0.147
end-workflow	Checkout Repository	2026-02-24T10:04:04.0651432Z  * [new tag]             0.0.148                -> 0.0.148
end-workflow	Checkout Repository	2026-02-24T10:04:04.0652694Z  * [new tag]             0.0.149                -> 0.0.149
end-workflow	Checkout Repository	2026-02-24T10:04:04.0653093Z  * [new tag]             0.0.15                 -> 0.0.15
end-workflow	Checkout Repository	2026-02-24T10:04:04.0653465Z  * [new tag]             0.0.150                -> 0.0.150
end-workflow	Checkout Repository	2026-02-24T10:04:04.0654199Z  * [new tag]             0.0.151                -> 0.0.151
end-workflow	Checkout Repository	2026-02-24T10:04:04.0654578Z  * [new tag]             0.0.152                -> 0.0.152
end-workflow	Checkout Repository	2026-02-24T10:04:04.0654952Z  * [new tag]             0.0.153                -> 0.0.153
end-workflow	Checkout Repository	2026-02-24T10:04:04.0655329Z  * [new tag]             0.0.154                -> 0.0.154
end-workflow	Checkout Repository	2026-02-24T10:04:04.0655701Z  * [new tag]             0.0.155                -> 0.0.155
end-workflow	Checkout Repository	2026-02-24T10:04:04.0656070Z  * [new tag]             0.0.156                -> 0.0.156
end-workflow	Checkout Repository	2026-02-24T10:04:04.0656445Z  * [new tag]             0.0.157                -> 0.0.157
end-workflow	Checkout Repository	2026-02-24T10:04:04.0656811Z  * [new tag]             0.0.158                -> 0.0.158
end-workflow	Checkout Repository	2026-02-24T10:04:04.0657183Z  * [new tag]             0.0.159                -> 0.0.159
end-workflow	Checkout Repository	2026-02-24T10:04:04.0657555Z  * [new tag]             0.0.16                 -> 0.0.16
end-workflow	Checkout Repository	2026-02-24T10:04:04.0657932Z  * [new tag]             0.0.160                -> 0.0.160
end-workflow	Checkout Repository	2026-02-24T10:04:04.0658300Z  * [new tag]             0.0.161                -> 0.0.161
end-workflow	Checkout Repository	2026-02-24T10:04:04.0658919Z  * [new tag]             0.0.162                -> 0.0.162
end-workflow	Checkout Repository	2026-02-24T10:04:04.0659296Z  * [new tag]             0.0.163                -> 0.0.163
end-workflow	Checkout Repository	2026-02-24T10:04:04.0659665Z  * [new tag]             0.0.164                -> 0.0.164
end-workflow	Checkout Repository	2026-02-24T10:04:04.0660032Z  * [new tag]             0.0.165                -> 0.0.165
end-workflow	Checkout Repository	2026-02-24T10:04:04.0660410Z  * [new tag]             0.0.166                -> 0.0.166
end-workflow	Checkout Repository	2026-02-24T10:04:04.0660784Z  * [new tag]             0.0.167                -> 0.0.167
end-workflow	Checkout Repository	2026-02-24T10:04:04.0661151Z  * [new tag]             0.0.168                -> 0.0.168
end-workflow	Checkout Repository	2026-02-24T10:04:04.0661525Z  * [new tag]             0.0.169                -> 0.0.169
end-workflow	Checkout Repository	2026-02-24T10:04:04.0662402Z  * [new tag]             0.0.17                 -> 0.0.17
end-workflow	Checkout Repository	2026-02-24T10:04:04.0662800Z  * [new tag]             0.0.170                -> 0.0.170
end-workflow	Checkout Repository	2026-02-24T10:04:04.0663170Z  * [new tag]             0.0.171                -> 0.0.171
end-workflow	Checkout Repository	2026-02-24T10:04:04.0663585Z  * [new tag]             0.0.172                -> 0.0.172
end-workflow	Checkout Repository	2026-02-24T10:04:04.0663977Z  * [new tag]             0.0.173                -> 0.0.173
end-workflow	Checkout Repository	2026-02-24T10:04:04.0664347Z  * [new tag]             0.0.174                -> 0.0.174
end-workflow	Checkout Repository	2026-02-24T10:04:04.0664844Z  * [new tag]             0.0.175                -> 0.0.175
end-workflow	Checkout Repository	2026-02-24T10:04:04.0665205Z  * [new tag]             0.0.176                -> 0.0.176
end-workflow	Checkout Repository	2026-02-24T10:04:04.0665567Z  * [new tag]             0.0.177                -> 0.0.177
end-workflow	Checkout Repository	2026-02-24T10:04:04.0665922Z  * [new tag]             0.0.178                -> 0.0.178
end-workflow	Checkout Repository	2026-02-24T10:04:04.0666288Z  * [new tag]             0.0.179                -> 0.0.179
end-workflow	Checkout Repository	2026-02-24T10:04:04.0666655Z  * [new tag]             0.0.18                 -> 0.0.18
end-workflow	Checkout Repository	2026-02-24T10:04:04.0667015Z  * [new tag]             0.0.19                 -> 0.0.19
end-workflow	Checkout Repository	2026-02-24T10:04:04.0667374Z  * [new tag]             0.0.2                  -> 0.0.2
end-workflow	Checkout Repository	2026-02-24T10:04:04.0667739Z  * [new tag]             0.0.20                 -> 0.0.20
end-workflow	Checkout Repository	2026-02-24T10:04:04.0668128Z  * [new tag]             0.0.21                 -> 0.0.21
end-workflow	Checkout Repository	2026-02-24T10:04:04.0668491Z  * [new tag]             0.0.22                 -> 0.0.22
end-workflow	Checkout Repository	2026-02-24T10:04:04.0668852Z  * [new tag]             0.0.23                 -> 0.0.23
end-workflow	Checkout Repository	2026-02-24T10:04:04.0669215Z  * [new tag]             0.0.24                 -> 0.0.24
end-workflow	Checkout Repository	2026-02-24T10:04:04.0669580Z  * [new tag]             0.0.25                 -> 0.0.25
end-workflow	Checkout Repository	2026-02-24T10:04:04.0669940Z  * [new tag]             0.0.26                 -> 0.0.26
end-workflow	Checkout Repository	2026-02-24T10:04:04.0670304Z  * [new tag]             0.0.27                 -> 0.0.27
end-workflow	Checkout Repository	2026-02-24T10:04:04.0670827Z  * [new tag]             0.0.28                 -> 0.0.28
end-workflow	Checkout Repository	2026-02-24T10:04:04.0671186Z  * [new tag]             0.0.29                 -> 0.0.29
end-workflow	Checkout Repository	2026-02-24T10:04:04.0671548Z  * [new tag]             0.0.3                  -> 0.0.3
end-workflow	Checkout Repository	2026-02-24T10:04:04.0672509Z  * [new tag]             0.0.30                 -> 0.0.30
end-workflow	Checkout Repository	2026-02-24T10:04:04.0673001Z  * [new tag]             0.0.31                 -> 0.0.31
end-workflow	Checkout Repository	2026-02-24T10:04:04.0673611Z  * [new tag]             0.0.32                 -> 0.0.32
end-workflow	Checkout Repository	2026-02-24T10:04:04.0673981Z  * [new tag]             0.0.33                 -> 0.0.33
end-workflow	Checkout Repository	2026-02-24T10:04:04.0674334Z  * [new tag]             0.0.34                 -> 0.0.34
end-workflow	Checkout Repository	2026-02-24T10:04:04.0674690Z  * [new tag]             0.0.35                 -> 0.0.35
end-workflow	Checkout Repository	2026-02-24T10:04:04.0675052Z  * [new tag]             0.0.36                 -> 0.0.36
end-workflow	Checkout Repository	2026-02-24T10:04:04.0675406Z  * [new tag]             0.0.37                 -> 0.0.37
end-workflow	Checkout Repository	2026-02-24T10:04:04.0675766Z  * [new tag]             0.0.38                 -> 0.0.38
end-workflow	Checkout Repository	2026-02-24T10:04:04.0676135Z  * [new tag]             0.0.39                 -> 0.0.39
end-workflow	Checkout Repository	2026-02-24T10:04:04.0676491Z  * [new tag]             0.0.4                  -> 0.0.4
end-workflow	Checkout Repository	2026-02-24T10:04:04.0676843Z  * [new tag]             0.0.40                 -> 0.0.40
end-workflow	Checkout Repository	2026-02-24T10:04:04.0677206Z  * [new tag]             0.0.41                 -> 0.0.41
end-workflow	Checkout Repository	2026-02-24T10:04:04.0677565Z  * [new tag]             0.0.42                 -> 0.0.42
end-workflow	Checkout Repository	2026-02-24T10:04:04.0678128Z  * [new tag]             0.0.43                 -> 0.0.43
end-workflow	Checkout Repository	2026-02-24T10:04:04.0678499Z  * [new tag]             0.0.44                 -> 0.0.44
end-workflow	Checkout Repository	2026-02-24T10:04:04.0678861Z  * [new tag]             0.0.45                 -> 0.0.45
end-workflow	Checkout Repository	2026-02-24T10:04:04.0679226Z  * [new tag]             0.0.46                 -> 0.0.46
end-workflow	Checkout Repository	2026-02-24T10:04:04.0679584Z  * [new tag]             0.0.47                 -> 0.0.47
end-workflow	Checkout Repository	2026-02-24T10:04:04.0679946Z  * [new tag]             0.0.48                 -> 0.0.48
end-workflow	Checkout Repository	2026-02-24T10:04:04.0680309Z  * [new tag]             0.0.49                 -> 0.0.49
end-workflow	Checkout Repository	2026-02-24T10:04:04.0680672Z  * [new tag]             0.0.5                  -> 0.0.5
end-workflow	Checkout Repository	2026-02-24T10:04:04.0681027Z  * [new tag]             0.0.50                 -> 0.0.50
end-workflow	Checkout Repository	2026-02-24T10:04:04.0681395Z  * [new tag]             0.0.51                 -> 0.0.51
end-workflow	Checkout Repository	2026-02-24T10:04:04.0682191Z  * [new tag]             0.0.52                 -> 0.0.52
end-workflow	Checkout Repository	2026-02-24T10:04:04.0682705Z  * [new tag]             0.0.53                 -> 0.0.53
end-workflow	Checkout Repository	2026-02-24T10:04:04.0683073Z  * [new tag]             0.0.54                 -> 0.0.54
end-workflow	Checkout Repository	2026-02-24T10:04:04.0683567Z  * [new tag]             0.0.55                 -> 0.0.55
end-workflow	Checkout Repository	2026-02-24T10:04:04.0683923Z  * [new tag]             0.0.56                 -> 0.0.56
end-workflow	Checkout Repository	2026-02-24T10:04:04.0684282Z  * [new tag]             0.0.57                 -> 0.0.57
end-workflow	Checkout Repository	2026-02-24T10:04:04.0684647Z  * [new tag]             0.0.58                 -> 0.0.58
end-workflow	Checkout Repository	2026-02-24T10:04:04.0685005Z  * [new tag]             0.0.59                 -> 0.0.59
end-workflow	Checkout Repository	2026-02-24T10:04:04.0685366Z  * [new tag]             0.0.6                  -> 0.0.6
end-workflow	Checkout Repository	2026-02-24T10:04:04.0685720Z  * [new tag]             0.0.60                 -> 0.0.60
end-workflow	Checkout Repository	2026-02-24T10:04:04.0686082Z  * [new tag]             0.0.61                 -> 0.0.61
end-workflow	Checkout Repository	2026-02-24T10:04:04.0686448Z  * [new tag]             0.0.62                 -> 0.0.62
end-workflow	Checkout Repository	2026-02-24T10:04:04.0686804Z  * [new tag]             0.0.63                 -> 0.0.63
end-workflow	Checkout Repository	2026-02-24T10:04:04.0687183Z  * [new tag]             0.0.64                 -> 0.0.64
end-workflow	Checkout Repository	2026-02-24T10:04:04.0687543Z  * [new tag]             0.0.65                 -> 0.0.65
end-workflow	Checkout Repository	2026-02-24T10:04:04.0687902Z  * [new tag]             0.0.66                 -> 0.0.66
end-workflow	Checkout Repository	2026-02-24T10:04:04.0688255Z  * [new tag]             0.0.67                 -> 0.0.67
end-workflow	Checkout Repository	2026-02-24T10:04:04.0688616Z  * [new tag]             0.0.68                 -> 0.0.68
end-workflow	Checkout Repository	2026-02-24T10:04:04.0688983Z  * [new tag]             0.0.69                 -> 0.0.69
end-workflow	Checkout Repository	2026-02-24T10:04:04.0689348Z  * [new tag]             0.0.7                  -> 0.0.7
end-workflow	Checkout Repository	2026-02-24T10:04:04.0689710Z  * [new tag]             0.0.70                 -> 0.0.70
end-workflow	Checkout Repository	2026-02-24T10:04:04.0690068Z  * [new tag]             0.0.71                 -> 0.0.71
end-workflow	Checkout Repository	2026-02-24T10:04:04.0690429Z  * [new tag]             0.0.72                 -> 0.0.72
end-workflow	Checkout Repository	2026-02-24T10:04:04.0690790Z  * [new tag]             0.0.73                 -> 0.0.73
end-workflow	Checkout Repository	2026-02-24T10:04:04.0691149Z  * [new tag]             0.0.74                 -> 0.0.74
end-workflow	Checkout Repository	2026-02-24T10:04:04.0691962Z  * [new tag]             0.0.75                 -> 0.0.75
end-workflow	Checkout Repository	2026-02-24T10:04:04.0692592Z  * [new tag]             0.0.76                 -> 0.0.76
end-workflow	Checkout Repository	2026-02-24T10:04:04.0692948Z  * [new tag]             0.0.77                 -> 0.0.77
end-workflow	Checkout Repository	2026-02-24T10:04:04.0693307Z  * [new tag]             0.0.78                 -> 0.0.78
end-workflow	Checkout Repository	2026-02-24T10:04:04.0693673Z  * [new tag]             0.0.79                 -> 0.0.79
end-workflow	Checkout Repository	2026-02-24T10:04:04.0694026Z  * [new tag]             0.0.8                  -> 0.0.8
end-workflow	Checkout Repository	2026-02-24T10:04:04.0694388Z  * [new tag]             0.0.80                 -> 0.0.80
end-workflow	Checkout Repository	2026-02-24T10:04:04.0694754Z  * [new tag]             0.0.81                 -> 0.0.81
end-workflow	Checkout Repository	2026-02-24T10:04:04.0695115Z  * [new tag]             0.0.82                 -> 0.0.82
end-workflow	Checkout Repository	2026-02-24T10:04:04.0695474Z  * [new tag]             0.0.83                 -> 0.0.83
end-workflow	Checkout Repository	2026-02-24T10:04:04.0695841Z  * [new tag]             0.0.84                 -> 0.0.84
end-workflow	Checkout Repository	2026-02-24T10:04:04.0696203Z  * [new tag]             0.0.85                 -> 0.0.85
end-workflow	Checkout Repository	2026-02-24T10:04:04.0696782Z  * [new tag]             0.0.86                 -> 0.0.86
end-workflow	Checkout Repository	2026-02-24T10:04:04.0697142Z  * [new tag]             0.0.87                 -> 0.0.87
end-workflow	Checkout Repository	2026-02-24T10:04:04.0697507Z  * [new tag]             0.0.88                 -> 0.0.88
end-workflow	Checkout Repository	2026-02-24T10:04:04.0697870Z  * [new tag]             0.0.89                 -> 0.0.89
end-workflow	Checkout Repository	2026-02-24T10:04:04.0698229Z  * [new tag]             0.0.9                  -> 0.0.9
end-workflow	Checkout Repository	2026-02-24T10:04:04.0698589Z  * [new tag]             0.0.90                 -> 0.0.90
end-workflow	Checkout Repository	2026-02-24T10:04:04.0698954Z  * [new tag]             0.0.91                 -> 0.0.91
end-workflow	Checkout Repository	2026-02-24T10:04:04.0699324Z  * [new tag]             0.0.92                 -> 0.0.92
end-workflow	Checkout Repository	2026-02-24T10:04:04.0699684Z  * [new tag]             0.0.93                 -> 0.0.93
end-workflow	Checkout Repository	2026-02-24T10:04:04.0700051Z  * [new tag]             0.0.94                 -> 0.0.94
end-workflow	Checkout Repository	2026-02-24T10:04:04.0700416Z  * [new tag]             0.0.95                 -> 0.0.95
end-workflow	Checkout Repository	2026-02-24T10:04:04.0700792Z  * [new tag]             0.0.96                 -> 0.0.96
end-workflow	Checkout Repository	2026-02-24T10:04:04.0701159Z  * [new tag]             0.0.97                 -> 0.0.97
end-workflow	Checkout Repository	2026-02-24T10:04:04.0701522Z  * [new tag]             0.0.98                 -> 0.0.98
end-workflow	Checkout Repository	2026-02-24T10:04:04.0702241Z  * [new tag]             0.0.99                 -> 0.0.99
end-workflow	Checkout Repository	2026-02-24T10:04:04.0702908Z  * [new tag]             0.1.0                  -> 0.1.0
end-workflow	Checkout Repository	2026-02-24T10:04:04.0703402Z  * [new tag]             0.1.1                  -> 0.1.1
end-workflow	Checkout Repository	2026-02-24T10:04:04.0703768Z  * [new tag]             0.2.0                  -> 0.2.0
end-workflow	Checkout Repository	2026-02-24T10:04:04.0704137Z  * [new tag]             0.3.0                  -> 0.3.0
end-workflow	Checkout Repository	2026-02-24T10:04:04.0704494Z  * [new tag]             0.3.1                  -> 0.3.1
end-workflow	Checkout Repository	2026-02-24T10:04:04.0704886Z  * [new tag]             0.3.10                 -> 0.3.10
end-workflow	Checkout Repository	2026-02-24T10:04:04.0705253Z  * [new tag]             0.3.11                 -> 0.3.11
end-workflow	Checkout Repository	2026-02-24T10:04:04.0705616Z  * [new tag]             0.3.12                 -> 0.3.12
end-workflow	Checkout Repository	2026-02-24T10:04:04.0705993Z  * [new tag]             0.3.13                 -> 0.3.13
end-workflow	Checkout Repository	2026-02-24T10:04:04.0706347Z  * [new tag]             0.3.14                 -> 0.3.14
end-workflow	Checkout Repository	2026-02-24T10:04:04.0706708Z  * [new tag]             0.3.15                 -> 0.3.15
end-workflow	Checkout Repository	2026-02-24T10:04:04.0707068Z  * [new tag]             0.3.16                 -> 0.3.16
end-workflow	Checkout Repository	2026-02-24T10:04:04.0707432Z  * [new tag]             0.3.17                 -> 0.3.17
end-workflow	Checkout Repository	2026-02-24T10:04:04.0707793Z  * [new tag]             0.3.2                  -> 0.3.2
end-workflow	Checkout Repository	2026-02-24T10:04:04.0708150Z  * [new tag]             0.3.3                  -> 0.3.3
end-workflow	Checkout Repository	2026-02-24T10:04:04.0708509Z  * [new tag]             0.3.4                  -> 0.3.4
end-workflow	Checkout Repository	2026-02-24T10:04:04.0708871Z  * [new tag]             0.3.5                  -> 0.3.5
end-workflow	Checkout Repository	2026-02-24T10:04:04.0709792Z  * [new tag]             0.3.6                  -> 0.3.6
end-workflow	Checkout Repository	2026-02-24T10:04:04.0710171Z  * [new tag]             0.3.7                  -> 0.3.7
end-workflow	Checkout Repository	2026-02-24T10:04:04.0710685Z  * [new tag]             0.3.8                  -> 0.3.8
end-workflow	Checkout Repository	2026-02-24T10:04:04.0711275Z  * [new tag]             0.3.9                  -> 0.3.9
end-workflow	Checkout Repository	2026-02-24T10:04:04.0711940Z  * [new tag]             0.4.0                  -> 0.4.0
end-workflow	Checkout Repository	2026-02-24T10:04:04.0712476Z  * [new tag]             0.4.1                  -> 0.4.1
end-workflow	Checkout Repository	2026-02-24T10:04:04.0712858Z  * [new tag]             0.4.2                  -> 0.4.2
end-workflow	Checkout Repository	2026-02-24T10:04:04.0713359Z  * [new tag]             0.4.3                  -> 0.4.3
end-workflow	Checkout Repository	2026-02-24T10:04:04.0713880Z  * [new tag]             0.4.4                  -> 0.4.4
end-workflow	Checkout Repository	2026-02-24T10:04:04.0714520Z  * [new tag]             0.4.5                  -> 0.4.5
end-workflow	Checkout Repository	2026-02-24T10:04:04.0714894Z  * [new tag]             0.4.6                  -> 0.4.6
end-workflow	Checkout Repository	2026-02-24T10:04:04.0715269Z  * [new tag]             0.4.7                  -> 0.4.7
end-workflow	Checkout Repository	2026-02-24T10:04:04.0715645Z  * [new tag]             0.4.8                  -> 0.4.8
end-workflow	Checkout Repository	2026-02-24T10:04:04.0716017Z  * [new tag]             0.4.9                  -> 0.4.9
end-workflow	Checkout Repository	2026-02-24T10:04:04.0716387Z  * [new tag]             0.5.0                  -> 0.5.0
end-workflow	Checkout Repository	2026-02-24T10:04:04.0717028Z  * [new tag]             0.5.1                  -> 0.5.1
end-workflow	Checkout Repository	2026-02-24T10:04:04.0717403Z  * [new tag]             0.5.2                  -> 0.5.2
end-workflow	Checkout Repository	2026-02-24T10:04:04.0717786Z  * [new tag]             0.6.0                  -> 0.6.0
end-workflow	Checkout Repository	2026-02-24T10:04:04.0718156Z  * [new tag]             0.6.1                  -> 0.6.1
end-workflow	Checkout Repository	2026-02-24T10:04:04.0718526Z  * [new tag]             0.6.2                  -> 0.6.2
end-workflow	Checkout Repository	2026-02-24T10:04:04.0718905Z  * [new tag]             0.6.3                  -> 0.6.3
end-workflow	Checkout Repository	2026-02-24T10:04:04.0719277Z  * [new tag]             0.6.4                  -> 0.6.4
end-workflow	Checkout Repository	2026-02-24T10:04:04.0719653Z  * [new tag]             0.6.5                  -> 0.6.5
end-workflow	Checkout Repository	2026-02-24T10:04:04.0720035Z  * [new tag]             0.6.6                  -> 0.6.6
end-workflow	Checkout Repository	2026-02-24T10:04:04.0953951Z [command]/usr/bin/git branch --list --remote origin/main
end-workflow	Checkout Repository	2026-02-24T10:04:04.1032246Z   origin/main
end-workflow	Checkout Repository	2026-02-24T10:04:04.1044632Z [command]/usr/bin/git rev-parse refs/remotes/origin/main
end-workflow	Checkout Repository	2026-02-24T10:04:04.1076248Z 4a01624b097ffe41e7638cc24d7ed30f26599f19
end-workflow	Checkout Repository	2026-02-24T10:04:04.1090548Z [command]/usr/bin/git -c protocol.version=2 fetch --no-tags --prune --no-recurse-submodules origin +90450cb321c965d90dc294edeca5a7886aa07a8d:refs/remotes/origin/main
end-workflow	Checkout Repository	2026-02-24T10:04:04.1279481Z From https://github.com/Ka0s-Klaus/ka0s
end-workflow	Checkout Repository	2026-02-24T10:04:04.1280219Z  + 4a01624b0...90450cb32 90450cb321c965d90dc294edeca5a7886aa07a8d -> origin/main  (forced update)
end-workflow	Checkout Repository	2026-02-24T10:04:04.1319321Z ##[endgroup]
end-workflow	Checkout Repository	2026-02-24T10:04:04.1320057Z ##[group]Determining the checkout info
end-workflow	Checkout Repository	2026-02-24T10:04:04.1320574Z ##[endgroup]
end-workflow	Checkout Repository	2026-02-24T10:04:04.1326287Z [command]/usr/bin/git sparse-checkout disable
end-workflow	Checkout Repository	2026-02-24T10:04:04.1379607Z [command]/usr/bin/git config --local --unset-all extensions.worktreeConfig
end-workflow	Checkout Repository	2026-02-24T10:04:04.1418242Z ##[group]Checking out the ref
end-workflow	Checkout Repository	2026-02-24T10:04:04.1428830Z [command]/usr/bin/git checkout --progress --force -B main refs/remotes/origin/main
end-workflow	Checkout Repository	2026-02-24T10:04:04.3868718Z Switched to a new branch 'main'
end-workflow	Checkout Repository	2026-02-24T10:04:04.3873671Z branch 'main' set up to track 'origin/main'.
end-workflow	Checkout Repository	2026-02-24T10:04:04.3920233Z ##[endgroup]
end-workflow	Checkout Repository	2026-02-24T10:04:04.3982733Z [command]/usr/bin/git log -1 --format=%H
end-workflow	Checkout Repository	2026-02-24T10:04:04.4010557Z 90450cb321c965d90dc294edeca5a7886aa07a8d
end-workflow	Install GH CLI	Ôªø2026-02-24T10:04:04.4301086Z Prepare all required actions
end-workflow	Install GH CLI	2026-02-24T10:04:04.4353895Z ##[group]Run ./.github/actions/install-gh-cli
end-workflow	Install GH CLI	2026-02-24T10:04:04.4354235Z env:
end-workflow	Install GH CLI	2026-02-24T10:04:04.4354425Z   PYTHON_VERSION: 3.9
end-workflow	Install GH CLI	2026-02-24T10:04:04.4355412Z   MONGO_SUPERUSER_CONNECTION: ***
end-workflow	Install GH CLI	2026-02-24T10:04:04.4355794Z   MONGO_NEW_PASS: ***
end-workflow	Install GH CLI	2026-02-24T10:04:04.4356110Z   MONGO_SCRIPT_CREATE: devops/core/mongo/scripts/mongodb_status_report.py
end-workflow	Install GH CLI	2026-02-24T10:04:04.4356604Z   KAOS_CODE: 22345892614
end-workflow	Install GH CLI	2026-02-24T10:04:04.4357092Z   REPORT_SCAN: audit/
end-workflow	Install GH CLI	2026-02-24T10:04:04.4357433Z   REPORT_PATH: audit/mongodb/
end-workflow	Install GH CLI	2026-02-24T10:04:04.4357699Z   REPORT_FILENAME: 22345892614.json
end-workflow	Install GH CLI	2026-02-24T10:04:04.4357963Z   KAOS_MODULE: [Ka0s] Status MongDB Report
end-workflow	Install GH CLI	2026-02-24T10:04:04.4358341Z ##[endgroup]
end-workflow	Install GH CLI	2026-02-24T10:04:04.4457129Z ##[group]Run type -p curl >/dev/null || (sudo apt-get update && sudo apt-get install curl -y)
end-workflow	Install GH CLI	2026-02-24T10:04:04.4457819Z [36;1mtype -p curl >/dev/null || (sudo apt-get update && sudo apt-get install curl -y)[0m
end-workflow	Install GH CLI	2026-02-24T10:04:04.4458636Z [36;1mcurl -fsSL https://cli.github.com/packages/githubcli-archive-keyring.gpg | sudo dd of=/usr/share/keyrings/githubcli-archive-keyring.gpg \[0m
end-workflow	Install GH CLI	2026-02-24T10:04:04.4459463Z [36;1m&& sudo chmod go+r /usr/share/keyrings/githubcli-archive-keyring.gpg \[0m
end-workflow	Install GH CLI	2026-02-24T10:04:04.4460473Z [36;1m&& echo "deb [arch=$(dpkg --print-architecture) signed-by=/usr/share/keyrings/githubcli-archive-keyring.gpg] https://cli.github.com/packages stable main" | sudo tee /etc/apt/sources.list.d/github-cli.list > /dev/null \[0m
end-workflow	Install GH CLI	2026-02-24T10:04:04.4461389Z [36;1m&& sudo apt-get update \[0m
end-workflow	Install GH CLI	2026-02-24T10:04:04.4461914Z [36;1m&& sudo apt-get install gh -y[0m
end-workflow	Install GH CLI	2026-02-24T10:04:04.4480326Z shell: /usr/bin/bash --noprofile --norc -e -o pipefail {0}
end-workflow	Install GH CLI	2026-02-24T10:04:04.4480716Z env:
end-workflow	Install GH CLI	2026-02-24T10:04:04.4480904Z   PYTHON_VERSION: 3.9
end-workflow	Install GH CLI	2026-02-24T10:04:04.4482173Z   MONGO_SUPERUSER_CONNECTION: ***
end-workflow	Install GH CLI	2026-02-24T10:04:04.4482578Z   MONGO_NEW_PASS: ***
end-workflow	Install GH CLI	2026-02-24T10:04:04.4482931Z   MONGO_SCRIPT_CREATE: devops/core/mongo/scripts/mongodb_status_report.py
end-workflow	Install GH CLI	2026-02-24T10:04:04.4483308Z   KAOS_CODE: 22345892614
end-workflow	Install GH CLI	2026-02-24T10:04:04.4483518Z   REPORT_SCAN: audit/
end-workflow	Install GH CLI	2026-02-24T10:04:04.4483729Z   REPORT_PATH: audit/mongodb/
end-workflow	Install GH CLI	2026-02-24T10:04:04.4483968Z   REPORT_FILENAME: 22345892614.json
end-workflow	Install GH CLI	2026-02-24T10:04:04.4484227Z   KAOS_MODULE: [Ka0s] Status MongDB Report
end-workflow	Install GH CLI	2026-02-24T10:04:04.4484477Z ##[endgroup]
end-workflow	Install GH CLI	2026-02-24T10:04:04.6504975Z 4+1 records in
end-workflow	Install GH CLI	2026-02-24T10:04:04.6506085Z 4+1 records out
end-workflow	Install GH CLI	2026-02-24T10:04:04.6507355Z 2270 bytes (2.3 kB, 2.2 KiB) copied, 0.176244 s, 12.9 kB/s
end-workflow	Install GH CLI	2026-02-24T10:04:04.8578848Z Get:1 http://archive.ubuntu.com/ubuntu noble InRelease [256 kB]
end-workflow	Install GH CLI	2026-02-24T10:04:04.8680469Z Get:2 http://security.ubuntu.com/ubuntu noble-security InRelease [126 kB]
end-workflow	Install GH CLI	2026-02-24T10:04:04.8801402Z Get:3 https://cli.github.com/packages stable InRelease [3917 B]
end-workflow	Install GH CLI	2026-02-24T10:04:04.9719820Z Get:4 https://cli.github.com/packages stable/main amd64 Packages [357 B]
end-workflow	Install GH CLI	2026-02-24T10:04:05.0014312Z Get:5 https://ppa.launchpadcontent.net/git-core/ppa/ubuntu noble InRelease [24.3 kB]
end-workflow	Install GH CLI	2026-02-24T10:04:05.0068589Z Get:6 http://archive.ubuntu.com/ubuntu noble-updates InRelease [126 kB]
end-workflow	Install GH CLI	2026-02-24T10:04:05.0423850Z Get:7 http://archive.ubuntu.com/ubuntu noble-backports InRelease [126 kB]
end-workflow	Install GH CLI	2026-02-24T10:04:05.0867358Z Get:8 http://archive.ubuntu.com/ubuntu noble/universe amd64 Packages [19.3 MB]
end-workflow	Install GH CLI	2026-02-24T10:04:05.1585838Z Get:9 http://security.ubuntu.com/ubuntu noble-security/multiverse amd64 Packages [34.8 kB]
end-workflow	Install GH CLI	2026-02-24T10:04:05.1956176Z Get:10 http://security.ubuntu.com/ubuntu noble-security/main amd64 Packages [1861 kB]
end-workflow	Install GH CLI	2026-02-24T10:04:05.2323100Z Get:11 https://ppa.launchpadcontent.net/git-core/ppa/ubuntu noble/main amd64 Packages [2992 B]
end-workflow	Install GH CLI	2026-02-24T10:04:05.3940135Z Get:12 http://security.ubuntu.com/ubuntu noble-security/universe amd64 Packages [1208 kB]
end-workflow	Install GH CLI	2026-02-24T10:04:05.4037563Z Get:13 http://security.ubuntu.com/ubuntu noble-security/restricted amd64 Packages [3209 kB]
end-workflow	Install GH CLI	2026-02-24T10:04:05.4823891Z Get:14 http://archive.ubuntu.com/ubuntu noble/multiverse amd64 Packages [331 kB]
end-workflow	Install GH CLI	2026-02-24T10:04:05.4857748Z Get:15 http://archive.ubuntu.com/ubuntu noble/main amd64 Packages [1808 kB]
end-workflow	Install GH CLI	2026-02-24T10:04:05.5452644Z Get:16 http://archive.ubuntu.com/ubuntu noble/restricted amd64 Packages [117 kB]
end-workflow	Install GH CLI	2026-02-24T10:04:05.5460837Z Get:17 http://archive.ubuntu.com/ubuntu noble-updates/restricted amd64 Packages [3409 kB]
end-workflow	Install GH CLI	2026-02-24T10:04:05.5684900Z Get:18 http://archive.ubuntu.com/ubuntu noble-updates/universe amd64 Packages [2016 kB]
end-workflow	Install GH CLI	2026-02-24T10:04:05.5866262Z Get:19 http://archive.ubuntu.com/ubuntu noble-updates/multiverse amd64 Packages [38.1 kB]
end-workflow	Install GH CLI	2026-02-24T10:04:05.5919510Z Get:20 http://archive.ubuntu.com/ubuntu noble-updates/main amd64 Packages [2253 kB]
end-workflow	Install GH CLI	2026-02-24T10:04:05.6130656Z Get:21 http://archive.ubuntu.com/ubuntu noble-backports/universe amd64 Packages [34.6 kB]
end-workflow	Install GH CLI	2026-02-24T10:04:05.6134753Z Get:22 http://archive.ubuntu.com/ubuntu noble-backports/main amd64 Packages [49.5 kB]
end-workflow	Install GH CLI	2026-02-24T10:04:06.9303271Z Fetched 36.4 MB in 2s (16.9 MB/s)
end-workflow	Install GH CLI	2026-02-24T10:04:07.8580094Z Reading package lists...
end-workflow	Install GH CLI	2026-02-24T10:04:08.8320448Z Reading package lists...
end-workflow	Install GH CLI	2026-02-24T10:04:09.0725177Z Building dependency tree...
end-workflow	Install GH CLI	2026-02-24T10:04:09.0732833Z Reading state information...
end-workflow	Install GH CLI	2026-02-24T10:04:09.4514231Z The following NEW packages will be installed:
end-workflow	Install GH CLI	2026-02-24T10:04:09.4537549Z   gh
end-workflow	Install GH CLI	2026-02-24T10:04:09.5512812Z 0 upgraded, 1 newly installed, 0 to remove and 26 not upgraded.
end-workflow	Install GH CLI	2026-02-24T10:04:09.5513269Z Need to get 13.8 MB of archives.
end-workflow	Install GH CLI	2026-02-24T10:04:09.5513663Z After this operation, 38.5 MB of additional disk space will be used.
end-workflow	Install GH CLI	2026-02-24T10:04:09.5514253Z Get:1 https://cli.github.com/packages stable/main amd64 gh amd64 2.87.3 [13.8 MB]
end-workflow	Install GH CLI	2026-02-24T10:04:10.3256580Z debconf: delaying package configuration, since apt-utils is not installed
end-workflow	Install GH CLI	2026-02-24T10:04:10.4144487Z Fetched 13.8 MB in 1s (26.8 MB/s)
end-workflow	Install GH CLI	2026-02-24T10:04:10.4446029Z Selecting previously unselected package gh.
end-workflow	Install GH CLI	2026-02-24T10:04:10.4496151Z (Reading database ... 
end-workflow	Install GH CLI	2026-02-24T10:04:10.4496620Z (Reading database ... 5%
end-workflow	Install GH CLI	2026-02-24T10:04:10.4497146Z (Reading database ... 10%
end-workflow	Install GH CLI	2026-02-24T10:04:10.4497471Z (Reading database ... 15%
end-workflow	Install GH CLI	2026-02-24T10:04:10.4497773Z (Reading database ... 20%
end-workflow	Install GH CLI	2026-02-24T10:04:10.4498089Z (Reading database ... 25%
end-workflow	Install GH CLI	2026-02-24T10:04:10.4498517Z (Reading database ... 30%
end-workflow	Install GH CLI	2026-02-24T10:04:10.4501542Z (Reading database ... 35%
end-workflow	Install GH CLI	2026-02-24T10:04:10.4502403Z (Reading database ... 40%
end-workflow	Install GH CLI	2026-02-24T10:04:10.4502991Z (Reading database ... 45%
end-workflow	Install GH CLI	2026-02-24T10:04:10.4503370Z (Reading database ... 50%
end-workflow	Install GH CLI	2026-02-24T10:04:10.4503694Z (Reading database ... 55%
end-workflow	Install GH CLI	2026-02-24T10:04:10.4504003Z (Reading database ... 60%
end-workflow	Install GH CLI	2026-02-24T10:04:10.4505555Z (Reading database ... 65%
end-workflow	Install GH CLI	2026-02-24T10:04:10.4533711Z (Reading database ... 70%
end-workflow	Install GH CLI	2026-02-24T10:04:10.4542301Z (Reading database ... 75%
end-workflow	Install GH CLI	2026-02-24T10:04:10.4560259Z (Reading database ... 80%
end-workflow	Install GH CLI	2026-02-24T10:04:10.4572301Z (Reading database ... 85%
end-workflow	Install GH CLI	2026-02-24T10:04:10.4579988Z (Reading database ... 90%
end-workflow	Install GH CLI	2026-02-24T10:04:10.4607484Z (Reading database ... 95%
end-workflow	Install GH CLI	2026-02-24T10:04:10.4608004Z (Reading database ... 100%
end-workflow	Install GH CLI	2026-02-24T10:04:10.4610349Z (Reading database ... 14385 files and directories currently installed.)
end-workflow	Install GH CLI	2026-02-24T10:04:10.4616561Z Preparing to unpack .../archives/gh_2.87.3_amd64.deb ...
end-workflow	Install GH CLI	2026-02-24T10:04:10.4652120Z Unpacking gh (2.87.3) ...
end-workflow	Install GH CLI	2026-02-24T10:04:10.6986907Z Setting up gh (2.87.3) ...
end-workflow	Trigger Inspector	Ôªø2026-02-24T10:04:10.7521499Z ##[group]Run echo "üîç Triggering Inspector for Audit..."
end-workflow	Trigger Inspector	2026-02-24T10:04:10.7523069Z [36;1mecho "üîç Triggering Inspector for Audit..."[0m
end-workflow	Trigger Inspector	2026-02-24T10:04:10.7523464Z [36;1mgh workflow run inspector.yml \[0m
end-workflow	Trigger Inspector	2026-02-24T10:04:10.7523792Z [36;1m  --ref main \[0m
end-workflow	Trigger Inspector	2026-02-24T10:04:10.7524105Z [36;1m  -f kaos-workflow-id="22345892614" \[0m
end-workflow	Trigger Inspector	2026-02-24T10:04:10.7524470Z [36;1m  -f kaos-user-start="ka0score"[0m
end-workflow	Trigger Inspector	2026-02-24T10:04:10.7539002Z shell: /usr/bin/bash -e {0}
end-workflow	Trigger Inspector	2026-02-24T10:04:10.7539292Z env:
end-workflow	Trigger Inspector	2026-02-24T10:04:10.7539510Z   PYTHON_VERSION: 3.9
end-workflow	Trigger Inspector	2026-02-24T10:04:10.7540438Z   MONGO_SUPERUSER_CONNECTION: ***
end-workflow	Trigger Inspector	2026-02-24T10:04:10.7540903Z   MONGO_NEW_PASS: ***
end-workflow	Trigger Inspector	2026-02-24T10:04:10.7541294Z   MONGO_SCRIPT_CREATE: devops/core/mongo/scripts/mongodb_status_report.py
end-workflow	Trigger Inspector	2026-02-24T10:04:10.7542025Z   KAOS_CODE: 22345892614
end-workflow	Trigger Inspector	2026-02-24T10:04:10.7542290Z   REPORT_SCAN: audit/
end-workflow	Trigger Inspector	2026-02-24T10:04:10.7542552Z   REPORT_PATH: audit/mongodb/
end-workflow	Trigger Inspector	2026-02-24T10:04:10.7542834Z   REPORT_FILENAME: 22345892614.json
end-workflow	Trigger Inspector	2026-02-24T10:04:10.7543207Z   KAOS_MODULE: [Ka0s] Status MongDB Report
end-workflow	Trigger Inspector	2026-02-24T10:04:10.7543633Z   GH_TOKEN: ***
end-workflow	Trigger Inspector	2026-02-24T10:04:10.7543866Z ##[endgroup]
end-workflow	Trigger Inspector	2026-02-24T10:04:10.7585453Z üîç Triggering Inspector for Audit...
end-workflow	Trigger Inspector	2026-02-24T10:04:12.7070057Z https://github.com/Ka0s-Klaus/ka0s/actions/runs/22345980844
end-workflow	Post Checkout Repository	Ôªø2026-02-24T10:04:12.7413556Z Post job cleanup.
end-workflow	Post Checkout Repository	2026-02-24T10:04:12.8473951Z [command]/usr/bin/git version
end-workflow	Post Checkout Repository	2026-02-24T10:04:12.8516785Z git version 2.52.0
end-workflow	Post Checkout Repository	2026-02-24T10:04:12.8566085Z Temporarily overriding HOME='/home/runner/_work/_temp/7f59946b-fd34-4a09-816a-d8010077fa77' before making global git config changes
end-workflow	Post Checkout Repository	2026-02-24T10:04:12.8567045Z Adding repository directory to the temporary git global config as a safe directory
end-workflow	Post Checkout Repository	2026-02-24T10:04:12.8572404Z [command]/usr/bin/git config --global --add safe.directory /home/runner/_work/ka0s/ka0s
end-workflow	Post Checkout Repository	2026-02-24T10:04:12.8628725Z [command]/usr/bin/git config --local --name-only --get-regexp core\.sshCommand
end-workflow	Post Checkout Repository	2026-02-24T10:04:12.8677915Z [command]/usr/bin/git submodule foreach --recursive sh -c "git config --local --name-only --get-regexp 'core\.sshCommand' && git config --local --unset-all 'core.sshCommand' || :"
end-workflow	Post Checkout Repository	2026-02-24T10:04:12.9020011Z [command]/usr/bin/git config --local --name-only --get-regexp http\.https\:\/\/github\.com\/\.extraheader
end-workflow	Post Checkout Repository	2026-02-24T10:04:12.9050050Z http.https://github.com/.extraheader
end-workflow	Post Checkout Repository	2026-02-24T10:04:12.9062858Z [command]/usr/bin/git config --local --unset-all http.https://github.com/.extraheader
end-workflow	Post Checkout Repository	2026-02-24T10:04:12.9108622Z [command]/usr/bin/git submodule foreach --recursive sh -c "git config --local --name-only --get-regexp 'http\.https\:\/\/github\.com\/\.extraheader' && git config --local --unset-all 'http.https://github.com/.extraheader' || :"
end-workflow	Post Checkout Repository	2026-02-24T10:04:12.9436962Z [command]/usr/bin/git config --local --name-only --get-regexp ^includeIf\.gitdir:
end-workflow	Post Checkout Repository	2026-02-24T10:04:12.9478813Z [command]/usr/bin/git submodule foreach --recursive git config --local --show-origin --name-only --get-regexp remote.origin.url
end-workflow	Complete job	Ôªø2026-02-24T10:04:12.9955128Z Cleaning up orphan processes
