audit-cluster	Set up job	ï»¿2026-02-24T11:33:53.5719472Z Current runner version: '2.331.0'
audit-cluster	Set up job	2026-02-24T11:33:53.5728560Z Runner name: 'swarm-runners-scaleset-hkss5-runner-pl87r'
audit-cluster	Set up job	2026-02-24T11:33:53.5729696Z Runner group name: 'Default'
audit-cluster	Set up job	2026-02-24T11:33:53.5738156Z Machine name: 'swarm-runners-scaleset-hkss5-runner-pl87r'
audit-cluster	Set up job	2026-02-24T11:33:53.5753120Z ##[group]GITHUB_TOKEN Permissions
audit-cluster	Set up job	2026-02-24T11:33:53.5756434Z Actions: write
audit-cluster	Set up job	2026-02-24T11:33:53.5757264Z Contents: write
audit-cluster	Set up job	2026-02-24T11:33:53.5757957Z Issues: write
audit-cluster	Set up job	2026-02-24T11:33:53.5758787Z Metadata: read
audit-cluster	Set up job	2026-02-24T11:33:53.5759507Z ##[endgroup]
audit-cluster	Set up job	2026-02-24T11:33:53.5762229Z Secret source: Actions
audit-cluster	Set up job	2026-02-24T11:33:53.5763203Z Prepare workflow directory
audit-cluster	Set up job	2026-02-24T11:33:53.6916334Z Prepare all required actions
audit-cluster	Set up job	2026-02-24T11:33:53.6960494Z Getting action download info
audit-cluster	Set up job	2026-02-24T11:33:54.2149234Z Download action repository 'actions/checkout@v4' (SHA:34e114876b0b11c390a56381ad16ebd13914f8d5)
audit-cluster	Set up job	2026-02-24T11:33:55.2571222Z Complete job name: audit-cluster
audit-cluster	Checkout repository	ï»¿2026-02-24T11:33:55.3681152Z ##[group]Run actions/checkout@v4
audit-cluster	Checkout repository	2026-02-24T11:33:55.3682831Z with:
audit-cluster	Checkout repository	2026-02-24T11:33:55.3683435Z   repository: Ka0s-Klaus/ka0s
audit-cluster	Checkout repository	2026-02-24T11:33:55.3684412Z   token: ***
audit-cluster	Checkout repository	2026-02-24T11:33:55.3685133Z   ssh-strict: true
audit-cluster	Checkout repository	2026-02-24T11:33:55.3685698Z   ssh-user: git
audit-cluster	Checkout repository	2026-02-24T11:33:55.3686292Z   persist-credentials: true
audit-cluster	Checkout repository	2026-02-24T11:33:55.3686927Z   clean: true
audit-cluster	Checkout repository	2026-02-24T11:33:55.3687522Z   sparse-checkout-cone-mode: true
audit-cluster	Checkout repository	2026-02-24T11:33:55.3688213Z   fetch-depth: 1
audit-cluster	Checkout repository	2026-02-24T11:33:55.3688788Z   fetch-tags: false
audit-cluster	Checkout repository	2026-02-24T11:33:55.3689391Z   show-progress: true
audit-cluster	Checkout repository	2026-02-24T11:33:55.3689998Z   lfs: false
audit-cluster	Checkout repository	2026-02-24T11:33:55.3690552Z   submodules: false
audit-cluster	Checkout repository	2026-02-24T11:33:55.3691177Z   set-safe-directory: true
audit-cluster	Checkout repository	2026-02-24T11:33:55.3692745Z env:
audit-cluster	Checkout repository	2026-02-24T11:33:55.3693378Z   KAOS_MODULE: [Ka0s] Audit Cluster Status
audit-cluster	Checkout repository	2026-02-24T11:33:55.3694111Z   KAOS_CODE: 22349030667
audit-cluster	Checkout repository	2026-02-24T11:33:55.3715580Z ##[endgroup]
audit-cluster	Checkout repository	2026-02-24T11:33:55.6274783Z Syncing repository: Ka0s-Klaus/ka0s
audit-cluster	Checkout repository	2026-02-24T11:33:55.6277167Z ##[group]Getting Git version info
audit-cluster	Checkout repository	2026-02-24T11:33:55.6278135Z Working directory is '/home/runner/_work/ka0s/ka0s'
audit-cluster	Checkout repository	2026-02-24T11:33:55.6279339Z [command]/usr/bin/git version
audit-cluster	Checkout repository	2026-02-24T11:33:55.6279991Z git version 2.52.0
audit-cluster	Checkout repository	2026-02-24T11:33:55.6312842Z ##[endgroup]
audit-cluster	Checkout repository	2026-02-24T11:33:55.6344737Z Temporarily overriding HOME='/home/runner/_work/_temp/821d1d69-06ed-4b5b-bbb1-5890c98a2e38' before making global git config changes
audit-cluster	Checkout repository	2026-02-24T11:33:55.6346735Z Adding repository directory to the temporary git global config as a safe directory
audit-cluster	Checkout repository	2026-02-24T11:33:55.6348132Z [command]/usr/bin/git config --global --add safe.directory /home/runner/_work/ka0s/ka0s
audit-cluster	Checkout repository	2026-02-24T11:33:55.6413126Z Deleting the contents of '/home/runner/_work/ka0s/ka0s'
audit-cluster	Checkout repository	2026-02-24T11:33:55.6414983Z ##[group]Initializing the repository
audit-cluster	Checkout repository	2026-02-24T11:33:55.6480385Z [command]/usr/bin/git init /home/runner/_work/ka0s/ka0s
audit-cluster	Checkout repository	2026-02-24T11:33:55.6598016Z hint: Using 'master' as the name for the initial branch. This default branch name
audit-cluster	Checkout repository	2026-02-24T11:33:55.6607403Z hint: will change to "main" in Git 3.0. To configure the initial branch name
audit-cluster	Checkout repository	2026-02-24T11:33:55.6609507Z hint: to use in all of your new repositories, which will suppress this warning,
audit-cluster	Checkout repository	2026-02-24T11:33:55.6610655Z hint: call:
audit-cluster	Checkout repository	2026-02-24T11:33:55.6611325Z hint:
audit-cluster	Checkout repository	2026-02-24T11:33:55.6612335Z hint: 	git config --global init.defaultBranch <name>
audit-cluster	Checkout repository	2026-02-24T11:33:55.6614454Z hint:
audit-cluster	Checkout repository	2026-02-24T11:33:55.6615252Z hint: Names commonly chosen instead of 'master' are 'main', 'trunk' and
audit-cluster	Checkout repository	2026-02-24T11:33:55.6616439Z hint: 'development'. The just-created branch can be renamed via this command:
audit-cluster	Checkout repository	2026-02-24T11:33:55.6617378Z hint:
audit-cluster	Checkout repository	2026-02-24T11:33:55.6617964Z hint: 	git branch -m <name>
audit-cluster	Checkout repository	2026-02-24T11:33:55.6618604Z hint:
audit-cluster	Checkout repository	2026-02-24T11:33:55.6619410Z hint: Disable this message with "git config set advice.defaultBranchName false"
audit-cluster	Checkout repository	2026-02-24T11:33:55.6629880Z Initialized empty Git repository in /home/runner/_work/ka0s/ka0s/.git/
audit-cluster	Checkout repository	2026-02-24T11:33:55.6658292Z [command]/usr/bin/git remote add origin https://github.com/Ka0s-Klaus/ka0s
audit-cluster	Checkout repository	2026-02-24T11:33:55.6760814Z ##[endgroup]
audit-cluster	Checkout repository	2026-02-24T11:33:55.6765057Z ##[group]Disabling automatic garbage collection
audit-cluster	Checkout repository	2026-02-24T11:33:55.6776051Z [command]/usr/bin/git config --local gc.auto 0
audit-cluster	Checkout repository	2026-02-24T11:33:55.6886796Z ##[endgroup]
audit-cluster	Checkout repository	2026-02-24T11:33:55.6893418Z ##[group]Setting up auth
audit-cluster	Checkout repository	2026-02-24T11:33:55.6899049Z [command]/usr/bin/git config --local --name-only --get-regexp core\.sshCommand
audit-cluster	Checkout repository	2026-02-24T11:33:55.6999908Z [command]/usr/bin/git submodule foreach --recursive sh -c "git config --local --name-only --get-regexp 'core\.sshCommand' && git config --local --unset-all 'core.sshCommand' || :"
audit-cluster	Checkout repository	2026-02-24T11:33:55.7815924Z [command]/usr/bin/git config --local --name-only --get-regexp http\.https\:\/\/github\.com\/\.extraheader
audit-cluster	Checkout repository	2026-02-24T11:33:55.7935014Z [command]/usr/bin/git submodule foreach --recursive sh -c "git config --local --name-only --get-regexp 'http\.https\:\/\/github\.com\/\.extraheader' && git config --local --unset-all 'http.https://github.com/.extraheader' || :"
audit-cluster	Checkout repository	2026-02-24T11:33:55.8694136Z [command]/usr/bin/git config --local --name-only --get-regexp ^includeIf\.gitdir:
audit-cluster	Checkout repository	2026-02-24T11:33:55.8810104Z [command]/usr/bin/git submodule foreach --recursive git config --local --show-origin --name-only --get-regexp remote.origin.url
audit-cluster	Checkout repository	2026-02-24T11:33:55.9423101Z [command]/usr/bin/git config --local http.https://github.com/.extraheader AUTHORIZATION: basic ***
audit-cluster	Checkout repository	2026-02-24T11:33:55.9531580Z ##[endgroup]
audit-cluster	Checkout repository	2026-02-24T11:33:55.9535952Z ##[group]Fetching the repository
audit-cluster	Checkout repository	2026-02-24T11:33:55.9541457Z [command]/usr/bin/git -c protocol.version=2 fetch --no-tags --prune --no-recurse-submodules --depth=1 origin +51fe50fef513519065718305b2932f5272b3ce03:refs/remotes/origin/main
audit-cluster	Checkout repository	2026-02-24T11:33:59.0583205Z From https://github.com/Ka0s-Klaus/ka0s
audit-cluster	Checkout repository	2026-02-24T11:33:59.0585961Z  * [new ref]         51fe50fef513519065718305b2932f5272b3ce03 -> origin/main
audit-cluster	Checkout repository	2026-02-24T11:33:59.0643120Z ##[endgroup]
audit-cluster	Checkout repository	2026-02-24T11:33:59.0643775Z ##[group]Determining the checkout info
audit-cluster	Checkout repository	2026-02-24T11:33:59.0644402Z ##[endgroup]
audit-cluster	Checkout repository	2026-02-24T11:33:59.0646424Z [command]/usr/bin/git sparse-checkout disable
audit-cluster	Checkout repository	2026-02-24T11:33:59.0704609Z [command]/usr/bin/git config --local --unset-all extensions.worktreeConfig
audit-cluster	Checkout repository	2026-02-24T11:33:59.0765119Z ##[group]Checking out the ref
audit-cluster	Checkout repository	2026-02-24T11:33:59.0771561Z [command]/usr/bin/git checkout --progress --force -B main refs/remotes/origin/main
audit-cluster	Checkout repository	2026-02-24T11:33:59.3502418Z Switched to a new branch 'main'
audit-cluster	Checkout repository	2026-02-24T11:33:59.3503337Z branch 'main' set up to track 'origin/main'.
audit-cluster	Checkout repository	2026-02-24T11:33:59.3559354Z ##[endgroup]
audit-cluster	Checkout repository	2026-02-24T11:33:59.3606579Z [command]/usr/bin/git log -1 --format=%H
audit-cluster	Checkout repository	2026-02-24T11:33:59.3658007Z 51fe50fef513519065718305b2932f5272b3ce03
audit-cluster	Execute Cluster Audit (Status)	ï»¿2026-02-24T11:33:59.4357032Z Prepare all required actions
audit-cluster	Execute Cluster Audit (Status)	2026-02-24T11:33:59.4616453Z ##[group]Run ./.github/actions/ssh-exec
audit-cluster	Execute Cluster Audit (Status)	2026-02-24T11:33:59.4616844Z with:
audit-cluster	Execute Cluster Audit (Status)	2026-02-24T11:33:59.4617302Z   host: ***
audit-cluster	Execute Cluster Audit (Status)	2026-02-24T11:33:59.4617566Z   username: ***
audit-cluster	Execute Cluster Audit (Status)	2026-02-24T11:33:59.4619682Z   key: ***
audit-cluster	Execute Cluster Audit (Status)	2026-02-24T11:33:59.4619928Z   port: ***
audit-cluster	Execute Cluster Audit (Status)	2026-02-24T11:33:59.4620163Z   use-sudo: true
audit-cluster	Execute Cluster Audit (Status)	2026-02-24T11:33:59.4620435Z   pass: ***
audit-cluster	Execute Cluster Audit (Status)	2026-02-24T11:33:59.4620762Z   script-path: devops/core/k8s/audit-services-status.sh
audit-cluster	Execute Cluster Audit (Status)	2026-02-24T11:33:59.4621173Z   remote-results-path: /tmp/results
audit-cluster	Execute Cluster Audit (Status)	2026-02-24T11:33:59.4621502Z   local-results-path: audit/kube/
audit-cluster	Execute Cluster Audit (Status)	2026-02-24T11:33:59.4622316Z   remote-tmp-dir: /tmp
audit-cluster	Execute Cluster Audit (Status)	2026-02-24T11:33:59.4622830Z env:
audit-cluster	Execute Cluster Audit (Status)	2026-02-24T11:33:59.4623085Z   KAOS_MODULE: [Ka0s] Audit Cluster Status
audit-cluster	Execute Cluster Audit (Status)	2026-02-24T11:33:59.4623583Z   KAOS_CODE: 22349030667
audit-cluster	Execute Cluster Audit (Status)	2026-02-24T11:33:59.4623888Z ##[endgroup]
audit-cluster	Execute Cluster Audit (Status)	2026-02-24T11:33:59.4768811Z ##[group]Run echo "***
audit-cluster	Execute Cluster Audit (Status)	2026-02-24T11:33:59.4769320Z [36;1mecho "***[0m
audit-cluster	Execute Cluster Audit (Status)	2026-02-24T11:33:59.4769853Z [36;1m***[0m
audit-cluster	Execute Cluster Audit (Status)	2026-02-24T11:33:59.4770414Z [36;1m***[0m
audit-cluster	Execute Cluster Audit (Status)	2026-02-24T11:33:59.4770891Z [36;1m***[0m
audit-cluster	Execute Cluster Audit (Status)	2026-02-24T11:33:59.4771327Z [36;1m***[0m
audit-cluster	Execute Cluster Audit (Status)	2026-02-24T11:33:59.4772021Z [36;1m***[0m
audit-cluster	Execute Cluster Audit (Status)	2026-02-24T11:33:59.4772433Z [36;1m***" > /home/runner/_work/_temp/ssh_key[0m
audit-cluster	Execute Cluster Audit (Status)	2026-02-24T11:33:59.4772833Z [36;1mchmod 600 /home/runner/_work/_temp/ssh_key[0m
audit-cluster	Execute Cluster Audit (Status)	2026-02-24T11:33:59.4791082Z shell: /usr/bin/bash --noprofile --norc -e -o pipefail {0}
audit-cluster	Execute Cluster Audit (Status)	2026-02-24T11:33:59.4792165Z env:
audit-cluster	Execute Cluster Audit (Status)	2026-02-24T11:33:59.4792542Z   KAOS_MODULE: [Ka0s] Audit Cluster Status
audit-cluster	Execute Cluster Audit (Status)	2026-02-24T11:33:59.4793149Z   KAOS_CODE: 22349030667
audit-cluster	Execute Cluster Audit (Status)	2026-02-24T11:33:59.4793421Z ##[endgroup]
audit-cluster	Execute Cluster Audit (Status)	2026-02-24T11:33:59.4968564Z ##[group]Run scp -o StrictHostKeyChecking=no -i /home/runner/_work/_temp/ssh_key -P *** devops/core/k8s/audit-services-status.sh ***@***:/tmp
audit-cluster	Execute Cluster Audit (Status)	2026-02-24T11:33:59.4969815Z [36;1mscp -o StrictHostKeyChecking=no -i /home/runner/_work/_temp/ssh_key -P *** devops/core/k8s/audit-services-status.sh ***@***:/tmp[0m
audit-cluster	Execute Cluster Audit (Status)	2026-02-24T11:33:59.4986689Z shell: /usr/bin/bash --noprofile --norc -e -o pipefail {0}
audit-cluster	Execute Cluster Audit (Status)	2026-02-24T11:33:59.4987128Z env:
audit-cluster	Execute Cluster Audit (Status)	2026-02-24T11:33:59.4987399Z   KAOS_MODULE: [Ka0s] Audit Cluster Status
audit-cluster	Execute Cluster Audit (Status)	2026-02-24T11:33:59.4987723Z   KAOS_CODE: 22349030667
audit-cluster	Execute Cluster Audit (Status)	2026-02-24T11:33:59.4987982Z ##[endgroup]
audit-cluster	Execute Cluster Audit (Status)	2026-02-24T11:33:59.7149127Z Warning: Permanently added '[***]:***' (ED25519) to the list of known hosts.
audit-cluster	Execute Cluster Audit (Status)	2026-02-24T11:34:00.2292275Z ##[group]Run REMOTE_SCRIPT_PATH="/tmp/$(basename devops/core/k8s/audit-services-status.sh)"
audit-cluster	Execute Cluster Audit (Status)	2026-02-24T11:34:00.2293386Z [36;1mREMOTE_SCRIPT_PATH="/tmp/$(basename devops/core/k8s/audit-services-status.sh)"[0m
audit-cluster	Execute Cluster Audit (Status)	2026-02-24T11:34:00.2294036Z [36;1mEXEC_COMMAND="chmod +x $REMOTE_SCRIPT_PATH && $REMOTE_SCRIPT_PATH "[0m
audit-cluster	Execute Cluster Audit (Status)	2026-02-24T11:34:00.2294498Z [36;1mif [[ "true" == "true" ]]; then[0m
audit-cluster	Execute Cluster Audit (Status)	2026-02-24T11:34:00.2294977Z [36;1m  SUDO_PREFIX="echo '***' | sudo -S"[0m
audit-cluster	Execute Cluster Audit (Status)	2026-02-24T11:34:00.2295410Z [36;1m  COMMAND_CHAIN="$SUDO_PREFIX bash -c '$EXEC_COMMAND'"[0m
audit-cluster	Execute Cluster Audit (Status)	2026-02-24T11:34:00.2295833Z [36;1m  if [[ "/tmp/results" != "" ]]; then[0m
audit-cluster	Execute Cluster Audit (Status)	2026-02-24T11:34:00.2296317Z [36;1m    COMMAND_CHAIN="$COMMAND_CHAIN && $SUDO_PREFIX chmod -R 777 /tmp/results"[0m
audit-cluster	Execute Cluster Audit (Status)	2026-02-24T11:34:00.2296790Z [36;1m  fi[0m
audit-cluster	Execute Cluster Audit (Status)	2026-02-24T11:34:00.2297465Z [36;1m  ssh -o StrictHostKeyChecking=no -i /home/runner/_work/_temp/ssh_key -p *** ***@*** "$COMMAND_CHAIN && rm $REMOTE_SCRIPT_PATH"[0m
audit-cluster	Execute Cluster Audit (Status)	2026-02-24T11:34:00.2298106Z [36;1melse[0m
audit-cluster	Execute Cluster Audit (Status)	2026-02-24T11:34:00.2298737Z [36;1m  ssh -o StrictHostKeyChecking=no -i /home/runner/_work/_temp/ssh_key -p *** ***@*** "$EXEC_COMMAND && rm $REMOTE_SCRIPT_PATH"[0m
audit-cluster	Execute Cluster Audit (Status)	2026-02-24T11:34:00.2299372Z [36;1mfi[0m
audit-cluster	Execute Cluster Audit (Status)	2026-02-24T11:34:00.2323921Z shell: /usr/bin/bash --noprofile --norc -e -o pipefail {0}
audit-cluster	Execute Cluster Audit (Status)	2026-02-24T11:34:00.2324395Z env:
audit-cluster	Execute Cluster Audit (Status)	2026-02-24T11:34:00.2324653Z   KAOS_MODULE: [Ka0s] Audit Cluster Status
audit-cluster	Execute Cluster Audit (Status)	2026-02-24T11:34:00.2324978Z   KAOS_CODE: 22349030667
audit-cluster	Execute Cluster Audit (Status)	2026-02-24T11:34:00.2325245Z ##[endgroup]
audit-cluster	Execute Cluster Audit (Status)	2026-02-24T11:34:00.7847181Z [INFO] Generando informes en /tmp/results
audit-cluster	Execute Cluster Audit (Status)	2026-02-24T11:34:01.4593028Z [INFO] Markdown generado: /tmp/results/cluster-report-20260224-113400.md
audit-cluster	Execute Cluster Audit (Status)	2026-02-24T11:34:02.4071964Z [INFO] HTML generado: /tmp/results/cluster-dashboard-20260224-113400.html
audit-cluster	Execute Cluster Audit (Status)	2026-02-24T11:34:02.5123668Z [SUCCESS] AuditorÃ­a completada.
audit-cluster	Execute Cluster Audit (Status)	2026-02-24T11:34:02.5343515Z [sudo] password for ***: 
audit-cluster	Execute Cluster Audit (Status)	2026-02-24T11:34:02.5443059Z ##[group]Run mkdir -p audit/kube/
audit-cluster	Execute Cluster Audit (Status)	2026-02-24T11:34:02.5443435Z [36;1mmkdir -p audit/kube/[0m
audit-cluster	Execute Cluster Audit (Status)	2026-02-24T11:34:02.5444179Z [36;1mscp -o StrictHostKeyChecking=no -r -i /home/runner/_work/_temp/ssh_key -P *** ***@***:/tmp/results/* audit/kube/[0m
audit-cluster	Execute Cluster Audit (Status)	2026-02-24T11:34:02.5444871Z [36;1mecho "path=audit/kube/" >> $GITHUB_OUTPUT[0m
audit-cluster	Execute Cluster Audit (Status)	2026-02-24T11:34:02.5456517Z shell: /usr/bin/bash --noprofile --norc -e -o pipefail {0}
audit-cluster	Execute Cluster Audit (Status)	2026-02-24T11:34:02.5456905Z env:
audit-cluster	Execute Cluster Audit (Status)	2026-02-24T11:34:02.5457161Z   KAOS_MODULE: [Ka0s] Audit Cluster Status
audit-cluster	Execute Cluster Audit (Status)	2026-02-24T11:34:02.5457485Z   KAOS_CODE: 22349030667
audit-cluster	Execute Cluster Audit (Status)	2026-02-24T11:34:02.5457744Z ##[endgroup]
audit-cluster	Commit Audit Reports	ï»¿2026-02-24T11:34:03.3578451Z ##[group]Run git config --global user.name "Ka0s Bot"
audit-cluster	Commit Audit Reports	2026-02-24T11:34:03.3578951Z [36;1mgit config --global user.name "Ka0s Bot"[0m
audit-cluster	Commit Audit Reports	2026-02-24T11:34:03.3579375Z [36;1mgit config --global user.email "bot@ka0s.io"[0m
audit-cluster	Commit Audit Reports	2026-02-24T11:34:03.3579819Z [36;1mgit pull --rebase origin main || git pull origin main[0m
audit-cluster	Commit Audit Reports	2026-02-24T11:34:03.3580552Z [36;1mgit add audit/kube/cluster-report-*.md audit/kube/cluster-report-*.json audit/kube/cluster-dashboard-*.html || true[0m
audit-cluster	Commit Audit Reports	2026-02-24T11:34:03.3581220Z [36;1mif ! git diff --staged --quiet; then[0m
audit-cluster	Commit Audit Reports	2026-02-24T11:34:03.3582043Z [36;1m  git commit -m "[Audit] Cluster status report $(date +'%Y-%m-%d %H:%M')"[0m
audit-cluster	Commit Audit Reports	2026-02-24T11:34:03.3582585Z [36;1m  git push || (git pull --rebase origin main && git push)[0m
audit-cluster	Commit Audit Reports	2026-02-24T11:34:03.3582973Z [36;1melse[0m
audit-cluster	Commit Audit Reports	2026-02-24T11:34:03.3583282Z [36;1m  echo "No new cluster status reports to commit."[0m
audit-cluster	Commit Audit Reports	2026-02-24T11:34:03.3583641Z [36;1mfi[0m
audit-cluster	Commit Audit Reports	2026-02-24T11:34:03.3596574Z shell: /usr/bin/bash -e {0}
audit-cluster	Commit Audit Reports	2026-02-24T11:34:03.3596881Z env:
audit-cluster	Commit Audit Reports	2026-02-24T11:34:03.3597192Z   KAOS_MODULE: [Ka0s] Audit Cluster Status
audit-cluster	Commit Audit Reports	2026-02-24T11:34:03.3597524Z   KAOS_CODE: 22349030667
audit-cluster	Commit Audit Reports	2026-02-24T11:34:03.3597785Z ##[endgroup]
audit-cluster	Commit Audit Reports	2026-02-24T11:34:04.2213864Z From https://github.com/Ka0s-Klaus/ka0s
audit-cluster	Commit Audit Reports	2026-02-24T11:34:04.2214322Z  * branch            main       -> FETCH_HEAD
audit-cluster	Commit Audit Reports	2026-02-24T11:34:04.2412154Z Already up to date.
audit-cluster	Commit Audit Reports	2026-02-24T11:34:04.2684034Z [main efe05b7] [Audit] Cluster status report 2026-02-24 11:34
audit-cluster	Commit Audit Reports	2026-02-24T11:34:04.2685104Z  3 files changed, 600 insertions(+)
audit-cluster	Commit Audit Reports	2026-02-24T11:34:04.2685808Z  create mode 100755 audit/kube/cluster-dashboard-20260224-113400.html
audit-cluster	Commit Audit Reports	2026-02-24T11:34:04.2686662Z  create mode 100755 audit/kube/cluster-report-20260224-113400.json
audit-cluster	Commit Audit Reports	2026-02-24T11:34:04.2687298Z  create mode 100755 audit/kube/cluster-report-20260224-113400.md
audit-cluster	Commit Audit Reports	2026-02-24T11:34:05.0770303Z To https://github.com/Ka0s-Klaus/ka0s
audit-cluster	Commit Audit Reports	2026-02-24T11:34:05.0770924Z    51fe50f..efe05b7  main -> main
audit-cluster	Post Checkout repository	ï»¿2026-02-24T11:34:05.1040182Z Post job cleanup.
audit-cluster	Post Checkout repository	2026-02-24T11:34:05.2502781Z [command]/usr/bin/git version
audit-cluster	Post Checkout repository	2026-02-24T11:34:05.2557768Z git version 2.52.0
audit-cluster	Post Checkout repository	2026-02-24T11:34:05.2638363Z Copying '/home/runner/.gitconfig' to '/home/runner/_work/_temp/aba8d5e2-3462-42b9-b36f-3443168ac385/.gitconfig'
audit-cluster	Post Checkout repository	2026-02-24T11:34:05.2653300Z Temporarily overriding HOME='/home/runner/_work/_temp/aba8d5e2-3462-42b9-b36f-3443168ac385' before making global git config changes
audit-cluster	Post Checkout repository	2026-02-24T11:34:05.2654404Z Adding repository directory to the temporary git global config as a safe directory
audit-cluster	Post Checkout repository	2026-02-24T11:34:05.2662744Z [command]/usr/bin/git config --global --add safe.directory /home/runner/_work/ka0s/ka0s
audit-cluster	Post Checkout repository	2026-02-24T11:34:05.2708632Z [command]/usr/bin/git config --local --name-only --get-regexp core\.sshCommand
audit-cluster	Post Checkout repository	2026-02-24T11:34:05.2775934Z [command]/usr/bin/git submodule foreach --recursive sh -c "git config --local --name-only --get-regexp 'core\.sshCommand' && git config --local --unset-all 'core.sshCommand' || :"
audit-cluster	Post Checkout repository	2026-02-24T11:34:05.3205829Z [command]/usr/bin/git config --local --name-only --get-regexp http\.https\:\/\/github\.com\/\.extraheader
audit-cluster	Post Checkout repository	2026-02-24T11:34:05.3215360Z http.https://github.com/.extraheader
audit-cluster	Post Checkout repository	2026-02-24T11:34:05.3229702Z [command]/usr/bin/git config --local --unset-all http.https://github.com/.extraheader
audit-cluster	Post Checkout repository	2026-02-24T11:34:05.3275494Z [command]/usr/bin/git submodule foreach --recursive sh -c "git config --local --name-only --get-regexp 'http\.https\:\/\/github\.com\/\.extraheader' && git config --local --unset-all 'http.https://github.com/.extraheader' || :"
audit-cluster	Post Checkout repository	2026-02-24T11:34:05.3650047Z [command]/usr/bin/git config --local --name-only --get-regexp ^includeIf\.gitdir:
audit-cluster	Post Checkout repository	2026-02-24T11:34:05.3721141Z [command]/usr/bin/git submodule foreach --recursive git config --local --show-origin --name-only --get-regexp remote.origin.url
audit-cluster	Complete job	ï»¿2026-02-24T11:34:05.4311204Z Cleaning up orphan processes
handle-success	Set up job	ï»¿2026-02-24T11:34:18.6939132Z Current runner version: '2.331.0'
handle-success	Set up job	2026-02-24T11:34:18.6949343Z Runner name: 'swarm-runners-scaleset-hkss5-runner-r7drc'
handle-success	Set up job	2026-02-24T11:34:18.6950426Z Runner group name: 'Default'
handle-success	Set up job	2026-02-24T11:34:18.6951520Z Machine name: 'swarm-runners-scaleset-hkss5-runner-r7drc'
handle-success	Set up job	2026-02-24T11:34:18.6957799Z ##[group]GITHUB_TOKEN Permissions
handle-success	Set up job	2026-02-24T11:34:18.6960733Z Actions: write
handle-success	Set up job	2026-02-24T11:34:18.6961466Z Contents: write
handle-success	Set up job	2026-02-24T11:34:18.6962247Z Issues: write
handle-success	Set up job	2026-02-24T11:34:18.6962812Z Metadata: read
handle-success	Set up job	2026-02-24T11:34:18.6963475Z ##[endgroup]
handle-success	Set up job	2026-02-24T11:34:18.6965847Z Secret source: Actions
handle-success	Set up job	2026-02-24T11:34:18.6966565Z Prepare workflow directory
handle-success	Set up job	2026-02-24T11:34:18.7552469Z Prepare all required actions
handle-success	Set up job	2026-02-24T11:34:18.7597164Z Getting action download info
handle-success	Set up job	2026-02-24T11:34:19.4002714Z Download action repository 'actions/checkout@v4' (SHA:34e114876b0b11c390a56381ad16ebd13914f8d5)
handle-success	Set up job	2026-02-24T11:34:20.3663885Z Complete job name: handle-success
handle-success	Checkout repository	ï»¿2026-02-24T11:34:20.4408987Z ##[group]Run actions/checkout@v4
handle-success	Checkout repository	2026-02-24T11:34:20.4409978Z with:
handle-success	Checkout repository	2026-02-24T11:34:20.4410376Z   fetch-depth: 0
handle-success	Checkout repository	2026-02-24T11:34:20.4410776Z   repository: Ka0s-Klaus/ka0s
handle-success	Checkout repository	2026-02-24T11:34:20.4411479Z   token: ***
handle-success	Checkout repository	2026-02-24T11:34:20.4412309Z   ssh-strict: true
handle-success	Checkout repository	2026-02-24T11:34:20.4412696Z   ssh-user: git
handle-success	Checkout repository	2026-02-24T11:34:20.4413089Z   persist-credentials: true
handle-success	Checkout repository	2026-02-24T11:34:20.4413526Z   clean: true
handle-success	Checkout repository	2026-02-24T11:34:20.4413929Z   sparse-checkout-cone-mode: true
handle-success	Checkout repository	2026-02-24T11:34:20.4414526Z   fetch-tags: false
handle-success	Checkout repository	2026-02-24T11:34:20.4414910Z   show-progress: true
handle-success	Checkout repository	2026-02-24T11:34:20.4415295Z   lfs: false
handle-success	Checkout repository	2026-02-24T11:34:20.4415655Z   submodules: false
handle-success	Checkout repository	2026-02-24T11:34:20.4416044Z   set-safe-directory: true
handle-success	Checkout repository	2026-02-24T11:34:20.4416728Z env:
handle-success	Checkout repository	2026-02-24T11:34:20.4417122Z   KAOS_MODULE: [Ka0s] Audit Cluster Status
handle-success	Checkout repository	2026-02-24T11:34:20.4417626Z   KAOS_CODE: 22349030667
handle-success	Checkout repository	2026-02-24T11:34:20.4418023Z ##[endgroup]
handle-success	Checkout repository	2026-02-24T11:34:20.5721576Z Syncing repository: Ka0s-Klaus/ka0s
handle-success	Checkout repository	2026-02-24T11:34:20.5724197Z ##[group]Getting Git version info
handle-success	Checkout repository	2026-02-24T11:34:20.5725029Z Working directory is '/home/runner/_work/ka0s/ka0s'
handle-success	Checkout repository	2026-02-24T11:34:20.5726482Z [command]/usr/bin/git version
handle-success	Checkout repository	2026-02-24T11:34:20.5749150Z git version 2.52.0
handle-success	Checkout repository	2026-02-24T11:34:20.5783678Z ##[endgroup]
handle-success	Checkout repository	2026-02-24T11:34:20.5799542Z Temporarily overriding HOME='/home/runner/_work/_temp/a559991d-984b-4b66-b077-25be40c91a57' before making global git config changes
handle-success	Checkout repository	2026-02-24T11:34:20.5801044Z Adding repository directory to the temporary git global config as a safe directory
handle-success	Checkout repository	2026-02-24T11:34:20.5806841Z [command]/usr/bin/git config --global --add safe.directory /home/runner/_work/ka0s/ka0s
handle-success	Checkout repository	2026-02-24T11:34:20.5865436Z Deleting the contents of '/home/runner/_work/ka0s/ka0s'
handle-success	Checkout repository	2026-02-24T11:34:20.5870851Z ##[group]Initializing the repository
handle-success	Checkout repository	2026-02-24T11:34:20.5889201Z [command]/usr/bin/git init /home/runner/_work/ka0s/ka0s
handle-success	Checkout repository	2026-02-24T11:34:20.5955918Z hint: Using 'master' as the name for the initial branch. This default branch name
handle-success	Checkout repository	2026-02-24T11:34:20.5959334Z hint: will change to "main" in Git 3.0. To configure the initial branch name
handle-success	Checkout repository	2026-02-24T11:34:20.5960314Z hint: to use in all of your new repositories, which will suppress this warning,
handle-success	Checkout repository	2026-02-24T11:34:20.5961007Z hint: call:
handle-success	Checkout repository	2026-02-24T11:34:20.5961356Z hint:
handle-success	Checkout repository	2026-02-24T11:34:20.5963588Z hint: 	git config --global init.defaultBranch <name>
handle-success	Checkout repository	2026-02-24T11:34:20.5964164Z hint:
handle-success	Checkout repository	2026-02-24T11:34:20.5964702Z hint: Names commonly chosen instead of 'master' are 'main', 'trunk' and
handle-success	Checkout repository	2026-02-24T11:34:20.5965580Z hint: 'development'. The just-created branch can be renamed via this command:
handle-success	Checkout repository	2026-02-24T11:34:20.5966266Z hint:
handle-success	Checkout repository	2026-02-24T11:34:20.5966639Z hint: 	git branch -m <name>
handle-success	Checkout repository	2026-02-24T11:34:20.5967071Z hint:
handle-success	Checkout repository	2026-02-24T11:34:20.5967662Z hint: Disable this message with "git config set advice.defaultBranchName false"
handle-success	Checkout repository	2026-02-24T11:34:20.5968575Z Initialized empty Git repository in /home/runner/_work/ka0s/ka0s/.git/
handle-success	Checkout repository	2026-02-24T11:34:20.5981036Z [command]/usr/bin/git remote add origin https://github.com/Ka0s-Klaus/ka0s
handle-success	Checkout repository	2026-02-24T11:34:20.6048417Z ##[endgroup]
handle-success	Checkout repository	2026-02-24T11:34:20.6049853Z ##[group]Disabling automatic garbage collection
handle-success	Checkout repository	2026-02-24T11:34:20.6053460Z [command]/usr/bin/git config --local gc.auto 0
handle-success	Checkout repository	2026-02-24T11:34:20.6098493Z ##[endgroup]
handle-success	Checkout repository	2026-02-24T11:34:20.6099264Z ##[group]Setting up auth
handle-success	Checkout repository	2026-02-24T11:34:20.6106203Z [command]/usr/bin/git config --local --name-only --get-regexp core\.sshCommand
handle-success	Checkout repository	2026-02-24T11:34:20.6153329Z [command]/usr/bin/git submodule foreach --recursive sh -c "git config --local --name-only --get-regexp 'core\.sshCommand' && git config --local --unset-all 'core.sshCommand' || :"
handle-success	Checkout repository	2026-02-24T11:34:20.6528234Z [command]/usr/bin/git config --local --name-only --get-regexp http\.https\:\/\/github\.com\/\.extraheader
handle-success	Checkout repository	2026-02-24T11:34:20.6716396Z [command]/usr/bin/git submodule foreach --recursive sh -c "git config --local --name-only --get-regexp 'http\.https\:\/\/github\.com\/\.extraheader' && git config --local --unset-all 'http.https://github.com/.extraheader' || :"
handle-success	Checkout repository	2026-02-24T11:34:20.7035924Z [command]/usr/bin/git config --local --name-only --get-regexp ^includeIf\.gitdir:
handle-success	Checkout repository	2026-02-24T11:34:20.7086470Z [command]/usr/bin/git submodule foreach --recursive git config --local --show-origin --name-only --get-regexp remote.origin.url
handle-success	Checkout repository	2026-02-24T11:34:20.7553499Z [command]/usr/bin/git config --local http.https://github.com/.extraheader AUTHORIZATION: basic ***
handle-success	Checkout repository	2026-02-24T11:34:20.7614278Z ##[endgroup]
handle-success	Checkout repository	2026-02-24T11:34:20.7615593Z ##[group]Fetching the repository
handle-success	Checkout repository	2026-02-24T11:34:20.7624179Z [command]/usr/bin/git -c protocol.version=2 fetch --prune --no-recurse-submodules origin +refs/heads/*:refs/remotes/origin/* +refs/tags/*:refs/tags/*
handle-success	Checkout repository	2026-02-24T11:34:53.3327186Z From https://github.com/Ka0s-Klaus/ka0s
handle-success	Checkout repository	2026-02-24T11:34:53.3336267Z  * [new branch]          F3450-modelo-operativo -> origin/F3450-modelo-operativo
handle-success	Checkout repository	2026-02-24T11:34:53.3344088Z  * [new branch]          H1276-modulo-observabilidad -> origin/H1276-modulo-observabilidad
handle-success	Checkout repository	2026-02-24T11:34:53.3344802Z  * [new branch]          H3596-deploy-itop      -> origin/H3596-deploy-itop
handle-success	Checkout repository	2026-02-24T11:34:53.3345633Z  * [new branch]          H4170-flujo-detallado-zabbix---github -> origin/H4170-flujo-detallado-zabbix---github
handle-success	Checkout repository	2026-02-24T11:34:53.3346416Z  * [new branch]          H4191-request-cambios  -> origin/H4191-request-cambios
handle-success	Checkout repository	2026-02-24T11:34:53.3347237Z  * [new branch]          H4200-request-recomendaciones-de-auditoria -> origin/H4200-request-recomendaciones-de-auditoria
handle-success	Checkout repository	2026-02-24T11:34:53.3348047Z  * [new branch]          main                   -> origin/main
handle-success	Checkout repository	2026-02-24T11:34:53.3348486Z  * [new tag]             0.0.0                  -> 0.0.0
handle-success	Checkout repository	2026-02-24T11:34:53.3348892Z  * [new tag]             0.0.1                  -> 0.0.1
handle-success	Checkout repository	2026-02-24T11:34:53.3349300Z  * [new tag]             0.0.10                 -> 0.0.10
handle-success	Checkout repository	2026-02-24T11:34:53.3349708Z  * [new tag]             0.0.100                -> 0.0.100
handle-success	Checkout repository	2026-02-24T11:34:53.3350127Z  * [new tag]             0.0.101                -> 0.0.101
handle-success	Checkout repository	2026-02-24T11:34:53.3350525Z  * [new tag]             0.0.102                -> 0.0.102
handle-success	Checkout repository	2026-02-24T11:34:53.3350967Z  * [new tag]             0.0.103                -> 0.0.103
handle-success	Checkout repository	2026-02-24T11:34:53.3351426Z  * [new tag]             0.0.104                -> 0.0.104
handle-success	Checkout repository	2026-02-24T11:34:53.3397632Z  * [new tag]             0.0.105                -> 0.0.105
handle-success	Checkout repository	2026-02-24T11:34:53.3398205Z  * [new tag]             0.0.106                -> 0.0.106
handle-success	Checkout repository	2026-02-24T11:34:53.3398624Z  * [new tag]             0.0.107                -> 0.0.107
handle-success	Checkout repository	2026-02-24T11:34:53.3399036Z  * [new tag]             0.0.108                -> 0.0.108
handle-success	Checkout repository	2026-02-24T11:34:53.3399430Z  * [new tag]             0.0.109                -> 0.0.109
handle-success	Checkout repository	2026-02-24T11:34:53.3399832Z  * [new tag]             0.0.11                 -> 0.0.11
handle-success	Checkout repository	2026-02-24T11:34:53.3400234Z  * [new tag]             0.0.110                -> 0.0.110
handle-success	Checkout repository	2026-02-24T11:34:53.3400788Z  * [new tag]             0.0.111                -> 0.0.111
handle-success	Checkout repository	2026-02-24T11:34:53.3401182Z  * [new tag]             0.0.112                -> 0.0.112
handle-success	Checkout repository	2026-02-24T11:34:53.3401579Z  * [new tag]             0.0.113                -> 0.0.113
handle-success	Checkout repository	2026-02-24T11:34:53.3427760Z  * [new tag]             0.0.114                -> 0.0.114
handle-success	Checkout repository	2026-02-24T11:34:53.3428201Z  * [new tag]             0.0.115                -> 0.0.115
handle-success	Checkout repository	2026-02-24T11:34:53.3428604Z  * [new tag]             0.0.116                -> 0.0.116
handle-success	Checkout repository	2026-02-24T11:34:53.3429104Z  * [new tag]             0.0.117                -> 0.0.117
handle-success	Checkout repository	2026-02-24T11:34:53.3429567Z  * [new tag]             0.0.118                -> 0.0.118
handle-success	Checkout repository	2026-02-24T11:34:53.3429962Z  * [new tag]             0.0.119                -> 0.0.119
handle-success	Checkout repository	2026-02-24T11:34:53.3430361Z  * [new tag]             0.0.12                 -> 0.0.12
handle-success	Checkout repository	2026-02-24T11:34:53.3430756Z  * [new tag]             0.0.120                -> 0.0.120
handle-success	Checkout repository	2026-02-24T11:34:53.3431153Z  * [new tag]             0.0.121                -> 0.0.121
handle-success	Checkout repository	2026-02-24T11:34:53.3431542Z  * [new tag]             0.0.122                -> 0.0.122
handle-success	Checkout repository	2026-02-24T11:34:53.3432006Z  * [new tag]             0.0.123                -> 0.0.123
handle-success	Checkout repository	2026-02-24T11:34:53.3432708Z  * [new tag]             0.0.124                -> 0.0.124
handle-success	Checkout repository	2026-02-24T11:34:53.3433121Z  * [new tag]             0.0.125                -> 0.0.125
handle-success	Checkout repository	2026-02-24T11:34:53.3433519Z  * [new tag]             0.0.126                -> 0.0.126
handle-success	Checkout repository	2026-02-24T11:34:53.3433926Z  * [new tag]             0.0.127                -> 0.0.127
handle-success	Checkout repository	2026-02-24T11:34:53.3434329Z  * [new tag]             0.0.128                -> 0.0.128
handle-success	Checkout repository	2026-02-24T11:34:53.3434725Z  * [new tag]             0.0.129                -> 0.0.129
handle-success	Checkout repository	2026-02-24T11:34:53.3435133Z  * [new tag]             0.0.13                 -> 0.0.13
handle-success	Checkout repository	2026-02-24T11:34:53.3435526Z  * [new tag]             0.0.130                -> 0.0.130
handle-success	Checkout repository	2026-02-24T11:34:53.3435935Z  * [new tag]             0.0.131                -> 0.0.131
handle-success	Checkout repository	2026-02-24T11:34:53.3436351Z  * [new tag]             0.0.132                -> 0.0.132
handle-success	Checkout repository	2026-02-24T11:34:53.3436745Z  * [new tag]             0.0.133                -> 0.0.133
handle-success	Checkout repository	2026-02-24T11:34:53.3437157Z  * [new tag]             0.0.134                -> 0.0.134
handle-success	Checkout repository	2026-02-24T11:34:53.3437577Z  * [new tag]             0.0.135                -> 0.0.135
handle-success	Checkout repository	2026-02-24T11:34:53.3438009Z  * [new tag]             0.0.136                -> 0.0.136
handle-success	Checkout repository	2026-02-24T11:34:53.3438410Z  * [new tag]             0.0.137                -> 0.0.137
handle-success	Checkout repository	2026-02-24T11:34:53.3438822Z  * [new tag]             0.0.138                -> 0.0.138
handle-success	Checkout repository	2026-02-24T11:34:53.3439221Z  * [new tag]             0.0.139                -> 0.0.139
handle-success	Checkout repository	2026-02-24T11:34:53.3439624Z  * [new tag]             0.0.14                 -> 0.0.14
handle-success	Checkout repository	2026-02-24T11:34:53.3440034Z  * [new tag]             0.0.140                -> 0.0.140
handle-success	Checkout repository	2026-02-24T11:34:53.3440434Z  * [new tag]             0.0.141                -> 0.0.141
handle-success	Checkout repository	2026-02-24T11:34:53.3440835Z  * [new tag]             0.0.142                -> 0.0.142
handle-success	Checkout repository	2026-02-24T11:34:53.3441230Z  * [new tag]             0.0.143                -> 0.0.143
handle-success	Checkout repository	2026-02-24T11:34:53.3465066Z  * [new tag]             0.0.144                -> 0.0.144
handle-success	Checkout repository	2026-02-24T11:34:53.3466033Z  * [new tag]             0.0.145                -> 0.0.145
handle-success	Checkout repository	2026-02-24T11:34:53.3466459Z  * [new tag]             0.0.146                -> 0.0.146
handle-success	Checkout repository	2026-02-24T11:34:53.3466858Z  * [new tag]             0.0.147                -> 0.0.147
handle-success	Checkout repository	2026-02-24T11:34:53.3467251Z  * [new tag]             0.0.148                -> 0.0.148
handle-success	Checkout repository	2026-02-24T11:34:53.3467651Z  * [new tag]             0.0.149                -> 0.0.149
handle-success	Checkout repository	2026-02-24T11:34:53.3468072Z  * [new tag]             0.0.15                 -> 0.0.15
handle-success	Checkout repository	2026-02-24T11:34:53.3468467Z  * [new tag]             0.0.150                -> 0.0.150
handle-success	Checkout repository	2026-02-24T11:34:53.3468860Z  * [new tag]             0.0.151                -> 0.0.151
handle-success	Checkout repository	2026-02-24T11:34:53.3469251Z  * [new tag]             0.0.152                -> 0.0.152
handle-success	Checkout repository	2026-02-24T11:34:53.3469660Z  * [new tag]             0.0.153                -> 0.0.153
handle-success	Checkout repository	2026-02-24T11:34:53.3470057Z  * [new tag]             0.0.154                -> 0.0.154
handle-success	Checkout repository	2026-02-24T11:34:53.3470445Z  * [new tag]             0.0.155                -> 0.0.155
handle-success	Checkout repository	2026-02-24T11:34:53.3470860Z  * [new tag]             0.0.156                -> 0.0.156
handle-success	Checkout repository	2026-02-24T11:34:53.3482517Z  * [new tag]             0.0.157                -> 0.0.157
handle-success	Checkout repository	2026-02-24T11:34:53.3482943Z  * [new tag]             0.0.158                -> 0.0.158
handle-success	Checkout repository	2026-02-24T11:34:53.3483333Z  * [new tag]             0.0.159                -> 0.0.159
handle-success	Checkout repository	2026-02-24T11:34:53.3483732Z  * [new tag]             0.0.16                 -> 0.0.16
handle-success	Checkout repository	2026-02-24T11:34:53.3484127Z  * [new tag]             0.0.160                -> 0.0.160
handle-success	Checkout repository	2026-02-24T11:34:53.3484524Z  * [new tag]             0.0.161                -> 0.0.161
handle-success	Checkout repository	2026-02-24T11:34:53.3484922Z  * [new tag]             0.0.162                -> 0.0.162
handle-success	Checkout repository	2026-02-24T11:34:53.3485491Z  * [new tag]             0.0.163                -> 0.0.163
handle-success	Checkout repository	2026-02-24T11:34:53.3485894Z  * [new tag]             0.0.164                -> 0.0.164
handle-success	Checkout repository	2026-02-24T11:34:53.3486296Z  * [new tag]             0.0.165                -> 0.0.165
handle-success	Checkout repository	2026-02-24T11:34:53.3486695Z  * [new tag]             0.0.166                -> 0.0.166
handle-success	Checkout repository	2026-02-24T11:34:53.3487499Z  * [new tag]             0.0.167                -> 0.0.167
handle-success	Checkout repository	2026-02-24T11:34:53.3487890Z  * [new tag]             0.0.168                -> 0.0.168
handle-success	Checkout repository	2026-02-24T11:34:53.3488291Z  * [new tag]             0.0.169                -> 0.0.169
handle-success	Checkout repository	2026-02-24T11:34:53.3488684Z  * [new tag]             0.0.17                 -> 0.0.17
handle-success	Checkout repository	2026-02-24T11:34:53.3489073Z  * [new tag]             0.0.170                -> 0.0.170
handle-success	Checkout repository	2026-02-24T11:34:53.3489469Z  * [new tag]             0.0.171                -> 0.0.171
handle-success	Checkout repository	2026-02-24T11:34:53.3496935Z  * [new tag]             0.0.172                -> 0.0.172
handle-success	Checkout repository	2026-02-24T11:34:53.3497385Z  * [new tag]             0.0.173                -> 0.0.173
handle-success	Checkout repository	2026-02-24T11:34:53.3497778Z  * [new tag]             0.0.174                -> 0.0.174
handle-success	Checkout repository	2026-02-24T11:34:53.3501317Z  * [new tag]             0.0.175                -> 0.0.175
handle-success	Checkout repository	2026-02-24T11:34:53.3852542Z  * [new tag]             0.0.176                -> 0.0.176
handle-success	Checkout repository	2026-02-24T11:34:53.3853665Z  * [new tag]             0.0.177                -> 0.0.177
handle-success	Checkout repository	2026-02-24T11:34:53.3854094Z  * [new tag]             0.0.178                -> 0.0.178
handle-success	Checkout repository	2026-02-24T11:34:53.3854485Z  * [new tag]             0.0.179                -> 0.0.179
handle-success	Checkout repository	2026-02-24T11:34:53.3854885Z  * [new tag]             0.0.18                 -> 0.0.18
handle-success	Checkout repository	2026-02-24T11:34:53.3855277Z  * [new tag]             0.0.19                 -> 0.0.19
handle-success	Checkout repository	2026-02-24T11:34:53.3855665Z  * [new tag]             0.0.2                  -> 0.0.2
handle-success	Checkout repository	2026-02-24T11:34:53.3856049Z  * [new tag]             0.0.20                 -> 0.0.20
handle-success	Checkout repository	2026-02-24T11:34:53.3856439Z  * [new tag]             0.0.21                 -> 0.0.21
handle-success	Checkout repository	2026-02-24T11:34:53.3856830Z  * [new tag]             0.0.22                 -> 0.0.22
handle-success	Checkout repository	2026-02-24T11:34:53.3857212Z  * [new tag]             0.0.23                 -> 0.0.23
handle-success	Checkout repository	2026-02-24T11:34:53.3857599Z  * [new tag]             0.0.24                 -> 0.0.24
handle-success	Checkout repository	2026-02-24T11:34:53.3857978Z  * [new tag]             0.0.25                 -> 0.0.25
handle-success	Checkout repository	2026-02-24T11:34:53.3858375Z  * [new tag]             0.0.26                 -> 0.0.26
handle-success	Checkout repository	2026-02-24T11:34:53.3858768Z  * [new tag]             0.0.27                 -> 0.0.27
handle-success	Checkout repository	2026-02-24T11:34:53.3859162Z  * [new tag]             0.0.28                 -> 0.0.28
handle-success	Checkout repository	2026-02-24T11:34:53.3859551Z  * [new tag]             0.0.29                 -> 0.0.29
handle-success	Checkout repository	2026-02-24T11:34:53.3859942Z  * [new tag]             0.0.3                  -> 0.0.3
handle-success	Checkout repository	2026-02-24T11:34:53.3860328Z  * [new tag]             0.0.30                 -> 0.0.30
handle-success	Checkout repository	2026-02-24T11:34:53.3860712Z  * [new tag]             0.0.31                 -> 0.0.31
handle-success	Checkout repository	2026-02-24T11:34:53.3861107Z  * [new tag]             0.0.32                 -> 0.0.32
handle-success	Checkout repository	2026-02-24T11:34:53.3861496Z  * [new tag]             0.0.33                 -> 0.0.33
handle-success	Checkout repository	2026-02-24T11:34:53.3947679Z  * [new tag]             0.0.34                 -> 0.0.34
handle-success	Checkout repository	2026-02-24T11:34:53.3948267Z  * [new tag]             0.0.35                 -> 0.0.35
handle-success	Checkout repository	2026-02-24T11:34:53.3948665Z  * [new tag]             0.0.36                 -> 0.0.36
handle-success	Checkout repository	2026-02-24T11:34:53.3949500Z  * [new tag]             0.0.37                 -> 0.0.37
handle-success	Checkout repository	2026-02-24T11:34:53.3949884Z  * [new tag]             0.0.38                 -> 0.0.38
handle-success	Checkout repository	2026-02-24T11:34:53.3950268Z  * [new tag]             0.0.39                 -> 0.0.39
handle-success	Checkout repository	2026-02-24T11:34:53.3950654Z  * [new tag]             0.0.4                  -> 0.0.4
handle-success	Checkout repository	2026-02-24T11:34:53.3951038Z  * [new tag]             0.0.40                 -> 0.0.40
handle-success	Checkout repository	2026-02-24T11:34:53.3951415Z  * [new tag]             0.0.41                 -> 0.0.41
handle-success	Checkout repository	2026-02-24T11:34:53.3955606Z  * [new tag]             0.0.42                 -> 0.0.42
handle-success	Checkout repository	2026-02-24T11:34:53.3956047Z  * [new tag]             0.0.43                 -> 0.0.43
handle-success	Checkout repository	2026-02-24T11:34:53.3956427Z  * [new tag]             0.0.44                 -> 0.0.44
handle-success	Checkout repository	2026-02-24T11:34:53.3956805Z  * [new tag]             0.0.45                 -> 0.0.45
handle-success	Checkout repository	2026-02-24T11:34:53.3957180Z  * [new tag]             0.0.46                 -> 0.0.46
handle-success	Checkout repository	2026-02-24T11:34:53.3957569Z  * [new tag]             0.0.47                 -> 0.0.47
handle-success	Checkout repository	2026-02-24T11:34:53.3958316Z  * [new tag]             0.0.48                 -> 0.0.48
handle-success	Checkout repository	2026-02-24T11:34:53.3958704Z  * [new tag]             0.0.49                 -> 0.0.49
handle-success	Checkout repository	2026-02-24T11:34:53.3959088Z  * [new tag]             0.0.5                  -> 0.0.5
handle-success	Checkout repository	2026-02-24T11:34:53.3959468Z  * [new tag]             0.0.50                 -> 0.0.50
handle-success	Checkout repository	2026-02-24T11:34:53.3959847Z  * [new tag]             0.0.51                 -> 0.0.51
handle-success	Checkout repository	2026-02-24T11:34:53.3960221Z  * [new tag]             0.0.52                 -> 0.0.52
handle-success	Checkout repository	2026-02-24T11:34:53.3960603Z  * [new tag]             0.0.53                 -> 0.0.53
handle-success	Checkout repository	2026-02-24T11:34:53.3960981Z  * [new tag]             0.0.54                 -> 0.0.54
handle-success	Checkout repository	2026-02-24T11:34:53.3961359Z  * [new tag]             0.0.55                 -> 0.0.55
handle-success	Checkout repository	2026-02-24T11:34:53.3982595Z  * [new tag]             0.0.56                 -> 0.0.56
handle-success	Checkout repository	2026-02-24T11:34:53.3983165Z  * [new tag]             0.0.57                 -> 0.0.57
handle-success	Checkout repository	2026-02-24T11:34:53.3983563Z  * [new tag]             0.0.58                 -> 0.0.58
handle-success	Checkout repository	2026-02-24T11:34:53.3984025Z  * [new tag]             0.0.59                 -> 0.0.59
handle-success	Checkout repository	2026-02-24T11:34:53.3984420Z  * [new tag]             0.0.6                  -> 0.0.6
handle-success	Checkout repository	2026-02-24T11:34:53.3984806Z  * [new tag]             0.0.60                 -> 0.0.60
handle-success	Checkout repository	2026-02-24T11:34:53.3985206Z  * [new tag]             0.0.61                 -> 0.0.61
handle-success	Checkout repository	2026-02-24T11:34:53.3985604Z  * [new tag]             0.0.62                 -> 0.0.62
handle-success	Checkout repository	2026-02-24T11:34:53.3985998Z  * [new tag]             0.0.63                 -> 0.0.63
handle-success	Checkout repository	2026-02-24T11:34:53.3986403Z  * [new tag]             0.0.64                 -> 0.0.64
handle-success	Checkout repository	2026-02-24T11:34:53.3986797Z  * [new tag]             0.0.65                 -> 0.0.65
handle-success	Checkout repository	2026-02-24T11:34:53.3987198Z  * [new tag]             0.0.66                 -> 0.0.66
handle-success	Checkout repository	2026-02-24T11:34:53.3987592Z  * [new tag]             0.0.67                 -> 0.0.67
handle-success	Checkout repository	2026-02-24T11:34:53.3987993Z  * [new tag]             0.0.68                 -> 0.0.68
handle-success	Checkout repository	2026-02-24T11:34:53.3988404Z  * [new tag]             0.0.69                 -> 0.0.69
handle-success	Checkout repository	2026-02-24T11:34:53.3988820Z  * [new tag]             0.0.7                  -> 0.0.7
handle-success	Checkout repository	2026-02-24T11:34:53.3989228Z  * [new tag]             0.0.70                 -> 0.0.70
handle-success	Checkout repository	2026-02-24T11:34:53.3989629Z  * [new tag]             0.0.71                 -> 0.0.71
handle-success	Checkout repository	2026-02-24T11:34:53.3990029Z  * [new tag]             0.0.72                 -> 0.0.72
handle-success	Checkout repository	2026-02-24T11:34:53.3990428Z  * [new tag]             0.0.73                 -> 0.0.73
handle-success	Checkout repository	2026-02-24T11:34:53.3990827Z  * [new tag]             0.0.74                 -> 0.0.74
handle-success	Checkout repository	2026-02-24T11:34:53.3991229Z  * [new tag]             0.0.75                 -> 0.0.75
handle-success	Checkout repository	2026-02-24T11:34:53.3996419Z  * [new tag]             0.0.76                 -> 0.0.76
handle-success	Checkout repository	2026-02-24T11:34:53.3997042Z  * [new tag]             0.0.77                 -> 0.0.77
handle-success	Checkout repository	2026-02-24T11:34:53.3997442Z  * [new tag]             0.0.78                 -> 0.0.78
handle-success	Checkout repository	2026-02-24T11:34:53.3997835Z  * [new tag]             0.0.79                 -> 0.0.79
handle-success	Checkout repository	2026-02-24T11:34:53.3998262Z  * [new tag]             0.0.8                  -> 0.0.8
handle-success	Checkout repository	2026-02-24T11:34:53.3999037Z  * [new tag]             0.0.80                 -> 0.0.80
handle-success	Checkout repository	2026-02-24T11:34:53.3999432Z  * [new tag]             0.0.81                 -> 0.0.81
handle-success	Checkout repository	2026-02-24T11:34:53.3999828Z  * [new tag]             0.0.82                 -> 0.0.82
handle-success	Checkout repository	2026-02-24T11:34:53.4000216Z  * [new tag]             0.0.83                 -> 0.0.83
handle-success	Checkout repository	2026-02-24T11:34:53.4000603Z  * [new tag]             0.0.84                 -> 0.0.84
handle-success	Checkout repository	2026-02-24T11:34:53.4000990Z  * [new tag]             0.0.85                 -> 0.0.85
handle-success	Checkout repository	2026-02-24T11:34:53.4001374Z  * [new tag]             0.0.86                 -> 0.0.86
handle-success	Checkout repository	2026-02-24T11:34:53.4001948Z  * [new tag]             0.0.87                 -> 0.0.87
handle-success	Checkout repository	2026-02-24T11:34:53.4002346Z  * [new tag]             0.0.88                 -> 0.0.88
handle-success	Checkout repository	2026-02-24T11:34:53.4002736Z  * [new tag]             0.0.89                 -> 0.0.89
handle-success	Checkout repository	2026-02-24T11:34:53.4003129Z  * [new tag]             0.0.9                  -> 0.0.9
handle-success	Checkout repository	2026-02-24T11:34:53.4004073Z  * [new tag]             0.0.90                 -> 0.0.90
handle-success	Checkout repository	2026-02-24T11:34:53.4004476Z  * [new tag]             0.0.91                 -> 0.0.91
handle-success	Checkout repository	2026-02-24T11:34:53.4004862Z  * [new tag]             0.0.92                 -> 0.0.92
handle-success	Checkout repository	2026-02-24T11:34:53.4005251Z  * [new tag]             0.0.93                 -> 0.0.93
handle-success	Checkout repository	2026-02-24T11:34:53.4005632Z  * [new tag]             0.0.94                 -> 0.0.94
handle-success	Checkout repository	2026-02-24T11:34:53.4006017Z  * [new tag]             0.0.95                 -> 0.0.95
handle-success	Checkout repository	2026-02-24T11:34:53.4006404Z  * [new tag]             0.0.96                 -> 0.0.96
handle-success	Checkout repository	2026-02-24T11:34:53.4006786Z  * [new tag]             0.0.97                 -> 0.0.97
handle-success	Checkout repository	2026-02-24T11:34:53.4007176Z  * [new tag]             0.0.98                 -> 0.0.98
handle-success	Checkout repository	2026-02-24T11:34:53.4007561Z  * [new tag]             0.0.99                 -> 0.0.99
handle-success	Checkout repository	2026-02-24T11:34:53.4007953Z  * [new tag]             0.1.0                  -> 0.1.0
handle-success	Checkout repository	2026-02-24T11:34:53.4008350Z  * [new tag]             0.1.1                  -> 0.1.1
handle-success	Checkout repository	2026-02-24T11:34:53.4008788Z  * [new tag]             0.2.0                  -> 0.2.0
handle-success	Checkout repository	2026-02-24T11:34:53.4009186Z  * [new tag]             0.3.0                  -> 0.3.0
handle-success	Checkout repository	2026-02-24T11:34:53.4009576Z  * [new tag]             0.3.1                  -> 0.3.1
handle-success	Checkout repository	2026-02-24T11:34:53.4009969Z  * [new tag]             0.3.10                 -> 0.3.10
handle-success	Checkout repository	2026-02-24T11:34:53.4010363Z  * [new tag]             0.3.11                 -> 0.3.11
handle-success	Checkout repository	2026-02-24T11:34:53.4010751Z  * [new tag]             0.3.12                 -> 0.3.12
handle-success	Checkout repository	2026-02-24T11:34:53.4011134Z  * [new tag]             0.3.13                 -> 0.3.13
handle-success	Checkout repository	2026-02-24T11:34:53.4016802Z  * [new tag]             0.3.14                 -> 0.3.14
handle-success	Checkout repository	2026-02-24T11:34:53.4017331Z  * [new tag]             0.3.15                 -> 0.3.15
handle-success	Checkout repository	2026-02-24T11:34:53.4017737Z  * [new tag]             0.3.16                 -> 0.3.16
handle-success	Checkout repository	2026-02-24T11:34:53.4018131Z  * [new tag]             0.3.17                 -> 0.3.17
handle-success	Checkout repository	2026-02-24T11:34:53.4018545Z  * [new tag]             0.3.2                  -> 0.3.2
handle-success	Checkout repository	2026-02-24T11:34:53.4018952Z  * [new tag]             0.3.3                  -> 0.3.3
handle-success	Checkout repository	2026-02-24T11:34:53.4019347Z  * [new tag]             0.3.4                  -> 0.3.4
handle-success	Checkout repository	2026-02-24T11:34:53.4019731Z  * [new tag]             0.3.5                  -> 0.3.5
handle-success	Checkout repository	2026-02-24T11:34:53.4020118Z  * [new tag]             0.3.6                  -> 0.3.6
handle-success	Checkout repository	2026-02-24T11:34:53.4020500Z  * [new tag]             0.3.7                  -> 0.3.7
handle-success	Checkout repository	2026-02-24T11:34:53.4020888Z  * [new tag]             0.3.8                  -> 0.3.8
handle-success	Checkout repository	2026-02-24T11:34:53.4021276Z  * [new tag]             0.3.9                  -> 0.3.9
handle-success	Checkout repository	2026-02-24T11:34:53.4021800Z  * [new tag]             0.4.0                  -> 0.4.0
handle-success	Checkout repository	2026-02-24T11:34:53.4022216Z  * [new tag]             0.4.1                  -> 0.4.1
handle-success	Checkout repository	2026-02-24T11:34:53.4022606Z  * [new tag]             0.4.2                  -> 0.4.2
handle-success	Checkout repository	2026-02-24T11:34:53.4023001Z  * [new tag]             0.4.3                  -> 0.4.3
handle-success	Checkout repository	2026-02-24T11:34:53.4023396Z  * [new tag]             0.4.4                  -> 0.4.4
handle-success	Checkout repository	2026-02-24T11:34:53.4024100Z  * [new tag]             0.4.5                  -> 0.4.5
handle-success	Checkout repository	2026-02-24T11:34:53.4024489Z  * [new tag]             0.4.6                  -> 0.4.6
handle-success	Checkout repository	2026-02-24T11:34:53.4024873Z  * [new tag]             0.4.7                  -> 0.4.7
handle-success	Checkout repository	2026-02-24T11:34:53.4025251Z  * [new tag]             0.4.8                  -> 0.4.8
handle-success	Checkout repository	2026-02-24T11:34:53.4025635Z  * [new tag]             0.4.9                  -> 0.4.9
handle-success	Checkout repository	2026-02-24T11:34:53.4026021Z  * [new tag]             0.5.0                  -> 0.5.0
handle-success	Checkout repository	2026-02-24T11:34:53.4026403Z  * [new tag]             0.5.1                  -> 0.5.1
handle-success	Checkout repository	2026-02-24T11:34:53.4026795Z  * [new tag]             0.5.2                  -> 0.5.2
handle-success	Checkout repository	2026-02-24T11:34:53.4027178Z  * [new tag]             0.6.0                  -> 0.6.0
handle-success	Checkout repository	2026-02-24T11:34:53.4027567Z  * [new tag]             0.6.1                  -> 0.6.1
handle-success	Checkout repository	2026-02-24T11:34:53.4027948Z  * [new tag]             0.6.2                  -> 0.6.2
handle-success	Checkout repository	2026-02-24T11:34:53.4028582Z  * [new tag]             0.6.3                  -> 0.6.3
handle-success	Checkout repository	2026-02-24T11:34:53.4028982Z  * [new tag]             0.6.4                  -> 0.6.4
handle-success	Checkout repository	2026-02-24T11:34:53.4029368Z  * [new tag]             0.6.5                  -> 0.6.5
handle-success	Checkout repository	2026-02-24T11:34:53.4029758Z  * [new tag]             0.6.6                  -> 0.6.6
handle-success	Checkout repository	2026-02-24T11:34:53.4031043Z [command]/usr/bin/git branch --list --remote origin/main
handle-success	Checkout repository	2026-02-24T11:34:53.4059541Z   origin/main
handle-success	Checkout repository	2026-02-24T11:34:53.4075655Z [command]/usr/bin/git rev-parse refs/remotes/origin/main
handle-success	Checkout repository	2026-02-24T11:34:53.4170827Z efe05b7178ab3924d611ee39dd38e204186f173c
handle-success	Checkout repository	2026-02-24T11:34:53.4184838Z [command]/usr/bin/git -c protocol.version=2 fetch --no-tags --prune --no-recurse-submodules origin +51fe50fef513519065718305b2932f5272b3ce03:refs/remotes/origin/main
handle-success	Checkout repository	2026-02-24T11:34:53.4395653Z From https://github.com/Ka0s-Klaus/ka0s
handle-success	Checkout repository	2026-02-24T11:34:53.4396888Z  + efe05b717...51fe50fef 51fe50fef513519065718305b2932f5272b3ce03 -> origin/main  (forced update)
handle-success	Checkout repository	2026-02-24T11:34:53.4440403Z ##[endgroup]
handle-success	Checkout repository	2026-02-24T11:34:53.4442951Z ##[group]Determining the checkout info
handle-success	Checkout repository	2026-02-24T11:34:53.4453893Z ##[endgroup]
handle-success	Checkout repository	2026-02-24T11:34:53.4472898Z [command]/usr/bin/git sparse-checkout disable
handle-success	Checkout repository	2026-02-24T11:34:53.4693811Z [command]/usr/bin/git config --local --unset-all extensions.worktreeConfig
handle-success	Checkout repository	2026-02-24T11:34:53.4804483Z ##[group]Checking out the ref
handle-success	Checkout repository	2026-02-24T11:34:53.4817731Z [command]/usr/bin/git checkout --progress --force -B main refs/remotes/origin/main
handle-success	Checkout repository	2026-02-24T11:34:53.7598381Z Switched to a new branch 'main'
handle-success	Checkout repository	2026-02-24T11:34:53.7602630Z branch 'main' set up to track 'origin/main'.
handle-success	Checkout repository	2026-02-24T11:34:53.7644184Z ##[endgroup]
handle-success	Checkout repository	2026-02-24T11:34:53.7702277Z [command]/usr/bin/git log -1 --format=%H
handle-success	Checkout repository	2026-02-24T11:34:53.7739258Z 51fe50fef513519065718305b2932f5272b3ce03
handle-success	Success notification	ï»¿2026-02-24T11:34:53.8022276Z ##[group]Run echo "Cluster status audit completed successfully for run 22349030667."
handle-success	Success notification	2026-02-24T11:34:53.8023168Z [36;1mecho "Cluster status audit completed successfully for run 22349030667."[0m
handle-success	Success notification	2026-02-24T11:34:53.8041455Z shell: /usr/bin/bash -e {0}
handle-success	Success notification	2026-02-24T11:34:53.8049011Z env:
handle-success	Success notification	2026-02-24T11:34:53.8049334Z   KAOS_MODULE: [Ka0s] Audit Cluster Status
handle-success	Success notification	2026-02-24T11:34:53.8049655Z   KAOS_CODE: 22349030667
handle-success	Success notification	2026-02-24T11:34:53.8050392Z   GH_TOKEN: ***
handle-success	Success notification	2026-02-24T11:34:53.8050642Z ##[endgroup]
handle-success	Success notification	2026-02-24T11:34:53.8280755Z Cluster status audit completed successfully for run 22349030667.
handle-success	Post Checkout repository	ï»¿2026-02-24T11:34:53.8740724Z Post job cleanup.
handle-success	Post Checkout repository	2026-02-24T11:34:53.9886755Z [command]/usr/bin/git version
handle-success	Post Checkout repository	2026-02-24T11:34:53.9938775Z git version 2.52.0
handle-success	Post Checkout repository	2026-02-24T11:34:53.9986628Z Temporarily overriding HOME='/home/runner/_work/_temp/24751df0-4447-48e8-9134-d68bb67b96cc' before making global git config changes
handle-success	Post Checkout repository	2026-02-24T11:34:54.0027436Z Adding repository directory to the temporary git global config as a safe directory
handle-success	Post Checkout repository	2026-02-24T11:34:54.0032934Z [command]/usr/bin/git config --global --add safe.directory /home/runner/_work/ka0s/ka0s
handle-success	Post Checkout repository	2026-02-24T11:34:54.0089995Z [command]/usr/bin/git config --local --name-only --get-regexp core\.sshCommand
handle-success	Post Checkout repository	2026-02-24T11:34:54.0144429Z [command]/usr/bin/git submodule foreach --recursive sh -c "git config --local --name-only --get-regexp 'core\.sshCommand' && git config --local --unset-all 'core.sshCommand' || :"
handle-success	Post Checkout repository	2026-02-24T11:34:54.0566022Z [command]/usr/bin/git config --local --name-only --get-regexp http\.https\:\/\/github\.com\/\.extraheader
handle-success	Post Checkout repository	2026-02-24T11:34:54.0600794Z http.https://github.com/.extraheader
handle-success	Post Checkout repository	2026-02-24T11:34:54.0625957Z [command]/usr/bin/git config --local --unset-all http.https://github.com/.extraheader
handle-success	Post Checkout repository	2026-02-24T11:34:54.0720078Z [command]/usr/bin/git submodule foreach --recursive sh -c "git config --local --name-only --get-regexp 'http\.https\:\/\/github\.com\/\.extraheader' && git config --local --unset-all 'http.https://github.com/.extraheader' || :"
handle-success	Post Checkout repository	2026-02-24T11:34:54.1302598Z [command]/usr/bin/git config --local --name-only --get-regexp ^includeIf\.gitdir:
handle-success	Post Checkout repository	2026-02-24T11:34:54.1368581Z [command]/usr/bin/git submodule foreach --recursive git config --local --show-origin --name-only --get-regexp remote.origin.url
handle-success	Complete job	ï»¿2026-02-24T11:34:54.1946299Z Cleaning up orphan processes
end-workflow	Set up job	ï»¿2026-02-24T11:35:06.8058326Z Current runner version: '2.331.0'
end-workflow	Set up job	2026-02-24T11:35:06.8068174Z Runner name: 'swarm-runners-scaleset-hkss5-runner-vkbxp'
end-workflow	Set up job	2026-02-24T11:35:06.8069465Z Runner group name: 'Default'
end-workflow	Set up job	2026-02-24T11:35:06.8070644Z Machine name: 'swarm-runners-scaleset-hkss5-runner-vkbxp'
end-workflow	Set up job	2026-02-24T11:35:06.8074879Z ##[group]GITHUB_TOKEN Permissions
end-workflow	Set up job	2026-02-24T11:35:06.8077641Z Actions: write
end-workflow	Set up job	2026-02-24T11:35:06.8078232Z Contents: write
end-workflow	Set up job	2026-02-24T11:35:06.8078906Z Issues: write
end-workflow	Set up job	2026-02-24T11:35:06.8079503Z Metadata: read
end-workflow	Set up job	2026-02-24T11:35:06.8080081Z ##[endgroup]
end-workflow	Set up job	2026-02-24T11:35:06.8082546Z Secret source: Actions
end-workflow	Set up job	2026-02-24T11:35:06.8083487Z Prepare workflow directory
end-workflow	Set up job	2026-02-24T11:35:06.8699591Z Prepare all required actions
end-workflow	Set up job	2026-02-24T11:35:06.8747823Z Getting action download info
end-workflow	Set up job	2026-02-24T11:35:07.4368356Z Download action repository 'actions/checkout@v4' (SHA:34e114876b0b11c390a56381ad16ebd13914f8d5)
end-workflow	Set up job	2026-02-24T11:35:08.3464512Z Complete job name: end-workflow
end-workflow	Checkout repository	ï»¿2026-02-24T11:35:08.4503231Z ##[group]Run actions/checkout@v4
end-workflow	Checkout repository	2026-02-24T11:35:08.4504481Z with:
end-workflow	Checkout repository	2026-02-24T11:35:08.4504882Z   fetch-depth: 0
end-workflow	Checkout repository	2026-02-24T11:35:08.4505298Z   repository: Ka0s-Klaus/ka0s
end-workflow	Checkout repository	2026-02-24T11:35:08.4506031Z   token: ***
end-workflow	Checkout repository	2026-02-24T11:35:08.4506408Z   ssh-strict: true
end-workflow	Checkout repository	2026-02-24T11:35:08.4506802Z   ssh-user: git
end-workflow	Checkout repository	2026-02-24T11:35:08.4507211Z   persist-credentials: true
end-workflow	Checkout repository	2026-02-24T11:35:08.4507658Z   clean: true
end-workflow	Checkout repository	2026-02-24T11:35:08.4508073Z   sparse-checkout-cone-mode: true
end-workflow	Checkout repository	2026-02-24T11:35:08.4508556Z   fetch-tags: false
end-workflow	Checkout repository	2026-02-24T11:35:08.4508958Z   show-progress: true
end-workflow	Checkout repository	2026-02-24T11:35:08.4509353Z   lfs: false
end-workflow	Checkout repository	2026-02-24T11:35:08.4509730Z   submodules: false
end-workflow	Checkout repository	2026-02-24T11:35:08.4510142Z   set-safe-directory: true
end-workflow	Checkout repository	2026-02-24T11:35:08.4510846Z env:
end-workflow	Checkout repository	2026-02-24T11:35:08.4511261Z   KAOS_MODULE: [Ka0s] Audit Cluster Status
end-workflow	Checkout repository	2026-02-24T11:35:08.4511968Z   KAOS_CODE: 22349030667
end-workflow	Checkout repository	2026-02-24T11:35:08.4512392Z ##[endgroup]
end-workflow	Checkout repository	2026-02-24T11:35:08.6302489Z Syncing repository: Ka0s-Klaus/ka0s
end-workflow	Checkout repository	2026-02-24T11:35:08.6304937Z ##[group]Getting Git version info
end-workflow	Checkout repository	2026-02-24T11:35:08.6305862Z Working directory is '/home/runner/_work/ka0s/ka0s'
end-workflow	Checkout repository	2026-02-24T11:35:08.6306896Z [command]/usr/bin/git version
end-workflow	Checkout repository	2026-02-24T11:35:08.6307375Z git version 2.52.0
end-workflow	Checkout repository	2026-02-24T11:35:08.6308902Z ##[endgroup]
end-workflow	Checkout repository	2026-02-24T11:35:08.6320770Z Temporarily overriding HOME='/home/runner/_work/_temp/c0416e81-1116-4270-a18a-a1dbb6cf15cd' before making global git config changes
end-workflow	Checkout repository	2026-02-24T11:35:08.6322758Z Adding repository directory to the temporary git global config as a safe directory
end-workflow	Checkout repository	2026-02-24T11:35:08.6324983Z [command]/usr/bin/git config --global --add safe.directory /home/runner/_work/ka0s/ka0s
end-workflow	Checkout repository	2026-02-24T11:35:08.6442296Z Deleting the contents of '/home/runner/_work/ka0s/ka0s'
end-workflow	Checkout repository	2026-02-24T11:35:08.6448699Z ##[group]Initializing the repository
end-workflow	Checkout repository	2026-02-24T11:35:08.6467500Z [command]/usr/bin/git init /home/runner/_work/ka0s/ka0s
end-workflow	Checkout repository	2026-02-24T11:35:08.6675625Z hint: Using 'master' as the name for the initial branch. This default branch name
end-workflow	Checkout repository	2026-02-24T11:35:08.6678514Z hint: will change to "main" in Git 3.0. To configure the initial branch name
end-workflow	Checkout repository	2026-02-24T11:35:08.6683469Z hint: to use in all of your new repositories, which will suppress this warning,
end-workflow	Checkout repository	2026-02-24T11:35:08.6684213Z hint: call:
end-workflow	Checkout repository	2026-02-24T11:35:08.6684573Z hint:
end-workflow	Checkout repository	2026-02-24T11:35:08.6685050Z hint: 	git config --global init.defaultBranch <name>
end-workflow	Checkout repository	2026-02-24T11:35:08.6685614Z hint:
end-workflow	Checkout repository	2026-02-24T11:35:08.6686162Z hint: Names commonly chosen instead of 'master' are 'main', 'trunk' and
end-workflow	Checkout repository	2026-02-24T11:35:08.6687060Z hint: 'development'. The just-created branch can be renamed via this command:
end-workflow	Checkout repository	2026-02-24T11:35:08.6687781Z hint:
end-workflow	Checkout repository	2026-02-24T11:35:08.6688157Z hint: 	git branch -m <name>
end-workflow	Checkout repository	2026-02-24T11:35:08.6688603Z hint:
end-workflow	Checkout repository	2026-02-24T11:35:08.6689188Z hint: Disable this message with "git config set advice.defaultBranchName false"
end-workflow	Checkout repository	2026-02-24T11:35:08.6690144Z Initialized empty Git repository in /home/runner/_work/ka0s/ka0s/.git/
end-workflow	Checkout repository	2026-02-24T11:35:08.6694734Z [command]/usr/bin/git remote add origin https://github.com/Ka0s-Klaus/ka0s
end-workflow	Checkout repository	2026-02-24T11:35:08.6768920Z ##[endgroup]
end-workflow	Checkout repository	2026-02-24T11:35:08.6770237Z ##[group]Disabling automatic garbage collection
end-workflow	Checkout repository	2026-02-24T11:35:08.6798809Z [command]/usr/bin/git config --local gc.auto 0
end-workflow	Checkout repository	2026-02-24T11:35:08.6836203Z ##[endgroup]
end-workflow	Checkout repository	2026-02-24T11:35:08.6836950Z ##[group]Setting up auth
end-workflow	Checkout repository	2026-02-24T11:35:08.6837669Z [command]/usr/bin/git config --local --name-only --get-regexp core\.sshCommand
end-workflow	Checkout repository	2026-02-24T11:35:08.6883733Z [command]/usr/bin/git submodule foreach --recursive sh -c "git config --local --name-only --get-regexp 'core\.sshCommand' && git config --local --unset-all 'core.sshCommand' || :"
end-workflow	Checkout repository	2026-02-24T11:35:08.7277237Z [command]/usr/bin/git config --local --name-only --get-regexp http\.https\:\/\/github\.com\/\.extraheader
end-workflow	Checkout repository	2026-02-24T11:35:08.7324664Z [command]/usr/bin/git submodule foreach --recursive sh -c "git config --local --name-only --get-regexp 'http\.https\:\/\/github\.com\/\.extraheader' && git config --local --unset-all 'http.https://github.com/.extraheader' || :"
end-workflow	Checkout repository	2026-02-24T11:35:08.7701059Z [command]/usr/bin/git config --local --name-only --get-regexp ^includeIf\.gitdir:
end-workflow	Checkout repository	2026-02-24T11:35:08.7788343Z [command]/usr/bin/git submodule foreach --recursive git config --local --show-origin --name-only --get-regexp remote.origin.url
end-workflow	Checkout repository	2026-02-24T11:35:08.8165291Z [command]/usr/bin/git config --local http.https://github.com/.extraheader AUTHORIZATION: basic ***
end-workflow	Checkout repository	2026-02-24T11:35:08.8218505Z ##[endgroup]
end-workflow	Checkout repository	2026-02-24T11:35:08.8219309Z ##[group]Fetching the repository
end-workflow	Checkout repository	2026-02-24T11:35:08.8240402Z [command]/usr/bin/git -c protocol.version=2 fetch --prune --no-recurse-submodules origin +refs/heads/*:refs/remotes/origin/* +refs/tags/*:refs/tags/*
end-workflow	Checkout repository	2026-02-24T11:35:31.3213486Z From https://github.com/Ka0s-Klaus/ka0s
end-workflow	Checkout repository	2026-02-24T11:35:31.3214222Z  * [new branch]          F3450-modelo-operativo -> origin/F3450-modelo-operativo
end-workflow	Checkout repository	2026-02-24T11:35:31.3222522Z  * [new branch]          H1276-modulo-observabilidad -> origin/H1276-modulo-observabilidad
end-workflow	Checkout repository	2026-02-24T11:35:31.3223464Z  * [new branch]          H3596-deploy-itop      -> origin/H3596-deploy-itop
end-workflow	Checkout repository	2026-02-24T11:35:31.3224269Z  * [new branch]          H4170-flujo-detallado-zabbix---github -> origin/H4170-flujo-detallado-zabbix---github
end-workflow	Checkout repository	2026-02-24T11:35:31.3224968Z  * [new branch]          H4191-request-cambios  -> origin/H4191-request-cambios
end-workflow	Checkout repository	2026-02-24T11:35:31.3225814Z  * [new branch]          H4200-request-recomendaciones-de-auditoria -> origin/H4200-request-recomendaciones-de-auditoria
end-workflow	Checkout repository	2026-02-24T11:35:31.3226481Z  * [new branch]          main                   -> origin/main
end-workflow	Checkout repository	2026-02-24T11:35:31.3226902Z  * [new tag]             0.0.0                  -> 0.0.0
end-workflow	Checkout repository	2026-02-24T11:35:31.3227331Z  * [new tag]             0.0.1                  -> 0.0.1
end-workflow	Checkout repository	2026-02-24T11:35:31.3227705Z  * [new tag]             0.0.10                 -> 0.0.10
end-workflow	Checkout repository	2026-02-24T11:35:31.3228086Z  * [new tag]             0.0.100                -> 0.0.100
end-workflow	Checkout repository	2026-02-24T11:35:31.3228466Z  * [new tag]             0.0.101                -> 0.0.101
end-workflow	Checkout repository	2026-02-24T11:35:31.3228840Z  * [new tag]             0.0.102                -> 0.0.102
end-workflow	Checkout repository	2026-02-24T11:35:31.3229264Z  * [new tag]             0.0.103                -> 0.0.103
end-workflow	Checkout repository	2026-02-24T11:35:31.3229693Z  * [new tag]             0.0.104                -> 0.0.104
end-workflow	Checkout repository	2026-02-24T11:35:31.3230062Z  * [new tag]             0.0.105                -> 0.0.105
end-workflow	Checkout repository	2026-02-24T11:35:31.3230598Z  * [new tag]             0.0.106                -> 0.0.106
end-workflow	Checkout repository	2026-02-24T11:35:31.3231020Z  * [new tag]             0.0.107                -> 0.0.107
end-workflow	Checkout repository	2026-02-24T11:35:31.3231441Z  * [new tag]             0.0.108                -> 0.0.108
end-workflow	Checkout repository	2026-02-24T11:35:31.3233038Z  * [new tag]             0.0.109                -> 0.0.109
end-workflow	Checkout repository	2026-02-24T11:35:31.3233738Z  * [new tag]             0.0.11                 -> 0.0.11
end-workflow	Checkout repository	2026-02-24T11:35:31.3234136Z  * [new tag]             0.0.110                -> 0.0.110
end-workflow	Checkout repository	2026-02-24T11:35:31.3234518Z  * [new tag]             0.0.111                -> 0.0.111
end-workflow	Checkout repository	2026-02-24T11:35:31.3234891Z  * [new tag]             0.0.112                -> 0.0.112
end-workflow	Checkout repository	2026-02-24T11:35:31.3235264Z  * [new tag]             0.0.113                -> 0.0.113
end-workflow	Checkout repository	2026-02-24T11:35:31.3236078Z  * [new tag]             0.0.114                -> 0.0.114
end-workflow	Checkout repository	2026-02-24T11:35:31.3236466Z  * [new tag]             0.0.115                -> 0.0.115
end-workflow	Checkout repository	2026-02-24T11:35:31.3236847Z  * [new tag]             0.0.116                -> 0.0.116
end-workflow	Checkout repository	2026-02-24T11:35:31.3237311Z  * [new tag]             0.0.117                -> 0.0.117
end-workflow	Checkout repository	2026-02-24T11:35:31.3237746Z  * [new tag]             0.0.118                -> 0.0.118
end-workflow	Checkout repository	2026-02-24T11:35:31.3238116Z  * [new tag]             0.0.119                -> 0.0.119
end-workflow	Checkout repository	2026-02-24T11:35:31.3238492Z  * [new tag]             0.0.12                 -> 0.0.12
end-workflow	Checkout repository	2026-02-24T11:35:31.3238866Z  * [new tag]             0.0.120                -> 0.0.120
end-workflow	Checkout repository	2026-02-24T11:35:31.3239237Z  * [new tag]             0.0.121                -> 0.0.121
end-workflow	Checkout repository	2026-02-24T11:35:31.3239611Z  * [new tag]             0.0.122                -> 0.0.122
end-workflow	Checkout repository	2026-02-24T11:35:31.3240080Z  * [new tag]             0.0.123                -> 0.0.123
end-workflow	Checkout repository	2026-02-24T11:35:31.3240745Z  * [new tag]             0.0.124                -> 0.0.124
end-workflow	Checkout repository	2026-02-24T11:35:31.3241153Z  * [new tag]             0.0.125                -> 0.0.125
end-workflow	Checkout repository	2026-02-24T11:35:31.3241524Z  * [new tag]             0.0.126                -> 0.0.126
end-workflow	Checkout repository	2026-02-24T11:35:31.3242075Z  * [new tag]             0.0.127                -> 0.0.127
end-workflow	Checkout repository	2026-02-24T11:35:31.3242455Z  * [new tag]             0.0.128                -> 0.0.128
end-workflow	Checkout repository	2026-02-24T11:35:31.3242843Z  * [new tag]             0.0.129                -> 0.0.129
end-workflow	Checkout repository	2026-02-24T11:35:31.3243664Z  * [new tag]             0.0.13                 -> 0.0.13
end-workflow	Checkout repository	2026-02-24T11:35:31.3244056Z  * [new tag]             0.0.130                -> 0.0.130
end-workflow	Checkout repository	2026-02-24T11:35:31.3244430Z  * [new tag]             0.0.131                -> 0.0.131
end-workflow	Checkout repository	2026-02-24T11:35:31.3244806Z  * [new tag]             0.0.132                -> 0.0.132
end-workflow	Checkout repository	2026-02-24T11:35:31.3245189Z  * [new tag]             0.0.133                -> 0.0.133
end-workflow	Checkout repository	2026-02-24T11:35:31.3245556Z  * [new tag]             0.0.134                -> 0.0.134
end-workflow	Checkout repository	2026-02-24T11:35:31.3245956Z  * [new tag]             0.0.135                -> 0.0.135
end-workflow	Checkout repository	2026-02-24T11:35:31.3246327Z  * [new tag]             0.0.136                -> 0.0.136
end-workflow	Checkout repository	2026-02-24T11:35:31.3246702Z  * [new tag]             0.0.137                -> 0.0.137
end-workflow	Checkout repository	2026-02-24T11:35:31.3247074Z  * [new tag]             0.0.138                -> 0.0.138
end-workflow	Checkout repository	2026-02-24T11:35:31.3247446Z  * [new tag]             0.0.139                -> 0.0.139
end-workflow	Checkout repository	2026-02-24T11:35:31.3247825Z  * [new tag]             0.0.14                 -> 0.0.14
end-workflow	Checkout repository	2026-02-24T11:35:31.3248196Z  * [new tag]             0.0.140                -> 0.0.140
end-workflow	Checkout repository	2026-02-24T11:35:31.3248580Z  * [new tag]             0.0.141                -> 0.0.141
end-workflow	Checkout repository	2026-02-24T11:35:31.3248949Z  * [new tag]             0.0.142                -> 0.0.142
end-workflow	Checkout repository	2026-02-24T11:35:31.3249386Z  * [new tag]             0.0.143                -> 0.0.143
end-workflow	Checkout repository	2026-02-24T11:35:31.3249764Z  * [new tag]             0.0.144                -> 0.0.144
end-workflow	Checkout repository	2026-02-24T11:35:31.3250151Z  * [new tag]             0.0.145                -> 0.0.145
end-workflow	Checkout repository	2026-02-24T11:35:31.3250545Z  * [new tag]             0.0.146                -> 0.0.146
end-workflow	Checkout repository	2026-02-24T11:35:31.3250930Z  * [new tag]             0.0.147                -> 0.0.147
end-workflow	Checkout repository	2026-02-24T11:35:31.3251311Z  * [new tag]             0.0.148                -> 0.0.148
end-workflow	Checkout repository	2026-02-24T11:35:31.3252053Z  * [new tag]             0.0.149                -> 0.0.149
end-workflow	Checkout repository	2026-02-24T11:35:31.3252485Z  * [new tag]             0.0.15                 -> 0.0.15
end-workflow	Checkout repository	2026-02-24T11:35:31.3252865Z  * [new tag]             0.0.150                -> 0.0.150
end-workflow	Checkout repository	2026-02-24T11:35:31.3253247Z  * [new tag]             0.0.151                -> 0.0.151
end-workflow	Checkout repository	2026-02-24T11:35:31.3253623Z  * [new tag]             0.0.152                -> 0.0.152
end-workflow	Checkout repository	2026-02-24T11:35:31.3254121Z  * [new tag]             0.0.153                -> 0.0.153
end-workflow	Checkout repository	2026-02-24T11:35:31.3254479Z  * [new tag]             0.0.154                -> 0.0.154
end-workflow	Checkout repository	2026-02-24T11:35:31.3254844Z  * [new tag]             0.0.155                -> 0.0.155
end-workflow	Checkout repository	2026-02-24T11:35:31.3255245Z  * [new tag]             0.0.156                -> 0.0.156
end-workflow	Checkout repository	2026-02-24T11:35:31.3261399Z  * [new tag]             0.0.157                -> 0.0.157
end-workflow	Checkout repository	2026-02-24T11:35:31.3262031Z  * [new tag]             0.0.158                -> 0.0.158
end-workflow	Checkout repository	2026-02-24T11:35:31.3262405Z  * [new tag]             0.0.159                -> 0.0.159
end-workflow	Checkout repository	2026-02-24T11:35:31.3262774Z  * [new tag]             0.0.16                 -> 0.0.16
end-workflow	Checkout repository	2026-02-24T11:35:31.3263133Z  * [new tag]             0.0.160                -> 0.0.160
end-workflow	Checkout repository	2026-02-24T11:35:31.3263496Z  * [new tag]             0.0.161                -> 0.0.161
end-workflow	Checkout repository	2026-02-24T11:35:31.3263854Z  * [new tag]             0.0.162                -> 0.0.162
end-workflow	Checkout repository	2026-02-24T11:35:31.3264218Z  * [new tag]             0.0.163                -> 0.0.163
end-workflow	Checkout repository	2026-02-24T11:35:31.3264703Z  * [new tag]             0.0.164                -> 0.0.164
end-workflow	Checkout repository	2026-02-24T11:35:31.3265186Z  * [new tag]             0.0.165                -> 0.0.165
end-workflow	Checkout repository	2026-02-24T11:35:31.3265543Z  * [new tag]             0.0.166                -> 0.0.166
end-workflow	Checkout repository	2026-02-24T11:35:31.3266150Z  * [new tag]             0.0.167                -> 0.0.167
end-workflow	Checkout repository	2026-02-24T11:35:31.3266512Z  * [new tag]             0.0.168                -> 0.0.168
end-workflow	Checkout repository	2026-02-24T11:35:31.3266914Z  * [new tag]             0.0.169                -> 0.0.169
end-workflow	Checkout repository	2026-02-24T11:35:31.3267283Z  * [new tag]             0.0.17                 -> 0.0.17
end-workflow	Checkout repository	2026-02-24T11:35:31.3267646Z  * [new tag]             0.0.170                -> 0.0.170
end-workflow	Checkout repository	2026-02-24T11:35:31.3268003Z  * [new tag]             0.0.171                -> 0.0.171
end-workflow	Checkout repository	2026-02-24T11:35:31.3344398Z  * [new tag]             0.0.172                -> 0.0.172
end-workflow	Checkout repository	2026-02-24T11:35:31.3345016Z  * [new tag]             0.0.173                -> 0.0.173
end-workflow	Checkout repository	2026-02-24T11:35:31.3345427Z  * [new tag]             0.0.174                -> 0.0.174
end-workflow	Checkout repository	2026-02-24T11:35:31.3345817Z  * [new tag]             0.0.175                -> 0.0.175
end-workflow	Checkout repository	2026-02-24T11:35:31.3346747Z  * [new tag]             0.0.176                -> 0.0.176
end-workflow	Checkout repository	2026-02-24T11:35:31.3347195Z  * [new tag]             0.0.177                -> 0.0.177
end-workflow	Checkout repository	2026-02-24T11:35:31.3347608Z  * [new tag]             0.0.178                -> 0.0.178
end-workflow	Checkout repository	2026-02-24T11:35:31.3347982Z  * [new tag]             0.0.179                -> 0.0.179
end-workflow	Checkout repository	2026-02-24T11:35:31.3348354Z  * [new tag]             0.0.18                 -> 0.0.18
end-workflow	Checkout repository	2026-02-24T11:35:31.3348737Z  * [new tag]             0.0.19                 -> 0.0.19
end-workflow	Checkout repository	2026-02-24T11:35:31.3349275Z  * [new tag]             0.0.2                  -> 0.0.2
end-workflow	Checkout repository	2026-02-24T11:35:31.3349649Z  * [new tag]             0.0.20                 -> 0.0.20
end-workflow	Checkout repository	2026-02-24T11:35:31.3350030Z  * [new tag]             0.0.21                 -> 0.0.21
end-workflow	Checkout repository	2026-02-24T11:35:31.3350404Z  * [new tag]             0.0.22                 -> 0.0.22
end-workflow	Checkout repository	2026-02-24T11:35:31.3350933Z  * [new tag]             0.0.23                 -> 0.0.23
end-workflow	Checkout repository	2026-02-24T11:35:31.3351312Z  * [new tag]             0.0.24                 -> 0.0.24
end-workflow	Checkout repository	2026-02-24T11:35:31.3352147Z  * [new tag]             0.0.25                 -> 0.0.25
end-workflow	Checkout repository	2026-02-24T11:35:31.3352542Z  * [new tag]             0.0.26                 -> 0.0.26
end-workflow	Checkout repository	2026-02-24T11:35:31.3352909Z  * [new tag]             0.0.27                 -> 0.0.27
end-workflow	Checkout repository	2026-02-24T11:35:31.3353273Z  * [new tag]             0.0.28                 -> 0.0.28
end-workflow	Checkout repository	2026-02-24T11:35:31.3353636Z  * [new tag]             0.0.29                 -> 0.0.29
end-workflow	Checkout repository	2026-02-24T11:35:31.3353989Z  * [new tag]             0.0.3                  -> 0.0.3
end-workflow	Checkout repository	2026-02-24T11:35:31.3354361Z  * [new tag]             0.0.30                 -> 0.0.30
end-workflow	Checkout repository	2026-02-24T11:35:31.3354724Z  * [new tag]             0.0.31                 -> 0.0.31
end-workflow	Checkout repository	2026-02-24T11:35:31.3355080Z  * [new tag]             0.0.32                 -> 0.0.32
end-workflow	Checkout repository	2026-02-24T11:35:31.3355441Z  * [new tag]             0.0.33                 -> 0.0.33
end-workflow	Checkout repository	2026-02-24T11:35:31.3355799Z  * [new tag]             0.0.34                 -> 0.0.34
end-workflow	Checkout repository	2026-02-24T11:35:31.3356187Z  * [new tag]             0.0.35                 -> 0.0.35
end-workflow	Checkout repository	2026-02-24T11:35:31.3356561Z  * [new tag]             0.0.36                 -> 0.0.36
end-workflow	Checkout repository	2026-02-24T11:35:31.3357288Z  * [new tag]             0.0.37                 -> 0.0.37
end-workflow	Checkout repository	2026-02-24T11:35:31.3357659Z  * [new tag]             0.0.38                 -> 0.0.38
end-workflow	Checkout repository	2026-02-24T11:35:31.3358015Z  * [new tag]             0.0.39                 -> 0.0.39
end-workflow	Checkout repository	2026-02-24T11:35:31.3358388Z  * [new tag]             0.0.4                  -> 0.0.4
end-workflow	Checkout repository	2026-02-24T11:35:31.3358751Z  * [new tag]             0.0.40                 -> 0.0.40
end-workflow	Checkout repository	2026-02-24T11:35:31.3359121Z  * [new tag]             0.0.41                 -> 0.0.41
end-workflow	Checkout repository	2026-02-24T11:35:31.3359481Z  * [new tag]             0.0.42                 -> 0.0.42
end-workflow	Checkout repository	2026-02-24T11:35:31.3359850Z  * [new tag]             0.0.43                 -> 0.0.43
end-workflow	Checkout repository	2026-02-24T11:35:31.3360216Z  * [new tag]             0.0.44                 -> 0.0.44
end-workflow	Checkout repository	2026-02-24T11:35:31.3360575Z  * [new tag]             0.0.45                 -> 0.0.45
end-workflow	Checkout repository	2026-02-24T11:35:31.3360942Z  * [new tag]             0.0.46                 -> 0.0.46
end-workflow	Checkout repository	2026-02-24T11:35:31.3361297Z  * [new tag]             0.0.47                 -> 0.0.47
end-workflow	Checkout repository	2026-02-24T11:35:31.3362299Z  * [new tag]             0.0.48                 -> 0.0.48
end-workflow	Checkout repository	2026-02-24T11:35:31.3362669Z  * [new tag]             0.0.49                 -> 0.0.49
end-workflow	Checkout repository	2026-02-24T11:35:31.3363034Z  * [new tag]             0.0.5                  -> 0.0.5
end-workflow	Checkout repository	2026-02-24T11:35:31.3363395Z  * [new tag]             0.0.50                 -> 0.0.50
end-workflow	Checkout repository	2026-02-24T11:35:31.3363755Z  * [new tag]             0.0.51                 -> 0.0.51
end-workflow	Checkout repository	2026-02-24T11:35:31.3364120Z  * [new tag]             0.0.52                 -> 0.0.52
end-workflow	Checkout repository	2026-02-24T11:35:31.3364479Z  * [new tag]             0.0.53                 -> 0.0.53
end-workflow	Checkout repository	2026-02-24T11:35:31.3364998Z  * [new tag]             0.0.54                 -> 0.0.54
end-workflow	Checkout repository	2026-02-24T11:35:31.3365485Z  * [new tag]             0.0.55                 -> 0.0.55
end-workflow	Checkout repository	2026-02-24T11:35:31.3365845Z  * [new tag]             0.0.56                 -> 0.0.56
end-workflow	Checkout repository	2026-02-24T11:35:31.3366215Z  * [new tag]             0.0.57                 -> 0.0.57
end-workflow	Checkout repository	2026-02-24T11:35:31.3366580Z  * [new tag]             0.0.58                 -> 0.0.58
end-workflow	Checkout repository	2026-02-24T11:35:31.3367118Z  * [new tag]             0.0.59                 -> 0.0.59
end-workflow	Checkout repository	2026-02-24T11:35:31.3367502Z  * [new tag]             0.0.6                  -> 0.0.6
end-workflow	Checkout repository	2026-02-24T11:35:31.3367884Z  * [new tag]             0.0.60                 -> 0.0.60
end-workflow	Checkout repository	2026-02-24T11:35:31.3368253Z  * [new tag]             0.0.61                 -> 0.0.61
end-workflow	Checkout repository	2026-02-24T11:35:31.3368747Z  * [new tag]             0.0.62                 -> 0.0.62
end-workflow	Checkout repository	2026-02-24T11:35:31.3369113Z  * [new tag]             0.0.63                 -> 0.0.63
end-workflow	Checkout repository	2026-02-24T11:35:31.3369466Z  * [new tag]             0.0.64                 -> 0.0.64
end-workflow	Checkout repository	2026-02-24T11:35:31.3369827Z  * [new tag]             0.0.65                 -> 0.0.65
end-workflow	Checkout repository	2026-02-24T11:35:31.3370182Z  * [new tag]             0.0.66                 -> 0.0.66
end-workflow	Checkout repository	2026-02-24T11:35:31.3370543Z  * [new tag]             0.0.67                 -> 0.0.67
end-workflow	Checkout repository	2026-02-24T11:35:31.3370897Z  * [new tag]             0.0.68                 -> 0.0.68
end-workflow	Checkout repository	2026-02-24T11:35:31.3371269Z  * [new tag]             0.0.69                 -> 0.0.69
end-workflow	Checkout repository	2026-02-24T11:35:31.3371835Z  * [new tag]             0.0.7                  -> 0.0.7
end-workflow	Checkout repository	2026-02-24T11:35:31.3372341Z  * [new tag]             0.0.70                 -> 0.0.70
end-workflow	Checkout repository	2026-02-24T11:35:31.3372709Z  * [new tag]             0.0.71                 -> 0.0.71
end-workflow	Checkout repository	2026-02-24T11:35:31.3373074Z  * [new tag]             0.0.72                 -> 0.0.72
end-workflow	Checkout repository	2026-02-24T11:35:31.3373443Z  * [new tag]             0.0.73                 -> 0.0.73
end-workflow	Checkout repository	2026-02-24T11:35:31.3373801Z  * [new tag]             0.0.74                 -> 0.0.74
end-workflow	Checkout repository	2026-02-24T11:35:31.3374160Z  * [new tag]             0.0.75                 -> 0.0.75
end-workflow	Checkout repository	2026-02-24T11:35:31.3374519Z  * [new tag]             0.0.76                 -> 0.0.76
end-workflow	Checkout repository	2026-02-24T11:35:31.3374881Z  * [new tag]             0.0.77                 -> 0.0.77
end-workflow	Checkout repository	2026-02-24T11:35:31.3375241Z  * [new tag]             0.0.78                 -> 0.0.78
end-workflow	Checkout repository	2026-02-24T11:35:31.3375740Z  * [new tag]             0.0.79                 -> 0.0.79
end-workflow	Checkout repository	2026-02-24T11:35:31.3376120Z  * [new tag]             0.0.8                  -> 0.0.8
end-workflow	Checkout repository	2026-02-24T11:35:31.3376753Z  * [new tag]             0.0.80                 -> 0.0.80
end-workflow	Checkout repository	2026-02-24T11:35:31.3377132Z  * [new tag]             0.0.81                 -> 0.0.81
end-workflow	Checkout repository	2026-02-24T11:35:31.3377630Z  * [new tag]             0.0.82                 -> 0.0.82
end-workflow	Checkout repository	2026-02-24T11:35:31.3378133Z  * [new tag]             0.0.83                 -> 0.0.83
end-workflow	Checkout repository	2026-02-24T11:35:31.3378507Z  * [new tag]             0.0.84                 -> 0.0.84
end-workflow	Checkout repository	2026-02-24T11:35:31.3378877Z  * [new tag]             0.0.85                 -> 0.0.85
end-workflow	Checkout repository	2026-02-24T11:35:31.3379249Z  * [new tag]             0.0.86                 -> 0.0.86
end-workflow	Checkout repository	2026-02-24T11:35:31.3379613Z  * [new tag]             0.0.87                 -> 0.0.87
end-workflow	Checkout repository	2026-02-24T11:35:31.3379988Z  * [new tag]             0.0.88                 -> 0.0.88
end-workflow	Checkout repository	2026-02-24T11:35:31.3380359Z  * [new tag]             0.0.89                 -> 0.0.89
end-workflow	Checkout repository	2026-02-24T11:35:31.3380737Z  * [new tag]             0.0.9                  -> 0.0.9
end-workflow	Checkout repository	2026-02-24T11:35:31.3381799Z  * [new tag]             0.0.90                 -> 0.0.90
end-workflow	Checkout repository	2026-02-24T11:35:31.3382180Z  * [new tag]             0.0.91                 -> 0.0.91
end-workflow	Checkout repository	2026-02-24T11:35:31.3382553Z  * [new tag]             0.0.92                 -> 0.0.92
end-workflow	Checkout repository	2026-02-24T11:35:31.3382918Z  * [new tag]             0.0.93                 -> 0.0.93
end-workflow	Checkout repository	2026-02-24T11:35:31.3383285Z  * [new tag]             0.0.94                 -> 0.0.94
end-workflow	Checkout repository	2026-02-24T11:35:31.3383648Z  * [new tag]             0.0.95                 -> 0.0.95
end-workflow	Checkout repository	2026-02-24T11:35:31.3384021Z  * [new tag]             0.0.96                 -> 0.0.96
end-workflow	Checkout repository	2026-02-24T11:35:31.3384389Z  * [new tag]             0.0.97                 -> 0.0.97
end-workflow	Checkout repository	2026-02-24T11:35:31.3384755Z  * [new tag]             0.0.98                 -> 0.0.98
end-workflow	Checkout repository	2026-02-24T11:35:31.3385128Z  * [new tag]             0.0.99                 -> 0.0.99
end-workflow	Checkout repository	2026-02-24T11:35:31.3385614Z  * [new tag]             0.1.0                  -> 0.1.0
end-workflow	Checkout repository	2026-02-24T11:35:31.3386296Z  * [new tag]             0.1.1                  -> 0.1.1
end-workflow	Checkout repository	2026-02-24T11:35:31.3386687Z  * [new tag]             0.2.0                  -> 0.2.0
end-workflow	Checkout repository	2026-02-24T11:35:31.3387185Z  * [new tag]             0.3.0                  -> 0.3.0
end-workflow	Checkout repository	2026-02-24T11:35:31.3387557Z  * [new tag]             0.3.1                  -> 0.3.1
end-workflow	Checkout repository	2026-02-24T11:35:31.3387947Z  * [new tag]             0.3.10                 -> 0.3.10
end-workflow	Checkout repository	2026-02-24T11:35:31.3388314Z  * [new tag]             0.3.11                 -> 0.3.11
end-workflow	Checkout repository	2026-02-24T11:35:31.3388683Z  * [new tag]             0.3.12                 -> 0.3.12
end-workflow	Checkout repository	2026-02-24T11:35:31.3389049Z  * [new tag]             0.3.13                 -> 0.3.13
end-workflow	Checkout repository	2026-02-24T11:35:31.3389419Z  * [new tag]             0.3.14                 -> 0.3.14
end-workflow	Checkout repository	2026-02-24T11:35:31.3389783Z  * [new tag]             0.3.15                 -> 0.3.15
end-workflow	Checkout repository	2026-02-24T11:35:31.3390154Z  * [new tag]             0.3.16                 -> 0.3.16
end-workflow	Checkout repository	2026-02-24T11:35:31.3390529Z  * [new tag]             0.3.17                 -> 0.3.17
end-workflow	Checkout repository	2026-02-24T11:35:31.3390903Z  * [new tag]             0.3.2                  -> 0.3.2
end-workflow	Checkout repository	2026-02-24T11:35:31.3391277Z  * [new tag]             0.3.3                  -> 0.3.3
end-workflow	Checkout repository	2026-02-24T11:35:31.3391763Z  * [new tag]             0.3.4                  -> 0.3.4
end-workflow	Checkout repository	2026-02-24T11:35:31.3392265Z  * [new tag]             0.3.5                  -> 0.3.5
end-workflow	Checkout repository	2026-02-24T11:35:31.3392618Z  * [new tag]             0.3.6                  -> 0.3.6
end-workflow	Checkout repository	2026-02-24T11:35:31.3392980Z  * [new tag]             0.3.7                  -> 0.3.7
end-workflow	Checkout repository	2026-02-24T11:35:31.3393338Z  * [new tag]             0.3.8                  -> 0.3.8
end-workflow	Checkout repository	2026-02-24T11:35:31.3393690Z  * [new tag]             0.3.9                  -> 0.3.9
end-workflow	Checkout repository	2026-02-24T11:35:31.3394048Z  * [new tag]             0.4.0                  -> 0.4.0
end-workflow	Checkout repository	2026-02-24T11:35:31.3394403Z  * [new tag]             0.4.1                  -> 0.4.1
end-workflow	Checkout repository	2026-02-24T11:35:31.3394760Z  * [new tag]             0.4.2                  -> 0.4.2
end-workflow	Checkout repository	2026-02-24T11:35:31.3395116Z  * [new tag]             0.4.3                  -> 0.4.3
end-workflow	Checkout repository	2026-02-24T11:35:31.3395479Z  * [new tag]             0.4.4                  -> 0.4.4
end-workflow	Checkout repository	2026-02-24T11:35:31.3396080Z  * [new tag]             0.4.5                  -> 0.4.5
end-workflow	Checkout repository	2026-02-24T11:35:31.3396439Z  * [new tag]             0.4.6                  -> 0.4.6
end-workflow	Checkout repository	2026-02-24T11:35:31.3396800Z  * [new tag]             0.4.7                  -> 0.4.7
end-workflow	Checkout repository	2026-02-24T11:35:31.3397152Z  * [new tag]             0.4.8                  -> 0.4.8
end-workflow	Checkout repository	2026-02-24T11:35:31.3397509Z  * [new tag]             0.4.9                  -> 0.4.9
end-workflow	Checkout repository	2026-02-24T11:35:31.3397860Z  * [new tag]             0.5.0                  -> 0.5.0
end-workflow	Checkout repository	2026-02-24T11:35:31.3398213Z  * [new tag]             0.5.1                  -> 0.5.1
end-workflow	Checkout repository	2026-02-24T11:35:31.3398570Z  * [new tag]             0.5.2                  -> 0.5.2
end-workflow	Checkout repository	2026-02-24T11:35:31.3398921Z  * [new tag]             0.6.0                  -> 0.6.0
end-workflow	Checkout repository	2026-02-24T11:35:31.3399277Z  * [new tag]             0.6.1                  -> 0.6.1
end-workflow	Checkout repository	2026-02-24T11:35:31.3399631Z  * [new tag]             0.6.2                  -> 0.6.2
end-workflow	Checkout repository	2026-02-24T11:35:31.3400172Z  * [new tag]             0.6.3                  -> 0.6.3
end-workflow	Checkout repository	2026-02-24T11:35:31.3400534Z  * [new tag]             0.6.4                  -> 0.6.4
end-workflow	Checkout repository	2026-02-24T11:35:31.3400888Z  * [new tag]             0.6.5                  -> 0.6.5
end-workflow	Checkout repository	2026-02-24T11:35:31.3401238Z  * [new tag]             0.6.6                  -> 0.6.6
end-workflow	Checkout repository	2026-02-24T11:35:31.3693052Z [command]/usr/bin/git branch --list --remote origin/main
end-workflow	Checkout repository	2026-02-24T11:35:31.3772987Z   origin/main
end-workflow	Checkout repository	2026-02-24T11:35:31.3795527Z [command]/usr/bin/git rev-parse refs/remotes/origin/main
end-workflow	Checkout repository	2026-02-24T11:35:31.3830604Z b4020e4ce89a28ba5d733c6549449cdd4c409b5e
end-workflow	Checkout repository	2026-02-24T11:35:31.3845192Z [command]/usr/bin/git -c protocol.version=2 fetch --no-tags --prune --no-recurse-submodules origin +51fe50fef513519065718305b2932f5272b3ce03:refs/remotes/origin/main
end-workflow	Checkout repository	2026-02-24T11:35:31.4044692Z From https://github.com/Ka0s-Klaus/ka0s
end-workflow	Checkout repository	2026-02-24T11:35:31.4049288Z  + b4020e4ce...51fe50fef 51fe50fef513519065718305b2932f5272b3ce03 -> origin/main  (forced update)
end-workflow	Checkout repository	2026-02-24T11:35:31.4091361Z ##[endgroup]
end-workflow	Checkout repository	2026-02-24T11:35:31.4093177Z ##[group]Determining the checkout info
end-workflow	Checkout repository	2026-02-24T11:35:31.4095831Z ##[endgroup]
end-workflow	Checkout repository	2026-02-24T11:35:31.4106109Z [command]/usr/bin/git sparse-checkout disable
end-workflow	Checkout repository	2026-02-24T11:35:31.4203863Z [command]/usr/bin/git config --local --unset-all extensions.worktreeConfig
end-workflow	Checkout repository	2026-02-24T11:35:31.4262974Z ##[group]Checking out the ref
end-workflow	Checkout repository	2026-02-24T11:35:31.4274085Z [command]/usr/bin/git checkout --progress --force -B main refs/remotes/origin/main
end-workflow	Checkout repository	2026-02-24T11:35:31.6938050Z Switched to a new branch 'main'
end-workflow	Checkout repository	2026-02-24T11:35:31.6942115Z branch 'main' set up to track 'origin/main'.
end-workflow	Checkout repository	2026-02-24T11:35:31.6987881Z ##[endgroup]
end-workflow	Checkout repository	2026-02-24T11:35:31.7050636Z [command]/usr/bin/git log -1 --format=%H
end-workflow	Checkout repository	2026-02-24T11:35:31.7086564Z 51fe50fef513519065718305b2932f5272b3ce03
end-workflow	Install GH CLI	ï»¿2026-02-24T11:35:31.7360795Z Prepare all required actions
end-workflow	Install GH CLI	2026-02-24T11:35:31.7431560Z ##[group]Run ./.github/actions/install-gh-cli
end-workflow	Install GH CLI	2026-02-24T11:35:31.7432231Z env:
end-workflow	Install GH CLI	2026-02-24T11:35:31.7432468Z   KAOS_MODULE: [Ka0s] Audit Cluster Status
end-workflow	Install GH CLI	2026-02-24T11:35:31.7433073Z   KAOS_CODE: 22349030667
end-workflow	Install GH CLI	2026-02-24T11:35:31.7433434Z ##[endgroup]
end-workflow	Install GH CLI	2026-02-24T11:35:31.7535178Z ##[group]Run type -p curl >/dev/null || (sudo apt-get update && sudo apt-get install curl -y)
end-workflow	Install GH CLI	2026-02-24T11:35:31.7535906Z [36;1mtype -p curl >/dev/null || (sudo apt-get update && sudo apt-get install curl -y)[0m
end-workflow	Install GH CLI	2026-02-24T11:35:31.7536797Z [36;1mcurl -fsSL https://cli.github.com/packages/githubcli-archive-keyring.gpg | sudo dd of=/usr/share/keyrings/githubcli-archive-keyring.gpg \[0m
end-workflow	Install GH CLI	2026-02-24T11:35:31.7537603Z [36;1m&& sudo chmod go+r /usr/share/keyrings/githubcli-archive-keyring.gpg \[0m
end-workflow	Install GH CLI	2026-02-24T11:35:31.7538696Z [36;1m&& echo "deb [arch=$(dpkg --print-architecture) signed-by=/usr/share/keyrings/githubcli-archive-keyring.gpg] https://cli.github.com/packages stable main" | sudo tee /etc/apt/sources.list.d/github-cli.list > /dev/null \[0m
end-workflow	Install GH CLI	2026-02-24T11:35:31.7539726Z [36;1m&& sudo apt-get update \[0m
end-workflow	Install GH CLI	2026-02-24T11:35:31.7540044Z [36;1m&& sudo apt-get install gh -y[0m
end-workflow	Install GH CLI	2026-02-24T11:35:31.7557564Z shell: /usr/bin/bash --noprofile --norc -e -o pipefail {0}
end-workflow	Install GH CLI	2026-02-24T11:35:31.7557961Z env:
end-workflow	Install GH CLI	2026-02-24T11:35:31.7558210Z   KAOS_MODULE: [Ka0s] Audit Cluster Status
end-workflow	Install GH CLI	2026-02-24T11:35:31.7558512Z   KAOS_CODE: 22349030667
end-workflow	Install GH CLI	2026-02-24T11:35:31.7558759Z ##[endgroup]
end-workflow	Install GH CLI	2026-02-24T11:35:31.9072815Z 4+1 records in
end-workflow	Install GH CLI	2026-02-24T11:35:31.9073367Z 4+1 records out
end-workflow	Install GH CLI	2026-02-24T11:35:31.9073928Z 2270 bytes (2.3 kB, 2.2 KiB) copied, 0.000113813 s, 19.9 MB/s
end-workflow	Install GH CLI	2026-02-24T11:35:32.2144020Z Get:1 https://cli.github.com/packages stable InRelease [3917 B]
end-workflow	Install GH CLI	2026-02-24T11:35:32.2845061Z Get:2 http://security.ubuntu.com/ubuntu noble-security InRelease [126 kB]
end-workflow	Install GH CLI	2026-02-24T11:35:32.2949645Z Get:3 http://archive.ubuntu.com/ubuntu noble InRelease [256 kB]
end-workflow	Install GH CLI	2026-02-24T11:35:32.3038399Z Get:4 https://cli.github.com/packages stable/main amd64 Packages [357 B]
end-workflow	Install GH CLI	2026-02-24T11:35:32.3863497Z Get:5 https://ppa.launchpadcontent.net/git-core/ppa/ubuntu noble InRelease [24.3 kB]
end-workflow	Install GH CLI	2026-02-24T11:35:32.4914930Z Get:6 https://ppa.launchpadcontent.net/git-core/ppa/ubuntu noble/main amd64 Packages [2992 B]
end-workflow	Install GH CLI	2026-02-24T11:35:32.5975043Z Get:7 http://security.ubuntu.com/ubuntu noble-security/restricted amd64 Packages [3209 kB]
end-workflow	Install GH CLI	2026-02-24T11:35:32.6063524Z Get:8 http://archive.ubuntu.com/ubuntu noble-updates InRelease [126 kB]
end-workflow	Install GH CLI	2026-02-24T11:35:32.6787413Z Get:9 http://archive.ubuntu.com/ubuntu noble-backports InRelease [126 kB]
end-workflow	Install GH CLI	2026-02-24T11:35:32.7519240Z Get:10 http://archive.ubuntu.com/ubuntu noble/main amd64 Packages [1808 kB]
end-workflow	Install GH CLI	2026-02-24T11:35:32.9245233Z Get:11 http://archive.ubuntu.com/ubuntu noble/universe amd64 Packages [19.3 MB]
end-workflow	Install GH CLI	2026-02-24T11:35:32.9246115Z Get:12 http://security.ubuntu.com/ubuntu noble-security/multiverse amd64 Packages [34.8 kB]
end-workflow	Install GH CLI	2026-02-24T11:35:32.9263418Z Get:13 http://security.ubuntu.com/ubuntu noble-security/main amd64 Packages [1861 kB]
end-workflow	Install GH CLI	2026-02-24T11:35:32.9452484Z Get:14 http://security.ubuntu.com/ubuntu noble-security/universe amd64 Packages [1208 kB]
end-workflow	Install GH CLI	2026-02-24T11:35:33.2293602Z Get:15 http://archive.ubuntu.com/ubuntu noble/restricted amd64 Packages [117 kB]
end-workflow	Install GH CLI	2026-02-24T11:35:33.2302239Z Get:16 http://archive.ubuntu.com/ubuntu noble/multiverse amd64 Packages [331 kB]
end-workflow	Install GH CLI	2026-02-24T11:35:33.2338681Z Get:17 http://archive.ubuntu.com/ubuntu noble-updates/universe amd64 Packages [2016 kB]
end-workflow	Install GH CLI	2026-02-24T11:35:33.2469879Z Get:18 http://archive.ubuntu.com/ubuntu noble-updates/main amd64 Packages [2253 kB]
end-workflow	Install GH CLI	2026-02-24T11:35:33.2937671Z Get:19 http://archive.ubuntu.com/ubuntu noble-updates/multiverse amd64 Packages [38.1 kB]
end-workflow	Install GH CLI	2026-02-24T11:35:33.2943781Z Get:20 http://archive.ubuntu.com/ubuntu noble-updates/restricted amd64 Packages [3409 kB]
end-workflow	Install GH CLI	2026-02-24T11:35:33.3388660Z Get:21 http://archive.ubuntu.com/ubuntu noble-backports/universe amd64 Packages [34.6 kB]
end-workflow	Install GH CLI	2026-02-24T11:35:33.3395410Z Get:22 http://archive.ubuntu.com/ubuntu noble-backports/main amd64 Packages [49.5 kB]
end-workflow	Install GH CLI	2026-02-24T11:35:34.4170076Z Fetched 36.4 MB in 2s (16.1 MB/s)
end-workflow	Install GH CLI	2026-02-24T11:35:35.3484687Z Reading package lists...
end-workflow	Install GH CLI	2026-02-24T11:35:36.3239648Z Reading package lists...
end-workflow	Install GH CLI	2026-02-24T11:35:36.5521171Z Building dependency tree...
end-workflow	Install GH CLI	2026-02-24T11:35:36.5523475Z Reading state information...
end-workflow	Install GH CLI	2026-02-24T11:35:36.9210374Z The following NEW packages will be installed:
end-workflow	Install GH CLI	2026-02-24T11:35:36.9230433Z   gh
end-workflow	Install GH CLI	2026-02-24T11:35:36.9926291Z 0 upgraded, 1 newly installed, 0 to remove and 26 not upgraded.
end-workflow	Install GH CLI	2026-02-24T11:35:36.9927024Z Need to get 13.8 MB of archives.
end-workflow	Install GH CLI	2026-02-24T11:35:36.9927431Z After this operation, 38.5 MB of additional disk space will be used.
end-workflow	Install GH CLI	2026-02-24T11:35:36.9928030Z Get:1 https://cli.github.com/packages stable/main amd64 gh amd64 2.87.3 [13.8 MB]
end-workflow	Install GH CLI	2026-02-24T11:35:37.7546989Z debconf: delaying package configuration, since apt-utils is not installed
end-workflow	Install GH CLI	2026-02-24T11:35:37.8169160Z Fetched 13.8 MB in 0s (34.9 MB/s)
end-workflow	Install GH CLI	2026-02-24T11:35:37.8503655Z Selecting previously unselected package gh.
end-workflow	Install GH CLI	2026-02-24T11:35:37.8556137Z (Reading database ... 
end-workflow	Install GH CLI	2026-02-24T11:35:37.8556508Z (Reading database ... 5%
end-workflow	Install GH CLI	2026-02-24T11:35:37.8556823Z (Reading database ... 10%
end-workflow	Install GH CLI	2026-02-24T11:35:37.8557136Z (Reading database ... 15%
end-workflow	Install GH CLI	2026-02-24T11:35:37.8557877Z (Reading database ... 20%
end-workflow	Install GH CLI	2026-02-24T11:35:37.8558187Z (Reading database ... 25%
end-workflow	Install GH CLI	2026-02-24T11:35:37.8558484Z (Reading database ... 30%
end-workflow	Install GH CLI	2026-02-24T11:35:37.8558786Z (Reading database ... 35%
end-workflow	Install GH CLI	2026-02-24T11:35:37.8559107Z (Reading database ... 40%
end-workflow	Install GH CLI	2026-02-24T11:35:37.8559404Z (Reading database ... 45%
end-workflow	Install GH CLI	2026-02-24T11:35:37.8559714Z (Reading database ... 50%
end-workflow	Install GH CLI	2026-02-24T11:35:37.8560011Z (Reading database ... 55%
end-workflow	Install GH CLI	2026-02-24T11:35:37.8560314Z (Reading database ... 60%
end-workflow	Install GH CLI	2026-02-24T11:35:37.8567099Z (Reading database ... 65%
end-workflow	Install GH CLI	2026-02-24T11:35:37.8602470Z (Reading database ... 70%
end-workflow	Install GH CLI	2026-02-24T11:35:37.8603433Z (Reading database ... 75%
end-workflow	Install GH CLI	2026-02-24T11:35:37.8623620Z (Reading database ... 80%
end-workflow	Install GH CLI	2026-02-24T11:35:37.8630697Z (Reading database ... 85%
end-workflow	Install GH CLI	2026-02-24T11:35:37.8644892Z (Reading database ... 90%
end-workflow	Install GH CLI	2026-02-24T11:35:37.8672235Z (Reading database ... 95%
end-workflow	Install GH CLI	2026-02-24T11:35:37.8672677Z (Reading database ... 100%
end-workflow	Install GH CLI	2026-02-24T11:35:37.8673171Z (Reading database ... 14385 files and directories currently installed.)
end-workflow	Install GH CLI	2026-02-24T11:35:37.8681219Z Preparing to unpack .../archives/gh_2.87.3_amd64.deb ...
end-workflow	Install GH CLI	2026-02-24T11:35:37.8717570Z Unpacking gh (2.87.3) ...
end-workflow	Install GH CLI	2026-02-24T11:35:38.1455883Z Setting up gh (2.87.3) ...
end-workflow	Trigger Inspector	ï»¿2026-02-24T11:35:38.2295027Z ##[group]Run gh workflow run inspector.yml \
end-workflow	Trigger Inspector	2026-02-24T11:35:38.2295511Z [36;1mgh workflow run inspector.yml \[0m
end-workflow	Trigger Inspector	2026-02-24T11:35:38.2295853Z [36;1m  --ref main \[0m
end-workflow	Trigger Inspector	2026-02-24T11:35:38.2296166Z [36;1m  -f kaos-workflow-id="22349030667" \[0m
end-workflow	Trigger Inspector	2026-02-24T11:35:38.2296579Z [36;1m  -f kaos-user-start="github-actions[bot]"[0m
end-workflow	Trigger Inspector	2026-02-24T11:35:38.2313174Z shell: /usr/bin/bash -e {0}
end-workflow	Trigger Inspector	2026-02-24T11:35:38.2313488Z env:
end-workflow	Trigger Inspector	2026-02-24T11:35:38.2313745Z   KAOS_MODULE: [Ka0s] Audit Cluster Status
end-workflow	Trigger Inspector	2026-02-24T11:35:38.2314080Z   KAOS_CODE: 22349030667
end-workflow	Trigger Inspector	2026-02-24T11:35:38.2314688Z   GH_TOKEN: ***
end-workflow	Trigger Inspector	2026-02-24T11:35:38.2314935Z ##[endgroup]
end-workflow	Trigger Inspector	2026-02-24T11:35:40.1314785Z https://github.com/Ka0s-Klaus/ka0s/actions/runs/22349092148
end-workflow	Post Checkout repository	ï»¿2026-02-24T11:35:40.1885564Z Post job cleanup.
end-workflow	Post Checkout repository	2026-02-24T11:35:40.2988016Z [command]/usr/bin/git version
end-workflow	Post Checkout repository	2026-02-24T11:35:40.3033227Z git version 2.52.0
end-workflow	Post Checkout repository	2026-02-24T11:35:40.3082398Z Temporarily overriding HOME='/home/runner/_work/_temp/2e6ce113-539f-4589-88d8-aaff3214d3c9' before making global git config changes
end-workflow	Post Checkout repository	2026-02-24T11:35:40.3083311Z Adding repository directory to the temporary git global config as a safe directory
end-workflow	Post Checkout repository	2026-02-24T11:35:40.3090051Z [command]/usr/bin/git config --global --add safe.directory /home/runner/_work/ka0s/ka0s
end-workflow	Post Checkout repository	2026-02-24T11:35:40.3150275Z [command]/usr/bin/git config --local --name-only --get-regexp core\.sshCommand
end-workflow	Post Checkout repository	2026-02-24T11:35:40.3196518Z [command]/usr/bin/git submodule foreach --recursive sh -c "git config --local --name-only --get-regexp 'core\.sshCommand' && git config --local --unset-all 'core.sshCommand' || :"
end-workflow	Post Checkout repository	2026-02-24T11:35:40.3527509Z [command]/usr/bin/git config --local --name-only --get-regexp http\.https\:\/\/github\.com\/\.extraheader
end-workflow	Post Checkout repository	2026-02-24T11:35:40.3556857Z http.https://github.com/.extraheader
end-workflow	Post Checkout repository	2026-02-24T11:35:40.3571200Z [command]/usr/bin/git config --local --unset-all http.https://github.com/.extraheader
end-workflow	Post Checkout repository	2026-02-24T11:35:40.3614662Z [command]/usr/bin/git submodule foreach --recursive sh -c "git config --local --name-only --get-regexp 'http\.https\:\/\/github\.com\/\.extraheader' && git config --local --unset-all 'http.https://github.com/.extraheader' || :"
end-workflow	Post Checkout repository	2026-02-24T11:35:40.3963248Z [command]/usr/bin/git config --local --name-only --get-regexp ^includeIf\.gitdir:
end-workflow	Post Checkout repository	2026-02-24T11:35:40.4003299Z [command]/usr/bin/git submodule foreach --recursive git config --local --show-origin --name-only --get-regexp remote.origin.url
end-workflow	Complete job	ï»¿2026-02-24T11:35:40.4479859Z Cleaning up orphan processes
