job-core	Set up job	Ôªø2026-02-24T22:45:10.2591204Z Current runner version: '2.331.0'
job-core	Set up job	2026-02-24T22:45:10.2601663Z Runner name: 'swarm-runners-scaleset-hkss5-runner-zm289'
job-core	Set up job	2026-02-24T22:45:10.2603298Z Runner group name: 'Default'
job-core	Set up job	2026-02-24T22:45:10.2604383Z Machine name: 'swarm-runners-scaleset-hkss5-runner-zm289'
job-core	Set up job	2026-02-24T22:45:10.2608642Z ##[group]GITHUB_TOKEN Permissions
job-core	Set up job	2026-02-24T22:45:10.2611508Z Actions: write
job-core	Set up job	2026-02-24T22:45:10.2612130Z Contents: write
job-core	Set up job	2026-02-24T22:45:10.2613341Z Issues: write
job-core	Set up job	2026-02-24T22:45:10.2614004Z Metadata: read
job-core	Set up job	2026-02-24T22:45:10.2614602Z PullRequests: write
job-core	Set up job	2026-02-24T22:45:10.2615207Z ##[endgroup]
job-core	Set up job	2026-02-24T22:45:10.2617512Z Secret source: Actions
job-core	Set up job	2026-02-24T22:45:10.2618303Z Prepare workflow directory
job-core	Set up job	2026-02-24T22:45:10.3206881Z Prepare all required actions
job-core	Set up job	2026-02-24T22:45:10.3247694Z Getting action download info
job-core	Set up job	2026-02-24T22:45:10.9560989Z Download action repository 'actions/checkout@v4' (SHA:34e114876b0b11c390a56381ad16ebd13914f8d5)
job-core	Set up job	2026-02-24T22:45:11.8640586Z Download action repository 'actions/setup-python@v4' (SHA:7f4fc3e22c37d6ff65e88745f38bd3157c663f7c)
job-core	Set up job	2026-02-24T22:45:12.7458269Z Download action repository 'actions/upload-artifact@v4' (SHA:ea165f8d65b6e75b540449e92b4886f43607fa02)
job-core	Set up job	2026-02-24T22:45:13.9160032Z Complete job name: job-core
job-core	Checkout code	Ôªø2026-02-24T22:45:13.9756094Z ##[group]Run actions/checkout@v4
job-core	Checkout code	2026-02-24T22:45:13.9756734Z with:
job-core	Checkout code	2026-02-24T22:45:13.9756942Z   fetch-depth: 0
job-core	Checkout code	2026-02-24T22:45:13.9757166Z   repository: Ka0s-Klaus/ka0s
job-core	Checkout code	2026-02-24T22:45:13.9757662Z   token: ***
job-core	Checkout code	2026-02-24T22:45:13.9757855Z   ssh-strict: true
job-core	Checkout code	2026-02-24T22:45:13.9758055Z   ssh-user: git
job-core	Checkout code	2026-02-24T22:45:13.9758267Z   persist-credentials: true
job-core	Checkout code	2026-02-24T22:45:13.9758506Z   clean: true
job-core	Checkout code	2026-02-24T22:45:13.9758719Z   sparse-checkout-cone-mode: true
job-core	Checkout code	2026-02-24T22:45:13.9758986Z   fetch-tags: false
job-core	Checkout code	2026-02-24T22:45:13.9759198Z   show-progress: true
job-core	Checkout code	2026-02-24T22:45:13.9759423Z   lfs: false
job-core	Checkout code	2026-02-24T22:45:13.9759621Z   submodules: false
job-core	Checkout code	2026-02-24T22:45:13.9759837Z   set-safe-directory: true
job-core	Checkout code	2026-02-24T22:45:13.9760288Z env:
job-core	Checkout code	2026-02-24T22:45:13.9760505Z   PYTHON_VERSION: 3.9
job-core	Checkout code	2026-02-24T22:45:13.9761320Z   MONGO_SUPERUSER_CONNECTION: ***
job-core	Checkout code	2026-02-24T22:45:13.9761713Z   MONGO_NEW_PASS: ***
job-core	Checkout code	2026-02-24T22:45:13.9762058Z   MONGO_SCRIPT_CREATE: devops/core/mongo/scripts/mongodb_status_report.py
job-core	Checkout code	2026-02-24T22:45:13.9762686Z   KAOS_CODE: 22373344578
job-core	Checkout code	2026-02-24T22:45:13.9763040Z   REPORT_SCAN: audit/
job-core	Checkout code	2026-02-24T22:45:13.9763272Z   REPORT_PATH: audit/mongodb/
job-core	Checkout code	2026-02-24T22:45:13.9763526Z   REPORT_FILENAME: 22373344578.json
job-core	Checkout code	2026-02-24T22:45:13.9763809Z   KAOS_MODULE: [Ka0s] Status MongDB Report
job-core	Checkout code	2026-02-24T22:45:13.9764090Z   GITHUB_OUTPUT: 
job-core	Checkout code	2026-02-24T22:45:13.9764302Z ##[endgroup]
job-core	Checkout code	2026-02-24T22:45:14.1007701Z Syncing repository: Ka0s-Klaus/ka0s
job-core	Checkout code	2026-02-24T22:45:14.1009298Z ##[group]Getting Git version info
job-core	Checkout code	2026-02-24T22:45:14.1009668Z Working directory is '/home/runner/_work/ka0s/ka0s'
job-core	Checkout code	2026-02-24T22:45:14.1010208Z [command]/usr/bin/git version
job-core	Checkout code	2026-02-24T22:45:14.1010460Z git version 2.52.0
job-core	Checkout code	2026-02-24T22:45:14.1032011Z ##[endgroup]
job-core	Checkout code	2026-02-24T22:45:14.1050544Z Temporarily overriding HOME='/home/runner/_work/_temp/64dc1a35-4e66-4e4e-8e42-e9c9ba32d530' before making global git config changes
job-core	Checkout code	2026-02-24T22:45:14.1053199Z Adding repository directory to the temporary git global config as a safe directory
job-core	Checkout code	2026-02-24T22:45:14.1058026Z [command]/usr/bin/git config --global --add safe.directory /home/runner/_work/ka0s/ka0s
job-core	Checkout code	2026-02-24T22:45:14.1101418Z Deleting the contents of '/home/runner/_work/ka0s/ka0s'
job-core	Checkout code	2026-02-24T22:45:14.1106460Z ##[group]Initializing the repository
job-core	Checkout code	2026-02-24T22:45:14.1121244Z [command]/usr/bin/git init /home/runner/_work/ka0s/ka0s
job-core	Checkout code	2026-02-24T22:45:14.1182091Z hint: Using 'master' as the name for the initial branch. This default branch name
job-core	Checkout code	2026-02-24T22:45:14.1185011Z hint: will change to "main" in Git 3.0. To configure the initial branch name
job-core	Checkout code	2026-02-24T22:45:14.1185538Z hint: to use in all of your new repositories, which will suppress this warning,
job-core	Checkout code	2026-02-24T22:45:14.1185933Z hint: call:
job-core	Checkout code	2026-02-24T22:45:14.1186116Z hint:
job-core	Checkout code	2026-02-24T22:45:14.1186810Z hint: 	git config --global init.defaultBranch <name>
job-core	Checkout code	2026-02-24T22:45:14.1187119Z hint:
job-core	Checkout code	2026-02-24T22:45:14.1187413Z hint: Names commonly chosen instead of 'master' are 'main', 'trunk' and
job-core	Checkout code	2026-02-24T22:45:14.1187921Z hint: 'development'. The just-created branch can be renamed via this command:
job-core	Checkout code	2026-02-24T22:45:14.1188325Z hint:
job-core	Checkout code	2026-02-24T22:45:14.1188520Z hint: 	git branch -m <name>
job-core	Checkout code	2026-02-24T22:45:14.1194347Z hint:
job-core	Checkout code	2026-02-24T22:45:14.1194696Z hint: Disable this message with "git config set advice.defaultBranchName false"
job-core	Checkout code	2026-02-24T22:45:14.1195470Z Initialized empty Git repository in /home/runner/_work/ka0s/ka0s/.git/
job-core	Checkout code	2026-02-24T22:45:14.1199233Z [command]/usr/bin/git remote add origin https://github.com/Ka0s-Klaus/ka0s
job-core	Checkout code	2026-02-24T22:45:14.1242852Z ##[endgroup]
job-core	Checkout code	2026-02-24T22:45:14.1243546Z ##[group]Disabling automatic garbage collection
job-core	Checkout code	2026-02-24T22:45:14.1247960Z [command]/usr/bin/git config --local gc.auto 0
job-core	Checkout code	2026-02-24T22:45:14.1289927Z ##[endgroup]
job-core	Checkout code	2026-02-24T22:45:14.1290391Z ##[group]Setting up auth
job-core	Checkout code	2026-02-24T22:45:14.1299249Z [command]/usr/bin/git config --local --name-only --get-regexp core\.sshCommand
job-core	Checkout code	2026-02-24T22:45:14.1344321Z [command]/usr/bin/git submodule foreach --recursive sh -c "git config --local --name-only --get-regexp 'core\.sshCommand' && git config --local --unset-all 'core.sshCommand' || :"
job-core	Checkout code	2026-02-24T22:45:14.1687255Z [command]/usr/bin/git config --local --name-only --get-regexp http\.https\:\/\/github\.com\/\.extraheader
job-core	Checkout code	2026-02-24T22:45:14.1728963Z [command]/usr/bin/git submodule foreach --recursive sh -c "git config --local --name-only --get-regexp 'http\.https\:\/\/github\.com\/\.extraheader' && git config --local --unset-all 'http.https://github.com/.extraheader' || :"
job-core	Checkout code	2026-02-24T22:45:14.2056518Z [command]/usr/bin/git config --local --name-only --get-regexp ^includeIf\.gitdir:
job-core	Checkout code	2026-02-24T22:45:14.2097051Z [command]/usr/bin/git submodule foreach --recursive git config --local --show-origin --name-only --get-regexp remote.origin.url
job-core	Checkout code	2026-02-24T22:45:14.2468474Z [command]/usr/bin/git config --local http.https://github.com/.extraheader AUTHORIZATION: basic ***
job-core	Checkout code	2026-02-24T22:45:14.2519896Z ##[endgroup]
job-core	Checkout code	2026-02-24T22:45:14.2520409Z ##[group]Fetching the repository
job-core	Checkout code	2026-02-24T22:45:14.2540188Z [command]/usr/bin/git -c protocol.version=2 fetch --prune --no-recurse-submodules origin +refs/heads/*:refs/remotes/origin/* +refs/tags/*:refs/tags/*
job-core	Checkout code	2026-02-24T22:45:35.3711186Z From https://github.com/Ka0s-Klaus/ka0s
job-core	Checkout code	2026-02-24T22:45:35.3712329Z  * [new branch]          F3450-modelo-operativo -> origin/F3450-modelo-operativo
job-core	Checkout code	2026-02-24T22:45:35.3713916Z  * [new branch]          H1276-modulo-observabilidad -> origin/H1276-modulo-observabilidad
job-core	Checkout code	2026-02-24T22:45:35.3714514Z  * [new branch]          H3596-deploy-itop      -> origin/H3596-deploy-itop
job-core	Checkout code	2026-02-24T22:45:35.3715200Z  * [new branch]          H4170-flujo-detallado-zabbix---github -> origin/H4170-flujo-detallado-zabbix---github
job-core	Checkout code	2026-02-24T22:45:35.3715892Z  * [new branch]          H4191-request-cambios  -> origin/H4191-request-cambios
job-core	Checkout code	2026-02-24T22:45:35.3716673Z  * [new branch]          H4200-request-recomendaciones-de-auditoria -> origin/H4200-request-recomendaciones-de-auditoria
job-core	Checkout code	2026-02-24T22:45:35.3790720Z  * [new branch]          main                   -> origin/main
job-core	Checkout code	2026-02-24T22:45:35.3791248Z  * [new tag]             0.0.0                  -> 0.0.0
job-core	Checkout code	2026-02-24T22:45:35.3791616Z  * [new tag]             0.0.1                  -> 0.0.1
job-core	Checkout code	2026-02-24T22:45:35.3791977Z  * [new tag]             0.0.10                 -> 0.0.10
job-core	Checkout code	2026-02-24T22:45:35.3792360Z  * [new tag]             0.0.100                -> 0.0.100
job-core	Checkout code	2026-02-24T22:45:35.3803208Z  * [new tag]             0.0.101                -> 0.0.101
job-core	Checkout code	2026-02-24T22:45:35.3803630Z  * [new tag]             0.0.102                -> 0.0.102
job-core	Checkout code	2026-02-24T22:45:35.3804049Z  * [new tag]             0.0.103                -> 0.0.103
job-core	Checkout code	2026-02-24T22:45:35.3804441Z  * [new tag]             0.0.104                -> 0.0.104
job-core	Checkout code	2026-02-24T22:45:35.3804806Z  * [new tag]             0.0.105                -> 0.0.105
job-core	Checkout code	2026-02-24T22:45:35.3805574Z  * [new tag]             0.0.106                -> 0.0.106
job-core	Checkout code	2026-02-24T22:45:35.3805936Z  * [new tag]             0.0.107                -> 0.0.107
job-core	Checkout code	2026-02-24T22:45:35.3806293Z  * [new tag]             0.0.108                -> 0.0.108
job-core	Checkout code	2026-02-24T22:45:35.3806842Z  * [new tag]             0.0.109                -> 0.0.109
job-core	Checkout code	2026-02-24T22:45:35.3807201Z  * [new tag]             0.0.11                 -> 0.0.11
job-core	Checkout code	2026-02-24T22:45:35.3807558Z  * [new tag]             0.0.110                -> 0.0.110
job-core	Checkout code	2026-02-24T22:45:35.3807920Z  * [new tag]             0.0.111                -> 0.0.111
job-core	Checkout code	2026-02-24T22:45:35.3808276Z  * [new tag]             0.0.112                -> 0.0.112
job-core	Checkout code	2026-02-24T22:45:35.3808631Z  * [new tag]             0.0.113                -> 0.0.113
job-core	Checkout code	2026-02-24T22:45:35.3808990Z  * [new tag]             0.0.114                -> 0.0.114
job-core	Checkout code	2026-02-24T22:45:35.3809359Z  * [new tag]             0.0.115                -> 0.0.115
job-core	Checkout code	2026-02-24T22:45:35.3809721Z  * [new tag]             0.0.116                -> 0.0.116
job-core	Checkout code	2026-02-24T22:45:35.3810165Z  * [new tag]             0.0.117                -> 0.0.117
job-core	Checkout code	2026-02-24T22:45:35.3810587Z  * [new tag]             0.0.118                -> 0.0.118
job-core	Checkout code	2026-02-24T22:45:35.3810943Z  * [new tag]             0.0.119                -> 0.0.119
job-core	Checkout code	2026-02-24T22:45:35.3811572Z  * [new tag]             0.0.12                 -> 0.0.12
job-core	Checkout code	2026-02-24T22:45:35.3811932Z  * [new tag]             0.0.120                -> 0.0.120
job-core	Checkout code	2026-02-24T22:45:35.3812287Z  * [new tag]             0.0.121                -> 0.0.121
job-core	Checkout code	2026-02-24T22:45:35.3825826Z  * [new tag]             0.0.122                -> 0.0.122
job-core	Checkout code	2026-02-24T22:45:35.3826248Z  * [new tag]             0.0.123                -> 0.0.123
job-core	Checkout code	2026-02-24T22:45:35.3826606Z  * [new tag]             0.0.124                -> 0.0.124
job-core	Checkout code	2026-02-24T22:45:35.3826967Z  * [new tag]             0.0.125                -> 0.0.125
job-core	Checkout code	2026-02-24T22:45:35.3827449Z  * [new tag]             0.0.126                -> 0.0.126
job-core	Checkout code	2026-02-24T22:45:35.3827820Z  * [new tag]             0.0.127                -> 0.0.127
job-core	Checkout code	2026-02-24T22:45:35.3828169Z  * [new tag]             0.0.128                -> 0.0.128
job-core	Checkout code	2026-02-24T22:45:35.3828519Z  * [new tag]             0.0.129                -> 0.0.129
job-core	Checkout code	2026-02-24T22:45:35.3828890Z  * [new tag]             0.0.13                 -> 0.0.13
job-core	Checkout code	2026-02-24T22:45:35.3829242Z  * [new tag]             0.0.130                -> 0.0.130
job-core	Checkout code	2026-02-24T22:45:35.3829598Z  * [new tag]             0.0.131                -> 0.0.131
job-core	Checkout code	2026-02-24T22:45:35.3829949Z  * [new tag]             0.0.132                -> 0.0.132
job-core	Checkout code	2026-02-24T22:45:35.3830312Z  * [new tag]             0.0.133                -> 0.0.133
job-core	Checkout code	2026-02-24T22:45:35.3830660Z  * [new tag]             0.0.134                -> 0.0.134
job-core	Checkout code	2026-02-24T22:45:35.3831012Z  * [new tag]             0.0.135                -> 0.0.135
job-core	Checkout code	2026-02-24T22:45:35.3831360Z  * [new tag]             0.0.136                -> 0.0.136
job-core	Checkout code	2026-02-24T22:45:35.3831711Z  * [new tag]             0.0.137                -> 0.0.137
job-core	Checkout code	2026-02-24T22:45:35.3832062Z  * [new tag]             0.0.138                -> 0.0.138
job-core	Checkout code	2026-02-24T22:45:35.3835424Z  * [new tag]             0.0.139                -> 0.0.139
job-core	Checkout code	2026-02-24T22:45:35.3835869Z  * [new tag]             0.0.14                 -> 0.0.14
job-core	Checkout code	2026-02-24T22:45:35.3836241Z  * [new tag]             0.0.140                -> 0.0.140
job-core	Checkout code	2026-02-24T22:45:35.3836594Z  * [new tag]             0.0.141                -> 0.0.141
job-core	Checkout code	2026-02-24T22:45:35.3836945Z  * [new tag]             0.0.142                -> 0.0.142
job-core	Checkout code	2026-02-24T22:45:35.3837295Z  * [new tag]             0.0.143                -> 0.0.143
job-core	Checkout code	2026-02-24T22:45:35.3837640Z  * [new tag]             0.0.144                -> 0.0.144
job-core	Checkout code	2026-02-24T22:45:35.3838011Z  * [new tag]             0.0.145                -> 0.0.145
job-core	Checkout code	2026-02-24T22:45:35.3838362Z  * [new tag]             0.0.146                -> 0.0.146
job-core	Checkout code	2026-02-24T22:45:35.3838706Z  * [new tag]             0.0.147                -> 0.0.147
job-core	Checkout code	2026-02-24T22:45:35.3839059Z  * [new tag]             0.0.148                -> 0.0.148
job-core	Checkout code	2026-02-24T22:45:35.3839695Z  * [new tag]             0.0.149                -> 0.0.149
job-core	Checkout code	2026-02-24T22:45:35.3840048Z  * [new tag]             0.0.15                 -> 0.0.15
job-core	Checkout code	2026-02-24T22:45:35.3840398Z  * [new tag]             0.0.150                -> 0.0.150
job-core	Checkout code	2026-02-24T22:45:35.3840748Z  * [new tag]             0.0.151                -> 0.0.151
job-core	Checkout code	2026-02-24T22:45:35.3841095Z  * [new tag]             0.0.152                -> 0.0.152
job-core	Checkout code	2026-02-24T22:45:35.3841454Z  * [new tag]             0.0.153                -> 0.0.153
job-core	Checkout code	2026-02-24T22:45:35.3841819Z  * [new tag]             0.0.154                -> 0.0.154
job-core	Checkout code	2026-02-24T22:45:35.3842180Z  * [new tag]             0.0.155                -> 0.0.155
job-core	Checkout code	2026-02-24T22:45:35.3843054Z  * [new tag]             0.0.156                -> 0.0.156
job-core	Checkout code	2026-02-24T22:45:35.3843420Z  * [new tag]             0.0.157                -> 0.0.157
job-core	Checkout code	2026-02-24T22:45:35.3843772Z  * [new tag]             0.0.158                -> 0.0.158
job-core	Checkout code	2026-02-24T22:45:35.3844134Z  * [new tag]             0.0.159                -> 0.0.159
job-core	Checkout code	2026-02-24T22:45:35.3844494Z  * [new tag]             0.0.16                 -> 0.0.16
job-core	Checkout code	2026-02-24T22:45:35.3844859Z  * [new tag]             0.0.160                -> 0.0.160
job-core	Checkout code	2026-02-24T22:45:35.3845442Z  * [new tag]             0.0.161                -> 0.0.161
job-core	Checkout code	2026-02-24T22:45:35.3845805Z  * [new tag]             0.0.162                -> 0.0.162
job-core	Checkout code	2026-02-24T22:45:35.3846167Z  * [new tag]             0.0.163                -> 0.0.163
job-core	Checkout code	2026-02-24T22:45:35.3846531Z  * [new tag]             0.0.164                -> 0.0.164
job-core	Checkout code	2026-02-24T22:45:35.3846887Z  * [new tag]             0.0.165                -> 0.0.165
job-core	Checkout code	2026-02-24T22:45:35.3847249Z  * [new tag]             0.0.166                -> 0.0.166
job-core	Checkout code	2026-02-24T22:45:35.3847609Z  * [new tag]             0.0.167                -> 0.0.167
job-core	Checkout code	2026-02-24T22:45:35.3847971Z  * [new tag]             0.0.168                -> 0.0.168
job-core	Checkout code	2026-02-24T22:45:35.3848331Z  * [new tag]             0.0.169                -> 0.0.169
job-core	Checkout code	2026-02-24T22:45:35.3848696Z  * [new tag]             0.0.17                 -> 0.0.17
job-core	Checkout code	2026-02-24T22:45:35.3849060Z  * [new tag]             0.0.170                -> 0.0.170
job-core	Checkout code	2026-02-24T22:45:35.3849420Z  * [new tag]             0.0.171                -> 0.0.171
job-core	Checkout code	2026-02-24T22:45:35.3849789Z  * [new tag]             0.0.172                -> 0.0.172
job-core	Checkout code	2026-02-24T22:45:35.3850163Z  * [new tag]             0.0.173                -> 0.0.173
job-core	Checkout code	2026-02-24T22:45:35.3850562Z  * [new tag]             0.0.174                -> 0.0.174
job-core	Checkout code	2026-02-24T22:45:35.3850933Z  * [new tag]             0.0.175                -> 0.0.175
job-core	Checkout code	2026-02-24T22:45:35.3851297Z  * [new tag]             0.0.176                -> 0.0.176
job-core	Checkout code	2026-02-24T22:45:35.3851669Z  * [new tag]             0.0.177                -> 0.0.177
job-core	Checkout code	2026-02-24T22:45:35.3852030Z  * [new tag]             0.0.178                -> 0.0.178
job-core	Checkout code	2026-02-24T22:45:35.3852385Z  * [new tag]             0.0.179                -> 0.0.179
job-core	Checkout code	2026-02-24T22:45:35.3853041Z  * [new tag]             0.0.18                 -> 0.0.18
job-core	Checkout code	2026-02-24T22:45:35.3853454Z  * [new tag]             0.0.19                 -> 0.0.19
job-core	Checkout code	2026-02-24T22:45:35.3854000Z  * [new tag]             0.0.2                  -> 0.0.2
job-core	Checkout code	2026-02-24T22:45:35.3854363Z  * [new tag]             0.0.20                 -> 0.0.20
job-core	Checkout code	2026-02-24T22:45:35.3854730Z  * [new tag]             0.0.21                 -> 0.0.21
job-core	Checkout code	2026-02-24T22:45:35.3855090Z  * [new tag]             0.0.22                 -> 0.0.22
job-core	Checkout code	2026-02-24T22:45:35.3855450Z  * [new tag]             0.0.23                 -> 0.0.23
job-core	Checkout code	2026-02-24T22:45:35.3855806Z  * [new tag]             0.0.24                 -> 0.0.24
job-core	Checkout code	2026-02-24T22:45:35.3856157Z  * [new tag]             0.0.25                 -> 0.0.25
job-core	Checkout code	2026-02-24T22:45:35.3856514Z  * [new tag]             0.0.26                 -> 0.0.26
job-core	Checkout code	2026-02-24T22:45:35.3856869Z  * [new tag]             0.0.27                 -> 0.0.27
job-core	Checkout code	2026-02-24T22:45:35.3857223Z  * [new tag]             0.0.28                 -> 0.0.28
job-core	Checkout code	2026-02-24T22:45:35.3857851Z  * [new tag]             0.0.29                 -> 0.0.29
job-core	Checkout code	2026-02-24T22:45:35.3858220Z  * [new tag]             0.0.3                  -> 0.0.3
job-core	Checkout code	2026-02-24T22:45:35.3858581Z  * [new tag]             0.0.30                 -> 0.0.30
job-core	Checkout code	2026-02-24T22:45:35.3858943Z  * [new tag]             0.0.31                 -> 0.0.31
job-core	Checkout code	2026-02-24T22:45:35.3859325Z  * [new tag]             0.0.32                 -> 0.0.32
job-core	Checkout code	2026-02-24T22:45:35.3859684Z  * [new tag]             0.0.33                 -> 0.0.33
job-core	Checkout code	2026-02-24T22:45:35.3860039Z  * [new tag]             0.0.34                 -> 0.0.34
job-core	Checkout code	2026-02-24T22:45:35.3860401Z  * [new tag]             0.0.35                 -> 0.0.35
job-core	Checkout code	2026-02-24T22:45:35.3860758Z  * [new tag]             0.0.36                 -> 0.0.36
job-core	Checkout code	2026-02-24T22:45:35.3861113Z  * [new tag]             0.0.37                 -> 0.0.37
job-core	Checkout code	2026-02-24T22:45:35.3861467Z  * [new tag]             0.0.38                 -> 0.0.38
job-core	Checkout code	2026-02-24T22:45:35.3861820Z  * [new tag]             0.0.39                 -> 0.0.39
job-core	Checkout code	2026-02-24T22:45:35.3862186Z  * [new tag]             0.0.4                  -> 0.0.4
job-core	Checkout code	2026-02-24T22:45:35.3862762Z  * [new tag]             0.0.40                 -> 0.0.40
job-core	Checkout code	2026-02-24T22:45:35.3863137Z  * [new tag]             0.0.41                 -> 0.0.41
job-core	Checkout code	2026-02-24T22:45:35.3863833Z  * [new tag]             0.0.42                 -> 0.0.42
job-core	Checkout code	2026-02-24T22:45:35.3864200Z  * [new tag]             0.0.43                 -> 0.0.43
job-core	Checkout code	2026-02-24T22:45:35.3864557Z  * [new tag]             0.0.44                 -> 0.0.44
job-core	Checkout code	2026-02-24T22:45:35.3864907Z  * [new tag]             0.0.45                 -> 0.0.45
job-core	Checkout code	2026-02-24T22:45:35.3865263Z  * [new tag]             0.0.46                 -> 0.0.46
job-core	Checkout code	2026-02-24T22:45:35.3865625Z  * [new tag]             0.0.47                 -> 0.0.47
job-core	Checkout code	2026-02-24T22:45:35.3865981Z  * [new tag]             0.0.48                 -> 0.0.48
job-core	Checkout code	2026-02-24T22:45:35.3866338Z  * [new tag]             0.0.49                 -> 0.0.49
job-core	Checkout code	2026-02-24T22:45:35.3866698Z  * [new tag]             0.0.5                  -> 0.0.5
job-core	Checkout code	2026-02-24T22:45:35.3867073Z  * [new tag]             0.0.50                 -> 0.0.50
job-core	Checkout code	2026-02-24T22:45:35.3867433Z  * [new tag]             0.0.51                 -> 0.0.51
job-core	Checkout code	2026-02-24T22:45:35.3867788Z  * [new tag]             0.0.52                 -> 0.0.52
job-core	Checkout code	2026-02-24T22:45:35.3868152Z  * [new tag]             0.0.53                 -> 0.0.53
job-core	Checkout code	2026-02-24T22:45:35.3868509Z  * [new tag]             0.0.54                 -> 0.0.54
job-core	Checkout code	2026-02-24T22:45:35.3868863Z  * [new tag]             0.0.55                 -> 0.0.55
job-core	Checkout code	2026-02-24T22:45:35.3869223Z  * [new tag]             0.0.56                 -> 0.0.56
job-core	Checkout code	2026-02-24T22:45:35.3869580Z  * [new tag]             0.0.57                 -> 0.0.57
job-core	Checkout code	2026-02-24T22:45:35.3869932Z  * [new tag]             0.0.58                 -> 0.0.58
job-core	Checkout code	2026-02-24T22:45:35.3870281Z  * [new tag]             0.0.59                 -> 0.0.59
job-core	Checkout code	2026-02-24T22:45:35.3870636Z  * [new tag]             0.0.6                  -> 0.0.6
job-core	Checkout code	2026-02-24T22:45:35.3870986Z  * [new tag]             0.0.60                 -> 0.0.60
job-core	Checkout code	2026-02-24T22:45:35.3871345Z  * [new tag]             0.0.61                 -> 0.0.61
job-core	Checkout code	2026-02-24T22:45:35.3871697Z  * [new tag]             0.0.62                 -> 0.0.62
job-core	Checkout code	2026-02-24T22:45:35.3872051Z  * [new tag]             0.0.63                 -> 0.0.63
job-core	Checkout code	2026-02-24T22:45:35.3872541Z  * [new tag]             0.0.64                 -> 0.0.64
job-core	Checkout code	2026-02-24T22:45:35.3873188Z  * [new tag]             0.0.65                 -> 0.0.65
job-core	Checkout code	2026-02-24T22:45:35.3873532Z  * [new tag]             0.0.66                 -> 0.0.66
job-core	Checkout code	2026-02-24T22:45:35.3873882Z  * [new tag]             0.0.67                 -> 0.0.67
job-core	Checkout code	2026-02-24T22:45:35.3874232Z  * [new tag]             0.0.68                 -> 0.0.68
job-core	Checkout code	2026-02-24T22:45:35.3874589Z  * [new tag]             0.0.69                 -> 0.0.69
job-core	Checkout code	2026-02-24T22:45:35.3874944Z  * [new tag]             0.0.7                  -> 0.0.7
job-core	Checkout code	2026-02-24T22:45:35.3875301Z  * [new tag]             0.0.70                 -> 0.0.70
job-core	Checkout code	2026-02-24T22:45:35.3875878Z  * [new tag]             0.0.71                 -> 0.0.71
job-core	Checkout code	2026-02-24T22:45:35.3876223Z  * [new tag]             0.0.72                 -> 0.0.72
job-core	Checkout code	2026-02-24T22:45:35.3876572Z  * [new tag]             0.0.73                 -> 0.0.73
job-core	Checkout code	2026-02-24T22:45:35.3876929Z  * [new tag]             0.0.74                 -> 0.0.74
job-core	Checkout code	2026-02-24T22:45:35.3877290Z  * [new tag]             0.0.75                 -> 0.0.75
job-core	Checkout code	2026-02-24T22:45:35.3877640Z  * [new tag]             0.0.76                 -> 0.0.76
job-core	Checkout code	2026-02-24T22:45:35.3877995Z  * [new tag]             0.0.77                 -> 0.0.77
job-core	Checkout code	2026-02-24T22:45:35.3878345Z  * [new tag]             0.0.78                 -> 0.0.78
job-core	Checkout code	2026-02-24T22:45:35.3878690Z  * [new tag]             0.0.79                 -> 0.0.79
job-core	Checkout code	2026-02-24T22:45:35.3879046Z  * [new tag]             0.0.8                  -> 0.0.8
job-core	Checkout code	2026-02-24T22:45:35.3879399Z  * [new tag]             0.0.80                 -> 0.0.80
job-core	Checkout code	2026-02-24T22:45:35.3879749Z  * [new tag]             0.0.81                 -> 0.0.81
job-core	Checkout code	2026-02-24T22:45:35.3880107Z  * [new tag]             0.0.82                 -> 0.0.82
job-core	Checkout code	2026-02-24T22:45:35.3880462Z  * [new tag]             0.0.83                 -> 0.0.83
job-core	Checkout code	2026-02-24T22:45:35.3880961Z  * [new tag]             0.0.84                 -> 0.0.84
job-core	Checkout code	2026-02-24T22:45:35.3881563Z  * [new tag]             0.0.85                 -> 0.0.85
job-core	Checkout code	2026-02-24T22:45:35.3881920Z  * [new tag]             0.0.86                 -> 0.0.86
job-core	Checkout code	2026-02-24T22:45:35.3882293Z  * [new tag]             0.0.87                 -> 0.0.87
job-core	Checkout code	2026-02-24T22:45:35.3882800Z  * [new tag]             0.0.88                 -> 0.0.88
job-core	Checkout code	2026-02-24T22:45:35.3883169Z  * [new tag]             0.0.89                 -> 0.0.89
job-core	Checkout code	2026-02-24T22:45:35.3883537Z  * [new tag]             0.0.9                  -> 0.0.9
job-core	Checkout code	2026-02-24T22:45:35.3883905Z  * [new tag]             0.0.90                 -> 0.0.90
job-core	Checkout code	2026-02-24T22:45:35.3884286Z  * [new tag]             0.0.91                 -> 0.0.91
job-core	Checkout code	2026-02-24T22:45:35.3884645Z  * [new tag]             0.0.92                 -> 0.0.92
job-core	Checkout code	2026-02-24T22:45:35.3885017Z  * [new tag]             0.0.93                 -> 0.0.93
job-core	Checkout code	2026-02-24T22:45:35.3885495Z  * [new tag]             0.0.94                 -> 0.0.94
job-core	Checkout code	2026-02-24T22:45:35.3885846Z  * [new tag]             0.0.95                 -> 0.0.95
job-core	Checkout code	2026-02-24T22:45:35.3886213Z  * [new tag]             0.0.96                 -> 0.0.96
job-core	Checkout code	2026-02-24T22:45:35.3886564Z  * [new tag]             0.0.97                 -> 0.0.97
job-core	Checkout code	2026-02-24T22:45:35.3886913Z  * [new tag]             0.0.98                 -> 0.0.98
job-core	Checkout code	2026-02-24T22:45:35.3887257Z  * [new tag]             0.0.99                 -> 0.0.99
job-core	Checkout code	2026-02-24T22:45:35.3887603Z  * [new tag]             0.1.0                  -> 0.1.0
job-core	Checkout code	2026-02-24T22:45:35.3888091Z  * [new tag]             0.1.1                  -> 0.1.1
job-core	Checkout code	2026-02-24T22:45:35.3888450Z  * [new tag]             0.2.0                  -> 0.2.0
job-core	Checkout code	2026-02-24T22:45:35.3888932Z  * [new tag]             0.3.0                  -> 0.3.0
job-core	Checkout code	2026-02-24T22:45:35.3889279Z  * [new tag]             0.3.1                  -> 0.3.1
job-core	Checkout code	2026-02-24T22:45:35.3889642Z  * [new tag]             0.3.10                 -> 0.3.10
job-core	Checkout code	2026-02-24T22:45:35.3889999Z  * [new tag]             0.3.11                 -> 0.3.11
job-core	Checkout code	2026-02-24T22:45:35.3890347Z  * [new tag]             0.3.12                 -> 0.3.12
job-core	Checkout code	2026-02-24T22:45:35.3890700Z  * [new tag]             0.3.13                 -> 0.3.13
job-core	Checkout code	2026-02-24T22:45:35.3891182Z  * [new tag]             0.3.14                 -> 0.3.14
job-core	Checkout code	2026-02-24T22:45:35.3891540Z  * [new tag]             0.3.15                 -> 0.3.15
job-core	Checkout code	2026-02-24T22:45:35.3891904Z  * [new tag]             0.3.16                 -> 0.3.16
job-core	Checkout code	2026-02-24T22:45:35.3892261Z  * [new tag]             0.3.17                 -> 0.3.17
job-core	Checkout code	2026-02-24T22:45:35.3892797Z  * [new tag]             0.3.2                  -> 0.3.2
job-core	Checkout code	2026-02-24T22:45:35.3893167Z  * [new tag]             0.3.3                  -> 0.3.3
job-core	Checkout code	2026-02-24T22:45:35.3893637Z  * [new tag]             0.3.4                  -> 0.3.4
job-core	Checkout code	2026-02-24T22:45:35.3893993Z  * [new tag]             0.3.5                  -> 0.3.5
job-core	Checkout code	2026-02-24T22:45:35.3894569Z  * [new tag]             0.3.6                  -> 0.3.6
job-core	Checkout code	2026-02-24T22:45:35.3894922Z  * [new tag]             0.3.7                  -> 0.3.7
job-core	Checkout code	2026-02-24T22:45:35.3895266Z  * [new tag]             0.3.8                  -> 0.3.8
job-core	Checkout code	2026-02-24T22:45:35.3895749Z  * [new tag]             0.3.9                  -> 0.3.9
job-core	Checkout code	2026-02-24T22:45:35.3896221Z  * [new tag]             0.4.0                  -> 0.4.0
job-core	Checkout code	2026-02-24T22:45:35.3896567Z  * [new tag]             0.4.1                  -> 0.4.1
job-core	Checkout code	2026-02-24T22:45:35.3896912Z  * [new tag]             0.4.2                  -> 0.4.2
job-core	Checkout code	2026-02-24T22:45:35.3897256Z  * [new tag]             0.4.3                  -> 0.4.3
job-core	Checkout code	2026-02-24T22:45:35.3897601Z  * [new tag]             0.4.4                  -> 0.4.4
job-core	Checkout code	2026-02-24T22:45:35.3897944Z  * [new tag]             0.4.5                  -> 0.4.5
job-core	Checkout code	2026-02-24T22:45:35.3898291Z  * [new tag]             0.4.6                  -> 0.4.6
job-core	Checkout code	2026-02-24T22:45:35.3898643Z  * [new tag]             0.4.7                  -> 0.4.7
job-core	Checkout code	2026-02-24T22:45:35.3899140Z  * [new tag]             0.4.8                  -> 0.4.8
job-core	Checkout code	2026-02-24T22:45:35.3899610Z  * [new tag]             0.4.9                  -> 0.4.9
job-core	Checkout code	2026-02-24T22:45:35.3899957Z  * [new tag]             0.5.0                  -> 0.5.0
job-core	Checkout code	2026-02-24T22:45:35.3900563Z  * [new tag]             0.5.1                  -> 0.5.1
job-core	Checkout code	2026-02-24T22:45:35.3900911Z  * [new tag]             0.5.2                  -> 0.5.2
job-core	Checkout code	2026-02-24T22:45:35.3901255Z  * [new tag]             0.6.0                  -> 0.6.0
job-core	Checkout code	2026-02-24T22:45:35.3901610Z  * [new tag]             0.6.1                  -> 0.6.1
job-core	Checkout code	2026-02-24T22:45:35.3901963Z  * [new tag]             0.6.2                  -> 0.6.2
job-core	Checkout code	2026-02-24T22:45:35.3902311Z  * [new tag]             0.6.3                  -> 0.6.3
job-core	Checkout code	2026-02-24T22:45:35.3903138Z  * [new tag]             0.6.4                  -> 0.6.4
job-core	Checkout code	2026-02-24T22:45:35.3903686Z  * [new tag]             0.6.5                  -> 0.6.5
job-core	Checkout code	2026-02-24T22:45:35.3904170Z  * [new tag]             0.6.6                  -> 0.6.6
job-core	Checkout code	2026-02-24T22:45:35.4132091Z [command]/usr/bin/git branch --list --remote origin/main
job-core	Checkout code	2026-02-24T22:45:35.4217129Z   origin/main
job-core	Checkout code	2026-02-24T22:45:35.4228712Z [command]/usr/bin/git rev-parse refs/remotes/origin/main
job-core	Checkout code	2026-02-24T22:45:35.4260557Z 3539e00942b130795671abcd1c29ed1aac86b617
job-core	Checkout code	2026-02-24T22:45:35.4275198Z ##[endgroup]
job-core	Checkout code	2026-02-24T22:45:35.4275766Z ##[group]Determining the checkout info
job-core	Checkout code	2026-02-24T22:45:35.4276214Z ##[endgroup]
job-core	Checkout code	2026-02-24T22:45:35.4281347Z [command]/usr/bin/git sparse-checkout disable
job-core	Checkout code	2026-02-24T22:45:35.4348487Z [command]/usr/bin/git config --local --unset-all extensions.worktreeConfig
job-core	Checkout code	2026-02-24T22:45:35.4405246Z ##[group]Checking out the ref
job-core	Checkout code	2026-02-24T22:45:35.4405838Z [command]/usr/bin/git checkout --progress --force -B main refs/remotes/origin/main
job-core	Checkout code	2026-02-24T22:45:35.6966212Z Switched to a new branch 'main'
job-core	Checkout code	2026-02-24T22:45:35.6975393Z branch 'main' set up to track 'origin/main'.
job-core	Checkout code	2026-02-24T22:45:35.7011688Z ##[endgroup]
job-core	Checkout code	2026-02-24T22:45:35.7089563Z [command]/usr/bin/git log -1 --format=%H
job-core	Checkout code	2026-02-24T22:45:35.7125889Z 3539e00942b130795671abcd1c29ed1aac86b617
job-core	Install GH CLI	Ôªø2026-02-24T22:45:35.7554788Z Prepare all required actions
job-core	Install GH CLI	2026-02-24T22:45:35.7605128Z ##[group]Run ./.github/actions/install-gh-cli
job-core	Install GH CLI	2026-02-24T22:45:35.7605462Z env:
job-core	Install GH CLI	2026-02-24T22:45:35.7605659Z   PYTHON_VERSION: 3.9
job-core	Install GH CLI	2026-02-24T22:45:35.7606510Z   MONGO_SUPERUSER_CONNECTION: ***
job-core	Install GH CLI	2026-02-24T22:45:35.7606919Z   MONGO_NEW_PASS: ***
job-core	Install GH CLI	2026-02-24T22:45:35.7607274Z   MONGO_SCRIPT_CREATE: devops/core/mongo/scripts/mongodb_status_report.py
job-core	Install GH CLI	2026-02-24T22:45:35.7607677Z   KAOS_CODE: 22373344578
job-core	Install GH CLI	2026-02-24T22:45:35.7607905Z   REPORT_SCAN: audit/
job-core	Install GH CLI	2026-02-24T22:45:35.7608133Z   REPORT_PATH: audit/mongodb/
job-core	Install GH CLI	2026-02-24T22:45:35.7608390Z   REPORT_FILENAME: 22373344578.json
job-core	Install GH CLI	2026-02-24T22:45:35.7608664Z   KAOS_MODULE: [Ka0s] Status MongDB Report
job-core	Install GH CLI	2026-02-24T22:45:35.7608945Z   GITHUB_OUTPUT: 
job-core	Install GH CLI	2026-02-24T22:45:35.7609148Z ##[endgroup]
job-core	Install GH CLI	2026-02-24T22:45:35.7709246Z ##[group]Run type -p curl >/dev/null || (sudo apt-get update && sudo apt-get install curl -y)
job-core	Install GH CLI	2026-02-24T22:45:35.7710275Z [36;1mtype -p curl >/dev/null || (sudo apt-get update && sudo apt-get install curl -y)[0m
job-core	Install GH CLI	2026-02-24T22:45:35.7711345Z [36;1mcurl -fsSL https://cli.github.com/packages/githubcli-archive-keyring.gpg | sudo dd of=/usr/share/keyrings/githubcli-archive-keyring.gpg \[0m
job-core	Install GH CLI	2026-02-24T22:45:35.7712172Z [36;1m&& sudo chmod go+r /usr/share/keyrings/githubcli-archive-keyring.gpg \[0m
job-core	Install GH CLI	2026-02-24T22:45:35.7713802Z [36;1m&& echo "deb [arch=$(dpkg --print-architecture) signed-by=/usr/share/keyrings/githubcli-archive-keyring.gpg] https://cli.github.com/packages stable main" | sudo tee /etc/apt/sources.list.d/github-cli.list > /dev/null \[0m
job-core	Install GH CLI	2026-02-24T22:45:35.7714931Z [36;1m&& sudo apt-get update \[0m
job-core	Install GH CLI	2026-02-24T22:45:35.7715217Z [36;1m&& sudo apt-get install gh -y[0m
job-core	Install GH CLI	2026-02-24T22:45:35.7733378Z shell: /usr/bin/bash --noprofile --norc -e -o pipefail {0}
job-core	Install GH CLI	2026-02-24T22:45:35.7733744Z env:
job-core	Install GH CLI	2026-02-24T22:45:35.7733948Z   PYTHON_VERSION: 3.9
job-core	Install GH CLI	2026-02-24T22:45:35.7734778Z   MONGO_SUPERUSER_CONNECTION: ***
job-core	Install GH CLI	2026-02-24T22:45:35.7735158Z   MONGO_NEW_PASS: ***
job-core	Install GH CLI	2026-02-24T22:45:35.7735485Z   MONGO_SCRIPT_CREATE: devops/core/mongo/scripts/mongodb_status_report.py
job-core	Install GH CLI	2026-02-24T22:45:35.7735892Z   KAOS_CODE: 22373344578
job-core	Install GH CLI	2026-02-24T22:45:35.7736122Z   REPORT_SCAN: audit/
job-core	Install GH CLI	2026-02-24T22:45:35.7736375Z   REPORT_PATH: audit/mongodb/
job-core	Install GH CLI	2026-02-24T22:45:35.7736643Z   REPORT_FILENAME: 22373344578.json
job-core	Install GH CLI	2026-02-24T22:45:35.7736919Z   KAOS_MODULE: [Ka0s] Status MongDB Report
job-core	Install GH CLI	2026-02-24T22:45:35.7737200Z   GITHUB_OUTPUT: 
job-core	Install GH CLI	2026-02-24T22:45:35.7737401Z ##[endgroup]
job-core	Install GH CLI	2026-02-24T22:45:35.8644424Z 4+1 records in
job-core	Install GH CLI	2026-02-24T22:45:35.8653332Z 4+1 records out
job-core	Install GH CLI	2026-02-24T22:45:35.8654425Z 2270 bytes (2.3 kB, 2.2 KiB) copied, 0.0650673 s, 34.9 kB/s
job-core	Install GH CLI	2026-02-24T22:45:36.0137934Z Get:1 https://cli.github.com/packages stable InRelease [3917 B]
job-core	Install GH CLI	2026-02-24T22:45:36.0314651Z Get:2 http://archive.ubuntu.com/ubuntu noble InRelease [256 kB]
job-core	Install GH CLI	2026-02-24T22:45:36.0354528Z Get:3 http://security.ubuntu.com/ubuntu noble-security InRelease [126 kB]
job-core	Install GH CLI	2026-02-24T22:45:36.1791621Z Get:4 http://archive.ubuntu.com/ubuntu noble-updates InRelease [126 kB]
job-core	Install GH CLI	2026-02-24T22:45:36.1818464Z Get:5 https://ppa.launchpadcontent.net/git-core/ppa/ubuntu noble InRelease [24.3 kB]
job-core	Install GH CLI	2026-02-24T22:45:36.2161755Z Get:6 http://archive.ubuntu.com/ubuntu noble-backports InRelease [126 kB]
job-core	Install GH CLI	2026-02-24T22:45:36.2434664Z Get:7 http://security.ubuntu.com/ubuntu noble-security/main amd64 Packages [1879 kB]
job-core	Install GH CLI	2026-02-24T22:45:36.3183505Z Get:8 https://cli.github.com/packages stable/main amd64 Packages [357 B]
job-core	Install GH CLI	2026-02-24T22:45:36.3328699Z Get:9 http://archive.ubuntu.com/ubuntu noble/main amd64 Packages [1808 kB]
job-core	Install GH CLI	2026-02-24T22:45:36.3951108Z Get:10 http://security.ubuntu.com/ubuntu noble-security/multiverse amd64 Packages [34.8 kB]
job-core	Install GH CLI	2026-02-24T22:45:36.3964684Z Get:11 http://security.ubuntu.com/ubuntu noble-security/universe amd64 Packages [1208 kB]
job-core	Install GH CLI	2026-02-24T22:45:36.4116963Z Get:12 http://security.ubuntu.com/ubuntu noble-security/restricted amd64 Packages [3246 kB]
job-core	Install GH CLI	2026-02-24T22:45:36.4497618Z Get:13 http://archive.ubuntu.com/ubuntu noble/universe amd64 Packages [19.3 MB]
job-core	Install GH CLI	2026-02-24T22:45:36.5115165Z Get:14 https://ppa.launchpadcontent.net/git-core/ppa/ubuntu noble/main amd64 Packages [2992 B]
job-core	Install GH CLI	2026-02-24T22:45:36.7191285Z Get:15 http://archive.ubuntu.com/ubuntu noble/multiverse amd64 Packages [331 kB]
job-core	Install GH CLI	2026-02-24T22:45:36.7216817Z Get:16 http://archive.ubuntu.com/ubuntu noble/restricted amd64 Packages [117 kB]
job-core	Install GH CLI	2026-02-24T22:45:36.7225830Z Get:17 http://archive.ubuntu.com/ubuntu noble-updates/main amd64 Packages [2260 kB]
job-core	Install GH CLI	2026-02-24T22:45:36.7369496Z Get:18 http://archive.ubuntu.com/ubuntu noble-updates/multiverse amd64 Packages [38.1 kB]
job-core	Install GH CLI	2026-02-24T22:45:36.7373582Z Get:19 http://archive.ubuntu.com/ubuntu noble-updates/universe amd64 Packages [2017 kB]
job-core	Install GH CLI	2026-02-24T22:45:36.7508979Z Get:20 http://archive.ubuntu.com/ubuntu noble-updates/restricted amd64 Packages [3421 kB]
job-core	Install GH CLI	2026-02-24T22:45:36.7867793Z Get:21 http://archive.ubuntu.com/ubuntu noble-backports/main amd64 Packages [49.5 kB]
job-core	Install GH CLI	2026-02-24T22:45:36.7872151Z Get:22 http://archive.ubuntu.com/ubuntu noble-backports/universe amd64 Packages [34.6 kB]
job-core	Install GH CLI	2026-02-24T22:45:38.0534820Z Fetched 36.4 MB in 2s (17.4 MB/s)
job-core	Install GH CLI	2026-02-24T22:45:39.0303563Z Reading package lists...
job-core	Install GH CLI	2026-02-24T22:45:40.0574083Z Reading package lists...
job-core	Install GH CLI	2026-02-24T22:45:40.3363734Z Building dependency tree...
job-core	Install GH CLI	2026-02-24T22:45:40.3364415Z Reading state information...
job-core	Install GH CLI	2026-02-24T22:45:40.7661178Z The following NEW packages will be installed:
job-core	Install GH CLI	2026-02-24T22:45:40.7680043Z   gh
job-core	Install GH CLI	2026-02-24T22:45:40.8620553Z 0 upgraded, 1 newly installed, 0 to remove and 26 not upgraded.
job-core	Install GH CLI	2026-02-24T22:45:40.8621111Z Need to get 13.8 MB of archives.
job-core	Install GH CLI	2026-02-24T22:45:40.8621581Z After this operation, 38.5 MB of additional disk space will be used.
job-core	Install GH CLI	2026-02-24T22:45:40.8622363Z Get:1 https://cli.github.com/packages stable/main amd64 gh amd64 2.87.3 [13.8 MB]
job-core	Install GH CLI	2026-02-24T22:45:41.2098498Z debconf: delaying package configuration, since apt-utils is not installed
job-core	Install GH CLI	2026-02-24T22:45:41.2509524Z Fetched 13.8 MB in 0s (51.6 MB/s)
job-core	Install GH CLI	2026-02-24T22:45:41.2800051Z Selecting previously unselected package gh.
job-core	Install GH CLI	2026-02-24T22:45:41.2837711Z (Reading database ... 
job-core	Install GH CLI	2026-02-24T22:45:41.2838003Z (Reading database ... 5%
job-core	Install GH CLI	2026-02-24T22:45:41.2838248Z (Reading database ... 10%
job-core	Install GH CLI	2026-02-24T22:45:41.2838490Z (Reading database ... 15%
job-core	Install GH CLI	2026-02-24T22:45:41.2838855Z (Reading database ... 20%
job-core	Install GH CLI	2026-02-24T22:45:41.2839337Z (Reading database ... 25%
job-core	Install GH CLI	2026-02-24T22:45:41.2839573Z (Reading database ... 30%
job-core	Install GH CLI	2026-02-24T22:45:41.2839810Z (Reading database ... 35%
job-core	Install GH CLI	2026-02-24T22:45:41.2840306Z (Reading database ... 40%
job-core	Install GH CLI	2026-02-24T22:45:41.2840674Z (Reading database ... 45%
job-core	Install GH CLI	2026-02-24T22:45:41.2840915Z (Reading database ... 50%
job-core	Install GH CLI	2026-02-24T22:45:41.2841155Z (Reading database ... 55%
job-core	Install GH CLI	2026-02-24T22:45:41.2841390Z (Reading database ... 60%
job-core	Install GH CLI	2026-02-24T22:45:41.2846685Z (Reading database ... 65%
job-core	Install GH CLI	2026-02-24T22:45:41.2867259Z (Reading database ... 70%
job-core	Install GH CLI	2026-02-24T22:45:41.2872085Z (Reading database ... 75%
job-core	Install GH CLI	2026-02-24T22:45:41.2885912Z (Reading database ... 80%
job-core	Install GH CLI	2026-02-24T22:45:41.2890889Z (Reading database ... 85%
job-core	Install GH CLI	2026-02-24T22:45:41.2900423Z (Reading database ... 90%
job-core	Install GH CLI	2026-02-24T22:45:41.2920172Z (Reading database ... 95%
job-core	Install GH CLI	2026-02-24T22:45:41.2920744Z (Reading database ... 100%
job-core	Install GH CLI	2026-02-24T22:45:41.2921140Z (Reading database ... 14385 files and directories currently installed.)
job-core	Install GH CLI	2026-02-24T22:45:41.2926156Z Preparing to unpack .../archives/gh_2.87.3_amd64.deb ...
job-core	Install GH CLI	2026-02-24T22:45:41.2965209Z Unpacking gh (2.87.3) ...
job-core	Install GH CLI	2026-02-24T22:45:41.5217798Z Setting up gh (2.87.3) ...
job-core	Set up Python	Ôªø2026-02-24T22:45:41.5989696Z ##[group]Run actions/setup-python@v4
job-core	Set up Python	2026-02-24T22:45:41.5990206Z with:
job-core	Set up Python	2026-02-24T22:45:41.5990518Z   python-version: 3.9
job-core	Set up Python	2026-02-24T22:45:41.5990891Z   check-latest: false
job-core	Set up Python	2026-02-24T22:45:41.5991484Z   token: ***
job-core	Set up Python	2026-02-24T22:45:41.5991823Z   update-environment: true
job-core	Set up Python	2026-02-24T22:45:41.5992235Z   allow-prereleases: false
job-core	Set up Python	2026-02-24T22:45:41.5993376Z env:
job-core	Set up Python	2026-02-24T22:45:41.5993681Z   PYTHON_VERSION: 3.9
job-core	Set up Python	2026-02-24T22:45:41.5994832Z   MONGO_SUPERUSER_CONNECTION: ***
job-core	Set up Python	2026-02-24T22:45:41.5995466Z   MONGO_NEW_PASS: ***
job-core	Set up Python	2026-02-24T22:45:41.5996021Z   MONGO_SCRIPT_CREATE: devops/core/mongo/scripts/mongodb_status_report.py
job-core	Set up Python	2026-02-24T22:45:41.5996670Z   KAOS_CODE: 22373344578
job-core	Set up Python	2026-02-24T22:45:41.5997030Z   REPORT_SCAN: audit/
job-core	Set up Python	2026-02-24T22:45:41.5997396Z   REPORT_PATH: audit/mongodb/
job-core	Set up Python	2026-02-24T22:45:41.5997807Z   REPORT_FILENAME: 22373344578.json
job-core	Set up Python	2026-02-24T22:45:41.5998263Z   KAOS_MODULE: [Ka0s] Status MongDB Report
job-core	Set up Python	2026-02-24T22:45:41.5998717Z   GITHUB_OUTPUT: 
job-core	Set up Python	2026-02-24T22:45:41.5999040Z ##[endgroup]
job-core	Set up Python	2026-02-24T22:45:41.8077102Z ##[group]Installed versions
job-core	Set up Python	2026-02-24T22:45:41.8093116Z Version 3.9 was not found in the local cache
job-core	Set up Python	2026-02-24T22:45:42.6049302Z Version 3.9 is available for downloading
job-core	Set up Python	2026-02-24T22:45:42.6050549Z Download from "https://github.com/actions/python-versions/releases/download/3.9.25-19039189640/python-3.9.25-linux-24.04-x64.tar.gz"
job-core	Set up Python	2026-02-24T22:45:44.1530178Z Extract downloaded archive
job-core	Set up Python	2026-02-24T22:45:44.1653769Z [command]/usr/bin/tar xz --warning=no-unknown-keyword -C /home/runner/_work/_temp/7c9cde67-9e49-4a84-8dc4-9917d95571b1 -f /home/runner/_work/_temp/e8d59c24-b812-477c-b949-6991528d85f8
job-core	Set up Python	2026-02-24T22:45:45.7383903Z Execute installation script
job-core	Set up Python	2026-02-24T22:45:45.7523007Z Check if Python hostedtoolcache folder exist...
job-core	Set up Python	2026-02-24T22:45:45.7523545Z Creating Python hostedtoolcache folder...
job-core	Set up Python	2026-02-24T22:45:45.7538940Z Create Python 3.9.25 folder
job-core	Set up Python	2026-02-24T22:45:45.7553960Z Copy Python binaries to hostedtoolcache folder
job-core	Set up Python	2026-02-24T22:45:46.7067288Z Create additional symlinks (Required for the UsePythonVersion Azure Pipelines task and the setup-python GitHub Action)
job-core	Set up Python	2026-02-24T22:45:46.7124890Z Upgrading pip...
job-core	Set up Python	2026-02-24T22:45:48.7257272Z Looking in links: /tmp/tmpln3i3ati
job-core	Set up Python	2026-02-24T22:45:48.7262300Z Requirement already satisfied: setuptools in /home/runner/_work/_tool/Python/3.9.25/x64/lib/python3.9/site-packages (79.0.1)
job-core	Set up Python	2026-02-24T22:45:48.7267248Z Requirement already satisfied: pip in /home/runner/_work/_tool/Python/3.9.25/x64/lib/python3.9/site-packages (23.0.1)
job-core	Set up Python	2026-02-24T22:45:50.0463504Z Collecting pip
job-core	Set up Python	2026-02-24T22:45:50.0983564Z Downloading pip-26.0.1-py3-none-any.whl (1.8 MB)
job-core	Set up Python	2026-02-24T22:45:50.1821856Z ‚îÅ‚îÅ‚îÅ‚îÅ‚îÅ‚îÅ‚îÅ‚îÅ‚îÅ‚îÅ‚îÅ‚îÅ‚îÅ‚îÅ‚îÅ‚îÅ‚îÅ‚îÅ‚îÅ‚îÅ‚îÅ‚îÅ‚îÅ‚îÅ‚îÅ‚îÅ‚îÅ‚îÅ‚îÅ‚îÅ‚îÅ‚îÅ‚îÅ‚îÅ‚îÅ‚îÅ‚îÅ‚îÅ‚îÅ‚îÅ 1.8/1.8 MB 22.1 MB/s eta 0:00:00
job-core	Set up Python	2026-02-24T22:45:50.1822193Z 
job-core	Set up Python	2026-02-24T22:45:50.2485185Z Installing collected packages: pip
job-core	Set up Python	2026-02-24T22:45:50.2485929Z Attempting uninstall: pip
job-core	Set up Python	2026-02-24T22:45:50.2495060Z Found existing installation: pip 23.0.1
job-core	Set up Python	2026-02-24T22:45:50.5695114Z Uninstalling pip-23.0.1:
job-core	Set up Python	2026-02-24T22:45:50.5795087Z Successfully uninstalled pip-23.0.1
job-core	Set up Python	2026-02-24T22:45:51.4740113Z Successfully installed pip-26.0.1
job-core	Set up Python	2026-02-24T22:45:51.5528471Z Create complete file
job-core	Set up Python	2026-02-24T22:45:51.5603005Z Successfully set up CPython (3.9.25)
job-core	Set up Python	2026-02-24T22:45:51.5604940Z ##[endgroup]
job-core	Install dependencies	Ôªø2026-02-24T22:45:51.5791303Z ##[group]Run pip install pymongo
job-core	Install dependencies	2026-02-24T22:45:51.5791643Z [36;1mpip install pymongo[0m
job-core	Install dependencies	2026-02-24T22:45:51.5808867Z shell: /usr/bin/bash -e {0}
job-core	Install dependencies	2026-02-24T22:45:51.5809290Z env:
job-core	Install dependencies	2026-02-24T22:45:51.5809483Z   PYTHON_VERSION: 3.9
job-core	Install dependencies	2026-02-24T22:45:51.5810478Z   MONGO_SUPERUSER_CONNECTION: ***
job-core	Install dependencies	2026-02-24T22:45:51.5811182Z   MONGO_NEW_PASS: ***
job-core	Install dependencies	2026-02-24T22:45:51.5811529Z   MONGO_SCRIPT_CREATE: devops/core/mongo/scripts/mongodb_status_report.py
job-core	Install dependencies	2026-02-24T22:45:51.5811926Z   KAOS_CODE: 22373344578
job-core	Install dependencies	2026-02-24T22:45:51.5812153Z   REPORT_SCAN: audit/
job-core	Install dependencies	2026-02-24T22:45:51.5812376Z   REPORT_PATH: audit/mongodb/
job-core	Install dependencies	2026-02-24T22:45:51.5812947Z   REPORT_FILENAME: 22373344578.json
job-core	Install dependencies	2026-02-24T22:45:51.5813333Z   KAOS_MODULE: [Ka0s] Status MongDB Report
job-core	Install dependencies	2026-02-24T22:45:51.5813595Z   GITHUB_OUTPUT: 
job-core	Install dependencies	2026-02-24T22:45:51.5813865Z   pythonLocation: /home/runner/_work/_tool/Python/3.9.25/x64
job-core	Install dependencies	2026-02-24T22:45:51.5814314Z   PKG_CONFIG_PATH: /home/runner/_work/_tool/Python/3.9.25/x64/lib/pkgconfig
job-core	Install dependencies	2026-02-24T22:45:51.5814752Z   Python_ROOT_DIR: /home/runner/_work/_tool/Python/3.9.25/x64
job-core	Install dependencies	2026-02-24T22:45:51.5815176Z   Python2_ROOT_DIR: /home/runner/_work/_tool/Python/3.9.25/x64
job-core	Install dependencies	2026-02-24T22:45:51.5815575Z   Python3_ROOT_DIR: /home/runner/_work/_tool/Python/3.9.25/x64
job-core	Install dependencies	2026-02-24T22:45:51.5815975Z   LD_LIBRARY_PATH: /home/runner/_work/_tool/Python/3.9.25/x64/lib
job-core	Install dependencies	2026-02-24T22:45:51.5816306Z ##[endgroup]
job-core	Install dependencies	2026-02-24T22:45:52.6531907Z Collecting pymongo
job-core	Install dependencies	2026-02-24T22:45:52.7151711Z   Downloading pymongo-4.16.0-cp39-cp39-manylinux2014_x86_64.manylinux_2_17_x86_64.manylinux_2_28_x86_64.whl.metadata (10.0 kB)
job-core	Install dependencies	2026-02-24T22:45:52.7444689Z Collecting dnspython<3.0.0,>=2.6.1 (from pymongo)
job-core	Install dependencies	2026-02-24T22:45:52.7493533Z   Downloading dnspython-2.7.0-py3-none-any.whl.metadata (5.8 kB)
job-core	Install dependencies	2026-02-24T22:45:52.7650848Z Downloading pymongo-4.16.0-cp39-cp39-manylinux2014_x86_64.manylinux_2_17_x86_64.manylinux_2_28_x86_64.whl (947 kB)
job-core	Install dependencies	2026-02-24T22:45:52.8181188Z    ‚îÅ‚îÅ‚îÅ‚îÅ‚îÅ‚îÅ‚îÅ‚îÅ‚îÅ‚îÅ‚îÅ‚îÅ‚îÅ‚îÅ‚îÅ‚îÅ‚îÅ‚îÅ‚îÅ‚îÅ‚îÅ‚îÅ‚îÅ‚îÅ‚îÅ‚îÅ‚îÅ‚îÅ‚îÅ‚îÅ‚îÅ‚îÅ‚îÅ‚îÅ‚îÅ‚îÅ‚îÅ‚îÅ‚îÅ‚îÅ 947.2/947.2 kB 24.1 MB/s  0:00:00
job-core	Install dependencies	2026-02-24T22:45:52.8312834Z Downloading dnspython-2.7.0-py3-none-any.whl (313 kB)
job-core	Install dependencies	2026-02-24T22:45:52.9113059Z Installing collected packages: dnspython, pymongo
job-core	Install dependencies	2026-02-24T22:45:53.4681748Z 
job-core	Install dependencies	2026-02-24T22:45:53.4702207Z Successfully installed dnspython-2.7.0 pymongo-4.16.0
job-core	Create database MongoDB	Ôªø2026-02-24T22:45:53.6832057Z ##[group]Run python devops/core/mongo/scripts/mongodb_status_report.py
job-core	Create database MongoDB	2026-02-24T22:45:53.6834036Z [36;1mpython devops/core/mongo/scripts/mongodb_status_report.py[0m
job-core	Create database MongoDB	2026-02-24T22:45:53.6834512Z [36;1mecho "Downloading files to MongoDB update repository ..."[0m
job-core	Create database MongoDB	2026-02-24T22:45:53.6835042Z [36;1mgit config --global user.name "***"[0m
job-core	Create database MongoDB	2026-02-24T22:45:53.6835403Z [36;1mgit config --global user.email "***"[0m
job-core	Create database MongoDB	2026-02-24T22:45:53.6835848Z [36;1mgit pull --rebase[0m
job-core	Create database MongoDB	2026-02-24T22:45:53.6836187Z [36;1mecho "Uploading files to MongoDB update repository ..."[0m
job-core	Create database MongoDB	2026-02-24T22:45:53.6836556Z [36;1mgit add audit/mongodb/[0m
job-core	Create database MongoDB	2026-02-24T22:45:53.6837085Z [36;1mif ! git diff --staged --quiet; then[0m
job-core	Create database MongoDB	2026-02-24T22:45:53.6889249Z [36;1m   git commit -m "swarm-runners] Uploading files to MongoDB update repository ..."[0m
job-core	Create database MongoDB	2026-02-24T22:45:53.6889957Z [36;1m   git push origin refs/heads/main --force-with-lease[0m
job-core	Create database MongoDB	2026-02-24T22:45:53.6890291Z [36;1m fi[0m
job-core	Create database MongoDB	2026-02-24T22:45:53.6904232Z shell: /usr/bin/bash -e {0}
job-core	Create database MongoDB	2026-02-24T22:45:53.6904673Z env:
job-core	Create database MongoDB	2026-02-24T22:45:53.6904864Z   PYTHON_VERSION: 3.9
job-core	Create database MongoDB	2026-02-24T22:45:53.6905682Z   MONGO_SUPERUSER_CONNECTION: ***
job-core	Create database MongoDB	2026-02-24T22:45:53.6906077Z   MONGO_NEW_PASS: ***
job-core	Create database MongoDB	2026-02-24T22:45:53.6906739Z   MONGO_SCRIPT_CREATE: devops/core/mongo/scripts/mongodb_status_report.py
job-core	Create database MongoDB	2026-02-24T22:45:53.6907115Z   KAOS_CODE: 22373344578
job-core	Create database MongoDB	2026-02-24T22:45:53.6907332Z   REPORT_SCAN: audit/
job-core	Create database MongoDB	2026-02-24T22:45:53.6907549Z   REPORT_PATH: audit/mongodb/
job-core	Create database MongoDB	2026-02-24T22:45:53.6907791Z   REPORT_FILENAME: 22373344578.json
job-core	Create database MongoDB	2026-02-24T22:45:53.6908059Z   KAOS_MODULE: [Ka0s] Status MongDB Report
job-core	Create database MongoDB	2026-02-24T22:45:53.6908326Z   GITHUB_OUTPUT: 
job-core	Create database MongoDB	2026-02-24T22:45:53.6908593Z   pythonLocation: /home/runner/_work/_tool/Python/3.9.25/x64
job-core	Create database MongoDB	2026-02-24T22:45:53.6909035Z   PKG_CONFIG_PATH: /home/runner/_work/_tool/Python/3.9.25/x64/lib/pkgconfig
job-core	Create database MongoDB	2026-02-24T22:45:53.6909488Z   Python_ROOT_DIR: /home/runner/_work/_tool/Python/3.9.25/x64
job-core	Create database MongoDB	2026-02-24T22:45:53.6909887Z   Python2_ROOT_DIR: /home/runner/_work/_tool/Python/3.9.25/x64
job-core	Create database MongoDB	2026-02-24T22:45:53.6910288Z   Python3_ROOT_DIR: /home/runner/_work/_tool/Python/3.9.25/x64
job-core	Create database MongoDB	2026-02-24T22:45:53.6910690Z   LD_LIBRARY_PATH: /home/runner/_work/_tool/Python/3.9.25/x64/lib
job-core	Create database MongoDB	2026-02-24T22:45:53.6911020Z ##[endgroup]
job-core	Create database MongoDB	2026-02-24T22:45:54.2643639Z ‚úÖ Reporte generado exitosamente: audit/mongodb/22373344578.json
job-core	Create database MongoDB	2026-02-24T22:45:54.3861514Z Downloading files to MongoDB update repository ...
job-core	Create database MongoDB	2026-02-24T22:45:55.2102314Z Already up to date.
job-core	Create database MongoDB	2026-02-24T22:45:55.2116352Z Uploading files to MongoDB update repository ...
job-core	Create database MongoDB	2026-02-24T22:45:55.2741107Z [main a82f0d6a4] swarm-runners] Uploading files to MongoDB update repository ...
job-core	Create database MongoDB	2026-02-24T22:45:55.2741628Z  1 file changed, 33493 insertions(+)
job-core	Create database MongoDB	2026-02-24T22:45:55.2741944Z  create mode 100644 audit/mongodb/22373344578.json
job-core	Create database MongoDB	2026-02-24T22:45:56.2770648Z To https://github.com/Ka0s-Klaus/ka0s
job-core	Create database MongoDB	2026-02-24T22:45:56.2772297Z    3539e0094..a82f0d6a4  main -> main
job-core	Upload report	Ôªø2026-02-24T22:45:56.3330631Z ##[group]Run actions/upload-artifact@v4
job-core	Upload report	2026-02-24T22:45:56.3331589Z with:
job-core	Upload report	2026-02-24T22:45:56.3332184Z   name: mongo-setup-report
job-core	Upload report	2026-02-24T22:45:56.3334452Z   path: audit/mongodb/
job-core	Upload report	2026-02-24T22:45:56.3335150Z   if-no-files-found: warn
job-core	Upload report	2026-02-24T22:45:56.3335867Z   compression-level: 6
job-core	Upload report	2026-02-24T22:45:56.3336524Z   overwrite: false
job-core	Upload report	2026-02-24T22:45:56.3337165Z   include-hidden-files: false
job-core	Upload report	2026-02-24T22:45:56.3337875Z env:
job-core	Upload report	2026-02-24T22:45:56.3338416Z   PYTHON_VERSION: 3.9
job-core	Upload report	2026-02-24T22:45:56.3340612Z   MONGO_SUPERUSER_CONNECTION: ***
job-core	Upload report	2026-02-24T22:45:56.3341764Z   MONGO_NEW_PASS: ***
job-core	Upload report	2026-02-24T22:45:56.3343071Z   MONGO_SCRIPT_CREATE: devops/core/mongo/scripts/mongodb_status_report.py
job-core	Upload report	2026-02-24T22:45:56.3344266Z   KAOS_CODE: 22373344578
job-core	Upload report	2026-02-24T22:45:56.3344935Z   REPORT_SCAN: audit/
job-core	Upload report	2026-02-24T22:45:56.3345602Z   REPORT_PATH: audit/mongodb/
job-core	Upload report	2026-02-24T22:45:56.3346345Z   REPORT_FILENAME: 22373344578.json
job-core	Upload report	2026-02-24T22:45:56.3348077Z   KAOS_MODULE: [Ka0s] Status MongDB Report
job-core	Upload report	2026-02-24T22:45:56.3348993Z   GITHUB_OUTPUT: 
job-core	Upload report	2026-02-24T22:45:56.3349841Z   pythonLocation: /home/runner/_work/_tool/Python/3.9.25/x64
job-core	Upload report	2026-02-24T22:45:56.3351196Z   PKG_CONFIG_PATH: /home/runner/_work/_tool/Python/3.9.25/x64/lib/pkgconfig
job-core	Upload report	2026-02-24T22:45:56.3352862Z   Python_ROOT_DIR: /home/runner/_work/_tool/Python/3.9.25/x64
job-core	Upload report	2026-02-24T22:45:56.3353973Z   Python2_ROOT_DIR: /home/runner/_work/_tool/Python/3.9.25/x64
job-core	Upload report	2026-02-24T22:45:56.3354905Z   Python3_ROOT_DIR: /home/runner/_work/_tool/Python/3.9.25/x64
job-core	Upload report	2026-02-24T22:45:56.3355849Z   LD_LIBRARY_PATH: /home/runner/_work/_tool/Python/3.9.25/x64/lib
job-core	Upload report	2026-02-24T22:45:56.3356613Z ##[endgroup]
job-core	Upload report	2026-02-24T22:45:56.5991794Z With the provided path, there will be 2 files uploaded
job-core	Upload report	2026-02-24T22:45:56.5998595Z Artifact name is valid!
job-core	Upload report	2026-02-24T22:45:56.5999178Z Root directory input is valid!
job-core	Upload report	2026-02-24T22:45:57.0184005Z Beginning upload of artifact content to blob storage
job-core	Upload report	2026-02-24T22:45:57.7994464Z Uploaded bytes 126299
job-core	Upload report	2026-02-24T22:45:57.9310081Z Finished uploading artifact content to blob storage!
job-core	Upload report	2026-02-24T22:45:57.9319566Z SHA256 digest of uploaded artifact zip is 89132ad3180a0cfafd5693f3e083fa22f96602d1343b3be9b73be80a175df344
job-core	Upload report	2026-02-24T22:45:57.9325571Z Finalizing artifact upload
job-core	Upload report	2026-02-24T22:45:58.1199208Z Artifact mongo-setup-report.zip successfully finalized. Artifact ID 5644253345
job-core	Upload report	2026-02-24T22:45:58.1202842Z Artifact mongo-setup-report has been successfully uploaded! Final size is 126299 bytes. Artifact ID is 5644253345
job-core	Upload report	2026-02-24T22:45:58.1232211Z Artifact download URL: https://github.com/Ka0s-Klaus/ka0s/actions/runs/22373344578/artifacts/5644253345
job-core	Post Set up Python	Ôªø2026-02-24T22:45:58.1637966Z Post job cleanup.
job-core	Post Checkout code	Ôªø2026-02-24T22:45:58.3671267Z Post job cleanup.
job-core	Post Checkout code	2026-02-24T22:45:58.4769038Z [command]/usr/bin/git version
job-core	Post Checkout code	2026-02-24T22:45:58.4817424Z git version 2.52.0
job-core	Post Checkout code	2026-02-24T22:45:58.4864336Z Copying '/home/runner/.gitconfig' to '/home/runner/_work/_temp/eac9dec6-6ebf-49e9-b041-01038906c0c9/.gitconfig'
job-core	Post Checkout code	2026-02-24T22:45:58.4878023Z Temporarily overriding HOME='/home/runner/_work/_temp/eac9dec6-6ebf-49e9-b041-01038906c0c9' before making global git config changes
job-core	Post Checkout code	2026-02-24T22:45:58.4882929Z Adding repository directory to the temporary git global config as a safe directory
job-core	Post Checkout code	2026-02-24T22:45:58.4885936Z [command]/usr/bin/git config --global --add safe.directory /home/runner/_work/ka0s/ka0s
job-core	Post Checkout code	2026-02-24T22:45:58.4946060Z [command]/usr/bin/git config --local --name-only --get-regexp core\.sshCommand
job-core	Post Checkout code	2026-02-24T22:45:58.4994840Z [command]/usr/bin/git submodule foreach --recursive sh -c "git config --local --name-only --get-regexp 'core\.sshCommand' && git config --local --unset-all 'core.sshCommand' || :"
job-core	Post Checkout code	2026-02-24T22:45:58.5356179Z [command]/usr/bin/git config --local --name-only --get-regexp http\.https\:\/\/github\.com\/\.extraheader
job-core	Post Checkout code	2026-02-24T22:45:58.5386197Z http.https://github.com/.extraheader
job-core	Post Checkout code	2026-02-24T22:45:58.5401880Z [command]/usr/bin/git config --local --unset-all http.https://github.com/.extraheader
job-core	Post Checkout code	2026-02-24T22:45:58.5447166Z [command]/usr/bin/git submodule foreach --recursive sh -c "git config --local --name-only --get-regexp 'http\.https\:\/\/github\.com\/\.extraheader' && git config --local --unset-all 'http.https://github.com/.extraheader' || :"
job-core	Post Checkout code	2026-02-24T22:45:58.5788465Z [command]/usr/bin/git config --local --name-only --get-regexp ^includeIf\.gitdir:
job-core	Post Checkout code	2026-02-24T22:45:58.5829877Z [command]/usr/bin/git submodule foreach --recursive git config --local --show-origin --name-only --get-regexp remote.origin.url
job-core	Complete job	Ôªø2026-02-24T22:45:58.6295073Z Cleaning up orphan processes
handle-success	Set up job	Ôªø2026-02-24T22:46:13.1755123Z Current runner version: '2.331.0'
handle-success	Set up job	2026-02-24T22:46:13.1774345Z Runner name: 'swarm-runners-scaleset-hkss5-runner-jj2s8'
handle-success	Set up job	2026-02-24T22:46:13.1778518Z Runner group name: 'Default'
handle-success	Set up job	2026-02-24T22:46:13.1780332Z Machine name: 'swarm-runners-scaleset-hkss5-runner-jj2s8'
handle-success	Set up job	2026-02-24T22:46:13.1789859Z ##[group]GITHUB_TOKEN Permissions
handle-success	Set up job	2026-02-24T22:46:13.1793857Z Actions: write
handle-success	Set up job	2026-02-24T22:46:13.1794897Z Contents: write
handle-success	Set up job	2026-02-24T22:46:13.1795598Z Issues: write
handle-success	Set up job	2026-02-24T22:46:13.1796361Z Metadata: read
handle-success	Set up job	2026-02-24T22:46:13.1797260Z PullRequests: write
handle-success	Set up job	2026-02-24T22:46:13.1798603Z ##[endgroup]
handle-success	Set up job	2026-02-24T22:46:13.1802037Z Secret source: Actions
handle-success	Set up job	2026-02-24T22:46:13.1803295Z Prepare workflow directory
handle-success	Set up job	2026-02-24T22:46:13.3098403Z Prepare all required actions
handle-success	Set up job	2026-02-24T22:46:13.3155274Z Getting action download info
handle-success	Set up job	2026-02-24T22:46:14.0077759Z Download action repository 'actions/checkout@v4' (SHA:34e114876b0b11c390a56381ad16ebd13914f8d5)
handle-success	Set up job	2026-02-24T22:46:15.3581445Z Complete job name: handle-success
handle-success	Checkout code	Ôªø2026-02-24T22:46:15.6710965Z ##[group]Run actions/checkout@v4
handle-success	Checkout code	2026-02-24T22:46:15.6715574Z with:
handle-success	Checkout code	2026-02-24T22:46:15.6716703Z   fetch-depth: 0
handle-success	Checkout code	2026-02-24T22:46:15.6718052Z   repository: Ka0s-Klaus/ka0s
handle-success	Checkout code	2026-02-24T22:46:15.6719993Z   token: ***
handle-success	Checkout code	2026-02-24T22:46:15.6721034Z   ssh-strict: true
handle-success	Checkout code	2026-02-24T22:46:15.6723347Z   ssh-user: git
handle-success	Checkout code	2026-02-24T22:46:15.6724852Z   persist-credentials: true
handle-success	Checkout code	2026-02-24T22:46:15.6726093Z   clean: true
handle-success	Checkout code	2026-02-24T22:46:15.6727211Z   sparse-checkout-cone-mode: true
handle-success	Checkout code	2026-02-24T22:46:15.6728871Z   fetch-tags: false
handle-success	Checkout code	2026-02-24T22:46:15.6729979Z   show-progress: true
handle-success	Checkout code	2026-02-24T22:46:15.6731064Z   lfs: false
handle-success	Checkout code	2026-02-24T22:46:15.6732087Z   submodules: false
handle-success	Checkout code	2026-02-24T22:46:15.6733246Z   set-safe-directory: true
handle-success	Checkout code	2026-02-24T22:46:15.6735561Z env:
handle-success	Checkout code	2026-02-24T22:46:15.6737393Z   PYTHON_VERSION: 3.9
handle-success	Checkout code	2026-02-24T22:46:15.6741622Z   MONGO_SUPERUSER_CONNECTION: ***
handle-success	Checkout code	2026-02-24T22:46:15.6743885Z   MONGO_NEW_PASS: ***
handle-success	Checkout code	2026-02-24T22:46:15.6746145Z   MONGO_SCRIPT_CREATE: devops/core/mongo/scripts/mongodb_status_report.py
handle-success	Checkout code	2026-02-24T22:46:15.6797107Z   KAOS_CODE: 22373344578
handle-success	Checkout code	2026-02-24T22:46:15.6798592Z   REPORT_SCAN: audit/
handle-success	Checkout code	2026-02-24T22:46:15.6799779Z   REPORT_PATH: audit/mongodb/
handle-success	Checkout code	2026-02-24T22:46:15.6801033Z   REPORT_FILENAME: 22373344578.json
handle-success	Checkout code	2026-02-24T22:46:15.6802392Z   KAOS_MODULE: [Ka0s] Status MongDB Report
handle-success	Checkout code	2026-02-24T22:46:15.6803741Z ##[endgroup]
handle-success	Checkout code	2026-02-24T22:46:16.0424603Z Syncing repository: Ka0s-Klaus/ka0s
handle-success	Checkout code	2026-02-24T22:46:16.0429700Z ##[group]Getting Git version info
handle-success	Checkout code	2026-02-24T22:46:16.0431410Z Working directory is '/home/runner/_work/ka0s/ka0s'
handle-success	Checkout code	2026-02-24T22:46:16.0433758Z [command]/usr/bin/git version
handle-success	Checkout code	2026-02-24T22:46:16.0435004Z git version 2.52.0
handle-success	Checkout code	2026-02-24T22:46:16.0479100Z ##[endgroup]
handle-success	Checkout code	2026-02-24T22:46:16.0511813Z Temporarily overriding HOME='/home/runner/_work/_temp/1fc9ffde-367d-4966-8b47-035d82b2ba9d' before making global git config changes
handle-success	Checkout code	2026-02-24T22:46:16.0519821Z Adding repository directory to the temporary git global config as a safe directory
handle-success	Checkout code	2026-02-24T22:46:16.0523429Z [command]/usr/bin/git config --global --add safe.directory /home/runner/_work/ka0s/ka0s
handle-success	Checkout code	2026-02-24T22:46:16.0610337Z Deleting the contents of '/home/runner/_work/ka0s/ka0s'
handle-success	Checkout code	2026-02-24T22:46:16.0617707Z ##[group]Initializing the repository
handle-success	Checkout code	2026-02-24T22:46:16.0646780Z [command]/usr/bin/git init /home/runner/_work/ka0s/ka0s
handle-success	Checkout code	2026-02-24T22:46:16.0737523Z hint: Using 'master' as the name for the initial branch. This default branch name
handle-success	Checkout code	2026-02-24T22:46:16.0750448Z hint: will change to "main" in Git 3.0. To configure the initial branch name
handle-success	Checkout code	2026-02-24T22:46:16.0753190Z hint: to use in all of your new repositories, which will suppress this warning,
handle-success	Checkout code	2026-02-24T22:46:16.0755228Z hint: call:
handle-success	Checkout code	2026-02-24T22:46:16.0756186Z hint:
handle-success	Checkout code	2026-02-24T22:46:16.0757273Z hint: 	git config --global init.defaultBranch <name>
handle-success	Checkout code	2026-02-24T22:46:16.0771961Z hint:
handle-success	Checkout code	2026-02-24T22:46:16.0775130Z hint: Names commonly chosen instead of 'master' are 'main', 'trunk' and
handle-success	Checkout code	2026-02-24T22:46:16.0782113Z hint: 'development'. The just-created branch can be renamed via this command:
handle-success	Checkout code	2026-02-24T22:46:16.0787552Z hint:
handle-success	Checkout code	2026-02-24T22:46:16.0790212Z hint: 	git branch -m <name>
handle-success	Checkout code	2026-02-24T22:46:16.0792962Z hint:
handle-success	Checkout code	2026-02-24T22:46:16.0795883Z hint: Disable this message with "git config set advice.defaultBranchName false"
handle-success	Checkout code	2026-02-24T22:46:16.0798560Z Initialized empty Git repository in /home/runner/_work/ka0s/ka0s/.git/
handle-success	Checkout code	2026-02-24T22:46:16.0802753Z [command]/usr/bin/git remote add origin https://github.com/Ka0s-Klaus/ka0s
handle-success	Checkout code	2026-02-24T22:46:16.0853187Z ##[endgroup]
handle-success	Checkout code	2026-02-24T22:46:16.0855896Z ##[group]Disabling automatic garbage collection
handle-success	Checkout code	2026-02-24T22:46:16.0856982Z [command]/usr/bin/git config --local gc.auto 0
handle-success	Checkout code	2026-02-24T22:46:16.0918664Z ##[endgroup]
handle-success	Checkout code	2026-02-24T22:46:16.0922219Z ##[group]Setting up auth
handle-success	Checkout code	2026-02-24T22:46:16.0928989Z [command]/usr/bin/git config --local --name-only --get-regexp core\.sshCommand
handle-success	Checkout code	2026-02-24T22:46:16.0991215Z [command]/usr/bin/git submodule foreach --recursive sh -c "git config --local --name-only --get-regexp 'core\.sshCommand' && git config --local --unset-all 'core.sshCommand' || :"
handle-success	Checkout code	2026-02-24T22:46:16.1534427Z [command]/usr/bin/git config --local --name-only --get-regexp http\.https\:\/\/github\.com\/\.extraheader
handle-success	Checkout code	2026-02-24T22:46:16.1615411Z [command]/usr/bin/git submodule foreach --recursive sh -c "git config --local --name-only --get-regexp 'http\.https\:\/\/github\.com\/\.extraheader' && git config --local --unset-all 'http.https://github.com/.extraheader' || :"
handle-success	Checkout code	2026-02-24T22:46:16.2152819Z [command]/usr/bin/git config --local --name-only --get-regexp ^includeIf\.gitdir:
handle-success	Checkout code	2026-02-24T22:46:16.2221053Z [command]/usr/bin/git submodule foreach --recursive git config --local --show-origin --name-only --get-regexp remote.origin.url
handle-success	Checkout code	2026-02-24T22:46:16.2954264Z [command]/usr/bin/git config --local http.https://github.com/.extraheader AUTHORIZATION: basic ***
handle-success	Checkout code	2026-02-24T22:46:16.3077246Z ##[endgroup]
handle-success	Checkout code	2026-02-24T22:46:16.3094446Z ##[group]Fetching the repository
handle-success	Checkout code	2026-02-24T22:46:16.3131139Z [command]/usr/bin/git -c protocol.version=2 fetch --prune --no-recurse-submodules origin +refs/heads/*:refs/remotes/origin/* +refs/tags/*:refs/tags/*
handle-success	Checkout code	2026-02-24T22:46:59.8197086Z From https://github.com/Ka0s-Klaus/ka0s
handle-success	Checkout code	2026-02-24T22:46:59.8198718Z  * [new branch]          F3450-modelo-operativo -> origin/F3450-modelo-operativo
handle-success	Checkout code	2026-02-24T22:46:59.8200142Z  * [new branch]          H1276-modulo-observabilidad -> origin/H1276-modulo-observabilidad
handle-success	Checkout code	2026-02-24T22:46:59.8201586Z  * [new branch]          H3596-deploy-itop      -> origin/H3596-deploy-itop
handle-success	Checkout code	2026-02-24T22:46:59.8203208Z  * [new branch]          H4170-flujo-detallado-zabbix---github -> origin/H4170-flujo-detallado-zabbix---github
handle-success	Checkout code	2026-02-24T22:46:59.8204871Z  * [new branch]          H4191-request-cambios  -> origin/H4191-request-cambios
handle-success	Checkout code	2026-02-24T22:46:59.8206779Z  * [new branch]          H4200-request-recomendaciones-de-auditoria -> origin/H4200-request-recomendaciones-de-auditoria
handle-success	Checkout code	2026-02-24T22:46:59.8229661Z  * [new branch]          main                   -> origin/main
handle-success	Checkout code	2026-02-24T22:46:59.8230852Z  * [new tag]             0.0.0                  -> 0.0.0
handle-success	Checkout code	2026-02-24T22:46:59.8231842Z  * [new tag]             0.0.1                  -> 0.0.1
handle-success	Checkout code	2026-02-24T22:46:59.8270599Z  * [new tag]             0.0.10                 -> 0.0.10
handle-success	Checkout code	2026-02-24T22:46:59.8272270Z  * [new tag]             0.0.100                -> 0.0.100
handle-success	Checkout code	2026-02-24T22:46:59.8273792Z  * [new tag]             0.0.101                -> 0.0.101
handle-success	Checkout code	2026-02-24T22:46:59.8275391Z  * [new tag]             0.0.102                -> 0.0.102
handle-success	Checkout code	2026-02-24T22:46:59.8276476Z  * [new tag]             0.0.103                -> 0.0.103
handle-success	Checkout code	2026-02-24T22:46:59.8277443Z  * [new tag]             0.0.104                -> 0.0.104
handle-success	Checkout code	2026-02-24T22:46:59.8300019Z  * [new tag]             0.0.105                -> 0.0.105
handle-success	Checkout code	2026-02-24T22:46:59.8301000Z  * [new tag]             0.0.106                -> 0.0.106
handle-success	Checkout code	2026-02-24T22:46:59.8301859Z  * [new tag]             0.0.107                -> 0.0.107
handle-success	Checkout code	2026-02-24T22:46:59.8302728Z  * [new tag]             0.0.108                -> 0.0.108
handle-success	Checkout code	2026-02-24T22:46:59.8304524Z  * [new tag]             0.0.109                -> 0.0.109
handle-success	Checkout code	2026-02-24T22:46:59.8305636Z  * [new tag]             0.0.11                 -> 0.0.11
handle-success	Checkout code	2026-02-24T22:46:59.8306571Z  * [new tag]             0.0.110                -> 0.0.110
handle-success	Checkout code	2026-02-24T22:46:59.8307516Z  * [new tag]             0.0.111                -> 0.0.111
handle-success	Checkout code	2026-02-24T22:46:59.8318993Z  * [new tag]             0.0.112                -> 0.0.112
handle-success	Checkout code	2026-02-24T22:46:59.8319997Z  * [new tag]             0.0.113                -> 0.0.113
handle-success	Checkout code	2026-02-24T22:46:59.8320908Z  * [new tag]             0.0.114                -> 0.0.114
handle-success	Checkout code	2026-02-24T22:46:59.8321807Z  * [new tag]             0.0.115                -> 0.0.115
handle-success	Checkout code	2026-02-24T22:46:59.8322717Z  * [new tag]             0.0.116                -> 0.0.116
handle-success	Checkout code	2026-02-24T22:46:59.8323777Z  * [new tag]             0.0.117                -> 0.0.117
handle-success	Checkout code	2026-02-24T22:46:59.8324771Z  * [new tag]             0.0.118                -> 0.0.118
handle-success	Checkout code	2026-02-24T22:46:59.8325651Z  * [new tag]             0.0.119                -> 0.0.119
handle-success	Checkout code	2026-02-24T22:46:59.8327223Z  * [new tag]             0.0.12                 -> 0.0.12
handle-success	Checkout code	2026-02-24T22:46:59.8328432Z  * [new tag]             0.0.120                -> 0.0.120
handle-success	Checkout code	2026-02-24T22:46:59.8329402Z  * [new tag]             0.0.121                -> 0.0.121
handle-success	Checkout code	2026-02-24T22:46:59.8330297Z  * [new tag]             0.0.122                -> 0.0.122
handle-success	Checkout code	2026-02-24T22:46:59.8331184Z  * [new tag]             0.0.123                -> 0.0.123
handle-success	Checkout code	2026-02-24T22:46:59.8332237Z  * [new tag]             0.0.124                -> 0.0.124
handle-success	Checkout code	2026-02-24T22:46:59.8333146Z  * [new tag]             0.0.125                -> 0.0.125
handle-success	Checkout code	2026-02-24T22:46:59.8334067Z  * [new tag]             0.0.126                -> 0.0.126
handle-success	Checkout code	2026-02-24T22:46:59.8334972Z  * [new tag]             0.0.127                -> 0.0.127
handle-success	Checkout code	2026-02-24T22:46:59.8335873Z  * [new tag]             0.0.128                -> 0.0.128
handle-success	Checkout code	2026-02-24T22:46:59.8336784Z  * [new tag]             0.0.129                -> 0.0.129
handle-success	Checkout code	2026-02-24T22:46:59.8337696Z  * [new tag]             0.0.13                 -> 0.0.13
handle-success	Checkout code	2026-02-24T22:46:59.8395129Z  * [new tag]             0.0.130                -> 0.0.130
handle-success	Checkout code	2026-02-24T22:46:59.8396146Z  * [new tag]             0.0.131                -> 0.0.131
handle-success	Checkout code	2026-02-24T22:46:59.8397026Z  * [new tag]             0.0.132                -> 0.0.132
handle-success	Checkout code	2026-02-24T22:46:59.8684076Z  * [new tag]             0.0.133                -> 0.0.133
handle-success	Checkout code	2026-02-24T22:46:59.8685696Z  * [new tag]             0.0.134                -> 0.0.134
handle-success	Checkout code	2026-02-24T22:46:59.8686823Z  * [new tag]             0.0.135                -> 0.0.135
handle-success	Checkout code	2026-02-24T22:46:59.8710217Z  * [new tag]             0.0.136                -> 0.0.136
handle-success	Checkout code	2026-02-24T22:46:59.8712361Z  * [new tag]             0.0.137                -> 0.0.137
handle-success	Checkout code	2026-02-24T22:46:59.8714041Z  * [new tag]             0.0.138                -> 0.0.138
handle-success	Checkout code	2026-02-24T22:46:59.8716335Z  * [new tag]             0.0.139                -> 0.0.139
handle-success	Checkout code	2026-02-24T22:46:59.8754086Z  * [new tag]             0.0.14                 -> 0.0.14
handle-success	Checkout code	2026-02-24T22:46:59.8756437Z  * [new tag]             0.0.140                -> 0.0.140
handle-success	Checkout code	2026-02-24T22:46:59.8758388Z  * [new tag]             0.0.141                -> 0.0.141
handle-success	Checkout code	2026-02-24T22:46:59.8760158Z  * [new tag]             0.0.142                -> 0.0.142
handle-success	Checkout code	2026-02-24T22:46:59.8761924Z  * [new tag]             0.0.143                -> 0.0.143
handle-success	Checkout code	2026-02-24T22:46:59.8763727Z  * [new tag]             0.0.144                -> 0.0.144
handle-success	Checkout code	2026-02-24T22:46:59.8765419Z  * [new tag]             0.0.145                -> 0.0.145
handle-success	Checkout code	2026-02-24T22:46:59.8767201Z  * [new tag]             0.0.146                -> 0.0.146
handle-success	Checkout code	2026-02-24T22:46:59.8791110Z  * [new tag]             0.0.147                -> 0.0.147
handle-success	Checkout code	2026-02-24T22:46:59.8793009Z  * [new tag]             0.0.148                -> 0.0.148
handle-success	Checkout code	2026-02-24T22:46:59.8794938Z  * [new tag]             0.0.149                -> 0.0.149
handle-success	Checkout code	2026-02-24T22:46:59.8796804Z  * [new tag]             0.0.15                 -> 0.0.15
handle-success	Checkout code	2026-02-24T22:46:59.8804866Z  * [new tag]             0.0.150                -> 0.0.150
handle-success	Checkout code	2026-02-24T22:46:59.8807187Z  * [new tag]             0.0.151                -> 0.0.151
handle-success	Checkout code	2026-02-24T22:46:59.8813299Z  * [new tag]             0.0.152                -> 0.0.152
handle-success	Checkout code	2026-02-24T22:46:59.8816759Z  * [new tag]             0.0.153                -> 0.0.153
handle-success	Checkout code	2026-02-24T22:46:59.8819833Z  * [new tag]             0.0.154                -> 0.0.154
handle-success	Checkout code	2026-02-24T22:46:59.8821639Z  * [new tag]             0.0.155                -> 0.0.155
handle-success	Checkout code	2026-02-24T22:46:59.8823503Z  * [new tag]             0.0.156                -> 0.0.156
handle-success	Checkout code	2026-02-24T22:46:59.8825237Z  * [new tag]             0.0.157                -> 0.0.157
handle-success	Checkout code	2026-02-24T22:46:59.8827056Z  * [new tag]             0.0.158                -> 0.0.158
handle-success	Checkout code	2026-02-24T22:46:59.8835797Z  * [new tag]             0.0.159                -> 0.0.159
handle-success	Checkout code	2026-02-24T22:46:59.8836893Z  * [new tag]             0.0.16                 -> 0.0.16
handle-success	Checkout code	2026-02-24T22:46:59.8838153Z  * [new tag]             0.0.160                -> 0.0.160
handle-success	Checkout code	2026-02-24T22:46:59.8839760Z  * [new tag]             0.0.161                -> 0.0.161
handle-success	Checkout code	2026-02-24T22:46:59.8842098Z  * [new tag]             0.0.162                -> 0.0.162
handle-success	Checkout code	2026-02-24T22:46:59.8844001Z  * [new tag]             0.0.163                -> 0.0.163
handle-success	Checkout code	2026-02-24T22:46:59.8845768Z  * [new tag]             0.0.164                -> 0.0.164
handle-success	Checkout code	2026-02-24T22:46:59.8847674Z  * [new tag]             0.0.165                -> 0.0.165
handle-success	Checkout code	2026-02-24T22:46:59.8849570Z  * [new tag]             0.0.166                -> 0.0.166
handle-success	Checkout code	2026-02-24T22:46:59.8851411Z  * [new tag]             0.0.167                -> 0.0.167
handle-success	Checkout code	2026-02-24T22:46:59.8853201Z  * [new tag]             0.0.168                -> 0.0.168
handle-success	Checkout code	2026-02-24T22:46:59.8855037Z  * [new tag]             0.0.169                -> 0.0.169
handle-success	Checkout code	2026-02-24T22:46:59.8856754Z  * [new tag]             0.0.17                 -> 0.0.17
handle-success	Checkout code	2026-02-24T22:46:59.8858759Z  * [new tag]             0.0.170                -> 0.0.170
handle-success	Checkout code	2026-02-24T22:46:59.8860612Z  * [new tag]             0.0.171                -> 0.0.171
handle-success	Checkout code	2026-02-24T22:46:59.8862865Z  * [new tag]             0.0.172                -> 0.0.172
handle-success	Checkout code	2026-02-24T22:46:59.8865542Z  * [new tag]             0.0.173                -> 0.0.173
handle-success	Checkout code	2026-02-24T22:46:59.8868664Z  * [new tag]             0.0.174                -> 0.0.174
handle-success	Checkout code	2026-02-24T22:46:59.8869830Z  * [new tag]             0.0.175                -> 0.0.175
handle-success	Checkout code	2026-02-24T22:46:59.8871028Z  * [new tag]             0.0.176                -> 0.0.176
handle-success	Checkout code	2026-02-24T22:46:59.8871985Z  * [new tag]             0.0.177                -> 0.0.177
handle-success	Checkout code	2026-02-24T22:46:59.8872937Z  * [new tag]             0.0.178                -> 0.0.178
handle-success	Checkout code	2026-02-24T22:46:59.8873927Z  * [new tag]             0.0.179                -> 0.0.179
handle-success	Checkout code	2026-02-24T22:46:59.8874866Z  * [new tag]             0.0.18                 -> 0.0.18
handle-success	Checkout code	2026-02-24T22:46:59.8875814Z  * [new tag]             0.0.19                 -> 0.0.19
handle-success	Checkout code	2026-02-24T22:46:59.8876751Z  * [new tag]             0.0.2                  -> 0.0.2
handle-success	Checkout code	2026-02-24T22:46:59.8877684Z  * [new tag]             0.0.20                 -> 0.0.20
handle-success	Checkout code	2026-02-24T22:46:59.8879616Z  * [new tag]             0.0.21                 -> 0.0.21
handle-success	Checkout code	2026-02-24T22:46:59.8881352Z  * [new tag]             0.0.22                 -> 0.0.22
handle-success	Checkout code	2026-02-24T22:46:59.8883126Z  * [new tag]             0.0.23                 -> 0.0.23
handle-success	Checkout code	2026-02-24T22:46:59.8884964Z  * [new tag]             0.0.24                 -> 0.0.24
handle-success	Checkout code	2026-02-24T22:46:59.8886774Z  * [new tag]             0.0.25                 -> 0.0.25
handle-success	Checkout code	2026-02-24T22:46:59.8888836Z  * [new tag]             0.0.26                 -> 0.0.26
handle-success	Checkout code	2026-02-24T22:46:59.8890601Z  * [new tag]             0.0.27                 -> 0.0.27
handle-success	Checkout code	2026-02-24T22:46:59.8892346Z  * [new tag]             0.0.28                 -> 0.0.28
handle-success	Checkout code	2026-02-24T22:46:59.8894178Z  * [new tag]             0.0.29                 -> 0.0.29
handle-success	Checkout code	2026-02-24T22:46:59.8895935Z  * [new tag]             0.0.3                  -> 0.0.3
handle-success	Checkout code	2026-02-24T22:46:59.8897764Z  * [new tag]             0.0.30                 -> 0.0.30
handle-success	Checkout code	2026-02-24T22:46:59.8900248Z  * [new tag]             0.0.31                 -> 0.0.31
handle-success	Checkout code	2026-02-24T22:46:59.8902560Z  * [new tag]             0.0.32                 -> 0.0.32
handle-success	Checkout code	2026-02-24T22:46:59.8904397Z  * [new tag]             0.0.33                 -> 0.0.33
handle-success	Checkout code	2026-02-24T22:46:59.8906160Z  * [new tag]             0.0.34                 -> 0.0.34
handle-success	Checkout code	2026-02-24T22:46:59.8908175Z  * [new tag]             0.0.35                 -> 0.0.35
handle-success	Checkout code	2026-02-24T22:46:59.8909072Z  * [new tag]             0.0.36                 -> 0.0.36
handle-success	Checkout code	2026-02-24T22:46:59.8909934Z  * [new tag]             0.0.37                 -> 0.0.37
handle-success	Checkout code	2026-02-24T22:46:59.8910849Z  * [new tag]             0.0.38                 -> 0.0.38
handle-success	Checkout code	2026-02-24T22:46:59.8911794Z  * [new tag]             0.0.39                 -> 0.0.39
handle-success	Checkout code	2026-02-24T22:46:59.8912703Z  * [new tag]             0.0.4                  -> 0.0.4
handle-success	Checkout code	2026-02-24T22:46:59.8913632Z  * [new tag]             0.0.40                 -> 0.0.40
handle-success	Checkout code	2026-02-24T22:46:59.8914576Z  * [new tag]             0.0.41                 -> 0.0.41
handle-success	Checkout code	2026-02-24T22:46:59.8915507Z  * [new tag]             0.0.42                 -> 0.0.42
handle-success	Checkout code	2026-02-24T22:46:59.8916947Z  * [new tag]             0.0.43                 -> 0.0.43
handle-success	Checkout code	2026-02-24T22:46:59.8918231Z  * [new tag]             0.0.44                 -> 0.0.44
handle-success	Checkout code	2026-02-24T22:46:59.8919972Z  * [new tag]             0.0.45                 -> 0.0.45
handle-success	Checkout code	2026-02-24T22:46:59.8921739Z  * [new tag]             0.0.46                 -> 0.0.46
handle-success	Checkout code	2026-02-24T22:46:59.8923534Z  * [new tag]             0.0.47                 -> 0.0.47
handle-success	Checkout code	2026-02-24T22:46:59.8925348Z  * [new tag]             0.0.48                 -> 0.0.48
handle-success	Checkout code	2026-02-24T22:46:59.8927179Z  * [new tag]             0.0.49                 -> 0.0.49
handle-success	Checkout code	2026-02-24T22:46:59.8929488Z  * [new tag]             0.0.5                  -> 0.0.5
handle-success	Checkout code	2026-02-24T22:46:59.8931323Z  * [new tag]             0.0.50                 -> 0.0.50
handle-success	Checkout code	2026-02-24T22:46:59.8933058Z  * [new tag]             0.0.51                 -> 0.0.51
handle-success	Checkout code	2026-02-24T22:46:59.8934943Z  * [new tag]             0.0.52                 -> 0.0.52
handle-success	Checkout code	2026-02-24T22:46:59.8936751Z  * [new tag]             0.0.53                 -> 0.0.53
handle-success	Checkout code	2026-02-24T22:46:59.8938760Z  * [new tag]             0.0.54                 -> 0.0.54
handle-success	Checkout code	2026-02-24T22:46:59.8940558Z  * [new tag]             0.0.55                 -> 0.0.55
handle-success	Checkout code	2026-02-24T22:46:59.8942460Z  * [new tag]             0.0.56                 -> 0.0.56
handle-success	Checkout code	2026-02-24T22:46:59.8944333Z  * [new tag]             0.0.57                 -> 0.0.57
handle-success	Checkout code	2026-02-24T22:46:59.8946408Z  * [new tag]             0.0.58                 -> 0.0.58
handle-success	Checkout code	2026-02-24T22:46:59.8948283Z  * [new tag]             0.0.59                 -> 0.0.59
handle-success	Checkout code	2026-02-24T22:46:59.8949128Z  * [new tag]             0.0.6                  -> 0.0.6
handle-success	Checkout code	2026-02-24T22:46:59.8949940Z  * [new tag]             0.0.60                 -> 0.0.60
handle-success	Checkout code	2026-02-24T22:46:59.8950774Z  * [new tag]             0.0.61                 -> 0.0.61
handle-success	Checkout code	2026-02-24T22:46:59.8951646Z  * [new tag]             0.0.62                 -> 0.0.62
handle-success	Checkout code	2026-02-24T22:46:59.8953139Z  * [new tag]             0.0.63                 -> 0.0.63
handle-success	Checkout code	2026-02-24T22:46:59.8955280Z  * [new tag]             0.0.64                 -> 0.0.64
handle-success	Checkout code	2026-02-24T22:46:59.8957128Z  * [new tag]             0.0.65                 -> 0.0.65
handle-success	Checkout code	2026-02-24T22:46:59.8959169Z  * [new tag]             0.0.66                 -> 0.0.66
handle-success	Checkout code	2026-02-24T22:46:59.8960993Z  * [new tag]             0.0.67                 -> 0.0.67
handle-success	Checkout code	2026-02-24T22:46:59.8962806Z  * [new tag]             0.0.68                 -> 0.0.68
handle-success	Checkout code	2026-02-24T22:46:59.8964657Z  * [new tag]             0.0.69                 -> 0.0.69
handle-success	Checkout code	2026-02-24T22:46:59.8966445Z  * [new tag]             0.0.7                  -> 0.0.7
handle-success	Checkout code	2026-02-24T22:46:59.8968177Z  * [new tag]             0.0.70                 -> 0.0.70
handle-success	Checkout code	2026-02-24T22:46:59.8969032Z  * [new tag]             0.0.71                 -> 0.0.71
handle-success	Checkout code	2026-02-24T22:46:59.8969844Z  * [new tag]             0.0.72                 -> 0.0.72
handle-success	Checkout code	2026-02-24T22:46:59.8970693Z  * [new tag]             0.0.73                 -> 0.0.73
handle-success	Checkout code	2026-02-24T22:46:59.8971602Z  * [new tag]             0.0.74                 -> 0.0.74
handle-success	Checkout code	2026-02-24T22:46:59.8973063Z  * [new tag]             0.0.75                 -> 0.0.75
handle-success	Checkout code	2026-02-24T22:46:59.8973988Z  * [new tag]             0.0.76                 -> 0.0.76
handle-success	Checkout code	2026-02-24T22:46:59.8974898Z  * [new tag]             0.0.77                 -> 0.0.77
handle-success	Checkout code	2026-02-24T22:46:59.8975834Z  * [new tag]             0.0.78                 -> 0.0.78
handle-success	Checkout code	2026-02-24T22:46:59.8976760Z  * [new tag]             0.0.79                 -> 0.0.79
handle-success	Checkout code	2026-02-24T22:46:59.8977671Z  * [new tag]             0.0.8                  -> 0.0.8
handle-success	Checkout code	2026-02-24T22:46:59.8978724Z  * [new tag]             0.0.80                 -> 0.0.80
handle-success	Checkout code	2026-02-24T22:46:59.8979644Z  * [new tag]             0.0.81                 -> 0.0.81
handle-success	Checkout code	2026-02-24T22:46:59.8980575Z  * [new tag]             0.0.82                 -> 0.0.82
handle-success	Checkout code	2026-02-24T22:46:59.8981497Z  * [new tag]             0.0.83                 -> 0.0.83
handle-success	Checkout code	2026-02-24T22:46:59.8982414Z  * [new tag]             0.0.84                 -> 0.0.84
handle-success	Checkout code	2026-02-24T22:46:59.8983961Z  * [new tag]             0.0.85                 -> 0.0.85
handle-success	Checkout code	2026-02-24T22:46:59.8985866Z  * [new tag]             0.0.86                 -> 0.0.86
handle-success	Checkout code	2026-02-24T22:46:59.8987223Z  * [new tag]             0.0.87                 -> 0.0.87
handle-success	Checkout code	2026-02-24T22:46:59.8988958Z  * [new tag]             0.0.88                 -> 0.0.88
handle-success	Checkout code	2026-02-24T22:46:59.8991432Z  * [new tag]             0.0.89                 -> 0.0.89
handle-success	Checkout code	2026-02-24T22:46:59.8993577Z  * [new tag]             0.0.9                  -> 0.0.9
handle-success	Checkout code	2026-02-24T22:46:59.8995343Z  * [new tag]             0.0.90                 -> 0.0.90
handle-success	Checkout code	2026-02-24T22:46:59.8997128Z  * [new tag]             0.0.91                 -> 0.0.91
handle-success	Checkout code	2026-02-24T22:46:59.8999159Z  * [new tag]             0.0.92                 -> 0.0.92
handle-success	Checkout code	2026-02-24T22:46:59.9000999Z  * [new tag]             0.0.93                 -> 0.0.93
handle-success	Checkout code	2026-02-24T22:46:59.9002790Z  * [new tag]             0.0.94                 -> 0.0.94
handle-success	Checkout code	2026-02-24T22:46:59.9004556Z  * [new tag]             0.0.95                 -> 0.0.95
handle-success	Checkout code	2026-02-24T22:46:59.9006451Z  * [new tag]             0.0.96                 -> 0.0.96
handle-success	Checkout code	2026-02-24T22:46:59.9008403Z  * [new tag]             0.0.97                 -> 0.0.97
handle-success	Checkout code	2026-02-24T22:46:59.9010220Z  * [new tag]             0.0.98                 -> 0.0.98
handle-success	Checkout code	2026-02-24T22:46:59.9012040Z  * [new tag]             0.0.99                 -> 0.0.99
handle-success	Checkout code	2026-02-24T22:46:59.9013848Z  * [new tag]             0.1.0                  -> 0.1.0
handle-success	Checkout code	2026-02-24T22:46:59.9015653Z  * [new tag]             0.1.1                  -> 0.1.1
handle-success	Checkout code	2026-02-24T22:46:59.9018314Z  * [new tag]             0.2.0                  -> 0.2.0
handle-success	Checkout code	2026-02-24T22:46:59.9020917Z  * [new tag]             0.3.0                  -> 0.3.0
handle-success	Checkout code	2026-02-24T22:46:59.9023482Z  * [new tag]             0.3.1                  -> 0.3.1
handle-success	Checkout code	2026-02-24T22:46:59.9026028Z  * [new tag]             0.3.10                 -> 0.3.10
handle-success	Checkout code	2026-02-24T22:46:59.9028764Z  * [new tag]             0.3.11                 -> 0.3.11
handle-success	Checkout code	2026-02-24T22:46:59.9031369Z  * [new tag]             0.3.12                 -> 0.3.12
handle-success	Checkout code	2026-02-24T22:46:59.9034210Z  * [new tag]             0.3.13                 -> 0.3.13
handle-success	Checkout code	2026-02-24T22:46:59.9036641Z  * [new tag]             0.3.14                 -> 0.3.14
handle-success	Checkout code	2026-02-24T22:46:59.9038709Z  * [new tag]             0.3.15                 -> 0.3.15
handle-success	Checkout code	2026-02-24T22:46:59.9040753Z  * [new tag]             0.3.16                 -> 0.3.16
handle-success	Checkout code	2026-02-24T22:46:59.9042597Z  * [new tag]             0.3.17                 -> 0.3.17
handle-success	Checkout code	2026-02-24T22:46:59.9044386Z  * [new tag]             0.3.2                  -> 0.3.2
handle-success	Checkout code	2026-02-24T22:46:59.9046205Z  * [new tag]             0.3.3                  -> 0.3.3
handle-success	Checkout code	2026-02-24T22:46:59.9048269Z  * [new tag]             0.3.4                  -> 0.3.4
handle-success	Checkout code	2026-02-24T22:46:59.9050023Z  * [new tag]             0.3.5                  -> 0.3.5
handle-success	Checkout code	2026-02-24T22:46:59.9051495Z  * [new tag]             0.3.6                  -> 0.3.6
handle-success	Checkout code	2026-02-24T22:46:59.9052402Z  * [new tag]             0.3.7                  -> 0.3.7
handle-success	Checkout code	2026-02-24T22:46:59.9053913Z  * [new tag]             0.3.8                  -> 0.3.8
handle-success	Checkout code	2026-02-24T22:46:59.9056335Z  * [new tag]             0.3.9                  -> 0.3.9
handle-success	Checkout code	2026-02-24T22:46:59.9058196Z  * [new tag]             0.4.0                  -> 0.4.0
handle-success	Checkout code	2026-02-24T22:46:59.9059068Z  * [new tag]             0.4.1                  -> 0.4.1
handle-success	Checkout code	2026-02-24T22:46:59.9059855Z  * [new tag]             0.4.2                  -> 0.4.2
handle-success	Checkout code	2026-02-24T22:46:59.9060659Z  * [new tag]             0.4.3                  -> 0.4.3
handle-success	Checkout code	2026-02-24T22:46:59.9061457Z  * [new tag]             0.4.4                  -> 0.4.4
handle-success	Checkout code	2026-02-24T22:46:59.9062314Z  * [new tag]             0.4.5                  -> 0.4.5
handle-success	Checkout code	2026-02-24T22:46:59.9063213Z  * [new tag]             0.4.6                  -> 0.4.6
handle-success	Checkout code	2026-02-24T22:46:59.9064083Z  * [new tag]             0.4.7                  -> 0.4.7
handle-success	Checkout code	2026-02-24T22:46:59.9065009Z  * [new tag]             0.4.8                  -> 0.4.8
handle-success	Checkout code	2026-02-24T22:46:59.9065927Z  * [new tag]             0.4.9                  -> 0.4.9
handle-success	Checkout code	2026-02-24T22:46:59.9066845Z  * [new tag]             0.5.0                  -> 0.5.0
handle-success	Checkout code	2026-02-24T22:46:59.9069050Z  * [new tag]             0.5.1                  -> 0.5.1
handle-success	Checkout code	2026-02-24T22:46:59.9070588Z  * [new tag]             0.5.2                  -> 0.5.2
handle-success	Checkout code	2026-02-24T22:46:59.9071940Z  * [new tag]             0.6.0                  -> 0.6.0
handle-success	Checkout code	2026-02-24T22:46:59.9073441Z  * [new tag]             0.6.1                  -> 0.6.1
handle-success	Checkout code	2026-02-24T22:46:59.9075272Z  * [new tag]             0.6.2                  -> 0.6.2
handle-success	Checkout code	2026-02-24T22:46:59.9077086Z  * [new tag]             0.6.3                  -> 0.6.3
handle-success	Checkout code	2026-02-24T22:46:59.9079053Z  * [new tag]             0.6.4                  -> 0.6.4
handle-success	Checkout code	2026-02-24T22:46:59.9080720Z  * [new tag]             0.6.5                  -> 0.6.5
handle-success	Checkout code	2026-02-24T22:46:59.9082433Z  * [new tag]             0.6.6                  -> 0.6.6
handle-success	Checkout code	2026-02-24T22:46:59.9351150Z [command]/usr/bin/git branch --list --remote origin/main
handle-success	Checkout code	2026-02-24T22:46:59.9507616Z   origin/main
handle-success	Checkout code	2026-02-24T22:46:59.9533624Z [command]/usr/bin/git rev-parse refs/remotes/origin/main
handle-success	Checkout code	2026-02-24T22:46:59.9582781Z a82f0d6a474315f1357d7435be6cdd22b6cc1f3b
handle-success	Checkout code	2026-02-24T22:46:59.9617194Z [command]/usr/bin/git -c protocol.version=2 fetch --no-tags --prune --no-recurse-submodules origin +3539e00942b130795671abcd1c29ed1aac86b617:refs/remotes/origin/main
handle-success	Checkout code	2026-02-24T22:46:59.9899626Z From https://github.com/Ka0s-Klaus/ka0s
handle-success	Checkout code	2026-02-24T22:46:59.9901935Z  + a82f0d6a4...3539e0094 3539e00942b130795671abcd1c29ed1aac86b617 -> origin/main  (forced update)
handle-success	Checkout code	2026-02-24T22:46:59.9966015Z ##[endgroup]
handle-success	Checkout code	2026-02-24T22:46:59.9967644Z ##[group]Determining the checkout info
handle-success	Checkout code	2026-02-24T22:46:59.9970141Z ##[endgroup]
handle-success	Checkout code	2026-02-24T22:46:59.9976864Z [command]/usr/bin/git sparse-checkout disable
handle-success	Checkout code	2026-02-24T22:47:00.0053970Z [command]/usr/bin/git config --local --unset-all extensions.worktreeConfig
handle-success	Checkout code	2026-02-24T22:47:00.0105032Z ##[group]Checking out the ref
handle-success	Checkout code	2026-02-24T22:47:00.0114382Z [command]/usr/bin/git checkout --progress --force -B main refs/remotes/origin/main
handle-success	Checkout code	2026-02-24T22:47:00.3816416Z Switched to a new branch 'main'
handle-success	Checkout code	2026-02-24T22:47:00.3826567Z branch 'main' set up to track 'origin/main'.
handle-success	Checkout code	2026-02-24T22:47:00.3886131Z ##[endgroup]
handle-success	Checkout code	2026-02-24T22:47:00.3965991Z [command]/usr/bin/git log -1 --format=%H
handle-success	Checkout code	2026-02-24T22:47:00.4017685Z 3539e00942b130795671abcd1c29ed1aac86b617
handle-success	handle-success-execution	Ôªø2026-02-24T22:47:00.4419778Z ##[group]Run # Si todo ha ido correcto a√±adimos el contenido del fichero 
handle-success	handle-success-execution	2026-02-24T22:47:00.4422293Z [36;1m# Si todo ha ido correcto a√±adimos el contenido del fichero [0m
handle-success	handle-success-execution	2026-02-24T22:47:00.4424174Z [36;1mecho "Process completed successfully 22373344578"[0m
handle-success	handle-success-execution	2026-02-24T22:47:00.4425897Z [36;1m# RNNUMBER=$(echo "refs/heads/main" | grep -o '[0-9]*')[0m
handle-success	handle-success-execution	2026-02-24T22:47:00.4429537Z [36;1m# gh issue comment $RNNUMBER --body "El proceso ha finalizado correctamente 22373344578. El resultado est√° en el fichero core/results/event_data_22373344578.log"[0m
handle-success	handle-success-execution	2026-02-24T22:47:00.4460193Z shell: /usr/bin/bash -e {0}
handle-success	handle-success-execution	2026-02-24T22:47:00.4460562Z env:
handle-success	handle-success-execution	2026-02-24T22:47:00.4460806Z   PYTHON_VERSION: 3.9
handle-success	handle-success-execution	2026-02-24T22:47:00.4478235Z   MONGO_SUPERUSER_CONNECTION: ***
handle-success	handle-success-execution	2026-02-24T22:47:00.4479604Z   MONGO_NEW_PASS: ***
handle-success	handle-success-execution	2026-02-24T22:47:00.4480027Z   MONGO_SCRIPT_CREATE: devops/core/mongo/scripts/mongodb_status_report.py
handle-success	handle-success-execution	2026-02-24T22:47:00.4480497Z   KAOS_CODE: 22373344578
handle-success	handle-success-execution	2026-02-24T22:47:00.4480768Z   REPORT_SCAN: audit/
handle-success	handle-success-execution	2026-02-24T22:47:00.4481082Z   REPORT_PATH: audit/mongodb/
handle-success	handle-success-execution	2026-02-24T22:47:00.4481380Z   REPORT_FILENAME: 22373344578.json
handle-success	handle-success-execution	2026-02-24T22:47:00.4481714Z   KAOS_MODULE: [Ka0s] Status MongDB Report
handle-success	handle-success-execution	2026-02-24T22:47:00.4482199Z   GH_TOKEN: ***
handle-success	handle-success-execution	2026-02-24T22:47:00.4482444Z ##[endgroup]
handle-success	handle-success-execution	2026-02-24T22:47:00.4584352Z Process completed successfully 22373344578
handle-success	Post Checkout code	Ôªø2026-02-24T22:47:00.4928307Z Post job cleanup.
handle-success	Post Checkout code	2026-02-24T22:47:00.6799056Z [command]/usr/bin/git version
handle-success	Post Checkout code	2026-02-24T22:47:00.6872008Z git version 2.52.0
handle-success	Post Checkout code	2026-02-24T22:47:00.6952196Z Temporarily overriding HOME='/home/runner/_work/_temp/edce840b-3fba-452b-b817-cca3be959380' before making global git config changes
handle-success	Post Checkout code	2026-02-24T22:47:00.6954034Z Adding repository directory to the temporary git global config as a safe directory
handle-success	Post Checkout code	2026-02-24T22:47:00.6964625Z [command]/usr/bin/git config --global --add safe.directory /home/runner/_work/ka0s/ka0s
handle-success	Post Checkout code	2026-02-24T22:47:00.7033821Z [command]/usr/bin/git config --local --name-only --get-regexp core\.sshCommand
handle-success	Post Checkout code	2026-02-24T22:47:00.7128900Z [command]/usr/bin/git submodule foreach --recursive sh -c "git config --local --name-only --get-regexp 'core\.sshCommand' && git config --local --unset-all 'core.sshCommand' || :"
handle-success	Post Checkout code	2026-02-24T22:47:00.7624310Z [command]/usr/bin/git config --local --name-only --get-regexp http\.https\:\/\/github\.com\/\.extraheader
handle-success	Post Checkout code	2026-02-24T22:47:00.7664893Z http.https://github.com/.extraheader
handle-success	Post Checkout code	2026-02-24T22:47:00.7685729Z [command]/usr/bin/git config --local --unset-all http.https://github.com/.extraheader
handle-success	Post Checkout code	2026-02-24T22:47:00.7743547Z [command]/usr/bin/git submodule foreach --recursive sh -c "git config --local --name-only --get-regexp 'http\.https\:\/\/github\.com\/\.extraheader' && git config --local --unset-all 'http.https://github.com/.extraheader' || :"
handle-success	Post Checkout code	2026-02-24T22:47:00.8203711Z [command]/usr/bin/git config --local --name-only --get-regexp ^includeIf\.gitdir:
handle-success	Post Checkout code	2026-02-24T22:47:00.8261195Z [command]/usr/bin/git submodule foreach --recursive git config --local --show-origin --name-only --get-regexp remote.origin.url
handle-success	Complete job	Ôªø2026-02-24T22:47:00.9035516Z Cleaning up orphan processes
end-workflow	Set up job	Ôªø2026-02-24T22:47:12.8879318Z Current runner version: '2.331.0'
end-workflow	Set up job	2026-02-24T22:47:12.8888886Z Runner name: 'swarm-runners-scaleset-hkss5-runner-s2zhj'
end-workflow	Set up job	2026-02-24T22:47:12.8890049Z Runner group name: 'Default'
end-workflow	Set up job	2026-02-24T22:47:12.8891200Z Machine name: 'swarm-runners-scaleset-hkss5-runner-s2zhj'
end-workflow	Set up job	2026-02-24T22:47:12.8895901Z ##[group]GITHUB_TOKEN Permissions
end-workflow	Set up job	2026-02-24T22:47:12.8898816Z Actions: write
end-workflow	Set up job	2026-02-24T22:47:12.8899373Z Contents: write
end-workflow	Set up job	2026-02-24T22:47:12.8900032Z Issues: write
end-workflow	Set up job	2026-02-24T22:47:12.8900619Z Metadata: read
end-workflow	Set up job	2026-02-24T22:47:12.8901132Z PullRequests: write
end-workflow	Set up job	2026-02-24T22:47:12.8901823Z ##[endgroup]
end-workflow	Set up job	2026-02-24T22:47:12.8904597Z Secret source: Actions
end-workflow	Set up job	2026-02-24T22:47:12.8905290Z Prepare workflow directory
end-workflow	Set up job	2026-02-24T22:47:12.9524592Z Prepare all required actions
end-workflow	Set up job	2026-02-24T22:47:12.9568252Z Getting action download info
end-workflow	Set up job	2026-02-24T22:47:13.5423389Z Download action repository 'actions/checkout@v4' (SHA:34e114876b0b11c390a56381ad16ebd13914f8d5)
end-workflow	Set up job	2026-02-24T22:47:14.4880145Z Complete job name: end-workflow
end-workflow	Checkout Repository	Ôªø2026-02-24T22:47:14.5517075Z ##[group]Run actions/checkout@v4
end-workflow	Checkout Repository	2026-02-24T22:47:14.5518075Z with:
end-workflow	Checkout Repository	2026-02-24T22:47:14.5518525Z   fetch-depth: 0
end-workflow	Checkout Repository	2026-02-24T22:47:14.5518971Z   repository: Ka0s-Klaus/ka0s
end-workflow	Checkout Repository	2026-02-24T22:47:14.5519738Z   token: ***
end-workflow	Checkout Repository	2026-02-24T22:47:14.5520156Z   ssh-strict: true
end-workflow	Checkout Repository	2026-02-24T22:47:14.5520585Z   ssh-user: git
end-workflow	Checkout Repository	2026-02-24T22:47:14.5521019Z   persist-credentials: true
end-workflow	Checkout Repository	2026-02-24T22:47:14.5521507Z   clean: true
end-workflow	Checkout Repository	2026-02-24T22:47:14.5521944Z   sparse-checkout-cone-mode: true
end-workflow	Checkout Repository	2026-02-24T22:47:14.5522724Z   fetch-tags: false
end-workflow	Checkout Repository	2026-02-24T22:47:14.5523309Z   show-progress: true
end-workflow	Checkout Repository	2026-02-24T22:47:14.5523761Z   lfs: false
end-workflow	Checkout Repository	2026-02-24T22:47:14.5524180Z   submodules: false
end-workflow	Checkout Repository	2026-02-24T22:47:14.5524621Z   set-safe-directory: true
end-workflow	Checkout Repository	2026-02-24T22:47:14.5525352Z env:
end-workflow	Checkout Repository	2026-02-24T22:47:14.5525769Z   PYTHON_VERSION: 3.9
end-workflow	Checkout Repository	2026-02-24T22:47:14.5527039Z   MONGO_SUPERUSER_CONNECTION: ***
end-workflow	Checkout Repository	2026-02-24T22:47:14.5527770Z   MONGO_NEW_PASS: ***
end-workflow	Checkout Repository	2026-02-24T22:47:14.5528435Z   MONGO_SCRIPT_CREATE: devops/core/mongo/scripts/mongodb_status_report.py
end-workflow	Checkout Repository	2026-02-24T22:47:14.5529265Z   KAOS_CODE: 22373344578
end-workflow	Checkout Repository	2026-02-24T22:47:14.5529869Z   REPORT_SCAN: audit/
end-workflow	Checkout Repository	2026-02-24T22:47:14.5530342Z   REPORT_PATH: audit/mongodb/
end-workflow	Checkout Repository	2026-02-24T22:47:14.5530866Z   REPORT_FILENAME: 22373344578.json
end-workflow	Checkout Repository	2026-02-24T22:47:14.5531427Z   KAOS_MODULE: [Ka0s] Status MongDB Report
end-workflow	Checkout Repository	2026-02-24T22:47:14.5531986Z ##[endgroup]
end-workflow	Checkout Repository	2026-02-24T22:47:14.6835432Z Syncing repository: Ka0s-Klaus/ka0s
end-workflow	Checkout Repository	2026-02-24T22:47:14.6837708Z ##[group]Getting Git version info
end-workflow	Checkout Repository	2026-02-24T22:47:14.6838409Z Working directory is '/home/runner/_work/ka0s/ka0s'
end-workflow	Checkout Repository	2026-02-24T22:47:14.6839372Z [command]/usr/bin/git version
end-workflow	Checkout Repository	2026-02-24T22:47:14.6839932Z git version 2.52.0
end-workflow	Checkout Repository	2026-02-24T22:47:14.6863230Z ##[endgroup]
end-workflow	Checkout Repository	2026-02-24T22:47:14.6881042Z Temporarily overriding HOME='/home/runner/_work/_temp/7664090b-8b78-4ee4-beff-c36a141833df' before making global git config changes
end-workflow	Checkout Repository	2026-02-24T22:47:14.6883131Z Adding repository directory to the temporary git global config as a safe directory
end-workflow	Checkout Repository	2026-02-24T22:47:14.6887726Z [command]/usr/bin/git config --global --add safe.directory /home/runner/_work/ka0s/ka0s
end-workflow	Checkout Repository	2026-02-24T22:47:14.6935324Z Deleting the contents of '/home/runner/_work/ka0s/ka0s'
end-workflow	Checkout Repository	2026-02-24T22:47:14.6948378Z ##[group]Initializing the repository
end-workflow	Checkout Repository	2026-02-24T22:47:14.6951925Z [command]/usr/bin/git init /home/runner/_work/ka0s/ka0s
end-workflow	Checkout Repository	2026-02-24T22:47:14.7011663Z hint: Using 'master' as the name for the initial branch. This default branch name
end-workflow	Checkout Repository	2026-02-24T22:47:14.7013833Z hint: will change to "main" in Git 3.0. To configure the initial branch name
end-workflow	Checkout Repository	2026-02-24T22:47:14.7015380Z hint: to use in all of your new repositories, which will suppress this warning,
end-workflow	Checkout Repository	2026-02-24T22:47:14.7016215Z hint: call:
end-workflow	Checkout Repository	2026-02-24T22:47:14.7016607Z hint:
end-workflow	Checkout Repository	2026-02-24T22:47:14.7017420Z hint: 	git config --global init.defaultBranch <name>
end-workflow	Checkout Repository	2026-02-24T22:47:14.7018046Z hint:
end-workflow	Checkout Repository	2026-02-24T22:47:14.7018629Z hint: Names commonly chosen instead of 'master' are 'main', 'trunk' and
end-workflow	Checkout Repository	2026-02-24T22:47:14.7019609Z hint: 'development'. The just-created branch can be renamed via this command:
end-workflow	Checkout Repository	2026-02-24T22:47:14.7020948Z hint:
end-workflow	Checkout Repository	2026-02-24T22:47:14.7021363Z hint: 	git branch -m <name>
end-workflow	Checkout Repository	2026-02-24T22:47:14.7021838Z hint:
end-workflow	Checkout Repository	2026-02-24T22:47:14.7024303Z hint: Disable this message with "git config set advice.defaultBranchName false"
end-workflow	Checkout Repository	2026-02-24T22:47:14.7025390Z Initialized empty Git repository in /home/runner/_work/ka0s/ka0s/.git/
end-workflow	Checkout Repository	2026-02-24T22:47:14.7027700Z [command]/usr/bin/git remote add origin https://github.com/Ka0s-Klaus/ka0s
end-workflow	Checkout Repository	2026-02-24T22:47:14.7073748Z ##[endgroup]
end-workflow	Checkout Repository	2026-02-24T22:47:14.7074702Z ##[group]Disabling automatic garbage collection
end-workflow	Checkout Repository	2026-02-24T22:47:14.7078229Z [command]/usr/bin/git config --local gc.auto 0
end-workflow	Checkout Repository	2026-02-24T22:47:14.7130768Z ##[endgroup]
end-workflow	Checkout Repository	2026-02-24T22:47:14.7131706Z ##[group]Setting up auth
end-workflow	Checkout Repository	2026-02-24T22:47:14.7138846Z [command]/usr/bin/git config --local --name-only --get-regexp core\.sshCommand
end-workflow	Checkout Repository	2026-02-24T22:47:14.7181388Z [command]/usr/bin/git submodule foreach --recursive sh -c "git config --local --name-only --get-regexp 'core\.sshCommand' && git config --local --unset-all 'core.sshCommand' || :"
end-workflow	Checkout Repository	2026-02-24T22:47:14.7528467Z [command]/usr/bin/git config --local --name-only --get-regexp http\.https\:\/\/github\.com\/\.extraheader
end-workflow	Checkout Repository	2026-02-24T22:47:14.7571259Z [command]/usr/bin/git submodule foreach --recursive sh -c "git config --local --name-only --get-regexp 'http\.https\:\/\/github\.com\/\.extraheader' && git config --local --unset-all 'http.https://github.com/.extraheader' || :"
end-workflow	Checkout Repository	2026-02-24T22:47:14.7906285Z [command]/usr/bin/git config --local --name-only --get-regexp ^includeIf\.gitdir:
end-workflow	Checkout Repository	2026-02-24T22:47:14.7947642Z [command]/usr/bin/git submodule foreach --recursive git config --local --show-origin --name-only --get-regexp remote.origin.url
end-workflow	Checkout Repository	2026-02-24T22:47:14.8282172Z [command]/usr/bin/git config --local http.https://github.com/.extraheader AUTHORIZATION: basic ***
end-workflow	Checkout Repository	2026-02-24T22:47:14.8341845Z ##[endgroup]
end-workflow	Checkout Repository	2026-02-24T22:47:14.8344327Z ##[group]Fetching the repository
end-workflow	Checkout Repository	2026-02-24T22:47:14.8351390Z [command]/usr/bin/git -c protocol.version=2 fetch --prune --no-recurse-submodules origin +refs/heads/*:refs/remotes/origin/* +refs/tags/*:refs/tags/*
end-workflow	Checkout Repository	2026-02-24T22:47:36.2724084Z From https://github.com/Ka0s-Klaus/ka0s
end-workflow	Checkout Repository	2026-02-24T22:47:36.2724905Z  * [new branch]          F3450-modelo-operativo -> origin/F3450-modelo-operativo
end-workflow	Checkout Repository	2026-02-24T22:47:36.2725556Z  * [new branch]          H1276-modulo-observabilidad -> origin/H1276-modulo-observabilidad
end-workflow	Checkout Repository	2026-02-24T22:47:36.2726179Z  * [new branch]          H3596-deploy-itop      -> origin/H3596-deploy-itop
end-workflow	Checkout Repository	2026-02-24T22:47:36.2726876Z  * [new branch]          H4170-flujo-detallado-zabbix---github -> origin/H4170-flujo-detallado-zabbix---github
end-workflow	Checkout Repository	2026-02-24T22:47:36.2727594Z  * [new branch]          H4191-request-cambios  -> origin/H4191-request-cambios
end-workflow	Checkout Repository	2026-02-24T22:47:36.2728361Z  * [new branch]          H4200-request-recomendaciones-de-auditoria -> origin/H4200-request-recomendaciones-de-auditoria
end-workflow	Checkout Repository	2026-02-24T22:47:36.2729088Z  * [new branch]          main                   -> origin/main
end-workflow	Checkout Repository	2026-02-24T22:47:36.2729525Z  * [new tag]             0.0.0                  -> 0.0.0
end-workflow	Checkout Repository	2026-02-24T22:47:36.2730050Z  * [new tag]             0.0.1                  -> 0.0.1
end-workflow	Checkout Repository	2026-02-24T22:47:36.2730456Z  * [new tag]             0.0.10                 -> 0.0.10
end-workflow	Checkout Repository	2026-02-24T22:47:36.2730913Z  * [new tag]             0.0.100                -> 0.0.100
end-workflow	Checkout Repository	2026-02-24T22:47:36.2731329Z  * [new tag]             0.0.101                -> 0.0.101
end-workflow	Checkout Repository	2026-02-24T22:47:36.2731756Z  * [new tag]             0.0.102                -> 0.0.102
end-workflow	Checkout Repository	2026-02-24T22:47:36.2732277Z  * [new tag]             0.0.103                -> 0.0.103
end-workflow	Checkout Repository	2026-02-24T22:47:36.2753687Z  * [new tag]             0.0.104                -> 0.0.104
end-workflow	Checkout Repository	2026-02-24T22:47:36.2754197Z  * [new tag]             0.0.105                -> 0.0.105
end-workflow	Checkout Repository	2026-02-24T22:47:36.2754593Z  * [new tag]             0.0.106                -> 0.0.106
end-workflow	Checkout Repository	2026-02-24T22:47:36.2755164Z  * [new tag]             0.0.107                -> 0.0.107
end-workflow	Checkout Repository	2026-02-24T22:47:36.2755566Z  * [new tag]             0.0.108                -> 0.0.108
end-workflow	Checkout Repository	2026-02-24T22:47:36.2756443Z  * [new tag]             0.0.109                -> 0.0.109
end-workflow	Checkout Repository	2026-02-24T22:47:36.2756862Z  * [new tag]             0.0.11                 -> 0.0.11
end-workflow	Checkout Repository	2026-02-24T22:47:36.2757277Z  * [new tag]             0.0.110                -> 0.0.110
end-workflow	Checkout Repository	2026-02-24T22:47:36.2757663Z  * [new tag]             0.0.111                -> 0.0.111
end-workflow	Checkout Repository	2026-02-24T22:47:36.2758055Z  * [new tag]             0.0.112                -> 0.0.112
end-workflow	Checkout Repository	2026-02-24T22:47:36.2758442Z  * [new tag]             0.0.113                -> 0.0.113
end-workflow	Checkout Repository	2026-02-24T22:47:36.2758830Z  * [new tag]             0.0.114                -> 0.0.114
end-workflow	Checkout Repository	2026-02-24T22:47:36.2759228Z  * [new tag]             0.0.115                -> 0.0.115
end-workflow	Checkout Repository	2026-02-24T22:47:36.2759635Z  * [new tag]             0.0.116                -> 0.0.116
end-workflow	Checkout Repository	2026-02-24T22:47:36.2760110Z  * [new tag]             0.0.117                -> 0.0.117
end-workflow	Checkout Repository	2026-02-24T22:47:36.2760595Z  * [new tag]             0.0.118                -> 0.0.118
end-workflow	Checkout Repository	2026-02-24T22:47:36.2760989Z  * [new tag]             0.0.119                -> 0.0.119
end-workflow	Checkout Repository	2026-02-24T22:47:36.2761706Z  * [new tag]             0.0.12                 -> 0.0.12
end-workflow	Checkout Repository	2026-02-24T22:47:36.2762098Z  * [new tag]             0.0.120                -> 0.0.120
end-workflow	Checkout Repository	2026-02-24T22:47:36.2764489Z  * [new tag]             0.0.121                -> 0.0.121
end-workflow	Checkout Repository	2026-02-24T22:47:36.2764910Z  * [new tag]             0.0.122                -> 0.0.122
end-workflow	Checkout Repository	2026-02-24T22:47:36.2765301Z  * [new tag]             0.0.123                -> 0.0.123
end-workflow	Checkout Repository	2026-02-24T22:47:36.2765693Z  * [new tag]             0.0.124                -> 0.0.124
end-workflow	Checkout Repository	2026-02-24T22:47:36.2766078Z  * [new tag]             0.0.125                -> 0.0.125
end-workflow	Checkout Repository	2026-02-24T22:47:36.2766469Z  * [new tag]             0.0.126                -> 0.0.126
end-workflow	Checkout Repository	2026-02-24T22:47:36.2766856Z  * [new tag]             0.0.127                -> 0.0.127
end-workflow	Checkout Repository	2026-02-24T22:47:36.2767242Z  * [new tag]             0.0.128                -> 0.0.128
end-workflow	Checkout Repository	2026-02-24T22:47:36.2767637Z  * [new tag]             0.0.129                -> 0.0.129
end-workflow	Checkout Repository	2026-02-24T22:47:36.2768035Z  * [new tag]             0.0.13                 -> 0.0.13
end-workflow	Checkout Repository	2026-02-24T22:47:36.2768452Z  * [new tag]             0.0.130                -> 0.0.130
end-workflow	Checkout Repository	2026-02-24T22:47:36.2769003Z  * [new tag]             0.0.131                -> 0.0.131
end-workflow	Checkout Repository	2026-02-24T22:47:36.2769398Z  * [new tag]             0.0.132                -> 0.0.132
end-workflow	Checkout Repository	2026-02-24T22:47:36.2769789Z  * [new tag]             0.0.133                -> 0.0.133
end-workflow	Checkout Repository	2026-02-24T22:47:36.2770173Z  * [new tag]             0.0.134                -> 0.0.134
end-workflow	Checkout Repository	2026-02-24T22:47:36.2770567Z  * [new tag]             0.0.135                -> 0.0.135
end-workflow	Checkout Repository	2026-02-24T22:47:36.2770958Z  * [new tag]             0.0.136                -> 0.0.136
end-workflow	Checkout Repository	2026-02-24T22:47:36.2771346Z  * [new tag]             0.0.137                -> 0.0.137
end-workflow	Checkout Repository	2026-02-24T22:47:36.2771732Z  * [new tag]             0.0.138                -> 0.0.138
end-workflow	Checkout Repository	2026-02-24T22:47:36.2772123Z  * [new tag]             0.0.139                -> 0.0.139
end-workflow	Checkout Repository	2026-02-24T22:47:36.2928682Z  * [new tag]             0.0.14                 -> 0.0.14
end-workflow	Checkout Repository	2026-02-24T22:47:36.2929416Z  * [new tag]             0.0.140                -> 0.0.140
end-workflow	Checkout Repository	2026-02-24T22:47:36.2929889Z  * [new tag]             0.0.141                -> 0.0.141
end-workflow	Checkout Repository	2026-02-24T22:47:36.2930365Z  * [new tag]             0.0.142                -> 0.0.142
end-workflow	Checkout Repository	2026-02-24T22:47:36.2930835Z  * [new tag]             0.0.143                -> 0.0.143
end-workflow	Checkout Repository	2026-02-24T22:47:36.2931244Z  * [new tag]             0.0.144                -> 0.0.144
end-workflow	Checkout Repository	2026-02-24T22:47:36.2931666Z  * [new tag]             0.0.145                -> 0.0.145
end-workflow	Checkout Repository	2026-02-24T22:47:36.2932095Z  * [new tag]             0.0.146                -> 0.0.146
end-workflow	Checkout Repository	2026-02-24T22:47:36.2943179Z  * [new tag]             0.0.147                -> 0.0.147
end-workflow	Checkout Repository	2026-02-24T22:47:36.2944033Z  * [new tag]             0.0.148                -> 0.0.148
end-workflow	Checkout Repository	2026-02-24T22:47:36.2944604Z  * [new tag]             0.0.149                -> 0.0.149
end-workflow	Checkout Repository	2026-02-24T22:47:36.2945052Z  * [new tag]             0.0.15                 -> 0.0.15
end-workflow	Checkout Repository	2026-02-24T22:47:36.2945625Z  * [new tag]             0.0.150                -> 0.0.150
end-workflow	Checkout Repository	2026-02-24T22:47:36.2946380Z  * [new tag]             0.0.151                -> 0.0.151
end-workflow	Checkout Repository	2026-02-24T22:47:36.2946886Z  * [new tag]             0.0.152                -> 0.0.152
end-workflow	Checkout Repository	2026-02-24T22:47:36.2947280Z  * [new tag]             0.0.153                -> 0.0.153
end-workflow	Checkout Repository	2026-02-24T22:47:36.2947674Z  * [new tag]             0.0.154                -> 0.0.154
end-workflow	Checkout Repository	2026-02-24T22:47:36.2948062Z  * [new tag]             0.0.155                -> 0.0.155
end-workflow	Checkout Repository	2026-02-24T22:47:36.2948451Z  * [new tag]             0.0.156                -> 0.0.156
end-workflow	Checkout Repository	2026-02-24T22:47:36.2948836Z  * [new tag]             0.0.157                -> 0.0.157
end-workflow	Checkout Repository	2026-02-24T22:47:36.2949220Z  * [new tag]             0.0.158                -> 0.0.158
end-workflow	Checkout Repository	2026-02-24T22:47:36.2949606Z  * [new tag]             0.0.159                -> 0.0.159
end-workflow	Checkout Repository	2026-02-24T22:47:36.2950122Z  * [new tag]             0.0.16                 -> 0.0.16
end-workflow	Checkout Repository	2026-02-24T22:47:36.2950788Z  * [new tag]             0.0.160                -> 0.0.160
end-workflow	Checkout Repository	2026-02-24T22:47:36.2951185Z  * [new tag]             0.0.161                -> 0.0.161
end-workflow	Checkout Repository	2026-02-24T22:47:36.2951978Z  * [new tag]             0.0.162                -> 0.0.162
end-workflow	Checkout Repository	2026-02-24T22:47:36.2952468Z  * [new tag]             0.0.163                -> 0.0.163
end-workflow	Checkout Repository	2026-02-24T22:47:36.2953281Z  * [new tag]             0.0.164                -> 0.0.164
end-workflow	Checkout Repository	2026-02-24T22:47:36.2953675Z  * [new tag]             0.0.165                -> 0.0.165
end-workflow	Checkout Repository	2026-02-24T22:47:36.2954196Z  * [new tag]             0.0.166                -> 0.0.166
end-workflow	Checkout Repository	2026-02-24T22:47:36.2954587Z  * [new tag]             0.0.167                -> 0.0.167
end-workflow	Checkout Repository	2026-02-24T22:47:36.2954978Z  * [new tag]             0.0.168                -> 0.0.168
end-workflow	Checkout Repository	2026-02-24T22:47:36.2955361Z  * [new tag]             0.0.169                -> 0.0.169
end-workflow	Checkout Repository	2026-02-24T22:47:36.2955801Z  * [new tag]             0.0.17                 -> 0.0.17
end-workflow	Checkout Repository	2026-02-24T22:47:36.2973365Z  * [new tag]             0.0.170                -> 0.0.170
end-workflow	Checkout Repository	2026-02-24T22:47:36.2973970Z  * [new tag]             0.0.171                -> 0.0.171
end-workflow	Checkout Repository	2026-02-24T22:47:36.2975064Z  * [new tag]             0.0.172                -> 0.0.172
end-workflow	Checkout Repository	2026-02-24T22:47:36.2975594Z  * [new tag]             0.0.173                -> 0.0.173
end-workflow	Checkout Repository	2026-02-24T22:47:36.2975983Z  * [new tag]             0.0.174                -> 0.0.174
end-workflow	Checkout Repository	2026-02-24T22:47:36.2976377Z  * [new tag]             0.0.175                -> 0.0.175
end-workflow	Checkout Repository	2026-02-24T22:47:36.2976764Z  * [new tag]             0.0.176                -> 0.0.176
end-workflow	Checkout Repository	2026-02-24T22:47:36.2977153Z  * [new tag]             0.0.177                -> 0.0.177
end-workflow	Checkout Repository	2026-02-24T22:47:36.2977546Z  * [new tag]             0.0.178                -> 0.0.178
end-workflow	Checkout Repository	2026-02-24T22:47:36.2977935Z  * [new tag]             0.0.179                -> 0.0.179
end-workflow	Checkout Repository	2026-02-24T22:47:36.2978328Z  * [new tag]             0.0.18                 -> 0.0.18
end-workflow	Checkout Repository	2026-02-24T22:47:36.2978717Z  * [new tag]             0.0.19                 -> 0.0.19
end-workflow	Checkout Repository	2026-02-24T22:47:36.2979113Z  * [new tag]             0.0.2                  -> 0.0.2
end-workflow	Checkout Repository	2026-02-24T22:47:36.2979509Z  * [new tag]             0.0.20                 -> 0.0.20
end-workflow	Checkout Repository	2026-02-24T22:47:36.2979924Z  * [new tag]             0.0.21                 -> 0.0.21
end-workflow	Checkout Repository	2026-02-24T22:47:36.2980316Z  * [new tag]             0.0.22                 -> 0.0.22
end-workflow	Checkout Repository	2026-02-24T22:47:36.2980705Z  * [new tag]             0.0.23                 -> 0.0.23
end-workflow	Checkout Repository	2026-02-24T22:47:36.2981092Z  * [new tag]             0.0.24                 -> 0.0.24
end-workflow	Checkout Repository	2026-02-24T22:47:36.2981484Z  * [new tag]             0.0.25                 -> 0.0.25
end-workflow	Checkout Repository	2026-02-24T22:47:36.2981874Z  * [new tag]             0.0.26                 -> 0.0.26
end-workflow	Checkout Repository	2026-02-24T22:47:36.2982259Z  * [new tag]             0.0.27                 -> 0.0.27
end-workflow	Checkout Repository	2026-02-24T22:47:36.2993313Z  * [new tag]             0.0.28                 -> 0.0.28
end-workflow	Checkout Repository	2026-02-24T22:47:36.2993760Z  * [new tag]             0.0.29                 -> 0.0.29
end-workflow	Checkout Repository	2026-02-24T22:47:36.2994161Z  * [new tag]             0.0.3                  -> 0.0.3
end-workflow	Checkout Repository	2026-02-24T22:47:36.2994565Z  * [new tag]             0.0.30                 -> 0.0.30
end-workflow	Checkout Repository	2026-02-24T22:47:36.2995219Z  * [new tag]             0.0.31                 -> 0.0.31
end-workflow	Checkout Repository	2026-02-24T22:47:36.2996491Z  * [new tag]             0.0.32                 -> 0.0.32
end-workflow	Checkout Repository	2026-02-24T22:47:36.2997160Z  * [new tag]             0.0.33                 -> 0.0.33
end-workflow	Checkout Repository	2026-02-24T22:47:36.2997557Z  * [new tag]             0.0.34                 -> 0.0.34
end-workflow	Checkout Repository	2026-02-24T22:47:36.2997956Z  * [new tag]             0.0.35                 -> 0.0.35
end-workflow	Checkout Repository	2026-02-24T22:47:36.2998356Z  * [new tag]             0.0.36                 -> 0.0.36
end-workflow	Checkout Repository	2026-02-24T22:47:36.2998751Z  * [new tag]             0.0.37                 -> 0.0.37
end-workflow	Checkout Repository	2026-02-24T22:47:36.2999148Z  * [new tag]             0.0.38                 -> 0.0.38
end-workflow	Checkout Repository	2026-02-24T22:47:36.2999549Z  * [new tag]             0.0.39                 -> 0.0.39
end-workflow	Checkout Repository	2026-02-24T22:47:36.3012782Z  * [new tag]             0.0.4                  -> 0.0.4
end-workflow	Checkout Repository	2026-02-24T22:47:36.3013430Z  * [new tag]             0.0.40                 -> 0.0.40
end-workflow	Checkout Repository	2026-02-24T22:47:36.3013828Z  * [new tag]             0.0.41                 -> 0.0.41
end-workflow	Checkout Repository	2026-02-24T22:47:36.3014225Z  * [new tag]             0.0.42                 -> 0.0.42
end-workflow	Checkout Repository	2026-02-24T22:47:36.3014919Z  * [new tag]             0.0.43                 -> 0.0.43
end-workflow	Checkout Repository	2026-02-24T22:47:36.3015308Z  * [new tag]             0.0.44                 -> 0.0.44
end-workflow	Checkout Repository	2026-02-24T22:47:36.3015694Z  * [new tag]             0.0.45                 -> 0.0.45
end-workflow	Checkout Repository	2026-02-24T22:47:36.3016080Z  * [new tag]             0.0.46                 -> 0.0.46
end-workflow	Checkout Repository	2026-02-24T22:47:36.3016469Z  * [new tag]             0.0.47                 -> 0.0.47
end-workflow	Checkout Repository	2026-02-24T22:47:36.3016858Z  * [new tag]             0.0.48                 -> 0.0.48
end-workflow	Checkout Repository	2026-02-24T22:47:36.3017244Z  * [new tag]             0.0.49                 -> 0.0.49
end-workflow	Checkout Repository	2026-02-24T22:47:36.3017626Z  * [new tag]             0.0.5                  -> 0.0.5
end-workflow	Checkout Repository	2026-02-24T22:47:36.3018013Z  * [new tag]             0.0.50                 -> 0.0.50
end-workflow	Checkout Repository	2026-02-24T22:47:36.3018400Z  * [new tag]             0.0.51                 -> 0.0.51
end-workflow	Checkout Repository	2026-02-24T22:47:36.3018786Z  * [new tag]             0.0.52                 -> 0.0.52
end-workflow	Checkout Repository	2026-02-24T22:47:36.3019184Z  * [new tag]             0.0.53                 -> 0.0.53
end-workflow	Checkout Repository	2026-02-24T22:47:36.3019572Z  * [new tag]             0.0.54                 -> 0.0.54
end-workflow	Checkout Repository	2026-02-24T22:47:36.3019961Z  * [new tag]             0.0.55                 -> 0.0.55
end-workflow	Checkout Repository	2026-02-24T22:47:36.3020344Z  * [new tag]             0.0.56                 -> 0.0.56
end-workflow	Checkout Repository	2026-02-24T22:47:36.3020731Z  * [new tag]             0.0.57                 -> 0.0.57
end-workflow	Checkout Repository	2026-02-24T22:47:36.3021119Z  * [new tag]             0.0.58                 -> 0.0.58
end-workflow	Checkout Repository	2026-02-24T22:47:36.3021500Z  * [new tag]             0.0.59                 -> 0.0.59
end-workflow	Checkout Repository	2026-02-24T22:47:36.3021878Z  * [new tag]             0.0.6                  -> 0.0.6
end-workflow	Checkout Repository	2026-02-24T22:47:36.3022263Z  * [new tag]             0.0.60                 -> 0.0.60
end-workflow	Checkout Repository	2026-02-24T22:47:36.3033289Z  * [new tag]             0.0.61                 -> 0.0.61
end-workflow	Checkout Repository	2026-02-24T22:47:36.3033838Z  * [new tag]             0.0.62                 -> 0.0.62
end-workflow	Checkout Repository	2026-02-24T22:47:36.3034223Z  * [new tag]             0.0.63                 -> 0.0.63
end-workflow	Checkout Repository	2026-02-24T22:47:36.3034633Z  * [new tag]             0.0.64                 -> 0.0.64
end-workflow	Checkout Repository	2026-02-24T22:47:36.3035012Z  * [new tag]             0.0.65                 -> 0.0.65
end-workflow	Checkout Repository	2026-02-24T22:47:36.3035385Z  * [new tag]             0.0.66                 -> 0.0.66
end-workflow	Checkout Repository	2026-02-24T22:47:36.3035763Z  * [new tag]             0.0.67                 -> 0.0.67
end-workflow	Checkout Repository	2026-02-24T22:47:36.3036143Z  * [new tag]             0.0.68                 -> 0.0.68
end-workflow	Checkout Repository	2026-02-24T22:47:36.3036521Z  * [new tag]             0.0.69                 -> 0.0.69
end-workflow	Checkout Repository	2026-02-24T22:47:36.3036898Z  * [new tag]             0.0.7                  -> 0.0.7
end-workflow	Checkout Repository	2026-02-24T22:47:36.3037281Z  * [new tag]             0.0.70                 -> 0.0.70
end-workflow	Checkout Repository	2026-02-24T22:47:36.3037666Z  * [new tag]             0.0.71                 -> 0.0.71
end-workflow	Checkout Repository	2026-02-24T22:47:36.3038046Z  * [new tag]             0.0.72                 -> 0.0.72
end-workflow	Checkout Repository	2026-02-24T22:47:36.3038423Z  * [new tag]             0.0.73                 -> 0.0.73
end-workflow	Checkout Repository	2026-02-24T22:47:36.3038804Z  * [new tag]             0.0.74                 -> 0.0.74
end-workflow	Checkout Repository	2026-02-24T22:47:36.3039453Z  * [new tag]             0.0.75                 -> 0.0.75
end-workflow	Checkout Repository	2026-02-24T22:47:36.3039831Z  * [new tag]             0.0.76                 -> 0.0.76
end-workflow	Checkout Repository	2026-02-24T22:47:36.3040210Z  * [new tag]             0.0.77                 -> 0.0.77
end-workflow	Checkout Repository	2026-02-24T22:47:36.3040594Z  * [new tag]             0.0.78                 -> 0.0.78
end-workflow	Checkout Repository	2026-02-24T22:47:36.3040971Z  * [new tag]             0.0.79                 -> 0.0.79
end-workflow	Checkout Repository	2026-02-24T22:47:36.3041345Z  * [new tag]             0.0.8                  -> 0.0.8
end-workflow	Checkout Repository	2026-02-24T22:47:36.3041727Z  * [new tag]             0.0.80                 -> 0.0.80
end-workflow	Checkout Repository	2026-02-24T22:47:36.3042107Z  * [new tag]             0.0.81                 -> 0.0.81
end-workflow	Checkout Repository	2026-02-24T22:47:36.3053087Z  * [new tag]             0.0.82                 -> 0.0.82
end-workflow	Checkout Repository	2026-02-24T22:47:36.3053539Z  * [new tag]             0.0.83                 -> 0.0.83
end-workflow	Checkout Repository	2026-02-24T22:47:36.3053933Z  * [new tag]             0.0.84                 -> 0.0.84
end-workflow	Checkout Repository	2026-02-24T22:47:36.3054442Z  * [new tag]             0.0.85                 -> 0.0.85
end-workflow	Checkout Repository	2026-02-24T22:47:36.3055086Z  * [new tag]             0.0.86                 -> 0.0.86
end-workflow	Checkout Repository	2026-02-24T22:47:36.3055470Z  * [new tag]             0.0.87                 -> 0.0.87
end-workflow	Checkout Repository	2026-02-24T22:47:36.3055856Z  * [new tag]             0.0.88                 -> 0.0.88
end-workflow	Checkout Repository	2026-02-24T22:47:36.3056236Z  * [new tag]             0.0.89                 -> 0.0.89
end-workflow	Checkout Repository	2026-02-24T22:47:36.3056612Z  * [new tag]             0.0.9                  -> 0.0.9
end-workflow	Checkout Repository	2026-02-24T22:47:36.3056993Z  * [new tag]             0.0.90                 -> 0.0.90
end-workflow	Checkout Repository	2026-02-24T22:47:36.3057373Z  * [new tag]             0.0.91                 -> 0.0.91
end-workflow	Checkout Repository	2026-02-24T22:47:36.3057749Z  * [new tag]             0.0.92                 -> 0.0.92
end-workflow	Checkout Repository	2026-02-24T22:47:36.3058127Z  * [new tag]             0.0.93                 -> 0.0.93
end-workflow	Checkout Repository	2026-02-24T22:47:36.3058507Z  * [new tag]             0.0.94                 -> 0.0.94
end-workflow	Checkout Repository	2026-02-24T22:47:36.3058887Z  * [new tag]             0.0.95                 -> 0.0.95
end-workflow	Checkout Repository	2026-02-24T22:47:36.3059271Z  * [new tag]             0.0.96                 -> 0.0.96
end-workflow	Checkout Repository	2026-02-24T22:47:36.3059658Z  * [new tag]             0.0.97                 -> 0.0.97
end-workflow	Checkout Repository	2026-02-24T22:47:36.3060040Z  * [new tag]             0.0.98                 -> 0.0.98
end-workflow	Checkout Repository	2026-02-24T22:47:36.3060423Z  * [new tag]             0.0.99                 -> 0.0.99
end-workflow	Checkout Repository	2026-02-24T22:47:36.3060800Z  * [new tag]             0.1.0                  -> 0.1.0
end-workflow	Checkout Repository	2026-02-24T22:47:36.3061180Z  * [new tag]             0.1.1                  -> 0.1.1
end-workflow	Checkout Repository	2026-02-24T22:47:36.3061559Z  * [new tag]             0.2.0                  -> 0.2.0
end-workflow	Checkout Repository	2026-02-24T22:47:36.3061930Z  * [new tag]             0.3.0                  -> 0.3.0
end-workflow	Checkout Repository	2026-02-24T22:47:36.3062314Z  * [new tag]             0.3.1                  -> 0.3.1
end-workflow	Checkout Repository	2026-02-24T22:47:36.3073183Z  * [new tag]             0.3.10                 -> 0.3.10
end-workflow	Checkout Repository	2026-02-24T22:47:36.3073593Z  * [new tag]             0.3.11                 -> 0.3.11
end-workflow	Checkout Repository	2026-02-24T22:47:36.3073985Z  * [new tag]             0.3.12                 -> 0.3.12
end-workflow	Checkout Repository	2026-02-24T22:47:36.3074388Z  * [new tag]             0.3.13                 -> 0.3.13
end-workflow	Checkout Repository	2026-02-24T22:47:36.3074764Z  * [new tag]             0.3.14                 -> 0.3.14
end-workflow	Checkout Repository	2026-02-24T22:47:36.3075145Z  * [new tag]             0.3.15                 -> 0.3.15
end-workflow	Checkout Repository	2026-02-24T22:47:36.3075526Z  * [new tag]             0.3.16                 -> 0.3.16
end-workflow	Checkout Repository	2026-02-24T22:47:36.3075902Z  * [new tag]             0.3.17                 -> 0.3.17
end-workflow	Checkout Repository	2026-02-24T22:47:36.3076285Z  * [new tag]             0.3.2                  -> 0.3.2
end-workflow	Checkout Repository	2026-02-24T22:47:36.3076662Z  * [new tag]             0.3.3                  -> 0.3.3
end-workflow	Checkout Repository	2026-02-24T22:47:36.3077039Z  * [new tag]             0.3.4                  -> 0.3.4
end-workflow	Checkout Repository	2026-02-24T22:47:36.3077410Z  * [new tag]             0.3.5                  -> 0.3.5
end-workflow	Checkout Repository	2026-02-24T22:47:36.3077784Z  * [new tag]             0.3.6                  -> 0.3.6
end-workflow	Checkout Repository	2026-02-24T22:47:36.3078161Z  * [new tag]             0.3.7                  -> 0.3.7
end-workflow	Checkout Repository	2026-02-24T22:47:36.3078538Z  * [new tag]             0.3.8                  -> 0.3.8
end-workflow	Checkout Repository	2026-02-24T22:47:36.3079210Z  * [new tag]             0.3.9                  -> 0.3.9
end-workflow	Checkout Repository	2026-02-24T22:47:36.3079591Z  * [new tag]             0.4.0                  -> 0.4.0
end-workflow	Checkout Repository	2026-02-24T22:47:36.3079972Z  * [new tag]             0.4.1                  -> 0.4.1
end-workflow	Checkout Repository	2026-02-24T22:47:36.3080341Z  * [new tag]             0.4.2                  -> 0.4.2
end-workflow	Checkout Repository	2026-02-24T22:47:36.3080718Z  * [new tag]             0.4.3                  -> 0.4.3
end-workflow	Checkout Repository	2026-02-24T22:47:36.3081095Z  * [new tag]             0.4.4                  -> 0.4.4
end-workflow	Checkout Repository	2026-02-24T22:47:36.3081471Z  * [new tag]             0.4.5                  -> 0.4.5
end-workflow	Checkout Repository	2026-02-24T22:47:36.3081845Z  * [new tag]             0.4.6                  -> 0.4.6
end-workflow	Checkout Repository	2026-02-24T22:47:36.3082222Z  * [new tag]             0.4.7                  -> 0.4.7
end-workflow	Checkout Repository	2026-02-24T22:47:36.3092967Z  * [new tag]             0.4.8                  -> 0.4.8
end-workflow	Checkout Repository	2026-02-24T22:47:36.3093379Z  * [new tag]             0.4.9                  -> 0.4.9
end-workflow	Checkout Repository	2026-02-24T22:47:36.3093755Z  * [new tag]             0.5.0                  -> 0.5.0
end-workflow	Checkout Repository	2026-02-24T22:47:36.3094401Z  * [new tag]             0.5.1                  -> 0.5.1
end-workflow	Checkout Repository	2026-02-24T22:47:36.3094782Z  * [new tag]             0.5.2                  -> 0.5.2
end-workflow	Checkout Repository	2026-02-24T22:47:36.3095157Z  * [new tag]             0.6.0                  -> 0.6.0
end-workflow	Checkout Repository	2026-02-24T22:47:36.3095535Z  * [new tag]             0.6.1                  -> 0.6.1
end-workflow	Checkout Repository	2026-02-24T22:47:36.3095910Z  * [new tag]             0.6.2                  -> 0.6.2
end-workflow	Checkout Repository	2026-02-24T22:47:36.3096288Z  * [new tag]             0.6.3                  -> 0.6.3
end-workflow	Checkout Repository	2026-02-24T22:47:36.3097085Z  * [new tag]             0.6.4                  -> 0.6.4
end-workflow	Checkout Repository	2026-02-24T22:47:36.3097473Z  * [new tag]             0.6.5                  -> 0.6.5
end-workflow	Checkout Repository	2026-02-24T22:47:36.3097980Z  * [new tag]             0.6.6                  -> 0.6.6
end-workflow	Checkout Repository	2026-02-24T22:47:36.3331757Z [command]/usr/bin/git branch --list --remote origin/main
end-workflow	Checkout Repository	2026-02-24T22:47:36.3414044Z   origin/main
end-workflow	Checkout Repository	2026-02-24T22:47:36.3429124Z [command]/usr/bin/git rev-parse refs/remotes/origin/main
end-workflow	Checkout Repository	2026-02-24T22:47:36.3465485Z a82f0d6a474315f1357d7435be6cdd22b6cc1f3b
end-workflow	Checkout Repository	2026-02-24T22:47:36.3478280Z [command]/usr/bin/git -c protocol.version=2 fetch --no-tags --prune --no-recurse-submodules origin +3539e00942b130795671abcd1c29ed1aac86b617:refs/remotes/origin/main
end-workflow	Checkout Repository	2026-02-24T22:47:36.3680232Z From https://github.com/Ka0s-Klaus/ka0s
end-workflow	Checkout Repository	2026-02-24T22:47:36.3681011Z  + a82f0d6a4...3539e0094 3539e00942b130795671abcd1c29ed1aac86b617 -> origin/main  (forced update)
end-workflow	Checkout Repository	2026-02-24T22:47:36.3728526Z ##[endgroup]
end-workflow	Checkout Repository	2026-02-24T22:47:36.3729172Z ##[group]Determining the checkout info
end-workflow	Checkout Repository	2026-02-24T22:47:36.3729695Z ##[endgroup]
end-workflow	Checkout Repository	2026-02-24T22:47:36.3730723Z [command]/usr/bin/git sparse-checkout disable
end-workflow	Checkout Repository	2026-02-24T22:47:36.3792832Z [command]/usr/bin/git config --local --unset-all extensions.worktreeConfig
end-workflow	Checkout Repository	2026-02-24T22:47:36.3834602Z ##[group]Checking out the ref
end-workflow	Checkout Repository	2026-02-24T22:47:36.3843755Z [command]/usr/bin/git checkout --progress --force -B main refs/remotes/origin/main
end-workflow	Checkout Repository	2026-02-24T22:47:36.6309449Z Switched to a new branch 'main'
end-workflow	Checkout Repository	2026-02-24T22:47:36.6313676Z branch 'main' set up to track 'origin/main'.
end-workflow	Checkout Repository	2026-02-24T22:47:36.6357213Z ##[endgroup]
end-workflow	Checkout Repository	2026-02-24T22:47:36.6411643Z [command]/usr/bin/git log -1 --format=%H
end-workflow	Checkout Repository	2026-02-24T22:47:36.6446189Z 3539e00942b130795671abcd1c29ed1aac86b617
end-workflow	Install GH CLI	Ôªø2026-02-24T22:47:36.6736992Z Prepare all required actions
end-workflow	Install GH CLI	2026-02-24T22:47:36.6789304Z ##[group]Run ./.github/actions/install-gh-cli
end-workflow	Install GH CLI	2026-02-24T22:47:36.6789641Z env:
end-workflow	Install GH CLI	2026-02-24T22:47:36.6789841Z   PYTHON_VERSION: 3.9
end-workflow	Install GH CLI	2026-02-24T22:47:36.6790881Z   MONGO_SUPERUSER_CONNECTION: ***
end-workflow	Install GH CLI	2026-02-24T22:47:36.6791420Z   MONGO_NEW_PASS: ***
end-workflow	Install GH CLI	2026-02-24T22:47:36.6791766Z   MONGO_SCRIPT_CREATE: devops/core/mongo/scripts/mongodb_status_report.py
end-workflow	Install GH CLI	2026-02-24T22:47:36.6792171Z   KAOS_CODE: 22373344578
end-workflow	Install GH CLI	2026-02-24T22:47:36.6793377Z   REPORT_SCAN: audit/
end-workflow	Install GH CLI	2026-02-24T22:47:36.6793637Z   REPORT_PATH: audit/mongodb/
end-workflow	Install GH CLI	2026-02-24T22:47:36.6793897Z   REPORT_FILENAME: 22373344578.json
end-workflow	Install GH CLI	2026-02-24T22:47:36.6794193Z   KAOS_MODULE: [Ka0s] Status MongDB Report
end-workflow	Install GH CLI	2026-02-24T22:47:36.6794479Z ##[endgroup]
end-workflow	Install GH CLI	2026-02-24T22:47:36.6895037Z ##[group]Run type -p curl >/dev/null || (sudo apt-get update && sudo apt-get install curl -y)
end-workflow	Install GH CLI	2026-02-24T22:47:36.6895736Z [36;1mtype -p curl >/dev/null || (sudo apt-get update && sudo apt-get install curl -y)[0m
end-workflow	Install GH CLI	2026-02-24T22:47:36.6896617Z [36;1mcurl -fsSL https://cli.github.com/packages/githubcli-archive-keyring.gpg | sudo dd of=/usr/share/keyrings/githubcli-archive-keyring.gpg \[0m
end-workflow	Install GH CLI	2026-02-24T22:47:36.6897508Z [36;1m&& sudo chmod go+r /usr/share/keyrings/githubcli-archive-keyring.gpg \[0m
end-workflow	Install GH CLI	2026-02-24T22:47:36.6898756Z [36;1m&& echo "deb [arch=$(dpkg --print-architecture) signed-by=/usr/share/keyrings/githubcli-archive-keyring.gpg] https://cli.github.com/packages stable main" | sudo tee /etc/apt/sources.list.d/github-cli.list > /dev/null \[0m
end-workflow	Install GH CLI	2026-02-24T22:47:36.6899859Z [36;1m&& sudo apt-get update \[0m
end-workflow	Install GH CLI	2026-02-24T22:47:36.6900136Z [36;1m&& sudo apt-get install gh -y[0m
end-workflow	Install GH CLI	2026-02-24T22:47:36.6918847Z shell: /usr/bin/bash --noprofile --norc -e -o pipefail {0}
end-workflow	Install GH CLI	2026-02-24T22:47:36.6919228Z env:
end-workflow	Install GH CLI	2026-02-24T22:47:36.6919421Z   PYTHON_VERSION: 3.9
end-workflow	Install GH CLI	2026-02-24T22:47:36.6920258Z   MONGO_SUPERUSER_CONNECTION: ***
end-workflow	Install GH CLI	2026-02-24T22:47:36.6920655Z   MONGO_NEW_PASS: ***
end-workflow	Install GH CLI	2026-02-24T22:47:36.6920992Z   MONGO_SCRIPT_CREATE: devops/core/mongo/scripts/mongodb_status_report.py
end-workflow	Install GH CLI	2026-02-24T22:47:36.6921397Z   KAOS_CODE: 22373344578
end-workflow	Install GH CLI	2026-02-24T22:47:36.6921615Z   REPORT_SCAN: audit/
end-workflow	Install GH CLI	2026-02-24T22:47:36.6921841Z   REPORT_PATH: audit/mongodb/
end-workflow	Install GH CLI	2026-02-24T22:47:36.6922097Z   REPORT_FILENAME: 22373344578.json
end-workflow	Install GH CLI	2026-02-24T22:47:36.6933807Z   KAOS_MODULE: [Ka0s] Status MongDB Report
end-workflow	Install GH CLI	2026-02-24T22:47:36.6934106Z ##[endgroup]
end-workflow	Install GH CLI	2026-02-24T22:47:36.8891369Z 4+1 records in
end-workflow	Install GH CLI	2026-02-24T22:47:36.8891685Z 4+1 records out
end-workflow	Install GH CLI	2026-02-24T22:47:36.8891982Z 2270 bytes (2.3 kB, 2.2 KiB) copied, 0.172305 s, 13.2 kB/s
end-workflow	Install GH CLI	2026-02-24T22:47:37.0584122Z Get:1 http://archive.ubuntu.com/ubuntu noble InRelease [256 kB]
end-workflow	Install GH CLI	2026-02-24T22:47:37.0896311Z Get:2 https://cli.github.com/packages stable InRelease [3917 B]
end-workflow	Install GH CLI	2026-02-24T22:47:37.1194184Z Get:3 http://security.ubuntu.com/ubuntu noble-security InRelease [126 kB]
end-workflow	Install GH CLI	2026-02-24T22:47:37.2027214Z Get:4 https://ppa.launchpadcontent.net/git-core/ppa/ubuntu noble InRelease [24.3 kB]
end-workflow	Install GH CLI	2026-02-24T22:47:37.2085838Z Get:5 http://archive.ubuntu.com/ubuntu noble-updates InRelease [126 kB]
end-workflow	Install GH CLI	2026-02-24T22:47:37.2160543Z Get:6 https://cli.github.com/packages stable/main amd64 Packages [357 B]
end-workflow	Install GH CLI	2026-02-24T22:47:37.2453343Z Get:7 http://archive.ubuntu.com/ubuntu noble-backports InRelease [126 kB]
end-workflow	Install GH CLI	2026-02-24T22:47:37.3195845Z Get:8 http://archive.ubuntu.com/ubuntu noble/restricted amd64 Packages [117 kB]
end-workflow	Install GH CLI	2026-02-24T22:47:37.3568334Z Get:9 http://archive.ubuntu.com/ubuntu noble/main amd64 Packages [1808 kB]
end-workflow	Install GH CLI	2026-02-24T22:47:37.4011808Z Get:10 https://ppa.launchpadcontent.net/git-core/ppa/ubuntu noble/main amd64 Packages [2992 B]
end-workflow	Install GH CLI	2026-02-24T22:47:37.4437166Z Get:11 http://archive.ubuntu.com/ubuntu noble/multiverse amd64 Packages [331 kB]
end-workflow	Install GH CLI	2026-02-24T22:47:37.4505480Z Get:12 http://archive.ubuntu.com/ubuntu noble/universe amd64 Packages [19.3 MB]
end-workflow	Install GH CLI	2026-02-24T22:47:37.6436639Z Get:13 http://security.ubuntu.com/ubuntu noble-security/restricted amd64 Packages [3246 kB]
end-workflow	Install GH CLI	2026-02-24T22:47:37.7358229Z Get:14 http://archive.ubuntu.com/ubuntu noble-updates/multiverse amd64 Packages [38.1 kB]
end-workflow	Install GH CLI	2026-02-24T22:47:37.7363184Z Get:15 http://archive.ubuntu.com/ubuntu noble-updates/restricted amd64 Packages [3421 kB]
end-workflow	Install GH CLI	2026-02-24T22:47:37.7606375Z Get:16 http://archive.ubuntu.com/ubuntu noble-updates/universe amd64 Packages [2017 kB]
end-workflow	Install GH CLI	2026-02-24T22:47:37.7758339Z Get:17 http://archive.ubuntu.com/ubuntu noble-updates/main amd64 Packages [2260 kB]
end-workflow	Install GH CLI	2026-02-24T22:47:37.7998876Z Get:18 http://archive.ubuntu.com/ubuntu noble-backports/main amd64 Packages [49.5 kB]
end-workflow	Install GH CLI	2026-02-24T22:47:37.8007392Z Get:19 http://archive.ubuntu.com/ubuntu noble-backports/universe amd64 Packages [34.6 kB]
end-workflow	Install GH CLI	2026-02-24T22:47:37.9752859Z Get:20 http://security.ubuntu.com/ubuntu noble-security/multiverse amd64 Packages [34.8 kB]
end-workflow	Install GH CLI	2026-02-24T22:47:37.9763812Z Get:21 http://security.ubuntu.com/ubuntu noble-security/universe amd64 Packages [1208 kB]
end-workflow	Install GH CLI	2026-02-24T22:47:37.9898510Z Get:22 http://security.ubuntu.com/ubuntu noble-security/main amd64 Packages [1879 kB]
end-workflow	Install GH CLI	2026-02-24T22:47:39.1936211Z Fetched 36.4 MB in 2s (16.5 MB/s)
end-workflow	Install GH CLI	2026-02-24T22:47:40.1401123Z Reading package lists...
end-workflow	Install GH CLI	2026-02-24T22:47:41.1471610Z Reading package lists...
end-workflow	Install GH CLI	2026-02-24T22:47:41.3719187Z Building dependency tree...
end-workflow	Install GH CLI	2026-02-24T22:47:41.3719636Z Reading state information...
end-workflow	Install GH CLI	2026-02-24T22:47:41.7299843Z The following NEW packages will be installed:
end-workflow	Install GH CLI	2026-02-24T22:47:41.7319680Z   gh
end-workflow	Install GH CLI	2026-02-24T22:47:42.2976481Z 0 upgraded, 1 newly installed, 0 to remove and 26 not upgraded.
end-workflow	Install GH CLI	2026-02-24T22:47:42.2978353Z Need to get 13.8 MB of archives.
end-workflow	Install GH CLI	2026-02-24T22:47:42.2981315Z After this operation, 38.5 MB of additional disk space will be used.
end-workflow	Install GH CLI	2026-02-24T22:47:42.2984986Z Get:1 https://cli.github.com/packages stable/main amd64 gh amd64 2.87.3 [13.8 MB]
end-workflow	Install GH CLI	2026-02-24T22:47:42.7109508Z debconf: delaying package configuration, since apt-utils is not installed
end-workflow	Install GH CLI	2026-02-24T22:47:42.7684501Z Fetched 13.8 MB in 1s (17.2 MB/s)
end-workflow	Install GH CLI	2026-02-24T22:47:42.7971331Z Selecting previously unselected package gh.
end-workflow	Install GH CLI	2026-02-24T22:47:42.8008700Z (Reading database ... 
end-workflow	Install GH CLI	2026-02-24T22:47:42.8009010Z (Reading database ... 5%
end-workflow	Install GH CLI	2026-02-24T22:47:42.8009304Z (Reading database ... 10%
end-workflow	Install GH CLI	2026-02-24T22:47:42.8009548Z (Reading database ... 15%
end-workflow	Install GH CLI	2026-02-24T22:47:42.8009793Z (Reading database ... 20%
end-workflow	Install GH CLI	2026-02-24T22:47:42.8010031Z (Reading database ... 25%
end-workflow	Install GH CLI	2026-02-24T22:47:42.8010268Z (Reading database ... 30%
end-workflow	Install GH CLI	2026-02-24T22:47:42.8010514Z (Reading database ... 35%
end-workflow	Install GH CLI	2026-02-24T22:47:42.8010761Z (Reading database ... 40%
end-workflow	Install GH CLI	2026-02-24T22:47:42.8010997Z (Reading database ... 45%
end-workflow	Install GH CLI	2026-02-24T22:47:42.8011241Z (Reading database ... 50%
end-workflow	Install GH CLI	2026-02-24T22:47:42.8011486Z (Reading database ... 55%
end-workflow	Install GH CLI	2026-02-24T22:47:42.8011737Z (Reading database ... 60%
end-workflow	Install GH CLI	2026-02-24T22:47:42.8015990Z (Reading database ... 65%
end-workflow	Install GH CLI	2026-02-24T22:47:42.8036608Z (Reading database ... 70%
end-workflow	Install GH CLI	2026-02-24T22:47:42.8041916Z (Reading database ... 75%
end-workflow	Install GH CLI	2026-02-24T22:47:42.8055202Z (Reading database ... 80%
end-workflow	Install GH CLI	2026-02-24T22:47:42.8059741Z (Reading database ... 85%
end-workflow	Install GH CLI	2026-02-24T22:47:42.8070463Z (Reading database ... 90%
end-workflow	Install GH CLI	2026-02-24T22:47:42.8090009Z (Reading database ... 95%
end-workflow	Install GH CLI	2026-02-24T22:47:42.8090565Z (Reading database ... 100%
end-workflow	Install GH CLI	2026-02-24T22:47:42.8091001Z (Reading database ... 14385 files and directories currently installed.)
end-workflow	Install GH CLI	2026-02-24T22:47:42.8096405Z Preparing to unpack .../archives/gh_2.87.3_amd64.deb ...
end-workflow	Install GH CLI	2026-02-24T22:47:42.8129512Z Unpacking gh (2.87.3) ...
end-workflow	Install GH CLI	2026-02-24T22:47:43.0455689Z Setting up gh (2.87.3) ...
end-workflow	Trigger Inspector	Ôªø2026-02-24T22:47:43.1395557Z ##[group]Run echo "üîç Triggering Inspector for Audit..."
end-workflow	Trigger Inspector	2026-02-24T22:47:43.1396300Z [36;1mecho "üîç Triggering Inspector for Audit..."[0m
end-workflow	Trigger Inspector	2026-02-24T22:47:43.1396649Z [36;1mgh workflow run inspector.yml \[0m
end-workflow	Trigger Inspector	2026-02-24T22:47:43.1396943Z [36;1m  --ref main \[0m
end-workflow	Trigger Inspector	2026-02-24T22:47:43.1397213Z [36;1m  -f kaos-workflow-id="22373344578" \[0m
end-workflow	Trigger Inspector	2026-02-24T22:47:43.1397537Z [36;1m  -f kaos-user-start="ka0score"[0m
end-workflow	Trigger Inspector	2026-02-24T22:47:43.1410226Z shell: /usr/bin/bash -e {0}
end-workflow	Trigger Inspector	2026-02-24T22:47:43.1410626Z env:
end-workflow	Trigger Inspector	2026-02-24T22:47:43.1410825Z   PYTHON_VERSION: 3.9
end-workflow	Trigger Inspector	2026-02-24T22:47:43.1411801Z   MONGO_SUPERUSER_CONNECTION: ***
end-workflow	Trigger Inspector	2026-02-24T22:47:43.1412210Z   MONGO_NEW_PASS: ***
end-workflow	Trigger Inspector	2026-02-24T22:47:43.1412852Z   MONGO_SCRIPT_CREATE: devops/core/mongo/scripts/mongodb_status_report.py
end-workflow	Trigger Inspector	2026-02-24T22:47:43.1413246Z   KAOS_CODE: 22373344578
end-workflow	Trigger Inspector	2026-02-24T22:47:43.1413475Z   REPORT_SCAN: audit/
end-workflow	Trigger Inspector	2026-02-24T22:47:43.1413699Z   REPORT_PATH: audit/mongodb/
end-workflow	Trigger Inspector	2026-02-24T22:47:43.1413953Z   REPORT_FILENAME: 22373344578.json
end-workflow	Trigger Inspector	2026-02-24T22:47:43.1414274Z   KAOS_MODULE: [Ka0s] Status MongDB Report
end-workflow	Trigger Inspector	2026-02-24T22:47:43.1414640Z   GH_TOKEN: ***
end-workflow	Trigger Inspector	2026-02-24T22:47:43.1414838Z ##[endgroup]
end-workflow	Trigger Inspector	2026-02-24T22:47:43.1453510Z üîç Triggering Inspector for Audit...
end-workflow	Trigger Inspector	2026-02-24T22:47:44.8871966Z https://github.com/Ka0s-Klaus/ka0s/actions/runs/22373425203
end-workflow	Post Checkout Repository	Ôªø2026-02-24T22:47:44.9435927Z Post job cleanup.
end-workflow	Post Checkout Repository	2026-02-24T22:47:45.0573022Z [command]/usr/bin/git version
end-workflow	Post Checkout Repository	2026-02-24T22:47:45.0618061Z git version 2.52.0
end-workflow	Post Checkout Repository	2026-02-24T22:47:45.0667645Z Temporarily overriding HOME='/home/runner/_work/_temp/33cb9480-133d-4038-9e23-1a6bb51e11bc' before making global git config changes
end-workflow	Post Checkout Repository	2026-02-24T22:47:45.0668528Z Adding repository directory to the temporary git global config as a safe directory
end-workflow	Post Checkout Repository	2026-02-24T22:47:45.0674814Z [command]/usr/bin/git config --global --add safe.directory /home/runner/_work/ka0s/ka0s
end-workflow	Post Checkout Repository	2026-02-24T22:47:45.0738085Z [command]/usr/bin/git config --local --name-only --get-regexp core\.sshCommand
end-workflow	Post Checkout Repository	2026-02-24T22:47:45.0782248Z [command]/usr/bin/git submodule foreach --recursive sh -c "git config --local --name-only --get-regexp 'core\.sshCommand' && git config --local --unset-all 'core.sshCommand' || :"
end-workflow	Post Checkout Repository	2026-02-24T22:47:45.1117617Z [command]/usr/bin/git config --local --name-only --get-regexp http\.https\:\/\/github\.com\/\.extraheader
end-workflow	Post Checkout Repository	2026-02-24T22:47:45.1150597Z http.https://github.com/.extraheader
end-workflow	Post Checkout Repository	2026-02-24T22:47:45.1165400Z [command]/usr/bin/git config --local --unset-all http.https://github.com/.extraheader
end-workflow	Post Checkout Repository	2026-02-24T22:47:45.1212982Z [command]/usr/bin/git submodule foreach --recursive sh -c "git config --local --name-only --get-regexp 'http\.https\:\/\/github\.com\/\.extraheader' && git config --local --unset-all 'http.https://github.com/.extraheader' || :"
end-workflow	Post Checkout Repository	2026-02-24T22:47:45.1571475Z [command]/usr/bin/git config --local --name-only --get-regexp ^includeIf\.gitdir:
end-workflow	Post Checkout Repository	2026-02-24T22:47:45.1618719Z [command]/usr/bin/git submodule foreach --recursive git config --local --show-origin --name-only --get-regexp remote.origin.url
end-workflow	Complete job	Ôªø2026-02-24T22:47:45.2131136Z Cleaning up orphan processes
