core-execution	Set up job	Ôªø2026-02-25T07:50:19.4593622Z Current runner version: '2.331.0'
core-execution	Set up job	2026-02-25T07:50:19.4602895Z Runner name: 'swarm-runners-scaleset-hkss5-runner-znpjj'
core-execution	Set up job	2026-02-25T07:50:19.4604027Z Runner group name: 'Default'
core-execution	Set up job	2026-02-25T07:50:19.4605186Z Machine name: 'swarm-runners-scaleset-hkss5-runner-znpjj'
core-execution	Set up job	2026-02-25T07:50:19.4609108Z ##[group]GITHUB_TOKEN Permissions
core-execution	Set up job	2026-02-25T07:50:19.4612669Z Actions: write
core-execution	Set up job	2026-02-25T07:50:19.4613558Z Contents: write
core-execution	Set up job	2026-02-25T07:50:19.4614273Z Issues: write
core-execution	Set up job	2026-02-25T07:50:19.4614907Z Metadata: read
core-execution	Set up job	2026-02-25T07:50:19.4615540Z ##[endgroup]
core-execution	Set up job	2026-02-25T07:50:19.4617792Z Secret source: Actions
core-execution	Set up job	2026-02-25T07:50:19.4618601Z Prepare workflow directory
core-execution	Set up job	2026-02-25T07:50:19.5232117Z Prepare all required actions
core-execution	Set up job	2026-02-25T07:50:19.5280251Z Getting action download info
core-execution	Set up job	2026-02-25T07:50:20.1947066Z Download action repository 'actions/checkout@v4' (SHA:34e114876b0b11c390a56381ad16ebd13914f8d5)
core-execution	Set up job	2026-02-25T07:50:21.0094942Z Download action repository 'actions/setup-python@v4' (SHA:7f4fc3e22c37d6ff65e88745f38bd3157c663f7c)
core-execution	Set up job	2026-02-25T07:50:21.9801108Z Complete job name: core-execution
core-execution	Checkout code	Ôªø2026-02-25T07:50:22.0676433Z ##[group]Run actions/checkout@v4
core-execution	Checkout code	2026-02-25T07:50:22.0677898Z with:
core-execution	Checkout code	2026-02-25T07:50:22.0679136Z   token: ***
core-execution	Checkout code	2026-02-25T07:50:22.0680241Z   fetch-depth: 0
core-execution	Checkout code	2026-02-25T07:50:22.0681105Z   repository: Ka0s-Klaus/ka0s
core-execution	Checkout code	2026-02-25T07:50:22.0682081Z   ssh-strict: true
core-execution	Checkout code	2026-02-25T07:50:22.0683338Z   ssh-user: git
core-execution	Checkout code	2026-02-25T07:50:22.0684312Z   persist-credentials: true
core-execution	Checkout code	2026-02-25T07:50:22.0685231Z   clean: true
core-execution	Checkout code	2026-02-25T07:50:22.0686076Z   sparse-checkout-cone-mode: true
core-execution	Checkout code	2026-02-25T07:50:22.0687084Z   fetch-tags: false
core-execution	Checkout code	2026-02-25T07:50:22.0687922Z   show-progress: true
core-execution	Checkout code	2026-02-25T07:50:22.0688762Z   lfs: false
core-execution	Checkout code	2026-02-25T07:50:22.0689529Z   submodules: false
core-execution	Checkout code	2026-02-25T07:50:22.0690540Z   set-safe-directory: true
core-execution	Checkout code	2026-02-25T07:50:22.0691736Z env:
core-execution	Checkout code	2026-02-25T07:50:22.0693244Z   KAOS_MODULE: [Ka0S] GitHub ‚Üí iTop Sync
core-execution	Checkout code	2026-02-25T07:50:22.0694490Z   KAOS_CORRELATION_ID: 22387366989
core-execution	Checkout code	2026-02-25T07:50:22.0695482Z   KAOS_ACTOR: jh0ny2k2
core-execution	Checkout code	2026-02-25T07:50:22.0696501Z ##[endgroup]
core-execution	Checkout code	2026-02-25T07:50:22.2030487Z Syncing repository: Ka0s-Klaus/ka0s
core-execution	Checkout code	2026-02-25T07:50:22.2034318Z ##[group]Getting Git version info
core-execution	Checkout code	2026-02-25T07:50:22.2035665Z Working directory is '/home/runner/_work/ka0s/ka0s'
core-execution	Checkout code	2026-02-25T07:50:22.2037578Z [command]/usr/bin/git version
core-execution	Checkout code	2026-02-25T07:50:22.2038586Z git version 2.52.0
core-execution	Checkout code	2026-02-25T07:50:22.2067734Z ##[endgroup]
core-execution	Checkout code	2026-02-25T07:50:22.2089805Z Temporarily overriding HOME='/home/runner/_work/_temp/3a72a48d-4674-4069-8f63-f3b7499fed75' before making global git config changes
core-execution	Checkout code	2026-02-25T07:50:22.2094679Z Adding repository directory to the temporary git global config as a safe directory
core-execution	Checkout code	2026-02-25T07:50:22.2097111Z [command]/usr/bin/git config --global --add safe.directory /home/runner/_work/ka0s/ka0s
core-execution	Checkout code	2026-02-25T07:50:22.2158438Z Deleting the contents of '/home/runner/_work/ka0s/ka0s'
core-execution	Checkout code	2026-02-25T07:50:22.2162217Z ##[group]Initializing the repository
core-execution	Checkout code	2026-02-25T07:50:22.2166829Z [command]/usr/bin/git init /home/runner/_work/ka0s/ka0s
core-execution	Checkout code	2026-02-25T07:50:22.2236072Z hint: Using 'master' as the name for the initial branch. This default branch name
core-execution	Checkout code	2026-02-25T07:50:22.2239545Z hint: will change to "main" in Git 3.0. To configure the initial branch name
core-execution	Checkout code	2026-02-25T07:50:22.2244074Z hint: to use in all of your new repositories, which will suppress this warning,
core-execution	Checkout code	2026-02-25T07:50:22.2246075Z hint: call:
core-execution	Checkout code	2026-02-25T07:50:22.2246959Z hint:
core-execution	Checkout code	2026-02-25T07:50:22.2247906Z hint: 	git config --global init.defaultBranch <name>
core-execution	Checkout code	2026-02-25T07:50:22.2249221Z hint:
core-execution	Checkout code	2026-02-25T07:50:22.2250505Z hint: Names commonly chosen instead of 'master' are 'main', 'trunk' and
core-execution	Checkout code	2026-02-25T07:50:22.2252351Z hint: 'development'. The just-created branch can be renamed via this command:
core-execution	Checkout code	2026-02-25T07:50:22.2265117Z hint:
core-execution	Checkout code	2026-02-25T07:50:22.2266113Z hint: 	git branch -m <name>
core-execution	Checkout code	2026-02-25T07:50:22.2348731Z hint:
core-execution	Checkout code	2026-02-25T07:50:22.2350658Z hint: Disable this message with "git config set advice.defaultBranchName false"
core-execution	Checkout code	2026-02-25T07:50:22.2352961Z Initialized empty Git repository in /home/runner/_work/ka0s/ka0s/.git/
core-execution	Checkout code	2026-02-25T07:50:22.2357337Z [command]/usr/bin/git remote add origin https://github.com/Ka0s-Klaus/ka0s
core-execution	Checkout code	2026-02-25T07:50:22.2360817Z ##[endgroup]
core-execution	Checkout code	2026-02-25T07:50:22.2362354Z ##[group]Disabling automatic garbage collection
core-execution	Checkout code	2026-02-25T07:50:22.2364365Z [command]/usr/bin/git config --local gc.auto 0
core-execution	Checkout code	2026-02-25T07:50:22.2381510Z ##[endgroup]
core-execution	Checkout code	2026-02-25T07:50:22.2384012Z ##[group]Setting up auth
core-execution	Checkout code	2026-02-25T07:50:22.2389697Z [command]/usr/bin/git config --local --name-only --get-regexp core\.sshCommand
core-execution	Checkout code	2026-02-25T07:50:22.2435189Z [command]/usr/bin/git submodule foreach --recursive sh -c "git config --local --name-only --get-regexp 'core\.sshCommand' && git config --local --unset-all 'core.sshCommand' || :"
core-execution	Checkout code	2026-02-25T07:50:22.2770905Z [command]/usr/bin/git config --local --name-only --get-regexp http\.https\:\/\/github\.com\/\.extraheader
core-execution	Checkout code	2026-02-25T07:50:22.2813230Z [command]/usr/bin/git submodule foreach --recursive sh -c "git config --local --name-only --get-regexp 'http\.https\:\/\/github\.com\/\.extraheader' && git config --local --unset-all 'http.https://github.com/.extraheader' || :"
core-execution	Checkout code	2026-02-25T07:50:22.3159104Z [command]/usr/bin/git config --local --name-only --get-regexp ^includeIf\.gitdir:
core-execution	Checkout code	2026-02-25T07:50:22.3200609Z [command]/usr/bin/git submodule foreach --recursive git config --local --show-origin --name-only --get-regexp remote.origin.url
core-execution	Checkout code	2026-02-25T07:50:22.3530778Z [command]/usr/bin/git config --local http.https://github.com/.extraheader AUTHORIZATION: basic ***
core-execution	Checkout code	2026-02-25T07:50:22.3588714Z ##[endgroup]
core-execution	Checkout code	2026-02-25T07:50:22.3590342Z ##[group]Fetching the repository
core-execution	Checkout code	2026-02-25T07:50:22.3597996Z [command]/usr/bin/git -c protocol.version=2 fetch --prune --no-recurse-submodules origin +refs/heads/*:refs/remotes/origin/* +refs/tags/*:refs/tags/*
core-execution	Checkout code	2026-02-25T07:50:51.4019181Z From https://github.com/Ka0s-Klaus/ka0s
core-execution	Checkout code	2026-02-25T07:50:51.4023266Z  * [new branch]          F3450-modelo-operativo -> origin/F3450-modelo-operativo
core-execution	Checkout code	2026-02-25T07:50:51.4026609Z  * [new branch]          H1276-modulo-observabilidad -> origin/H1276-modulo-observabilidad
core-execution	Checkout code	2026-02-25T07:50:51.4029976Z  * [new branch]          H3596-deploy-itop      -> origin/H3596-deploy-itop
core-execution	Checkout code	2026-02-25T07:50:51.4032193Z  * [new branch]          H4170-flujo-detallado-zabbix---github -> origin/H4170-flujo-detallado-zabbix---github
core-execution	Checkout code	2026-02-25T07:50:51.4034476Z  * [new branch]          H4191-request-cambios  -> origin/H4191-request-cambios
core-execution	Checkout code	2026-02-25T07:50:51.4046636Z  * [new branch]          H4200-request-recomendaciones-de-auditoria -> origin/H4200-request-recomendaciones-de-auditoria
core-execution	Checkout code	2026-02-25T07:50:51.4049121Z  * [new branch]          main                   -> origin/main
core-execution	Checkout code	2026-02-25T07:50:51.4051032Z  * [new tag]             0.0.0                  -> 0.0.0
core-execution	Checkout code	2026-02-25T07:50:51.4053220Z  * [new tag]             0.0.1                  -> 0.0.1
core-execution	Checkout code	2026-02-25T07:50:51.4055134Z  * [new tag]             0.0.10                 -> 0.0.10
core-execution	Checkout code	2026-02-25T07:50:51.4087206Z  * [new tag]             0.0.100                -> 0.0.100
core-execution	Checkout code	2026-02-25T07:50:51.4087773Z  * [new tag]             0.0.101                -> 0.0.101
core-execution	Checkout code	2026-02-25T07:50:51.4088242Z  * [new tag]             0.0.102                -> 0.0.102
core-execution	Checkout code	2026-02-25T07:50:51.4088737Z  * [new tag]             0.0.103                -> 0.0.103
core-execution	Checkout code	2026-02-25T07:50:51.4089206Z  * [new tag]             0.0.104                -> 0.0.104
core-execution	Checkout code	2026-02-25T07:50:51.4089633Z  * [new tag]             0.0.105                -> 0.0.105
core-execution	Checkout code	2026-02-25T07:50:51.4090057Z  * [new tag]             0.0.106                -> 0.0.106
core-execution	Checkout code	2026-02-25T07:50:51.4090552Z  * [new tag]             0.0.107                -> 0.0.107
core-execution	Checkout code	2026-02-25T07:50:51.4090978Z  * [new tag]             0.0.108                -> 0.0.108
core-execution	Checkout code	2026-02-25T07:50:51.4091405Z  * [new tag]             0.0.109                -> 0.0.109
core-execution	Checkout code	2026-02-25T07:50:51.4091835Z  * [new tag]             0.0.11                 -> 0.0.11
core-execution	Checkout code	2026-02-25T07:50:51.4092284Z  * [new tag]             0.0.110                -> 0.0.110
core-execution	Checkout code	2026-02-25T07:50:51.4105879Z  * [new tag]             0.0.111                -> 0.0.111
core-execution	Checkout code	2026-02-25T07:50:51.4107022Z  * [new tag]             0.0.112                -> 0.0.112
core-execution	Checkout code	2026-02-25T07:50:51.4107473Z  * [new tag]             0.0.113                -> 0.0.113
core-execution	Checkout code	2026-02-25T07:50:51.4107902Z  * [new tag]             0.0.114                -> 0.0.114
core-execution	Checkout code	2026-02-25T07:50:51.4108343Z  * [new tag]             0.0.115                -> 0.0.115
core-execution	Checkout code	2026-02-25T07:50:51.4108777Z  * [new tag]             0.0.116                -> 0.0.116
core-execution	Checkout code	2026-02-25T07:50:51.4109300Z  * [new tag]             0.0.117                -> 0.0.117
core-execution	Checkout code	2026-02-25T07:50:51.4109774Z  * [new tag]             0.0.118                -> 0.0.118
core-execution	Checkout code	2026-02-25T07:50:51.4110202Z  * [new tag]             0.0.119                -> 0.0.119
core-execution	Checkout code	2026-02-25T07:50:51.4110629Z  * [new tag]             0.0.12                 -> 0.0.12
core-execution	Checkout code	2026-02-25T07:50:51.4111053Z  * [new tag]             0.0.120                -> 0.0.120
core-execution	Checkout code	2026-02-25T07:50:51.4111481Z  * [new tag]             0.0.121                -> 0.0.121
core-execution	Checkout code	2026-02-25T07:50:51.4111916Z  * [new tag]             0.0.122                -> 0.0.122
core-execution	Checkout code	2026-02-25T07:50:51.4112360Z  * [new tag]             0.0.123                -> 0.0.123
core-execution	Checkout code	2026-02-25T07:50:51.4136462Z  * [new tag]             0.0.124                -> 0.0.124
core-execution	Checkout code	2026-02-25T07:50:51.4136918Z  * [new tag]             0.0.125                -> 0.0.125
core-execution	Checkout code	2026-02-25T07:50:51.4137370Z  * [new tag]             0.0.126                -> 0.0.126
core-execution	Checkout code	2026-02-25T07:50:51.4137807Z  * [new tag]             0.0.127                -> 0.0.127
core-execution	Checkout code	2026-02-25T07:50:51.4138236Z  * [new tag]             0.0.128                -> 0.0.128
core-execution	Checkout code	2026-02-25T07:50:51.4138664Z  * [new tag]             0.0.129                -> 0.0.129
core-execution	Checkout code	2026-02-25T07:50:51.4139088Z  * [new tag]             0.0.13                 -> 0.0.13
core-execution	Checkout code	2026-02-25T07:50:51.4139720Z  * [new tag]             0.0.130                -> 0.0.130
core-execution	Checkout code	2026-02-25T07:50:51.4140156Z  * [new tag]             0.0.131                -> 0.0.131
core-execution	Checkout code	2026-02-25T07:50:51.4140583Z  * [new tag]             0.0.132                -> 0.0.132
core-execution	Checkout code	2026-02-25T07:50:51.4141051Z  * [new tag]             0.0.133                -> 0.0.133
core-execution	Checkout code	2026-02-25T07:50:51.4141489Z  * [new tag]             0.0.134                -> 0.0.134
core-execution	Checkout code	2026-02-25T07:50:51.4141918Z  * [new tag]             0.0.135                -> 0.0.135
core-execution	Checkout code	2026-02-25T07:50:51.4142346Z  * [new tag]             0.0.136                -> 0.0.136
core-execution	Checkout code	2026-02-25T07:50:51.4144008Z  * [new tag]             0.0.137                -> 0.0.137
core-execution	Checkout code	2026-02-25T07:50:51.4144450Z  * [new tag]             0.0.138                -> 0.0.138
core-execution	Checkout code	2026-02-25T07:50:51.4158635Z  * [new tag]             0.0.139                -> 0.0.139
core-execution	Checkout code	2026-02-25T07:50:51.4159249Z  * [new tag]             0.0.14                 -> 0.0.14
core-execution	Checkout code	2026-02-25T07:50:51.4159691Z  * [new tag]             0.0.140                -> 0.0.140
core-execution	Checkout code	2026-02-25T07:50:51.4160117Z  * [new tag]             0.0.141                -> 0.0.141
core-execution	Checkout code	2026-02-25T07:50:51.4160544Z  * [new tag]             0.0.142                -> 0.0.142
core-execution	Checkout code	2026-02-25T07:50:51.4160972Z  * [new tag]             0.0.143                -> 0.0.143
core-execution	Checkout code	2026-02-25T07:50:51.4161436Z  * [new tag]             0.0.144                -> 0.0.144
core-execution	Checkout code	2026-02-25T07:50:51.4161874Z  * [new tag]             0.0.145                -> 0.0.145
core-execution	Checkout code	2026-02-25T07:50:51.4162309Z  * [new tag]             0.0.146                -> 0.0.146
core-execution	Checkout code	2026-02-25T07:50:51.4202235Z  * [new tag]             0.0.147                -> 0.0.147
core-execution	Checkout code	2026-02-25T07:50:51.4203327Z  * [new tag]             0.0.148                -> 0.0.148
core-execution	Checkout code	2026-02-25T07:50:51.4203786Z  * [new tag]             0.0.149                -> 0.0.149
core-execution	Checkout code	2026-02-25T07:50:51.4204230Z  * [new tag]             0.0.15                 -> 0.0.15
core-execution	Checkout code	2026-02-25T07:50:51.4204693Z  * [new tag]             0.0.150                -> 0.0.150
core-execution	Checkout code	2026-02-25T07:50:51.4205126Z  * [new tag]             0.0.151                -> 0.0.151
core-execution	Checkout code	2026-02-25T07:50:51.4205552Z  * [new tag]             0.0.152                -> 0.0.152
core-execution	Checkout code	2026-02-25T07:50:51.4205990Z  * [new tag]             0.0.153                -> 0.0.153
core-execution	Checkout code	2026-02-25T07:50:51.4206893Z  * [new tag]             0.0.154                -> 0.0.154
core-execution	Checkout code	2026-02-25T07:50:51.4207349Z  * [new tag]             0.0.155                -> 0.0.155
core-execution	Checkout code	2026-02-25T07:50:51.4207787Z  * [new tag]             0.0.156                -> 0.0.156
core-execution	Checkout code	2026-02-25T07:50:51.4208229Z  * [new tag]             0.0.157                -> 0.0.157
core-execution	Checkout code	2026-02-25T07:50:51.4208666Z  * [new tag]             0.0.158                -> 0.0.158
core-execution	Checkout code	2026-02-25T07:50:51.4209101Z  * [new tag]             0.0.159                -> 0.0.159
core-execution	Checkout code	2026-02-25T07:50:51.4209541Z  * [new tag]             0.0.16                 -> 0.0.16
core-execution	Checkout code	2026-02-25T07:50:51.4209983Z  * [new tag]             0.0.160                -> 0.0.160
core-execution	Checkout code	2026-02-25T07:50:51.4210421Z  * [new tag]             0.0.161                -> 0.0.161
core-execution	Checkout code	2026-02-25T07:50:51.4210860Z  * [new tag]             0.0.162                -> 0.0.162
core-execution	Checkout code	2026-02-25T07:50:51.4211315Z  * [new tag]             0.0.163                -> 0.0.163
core-execution	Checkout code	2026-02-25T07:50:51.4211755Z  * [new tag]             0.0.164                -> 0.0.164
core-execution	Checkout code	2026-02-25T07:50:51.4212203Z  * [new tag]             0.0.165                -> 0.0.165
core-execution	Checkout code	2026-02-25T07:50:51.4227642Z  * [new tag]             0.0.166                -> 0.0.166
core-execution	Checkout code	2026-02-25T07:50:51.4228119Z  * [new tag]             0.0.167                -> 0.0.167
core-execution	Checkout code	2026-02-25T07:50:51.4228578Z  * [new tag]             0.0.168                -> 0.0.168
core-execution	Checkout code	2026-02-25T07:50:51.4229024Z  * [new tag]             0.0.169                -> 0.0.169
core-execution	Checkout code	2026-02-25T07:50:51.4229467Z  * [new tag]             0.0.17                 -> 0.0.17
core-execution	Checkout code	2026-02-25T07:50:51.4229904Z  * [new tag]             0.0.170                -> 0.0.170
core-execution	Checkout code	2026-02-25T07:50:51.4230378Z  * [new tag]             0.0.171                -> 0.0.171
core-execution	Checkout code	2026-02-25T07:50:51.4230851Z  * [new tag]             0.0.172                -> 0.0.172
core-execution	Checkout code	2026-02-25T07:50:51.4231362Z  * [new tag]             0.0.173                -> 0.0.173
core-execution	Checkout code	2026-02-25T07:50:51.4231865Z  * [new tag]             0.0.174                -> 0.0.174
core-execution	Checkout code	2026-02-25T07:50:51.4253750Z  * [new tag]             0.0.175                -> 0.0.175
core-execution	Checkout code	2026-02-25T07:50:51.4254641Z  * [new tag]             0.0.176                -> 0.0.176
core-execution	Checkout code	2026-02-25T07:50:51.4255115Z  * [new tag]             0.0.177                -> 0.0.177
core-execution	Checkout code	2026-02-25T07:50:51.4255560Z  * [new tag]             0.0.178                -> 0.0.178
core-execution	Checkout code	2026-02-25T07:50:51.4256000Z  * [new tag]             0.0.179                -> 0.0.179
core-execution	Checkout code	2026-02-25T07:50:51.4256460Z  * [new tag]             0.0.18                 -> 0.0.18
core-execution	Checkout code	2026-02-25T07:50:51.4256926Z  * [new tag]             0.0.19                 -> 0.0.19
core-execution	Checkout code	2026-02-25T07:50:51.4257368Z  * [new tag]             0.0.2                  -> 0.0.2
core-execution	Checkout code	2026-02-25T07:50:51.4257800Z  * [new tag]             0.0.20                 -> 0.0.20
core-execution	Checkout code	2026-02-25T07:50:51.4258239Z  * [new tag]             0.0.21                 -> 0.0.21
core-execution	Checkout code	2026-02-25T07:50:51.4258675Z  * [new tag]             0.0.22                 -> 0.0.22
core-execution	Checkout code	2026-02-25T07:50:51.4259109Z  * [new tag]             0.0.23                 -> 0.0.23
core-execution	Checkout code	2026-02-25T07:50:51.4259558Z  * [new tag]             0.0.24                 -> 0.0.24
core-execution	Checkout code	2026-02-25T07:50:51.4260005Z  * [new tag]             0.0.25                 -> 0.0.25
core-execution	Checkout code	2026-02-25T07:50:51.4260443Z  * [new tag]             0.0.26                 -> 0.0.26
core-execution	Checkout code	2026-02-25T07:50:51.4260881Z  * [new tag]             0.0.27                 -> 0.0.27
core-execution	Checkout code	2026-02-25T07:50:51.4261317Z  * [new tag]             0.0.28                 -> 0.0.28
core-execution	Checkout code	2026-02-25T07:50:51.4261759Z  * [new tag]             0.0.29                 -> 0.0.29
core-execution	Checkout code	2026-02-25T07:50:51.4262386Z  * [new tag]             0.0.3                  -> 0.0.3
core-execution	Checkout code	2026-02-25T07:50:51.4262894Z  * [new tag]             0.0.30                 -> 0.0.30
core-execution	Checkout code	2026-02-25T07:50:51.4263329Z  * [new tag]             0.0.31                 -> 0.0.31
core-execution	Checkout code	2026-02-25T07:50:51.4263764Z  * [new tag]             0.0.32                 -> 0.0.32
core-execution	Checkout code	2026-02-25T07:50:51.4264199Z  * [new tag]             0.0.33                 -> 0.0.33
core-execution	Checkout code	2026-02-25T07:50:51.4264635Z  * [new tag]             0.0.34                 -> 0.0.34
core-execution	Checkout code	2026-02-25T07:50:51.4265376Z  * [new tag]             0.0.35                 -> 0.0.35
core-execution	Checkout code	2026-02-25T07:50:51.4265828Z  * [new tag]             0.0.36                 -> 0.0.36
core-execution	Checkout code	2026-02-25T07:50:51.4266267Z  * [new tag]             0.0.37                 -> 0.0.37
core-execution	Checkout code	2026-02-25T07:50:51.4266700Z  * [new tag]             0.0.38                 -> 0.0.38
core-execution	Checkout code	2026-02-25T07:50:51.4267135Z  * [new tag]             0.0.39                 -> 0.0.39
core-execution	Checkout code	2026-02-25T07:50:51.4267574Z  * [new tag]             0.0.4                  -> 0.0.4
core-execution	Checkout code	2026-02-25T07:50:51.4268003Z  * [new tag]             0.0.40                 -> 0.0.40
core-execution	Checkout code	2026-02-25T07:50:51.4268441Z  * [new tag]             0.0.41                 -> 0.0.41
core-execution	Checkout code	2026-02-25T07:50:51.4268875Z  * [new tag]             0.0.42                 -> 0.0.42
core-execution	Checkout code	2026-02-25T07:50:51.4269312Z  * [new tag]             0.0.43                 -> 0.0.43
core-execution	Checkout code	2026-02-25T07:50:51.4269749Z  * [new tag]             0.0.44                 -> 0.0.44
core-execution	Checkout code	2026-02-25T07:50:51.4270186Z  * [new tag]             0.0.45                 -> 0.0.45
core-execution	Checkout code	2026-02-25T07:50:51.4270636Z  * [new tag]             0.0.46                 -> 0.0.46
core-execution	Checkout code	2026-02-25T07:50:51.4271345Z  * [new tag]             0.0.47                 -> 0.0.47
core-execution	Checkout code	2026-02-25T07:50:51.4271787Z  * [new tag]             0.0.48                 -> 0.0.48
core-execution	Checkout code	2026-02-25T07:50:51.4272227Z  * [new tag]             0.0.49                 -> 0.0.49
core-execution	Checkout code	2026-02-25T07:50:51.4303076Z  * [new tag]             0.0.5                  -> 0.0.5
core-execution	Checkout code	2026-02-25T07:50:51.4303607Z  * [new tag]             0.0.50                 -> 0.0.50
core-execution	Checkout code	2026-02-25T07:50:51.4304054Z  * [new tag]             0.0.51                 -> 0.0.51
core-execution	Checkout code	2026-02-25T07:50:51.4304490Z  * [new tag]             0.0.52                 -> 0.0.52
core-execution	Checkout code	2026-02-25T07:50:51.4304928Z  * [new tag]             0.0.53                 -> 0.0.53
core-execution	Checkout code	2026-02-25T07:50:51.4305368Z  * [new tag]             0.0.54                 -> 0.0.54
core-execution	Checkout code	2026-02-25T07:50:51.4305804Z  * [new tag]             0.0.55                 -> 0.0.55
core-execution	Checkout code	2026-02-25T07:50:51.4306240Z  * [new tag]             0.0.56                 -> 0.0.56
core-execution	Checkout code	2026-02-25T07:50:51.4306727Z  * [new tag]             0.0.57                 -> 0.0.57
core-execution	Checkout code	2026-02-25T07:50:51.4307176Z  * [new tag]             0.0.58                 -> 0.0.58
core-execution	Checkout code	2026-02-25T07:50:51.4307605Z  * [new tag]             0.0.59                 -> 0.0.59
core-execution	Checkout code	2026-02-25T07:50:51.4308039Z  * [new tag]             0.0.6                  -> 0.0.6
core-execution	Checkout code	2026-02-25T07:50:51.4308470Z  * [new tag]             0.0.60                 -> 0.0.60
core-execution	Checkout code	2026-02-25T07:50:51.4308896Z  * [new tag]             0.0.61                 -> 0.0.61
core-execution	Checkout code	2026-02-25T07:50:51.4309323Z  * [new tag]             0.0.62                 -> 0.0.62
core-execution	Checkout code	2026-02-25T07:50:51.4309753Z  * [new tag]             0.0.63                 -> 0.0.63
core-execution	Checkout code	2026-02-25T07:50:51.4310184Z  * [new tag]             0.0.64                 -> 0.0.64
core-execution	Checkout code	2026-02-25T07:50:51.4310613Z  * [new tag]             0.0.65                 -> 0.0.65
core-execution	Checkout code	2026-02-25T07:50:51.4311043Z  * [new tag]             0.0.66                 -> 0.0.66
core-execution	Checkout code	2026-02-25T07:50:51.4311474Z  * [new tag]             0.0.67                 -> 0.0.67
core-execution	Checkout code	2026-02-25T07:50:51.4311913Z  * [new tag]             0.0.68                 -> 0.0.68
core-execution	Checkout code	2026-02-25T07:50:51.4312353Z  * [new tag]             0.0.69                 -> 0.0.69
core-execution	Checkout code	2026-02-25T07:50:51.4313054Z  * [new tag]             0.0.7                  -> 0.0.7
core-execution	Checkout code	2026-02-25T07:50:51.4313492Z  * [new tag]             0.0.70                 -> 0.0.70
core-execution	Checkout code	2026-02-25T07:50:51.4313939Z  * [new tag]             0.0.71                 -> 0.0.71
core-execution	Checkout code	2026-02-25T07:50:51.4314406Z  * [new tag]             0.0.72                 -> 0.0.72
core-execution	Checkout code	2026-02-25T07:50:51.4314859Z  * [new tag]             0.0.73                 -> 0.0.73
core-execution	Checkout code	2026-02-25T07:50:51.4315294Z  * [new tag]             0.0.74                 -> 0.0.74
core-execution	Checkout code	2026-02-25T07:50:51.4315731Z  * [new tag]             0.0.75                 -> 0.0.75
core-execution	Checkout code	2026-02-25T07:50:51.4316161Z  * [new tag]             0.0.76                 -> 0.0.76
core-execution	Checkout code	2026-02-25T07:50:51.4316590Z  * [new tag]             0.0.77                 -> 0.0.77
core-execution	Checkout code	2026-02-25T07:50:51.4317349Z  * [new tag]             0.0.78                 -> 0.0.78
core-execution	Checkout code	2026-02-25T07:50:51.4317790Z  * [new tag]             0.0.79                 -> 0.0.79
core-execution	Checkout code	2026-02-25T07:50:51.4318222Z  * [new tag]             0.0.8                  -> 0.0.8
core-execution	Checkout code	2026-02-25T07:50:51.4318652Z  * [new tag]             0.0.80                 -> 0.0.80
core-execution	Checkout code	2026-02-25T07:50:51.4319079Z  * [new tag]             0.0.81                 -> 0.0.81
core-execution	Checkout code	2026-02-25T07:50:51.4319509Z  * [new tag]             0.0.82                 -> 0.0.82
core-execution	Checkout code	2026-02-25T07:50:51.4319935Z  * [new tag]             0.0.83                 -> 0.0.83
core-execution	Checkout code	2026-02-25T07:50:51.4320382Z  * [new tag]             0.0.84                 -> 0.0.84
core-execution	Checkout code	2026-02-25T07:50:51.4320813Z  * [new tag]             0.0.85                 -> 0.0.85
core-execution	Checkout code	2026-02-25T07:50:51.4321242Z  * [new tag]             0.0.86                 -> 0.0.86
core-execution	Checkout code	2026-02-25T07:50:51.4321674Z  * [new tag]             0.0.87                 -> 0.0.87
core-execution	Checkout code	2026-02-25T07:50:51.4322108Z  * [new tag]             0.0.88                 -> 0.0.88
core-execution	Checkout code	2026-02-25T07:50:51.4322654Z  * [new tag]             0.0.89                 -> 0.0.89
core-execution	Checkout code	2026-02-25T07:50:51.4323397Z  * [new tag]             0.0.9                  -> 0.0.9
core-execution	Checkout code	2026-02-25T07:50:51.4323838Z  * [new tag]             0.0.90                 -> 0.0.90
core-execution	Checkout code	2026-02-25T07:50:51.4324277Z  * [new tag]             0.0.91                 -> 0.0.91
core-execution	Checkout code	2026-02-25T07:50:51.4324724Z  * [new tag]             0.0.92                 -> 0.0.92
core-execution	Checkout code	2026-02-25T07:50:51.4325202Z  * [new tag]             0.0.93                 -> 0.0.93
core-execution	Checkout code	2026-02-25T07:50:51.4325654Z  * [new tag]             0.0.94                 -> 0.0.94
core-execution	Checkout code	2026-02-25T07:50:51.4326087Z  * [new tag]             0.0.95                 -> 0.0.95
core-execution	Checkout code	2026-02-25T07:50:51.4326519Z  * [new tag]             0.0.96                 -> 0.0.96
core-execution	Checkout code	2026-02-25T07:50:51.4326951Z  * [new tag]             0.0.97                 -> 0.0.97
core-execution	Checkout code	2026-02-25T07:50:51.4327380Z  * [new tag]             0.0.98                 -> 0.0.98
core-execution	Checkout code	2026-02-25T07:50:51.4327815Z  * [new tag]             0.0.99                 -> 0.0.99
core-execution	Checkout code	2026-02-25T07:50:51.4328263Z  * [new tag]             0.1.0                  -> 0.1.0
core-execution	Checkout code	2026-02-25T07:50:51.4328703Z  * [new tag]             0.1.1                  -> 0.1.1
core-execution	Checkout code	2026-02-25T07:50:51.4329131Z  * [new tag]             0.2.0                  -> 0.2.0
core-execution	Checkout code	2026-02-25T07:50:51.4329557Z  * [new tag]             0.3.0                  -> 0.3.0
core-execution	Checkout code	2026-02-25T07:50:51.4329987Z  * [new tag]             0.3.1                  -> 0.3.1
core-execution	Checkout code	2026-02-25T07:50:51.4330452Z  * [new tag]             0.3.10                 -> 0.3.10
core-execution	Checkout code	2026-02-25T07:50:51.4330887Z  * [new tag]             0.3.11                 -> 0.3.11
core-execution	Checkout code	2026-02-25T07:50:51.4331318Z  * [new tag]             0.3.12                 -> 0.3.12
core-execution	Checkout code	2026-02-25T07:50:51.4331749Z  * [new tag]             0.3.13                 -> 0.3.13
core-execution	Checkout code	2026-02-25T07:50:51.4332178Z  * [new tag]             0.3.14                 -> 0.3.14
core-execution	Checkout code	2026-02-25T07:50:51.4352822Z  * [new tag]             0.3.15                 -> 0.3.15
core-execution	Checkout code	2026-02-25T07:50:51.4353298Z  * [new tag]             0.3.16                 -> 0.3.16
core-execution	Checkout code	2026-02-25T07:50:51.4353756Z  * [new tag]             0.3.17                 -> 0.3.17
core-execution	Checkout code	2026-02-25T07:50:51.4354203Z  * [new tag]             0.3.2                  -> 0.3.2
core-execution	Checkout code	2026-02-25T07:50:51.4354636Z  * [new tag]             0.3.3                  -> 0.3.3
core-execution	Checkout code	2026-02-25T07:50:51.4355066Z  * [new tag]             0.3.4                  -> 0.3.4
core-execution	Checkout code	2026-02-25T07:50:51.4355492Z  * [new tag]             0.3.5                  -> 0.3.5
core-execution	Checkout code	2026-02-25T07:50:51.4355916Z  * [new tag]             0.3.6                  -> 0.3.6
core-execution	Checkout code	2026-02-25T07:50:51.4356346Z  * [new tag]             0.3.7                  -> 0.3.7
core-execution	Checkout code	2026-02-25T07:50:51.4356774Z  * [new tag]             0.3.8                  -> 0.3.8
core-execution	Checkout code	2026-02-25T07:50:51.4368243Z  * [new tag]             0.3.9                  -> 0.3.9
core-execution	Checkout code	2026-02-25T07:50:51.4368860Z  * [new tag]             0.4.0                  -> 0.4.0
core-execution	Checkout code	2026-02-25T07:50:51.4369306Z  * [new tag]             0.4.1                  -> 0.4.1
core-execution	Checkout code	2026-02-25T07:50:51.4369732Z  * [new tag]             0.4.2                  -> 0.4.2
core-execution	Checkout code	2026-02-25T07:50:51.4370521Z  * [new tag]             0.4.3                  -> 0.4.3
core-execution	Checkout code	2026-02-25T07:50:51.4370958Z  * [new tag]             0.4.4                  -> 0.4.4
core-execution	Checkout code	2026-02-25T07:50:51.4371376Z  * [new tag]             0.4.5                  -> 0.4.5
core-execution	Checkout code	2026-02-25T07:50:51.4371797Z  * [new tag]             0.4.6                  -> 0.4.6
core-execution	Checkout code	2026-02-25T07:50:51.4372222Z  * [new tag]             0.4.7                  -> 0.4.7
core-execution	Checkout code	2026-02-25T07:50:51.4383710Z  * [new tag]             0.4.8                  -> 0.4.8
core-execution	Checkout code	2026-02-25T07:50:51.4384188Z  * [new tag]             0.4.9                  -> 0.4.9
core-execution	Checkout code	2026-02-25T07:50:51.4384621Z  * [new tag]             0.5.0                  -> 0.5.0
core-execution	Checkout code	2026-02-25T07:50:51.4385051Z  * [new tag]             0.5.1                  -> 0.5.1
core-execution	Checkout code	2026-02-25T07:50:51.4385476Z  * [new tag]             0.5.2                  -> 0.5.2
core-execution	Checkout code	2026-02-25T07:50:51.4385901Z  * [new tag]             0.6.0                  -> 0.6.0
core-execution	Checkout code	2026-02-25T07:50:51.4386322Z  * [new tag]             0.6.1                  -> 0.6.1
core-execution	Checkout code	2026-02-25T07:50:51.4386775Z  * [new tag]             0.6.2                  -> 0.6.2
core-execution	Checkout code	2026-02-25T07:50:51.4387548Z  * [new tag]             0.6.3                  -> 0.6.3
core-execution	Checkout code	2026-02-25T07:50:51.4388006Z  * [new tag]             0.6.4                  -> 0.6.4
core-execution	Checkout code	2026-02-25T07:50:51.4388434Z  * [new tag]             0.6.5                  -> 0.6.5
core-execution	Checkout code	2026-02-25T07:50:51.4388865Z  * [new tag]             0.6.6                  -> 0.6.6
core-execution	Checkout code	2026-02-25T07:50:51.4704995Z [command]/usr/bin/git branch --list --remote origin/main
core-execution	Checkout code	2026-02-25T07:50:51.4801007Z   origin/main
core-execution	Checkout code	2026-02-25T07:50:51.4828253Z [command]/usr/bin/git rev-parse refs/remotes/origin/main
core-execution	Checkout code	2026-02-25T07:50:51.4880670Z 7f363258b2eeaf2508a955f779fe898c151d952e
core-execution	Checkout code	2026-02-25T07:50:51.4895848Z ##[endgroup]
core-execution	Checkout code	2026-02-25T07:50:51.4904113Z ##[group]Determining the checkout info
core-execution	Checkout code	2026-02-25T07:50:51.4905313Z ##[endgroup]
core-execution	Checkout code	2026-02-25T07:50:51.4914315Z [command]/usr/bin/git sparse-checkout disable
core-execution	Checkout code	2026-02-25T07:50:51.4998136Z [command]/usr/bin/git config --local --unset-all extensions.worktreeConfig
core-execution	Checkout code	2026-02-25T07:50:51.5057070Z ##[group]Checking out the ref
core-execution	Checkout code	2026-02-25T07:50:51.5065662Z [command]/usr/bin/git checkout --progress --force -B main refs/remotes/origin/main
core-execution	Checkout code	2026-02-25T07:50:51.7920332Z Switched to a new branch 'main'
core-execution	Checkout code	2026-02-25T07:50:51.7943115Z branch 'main' set up to track 'origin/main'.
core-execution	Checkout code	2026-02-25T07:50:51.8028212Z ##[endgroup]
core-execution	Checkout code	2026-02-25T07:50:51.8104064Z [command]/usr/bin/git log -1 --format=%H
core-execution	Checkout code	2026-02-25T07:50:51.8147967Z 7f363258b2eeaf2508a955f779fe898c151d952e
core-execution	Set up Python	Ôªø2026-02-25T07:50:51.8462372Z ##[group]Run actions/setup-python@v4
core-execution	Set up Python	2026-02-25T07:50:51.8462951Z with:
core-execution	Set up Python	2026-02-25T07:50:51.8463171Z   python-version: 3.10
core-execution	Set up Python	2026-02-25T07:50:51.8463417Z   check-latest: false
core-execution	Set up Python	2026-02-25T07:50:51.8463890Z   token: ***
core-execution	Set up Python	2026-02-25T07:50:51.8464116Z   update-environment: true
core-execution	Set up Python	2026-02-25T07:50:51.8464379Z   allow-prereleases: false
core-execution	Set up Python	2026-02-25T07:50:51.8464613Z env:
core-execution	Set up Python	2026-02-25T07:50:51.8464825Z   KAOS_MODULE: [Ka0S] GitHub ‚Üí iTop Sync
core-execution	Set up Python	2026-02-25T07:50:51.8465145Z   KAOS_CORRELATION_ID: 22387366989
core-execution	Set up Python	2026-02-25T07:50:51.8465418Z   KAOS_ACTOR: jh0ny2k2
core-execution	Set up Python	2026-02-25T07:50:51.8465643Z ##[endgroup]
core-execution	Set up Python	2026-02-25T07:50:52.0566132Z ##[group]Installed versions
core-execution	Set up Python	2026-02-25T07:50:52.0571799Z Version 3.10 was not found in the local cache
core-execution	Set up Python	2026-02-25T07:50:52.8971968Z Version 3.10 is available for downloading
core-execution	Set up Python	2026-02-25T07:50:52.8987446Z Download from "https://github.com/actions/python-versions/releases/download/3.10.19-18393196481/python-3.10.19-linux-24.04-x64.tar.gz"
core-execution	Set up Python	2026-02-25T07:50:54.1473811Z Extract downloaded archive
core-execution	Set up Python	2026-02-25T07:50:54.1584447Z [command]/usr/bin/tar xz --warning=no-unknown-keyword -C /home/runner/_work/_temp/451556a4-7cf1-45f2-9454-6e728f466ef2 -f /home/runner/_work/_temp/fd539ee7-0792-42ef-a516-ebea45257560
core-execution	Set up Python	2026-02-25T07:50:56.1907048Z Execute installation script
core-execution	Set up Python	2026-02-25T07:50:56.2023589Z Check if Python hostedtoolcache folder exist...
core-execution	Set up Python	2026-02-25T07:50:56.2025008Z Creating Python hostedtoolcache folder...
core-execution	Set up Python	2026-02-25T07:50:56.2038761Z Create Python 3.10.19 folder
core-execution	Set up Python	2026-02-25T07:50:56.2055293Z Copy Python binaries to hostedtoolcache folder
core-execution	Set up Python	2026-02-25T07:50:57.1791966Z Create additional symlinks (Required for the UsePythonVersion Azure Pipelines task and the setup-python GitHub Action)
core-execution	Set up Python	2026-02-25T07:50:57.1840429Z Upgrading pip...
core-execution	Set up Python	2026-02-25T07:50:59.3050710Z Looking in links: /tmp/tmp0ysy23fr
core-execution	Set up Python	2026-02-25T07:50:59.3054814Z Requirement already satisfied: setuptools in /home/runner/_work/_tool/Python/3.10.19/x64/lib/python3.10/site-packages (79.0.1)
core-execution	Set up Python	2026-02-25T07:50:59.3059476Z Requirement already satisfied: pip in /home/runner/_work/_tool/Python/3.10.19/x64/lib/python3.10/site-packages (23.0.1)
core-execution	Set up Python	2026-02-25T07:51:00.7166440Z Collecting pip
core-execution	Set up Python	2026-02-25T07:51:00.7714402Z Downloading pip-26.0.1-py3-none-any.whl (1.8 MB)
core-execution	Set up Python	2026-02-25T07:51:00.8379756Z ‚îÅ‚îÅ‚îÅ‚îÅ‚îÅ‚îÅ‚îÅ‚îÅ‚îÅ‚îÅ‚îÅ‚îÅ‚îÅ‚îÅ‚îÅ‚îÅ‚îÅ‚îÅ‚îÅ‚îÅ‚îÅ‚îÅ‚îÅ‚îÅ‚îÅ‚îÅ‚îÅ‚îÅ‚îÅ‚îÅ‚îÅ‚îÅ‚îÅ‚îÅ‚îÅ‚îÅ‚îÅ‚îÅ‚îÅ‚îÅ 1.8/1.8 MB 28.2 MB/s eta 0:00:00
core-execution	Set up Python	2026-02-25T07:51:00.8381093Z 
core-execution	Set up Python	2026-02-25T07:51:00.9062230Z Installing collected packages: pip
core-execution	Set up Python	2026-02-25T07:51:00.9062673Z Attempting uninstall: pip
core-execution	Set up Python	2026-02-25T07:51:00.9070824Z Found existing installation: pip 23.0.1
core-execution	Set up Python	2026-02-25T07:51:01.2296642Z Uninstalling pip-23.0.1:
core-execution	Set up Python	2026-02-25T07:51:01.2402035Z Successfully uninstalled pip-23.0.1
core-execution	Set up Python	2026-02-25T07:51:02.1645388Z Successfully installed pip-26.0.1
core-execution	Set up Python	2026-02-25T07:51:02.2431314Z Create complete file
core-execution	Set up Python	2026-02-25T07:51:02.2475712Z Successfully set up CPython (3.10.19)
core-execution	Set up Python	2026-02-25T07:51:02.2476991Z ##[endgroup]
core-execution	Install dependencies	Ôªø2026-02-25T07:51:02.2688787Z ##[group]Run pip install requests
core-execution	Install dependencies	2026-02-25T07:51:02.2689205Z [36;1mpip install requests[0m
core-execution	Install dependencies	2026-02-25T07:51:02.2707749Z shell: /usr/bin/bash -e {0}
core-execution	Install dependencies	2026-02-25T07:51:02.2708050Z env:
core-execution	Install dependencies	2026-02-25T07:51:02.2708286Z   KAOS_MODULE: [Ka0S] GitHub ‚Üí iTop Sync
core-execution	Install dependencies	2026-02-25T07:51:02.2708599Z   KAOS_CORRELATION_ID: 22387366989
core-execution	Install dependencies	2026-02-25T07:51:02.2708875Z   KAOS_ACTOR: jh0ny2k2
core-execution	Install dependencies	2026-02-25T07:51:02.2709203Z   pythonLocation: /home/runner/_work/_tool/Python/3.10.19/x64
core-execution	Install dependencies	2026-02-25T07:51:02.2709708Z   PKG_CONFIG_PATH: /home/runner/_work/_tool/Python/3.10.19/x64/lib/pkgconfig
core-execution	Install dependencies	2026-02-25T07:51:02.2710225Z   Python_ROOT_DIR: /home/runner/_work/_tool/Python/3.10.19/x64
core-execution	Install dependencies	2026-02-25T07:51:02.2710676Z   Python2_ROOT_DIR: /home/runner/_work/_tool/Python/3.10.19/x64
core-execution	Install dependencies	2026-02-25T07:51:02.2711128Z   Python3_ROOT_DIR: /home/runner/_work/_tool/Python/3.10.19/x64
core-execution	Install dependencies	2026-02-25T07:51:02.2711584Z   LD_LIBRARY_PATH: /home/runner/_work/_tool/Python/3.10.19/x64/lib
core-execution	Install dependencies	2026-02-25T07:51:02.2711956Z ##[endgroup]
core-execution	Install dependencies	2026-02-25T07:51:02.7823676Z Collecting requests
core-execution	Install dependencies	2026-02-25T07:51:02.8653253Z   Downloading requests-2.32.5-py3-none-any.whl.metadata (4.9 kB)
core-execution	Install dependencies	2026-02-25T07:51:03.0118579Z Collecting charset_normalizer<4,>=2 (from requests)
core-execution	Install dependencies	2026-02-25T07:51:03.0205069Z   Downloading charset_normalizer-3.4.4-cp310-cp310-manylinux2014_x86_64.manylinux_2_17_x86_64.manylinux_2_28_x86_64.whl.metadata (37 kB)
core-execution	Install dependencies	2026-02-25T07:51:03.0768892Z Collecting idna<4,>=2.5 (from requests)
core-execution	Install dependencies	2026-02-25T07:51:03.0829055Z   Downloading idna-3.11-py3-none-any.whl.metadata (8.4 kB)
core-execution	Install dependencies	2026-02-25T07:51:03.1260636Z Collecting urllib3<3,>=1.21.1 (from requests)
core-execution	Install dependencies	2026-02-25T07:51:03.1336403Z   Downloading urllib3-2.6.3-py3-none-any.whl.metadata (6.9 kB)
core-execution	Install dependencies	2026-02-25T07:51:03.1875672Z Collecting certifi>=2017.4.17 (from requests)
core-execution	Install dependencies	2026-02-25T07:51:03.1922364Z   Downloading certifi-2026.2.25-py3-none-any.whl.metadata (2.5 kB)
core-execution	Install dependencies	2026-02-25T07:51:03.2038202Z Downloading requests-2.32.5-py3-none-any.whl (64 kB)
core-execution	Install dependencies	2026-02-25T07:51:03.2187488Z Downloading charset_normalizer-3.4.4-cp310-cp310-manylinux2014_x86_64.manylinux_2_17_x86_64.manylinux_2_28_x86_64.whl (153 kB)
core-execution	Install dependencies	2026-02-25T07:51:03.2373486Z Downloading idna-3.11-py3-none-any.whl (71 kB)
core-execution	Install dependencies	2026-02-25T07:51:03.2472995Z Downloading urllib3-2.6.3-py3-none-any.whl (131 kB)
core-execution	Install dependencies	2026-02-25T07:51:03.2597954Z Downloading certifi-2026.2.25-py3-none-any.whl (153 kB)
core-execution	Install dependencies	2026-02-25T07:51:03.2938929Z Installing collected packages: urllib3, idna, charset_normalizer, certifi, requests
core-execution	Install dependencies	2026-02-25T07:51:03.5459278Z 
core-execution	Install dependencies	2026-02-25T07:51:03.5479811Z Successfully installed certifi-2026.2.25 charset_normalizer-3.4.4 idna-3.11 requests-2.32.5 urllib3-2.6.3
core-execution	Run Sync Script	Ôªø2026-02-25T07:51:03.7768957Z ##[group]Run python .github/scripts/github-sync-itop.py > result.json
core-execution	Run Sync Script	2026-02-25T07:51:03.7769558Z [36;1mpython .github/scripts/github-sync-itop.py > result.json[0m
core-execution	Run Sync Script	2026-02-25T07:51:03.7782753Z shell: /usr/bin/bash -e {0}
core-execution	Run Sync Script	2026-02-25T07:51:03.7783019Z env:
core-execution	Run Sync Script	2026-02-25T07:51:03.7783235Z   KAOS_MODULE: [Ka0S] GitHub ‚Üí iTop Sync
core-execution	Run Sync Script	2026-02-25T07:51:03.7783546Z   KAOS_CORRELATION_ID: 22387366989
core-execution	Run Sync Script	2026-02-25T07:51:03.7783818Z   KAOS_ACTOR: jh0ny2k2
core-execution	Run Sync Script	2026-02-25T07:51:03.7784138Z   pythonLocation: /home/runner/_work/_tool/Python/3.10.19/x64
core-execution	Run Sync Script	2026-02-25T07:51:03.7784748Z   PKG_CONFIG_PATH: /home/runner/_work/_tool/Python/3.10.19/x64/lib/pkgconfig
core-execution	Run Sync Script	2026-02-25T07:51:03.7785229Z   Python_ROOT_DIR: /home/runner/_work/_tool/Python/3.10.19/x64
core-execution	Run Sync Script	2026-02-25T07:51:03.7785661Z   Python2_ROOT_DIR: /home/runner/_work/_tool/Python/3.10.19/x64
core-execution	Run Sync Script	2026-02-25T07:51:03.7786093Z   Python3_ROOT_DIR: /home/runner/_work/_tool/Python/3.10.19/x64
core-execution	Run Sync Script	2026-02-25T07:51:03.7786528Z   LD_LIBRARY_PATH: /home/runner/_work/_tool/Python/3.10.19/x64/lib
core-execution	Run Sync Script	2026-02-25T07:51:03.7787071Z   ITOP_URL: ***
core-execution	Run Sync Script	2026-02-25T07:51:03.7787307Z   ITOP_API_USER: ***
core-execution	Run Sync Script	2026-02-25T07:51:03.7787561Z   ITOP_API_PASSWORD: ***
core-execution	Run Sync Script	2026-02-25T07:51:03.7787806Z   ITOP_ORIGIN: ***
core-execution	Run Sync Script	2026-02-25T07:51:03.7788027Z   ITOP_IMPACT_DEPARTMENT: 
core-execution	Run Sync Script	2026-02-25T07:51:03.7788270Z   ITOP_IMPACT_SERVICE: 
core-execution	Run Sync Script	2026-02-25T07:51:03.7788500Z   ITOP_IMPACT_PERSON: 
core-execution	Run Sync Script	2026-02-25T07:51:03.7788855Z   ITOP_URGENCY_CRITICAL: 
core-execution	Run Sync Script	2026-02-25T07:51:03.7789092Z   ITOP_URGENCY_HIGH: 
core-execution	Run Sync Script	2026-02-25T07:51:03.7789555Z   ITOP_URGENCY_MEDIUM: 
core-execution	Run Sync Script	2026-02-25T07:51:03.7789773Z   ITOP_URGENCY_LOW: 
core-execution	Run Sync Script	2026-02-25T07:51:03.7789989Z   GITHUB_EVENT_NAME: issues
core-execution	Run Sync Script	2026-02-25T07:51:03.7790229Z   GITHUB_EVENT_ACTION: opened
core-execution	Run Sync Script	2026-02-25T07:51:03.7806814Z   GITHUB_ISSUE_PAYLOAD: {
core-execution	Run Sync Script	  "active_lock_reason": null,
core-execution	Run Sync Script	  "assignee": null,
core-execution	Run Sync Script	  "assignees": [],
core-execution	Run Sync Script	  "author_association": "CONTRIBUTOR",
core-execution	Run Sync Script	  "body": "Completa los campos para registrar la incidencia. Esta informaci√≥n se sincronizar√° con iTop.\n\n---\n\n### Organizaci√≥n\n***\n\n### Solicitante\n@ka0sc0re\n\n### Estado\nNew\n\n### Impacto\nService\n\n### Urgencia\nhigh\n\n### Origen\nmonitoring\n\n---\n\n### Detalles adicionales / Pasos / Evidencias\n(Edita esta secci√≥n si necesitas a√±adir m√°s contexto para iTop).\n\n---\n\n### Detalles generados por Zabbix\n\nTrigger: Prueba Trigger High desde Zabbix 1 Severidad: High Inicio: 2026.02.25 07:50:07 Host: k8-manager Event ID: 697181 √öltimo valor: 11.98 GB\n",
core-execution	Run Sync Script	  "closed_at": null,
core-execution	Run Sync Script	  "comments": 0,
core-execution	Run Sync Script	  "comments_url": "https://api.github.com/repos/Ka0s-Klaus/ka0s/issues/4254/comments",
core-execution	Run Sync Script	  "created_at": "2026-02-25T07:50:08Z",
core-execution	Run Sync Script	  "events_url": "https://api.github.com/repos/Ka0s-Klaus/ka0s/issues/4254/events",
core-execution	Run Sync Script	  "html_url": "https://github.com/Ka0s-Klaus/ka0s/issues/4254",
core-execution	Run Sync Script	  "id": 3987794939,
core-execution	Run Sync Script	  "issue_dependencies_summary": {
core-execution	Run Sync Script	    "blocked_by": 0,
core-execution	Run Sync Script	    "blocking": 0,
core-execution	Run Sync Script	    "total_blocked_by": 0,
core-execution	Run Sync Script	    "total_blocking": 0
core-execution	Run Sync Script	  },
core-execution	Run Sync Script	  "labels": [
core-execution	Run Sync Script	    {
core-execution	Run Sync Script	      "color": "ededed",
core-execution	Run Sync Script	      "default": false,
core-execution	Run Sync Script	      "description": null,
core-execution	Run Sync Script	      "id": 10286701399,
core-execution	Run Sync Script	      "name": "itop-incident",
core-execution	Run Sync Script	      "node_id": "LA_kwDONx6uGM8AAAACZSKbVw",
core-execution	Run Sync Script	      "url": "https://api.github.com/repos/Ka0s-Klaus/ka0s/labels/itop-incident"
core-execution	Run Sync Script	    },
core-execution	Run Sync Script	    {
core-execution	Run Sync Script	      "color": "ededed",
core-execution	Run Sync Script	      "default": false,
core-execution	Run Sync Script	      "description": null,
core-execution	Run Sync Script	      "id": 10286701401,
core-execution	Run Sync Script	      "name": "triage",
core-execution	Run Sync Script	      "node_id": "LA_kwDONx6uGM8AAAACZSKbWQ",
core-execution	Run Sync Script	      "url": "https://api.github.com/repos/Ka0s-Klaus/ka0s/labels/triage"
core-execution	Run Sync Script	    }
core-execution	Run Sync Script	  ],
core-execution	Run Sync Script	  "labels_url": "https://api.github.com/repos/Ka0s-Klaus/ka0s/issues/4254/labels{/name}",
core-execution	Run Sync Script	  "locked": false,
core-execution	Run Sync Script	  "milestone": null,
core-execution	Run Sync Script	  "node_id": "I_kwDONx6uGM7tsOv7",
core-execution	Run Sync Script	  "number": 4254,
core-execution	Run Sync Script	  "performed_via_github_app": null,
core-execution	Run Sync Script	  "pinned_comment": null,
core-execution	Run Sync Script	  "reactions": {
core-execution	Run Sync Script	    "+1": 0,
core-execution	Run Sync Script	    "-1": 0,
core-execution	Run Sync Script	    "confused": 0,
core-execution	Run Sync Script	    "eyes": 0,
core-execution	Run Sync Script	    "heart": 0,
core-execution	Run Sync Script	    "hooray": 0,
core-execution	Run Sync Script	    "laugh": 0,
core-execution	Run Sync Script	    "rocket": 0,
core-execution	Run Sync Script	    "total_count": 0,
core-execution	Run Sync Script	    "url": "https://api.github.com/repos/Ka0s-Klaus/ka0s/issues/4254/reactions"
core-execution	Run Sync Script	  },
core-execution	Run Sync Script	  "repository_url": "https://api.github.com/repos/Ka0s-Klaus/ka0s",
core-execution	Run Sync Script	  "state": "open",
core-execution	Run Sync Script	  "state_reason": null,
core-execution	Run Sync Script	  "sub_issues_summary": {
core-execution	Run Sync Script	    "completed": 0,
core-execution	Run Sync Script	    "percent_completed": 0,
core-execution	Run Sync Script	    "total": 0
core-execution	Run Sync Script	  },
core-execution	Run Sync Script	  "timeline_url": "https://api.github.com/repos/Ka0s-Klaus/ka0s/issues/4254/timeline",
core-execution	Run Sync Script	  "title": "[INCIDENT] Prueba Trigger High desde Zabbix 1 (k8-manager)",
core-execution	Run Sync Script	  "type": null,
core-execution	Run Sync Script	  "updated_at": "2026-02-25T07:50:08Z",
core-execution	Run Sync Script	  "url": "https://api.github.com/repos/Ka0s-Klaus/ka0s/issues/4254",
core-execution	Run Sync Script	  "user": {
core-execution	Run Sync Script	    "avatar_url": "https://avatars.githubusercontent.com/u/117847861?v=4",
core-execution	Run Sync Script	    "events_url": "https://api.github.com/users/jh0ny2k2/events{/privacy}",
core-execution	Run Sync Script	    "followers_url": "https://api.github.com/users/jh0ny2k2/followers",
core-execution	Run Sync Script	    "following_url": "https://api.github.com/users/jh0ny2k2/following{/other_user}",
core-execution	Run Sync Script	    "gists_url": "https://api.github.com/users/jh0ny2k2/gists{/gist_id}",
core-execution	Run Sync Script	    "gravatar_id": "",
core-execution	Run Sync Script	    "html_url": "https://github.com/jh0ny2k2",
core-execution	Run Sync Script	    "id": 117847861,
core-execution	Run Sync Script	    "login": "jh0ny2k2",
core-execution	Run Sync Script	    "node_id": "U_kgDOBwY3NQ",
core-execution	Run Sync Script	    "organizations_url": "https://api.github.com/users/jh0ny2k2/orgs",
core-execution	Run Sync Script	    "received_events_url": "https://api.github.com/users/jh0ny2k2/received_events",
core-execution	Run Sync Script	    "repos_url": "https://api.github.com/users/jh0ny2k2/repos",
core-execution	Run Sync Script	    "site_admin": false,
core-execution	Run Sync Script	    "starred_url": "https://api.github.com/users/jh0ny2k2/starred{/owner}{/repo}",
core-execution	Run Sync Script	    "subscriptions_url": "https://api.github.com/users/jh0ny2k2/subscriptions",
core-execution	Run Sync Script	    "type": "User",
core-execution	Run Sync Script	    "url": "https://api.github.com/users/jh0ny2k2",
core-execution	Run Sync Script	    "user_view_type": "public"
core-execution	Run Sync Script	  }
core-execution	Run Sync Script	}
core-execution	Run Sync Script	2026-02-25T07:51:03.7821062Z   GITHUB_COMMENT_PAYLOAD: null
core-execution	Run Sync Script	2026-02-25T07:51:03.7821347Z   GITHUB_REPO_FULL_NAME: Ka0s-Klaus/ka0s
core-execution	Run Sync Script	2026-02-25T07:51:03.7821631Z ##[endgroup]
core-execution	Run Sync Script	2026-02-25T07:51:03.9745922Z /home/runner/_work/_tool/Python/3.10.19/x64/lib/python3.10/site-packages/urllib3/connectionpool.py:1097: InsecureRequestWarning: Unverified HTTPS request is being made to host 'itsm.ka0s.io'. Adding certificate verification is strongly advised. See: https://urllib3.readthedocs.io/en/latest/advanced-usage.html#tls-warnings
core-execution	Run Sync Script	2026-02-25T07:51:03.9748393Z   warnings.warn(
core-execution	Run Sync Script	2026-02-25T07:51:04.1027265Z /home/runner/_work/_tool/Python/3.10.19/x64/lib/python3.10/site-packages/urllib3/connectionpool.py:1097: InsecureRequestWarning: Unverified HTTPS request is being made to host 'itsm.ka0s.io'. Adding certificate verification is strongly advised. See: https://urllib3.readthedocs.io/en/latest/advanced-usage.html#tls-warnings
core-execution	Run Sync Script	2026-02-25T07:51:04.1029303Z   warnings.warn(
core-execution	Run Sync Script	2026-02-25T07:51:04.2143288Z /home/runner/_work/_tool/Python/3.10.19/x64/lib/python3.10/site-packages/urllib3/connectionpool.py:1097: InsecureRequestWarning: Unverified HTTPS request is being made to host 'itsm.ka0s.io'. Adding certificate verification is strongly advised. See: https://urllib3.readthedocs.io/en/latest/advanced-usage.html#tls-warnings
core-execution	Run Sync Script	2026-02-25T07:51:04.2144985Z   warnings.warn(
core-execution	Save audit log	Ôªø2026-02-25T07:51:04.4213049Z ##[group]Run # Si result.json no existe o est√° vac√≠o, no hacemos nada.
core-execution	Save audit log	2026-02-25T07:51:04.4213669Z [36;1m# Si result.json no existe o est√° vac√≠o, no hacemos nada.[0m
core-execution	Save audit log	2026-02-25T07:51:04.4214075Z [36;1mif [ ! -s result.json ]; then[0m
core-execution	Save audit log	2026-02-25T07:51:04.4214556Z [36;1m  echo "result.json no encontrado o vac√≠o. No se crear√° log de auditor√≠a."[0m
core-execution	Save audit log	2026-02-25T07:51:04.4215300Z [36;1m  # Establecemos una salida para que el siguiente paso sepa que no debe ejecutarse[0m
core-execution	Save audit log	2026-02-25T07:51:04.4215838Z [36;1m  echo "audit_file_created=false" >> $GITHUB_OUTPUT[0m
core-execution	Save audit log	2026-02-25T07:51:04.4216173Z [36;1m  exit 0[0m
core-execution	Save audit log	2026-02-25T07:51:04.4216376Z [36;1mfi[0m
core-execution	Save audit log	2026-02-25T07:51:04.4216562Z [36;1m[0m
core-execution	Save audit log	2026-02-25T07:51:04.4216819Z [36;1m# Instalamos jq para leer el JSON de forma segura[0m
core-execution	Save audit log	2026-02-25T07:51:04.4217174Z [36;1msudo apt-get install -y jq[0m
core-execution	Save audit log	2026-02-25T07:51:04.4217436Z [36;1m[0m
core-execution	Save audit log	2026-02-25T07:51:04.4217637Z [36;1mmkdir -p audit/sync[0m
core-execution	Save audit log	2026-02-25T07:51:04.4217920Z [36;1mTIMESTAMP=$(date -u +"%Y%m%d_%H%M%S")[0m
core-execution	Save audit log	2026-02-25T07:51:04.4218352Z [36;1m# Extraemos el n√∫mero de issue del JSON de forma segura[0m
core-execution	Save audit log	2026-02-25T07:51:04.4218839Z [36;1mISSUE_ID=$(jq -r '.github_ref | split("/")[-1] // "NOREF"' result.json)[0m
core-execution	Save audit log	2026-02-25T07:51:04.4219786Z [36;1m# Intentamos obtener la referencia de iTop (ref) de la respuesta; si no existe, caemos a itop_key; si no, unknown[0m
core-execution	Save audit log	2026-02-25T07:51:04.4220362Z [36;1mITOP_REF=$(jq -r '[0m
core-execution	Save audit log	2026-02-25T07:51:04.4220792Z [36;1m  (try (.create.response.objects | to_entries[0].value.fields.ref) catch empty) //[0m
core-execution	Save audit log	2026-02-25T07:51:04.4221431Z [36;1m  (try (.update.response.objects | to_entries[0].value.fields.ref) catch empty) //[0m
core-execution	Save audit log	2026-02-25T07:51:04.4222061Z [36;1m  (try (.close.response.objects  | to_entries[0].value.fields.ref) catch empty) //[0m
core-execution	Save audit log	2026-02-25T07:51:04.4222914Z [36;1m  .itop_key // "NOREF"' result.json)[0m
core-execution	Save audit log	2026-02-25T07:51:04.4223533Z [36;1m# Saneamos la ref para nombre de fichero[0m
core-execution	Save audit log	2026-02-25T07:51:04.4224052Z [36;1mSAFE_ITOP_REF=$(echo "$ITOP_REF" | tr ' /:\\' '____')[0m
core-execution	Save audit log	2026-02-25T07:51:04.4224480Z [36;1m# Nuevo esquema: <timestamp>_<itop_ref>_<issue>.json[0m
core-execution	Save audit log	2026-02-25T07:51:04.4224958Z [36;1mFILENAME="audit/sync/${TIMESTAMP}_${SAFE_ITOP_REF}_${ISSUE_ID}.json"[0m
core-execution	Save audit log	2026-02-25T07:51:04.4225375Z [36;1m[0m
core-execution	Save audit log	2026-02-25T07:51:04.4225584Z [36;1mmv result.json $FILENAME[0m
core-execution	Save audit log	2026-02-25T07:51:04.4225838Z [36;1m[0m
core-execution	Save audit log	2026-02-25T07:51:04.4226199Z [36;1m# Si hay error en la llamada a iTop, generamos adem√°s un fichero de error expl√≠cito[0m
core-execution	Save audit log	2026-02-25T07:51:04.4226661Z [36;1mHAS_ERROR=$(jq -r '[0m
core-execution	Save audit log	2026-02-25T07:51:04.4226938Z [36;1m  if (.status? == "error") then "true"[0m
core-execution	Save audit log	2026-02-25T07:51:04.4227293Z [36;1m  elif (.create?.status? == "error") then "true"[0m
core-execution	Save audit log	2026-02-25T07:51:04.4227673Z [36;1m  elif (.update?.status? == "error") then "true"[0m
core-execution	Save audit log	2026-02-25T07:51:04.4228046Z [36;1m  elif (.close?.status? == "error") then "true"[0m
core-execution	Save audit log	2026-02-25T07:51:04.4228371Z [36;1m  else "false" end[0m
core-execution	Save audit log	2026-02-25T07:51:04.4228616Z [36;1m' "$FILENAME")[0m
core-execution	Save audit log	2026-02-25T07:51:04.4228844Z [36;1m[0m
core-execution	Save audit log	2026-02-25T07:51:04.4229054Z [36;1mif [ "$HAS_ERROR" = "true" ]; then[0m
core-execution	Save audit log	2026-02-25T07:51:04.4229515Z [36;1m  ERROR_FILENAME="audit/sync/${TIMESTAMP}_${SAFE_ITOP_REF}_${ISSUE_ID}_ERROR.json"[0m
core-execution	Save audit log	2026-02-25T07:51:04.4230004Z [36;1m  cp "$FILENAME" "$ERROR_FILENAME"[0m
core-execution	Save audit log	2026-02-25T07:51:04.4230285Z [36;1mfi[0m
core-execution	Save audit log	2026-02-25T07:51:04.4230467Z [36;1m[0m
core-execution	Save audit log	2026-02-25T07:51:04.4230702Z [36;1mecho "AUDIT_FILE=$FILENAME" >> $GITHUB_ENV[0m
core-execution	Save audit log	2026-02-25T07:51:04.4231079Z [36;1mecho "audit_file_created=true" >> $GITHUB_OUTPUT[0m
core-execution	Save audit log	2026-02-25T07:51:04.4244560Z shell: /usr/bin/bash -e {0}
core-execution	Save audit log	2026-02-25T07:51:04.4244956Z env:
core-execution	Save audit log	2026-02-25T07:51:04.4245316Z   KAOS_MODULE: [Ka0S] GitHub ‚Üí iTop Sync
core-execution	Save audit log	2026-02-25T07:51:04.4245624Z   KAOS_CORRELATION_ID: 22387366989
core-execution	Save audit log	2026-02-25T07:51:04.4245898Z   KAOS_ACTOR: jh0ny2k2
core-execution	Save audit log	2026-02-25T07:51:04.4246221Z   pythonLocation: /home/runner/_work/_tool/Python/3.10.19/x64
core-execution	Save audit log	2026-02-25T07:51:04.4246980Z   PKG_CONFIG_PATH: /home/runner/_work/_tool/Python/3.10.19/x64/lib/pkgconfig
core-execution	Save audit log	2026-02-25T07:51:04.4248009Z   Python_ROOT_DIR: /home/runner/_work/_tool/Python/3.10.19/x64
core-execution	Save audit log	2026-02-25T07:51:04.4248434Z   Python2_ROOT_DIR: /home/runner/_work/_tool/Python/3.10.19/x64
core-execution	Save audit log	2026-02-25T07:51:04.4258806Z   Python3_ROOT_DIR: /home/runner/_work/_tool/Python/3.10.19/x64
core-execution	Save audit log	2026-02-25T07:51:04.4259264Z   LD_LIBRARY_PATH: /home/runner/_work/_tool/Python/3.10.19/x64/lib
core-execution	Save audit log	2026-02-25T07:51:04.4259613Z ##[endgroup]
core-execution	Save audit log	2026-02-25T07:51:04.4672936Z Reading package lists...
core-execution	Save audit log	2026-02-25T07:51:04.4716628Z Building dependency tree...
core-execution	Save audit log	2026-02-25T07:51:04.4723343Z Reading state information...
core-execution	Save audit log	2026-02-25T07:51:04.5216354Z jq is already the newest version (1.7.1-3ubuntu0.24.04.1).
core-execution	Save audit log	2026-02-25T07:51:04.5216976Z 0 upgraded, 0 newly installed, 0 to remove and 0 not upgraded.
core-execution	Commit and push audit file	Ôªø2026-02-25T07:51:04.5538383Z ##[group]Run git config --global user.name "***"
core-execution	Commit and push audit file	2026-02-25T07:51:04.5538981Z [36;1mgit config --global user.name "***"[0m
core-execution	Commit and push audit file	2026-02-25T07:51:04.5539445Z [36;1mgit config --global user.email "***"[0m
core-execution	Commit and push audit file	2026-02-25T07:51:04.5539821Z [36;1mgit pull[0m
core-execution	Commit and push audit file	2026-02-25T07:51:04.5540092Z [36;1mgit add audit/sync/*[0m
core-execution	Commit and push audit file	2026-02-25T07:51:04.5540434Z [36;1mif ! git diff --staged --quiet; then[0m
core-execution	Commit and push audit file	2026-02-25T07:51:04.5541002Z [36;1m  git commit -m "chore(ka0s): audit sync for issue #4254 run 22387366989 [skip ci]"[0m
core-execution	Commit and push audit file	2026-02-25T07:51:04.5541838Z [36;1m  count=0[0m
core-execution	Commit and push audit file	2026-02-25T07:51:04.5542213Z [36;1m  until git push origin HEAD:main || [ $count -eq 5 ]; do[0m
core-execution	Commit and push audit file	2026-02-25T07:51:04.5543270Z [36;1m    echo "Push fallido, reintentando..."[0m
core-execution	Commit and push audit file	2026-02-25T07:51:04.5543691Z [36;1m    git pull --rebase origin main[0m
core-execution	Commit and push audit file	2026-02-25T07:51:04.5544049Z [36;1m    ((count++))[0m
core-execution	Commit and push audit file	2026-02-25T07:51:04.5544337Z [36;1m    sleep 2[0m
core-execution	Commit and push audit file	2026-02-25T07:51:04.5544601Z [36;1m  done[0m
core-execution	Commit and push audit file	2026-02-25T07:51:04.5544842Z [36;1melse[0m
core-execution	Commit and push audit file	2026-02-25T07:51:04.5545172Z [36;1m  echo "No hay cambios para subir."[0m
core-execution	Commit and push audit file	2026-02-25T07:51:04.5545520Z [36;1mfi[0m
core-execution	Commit and push audit file	2026-02-25T07:51:04.5561062Z shell: /usr/bin/bash -e {0}
core-execution	Commit and push audit file	2026-02-25T07:51:04.5561380Z env:
core-execution	Commit and push audit file	2026-02-25T07:51:04.5561646Z   KAOS_MODULE: [Ka0S] GitHub ‚Üí iTop Sync
core-execution	Commit and push audit file	2026-02-25T07:51:04.5562015Z   KAOS_CORRELATION_ID: 22387366989
core-execution	Commit and push audit file	2026-02-25T07:51:04.5562340Z   KAOS_ACTOR: jh0ny2k2
core-execution	Commit and push audit file	2026-02-25T07:51:04.5562964Z   pythonLocation: /home/runner/_work/_tool/Python/3.10.19/x64
core-execution	Commit and push audit file	2026-02-25T07:51:04.5563576Z   PKG_CONFIG_PATH: /home/runner/_work/_tool/Python/3.10.19/x64/lib/pkgconfig
core-execution	Commit and push audit file	2026-02-25T07:51:04.5564166Z   Python_ROOT_DIR: /home/runner/_work/_tool/Python/3.10.19/x64
core-execution	Commit and push audit file	2026-02-25T07:51:04.5564694Z   Python2_ROOT_DIR: /home/runner/_work/_tool/Python/3.10.19/x64
core-execution	Commit and push audit file	2026-02-25T07:51:04.5565225Z   Python3_ROOT_DIR: /home/runner/_work/_tool/Python/3.10.19/x64
core-execution	Commit and push audit file	2026-02-25T07:51:04.5565769Z   LD_LIBRARY_PATH: /home/runner/_work/_tool/Python/3.10.19/x64/lib
core-execution	Commit and push audit file	2026-02-25T07:51:04.5566298Z   AUDIT_FILE: audit/sync/20260225_075104_I-000627_4254.json
core-execution	Commit and push audit file	2026-02-25T07:51:04.5566713Z ##[endgroup]
core-execution	Commit and push audit file	2026-02-25T07:51:05.3482983Z From https://github.com/Ka0s-Klaus/ka0s
core-execution	Commit and push audit file	2026-02-25T07:51:05.3483631Z    7f363258b..9d4209bb9  main       -> origin/main
core-execution	Commit and push audit file	2026-02-25T07:51:05.6006692Z Updating 7f363258b..9d4209bb9
core-execution	Commit and push audit file	2026-02-25T07:51:05.6008262Z Fast-forward
core-execution	Commit and push audit file	2026-02-25T07:51:05.6041975Z  audit/inspector/22387286045.json |    1 +
core-execution	Commit and push audit file	2026-02-25T07:51:05.6043177Z  audit/inspector/22387286045.log  | 1140 ++++++++++++++++++++++++++++++++++++++
core-execution	Commit and push audit file	2026-02-25T07:51:05.6044017Z  2 files changed, 1141 insertions(+)
core-execution	Commit and push audit file	2026-02-25T07:51:05.6045618Z  create mode 100644 audit/inspector/22387286045.json
core-execution	Commit and push audit file	2026-02-25T07:51:05.6046009Z  create mode 100644 audit/inspector/22387286045.log
core-execution	Commit and push audit file	2026-02-25T07:51:05.6277341Z [main 8e032202c] chore(ka0s): audit sync for issue #4254 run 22387366989 [skip ci]
core-execution	Commit and push audit file	2026-02-25T07:51:05.6277971Z  1 file changed, 105 insertions(+)
core-execution	Commit and push audit file	2026-02-25T07:51:05.6278331Z  create mode 100644 audit/sync/20260225_075104_I-000627_4254.json
core-execution	Commit and push audit file	2026-02-25T07:51:06.4873884Z To https://github.com/Ka0s-Klaus/ka0s
core-execution	Commit and push audit file	2026-02-25T07:51:06.4874284Z    9d4209bb9..8e032202c  HEAD -> main
core-execution	Post Set up Python	Ôªø2026-02-25T07:51:06.5053409Z Post job cleanup.
core-execution	Post Checkout code	Ôªø2026-02-25T07:51:06.7326888Z Post job cleanup.
core-execution	Post Checkout code	2026-02-25T07:51:06.8503611Z [command]/usr/bin/git version
core-execution	Post Checkout code	2026-02-25T07:51:06.8549131Z git version 2.52.0
core-execution	Post Checkout code	2026-02-25T07:51:06.8593510Z Copying '/home/runner/.gitconfig' to '/home/runner/_work/_temp/3ff0992c-854b-4c54-adc6-20cc63df3b21/.gitconfig'
core-execution	Post Checkout code	2026-02-25T07:51:06.8637751Z Temporarily overriding HOME='/home/runner/_work/_temp/3ff0992c-854b-4c54-adc6-20cc63df3b21' before making global git config changes
core-execution	Post Checkout code	2026-02-25T07:51:06.8654094Z Adding repository directory to the temporary git global config as a safe directory
core-execution	Post Checkout code	2026-02-25T07:51:06.8654802Z [command]/usr/bin/git config --global --add safe.directory /home/runner/_work/ka0s/ka0s
core-execution	Post Checkout code	2026-02-25T07:51:06.8844831Z [command]/usr/bin/git config --local --name-only --get-regexp core\.sshCommand
core-execution	Post Checkout code	2026-02-25T07:51:06.8942685Z [command]/usr/bin/git submodule foreach --recursive sh -c "git config --local --name-only --get-regexp 'core\.sshCommand' && git config --local --unset-all 'core.sshCommand' || :"
core-execution	Post Checkout code	2026-02-25T07:51:07.0097206Z [command]/usr/bin/git config --local --name-only --get-regexp http\.https\:\/\/github\.com\/\.extraheader
core-execution	Post Checkout code	2026-02-25T07:51:07.0161907Z http.https://github.com/.extraheader
core-execution	Post Checkout code	2026-02-25T07:51:07.0174341Z [command]/usr/bin/git config --local --unset-all http.https://github.com/.extraheader
core-execution	Post Checkout code	2026-02-25T07:51:07.0275662Z [command]/usr/bin/git submodule foreach --recursive sh -c "git config --local --name-only --get-regexp 'http\.https\:\/\/github\.com\/\.extraheader' && git config --local --unset-all 'http.https://github.com/.extraheader' || :"
core-execution	Post Checkout code	2026-02-25T07:51:07.0944485Z [command]/usr/bin/git config --local --name-only --get-regexp ^includeIf\.gitdir:
core-execution	Post Checkout code	2026-02-25T07:51:07.1055103Z [command]/usr/bin/git submodule foreach --recursive git config --local --show-origin --name-only --get-regexp remote.origin.url
core-execution	Complete job	Ôªø2026-02-25T07:51:07.1643526Z Cleaning up orphan processes
Handle Success	Set up job	Ôªø2026-02-25T07:51:19.1956976Z Current runner version: '2.331.0'
Handle Success	Set up job	2026-02-25T07:51:19.1966294Z Runner name: 'swarm-runners-scaleset-hkss5-runner-jc2pg'
Handle Success	Set up job	2026-02-25T07:51:19.1967418Z Runner group name: 'Default'
Handle Success	Set up job	2026-02-25T07:51:19.1968515Z Machine name: 'swarm-runners-scaleset-hkss5-runner-jc2pg'
Handle Success	Set up job	2026-02-25T07:51:19.1984545Z ##[group]GITHUB_TOKEN Permissions
Handle Success	Set up job	2026-02-25T07:51:19.1987910Z Actions: write
Handle Success	Set up job	2026-02-25T07:51:19.1988682Z Contents: write
Handle Success	Set up job	2026-02-25T07:51:19.1989236Z Issues: write
Handle Success	Set up job	2026-02-25T07:51:19.1990739Z Metadata: read
Handle Success	Set up job	2026-02-25T07:51:19.1991582Z ##[endgroup]
Handle Success	Set up job	2026-02-25T07:51:19.1994225Z Secret source: Actions
Handle Success	Set up job	2026-02-25T07:51:19.1995040Z Prepare workflow directory
Handle Success	Set up job	2026-02-25T07:51:19.2563873Z Prepare all required actions
Handle Success	Set up job	2026-02-25T07:51:19.2624045Z Complete job name: Handle Success
Handle Success	Notify Success	Ôªø2026-02-25T07:51:19.3296215Z ##[group]Run echo "‚úÖ Workflow [Ka0S] GitHub ‚Üí iTop Sync completado correctamente."
Handle Success	Notify Success	2026-02-25T07:51:19.3297376Z [36;1mecho "‚úÖ Workflow [Ka0S] GitHub ‚Üí iTop Sync completado correctamente."[0m
Handle Success	Notify Success	2026-02-25T07:51:19.3328091Z shell: /usr/bin/bash -e {0}
Handle Success	Notify Success	2026-02-25T07:51:19.3328946Z env:
Handle Success	Notify Success	2026-02-25T07:51:19.3329375Z   KAOS_MODULE: [Ka0S] GitHub ‚Üí iTop Sync
Handle Success	Notify Success	2026-02-25T07:51:19.3329920Z   KAOS_CORRELATION_ID: 22387366989
Handle Success	Notify Success	2026-02-25T07:51:19.3330409Z   KAOS_ACTOR: jh0ny2k2
Handle Success	Notify Success	2026-02-25T07:51:19.3330829Z ##[endgroup]
Handle Success	Notify Success	2026-02-25T07:51:19.3789622Z ‚úÖ Workflow [Ka0S] GitHub ‚Üí iTop Sync completado correctamente.
Handle Success	Complete job	Ôªø2026-02-25T07:51:19.3947820Z Cleaning up orphan processes
end-workflow	Set up job	Ôªø2026-02-25T07:51:32.1971499Z Current runner version: '2.331.0'
end-workflow	Set up job	2026-02-25T07:51:32.1999182Z Runner name: 'swarm-runners-scaleset-hkss5-runner-5f4pm'
end-workflow	Set up job	2026-02-25T07:51:32.2000426Z Runner group name: 'Default'
end-workflow	Set up job	2026-02-25T07:51:32.2001602Z Machine name: 'swarm-runners-scaleset-hkss5-runner-5f4pm'
end-workflow	Set up job	2026-02-25T07:51:32.2006697Z ##[group]GITHUB_TOKEN Permissions
end-workflow	Set up job	2026-02-25T07:51:32.2010496Z Actions: write
end-workflow	Set up job	2026-02-25T07:51:32.2011159Z Contents: write
end-workflow	Set up job	2026-02-25T07:51:32.2011692Z Issues: write
end-workflow	Set up job	2026-02-25T07:51:32.2027389Z Metadata: read
end-workflow	Set up job	2026-02-25T07:51:32.2028071Z ##[endgroup]
end-workflow	Set up job	2026-02-25T07:51:32.2030673Z Secret source: Actions
end-workflow	Set up job	2026-02-25T07:51:32.2031650Z Prepare workflow directory
end-workflow	Set up job	2026-02-25T07:51:32.2938272Z Prepare all required actions
end-workflow	Set up job	2026-02-25T07:51:32.3002248Z Getting action download info
end-workflow	Set up job	2026-02-25T07:51:33.0999329Z Download action repository 'actions/checkout@v4' (SHA:34e114876b0b11c390a56381ad16ebd13914f8d5)
end-workflow	Set up job	2026-02-25T07:51:34.2148059Z Complete job name: end-workflow
end-workflow	Checkout Repository	Ôªø2026-02-25T07:51:34.3280709Z ##[group]Run actions/checkout@v4
end-workflow	Checkout Repository	2026-02-25T07:51:34.3282060Z with:
end-workflow	Checkout Repository	2026-02-25T07:51:34.3282701Z   fetch-depth: 0
end-workflow	Checkout Repository	2026-02-25T07:51:34.3283195Z   repository: Ka0s-Klaus/ka0s
end-workflow	Checkout Repository	2026-02-25T07:51:34.3284083Z   token: ***
end-workflow	Checkout Repository	2026-02-25T07:51:34.3284526Z   ssh-strict: true
end-workflow	Checkout Repository	2026-02-25T07:51:34.3284980Z   ssh-user: git
end-workflow	Checkout Repository	2026-02-25T07:51:34.3285442Z   persist-credentials: true
end-workflow	Checkout Repository	2026-02-25T07:51:34.3285959Z   clean: true
end-workflow	Checkout Repository	2026-02-25T07:51:34.3286416Z   sparse-checkout-cone-mode: true
end-workflow	Checkout Repository	2026-02-25T07:51:34.3286972Z   fetch-tags: false
end-workflow	Checkout Repository	2026-02-25T07:51:34.3287436Z   show-progress: true
end-workflow	Checkout Repository	2026-02-25T07:51:34.3287902Z   lfs: false
end-workflow	Checkout Repository	2026-02-25T07:51:34.3288326Z   submodules: false
end-workflow	Checkout Repository	2026-02-25T07:51:34.3288836Z   set-safe-directory: true
end-workflow	Checkout Repository	2026-02-25T07:51:34.3289644Z env:
end-workflow	Checkout Repository	2026-02-25T07:51:34.3290109Z   KAOS_MODULE: [Ka0S] GitHub ‚Üí iTop Sync
end-workflow	Checkout Repository	2026-02-25T07:51:34.3291213Z   KAOS_CORRELATION_ID: 22387366989
end-workflow	Checkout Repository	2026-02-25T07:51:34.3291781Z   KAOS_ACTOR: jh0ny2k2
end-workflow	Checkout Repository	2026-02-25T07:51:34.3292598Z ##[endgroup]
end-workflow	Checkout Repository	2026-02-25T07:51:34.5383327Z Syncing repository: Ka0s-Klaus/ka0s
end-workflow	Checkout Repository	2026-02-25T07:51:34.5387376Z ##[group]Getting Git version info
end-workflow	Checkout Repository	2026-02-25T07:51:34.5388132Z Working directory is '/home/runner/_work/ka0s/ka0s'
end-workflow	Checkout Repository	2026-02-25T07:51:34.5389095Z [command]/usr/bin/git version
end-workflow	Checkout Repository	2026-02-25T07:51:34.5389677Z git version 2.52.0
end-workflow	Checkout Repository	2026-02-25T07:51:34.5429188Z ##[endgroup]
end-workflow	Checkout Repository	2026-02-25T07:51:34.5468548Z Temporarily overriding HOME='/home/runner/_work/_temp/c0404e41-70d2-40d2-9ff9-9a5e9c0090ec' before making global git config changes
end-workflow	Checkout Repository	2026-02-25T07:51:34.5473057Z Adding repository directory to the temporary git global config as a safe directory
end-workflow	Checkout Repository	2026-02-25T07:51:34.5487321Z [command]/usr/bin/git config --global --add safe.directory /home/runner/_work/ka0s/ka0s
end-workflow	Checkout Repository	2026-02-25T07:51:34.5634084Z Deleting the contents of '/home/runner/_work/ka0s/ka0s'
end-workflow	Checkout Repository	2026-02-25T07:51:34.5635629Z ##[group]Initializing the repository
end-workflow	Checkout Repository	2026-02-25T07:51:34.5636925Z [command]/usr/bin/git init /home/runner/_work/ka0s/ka0s
end-workflow	Checkout Repository	2026-02-25T07:51:34.5760679Z hint: Using 'master' as the name for the initial branch. This default branch name
end-workflow	Checkout Repository	2026-02-25T07:51:34.5766556Z hint: will change to "main" in Git 3.0. To configure the initial branch name
end-workflow	Checkout Repository	2026-02-25T07:51:34.5768066Z hint: to use in all of your new repositories, which will suppress this warning,
end-workflow	Checkout Repository	2026-02-25T07:51:34.5769029Z hint: call:
end-workflow	Checkout Repository	2026-02-25T07:51:34.5769668Z hint:
end-workflow	Checkout Repository	2026-02-25T07:51:34.5770433Z hint: 	git config --global init.defaultBranch <name>
end-workflow	Checkout Repository	2026-02-25T07:51:34.5771272Z hint:
end-workflow	Checkout Repository	2026-02-25T07:51:34.5772085Z hint: Names commonly chosen instead of 'master' are 'main', 'trunk' and
end-workflow	Checkout Repository	2026-02-25T07:51:34.5773447Z hint: 'development'. The just-created branch can be renamed via this command:
end-workflow	Checkout Repository	2026-02-25T07:51:34.5774445Z hint:
end-workflow	Checkout Repository	2026-02-25T07:51:34.5775104Z hint: 	git branch -m <name>
end-workflow	Checkout Repository	2026-02-25T07:51:34.5775828Z hint:
end-workflow	Checkout Repository	2026-02-25T07:51:34.5776697Z hint: Disable this message with "git config set advice.defaultBranchName false"
end-workflow	Checkout Repository	2026-02-25T07:51:34.5787321Z Initialized empty Git repository in /home/runner/_work/ka0s/ka0s/.git/
end-workflow	Checkout Repository	2026-02-25T07:51:34.5811929Z [command]/usr/bin/git remote add origin https://github.com/Ka0s-Klaus/ka0s
end-workflow	Checkout Repository	2026-02-25T07:51:34.5875107Z ##[endgroup]
end-workflow	Checkout Repository	2026-02-25T07:51:34.5876270Z ##[group]Disabling automatic garbage collection
end-workflow	Checkout Repository	2026-02-25T07:51:34.5883018Z [command]/usr/bin/git config --local gc.auto 0
end-workflow	Checkout Repository	2026-02-25T07:51:34.6023879Z ##[endgroup]
end-workflow	Checkout Repository	2026-02-25T07:51:34.6032798Z ##[group]Setting up auth
end-workflow	Checkout Repository	2026-02-25T07:51:34.6075091Z [command]/usr/bin/git config --local --name-only --get-regexp core\.sshCommand
end-workflow	Checkout Repository	2026-02-25T07:51:34.6195464Z [command]/usr/bin/git submodule foreach --recursive sh -c "git config --local --name-only --get-regexp 'core\.sshCommand' && git config --local --unset-all 'core.sshCommand' || :"
end-workflow	Checkout Repository	2026-02-25T07:51:34.6782113Z [command]/usr/bin/git config --local --name-only --get-regexp http\.https\:\/\/github\.com\/\.extraheader
end-workflow	Checkout Repository	2026-02-25T07:51:34.6865203Z [command]/usr/bin/git submodule foreach --recursive sh -c "git config --local --name-only --get-regexp 'http\.https\:\/\/github\.com\/\.extraheader' && git config --local --unset-all 'http.https://github.com/.extraheader' || :"
end-workflow	Checkout Repository	2026-02-25T07:51:34.7575085Z [command]/usr/bin/git config --local --name-only --get-regexp ^includeIf\.gitdir:
end-workflow	Checkout Repository	2026-02-25T07:51:34.7660227Z [command]/usr/bin/git submodule foreach --recursive git config --local --show-origin --name-only --get-regexp remote.origin.url
end-workflow	Checkout Repository	2026-02-25T07:51:34.8235404Z [command]/usr/bin/git config --local http.https://github.com/.extraheader AUTHORIZATION: basic ***
end-workflow	Checkout Repository	2026-02-25T07:51:34.8306610Z ##[endgroup]
end-workflow	Checkout Repository	2026-02-25T07:51:34.8324210Z ##[group]Fetching the repository
end-workflow	Checkout Repository	2026-02-25T07:51:34.8364545Z [command]/usr/bin/git -c protocol.version=2 fetch --prune --no-recurse-submodules origin +refs/heads/*:refs/remotes/origin/* +refs/tags/*:refs/tags/*
end-workflow	Checkout Repository	2026-02-25T07:52:04.9052741Z From https://github.com/Ka0s-Klaus/ka0s
end-workflow	Checkout Repository	2026-02-25T07:52:04.9056988Z  * [new branch]          F3450-modelo-operativo -> origin/F3450-modelo-operativo
end-workflow	Checkout Repository	2026-02-25T07:52:04.9060817Z  * [new branch]          H1276-modulo-observabilidad -> origin/H1276-modulo-observabilidad
end-workflow	Checkout Repository	2026-02-25T07:52:04.9065080Z  * [new branch]          H3596-deploy-itop      -> origin/H3596-deploy-itop
end-workflow	Checkout Repository	2026-02-25T07:52:04.9068857Z  * [new branch]          H4170-flujo-detallado-zabbix---github -> origin/H4170-flujo-detallado-zabbix---github
end-workflow	Checkout Repository	2026-02-25T07:52:04.9072859Z  * [new branch]          H4191-request-cambios  -> origin/H4191-request-cambios
end-workflow	Checkout Repository	2026-02-25T07:52:04.9077445Z  * [new branch]          H4200-request-recomendaciones-de-auditoria -> origin/H4200-request-recomendaciones-de-auditoria
end-workflow	Checkout Repository	2026-02-25T07:52:04.9080877Z  * [new branch]          main                   -> origin/main
end-workflow	Checkout Repository	2026-02-25T07:52:04.9083400Z  * [new tag]             0.0.0                  -> 0.0.0
end-workflow	Checkout Repository	2026-02-25T07:52:04.9083977Z  * [new tag]             0.0.1                  -> 0.0.1
end-workflow	Checkout Repository	2026-02-25T07:52:04.9084379Z  * [new tag]             0.0.10                 -> 0.0.10
end-workflow	Checkout Repository	2026-02-25T07:52:04.9084794Z  * [new tag]             0.0.100                -> 0.0.100
end-workflow	Checkout Repository	2026-02-25T07:52:04.9085198Z  * [new tag]             0.0.101                -> 0.0.101
end-workflow	Checkout Repository	2026-02-25T07:52:04.9085758Z  * [new tag]             0.0.102                -> 0.0.102
end-workflow	Checkout Repository	2026-02-25T07:52:04.9086214Z  * [new tag]             0.0.103                -> 0.0.103
end-workflow	Checkout Repository	2026-02-25T07:52:04.9086676Z  * [new tag]             0.0.104                -> 0.0.104
end-workflow	Checkout Repository	2026-02-25T07:52:04.9087080Z  * [new tag]             0.0.105                -> 0.0.105
end-workflow	Checkout Repository	2026-02-25T07:52:04.9087484Z  * [new tag]             0.0.106                -> 0.0.106
end-workflow	Checkout Repository	2026-02-25T07:52:04.9087910Z  * [new tag]             0.0.107                -> 0.0.107
end-workflow	Checkout Repository	2026-02-25T07:52:04.9088319Z  * [new tag]             0.0.108                -> 0.0.108
end-workflow	Checkout Repository	2026-02-25T07:52:04.9088726Z  * [new tag]             0.0.109                -> 0.0.109
end-workflow	Checkout Repository	2026-02-25T07:52:04.9089130Z  * [new tag]             0.0.11                 -> 0.0.11
end-workflow	Checkout Repository	2026-02-25T07:52:04.9089537Z  * [new tag]             0.0.110                -> 0.0.110
end-workflow	Checkout Repository	2026-02-25T07:52:04.9089947Z  * [new tag]             0.0.111                -> 0.0.111
end-workflow	Checkout Repository	2026-02-25T07:52:04.9100836Z  * [new tag]             0.0.112                -> 0.0.112
end-workflow	Checkout Repository	2026-02-25T07:52:04.9101889Z  * [new tag]             0.0.113                -> 0.0.113
end-workflow	Checkout Repository	2026-02-25T07:52:04.9102306Z  * [new tag]             0.0.114                -> 0.0.114
end-workflow	Checkout Repository	2026-02-25T07:52:04.9102779Z  * [new tag]             0.0.115                -> 0.0.115
end-workflow	Checkout Repository	2026-02-25T07:52:04.9103196Z  * [new tag]             0.0.116                -> 0.0.116
end-workflow	Checkout Repository	2026-02-25T07:52:04.9103698Z  * [new tag]             0.0.117                -> 0.0.117
end-workflow	Checkout Repository	2026-02-25T07:52:04.9104173Z  * [new tag]             0.0.118                -> 0.0.118
end-workflow	Checkout Repository	2026-02-25T07:52:04.9104697Z  * [new tag]             0.0.119                -> 0.0.119
end-workflow	Checkout Repository	2026-02-25T07:52:04.9105091Z  * [new tag]             0.0.12                 -> 0.0.12
end-workflow	Checkout Repository	2026-02-25T07:52:04.9105482Z  * [new tag]             0.0.120                -> 0.0.120
end-workflow	Checkout Repository	2026-02-25T07:52:04.9105879Z  * [new tag]             0.0.121                -> 0.0.121
end-workflow	Checkout Repository	2026-02-25T07:52:04.9106273Z  * [new tag]             0.0.122                -> 0.0.122
end-workflow	Checkout Repository	2026-02-25T07:52:04.9106676Z  * [new tag]             0.0.123                -> 0.0.123
end-workflow	Checkout Repository	2026-02-25T07:52:04.9107522Z  * [new tag]             0.0.124                -> 0.0.124
end-workflow	Checkout Repository	2026-02-25T07:52:04.9107924Z  * [new tag]             0.0.125                -> 0.0.125
end-workflow	Checkout Repository	2026-02-25T07:52:04.9108334Z  * [new tag]             0.0.126                -> 0.0.126
end-workflow	Checkout Repository	2026-02-25T07:52:04.9108736Z  * [new tag]             0.0.127                -> 0.0.127
end-workflow	Checkout Repository	2026-02-25T07:52:04.9109143Z  * [new tag]             0.0.128                -> 0.0.128
end-workflow	Checkout Repository	2026-02-25T07:52:04.9109549Z  * [new tag]             0.0.129                -> 0.0.129
end-workflow	Checkout Repository	2026-02-25T07:52:04.9109958Z  * [new tag]             0.0.13                 -> 0.0.13
end-workflow	Checkout Repository	2026-02-25T07:52:04.9110363Z  * [new tag]             0.0.130                -> 0.0.130
end-workflow	Checkout Repository	2026-02-25T07:52:04.9110769Z  * [new tag]             0.0.131                -> 0.0.131
end-workflow	Checkout Repository	2026-02-25T07:52:04.9111174Z  * [new tag]             0.0.132                -> 0.0.132
end-workflow	Checkout Repository	2026-02-25T07:52:04.9111576Z  * [new tag]             0.0.133                -> 0.0.133
end-workflow	Checkout Repository	2026-02-25T07:52:04.9111994Z  * [new tag]             0.0.134                -> 0.0.134
end-workflow	Checkout Repository	2026-02-25T07:52:04.9112457Z  * [new tag]             0.0.135                -> 0.0.135
end-workflow	Checkout Repository	2026-02-25T07:52:04.9112870Z  * [new tag]             0.0.136                -> 0.0.136
end-workflow	Checkout Repository	2026-02-25T07:52:04.9113272Z  * [new tag]             0.0.137                -> 0.0.137
end-workflow	Checkout Repository	2026-02-25T07:52:04.9113681Z  * [new tag]             0.0.138                -> 0.0.138
end-workflow	Checkout Repository	2026-02-25T07:52:04.9114094Z  * [new tag]             0.0.139                -> 0.0.139
end-workflow	Checkout Repository	2026-02-25T07:52:04.9114500Z  * [new tag]             0.0.14                 -> 0.0.14
end-workflow	Checkout Repository	2026-02-25T07:52:04.9114909Z  * [new tag]             0.0.140                -> 0.0.140
end-workflow	Checkout Repository	2026-02-25T07:52:04.9115309Z  * [new tag]             0.0.141                -> 0.0.141
end-workflow	Checkout Repository	2026-02-25T07:52:04.9115717Z  * [new tag]             0.0.142                -> 0.0.142
end-workflow	Checkout Repository	2026-02-25T07:52:04.9210338Z  * [new tag]             0.0.143                -> 0.0.143
end-workflow	Checkout Repository	2026-02-25T07:52:04.9211158Z  * [new tag]             0.0.144                -> 0.0.144
end-workflow	Checkout Repository	2026-02-25T07:52:04.9211608Z  * [new tag]             0.0.145                -> 0.0.145
end-workflow	Checkout Repository	2026-02-25T07:52:04.9212008Z  * [new tag]             0.0.146                -> 0.0.146
end-workflow	Checkout Repository	2026-02-25T07:52:04.9213096Z  * [new tag]             0.0.147                -> 0.0.147
end-workflow	Checkout Repository	2026-02-25T07:52:04.9213507Z  * [new tag]             0.0.148                -> 0.0.148
end-workflow	Checkout Repository	2026-02-25T07:52:04.9213905Z  * [new tag]             0.0.149                -> 0.0.149
end-workflow	Checkout Repository	2026-02-25T07:52:04.9214336Z  * [new tag]             0.0.15                 -> 0.0.15
end-workflow	Checkout Repository	2026-02-25T07:52:04.9215541Z  * [new tag]             0.0.150                -> 0.0.150
end-workflow	Checkout Repository	2026-02-25T07:52:04.9215949Z  * [new tag]             0.0.151                -> 0.0.151
end-workflow	Checkout Repository	2026-02-25T07:52:04.9216346Z  * [new tag]             0.0.152                -> 0.0.152
end-workflow	Checkout Repository	2026-02-25T07:52:04.9216755Z  * [new tag]             0.0.153                -> 0.0.153
end-workflow	Checkout Repository	2026-02-25T07:52:04.9217165Z  * [new tag]             0.0.154                -> 0.0.154
end-workflow	Checkout Repository	2026-02-25T07:52:04.9217580Z  * [new tag]             0.0.155                -> 0.0.155
end-workflow	Checkout Repository	2026-02-25T07:52:04.9218327Z  * [new tag]             0.0.156                -> 0.0.156
end-workflow	Checkout Repository	2026-02-25T07:52:04.9218732Z  * [new tag]             0.0.157                -> 0.0.157
end-workflow	Checkout Repository	2026-02-25T07:52:04.9219140Z  * [new tag]             0.0.158                -> 0.0.158
end-workflow	Checkout Repository	2026-02-25T07:52:04.9219547Z  * [new tag]             0.0.159                -> 0.0.159
end-workflow	Checkout Repository	2026-02-25T07:52:04.9219955Z  * [new tag]             0.0.16                 -> 0.0.16
end-workflow	Checkout Repository	2026-02-25T07:52:04.9220365Z  * [new tag]             0.0.160                -> 0.0.160
end-workflow	Checkout Repository	2026-02-25T07:52:04.9220765Z  * [new tag]             0.0.161                -> 0.0.161
end-workflow	Checkout Repository	2026-02-25T07:52:04.9221169Z  * [new tag]             0.0.162                -> 0.0.162
end-workflow	Checkout Repository	2026-02-25T07:52:04.9221585Z  * [new tag]             0.0.163                -> 0.0.163
end-workflow	Checkout Repository	2026-02-25T07:52:04.9221994Z  * [new tag]             0.0.164                -> 0.0.164
end-workflow	Checkout Repository	2026-02-25T07:52:04.9223012Z  * [new tag]             0.0.165                -> 0.0.165
end-workflow	Checkout Repository	2026-02-25T07:52:04.9223670Z  * [new tag]             0.0.166                -> 0.0.166
end-workflow	Checkout Repository	2026-02-25T07:52:04.9224082Z  * [new tag]             0.0.167                -> 0.0.167
end-workflow	Checkout Repository	2026-02-25T07:52:04.9224480Z  * [new tag]             0.0.168                -> 0.0.168
end-workflow	Checkout Repository	2026-02-25T07:52:04.9224883Z  * [new tag]             0.0.169                -> 0.0.169
end-workflow	Checkout Repository	2026-02-25T07:52:04.9225288Z  * [new tag]             0.0.17                 -> 0.0.17
end-workflow	Checkout Repository	2026-02-25T07:52:04.9225696Z  * [new tag]             0.0.170                -> 0.0.170
end-workflow	Checkout Repository	2026-02-25T07:52:04.9226273Z  * [new tag]             0.0.171                -> 0.0.171
end-workflow	Checkout Repository	2026-02-25T07:52:04.9226681Z  * [new tag]             0.0.172                -> 0.0.172
end-workflow	Checkout Repository	2026-02-25T07:52:04.9227085Z  * [new tag]             0.0.173                -> 0.0.173
end-workflow	Checkout Repository	2026-02-25T07:52:04.9227485Z  * [new tag]             0.0.174                -> 0.0.174
end-workflow	Checkout Repository	2026-02-25T07:52:04.9227888Z  * [new tag]             0.0.175                -> 0.0.175
end-workflow	Checkout Repository	2026-02-25T07:52:04.9228287Z  * [new tag]             0.0.176                -> 0.0.176
end-workflow	Checkout Repository	2026-02-25T07:52:04.9228699Z  * [new tag]             0.0.177                -> 0.0.177
end-workflow	Checkout Repository	2026-02-25T07:52:04.9229099Z  * [new tag]             0.0.178                -> 0.0.178
end-workflow	Checkout Repository	2026-02-25T07:52:04.9229498Z  * [new tag]             0.0.179                -> 0.0.179
end-workflow	Checkout Repository	2026-02-25T07:52:04.9229906Z  * [new tag]             0.0.18                 -> 0.0.18
end-workflow	Checkout Repository	2026-02-25T07:52:04.9230308Z  * [new tag]             0.0.19                 -> 0.0.19
end-workflow	Checkout Repository	2026-02-25T07:52:04.9230711Z  * [new tag]             0.0.2                  -> 0.0.2
end-workflow	Checkout Repository	2026-02-25T07:52:04.9231114Z  * [new tag]             0.0.20                 -> 0.0.20
end-workflow	Checkout Repository	2026-02-25T07:52:04.9231518Z  * [new tag]             0.0.21                 -> 0.0.21
end-workflow	Checkout Repository	2026-02-25T07:52:04.9231918Z  * [new tag]             0.0.22                 -> 0.0.22
end-workflow	Checkout Repository	2026-02-25T07:52:04.9232322Z  * [new tag]             0.0.23                 -> 0.0.23
end-workflow	Checkout Repository	2026-02-25T07:52:04.9232975Z  * [new tag]             0.0.24                 -> 0.0.24
end-workflow	Checkout Repository	2026-02-25T07:52:04.9233381Z  * [new tag]             0.0.25                 -> 0.0.25
end-workflow	Checkout Repository	2026-02-25T07:52:04.9233792Z  * [new tag]             0.0.26                 -> 0.0.26
end-workflow	Checkout Repository	2026-02-25T07:52:04.9234194Z  * [new tag]             0.0.27                 -> 0.0.27
end-workflow	Checkout Repository	2026-02-25T07:52:04.9234594Z  * [new tag]             0.0.28                 -> 0.0.28
end-workflow	Checkout Repository	2026-02-25T07:52:04.9234993Z  * [new tag]             0.0.29                 -> 0.0.29
end-workflow	Checkout Repository	2026-02-25T07:52:04.9235400Z  * [new tag]             0.0.3                  -> 0.0.3
end-workflow	Checkout Repository	2026-02-25T07:52:04.9235810Z  * [new tag]             0.0.30                 -> 0.0.30
end-workflow	Checkout Repository	2026-02-25T07:52:04.9236216Z  * [new tag]             0.0.31                 -> 0.0.31
end-workflow	Checkout Repository	2026-02-25T07:52:04.9236616Z  * [new tag]             0.0.32                 -> 0.0.32
end-workflow	Checkout Repository	2026-02-25T07:52:04.9237021Z  * [new tag]             0.0.33                 -> 0.0.33
end-workflow	Checkout Repository	2026-02-25T07:52:04.9237427Z  * [new tag]             0.0.34                 -> 0.0.34
end-workflow	Checkout Repository	2026-02-25T07:52:04.9237824Z  * [new tag]             0.0.35                 -> 0.0.35
end-workflow	Checkout Repository	2026-02-25T07:52:04.9263456Z  * [new tag]             0.0.36                 -> 0.0.36
end-workflow	Checkout Repository	2026-02-25T07:52:04.9274349Z  * [new tag]             0.0.37                 -> 0.0.37
end-workflow	Checkout Repository	2026-02-25T07:52:04.9276458Z  * [new tag]             0.0.38                 -> 0.0.38
end-workflow	Checkout Repository	2026-02-25T07:52:04.9278371Z  * [new tag]             0.0.39                 -> 0.0.39
end-workflow	Checkout Repository	2026-02-25T07:52:04.9280236Z  * [new tag]             0.0.4                  -> 0.0.4
end-workflow	Checkout Repository	2026-02-25T07:52:04.9283141Z  * [new tag]             0.0.40                 -> 0.0.40
end-workflow	Checkout Repository	2026-02-25T07:52:04.9283940Z  * [new tag]             0.0.41                 -> 0.0.41
end-workflow	Checkout Repository	2026-02-25T07:52:04.9285993Z  * [new tag]             0.0.42                 -> 0.0.42
end-workflow	Checkout Repository	2026-02-25T07:52:04.9287987Z  * [new tag]             0.0.43                 -> 0.0.43
end-workflow	Checkout Repository	2026-02-25T07:52:04.9294567Z  * [new tag]             0.0.44                 -> 0.0.44
end-workflow	Checkout Repository	2026-02-25T07:52:04.9295538Z  * [new tag]             0.0.45                 -> 0.0.45
end-workflow	Checkout Repository	2026-02-25T07:52:04.9297536Z  * [new tag]             0.0.46                 -> 0.0.46
end-workflow	Checkout Repository	2026-02-25T07:52:04.9298617Z  * [new tag]             0.0.47                 -> 0.0.47
end-workflow	Checkout Repository	2026-02-25T07:52:04.9299250Z  * [new tag]             0.0.48                 -> 0.0.48
end-workflow	Checkout Repository	2026-02-25T07:52:04.9299840Z  * [new tag]             0.0.49                 -> 0.0.49
end-workflow	Checkout Repository	2026-02-25T07:52:04.9300433Z  * [new tag]             0.0.5                  -> 0.0.5
end-workflow	Checkout Repository	2026-02-25T07:52:04.9301034Z  * [new tag]             0.0.50                 -> 0.0.50
end-workflow	Checkout Repository	2026-02-25T07:52:04.9301620Z  * [new tag]             0.0.51                 -> 0.0.51
end-workflow	Checkout Repository	2026-02-25T07:52:04.9302224Z  * [new tag]             0.0.52                 -> 0.0.52
end-workflow	Checkout Repository	2026-02-25T07:52:04.9303091Z  * [new tag]             0.0.53                 -> 0.0.53
end-workflow	Checkout Repository	2026-02-25T07:52:04.9303854Z  * [new tag]             0.0.54                 -> 0.0.54
end-workflow	Checkout Repository	2026-02-25T07:52:04.9304589Z  * [new tag]             0.0.55                 -> 0.0.55
end-workflow	Checkout Repository	2026-02-25T07:52:04.9305108Z  * [new tag]             0.0.56                 -> 0.0.56
end-workflow	Checkout Repository	2026-02-25T07:52:04.9305647Z  * [new tag]             0.0.57                 -> 0.0.57
end-workflow	Checkout Repository	2026-02-25T07:52:04.9306235Z  * [new tag]             0.0.58                 -> 0.0.58
end-workflow	Checkout Repository	2026-02-25T07:52:04.9307027Z  * [new tag]             0.0.59                 -> 0.0.59
end-workflow	Checkout Repository	2026-02-25T07:52:04.9307567Z  * [new tag]             0.0.6                  -> 0.0.6
end-workflow	Checkout Repository	2026-02-25T07:52:04.9308154Z  * [new tag]             0.0.60                 -> 0.0.60
end-workflow	Checkout Repository	2026-02-25T07:52:04.9308724Z  * [new tag]             0.0.61                 -> 0.0.61
end-workflow	Checkout Repository	2026-02-25T07:52:04.9309443Z  * [new tag]             0.0.62                 -> 0.0.62
end-workflow	Checkout Repository	2026-02-25T07:52:04.9310089Z  * [new tag]             0.0.63                 -> 0.0.63
end-workflow	Checkout Repository	2026-02-25T07:52:04.9313204Z  * [new tag]             0.0.64                 -> 0.0.64
end-workflow	Checkout Repository	2026-02-25T07:52:04.9313852Z  * [new tag]             0.0.65                 -> 0.0.65
end-workflow	Checkout Repository	2026-02-25T07:52:04.9314433Z  * [new tag]             0.0.66                 -> 0.0.66
end-workflow	Checkout Repository	2026-02-25T07:52:04.9315004Z  * [new tag]             0.0.67                 -> 0.0.67
end-workflow	Checkout Repository	2026-02-25T07:52:04.9315588Z  * [new tag]             0.0.68                 -> 0.0.68
end-workflow	Checkout Repository	2026-02-25T07:52:04.9316131Z  * [new tag]             0.0.69                 -> 0.0.69
end-workflow	Checkout Repository	2026-02-25T07:52:04.9316699Z  * [new tag]             0.0.7                  -> 0.0.7
end-workflow	Checkout Repository	2026-02-25T07:52:04.9317297Z  * [new tag]             0.0.70                 -> 0.0.70
end-workflow	Checkout Repository	2026-02-25T07:52:04.9319077Z  * [new tag]             0.0.71                 -> 0.0.71
end-workflow	Checkout Repository	2026-02-25T07:52:04.9319493Z  * [new tag]             0.0.72                 -> 0.0.72
end-workflow	Checkout Repository	2026-02-25T07:52:04.9319888Z  * [new tag]             0.0.73                 -> 0.0.73
end-workflow	Checkout Repository	2026-02-25T07:52:04.9320280Z  * [new tag]             0.0.74                 -> 0.0.74
end-workflow	Checkout Repository	2026-02-25T07:52:04.9320673Z  * [new tag]             0.0.75                 -> 0.0.75
end-workflow	Checkout Repository	2026-02-25T07:52:04.9321064Z  * [new tag]             0.0.76                 -> 0.0.76
end-workflow	Checkout Repository	2026-02-25T07:52:04.9321462Z  * [new tag]             0.0.77                 -> 0.0.77
end-workflow	Checkout Repository	2026-02-25T07:52:04.9321850Z  * [new tag]             0.0.78                 -> 0.0.78
end-workflow	Checkout Repository	2026-02-25T07:52:04.9322258Z  * [new tag]             0.0.79                 -> 0.0.79
end-workflow	Checkout Repository	2026-02-25T07:52:04.9329255Z  * [new tag]             0.0.8                  -> 0.0.8
end-workflow	Checkout Repository	2026-02-25T07:52:04.9329667Z  * [new tag]             0.0.80                 -> 0.0.80
end-workflow	Checkout Repository	2026-02-25T07:52:04.9330073Z  * [new tag]             0.0.81                 -> 0.0.81
end-workflow	Checkout Repository	2026-02-25T07:52:04.9330464Z  * [new tag]             0.0.82                 -> 0.0.82
end-workflow	Checkout Repository	2026-02-25T07:52:04.9330858Z  * [new tag]             0.0.83                 -> 0.0.83
end-workflow	Checkout Repository	2026-02-25T07:52:04.9331252Z  * [new tag]             0.0.84                 -> 0.0.84
end-workflow	Checkout Repository	2026-02-25T07:52:04.9331652Z  * [new tag]             0.0.85                 -> 0.0.85
end-workflow	Checkout Repository	2026-02-25T07:52:04.9332048Z  * [new tag]             0.0.86                 -> 0.0.86
end-workflow	Checkout Repository	2026-02-25T07:52:04.9332500Z  * [new tag]             0.0.87                 -> 0.0.87
end-workflow	Checkout Repository	2026-02-25T07:52:04.9333005Z  * [new tag]             0.0.88                 -> 0.0.88
end-workflow	Checkout Repository	2026-02-25T07:52:04.9333398Z  * [new tag]             0.0.89                 -> 0.0.89
end-workflow	Checkout Repository	2026-02-25T07:52:04.9334036Z  * [new tag]             0.0.9                  -> 0.0.9
end-workflow	Checkout Repository	2026-02-25T07:52:04.9334438Z  * [new tag]             0.0.90                 -> 0.0.90
end-workflow	Checkout Repository	2026-02-25T07:52:04.9334840Z  * [new tag]             0.0.91                 -> 0.0.91
end-workflow	Checkout Repository	2026-02-25T07:52:04.9335232Z  * [new tag]             0.0.92                 -> 0.0.92
end-workflow	Checkout Repository	2026-02-25T07:52:04.9335621Z  * [new tag]             0.0.93                 -> 0.0.93
end-workflow	Checkout Repository	2026-02-25T07:52:04.9336019Z  * [new tag]             0.0.94                 -> 0.0.94
end-workflow	Checkout Repository	2026-02-25T07:52:04.9336409Z  * [new tag]             0.0.95                 -> 0.0.95
end-workflow	Checkout Repository	2026-02-25T07:52:04.9336808Z  * [new tag]             0.0.96                 -> 0.0.96
end-workflow	Checkout Repository	2026-02-25T07:52:04.9337198Z  * [new tag]             0.0.97                 -> 0.0.97
end-workflow	Checkout Repository	2026-02-25T07:52:04.9337592Z  * [new tag]             0.0.98                 -> 0.0.98
end-workflow	Checkout Repository	2026-02-25T07:52:04.9337987Z  * [new tag]             0.0.99                 -> 0.0.99
end-workflow	Checkout Repository	2026-02-25T07:52:04.9338381Z  * [new tag]             0.1.0                  -> 0.1.0
end-workflow	Checkout Repository	2026-02-25T07:52:04.9338790Z  * [new tag]             0.1.1                  -> 0.1.1
end-workflow	Checkout Repository	2026-02-25T07:52:04.9339180Z  * [new tag]             0.2.0                  -> 0.2.0
end-workflow	Checkout Repository	2026-02-25T07:52:04.9339573Z  * [new tag]             0.3.0                  -> 0.3.0
end-workflow	Checkout Repository	2026-02-25T07:52:04.9339961Z  * [new tag]             0.3.1                  -> 0.3.1
end-workflow	Checkout Repository	2026-02-25T07:52:04.9340376Z  * [new tag]             0.3.10                 -> 0.3.10
end-workflow	Checkout Repository	2026-02-25T07:52:04.9340778Z  * [new tag]             0.3.11                 -> 0.3.11
end-workflow	Checkout Repository	2026-02-25T07:52:04.9341177Z  * [new tag]             0.3.12                 -> 0.3.12
end-workflow	Checkout Repository	2026-02-25T07:52:04.9341571Z  * [new tag]             0.3.13                 -> 0.3.13
end-workflow	Checkout Repository	2026-02-25T07:52:04.9341970Z  * [new tag]             0.3.14                 -> 0.3.14
end-workflow	Checkout Repository	2026-02-25T07:52:04.9342361Z  * [new tag]             0.3.15                 -> 0.3.15
end-workflow	Checkout Repository	2026-02-25T07:52:04.9342882Z  * [new tag]             0.3.16                 -> 0.3.16
end-workflow	Checkout Repository	2026-02-25T07:52:04.9343275Z  * [new tag]             0.3.17                 -> 0.3.17
end-workflow	Checkout Repository	2026-02-25T07:52:04.9343690Z  * [new tag]             0.3.2                  -> 0.3.2
end-workflow	Checkout Repository	2026-02-25T07:52:04.9344088Z  * [new tag]             0.3.3                  -> 0.3.3
end-workflow	Checkout Repository	2026-02-25T07:52:04.9344482Z  * [new tag]             0.3.4                  -> 0.3.4
end-workflow	Checkout Repository	2026-02-25T07:52:04.9344878Z  * [new tag]             0.3.5                  -> 0.3.5
end-workflow	Checkout Repository	2026-02-25T07:52:04.9345272Z  * [new tag]             0.3.6                  -> 0.3.6
end-workflow	Checkout Repository	2026-02-25T07:52:04.9345668Z  * [new tag]             0.3.7                  -> 0.3.7
end-workflow	Checkout Repository	2026-02-25T07:52:04.9346058Z  * [new tag]             0.3.8                  -> 0.3.8
end-workflow	Checkout Repository	2026-02-25T07:52:04.9346455Z  * [new tag]             0.3.9                  -> 0.3.9
end-workflow	Checkout Repository	2026-02-25T07:52:04.9346849Z  * [new tag]             0.4.0                  -> 0.4.0
end-workflow	Checkout Repository	2026-02-25T07:52:04.9347241Z  * [new tag]             0.4.1                  -> 0.4.1
end-workflow	Checkout Repository	2026-02-25T07:52:04.9347637Z  * [new tag]             0.4.2                  -> 0.4.2
end-workflow	Checkout Repository	2026-02-25T07:52:04.9348031Z  * [new tag]             0.4.3                  -> 0.4.3
end-workflow	Checkout Repository	2026-02-25T07:52:04.9348653Z  * [new tag]             0.4.4                  -> 0.4.4
end-workflow	Checkout Repository	2026-02-25T07:52:04.9349045Z  * [new tag]             0.4.5                  -> 0.4.5
end-workflow	Checkout Repository	2026-02-25T07:52:04.9349440Z  * [new tag]             0.4.6                  -> 0.4.6
end-workflow	Checkout Repository	2026-02-25T07:52:04.9349831Z  * [new tag]             0.4.7                  -> 0.4.7
end-workflow	Checkout Repository	2026-02-25T07:52:04.9350221Z  * [new tag]             0.4.8                  -> 0.4.8
end-workflow	Checkout Repository	2026-02-25T07:52:04.9350614Z  * [new tag]             0.4.9                  -> 0.4.9
end-workflow	Checkout Repository	2026-02-25T07:52:04.9351010Z  * [new tag]             0.5.0                  -> 0.5.0
end-workflow	Checkout Repository	2026-02-25T07:52:04.9351407Z  * [new tag]             0.5.1                  -> 0.5.1
end-workflow	Checkout Repository	2026-02-25T07:52:04.9351794Z  * [new tag]             0.5.2                  -> 0.5.2
end-workflow	Checkout Repository	2026-02-25T07:52:04.9352188Z  * [new tag]             0.6.0                  -> 0.6.0
end-workflow	Checkout Repository	2026-02-25T07:52:04.9352780Z  * [new tag]             0.6.1                  -> 0.6.1
end-workflow	Checkout Repository	2026-02-25T07:52:04.9353176Z  * [new tag]             0.6.2                  -> 0.6.2
end-workflow	Checkout Repository	2026-02-25T07:52:04.9353793Z  * [new tag]             0.6.3                  -> 0.6.3
end-workflow	Checkout Repository	2026-02-25T07:52:04.9354180Z  * [new tag]             0.6.4                  -> 0.6.4
end-workflow	Checkout Repository	2026-02-25T07:52:04.9354574Z  * [new tag]             0.6.5                  -> 0.6.5
end-workflow	Checkout Repository	2026-02-25T07:52:04.9354965Z  * [new tag]             0.6.6                  -> 0.6.6
end-workflow	Checkout Repository	2026-02-25T07:52:04.9498144Z [command]/usr/bin/git branch --list --remote origin/main
end-workflow	Checkout Repository	2026-02-25T07:52:04.9585533Z   origin/main
end-workflow	Checkout Repository	2026-02-25T07:52:04.9608661Z [command]/usr/bin/git rev-parse refs/remotes/origin/main
end-workflow	Checkout Repository	2026-02-25T07:52:04.9699189Z 8e032202cd7e0f9977fdb6109c2376535e9514cf
end-workflow	Checkout Repository	2026-02-25T07:52:04.9723634Z [command]/usr/bin/git -c protocol.version=2 fetch --no-tags --prune --no-recurse-submodules origin +7f363258b2eeaf2508a955f779fe898c151d952e:refs/remotes/origin/main
end-workflow	Checkout Repository	2026-02-25T07:52:04.9938377Z From https://github.com/Ka0s-Klaus/ka0s
end-workflow	Checkout Repository	2026-02-25T07:52:04.9941027Z  + 8e032202c...7f363258b 7f363258b2eeaf2508a955f779fe898c151d952e -> origin/main  (forced update)
end-workflow	Checkout Repository	2026-02-25T07:52:04.9994440Z ##[endgroup]
end-workflow	Checkout Repository	2026-02-25T07:52:04.9995117Z ##[group]Determining the checkout info
end-workflow	Checkout Repository	2026-02-25T07:52:05.0003630Z ##[endgroup]
end-workflow	Checkout Repository	2026-02-25T07:52:05.0009206Z [command]/usr/bin/git sparse-checkout disable
end-workflow	Checkout Repository	2026-02-25T07:52:05.0084932Z [command]/usr/bin/git config --local --unset-all extensions.worktreeConfig
end-workflow	Checkout Repository	2026-02-25T07:52:05.0146848Z ##[group]Checking out the ref
end-workflow	Checkout Repository	2026-02-25T07:52:05.0153069Z [command]/usr/bin/git checkout --progress --force -B main refs/remotes/origin/main
end-workflow	Checkout Repository	2026-02-25T07:52:05.3501419Z Switched to a new branch 'main'
end-workflow	Checkout Repository	2026-02-25T07:52:05.3515162Z branch 'main' set up to track 'origin/main'.
end-workflow	Checkout Repository	2026-02-25T07:52:05.3584030Z ##[endgroup]
end-workflow	Checkout Repository	2026-02-25T07:52:05.3661230Z [command]/usr/bin/git log -1 --format=%H
end-workflow	Checkout Repository	2026-02-25T07:52:05.3714435Z 7f363258b2eeaf2508a955f779fe898c151d952e
end-workflow	Install GH CLI	Ôªø2026-02-25T07:52:05.4251693Z Prepare all required actions
end-workflow	Install GH CLI	2026-02-25T07:52:05.4389367Z ##[group]Run ./.github/actions/install-gh-cli
end-workflow	Install GH CLI	2026-02-25T07:52:05.4389687Z env:
end-workflow	Install GH CLI	2026-02-25T07:52:05.4389898Z   KAOS_MODULE: [Ka0S] GitHub ‚Üí iTop Sync
end-workflow	Install GH CLI	2026-02-25T07:52:05.4390200Z   KAOS_CORRELATION_ID: 22387366989
end-workflow	Install GH CLI	2026-02-25T07:52:05.4390458Z   KAOS_ACTOR: jh0ny2k2
end-workflow	Install GH CLI	2026-02-25T07:52:05.4390660Z ##[endgroup]
end-workflow	Install GH CLI	2026-02-25T07:52:05.4585877Z ##[group]Run type -p curl >/dev/null || (sudo apt-get update && sudo apt-get install curl -y)
end-workflow	Install GH CLI	2026-02-25T07:52:05.4586634Z [36;1mtype -p curl >/dev/null || (sudo apt-get update && sudo apt-get install curl -y)[0m
end-workflow	Install GH CLI	2026-02-25T07:52:05.4587550Z [36;1mcurl -fsSL https://cli.github.com/packages/githubcli-archive-keyring.gpg | sudo dd of=/usr/share/keyrings/githubcli-archive-keyring.gpg \[0m
end-workflow	Install GH CLI	2026-02-25T07:52:05.4588397Z [36;1m&& sudo chmod go+r /usr/share/keyrings/githubcli-archive-keyring.gpg \[0m
end-workflow	Install GH CLI	2026-02-25T07:52:05.4589551Z [36;1m&& echo "deb [arch=$(dpkg --print-architecture) signed-by=/usr/share/keyrings/githubcli-archive-keyring.gpg] https://cli.github.com/packages stable main" | sudo tee /etc/apt/sources.list.d/github-cli.list > /dev/null \[0m
end-workflow	Install GH CLI	2026-02-25T07:52:05.4590692Z [36;1m&& sudo apt-get update \[0m
end-workflow	Install GH CLI	2026-02-25T07:52:05.4591310Z [36;1m&& sudo apt-get install gh -y[0m
end-workflow	Install GH CLI	2026-02-25T07:52:05.4619844Z shell: /usr/bin/bash --noprofile --norc -e -o pipefail {0}
end-workflow	Install GH CLI	2026-02-25T07:52:05.4620219Z env:
end-workflow	Install GH CLI	2026-02-25T07:52:05.4620434Z   KAOS_MODULE: [Ka0S] GitHub ‚Üí iTop Sync
end-workflow	Install GH CLI	2026-02-25T07:52:05.4620715Z   KAOS_CORRELATION_ID: 22387366989
end-workflow	Install GH CLI	2026-02-25T07:52:05.4620972Z   KAOS_ACTOR: jh0ny2k2
end-workflow	Install GH CLI	2026-02-25T07:52:05.4621174Z ##[endgroup]
end-workflow	Install GH CLI	2026-02-25T07:52:05.7144398Z 4+1 records in
end-workflow	Install GH CLI	2026-02-25T07:52:05.7146325Z 4+1 records out
end-workflow	Install GH CLI	2026-02-25T07:52:05.7148049Z 2270 bytes (2.3 kB, 2.2 KiB) copied, 0.178742 s, 12.7 kB/s
end-workflow	Install GH CLI	2026-02-25T07:52:05.9015195Z Get:1 http://archive.ubuntu.com/ubuntu noble InRelease [256 kB]
end-workflow	Install GH CLI	2026-02-25T07:52:05.9199223Z Get:2 https://cli.github.com/packages stable InRelease [3917 B]
end-workflow	Install GH CLI	2026-02-25T07:52:06.0373596Z Get:3 https://ppa.launchpadcontent.net/git-core/ppa/ubuntu noble InRelease [24.3 kB]
end-workflow	Install GH CLI	2026-02-25T07:52:06.0590757Z Get:4 http://archive.ubuntu.com/ubuntu noble-updates InRelease [126 kB]
end-workflow	Install GH CLI	2026-02-25T07:52:06.0886233Z Get:5 https://cli.github.com/packages stable/main amd64 Packages [357 B]
end-workflow	Install GH CLI	2026-02-25T07:52:06.1064604Z Get:6 http://archive.ubuntu.com/ubuntu noble-backports InRelease [126 kB]
end-workflow	Install GH CLI	2026-02-25T07:52:06.2456261Z Get:7 http://archive.ubuntu.com/ubuntu noble/main amd64 Packages [1808 kB]
end-workflow	Install GH CLI	2026-02-25T07:52:06.3105479Z Get:8 http://security.ubuntu.com/ubuntu noble-security InRelease [126 kB]
end-workflow	Install GH CLI	2026-02-25T07:52:06.3662535Z Get:9 http://archive.ubuntu.com/ubuntu noble/universe amd64 Packages [19.3 MB]
end-workflow	Install GH CLI	2026-02-25T07:52:06.4090634Z Get:10 https://ppa.launchpadcontent.net/git-core/ppa/ubuntu noble/main amd64 Packages [2992 B]
end-workflow	Install GH CLI	2026-02-25T07:52:06.7739912Z Get:11 http://archive.ubuntu.com/ubuntu noble/restricted amd64 Packages [117 kB]
end-workflow	Install GH CLI	2026-02-25T07:52:06.7796571Z Get:12 http://archive.ubuntu.com/ubuntu noble/multiverse amd64 Packages [331 kB]
end-workflow	Install GH CLI	2026-02-25T07:52:06.8110590Z Get:13 http://archive.ubuntu.com/ubuntu noble-updates/multiverse amd64 Packages [38.1 kB]
end-workflow	Install GH CLI	2026-02-25T07:52:06.8243570Z Get:14 http://archive.ubuntu.com/ubuntu noble-updates/universe amd64 Packages [2017 kB]
end-workflow	Install GH CLI	2026-02-25T07:52:06.9527354Z Get:15 http://archive.ubuntu.com/ubuntu noble-updates/restricted amd64 Packages [3471 kB]
end-workflow	Install GH CLI	2026-02-25T07:52:06.9838342Z Get:16 http://archive.ubuntu.com/ubuntu noble-updates/main amd64 Packages [2276 kB]
end-workflow	Install GH CLI	2026-02-25T07:52:07.0036544Z Get:17 http://security.ubuntu.com/ubuntu noble-security/main amd64 Packages [1879 kB]
end-workflow	Install GH CLI	2026-02-25T07:52:07.0126290Z Get:18 http://archive.ubuntu.com/ubuntu noble-backports/main amd64 Packages [49.5 kB]
end-workflow	Install GH CLI	2026-02-25T07:52:07.0136439Z Get:19 http://archive.ubuntu.com/ubuntu noble-backports/universe amd64 Packages [34.6 kB]
end-workflow	Install GH CLI	2026-02-25T07:52:07.5386317Z Get:20 http://security.ubuntu.com/ubuntu noble-security/universe amd64 Packages [1208 kB]
end-workflow	Install GH CLI	2026-02-25T07:52:07.5915611Z Get:21 http://security.ubuntu.com/ubuntu noble-security/multiverse amd64 Packages [34.8 kB]
end-workflow	Install GH CLI	2026-02-25T07:52:07.5937537Z Get:22 http://security.ubuntu.com/ubuntu noble-security/restricted amd64 Packages [3246 kB]
end-workflow	Install GH CLI	2026-02-25T07:52:08.7960322Z Fetched 36.5 MB in 3s (12.3 MB/s)
end-workflow	Install GH CLI	2026-02-25T07:52:09.9973699Z Reading package lists...
end-workflow	Install GH CLI	2026-02-25T07:52:11.3913709Z Reading package lists...
end-workflow	Install GH CLI	2026-02-25T07:52:11.7397881Z Building dependency tree...
end-workflow	Install GH CLI	2026-02-25T07:52:11.7398230Z Reading state information...
end-workflow	Install GH CLI	2026-02-25T07:52:12.1753901Z The following NEW packages will be installed:
end-workflow	Install GH CLI	2026-02-25T07:52:12.1766709Z   gh
end-workflow	Install GH CLI	2026-02-25T07:52:12.3049000Z 0 upgraded, 1 newly installed, 0 to remove and 31 not upgraded.
end-workflow	Install GH CLI	2026-02-25T07:52:12.3049552Z Need to get 13.8 MB of archives.
end-workflow	Install GH CLI	2026-02-25T07:52:12.3050052Z After this operation, 38.5 MB of additional disk space will be used.
end-workflow	Install GH CLI	2026-02-25T07:52:12.3050651Z Get:1 https://cli.github.com/packages stable/main amd64 gh amd64 2.87.3 [13.8 MB]
end-workflow	Install GH CLI	2026-02-25T07:52:12.7684163Z debconf: delaying package configuration, since apt-utils is not installed
end-workflow	Install GH CLI	2026-02-25T07:52:12.8393225Z Fetched 13.8 MB in 0s (37.2 MB/s)
end-workflow	Install GH CLI	2026-02-25T07:52:12.9087832Z Selecting previously unselected package gh.
end-workflow	Install GH CLI	2026-02-25T07:52:12.9190682Z (Reading database ... 
end-workflow	Install GH CLI	2026-02-25T07:52:12.9193017Z (Reading database ... 5%
end-workflow	Install GH CLI	2026-02-25T07:52:12.9193433Z (Reading database ... 10%
end-workflow	Install GH CLI	2026-02-25T07:52:12.9193920Z (Reading database ... 15%
end-workflow	Install GH CLI	2026-02-25T07:52:12.9194636Z (Reading database ... 20%
end-workflow	Install GH CLI	2026-02-25T07:52:12.9195031Z (Reading database ... 25%
end-workflow	Install GH CLI	2026-02-25T07:52:12.9195430Z (Reading database ... 30%
end-workflow	Install GH CLI	2026-02-25T07:52:12.9195872Z (Reading database ... 35%
end-workflow	Install GH CLI	2026-02-25T07:52:12.9196282Z (Reading database ... 40%
end-workflow	Install GH CLI	2026-02-25T07:52:12.9196685Z (Reading database ... 45%
end-workflow	Install GH CLI	2026-02-25T07:52:12.9197161Z (Reading database ... 50%
end-workflow	Install GH CLI	2026-02-25T07:52:12.9200212Z (Reading database ... 55%
end-workflow	Install GH CLI	2026-02-25T07:52:12.9203076Z (Reading database ... 60%
end-workflow	Install GH CLI	2026-02-25T07:52:12.9203925Z (Reading database ... 65%
end-workflow	Install GH CLI	2026-02-25T07:52:12.9273153Z (Reading database ... 70%
end-workflow	Install GH CLI	2026-02-25T07:52:12.9295427Z (Reading database ... 75%
end-workflow	Install GH CLI	2026-02-25T07:52:12.9364547Z (Reading database ... 80%
end-workflow	Install GH CLI	2026-02-25T07:52:12.9364873Z (Reading database ... 85%
end-workflow	Install GH CLI	2026-02-25T07:52:12.9434954Z (Reading database ... 90%
end-workflow	Install GH CLI	2026-02-25T07:52:12.9521104Z (Reading database ... 95%
end-workflow	Install GH CLI	2026-02-25T07:52:12.9543221Z (Reading database ... 100%
end-workflow	Install GH CLI	2026-02-25T07:52:12.9543872Z (Reading database ... 14385 files and directories currently installed.)
end-workflow	Install GH CLI	2026-02-25T07:52:12.9573796Z Preparing to unpack .../archives/gh_2.87.3_amd64.deb ...
end-workflow	Install GH CLI	2026-02-25T07:52:12.9685989Z Unpacking gh (2.87.3) ...
end-workflow	Install GH CLI	2026-02-25T07:52:13.3355264Z Setting up gh (2.87.3) ...
end-workflow	Trigger Inspector	Ôªø2026-02-25T07:52:13.4038615Z ##[group]Run echo "üîç Triggering Inspector for Audit..."
end-workflow	Trigger Inspector	2026-02-25T07:52:13.4039112Z [36;1mecho "üîç Triggering Inspector for Audit..."[0m
end-workflow	Trigger Inspector	2026-02-25T07:52:13.4039462Z [36;1mgh workflow run inspector.yml \[0m
end-workflow	Trigger Inspector	2026-02-25T07:52:13.4039746Z [36;1m  --ref main \[0m
end-workflow	Trigger Inspector	2026-02-25T07:52:13.4040011Z [36;1m  -f kaos-workflow-id="22387366989" \[0m
end-workflow	Trigger Inspector	2026-02-25T07:52:13.4040328Z [36;1m  -f kaos-user-start="jh0ny2k2"[0m
end-workflow	Trigger Inspector	2026-02-25T07:52:13.4071397Z shell: /usr/bin/bash -e {0}
end-workflow	Trigger Inspector	2026-02-25T07:52:13.4071682Z env:
end-workflow	Trigger Inspector	2026-02-25T07:52:13.4071893Z   KAOS_MODULE: [Ka0S] GitHub ‚Üí iTop Sync
end-workflow	Trigger Inspector	2026-02-25T07:52:13.4072204Z   KAOS_CORRELATION_ID: 22387366989
end-workflow	Trigger Inspector	2026-02-25T07:52:13.4072622Z   KAOS_ACTOR: jh0ny2k2
end-workflow	Trigger Inspector	2026-02-25T07:52:13.4082316Z   GH_TOKEN: ***
end-workflow	Trigger Inspector	2026-02-25T07:52:13.4082837Z ##[endgroup]
end-workflow	Trigger Inspector	2026-02-25T07:52:13.4168261Z üîç Triggering Inspector for Audit...
end-workflow	Trigger Inspector	2026-02-25T07:52:15.0886924Z https://github.com/Ka0s-Klaus/ka0s/actions/runs/22387428681
end-workflow	Post Checkout Repository	Ôªø2026-02-25T07:52:15.1200061Z Post job cleanup.
end-workflow	Post Checkout Repository	2026-02-25T07:52:15.2794407Z [command]/usr/bin/git version
end-workflow	Post Checkout Repository	2026-02-25T07:52:15.2849610Z git version 2.52.0
end-workflow	Post Checkout Repository	2026-02-25T07:52:15.2896957Z Temporarily overriding HOME='/home/runner/_work/_temp/7a52cb86-5c2e-4443-b27a-623cd0c02af3' before making global git config changes
end-workflow	Post Checkout Repository	2026-02-25T07:52:15.2898088Z Adding repository directory to the temporary git global config as a safe directory
end-workflow	Post Checkout Repository	2026-02-25T07:52:15.2903766Z [command]/usr/bin/git config --global --add safe.directory /home/runner/_work/ka0s/ka0s
end-workflow	Post Checkout Repository	2026-02-25T07:52:15.2953275Z [command]/usr/bin/git config --local --name-only --get-regexp core\.sshCommand
end-workflow	Post Checkout Repository	2026-02-25T07:52:15.3023785Z [command]/usr/bin/git submodule foreach --recursive sh -c "git config --local --name-only --get-regexp 'core\.sshCommand' && git config --local --unset-all 'core.sshCommand' || :"
end-workflow	Post Checkout Repository	2026-02-25T07:52:15.3409838Z [command]/usr/bin/git config --local --name-only --get-regexp http\.https\:\/\/github\.com\/\.extraheader
end-workflow	Post Checkout Repository	2026-02-25T07:52:15.3457515Z http.https://github.com/.extraheader
end-workflow	Post Checkout Repository	2026-02-25T07:52:15.3478719Z [command]/usr/bin/git config --local --unset-all http.https://github.com/.extraheader
end-workflow	Post Checkout Repository	2026-02-25T07:52:15.3542168Z [command]/usr/bin/git submodule foreach --recursive sh -c "git config --local --name-only --get-regexp 'http\.https\:\/\/github\.com\/\.extraheader' && git config --local --unset-all 'http.https://github.com/.extraheader' || :"
end-workflow	Post Checkout Repository	2026-02-25T07:52:15.3920019Z [command]/usr/bin/git config --local --name-only --get-regexp ^includeIf\.gitdir:
end-workflow	Post Checkout Repository	2026-02-25T07:52:15.3984992Z [command]/usr/bin/git submodule foreach --recursive git config --local --show-origin --name-only --get-regexp remote.origin.url
end-workflow	Complete job	Ôªø2026-02-25T07:52:15.4832685Z Cleaning up orphan processes
