core-execution	Set up job	Ôªø2026-02-25T10:44:47.7276954Z Current runner version: '2.331.0'
core-execution	Set up job	2026-02-25T10:44:47.7286512Z Runner name: 'swarm-runners-scaleset-hkss5-runner-95pfd'
core-execution	Set up job	2026-02-25T10:44:47.7288006Z Runner group name: 'Default'
core-execution	Set up job	2026-02-25T10:44:47.7289255Z Machine name: 'swarm-runners-scaleset-hkss5-runner-95pfd'
core-execution	Set up job	2026-02-25T10:44:47.7294094Z ##[group]GITHUB_TOKEN Permissions
core-execution	Set up job	2026-02-25T10:44:47.7296829Z Actions: write
core-execution	Set up job	2026-02-25T10:44:47.7297714Z Contents: write
core-execution	Set up job	2026-02-25T10:44:47.7298377Z Issues: write
core-execution	Set up job	2026-02-25T10:44:47.7298971Z Metadata: read
core-execution	Set up job	2026-02-25T10:44:47.7299672Z ##[endgroup]
core-execution	Set up job	2026-02-25T10:44:47.7302591Z Secret source: Actions
core-execution	Set up job	2026-02-25T10:44:47.7364510Z Prepare workflow directory
core-execution	Set up job	2026-02-25T10:44:47.7906042Z Prepare all required actions
core-execution	Set up job	2026-02-25T10:44:47.7946884Z Getting action download info
core-execution	Set up job	2026-02-25T10:44:48.6613513Z Download action repository 'actions/checkout@v4' (SHA:34e114876b0b11c390a56381ad16ebd13914f8d5)
core-execution	Set up job	2026-02-25T10:44:49.5579806Z Download action repository 'actions/setup-python@v4' (SHA:7f4fc3e22c37d6ff65e88745f38bd3157c663f7c)
core-execution	Set up job	2026-02-25T10:44:51.5053174Z Complete job name: core-execution
core-execution	Checkout code	Ôªø2026-02-25T10:44:51.5862781Z ##[group]Run actions/checkout@v4
core-execution	Checkout code	2026-02-25T10:44:51.5863842Z with:
core-execution	Checkout code	2026-02-25T10:44:51.5864526Z   token: ***
core-execution	Checkout code	2026-02-25T10:44:51.5864786Z   fetch-depth: 0
core-execution	Checkout code	2026-02-25T10:44:51.5865054Z   repository: Ka0s-Klaus/ka0s
core-execution	Checkout code	2026-02-25T10:44:51.5865347Z   ssh-strict: true
core-execution	Checkout code	2026-02-25T10:44:51.5865602Z   ssh-user: git
core-execution	Checkout code	2026-02-25T10:44:51.5865863Z   persist-credentials: true
core-execution	Checkout code	2026-02-25T10:44:51.5866146Z   clean: true
core-execution	Checkout code	2026-02-25T10:44:51.5866412Z   sparse-checkout-cone-mode: true
core-execution	Checkout code	2026-02-25T10:44:51.5866729Z   fetch-tags: false
core-execution	Checkout code	2026-02-25T10:44:51.5867003Z   show-progress: true
core-execution	Checkout code	2026-02-25T10:44:51.5867282Z   lfs: false
core-execution	Checkout code	2026-02-25T10:44:51.5867520Z   submodules: false
core-execution	Checkout code	2026-02-25T10:44:51.5867797Z   set-safe-directory: true
core-execution	Checkout code	2026-02-25T10:44:51.5868474Z env:
core-execution	Checkout code	2026-02-25T10:44:51.5868769Z   KAOS_MODULE: [Ka0S] GitHub ‚Üí iTop Sync
core-execution	Checkout code	2026-02-25T10:44:51.5869104Z   KAOS_CORRELATION_ID: 22393356017
core-execution	Checkout code	2026-02-25T10:44:51.5869467Z   KAOS_ACTOR: ***
core-execution	Checkout code	2026-02-25T10:44:51.5869746Z ##[endgroup]
core-execution	Checkout code	2026-02-25T10:44:51.7349493Z Syncing repository: Ka0s-Klaus/ka0s
core-execution	Checkout code	2026-02-25T10:44:51.7351455Z ##[group]Getting Git version info
core-execution	Checkout code	2026-02-25T10:44:51.7351971Z Working directory is '/home/runner/_work/ka0s/ka0s'
core-execution	Checkout code	2026-02-25T10:44:51.7352951Z [command]/usr/bin/git version
core-execution	Checkout code	2026-02-25T10:44:51.7363765Z git version 2.52.0
core-execution	Checkout code	2026-02-25T10:44:51.7396167Z ##[endgroup]
core-execution	Checkout code	2026-02-25T10:44:51.7421575Z Temporarily overriding HOME='/home/runner/_work/_temp/a3ef29e0-4b47-4dea-b81e-b793cdd6f912' before making global git config changes
core-execution	Checkout code	2026-02-25T10:44:51.7422911Z Adding repository directory to the temporary git global config as a safe directory
core-execution	Checkout code	2026-02-25T10:44:51.7425189Z [command]/usr/bin/git config --global --add safe.directory /home/runner/_work/ka0s/ka0s
core-execution	Checkout code	2026-02-25T10:44:51.7483524Z Deleting the contents of '/home/runner/_work/ka0s/ka0s'
core-execution	Checkout code	2026-02-25T10:44:51.7491632Z ##[group]Initializing the repository
core-execution	Checkout code	2026-02-25T10:44:51.7505571Z [command]/usr/bin/git init /home/runner/_work/ka0s/ka0s
core-execution	Checkout code	2026-02-25T10:44:51.7609848Z hint: Using 'master' as the name for the initial branch. This default branch name
core-execution	Checkout code	2026-02-25T10:44:51.7624259Z hint: will change to "main" in Git 3.0. To configure the initial branch name
core-execution	Checkout code	2026-02-25T10:44:51.7634899Z hint: to use in all of your new repositories, which will suppress this warning,
core-execution	Checkout code	2026-02-25T10:44:51.7636048Z hint: call:
core-execution	Checkout code	2026-02-25T10:44:51.7638732Z hint:
core-execution	Checkout code	2026-02-25T10:44:51.7639115Z hint: 	git config --global init.defaultBranch <name>
core-execution	Checkout code	2026-02-25T10:44:51.7639498Z hint:
core-execution	Checkout code	2026-02-25T10:44:51.7639860Z hint: Names commonly chosen instead of 'master' are 'main', 'trunk' and
core-execution	Checkout code	2026-02-25T10:44:51.7640456Z hint: 'development'. The just-created branch can be renamed via this command:
core-execution	Checkout code	2026-02-25T10:44:51.7640936Z hint:
core-execution	Checkout code	2026-02-25T10:44:51.7641205Z hint: 	git branch -m <name>
core-execution	Checkout code	2026-02-25T10:44:51.7641505Z hint:
core-execution	Checkout code	2026-02-25T10:44:51.7641924Z hint: Disable this message with "git config set advice.defaultBranchName false"
core-execution	Checkout code	2026-02-25T10:44:51.7644321Z Initialized empty Git repository in /home/runner/_work/ka0s/ka0s/.git/
core-execution	Checkout code	2026-02-25T10:44:51.7646333Z [command]/usr/bin/git remote add origin https://github.com/Ka0s-Klaus/ka0s
core-execution	Checkout code	2026-02-25T10:44:51.7677926Z ##[endgroup]
core-execution	Checkout code	2026-02-25T10:44:51.7680541Z ##[group]Disabling automatic garbage collection
core-execution	Checkout code	2026-02-25T10:44:51.7691075Z [command]/usr/bin/git config --local gc.auto 0
core-execution	Checkout code	2026-02-25T10:44:51.7757949Z ##[endgroup]
core-execution	Checkout code	2026-02-25T10:44:51.7758784Z ##[group]Setting up auth
core-execution	Checkout code	2026-02-25T10:44:51.7765884Z [command]/usr/bin/git config --local --name-only --get-regexp core\.sshCommand
core-execution	Checkout code	2026-02-25T10:44:51.7805540Z [command]/usr/bin/git submodule foreach --recursive sh -c "git config --local --name-only --get-regexp 'core\.sshCommand' && git config --local --unset-all 'core.sshCommand' || :"
core-execution	Checkout code	2026-02-25T10:44:51.8281736Z [command]/usr/bin/git config --local --name-only --get-regexp http\.https\:\/\/github\.com\/\.extraheader
core-execution	Checkout code	2026-02-25T10:44:51.8366979Z [command]/usr/bin/git submodule foreach --recursive sh -c "git config --local --name-only --get-regexp 'http\.https\:\/\/github\.com\/\.extraheader' && git config --local --unset-all 'http.https://github.com/.extraheader' || :"
core-execution	Checkout code	2026-02-25T10:44:51.8774241Z [command]/usr/bin/git config --local --name-only --get-regexp ^includeIf\.gitdir:
core-execution	Checkout code	2026-02-25T10:44:51.8823905Z [command]/usr/bin/git submodule foreach --recursive git config --local --show-origin --name-only --get-regexp remote.origin.url
core-execution	Checkout code	2026-02-25T10:44:51.9230686Z [command]/usr/bin/git config --local http.https://github.com/.extraheader AUTHORIZATION: basic ***
core-execution	Checkout code	2026-02-25T10:44:51.9299131Z ##[endgroup]
core-execution	Checkout code	2026-02-25T10:44:51.9304756Z ##[group]Fetching the repository
core-execution	Checkout code	2026-02-25T10:44:51.9324170Z [command]/usr/bin/git -c protocol.version=2 fetch --prune --no-recurse-submodules origin +refs/heads/*:refs/remotes/origin/* +refs/tags/*:refs/tags/*
core-execution	Checkout code	2026-02-25T10:45:23.8289547Z From https://github.com/Ka0s-Klaus/ka0s
core-execution	Checkout code	2026-02-25T10:45:23.8299378Z  * [new branch]          F3450-modelo-operativo -> origin/F3450-modelo-operativo
core-execution	Checkout code	2026-02-25T10:45:23.8300564Z  * [new branch]          H1276-modulo-observabilidad -> origin/H1276-modulo-observabilidad
core-execution	Checkout code	2026-02-25T10:45:23.8301493Z  * [new branch]          H3596-deploy-itop      -> origin/H3596-deploy-itop
core-execution	Checkout code	2026-02-25T10:45:23.8328327Z  * [new branch]          H4170-flujo-detallado-zabbix---github -> origin/H4170-flujo-detallado-zabbix---github
core-execution	Checkout code	2026-02-25T10:45:23.8330921Z  * [new branch]          H4191-request-cambios  -> origin/H4191-request-cambios
core-execution	Checkout code	2026-02-25T10:45:23.8331881Z  * [new branch]          H4200-request-recomendaciones-de-auditoria -> origin/H4200-request-recomendaciones-de-auditoria
core-execution	Checkout code	2026-02-25T10:45:23.8333284Z  * [new branch]          main                   -> origin/main
core-execution	Checkout code	2026-02-25T10:45:23.8335385Z  * [new tag]             0.0.0                  -> 0.0.0
core-execution	Checkout code	2026-02-25T10:45:23.8336066Z  * [new tag]             0.0.1                  -> 0.0.1
core-execution	Checkout code	2026-02-25T10:45:23.8340101Z  * [new tag]             0.0.10                 -> 0.0.10
core-execution	Checkout code	2026-02-25T10:45:23.8342164Z  * [new tag]             0.0.100                -> 0.0.100
core-execution	Checkout code	2026-02-25T10:45:23.8344678Z  * [new tag]             0.0.101                -> 0.0.101
core-execution	Checkout code	2026-02-25T10:45:23.8345092Z  * [new tag]             0.0.102                -> 0.0.102
core-execution	Checkout code	2026-02-25T10:45:23.8345497Z  * [new tag]             0.0.103                -> 0.0.103
core-execution	Checkout code	2026-02-25T10:45:23.8345896Z  * [new tag]             0.0.104                -> 0.0.104
core-execution	Checkout code	2026-02-25T10:45:23.8346263Z  * [new tag]             0.0.105                -> 0.0.105
core-execution	Checkout code	2026-02-25T10:45:23.8346630Z  * [new tag]             0.0.106                -> 0.0.106
core-execution	Checkout code	2026-02-25T10:45:23.8346998Z  * [new tag]             0.0.107                -> 0.0.107
core-execution	Checkout code	2026-02-25T10:45:23.8347369Z  * [new tag]             0.0.108                -> 0.0.108
core-execution	Checkout code	2026-02-25T10:45:23.8347735Z  * [new tag]             0.0.109                -> 0.0.109
core-execution	Checkout code	2026-02-25T10:45:23.8348106Z  * [new tag]             0.0.11                 -> 0.0.11
core-execution	Checkout code	2026-02-25T10:45:23.8348476Z  * [new tag]             0.0.110                -> 0.0.110
core-execution	Checkout code	2026-02-25T10:45:23.8348842Z  * [new tag]             0.0.111                -> 0.0.111
core-execution	Checkout code	2026-02-25T10:45:23.8349756Z  * [new tag]             0.0.112                -> 0.0.112
core-execution	Checkout code	2026-02-25T10:45:23.8350138Z  * [new tag]             0.0.113                -> 0.0.113
core-execution	Checkout code	2026-02-25T10:45:23.8350510Z  * [new tag]             0.0.114                -> 0.0.114
core-execution	Checkout code	2026-02-25T10:45:23.8350887Z  * [new tag]             0.0.115                -> 0.0.115
core-execution	Checkout code	2026-02-25T10:45:23.8351254Z  * [new tag]             0.0.116                -> 0.0.116
core-execution	Checkout code	2026-02-25T10:45:23.8351723Z  * [new tag]             0.0.117                -> 0.0.117
core-execution	Checkout code	2026-02-25T10:45:23.8352165Z  * [new tag]             0.0.118                -> 0.0.118
core-execution	Checkout code	2026-02-25T10:45:23.8352594Z  * [new tag]             0.0.119                -> 0.0.119
core-execution	Checkout code	2026-02-25T10:45:23.8352964Z  * [new tag]             0.0.12                 -> 0.0.12
core-execution	Checkout code	2026-02-25T10:45:23.8353344Z  * [new tag]             0.0.120                -> 0.0.120
core-execution	Checkout code	2026-02-25T10:45:23.8353781Z  * [new tag]             0.0.121                -> 0.0.121
core-execution	Checkout code	2026-02-25T10:45:23.8354147Z  * [new tag]             0.0.122                -> 0.0.122
core-execution	Checkout code	2026-02-25T10:45:23.8354519Z  * [new tag]             0.0.123                -> 0.0.123
core-execution	Checkout code	2026-02-25T10:45:23.8355140Z  * [new tag]             0.0.124                -> 0.0.124
core-execution	Checkout code	2026-02-25T10:45:23.8355505Z  * [new tag]             0.0.125                -> 0.0.125
core-execution	Checkout code	2026-02-25T10:45:23.8355875Z  * [new tag]             0.0.126                -> 0.0.126
core-execution	Checkout code	2026-02-25T10:45:23.8421186Z  * [new tag]             0.0.127                -> 0.0.127
core-execution	Checkout code	2026-02-25T10:45:23.8421989Z  * [new tag]             0.0.128                -> 0.0.128
core-execution	Checkout code	2026-02-25T10:45:23.8444766Z  * [new tag]             0.0.129                -> 0.0.129
core-execution	Checkout code	2026-02-25T10:45:23.8445560Z  * [new tag]             0.0.13                 -> 0.0.13
core-execution	Checkout code	2026-02-25T10:45:23.8445943Z  * [new tag]             0.0.130                -> 0.0.130
core-execution	Checkout code	2026-02-25T10:45:23.8446314Z  * [new tag]             0.0.131                -> 0.0.131
core-execution	Checkout code	2026-02-25T10:45:23.8446683Z  * [new tag]             0.0.132                -> 0.0.132
core-execution	Checkout code	2026-02-25T10:45:23.8447075Z  * [new tag]             0.0.133                -> 0.0.133
core-execution	Checkout code	2026-02-25T10:45:23.8447471Z  * [new tag]             0.0.134                -> 0.0.134
core-execution	Checkout code	2026-02-25T10:45:23.8447835Z  * [new tag]             0.0.135                -> 0.0.135
core-execution	Checkout code	2026-02-25T10:45:23.8448197Z  * [new tag]             0.0.136                -> 0.0.136
core-execution	Checkout code	2026-02-25T10:45:23.8448561Z  * [new tag]             0.0.137                -> 0.0.137
core-execution	Checkout code	2026-02-25T10:45:23.8448928Z  * [new tag]             0.0.138                -> 0.0.138
core-execution	Checkout code	2026-02-25T10:45:23.8449295Z  * [new tag]             0.0.139                -> 0.0.139
core-execution	Checkout code	2026-02-25T10:45:23.8449691Z  * [new tag]             0.0.14                 -> 0.0.14
core-execution	Checkout code	2026-02-25T10:45:23.8450084Z  * [new tag]             0.0.140                -> 0.0.140
core-execution	Checkout code	2026-02-25T10:45:23.8450456Z  * [new tag]             0.0.141                -> 0.0.141
core-execution	Checkout code	2026-02-25T10:45:23.8450844Z  * [new tag]             0.0.142                -> 0.0.142
core-execution	Checkout code	2026-02-25T10:45:23.8451242Z  * [new tag]             0.0.143                -> 0.0.143
core-execution	Checkout code	2026-02-25T10:45:23.8451624Z  * [new tag]             0.0.144                -> 0.0.144
core-execution	Checkout code	2026-02-25T10:45:23.8451995Z  * [new tag]             0.0.145                -> 0.0.145
core-execution	Checkout code	2026-02-25T10:45:23.8452357Z  * [new tag]             0.0.146                -> 0.0.146
core-execution	Checkout code	2026-02-25T10:45:23.8452888Z  * [new tag]             0.0.147                -> 0.0.147
core-execution	Checkout code	2026-02-25T10:45:23.8453256Z  * [new tag]             0.0.148                -> 0.0.148
core-execution	Checkout code	2026-02-25T10:45:23.8453621Z  * [new tag]             0.0.149                -> 0.0.149
core-execution	Checkout code	2026-02-25T10:45:23.8453987Z  * [new tag]             0.0.15                 -> 0.0.15
core-execution	Checkout code	2026-02-25T10:45:23.8454353Z  * [new tag]             0.0.150                -> 0.0.150
core-execution	Checkout code	2026-02-25T10:45:23.8454725Z  * [new tag]             0.0.151                -> 0.0.151
core-execution	Checkout code	2026-02-25T10:45:23.8455094Z  * [new tag]             0.0.152                -> 0.0.152
core-execution	Checkout code	2026-02-25T10:45:23.8455471Z  * [new tag]             0.0.153                -> 0.0.153
core-execution	Checkout code	2026-02-25T10:45:23.8456408Z  * [new tag]             0.0.154                -> 0.0.154
core-execution	Checkout code	2026-02-25T10:45:23.8456789Z  * [new tag]             0.0.155                -> 0.0.155
core-execution	Checkout code	2026-02-25T10:45:23.8457178Z  * [new tag]             0.0.156                -> 0.0.156
core-execution	Checkout code	2026-02-25T10:45:23.8457564Z  * [new tag]             0.0.157                -> 0.0.157
core-execution	Checkout code	2026-02-25T10:45:23.8457945Z  * [new tag]             0.0.158                -> 0.0.158
core-execution	Checkout code	2026-02-25T10:45:23.8458334Z  * [new tag]             0.0.159                -> 0.0.159
core-execution	Checkout code	2026-02-25T10:45:23.8458730Z  * [new tag]             0.0.16                 -> 0.0.16
core-execution	Checkout code	2026-02-25T10:45:23.8459138Z  * [new tag]             0.0.160                -> 0.0.160
core-execution	Checkout code	2026-02-25T10:45:23.8459525Z  * [new tag]             0.0.161                -> 0.0.161
core-execution	Checkout code	2026-02-25T10:45:23.8459900Z  * [new tag]             0.0.162                -> 0.0.162
core-execution	Checkout code	2026-02-25T10:45:23.8460274Z  * [new tag]             0.0.163                -> 0.0.163
core-execution	Checkout code	2026-02-25T10:45:23.8460653Z  * [new tag]             0.0.164                -> 0.0.164
core-execution	Checkout code	2026-02-25T10:45:23.8461038Z  * [new tag]             0.0.165                -> 0.0.165
core-execution	Checkout code	2026-02-25T10:45:23.8461635Z  * [new tag]             0.0.166                -> 0.0.166
core-execution	Checkout code	2026-02-25T10:45:23.8462016Z  * [new tag]             0.0.167                -> 0.0.167
core-execution	Checkout code	2026-02-25T10:45:23.8466614Z  * [new tag]             0.0.168                -> 0.0.168
core-execution	Checkout code	2026-02-25T10:45:23.8479422Z  * [new tag]             0.0.169                -> 0.0.169
core-execution	Checkout code	2026-02-25T10:45:23.8479868Z  * [new tag]             0.0.17                 -> 0.0.17
core-execution	Checkout code	2026-02-25T10:45:23.8480262Z  * [new tag]             0.0.170                -> 0.0.170
core-execution	Checkout code	2026-02-25T10:45:23.8480652Z  * [new tag]             0.0.171                -> 0.0.171
core-execution	Checkout code	2026-02-25T10:45:23.8481027Z  * [new tag]             0.0.172                -> 0.0.172
core-execution	Checkout code	2026-02-25T10:45:23.8481403Z  * [new tag]             0.0.173                -> 0.0.173
core-execution	Checkout code	2026-02-25T10:45:23.8481780Z  * [new tag]             0.0.174                -> 0.0.174
core-execution	Checkout code	2026-02-25T10:45:23.8482158Z  * [new tag]             0.0.175                -> 0.0.175
core-execution	Checkout code	2026-02-25T10:45:23.8511768Z  * [new tag]             0.0.176                -> 0.0.176
core-execution	Checkout code	2026-02-25T10:45:23.8512260Z  * [new tag]             0.0.177                -> 0.0.177
core-execution	Checkout code	2026-02-25T10:45:23.8512768Z  * [new tag]             0.0.178                -> 0.0.178
core-execution	Checkout code	2026-02-25T10:45:23.8513182Z  * [new tag]             0.0.179                -> 0.0.179
core-execution	Checkout code	2026-02-25T10:45:23.8513564Z  * [new tag]             0.0.18                 -> 0.0.18
core-execution	Checkout code	2026-02-25T10:45:23.8513944Z  * [new tag]             0.0.19                 -> 0.0.19
core-execution	Checkout code	2026-02-25T10:45:23.8514337Z  * [new tag]             0.0.2                  -> 0.0.2
core-execution	Checkout code	2026-02-25T10:45:23.8514725Z  * [new tag]             0.0.20                 -> 0.0.20
core-execution	Checkout code	2026-02-25T10:45:23.8515103Z  * [new tag]             0.0.21                 -> 0.0.21
core-execution	Checkout code	2026-02-25T10:45:23.8515478Z  * [new tag]             0.0.22                 -> 0.0.22
core-execution	Checkout code	2026-02-25T10:45:23.8515853Z  * [new tag]             0.0.23                 -> 0.0.23
core-execution	Checkout code	2026-02-25T10:45:23.8516240Z  * [new tag]             0.0.24                 -> 0.0.24
core-execution	Checkout code	2026-02-25T10:45:23.8516614Z  * [new tag]             0.0.25                 -> 0.0.25
core-execution	Checkout code	2026-02-25T10:45:23.8516998Z  * [new tag]             0.0.26                 -> 0.0.26
core-execution	Checkout code	2026-02-25T10:45:23.8517370Z  * [new tag]             0.0.27                 -> 0.0.27
core-execution	Checkout code	2026-02-25T10:45:23.8517743Z  * [new tag]             0.0.28                 -> 0.0.28
core-execution	Checkout code	2026-02-25T10:45:23.8518116Z  * [new tag]             0.0.29                 -> 0.0.29
core-execution	Checkout code	2026-02-25T10:45:23.8518493Z  * [new tag]             0.0.3                  -> 0.0.3
core-execution	Checkout code	2026-02-25T10:45:23.8518868Z  * [new tag]             0.0.30                 -> 0.0.30
core-execution	Checkout code	2026-02-25T10:45:23.8519242Z  * [new tag]             0.0.31                 -> 0.0.31
core-execution	Checkout code	2026-02-25T10:45:23.8519615Z  * [new tag]             0.0.32                 -> 0.0.32
core-execution	Checkout code	2026-02-25T10:45:23.8519989Z  * [new tag]             0.0.33                 -> 0.0.33
core-execution	Checkout code	2026-02-25T10:45:23.8520370Z  * [new tag]             0.0.34                 -> 0.0.34
core-execution	Checkout code	2026-02-25T10:45:23.8521077Z  * [new tag]             0.0.35                 -> 0.0.35
core-execution	Checkout code	2026-02-25T10:45:23.8521467Z  * [new tag]             0.0.36                 -> 0.0.36
core-execution	Checkout code	2026-02-25T10:45:23.8521844Z  * [new tag]             0.0.37                 -> 0.0.37
core-execution	Checkout code	2026-02-25T10:45:23.8522219Z  * [new tag]             0.0.38                 -> 0.0.38
core-execution	Checkout code	2026-02-25T10:45:23.8533751Z  * [new tag]             0.0.39                 -> 0.0.39
core-execution	Checkout code	2026-02-25T10:45:23.8534161Z  * [new tag]             0.0.4                  -> 0.0.4
core-execution	Checkout code	2026-02-25T10:45:23.8534543Z  * [new tag]             0.0.40                 -> 0.0.40
core-execution	Checkout code	2026-02-25T10:45:23.8534926Z  * [new tag]             0.0.41                 -> 0.0.41
core-execution	Checkout code	2026-02-25T10:45:23.8535302Z  * [new tag]             0.0.42                 -> 0.0.42
core-execution	Checkout code	2026-02-25T10:45:23.8535676Z  * [new tag]             0.0.43                 -> 0.0.43
core-execution	Checkout code	2026-02-25T10:45:23.8536051Z  * [new tag]             0.0.44                 -> 0.0.44
core-execution	Checkout code	2026-02-25T10:45:23.8536430Z  * [new tag]             0.0.45                 -> 0.0.45
core-execution	Checkout code	2026-02-25T10:45:23.8536818Z  * [new tag]             0.0.46                 -> 0.0.46
core-execution	Checkout code	2026-02-25T10:45:23.8537456Z  * [new tag]             0.0.47                 -> 0.0.47
core-execution	Checkout code	2026-02-25T10:45:23.8537833Z  * [new tag]             0.0.48                 -> 0.0.48
core-execution	Checkout code	2026-02-25T10:45:23.8538217Z  * [new tag]             0.0.49                 -> 0.0.49
core-execution	Checkout code	2026-02-25T10:45:23.8538594Z  * [new tag]             0.0.5                  -> 0.0.5
core-execution	Checkout code	2026-02-25T10:45:23.8538970Z  * [new tag]             0.0.50                 -> 0.0.50
core-execution	Checkout code	2026-02-25T10:45:23.8539344Z  * [new tag]             0.0.51                 -> 0.0.51
core-execution	Checkout code	2026-02-25T10:45:23.8539720Z  * [new tag]             0.0.52                 -> 0.0.52
core-execution	Checkout code	2026-02-25T10:45:23.8540095Z  * [new tag]             0.0.53                 -> 0.0.53
core-execution	Checkout code	2026-02-25T10:45:23.8540472Z  * [new tag]             0.0.54                 -> 0.0.54
core-execution	Checkout code	2026-02-25T10:45:23.8540850Z  * [new tag]             0.0.55                 -> 0.0.55
core-execution	Checkout code	2026-02-25T10:45:23.8541227Z  * [new tag]             0.0.56                 -> 0.0.56
core-execution	Checkout code	2026-02-25T10:45:23.8541608Z  * [new tag]             0.0.57                 -> 0.0.57
core-execution	Checkout code	2026-02-25T10:45:23.8541986Z  * [new tag]             0.0.58                 -> 0.0.58
core-execution	Checkout code	2026-02-25T10:45:23.8542355Z  * [new tag]             0.0.59                 -> 0.0.59
core-execution	Checkout code	2026-02-25T10:45:23.8552939Z  * [new tag]             0.0.6                  -> 0.0.6
core-execution	Checkout code	2026-02-25T10:45:23.8553332Z  * [new tag]             0.0.60                 -> 0.0.60
core-execution	Checkout code	2026-02-25T10:45:23.8553705Z  * [new tag]             0.0.61                 -> 0.0.61
core-execution	Checkout code	2026-02-25T10:45:23.8554075Z  * [new tag]             0.0.62                 -> 0.0.62
core-execution	Checkout code	2026-02-25T10:45:23.8554444Z  * [new tag]             0.0.63                 -> 0.0.63
core-execution	Checkout code	2026-02-25T10:45:23.8554810Z  * [new tag]             0.0.64                 -> 0.0.64
core-execution	Checkout code	2026-02-25T10:45:23.8555182Z  * [new tag]             0.0.65                 -> 0.0.65
core-execution	Checkout code	2026-02-25T10:45:23.8555545Z  * [new tag]             0.0.66                 -> 0.0.66
core-execution	Checkout code	2026-02-25T10:45:23.8555915Z  * [new tag]             0.0.67                 -> 0.0.67
core-execution	Checkout code	2026-02-25T10:45:23.8556288Z  * [new tag]             0.0.68                 -> 0.0.68
core-execution	Checkout code	2026-02-25T10:45:23.8556663Z  * [new tag]             0.0.69                 -> 0.0.69
core-execution	Checkout code	2026-02-25T10:45:23.8557033Z  * [new tag]             0.0.7                  -> 0.0.7
core-execution	Checkout code	2026-02-25T10:45:23.8557399Z  * [new tag]             0.0.70                 -> 0.0.70
core-execution	Checkout code	2026-02-25T10:45:23.8557764Z  * [new tag]             0.0.71                 -> 0.0.71
core-execution	Checkout code	2026-02-25T10:45:23.8558130Z  * [new tag]             0.0.72                 -> 0.0.72
core-execution	Checkout code	2026-02-25T10:45:23.8558507Z  * [new tag]             0.0.73                 -> 0.0.73
core-execution	Checkout code	2026-02-25T10:45:23.8558881Z  * [new tag]             0.0.74                 -> 0.0.74
core-execution	Checkout code	2026-02-25T10:45:23.8559250Z  * [new tag]             0.0.75                 -> 0.0.75
core-execution	Checkout code	2026-02-25T10:45:23.8559619Z  * [new tag]             0.0.76                 -> 0.0.76
core-execution	Checkout code	2026-02-25T10:45:23.8559986Z  * [new tag]             0.0.77                 -> 0.0.77
core-execution	Checkout code	2026-02-25T10:45:23.8560595Z  * [new tag]             0.0.78                 -> 0.0.78
core-execution	Checkout code	2026-02-25T10:45:23.8560971Z  * [new tag]             0.0.79                 -> 0.0.79
core-execution	Checkout code	2026-02-25T10:45:23.8561340Z  * [new tag]             0.0.8                  -> 0.0.8
core-execution	Checkout code	2026-02-25T10:45:23.8561710Z  * [new tag]             0.0.80                 -> 0.0.80
core-execution	Checkout code	2026-02-25T10:45:23.8562077Z  * [new tag]             0.0.81                 -> 0.0.81
core-execution	Checkout code	2026-02-25T10:45:23.8572629Z  * [new tag]             0.0.82                 -> 0.0.82
core-execution	Checkout code	2026-02-25T10:45:23.8573087Z  * [new tag]             0.0.83                 -> 0.0.83
core-execution	Checkout code	2026-02-25T10:45:23.8573464Z  * [new tag]             0.0.84                 -> 0.0.84
core-execution	Checkout code	2026-02-25T10:45:23.8573840Z  * [new tag]             0.0.85                 -> 0.0.85
core-execution	Checkout code	2026-02-25T10:45:23.8574206Z  * [new tag]             0.0.86                 -> 0.0.86
core-execution	Checkout code	2026-02-25T10:45:23.8574573Z  * [new tag]             0.0.87                 -> 0.0.87
core-execution	Checkout code	2026-02-25T10:45:23.8574940Z  * [new tag]             0.0.88                 -> 0.0.88
core-execution	Checkout code	2026-02-25T10:45:23.8575317Z  * [new tag]             0.0.89                 -> 0.0.89
core-execution	Checkout code	2026-02-25T10:45:23.8575916Z  * [new tag]             0.0.9                  -> 0.0.9
core-execution	Checkout code	2026-02-25T10:45:23.8576287Z  * [new tag]             0.0.90                 -> 0.0.90
core-execution	Checkout code	2026-02-25T10:45:23.8576655Z  * [new tag]             0.0.91                 -> 0.0.91
core-execution	Checkout code	2026-02-25T10:45:23.8577022Z  * [new tag]             0.0.92                 -> 0.0.92
core-execution	Checkout code	2026-02-25T10:45:23.8577391Z  * [new tag]             0.0.93                 -> 0.0.93
core-execution	Checkout code	2026-02-25T10:45:23.8577759Z  * [new tag]             0.0.94                 -> 0.0.94
core-execution	Checkout code	2026-02-25T10:45:23.8578127Z  * [new tag]             0.0.95                 -> 0.0.95
core-execution	Checkout code	2026-02-25T10:45:23.8578493Z  * [new tag]             0.0.96                 -> 0.0.96
core-execution	Checkout code	2026-02-25T10:45:23.8578860Z  * [new tag]             0.0.97                 -> 0.0.97
core-execution	Checkout code	2026-02-25T10:45:23.8579224Z  * [new tag]             0.0.98                 -> 0.0.98
core-execution	Checkout code	2026-02-25T10:45:23.8579591Z  * [new tag]             0.0.99                 -> 0.0.99
core-execution	Checkout code	2026-02-25T10:45:23.8579965Z  * [new tag]             0.1.0                  -> 0.1.0
core-execution	Checkout code	2026-02-25T10:45:23.8580338Z  * [new tag]             0.1.1                  -> 0.1.1
core-execution	Checkout code	2026-02-25T10:45:23.8580706Z  * [new tag]             0.2.0                  -> 0.2.0
core-execution	Checkout code	2026-02-25T10:45:23.8581070Z  * [new tag]             0.3.0                  -> 0.3.0
core-execution	Checkout code	2026-02-25T10:45:23.8581434Z  * [new tag]             0.3.1                  -> 0.3.1
core-execution	Checkout code	2026-02-25T10:45:23.8581800Z  * [new tag]             0.3.10                 -> 0.3.10
core-execution	Checkout code	2026-02-25T10:45:23.8582176Z  * [new tag]             0.3.11                 -> 0.3.11
core-execution	Checkout code	2026-02-25T10:45:23.8592894Z  * [new tag]             0.3.12                 -> 0.3.12
core-execution	Checkout code	2026-02-25T10:45:23.8593316Z  * [new tag]             0.3.13                 -> 0.3.13
core-execution	Checkout code	2026-02-25T10:45:23.8593696Z  * [new tag]             0.3.14                 -> 0.3.14
core-execution	Checkout code	2026-02-25T10:45:23.8594066Z  * [new tag]             0.3.15                 -> 0.3.15
core-execution	Checkout code	2026-02-25T10:45:23.8594440Z  * [new tag]             0.3.16                 -> 0.3.16
core-execution	Checkout code	2026-02-25T10:45:23.8594819Z  * [new tag]             0.3.17                 -> 0.3.17
core-execution	Checkout code	2026-02-25T10:45:23.8595215Z  * [new tag]             0.3.2                  -> 0.3.2
core-execution	Checkout code	2026-02-25T10:45:23.8595610Z  * [new tag]             0.3.3                  -> 0.3.3
core-execution	Checkout code	2026-02-25T10:45:23.8596001Z  * [new tag]             0.3.4                  -> 0.3.4
core-execution	Checkout code	2026-02-25T10:45:23.8596376Z  * [new tag]             0.3.5                  -> 0.3.5
core-execution	Checkout code	2026-02-25T10:45:23.8596744Z  * [new tag]             0.3.6                  -> 0.3.6
core-execution	Checkout code	2026-02-25T10:45:23.8597109Z  * [new tag]             0.3.7                  -> 0.3.7
core-execution	Checkout code	2026-02-25T10:45:23.8597489Z  * [new tag]             0.3.8                  -> 0.3.8
core-execution	Checkout code	2026-02-25T10:45:23.8597857Z  * [new tag]             0.3.9                  -> 0.3.9
core-execution	Checkout code	2026-02-25T10:45:23.8598223Z  * [new tag]             0.4.0                  -> 0.4.0
core-execution	Checkout code	2026-02-25T10:45:23.8598583Z  * [new tag]             0.4.1                  -> 0.4.1
core-execution	Checkout code	2026-02-25T10:45:23.8598950Z  * [new tag]             0.4.2                  -> 0.4.2
core-execution	Checkout code	2026-02-25T10:45:23.8599563Z  * [new tag]             0.4.3                  -> 0.4.3
core-execution	Checkout code	2026-02-25T10:45:23.8599939Z  * [new tag]             0.4.4                  -> 0.4.4
core-execution	Checkout code	2026-02-25T10:45:23.8600303Z  * [new tag]             0.4.5                  -> 0.4.5
core-execution	Checkout code	2026-02-25T10:45:23.8600670Z  * [new tag]             0.4.6                  -> 0.4.6
core-execution	Checkout code	2026-02-25T10:45:23.8601032Z  * [new tag]             0.4.7                  -> 0.4.7
core-execution	Checkout code	2026-02-25T10:45:23.8601396Z  * [new tag]             0.4.8                  -> 0.4.8
core-execution	Checkout code	2026-02-25T10:45:23.8601763Z  * [new tag]             0.4.9                  -> 0.4.9
core-execution	Checkout code	2026-02-25T10:45:23.8602125Z  * [new tag]             0.5.0                  -> 0.5.0
core-execution	Checkout code	2026-02-25T10:45:23.8613118Z  * [new tag]             0.5.1                  -> 0.5.1
core-execution	Checkout code	2026-02-25T10:45:23.8613592Z  * [new tag]             0.5.2                  -> 0.5.2
core-execution	Checkout code	2026-02-25T10:45:23.8613977Z  * [new tag]             0.6.0                  -> 0.6.0
core-execution	Checkout code	2026-02-25T10:45:23.8614637Z  * [new tag]             0.6.1                  -> 0.6.1
core-execution	Checkout code	2026-02-25T10:45:23.8615049Z  * [new tag]             0.6.2                  -> 0.6.2
core-execution	Checkout code	2026-02-25T10:45:23.8615837Z  * [new tag]             0.6.3                  -> 0.6.3
core-execution	Checkout code	2026-02-25T10:45:23.8616203Z  * [new tag]             0.6.4                  -> 0.6.4
core-execution	Checkout code	2026-02-25T10:45:23.8616567Z  * [new tag]             0.6.5                  -> 0.6.5
core-execution	Checkout code	2026-02-25T10:45:23.8616925Z  * [new tag]             0.6.6                  -> 0.6.6
core-execution	Checkout code	2026-02-25T10:45:23.8941899Z [command]/usr/bin/git branch --list --remote origin/main
core-execution	Checkout code	2026-02-25T10:45:23.9041541Z   origin/main
core-execution	Checkout code	2026-02-25T10:45:23.9068238Z [command]/usr/bin/git rev-parse refs/remotes/origin/main
core-execution	Checkout code	2026-02-25T10:45:23.9114135Z 808cf9f41fde697e6ce0203740c9de4e9dc2dab5
core-execution	Checkout code	2026-02-25T10:45:23.9127891Z ##[endgroup]
core-execution	Checkout code	2026-02-25T10:45:23.9128504Z ##[group]Determining the checkout info
core-execution	Checkout code	2026-02-25T10:45:23.9130465Z ##[endgroup]
core-execution	Checkout code	2026-02-25T10:45:23.9139450Z [command]/usr/bin/git sparse-checkout disable
core-execution	Checkout code	2026-02-25T10:45:23.9215198Z [command]/usr/bin/git config --local --unset-all extensions.worktreeConfig
core-execution	Checkout code	2026-02-25T10:45:23.9274055Z ##[group]Checking out the ref
core-execution	Checkout code	2026-02-25T10:45:23.9282077Z [command]/usr/bin/git checkout --progress --force -B main refs/remotes/origin/main
core-execution	Checkout code	2026-02-25T10:45:24.2752996Z Switched to a new branch 'main'
core-execution	Checkout code	2026-02-25T10:45:24.2763646Z branch 'main' set up to track 'origin/main'.
core-execution	Checkout code	2026-02-25T10:45:24.2818681Z ##[endgroup]
core-execution	Checkout code	2026-02-25T10:45:24.2896594Z [command]/usr/bin/git log -1 --format=%H
core-execution	Checkout code	2026-02-25T10:45:24.2948853Z 808cf9f41fde697e6ce0203740c9de4e9dc2dab5
core-execution	Set up Python	Ôªø2026-02-25T10:45:24.3451939Z ##[group]Run actions/setup-python@v4
core-execution	Set up Python	2026-02-25T10:45:24.3452611Z with:
core-execution	Set up Python	2026-02-25T10:45:24.3452845Z   python-version: 3.10
core-execution	Set up Python	2026-02-25T10:45:24.3453092Z   check-latest: false
core-execution	Set up Python	2026-02-25T10:45:24.3453640Z   token: ***
core-execution	Set up Python	2026-02-25T10:45:24.3453877Z   update-environment: true
core-execution	Set up Python	2026-02-25T10:45:24.3454258Z   allow-prereleases: false
core-execution	Set up Python	2026-02-25T10:45:24.3454489Z env:
core-execution	Set up Python	2026-02-25T10:45:24.3454698Z   KAOS_MODULE: [Ka0S] GitHub ‚Üí iTop Sync
core-execution	Set up Python	2026-02-25T10:45:24.3455016Z   KAOS_CORRELATION_ID: 22393356017
core-execution	Set up Python	2026-02-25T10:45:24.3455316Z   KAOS_ACTOR: ***
core-execution	Set up Python	2026-02-25T10:45:24.3455526Z ##[endgroup]
core-execution	Set up Python	2026-02-25T10:45:24.5669538Z ##[group]Installed versions
core-execution	Set up Python	2026-02-25T10:45:24.5703539Z Version 3.10 was not found in the local cache
core-execution	Set up Python	2026-02-25T10:45:25.5040168Z Version 3.10 is available for downloading
core-execution	Set up Python	2026-02-25T10:45:25.5043593Z Download from "https://github.com/actions/python-versions/releases/download/3.10.19-18393196481/python-3.10.19-linux-24.04-x64.tar.gz"
core-execution	Set up Python	2026-02-25T10:45:27.1208611Z Extract downloaded archive
core-execution	Set up Python	2026-02-25T10:45:27.1315311Z [command]/usr/bin/tar xz --warning=no-unknown-keyword -C /home/runner/_work/_temp/10eb9269-fedb-481f-bdce-e6a51b9e22af -f /home/runner/_work/_temp/6a190fd0-662d-4cf8-9398-5a2382886e96
core-execution	Set up Python	2026-02-25T10:45:28.8716357Z Execute installation script
core-execution	Set up Python	2026-02-25T10:45:28.8836316Z Check if Python hostedtoolcache folder exist...
core-execution	Set up Python	2026-02-25T10:45:28.8836865Z Creating Python hostedtoolcache folder...
core-execution	Set up Python	2026-02-25T10:45:28.8858695Z Create Python 3.10.19 folder
core-execution	Set up Python	2026-02-25T10:45:28.8875951Z Copy Python binaries to hostedtoolcache folder
core-execution	Set up Python	2026-02-25T10:45:29.8713666Z Create additional symlinks (Required for the UsePythonVersion Azure Pipelines task and the setup-python GitHub Action)
core-execution	Set up Python	2026-02-25T10:45:29.8765472Z Upgrading pip...
core-execution	Set up Python	2026-02-25T10:45:32.1213773Z Looking in links: /tmp/tmpoirbbh3e
core-execution	Set up Python	2026-02-25T10:45:32.1218901Z Requirement already satisfied: setuptools in /home/runner/_work/_tool/Python/3.10.19/x64/lib/python3.10/site-packages (79.0.1)
core-execution	Set up Python	2026-02-25T10:45:32.1223059Z Requirement already satisfied: pip in /home/runner/_work/_tool/Python/3.10.19/x64/lib/python3.10/site-packages (23.0.1)
core-execution	Set up Python	2026-02-25T10:45:33.6526597Z Collecting pip
core-execution	Set up Python	2026-02-25T10:45:33.7199208Z Downloading pip-26.0.1-py3-none-any.whl (1.8 MB)
core-execution	Set up Python	2026-02-25T10:45:33.7754759Z ‚îÅ‚îÅ‚îÅ‚îÅ‚îÅ‚îÅ‚îÅ‚îÅ‚îÅ‚îÅ‚îÅ‚îÅ‚îÅ‚îÅ‚îÅ‚îÅ‚îÅ‚îÅ‚îÅ‚îÅ‚îÅ‚îÅ‚îÅ‚îÅ‚îÅ‚îÅ‚îÅ‚îÅ‚îÅ‚îÅ‚îÅ‚îÅ‚îÅ‚îÅ‚îÅ‚îÅ‚îÅ‚îÅ‚îÅ‚îÅ 1.8/1.8 MB 34.7 MB/s eta 0:00:00
core-execution	Set up Python	2026-02-25T10:45:33.7755617Z 
core-execution	Set up Python	2026-02-25T10:45:33.8413642Z Installing collected packages: pip
core-execution	Set up Python	2026-02-25T10:45:33.8423651Z Attempting uninstall: pip
core-execution	Set up Python	2026-02-25T10:45:33.8424013Z     Found existing installation: pip 23.0.1
core-execution	Set up Python	2026-02-25T10:45:34.1499563Z Uninstalling pip-23.0.1:
core-execution	Set up Python	2026-02-25T10:45:34.1600789Z Successfully uninstalled pip-23.0.1
core-execution	Set up Python	2026-02-25T10:45:35.1933483Z Successfully installed pip-26.0.1
core-execution	Set up Python	2026-02-25T10:45:35.3050247Z Create complete file
core-execution	Set up Python	2026-02-25T10:45:35.3097668Z Successfully set up CPython (3.10.19)
core-execution	Set up Python	2026-02-25T10:45:35.3098923Z ##[endgroup]
core-execution	Install dependencies	Ôªø2026-02-25T10:45:35.3354355Z ##[group]Run pip install requests
core-execution	Install dependencies	2026-02-25T10:45:35.3354983Z [36;1mpip install requests[0m
core-execution	Install dependencies	2026-02-25T10:45:35.3376631Z shell: /usr/bin/bash -e {0}
core-execution	Install dependencies	2026-02-25T10:45:35.3377072Z env:
core-execution	Install dependencies	2026-02-25T10:45:35.3377293Z   KAOS_MODULE: [Ka0S] GitHub ‚Üí iTop Sync
core-execution	Install dependencies	2026-02-25T10:45:35.3377592Z   KAOS_CORRELATION_ID: 22393356017
core-execution	Install dependencies	2026-02-25T10:45:35.3377983Z   KAOS_ACTOR: ***
core-execution	Install dependencies	2026-02-25T10:45:35.3378285Z   pythonLocation: /home/runner/_work/_tool/Python/3.10.19/x64
core-execution	Install dependencies	2026-02-25T10:45:35.3378756Z   PKG_CONFIG_PATH: /home/runner/_work/_tool/Python/3.10.19/x64/lib/pkgconfig
core-execution	Install dependencies	2026-02-25T10:45:35.3379246Z   Python_ROOT_DIR: /home/runner/_work/_tool/Python/3.10.19/x64
core-execution	Install dependencies	2026-02-25T10:45:35.3379923Z   Python2_ROOT_DIR: /home/runner/_work/_tool/Python/3.10.19/x64
core-execution	Install dependencies	2026-02-25T10:45:35.3380342Z   Python3_ROOT_DIR: /home/runner/_work/_tool/Python/3.10.19/x64
core-execution	Install dependencies	2026-02-25T10:45:35.3380765Z   LD_LIBRARY_PATH: /home/runner/_work/_tool/Python/3.10.19/x64/lib
core-execution	Install dependencies	2026-02-25T10:45:35.3381115Z ##[endgroup]
core-execution	Install dependencies	2026-02-25T10:45:35.8567185Z Collecting requests
core-execution	Install dependencies	2026-02-25T10:45:35.9304543Z   Downloading requests-2.32.5-py3-none-any.whl.metadata (4.9 kB)
core-execution	Install dependencies	2026-02-25T10:45:36.1501328Z Collecting charset_normalizer<4,>=2 (from requests)
core-execution	Install dependencies	2026-02-25T10:45:36.1566704Z   Downloading charset_normalizer-3.4.4-cp310-cp310-manylinux2014_x86_64.manylinux_2_17_x86_64.manylinux_2_28_x86_64.whl.metadata (37 kB)
core-execution	Install dependencies	2026-02-25T10:45:36.1927252Z Collecting idna<4,>=2.5 (from requests)
core-execution	Install dependencies	2026-02-25T10:45:36.1976172Z   Downloading idna-3.11-py3-none-any.whl.metadata (8.4 kB)
core-execution	Install dependencies	2026-02-25T10:45:36.2358091Z Collecting urllib3<3,>=1.21.1 (from requests)
core-execution	Install dependencies	2026-02-25T10:45:36.2447086Z   Downloading urllib3-2.6.3-py3-none-any.whl.metadata (6.9 kB)
core-execution	Install dependencies	2026-02-25T10:45:36.2779771Z Collecting certifi>=2017.4.17 (from requests)
core-execution	Install dependencies	2026-02-25T10:45:36.2863401Z   Downloading certifi-2026.2.25-py3-none-any.whl.metadata (2.5 kB)
core-execution	Install dependencies	2026-02-25T10:45:36.2968804Z Downloading requests-2.32.5-py3-none-any.whl (64 kB)
core-execution	Install dependencies	2026-02-25T10:45:36.3101178Z Downloading charset_normalizer-3.4.4-cp310-cp310-manylinux2014_x86_64.manylinux_2_17_x86_64.manylinux_2_28_x86_64.whl (153 kB)
core-execution	Install dependencies	2026-02-25T10:45:36.3211615Z Downloading idna-3.11-py3-none-any.whl (71 kB)
core-execution	Install dependencies	2026-02-25T10:45:36.3305539Z Downloading urllib3-2.6.3-py3-none-any.whl (131 kB)
core-execution	Install dependencies	2026-02-25T10:45:36.3418451Z Downloading certifi-2026.2.25-py3-none-any.whl (153 kB)
core-execution	Install dependencies	2026-02-25T10:45:36.3763570Z Installing collected packages: urllib3, idna, charset_normalizer, certifi, requests
core-execution	Install dependencies	2026-02-25T10:45:36.6411303Z 
core-execution	Install dependencies	2026-02-25T10:45:36.6432134Z Successfully installed certifi-2026.2.25 charset_normalizer-3.4.4 idna-3.11 requests-2.32.5 urllib3-2.6.3
core-execution	Run Sync Script	Ôªø2026-02-25T10:45:36.8813969Z ##[group]Run python .github/scripts/github-sync-itop.py > result.json
core-execution	Run Sync Script	2026-02-25T10:45:36.8814548Z [36;1mpython .github/scripts/github-sync-itop.py > result.json[0m
core-execution	Run Sync Script	2026-02-25T10:45:36.8828812Z shell: /usr/bin/bash -e {0}
core-execution	Run Sync Script	2026-02-25T10:45:36.8829089Z env:
core-execution	Run Sync Script	2026-02-25T10:45:36.8829318Z   KAOS_MODULE: [Ka0S] GitHub ‚Üí iTop Sync
core-execution	Run Sync Script	2026-02-25T10:45:36.8829624Z   KAOS_CORRELATION_ID: 22393356017
core-execution	Run Sync Script	2026-02-25T10:45:36.8830042Z   KAOS_ACTOR: ***
core-execution	Run Sync Script	2026-02-25T10:45:36.8830352Z   pythonLocation: /home/runner/_work/_tool/Python/3.10.19/x64
core-execution	Run Sync Script	2026-02-25T10:45:36.8830834Z   PKG_CONFIG_PATH: /home/runner/_work/_tool/Python/3.10.19/x64/lib/pkgconfig
core-execution	Run Sync Script	2026-02-25T10:45:36.8831318Z   Python_ROOT_DIR: /home/runner/_work/_tool/Python/3.10.19/x64
core-execution	Run Sync Script	2026-02-25T10:45:36.8831753Z   Python2_ROOT_DIR: /home/runner/_work/_tool/Python/3.10.19/x64
core-execution	Run Sync Script	2026-02-25T10:45:36.8832188Z   Python3_ROOT_DIR: /home/runner/_work/_tool/Python/3.10.19/x64
core-execution	Run Sync Script	2026-02-25T10:45:36.8832789Z   LD_LIBRARY_PATH: /home/runner/_work/_tool/Python/3.10.19/x64/lib
core-execution	Run Sync Script	2026-02-25T10:45:36.8833282Z   ITOP_URL: ***
core-execution	Run Sync Script	2026-02-25T10:45:36.8833526Z   ITOP_API_USER: ***
core-execution	Run Sync Script	2026-02-25T10:45:36.8833799Z   ITOP_API_PASSWORD: ***
core-execution	Run Sync Script	2026-02-25T10:45:36.8834095Z   ITOP_ORIGIN: ***
core-execution	Run Sync Script	2026-02-25T10:45:36.8834329Z   ITOP_IMPACT_DEPARTMENT: 
core-execution	Run Sync Script	2026-02-25T10:45:36.8834583Z   ITOP_IMPACT_SERVICE: 
core-execution	Run Sync Script	2026-02-25T10:45:36.8834820Z   ITOP_IMPACT_PERSON: 
core-execution	Run Sync Script	2026-02-25T10:45:36.8835057Z   ITOP_URGENCY_CRITICAL: 
core-execution	Run Sync Script	2026-02-25T10:45:36.8835306Z   ITOP_URGENCY_HIGH: 
core-execution	Run Sync Script	2026-02-25T10:45:36.8835540Z   ITOP_URGENCY_MEDIUM: 
core-execution	Run Sync Script	2026-02-25T10:45:36.8835778Z   ITOP_URGENCY_LOW: 
core-execution	Run Sync Script	2026-02-25T10:45:36.8836024Z   GITHUB_EVENT_NAME: issue_comment
core-execution	Run Sync Script	2026-02-25T10:45:36.8836308Z   GITHUB_EVENT_ACTION: created
core-execution	Run Sync Script	2026-02-25T10:45:36.8850963Z   GITHUB_ISSUE_PAYLOAD: {
core-execution	Run Sync Script	  "active_lock_reason": null,
core-execution	Run Sync Script	  "assignee": null,
core-execution	Run Sync Script	  "assignees": [],
core-execution	Run Sync Script	  "author_association": "NONE",
core-execution	Run Sync Script	  "body": "### Organizaci√≥n\nKa0s\n\n### Solicitante\n@santakloud\n\n### Estado\nNew\n\n### Impacto\nService\n\n### Urgencia\nMedium\n\n### Servicio / CI afectado\nGitHub Actions / Ka0s Autom add audit -> MongoDB\n\n### Descripci√≥n\nEl workflow **Ka0s Autom add audit -> MongoDB** ha fallado durante su ejecuci√≥n.\n\n**Detalles T√©cnicos:**\n- **M√≥dulo**: [Ka0s] Autom add docs to MongoDB\n- **Run ID**: 22393110398\n- **Commit**: 44d43aac0f8987e3f41270d685e92ae40131c309\n- **Branch/Ref**: main\n- **Actor**: santakloud\n\n### Pasos / Evidencias\nLogs de ejecuci√≥n: https://github.com/Ka0s-Klaus/ka0s/actions/runs/22393110398\n",
core-execution	Run Sync Script	  "closed_at": null,
core-execution	Run Sync Script	  "comments": 1,
core-execution	Run Sync Script	  "comments_url": "https://api.github.com/repos/Ka0s-Klaus/ka0s/issues/4272/comments",
core-execution	Run Sync Script	  "created_at": "2026-02-25T10:39:08Z",
core-execution	Run Sync Script	  "events_url": "https://api.github.com/repos/Ka0s-Klaus/ka0s/issues/4272/events",
core-execution	Run Sync Script	  "html_url": "https://github.com/Ka0s-Klaus/ka0s/issues/4272",
core-execution	Run Sync Script	  "id": 3988635279,
core-execution	Run Sync Script	  "issue_dependencies_summary": {
core-execution	Run Sync Script	    "blocked_by": 0,
core-execution	Run Sync Script	    "blocking": 0,
core-execution	Run Sync Script	    "total_blocked_by": 0,
core-execution	Run Sync Script	    "total_blocking": 0
core-execution	Run Sync Script	  },
core-execution	Run Sync Script	  "labels": [
core-execution	Run Sync Script	    {
core-execution	Run Sync Script	      "color": "ededed",
core-execution	Run Sync Script	      "default": false,
core-execution	Run Sync Script	      "description": null,
core-execution	Run Sync Script	      "id": 10286701399,
core-execution	Run Sync Script	      "name": "itop-incident",
core-execution	Run Sync Script	      "node_id": "LA_kwDONx6uGM8AAAACZSKbVw",
core-execution	Run Sync Script	      "url": "https://api.github.com/repos/Ka0s-Klaus/ka0s/labels/itop-incident"
core-execution	Run Sync Script	    },
core-execution	Run Sync Script	    {
core-execution	Run Sync Script	      "color": "fbca04",
core-execution	Run Sync Script	      "default": false,
core-execution	Run Sync Script	      "description": "Needs triage",
core-execution	Run Sync Script	      "id": 10286701401,
core-execution	Run Sync Script	      "name": "triage",
core-execution	Run Sync Script	      "node_id": "LA_kwDONx6uGM8AAAACZSKbWQ",
core-execution	Run Sync Script	      "url": "https://api.github.com/repos/Ka0s-Klaus/ka0s/labels/triage"
core-execution	Run Sync Script	    },
core-execution	Run Sync Script	    {
core-execution	Run Sync Script	      "color": "5319e7",
core-execution	Run Sync Script	      "default": false,
core-execution	Run Sync Script	      "description": "Created by automation",
core-execution	Run Sync Script	      "id": 10287086674,
core-execution	Run Sync Script	      "name": "automated",
core-execution	Run Sync Script	      "node_id": "LA_kwDONx6uGM8AAAACZSh8Ug",
core-execution	Run Sync Script	      "url": "https://api.github.com/repos/Ka0s-Klaus/ka0s/labels/automated"
core-execution	Run Sync Script	    }
core-execution	Run Sync Script	  ],
core-execution	Run Sync Script	  "labels_url": "https://api.github.com/repos/Ka0s-Klaus/ka0s/issues/4272/labels{/name}",
core-execution	Run Sync Script	  "locked": false,
core-execution	Run Sync Script	  "milestone": null,
core-execution	Run Sync Script	  "node_id": "I_kwDONx6uGM7tvb6P",
core-execution	Run Sync Script	  "number": 4272,
core-execution	Run Sync Script	  "performed_via_github_app": null,
core-execution	Run Sync Script	  "pinned_comment": null,
core-execution	Run Sync Script	  "reactions": {
core-execution	Run Sync Script	    "+1": 0,
core-execution	Run Sync Script	    "-1": 0,
core-execution	Run Sync Script	    "confused": 0,
core-execution	Run Sync Script	    "eyes": 0,
core-execution	Run Sync Script	    "heart": 0,
core-execution	Run Sync Script	    "hooray": 0,
core-execution	Run Sync Script	    "laugh": 0,
core-execution	Run Sync Script	    "rocket": 0,
core-execution	Run Sync Script	    "total_count": 0,
core-execution	Run Sync Script	    "url": "https://api.github.com/repos/Ka0s-Klaus/ka0s/issues/4272/reactions"
core-execution	Run Sync Script	  },
core-execution	Run Sync Script	  "repository_url": "https://api.github.com/repos/Ka0s-Klaus/ka0s",
core-execution	Run Sync Script	  "state": "open",
core-execution	Run Sync Script	  "state_reason": null,
core-execution	Run Sync Script	  "sub_issues_summary": {
core-execution	Run Sync Script	    "completed": 0,
core-execution	Run Sync Script	    "percent_completed": 0,
core-execution	Run Sync Script	    "total": 0
core-execution	Run Sync Script	  },
core-execution	Run Sync Script	  "timeline_url": "https://api.github.com/repos/Ka0s-Klaus/ka0s/issues/4272/timeline",
core-execution	Run Sync Script	  "title": "[INCIDENT]: Fallo en workflow Ka0s Autom add audit -> MongoDB",
core-execution	Run Sync Script	  "type": null,
core-execution	Run Sync Script	  "updated_at": "2026-02-25T10:44:34Z",
core-execution	Run Sync Script	  "url": "https://api.github.com/repos/Ka0s-Klaus/ka0s/issues/4272",
core-execution	Run Sync Script	  "user": {
core-execution	Run Sync Script	    "avatar_url": "https://avatars.githubusercontent.com/in/15368?v=4",
core-execution	Run Sync Script	    "events_url": "https://api.github.com/users/github-actions%5Bbot%5D/events{/privacy}",
core-execution	Run Sync Script	    "followers_url": "https://api.github.com/users/github-actions%5Bbot%5D/followers",
core-execution	Run Sync Script	    "following_url": "https://api.github.com/users/github-actions%5Bbot%5D/following{/other_user}",
core-execution	Run Sync Script	    "gists_url": "https://api.github.com/users/github-actions%5Bbot%5D/gists{/gist_id}",
core-execution	Run Sync Script	    "gravatar_id": "",
core-execution	Run Sync Script	    "html_url": "https://github.com/apps/github-actions",
core-execution	Run Sync Script	    "id": 41898282,
core-execution	Run Sync Script	    "login": "github-actions[bot]",
core-execution	Run Sync Script	    "node_id": "MDM6Qm90NDE4OTgyODI=",
core-execution	Run Sync Script	    "organizations_url": "https://api.github.com/users/github-actions%5Bbot%5D/orgs",
core-execution	Run Sync Script	    "received_events_url": "https://api.github.com/users/github-actions%5Bbot%5D/received_events",
core-execution	Run Sync Script	    "repos_url": "https://api.github.com/users/github-actions%5Bbot%5D/repos",
core-execution	Run Sync Script	    "site_admin": false,
core-execution	Run Sync Script	    "starred_url": "https://api.github.com/users/github-actions%5Bbot%5D/starred{/owner}{/repo}",
core-execution	Run Sync Script	    "subscriptions_url": "https://api.github.com/users/github-actions%5Bbot%5D/subscriptions",
core-execution	Run Sync Script	    "type": "Bot",
core-execution	Run Sync Script	    "url": "https://api.github.com/users/github-actions%5Bbot%5D",
core-execution	Run Sync Script	    "user_view_type": "public"
core-execution	Run Sync Script	  }
core-execution	Run Sync Script	}
core-execution	Run Sync Script	2026-02-25T10:45:36.8872709Z   GITHUB_COMMENT_PAYLOAD: {
core-execution	Run Sync Script	  "author_association": "MEMBER",
core-execution	Run Sync Script	  "body": "Revisar",
core-execution	Run Sync Script	  "created_at": "2026-02-25T10:44:34Z",
core-execution	Run Sync Script	  "html_url": "https://github.com/Ka0s-Klaus/ka0s/issues/4272#issuecomment-3958367826",
core-execution	Run Sync Script	  "id": 3958367826,
core-execution	Run Sync Script	  "issue_url": "https://api.github.com/repos/Ka0s-Klaus/ka0s/issues/4272",
core-execution	Run Sync Script	  "node_id": "IC_kwDONx6uGM7r7-ZS",
core-execution	Run Sync Script	  "performed_via_github_app": null,
core-execution	Run Sync Script	  "pin": null,
core-execution	Run Sync Script	  "reactions": {
core-execution	Run Sync Script	    "+1": 0,
core-execution	Run Sync Script	    "-1": 0,
core-execution	Run Sync Script	    "confused": 0,
core-execution	Run Sync Script	    "eyes": 0,
core-execution	Run Sync Script	    "heart": 0,
core-execution	Run Sync Script	    "hooray": 0,
core-execution	Run Sync Script	    "laugh": 0,
core-execution	Run Sync Script	    "rocket": 0,
core-execution	Run Sync Script	    "total_count": 0,
core-execution	Run Sync Script	    "url": "https://api.github.com/repos/Ka0s-Klaus/ka0s/issues/comments/3958367826/reactions"
core-execution	Run Sync Script	  },
core-execution	Run Sync Script	  "updated_at": "2026-02-25T10:44:34Z",
core-execution	Run Sync Script	  "url": "https://api.github.com/repos/Ka0s-Klaus/ka0s/issues/comments/3958367826",
core-execution	Run Sync Script	  "user": {
core-execution	Run Sync Script	    "avatar_url": "https://avatars.githubusercontent.com/u/197097473?v=4",
core-execution	Run Sync Script	    "events_url": "https://api.github.com/users/***/events{/privacy}",
core-execution	Run Sync Script	    "followers_url": "https://api.github.com/users/***/followers",
core-execution	Run Sync Script	    "following_url": "https://api.github.com/users/***/following{/other_user}",
core-execution	Run Sync Script	    "gists_url": "https://api.github.com/users/***/gists{/gist_id}",
core-execution	Run Sync Script	    "gravatar_id": "",
core-execution	Run Sync Script	    "html_url": "https://github.com/***",
core-execution	Run Sync Script	    "id": 197097473,
core-execution	Run Sync Script	    "login": "***",
core-execution	Run Sync Script	    "node_id": "U_kgDOC794AQ",
core-execution	Run Sync Script	    "organizations_url": "https://api.github.com/users/***/orgs",
core-execution	Run Sync Script	    "received_events_url": "https://api.github.com/users/***/received_events",
core-execution	Run Sync Script	    "repos_url": "https://api.github.com/users/***/repos",
core-execution	Run Sync Script	    "site_admin": false,
core-execution	Run Sync Script	    "starred_url": "https://api.github.com/users/***/starred{/owner}{/repo}",
core-execution	Run Sync Script	    "subscriptions_url": "https://api.github.com/users/***/subscriptions",
core-execution	Run Sync Script	    "type": "User",
core-execution	Run Sync Script	    "url": "https://api.github.com/users/***",
core-execution	Run Sync Script	    "user_view_type": "public"
core-execution	Run Sync Script	  }
core-execution	Run Sync Script	}
core-execution	Run Sync Script	2026-02-25T10:45:36.8878871Z   GITHUB_REPO_FULL_NAME: Ka0s-Klaus/ka0s
core-execution	Run Sync Script	2026-02-25T10:45:36.8879159Z ##[endgroup]
core-execution	Run Sync Script	2026-02-25T10:45:37.1226891Z /home/runner/_work/_tool/Python/3.10.19/x64/lib/python3.10/site-packages/urllib3/connectionpool.py:1097: InsecureRequestWarning: Unverified HTTPS request is being made to host 'itsm.ka0s.io'. Adding certificate verification is strongly advised. See: https://urllib3.readthedocs.io/en/latest/advanced-usage.html#tls-warnings
core-execution	Run Sync Script	2026-02-25T10:45:37.1233578Z   warnings.warn(
core-execution	Run Sync Script	2026-02-25T10:45:37.2555773Z /home/runner/_work/_tool/Python/3.10.19/x64/lib/python3.10/site-packages/urllib3/connectionpool.py:1097: InsecureRequestWarning: Unverified HTTPS request is being made to host 'itsm.ka0s.io'. Adding certificate verification is strongly advised. See: https://urllib3.readthedocs.io/en/latest/advanced-usage.html#tls-warnings
core-execution	Run Sync Script	2026-02-25T10:45:37.2558561Z   warnings.warn(
core-execution	Run Sync Script	2026-02-25T10:45:37.3976717Z /home/runner/_work/_tool/Python/3.10.19/x64/lib/python3.10/site-packages/urllib3/connectionpool.py:1097: InsecureRequestWarning: Unverified HTTPS request is being made to host 'itsm.ka0s.io'. Adding certificate verification is strongly advised. See: https://urllib3.readthedocs.io/en/latest/advanced-usage.html#tls-warnings
core-execution	Run Sync Script	2026-02-25T10:45:37.3979191Z   warnings.warn(
core-execution	Run Sync Script	2026-02-25T10:45:37.5308446Z /home/runner/_work/_tool/Python/3.10.19/x64/lib/python3.10/site-packages/urllib3/connectionpool.py:1097: InsecureRequestWarning: Unverified HTTPS request is being made to host 'itsm.ka0s.io'. Adding certificate verification is strongly advised. See: https://urllib3.readthedocs.io/en/latest/advanced-usage.html#tls-warnings
core-execution	Run Sync Script	2026-02-25T10:45:37.5326746Z   warnings.warn(
core-execution	Save audit log	Ôªø2026-02-25T10:45:37.7494593Z ##[group]Run # Si result.json no existe o est√° vac√≠o, no hacemos nada.
core-execution	Save audit log	2026-02-25T10:45:37.7495236Z [36;1m# Si result.json no existe o est√° vac√≠o, no hacemos nada.[0m
core-execution	Save audit log	2026-02-25T10:45:37.7495627Z [36;1mif [ ! -s result.json ]; then[0m
core-execution	Save audit log	2026-02-25T10:45:37.7496079Z [36;1m  echo "result.json no encontrado o vac√≠o. No se crear√° log de auditor√≠a."[0m
core-execution	Save audit log	2026-02-25T10:45:37.7509086Z [36;1m  # Establecemos una salida para que el siguiente paso sepa que no debe ejecutarse[0m
core-execution	Save audit log	2026-02-25T10:45:37.7509677Z [36;1m  echo "audit_file_created=false" >> $GITHUB_OUTPUT[0m
core-execution	Save audit log	2026-02-25T10:45:37.7510020Z [36;1m  exit 0[0m
core-execution	Save audit log	2026-02-25T10:45:37.7510229Z [36;1mfi[0m
core-execution	Save audit log	2026-02-25T10:45:37.7510453Z [36;1m[0m
core-execution	Save audit log	2026-02-25T10:45:37.7510718Z [36;1m# Instalamos jq para leer el JSON de forma segura[0m
core-execution	Save audit log	2026-02-25T10:45:37.7511080Z [36;1msudo apt-get install -y jq[0m
core-execution	Save audit log	2026-02-25T10:45:37.7511351Z [36;1m[0m
core-execution	Save audit log	2026-02-25T10:45:37.7511562Z [36;1mmkdir -p audit/sync[0m
core-execution	Save audit log	2026-02-25T10:45:37.7511851Z [36;1mTIMESTAMP=$(date -u +"%Y%m%d_%H%M%S")[0m
core-execution	Save audit log	2026-02-25T10:45:37.7512316Z [36;1m# Extraemos el n√∫mero de issue del JSON de forma segura[0m
core-execution	Save audit log	2026-02-25T10:45:37.7512933Z [36;1mISSUE_ID=$(jq -r '.github_ref | split("/")[-1] // "NOREF"' result.json)[0m
core-execution	Save audit log	2026-02-25T10:45:37.7514386Z [36;1m# Intentamos obtener la referencia de iTop (ref) de la respuesta; si no existe, caemos a itop_key; si no, unknown[0m
core-execution	Save audit log	2026-02-25T10:45:37.7514942Z [36;1mITOP_REF=$(jq -r '[0m
core-execution	Save audit log	2026-02-25T10:45:37.7515362Z [36;1m  (try (.create.response.objects | to_entries[0].value.fields.ref) catch empty) //[0m
core-execution	Save audit log	2026-02-25T10:45:37.7516113Z [36;1m  (try (.update.response.objects | to_entries[0].value.fields.ref) catch empty) //[0m
core-execution	Save audit log	2026-02-25T10:45:37.7516754Z [36;1m  (try (.close.response.objects  | to_entries[0].value.fields.ref) catch empty) //[0m
core-execution	Save audit log	2026-02-25T10:45:37.7517361Z [36;1m  .itop_key // "NOREF"' result.json)[0m
core-execution	Save audit log	2026-02-25T10:45:37.7517694Z [36;1m# Saneamos la ref para nombre de fichero[0m
core-execution	Save audit log	2026-02-25T10:45:37.7518076Z [36;1mSAFE_ITOP_REF=$(echo "$ITOP_REF" | tr ' /:\\' '____')[0m
core-execution	Save audit log	2026-02-25T10:45:37.7518633Z [36;1m# Nuevo esquema: <timestamp>_<itop_ref>_<issue>.json[0m
core-execution	Save audit log	2026-02-25T10:45:37.7519111Z [36;1mFILENAME="audit/sync/${TIMESTAMP}_${SAFE_ITOP_REF}_${ISSUE_ID}.json"[0m
core-execution	Save audit log	2026-02-25T10:45:37.7519523Z [36;1m[0m
core-execution	Save audit log	2026-02-25T10:45:37.7519740Z [36;1mmv result.json $FILENAME[0m
core-execution	Save audit log	2026-02-25T10:45:37.7520001Z [36;1m[0m
core-execution	Save audit log	2026-02-25T10:45:37.7520372Z [36;1m# Si hay error en la llamada a iTop, generamos adem√°s un fichero de error expl√≠cito[0m
core-execution	Save audit log	2026-02-25T10:45:37.7520835Z [36;1mHAS_ERROR=$(jq -r '[0m
core-execution	Save audit log	2026-02-25T10:45:37.7521123Z [36;1m  if (.status? == "error") then "true"[0m
core-execution	Save audit log	2026-02-25T10:45:37.7521939Z [36;1m  elif (.create?.status? == "error") then "true"[0m
core-execution	Save audit log	2026-02-25T10:45:37.7522322Z [36;1m  elif (.update?.status? == "error") then "true"[0m
core-execution	Save audit log	2026-02-25T10:45:37.7522898Z [36;1m  elif (.close?.status? == "error") then "true"[0m
core-execution	Save audit log	2026-02-25T10:45:37.7523230Z [36;1m  else "false" end[0m
core-execution	Save audit log	2026-02-25T10:45:37.7523485Z [36;1m' "$FILENAME")[0m
core-execution	Save audit log	2026-02-25T10:45:37.7523725Z [36;1m[0m
core-execution	Save audit log	2026-02-25T10:45:37.7523941Z [36;1mif [ "$HAS_ERROR" = "true" ]; then[0m
core-execution	Save audit log	2026-02-25T10:45:37.7524402Z [36;1m  ERROR_FILENAME="audit/sync/${TIMESTAMP}_${SAFE_ITOP_REF}_${ISSUE_ID}_ERROR.json"[0m
core-execution	Save audit log	2026-02-25T10:45:37.7524888Z [36;1m  cp "$FILENAME" "$ERROR_FILENAME"[0m
core-execution	Save audit log	2026-02-25T10:45:37.7525185Z [36;1mfi[0m
core-execution	Save audit log	2026-02-25T10:45:37.7525382Z [36;1m[0m
core-execution	Save audit log	2026-02-25T10:45:37.7525636Z [36;1mecho "AUDIT_FILE=$FILENAME" >> $GITHUB_ENV[0m
core-execution	Save audit log	2026-02-25T10:45:37.7526023Z [36;1mecho "audit_file_created=true" >> $GITHUB_OUTPUT[0m
core-execution	Save audit log	2026-02-25T10:45:37.7543001Z shell: /usr/bin/bash -e {0}
core-execution	Save audit log	2026-02-25T10:45:37.7543315Z env:
core-execution	Save audit log	2026-02-25T10:45:37.7543547Z   KAOS_MODULE: [Ka0S] GitHub ‚Üí iTop Sync
core-execution	Save audit log	2026-02-25T10:45:37.7544337Z   KAOS_CORRELATION_ID: 22393356017
core-execution	Save audit log	2026-02-25T10:45:37.7545012Z   KAOS_ACTOR: ***
core-execution	Save audit log	2026-02-25T10:45:37.7545331Z   pythonLocation: /home/runner/_work/_tool/Python/3.10.19/x64
core-execution	Save audit log	2026-02-25T10:45:37.7545826Z   PKG_CONFIG_PATH: /home/runner/_work/_tool/Python/3.10.19/x64/lib/pkgconfig
core-execution	Save audit log	2026-02-25T10:45:37.7546707Z   Python_ROOT_DIR: /home/runner/_work/_tool/Python/3.10.19/x64
core-execution	Save audit log	2026-02-25T10:45:37.7547139Z   Python2_ROOT_DIR: /home/runner/_work/_tool/Python/3.10.19/x64
core-execution	Save audit log	2026-02-25T10:45:37.7547572Z   Python3_ROOT_DIR: /home/runner/_work/_tool/Python/3.10.19/x64
core-execution	Save audit log	2026-02-25T10:45:37.7548014Z   LD_LIBRARY_PATH: /home/runner/_work/_tool/Python/3.10.19/x64/lib
core-execution	Save audit log	2026-02-25T10:45:37.7548493Z ##[endgroup]
core-execution	Save audit log	2026-02-25T10:45:37.8333095Z Reading package lists...
core-execution	Save audit log	2026-02-25T10:45:37.8373708Z Building dependency tree...
core-execution	Save audit log	2026-02-25T10:45:37.8374158Z Reading state information...
core-execution	Save audit log	2026-02-25T10:45:37.9114030Z jq is already the newest version (1.7.1-3ubuntu0.24.04.1).
core-execution	Save audit log	2026-02-25T10:45:37.9117055Z 0 upgraded, 0 newly installed, 0 to remove and 0 not upgraded.
core-execution	Commit and push audit file	Ôªø2026-02-25T10:45:37.9510728Z ##[group]Run git config --global user.name "***"
core-execution	Commit and push audit file	2026-02-25T10:45:37.9511198Z [36;1mgit config --global user.name "***"[0m
core-execution	Commit and push audit file	2026-02-25T10:45:37.9511553Z [36;1mgit config --global user.email "***"[0m
core-execution	Commit and push audit file	2026-02-25T10:45:37.9511846Z [36;1mgit pull[0m
core-execution	Commit and push audit file	2026-02-25T10:45:37.9512060Z [36;1mgit add audit/sync/*[0m
core-execution	Commit and push audit file	2026-02-25T10:45:37.9512333Z [36;1mif ! git diff --staged --quiet; then[0m
core-execution	Commit and push audit file	2026-02-25T10:45:37.9517705Z [36;1m  git commit -m "chore(ka0s): audit sync for issue #4272 run 22393356017 [skip ci]"[0m
core-execution	Commit and push audit file	2026-02-25T10:45:37.9518131Z [36;1m  count=0[0m
core-execution	Commit and push audit file	2026-02-25T10:45:37.9518422Z [36;1m  until git push origin HEAD:main || [ $count -eq 5 ]; do[0m
core-execution	Commit and push audit file	2026-02-25T10:45:37.9518816Z [36;1m    echo "Push fallido, reintentando..."[0m
core-execution	Commit and push audit file	2026-02-25T10:45:37.9519141Z [36;1m    git pull --rebase origin main[0m
core-execution	Commit and push audit file	2026-02-25T10:45:37.9519420Z [36;1m    ((count++))[0m
core-execution	Commit and push audit file	2026-02-25T10:45:37.9519666Z [36;1m    sleep 2[0m
core-execution	Commit and push audit file	2026-02-25T10:45:37.9519878Z [36;1m  done[0m
core-execution	Commit and push audit file	2026-02-25T10:45:37.9520076Z [36;1melse[0m
core-execution	Commit and push audit file	2026-02-25T10:45:37.9520334Z [36;1m  echo "No hay cambios para subir."[0m
core-execution	Commit and push audit file	2026-02-25T10:45:37.9520608Z [36;1mfi[0m
core-execution	Commit and push audit file	2026-02-25T10:45:37.9536941Z shell: /usr/bin/bash -e {0}
core-execution	Commit and push audit file	2026-02-25T10:45:37.9537208Z env:
core-execution	Commit and push audit file	2026-02-25T10:45:37.9537433Z   KAOS_MODULE: [Ka0S] GitHub ‚Üí iTop Sync
core-execution	Commit and push audit file	2026-02-25T10:45:37.9537730Z   KAOS_CORRELATION_ID: 22393356017
core-execution	Commit and push audit file	2026-02-25T10:45:37.9538175Z   KAOS_ACTOR: ***
core-execution	Commit and push audit file	2026-02-25T10:45:37.9538467Z   pythonLocation: /home/runner/_work/_tool/Python/3.10.19/x64
core-execution	Commit and push audit file	2026-02-25T10:45:37.9538926Z   PKG_CONFIG_PATH: /home/runner/_work/_tool/Python/3.10.19/x64/lib/pkgconfig
core-execution	Commit and push audit file	2026-02-25T10:45:37.9539382Z   Python_ROOT_DIR: /home/runner/_work/_tool/Python/3.10.19/x64
core-execution	Commit and push audit file	2026-02-25T10:45:37.9539795Z   Python2_ROOT_DIR: /home/runner/_work/_tool/Python/3.10.19/x64
core-execution	Commit and push audit file	2026-02-25T10:45:37.9540206Z   Python3_ROOT_DIR: /home/runner/_work/_tool/Python/3.10.19/x64
core-execution	Commit and push audit file	2026-02-25T10:45:37.9543190Z   LD_LIBRARY_PATH: /home/runner/_work/_tool/Python/3.10.19/x64/lib
core-execution	Commit and push audit file	2026-02-25T10:45:37.9543615Z   AUDIT_FILE: audit/sync/20260225_104537_I-000667_4272.json
core-execution	Commit and push audit file	2026-02-25T10:45:37.9543949Z ##[endgroup]
core-execution	Commit and push audit file	2026-02-25T10:45:38.8746304Z From https://github.com/Ka0s-Klaus/ka0s
core-execution	Commit and push audit file	2026-02-25T10:45:38.8746859Z    808cf9f41..32d876544  main       -> origin/main
core-execution	Commit and push audit file	2026-02-25T10:45:39.0349715Z Updating 808cf9f41..32d876544
core-execution	Commit and push audit file	2026-02-25T10:45:39.0350053Z Fast-forward
core-execution	Commit and push audit file	2026-02-25T10:45:39.0384891Z  audit/kube/failed_pods.json | 554 ++++++++++++++++++++++++++++++++++++++++++++
core-execution	Commit and push audit file	2026-02-25T10:45:39.0385396Z  1 file changed, 554 insertions(+)
core-execution	Commit and push audit file	2026-02-25T10:45:39.0385717Z  create mode 100755 audit/kube/failed_pods.json
core-execution	Commit and push audit file	2026-02-25T10:45:39.0585399Z [main 212603828] chore(ka0s): audit sync for issue #4272 run 22393356017 [skip ci]
core-execution	Commit and push audit file	2026-02-25T10:45:39.0585915Z  1 file changed, 105 insertions(+)
core-execution	Commit and push audit file	2026-02-25T10:45:39.0586276Z  create mode 100644 audit/sync/20260225_104537_I-000667_4272.json
core-execution	Commit and push audit file	2026-02-25T10:45:39.9086272Z To https://github.com/Ka0s-Klaus/ka0s
core-execution	Commit and push audit file	2026-02-25T10:45:39.9087135Z    32d876544..212603828  HEAD -> main
core-execution	Post Set up Python	Ôªø2026-02-25T10:45:39.9362297Z Post job cleanup.
core-execution	Post Checkout code	Ôªø2026-02-25T10:45:40.1516570Z Post job cleanup.
core-execution	Post Checkout code	2026-02-25T10:45:40.2665602Z [command]/usr/bin/git version
core-execution	Post Checkout code	2026-02-25T10:45:40.2717627Z git version 2.52.0
core-execution	Post Checkout code	2026-02-25T10:45:40.2761752Z Copying '/home/runner/.gitconfig' to '/home/runner/_work/_temp/d5c81f17-5000-4f49-a270-b6b2455c5cad/.gitconfig'
core-execution	Post Checkout code	2026-02-25T10:45:40.2775904Z Temporarily overriding HOME='/home/runner/_work/_temp/d5c81f17-5000-4f49-a270-b6b2455c5cad' before making global git config changes
core-execution	Post Checkout code	2026-02-25T10:45:40.2777263Z Adding repository directory to the temporary git global config as a safe directory
core-execution	Post Checkout code	2026-02-25T10:45:40.2783843Z [command]/usr/bin/git config --global --add safe.directory /home/runner/_work/ka0s/ka0s
core-execution	Post Checkout code	2026-02-25T10:45:40.2846923Z [command]/usr/bin/git config --local --name-only --get-regexp core\.sshCommand
core-execution	Post Checkout code	2026-02-25T10:45:40.2899717Z [command]/usr/bin/git submodule foreach --recursive sh -c "git config --local --name-only --get-regexp 'core\.sshCommand' && git config --local --unset-all 'core.sshCommand' || :"
core-execution	Post Checkout code	2026-02-25T10:45:40.3279373Z [command]/usr/bin/git config --local --name-only --get-regexp http\.https\:\/\/github\.com\/\.extraheader
core-execution	Post Checkout code	2026-02-25T10:45:40.3315521Z http.https://github.com/.extraheader
core-execution	Post Checkout code	2026-02-25T10:45:40.3330939Z [command]/usr/bin/git config --local --unset-all http.https://github.com/.extraheader
core-execution	Post Checkout code	2026-02-25T10:45:40.3395209Z [command]/usr/bin/git submodule foreach --recursive sh -c "git config --local --name-only --get-regexp 'http\.https\:\/\/github\.com\/\.extraheader' && git config --local --unset-all 'http.https://github.com/.extraheader' || :"
core-execution	Post Checkout code	2026-02-25T10:45:40.3885045Z [command]/usr/bin/git config --local --name-only --get-regexp ^includeIf\.gitdir:
core-execution	Post Checkout code	2026-02-25T10:45:40.3948862Z [command]/usr/bin/git submodule foreach --recursive git config --local --show-origin --name-only --get-regexp remote.origin.url
core-execution	Complete job	Ôªø2026-02-25T10:45:40.4510614Z Cleaning up orphan processes
Handle Success	Set up job	Ôªø2026-02-25T10:45:54.9519382Z Current runner version: '2.331.0'
Handle Success	Set up job	2026-02-25T10:45:54.9542347Z Runner name: 'swarm-runners-scaleset-hkss5-runner-mrpx7'
Handle Success	Set up job	2026-02-25T10:45:54.9544797Z Runner group name: 'Default'
Handle Success	Set up job	2026-02-25T10:45:54.9546925Z Machine name: 'swarm-runners-scaleset-hkss5-runner-mrpx7'
Handle Success	Set up job	2026-02-25T10:45:54.9553245Z ##[group]GITHUB_TOKEN Permissions
Handle Success	Set up job	2026-02-25T10:45:54.9558476Z Actions: write
Handle Success	Set up job	2026-02-25T10:45:54.9559879Z Contents: write
Handle Success	Set up job	2026-02-25T10:45:54.9560772Z Issues: write
Handle Success	Set up job	2026-02-25T10:45:54.9561588Z Metadata: read
Handle Success	Set up job	2026-02-25T10:45:54.9562383Z ##[endgroup]
Handle Success	Set up job	2026-02-25T10:45:54.9566746Z Secret source: Actions
Handle Success	Set up job	2026-02-25T10:45:54.9586523Z Prepare workflow directory
Handle Success	Set up job	2026-02-25T10:45:55.0813211Z Prepare all required actions
Handle Success	Set up job	2026-02-25T10:45:55.0970924Z Complete job name: Handle Success
Handle Success	Notify Success	Ôªø2026-02-25T10:45:55.2863700Z ##[group]Run echo "‚úÖ Workflow [Ka0S] GitHub ‚Üí iTop Sync completado correctamente."
Handle Success	Notify Success	2026-02-25T10:45:55.2866588Z [36;1mecho "‚úÖ Workflow [Ka0S] GitHub ‚Üí iTop Sync completado correctamente."[0m
Handle Success	Notify Success	2026-02-25T10:45:55.2935549Z shell: /usr/bin/bash -e {0}
Handle Success	Notify Success	2026-02-25T10:45:55.2937476Z env:
Handle Success	Notify Success	2026-02-25T10:45:55.2938650Z   KAOS_MODULE: [Ka0S] GitHub ‚Üí iTop Sync
Handle Success	Notify Success	2026-02-25T10:45:55.2939899Z   KAOS_CORRELATION_ID: 22393356017
Handle Success	Notify Success	2026-02-25T10:45:55.2940920Z   KAOS_ACTOR: ka0score
Handle Success	Notify Success	2026-02-25T10:45:55.2941719Z ##[endgroup]
Handle Success	Notify Success	2026-02-25T10:45:55.6475573Z ‚úÖ Workflow [Ka0S] GitHub ‚Üí iTop Sync completado correctamente.
Handle Success	Complete job	Ôªø2026-02-25T10:45:55.6729102Z Cleaning up orphan processes
end-workflow	Set up job	Ôªø2026-02-25T10:46:22.3517101Z Current runner version: '2.331.0'
end-workflow	Set up job	2026-02-25T10:46:22.3528191Z Runner name: 'swarm-runners-scaleset-hkss5-runner-4zsls'
end-workflow	Set up job	2026-02-25T10:46:22.3529193Z Runner group name: 'Default'
end-workflow	Set up job	2026-02-25T10:46:22.3530356Z Machine name: 'swarm-runners-scaleset-hkss5-runner-4zsls'
end-workflow	Set up job	2026-02-25T10:46:22.3535756Z ##[group]GITHUB_TOKEN Permissions
end-workflow	Set up job	2026-02-25T10:46:22.3538396Z Actions: write
end-workflow	Set up job	2026-02-25T10:46:22.3539045Z Contents: write
end-workflow	Set up job	2026-02-25T10:46:22.3539740Z Issues: write
end-workflow	Set up job	2026-02-25T10:46:22.3540387Z Metadata: read
end-workflow	Set up job	2026-02-25T10:46:22.3540929Z ##[endgroup]
end-workflow	Set up job	2026-02-25T10:46:22.3543422Z Secret source: Actions
end-workflow	Set up job	2026-02-25T10:46:22.3544189Z Prepare workflow directory
end-workflow	Set up job	2026-02-25T10:46:22.4176408Z Prepare all required actions
end-workflow	Set up job	2026-02-25T10:46:22.4220401Z Getting action download info
end-workflow	Set up job	2026-02-25T10:46:23.0282636Z Download action repository 'actions/checkout@v4' (SHA:34e114876b0b11c390a56381ad16ebd13914f8d5)
end-workflow	Set up job	2026-02-25T10:46:24.0463016Z Complete job name: end-workflow
end-workflow	Checkout Repository	Ôªø2026-02-25T10:46:24.1145262Z ##[group]Run actions/checkout@v4
end-workflow	Checkout Repository	2026-02-25T10:46:24.1146914Z with:
end-workflow	Checkout Repository	2026-02-25T10:46:24.1147335Z   fetch-depth: 0
end-workflow	Checkout Repository	2026-02-25T10:46:24.1147783Z   repository: Ka0s-Klaus/ka0s
end-workflow	Checkout Repository	2026-02-25T10:46:24.1148542Z   token: ***
end-workflow	Checkout Repository	2026-02-25T10:46:24.1148946Z   ssh-strict: true
end-workflow	Checkout Repository	2026-02-25T10:46:24.1149353Z   ssh-user: git
end-workflow	Checkout Repository	2026-02-25T10:46:24.1149771Z   persist-credentials: true
end-workflow	Checkout Repository	2026-02-25T10:46:24.1150236Z   clean: true
end-workflow	Checkout Repository	2026-02-25T10:46:24.1150656Z   sparse-checkout-cone-mode: true
end-workflow	Checkout Repository	2026-02-25T10:46:24.1151164Z   fetch-tags: false
end-workflow	Checkout Repository	2026-02-25T10:46:24.1151580Z   show-progress: true
end-workflow	Checkout Repository	2026-02-25T10:46:24.1152014Z   lfs: false
end-workflow	Checkout Repository	2026-02-25T10:46:24.1152694Z   submodules: false
end-workflow	Checkout Repository	2026-02-25T10:46:24.1153157Z   set-safe-directory: true
end-workflow	Checkout Repository	2026-02-25T10:46:24.1154002Z env:
end-workflow	Checkout Repository	2026-02-25T10:46:24.1154430Z   KAOS_MODULE: [Ka0S] GitHub ‚Üí iTop Sync
end-workflow	Checkout Repository	2026-02-25T10:46:24.1154983Z   KAOS_CORRELATION_ID: 22393356017
end-workflow	Checkout Repository	2026-02-25T10:46:24.1155480Z   KAOS_ACTOR: ka0score
end-workflow	Checkout Repository	2026-02-25T10:46:24.1155912Z ##[endgroup]
end-workflow	Checkout Repository	2026-02-25T10:46:24.2528897Z Syncing repository: Ka0s-Klaus/ka0s
end-workflow	Checkout Repository	2026-02-25T10:46:24.2530856Z ##[group]Getting Git version info
end-workflow	Checkout Repository	2026-02-25T10:46:24.2531566Z Working directory is '/home/runner/_work/ka0s/ka0s'
end-workflow	Checkout Repository	2026-02-25T10:46:24.2558221Z [command]/usr/bin/git version
end-workflow	Checkout Repository	2026-02-25T10:46:24.2559185Z git version 2.52.0
end-workflow	Checkout Repository	2026-02-25T10:46:24.2561017Z ##[endgroup]
end-workflow	Checkout Repository	2026-02-25T10:46:24.2580566Z Temporarily overriding HOME='/home/runner/_work/_temp/e1a6f38b-4f67-4793-b49e-84342cfb8f35' before making global git config changes
end-workflow	Checkout Repository	2026-02-25T10:46:24.2583747Z Adding repository directory to the temporary git global config as a safe directory
end-workflow	Checkout Repository	2026-02-25T10:46:24.2599575Z [command]/usr/bin/git config --global --add safe.directory /home/runner/_work/ka0s/ka0s
end-workflow	Checkout Repository	2026-02-25T10:46:24.2657120Z Deleting the contents of '/home/runner/_work/ka0s/ka0s'
end-workflow	Checkout Repository	2026-02-25T10:46:24.2663642Z ##[group]Initializing the repository
end-workflow	Checkout Repository	2026-02-25T10:46:24.2667926Z [command]/usr/bin/git init /home/runner/_work/ka0s/ka0s
end-workflow	Checkout Repository	2026-02-25T10:46:24.2741368Z hint: Using 'master' as the name for the initial branch. This default branch name
end-workflow	Checkout Repository	2026-02-25T10:46:24.2751016Z hint: will change to "main" in Git 3.0. To configure the initial branch name
end-workflow	Checkout Repository	2026-02-25T10:46:24.2751982Z hint: to use in all of your new repositories, which will suppress this warning,
end-workflow	Checkout Repository	2026-02-25T10:46:24.2753830Z hint: call:
end-workflow	Checkout Repository	2026-02-25T10:46:24.2754237Z hint:
end-workflow	Checkout Repository	2026-02-25T10:46:24.2754740Z hint: 	git config --global init.defaultBranch <name>
end-workflow	Checkout Repository	2026-02-25T10:46:24.2755447Z hint:
end-workflow	Checkout Repository	2026-02-25T10:46:24.2756265Z hint: Names commonly chosen instead of 'master' are 'main', 'trunk' and
end-workflow	Checkout Repository	2026-02-25T10:46:24.2757149Z hint: 'development'. The just-created branch can be renamed via this command:
end-workflow	Checkout Repository	2026-02-25T10:46:24.2757846Z hint:
end-workflow	Checkout Repository	2026-02-25T10:46:24.2758232Z hint: 	git branch -m <name>
end-workflow	Checkout Repository	2026-02-25T10:46:24.2758677Z hint:
end-workflow	Checkout Repository	2026-02-25T10:46:24.2759274Z hint: Disable this message with "git config set advice.defaultBranchName false"
end-workflow	Checkout Repository	2026-02-25T10:46:24.2760222Z Initialized empty Git repository in /home/runner/_work/ka0s/ka0s/.git/
end-workflow	Checkout Repository	2026-02-25T10:46:24.2776283Z [command]/usr/bin/git remote add origin https://github.com/Ka0s-Klaus/ka0s
end-workflow	Checkout Repository	2026-02-25T10:46:24.2832249Z ##[endgroup]
end-workflow	Checkout Repository	2026-02-25T10:46:24.2833903Z ##[group]Disabling automatic garbage collection
end-workflow	Checkout Repository	2026-02-25T10:46:24.2834585Z [command]/usr/bin/git config --local gc.auto 0
end-workflow	Checkout Repository	2026-02-25T10:46:24.2878395Z ##[endgroup]
end-workflow	Checkout Repository	2026-02-25T10:46:24.2879652Z ##[group]Setting up auth
end-workflow	Checkout Repository	2026-02-25T10:46:24.2883615Z [command]/usr/bin/git config --local --name-only --get-regexp core\.sshCommand
end-workflow	Checkout Repository	2026-02-25T10:46:24.2927451Z [command]/usr/bin/git submodule foreach --recursive sh -c "git config --local --name-only --get-regexp 'core\.sshCommand' && git config --local --unset-all 'core.sshCommand' || :"
end-workflow	Checkout Repository	2026-02-25T10:46:24.3291575Z [command]/usr/bin/git config --local --name-only --get-regexp http\.https\:\/\/github\.com\/\.extraheader
end-workflow	Checkout Repository	2026-02-25T10:46:24.3337294Z [command]/usr/bin/git submodule foreach --recursive sh -c "git config --local --name-only --get-regexp 'http\.https\:\/\/github\.com\/\.extraheader' && git config --local --unset-all 'http.https://github.com/.extraheader' || :"
end-workflow	Checkout Repository	2026-02-25T10:46:24.3685200Z [command]/usr/bin/git config --local --name-only --get-regexp ^includeIf\.gitdir:
end-workflow	Checkout Repository	2026-02-25T10:46:24.3729230Z [command]/usr/bin/git submodule foreach --recursive git config --local --show-origin --name-only --get-regexp remote.origin.url
end-workflow	Checkout Repository	2026-02-25T10:46:24.4113704Z [command]/usr/bin/git config --local http.https://github.com/.extraheader AUTHORIZATION: basic ***
end-workflow	Checkout Repository	2026-02-25T10:46:24.4164575Z ##[endgroup]
end-workflow	Checkout Repository	2026-02-25T10:46:24.4166085Z ##[group]Fetching the repository
end-workflow	Checkout Repository	2026-02-25T10:46:24.4173705Z [command]/usr/bin/git -c protocol.version=2 fetch --prune --no-recurse-submodules origin +refs/heads/*:refs/remotes/origin/* +refs/tags/*:refs/tags/*
end-workflow	Checkout Repository	2026-02-25T10:46:45.3906307Z From https://github.com/Ka0s-Klaus/ka0s
end-workflow	Checkout Repository	2026-02-25T10:46:45.3909172Z  * [new branch]          F3450-modelo-operativo -> origin/F3450-modelo-operativo
end-workflow	Checkout Repository	2026-02-25T10:46:45.3912048Z  * [new branch]          H1276-modulo-observabilidad -> origin/H1276-modulo-observabilidad
end-workflow	Checkout Repository	2026-02-25T10:46:45.3915563Z  * [new branch]          H3596-deploy-itop      -> origin/H3596-deploy-itop
end-workflow	Checkout Repository	2026-02-25T10:46:45.3916380Z  * [new branch]          H4170-flujo-detallado-zabbix---github -> origin/H4170-flujo-detallado-zabbix---github
end-workflow	Checkout Repository	2026-02-25T10:46:45.3917093Z  * [new branch]          H4191-request-cambios  -> origin/H4191-request-cambios
end-workflow	Checkout Repository	2026-02-25T10:46:45.3917984Z  * [new branch]          H4200-request-recomendaciones-de-auditoria -> origin/H4200-request-recomendaciones-de-auditoria
end-workflow	Checkout Repository	2026-02-25T10:46:45.3918702Z  * [new branch]          main                   -> origin/main
end-workflow	Checkout Repository	2026-02-25T10:46:45.3919178Z  * [new tag]             0.0.0                  -> 0.0.0
end-workflow	Checkout Repository	2026-02-25T10:46:45.3919622Z  * [new tag]             0.0.1                  -> 0.0.1
end-workflow	Checkout Repository	2026-02-25T10:46:45.3920005Z  * [new tag]             0.0.10                 -> 0.0.10
end-workflow	Checkout Repository	2026-02-25T10:46:45.3920395Z  * [new tag]             0.0.100                -> 0.0.100
end-workflow	Checkout Repository	2026-02-25T10:46:45.3920779Z  * [new tag]             0.0.101                -> 0.0.101
end-workflow	Checkout Repository	2026-02-25T10:46:45.3921182Z  * [new tag]             0.0.102                -> 0.0.102
end-workflow	Checkout Repository	2026-02-25T10:46:45.3921592Z  * [new tag]             0.0.103                -> 0.0.103
end-workflow	Checkout Repository	2026-02-25T10:46:45.3922007Z  * [new tag]             0.0.104                -> 0.0.104
end-workflow	Checkout Repository	2026-02-25T10:46:45.3922382Z  * [new tag]             0.0.105                -> 0.0.105
end-workflow	Checkout Repository	2026-02-25T10:46:45.3923008Z  * [new tag]             0.0.106                -> 0.0.106
end-workflow	Checkout Repository	2026-02-25T10:46:45.3923530Z  * [new tag]             0.0.107                -> 0.0.107
end-workflow	Checkout Repository	2026-02-25T10:46:45.3923915Z  * [new tag]             0.0.108                -> 0.0.108
end-workflow	Checkout Repository	2026-02-25T10:46:45.3924425Z  * [new tag]             0.0.109                -> 0.0.109
end-workflow	Checkout Repository	2026-02-25T10:46:45.3924809Z  * [new tag]             0.0.11                 -> 0.0.11
end-workflow	Checkout Repository	2026-02-25T10:46:45.3925201Z  * [new tag]             0.0.110                -> 0.0.110
end-workflow	Checkout Repository	2026-02-25T10:46:45.3925591Z  * [new tag]             0.0.111                -> 0.0.111
end-workflow	Checkout Repository	2026-02-25T10:46:45.3925977Z  * [new tag]             0.0.112                -> 0.0.112
end-workflow	Checkout Repository	2026-02-25T10:46:45.3926986Z  * [new tag]             0.0.113                -> 0.0.113
end-workflow	Checkout Repository	2026-02-25T10:46:45.3930325Z  * [new tag]             0.0.114                -> 0.0.114
end-workflow	Checkout Repository	2026-02-25T10:46:45.3930753Z  * [new tag]             0.0.115                -> 0.0.115
end-workflow	Checkout Repository	2026-02-25T10:46:45.3931138Z  * [new tag]             0.0.116                -> 0.0.116
end-workflow	Checkout Repository	2026-02-25T10:46:45.3931596Z  * [new tag]             0.0.117                -> 0.0.117
end-workflow	Checkout Repository	2026-02-25T10:46:45.3932041Z  * [new tag]             0.0.118                -> 0.0.118
end-workflow	Checkout Repository	2026-02-25T10:46:45.3932479Z  * [new tag]             0.0.119                -> 0.0.119
end-workflow	Checkout Repository	2026-02-25T10:46:45.3933019Z  * [new tag]             0.0.12                 -> 0.0.12
end-workflow	Checkout Repository	2026-02-25T10:46:45.3933393Z  * [new tag]             0.0.120                -> 0.0.120
end-workflow	Checkout Repository	2026-02-25T10:46:45.3933765Z  * [new tag]             0.0.121                -> 0.0.121
end-workflow	Checkout Repository	2026-02-25T10:46:45.3934136Z  * [new tag]             0.0.122                -> 0.0.122
end-workflow	Checkout Repository	2026-02-25T10:46:45.3934510Z  * [new tag]             0.0.123                -> 0.0.123
end-workflow	Checkout Repository	2026-02-25T10:46:45.3935283Z  * [new tag]             0.0.124                -> 0.0.124
end-workflow	Checkout Repository	2026-02-25T10:46:45.3935650Z  * [new tag]             0.0.125                -> 0.0.125
end-workflow	Checkout Repository	2026-02-25T10:46:45.3936023Z  * [new tag]             0.0.126                -> 0.0.126
end-workflow	Checkout Repository	2026-02-25T10:46:45.3936398Z  * [new tag]             0.0.127                -> 0.0.127
end-workflow	Checkout Repository	2026-02-25T10:46:45.3936772Z  * [new tag]             0.0.128                -> 0.0.128
end-workflow	Checkout Repository	2026-02-25T10:46:45.3937146Z  * [new tag]             0.0.129                -> 0.0.129
end-workflow	Checkout Repository	2026-02-25T10:46:45.3937592Z  * [new tag]             0.0.13                 -> 0.0.13
end-workflow	Checkout Repository	2026-02-25T10:46:45.3937978Z  * [new tag]             0.0.130                -> 0.0.130
end-workflow	Checkout Repository	2026-02-25T10:46:45.3938349Z  * [new tag]             0.0.131                -> 0.0.131
end-workflow	Checkout Repository	2026-02-25T10:46:45.3938883Z  * [new tag]             0.0.132                -> 0.0.132
end-workflow	Checkout Repository	2026-02-25T10:46:45.3940998Z  * [new tag]             0.0.133                -> 0.0.133
end-workflow	Checkout Repository	2026-02-25T10:46:45.3942070Z  * [new tag]             0.0.134                -> 0.0.134
end-workflow	Checkout Repository	2026-02-25T10:46:45.3943581Z  * [new tag]             0.0.135                -> 0.0.135
end-workflow	Checkout Repository	2026-02-25T10:46:45.3944777Z  * [new tag]             0.0.136                -> 0.0.136
end-workflow	Checkout Repository	2026-02-25T10:46:45.3946004Z  * [new tag]             0.0.137                -> 0.0.137
end-workflow	Checkout Repository	2026-02-25T10:46:45.4030547Z  * [new tag]             0.0.138                -> 0.0.138
end-workflow	Checkout Repository	2026-02-25T10:46:45.4033528Z  * [new tag]             0.0.139                -> 0.0.139
end-workflow	Checkout Repository	2026-02-25T10:46:45.4033980Z  * [new tag]             0.0.14                 -> 0.0.14
end-workflow	Checkout Repository	2026-02-25T10:46:45.4034358Z  * [new tag]             0.0.140                -> 0.0.140
end-workflow	Checkout Repository	2026-02-25T10:46:45.4034742Z  * [new tag]             0.0.141                -> 0.0.141
end-workflow	Checkout Repository	2026-02-25T10:46:45.4035118Z  * [new tag]             0.0.142                -> 0.0.142
end-workflow	Checkout Repository	2026-02-25T10:46:45.4035503Z  * [new tag]             0.0.143                -> 0.0.143
end-workflow	Checkout Repository	2026-02-25T10:46:45.4035878Z  * [new tag]             0.0.144                -> 0.0.144
end-workflow	Checkout Repository	2026-02-25T10:46:45.4036334Z  * [new tag]             0.0.145                -> 0.0.145
end-workflow	Checkout Repository	2026-02-25T10:46:45.4036718Z  * [new tag]             0.0.146                -> 0.0.146
end-workflow	Checkout Repository	2026-02-25T10:46:45.4037102Z  * [new tag]             0.0.147                -> 0.0.147
end-workflow	Checkout Repository	2026-02-25T10:46:45.4037483Z  * [new tag]             0.0.148                -> 0.0.148
end-workflow	Checkout Repository	2026-02-25T10:46:45.4037854Z  * [new tag]             0.0.149                -> 0.0.149
end-workflow	Checkout Repository	2026-02-25T10:46:45.4038244Z  * [new tag]             0.0.15                 -> 0.0.15
end-workflow	Checkout Repository	2026-02-25T10:46:45.4038635Z  * [new tag]             0.0.150                -> 0.0.150
end-workflow	Checkout Repository	2026-02-25T10:46:45.4039023Z  * [new tag]             0.0.151                -> 0.0.151
end-workflow	Checkout Repository	2026-02-25T10:46:45.4039413Z  * [new tag]             0.0.152                -> 0.0.152
end-workflow	Checkout Repository	2026-02-25T10:46:45.4039788Z  * [new tag]             0.0.153                -> 0.0.153
end-workflow	Checkout Repository	2026-02-25T10:46:45.4040167Z  * [new tag]             0.0.154                -> 0.0.154
end-workflow	Checkout Repository	2026-02-25T10:46:45.4040571Z  * [new tag]             0.0.155                -> 0.0.155
end-workflow	Checkout Repository	2026-02-25T10:46:45.4041382Z  * [new tag]             0.0.156                -> 0.0.156
end-workflow	Checkout Repository	2026-02-25T10:46:45.4041767Z  * [new tag]             0.0.157                -> 0.0.157
end-workflow	Checkout Repository	2026-02-25T10:46:45.4042136Z  * [new tag]             0.0.158                -> 0.0.158
end-workflow	Checkout Repository	2026-02-25T10:46:45.4042706Z  * [new tag]             0.0.159                -> 0.0.159
end-workflow	Checkout Repository	2026-02-25T10:46:45.4043101Z  * [new tag]             0.0.16                 -> 0.0.16
end-workflow	Checkout Repository	2026-02-25T10:46:45.4043480Z  * [new tag]             0.0.160                -> 0.0.160
end-workflow	Checkout Repository	2026-02-25T10:46:45.4043877Z  * [new tag]             0.0.161                -> 0.0.161
end-workflow	Checkout Repository	2026-02-25T10:46:45.4044254Z  * [new tag]             0.0.162                -> 0.0.162
end-workflow	Checkout Repository	2026-02-25T10:46:45.4044675Z  * [new tag]             0.0.163                -> 0.0.163
end-workflow	Checkout Repository	2026-02-25T10:46:45.4045084Z  * [new tag]             0.0.164                -> 0.0.164
end-workflow	Checkout Repository	2026-02-25T10:46:45.4045455Z  * [new tag]             0.0.165                -> 0.0.165
end-workflow	Checkout Repository	2026-02-25T10:46:45.4046088Z  * [new tag]             0.0.166                -> 0.0.166
end-workflow	Checkout Repository	2026-02-25T10:46:45.4046479Z  * [new tag]             0.0.167                -> 0.0.167
end-workflow	Checkout Repository	2026-02-25T10:46:45.4046854Z  * [new tag]             0.0.168                -> 0.0.168
end-workflow	Checkout Repository	2026-02-25T10:46:45.4047344Z  * [new tag]             0.0.169                -> 0.0.169
end-workflow	Checkout Repository	2026-02-25T10:46:45.4047711Z  * [new tag]             0.0.17                 -> 0.0.17
end-workflow	Checkout Repository	2026-02-25T10:46:45.4048069Z  * [new tag]             0.0.170                -> 0.0.170
end-workflow	Checkout Repository	2026-02-25T10:46:45.4048434Z  * [new tag]             0.0.171                -> 0.0.171
end-workflow	Checkout Repository	2026-02-25T10:46:45.4048792Z  * [new tag]             0.0.172                -> 0.0.172
end-workflow	Checkout Repository	2026-02-25T10:46:45.4049154Z  * [new tag]             0.0.173                -> 0.0.173
end-workflow	Checkout Repository	2026-02-25T10:46:45.4049512Z  * [new tag]             0.0.174                -> 0.0.174
end-workflow	Checkout Repository	2026-02-25T10:46:45.4049875Z  * [new tag]             0.0.175                -> 0.0.175
end-workflow	Checkout Repository	2026-02-25T10:46:45.4050235Z  * [new tag]             0.0.176                -> 0.0.176
end-workflow	Checkout Repository	2026-02-25T10:46:45.4050610Z  * [new tag]             0.0.177                -> 0.0.177
end-workflow	Checkout Repository	2026-02-25T10:46:45.4050971Z  * [new tag]             0.0.178                -> 0.0.178
end-workflow	Checkout Repository	2026-02-25T10:46:45.4051324Z  * [new tag]             0.0.179                -> 0.0.179
end-workflow	Checkout Repository	2026-02-25T10:46:45.4051689Z  * [new tag]             0.0.18                 -> 0.0.18
end-workflow	Checkout Repository	2026-02-25T10:46:45.4052051Z  * [new tag]             0.0.19                 -> 0.0.19
end-workflow	Checkout Repository	2026-02-25T10:46:45.4052695Z  * [new tag]             0.0.2                  -> 0.0.2
end-workflow	Checkout Repository	2026-02-25T10:46:45.4053091Z  * [new tag]             0.0.20                 -> 0.0.20
end-workflow	Checkout Repository	2026-02-25T10:46:45.4053584Z  * [new tag]             0.0.21                 -> 0.0.21
end-workflow	Checkout Repository	2026-02-25T10:46:45.4053953Z  * [new tag]             0.0.22                 -> 0.0.22
end-workflow	Checkout Repository	2026-02-25T10:46:45.4054310Z  * [new tag]             0.0.23                 -> 0.0.23
end-workflow	Checkout Repository	2026-02-25T10:46:45.4054669Z  * [new tag]             0.0.24                 -> 0.0.24
end-workflow	Checkout Repository	2026-02-25T10:46:45.4055036Z  * [new tag]             0.0.25                 -> 0.0.25
end-workflow	Checkout Repository	2026-02-25T10:46:45.4055406Z  * [new tag]             0.0.26                 -> 0.0.26
end-workflow	Checkout Repository	2026-02-25T10:46:45.4055766Z  * [new tag]             0.0.27                 -> 0.0.27
end-workflow	Checkout Repository	2026-02-25T10:46:45.4056120Z  * [new tag]             0.0.28                 -> 0.0.28
end-workflow	Checkout Repository	2026-02-25T10:46:45.4056480Z  * [new tag]             0.0.29                 -> 0.0.29
end-workflow	Checkout Repository	2026-02-25T10:46:45.4056839Z  * [new tag]             0.0.3                  -> 0.0.3
end-workflow	Checkout Repository	2026-02-25T10:46:45.4057199Z  * [new tag]             0.0.30                 -> 0.0.30
end-workflow	Checkout Repository	2026-02-25T10:46:45.4057574Z  * [new tag]             0.0.31                 -> 0.0.31
end-workflow	Checkout Repository	2026-02-25T10:46:45.4057937Z  * [new tag]             0.0.32                 -> 0.0.32
end-workflow	Checkout Repository	2026-02-25T10:46:45.4058297Z  * [new tag]             0.0.33                 -> 0.0.33
end-workflow	Checkout Repository	2026-02-25T10:46:45.4058654Z  * [new tag]             0.0.34                 -> 0.0.34
end-workflow	Checkout Repository	2026-02-25T10:46:45.4059021Z  * [new tag]             0.0.35                 -> 0.0.35
end-workflow	Checkout Repository	2026-02-25T10:46:45.4059385Z  * [new tag]             0.0.36                 -> 0.0.36
end-workflow	Checkout Repository	2026-02-25T10:46:45.4059983Z  * [new tag]             0.0.37                 -> 0.0.37
end-workflow	Checkout Repository	2026-02-25T10:46:45.4060346Z  * [new tag]             0.0.38                 -> 0.0.38
end-workflow	Checkout Repository	2026-02-25T10:46:45.4060710Z  * [new tag]             0.0.39                 -> 0.0.39
end-workflow	Checkout Repository	2026-02-25T10:46:45.4061076Z  * [new tag]             0.0.4                  -> 0.0.4
end-workflow	Checkout Repository	2026-02-25T10:46:45.4061432Z  * [new tag]             0.0.40                 -> 0.0.40
end-workflow	Checkout Repository	2026-02-25T10:46:45.4061795Z  * [new tag]             0.0.41                 -> 0.0.41
end-workflow	Checkout Repository	2026-02-25T10:46:45.4062151Z  * [new tag]             0.0.42                 -> 0.0.42
end-workflow	Checkout Repository	2026-02-25T10:46:45.4062793Z  * [new tag]             0.0.43                 -> 0.0.43
end-workflow	Checkout Repository	2026-02-25T10:46:45.4063174Z  * [new tag]             0.0.44                 -> 0.0.44
end-workflow	Checkout Repository	2026-02-25T10:46:45.4063669Z  * [new tag]             0.0.45                 -> 0.0.45
end-workflow	Checkout Repository	2026-02-25T10:46:45.4064034Z  * [new tag]             0.0.46                 -> 0.0.46
end-workflow	Checkout Repository	2026-02-25T10:46:45.4064608Z  * [new tag]             0.0.47                 -> 0.0.47
end-workflow	Checkout Repository	2026-02-25T10:46:45.4064974Z  * [new tag]             0.0.48                 -> 0.0.48
end-workflow	Checkout Repository	2026-02-25T10:46:45.4065328Z  * [new tag]             0.0.49                 -> 0.0.49
end-workflow	Checkout Repository	2026-02-25T10:46:45.4065693Z  * [new tag]             0.0.5                  -> 0.0.5
end-workflow	Checkout Repository	2026-02-25T10:46:45.4066048Z  * [new tag]             0.0.50                 -> 0.0.50
end-workflow	Checkout Repository	2026-02-25T10:46:45.4066412Z  * [new tag]             0.0.51                 -> 0.0.51
end-workflow	Checkout Repository	2026-02-25T10:46:45.4066773Z  * [new tag]             0.0.52                 -> 0.0.52
end-workflow	Checkout Repository	2026-02-25T10:46:45.4067129Z  * [new tag]             0.0.53                 -> 0.0.53
end-workflow	Checkout Repository	2026-02-25T10:46:45.4067488Z  * [new tag]             0.0.54                 -> 0.0.54
end-workflow	Checkout Repository	2026-02-25T10:46:45.4067846Z  * [new tag]             0.0.55                 -> 0.0.55
end-workflow	Checkout Repository	2026-02-25T10:46:45.4068210Z  * [new tag]             0.0.56                 -> 0.0.56
end-workflow	Checkout Repository	2026-02-25T10:46:45.4068567Z  * [new tag]             0.0.57                 -> 0.0.57
end-workflow	Checkout Repository	2026-02-25T10:46:45.4068942Z  * [new tag]             0.0.58                 -> 0.0.58
end-workflow	Checkout Repository	2026-02-25T10:46:45.4069307Z  * [new tag]             0.0.59                 -> 0.0.59
end-workflow	Checkout Repository	2026-02-25T10:46:45.4069677Z  * [new tag]             0.0.6                  -> 0.0.6
end-workflow	Checkout Repository	2026-02-25T10:46:45.4070054Z  * [new tag]             0.0.60                 -> 0.0.60
end-workflow	Checkout Repository	2026-02-25T10:46:45.4070418Z  * [new tag]             0.0.61                 -> 0.0.61
end-workflow	Checkout Repository	2026-02-25T10:46:45.4070800Z  * [new tag]             0.0.62                 -> 0.0.62
end-workflow	Checkout Repository	2026-02-25T10:46:45.4071177Z  * [new tag]             0.0.63                 -> 0.0.63
end-workflow	Checkout Repository	2026-02-25T10:46:45.4071560Z  * [new tag]             0.0.64                 -> 0.0.64
end-workflow	Checkout Repository	2026-02-25T10:46:45.4071944Z  * [new tag]             0.0.65                 -> 0.0.65
end-workflow	Checkout Repository	2026-02-25T10:46:45.4072315Z  * [new tag]             0.0.66                 -> 0.0.66
end-workflow	Checkout Repository	2026-02-25T10:46:45.4073001Z  * [new tag]             0.0.67                 -> 0.0.67
end-workflow	Checkout Repository	2026-02-25T10:46:45.4073409Z  * [new tag]             0.0.68                 -> 0.0.68
end-workflow	Checkout Repository	2026-02-25T10:46:45.4073958Z  * [new tag]             0.0.69                 -> 0.0.69
end-workflow	Checkout Repository	2026-02-25T10:46:45.4074350Z  * [new tag]             0.0.7                  -> 0.0.7
end-workflow	Checkout Repository	2026-02-25T10:46:45.4074750Z  * [new tag]             0.0.70                 -> 0.0.70
end-workflow	Checkout Repository	2026-02-25T10:46:45.4075154Z  * [new tag]             0.0.71                 -> 0.0.71
end-workflow	Checkout Repository	2026-02-25T10:46:45.4075535Z  * [new tag]             0.0.72                 -> 0.0.72
end-workflow	Checkout Repository	2026-02-25T10:46:45.4075900Z  * [new tag]             0.0.73                 -> 0.0.73
end-workflow	Checkout Repository	2026-02-25T10:46:45.4076276Z  * [new tag]             0.0.74                 -> 0.0.74
end-workflow	Checkout Repository	2026-02-25T10:46:45.4076653Z  * [new tag]             0.0.75                 -> 0.0.75
end-workflow	Checkout Repository	2026-02-25T10:46:45.4077045Z  * [new tag]             0.0.76                 -> 0.0.76
end-workflow	Checkout Repository	2026-02-25T10:46:45.4077425Z  * [new tag]             0.0.77                 -> 0.0.77
end-workflow	Checkout Repository	2026-02-25T10:46:45.4077817Z  * [new tag]             0.0.78                 -> 0.0.78
end-workflow	Checkout Repository	2026-02-25T10:46:45.4078241Z  * [new tag]             0.0.79                 -> 0.0.79
end-workflow	Checkout Repository	2026-02-25T10:46:45.4079062Z  * [new tag]             0.0.8                  -> 0.0.8
end-workflow	Checkout Repository	2026-02-25T10:46:45.4079431Z  * [new tag]             0.0.80                 -> 0.0.80
end-workflow	Checkout Repository	2026-02-25T10:46:45.4079795Z  * [new tag]             0.0.81                 -> 0.0.81
end-workflow	Checkout Repository	2026-02-25T10:46:45.4080157Z  * [new tag]             0.0.82                 -> 0.0.82
end-workflow	Checkout Repository	2026-02-25T10:46:45.4080519Z  * [new tag]             0.0.83                 -> 0.0.83
end-workflow	Checkout Repository	2026-02-25T10:46:45.4080871Z  * [new tag]             0.0.84                 -> 0.0.84
end-workflow	Checkout Repository	2026-02-25T10:46:45.4081240Z  * [new tag]             0.0.85                 -> 0.0.85
end-workflow	Checkout Repository	2026-02-25T10:46:45.4081600Z  * [new tag]             0.0.86                 -> 0.0.86
end-workflow	Checkout Repository	2026-02-25T10:46:45.4081954Z  * [new tag]             0.0.87                 -> 0.0.87
end-workflow	Checkout Repository	2026-02-25T10:46:45.4082317Z  * [new tag]             0.0.88                 -> 0.0.88
end-workflow	Checkout Repository	2026-02-25T10:46:45.4083011Z  * [new tag]             0.0.89                 -> 0.0.89
end-workflow	Checkout Repository	2026-02-25T10:46:45.4083760Z  * [new tag]             0.0.9                  -> 0.0.9
end-workflow	Checkout Repository	2026-02-25T10:46:45.4084126Z  * [new tag]             0.0.90                 -> 0.0.90
end-workflow	Checkout Repository	2026-02-25T10:46:45.4084496Z  * [new tag]             0.0.91                 -> 0.0.91
end-workflow	Checkout Repository	2026-02-25T10:46:45.4084854Z  * [new tag]             0.0.92                 -> 0.0.92
end-workflow	Checkout Repository	2026-02-25T10:46:45.4085219Z  * [new tag]             0.0.93                 -> 0.0.93
end-workflow	Checkout Repository	2026-02-25T10:46:45.4085582Z  * [new tag]             0.0.94                 -> 0.0.94
end-workflow	Checkout Repository	2026-02-25T10:46:45.4085937Z  * [new tag]             0.0.95                 -> 0.0.95
end-workflow	Checkout Repository	2026-02-25T10:46:45.4086301Z  * [new tag]             0.0.96                 -> 0.0.96
end-workflow	Checkout Repository	2026-02-25T10:46:45.4086660Z  * [new tag]             0.0.97                 -> 0.0.97
end-workflow	Checkout Repository	2026-02-25T10:46:45.4087021Z  * [new tag]             0.0.98                 -> 0.0.98
end-workflow	Checkout Repository	2026-02-25T10:46:45.4087381Z  * [new tag]             0.0.99                 -> 0.0.99
end-workflow	Checkout Repository	2026-02-25T10:46:45.4088046Z  * [new tag]             0.1.0                  -> 0.1.0
end-workflow	Checkout Repository	2026-02-25T10:46:45.4088460Z  * [new tag]             0.1.1                  -> 0.1.1
end-workflow	Checkout Repository	2026-02-25T10:46:45.4088825Z  * [new tag]             0.2.0                  -> 0.2.0
end-workflow	Checkout Repository	2026-02-25T10:46:45.4089319Z  * [new tag]             0.3.0                  -> 0.3.0
end-workflow	Checkout Repository	2026-02-25T10:46:45.4089673Z  * [new tag]             0.3.1                  -> 0.3.1
end-workflow	Checkout Repository	2026-02-25T10:46:45.4090056Z  * [new tag]             0.3.10                 -> 0.3.10
end-workflow	Checkout Repository	2026-02-25T10:46:45.4090424Z  * [new tag]             0.3.11                 -> 0.3.11
end-workflow	Checkout Repository	2026-02-25T10:46:45.4090791Z  * [new tag]             0.3.12                 -> 0.3.12
end-workflow	Checkout Repository	2026-02-25T10:46:45.4091155Z  * [new tag]             0.3.13                 -> 0.3.13
end-workflow	Checkout Repository	2026-02-25T10:46:45.4091526Z  * [new tag]             0.3.14                 -> 0.3.14
end-workflow	Checkout Repository	2026-02-25T10:46:45.4091880Z  * [new tag]             0.3.15                 -> 0.3.15
end-workflow	Checkout Repository	2026-02-25T10:46:45.4092239Z  * [new tag]             0.3.16                 -> 0.3.16
end-workflow	Checkout Repository	2026-02-25T10:46:45.4093246Z  * [new tag]             0.3.17                 -> 0.3.17
end-workflow	Checkout Repository	2026-02-25T10:46:45.4093785Z  * [new tag]             0.3.2                  -> 0.3.2
end-workflow	Checkout Repository	2026-02-25T10:46:45.4094147Z  * [new tag]             0.3.3                  -> 0.3.3
end-workflow	Checkout Repository	2026-02-25T10:46:45.4094505Z  * [new tag]             0.3.4                  -> 0.3.4
end-workflow	Checkout Repository	2026-02-25T10:46:45.4094870Z  * [new tag]             0.3.5                  -> 0.3.5
end-workflow	Checkout Repository	2026-02-25T10:46:45.4095222Z  * [new tag]             0.3.6                  -> 0.3.6
end-workflow	Checkout Repository	2026-02-25T10:46:45.4095583Z  * [new tag]             0.3.7                  -> 0.3.7
end-workflow	Checkout Repository	2026-02-25T10:46:45.4095940Z  * [new tag]             0.3.8                  -> 0.3.8
end-workflow	Checkout Repository	2026-02-25T10:46:45.4096299Z  * [new tag]             0.3.9                  -> 0.3.9
end-workflow	Checkout Repository	2026-02-25T10:46:45.4096660Z  * [new tag]             0.4.0                  -> 0.4.0
end-workflow	Checkout Repository	2026-02-25T10:46:45.4097014Z  * [new tag]             0.4.1                  -> 0.4.1
end-workflow	Checkout Repository	2026-02-25T10:46:45.4097377Z  * [new tag]             0.4.2                  -> 0.4.2
end-workflow	Checkout Repository	2026-02-25T10:46:45.4097736Z  * [new tag]             0.4.3                  -> 0.4.3
end-workflow	Checkout Repository	2026-02-25T10:46:45.4098362Z  * [new tag]             0.4.4                  -> 0.4.4
end-workflow	Checkout Repository	2026-02-25T10:46:45.4098718Z  * [new tag]             0.4.5                  -> 0.4.5
end-workflow	Checkout Repository	2026-02-25T10:46:45.4099079Z  * [new tag]             0.4.6                  -> 0.4.6
end-workflow	Checkout Repository	2026-02-25T10:46:45.4099435Z  * [new tag]             0.4.7                  -> 0.4.7
end-workflow	Checkout Repository	2026-02-25T10:46:45.4099786Z  * [new tag]             0.4.8                  -> 0.4.8
end-workflow	Checkout Repository	2026-02-25T10:46:45.4100143Z  * [new tag]             0.4.9                  -> 0.4.9
end-workflow	Checkout Repository	2026-02-25T10:46:45.4100495Z  * [new tag]             0.5.0                  -> 0.5.0
end-workflow	Checkout Repository	2026-02-25T10:46:45.4100854Z  * [new tag]             0.5.1                  -> 0.5.1
end-workflow	Checkout Repository	2026-02-25T10:46:45.4101208Z  * [new tag]             0.5.2                  -> 0.5.2
end-workflow	Checkout Repository	2026-02-25T10:46:45.4101566Z  * [new tag]             0.6.0                  -> 0.6.0
end-workflow	Checkout Repository	2026-02-25T10:46:45.4101928Z  * [new tag]             0.6.1                  -> 0.6.1
end-workflow	Checkout Repository	2026-02-25T10:46:45.4102281Z  * [new tag]             0.6.2                  -> 0.6.2
end-workflow	Checkout Repository	2026-02-25T10:46:45.4103190Z  * [new tag]             0.6.3                  -> 0.6.3
end-workflow	Checkout Repository	2026-02-25T10:46:45.4103559Z  * [new tag]             0.6.4                  -> 0.6.4
end-workflow	Checkout Repository	2026-02-25T10:46:45.4103924Z  * [new tag]             0.6.5                  -> 0.6.5
end-workflow	Checkout Repository	2026-02-25T10:46:45.4104287Z  * [new tag]             0.6.6                  -> 0.6.6
end-workflow	Checkout Repository	2026-02-25T10:46:45.4329188Z [command]/usr/bin/git branch --list --remote origin/main
end-workflow	Checkout Repository	2026-02-25T10:46:45.4408488Z   origin/main
end-workflow	Checkout Repository	2026-02-25T10:46:45.4417935Z [command]/usr/bin/git rev-parse refs/remotes/origin/main
end-workflow	Checkout Repository	2026-02-25T10:46:45.4451184Z 212603828d8e378bc0f226a3bf00965c9149ee0a
end-workflow	Checkout Repository	2026-02-25T10:46:45.4465609Z [command]/usr/bin/git -c protocol.version=2 fetch --no-tags --prune --no-recurse-submodules origin +808cf9f41fde697e6ce0203740c9de4e9dc2dab5:refs/remotes/origin/main
end-workflow	Checkout Repository	2026-02-25T10:46:45.4661925Z From https://github.com/Ka0s-Klaus/ka0s
end-workflow	Checkout Repository	2026-02-25T10:46:45.4663766Z  + 212603828...808cf9f41 808cf9f41fde697e6ce0203740c9de4e9dc2dab5 -> origin/main  (forced update)
end-workflow	Checkout Repository	2026-02-25T10:46:45.4703859Z ##[endgroup]
end-workflow	Checkout Repository	2026-02-25T10:46:45.4704455Z ##[group]Determining the checkout info
end-workflow	Checkout Repository	2026-02-25T10:46:45.4704948Z ##[endgroup]
end-workflow	Checkout Repository	2026-02-25T10:46:45.4709473Z [command]/usr/bin/git sparse-checkout disable
end-workflow	Checkout Repository	2026-02-25T10:46:45.4765268Z [command]/usr/bin/git config --local --unset-all extensions.worktreeConfig
end-workflow	Checkout Repository	2026-02-25T10:46:45.4809807Z ##[group]Checking out the ref
end-workflow	Checkout Repository	2026-02-25T10:46:45.4813033Z [command]/usr/bin/git checkout --progress --force -B main refs/remotes/origin/main
end-workflow	Checkout Repository	2026-02-25T10:46:45.7408953Z Switched to a new branch 'main'
end-workflow	Checkout Repository	2026-02-25T10:46:45.7413262Z branch 'main' set up to track 'origin/main'.
end-workflow	Checkout Repository	2026-02-25T10:46:45.7458535Z ##[endgroup]
end-workflow	Checkout Repository	2026-02-25T10:46:45.7516672Z [command]/usr/bin/git log -1 --format=%H
end-workflow	Checkout Repository	2026-02-25T10:46:45.7553760Z 808cf9f41fde697e6ce0203740c9de4e9dc2dab5
end-workflow	Install GH CLI	Ôªø2026-02-25T10:46:45.7858199Z Prepare all required actions
end-workflow	Install GH CLI	2026-02-25T10:46:45.7941972Z ##[group]Run ./.github/actions/install-gh-cli
end-workflow	Install GH CLI	2026-02-25T10:46:45.7942378Z env:
end-workflow	Install GH CLI	2026-02-25T10:46:45.7947170Z   KAOS_MODULE: [Ka0S] GitHub ‚Üí iTop Sync
end-workflow	Install GH CLI	2026-02-25T10:46:45.7947528Z   KAOS_CORRELATION_ID: 22393356017
end-workflow	Install GH CLI	2026-02-25T10:46:45.7947808Z   KAOS_ACTOR: ka0score
end-workflow	Install GH CLI	2026-02-25T10:46:45.7948043Z ##[endgroup]
end-workflow	Install GH CLI	2026-02-25T10:46:45.8081797Z ##[group]Run type -p curl >/dev/null || (sudo apt-get update && sudo apt-get install curl -y)
end-workflow	Install GH CLI	2026-02-25T10:46:45.8082768Z [36;1mtype -p curl >/dev/null || (sudo apt-get update && sudo apt-get install curl -y)[0m
end-workflow	Install GH CLI	2026-02-25T10:46:45.8083817Z [36;1mcurl -fsSL https://cli.github.com/packages/githubcli-archive-keyring.gpg | sudo dd of=/usr/share/keyrings/githubcli-archive-keyring.gpg \[0m
end-workflow	Install GH CLI	2026-02-25T10:46:45.8084692Z [36;1m&& sudo chmod go+r /usr/share/keyrings/githubcli-archive-keyring.gpg \[0m
end-workflow	Install GH CLI	2026-02-25T10:46:45.8085800Z [36;1m&& echo "deb [arch=$(dpkg --print-architecture) signed-by=/usr/share/keyrings/githubcli-archive-keyring.gpg] https://cli.github.com/packages stable main" | sudo tee /etc/apt/sources.list.d/github-cli.list > /dev/null \[0m
end-workflow	Install GH CLI	2026-02-25T10:46:45.8087151Z [36;1m&& sudo apt-get update \[0m
end-workflow	Install GH CLI	2026-02-25T10:46:45.8088389Z [36;1m&& sudo apt-get install gh -y[0m
end-workflow	Install GH CLI	2026-02-25T10:46:45.8111438Z shell: /usr/bin/bash --noprofile --norc -e -o pipefail {0}
end-workflow	Install GH CLI	2026-02-25T10:46:45.8111924Z env:
end-workflow	Install GH CLI	2026-02-25T10:46:45.8112217Z   KAOS_MODULE: [Ka0S] GitHub ‚Üí iTop Sync
end-workflow	Install GH CLI	2026-02-25T10:46:45.8112802Z   KAOS_CORRELATION_ID: 22393356017
end-workflow	Install GH CLI	2026-02-25T10:46:45.8113113Z   KAOS_ACTOR: ka0score
end-workflow	Install GH CLI	2026-02-25T10:46:45.8113360Z ##[endgroup]
end-workflow	Install GH CLI	2026-02-25T10:46:45.8936101Z 4+1 records in
end-workflow	Install GH CLI	2026-02-25T10:46:45.8938650Z 4+1 records out
end-workflow	Install GH CLI	2026-02-25T10:46:45.8940660Z 2270 bytes (2.3 kB, 2.2 KiB) copied, 0.0576219 s, 39.4 kB/s
end-workflow	Install GH CLI	2026-02-25T10:46:46.0714620Z Get:1 https://cli.github.com/packages stable InRelease [3917 B]
end-workflow	Install GH CLI	2026-02-25T10:46:46.0816939Z Get:2 http://security.ubuntu.com/ubuntu noble-security InRelease [126 kB]
end-workflow	Install GH CLI	2026-02-25T10:46:46.1273825Z Get:3 http://archive.ubuntu.com/ubuntu noble InRelease [256 kB]
end-workflow	Install GH CLI	2026-02-25T10:46:46.1634342Z Get:4 https://cli.github.com/packages stable/main amd64 Packages [357 B]
end-workflow	Install GH CLI	2026-02-25T10:46:46.2183975Z Get:5 https://ppa.launchpadcontent.net/git-core/ppa/ubuntu noble InRelease [24.3 kB]
end-workflow	Install GH CLI	2026-02-25T10:46:46.2661444Z Get:6 http://security.ubuntu.com/ubuntu noble-security/multiverse amd64 Packages [34.8 kB]
end-workflow	Install GH CLI	2026-02-25T10:46:46.2971731Z Get:7 http://security.ubuntu.com/ubuntu noble-security/universe amd64 Packages [1208 kB]
end-workflow	Install GH CLI	2026-02-25T10:46:46.3416141Z Get:8 https://ppa.launchpadcontent.net/git-core/ppa/ubuntu noble/main amd64 Packages [2992 B]
end-workflow	Install GH CLI	2026-02-25T10:46:46.3923798Z Get:9 http://security.ubuntu.com/ubuntu noble-security/main amd64 Packages [1879 kB]
end-workflow	Install GH CLI	2026-02-25T10:46:46.4283753Z Get:10 http://security.ubuntu.com/ubuntu noble-security/restricted amd64 Packages [3246 kB]
end-workflow	Install GH CLI	2026-02-25T10:46:46.4363698Z Get:11 http://archive.ubuntu.com/ubuntu noble-updates InRelease [126 kB]
end-workflow	Install GH CLI	2026-02-25T10:46:46.5097428Z Get:12 http://archive.ubuntu.com/ubuntu noble-backports InRelease [126 kB]
end-workflow	Install GH CLI	2026-02-25T10:46:46.5921938Z Get:13 http://archive.ubuntu.com/ubuntu noble/universe amd64 Packages [19.3 MB]
end-workflow	Install GH CLI	2026-02-25T10:46:47.0436491Z Get:14 http://archive.ubuntu.com/ubuntu noble/main amd64 Packages [1808 kB]
end-workflow	Install GH CLI	2026-02-25T10:46:47.0555541Z Get:15 http://archive.ubuntu.com/ubuntu noble/multiverse amd64 Packages [331 kB]
end-workflow	Install GH CLI	2026-02-25T10:46:47.0589109Z Get:16 http://archive.ubuntu.com/ubuntu noble/restricted amd64 Packages [117 kB]
end-workflow	Install GH CLI	2026-02-25T10:46:47.1149693Z Get:17 http://archive.ubuntu.com/ubuntu noble-updates/multiverse amd64 Packages [38.1 kB]
end-workflow	Install GH CLI	2026-02-25T10:46:47.1168661Z Get:18 http://archive.ubuntu.com/ubuntu noble-updates/main amd64 Packages [2276 kB]
end-workflow	Install GH CLI	2026-02-25T10:46:47.2038951Z Get:19 http://archive.ubuntu.com/ubuntu noble-updates/universe amd64 Packages [2017 kB]
end-workflow	Install GH CLI	2026-02-25T10:46:47.2537923Z Get:20 http://archive.ubuntu.com/ubuntu noble-updates/restricted amd64 Packages [3471 kB]
end-workflow	Install GH CLI	2026-02-25T10:46:47.3254806Z Get:21 http://archive.ubuntu.com/ubuntu noble-backports/universe amd64 Packages [34.6 kB]
end-workflow	Install GH CLI	2026-02-25T10:46:47.3256016Z Get:22 http://archive.ubuntu.com/ubuntu noble-backports/main amd64 Packages [49.5 kB]
end-workflow	Install GH CLI	2026-02-25T10:46:48.3161931Z Fetched 36.5 MB in 2s (15.8 MB/s)
end-workflow	Install GH CLI	2026-02-25T10:46:49.3203292Z Reading package lists...
end-workflow	Install GH CLI	2026-02-25T10:46:50.3686792Z Reading package lists...
end-workflow	Install GH CLI	2026-02-25T10:46:50.6253550Z Building dependency tree...
end-workflow	Install GH CLI	2026-02-25T10:46:50.6254719Z Reading state information...
end-workflow	Install GH CLI	2026-02-25T10:46:51.0291173Z The following NEW packages will be installed:
end-workflow	Install GH CLI	2026-02-25T10:46:51.0314778Z   gh
end-workflow	Install GH CLI	2026-02-25T10:46:51.1275231Z 0 upgraded, 1 newly installed, 0 to remove and 31 not upgraded.
end-workflow	Install GH CLI	2026-02-25T10:46:51.1275670Z Need to get 13.8 MB of archives.
end-workflow	Install GH CLI	2026-02-25T10:46:51.1276022Z After this operation, 38.5 MB of additional disk space will be used.
end-workflow	Install GH CLI	2026-02-25T10:46:51.1276567Z Get:1 https://cli.github.com/packages stable/main amd64 gh amd64 2.87.3 [13.8 MB]
end-workflow	Install GH CLI	2026-02-25T10:46:51.4773848Z debconf: delaying package configuration, since apt-utils is not installed
end-workflow	Install GH CLI	2026-02-25T10:46:51.5248167Z Fetched 13.8 MB in 0s (53.5 MB/s)
end-workflow	Install GH CLI	2026-02-25T10:46:51.5544537Z Selecting previously unselected package gh.
end-workflow	Install GH CLI	2026-02-25T10:46:51.5582295Z (Reading database ... 
end-workflow	Install GH CLI	2026-02-25T10:46:51.5583161Z (Reading database ... 5%
end-workflow	Install GH CLI	2026-02-25T10:46:51.5583406Z (Reading database ... 10%
end-workflow	Install GH CLI	2026-02-25T10:46:51.5583628Z (Reading database ... 15%
end-workflow	Install GH CLI	2026-02-25T10:46:51.5583850Z (Reading database ... 20%
end-workflow	Install GH CLI	2026-02-25T10:46:51.5584066Z (Reading database ... 25%
end-workflow	Install GH CLI	2026-02-25T10:46:51.5584280Z (Reading database ... 30%
end-workflow	Install GH CLI	2026-02-25T10:46:51.5584496Z (Reading database ... 35%
end-workflow	Install GH CLI	2026-02-25T10:46:51.5584706Z (Reading database ... 40%
end-workflow	Install GH CLI	2026-02-25T10:46:51.5584925Z (Reading database ... 45%
end-workflow	Install GH CLI	2026-02-25T10:46:51.5585136Z (Reading database ... 50%
end-workflow	Install GH CLI	2026-02-25T10:46:51.5585350Z (Reading database ... 55%
end-workflow	Install GH CLI	2026-02-25T10:46:51.5585561Z (Reading database ... 60%
end-workflow	Install GH CLI	2026-02-25T10:46:51.5591683Z (Reading database ... 65%
end-workflow	Install GH CLI	2026-02-25T10:46:51.5615477Z (Reading database ... 70%
end-workflow	Install GH CLI	2026-02-25T10:46:51.5620959Z (Reading database ... 75%
end-workflow	Install GH CLI	2026-02-25T10:46:51.5635778Z (Reading database ... 80%
end-workflow	Install GH CLI	2026-02-25T10:46:51.5641136Z (Reading database ... 85%
end-workflow	Install GH CLI	2026-02-25T10:46:51.5652201Z (Reading database ... 90%
end-workflow	Install GH CLI	2026-02-25T10:46:51.5672883Z (Reading database ... 95%
end-workflow	Install GH CLI	2026-02-25T10:46:51.5673456Z (Reading database ... 100%
end-workflow	Install GH CLI	2026-02-25T10:46:51.5673823Z (Reading database ... 14385 files and directories currently installed.)
end-workflow	Install GH CLI	2026-02-25T10:46:51.5680370Z Preparing to unpack .../archives/gh_2.87.3_amd64.deb ...
end-workflow	Install GH CLI	2026-02-25T10:46:51.5713393Z Unpacking gh (2.87.3) ...
end-workflow	Install GH CLI	2026-02-25T10:46:51.8026243Z Setting up gh (2.87.3) ...
end-workflow	Trigger Inspector	Ôªø2026-02-25T10:46:51.8557771Z ##[group]Run echo "üîç Triggering Inspector for Audit..."
end-workflow	Trigger Inspector	2026-02-25T10:46:51.8558227Z [36;1mecho "üîç Triggering Inspector for Audit..."[0m
end-workflow	Trigger Inspector	2026-02-25T10:46:51.8558549Z [36;1mgh workflow run inspector.yml \[0m
end-workflow	Trigger Inspector	2026-02-25T10:46:51.8558818Z [36;1m  --ref main \[0m
end-workflow	Trigger Inspector	2026-02-25T10:46:51.8559065Z [36;1m  -f kaos-workflow-id="22393356017" \[0m
end-workflow	Trigger Inspector	2026-02-25T10:46:51.8559357Z [36;1m  -f kaos-user-start="ka0score"[0m
end-workflow	Trigger Inspector	2026-02-25T10:46:51.8579342Z shell: /usr/bin/bash -e {0}
end-workflow	Trigger Inspector	2026-02-25T10:46:51.8579607Z env:
end-workflow	Trigger Inspector	2026-02-25T10:46:51.8590657Z   KAOS_MODULE: [Ka0S] GitHub ‚Üí iTop Sync
end-workflow	Trigger Inspector	2026-02-25T10:46:51.8590980Z   KAOS_CORRELATION_ID: 22393356017
end-workflow	Trigger Inspector	2026-02-25T10:46:51.8591219Z   KAOS_ACTOR: ka0score
end-workflow	Trigger Inspector	2026-02-25T10:46:51.8591828Z   GH_TOKEN: ***
end-workflow	Trigger Inspector	2026-02-25T10:46:51.8592016Z ##[endgroup]
end-workflow	Trigger Inspector	2026-02-25T10:46:51.8639570Z üîç Triggering Inspector for Audit...
end-workflow	Trigger Inspector	2026-02-25T10:46:53.7519850Z https://github.com/Ka0s-Klaus/ka0s/actions/runs/22393436459
end-workflow	Post Checkout Repository	Ôªø2026-02-25T10:46:53.8090968Z Post job cleanup.
end-workflow	Post Checkout Repository	2026-02-25T10:46:53.9215135Z [command]/usr/bin/git version
end-workflow	Post Checkout Repository	2026-02-25T10:46:53.9260878Z git version 2.52.0
end-workflow	Post Checkout Repository	2026-02-25T10:46:53.9310997Z Temporarily overriding HOME='/home/runner/_work/_temp/7529a674-e939-4670-938b-4352debab057' before making global git config changes
end-workflow	Post Checkout Repository	2026-02-25T10:46:53.9311898Z Adding repository directory to the temporary git global config as a safe directory
end-workflow	Post Checkout Repository	2026-02-25T10:46:53.9317964Z [command]/usr/bin/git config --global --add safe.directory /home/runner/_work/ka0s/ka0s
end-workflow	Post Checkout Repository	2026-02-25T10:46:53.9375161Z [command]/usr/bin/git config --local --name-only --get-regexp core\.sshCommand
end-workflow	Post Checkout Repository	2026-02-25T10:46:53.9425351Z [command]/usr/bin/git submodule foreach --recursive sh -c "git config --local --name-only --get-regexp 'core\.sshCommand' && git config --local --unset-all 'core.sshCommand' || :"
end-workflow	Post Checkout Repository	2026-02-25T10:46:53.9762325Z [command]/usr/bin/git config --local --name-only --get-regexp http\.https\:\/\/github\.com\/\.extraheader
end-workflow	Post Checkout Repository	2026-02-25T10:46:53.9793357Z http.https://github.com/.extraheader
end-workflow	Post Checkout Repository	2026-02-25T10:46:53.9806549Z [command]/usr/bin/git config --local --unset-all http.https://github.com/.extraheader
end-workflow	Post Checkout Repository	2026-02-25T10:46:53.9855258Z [command]/usr/bin/git submodule foreach --recursive sh -c "git config --local --name-only --get-regexp 'http\.https\:\/\/github\.com\/\.extraheader' && git config --local --unset-all 'http.https://github.com/.extraheader' || :"
end-workflow	Post Checkout Repository	2026-02-25T10:46:54.0206754Z [command]/usr/bin/git config --local --name-only --get-regexp ^includeIf\.gitdir:
end-workflow	Post Checkout Repository	2026-02-25T10:46:54.0248086Z [command]/usr/bin/git submodule foreach --recursive git config --local --show-origin --name-only --get-regexp remote.origin.url
end-workflow	Complete job	Ôªø2026-02-25T10:46:54.0706900Z Cleaning up orphan processes
