audit-pods	Set up job	ï»¿2026-02-26T06:54:28.0562722Z Current runner version: '2.332.0'
audit-pods	Set up job	2026-02-26T06:54:28.0572857Z Runner name: 'swarm-runners-scaleset-hkss5-runner-htpjv'
audit-pods	Set up job	2026-02-26T06:54:28.0574123Z Runner group name: 'Default'
audit-pods	Set up job	2026-02-26T06:54:28.0575906Z Machine name: 'swarm-runners-scaleset-hkss5-runner-htpjv'
audit-pods	Set up job	2026-02-26T06:54:28.0580760Z ##[group]GITHUB_TOKEN Permissions
audit-pods	Set up job	2026-02-26T06:54:28.0584044Z Actions: write
audit-pods	Set up job	2026-02-26T06:54:28.0585332Z Contents: write
audit-pods	Set up job	2026-02-26T06:54:28.0586009Z Issues: write
audit-pods	Set up job	2026-02-26T06:54:28.0586821Z Metadata: read
audit-pods	Set up job	2026-02-26T06:54:28.0587508Z ##[endgroup]
audit-pods	Set up job	2026-02-26T06:54:28.0589937Z Secret source: Actions
audit-pods	Set up job	2026-02-26T06:54:28.0590842Z Prepare workflow directory
audit-pods	Set up job	2026-02-26T06:54:28.1204477Z Prepare all required actions
audit-pods	Set up job	2026-02-26T06:54:28.1248899Z Getting action download info
audit-pods	Set up job	2026-02-26T06:54:28.7869140Z Download action repository 'actions/checkout@v4' (SHA:34e114876b0b11c390a56381ad16ebd13914f8d5)
audit-pods	Set up job	2026-02-26T06:54:29.7421135Z Complete job name: audit-pods
audit-pods	Checkout repository	ï»¿2026-02-26T06:54:29.8156141Z ##[group]Run actions/checkout@v4
audit-pods	Checkout repository	2026-02-26T06:54:29.8157435Z with:
audit-pods	Checkout repository	2026-02-26T06:54:29.8158079Z   repository: Ka0s-Klaus/ka0s
audit-pods	Checkout repository	2026-02-26T06:54:29.8159076Z   token: ***
audit-pods	Checkout repository	2026-02-26T06:54:29.8159684Z   ssh-strict: true
audit-pods	Checkout repository	2026-02-26T06:54:29.8160281Z   ssh-user: git
audit-pods	Checkout repository	2026-02-26T06:54:29.8160897Z   persist-credentials: true
audit-pods	Checkout repository	2026-02-26T06:54:29.8161563Z   clean: true
audit-pods	Checkout repository	2026-02-26T06:54:29.8162185Z   sparse-checkout-cone-mode: true
audit-pods	Checkout repository	2026-02-26T06:54:29.8162908Z   fetch-depth: 1
audit-pods	Checkout repository	2026-02-26T06:54:29.8163512Z   fetch-tags: false
audit-pods	Checkout repository	2026-02-26T06:54:29.8164130Z   show-progress: true
audit-pods	Checkout repository	2026-02-26T06:54:29.8165064Z   lfs: false
audit-pods	Checkout repository	2026-02-26T06:54:29.8165778Z   submodules: false
audit-pods	Checkout repository	2026-02-26T06:54:29.8166438Z   set-safe-directory: true
audit-pods	Checkout repository	2026-02-26T06:54:29.8167384Z env:
audit-pods	Checkout repository	2026-02-26T06:54:29.8168003Z   KAOS_MODULE: [Ka0S] Audit Pods
audit-pods	Checkout repository	2026-02-26T06:54:29.8168703Z   KAOS_CODE: 22431309995
audit-pods	Checkout repository	2026-02-26T06:54:29.8169341Z ##[endgroup]
audit-pods	Checkout repository	2026-02-26T06:54:29.9442211Z Syncing repository: Ka0s-Klaus/ka0s
audit-pods	Checkout repository	2026-02-26T06:54:29.9444469Z ##[group]Getting Git version info
audit-pods	Checkout repository	2026-02-26T06:54:29.9446253Z Working directory is '/home/runner/_work/ka0s/ka0s'
audit-pods	Checkout repository	2026-02-26T06:54:29.9447671Z [command]/usr/bin/git version
audit-pods	Checkout repository	2026-02-26T06:54:29.9448475Z git version 2.53.0
audit-pods	Checkout repository	2026-02-26T06:54:29.9468922Z ##[endgroup]
audit-pods	Checkout repository	2026-02-26T06:54:29.9487032Z Temporarily overriding HOME='/home/runner/_work/_temp/e7530d66-bd92-4e00-ac3e-93b777eed3c7' before making global git config changes
audit-pods	Checkout repository	2026-02-26T06:54:29.9488926Z Adding repository directory to the temporary git global config as a safe directory
audit-pods	Checkout repository	2026-02-26T06:54:29.9492592Z [command]/usr/bin/git config --global --add safe.directory /home/runner/_work/ka0s/ka0s
audit-pods	Checkout repository	2026-02-26T06:54:29.9542289Z Deleting the contents of '/home/runner/_work/ka0s/ka0s'
audit-pods	Checkout repository	2026-02-26T06:54:29.9547804Z ##[group]Initializing the repository
audit-pods	Checkout repository	2026-02-26T06:54:29.9549611Z [command]/usr/bin/git init /home/runner/_work/ka0s/ka0s
audit-pods	Checkout repository	2026-02-26T06:54:29.9610897Z hint: Using 'master' as the name for the initial branch. This default branch name
audit-pods	Checkout repository	2026-02-26T06:54:29.9613855Z hint: will change to "main" in Git 3.0. To configure the initial branch name
audit-pods	Checkout repository	2026-02-26T06:54:29.9615503Z hint: to use in all of your new repositories, which will suppress this warning,
audit-pods	Checkout repository	2026-02-26T06:54:29.9616498Z hint: call:
audit-pods	Checkout repository	2026-02-26T06:54:29.9617068Z hint:
audit-pods	Checkout repository	2026-02-26T06:54:29.9618152Z hint: 	git config --global init.defaultBranch <name>
audit-pods	Checkout repository	2026-02-26T06:54:29.9618972Z hint:
audit-pods	Checkout repository	2026-02-26T06:54:29.9619762Z hint: Names commonly chosen instead of 'master' are 'main', 'trunk' and
audit-pods	Checkout repository	2026-02-26T06:54:29.9620971Z hint: 'development'. The just-created branch can be renamed via this command:
audit-pods	Checkout repository	2026-02-26T06:54:29.9699284Z hint:
audit-pods	Checkout repository	2026-02-26T06:54:29.9700179Z hint: 	git branch -m <name>
audit-pods	Checkout repository	2026-02-26T06:54:29.9700897Z hint:
audit-pods	Checkout repository	2026-02-26T06:54:29.9701881Z hint: Disable this message with "git config set advice.defaultBranchName false"
audit-pods	Checkout repository	2026-02-26T06:54:29.9703141Z Initialized empty Git repository in /home/runner/_work/ka0s/ka0s/.git/
audit-pods	Checkout repository	2026-02-26T06:54:29.9705983Z [command]/usr/bin/git remote add origin https://github.com/Ka0s-Klaus/ka0s
audit-pods	Checkout repository	2026-02-26T06:54:29.9708173Z ##[endgroup]
audit-pods	Checkout repository	2026-02-26T06:54:29.9709827Z ##[group]Disabling automatic garbage collection
audit-pods	Checkout repository	2026-02-26T06:54:29.9710819Z [command]/usr/bin/git config --local gc.auto 0
audit-pods	Checkout repository	2026-02-26T06:54:29.9731428Z ##[endgroup]
audit-pods	Checkout repository	2026-02-26T06:54:29.9732495Z ##[group]Setting up auth
audit-pods	Checkout repository	2026-02-26T06:54:29.9739477Z [command]/usr/bin/git config --local --name-only --get-regexp core\.sshCommand
audit-pods	Checkout repository	2026-02-26T06:54:29.9783415Z [command]/usr/bin/git submodule foreach --recursive sh -c "git config --local --name-only --get-regexp 'core\.sshCommand' && git config --local --unset-all 'core.sshCommand' || :"
audit-pods	Checkout repository	2026-02-26T06:54:30.0129930Z [command]/usr/bin/git config --local --name-only --get-regexp http\.https\:\/\/github\.com\/\.extraheader
audit-pods	Checkout repository	2026-02-26T06:54:30.0169649Z [command]/usr/bin/git submodule foreach --recursive sh -c "git config --local --name-only --get-regexp 'http\.https\:\/\/github\.com\/\.extraheader' && git config --local --unset-all 'http.https://github.com/.extraheader' || :"
audit-pods	Checkout repository	2026-02-26T06:54:30.0520719Z [command]/usr/bin/git config --local --name-only --get-regexp ^includeIf\.gitdir:
audit-pods	Checkout repository	2026-02-26T06:54:30.0564190Z [command]/usr/bin/git submodule foreach --recursive git config --local --show-origin --name-only --get-regexp remote.origin.url
audit-pods	Checkout repository	2026-02-26T06:54:30.0922644Z [command]/usr/bin/git config --local http.https://github.com/.extraheader AUTHORIZATION: basic ***
audit-pods	Checkout repository	2026-02-26T06:54:30.1007761Z ##[endgroup]
audit-pods	Checkout repository	2026-02-26T06:54:30.1009009Z ##[group]Fetching the repository
audit-pods	Checkout repository	2026-02-26T06:54:30.1011870Z [command]/usr/bin/git -c protocol.version=2 fetch --no-tags --prune --no-recurse-submodules --depth=1 origin +f2279e2a7021c1967d5b25442e61d77f45275c2a:refs/remotes/origin/main
audit-pods	Checkout repository	2026-02-26T06:54:32.5350170Z From https://github.com/Ka0s-Klaus/ka0s
audit-pods	Checkout repository	2026-02-26T06:54:32.5360208Z  * [new ref]         f2279e2a7021c1967d5b25442e61d77f45275c2a -> origin/main
audit-pods	Checkout repository	2026-02-26T06:54:32.5520676Z ##[endgroup]
audit-pods	Checkout repository	2026-02-26T06:54:32.5528586Z ##[group]Determining the checkout info
audit-pods	Checkout repository	2026-02-26T06:54:32.5537383Z ##[endgroup]
audit-pods	Checkout repository	2026-02-26T06:54:32.5542489Z [command]/usr/bin/git sparse-checkout disable
audit-pods	Checkout repository	2026-02-26T06:54:32.5726778Z [command]/usr/bin/git config --local --unset-all extensions.worktreeConfig
audit-pods	Checkout repository	2026-02-26T06:54:32.5807351Z ##[group]Checking out the ref
audit-pods	Checkout repository	2026-02-26T06:54:32.5812042Z [command]/usr/bin/git checkout --progress --force -B main refs/remotes/origin/main
audit-pods	Checkout repository	2026-02-26T06:54:32.8315083Z Switched to a new branch 'main'
audit-pods	Checkout repository	2026-02-26T06:54:32.8326245Z branch 'main' set up to track 'origin/main'.
audit-pods	Checkout repository	2026-02-26T06:54:32.8373073Z ##[endgroup]
audit-pods	Checkout repository	2026-02-26T06:54:32.8425260Z [command]/usr/bin/git log -1 --format=%H
audit-pods	Checkout repository	2026-02-26T06:54:32.8455587Z f2279e2a7021c1967d5b25442e61d77f45275c2a
audit-pods	Execute Audit Script	ï»¿2026-02-26T06:54:32.8899391Z Prepare all required actions
audit-pods	Execute Audit Script	2026-02-26T06:54:32.9050955Z ##[group]Run ./.github/actions/ssh-exec
audit-pods	Execute Audit Script	2026-02-26T06:54:32.9051322Z with:
audit-pods	Execute Audit Script	2026-02-26T06:54:32.9051728Z   host: ***
audit-pods	Execute Audit Script	2026-02-26T06:54:32.9051980Z   username: ***
audit-pods	Execute Audit Script	2026-02-26T06:54:32.9053993Z   key: ***
audit-pods	Execute Audit Script	2026-02-26T06:54:32.9054222Z   port: ***
audit-pods	Execute Audit Script	2026-02-26T06:54:32.9054444Z   use-sudo: true
audit-pods	Execute Audit Script	2026-02-26T06:54:32.9055038Z   pass: ***
audit-pods	Execute Audit Script	2026-02-26T06:54:32.9055468Z   script-path: devops/core/k8s/audit-failed-pods.sh
audit-pods	Execute Audit Script	2026-02-26T06:54:32.9055838Z   remote-results-path: /tmp/results
audit-pods	Execute Audit Script	2026-02-26T06:54:32.9056153Z   local-results-path: audit/kube/
audit-pods	Execute Audit Script	2026-02-26T06:54:32.9056477Z   remote-tmp-dir: /tmp
audit-pods	Execute Audit Script	2026-02-26T06:54:32.9056718Z env:
audit-pods	Execute Audit Script	2026-02-26T06:54:32.9056939Z   KAOS_MODULE: [Ka0S] Audit Pods
audit-pods	Execute Audit Script	2026-02-26T06:54:32.9057234Z   KAOS_CODE: 22431309995
audit-pods	Execute Audit Script	2026-02-26T06:54:32.9057514Z ##[endgroup]
audit-pods	Execute Audit Script	2026-02-26T06:54:32.9203647Z ##[group]Run echo "***
audit-pods	Execute Audit Script	2026-02-26T06:54:32.9204105Z [36;1mecho "***[0m
audit-pods	Execute Audit Script	2026-02-26T06:54:32.9205010Z [36;1m***[0m
audit-pods	Execute Audit Script	2026-02-26T06:54:32.9205737Z [36;1m***[0m
audit-pods	Execute Audit Script	2026-02-26T06:54:32.9206247Z [36;1m***[0m
audit-pods	Execute Audit Script	2026-02-26T06:54:32.9206653Z [36;1m***[0m
audit-pods	Execute Audit Script	2026-02-26T06:54:32.9207072Z [36;1m***[0m
audit-pods	Execute Audit Script	2026-02-26T06:54:32.9207441Z [36;1m***" > /home/runner/_work/_temp/ssh_key[0m
audit-pods	Execute Audit Script	2026-02-26T06:54:32.9207822Z [36;1mchmod 600 /home/runner/_work/_temp/ssh_key[0m
audit-pods	Execute Audit Script	2026-02-26T06:54:32.9224587Z shell: /usr/bin/bash --noprofile --norc -e -o pipefail {0}
audit-pods	Execute Audit Script	2026-02-26T06:54:32.9225471Z env:
audit-pods	Execute Audit Script	2026-02-26T06:54:32.9225923Z   KAOS_MODULE: [Ka0S] Audit Pods
audit-pods	Execute Audit Script	2026-02-26T06:54:32.9226211Z   KAOS_CODE: 22431309995
audit-pods	Execute Audit Script	2026-02-26T06:54:32.9226461Z ##[endgroup]
audit-pods	Execute Audit Script	2026-02-26T06:54:32.9378283Z ##[group]Run scp -o StrictHostKeyChecking=no -i /home/runner/_work/_temp/ssh_key -P *** devops/core/k8s/audit-failed-pods.sh ***@***:/tmp
audit-pods	Execute Audit Script	2026-02-26T06:54:32.9379514Z [36;1mscp -o StrictHostKeyChecking=no -i /home/runner/_work/_temp/ssh_key -P *** devops/core/k8s/audit-failed-pods.sh ***@***:/tmp[0m
audit-pods	Execute Audit Script	2026-02-26T06:54:32.9391621Z shell: /usr/bin/bash --noprofile --norc -e -o pipefail {0}
audit-pods	Execute Audit Script	2026-02-26T06:54:32.9392060Z env:
audit-pods	Execute Audit Script	2026-02-26T06:54:32.9392321Z   KAOS_MODULE: [Ka0S] Audit Pods
audit-pods	Execute Audit Script	2026-02-26T06:54:32.9392634Z   KAOS_CODE: 22431309995
audit-pods	Execute Audit Script	2026-02-26T06:54:32.9392899Z ##[endgroup]
audit-pods	Execute Audit Script	2026-02-26T06:54:33.1029928Z Warning: Permanently added '[***]:***' (ED25519) to the list of known hosts.
audit-pods	Execute Audit Script	2026-02-26T06:54:34.8365986Z ##[group]Run REMOTE_SCRIPT_PATH="/tmp/$(basename devops/core/k8s/audit-failed-pods.sh)"
audit-pods	Execute Audit Script	2026-02-26T06:54:34.8369136Z [36;1mREMOTE_SCRIPT_PATH="/tmp/$(basename devops/core/k8s/audit-failed-pods.sh)"[0m
audit-pods	Execute Audit Script	2026-02-26T06:54:34.8371830Z [36;1mEXEC_COMMAND="chmod +x $REMOTE_SCRIPT_PATH && $REMOTE_SCRIPT_PATH "[0m
audit-pods	Execute Audit Script	2026-02-26T06:54:34.8373866Z [36;1mif [[ "true" == "true" ]]; then[0m
audit-pods	Execute Audit Script	2026-02-26T06:54:34.8376830Z [36;1m  SUDO_PREFIX="echo '***' | sudo -S"[0m
audit-pods	Execute Audit Script	2026-02-26T06:54:34.8378739Z [36;1m  COMMAND_CHAIN="$SUDO_PREFIX bash -c '$EXEC_COMMAND'"[0m
audit-pods	Execute Audit Script	2026-02-26T06:54:34.8380566Z [36;1m  if [[ "/tmp/results" != "" ]]; then[0m
audit-pods	Execute Audit Script	2026-02-26T06:54:34.8382647Z [36;1m    COMMAND_CHAIN="$COMMAND_CHAIN && $SUDO_PREFIX chmod -R 777 /tmp/results"[0m
audit-pods	Execute Audit Script	2026-02-26T06:54:34.8384848Z [36;1m  fi[0m
audit-pods	Execute Audit Script	2026-02-26T06:54:34.8387844Z [36;1m  ssh -o StrictHostKeyChecking=no -i /home/runner/_work/_temp/ssh_key -p *** ***@*** "$COMMAND_CHAIN && rm $REMOTE_SCRIPT_PATH"[0m
audit-pods	Execute Audit Script	2026-02-26T06:54:34.8390672Z [36;1melse[0m
audit-pods	Execute Audit Script	2026-02-26T06:54:34.8393404Z [36;1m  ssh -o StrictHostKeyChecking=no -i /home/runner/_work/_temp/ssh_key -p *** ***@*** "$EXEC_COMMAND && rm $REMOTE_SCRIPT_PATH"[0m
audit-pods	Execute Audit Script	2026-02-26T06:54:34.8396409Z [36;1mfi[0m
audit-pods	Execute Audit Script	2026-02-26T06:54:34.8435869Z shell: /usr/bin/bash --noprofile --norc -e -o pipefail {0}
audit-pods	Execute Audit Script	2026-02-26T06:54:34.8437022Z env:
audit-pods	Execute Audit Script	2026-02-26T06:54:34.8437714Z   KAOS_MODULE: [Ka0S] Audit Pods
audit-pods	Execute Audit Script	2026-02-26T06:54:34.8438569Z   KAOS_CODE: 22431309995
audit-pods	Execute Audit Script	2026-02-26T06:54:34.8439320Z ##[endgroup]
audit-pods	Execute Audit Script	2026-02-26T06:54:35.5600280Z [INFO] Iniciando auditorÃ­a de pods fallidos...
audit-pods	Execute Audit Script	2026-02-26T06:54:35.5601234Z [INFO] Directorio de salida: /tmp/results
audit-pods	Execute Audit Script	2026-02-26T06:54:35.9156278Z [SUCCESS] AuditorÃ­a finalizada. Se encontraron 2 pods con problemas.
audit-pods	Execute Audit Script	2026-02-26T06:54:35.9157882Z [INFO] Resultado guardado en: /tmp/results/failed_pods.json
audit-pods	Execute Audit Script	2026-02-26T06:54:35.9366752Z [sudo] password for ***: 
audit-pods	Execute Audit Script	2026-02-26T06:54:35.9432998Z ##[group]Run mkdir -p audit/kube/
audit-pods	Execute Audit Script	2026-02-26T06:54:35.9433517Z [36;1mmkdir -p audit/kube/[0m
audit-pods	Execute Audit Script	2026-02-26T06:54:35.9434933Z [36;1mscp -o StrictHostKeyChecking=no -r -i /home/runner/_work/_temp/ssh_key -P *** ***@***:/tmp/results/* audit/kube/[0m
audit-pods	Execute Audit Script	2026-02-26T06:54:35.9435971Z [36;1mecho "path=audit/kube/" >> $GITHUB_OUTPUT[0m
audit-pods	Execute Audit Script	2026-02-26T06:54:35.9451775Z shell: /usr/bin/bash --noprofile --norc -e -o pipefail {0}
audit-pods	Execute Audit Script	2026-02-26T06:54:35.9452349Z env:
audit-pods	Execute Audit Script	2026-02-26T06:54:35.9452697Z   KAOS_MODULE: [Ka0S] Audit Pods
audit-pods	Execute Audit Script	2026-02-26T06:54:35.9453127Z   KAOS_CODE: 22431309995
audit-pods	Execute Audit Script	2026-02-26T06:54:35.9453513Z ##[endgroup]
audit-pods	Commit Results	ï»¿2026-02-26T06:54:36.8965342Z ##[group]Run git config --global user.name "***"
audit-pods	Commit Results	2026-02-26T06:54:36.8966240Z [36;1mgit config --global user.name "***"[0m
audit-pods	Commit Results	2026-02-26T06:54:36.8966960Z [36;1mgit config --global user.email "***"[0m
audit-pods	Commit Results	2026-02-26T06:54:36.8967557Z [36;1mgit pull[0m
audit-pods	Commit Results	2026-02-26T06:54:36.8968136Z [36;1mgit add audit/kube/failed_pods.json audit/itop/ || true[0m
audit-pods	Commit Results	2026-02-26T06:54:36.8968901Z [36;1mif ! git diff --staged --quiet; then[0m
audit-pods	Commit Results	2026-02-26T06:54:36.8969925Z [36;1m  git commit -m "[Audit] Update failed pods and iTop reconciliation report $(date +'%Y-%m-%d %H:%M')"[0m
audit-pods	Commit Results	2026-02-26T06:54:36.8971017Z [36;1m  git push[0m
audit-pods	Commit Results	2026-02-26T06:54:36.8971781Z [36;1melse[0m
audit-pods	Commit Results	2026-02-26T06:54:36.8972300Z [36;1m  echo "No changes in failed pods or iTop reconciliation reports."[0m
audit-pods	Commit Results	2026-02-26T06:54:36.8972931Z [36;1mfi[0m
audit-pods	Commit Results	2026-02-26T06:54:36.8989819Z shell: /usr/bin/bash -e {0}
audit-pods	Commit Results	2026-02-26T06:54:36.8990259Z env:
audit-pods	Commit Results	2026-02-26T06:54:36.8990595Z   KAOS_MODULE: [Ka0S] Audit Pods
audit-pods	Commit Results	2026-02-26T06:54:36.8991029Z   KAOS_CODE: 22431309995
audit-pods	Commit Results	2026-02-26T06:54:36.8991443Z ##[endgroup]
audit-pods	Commit Results	2026-02-26T06:55:00.2837426Z From https://github.com/Ka0s-Klaus/ka0s
audit-pods	Commit Results	2026-02-26T06:55:00.2841341Z  * [new branch]          F3450-modelo-operativo -> origin/F3450-modelo-operativo
audit-pods	Commit Results	2026-02-26T06:55:00.2842021Z  * [new branch]          H1276-modulo-observabilidad -> origin/H1276-modulo-observabilidad
audit-pods	Commit Results	2026-02-26T06:55:00.2842634Z  * [new branch]          H3596-deploy-itop      -> origin/H3596-deploy-itop
audit-pods	Commit Results	2026-02-26T06:55:00.2843497Z  * [new branch]          H4170-flujo-detallado-zabbix---github -> origin/H4170-flujo-detallado-zabbix---github
audit-pods	Commit Results	2026-02-26T06:55:00.2844378Z  * [new branch]          H4191-request-cambios  -> origin/H4191-request-cambios
audit-pods	Commit Results	2026-02-26T06:55:00.2845428Z  * [new branch]          H4200-request-recomendaciones-de-auditoria -> origin/H4200-request-recomendaciones-de-auditoria
audit-pods	Commit Results	2026-02-26T06:55:00.8307114Z  * [new tag]             0.0.0                  -> 0.0.0
audit-pods	Commit Results	2026-02-26T06:55:00.8307615Z  * [new tag]             0.0.1                  -> 0.0.1
audit-pods	Commit Results	2026-02-26T06:55:00.8308032Z  * [new tag]             0.0.10                 -> 0.0.10
audit-pods	Commit Results	2026-02-26T06:55:00.8308436Z  * [new tag]             0.0.100                -> 0.0.100
audit-pods	Commit Results	2026-02-26T06:55:00.8308814Z  * [new tag]             0.0.101                -> 0.0.101
audit-pods	Commit Results	2026-02-26T06:55:00.8309214Z  * [new tag]             0.0.102                -> 0.0.102
audit-pods	Commit Results	2026-02-26T06:55:00.8309591Z  * [new tag]             0.0.103                -> 0.0.103
audit-pods	Commit Results	2026-02-26T06:55:00.8309987Z  * [new tag]             0.0.104                -> 0.0.104
audit-pods	Commit Results	2026-02-26T06:55:00.8310491Z  * [new tag]             0.0.105                -> 0.0.105
audit-pods	Commit Results	2026-02-26T06:55:00.8310879Z  * [new tag]             0.0.106                -> 0.0.106
audit-pods	Commit Results	2026-02-26T06:55:00.8311248Z  * [new tag]             0.0.107                -> 0.0.107
audit-pods	Commit Results	2026-02-26T06:55:00.8311614Z  * [new tag]             0.0.108                -> 0.0.108
audit-pods	Commit Results	2026-02-26T06:55:00.8314006Z  * [new tag]             0.0.109                -> 0.0.109
audit-pods	Commit Results	2026-02-26T06:55:00.8314449Z  * [new tag]             0.0.11                 -> 0.0.11
audit-pods	Commit Results	2026-02-26T06:55:00.8314936Z  * [new tag]             0.0.110                -> 0.0.110
audit-pods	Commit Results	2026-02-26T06:55:00.8315339Z  * [new tag]             0.0.111                -> 0.0.111
audit-pods	Commit Results	2026-02-26T06:55:00.8315729Z  * [new tag]             0.0.112                -> 0.0.112
audit-pods	Commit Results	2026-02-26T06:55:00.8316110Z  * [new tag]             0.0.113                -> 0.0.113
audit-pods	Commit Results	2026-02-26T06:55:00.8316495Z  * [new tag]             0.0.114                -> 0.0.114
audit-pods	Commit Results	2026-02-26T06:55:00.8316920Z  * [new tag]             0.0.115                -> 0.0.115
audit-pods	Commit Results	2026-02-26T06:55:00.8317390Z  * [new tag]             0.0.116                -> 0.0.116
audit-pods	Commit Results	2026-02-26T06:55:00.8317786Z  * [new tag]             0.0.117                -> 0.0.117
audit-pods	Commit Results	2026-02-26T06:55:00.8318166Z  * [new tag]             0.0.118                -> 0.0.118
audit-pods	Commit Results	2026-02-26T06:55:00.8318539Z  * [new tag]             0.0.119                -> 0.0.119
audit-pods	Commit Results	2026-02-26T06:55:00.8326523Z  * [new tag]             0.0.12                 -> 0.0.12
audit-pods	Commit Results	2026-02-26T06:55:00.8327229Z  * [new tag]             0.0.120                -> 0.0.120
audit-pods	Commit Results	2026-02-26T06:55:00.8328349Z  * [new tag]             0.0.121                -> 0.0.121
audit-pods	Commit Results	2026-02-26T06:55:00.8328714Z  * [new tag]             0.0.122                -> 0.0.122
audit-pods	Commit Results	2026-02-26T06:55:00.8329215Z  * [new tag]             0.0.123                -> 0.0.123
audit-pods	Commit Results	2026-02-26T06:55:00.8329692Z  * [new tag]             0.0.124                -> 0.0.124
audit-pods	Commit Results	2026-02-26T06:55:00.8330047Z  * [new tag]             0.0.125                -> 0.0.125
audit-pods	Commit Results	2026-02-26T06:55:00.8330398Z  * [new tag]             0.0.126                -> 0.0.126
audit-pods	Commit Results	2026-02-26T06:55:00.8330761Z  * [new tag]             0.0.127                -> 0.0.127
audit-pods	Commit Results	2026-02-26T06:55:00.8331390Z  * [new tag]             0.0.128                -> 0.0.128
audit-pods	Commit Results	2026-02-26T06:55:00.8331744Z  * [new tag]             0.0.129                -> 0.0.129
audit-pods	Commit Results	2026-02-26T06:55:00.8332106Z  * [new tag]             0.0.13                 -> 0.0.13
audit-pods	Commit Results	2026-02-26T06:55:00.8332461Z  * [new tag]             0.0.130                -> 0.0.130
audit-pods	Commit Results	2026-02-26T06:55:00.8332825Z  * [new tag]             0.0.131                -> 0.0.131
audit-pods	Commit Results	2026-02-26T06:55:00.8333178Z  * [new tag]             0.0.132                -> 0.0.132
audit-pods	Commit Results	2026-02-26T06:55:00.8333531Z  * [new tag]             0.0.133                -> 0.0.133
audit-pods	Commit Results	2026-02-26T06:55:00.8333885Z  * [new tag]             0.0.134                -> 0.0.134
audit-pods	Commit Results	2026-02-26T06:55:00.8334833Z  * [new tag]             0.0.135                -> 0.0.135
audit-pods	Commit Results	2026-02-26T06:55:00.8335594Z  * [new tag]             0.0.136                -> 0.0.136
audit-pods	Commit Results	2026-02-26T06:55:00.8335966Z  * [new tag]             0.0.137                -> 0.0.137
audit-pods	Commit Results	2026-02-26T06:55:00.8336336Z  * [new tag]             0.0.138                -> 0.0.138
audit-pods	Commit Results	2026-02-26T06:55:00.8336707Z  * [new tag]             0.0.139                -> 0.0.139
audit-pods	Commit Results	2026-02-26T06:55:00.8337071Z  * [new tag]             0.0.14                 -> 0.0.14
audit-pods	Commit Results	2026-02-26T06:55:00.8337445Z  * [new tag]             0.0.140                -> 0.0.140
audit-pods	Commit Results	2026-02-26T06:55:00.8337817Z  * [new tag]             0.0.141                -> 0.0.141
audit-pods	Commit Results	2026-02-26T06:55:00.8338189Z  * [new tag]             0.0.142                -> 0.0.142
audit-pods	Commit Results	2026-02-26T06:55:00.8338553Z  * [new tag]             0.0.143                -> 0.0.143
audit-pods	Commit Results	2026-02-26T06:55:00.8338914Z  * [new tag]             0.0.144                -> 0.0.144
audit-pods	Commit Results	2026-02-26T06:55:00.8339284Z  * [new tag]             0.0.145                -> 0.0.145
audit-pods	Commit Results	2026-02-26T06:55:00.8339645Z  * [new tag]             0.0.146                -> 0.0.146
audit-pods	Commit Results	2026-02-26T06:55:00.8340161Z  * [new tag]             0.0.147                -> 0.0.147
audit-pods	Commit Results	2026-02-26T06:55:00.8340546Z  * [new tag]             0.0.148                -> 0.0.148
audit-pods	Commit Results	2026-02-26T06:55:00.8341061Z  * [new tag]             0.0.149                -> 0.0.149
audit-pods	Commit Results	2026-02-26T06:55:00.8341425Z  * [new tag]             0.0.15                 -> 0.0.15
audit-pods	Commit Results	2026-02-26T06:55:00.8341793Z  * [new tag]             0.0.150                -> 0.0.150
audit-pods	Commit Results	2026-02-26T06:55:00.8342157Z  * [new tag]             0.0.151                -> 0.0.151
audit-pods	Commit Results	2026-02-26T06:55:00.8342530Z  * [new tag]             0.0.152                -> 0.0.152
audit-pods	Commit Results	2026-02-26T06:55:00.8342902Z  * [new tag]             0.0.153                -> 0.0.153
audit-pods	Commit Results	2026-02-26T06:55:00.8343282Z  * [new tag]             0.0.154                -> 0.0.154
audit-pods	Commit Results	2026-02-26T06:55:00.8343660Z  * [new tag]             0.0.155                -> 0.0.155
audit-pods	Commit Results	2026-02-26T06:55:00.8344019Z  * [new tag]             0.0.156                -> 0.0.156
audit-pods	Commit Results	2026-02-26T06:55:00.8344417Z  * [new tag]             0.0.157                -> 0.0.157
audit-pods	Commit Results	2026-02-26T06:55:00.8345317Z  * [new tag]             0.0.158                -> 0.0.158
audit-pods	Commit Results	2026-02-26T06:55:00.8345697Z  * [new tag]             0.0.159                -> 0.0.159
audit-pods	Commit Results	2026-02-26T06:55:00.8346068Z  * [new tag]             0.0.16                 -> 0.0.16
audit-pods	Commit Results	2026-02-26T06:55:00.8346439Z  * [new tag]             0.0.160                -> 0.0.160
audit-pods	Commit Results	2026-02-26T06:55:00.8346814Z  * [new tag]             0.0.161                -> 0.0.161
audit-pods	Commit Results	2026-02-26T06:55:00.8347183Z  * [new tag]             0.0.162                -> 0.0.162
audit-pods	Commit Results	2026-02-26T06:55:00.8347836Z  * [new tag]             0.0.163                -> 0.0.163
audit-pods	Commit Results	2026-02-26T06:55:00.8348206Z  * [new tag]             0.0.164                -> 0.0.164
audit-pods	Commit Results	2026-02-26T06:55:00.8348578Z  * [new tag]             0.0.165                -> 0.0.165
audit-pods	Commit Results	2026-02-26T06:55:00.8348942Z  * [new tag]             0.0.166                -> 0.0.166
audit-pods	Commit Results	2026-02-26T06:55:00.8349319Z  * [new tag]             0.0.167                -> 0.0.167
audit-pods	Commit Results	2026-02-26T06:55:00.8349684Z  * [new tag]             0.0.168                -> 0.0.168
audit-pods	Commit Results	2026-02-26T06:55:00.8350052Z  * [new tag]             0.0.169                -> 0.0.169
audit-pods	Commit Results	2026-02-26T06:55:00.8350629Z  * [new tag]             0.0.17                 -> 0.0.17
audit-pods	Commit Results	2026-02-26T06:55:00.8351015Z  * [new tag]             0.0.170                -> 0.0.170
audit-pods	Commit Results	2026-02-26T06:55:00.8351382Z  * [new tag]             0.0.171                -> 0.0.171
audit-pods	Commit Results	2026-02-26T06:55:00.8351747Z  * [new tag]             0.0.172                -> 0.0.172
audit-pods	Commit Results	2026-02-26T06:55:00.8352117Z  * [new tag]             0.0.173                -> 0.0.173
audit-pods	Commit Results	2026-02-26T06:55:00.8352494Z  * [new tag]             0.0.174                -> 0.0.174
audit-pods	Commit Results	2026-02-26T06:55:00.8352872Z  * [new tag]             0.0.175                -> 0.0.175
audit-pods	Commit Results	2026-02-26T06:55:00.8353230Z  * [new tag]             0.0.176                -> 0.0.176
audit-pods	Commit Results	2026-02-26T06:55:00.8353603Z  * [new tag]             0.0.177                -> 0.0.177
audit-pods	Commit Results	2026-02-26T06:55:00.8353975Z  * [new tag]             0.0.178                -> 0.0.178
audit-pods	Commit Results	2026-02-26T06:55:00.8354349Z  * [new tag]             0.0.179                -> 0.0.179
audit-pods	Commit Results	2026-02-26T06:55:00.8355053Z  * [new tag]             0.0.18                 -> 0.0.18
audit-pods	Commit Results	2026-02-26T06:55:00.8355445Z  * [new tag]             0.0.19                 -> 0.0.19
audit-pods	Commit Results	2026-02-26T06:55:00.8355946Z  * [new tag]             0.0.2                  -> 0.0.2
audit-pods	Commit Results	2026-02-26T06:55:00.8356309Z  * [new tag]             0.0.20                 -> 0.0.20
audit-pods	Commit Results	2026-02-26T06:55:00.8356674Z  * [new tag]             0.0.21                 -> 0.0.21
audit-pods	Commit Results	2026-02-26T06:55:00.8357036Z  * [new tag]             0.0.22                 -> 0.0.22
audit-pods	Commit Results	2026-02-26T06:55:00.8357409Z  * [new tag]             0.0.23                 -> 0.0.23
audit-pods	Commit Results	2026-02-26T06:55:00.8357771Z  * [new tag]             0.0.24                 -> 0.0.24
audit-pods	Commit Results	2026-02-26T06:55:00.8358136Z  * [new tag]             0.0.25                 -> 0.0.25
audit-pods	Commit Results	2026-02-26T06:55:00.8358496Z  * [new tag]             0.0.26                 -> 0.0.26
audit-pods	Commit Results	2026-02-26T06:55:00.8358864Z  * [new tag]             0.0.27                 -> 0.0.27
audit-pods	Commit Results	2026-02-26T06:55:00.8359235Z  * [new tag]             0.0.28                 -> 0.0.28
audit-pods	Commit Results	2026-02-26T06:55:00.8359606Z  * [new tag]             0.0.29                 -> 0.0.29
audit-pods	Commit Results	2026-02-26T06:55:00.8359976Z  * [new tag]             0.0.3                  -> 0.0.3
audit-pods	Commit Results	2026-02-26T06:55:00.8360352Z  * [new tag]             0.0.30                 -> 0.0.30
audit-pods	Commit Results	2026-02-26T06:55:00.8360714Z  * [new tag]             0.0.31                 -> 0.0.31
audit-pods	Commit Results	2026-02-26T06:55:00.8361144Z  * [new tag]             0.0.32                 -> 0.0.32
audit-pods	Commit Results	2026-02-26T06:55:00.8361530Z  * [new tag]             0.0.33                 -> 0.0.33
audit-pods	Commit Results	2026-02-26T06:55:00.8361892Z  * [new tag]             0.0.34                 -> 0.0.34
audit-pods	Commit Results	2026-02-26T06:55:00.8362257Z  * [new tag]             0.0.35                 -> 0.0.35
audit-pods	Commit Results	2026-02-26T06:55:00.8362629Z  * [new tag]             0.0.36                 -> 0.0.36
audit-pods	Commit Results	2026-02-26T06:55:00.8363154Z  * [new tag]             0.0.37                 -> 0.0.37
audit-pods	Commit Results	2026-02-26T06:55:00.8363554Z  * [new tag]             0.0.38                 -> 0.0.38
audit-pods	Commit Results	2026-02-26T06:55:00.8363942Z  * [new tag]             0.0.39                 -> 0.0.39
audit-pods	Commit Results	2026-02-26T06:55:00.8364324Z  * [new tag]             0.0.4                  -> 0.0.4
audit-pods	Commit Results	2026-02-26T06:55:00.8365005Z  * [new tag]             0.0.40                 -> 0.0.40
audit-pods	Commit Results	2026-02-26T06:55:00.8365408Z  * [new tag]             0.0.41                 -> 0.0.41
audit-pods	Commit Results	2026-02-26T06:55:00.8365781Z  * [new tag]             0.0.42                 -> 0.0.42
audit-pods	Commit Results	2026-02-26T06:55:00.8366148Z  * [new tag]             0.0.43                 -> 0.0.43
audit-pods	Commit Results	2026-02-26T06:55:00.8366763Z  * [new tag]             0.0.44                 -> 0.0.44
audit-pods	Commit Results	2026-02-26T06:55:00.8367128Z  * [new tag]             0.0.45                 -> 0.0.45
audit-pods	Commit Results	2026-02-26T06:55:00.8367490Z  * [new tag]             0.0.46                 -> 0.0.46
audit-pods	Commit Results	2026-02-26T06:55:00.8367859Z  * [new tag]             0.0.47                 -> 0.0.47
audit-pods	Commit Results	2026-02-26T06:55:00.8368224Z  * [new tag]             0.0.48                 -> 0.0.48
audit-pods	Commit Results	2026-02-26T06:55:00.8368585Z  * [new tag]             0.0.49                 -> 0.0.49
audit-pods	Commit Results	2026-02-26T06:55:00.8368947Z  * [new tag]             0.0.5                  -> 0.0.5
audit-pods	Commit Results	2026-02-26T06:55:00.8369509Z  * [new tag]             0.0.50                 -> 0.0.50
audit-pods	Commit Results	2026-02-26T06:55:00.8369872Z  * [new tag]             0.0.51                 -> 0.0.51
audit-pods	Commit Results	2026-02-26T06:55:00.8370238Z  * [new tag]             0.0.52                 -> 0.0.52
audit-pods	Commit Results	2026-02-26T06:55:00.8370593Z  * [new tag]             0.0.53                 -> 0.0.53
audit-pods	Commit Results	2026-02-26T06:55:00.8370957Z  * [new tag]             0.0.54                 -> 0.0.54
audit-pods	Commit Results	2026-02-26T06:55:00.8371327Z  * [new tag]             0.0.55                 -> 0.0.55
audit-pods	Commit Results	2026-02-26T06:55:00.8371692Z  * [new tag]             0.0.56                 -> 0.0.56
audit-pods	Commit Results	2026-02-26T06:55:00.8378469Z  * [new tag]             0.0.57                 -> 0.0.57
audit-pods	Commit Results	2026-02-26T06:55:00.8378883Z  * [new tag]             0.0.58                 -> 0.0.58
audit-pods	Commit Results	2026-02-26T06:55:00.8379248Z  * [new tag]             0.0.59                 -> 0.0.59
audit-pods	Commit Results	2026-02-26T06:55:00.8379609Z  * [new tag]             0.0.6                  -> 0.0.6
audit-pods	Commit Results	2026-02-26T06:55:00.8379982Z  * [new tag]             0.0.60                 -> 0.0.60
audit-pods	Commit Results	2026-02-26T06:55:00.8380362Z  * [new tag]             0.0.61                 -> 0.0.61
audit-pods	Commit Results	2026-02-26T06:55:00.8380727Z  * [new tag]             0.0.62                 -> 0.0.62
audit-pods	Commit Results	2026-02-26T06:55:00.8381083Z  * [new tag]             0.0.63                 -> 0.0.63
audit-pods	Commit Results	2026-02-26T06:55:00.8381442Z  * [new tag]             0.0.64                 -> 0.0.64
audit-pods	Commit Results	2026-02-26T06:55:00.8381796Z  * [new tag]             0.0.65                 -> 0.0.65
audit-pods	Commit Results	2026-02-26T06:55:00.8382170Z  * [new tag]             0.0.66                 -> 0.0.66
audit-pods	Commit Results	2026-02-26T06:55:00.8382540Z  * [new tag]             0.0.67                 -> 0.0.67
audit-pods	Commit Results	2026-02-26T06:55:00.8382895Z  * [new tag]             0.0.68                 -> 0.0.68
audit-pods	Commit Results	2026-02-26T06:55:00.8383262Z  * [new tag]             0.0.69                 -> 0.0.69
audit-pods	Commit Results	2026-02-26T06:55:00.8383626Z  * [new tag]             0.0.7                  -> 0.0.7
audit-pods	Commit Results	2026-02-26T06:55:00.8383994Z  * [new tag]             0.0.70                 -> 0.0.70
audit-pods	Commit Results	2026-02-26T06:55:00.8384357Z  * [new tag]             0.0.71                 -> 0.0.71
audit-pods	Commit Results	2026-02-26T06:55:00.8385138Z  * [new tag]             0.0.72                 -> 0.0.72
audit-pods	Commit Results	2026-02-26T06:55:00.8385645Z  * [new tag]             0.0.73                 -> 0.0.73
audit-pods	Commit Results	2026-02-26T06:55:00.8386005Z  * [new tag]             0.0.74                 -> 0.0.74
audit-pods	Commit Results	2026-02-26T06:55:00.8386360Z  * [new tag]             0.0.75                 -> 0.0.75
audit-pods	Commit Results	2026-02-26T06:55:00.8386731Z  * [new tag]             0.0.76                 -> 0.0.76
audit-pods	Commit Results	2026-02-26T06:55:00.8387092Z  * [new tag]             0.0.77                 -> 0.0.77
audit-pods	Commit Results	2026-02-26T06:55:00.8387454Z  * [new tag]             0.0.78                 -> 0.0.78
audit-pods	Commit Results	2026-02-26T06:55:00.8387815Z  * [new tag]             0.0.79                 -> 0.0.79
audit-pods	Commit Results	2026-02-26T06:55:00.8388188Z  * [new tag]             0.0.8                  -> 0.0.8
audit-pods	Commit Results	2026-02-26T06:55:00.8388553Z  * [new tag]             0.0.80                 -> 0.0.80
audit-pods	Commit Results	2026-02-26T06:55:00.8388918Z  * [new tag]             0.0.81                 -> 0.0.81
audit-pods	Commit Results	2026-02-26T06:55:00.8389285Z  * [new tag]             0.0.82                 -> 0.0.82
audit-pods	Commit Results	2026-02-26T06:55:00.8389645Z  * [new tag]             0.0.83                 -> 0.0.83
audit-pods	Commit Results	2026-02-26T06:55:00.8390008Z  * [new tag]             0.0.84                 -> 0.0.84
audit-pods	Commit Results	2026-02-26T06:55:00.8390372Z  * [new tag]             0.0.85                 -> 0.0.85
audit-pods	Commit Results	2026-02-26T06:55:00.8390736Z  * [new tag]             0.0.86                 -> 0.0.86
audit-pods	Commit Results	2026-02-26T06:55:00.8391414Z  * [new tag]             0.0.87                 -> 0.0.87
audit-pods	Commit Results	2026-02-26T06:55:00.8391775Z  * [new tag]             0.0.88                 -> 0.0.88
audit-pods	Commit Results	2026-02-26T06:55:00.8392139Z  * [new tag]             0.0.89                 -> 0.0.89
audit-pods	Commit Results	2026-02-26T06:55:00.8392505Z  * [new tag]             0.0.9                  -> 0.0.9
audit-pods	Commit Results	2026-02-26T06:55:00.8392861Z  * [new tag]             0.0.90                 -> 0.0.90
audit-pods	Commit Results	2026-02-26T06:55:00.8393222Z  * [new tag]             0.0.91                 -> 0.0.91
audit-pods	Commit Results	2026-02-26T06:55:00.8393583Z  * [new tag]             0.0.92                 -> 0.0.92
audit-pods	Commit Results	2026-02-26T06:55:00.8394156Z  * [new tag]             0.0.93                 -> 0.0.93
audit-pods	Commit Results	2026-02-26T06:55:00.8394810Z  * [new tag]             0.0.94                 -> 0.0.94
audit-pods	Commit Results	2026-02-26T06:55:00.8395195Z  * [new tag]             0.0.95                 -> 0.0.95
audit-pods	Commit Results	2026-02-26T06:55:00.8395688Z  * [new tag]             0.0.96                 -> 0.0.96
audit-pods	Commit Results	2026-02-26T06:55:00.8396049Z  * [new tag]             0.0.97                 -> 0.0.97
audit-pods	Commit Results	2026-02-26T06:55:00.8396425Z  * [new tag]             0.0.98                 -> 0.0.98
audit-pods	Commit Results	2026-02-26T06:55:00.8396788Z  * [new tag]             0.0.99                 -> 0.0.99
audit-pods	Commit Results	2026-02-26T06:55:00.8397154Z  * [new tag]             0.1.0                  -> 0.1.0
audit-pods	Commit Results	2026-02-26T06:55:00.8397516Z  * [new tag]             0.1.1                  -> 0.1.1
audit-pods	Commit Results	2026-02-26T06:55:00.8397888Z  * [new tag]             0.2.0                  -> 0.2.0
audit-pods	Commit Results	2026-02-26T06:55:00.8398256Z  * [new tag]             0.3.0                  -> 0.3.0
audit-pods	Commit Results	2026-02-26T06:55:00.8398611Z  * [new tag]             0.3.1                  -> 0.3.1
audit-pods	Commit Results	2026-02-26T06:55:00.8398982Z  * [new tag]             0.3.10                 -> 0.3.10
audit-pods	Commit Results	2026-02-26T06:55:00.8399347Z  * [new tag]             0.3.11                 -> 0.3.11
audit-pods	Commit Results	2026-02-26T06:55:00.8399715Z  * [new tag]             0.3.12                 -> 0.3.12
audit-pods	Commit Results	2026-02-26T06:55:00.8400073Z  * [new tag]             0.3.13                 -> 0.3.13
audit-pods	Commit Results	2026-02-26T06:55:00.8400447Z  * [new tag]             0.3.14                 -> 0.3.14
audit-pods	Commit Results	2026-02-26T06:55:00.8400817Z  * [new tag]             0.3.15                 -> 0.3.15
audit-pods	Commit Results	2026-02-26T06:55:00.8401186Z  * [new tag]             0.3.16                 -> 0.3.16
audit-pods	Commit Results	2026-02-26T06:55:00.8401548Z  * [new tag]             0.3.17                 -> 0.3.17
audit-pods	Commit Results	2026-02-26T06:55:00.8402029Z  * [new tag]             0.3.2                  -> 0.3.2
audit-pods	Commit Results	2026-02-26T06:55:00.8402397Z  * [new tag]             0.3.3                  -> 0.3.3
audit-pods	Commit Results	2026-02-26T06:55:00.8402756Z  * [new tag]             0.3.4                  -> 0.3.4
audit-pods	Commit Results	2026-02-26T06:55:00.8403117Z  * [new tag]             0.3.5                  -> 0.3.5
audit-pods	Commit Results	2026-02-26T06:55:00.8403492Z  * [new tag]             0.3.6                  -> 0.3.6
audit-pods	Commit Results	2026-02-26T06:55:00.8403853Z  * [new tag]             0.3.7                  -> 0.3.7
audit-pods	Commit Results	2026-02-26T06:55:00.8404216Z  * [new tag]             0.3.8                  -> 0.3.8
audit-pods	Commit Results	2026-02-26T06:55:00.8404841Z  * [new tag]             0.3.9                  -> 0.3.9
audit-pods	Commit Results	2026-02-26T06:55:00.8405428Z  * [new tag]             0.4.0                  -> 0.4.0
audit-pods	Commit Results	2026-02-26T06:55:00.8405800Z  * [new tag]             0.4.1                  -> 0.4.1
audit-pods	Commit Results	2026-02-26T06:55:00.8406165Z  * [new tag]             0.4.2                  -> 0.4.2
audit-pods	Commit Results	2026-02-26T06:55:00.8406522Z  * [new tag]             0.4.3                  -> 0.4.3
audit-pods	Commit Results	2026-02-26T06:55:00.8406882Z  * [new tag]             0.4.4                  -> 0.4.4
audit-pods	Commit Results	2026-02-26T06:55:00.8407241Z  * [new tag]             0.4.5                  -> 0.4.5
audit-pods	Commit Results	2026-02-26T06:55:00.8407602Z  * [new tag]             0.4.6                  -> 0.4.6
audit-pods	Commit Results	2026-02-26T06:55:00.8407966Z  * [new tag]             0.4.7                  -> 0.4.7
audit-pods	Commit Results	2026-02-26T06:55:00.8408336Z  * [new tag]             0.4.8                  -> 0.4.8
audit-pods	Commit Results	2026-02-26T06:55:00.8408692Z  * [new tag]             0.4.9                  -> 0.4.9
audit-pods	Commit Results	2026-02-26T06:55:00.8409054Z  * [new tag]             0.5.0                  -> 0.5.0
audit-pods	Commit Results	2026-02-26T06:55:00.8409411Z  * [new tag]             0.5.1                  -> 0.5.1
audit-pods	Commit Results	2026-02-26T06:55:00.8409774Z  * [new tag]             0.5.2                  -> 0.5.2
audit-pods	Commit Results	2026-02-26T06:55:00.8410421Z  * [new tag]             0.6.0                  -> 0.6.0
audit-pods	Commit Results	2026-02-26T06:55:00.8410774Z  * [new tag]             0.6.1                  -> 0.6.1
audit-pods	Commit Results	2026-02-26T06:55:00.8411129Z  * [new tag]             0.6.2                  -> 0.6.2
audit-pods	Commit Results	2026-02-26T06:55:00.8411482Z  * [new tag]             0.6.3                  -> 0.6.3
audit-pods	Commit Results	2026-02-26T06:55:00.8411848Z  * [new tag]             0.6.4                  -> 0.6.4
audit-pods	Commit Results	2026-02-26T06:55:00.8412214Z  * [new tag]             0.6.5                  -> 0.6.5
audit-pods	Commit Results	2026-02-26T06:55:00.8412573Z  * [new tag]             0.6.6                  -> 0.6.6
audit-pods	Commit Results	2026-02-26T06:55:00.8695832Z Already up to date.
audit-pods	Commit Results	2026-02-26T06:55:01.0969331Z [main 30b65b1dd] [Audit] Update failed pods and iTop reconciliation report 2026-02-26 06:55
audit-pods	Commit Results	2026-02-26T06:55:01.0969936Z  1 file changed, 554 insertions(+)
audit-pods	Commit Results	2026-02-26T06:55:01.0970298Z  create mode 100755 audit/kube/failed_pods.json
audit-pods	Commit Results	2026-02-26T06:55:02.0765524Z To https://github.com/Ka0s-Klaus/ka0s
audit-pods	Commit Results	2026-02-26T06:55:02.0767347Z    f2279e2a7..30b65b1dd  main -> main
audit-pods	Install GH CLI	ï»¿2026-02-26T06:55:02.1205511Z Prepare all required actions
audit-pods	Install GH CLI	2026-02-26T06:55:02.1279540Z ##[group]Run ./.github/actions/install-gh-cli
audit-pods	Install GH CLI	2026-02-26T06:55:02.1280165Z env:
audit-pods	Install GH CLI	2026-02-26T06:55:02.1280569Z   KAOS_MODULE: [Ka0S] Audit Pods
audit-pods	Install GH CLI	2026-02-26T06:55:02.1281091Z   KAOS_CODE: 22431309995
audit-pods	Install GH CLI	2026-02-26T06:55:02.1281538Z ##[endgroup]
audit-pods	Install GH CLI	2026-02-26T06:55:02.1313548Z ##[group]Run type -p curl >/dev/null || (sudo apt-get update && sudo apt-get install curl -y)
audit-pods	Install GH CLI	2026-02-26T06:55:02.1314677Z [36;1mtype -p curl >/dev/null || (sudo apt-get update && sudo apt-get install curl -y)[0m
audit-pods	Install GH CLI	2026-02-26T06:55:02.1316071Z [36;1mcurl -fsSL https://cli.github.com/packages/githubcli-archive-keyring.gpg | sudo dd of=/usr/share/keyrings/githubcli-archive-keyring.gpg \[0m
audit-pods	Install GH CLI	2026-02-26T06:55:02.1317382Z [36;1m&& sudo chmod go+r /usr/share/keyrings/githubcli-archive-keyring.gpg \[0m
audit-pods	Install GH CLI	2026-02-26T06:55:02.1319117Z [36;1m&& echo "deb [arch=$(dpkg --print-architecture) signed-by=/usr/share/keyrings/githubcli-archive-keyring.gpg] https://cli.github.com/packages stable main" | sudo tee /etc/apt/sources.list.d/github-cli.list > /dev/null \[0m
audit-pods	Install GH CLI	2026-02-26T06:55:02.1320708Z [36;1m&& sudo apt-get update \[0m
audit-pods	Install GH CLI	2026-02-26T06:55:02.1321186Z [36;1m&& sudo apt-get install gh -y[0m
audit-pods	Install GH CLI	2026-02-26T06:55:02.1337068Z shell: /usr/bin/bash --noprofile --norc -e -o pipefail {0}
audit-pods	Install GH CLI	2026-02-26T06:55:02.1337567Z env:
audit-pods	Install GH CLI	2026-02-26T06:55:02.1337867Z   KAOS_MODULE: [Ka0S] Audit Pods
audit-pods	Install GH CLI	2026-02-26T06:55:02.1338235Z   KAOS_CODE: 22431309995
audit-pods	Install GH CLI	2026-02-26T06:55:02.1338567Z ##[endgroup]
audit-pods	Install GH CLI	2026-02-26T06:55:02.2144058Z 4+1 records in
audit-pods	Install GH CLI	2026-02-26T06:55:02.2144426Z 4+1 records out
audit-pods	Install GH CLI	2026-02-26T06:55:02.2145018Z 2270 bytes (2.3 kB, 2.2 KiB) copied, 0.0604774 s, 37.5 kB/s
audit-pods	Install GH CLI	2026-02-26T06:55:02.4023891Z Get:1 https://cli.github.com/packages stable InRelease [3917 B]
audit-pods	Install GH CLI	2026-02-26T06:55:02.4359869Z Get:2 http://security.ubuntu.com/ubuntu noble-security InRelease [126 kB]
audit-pods	Install GH CLI	2026-02-26T06:55:02.4679897Z Get:3 http://archive.ubuntu.com/ubuntu noble InRelease [256 kB]
audit-pods	Install GH CLI	2026-02-26T06:55:02.4926078Z Get:4 https://cli.github.com/packages stable/main amd64 Packages [357 B]
audit-pods	Install GH CLI	2026-02-26T06:55:02.7787614Z Get:5 http://archive.ubuntu.com/ubuntu noble-updates InRelease [126 kB]
audit-pods	Install GH CLI	2026-02-26T06:55:02.8035197Z Get:6 http://security.ubuntu.com/ubuntu noble-security/universe amd64 Packages [1209 kB]
audit-pods	Install GH CLI	2026-02-26T06:55:02.8146119Z Get:7 https://ppa.launchpadcontent.net/git-core/ppa/ubuntu noble InRelease [24.3 kB]
audit-pods	Install GH CLI	2026-02-26T06:55:02.8528718Z Get:8 http://archive.ubuntu.com/ubuntu noble-backports InRelease [126 kB]
audit-pods	Install GH CLI	2026-02-26T06:55:02.9279995Z Get:9 http://archive.ubuntu.com/ubuntu noble/restricted amd64 Packages [117 kB]
audit-pods	Install GH CLI	2026-02-26T06:55:02.9475825Z Get:10 http://archive.ubuntu.com/ubuntu noble/main amd64 Packages [1808 kB]
audit-pods	Install GH CLI	2026-02-26T06:55:03.0044841Z Get:11 https://ppa.launchpadcontent.net/git-core/ppa/ubuntu noble/main amd64 Packages [2992 B]
audit-pods	Install GH CLI	2026-02-26T06:55:03.0566034Z Get:12 http://security.ubuntu.com/ubuntu noble-security/main amd64 Packages [1879 kB]
audit-pods	Install GH CLI	2026-02-26T06:55:03.1073257Z Get:13 http://archive.ubuntu.com/ubuntu noble/multiverse amd64 Packages [331 kB]
audit-pods	Install GH CLI	2026-02-26T06:55:03.1179386Z Get:14 http://archive.ubuntu.com/ubuntu noble/universe amd64 Packages [19.3 MB]
audit-pods	Install GH CLI	2026-02-26T06:55:03.1290443Z Get:15 http://security.ubuntu.com/ubuntu noble-security/multiverse amd64 Packages [34.8 kB]
audit-pods	Install GH CLI	2026-02-26T06:55:03.1293612Z Get:16 http://security.ubuntu.com/ubuntu noble-security/restricted amd64 Packages [3246 kB]
audit-pods	Install GH CLI	2026-02-26T06:55:03.4295666Z Get:17 http://archive.ubuntu.com/ubuntu noble-updates/restricted amd64 Packages [3471 kB]
audit-pods	Install GH CLI	2026-02-26T06:55:03.4532678Z Get:18 http://archive.ubuntu.com/ubuntu noble-updates/main amd64 Packages [2276 kB]
audit-pods	Install GH CLI	2026-02-26T06:55:03.5278531Z Get:19 http://archive.ubuntu.com/ubuntu noble-updates/multiverse amd64 Packages [38.1 kB]
audit-pods	Install GH CLI	2026-02-26T06:55:03.5336339Z Get:20 http://archive.ubuntu.com/ubuntu noble-updates/universe amd64 Packages [2017 kB]
audit-pods	Install GH CLI	2026-02-26T06:55:03.5616117Z Get:21 http://archive.ubuntu.com/ubuntu noble-backports/main amd64 Packages [49.5 kB]
audit-pods	Install GH CLI	2026-02-26T06:55:03.5702759Z Get:22 http://archive.ubuntu.com/ubuntu noble-backports/universe amd64 Packages [34.6 kB]
audit-pods	Install GH CLI	2026-02-26T06:55:04.7155588Z Fetched 36.5 MB in 2s (15.1 MB/s)
audit-pods	Install GH CLI	2026-02-26T06:55:05.6689231Z Reading package lists...
audit-pods	Install GH CLI	2026-02-26T06:55:06.6373141Z Reading package lists...
audit-pods	Install GH CLI	2026-02-26T06:55:06.8617335Z Building dependency tree...
audit-pods	Install GH CLI	2026-02-26T06:55:06.8617864Z Reading state information...
audit-pods	Install GH CLI	2026-02-26T06:55:07.2245411Z The following NEW packages will be installed:
audit-pods	Install GH CLI	2026-02-26T06:55:07.2268342Z   gh
audit-pods	Install GH CLI	2026-02-26T06:55:07.3263025Z 0 upgraded, 1 newly installed, 0 to remove and 0 not upgraded.
audit-pods	Install GH CLI	2026-02-26T06:55:07.3263872Z Need to get 13.8 MB of archives.
audit-pods	Install GH CLI	2026-02-26T06:55:07.3264454Z After this operation, 38.5 MB of additional disk space will be used.
audit-pods	Install GH CLI	2026-02-26T06:55:07.3265462Z Get:1 https://cli.github.com/packages stable/main amd64 gh amd64 2.87.3 [13.8 MB]
audit-pods	Install GH CLI	2026-02-26T06:55:07.7197068Z debconf: delaying package configuration, since apt-utils is not installed
audit-pods	Install GH CLI	2026-02-26T06:55:07.7615716Z Fetched 13.8 MB in 0s (44.9 MB/s)
audit-pods	Install GH CLI	2026-02-26T06:55:07.7904178Z Selecting previously unselected package gh.
audit-pods	Install GH CLI	2026-02-26T06:55:07.7944637Z (Reading database ... 
audit-pods	Install GH CLI	2026-02-26T06:55:07.7945011Z (Reading database ... 5%
audit-pods	Install GH CLI	2026-02-26T06:55:07.7945348Z (Reading database ... 10%
audit-pods	Install GH CLI	2026-02-26T06:55:07.7945673Z (Reading database ... 15%
audit-pods	Install GH CLI	2026-02-26T06:55:07.7945994Z (Reading database ... 20%
audit-pods	Install GH CLI	2026-02-26T06:55:07.7946308Z (Reading database ... 25%
audit-pods	Install GH CLI	2026-02-26T06:55:07.7946628Z (Reading database ... 30%
audit-pods	Install GH CLI	2026-02-26T06:55:07.7946946Z (Reading database ... 35%
audit-pods	Install GH CLI	2026-02-26T06:55:07.7947268Z (Reading database ... 40%
audit-pods	Install GH CLI	2026-02-26T06:55:07.7947607Z (Reading database ... 45%
audit-pods	Install GH CLI	2026-02-26T06:55:07.7947927Z (Reading database ... 50%
audit-pods	Install GH CLI	2026-02-26T06:55:07.7948244Z (Reading database ... 55%
audit-pods	Install GH CLI	2026-02-26T06:55:07.7948562Z (Reading database ... 60%
audit-pods	Install GH CLI	2026-02-26T06:55:07.7959906Z (Reading database ... 65%
audit-pods	Install GH CLI	2026-02-26T06:55:07.7977789Z (Reading database ... 70%
audit-pods	Install GH CLI	2026-02-26T06:55:07.7983928Z (Reading database ... 75%
audit-pods	Install GH CLI	2026-02-26T06:55:07.7999439Z (Reading database ... 80%
audit-pods	Install GH CLI	2026-02-26T06:55:07.8004766Z (Reading database ... 85%
audit-pods	Install GH CLI	2026-02-26T06:55:07.8017342Z (Reading database ... 90%
audit-pods	Install GH CLI	2026-02-26T06:55:07.8039247Z (Reading database ... 95%
audit-pods	Install GH CLI	2026-02-26T06:55:07.8039672Z (Reading database ... 100%
audit-pods	Install GH CLI	2026-02-26T06:55:07.8040152Z (Reading database ... 14387 files and directories currently installed.)
audit-pods	Install GH CLI	2026-02-26T06:55:07.8047115Z Preparing to unpack .../archives/gh_2.87.3_amd64.deb ...
audit-pods	Install GH CLI	2026-02-26T06:55:07.8079038Z Unpacking gh (2.87.3) ...
audit-pods	Install GH CLI	2026-02-26T06:55:08.0398414Z Setting up gh (2.87.3) ...
audit-pods	Create GitHub Issue (Problem)	ï»¿2026-02-26T06:55:08.0927284Z ##[group]Run python3 devops/core/k8s/create-github-problem.py
audit-pods	Create GitHub Issue (Problem)	2026-02-26T06:55:08.0928033Z [36;1mpython3 devops/core/k8s/create-github-problem.py[0m
audit-pods	Create GitHub Issue (Problem)	2026-02-26T06:55:08.0942605Z shell: /usr/bin/bash -e {0}
audit-pods	Create GitHub Issue (Problem)	2026-02-26T06:55:08.0942984Z env:
audit-pods	Create GitHub Issue (Problem)	2026-02-26T06:55:08.0943292Z   KAOS_MODULE: [Ka0S] Audit Pods
audit-pods	Create GitHub Issue (Problem)	2026-02-26T06:55:08.0943673Z   KAOS_CODE: 22431309995
audit-pods	Create GitHub Issue (Problem)	2026-02-26T06:55:08.0944380Z   GH_TOKEN: ***
audit-pods	Create GitHub Issue (Problem)	2026-02-26T06:55:08.0944925Z   FAILED_PODS_FILE: audit/kube/failed_pods.json
audit-pods	Create GitHub Issue (Problem)	2026-02-26T06:55:08.0945379Z ##[endgroup]
audit-pods	Create GitHub Issue (Problem)	2026-02-26T06:55:12.0490076Z Label 'itop-problem' not found. Attempting to create...
audit-pods	Create GitHub Issue (Problem)	2026-02-26T06:55:12.0491994Z Created label 'itop-problem'.
audit-pods	Create GitHub Issue (Problem)	2026-02-26T06:55:12.0493531Z Label 'triage' not found. Attempting to create...
audit-pods	Create GitHub Issue (Problem)	2026-02-26T06:55:12.0495671Z Created label 'triage'.
audit-pods	Create GitHub Issue (Problem)	2026-02-26T06:55:12.0497127Z Label 'automated' not found. Attempting to create...
audit-pods	Create GitHub Issue (Problem)	2026-02-26T06:55:12.0498756Z Created label 'automated'.
audit-pods	Create GitHub Issue (Problem)	2026-02-26T06:55:12.0500067Z Found 2 failed pods. Processing...
audit-pods	Create GitHub Issue (Problem)	2026-02-26T06:55:12.0502028Z Issue already exists for elk/mongodb-sync-29526285-vk9b4: #4260
audit-pods	Create GitHub Issue (Problem)	2026-02-26T06:55:12.0506575Z Issue already exists for elk/mongodb-sync-29529840-b2mvk: #4261
audit-pods	Post Checkout repository	ï»¿2026-02-26T06:55:12.0903065Z Post job cleanup.
audit-pods	Post Checkout repository	2026-02-26T06:55:12.1980330Z [command]/usr/bin/git version
audit-pods	Post Checkout repository	2026-02-26T06:55:12.2022935Z git version 2.53.0
audit-pods	Post Checkout repository	2026-02-26T06:55:12.2065889Z Copying '/home/runner/.gitconfig' to '/home/runner/_work/_temp/35ca5ca2-42b0-44a3-bd81-8c16aefa32fc/.gitconfig'
audit-pods	Post Checkout repository	2026-02-26T06:55:12.2078420Z Temporarily overriding HOME='/home/runner/_work/_temp/35ca5ca2-42b0-44a3-bd81-8c16aefa32fc' before making global git config changes
audit-pods	Post Checkout repository	2026-02-26T06:55:12.2079295Z Adding repository directory to the temporary git global config as a safe directory
audit-pods	Post Checkout repository	2026-02-26T06:55:12.2083860Z [command]/usr/bin/git config --global --add safe.directory /home/runner/_work/ka0s/ka0s
audit-pods	Post Checkout repository	2026-02-26T06:55:12.2131218Z [command]/usr/bin/git config --local --name-only --get-regexp core\.sshCommand
audit-pods	Post Checkout repository	2026-02-26T06:55:12.2179830Z [command]/usr/bin/git submodule foreach --recursive sh -c "git config --local --name-only --get-regexp 'core\.sshCommand' && git config --local --unset-all 'core.sshCommand' || :"
audit-pods	Post Checkout repository	2026-02-26T06:55:12.2522197Z [command]/usr/bin/git config --local --name-only --get-regexp http\.https\:\/\/github\.com\/\.extraheader
audit-pods	Post Checkout repository	2026-02-26T06:55:12.2553087Z http.https://github.com/.extraheader
audit-pods	Post Checkout repository	2026-02-26T06:55:12.2569076Z [command]/usr/bin/git config --local --unset-all http.https://github.com/.extraheader
audit-pods	Post Checkout repository	2026-02-26T06:55:12.2614834Z [command]/usr/bin/git submodule foreach --recursive sh -c "git config --local --name-only --get-regexp 'http\.https\:\/\/github\.com\/\.extraheader' && git config --local --unset-all 'http.https://github.com/.extraheader' || :"
audit-pods	Post Checkout repository	2026-02-26T06:55:12.2961680Z [command]/usr/bin/git config --local --name-only --get-regexp ^includeIf\.gitdir:
audit-pods	Post Checkout repository	2026-02-26T06:55:12.3009549Z [command]/usr/bin/git submodule foreach --recursive git config --local --show-origin --name-only --get-regexp remote.origin.url
audit-pods	Complete job	ï»¿2026-02-26T06:55:12.3522592Z Cleaning up orphan processes
handle-success	Set up job	ï»¿2026-02-26T06:55:25.6944460Z Current runner version: '2.332.0'
handle-success	Set up job	2026-02-26T06:55:25.6953590Z Runner name: 'swarm-runners-scaleset-hkss5-runner-fc4xh'
handle-success	Set up job	2026-02-26T06:55:25.6954597Z Runner group name: 'Default'
handle-success	Set up job	2026-02-26T06:55:25.6955873Z Machine name: 'swarm-runners-scaleset-hkss5-runner-fc4xh'
handle-success	Set up job	2026-02-26T06:55:25.6959783Z ##[group]GITHUB_TOKEN Permissions
handle-success	Set up job	2026-02-26T06:55:25.6962203Z Actions: write
handle-success	Set up job	2026-02-26T06:55:25.6962761Z Contents: write
handle-success	Set up job	2026-02-26T06:55:25.6963426Z Issues: write
handle-success	Set up job	2026-02-26T06:55:25.6964019Z Metadata: read
handle-success	Set up job	2026-02-26T06:55:25.6964564Z ##[endgroup]
handle-success	Set up job	2026-02-26T06:55:25.6967168Z Secret source: Actions
handle-success	Set up job	2026-02-26T06:55:25.6967872Z Prepare workflow directory
handle-success	Set up job	2026-02-26T06:55:25.7517225Z Prepare all required actions
handle-success	Set up job	2026-02-26T06:55:25.7609682Z Complete job name: handle-success
handle-success	Run echo "[Ka0S] Audit Pods Success in runid 22431309995 initiated."	ï»¿2026-02-26T06:55:25.8267705Z ##[group]Run echo "[Ka0S] Audit Pods Success in runid 22431309995 initiated."
handle-success	Run echo "[Ka0S] Audit Pods Success in runid 22431309995 initiated."	2026-02-26T06:55:25.8268685Z [36;1mecho "[Ka0S] Audit Pods Success in runid 22431309995 initiated."[0m
handle-success	Run echo "[Ka0S] Audit Pods Success in runid 22431309995 initiated."	2026-02-26T06:55:25.8298526Z shell: /usr/bin/bash -e {0}
handle-success	Run echo "[Ka0S] Audit Pods Success in runid 22431309995 initiated."	2026-02-26T06:55:25.8299985Z env:
handle-success	Run echo "[Ka0S] Audit Pods Success in runid 22431309995 initiated."	2026-02-26T06:55:25.8300398Z   KAOS_MODULE: [Ka0S] Audit Pods
handle-success	Run echo "[Ka0S] Audit Pods Success in runid 22431309995 initiated."	2026-02-26T06:55:25.8300859Z   KAOS_CODE: 22431309995
handle-success	Run echo "[Ka0S] Audit Pods Success in runid 22431309995 initiated."	2026-02-26T06:55:25.8301262Z ##[endgroup]
handle-success	Run echo "[Ka0S] Audit Pods Success in runid 22431309995 initiated."	2026-02-26T06:55:25.8585549Z [Ka0S] Audit Pods Success in runid 22431309995 initiated.
handle-success	Complete job	ï»¿2026-02-26T06:55:25.8710947Z Cleaning up orphan processes
end-workflow	Set up job	ï»¿2026-02-26T06:55:39.3580824Z Current runner version: '2.332.0'
end-workflow	Set up job	2026-02-26T06:55:39.3589445Z Runner name: 'swarm-runners-scaleset-hkss5-runner-ld9d2'
end-workflow	Set up job	2026-02-26T06:55:39.3590756Z Runner group name: 'Default'
end-workflow	Set up job	2026-02-26T06:55:39.3592370Z Machine name: 'swarm-runners-scaleset-hkss5-runner-ld9d2'
end-workflow	Set up job	2026-02-26T06:55:39.3596411Z ##[group]GITHUB_TOKEN Permissions
end-workflow	Set up job	2026-02-26T06:55:39.3599258Z Actions: write
end-workflow	Set up job	2026-02-26T06:55:39.3599895Z Contents: write
end-workflow	Set up job	2026-02-26T06:55:39.3600501Z Issues: write
end-workflow	Set up job	2026-02-26T06:55:39.3601282Z Metadata: read
end-workflow	Set up job	2026-02-26T06:55:39.3602158Z ##[endgroup]
end-workflow	Set up job	2026-02-26T06:55:39.3604417Z Secret source: Actions
end-workflow	Set up job	2026-02-26T06:55:39.3605506Z Prepare workflow directory
end-workflow	Set up job	2026-02-26T06:55:39.4166680Z Prepare all required actions
end-workflow	Set up job	2026-02-26T06:55:39.4209610Z Getting action download info
end-workflow	Set up job	2026-02-26T06:55:40.0341117Z Download action repository 'actions/checkout@v4' (SHA:34e114876b0b11c390a56381ad16ebd13914f8d5)
end-workflow	Set up job	2026-02-26T06:55:41.0523799Z Complete job name: end-workflow
end-workflow	Checkout Repository	ï»¿2026-02-26T06:55:41.1309850Z ##[group]Run actions/checkout@v4
end-workflow	Checkout Repository	2026-02-26T06:55:41.1310885Z with:
end-workflow	Checkout Repository	2026-02-26T06:55:41.1311335Z   fetch-depth: 0
end-workflow	Checkout Repository	2026-02-26T06:55:41.1311805Z   repository: Ka0s-Klaus/ka0s
end-workflow	Checkout Repository	2026-02-26T06:55:41.1312604Z   token: ***
end-workflow	Checkout Repository	2026-02-26T06:55:41.1313042Z   ssh-strict: true
end-workflow	Checkout Repository	2026-02-26T06:55:41.1313498Z   ssh-user: git
end-workflow	Checkout Repository	2026-02-26T06:55:41.1313952Z   persist-credentials: true
end-workflow	Checkout Repository	2026-02-26T06:55:41.1314454Z   clean: true
end-workflow	Checkout Repository	2026-02-26T06:55:41.1315597Z   sparse-checkout-cone-mode: true
end-workflow	Checkout Repository	2026-02-26T06:55:41.1316154Z   fetch-tags: false
end-workflow	Checkout Repository	2026-02-26T06:55:41.1316612Z   show-progress: true
end-workflow	Checkout Repository	2026-02-26T06:55:41.1317066Z   lfs: false
end-workflow	Checkout Repository	2026-02-26T06:55:41.1317487Z   submodules: false
end-workflow	Checkout Repository	2026-02-26T06:55:41.1317970Z   set-safe-directory: true
end-workflow	Checkout Repository	2026-02-26T06:55:41.1318718Z env:
end-workflow	Checkout Repository	2026-02-26T06:55:41.1319173Z   KAOS_MODULE: [Ka0S] Audit Pods
end-workflow	Checkout Repository	2026-02-26T06:55:41.1319713Z   KAOS_CODE: 22431309995
end-workflow	Checkout Repository	2026-02-26T06:55:41.1320191Z ##[endgroup]
end-workflow	Checkout Repository	2026-02-26T06:55:41.2570238Z Syncing repository: Ka0s-Klaus/ka0s
end-workflow	Checkout Repository	2026-02-26T06:55:41.2572494Z ##[group]Getting Git version info
end-workflow	Checkout Repository	2026-02-26T06:55:41.2573334Z Working directory is '/home/runner/_work/ka0s/ka0s'
end-workflow	Checkout Repository	2026-02-26T06:55:41.2574818Z [command]/usr/bin/git version
end-workflow	Checkout Repository	2026-02-26T06:55:41.2575487Z git version 2.53.0
end-workflow	Checkout Repository	2026-02-26T06:55:41.2604378Z ##[endgroup]
end-workflow	Checkout Repository	2026-02-26T06:55:41.2624018Z Temporarily overriding HOME='/home/runner/_work/_temp/094e4555-e33f-4a4e-b59e-ea7a85769b9f' before making global git config changes
end-workflow	Checkout Repository	2026-02-26T06:55:41.2625940Z Adding repository directory to the temporary git global config as a safe directory
end-workflow	Checkout Repository	2026-02-26T06:55:41.2628096Z [command]/usr/bin/git config --global --add safe.directory /home/runner/_work/ka0s/ka0s
end-workflow	Checkout Repository	2026-02-26T06:55:41.2678459Z Deleting the contents of '/home/runner/_work/ka0s/ka0s'
end-workflow	Checkout Repository	2026-02-26T06:55:41.2683240Z ##[group]Initializing the repository
end-workflow	Checkout Repository	2026-02-26T06:55:41.2688016Z [command]/usr/bin/git init /home/runner/_work/ka0s/ka0s
end-workflow	Checkout Repository	2026-02-26T06:55:41.2759640Z hint: Using 'master' as the name for the initial branch. This default branch name
end-workflow	Checkout Repository	2026-02-26T06:55:41.2760861Z hint: will change to "main" in Git 3.0. To configure the initial branch name
end-workflow	Checkout Repository	2026-02-26T06:55:41.2762239Z hint: to use in all of your new repositories, which will suppress this warning,
end-workflow	Checkout Repository	2026-02-26T06:55:41.2763085Z hint: call:
end-workflow	Checkout Repository	2026-02-26T06:55:41.2763495Z hint:
end-workflow	Checkout Repository	2026-02-26T06:55:41.2764046Z hint: 	git config --global init.defaultBranch <name>
end-workflow	Checkout Repository	2026-02-26T06:55:41.2765380Z hint:
end-workflow	Checkout Repository	2026-02-26T06:55:41.2766001Z hint: Names commonly chosen instead of 'master' are 'main', 'trunk' and
end-workflow	Checkout Repository	2026-02-26T06:55:41.2766995Z hint: 'development'. The just-created branch can be renamed via this command:
end-workflow	Checkout Repository	2026-02-26T06:55:41.2767772Z hint:
end-workflow	Checkout Repository	2026-02-26T06:55:41.2768186Z hint: 	git branch -m <name>
end-workflow	Checkout Repository	2026-02-26T06:55:41.2768812Z hint:
end-workflow	Checkout Repository	2026-02-26T06:55:41.2769909Z hint: Disable this message with "git config set advice.defaultBranchName false"
end-workflow	Checkout Repository	2026-02-26T06:55:41.2771167Z Initialized empty Git repository in /home/runner/_work/ka0s/ka0s/.git/
end-workflow	Checkout Repository	2026-02-26T06:55:41.2778078Z [command]/usr/bin/git remote add origin https://github.com/Ka0s-Klaus/ka0s
end-workflow	Checkout Repository	2026-02-26T06:55:41.2823088Z ##[endgroup]
end-workflow	Checkout Repository	2026-02-26T06:55:41.2825060Z ##[group]Disabling automatic garbage collection
end-workflow	Checkout Repository	2026-02-26T06:55:41.2827414Z [command]/usr/bin/git config --local gc.auto 0
end-workflow	Checkout Repository	2026-02-26T06:55:41.2870864Z ##[endgroup]
end-workflow	Checkout Repository	2026-02-26T06:55:41.2871854Z ##[group]Setting up auth
end-workflow	Checkout Repository	2026-02-26T06:55:41.2879737Z [command]/usr/bin/git config --local --name-only --get-regexp core\.sshCommand
end-workflow	Checkout Repository	2026-02-26T06:55:41.2925110Z [command]/usr/bin/git submodule foreach --recursive sh -c "git config --local --name-only --get-regexp 'core\.sshCommand' && git config --local --unset-all 'core.sshCommand' || :"
end-workflow	Checkout Repository	2026-02-26T06:55:41.3267752Z [command]/usr/bin/git config --local --name-only --get-regexp http\.https\:\/\/github\.com\/\.extraheader
end-workflow	Checkout Repository	2026-02-26T06:55:41.3308489Z [command]/usr/bin/git submodule foreach --recursive sh -c "git config --local --name-only --get-regexp 'http\.https\:\/\/github\.com\/\.extraheader' && git config --local --unset-all 'http.https://github.com/.extraheader' || :"
end-workflow	Checkout Repository	2026-02-26T06:55:41.3653842Z [command]/usr/bin/git config --local --name-only --get-regexp ^includeIf\.gitdir:
end-workflow	Checkout Repository	2026-02-26T06:55:41.3697067Z [command]/usr/bin/git submodule foreach --recursive git config --local --show-origin --name-only --get-regexp remote.origin.url
end-workflow	Checkout Repository	2026-02-26T06:55:41.4029578Z [command]/usr/bin/git config --local http.https://github.com/.extraheader AUTHORIZATION: basic ***
end-workflow	Checkout Repository	2026-02-26T06:55:41.4095131Z ##[endgroup]
end-workflow	Checkout Repository	2026-02-26T06:55:41.4096084Z ##[group]Fetching the repository
end-workflow	Checkout Repository	2026-02-26T06:55:41.4103888Z [command]/usr/bin/git -c protocol.version=2 fetch --prune --no-recurse-submodules origin +refs/heads/*:refs/remotes/origin/* +refs/tags/*:refs/tags/*
end-workflow	Checkout Repository	2026-02-26T06:56:05.2304171Z From https://github.com/Ka0s-Klaus/ka0s
end-workflow	Checkout Repository	2026-02-26T06:56:05.2305022Z  * [new branch]          F3450-modelo-operativo -> origin/F3450-modelo-operativo
end-workflow	Checkout Repository	2026-02-26T06:56:05.2305720Z  * [new branch]          H1276-modulo-observabilidad -> origin/H1276-modulo-observabilidad
end-workflow	Checkout Repository	2026-02-26T06:56:05.2306371Z  * [new branch]          H3596-deploy-itop      -> origin/H3596-deploy-itop
end-workflow	Checkout Repository	2026-02-26T06:56:05.2307514Z  * [new branch]          H4170-flujo-detallado-zabbix---github -> origin/H4170-flujo-detallado-zabbix---github
end-workflow	Checkout Repository	2026-02-26T06:56:05.2312650Z  * [new branch]          H4191-request-cambios  -> origin/H4191-request-cambios
end-workflow	Checkout Repository	2026-02-26T06:56:05.2313534Z  * [new branch]          H4200-request-recomendaciones-de-auditoria -> origin/H4200-request-recomendaciones-de-auditoria
end-workflow	Checkout Repository	2026-02-26T06:56:05.2314272Z  * [new branch]          main                   -> origin/main
end-workflow	Checkout Repository	2026-02-26T06:56:05.2314886Z  * [new tag]             0.0.0                  -> 0.0.0
end-workflow	Checkout Repository	2026-02-26T06:56:05.2315317Z  * [new tag]             0.0.1                  -> 0.0.1
end-workflow	Checkout Repository	2026-02-26T06:56:05.2315715Z  * [new tag]             0.0.10                 -> 0.0.10
end-workflow	Checkout Repository	2026-02-26T06:56:05.2316171Z  * [new tag]             0.0.100                -> 0.0.100
end-workflow	Checkout Repository	2026-02-26T06:56:05.2316572Z  * [new tag]             0.0.101                -> 0.0.101
end-workflow	Checkout Repository	2026-02-26T06:56:05.2317000Z  * [new tag]             0.0.102                -> 0.0.102
end-workflow	Checkout Repository	2026-02-26T06:56:05.2317512Z  * [new tag]             0.0.103                -> 0.0.103
end-workflow	Checkout Repository	2026-02-26T06:56:05.2317965Z  * [new tag]             0.0.104                -> 0.0.104
end-workflow	Checkout Repository	2026-02-26T06:56:05.2318361Z  * [new tag]             0.0.105                -> 0.0.105
end-workflow	Checkout Repository	2026-02-26T06:56:05.2318761Z  * [new tag]             0.0.106                -> 0.0.106
end-workflow	Checkout Repository	2026-02-26T06:56:05.2319160Z  * [new tag]             0.0.107                -> 0.0.107
end-workflow	Checkout Repository	2026-02-26T06:56:05.2319669Z  * [new tag]             0.0.108                -> 0.0.108
end-workflow	Checkout Repository	2026-02-26T06:56:05.2320209Z  * [new tag]             0.0.109                -> 0.0.109
end-workflow	Checkout Repository	2026-02-26T06:56:05.2320604Z  * [new tag]             0.0.11                 -> 0.0.11
end-workflow	Checkout Repository	2026-02-26T06:56:05.2321028Z  * [new tag]             0.0.110                -> 0.0.110
end-workflow	Checkout Repository	2026-02-26T06:56:05.2321426Z  * [new tag]             0.0.111                -> 0.0.111
end-workflow	Checkout Repository	2026-02-26T06:56:05.2321952Z  * [new tag]             0.0.112                -> 0.0.112
end-workflow	Checkout Repository	2026-02-26T06:56:05.2322337Z  * [new tag]             0.0.113                -> 0.0.113
end-workflow	Checkout Repository	2026-02-26T06:56:05.2323678Z  * [new tag]             0.0.114                -> 0.0.114
end-workflow	Checkout Repository	2026-02-26T06:56:05.2324120Z  * [new tag]             0.0.115                -> 0.0.115
end-workflow	Checkout Repository	2026-02-26T06:56:05.2324575Z  * [new tag]             0.0.116                -> 0.0.116
end-workflow	Checkout Repository	2026-02-26T06:56:05.2325071Z  * [new tag]             0.0.117                -> 0.0.117
end-workflow	Checkout Repository	2026-02-26T06:56:05.2325528Z  * [new tag]             0.0.118                -> 0.0.118
end-workflow	Checkout Repository	2026-02-26T06:56:05.2325926Z  * [new tag]             0.0.119                -> 0.0.119
end-workflow	Checkout Repository	2026-02-26T06:56:05.2326327Z  * [new tag]             0.0.12                 -> 0.0.12
end-workflow	Checkout Repository	2026-02-26T06:56:05.2326725Z  * [new tag]             0.0.120                -> 0.0.120
end-workflow	Checkout Repository	2026-02-26T06:56:05.2327127Z  * [new tag]             0.0.121                -> 0.0.121
end-workflow	Checkout Repository	2026-02-26T06:56:05.2327525Z  * [new tag]             0.0.122                -> 0.0.122
end-workflow	Checkout Repository	2026-02-26T06:56:05.2327927Z  * [new tag]             0.0.123                -> 0.0.123
end-workflow	Checkout Repository	2026-02-26T06:56:05.2328617Z  * [new tag]             0.0.124                -> 0.0.124
end-workflow	Checkout Repository	2026-02-26T06:56:05.2329038Z  * [new tag]             0.0.125                -> 0.0.125
end-workflow	Checkout Repository	2026-02-26T06:56:05.2329560Z  * [new tag]             0.0.126                -> 0.0.126
end-workflow	Checkout Repository	2026-02-26T06:56:05.2329948Z  * [new tag]             0.0.127                -> 0.0.127
end-workflow	Checkout Repository	2026-02-26T06:56:05.2330339Z  * [new tag]             0.0.128                -> 0.0.128
end-workflow	Checkout Repository	2026-02-26T06:56:05.2330722Z  * [new tag]             0.0.129                -> 0.0.129
end-workflow	Checkout Repository	2026-02-26T06:56:05.2331246Z  * [new tag]             0.0.13                 -> 0.0.13
end-workflow	Checkout Repository	2026-02-26T06:56:05.2331637Z  * [new tag]             0.0.130                -> 0.0.130
end-workflow	Checkout Repository	2026-02-26T06:56:05.2332025Z  * [new tag]             0.0.131                -> 0.0.131
end-workflow	Checkout Repository	2026-02-26T06:56:05.2332416Z  * [new tag]             0.0.132                -> 0.0.132
end-workflow	Checkout Repository	2026-02-26T06:56:05.2332803Z  * [new tag]             0.0.133                -> 0.0.133
end-workflow	Checkout Repository	2026-02-26T06:56:05.2333196Z  * [new tag]             0.0.134                -> 0.0.134
end-workflow	Checkout Repository	2026-02-26T06:56:05.2333922Z  * [new tag]             0.0.135                -> 0.0.135
end-workflow	Checkout Repository	2026-02-26T06:56:05.2334423Z  * [new tag]             0.0.136                -> 0.0.136
end-workflow	Checkout Repository	2026-02-26T06:56:05.2335665Z  * [new tag]             0.0.137                -> 0.0.137
end-workflow	Checkout Repository	2026-02-26T06:56:05.2336077Z  * [new tag]             0.0.138                -> 0.0.138
end-workflow	Checkout Repository	2026-02-26T06:56:05.2336479Z  * [new tag]             0.0.139                -> 0.0.139
end-workflow	Checkout Repository	2026-02-26T06:56:05.2336876Z  * [new tag]             0.0.14                 -> 0.0.14
end-workflow	Checkout Repository	2026-02-26T06:56:05.2337282Z  * [new tag]             0.0.140                -> 0.0.140
end-workflow	Checkout Repository	2026-02-26T06:56:05.2337681Z  * [new tag]             0.0.141                -> 0.0.141
end-workflow	Checkout Repository	2026-02-26T06:56:05.2338074Z  * [new tag]             0.0.142                -> 0.0.142
end-workflow	Checkout Repository	2026-02-26T06:56:05.2338476Z  * [new tag]             0.0.143                -> 0.0.143
end-workflow	Checkout Repository	2026-02-26T06:56:05.2338872Z  * [new tag]             0.0.144                -> 0.0.144
end-workflow	Checkout Repository	2026-02-26T06:56:05.2339273Z  * [new tag]             0.0.145                -> 0.0.145
end-workflow	Checkout Repository	2026-02-26T06:56:05.2339690Z  * [new tag]             0.0.146                -> 0.0.146
end-workflow	Checkout Repository	2026-02-26T06:56:05.2340206Z  * [new tag]             0.0.147                -> 0.0.147
end-workflow	Checkout Repository	2026-02-26T06:56:05.2340598Z  * [new tag]             0.0.148                -> 0.0.148
end-workflow	Checkout Repository	2026-02-26T06:56:05.2340980Z  * [new tag]             0.0.149                -> 0.0.149
end-workflow	Checkout Repository	2026-02-26T06:56:05.2341393Z  * [new tag]             0.0.15                 -> 0.0.15
end-workflow	Checkout Repository	2026-02-26T06:56:05.2341850Z  * [new tag]             0.0.150                -> 0.0.150
end-workflow	Checkout Repository	2026-02-26T06:56:05.2342234Z  * [new tag]             0.0.151                -> 0.0.151
end-workflow	Checkout Repository	2026-02-26T06:56:05.2342628Z  * [new tag]             0.0.152                -> 0.0.152
end-workflow	Checkout Repository	2026-02-26T06:56:05.2343020Z  * [new tag]             0.0.153                -> 0.0.153
end-workflow	Checkout Repository	2026-02-26T06:56:05.2343420Z  * [new tag]             0.0.154                -> 0.0.154
end-workflow	Checkout Repository	2026-02-26T06:56:05.2343819Z  * [new tag]             0.0.155                -> 0.0.155
end-workflow	Checkout Repository	2026-02-26T06:56:05.2344230Z  * [new tag]             0.0.156                -> 0.0.156
end-workflow	Checkout Repository	2026-02-26T06:56:05.2345610Z  * [new tag]             0.0.157                -> 0.0.157
end-workflow	Checkout Repository	2026-02-26T06:56:05.2346151Z  * [new tag]             0.0.158                -> 0.0.158
end-workflow	Checkout Repository	2026-02-26T06:56:05.2346704Z  * [new tag]             0.0.159                -> 0.0.159
end-workflow	Checkout Repository	2026-02-26T06:56:05.2347108Z  * [new tag]             0.0.16                 -> 0.0.16
end-workflow	Checkout Repository	2026-02-26T06:56:05.2347518Z  * [new tag]             0.0.160                -> 0.0.160
end-workflow	Checkout Repository	2026-02-26T06:56:05.2348045Z  * [new tag]             0.0.161                -> 0.0.161
end-workflow	Checkout Repository	2026-02-26T06:56:05.2348458Z  * [new tag]             0.0.162                -> 0.0.162
end-workflow	Checkout Repository	2026-02-26T06:56:05.2348878Z  * [new tag]             0.0.163                -> 0.0.163
end-workflow	Checkout Repository	2026-02-26T06:56:05.2349276Z  * [new tag]             0.0.164                -> 0.0.164
end-workflow	Checkout Repository	2026-02-26T06:56:05.2349674Z  * [new tag]             0.0.165                -> 0.0.165
end-workflow	Checkout Repository	2026-02-26T06:56:05.2350072Z  * [new tag]             0.0.166                -> 0.0.166
end-workflow	Checkout Repository	2026-02-26T06:56:05.2350704Z  * [new tag]             0.0.167                -> 0.0.167
end-workflow	Checkout Repository	2026-02-26T06:56:05.2351100Z  * [new tag]             0.0.168                -> 0.0.168
end-workflow	Checkout Repository	2026-02-26T06:56:05.2351499Z  * [new tag]             0.0.169                -> 0.0.169
end-workflow	Checkout Repository	2026-02-26T06:56:05.2351895Z  * [new tag]             0.0.17                 -> 0.0.17
end-workflow	Checkout Repository	2026-02-26T06:56:05.2352295Z  * [new tag]             0.0.170                -> 0.0.170
end-workflow	Checkout Repository	2026-02-26T06:56:05.2352693Z  * [new tag]             0.0.171                -> 0.0.171
end-workflow	Checkout Repository	2026-02-26T06:56:05.2353084Z  * [new tag]             0.0.172                -> 0.0.172
end-workflow	Checkout Repository	2026-02-26T06:56:05.2353479Z  * [new tag]             0.0.173                -> 0.0.173
end-workflow	Checkout Repository	2026-02-26T06:56:05.2353874Z  * [new tag]             0.0.174                -> 0.0.174
end-workflow	Checkout Repository	2026-02-26T06:56:05.2354415Z  * [new tag]             0.0.175                -> 0.0.175
end-workflow	Checkout Repository	2026-02-26T06:56:05.2355067Z  * [new tag]             0.0.176                -> 0.0.176
end-workflow	Checkout Repository	2026-02-26T06:56:05.2355480Z  * [new tag]             0.0.177                -> 0.0.177
end-workflow	Checkout Repository	2026-02-26T06:56:05.2355913Z  * [new tag]             0.0.178                -> 0.0.178
end-workflow	Checkout Repository	2026-02-26T06:56:05.2356328Z  * [new tag]             0.0.179                -> 0.0.179
end-workflow	Checkout Repository	2026-02-26T06:56:05.2378094Z  * [new tag]             0.0.18                 -> 0.0.18
end-workflow	Checkout Repository	2026-02-26T06:56:05.2378588Z  * [new tag]             0.0.19                 -> 0.0.19
end-workflow	Checkout Repository	2026-02-26T06:56:05.2378999Z  * [new tag]             0.0.2                  -> 0.0.2
end-workflow	Checkout Repository	2026-02-26T06:56:05.2379400Z  * [new tag]             0.0.20                 -> 0.0.20
end-workflow	Checkout Repository	2026-02-26T06:56:05.2379918Z  * [new tag]             0.0.21                 -> 0.0.21
end-workflow	Checkout Repository	2026-02-26T06:56:05.2380303Z  * [new tag]             0.0.22                 -> 0.0.22
end-workflow	Checkout Repository	2026-02-26T06:56:05.2380682Z  * [new tag]             0.0.23                 -> 0.0.23
end-workflow	Checkout Repository	2026-02-26T06:56:05.2381065Z  * [new tag]             0.0.24                 -> 0.0.24
end-workflow	Checkout Repository	2026-02-26T06:56:05.2381456Z  * [new tag]             0.0.25                 -> 0.0.25
end-workflow	Checkout Repository	2026-02-26T06:56:05.2381870Z  * [new tag]             0.0.26                 -> 0.0.26
end-workflow	Checkout Repository	2026-02-26T06:56:05.2382268Z  * [new tag]             0.0.27                 -> 0.0.27
end-workflow	Checkout Repository	2026-02-26T06:56:05.2382645Z  * [new tag]             0.0.28                 -> 0.0.28
end-workflow	Checkout Repository	2026-02-26T06:56:05.2383037Z  * [new tag]             0.0.29                 -> 0.0.29
end-workflow	Checkout Repository	2026-02-26T06:56:05.2383416Z  * [new tag]             0.0.3                  -> 0.0.3
end-workflow	Checkout Repository	2026-02-26T06:56:05.2383800Z  * [new tag]             0.0.30                 -> 0.0.30
end-workflow	Checkout Repository	2026-02-26T06:56:05.2384184Z  * [new tag]             0.0.31                 -> 0.0.31
end-workflow	Checkout Repository	2026-02-26T06:56:05.2395338Z  * [new tag]             0.0.32                 -> 0.0.32
end-workflow	Checkout Repository	2026-02-26T06:56:05.2396264Z  * [new tag]             0.0.33                 -> 0.0.33
end-workflow	Checkout Repository	2026-02-26T06:56:05.2396796Z  * [new tag]             0.0.34                 -> 0.0.34
end-workflow	Checkout Repository	2026-02-26T06:56:05.2397190Z  * [new tag]             0.0.35                 -> 0.0.35
end-workflow	Checkout Repository	2026-02-26T06:56:05.2397572Z  * [new tag]             0.0.36                 -> 0.0.36
end-workflow	Checkout Repository	2026-02-26T06:56:05.2397981Z  * [new tag]             0.0.37                 -> 0.0.37
end-workflow	Checkout Repository	2026-02-26T06:56:05.2398676Z  * [new tag]             0.0.38                 -> 0.0.38
end-workflow	Checkout Repository	2026-02-26T06:56:05.2399060Z  * [new tag]             0.0.39                 -> 0.0.39
end-workflow	Checkout Repository	2026-02-26T06:56:05.2399454Z  * [new tag]             0.0.4                  -> 0.0.4
end-workflow	Checkout Repository	2026-02-26T06:56:05.2399840Z  * [new tag]             0.0.40                 -> 0.0.40
end-workflow	Checkout Repository	2026-02-26T06:56:05.2400224Z  * [new tag]             0.0.41                 -> 0.0.41
end-workflow	Checkout Repository	2026-02-26T06:56:05.2400608Z  * [new tag]             0.0.42                 -> 0.0.42
end-workflow	Checkout Repository	2026-02-26T06:56:05.2400994Z  * [new tag]             0.0.43                 -> 0.0.43
end-workflow	Checkout Repository	2026-02-26T06:56:05.2401378Z  * [new tag]             0.0.44                 -> 0.0.44
end-workflow	Checkout Repository	2026-02-26T06:56:05.2401763Z  * [new tag]             0.0.45                 -> 0.0.45
end-workflow	Checkout Repository	2026-02-26T06:56:05.2402152Z  * [new tag]             0.0.46                 -> 0.0.46
end-workflow	Checkout Repository	2026-02-26T06:56:05.2402532Z  * [new tag]             0.0.47                 -> 0.0.47
end-workflow	Checkout Repository	2026-02-26T06:56:05.2405336Z  * [new tag]             0.0.48                 -> 0.0.48
end-workflow	Checkout Repository	2026-02-26T06:56:05.2405790Z  * [new tag]             0.0.49                 -> 0.0.49
end-workflow	Checkout Repository	2026-02-26T06:56:05.2406184Z  * [new tag]             0.0.5                  -> 0.0.5
end-workflow	Checkout Repository	2026-02-26T06:56:05.2406567Z  * [new tag]             0.0.50                 -> 0.0.50
end-workflow	Checkout Repository	2026-02-26T06:56:05.2407073Z  * [new tag]             0.0.51                 -> 0.0.51
end-workflow	Checkout Repository	2026-02-26T06:56:05.2407876Z  * [new tag]             0.0.52                 -> 0.0.52
end-workflow	Checkout Repository	2026-02-26T06:56:05.2408662Z  * [new tag]             0.0.53                 -> 0.0.53
end-workflow	Checkout Repository	2026-02-26T06:56:05.2409170Z  * [new tag]             0.0.54                 -> 0.0.54
end-workflow	Checkout Repository	2026-02-26T06:56:05.2409551Z  * [new tag]             0.0.55                 -> 0.0.55
end-workflow	Checkout Repository	2026-02-26T06:56:05.2409938Z  * [new tag]             0.0.56                 -> 0.0.56
end-workflow	Checkout Repository	2026-02-26T06:56:05.2410321Z  * [new tag]             0.0.57                 -> 0.0.57
end-workflow	Checkout Repository	2026-02-26T06:56:05.2410699Z  * [new tag]             0.0.58                 -> 0.0.58
end-workflow	Checkout Repository	2026-02-26T06:56:05.2411101Z  * [new tag]             0.0.59                 -> 0.0.59
end-workflow	Checkout Repository	2026-02-26T06:56:05.2411478Z  * [new tag]             0.0.6                  -> 0.0.6
end-workflow	Checkout Repository	2026-02-26T06:56:05.2411851Z  * [new tag]             0.0.60                 -> 0.0.60
end-workflow	Checkout Repository	2026-02-26T06:56:05.2412220Z  * [new tag]             0.0.61                 -> 0.0.61
end-workflow	Checkout Repository	2026-02-26T06:56:05.2412599Z  * [new tag]             0.0.62                 -> 0.0.62
end-workflow	Checkout Repository	2026-02-26T06:56:05.2412977Z  * [new tag]             0.0.63                 -> 0.0.63
end-workflow	Checkout Repository	2026-02-26T06:56:05.2413349Z  * [new tag]             0.0.64                 -> 0.0.64
end-workflow	Checkout Repository	2026-02-26T06:56:05.2413726Z  * [new tag]             0.0.65                 -> 0.0.65
end-workflow	Checkout Repository	2026-02-26T06:56:05.2414100Z  * [new tag]             0.0.66                 -> 0.0.66
end-workflow	Checkout Repository	2026-02-26T06:56:05.2414478Z  * [new tag]             0.0.67                 -> 0.0.67
end-workflow	Checkout Repository	2026-02-26T06:56:05.2415231Z  * [new tag]             0.0.68                 -> 0.0.68
end-workflow	Checkout Repository	2026-02-26T06:56:05.2415742Z  * [new tag]             0.0.69                 -> 0.0.69
end-workflow	Checkout Repository	2026-02-26T06:56:05.2416121Z  * [new tag]             0.0.7                  -> 0.0.7
end-workflow	Checkout Repository	2026-02-26T06:56:05.2416502Z  * [new tag]             0.0.70                 -> 0.0.70
end-workflow	Checkout Repository	2026-02-26T06:56:05.2416879Z  * [new tag]             0.0.71                 -> 0.0.71
end-workflow	Checkout Repository	2026-02-26T06:56:05.2417251Z  * [new tag]             0.0.72                 -> 0.0.72
end-workflow	Checkout Repository	2026-02-26T06:56:05.2417627Z  * [new tag]             0.0.73                 -> 0.0.73
end-workflow	Checkout Repository	2026-02-26T06:56:05.2418002Z  * [new tag]             0.0.74                 -> 0.0.74
end-workflow	Checkout Repository	2026-02-26T06:56:05.2418380Z  * [new tag]             0.0.75                 -> 0.0.75
end-workflow	Checkout Repository	2026-02-26T06:56:05.2418751Z  * [new tag]             0.0.76                 -> 0.0.76
end-workflow	Checkout Repository	2026-02-26T06:56:05.2419139Z  * [new tag]             0.0.77                 -> 0.0.77
end-workflow	Checkout Repository	2026-02-26T06:56:05.2419517Z  * [new tag]             0.0.78                 -> 0.0.78
end-workflow	Checkout Repository	2026-02-26T06:56:05.2419895Z  * [new tag]             0.0.79                 -> 0.0.79
end-workflow	Checkout Repository	2026-02-26T06:56:05.2420279Z  * [new tag]             0.0.8                  -> 0.0.8
end-workflow	Checkout Repository	2026-02-26T06:56:05.2420898Z  * [new tag]             0.0.80                 -> 0.0.80
end-workflow	Checkout Repository	2026-02-26T06:56:05.2421285Z  * [new tag]             0.0.81                 -> 0.0.81
end-workflow	Checkout Repository	2026-02-26T06:56:05.2421659Z  * [new tag]             0.0.82                 -> 0.0.82
end-workflow	Checkout Repository	2026-02-26T06:56:05.2422035Z  * [new tag]             0.0.83                 -> 0.0.83
end-workflow	Checkout Repository	2026-02-26T06:56:05.2422412Z  * [new tag]             0.0.84                 -> 0.0.84
end-workflow	Checkout Repository	2026-02-26T06:56:05.2422791Z  * [new tag]             0.0.85                 -> 0.0.85
end-workflow	Checkout Repository	2026-02-26T06:56:05.2423167Z  * [new tag]             0.0.86                 -> 0.0.86
end-workflow	Checkout Repository	2026-02-26T06:56:05.2423544Z  * [new tag]             0.0.87                 -> 0.0.87
end-workflow	Checkout Repository	2026-02-26T06:56:05.2423926Z  * [new tag]             0.0.88                 -> 0.0.88
end-workflow	Checkout Repository	2026-02-26T06:56:05.2424301Z  * [new tag]             0.0.89                 -> 0.0.89
end-workflow	Checkout Repository	2026-02-26T06:56:05.2424901Z  * [new tag]             0.0.9                  -> 0.0.9
end-workflow	Checkout Repository	2026-02-26T06:56:05.2425997Z  * [new tag]             0.0.90                 -> 0.0.90
end-workflow	Checkout Repository	2026-02-26T06:56:05.2426381Z  * [new tag]             0.0.91                 -> 0.0.91
end-workflow	Checkout Repository	2026-02-26T06:56:05.2426764Z  * [new tag]             0.0.92                 -> 0.0.92
end-workflow	Checkout Repository	2026-02-26T06:56:05.2427145Z  * [new tag]             0.0.93                 -> 0.0.93
end-workflow	Checkout Repository	2026-02-26T06:56:05.2427524Z  * [new tag]             0.0.94                 -> 0.0.94
end-workflow	Checkout Repository	2026-02-26T06:56:05.2427898Z  * [new tag]             0.0.95                 -> 0.0.95
end-workflow	Checkout Repository	2026-02-26T06:56:05.2428279Z  * [new tag]             0.0.96                 -> 0.0.96
end-workflow	Checkout Repository	2026-02-26T06:56:05.2428655Z  * [new tag]             0.0.97                 -> 0.0.97
end-workflow	Checkout Repository	2026-02-26T06:56:05.2429035Z  * [new tag]             0.0.98                 -> 0.0.98
end-workflow	Checkout Repository	2026-02-26T06:56:05.2429539Z  * [new tag]             0.0.99                 -> 0.0.99
end-workflow	Checkout Repository	2026-02-26T06:56:05.2430306Z  * [new tag]             0.1.0                  -> 0.1.0
end-workflow	Checkout Repository	2026-02-26T06:56:05.2430682Z  * [new tag]             0.1.1                  -> 0.1.1
end-workflow	Checkout Repository	2026-02-26T06:56:05.2431068Z  * [new tag]             0.2.0                  -> 0.2.0
end-workflow	Checkout Repository	2026-02-26T06:56:05.2431449Z  * [new tag]             0.3.0                  -> 0.3.0
end-workflow	Checkout Repository	2026-02-26T06:56:05.2431817Z  * [new tag]             0.3.1                  -> 0.3.1
end-workflow	Checkout Repository	2026-02-26T06:56:05.2432228Z  * [new tag]             0.3.10                 -> 0.3.10
end-workflow	Checkout Repository	2026-02-26T06:56:05.2432604Z  * [new tag]             0.3.11                 -> 0.3.11
end-workflow	Checkout Repository	2026-02-26T06:56:05.2432984Z  * [new tag]             0.3.12                 -> 0.3.12
end-workflow	Checkout Repository	2026-02-26T06:56:05.2433357Z  * [new tag]             0.3.13                 -> 0.3.13
end-workflow	Checkout Repository	2026-02-26T06:56:05.2433736Z  * [new tag]             0.3.14                 -> 0.3.14
end-workflow	Checkout Repository	2026-02-26T06:56:05.2434110Z  * [new tag]             0.3.15                 -> 0.3.15
end-workflow	Checkout Repository	2026-02-26T06:56:05.2434490Z  * [new tag]             0.3.16                 -> 0.3.16
end-workflow	Checkout Repository	2026-02-26T06:56:05.2436439Z  * [new tag]             0.3.17                 -> 0.3.17
end-workflow	Checkout Repository	2026-02-26T06:56:05.2436831Z  * [new tag]             0.3.2                  -> 0.3.2
end-workflow	Checkout Repository	2026-02-26T06:56:05.2437349Z  * [new tag]             0.3.3                  -> 0.3.3
end-workflow	Checkout Repository	2026-02-26T06:56:05.2437722Z  * [new tag]             0.3.4                  -> 0.3.4
end-workflow	Checkout Repository	2026-02-26T06:56:05.2438094Z  * [new tag]             0.3.5                  -> 0.3.5
end-workflow	Checkout Repository	2026-02-26T06:56:05.2438467Z  * [new tag]             0.3.6                  -> 0.3.6
end-workflow	Checkout Repository	2026-02-26T06:56:05.2438845Z  * [new tag]             0.3.7                  -> 0.3.7
end-workflow	Checkout Repository	2026-02-26T06:56:05.2439213Z  * [new tag]             0.3.8                  -> 0.3.8
end-workflow	Checkout Repository	2026-02-26T06:56:05.2439585Z  * [new tag]             0.3.9                  -> 0.3.9
end-workflow	Checkout Repository	2026-02-26T06:56:05.2439960Z  * [new tag]             0.4.0                  -> 0.4.0
end-workflow	Checkout Repository	2026-02-26T06:56:05.2440330Z  * [new tag]             0.4.1                  -> 0.4.1
end-workflow	Checkout Repository	2026-02-26T06:56:05.2440850Z  * [new tag]             0.4.2                  -> 0.4.2
end-workflow	Checkout Repository	2026-02-26T06:56:05.2441637Z  * [new tag]             0.4.3                  -> 0.4.3
end-workflow	Checkout Repository	2026-02-26T06:56:05.2442439Z  * [new tag]             0.4.4                  -> 0.4.4
end-workflow	Checkout Repository	2026-02-26T06:56:05.2443176Z  * [new tag]             0.4.5                  -> 0.4.5
end-workflow	Checkout Repository	2026-02-26T06:56:05.2443554Z  * [new tag]             0.4.6                  -> 0.4.6
end-workflow	Checkout Repository	2026-02-26T06:56:05.2443928Z  * [new tag]             0.4.7                  -> 0.4.7
end-workflow	Checkout Repository	2026-02-26T06:56:05.2444301Z  * [new tag]             0.4.8                  -> 0.4.8
end-workflow	Checkout Repository	2026-02-26T06:56:05.2445017Z  * [new tag]             0.4.9                  -> 0.4.9
end-workflow	Checkout Repository	2026-02-26T06:56:05.2445638Z  * [new tag]             0.5.0                  -> 0.5.0
end-workflow	Checkout Repository	2026-02-26T06:56:05.2446015Z  * [new tag]             0.5.1                  -> 0.5.1
end-workflow	Checkout Repository	2026-02-26T06:56:05.2446383Z  * [new tag]             0.5.2                  -> 0.5.2
end-workflow	Checkout Repository	2026-02-26T06:56:05.2446760Z  * [new tag]             0.6.0                  -> 0.6.0
end-workflow	Checkout Repository	2026-02-26T06:56:05.2447131Z  * [new tag]             0.6.1                  -> 0.6.1
end-workflow	Checkout Repository	2026-02-26T06:56:05.2447501Z  * [new tag]             0.6.2                  -> 0.6.2
end-workflow	Checkout Repository	2026-02-26T06:56:05.2448074Z  * [new tag]             0.6.3                  -> 0.6.3
end-workflow	Checkout Repository	2026-02-26T06:56:05.2448454Z  * [new tag]             0.6.4                  -> 0.6.4
end-workflow	Checkout Repository	2026-02-26T06:56:05.2448829Z  * [new tag]             0.6.5                  -> 0.6.5
end-workflow	Checkout Repository	2026-02-26T06:56:05.2449200Z  * [new tag]             0.6.6                  -> 0.6.6
end-workflow	Checkout Repository	2026-02-26T06:56:05.2712234Z [command]/usr/bin/git branch --list --remote origin/main
end-workflow	Checkout Repository	2026-02-26T06:56:05.2789853Z   origin/main
end-workflow	Checkout Repository	2026-02-26T06:56:05.2802198Z [command]/usr/bin/git rev-parse refs/remotes/origin/main
end-workflow	Checkout Repository	2026-02-26T06:56:05.2835856Z 30b65b1ddfd5627631849ccc22414e1fa9aa9867
end-workflow	Checkout Repository	2026-02-26T06:56:05.2850075Z [command]/usr/bin/git -c protocol.version=2 fetch --no-tags --prune --no-recurse-submodules origin +f2279e2a7021c1967d5b25442e61d77f45275c2a:refs/remotes/origin/main
end-workflow	Checkout Repository	2026-02-26T06:56:05.3038103Z From https://github.com/Ka0s-Klaus/ka0s
end-workflow	Checkout Repository	2026-02-26T06:56:05.3038961Z  + 30b65b1dd...f2279e2a7 f2279e2a7021c1967d5b25442e61d77f45275c2a -> origin/main  (forced update)
end-workflow	Checkout Repository	2026-02-26T06:56:05.3078648Z ##[endgroup]
end-workflow	Checkout Repository	2026-02-26T06:56:05.3079450Z ##[group]Determining the checkout info
end-workflow	Checkout Repository	2026-02-26T06:56:05.3080098Z ##[endgroup]
end-workflow	Checkout Repository	2026-02-26T06:56:05.3084058Z [command]/usr/bin/git sparse-checkout disable
end-workflow	Checkout Repository	2026-02-26T06:56:05.3135893Z [command]/usr/bin/git config --local --unset-all extensions.worktreeConfig
end-workflow	Checkout Repository	2026-02-26T06:56:05.3174765Z ##[group]Checking out the ref
end-workflow	Checkout Repository	2026-02-26T06:56:05.3179365Z [command]/usr/bin/git checkout --progress --force -B main refs/remotes/origin/main
end-workflow	Checkout Repository	2026-02-26T06:56:05.5671285Z Switched to a new branch 'main'
end-workflow	Checkout Repository	2026-02-26T06:56:05.5675364Z branch 'main' set up to track 'origin/main'.
end-workflow	Checkout Repository	2026-02-26T06:56:05.5721286Z ##[endgroup]
end-workflow	Checkout Repository	2026-02-26T06:56:05.5775042Z [command]/usr/bin/git log -1 --format=%H
end-workflow	Checkout Repository	2026-02-26T06:56:05.5811131Z f2279e2a7021c1967d5b25442e61d77f45275c2a
end-workflow	Install GH CLI	ï»¿2026-02-26T06:56:05.6101942Z Prepare all required actions
end-workflow	Install GH CLI	2026-02-26T06:56:05.6157244Z ##[group]Run ./.github/actions/install-gh-cli
end-workflow	Install GH CLI	2026-02-26T06:56:05.6157578Z env:
end-workflow	Install GH CLI	2026-02-26T06:56:05.6157770Z   KAOS_MODULE: [Ka0S] Audit Pods
end-workflow	Install GH CLI	2026-02-26T06:56:05.6158019Z   KAOS_CODE: 22431309995
end-workflow	Install GH CLI	2026-02-26T06:56:05.6158244Z ##[endgroup]
end-workflow	Install GH CLI	2026-02-26T06:56:05.6263765Z ##[group]Run type -p curl >/dev/null || (sudo apt-get update && sudo apt-get install curl -y)
end-workflow	Install GH CLI	2026-02-26T06:56:05.6264478Z [36;1mtype -p curl >/dev/null || (sudo apt-get update && sudo apt-get install curl -y)[0m
end-workflow	Install GH CLI	2026-02-26T06:56:05.6265854Z [36;1mcurl -fsSL https://cli.github.com/packages/githubcli-archive-keyring.gpg | sudo dd of=/usr/share/keyrings/githubcli-archive-keyring.gpg \[0m
end-workflow	Install GH CLI	2026-02-26T06:56:05.6266686Z [36;1m&& sudo chmod go+r /usr/share/keyrings/githubcli-archive-keyring.gpg \[0m
end-workflow	Install GH CLI	2026-02-26T06:56:05.6267801Z [36;1m&& echo "deb [arch=$(dpkg --print-architecture) signed-by=/usr/share/keyrings/githubcli-archive-keyring.gpg] https://cli.github.com/packages stable main" | sudo tee /etc/apt/sources.list.d/github-cli.list > /dev/null \[0m
end-workflow	Install GH CLI	2026-02-26T06:56:05.6268860Z [36;1m&& sudo apt-get update \[0m
end-workflow	Install GH CLI	2026-02-26T06:56:05.6269139Z [36;1m&& sudo apt-get install gh -y[0m
end-workflow	Install GH CLI	2026-02-26T06:56:05.6285826Z shell: /usr/bin/bash --noprofile --norc -e -o pipefail {0}
end-workflow	Install GH CLI	2026-02-26T06:56:05.6286474Z env:
end-workflow	Install GH CLI	2026-02-26T06:56:05.6286671Z   KAOS_MODULE: [Ka0S] Audit Pods
end-workflow	Install GH CLI	2026-02-26T06:56:05.6286911Z   KAOS_CODE: 22431309995
end-workflow	Install GH CLI	2026-02-26T06:56:05.6287120Z ##[endgroup]
end-workflow	Install GH CLI	2026-02-26T06:56:05.7251880Z 4+1 records in
end-workflow	Install GH CLI	2026-02-26T06:56:05.7252150Z 4+1 records out
end-workflow	Install GH CLI	2026-02-26T06:56:05.7252551Z 2270 bytes (2.3 kB, 2.2 KiB) copied, 0.0642402 s, 35.3 kB/s
end-workflow	Install GH CLI	2026-02-26T06:56:05.9146155Z Get:1 http://security.ubuntu.com/ubuntu noble-security InRelease [126 kB]
end-workflow	Install GH CLI	2026-02-26T06:56:05.9185364Z Get:2 https://cli.github.com/packages stable InRelease [3917 B]
end-workflow	Install GH CLI	2026-02-26T06:56:05.9500818Z Get:3 http://archive.ubuntu.com/ubuntu noble InRelease [256 kB]
end-workflow	Install GH CLI	2026-02-26T06:56:06.0772991Z Get:4 https://ppa.launchpadcontent.net/git-core/ppa/ubuntu noble InRelease [24.3 kB]
end-workflow	Install GH CLI	2026-02-26T06:56:06.0789968Z Get:5 https://cli.github.com/packages stable/main amd64 Packages [357 B]
end-workflow	Install GH CLI	2026-02-26T06:56:06.1963562Z Get:6 http://security.ubuntu.com/ubuntu noble-security/universe amd64 Packages [1209 kB]
end-workflow	Install GH CLI	2026-02-26T06:56:06.2425336Z Get:7 http://archive.ubuntu.com/ubuntu noble-updates InRelease [126 kB]
end-workflow	Install GH CLI	2026-02-26T06:56:06.2789131Z Get:8 https://ppa.launchpadcontent.net/git-core/ppa/ubuntu noble/main amd64 Packages [2992 B]
end-workflow	Install GH CLI	2026-02-26T06:56:06.3143056Z Get:9 http://archive.ubuntu.com/ubuntu noble-backports InRelease [126 kB]
end-workflow	Install GH CLI	2026-02-26T06:56:06.3495806Z Get:10 http://security.ubuntu.com/ubuntu noble-security/main amd64 Packages [1879 kB]
end-workflow	Install GH CLI	2026-02-26T06:56:06.3870048Z Get:11 http://archive.ubuntu.com/ubuntu noble/universe amd64 Packages [19.3 MB]
end-workflow	Install GH CLI	2026-02-26T06:56:06.3942967Z Get:12 http://security.ubuntu.com/ubuntu noble-security/restricted amd64 Packages [3246 kB]
end-workflow	Install GH CLI	2026-02-26T06:56:06.4476982Z Get:13 http://security.ubuntu.com/ubuntu noble-security/multiverse amd64 Packages [34.8 kB]
end-workflow	Install GH CLI	2026-02-26T06:56:06.8317440Z Get:14 http://archive.ubuntu.com/ubuntu noble/main amd64 Packages [1808 kB]
end-workflow	Install GH CLI	2026-02-26T06:56:06.8441768Z Get:15 http://archive.ubuntu.com/ubuntu noble/restricted amd64 Packages [117 kB]
end-workflow	Install GH CLI	2026-02-26T06:56:06.8450216Z Get:16 http://archive.ubuntu.com/ubuntu noble/multiverse amd64 Packages [331 kB]
end-workflow	Install GH CLI	2026-02-26T06:56:06.8862155Z Get:17 http://archive.ubuntu.com/ubuntu noble-updates/main amd64 Packages [2276 kB]
end-workflow	Install GH CLI	2026-02-26T06:56:06.9654025Z Get:18 http://archive.ubuntu.com/ubuntu noble-updates/universe amd64 Packages [2017 kB]
end-workflow	Install GH CLI	2026-02-26T06:56:07.0047929Z Get:19 http://archive.ubuntu.com/ubuntu noble-updates/multiverse amd64 Packages [38.1 kB]
end-workflow	Install GH CLI	2026-02-26T06:56:07.0055688Z Get:20 http://archive.ubuntu.com/ubuntu noble-updates/restricted amd64 Packages [3471 kB]
end-workflow	Install GH CLI	2026-02-26T06:56:07.0745670Z Get:21 http://archive.ubuntu.com/ubuntu noble-backports/universe amd64 Packages [34.6 kB]
end-workflow	Install GH CLI	2026-02-26T06:56:07.0753968Z Get:22 http://archive.ubuntu.com/ubuntu noble-backports/main amd64 Packages [49.5 kB]
end-workflow	Install GH CLI	2026-02-26T06:56:08.0932438Z Fetched 36.5 MB in 2s (16.0 MB/s)
end-workflow	Install GH CLI	2026-02-26T06:56:09.0233589Z Reading package lists...
end-workflow	Install GH CLI	2026-02-26T06:56:10.0006364Z Reading package lists...
end-workflow	Install GH CLI	2026-02-26T06:56:10.2358551Z Building dependency tree...
end-workflow	Install GH CLI	2026-02-26T06:56:10.2359632Z Reading state information...
end-workflow	Install GH CLI	2026-02-26T06:56:10.5990721Z The following NEW packages will be installed:
end-workflow	Install GH CLI	2026-02-26T06:56:10.6012273Z   gh
end-workflow	Install GH CLI	2026-02-26T06:56:10.7102541Z 0 upgraded, 1 newly installed, 0 to remove and 0 not upgraded.
end-workflow	Install GH CLI	2026-02-26T06:56:10.7103301Z Need to get 13.8 MB of archives.
end-workflow	Install GH CLI	2026-02-26T06:56:10.7103945Z After this operation, 38.5 MB of additional disk space will be used.
end-workflow	Install GH CLI	2026-02-26T06:56:10.7105040Z Get:1 https://cli.github.com/packages stable/main amd64 gh amd64 2.87.3 [13.8 MB]
end-workflow	Install GH CLI	2026-02-26T06:56:11.1142415Z debconf: delaying package configuration, since apt-utils is not installed
end-workflow	Install GH CLI	2026-02-26T06:56:11.1562550Z Fetched 13.8 MB in 0s (41.1 MB/s)
end-workflow	Install GH CLI	2026-02-26T06:56:11.1843462Z Selecting previously unselected package gh.
end-workflow	Install GH CLI	2026-02-26T06:56:11.1882281Z (Reading database ... 
end-workflow	Install GH CLI	2026-02-26T06:56:11.1882586Z (Reading database ... 5%
end-workflow	Install GH CLI	2026-02-26T06:56:11.1882827Z (Reading database ... 10%
end-workflow	Install GH CLI	2026-02-26T06:56:11.1883069Z (Reading database ... 15%
end-workflow	Install GH CLI	2026-02-26T06:56:11.1883639Z (Reading database ... 20%
end-workflow	Install GH CLI	2026-02-26T06:56:11.1883878Z (Reading database ... 25%
end-workflow	Install GH CLI	2026-02-26T06:56:11.1884115Z (Reading database ... 30%
end-workflow	Install GH CLI	2026-02-26T06:56:11.1884342Z (Reading database ... 35%
end-workflow	Install GH CLI	2026-02-26T06:56:11.1884651Z (Reading database ... 40%
end-workflow	Install GH CLI	2026-02-26T06:56:11.1885059Z (Reading database ... 45%
end-workflow	Install GH CLI	2026-02-26T06:56:11.1885295Z (Reading database ... 50%
end-workflow	Install GH CLI	2026-02-26T06:56:11.1885526Z (Reading database ... 55%
end-workflow	Install GH CLI	2026-02-26T06:56:11.1885762Z (Reading database ... 60%
end-workflow	Install GH CLI	2026-02-26T06:56:11.1894687Z (Reading database ... 65%
end-workflow	Install GH CLI	2026-02-26T06:56:11.1911092Z (Reading database ... 70%
end-workflow	Install GH CLI	2026-02-26T06:56:11.1917877Z (Reading database ... 75%
end-workflow	Install GH CLI	2026-02-26T06:56:11.1933668Z (Reading database ... 80%
end-workflow	Install GH CLI	2026-02-26T06:56:11.1938234Z (Reading database ... 85%
end-workflow	Install GH CLI	2026-02-26T06:56:11.1949807Z (Reading database ... 90%
end-workflow	Install GH CLI	2026-02-26T06:56:11.1969445Z (Reading database ... 95%
end-workflow	Install GH CLI	2026-02-26T06:56:11.1969792Z (Reading database ... 100%
end-workflow	Install GH CLI	2026-02-26T06:56:11.1970158Z (Reading database ... 14387 files and directories currently installed.)
end-workflow	Install GH CLI	2026-02-26T06:56:11.1976931Z Preparing to unpack .../archives/gh_2.87.3_amd64.deb ...
end-workflow	Install GH CLI	2026-02-26T06:56:11.2008140Z Unpacking gh (2.87.3) ...
end-workflow	Install GH CLI	2026-02-26T06:56:11.4268805Z Setting up gh (2.87.3) ...
end-workflow	Trigger Inspector	ï»¿2026-02-26T06:56:11.4808385Z ##[group]Run echo "ð Triggering Inspector for Audit..."
end-workflow	Trigger Inspector	2026-02-26T06:56:11.4808855Z [36;1mecho "ð Triggering Inspector for Audit..."[0m
end-workflow	Trigger Inspector	2026-02-26T06:56:11.4809189Z [36;1mgh workflow run inspector.yml \[0m
end-workflow	Trigger Inspector	2026-02-26T06:56:11.4809474Z [36;1m  --ref main \[0m
end-workflow	Trigger Inspector	2026-02-26T06:56:11.4809720Z [36;1m  -f kaos-workflow-id="22431309995" \[0m
end-workflow	Trigger Inspector	2026-02-26T06:56:11.4810037Z [36;1m  -f kaos-user-start="santakloud"[0m
end-workflow	Trigger Inspector	2026-02-26T06:56:11.4822173Z shell: /usr/bin/bash -e {0}
end-workflow	Trigger Inspector	2026-02-26T06:56:11.4822429Z env:
end-workflow	Trigger Inspector	2026-02-26T06:56:11.4822618Z   KAOS_MODULE: [Ka0S] Audit Pods
end-workflow	Trigger Inspector	2026-02-26T06:56:11.4822871Z   KAOS_CODE: 22431309995
end-workflow	Trigger Inspector	2026-02-26T06:56:11.4823415Z   GH_TOKEN: ***
end-workflow	Trigger Inspector	2026-02-26T06:56:11.4823611Z ##[endgroup]
end-workflow	Trigger Inspector	2026-02-26T06:56:11.4858872Z ð Triggering Inspector for Audit...
end-workflow	Trigger Inspector	2026-02-26T06:56:13.2829736Z https://github.com/Ka0s-Klaus/ka0s/actions/runs/22431360105
end-workflow	Post Checkout Repository	ï»¿2026-02-26T06:56:13.3333352Z Post job cleanup.
end-workflow	Post Checkout Repository	2026-02-26T06:56:13.4443450Z [command]/usr/bin/git version
end-workflow	Post Checkout Repository	2026-02-26T06:56:13.4490082Z git version 2.53.0
end-workflow	Post Checkout Repository	2026-02-26T06:56:13.4538456Z Temporarily overriding HOME='/home/runner/_work/_temp/b1834204-7ce2-4935-a947-62e2322f8417' before making global git config changes
end-workflow	Post Checkout Repository	2026-02-26T06:56:13.4539528Z Adding repository directory to the temporary git global config as a safe directory
end-workflow	Post Checkout Repository	2026-02-26T06:56:13.4544873Z [command]/usr/bin/git config --global --add safe.directory /home/runner/_work/ka0s/ka0s
end-workflow	Post Checkout Repository	2026-02-26T06:56:13.4591805Z [command]/usr/bin/git config --local --name-only --get-regexp core\.sshCommand
end-workflow	Post Checkout Repository	2026-02-26T06:56:13.4639091Z [command]/usr/bin/git submodule foreach --recursive sh -c "git config --local --name-only --get-regexp 'core\.sshCommand' && git config --local --unset-all 'core.sshCommand' || :"
end-workflow	Post Checkout Repository	2026-02-26T06:56:13.4982381Z [command]/usr/bin/git config --local --name-only --get-regexp http\.https\:\/\/github\.com\/\.extraheader
end-workflow	Post Checkout Repository	2026-02-26T06:56:13.5013156Z http.https://github.com/.extraheader
end-workflow	Post Checkout Repository	2026-02-26T06:56:13.5029218Z [command]/usr/bin/git config --local --unset-all http.https://github.com/.extraheader
end-workflow	Post Checkout Repository	2026-02-26T06:56:13.5073847Z [command]/usr/bin/git submodule foreach --recursive sh -c "git config --local --name-only --get-regexp 'http\.https\:\/\/github\.com\/\.extraheader' && git config --local --unset-all 'http.https://github.com/.extraheader' || :"
end-workflow	Post Checkout Repository	2026-02-26T06:56:13.5408647Z [command]/usr/bin/git config --local --name-only --get-regexp ^includeIf\.gitdir:
end-workflow	Post Checkout Repository	2026-02-26T06:56:13.5451383Z [command]/usr/bin/git submodule foreach --recursive git config --local --show-origin --name-only --get-regexp remote.origin.url
end-workflow	Complete job	ï»¿2026-02-26T06:56:13.5924225Z Cleaning up orphan processes
