audit-pods	Set up job	ï»¿2026-02-26T15:10:17.6731542Z Current runner version: '2.332.0'
audit-pods	Set up job	2026-02-26T15:10:17.6741171Z Runner name: 'swarm-runners-scaleset-hkss5-runner-b765r'
audit-pods	Set up job	2026-02-26T15:10:17.6742412Z Runner group name: 'Default'
audit-pods	Set up job	2026-02-26T15:10:17.6743862Z Machine name: 'swarm-runners-scaleset-hkss5-runner-b765r'
audit-pods	Set up job	2026-02-26T15:10:17.6748539Z ##[group]GITHUB_TOKEN Permissions
audit-pods	Set up job	2026-02-26T15:10:17.6751445Z Actions: write
audit-pods	Set up job	2026-02-26T15:10:17.6752256Z Contents: write
audit-pods	Set up job	2026-02-26T15:10:17.6752943Z Issues: write
audit-pods	Set up job	2026-02-26T15:10:17.6753775Z Metadata: read
audit-pods	Set up job	2026-02-26T15:10:17.6754477Z ##[endgroup]
audit-pods	Set up job	2026-02-26T15:10:17.6756981Z Secret source: Actions
audit-pods	Set up job	2026-02-26T15:10:17.6758182Z Prepare workflow directory
audit-pods	Set up job	2026-02-26T15:10:17.7363921Z Prepare all required actions
audit-pods	Set up job	2026-02-26T15:10:17.7405751Z Getting action download info
audit-pods	Set up job	2026-02-26T15:10:18.4092217Z Download action repository 'actions/checkout@v4' (SHA:34e114876b0b11c390a56381ad16ebd13914f8d5)
audit-pods	Set up job	2026-02-26T15:10:19.4149927Z Complete job name: audit-pods
audit-pods	Checkout repository	ï»¿2026-02-26T15:10:19.4851367Z ##[group]Run actions/checkout@v4
audit-pods	Checkout repository	2026-02-26T15:10:19.4852621Z with:
audit-pods	Checkout repository	2026-02-26T15:10:19.4853226Z   repository: Ka0s-Klaus/ka0s
audit-pods	Checkout repository	2026-02-26T15:10:19.4854178Z   token: ***
audit-pods	Checkout repository	2026-02-26T15:10:19.4855129Z   ssh-strict: true
audit-pods	Checkout repository	2026-02-26T15:10:19.4855707Z   ssh-user: git
audit-pods	Checkout repository	2026-02-26T15:10:19.4856292Z   persist-credentials: true
audit-pods	Checkout repository	2026-02-26T15:10:19.4856925Z   clean: true
audit-pods	Checkout repository	2026-02-26T15:10:19.4857509Z   sparse-checkout-cone-mode: true
audit-pods	Checkout repository	2026-02-26T15:10:19.4858201Z   fetch-depth: 1
audit-pods	Checkout repository	2026-02-26T15:10:19.4858778Z   fetch-tags: false
audit-pods	Checkout repository	2026-02-26T15:10:19.4859359Z   show-progress: true
audit-pods	Checkout repository	2026-02-26T15:10:19.4859955Z   lfs: false
audit-pods	Checkout repository	2026-02-26T15:10:19.4860499Z   submodules: false
audit-pods	Checkout repository	2026-02-26T15:10:19.4861125Z   set-safe-directory: true
audit-pods	Checkout repository	2026-02-26T15:10:19.4862025Z env:
audit-pods	Checkout repository	2026-02-26T15:10:19.4862610Z   KAOS_MODULE: [Ka0S] Audit Pods
audit-pods	Checkout repository	2026-02-26T15:10:19.4863271Z   KAOS_CODE: 22448030092
audit-pods	Checkout repository	2026-02-26T15:10:19.4863893Z ##[endgroup]
audit-pods	Checkout repository	2026-02-26T15:10:19.6120610Z Syncing repository: Ka0s-Klaus/ka0s
audit-pods	Checkout repository	2026-02-26T15:10:19.6123356Z ##[group]Getting Git version info
audit-pods	Checkout repository	2026-02-26T15:10:19.6124434Z Working directory is '/home/runner/_work/ka0s/ka0s'
audit-pods	Checkout repository	2026-02-26T15:10:19.6126102Z [command]/usr/bin/git version
audit-pods	Checkout repository	2026-02-26T15:10:19.6126746Z git version 2.53.0
audit-pods	Checkout repository	2026-02-26T15:10:19.6154176Z ##[endgroup]
audit-pods	Checkout repository	2026-02-26T15:10:19.6172554Z Temporarily overriding HOME='/home/runner/_work/_temp/4e1951f4-40df-4f42-b6ad-d0fd528e8fdd' before making global git config changes
audit-pods	Checkout repository	2026-02-26T15:10:19.6174381Z Adding repository directory to the temporary git global config as a safe directory
audit-pods	Checkout repository	2026-02-26T15:10:19.6180212Z [command]/usr/bin/git config --global --add safe.directory /home/runner/_work/ka0s/ka0s
audit-pods	Checkout repository	2026-02-26T15:10:19.6228495Z Deleting the contents of '/home/runner/_work/ka0s/ka0s'
audit-pods	Checkout repository	2026-02-26T15:10:19.6235020Z ##[group]Initializing the repository
audit-pods	Checkout repository	2026-02-26T15:10:19.6252621Z [command]/usr/bin/git init /home/runner/_work/ka0s/ka0s
audit-pods	Checkout repository	2026-02-26T15:10:19.6311580Z hint: Using 'master' as the name for the initial branch. This default branch name
audit-pods	Checkout repository	2026-02-26T15:10:19.6313685Z hint: will change to "main" in Git 3.0. To configure the initial branch name
audit-pods	Checkout repository	2026-02-26T15:10:19.6316843Z hint: to use in all of your new repositories, which will suppress this warning,
audit-pods	Checkout repository	2026-02-26T15:10:19.6318197Z hint: call:
audit-pods	Checkout repository	2026-02-26T15:10:19.6318882Z hint:
audit-pods	Checkout repository	2026-02-26T15:10:19.6319570Z hint: 	git config --global init.defaultBranch <name>
audit-pods	Checkout repository	2026-02-26T15:10:19.6320350Z hint:
audit-pods	Checkout repository	2026-02-26T15:10:19.6321111Z hint: Names commonly chosen instead of 'master' are 'main', 'trunk' and
audit-pods	Checkout repository	2026-02-26T15:10:19.6322303Z hint: 'development'. The just-created branch can be renamed via this command:
audit-pods	Checkout repository	2026-02-26T15:10:19.6323269Z hint:
audit-pods	Checkout repository	2026-02-26T15:10:19.6323827Z hint: 	git branch -m <name>
audit-pods	Checkout repository	2026-02-26T15:10:19.6324461Z hint:
audit-pods	Checkout repository	2026-02-26T15:10:19.6325380Z hint: Disable this message with "git config set advice.defaultBranchName false"
audit-pods	Checkout repository	2026-02-26T15:10:19.6408929Z Initialized empty Git repository in /home/runner/_work/ka0s/ka0s/.git/
audit-pods	Checkout repository	2026-02-26T15:10:19.6445651Z [command]/usr/bin/git remote add origin https://github.com/Ka0s-Klaus/ka0s
audit-pods	Checkout repository	2026-02-26T15:10:19.6448595Z ##[endgroup]
audit-pods	Checkout repository	2026-02-26T15:10:19.6450369Z ##[group]Disabling automatic garbage collection
audit-pods	Checkout repository	2026-02-26T15:10:19.6451391Z [command]/usr/bin/git config --local gc.auto 0
audit-pods	Checkout repository	2026-02-26T15:10:19.6453582Z ##[endgroup]
audit-pods	Checkout repository	2026-02-26T15:10:19.6454862Z ##[group]Setting up auth
audit-pods	Checkout repository	2026-02-26T15:10:19.6458306Z [command]/usr/bin/git config --local --name-only --get-regexp core\.sshCommand
audit-pods	Checkout repository	2026-02-26T15:10:19.6504813Z [command]/usr/bin/git submodule foreach --recursive sh -c "git config --local --name-only --get-regexp 'core\.sshCommand' && git config --local --unset-all 'core.sshCommand' || :"
audit-pods	Checkout repository	2026-02-26T15:10:19.6848807Z [command]/usr/bin/git config --local --name-only --get-regexp http\.https\:\/\/github\.com\/\.extraheader
audit-pods	Checkout repository	2026-02-26T15:10:19.6888850Z [command]/usr/bin/git submodule foreach --recursive sh -c "git config --local --name-only --get-regexp 'http\.https\:\/\/github\.com\/\.extraheader' && git config --local --unset-all 'http.https://github.com/.extraheader' || :"
audit-pods	Checkout repository	2026-02-26T15:10:19.7219597Z [command]/usr/bin/git config --local --name-only --get-regexp ^includeIf\.gitdir:
audit-pods	Checkout repository	2026-02-26T15:10:19.7261016Z [command]/usr/bin/git submodule foreach --recursive git config --local --show-origin --name-only --get-regexp remote.origin.url
audit-pods	Checkout repository	2026-02-26T15:10:19.7607182Z [command]/usr/bin/git config --local http.https://github.com/.extraheader AUTHORIZATION: basic ***
audit-pods	Checkout repository	2026-02-26T15:10:19.7659162Z ##[endgroup]
audit-pods	Checkout repository	2026-02-26T15:10:19.7660288Z ##[group]Fetching the repository
audit-pods	Checkout repository	2026-02-26T15:10:19.7677865Z [command]/usr/bin/git -c protocol.version=2 fetch --no-tags --prune --no-recurse-submodules --depth=1 origin +0eefce0302a91e89d1ff51b6bd960768b58dc270:refs/remotes/origin/main
audit-pods	Checkout repository	2026-02-26T15:10:22.4863544Z From https://github.com/Ka0s-Klaus/ka0s
audit-pods	Checkout repository	2026-02-26T15:10:22.4869325Z  * [new ref]         0eefce0302a91e89d1ff51b6bd960768b58dc270 -> origin/main
audit-pods	Checkout repository	2026-02-26T15:10:22.5042311Z ##[endgroup]
audit-pods	Checkout repository	2026-02-26T15:10:22.5050984Z ##[group]Determining the checkout info
audit-pods	Checkout repository	2026-02-26T15:10:22.5054046Z ##[endgroup]
audit-pods	Checkout repository	2026-02-26T15:10:22.5069615Z [command]/usr/bin/git sparse-checkout disable
audit-pods	Checkout repository	2026-02-26T15:10:22.5269295Z [command]/usr/bin/git config --local --unset-all extensions.worktreeConfig
audit-pods	Checkout repository	2026-02-26T15:10:22.5422646Z ##[group]Checking out the ref
audit-pods	Checkout repository	2026-02-26T15:10:22.5440014Z [command]/usr/bin/git checkout --progress --force -B main refs/remotes/origin/main
audit-pods	Checkout repository	2026-02-26T15:10:22.8260510Z Switched to a new branch 'main'
audit-pods	Checkout repository	2026-02-26T15:10:22.8264994Z branch 'main' set up to track 'origin/main'.
audit-pods	Checkout repository	2026-02-26T15:10:22.8310519Z ##[endgroup]
audit-pods	Checkout repository	2026-02-26T15:10:22.8363167Z [command]/usr/bin/git log -1 --format=%H
audit-pods	Checkout repository	2026-02-26T15:10:22.8398648Z 0eefce0302a91e89d1ff51b6bd960768b58dc270
audit-pods	Execute Audit Script	ï»¿2026-02-26T15:10:22.8811980Z Prepare all required actions
audit-pods	Execute Audit Script	2026-02-26T15:10:22.8972901Z ##[group]Run ./.github/actions/ssh-exec
audit-pods	Execute Audit Script	2026-02-26T15:10:22.8973282Z with:
audit-pods	Execute Audit Script	2026-02-26T15:10:22.8973732Z   host: ***
audit-pods	Execute Audit Script	2026-02-26T15:10:22.8973995Z   username: ***
audit-pods	Execute Audit Script	2026-02-26T15:10:22.8977263Z   key: ***
audit-pods	Execute Audit Script	2026-02-26T15:10:22.8977960Z   port: ***
audit-pods	Execute Audit Script	2026-02-26T15:10:22.8978326Z   use-sudo: true
audit-pods	Execute Audit Script	2026-02-26T15:10:22.8978598Z   pass: ***
audit-pods	Execute Audit Script	2026-02-26T15:10:22.8978922Z   script-path: devops/core/k8s/audit-failed-pods.sh
audit-pods	Execute Audit Script	2026-02-26T15:10:22.8979314Z   remote-results-path: /tmp/results
audit-pods	Execute Audit Script	2026-02-26T15:10:22.8979649Z   local-results-path: audit/kube/
audit-pods	Execute Audit Script	2026-02-26T15:10:22.8979975Z   remote-tmp-dir: /tmp
audit-pods	Execute Audit Script	2026-02-26T15:10:22.8980229Z env:
audit-pods	Execute Audit Script	2026-02-26T15:10:22.8980468Z   KAOS_MODULE: [Ka0S] Audit Pods
audit-pods	Execute Audit Script	2026-02-26T15:10:22.8980785Z   KAOS_CODE: 22448030092
audit-pods	Execute Audit Script	2026-02-26T15:10:22.8981076Z ##[endgroup]
audit-pods	Execute Audit Script	2026-02-26T15:10:22.9128998Z ##[group]Run echo "***
audit-pods	Execute Audit Script	2026-02-26T15:10:22.9129482Z [36;1mecho "***[0m
audit-pods	Execute Audit Script	2026-02-26T15:10:22.9129980Z [36;1m***[0m
audit-pods	Execute Audit Script	2026-02-26T15:10:22.9130585Z [36;1m***[0m
audit-pods	Execute Audit Script	2026-02-26T15:10:22.9131224Z [36;1m***[0m
audit-pods	Execute Audit Script	2026-02-26T15:10:22.9131648Z [36;1m***[0m
audit-pods	Execute Audit Script	2026-02-26T15:10:22.9132077Z [36;1m***[0m
audit-pods	Execute Audit Script	2026-02-26T15:10:22.9132456Z [36;1m***" > /home/runner/_work/_temp/ssh_key[0m
audit-pods	Execute Audit Script	2026-02-26T15:10:22.9132855Z [36;1mchmod 600 /home/runner/_work/_temp/ssh_key[0m
audit-pods	Execute Audit Script	2026-02-26T15:10:22.9150677Z shell: /usr/bin/bash --noprofile --norc -e -o pipefail {0}
audit-pods	Execute Audit Script	2026-02-26T15:10:22.9151589Z env:
audit-pods	Execute Audit Script	2026-02-26T15:10:22.9151836Z   KAOS_MODULE: [Ka0S] Audit Pods
audit-pods	Execute Audit Script	2026-02-26T15:10:22.9152138Z   KAOS_CODE: 22448030092
audit-pods	Execute Audit Script	2026-02-26T15:10:22.9152401Z ##[endgroup]
audit-pods	Execute Audit Script	2026-02-26T15:10:22.9299140Z ##[group]Run scp -o StrictHostKeyChecking=no -i /home/runner/_work/_temp/ssh_key -P *** devops/core/k8s/audit-failed-pods.sh ***@***:/tmp
audit-pods	Execute Audit Script	2026-02-26T15:10:22.9300371Z [36;1mscp -o StrictHostKeyChecking=no -i /home/runner/_work/_temp/ssh_key -P *** devops/core/k8s/audit-failed-pods.sh ***@***:/tmp[0m
audit-pods	Execute Audit Script	2026-02-26T15:10:22.9313216Z shell: /usr/bin/bash --noprofile --norc -e -o pipefail {0}
audit-pods	Execute Audit Script	2026-02-26T15:10:22.9313666Z env:
audit-pods	Execute Audit Script	2026-02-26T15:10:22.9313925Z   KAOS_MODULE: [Ka0S] Audit Pods
audit-pods	Execute Audit Script	2026-02-26T15:10:22.9314236Z   KAOS_CODE: 22448030092
audit-pods	Execute Audit Script	2026-02-26T15:10:22.9315097Z ##[endgroup]
audit-pods	Execute Audit Script	2026-02-26T15:10:23.0679022Z Warning: Permanently added '[***]:***' (ED25519) to the list of known hosts.
audit-pods	Execute Audit Script	2026-02-26T15:10:24.4220612Z ##[group]Run REMOTE_SCRIPT_PATH="/tmp/$(basename devops/core/k8s/audit-failed-pods.sh)"
audit-pods	Execute Audit Script	2026-02-26T15:10:24.4223878Z [36;1mREMOTE_SCRIPT_PATH="/tmp/$(basename devops/core/k8s/audit-failed-pods.sh)"[0m
audit-pods	Execute Audit Script	2026-02-26T15:10:24.4226934Z [36;1mEXEC_COMMAND="chmod +x $REMOTE_SCRIPT_PATH && $REMOTE_SCRIPT_PATH "[0m
audit-pods	Execute Audit Script	2026-02-26T15:10:24.4229043Z [36;1mif [[ "true" == "true" ]]; then[0m
audit-pods	Execute Audit Script	2026-02-26T15:10:24.4231441Z [36;1m  SUDO_PREFIX="echo '***' | sudo -S"[0m
audit-pods	Execute Audit Script	2026-02-26T15:10:24.4233400Z [36;1m  COMMAND_CHAIN="$SUDO_PREFIX bash -c '$EXEC_COMMAND'"[0m
audit-pods	Execute Audit Script	2026-02-26T15:10:24.4235504Z [36;1m  if [[ "/tmp/results" != "" ]]; then[0m
audit-pods	Execute Audit Script	2026-02-26T15:10:24.4237672Z [36;1m    COMMAND_CHAIN="$COMMAND_CHAIN && $SUDO_PREFIX chmod -R 777 /tmp/results"[0m
audit-pods	Execute Audit Script	2026-02-26T15:10:24.4239794Z [36;1m  fi[0m
audit-pods	Execute Audit Script	2026-02-26T15:10:24.4242834Z [36;1m  ssh -o StrictHostKeyChecking=no -i /home/runner/_work/_temp/ssh_key -p *** ***@*** "$COMMAND_CHAIN && rm $REMOTE_SCRIPT_PATH"[0m
audit-pods	Execute Audit Script	2026-02-26T15:10:24.4246051Z [36;1melse[0m
audit-pods	Execute Audit Script	2026-02-26T15:10:24.4248957Z [36;1m  ssh -o StrictHostKeyChecking=no -i /home/runner/_work/_temp/ssh_key -p *** ***@*** "$EXEC_COMMAND && rm $REMOTE_SCRIPT_PATH"[0m
audit-pods	Execute Audit Script	2026-02-26T15:10:24.4251906Z [36;1mfi[0m
audit-pods	Execute Audit Script	2026-02-26T15:10:24.4297326Z shell: /usr/bin/bash --noprofile --norc -e -o pipefail {0}
audit-pods	Execute Audit Script	2026-02-26T15:10:24.4299095Z env:
audit-pods	Execute Audit Script	2026-02-26T15:10:24.4300123Z   KAOS_MODULE: [Ka0S] Audit Pods
audit-pods	Execute Audit Script	2026-02-26T15:10:24.4301440Z   KAOS_CODE: 22448030092
audit-pods	Execute Audit Script	2026-02-26T15:10:24.4302592Z ##[endgroup]
audit-pods	Execute Audit Script	2026-02-26T15:10:25.0229125Z [INFO] Iniciando auditorÃ­a de pods fallidos...
audit-pods	Execute Audit Script	2026-02-26T15:10:25.0231107Z [INFO] Directorio de salida: /tmp/results
audit-pods	Execute Audit Script	2026-02-26T15:10:25.5126277Z [SUCCESS] AuditorÃ­a finalizada. Se encontraron 2 pods con problemas.
audit-pods	Execute Audit Script	2026-02-26T15:10:25.5130973Z [INFO] Resultado guardado en: /tmp/results/failed_pods.json
audit-pods	Execute Audit Script	2026-02-26T15:10:25.5443093Z [sudo] password for ***: 
audit-pods	Execute Audit Script	2026-02-26T15:10:25.5652868Z ##[group]Run mkdir -p audit/kube/
audit-pods	Execute Audit Script	2026-02-26T15:10:25.5654423Z [36;1mmkdir -p audit/kube/[0m
audit-pods	Execute Audit Script	2026-02-26T15:10:25.5658268Z [36;1mscp -o StrictHostKeyChecking=no -r -i /home/runner/_work/_temp/ssh_key -P *** ***@***:/tmp/results/* audit/kube/[0m
audit-pods	Execute Audit Script	2026-02-26T15:10:25.5661401Z [36;1mecho "path=audit/kube/" >> $GITHUB_OUTPUT[0m
audit-pods	Execute Audit Script	2026-02-26T15:10:25.5700871Z shell: /usr/bin/bash --noprofile --norc -e -o pipefail {0}
audit-pods	Execute Audit Script	2026-02-26T15:10:25.5702051Z env:
audit-pods	Execute Audit Script	2026-02-26T15:10:25.5702746Z   KAOS_MODULE: [Ka0S] Audit Pods
audit-pods	Execute Audit Script	2026-02-26T15:10:25.5703624Z   KAOS_CODE: 22448030092
audit-pods	Execute Audit Script	2026-02-26T15:10:25.5704391Z ##[endgroup]
audit-pods	Commit Results	ï»¿2026-02-26T15:10:26.6726590Z ##[group]Run git config --global user.name "***"
audit-pods	Commit Results	2026-02-26T15:10:26.6727518Z [36;1mgit config --global user.name "***"[0m
audit-pods	Commit Results	2026-02-26T15:10:26.6728276Z [36;1mgit config --global user.email "***"[0m
audit-pods	Commit Results	2026-02-26T15:10:26.6728887Z [36;1mgit pull[0m
audit-pods	Commit Results	2026-02-26T15:10:26.6729493Z [36;1mgit add audit/kube/failed_pods.json audit/itop/ || true[0m
audit-pods	Commit Results	2026-02-26T15:10:26.6730292Z [36;1mif ! git diff --staged --quiet; then[0m
audit-pods	Commit Results	2026-02-26T15:10:26.6731380Z [36;1m  git commit -m "[Audit] Update failed pods and iTop reconciliation report $(date +'%Y-%m-%d %H:%M')"[0m
audit-pods	Commit Results	2026-02-26T15:10:26.6732430Z [36;1m  git push[0m
audit-pods	Commit Results	2026-02-26T15:10:26.6733315Z [36;1melse[0m
audit-pods	Commit Results	2026-02-26T15:10:26.6733966Z [36;1m  echo "No changes in failed pods or iTop reconciliation reports."[0m
audit-pods	Commit Results	2026-02-26T15:10:26.6735038Z [36;1mfi[0m
audit-pods	Commit Results	2026-02-26T15:10:26.6751907Z shell: /usr/bin/bash -e {0}
audit-pods	Commit Results	2026-02-26T15:10:26.6752353Z env:
audit-pods	Commit Results	2026-02-26T15:10:26.6752702Z   KAOS_MODULE: [Ka0S] Audit Pods
audit-pods	Commit Results	2026-02-26T15:10:26.6753151Z   KAOS_CODE: 22448030092
audit-pods	Commit Results	2026-02-26T15:10:26.6753589Z ##[endgroup]
audit-pods	Commit Results	2026-02-26T15:10:48.3021885Z From https://github.com/Ka0s-Klaus/ka0s
audit-pods	Commit Results	2026-02-26T15:10:48.3022705Z  * [new branch]          F3450-modelo-operativo -> origin/F3450-modelo-operativo
audit-pods	Commit Results	2026-02-26T15:10:48.3023353Z  * [new branch]          H1276-modulo-observabilidad -> origin/H1276-modulo-observabilidad
audit-pods	Commit Results	2026-02-26T15:10:48.3025130Z  * [new branch]          H3596-deploy-itop      -> origin/H3596-deploy-itop
audit-pods	Commit Results	2026-02-26T15:10:48.3025941Z  * [new branch]          H4170-flujo-detallado-zabbix---github -> origin/H4170-flujo-detallado-zabbix---github
audit-pods	Commit Results	2026-02-26T15:10:48.3026707Z  * [new branch]          H4191-request-cambios  -> origin/H4191-request-cambios
audit-pods	Commit Results	2026-02-26T15:10:48.3027501Z  * [new branch]          H4200-request-recomendaciones-de-auditoria -> origin/H4200-request-recomendaciones-de-auditoria
audit-pods	Commit Results	2026-02-26T15:10:48.8668193Z  * [new tag]             0.0.0                  -> 0.0.0
audit-pods	Commit Results	2026-02-26T15:10:48.8668710Z  * [new tag]             0.0.1                  -> 0.0.1
audit-pods	Commit Results	2026-02-26T15:10:48.8669146Z  * [new tag]             0.0.10                 -> 0.0.10
audit-pods	Commit Results	2026-02-26T15:10:48.8669556Z  * [new tag]             0.0.100                -> 0.0.100
audit-pods	Commit Results	2026-02-26T15:10:48.8670108Z  * [new tag]             0.0.101                -> 0.0.101
audit-pods	Commit Results	2026-02-26T15:10:48.8670510Z  * [new tag]             0.0.102                -> 0.0.102
audit-pods	Commit Results	2026-02-26T15:10:48.8670912Z  * [new tag]             0.0.103                -> 0.0.103
audit-pods	Commit Results	2026-02-26T15:10:48.8671311Z  * [new tag]             0.0.104                -> 0.0.104
audit-pods	Commit Results	2026-02-26T15:10:48.8671698Z  * [new tag]             0.0.105                -> 0.0.105
audit-pods	Commit Results	2026-02-26T15:10:48.8672098Z  * [new tag]             0.0.106                -> 0.0.106
audit-pods	Commit Results	2026-02-26T15:10:48.8672486Z  * [new tag]             0.0.107                -> 0.0.107
audit-pods	Commit Results	2026-02-26T15:10:48.8672870Z  * [new tag]             0.0.108                -> 0.0.108
audit-pods	Commit Results	2026-02-26T15:10:48.8675442Z  * [new tag]             0.0.109                -> 0.0.109
audit-pods	Commit Results	2026-02-26T15:10:48.8676330Z  * [new tag]             0.0.11                 -> 0.0.11
audit-pods	Commit Results	2026-02-26T15:10:48.8677134Z  * [new tag]             0.0.110                -> 0.0.110
audit-pods	Commit Results	2026-02-26T15:10:48.8677579Z  * [new tag]             0.0.111                -> 0.0.111
audit-pods	Commit Results	2026-02-26T15:10:48.8677998Z  * [new tag]             0.0.112                -> 0.0.112
audit-pods	Commit Results	2026-02-26T15:10:48.8686979Z  * [new tag]             0.0.113                -> 0.0.113
audit-pods	Commit Results	2026-02-26T15:10:48.8687488Z  * [new tag]             0.0.114                -> 0.0.114
audit-pods	Commit Results	2026-02-26T15:10:48.8687929Z  * [new tag]             0.0.115                -> 0.0.115
audit-pods	Commit Results	2026-02-26T15:10:48.8688570Z  * [new tag]             0.0.116                -> 0.0.116
audit-pods	Commit Results	2026-02-26T15:10:48.8689008Z  * [new tag]             0.0.117                -> 0.0.117
audit-pods	Commit Results	2026-02-26T15:10:48.8689398Z  * [new tag]             0.0.118                -> 0.0.118
audit-pods	Commit Results	2026-02-26T15:10:48.8689796Z  * [new tag]             0.0.119                -> 0.0.119
audit-pods	Commit Results	2026-02-26T15:10:48.8690188Z  * [new tag]             0.0.12                 -> 0.0.12
audit-pods	Commit Results	2026-02-26T15:10:48.8690581Z  * [new tag]             0.0.120                -> 0.0.120
audit-pods	Commit Results	2026-02-26T15:10:48.8691516Z  * [new tag]             0.0.121                -> 0.0.121
audit-pods	Commit Results	2026-02-26T15:10:48.8691912Z  * [new tag]             0.0.122                -> 0.0.122
audit-pods	Commit Results	2026-02-26T15:10:48.8692294Z  * [new tag]             0.0.123                -> 0.0.123
audit-pods	Commit Results	2026-02-26T15:10:48.8692686Z  * [new tag]             0.0.124                -> 0.0.124
audit-pods	Commit Results	2026-02-26T15:10:48.8693069Z  * [new tag]             0.0.125                -> 0.0.125
audit-pods	Commit Results	2026-02-26T15:10:48.8693466Z  * [new tag]             0.0.126                -> 0.0.126
audit-pods	Commit Results	2026-02-26T15:10:48.8693866Z  * [new tag]             0.0.127                -> 0.0.127
audit-pods	Commit Results	2026-02-26T15:10:48.8694582Z  * [new tag]             0.0.128                -> 0.0.128
audit-pods	Commit Results	2026-02-26T15:10:48.8695112Z  * [new tag]             0.0.129                -> 0.0.129
audit-pods	Commit Results	2026-02-26T15:10:48.8695491Z  * [new tag]             0.0.13                 -> 0.0.13
audit-pods	Commit Results	2026-02-26T15:10:48.8695872Z  * [new tag]             0.0.130                -> 0.0.130
audit-pods	Commit Results	2026-02-26T15:10:48.8696259Z  * [new tag]             0.0.131                -> 0.0.131
audit-pods	Commit Results	2026-02-26T15:10:48.8696784Z  * [new tag]             0.0.132                -> 0.0.132
audit-pods	Commit Results	2026-02-26T15:10:48.8697183Z  * [new tag]             0.0.133                -> 0.0.133
audit-pods	Commit Results	2026-02-26T15:10:48.8697724Z  * [new tag]             0.0.134                -> 0.0.134
audit-pods	Commit Results	2026-02-26T15:10:48.8698111Z  * [new tag]             0.0.135                -> 0.0.135
audit-pods	Commit Results	2026-02-26T15:10:48.8698495Z  * [new tag]             0.0.136                -> 0.0.136
audit-pods	Commit Results	2026-02-26T15:10:48.8698893Z  * [new tag]             0.0.137                -> 0.0.137
audit-pods	Commit Results	2026-02-26T15:10:48.8699297Z  * [new tag]             0.0.138                -> 0.0.138
audit-pods	Commit Results	2026-02-26T15:10:48.8699689Z  * [new tag]             0.0.139                -> 0.0.139
audit-pods	Commit Results	2026-02-26T15:10:48.8700079Z  * [new tag]             0.0.14                 -> 0.0.14
audit-pods	Commit Results	2026-02-26T15:10:48.8700470Z  * [new tag]             0.0.140                -> 0.0.140
audit-pods	Commit Results	2026-02-26T15:10:48.8700860Z  * [new tag]             0.0.141                -> 0.0.141
audit-pods	Commit Results	2026-02-26T15:10:48.8701265Z  * [new tag]             0.0.142                -> 0.0.142
audit-pods	Commit Results	2026-02-26T15:10:48.8701656Z  * [new tag]             0.0.143                -> 0.0.143
audit-pods	Commit Results	2026-02-26T15:10:48.8702050Z  * [new tag]             0.0.144                -> 0.0.144
audit-pods	Commit Results	2026-02-26T15:10:48.8702431Z  * [new tag]             0.0.145                -> 0.0.145
audit-pods	Commit Results	2026-02-26T15:10:48.8702818Z  * [new tag]             0.0.146                -> 0.0.146
audit-pods	Commit Results	2026-02-26T15:10:48.8703200Z  * [new tag]             0.0.147                -> 0.0.147
audit-pods	Commit Results	2026-02-26T15:10:48.8703593Z  * [new tag]             0.0.148                -> 0.0.148
audit-pods	Commit Results	2026-02-26T15:10:48.8703985Z  * [new tag]             0.0.149                -> 0.0.149
audit-pods	Commit Results	2026-02-26T15:10:48.8704373Z  * [new tag]             0.0.15                 -> 0.0.15
audit-pods	Commit Results	2026-02-26T15:10:48.8705089Z  * [new tag]             0.0.150                -> 0.0.150
audit-pods	Commit Results	2026-02-26T15:10:48.8705612Z  * [new tag]             0.0.151                -> 0.0.151
audit-pods	Commit Results	2026-02-26T15:10:48.8705987Z  * [new tag]             0.0.152                -> 0.0.152
audit-pods	Commit Results	2026-02-26T15:10:48.8706382Z  * [new tag]             0.0.153                -> 0.0.153
audit-pods	Commit Results	2026-02-26T15:10:48.8706763Z  * [new tag]             0.0.154                -> 0.0.154
audit-pods	Commit Results	2026-02-26T15:10:48.8707135Z  * [new tag]             0.0.155                -> 0.0.155
audit-pods	Commit Results	2026-02-26T15:10:48.8707524Z  * [new tag]             0.0.156                -> 0.0.156
audit-pods	Commit Results	2026-02-26T15:10:48.8707932Z  * [new tag]             0.0.157                -> 0.0.157
audit-pods	Commit Results	2026-02-26T15:10:48.8708374Z  * [new tag]             0.0.158                -> 0.0.158
audit-pods	Commit Results	2026-02-26T15:10:48.8708766Z  * [new tag]             0.0.159                -> 0.0.159
audit-pods	Commit Results	2026-02-26T15:10:48.8709143Z  * [new tag]             0.0.16                 -> 0.0.16
audit-pods	Commit Results	2026-02-26T15:10:48.8709523Z  * [new tag]             0.0.160                -> 0.0.160
audit-pods	Commit Results	2026-02-26T15:10:48.8709899Z  * [new tag]             0.0.161                -> 0.0.161
audit-pods	Commit Results	2026-02-26T15:10:48.8710285Z  * [new tag]             0.0.162                -> 0.0.162
audit-pods	Commit Results	2026-02-26T15:10:48.8710926Z  * [new tag]             0.0.163                -> 0.0.163
audit-pods	Commit Results	2026-02-26T15:10:48.8711320Z  * [new tag]             0.0.164                -> 0.0.164
audit-pods	Commit Results	2026-02-26T15:10:48.8711703Z  * [new tag]             0.0.165                -> 0.0.165
audit-pods	Commit Results	2026-02-26T15:10:48.8712092Z  * [new tag]             0.0.166                -> 0.0.166
audit-pods	Commit Results	2026-02-26T15:10:48.8712466Z  * [new tag]             0.0.167                -> 0.0.167
audit-pods	Commit Results	2026-02-26T15:10:48.8712851Z  * [new tag]             0.0.168                -> 0.0.168
audit-pods	Commit Results	2026-02-26T15:10:48.8713238Z  * [new tag]             0.0.169                -> 0.0.169
audit-pods	Commit Results	2026-02-26T15:10:48.8713829Z  * [new tag]             0.0.17                 -> 0.0.17
audit-pods	Commit Results	2026-02-26T15:10:48.8714252Z  * [new tag]             0.0.170                -> 0.0.170
audit-pods	Commit Results	2026-02-26T15:10:48.8714929Z  * [new tag]             0.0.171                -> 0.0.171
audit-pods	Commit Results	2026-02-26T15:10:48.8715337Z  * [new tag]             0.0.172                -> 0.0.172
audit-pods	Commit Results	2026-02-26T15:10:48.8715956Z  * [new tag]             0.0.173                -> 0.0.173
audit-pods	Commit Results	2026-02-26T15:10:48.8716355Z  * [new tag]             0.0.174                -> 0.0.174
audit-pods	Commit Results	2026-02-26T15:10:48.8716738Z  * [new tag]             0.0.175                -> 0.0.175
audit-pods	Commit Results	2026-02-26T15:10:48.8717128Z  * [new tag]             0.0.176                -> 0.0.176
audit-pods	Commit Results	2026-02-26T15:10:48.8717507Z  * [new tag]             0.0.177                -> 0.0.177
audit-pods	Commit Results	2026-02-26T15:10:48.8717895Z  * [new tag]             0.0.178                -> 0.0.178
audit-pods	Commit Results	2026-02-26T15:10:48.8718279Z  * [new tag]             0.0.179                -> 0.0.179
audit-pods	Commit Results	2026-02-26T15:10:48.8718666Z  * [new tag]             0.0.18                 -> 0.0.18
audit-pods	Commit Results	2026-02-26T15:10:48.8719051Z  * [new tag]             0.0.19                 -> 0.0.19
audit-pods	Commit Results	2026-02-26T15:10:48.8719439Z  * [new tag]             0.0.2                  -> 0.0.2
audit-pods	Commit Results	2026-02-26T15:10:48.8719835Z  * [new tag]             0.0.20                 -> 0.0.20
audit-pods	Commit Results	2026-02-26T15:10:48.8720215Z  * [new tag]             0.0.21                 -> 0.0.21
audit-pods	Commit Results	2026-02-26T15:10:48.8720610Z  * [new tag]             0.0.22                 -> 0.0.22
audit-pods	Commit Results	2026-02-26T15:10:48.8721003Z  * [new tag]             0.0.23                 -> 0.0.23
audit-pods	Commit Results	2026-02-26T15:10:48.8721388Z  * [new tag]             0.0.24                 -> 0.0.24
audit-pods	Commit Results	2026-02-26T15:10:48.8721765Z  * [new tag]             0.0.25                 -> 0.0.25
audit-pods	Commit Results	2026-02-26T15:10:48.8722150Z  * [new tag]             0.0.26                 -> 0.0.26
audit-pods	Commit Results	2026-02-26T15:10:48.8722534Z  * [new tag]             0.0.27                 -> 0.0.27
audit-pods	Commit Results	2026-02-26T15:10:48.8722925Z  * [new tag]             0.0.28                 -> 0.0.28
audit-pods	Commit Results	2026-02-26T15:10:48.8723301Z  * [new tag]             0.0.29                 -> 0.0.29
audit-pods	Commit Results	2026-02-26T15:10:48.8723854Z  * [new tag]             0.0.3                  -> 0.0.3
audit-pods	Commit Results	2026-02-26T15:10:48.8724290Z  * [new tag]             0.0.30                 -> 0.0.30
audit-pods	Commit Results	2026-02-26T15:10:48.8724933Z  * [new tag]             0.0.31                 -> 0.0.31
audit-pods	Commit Results	2026-02-26T15:10:48.8725331Z  * [new tag]             0.0.32                 -> 0.0.32
audit-pods	Commit Results	2026-02-26T15:10:48.8725847Z  * [new tag]             0.0.33                 -> 0.0.33
audit-pods	Commit Results	2026-02-26T15:10:48.8726541Z  * [new tag]             0.0.34                 -> 0.0.34
audit-pods	Commit Results	2026-02-26T15:10:48.8727060Z  * [new tag]             0.0.35                 -> 0.0.35
audit-pods	Commit Results	2026-02-26T15:10:48.8727443Z  * [new tag]             0.0.36                 -> 0.0.36
audit-pods	Commit Results	2026-02-26T15:10:48.8727822Z  * [new tag]             0.0.37                 -> 0.0.37
audit-pods	Commit Results	2026-02-26T15:10:48.8728216Z  * [new tag]             0.0.38                 -> 0.0.38
audit-pods	Commit Results	2026-02-26T15:10:48.8728597Z  * [new tag]             0.0.39                 -> 0.0.39
audit-pods	Commit Results	2026-02-26T15:10:48.8728994Z  * [new tag]             0.0.4                  -> 0.0.4
audit-pods	Commit Results	2026-02-26T15:10:48.8729375Z  * [new tag]             0.0.40                 -> 0.0.40
audit-pods	Commit Results	2026-02-26T15:10:48.8729769Z  * [new tag]             0.0.41                 -> 0.0.41
audit-pods	Commit Results	2026-02-26T15:10:48.8730150Z  * [new tag]             0.0.42                 -> 0.0.42
audit-pods	Commit Results	2026-02-26T15:10:48.8730686Z  * [new tag]             0.0.43                 -> 0.0.43
audit-pods	Commit Results	2026-02-26T15:10:48.8731344Z  * [new tag]             0.0.44                 -> 0.0.44
audit-pods	Commit Results	2026-02-26T15:10:48.8731846Z  * [new tag]             0.0.45                 -> 0.0.45
audit-pods	Commit Results	2026-02-26T15:10:48.8732217Z  * [new tag]             0.0.46                 -> 0.0.46
audit-pods	Commit Results	2026-02-26T15:10:48.8732594Z  * [new tag]             0.0.47                 -> 0.0.47
audit-pods	Commit Results	2026-02-26T15:10:48.8732970Z  * [new tag]             0.0.48                 -> 0.0.48
audit-pods	Commit Results	2026-02-26T15:10:48.8741009Z  * [new tag]             0.0.49                 -> 0.0.49
audit-pods	Commit Results	2026-02-26T15:10:48.8741435Z  * [new tag]             0.0.5                  -> 0.0.5
audit-pods	Commit Results	2026-02-26T15:10:48.8742120Z  * [new tag]             0.0.50                 -> 0.0.50
audit-pods	Commit Results	2026-02-26T15:10:48.8742500Z  * [new tag]             0.0.51                 -> 0.0.51
audit-pods	Commit Results	2026-02-26T15:10:48.8742877Z  * [new tag]             0.0.52                 -> 0.0.52
audit-pods	Commit Results	2026-02-26T15:10:48.8743254Z  * [new tag]             0.0.53                 -> 0.0.53
audit-pods	Commit Results	2026-02-26T15:10:48.8743628Z  * [new tag]             0.0.54                 -> 0.0.54
audit-pods	Commit Results	2026-02-26T15:10:48.8744014Z  * [new tag]             0.0.55                 -> 0.0.55
audit-pods	Commit Results	2026-02-26T15:10:48.8744390Z  * [new tag]             0.0.56                 -> 0.0.56
audit-pods	Commit Results	2026-02-26T15:10:48.8745206Z  * [new tag]             0.0.57                 -> 0.0.57
audit-pods	Commit Results	2026-02-26T15:10:48.8745584Z  * [new tag]             0.0.58                 -> 0.0.58
audit-pods	Commit Results	2026-02-26T15:10:48.8745959Z  * [new tag]             0.0.59                 -> 0.0.59
audit-pods	Commit Results	2026-02-26T15:10:48.8746372Z  * [new tag]             0.0.6                  -> 0.0.6
audit-pods	Commit Results	2026-02-26T15:10:48.8746750Z  * [new tag]             0.0.60                 -> 0.0.60
audit-pods	Commit Results	2026-02-26T15:10:48.8747140Z  * [new tag]             0.0.61                 -> 0.0.61
audit-pods	Commit Results	2026-02-26T15:10:48.8747511Z  * [new tag]             0.0.62                 -> 0.0.62
audit-pods	Commit Results	2026-02-26T15:10:48.8747887Z  * [new tag]             0.0.63                 -> 0.0.63
audit-pods	Commit Results	2026-02-26T15:10:48.8748271Z  * [new tag]             0.0.64                 -> 0.0.64
audit-pods	Commit Results	2026-02-26T15:10:48.8748651Z  * [new tag]             0.0.65                 -> 0.0.65
audit-pods	Commit Results	2026-02-26T15:10:48.8749036Z  * [new tag]             0.0.66                 -> 0.0.66
audit-pods	Commit Results	2026-02-26T15:10:48.8749416Z  * [new tag]             0.0.67                 -> 0.0.67
audit-pods	Commit Results	2026-02-26T15:10:48.8749794Z  * [new tag]             0.0.68                 -> 0.0.68
audit-pods	Commit Results	2026-02-26T15:10:48.8750163Z  * [new tag]             0.0.69                 -> 0.0.69
audit-pods	Commit Results	2026-02-26T15:10:48.8750544Z  * [new tag]             0.0.7                  -> 0.0.7
audit-pods	Commit Results	2026-02-26T15:10:48.8750919Z  * [new tag]             0.0.70                 -> 0.0.70
audit-pods	Commit Results	2026-02-26T15:10:48.8751300Z  * [new tag]             0.0.71                 -> 0.0.71
audit-pods	Commit Results	2026-02-26T15:10:48.8751683Z  * [new tag]             0.0.72                 -> 0.0.72
audit-pods	Commit Results	2026-02-26T15:10:48.8752239Z  * [new tag]             0.0.73                 -> 0.0.73
audit-pods	Commit Results	2026-02-26T15:10:48.8752764Z  * [new tag]             0.0.74                 -> 0.0.74
audit-pods	Commit Results	2026-02-26T15:10:48.8753143Z  * [new tag]             0.0.75                 -> 0.0.75
audit-pods	Commit Results	2026-02-26T15:10:48.8753522Z  * [new tag]             0.0.76                 -> 0.0.76
audit-pods	Commit Results	2026-02-26T15:10:48.8753909Z  * [new tag]             0.0.77                 -> 0.0.77
audit-pods	Commit Results	2026-02-26T15:10:48.8754281Z  * [new tag]             0.0.78                 -> 0.0.78
audit-pods	Commit Results	2026-02-26T15:10:48.8754944Z  * [new tag]             0.0.79                 -> 0.0.79
audit-pods	Commit Results	2026-02-26T15:10:48.8755350Z  * [new tag]             0.0.8                  -> 0.0.8
audit-pods	Commit Results	2026-02-26T15:10:48.8755761Z  * [new tag]             0.0.80                 -> 0.0.80
audit-pods	Commit Results	2026-02-26T15:10:48.8756157Z  * [new tag]             0.0.81                 -> 0.0.81
audit-pods	Commit Results	2026-02-26T15:10:48.8756668Z  * [new tag]             0.0.82                 -> 0.0.82
audit-pods	Commit Results	2026-02-26T15:10:48.8757059Z  * [new tag]             0.0.83                 -> 0.0.83
audit-pods	Commit Results	2026-02-26T15:10:48.8757445Z  * [new tag]             0.0.84                 -> 0.0.84
audit-pods	Commit Results	2026-02-26T15:10:48.8757824Z  * [new tag]             0.0.85                 -> 0.0.85
audit-pods	Commit Results	2026-02-26T15:10:48.8758205Z  * [new tag]             0.0.86                 -> 0.0.86
audit-pods	Commit Results	2026-02-26T15:10:48.8758823Z  * [new tag]             0.0.87                 -> 0.0.87
audit-pods	Commit Results	2026-02-26T15:10:48.8759200Z  * [new tag]             0.0.88                 -> 0.0.88
audit-pods	Commit Results	2026-02-26T15:10:48.8759578Z  * [new tag]             0.0.89                 -> 0.0.89
audit-pods	Commit Results	2026-02-26T15:10:48.8759948Z  * [new tag]             0.0.9                  -> 0.0.9
audit-pods	Commit Results	2026-02-26T15:10:48.8760323Z  * [new tag]             0.0.90                 -> 0.0.90
audit-pods	Commit Results	2026-02-26T15:10:48.8760692Z  * [new tag]             0.0.91                 -> 0.0.91
audit-pods	Commit Results	2026-02-26T15:10:48.8761071Z  * [new tag]             0.0.92                 -> 0.0.92
audit-pods	Commit Results	2026-02-26T15:10:48.8761691Z  * [new tag]             0.0.93                 -> 0.0.93
audit-pods	Commit Results	2026-02-26T15:10:48.8762079Z  * [new tag]             0.0.94                 -> 0.0.94
audit-pods	Commit Results	2026-02-26T15:10:48.8762457Z  * [new tag]             0.0.95                 -> 0.0.95
audit-pods	Commit Results	2026-02-26T15:10:48.8762831Z  * [new tag]             0.0.96                 -> 0.0.96
audit-pods	Commit Results	2026-02-26T15:10:48.8763213Z  * [new tag]             0.0.97                 -> 0.0.97
audit-pods	Commit Results	2026-02-26T15:10:48.8763589Z  * [new tag]             0.0.98                 -> 0.0.98
audit-pods	Commit Results	2026-02-26T15:10:48.8763968Z  * [new tag]             0.0.99                 -> 0.0.99
audit-pods	Commit Results	2026-02-26T15:10:48.8764340Z  * [new tag]             0.1.0                  -> 0.1.0
audit-pods	Commit Results	2026-02-26T15:10:48.8765005Z  * [new tag]             0.1.1                  -> 0.1.1
audit-pods	Commit Results	2026-02-26T15:10:48.8765518Z  * [new tag]             0.2.0                  -> 0.2.0
audit-pods	Commit Results	2026-02-26T15:10:48.8765892Z  * [new tag]             0.3.0                  -> 0.3.0
audit-pods	Commit Results	2026-02-26T15:10:48.8766264Z  * [new tag]             0.3.1                  -> 0.3.1
audit-pods	Commit Results	2026-02-26T15:10:48.8766647Z  * [new tag]             0.3.10                 -> 0.3.10
audit-pods	Commit Results	2026-02-26T15:10:48.8767031Z  * [new tag]             0.3.11                 -> 0.3.11
audit-pods	Commit Results	2026-02-26T15:10:48.8767405Z  * [new tag]             0.3.12                 -> 0.3.12
audit-pods	Commit Results	2026-02-26T15:10:48.8767783Z  * [new tag]             0.3.13                 -> 0.3.13
audit-pods	Commit Results	2026-02-26T15:10:48.8768160Z  * [new tag]             0.3.14                 -> 0.3.14
audit-pods	Commit Results	2026-02-26T15:10:48.8768542Z  * [new tag]             0.3.15                 -> 0.3.15
audit-pods	Commit Results	2026-02-26T15:10:48.8768921Z  * [new tag]             0.3.16                 -> 0.3.16
audit-pods	Commit Results	2026-02-26T15:10:48.8769301Z  * [new tag]             0.3.17                 -> 0.3.17
audit-pods	Commit Results	2026-02-26T15:10:48.8769794Z  * [new tag]             0.3.2                  -> 0.3.2
audit-pods	Commit Results	2026-02-26T15:10:48.8770171Z  * [new tag]             0.3.3                  -> 0.3.3
audit-pods	Commit Results	2026-02-26T15:10:48.8770547Z  * [new tag]             0.3.4                  -> 0.3.4
audit-pods	Commit Results	2026-02-26T15:10:48.8770916Z  * [new tag]             0.3.5                  -> 0.3.5
audit-pods	Commit Results	2026-02-26T15:10:48.8771300Z  * [new tag]             0.3.6                  -> 0.3.6
audit-pods	Commit Results	2026-02-26T15:10:48.8771673Z  * [new tag]             0.3.7                  -> 0.3.7
audit-pods	Commit Results	2026-02-26T15:10:48.8772049Z  * [new tag]             0.3.8                  -> 0.3.8
audit-pods	Commit Results	2026-02-26T15:10:48.8772421Z  * [new tag]             0.3.9                  -> 0.3.9
audit-pods	Commit Results	2026-02-26T15:10:48.8772792Z  * [new tag]             0.4.0                  -> 0.4.0
audit-pods	Commit Results	2026-02-26T15:10:48.8773174Z  * [new tag]             0.4.1                  -> 0.4.1
audit-pods	Commit Results	2026-02-26T15:10:48.8773542Z  * [new tag]             0.4.2                  -> 0.4.2
audit-pods	Commit Results	2026-02-26T15:10:48.8773918Z  * [new tag]             0.4.3                  -> 0.4.3
audit-pods	Commit Results	2026-02-26T15:10:48.8774292Z  * [new tag]             0.4.4                  -> 0.4.4
audit-pods	Commit Results	2026-02-26T15:10:48.8774879Z  * [new tag]             0.4.5                  -> 0.4.5
audit-pods	Commit Results	2026-02-26T15:10:48.8775377Z  * [new tag]             0.4.6                  -> 0.4.6
audit-pods	Commit Results	2026-02-26T15:10:48.8775752Z  * [new tag]             0.4.7                  -> 0.4.7
audit-pods	Commit Results	2026-02-26T15:10:48.8776141Z  * [new tag]             0.4.8                  -> 0.4.8
audit-pods	Commit Results	2026-02-26T15:10:48.8776534Z  * [new tag]             0.4.9                  -> 0.4.9
audit-pods	Commit Results	2026-02-26T15:10:48.8776910Z  * [new tag]             0.5.0                  -> 0.5.0
audit-pods	Commit Results	2026-02-26T15:10:48.8777290Z  * [new tag]             0.5.1                  -> 0.5.1
audit-pods	Commit Results	2026-02-26T15:10:48.8777659Z  * [new tag]             0.5.2                  -> 0.5.2
audit-pods	Commit Results	2026-02-26T15:10:48.8778281Z  * [new tag]             0.6.0                  -> 0.6.0
audit-pods	Commit Results	2026-02-26T15:10:48.8778653Z  * [new tag]             0.6.1                  -> 0.6.1
audit-pods	Commit Results	2026-02-26T15:10:48.8779036Z  * [new tag]             0.6.2                  -> 0.6.2
audit-pods	Commit Results	2026-02-26T15:10:48.8779412Z  * [new tag]             0.6.3                  -> 0.6.3
audit-pods	Commit Results	2026-02-26T15:10:48.8779780Z  * [new tag]             0.6.4                  -> 0.6.4
audit-pods	Commit Results	2026-02-26T15:10:48.8780168Z  * [new tag]             0.6.5                  -> 0.6.5
audit-pods	Commit Results	2026-02-26T15:10:48.8780601Z  * [new tag]             0.6.6                  -> 0.6.6
audit-pods	Commit Results	2026-02-26T15:10:48.9051589Z Already up to date.
audit-pods	Commit Results	2026-02-26T15:10:49.1437197Z [main 692427313] [Audit] Update failed pods and iTop reconciliation report 2026-02-26 15:10
audit-pods	Commit Results	2026-02-26T15:10:49.1437935Z  1 file changed, 554 insertions(+)
audit-pods	Commit Results	2026-02-26T15:10:49.1438283Z  create mode 100755 audit/kube/failed_pods.json
audit-pods	Commit Results	2026-02-26T15:10:50.1189338Z To https://github.com/Ka0s-Klaus/ka0s
audit-pods	Commit Results	2026-02-26T15:10:50.1191244Z    0eefce030..692427313  main -> main
audit-pods	Install GH CLI	ï»¿2026-02-26T15:10:50.1487220Z Prepare all required actions
audit-pods	Install GH CLI	2026-02-26T15:10:50.1650375Z ##[group]Run ./.github/actions/install-gh-cli
audit-pods	Install GH CLI	2026-02-26T15:10:50.1650756Z env:
audit-pods	Install GH CLI	2026-02-26T15:10:50.1650987Z   KAOS_MODULE: [Ka0S] Audit Pods
audit-pods	Install GH CLI	2026-02-26T15:10:50.1651287Z   KAOS_CODE: 22448030092
audit-pods	Install GH CLI	2026-02-26T15:10:50.1651546Z ##[endgroup]
audit-pods	Install GH CLI	2026-02-26T15:10:50.1691329Z ##[group]Run type -p curl >/dev/null || (sudo apt-get update && sudo apt-get install curl -y)
audit-pods	Install GH CLI	2026-02-26T15:10:50.1692056Z [36;1mtype -p curl >/dev/null || (sudo apt-get update && sudo apt-get install curl -y)[0m
audit-pods	Install GH CLI	2026-02-26T15:10:50.1693004Z [36;1mcurl -fsSL https://cli.github.com/packages/githubcli-archive-keyring.gpg | sudo dd of=/usr/share/keyrings/githubcli-archive-keyring.gpg \[0m
audit-pods	Install GH CLI	2026-02-26T15:10:50.1693900Z [36;1m&& sudo chmod go+r /usr/share/keyrings/githubcli-archive-keyring.gpg \[0m
audit-pods	Install GH CLI	2026-02-26T15:10:50.1696382Z [36;1m&& echo "deb [arch=$(dpkg --print-architecture) signed-by=/usr/share/keyrings/githubcli-archive-keyring.gpg] https://cli.github.com/packages stable main" | sudo tee /etc/apt/sources.list.d/github-cli.list > /dev/null \[0m
audit-pods	Install GH CLI	2026-02-26T15:10:50.1697750Z [36;1m&& sudo apt-get update \[0m
audit-pods	Install GH CLI	2026-02-26T15:10:50.1698066Z [36;1m&& sudo apt-get install gh -y[0m
audit-pods	Install GH CLI	2026-02-26T15:10:50.1710113Z shell: /usr/bin/bash --noprofile --norc -e -o pipefail {0}
audit-pods	Install GH CLI	2026-02-26T15:10:50.1710511Z env:
audit-pods	Install GH CLI	2026-02-26T15:10:50.1710753Z   KAOS_MODULE: [Ka0S] Audit Pods
audit-pods	Install GH CLI	2026-02-26T15:10:50.1711051Z   KAOS_CODE: 22448030092
audit-pods	Install GH CLI	2026-02-26T15:10:50.1711318Z ##[endgroup]
audit-pods	Install GH CLI	2026-02-26T15:10:50.2379698Z 4+1 records in
audit-pods	Install GH CLI	2026-02-26T15:10:50.2380161Z 4+1 records out
audit-pods	Install GH CLI	2026-02-26T15:10:50.2380486Z 2270 bytes (2.3 kB, 2.2 KiB) copied, 0.0449839 s, 50.5 kB/s
audit-pods	Install GH CLI	2026-02-26T15:10:50.3902398Z Get:1 https://cli.github.com/packages stable InRelease [3917 B]
audit-pods	Install GH CLI	2026-02-26T15:10:50.4450250Z Get:2 http://security.ubuntu.com/ubuntu noble-security InRelease [126 kB]
audit-pods	Install GH CLI	2026-02-26T15:10:50.4575709Z Get:3 http://archive.ubuntu.com/ubuntu noble InRelease [256 kB]
audit-pods	Install GH CLI	2026-02-26T15:10:50.5271534Z Get:4 https://ppa.launchpadcontent.net/git-core/ppa/ubuntu noble InRelease [24.3 kB]
audit-pods	Install GH CLI	2026-02-26T15:10:50.5895756Z Get:5 https://cli.github.com/packages stable/main amd64 Packages [357 B]
audit-pods	Install GH CLI	2026-02-26T15:10:50.7269947Z Get:6 https://ppa.launchpadcontent.net/git-core/ppa/ubuntu noble/main amd64 Packages [2992 B]
audit-pods	Install GH CLI	2026-02-26T15:10:50.7840901Z Get:7 http://archive.ubuntu.com/ubuntu noble-updates InRelease [126 kB]
audit-pods	Install GH CLI	2026-02-26T15:10:50.8330867Z Get:8 http://security.ubuntu.com/ubuntu noble-security/main amd64 Packages [1883 kB]
audit-pods	Install GH CLI	2026-02-26T15:10:50.8689851Z Get:9 http://archive.ubuntu.com/ubuntu noble-backports InRelease [126 kB]
audit-pods	Install GH CLI	2026-02-26T15:10:50.9472079Z Get:10 http://archive.ubuntu.com/ubuntu noble/main amd64 Packages [1808 kB]
audit-pods	Install GH CLI	2026-02-26T15:10:51.1247864Z Get:11 http://security.ubuntu.com/ubuntu noble-security/universe amd64 Packages [1210 kB]
audit-pods	Install GH CLI	2026-02-26T15:10:51.1341544Z Get:12 http://archive.ubuntu.com/ubuntu noble/restricted amd64 Packages [117 kB]
audit-pods	Install GH CLI	2026-02-26T15:10:51.1377819Z Get:13 http://archive.ubuntu.com/ubuntu noble/multiverse amd64 Packages [331 kB]
audit-pods	Install GH CLI	2026-02-26T15:10:51.1471121Z Get:14 http://security.ubuntu.com/ubuntu noble-security/restricted amd64 Packages [3262 kB]
audit-pods	Install GH CLI	2026-02-26T15:10:51.1507126Z Get:15 http://archive.ubuntu.com/ubuntu noble/universe amd64 Packages [19.3 MB]
audit-pods	Install GH CLI	2026-02-26T15:10:51.2241461Z Get:16 http://security.ubuntu.com/ubuntu noble-security/multiverse amd64 Packages [34.8 kB]
audit-pods	Install GH CLI	2026-02-26T15:10:51.4529053Z Get:17 http://archive.ubuntu.com/ubuntu noble-updates/universe amd64 Packages [2017 kB]
audit-pods	Install GH CLI	2026-02-26T15:10:51.4678850Z Get:18 http://archive.ubuntu.com/ubuntu noble-updates/main amd64 Packages [2276 kB]
audit-pods	Install GH CLI	2026-02-26T15:10:51.4936589Z Get:19 http://archive.ubuntu.com/ubuntu noble-updates/restricted amd64 Packages [3471 kB]
audit-pods	Install GH CLI	2026-02-26T15:10:51.5435375Z Get:20 http://archive.ubuntu.com/ubuntu noble-updates/multiverse amd64 Packages [38.1 kB]
audit-pods	Install GH CLI	2026-02-26T15:10:51.5446528Z Get:21 http://archive.ubuntu.com/ubuntu noble-backports/main amd64 Packages [49.5 kB]
audit-pods	Install GH CLI	2026-02-26T15:10:51.5447600Z Get:22 http://archive.ubuntu.com/ubuntu noble-backports/universe amd64 Packages [34.6 kB]
audit-pods	Install GH CLI	2026-02-26T15:10:52.6323496Z Fetched 36.5 MB in 2s (15.8 MB/s)
audit-pods	Install GH CLI	2026-02-26T15:10:53.5707181Z Reading package lists...
audit-pods	Install GH CLI	2026-02-26T15:10:54.5430866Z Reading package lists...
audit-pods	Install GH CLI	2026-02-26T15:10:54.7817499Z Building dependency tree...
audit-pods	Install GH CLI	2026-02-26T15:10:54.7818099Z Reading state information...
audit-pods	Install GH CLI	2026-02-26T15:10:55.1500019Z The following NEW packages will be installed:
audit-pods	Install GH CLI	2026-02-26T15:10:55.1521931Z   gh
audit-pods	Install GH CLI	2026-02-26T15:10:55.7093410Z 0 upgraded, 1 newly installed, 0 to remove and 0 not upgraded.
audit-pods	Install GH CLI	2026-02-26T15:10:55.7096014Z Need to get 13.8 MB of archives.
audit-pods	Install GH CLI	2026-02-26T15:10:55.7097893Z After this operation, 38.5 MB of additional disk space will be used.
audit-pods	Install GH CLI	2026-02-26T15:10:55.7100626Z Get:1 https://cli.github.com/packages stable/main amd64 gh amd64 2.87.3 [13.8 MB]
audit-pods	Install GH CLI	2026-02-26T15:10:56.1274243Z debconf: delaying package configuration, since apt-utils is not installed
audit-pods	Install GH CLI	2026-02-26T15:10:56.1679600Z Fetched 13.8 MB in 1s (17.4 MB/s)
audit-pods	Install GH CLI	2026-02-26T15:10:56.1966978Z Selecting previously unselected package gh.
audit-pods	Install GH CLI	2026-02-26T15:10:56.2003962Z (Reading database ... 
audit-pods	Install GH CLI	2026-02-26T15:10:56.2004274Z (Reading database ... 5%
audit-pods	Install GH CLI	2026-02-26T15:10:56.2004627Z (Reading database ... 10%
audit-pods	Install GH CLI	2026-02-26T15:10:56.2004909Z (Reading database ... 15%
audit-pods	Install GH CLI	2026-02-26T15:10:56.2005188Z (Reading database ... 20%
audit-pods	Install GH CLI	2026-02-26T15:10:56.2005575Z (Reading database ... 25%
audit-pods	Install GH CLI	2026-02-26T15:10:56.2005843Z (Reading database ... 30%
audit-pods	Install GH CLI	2026-02-26T15:10:56.2006105Z (Reading database ... 35%
audit-pods	Install GH CLI	2026-02-26T15:10:56.2006377Z (Reading database ... 40%
audit-pods	Install GH CLI	2026-02-26T15:10:56.2006658Z (Reading database ... 45%
audit-pods	Install GH CLI	2026-02-26T15:10:56.2006925Z (Reading database ... 50%
audit-pods	Install GH CLI	2026-02-26T15:10:56.2007339Z (Reading database ... 55%
audit-pods	Install GH CLI	2026-02-26T15:10:56.2007732Z (Reading database ... 60%
audit-pods	Install GH CLI	2026-02-26T15:10:56.2018377Z (Reading database ... 65%
audit-pods	Install GH CLI	2026-02-26T15:10:56.2033970Z (Reading database ... 70%
audit-pods	Install GH CLI	2026-02-26T15:10:56.2039950Z (Reading database ... 75%
audit-pods	Install GH CLI	2026-02-26T15:10:56.2053737Z (Reading database ... 80%
audit-pods	Install GH CLI	2026-02-26T15:10:56.2059628Z (Reading database ... 85%
audit-pods	Install GH CLI	2026-02-26T15:10:56.2070989Z (Reading database ... 90%
audit-pods	Install GH CLI	2026-02-26T15:10:56.2089883Z (Reading database ... 95%
audit-pods	Install GH CLI	2026-02-26T15:10:56.2090233Z (Reading database ... 100%
audit-pods	Install GH CLI	2026-02-26T15:10:56.2090668Z (Reading database ... 14387 files and directories currently installed.)
audit-pods	Install GH CLI	2026-02-26T15:10:56.2097330Z Preparing to unpack .../archives/gh_2.87.3_amd64.deb ...
audit-pods	Install GH CLI	2026-02-26T15:10:56.2133896Z Unpacking gh (2.87.3) ...
audit-pods	Install GH CLI	2026-02-26T15:10:56.4412769Z Setting up gh (2.87.3) ...
audit-pods	Create GitHub Issue (Problem)	ï»¿2026-02-26T15:10:56.5583594Z ##[group]Run python3 devops/core/k8s/create-github-problem.py
audit-pods	Create GitHub Issue (Problem)	2026-02-26T15:10:56.5584384Z [36;1mpython3 devops/core/k8s/create-github-problem.py[0m
audit-pods	Create GitHub Issue (Problem)	2026-02-26T15:10:56.5598175Z shell: /usr/bin/bash -e {0}
audit-pods	Create GitHub Issue (Problem)	2026-02-26T15:10:56.5598553Z env:
audit-pods	Create GitHub Issue (Problem)	2026-02-26T15:10:56.5598861Z   KAOS_MODULE: [Ka0S] Audit Pods
audit-pods	Create GitHub Issue (Problem)	2026-02-26T15:10:56.5599246Z   KAOS_CODE: 22448030092
audit-pods	Create GitHub Issue (Problem)	2026-02-26T15:10:56.5599927Z   GH_TOKEN: ***
audit-pods	Create GitHub Issue (Problem)	2026-02-26T15:10:56.5600293Z   FAILED_PODS_FILE: audit/kube/failed_pods.json
audit-pods	Create GitHub Issue (Problem)	2026-02-26T15:10:56.5600743Z ##[endgroup]
audit-pods	Create GitHub Issue (Problem)	2026-02-26T15:11:00.9704491Z Label 'itop-problem' not found. Attempting to create...
audit-pods	Create GitHub Issue (Problem)	2026-02-26T15:11:00.9705544Z Created label 'itop-problem'.
audit-pods	Create GitHub Issue (Problem)	2026-02-26T15:11:00.9706027Z Label 'triage' not found. Attempting to create...
audit-pods	Create GitHub Issue (Problem)	2026-02-26T15:11:00.9706521Z Created label 'triage'.
audit-pods	Create GitHub Issue (Problem)	2026-02-26T15:11:00.9706846Z Label 'automated' not found. Attempting to create...
audit-pods	Create GitHub Issue (Problem)	2026-02-26T15:11:00.9707226Z Created label 'automated'.
audit-pods	Create GitHub Issue (Problem)	2026-02-26T15:11:00.9707520Z Found 2 failed pods. Processing...
audit-pods	Create GitHub Issue (Problem)	2026-02-26T15:11:00.9707988Z Issue already exists for elk/mongodb-sync-29526285-vk9b4: #4260
audit-pods	Create GitHub Issue (Problem)	2026-02-26T15:11:00.9709398Z Issue already exists for elk/mongodb-sync-29529840-b2mvk: #4261
audit-pods	Post Checkout repository	ï»¿2026-02-26T15:11:00.9881269Z Post job cleanup.
audit-pods	Post Checkout repository	2026-02-26T15:11:01.0961504Z [command]/usr/bin/git version
audit-pods	Post Checkout repository	2026-02-26T15:11:01.1010003Z git version 2.53.0
audit-pods	Post Checkout repository	2026-02-26T15:11:01.1057122Z Copying '/home/runner/.gitconfig' to '/home/runner/_work/_temp/950cbdc9-a470-4498-9753-30d58aa72a23/.gitconfig'
audit-pods	Post Checkout repository	2026-02-26T15:11:01.1068849Z Temporarily overriding HOME='/home/runner/_work/_temp/950cbdc9-a470-4498-9753-30d58aa72a23' before making global git config changes
audit-pods	Post Checkout repository	2026-02-26T15:11:01.1069980Z Adding repository directory to the temporary git global config as a safe directory
audit-pods	Post Checkout repository	2026-02-26T15:11:01.1075721Z [command]/usr/bin/git config --global --add safe.directory /home/runner/_work/ka0s/ka0s
audit-pods	Post Checkout repository	2026-02-26T15:11:01.1131483Z [command]/usr/bin/git config --local --name-only --get-regexp core\.sshCommand
audit-pods	Post Checkout repository	2026-02-26T15:11:01.1177635Z [command]/usr/bin/git submodule foreach --recursive sh -c "git config --local --name-only --get-regexp 'core\.sshCommand' && git config --local --unset-all 'core.sshCommand' || :"
audit-pods	Post Checkout repository	2026-02-26T15:11:01.1517496Z [command]/usr/bin/git config --local --name-only --get-regexp http\.https\:\/\/github\.com\/\.extraheader
audit-pods	Post Checkout repository	2026-02-26T15:11:01.1549427Z http.https://github.com/.extraheader
audit-pods	Post Checkout repository	2026-02-26T15:11:01.1564250Z [command]/usr/bin/git config --local --unset-all http.https://github.com/.extraheader
audit-pods	Post Checkout repository	2026-02-26T15:11:01.1610041Z [command]/usr/bin/git submodule foreach --recursive sh -c "git config --local --name-only --get-regexp 'http\.https\:\/\/github\.com\/\.extraheader' && git config --local --unset-all 'http.https://github.com/.extraheader' || :"
audit-pods	Post Checkout repository	2026-02-26T15:11:01.1957894Z [command]/usr/bin/git config --local --name-only --get-regexp ^includeIf\.gitdir:
audit-pods	Post Checkout repository	2026-02-26T15:11:01.2003640Z [command]/usr/bin/git submodule foreach --recursive git config --local --show-origin --name-only --get-regexp remote.origin.url
audit-pods	Complete job	ï»¿2026-02-26T15:11:01.2518780Z Cleaning up orphan processes
handle-success	Set up job	ï»¿2026-02-26T15:11:13.3598633Z Current runner version: '2.332.0'
handle-success	Set up job	2026-02-26T15:11:13.3607684Z Runner name: 'swarm-runners-scaleset-hkss5-runner-7vfgr'
handle-success	Set up job	2026-02-26T15:11:13.3608630Z Runner group name: 'Default'
handle-success	Set up job	2026-02-26T15:11:13.3609689Z Machine name: 'swarm-runners-scaleset-hkss5-runner-7vfgr'
handle-success	Set up job	2026-02-26T15:11:13.3613283Z ##[group]GITHUB_TOKEN Permissions
handle-success	Set up job	2026-02-26T15:11:13.3616208Z Actions: write
handle-success	Set up job	2026-02-26T15:11:13.3616788Z Contents: write
handle-success	Set up job	2026-02-26T15:11:13.3617378Z Issues: write
handle-success	Set up job	2026-02-26T15:11:13.3618067Z Metadata: read
handle-success	Set up job	2026-02-26T15:11:13.3618581Z ##[endgroup]
handle-success	Set up job	2026-02-26T15:11:13.3620760Z Secret source: Actions
handle-success	Set up job	2026-02-26T15:11:13.3621524Z Prepare workflow directory
handle-success	Set up job	2026-02-26T15:11:13.4171396Z Prepare all required actions
handle-success	Set up job	2026-02-26T15:11:13.4268070Z Complete job name: handle-success
handle-success	Run echo "[Ka0S] Audit Pods Success in runid 22448030092 initiated."	ï»¿2026-02-26T15:11:13.4947407Z ##[group]Run echo "[Ka0S] Audit Pods Success in runid 22448030092 initiated."
handle-success	Run echo "[Ka0S] Audit Pods Success in runid 22448030092 initiated."	2026-02-26T15:11:13.4948588Z [36;1mecho "[Ka0S] Audit Pods Success in runid 22448030092 initiated."[0m
handle-success	Run echo "[Ka0S] Audit Pods Success in runid 22448030092 initiated."	2026-02-26T15:11:13.4978888Z shell: /usr/bin/bash -e {0}
handle-success	Run echo "[Ka0S] Audit Pods Success in runid 22448030092 initiated."	2026-02-26T15:11:13.4980181Z env:
handle-success	Run echo "[Ka0S] Audit Pods Success in runid 22448030092 initiated."	2026-02-26T15:11:13.4980627Z   KAOS_MODULE: [Ka0S] Audit Pods
handle-success	Run echo "[Ka0S] Audit Pods Success in runid 22448030092 initiated."	2026-02-26T15:11:13.4981227Z   KAOS_CODE: 22448030092
handle-success	Run echo "[Ka0S] Audit Pods Success in runid 22448030092 initiated."	2026-02-26T15:11:13.4981646Z ##[endgroup]
handle-success	Run echo "[Ka0S] Audit Pods Success in runid 22448030092 initiated."	2026-02-26T15:11:13.5267162Z [Ka0S] Audit Pods Success in runid 22448030092 initiated.
handle-success	Complete job	ï»¿2026-02-26T15:11:13.5400612Z Cleaning up orphan processes
end-workflow	Set up job	ï»¿2026-02-26T15:11:26.9756538Z Current runner version: '2.332.0'
end-workflow	Set up job	2026-02-26T15:11:26.9765790Z Runner name: 'swarm-runners-scaleset-hkss5-runner-nsrv6'
end-workflow	Set up job	2026-02-26T15:11:26.9767127Z Runner group name: 'Default'
end-workflow	Set up job	2026-02-26T15:11:26.9768112Z Machine name: 'swarm-runners-scaleset-hkss5-runner-nsrv6'
end-workflow	Set up job	2026-02-26T15:11:26.9771915Z ##[group]GITHUB_TOKEN Permissions
end-workflow	Set up job	2026-02-26T15:11:26.9775136Z Actions: write
end-workflow	Set up job	2026-02-26T15:11:26.9776007Z Contents: write
end-workflow	Set up job	2026-02-26T15:11:26.9776540Z Issues: write
end-workflow	Set up job	2026-02-26T15:11:26.9777151Z Metadata: read
end-workflow	Set up job	2026-02-26T15:11:26.9777696Z ##[endgroup]
end-workflow	Set up job	2026-02-26T15:11:26.9779872Z Secret source: Actions
end-workflow	Set up job	2026-02-26T15:11:26.9780634Z Prepare workflow directory
end-workflow	Set up job	2026-02-26T15:11:27.0327497Z Prepare all required actions
end-workflow	Set up job	2026-02-26T15:11:27.0369777Z Getting action download info
end-workflow	Set up job	2026-02-26T15:11:27.6883393Z Download action repository 'actions/checkout@v4' (SHA:34e114876b0b11c390a56381ad16ebd13914f8d5)
end-workflow	Set up job	2026-02-26T15:11:28.6223113Z Complete job name: end-workflow
end-workflow	Checkout repository	ï»¿2026-02-26T15:11:28.6950377Z ##[group]Run actions/checkout@v4
end-workflow	Checkout repository	2026-02-26T15:11:28.6951408Z with:
end-workflow	Checkout repository	2026-02-26T15:11:28.6951861Z   fetch-depth: 0
end-workflow	Checkout repository	2026-02-26T15:11:28.6952335Z   repository: Ka0s-Klaus/ka0s
end-workflow	Checkout repository	2026-02-26T15:11:28.6953137Z   token: ***
end-workflow	Checkout repository	2026-02-26T15:11:28.6953570Z   ssh-strict: true
end-workflow	Checkout repository	2026-02-26T15:11:28.6954034Z   ssh-user: git
end-workflow	Checkout repository	2026-02-26T15:11:28.6954652Z   persist-credentials: true
end-workflow	Checkout repository	2026-02-26T15:11:28.6955642Z   clean: true
end-workflow	Checkout repository	2026-02-26T15:11:28.6956100Z   sparse-checkout-cone-mode: true
end-workflow	Checkout repository	2026-02-26T15:11:28.6956662Z   fetch-tags: false
end-workflow	Checkout repository	2026-02-26T15:11:28.6957123Z   show-progress: true
end-workflow	Checkout repository	2026-02-26T15:11:28.6957591Z   lfs: false
end-workflow	Checkout repository	2026-02-26T15:11:28.6958021Z   submodules: false
end-workflow	Checkout repository	2026-02-26T15:11:28.6958502Z   set-safe-directory: true
end-workflow	Checkout repository	2026-02-26T15:11:28.6959263Z env:
end-workflow	Checkout repository	2026-02-26T15:11:28.6959722Z   KAOS_MODULE: [Ka0S] Audit Pods
end-workflow	Checkout repository	2026-02-26T15:11:28.6960267Z   KAOS_CODE: 22448030092
end-workflow	Checkout repository	2026-02-26T15:11:28.6960747Z ##[endgroup]
end-workflow	Checkout repository	2026-02-26T15:11:28.8191594Z Syncing repository: Ka0s-Klaus/ka0s
end-workflow	Checkout repository	2026-02-26T15:11:28.8194162Z ##[group]Getting Git version info
end-workflow	Checkout repository	2026-02-26T15:11:28.8195195Z Working directory is '/home/runner/_work/ka0s/ka0s'
end-workflow	Checkout repository	2026-02-26T15:11:28.8196643Z [command]/usr/bin/git version
end-workflow	Checkout repository	2026-02-26T15:11:28.8197288Z git version 2.53.0
end-workflow	Checkout repository	2026-02-26T15:11:28.8223946Z ##[endgroup]
end-workflow	Checkout repository	2026-02-26T15:11:28.8241342Z Temporarily overriding HOME='/home/runner/_work/_temp/646b6823-324f-4522-aa0a-9085dfd84a65' before making global git config changes
end-workflow	Checkout repository	2026-02-26T15:11:28.8243108Z Adding repository directory to the temporary git global config as a safe directory
end-workflow	Checkout repository	2026-02-26T15:11:28.8248050Z [command]/usr/bin/git config --global --add safe.directory /home/runner/_work/ka0s/ka0s
end-workflow	Checkout repository	2026-02-26T15:11:28.8318682Z Deleting the contents of '/home/runner/_work/ka0s/ka0s'
end-workflow	Checkout repository	2026-02-26T15:11:28.8323690Z ##[group]Initializing the repository
end-workflow	Checkout repository	2026-02-26T15:11:28.8327561Z [command]/usr/bin/git init /home/runner/_work/ka0s/ka0s
end-workflow	Checkout repository	2026-02-26T15:11:28.8396340Z hint: Using 'master' as the name for the initial branch. This default branch name
end-workflow	Checkout repository	2026-02-26T15:11:28.8397549Z hint: will change to "main" in Git 3.0. To configure the initial branch name
end-workflow	Checkout repository	2026-02-26T15:11:28.8398627Z hint: to use in all of your new repositories, which will suppress this warning,
end-workflow	Checkout repository	2026-02-26T15:11:28.8399627Z hint: call:
end-workflow	Checkout repository	2026-02-26T15:11:28.8400540Z hint:
end-workflow	Checkout repository	2026-02-26T15:11:28.8401242Z hint: 	git config --global init.defaultBranch <name>
end-workflow	Checkout repository	2026-02-26T15:11:28.8402073Z hint:
end-workflow	Checkout repository	2026-02-26T15:11:28.8402704Z hint: Names commonly chosen instead of 'master' are 'main', 'trunk' and
end-workflow	Checkout repository	2026-02-26T15:11:28.8403751Z hint: 'development'. The just-created branch can be renamed via this command:
end-workflow	Checkout repository	2026-02-26T15:11:28.8406629Z hint:
end-workflow	Checkout repository	2026-02-26T15:11:28.8407175Z hint: 	git branch -m <name>
end-workflow	Checkout repository	2026-02-26T15:11:28.8407697Z hint:
end-workflow	Checkout repository	2026-02-26T15:11:28.8408528Z hint: Disable this message with "git config set advice.defaultBranchName false"
end-workflow	Checkout repository	2026-02-26T15:11:28.8409734Z Initialized empty Git repository in /home/runner/_work/ka0s/ka0s/.git/
end-workflow	Checkout repository	2026-02-26T15:11:28.8412299Z [command]/usr/bin/git remote add origin https://github.com/Ka0s-Klaus/ka0s
end-workflow	Checkout repository	2026-02-26T15:11:28.8460844Z ##[endgroup]
end-workflow	Checkout repository	2026-02-26T15:11:28.8462608Z ##[group]Disabling automatic garbage collection
end-workflow	Checkout repository	2026-02-26T15:11:28.8466580Z [command]/usr/bin/git config --local gc.auto 0
end-workflow	Checkout repository	2026-02-26T15:11:28.8508113Z ##[endgroup]
end-workflow	Checkout repository	2026-02-26T15:11:28.8509016Z ##[group]Setting up auth
end-workflow	Checkout repository	2026-02-26T15:11:28.8517753Z [command]/usr/bin/git config --local --name-only --get-regexp core\.sshCommand
end-workflow	Checkout repository	2026-02-26T15:11:28.8561450Z [command]/usr/bin/git submodule foreach --recursive sh -c "git config --local --name-only --get-regexp 'core\.sshCommand' && git config --local --unset-all 'core.sshCommand' || :"
end-workflow	Checkout repository	2026-02-26T15:11:28.8899921Z [command]/usr/bin/git config --local --name-only --get-regexp http\.https\:\/\/github\.com\/\.extraheader
end-workflow	Checkout repository	2026-02-26T15:11:28.8940720Z [command]/usr/bin/git submodule foreach --recursive sh -c "git config --local --name-only --get-regexp 'http\.https\:\/\/github\.com\/\.extraheader' && git config --local --unset-all 'http.https://github.com/.extraheader' || :"
end-workflow	Checkout repository	2026-02-26T15:11:28.9265230Z [command]/usr/bin/git config --local --name-only --get-regexp ^includeIf\.gitdir:
end-workflow	Checkout repository	2026-02-26T15:11:28.9304584Z [command]/usr/bin/git submodule foreach --recursive git config --local --show-origin --name-only --get-regexp remote.origin.url
end-workflow	Checkout repository	2026-02-26T15:11:28.9639171Z [command]/usr/bin/git config --local http.https://github.com/.extraheader AUTHORIZATION: basic ***
end-workflow	Checkout repository	2026-02-26T15:11:28.9694139Z ##[endgroup]
end-workflow	Checkout repository	2026-02-26T15:11:28.9695605Z ##[group]Fetching the repository
end-workflow	Checkout repository	2026-02-26T15:11:28.9720069Z [command]/usr/bin/git -c protocol.version=2 fetch --prune --no-recurse-submodules origin +refs/heads/*:refs/remotes/origin/* +refs/tags/*:refs/tags/*
end-workflow	Checkout repository	2026-02-26T15:11:51.2052141Z From https://github.com/Ka0s-Klaus/ka0s
end-workflow	Checkout repository	2026-02-26T15:11:51.2052851Z  * [new branch]          F3450-modelo-operativo -> origin/F3450-modelo-operativo
end-workflow	Checkout repository	2026-02-26T15:11:51.2053532Z  * [new branch]          H1276-modulo-observabilidad -> origin/H1276-modulo-observabilidad
end-workflow	Checkout repository	2026-02-26T15:11:51.2054181Z  * [new branch]          H3596-deploy-itop      -> origin/H3596-deploy-itop
end-workflow	Checkout repository	2026-02-26T15:11:51.2055523Z  * [new branch]          H4170-flujo-detallado-zabbix---github -> origin/H4170-flujo-detallado-zabbix---github
end-workflow	Checkout repository	2026-02-26T15:11:51.2056283Z  * [new branch]          H4191-request-cambios  -> origin/H4191-request-cambios
end-workflow	Checkout repository	2026-02-26T15:11:51.2057211Z  * [new branch]          H4200-request-recomendaciones-de-auditoria -> origin/H4200-request-recomendaciones-de-auditoria
end-workflow	Checkout repository	2026-02-26T15:11:51.2058068Z  * [new branch]          main                   -> origin/main
end-workflow	Checkout repository	2026-02-26T15:11:51.2058500Z  * [new tag]             0.0.0                  -> 0.0.0
end-workflow	Checkout repository	2026-02-26T15:11:51.2059067Z  * [new tag]             0.0.1                  -> 0.0.1
end-workflow	Checkout repository	2026-02-26T15:11:51.2059458Z  * [new tag]             0.0.10                 -> 0.0.10
end-workflow	Checkout repository	2026-02-26T15:11:51.2059901Z  * [new tag]             0.0.100                -> 0.0.100
end-workflow	Checkout repository	2026-02-26T15:11:51.2060461Z  * [new tag]             0.0.101                -> 0.0.101
end-workflow	Checkout repository	2026-02-26T15:11:51.2060880Z  * [new tag]             0.0.102                -> 0.0.102
end-workflow	Checkout repository	2026-02-26T15:11:51.2061514Z  * [new tag]             0.0.103                -> 0.0.103
end-workflow	Checkout repository	2026-02-26T15:11:51.2061948Z  * [new tag]             0.0.104                -> 0.0.104
end-workflow	Checkout repository	2026-02-26T15:11:51.2062344Z  * [new tag]             0.0.105                -> 0.0.105
end-workflow	Checkout repository	2026-02-26T15:11:51.2062867Z  * [new tag]             0.0.106                -> 0.0.106
end-workflow	Checkout repository	2026-02-26T15:11:51.2063319Z  * [new tag]             0.0.107                -> 0.0.107
end-workflow	Checkout repository	2026-02-26T15:11:51.2063724Z  * [new tag]             0.0.108                -> 0.0.108
end-workflow	Checkout repository	2026-02-26T15:11:51.2064130Z  * [new tag]             0.0.109                -> 0.0.109
end-workflow	Checkout repository	2026-02-26T15:11:51.2064660Z  * [new tag]             0.0.11                 -> 0.0.11
end-workflow	Checkout repository	2026-02-26T15:11:51.2065351Z  * [new tag]             0.0.110                -> 0.0.110
end-workflow	Checkout repository	2026-02-26T15:11:51.2065751Z  * [new tag]             0.0.111                -> 0.0.111
end-workflow	Checkout repository	2026-02-26T15:11:51.2066313Z  * [new tag]             0.0.112                -> 0.0.112
end-workflow	Checkout repository	2026-02-26T15:11:51.2066721Z  * [new tag]             0.0.113                -> 0.0.113
end-workflow	Checkout repository	2026-02-26T15:11:51.2067613Z  * [new tag]             0.0.114                -> 0.0.114
end-workflow	Checkout repository	2026-02-26T15:11:51.2068020Z  * [new tag]             0.0.115                -> 0.0.115
end-workflow	Checkout repository	2026-02-26T15:11:51.2068439Z  * [new tag]             0.0.116                -> 0.0.116
end-workflow	Checkout repository	2026-02-26T15:11:51.2068931Z  * [new tag]             0.0.117                -> 0.0.117
end-workflow	Checkout repository	2026-02-26T15:11:51.2069378Z  * [new tag]             0.0.118                -> 0.0.118
end-workflow	Checkout repository	2026-02-26T15:11:51.2069776Z  * [new tag]             0.0.119                -> 0.0.119
end-workflow	Checkout repository	2026-02-26T15:11:51.2070175Z  * [new tag]             0.0.12                 -> 0.0.12
end-workflow	Checkout repository	2026-02-26T15:11:51.2070591Z  * [new tag]             0.0.120                -> 0.0.120
end-workflow	Checkout repository	2026-02-26T15:11:51.2071042Z  * [new tag]             0.0.121                -> 0.0.121
end-workflow	Checkout repository	2026-02-26T15:11:51.2071438Z  * [new tag]             0.0.122                -> 0.0.122
end-workflow	Checkout repository	2026-02-26T15:11:51.2071837Z  * [new tag]             0.0.123                -> 0.0.123
end-workflow	Checkout repository	2026-02-26T15:11:51.2072505Z  * [new tag]             0.0.124                -> 0.0.124
end-workflow	Checkout repository	2026-02-26T15:11:51.2072917Z  * [new tag]             0.0.125                -> 0.0.125
end-workflow	Checkout repository	2026-02-26T15:11:51.2073312Z  * [new tag]             0.0.126                -> 0.0.126
end-workflow	Checkout repository	2026-02-26T15:11:51.2073714Z  * [new tag]             0.0.127                -> 0.0.127
end-workflow	Checkout repository	2026-02-26T15:11:51.2074111Z  * [new tag]             0.0.128                -> 0.0.128
end-workflow	Checkout repository	2026-02-26T15:11:51.2074667Z  * [new tag]             0.0.129                -> 0.0.129
end-workflow	Checkout repository	2026-02-26T15:11:51.2075209Z  * [new tag]             0.0.13                 -> 0.0.13
end-workflow	Checkout repository	2026-02-26T15:11:51.2075728Z  * [new tag]             0.0.130                -> 0.0.130
end-workflow	Checkout repository	2026-02-26T15:11:51.2076376Z  * [new tag]             0.0.131                -> 0.0.131
end-workflow	Checkout repository	2026-02-26T15:11:51.2077141Z  * [new tag]             0.0.132                -> 0.0.132
end-workflow	Checkout repository	2026-02-26T15:11:51.2077781Z  * [new tag]             0.0.133                -> 0.0.133
end-workflow	Checkout repository	2026-02-26T15:11:51.2078313Z  * [new tag]             0.0.134                -> 0.0.134
end-workflow	Checkout repository	2026-02-26T15:11:51.2078743Z  * [new tag]             0.0.135                -> 0.0.135
end-workflow	Checkout repository	2026-02-26T15:11:51.2079146Z  * [new tag]             0.0.136                -> 0.0.136
end-workflow	Checkout repository	2026-02-26T15:11:51.2079545Z  * [new tag]             0.0.137                -> 0.0.137
end-workflow	Checkout repository	2026-02-26T15:11:51.2079944Z  * [new tag]             0.0.138                -> 0.0.138
end-workflow	Checkout repository	2026-02-26T15:11:51.2080337Z  * [new tag]             0.0.139                -> 0.0.139
end-workflow	Checkout repository	2026-02-26T15:11:51.2080738Z  * [new tag]             0.0.14                 -> 0.0.14
end-workflow	Checkout repository	2026-02-26T15:11:51.2081141Z  * [new tag]             0.0.140                -> 0.0.140
end-workflow	Checkout repository	2026-02-26T15:11:51.2081535Z  * [new tag]             0.0.141                -> 0.0.141
end-workflow	Checkout repository	2026-02-26T15:11:51.2081937Z  * [new tag]             0.0.142                -> 0.0.142
end-workflow	Checkout repository	2026-02-26T15:11:51.2082327Z  * [new tag]             0.0.143                -> 0.0.143
end-workflow	Checkout repository	2026-02-26T15:11:51.2082724Z  * [new tag]             0.0.144                -> 0.0.144
end-workflow	Checkout repository	2026-02-26T15:11:51.2083121Z  * [new tag]             0.0.145                -> 0.0.145
end-workflow	Checkout repository	2026-02-26T15:11:51.2083537Z  * [new tag]             0.0.146                -> 0.0.146
end-workflow	Checkout repository	2026-02-26T15:11:51.2083996Z  * [new tag]             0.0.147                -> 0.0.147
end-workflow	Checkout repository	2026-02-26T15:11:51.2084393Z  * [new tag]             0.0.148                -> 0.0.148
end-workflow	Checkout repository	2026-02-26T15:11:51.2085026Z  * [new tag]             0.0.149                -> 0.0.149
end-workflow	Checkout repository	2026-02-26T15:11:51.2085428Z  * [new tag]             0.0.15                 -> 0.0.15
end-workflow	Checkout repository	2026-02-26T15:11:51.2085827Z  * [new tag]             0.0.150                -> 0.0.150
end-workflow	Checkout repository	2026-02-26T15:11:51.2086226Z  * [new tag]             0.0.151                -> 0.0.151
end-workflow	Checkout repository	2026-02-26T15:11:51.2086620Z  * [new tag]             0.0.152                -> 0.0.152
end-workflow	Checkout repository	2026-02-26T15:11:51.2087029Z  * [new tag]             0.0.153                -> 0.0.153
end-workflow	Checkout repository	2026-02-26T15:11:51.2087443Z  * [new tag]             0.0.154                -> 0.0.154
end-workflow	Checkout repository	2026-02-26T15:11:51.2087854Z  * [new tag]             0.0.155                -> 0.0.155
end-workflow	Checkout repository	2026-02-26T15:11:51.2088270Z  * [new tag]             0.0.156                -> 0.0.156
end-workflow	Checkout repository	2026-02-26T15:11:51.2088924Z  * [new tag]             0.0.157                -> 0.0.157
end-workflow	Checkout repository	2026-02-26T15:11:51.2089330Z  * [new tag]             0.0.158                -> 0.0.158
end-workflow	Checkout repository	2026-02-26T15:11:51.2089743Z  * [new tag]             0.0.159                -> 0.0.159
end-workflow	Checkout repository	2026-02-26T15:11:51.2090155Z  * [new tag]             0.0.16                 -> 0.0.16
end-workflow	Checkout repository	2026-02-26T15:11:51.2090562Z  * [new tag]             0.0.160                -> 0.0.160
end-workflow	Checkout repository	2026-02-26T15:11:51.2090977Z  * [new tag]             0.0.161                -> 0.0.161
end-workflow	Checkout repository	2026-02-26T15:11:51.2091384Z  * [new tag]             0.0.162                -> 0.0.162
end-workflow	Checkout repository	2026-02-26T15:11:51.2091798Z  * [new tag]             0.0.163                -> 0.0.163
end-workflow	Checkout repository	2026-02-26T15:11:51.2092206Z  * [new tag]             0.0.164                -> 0.0.164
end-workflow	Checkout repository	2026-02-26T15:11:51.2093042Z  * [new tag]             0.0.165                -> 0.0.165
end-workflow	Checkout repository	2026-02-26T15:11:51.2093464Z  * [new tag]             0.0.166                -> 0.0.166
end-workflow	Checkout repository	2026-02-26T15:11:51.2094112Z  * [new tag]             0.0.167                -> 0.0.167
end-workflow	Checkout repository	2026-02-26T15:11:51.2094628Z  * [new tag]             0.0.168                -> 0.0.168
end-workflow	Checkout repository	2026-02-26T15:11:51.2095045Z  * [new tag]             0.0.169                -> 0.0.169
end-workflow	Checkout repository	2026-02-26T15:11:51.2095457Z  * [new tag]             0.0.17                 -> 0.0.17
end-workflow	Checkout repository	2026-02-26T15:11:51.2095866Z  * [new tag]             0.0.170                -> 0.0.170
end-workflow	Checkout repository	2026-02-26T15:11:51.2096276Z  * [new tag]             0.0.171                -> 0.0.171
end-workflow	Checkout repository	2026-02-26T15:11:51.2096689Z  * [new tag]             0.0.172                -> 0.0.172
end-workflow	Checkout repository	2026-02-26T15:11:51.2097098Z  * [new tag]             0.0.173                -> 0.0.173
end-workflow	Checkout repository	2026-02-26T15:11:51.2097511Z  * [new tag]             0.0.174                -> 0.0.174
end-workflow	Checkout repository	2026-02-26T15:11:51.2097917Z  * [new tag]             0.0.175                -> 0.0.175
end-workflow	Checkout repository	2026-02-26T15:11:51.2119743Z  * [new tag]             0.0.176                -> 0.0.176
end-workflow	Checkout repository	2026-02-26T15:11:51.2120399Z  * [new tag]             0.0.177                -> 0.0.177
end-workflow	Checkout repository	2026-02-26T15:11:51.2120863Z  * [new tag]             0.0.178                -> 0.0.178
end-workflow	Checkout repository	2026-02-26T15:11:51.2121295Z  * [new tag]             0.0.179                -> 0.0.179
end-workflow	Checkout repository	2026-02-26T15:11:51.2121699Z  * [new tag]             0.0.18                 -> 0.0.18
end-workflow	Checkout repository	2026-02-26T15:11:51.2122106Z  * [new tag]             0.0.19                 -> 0.0.19
end-workflow	Checkout repository	2026-02-26T15:11:51.2122502Z  * [new tag]             0.0.2                  -> 0.0.2
end-workflow	Checkout repository	2026-02-26T15:11:51.2122914Z  * [new tag]             0.0.20                 -> 0.0.20
end-workflow	Checkout repository	2026-02-26T15:11:51.2123322Z  * [new tag]             0.0.21                 -> 0.0.21
end-workflow	Checkout repository	2026-02-26T15:11:51.2123713Z  * [new tag]             0.0.22                 -> 0.0.22
end-workflow	Checkout repository	2026-02-26T15:11:51.2124114Z  * [new tag]             0.0.23                 -> 0.0.23
end-workflow	Checkout repository	2026-02-26T15:11:51.2124815Z  * [new tag]             0.0.24                 -> 0.0.24
end-workflow	Checkout repository	2026-02-26T15:11:51.2125362Z  * [new tag]             0.0.25                 -> 0.0.25
end-workflow	Checkout repository	2026-02-26T15:11:51.2125776Z  * [new tag]             0.0.26                 -> 0.0.26
end-workflow	Checkout repository	2026-02-26T15:11:51.2126182Z  * [new tag]             0.0.27                 -> 0.0.27
end-workflow	Checkout repository	2026-02-26T15:11:51.2126580Z  * [new tag]             0.0.28                 -> 0.0.28
end-workflow	Checkout repository	2026-02-26T15:11:51.2126974Z  * [new tag]             0.0.29                 -> 0.0.29
end-workflow	Checkout repository	2026-02-26T15:11:51.2127378Z  * [new tag]             0.0.3                  -> 0.0.3
end-workflow	Checkout repository	2026-02-26T15:11:51.2127771Z  * [new tag]             0.0.30                 -> 0.0.30
end-workflow	Checkout repository	2026-02-26T15:11:51.2128168Z  * [new tag]             0.0.31                 -> 0.0.31
end-workflow	Checkout repository	2026-02-26T15:11:51.2128571Z  * [new tag]             0.0.32                 -> 0.0.32
end-workflow	Checkout repository	2026-02-26T15:11:51.2128973Z  * [new tag]             0.0.33                 -> 0.0.33
end-workflow	Checkout repository	2026-02-26T15:11:51.2129369Z  * [new tag]             0.0.34                 -> 0.0.34
end-workflow	Checkout repository	2026-02-26T15:11:51.2129761Z  * [new tag]             0.0.35                 -> 0.0.35
end-workflow	Checkout repository	2026-02-26T15:11:51.2130159Z  * [new tag]             0.0.36                 -> 0.0.36
end-workflow	Checkout repository	2026-02-26T15:11:51.2130563Z  * [new tag]             0.0.37                 -> 0.0.37
end-workflow	Checkout repository	2026-02-26T15:11:51.2131277Z  * [new tag]             0.0.38                 -> 0.0.38
end-workflow	Checkout repository	2026-02-26T15:11:51.2131672Z  * [new tag]             0.0.39                 -> 0.0.39
end-workflow	Checkout repository	2026-02-26T15:11:51.2132218Z  * [new tag]             0.0.4                  -> 0.0.4
end-workflow	Checkout repository	2026-02-26T15:11:51.2132775Z  * [new tag]             0.0.40                 -> 0.0.40
end-workflow	Checkout repository	2026-02-26T15:11:51.2133339Z  * [new tag]             0.0.41                 -> 0.0.41
end-workflow	Checkout repository	2026-02-26T15:11:51.2133748Z  * [new tag]             0.0.42                 -> 0.0.42
end-workflow	Checkout repository	2026-02-26T15:11:51.2134190Z  * [new tag]             0.0.43                 -> 0.0.43
end-workflow	Checkout repository	2026-02-26T15:11:51.2134842Z  * [new tag]             0.0.44                 -> 0.0.44
end-workflow	Checkout repository	2026-02-26T15:11:51.2135380Z  * [new tag]             0.0.45                 -> 0.0.45
end-workflow	Checkout repository	2026-02-26T15:11:51.2136216Z  * [new tag]             0.0.46                 -> 0.0.46
end-workflow	Checkout repository	2026-02-26T15:11:51.2136626Z  * [new tag]             0.0.47                 -> 0.0.47
end-workflow	Checkout repository	2026-02-26T15:11:51.2137383Z  * [new tag]             0.0.48                 -> 0.0.48
end-workflow	Checkout repository	2026-02-26T15:11:51.2137771Z  * [new tag]             0.0.49                 -> 0.0.49
end-workflow	Checkout repository	2026-02-26T15:11:51.2138157Z  * [new tag]             0.0.5                  -> 0.0.5
end-workflow	Checkout repository	2026-02-26T15:11:51.2138543Z  * [new tag]             0.0.50                 -> 0.0.50
end-workflow	Checkout repository	2026-02-26T15:11:51.2138927Z  * [new tag]             0.0.51                 -> 0.0.51
end-workflow	Checkout repository	2026-02-26T15:11:51.2139310Z  * [new tag]             0.0.52                 -> 0.0.52
end-workflow	Checkout repository	2026-02-26T15:11:51.2139698Z  * [new tag]             0.0.53                 -> 0.0.53
end-workflow	Checkout repository	2026-02-26T15:11:51.2140081Z  * [new tag]             0.0.54                 -> 0.0.54
end-workflow	Checkout repository	2026-02-26T15:11:51.2140471Z  * [new tag]             0.0.55                 -> 0.0.55
end-workflow	Checkout repository	2026-02-26T15:11:51.2140854Z  * [new tag]             0.0.56                 -> 0.0.56
end-workflow	Checkout repository	2026-02-26T15:11:51.2141234Z  * [new tag]             0.0.57                 -> 0.0.57
end-workflow	Checkout repository	2026-02-26T15:11:51.2141620Z  * [new tag]             0.0.58                 -> 0.0.58
end-workflow	Checkout repository	2026-02-26T15:11:51.2142014Z  * [new tag]             0.0.59                 -> 0.0.59
end-workflow	Checkout repository	2026-02-26T15:11:51.2142396Z  * [new tag]             0.0.6                  -> 0.0.6
end-workflow	Checkout repository	2026-02-26T15:11:51.2142773Z  * [new tag]             0.0.60                 -> 0.0.60
end-workflow	Checkout repository	2026-02-26T15:11:51.2143149Z  * [new tag]             0.0.61                 -> 0.0.61
end-workflow	Checkout repository	2026-02-26T15:11:51.2143525Z  * [new tag]             0.0.62                 -> 0.0.62
end-workflow	Checkout repository	2026-02-26T15:11:51.2143900Z  * [new tag]             0.0.63                 -> 0.0.63
end-workflow	Checkout repository	2026-02-26T15:11:51.2144273Z  * [new tag]             0.0.64                 -> 0.0.64
end-workflow	Checkout repository	2026-02-26T15:11:51.2145286Z  * [new tag]             0.0.65                 -> 0.0.65
end-workflow	Checkout repository	2026-02-26T15:11:51.2145798Z  * [new tag]             0.0.66                 -> 0.0.66
end-workflow	Checkout repository	2026-02-26T15:11:51.2146169Z  * [new tag]             0.0.67                 -> 0.0.67
end-workflow	Checkout repository	2026-02-26T15:11:51.2146546Z  * [new tag]             0.0.68                 -> 0.0.68
end-workflow	Checkout repository	2026-02-26T15:11:51.2146926Z  * [new tag]             0.0.69                 -> 0.0.69
end-workflow	Checkout repository	2026-02-26T15:11:51.2147312Z  * [new tag]             0.0.7                  -> 0.0.7
end-workflow	Checkout repository	2026-02-26T15:11:51.2147690Z  * [new tag]             0.0.70                 -> 0.0.70
end-workflow	Checkout repository	2026-02-26T15:11:51.2148064Z  * [new tag]             0.0.71                 -> 0.0.71
end-workflow	Checkout repository	2026-02-26T15:11:51.2148442Z  * [new tag]             0.0.72                 -> 0.0.72
end-workflow	Checkout repository	2026-02-26T15:11:51.2148820Z  * [new tag]             0.0.73                 -> 0.0.73
end-workflow	Checkout repository	2026-02-26T15:11:51.2149209Z  * [new tag]             0.0.74                 -> 0.0.74
end-workflow	Checkout repository	2026-02-26T15:11:51.2149587Z  * [new tag]             0.0.75                 -> 0.0.75
end-workflow	Checkout repository	2026-02-26T15:11:51.2149966Z  * [new tag]             0.0.76                 -> 0.0.76
end-workflow	Checkout repository	2026-02-26T15:11:51.2150343Z  * [new tag]             0.0.77                 -> 0.0.77
end-workflow	Checkout repository	2026-02-26T15:11:51.2150716Z  * [new tag]             0.0.78                 -> 0.0.78
end-workflow	Checkout repository	2026-02-26T15:11:51.2151095Z  * [new tag]             0.0.79                 -> 0.0.79
end-workflow	Checkout repository	2026-02-26T15:11:51.2151479Z  * [new tag]             0.0.8                  -> 0.0.8
end-workflow	Checkout repository	2026-02-26T15:11:51.2152081Z  * [new tag]             0.0.80                 -> 0.0.80
end-workflow	Checkout repository	2026-02-26T15:11:51.2152458Z  * [new tag]             0.0.81                 -> 0.0.81
end-workflow	Checkout repository	2026-02-26T15:11:51.2152840Z  * [new tag]             0.0.82                 -> 0.0.82
end-workflow	Checkout repository	2026-02-26T15:11:51.2153220Z  * [new tag]             0.0.83                 -> 0.0.83
end-workflow	Checkout repository	2026-02-26T15:11:51.2153593Z  * [new tag]             0.0.84                 -> 0.0.84
end-workflow	Checkout repository	2026-02-26T15:11:51.2153972Z  * [new tag]             0.0.85                 -> 0.0.85
end-workflow	Checkout repository	2026-02-26T15:11:51.2154349Z  * [new tag]             0.0.86                 -> 0.0.86
end-workflow	Checkout repository	2026-02-26T15:11:51.2155004Z  * [new tag]             0.0.87                 -> 0.0.87
end-workflow	Checkout repository	2026-02-26T15:11:51.2155407Z  * [new tag]             0.0.88                 -> 0.0.88
end-workflow	Checkout repository	2026-02-26T15:11:51.2155920Z  * [new tag]             0.0.89                 -> 0.0.89
end-workflow	Checkout repository	2026-02-26T15:11:51.2156301Z  * [new tag]             0.0.9                  -> 0.0.9
end-workflow	Checkout repository	2026-02-26T15:11:51.2156926Z  * [new tag]             0.0.90                 -> 0.0.90
end-workflow	Checkout repository	2026-02-26T15:11:51.2157311Z  * [new tag]             0.0.91                 -> 0.0.91
end-workflow	Checkout repository	2026-02-26T15:11:51.2157691Z  * [new tag]             0.0.92                 -> 0.0.92
end-workflow	Checkout repository	2026-02-26T15:11:51.2158072Z  * [new tag]             0.0.93                 -> 0.0.93
end-workflow	Checkout repository	2026-02-26T15:11:51.2158447Z  * [new tag]             0.0.94                 -> 0.0.94
end-workflow	Checkout repository	2026-02-26T15:11:51.2158826Z  * [new tag]             0.0.95                 -> 0.0.95
end-workflow	Checkout repository	2026-02-26T15:11:51.2159207Z  * [new tag]             0.0.96                 -> 0.0.96
end-workflow	Checkout repository	2026-02-26T15:11:51.2159583Z  * [new tag]             0.0.97                 -> 0.0.97
end-workflow	Checkout repository	2026-02-26T15:11:51.2159961Z  * [new tag]             0.0.98                 -> 0.0.98
end-workflow	Checkout repository	2026-02-26T15:11:51.2160339Z  * [new tag]             0.0.99                 -> 0.0.99
end-workflow	Checkout repository	2026-02-26T15:11:51.2160718Z  * [new tag]             0.1.0                  -> 0.1.0
end-workflow	Checkout repository	2026-02-26T15:11:51.2161091Z  * [new tag]             0.1.1                  -> 0.1.1
end-workflow	Checkout repository	2026-02-26T15:11:51.2161484Z  * [new tag]             0.2.0                  -> 0.2.0
end-workflow	Checkout repository	2026-02-26T15:11:51.2161864Z  * [new tag]             0.3.0                  -> 0.3.0
end-workflow	Checkout repository	2026-02-26T15:11:51.2162238Z  * [new tag]             0.3.1                  -> 0.3.1
end-workflow	Checkout repository	2026-02-26T15:11:51.2162618Z  * [new tag]             0.3.10                 -> 0.3.10
end-workflow	Checkout repository	2026-02-26T15:11:51.2162997Z  * [new tag]             0.3.11                 -> 0.3.11
end-workflow	Checkout repository	2026-02-26T15:11:51.2163373Z  * [new tag]             0.3.12                 -> 0.3.12
end-workflow	Checkout repository	2026-02-26T15:11:51.2163754Z  * [new tag]             0.3.13                 -> 0.3.13
end-workflow	Checkout repository	2026-02-26T15:11:51.2164135Z  * [new tag]             0.3.14                 -> 0.3.14
end-workflow	Checkout repository	2026-02-26T15:11:51.2164561Z  * [new tag]             0.3.15                 -> 0.3.15
end-workflow	Checkout repository	2026-02-26T15:11:51.2165242Z  * [new tag]             0.3.16                 -> 0.3.16
end-workflow	Checkout repository	2026-02-26T15:11:51.2165741Z  * [new tag]             0.3.17                 -> 0.3.17
end-workflow	Checkout repository	2026-02-26T15:11:51.2166119Z  * [new tag]             0.3.2                  -> 0.3.2
end-workflow	Checkout repository	2026-02-26T15:11:51.2166510Z  * [new tag]             0.3.3                  -> 0.3.3
end-workflow	Checkout repository	2026-02-26T15:11:51.2166884Z  * [new tag]             0.3.4                  -> 0.3.4
end-workflow	Checkout repository	2026-02-26T15:11:51.2167262Z  * [new tag]             0.3.5                  -> 0.3.5
end-workflow	Checkout repository	2026-02-26T15:11:51.2167632Z  * [new tag]             0.3.6                  -> 0.3.6
end-workflow	Checkout repository	2026-02-26T15:11:51.2168011Z  * [new tag]             0.3.7                  -> 0.3.7
end-workflow	Checkout repository	2026-02-26T15:11:51.2168389Z  * [new tag]             0.3.8                  -> 0.3.8
end-workflow	Checkout repository	2026-02-26T15:11:51.2168763Z  * [new tag]             0.3.9                  -> 0.3.9
end-workflow	Checkout repository	2026-02-26T15:11:51.2169139Z  * [new tag]             0.4.0                  -> 0.4.0
end-workflow	Checkout repository	2026-02-26T15:11:51.2169508Z  * [new tag]             0.4.1                  -> 0.4.1
end-workflow	Checkout repository	2026-02-26T15:11:51.2169887Z  * [new tag]             0.4.2                  -> 0.4.2
end-workflow	Checkout repository	2026-02-26T15:11:51.2170261Z  * [new tag]             0.4.3                  -> 0.4.3
end-workflow	Checkout repository	2026-02-26T15:11:51.2170638Z  * [new tag]             0.4.4                  -> 0.4.4
end-workflow	Checkout repository	2026-02-26T15:11:51.2171265Z  * [new tag]             0.4.5                  -> 0.4.5
end-workflow	Checkout repository	2026-02-26T15:11:51.2171640Z  * [new tag]             0.4.6                  -> 0.4.6
end-workflow	Checkout repository	2026-02-26T15:11:51.2172016Z  * [new tag]             0.4.7                  -> 0.4.7
end-workflow	Checkout repository	2026-02-26T15:11:51.2172388Z  * [new tag]             0.4.8                  -> 0.4.8
end-workflow	Checkout repository	2026-02-26T15:11:51.2172762Z  * [new tag]             0.4.9                  -> 0.4.9
end-workflow	Checkout repository	2026-02-26T15:11:51.2173134Z  * [new tag]             0.5.0                  -> 0.5.0
end-workflow	Checkout repository	2026-02-26T15:11:51.2173513Z  * [new tag]             0.5.1                  -> 0.5.1
end-workflow	Checkout repository	2026-02-26T15:11:51.2173890Z  * [new tag]             0.5.2                  -> 0.5.2
end-workflow	Checkout repository	2026-02-26T15:11:51.2174260Z  * [new tag]             0.6.0                  -> 0.6.0
end-workflow	Checkout repository	2026-02-26T15:11:51.2175042Z  * [new tag]             0.6.1                  -> 0.6.1
end-workflow	Checkout repository	2026-02-26T15:11:51.2175559Z  * [new tag]             0.6.2                  -> 0.6.2
end-workflow	Checkout repository	2026-02-26T15:11:51.2176290Z  * [new tag]             0.6.3                  -> 0.6.3
end-workflow	Checkout repository	2026-02-26T15:11:51.2176679Z  * [new tag]             0.6.4                  -> 0.6.4
end-workflow	Checkout repository	2026-02-26T15:11:51.2177051Z  * [new tag]             0.6.5                  -> 0.6.5
end-workflow	Checkout repository	2026-02-26T15:11:51.2177424Z  * [new tag]             0.6.6                  -> 0.6.6
end-workflow	Checkout repository	2026-02-26T15:11:51.2450699Z [command]/usr/bin/git branch --list --remote origin/main
end-workflow	Checkout repository	2026-02-26T15:11:51.2526923Z   origin/main
end-workflow	Checkout repository	2026-02-26T15:11:51.2539726Z [command]/usr/bin/git rev-parse refs/remotes/origin/main
end-workflow	Checkout repository	2026-02-26T15:11:51.2575337Z 692427313036de529b2e6b49c00bfa0be5714275
end-workflow	Checkout repository	2026-02-26T15:11:51.2606385Z [command]/usr/bin/git -c protocol.version=2 fetch --no-tags --prune --no-recurse-submodules origin +0eefce0302a91e89d1ff51b6bd960768b58dc270:refs/remotes/origin/main
end-workflow	Checkout repository	2026-02-26T15:11:51.2793871Z From https://github.com/Ka0s-Klaus/ka0s
end-workflow	Checkout repository	2026-02-26T15:11:51.2795254Z  + 692427313...0eefce030 0eefce0302a91e89d1ff51b6bd960768b58dc270 -> origin/main  (forced update)
end-workflow	Checkout repository	2026-02-26T15:11:51.2833883Z ##[endgroup]
end-workflow	Checkout repository	2026-02-26T15:11:51.2834939Z ##[group]Determining the checkout info
end-workflow	Checkout repository	2026-02-26T15:11:51.2835574Z ##[endgroup]
end-workflow	Checkout repository	2026-02-26T15:11:51.2842457Z [command]/usr/bin/git sparse-checkout disable
end-workflow	Checkout repository	2026-02-26T15:11:51.2896713Z [command]/usr/bin/git config --local --unset-all extensions.worktreeConfig
end-workflow	Checkout repository	2026-02-26T15:11:51.2934170Z ##[group]Checking out the ref
end-workflow	Checkout repository	2026-02-26T15:11:51.2941216Z [command]/usr/bin/git checkout --progress --force -B main refs/remotes/origin/main
end-workflow	Checkout repository	2026-02-26T15:11:51.5561933Z Switched to a new branch 'main'
end-workflow	Checkout repository	2026-02-26T15:11:51.5567125Z branch 'main' set up to track 'origin/main'.
end-workflow	Checkout repository	2026-02-26T15:11:51.5611712Z ##[endgroup]
end-workflow	Checkout repository	2026-02-26T15:11:51.5675213Z [command]/usr/bin/git log -1 --format=%H
end-workflow	Checkout repository	2026-02-26T15:11:51.5710076Z 0eefce0302a91e89d1ff51b6bd960768b58dc270
end-workflow	Install GH CLI	ï»¿2026-02-26T15:11:51.5982262Z Prepare all required actions
end-workflow	Install GH CLI	2026-02-26T15:11:51.6037571Z ##[group]Run ./.github/actions/install-gh-cli
end-workflow	Install GH CLI	2026-02-26T15:11:51.6037892Z env:
end-workflow	Install GH CLI	2026-02-26T15:11:51.6038207Z   KAOS_MODULE: [Ka0S] Audit Pods
end-workflow	Install GH CLI	2026-02-26T15:11:51.6038445Z   KAOS_CODE: 22448030092
end-workflow	Install GH CLI	2026-02-26T15:11:51.6038672Z ##[endgroup]
end-workflow	Install GH CLI	2026-02-26T15:11:51.6145421Z ##[group]Run type -p curl >/dev/null || (sudo apt-get update && sudo apt-get install curl -y)
end-workflow	Install GH CLI	2026-02-26T15:11:51.6146238Z [36;1mtype -p curl >/dev/null || (sudo apt-get update && sudo apt-get install curl -y)[0m
end-workflow	Install GH CLI	2026-02-26T15:11:51.6147098Z [36;1mcurl -fsSL https://cli.github.com/packages/githubcli-archive-keyring.gpg | sudo dd of=/usr/share/keyrings/githubcli-archive-keyring.gpg \[0m
end-workflow	Install GH CLI	2026-02-26T15:11:51.6147900Z [36;1m&& sudo chmod go+r /usr/share/keyrings/githubcli-archive-keyring.gpg \[0m
end-workflow	Install GH CLI	2026-02-26T15:11:51.6148981Z [36;1m&& echo "deb [arch=$(dpkg --print-architecture) signed-by=/usr/share/keyrings/githubcli-archive-keyring.gpg] https://cli.github.com/packages stable main" | sudo tee /etc/apt/sources.list.d/github-cli.list > /dev/null \[0m
end-workflow	Install GH CLI	2026-02-26T15:11:51.6150024Z [36;1m&& sudo apt-get update \[0m
end-workflow	Install GH CLI	2026-02-26T15:11:51.6150289Z [36;1m&& sudo apt-get install gh -y[0m
end-workflow	Install GH CLI	2026-02-26T15:11:51.6167005Z shell: /usr/bin/bash --noprofile --norc -e -o pipefail {0}
end-workflow	Install GH CLI	2026-02-26T15:11:51.6167628Z env:
end-workflow	Install GH CLI	2026-02-26T15:11:51.6167939Z   KAOS_MODULE: [Ka0S] Audit Pods
end-workflow	Install GH CLI	2026-02-26T15:11:51.6168169Z   KAOS_CODE: 22448030092
end-workflow	Install GH CLI	2026-02-26T15:11:51.6168372Z ##[endgroup]
end-workflow	Install GH CLI	2026-02-26T15:11:51.8437775Z 4+1 records in
end-workflow	Install GH CLI	2026-02-26T15:11:51.8438792Z 4+1 records out
end-workflow	Install GH CLI	2026-02-26T15:11:51.8439948Z 2270 bytes (2.3 kB, 2.2 KiB) copied, 0.195733 s, 11.6 kB/s
end-workflow	Install GH CLI	2026-02-26T15:11:52.0697624Z Get:1 http://archive.ubuntu.com/ubuntu noble InRelease [256 kB]
end-workflow	Install GH CLI	2026-02-26T15:11:52.1023531Z Get:2 https://cli.github.com/packages stable InRelease [3917 B]
end-workflow	Install GH CLI	2026-02-26T15:11:52.2207633Z Get:3 http://archive.ubuntu.com/ubuntu noble-updates InRelease [126 kB]
end-workflow	Install GH CLI	2026-02-26T15:11:52.2241032Z Get:4 http://security.ubuntu.com/ubuntu noble-security InRelease [126 kB]
end-workflow	Install GH CLI	2026-02-26T15:11:52.2333533Z Get:5 https://ppa.launchpadcontent.net/git-core/ppa/ubuntu noble InRelease [24.3 kB]
end-workflow	Install GH CLI	2026-02-26T15:11:52.2580014Z Get:6 http://archive.ubuntu.com/ubuntu noble-backports InRelease [126 kB]
end-workflow	Install GH CLI	2026-02-26T15:11:52.3716816Z Get:7 http://archive.ubuntu.com/ubuntu noble/universe amd64 Packages [19.3 MB]
end-workflow	Install GH CLI	2026-02-26T15:11:52.3906167Z Get:8 https://cli.github.com/packages stable/main amd64 Packages [357 B]
end-workflow	Install GH CLI	2026-02-26T15:11:52.5356301Z Get:9 https://ppa.launchpadcontent.net/git-core/ppa/ubuntu noble/main amd64 Packages [2992 B]
end-workflow	Install GH CLI	2026-02-26T15:11:52.7715808Z Get:10 http://archive.ubuntu.com/ubuntu noble/restricted amd64 Packages [117 kB]
end-workflow	Install GH CLI	2026-02-26T15:11:52.7740044Z Get:11 http://archive.ubuntu.com/ubuntu noble/main amd64 Packages [1808 kB]
end-workflow	Install GH CLI	2026-02-26T15:11:52.7759627Z Get:12 http://security.ubuntu.com/ubuntu noble-security/main amd64 Packages [1883 kB]
end-workflow	Install GH CLI	2026-02-26T15:11:52.7978610Z Get:13 http://archive.ubuntu.com/ubuntu noble/multiverse amd64 Packages [331 kB]
end-workflow	Install GH CLI	2026-02-26T15:11:52.7979361Z Get:14 http://archive.ubuntu.com/ubuntu noble-updates/multiverse amd64 Packages [38.1 kB]
end-workflow	Install GH CLI	2026-02-26T15:11:52.7980015Z Get:15 http://archive.ubuntu.com/ubuntu noble-updates/universe amd64 Packages [2017 kB]
end-workflow	Install GH CLI	2026-02-26T15:11:52.8089358Z Get:16 http://archive.ubuntu.com/ubuntu noble-updates/restricted amd64 Packages [3471 kB]
end-workflow	Install GH CLI	2026-02-26T15:11:52.8391313Z Get:17 http://archive.ubuntu.com/ubuntu noble-updates/main amd64 Packages [2276 kB]
end-workflow	Install GH CLI	2026-02-26T15:11:52.8585641Z Get:18 http://archive.ubuntu.com/ubuntu noble-backports/universe amd64 Packages [34.6 kB]
end-workflow	Install GH CLI	2026-02-26T15:11:52.8590117Z Get:19 http://archive.ubuntu.com/ubuntu noble-backports/main amd64 Packages [49.5 kB]
end-workflow	Install GH CLI	2026-02-26T15:11:53.3345111Z Get:20 http://security.ubuntu.com/ubuntu noble-security/universe amd64 Packages [1210 kB]
end-workflow	Install GH CLI	2026-02-26T15:11:53.3800010Z Get:21 http://security.ubuntu.com/ubuntu noble-security/multiverse amd64 Packages [34.8 kB]
end-workflow	Install GH CLI	2026-02-26T15:11:53.3814313Z Get:22 http://security.ubuntu.com/ubuntu noble-security/restricted amd64 Packages [3262 kB]
end-workflow	Install GH CLI	2026-02-26T15:11:54.3299716Z Fetched 36.5 MB in 2s (15.6 MB/s)
end-workflow	Install GH CLI	2026-02-26T15:11:55.2770231Z Reading package lists...
end-workflow	Install GH CLI	2026-02-26T15:11:56.2587122Z Reading package lists...
end-workflow	Install GH CLI	2026-02-26T15:11:56.4849295Z Building dependency tree...
end-workflow	Install GH CLI	2026-02-26T15:11:56.4850380Z Reading state information...
end-workflow	Install GH CLI	2026-02-26T15:11:56.8444473Z The following NEW packages will be installed:
end-workflow	Install GH CLI	2026-02-26T15:11:56.8463972Z   gh
end-workflow	Install GH CLI	2026-02-26T15:11:56.9304476Z 0 upgraded, 1 newly installed, 0 to remove and 0 not upgraded.
end-workflow	Install GH CLI	2026-02-26T15:11:56.9305357Z Need to get 13.8 MB of archives.
end-workflow	Install GH CLI	2026-02-26T15:11:56.9305775Z After this operation, 38.5 MB of additional disk space will be used.
end-workflow	Install GH CLI	2026-02-26T15:11:56.9306409Z Get:1 https://cli.github.com/packages stable/main amd64 gh amd64 2.87.3 [13.8 MB]
end-workflow	Install GH CLI	2026-02-26T15:11:57.2434418Z debconf: delaying package configuration, since apt-utils is not installed
end-workflow	Install GH CLI	2026-02-26T15:11:57.2851985Z Fetched 13.8 MB in 0s (61.2 MB/s)
end-workflow	Install GH CLI	2026-02-26T15:11:57.3142993Z Selecting previously unselected package gh.
end-workflow	Install GH CLI	2026-02-26T15:11:57.3182199Z (Reading database ... 
end-workflow	Install GH CLI	2026-02-26T15:11:57.3182516Z (Reading database ... 5%
end-workflow	Install GH CLI	2026-02-26T15:11:57.3182778Z (Reading database ... 10%
end-workflow	Install GH CLI	2026-02-26T15:11:57.3183028Z (Reading database ... 15%
end-workflow	Install GH CLI	2026-02-26T15:11:57.3183584Z (Reading database ... 20%
end-workflow	Install GH CLI	2026-02-26T15:11:57.3183822Z (Reading database ... 25%
end-workflow	Install GH CLI	2026-02-26T15:11:57.3184071Z (Reading database ... 30%
end-workflow	Install GH CLI	2026-02-26T15:11:57.3184321Z (Reading database ... 35%
end-workflow	Install GH CLI	2026-02-26T15:11:57.3184809Z (Reading database ... 40%
end-workflow	Install GH CLI	2026-02-26T15:11:57.3185057Z (Reading database ... 45%
end-workflow	Install GH CLI	2026-02-26T15:11:57.3185303Z (Reading database ... 50%
end-workflow	Install GH CLI	2026-02-26T15:11:57.3185538Z (Reading database ... 55%
end-workflow	Install GH CLI	2026-02-26T15:11:57.3185783Z (Reading database ... 60%
end-workflow	Install GH CLI	2026-02-26T15:11:57.3195845Z (Reading database ... 65%
end-workflow	Install GH CLI	2026-02-26T15:11:57.3213397Z (Reading database ... 70%
end-workflow	Install GH CLI	2026-02-26T15:11:57.3219268Z (Reading database ... 75%
end-workflow	Install GH CLI	2026-02-26T15:11:57.3234139Z (Reading database ... 80%
end-workflow	Install GH CLI	2026-02-26T15:11:57.3240220Z (Reading database ... 85%
end-workflow	Install GH CLI	2026-02-26T15:11:57.3251748Z (Reading database ... 90%
end-workflow	Install GH CLI	2026-02-26T15:11:57.3272373Z (Reading database ... 95%
end-workflow	Install GH CLI	2026-02-26T15:11:57.3272975Z (Reading database ... 100%
end-workflow	Install GH CLI	2026-02-26T15:11:57.3273396Z (Reading database ... 14387 files and directories currently installed.)
end-workflow	Install GH CLI	2026-02-26T15:11:57.3279805Z Preparing to unpack .../archives/gh_2.87.3_amd64.deb ...
end-workflow	Install GH CLI	2026-02-26T15:11:57.3315290Z Unpacking gh (2.87.3) ...
end-workflow	Install GH CLI	2026-02-26T15:11:57.5613727Z Setting up gh (2.87.3) ...
end-workflow	Trigger Inspector	ï»¿2026-02-26T15:11:57.6167003Z ##[group]Run gh workflow run inspector.yml \
end-workflow	Trigger Inspector	2026-02-26T15:11:57.6167435Z [36;1mgh workflow run inspector.yml \[0m
end-workflow	Trigger Inspector	2026-02-26T15:11:57.6167826Z [36;1m  -f workflow_name="Ka0s Audit Failed Pods -> iTop" \[0m
end-workflow	Trigger Inspector	2026-02-26T15:11:57.6168201Z [36;1m  -f run_id="22448030092" \[0m
end-workflow	Trigger Inspector	2026-02-26T15:11:57.6168481Z [36;1m  -f status="success"[0m
end-workflow	Trigger Inspector	2026-02-26T15:11:57.6180414Z shell: /usr/bin/bash -e {0}
end-workflow	Trigger Inspector	2026-02-26T15:11:57.6180685Z env:
end-workflow	Trigger Inspector	2026-02-26T15:11:57.6180880Z   KAOS_MODULE: [Ka0S] Audit Pods
end-workflow	Trigger Inspector	2026-02-26T15:11:57.6181142Z   KAOS_CODE: 22448030092
end-workflow	Trigger Inspector	2026-02-26T15:11:57.6181666Z   GH_TOKEN: ***
end-workflow	Trigger Inspector	2026-02-26T15:11:57.6181870Z ##[endgroup]
end-workflow	Trigger Inspector	2026-02-26T15:11:59.9422396Z https://github.com/Ka0s-Klaus/ka0s/actions/runs/22448102903
end-workflow	Post Checkout repository	ï»¿2026-02-26T15:11:59.9670596Z Post job cleanup.
end-workflow	Post Checkout repository	2026-02-26T15:12:00.0845631Z [command]/usr/bin/git version
end-workflow	Post Checkout repository	2026-02-26T15:12:00.0894022Z git version 2.53.0
end-workflow	Post Checkout repository	2026-02-26T15:12:00.0948586Z Temporarily overriding HOME='/home/runner/_work/_temp/f5725469-4b37-4071-b139-5c9ad6cf989e' before making global git config changes
end-workflow	Post Checkout repository	2026-02-26T15:12:00.0955621Z Adding repository directory to the temporary git global config as a safe directory
end-workflow	Post Checkout repository	2026-02-26T15:12:00.0957549Z [command]/usr/bin/git config --global --add safe.directory /home/runner/_work/ka0s/ka0s
end-workflow	Post Checkout repository	2026-02-26T15:12:00.1012437Z [command]/usr/bin/git config --local --name-only --get-regexp core\.sshCommand
end-workflow	Post Checkout repository	2026-02-26T15:12:00.1076048Z [command]/usr/bin/git submodule foreach --recursive sh -c "git config --local --name-only --get-regexp 'core\.sshCommand' && git config --local --unset-all 'core.sshCommand' || :"
end-workflow	Post Checkout repository	2026-02-26T15:12:00.1508760Z [command]/usr/bin/git config --local --name-only --get-regexp http\.https\:\/\/github\.com\/\.extraheader
end-workflow	Post Checkout repository	2026-02-26T15:12:00.1545916Z http.https://github.com/.extraheader
end-workflow	Post Checkout repository	2026-02-26T15:12:00.1557195Z [command]/usr/bin/git config --local --unset-all http.https://github.com/.extraheader
end-workflow	Post Checkout repository	2026-02-26T15:12:00.1620067Z [command]/usr/bin/git submodule foreach --recursive sh -c "git config --local --name-only --get-regexp 'http\.https\:\/\/github\.com\/\.extraheader' && git config --local --unset-all 'http.https://github.com/.extraheader' || :"
end-workflow	Post Checkout repository	2026-02-26T15:12:00.2008731Z [command]/usr/bin/git config --local --name-only --get-regexp ^includeIf\.gitdir:
end-workflow	Post Checkout repository	2026-02-26T15:12:00.2052275Z [command]/usr/bin/git submodule foreach --recursive git config --local --show-origin --name-only --get-regexp remote.origin.url
end-workflow	Complete job	ï»¿2026-02-26T15:12:00.2626250Z Cleaning up orphan processes
