job-core	Set up job	Ôªø2026-02-26T14:58:14.8860412Z Current runner version: '2.332.0'
job-core	Set up job	2026-02-26T14:58:14.8869371Z Runner name: 'swarm-runners-scaleset-hkss5-runner-b9mdt'
job-core	Set up job	2026-02-26T14:58:14.8870623Z Runner group name: 'Default'
job-core	Set up job	2026-02-26T14:58:14.8871768Z Machine name: 'swarm-runners-scaleset-hkss5-runner-b9mdt'
job-core	Set up job	2026-02-26T14:58:14.8875875Z ##[group]GITHUB_TOKEN Permissions
job-core	Set up job	2026-02-26T14:58:14.8878385Z Actions: write
job-core	Set up job	2026-02-26T14:58:14.8879150Z Contents: write
job-core	Set up job	2026-02-26T14:58:14.8879765Z Issues: write
job-core	Set up job	2026-02-26T14:58:14.8880425Z Metadata: read
job-core	Set up job	2026-02-26T14:58:14.8881063Z PullRequests: write
job-core	Set up job	2026-02-26T14:58:14.8881713Z ##[endgroup]
job-core	Set up job	2026-02-26T14:58:14.8883930Z Secret source: Actions
job-core	Set up job	2026-02-26T14:58:14.8885943Z Prepare workflow directory
job-core	Set up job	2026-02-26T14:58:14.9664992Z Prepare all required actions
job-core	Set up job	2026-02-26T14:58:14.9755530Z Getting action download info
job-core	Set up job	2026-02-26T14:58:15.6628818Z Download action repository 'actions/checkout@v4' (SHA:34e114876b0b11c390a56381ad16ebd13914f8d5)
job-core	Set up job	2026-02-26T14:58:16.5951275Z Download action repository 'actions/setup-python@v4' (SHA:7f4fc3e22c37d6ff65e88745f38bd3157c663f7c)
job-core	Set up job	2026-02-26T14:58:17.4798291Z Download action repository 'actions/upload-artifact@v4' (SHA:ea165f8d65b6e75b540449e92b4886f43607fa02)
job-core	Set up job	2026-02-26T14:58:18.5376848Z Complete job name: job-core
job-core	Checkout code	Ôªø2026-02-26T14:58:18.6011648Z ##[group]Run actions/checkout@v4
job-core	Checkout code	2026-02-26T14:58:18.6012370Z with:
job-core	Checkout code	2026-02-26T14:58:18.6012647Z   fetch-depth: 0
job-core	Checkout code	2026-02-26T14:58:18.6012932Z   repository: Ka0s-Klaus/ka0s
job-core	Checkout code	2026-02-26T14:58:18.6013498Z   token: ***
job-core	Checkout code	2026-02-26T14:58:18.6013764Z   ssh-strict: true
job-core	Checkout code	2026-02-26T14:58:18.6014024Z   ssh-user: git
job-core	Checkout code	2026-02-26T14:58:18.6014292Z   persist-credentials: true
job-core	Checkout code	2026-02-26T14:58:18.6014799Z   clean: true
job-core	Checkout code	2026-02-26T14:58:18.6015221Z   sparse-checkout-cone-mode: true
job-core	Checkout code	2026-02-26T14:58:18.6015549Z   fetch-tags: false
job-core	Checkout code	2026-02-26T14:58:18.6015843Z   show-progress: true
job-core	Checkout code	2026-02-26T14:58:18.6016123Z   lfs: false
job-core	Checkout code	2026-02-26T14:58:18.6016373Z   submodules: false
job-core	Checkout code	2026-02-26T14:58:18.6016655Z   set-safe-directory: true
job-core	Checkout code	2026-02-26T14:58:18.6017185Z env:
job-core	Checkout code	2026-02-26T14:58:18.6017468Z   PYTHON_VERSION: 3.9
job-core	Checkout code	2026-02-26T14:58:18.6018269Z   MONGO_SUPERUSER_CONNECTION: ***
job-core	Checkout code	2026-02-26T14:58:18.6018730Z   MONGO_NEW_PASS: ***
job-core	Checkout code	2026-02-26T14:58:18.6019133Z   MONGO_SCRIPT_CREATE: devops/core/mongo/scripts/mongodb_status_report.py
job-core	Checkout code	2026-02-26T14:58:18.6019632Z   KAOS_CODE: 22447556471
job-core	Checkout code	2026-02-26T14:58:18.6019914Z   REPORT_SCAN: audit/
job-core	Checkout code	2026-02-26T14:58:18.6020199Z   REPORT_PATH: audit/mongodb/
job-core	Checkout code	2026-02-26T14:58:18.6020512Z   REPORT_FILENAME: 22447556471.json
job-core	Checkout code	2026-02-26T14:58:18.6020844Z   KAOS_MODULE: [Ka0s] Status MongDB Report
job-core	Checkout code	2026-02-26T14:58:18.6021196Z   GITHUB_OUTPUT: 
job-core	Checkout code	2026-02-26T14:58:18.6021476Z ##[endgroup]
job-core	Checkout code	2026-02-26T14:58:18.7537137Z Syncing repository: Ka0s-Klaus/ka0s
job-core	Checkout code	2026-02-26T14:58:18.7540278Z ##[group]Getting Git version info
job-core	Checkout code	2026-02-26T14:58:18.7543580Z Working directory is '/home/runner/_work/ka0s/ka0s'
job-core	Checkout code	2026-02-26T14:58:18.7544387Z [command]/usr/bin/git version
job-core	Checkout code	2026-02-26T14:58:18.7544889Z git version 2.53.0
job-core	Checkout code	2026-02-26T14:58:18.7562594Z ##[endgroup]
job-core	Checkout code	2026-02-26T14:58:18.7582414Z Temporarily overriding HOME='/home/runner/_work/_temp/2b8cdee9-4df8-48be-8f72-f5f72887bc50' before making global git config changes
job-core	Checkout code	2026-02-26T14:58:18.7585736Z Adding repository directory to the temporary git global config as a safe directory
job-core	Checkout code	2026-02-26T14:58:18.7596505Z [command]/usr/bin/git config --global --add safe.directory /home/runner/_work/ka0s/ka0s
job-core	Checkout code	2026-02-26T14:58:18.7666709Z Deleting the contents of '/home/runner/_work/ka0s/ka0s'
job-core	Checkout code	2026-02-26T14:58:18.7670103Z ##[group]Initializing the repository
job-core	Checkout code	2026-02-26T14:58:18.7672136Z [command]/usr/bin/git init /home/runner/_work/ka0s/ka0s
job-core	Checkout code	2026-02-26T14:58:18.7761447Z hint: Using 'master' as the name for the initial branch. This default branch name
job-core	Checkout code	2026-02-26T14:58:18.7762558Z hint: will change to "main" in Git 3.0. To configure the initial branch name
job-core	Checkout code	2026-02-26T14:58:18.7763413Z hint: to use in all of your new repositories, which will suppress this warning,
job-core	Checkout code	2026-02-26T14:58:18.7764110Z hint: call:
job-core	Checkout code	2026-02-26T14:58:18.7765295Z hint:
job-core	Checkout code	2026-02-26T14:58:18.7766120Z hint: 	git config --global init.defaultBranch <name>
job-core	Checkout code	2026-02-26T14:58:18.7766512Z hint:
job-core	Checkout code	2026-02-26T14:58:18.7766883Z hint: Names commonly chosen instead of 'master' are 'main', 'trunk' and
job-core	Checkout code	2026-02-26T14:58:18.7767493Z hint: 'development'. The just-created branch can be renamed via this command:
job-core	Checkout code	2026-02-26T14:58:18.7776792Z hint:
job-core	Checkout code	2026-02-26T14:58:18.7777113Z hint: 	git branch -m <name>
job-core	Checkout code	2026-02-26T14:58:18.7777425Z hint:
job-core	Checkout code	2026-02-26T14:58:18.7777841Z hint: Disable this message with "git config set advice.defaultBranchName false"
job-core	Checkout code	2026-02-26T14:58:18.7778503Z Initialized empty Git repository in /home/runner/_work/ka0s/ka0s/.git/
job-core	Checkout code	2026-02-26T14:58:18.7798731Z [command]/usr/bin/git remote add origin https://github.com/Ka0s-Klaus/ka0s
job-core	Checkout code	2026-02-26T14:58:18.7886596Z ##[endgroup]
job-core	Checkout code	2026-02-26T14:58:18.7889534Z ##[group]Disabling automatic garbage collection
job-core	Checkout code	2026-02-26T14:58:18.7890030Z [command]/usr/bin/git config --local gc.auto 0
job-core	Checkout code	2026-02-26T14:58:18.7949158Z ##[endgroup]
job-core	Checkout code	2026-02-26T14:58:18.7949737Z ##[group]Setting up auth
job-core	Checkout code	2026-02-26T14:58:18.7978359Z [command]/usr/bin/git config --local --name-only --get-regexp core\.sshCommand
job-core	Checkout code	2026-02-26T14:58:18.8019508Z [command]/usr/bin/git submodule foreach --recursive sh -c "git config --local --name-only --get-regexp 'core\.sshCommand' && git config --local --unset-all 'core.sshCommand' || :"
job-core	Checkout code	2026-02-26T14:58:18.8411792Z [command]/usr/bin/git config --local --name-only --get-regexp http\.https\:\/\/github\.com\/\.extraheader
job-core	Checkout code	2026-02-26T14:58:18.8484262Z [command]/usr/bin/git submodule foreach --recursive sh -c "git config --local --name-only --get-regexp 'http\.https\:\/\/github\.com\/\.extraheader' && git config --local --unset-all 'http.https://github.com/.extraheader' || :"
job-core	Checkout code	2026-02-26T14:58:18.8917722Z [command]/usr/bin/git config --local --name-only --get-regexp ^includeIf\.gitdir:
job-core	Checkout code	2026-02-26T14:58:18.8958663Z [command]/usr/bin/git submodule foreach --recursive git config --local --show-origin --name-only --get-regexp remote.origin.url
job-core	Checkout code	2026-02-26T14:58:18.9317987Z [command]/usr/bin/git config --local http.https://github.com/.extraheader AUTHORIZATION: basic ***
job-core	Checkout code	2026-02-26T14:58:18.9371745Z ##[endgroup]
job-core	Checkout code	2026-02-26T14:58:18.9372768Z ##[group]Fetching the repository
job-core	Checkout code	2026-02-26T14:58:18.9381756Z [command]/usr/bin/git -c protocol.version=2 fetch --prune --no-recurse-submodules origin +refs/heads/*:refs/remotes/origin/* +refs/tags/*:refs/tags/*
job-core	Checkout code	2026-02-26T14:58:42.5946745Z From https://github.com/Ka0s-Klaus/ka0s
job-core	Checkout code	2026-02-26T14:58:42.5947528Z  * [new branch]          F3450-modelo-operativo -> origin/F3450-modelo-operativo
job-core	Checkout code	2026-02-26T14:58:42.5948745Z  * [new branch]          H1276-modulo-observabilidad -> origin/H1276-modulo-observabilidad
job-core	Checkout code	2026-02-26T14:58:42.5949345Z  * [new branch]          H3596-deploy-itop      -> origin/H3596-deploy-itop
job-core	Checkout code	2026-02-26T14:58:42.5950027Z  * [new branch]          H4170-flujo-detallado-zabbix---github -> origin/H4170-flujo-detallado-zabbix---github
job-core	Checkout code	2026-02-26T14:58:42.5950713Z  * [new branch]          H4191-request-cambios  -> origin/H4191-request-cambios
job-core	Checkout code	2026-02-26T14:58:42.6087213Z  * [new branch]          H4200-request-recomendaciones-de-auditoria -> origin/H4200-request-recomendaciones-de-auditoria
job-core	Checkout code	2026-02-26T14:58:42.6088389Z  * [new branch]          main                   -> origin/main
job-core	Checkout code	2026-02-26T14:58:42.6088863Z  * [new tag]             0.0.0                  -> 0.0.0
job-core	Checkout code	2026-02-26T14:58:42.6089267Z  * [new tag]             0.0.1                  -> 0.0.1
job-core	Checkout code	2026-02-26T14:58:42.6089850Z  * [new tag]             0.0.10                 -> 0.0.10
job-core	Checkout code	2026-02-26T14:58:42.6090400Z  * [new tag]             0.0.100                -> 0.0.100
job-core	Checkout code	2026-02-26T14:58:42.6090775Z  * [new tag]             0.0.101                -> 0.0.101
job-core	Checkout code	2026-02-26T14:58:42.6091151Z  * [new tag]             0.0.102                -> 0.0.102
job-core	Checkout code	2026-02-26T14:58:42.6091555Z  * [new tag]             0.0.103                -> 0.0.103
job-core	Checkout code	2026-02-26T14:58:42.6091954Z  * [new tag]             0.0.104                -> 0.0.104
job-core	Checkout code	2026-02-26T14:58:42.6092318Z  * [new tag]             0.0.105                -> 0.0.105
job-core	Checkout code	2026-02-26T14:58:42.6093055Z  * [new tag]             0.0.106                -> 0.0.106
job-core	Checkout code	2026-02-26T14:58:42.6093421Z  * [new tag]             0.0.107                -> 0.0.107
job-core	Checkout code	2026-02-26T14:58:42.6093782Z  * [new tag]             0.0.108                -> 0.0.108
job-core	Checkout code	2026-02-26T14:58:42.6094147Z  * [new tag]             0.0.109                -> 0.0.109
job-core	Checkout code	2026-02-26T14:58:42.6094692Z  * [new tag]             0.0.11                 -> 0.0.11
job-core	Checkout code	2026-02-26T14:58:42.6095074Z  * [new tag]             0.0.110                -> 0.0.110
job-core	Checkout code	2026-02-26T14:58:42.6095438Z  * [new tag]             0.0.111                -> 0.0.111
job-core	Checkout code	2026-02-26T14:58:42.6095797Z  * [new tag]             0.0.112                -> 0.0.112
job-core	Checkout code	2026-02-26T14:58:42.6096161Z  * [new tag]             0.0.113                -> 0.0.113
job-core	Checkout code	2026-02-26T14:58:42.6096519Z  * [new tag]             0.0.114                -> 0.0.114
job-core	Checkout code	2026-02-26T14:58:42.6096886Z  * [new tag]             0.0.115                -> 0.0.115
job-core	Checkout code	2026-02-26T14:58:42.6097260Z  * [new tag]             0.0.116                -> 0.0.116
job-core	Checkout code	2026-02-26T14:58:42.6097771Z  * [new tag]             0.0.117                -> 0.0.117
job-core	Checkout code	2026-02-26T14:58:42.6098341Z  * [new tag]             0.0.118                -> 0.0.118
job-core	Checkout code	2026-02-26T14:58:42.6098712Z  * [new tag]             0.0.119                -> 0.0.119
job-core	Checkout code	2026-02-26T14:58:42.6099412Z  * [new tag]             0.0.12                 -> 0.0.12
job-core	Checkout code	2026-02-26T14:58:42.6099836Z  * [new tag]             0.0.120                -> 0.0.120
job-core	Checkout code	2026-02-26T14:58:42.6100251Z  * [new tag]             0.0.121                -> 0.0.121
job-core	Checkout code	2026-02-26T14:58:42.6100620Z  * [new tag]             0.0.122                -> 0.0.122
job-core	Checkout code	2026-02-26T14:58:42.6100986Z  * [new tag]             0.0.123                -> 0.0.123
job-core	Checkout code	2026-02-26T14:58:42.6101346Z  * [new tag]             0.0.124                -> 0.0.124
job-core	Checkout code	2026-02-26T14:58:42.6101711Z  * [new tag]             0.0.125                -> 0.0.125
job-core	Checkout code	2026-02-26T14:58:42.6102087Z  * [new tag]             0.0.126                -> 0.0.126
job-core	Checkout code	2026-02-26T14:58:42.6102459Z  * [new tag]             0.0.127                -> 0.0.127
job-core	Checkout code	2026-02-26T14:58:42.6102832Z  * [new tag]             0.0.128                -> 0.0.128
job-core	Checkout code	2026-02-26T14:58:42.6103196Z  * [new tag]             0.0.129                -> 0.0.129
job-core	Checkout code	2026-02-26T14:58:42.6103564Z  * [new tag]             0.0.13                 -> 0.0.13
job-core	Checkout code	2026-02-26T14:58:42.6103928Z  * [new tag]             0.0.130                -> 0.0.130
job-core	Checkout code	2026-02-26T14:58:42.6104292Z  * [new tag]             0.0.131                -> 0.0.131
job-core	Checkout code	2026-02-26T14:58:42.6104846Z  * [new tag]             0.0.132                -> 0.0.132
job-core	Checkout code	2026-02-26T14:58:42.6105220Z  * [new tag]             0.0.133                -> 0.0.133
job-core	Checkout code	2026-02-26T14:58:42.6105584Z  * [new tag]             0.0.134                -> 0.0.134
job-core	Checkout code	2026-02-26T14:58:42.6105950Z  * [new tag]             0.0.135                -> 0.0.135
job-core	Checkout code	2026-02-26T14:58:42.6106311Z  * [new tag]             0.0.136                -> 0.0.136
job-core	Checkout code	2026-02-26T14:58:42.6106785Z  * [new tag]             0.0.137                -> 0.0.137
job-core	Checkout code	2026-02-26T14:58:42.6107147Z  * [new tag]             0.0.138                -> 0.0.138
job-core	Checkout code	2026-02-26T14:58:42.6107501Z  * [new tag]             0.0.139                -> 0.0.139
job-core	Checkout code	2026-02-26T14:58:42.6107851Z  * [new tag]             0.0.14                 -> 0.0.14
job-core	Checkout code	2026-02-26T14:58:42.6108209Z  * [new tag]             0.0.140                -> 0.0.140
job-core	Checkout code	2026-02-26T14:58:42.6108565Z  * [new tag]             0.0.141                -> 0.0.141
job-core	Checkout code	2026-02-26T14:58:42.6108916Z  * [new tag]             0.0.142                -> 0.0.142
job-core	Checkout code	2026-02-26T14:58:42.6109268Z  * [new tag]             0.0.143                -> 0.0.143
job-core	Checkout code	2026-02-26T14:58:42.6109616Z  * [new tag]             0.0.144                -> 0.0.144
job-core	Checkout code	2026-02-26T14:58:42.6109967Z  * [new tag]             0.0.145                -> 0.0.145
job-core	Checkout code	2026-02-26T14:58:42.6110315Z  * [new tag]             0.0.146                -> 0.0.146
job-core	Checkout code	2026-02-26T14:58:42.6110694Z  * [new tag]             0.0.147                -> 0.0.147
job-core	Checkout code	2026-02-26T14:58:42.6111076Z  * [new tag]             0.0.148                -> 0.0.148
job-core	Checkout code	2026-02-26T14:58:42.6111894Z  * [new tag]             0.0.149                -> 0.0.149
job-core	Checkout code	2026-02-26T14:58:42.6112271Z  * [new tag]             0.0.15                 -> 0.0.15
job-core	Checkout code	2026-02-26T14:58:42.6112658Z  * [new tag]             0.0.150                -> 0.0.150
job-core	Checkout code	2026-02-26T14:58:42.6113020Z  * [new tag]             0.0.151                -> 0.0.151
job-core	Checkout code	2026-02-26T14:58:42.6113369Z  * [new tag]             0.0.152                -> 0.0.152
job-core	Checkout code	2026-02-26T14:58:42.6113727Z  * [new tag]             0.0.153                -> 0.0.153
job-core	Checkout code	2026-02-26T14:58:42.6114092Z  * [new tag]             0.0.154                -> 0.0.154
job-core	Checkout code	2026-02-26T14:58:42.6114449Z  * [new tag]             0.0.155                -> 0.0.155
job-core	Checkout code	2026-02-26T14:58:42.6115133Z  * [new tag]             0.0.156                -> 0.0.156
job-core	Checkout code	2026-02-26T14:58:42.6115512Z  * [new tag]             0.0.157                -> 0.0.157
job-core	Checkout code	2026-02-26T14:58:42.6115989Z  * [new tag]             0.0.158                -> 0.0.158
job-core	Checkout code	2026-02-26T14:58:42.6116483Z  * [new tag]             0.0.159                -> 0.0.159
job-core	Checkout code	2026-02-26T14:58:42.6116851Z  * [new tag]             0.0.16                 -> 0.0.16
job-core	Checkout code	2026-02-26T14:58:42.6117220Z  * [new tag]             0.0.160                -> 0.0.160
job-core	Checkout code	2026-02-26T14:58:42.6121099Z  * [new tag]             0.0.161                -> 0.0.161
job-core	Checkout code	2026-02-26T14:58:42.6121482Z  * [new tag]             0.0.162                -> 0.0.162
job-core	Checkout code	2026-02-26T14:58:42.6121867Z  * [new tag]             0.0.163                -> 0.0.163
job-core	Checkout code	2026-02-26T14:58:42.6122228Z  * [new tag]             0.0.164                -> 0.0.164
job-core	Checkout code	2026-02-26T14:58:42.6122586Z  * [new tag]             0.0.165                -> 0.0.165
job-core	Checkout code	2026-02-26T14:58:42.6122944Z  * [new tag]             0.0.166                -> 0.0.166
job-core	Checkout code	2026-02-26T14:58:42.6123304Z  * [new tag]             0.0.167                -> 0.0.167
job-core	Checkout code	2026-02-26T14:58:42.6123665Z  * [new tag]             0.0.168                -> 0.0.168
job-core	Checkout code	2026-02-26T14:58:42.6124022Z  * [new tag]             0.0.169                -> 0.0.169
job-core	Checkout code	2026-02-26T14:58:42.6124392Z  * [new tag]             0.0.17                 -> 0.0.17
job-core	Checkout code	2026-02-26T14:58:42.6125528Z  * [new tag]             0.0.170                -> 0.0.170
job-core	Checkout code	2026-02-26T14:58:42.6125895Z  * [new tag]             0.0.171                -> 0.0.171
job-core	Checkout code	2026-02-26T14:58:42.6126383Z  * [new tag]             0.0.172                -> 0.0.172
job-core	Checkout code	2026-02-26T14:58:42.6126737Z  * [new tag]             0.0.173                -> 0.0.173
job-core	Checkout code	2026-02-26T14:58:42.6127087Z  * [new tag]             0.0.174                -> 0.0.174
job-core	Checkout code	2026-02-26T14:58:42.6127678Z  * [new tag]             0.0.175                -> 0.0.175
job-core	Checkout code	2026-02-26T14:58:42.6128046Z  * [new tag]             0.0.176                -> 0.0.176
job-core	Checkout code	2026-02-26T14:58:42.6128521Z  * [new tag]             0.0.177                -> 0.0.177
job-core	Checkout code	2026-02-26T14:58:42.6128870Z  * [new tag]             0.0.178                -> 0.0.178
job-core	Checkout code	2026-02-26T14:58:42.6129220Z  * [new tag]             0.0.179                -> 0.0.179
job-core	Checkout code	2026-02-26T14:58:42.6129576Z  * [new tag]             0.0.18                 -> 0.0.18
job-core	Checkout code	2026-02-26T14:58:42.6129927Z  * [new tag]             0.0.19                 -> 0.0.19
job-core	Checkout code	2026-02-26T14:58:42.6130277Z  * [new tag]             0.0.2                  -> 0.0.2
job-core	Checkout code	2026-02-26T14:58:42.6130767Z  * [new tag]             0.0.20                 -> 0.0.20
job-core	Checkout code	2026-02-26T14:58:42.6131382Z  * [new tag]             0.0.21                 -> 0.0.21
job-core	Checkout code	2026-02-26T14:58:42.6131893Z  * [new tag]             0.0.22                 -> 0.0.22
job-core	Checkout code	2026-02-26T14:58:42.6132261Z  * [new tag]             0.0.23                 -> 0.0.23
job-core	Checkout code	2026-02-26T14:58:42.6132630Z  * [new tag]             0.0.24                 -> 0.0.24
job-core	Checkout code	2026-02-26T14:58:42.6133003Z  * [new tag]             0.0.25                 -> 0.0.25
job-core	Checkout code	2026-02-26T14:58:42.6133374Z  * [new tag]             0.0.26                 -> 0.0.26
job-core	Checkout code	2026-02-26T14:58:42.6133736Z  * [new tag]             0.0.27                 -> 0.0.27
job-core	Checkout code	2026-02-26T14:58:42.6134102Z  * [new tag]             0.0.28                 -> 0.0.28
job-core	Checkout code	2026-02-26T14:58:42.6134950Z  * [new tag]             0.0.29                 -> 0.0.29
job-core	Checkout code	2026-02-26T14:58:42.6135317Z  * [new tag]             0.0.3                  -> 0.0.3
job-core	Checkout code	2026-02-26T14:58:42.6135804Z  * [new tag]             0.0.30                 -> 0.0.30
job-core	Checkout code	2026-02-26T14:58:42.6136174Z  * [new tag]             0.0.31                 -> 0.0.31
job-core	Checkout code	2026-02-26T14:58:42.6136542Z  * [new tag]             0.0.32                 -> 0.0.32
job-core	Checkout code	2026-02-26T14:58:42.6136906Z  * [new tag]             0.0.33                 -> 0.0.33
job-core	Checkout code	2026-02-26T14:58:42.6137758Z  * [new tag]             0.0.34                 -> 0.0.34
job-core	Checkout code	2026-02-26T14:58:42.6138133Z  * [new tag]             0.0.35                 -> 0.0.35
job-core	Checkout code	2026-02-26T14:58:42.6138500Z  * [new tag]             0.0.36                 -> 0.0.36
job-core	Checkout code	2026-02-26T14:58:42.6138866Z  * [new tag]             0.0.37                 -> 0.0.37
job-core	Checkout code	2026-02-26T14:58:42.6139233Z  * [new tag]             0.0.38                 -> 0.0.38
job-core	Checkout code	2026-02-26T14:58:42.6139597Z  * [new tag]             0.0.39                 -> 0.0.39
job-core	Checkout code	2026-02-26T14:58:42.6139973Z  * [new tag]             0.0.4                  -> 0.0.4
job-core	Checkout code	2026-02-26T14:58:42.6140333Z  * [new tag]             0.0.40                 -> 0.0.40
job-core	Checkout code	2026-02-26T14:58:42.6140702Z  * [new tag]             0.0.41                 -> 0.0.41
job-core	Checkout code	2026-02-26T14:58:42.6141285Z  * [new tag]             0.0.42                 -> 0.0.42
job-core	Checkout code	2026-02-26T14:58:42.6141654Z  * [new tag]             0.0.43                 -> 0.0.43
job-core	Checkout code	2026-02-26T14:58:42.6142019Z  * [new tag]             0.0.44                 -> 0.0.44
job-core	Checkout code	2026-02-26T14:58:42.6142384Z  * [new tag]             0.0.45                 -> 0.0.45
job-core	Checkout code	2026-02-26T14:58:42.6142753Z  * [new tag]             0.0.46                 -> 0.0.46
job-core	Checkout code	2026-02-26T14:58:42.6143117Z  * [new tag]             0.0.47                 -> 0.0.47
job-core	Checkout code	2026-02-26T14:58:42.6143483Z  * [new tag]             0.0.48                 -> 0.0.48
job-core	Checkout code	2026-02-26T14:58:42.6143850Z  * [new tag]             0.0.49                 -> 0.0.49
job-core	Checkout code	2026-02-26T14:58:42.6144218Z  * [new tag]             0.0.5                  -> 0.0.5
job-core	Checkout code	2026-02-26T14:58:42.6145017Z  * [new tag]             0.0.50                 -> 0.0.50
job-core	Checkout code	2026-02-26T14:58:42.6145410Z  * [new tag]             0.0.51                 -> 0.0.51
job-core	Checkout code	2026-02-26T14:58:42.6145777Z  * [new tag]             0.0.52                 -> 0.0.52
job-core	Checkout code	2026-02-26T14:58:42.6157896Z  * [new tag]             0.0.53                 -> 0.0.53
job-core	Checkout code	2026-02-26T14:58:42.6158323Z  * [new tag]             0.0.54                 -> 0.0.54
job-core	Checkout code	2026-02-26T14:58:42.6158696Z  * [new tag]             0.0.55                 -> 0.0.55
job-core	Checkout code	2026-02-26T14:58:42.6159069Z  * [new tag]             0.0.56                 -> 0.0.56
job-core	Checkout code	2026-02-26T14:58:42.6159434Z  * [new tag]             0.0.57                 -> 0.0.57
job-core	Checkout code	2026-02-26T14:58:42.6159794Z  * [new tag]             0.0.58                 -> 0.0.58
job-core	Checkout code	2026-02-26T14:58:42.6160152Z  * [new tag]             0.0.59                 -> 0.0.59
job-core	Checkout code	2026-02-26T14:58:42.6160517Z  * [new tag]             0.0.6                  -> 0.0.6
job-core	Checkout code	2026-02-26T14:58:42.6160877Z  * [new tag]             0.0.60                 -> 0.0.60
job-core	Checkout code	2026-02-26T14:58:42.6161247Z  * [new tag]             0.0.61                 -> 0.0.61
job-core	Checkout code	2026-02-26T14:58:42.6161607Z  * [new tag]             0.0.62                 -> 0.0.62
job-core	Checkout code	2026-02-26T14:58:42.6161965Z  * [new tag]             0.0.63                 -> 0.0.63
job-core	Checkout code	2026-02-26T14:58:42.6162326Z  * [new tag]             0.0.64                 -> 0.0.64
job-core	Checkout code	2026-02-26T14:58:42.6162683Z  * [new tag]             0.0.65                 -> 0.0.65
job-core	Checkout code	2026-02-26T14:58:42.6163300Z  * [new tag]             0.0.66                 -> 0.0.66
job-core	Checkout code	2026-02-26T14:58:42.6163658Z  * [new tag]             0.0.67                 -> 0.0.67
job-core	Checkout code	2026-02-26T14:58:42.6164014Z  * [new tag]             0.0.68                 -> 0.0.68
job-core	Checkout code	2026-02-26T14:58:42.6164371Z  * [new tag]             0.0.69                 -> 0.0.69
job-core	Checkout code	2026-02-26T14:58:42.6164888Z  * [new tag]             0.0.7                  -> 0.0.7
job-core	Checkout code	2026-02-26T14:58:42.6165251Z  * [new tag]             0.0.70                 -> 0.0.70
job-core	Checkout code	2026-02-26T14:58:42.6165939Z  * [new tag]             0.0.71                 -> 0.0.71
job-core	Checkout code	2026-02-26T14:58:42.6166300Z  * [new tag]             0.0.72                 -> 0.0.72
job-core	Checkout code	2026-02-26T14:58:42.6166649Z  * [new tag]             0.0.73                 -> 0.0.73
job-core	Checkout code	2026-02-26T14:58:42.6167008Z  * [new tag]             0.0.74                 -> 0.0.74
job-core	Checkout code	2026-02-26T14:58:42.6167368Z  * [new tag]             0.0.75                 -> 0.0.75
job-core	Checkout code	2026-02-26T14:58:42.6167724Z  * [new tag]             0.0.76                 -> 0.0.76
job-core	Checkout code	2026-02-26T14:58:42.6168081Z  * [new tag]             0.0.77                 -> 0.0.77
job-core	Checkout code	2026-02-26T14:58:42.6168435Z  * [new tag]             0.0.78                 -> 0.0.78
job-core	Checkout code	2026-02-26T14:58:42.6168796Z  * [new tag]             0.0.79                 -> 0.0.79
job-core	Checkout code	2026-02-26T14:58:42.6169156Z  * [new tag]             0.0.8                  -> 0.0.8
job-core	Checkout code	2026-02-26T14:58:42.6169514Z  * [new tag]             0.0.80                 -> 0.0.80
job-core	Checkout code	2026-02-26T14:58:42.6169873Z  * [new tag]             0.0.81                 -> 0.0.81
job-core	Checkout code	2026-02-26T14:58:42.6170236Z  * [new tag]             0.0.82                 -> 0.0.82
job-core	Checkout code	2026-02-26T14:58:42.6170596Z  * [new tag]             0.0.83                 -> 0.0.83
job-core	Checkout code	2026-02-26T14:58:42.6170950Z  * [new tag]             0.0.84                 -> 0.0.84
job-core	Checkout code	2026-02-26T14:58:42.6171506Z  * [new tag]             0.0.85                 -> 0.0.85
job-core	Checkout code	2026-02-26T14:58:42.6171865Z  * [new tag]             0.0.86                 -> 0.0.86
job-core	Checkout code	2026-02-26T14:58:42.6172224Z  * [new tag]             0.0.87                 -> 0.0.87
job-core	Checkout code	2026-02-26T14:58:42.6172579Z  * [new tag]             0.0.88                 -> 0.0.88
job-core	Checkout code	2026-02-26T14:58:42.6172937Z  * [new tag]             0.0.89                 -> 0.0.89
job-core	Checkout code	2026-02-26T14:58:42.6173296Z  * [new tag]             0.0.9                  -> 0.0.9
job-core	Checkout code	2026-02-26T14:58:42.6173651Z  * [new tag]             0.0.90                 -> 0.0.90
job-core	Checkout code	2026-02-26T14:58:42.6174007Z  * [new tag]             0.0.91                 -> 0.0.91
job-core	Checkout code	2026-02-26T14:58:42.6174368Z  * [new tag]             0.0.92                 -> 0.0.92
job-core	Checkout code	2026-02-26T14:58:42.6174970Z  * [new tag]             0.0.93                 -> 0.0.93
job-core	Checkout code	2026-02-26T14:58:42.6175473Z  * [new tag]             0.0.94                 -> 0.0.94
job-core	Checkout code	2026-02-26T14:58:42.6175830Z  * [new tag]             0.0.95                 -> 0.0.95
job-core	Checkout code	2026-02-26T14:58:42.6176193Z  * [new tag]             0.0.96                 -> 0.0.96
job-core	Checkout code	2026-02-26T14:58:42.6176553Z  * [new tag]             0.0.97                 -> 0.0.97
job-core	Checkout code	2026-02-26T14:58:42.6176911Z  * [new tag]             0.0.98                 -> 0.0.98
job-core	Checkout code	2026-02-26T14:58:42.6177269Z  * [new tag]             0.0.99                 -> 0.0.99
job-core	Checkout code	2026-02-26T14:58:42.6177628Z  * [new tag]             0.1.0                  -> 0.1.0
job-core	Checkout code	2026-02-26T14:58:42.6177986Z  * [new tag]             0.1.1                  -> 0.1.1
job-core	Checkout code	2026-02-26T14:58:42.6178343Z  * [new tag]             0.2.0                  -> 0.2.0
job-core	Checkout code	2026-02-26T14:58:42.6178700Z  * [new tag]             0.3.0                  -> 0.3.0
job-core	Checkout code	2026-02-26T14:58:42.6179053Z  * [new tag]             0.3.1                  -> 0.3.1
job-core	Checkout code	2026-02-26T14:58:42.6179443Z  * [new tag]             0.3.10                 -> 0.3.10
job-core	Checkout code	2026-02-26T14:58:42.6179808Z  * [new tag]             0.3.11                 -> 0.3.11
job-core	Checkout code	2026-02-26T14:58:42.6180166Z  * [new tag]             0.3.12                 -> 0.3.12
job-core	Checkout code	2026-02-26T14:58:42.6180534Z  * [new tag]             0.3.13                 -> 0.3.13
job-core	Checkout code	2026-02-26T14:58:42.6180892Z  * [new tag]             0.3.14                 -> 0.3.14
job-core	Checkout code	2026-02-26T14:58:42.6181245Z  * [new tag]             0.3.15                 -> 0.3.15
job-core	Checkout code	2026-02-26T14:58:42.6181601Z  * [new tag]             0.3.16                 -> 0.3.16
job-core	Checkout code	2026-02-26T14:58:42.6181960Z  * [new tag]             0.3.17                 -> 0.3.17
job-core	Checkout code	2026-02-26T14:58:42.6182320Z  * [new tag]             0.3.2                  -> 0.3.2
job-core	Checkout code	2026-02-26T14:58:42.6182682Z  * [new tag]             0.3.3                  -> 0.3.3
job-core	Checkout code	2026-02-26T14:58:42.6183037Z  * [new tag]             0.3.4                  -> 0.3.4
job-core	Checkout code	2026-02-26T14:58:42.6183390Z  * [new tag]             0.3.5                  -> 0.3.5
job-core	Checkout code	2026-02-26T14:58:42.6183947Z  * [new tag]             0.3.6                  -> 0.3.6
job-core	Checkout code	2026-02-26T14:58:42.6184307Z  * [new tag]             0.3.7                  -> 0.3.7
job-core	Checkout code	2026-02-26T14:58:42.6184773Z  * [new tag]             0.3.8                  -> 0.3.8
job-core	Checkout code	2026-02-26T14:58:42.6185135Z  * [new tag]             0.3.9                  -> 0.3.9
job-core	Checkout code	2026-02-26T14:58:42.6185489Z  * [new tag]             0.4.0                  -> 0.4.0
job-core	Checkout code	2026-02-26T14:58:42.6185842Z  * [new tag]             0.4.1                  -> 0.4.1
job-core	Checkout code	2026-02-26T14:58:42.6186198Z  * [new tag]             0.4.2                  -> 0.4.2
job-core	Checkout code	2026-02-26T14:58:42.6186551Z  * [new tag]             0.4.3                  -> 0.4.3
job-core	Checkout code	2026-02-26T14:58:42.6186909Z  * [new tag]             0.4.4                  -> 0.4.4
job-core	Checkout code	2026-02-26T14:58:42.6187265Z  * [new tag]             0.4.5                  -> 0.4.5
job-core	Checkout code	2026-02-26T14:58:42.6187621Z  * [new tag]             0.4.6                  -> 0.4.6
job-core	Checkout code	2026-02-26T14:58:42.6187980Z  * [new tag]             0.4.7                  -> 0.4.7
job-core	Checkout code	2026-02-26T14:58:42.6188338Z  * [new tag]             0.4.8                  -> 0.4.8
job-core	Checkout code	2026-02-26T14:58:42.6188693Z  * [new tag]             0.4.9                  -> 0.4.9
job-core	Checkout code	2026-02-26T14:58:42.6189046Z  * [new tag]             0.5.0                  -> 0.5.0
job-core	Checkout code	2026-02-26T14:58:42.6189607Z  * [new tag]             0.5.1                  -> 0.5.1
job-core	Checkout code	2026-02-26T14:58:42.6189963Z  * [new tag]             0.5.2                  -> 0.5.2
job-core	Checkout code	2026-02-26T14:58:42.6190317Z  * [new tag]             0.6.0                  -> 0.6.0
job-core	Checkout code	2026-02-26T14:58:42.6190669Z  * [new tag]             0.6.1                  -> 0.6.1
job-core	Checkout code	2026-02-26T14:58:42.6191023Z  * [new tag]             0.6.2                  -> 0.6.2
job-core	Checkout code	2026-02-26T14:58:42.6191532Z  * [new tag]             0.6.3                  -> 0.6.3
job-core	Checkout code	2026-02-26T14:58:42.6191889Z  * [new tag]             0.6.4                  -> 0.6.4
job-core	Checkout code	2026-02-26T14:58:42.6192241Z  * [new tag]             0.6.5                  -> 0.6.5
job-core	Checkout code	2026-02-26T14:58:42.6192602Z  * [new tag]             0.6.6                  -> 0.6.6
job-core	Checkout code	2026-02-26T14:58:42.6472754Z [command]/usr/bin/git branch --list --remote origin/main
job-core	Checkout code	2026-02-26T14:58:42.6590426Z   origin/main
job-core	Checkout code	2026-02-26T14:58:42.6601866Z [command]/usr/bin/git rev-parse refs/remotes/origin/main
job-core	Checkout code	2026-02-26T14:58:42.6632918Z 20d66f4e07aa8d14daede48f1b792a6e9b9caf49
job-core	Checkout code	2026-02-26T14:58:42.6639474Z ##[endgroup]
job-core	Checkout code	2026-02-26T14:58:42.6641338Z ##[group]Determining the checkout info
job-core	Checkout code	2026-02-26T14:58:42.6641829Z ##[endgroup]
job-core	Checkout code	2026-02-26T14:58:42.6645419Z [command]/usr/bin/git sparse-checkout disable
job-core	Checkout code	2026-02-26T14:58:42.6715764Z [command]/usr/bin/git config --local --unset-all extensions.worktreeConfig
job-core	Checkout code	2026-02-26T14:58:42.6756302Z ##[group]Checking out the ref
job-core	Checkout code	2026-02-26T14:58:42.6763002Z [command]/usr/bin/git checkout --progress --force -B main refs/remotes/origin/main
job-core	Checkout code	2026-02-26T14:58:42.9437590Z Switched to a new branch 'main'
job-core	Checkout code	2026-02-26T14:58:42.9442548Z branch 'main' set up to track 'origin/main'.
job-core	Checkout code	2026-02-26T14:58:42.9492740Z ##[endgroup]
job-core	Checkout code	2026-02-26T14:58:42.9550976Z [command]/usr/bin/git log -1 --format=%H
job-core	Checkout code	2026-02-26T14:58:42.9588417Z 20d66f4e07aa8d14daede48f1b792a6e9b9caf49
job-core	Install GH CLI	Ôªø2026-02-26T14:58:42.9895342Z Prepare all required actions
job-core	Install GH CLI	2026-02-26T14:58:42.9946821Z ##[group]Run ./.github/actions/install-gh-cli
job-core	Install GH CLI	2026-02-26T14:58:42.9947154Z env:
job-core	Install GH CLI	2026-02-26T14:58:42.9947353Z   PYTHON_VERSION: 3.9
job-core	Install GH CLI	2026-02-26T14:58:42.9948222Z   MONGO_SUPERUSER_CONNECTION: ***
job-core	Install GH CLI	2026-02-26T14:58:42.9948879Z   MONGO_NEW_PASS: ***
job-core	Install GH CLI	2026-02-26T14:58:42.9949453Z   MONGO_SCRIPT_CREATE: devops/core/mongo/scripts/mongodb_status_report.py
job-core	Install GH CLI	2026-02-26T14:58:42.9949837Z   KAOS_CODE: 22447556471
job-core	Install GH CLI	2026-02-26T14:58:42.9950055Z   REPORT_SCAN: audit/
job-core	Install GH CLI	2026-02-26T14:58:42.9950272Z   REPORT_PATH: audit/mongodb/
job-core	Install GH CLI	2026-02-26T14:58:42.9950513Z   REPORT_FILENAME: 22447556471.json
job-core	Install GH CLI	2026-02-26T14:58:42.9950775Z   KAOS_MODULE: [Ka0s] Status MongDB Report
job-core	Install GH CLI	2026-02-26T14:58:42.9951041Z   GITHUB_OUTPUT: 
job-core	Install GH CLI	2026-02-26T14:58:42.9951234Z ##[endgroup]
job-core	Install GH CLI	2026-02-26T14:58:43.0060781Z ##[group]Run type -p curl >/dev/null || (sudo apt-get update && sudo apt-get install curl -y)
job-core	Install GH CLI	2026-02-26T14:58:43.0061723Z [36;1mtype -p curl >/dev/null || (sudo apt-get update && sudo apt-get install curl -y)[0m
job-core	Install GH CLI	2026-02-26T14:58:43.0062615Z [36;1mcurl -fsSL https://cli.github.com/packages/githubcli-archive-keyring.gpg | sudo dd of=/usr/share/keyrings/githubcli-archive-keyring.gpg \[0m
job-core	Install GH CLI	2026-02-26T14:58:43.0063416Z [36;1m&& sudo chmod go+r /usr/share/keyrings/githubcli-archive-keyring.gpg \[0m
job-core	Install GH CLI	2026-02-26T14:58:43.0064482Z [36;1m&& echo "deb [arch=$(dpkg --print-architecture) signed-by=/usr/share/keyrings/githubcli-archive-keyring.gpg] https://cli.github.com/packages stable main" | sudo tee /etc/apt/sources.list.d/github-cli.list > /dev/null \[0m
job-core	Install GH CLI	2026-02-26T14:58:43.0066000Z [36;1m&& sudo apt-get update \[0m
job-core	Install GH CLI	2026-02-26T14:58:43.0066288Z [36;1m&& sudo apt-get install gh -y[0m
job-core	Install GH CLI	2026-02-26T14:58:43.0083359Z shell: /usr/bin/bash --noprofile --norc -e -o pipefail {0}
job-core	Install GH CLI	2026-02-26T14:58:43.0083732Z env:
job-core	Install GH CLI	2026-02-26T14:58:43.0083942Z   PYTHON_VERSION: 3.9
job-core	Install GH CLI	2026-02-26T14:58:43.0085355Z   MONGO_SUPERUSER_CONNECTION: ***
job-core	Install GH CLI	2026-02-26T14:58:43.0085750Z   MONGO_NEW_PASS: ***
job-core	Install GH CLI	2026-02-26T14:58:43.0086084Z   MONGO_SCRIPT_CREATE: devops/core/mongo/scripts/mongodb_status_report.py
job-core	Install GH CLI	2026-02-26T14:58:43.0086490Z   KAOS_CODE: 22447556471
job-core	Install GH CLI	2026-02-26T14:58:43.0086714Z   REPORT_SCAN: audit/
job-core	Install GH CLI	2026-02-26T14:58:43.0086945Z   REPORT_PATH: audit/mongodb/
job-core	Install GH CLI	2026-02-26T14:58:43.0087199Z   REPORT_FILENAME: 22447556471.json
job-core	Install GH CLI	2026-02-26T14:58:43.0087472Z   KAOS_MODULE: [Ka0s] Status MongDB Report
job-core	Install GH CLI	2026-02-26T14:58:43.0087741Z   GITHUB_OUTPUT: 
job-core	Install GH CLI	2026-02-26T14:58:43.0087943Z ##[endgroup]
job-core	Install GH CLI	2026-02-26T14:58:43.0741255Z 4+1 records in
job-core	Install GH CLI	2026-02-26T14:58:43.0741720Z 4+1 records out
job-core	Install GH CLI	2026-02-26T14:58:43.2238441Z 2270 bytes (2.3 kB, 2.2 KiB) copied, 0.0406039 s, 55.9 kB/s
job-core	Install GH CLI	2026-02-26T14:58:43.2239134Z Get:1 https://cli.github.com/packages stable InRelease [3917 B]
job-core	Install GH CLI	2026-02-26T14:58:43.3782784Z Get:2 http://security.ubuntu.com/ubuntu noble-security InRelease [126 kB]
job-core	Install GH CLI	2026-02-26T14:58:43.3834630Z Get:3 http://archive.ubuntu.com/ubuntu noble InRelease [256 kB]
job-core	Install GH CLI	2026-02-26T14:58:43.4499334Z Get:4 https://ppa.launchpadcontent.net/git-core/ppa/ubuntu noble InRelease [24.3 kB]
job-core	Install GH CLI	2026-02-26T14:58:43.4561471Z Get:5 https://cli.github.com/packages stable/main amd64 Packages [357 B]
job-core	Install GH CLI	2026-02-26T14:58:43.5678901Z Get:6 https://ppa.launchpadcontent.net/git-core/ppa/ubuntu noble/main amd64 Packages [2992 B]
job-core	Install GH CLI	2026-02-26T14:58:43.9775523Z Get:7 http://archive.ubuntu.com/ubuntu noble-updates InRelease [126 kB]
job-core	Install GH CLI	2026-02-26T14:58:44.0016097Z Get:8 http://security.ubuntu.com/ubuntu noble-security/restricted amd64 Packages [3262 kB]
job-core	Install GH CLI	2026-02-26T14:58:44.1168975Z Get:9 http://archive.ubuntu.com/ubuntu noble-backports InRelease [126 kB]
job-core	Install GH CLI	2026-02-26T14:58:44.2602201Z Get:10 http://archive.ubuntu.com/ubuntu noble/main amd64 Packages [1808 kB]
job-core	Install GH CLI	2026-02-26T14:58:44.5881756Z Get:11 http://archive.ubuntu.com/ubuntu noble/restricted amd64 Packages [117 kB]
job-core	Install GH CLI	2026-02-26T14:58:44.5971863Z Get:12 http://archive.ubuntu.com/ubuntu noble/universe amd64 Packages [19.3 MB]
job-core	Install GH CLI	2026-02-26T14:58:44.6301811Z Get:13 http://security.ubuntu.com/ubuntu noble-security/multiverse amd64 Packages [34.8 kB]
job-core	Install GH CLI	2026-02-26T14:58:44.6307894Z Get:14 http://security.ubuntu.com/ubuntu noble-security/universe amd64 Packages [1210 kB]
job-core	Install GH CLI	2026-02-26T14:58:44.6572564Z Get:15 http://security.ubuntu.com/ubuntu noble-security/main amd64 Packages [1883 kB]
job-core	Install GH CLI	2026-02-26T14:58:45.1730141Z Get:16 http://archive.ubuntu.com/ubuntu noble/multiverse amd64 Packages [331 kB]
job-core	Install GH CLI	2026-02-26T14:58:45.1773366Z Get:17 http://archive.ubuntu.com/ubuntu noble-updates/universe amd64 Packages [2017 kB]
job-core	Install GH CLI	2026-02-26T14:58:45.2099286Z Get:18 http://archive.ubuntu.com/ubuntu noble-updates/restricted amd64 Packages [3471 kB]
job-core	Install GH CLI	2026-02-26T14:58:45.3211561Z Get:19 http://archive.ubuntu.com/ubuntu noble-updates/main amd64 Packages [2276 kB]
job-core	Install GH CLI	2026-02-26T14:58:45.3794009Z Get:20 http://archive.ubuntu.com/ubuntu noble-updates/multiverse amd64 Packages [38.1 kB]
job-core	Install GH CLI	2026-02-26T14:58:45.3795363Z Get:21 http://archive.ubuntu.com/ubuntu noble-backports/main amd64 Packages [49.5 kB]
job-core	Install GH CLI	2026-02-26T14:58:45.3804234Z Get:22 http://archive.ubuntu.com/ubuntu noble-backports/universe amd64 Packages [34.6 kB]
job-core	Install GH CLI	2026-02-26T14:58:46.4381554Z Fetched 36.5 MB in 3s (11.2 MB/s)
job-core	Install GH CLI	2026-02-26T14:58:47.3936325Z Reading package lists...
job-core	Install GH CLI	2026-02-26T14:58:48.3926069Z Reading package lists...
job-core	Install GH CLI	2026-02-26T14:58:48.6392990Z Building dependency tree...
job-core	Install GH CLI	2026-02-26T14:58:48.6393423Z Reading state information...
job-core	Install GH CLI	2026-02-26T14:58:49.2306846Z The following NEW packages will be installed:
job-core	Install GH CLI	2026-02-26T14:58:49.2329467Z   gh
job-core	Install GH CLI	2026-02-26T14:58:49.3509932Z 0 upgraded, 1 newly installed, 0 to remove and 0 not upgraded.
job-core	Install GH CLI	2026-02-26T14:58:49.3510382Z Need to get 13.8 MB of archives.
job-core	Install GH CLI	2026-02-26T14:58:49.3510754Z After this operation, 38.5 MB of additional disk space will be used.
job-core	Install GH CLI	2026-02-26T14:58:49.3511308Z Get:1 https://cli.github.com/packages stable/main amd64 gh amd64 2.87.3 [13.8 MB]
job-core	Install GH CLI	2026-02-26T14:58:49.7135318Z debconf: delaying package configuration, since apt-utils is not installed
job-core	Install GH CLI	2026-02-26T14:58:49.7554993Z Fetched 13.8 MB in 0s (44.7 MB/s)
job-core	Install GH CLI	2026-02-26T14:58:49.7854332Z Selecting previously unselected package gh.
job-core	Install GH CLI	2026-02-26T14:58:49.7892099Z (Reading database ... 
job-core	Install GH CLI	2026-02-26T14:58:49.7892703Z (Reading database ... 5%
job-core	Install GH CLI	2026-02-26T14:58:49.7893123Z (Reading database ... 10%
job-core	Install GH CLI	2026-02-26T14:58:49.7893371Z (Reading database ... 15%
job-core	Install GH CLI	2026-02-26T14:58:49.7893739Z (Reading database ... 20%
job-core	Install GH CLI	2026-02-26T14:58:49.7893983Z (Reading database ... 25%
job-core	Install GH CLI	2026-02-26T14:58:49.7894220Z (Reading database ... 30%
job-core	Install GH CLI	2026-02-26T14:58:49.7894457Z (Reading database ... 35%
job-core	Install GH CLI	2026-02-26T14:58:49.7894741Z (Reading database ... 40%
job-core	Install GH CLI	2026-02-26T14:58:49.7894977Z (Reading database ... 45%
job-core	Install GH CLI	2026-02-26T14:58:49.7895332Z (Reading database ... 50%
job-core	Install GH CLI	2026-02-26T14:58:49.7895551Z (Reading database ... 55%
job-core	Install GH CLI	2026-02-26T14:58:49.7895778Z (Reading database ... 60%
job-core	Install GH CLI	2026-02-26T14:58:49.7906409Z (Reading database ... 65%
job-core	Install GH CLI	2026-02-26T14:58:49.7922532Z (Reading database ... 70%
job-core	Install GH CLI	2026-02-26T14:58:49.7927721Z (Reading database ... 75%
job-core	Install GH CLI	2026-02-26T14:58:49.7942531Z (Reading database ... 80%
job-core	Install GH CLI	2026-02-26T14:58:49.7948129Z (Reading database ... 85%
job-core	Install GH CLI	2026-02-26T14:58:49.7958908Z (Reading database ... 90%
job-core	Install GH CLI	2026-02-26T14:58:49.7978419Z (Reading database ... 95%
job-core	Install GH CLI	2026-02-26T14:58:49.7978786Z (Reading database ... 100%
job-core	Install GH CLI	2026-02-26T14:58:49.7979159Z (Reading database ... 14387 files and directories currently installed.)
job-core	Install GH CLI	2026-02-26T14:58:49.7984566Z Preparing to unpack .../archives/gh_2.87.3_amd64.deb ...
job-core	Install GH CLI	2026-02-26T14:58:49.8025375Z Unpacking gh (2.87.3) ...
job-core	Install GH CLI	2026-02-26T14:58:50.0746143Z Setting up gh (2.87.3) ...
job-core	Set up Python	Ôªø2026-02-26T14:58:50.1471240Z ##[group]Run actions/setup-python@v4
job-core	Set up Python	2026-02-26T14:58:50.1471565Z with:
job-core	Set up Python	2026-02-26T14:58:50.1471759Z   python-version: 3.9
job-core	Set up Python	2026-02-26T14:58:50.1471987Z   check-latest: false
job-core	Set up Python	2026-02-26T14:58:50.1472393Z   token: ***
job-core	Set up Python	2026-02-26T14:58:50.1472606Z   update-environment: true
job-core	Set up Python	2026-02-26T14:58:50.1472854Z   allow-prereleases: false
job-core	Set up Python	2026-02-26T14:58:50.1473074Z env:
job-core	Set up Python	2026-02-26T14:58:50.1473254Z   PYTHON_VERSION: 3.9
job-core	Set up Python	2026-02-26T14:58:50.1473945Z   MONGO_SUPERUSER_CONNECTION: ***
job-core	Set up Python	2026-02-26T14:58:50.1474320Z   MONGO_NEW_PASS: ***
job-core	Set up Python	2026-02-26T14:58:50.1478126Z   MONGO_SCRIPT_CREATE: devops/core/mongo/scripts/mongodb_status_report.py
job-core	Set up Python	2026-02-26T14:58:50.1478533Z   KAOS_CODE: 22447556471
job-core	Set up Python	2026-02-26T14:58:50.1478759Z   REPORT_SCAN: audit/
job-core	Set up Python	2026-02-26T14:58:50.1478980Z   REPORT_PATH: audit/mongodb/
job-core	Set up Python	2026-02-26T14:58:50.1479231Z   REPORT_FILENAME: 22447556471.json
job-core	Set up Python	2026-02-26T14:58:50.1479507Z   KAOS_MODULE: [Ka0s] Status MongDB Report
job-core	Set up Python	2026-02-26T14:58:50.1479780Z   GITHUB_OUTPUT: 
job-core	Set up Python	2026-02-26T14:58:50.1479977Z ##[endgroup]
job-core	Set up Python	2026-02-26T14:58:50.3567669Z ##[group]Installed versions
job-core	Set up Python	2026-02-26T14:58:50.3569544Z Version 3.9 was not found in the local cache
job-core	Set up Python	2026-02-26T14:58:51.3877598Z Version 3.9 is available for downloading
job-core	Set up Python	2026-02-26T14:58:51.3878366Z Download from "https://github.com/actions/python-versions/releases/download/3.9.25-19039189640/python-3.9.25-linux-24.04-x64.tar.gz"
job-core	Set up Python	2026-02-26T14:58:52.7154212Z Extract downloaded archive
job-core	Set up Python	2026-02-26T14:58:52.7341069Z [command]/usr/bin/tar xz --warning=no-unknown-keyword -C /home/runner/_work/_temp/de8f2b33-94a5-4bdf-9fa7-ef2a13b76a02 -f /home/runner/_work/_temp/7981f789-5b84-460b-9e1a-11c9847a8eb0
job-core	Set up Python	2026-02-26T14:58:54.2775835Z Execute installation script
job-core	Set up Python	2026-02-26T14:58:54.2881173Z Check if Python hostedtoolcache folder exist...
job-core	Set up Python	2026-02-26T14:58:54.2882768Z Creating Python hostedtoolcache folder...
job-core	Set up Python	2026-02-26T14:58:54.2895502Z Create Python 3.9.25 folder
job-core	Set up Python	2026-02-26T14:58:54.2911578Z Copy Python binaries to hostedtoolcache folder
job-core	Set up Python	2026-02-26T14:58:55.3545887Z Create additional symlinks (Required for the UsePythonVersion Azure Pipelines task and the setup-python GitHub Action)
job-core	Set up Python	2026-02-26T14:58:55.3599288Z Upgrading pip...
job-core	Set up Python	2026-02-26T14:58:57.5247148Z Looking in links: /tmp/tmpbjg80sok
job-core	Set up Python	2026-02-26T14:58:57.5247852Z Requirement already satisfied: setuptools in /home/runner/_work/_tool/Python/3.9.25/x64/lib/python3.9/site-packages (79.0.1)
job-core	Set up Python	2026-02-26T14:58:57.5252185Z Requirement already satisfied: pip in /home/runner/_work/_tool/Python/3.9.25/x64/lib/python3.9/site-packages (23.0.1)
job-core	Set up Python	2026-02-26T14:58:58.8947623Z Collecting pip
job-core	Set up Python	2026-02-26T14:58:58.9472744Z Downloading pip-26.0.1-py3-none-any.whl (1.8 MB)
job-core	Set up Python	2026-02-26T14:58:59.0870235Z ‚îÅ‚îÅ‚îÅ‚îÅ‚îÅ‚îÅ‚îÅ‚îÅ‚îÅ‚îÅ‚îÅ‚îÅ‚îÅ‚îÅ‚îÅ‚îÅ‚îÅ‚îÅ‚îÅ‚îÅ‚îÅ‚îÅ‚îÅ‚îÅ‚îÅ‚îÅ‚îÅ‚îÅ‚îÅ‚îÅ‚îÅ‚îÅ‚îÅ‚îÅ‚îÅ‚îÅ‚îÅ‚îÅ‚îÅ‚îÅ 1.8/1.8 MB 14.9 MB/s eta 0:00:00
job-core	Set up Python	2026-02-26T14:58:59.0871487Z 
job-core	Set up Python	2026-02-26T14:58:59.1592550Z Installing collected packages: pip
job-core	Set up Python	2026-02-26T14:58:59.1595547Z Attempting uninstall: pip
job-core	Set up Python	2026-02-26T14:58:59.1601402Z Found existing installation: pip 23.0.1
job-core	Set up Python	2026-02-26T14:58:59.4717142Z Uninstalling pip-23.0.1:
job-core	Set up Python	2026-02-26T14:58:59.4821902Z Successfully uninstalled pip-23.0.1
job-core	Set up Python	2026-02-26T14:59:00.4091732Z Successfully installed pip-26.0.1
job-core	Set up Python	2026-02-26T14:59:00.4985459Z Create complete file
job-core	Set up Python	2026-02-26T14:59:00.5033179Z Successfully set up CPython (3.9.25)
job-core	Set up Python	2026-02-26T14:59:00.5033878Z ##[endgroup]
job-core	Install dependencies	Ôªø2026-02-26T14:59:00.5233811Z ##[group]Run pip install pymongo
job-core	Install dependencies	2026-02-26T14:59:00.5234160Z [36;1mpip install pymongo[0m
job-core	Install dependencies	2026-02-26T14:59:00.5251805Z shell: /usr/bin/bash -e {0}
job-core	Install dependencies	2026-02-26T14:59:00.5252107Z env:
job-core	Install dependencies	2026-02-26T14:59:00.5252300Z   PYTHON_VERSION: 3.9
job-core	Install dependencies	2026-02-26T14:59:00.5253081Z   MONGO_SUPERUSER_CONNECTION: ***
job-core	Install dependencies	2026-02-26T14:59:00.5253475Z   MONGO_NEW_PASS: ***
job-core	Install dependencies	2026-02-26T14:59:00.5253813Z   MONGO_SCRIPT_CREATE: devops/core/mongo/scripts/mongodb_status_report.py
job-core	Install dependencies	2026-02-26T14:59:00.5254218Z   KAOS_CODE: 22447556471
job-core	Install dependencies	2026-02-26T14:59:00.5254449Z   REPORT_SCAN: audit/
job-core	Install dependencies	2026-02-26T14:59:00.5254997Z   REPORT_PATH: audit/mongodb/
job-core	Install dependencies	2026-02-26T14:59:00.5255257Z   REPORT_FILENAME: 22447556471.json
job-core	Install dependencies	2026-02-26T14:59:00.5255539Z   KAOS_MODULE: [Ka0s] Status MongDB Report
job-core	Install dependencies	2026-02-26T14:59:00.5255820Z   GITHUB_OUTPUT: 
job-core	Install dependencies	2026-02-26T14:59:00.5256106Z   pythonLocation: /home/runner/_work/_tool/Python/3.9.25/x64
job-core	Install dependencies	2026-02-26T14:59:00.5256583Z   PKG_CONFIG_PATH: /home/runner/_work/_tool/Python/3.9.25/x64/lib/pkgconfig
job-core	Install dependencies	2026-02-26T14:59:00.5257053Z   Python_ROOT_DIR: /home/runner/_work/_tool/Python/3.9.25/x64
job-core	Install dependencies	2026-02-26T14:59:00.5257513Z   Python2_ROOT_DIR: /home/runner/_work/_tool/Python/3.9.25/x64
job-core	Install dependencies	2026-02-26T14:59:00.5257938Z   Python3_ROOT_DIR: /home/runner/_work/_tool/Python/3.9.25/x64
job-core	Install dependencies	2026-02-26T14:59:00.5258362Z   LD_LIBRARY_PATH: /home/runner/_work/_tool/Python/3.9.25/x64/lib
job-core	Install dependencies	2026-02-26T14:59:00.5258713Z ##[endgroup]
job-core	Install dependencies	2026-02-26T14:59:01.4343039Z Collecting pymongo
job-core	Install dependencies	2026-02-26T14:59:01.5416864Z   Downloading pymongo-4.16.0-cp39-cp39-manylinux2014_x86_64.manylinux_2_17_x86_64.manylinux_2_28_x86_64.whl.metadata (10.0 kB)
job-core	Install dependencies	2026-02-26T14:59:01.6044220Z Collecting dnspython<3.0.0,>=2.6.1 (from pymongo)
job-core	Install dependencies	2026-02-26T14:59:01.6115714Z   Downloading dnspython-2.7.0-py3-none-any.whl.metadata (5.8 kB)
job-core	Install dependencies	2026-02-26T14:59:01.6686969Z Downloading pymongo-4.16.0-cp39-cp39-manylinux2014_x86_64.manylinux_2_17_x86_64.manylinux_2_28_x86_64.whl (947 kB)
job-core	Install dependencies	2026-02-26T14:59:01.6985920Z    ‚îÅ‚îÅ‚îÅ‚îÅ‚îÅ‚îÅ‚îÅ‚îÅ‚îÅ‚îÅ‚îÅ‚îÅ‚îÅ‚îÅ‚îÅ‚îÅ‚îÅ‚îÅ‚îÅ‚îÅ‚îÅ‚îÅ‚îÅ‚îÅ‚îÅ‚îÅ‚îÅ‚îÅ‚îÅ‚îÅ‚îÅ‚îÅ‚îÅ‚îÅ‚îÅ‚îÅ‚îÅ‚îÅ‚îÅ‚îÅ 947.2/947.2 kB 49.7 MB/s  0:00:00
job-core	Install dependencies	2026-02-26T14:59:01.7064803Z Downloading dnspython-2.7.0-py3-none-any.whl (313 kB)
job-core	Install dependencies	2026-02-26T14:59:01.7520969Z Installing collected packages: dnspython, pymongo
job-core	Install dependencies	2026-02-26T14:59:02.3291279Z 
job-core	Install dependencies	2026-02-26T14:59:02.3310517Z Successfully installed dnspython-2.7.0 pymongo-4.16.0
job-core	Create database MongoDB	Ôªø2026-02-26T14:59:02.5607893Z ##[group]Run python devops/core/mongo/scripts/mongodb_status_report.py
job-core	Create database MongoDB	2026-02-26T14:59:02.5608489Z [36;1mpython devops/core/mongo/scripts/mongodb_status_report.py[0m
job-core	Create database MongoDB	2026-02-26T14:59:02.5609081Z [36;1mecho "Downloading files to MongoDB update repository ..."[0m
job-core	Create database MongoDB	2026-02-26T14:59:02.5609553Z [36;1mgit config --global user.name "***"[0m
job-core	Create database MongoDB	2026-02-26T14:59:02.5665376Z [36;1mgit config --global user.email "***"[0m
job-core	Create database MongoDB	2026-02-26T14:59:02.5665854Z [36;1mgit pull --rebase[0m
job-core	Create database MongoDB	2026-02-26T14:59:02.5666314Z [36;1mecho "Uploading files to MongoDB update repository ..."[0m
job-core	Create database MongoDB	2026-02-26T14:59:02.5666679Z [36;1mgit add audit/mongodb/[0m
job-core	Create database MongoDB	2026-02-26T14:59:02.5667103Z [36;1mif ! git diff --staged --quiet; then[0m
job-core	Create database MongoDB	2026-02-26T14:59:02.5667690Z [36;1m   git commit -m "swarm-runners] Uploading files to MongoDB update repository ..."[0m
job-core	Create database MongoDB	2026-02-26T14:59:02.5668507Z [36;1m   git push origin refs/heads/main --force-with-lease[0m
job-core	Create database MongoDB	2026-02-26T14:59:02.5668834Z [36;1m fi[0m
job-core	Create database MongoDB	2026-02-26T14:59:02.5681755Z shell: /usr/bin/bash -e {0}
job-core	Create database MongoDB	2026-02-26T14:59:02.5682175Z env:
job-core	Create database MongoDB	2026-02-26T14:59:02.5682374Z   PYTHON_VERSION: 3.9
job-core	Create database MongoDB	2026-02-26T14:59:02.5683133Z   MONGO_SUPERUSER_CONNECTION: ***
job-core	Create database MongoDB	2026-02-26T14:59:02.5683513Z   MONGO_NEW_PASS: ***
job-core	Create database MongoDB	2026-02-26T14:59:02.5683853Z   MONGO_SCRIPT_CREATE: devops/core/mongo/scripts/mongodb_status_report.py
job-core	Create database MongoDB	2026-02-26T14:59:02.5684255Z   KAOS_CODE: 22447556471
job-core	Create database MongoDB	2026-02-26T14:59:02.5684486Z   REPORT_SCAN: audit/
job-core	Create database MongoDB	2026-02-26T14:59:02.5684972Z   REPORT_PATH: audit/mongodb/
job-core	Create database MongoDB	2026-02-26T14:59:02.5685221Z   REPORT_FILENAME: 22447556471.json
job-core	Create database MongoDB	2026-02-26T14:59:02.5685492Z   KAOS_MODULE: [Ka0s] Status MongDB Report
job-core	Create database MongoDB	2026-02-26T14:59:02.5685759Z   GITHUB_OUTPUT: 
job-core	Create database MongoDB	2026-02-26T14:59:02.5686039Z   pythonLocation: /home/runner/_work/_tool/Python/3.9.25/x64
job-core	Create database MongoDB	2026-02-26T14:59:02.5686495Z   PKG_CONFIG_PATH: /home/runner/_work/_tool/Python/3.9.25/x64/lib/pkgconfig
job-core	Create database MongoDB	2026-02-26T14:59:02.5686958Z   Python_ROOT_DIR: /home/runner/_work/_tool/Python/3.9.25/x64
job-core	Create database MongoDB	2026-02-26T14:59:02.5687621Z   Python2_ROOT_DIR: /home/runner/_work/_tool/Python/3.9.25/x64
job-core	Create database MongoDB	2026-02-26T14:59:02.5688045Z   Python3_ROOT_DIR: /home/runner/_work/_tool/Python/3.9.25/x64
job-core	Create database MongoDB	2026-02-26T14:59:02.5688592Z   LD_LIBRARY_PATH: /home/runner/_work/_tool/Python/3.9.25/x64/lib
job-core	Create database MongoDB	2026-02-26T14:59:02.5688945Z ##[endgroup]
job-core	Create database MongoDB	2026-02-26T14:59:03.0606447Z ‚úÖ Reporte generado exitosamente: audit/mongodb/22447556471.json
job-core	Create database MongoDB	2026-02-26T14:59:03.2645135Z Downloading files to MongoDB update repository ...
job-core	Create database MongoDB	2026-02-26T14:59:04.0402586Z Already up to date.
job-core	Create database MongoDB	2026-02-26T14:59:04.0409085Z Uploading files to MongoDB update repository ...
job-core	Create database MongoDB	2026-02-26T14:59:04.1063977Z [main b0283820b] swarm-runners] Uploading files to MongoDB update repository ...
job-core	Create database MongoDB	2026-02-26T14:59:04.1064707Z  1 file changed, 33493 insertions(+)
job-core	Create database MongoDB	2026-02-26T14:59:04.1065041Z  create mode 100644 audit/mongodb/22447556471.json
job-core	Create database MongoDB	2026-02-26T14:59:05.1247756Z To https://github.com/Ka0s-Klaus/ka0s
job-core	Create database MongoDB	2026-02-26T14:59:05.1248346Z    20d66f4e0..b0283820b  main -> main
job-core	Upload report	Ôªø2026-02-26T14:59:05.1461505Z ##[group]Run actions/upload-artifact@v4
job-core	Upload report	2026-02-26T14:59:05.1462017Z with:
job-core	Upload report	2026-02-26T14:59:05.1462327Z   name: mongo-setup-report
job-core	Upload report	2026-02-26T14:59:05.1462696Z   path: audit/mongodb/
job-core	Upload report	2026-02-26T14:59:05.1463035Z   if-no-files-found: warn
job-core	Upload report	2026-02-26T14:59:05.1463390Z   compression-level: 6
job-core	Upload report	2026-02-26T14:59:05.1463725Z   overwrite: false
job-core	Upload report	2026-02-26T14:59:05.1464044Z   include-hidden-files: false
job-core	Upload report	2026-02-26T14:59:05.1464397Z env:
job-core	Upload report	2026-02-26T14:59:05.1464761Z   PYTHON_VERSION: 3.9
job-core	Upload report	2026-02-26T14:59:05.1465913Z   MONGO_SUPERUSER_CONNECTION: ***
job-core	Upload report	2026-02-26T14:59:05.1466479Z   MONGO_NEW_PASS: ***
job-core	Upload report	2026-02-26T14:59:05.1466987Z   MONGO_SCRIPT_CREATE: devops/core/mongo/scripts/mongodb_status_report.py
job-core	Upload report	2026-02-26T14:59:05.1467583Z   KAOS_CODE: 22447556471
job-core	Upload report	2026-02-26T14:59:05.1467921Z   REPORT_SCAN: audit/
job-core	Upload report	2026-02-26T14:59:05.1468253Z   REPORT_PATH: audit/mongodb/
job-core	Upload report	2026-02-26T14:59:05.1468630Z   REPORT_FILENAME: 22447556471.json
job-core	Upload report	2026-02-26T14:59:05.1469575Z   KAOS_MODULE: [Ka0s] Status MongDB Report
job-core	Upload report	2026-02-26T14:59:05.1470032Z   GITHUB_OUTPUT: 
job-core	Upload report	2026-02-26T14:59:05.1470466Z   pythonLocation: /home/runner/_work/_tool/Python/3.9.25/x64
job-core	Upload report	2026-02-26T14:59:05.1471154Z   PKG_CONFIG_PATH: /home/runner/_work/_tool/Python/3.9.25/x64/lib/pkgconfig
job-core	Upload report	2026-02-26T14:59:05.1471849Z   Python_ROOT_DIR: /home/runner/_work/_tool/Python/3.9.25/x64
job-core	Upload report	2026-02-26T14:59:05.1472479Z   Python2_ROOT_DIR: /home/runner/_work/_tool/Python/3.9.25/x64
job-core	Upload report	2026-02-26T14:59:05.1473106Z   Python3_ROOT_DIR: /home/runner/_work/_tool/Python/3.9.25/x64
job-core	Upload report	2026-02-26T14:59:05.1473746Z   LD_LIBRARY_PATH: /home/runner/_work/_tool/Python/3.9.25/x64/lib
job-core	Upload report	2026-02-26T14:59:05.1474267Z ##[endgroup]
job-core	Upload report	2026-02-26T14:59:05.4039624Z With the provided path, there will be 2 files uploaded
job-core	Upload report	2026-02-26T14:59:05.4046219Z Artifact name is valid!
job-core	Upload report	2026-02-26T14:59:05.4046706Z Root directory input is valid!
job-core	Upload report	2026-02-26T14:59:05.8073276Z Beginning upload of artifact content to blob storage
job-core	Upload report	2026-02-26T14:59:06.5285400Z Uploaded bytes 128197
job-core	Upload report	2026-02-26T14:59:06.6342156Z Finished uploading artifact content to blob storage!
job-core	Upload report	2026-02-26T14:59:06.6344123Z SHA256 digest of uploaded artifact zip is 42a3910fcb20a9c11ca861c01e22e2355971fc7cadabba60d4858a6c0aace8d2
job-core	Upload report	2026-02-26T14:59:06.6345747Z Finalizing artifact upload
job-core	Upload report	2026-02-26T14:59:06.8085477Z Artifact mongo-setup-report.zip successfully finalized. Artifact ID 5674086386
job-core	Upload report	2026-02-26T14:59:06.8088907Z Artifact mongo-setup-report has been successfully uploaded! Final size is 128197 bytes. Artifact ID is 5674086386
job-core	Upload report	2026-02-26T14:59:06.8115478Z Artifact download URL: https://github.com/Ka0s-Klaus/ka0s/actions/runs/22447556471/artifacts/5674086386
job-core	Post Set up Python	Ôªø2026-02-26T14:59:06.8527179Z Post job cleanup.
job-core	Post Checkout code	Ôªø2026-02-26T14:59:07.0561005Z Post job cleanup.
job-core	Post Checkout code	2026-02-26T14:59:07.1787496Z [command]/usr/bin/git version
job-core	Post Checkout code	2026-02-26T14:59:07.1845413Z git version 2.53.0
job-core	Post Checkout code	2026-02-26T14:59:07.1902611Z Copying '/home/runner/.gitconfig' to '/home/runner/_work/_temp/98cd6eff-7f4e-4307-8a05-c889d4683c85/.gitconfig'
job-core	Post Checkout code	2026-02-26T14:59:07.1920270Z Temporarily overriding HOME='/home/runner/_work/_temp/98cd6eff-7f4e-4307-8a05-c889d4683c85' before making global git config changes
job-core	Post Checkout code	2026-02-26T14:59:07.1933006Z Adding repository directory to the temporary git global config as a safe directory
job-core	Post Checkout code	2026-02-26T14:59:07.1938365Z [command]/usr/bin/git config --global --add safe.directory /home/runner/_work/ka0s/ka0s
job-core	Post Checkout code	2026-02-26T14:59:07.2034294Z [command]/usr/bin/git config --local --name-only --get-regexp core\.sshCommand
job-core	Post Checkout code	2026-02-26T14:59:07.2092427Z [command]/usr/bin/git submodule foreach --recursive sh -c "git config --local --name-only --get-regexp 'core\.sshCommand' && git config --local --unset-all 'core.sshCommand' || :"
job-core	Post Checkout code	2026-02-26T14:59:07.2558113Z [command]/usr/bin/git config --local --name-only --get-regexp http\.https\:\/\/github\.com\/\.extraheader
job-core	Post Checkout code	2026-02-26T14:59:07.2617447Z http.https://github.com/.extraheader
job-core	Post Checkout code	2026-02-26T14:59:07.2633021Z [command]/usr/bin/git config --local --unset-all http.https://github.com/.extraheader
job-core	Post Checkout code	2026-02-26T14:59:07.2696024Z [command]/usr/bin/git submodule foreach --recursive sh -c "git config --local --name-only --get-regexp 'http\.https\:\/\/github\.com\/\.extraheader' && git config --local --unset-all 'http.https://github.com/.extraheader' || :"
job-core	Post Checkout code	2026-02-26T14:59:07.3129157Z [command]/usr/bin/git config --local --name-only --get-regexp ^includeIf\.gitdir:
job-core	Post Checkout code	2026-02-26T14:59:07.3173834Z [command]/usr/bin/git submodule foreach --recursive git config --local --show-origin --name-only --get-regexp remote.origin.url
job-core	Complete job	Ôªø2026-02-26T14:59:07.3731830Z Cleaning up orphan processes
handle-success	Set up job	Ôªø2026-02-26T14:59:24.5226148Z Current runner version: '2.332.0'
handle-success	Set up job	2026-02-26T14:59:24.5236223Z Runner name: 'swarm-runners-scaleset-hkss5-runner-67jdf'
handle-success	Set up job	2026-02-26T14:59:24.5237392Z Runner group name: 'Default'
handle-success	Set up job	2026-02-26T14:59:24.5238640Z Machine name: 'swarm-runners-scaleset-hkss5-runner-67jdf'
handle-success	Set up job	2026-02-26T14:59:24.5242695Z ##[group]GITHUB_TOKEN Permissions
handle-success	Set up job	2026-02-26T14:59:24.5246076Z Actions: write
handle-success	Set up job	2026-02-26T14:59:24.5246728Z Contents: write
handle-success	Set up job	2026-02-26T14:59:24.5247499Z Issues: write
handle-success	Set up job	2026-02-26T14:59:24.5248252Z Metadata: read
handle-success	Set up job	2026-02-26T14:59:24.5248772Z PullRequests: write
handle-success	Set up job	2026-02-26T14:59:24.5249381Z ##[endgroup]
handle-success	Set up job	2026-02-26T14:59:24.5251749Z Secret source: Actions
handle-success	Set up job	2026-02-26T14:59:24.5252520Z Prepare workflow directory
handle-success	Set up job	2026-02-26T14:59:24.5868788Z Prepare all required actions
handle-success	Set up job	2026-02-26T14:59:24.5914289Z Getting action download info
handle-success	Set up job	2026-02-26T14:59:25.1502755Z Download action repository 'actions/checkout@v4' (SHA:34e114876b0b11c390a56381ad16ebd13914f8d5)
handle-success	Set up job	2026-02-26T14:59:26.1290197Z Complete job name: handle-success
handle-success	Checkout code	Ôªø2026-02-26T14:59:26.2009361Z ##[group]Run actions/checkout@v4
handle-success	Checkout code	2026-02-26T14:59:26.2010518Z with:
handle-success	Checkout code	2026-02-26T14:59:26.2010979Z   fetch-depth: 0
handle-success	Checkout code	2026-02-26T14:59:26.2011469Z   repository: Ka0s-Klaus/ka0s
handle-success	Checkout code	2026-02-26T14:59:26.2012398Z   token: ***
handle-success	Checkout code	2026-02-26T14:59:26.2012853Z   ssh-strict: true
handle-success	Checkout code	2026-02-26T14:59:26.2013309Z   ssh-user: git
handle-success	Checkout code	2026-02-26T14:59:26.2013772Z   persist-credentials: true
handle-success	Checkout code	2026-02-26T14:59:26.2014311Z   clean: true
handle-success	Checkout code	2026-02-26T14:59:26.2015157Z   sparse-checkout-cone-mode: true
handle-success	Checkout code	2026-02-26T14:59:26.2015893Z   fetch-tags: false
handle-success	Checkout code	2026-02-26T14:59:26.2016370Z   show-progress: true
handle-success	Checkout code	2026-02-26T14:59:26.2016842Z   lfs: false
handle-success	Checkout code	2026-02-26T14:59:26.2017282Z   submodules: false
handle-success	Checkout code	2026-02-26T14:59:26.2017801Z   set-safe-directory: true
handle-success	Checkout code	2026-02-26T14:59:26.2018698Z env:
handle-success	Checkout code	2026-02-26T14:59:26.2019143Z   PYTHON_VERSION: 3.9
handle-success	Checkout code	2026-02-26T14:59:26.2020628Z   MONGO_SUPERUSER_CONNECTION: ***
handle-success	Checkout code	2026-02-26T14:59:26.2021430Z   MONGO_NEW_PASS: ***
handle-success	Checkout code	2026-02-26T14:59:26.2022175Z   MONGO_SCRIPT_CREATE: devops/core/mongo/scripts/mongodb_status_report.py
handle-success	Checkout code	2026-02-26T14:59:26.2023157Z   KAOS_CODE: 22447556471
handle-success	Checkout code	2026-02-26T14:59:26.2023668Z   REPORT_SCAN: audit/
handle-success	Checkout code	2026-02-26T14:59:26.2024950Z   REPORT_PATH: audit/mongodb/
handle-success	Checkout code	2026-02-26T14:59:26.2025559Z   REPORT_FILENAME: 22447556471.json
handle-success	Checkout code	2026-02-26T14:59:26.2026310Z   KAOS_MODULE: [Ka0s] Status MongDB Report
handle-success	Checkout code	2026-02-26T14:59:26.2026929Z ##[endgroup]
handle-success	Checkout code	2026-02-26T14:59:26.3732478Z Syncing repository: Ka0s-Klaus/ka0s
handle-success	Checkout code	2026-02-26T14:59:26.3735898Z ##[group]Getting Git version info
handle-success	Checkout code	2026-02-26T14:59:26.3737701Z Working directory is '/home/runner/_work/ka0s/ka0s'
handle-success	Checkout code	2026-02-26T14:59:26.3738906Z [command]/usr/bin/git version
handle-success	Checkout code	2026-02-26T14:59:26.3739705Z git version 2.53.0
handle-success	Checkout code	2026-02-26T14:59:26.3741555Z ##[endgroup]
handle-success	Checkout code	2026-02-26T14:59:26.3753984Z Temporarily overriding HOME='/home/runner/_work/_temp/0a1ddcd2-ded8-4929-92d0-09139f8a6491' before making global git config changes
handle-success	Checkout code	2026-02-26T14:59:26.3756046Z Adding repository directory to the temporary git global config as a safe directory
handle-success	Checkout code	2026-02-26T14:59:26.3757638Z [command]/usr/bin/git config --global --add safe.directory /home/runner/_work/ka0s/ka0s
handle-success	Checkout code	2026-02-26T14:59:26.3759525Z Deleting the contents of '/home/runner/_work/ka0s/ka0s'
handle-success	Checkout code	2026-02-26T14:59:26.3760694Z ##[group]Initializing the repository
handle-success	Checkout code	2026-02-26T14:59:26.3761468Z [command]/usr/bin/git init /home/runner/_work/ka0s/ka0s
handle-success	Checkout code	2026-02-26T14:59:26.3787127Z hint: Using 'master' as the name for the initial branch. This default branch name
handle-success	Checkout code	2026-02-26T14:59:26.3788531Z hint: will change to "main" in Git 3.0. To configure the initial branch name
handle-success	Checkout code	2026-02-26T14:59:26.3789926Z hint: to use in all of your new repositories, which will suppress this warning,
handle-success	Checkout code	2026-02-26T14:59:26.3792191Z hint: call:
handle-success	Checkout code	2026-02-26T14:59:26.3792692Z hint:
handle-success	Checkout code	2026-02-26T14:59:26.3793268Z hint: 	git config --global init.defaultBranch <name>
handle-success	Checkout code	2026-02-26T14:59:26.3793977Z hint:
handle-success	Checkout code	2026-02-26T14:59:26.3804905Z hint: Names commonly chosen instead of 'master' are 'main', 'trunk' and
handle-success	Checkout code	2026-02-26T14:59:26.3806240Z hint: 'development'. The just-created branch can be renamed via this command:
handle-success	Checkout code	2026-02-26T14:59:26.3807701Z hint:
handle-success	Checkout code	2026-02-26T14:59:26.3808173Z hint: 	git branch -m <name>
handle-success	Checkout code	2026-02-26T14:59:26.3808705Z hint:
handle-success	Checkout code	2026-02-26T14:59:26.3809436Z hint: Disable this message with "git config set advice.defaultBranchName false"
handle-success	Checkout code	2026-02-26T14:59:26.3810618Z Initialized empty Git repository in /home/runner/_work/ka0s/ka0s/.git/
handle-success	Checkout code	2026-02-26T14:59:26.3812617Z [command]/usr/bin/git remote add origin https://github.com/Ka0s-Klaus/ka0s
handle-success	Checkout code	2026-02-26T14:59:26.3814433Z ##[endgroup]
handle-success	Checkout code	2026-02-26T14:59:26.3826027Z ##[group]Disabling automatic garbage collection
handle-success	Checkout code	2026-02-26T14:59:26.3826939Z [command]/usr/bin/git config --local gc.auto 0
handle-success	Checkout code	2026-02-26T14:59:26.3828644Z ##[endgroup]
handle-success	Checkout code	2026-02-26T14:59:26.3829406Z ##[group]Setting up auth
handle-success	Checkout code	2026-02-26T14:59:26.3830240Z [command]/usr/bin/git config --local --name-only --get-regexp core\.sshCommand
handle-success	Checkout code	2026-02-26T14:59:26.3916153Z [command]/usr/bin/git submodule foreach --recursive sh -c "git config --local --name-only --get-regexp 'core\.sshCommand' && git config --local --unset-all 'core.sshCommand' || :"
handle-success	Checkout code	2026-02-26T14:59:26.4294230Z [command]/usr/bin/git config --local --name-only --get-regexp http\.https\:\/\/github\.com\/\.extraheader
handle-success	Checkout code	2026-02-26T14:59:26.4366367Z [command]/usr/bin/git submodule foreach --recursive sh -c "git config --local --name-only --get-regexp 'http\.https\:\/\/github\.com\/\.extraheader' && git config --local --unset-all 'http.https://github.com/.extraheader' || :"
handle-success	Checkout code	2026-02-26T14:59:26.4731555Z [command]/usr/bin/git config --local --name-only --get-regexp ^includeIf\.gitdir:
handle-success	Checkout code	2026-02-26T14:59:26.4771812Z [command]/usr/bin/git submodule foreach --recursive git config --local --show-origin --name-only --get-regexp remote.origin.url
handle-success	Checkout code	2026-02-26T14:59:26.5131440Z [command]/usr/bin/git config --local http.https://github.com/.extraheader AUTHORIZATION: basic ***
handle-success	Checkout code	2026-02-26T14:59:26.5197234Z ##[endgroup]
handle-success	Checkout code	2026-02-26T14:59:26.5198193Z ##[group]Fetching the repository
handle-success	Checkout code	2026-02-26T14:59:26.5208651Z [command]/usr/bin/git -c protocol.version=2 fetch --prune --no-recurse-submodules origin +refs/heads/*:refs/remotes/origin/* +refs/tags/*:refs/tags/*
handle-success	Checkout code	2026-02-26T14:59:46.7057355Z From https://github.com/Ka0s-Klaus/ka0s
handle-success	Checkout code	2026-02-26T14:59:46.7058574Z  * [new branch]          F3450-modelo-operativo -> origin/F3450-modelo-operativo
handle-success	Checkout code	2026-02-26T14:59:46.7059437Z  * [new branch]          H1276-modulo-observabilidad -> origin/H1276-modulo-observabilidad
handle-success	Checkout code	2026-02-26T14:59:46.7061889Z  * [new branch]          H3596-deploy-itop      -> origin/H3596-deploy-itop
handle-success	Checkout code	2026-02-26T14:59:46.7062891Z  * [new branch]          H4170-flujo-detallado-zabbix---github -> origin/H4170-flujo-detallado-zabbix---github
handle-success	Checkout code	2026-02-26T14:59:46.7063638Z  * [new branch]          H4191-request-cambios  -> origin/H4191-request-cambios
handle-success	Checkout code	2026-02-26T14:59:46.7064446Z  * [new branch]          H4200-request-recomendaciones-de-auditoria -> origin/H4200-request-recomendaciones-de-auditoria
handle-success	Checkout code	2026-02-26T14:59:46.7067456Z  * [new branch]          main                   -> origin/main
handle-success	Checkout code	2026-02-26T14:59:46.7067911Z  * [new tag]             0.0.0                  -> 0.0.0
handle-success	Checkout code	2026-02-26T14:59:46.7068435Z  * [new tag]             0.0.1                  -> 0.0.1
handle-success	Checkout code	2026-02-26T14:59:46.7068855Z  * [new tag]             0.0.10                 -> 0.0.10
handle-success	Checkout code	2026-02-26T14:59:46.7069326Z  * [new tag]             0.0.100                -> 0.0.100
handle-success	Checkout code	2026-02-26T14:59:46.7069745Z  * [new tag]             0.0.101                -> 0.0.101
handle-success	Checkout code	2026-02-26T14:59:46.7070165Z  * [new tag]             0.0.102                -> 0.0.102
handle-success	Checkout code	2026-02-26T14:59:46.7070635Z  * [new tag]             0.0.103                -> 0.0.103
handle-success	Checkout code	2026-02-26T14:59:46.7071105Z  * [new tag]             0.0.104                -> 0.0.104
handle-success	Checkout code	2026-02-26T14:59:46.7071524Z  * [new tag]             0.0.105                -> 0.0.105
handle-success	Checkout code	2026-02-26T14:59:46.7072050Z  * [new tag]             0.0.106                -> 0.0.106
handle-success	Checkout code	2026-02-26T14:59:46.7072487Z  * [new tag]             0.0.107                -> 0.0.107
handle-success	Checkout code	2026-02-26T14:59:46.7072883Z  * [new tag]             0.0.108                -> 0.0.108
handle-success	Checkout code	2026-02-26T14:59:46.7073809Z  * [new tag]             0.0.109                -> 0.0.109
handle-success	Checkout code	2026-02-26T14:59:46.7074229Z  * [new tag]             0.0.11                 -> 0.0.11
handle-success	Checkout code	2026-02-26T14:59:46.7075052Z  * [new tag]             0.0.110                -> 0.0.110
handle-success	Checkout code	2026-02-26T14:59:46.7075454Z  * [new tag]             0.0.111                -> 0.0.111
handle-success	Checkout code	2026-02-26T14:59:46.7076025Z  * [new tag]             0.0.112                -> 0.0.112
handle-success	Checkout code	2026-02-26T14:59:46.7076442Z  * [new tag]             0.0.113                -> 0.0.113
handle-success	Checkout code	2026-02-26T14:59:46.7076857Z  * [new tag]             0.0.114                -> 0.0.114
handle-success	Checkout code	2026-02-26T14:59:46.7077289Z  * [new tag]             0.0.115                -> 0.0.115
handle-success	Checkout code	2026-02-26T14:59:46.7077707Z  * [new tag]             0.0.116                -> 0.0.116
handle-success	Checkout code	2026-02-26T14:59:46.7078739Z  * [new tag]             0.0.117                -> 0.0.117
handle-success	Checkout code	2026-02-26T14:59:46.7079364Z  * [new tag]             0.0.118                -> 0.0.118
handle-success	Checkout code	2026-02-26T14:59:46.7079777Z  * [new tag]             0.0.119                -> 0.0.119
handle-success	Checkout code	2026-02-26T14:59:46.7080537Z  * [new tag]             0.0.12                 -> 0.0.12
handle-success	Checkout code	2026-02-26T14:59:46.7080949Z  * [new tag]             0.0.120                -> 0.0.120
handle-success	Checkout code	2026-02-26T14:59:46.7081355Z  * [new tag]             0.0.121                -> 0.0.121
handle-success	Checkout code	2026-02-26T14:59:46.7081767Z  * [new tag]             0.0.122                -> 0.0.122
handle-success	Checkout code	2026-02-26T14:59:46.7082183Z  * [new tag]             0.0.123                -> 0.0.123
handle-success	Checkout code	2026-02-26T14:59:46.7082592Z  * [new tag]             0.0.124                -> 0.0.124
handle-success	Checkout code	2026-02-26T14:59:46.7083003Z  * [new tag]             0.0.125                -> 0.0.125
handle-success	Checkout code	2026-02-26T14:59:46.7083413Z  * [new tag]             0.0.126                -> 0.0.126
handle-success	Checkout code	2026-02-26T14:59:46.7083828Z  * [new tag]             0.0.127                -> 0.0.127
handle-success	Checkout code	2026-02-26T14:59:46.7084238Z  * [new tag]             0.0.128                -> 0.0.128
handle-success	Checkout code	2026-02-26T14:59:46.7084905Z  * [new tag]             0.0.129                -> 0.0.129
handle-success	Checkout code	2026-02-26T14:59:46.7085327Z  * [new tag]             0.0.13                 -> 0.0.13
handle-success	Checkout code	2026-02-26T14:59:46.7085758Z  * [new tag]             0.0.130                -> 0.0.130
handle-success	Checkout code	2026-02-26T14:59:46.7086169Z  * [new tag]             0.0.131                -> 0.0.131
handle-success	Checkout code	2026-02-26T14:59:46.7086577Z  * [new tag]             0.0.132                -> 0.0.132
handle-success	Checkout code	2026-02-26T14:59:46.7086989Z  * [new tag]             0.0.133                -> 0.0.133
handle-success	Checkout code	2026-02-26T14:59:46.7087394Z  * [new tag]             0.0.134                -> 0.0.134
handle-success	Checkout code	2026-02-26T14:59:46.7087806Z  * [new tag]             0.0.135                -> 0.0.135
handle-success	Checkout code	2026-02-26T14:59:46.7088216Z  * [new tag]             0.0.136                -> 0.0.136
handle-success	Checkout code	2026-02-26T14:59:46.7088625Z  * [new tag]             0.0.137                -> 0.0.137
handle-success	Checkout code	2026-02-26T14:59:46.7089029Z  * [new tag]             0.0.138                -> 0.0.138
handle-success	Checkout code	2026-02-26T14:59:46.7160611Z  * [new tag]             0.0.139                -> 0.0.139
handle-success	Checkout code	2026-02-26T14:59:46.7161603Z  * [new tag]             0.0.14                 -> 0.0.14
handle-success	Checkout code	2026-02-26T14:59:46.7162300Z  * [new tag]             0.0.140                -> 0.0.140
handle-success	Checkout code	2026-02-26T14:59:46.7162707Z  * [new tag]             0.0.141                -> 0.0.141
handle-success	Checkout code	2026-02-26T14:59:46.7163106Z  * [new tag]             0.0.142                -> 0.0.142
handle-success	Checkout code	2026-02-26T14:59:46.7163504Z  * [new tag]             0.0.143                -> 0.0.143
handle-success	Checkout code	2026-02-26T14:59:46.7163910Z  * [new tag]             0.0.144                -> 0.0.144
handle-success	Checkout code	2026-02-26T14:59:46.7164313Z  * [new tag]             0.0.145                -> 0.0.145
handle-success	Checkout code	2026-02-26T14:59:46.7165092Z  * [new tag]             0.0.146                -> 0.0.146
handle-success	Checkout code	2026-02-26T14:59:46.7165497Z  * [new tag]             0.0.147                -> 0.0.147
handle-success	Checkout code	2026-02-26T14:59:46.7166020Z  * [new tag]             0.0.148                -> 0.0.148
handle-success	Checkout code	2026-02-26T14:59:46.7166420Z  * [new tag]             0.0.149                -> 0.0.149
handle-success	Checkout code	2026-02-26T14:59:46.7167015Z  * [new tag]             0.0.15                 -> 0.0.15
handle-success	Checkout code	2026-02-26T14:59:46.7167454Z  * [new tag]             0.0.150                -> 0.0.150
handle-success	Checkout code	2026-02-26T14:59:46.7168192Z  * [new tag]             0.0.151                -> 0.0.151
handle-success	Checkout code	2026-02-26T14:59:46.7168595Z  * [new tag]             0.0.152                -> 0.0.152
handle-success	Checkout code	2026-02-26T14:59:46.7169002Z  * [new tag]             0.0.153                -> 0.0.153
handle-success	Checkout code	2026-02-26T14:59:46.7169409Z  * [new tag]             0.0.154                -> 0.0.154
handle-success	Checkout code	2026-02-26T14:59:46.7169821Z  * [new tag]             0.0.155                -> 0.0.155
handle-success	Checkout code	2026-02-26T14:59:46.7170227Z  * [new tag]             0.0.156                -> 0.0.156
handle-success	Checkout code	2026-02-26T14:59:46.7170634Z  * [new tag]             0.0.157                -> 0.0.157
handle-success	Checkout code	2026-02-26T14:59:46.7171046Z  * [new tag]             0.0.158                -> 0.0.158
handle-success	Checkout code	2026-02-26T14:59:46.7171459Z  * [new tag]             0.0.159                -> 0.0.159
handle-success	Checkout code	2026-02-26T14:59:46.7171868Z  * [new tag]             0.0.16                 -> 0.0.16
handle-success	Checkout code	2026-02-26T14:59:46.7172271Z  * [new tag]             0.0.160                -> 0.0.160
handle-success	Checkout code	2026-02-26T14:59:46.7172679Z  * [new tag]             0.0.161                -> 0.0.161
handle-success	Checkout code	2026-02-26T14:59:46.7173325Z  * [new tag]             0.0.162                -> 0.0.162
handle-success	Checkout code	2026-02-26T14:59:46.7173742Z  * [new tag]             0.0.163                -> 0.0.163
handle-success	Checkout code	2026-02-26T14:59:46.7174181Z  * [new tag]             0.0.164                -> 0.0.164
handle-success	Checkout code	2026-02-26T14:59:46.7175420Z  * [new tag]             0.0.165                -> 0.0.165
handle-success	Checkout code	2026-02-26T14:59:46.7175994Z  * [new tag]             0.0.166                -> 0.0.166
handle-success	Checkout code	2026-02-26T14:59:46.7176397Z  * [new tag]             0.0.167                -> 0.0.167
handle-success	Checkout code	2026-02-26T14:59:46.7176918Z  * [new tag]             0.0.168                -> 0.0.168
handle-success	Checkout code	2026-02-26T14:59:46.7177313Z  * [new tag]             0.0.169                -> 0.0.169
handle-success	Checkout code	2026-02-26T14:59:46.7177710Z  * [new tag]             0.0.17                 -> 0.0.17
handle-success	Checkout code	2026-02-26T14:59:46.7178107Z  * [new tag]             0.0.170                -> 0.0.170
handle-success	Checkout code	2026-02-26T14:59:46.7178497Z  * [new tag]             0.0.171                -> 0.0.171
handle-success	Checkout code	2026-02-26T14:59:46.7178913Z  * [new tag]             0.0.172                -> 0.0.172
handle-success	Checkout code	2026-02-26T14:59:46.7179311Z  * [new tag]             0.0.173                -> 0.0.173
handle-success	Checkout code	2026-02-26T14:59:46.7179709Z  * [new tag]             0.0.174                -> 0.0.174
handle-success	Checkout code	2026-02-26T14:59:46.7180107Z  * [new tag]             0.0.175                -> 0.0.175
handle-success	Checkout code	2026-02-26T14:59:46.7180497Z  * [new tag]             0.0.176                -> 0.0.176
handle-success	Checkout code	2026-02-26T14:59:46.7180890Z  * [new tag]             0.0.177                -> 0.0.177
handle-success	Checkout code	2026-02-26T14:59:46.7181287Z  * [new tag]             0.0.178                -> 0.0.178
handle-success	Checkout code	2026-02-26T14:59:46.7181699Z  * [new tag]             0.0.179                -> 0.0.179
handle-success	Checkout code	2026-02-26T14:59:46.7182091Z  * [new tag]             0.0.18                 -> 0.0.18
handle-success	Checkout code	2026-02-26T14:59:46.7182493Z  * [new tag]             0.0.19                 -> 0.0.19
handle-success	Checkout code	2026-02-26T14:59:46.7182890Z  * [new tag]             0.0.2                  -> 0.0.2
handle-success	Checkout code	2026-02-26T14:59:46.7183284Z  * [new tag]             0.0.20                 -> 0.0.20
handle-success	Checkout code	2026-02-26T14:59:46.7183697Z  * [new tag]             0.0.21                 -> 0.0.21
handle-success	Checkout code	2026-02-26T14:59:46.7184085Z  * [new tag]             0.0.22                 -> 0.0.22
handle-success	Checkout code	2026-02-26T14:59:46.7184478Z  * [new tag]             0.0.23                 -> 0.0.23
handle-success	Checkout code	2026-02-26T14:59:46.7185228Z  * [new tag]             0.0.24                 -> 0.0.24
handle-success	Checkout code	2026-02-26T14:59:46.7185644Z  * [new tag]             0.0.25                 -> 0.0.25
handle-success	Checkout code	2026-02-26T14:59:46.7186170Z  * [new tag]             0.0.26                 -> 0.0.26
handle-success	Checkout code	2026-02-26T14:59:46.7186561Z  * [new tag]             0.0.27                 -> 0.0.27
handle-success	Checkout code	2026-02-26T14:59:46.7186955Z  * [new tag]             0.0.28                 -> 0.0.28
handle-success	Checkout code	2026-02-26T14:59:46.7187349Z  * [new tag]             0.0.29                 -> 0.0.29
handle-success	Checkout code	2026-02-26T14:59:46.7187748Z  * [new tag]             0.0.3                  -> 0.0.3
handle-success	Checkout code	2026-02-26T14:59:46.7188141Z  * [new tag]             0.0.30                 -> 0.0.30
handle-success	Checkout code	2026-02-26T14:59:46.7188538Z  * [new tag]             0.0.31                 -> 0.0.31
handle-success	Checkout code	2026-02-26T14:59:46.7189185Z  * [new tag]             0.0.32                 -> 0.0.32
handle-success	Checkout code	2026-02-26T14:59:46.7189582Z  * [new tag]             0.0.33                 -> 0.0.33
handle-success	Checkout code	2026-02-26T14:59:46.7189979Z  * [new tag]             0.0.34                 -> 0.0.34
handle-success	Checkout code	2026-02-26T14:59:46.7190365Z  * [new tag]             0.0.35                 -> 0.0.35
handle-success	Checkout code	2026-02-26T14:59:46.7190760Z  * [new tag]             0.0.36                 -> 0.0.36
handle-success	Checkout code	2026-02-26T14:59:46.7191154Z  * [new tag]             0.0.37                 -> 0.0.37
handle-success	Checkout code	2026-02-26T14:59:46.7191549Z  * [new tag]             0.0.38                 -> 0.0.38
handle-success	Checkout code	2026-02-26T14:59:46.7191944Z  * [new tag]             0.0.39                 -> 0.0.39
handle-success	Checkout code	2026-02-26T14:59:46.7192334Z  * [new tag]             0.0.4                  -> 0.0.4
handle-success	Checkout code	2026-02-26T14:59:46.7192730Z  * [new tag]             0.0.40                 -> 0.0.40
handle-success	Checkout code	2026-02-26T14:59:46.7193126Z  * [new tag]             0.0.41                 -> 0.0.41
handle-success	Checkout code	2026-02-26T14:59:46.7193524Z  * [new tag]             0.0.42                 -> 0.0.42
handle-success	Checkout code	2026-02-26T14:59:46.7194117Z  * [new tag]             0.0.43                 -> 0.0.43
handle-success	Checkout code	2026-02-26T14:59:46.7194563Z  * [new tag]             0.0.44                 -> 0.0.44
handle-success	Checkout code	2026-02-26T14:59:46.7195506Z  * [new tag]             0.0.45                 -> 0.0.45
handle-success	Checkout code	2026-02-26T14:59:46.7195902Z  * [new tag]             0.0.46                 -> 0.0.46
handle-success	Checkout code	2026-02-26T14:59:46.7196299Z  * [new tag]             0.0.47                 -> 0.0.47
handle-success	Checkout code	2026-02-26T14:59:46.7196690Z  * [new tag]             0.0.48                 -> 0.0.48
handle-success	Checkout code	2026-02-26T14:59:46.7197085Z  * [new tag]             0.0.49                 -> 0.0.49
handle-success	Checkout code	2026-02-26T14:59:46.7197483Z  * [new tag]             0.0.5                  -> 0.0.5
handle-success	Checkout code	2026-02-26T14:59:46.7197881Z  * [new tag]             0.0.50                 -> 0.0.50
handle-success	Checkout code	2026-02-26T14:59:46.7198281Z  * [new tag]             0.0.51                 -> 0.0.51
handle-success	Checkout code	2026-02-26T14:59:46.7198671Z  * [new tag]             0.0.52                 -> 0.0.52
handle-success	Checkout code	2026-02-26T14:59:46.7199079Z  * [new tag]             0.0.53                 -> 0.0.53
handle-success	Checkout code	2026-02-26T14:59:46.7199477Z  * [new tag]             0.0.54                 -> 0.0.54
handle-success	Checkout code	2026-02-26T14:59:46.7199874Z  * [new tag]             0.0.55                 -> 0.0.55
handle-success	Checkout code	2026-02-26T14:59:46.7200267Z  * [new tag]             0.0.56                 -> 0.0.56
handle-success	Checkout code	2026-02-26T14:59:46.7200662Z  * [new tag]             0.0.57                 -> 0.0.57
handle-success	Checkout code	2026-02-26T14:59:46.7201054Z  * [new tag]             0.0.58                 -> 0.0.58
handle-success	Checkout code	2026-02-26T14:59:46.7201450Z  * [new tag]             0.0.59                 -> 0.0.59
handle-success	Checkout code	2026-02-26T14:59:46.7201845Z  * [new tag]             0.0.6                  -> 0.0.6
handle-success	Checkout code	2026-02-26T14:59:46.7202229Z  * [new tag]             0.0.60                 -> 0.0.60
handle-success	Checkout code	2026-02-26T14:59:46.7202622Z  * [new tag]             0.0.61                 -> 0.0.61
handle-success	Checkout code	2026-02-26T14:59:46.7203011Z  * [new tag]             0.0.62                 -> 0.0.62
handle-success	Checkout code	2026-02-26T14:59:46.7203399Z  * [new tag]             0.0.63                 -> 0.0.63
handle-success	Checkout code	2026-02-26T14:59:46.7204090Z  * [new tag]             0.0.64                 -> 0.0.64
handle-success	Checkout code	2026-02-26T14:59:46.7205030Z  * [new tag]             0.0.65                 -> 0.0.65
handle-success	Checkout code	2026-02-26T14:59:46.7205553Z  * [new tag]             0.0.66                 -> 0.0.66
handle-success	Checkout code	2026-02-26T14:59:46.7205943Z  * [new tag]             0.0.67                 -> 0.0.67
handle-success	Checkout code	2026-02-26T14:59:46.7206332Z  * [new tag]             0.0.68                 -> 0.0.68
handle-success	Checkout code	2026-02-26T14:59:46.7206716Z  * [new tag]             0.0.69                 -> 0.0.69
handle-success	Checkout code	2026-02-26T14:59:46.7207104Z  * [new tag]             0.0.7                  -> 0.0.7
handle-success	Checkout code	2026-02-26T14:59:46.7207491Z  * [new tag]             0.0.70                 -> 0.0.70
handle-success	Checkout code	2026-02-26T14:59:46.7207881Z  * [new tag]             0.0.71                 -> 0.0.71
handle-success	Checkout code	2026-02-26T14:59:46.7208266Z  * [new tag]             0.0.72                 -> 0.0.72
handle-success	Checkout code	2026-02-26T14:59:46.7208646Z  * [new tag]             0.0.73                 -> 0.0.73
handle-success	Checkout code	2026-02-26T14:59:46.7209036Z  * [new tag]             0.0.74                 -> 0.0.74
handle-success	Checkout code	2026-02-26T14:59:46.7209659Z  * [new tag]             0.0.75                 -> 0.0.75
handle-success	Checkout code	2026-02-26T14:59:46.7210052Z  * [new tag]             0.0.76                 -> 0.0.76
handle-success	Checkout code	2026-02-26T14:59:46.7210442Z  * [new tag]             0.0.77                 -> 0.0.77
handle-success	Checkout code	2026-02-26T14:59:46.7210823Z  * [new tag]             0.0.78                 -> 0.0.78
handle-success	Checkout code	2026-02-26T14:59:46.7211212Z  * [new tag]             0.0.79                 -> 0.0.79
handle-success	Checkout code	2026-02-26T14:59:46.7211601Z  * [new tag]             0.0.8                  -> 0.0.8
handle-success	Checkout code	2026-02-26T14:59:46.7211986Z  * [new tag]             0.0.80                 -> 0.0.80
handle-success	Checkout code	2026-02-26T14:59:46.7212373Z  * [new tag]             0.0.81                 -> 0.0.81
handle-success	Checkout code	2026-02-26T14:59:46.7212758Z  * [new tag]             0.0.82                 -> 0.0.82
handle-success	Checkout code	2026-02-26T14:59:46.7213149Z  * [new tag]             0.0.83                 -> 0.0.83
handle-success	Checkout code	2026-02-26T14:59:46.7213537Z  * [new tag]             0.0.84                 -> 0.0.84
handle-success	Checkout code	2026-02-26T14:59:46.7213925Z  * [new tag]             0.0.85                 -> 0.0.85
handle-success	Checkout code	2026-02-26T14:59:46.7214545Z  * [new tag]             0.0.86                 -> 0.0.86
handle-success	Checkout code	2026-02-26T14:59:46.7215383Z  * [new tag]             0.0.87                 -> 0.0.87
handle-success	Checkout code	2026-02-26T14:59:46.7215771Z  * [new tag]             0.0.88                 -> 0.0.88
handle-success	Checkout code	2026-02-26T14:59:46.7216162Z  * [new tag]             0.0.89                 -> 0.0.89
handle-success	Checkout code	2026-02-26T14:59:46.7216552Z  * [new tag]             0.0.9                  -> 0.0.9
handle-success	Checkout code	2026-02-26T14:59:46.7216935Z  * [new tag]             0.0.90                 -> 0.0.90
handle-success	Checkout code	2026-02-26T14:59:46.7217322Z  * [new tag]             0.0.91                 -> 0.0.91
handle-success	Checkout code	2026-02-26T14:59:46.7217709Z  * [new tag]             0.0.92                 -> 0.0.92
handle-success	Checkout code	2026-02-26T14:59:46.7218101Z  * [new tag]             0.0.93                 -> 0.0.93
handle-success	Checkout code	2026-02-26T14:59:46.7218490Z  * [new tag]             0.0.94                 -> 0.0.94
handle-success	Checkout code	2026-02-26T14:59:46.7218876Z  * [new tag]             0.0.95                 -> 0.0.95
handle-success	Checkout code	2026-02-26T14:59:46.7219273Z  * [new tag]             0.0.96                 -> 0.0.96
handle-success	Checkout code	2026-02-26T14:59:46.7219957Z  * [new tag]             0.0.97                 -> 0.0.97
handle-success	Checkout code	2026-02-26T14:59:46.7220485Z  * [new tag]             0.0.98                 -> 0.0.98
handle-success	Checkout code	2026-02-26T14:59:46.7220998Z  * [new tag]             0.0.99                 -> 0.0.99
handle-success	Checkout code	2026-02-26T14:59:46.7221394Z  * [new tag]             0.1.0                  -> 0.1.0
handle-success	Checkout code	2026-02-26T14:59:46.7221780Z  * [new tag]             0.1.1                  -> 0.1.1
handle-success	Checkout code	2026-02-26T14:59:46.7222165Z  * [new tag]             0.2.0                  -> 0.2.0
handle-success	Checkout code	2026-02-26T14:59:46.7222552Z  * [new tag]             0.3.0                  -> 0.3.0
handle-success	Checkout code	2026-02-26T14:59:46.7223224Z  * [new tag]             0.3.1                  -> 0.3.1
handle-success	Checkout code	2026-02-26T14:59:46.7223671Z  * [new tag]             0.3.10                 -> 0.3.10
handle-success	Checkout code	2026-02-26T14:59:46.7224084Z  * [new tag]             0.3.11                 -> 0.3.11
handle-success	Checkout code	2026-02-26T14:59:46.7224490Z  * [new tag]             0.3.12                 -> 0.3.12
handle-success	Checkout code	2026-02-26T14:59:46.7225115Z  * [new tag]             0.3.13                 -> 0.3.13
handle-success	Checkout code	2026-02-26T14:59:46.7225533Z  * [new tag]             0.3.14                 -> 0.3.14
handle-success	Checkout code	2026-02-26T14:59:46.7225948Z  * [new tag]             0.3.15                 -> 0.3.15
handle-success	Checkout code	2026-02-26T14:59:46.7226627Z  * [new tag]             0.3.16                 -> 0.3.16
handle-success	Checkout code	2026-02-26T14:59:46.7227055Z  * [new tag]             0.3.17                 -> 0.3.17
handle-success	Checkout code	2026-02-26T14:59:46.7227575Z  * [new tag]             0.3.2                  -> 0.3.2
handle-success	Checkout code	2026-02-26T14:59:46.7227963Z  * [new tag]             0.3.3                  -> 0.3.3
handle-success	Checkout code	2026-02-26T14:59:46.7228348Z  * [new tag]             0.3.4                  -> 0.3.4
handle-success	Checkout code	2026-02-26T14:59:46.7228728Z  * [new tag]             0.3.5                  -> 0.3.5
handle-success	Checkout code	2026-02-26T14:59:46.7229114Z  * [new tag]             0.3.6                  -> 0.3.6
handle-success	Checkout code	2026-02-26T14:59:46.7229500Z  * [new tag]             0.3.7                  -> 0.3.7
handle-success	Checkout code	2026-02-26T14:59:46.7229892Z  * [new tag]             0.3.8                  -> 0.3.8
handle-success	Checkout code	2026-02-26T14:59:46.7230537Z  * [new tag]             0.3.9                  -> 0.3.9
handle-success	Checkout code	2026-02-26T14:59:46.7230921Z  * [new tag]             0.4.0                  -> 0.4.0
handle-success	Checkout code	2026-02-26T14:59:46.7231309Z  * [new tag]             0.4.1                  -> 0.4.1
handle-success	Checkout code	2026-02-26T14:59:46.7231694Z  * [new tag]             0.4.2                  -> 0.4.2
handle-success	Checkout code	2026-02-26T14:59:46.7232080Z  * [new tag]             0.4.3                  -> 0.4.3
handle-success	Checkout code	2026-02-26T14:59:46.7232461Z  * [new tag]             0.4.4                  -> 0.4.4
handle-success	Checkout code	2026-02-26T14:59:46.7232849Z  * [new tag]             0.4.5                  -> 0.4.5
handle-success	Checkout code	2026-02-26T14:59:46.7233234Z  * [new tag]             0.4.6                  -> 0.4.6
handle-success	Checkout code	2026-02-26T14:59:46.7233618Z  * [new tag]             0.4.7                  -> 0.4.7
handle-success	Checkout code	2026-02-26T14:59:46.7234147Z  * [new tag]             0.4.8                  -> 0.4.8
handle-success	Checkout code	2026-02-26T14:59:46.7234848Z  * [new tag]             0.4.9                  -> 0.4.9
handle-success	Checkout code	2026-02-26T14:59:46.7235381Z  * [new tag]             0.5.0                  -> 0.5.0
handle-success	Checkout code	2026-02-26T14:59:46.7236046Z  * [new tag]             0.5.1                  -> 0.5.1
handle-success	Checkout code	2026-02-26T14:59:46.7236443Z  * [new tag]             0.5.2                  -> 0.5.2
handle-success	Checkout code	2026-02-26T14:59:46.7236838Z  * [new tag]             0.6.0                  -> 0.6.0
handle-success	Checkout code	2026-02-26T14:59:46.7237370Z  * [new tag]             0.6.1                  -> 0.6.1
handle-success	Checkout code	2026-02-26T14:59:46.7238038Z  * [new tag]             0.6.2                  -> 0.6.2
handle-success	Checkout code	2026-02-26T14:59:46.7238832Z  * [new tag]             0.6.3                  -> 0.6.3
handle-success	Checkout code	2026-02-26T14:59:46.7239224Z  * [new tag]             0.6.4                  -> 0.6.4
handle-success	Checkout code	2026-02-26T14:59:46.7239737Z  * [new tag]             0.6.5                  -> 0.6.5
handle-success	Checkout code	2026-02-26T14:59:46.7240123Z  * [new tag]             0.6.6                  -> 0.6.6
handle-success	Checkout code	2026-02-26T14:59:46.7469745Z [command]/usr/bin/git branch --list --remote origin/main
handle-success	Checkout code	2026-02-26T14:59:46.7551067Z   origin/main
handle-success	Checkout code	2026-02-26T14:59:46.7563242Z [command]/usr/bin/git rev-parse refs/remotes/origin/main
handle-success	Checkout code	2026-02-26T14:59:46.7592974Z b0283820bffa070ef95e155a1165684e5a67e31f
handle-success	Checkout code	2026-02-26T14:59:46.7606561Z [command]/usr/bin/git -c protocol.version=2 fetch --no-tags --prune --no-recurse-submodules origin +20d66f4e07aa8d14daede48f1b792a6e9b9caf49:refs/remotes/origin/main
handle-success	Checkout code	2026-02-26T14:59:46.7790723Z From https://github.com/Ka0s-Klaus/ka0s
handle-success	Checkout code	2026-02-26T14:59:46.7791510Z  + b0283820b...20d66f4e0 20d66f4e07aa8d14daede48f1b792a6e9b9caf49 -> origin/main  (forced update)
handle-success	Checkout code	2026-02-26T14:59:46.7828684Z ##[endgroup]
handle-success	Checkout code	2026-02-26T14:59:46.7829353Z ##[group]Determining the checkout info
handle-success	Checkout code	2026-02-26T14:59:46.7829983Z ##[endgroup]
handle-success	Checkout code	2026-02-26T14:59:46.7835717Z [command]/usr/bin/git sparse-checkout disable
handle-success	Checkout code	2026-02-26T14:59:46.7886544Z [command]/usr/bin/git config --local --unset-all extensions.worktreeConfig
handle-success	Checkout code	2026-02-26T14:59:46.7926173Z ##[group]Checking out the ref
handle-success	Checkout code	2026-02-26T14:59:46.7929081Z [command]/usr/bin/git checkout --progress --force -B main refs/remotes/origin/main
handle-success	Checkout code	2026-02-26T14:59:47.0542676Z Switched to a new branch 'main'
handle-success	Checkout code	2026-02-26T14:59:47.0546901Z branch 'main' set up to track 'origin/main'.
handle-success	Checkout code	2026-02-26T14:59:47.0593835Z ##[endgroup]
handle-success	Checkout code	2026-02-26T14:59:47.0651599Z [command]/usr/bin/git log -1 --format=%H
handle-success	Checkout code	2026-02-26T14:59:47.0684646Z 20d66f4e07aa8d14daede48f1b792a6e9b9caf49
handle-success	handle-success-execution	Ôªø2026-02-26T14:59:47.0934938Z ##[group]Run echo "Process completed successfully 22447556471"
handle-success	handle-success-execution	2026-02-26T14:59:47.0935665Z [36;1mecho "Process completed successfully 22447556471"[0m
handle-success	handle-success-execution	2026-02-26T14:59:47.0952407Z shell: /usr/bin/bash -e {0}
handle-success	handle-success-execution	2026-02-26T14:59:47.0952695Z env:
handle-success	handle-success-execution	2026-02-26T14:59:47.0952893Z   PYTHON_VERSION: 3.9
handle-success	handle-success-execution	2026-02-26T14:59:47.0954013Z   MONGO_SUPERUSER_CONNECTION: ***
handle-success	handle-success-execution	2026-02-26T14:59:47.0954412Z   MONGO_NEW_PASS: ***
handle-success	handle-success-execution	2026-02-26T14:59:47.0955179Z   MONGO_SCRIPT_CREATE: devops/core/mongo/scripts/mongodb_status_report.py
handle-success	handle-success-execution	2026-02-26T14:59:47.0955575Z   KAOS_CODE: 22447556471
handle-success	handle-success-execution	2026-02-26T14:59:47.0955797Z   REPORT_SCAN: audit/
handle-success	handle-success-execution	2026-02-26T14:59:47.0956014Z   REPORT_PATH: audit/mongodb/
handle-success	handle-success-execution	2026-02-26T14:59:47.0956270Z   REPORT_FILENAME: 22447556471.json
handle-success	handle-success-execution	2026-02-26T14:59:47.0956882Z   KAOS_MODULE: [Ka0s] Status MongDB Report
handle-success	handle-success-execution	2026-02-26T14:59:47.0957276Z   GH_TOKEN: ***
handle-success	handle-success-execution	2026-02-26T14:59:47.0957476Z ##[endgroup]
handle-success	handle-success-execution	2026-02-26T14:59:47.1022842Z Process completed successfully 22447556471
handle-success	Post Checkout code	Ôªø2026-02-26T14:59:47.1157334Z Post job cleanup.
handle-success	Post Checkout code	2026-02-26T14:59:47.2219732Z [command]/usr/bin/git version
handle-success	Post Checkout code	2026-02-26T14:59:47.2267890Z git version 2.53.0
handle-success	Post Checkout code	2026-02-26T14:59:47.2318896Z Temporarily overriding HOME='/home/runner/_work/_temp/b327d2bc-9dc4-41cc-a972-f85c8a6427aa' before making global git config changes
handle-success	Post Checkout code	2026-02-26T14:59:47.2319957Z Adding repository directory to the temporary git global config as a safe directory
handle-success	Post Checkout code	2026-02-26T14:59:47.2325313Z [command]/usr/bin/git config --global --add safe.directory /home/runner/_work/ka0s/ka0s
handle-success	Post Checkout code	2026-02-26T14:59:47.2373261Z [command]/usr/bin/git config --local --name-only --get-regexp core\.sshCommand
handle-success	Post Checkout code	2026-02-26T14:59:47.2424320Z [command]/usr/bin/git submodule foreach --recursive sh -c "git config --local --name-only --get-regexp 'core\.sshCommand' && git config --local --unset-all 'core.sshCommand' || :"
handle-success	Post Checkout code	2026-02-26T14:59:47.2782601Z [command]/usr/bin/git config --local --name-only --get-regexp http\.https\:\/\/github\.com\/\.extraheader
handle-success	Post Checkout code	2026-02-26T14:59:47.2816070Z http.https://github.com/.extraheader
handle-success	Post Checkout code	2026-02-26T14:59:47.2833439Z [command]/usr/bin/git config --local --unset-all http.https://github.com/.extraheader
handle-success	Post Checkout code	2026-02-26T14:59:47.2880365Z [command]/usr/bin/git submodule foreach --recursive sh -c "git config --local --name-only --get-regexp 'http\.https\:\/\/github\.com\/\.extraheader' && git config --local --unset-all 'http.https://github.com/.extraheader' || :"
handle-success	Post Checkout code	2026-02-26T14:59:47.3260606Z [command]/usr/bin/git config --local --name-only --get-regexp ^includeIf\.gitdir:
handle-success	Post Checkout code	2026-02-26T14:59:47.3307173Z [command]/usr/bin/git submodule foreach --recursive git config --local --show-origin --name-only --get-regexp remote.origin.url
handle-success	Complete job	Ôªø2026-02-26T14:59:47.3797380Z Cleaning up orphan processes
end-workflow	Set up job	Ôªø2026-02-26T15:00:00.7563826Z Current runner version: '2.332.0'
end-workflow	Set up job	2026-02-26T15:00:00.7575181Z Runner name: 'swarm-runners-scaleset-hkss5-runner-r2q54'
end-workflow	Set up job	2026-02-26T15:00:00.7576219Z Runner group name: 'Default'
end-workflow	Set up job	2026-02-26T15:00:00.7577485Z Machine name: 'swarm-runners-scaleset-hkss5-runner-r2q54'
end-workflow	Set up job	2026-02-26T15:00:00.7581272Z ##[group]GITHUB_TOKEN Permissions
end-workflow	Set up job	2026-02-26T15:00:00.7584215Z Actions: write
end-workflow	Set up job	2026-02-26T15:00:00.7589963Z Contents: write
end-workflow	Set up job	2026-02-26T15:00:00.7590659Z Issues: write
end-workflow	Set up job	2026-02-26T15:00:00.7591215Z Metadata: read
end-workflow	Set up job	2026-02-26T15:00:00.7591976Z PullRequests: write
end-workflow	Set up job	2026-02-26T15:00:00.7592622Z ##[endgroup]
end-workflow	Set up job	2026-02-26T15:00:00.7596138Z Secret source: Actions
end-workflow	Set up job	2026-02-26T15:00:00.7596950Z Prepare workflow directory
end-workflow	Set up job	2026-02-26T15:00:00.8230440Z Prepare all required actions
end-workflow	Set up job	2026-02-26T15:00:00.8285755Z Getting action download info
end-workflow	Set up job	2026-02-26T15:00:01.4157149Z Download action repository 'actions/checkout@v4' (SHA:34e114876b0b11c390a56381ad16ebd13914f8d5)
end-workflow	Set up job	2026-02-26T15:00:02.3719592Z Complete job name: end-workflow
end-workflow	Checkout repository	Ôªø2026-02-26T15:00:02.4517066Z ##[group]Run actions/checkout@v4
end-workflow	Checkout repository	2026-02-26T15:00:02.4518285Z with:
end-workflow	Checkout repository	2026-02-26T15:00:02.4518774Z   fetch-depth: 0
end-workflow	Checkout repository	2026-02-26T15:00:02.4519286Z   repository: Ka0s-Klaus/ka0s
end-workflow	Checkout repository	2026-02-26T15:00:02.4520150Z   token: ***
end-workflow	Checkout repository	2026-02-26T15:00:02.4520627Z   ssh-strict: true
end-workflow	Checkout repository	2026-02-26T15:00:02.4521125Z   ssh-user: git
end-workflow	Checkout repository	2026-02-26T15:00:02.4521613Z   persist-credentials: true
end-workflow	Checkout repository	2026-02-26T15:00:02.4522153Z   clean: true
end-workflow	Checkout repository	2026-02-26T15:00:02.4522646Z   sparse-checkout-cone-mode: true
end-workflow	Checkout repository	2026-02-26T15:00:02.4523243Z   fetch-tags: false
end-workflow	Checkout repository	2026-02-26T15:00:02.4523738Z   show-progress: true
end-workflow	Checkout repository	2026-02-26T15:00:02.4524231Z   lfs: false
end-workflow	Checkout repository	2026-02-26T15:00:02.4524902Z   submodules: false
end-workflow	Checkout repository	2026-02-26T15:00:02.4525441Z   set-safe-directory: true
end-workflow	Checkout repository	2026-02-26T15:00:02.4526306Z env:
end-workflow	Checkout repository	2026-02-26T15:00:02.4526763Z   PYTHON_VERSION: 3.9
end-workflow	Checkout repository	2026-02-26T15:00:02.4528294Z   MONGO_SUPERUSER_CONNECTION: ***
end-workflow	Checkout repository	2026-02-26T15:00:02.4529085Z   MONGO_NEW_PASS: ***
end-workflow	Checkout repository	2026-02-26T15:00:02.4529806Z   MONGO_SCRIPT_CREATE: devops/core/mongo/scripts/mongodb_status_report.py
end-workflow	Checkout repository	2026-02-26T15:00:02.4530729Z   KAOS_CODE: 22447556471
end-workflow	Checkout repository	2026-02-26T15:00:02.4531245Z   REPORT_SCAN: audit/
end-workflow	Checkout repository	2026-02-26T15:00:02.4531748Z   REPORT_PATH: audit/mongodb/
end-workflow	Checkout repository	2026-02-26T15:00:02.4532306Z   REPORT_FILENAME: 22447556471.json
end-workflow	Checkout repository	2026-02-26T15:00:02.4532911Z   KAOS_MODULE: [Ka0s] Status MongDB Report
end-workflow	Checkout repository	2026-02-26T15:00:02.4533514Z ##[endgroup]
end-workflow	Checkout repository	2026-02-26T15:00:02.5862651Z Syncing repository: Ka0s-Klaus/ka0s
end-workflow	Checkout repository	2026-02-26T15:00:02.5865560Z ##[group]Getting Git version info
end-workflow	Checkout repository	2026-02-26T15:00:02.5866580Z Working directory is '/home/runner/_work/ka0s/ka0s'
end-workflow	Checkout repository	2026-02-26T15:00:02.5867732Z [command]/usr/bin/git version
end-workflow	Checkout repository	2026-02-26T15:00:02.5868981Z git version 2.53.0
end-workflow	Checkout repository	2026-02-26T15:00:02.5911222Z ##[endgroup]
end-workflow	Checkout repository	2026-02-26T15:00:02.5928840Z Temporarily overriding HOME='/home/runner/_work/_temp/f90157cf-3af4-463f-bc5e-118789931ca9' before making global git config changes
end-workflow	Checkout repository	2026-02-26T15:00:02.5935882Z Adding repository directory to the temporary git global config as a safe directory
end-workflow	Checkout repository	2026-02-26T15:00:02.5943508Z [command]/usr/bin/git config --global --add safe.directory /home/runner/_work/ka0s/ka0s
end-workflow	Checkout repository	2026-02-26T15:00:02.5999650Z Deleting the contents of '/home/runner/_work/ka0s/ka0s'
end-workflow	Checkout repository	2026-02-26T15:00:02.6028008Z ##[group]Initializing the repository
end-workflow	Checkout repository	2026-02-26T15:00:02.6029145Z [command]/usr/bin/git init /home/runner/_work/ka0s/ka0s
end-workflow	Checkout repository	2026-02-26T15:00:02.6083986Z hint: Using 'master' as the name for the initial branch. This default branch name
end-workflow	Checkout repository	2026-02-26T15:00:02.6086297Z hint: will change to "main" in Git 3.0. To configure the initial branch name
end-workflow	Checkout repository	2026-02-26T15:00:02.6088482Z hint: to use in all of your new repositories, which will suppress this warning,
end-workflow	Checkout repository	2026-02-26T15:00:02.6089915Z hint: call:
end-workflow	Checkout repository	2026-02-26T15:00:02.6091702Z hint:
end-workflow	Checkout repository	2026-02-26T15:00:02.6092337Z hint: 	git config --global init.defaultBranch <name>
end-workflow	Checkout repository	2026-02-26T15:00:02.6093015Z hint:
end-workflow	Checkout repository	2026-02-26T15:00:02.6093666Z hint: Names commonly chosen instead of 'master' are 'main', 'trunk' and
end-workflow	Checkout repository	2026-02-26T15:00:02.6098189Z hint: 'development'. The just-created branch can be renamed via this command:
end-workflow	Checkout repository	2026-02-26T15:00:02.6103129Z hint:
end-workflow	Checkout repository	2026-02-26T15:00:02.6103626Z hint: 	git branch -m <name>
end-workflow	Checkout repository	2026-02-26T15:00:02.6104179Z hint:
end-workflow	Checkout repository	2026-02-26T15:00:02.6105023Z hint: Disable this message with "git config set advice.defaultBranchName false"
end-workflow	Checkout repository	2026-02-26T15:00:02.6106151Z Initialized empty Git repository in /home/runner/_work/ka0s/ka0s/.git/
end-workflow	Checkout repository	2026-02-26T15:00:02.6108235Z [command]/usr/bin/git remote add origin https://github.com/Ka0s-Klaus/ka0s
end-workflow	Checkout repository	2026-02-26T15:00:02.6147598Z ##[endgroup]
end-workflow	Checkout repository	2026-02-26T15:00:02.6148997Z ##[group]Disabling automatic garbage collection
end-workflow	Checkout repository	2026-02-26T15:00:02.6150709Z [command]/usr/bin/git config --local gc.auto 0
end-workflow	Checkout repository	2026-02-26T15:00:02.6193309Z ##[endgroup]
end-workflow	Checkout repository	2026-02-26T15:00:02.6195011Z ##[group]Setting up auth
end-workflow	Checkout repository	2026-02-26T15:00:02.6199840Z [command]/usr/bin/git config --local --name-only --get-regexp core\.sshCommand
end-workflow	Checkout repository	2026-02-26T15:00:02.6253139Z [command]/usr/bin/git submodule foreach --recursive sh -c "git config --local --name-only --get-regexp 'core\.sshCommand' && git config --local --unset-all 'core.sshCommand' || :"
end-workflow	Checkout repository	2026-02-26T15:00:02.6650663Z [command]/usr/bin/git config --local --name-only --get-regexp http\.https\:\/\/github\.com\/\.extraheader
end-workflow	Checkout repository	2026-02-26T15:00:02.6696242Z [command]/usr/bin/git submodule foreach --recursive sh -c "git config --local --name-only --get-regexp 'http\.https\:\/\/github\.com\/\.extraheader' && git config --local --unset-all 'http.https://github.com/.extraheader' || :"
end-workflow	Checkout repository	2026-02-26T15:00:02.7042859Z [command]/usr/bin/git config --local --name-only --get-regexp ^includeIf\.gitdir:
end-workflow	Checkout repository	2026-02-26T15:00:02.7091551Z [command]/usr/bin/git submodule foreach --recursive git config --local --show-origin --name-only --get-regexp remote.origin.url
end-workflow	Checkout repository	2026-02-26T15:00:02.7472710Z [command]/usr/bin/git config --local http.https://github.com/.extraheader AUTHORIZATION: basic ***
end-workflow	Checkout repository	2026-02-26T15:00:02.7536889Z ##[endgroup]
end-workflow	Checkout repository	2026-02-26T15:00:02.7538357Z ##[group]Fetching the repository
end-workflow	Checkout repository	2026-02-26T15:00:02.7545902Z [command]/usr/bin/git -c protocol.version=2 fetch --prune --no-recurse-submodules origin +refs/heads/*:refs/remotes/origin/* +refs/tags/*:refs/tags/*
end-workflow	Checkout repository	2026-02-26T15:00:26.0756258Z From https://github.com/Ka0s-Klaus/ka0s
end-workflow	Checkout repository	2026-02-26T15:00:26.0757179Z  * [new branch]          F3450-modelo-operativo -> origin/F3450-modelo-operativo
end-workflow	Checkout repository	2026-02-26T15:00:26.0757907Z  * [new branch]          H1276-modulo-observabilidad -> origin/H1276-modulo-observabilidad
end-workflow	Checkout repository	2026-02-26T15:00:26.0758572Z  * [new branch]          H3596-deploy-itop      -> origin/H3596-deploy-itop
end-workflow	Checkout repository	2026-02-26T15:00:26.0759332Z  * [new branch]          H4170-flujo-detallado-zabbix---github -> origin/H4170-flujo-detallado-zabbix---github
end-workflow	Checkout repository	2026-02-26T15:00:26.0760098Z  * [new branch]          H4191-request-cambios  -> origin/H4191-request-cambios
end-workflow	Checkout repository	2026-02-26T15:00:26.0760940Z  * [new branch]          H4200-request-recomendaciones-de-auditoria -> origin/H4200-request-recomendaciones-de-auditoria
end-workflow	Checkout repository	2026-02-26T15:00:26.0761681Z  * [new branch]          main                   -> origin/main
end-workflow	Checkout repository	2026-02-26T15:00:26.0762175Z  * [new tag]             0.0.0                  -> 0.0.0
end-workflow	Checkout repository	2026-02-26T15:00:26.0762748Z  * [new tag]             0.0.1                  -> 0.0.1
end-workflow	Checkout repository	2026-02-26T15:00:26.0763203Z  * [new tag]             0.0.10                 -> 0.0.10
end-workflow	Checkout repository	2026-02-26T15:00:26.0763688Z  * [new tag]             0.0.100                -> 0.0.100
end-workflow	Checkout repository	2026-02-26T15:00:26.0764116Z  * [new tag]             0.0.101                -> 0.0.101
end-workflow	Checkout repository	2026-02-26T15:00:26.0783464Z  * [new tag]             0.0.102                -> 0.0.102
end-workflow	Checkout repository	2026-02-26T15:00:26.0784253Z  * [new tag]             0.0.103                -> 0.0.103
end-workflow	Checkout repository	2026-02-26T15:00:26.0784875Z  * [new tag]             0.0.104                -> 0.0.104
end-workflow	Checkout repository	2026-02-26T15:00:26.0785336Z  * [new tag]             0.0.105                -> 0.0.105
end-workflow	Checkout repository	2026-02-26T15:00:26.0785774Z  * [new tag]             0.0.106                -> 0.0.106
end-workflow	Checkout repository	2026-02-26T15:00:26.0786205Z  * [new tag]             0.0.107                -> 0.0.107
end-workflow	Checkout repository	2026-02-26T15:00:26.0786633Z  * [new tag]             0.0.108                -> 0.0.108
end-workflow	Checkout repository	2026-02-26T15:00:26.0788008Z  * [new tag]             0.0.109                -> 0.0.109
end-workflow	Checkout repository	2026-02-26T15:00:26.0788457Z  * [new tag]             0.0.11                 -> 0.0.11
end-workflow	Checkout repository	2026-02-26T15:00:26.0788939Z  * [new tag]             0.0.110                -> 0.0.110
end-workflow	Checkout repository	2026-02-26T15:00:26.0789371Z  * [new tag]             0.0.111                -> 0.0.111
end-workflow	Checkout repository	2026-02-26T15:00:26.0789806Z  * [new tag]             0.0.112                -> 0.0.112
end-workflow	Checkout repository	2026-02-26T15:00:26.0790223Z  * [new tag]             0.0.113                -> 0.0.113
end-workflow	Checkout repository	2026-02-26T15:00:26.0790660Z  * [new tag]             0.0.114                -> 0.0.114
end-workflow	Checkout repository	2026-02-26T15:00:26.0791106Z  * [new tag]             0.0.115                -> 0.0.115
end-workflow	Checkout repository	2026-02-26T15:00:26.0791529Z  * [new tag]             0.0.116                -> 0.0.116
end-workflow	Checkout repository	2026-02-26T15:00:26.0792085Z  * [new tag]             0.0.117                -> 0.0.117
end-workflow	Checkout repository	2026-02-26T15:00:26.0792643Z  * [new tag]             0.0.118                -> 0.0.118
end-workflow	Checkout repository	2026-02-26T15:00:26.0793091Z  * [new tag]             0.0.119                -> 0.0.119
end-workflow	Checkout repository	2026-02-26T15:00:26.0793938Z  * [new tag]             0.0.12                 -> 0.0.12
end-workflow	Checkout repository	2026-02-26T15:00:26.0794363Z  * [new tag]             0.0.120                -> 0.0.120
end-workflow	Checkout repository	2026-02-26T15:00:26.0794974Z  * [new tag]             0.0.121                -> 0.0.121
end-workflow	Checkout repository	2026-02-26T15:00:26.0795400Z  * [new tag]             0.0.122                -> 0.0.122
end-workflow	Checkout repository	2026-02-26T15:00:26.0795810Z  * [new tag]             0.0.123                -> 0.0.123
end-workflow	Checkout repository	2026-02-26T15:00:26.0796229Z  * [new tag]             0.0.124                -> 0.0.124
end-workflow	Checkout repository	2026-02-26T15:00:26.0796646Z  * [new tag]             0.0.125                -> 0.0.125
end-workflow	Checkout repository	2026-02-26T15:00:26.0797064Z  * [new tag]             0.0.126                -> 0.0.126
end-workflow	Checkout repository	2026-02-26T15:00:26.0797484Z  * [new tag]             0.0.127                -> 0.0.127
end-workflow	Checkout repository	2026-02-26T15:00:26.0797904Z  * [new tag]             0.0.128                -> 0.0.128
end-workflow	Checkout repository	2026-02-26T15:00:26.0798317Z  * [new tag]             0.0.129                -> 0.0.129
end-workflow	Checkout repository	2026-02-26T15:00:26.0798736Z  * [new tag]             0.0.13                 -> 0.0.13
end-workflow	Checkout repository	2026-02-26T15:00:26.0799206Z  * [new tag]             0.0.130                -> 0.0.130
end-workflow	Checkout repository	2026-02-26T15:00:26.0799621Z  * [new tag]             0.0.131                -> 0.0.131
end-workflow	Checkout repository	2026-02-26T15:00:26.0800034Z  * [new tag]             0.0.132                -> 0.0.132
end-workflow	Checkout repository	2026-02-26T15:00:26.0800447Z  * [new tag]             0.0.133                -> 0.0.133
end-workflow	Checkout repository	2026-02-26T15:00:26.0800858Z  * [new tag]             0.0.134                -> 0.0.134
end-workflow	Checkout repository	2026-02-26T15:00:26.0801273Z  * [new tag]             0.0.135                -> 0.0.135
end-workflow	Checkout repository	2026-02-26T15:00:26.0880295Z  * [new tag]             0.0.136                -> 0.0.136
end-workflow	Checkout repository	2026-02-26T15:00:26.0881251Z  * [new tag]             0.0.137                -> 0.0.137
end-workflow	Checkout repository	2026-02-26T15:00:26.0881694Z  * [new tag]             0.0.138                -> 0.0.138
end-workflow	Checkout repository	2026-02-26T15:00:26.0882111Z  * [new tag]             0.0.139                -> 0.0.139
end-workflow	Checkout repository	2026-02-26T15:00:26.0882528Z  * [new tag]             0.0.14                 -> 0.0.14
end-workflow	Checkout repository	2026-02-26T15:00:26.0883036Z  * [new tag]             0.0.140                -> 0.0.140
end-workflow	Checkout repository	2026-02-26T15:00:26.0883456Z  * [new tag]             0.0.141                -> 0.0.141
end-workflow	Checkout repository	2026-02-26T15:00:26.0883874Z  * [new tag]             0.0.142                -> 0.0.142
end-workflow	Checkout repository	2026-02-26T15:00:26.0884296Z  * [new tag]             0.0.143                -> 0.0.143
end-workflow	Checkout repository	2026-02-26T15:00:26.0885168Z  * [new tag]             0.0.144                -> 0.0.144
end-workflow	Checkout repository	2026-02-26T15:00:26.0885589Z  * [new tag]             0.0.145                -> 0.0.145
end-workflow	Checkout repository	2026-02-26T15:00:26.0885996Z  * [new tag]             0.0.146                -> 0.0.146
end-workflow	Checkout repository	2026-02-26T15:00:26.0886408Z  * [new tag]             0.0.147                -> 0.0.147
end-workflow	Checkout repository	2026-02-26T15:00:26.0886820Z  * [new tag]             0.0.148                -> 0.0.148
end-workflow	Checkout repository	2026-02-26T15:00:26.0887230Z  * [new tag]             0.0.149                -> 0.0.149
end-workflow	Checkout repository	2026-02-26T15:00:26.0887675Z  * [new tag]             0.0.15                 -> 0.0.15
end-workflow	Checkout repository	2026-02-26T15:00:26.0888191Z  * [new tag]             0.0.150                -> 0.0.150
end-workflow	Checkout repository	2026-02-26T15:00:26.0888947Z  * [new tag]             0.0.151                -> 0.0.151
end-workflow	Checkout repository	2026-02-26T15:00:26.0889365Z  * [new tag]             0.0.152                -> 0.0.152
end-workflow	Checkout repository	2026-02-26T15:00:26.0889783Z  * [new tag]             0.0.153                -> 0.0.153
end-workflow	Checkout repository	2026-02-26T15:00:26.0890205Z  * [new tag]             0.0.154                -> 0.0.154
end-workflow	Checkout repository	2026-02-26T15:00:26.0890628Z  * [new tag]             0.0.155                -> 0.0.155
end-workflow	Checkout repository	2026-02-26T15:00:26.0891053Z  * [new tag]             0.0.156                -> 0.0.156
end-workflow	Checkout repository	2026-02-26T15:00:26.0891471Z  * [new tag]             0.0.157                -> 0.0.157
end-workflow	Checkout repository	2026-02-26T15:00:26.0891893Z  * [new tag]             0.0.158                -> 0.0.158
end-workflow	Checkout repository	2026-02-26T15:00:26.0892322Z  * [new tag]             0.0.159                -> 0.0.159
end-workflow	Checkout repository	2026-02-26T15:00:26.0892750Z  * [new tag]             0.0.16                 -> 0.0.16
end-workflow	Checkout repository	2026-02-26T15:00:26.0893177Z  * [new tag]             0.0.160                -> 0.0.160
end-workflow	Checkout repository	2026-02-26T15:00:26.0893598Z  * [new tag]             0.0.161                -> 0.0.161
end-workflow	Checkout repository	2026-02-26T15:00:26.0894268Z  * [new tag]             0.0.162                -> 0.0.162
end-workflow	Checkout repository	2026-02-26T15:00:26.0895041Z  * [new tag]             0.0.163                -> 0.0.163
end-workflow	Checkout repository	2026-02-26T15:00:26.0895476Z  * [new tag]             0.0.164                -> 0.0.164
end-workflow	Checkout repository	2026-02-26T15:00:26.0895897Z  * [new tag]             0.0.165                -> 0.0.165
end-workflow	Checkout repository	2026-02-26T15:00:26.0896326Z  * [new tag]             0.0.166                -> 0.0.166
end-workflow	Checkout repository	2026-02-26T15:00:26.0896752Z  * [new tag]             0.0.167                -> 0.0.167
end-workflow	Checkout repository	2026-02-26T15:00:26.0897173Z  * [new tag]             0.0.168                -> 0.0.168
end-workflow	Checkout repository	2026-02-26T15:00:26.0897592Z  * [new tag]             0.0.169                -> 0.0.169
end-workflow	Checkout repository	2026-02-26T15:00:26.0898015Z  * [new tag]             0.0.17                 -> 0.0.17
end-workflow	Checkout repository	2026-02-26T15:00:26.0898444Z  * [new tag]             0.0.170                -> 0.0.170
end-workflow	Checkout repository	2026-02-26T15:00:26.0898865Z  * [new tag]             0.0.171                -> 0.0.171
end-workflow	Checkout repository	2026-02-26T15:00:26.0899313Z  * [new tag]             0.0.172                -> 0.0.172
end-workflow	Checkout repository	2026-02-26T15:00:26.0899737Z  * [new tag]             0.0.173                -> 0.0.173
end-workflow	Checkout repository	2026-02-26T15:00:26.0900161Z  * [new tag]             0.0.174                -> 0.0.174
end-workflow	Checkout repository	2026-02-26T15:00:26.0900592Z  * [new tag]             0.0.175                -> 0.0.175
end-workflow	Checkout repository	2026-02-26T15:00:26.0901023Z  * [new tag]             0.0.176                -> 0.0.176
end-workflow	Checkout repository	2026-02-26T15:00:26.0901448Z  * [new tag]             0.0.177                -> 0.0.177
end-workflow	Checkout repository	2026-02-26T15:00:26.0901875Z  * [new tag]             0.0.178                -> 0.0.178
end-workflow	Checkout repository	2026-02-26T15:00:26.0902300Z  * [new tag]             0.0.179                -> 0.0.179
end-workflow	Checkout repository	2026-02-26T15:00:26.0902728Z  * [new tag]             0.0.18                 -> 0.0.18
end-workflow	Checkout repository	2026-02-26T15:00:26.0903162Z  * [new tag]             0.0.19                 -> 0.0.19
end-workflow	Checkout repository	2026-02-26T15:00:26.0903583Z  * [new tag]             0.0.2                  -> 0.0.2
end-workflow	Checkout repository	2026-02-26T15:00:26.0904020Z  * [new tag]             0.0.20                 -> 0.0.20
end-workflow	Checkout repository	2026-02-26T15:00:26.0904469Z  * [new tag]             0.0.21                 -> 0.0.21
end-workflow	Checkout repository	2026-02-26T15:00:26.0904959Z  * [new tag]             0.0.22                 -> 0.0.22
end-workflow	Checkout repository	2026-02-26T15:00:26.0905392Z  * [new tag]             0.0.23                 -> 0.0.23
end-workflow	Checkout repository	2026-02-26T15:00:26.0905820Z  * [new tag]             0.0.24                 -> 0.0.24
end-workflow	Checkout repository	2026-02-26T15:00:26.0906252Z  * [new tag]             0.0.25                 -> 0.0.25
end-workflow	Checkout repository	2026-02-26T15:00:26.0906679Z  * [new tag]             0.0.26                 -> 0.0.26
end-workflow	Checkout repository	2026-02-26T15:00:26.0907101Z  * [new tag]             0.0.27                 -> 0.0.27
end-workflow	Checkout repository	2026-02-26T15:00:26.0907527Z  * [new tag]             0.0.28                 -> 0.0.28
end-workflow	Checkout repository	2026-02-26T15:00:26.0907962Z  * [new tag]             0.0.29                 -> 0.0.29
end-workflow	Checkout repository	2026-02-26T15:00:26.0908395Z  * [new tag]             0.0.3                  -> 0.0.3
end-workflow	Checkout repository	2026-02-26T15:00:26.0908827Z  * [new tag]             0.0.30                 -> 0.0.30
end-workflow	Checkout repository	2026-02-26T15:00:26.0909267Z  * [new tag]             0.0.31                 -> 0.0.31
end-workflow	Checkout repository	2026-02-26T15:00:26.0910039Z  * [new tag]             0.0.32                 -> 0.0.32
end-workflow	Checkout repository	2026-02-26T15:00:26.0910542Z  * [new tag]             0.0.33                 -> 0.0.33
end-workflow	Checkout repository	2026-02-26T15:00:26.0911029Z  * [new tag]             0.0.34                 -> 0.0.34
end-workflow	Checkout repository	2026-02-26T15:00:26.0911484Z  * [new tag]             0.0.35                 -> 0.0.35
end-workflow	Checkout repository	2026-02-26T15:00:26.0911937Z  * [new tag]             0.0.36                 -> 0.0.36
end-workflow	Checkout repository	2026-02-26T15:00:26.0912384Z  * [new tag]             0.0.37                 -> 0.0.37
end-workflow	Checkout repository	2026-02-26T15:00:26.0912825Z  * [new tag]             0.0.38                 -> 0.0.38
end-workflow	Checkout repository	2026-02-26T15:00:26.0913267Z  * [new tag]             0.0.39                 -> 0.0.39
end-workflow	Checkout repository	2026-02-26T15:00:26.0913722Z  * [new tag]             0.0.4                  -> 0.0.4
end-workflow	Checkout repository	2026-02-26T15:00:26.0914167Z  * [new tag]             0.0.40                 -> 0.0.40
end-workflow	Checkout repository	2026-02-26T15:00:26.0914759Z  * [new tag]             0.0.41                 -> 0.0.41
end-workflow	Checkout repository	2026-02-26T15:00:26.0915221Z  * [new tag]             0.0.42                 -> 0.0.42
end-workflow	Checkout repository	2026-02-26T15:00:26.0916233Z  * [new tag]             0.0.43                 -> 0.0.43
end-workflow	Checkout repository	2026-02-26T15:00:26.0916873Z  * [new tag]             0.0.44                 -> 0.0.44
end-workflow	Checkout repository	2026-02-26T15:00:26.0917459Z  * [new tag]             0.0.45                 -> 0.0.45
end-workflow	Checkout repository	2026-02-26T15:00:26.0917893Z  * [new tag]             0.0.46                 -> 0.0.46
end-workflow	Checkout repository	2026-02-26T15:00:26.0918471Z  * [new tag]             0.0.47                 -> 0.0.47
end-workflow	Checkout repository	2026-02-26T15:00:26.0919045Z  * [new tag]             0.0.48                 -> 0.0.48
end-workflow	Checkout repository	2026-02-26T15:00:26.0919489Z  * [new tag]             0.0.49                 -> 0.0.49
end-workflow	Checkout repository	2026-02-26T15:00:26.0920140Z  * [new tag]             0.0.5                  -> 0.0.5
end-workflow	Checkout repository	2026-02-26T15:00:26.0920767Z  * [new tag]             0.0.50                 -> 0.0.50
end-workflow	Checkout repository	2026-02-26T15:00:26.0921211Z  * [new tag]             0.0.51                 -> 0.0.51
end-workflow	Checkout repository	2026-02-26T15:00:26.0921779Z  * [new tag]             0.0.52                 -> 0.0.52
end-workflow	Checkout repository	2026-02-26T15:00:26.0922520Z  * [new tag]             0.0.53                 -> 0.0.53
end-workflow	Checkout repository	2026-02-26T15:00:26.0923375Z  * [new tag]             0.0.54                 -> 0.0.54
end-workflow	Checkout repository	2026-02-26T15:00:26.0924028Z  * [new tag]             0.0.55                 -> 0.0.55
end-workflow	Checkout repository	2026-02-26T15:00:26.0924474Z  * [new tag]             0.0.56                 -> 0.0.56
end-workflow	Checkout repository	2026-02-26T15:00:26.0925018Z  * [new tag]             0.0.57                 -> 0.0.57
end-workflow	Checkout repository	2026-02-26T15:00:26.0925455Z  * [new tag]             0.0.58                 -> 0.0.58
end-workflow	Checkout repository	2026-02-26T15:00:26.0925881Z  * [new tag]             0.0.59                 -> 0.0.59
end-workflow	Checkout repository	2026-02-26T15:00:26.0926299Z  * [new tag]             0.0.6                  -> 0.0.6
end-workflow	Checkout repository	2026-02-26T15:00:26.0926722Z  * [new tag]             0.0.60                 -> 0.0.60
end-workflow	Checkout repository	2026-02-26T15:00:26.0927138Z  * [new tag]             0.0.61                 -> 0.0.61
end-workflow	Checkout repository	2026-02-26T15:00:26.0927557Z  * [new tag]             0.0.62                 -> 0.0.62
end-workflow	Checkout repository	2026-02-26T15:00:26.0927988Z  * [new tag]             0.0.63                 -> 0.0.63
end-workflow	Checkout repository	2026-02-26T15:00:26.0928487Z  * [new tag]             0.0.64                 -> 0.0.64
end-workflow	Checkout repository	2026-02-26T15:00:26.0928914Z  * [new tag]             0.0.65                 -> 0.0.65
end-workflow	Checkout repository	2026-02-26T15:00:26.0929329Z  * [new tag]             0.0.66                 -> 0.0.66
end-workflow	Checkout repository	2026-02-26T15:00:26.0929750Z  * [new tag]             0.0.67                 -> 0.0.67
end-workflow	Checkout repository	2026-02-26T15:00:26.0930177Z  * [new tag]             0.0.68                 -> 0.0.68
end-workflow	Checkout repository	2026-02-26T15:00:26.0930595Z  * [new tag]             0.0.69                 -> 0.0.69
end-workflow	Checkout repository	2026-02-26T15:00:26.0931006Z  * [new tag]             0.0.7                  -> 0.0.7
end-workflow	Checkout repository	2026-02-26T15:00:26.0931419Z  * [new tag]             0.0.70                 -> 0.0.70
end-workflow	Checkout repository	2026-02-26T15:00:26.0931834Z  * [new tag]             0.0.71                 -> 0.0.71
end-workflow	Checkout repository	2026-02-26T15:00:26.0932241Z  * [new tag]             0.0.72                 -> 0.0.72
end-workflow	Checkout repository	2026-02-26T15:00:26.0932658Z  * [new tag]             0.0.73                 -> 0.0.73
end-workflow	Checkout repository	2026-02-26T15:00:26.0933072Z  * [new tag]             0.0.74                 -> 0.0.74
end-workflow	Checkout repository	2026-02-26T15:00:26.0933815Z  * [new tag]             0.0.75                 -> 0.0.75
end-workflow	Checkout repository	2026-02-26T15:00:26.0934226Z  * [new tag]             0.0.76                 -> 0.0.76
end-workflow	Checkout repository	2026-02-26T15:00:26.0934699Z  * [new tag]             0.0.77                 -> 0.0.77
end-workflow	Checkout repository	2026-02-26T15:00:26.0935113Z  * [new tag]             0.0.78                 -> 0.0.78
end-workflow	Checkout repository	2026-02-26T15:00:26.0935529Z  * [new tag]             0.0.79                 -> 0.0.79
end-workflow	Checkout repository	2026-02-26T15:00:26.0935949Z  * [new tag]             0.0.8                  -> 0.0.8
end-workflow	Checkout repository	2026-02-26T15:00:26.0936365Z  * [new tag]             0.0.80                 -> 0.0.80
end-workflow	Checkout repository	2026-02-26T15:00:26.0936786Z  * [new tag]             0.0.81                 -> 0.0.81
end-workflow	Checkout repository	2026-02-26T15:00:26.0937313Z  * [new tag]             0.0.82                 -> 0.0.82
end-workflow	Checkout repository	2026-02-26T15:00:26.0937718Z  * [new tag]             0.0.83                 -> 0.0.83
end-workflow	Checkout repository	2026-02-26T15:00:26.0938120Z  * [new tag]             0.0.84                 -> 0.0.84
end-workflow	Checkout repository	2026-02-26T15:00:26.0938519Z  * [new tag]             0.0.85                 -> 0.0.85
end-workflow	Checkout repository	2026-02-26T15:00:26.0951293Z  * [new tag]             0.0.86                 -> 0.0.86
end-workflow	Checkout repository	2026-02-26T15:00:26.0951749Z  * [new tag]             0.0.87                 -> 0.0.87
end-workflow	Checkout repository	2026-02-26T15:00:26.0952184Z  * [new tag]             0.0.88                 -> 0.0.88
end-workflow	Checkout repository	2026-02-26T15:00:26.0952597Z  * [new tag]             0.0.89                 -> 0.0.89
end-workflow	Checkout repository	2026-02-26T15:00:26.0953016Z  * [new tag]             0.0.9                  -> 0.0.9
end-workflow	Checkout repository	2026-02-26T15:00:26.0953442Z  * [new tag]             0.0.90                 -> 0.0.90
end-workflow	Checkout repository	2026-02-26T15:00:26.0953864Z  * [new tag]             0.0.91                 -> 0.0.91
end-workflow	Checkout repository	2026-02-26T15:00:26.0954285Z  * [new tag]             0.0.92                 -> 0.0.92
end-workflow	Checkout repository	2026-02-26T15:00:26.0954846Z  * [new tag]             0.0.93                 -> 0.0.93
end-workflow	Checkout repository	2026-02-26T15:00:26.0955267Z  * [new tag]             0.0.94                 -> 0.0.94
end-workflow	Checkout repository	2026-02-26T15:00:26.0956105Z  * [new tag]             0.0.95                 -> 0.0.95
end-workflow	Checkout repository	2026-02-26T15:00:26.0956541Z  * [new tag]             0.0.96                 -> 0.0.96
end-workflow	Checkout repository	2026-02-26T15:00:26.0956979Z  * [new tag]             0.0.97                 -> 0.0.97
end-workflow	Checkout repository	2026-02-26T15:00:26.0957391Z  * [new tag]             0.0.98                 -> 0.0.98
end-workflow	Checkout repository	2026-02-26T15:00:26.0957802Z  * [new tag]             0.0.99                 -> 0.0.99
end-workflow	Checkout repository	2026-02-26T15:00:26.0958228Z  * [new tag]             0.1.0                  -> 0.1.0
end-workflow	Checkout repository	2026-02-26T15:00:26.0958638Z  * [new tag]             0.1.1                  -> 0.1.1
end-workflow	Checkout repository	2026-02-26T15:00:26.0959054Z  * [new tag]             0.2.0                  -> 0.2.0
end-workflow	Checkout repository	2026-02-26T15:00:26.0959463Z  * [new tag]             0.3.0                  -> 0.3.0
end-workflow	Checkout repository	2026-02-26T15:00:26.0959867Z  * [new tag]             0.3.1                  -> 0.3.1
end-workflow	Checkout repository	2026-02-26T15:00:26.0960277Z  * [new tag]             0.3.10                 -> 0.3.10
end-workflow	Checkout repository	2026-02-26T15:00:26.0960693Z  * [new tag]             0.3.11                 -> 0.3.11
end-workflow	Checkout repository	2026-02-26T15:00:26.0961105Z  * [new tag]             0.3.12                 -> 0.3.12
end-workflow	Checkout repository	2026-02-26T15:00:26.0961537Z  * [new tag]             0.3.13                 -> 0.3.13
end-workflow	Checkout repository	2026-02-26T15:00:26.0961947Z  * [new tag]             0.3.14                 -> 0.3.14
end-workflow	Checkout repository	2026-02-26T15:00:26.0962356Z  * [new tag]             0.3.15                 -> 0.3.15
end-workflow	Checkout repository	2026-02-26T15:00:26.0962775Z  * [new tag]             0.3.16                 -> 0.3.16
end-workflow	Checkout repository	2026-02-26T15:00:26.0963189Z  * [new tag]             0.3.17                 -> 0.3.17
end-workflow	Checkout repository	2026-02-26T15:00:26.0963630Z  * [new tag]             0.3.2                  -> 0.3.2
end-workflow	Checkout repository	2026-02-26T15:00:26.0981562Z  * [new tag]             0.3.3                  -> 0.3.3
end-workflow	Checkout repository	2026-02-26T15:00:26.0982266Z  * [new tag]             0.3.4                  -> 0.3.4
end-workflow	Checkout repository	2026-02-26T15:00:26.0982693Z  * [new tag]             0.3.5                  -> 0.3.5
end-workflow	Checkout repository	2026-02-26T15:00:26.0983099Z  * [new tag]             0.3.6                  -> 0.3.6
end-workflow	Checkout repository	2026-02-26T15:00:26.0983516Z  * [new tag]             0.3.7                  -> 0.3.7
end-workflow	Checkout repository	2026-02-26T15:00:26.0983923Z  * [new tag]             0.3.8                  -> 0.3.8
end-workflow	Checkout repository	2026-02-26T15:00:26.0984973Z  * [new tag]             0.3.9                  -> 0.3.9
end-workflow	Checkout repository	2026-02-26T15:00:26.0985370Z  * [new tag]             0.4.0                  -> 0.4.0
end-workflow	Checkout repository	2026-02-26T15:00:26.0985772Z  * [new tag]             0.4.1                  -> 0.4.1
end-workflow	Checkout repository	2026-02-26T15:00:26.0986169Z  * [new tag]             0.4.2                  -> 0.4.2
end-workflow	Checkout repository	2026-02-26T15:00:26.0986562Z  * [new tag]             0.4.3                  -> 0.4.3
end-workflow	Checkout repository	2026-02-26T15:00:26.0986950Z  * [new tag]             0.4.4                  -> 0.4.4
end-workflow	Checkout repository	2026-02-26T15:00:26.0987349Z  * [new tag]             0.4.5                  -> 0.4.5
end-workflow	Checkout repository	2026-02-26T15:00:26.0987743Z  * [new tag]             0.4.6                  -> 0.4.6
end-workflow	Checkout repository	2026-02-26T15:00:26.0988139Z  * [new tag]             0.4.7                  -> 0.4.7
end-workflow	Checkout repository	2026-02-26T15:00:26.0988536Z  * [new tag]             0.4.8                  -> 0.4.8
end-workflow	Checkout repository	2026-02-26T15:00:26.0988927Z  * [new tag]             0.4.9                  -> 0.4.9
end-workflow	Checkout repository	2026-02-26T15:00:26.0989320Z  * [new tag]             0.5.0                  -> 0.5.0
end-workflow	Checkout repository	2026-02-26T15:00:26.0990083Z  * [new tag]             0.5.1                  -> 0.5.1
end-workflow	Checkout repository	2026-02-26T15:00:26.0990611Z  * [new tag]             0.5.2                  -> 0.5.2
end-workflow	Checkout repository	2026-02-26T15:00:26.0991004Z  * [new tag]             0.6.0                  -> 0.6.0
end-workflow	Checkout repository	2026-02-26T15:00:26.0991399Z  * [new tag]             0.6.1                  -> 0.6.1
end-workflow	Checkout repository	2026-02-26T15:00:26.0991791Z  * [new tag]             0.6.2                  -> 0.6.2
end-workflow	Checkout repository	2026-02-26T15:00:26.0992189Z  * [new tag]             0.6.3                  -> 0.6.3
end-workflow	Checkout repository	2026-02-26T15:00:26.0992586Z  * [new tag]             0.6.4                  -> 0.6.4
end-workflow	Checkout repository	2026-02-26T15:00:26.0992975Z  * [new tag]             0.6.5                  -> 0.6.5
end-workflow	Checkout repository	2026-02-26T15:00:26.0993371Z  * [new tag]             0.6.6                  -> 0.6.6
end-workflow	Checkout repository	2026-02-26T15:00:26.1244140Z [command]/usr/bin/git branch --list --remote origin/main
end-workflow	Checkout repository	2026-02-26T15:00:26.1327118Z   origin/main
end-workflow	Checkout repository	2026-02-26T15:00:26.1343737Z [command]/usr/bin/git rev-parse refs/remotes/origin/main
end-workflow	Checkout repository	2026-02-26T15:00:26.1383739Z c3fa06297fc7324c9ff99c690a0c0aa6b936ddba
end-workflow	Checkout repository	2026-02-26T15:00:26.1397644Z [command]/usr/bin/git -c protocol.version=2 fetch --no-tags --prune --no-recurse-submodules origin +20d66f4e07aa8d14daede48f1b792a6e9b9caf49:refs/remotes/origin/main
end-workflow	Checkout repository	2026-02-26T15:00:26.1607014Z From https://github.com/Ka0s-Klaus/ka0s
end-workflow	Checkout repository	2026-02-26T15:00:26.1608398Z  + c3fa06297...20d66f4e0 20d66f4e07aa8d14daede48f1b792a6e9b9caf49 -> origin/main  (forced update)
end-workflow	Checkout repository	2026-02-26T15:00:26.1669763Z ##[endgroup]
end-workflow	Checkout repository	2026-02-26T15:00:26.1670495Z ##[group]Determining the checkout info
end-workflow	Checkout repository	2026-02-26T15:00:26.1671029Z ##[endgroup]
end-workflow	Checkout repository	2026-02-26T15:00:26.1675322Z [command]/usr/bin/git sparse-checkout disable
end-workflow	Checkout repository	2026-02-26T15:00:26.1745407Z [command]/usr/bin/git config --local --unset-all extensions.worktreeConfig
end-workflow	Checkout repository	2026-02-26T15:00:26.1790715Z ##[group]Checking out the ref
end-workflow	Checkout repository	2026-02-26T15:00:26.1810527Z [command]/usr/bin/git checkout --progress --force -B main refs/remotes/origin/main
end-workflow	Checkout repository	2026-02-26T15:00:26.4471365Z Switched to a new branch 'main'
end-workflow	Checkout repository	2026-02-26T15:00:26.4476637Z branch 'main' set up to track 'origin/main'.
end-workflow	Checkout repository	2026-02-26T15:00:26.4549304Z ##[endgroup]
end-workflow	Checkout repository	2026-02-26T15:00:26.4645885Z [command]/usr/bin/git log -1 --format=%H
end-workflow	Checkout repository	2026-02-26T15:00:26.4666931Z 20d66f4e07aa8d14daede48f1b792a6e9b9caf49
end-workflow	Install GH CLI	Ôªø2026-02-26T15:00:26.4975887Z Prepare all required actions
end-workflow	Install GH CLI	2026-02-26T15:00:26.5038705Z ##[group]Run ./.github/actions/install-gh-cli
end-workflow	Install GH CLI	2026-02-26T15:00:26.5039044Z env:
end-workflow	Install GH CLI	2026-02-26T15:00:26.5039240Z   PYTHON_VERSION: 3.9
end-workflow	Install GH CLI	2026-02-26T15:00:26.5040174Z   MONGO_SUPERUSER_CONNECTION: ***
end-workflow	Install GH CLI	2026-02-26T15:00:26.5040567Z   MONGO_NEW_PASS: ***
end-workflow	Install GH CLI	2026-02-26T15:00:26.5040914Z   MONGO_SCRIPT_CREATE: devops/core/mongo/scripts/mongodb_status_report.py
end-workflow	Install GH CLI	2026-02-26T15:00:26.5041328Z   KAOS_CODE: 22447556471
end-workflow	Install GH CLI	2026-02-26T15:00:26.5041555Z   REPORT_SCAN: audit/
end-workflow	Install GH CLI	2026-02-26T15:00:26.5041780Z   REPORT_PATH: audit/mongodb/
end-workflow	Install GH CLI	2026-02-26T15:00:26.5042030Z   REPORT_FILENAME: 22447556471.json
end-workflow	Install GH CLI	2026-02-26T15:00:26.5042311Z   KAOS_MODULE: [Ka0s] Status MongDB Report
end-workflow	Install GH CLI	2026-02-26T15:00:26.5042708Z ##[endgroup]
end-workflow	Install GH CLI	2026-02-26T15:00:26.5156301Z ##[group]Run type -p curl >/dev/null || (sudo apt-get update && sudo apt-get install curl -y)
end-workflow	Install GH CLI	2026-02-26T15:00:26.5157035Z [36;1mtype -p curl >/dev/null || (sudo apt-get update && sudo apt-get install curl -y)[0m
end-workflow	Install GH CLI	2026-02-26T15:00:26.5157917Z [36;1mcurl -fsSL https://cli.github.com/packages/githubcli-archive-keyring.gpg | sudo dd of=/usr/share/keyrings/githubcli-archive-keyring.gpg \[0m
end-workflow	Install GH CLI	2026-02-26T15:00:26.5158801Z [36;1m&& sudo chmod go+r /usr/share/keyrings/githubcli-archive-keyring.gpg \[0m
end-workflow	Install GH CLI	2026-02-26T15:00:26.5159898Z [36;1m&& echo "deb [arch=$(dpkg --print-architecture) signed-by=/usr/share/keyrings/githubcli-archive-keyring.gpg] https://cli.github.com/packages stable main" | sudo tee /etc/apt/sources.list.d/github-cli.list > /dev/null \[0m
end-workflow	Install GH CLI	2026-02-26T15:00:26.5160912Z [36;1m&& sudo apt-get update \[0m
end-workflow	Install GH CLI	2026-02-26T15:00:26.5161188Z [36;1m&& sudo apt-get install gh -y[0m
end-workflow	Install GH CLI	2026-02-26T15:00:26.5180436Z shell: /usr/bin/bash --noprofile --norc -e -o pipefail {0}
end-workflow	Install GH CLI	2026-02-26T15:00:26.5180830Z env:
end-workflow	Install GH CLI	2026-02-26T15:00:26.5181143Z   PYTHON_VERSION: 3.9
end-workflow	Install GH CLI	2026-02-26T15:00:26.5182151Z   MONGO_SUPERUSER_CONNECTION: ***
end-workflow	Install GH CLI	2026-02-26T15:00:26.5182528Z   MONGO_NEW_PASS: ***
end-workflow	Install GH CLI	2026-02-26T15:00:26.5182858Z   MONGO_SCRIPT_CREATE: devops/core/mongo/scripts/mongodb_status_report.py
end-workflow	Install GH CLI	2026-02-26T15:00:26.5183257Z   KAOS_CODE: 22447556471
end-workflow	Install GH CLI	2026-02-26T15:00:26.5183465Z   REPORT_SCAN: audit/
end-workflow	Install GH CLI	2026-02-26T15:00:26.5183678Z   REPORT_PATH: audit/mongodb/
end-workflow	Install GH CLI	2026-02-26T15:00:26.5183921Z   REPORT_FILENAME: 22447556471.json
end-workflow	Install GH CLI	2026-02-26T15:00:26.5184192Z   KAOS_MODULE: [Ka0s] Status MongDB Report
end-workflow	Install GH CLI	2026-02-26T15:00:26.5184448Z ##[endgroup]
end-workflow	Install GH CLI	2026-02-26T15:00:26.6012501Z 4+1 records in
end-workflow	Install GH CLI	2026-02-26T15:00:26.6012917Z 4+1 records out
end-workflow	Install GH CLI	2026-02-26T15:00:26.6013629Z 2270 bytes (2.3 kB, 2.2 KiB) copied, 0.0548385 s, 41.4 kB/s
end-workflow	Install GH CLI	2026-02-26T15:00:26.7329304Z Get:1 https://cli.github.com/packages stable InRelease [3917 B]
end-workflow	Install GH CLI	2026-02-26T15:00:26.7637787Z Get:2 http://archive.ubuntu.com/ubuntu noble InRelease [256 kB]
end-workflow	Install GH CLI	2026-02-26T15:00:26.8179390Z Get:3 https://cli.github.com/packages stable/main amd64 Packages [357 B]
end-workflow	Install GH CLI	2026-02-26T15:00:26.8269593Z Get:4 http://security.ubuntu.com/ubuntu noble-security InRelease [126 kB]
end-workflow	Install GH CLI	2026-02-26T15:00:26.9137167Z Get:5 http://archive.ubuntu.com/ubuntu noble-updates InRelease [126 kB]
end-workflow	Install GH CLI	2026-02-26T15:00:26.9326900Z Get:6 https://ppa.launchpadcontent.net/git-core/ppa/ubuntu noble InRelease [24.3 kB]
end-workflow	Install GH CLI	2026-02-26T15:00:26.9499858Z Get:7 http://archive.ubuntu.com/ubuntu noble-backports InRelease [126 kB]
end-workflow	Install GH CLI	2026-02-26T15:00:27.0248473Z Get:8 http://archive.ubuntu.com/ubuntu noble/multiverse amd64 Packages [331 kB]
end-workflow	Install GH CLI	2026-02-26T15:00:27.0778593Z Get:9 http://archive.ubuntu.com/ubuntu noble/restricted amd64 Packages [117 kB]
end-workflow	Install GH CLI	2026-02-26T15:00:27.0840952Z Get:10 http://archive.ubuntu.com/ubuntu noble/main amd64 Packages [1808 kB]
end-workflow	Install GH CLI	2026-02-26T15:00:27.1509159Z Get:11 http://archive.ubuntu.com/ubuntu noble/universe amd64 Packages [19.3 MB]
end-workflow	Install GH CLI	2026-02-26T15:00:27.1703279Z Get:12 https://ppa.launchpadcontent.net/git-core/ppa/ubuntu noble/main amd64 Packages [2992 B]
end-workflow	Install GH CLI	2026-02-26T15:00:27.4491747Z Get:13 http://archive.ubuntu.com/ubuntu noble-updates/universe amd64 Packages [2017 kB]
end-workflow	Install GH CLI	2026-02-26T15:00:27.4724464Z Get:14 http://archive.ubuntu.com/ubuntu noble-updates/main amd64 Packages [2276 kB]
end-workflow	Install GH CLI	2026-02-26T15:00:27.4850002Z Get:15 http://archive.ubuntu.com/ubuntu noble-updates/restricted amd64 Packages [3471 kB]
end-workflow	Install GH CLI	2026-02-26T15:00:27.5206208Z Get:16 http://archive.ubuntu.com/ubuntu noble-updates/multiverse amd64 Packages [38.1 kB]
end-workflow	Install GH CLI	2026-02-26T15:00:27.5212041Z Get:17 http://archive.ubuntu.com/ubuntu noble-backports/main amd64 Packages [49.5 kB]
end-workflow	Install GH CLI	2026-02-26T15:00:27.5215733Z Get:18 http://archive.ubuntu.com/ubuntu noble-backports/universe amd64 Packages [34.6 kB]
end-workflow	Install GH CLI	2026-02-26T15:00:28.9069295Z Get:19 http://security.ubuntu.com/ubuntu noble-security/universe amd64 Packages [1210 kB]
end-workflow	Install GH CLI	2026-02-26T15:00:29.7501587Z Get:20 http://security.ubuntu.com/ubuntu noble-security/multiverse amd64 Packages [34.8 kB]
end-workflow	Install GH CLI	2026-02-26T15:00:29.8593817Z Get:21 http://security.ubuntu.com/ubuntu noble-security/main amd64 Packages [1883 kB]
end-workflow	Install GH CLI	2026-02-26T15:00:30.1099810Z Get:22 http://security.ubuntu.com/ubuntu noble-security/restricted amd64 Packages [3262 kB]
end-workflow	Install GH CLI	2026-02-26T15:00:30.4126359Z Fetched 36.5 MB in 4s (9831 kB/s)
end-workflow	Install GH CLI	2026-02-26T15:00:31.4212624Z Reading package lists...
end-workflow	Install GH CLI	2026-02-26T15:00:32.5003321Z Reading package lists...
end-workflow	Install GH CLI	2026-02-26T15:00:32.7985939Z Building dependency tree...
end-workflow	Install GH CLI	2026-02-26T15:00:32.7987095Z Reading state information...
end-workflow	Install GH CLI	2026-02-26T15:00:33.2670367Z The following NEW packages will be installed:
end-workflow	Install GH CLI	2026-02-26T15:00:33.2695987Z   gh
end-workflow	Install GH CLI	2026-02-26T15:00:33.3533736Z 0 upgraded, 1 newly installed, 0 to remove and 0 not upgraded.
end-workflow	Install GH CLI	2026-02-26T15:00:33.3534191Z Need to get 13.8 MB of archives.
end-workflow	Install GH CLI	2026-02-26T15:00:33.3535109Z After this operation, 38.5 MB of additional disk space will be used.
end-workflow	Install GH CLI	2026-02-26T15:00:33.3535702Z Get:1 https://cli.github.com/packages stable/main amd64 gh amd64 2.87.3 [13.8 MB]
end-workflow	Install GH CLI	2026-02-26T15:00:33.6736425Z debconf: delaying package configuration, since apt-utils is not installed
end-workflow	Install GH CLI	2026-02-26T15:00:33.7204957Z Fetched 13.8 MB in 0s (63.7 MB/s)
end-workflow	Install GH CLI	2026-02-26T15:00:33.7512597Z Selecting previously unselected package gh.
end-workflow	Install GH CLI	2026-02-26T15:00:33.7551642Z (Reading database ... 
end-workflow	Install GH CLI	2026-02-26T15:00:33.7552057Z (Reading database ... 5%
end-workflow	Install GH CLI	2026-02-26T15:00:33.7552466Z (Reading database ... 10%
end-workflow	Install GH CLI	2026-02-26T15:00:33.7552716Z (Reading database ... 15%
end-workflow	Install GH CLI	2026-02-26T15:00:33.7554987Z (Reading database ... 20%
end-workflow	Install GH CLI	2026-02-26T15:00:33.7555226Z (Reading database ... 25%
end-workflow	Install GH CLI	2026-02-26T15:00:33.7555458Z (Reading database ... 30%
end-workflow	Install GH CLI	2026-02-26T15:00:33.7555818Z (Reading database ... 35%
end-workflow	Install GH CLI	2026-02-26T15:00:33.7556122Z (Reading database ... 40%
end-workflow	Install GH CLI	2026-02-26T15:00:33.7556341Z (Reading database ... 45%
end-workflow	Install GH CLI	2026-02-26T15:00:33.7556571Z (Reading database ... 50%
end-workflow	Install GH CLI	2026-02-26T15:00:33.7556794Z (Reading database ... 55%
end-workflow	Install GH CLI	2026-02-26T15:00:33.7557020Z (Reading database ... 60%
end-workflow	Install GH CLI	2026-02-26T15:00:33.7565453Z (Reading database ... 65%
end-workflow	Install GH CLI	2026-02-26T15:00:33.7583171Z (Reading database ... 70%
end-workflow	Install GH CLI	2026-02-26T15:00:33.7590068Z (Reading database ... 75%
end-workflow	Install GH CLI	2026-02-26T15:00:33.7604760Z (Reading database ... 80%
end-workflow	Install GH CLI	2026-02-26T15:00:33.7610471Z (Reading database ... 85%
end-workflow	Install GH CLI	2026-02-26T15:00:33.7622227Z (Reading database ... 90%
end-workflow	Install GH CLI	2026-02-26T15:00:33.7643543Z (Reading database ... 95%
end-workflow	Install GH CLI	2026-02-26T15:00:33.7643913Z (Reading database ... 100%
end-workflow	Install GH CLI	2026-02-26T15:00:33.7644306Z (Reading database ... 14387 files and directories currently installed.)
end-workflow	Install GH CLI	2026-02-26T15:00:33.7651803Z Preparing to unpack .../archives/gh_2.87.3_amd64.deb ...
end-workflow	Install GH CLI	2026-02-26T15:00:33.7681046Z Unpacking gh (2.87.3) ...
end-workflow	Install GH CLI	2026-02-26T15:00:33.9960725Z Setting up gh (2.87.3) ...
end-workflow	Trigger Inspector	Ôªø2026-02-26T15:00:34.0482228Z ##[group]Run gh workflow run inspector.yml \
end-workflow	Trigger Inspector	2026-02-26T15:00:34.0482634Z [36;1mgh workflow run inspector.yml \[0m
end-workflow	Trigger Inspector	2026-02-26T15:00:34.0482996Z [36;1m  -f workflow_name="Ka0s Status MongDB Report" \[0m
end-workflow	Trigger Inspector	2026-02-26T15:00:34.0483462Z [36;1m  -f run_id="22447556471" \[0m
end-workflow	Trigger Inspector	2026-02-26T15:00:34.0483727Z [36;1m  -f status="success"[0m
end-workflow	Trigger Inspector	2026-02-26T15:00:34.0496303Z shell: /usr/bin/bash -e {0}
end-workflow	Trigger Inspector	2026-02-26T15:00:34.0496560Z env:
end-workflow	Trigger Inspector	2026-02-26T15:00:34.0496964Z   PYTHON_VERSION: 3.9
end-workflow	Trigger Inspector	2026-02-26T15:00:34.0497780Z   MONGO_SUPERUSER_CONNECTION: ***
end-workflow	Trigger Inspector	2026-02-26T15:00:34.0498180Z   MONGO_NEW_PASS: ***
end-workflow	Trigger Inspector	2026-02-26T15:00:34.0498640Z   MONGO_SCRIPT_CREATE: devops/core/mongo/scripts/mongodb_status_report.py
end-workflow	Trigger Inspector	2026-02-26T15:00:34.0499030Z   KAOS_CODE: 22447556471
end-workflow	Trigger Inspector	2026-02-26T15:00:34.0499250Z   REPORT_SCAN: audit/
end-workflow	Trigger Inspector	2026-02-26T15:00:34.0499467Z   REPORT_PATH: audit/mongodb/
end-workflow	Trigger Inspector	2026-02-26T15:00:34.0499711Z   REPORT_FILENAME: 22447556471.json
end-workflow	Trigger Inspector	2026-02-26T15:00:34.0499986Z   KAOS_MODULE: [Ka0s] Status MongDB Report
end-workflow	Trigger Inspector	2026-02-26T15:00:34.0500379Z   GH_TOKEN: ***
end-workflow	Trigger Inspector	2026-02-26T15:00:34.0500573Z ##[endgroup]
end-workflow	Trigger Inspector	2026-02-26T15:00:36.5650047Z https://github.com/Ka0s-Klaus/ka0s/actions/runs/22447659209
end-workflow	Post Checkout repository	Ôªø2026-02-26T15:00:36.6235999Z Post job cleanup.
end-workflow	Post Checkout repository	2026-02-26T15:00:36.7710389Z [command]/usr/bin/git version
end-workflow	Post Checkout repository	2026-02-26T15:00:36.7801098Z git version 2.53.0
end-workflow	Post Checkout repository	2026-02-26T15:00:36.7873749Z Temporarily overriding HOME='/home/runner/_work/_temp/bda7a933-b537-4d23-86a0-7f82fc04fec8' before making global git config changes
end-workflow	Post Checkout repository	2026-02-26T15:00:36.7875883Z Adding repository directory to the temporary git global config as a safe directory
end-workflow	Post Checkout repository	2026-02-26T15:00:36.7892924Z [command]/usr/bin/git config --global --add safe.directory /home/runner/_work/ka0s/ka0s
end-workflow	Post Checkout repository	2026-02-26T15:00:36.7996326Z [command]/usr/bin/git config --local --name-only --get-regexp core\.sshCommand
end-workflow	Post Checkout repository	2026-02-26T15:00:36.8102623Z [command]/usr/bin/git submodule foreach --recursive sh -c "git config --local --name-only --get-regexp 'core\.sshCommand' && git config --local --unset-all 'core.sshCommand' || :"
end-workflow	Post Checkout repository	2026-02-26T15:00:36.8641865Z [command]/usr/bin/git config --local --name-only --get-regexp http\.https\:\/\/github\.com\/\.extraheader
end-workflow	Post Checkout repository	2026-02-26T15:00:36.8699023Z http.https://github.com/.extraheader
end-workflow	Post Checkout repository	2026-02-26T15:00:36.8733366Z [command]/usr/bin/git config --local --unset-all http.https://github.com/.extraheader
end-workflow	Post Checkout repository	2026-02-26T15:00:36.8896395Z [command]/usr/bin/git submodule foreach --recursive sh -c "git config --local --name-only --get-regexp 'http\.https\:\/\/github\.com\/\.extraheader' && git config --local --unset-all 'http.https://github.com/.extraheader' || :"
end-workflow	Post Checkout repository	2026-02-26T15:00:36.9456684Z [command]/usr/bin/git config --local --name-only --get-regexp ^includeIf\.gitdir:
end-workflow	Post Checkout repository	2026-02-26T15:00:36.9519872Z [command]/usr/bin/git submodule foreach --recursive git config --local --show-origin --name-only --get-regexp remote.origin.url
end-workflow	Complete job	Ôªø2026-02-26T15:00:37.0215592Z Cleaning up orphan processes
