audit-cluster	Set up job	ï»¿2026-02-26T17:52:40.2399457Z Current runner version: '2.332.0'
audit-cluster	Set up job	2026-02-26T17:52:40.2410637Z Runner name: 'swarm-runners-scaleset-hkss5-runner-x5kzb'
audit-cluster	Set up job	2026-02-26T17:52:40.2411815Z Runner group name: 'Default'
audit-cluster	Set up job	2026-02-26T17:52:40.2413054Z Machine name: 'swarm-runners-scaleset-hkss5-runner-x5kzb'
audit-cluster	Set up job	2026-02-26T17:52:40.2418532Z ##[group]GITHUB_TOKEN Permissions
audit-cluster	Set up job	2026-02-26T17:52:40.2421826Z Actions: write
audit-cluster	Set up job	2026-02-26T17:52:40.2422753Z Contents: write
audit-cluster	Set up job	2026-02-26T17:52:40.2423790Z Issues: write
audit-cluster	Set up job	2026-02-26T17:52:40.2424851Z Metadata: read
audit-cluster	Set up job	2026-02-26T17:52:40.2425555Z ##[endgroup]
audit-cluster	Set up job	2026-02-26T17:52:40.2428347Z Secret source: Actions
audit-cluster	Set up job	2026-02-26T17:52:40.2429688Z Prepare workflow directory
audit-cluster	Set up job	2026-02-26T17:52:40.3108520Z Prepare all required actions
audit-cluster	Set up job	2026-02-26T17:52:40.3152663Z Getting action download info
audit-cluster	Set up job	2026-02-26T17:52:40.9331302Z Download action repository 'actions/checkout@v4' (SHA:34e114876b0b11c390a56381ad16ebd13914f8d5)
audit-cluster	Set up job	2026-02-26T17:52:41.9589768Z Complete job name: audit-cluster
audit-cluster	Checkout repository	ï»¿2026-02-26T17:52:42.1010427Z ##[group]Run actions/checkout@v4
audit-cluster	Checkout repository	2026-02-26T17:52:42.1011646Z with:
audit-cluster	Checkout repository	2026-02-26T17:52:42.1012241Z   repository: Ka0s-Klaus/ka0s
audit-cluster	Checkout repository	2026-02-26T17:52:42.1013254Z   token: ***
audit-cluster	Checkout repository	2026-02-26T17:52:42.1014074Z   ssh-strict: true
audit-cluster	Checkout repository	2026-02-26T17:52:42.1014940Z   ssh-user: git
audit-cluster	Checkout repository	2026-02-26T17:52:42.1015527Z   persist-credentials: true
audit-cluster	Checkout repository	2026-02-26T17:52:42.1016160Z   clean: true
audit-cluster	Checkout repository	2026-02-26T17:52:42.1016734Z   sparse-checkout-cone-mode: true
audit-cluster	Checkout repository	2026-02-26T17:52:42.1017425Z   fetch-depth: 1
audit-cluster	Checkout repository	2026-02-26T17:52:42.1017978Z   fetch-tags: false
audit-cluster	Checkout repository	2026-02-26T17:52:42.1018554Z   show-progress: true
audit-cluster	Checkout repository	2026-02-26T17:52:42.1019139Z   lfs: false
audit-cluster	Checkout repository	2026-02-26T17:52:42.1040683Z   submodules: false
audit-cluster	Checkout repository	2026-02-26T17:52:42.1041512Z   set-safe-directory: true
audit-cluster	Checkout repository	2026-02-26T17:52:42.1042854Z env:
audit-cluster	Checkout repository	2026-02-26T17:52:42.1043452Z   KAOS_MODULE: [Ka0s] Audit Cluster Status
audit-cluster	Checkout repository	2026-02-26T17:52:42.1044172Z   KAOS_CODE: 22454331840
audit-cluster	Checkout repository	2026-02-26T17:52:42.1055222Z ##[endgroup]
audit-cluster	Checkout repository	2026-02-26T17:52:42.3208729Z Syncing repository: Ka0s-Klaus/ka0s
audit-cluster	Checkout repository	2026-02-26T17:52:42.3211109Z ##[group]Getting Git version info
audit-cluster	Checkout repository	2026-02-26T17:52:42.3212085Z Working directory is '/home/runner/_work/ka0s/ka0s'
audit-cluster	Checkout repository	2026-02-26T17:52:42.3213324Z [command]/usr/bin/git version
audit-cluster	Checkout repository	2026-02-26T17:52:42.3213986Z git version 2.53.0
audit-cluster	Checkout repository	2026-02-26T17:52:42.3247490Z ##[endgroup]
audit-cluster	Checkout repository	2026-02-26T17:52:42.3276814Z Temporarily overriding HOME='/home/runner/_work/_temp/613d949a-e7d6-4c06-8721-6ea542ff9513' before making global git config changes
audit-cluster	Checkout repository	2026-02-26T17:52:42.3282425Z Adding repository directory to the temporary git global config as a safe directory
audit-cluster	Checkout repository	2026-02-26T17:52:42.3294146Z [command]/usr/bin/git config --global --add safe.directory /home/runner/_work/ka0s/ka0s
audit-cluster	Checkout repository	2026-02-26T17:52:42.3366685Z Deleting the contents of '/home/runner/_work/ka0s/ka0s'
audit-cluster	Checkout repository	2026-02-26T17:52:42.3386227Z ##[group]Initializing the repository
audit-cluster	Checkout repository	2026-02-26T17:52:42.3428515Z [command]/usr/bin/git init /home/runner/_work/ka0s/ka0s
audit-cluster	Checkout repository	2026-02-26T17:52:42.3496748Z hint: Using 'master' as the name for the initial branch. This default branch name
audit-cluster	Checkout repository	2026-02-26T17:52:42.3510124Z hint: will change to "main" in Git 3.0. To configure the initial branch name
audit-cluster	Checkout repository	2026-02-26T17:52:42.3513107Z hint: to use in all of your new repositories, which will suppress this warning,
audit-cluster	Checkout repository	2026-02-26T17:52:42.3516392Z hint: call:
audit-cluster	Checkout repository	2026-02-26T17:52:42.3517139Z hint:
audit-cluster	Checkout repository	2026-02-26T17:52:42.3518049Z hint: 	git config --global init.defaultBranch <name>
audit-cluster	Checkout repository	2026-02-26T17:52:42.3519175Z hint:
audit-cluster	Checkout repository	2026-02-26T17:52:42.3520156Z hint: Names commonly chosen instead of 'master' are 'main', 'trunk' and
audit-cluster	Checkout repository	2026-02-26T17:52:42.3521756Z hint: 'development'. The just-created branch can be renamed via this command:
audit-cluster	Checkout repository	2026-02-26T17:52:42.3523295Z hint:
audit-cluster	Checkout repository	2026-02-26T17:52:42.3524378Z hint: 	git branch -m <name>
audit-cluster	Checkout repository	2026-02-26T17:52:42.3525731Z hint:
audit-cluster	Checkout repository	2026-02-26T17:52:42.3527076Z hint: Disable this message with "git config set advice.defaultBranchName false"
audit-cluster	Checkout repository	2026-02-26T17:52:42.3531544Z Initialized empty Git repository in /home/runner/_work/ka0s/ka0s/.git/
audit-cluster	Checkout repository	2026-02-26T17:52:42.3585450Z [command]/usr/bin/git remote add origin https://github.com/Ka0s-Klaus/ka0s
audit-cluster	Checkout repository	2026-02-26T17:52:42.3737340Z ##[endgroup]
audit-cluster	Checkout repository	2026-02-26T17:52:42.3739072Z ##[group]Disabling automatic garbage collection
audit-cluster	Checkout repository	2026-02-26T17:52:42.3756173Z [command]/usr/bin/git config --local gc.auto 0
audit-cluster	Checkout repository	2026-02-26T17:52:42.3896252Z ##[endgroup]
audit-cluster	Checkout repository	2026-02-26T17:52:42.3905847Z ##[group]Setting up auth
audit-cluster	Checkout repository	2026-02-26T17:52:42.3915884Z [command]/usr/bin/git config --local --name-only --get-regexp core\.sshCommand
audit-cluster	Checkout repository	2026-02-26T17:52:42.4019001Z [command]/usr/bin/git submodule foreach --recursive sh -c "git config --local --name-only --get-regexp 'core\.sshCommand' && git config --local --unset-all 'core.sshCommand' || :"
audit-cluster	Checkout repository	2026-02-26T17:52:42.4608041Z [command]/usr/bin/git config --local --name-only --get-regexp http\.https\:\/\/github\.com\/\.extraheader
audit-cluster	Checkout repository	2026-02-26T17:52:42.4675433Z [command]/usr/bin/git submodule foreach --recursive sh -c "git config --local --name-only --get-regexp 'http\.https\:\/\/github\.com\/\.extraheader' && git config --local --unset-all 'http.https://github.com/.extraheader' || :"
audit-cluster	Checkout repository	2026-02-26T17:52:42.5060981Z [command]/usr/bin/git config --local --name-only --get-regexp ^includeIf\.gitdir:
audit-cluster	Checkout repository	2026-02-26T17:52:42.5136509Z [command]/usr/bin/git submodule foreach --recursive git config --local --show-origin --name-only --get-regexp remote.origin.url
audit-cluster	Checkout repository	2026-02-26T17:52:42.5571677Z [command]/usr/bin/git config --local http.https://github.com/.extraheader AUTHORIZATION: basic ***
audit-cluster	Checkout repository	2026-02-26T17:52:42.5625689Z ##[endgroup]
audit-cluster	Checkout repository	2026-02-26T17:52:42.5627603Z ##[group]Fetching the repository
audit-cluster	Checkout repository	2026-02-26T17:52:42.5630714Z [command]/usr/bin/git -c protocol.version=2 fetch --no-tags --prune --no-recurse-submodules --depth=1 origin +663a1225839bb59daebaaf75bab61832cd9b3723:refs/remotes/origin/main
audit-cluster	Checkout repository	2026-02-26T17:52:45.0969955Z From https://github.com/Ka0s-Klaus/ka0s
audit-cluster	Checkout repository	2026-02-26T17:52:45.0971745Z  * [new ref]         663a1225839bb59daebaaf75bab61832cd9b3723 -> origin/main
audit-cluster	Checkout repository	2026-02-26T17:52:45.1116956Z ##[endgroup]
audit-cluster	Checkout repository	2026-02-26T17:52:45.1118495Z ##[group]Determining the checkout info
audit-cluster	Checkout repository	2026-02-26T17:52:45.1122780Z ##[endgroup]
audit-cluster	Checkout repository	2026-02-26T17:52:45.1157242Z [command]/usr/bin/git sparse-checkout disable
audit-cluster	Checkout repository	2026-02-26T17:52:45.1316601Z [command]/usr/bin/git config --local --unset-all extensions.worktreeConfig
audit-cluster	Checkout repository	2026-02-26T17:52:45.1610599Z ##[group]Checking out the ref
audit-cluster	Checkout repository	2026-02-26T17:52:45.1616378Z [command]/usr/bin/git checkout --progress --force -B main refs/remotes/origin/main
audit-cluster	Checkout repository	2026-02-26T17:52:45.4578661Z Switched to a new branch 'main'
audit-cluster	Checkout repository	2026-02-26T17:52:45.4585160Z branch 'main' set up to track 'origin/main'.
audit-cluster	Checkout repository	2026-02-26T17:52:45.4634028Z ##[endgroup]
audit-cluster	Checkout repository	2026-02-26T17:52:45.4738873Z [command]/usr/bin/git log -1 --format=%H
audit-cluster	Checkout repository	2026-02-26T17:52:45.4826822Z 663a1225839bb59daebaaf75bab61832cd9b3723
audit-cluster	Execute Cluster Audit (Status)	ï»¿2026-02-26T17:52:45.5754797Z Prepare all required actions
audit-cluster	Execute Cluster Audit (Status)	2026-02-26T17:52:45.5978195Z ##[group]Run ./.github/actions/ssh-exec
audit-cluster	Execute Cluster Audit (Status)	2026-02-26T17:52:45.5978633Z with:
audit-cluster	Execute Cluster Audit (Status)	2026-02-26T17:52:45.5979179Z   host: ***
audit-cluster	Execute Cluster Audit (Status)	2026-02-26T17:52:45.5979503Z   username: ***
audit-cluster	Execute Cluster Audit (Status)	2026-02-26T17:52:45.5981722Z   key: ***
audit-cluster	Execute Cluster Audit (Status)	2026-02-26T17:52:45.5982037Z   port: ***
audit-cluster	Execute Cluster Audit (Status)	2026-02-26T17:52:45.5982335Z   use-sudo: true
audit-cluster	Execute Cluster Audit (Status)	2026-02-26T17:52:45.5982664Z   pass: ***
audit-cluster	Execute Cluster Audit (Status)	2026-02-26T17:52:45.5983048Z   script-path: devops/core/k8s/audit-services-status.sh
audit-cluster	Execute Cluster Audit (Status)	2026-02-26T17:52:45.5983509Z   remote-results-path: /tmp/results
audit-cluster	Execute Cluster Audit (Status)	2026-02-26T17:52:45.5983892Z   local-results-path: audit/kube/
audit-cluster	Execute Cluster Audit (Status)	2026-02-26T17:52:45.5984257Z   remote-tmp-dir: /tmp
audit-cluster	Execute Cluster Audit (Status)	2026-02-26T17:52:45.5984883Z env:
audit-cluster	Execute Cluster Audit (Status)	2026-02-26T17:52:45.5985199Z   KAOS_MODULE: [Ka0s] Audit Cluster Status
audit-cluster	Execute Cluster Audit (Status)	2026-02-26T17:52:45.5985739Z   KAOS_CODE: 22454331840
audit-cluster	Execute Cluster Audit (Status)	2026-02-26T17:52:45.5986087Z ##[endgroup]
audit-cluster	Execute Cluster Audit (Status)	2026-02-26T17:52:45.6181995Z ##[group]Run echo "***
audit-cluster	Execute Cluster Audit (Status)	2026-02-26T17:52:45.6182754Z [36;1mecho "***[0m
audit-cluster	Execute Cluster Audit (Status)	2026-02-26T17:52:45.6183344Z [36;1m***[0m
audit-cluster	Execute Cluster Audit (Status)	2026-02-26T17:52:45.6183955Z [36;1m***[0m
audit-cluster	Execute Cluster Audit (Status)	2026-02-26T17:52:45.6184484Z [36;1m***[0m
audit-cluster	Execute Cluster Audit (Status)	2026-02-26T17:52:45.6185377Z [36;1m***[0m
audit-cluster	Execute Cluster Audit (Status)	2026-02-26T17:52:45.6186013Z [36;1m***[0m
audit-cluster	Execute Cluster Audit (Status)	2026-02-26T17:52:45.6186457Z [36;1m***" > /home/runner/_work/_temp/ssh_key[0m
audit-cluster	Execute Cluster Audit (Status)	2026-02-26T17:52:45.6187003Z [36;1mchmod 600 /home/runner/_work/_temp/ssh_key[0m
audit-cluster	Execute Cluster Audit (Status)	2026-02-26T17:52:45.6216587Z shell: /usr/bin/bash --noprofile --norc -e -o pipefail {0}
audit-cluster	Execute Cluster Audit (Status)	2026-02-26T17:52:45.6217746Z env:
audit-cluster	Execute Cluster Audit (Status)	2026-02-26T17:52:45.6218073Z   KAOS_MODULE: [Ka0s] Audit Cluster Status
audit-cluster	Execute Cluster Audit (Status)	2026-02-26T17:52:45.6218456Z   KAOS_CODE: 22454331840
audit-cluster	Execute Cluster Audit (Status)	2026-02-26T17:52:45.6218767Z ##[endgroup]
audit-cluster	Execute Cluster Audit (Status)	2026-02-26T17:52:45.6622838Z ##[group]Run scp -o StrictHostKeyChecking=no -i /home/runner/_work/_temp/ssh_key -P *** devops/core/k8s/audit-services-status.sh ***@***:/tmp
audit-cluster	Execute Cluster Audit (Status)	2026-02-26T17:52:45.6624212Z [36;1mscp -o StrictHostKeyChecking=no -i /home/runner/_work/_temp/ssh_key -P *** devops/core/k8s/audit-services-status.sh ***@***:/tmp[0m
audit-cluster	Execute Cluster Audit (Status)	2026-02-26T17:52:45.6645611Z shell: /usr/bin/bash --noprofile --norc -e -o pipefail {0}
audit-cluster	Execute Cluster Audit (Status)	2026-02-26T17:52:45.6646215Z env:
audit-cluster	Execute Cluster Audit (Status)	2026-02-26T17:52:45.6646593Z   KAOS_MODULE: [Ka0s] Audit Cluster Status
audit-cluster	Execute Cluster Audit (Status)	2026-02-26T17:52:45.6647006Z   KAOS_CODE: 22454331840
audit-cluster	Execute Cluster Audit (Status)	2026-02-26T17:52:45.6647341Z ##[endgroup]
audit-cluster	Execute Cluster Audit (Status)	2026-02-26T17:52:45.8531659Z Warning: Permanently added '[***]:***' (ED25519) to the list of known hosts.
audit-cluster	Execute Cluster Audit (Status)	2026-02-26T17:52:46.8772494Z ##[group]Run REMOTE_SCRIPT_PATH="/tmp/$(basename devops/core/k8s/audit-services-status.sh)"
audit-cluster	Execute Cluster Audit (Status)	2026-02-26T17:52:46.8773299Z [36;1mREMOTE_SCRIPT_PATH="/tmp/$(basename devops/core/k8s/audit-services-status.sh)"[0m
audit-cluster	Execute Cluster Audit (Status)	2026-02-26T17:52:46.8773931Z [36;1mEXEC_COMMAND="chmod +x $REMOTE_SCRIPT_PATH && $REMOTE_SCRIPT_PATH "[0m
audit-cluster	Execute Cluster Audit (Status)	2026-02-26T17:52:46.8774395Z [36;1mif [[ "true" == "true" ]]; then[0m
audit-cluster	Execute Cluster Audit (Status)	2026-02-26T17:52:46.8788583Z [36;1m  SUDO_PREFIX="echo '***' | sudo -S"[0m
audit-cluster	Execute Cluster Audit (Status)	2026-02-26T17:52:46.8789067Z [36;1m  COMMAND_CHAIN="$SUDO_PREFIX bash -c '$EXEC_COMMAND'"[0m
audit-cluster	Execute Cluster Audit (Status)	2026-02-26T17:52:46.8789489Z [36;1m  if [[ "/tmp/results" != "" ]]; then[0m
audit-cluster	Execute Cluster Audit (Status)	2026-02-26T17:52:46.8789955Z [36;1m    COMMAND_CHAIN="$COMMAND_CHAIN && $SUDO_PREFIX chmod -R 777 /tmp/results"[0m
audit-cluster	Execute Cluster Audit (Status)	2026-02-26T17:52:46.8790436Z [36;1m  fi[0m
audit-cluster	Execute Cluster Audit (Status)	2026-02-26T17:52:46.8791111Z [36;1m  ssh -o StrictHostKeyChecking=no -i /home/runner/_work/_temp/ssh_key -p *** ***@*** "$COMMAND_CHAIN && rm $REMOTE_SCRIPT_PATH"[0m
audit-cluster	Execute Cluster Audit (Status)	2026-02-26T17:52:46.8791753Z [36;1melse[0m
audit-cluster	Execute Cluster Audit (Status)	2026-02-26T17:52:46.8792382Z [36;1m  ssh -o StrictHostKeyChecking=no -i /home/runner/_work/_temp/ssh_key -p *** ***@*** "$EXEC_COMMAND && rm $REMOTE_SCRIPT_PATH"[0m
audit-cluster	Execute Cluster Audit (Status)	2026-02-26T17:52:46.8793009Z [36;1mfi[0m
audit-cluster	Execute Cluster Audit (Status)	2026-02-26T17:52:46.8813198Z shell: /usr/bin/bash --noprofile --norc -e -o pipefail {0}
audit-cluster	Execute Cluster Audit (Status)	2026-02-26T17:52:46.8813672Z env:
audit-cluster	Execute Cluster Audit (Status)	2026-02-26T17:52:46.8813973Z   KAOS_MODULE: [Ka0s] Audit Cluster Status
audit-cluster	Execute Cluster Audit (Status)	2026-02-26T17:52:46.8814320Z   KAOS_CODE: 22454331840
audit-cluster	Execute Cluster Audit (Status)	2026-02-26T17:52:46.8818221Z ##[endgroup]
audit-cluster	Execute Cluster Audit (Status)	2026-02-26T17:52:47.5174155Z [INFO] Generando informes en /tmp/results
audit-cluster	Execute Cluster Audit (Status)	2026-02-26T17:52:48.3699605Z [INFO] Markdown generado: /tmp/results/cluster-report-20260226-175247.md
audit-cluster	Execute Cluster Audit (Status)	2026-02-26T17:52:49.4139618Z [INFO] HTML generado: /tmp/results/cluster-dashboard-20260226-175247.html
audit-cluster	Execute Cluster Audit (Status)	2026-02-26T17:52:49.5342309Z [SUCCESS] AuditorÃ­a completada.
audit-cluster	Execute Cluster Audit (Status)	2026-02-26T17:52:49.5583905Z [sudo] password for ***: 
audit-cluster	Execute Cluster Audit (Status)	2026-02-26T17:52:49.5698130Z ##[group]Run mkdir -p audit/kube/
audit-cluster	Execute Cluster Audit (Status)	2026-02-26T17:52:49.5698481Z [36;1mmkdir -p audit/kube/[0m
audit-cluster	Execute Cluster Audit (Status)	2026-02-26T17:52:49.5699211Z [36;1mscp -o StrictHostKeyChecking=no -r -i /home/runner/_work/_temp/ssh_key -P *** ***@***:/tmp/results/* audit/kube/[0m
audit-cluster	Execute Cluster Audit (Status)	2026-02-26T17:52:49.5699847Z [36;1mecho "path=audit/kube/" >> $GITHUB_OUTPUT[0m
audit-cluster	Execute Cluster Audit (Status)	2026-02-26T17:52:49.5722918Z shell: /usr/bin/bash --noprofile --norc -e -o pipefail {0}
audit-cluster	Execute Cluster Audit (Status)	2026-02-26T17:52:49.5723324Z env:
audit-cluster	Execute Cluster Audit (Status)	2026-02-26T17:52:49.5723575Z   KAOS_MODULE: [Ka0s] Audit Cluster Status
audit-cluster	Execute Cluster Audit (Status)	2026-02-26T17:52:49.5723890Z   KAOS_CODE: 22454331840
audit-cluster	Execute Cluster Audit (Status)	2026-02-26T17:52:49.5724139Z ##[endgroup]
audit-cluster	Commit Audit Reports	ï»¿2026-02-26T17:52:50.5616811Z ##[group]Run git config --global user.name "Ka0s Bot"
audit-cluster	Commit Audit Reports	2026-02-26T17:52:50.5617455Z [36;1mgit config --global user.name "Ka0s Bot"[0m
audit-cluster	Commit Audit Reports	2026-02-26T17:52:50.5617862Z [36;1mgit config --global user.email "bot@ka0s.io"[0m
audit-cluster	Commit Audit Reports	2026-02-26T17:52:50.5618298Z [36;1mgit pull --rebase origin main || git pull origin main[0m
audit-cluster	Commit Audit Reports	2026-02-26T17:52:50.5619008Z [36;1mgit add audit/kube/cluster-report-*.md audit/kube/cluster-report-*.json audit/kube/cluster-dashboard-*.html || true[0m
audit-cluster	Commit Audit Reports	2026-02-26T17:52:50.5619666Z [36;1mif ! git diff --staged --quiet; then[0m
audit-cluster	Commit Audit Reports	2026-02-26T17:52:50.5620381Z [36;1m  git commit -m "[Audit] Cluster status report $(date +'%Y-%m-%d %H:%M')"[0m
audit-cluster	Commit Audit Reports	2026-02-26T17:52:50.5620912Z [36;1m  git push || (git pull --rebase origin main && git push)[0m
audit-cluster	Commit Audit Reports	2026-02-26T17:52:50.5621288Z [36;1melse[0m
audit-cluster	Commit Audit Reports	2026-02-26T17:52:50.5621592Z [36;1m  echo "No new cluster status reports to commit."[0m
audit-cluster	Commit Audit Reports	2026-02-26T17:52:50.5621944Z [36;1mfi[0m
audit-cluster	Commit Audit Reports	2026-02-26T17:52:50.5643270Z shell: /usr/bin/bash -e {0}
audit-cluster	Commit Audit Reports	2026-02-26T17:52:50.5643588Z env:
audit-cluster	Commit Audit Reports	2026-02-26T17:52:50.5643911Z   KAOS_MODULE: [Ka0s] Audit Cluster Status
audit-cluster	Commit Audit Reports	2026-02-26T17:52:50.5644234Z   KAOS_CODE: 22454331840
audit-cluster	Commit Audit Reports	2026-02-26T17:52:50.5644487Z ##[endgroup]
audit-cluster	Commit Audit Reports	2026-02-26T17:52:51.3388747Z From https://github.com/Ka0s-Klaus/ka0s
audit-cluster	Commit Audit Reports	2026-02-26T17:52:51.3391237Z  * branch            main       -> FETCH_HEAD
audit-cluster	Commit Audit Reports	2026-02-26T17:52:51.3535965Z Already up to date.
audit-cluster	Commit Audit Reports	2026-02-26T17:52:51.4091820Z [main 9a4aa01] [Audit] Cluster status report 2026-02-26 17:52
audit-cluster	Commit Audit Reports	2026-02-26T17:52:51.4096075Z  3 files changed, 600 insertions(+)
audit-cluster	Commit Audit Reports	2026-02-26T17:52:51.4099758Z  create mode 100755 audit/kube/cluster-dashboard-20260226-175247.html
audit-cluster	Commit Audit Reports	2026-02-26T17:52:51.4101730Z  create mode 100755 audit/kube/cluster-report-20260226-175247.json
audit-cluster	Commit Audit Reports	2026-02-26T17:52:51.4102480Z  create mode 100755 audit/kube/cluster-report-20260226-175247.md
audit-cluster	Commit Audit Reports	2026-02-26T17:52:52.2366058Z To https://github.com/Ka0s-Klaus/ka0s
audit-cluster	Commit Audit Reports	2026-02-26T17:52:52.2375281Z    663a122..9a4aa01  main -> main
audit-cluster	Post Checkout repository	ï»¿2026-02-26T17:52:52.2811730Z Post job cleanup.
audit-cluster	Post Checkout repository	2026-02-26T17:52:52.4086364Z [command]/usr/bin/git version
audit-cluster	Post Checkout repository	2026-02-26T17:52:52.4156594Z git version 2.53.0
audit-cluster	Post Checkout repository	2026-02-26T17:52:52.4221534Z Copying '/home/runner/.gitconfig' to '/home/runner/_work/_temp/318defd8-4351-4706-986c-b42e7155a447/.gitconfig'
audit-cluster	Post Checkout repository	2026-02-26T17:52:52.4243499Z Temporarily overriding HOME='/home/runner/_work/_temp/318defd8-4351-4706-986c-b42e7155a447' before making global git config changes
audit-cluster	Post Checkout repository	2026-02-26T17:52:52.4248714Z Adding repository directory to the temporary git global config as a safe directory
audit-cluster	Post Checkout repository	2026-02-26T17:52:52.4258001Z [command]/usr/bin/git config --global --add safe.directory /home/runner/_work/ka0s/ka0s
audit-cluster	Post Checkout repository	2026-02-26T17:52:52.4351950Z [command]/usr/bin/git config --local --name-only --get-regexp core\.sshCommand
audit-cluster	Post Checkout repository	2026-02-26T17:52:52.4448038Z [command]/usr/bin/git submodule foreach --recursive sh -c "git config --local --name-only --get-regexp 'core\.sshCommand' && git config --local --unset-all 'core.sshCommand' || :"
audit-cluster	Post Checkout repository	2026-02-26T17:52:52.5635370Z [command]/usr/bin/git config --local --name-only --get-regexp http\.https\:\/\/github\.com\/\.extraheader
audit-cluster	Post Checkout repository	2026-02-26T17:52:52.5697486Z http.https://github.com/.extraheader
audit-cluster	Post Checkout repository	2026-02-26T17:52:52.5763026Z [command]/usr/bin/git config --local --unset-all http.https://github.com/.extraheader
audit-cluster	Post Checkout repository	2026-02-26T17:52:52.5841648Z [command]/usr/bin/git submodule foreach --recursive sh -c "git config --local --name-only --get-regexp 'http\.https\:\/\/github\.com\/\.extraheader' && git config --local --unset-all 'http.https://github.com/.extraheader' || :"
audit-cluster	Post Checkout repository	2026-02-26T17:52:52.6263578Z [command]/usr/bin/git config --local --name-only --get-regexp ^includeIf\.gitdir:
audit-cluster	Post Checkout repository	2026-02-26T17:52:52.6337408Z [command]/usr/bin/git submodule foreach --recursive git config --local --show-origin --name-only --get-regexp remote.origin.url
audit-cluster	Complete job	ï»¿2026-02-26T17:52:52.6898264Z Cleaning up orphan processes
handle-success	Set up job	ï»¿2026-02-26T17:53:06.3118710Z Current runner version: '2.332.0'
handle-success	Set up job	2026-02-26T17:53:06.3131028Z Runner name: 'swarm-runners-scaleset-hkss5-runner-86d59'
handle-success	Set up job	2026-02-26T17:53:06.3132250Z Runner group name: 'Default'
handle-success	Set up job	2026-02-26T17:53:06.3135059Z Machine name: 'swarm-runners-scaleset-hkss5-runner-86d59'
handle-success	Set up job	2026-02-26T17:53:06.3139112Z ##[group]GITHUB_TOKEN Permissions
handle-success	Set up job	2026-02-26T17:53:06.3144367Z Actions: write
handle-success	Set up job	2026-02-26T17:53:06.3145245Z Contents: write
handle-success	Set up job	2026-02-26T17:53:06.3145881Z Issues: write
handle-success	Set up job	2026-02-26T17:53:06.3146442Z Metadata: read
handle-success	Set up job	2026-02-26T17:53:06.3147058Z ##[endgroup]
handle-success	Set up job	2026-02-26T17:53:06.3149572Z Secret source: Actions
handle-success	Set up job	2026-02-26T17:53:06.3150395Z Prepare workflow directory
handle-success	Set up job	2026-02-26T17:53:06.3795923Z Prepare all required actions
handle-success	Set up job	2026-02-26T17:53:06.3861680Z Getting action download info
handle-success	Set up job	2026-02-26T17:53:07.1465617Z Download action repository 'actions/checkout@v4' (SHA:34e114876b0b11c390a56381ad16ebd13914f8d5)
handle-success	Set up job	2026-02-26T17:53:08.1725812Z Complete job name: handle-success
handle-success	Checkout repository	ï»¿2026-02-26T17:53:08.3157552Z ##[group]Run actions/checkout@v4
handle-success	Checkout repository	2026-02-26T17:53:08.3158693Z with:
handle-success	Checkout repository	2026-02-26T17:53:08.3169484Z   fetch-depth: 0
handle-success	Checkout repository	2026-02-26T17:53:08.3170268Z   repository: Ka0s-Klaus/ka0s
handle-success	Checkout repository	2026-02-26T17:53:08.3171118Z   token: ***
handle-success	Checkout repository	2026-02-26T17:53:08.3171551Z   ssh-strict: true
handle-success	Checkout repository	2026-02-26T17:53:08.3171975Z   ssh-user: git
handle-success	Checkout repository	2026-02-26T17:53:08.3172424Z   persist-credentials: true
handle-success	Checkout repository	2026-02-26T17:53:08.3172908Z   clean: true
handle-success	Checkout repository	2026-02-26T17:53:08.3173379Z   sparse-checkout-cone-mode: true
handle-success	Checkout repository	2026-02-26T17:53:08.3173900Z   fetch-tags: false
handle-success	Checkout repository	2026-02-26T17:53:08.3174362Z   show-progress: true
handle-success	Checkout repository	2026-02-26T17:53:08.3175024Z   lfs: false
handle-success	Checkout repository	2026-02-26T17:53:08.3175494Z   submodules: false
handle-success	Checkout repository	2026-02-26T17:53:08.3175943Z   set-safe-directory: true
handle-success	Checkout repository	2026-02-26T17:53:08.3177012Z env:
handle-success	Checkout repository	2026-02-26T17:53:08.3177483Z   KAOS_MODULE: [Ka0s] Audit Cluster Status
handle-success	Checkout repository	2026-02-26T17:53:08.3178048Z   KAOS_CODE: 22454331840
handle-success	Checkout repository	2026-02-26T17:53:08.3178503Z ##[endgroup]
handle-success	Checkout repository	2026-02-26T17:53:08.5859716Z Syncing repository: Ka0s-Klaus/ka0s
handle-success	Checkout repository	2026-02-26T17:53:08.5861891Z ##[group]Getting Git version info
handle-success	Checkout repository	2026-02-26T17:53:08.5862707Z Working directory is '/home/runner/_work/ka0s/ka0s'
handle-success	Checkout repository	2026-02-26T17:53:08.5863693Z [command]/usr/bin/git version
handle-success	Checkout repository	2026-02-26T17:53:08.5951201Z git version 2.53.0
handle-success	Checkout repository	2026-02-26T17:53:08.6034421Z ##[endgroup]
handle-success	Checkout repository	2026-02-26T17:53:08.6091580Z Temporarily overriding HOME='/home/runner/_work/_temp/f6e4989e-8990-488a-a42a-797623e43a2d' before making global git config changes
handle-success	Checkout repository	2026-02-26T17:53:08.6096751Z Adding repository directory to the temporary git global config as a safe directory
handle-success	Checkout repository	2026-02-26T17:53:08.6118661Z [command]/usr/bin/git config --global --add safe.directory /home/runner/_work/ka0s/ka0s
handle-success	Checkout repository	2026-02-26T17:53:08.6298666Z Deleting the contents of '/home/runner/_work/ka0s/ka0s'
handle-success	Checkout repository	2026-02-26T17:53:08.6299886Z ##[group]Initializing the repository
handle-success	Checkout repository	2026-02-26T17:53:08.6347119Z [command]/usr/bin/git init /home/runner/_work/ka0s/ka0s
handle-success	Checkout repository	2026-02-26T17:53:08.6556112Z hint: Using 'master' as the name for the initial branch. This default branch name
handle-success	Checkout repository	2026-02-26T17:53:08.6565493Z hint: will change to "main" in Git 3.0. To configure the initial branch name
handle-success	Checkout repository	2026-02-26T17:53:08.6566634Z hint: to use in all of your new repositories, which will suppress this warning,
handle-success	Checkout repository	2026-02-26T17:53:08.6567500Z hint: call:
handle-success	Checkout repository	2026-02-26T17:53:08.6568023Z hint:
handle-success	Checkout repository	2026-02-26T17:53:08.6568758Z hint: 	git config --global init.defaultBranch <name>
handle-success	Checkout repository	2026-02-26T17:53:08.6569455Z hint:
handle-success	Checkout repository	2026-02-26T17:53:08.6570035Z hint: Names commonly chosen instead of 'master' are 'main', 'trunk' and
handle-success	Checkout repository	2026-02-26T17:53:08.6570970Z hint: 'development'. The just-created branch can be renamed via this command:
handle-success	Checkout repository	2026-02-26T17:53:08.6571712Z hint:
handle-success	Checkout repository	2026-02-26T17:53:08.6572121Z hint: 	git branch -m <name>
handle-success	Checkout repository	2026-02-26T17:53:08.6572594Z hint:
handle-success	Checkout repository	2026-02-26T17:53:08.6645432Z hint: Disable this message with "git config set advice.defaultBranchName false"
handle-success	Checkout repository	2026-02-26T17:53:08.6656997Z Initialized empty Git repository in /home/runner/_work/ka0s/ka0s/.git/
handle-success	Checkout repository	2026-02-26T17:53:08.6659384Z [command]/usr/bin/git remote add origin https://github.com/Ka0s-Klaus/ka0s
handle-success	Checkout repository	2026-02-26T17:53:08.7053270Z ##[endgroup]
handle-success	Checkout repository	2026-02-26T17:53:08.7069658Z ##[group]Disabling automatic garbage collection
handle-success	Checkout repository	2026-02-26T17:53:08.7090720Z [command]/usr/bin/git config --local gc.auto 0
handle-success	Checkout repository	2026-02-26T17:53:08.7186899Z ##[endgroup]
handle-success	Checkout repository	2026-02-26T17:53:08.7187940Z ##[group]Setting up auth
handle-success	Checkout repository	2026-02-26T17:53:08.7195987Z [command]/usr/bin/git config --local --name-only --get-regexp core\.sshCommand
handle-success	Checkout repository	2026-02-26T17:53:08.7259868Z [command]/usr/bin/git submodule foreach --recursive sh -c "git config --local --name-only --get-regexp 'core\.sshCommand' && git config --local --unset-all 'core.sshCommand' || :"
handle-success	Checkout repository	2026-02-26T17:53:08.7684013Z [command]/usr/bin/git config --local --name-only --get-regexp http\.https\:\/\/github\.com\/\.extraheader
handle-success	Checkout repository	2026-02-26T17:53:08.7749572Z [command]/usr/bin/git submodule foreach --recursive sh -c "git config --local --name-only --get-regexp 'http\.https\:\/\/github\.com\/\.extraheader' && git config --local --unset-all 'http.https://github.com/.extraheader' || :"
handle-success	Checkout repository	2026-02-26T17:53:08.8223544Z [command]/usr/bin/git config --local --name-only --get-regexp ^includeIf\.gitdir:
handle-success	Checkout repository	2026-02-26T17:53:08.8312915Z [command]/usr/bin/git submodule foreach --recursive git config --local --show-origin --name-only --get-regexp remote.origin.url
handle-success	Checkout repository	2026-02-26T17:53:08.9123197Z [command]/usr/bin/git config --local http.https://github.com/.extraheader AUTHORIZATION: basic ***
handle-success	Checkout repository	2026-02-26T17:53:08.9275548Z ##[endgroup]
handle-success	Checkout repository	2026-02-26T17:53:08.9277091Z ##[group]Fetching the repository
handle-success	Checkout repository	2026-02-26T17:53:08.9282711Z [command]/usr/bin/git -c protocol.version=2 fetch --prune --no-recurse-submodules origin +refs/heads/*:refs/remotes/origin/* +refs/tags/*:refs/tags/*
handle-success	Checkout repository	2026-02-26T17:53:35.0868656Z From https://github.com/Ka0s-Klaus/ka0s
handle-success	Checkout repository	2026-02-26T17:53:35.0879532Z  * [new branch]          F3450-modelo-operativo -> origin/F3450-modelo-operativo
handle-success	Checkout repository	2026-02-26T17:53:35.0880699Z  * [new branch]          H1276-modulo-observabilidad -> origin/H1276-modulo-observabilidad
handle-success	Checkout repository	2026-02-26T17:53:35.0881539Z  * [new branch]          H3596-deploy-itop      -> origin/H3596-deploy-itop
handle-success	Checkout repository	2026-02-26T17:53:35.0882528Z  * [new branch]          H4170-flujo-detallado-zabbix---github -> origin/H4170-flujo-detallado-zabbix---github
handle-success	Checkout repository	2026-02-26T17:53:35.0883488Z  * [new branch]          H4191-request-cambios  -> origin/H4191-request-cambios
handle-success	Checkout repository	2026-02-26T17:53:35.0885728Z  * [new branch]          H4200-request-recomendaciones-de-auditoria -> origin/H4200-request-recomendaciones-de-auditoria
handle-success	Checkout repository	2026-02-26T17:53:35.0887357Z  * [new branch]          main                   -> origin/main
handle-success	Checkout repository	2026-02-26T17:53:35.0888181Z  * [new tag]             0.0.0                  -> 0.0.0
handle-success	Checkout repository	2026-02-26T17:53:35.0890030Z  * [new tag]             0.0.1                  -> 0.0.1
handle-success	Checkout repository	2026-02-26T17:53:35.0890465Z  * [new tag]             0.0.10                 -> 0.0.10
handle-success	Checkout repository	2026-02-26T17:53:35.0890974Z  * [new tag]             0.0.100                -> 0.0.100
handle-success	Checkout repository	2026-02-26T17:53:35.0891404Z  * [new tag]             0.0.101                -> 0.0.101
handle-success	Checkout repository	2026-02-26T17:53:35.0891804Z  * [new tag]             0.0.102                -> 0.0.102
handle-success	Checkout repository	2026-02-26T17:53:35.0892399Z  * [new tag]             0.0.103                -> 0.0.103
handle-success	Checkout repository	2026-02-26T17:53:35.0892901Z  * [new tag]             0.0.104                -> 0.0.104
handle-success	Checkout repository	2026-02-26T17:53:35.0893312Z  * [new tag]             0.0.105                -> 0.0.105
handle-success	Checkout repository	2026-02-26T17:53:35.0893735Z  * [new tag]             0.0.106                -> 0.0.106
handle-success	Checkout repository	2026-02-26T17:53:35.0894225Z  * [new tag]             0.0.107                -> 0.0.107
handle-success	Checkout repository	2026-02-26T17:53:35.0907928Z  * [new tag]             0.0.108                -> 0.0.108
handle-success	Checkout repository	2026-02-26T17:53:35.0908556Z  * [new tag]             0.0.109                -> 0.0.109
handle-success	Checkout repository	2026-02-26T17:53:35.0908974Z  * [new tag]             0.0.11                 -> 0.0.11
handle-success	Checkout repository	2026-02-26T17:53:35.0909414Z  * [new tag]             0.0.110                -> 0.0.110
handle-success	Checkout repository	2026-02-26T17:53:35.0909808Z  * [new tag]             0.0.111                -> 0.0.111
handle-success	Checkout repository	2026-02-26T17:53:35.0910519Z  * [new tag]             0.0.112                -> 0.0.112
handle-success	Checkout repository	2026-02-26T17:53:35.0912557Z  * [new tag]             0.0.113                -> 0.0.113
handle-success	Checkout repository	2026-02-26T17:53:35.0913839Z  * [new tag]             0.0.114                -> 0.0.114
handle-success	Checkout repository	2026-02-26T17:53:35.0914371Z  * [new tag]             0.0.115                -> 0.0.115
handle-success	Checkout repository	2026-02-26T17:53:35.0915309Z  * [new tag]             0.0.116                -> 0.0.116
handle-success	Checkout repository	2026-02-26T17:53:35.0916133Z  * [new tag]             0.0.117                -> 0.0.117
handle-success	Checkout repository	2026-02-26T17:53:35.0916746Z  * [new tag]             0.0.118                -> 0.0.118
handle-success	Checkout repository	2026-02-26T17:53:35.0917273Z  * [new tag]             0.0.119                -> 0.0.119
handle-success	Checkout repository	2026-02-26T17:53:35.0917789Z  * [new tag]             0.0.12                 -> 0.0.12
handle-success	Checkout repository	2026-02-26T17:53:35.0918304Z  * [new tag]             0.0.120                -> 0.0.120
handle-success	Checkout repository	2026-02-26T17:53:35.0918818Z  * [new tag]             0.0.121                -> 0.0.121
handle-success	Checkout repository	2026-02-26T17:53:35.0919331Z  * [new tag]             0.0.122                -> 0.0.122
handle-success	Checkout repository	2026-02-26T17:53:35.0919859Z  * [new tag]             0.0.123                -> 0.0.123
handle-success	Checkout repository	2026-02-26T17:53:35.0920842Z  * [new tag]             0.0.124                -> 0.0.124
handle-success	Checkout repository	2026-02-26T17:53:35.0921379Z  * [new tag]             0.0.125                -> 0.0.125
handle-success	Checkout repository	2026-02-26T17:53:35.0921898Z  * [new tag]             0.0.126                -> 0.0.126
handle-success	Checkout repository	2026-02-26T17:53:35.0923298Z  * [new tag]             0.0.127                -> 0.0.127
handle-success	Checkout repository	2026-02-26T17:53:35.0924035Z  * [new tag]             0.0.128                -> 0.0.128
handle-success	Checkout repository	2026-02-26T17:53:35.0925141Z  * [new tag]             0.0.129                -> 0.0.129
handle-success	Checkout repository	2026-02-26T17:53:35.0926146Z  * [new tag]             0.0.13                 -> 0.0.13
handle-success	Checkout repository	2026-02-26T17:53:35.0927371Z  * [new tag]             0.0.130                -> 0.0.130
handle-success	Checkout repository	2026-02-26T17:53:35.0928108Z  * [new tag]             0.0.131                -> 0.0.131
handle-success	Checkout repository	2026-02-26T17:53:35.0928916Z  * [new tag]             0.0.132                -> 0.0.132
handle-success	Checkout repository	2026-02-26T17:53:35.0930008Z  * [new tag]             0.0.133                -> 0.0.133
handle-success	Checkout repository	2026-02-26T17:53:35.0931671Z  * [new tag]             0.0.134                -> 0.0.134
handle-success	Checkout repository	2026-02-26T17:53:35.0932154Z  * [new tag]             0.0.135                -> 0.0.135
handle-success	Checkout repository	2026-02-26T17:53:35.0932545Z  * [new tag]             0.0.136                -> 0.0.136
handle-success	Checkout repository	2026-02-26T17:53:35.0932936Z  * [new tag]             0.0.137                -> 0.0.137
handle-success	Checkout repository	2026-02-26T17:53:35.0933325Z  * [new tag]             0.0.138                -> 0.0.138
handle-success	Checkout repository	2026-02-26T17:53:35.0933732Z  * [new tag]             0.0.139                -> 0.0.139
handle-success	Checkout repository	2026-02-26T17:53:35.0934125Z  * [new tag]             0.0.14                 -> 0.0.14
handle-success	Checkout repository	2026-02-26T17:53:35.0945139Z  * [new tag]             0.0.140                -> 0.0.140
handle-success	Checkout repository	2026-02-26T17:53:35.0952210Z  * [new tag]             0.0.141                -> 0.0.141
handle-success	Checkout repository	2026-02-26T17:53:35.0957503Z  * [new tag]             0.0.142                -> 0.0.142
handle-success	Checkout repository	2026-02-26T17:53:35.0958574Z  * [new tag]             0.0.143                -> 0.0.143
handle-success	Checkout repository	2026-02-26T17:53:35.0960402Z  * [new tag]             0.0.144                -> 0.0.144
handle-success	Checkout repository	2026-02-26T17:53:35.0962408Z  * [new tag]             0.0.145                -> 0.0.145
handle-success	Checkout repository	2026-02-26T17:53:35.0963145Z  * [new tag]             0.0.146                -> 0.0.146
handle-success	Checkout repository	2026-02-26T17:53:35.0963837Z  * [new tag]             0.0.147                -> 0.0.147
handle-success	Checkout repository	2026-02-26T17:53:35.0964479Z  * [new tag]             0.0.148                -> 0.0.148
handle-success	Checkout repository	2026-02-26T17:53:35.0965848Z  * [new tag]             0.0.149                -> 0.0.149
handle-success	Checkout repository	2026-02-26T17:53:35.0966299Z  * [new tag]             0.0.15                 -> 0.0.15
handle-success	Checkout repository	2026-02-26T17:53:35.0966737Z  * [new tag]             0.0.150                -> 0.0.150
handle-success	Checkout repository	2026-02-26T17:53:35.0967129Z  * [new tag]             0.0.151                -> 0.0.151
handle-success	Checkout repository	2026-02-26T17:53:35.0967519Z  * [new tag]             0.0.152                -> 0.0.152
handle-success	Checkout repository	2026-02-26T17:53:35.0967913Z  * [new tag]             0.0.153                -> 0.0.153
handle-success	Checkout repository	2026-02-26T17:53:35.0968318Z  * [new tag]             0.0.154                -> 0.0.154
handle-success	Checkout repository	2026-02-26T17:53:35.0968715Z  * [new tag]             0.0.155                -> 0.0.155
handle-success	Checkout repository	2026-02-26T17:53:35.0969149Z  * [new tag]             0.0.156                -> 0.0.156
handle-success	Checkout repository	2026-02-26T17:53:35.0969880Z  * [new tag]             0.0.157                -> 0.0.157
handle-success	Checkout repository	2026-02-26T17:53:35.0970279Z  * [new tag]             0.0.158                -> 0.0.158
handle-success	Checkout repository	2026-02-26T17:53:35.0970682Z  * [new tag]             0.0.159                -> 0.0.159
handle-success	Checkout repository	2026-02-26T17:53:35.0971085Z  * [new tag]             0.0.16                 -> 0.0.16
handle-success	Checkout repository	2026-02-26T17:53:35.0971491Z  * [new tag]             0.0.160                -> 0.0.160
handle-success	Checkout repository	2026-02-26T17:53:35.0971890Z  * [new tag]             0.0.161                -> 0.0.161
handle-success	Checkout repository	2026-02-26T17:53:35.0972290Z  * [new tag]             0.0.162                -> 0.0.162
handle-success	Checkout repository	2026-02-26T17:53:35.0972706Z  * [new tag]             0.0.163                -> 0.0.163
handle-success	Checkout repository	2026-02-26T17:53:35.0973109Z  * [new tag]             0.0.164                -> 0.0.164
handle-success	Checkout repository	2026-02-26T17:53:35.0973513Z  * [new tag]             0.0.165                -> 0.0.165
handle-success	Checkout repository	2026-02-26T17:53:35.0973913Z  * [new tag]             0.0.166                -> 0.0.166
handle-success	Checkout repository	2026-02-26T17:53:35.0990476Z  * [new tag]             0.0.167                -> 0.0.167
handle-success	Checkout repository	2026-02-26T17:53:35.0991106Z  * [new tag]             0.0.168                -> 0.0.168
handle-success	Checkout repository	2026-02-26T17:53:35.0991552Z  * [new tag]             0.0.169                -> 0.0.169
handle-success	Checkout repository	2026-02-26T17:53:35.0992009Z  * [new tag]             0.0.17                 -> 0.0.17
handle-success	Checkout repository	2026-02-26T17:53:35.0992526Z  * [new tag]             0.0.170                -> 0.0.170
handle-success	Checkout repository	2026-02-26T17:53:35.0992970Z  * [new tag]             0.0.171                -> 0.0.171
handle-success	Checkout repository	2026-02-26T17:53:35.0993392Z  * [new tag]             0.0.172                -> 0.0.172
handle-success	Checkout repository	2026-02-26T17:53:35.0993827Z  * [new tag]             0.0.173                -> 0.0.173
handle-success	Checkout repository	2026-02-26T17:53:35.1165096Z  * [new tag]             0.0.174                -> 0.0.174
handle-success	Checkout repository	2026-02-26T17:53:35.1166214Z  * [new tag]             0.0.175                -> 0.0.175
handle-success	Checkout repository	2026-02-26T17:53:35.1166710Z  * [new tag]             0.0.176                -> 0.0.176
handle-success	Checkout repository	2026-02-26T17:53:35.1167191Z  * [new tag]             0.0.177                -> 0.0.177
handle-success	Checkout repository	2026-02-26T17:53:35.1167628Z  * [new tag]             0.0.178                -> 0.0.178
handle-success	Checkout repository	2026-02-26T17:53:35.1168035Z  * [new tag]             0.0.179                -> 0.0.179
handle-success	Checkout repository	2026-02-26T17:53:35.1168459Z  * [new tag]             0.0.18                 -> 0.0.18
handle-success	Checkout repository	2026-02-26T17:53:35.1168869Z  * [new tag]             0.0.19                 -> 0.0.19
handle-success	Checkout repository	2026-02-26T17:53:35.1169296Z  * [new tag]             0.0.2                  -> 0.0.2
handle-success	Checkout repository	2026-02-26T17:53:35.1169733Z  * [new tag]             0.0.20                 -> 0.0.20
handle-success	Checkout repository	2026-02-26T17:53:35.1170147Z  * [new tag]             0.0.21                 -> 0.0.21
handle-success	Checkout repository	2026-02-26T17:53:35.1170574Z  * [new tag]             0.0.22                 -> 0.0.22
handle-success	Checkout repository	2026-02-26T17:53:35.1170987Z  * [new tag]             0.0.23                 -> 0.0.23
handle-success	Checkout repository	2026-02-26T17:53:35.1171388Z  * [new tag]             0.0.24                 -> 0.0.24
handle-success	Checkout repository	2026-02-26T17:53:35.1171790Z  * [new tag]             0.0.25                 -> 0.0.25
handle-success	Checkout repository	2026-02-26T17:53:35.1172216Z  * [new tag]             0.0.26                 -> 0.0.26
handle-success	Checkout repository	2026-02-26T17:53:35.1172643Z  * [new tag]             0.0.27                 -> 0.0.27
handle-success	Checkout repository	2026-02-26T17:53:35.1173040Z  * [new tag]             0.0.28                 -> 0.0.28
handle-success	Checkout repository	2026-02-26T17:53:35.1173450Z  * [new tag]             0.0.29                 -> 0.0.29
handle-success	Checkout repository	2026-02-26T17:53:35.1173869Z  * [new tag]             0.0.3                  -> 0.0.3
handle-success	Checkout repository	2026-02-26T17:53:35.1174279Z  * [new tag]             0.0.30                 -> 0.0.30
handle-success	Checkout repository	2026-02-26T17:53:35.1185487Z  * [new tag]             0.0.31                 -> 0.0.31
handle-success	Checkout repository	2026-02-26T17:53:35.1186106Z  * [new tag]             0.0.32                 -> 0.0.32
handle-success	Checkout repository	2026-02-26T17:53:35.1186530Z  * [new tag]             0.0.33                 -> 0.0.33
handle-success	Checkout repository	2026-02-26T17:53:35.1186934Z  * [new tag]             0.0.34                 -> 0.0.34
handle-success	Checkout repository	2026-02-26T17:53:35.1187344Z  * [new tag]             0.0.35                 -> 0.0.35
handle-success	Checkout repository	2026-02-26T17:53:35.1187745Z  * [new tag]             0.0.36                 -> 0.0.36
handle-success	Checkout repository	2026-02-26T17:53:35.1188593Z  * [new tag]             0.0.37                 -> 0.0.37
handle-success	Checkout repository	2026-02-26T17:53:35.1189170Z  * [new tag]             0.0.38                 -> 0.0.38
handle-success	Checkout repository	2026-02-26T17:53:35.1189577Z  * [new tag]             0.0.39                 -> 0.0.39
handle-success	Checkout repository	2026-02-26T17:53:35.1189990Z  * [new tag]             0.0.4                  -> 0.0.4
handle-success	Checkout repository	2026-02-26T17:53:35.1190388Z  * [new tag]             0.0.40                 -> 0.0.40
handle-success	Checkout repository	2026-02-26T17:53:35.1190793Z  * [new tag]             0.0.41                 -> 0.0.41
handle-success	Checkout repository	2026-02-26T17:53:35.1191196Z  * [new tag]             0.0.42                 -> 0.0.42
handle-success	Checkout repository	2026-02-26T17:53:35.1191605Z  * [new tag]             0.0.43                 -> 0.0.43
handle-success	Checkout repository	2026-02-26T17:53:35.1192006Z  * [new tag]             0.0.44                 -> 0.0.44
handle-success	Checkout repository	2026-02-26T17:53:35.1192406Z  * [new tag]             0.0.45                 -> 0.0.45
handle-success	Checkout repository	2026-02-26T17:53:35.1192809Z  * [new tag]             0.0.46                 -> 0.0.46
handle-success	Checkout repository	2026-02-26T17:53:35.1193212Z  * [new tag]             0.0.47                 -> 0.0.47
handle-success	Checkout repository	2026-02-26T17:53:35.1193919Z  * [new tag]             0.0.48                 -> 0.0.48
handle-success	Checkout repository	2026-02-26T17:53:35.1194326Z  * [new tag]             0.0.49                 -> 0.0.49
handle-success	Checkout repository	2026-02-26T17:53:35.1205321Z  * [new tag]             0.0.5                  -> 0.0.5
handle-success	Checkout repository	2026-02-26T17:53:35.1205807Z  * [new tag]             0.0.50                 -> 0.0.50
handle-success	Checkout repository	2026-02-26T17:53:35.1206210Z  * [new tag]             0.0.51                 -> 0.0.51
handle-success	Checkout repository	2026-02-26T17:53:35.1206624Z  * [new tag]             0.0.52                 -> 0.0.52
handle-success	Checkout repository	2026-02-26T17:53:35.1207033Z  * [new tag]             0.0.53                 -> 0.0.53
handle-success	Checkout repository	2026-02-26T17:53:35.1207452Z  * [new tag]             0.0.54                 -> 0.0.54
handle-success	Checkout repository	2026-02-26T17:53:35.1207858Z  * [new tag]             0.0.55                 -> 0.0.55
handle-success	Checkout repository	2026-02-26T17:53:35.1208266Z  * [new tag]             0.0.56                 -> 0.0.56
handle-success	Checkout repository	2026-02-26T17:53:35.1208681Z  * [new tag]             0.0.57                 -> 0.0.57
handle-success	Checkout repository	2026-02-26T17:53:35.1209093Z  * [new tag]             0.0.58                 -> 0.0.58
handle-success	Checkout repository	2026-02-26T17:53:35.1209570Z  * [new tag]             0.0.59                 -> 0.0.59
handle-success	Checkout repository	2026-02-26T17:53:35.1209981Z  * [new tag]             0.0.6                  -> 0.0.6
handle-success	Checkout repository	2026-02-26T17:53:35.1210398Z  * [new tag]             0.0.60                 -> 0.0.60
handle-success	Checkout repository	2026-02-26T17:53:35.1210809Z  * [new tag]             0.0.61                 -> 0.0.61
handle-success	Checkout repository	2026-02-26T17:53:35.1211238Z  * [new tag]             0.0.62                 -> 0.0.62
handle-success	Checkout repository	2026-02-26T17:53:35.1211652Z  * [new tag]             0.0.63                 -> 0.0.63
handle-success	Checkout repository	2026-02-26T17:53:35.1212063Z  * [new tag]             0.0.64                 -> 0.0.64
handle-success	Checkout repository	2026-02-26T17:53:35.1212474Z  * [new tag]             0.0.65                 -> 0.0.65
handle-success	Checkout repository	2026-02-26T17:53:35.1212881Z  * [new tag]             0.0.66                 -> 0.0.66
handle-success	Checkout repository	2026-02-26T17:53:35.1213302Z  * [new tag]             0.0.67                 -> 0.0.67
handle-success	Checkout repository	2026-02-26T17:53:35.1213703Z  * [new tag]             0.0.68                 -> 0.0.68
handle-success	Checkout repository	2026-02-26T17:53:35.1214119Z  * [new tag]             0.0.69                 -> 0.0.69
handle-success	Checkout repository	2026-02-26T17:53:35.1224893Z  * [new tag]             0.0.7                  -> 0.0.7
handle-success	Checkout repository	2026-02-26T17:53:35.1225545Z  * [new tag]             0.0.70                 -> 0.0.70
handle-success	Checkout repository	2026-02-26T17:53:35.1225948Z  * [new tag]             0.0.71                 -> 0.0.71
handle-success	Checkout repository	2026-02-26T17:53:35.1226348Z  * [new tag]             0.0.72                 -> 0.0.72
handle-success	Checkout repository	2026-02-26T17:53:35.1226740Z  * [new tag]             0.0.73                 -> 0.0.73
handle-success	Checkout repository	2026-02-26T17:53:35.1227135Z  * [new tag]             0.0.74                 -> 0.0.74
handle-success	Checkout repository	2026-02-26T17:53:35.1227534Z  * [new tag]             0.0.75                 -> 0.0.75
handle-success	Checkout repository	2026-02-26T17:53:35.1227929Z  * [new tag]             0.0.76                 -> 0.0.76
handle-success	Checkout repository	2026-02-26T17:53:35.1228319Z  * [new tag]             0.0.77                 -> 0.0.77
handle-success	Checkout repository	2026-02-26T17:53:35.1228711Z  * [new tag]             0.0.78                 -> 0.0.78
handle-success	Checkout repository	2026-02-26T17:53:35.1229095Z  * [new tag]             0.0.79                 -> 0.0.79
handle-success	Checkout repository	2026-02-26T17:53:35.1229534Z  * [new tag]             0.0.8                  -> 0.0.8
handle-success	Checkout repository	2026-02-26T17:53:35.1230260Z  * [new tag]             0.0.80                 -> 0.0.80
handle-success	Checkout repository	2026-02-26T17:53:35.1230656Z  * [new tag]             0.0.81                 -> 0.0.81
handle-success	Checkout repository	2026-02-26T17:53:35.1231046Z  * [new tag]             0.0.82                 -> 0.0.82
handle-success	Checkout repository	2026-02-26T17:53:35.1231436Z  * [new tag]             0.0.83                 -> 0.0.83
handle-success	Checkout repository	2026-02-26T17:53:35.1231826Z  * [new tag]             0.0.84                 -> 0.0.84
handle-success	Checkout repository	2026-02-26T17:53:35.1232212Z  * [new tag]             0.0.85                 -> 0.0.85
handle-success	Checkout repository	2026-02-26T17:53:35.1232607Z  * [new tag]             0.0.86                 -> 0.0.86
handle-success	Checkout repository	2026-02-26T17:53:35.1232997Z  * [new tag]             0.0.87                 -> 0.0.87
handle-success	Checkout repository	2026-02-26T17:53:35.1233396Z  * [new tag]             0.0.88                 -> 0.0.88
handle-success	Checkout repository	2026-02-26T17:53:35.1233792Z  * [new tag]             0.0.89                 -> 0.0.89
handle-success	Checkout repository	2026-02-26T17:53:35.1234184Z  * [new tag]             0.0.9                  -> 0.0.9
handle-success	Checkout repository	2026-02-26T17:53:35.1245376Z  * [new tag]             0.0.90                 -> 0.0.90
handle-success	Checkout repository	2026-02-26T17:53:35.1245794Z  * [new tag]             0.0.91                 -> 0.0.91
handle-success	Checkout repository	2026-02-26T17:53:35.1246188Z  * [new tag]             0.0.92                 -> 0.0.92
handle-success	Checkout repository	2026-02-26T17:53:35.1246580Z  * [new tag]             0.0.93                 -> 0.0.93
handle-success	Checkout repository	2026-02-26T17:53:35.1246969Z  * [new tag]             0.0.94                 -> 0.0.94
handle-success	Checkout repository	2026-02-26T17:53:35.1247355Z  * [new tag]             0.0.95                 -> 0.0.95
handle-success	Checkout repository	2026-02-26T17:53:35.1247743Z  * [new tag]             0.0.96                 -> 0.0.96
handle-success	Checkout repository	2026-02-26T17:53:35.1248130Z  * [new tag]             0.0.97                 -> 0.0.97
handle-success	Checkout repository	2026-02-26T17:53:35.1248516Z  * [new tag]             0.0.98                 -> 0.0.98
handle-success	Checkout repository	2026-02-26T17:53:35.1248903Z  * [new tag]             0.0.99                 -> 0.0.99
handle-success	Checkout repository	2026-02-26T17:53:35.1249288Z  * [new tag]             0.1.0                  -> 0.1.0
handle-success	Checkout repository	2026-02-26T17:53:35.1249676Z  * [new tag]             0.1.1                  -> 0.1.1
handle-success	Checkout repository	2026-02-26T17:53:35.1250087Z  * [new tag]             0.2.0                  -> 0.2.0
handle-success	Checkout repository	2026-02-26T17:53:35.1250471Z  * [new tag]             0.3.0                  -> 0.3.0
handle-success	Checkout repository	2026-02-26T17:53:35.1250855Z  * [new tag]             0.3.1                  -> 0.3.1
handle-success	Checkout repository	2026-02-26T17:53:35.1251285Z  * [new tag]             0.3.10                 -> 0.3.10
handle-success	Checkout repository	2026-02-26T17:53:35.1251681Z  * [new tag]             0.3.11                 -> 0.3.11
handle-success	Checkout repository	2026-02-26T17:53:35.1252087Z  * [new tag]             0.3.12                 -> 0.3.12
handle-success	Checkout repository	2026-02-26T17:53:35.1252478Z  * [new tag]             0.3.13                 -> 0.3.13
handle-success	Checkout repository	2026-02-26T17:53:35.1252870Z  * [new tag]             0.3.14                 -> 0.3.14
handle-success	Checkout repository	2026-02-26T17:53:35.1253266Z  * [new tag]             0.3.15                 -> 0.3.15
handle-success	Checkout repository	2026-02-26T17:53:35.1253659Z  * [new tag]             0.3.16                 -> 0.3.16
handle-success	Checkout repository	2026-02-26T17:53:35.1254063Z  * [new tag]             0.3.17                 -> 0.3.17
handle-success	Checkout repository	2026-02-26T17:53:35.1254470Z  * [new tag]             0.3.2                  -> 0.3.2
handle-success	Checkout repository	2026-02-26T17:53:35.1265653Z  * [new tag]             0.3.3                  -> 0.3.3
handle-success	Checkout repository	2026-02-26T17:53:35.1266090Z  * [new tag]             0.3.4                  -> 0.3.4
handle-success	Checkout repository	2026-02-26T17:53:35.1266479Z  * [new tag]             0.3.5                  -> 0.3.5
handle-success	Checkout repository	2026-02-26T17:53:35.1266864Z  * [new tag]             0.3.6                  -> 0.3.6
handle-success	Checkout repository	2026-02-26T17:53:35.1267255Z  * [new tag]             0.3.7                  -> 0.3.7
handle-success	Checkout repository	2026-02-26T17:53:35.1267643Z  * [new tag]             0.3.8                  -> 0.3.8
handle-success	Checkout repository	2026-02-26T17:53:35.1268029Z  * [new tag]             0.3.9                  -> 0.3.9
handle-success	Checkout repository	2026-02-26T17:53:35.1268417Z  * [new tag]             0.4.0                  -> 0.4.0
handle-success	Checkout repository	2026-02-26T17:53:35.1268802Z  * [new tag]             0.4.1                  -> 0.4.1
handle-success	Checkout repository	2026-02-26T17:53:35.1269198Z  * [new tag]             0.4.2                  -> 0.4.2
handle-success	Checkout repository	2026-02-26T17:53:35.1269579Z  * [new tag]             0.4.3                  -> 0.4.3
handle-success	Checkout repository	2026-02-26T17:53:35.1270006Z  * [new tag]             0.4.4                  -> 0.4.4
handle-success	Checkout repository	2026-02-26T17:53:35.1270778Z  * [new tag]             0.4.5                  -> 0.4.5
handle-success	Checkout repository	2026-02-26T17:53:35.1271165Z  * [new tag]             0.4.6                  -> 0.4.6
handle-success	Checkout repository	2026-02-26T17:53:35.1271556Z  * [new tag]             0.4.7                  -> 0.4.7
handle-success	Checkout repository	2026-02-26T17:53:35.1271944Z  * [new tag]             0.4.8                  -> 0.4.8
handle-success	Checkout repository	2026-02-26T17:53:35.1272334Z  * [new tag]             0.4.9                  -> 0.4.9
handle-success	Checkout repository	2026-02-26T17:53:35.1272716Z  * [new tag]             0.5.0                  -> 0.5.0
handle-success	Checkout repository	2026-02-26T17:53:35.1273104Z  * [new tag]             0.5.1                  -> 0.5.1
handle-success	Checkout repository	2026-02-26T17:53:35.1273498Z  * [new tag]             0.5.2                  -> 0.5.2
handle-success	Checkout repository	2026-02-26T17:53:35.1273881Z  * [new tag]             0.6.0                  -> 0.6.0
handle-success	Checkout repository	2026-02-26T17:53:35.1274269Z  * [new tag]             0.6.1                  -> 0.6.1
handle-success	Checkout repository	2026-02-26T17:53:35.1285075Z  * [new tag]             0.6.2                  -> 0.6.2
handle-success	Checkout repository	2026-02-26T17:53:35.1285847Z  * [new tag]             0.6.3                  -> 0.6.3
handle-success	Checkout repository	2026-02-26T17:53:35.1286250Z  * [new tag]             0.6.4                  -> 0.6.4
handle-success	Checkout repository	2026-02-26T17:53:35.1286645Z  * [new tag]             0.6.5                  -> 0.6.5
handle-success	Checkout repository	2026-02-26T17:53:35.1287030Z  * [new tag]             0.6.6                  -> 0.6.6
handle-success	Checkout repository	2026-02-26T17:53:35.1558085Z [command]/usr/bin/git branch --list --remote origin/main
handle-success	Checkout repository	2026-02-26T17:53:35.1650475Z   origin/main
handle-success	Checkout repository	2026-02-26T17:53:35.1674325Z [command]/usr/bin/git rev-parse refs/remotes/origin/main
handle-success	Checkout repository	2026-02-26T17:53:35.1727276Z 9a4aa0167bd4092bd38c7eb58b44a1c610b8bf12
handle-success	Checkout repository	2026-02-26T17:53:35.1750963Z [command]/usr/bin/git -c protocol.version=2 fetch --no-tags --prune --no-recurse-submodules origin +663a1225839bb59daebaaf75bab61832cd9b3723:refs/remotes/origin/main
handle-success	Checkout repository	2026-02-26T17:53:35.2069250Z From https://github.com/Ka0s-Klaus/ka0s
handle-success	Checkout repository	2026-02-26T17:53:35.2070846Z  + 9a4aa0167...663a12258 663a1225839bb59daebaaf75bab61832cd9b3723 -> origin/main  (forced update)
handle-success	Checkout repository	2026-02-26T17:53:35.2118621Z ##[endgroup]
handle-success	Checkout repository	2026-02-26T17:53:35.2119950Z ##[group]Determining the checkout info
handle-success	Checkout repository	2026-02-26T17:53:35.2122514Z ##[endgroup]
handle-success	Checkout repository	2026-02-26T17:53:35.2136625Z [command]/usr/bin/git sparse-checkout disable
handle-success	Checkout repository	2026-02-26T17:53:35.2221868Z [command]/usr/bin/git config --local --unset-all extensions.worktreeConfig
handle-success	Checkout repository	2026-02-26T17:53:35.2277627Z ##[group]Checking out the ref
handle-success	Checkout repository	2026-02-26T17:53:35.2289893Z [command]/usr/bin/git checkout --progress --force -B main refs/remotes/origin/main
handle-success	Checkout repository	2026-02-26T17:53:35.6218209Z Switched to a new branch 'main'
handle-success	Checkout repository	2026-02-26T17:53:35.6219223Z branch 'main' set up to track 'origin/main'.
handle-success	Checkout repository	2026-02-26T17:53:35.6261692Z ##[endgroup]
handle-success	Checkout repository	2026-02-26T17:53:35.6344282Z [command]/usr/bin/git log -1 --format=%H
handle-success	Checkout repository	2026-02-26T17:53:35.6383502Z 663a1225839bb59daebaaf75bab61832cd9b3723
handle-success	Success notification	ï»¿2026-02-26T17:53:35.6654836Z ##[group]Run echo "Cluster status audit completed successfully for run 22454331840."
handle-success	Success notification	2026-02-26T17:53:35.6655537Z [36;1mecho "Cluster status audit completed successfully for run 22454331840."[0m
handle-success	Success notification	2026-02-26T17:53:35.6671114Z shell: /usr/bin/bash -e {0}
handle-success	Success notification	2026-02-26T17:53:35.6671423Z env:
handle-success	Success notification	2026-02-26T17:53:35.6671632Z   KAOS_MODULE: [Ka0s] Audit Cluster Status
handle-success	Success notification	2026-02-26T17:53:35.6671907Z   KAOS_CODE: 22454331840
handle-success	Success notification	2026-02-26T17:53:35.6672450Z   GH_TOKEN: ***
handle-success	Success notification	2026-02-26T17:53:35.6672646Z ##[endgroup]
handle-success	Success notification	2026-02-26T17:53:35.6752222Z Cluster status audit completed successfully for run 22454331840.
handle-success	Post Checkout repository	ï»¿2026-02-26T17:53:35.6928624Z Post job cleanup.
handle-success	Post Checkout repository	2026-02-26T17:53:35.8187889Z [command]/usr/bin/git version
handle-success	Post Checkout repository	2026-02-26T17:53:35.8250663Z git version 2.53.0
handle-success	Post Checkout repository	2026-02-26T17:53:35.8366160Z Temporarily overriding HOME='/home/runner/_work/_temp/323f0049-89e4-4033-b102-0a7db92015ce' before making global git config changes
handle-success	Post Checkout repository	2026-02-26T17:53:35.8367010Z Adding repository directory to the temporary git global config as a safe directory
handle-success	Post Checkout repository	2026-02-26T17:53:35.8367635Z [command]/usr/bin/git config --global --add safe.directory /home/runner/_work/ka0s/ka0s
handle-success	Post Checkout repository	2026-02-26T17:53:35.8415435Z [command]/usr/bin/git config --local --name-only --get-regexp core\.sshCommand
handle-success	Post Checkout repository	2026-02-26T17:53:35.8568186Z [command]/usr/bin/git submodule foreach --recursive sh -c "git config --local --name-only --get-regexp 'core\.sshCommand' && git config --local --unset-all 'core.sshCommand' || :"
handle-success	Post Checkout repository	2026-02-26T17:53:35.9271008Z [command]/usr/bin/git config --local --name-only --get-regexp http\.https\:\/\/github\.com\/\.extraheader
handle-success	Post Checkout repository	2026-02-26T17:53:35.9308835Z http.https://github.com/.extraheader
handle-success	Post Checkout repository	2026-02-26T17:53:35.9339786Z [command]/usr/bin/git config --local --unset-all http.https://github.com/.extraheader
handle-success	Post Checkout repository	2026-02-26T17:53:35.9431274Z [command]/usr/bin/git submodule foreach --recursive sh -c "git config --local --name-only --get-regexp 'http\.https\:\/\/github\.com\/\.extraheader' && git config --local --unset-all 'http.https://github.com/.extraheader' || :"
handle-success	Post Checkout repository	2026-02-26T17:53:36.0036166Z [command]/usr/bin/git config --local --name-only --get-regexp ^includeIf\.gitdir:
handle-success	Post Checkout repository	2026-02-26T17:53:36.0111037Z [command]/usr/bin/git submodule foreach --recursive git config --local --show-origin --name-only --get-regexp remote.origin.url
handle-success	Complete job	ï»¿2026-02-26T17:53:36.0619921Z Cleaning up orphan processes
end-workflow	Set up job	ï»¿2026-02-26T17:53:50.0893486Z Current runner version: '2.332.0'
end-workflow	Set up job	2026-02-26T17:53:50.0920025Z Runner name: 'swarm-runners-scaleset-hkss5-runner-5s8zd'
end-workflow	Set up job	2026-02-26T17:53:50.0921091Z Runner group name: 'Default'
end-workflow	Set up job	2026-02-26T17:53:50.0922336Z Machine name: 'swarm-runners-scaleset-hkss5-runner-5s8zd'
end-workflow	Set up job	2026-02-26T17:53:50.0936060Z ##[group]GITHUB_TOKEN Permissions
end-workflow	Set up job	2026-02-26T17:53:50.0946296Z Actions: write
end-workflow	Set up job	2026-02-26T17:53:50.0946939Z Contents: write
end-workflow	Set up job	2026-02-26T17:53:50.0947689Z Issues: write
end-workflow	Set up job	2026-02-26T17:53:50.0948316Z Metadata: read
end-workflow	Set up job	2026-02-26T17:53:50.0948810Z ##[endgroup]
end-workflow	Set up job	2026-02-26T17:53:50.0955406Z Secret source: Actions
end-workflow	Set up job	2026-02-26T17:53:50.0956415Z Prepare workflow directory
end-workflow	Set up job	2026-02-26T17:53:50.2527590Z Prepare all required actions
end-workflow	Set up job	2026-02-26T17:53:50.2620800Z Getting action download info
end-workflow	Set up job	2026-02-26T17:53:51.1144045Z Download action repository 'actions/checkout@v4' (SHA:34e114876b0b11c390a56381ad16ebd13914f8d5)
end-workflow	Set up job	2026-02-26T17:53:52.3050827Z Complete job name: end-workflow
end-workflow	Checkout repository	ï»¿2026-02-26T17:53:52.4076529Z ##[group]Run actions/checkout@v4
end-workflow	Checkout repository	2026-02-26T17:53:52.4078620Z with:
end-workflow	Checkout repository	2026-02-26T17:53:52.4079061Z   fetch-depth: 0
end-workflow	Checkout repository	2026-02-26T17:53:52.4079488Z   repository: Ka0s-Klaus/ka0s
end-workflow	Checkout repository	2026-02-26T17:53:52.4080370Z   token: ***
end-workflow	Checkout repository	2026-02-26T17:53:52.4080757Z   ssh-strict: true
end-workflow	Checkout repository	2026-02-26T17:53:52.4081152Z   ssh-user: git
end-workflow	Checkout repository	2026-02-26T17:53:52.4081562Z   persist-credentials: true
end-workflow	Checkout repository	2026-02-26T17:53:52.4082017Z   clean: true
end-workflow	Checkout repository	2026-02-26T17:53:52.4082420Z   sparse-checkout-cone-mode: true
end-workflow	Checkout repository	2026-02-26T17:53:52.4082914Z   fetch-tags: false
end-workflow	Checkout repository	2026-02-26T17:53:52.4083317Z   show-progress: true
end-workflow	Checkout repository	2026-02-26T17:53:52.4083730Z   lfs: false
end-workflow	Checkout repository	2026-02-26T17:53:52.4084139Z   submodules: false
end-workflow	Checkout repository	2026-02-26T17:53:52.4104708Z   set-safe-directory: true
end-workflow	Checkout repository	2026-02-26T17:53:52.4105809Z env:
end-workflow	Checkout repository	2026-02-26T17:53:52.4106236Z   KAOS_MODULE: [Ka0s] Audit Cluster Status
end-workflow	Checkout repository	2026-02-26T17:53:52.4106782Z   KAOS_CODE: 22454331840
end-workflow	Checkout repository	2026-02-26T17:53:52.4107211Z ##[endgroup]
end-workflow	Checkout repository	2026-02-26T17:53:52.6598184Z Syncing repository: Ka0s-Klaus/ka0s
end-workflow	Checkout repository	2026-02-26T17:53:52.6600401Z ##[group]Getting Git version info
end-workflow	Checkout repository	2026-02-26T17:53:52.6601190Z Working directory is '/home/runner/_work/ka0s/ka0s'
end-workflow	Checkout repository	2026-02-26T17:53:52.6602156Z [command]/usr/bin/git version
end-workflow	Checkout repository	2026-02-26T17:53:52.6602642Z git version 2.53.0
end-workflow	Checkout repository	2026-02-26T17:53:52.6604206Z ##[endgroup]
end-workflow	Checkout repository	2026-02-26T17:53:52.6652186Z Temporarily overriding HOME='/home/runner/_work/_temp/21a6e967-5f25-4976-aeb7-151c4ce2f924' before making global git config changes
end-workflow	Checkout repository	2026-02-26T17:53:52.6653605Z Adding repository directory to the temporary git global config as a safe directory
end-workflow	Checkout repository	2026-02-26T17:53:52.6705273Z [command]/usr/bin/git config --global --add safe.directory /home/runner/_work/ka0s/ka0s
end-workflow	Checkout repository	2026-02-26T17:53:52.6707437Z Deleting the contents of '/home/runner/_work/ka0s/ka0s'
end-workflow	Checkout repository	2026-02-26T17:53:52.6708510Z ##[group]Initializing the repository
end-workflow	Checkout repository	2026-02-26T17:53:52.6709153Z [command]/usr/bin/git init /home/runner/_work/ka0s/ka0s
end-workflow	Checkout repository	2026-02-26T17:53:52.6709970Z hint: Using 'master' as the name for the initial branch. This default branch name
end-workflow	Checkout repository	2026-02-26T17:53:52.6710892Z hint: will change to "main" in Git 3.0. To configure the initial branch name
end-workflow	Checkout repository	2026-02-26T17:53:52.6711891Z hint: to use in all of your new repositories, which will suppress this warning,
end-workflow	Checkout repository	2026-02-26T17:53:52.6712612Z hint: call:
end-workflow	Checkout repository	2026-02-26T17:53:52.6712971Z hint:
end-workflow	Checkout repository	2026-02-26T17:53:52.6713459Z hint: 	git config --global init.defaultBranch <name>
end-workflow	Checkout repository	2026-02-26T17:53:52.6714033Z hint:
end-workflow	Checkout repository	2026-02-26T17:53:52.6752320Z hint: Names commonly chosen instead of 'master' are 'main', 'trunk' and
end-workflow	Checkout repository	2026-02-26T17:53:52.6753727Z hint: 'development'. The just-created branch can be renamed via this command:
end-workflow	Checkout repository	2026-02-26T17:53:52.6754803Z hint:
end-workflow	Checkout repository	2026-02-26T17:53:52.6755236Z hint: 	git branch -m <name>
end-workflow	Checkout repository	2026-02-26T17:53:52.6755682Z hint:
end-workflow	Checkout repository	2026-02-26T17:53:52.6756282Z hint: Disable this message with "git config set advice.defaultBranchName false"
end-workflow	Checkout repository	2026-02-26T17:53:52.6757206Z Initialized empty Git repository in /home/runner/_work/ka0s/ka0s/.git/
end-workflow	Checkout repository	2026-02-26T17:53:52.6906774Z [command]/usr/bin/git remote add origin https://github.com/Ka0s-Klaus/ka0s
end-workflow	Checkout repository	2026-02-26T17:53:52.6919252Z ##[endgroup]
end-workflow	Checkout repository	2026-02-26T17:53:52.6920978Z ##[group]Disabling automatic garbage collection
end-workflow	Checkout repository	2026-02-26T17:53:52.6921663Z [command]/usr/bin/git config --local gc.auto 0
end-workflow	Checkout repository	2026-02-26T17:53:52.6922991Z ##[endgroup]
end-workflow	Checkout repository	2026-02-26T17:53:52.6923652Z ##[group]Setting up auth
end-workflow	Checkout repository	2026-02-26T17:53:52.6924330Z [command]/usr/bin/git config --local --name-only --get-regexp core\.sshCommand
end-workflow	Checkout repository	2026-02-26T17:53:52.6968318Z [command]/usr/bin/git submodule foreach --recursive sh -c "git config --local --name-only --get-regexp 'core\.sshCommand' && git config --local --unset-all 'core.sshCommand' || :"
end-workflow	Checkout repository	2026-02-26T17:53:52.7414443Z [command]/usr/bin/git config --local --name-only --get-regexp http\.https\:\/\/github\.com\/\.extraheader
end-workflow	Checkout repository	2026-02-26T17:53:52.7479382Z [command]/usr/bin/git submodule foreach --recursive sh -c "git config --local --name-only --get-regexp 'http\.https\:\/\/github\.com\/\.extraheader' && git config --local --unset-all 'http.https://github.com/.extraheader' || :"
end-workflow	Checkout repository	2026-02-26T17:53:52.7862004Z [command]/usr/bin/git config --local --name-only --get-regexp ^includeIf\.gitdir:
end-workflow	Checkout repository	2026-02-26T17:53:52.7921822Z [command]/usr/bin/git submodule foreach --recursive git config --local --show-origin --name-only --get-regexp remote.origin.url
end-workflow	Checkout repository	2026-02-26T17:53:52.8311199Z [command]/usr/bin/git config --local http.https://github.com/.extraheader AUTHORIZATION: basic ***
end-workflow	Checkout repository	2026-02-26T17:53:52.8375248Z ##[endgroup]
end-workflow	Checkout repository	2026-02-26T17:53:52.8377596Z ##[group]Fetching the repository
end-workflow	Checkout repository	2026-02-26T17:53:52.8393966Z [command]/usr/bin/git -c protocol.version=2 fetch --prune --no-recurse-submodules origin +refs/heads/*:refs/remotes/origin/* +refs/tags/*:refs/tags/*
end-workflow	Checkout repository	2026-02-26T17:54:28.4067598Z From https://github.com/Ka0s-Klaus/ka0s
end-workflow	Checkout repository	2026-02-26T17:54:28.4069200Z  * [new branch]          F3450-modelo-operativo -> origin/F3450-modelo-operativo
end-workflow	Checkout repository	2026-02-26T17:54:28.4070262Z  * [new branch]          H1276-modulo-observabilidad -> origin/H1276-modulo-observabilidad
end-workflow	Checkout repository	2026-02-26T17:54:28.4070965Z  * [new branch]          H3596-deploy-itop      -> origin/H3596-deploy-itop
end-workflow	Checkout repository	2026-02-26T17:54:28.4071745Z  * [new branch]          H4170-flujo-detallado-zabbix---github -> origin/H4170-flujo-detallado-zabbix---github
end-workflow	Checkout repository	2026-02-26T17:54:28.4072488Z  * [new branch]          H4191-request-cambios  -> origin/H4191-request-cambios
end-workflow	Checkout repository	2026-02-26T17:54:28.4073308Z  * [new branch]          H4200-request-recomendaciones-de-auditoria -> origin/H4200-request-recomendaciones-de-auditoria
end-workflow	Checkout repository	2026-02-26T17:54:28.4074023Z  * [new branch]          main                   -> origin/main
end-workflow	Checkout repository	2026-02-26T17:54:28.4074456Z  * [new tag]             0.0.0                  -> 0.0.0
end-workflow	Checkout repository	2026-02-26T17:54:28.4075095Z  * [new tag]             0.0.1                  -> 0.0.1
end-workflow	Checkout repository	2026-02-26T17:54:28.4075510Z  * [new tag]             0.0.10                 -> 0.0.10
end-workflow	Checkout repository	2026-02-26T17:54:28.4075942Z  * [new tag]             0.0.100                -> 0.0.100
end-workflow	Checkout repository	2026-02-26T17:54:28.4076398Z  * [new tag]             0.0.101                -> 0.0.101
end-workflow	Checkout repository	2026-02-26T17:54:28.4076803Z  * [new tag]             0.0.102                -> 0.0.102
end-workflow	Checkout repository	2026-02-26T17:54:28.4077404Z  * [new tag]             0.0.103                -> 0.0.103
end-workflow	Checkout repository	2026-02-26T17:54:28.4077917Z  * [new tag]             0.0.104                -> 0.0.104
end-workflow	Checkout repository	2026-02-26T17:54:28.4078325Z  * [new tag]             0.0.105                -> 0.0.105
end-workflow	Checkout repository	2026-02-26T17:54:28.4078734Z  * [new tag]             0.0.106                -> 0.0.106
end-workflow	Checkout repository	2026-02-26T17:54:28.4079174Z  * [new tag]             0.0.107                -> 0.0.107
end-workflow	Checkout repository	2026-02-26T17:54:28.4079582Z  * [new tag]             0.0.108                -> 0.0.108
end-workflow	Checkout repository	2026-02-26T17:54:28.4079994Z  * [new tag]             0.0.109                -> 0.0.109
end-workflow	Checkout repository	2026-02-26T17:54:28.4080404Z  * [new tag]             0.0.11                 -> 0.0.11
end-workflow	Checkout repository	2026-02-26T17:54:28.4080825Z  * [new tag]             0.0.110                -> 0.0.110
end-workflow	Checkout repository	2026-02-26T17:54:28.4081285Z  * [new tag]             0.0.111                -> 0.0.111
end-workflow	Checkout repository	2026-02-26T17:54:28.4081726Z  * [new tag]             0.0.112                -> 0.0.112
end-workflow	Checkout repository	2026-02-26T17:54:28.4082161Z  * [new tag]             0.0.113                -> 0.0.113
end-workflow	Checkout repository	2026-02-26T17:54:28.4083224Z  * [new tag]             0.0.114                -> 0.0.114
end-workflow	Checkout repository	2026-02-26T17:54:28.4083863Z  * [new tag]             0.0.115                -> 0.0.115
end-workflow	Checkout repository	2026-02-26T17:54:28.4084288Z  * [new tag]             0.0.116                -> 0.0.116
end-workflow	Checkout repository	2026-02-26T17:54:28.4084908Z  * [new tag]             0.0.117                -> 0.0.117
end-workflow	Checkout repository	2026-02-26T17:54:28.4085383Z  * [new tag]             0.0.118                -> 0.0.118
end-workflow	Checkout repository	2026-02-26T17:54:28.4085788Z  * [new tag]             0.0.119                -> 0.0.119
end-workflow	Checkout repository	2026-02-26T17:54:28.4086204Z  * [new tag]             0.0.12                 -> 0.0.12
end-workflow	Checkout repository	2026-02-26T17:54:28.4086646Z  * [new tag]             0.0.120                -> 0.0.120
end-workflow	Checkout repository	2026-02-26T17:54:28.4087100Z  * [new tag]             0.0.121                -> 0.0.121
end-workflow	Checkout repository	2026-02-26T17:54:28.4087524Z  * [new tag]             0.0.122                -> 0.0.122
end-workflow	Checkout repository	2026-02-26T17:54:28.4087926Z  * [new tag]             0.0.123                -> 0.0.123
end-workflow	Checkout repository	2026-02-26T17:54:28.4088734Z  * [new tag]             0.0.124                -> 0.0.124
end-workflow	Checkout repository	2026-02-26T17:54:28.4089164Z  * [new tag]             0.0.125                -> 0.0.125
end-workflow	Checkout repository	2026-02-26T17:54:28.4089561Z  * [new tag]             0.0.126                -> 0.0.126
end-workflow	Checkout repository	2026-02-26T17:54:28.4089974Z  * [new tag]             0.0.127                -> 0.0.127
end-workflow	Checkout repository	2026-02-26T17:54:28.4090407Z  * [new tag]             0.0.128                -> 0.0.128
end-workflow	Checkout repository	2026-02-26T17:54:28.4090845Z  * [new tag]             0.0.129                -> 0.0.129
end-workflow	Checkout repository	2026-02-26T17:54:28.4091265Z  * [new tag]             0.0.13                 -> 0.0.13
end-workflow	Checkout repository	2026-02-26T17:54:28.4091681Z  * [new tag]             0.0.130                -> 0.0.130
end-workflow	Checkout repository	2026-02-26T17:54:28.4092118Z  * [new tag]             0.0.131                -> 0.0.131
end-workflow	Checkout repository	2026-02-26T17:54:28.4092533Z  * [new tag]             0.0.132                -> 0.0.132
end-workflow	Checkout repository	2026-02-26T17:54:28.4092950Z  * [new tag]             0.0.133                -> 0.0.133
end-workflow	Checkout repository	2026-02-26T17:54:28.4093373Z  * [new tag]             0.0.134                -> 0.0.134
end-workflow	Checkout repository	2026-02-26T17:54:28.4093810Z  * [new tag]             0.0.135                -> 0.0.135
end-workflow	Checkout repository	2026-02-26T17:54:28.4094220Z  * [new tag]             0.0.136                -> 0.0.136
end-workflow	Checkout repository	2026-02-26T17:54:28.4116157Z  * [new tag]             0.0.137                -> 0.0.137
end-workflow	Checkout repository	2026-02-26T17:54:28.4116746Z  * [new tag]             0.0.138                -> 0.0.138
end-workflow	Checkout repository	2026-02-26T17:54:28.4117159Z  * [new tag]             0.0.139                -> 0.0.139
end-workflow	Checkout repository	2026-02-26T17:54:28.4117582Z  * [new tag]             0.0.14                 -> 0.0.14
end-workflow	Checkout repository	2026-02-26T17:54:28.4117991Z  * [new tag]             0.0.140                -> 0.0.140
end-workflow	Checkout repository	2026-02-26T17:54:28.4118418Z  * [new tag]             0.0.141                -> 0.0.141
end-workflow	Checkout repository	2026-02-26T17:54:28.4118832Z  * [new tag]             0.0.142                -> 0.0.142
end-workflow	Checkout repository	2026-02-26T17:54:28.4119247Z  * [new tag]             0.0.143                -> 0.0.143
end-workflow	Checkout repository	2026-02-26T17:54:28.4119652Z  * [new tag]             0.0.144                -> 0.0.144
end-workflow	Checkout repository	2026-02-26T17:54:28.4120098Z  * [new tag]             0.0.145                -> 0.0.145
end-workflow	Checkout repository	2026-02-26T17:54:28.4120530Z  * [new tag]             0.0.146                -> 0.0.146
end-workflow	Checkout repository	2026-02-26T17:54:28.4120940Z  * [new tag]             0.0.147                -> 0.0.147
end-workflow	Checkout repository	2026-02-26T17:54:28.4121368Z  * [new tag]             0.0.148                -> 0.0.148
end-workflow	Checkout repository	2026-02-26T17:54:28.4121926Z  * [new tag]             0.0.149                -> 0.0.149
end-workflow	Checkout repository	2026-02-26T17:54:28.4122373Z  * [new tag]             0.0.15                 -> 0.0.15
end-workflow	Checkout repository	2026-02-26T17:54:28.4122806Z  * [new tag]             0.0.150                -> 0.0.150
end-workflow	Checkout repository	2026-02-26T17:54:28.4123226Z  * [new tag]             0.0.151                -> 0.0.151
end-workflow	Checkout repository	2026-02-26T17:54:28.4123645Z  * [new tag]             0.0.152                -> 0.0.152
end-workflow	Checkout repository	2026-02-26T17:54:28.4124099Z  * [new tag]             0.0.153                -> 0.0.153
end-workflow	Checkout repository	2026-02-26T17:54:28.4129008Z  * [new tag]             0.0.154                -> 0.0.154
end-workflow	Checkout repository	2026-02-26T17:54:28.4129550Z  * [new tag]             0.0.155                -> 0.0.155
end-workflow	Checkout repository	2026-02-26T17:54:28.4129995Z  * [new tag]             0.0.156                -> 0.0.156
end-workflow	Checkout repository	2026-02-26T17:54:28.4130838Z  * [new tag]             0.0.157                -> 0.0.157
end-workflow	Checkout repository	2026-02-26T17:54:28.4131257Z  * [new tag]             0.0.158                -> 0.0.158
end-workflow	Checkout repository	2026-02-26T17:54:28.4131675Z  * [new tag]             0.0.159                -> 0.0.159
end-workflow	Checkout repository	2026-02-26T17:54:28.4132085Z  * [new tag]             0.0.16                 -> 0.0.16
end-workflow	Checkout repository	2026-02-26T17:54:28.4132501Z  * [new tag]             0.0.160                -> 0.0.160
end-workflow	Checkout repository	2026-02-26T17:54:28.4132928Z  * [new tag]             0.0.161                -> 0.0.161
end-workflow	Checkout repository	2026-02-26T17:54:28.4133347Z  * [new tag]             0.0.162                -> 0.0.162
end-workflow	Checkout repository	2026-02-26T17:54:28.4215931Z  * [new tag]             0.0.163                -> 0.0.163
end-workflow	Checkout repository	2026-02-26T17:54:28.4216767Z  * [new tag]             0.0.164                -> 0.0.164
end-workflow	Checkout repository	2026-02-26T17:54:28.4217200Z  * [new tag]             0.0.165                -> 0.0.165
end-workflow	Checkout repository	2026-02-26T17:54:28.4217620Z  * [new tag]             0.0.166                -> 0.0.166
end-workflow	Checkout repository	2026-02-26T17:54:28.4218489Z  * [new tag]             0.0.167                -> 0.0.167
end-workflow	Checkout repository	2026-02-26T17:54:28.4218931Z  * [new tag]             0.0.168                -> 0.0.168
end-workflow	Checkout repository	2026-02-26T17:54:28.4219346Z  * [new tag]             0.0.169                -> 0.0.169
end-workflow	Checkout repository	2026-02-26T17:54:28.4219761Z  * [new tag]             0.0.17                 -> 0.0.17
end-workflow	Checkout repository	2026-02-26T17:54:28.4220169Z  * [new tag]             0.0.170                -> 0.0.170
end-workflow	Checkout repository	2026-02-26T17:54:28.4220579Z  * [new tag]             0.0.171                -> 0.0.171
end-workflow	Checkout repository	2026-02-26T17:54:28.4220991Z  * [new tag]             0.0.172                -> 0.0.172
end-workflow	Checkout repository	2026-02-26T17:54:28.4221408Z  * [new tag]             0.0.173                -> 0.0.173
end-workflow	Checkout repository	2026-02-26T17:54:28.4221835Z  * [new tag]             0.0.174                -> 0.0.174
end-workflow	Checkout repository	2026-02-26T17:54:28.4222252Z  * [new tag]             0.0.175                -> 0.0.175
end-workflow	Checkout repository	2026-02-26T17:54:28.4222665Z  * [new tag]             0.0.176                -> 0.0.176
end-workflow	Checkout repository	2026-02-26T17:54:28.4223086Z  * [new tag]             0.0.177                -> 0.0.177
end-workflow	Checkout repository	2026-02-26T17:54:28.4223516Z  * [new tag]             0.0.178                -> 0.0.178
end-workflow	Checkout repository	2026-02-26T17:54:28.4224348Z  * [new tag]             0.0.179                -> 0.0.179
end-workflow	Checkout repository	2026-02-26T17:54:28.4225005Z  * [new tag]             0.0.18                 -> 0.0.18
end-workflow	Checkout repository	2026-02-26T17:54:28.4225433Z  * [new tag]             0.0.19                 -> 0.0.19
end-workflow	Checkout repository	2026-02-26T17:54:28.4225843Z  * [new tag]             0.0.2                  -> 0.0.2
end-workflow	Checkout repository	2026-02-26T17:54:28.4226255Z  * [new tag]             0.0.20                 -> 0.0.20
end-workflow	Checkout repository	2026-02-26T17:54:28.4226662Z  * [new tag]             0.0.21                 -> 0.0.21
end-workflow	Checkout repository	2026-02-26T17:54:28.4227078Z  * [new tag]             0.0.22                 -> 0.0.22
end-workflow	Checkout repository	2026-02-26T17:54:28.4227489Z  * [new tag]             0.0.23                 -> 0.0.23
end-workflow	Checkout repository	2026-02-26T17:54:28.4227893Z  * [new tag]             0.0.24                 -> 0.0.24
end-workflow	Checkout repository	2026-02-26T17:54:28.4228304Z  * [new tag]             0.0.25                 -> 0.0.25
end-workflow	Checkout repository	2026-02-26T17:54:28.4228722Z  * [new tag]             0.0.26                 -> 0.0.26
end-workflow	Checkout repository	2026-02-26T17:54:28.4229148Z  * [new tag]             0.0.27                 -> 0.0.27
end-workflow	Checkout repository	2026-02-26T17:54:28.4229564Z  * [new tag]             0.0.28                 -> 0.0.28
end-workflow	Checkout repository	2026-02-26T17:54:28.4230002Z  * [new tag]             0.0.29                 -> 0.0.29
end-workflow	Checkout repository	2026-02-26T17:54:28.4230460Z  * [new tag]             0.0.3                  -> 0.0.3
end-workflow	Checkout repository	2026-02-26T17:54:28.4230899Z  * [new tag]             0.0.30                 -> 0.0.30
end-workflow	Checkout repository	2026-02-26T17:54:28.4231318Z  * [new tag]             0.0.31                 -> 0.0.31
end-workflow	Checkout repository	2026-02-26T17:54:28.4231732Z  * [new tag]             0.0.32                 -> 0.0.32
end-workflow	Checkout repository	2026-02-26T17:54:28.4235151Z  * [new tag]             0.0.33                 -> 0.0.33
end-workflow	Checkout repository	2026-02-26T17:54:28.4235606Z  * [new tag]             0.0.34                 -> 0.0.34
end-workflow	Checkout repository	2026-02-26T17:54:28.4236142Z  * [new tag]             0.0.35                 -> 0.0.35
end-workflow	Checkout repository	2026-02-26T17:54:28.4236548Z  * [new tag]             0.0.36                 -> 0.0.36
end-workflow	Checkout repository	2026-02-26T17:54:28.4237286Z  * [new tag]             0.0.37                 -> 0.0.37
end-workflow	Checkout repository	2026-02-26T17:54:28.4237689Z  * [new tag]             0.0.38                 -> 0.0.38
end-workflow	Checkout repository	2026-02-26T17:54:28.4238106Z  * [new tag]             0.0.39                 -> 0.0.39
end-workflow	Checkout repository	2026-02-26T17:54:28.4238519Z  * [new tag]             0.0.4                  -> 0.0.4
end-workflow	Checkout repository	2026-02-26T17:54:28.4238925Z  * [new tag]             0.0.40                 -> 0.0.40
end-workflow	Checkout repository	2026-02-26T17:54:28.4239525Z  * [new tag]             0.0.41                 -> 0.0.41
end-workflow	Checkout repository	2026-02-26T17:54:28.4239938Z  * [new tag]             0.0.42                 -> 0.0.42
end-workflow	Checkout repository	2026-02-26T17:54:28.4240350Z  * [new tag]             0.0.43                 -> 0.0.43
end-workflow	Checkout repository	2026-02-26T17:54:28.4240756Z  * [new tag]             0.0.44                 -> 0.0.44
end-workflow	Checkout repository	2026-02-26T17:54:28.4241163Z  * [new tag]             0.0.45                 -> 0.0.45
end-workflow	Checkout repository	2026-02-26T17:54:28.4241567Z  * [new tag]             0.0.46                 -> 0.0.46
end-workflow	Checkout repository	2026-02-26T17:54:28.4241968Z  * [new tag]             0.0.47                 -> 0.0.47
end-workflow	Checkout repository	2026-02-26T17:54:28.4242643Z  * [new tag]             0.0.48                 -> 0.0.48
end-workflow	Checkout repository	2026-02-26T17:54:28.4243045Z  * [new tag]             0.0.49                 -> 0.0.49
end-workflow	Checkout repository	2026-02-26T17:54:28.4243451Z  * [new tag]             0.0.5                  -> 0.0.5
end-workflow	Checkout repository	2026-02-26T17:54:28.4243850Z  * [new tag]             0.0.50                 -> 0.0.50
end-workflow	Checkout repository	2026-02-26T17:54:28.4244256Z  * [new tag]             0.0.51                 -> 0.0.51
end-workflow	Checkout repository	2026-02-26T17:54:28.4244776Z  * [new tag]             0.0.52                 -> 0.0.52
end-workflow	Checkout repository	2026-02-26T17:54:28.4245299Z  * [new tag]             0.0.53                 -> 0.0.53
end-workflow	Checkout repository	2026-02-26T17:54:28.4245694Z  * [new tag]             0.0.54                 -> 0.0.54
end-workflow	Checkout repository	2026-02-26T17:54:28.4246084Z  * [new tag]             0.0.55                 -> 0.0.55
end-workflow	Checkout repository	2026-02-26T17:54:28.4246484Z  * [new tag]             0.0.56                 -> 0.0.56
end-workflow	Checkout repository	2026-02-26T17:54:28.4246876Z  * [new tag]             0.0.57                 -> 0.0.57
end-workflow	Checkout repository	2026-02-26T17:54:28.4247271Z  * [new tag]             0.0.58                 -> 0.0.58
end-workflow	Checkout repository	2026-02-26T17:54:28.4247677Z  * [new tag]             0.0.59                 -> 0.0.59
end-workflow	Checkout repository	2026-02-26T17:54:28.4248060Z  * [new tag]             0.0.6                  -> 0.0.6
end-workflow	Checkout repository	2026-02-26T17:54:28.4248445Z  * [new tag]             0.0.60                 -> 0.0.60
end-workflow	Checkout repository	2026-02-26T17:54:28.4248828Z  * [new tag]             0.0.61                 -> 0.0.61
end-workflow	Checkout repository	2026-02-26T17:54:28.4249220Z  * [new tag]             0.0.62                 -> 0.0.62
end-workflow	Checkout repository	2026-02-26T17:54:28.4249607Z  * [new tag]             0.0.63                 -> 0.0.63
end-workflow	Checkout repository	2026-02-26T17:54:28.4250002Z  * [new tag]             0.0.64                 -> 0.0.64
end-workflow	Checkout repository	2026-02-26T17:54:28.4250388Z  * [new tag]             0.0.65                 -> 0.0.65
end-workflow	Checkout repository	2026-02-26T17:54:28.4250771Z  * [new tag]             0.0.66                 -> 0.0.66
end-workflow	Checkout repository	2026-02-26T17:54:28.4251158Z  * [new tag]             0.0.67                 -> 0.0.67
end-workflow	Checkout repository	2026-02-26T17:54:28.4251542Z  * [new tag]             0.0.68                 -> 0.0.68
end-workflow	Checkout repository	2026-02-26T17:54:28.4251937Z  * [new tag]             0.0.69                 -> 0.0.69
end-workflow	Checkout repository	2026-02-26T17:54:28.4252325Z  * [new tag]             0.0.7                  -> 0.0.7
end-workflow	Checkout repository	2026-02-26T17:54:28.4252711Z  * [new tag]             0.0.70                 -> 0.0.70
end-workflow	Checkout repository	2026-02-26T17:54:28.4253095Z  * [new tag]             0.0.71                 -> 0.0.71
end-workflow	Checkout repository	2026-02-26T17:54:28.4253484Z  * [new tag]             0.0.72                 -> 0.0.72
end-workflow	Checkout repository	2026-02-26T17:54:28.4253873Z  * [new tag]             0.0.73                 -> 0.0.73
end-workflow	Checkout repository	2026-02-26T17:54:28.4254260Z  * [new tag]             0.0.74                 -> 0.0.74
end-workflow	Checkout repository	2026-02-26T17:54:28.4254898Z  * [new tag]             0.0.75                 -> 0.0.75
end-workflow	Checkout repository	2026-02-26T17:54:28.4255298Z  * [new tag]             0.0.76                 -> 0.0.76
end-workflow	Checkout repository	2026-02-26T17:54:28.4255820Z  * [new tag]             0.0.77                 -> 0.0.77
end-workflow	Checkout repository	2026-02-26T17:54:28.4256212Z  * [new tag]             0.0.78                 -> 0.0.78
end-workflow	Checkout repository	2026-02-26T17:54:28.4256609Z  * [new tag]             0.0.79                 -> 0.0.79
end-workflow	Checkout repository	2026-02-26T17:54:28.4257005Z  * [new tag]             0.0.8                  -> 0.0.8
end-workflow	Checkout repository	2026-02-26T17:54:28.4257671Z  * [new tag]             0.0.80                 -> 0.0.80
end-workflow	Checkout repository	2026-02-26T17:54:28.4258062Z  * [new tag]             0.0.81                 -> 0.0.81
end-workflow	Checkout repository	2026-02-26T17:54:28.4258447Z  * [new tag]             0.0.82                 -> 0.0.82
end-workflow	Checkout repository	2026-02-26T17:54:28.4258835Z  * [new tag]             0.0.83                 -> 0.0.83
end-workflow	Checkout repository	2026-02-26T17:54:28.4259220Z  * [new tag]             0.0.84                 -> 0.0.84
end-workflow	Checkout repository	2026-02-26T17:54:28.4259611Z  * [new tag]             0.0.85                 -> 0.0.85
end-workflow	Checkout repository	2026-02-26T17:54:28.4260002Z  * [new tag]             0.0.86                 -> 0.0.86
end-workflow	Checkout repository	2026-02-26T17:54:28.4260387Z  * [new tag]             0.0.87                 -> 0.0.87
end-workflow	Checkout repository	2026-02-26T17:54:28.4260774Z  * [new tag]             0.0.88                 -> 0.0.88
end-workflow	Checkout repository	2026-02-26T17:54:28.4261158Z  * [new tag]             0.0.89                 -> 0.0.89
end-workflow	Checkout repository	2026-02-26T17:54:28.4261545Z  * [new tag]             0.0.9                  -> 0.0.9
end-workflow	Checkout repository	2026-02-26T17:54:28.4262141Z  * [new tag]             0.0.90                 -> 0.0.90
end-workflow	Checkout repository	2026-02-26T17:54:28.4262531Z  * [new tag]             0.0.91                 -> 0.0.91
end-workflow	Checkout repository	2026-02-26T17:54:28.4262922Z  * [new tag]             0.0.92                 -> 0.0.92
end-workflow	Checkout repository	2026-02-26T17:54:28.4263302Z  * [new tag]             0.0.93                 -> 0.0.93
end-workflow	Checkout repository	2026-02-26T17:54:28.4263696Z  * [new tag]             0.0.94                 -> 0.0.94
end-workflow	Checkout repository	2026-02-26T17:54:28.4264083Z  * [new tag]             0.0.95                 -> 0.0.95
end-workflow	Checkout repository	2026-02-26T17:54:28.4264474Z  * [new tag]             0.0.96                 -> 0.0.96
end-workflow	Checkout repository	2026-02-26T17:54:28.4265167Z  * [new tag]             0.0.97                 -> 0.0.97
end-workflow	Checkout repository	2026-02-26T17:54:28.4265572Z  * [new tag]             0.0.98                 -> 0.0.98
end-workflow	Checkout repository	2026-02-26T17:54:28.4265978Z  * [new tag]             0.0.99                 -> 0.0.99
end-workflow	Checkout repository	2026-02-26T17:54:28.4266375Z  * [new tag]             0.1.0                  -> 0.1.0
end-workflow	Checkout repository	2026-02-26T17:54:28.4266779Z  * [new tag]             0.1.1                  -> 0.1.1
end-workflow	Checkout repository	2026-02-26T17:54:28.4267302Z  * [new tag]             0.2.0                  -> 0.2.0
end-workflow	Checkout repository	2026-02-26T17:54:28.4267688Z  * [new tag]             0.3.0                  -> 0.3.0
end-workflow	Checkout repository	2026-02-26T17:54:28.4268070Z  * [new tag]             0.3.1                  -> 0.3.1
end-workflow	Checkout repository	2026-02-26T17:54:28.4268462Z  * [new tag]             0.3.10                 -> 0.3.10
end-workflow	Checkout repository	2026-02-26T17:54:28.4268863Z  * [new tag]             0.3.11                 -> 0.3.11
end-workflow	Checkout repository	2026-02-26T17:54:28.4269251Z  * [new tag]             0.3.12                 -> 0.3.12
end-workflow	Checkout repository	2026-02-26T17:54:28.4269636Z  * [new tag]             0.3.13                 -> 0.3.13
end-workflow	Checkout repository	2026-02-26T17:54:28.4270022Z  * [new tag]             0.3.14                 -> 0.3.14
end-workflow	Checkout repository	2026-02-26T17:54:28.4270414Z  * [new tag]             0.3.15                 -> 0.3.15
end-workflow	Checkout repository	2026-02-26T17:54:28.4270804Z  * [new tag]             0.3.16                 -> 0.3.16
end-workflow	Checkout repository	2026-02-26T17:54:28.4271198Z  * [new tag]             0.3.17                 -> 0.3.17
end-workflow	Checkout repository	2026-02-26T17:54:28.4271592Z  * [new tag]             0.3.2                  -> 0.3.2
end-workflow	Checkout repository	2026-02-26T17:54:28.4271984Z  * [new tag]             0.3.3                  -> 0.3.3
end-workflow	Checkout repository	2026-02-26T17:54:28.4272375Z  * [new tag]             0.3.4                  -> 0.3.4
end-workflow	Checkout repository	2026-02-26T17:54:28.4272760Z  * [new tag]             0.3.5                  -> 0.3.5
end-workflow	Checkout repository	2026-02-26T17:54:28.4273146Z  * [new tag]             0.3.6                  -> 0.3.6
end-workflow	Checkout repository	2026-02-26T17:54:28.4273532Z  * [new tag]             0.3.7                  -> 0.3.7
end-workflow	Checkout repository	2026-02-26T17:54:28.4273919Z  * [new tag]             0.3.8                  -> 0.3.8
end-workflow	Checkout repository	2026-02-26T17:54:28.4274298Z  * [new tag]             0.3.9                  -> 0.3.9
end-workflow	Checkout repository	2026-02-26T17:54:28.4274932Z  * [new tag]             0.4.0                  -> 0.4.0
end-workflow	Checkout repository	2026-02-26T17:54:28.4275450Z  * [new tag]             0.4.1                  -> 0.4.1
end-workflow	Checkout repository	2026-02-26T17:54:28.4275834Z  * [new tag]             0.4.2                  -> 0.4.2
end-workflow	Checkout repository	2026-02-26T17:54:28.4276218Z  * [new tag]             0.4.3                  -> 0.4.3
end-workflow	Checkout repository	2026-02-26T17:54:28.4276607Z  * [new tag]             0.4.4                  -> 0.4.4
end-workflow	Checkout repository	2026-02-26T17:54:28.4277202Z  * [new tag]             0.4.5                  -> 0.4.5
end-workflow	Checkout repository	2026-02-26T17:54:28.4277589Z  * [new tag]             0.4.6                  -> 0.4.6
end-workflow	Checkout repository	2026-02-26T17:54:28.4277975Z  * [new tag]             0.4.7                  -> 0.4.7
end-workflow	Checkout repository	2026-02-26T17:54:28.4278359Z  * [new tag]             0.4.8                  -> 0.4.8
end-workflow	Checkout repository	2026-02-26T17:54:28.4278737Z  * [new tag]             0.4.9                  -> 0.4.9
end-workflow	Checkout repository	2026-02-26T17:54:28.4279120Z  * [new tag]             0.5.0                  -> 0.5.0
end-workflow	Checkout repository	2026-02-26T17:54:28.4279502Z  * [new tag]             0.5.1                  -> 0.5.1
end-workflow	Checkout repository	2026-02-26T17:54:28.4279888Z  * [new tag]             0.5.2                  -> 0.5.2
end-workflow	Checkout repository	2026-02-26T17:54:28.4280270Z  * [new tag]             0.6.0                  -> 0.6.0
end-workflow	Checkout repository	2026-02-26T17:54:28.4280657Z  * [new tag]             0.6.1                  -> 0.6.1
end-workflow	Checkout repository	2026-02-26T17:54:28.4281040Z  * [new tag]             0.6.2                  -> 0.6.2
end-workflow	Checkout repository	2026-02-26T17:54:28.4281647Z  * [new tag]             0.6.3                  -> 0.6.3
end-workflow	Checkout repository	2026-02-26T17:54:28.4282036Z  * [new tag]             0.6.4                  -> 0.6.4
end-workflow	Checkout repository	2026-02-26T17:54:28.4282422Z  * [new tag]             0.6.5                  -> 0.6.5
end-workflow	Checkout repository	2026-02-26T17:54:28.4282802Z  * [new tag]             0.6.6                  -> 0.6.6
end-workflow	Checkout repository	2026-02-26T17:54:28.4496215Z [command]/usr/bin/git branch --list --remote origin/main
end-workflow	Checkout repository	2026-02-26T17:54:28.4573350Z   origin/main
end-workflow	Checkout repository	2026-02-26T17:54:28.4584242Z [command]/usr/bin/git rev-parse refs/remotes/origin/main
end-workflow	Checkout repository	2026-02-26T17:54:28.4625845Z 2c7639d2b3e214a507983bf03f9e6eb54694a242
end-workflow	Checkout repository	2026-02-26T17:54:28.4637642Z [command]/usr/bin/git -c protocol.version=2 fetch --no-tags --prune --no-recurse-submodules origin +663a1225839bb59daebaaf75bab61832cd9b3723:refs/remotes/origin/main
end-workflow	Checkout repository	2026-02-26T17:54:28.4830957Z From https://github.com/Ka0s-Klaus/ka0s
end-workflow	Checkout repository	2026-02-26T17:54:28.4834194Z  + 2c7639d2b...663a12258 663a1225839bb59daebaaf75bab61832cd9b3723 -> origin/main  (forced update)
end-workflow	Checkout repository	2026-02-26T17:54:28.4873849Z ##[endgroup]
end-workflow	Checkout repository	2026-02-26T17:54:28.4874462Z ##[group]Determining the checkout info
end-workflow	Checkout repository	2026-02-26T17:54:28.4876668Z ##[endgroup]
end-workflow	Checkout repository	2026-02-26T17:54:28.4877164Z [command]/usr/bin/git sparse-checkout disable
end-workflow	Checkout repository	2026-02-26T17:54:28.4938606Z [command]/usr/bin/git config --local --unset-all extensions.worktreeConfig
end-workflow	Checkout repository	2026-02-26T17:54:28.4982588Z ##[group]Checking out the ref
end-workflow	Checkout repository	2026-02-26T17:54:28.4986787Z [command]/usr/bin/git checkout --progress --force -B main refs/remotes/origin/main
end-workflow	Checkout repository	2026-02-26T17:54:28.7876292Z Switched to a new branch 'main'
end-workflow	Checkout repository	2026-02-26T17:54:28.7878954Z branch 'main' set up to track 'origin/main'.
end-workflow	Checkout repository	2026-02-26T17:54:28.7926611Z ##[endgroup]
end-workflow	Checkout repository	2026-02-26T17:54:28.7995282Z [command]/usr/bin/git log -1 --format=%H
end-workflow	Checkout repository	2026-02-26T17:54:28.8033023Z 663a1225839bb59daebaaf75bab61832cd9b3723
end-workflow	Install GH CLI	ï»¿2026-02-26T17:54:28.8364202Z Prepare all required actions
end-workflow	Install GH CLI	2026-02-26T17:54:28.8432361Z ##[group]Run ./.github/actions/install-gh-cli
end-workflow	Install GH CLI	2026-02-26T17:54:28.8432693Z env:
end-workflow	Install GH CLI	2026-02-26T17:54:28.8432896Z   KAOS_MODULE: [Ka0s] Audit Cluster Status
end-workflow	Install GH CLI	2026-02-26T17:54:28.8433190Z   KAOS_CODE: 22454331840
end-workflow	Install GH CLI	2026-02-26T17:54:28.8433396Z ##[endgroup]
end-workflow	Install GH CLI	2026-02-26T17:54:28.8548793Z ##[group]Run type -p curl >/dev/null || (sudo apt-get update && sudo apt-get install curl -y)
end-workflow	Install GH CLI	2026-02-26T17:54:28.8549527Z [36;1mtype -p curl >/dev/null || (sudo apt-get update && sudo apt-get install curl -y)[0m
end-workflow	Install GH CLI	2026-02-26T17:54:28.8550420Z [36;1mcurl -fsSL https://cli.github.com/packages/githubcli-archive-keyring.gpg | sudo dd of=/usr/share/keyrings/githubcli-archive-keyring.gpg \[0m
end-workflow	Install GH CLI	2026-02-26T17:54:28.8551257Z [36;1m&& sudo chmod go+r /usr/share/keyrings/githubcli-archive-keyring.gpg \[0m
end-workflow	Install GH CLI	2026-02-26T17:54:28.8552393Z [36;1m&& echo "deb [arch=$(dpkg --print-architecture) signed-by=/usr/share/keyrings/githubcli-archive-keyring.gpg] https://cli.github.com/packages stable main" | sudo tee /etc/apt/sources.list.d/github-cli.list > /dev/null \[0m
end-workflow	Install GH CLI	2026-02-26T17:54:28.8553596Z [36;1m&& sudo apt-get update \[0m
end-workflow	Install GH CLI	2026-02-26T17:54:28.8553863Z [36;1m&& sudo apt-get install gh -y[0m
end-workflow	Install GH CLI	2026-02-26T17:54:28.8572808Z shell: /usr/bin/bash --noprofile --norc -e -o pipefail {0}
end-workflow	Install GH CLI	2026-02-26T17:54:28.8573172Z env:
end-workflow	Install GH CLI	2026-02-26T17:54:28.8573382Z   KAOS_MODULE: [Ka0s] Audit Cluster Status
end-workflow	Install GH CLI	2026-02-26T17:54:28.8573648Z   KAOS_CODE: 22454331840
end-workflow	Install GH CLI	2026-02-26T17:54:28.8573860Z ##[endgroup]
end-workflow	Install GH CLI	2026-02-26T17:54:28.9228761Z 4+1 records in
end-workflow	Install GH CLI	2026-02-26T17:54:28.9229016Z 4+1 records out
end-workflow	Install GH CLI	2026-02-26T17:54:28.9229421Z 2270 bytes (2.3 kB, 2.2 KiB) copied, 0.0403371 s, 56.3 kB/s
end-workflow	Install GH CLI	2026-02-26T17:54:29.0758097Z Get:1 http://security.ubuntu.com/ubuntu noble-security InRelease [126 kB]
end-workflow	Install GH CLI	2026-02-26T17:54:29.0774052Z Get:2 https://cli.github.com/packages stable InRelease [3917 B]
end-workflow	Install GH CLI	2026-02-26T17:54:29.1725734Z Get:3 https://cli.github.com/packages stable/main amd64 Packages [357 B]
end-workflow	Install GH CLI	2026-02-26T17:54:29.2224452Z Get:4 https://ppa.launchpadcontent.net/git-core/ppa/ubuntu noble InRelease [24.3 kB]
end-workflow	Install GH CLI	2026-02-26T17:54:29.2305574Z Get:5 http://archive.ubuntu.com/ubuntu noble InRelease [256 kB]
end-workflow	Install GH CLI	2026-02-26T17:54:29.2803804Z Get:6 http://security.ubuntu.com/ubuntu noble-security/multiverse amd64 Packages [34.8 kB]
end-workflow	Install GH CLI	2026-02-26T17:54:29.3135770Z Get:7 http://security.ubuntu.com/ubuntu noble-security/restricted amd64 Packages [3262 kB]
end-workflow	Install GH CLI	2026-02-26T17:54:29.3552749Z Get:8 https://ppa.launchpadcontent.net/git-core/ppa/ubuntu noble/main amd64 Packages [2992 B]
end-workflow	Install GH CLI	2026-02-26T17:54:29.4517855Z Get:9 http://security.ubuntu.com/ubuntu noble-security/universe amd64 Packages [1226 kB]
end-workflow	Install GH CLI	2026-02-26T17:54:29.4710758Z Get:10 http://security.ubuntu.com/ubuntu noble-security/main amd64 Packages [1883 kB]
end-workflow	Install GH CLI	2026-02-26T17:54:29.8081591Z Get:11 http://archive.ubuntu.com/ubuntu noble-updates InRelease [126 kB]
end-workflow	Install GH CLI	2026-02-26T17:54:29.9486219Z Get:12 http://archive.ubuntu.com/ubuntu noble-backports InRelease [126 kB]
end-workflow	Install GH CLI	2026-02-26T17:54:30.0926821Z Get:13 http://archive.ubuntu.com/ubuntu noble/main amd64 Packages [1808 kB]
end-workflow	Install GH CLI	2026-02-26T17:54:30.4215228Z Get:14 http://archive.ubuntu.com/ubuntu noble/restricted amd64 Packages [117 kB]
end-workflow	Install GH CLI	2026-02-26T17:54:30.4299039Z Get:15 http://archive.ubuntu.com/ubuntu noble/universe amd64 Packages [19.3 MB]
end-workflow	Install GH CLI	2026-02-26T17:54:31.0115602Z Get:16 http://archive.ubuntu.com/ubuntu noble/multiverse amd64 Packages [331 kB]
end-workflow	Install GH CLI	2026-02-26T17:54:31.0146177Z Get:17 http://archive.ubuntu.com/ubuntu noble-updates/main amd64 Packages [2276 kB]
end-workflow	Install GH CLI	2026-02-26T17:54:31.0385530Z Get:18 http://archive.ubuntu.com/ubuntu noble-updates/universe amd64 Packages [2017 kB]
end-workflow	Install GH CLI	2026-02-26T17:54:31.1238167Z Get:19 http://archive.ubuntu.com/ubuntu noble-updates/restricted amd64 Packages [3471 kB]
end-workflow	Install GH CLI	2026-02-26T17:54:31.1992797Z Get:20 http://archive.ubuntu.com/ubuntu noble-updates/multiverse amd64 Packages [38.1 kB]
end-workflow	Install GH CLI	2026-02-26T17:54:31.1994609Z Get:21 http://archive.ubuntu.com/ubuntu noble-backports/main amd64 Packages [49.5 kB]
end-workflow	Install GH CLI	2026-02-26T17:54:31.2026160Z Get:22 http://archive.ubuntu.com/ubuntu noble-backports/universe amd64 Packages [34.6 kB]
end-workflow	Install GH CLI	2026-02-26T17:54:32.3831008Z Fetched 36.5 MB in 3s (10.8 MB/s)
end-workflow	Install GH CLI	2026-02-26T17:54:33.6060556Z Reading package lists...
end-workflow	Install GH CLI	2026-02-26T17:54:34.7585472Z Reading package lists...
end-workflow	Install GH CLI	2026-02-26T17:54:35.0182520Z Building dependency tree...
end-workflow	Install GH CLI	2026-02-26T17:54:35.0185033Z Reading state information...
end-workflow	Install GH CLI	2026-02-26T17:54:35.4834003Z The following NEW packages will be installed:
end-workflow	Install GH CLI	2026-02-26T17:54:35.4858840Z   gh
end-workflow	Install GH CLI	2026-02-26T17:54:35.5969612Z 0 upgraded, 1 newly installed, 0 to remove and 0 not upgraded.
end-workflow	Install GH CLI	2026-02-26T17:54:35.5970423Z Need to get 13.8 MB of archives.
end-workflow	Install GH CLI	2026-02-26T17:54:35.5970827Z After this operation, 38.5 MB of additional disk space will be used.
end-workflow	Install GH CLI	2026-02-26T17:54:35.5971374Z Get:1 https://cli.github.com/packages stable/main amd64 gh amd64 2.87.3 [13.8 MB]
end-workflow	Install GH CLI	2026-02-26T17:54:36.0023505Z debconf: delaying package configuration, since apt-utils is not installed
end-workflow	Install GH CLI	2026-02-26T17:54:36.0485398Z Fetched 13.8 MB in 0s (42.3 MB/s)
end-workflow	Install GH CLI	2026-02-26T17:54:36.1042772Z Selecting previously unselected package gh.
end-workflow	Install GH CLI	2026-02-26T17:54:36.1096373Z (Reading database ... 
end-workflow	Install GH CLI	2026-02-26T17:54:36.1132208Z (Reading database ... 5%
end-workflow	Install GH CLI	2026-02-26T17:54:36.1132919Z (Reading database ... 10%
end-workflow	Install GH CLI	2026-02-26T17:54:36.1133445Z (Reading database ... 15%
end-workflow	Install GH CLI	2026-02-26T17:54:36.1134298Z (Reading database ... 20%
end-workflow	Install GH CLI	2026-02-26T17:54:36.1134608Z (Reading database ... 25%
end-workflow	Install GH CLI	2026-02-26T17:54:36.1134854Z (Reading database ... 30%
end-workflow	Install GH CLI	2026-02-26T17:54:36.1135102Z (Reading database ... 35%
end-workflow	Install GH CLI	2026-02-26T17:54:36.1135341Z (Reading database ... 40%
end-workflow	Install GH CLI	2026-02-26T17:54:36.1135586Z (Reading database ... 45%
end-workflow	Install GH CLI	2026-02-26T17:54:36.1135883Z (Reading database ... 50%
end-workflow	Install GH CLI	2026-02-26T17:54:36.1136128Z (Reading database ... 55%
end-workflow	Install GH CLI	2026-02-26T17:54:36.1136372Z (Reading database ... 60%
end-workflow	Install GH CLI	2026-02-26T17:54:36.1136762Z (Reading database ... 65%
end-workflow	Install GH CLI	2026-02-26T17:54:36.1163979Z (Reading database ... 70%
end-workflow	Install GH CLI	2026-02-26T17:54:36.1164989Z (Reading database ... 75%
end-workflow	Install GH CLI	2026-02-26T17:54:36.1185233Z (Reading database ... 80%
end-workflow	Install GH CLI	2026-02-26T17:54:36.1185580Z (Reading database ... 85%
end-workflow	Install GH CLI	2026-02-26T17:54:36.1194996Z (Reading database ... 90%
end-workflow	Install GH CLI	2026-02-26T17:54:36.1214465Z (Reading database ... 95%
end-workflow	Install GH CLI	2026-02-26T17:54:36.1214850Z (Reading database ... 100%
end-workflow	Install GH CLI	2026-02-26T17:54:36.1215198Z (Reading database ... 14387 files and directories currently installed.)
end-workflow	Install GH CLI	2026-02-26T17:54:36.1222253Z Preparing to unpack .../archives/gh_2.87.3_amd64.deb ...
end-workflow	Install GH CLI	2026-02-26T17:54:36.1255306Z Unpacking gh (2.87.3) ...
end-workflow	Install GH CLI	2026-02-26T17:54:36.4065370Z Setting up gh (2.87.3) ...
end-workflow	Trigger Inspector	ï»¿2026-02-26T17:54:36.5008720Z ##[group]Run gh workflow run inspector.yml \
end-workflow	Trigger Inspector	2026-02-26T17:54:36.5009258Z [36;1mgh workflow run inspector.yml \[0m
end-workflow	Trigger Inspector	2026-02-26T17:54:36.5009632Z [36;1m  -f workflow_name="Ka0s Audit Cluster Status" \[0m
end-workflow	Trigger Inspector	2026-02-26T17:54:36.5009978Z [36;1m  -f run_id="22454331840" \[0m
end-workflow	Trigger Inspector	2026-02-26T17:54:36.5010239Z [36;1m  -f status="success"[0m
end-workflow	Trigger Inspector	2026-02-26T17:54:36.5029035Z shell: /usr/bin/bash -e {0}
end-workflow	Trigger Inspector	2026-02-26T17:54:36.5029312Z env:
end-workflow	Trigger Inspector	2026-02-26T17:54:36.5029520Z   KAOS_MODULE: [Ka0s] Audit Cluster Status
end-workflow	Trigger Inspector	2026-02-26T17:54:36.5035903Z   KAOS_CODE: 22454331840
end-workflow	Trigger Inspector	2026-02-26T17:54:36.5036608Z   GH_TOKEN: ***
end-workflow	Trigger Inspector	2026-02-26T17:54:36.5036807Z ##[endgroup]
end-workflow	Trigger Inspector	2026-02-26T17:54:38.8595473Z https://github.com/Ka0s-Klaus/ka0s/actions/runs/22454412179
end-workflow	Post Checkout repository	ï»¿2026-02-26T17:54:38.8808194Z Post job cleanup.
end-workflow	Post Checkout repository	2026-02-26T17:54:39.0015447Z [command]/usr/bin/git version
end-workflow	Post Checkout repository	2026-02-26T17:54:39.0078470Z git version 2.53.0
end-workflow	Post Checkout repository	2026-02-26T17:54:39.0123805Z Temporarily overriding HOME='/home/runner/_work/_temp/eb611cdc-441a-44ba-bc6d-46b63a28c00d' before making global git config changes
end-workflow	Post Checkout repository	2026-02-26T17:54:39.0126100Z Adding repository directory to the temporary git global config as a safe directory
end-workflow	Post Checkout repository	2026-02-26T17:54:39.0133498Z [command]/usr/bin/git config --global --add safe.directory /home/runner/_work/ka0s/ka0s
end-workflow	Post Checkout repository	2026-02-26T17:54:39.0228429Z [command]/usr/bin/git config --local --name-only --get-regexp core\.sshCommand
end-workflow	Post Checkout repository	2026-02-26T17:54:39.0293393Z [command]/usr/bin/git submodule foreach --recursive sh -c "git config --local --name-only --get-regexp 'core\.sshCommand' && git config --local --unset-all 'core.sshCommand' || :"
end-workflow	Post Checkout repository	2026-02-26T17:54:39.0699609Z [command]/usr/bin/git config --local --name-only --get-regexp http\.https\:\/\/github\.com\/\.extraheader
end-workflow	Post Checkout repository	2026-02-26T17:54:39.0736604Z http.https://github.com/.extraheader
end-workflow	Post Checkout repository	2026-02-26T17:54:39.0770092Z [command]/usr/bin/git config --local --unset-all http.https://github.com/.extraheader
end-workflow	Post Checkout repository	2026-02-26T17:54:39.0899573Z [command]/usr/bin/git submodule foreach --recursive sh -c "git config --local --name-only --get-regexp 'http\.https\:\/\/github\.com\/\.extraheader' && git config --local --unset-all 'http.https://github.com/.extraheader' || :"
end-workflow	Post Checkout repository	2026-02-26T17:54:39.1500598Z [command]/usr/bin/git config --local --name-only --get-regexp ^includeIf\.gitdir:
end-workflow	Post Checkout repository	2026-02-26T17:54:39.1630264Z [command]/usr/bin/git submodule foreach --recursive git config --local --show-origin --name-only --get-regexp remote.origin.url
end-workflow	Complete job	ï»¿2026-02-26T17:54:39.2257903Z Cleaning up orphan processes
