job-core	Set up job	Ôªø2026-02-26T19:48:49.4363891Z Current runner version: '2.332.0'
job-core	Set up job	2026-02-26T19:48:49.4373102Z Runner name: 'swarm-runners-scaleset-hkss5-runner-6zfnh'
job-core	Set up job	2026-02-26T19:48:49.4374394Z Runner group name: 'Default'
job-core	Set up job	2026-02-26T19:48:49.4375934Z Machine name: 'swarm-runners-scaleset-hkss5-runner-6zfnh'
job-core	Set up job	2026-02-26T19:48:49.4380437Z ##[group]GITHUB_TOKEN Permissions
job-core	Set up job	2026-02-26T19:48:49.4383568Z Actions: write
job-core	Set up job	2026-02-26T19:48:49.4384185Z Contents: write
job-core	Set up job	2026-02-26T19:48:49.4385086Z Issues: write
job-core	Set up job	2026-02-26T19:48:49.4385824Z Metadata: read
job-core	Set up job	2026-02-26T19:48:49.4386454Z PullRequests: write
job-core	Set up job	2026-02-26T19:48:49.4387085Z ##[endgroup]
job-core	Set up job	2026-02-26T19:48:49.4389683Z Secret source: Actions
job-core	Set up job	2026-02-26T19:48:49.4390539Z Prepare workflow directory
job-core	Set up job	2026-02-26T19:48:49.4971146Z Prepare all required actions
job-core	Set up job	2026-02-26T19:48:49.5010653Z Getting action download info
job-core	Set up job	2026-02-26T19:48:50.2500694Z Download action repository 'actions/checkout@v4' (SHA:34e114876b0b11c390a56381ad16ebd13914f8d5)
job-core	Set up job	2026-02-26T19:48:51.0916043Z Download action repository 'actions/setup-python@v4' (SHA:7f4fc3e22c37d6ff65e88745f38bd3157c663f7c)
job-core	Set up job	2026-02-26T19:48:51.9553083Z Download action repository 'actions/upload-artifact@v4' (SHA:ea165f8d65b6e75b540449e92b4886f43607fa02)
job-core	Set up job	2026-02-26T19:48:53.0483942Z Complete job name: job-core
job-core	Checkout code	Ôªø2026-02-26T19:48:53.1099968Z ##[group]Run actions/checkout@v4
job-core	Checkout code	2026-02-26T19:48:53.1100704Z with:
job-core	Checkout code	2026-02-26T19:48:53.1100979Z   fetch-depth: 0
job-core	Checkout code	2026-02-26T19:48:53.1101259Z   repository: Ka0s-Klaus/ka0s
job-core	Checkout code	2026-02-26T19:48:53.1101839Z   token: ***
job-core	Checkout code	2026-02-26T19:48:53.1102100Z   ssh-strict: true
job-core	Checkout code	2026-02-26T19:48:53.1102361Z   ssh-user: git
job-core	Checkout code	2026-02-26T19:48:53.1102628Z   persist-credentials: true
job-core	Checkout code	2026-02-26T19:48:53.1102931Z   clean: true
job-core	Checkout code	2026-02-26T19:48:53.1103204Z   sparse-checkout-cone-mode: true
job-core	Checkout code	2026-02-26T19:48:53.1103540Z   fetch-tags: false
job-core	Checkout code	2026-02-26T19:48:53.1103833Z   show-progress: true
job-core	Checkout code	2026-02-26T19:48:53.1104107Z   lfs: false
job-core	Checkout code	2026-02-26T19:48:53.1104356Z   submodules: false
job-core	Checkout code	2026-02-26T19:48:53.1104840Z   set-safe-directory: true
job-core	Checkout code	2026-02-26T19:48:53.1105407Z env:
job-core	Checkout code	2026-02-26T19:48:53.1105688Z   PYTHON_VERSION: 3.9
job-core	Checkout code	2026-02-26T19:48:53.1106505Z   MONGO_SUPERUSER_CONNECTION: ***
job-core	Checkout code	2026-02-26T19:48:53.1106967Z   MONGO_NEW_PASS: ***
job-core	Checkout code	2026-02-26T19:48:53.1107379Z   MONGO_SCRIPT_CREATE: devops/core/mongo/scripts/mongodb_status_report.py
job-core	Checkout code	2026-02-26T19:48:53.1107877Z   KAOS_CODE: 22458488873
job-core	Checkout code	2026-02-26T19:48:53.1108158Z   REPORT_SCAN: audit/
job-core	Checkout code	2026-02-26T19:48:53.1108448Z   REPORT_PATH: audit/mongodb/
job-core	Checkout code	2026-02-26T19:48:53.1108763Z   REPORT_FILENAME: 22458488873.json
job-core	Checkout code	2026-02-26T19:48:53.1109107Z   KAOS_MODULE: [Ka0s] Status MongDB Report
job-core	Checkout code	2026-02-26T19:48:53.1109462Z   GITHUB_OUTPUT: 
job-core	Checkout code	2026-02-26T19:48:53.1109743Z ##[endgroup]
job-core	Checkout code	2026-02-26T19:48:53.2362945Z Syncing repository: Ka0s-Klaus/ka0s
job-core	Checkout code	2026-02-26T19:48:53.2365150Z ##[group]Getting Git version info
job-core	Checkout code	2026-02-26T19:48:53.2365660Z Working directory is '/home/runner/_work/ka0s/ka0s'
job-core	Checkout code	2026-02-26T19:48:53.2366445Z [command]/usr/bin/git version
job-core	Checkout code	2026-02-26T19:48:53.2366742Z git version 2.53.0
job-core	Checkout code	2026-02-26T19:48:53.2378930Z ##[endgroup]
job-core	Checkout code	2026-02-26T19:48:53.2397762Z Temporarily overriding HOME='/home/runner/_work/_temp/ccda6785-e79d-4035-bc55-7dfdd0acd95e' before making global git config changes
job-core	Checkout code	2026-02-26T19:48:53.2398760Z Adding repository directory to the temporary git global config as a safe directory
job-core	Checkout code	2026-02-26T19:48:53.2404387Z [command]/usr/bin/git config --global --add safe.directory /home/runner/_work/ka0s/ka0s
job-core	Checkout code	2026-02-26T19:48:53.2450109Z Deleting the contents of '/home/runner/_work/ka0s/ka0s'
job-core	Checkout code	2026-02-26T19:48:53.2454032Z ##[group]Initializing the repository
job-core	Checkout code	2026-02-26T19:48:53.2459155Z [command]/usr/bin/git init /home/runner/_work/ka0s/ka0s
job-core	Checkout code	2026-02-26T19:48:53.2516629Z hint: Using 'master' as the name for the initial branch. This default branch name
job-core	Checkout code	2026-02-26T19:48:53.2518961Z hint: will change to "main" in Git 3.0. To configure the initial branch name
job-core	Checkout code	2026-02-26T19:48:53.2519884Z hint: to use in all of your new repositories, which will suppress this warning,
job-core	Checkout code	2026-02-26T19:48:53.2520359Z hint: call:
job-core	Checkout code	2026-02-26T19:48:53.2520722Z hint:
job-core	Checkout code	2026-02-26T19:48:53.2521483Z hint: 	git config --global init.defaultBranch <name>
job-core	Checkout code	2026-02-26T19:48:53.2521854Z hint:
job-core	Checkout code	2026-02-26T19:48:53.2522205Z hint: Names commonly chosen instead of 'master' are 'main', 'trunk' and
job-core	Checkout code	2026-02-26T19:48:53.2522797Z hint: 'development'. The just-created branch can be renamed via this command:
job-core	Checkout code	2026-02-26T19:48:53.2523267Z hint:
job-core	Checkout code	2026-02-26T19:48:53.2523519Z hint: 	git branch -m <name>
job-core	Checkout code	2026-02-26T19:48:53.2523929Z hint:
job-core	Checkout code	2026-02-26T19:48:53.2524339Z hint: Disable this message with "git config set advice.defaultBranchName false"
job-core	Checkout code	2026-02-26T19:48:53.2525180Z Initialized empty Git repository in /home/runner/_work/ka0s/ka0s/.git/
job-core	Checkout code	2026-02-26T19:48:53.2533428Z [command]/usr/bin/git remote add origin https://github.com/Ka0s-Klaus/ka0s
job-core	Checkout code	2026-02-26T19:48:53.2577127Z ##[endgroup]
job-core	Checkout code	2026-02-26T19:48:53.2578062Z ##[group]Disabling automatic garbage collection
job-core	Checkout code	2026-02-26T19:48:53.2582253Z [command]/usr/bin/git config --local gc.auto 0
job-core	Checkout code	2026-02-26T19:48:53.2623472Z ##[endgroup]
job-core	Checkout code	2026-02-26T19:48:53.2624025Z ##[group]Setting up auth
job-core	Checkout code	2026-02-26T19:48:53.2631232Z [command]/usr/bin/git config --local --name-only --get-regexp core\.sshCommand
job-core	Checkout code	2026-02-26T19:48:53.2676971Z [command]/usr/bin/git submodule foreach --recursive sh -c "git config --local --name-only --get-regexp 'core\.sshCommand' && git config --local --unset-all 'core.sshCommand' || :"
job-core	Checkout code	2026-02-26T19:48:53.3022169Z [command]/usr/bin/git config --local --name-only --get-regexp http\.https\:\/\/github\.com\/\.extraheader
job-core	Checkout code	2026-02-26T19:48:53.3062010Z [command]/usr/bin/git submodule foreach --recursive sh -c "git config --local --name-only --get-regexp 'http\.https\:\/\/github\.com\/\.extraheader' && git config --local --unset-all 'http.https://github.com/.extraheader' || :"
job-core	Checkout code	2026-02-26T19:48:53.3389413Z [command]/usr/bin/git config --local --name-only --get-regexp ^includeIf\.gitdir:
job-core	Checkout code	2026-02-26T19:48:53.3428873Z [command]/usr/bin/git submodule foreach --recursive git config --local --show-origin --name-only --get-regexp remote.origin.url
job-core	Checkout code	2026-02-26T19:48:53.3761579Z [command]/usr/bin/git config --local http.https://github.com/.extraheader AUTHORIZATION: basic ***
job-core	Checkout code	2026-02-26T19:48:53.3815816Z ##[endgroup]
job-core	Checkout code	2026-02-26T19:48:53.3816423Z ##[group]Fetching the repository
job-core	Checkout code	2026-02-26T19:48:53.3823002Z [command]/usr/bin/git -c protocol.version=2 fetch --prune --no-recurse-submodules origin +refs/heads/*:refs/remotes/origin/* +refs/tags/*:refs/tags/*
job-core	Checkout code	2026-02-26T19:49:15.9550348Z From https://github.com/Ka0s-Klaus/ka0s
job-core	Checkout code	2026-02-26T19:49:15.9550957Z  * [new branch]          F3450-modelo-operativo -> origin/F3450-modelo-operativo
job-core	Checkout code	2026-02-26T19:49:15.9551703Z  * [new branch]          H1276-modulo-observabilidad -> origin/H1276-modulo-observabilidad
job-core	Checkout code	2026-02-26T19:49:15.9552668Z  * [new branch]          H3596-deploy-itop      -> origin/H3596-deploy-itop
job-core	Checkout code	2026-02-26T19:49:15.9553437Z  * [new branch]          H4170-flujo-detallado-zabbix---github -> origin/H4170-flujo-detallado-zabbix---github
job-core	Checkout code	2026-02-26T19:49:15.9554290Z  * [new branch]          H4191-request-cambios  -> origin/H4191-request-cambios
job-core	Checkout code	2026-02-26T19:49:15.9556905Z  * [new branch]          H4200-request-recomendaciones-de-auditoria -> origin/H4200-request-recomendaciones-de-auditoria
job-core	Checkout code	2026-02-26T19:49:15.9557595Z  * [new branch]          main                   -> origin/main
job-core	Checkout code	2026-02-26T19:49:15.9558004Z  * [new tag]             0.0.0                  -> 0.0.0
job-core	Checkout code	2026-02-26T19:49:15.9558380Z  * [new tag]             0.0.1                  -> 0.0.1
job-core	Checkout code	2026-02-26T19:49:15.9558748Z  * [new tag]             0.0.10                 -> 0.0.10
job-core	Checkout code	2026-02-26T19:49:15.9559134Z  * [new tag]             0.0.100                -> 0.0.100
job-core	Checkout code	2026-02-26T19:49:15.9559502Z  * [new tag]             0.0.101                -> 0.0.101
job-core	Checkout code	2026-02-26T19:49:15.9559861Z  * [new tag]             0.0.102                -> 0.0.102
job-core	Checkout code	2026-02-26T19:49:15.9628668Z  * [new tag]             0.0.103                -> 0.0.103
job-core	Checkout code	2026-02-26T19:49:15.9629325Z  * [new tag]             0.0.104                -> 0.0.104
job-core	Checkout code	2026-02-26T19:49:15.9629730Z  * [new tag]             0.0.105                -> 0.0.105
job-core	Checkout code	2026-02-26T19:49:15.9630528Z  * [new tag]             0.0.106                -> 0.0.106
job-core	Checkout code	2026-02-26T19:49:15.9630889Z  * [new tag]             0.0.107                -> 0.0.107
job-core	Checkout code	2026-02-26T19:49:15.9631270Z  * [new tag]             0.0.108                -> 0.0.108
job-core	Checkout code	2026-02-26T19:49:15.9631706Z  * [new tag]             0.0.109                -> 0.0.109
job-core	Checkout code	2026-02-26T19:49:15.9632105Z  * [new tag]             0.0.11                 -> 0.0.11
job-core	Checkout code	2026-02-26T19:49:15.9632468Z  * [new tag]             0.0.110                -> 0.0.110
job-core	Checkout code	2026-02-26T19:49:15.9632826Z  * [new tag]             0.0.111                -> 0.0.111
job-core	Checkout code	2026-02-26T19:49:15.9633198Z  * [new tag]             0.0.112                -> 0.0.112
job-core	Checkout code	2026-02-26T19:49:15.9633563Z  * [new tag]             0.0.113                -> 0.0.113
job-core	Checkout code	2026-02-26T19:49:15.9633958Z  * [new tag]             0.0.114                -> 0.0.114
job-core	Checkout code	2026-02-26T19:49:15.9634350Z  * [new tag]             0.0.115                -> 0.0.115
job-core	Checkout code	2026-02-26T19:49:15.9635619Z  * [new tag]             0.0.116                -> 0.0.116
job-core	Checkout code	2026-02-26T19:49:15.9636081Z  * [new tag]             0.0.117                -> 0.0.117
job-core	Checkout code	2026-02-26T19:49:15.9636494Z  * [new tag]             0.0.118                -> 0.0.118
job-core	Checkout code	2026-02-26T19:49:15.9636844Z  * [new tag]             0.0.119                -> 0.0.119
job-core	Checkout code	2026-02-26T19:49:15.9637468Z  * [new tag]             0.0.12                 -> 0.0.12
job-core	Checkout code	2026-02-26T19:49:15.9637823Z  * [new tag]             0.0.120                -> 0.0.120
job-core	Checkout code	2026-02-26T19:49:15.9638173Z  * [new tag]             0.0.121                -> 0.0.121
job-core	Checkout code	2026-02-26T19:49:15.9638521Z  * [new tag]             0.0.122                -> 0.0.122
job-core	Checkout code	2026-02-26T19:49:15.9638873Z  * [new tag]             0.0.123                -> 0.0.123
job-core	Checkout code	2026-02-26T19:49:15.9639224Z  * [new tag]             0.0.124                -> 0.0.124
job-core	Checkout code	2026-02-26T19:49:15.9639583Z  * [new tag]             0.0.125                -> 0.0.125
job-core	Checkout code	2026-02-26T19:49:15.9640090Z  * [new tag]             0.0.126                -> 0.0.126
job-core	Checkout code	2026-02-26T19:49:15.9640466Z  * [new tag]             0.0.127                -> 0.0.127
job-core	Checkout code	2026-02-26T19:49:15.9640833Z  * [new tag]             0.0.128                -> 0.0.128
job-core	Checkout code	2026-02-26T19:49:15.9641195Z  * [new tag]             0.0.129                -> 0.0.129
job-core	Checkout code	2026-02-26T19:49:15.9641690Z  * [new tag]             0.0.13                 -> 0.0.13
job-core	Checkout code	2026-02-26T19:49:15.9642059Z  * [new tag]             0.0.130                -> 0.0.130
job-core	Checkout code	2026-02-26T19:49:15.9642414Z  * [new tag]             0.0.131                -> 0.0.131
job-core	Checkout code	2026-02-26T19:49:15.9642763Z  * [new tag]             0.0.132                -> 0.0.132
job-core	Checkout code	2026-02-26T19:49:15.9643114Z  * [new tag]             0.0.133                -> 0.0.133
job-core	Checkout code	2026-02-26T19:49:15.9643500Z  * [new tag]             0.0.134                -> 0.0.134
job-core	Checkout code	2026-02-26T19:49:15.9643890Z  * [new tag]             0.0.135                -> 0.0.135
job-core	Checkout code	2026-02-26T19:49:15.9644268Z  * [new tag]             0.0.136                -> 0.0.136
job-core	Checkout code	2026-02-26T19:49:15.9644838Z  * [new tag]             0.0.137                -> 0.0.137
job-core	Checkout code	2026-02-26T19:49:15.9645350Z  * [new tag]             0.0.138                -> 0.0.138
job-core	Checkout code	2026-02-26T19:49:15.9645732Z  * [new tag]             0.0.139                -> 0.0.139
job-core	Checkout code	2026-02-26T19:49:15.9646109Z  * [new tag]             0.0.14                 -> 0.0.14
job-core	Checkout code	2026-02-26T19:49:15.9646490Z  * [new tag]             0.0.140                -> 0.0.140
job-core	Checkout code	2026-02-26T19:49:15.9646866Z  * [new tag]             0.0.141                -> 0.0.141
job-core	Checkout code	2026-02-26T19:49:15.9647229Z  * [new tag]             0.0.142                -> 0.0.142
job-core	Checkout code	2026-02-26T19:49:15.9647600Z  * [new tag]             0.0.143                -> 0.0.143
job-core	Checkout code	2026-02-26T19:49:15.9647985Z  * [new tag]             0.0.144                -> 0.0.144
job-core	Checkout code	2026-02-26T19:49:15.9648379Z  * [new tag]             0.0.145                -> 0.0.145
job-core	Checkout code	2026-02-26T19:49:15.9648753Z  * [new tag]             0.0.146                -> 0.0.146
job-core	Checkout code	2026-02-26T19:49:15.9649113Z  * [new tag]             0.0.147                -> 0.0.147
job-core	Checkout code	2026-02-26T19:49:15.9649474Z  * [new tag]             0.0.148                -> 0.0.148
job-core	Checkout code	2026-02-26T19:49:15.9650102Z  * [new tag]             0.0.149                -> 0.0.149
job-core	Checkout code	2026-02-26T19:49:15.9650512Z  * [new tag]             0.0.15                 -> 0.0.15
job-core	Checkout code	2026-02-26T19:49:15.9650942Z  * [new tag]             0.0.150                -> 0.0.150
job-core	Checkout code	2026-02-26T19:49:15.9651318Z  * [new tag]             0.0.151                -> 0.0.151
job-core	Checkout code	2026-02-26T19:49:15.9651680Z  * [new tag]             0.0.152                -> 0.0.152
job-core	Checkout code	2026-02-26T19:49:15.9652049Z  * [new tag]             0.0.153                -> 0.0.153
job-core	Checkout code	2026-02-26T19:49:15.9652426Z  * [new tag]             0.0.154                -> 0.0.154
job-core	Checkout code	2026-02-26T19:49:15.9652809Z  * [new tag]             0.0.155                -> 0.0.155
job-core	Checkout code	2026-02-26T19:49:15.9653195Z  * [new tag]             0.0.156                -> 0.0.156
job-core	Checkout code	2026-02-26T19:49:15.9653579Z  * [new tag]             0.0.157                -> 0.0.157
job-core	Checkout code	2026-02-26T19:49:15.9653957Z  * [new tag]             0.0.158                -> 0.0.158
job-core	Checkout code	2026-02-26T19:49:15.9654348Z  * [new tag]             0.0.159                -> 0.0.159
job-core	Checkout code	2026-02-26T19:49:15.9654870Z  * [new tag]             0.0.16                 -> 0.0.16
job-core	Checkout code	2026-02-26T19:49:15.9655248Z  * [new tag]             0.0.160                -> 0.0.160
job-core	Checkout code	2026-02-26T19:49:15.9655909Z  * [new tag]             0.0.161                -> 0.0.161
job-core	Checkout code	2026-02-26T19:49:15.9656280Z  * [new tag]             0.0.162                -> 0.0.162
job-core	Checkout code	2026-02-26T19:49:15.9656678Z  * [new tag]             0.0.163                -> 0.0.163
job-core	Checkout code	2026-02-26T19:49:15.9657057Z  * [new tag]             0.0.164                -> 0.0.164
job-core	Checkout code	2026-02-26T19:49:15.9657424Z  * [new tag]             0.0.165                -> 0.0.165
job-core	Checkout code	2026-02-26T19:49:15.9657812Z  * [new tag]             0.0.166                -> 0.0.166
job-core	Checkout code	2026-02-26T19:49:15.9658187Z  * [new tag]             0.0.167                -> 0.0.167
job-core	Checkout code	2026-02-26T19:49:15.9658572Z  * [new tag]             0.0.168                -> 0.0.168
job-core	Checkout code	2026-02-26T19:49:15.9658947Z  * [new tag]             0.0.169                -> 0.0.169
job-core	Checkout code	2026-02-26T19:49:15.9659333Z  * [new tag]             0.0.17                 -> 0.0.17
job-core	Checkout code	2026-02-26T19:49:15.9659711Z  * [new tag]             0.0.170                -> 0.0.170
job-core	Checkout code	2026-02-26T19:49:15.9660077Z  * [new tag]             0.0.171                -> 0.0.171
job-core	Checkout code	2026-02-26T19:49:15.9660468Z  * [new tag]             0.0.172                -> 0.0.172
job-core	Checkout code	2026-02-26T19:49:15.9660895Z  * [new tag]             0.0.173                -> 0.0.173
job-core	Checkout code	2026-02-26T19:49:15.9661271Z  * [new tag]             0.0.174                -> 0.0.174
job-core	Checkout code	2026-02-26T19:49:15.9661647Z  * [new tag]             0.0.175                -> 0.0.175
job-core	Checkout code	2026-02-26T19:49:15.9662028Z  * [new tag]             0.0.176                -> 0.0.176
job-core	Checkout code	2026-02-26T19:49:15.9662410Z  * [new tag]             0.0.177                -> 0.0.177
job-core	Checkout code	2026-02-26T19:49:15.9662782Z  * [new tag]             0.0.178                -> 0.0.178
job-core	Checkout code	2026-02-26T19:49:15.9663151Z  * [new tag]             0.0.179                -> 0.0.179
job-core	Checkout code	2026-02-26T19:49:15.9663546Z  * [new tag]             0.0.18                 -> 0.0.18
job-core	Checkout code	2026-02-26T19:49:15.9663923Z  * [new tag]             0.0.19                 -> 0.0.19
job-core	Checkout code	2026-02-26T19:49:15.9664296Z  * [new tag]             0.0.2                  -> 0.0.2
job-core	Checkout code	2026-02-26T19:49:15.9664825Z  * [new tag]             0.0.20                 -> 0.0.20
job-core	Checkout code	2026-02-26T19:49:15.9665209Z  * [new tag]             0.0.21                 -> 0.0.21
job-core	Checkout code	2026-02-26T19:49:15.9665584Z  * [new tag]             0.0.22                 -> 0.0.22
job-core	Checkout code	2026-02-26T19:49:15.9665948Z  * [new tag]             0.0.23                 -> 0.0.23
job-core	Checkout code	2026-02-26T19:49:15.9666322Z  * [new tag]             0.0.24                 -> 0.0.24
job-core	Checkout code	2026-02-26T19:49:15.9666705Z  * [new tag]             0.0.25                 -> 0.0.25
job-core	Checkout code	2026-02-26T19:49:15.9667077Z  * [new tag]             0.0.26                 -> 0.0.26
job-core	Checkout code	2026-02-26T19:49:15.9667452Z  * [new tag]             0.0.27                 -> 0.0.27
job-core	Checkout code	2026-02-26T19:49:15.9667827Z  * [new tag]             0.0.28                 -> 0.0.28
job-core	Checkout code	2026-02-26T19:49:15.9668437Z  * [new tag]             0.0.29                 -> 0.0.29
job-core	Checkout code	2026-02-26T19:49:15.9668807Z  * [new tag]             0.0.3                  -> 0.0.3
job-core	Checkout code	2026-02-26T19:49:15.9669176Z  * [new tag]             0.0.30                 -> 0.0.30
job-core	Checkout code	2026-02-26T19:49:15.9669550Z  * [new tag]             0.0.31                 -> 0.0.31
job-core	Checkout code	2026-02-26T19:49:15.9669918Z  * [new tag]             0.0.32                 -> 0.0.32
job-core	Checkout code	2026-02-26T19:49:15.9670292Z  * [new tag]             0.0.33                 -> 0.0.33
job-core	Checkout code	2026-02-26T19:49:15.9670663Z  * [new tag]             0.0.34                 -> 0.0.34
job-core	Checkout code	2026-02-26T19:49:15.9671029Z  * [new tag]             0.0.35                 -> 0.0.35
job-core	Checkout code	2026-02-26T19:49:15.9671400Z  * [new tag]             0.0.36                 -> 0.0.36
job-core	Checkout code	2026-02-26T19:49:15.9671763Z  * [new tag]             0.0.37                 -> 0.0.37
job-core	Checkout code	2026-02-26T19:49:15.9672267Z  * [new tag]             0.0.38                 -> 0.0.38
job-core	Checkout code	2026-02-26T19:49:15.9672631Z  * [new tag]             0.0.39                 -> 0.0.39
job-core	Checkout code	2026-02-26T19:49:15.9673252Z  * [new tag]             0.0.4                  -> 0.0.4
job-core	Checkout code	2026-02-26T19:49:15.9673617Z  * [new tag]             0.0.40                 -> 0.0.40
job-core	Checkout code	2026-02-26T19:49:15.9673978Z  * [new tag]             0.0.41                 -> 0.0.41
job-core	Checkout code	2026-02-26T19:49:15.9674857Z  * [new tag]             0.0.42                 -> 0.0.42
job-core	Checkout code	2026-02-26T19:49:15.9675229Z  * [new tag]             0.0.43                 -> 0.0.43
job-core	Checkout code	2026-02-26T19:49:15.9675600Z  * [new tag]             0.0.44                 -> 0.0.44
job-core	Checkout code	2026-02-26T19:49:15.9675968Z  * [new tag]             0.0.45                 -> 0.0.45
job-core	Checkout code	2026-02-26T19:49:15.9676339Z  * [new tag]             0.0.46                 -> 0.0.46
job-core	Checkout code	2026-02-26T19:49:15.9676704Z  * [new tag]             0.0.47                 -> 0.0.47
job-core	Checkout code	2026-02-26T19:49:15.9677073Z  * [new tag]             0.0.48                 -> 0.0.48
job-core	Checkout code	2026-02-26T19:49:15.9677440Z  * [new tag]             0.0.49                 -> 0.0.49
job-core	Checkout code	2026-02-26T19:49:15.9677808Z  * [new tag]             0.0.5                  -> 0.0.5
job-core	Checkout code	2026-02-26T19:49:15.9678182Z  * [new tag]             0.0.50                 -> 0.0.50
job-core	Checkout code	2026-02-26T19:49:15.9678550Z  * [new tag]             0.0.51                 -> 0.0.51
job-core	Checkout code	2026-02-26T19:49:15.9678922Z  * [new tag]             0.0.52                 -> 0.0.52
job-core	Checkout code	2026-02-26T19:49:15.9679296Z  * [new tag]             0.0.53                 -> 0.0.53
job-core	Checkout code	2026-02-26T19:49:15.9679665Z  * [new tag]             0.0.54                 -> 0.0.54
job-core	Checkout code	2026-02-26T19:49:15.9680033Z  * [new tag]             0.0.55                 -> 0.0.55
job-core	Checkout code	2026-02-26T19:49:15.9680402Z  * [new tag]             0.0.56                 -> 0.0.56
job-core	Checkout code	2026-02-26T19:49:15.9680768Z  * [new tag]             0.0.57                 -> 0.0.57
job-core	Checkout code	2026-02-26T19:49:15.9681135Z  * [new tag]             0.0.58                 -> 0.0.58
job-core	Checkout code	2026-02-26T19:49:15.9681498Z  * [new tag]             0.0.59                 -> 0.0.59
job-core	Checkout code	2026-02-26T19:49:15.9693845Z  * [new tag]             0.0.6                  -> 0.0.6
job-core	Checkout code	2026-02-26T19:49:15.9694442Z  * [new tag]             0.0.60                 -> 0.0.60
job-core	Checkout code	2026-02-26T19:49:15.9695016Z  * [new tag]             0.0.61                 -> 0.0.61
job-core	Checkout code	2026-02-26T19:49:15.9695388Z  * [new tag]             0.0.62                 -> 0.0.62
job-core	Checkout code	2026-02-26T19:49:15.9695751Z  * [new tag]             0.0.63                 -> 0.0.63
job-core	Checkout code	2026-02-26T19:49:15.9696133Z  * [new tag]             0.0.64                 -> 0.0.64
job-core	Checkout code	2026-02-26T19:49:15.9696494Z  * [new tag]             0.0.65                 -> 0.0.65
job-core	Checkout code	2026-02-26T19:49:15.9696859Z  * [new tag]             0.0.66                 -> 0.0.66
job-core	Checkout code	2026-02-26T19:49:15.9697219Z  * [new tag]             0.0.67                 -> 0.0.67
job-core	Checkout code	2026-02-26T19:49:15.9697578Z  * [new tag]             0.0.68                 -> 0.0.68
job-core	Checkout code	2026-02-26T19:49:15.9697945Z  * [new tag]             0.0.69                 -> 0.0.69
job-core	Checkout code	2026-02-26T19:49:15.9698311Z  * [new tag]             0.0.7                  -> 0.0.7
job-core	Checkout code	2026-02-26T19:49:15.9698683Z  * [new tag]             0.0.70                 -> 0.0.70
job-core	Checkout code	2026-02-26T19:49:15.9699370Z  * [new tag]             0.0.71                 -> 0.0.71
job-core	Checkout code	2026-02-26T19:49:15.9699736Z  * [new tag]             0.0.72                 -> 0.0.72
job-core	Checkout code	2026-02-26T19:49:15.9700100Z  * [new tag]             0.0.73                 -> 0.0.73
job-core	Checkout code	2026-02-26T19:49:15.9700467Z  * [new tag]             0.0.74                 -> 0.0.74
job-core	Checkout code	2026-02-26T19:49:15.9700835Z  * [new tag]             0.0.75                 -> 0.0.75
job-core	Checkout code	2026-02-26T19:49:15.9701201Z  * [new tag]             0.0.76                 -> 0.0.76
job-core	Checkout code	2026-02-26T19:49:15.9701568Z  * [new tag]             0.0.77                 -> 0.0.77
job-core	Checkout code	2026-02-26T19:49:15.9701936Z  * [new tag]             0.0.78                 -> 0.0.78
job-core	Checkout code	2026-02-26T19:49:15.9702299Z  * [new tag]             0.0.79                 -> 0.0.79
job-core	Checkout code	2026-02-26T19:49:15.9702670Z  * [new tag]             0.0.8                  -> 0.0.8
job-core	Checkout code	2026-02-26T19:49:15.9703032Z  * [new tag]             0.0.80                 -> 0.0.80
job-core	Checkout code	2026-02-26T19:49:15.9703396Z  * [new tag]             0.0.81                 -> 0.0.81
job-core	Checkout code	2026-02-26T19:49:15.9703777Z  * [new tag]             0.0.82                 -> 0.0.82
job-core	Checkout code	2026-02-26T19:49:15.9704140Z  * [new tag]             0.0.83                 -> 0.0.83
job-core	Checkout code	2026-02-26T19:49:15.9704649Z  * [new tag]             0.0.84                 -> 0.0.84
job-core	Checkout code	2026-02-26T19:49:15.9705390Z  * [new tag]             0.0.85                 -> 0.0.85
job-core	Checkout code	2026-02-26T19:49:15.9705744Z  * [new tag]             0.0.86                 -> 0.0.86
job-core	Checkout code	2026-02-26T19:49:15.9706101Z  * [new tag]             0.0.87                 -> 0.0.87
job-core	Checkout code	2026-02-26T19:49:15.9706453Z  * [new tag]             0.0.88                 -> 0.0.88
job-core	Checkout code	2026-02-26T19:49:15.9706810Z  * [new tag]             0.0.89                 -> 0.0.89
job-core	Checkout code	2026-02-26T19:49:15.9707174Z  * [new tag]             0.0.9                  -> 0.0.9
job-core	Checkout code	2026-02-26T19:49:15.9707531Z  * [new tag]             0.0.90                 -> 0.0.90
job-core	Checkout code	2026-02-26T19:49:15.9707889Z  * [new tag]             0.0.91                 -> 0.0.91
job-core	Checkout code	2026-02-26T19:49:15.9708241Z  * [new tag]             0.0.92                 -> 0.0.92
job-core	Checkout code	2026-02-26T19:49:15.9708606Z  * [new tag]             0.0.93                 -> 0.0.93
job-core	Checkout code	2026-02-26T19:49:15.9708959Z  * [new tag]             0.0.94                 -> 0.0.94
job-core	Checkout code	2026-02-26T19:49:15.9709321Z  * [new tag]             0.0.95                 -> 0.0.95
job-core	Checkout code	2026-02-26T19:49:15.9709686Z  * [new tag]             0.0.96                 -> 0.0.96
job-core	Checkout code	2026-02-26T19:49:15.9710041Z  * [new tag]             0.0.97                 -> 0.0.97
job-core	Checkout code	2026-02-26T19:49:15.9710397Z  * [new tag]             0.0.98                 -> 0.0.98
job-core	Checkout code	2026-02-26T19:49:15.9710758Z  * [new tag]             0.0.99                 -> 0.0.99
job-core	Checkout code	2026-02-26T19:49:15.9711117Z  * [new tag]             0.1.0                  -> 0.1.0
job-core	Checkout code	2026-02-26T19:49:15.9711623Z  * [new tag]             0.1.1                  -> 0.1.1
job-core	Checkout code	2026-02-26T19:49:15.9711986Z  * [new tag]             0.2.0                  -> 0.2.0
job-core	Checkout code	2026-02-26T19:49:15.9712484Z  * [new tag]             0.3.0                  -> 0.3.0
job-core	Checkout code	2026-02-26T19:49:15.9712838Z  * [new tag]             0.3.1                  -> 0.3.1
job-core	Checkout code	2026-02-26T19:49:15.9713245Z  * [new tag]             0.3.10                 -> 0.3.10
job-core	Checkout code	2026-02-26T19:49:15.9713616Z  * [new tag]             0.3.11                 -> 0.3.11
job-core	Checkout code	2026-02-26T19:49:15.9713978Z  * [new tag]             0.3.12                 -> 0.3.12
job-core	Checkout code	2026-02-26T19:49:15.9714345Z  * [new tag]             0.3.13                 -> 0.3.13
job-core	Checkout code	2026-02-26T19:49:15.9715008Z  * [new tag]             0.3.14                 -> 0.3.14
job-core	Checkout code	2026-02-26T19:49:15.9715498Z  * [new tag]             0.3.15                 -> 0.3.15
job-core	Checkout code	2026-02-26T19:49:15.9716000Z  * [new tag]             0.3.16                 -> 0.3.16
job-core	Checkout code	2026-02-26T19:49:15.9716376Z  * [new tag]             0.3.17                 -> 0.3.17
job-core	Checkout code	2026-02-26T19:49:15.9716745Z  * [new tag]             0.3.2                  -> 0.3.2
job-core	Checkout code	2026-02-26T19:49:15.9717118Z  * [new tag]             0.3.3                  -> 0.3.3
job-core	Checkout code	2026-02-26T19:49:15.9717492Z  * [new tag]             0.3.4                  -> 0.3.4
job-core	Checkout code	2026-02-26T19:49:15.9717858Z  * [new tag]             0.3.5                  -> 0.3.5
job-core	Checkout code	2026-02-26T19:49:15.9718482Z  * [new tag]             0.3.6                  -> 0.3.6
job-core	Checkout code	2026-02-26T19:49:15.9718968Z  * [new tag]             0.3.7                  -> 0.3.7
job-core	Checkout code	2026-02-26T19:49:15.9719318Z  * [new tag]             0.3.8                  -> 0.3.8
job-core	Checkout code	2026-02-26T19:49:15.9719673Z  * [new tag]             0.3.9                  -> 0.3.9
job-core	Checkout code	2026-02-26T19:49:15.9720027Z  * [new tag]             0.4.0                  -> 0.4.0
job-core	Checkout code	2026-02-26T19:49:15.9720381Z  * [new tag]             0.4.1                  -> 0.4.1
job-core	Checkout code	2026-02-26T19:49:15.9720728Z  * [new tag]             0.4.2                  -> 0.4.2
job-core	Checkout code	2026-02-26T19:49:15.9721083Z  * [new tag]             0.4.3                  -> 0.4.3
job-core	Checkout code	2026-02-26T19:49:15.9721435Z  * [new tag]             0.4.4                  -> 0.4.4
job-core	Checkout code	2026-02-26T19:49:15.9721785Z  * [new tag]             0.4.5                  -> 0.4.5
job-core	Checkout code	2026-02-26T19:49:15.9722136Z  * [new tag]             0.4.6                  -> 0.4.6
job-core	Checkout code	2026-02-26T19:49:15.9722496Z  * [new tag]             0.4.7                  -> 0.4.7
job-core	Checkout code	2026-02-26T19:49:15.9722847Z  * [new tag]             0.4.8                  -> 0.4.8
job-core	Checkout code	2026-02-26T19:49:15.9723198Z  * [new tag]             0.4.9                  -> 0.4.9
job-core	Checkout code	2026-02-26T19:49:15.9723547Z  * [new tag]             0.5.0                  -> 0.5.0
job-core	Checkout code	2026-02-26T19:49:15.9724113Z  * [new tag]             0.5.1                  -> 0.5.1
job-core	Checkout code	2026-02-26T19:49:15.9724463Z  * [new tag]             0.5.2                  -> 0.5.2
job-core	Checkout code	2026-02-26T19:49:15.9725240Z  * [new tag]             0.6.0                  -> 0.6.0
job-core	Checkout code	2026-02-26T19:49:15.9725588Z  * [new tag]             0.6.1                  -> 0.6.1
job-core	Checkout code	2026-02-26T19:49:15.9725936Z  * [new tag]             0.6.2                  -> 0.6.2
job-core	Checkout code	2026-02-26T19:49:15.9726285Z  * [new tag]             0.6.3                  -> 0.6.3
job-core	Checkout code	2026-02-26T19:49:15.9726634Z  * [new tag]             0.6.4                  -> 0.6.4
job-core	Checkout code	2026-02-26T19:49:15.9726984Z  * [new tag]             0.6.5                  -> 0.6.5
job-core	Checkout code	2026-02-26T19:49:15.9727347Z  * [new tag]             0.6.6                  -> 0.6.6
job-core	Checkout code	2026-02-26T19:49:15.9959550Z [command]/usr/bin/git branch --list --remote origin/main
job-core	Checkout code	2026-02-26T19:49:16.0039882Z   origin/main
job-core	Checkout code	2026-02-26T19:49:16.0051953Z [command]/usr/bin/git rev-parse refs/remotes/origin/main
job-core	Checkout code	2026-02-26T19:49:16.0083396Z 648386888341ea82d5838fff354de5699885064b
job-core	Checkout code	2026-02-26T19:49:16.0089444Z ##[endgroup]
job-core	Checkout code	2026-02-26T19:49:16.0089877Z ##[group]Determining the checkout info
job-core	Checkout code	2026-02-26T19:49:16.0091154Z ##[endgroup]
job-core	Checkout code	2026-02-26T19:49:16.0098188Z [command]/usr/bin/git sparse-checkout disable
job-core	Checkout code	2026-02-26T19:49:16.0164269Z [command]/usr/bin/git config --local --unset-all extensions.worktreeConfig
job-core	Checkout code	2026-02-26T19:49:16.0203105Z ##[group]Checking out the ref
job-core	Checkout code	2026-02-26T19:49:16.0207907Z [command]/usr/bin/git checkout --progress --force -B main refs/remotes/origin/main
job-core	Checkout code	2026-02-26T19:49:16.2691963Z Switched to a new branch 'main'
job-core	Checkout code	2026-02-26T19:49:16.2696433Z branch 'main' set up to track 'origin/main'.
job-core	Checkout code	2026-02-26T19:49:16.2738425Z ##[endgroup]
job-core	Checkout code	2026-02-26T19:49:16.2799336Z [command]/usr/bin/git log -1 --format=%H
job-core	Checkout code	2026-02-26T19:49:16.2832629Z 648386888341ea82d5838fff354de5699885064b
job-core	Install GH CLI	Ôªø2026-02-26T19:49:16.3143119Z Prepare all required actions
job-core	Install GH CLI	2026-02-26T19:49:16.3190144Z ##[group]Run ./.github/actions/install-gh-cli
job-core	Install GH CLI	2026-02-26T19:49:16.3190477Z env:
job-core	Install GH CLI	2026-02-26T19:49:16.3190674Z   PYTHON_VERSION: 3.9
job-core	Install GH CLI	2026-02-26T19:49:16.3191505Z   MONGO_SUPERUSER_CONNECTION: ***
job-core	Install GH CLI	2026-02-26T19:49:16.3191903Z   MONGO_NEW_PASS: ***
job-core	Install GH CLI	2026-02-26T19:49:16.3192248Z   MONGO_SCRIPT_CREATE: devops/core/mongo/scripts/mongodb_status_report.py
job-core	Install GH CLI	2026-02-26T19:49:16.3192656Z   KAOS_CODE: 22458488873
job-core	Install GH CLI	2026-02-26T19:49:16.3192882Z   REPORT_SCAN: audit/
job-core	Install GH CLI	2026-02-26T19:49:16.3193112Z   REPORT_PATH: audit/mongodb/
job-core	Install GH CLI	2026-02-26T19:49:16.3193378Z   REPORT_FILENAME: 22458488873.json
job-core	Install GH CLI	2026-02-26T19:49:16.3193664Z   KAOS_MODULE: [Ka0s] Status MongDB Report
job-core	Install GH CLI	2026-02-26T19:49:16.3193950Z   GITHUB_OUTPUT: 
job-core	Install GH CLI	2026-02-26T19:49:16.3194160Z ##[endgroup]
job-core	Install GH CLI	2026-02-26T19:49:16.3301211Z ##[group]Run type -p curl >/dev/null || (sudo apt-get update && sudo apt-get install curl -y)
job-core	Install GH CLI	2026-02-26T19:49:16.3302220Z [36;1mtype -p curl >/dev/null || (sudo apt-get update && sudo apt-get install curl -y)[0m
job-core	Install GH CLI	2026-02-26T19:49:16.3303095Z [36;1mcurl -fsSL https://cli.github.com/packages/githubcli-archive-keyring.gpg | sudo dd of=/usr/share/keyrings/githubcli-archive-keyring.gpg \[0m
job-core	Install GH CLI	2026-02-26T19:49:16.3303895Z [36;1m&& sudo chmod go+r /usr/share/keyrings/githubcli-archive-keyring.gpg \[0m
job-core	Install GH CLI	2026-02-26T19:49:16.3305603Z [36;1m&& echo "deb [arch=$(dpkg --print-architecture) signed-by=/usr/share/keyrings/githubcli-archive-keyring.gpg] https://cli.github.com/packages stable main" | sudo tee /etc/apt/sources.list.d/github-cli.list > /dev/null \[0m
job-core	Install GH CLI	2026-02-26T19:49:16.3306580Z [36;1m&& sudo apt-get update \[0m
job-core	Install GH CLI	2026-02-26T19:49:16.3306870Z [36;1m&& sudo apt-get install gh -y[0m
job-core	Install GH CLI	2026-02-26T19:49:16.3322872Z shell: /usr/bin/bash --noprofile --norc -e -o pipefail {0}
job-core	Install GH CLI	2026-02-26T19:49:16.3323232Z env:
job-core	Install GH CLI	2026-02-26T19:49:16.3323448Z   PYTHON_VERSION: 3.9
job-core	Install GH CLI	2026-02-26T19:49:16.3324311Z   MONGO_SUPERUSER_CONNECTION: ***
job-core	Install GH CLI	2026-02-26T19:49:16.3325268Z   MONGO_NEW_PASS: ***
job-core	Install GH CLI	2026-02-26T19:49:16.3325610Z   MONGO_SCRIPT_CREATE: devops/core/mongo/scripts/mongodb_status_report.py
job-core	Install GH CLI	2026-02-26T19:49:16.3326012Z   KAOS_CODE: 22458488873
job-core	Install GH CLI	2026-02-26T19:49:16.3326237Z   REPORT_SCAN: audit/
job-core	Install GH CLI	2026-02-26T19:49:16.3326478Z   REPORT_PATH: audit/mongodb/
job-core	Install GH CLI	2026-02-26T19:49:16.3326733Z   REPORT_FILENAME: 22458488873.json
job-core	Install GH CLI	2026-02-26T19:49:16.3327012Z   KAOS_MODULE: [Ka0s] Status MongDB Report
job-core	Install GH CLI	2026-02-26T19:49:16.3327281Z   GITHUB_OUTPUT: 
job-core	Install GH CLI	2026-02-26T19:49:16.3327486Z ##[endgroup]
job-core	Install GH CLI	2026-02-26T19:49:16.3979465Z 4+1 records in
job-core	Install GH CLI	2026-02-26T19:49:16.3979919Z 4+1 records out
job-core	Install GH CLI	2026-02-26T19:49:16.3980211Z 2270 bytes (2.3 kB, 2.2 KiB) copied, 0.0399913 s, 56.8 kB/s
job-core	Install GH CLI	2026-02-26T19:49:16.5657832Z Get:1 http://archive.ubuntu.com/ubuntu noble InRelease [256 kB]
job-core	Install GH CLI	2026-02-26T19:49:16.5670282Z Get:2 https://cli.github.com/packages stable InRelease [3917 B]
job-core	Install GH CLI	2026-02-26T19:49:16.6381260Z Get:3 http://security.ubuntu.com/ubuntu noble-security InRelease [126 kB]
job-core	Install GH CLI	2026-02-26T19:49:16.6689293Z Get:4 https://cli.github.com/packages stable/main amd64 Packages [357 B]
job-core	Install GH CLI	2026-02-26T19:49:16.7022667Z Get:5 https://ppa.launchpadcontent.net/git-core/ppa/ubuntu noble InRelease [24.3 kB]
job-core	Install GH CLI	2026-02-26T19:49:16.7160694Z Get:6 http://archive.ubuntu.com/ubuntu noble-updates InRelease [126 kB]
job-core	Install GH CLI	2026-02-26T19:49:16.7523782Z Get:7 http://archive.ubuntu.com/ubuntu noble-backports InRelease [126 kB]
job-core	Install GH CLI	2026-02-26T19:49:16.8169073Z Get:8 http://archive.ubuntu.com/ubuntu noble/universe amd64 Packages [19.3 MB]
job-core	Install GH CLI	2026-02-26T19:49:16.9019836Z Get:9 https://ppa.launchpadcontent.net/git-core/ppa/ubuntu noble/main amd64 Packages [2992 B]
job-core	Install GH CLI	2026-02-26T19:49:17.1636698Z Get:10 http://security.ubuntu.com/ubuntu noble-security/universe amd64 Packages [1242 kB]
job-core	Install GH CLI	2026-02-26T19:49:17.1845830Z Get:11 http://archive.ubuntu.com/ubuntu noble/restricted amd64 Packages [117 kB]
job-core	Install GH CLI	2026-02-26T19:49:17.1857675Z Get:12 http://archive.ubuntu.com/ubuntu noble/main amd64 Packages [1808 kB]
job-core	Install GH CLI	2026-02-26T19:49:17.2030605Z Get:13 http://archive.ubuntu.com/ubuntu noble/multiverse amd64 Packages [331 kB]
job-core	Install GH CLI	2026-02-26T19:49:17.2067240Z Get:14 http://archive.ubuntu.com/ubuntu noble-updates/multiverse amd64 Packages [38.1 kB]
job-core	Install GH CLI	2026-02-26T19:49:17.2069994Z Get:15 http://archive.ubuntu.com/ubuntu noble-updates/main amd64 Packages [2276 kB]
job-core	Install GH CLI	2026-02-26T19:49:17.2268154Z Get:16 http://archive.ubuntu.com/ubuntu noble-updates/universe amd64 Packages [2017 kB]
job-core	Install GH CLI	2026-02-26T19:49:17.2429782Z Get:17 http://archive.ubuntu.com/ubuntu noble-updates/restricted amd64 Packages [3471 kB]
job-core	Install GH CLI	2026-02-26T19:49:17.2730629Z Get:18 http://archive.ubuntu.com/ubuntu noble-backports/main amd64 Packages [49.5 kB]
job-core	Install GH CLI	2026-02-26T19:49:17.2735596Z Get:19 http://archive.ubuntu.com/ubuntu noble-backports/universe amd64 Packages [34.6 kB]
job-core	Install GH CLI	2026-02-26T19:49:17.4785218Z Get:20 http://security.ubuntu.com/ubuntu noble-security/multiverse amd64 Packages [34.8 kB]
job-core	Install GH CLI	2026-02-26T19:49:17.4793757Z Get:21 http://security.ubuntu.com/ubuntu noble-security/restricted amd64 Packages [3262 kB]
job-core	Install GH CLI	2026-02-26T19:49:17.6095090Z Get:22 http://security.ubuntu.com/ubuntu noble-security/main amd64 Packages [1883 kB]
job-core	Install GH CLI	2026-02-26T19:49:18.7603242Z Fetched 36.5 MB in 2s (16.1 MB/s)
job-core	Install GH CLI	2026-02-26T19:49:19.6997475Z Reading package lists...
job-core	Install GH CLI	2026-02-26T19:49:20.6867132Z Reading package lists...
job-core	Install GH CLI	2026-02-26T19:49:20.9159889Z Building dependency tree...
job-core	Install GH CLI	2026-02-26T19:49:20.9161716Z Reading state information...
job-core	Install GH CLI	2026-02-26T19:49:21.2800691Z The following NEW packages will be installed:
job-core	Install GH CLI	2026-02-26T19:49:21.2820207Z   gh
job-core	Install GH CLI	2026-02-26T19:49:21.4359427Z 0 upgraded, 1 newly installed, 0 to remove and 0 not upgraded.
job-core	Install GH CLI	2026-02-26T19:49:21.4361224Z Need to get 13.8 MB of archives.
job-core	Install GH CLI	2026-02-26T19:49:21.4362907Z After this operation, 38.5 MB of additional disk space will be used.
job-core	Install GH CLI	2026-02-26T19:49:21.4367523Z Get:1 https://cli.github.com/packages stable/main amd64 gh amd64 2.87.3 [13.8 MB]
job-core	Install GH CLI	2026-02-26T19:49:21.8233922Z debconf: delaying package configuration, since apt-utils is not installed
job-core	Install GH CLI	2026-02-26T19:49:21.8672278Z Fetched 13.8 MB in 0s (39.0 MB/s)
job-core	Install GH CLI	2026-02-26T19:49:21.8951368Z Selecting previously unselected package gh.
job-core	Install GH CLI	2026-02-26T19:49:21.8989560Z (Reading database ... 
job-core	Install GH CLI	2026-02-26T19:49:21.8990165Z (Reading database ... 5%
job-core	Install GH CLI	2026-02-26T19:49:21.8990443Z (Reading database ... 10%
job-core	Install GH CLI	2026-02-26T19:49:21.8990830Z (Reading database ... 15%
job-core	Install GH CLI	2026-02-26T19:49:21.8991073Z (Reading database ... 20%
job-core	Install GH CLI	2026-02-26T19:49:21.8991312Z (Reading database ... 25%
job-core	Install GH CLI	2026-02-26T19:49:21.8991546Z (Reading database ... 30%
job-core	Install GH CLI	2026-02-26T19:49:21.8991790Z (Reading database ... 35%
job-core	Install GH CLI	2026-02-26T19:49:21.8992030Z (Reading database ... 40%
job-core	Install GH CLI	2026-02-26T19:49:21.8992270Z (Reading database ... 45%
job-core	Install GH CLI	2026-02-26T19:49:21.8992517Z (Reading database ... 50%
job-core	Install GH CLI	2026-02-26T19:49:21.8992757Z (Reading database ... 55%
job-core	Install GH CLI	2026-02-26T19:49:21.8992992Z (Reading database ... 60%
job-core	Install GH CLI	2026-02-26T19:49:21.9003620Z (Reading database ... 65%
job-core	Install GH CLI	2026-02-26T19:49:21.9019472Z (Reading database ... 70%
job-core	Install GH CLI	2026-02-26T19:49:21.9025991Z (Reading database ... 75%
job-core	Install GH CLI	2026-02-26T19:49:21.9040632Z (Reading database ... 80%
job-core	Install GH CLI	2026-02-26T19:49:21.9046341Z (Reading database ... 85%
job-core	Install GH CLI	2026-02-26T19:49:21.9057311Z (Reading database ... 90%
job-core	Install GH CLI	2026-02-26T19:49:21.9075407Z (Reading database ... 95%
job-core	Install GH CLI	2026-02-26T19:49:21.9075835Z (Reading database ... 100%
job-core	Install GH CLI	2026-02-26T19:49:21.9076203Z (Reading database ... 14387 files and directories currently installed.)
job-core	Install GH CLI	2026-02-26T19:49:21.9080970Z Preparing to unpack .../archives/gh_2.87.3_amd64.deb ...
job-core	Install GH CLI	2026-02-26T19:49:21.9116995Z Unpacking gh (2.87.3) ...
job-core	Install GH CLI	2026-02-26T19:49:22.1396330Z Setting up gh (2.87.3) ...
job-core	Set up Python	Ôªø2026-02-26T19:49:22.2048570Z ##[group]Run actions/setup-python@v4
job-core	Set up Python	2026-02-26T19:49:22.2049000Z with:
job-core	Set up Python	2026-02-26T19:49:22.2049270Z   python-version: 3.9
job-core	Set up Python	2026-02-26T19:49:22.2049587Z   check-latest: false
job-core	Set up Python	2026-02-26T19:49:22.2050134Z   token: ***
job-core	Set up Python	2026-02-26T19:49:22.2050425Z   update-environment: true
job-core	Set up Python	2026-02-26T19:49:22.2050771Z   allow-prereleases: false
job-core	Set up Python	2026-02-26T19:49:22.2051085Z env:
job-core	Set up Python	2026-02-26T19:49:22.2051328Z   PYTHON_VERSION: 3.9
job-core	Set up Python	2026-02-26T19:49:22.2052273Z   MONGO_SUPERUSER_CONNECTION: ***
job-core	Set up Python	2026-02-26T19:49:22.2052799Z   MONGO_NEW_PASS: ***
job-core	Set up Python	2026-02-26T19:49:22.2053270Z   MONGO_SCRIPT_CREATE: devops/core/mongo/scripts/mongodb_status_report.py
job-core	Set up Python	2026-02-26T19:49:22.2053819Z   KAOS_CODE: 22458488873
job-core	Set up Python	2026-02-26T19:49:22.2054136Z   REPORT_SCAN: audit/
job-core	Set up Python	2026-02-26T19:49:22.2054448Z   REPORT_PATH: audit/mongodb/
job-core	Set up Python	2026-02-26T19:49:22.2054890Z   REPORT_FILENAME: 22458488873.json
job-core	Set up Python	2026-02-26T19:49:22.2055293Z   KAOS_MODULE: [Ka0s] Status MongDB Report
job-core	Set up Python	2026-02-26T19:49:22.2055681Z   GITHUB_OUTPUT: 
job-core	Set up Python	2026-02-26T19:49:22.2055949Z ##[endgroup]
job-core	Set up Python	2026-02-26T19:49:22.4086556Z ##[group]Installed versions
job-core	Set up Python	2026-02-26T19:49:22.4100565Z Version 3.9 was not found in the local cache
job-core	Set up Python	2026-02-26T19:49:23.3881077Z Version 3.9 is available for downloading
job-core	Set up Python	2026-02-26T19:49:23.3883169Z Download from "https://github.com/actions/python-versions/releases/download/3.9.25-19039189640/python-3.9.25-linux-24.04-x64.tar.gz"
job-core	Set up Python	2026-02-26T19:49:25.3819811Z Extract downloaded archive
job-core	Set up Python	2026-02-26T19:49:25.4222631Z [command]/usr/bin/tar xz --warning=no-unknown-keyword -C /home/runner/_work/_temp/bacfbdd7-359b-4277-a906-aafa2aa6c2ef -f /home/runner/_work/_temp/fd8a046e-2693-4d64-bcbd-ef844875ba2d
job-core	Set up Python	2026-02-26T19:49:26.9865046Z Execute installation script
job-core	Set up Python	2026-02-26T19:49:26.9968943Z Check if Python hostedtoolcache folder exist...
job-core	Set up Python	2026-02-26T19:49:26.9969382Z Creating Python hostedtoolcache folder...
job-core	Set up Python	2026-02-26T19:49:26.9983224Z Create Python 3.9.25 folder
job-core	Set up Python	2026-02-26T19:49:26.9998634Z Copy Python binaries to hostedtoolcache folder
job-core	Set up Python	2026-02-26T19:49:27.9571315Z Create additional symlinks (Required for the UsePythonVersion Azure Pipelines task and the setup-python GitHub Action)
job-core	Set up Python	2026-02-26T19:49:27.9615532Z Upgrading pip...
job-core	Set up Python	2026-02-26T19:49:29.9483643Z Looking in links: /tmp/tmpzy8wjh7a
job-core	Set up Python	2026-02-26T19:49:29.9489742Z Requirement already satisfied: setuptools in /home/runner/_work/_tool/Python/3.9.25/x64/lib/python3.9/site-packages (79.0.1)
job-core	Set up Python	2026-02-26T19:49:29.9493310Z Requirement already satisfied: pip in /home/runner/_work/_tool/Python/3.9.25/x64/lib/python3.9/site-packages (23.0.1)
job-core	Set up Python	2026-02-26T19:49:31.2411178Z Collecting pip
job-core	Set up Python	2026-02-26T19:49:31.2993856Z Downloading pip-26.0.1-py3-none-any.whl (1.8 MB)
job-core	Set up Python	2026-02-26T19:49:31.3925119Z ‚îÅ‚îÅ‚îÅ‚îÅ‚îÅ‚îÅ‚îÅ‚îÅ‚îÅ‚îÅ‚îÅ‚îÅ‚îÅ‚îÅ‚îÅ‚îÅ‚îÅ‚îÅ‚îÅ‚îÅ‚îÅ‚îÅ‚îÅ‚îÅ‚îÅ‚îÅ‚îÅ‚îÅ‚îÅ‚îÅ‚îÅ‚îÅ‚îÅ‚îÅ‚îÅ‚îÅ‚îÅ‚îÅ‚îÅ‚îÅ 1.8/1.8 MB 19.8 MB/s eta 0:00:00
job-core	Set up Python	2026-02-26T19:49:31.3925509Z 
job-core	Set up Python	2026-02-26T19:49:31.4602193Z Installing collected packages: pip
job-core	Set up Python	2026-02-26T19:49:31.4602807Z Attempting uninstall: pip
job-core	Set up Python	2026-02-26T19:49:31.4611840Z Found existing installation: pip 23.0.1
job-core	Set up Python	2026-02-26T19:49:31.7791478Z Uninstalling pip-23.0.1:
job-core	Set up Python	2026-02-26T19:49:31.7890585Z Successfully uninstalled pip-23.0.1
job-core	Set up Python	2026-02-26T19:49:32.6709639Z Successfully installed pip-26.0.1
job-core	Set up Python	2026-02-26T19:49:32.7503059Z Create complete file
job-core	Set up Python	2026-02-26T19:49:32.7553579Z Successfully set up CPython (3.9.25)
job-core	Set up Python	2026-02-26T19:49:32.7554721Z ##[endgroup]
job-core	Install dependencies	Ôªø2026-02-26T19:49:32.7741391Z ##[group]Run pip install pymongo
job-core	Install dependencies	2026-02-26T19:49:32.7741732Z [36;1mpip install pymongo[0m
job-core	Install dependencies	2026-02-26T19:49:32.7758625Z shell: /usr/bin/bash -e {0}
job-core	Install dependencies	2026-02-26T19:49:32.7759190Z env:
job-core	Install dependencies	2026-02-26T19:49:32.7759384Z   PYTHON_VERSION: 3.9
job-core	Install dependencies	2026-02-26T19:49:32.7760228Z   MONGO_SUPERUSER_CONNECTION: ***
job-core	Install dependencies	2026-02-26T19:49:32.7760634Z   MONGO_NEW_PASS: ***
job-core	Install dependencies	2026-02-26T19:49:32.7760976Z   MONGO_SCRIPT_CREATE: devops/core/mongo/scripts/mongodb_status_report.py
job-core	Install dependencies	2026-02-26T19:49:32.7761614Z   KAOS_CODE: 22458488873
job-core	Install dependencies	2026-02-26T19:49:32.7761835Z   REPORT_SCAN: audit/
job-core	Install dependencies	2026-02-26T19:49:32.7762056Z   REPORT_PATH: audit/mongodb/
job-core	Install dependencies	2026-02-26T19:49:32.7762301Z   REPORT_FILENAME: 22458488873.json
job-core	Install dependencies	2026-02-26T19:49:32.7762569Z   KAOS_MODULE: [Ka0s] Status MongDB Report
job-core	Install dependencies	2026-02-26T19:49:32.7762844Z   GITHUB_OUTPUT: 
job-core	Install dependencies	2026-02-26T19:49:32.7763122Z   pythonLocation: /home/runner/_work/_tool/Python/3.9.25/x64
job-core	Install dependencies	2026-02-26T19:49:32.7763570Z   PKG_CONFIG_PATH: /home/runner/_work/_tool/Python/3.9.25/x64/lib/pkgconfig
job-core	Install dependencies	2026-02-26T19:49:32.7764016Z   Python_ROOT_DIR: /home/runner/_work/_tool/Python/3.9.25/x64
job-core	Install dependencies	2026-02-26T19:49:32.7764456Z   Python2_ROOT_DIR: /home/runner/_work/_tool/Python/3.9.25/x64
job-core	Install dependencies	2026-02-26T19:49:32.7765387Z   Python3_ROOT_DIR: /home/runner/_work/_tool/Python/3.9.25/x64
job-core	Install dependencies	2026-02-26T19:49:32.7765796Z   LD_LIBRARY_PATH: /home/runner/_work/_tool/Python/3.9.25/x64/lib
job-core	Install dependencies	2026-02-26T19:49:32.7766131Z ##[endgroup]
job-core	Install dependencies	2026-02-26T19:49:33.6551413Z Collecting pymongo
job-core	Install dependencies	2026-02-26T19:49:33.7180310Z   Downloading pymongo-4.16.0-cp39-cp39-manylinux2014_x86_64.manylinux_2_17_x86_64.manylinux_2_28_x86_64.whl.metadata (10.0 kB)
job-core	Install dependencies	2026-02-26T19:49:33.7470123Z Collecting dnspython<3.0.0,>=2.6.1 (from pymongo)
job-core	Install dependencies	2026-02-26T19:49:33.7528645Z   Downloading dnspython-2.7.0-py3-none-any.whl.metadata (5.8 kB)
job-core	Install dependencies	2026-02-26T19:49:33.7694562Z Downloading pymongo-4.16.0-cp39-cp39-manylinux2014_x86_64.manylinux_2_17_x86_64.manylinux_2_28_x86_64.whl (947 kB)
job-core	Install dependencies	2026-02-26T19:49:33.8030728Z    ‚îÅ‚îÅ‚îÅ‚îÅ‚îÅ‚îÅ‚îÅ‚îÅ‚îÅ‚îÅ‚îÅ‚îÅ‚îÅ‚îÅ‚îÅ‚îÅ‚îÅ‚îÅ‚îÅ‚îÅ‚îÅ‚îÅ‚îÅ‚îÅ‚îÅ‚îÅ‚îÅ‚îÅ‚îÅ‚îÅ‚îÅ‚îÅ‚îÅ‚îÅ‚îÅ‚îÅ‚îÅ‚îÅ‚îÅ‚îÅ 947.2/947.2 kB 44.1 MB/s  0:00:00
job-core	Install dependencies	2026-02-26T19:49:33.8091850Z Downloading dnspython-2.7.0-py3-none-any.whl (313 kB)
job-core	Install dependencies	2026-02-26T19:49:33.8525859Z Installing collected packages: dnspython, pymongo
job-core	Install dependencies	2026-02-26T19:49:34.4162376Z 
job-core	Install dependencies	2026-02-26T19:49:34.4182232Z Successfully installed dnspython-2.7.0 pymongo-4.16.0
job-core	Create database MongoDB	Ôªø2026-02-26T19:49:34.6347621Z ##[group]Run python devops/core/mongo/scripts/mongodb_status_report.py
job-core	Create database MongoDB	2026-02-26T19:49:34.6348592Z [36;1mpython devops/core/mongo/scripts/mongodb_status_report.py[0m
job-core	Create database MongoDB	2026-02-26T19:49:34.6349058Z [36;1mecho "Downloading files to MongoDB update repository ..."[0m
job-core	Create database MongoDB	2026-02-26T19:49:34.6349551Z [36;1mgit config --global user.name "***"[0m
job-core	Create database MongoDB	2026-02-26T19:49:34.6349910Z [36;1mgit config --global user.email "***"[0m
job-core	Create database MongoDB	2026-02-26T19:49:34.6350204Z [36;1mgit pull --rebase[0m
job-core	Create database MongoDB	2026-02-26T19:49:34.6350531Z [36;1mecho "Uploading files to MongoDB update repository ..."[0m
job-core	Create database MongoDB	2026-02-26T19:49:34.6350893Z [36;1mgit add audit/mongodb/[0m
job-core	Create database MongoDB	2026-02-26T19:49:34.6351172Z [36;1mif ! git diff --staged --quiet; then[0m
job-core	Create database MongoDB	2026-02-26T19:49:34.6351747Z [36;1m   git commit -m "swarm-runners] Uploading files to MongoDB update repository ..."[0m
job-core	Create database MongoDB	2026-02-26T19:49:34.6352268Z [36;1m   git push origin refs/heads/main --force-with-lease[0m
job-core	Create database MongoDB	2026-02-26T19:49:34.6352591Z [36;1m fi[0m
job-core	Create database MongoDB	2026-02-26T19:49:34.6374924Z shell: /usr/bin/bash -e {0}
job-core	Create database MongoDB	2026-02-26T19:49:34.6375378Z env:
job-core	Create database MongoDB	2026-02-26T19:49:34.6375570Z   PYTHON_VERSION: 3.9
job-core	Create database MongoDB	2026-02-26T19:49:34.6376309Z   MONGO_SUPERUSER_CONNECTION: ***
job-core	Create database MongoDB	2026-02-26T19:49:34.6376683Z   MONGO_NEW_PASS: ***
job-core	Create database MongoDB	2026-02-26T19:49:34.6377015Z   MONGO_SCRIPT_CREATE: devops/core/mongo/scripts/mongodb_status_report.py
job-core	Create database MongoDB	2026-02-26T19:49:34.6377407Z   KAOS_CODE: 22458488873
job-core	Create database MongoDB	2026-02-26T19:49:34.6377630Z   REPORT_SCAN: audit/
job-core	Create database MongoDB	2026-02-26T19:49:34.6377852Z   REPORT_PATH: audit/mongodb/
job-core	Create database MongoDB	2026-02-26T19:49:34.6378104Z   REPORT_FILENAME: 22458488873.json
job-core	Create database MongoDB	2026-02-26T19:49:34.6378380Z   KAOS_MODULE: [Ka0s] Status MongDB Report
job-core	Create database MongoDB	2026-02-26T19:49:34.6378662Z   GITHUB_OUTPUT: 
job-core	Create database MongoDB	2026-02-26T19:49:34.6378943Z   pythonLocation: /home/runner/_work/_tool/Python/3.9.25/x64
job-core	Create database MongoDB	2026-02-26T19:49:34.6379392Z   PKG_CONFIG_PATH: /home/runner/_work/_tool/Python/3.9.25/x64/lib/pkgconfig
job-core	Create database MongoDB	2026-02-26T19:49:34.6379856Z   Python_ROOT_DIR: /home/runner/_work/_tool/Python/3.9.25/x64
job-core	Create database MongoDB	2026-02-26T19:49:34.6380266Z   Python2_ROOT_DIR: /home/runner/_work/_tool/Python/3.9.25/x64
job-core	Create database MongoDB	2026-02-26T19:49:34.6380682Z   Python3_ROOT_DIR: /home/runner/_work/_tool/Python/3.9.25/x64
job-core	Create database MongoDB	2026-02-26T19:49:34.6381097Z   LD_LIBRARY_PATH: /home/runner/_work/_tool/Python/3.9.25/x64/lib
job-core	Create database MongoDB	2026-02-26T19:49:34.6381442Z ##[endgroup]
job-core	Create database MongoDB	2026-02-26T19:49:35.0920082Z ‚úÖ Reporte generado exitosamente: audit/mongodb/22458488873.json
job-core	Create database MongoDB	2026-02-26T19:49:35.3173089Z Downloading files to MongoDB update repository ...
job-core	Create database MongoDB	2026-02-26T19:49:36.1672549Z Already up to date.
job-core	Create database MongoDB	2026-02-26T19:49:36.1684309Z Uploading files to MongoDB update repository ...
job-core	Create database MongoDB	2026-02-26T19:49:36.2320989Z [main e57b2a90a] swarm-runners] Uploading files to MongoDB update repository ...
job-core	Create database MongoDB	2026-02-26T19:49:36.2321636Z  1 file changed, 33493 insertions(+)
job-core	Create database MongoDB	2026-02-26T19:49:36.2321957Z  create mode 100644 audit/mongodb/22458488873.json
job-core	Create database MongoDB	2026-02-26T19:49:37.2553924Z To https://github.com/Ka0s-Klaus/ka0s
job-core	Create database MongoDB	2026-02-26T19:49:37.2556509Z    648386888..e57b2a90a  main -> main
job-core	Upload report	Ôªø2026-02-26T19:49:37.3102870Z ##[group]Run actions/upload-artifact@v4
job-core	Upload report	2026-02-26T19:49:37.3103923Z with:
job-core	Upload report	2026-02-26T19:49:37.3104909Z   name: mongo-setup-report
job-core	Upload report	2026-02-26T19:49:37.3105707Z   path: audit/mongodb/
job-core	Upload report	2026-02-26T19:49:37.3106419Z   if-no-files-found: warn
job-core	Upload report	2026-02-26T19:49:37.3107143Z   compression-level: 6
job-core	Upload report	2026-02-26T19:49:37.3107807Z   overwrite: false
job-core	Upload report	2026-02-26T19:49:37.3108450Z   include-hidden-files: false
job-core	Upload report	2026-02-26T19:49:37.3109169Z env:
job-core	Upload report	2026-02-26T19:49:37.3109713Z   PYTHON_VERSION: 3.9
job-core	Upload report	2026-02-26T19:49:37.3111882Z   MONGO_SUPERUSER_CONNECTION: ***
job-core	Upload report	2026-02-26T19:49:37.3113035Z   MONGO_NEW_PASS: ***
job-core	Upload report	2026-02-26T19:49:37.3114060Z   MONGO_SCRIPT_CREATE: devops/core/mongo/scripts/mongodb_status_report.py
job-core	Upload report	2026-02-26T19:49:37.3115534Z   KAOS_CODE: 22458488873
job-core	Upload report	2026-02-26T19:49:37.3116227Z   REPORT_SCAN: audit/
job-core	Upload report	2026-02-26T19:49:37.3116912Z   REPORT_PATH: audit/mongodb/
job-core	Upload report	2026-02-26T19:49:37.3117673Z   REPORT_FILENAME: 22458488873.json
job-core	Upload report	2026-02-26T19:49:37.3119405Z   KAOS_MODULE: [Ka0s] Status MongDB Report
job-core	Upload report	2026-02-26T19:49:37.3120331Z   GITHUB_OUTPUT: 
job-core	Upload report	2026-02-26T19:49:37.3121184Z   pythonLocation: /home/runner/_work/_tool/Python/3.9.25/x64
job-core	Upload report	2026-02-26T19:49:37.3122545Z   PKG_CONFIG_PATH: /home/runner/_work/_tool/Python/3.9.25/x64/lib/pkgconfig
job-core	Upload report	2026-02-26T19:49:37.3123599Z   Python_ROOT_DIR: /home/runner/_work/_tool/Python/3.9.25/x64
job-core	Upload report	2026-02-26T19:49:37.3124743Z   Python2_ROOT_DIR: /home/runner/_work/_tool/Python/3.9.25/x64
job-core	Upload report	2026-02-26T19:49:37.3125715Z   Python3_ROOT_DIR: /home/runner/_work/_tool/Python/3.9.25/x64
job-core	Upload report	2026-02-26T19:49:37.3126671Z   LD_LIBRARY_PATH: /home/runner/_work/_tool/Python/3.9.25/x64/lib
job-core	Upload report	2026-02-26T19:49:37.3127453Z ##[endgroup]
job-core	Upload report	2026-02-26T19:49:37.5721163Z With the provided path, there will be 2 files uploaded
job-core	Upload report	2026-02-26T19:49:37.5727091Z Artifact name is valid!
job-core	Upload report	2026-02-26T19:49:37.5728006Z Root directory input is valid!
job-core	Upload report	2026-02-26T19:49:38.0402881Z Beginning upload of artifact content to blob storage
job-core	Upload report	2026-02-26T19:49:38.7920608Z Uploaded bytes 128452
job-core	Upload report	2026-02-26T19:49:38.9096453Z Finished uploading artifact content to blob storage!
job-core	Upload report	2026-02-26T19:49:38.9108885Z SHA256 digest of uploaded artifact zip is 61955cb58e09509025183e8c33463fc41a6d7c3cd1c56c0be0308f99f05abac4
job-core	Upload report	2026-02-26T19:49:38.9116652Z Finalizing artifact upload
job-core	Upload report	2026-02-26T19:49:39.0887634Z Artifact mongo-setup-report.zip successfully finalized. Artifact ID 5678984520
job-core	Upload report	2026-02-26T19:49:39.0891253Z Artifact mongo-setup-report has been successfully uploaded! Final size is 128452 bytes. Artifact ID is 5678984520
job-core	Upload report	2026-02-26T19:49:39.0919370Z Artifact download URL: https://github.com/Ka0s-Klaus/ka0s/actions/runs/22458488873/artifacts/5678984520
job-core	Post Set up Python	Ôªø2026-02-26T19:49:39.1473594Z Post job cleanup.
job-core	Post Checkout code	Ôªø2026-02-26T19:49:39.3397774Z Post job cleanup.
job-core	Post Checkout code	2026-02-26T19:49:39.4580098Z [command]/usr/bin/git version
job-core	Post Checkout code	2026-02-26T19:49:39.4623664Z git version 2.53.0
job-core	Post Checkout code	2026-02-26T19:49:39.4680336Z Copying '/home/runner/.gitconfig' to '/home/runner/_work/_temp/2329dc46-b4c4-4708-91e0-3546bf950246/.gitconfig'
job-core	Post Checkout code	2026-02-26T19:49:39.4696436Z Temporarily overriding HOME='/home/runner/_work/_temp/2329dc46-b4c4-4708-91e0-3546bf950246' before making global git config changes
job-core	Post Checkout code	2026-02-26T19:49:39.4699035Z Adding repository directory to the temporary git global config as a safe directory
job-core	Post Checkout code	2026-02-26T19:49:39.4701482Z [command]/usr/bin/git config --global --add safe.directory /home/runner/_work/ka0s/ka0s
job-core	Post Checkout code	2026-02-26T19:49:39.4760633Z [command]/usr/bin/git config --local --name-only --get-regexp core\.sshCommand
job-core	Post Checkout code	2026-02-26T19:49:39.4805697Z [command]/usr/bin/git submodule foreach --recursive sh -c "git config --local --name-only --get-regexp 'core\.sshCommand' && git config --local --unset-all 'core.sshCommand' || :"
job-core	Post Checkout code	2026-02-26T19:49:39.5177285Z [command]/usr/bin/git config --local --name-only --get-regexp http\.https\:\/\/github\.com\/\.extraheader
job-core	Post Checkout code	2026-02-26T19:49:39.5208250Z http.https://github.com/.extraheader
job-core	Post Checkout code	2026-02-26T19:49:39.5223464Z [command]/usr/bin/git config --local --unset-all http.https://github.com/.extraheader
job-core	Post Checkout code	2026-02-26T19:49:39.5271389Z [command]/usr/bin/git submodule foreach --recursive sh -c "git config --local --name-only --get-regexp 'http\.https\:\/\/github\.com\/\.extraheader' && git config --local --unset-all 'http.https://github.com/.extraheader' || :"
job-core	Post Checkout code	2026-02-26T19:49:39.5615115Z [command]/usr/bin/git config --local --name-only --get-regexp ^includeIf\.gitdir:
job-core	Post Checkout code	2026-02-26T19:49:39.5665572Z [command]/usr/bin/git submodule foreach --recursive git config --local --show-origin --name-only --get-regexp remote.origin.url
job-core	Complete job	Ôªø2026-02-26T19:49:39.6190280Z Cleaning up orphan processes
handle-success	Set up job	Ôªø2026-02-26T19:49:53.4277015Z Current runner version: '2.332.0'
handle-success	Set up job	2026-02-26T19:49:53.4286057Z Runner name: 'swarm-runners-scaleset-hkss5-runner-fcf8h'
handle-success	Set up job	2026-02-26T19:49:53.4287360Z Runner group name: 'Default'
handle-success	Set up job	2026-02-26T19:49:53.4288619Z Machine name: 'swarm-runners-scaleset-hkss5-runner-fcf8h'
handle-success	Set up job	2026-02-26T19:49:53.4292615Z ##[group]GITHUB_TOKEN Permissions
handle-success	Set up job	2026-02-26T19:49:53.4295598Z Actions: write
handle-success	Set up job	2026-02-26T19:49:53.4296274Z Contents: write
handle-success	Set up job	2026-02-26T19:49:53.4296897Z Issues: write
handle-success	Set up job	2026-02-26T19:49:53.4297567Z Metadata: read
handle-success	Set up job	2026-02-26T19:49:53.4298125Z PullRequests: write
handle-success	Set up job	2026-02-26T19:49:53.4298768Z ##[endgroup]
handle-success	Set up job	2026-02-26T19:49:53.4301061Z Secret source: Actions
handle-success	Set up job	2026-02-26T19:49:53.4301843Z Prepare workflow directory
handle-success	Set up job	2026-02-26T19:49:53.4893263Z Prepare all required actions
handle-success	Set up job	2026-02-26T19:49:53.4937740Z Getting action download info
handle-success	Set up job	2026-02-26T19:49:54.1336828Z Download action repository 'actions/checkout@v4' (SHA:34e114876b0b11c390a56381ad16ebd13914f8d5)
handle-success	Set up job	2026-02-26T19:49:55.1295204Z Complete job name: handle-success
handle-success	Checkout code	Ôªø2026-02-26T19:49:55.1937544Z ##[group]Run actions/checkout@v4
handle-success	Checkout code	2026-02-26T19:49:55.1938536Z with:
handle-success	Checkout code	2026-02-26T19:49:55.1939031Z   fetch-depth: 0
handle-success	Checkout code	2026-02-26T19:49:55.1939548Z   repository: Ka0s-Klaus/ka0s
handle-success	Checkout code	2026-02-26T19:49:55.1940373Z   token: ***
handle-success	Checkout code	2026-02-26T19:49:55.1940843Z   ssh-strict: true
handle-success	Checkout code	2026-02-26T19:49:55.1941341Z   ssh-user: git
handle-success	Checkout code	2026-02-26T19:49:55.1941834Z   persist-credentials: true
handle-success	Checkout code	2026-02-26T19:49:55.1942380Z   clean: true
handle-success	Checkout code	2026-02-26T19:49:55.1942866Z   sparse-checkout-cone-mode: true
handle-success	Checkout code	2026-02-26T19:49:55.1943466Z   fetch-tags: false
handle-success	Checkout code	2026-02-26T19:49:55.1943962Z   show-progress: true
handle-success	Checkout code	2026-02-26T19:49:55.1944460Z   lfs: false
handle-success	Checkout code	2026-02-26T19:49:55.1945469Z   submodules: false
handle-success	Checkout code	2026-02-26T19:49:55.1945992Z   set-safe-directory: true
handle-success	Checkout code	2026-02-26T19:49:55.1946763Z env:
handle-success	Checkout code	2026-02-26T19:49:55.1947236Z   PYTHON_VERSION: 3.9
handle-success	Checkout code	2026-02-26T19:49:55.1948569Z   MONGO_SUPERUSER_CONNECTION: ***
handle-success	Checkout code	2026-02-26T19:49:55.1949380Z   MONGO_NEW_PASS: ***
handle-success	Checkout code	2026-02-26T19:49:55.1950117Z   MONGO_SCRIPT_CREATE: devops/core/mongo/scripts/mongodb_status_report.py
handle-success	Checkout code	2026-02-26T19:49:55.1951011Z   KAOS_CODE: 22458488873
handle-success	Checkout code	2026-02-26T19:49:55.1951538Z   REPORT_SCAN: audit/
handle-success	Checkout code	2026-02-26T19:49:55.1952055Z   REPORT_PATH: audit/mongodb/
handle-success	Checkout code	2026-02-26T19:49:55.1952622Z   REPORT_FILENAME: 22458488873.json
handle-success	Checkout code	2026-02-26T19:49:55.1953232Z   KAOS_MODULE: [Ka0s] Status MongDB Report
handle-success	Checkout code	2026-02-26T19:49:55.1953846Z ##[endgroup]
handle-success	Checkout code	2026-02-26T19:49:55.3200806Z Syncing repository: Ka0s-Klaus/ka0s
handle-success	Checkout code	2026-02-26T19:49:55.3203020Z ##[group]Getting Git version info
handle-success	Checkout code	2026-02-26T19:49:55.3203807Z Working directory is '/home/runner/_work/ka0s/ka0s'
handle-success	Checkout code	2026-02-26T19:49:55.3205608Z [command]/usr/bin/git version
handle-success	Checkout code	2026-02-26T19:49:55.3206231Z git version 2.53.0
handle-success	Checkout code	2026-02-26T19:49:55.3228496Z ##[endgroup]
handle-success	Checkout code	2026-02-26T19:49:55.3247569Z Temporarily overriding HOME='/home/runner/_work/_temp/7f683951-9046-446e-b122-6fd72ba2003e' before making global git config changes
handle-success	Checkout code	2026-02-26T19:49:55.3252128Z Adding repository directory to the temporary git global config as a safe directory
handle-success	Checkout code	2026-02-26T19:49:55.3255215Z [command]/usr/bin/git config --global --add safe.directory /home/runner/_work/ka0s/ka0s
handle-success	Checkout code	2026-02-26T19:49:55.3302629Z Deleting the contents of '/home/runner/_work/ka0s/ka0s'
handle-success	Checkout code	2026-02-26T19:49:55.3308120Z ##[group]Initializing the repository
handle-success	Checkout code	2026-02-26T19:49:55.3336190Z [command]/usr/bin/git init /home/runner/_work/ka0s/ka0s
handle-success	Checkout code	2026-02-26T19:49:55.3377967Z hint: Using 'master' as the name for the initial branch. This default branch name
handle-success	Checkout code	2026-02-26T19:49:55.3385850Z hint: will change to "main" in Git 3.0. To configure the initial branch name
handle-success	Checkout code	2026-02-26T19:49:55.3387116Z hint: to use in all of your new repositories, which will suppress this warning,
handle-success	Checkout code	2026-02-26T19:49:55.3388087Z hint: call:
handle-success	Checkout code	2026-02-26T19:49:55.3388535Z hint:
handle-success	Checkout code	2026-02-26T19:49:55.3389124Z hint: 	git config --global init.defaultBranch <name>
handle-success	Checkout code	2026-02-26T19:49:55.3389952Z hint:
handle-success	Checkout code	2026-02-26T19:49:55.3390737Z hint: Names commonly chosen instead of 'master' are 'main', 'trunk' and
handle-success	Checkout code	2026-02-26T19:49:55.3392087Z hint: 'development'. The just-created branch can be renamed via this command:
handle-success	Checkout code	2026-02-26T19:49:55.3393814Z hint:
handle-success	Checkout code	2026-02-26T19:49:55.3394312Z hint: 	git branch -m <name>
handle-success	Checkout code	2026-02-26T19:49:55.3405677Z hint:
handle-success	Checkout code	2026-02-26T19:49:55.3406529Z hint: Disable this message with "git config set advice.defaultBranchName false"
handle-success	Checkout code	2026-02-26T19:49:55.3407649Z Initialized empty Git repository in /home/runner/_work/ka0s/ka0s/.git/
handle-success	Checkout code	2026-02-26T19:49:55.3409649Z [command]/usr/bin/git remote add origin https://github.com/Ka0s-Klaus/ka0s
handle-success	Checkout code	2026-02-26T19:49:55.3445290Z ##[endgroup]
handle-success	Checkout code	2026-02-26T19:49:55.3446363Z ##[group]Disabling automatic garbage collection
handle-success	Checkout code	2026-02-26T19:49:55.3447174Z [command]/usr/bin/git config --local gc.auto 0
handle-success	Checkout code	2026-02-26T19:49:55.3489560Z ##[endgroup]
handle-success	Checkout code	2026-02-26T19:49:55.3490473Z ##[group]Setting up auth
handle-success	Checkout code	2026-02-26T19:49:55.3498157Z [command]/usr/bin/git config --local --name-only --get-regexp core\.sshCommand
handle-success	Checkout code	2026-02-26T19:49:55.3540949Z [command]/usr/bin/git submodule foreach --recursive sh -c "git config --local --name-only --get-regexp 'core\.sshCommand' && git config --local --unset-all 'core.sshCommand' || :"
handle-success	Checkout code	2026-02-26T19:49:55.3879296Z [command]/usr/bin/git config --local --name-only --get-regexp http\.https\:\/\/github\.com\/\.extraheader
handle-success	Checkout code	2026-02-26T19:49:55.3919618Z [command]/usr/bin/git submodule foreach --recursive sh -c "git config --local --name-only --get-regexp 'http\.https\:\/\/github\.com\/\.extraheader' && git config --local --unset-all 'http.https://github.com/.extraheader' || :"
handle-success	Checkout code	2026-02-26T19:49:55.4254910Z [command]/usr/bin/git config --local --name-only --get-regexp ^includeIf\.gitdir:
handle-success	Checkout code	2026-02-26T19:49:55.4296578Z [command]/usr/bin/git submodule foreach --recursive git config --local --show-origin --name-only --get-regexp remote.origin.url
handle-success	Checkout code	2026-02-26T19:49:55.4630350Z [command]/usr/bin/git config --local http.https://github.com/.extraheader AUTHORIZATION: basic ***
handle-success	Checkout code	2026-02-26T19:49:55.4688900Z ##[endgroup]
handle-success	Checkout code	2026-02-26T19:49:55.4689899Z ##[group]Fetching the repository
handle-success	Checkout code	2026-02-26T19:49:55.4697388Z [command]/usr/bin/git -c protocol.version=2 fetch --prune --no-recurse-submodules origin +refs/heads/*:refs/remotes/origin/* +refs/tags/*:refs/tags/*
handle-success	Checkout code	2026-02-26T19:50:15.3892995Z From https://github.com/Ka0s-Klaus/ka0s
handle-success	Checkout code	2026-02-26T19:50:15.3893700Z  * [new branch]          F3450-modelo-operativo -> origin/F3450-modelo-operativo
handle-success	Checkout code	2026-02-26T19:50:15.3894391Z  * [new branch]          H1276-modulo-observabilidad -> origin/H1276-modulo-observabilidad
handle-success	Checkout code	2026-02-26T19:50:15.3895121Z  * [new branch]          H3596-deploy-itop      -> origin/H3596-deploy-itop
handle-success	Checkout code	2026-02-26T19:50:15.3895979Z  * [new branch]          H4170-flujo-detallado-zabbix---github -> origin/H4170-flujo-detallado-zabbix---github
handle-success	Checkout code	2026-02-26T19:50:15.3896738Z  * [new branch]          H4191-request-cambios  -> origin/H4191-request-cambios
handle-success	Checkout code	2026-02-26T19:50:15.3897670Z  * [new branch]          H4200-request-recomendaciones-de-auditoria -> origin/H4200-request-recomendaciones-de-auditoria
handle-success	Checkout code	2026-02-26T19:50:15.3898406Z  * [new branch]          main                   -> origin/main
handle-success	Checkout code	2026-02-26T19:50:15.3898866Z  * [new tag]             0.0.0                  -> 0.0.0
handle-success	Checkout code	2026-02-26T19:50:15.3899362Z  * [new tag]             0.0.1                  -> 0.0.1
handle-success	Checkout code	2026-02-26T19:50:15.3899774Z  * [new tag]             0.0.10                 -> 0.0.10
handle-success	Checkout code	2026-02-26T19:50:15.3900238Z  * [new tag]             0.0.100                -> 0.0.100
handle-success	Checkout code	2026-02-26T19:50:15.3900654Z  * [new tag]             0.0.101                -> 0.0.101
handle-success	Checkout code	2026-02-26T19:50:15.3901235Z  * [new tag]             0.0.102                -> 0.0.102
handle-success	Checkout code	2026-02-26T19:50:15.3901714Z  * [new tag]             0.0.103                -> 0.0.103
handle-success	Checkout code	2026-02-26T19:50:15.3902205Z  * [new tag]             0.0.104                -> 0.0.104
handle-success	Checkout code	2026-02-26T19:50:15.3902625Z  * [new tag]             0.0.105                -> 0.0.105
handle-success	Checkout code	2026-02-26T19:50:15.3903041Z  * [new tag]             0.0.106                -> 0.0.106
handle-success	Checkout code	2026-02-26T19:50:15.3903459Z  * [new tag]             0.0.107                -> 0.0.107
handle-success	Checkout code	2026-02-26T19:50:15.3903882Z  * [new tag]             0.0.108                -> 0.0.108
handle-success	Checkout code	2026-02-26T19:50:15.3904931Z  * [new tag]             0.0.109                -> 0.0.109
handle-success	Checkout code	2026-02-26T19:50:15.3905377Z  * [new tag]             0.0.11                 -> 0.0.11
handle-success	Checkout code	2026-02-26T19:50:15.3905818Z  * [new tag]             0.0.110                -> 0.0.110
handle-success	Checkout code	2026-02-26T19:50:15.3906285Z  * [new tag]             0.0.111                -> 0.0.111
handle-success	Checkout code	2026-02-26T19:50:15.3906712Z  * [new tag]             0.0.112                -> 0.0.112
handle-success	Checkout code	2026-02-26T19:50:15.3907132Z  * [new tag]             0.0.113                -> 0.0.113
handle-success	Checkout code	2026-02-26T19:50:15.3907552Z  * [new tag]             0.0.114                -> 0.0.114
handle-success	Checkout code	2026-02-26T19:50:15.3907978Z  * [new tag]             0.0.115                -> 0.0.115
handle-success	Checkout code	2026-02-26T19:50:15.3908509Z  * [new tag]             0.0.116                -> 0.0.116
handle-success	Checkout code	2026-02-26T19:50:15.3909007Z  * [new tag]             0.0.117                -> 0.0.117
handle-success	Checkout code	2026-02-26T19:50:15.3909463Z  * [new tag]             0.0.118                -> 0.0.118
handle-success	Checkout code	2026-02-26T19:50:15.3910021Z  * [new tag]             0.0.119                -> 0.0.119
handle-success	Checkout code	2026-02-26T19:50:15.3910750Z  * [new tag]             0.0.12                 -> 0.0.12
handle-success	Checkout code	2026-02-26T19:50:15.3911168Z  * [new tag]             0.0.120                -> 0.0.120
handle-success	Checkout code	2026-02-26T19:50:15.3911588Z  * [new tag]             0.0.121                -> 0.0.121
handle-success	Checkout code	2026-02-26T19:50:15.3912007Z  * [new tag]             0.0.122                -> 0.0.122
handle-success	Checkout code	2026-02-26T19:50:15.3912425Z  * [new tag]             0.0.123                -> 0.0.123
handle-success	Checkout code	2026-02-26T19:50:15.3912838Z  * [new tag]             0.0.124                -> 0.0.124
handle-success	Checkout code	2026-02-26T19:50:15.3913261Z  * [new tag]             0.0.125                -> 0.0.125
handle-success	Checkout code	2026-02-26T19:50:15.3913682Z  * [new tag]             0.0.126                -> 0.0.126
handle-success	Checkout code	2026-02-26T19:50:15.3914100Z  * [new tag]             0.0.127                -> 0.0.127
handle-success	Checkout code	2026-02-26T19:50:15.3914636Z  * [new tag]             0.0.128                -> 0.0.128
handle-success	Checkout code	2026-02-26T19:50:15.3915065Z  * [new tag]             0.0.129                -> 0.0.129
handle-success	Checkout code	2026-02-26T19:50:15.3915487Z  * [new tag]             0.0.13                 -> 0.0.13
handle-success	Checkout code	2026-02-26T19:50:15.3915939Z  * [new tag]             0.0.130                -> 0.0.130
handle-success	Checkout code	2026-02-26T19:50:15.3916356Z  * [new tag]             0.0.131                -> 0.0.131
handle-success	Checkout code	2026-02-26T19:50:15.3916773Z  * [new tag]             0.0.132                -> 0.0.132
handle-success	Checkout code	2026-02-26T19:50:15.3917186Z  * [new tag]             0.0.133                -> 0.0.133
handle-success	Checkout code	2026-02-26T19:50:15.3917600Z  * [new tag]             0.0.134                -> 0.0.134
handle-success	Checkout code	2026-02-26T19:50:15.3918018Z  * [new tag]             0.0.135                -> 0.0.135
handle-success	Checkout code	2026-02-26T19:50:15.3918441Z  * [new tag]             0.0.136                -> 0.0.136
handle-success	Checkout code	2026-02-26T19:50:15.3918860Z  * [new tag]             0.0.137                -> 0.0.137
handle-success	Checkout code	2026-02-26T19:50:15.3919274Z  * [new tag]             0.0.138                -> 0.0.138
handle-success	Checkout code	2026-02-26T19:50:15.3919693Z  * [new tag]             0.0.139                -> 0.0.139
handle-success	Checkout code	2026-02-26T19:50:15.3920177Z  * [new tag]             0.0.14                 -> 0.0.14
handle-success	Checkout code	2026-02-26T19:50:15.3920617Z  * [new tag]             0.0.140                -> 0.0.140
handle-success	Checkout code	2026-02-26T19:50:15.3992212Z  * [new tag]             0.0.141                -> 0.0.141
handle-success	Checkout code	2026-02-26T19:50:15.3992762Z  * [new tag]             0.0.142                -> 0.0.142
handle-success	Checkout code	2026-02-26T19:50:15.3993186Z  * [new tag]             0.0.143                -> 0.0.143
handle-success	Checkout code	2026-02-26T19:50:15.3993606Z  * [new tag]             0.0.144                -> 0.0.144
handle-success	Checkout code	2026-02-26T19:50:15.3994024Z  * [new tag]             0.0.145                -> 0.0.145
handle-success	Checkout code	2026-02-26T19:50:15.3994437Z  * [new tag]             0.0.146                -> 0.0.146
handle-success	Checkout code	2026-02-26T19:50:15.4005705Z  * [new tag]             0.0.147                -> 0.0.147
handle-success	Checkout code	2026-02-26T19:50:15.4006173Z  * [new tag]             0.0.148                -> 0.0.148
handle-success	Checkout code	2026-02-26T19:50:15.4006580Z  * [new tag]             0.0.149                -> 0.0.149
handle-success	Checkout code	2026-02-26T19:50:15.4006991Z  * [new tag]             0.0.15                 -> 0.0.15
handle-success	Checkout code	2026-02-26T19:50:15.4007421Z  * [new tag]             0.0.150                -> 0.0.150
handle-success	Checkout code	2026-02-26T19:50:15.4008173Z  * [new tag]             0.0.151                -> 0.0.151
handle-success	Checkout code	2026-02-26T19:50:15.4008566Z  * [new tag]             0.0.152                -> 0.0.152
handle-success	Checkout code	2026-02-26T19:50:15.4008967Z  * [new tag]             0.0.153                -> 0.0.153
handle-success	Checkout code	2026-02-26T19:50:15.4009369Z  * [new tag]             0.0.154                -> 0.0.154
handle-success	Checkout code	2026-02-26T19:50:15.4009774Z  * [new tag]             0.0.155                -> 0.0.155
handle-success	Checkout code	2026-02-26T19:50:15.4010173Z  * [new tag]             0.0.156                -> 0.0.156
handle-success	Checkout code	2026-02-26T19:50:15.4010993Z  * [new tag]             0.0.157                -> 0.0.157
handle-success	Checkout code	2026-02-26T19:50:15.4011533Z  * [new tag]             0.0.158                -> 0.0.158
handle-success	Checkout code	2026-02-26T19:50:15.4011938Z  * [new tag]             0.0.159                -> 0.0.159
handle-success	Checkout code	2026-02-26T19:50:15.4012342Z  * [new tag]             0.0.16                 -> 0.0.16
handle-success	Checkout code	2026-02-26T19:50:15.4012742Z  * [new tag]             0.0.160                -> 0.0.160
handle-success	Checkout code	2026-02-26T19:50:15.4013147Z  * [new tag]             0.0.161                -> 0.0.161
handle-success	Checkout code	2026-02-26T19:50:15.4013780Z  * [new tag]             0.0.162                -> 0.0.162
handle-success	Checkout code	2026-02-26T19:50:15.4014203Z  * [new tag]             0.0.163                -> 0.0.163
handle-success	Checkout code	2026-02-26T19:50:15.4023239Z  * [new tag]             0.0.164                -> 0.0.164
handle-success	Checkout code	2026-02-26T19:50:15.4024045Z  * [new tag]             0.0.165                -> 0.0.165
handle-success	Checkout code	2026-02-26T19:50:15.4024485Z  * [new tag]             0.0.166                -> 0.0.166
handle-success	Checkout code	2026-02-26T19:50:15.4025190Z  * [new tag]             0.0.167                -> 0.0.167
handle-success	Checkout code	2026-02-26T19:50:15.4025719Z  * [new tag]             0.0.168                -> 0.0.168
handle-success	Checkout code	2026-02-26T19:50:15.4026125Z  * [new tag]             0.0.169                -> 0.0.169
handle-success	Checkout code	2026-02-26T19:50:15.4026525Z  * [new tag]             0.0.17                 -> 0.0.17
handle-success	Checkout code	2026-02-26T19:50:15.4026934Z  * [new tag]             0.0.170                -> 0.0.170
handle-success	Checkout code	2026-02-26T19:50:15.4027340Z  * [new tag]             0.0.171                -> 0.0.171
handle-success	Checkout code	2026-02-26T19:50:15.4027788Z  * [new tag]             0.0.172                -> 0.0.172
handle-success	Checkout code	2026-02-26T19:50:15.4028187Z  * [new tag]             0.0.173                -> 0.0.173
handle-success	Checkout code	2026-02-26T19:50:15.4028592Z  * [new tag]             0.0.174                -> 0.0.174
handle-success	Checkout code	2026-02-26T19:50:15.4028993Z  * [new tag]             0.0.175                -> 0.0.175
handle-success	Checkout code	2026-02-26T19:50:15.4029395Z  * [new tag]             0.0.176                -> 0.0.176
handle-success	Checkout code	2026-02-26T19:50:15.4029798Z  * [new tag]             0.0.177                -> 0.0.177
handle-success	Checkout code	2026-02-26T19:50:15.4030192Z  * [new tag]             0.0.178                -> 0.0.178
handle-success	Checkout code	2026-02-26T19:50:15.4030593Z  * [new tag]             0.0.179                -> 0.0.179
handle-success	Checkout code	2026-02-26T19:50:15.4030995Z  * [new tag]             0.0.18                 -> 0.0.18
handle-success	Checkout code	2026-02-26T19:50:15.4031405Z  * [new tag]             0.0.19                 -> 0.0.19
handle-success	Checkout code	2026-02-26T19:50:15.4031807Z  * [new tag]             0.0.2                  -> 0.0.2
handle-success	Checkout code	2026-02-26T19:50:15.4032211Z  * [new tag]             0.0.20                 -> 0.0.20
handle-success	Checkout code	2026-02-26T19:50:15.4032629Z  * [new tag]             0.0.21                 -> 0.0.21
handle-success	Checkout code	2026-02-26T19:50:15.4033033Z  * [new tag]             0.0.22                 -> 0.0.22
handle-success	Checkout code	2026-02-26T19:50:15.4033437Z  * [new tag]             0.0.23                 -> 0.0.23
handle-success	Checkout code	2026-02-26T19:50:15.4033841Z  * [new tag]             0.0.24                 -> 0.0.24
handle-success	Checkout code	2026-02-26T19:50:15.4034248Z  * [new tag]             0.0.25                 -> 0.0.25
handle-success	Checkout code	2026-02-26T19:50:15.4035142Z  * [new tag]             0.0.26                 -> 0.0.26
handle-success	Checkout code	2026-02-26T19:50:15.4035579Z  * [new tag]             0.0.27                 -> 0.0.27
handle-success	Checkout code	2026-02-26T19:50:15.4036155Z  * [new tag]             0.0.28                 -> 0.0.28
handle-success	Checkout code	2026-02-26T19:50:15.4036688Z  * [new tag]             0.0.29                 -> 0.0.29
handle-success	Checkout code	2026-02-26T19:50:15.4037093Z  * [new tag]             0.0.3                  -> 0.0.3
handle-success	Checkout code	2026-02-26T19:50:15.4037492Z  * [new tag]             0.0.30                 -> 0.0.30
handle-success	Checkout code	2026-02-26T19:50:15.4037985Z  * [new tag]             0.0.31                 -> 0.0.31
handle-success	Checkout code	2026-02-26T19:50:15.4038677Z  * [new tag]             0.0.32                 -> 0.0.32
handle-success	Checkout code	2026-02-26T19:50:15.4039083Z  * [new tag]             0.0.33                 -> 0.0.33
handle-success	Checkout code	2026-02-26T19:50:15.4039488Z  * [new tag]             0.0.34                 -> 0.0.34
handle-success	Checkout code	2026-02-26T19:50:15.4039880Z  * [new tag]             0.0.35                 -> 0.0.35
handle-success	Checkout code	2026-02-26T19:50:15.4040281Z  * [new tag]             0.0.36                 -> 0.0.36
handle-success	Checkout code	2026-02-26T19:50:15.4040681Z  * [new tag]             0.0.37                 -> 0.0.37
handle-success	Checkout code	2026-02-26T19:50:15.4041080Z  * [new tag]             0.0.38                 -> 0.0.38
handle-success	Checkout code	2026-02-26T19:50:15.4041480Z  * [new tag]             0.0.39                 -> 0.0.39
handle-success	Checkout code	2026-02-26T19:50:15.4041877Z  * [new tag]             0.0.4                  -> 0.0.4
handle-success	Checkout code	2026-02-26T19:50:15.4042280Z  * [new tag]             0.0.40                 -> 0.0.40
handle-success	Checkout code	2026-02-26T19:50:15.4042683Z  * [new tag]             0.0.41                 -> 0.0.41
handle-success	Checkout code	2026-02-26T19:50:15.4043084Z  * [new tag]             0.0.42                 -> 0.0.42
handle-success	Checkout code	2026-02-26T19:50:15.4043699Z  * [new tag]             0.0.43                 -> 0.0.43
handle-success	Checkout code	2026-02-26T19:50:15.4044101Z  * [new tag]             0.0.44                 -> 0.0.44
handle-success	Checkout code	2026-02-26T19:50:15.4044779Z  * [new tag]             0.0.45                 -> 0.0.45
handle-success	Checkout code	2026-02-26T19:50:15.4045497Z  * [new tag]             0.0.46                 -> 0.0.46
handle-success	Checkout code	2026-02-26T19:50:15.4046027Z  * [new tag]             0.0.47                 -> 0.0.47
handle-success	Checkout code	2026-02-26T19:50:15.4046432Z  * [new tag]             0.0.48                 -> 0.0.48
handle-success	Checkout code	2026-02-26T19:50:15.4046830Z  * [new tag]             0.0.49                 -> 0.0.49
handle-success	Checkout code	2026-02-26T19:50:15.4047234Z  * [new tag]             0.0.5                  -> 0.0.5
handle-success	Checkout code	2026-02-26T19:50:15.4047636Z  * [new tag]             0.0.50                 -> 0.0.50
handle-success	Checkout code	2026-02-26T19:50:15.4048037Z  * [new tag]             0.0.51                 -> 0.0.51
handle-success	Checkout code	2026-02-26T19:50:15.4048438Z  * [new tag]             0.0.52                 -> 0.0.52
handle-success	Checkout code	2026-02-26T19:50:15.4048862Z  * [new tag]             0.0.53                 -> 0.0.53
handle-success	Checkout code	2026-02-26T19:50:15.4049263Z  * [new tag]             0.0.54                 -> 0.0.54
handle-success	Checkout code	2026-02-26T19:50:15.4049664Z  * [new tag]             0.0.55                 -> 0.0.55
handle-success	Checkout code	2026-02-26T19:50:15.4050066Z  * [new tag]             0.0.56                 -> 0.0.56
handle-success	Checkout code	2026-02-26T19:50:15.4050463Z  * [new tag]             0.0.57                 -> 0.0.57
handle-success	Checkout code	2026-02-26T19:50:15.4050867Z  * [new tag]             0.0.58                 -> 0.0.58
handle-success	Checkout code	2026-02-26T19:50:15.4051262Z  * [new tag]             0.0.59                 -> 0.0.59
handle-success	Checkout code	2026-02-26T19:50:15.4051662Z  * [new tag]             0.0.6                  -> 0.0.6
handle-success	Checkout code	2026-02-26T19:50:15.4052059Z  * [new tag]             0.0.60                 -> 0.0.60
handle-success	Checkout code	2026-02-26T19:50:15.4052449Z  * [new tag]             0.0.61                 -> 0.0.61
handle-success	Checkout code	2026-02-26T19:50:15.4052855Z  * [new tag]             0.0.62                 -> 0.0.62
handle-success	Checkout code	2026-02-26T19:50:15.4053249Z  * [new tag]             0.0.63                 -> 0.0.63
handle-success	Checkout code	2026-02-26T19:50:15.4053656Z  * [new tag]             0.0.64                 -> 0.0.64
handle-success	Checkout code	2026-02-26T19:50:15.4054046Z  * [new tag]             0.0.65                 -> 0.0.65
handle-success	Checkout code	2026-02-26T19:50:15.4054440Z  * [new tag]             0.0.66                 -> 0.0.66
handle-success	Checkout code	2026-02-26T19:50:15.4055346Z  * [new tag]             0.0.67                 -> 0.0.67
handle-success	Checkout code	2026-02-26T19:50:15.4055882Z  * [new tag]             0.0.68                 -> 0.0.68
handle-success	Checkout code	2026-02-26T19:50:15.4056288Z  * [new tag]             0.0.69                 -> 0.0.69
handle-success	Checkout code	2026-02-26T19:50:15.4056690Z  * [new tag]             0.0.7                  -> 0.0.7
handle-success	Checkout code	2026-02-26T19:50:15.4057268Z  * [new tag]             0.0.70                 -> 0.0.70
handle-success	Checkout code	2026-02-26T19:50:15.4057806Z  * [new tag]             0.0.71                 -> 0.0.71
handle-success	Checkout code	2026-02-26T19:50:15.4058213Z  * [new tag]             0.0.72                 -> 0.0.72
handle-success	Checkout code	2026-02-26T19:50:15.4058729Z  * [new tag]             0.0.73                 -> 0.0.73
handle-success	Checkout code	2026-02-26T19:50:15.4059122Z  * [new tag]             0.0.74                 -> 0.0.74
handle-success	Checkout code	2026-02-26T19:50:15.4059740Z  * [new tag]             0.0.75                 -> 0.0.75
handle-success	Checkout code	2026-02-26T19:50:15.4060142Z  * [new tag]             0.0.76                 -> 0.0.76
handle-success	Checkout code	2026-02-26T19:50:15.4060538Z  * [new tag]             0.0.77                 -> 0.0.77
handle-success	Checkout code	2026-02-26T19:50:15.4060927Z  * [new tag]             0.0.78                 -> 0.0.78
handle-success	Checkout code	2026-02-26T19:50:15.4061321Z  * [new tag]             0.0.79                 -> 0.0.79
handle-success	Checkout code	2026-02-26T19:50:15.4061715Z  * [new tag]             0.0.8                  -> 0.0.8
handle-success	Checkout code	2026-02-26T19:50:15.4062109Z  * [new tag]             0.0.80                 -> 0.0.80
handle-success	Checkout code	2026-02-26T19:50:15.4062507Z  * [new tag]             0.0.81                 -> 0.0.81
handle-success	Checkout code	2026-02-26T19:50:15.4062895Z  * [new tag]             0.0.82                 -> 0.0.82
handle-success	Checkout code	2026-02-26T19:50:15.4063290Z  * [new tag]             0.0.83                 -> 0.0.83
handle-success	Checkout code	2026-02-26T19:50:15.4063685Z  * [new tag]             0.0.84                 -> 0.0.84
handle-success	Checkout code	2026-02-26T19:50:15.4064082Z  * [new tag]             0.0.85                 -> 0.0.85
handle-success	Checkout code	2026-02-26T19:50:15.4065168Z  * [new tag]             0.0.86                 -> 0.0.86
handle-success	Checkout code	2026-02-26T19:50:15.4065571Z  * [new tag]             0.0.87                 -> 0.0.87
handle-success	Checkout code	2026-02-26T19:50:15.4065969Z  * [new tag]             0.0.88                 -> 0.0.88
handle-success	Checkout code	2026-02-26T19:50:15.4066366Z  * [new tag]             0.0.89                 -> 0.0.89
handle-success	Checkout code	2026-02-26T19:50:15.4066762Z  * [new tag]             0.0.9                  -> 0.0.9
handle-success	Checkout code	2026-02-26T19:50:15.4067164Z  * [new tag]             0.0.90                 -> 0.0.90
handle-success	Checkout code	2026-02-26T19:50:15.4067553Z  * [new tag]             0.0.91                 -> 0.0.91
handle-success	Checkout code	2026-02-26T19:50:15.4067946Z  * [new tag]             0.0.92                 -> 0.0.92
handle-success	Checkout code	2026-02-26T19:50:15.4068340Z  * [new tag]             0.0.93                 -> 0.0.93
handle-success	Checkout code	2026-02-26T19:50:15.4068734Z  * [new tag]             0.0.94                 -> 0.0.94
handle-success	Checkout code	2026-02-26T19:50:15.4069124Z  * [new tag]             0.0.95                 -> 0.0.95
handle-success	Checkout code	2026-02-26T19:50:15.4069530Z  * [new tag]             0.0.96                 -> 0.0.96
handle-success	Checkout code	2026-02-26T19:50:15.4069935Z  * [new tag]             0.0.97                 -> 0.0.97
handle-success	Checkout code	2026-02-26T19:50:15.4070332Z  * [new tag]             0.0.98                 -> 0.0.98
handle-success	Checkout code	2026-02-26T19:50:15.4070729Z  * [new tag]             0.0.99                 -> 0.0.99
handle-success	Checkout code	2026-02-26T19:50:15.4071121Z  * [new tag]             0.1.0                  -> 0.1.0
handle-success	Checkout code	2026-02-26T19:50:15.4071517Z  * [new tag]             0.1.1                  -> 0.1.1
handle-success	Checkout code	2026-02-26T19:50:15.4071915Z  * [new tag]             0.2.0                  -> 0.2.0
handle-success	Checkout code	2026-02-26T19:50:15.4072308Z  * [new tag]             0.3.0                  -> 0.3.0
handle-success	Checkout code	2026-02-26T19:50:15.4072699Z  * [new tag]             0.3.1                  -> 0.3.1
handle-success	Checkout code	2026-02-26T19:50:15.4073115Z  * [new tag]             0.3.10                 -> 0.3.10
handle-success	Checkout code	2026-02-26T19:50:15.4073517Z  * [new tag]             0.3.11                 -> 0.3.11
handle-success	Checkout code	2026-02-26T19:50:15.4073915Z  * [new tag]             0.3.12                 -> 0.3.12
handle-success	Checkout code	2026-02-26T19:50:15.4074325Z  * [new tag]             0.3.13                 -> 0.3.13
handle-success	Checkout code	2026-02-26T19:50:15.4074812Z  * [new tag]             0.3.14                 -> 0.3.14
handle-success	Checkout code	2026-02-26T19:50:15.4075216Z  * [new tag]             0.3.15                 -> 0.3.15
handle-success	Checkout code	2026-02-26T19:50:15.4075613Z  * [new tag]             0.3.16                 -> 0.3.16
handle-success	Checkout code	2026-02-26T19:50:15.4076003Z  * [new tag]             0.3.17                 -> 0.3.17
handle-success	Checkout code	2026-02-26T19:50:15.4076400Z  * [new tag]             0.3.2                  -> 0.3.2
handle-success	Checkout code	2026-02-26T19:50:15.4076798Z  * [new tag]             0.3.3                  -> 0.3.3
handle-success	Checkout code	2026-02-26T19:50:15.4077192Z  * [new tag]             0.3.4                  -> 0.3.4
handle-success	Checkout code	2026-02-26T19:50:15.4077577Z  * [new tag]             0.3.5                  -> 0.3.5
handle-success	Checkout code	2026-02-26T19:50:15.4077970Z  * [new tag]             0.3.6                  -> 0.3.6
handle-success	Checkout code	2026-02-26T19:50:15.4078358Z  * [new tag]             0.3.7                  -> 0.3.7
handle-success	Checkout code	2026-02-26T19:50:15.4078748Z  * [new tag]             0.3.8                  -> 0.3.8
handle-success	Checkout code	2026-02-26T19:50:15.4079367Z  * [new tag]             0.3.9                  -> 0.3.9
handle-success	Checkout code	2026-02-26T19:50:15.4079755Z  * [new tag]             0.4.0                  -> 0.4.0
handle-success	Checkout code	2026-02-26T19:50:15.4080151Z  * [new tag]             0.4.1                  -> 0.4.1
handle-success	Checkout code	2026-02-26T19:50:15.4080542Z  * [new tag]             0.4.2                  -> 0.4.2
handle-success	Checkout code	2026-02-26T19:50:15.4080933Z  * [new tag]             0.4.3                  -> 0.4.3
handle-success	Checkout code	2026-02-26T19:50:15.4081324Z  * [new tag]             0.4.4                  -> 0.4.4
handle-success	Checkout code	2026-02-26T19:50:15.4081711Z  * [new tag]             0.4.5                  -> 0.4.5
handle-success	Checkout code	2026-02-26T19:50:15.4082103Z  * [new tag]             0.4.6                  -> 0.4.6
handle-success	Checkout code	2026-02-26T19:50:15.4082494Z  * [new tag]             0.4.7                  -> 0.4.7
handle-success	Checkout code	2026-02-26T19:50:15.4082886Z  * [new tag]             0.4.8                  -> 0.4.8
handle-success	Checkout code	2026-02-26T19:50:15.4083277Z  * [new tag]             0.4.9                  -> 0.4.9
handle-success	Checkout code	2026-02-26T19:50:15.4083670Z  * [new tag]             0.5.0                  -> 0.5.0
handle-success	Checkout code	2026-02-26T19:50:15.4084257Z  * [new tag]             0.5.1                  -> 0.5.1
handle-success	Checkout code	2026-02-26T19:50:15.4084706Z  * [new tag]             0.5.2                  -> 0.5.2
handle-success	Checkout code	2026-02-26T19:50:15.4085101Z  * [new tag]             0.6.0                  -> 0.6.0
handle-success	Checkout code	2026-02-26T19:50:15.4085489Z  * [new tag]             0.6.1                  -> 0.6.1
handle-success	Checkout code	2026-02-26T19:50:15.4085881Z  * [new tag]             0.6.2                  -> 0.6.2
handle-success	Checkout code	2026-02-26T19:50:15.4086274Z  * [new tag]             0.6.3                  -> 0.6.3
handle-success	Checkout code	2026-02-26T19:50:15.4086661Z  * [new tag]             0.6.4                  -> 0.6.4
handle-success	Checkout code	2026-02-26T19:50:15.4087051Z  * [new tag]             0.6.5                  -> 0.6.5
handle-success	Checkout code	2026-02-26T19:50:15.4087440Z  * [new tag]             0.6.6                  -> 0.6.6
handle-success	Checkout code	2026-02-26T19:50:15.4302070Z [command]/usr/bin/git branch --list --remote origin/main
handle-success	Checkout code	2026-02-26T19:50:15.4391933Z   origin/main
handle-success	Checkout code	2026-02-26T19:50:15.4403842Z [command]/usr/bin/git rev-parse refs/remotes/origin/main
handle-success	Checkout code	2026-02-26T19:50:15.4433636Z e57b2a90a68720c72eee1562f3ee5771d58c94a4
handle-success	Checkout code	2026-02-26T19:50:15.4447192Z [command]/usr/bin/git -c protocol.version=2 fetch --no-tags --prune --no-recurse-submodules origin +648386888341ea82d5838fff354de5699885064b:refs/remotes/origin/main
handle-success	Checkout code	2026-02-26T19:50:15.4636033Z From https://github.com/Ka0s-Klaus/ka0s
handle-success	Checkout code	2026-02-26T19:50:15.4637672Z  + e57b2a90a...648386888 648386888341ea82d5838fff354de5699885064b -> origin/main  (forced update)
handle-success	Checkout code	2026-02-26T19:50:15.4674437Z ##[endgroup]
handle-success	Checkout code	2026-02-26T19:50:15.4676076Z ##[group]Determining the checkout info
handle-success	Checkout code	2026-02-26T19:50:15.4676595Z ##[endgroup]
handle-success	Checkout code	2026-02-26T19:50:15.4682918Z [command]/usr/bin/git sparse-checkout disable
handle-success	Checkout code	2026-02-26T19:50:15.4738226Z [command]/usr/bin/git config --local --unset-all extensions.worktreeConfig
handle-success	Checkout code	2026-02-26T19:50:15.4778348Z ##[group]Checking out the ref
handle-success	Checkout code	2026-02-26T19:50:15.4789524Z [command]/usr/bin/git checkout --progress --force -B main refs/remotes/origin/main
handle-success	Checkout code	2026-02-26T19:50:15.7286503Z Switched to a new branch 'main'
handle-success	Checkout code	2026-02-26T19:50:15.7290941Z branch 'main' set up to track 'origin/main'.
handle-success	Checkout code	2026-02-26T19:50:15.7337534Z ##[endgroup]
handle-success	Checkout code	2026-02-26T19:50:15.7389215Z [command]/usr/bin/git log -1 --format=%H
handle-success	Checkout code	2026-02-26T19:50:15.7423040Z 648386888341ea82d5838fff354de5699885064b
handle-success	handle-success-execution	Ôªø2026-02-26T19:50:15.7663511Z ##[group]Run echo "Process completed successfully 22458488873"
handle-success	handle-success-execution	2026-02-26T19:50:15.7664053Z [36;1mecho "Process completed successfully 22458488873"[0m
handle-success	handle-success-execution	2026-02-26T19:50:15.7679083Z shell: /usr/bin/bash -e {0}
handle-success	handle-success-execution	2026-02-26T19:50:15.7679356Z env:
handle-success	handle-success-execution	2026-02-26T19:50:15.7679553Z   PYTHON_VERSION: 3.9
handle-success	handle-success-execution	2026-02-26T19:50:15.7680506Z   MONGO_SUPERUSER_CONNECTION: ***
handle-success	handle-success-execution	2026-02-26T19:50:15.7680902Z   MONGO_NEW_PASS: ***
handle-success	handle-success-execution	2026-02-26T19:50:15.7681251Z   MONGO_SCRIPT_CREATE: devops/core/mongo/scripts/mongodb_status_report.py
handle-success	handle-success-execution	2026-02-26T19:50:15.7681661Z   KAOS_CODE: 22458488873
handle-success	handle-success-execution	2026-02-26T19:50:15.7681894Z   REPORT_SCAN: audit/
handle-success	handle-success-execution	2026-02-26T19:50:15.7682116Z   REPORT_PATH: audit/mongodb/
handle-success	handle-success-execution	2026-02-26T19:50:15.7682372Z   REPORT_FILENAME: 22458488873.json
handle-success	handle-success-execution	2026-02-26T19:50:15.7683139Z   KAOS_MODULE: [Ka0s] Status MongDB Report
handle-success	handle-success-execution	2026-02-26T19:50:15.7683532Z   GH_TOKEN: ***
handle-success	handle-success-execution	2026-02-26T19:50:15.7683731Z ##[endgroup]
handle-success	handle-success-execution	2026-02-26T19:50:15.7744734Z Process completed successfully 22458488873
handle-success	Post Checkout code	Ôªø2026-02-26T19:50:15.7888600Z Post job cleanup.
handle-success	Post Checkout code	2026-02-26T19:50:15.8949923Z [command]/usr/bin/git version
handle-success	Post Checkout code	2026-02-26T19:50:15.8996607Z git version 2.53.0
handle-success	Post Checkout code	2026-02-26T19:50:15.9044106Z Temporarily overriding HOME='/home/runner/_work/_temp/f57f4465-6876-416d-8be0-1e1114f6a00f' before making global git config changes
handle-success	Post Checkout code	2026-02-26T19:50:15.9045346Z Adding repository directory to the temporary git global config as a safe directory
handle-success	Post Checkout code	2026-02-26T19:50:15.9051023Z [command]/usr/bin/git config --global --add safe.directory /home/runner/_work/ka0s/ka0s
handle-success	Post Checkout code	2026-02-26T19:50:15.9097225Z [command]/usr/bin/git config --local --name-only --get-regexp core\.sshCommand
handle-success	Post Checkout code	2026-02-26T19:50:15.9154895Z [command]/usr/bin/git submodule foreach --recursive sh -c "git config --local --name-only --get-regexp 'core\.sshCommand' && git config --local --unset-all 'core.sshCommand' || :"
handle-success	Post Checkout code	2026-02-26T19:50:15.9507199Z [command]/usr/bin/git config --local --name-only --get-regexp http\.https\:\/\/github\.com\/\.extraheader
handle-success	Post Checkout code	2026-02-26T19:50:15.9537810Z http.https://github.com/.extraheader
handle-success	Post Checkout code	2026-02-26T19:50:15.9551004Z [command]/usr/bin/git config --local --unset-all http.https://github.com/.extraheader
handle-success	Post Checkout code	2026-02-26T19:50:15.9594488Z [command]/usr/bin/git submodule foreach --recursive sh -c "git config --local --name-only --get-regexp 'http\.https\:\/\/github\.com\/\.extraheader' && git config --local --unset-all 'http.https://github.com/.extraheader' || :"
handle-success	Post Checkout code	2026-02-26T19:50:15.9926427Z [command]/usr/bin/git config --local --name-only --get-regexp ^includeIf\.gitdir:
handle-success	Post Checkout code	2026-02-26T19:50:15.9967388Z [command]/usr/bin/git submodule foreach --recursive git config --local --show-origin --name-only --get-regexp remote.origin.url
handle-success	Complete job	Ôªø2026-02-26T19:50:16.0438966Z Cleaning up orphan processes
end-workflow	Set up job	Ôªø2026-02-26T19:50:28.6074448Z Current runner version: '2.332.0'
end-workflow	Set up job	2026-02-26T19:50:28.6083525Z Runner name: 'swarm-runners-scaleset-hkss5-runner-nkqfk'
end-workflow	Set up job	2026-02-26T19:50:28.6085226Z Runner group name: 'Default'
end-workflow	Set up job	2026-02-26T19:50:28.6086392Z Machine name: 'swarm-runners-scaleset-hkss5-runner-nkqfk'
end-workflow	Set up job	2026-02-26T19:50:28.6090378Z ##[group]GITHUB_TOKEN Permissions
end-workflow	Set up job	2026-02-26T19:50:28.6093061Z Actions: write
end-workflow	Set up job	2026-02-26T19:50:28.6093616Z Contents: write
end-workflow	Set up job	2026-02-26T19:50:28.6094269Z Issues: write
end-workflow	Set up job	2026-02-26T19:50:28.6095425Z Metadata: read
end-workflow	Set up job	2026-02-26T19:50:28.6095944Z PullRequests: write
end-workflow	Set up job	2026-02-26T19:50:28.6096860Z ##[endgroup]
end-workflow	Set up job	2026-02-26T19:50:28.6099294Z Secret source: Actions
end-workflow	Set up job	2026-02-26T19:50:28.6099988Z Prepare workflow directory
end-workflow	Set up job	2026-02-26T19:50:28.6690580Z Prepare all required actions
end-workflow	Set up job	2026-02-26T19:50:28.6735209Z Getting action download info
end-workflow	Set up job	2026-02-26T19:50:29.2782409Z Download action repository 'actions/checkout@v4' (SHA:34e114876b0b11c390a56381ad16ebd13914f8d5)
end-workflow	Set up job	2026-02-26T19:50:30.2949859Z Complete job name: end-workflow
end-workflow	Checkout repository	Ôªø2026-02-26T19:50:30.3609117Z ##[group]Run actions/checkout@v4
end-workflow	Checkout repository	2026-02-26T19:50:30.3610086Z with:
end-workflow	Checkout repository	2026-02-26T19:50:30.3610537Z   fetch-depth: 0
end-workflow	Checkout repository	2026-02-26T19:50:30.3611016Z   repository: Ka0s-Klaus/ka0s
end-workflow	Checkout repository	2026-02-26T19:50:30.3611798Z   token: ***
end-workflow	Checkout repository	2026-02-26T19:50:30.3612229Z   ssh-strict: true
end-workflow	Checkout repository	2026-02-26T19:50:30.3612688Z   ssh-user: git
end-workflow	Checkout repository	2026-02-26T19:50:30.3613146Z   persist-credentials: true
end-workflow	Checkout repository	2026-02-26T19:50:30.3613655Z   clean: true
end-workflow	Checkout repository	2026-02-26T19:50:30.3614110Z   sparse-checkout-cone-mode: true
end-workflow	Checkout repository	2026-02-26T19:50:30.3615396Z   fetch-tags: false
end-workflow	Checkout repository	2026-02-26T19:50:30.3616124Z   show-progress: true
end-workflow	Checkout repository	2026-02-26T19:50:30.3616583Z   lfs: false
end-workflow	Checkout repository	2026-02-26T19:50:30.3617156Z   submodules: false
end-workflow	Checkout repository	2026-02-26T19:50:30.3617661Z   set-safe-directory: true
end-workflow	Checkout repository	2026-02-26T19:50:30.3618817Z env:
end-workflow	Checkout repository	2026-02-26T19:50:30.3619279Z   PYTHON_VERSION: 3.9
end-workflow	Checkout repository	2026-02-26T19:50:30.3621038Z   MONGO_SUPERUSER_CONNECTION: ***
end-workflow	Checkout repository	2026-02-26T19:50:30.3621831Z   MONGO_NEW_PASS: ***
end-workflow	Checkout repository	2026-02-26T19:50:30.3622547Z   MONGO_SCRIPT_CREATE: devops/core/mongo/scripts/mongodb_status_report.py
end-workflow	Checkout repository	2026-02-26T19:50:30.3623432Z   KAOS_CODE: 22458488873
end-workflow	Checkout repository	2026-02-26T19:50:30.3623935Z   REPORT_SCAN: audit/
end-workflow	Checkout repository	2026-02-26T19:50:30.3624430Z   REPORT_PATH: audit/mongodb/
end-workflow	Checkout repository	2026-02-26T19:50:30.3625388Z   REPORT_FILENAME: 22458488873.json
end-workflow	Checkout repository	2026-02-26T19:50:30.3625985Z   KAOS_MODULE: [Ka0s] Status MongDB Report
end-workflow	Checkout repository	2026-02-26T19:50:30.3626591Z ##[endgroup]
end-workflow	Checkout repository	2026-02-26T19:50:30.4966928Z Syncing repository: Ka0s-Klaus/ka0s
end-workflow	Checkout repository	2026-02-26T19:50:30.4969700Z ##[group]Getting Git version info
end-workflow	Checkout repository	2026-02-26T19:50:30.4970630Z Working directory is '/home/runner/_work/ka0s/ka0s'
end-workflow	Checkout repository	2026-02-26T19:50:30.4971898Z [command]/usr/bin/git version
end-workflow	Checkout repository	2026-02-26T19:50:30.4972499Z git version 2.53.0
end-workflow	Checkout repository	2026-02-26T19:50:30.4975245Z ##[endgroup]
end-workflow	Checkout repository	2026-02-26T19:50:30.4986585Z Temporarily overriding HOME='/home/runner/_work/_temp/0010f157-371a-4f15-8e68-6d0da58b6325' before making global git config changes
end-workflow	Checkout repository	2026-02-26T19:50:30.5036874Z Adding repository directory to the temporary git global config as a safe directory
end-workflow	Checkout repository	2026-02-26T19:50:30.5039729Z [command]/usr/bin/git config --global --add safe.directory /home/runner/_work/ka0s/ka0s
end-workflow	Checkout repository	2026-02-26T19:50:30.5044402Z Deleting the contents of '/home/runner/_work/ka0s/ka0s'
end-workflow	Checkout repository	2026-02-26T19:50:30.5054462Z ##[group]Initializing the repository
end-workflow	Checkout repository	2026-02-26T19:50:30.5075928Z [command]/usr/bin/git init /home/runner/_work/ka0s/ka0s
end-workflow	Checkout repository	2026-02-26T19:50:30.5139234Z hint: Using 'master' as the name for the initial branch. This default branch name
end-workflow	Checkout repository	2026-02-26T19:50:30.5140931Z hint: will change to "main" in Git 3.0. To configure the initial branch name
end-workflow	Checkout repository	2026-02-26T19:50:30.5142148Z hint: to use in all of your new repositories, which will suppress this warning,
end-workflow	Checkout repository	2026-02-26T19:50:30.5143108Z hint: call:
end-workflow	Checkout repository	2026-02-26T19:50:30.5143637Z hint:
end-workflow	Checkout repository	2026-02-26T19:50:30.5144223Z hint: 	git config --global init.defaultBranch <name>
end-workflow	Checkout repository	2026-02-26T19:50:30.5147159Z hint:
end-workflow	Checkout repository	2026-02-26T19:50:30.5147822Z hint: Names commonly chosen instead of 'master' are 'main', 'trunk' and
end-workflow	Checkout repository	2026-02-26T19:50:30.5149011Z hint: 'development'. The just-created branch can be renamed via this command:
end-workflow	Checkout repository	2026-02-26T19:50:30.5150582Z hint:
end-workflow	Checkout repository	2026-02-26T19:50:30.5151039Z hint: 	git branch -m <name>
end-workflow	Checkout repository	2026-02-26T19:50:30.5151815Z hint:
end-workflow	Checkout repository	2026-02-26T19:50:30.5152506Z hint: Disable this message with "git config set advice.defaultBranchName false"
end-workflow	Checkout repository	2026-02-26T19:50:30.5153585Z Initialized empty Git repository in /home/runner/_work/ka0s/ka0s/.git/
end-workflow	Checkout repository	2026-02-26T19:50:30.5156054Z [command]/usr/bin/git remote add origin https://github.com/Ka0s-Klaus/ka0s
end-workflow	Checkout repository	2026-02-26T19:50:30.5197793Z ##[endgroup]
end-workflow	Checkout repository	2026-02-26T19:50:30.5199386Z ##[group]Disabling automatic garbage collection
end-workflow	Checkout repository	2026-02-26T19:50:30.5201005Z [command]/usr/bin/git config --local gc.auto 0
end-workflow	Checkout repository	2026-02-26T19:50:30.5250675Z ##[endgroup]
end-workflow	Checkout repository	2026-02-26T19:50:30.5251589Z ##[group]Setting up auth
end-workflow	Checkout repository	2026-02-26T19:50:30.5259646Z [command]/usr/bin/git config --local --name-only --get-regexp core\.sshCommand
end-workflow	Checkout repository	2026-02-26T19:50:30.5302017Z [command]/usr/bin/git submodule foreach --recursive sh -c "git config --local --name-only --get-regexp 'core\.sshCommand' && git config --local --unset-all 'core.sshCommand' || :"
end-workflow	Checkout repository	2026-02-26T19:50:30.5641138Z [command]/usr/bin/git config --local --name-only --get-regexp http\.https\:\/\/github\.com\/\.extraheader
end-workflow	Checkout repository	2026-02-26T19:50:30.5682481Z [command]/usr/bin/git submodule foreach --recursive sh -c "git config --local --name-only --get-regexp 'http\.https\:\/\/github\.com\/\.extraheader' && git config --local --unset-all 'http.https://github.com/.extraheader' || :"
end-workflow	Checkout repository	2026-02-26T19:50:30.6025579Z [command]/usr/bin/git config --local --name-only --get-regexp ^includeIf\.gitdir:
end-workflow	Checkout repository	2026-02-26T19:50:30.6065530Z [command]/usr/bin/git submodule foreach --recursive git config --local --show-origin --name-only --get-regexp remote.origin.url
end-workflow	Checkout repository	2026-02-26T19:50:30.6399400Z [command]/usr/bin/git config --local http.https://github.com/.extraheader AUTHORIZATION: basic ***
end-workflow	Checkout repository	2026-02-26T19:50:30.6453366Z ##[endgroup]
end-workflow	Checkout repository	2026-02-26T19:50:30.6454338Z ##[group]Fetching the repository
end-workflow	Checkout repository	2026-02-26T19:50:30.6476199Z [command]/usr/bin/git -c protocol.version=2 fetch --prune --no-recurse-submodules origin +refs/heads/*:refs/remotes/origin/* +refs/tags/*:refs/tags/*
end-workflow	Checkout repository	2026-02-26T19:50:53.0329038Z From https://github.com/Ka0s-Klaus/ka0s
end-workflow	Checkout repository	2026-02-26T19:50:53.0330273Z  * [new branch]          F3450-modelo-operativo -> origin/F3450-modelo-operativo
end-workflow	Checkout repository	2026-02-26T19:50:53.0331302Z  * [new branch]          H1276-modulo-observabilidad -> origin/H1276-modulo-observabilidad
end-workflow	Checkout repository	2026-02-26T19:50:53.0332189Z  * [new branch]          H3596-deploy-itop      -> origin/H3596-deploy-itop
end-workflow	Checkout repository	2026-02-26T19:50:53.0336089Z  * [new branch]          H4170-flujo-detallado-zabbix---github -> origin/H4170-flujo-detallado-zabbix---github
end-workflow	Checkout repository	2026-02-26T19:50:53.0336900Z  * [new branch]          H4191-request-cambios  -> origin/H4191-request-cambios
end-workflow	Checkout repository	2026-02-26T19:50:53.0337725Z  * [new branch]          H4200-request-recomendaciones-de-auditoria -> origin/H4200-request-recomendaciones-de-auditoria
end-workflow	Checkout repository	2026-02-26T19:50:53.0338465Z  * [new branch]          main                   -> origin/main
end-workflow	Checkout repository	2026-02-26T19:50:53.0338936Z  * [new tag]             0.0.0                  -> 0.0.0
end-workflow	Checkout repository	2026-02-26T19:50:53.0339466Z  * [new tag]             0.0.1                  -> 0.0.1
end-workflow	Checkout repository	2026-02-26T19:50:53.0339905Z  * [new tag]             0.0.10                 -> 0.0.10
end-workflow	Checkout repository	2026-02-26T19:50:53.0340366Z  * [new tag]             0.0.100                -> 0.0.100
end-workflow	Checkout repository	2026-02-26T19:50:53.0340782Z  * [new tag]             0.0.101                -> 0.0.101
end-workflow	Checkout repository	2026-02-26T19:50:53.0341205Z  * [new tag]             0.0.102                -> 0.0.102
end-workflow	Checkout repository	2026-02-26T19:50:53.0341666Z  * [new tag]             0.0.103                -> 0.0.103
end-workflow	Checkout repository	2026-02-26T19:50:53.0342130Z  * [new tag]             0.0.104                -> 0.0.104
end-workflow	Checkout repository	2026-02-26T19:50:53.0342546Z  * [new tag]             0.0.105                -> 0.0.105
end-workflow	Checkout repository	2026-02-26T19:50:53.0342959Z  * [new tag]             0.0.106                -> 0.0.106
end-workflow	Checkout repository	2026-02-26T19:50:53.0343381Z  * [new tag]             0.0.107                -> 0.0.107
end-workflow	Checkout repository	2026-02-26T19:50:53.0343794Z  * [new tag]             0.0.108                -> 0.0.108
end-workflow	Checkout repository	2026-02-26T19:50:53.0346218Z  * [new tag]             0.0.109                -> 0.0.109
end-workflow	Checkout repository	2026-02-26T19:50:53.0346666Z  * [new tag]             0.0.11                 -> 0.0.11
end-workflow	Checkout repository	2026-02-26T19:50:53.0347103Z  * [new tag]             0.0.110                -> 0.0.110
end-workflow	Checkout repository	2026-02-26T19:50:53.0347525Z  * [new tag]             0.0.111                -> 0.0.111
end-workflow	Checkout repository	2026-02-26T19:50:53.0347955Z  * [new tag]             0.0.112                -> 0.0.112
end-workflow	Checkout repository	2026-02-26T19:50:53.0348376Z  * [new tag]             0.0.113                -> 0.0.113
end-workflow	Checkout repository	2026-02-26T19:50:53.0348909Z  * [new tag]             0.0.114                -> 0.0.114
end-workflow	Checkout repository	2026-02-26T19:50:53.0349324Z  * [new tag]             0.0.115                -> 0.0.115
end-workflow	Checkout repository	2026-02-26T19:50:53.0349726Z  * [new tag]             0.0.116                -> 0.0.116
end-workflow	Checkout repository	2026-02-26T19:50:53.0350212Z  * [new tag]             0.0.117                -> 0.0.117
end-workflow	Checkout repository	2026-02-26T19:50:53.0350678Z  * [new tag]             0.0.118                -> 0.0.118
end-workflow	Checkout repository	2026-02-26T19:50:53.0351227Z  * [new tag]             0.0.119                -> 0.0.119
end-workflow	Checkout repository	2026-02-26T19:50:53.0351955Z  * [new tag]             0.0.12                 -> 0.0.12
end-workflow	Checkout repository	2026-02-26T19:50:53.0352373Z  * [new tag]             0.0.120                -> 0.0.120
end-workflow	Checkout repository	2026-02-26T19:50:53.0352946Z  * [new tag]             0.0.121                -> 0.0.121
end-workflow	Checkout repository	2026-02-26T19:50:53.0353476Z  * [new tag]             0.0.122                -> 0.0.122
end-workflow	Checkout repository	2026-02-26T19:50:53.0353871Z  * [new tag]             0.0.123                -> 0.0.123
end-workflow	Checkout repository	2026-02-26T19:50:53.0354272Z  * [new tag]             0.0.124                -> 0.0.124
end-workflow	Checkout repository	2026-02-26T19:50:53.0355256Z  * [new tag]             0.0.125                -> 0.0.125
end-workflow	Checkout repository	2026-02-26T19:50:53.0355674Z  * [new tag]             0.0.126                -> 0.0.126
end-workflow	Checkout repository	2026-02-26T19:50:53.0356088Z  * [new tag]             0.0.127                -> 0.0.127
end-workflow	Checkout repository	2026-02-26T19:50:53.0356500Z  * [new tag]             0.0.128                -> 0.0.128
end-workflow	Checkout repository	2026-02-26T19:50:53.0356908Z  * [new tag]             0.0.129                -> 0.0.129
end-workflow	Checkout repository	2026-02-26T19:50:53.0357321Z  * [new tag]             0.0.13                 -> 0.0.13
end-workflow	Checkout repository	2026-02-26T19:50:53.0357779Z  * [new tag]             0.0.130                -> 0.0.130
end-workflow	Checkout repository	2026-02-26T19:50:53.0358320Z  * [new tag]             0.0.131                -> 0.0.131
end-workflow	Checkout repository	2026-02-26T19:50:53.0358723Z  * [new tag]             0.0.132                -> 0.0.132
end-workflow	Checkout repository	2026-02-26T19:50:53.0359264Z  * [new tag]             0.0.133                -> 0.0.133
end-workflow	Checkout repository	2026-02-26T19:50:53.0359675Z  * [new tag]             0.0.134                -> 0.0.134
end-workflow	Checkout repository	2026-02-26T19:50:53.0360085Z  * [new tag]             0.0.135                -> 0.0.135
end-workflow	Checkout repository	2026-02-26T19:50:53.0360492Z  * [new tag]             0.0.136                -> 0.0.136
end-workflow	Checkout repository	2026-02-26T19:50:53.0360913Z  * [new tag]             0.0.137                -> 0.0.137
end-workflow	Checkout repository	2026-02-26T19:50:53.0433794Z  * [new tag]             0.0.138                -> 0.0.138
end-workflow	Checkout repository	2026-02-26T19:50:53.0434902Z  * [new tag]             0.0.139                -> 0.0.139
end-workflow	Checkout repository	2026-02-26T19:50:53.0435363Z  * [new tag]             0.0.14                 -> 0.0.14
end-workflow	Checkout repository	2026-02-26T19:50:53.0435903Z  * [new tag]             0.0.140                -> 0.0.140
end-workflow	Checkout repository	2026-02-26T19:50:53.0436386Z  * [new tag]             0.0.141                -> 0.0.141
end-workflow	Checkout repository	2026-02-26T19:50:53.0436797Z  * [new tag]             0.0.142                -> 0.0.142
end-workflow	Checkout repository	2026-02-26T19:50:53.0437213Z  * [new tag]             0.0.143                -> 0.0.143
end-workflow	Checkout repository	2026-02-26T19:50:53.0437646Z  * [new tag]             0.0.144                -> 0.0.144
end-workflow	Checkout repository	2026-02-26T19:50:53.0438178Z  * [new tag]             0.0.145                -> 0.0.145
end-workflow	Checkout repository	2026-02-26T19:50:53.0438590Z  * [new tag]             0.0.146                -> 0.0.146
end-workflow	Checkout repository	2026-02-26T19:50:53.0438995Z  * [new tag]             0.0.147                -> 0.0.147
end-workflow	Checkout repository	2026-02-26T19:50:53.0439413Z  * [new tag]             0.0.148                -> 0.0.148
end-workflow	Checkout repository	2026-02-26T19:50:53.0439825Z  * [new tag]             0.0.149                -> 0.0.149
end-workflow	Checkout repository	2026-02-26T19:50:53.0440255Z  * [new tag]             0.0.15                 -> 0.0.15
end-workflow	Checkout repository	2026-02-26T19:50:53.0440702Z  * [new tag]             0.0.150                -> 0.0.150
end-workflow	Checkout repository	2026-02-26T19:50:53.0441429Z  * [new tag]             0.0.151                -> 0.0.151
end-workflow	Checkout repository	2026-02-26T19:50:53.0441827Z  * [new tag]             0.0.152                -> 0.0.152
end-workflow	Checkout repository	2026-02-26T19:50:53.0442225Z  * [new tag]             0.0.153                -> 0.0.153
end-workflow	Checkout repository	2026-02-26T19:50:53.0442635Z  * [new tag]             0.0.154                -> 0.0.154
end-workflow	Checkout repository	2026-02-26T19:50:53.0443046Z  * [new tag]             0.0.155                -> 0.0.155
end-workflow	Checkout repository	2026-02-26T19:50:53.0443461Z  * [new tag]             0.0.156                -> 0.0.156
end-workflow	Checkout repository	2026-02-26T19:50:53.0443867Z  * [new tag]             0.0.157                -> 0.0.157
end-workflow	Checkout repository	2026-02-26T19:50:53.0444277Z  * [new tag]             0.0.158                -> 0.0.158
end-workflow	Checkout repository	2026-02-26T19:50:53.0445521Z  * [new tag]             0.0.159                -> 0.0.159
end-workflow	Checkout repository	2026-02-26T19:50:53.0445952Z  * [new tag]             0.0.16                 -> 0.0.16
end-workflow	Checkout repository	2026-02-26T19:50:53.0446374Z  * [new tag]             0.0.160                -> 0.0.160
end-workflow	Checkout repository	2026-02-26T19:50:53.0446792Z  * [new tag]             0.0.161                -> 0.0.161
end-workflow	Checkout repository	2026-02-26T19:50:53.0447731Z  * [new tag]             0.0.162                -> 0.0.162
end-workflow	Checkout repository	2026-02-26T19:50:53.0448170Z  * [new tag]             0.0.163                -> 0.0.163
end-workflow	Checkout repository	2026-02-26T19:50:53.0448796Z  * [new tag]             0.0.164                -> 0.0.164
end-workflow	Checkout repository	2026-02-26T19:50:53.0449217Z  * [new tag]             0.0.165                -> 0.0.165
end-workflow	Checkout repository	2026-02-26T19:50:53.0449634Z  * [new tag]             0.0.166                -> 0.0.166
end-workflow	Checkout repository	2026-02-26T19:50:53.0450050Z  * [new tag]             0.0.167                -> 0.0.167
end-workflow	Checkout repository	2026-02-26T19:50:53.0450500Z  * [new tag]             0.0.168                -> 0.0.168
end-workflow	Checkout repository	2026-02-26T19:50:53.0450940Z  * [new tag]             0.0.169                -> 0.0.169
end-workflow	Checkout repository	2026-02-26T19:50:53.0451399Z  * [new tag]             0.0.17                 -> 0.0.17
end-workflow	Checkout repository	2026-02-26T19:50:53.0451826Z  * [new tag]             0.0.170                -> 0.0.170
end-workflow	Checkout repository	2026-02-26T19:50:53.0452256Z  * [new tag]             0.0.171                -> 0.0.171
end-workflow	Checkout repository	2026-02-26T19:50:53.0452818Z  * [new tag]             0.0.172                -> 0.0.172
end-workflow	Checkout repository	2026-02-26T19:50:53.0453227Z  * [new tag]             0.0.173                -> 0.0.173
end-workflow	Checkout repository	2026-02-26T19:50:53.0453641Z  * [new tag]             0.0.174                -> 0.0.174
end-workflow	Checkout repository	2026-02-26T19:50:53.0454043Z  * [new tag]             0.0.175                -> 0.0.175
end-workflow	Checkout repository	2026-02-26T19:50:53.0454456Z  * [new tag]             0.0.176                -> 0.0.176
end-workflow	Checkout repository	2026-02-26T19:50:53.0455450Z  * [new tag]             0.0.177                -> 0.0.177
end-workflow	Checkout repository	2026-02-26T19:50:53.0455849Z  * [new tag]             0.0.178                -> 0.0.178
end-workflow	Checkout repository	2026-02-26T19:50:53.0456240Z  * [new tag]             0.0.179                -> 0.0.179
end-workflow	Checkout repository	2026-02-26T19:50:53.0456638Z  * [new tag]             0.0.18                 -> 0.0.18
end-workflow	Checkout repository	2026-02-26T19:50:53.0457029Z  * [new tag]             0.0.19                 -> 0.0.19
end-workflow	Checkout repository	2026-02-26T19:50:53.0457422Z  * [new tag]             0.0.2                  -> 0.0.2
end-workflow	Checkout repository	2026-02-26T19:50:53.0457827Z  * [new tag]             0.0.20                 -> 0.0.20
end-workflow	Checkout repository	2026-02-26T19:50:53.0458233Z  * [new tag]             0.0.21                 -> 0.0.21
end-workflow	Checkout repository	2026-02-26T19:50:53.0458629Z  * [new tag]             0.0.22                 -> 0.0.22
end-workflow	Checkout repository	2026-02-26T19:50:53.0459025Z  * [new tag]             0.0.23                 -> 0.0.23
end-workflow	Checkout repository	2026-02-26T19:50:53.0459420Z  * [new tag]             0.0.24                 -> 0.0.24
end-workflow	Checkout repository	2026-02-26T19:50:53.0459808Z  * [new tag]             0.0.25                 -> 0.0.25
end-workflow	Checkout repository	2026-02-26T19:50:53.0460205Z  * [new tag]             0.0.26                 -> 0.0.26
end-workflow	Checkout repository	2026-02-26T19:50:53.0460600Z  * [new tag]             0.0.27                 -> 0.0.27
end-workflow	Checkout repository	2026-02-26T19:50:53.0461398Z  * [new tag]             0.0.28                 -> 0.0.28
end-workflow	Checkout repository	2026-02-26T19:50:53.0461806Z  * [new tag]             0.0.29                 -> 0.0.29
end-workflow	Checkout repository	2026-02-26T19:50:53.0462214Z  * [new tag]             0.0.3                  -> 0.0.3
end-workflow	Checkout repository	2026-02-26T19:50:53.0462736Z  * [new tag]             0.0.30                 -> 0.0.30
end-workflow	Checkout repository	2026-02-26T19:50:53.0463123Z  * [new tag]             0.0.31                 -> 0.0.31
end-workflow	Checkout repository	2026-02-26T19:50:53.0463763Z  * [new tag]             0.0.32                 -> 0.0.32
end-workflow	Checkout repository	2026-02-26T19:50:53.0464159Z  * [new tag]             0.0.33                 -> 0.0.33
end-workflow	Checkout repository	2026-02-26T19:50:53.0465020Z  * [new tag]             0.0.34                 -> 0.0.34
end-workflow	Checkout repository	2026-02-26T19:50:53.0465676Z  * [new tag]             0.0.35                 -> 0.0.35
end-workflow	Checkout repository	2026-02-26T19:50:53.0466073Z  * [new tag]             0.0.36                 -> 0.0.36
end-workflow	Checkout repository	2026-02-26T19:50:53.0466466Z  * [new tag]             0.0.37                 -> 0.0.37
end-workflow	Checkout repository	2026-02-26T19:50:53.0466862Z  * [new tag]             0.0.38                 -> 0.0.38
end-workflow	Checkout repository	2026-02-26T19:50:53.0467251Z  * [new tag]             0.0.39                 -> 0.0.39
end-workflow	Checkout repository	2026-02-26T19:50:53.0467646Z  * [new tag]             0.0.4                  -> 0.0.4
end-workflow	Checkout repository	2026-02-26T19:50:53.0468038Z  * [new tag]             0.0.40                 -> 0.0.40
end-workflow	Checkout repository	2026-02-26T19:50:53.0468427Z  * [new tag]             0.0.41                 -> 0.0.41
end-workflow	Checkout repository	2026-02-26T19:50:53.0468821Z  * [new tag]             0.0.42                 -> 0.0.42
end-workflow	Checkout repository	2026-02-26T19:50:53.0469445Z  * [new tag]             0.0.43                 -> 0.0.43
end-workflow	Checkout repository	2026-02-26T19:50:53.0469841Z  * [new tag]             0.0.44                 -> 0.0.44
end-workflow	Checkout repository	2026-02-26T19:50:53.0470232Z  * [new tag]             0.0.45                 -> 0.0.45
end-workflow	Checkout repository	2026-02-26T19:50:53.0470630Z  * [new tag]             0.0.46                 -> 0.0.46
end-workflow	Checkout repository	2026-02-26T19:50:53.0471022Z  * [new tag]             0.0.47                 -> 0.0.47
end-workflow	Checkout repository	2026-02-26T19:50:53.0471417Z  * [new tag]             0.0.48                 -> 0.0.48
end-workflow	Checkout repository	2026-02-26T19:50:53.0471808Z  * [new tag]             0.0.49                 -> 0.0.49
end-workflow	Checkout repository	2026-02-26T19:50:53.0472346Z  * [new tag]             0.0.5                  -> 0.0.5
end-workflow	Checkout repository	2026-02-26T19:50:53.0473035Z  * [new tag]             0.0.50                 -> 0.0.50
end-workflow	Checkout repository	2026-02-26T19:50:53.0473579Z  * [new tag]             0.0.51                 -> 0.0.51
end-workflow	Checkout repository	2026-02-26T19:50:53.0473995Z  * [new tag]             0.0.52                 -> 0.0.52
end-workflow	Checkout repository	2026-02-26T19:50:53.0474428Z  * [new tag]             0.0.53                 -> 0.0.53
end-workflow	Checkout repository	2026-02-26T19:50:53.0475076Z  * [new tag]             0.0.54                 -> 0.0.54
end-workflow	Checkout repository	2026-02-26T19:50:53.0475596Z  * [new tag]             0.0.55                 -> 0.0.55
end-workflow	Checkout repository	2026-02-26T19:50:53.0475997Z  * [new tag]             0.0.56                 -> 0.0.56
end-workflow	Checkout repository	2026-02-26T19:50:53.0476390Z  * [new tag]             0.0.57                 -> 0.0.57
end-workflow	Checkout repository	2026-02-26T19:50:53.0476772Z  * [new tag]             0.0.58                 -> 0.0.58
end-workflow	Checkout repository	2026-02-26T19:50:53.0477161Z  * [new tag]             0.0.59                 -> 0.0.59
end-workflow	Checkout repository	2026-02-26T19:50:53.0477553Z  * [new tag]             0.0.6                  -> 0.0.6
end-workflow	Checkout repository	2026-02-26T19:50:53.0477940Z  * [new tag]             0.0.60                 -> 0.0.60
end-workflow	Checkout repository	2026-02-26T19:50:53.0478325Z  * [new tag]             0.0.61                 -> 0.0.61
end-workflow	Checkout repository	2026-02-26T19:50:53.0478720Z  * [new tag]             0.0.62                 -> 0.0.62
end-workflow	Checkout repository	2026-02-26T19:50:53.0479107Z  * [new tag]             0.0.63                 -> 0.0.63
end-workflow	Checkout repository	2026-02-26T19:50:53.0479507Z  * [new tag]             0.0.64                 -> 0.0.64
end-workflow	Checkout repository	2026-02-26T19:50:53.0479892Z  * [new tag]             0.0.65                 -> 0.0.65
end-workflow	Checkout repository	2026-02-26T19:50:53.0480282Z  * [new tag]             0.0.66                 -> 0.0.66
end-workflow	Checkout repository	2026-02-26T19:50:53.0480669Z  * [new tag]             0.0.67                 -> 0.0.67
end-workflow	Checkout repository	2026-02-26T19:50:53.0481056Z  * [new tag]             0.0.68                 -> 0.0.68
end-workflow	Checkout repository	2026-02-26T19:50:53.0481447Z  * [new tag]             0.0.69                 -> 0.0.69
end-workflow	Checkout repository	2026-02-26T19:50:53.0481833Z  * [new tag]             0.0.7                  -> 0.0.7
end-workflow	Checkout repository	2026-02-26T19:50:53.0482221Z  * [new tag]             0.0.70                 -> 0.0.70
end-workflow	Checkout repository	2026-02-26T19:50:53.0482604Z  * [new tag]             0.0.71                 -> 0.0.71
end-workflow	Checkout repository	2026-02-26T19:50:53.0482990Z  * [new tag]             0.0.72                 -> 0.0.72
end-workflow	Checkout repository	2026-02-26T19:50:53.0483376Z  * [new tag]             0.0.73                 -> 0.0.73
end-workflow	Checkout repository	2026-02-26T19:50:53.0483765Z  * [new tag]             0.0.74                 -> 0.0.74
end-workflow	Checkout repository	2026-02-26T19:50:53.0484363Z  * [new tag]             0.0.75                 -> 0.0.75
end-workflow	Checkout repository	2026-02-26T19:50:53.0485045Z  * [new tag]             0.0.76                 -> 0.0.76
end-workflow	Checkout repository	2026-02-26T19:50:53.0485462Z  * [new tag]             0.0.77                 -> 0.0.77
end-workflow	Checkout repository	2026-02-26T19:50:53.0485864Z  * [new tag]             0.0.78                 -> 0.0.78
end-workflow	Checkout repository	2026-02-26T19:50:53.0486387Z  * [new tag]             0.0.79                 -> 0.0.79
end-workflow	Checkout repository	2026-02-26T19:50:53.0486775Z  * [new tag]             0.0.8                  -> 0.0.8
end-workflow	Checkout repository	2026-02-26T19:50:53.0487162Z  * [new tag]             0.0.80                 -> 0.0.80
end-workflow	Checkout repository	2026-02-26T19:50:53.0487548Z  * [new tag]             0.0.81                 -> 0.0.81
end-workflow	Checkout repository	2026-02-26T19:50:53.0487934Z  * [new tag]             0.0.82                 -> 0.0.82
end-workflow	Checkout repository	2026-02-26T19:50:53.0488320Z  * [new tag]             0.0.83                 -> 0.0.83
end-workflow	Checkout repository	2026-02-26T19:50:53.0488708Z  * [new tag]             0.0.84                 -> 0.0.84
end-workflow	Checkout repository	2026-02-26T19:50:53.0489090Z  * [new tag]             0.0.85                 -> 0.0.85
end-workflow	Checkout repository	2026-02-26T19:50:53.0489717Z  * [new tag]             0.0.86                 -> 0.0.86
end-workflow	Checkout repository	2026-02-26T19:50:53.0490109Z  * [new tag]             0.0.87                 -> 0.0.87
end-workflow	Checkout repository	2026-02-26T19:50:53.0490491Z  * [new tag]             0.0.88                 -> 0.0.88
end-workflow	Checkout repository	2026-02-26T19:50:53.0490879Z  * [new tag]             0.0.89                 -> 0.0.89
end-workflow	Checkout repository	2026-02-26T19:50:53.0491271Z  * [new tag]             0.0.9                  -> 0.0.9
end-workflow	Checkout repository	2026-02-26T19:50:53.0491660Z  * [new tag]             0.0.90                 -> 0.0.90
end-workflow	Checkout repository	2026-02-26T19:50:53.0492041Z  * [new tag]             0.0.91                 -> 0.0.91
end-workflow	Checkout repository	2026-02-26T19:50:53.0492431Z  * [new tag]             0.0.92                 -> 0.0.92
end-workflow	Checkout repository	2026-02-26T19:50:53.0492816Z  * [new tag]             0.0.93                 -> 0.0.93
end-workflow	Checkout repository	2026-02-26T19:50:53.0493199Z  * [new tag]             0.0.94                 -> 0.0.94
end-workflow	Checkout repository	2026-02-26T19:50:53.0493586Z  * [new tag]             0.0.95                 -> 0.0.95
end-workflow	Checkout repository	2026-02-26T19:50:53.0493981Z  * [new tag]             0.0.96                 -> 0.0.96
end-workflow	Checkout repository	2026-02-26T19:50:53.0494376Z  * [new tag]             0.0.97                 -> 0.0.97
end-workflow	Checkout repository	2026-02-26T19:50:53.0495044Z  * [new tag]             0.0.98                 -> 0.0.98
end-workflow	Checkout repository	2026-02-26T19:50:53.0495457Z  * [new tag]             0.0.99                 -> 0.0.99
end-workflow	Checkout repository	2026-02-26T19:50:53.0495979Z  * [new tag]             0.1.0                  -> 0.1.0
end-workflow	Checkout repository	2026-02-26T19:50:53.0496368Z  * [new tag]             0.1.1                  -> 0.1.1
end-workflow	Checkout repository	2026-02-26T19:50:53.0496756Z  * [new tag]             0.2.0                  -> 0.2.0
end-workflow	Checkout repository	2026-02-26T19:50:53.0497143Z  * [new tag]             0.3.0                  -> 0.3.0
end-workflow	Checkout repository	2026-02-26T19:50:53.0497530Z  * [new tag]             0.3.1                  -> 0.3.1
end-workflow	Checkout repository	2026-02-26T19:50:53.0497933Z  * [new tag]             0.3.10                 -> 0.3.10
end-workflow	Checkout repository	2026-02-26T19:50:53.0498324Z  * [new tag]             0.3.11                 -> 0.3.11
end-workflow	Checkout repository	2026-02-26T19:50:53.0498709Z  * [new tag]             0.3.12                 -> 0.3.12
end-workflow	Checkout repository	2026-02-26T19:50:53.0499113Z  * [new tag]             0.3.13                 -> 0.3.13
end-workflow	Checkout repository	2026-02-26T19:50:53.0499498Z  * [new tag]             0.3.14                 -> 0.3.14
end-workflow	Checkout repository	2026-02-26T19:50:53.0499889Z  * [new tag]             0.3.15                 -> 0.3.15
end-workflow	Checkout repository	2026-02-26T19:50:53.0500272Z  * [new tag]             0.3.16                 -> 0.3.16
end-workflow	Checkout repository	2026-02-26T19:50:53.0500659Z  * [new tag]             0.3.17                 -> 0.3.17
end-workflow	Checkout repository	2026-02-26T19:50:53.0501050Z  * [new tag]             0.3.2                  -> 0.3.2
end-workflow	Checkout repository	2026-02-26T19:50:53.0501434Z  * [new tag]             0.3.3                  -> 0.3.3
end-workflow	Checkout repository	2026-02-26T19:50:53.0501820Z  * [new tag]             0.3.4                  -> 0.3.4
end-workflow	Checkout repository	2026-02-26T19:50:53.0502205Z  * [new tag]             0.3.5                  -> 0.3.5
end-workflow	Checkout repository	2026-02-26T19:50:53.0502592Z  * [new tag]             0.3.6                  -> 0.3.6
end-workflow	Checkout repository	2026-02-26T19:50:53.0502971Z  * [new tag]             0.3.7                  -> 0.3.7
end-workflow	Checkout repository	2026-02-26T19:50:53.0503355Z  * [new tag]             0.3.8                  -> 0.3.8
end-workflow	Checkout repository	2026-02-26T19:50:53.0503964Z  * [new tag]             0.3.9                  -> 0.3.9
end-workflow	Checkout repository	2026-02-26T19:50:53.0504352Z  * [new tag]             0.4.0                  -> 0.4.0
end-workflow	Checkout repository	2026-02-26T19:50:53.0505167Z  * [new tag]             0.4.1                  -> 0.4.1
end-workflow	Checkout repository	2026-02-26T19:50:53.0505567Z  * [new tag]             0.4.2                  -> 0.4.2
end-workflow	Checkout repository	2026-02-26T19:50:53.0506071Z  * [new tag]             0.4.3                  -> 0.4.3
end-workflow	Checkout repository	2026-02-26T19:50:53.0506448Z  * [new tag]             0.4.4                  -> 0.4.4
end-workflow	Checkout repository	2026-02-26T19:50:53.0506835Z  * [new tag]             0.4.5                  -> 0.4.5
end-workflow	Checkout repository	2026-02-26T19:50:53.0507220Z  * [new tag]             0.4.6                  -> 0.4.6
end-workflow	Checkout repository	2026-02-26T19:50:53.0507602Z  * [new tag]             0.4.7                  -> 0.4.7
end-workflow	Checkout repository	2026-02-26T19:50:53.0507981Z  * [new tag]             0.4.8                  -> 0.4.8
end-workflow	Checkout repository	2026-02-26T19:50:53.0508366Z  * [new tag]             0.4.9                  -> 0.4.9
end-workflow	Checkout repository	2026-02-26T19:50:53.0508750Z  * [new tag]             0.5.0                  -> 0.5.0
end-workflow	Checkout repository	2026-02-26T19:50:53.0509391Z  * [new tag]             0.5.1                  -> 0.5.1
end-workflow	Checkout repository	2026-02-26T19:50:53.0509774Z  * [new tag]             0.5.2                  -> 0.5.2
end-workflow	Checkout repository	2026-02-26T19:50:53.0510158Z  * [new tag]             0.6.0                  -> 0.6.0
end-workflow	Checkout repository	2026-02-26T19:50:53.0510543Z  * [new tag]             0.6.1                  -> 0.6.1
end-workflow	Checkout repository	2026-02-26T19:50:53.0510923Z  * [new tag]             0.6.2                  -> 0.6.2
end-workflow	Checkout repository	2026-02-26T19:50:53.0511305Z  * [new tag]             0.6.3                  -> 0.6.3
end-workflow	Checkout repository	2026-02-26T19:50:53.0511690Z  * [new tag]             0.6.4                  -> 0.6.4
end-workflow	Checkout repository	2026-02-26T19:50:53.0512079Z  * [new tag]             0.6.5                  -> 0.6.5
end-workflow	Checkout repository	2026-02-26T19:50:53.0512460Z  * [new tag]             0.6.6                  -> 0.6.6
end-workflow	Checkout repository	2026-02-26T19:50:53.0736568Z [command]/usr/bin/git branch --list --remote origin/main
end-workflow	Checkout repository	2026-02-26T19:50:53.0813898Z   origin/main
end-workflow	Checkout repository	2026-02-26T19:50:53.0824477Z [command]/usr/bin/git rev-parse refs/remotes/origin/main
end-workflow	Checkout repository	2026-02-26T19:50:53.0855166Z e57b2a90a68720c72eee1562f3ee5771d58c94a4
end-workflow	Checkout repository	2026-02-26T19:50:53.0870024Z [command]/usr/bin/git -c protocol.version=2 fetch --no-tags --prune --no-recurse-submodules origin +648386888341ea82d5838fff354de5699885064b:refs/remotes/origin/main
end-workflow	Checkout repository	2026-02-26T19:50:53.1058910Z From https://github.com/Ka0s-Klaus/ka0s
end-workflow	Checkout repository	2026-02-26T19:50:53.1059640Z  + e57b2a90a...648386888 648386888341ea82d5838fff354de5699885064b -> origin/main  (forced update)
end-workflow	Checkout repository	2026-02-26T19:50:53.1099313Z ##[endgroup]
end-workflow	Checkout repository	2026-02-26T19:50:53.1100321Z ##[group]Determining the checkout info
end-workflow	Checkout repository	2026-02-26T19:50:53.1101006Z ##[endgroup]
end-workflow	Checkout repository	2026-02-26T19:50:53.1107376Z [command]/usr/bin/git sparse-checkout disable
end-workflow	Checkout repository	2026-02-26T19:50:53.1161694Z [command]/usr/bin/git config --local --unset-all extensions.worktreeConfig
end-workflow	Checkout repository	2026-02-26T19:50:53.1200978Z ##[group]Checking out the ref
end-workflow	Checkout repository	2026-02-26T19:50:53.1211400Z [command]/usr/bin/git checkout --progress --force -B main refs/remotes/origin/main
end-workflow	Checkout repository	2026-02-26T19:50:53.3681579Z Switched to a new branch 'main'
end-workflow	Checkout repository	2026-02-26T19:50:53.3686262Z branch 'main' set up to track 'origin/main'.
end-workflow	Checkout repository	2026-02-26T19:50:53.3730328Z ##[endgroup]
end-workflow	Checkout repository	2026-02-26T19:50:53.3784221Z [command]/usr/bin/git log -1 --format=%H
end-workflow	Checkout repository	2026-02-26T19:50:53.3821109Z 648386888341ea82d5838fff354de5699885064b
end-workflow	Install GH CLI	Ôªø2026-02-26T19:50:53.4096199Z Prepare all required actions
end-workflow	Install GH CLI	2026-02-26T19:50:53.4151793Z ##[group]Run ./.github/actions/install-gh-cli
end-workflow	Install GH CLI	2026-02-26T19:50:53.4152111Z env:
end-workflow	Install GH CLI	2026-02-26T19:50:53.4152296Z   PYTHON_VERSION: 3.9
end-workflow	Install GH CLI	2026-02-26T19:50:53.4153181Z   MONGO_SUPERUSER_CONNECTION: ***
end-workflow	Install GH CLI	2026-02-26T19:50:53.4153564Z   MONGO_NEW_PASS: ***
end-workflow	Install GH CLI	2026-02-26T19:50:53.4153892Z   MONGO_SCRIPT_CREATE: devops/core/mongo/scripts/mongodb_status_report.py
end-workflow	Install GH CLI	2026-02-26T19:50:53.4154284Z   KAOS_CODE: 22458488873
end-workflow	Install GH CLI	2026-02-26T19:50:53.4155256Z   REPORT_SCAN: audit/
end-workflow	Install GH CLI	2026-02-26T19:50:53.4155511Z   REPORT_PATH: audit/mongodb/
end-workflow	Install GH CLI	2026-02-26T19:50:53.4155761Z   REPORT_FILENAME: 22458488873.json
end-workflow	Install GH CLI	2026-02-26T19:50:53.4156042Z   KAOS_MODULE: [Ka0s] Status MongDB Report
end-workflow	Install GH CLI	2026-02-26T19:50:53.4156318Z ##[endgroup]
end-workflow	Install GH CLI	2026-02-26T19:50:53.4264149Z ##[group]Run type -p curl >/dev/null || (sudo apt-get update && sudo apt-get install curl -y)
end-workflow	Install GH CLI	2026-02-26T19:50:53.4265404Z [36;1mtype -p curl >/dev/null || (sudo apt-get update && sudo apt-get install curl -y)[0m
end-workflow	Install GH CLI	2026-02-26T19:50:53.4266305Z [36;1mcurl -fsSL https://cli.github.com/packages/githubcli-archive-keyring.gpg | sudo dd of=/usr/share/keyrings/githubcli-archive-keyring.gpg \[0m
end-workflow	Install GH CLI	2026-02-26T19:50:53.4267190Z [36;1m&& sudo chmod go+r /usr/share/keyrings/githubcli-archive-keyring.gpg \[0m
end-workflow	Install GH CLI	2026-02-26T19:50:53.4268301Z [36;1m&& echo "deb [arch=$(dpkg --print-architecture) signed-by=/usr/share/keyrings/githubcli-archive-keyring.gpg] https://cli.github.com/packages stable main" | sudo tee /etc/apt/sources.list.d/github-cli.list > /dev/null \[0m
end-workflow	Install GH CLI	2026-02-26T19:50:53.4269317Z [36;1m&& sudo apt-get update \[0m
end-workflow	Install GH CLI	2026-02-26T19:50:53.4269593Z [36;1m&& sudo apt-get install gh -y[0m
end-workflow	Install GH CLI	2026-02-26T19:50:53.4286025Z shell: /usr/bin/bash --noprofile --norc -e -o pipefail {0}
end-workflow	Install GH CLI	2026-02-26T19:50:53.4286535Z env:
end-workflow	Install GH CLI	2026-02-26T19:50:53.4286724Z   PYTHON_VERSION: 3.9
end-workflow	Install GH CLI	2026-02-26T19:50:53.4287556Z   MONGO_SUPERUSER_CONNECTION: ***
end-workflow	Install GH CLI	2026-02-26T19:50:53.4287947Z   MONGO_NEW_PASS: ***
end-workflow	Install GH CLI	2026-02-26T19:50:53.4288282Z   MONGO_SCRIPT_CREATE: devops/core/mongo/scripts/mongodb_status_report.py
end-workflow	Install GH CLI	2026-02-26T19:50:53.4288685Z   KAOS_CODE: 22458488873
end-workflow	Install GH CLI	2026-02-26T19:50:53.4288903Z   REPORT_SCAN: audit/
end-workflow	Install GH CLI	2026-02-26T19:50:53.4300420Z   REPORT_PATH: audit/mongodb/
end-workflow	Install GH CLI	2026-02-26T19:50:53.4300711Z   REPORT_FILENAME: 22458488873.json
end-workflow	Install GH CLI	2026-02-26T19:50:53.4300986Z   KAOS_MODULE: [Ka0s] Status MongDB Report
end-workflow	Install GH CLI	2026-02-26T19:50:53.4301258Z ##[endgroup]
end-workflow	Install GH CLI	2026-02-26T19:50:53.4976502Z 4+1 records in
end-workflow	Install GH CLI	2026-02-26T19:50:53.4976813Z 4+1 records out
end-workflow	Install GH CLI	2026-02-26T19:50:53.4977228Z 2270 bytes (2.3 kB, 2.2 KiB) copied, 0.0427366 s, 53.1 kB/s
end-workflow	Install GH CLI	2026-02-26T19:50:53.6879312Z Get:1 https://cli.github.com/packages stable InRelease [3917 B]
end-workflow	Install GH CLI	2026-02-26T19:50:53.7251901Z Get:2 http://archive.ubuntu.com/ubuntu noble InRelease [256 kB]
end-workflow	Install GH CLI	2026-02-26T19:50:53.7366736Z Get:3 http://security.ubuntu.com/ubuntu noble-security InRelease [126 kB]
end-workflow	Install GH CLI	2026-02-26T19:50:53.8470978Z Get:4 https://cli.github.com/packages stable/main amd64 Packages [357 B]
end-workflow	Install GH CLI	2026-02-26T19:50:53.8582764Z Get:5 https://ppa.launchpadcontent.net/git-core/ppa/ubuntu noble InRelease [24.3 kB]
end-workflow	Install GH CLI	2026-02-26T19:50:53.9798264Z Get:6 https://ppa.launchpadcontent.net/git-core/ppa/ubuntu noble/main amd64 Packages [2992 B]
end-workflow	Install GH CLI	2026-02-26T19:50:54.0317493Z Get:7 http://archive.ubuntu.com/ubuntu noble-updates InRelease [126 kB]
end-workflow	Install GH CLI	2026-02-26T19:50:54.0882535Z Get:8 http://security.ubuntu.com/ubuntu noble-security/multiverse amd64 Packages [34.8 kB]
end-workflow	Install GH CLI	2026-02-26T19:50:54.1063651Z Get:9 http://archive.ubuntu.com/ubuntu noble-backports InRelease [126 kB]
end-workflow	Install GH CLI	2026-02-26T19:50:54.1620506Z Get:10 http://security.ubuntu.com/ubuntu noble-security/universe amd64 Packages [1242 kB]
end-workflow	Install GH CLI	2026-02-26T19:50:54.1809649Z Get:11 http://archive.ubuntu.com/ubuntu noble/universe amd64 Packages [19.3 MB]
end-workflow	Install GH CLI	2026-02-26T19:50:54.3837206Z Get:12 http://security.ubuntu.com/ubuntu noble-security/main amd64 Packages [1883 kB]
end-workflow	Install GH CLI	2026-02-26T19:50:54.4656226Z Get:13 http://security.ubuntu.com/ubuntu noble-security/restricted amd64 Packages [3262 kB]
end-workflow	Install GH CLI	2026-02-26T19:50:54.6329596Z Get:14 http://archive.ubuntu.com/ubuntu noble/multiverse amd64 Packages [331 kB]
end-workflow	Install GH CLI	2026-02-26T19:50:54.6362008Z Get:15 http://archive.ubuntu.com/ubuntu noble/main amd64 Packages [1808 kB]
end-workflow	Install GH CLI	2026-02-26T19:50:54.6490075Z Get:16 http://archive.ubuntu.com/ubuntu noble/restricted amd64 Packages [117 kB]
end-workflow	Install GH CLI	2026-02-26T19:50:54.6897294Z Get:17 http://archive.ubuntu.com/ubuntu noble-updates/multiverse amd64 Packages [38.1 kB]
end-workflow	Install GH CLI	2026-02-26T19:50:54.6913382Z Get:18 http://archive.ubuntu.com/ubuntu noble-updates/universe amd64 Packages [2017 kB]
end-workflow	Install GH CLI	2026-02-26T19:50:54.7902583Z Get:19 http://archive.ubuntu.com/ubuntu noble-updates/main amd64 Packages [2276 kB]
end-workflow	Install GH CLI	2026-02-26T19:50:54.8053547Z Get:20 http://archive.ubuntu.com/ubuntu noble-updates/restricted amd64 Packages [3471 kB]
end-workflow	Install GH CLI	2026-02-26T19:50:54.8610412Z Get:21 http://archive.ubuntu.com/ubuntu noble-backports/main amd64 Packages [49.5 kB]
end-workflow	Install GH CLI	2026-02-26T19:50:54.8616284Z Get:22 http://archive.ubuntu.com/ubuntu noble-backports/universe amd64 Packages [34.6 kB]
end-workflow	Install GH CLI	2026-02-26T19:50:56.0821231Z Fetched 36.5 MB in 2s (14.6 MB/s)
end-workflow	Install GH CLI	2026-02-26T19:50:57.0150464Z Reading package lists...
end-workflow	Install GH CLI	2026-02-26T19:50:58.2310122Z Reading package lists...
end-workflow	Install GH CLI	2026-02-26T19:50:58.4623081Z Building dependency tree...
end-workflow	Install GH CLI	2026-02-26T19:50:58.4623828Z Reading state information...
end-workflow	Install GH CLI	2026-02-26T19:50:58.8286174Z The following NEW packages will be installed:
end-workflow	Install GH CLI	2026-02-26T19:50:58.8305636Z   gh
end-workflow	Install GH CLI	2026-02-26T19:50:58.9045108Z 0 upgraded, 1 newly installed, 0 to remove and 0 not upgraded.
end-workflow	Install GH CLI	2026-02-26T19:50:58.9045549Z Need to get 13.8 MB of archives.
end-workflow	Install GH CLI	2026-02-26T19:50:58.9045924Z After this operation, 38.5 MB of additional disk space will be used.
end-workflow	Install GH CLI	2026-02-26T19:50:58.9046492Z Get:1 https://cli.github.com/packages stable/main amd64 gh amd64 2.87.3 [13.8 MB]
end-workflow	Install GH CLI	2026-02-26T19:50:59.2757641Z debconf: delaying package configuration, since apt-utils is not installed
end-workflow	Install GH CLI	2026-02-26T19:50:59.3185334Z Fetched 13.8 MB in 0s (50.5 MB/s)
end-workflow	Install GH CLI	2026-02-26T19:50:59.3463428Z Selecting previously unselected package gh.
end-workflow	Install GH CLI	2026-02-26T19:50:59.3500532Z (Reading database ... 
end-workflow	Install GH CLI	2026-02-26T19:50:59.3500929Z (Reading database ... 5%
end-workflow	Install GH CLI	2026-02-26T19:50:59.3501208Z (Reading database ... 10%
end-workflow	Install GH CLI	2026-02-26T19:50:59.3501453Z (Reading database ... 15%
end-workflow	Install GH CLI	2026-02-26T19:50:59.3501694Z (Reading database ... 20%
end-workflow	Install GH CLI	2026-02-26T19:50:59.3501935Z (Reading database ... 25%
end-workflow	Install GH CLI	2026-02-26T19:50:59.3502165Z (Reading database ... 30%
end-workflow	Install GH CLI	2026-02-26T19:50:59.3502402Z (Reading database ... 35%
end-workflow	Install GH CLI	2026-02-26T19:50:59.3502644Z (Reading database ... 40%
end-workflow	Install GH CLI	2026-02-26T19:50:59.3502875Z (Reading database ... 45%
end-workflow	Install GH CLI	2026-02-26T19:50:59.3503117Z (Reading database ... 50%
end-workflow	Install GH CLI	2026-02-26T19:50:59.3503354Z (Reading database ... 55%
end-workflow	Install GH CLI	2026-02-26T19:50:59.3503589Z (Reading database ... 60%
end-workflow	Install GH CLI	2026-02-26T19:50:59.3513026Z (Reading database ... 65%
end-workflow	Install GH CLI	2026-02-26T19:50:59.3528400Z (Reading database ... 70%
end-workflow	Install GH CLI	2026-02-26T19:50:59.3533608Z (Reading database ... 75%
end-workflow	Install GH CLI	2026-02-26T19:50:59.3548732Z (Reading database ... 80%
end-workflow	Install GH CLI	2026-02-26T19:50:59.3553476Z (Reading database ... 85%
end-workflow	Install GH CLI	2026-02-26T19:50:59.3565125Z (Reading database ... 90%
end-workflow	Install GH CLI	2026-02-26T19:50:59.3585242Z (Reading database ... 95%
end-workflow	Install GH CLI	2026-02-26T19:50:59.3585800Z (Reading database ... 100%
end-workflow	Install GH CLI	2026-02-26T19:50:59.3586231Z (Reading database ... 14387 files and directories currently installed.)
end-workflow	Install GH CLI	2026-02-26T19:50:59.3592977Z Preparing to unpack .../archives/gh_2.87.3_amd64.deb ...
end-workflow	Install GH CLI	2026-02-26T19:50:59.3622674Z Unpacking gh (2.87.3) ...
end-workflow	Install GH CLI	2026-02-26T19:50:59.5899170Z Setting up gh (2.87.3) ...
end-workflow	Trigger Inspector	Ôªø2026-02-26T19:50:59.6426209Z ##[group]Run gh workflow run inspector.yml \
end-workflow	Trigger Inspector	2026-02-26T19:50:59.6426686Z [36;1mgh workflow run inspector.yml \[0m
end-workflow	Trigger Inspector	2026-02-26T19:50:59.6427114Z [36;1m  -f workflow_name="Ka0s Status MongDB Report" \[0m
end-workflow	Trigger Inspector	2026-02-26T19:50:59.6427528Z [36;1m  -f run_id="22458488873" \[0m
end-workflow	Trigger Inspector	2026-02-26T19:50:59.6427843Z [36;1m  -f status="success"[0m
end-workflow	Trigger Inspector	2026-02-26T19:50:59.6442132Z shell: /usr/bin/bash -e {0}
end-workflow	Trigger Inspector	2026-02-26T19:50:59.6442446Z env:
end-workflow	Trigger Inspector	2026-02-26T19:50:59.6442680Z   PYTHON_VERSION: 3.9
end-workflow	Trigger Inspector	2026-02-26T19:50:59.6443669Z   MONGO_SUPERUSER_CONNECTION: ***
end-workflow	Trigger Inspector	2026-02-26T19:50:59.6444132Z   MONGO_NEW_PASS: ***
end-workflow	Trigger Inspector	2026-02-26T19:50:59.6444765Z   MONGO_SCRIPT_CREATE: devops/core/mongo/scripts/mongodb_status_report.py
end-workflow	Trigger Inspector	2026-02-26T19:50:59.6445267Z   KAOS_CODE: 22458488873
end-workflow	Trigger Inspector	2026-02-26T19:50:59.6445538Z   REPORT_SCAN: audit/
end-workflow	Trigger Inspector	2026-02-26T19:50:59.6445797Z   REPORT_PATH: audit/mongodb/
end-workflow	Trigger Inspector	2026-02-26T19:50:59.6446105Z   REPORT_FILENAME: 22458488873.json
end-workflow	Trigger Inspector	2026-02-26T19:50:59.6446438Z   KAOS_MODULE: [Ka0s] Status MongDB Report
end-workflow	Trigger Inspector	2026-02-26T19:50:59.6446937Z   GH_TOKEN: ***
end-workflow	Trigger Inspector	2026-02-26T19:50:59.6447183Z ##[endgroup]
end-workflow	Trigger Inspector	2026-02-26T19:51:01.8893340Z https://github.com/Ka0s-Klaus/ka0s/actions/runs/22458571304
end-workflow	Post Checkout repository	Ôªø2026-02-26T19:51:01.9100421Z Post job cleanup.
end-workflow	Post Checkout repository	2026-02-26T19:51:02.0198474Z [command]/usr/bin/git version
end-workflow	Post Checkout repository	2026-02-26T19:51:02.0242051Z git version 2.53.0
end-workflow	Post Checkout repository	2026-02-26T19:51:02.0289988Z Temporarily overriding HOME='/home/runner/_work/_temp/73211208-702b-4fd8-ada4-ecdeb3643fe7' before making global git config changes
end-workflow	Post Checkout repository	2026-02-26T19:51:02.0291321Z Adding repository directory to the temporary git global config as a safe directory
end-workflow	Post Checkout repository	2026-02-26T19:51:02.0297359Z [command]/usr/bin/git config --global --add safe.directory /home/runner/_work/ka0s/ka0s
end-workflow	Post Checkout repository	2026-02-26T19:51:02.0344707Z [command]/usr/bin/git config --local --name-only --get-regexp core\.sshCommand
end-workflow	Post Checkout repository	2026-02-26T19:51:02.0400540Z [command]/usr/bin/git submodule foreach --recursive sh -c "git config --local --name-only --get-regexp 'core\.sshCommand' && git config --local --unset-all 'core.sshCommand' || :"
end-workflow	Post Checkout repository	2026-02-26T19:51:02.0734267Z [command]/usr/bin/git config --local --name-only --get-regexp http\.https\:\/\/github\.com\/\.extraheader
end-workflow	Post Checkout repository	2026-02-26T19:51:02.0764337Z http.https://github.com/.extraheader
end-workflow	Post Checkout repository	2026-02-26T19:51:02.0779745Z [command]/usr/bin/git config --local --unset-all http.https://github.com/.extraheader
end-workflow	Post Checkout repository	2026-02-26T19:51:02.0822938Z [command]/usr/bin/git submodule foreach --recursive sh -c "git config --local --name-only --get-regexp 'http\.https\:\/\/github\.com\/\.extraheader' && git config --local --unset-all 'http.https://github.com/.extraheader' || :"
end-workflow	Post Checkout repository	2026-02-26T19:51:02.1174153Z [command]/usr/bin/git config --local --name-only --get-regexp ^includeIf\.gitdir:
end-workflow	Post Checkout repository	2026-02-26T19:51:02.1221625Z [command]/usr/bin/git submodule foreach --recursive git config --local --show-origin --name-only --get-regexp remote.origin.url
end-workflow	Complete job	Ôªø2026-02-26T19:51:02.1742524Z Cleaning up orphan processes
