audit-cluster	Set up job	ï»¿2026-02-26T22:23:16.3345550Z Current runner version: '2.332.0'
audit-cluster	Set up job	2026-02-26T22:23:16.3365862Z Runner name: 'swarm-runners-scaleset-hkss5-runner-wkwg4'
audit-cluster	Set up job	2026-02-26T22:23:16.3367110Z Runner group name: 'Default'
audit-cluster	Set up job	2026-02-26T22:23:16.3368365Z Machine name: 'swarm-runners-scaleset-hkss5-runner-wkwg4'
audit-cluster	Set up job	2026-02-26T22:23:16.3379485Z ##[group]GITHUB_TOKEN Permissions
audit-cluster	Set up job	2026-02-26T22:23:16.3382341Z Actions: write
audit-cluster	Set up job	2026-02-26T22:23:16.3383051Z Contents: write
audit-cluster	Set up job	2026-02-26T22:23:16.3383963Z Issues: write
audit-cluster	Set up job	2026-02-26T22:23:16.3390833Z Metadata: read
audit-cluster	Set up job	2026-02-26T22:23:16.3392496Z ##[endgroup]
audit-cluster	Set up job	2026-02-26T22:23:16.3397520Z Secret source: Actions
audit-cluster	Set up job	2026-02-26T22:23:16.3398817Z Prepare workflow directory
audit-cluster	Set up job	2026-02-26T22:23:16.4482438Z Prepare all required actions
audit-cluster	Set up job	2026-02-26T22:23:16.4547659Z Getting action download info
audit-cluster	Set up job	2026-02-26T22:23:16.9679861Z Download action repository 'actions/checkout@v4' (SHA:34e114876b0b11c390a56381ad16ebd13914f8d5)
audit-cluster	Set up job	2026-02-26T22:23:17.8915163Z Complete job name: audit-cluster
audit-cluster	Checkout repository	ï»¿2026-02-26T22:23:17.9861504Z ##[group]Run actions/checkout@v4
audit-cluster	Checkout repository	2026-02-26T22:23:17.9862735Z with:
audit-cluster	Checkout repository	2026-02-26T22:23:17.9863321Z   repository: Ka0s-Klaus/ka0s
audit-cluster	Checkout repository	2026-02-26T22:23:17.9864265Z   token: ***
audit-cluster	Checkout repository	2026-02-26T22:23:17.9864973Z   ssh-strict: true
audit-cluster	Checkout repository	2026-02-26T22:23:17.9865552Z   ssh-user: git
audit-cluster	Checkout repository	2026-02-26T22:23:17.9866144Z   persist-credentials: true
audit-cluster	Checkout repository	2026-02-26T22:23:17.9866776Z   clean: true
audit-cluster	Checkout repository	2026-02-26T22:23:17.9867369Z   sparse-checkout-cone-mode: true
audit-cluster	Checkout repository	2026-02-26T22:23:17.9868044Z   fetch-depth: 1
audit-cluster	Checkout repository	2026-02-26T22:23:17.9868605Z   fetch-tags: false
audit-cluster	Checkout repository	2026-02-26T22:23:17.9869180Z   show-progress: true
audit-cluster	Checkout repository	2026-02-26T22:23:17.9869759Z   lfs: false
audit-cluster	Checkout repository	2026-02-26T22:23:17.9870299Z   submodules: false
audit-cluster	Checkout repository	2026-02-26T22:23:17.9870917Z   set-safe-directory: true
audit-cluster	Checkout repository	2026-02-26T22:23:17.9871826Z env:
audit-cluster	Checkout repository	2026-02-26T22:23:17.9872425Z   KAOS_MODULE: [Ka0s] Audit Cluster Status
audit-cluster	Checkout repository	2026-02-26T22:23:17.9873137Z   KAOS_CODE: 22463782730
audit-cluster	Checkout repository	2026-02-26T22:23:17.9873726Z ##[endgroup]
audit-cluster	Checkout repository	2026-02-26T22:23:18.1822945Z Syncing repository: Ka0s-Klaus/ka0s
audit-cluster	Checkout repository	2026-02-26T22:23:18.1836076Z ##[group]Getting Git version info
audit-cluster	Checkout repository	2026-02-26T22:23:18.1837197Z Working directory is '/home/runner/_work/ka0s/ka0s'
audit-cluster	Checkout repository	2026-02-26T22:23:18.1838505Z [command]/usr/bin/git version
audit-cluster	Checkout repository	2026-02-26T22:23:18.1839492Z git version 2.53.0
audit-cluster	Checkout repository	2026-02-26T22:23:18.1841604Z ##[endgroup]
audit-cluster	Checkout repository	2026-02-26T22:23:18.1882012Z Temporarily overriding HOME='/home/runner/_work/_temp/26b05488-7caf-4949-ab4c-6493f3771c82' before making global git config changes
audit-cluster	Checkout repository	2026-02-26T22:23:18.1883801Z Adding repository directory to the temporary git global config as a safe directory
audit-cluster	Checkout repository	2026-02-26T22:23:18.1895345Z [command]/usr/bin/git config --global --add safe.directory /home/runner/_work/ka0s/ka0s
audit-cluster	Checkout repository	2026-02-26T22:23:18.1897463Z Deleting the contents of '/home/runner/_work/ka0s/ka0s'
audit-cluster	Checkout repository	2026-02-26T22:23:18.1898820Z ##[group]Initializing the repository
audit-cluster	Checkout repository	2026-02-26T22:23:18.1899653Z [command]/usr/bin/git init /home/runner/_work/ka0s/ka0s
audit-cluster	Checkout repository	2026-02-26T22:23:18.1900711Z hint: Using 'master' as the name for the initial branch. This default branch name
audit-cluster	Checkout repository	2026-02-26T22:23:18.1901901Z hint: will change to "main" in Git 3.0. To configure the initial branch name
audit-cluster	Checkout repository	2026-02-26T22:23:18.1903119Z hint: to use in all of your new repositories, which will suppress this warning,
audit-cluster	Checkout repository	2026-02-26T22:23:18.1904072Z hint: call:
audit-cluster	Checkout repository	2026-02-26T22:23:18.1914771Z hint:
audit-cluster	Checkout repository	2026-02-26T22:23:18.1915549Z hint: 	git config --global init.defaultBranch <name>
audit-cluster	Checkout repository	2026-02-26T22:23:18.1916322Z hint:
audit-cluster	Checkout repository	2026-02-26T22:23:18.1917057Z hint: Names commonly chosen instead of 'master' are 'main', 'trunk' and
audit-cluster	Checkout repository	2026-02-26T22:23:18.1918216Z hint: 'development'. The just-created branch can be renamed via this command:
audit-cluster	Checkout repository	2026-02-26T22:23:18.1919151Z hint:
audit-cluster	Checkout repository	2026-02-26T22:23:18.1919680Z hint: 	git branch -m <name>
audit-cluster	Checkout repository	2026-02-26T22:23:18.1920292Z hint:
audit-cluster	Checkout repository	2026-02-26T22:23:18.1921092Z hint: Disable this message with "git config set advice.defaultBranchName false"
audit-cluster	Checkout repository	2026-02-26T22:23:18.1922296Z Initialized empty Git repository in /home/runner/_work/ka0s/ka0s/.git/
audit-cluster	Checkout repository	2026-02-26T22:23:18.1924305Z [command]/usr/bin/git remote add origin https://github.com/Ka0s-Klaus/ka0s
audit-cluster	Checkout repository	2026-02-26T22:23:18.1946894Z ##[endgroup]
audit-cluster	Checkout repository	2026-02-26T22:23:18.1948523Z ##[group]Disabling automatic garbage collection
audit-cluster	Checkout repository	2026-02-26T22:23:18.1949379Z [command]/usr/bin/git config --local gc.auto 0
audit-cluster	Checkout repository	2026-02-26T22:23:18.1951145Z ##[endgroup]
audit-cluster	Checkout repository	2026-02-26T22:23:18.1952037Z ##[group]Setting up auth
audit-cluster	Checkout repository	2026-02-26T22:23:18.1952930Z [command]/usr/bin/git config --local --name-only --get-regexp core\.sshCommand
audit-cluster	Checkout repository	2026-02-26T22:23:18.1981779Z [command]/usr/bin/git submodule foreach --recursive sh -c "git config --local --name-only --get-regexp 'core\.sshCommand' && git config --local --unset-all 'core.sshCommand' || :"
audit-cluster	Checkout repository	2026-02-26T22:23:18.2097199Z [command]/usr/bin/git config --local --name-only --get-regexp http\.https\:\/\/github\.com\/\.extraheader
audit-cluster	Checkout repository	2026-02-26T22:23:18.2165968Z [command]/usr/bin/git submodule foreach --recursive sh -c "git config --local --name-only --get-regexp 'http\.https\:\/\/github\.com\/\.extraheader' && git config --local --unset-all 'http.https://github.com/.extraheader' || :"
audit-cluster	Checkout repository	2026-02-26T22:23:18.2523450Z [command]/usr/bin/git config --local --name-only --get-regexp ^includeIf\.gitdir:
audit-cluster	Checkout repository	2026-02-26T22:23:18.2559551Z [command]/usr/bin/git submodule foreach --recursive git config --local --show-origin --name-only --get-regexp remote.origin.url
audit-cluster	Checkout repository	2026-02-26T22:23:18.3156540Z [command]/usr/bin/git config --local http.https://github.com/.extraheader AUTHORIZATION: basic ***
audit-cluster	Checkout repository	2026-02-26T22:23:18.3159812Z ##[endgroup]
audit-cluster	Checkout repository	2026-02-26T22:23:18.3161666Z ##[group]Fetching the repository
audit-cluster	Checkout repository	2026-02-26T22:23:18.3163721Z [command]/usr/bin/git -c protocol.version=2 fetch --no-tags --prune --no-recurse-submodules --depth=1 origin +4b787b39eca826ea71fba23c57eb0a205bc40fcd:refs/remotes/origin/main
audit-cluster	Checkout repository	2026-02-26T22:23:20.8160937Z From https://github.com/Ka0s-Klaus/ka0s
audit-cluster	Checkout repository	2026-02-26T22:23:20.8163234Z  * [new ref]         4b787b39eca826ea71fba23c57eb0a205bc40fcd -> origin/main
audit-cluster	Checkout repository	2026-02-26T22:23:20.8229109Z ##[endgroup]
audit-cluster	Checkout repository	2026-02-26T22:23:20.8237286Z ##[group]Determining the checkout info
audit-cluster	Checkout repository	2026-02-26T22:23:20.8239663Z ##[endgroup]
audit-cluster	Checkout repository	2026-02-26T22:23:20.8246186Z [command]/usr/bin/git sparse-checkout disable
audit-cluster	Checkout repository	2026-02-26T22:23:20.8319768Z [command]/usr/bin/git config --local --unset-all extensions.worktreeConfig
audit-cluster	Checkout repository	2026-02-26T22:23:20.8380098Z ##[group]Checking out the ref
audit-cluster	Checkout repository	2026-02-26T22:23:20.8389412Z [command]/usr/bin/git checkout --progress --force -B main refs/remotes/origin/main
audit-cluster	Checkout repository	2026-02-26T22:23:21.1168366Z Switched to a new branch 'main'
audit-cluster	Checkout repository	2026-02-26T22:23:21.1173771Z branch 'main' set up to track 'origin/main'.
audit-cluster	Checkout repository	2026-02-26T22:23:21.1224370Z ##[endgroup]
audit-cluster	Checkout repository	2026-02-26T22:23:21.1340504Z [command]/usr/bin/git log -1 --format=%H
audit-cluster	Checkout repository	2026-02-26T22:23:21.1384665Z 4b787b39eca826ea71fba23c57eb0a205bc40fcd
audit-cluster	Execute Cluster Audit (Status)	ï»¿2026-02-26T22:23:21.2104340Z Prepare all required actions
audit-cluster	Execute Cluster Audit (Status)	2026-02-26T22:23:21.2331882Z ##[group]Run ./.github/actions/ssh-exec
audit-cluster	Execute Cluster Audit (Status)	2026-02-26T22:23:21.2332248Z with:
audit-cluster	Execute Cluster Audit (Status)	2026-02-26T22:23:21.2332691Z   host: ***
audit-cluster	Execute Cluster Audit (Status)	2026-02-26T22:23:21.2332947Z   username: ***
audit-cluster	Execute Cluster Audit (Status)	2026-02-26T22:23:21.2336628Z   key: ***
audit-cluster	Execute Cluster Audit (Status)	2026-02-26T22:23:21.2337039Z   port: ***
audit-cluster	Execute Cluster Audit (Status)	2026-02-26T22:23:21.2337269Z   use-sudo: true
audit-cluster	Execute Cluster Audit (Status)	2026-02-26T22:23:21.2337543Z   pass: ***
audit-cluster	Execute Cluster Audit (Status)	2026-02-26T22:23:21.2337884Z   script-path: devops/core/k8s/audit-services-status.sh
audit-cluster	Execute Cluster Audit (Status)	2026-02-26T22:23:21.2338282Z   remote-results-path: /tmp/results
audit-cluster	Execute Cluster Audit (Status)	2026-02-26T22:23:21.2338607Z   local-results-path: audit/kube/
audit-cluster	Execute Cluster Audit (Status)	2026-02-26T22:23:21.2338947Z   remote-tmp-dir: /tmp
audit-cluster	Execute Cluster Audit (Status)	2026-02-26T22:23:21.2339200Z env:
audit-cluster	Execute Cluster Audit (Status)	2026-02-26T22:23:21.2339435Z   KAOS_MODULE: [Ka0s] Audit Cluster Status
audit-cluster	Execute Cluster Audit (Status)	2026-02-26T22:23:21.2339782Z   KAOS_CODE: 22463782730
audit-cluster	Execute Cluster Audit (Status)	2026-02-26T22:23:21.2340062Z ##[endgroup]
audit-cluster	Execute Cluster Audit (Status)	2026-02-26T22:23:21.2514401Z ##[group]Run echo "***
audit-cluster	Execute Cluster Audit (Status)	2026-02-26T22:23:21.2515088Z [36;1mecho "***[0m
audit-cluster	Execute Cluster Audit (Status)	2026-02-26T22:23:21.2515611Z [36;1m***[0m
audit-cluster	Execute Cluster Audit (Status)	2026-02-26T22:23:21.2516148Z [36;1m***[0m
audit-cluster	Execute Cluster Audit (Status)	2026-02-26T22:23:21.2516612Z [36;1m***[0m
audit-cluster	Execute Cluster Audit (Status)	2026-02-26T22:23:21.2517032Z [36;1m***[0m
audit-cluster	Execute Cluster Audit (Status)	2026-02-26T22:23:21.2517461Z [36;1m***[0m
audit-cluster	Execute Cluster Audit (Status)	2026-02-26T22:23:21.2517841Z [36;1m***" > /home/runner/_work/_temp/ssh_key[0m
audit-cluster	Execute Cluster Audit (Status)	2026-02-26T22:23:21.2518232Z [36;1mchmod 600 /home/runner/_work/_temp/ssh_key[0m
audit-cluster	Execute Cluster Audit (Status)	2026-02-26T22:23:21.2538225Z shell: /usr/bin/bash --noprofile --norc -e -o pipefail {0}
audit-cluster	Execute Cluster Audit (Status)	2026-02-26T22:23:21.2539422Z env:
audit-cluster	Execute Cluster Audit (Status)	2026-02-26T22:23:21.2539688Z   KAOS_MODULE: [Ka0s] Audit Cluster Status
audit-cluster	Execute Cluster Audit (Status)	2026-02-26T22:23:21.2540028Z   KAOS_CODE: 22463782730
audit-cluster	Execute Cluster Audit (Status)	2026-02-26T22:23:21.2554921Z ##[endgroup]
audit-cluster	Execute Cluster Audit (Status)	2026-02-26T22:23:21.2922843Z ##[group]Run scp -o StrictHostKeyChecking=no -i /home/runner/_work/_temp/ssh_key -P *** devops/core/k8s/audit-services-status.sh ***@***:/tmp
audit-cluster	Execute Cluster Audit (Status)	2026-02-26T22:23:21.2924098Z [36;1mscp -o StrictHostKeyChecking=no -i /home/runner/_work/_temp/ssh_key -P *** devops/core/k8s/audit-services-status.sh ***@***:/tmp[0m
audit-cluster	Execute Cluster Audit (Status)	2026-02-26T22:23:21.3005800Z shell: /usr/bin/bash --noprofile --norc -e -o pipefail {0}
audit-cluster	Execute Cluster Audit (Status)	2026-02-26T22:23:21.3006458Z env:
audit-cluster	Execute Cluster Audit (Status)	2026-02-26T22:23:21.3006825Z   KAOS_MODULE: [Ka0s] Audit Cluster Status
audit-cluster	Execute Cluster Audit (Status)	2026-02-26T22:23:21.3007175Z   KAOS_CODE: 22463782730
audit-cluster	Execute Cluster Audit (Status)	2026-02-26T22:23:21.3007484Z ##[endgroup]
audit-cluster	Execute Cluster Audit (Status)	2026-02-26T22:23:21.4437726Z Warning: Permanently added '[***]:***' (ED25519) to the list of known hosts.
audit-cluster	Execute Cluster Audit (Status)	2026-02-26T22:23:22.7482838Z ##[group]Run REMOTE_SCRIPT_PATH="/tmp/$(basename devops/core/k8s/audit-services-status.sh)"
audit-cluster	Execute Cluster Audit (Status)	2026-02-26T22:23:22.7483619Z [36;1mREMOTE_SCRIPT_PATH="/tmp/$(basename devops/core/k8s/audit-services-status.sh)"[0m
audit-cluster	Execute Cluster Audit (Status)	2026-02-26T22:23:22.7484238Z [36;1mEXEC_COMMAND="chmod +x $REMOTE_SCRIPT_PATH && $REMOTE_SCRIPT_PATH "[0m
audit-cluster	Execute Cluster Audit (Status)	2026-02-26T22:23:22.7491238Z [36;1mif [[ "true" == "true" ]]; then[0m
audit-cluster	Execute Cluster Audit (Status)	2026-02-26T22:23:22.7492173Z [36;1m  SUDO_PREFIX="echo '***' | sudo -S"[0m
audit-cluster	Execute Cluster Audit (Status)	2026-02-26T22:23:22.7492614Z [36;1m  COMMAND_CHAIN="$SUDO_PREFIX bash -c '$EXEC_COMMAND'"[0m
audit-cluster	Execute Cluster Audit (Status)	2026-02-26T22:23:22.7493027Z [36;1m  if [[ "/tmp/results" != "" ]]; then[0m
audit-cluster	Execute Cluster Audit (Status)	2026-02-26T22:23:22.7493493Z [36;1m    COMMAND_CHAIN="$COMMAND_CHAIN && $SUDO_PREFIX chmod -R 777 /tmp/results"[0m
audit-cluster	Execute Cluster Audit (Status)	2026-02-26T22:23:22.7493974Z [36;1m  fi[0m
audit-cluster	Execute Cluster Audit (Status)	2026-02-26T22:23:22.7495860Z [36;1m  ssh -o StrictHostKeyChecking=no -i /home/runner/_work/_temp/ssh_key -p *** ***@*** "$COMMAND_CHAIN && rm $REMOTE_SCRIPT_PATH"[0m
audit-cluster	Execute Cluster Audit (Status)	2026-02-26T22:23:22.7496501Z [36;1melse[0m
audit-cluster	Execute Cluster Audit (Status)	2026-02-26T22:23:22.7497122Z [36;1m  ssh -o StrictHostKeyChecking=no -i /home/runner/_work/_temp/ssh_key -p *** ***@*** "$EXEC_COMMAND && rm $REMOTE_SCRIPT_PATH"[0m
audit-cluster	Execute Cluster Audit (Status)	2026-02-26T22:23:22.7497743Z [36;1mfi[0m
audit-cluster	Execute Cluster Audit (Status)	2026-02-26T22:23:22.7524432Z shell: /usr/bin/bash --noprofile --norc -e -o pipefail {0}
audit-cluster	Execute Cluster Audit (Status)	2026-02-26T22:23:22.7535082Z env:
audit-cluster	Execute Cluster Audit (Status)	2026-02-26T22:23:22.7535352Z   KAOS_MODULE: [Ka0s] Audit Cluster Status
audit-cluster	Execute Cluster Audit (Status)	2026-02-26T22:23:22.7535676Z   KAOS_CODE: 22463782730
audit-cluster	Execute Cluster Audit (Status)	2026-02-26T22:23:22.7535933Z ##[endgroup]
audit-cluster	Execute Cluster Audit (Status)	2026-02-26T22:23:23.2638328Z [INFO] Generando informes en /tmp/results
audit-cluster	Execute Cluster Audit (Status)	2026-02-26T22:23:23.9805997Z [INFO] Markdown generado: /tmp/results/cluster-report-20260226-222323.md
audit-cluster	Execute Cluster Audit (Status)	2026-02-26T22:23:25.3492018Z [INFO] HTML generado: /tmp/results/cluster-dashboard-20260226-222323.html
audit-cluster	Execute Cluster Audit (Status)	2026-02-26T22:23:25.4954469Z [SUCCESS] AuditorÃ­a completada.
audit-cluster	Execute Cluster Audit (Status)	2026-02-26T22:23:25.5295950Z [sudo] password for ***: 
audit-cluster	Execute Cluster Audit (Status)	2026-02-26T22:23:25.5622775Z ##[group]Run mkdir -p audit/kube/
audit-cluster	Execute Cluster Audit (Status)	2026-02-26T22:23:25.5623136Z [36;1mmkdir -p audit/kube/[0m
audit-cluster	Execute Cluster Audit (Status)	2026-02-26T22:23:25.5623907Z [36;1mscp -o StrictHostKeyChecking=no -r -i /home/runner/_work/_temp/ssh_key -P *** ***@***:/tmp/results/* audit/kube/[0m
audit-cluster	Execute Cluster Audit (Status)	2026-02-26T22:23:25.5651509Z [36;1mecho "path=audit/kube/" >> $GITHUB_OUTPUT[0m
audit-cluster	Execute Cluster Audit (Status)	2026-02-26T22:23:25.5671863Z shell: /usr/bin/bash --noprofile --norc -e -o pipefail {0}
audit-cluster	Execute Cluster Audit (Status)	2026-02-26T22:23:25.5672277Z env:
audit-cluster	Execute Cluster Audit (Status)	2026-02-26T22:23:25.5672531Z   KAOS_MODULE: [Ka0s] Audit Cluster Status
audit-cluster	Execute Cluster Audit (Status)	2026-02-26T22:23:25.5672849Z   KAOS_CODE: 22463782730
audit-cluster	Execute Cluster Audit (Status)	2026-02-26T22:23:25.5673112Z ##[endgroup]
audit-cluster	Commit Audit Reports	ï»¿2026-02-26T22:23:26.3526628Z ##[group]Run git config --global user.name "Ka0s Bot"
audit-cluster	Commit Audit Reports	2026-02-26T22:23:26.3527275Z [36;1mgit config --global user.name "Ka0s Bot"[0m
audit-cluster	Commit Audit Reports	2026-02-26T22:23:26.3527682Z [36;1mgit config --global user.email "bot@ka0s.io"[0m
audit-cluster	Commit Audit Reports	2026-02-26T22:23:26.3528117Z [36;1mgit pull --rebase origin main || git pull origin main[0m
audit-cluster	Commit Audit Reports	2026-02-26T22:23:26.3528945Z [36;1mgit add audit/kube/cluster-report-*.md audit/kube/cluster-report-*.json audit/kube/cluster-dashboard-*.html || true[0m
audit-cluster	Commit Audit Reports	2026-02-26T22:23:26.3529736Z [36;1mif ! git diff --staged --quiet; then[0m
audit-cluster	Commit Audit Reports	2026-02-26T22:23:26.3530458Z [36;1m  git commit -m "[Audit] Cluster status report $(date +'%Y-%m-%d %H:%M')"[0m
audit-cluster	Commit Audit Reports	2026-02-26T22:23:26.3530994Z [36;1m  git push || (git pull --rebase origin main && git push)[0m
audit-cluster	Commit Audit Reports	2026-02-26T22:23:26.3531369Z [36;1melse[0m
audit-cluster	Commit Audit Reports	2026-02-26T22:23:26.3531663Z [36;1m  echo "No new cluster status reports to commit."[0m
audit-cluster	Commit Audit Reports	2026-02-26T22:23:26.3532017Z [36;1mfi[0m
audit-cluster	Commit Audit Reports	2026-02-26T22:23:26.3544803Z shell: /usr/bin/bash -e {0}
audit-cluster	Commit Audit Reports	2026-02-26T22:23:26.3545094Z env:
audit-cluster	Commit Audit Reports	2026-02-26T22:23:26.3545367Z   KAOS_MODULE: [Ka0s] Audit Cluster Status
audit-cluster	Commit Audit Reports	2026-02-26T22:23:26.3545685Z   KAOS_CODE: 22463782730
audit-cluster	Commit Audit Reports	2026-02-26T22:23:26.3545944Z ##[endgroup]
audit-cluster	Commit Audit Reports	2026-02-26T22:23:27.0826277Z From https://github.com/Ka0s-Klaus/ka0s
audit-cluster	Commit Audit Reports	2026-02-26T22:23:27.0826856Z  * branch            main       -> FETCH_HEAD
audit-cluster	Commit Audit Reports	2026-02-26T22:23:27.0928273Z Already up to date.
audit-cluster	Commit Audit Reports	2026-02-26T22:23:27.1257864Z [main fddef10] [Audit] Cluster status report 2026-02-26 22:23
audit-cluster	Commit Audit Reports	2026-02-26T22:23:27.1258687Z  9 files changed, 1800 insertions(+)
audit-cluster	Commit Audit Reports	2026-02-26T22:23:27.1259149Z  create mode 100755 audit/kube/cluster-dashboard-20260226-202825.html
audit-cluster	Commit Audit Reports	2026-02-26T22:23:27.1259677Z  create mode 100755 audit/kube/cluster-dashboard-20260226-212549.html
audit-cluster	Commit Audit Reports	2026-02-26T22:23:27.1260528Z  create mode 100755 audit/kube/cluster-dashboard-20260226-222323.html
audit-cluster	Commit Audit Reports	2026-02-26T22:23:27.1261214Z  create mode 100755 audit/kube/cluster-report-20260226-202825.json
audit-cluster	Commit Audit Reports	2026-02-26T22:23:27.1265148Z  create mode 100755 audit/kube/cluster-report-20260226-202825.md
audit-cluster	Commit Audit Reports	2026-02-26T22:23:27.1265950Z  create mode 100755 audit/kube/cluster-report-20260226-212549.json
audit-cluster	Commit Audit Reports	2026-02-26T22:23:27.1266495Z  create mode 100755 audit/kube/cluster-report-20260226-212549.md
audit-cluster	Commit Audit Reports	2026-02-26T22:23:27.1267024Z  create mode 100755 audit/kube/cluster-report-20260226-222323.json
audit-cluster	Commit Audit Reports	2026-02-26T22:23:27.1267525Z  create mode 100755 audit/kube/cluster-report-20260226-222323.md
audit-cluster	Commit Audit Reports	2026-02-26T22:23:27.9959991Z To https://github.com/Ka0s-Klaus/ka0s
audit-cluster	Commit Audit Reports	2026-02-26T22:23:27.9960712Z    4b787b3..fddef10  main -> main
audit-cluster	Post Checkout repository	ï»¿2026-02-26T22:23:28.0247421Z Post job cleanup.
audit-cluster	Post Checkout repository	2026-02-26T22:23:28.1495968Z [command]/usr/bin/git version
audit-cluster	Post Checkout repository	2026-02-26T22:23:28.1589767Z git version 2.53.0
audit-cluster	Post Checkout repository	2026-02-26T22:23:28.1678590Z Copying '/home/runner/.gitconfig' to '/home/runner/_work/_temp/12a5337b-8ab9-48e5-a151-0a0be8af5cab/.gitconfig'
audit-cluster	Post Checkout repository	2026-02-26T22:23:28.1706739Z Temporarily overriding HOME='/home/runner/_work/_temp/12a5337b-8ab9-48e5-a151-0a0be8af5cab' before making global git config changes
audit-cluster	Post Checkout repository	2026-02-26T22:23:28.1707709Z Adding repository directory to the temporary git global config as a safe directory
audit-cluster	Post Checkout repository	2026-02-26T22:23:28.1715148Z [command]/usr/bin/git config --global --add safe.directory /home/runner/_work/ka0s/ka0s
audit-cluster	Post Checkout repository	2026-02-26T22:23:28.1788452Z [command]/usr/bin/git config --local --name-only --get-regexp core\.sshCommand
audit-cluster	Post Checkout repository	2026-02-26T22:23:28.1883988Z [command]/usr/bin/git submodule foreach --recursive sh -c "git config --local --name-only --get-regexp 'core\.sshCommand' && git config --local --unset-all 'core.sshCommand' || :"
audit-cluster	Post Checkout repository	2026-02-26T22:23:28.2366758Z [command]/usr/bin/git config --local --name-only --get-regexp http\.https\:\/\/github\.com\/\.extraheader
audit-cluster	Post Checkout repository	2026-02-26T22:23:28.2416846Z http.https://github.com/.extraheader
audit-cluster	Post Checkout repository	2026-02-26T22:23:28.2445145Z [command]/usr/bin/git config --local --unset-all http.https://github.com/.extraheader
audit-cluster	Post Checkout repository	2026-02-26T22:23:28.2511721Z [command]/usr/bin/git submodule foreach --recursive sh -c "git config --local --name-only --get-regexp 'http\.https\:\/\/github\.com\/\.extraheader' && git config --local --unset-all 'http.https://github.com/.extraheader' || :"
audit-cluster	Post Checkout repository	2026-02-26T22:23:28.2950886Z [command]/usr/bin/git config --local --name-only --get-regexp ^includeIf\.gitdir:
audit-cluster	Post Checkout repository	2026-02-26T22:23:28.3018978Z [command]/usr/bin/git submodule foreach --recursive git config --local --show-origin --name-only --get-regexp remote.origin.url
audit-cluster	Complete job	ï»¿2026-02-26T22:23:28.3627859Z Cleaning up orphan processes
handle-success	Set up job	ï»¿2026-02-26T22:23:40.6232886Z Current runner version: '2.332.0'
handle-success	Set up job	2026-02-26T22:23:40.6252060Z Runner name: 'swarm-runners-scaleset-hkss5-runner-z55kp'
handle-success	Set up job	2026-02-26T22:23:40.6253196Z Runner group name: 'Default'
handle-success	Set up job	2026-02-26T22:23:40.6254338Z Machine name: 'swarm-runners-scaleset-hkss5-runner-z55kp'
handle-success	Set up job	2026-02-26T22:23:40.6269044Z ##[group]GITHUB_TOKEN Permissions
handle-success	Set up job	2026-02-26T22:23:40.6271873Z Actions: write
handle-success	Set up job	2026-02-26T22:23:40.6272523Z Contents: write
handle-success	Set up job	2026-02-26T22:23:40.6273157Z Issues: write
handle-success	Set up job	2026-02-26T22:23:40.6273717Z Metadata: read
handle-success	Set up job	2026-02-26T22:23:40.6274323Z ##[endgroup]
handle-success	Set up job	2026-02-26T22:23:40.6276866Z Secret source: Actions
handle-success	Set up job	2026-02-26T22:23:40.6277670Z Prepare workflow directory
handle-success	Set up job	2026-02-26T22:23:40.7359874Z Prepare all required actions
handle-success	Set up job	2026-02-26T22:23:40.7459025Z Getting action download info
handle-success	Set up job	2026-02-26T22:23:41.3871798Z Download action repository 'actions/checkout@v4' (SHA:34e114876b0b11c390a56381ad16ebd13914f8d5)
handle-success	Set up job	2026-02-26T22:23:42.3013846Z Complete job name: handle-success
handle-success	Checkout repository	ï»¿2026-02-26T22:23:42.4062784Z ##[group]Run actions/checkout@v4
handle-success	Checkout repository	2026-02-26T22:23:42.4063864Z with:
handle-success	Checkout repository	2026-02-26T22:23:42.4064332Z   fetch-depth: 0
handle-success	Checkout repository	2026-02-26T22:23:42.4064976Z   repository: Ka0s-Klaus/ka0s
handle-success	Checkout repository	2026-02-26T22:23:42.4065804Z   token: ***
handle-success	Checkout repository	2026-02-26T22:23:42.4066248Z   ssh-strict: true
handle-success	Checkout repository	2026-02-26T22:23:42.4066708Z   ssh-user: git
handle-success	Checkout repository	2026-02-26T22:23:42.4067180Z   persist-credentials: true
handle-success	Checkout repository	2026-02-26T22:23:42.4067696Z   clean: true
handle-success	Checkout repository	2026-02-26T22:23:42.4068164Z   sparse-checkout-cone-mode: true
handle-success	Checkout repository	2026-02-26T22:23:42.4068747Z   fetch-tags: false
handle-success	Checkout repository	2026-02-26T22:23:42.4069220Z   show-progress: true
handle-success	Checkout repository	2026-02-26T22:23:42.4069685Z   lfs: false
handle-success	Checkout repository	2026-02-26T22:23:42.4070119Z   submodules: false
handle-success	Checkout repository	2026-02-26T22:23:42.4070618Z   set-safe-directory: true
handle-success	Checkout repository	2026-02-26T22:23:42.4071411Z env:
handle-success	Checkout repository	2026-02-26T22:23:42.4071891Z   KAOS_MODULE: [Ka0s] Audit Cluster Status
handle-success	Checkout repository	2026-02-26T22:23:42.4072502Z   KAOS_CODE: 22463782730
handle-success	Checkout repository	2026-02-26T22:23:42.4072989Z ##[endgroup]
handle-success	Checkout repository	2026-02-26T22:23:42.5821816Z Syncing repository: Ka0s-Klaus/ka0s
handle-success	Checkout repository	2026-02-26T22:23:42.5824129Z ##[group]Getting Git version info
handle-success	Checkout repository	2026-02-26T22:23:42.5835590Z Working directory is '/home/runner/_work/ka0s/ka0s'
handle-success	Checkout repository	2026-02-26T22:23:42.5836857Z [command]/usr/bin/git version
handle-success	Checkout repository	2026-02-26T22:23:42.5837418Z git version 2.53.0
handle-success	Checkout repository	2026-02-26T22:23:42.5839206Z ##[endgroup]
handle-success	Checkout repository	2026-02-26T22:23:42.5872639Z Temporarily overriding HOME='/home/runner/_work/_temp/270d0212-5c18-42a2-8813-3d03c34622f8' before making global git config changes
handle-success	Checkout repository	2026-02-26T22:23:42.5874267Z Adding repository directory to the temporary git global config as a safe directory
handle-success	Checkout repository	2026-02-26T22:23:42.5879661Z [command]/usr/bin/git config --global --add safe.directory /home/runner/_work/ka0s/ka0s
handle-success	Checkout repository	2026-02-26T22:23:42.5881603Z Deleting the contents of '/home/runner/_work/ka0s/ka0s'
handle-success	Checkout repository	2026-02-26T22:23:42.5882783Z ##[group]Initializing the repository
handle-success	Checkout repository	2026-02-26T22:23:42.5895910Z [command]/usr/bin/git init /home/runner/_work/ka0s/ka0s
handle-success	Checkout repository	2026-02-26T22:23:42.5990918Z hint: Using 'master' as the name for the initial branch. This default branch name
handle-success	Checkout repository	2026-02-26T22:23:42.5992238Z hint: will change to "main" in Git 3.0. To configure the initial branch name
handle-success	Checkout repository	2026-02-26T22:23:42.5993379Z hint: to use in all of your new repositories, which will suppress this warning,
handle-success	Checkout repository	2026-02-26T22:23:42.5994217Z hint: call:
handle-success	Checkout repository	2026-02-26T22:23:42.5994777Z hint:
handle-success	Checkout repository	2026-02-26T22:23:42.5995360Z hint: 	git config --global init.defaultBranch <name>
handle-success	Checkout repository	2026-02-26T22:23:42.5996029Z hint:
handle-success	Checkout repository	2026-02-26T22:23:42.5996661Z hint: Names commonly chosen instead of 'master' are 'main', 'trunk' and
handle-success	Checkout repository	2026-02-26T22:23:42.5997709Z hint: 'development'. The just-created branch can be renamed via this command:
handle-success	Checkout repository	2026-02-26T22:23:42.5998549Z hint:
handle-success	Checkout repository	2026-02-26T22:23:42.5999535Z hint: 	git branch -m <name>
handle-success	Checkout repository	2026-02-26T22:23:42.6000120Z hint:
handle-success	Checkout repository	2026-02-26T22:23:42.6000813Z hint: Disable this message with "git config set advice.defaultBranchName false"
handle-success	Checkout repository	2026-02-26T22:23:42.6001900Z Initialized empty Git repository in /home/runner/_work/ka0s/ka0s/.git/
handle-success	Checkout repository	2026-02-26T22:23:42.6005695Z [command]/usr/bin/git remote add origin https://github.com/Ka0s-Klaus/ka0s
handle-success	Checkout repository	2026-02-26T22:23:42.6098276Z ##[endgroup]
handle-success	Checkout repository	2026-02-26T22:23:42.6099798Z ##[group]Disabling automatic garbage collection
handle-success	Checkout repository	2026-02-26T22:23:42.6127443Z [command]/usr/bin/git config --local gc.auto 0
handle-success	Checkout repository	2026-02-26T22:23:42.6256462Z ##[endgroup]
handle-success	Checkout repository	2026-02-26T22:23:42.6257476Z ##[group]Setting up auth
handle-success	Checkout repository	2026-02-26T22:23:42.6258519Z [command]/usr/bin/git config --local --name-only --get-regexp core\.sshCommand
handle-success	Checkout repository	2026-02-26T22:23:42.6276057Z [command]/usr/bin/git submodule foreach --recursive sh -c "git config --local --name-only --get-regexp 'core\.sshCommand' && git config --local --unset-all 'core.sshCommand' || :"
handle-success	Checkout repository	2026-02-26T22:23:42.6702665Z [command]/usr/bin/git config --local --name-only --get-regexp http\.https\:\/\/github\.com\/\.extraheader
handle-success	Checkout repository	2026-02-26T22:23:42.6766625Z [command]/usr/bin/git submodule foreach --recursive sh -c "git config --local --name-only --get-regexp 'http\.https\:\/\/github\.com\/\.extraheader' && git config --local --unset-all 'http.https://github.com/.extraheader' || :"
handle-success	Checkout repository	2026-02-26T22:23:42.7267677Z [command]/usr/bin/git config --local --name-only --get-regexp ^includeIf\.gitdir:
handle-success	Checkout repository	2026-02-26T22:23:42.7318021Z [command]/usr/bin/git submodule foreach --recursive git config --local --show-origin --name-only --get-regexp remote.origin.url
handle-success	Checkout repository	2026-02-26T22:23:42.7756522Z [command]/usr/bin/git config --local http.https://github.com/.extraheader AUTHORIZATION: basic ***
handle-success	Checkout repository	2026-02-26T22:23:42.7824832Z ##[endgroup]
handle-success	Checkout repository	2026-02-26T22:23:42.7833200Z ##[group]Fetching the repository
handle-success	Checkout repository	2026-02-26T22:23:42.7841071Z [command]/usr/bin/git -c protocol.version=2 fetch --prune --no-recurse-submodules origin +refs/heads/*:refs/remotes/origin/* +refs/tags/*:refs/tags/*
handle-success	Checkout repository	2026-02-26T22:24:27.5358553Z From https://github.com/Ka0s-Klaus/ka0s
handle-success	Checkout repository	2026-02-26T22:24:27.5368931Z  * [new branch]          F3450-modelo-operativo -> origin/F3450-modelo-operativo
handle-success	Checkout repository	2026-02-26T22:24:27.5370116Z  * [new branch]          H1276-modulo-observabilidad -> origin/H1276-modulo-observabilidad
handle-success	Checkout repository	2026-02-26T22:24:27.5371040Z  * [new branch]          H3596-deploy-itop      -> origin/H3596-deploy-itop
handle-success	Checkout repository	2026-02-26T22:24:27.5378169Z  * [new branch]          H4170-flujo-detallado-zabbix---github -> origin/H4170-flujo-detallado-zabbix---github
handle-success	Checkout repository	2026-02-26T22:24:27.5378956Z  * [new branch]          H4191-request-cambios  -> origin/H4191-request-cambios
handle-success	Checkout repository	2026-02-26T22:24:27.5379836Z  * [new branch]          H4200-request-recomendaciones-de-auditoria -> origin/H4200-request-recomendaciones-de-auditoria
handle-success	Checkout repository	2026-02-26T22:24:27.5380594Z  * [new branch]          main                   -> origin/main
handle-success	Checkout repository	2026-02-26T22:24:27.5381033Z  * [new tag]             0.0.0                  -> 0.0.0
handle-success	Checkout repository	2026-02-26T22:24:27.5381447Z  * [new tag]             0.0.1                  -> 0.0.1
handle-success	Checkout repository	2026-02-26T22:24:27.5381863Z  * [new tag]             0.0.10                 -> 0.0.10
handle-success	Checkout repository	2026-02-26T22:24:27.5382285Z  * [new tag]             0.0.100                -> 0.0.100
handle-success	Checkout repository	2026-02-26T22:24:27.5382689Z  * [new tag]             0.0.101                -> 0.0.101
handle-success	Checkout repository	2026-02-26T22:24:27.5383100Z  * [new tag]             0.0.102                -> 0.0.102
handle-success	Checkout repository	2026-02-26T22:24:27.5383599Z  * [new tag]             0.0.103                -> 0.0.103
handle-success	Checkout repository	2026-02-26T22:24:27.5384053Z  * [new tag]             0.0.104                -> 0.0.104
handle-success	Checkout repository	2026-02-26T22:24:27.5384456Z  * [new tag]             0.0.105                -> 0.0.105
handle-success	Checkout repository	2026-02-26T22:24:27.5404840Z  * [new tag]             0.0.106                -> 0.0.106
handle-success	Checkout repository	2026-02-26T22:24:27.5405334Z  * [new tag]             0.0.107                -> 0.0.107
handle-success	Checkout repository	2026-02-26T22:24:27.5405752Z  * [new tag]             0.0.108                -> 0.0.108
handle-success	Checkout repository	2026-02-26T22:24:27.5406175Z  * [new tag]             0.0.109                -> 0.0.109
handle-success	Checkout repository	2026-02-26T22:24:27.5406581Z  * [new tag]             0.0.11                 -> 0.0.11
handle-success	Checkout repository	2026-02-26T22:24:27.5406992Z  * [new tag]             0.0.110                -> 0.0.110
handle-success	Checkout repository	2026-02-26T22:24:27.5407395Z  * [new tag]             0.0.111                -> 0.0.111
handle-success	Checkout repository	2026-02-26T22:24:27.5407991Z  * [new tag]             0.0.112                -> 0.0.112
handle-success	Checkout repository	2026-02-26T22:24:27.5408416Z  * [new tag]             0.0.113                -> 0.0.113
handle-success	Checkout repository	2026-02-26T22:24:27.5409316Z  * [new tag]             0.0.114                -> 0.0.114
handle-success	Checkout repository	2026-02-26T22:24:27.5409729Z  * [new tag]             0.0.115                -> 0.0.115
handle-success	Checkout repository	2026-02-26T22:24:27.5410135Z  * [new tag]             0.0.116                -> 0.0.116
handle-success	Checkout repository	2026-02-26T22:24:27.5410631Z  * [new tag]             0.0.117                -> 0.0.117
handle-success	Checkout repository	2026-02-26T22:24:27.5411113Z  * [new tag]             0.0.118                -> 0.0.118
handle-success	Checkout repository	2026-02-26T22:24:27.5427474Z  * [new tag]             0.0.119                -> 0.0.119
handle-success	Checkout repository	2026-02-26T22:24:27.5427981Z  * [new tag]             0.0.12                 -> 0.0.12
handle-success	Checkout repository	2026-02-26T22:24:27.5428398Z  * [new tag]             0.0.120                -> 0.0.120
handle-success	Checkout repository	2026-02-26T22:24:27.5428813Z  * [new tag]             0.0.121                -> 0.0.121
handle-success	Checkout repository	2026-02-26T22:24:27.5429215Z  * [new tag]             0.0.122                -> 0.0.122
handle-success	Checkout repository	2026-02-26T22:24:27.5429628Z  * [new tag]             0.0.123                -> 0.0.123
handle-success	Checkout repository	2026-02-26T22:24:27.5430524Z  * [new tag]             0.0.124                -> 0.0.124
handle-success	Checkout repository	2026-02-26T22:24:27.5430950Z  * [new tag]             0.0.125                -> 0.0.125
handle-success	Checkout repository	2026-02-26T22:24:27.5431358Z  * [new tag]             0.0.126                -> 0.0.126
handle-success	Checkout repository	2026-02-26T22:24:27.5431762Z  * [new tag]             0.0.127                -> 0.0.127
handle-success	Checkout repository	2026-02-26T22:24:27.5432169Z  * [new tag]             0.0.128                -> 0.0.128
handle-success	Checkout repository	2026-02-26T22:24:27.5432598Z  * [new tag]             0.0.129                -> 0.0.129
handle-success	Checkout repository	2026-02-26T22:24:27.5433012Z  * [new tag]             0.0.13                 -> 0.0.13
handle-success	Checkout repository	2026-02-26T22:24:27.5433419Z  * [new tag]             0.0.130                -> 0.0.130
handle-success	Checkout repository	2026-02-26T22:24:27.5433840Z  * [new tag]             0.0.131                -> 0.0.131
handle-success	Checkout repository	2026-02-26T22:24:27.5434262Z  * [new tag]             0.0.132                -> 0.0.132
handle-success	Checkout repository	2026-02-26T22:24:27.5460031Z  * [new tag]             0.0.133                -> 0.0.133
handle-success	Checkout repository	2026-02-26T22:24:27.5460570Z  * [new tag]             0.0.134                -> 0.0.134
handle-success	Checkout repository	2026-02-26T22:24:27.5461048Z  * [new tag]             0.0.135                -> 0.0.135
handle-success	Checkout repository	2026-02-26T22:24:27.5461472Z  * [new tag]             0.0.136                -> 0.0.136
handle-success	Checkout repository	2026-02-26T22:24:27.5461881Z  * [new tag]             0.0.137                -> 0.0.137
handle-success	Checkout repository	2026-02-26T22:24:27.5462293Z  * [new tag]             0.0.138                -> 0.0.138
handle-success	Checkout repository	2026-02-26T22:24:27.5462712Z  * [new tag]             0.0.139                -> 0.0.139
handle-success	Checkout repository	2026-02-26T22:24:27.5463133Z  * [new tag]             0.0.14                 -> 0.0.14
handle-success	Checkout repository	2026-02-26T22:24:27.5463555Z  * [new tag]             0.0.140                -> 0.0.140
handle-success	Checkout repository	2026-02-26T22:24:27.5463972Z  * [new tag]             0.0.141                -> 0.0.141
handle-success	Checkout repository	2026-02-26T22:24:27.5464585Z  * [new tag]             0.0.142                -> 0.0.142
handle-success	Checkout repository	2026-02-26T22:24:27.5465011Z  * [new tag]             0.0.143                -> 0.0.143
handle-success	Checkout repository	2026-02-26T22:24:27.5465419Z  * [new tag]             0.0.144                -> 0.0.144
handle-success	Checkout repository	2026-02-26T22:24:27.5465839Z  * [new tag]             0.0.145                -> 0.0.145
handle-success	Checkout repository	2026-02-26T22:24:27.5466287Z  * [new tag]             0.0.146                -> 0.0.146
handle-success	Checkout repository	2026-02-26T22:24:27.5466702Z  * [new tag]             0.0.147                -> 0.0.147
handle-success	Checkout repository	2026-02-26T22:24:27.5467112Z  * [new tag]             0.0.148                -> 0.0.148
handle-success	Checkout repository	2026-02-26T22:24:27.5467523Z  * [new tag]             0.0.149                -> 0.0.149
handle-success	Checkout repository	2026-02-26T22:24:27.5467954Z  * [new tag]             0.0.15                 -> 0.0.15
handle-success	Checkout repository	2026-02-26T22:24:27.5468464Z  * [new tag]             0.0.150                -> 0.0.150
handle-success	Checkout repository	2026-02-26T22:24:27.5468884Z  * [new tag]             0.0.151                -> 0.0.151
handle-success	Checkout repository	2026-02-26T22:24:27.5469303Z  * [new tag]             0.0.152                -> 0.0.152
handle-success	Checkout repository	2026-02-26T22:24:27.5469713Z  * [new tag]             0.0.153                -> 0.0.153
handle-success	Checkout repository	2026-02-26T22:24:27.5470137Z  * [new tag]             0.0.154                -> 0.0.154
handle-success	Checkout repository	2026-02-26T22:24:27.5470548Z  * [new tag]             0.0.155                -> 0.0.155
handle-success	Checkout repository	2026-02-26T22:24:27.5470978Z  * [new tag]             0.0.156                -> 0.0.156
handle-success	Checkout repository	2026-02-26T22:24:27.5471764Z  * [new tag]             0.0.157                -> 0.0.157
handle-success	Checkout repository	2026-02-26T22:24:27.5472184Z  * [new tag]             0.0.158                -> 0.0.158
handle-success	Checkout repository	2026-02-26T22:24:27.5472603Z  * [new tag]             0.0.159                -> 0.0.159
handle-success	Checkout repository	2026-02-26T22:24:27.5473014Z  * [new tag]             0.0.16                 -> 0.0.16
handle-success	Checkout repository	2026-02-26T22:24:27.5473430Z  * [new tag]             0.0.160                -> 0.0.160
handle-success	Checkout repository	2026-02-26T22:24:27.5473846Z  * [new tag]             0.0.161                -> 0.0.161
handle-success	Checkout repository	2026-02-26T22:24:27.5474270Z  * [new tag]             0.0.162                -> 0.0.162
handle-success	Checkout repository	2026-02-26T22:24:27.5474787Z  * [new tag]             0.0.163                -> 0.0.163
handle-success	Checkout repository	2026-02-26T22:24:27.5475212Z  * [new tag]             0.0.164                -> 0.0.164
handle-success	Checkout repository	2026-02-26T22:24:27.5475632Z  * [new tag]             0.0.165                -> 0.0.165
handle-success	Checkout repository	2026-02-26T22:24:27.5476043Z  * [new tag]             0.0.166                -> 0.0.166
handle-success	Checkout repository	2026-02-26T22:24:27.5476700Z  * [new tag]             0.0.167                -> 0.0.167
handle-success	Checkout repository	2026-02-26T22:24:27.5477115Z  * [new tag]             0.0.168                -> 0.0.168
handle-success	Checkout repository	2026-02-26T22:24:27.5477533Z  * [new tag]             0.0.169                -> 0.0.169
handle-success	Checkout repository	2026-02-26T22:24:27.5477956Z  * [new tag]             0.0.17                 -> 0.0.17
handle-success	Checkout repository	2026-02-26T22:24:27.5478374Z  * [new tag]             0.0.170                -> 0.0.170
handle-success	Checkout repository	2026-02-26T22:24:27.5490880Z  * [new tag]             0.0.171                -> 0.0.171
handle-success	Checkout repository	2026-02-26T22:24:27.5491513Z  * [new tag]             0.0.172                -> 0.0.172
handle-success	Checkout repository	2026-02-26T22:24:27.5491948Z  * [new tag]             0.0.173                -> 0.0.173
handle-success	Checkout repository	2026-02-26T22:24:27.5492366Z  * [new tag]             0.0.174                -> 0.0.174
handle-success	Checkout repository	2026-02-26T22:24:27.5492789Z  * [new tag]             0.0.175                -> 0.0.175
handle-success	Checkout repository	2026-02-26T22:24:27.5493204Z  * [new tag]             0.0.176                -> 0.0.176
handle-success	Checkout repository	2026-02-26T22:24:27.5493637Z  * [new tag]             0.0.177                -> 0.0.177
handle-success	Checkout repository	2026-02-26T22:24:27.5494056Z  * [new tag]             0.0.178                -> 0.0.178
handle-success	Checkout repository	2026-02-26T22:24:27.5494471Z  * [new tag]             0.0.179                -> 0.0.179
handle-success	Checkout repository	2026-02-26T22:24:27.5494975Z  * [new tag]             0.0.18                 -> 0.0.18
handle-success	Checkout repository	2026-02-26T22:24:27.5495384Z  * [new tag]             0.0.19                 -> 0.0.19
handle-success	Checkout repository	2026-02-26T22:24:27.5495797Z  * [new tag]             0.0.2                  -> 0.0.2
handle-success	Checkout repository	2026-02-26T22:24:27.5496210Z  * [new tag]             0.0.20                 -> 0.0.20
handle-success	Checkout repository	2026-02-26T22:24:27.5496623Z  * [new tag]             0.0.21                 -> 0.0.21
handle-success	Checkout repository	2026-02-26T22:24:27.5497035Z  * [new tag]             0.0.22                 -> 0.0.22
handle-success	Checkout repository	2026-02-26T22:24:27.5497451Z  * [new tag]             0.0.23                 -> 0.0.23
handle-success	Checkout repository	2026-02-26T22:24:27.5497868Z  * [new tag]             0.0.24                 -> 0.0.24
handle-success	Checkout repository	2026-02-26T22:24:27.5498275Z  * [new tag]             0.0.25                 -> 0.0.25
handle-success	Checkout repository	2026-02-26T22:24:27.5498699Z  * [new tag]             0.0.26                 -> 0.0.26
handle-success	Checkout repository	2026-02-26T22:24:27.5499122Z  * [new tag]             0.0.27                 -> 0.0.27
handle-success	Checkout repository	2026-02-26T22:24:27.5499529Z  * [new tag]             0.0.28                 -> 0.0.28
handle-success	Checkout repository	2026-02-26T22:24:27.5499942Z  * [new tag]             0.0.29                 -> 0.0.29
handle-success	Checkout repository	2026-02-26T22:24:27.5500351Z  * [new tag]             0.0.3                  -> 0.0.3
handle-success	Checkout repository	2026-02-26T22:24:27.5500763Z  * [new tag]             0.0.30                 -> 0.0.30
handle-success	Checkout repository	2026-02-26T22:24:27.5501171Z  * [new tag]             0.0.31                 -> 0.0.31
handle-success	Checkout repository	2026-02-26T22:24:27.5501588Z  * [new tag]             0.0.32                 -> 0.0.32
handle-success	Checkout repository	2026-02-26T22:24:27.5501998Z  * [new tag]             0.0.33                 -> 0.0.33
handle-success	Checkout repository	2026-02-26T22:24:27.5502426Z  * [new tag]             0.0.34                 -> 0.0.34
handle-success	Checkout repository	2026-02-26T22:24:27.5543829Z  * [new tag]             0.0.35                 -> 0.0.35
handle-success	Checkout repository	2026-02-26T22:24:27.5563701Z  * [new tag]             0.0.36                 -> 0.0.36
handle-success	Checkout repository	2026-02-26T22:24:27.5578382Z  * [new tag]             0.0.37                 -> 0.0.37
handle-success	Checkout repository	2026-02-26T22:24:27.5579286Z  * [new tag]             0.0.38                 -> 0.0.38
handle-success	Checkout repository	2026-02-26T22:24:27.5579920Z  * [new tag]             0.0.39                 -> 0.0.39
handle-success	Checkout repository	2026-02-26T22:24:27.5580611Z  * [new tag]             0.0.4                  -> 0.0.4
handle-success	Checkout repository	2026-02-26T22:24:27.5581230Z  * [new tag]             0.0.40                 -> 0.0.40
handle-success	Checkout repository	2026-02-26T22:24:27.5581862Z  * [new tag]             0.0.41                 -> 0.0.41
handle-success	Checkout repository	2026-02-26T22:24:27.5582461Z  * [new tag]             0.0.42                 -> 0.0.42
handle-success	Checkout repository	2026-02-26T22:24:27.5583054Z  * [new tag]             0.0.43                 -> 0.0.43
handle-success	Checkout repository	2026-02-26T22:24:27.5583667Z  * [new tag]             0.0.44                 -> 0.0.44
handle-success	Checkout repository	2026-02-26T22:24:27.5584269Z  * [new tag]             0.0.45                 -> 0.0.45
handle-success	Checkout repository	2026-02-26T22:24:27.5585098Z  * [new tag]             0.0.46                 -> 0.0.46
handle-success	Checkout repository	2026-02-26T22:24:27.5585700Z  * [new tag]             0.0.47                 -> 0.0.47
handle-success	Checkout repository	2026-02-26T22:24:27.5586703Z  * [new tag]             0.0.48                 -> 0.0.48
handle-success	Checkout repository	2026-02-26T22:24:27.5587302Z  * [new tag]             0.0.49                 -> 0.0.49
handle-success	Checkout repository	2026-02-26T22:24:27.5587897Z  * [new tag]             0.0.5                  -> 0.0.5
handle-success	Checkout repository	2026-02-26T22:24:27.5588487Z  * [new tag]             0.0.50                 -> 0.0.50
handle-success	Checkout repository	2026-02-26T22:24:27.5589093Z  * [new tag]             0.0.51                 -> 0.0.51
handle-success	Checkout repository	2026-02-26T22:24:27.5589690Z  * [new tag]             0.0.52                 -> 0.0.52
handle-success	Checkout repository	2026-02-26T22:24:27.5590302Z  * [new tag]             0.0.53                 -> 0.0.53
handle-success	Checkout repository	2026-02-26T22:24:27.5590949Z  * [new tag]             0.0.54                 -> 0.0.54
handle-success	Checkout repository	2026-02-26T22:24:27.5591656Z  * [new tag]             0.0.55                 -> 0.0.55
handle-success	Checkout repository	2026-02-26T22:24:27.5592320Z  * [new tag]             0.0.56                 -> 0.0.56
handle-success	Checkout repository	2026-02-26T22:24:27.5592944Z  * [new tag]             0.0.57                 -> 0.0.57
handle-success	Checkout repository	2026-02-26T22:24:27.5593559Z  * [new tag]             0.0.58                 -> 0.0.58
handle-success	Checkout repository	2026-02-26T22:24:27.5594189Z  * [new tag]             0.0.59                 -> 0.0.59
handle-success	Checkout repository	2026-02-26T22:24:27.5594950Z  * [new tag]             0.0.6                  -> 0.0.6
handle-success	Checkout repository	2026-02-26T22:24:27.5595548Z  * [new tag]             0.0.60                 -> 0.0.60
handle-success	Checkout repository	2026-02-26T22:24:27.5596136Z  * [new tag]             0.0.61                 -> 0.0.61
handle-success	Checkout repository	2026-02-26T22:24:27.5596725Z  * [new tag]             0.0.62                 -> 0.0.62
handle-success	Checkout repository	2026-02-26T22:24:27.5597506Z  * [new tag]             0.0.63                 -> 0.0.63
handle-success	Checkout repository	2026-02-26T22:24:27.5598093Z  * [new tag]             0.0.64                 -> 0.0.64
handle-success	Checkout repository	2026-02-26T22:24:27.5598672Z  * [new tag]             0.0.65                 -> 0.0.65
handle-success	Checkout repository	2026-02-26T22:24:27.5599256Z  * [new tag]             0.0.66                 -> 0.0.66
handle-success	Checkout repository	2026-02-26T22:24:27.5599834Z  * [new tag]             0.0.67                 -> 0.0.67
handle-success	Checkout repository	2026-02-26T22:24:27.5600421Z  * [new tag]             0.0.68                 -> 0.0.68
handle-success	Checkout repository	2026-02-26T22:24:27.5601015Z  * [new tag]             0.0.69                 -> 0.0.69
handle-success	Checkout repository	2026-02-26T22:24:27.5601610Z  * [new tag]             0.0.7                  -> 0.0.7
handle-success	Checkout repository	2026-02-26T22:24:27.5602196Z  * [new tag]             0.0.70                 -> 0.0.70
handle-success	Checkout repository	2026-02-26T22:24:27.5603537Z  * [new tag]             0.0.71                 -> 0.0.71
handle-success	Checkout repository	2026-02-26T22:24:27.5604031Z  * [new tag]             0.0.72                 -> 0.0.72
handle-success	Checkout repository	2026-02-26T22:24:27.5604437Z  * [new tag]             0.0.73                 -> 0.0.73
handle-success	Checkout repository	2026-02-26T22:24:27.5606141Z  * [new tag]             0.0.74                 -> 0.0.74
handle-success	Checkout repository	2026-02-26T22:24:27.5606572Z  * [new tag]             0.0.75                 -> 0.0.75
handle-success	Checkout repository	2026-02-26T22:24:27.5606977Z  * [new tag]             0.0.76                 -> 0.0.76
handle-success	Checkout repository	2026-02-26T22:24:27.5607380Z  * [new tag]             0.0.77                 -> 0.0.77
handle-success	Checkout repository	2026-02-26T22:24:27.5607783Z  * [new tag]             0.0.78                 -> 0.0.78
handle-success	Checkout repository	2026-02-26T22:24:27.5608187Z  * [new tag]             0.0.79                 -> 0.0.79
handle-success	Checkout repository	2026-02-26T22:24:27.5608613Z  * [new tag]             0.0.8                  -> 0.0.8
handle-success	Checkout repository	2026-02-26T22:24:27.5609328Z  * [new tag]             0.0.80                 -> 0.0.80
handle-success	Checkout repository	2026-02-26T22:24:27.5609745Z  * [new tag]             0.0.81                 -> 0.0.81
handle-success	Checkout repository	2026-02-26T22:24:27.5610149Z  * [new tag]             0.0.82                 -> 0.0.82
handle-success	Checkout repository	2026-02-26T22:24:27.5610561Z  * [new tag]             0.0.83                 -> 0.0.83
handle-success	Checkout repository	2026-02-26T22:24:27.5610974Z  * [new tag]             0.0.84                 -> 0.0.84
handle-success	Checkout repository	2026-02-26T22:24:27.5611375Z  * [new tag]             0.0.85                 -> 0.0.85
handle-success	Checkout repository	2026-02-26T22:24:27.5611792Z  * [new tag]             0.0.86                 -> 0.0.86
handle-success	Checkout repository	2026-02-26T22:24:27.5612197Z  * [new tag]             0.0.87                 -> 0.0.87
handle-success	Checkout repository	2026-02-26T22:24:27.5612610Z  * [new tag]             0.0.88                 -> 0.0.88
handle-success	Checkout repository	2026-02-26T22:24:27.5613023Z  * [new tag]             0.0.89                 -> 0.0.89
handle-success	Checkout repository	2026-02-26T22:24:27.5637962Z  * [new tag]             0.0.9                  -> 0.0.9
handle-success	Checkout repository	2026-02-26T22:24:27.5638822Z  * [new tag]             0.0.90                 -> 0.0.90
handle-success	Checkout repository	2026-02-26T22:24:27.5639237Z  * [new tag]             0.0.91                 -> 0.0.91
handle-success	Checkout repository	2026-02-26T22:24:27.5639650Z  * [new tag]             0.0.92                 -> 0.0.92
handle-success	Checkout repository	2026-02-26T22:24:27.5640668Z  * [new tag]             0.0.93                 -> 0.0.93
handle-success	Checkout repository	2026-02-26T22:24:27.5641102Z  * [new tag]             0.0.94                 -> 0.0.94
handle-success	Checkout repository	2026-02-26T22:24:27.5641512Z  * [new tag]             0.0.95                 -> 0.0.95
handle-success	Checkout repository	2026-02-26T22:24:27.5641917Z  * [new tag]             0.0.96                 -> 0.0.96
handle-success	Checkout repository	2026-02-26T22:24:27.5642324Z  * [new tag]             0.0.97                 -> 0.0.97
handle-success	Checkout repository	2026-02-26T22:24:27.5642726Z  * [new tag]             0.0.98                 -> 0.0.98
handle-success	Checkout repository	2026-02-26T22:24:27.5643140Z  * [new tag]             0.0.99                 -> 0.0.99
handle-success	Checkout repository	2026-02-26T22:24:27.5643545Z  * [new tag]             0.1.0                  -> 0.1.0
handle-success	Checkout repository	2026-02-26T22:24:27.5643956Z  * [new tag]             0.1.1                  -> 0.1.1
handle-success	Checkout repository	2026-02-26T22:24:27.5644379Z  * [new tag]             0.2.0                  -> 0.2.0
handle-success	Checkout repository	2026-02-26T22:24:27.5644867Z  * [new tag]             0.3.0                  -> 0.3.0
handle-success	Checkout repository	2026-02-26T22:24:27.5645280Z  * [new tag]             0.3.1                  -> 0.3.1
handle-success	Checkout repository	2026-02-26T22:24:27.5645810Z  * [new tag]             0.3.10                 -> 0.3.10
handle-success	Checkout repository	2026-02-26T22:24:27.5646221Z  * [new tag]             0.3.11                 -> 0.3.11
handle-success	Checkout repository	2026-02-26T22:24:27.5646623Z  * [new tag]             0.3.12                 -> 0.3.12
handle-success	Checkout repository	2026-02-26T22:24:27.5647028Z  * [new tag]             0.3.13                 -> 0.3.13
handle-success	Checkout repository	2026-02-26T22:24:27.5647432Z  * [new tag]             0.3.14                 -> 0.3.14
handle-success	Checkout repository	2026-02-26T22:24:27.5647843Z  * [new tag]             0.3.15                 -> 0.3.15
handle-success	Checkout repository	2026-02-26T22:24:27.5648250Z  * [new tag]             0.3.16                 -> 0.3.16
handle-success	Checkout repository	2026-02-26T22:24:27.5648654Z  * [new tag]             0.3.17                 -> 0.3.17
handle-success	Checkout repository	2026-02-26T22:24:27.5649070Z  * [new tag]             0.3.2                  -> 0.3.2
handle-success	Checkout repository	2026-02-26T22:24:27.5649482Z  * [new tag]             0.3.3                  -> 0.3.3
handle-success	Checkout repository	2026-02-26T22:24:27.5649884Z  * [new tag]             0.3.4                  -> 0.3.4
handle-success	Checkout repository	2026-02-26T22:24:27.5650298Z  * [new tag]             0.3.5                  -> 0.3.5
handle-success	Checkout repository	2026-02-26T22:24:27.5650713Z  * [new tag]             0.3.6                  -> 0.3.6
handle-success	Checkout repository	2026-02-26T22:24:27.5651167Z  * [new tag]             0.3.7                  -> 0.3.7
handle-success	Checkout repository	2026-02-26T22:24:27.5651574Z  * [new tag]             0.3.8                  -> 0.3.8
handle-success	Checkout repository	2026-02-26T22:24:27.5651979Z  * [new tag]             0.3.9                  -> 0.3.9
handle-success	Checkout repository	2026-02-26T22:24:27.5652378Z  * [new tag]             0.4.0                  -> 0.4.0
handle-success	Checkout repository	2026-02-26T22:24:27.5652778Z  * [new tag]             0.4.1                  -> 0.4.1
handle-success	Checkout repository	2026-02-26T22:24:27.5653184Z  * [new tag]             0.4.2                  -> 0.4.2
handle-success	Checkout repository	2026-02-26T22:24:27.5653587Z  * [new tag]             0.4.3                  -> 0.4.3
handle-success	Checkout repository	2026-02-26T22:24:27.5654011Z  * [new tag]             0.4.4                  -> 0.4.4
handle-success	Checkout repository	2026-02-26T22:24:27.5695369Z  * [new tag]             0.4.5                  -> 0.4.5
handle-success	Checkout repository	2026-02-26T22:24:27.5695912Z  * [new tag]             0.4.6                  -> 0.4.6
handle-success	Checkout repository	2026-02-26T22:24:27.5696319Z  * [new tag]             0.4.7                  -> 0.4.7
handle-success	Checkout repository	2026-02-26T22:24:27.5696740Z  * [new tag]             0.4.8                  -> 0.4.8
handle-success	Checkout repository	2026-02-26T22:24:27.5697146Z  * [new tag]             0.4.9                  -> 0.4.9
handle-success	Checkout repository	2026-02-26T22:24:27.5697550Z  * [new tag]             0.5.0                  -> 0.5.0
handle-success	Checkout repository	2026-02-26T22:24:27.5697953Z  * [new tag]             0.5.1                  -> 0.5.1
handle-success	Checkout repository	2026-02-26T22:24:27.5698353Z  * [new tag]             0.5.2                  -> 0.5.2
handle-success	Checkout repository	2026-02-26T22:24:27.5698753Z  * [new tag]             0.6.0                  -> 0.6.0
handle-success	Checkout repository	2026-02-26T22:24:27.5699158Z  * [new tag]             0.6.1                  -> 0.6.1
handle-success	Checkout repository	2026-02-26T22:24:27.5699586Z  * [new tag]             0.6.2                  -> 0.6.2
handle-success	Checkout repository	2026-02-26T22:24:27.5732849Z  * [new tag]             0.6.3                  -> 0.6.3
handle-success	Checkout repository	2026-02-26T22:24:27.5733641Z  * [new tag]             0.6.4                  -> 0.6.4
handle-success	Checkout repository	2026-02-26T22:24:27.5734164Z  * [new tag]             0.6.5                  -> 0.6.5
handle-success	Checkout repository	2026-02-26T22:24:27.5735048Z  * [new tag]             0.6.6                  -> 0.6.6
handle-success	Checkout repository	2026-02-26T22:24:27.6108328Z [command]/usr/bin/git branch --list --remote origin/main
handle-success	Checkout repository	2026-02-26T22:24:27.6217241Z   origin/main
handle-success	Checkout repository	2026-02-26T22:24:27.6246486Z [command]/usr/bin/git rev-parse refs/remotes/origin/main
handle-success	Checkout repository	2026-02-26T22:24:27.6322637Z fddef10d2e3d9cfb51ed7210d6ec7acc74b50cf4
handle-success	Checkout repository	2026-02-26T22:24:27.6327547Z [command]/usr/bin/git -c protocol.version=2 fetch --no-tags --prune --no-recurse-submodules origin +4b787b39eca826ea71fba23c57eb0a205bc40fcd:refs/remotes/origin/main
handle-success	Checkout repository	2026-02-26T22:24:27.6667446Z From https://github.com/Ka0s-Klaus/ka0s
handle-success	Checkout repository	2026-02-26T22:24:27.6668650Z  + fddef10d2...4b787b39e 4b787b39eca826ea71fba23c57eb0a205bc40fcd -> origin/main  (forced update)
handle-success	Checkout repository	2026-02-26T22:24:27.6900345Z ##[endgroup]
handle-success	Checkout repository	2026-02-26T22:24:27.6900954Z ##[group]Determining the checkout info
handle-success	Checkout repository	2026-02-26T22:24:27.6904438Z ##[endgroup]
handle-success	Checkout repository	2026-02-26T22:24:27.6924566Z [command]/usr/bin/git sparse-checkout disable
handle-success	Checkout repository	2026-02-26T22:24:27.7013750Z [command]/usr/bin/git config --local --unset-all extensions.worktreeConfig
handle-success	Checkout repository	2026-02-26T22:24:27.7077545Z ##[group]Checking out the ref
handle-success	Checkout repository	2026-02-26T22:24:27.7086629Z [command]/usr/bin/git checkout --progress --force -B main refs/remotes/origin/main
handle-success	Checkout repository	2026-02-26T22:24:28.0143956Z Switched to a new branch 'main'
handle-success	Checkout repository	2026-02-26T22:24:28.0155371Z branch 'main' set up to track 'origin/main'.
handle-success	Checkout repository	2026-02-26T22:24:28.0245428Z ##[endgroup]
handle-success	Checkout repository	2026-02-26T22:24:28.0458098Z [command]/usr/bin/git log -1 --format=%H
handle-success	Checkout repository	2026-02-26T22:24:28.0546848Z 4b787b39eca826ea71fba23c57eb0a205bc40fcd
handle-success	Success notification	ï»¿2026-02-26T22:24:28.1275994Z ##[group]Run echo "Cluster status audit completed successfully for run 22463782730."
handle-success	Success notification	2026-02-26T22:24:28.1277704Z [36;1mecho "Cluster status audit completed successfully for run 22463782730."[0m
handle-success	Success notification	2026-02-26T22:24:28.1332661Z shell: /usr/bin/bash -e {0}
handle-success	Success notification	2026-02-26T22:24:28.1333006Z env:
handle-success	Success notification	2026-02-26T22:24:28.1333213Z   KAOS_MODULE: [Ka0s] Audit Cluster Status
handle-success	Success notification	2026-02-26T22:24:28.1333500Z   KAOS_CODE: 22463782730
handle-success	Success notification	2026-02-26T22:24:28.1334149Z   GH_TOKEN: ***
handle-success	Success notification	2026-02-26T22:24:28.1334346Z ##[endgroup]
handle-success	Success notification	2026-02-26T22:24:28.1459723Z Cluster status audit completed successfully for run 22463782730.
handle-success	Post Checkout repository	ï»¿2026-02-26T22:24:28.1941214Z Post job cleanup.
handle-success	Post Checkout repository	2026-02-26T22:24:28.3355381Z [command]/usr/bin/git version
handle-success	Post Checkout repository	2026-02-26T22:24:28.3431691Z git version 2.53.0
handle-success	Post Checkout repository	2026-02-26T22:24:28.3518704Z Temporarily overriding HOME='/home/runner/_work/_temp/a8367733-47d3-4eee-98c0-903bf87d5269' before making global git config changes
handle-success	Post Checkout repository	2026-02-26T22:24:28.3525591Z Adding repository directory to the temporary git global config as a safe directory
handle-success	Post Checkout repository	2026-02-26T22:24:28.3531994Z [command]/usr/bin/git config --global --add safe.directory /home/runner/_work/ka0s/ka0s
handle-success	Post Checkout repository	2026-02-26T22:24:28.3597398Z [command]/usr/bin/git config --local --name-only --get-regexp core\.sshCommand
handle-success	Post Checkout repository	2026-02-26T22:24:28.3693513Z [command]/usr/bin/git submodule foreach --recursive sh -c "git config --local --name-only --get-regexp 'core\.sshCommand' && git config --local --unset-all 'core.sshCommand' || :"
handle-success	Post Checkout repository	2026-02-26T22:24:28.4508475Z [command]/usr/bin/git config --local --name-only --get-regexp http\.https\:\/\/github\.com\/\.extraheader
handle-success	Post Checkout repository	2026-02-26T22:24:28.4599574Z http.https://github.com/.extraheader
handle-success	Post Checkout repository	2026-02-26T22:24:28.4610966Z [command]/usr/bin/git config --local --unset-all http.https://github.com/.extraheader
handle-success	Post Checkout repository	2026-02-26T22:24:28.4669737Z [command]/usr/bin/git submodule foreach --recursive sh -c "git config --local --name-only --get-regexp 'http\.https\:\/\/github\.com\/\.extraheader' && git config --local --unset-all 'http.https://github.com/.extraheader' || :"
handle-success	Post Checkout repository	2026-02-26T22:24:28.5939703Z [command]/usr/bin/git config --local --name-only --get-regexp ^includeIf\.gitdir:
handle-success	Post Checkout repository	2026-02-26T22:24:28.6120388Z [command]/usr/bin/git submodule foreach --recursive git config --local --show-origin --name-only --get-regexp remote.origin.url
handle-success	Complete job	ï»¿2026-02-26T22:24:28.7081039Z Cleaning up orphan processes
end-workflow	Set up job	ï»¿2026-02-26T22:24:48.4520690Z Current runner version: '2.332.0'
end-workflow	Set up job	2026-02-26T22:24:48.4535044Z Runner name: 'swarm-runners-scaleset-hkss5-runner-rc7bc'
end-workflow	Set up job	2026-02-26T22:24:48.4536205Z Runner group name: 'Default'
end-workflow	Set up job	2026-02-26T22:24:48.4537383Z Machine name: 'swarm-runners-scaleset-hkss5-runner-rc7bc'
end-workflow	Set up job	2026-02-26T22:24:48.4545546Z ##[group]GITHUB_TOKEN Permissions
end-workflow	Set up job	2026-02-26T22:24:48.4548801Z Actions: write
end-workflow	Set up job	2026-02-26T22:24:48.4549410Z Contents: write
end-workflow	Set up job	2026-02-26T22:24:48.4549976Z Issues: write
end-workflow	Set up job	2026-02-26T22:24:48.4550683Z Metadata: read
end-workflow	Set up job	2026-02-26T22:24:48.4551255Z ##[endgroup]
end-workflow	Set up job	2026-02-26T22:24:48.4553695Z Secret source: Actions
end-workflow	Set up job	2026-02-26T22:24:48.4555182Z Prepare workflow directory
end-workflow	Set up job	2026-02-26T22:24:48.5131422Z Prepare all required actions
end-workflow	Set up job	2026-02-26T22:24:48.5186381Z Getting action download info
end-workflow	Set up job	2026-02-26T22:24:49.1116834Z Download action repository 'actions/checkout@v4' (SHA:34e114876b0b11c390a56381ad16ebd13914f8d5)
end-workflow	Set up job	2026-02-26T22:24:50.1490699Z Complete job name: end-workflow
end-workflow	Checkout repository	ï»¿2026-02-26T22:24:50.2739247Z ##[group]Run actions/checkout@v4
end-workflow	Checkout repository	2026-02-26T22:24:50.2740656Z with:
end-workflow	Checkout repository	2026-02-26T22:24:50.2741313Z   fetch-depth: 0
end-workflow	Checkout repository	2026-02-26T22:24:50.2742034Z   repository: Ka0s-Klaus/ka0s
end-workflow	Checkout repository	2026-02-26T22:24:50.2743219Z   token: ***
end-workflow	Checkout repository	2026-02-26T22:24:50.2743886Z   ssh-strict: true
end-workflow	Checkout repository	2026-02-26T22:24:50.2744639Z   ssh-user: git
end-workflow	Checkout repository	2026-02-26T22:24:50.2745674Z   persist-credentials: true
end-workflow	Checkout repository	2026-02-26T22:24:50.2746597Z   clean: true
end-workflow	Checkout repository	2026-02-26T22:24:50.2747462Z   sparse-checkout-cone-mode: true
end-workflow	Checkout repository	2026-02-26T22:24:50.2748379Z   fetch-tags: false
end-workflow	Checkout repository	2026-02-26T22:24:50.2749106Z   show-progress: true
end-workflow	Checkout repository	2026-02-26T22:24:50.2749836Z   lfs: false
end-workflow	Checkout repository	2026-02-26T22:24:50.2750538Z   submodules: false
end-workflow	Checkout repository	2026-02-26T22:24:50.2751405Z   set-safe-directory: true
end-workflow	Checkout repository	2026-02-26T22:24:50.2752461Z env:
end-workflow	Checkout repository	2026-02-26T22:24:50.2753153Z   KAOS_MODULE: [Ka0s] Audit Cluster Status
end-workflow	Checkout repository	2026-02-26T22:24:50.2754108Z   KAOS_CODE: 22463782730
end-workflow	Checkout repository	2026-02-26T22:24:50.2755409Z ##[endgroup]
end-workflow	Checkout repository	2026-02-26T22:24:50.4480898Z Syncing repository: Ka0s-Klaus/ka0s
end-workflow	Checkout repository	2026-02-26T22:24:50.4483573Z ##[group]Getting Git version info
end-workflow	Checkout repository	2026-02-26T22:24:50.4485203Z Working directory is '/home/runner/_work/ka0s/ka0s'
end-workflow	Checkout repository	2026-02-26T22:24:50.4486947Z [command]/usr/bin/git version
end-workflow	Checkout repository	2026-02-26T22:24:50.4487784Z git version 2.53.0
end-workflow	Checkout repository	2026-02-26T22:24:50.4499563Z ##[endgroup]
end-workflow	Checkout repository	2026-02-26T22:24:50.4519293Z Temporarily overriding HOME='/home/runner/_work/_temp/159fb50c-7a79-40c7-a650-b409facb495e' before making global git config changes
end-workflow	Checkout repository	2026-02-26T22:24:50.4522310Z Adding repository directory to the temporary git global config as a safe directory
end-workflow	Checkout repository	2026-02-26T22:24:50.4528092Z [command]/usr/bin/git config --global --add safe.directory /home/runner/_work/ka0s/ka0s
end-workflow	Checkout repository	2026-02-26T22:24:50.4570714Z Deleting the contents of '/home/runner/_work/ka0s/ka0s'
end-workflow	Checkout repository	2026-02-26T22:24:50.4590530Z ##[group]Initializing the repository
end-workflow	Checkout repository	2026-02-26T22:24:50.4592960Z [command]/usr/bin/git init /home/runner/_work/ka0s/ka0s
end-workflow	Checkout repository	2026-02-26T22:24:50.4657164Z hint: Using 'master' as the name for the initial branch. This default branch name
end-workflow	Checkout repository	2026-02-26T22:24:50.4660582Z hint: will change to "main" in Git 3.0. To configure the initial branch name
end-workflow	Checkout repository	2026-02-26T22:24:50.4669210Z hint: to use in all of your new repositories, which will suppress this warning,
end-workflow	Checkout repository	2026-02-26T22:24:50.4670970Z hint: call:
end-workflow	Checkout repository	2026-02-26T22:24:50.4671680Z hint:
end-workflow	Checkout repository	2026-02-26T22:24:50.4672580Z hint: 	git config --global init.defaultBranch <name>
end-workflow	Checkout repository	2026-02-26T22:24:50.4673801Z hint:
end-workflow	Checkout repository	2026-02-26T22:24:50.4674890Z hint: Names commonly chosen instead of 'master' are 'main', 'trunk' and
end-workflow	Checkout repository	2026-02-26T22:24:50.4676788Z hint: 'development'. The just-created branch can be renamed via this command:
end-workflow	Checkout repository	2026-02-26T22:24:50.4678225Z hint:
end-workflow	Checkout repository	2026-02-26T22:24:50.4678866Z hint: 	git branch -m <name>
end-workflow	Checkout repository	2026-02-26T22:24:50.4679797Z hint:
end-workflow	Checkout repository	2026-02-26T22:24:50.4681140Z hint: Disable this message with "git config set advice.defaultBranchName false"
end-workflow	Checkout repository	2026-02-26T22:24:50.4682884Z Initialized empty Git repository in /home/runner/_work/ka0s/ka0s/.git/
end-workflow	Checkout repository	2026-02-26T22:24:50.4704879Z [command]/usr/bin/git remote add origin https://github.com/Ka0s-Klaus/ka0s
end-workflow	Checkout repository	2026-02-26T22:24:50.4796445Z ##[endgroup]
end-workflow	Checkout repository	2026-02-26T22:24:50.4806694Z ##[group]Disabling automatic garbage collection
end-workflow	Checkout repository	2026-02-26T22:24:50.4809801Z [command]/usr/bin/git config --local gc.auto 0
end-workflow	Checkout repository	2026-02-26T22:24:50.4815443Z ##[endgroup]
end-workflow	Checkout repository	2026-02-26T22:24:50.4816759Z ##[group]Setting up auth
end-workflow	Checkout repository	2026-02-26T22:24:50.4830977Z [command]/usr/bin/git config --local --name-only --get-regexp core\.sshCommand
end-workflow	Checkout repository	2026-02-26T22:24:50.4876098Z [command]/usr/bin/git submodule foreach --recursive sh -c "git config --local --name-only --get-regexp 'core\.sshCommand' && git config --local --unset-all 'core.sshCommand' || :"
end-workflow	Checkout repository	2026-02-26T22:24:50.5246572Z [command]/usr/bin/git config --local --name-only --get-regexp http\.https\:\/\/github\.com\/\.extraheader
end-workflow	Checkout repository	2026-02-26T22:24:50.5320002Z [command]/usr/bin/git submodule foreach --recursive sh -c "git config --local --name-only --get-regexp 'http\.https\:\/\/github\.com\/\.extraheader' && git config --local --unset-all 'http.https://github.com/.extraheader' || :"
end-workflow	Checkout repository	2026-02-26T22:24:50.5737192Z [command]/usr/bin/git config --local --name-only --get-regexp ^includeIf\.gitdir:
end-workflow	Checkout repository	2026-02-26T22:24:50.5808035Z [command]/usr/bin/git submodule foreach --recursive git config --local --show-origin --name-only --get-regexp remote.origin.url
end-workflow	Checkout repository	2026-02-26T22:24:50.6199851Z [command]/usr/bin/git config --local http.https://github.com/.extraheader AUTHORIZATION: basic ***
end-workflow	Checkout repository	2026-02-26T22:24:50.6270341Z ##[endgroup]
end-workflow	Checkout repository	2026-02-26T22:24:50.6276524Z ##[group]Fetching the repository
end-workflow	Checkout repository	2026-02-26T22:24:50.6285131Z [command]/usr/bin/git -c protocol.version=2 fetch --prune --no-recurse-submodules origin +refs/heads/*:refs/remotes/origin/* +refs/tags/*:refs/tags/*
end-workflow	Checkout repository	2026-02-26T22:25:14.8027231Z From https://github.com/Ka0s-Klaus/ka0s
end-workflow	Checkout repository	2026-02-26T22:25:14.8027984Z  * [new branch]          F3450-modelo-operativo -> origin/F3450-modelo-operativo
end-workflow	Checkout repository	2026-02-26T22:25:14.8028644Z  * [new branch]          H1276-modulo-observabilidad -> origin/H1276-modulo-observabilidad
end-workflow	Checkout repository	2026-02-26T22:25:14.8033781Z  * [new branch]          H3596-deploy-itop      -> origin/H3596-deploy-itop
end-workflow	Checkout repository	2026-02-26T22:25:14.8035422Z  * [new branch]          H4170-flujo-detallado-zabbix---github -> origin/H4170-flujo-detallado-zabbix---github
end-workflow	Checkout repository	2026-02-26T22:25:14.8036480Z  * [new branch]          H4191-request-cambios  -> origin/H4191-request-cambios
end-workflow	Checkout repository	2026-02-26T22:25:14.8037291Z  * [new branch]          H4200-request-recomendaciones-de-auditoria -> origin/H4200-request-recomendaciones-de-auditoria
end-workflow	Checkout repository	2026-02-26T22:25:14.8038227Z  * [new branch]          main                   -> origin/main
end-workflow	Checkout repository	2026-02-26T22:25:14.8038663Z  * [new tag]             0.0.0                  -> 0.0.0
end-workflow	Checkout repository	2026-02-26T22:25:14.8039084Z  * [new tag]             0.0.1                  -> 0.0.1
end-workflow	Checkout repository	2026-02-26T22:25:14.8039471Z  * [new tag]             0.0.10                 -> 0.0.10
end-workflow	Checkout repository	2026-02-26T22:25:14.8039914Z  * [new tag]             0.0.100                -> 0.0.100
end-workflow	Checkout repository	2026-02-26T22:25:14.8040307Z  * [new tag]             0.0.101                -> 0.0.101
end-workflow	Checkout repository	2026-02-26T22:25:14.8040697Z  * [new tag]             0.0.102                -> 0.0.102
end-workflow	Checkout repository	2026-02-26T22:25:14.8041201Z  * [new tag]             0.0.103                -> 0.0.103
end-workflow	Checkout repository	2026-02-26T22:25:14.8041625Z  * [new tag]             0.0.104                -> 0.0.104
end-workflow	Checkout repository	2026-02-26T22:25:14.8042156Z  * [new tag]             0.0.105                -> 0.0.105
end-workflow	Checkout repository	2026-02-26T22:25:14.8042559Z  * [new tag]             0.0.106                -> 0.0.106
end-workflow	Checkout repository	2026-02-26T22:25:14.8043062Z  * [new tag]             0.0.107                -> 0.0.107
end-workflow	Checkout repository	2026-02-26T22:25:14.8043471Z  * [new tag]             0.0.108                -> 0.0.108
end-workflow	Checkout repository	2026-02-26T22:25:14.8043878Z  * [new tag]             0.0.109                -> 0.0.109
end-workflow	Checkout repository	2026-02-26T22:25:14.8044290Z  * [new tag]             0.0.11                 -> 0.0.11
end-workflow	Checkout repository	2026-02-26T22:25:14.8044856Z  * [new tag]             0.0.110                -> 0.0.110
end-workflow	Checkout repository	2026-02-26T22:25:14.8045268Z  * [new tag]             0.0.111                -> 0.0.111
end-workflow	Checkout repository	2026-02-26T22:25:14.8045667Z  * [new tag]             0.0.112                -> 0.0.112
end-workflow	Checkout repository	2026-02-26T22:25:14.8046056Z  * [new tag]             0.0.113                -> 0.0.113
end-workflow	Checkout repository	2026-02-26T22:25:14.8046976Z  * [new tag]             0.0.114                -> 0.0.114
end-workflow	Checkout repository	2026-02-26T22:25:14.8047385Z  * [new tag]             0.0.115                -> 0.0.115
end-workflow	Checkout repository	2026-02-26T22:25:14.8047790Z  * [new tag]             0.0.116                -> 0.0.116
end-workflow	Checkout repository	2026-02-26T22:25:14.8048261Z  * [new tag]             0.0.117                -> 0.0.117
end-workflow	Checkout repository	2026-02-26T22:25:14.8048982Z  * [new tag]             0.0.118                -> 0.0.118
end-workflow	Checkout repository	2026-02-26T22:25:14.8049389Z  * [new tag]             0.0.119                -> 0.0.119
end-workflow	Checkout repository	2026-02-26T22:25:14.8049771Z  * [new tag]             0.0.12                 -> 0.0.12
end-workflow	Checkout repository	2026-02-26T22:25:14.8050157Z  * [new tag]             0.0.120                -> 0.0.120
end-workflow	Checkout repository	2026-02-26T22:25:14.8050688Z  * [new tag]             0.0.121                -> 0.0.121
end-workflow	Checkout repository	2026-02-26T22:25:14.8051353Z  * [new tag]             0.0.122                -> 0.0.122
end-workflow	Checkout repository	2026-02-26T22:25:14.8051751Z  * [new tag]             0.0.123                -> 0.0.123
end-workflow	Checkout repository	2026-02-26T22:25:14.8052701Z  * [new tag]             0.0.124                -> 0.0.124
end-workflow	Checkout repository	2026-02-26T22:25:14.8053112Z  * [new tag]             0.0.125                -> 0.0.125
end-workflow	Checkout repository	2026-02-26T22:25:14.8053550Z  * [new tag]             0.0.126                -> 0.0.126
end-workflow	Checkout repository	2026-02-26T22:25:14.8053951Z  * [new tag]             0.0.127                -> 0.0.127
end-workflow	Checkout repository	2026-02-26T22:25:14.8054341Z  * [new tag]             0.0.128                -> 0.0.128
end-workflow	Checkout repository	2026-02-26T22:25:14.8054958Z  * [new tag]             0.0.129                -> 0.0.129
end-workflow	Checkout repository	2026-02-26T22:25:14.8055361Z  * [new tag]             0.0.13                 -> 0.0.13
end-workflow	Checkout repository	2026-02-26T22:25:14.8055752Z  * [new tag]             0.0.130                -> 0.0.130
end-workflow	Checkout repository	2026-02-26T22:25:14.8056149Z  * [new tag]             0.0.131                -> 0.0.131
end-workflow	Checkout repository	2026-02-26T22:25:14.8056543Z  * [new tag]             0.0.132                -> 0.0.132
end-workflow	Checkout repository	2026-02-26T22:25:14.8056939Z  * [new tag]             0.0.133                -> 0.0.133
end-workflow	Checkout repository	2026-02-26T22:25:14.8057328Z  * [new tag]             0.0.134                -> 0.0.134
end-workflow	Checkout repository	2026-02-26T22:25:14.8057760Z  * [new tag]             0.0.135                -> 0.0.135
end-workflow	Checkout repository	2026-02-26T22:25:14.8058164Z  * [new tag]             0.0.136                -> 0.0.136
end-workflow	Checkout repository	2026-02-26T22:25:14.8058556Z  * [new tag]             0.0.137                -> 0.0.137
end-workflow	Checkout repository	2026-02-26T22:25:14.8058949Z  * [new tag]             0.0.138                -> 0.0.138
end-workflow	Checkout repository	2026-02-26T22:25:14.8059340Z  * [new tag]             0.0.139                -> 0.0.139
end-workflow	Checkout repository	2026-02-26T22:25:14.8059740Z  * [new tag]             0.0.14                 -> 0.0.14
end-workflow	Checkout repository	2026-02-26T22:25:14.8060133Z  * [new tag]             0.0.140                -> 0.0.140
end-workflow	Checkout repository	2026-02-26T22:25:14.8060533Z  * [new tag]             0.0.141                -> 0.0.141
end-workflow	Checkout repository	2026-02-26T22:25:14.8060932Z  * [new tag]             0.0.142                -> 0.0.142
end-workflow	Checkout repository	2026-02-26T22:25:14.8061322Z  * [new tag]             0.0.143                -> 0.0.143
end-workflow	Checkout repository	2026-02-26T22:25:14.8061720Z  * [new tag]             0.0.144                -> 0.0.144
end-workflow	Checkout repository	2026-02-26T22:25:14.8062129Z  * [new tag]             0.0.145                -> 0.0.145
end-workflow	Checkout repository	2026-02-26T22:25:14.8062532Z  * [new tag]             0.0.146                -> 0.0.146
end-workflow	Checkout repository	2026-02-26T22:25:14.8062925Z  * [new tag]             0.0.147                -> 0.0.147
end-workflow	Checkout repository	2026-02-26T22:25:14.8063322Z  * [new tag]             0.0.148                -> 0.0.148
end-workflow	Checkout repository	2026-02-26T22:25:14.8063718Z  * [new tag]             0.0.149                -> 0.0.149
end-workflow	Checkout repository	2026-02-26T22:25:14.8064141Z  * [new tag]             0.0.15                 -> 0.0.15
end-workflow	Checkout repository	2026-02-26T22:25:14.8064776Z  * [new tag]             0.0.150                -> 0.0.150
end-workflow	Checkout repository	2026-02-26T22:25:14.8065187Z  * [new tag]             0.0.151                -> 0.0.151
end-workflow	Checkout repository	2026-02-26T22:25:14.8065583Z  * [new tag]             0.0.152                -> 0.0.152
end-workflow	Checkout repository	2026-02-26T22:25:14.8065993Z  * [new tag]             0.0.153                -> 0.0.153
end-workflow	Checkout repository	2026-02-26T22:25:14.8066403Z  * [new tag]             0.0.154                -> 0.0.154
end-workflow	Checkout repository	2026-02-26T22:25:14.8066812Z  * [new tag]             0.0.155                -> 0.0.155
end-workflow	Checkout repository	2026-02-26T22:25:14.8067228Z  * [new tag]             0.0.156                -> 0.0.156
end-workflow	Checkout repository	2026-02-26T22:25:14.8067894Z  * [new tag]             0.0.157                -> 0.0.157
end-workflow	Checkout repository	2026-02-26T22:25:14.8068307Z  * [new tag]             0.0.158                -> 0.0.158
end-workflow	Checkout repository	2026-02-26T22:25:14.8068708Z  * [new tag]             0.0.159                -> 0.0.159
end-workflow	Checkout repository	2026-02-26T22:25:14.8069119Z  * [new tag]             0.0.16                 -> 0.0.16
end-workflow	Checkout repository	2026-02-26T22:25:14.8069520Z  * [new tag]             0.0.160                -> 0.0.160
end-workflow	Checkout repository	2026-02-26T22:25:14.8069922Z  * [new tag]             0.0.161                -> 0.0.161
end-workflow	Checkout repository	2026-02-26T22:25:14.8070326Z  * [new tag]             0.0.162                -> 0.0.162
end-workflow	Checkout repository	2026-02-26T22:25:14.8070740Z  * [new tag]             0.0.163                -> 0.0.163
end-workflow	Checkout repository	2026-02-26T22:25:14.8071144Z  * [new tag]             0.0.164                -> 0.0.164
end-workflow	Checkout repository	2026-02-26T22:25:14.8071551Z  * [new tag]             0.0.165                -> 0.0.165
end-workflow	Checkout repository	2026-02-26T22:25:14.8071960Z  * [new tag]             0.0.166                -> 0.0.166
end-workflow	Checkout repository	2026-02-26T22:25:14.8072579Z  * [new tag]             0.0.167                -> 0.0.167
end-workflow	Checkout repository	2026-02-26T22:25:14.8073120Z  * [new tag]             0.0.168                -> 0.0.168
end-workflow	Checkout repository	2026-02-26T22:25:14.8073534Z  * [new tag]             0.0.169                -> 0.0.169
end-workflow	Checkout repository	2026-02-26T22:25:14.8073942Z  * [new tag]             0.0.17                 -> 0.0.17
end-workflow	Checkout repository	2026-02-26T22:25:14.8074411Z  * [new tag]             0.0.170                -> 0.0.170
end-workflow	Checkout repository	2026-02-26T22:25:14.8075094Z  * [new tag]             0.0.171                -> 0.0.171
end-workflow	Checkout repository	2026-02-26T22:25:14.8075516Z  * [new tag]             0.0.172                -> 0.0.172
end-workflow	Checkout repository	2026-02-26T22:25:14.8089416Z  * [new tag]             0.0.173                -> 0.0.173
end-workflow	Checkout repository	2026-02-26T22:25:14.8089937Z  * [new tag]             0.0.174                -> 0.0.174
end-workflow	Checkout repository	2026-02-26T22:25:14.8090366Z  * [new tag]             0.0.175                -> 0.0.175
end-workflow	Checkout repository	2026-02-26T22:25:14.8090781Z  * [new tag]             0.0.176                -> 0.0.176
end-workflow	Checkout repository	2026-02-26T22:25:14.8091261Z  * [new tag]             0.0.177                -> 0.0.177
end-workflow	Checkout repository	2026-02-26T22:25:14.8091695Z  * [new tag]             0.0.178                -> 0.0.178
end-workflow	Checkout repository	2026-02-26T22:25:14.8092110Z  * [new tag]             0.0.179                -> 0.0.179
end-workflow	Checkout repository	2026-02-26T22:25:14.8092524Z  * [new tag]             0.0.18                 -> 0.0.18
end-workflow	Checkout repository	2026-02-26T22:25:14.8092956Z  * [new tag]             0.0.19                 -> 0.0.19
end-workflow	Checkout repository	2026-02-26T22:25:14.8093384Z  * [new tag]             0.0.2                  -> 0.0.2
end-workflow	Checkout repository	2026-02-26T22:25:14.8093807Z  * [new tag]             0.0.20                 -> 0.0.20
end-workflow	Checkout repository	2026-02-26T22:25:14.8094232Z  * [new tag]             0.0.21                 -> 0.0.21
end-workflow	Checkout repository	2026-02-26T22:25:14.8095589Z  * [new tag]             0.0.22                 -> 0.0.22
end-workflow	Checkout repository	2026-02-26T22:25:14.8096035Z  * [new tag]             0.0.23                 -> 0.0.23
end-workflow	Checkout repository	2026-02-26T22:25:14.8096439Z  * [new tag]             0.0.24                 -> 0.0.24
end-workflow	Checkout repository	2026-02-26T22:25:14.8096848Z  * [new tag]             0.0.25                 -> 0.0.25
end-workflow	Checkout repository	2026-02-26T22:25:14.8097288Z  * [new tag]             0.0.26                 -> 0.0.26
end-workflow	Checkout repository	2026-02-26T22:25:14.8097705Z  * [new tag]             0.0.27                 -> 0.0.27
end-workflow	Checkout repository	2026-02-26T22:25:14.8098111Z  * [new tag]             0.0.28                 -> 0.0.28
end-workflow	Checkout repository	2026-02-26T22:25:14.8098508Z  * [new tag]             0.0.29                 -> 0.0.29
end-workflow	Checkout repository	2026-02-26T22:25:14.8098916Z  * [new tag]             0.0.3                  -> 0.0.3
end-workflow	Checkout repository	2026-02-26T22:25:14.8099313Z  * [new tag]             0.0.30                 -> 0.0.30
end-workflow	Checkout repository	2026-02-26T22:25:14.8099720Z  * [new tag]             0.0.31                 -> 0.0.31
end-workflow	Checkout repository	2026-02-26T22:25:14.8100124Z  * [new tag]             0.0.32                 -> 0.0.32
end-workflow	Checkout repository	2026-02-26T22:25:14.8100519Z  * [new tag]             0.0.33                 -> 0.0.33
end-workflow	Checkout repository	2026-02-26T22:25:14.8100927Z  * [new tag]             0.0.34                 -> 0.0.34
end-workflow	Checkout repository	2026-02-26T22:25:14.8101328Z  * [new tag]             0.0.35                 -> 0.0.35
end-workflow	Checkout repository	2026-02-26T22:25:14.8101733Z  * [new tag]             0.0.36                 -> 0.0.36
end-workflow	Checkout repository	2026-02-26T22:25:14.8103810Z  * [new tag]             0.0.37                 -> 0.0.37
end-workflow	Checkout repository	2026-02-26T22:25:14.8104221Z  * [new tag]             0.0.38                 -> 0.0.38
end-workflow	Checkout repository	2026-02-26T22:25:14.8104792Z  * [new tag]             0.0.39                 -> 0.0.39
end-workflow	Checkout repository	2026-02-26T22:25:14.8105235Z  * [new tag]             0.0.4                  -> 0.0.4
end-workflow	Checkout repository	2026-02-26T22:25:14.8105634Z  * [new tag]             0.0.40                 -> 0.0.40
end-workflow	Checkout repository	2026-02-26T22:25:14.8106081Z  * [new tag]             0.0.41                 -> 0.0.41
end-workflow	Checkout repository	2026-02-26T22:25:14.8106493Z  * [new tag]             0.0.42                 -> 0.0.42
end-workflow	Checkout repository	2026-02-26T22:25:14.8106900Z  * [new tag]             0.0.43                 -> 0.0.43
end-workflow	Checkout repository	2026-02-26T22:25:14.8107303Z  * [new tag]             0.0.44                 -> 0.0.44
end-workflow	Checkout repository	2026-02-26T22:25:14.8107701Z  * [new tag]             0.0.45                 -> 0.0.45
end-workflow	Checkout repository	2026-02-26T22:25:14.8108103Z  * [new tag]             0.0.46                 -> 0.0.46
end-workflow	Checkout repository	2026-02-26T22:25:14.8108502Z  * [new tag]             0.0.47                 -> 0.0.47
end-workflow	Checkout repository	2026-02-26T22:25:14.8109170Z  * [new tag]             0.0.48                 -> 0.0.48
end-workflow	Checkout repository	2026-02-26T22:25:14.8109570Z  * [new tag]             0.0.49                 -> 0.0.49
end-workflow	Checkout repository	2026-02-26T22:25:14.8109977Z  * [new tag]             0.0.5                  -> 0.0.5
end-workflow	Checkout repository	2026-02-26T22:25:14.8110377Z  * [new tag]             0.0.50                 -> 0.0.50
end-workflow	Checkout repository	2026-02-26T22:25:14.8110774Z  * [new tag]             0.0.51                 -> 0.0.51
end-workflow	Checkout repository	2026-02-26T22:25:14.8111176Z  * [new tag]             0.0.52                 -> 0.0.52
end-workflow	Checkout repository	2026-02-26T22:25:14.8111574Z  * [new tag]             0.0.53                 -> 0.0.53
end-workflow	Checkout repository	2026-02-26T22:25:14.8111973Z  * [new tag]             0.0.54                 -> 0.0.54
end-workflow	Checkout repository	2026-02-26T22:25:14.8112368Z  * [new tag]             0.0.55                 -> 0.0.55
end-workflow	Checkout repository	2026-02-26T22:25:14.8112773Z  * [new tag]             0.0.56                 -> 0.0.56
end-workflow	Checkout repository	2026-02-26T22:25:14.8113180Z  * [new tag]             0.0.57                 -> 0.0.57
end-workflow	Checkout repository	2026-02-26T22:25:14.8113583Z  * [new tag]             0.0.58                 -> 0.0.58
end-workflow	Checkout repository	2026-02-26T22:25:14.8114003Z  * [new tag]             0.0.59                 -> 0.0.59
end-workflow	Checkout repository	2026-02-26T22:25:14.8114404Z  * [new tag]             0.0.6                  -> 0.0.6
end-workflow	Checkout repository	2026-02-26T22:25:14.8115172Z  * [new tag]             0.0.60                 -> 0.0.60
end-workflow	Checkout repository	2026-02-26T22:25:14.8115560Z  * [new tag]             0.0.61                 -> 0.0.61
end-workflow	Checkout repository	2026-02-26T22:25:14.8115946Z  * [new tag]             0.0.62                 -> 0.0.62
end-workflow	Checkout repository	2026-02-26T22:25:14.8116326Z  * [new tag]             0.0.63                 -> 0.0.63
end-workflow	Checkout repository	2026-02-26T22:25:14.8116714Z  * [new tag]             0.0.64                 -> 0.0.64
end-workflow	Checkout repository	2026-02-26T22:25:14.8117100Z  * [new tag]             0.0.65                 -> 0.0.65
end-workflow	Checkout repository	2026-02-26T22:25:14.8117481Z  * [new tag]             0.0.66                 -> 0.0.66
end-workflow	Checkout repository	2026-02-26T22:25:14.8117865Z  * [new tag]             0.0.67                 -> 0.0.67
end-workflow	Checkout repository	2026-02-26T22:25:14.8118239Z  * [new tag]             0.0.68                 -> 0.0.68
end-workflow	Checkout repository	2026-02-26T22:25:14.8118634Z  * [new tag]             0.0.69                 -> 0.0.69
end-workflow	Checkout repository	2026-02-26T22:25:14.8119025Z  * [new tag]             0.0.7                  -> 0.0.7
end-workflow	Checkout repository	2026-02-26T22:25:14.8119409Z  * [new tag]             0.0.70                 -> 0.0.70
end-workflow	Checkout repository	2026-02-26T22:25:14.8119791Z  * [new tag]             0.0.71                 -> 0.0.71
end-workflow	Checkout repository	2026-02-26T22:25:14.8120171Z  * [new tag]             0.0.72                 -> 0.0.72
end-workflow	Checkout repository	2026-02-26T22:25:14.8120663Z  * [new tag]             0.0.73                 -> 0.0.73
end-workflow	Checkout repository	2026-02-26T22:25:14.8121053Z  * [new tag]             0.0.74                 -> 0.0.74
end-workflow	Checkout repository	2026-02-26T22:25:14.8121433Z  * [new tag]             0.0.75                 -> 0.0.75
end-workflow	Checkout repository	2026-02-26T22:25:14.8121825Z  * [new tag]             0.0.76                 -> 0.0.76
end-workflow	Checkout repository	2026-02-26T22:25:14.8122204Z  * [new tag]             0.0.77                 -> 0.0.77
end-workflow	Checkout repository	2026-02-26T22:25:14.8122586Z  * [new tag]             0.0.78                 -> 0.0.78
end-workflow	Checkout repository	2026-02-26T22:25:14.8122969Z  * [new tag]             0.0.79                 -> 0.0.79
end-workflow	Checkout repository	2026-02-26T22:25:14.8123511Z  * [new tag]             0.0.8                  -> 0.0.8
end-workflow	Checkout repository	2026-02-26T22:25:14.8124153Z  * [new tag]             0.0.80                 -> 0.0.80
end-workflow	Checkout repository	2026-02-26T22:25:14.8124681Z  * [new tag]             0.0.81                 -> 0.0.81
end-workflow	Checkout repository	2026-02-26T22:25:14.8125322Z  * [new tag]             0.0.82                 -> 0.0.82
end-workflow	Checkout repository	2026-02-26T22:25:14.8125694Z  * [new tag]             0.0.83                 -> 0.0.83
end-workflow	Checkout repository	2026-02-26T22:25:14.8126072Z  * [new tag]             0.0.84                 -> 0.0.84
end-workflow	Checkout repository	2026-02-26T22:25:14.8126442Z  * [new tag]             0.0.85                 -> 0.0.85
end-workflow	Checkout repository	2026-02-26T22:25:14.8126819Z  * [new tag]             0.0.86                 -> 0.0.86
end-workflow	Checkout repository	2026-02-26T22:25:14.8127196Z  * [new tag]             0.0.87                 -> 0.0.87
end-workflow	Checkout repository	2026-02-26T22:25:14.8127566Z  * [new tag]             0.0.88                 -> 0.0.88
end-workflow	Checkout repository	2026-02-26T22:25:14.8127940Z  * [new tag]             0.0.89                 -> 0.0.89
end-workflow	Checkout repository	2026-02-26T22:25:14.8128312Z  * [new tag]             0.0.9                  -> 0.0.9
end-workflow	Checkout repository	2026-02-26T22:25:14.8128902Z  * [new tag]             0.0.90                 -> 0.0.90
end-workflow	Checkout repository	2026-02-26T22:25:14.8129276Z  * [new tag]             0.0.91                 -> 0.0.91
end-workflow	Checkout repository	2026-02-26T22:25:14.8129651Z  * [new tag]             0.0.92                 -> 0.0.92
end-workflow	Checkout repository	2026-02-26T22:25:14.8130026Z  * [new tag]             0.0.93                 -> 0.0.93
end-workflow	Checkout repository	2026-02-26T22:25:14.8130398Z  * [new tag]             0.0.94                 -> 0.0.94
end-workflow	Checkout repository	2026-02-26T22:25:14.8130771Z  * [new tag]             0.0.95                 -> 0.0.95
end-workflow	Checkout repository	2026-02-26T22:25:14.8131140Z  * [new tag]             0.0.96                 -> 0.0.96
end-workflow	Checkout repository	2026-02-26T22:25:14.8131511Z  * [new tag]             0.0.97                 -> 0.0.97
end-workflow	Checkout repository	2026-02-26T22:25:14.8131882Z  * [new tag]             0.0.98                 -> 0.0.98
end-workflow	Checkout repository	2026-02-26T22:25:14.8132257Z  * [new tag]             0.0.99                 -> 0.0.99
end-workflow	Checkout repository	2026-02-26T22:25:14.8132632Z  * [new tag]             0.1.0                  -> 0.1.0
end-workflow	Checkout repository	2026-02-26T22:25:14.8133001Z  * [new tag]             0.1.1                  -> 0.1.1
end-workflow	Checkout repository	2026-02-26T22:25:14.8133390Z  * [new tag]             0.2.0                  -> 0.2.0
end-workflow	Checkout repository	2026-02-26T22:25:14.8133759Z  * [new tag]             0.3.0                  -> 0.3.0
end-workflow	Checkout repository	2026-02-26T22:25:14.8134130Z  * [new tag]             0.3.1                  -> 0.3.1
end-workflow	Checkout repository	2026-02-26T22:25:14.8134939Z  * [new tag]             0.3.10                 -> 0.3.10
end-workflow	Checkout repository	2026-02-26T22:25:14.8135458Z  * [new tag]             0.3.11                 -> 0.3.11
end-workflow	Checkout repository	2026-02-26T22:25:14.8135879Z  * [new tag]             0.3.12                 -> 0.3.12
end-workflow	Checkout repository	2026-02-26T22:25:14.8136391Z  * [new tag]             0.3.13                 -> 0.3.13
end-workflow	Checkout repository	2026-02-26T22:25:14.8136775Z  * [new tag]             0.3.14                 -> 0.3.14
end-workflow	Checkout repository	2026-02-26T22:25:14.8137154Z  * [new tag]             0.3.15                 -> 0.3.15
end-workflow	Checkout repository	2026-02-26T22:25:14.8137528Z  * [new tag]             0.3.16                 -> 0.3.16
end-workflow	Checkout repository	2026-02-26T22:25:14.8137909Z  * [new tag]             0.3.17                 -> 0.3.17
end-workflow	Checkout repository	2026-02-26T22:25:14.8138292Z  * [new tag]             0.3.2                  -> 0.3.2
end-workflow	Checkout repository	2026-02-26T22:25:14.8138686Z  * [new tag]             0.3.3                  -> 0.3.3
end-workflow	Checkout repository	2026-02-26T22:25:14.8139061Z  * [new tag]             0.3.4                  -> 0.3.4
end-workflow	Checkout repository	2026-02-26T22:25:14.8139429Z  * [new tag]             0.3.5                  -> 0.3.5
end-workflow	Checkout repository	2026-02-26T22:25:14.8139806Z  * [new tag]             0.3.6                  -> 0.3.6
end-workflow	Checkout repository	2026-02-26T22:25:14.8140175Z  * [new tag]             0.3.7                  -> 0.3.7
end-workflow	Checkout repository	2026-02-26T22:25:14.8140550Z  * [new tag]             0.3.8                  -> 0.3.8
end-workflow	Checkout repository	2026-02-26T22:25:14.8140923Z  * [new tag]             0.3.9                  -> 0.3.9
end-workflow	Checkout repository	2026-02-26T22:25:14.8141298Z  * [new tag]             0.4.0                  -> 0.4.0
end-workflow	Checkout repository	2026-02-26T22:25:14.8141671Z  * [new tag]             0.4.1                  -> 0.4.1
end-workflow	Checkout repository	2026-02-26T22:25:14.8142043Z  * [new tag]             0.4.2                  -> 0.4.2
end-workflow	Checkout repository	2026-02-26T22:25:14.8142413Z  * [new tag]             0.4.3                  -> 0.4.3
end-workflow	Checkout repository	2026-02-26T22:25:14.8142793Z  * [new tag]             0.4.4                  -> 0.4.4
end-workflow	Checkout repository	2026-02-26T22:25:14.8143426Z  * [new tag]             0.4.5                  -> 0.4.5
end-workflow	Checkout repository	2026-02-26T22:25:14.8143796Z  * [new tag]             0.4.6                  -> 0.4.6
end-workflow	Checkout repository	2026-02-26T22:25:14.8144168Z  * [new tag]             0.4.7                  -> 0.4.7
end-workflow	Checkout repository	2026-02-26T22:25:14.8144758Z  * [new tag]             0.4.8                  -> 0.4.8
end-workflow	Checkout repository	2026-02-26T22:25:14.8145466Z  * [new tag]             0.4.9                  -> 0.4.9
end-workflow	Checkout repository	2026-02-26T22:25:14.8145841Z  * [new tag]             0.5.0                  -> 0.5.0
end-workflow	Checkout repository	2026-02-26T22:25:14.8146206Z  * [new tag]             0.5.1                  -> 0.5.1
end-workflow	Checkout repository	2026-02-26T22:25:14.8146574Z  * [new tag]             0.5.2                  -> 0.5.2
end-workflow	Checkout repository	2026-02-26T22:25:14.8146939Z  * [new tag]             0.6.0                  -> 0.6.0
end-workflow	Checkout repository	2026-02-26T22:25:14.8147309Z  * [new tag]             0.6.1                  -> 0.6.1
end-workflow	Checkout repository	2026-02-26T22:25:14.8147678Z  * [new tag]             0.6.2                  -> 0.6.2
end-workflow	Checkout repository	2026-02-26T22:25:14.8148296Z  * [new tag]             0.6.3                  -> 0.6.3
end-workflow	Checkout repository	2026-02-26T22:25:14.8148679Z  * [new tag]             0.6.4                  -> 0.6.4
end-workflow	Checkout repository	2026-02-26T22:25:14.8149048Z  * [new tag]             0.6.5                  -> 0.6.5
end-workflow	Checkout repository	2026-02-26T22:25:14.8149416Z  * [new tag]             0.6.6                  -> 0.6.6
end-workflow	Checkout repository	2026-02-26T22:25:14.8434105Z [command]/usr/bin/git branch --list --remote origin/main
end-workflow	Checkout repository	2026-02-26T22:25:14.8513646Z   origin/main
end-workflow	Checkout repository	2026-02-26T22:25:14.8524435Z [command]/usr/bin/git rev-parse refs/remotes/origin/main
end-workflow	Checkout repository	2026-02-26T22:25:14.8560385Z 97671a71ab3fa052effc8a6425e7ef211e274c20
end-workflow	Checkout repository	2026-02-26T22:25:14.8598082Z [command]/usr/bin/git -c protocol.version=2 fetch --no-tags --prune --no-recurse-submodules origin +4b787b39eca826ea71fba23c57eb0a205bc40fcd:refs/remotes/origin/main
end-workflow	Checkout repository	2026-02-26T22:25:14.8787179Z From https://github.com/Ka0s-Klaus/ka0s
end-workflow	Checkout repository	2026-02-26T22:25:14.8788393Z  + 97671a71a...4b787b39e 4b787b39eca826ea71fba23c57eb0a205bc40fcd -> origin/main  (forced update)
end-workflow	Checkout repository	2026-02-26T22:25:14.8837736Z ##[endgroup]
end-workflow	Checkout repository	2026-02-26T22:25:14.8838390Z ##[group]Determining the checkout info
end-workflow	Checkout repository	2026-02-26T22:25:14.8838886Z ##[endgroup]
end-workflow	Checkout repository	2026-02-26T22:25:14.8844271Z [command]/usr/bin/git sparse-checkout disable
end-workflow	Checkout repository	2026-02-26T22:25:14.8903026Z [command]/usr/bin/git config --local --unset-all extensions.worktreeConfig
end-workflow	Checkout repository	2026-02-26T22:25:14.8950415Z ##[group]Checking out the ref
end-workflow	Checkout repository	2026-02-26T22:25:14.8957670Z [command]/usr/bin/git checkout --progress --force -B main refs/remotes/origin/main
end-workflow	Checkout repository	2026-02-26T22:25:15.1677399Z Switched to a new branch 'main'
end-workflow	Checkout repository	2026-02-26T22:25:15.1680890Z branch 'main' set up to track 'origin/main'.
end-workflow	Checkout repository	2026-02-26T22:25:15.1719939Z ##[endgroup]
end-workflow	Checkout repository	2026-02-26T22:25:15.1773696Z [command]/usr/bin/git log -1 --format=%H
end-workflow	Checkout repository	2026-02-26T22:25:15.1809699Z 4b787b39eca826ea71fba23c57eb0a205bc40fcd
end-workflow	Install GH CLI	ï»¿2026-02-26T22:25:15.2079497Z Prepare all required actions
end-workflow	Install GH CLI	2026-02-26T22:25:15.2228382Z ##[group]Run ./.github/actions/install-gh-cli
end-workflow	Install GH CLI	2026-02-26T22:25:15.2228740Z env:
end-workflow	Install GH CLI	2026-02-26T22:25:15.2228964Z   KAOS_MODULE: [Ka0s] Audit Cluster Status
end-workflow	Install GH CLI	2026-02-26T22:25:15.2229269Z   KAOS_CODE: 22463782730
end-workflow	Install GH CLI	2026-02-26T22:25:15.2229490Z ##[endgroup]
end-workflow	Install GH CLI	2026-02-26T22:25:15.2343391Z ##[group]Run type -p curl >/dev/null || (sudo apt-get update && sudo apt-get install curl -y)
end-workflow	Install GH CLI	2026-02-26T22:25:15.2344141Z [36;1mtype -p curl >/dev/null || (sudo apt-get update && sudo apt-get install curl -y)[0m
end-workflow	Install GH CLI	2026-02-26T22:25:15.2345278Z [36;1mcurl -fsSL https://cli.github.com/packages/githubcli-archive-keyring.gpg | sudo dd of=/usr/share/keyrings/githubcli-archive-keyring.gpg \[0m
end-workflow	Install GH CLI	2026-02-26T22:25:15.2346244Z [36;1m&& sudo chmod go+r /usr/share/keyrings/githubcli-archive-keyring.gpg \[0m
end-workflow	Install GH CLI	2026-02-26T22:25:15.2347347Z [36;1m&& echo "deb [arch=$(dpkg --print-architecture) signed-by=/usr/share/keyrings/githubcli-archive-keyring.gpg] https://cli.github.com/packages stable main" | sudo tee /etc/apt/sources.list.d/github-cli.list > /dev/null \[0m
end-workflow	Install GH CLI	2026-02-26T22:25:15.2348427Z [36;1m&& sudo apt-get update \[0m
end-workflow	Install GH CLI	2026-02-26T22:25:15.2348716Z [36;1m&& sudo apt-get install gh -y[0m
end-workflow	Install GH CLI	2026-02-26T22:25:15.2366251Z shell: /usr/bin/bash --noprofile --norc -e -o pipefail {0}
end-workflow	Install GH CLI	2026-02-26T22:25:15.2366623Z env:
end-workflow	Install GH CLI	2026-02-26T22:25:15.2366841Z   KAOS_MODULE: [Ka0s] Audit Cluster Status
end-workflow	Install GH CLI	2026-02-26T22:25:15.2367119Z   KAOS_CODE: 22463782730
end-workflow	Install GH CLI	2026-02-26T22:25:15.2367459Z ##[endgroup]
end-workflow	Install GH CLI	2026-02-26T22:25:15.3572609Z 4+1 records in
end-workflow	Install GH CLI	2026-02-26T22:25:15.3572884Z 4+1 records out
end-workflow	Install GH CLI	2026-02-26T22:25:15.3573161Z 2270 bytes (2.3 kB, 2.2 KiB) copied, 0.0941284 s, 24.1 kB/s
end-workflow	Install GH CLI	2026-02-26T22:25:15.5233985Z Get:1 http://security.ubuntu.com/ubuntu noble-security InRelease [126 kB]
end-workflow	Install GH CLI	2026-02-26T22:25:15.5284051Z Get:2 https://cli.github.com/packages stable InRelease [3917 B]
end-workflow	Install GH CLI	2026-02-26T22:25:15.6240331Z Get:3 https://cli.github.com/packages stable/main amd64 Packages [357 B]
end-workflow	Install GH CLI	2026-02-26T22:25:15.6558485Z Get:4 https://ppa.launchpadcontent.net/git-core/ppa/ubuntu noble InRelease [24.3 kB]
end-workflow	Install GH CLI	2026-02-26T22:25:15.6733318Z Get:5 http://archive.ubuntu.com/ubuntu noble InRelease [256 kB]
end-workflow	Install GH CLI	2026-02-26T22:25:15.7271910Z Get:6 http://security.ubuntu.com/ubuntu noble-security/multiverse amd64 Packages [34.8 kB]
end-workflow	Install GH CLI	2026-02-26T22:25:15.7595557Z Get:7 http://security.ubuntu.com/ubuntu noble-security/universe amd64 Packages [1242 kB]
end-workflow	Install GH CLI	2026-02-26T22:25:15.8086517Z Get:8 https://ppa.launchpadcontent.net/git-core/ppa/ubuntu noble/main amd64 Packages [2992 B]
end-workflow	Install GH CLI	2026-02-26T22:25:15.8564154Z Get:9 http://security.ubuntu.com/ubuntu noble-security/restricted amd64 Packages [3262 kB]
end-workflow	Install GH CLI	2026-02-26T22:25:15.9195903Z Get:10 http://security.ubuntu.com/ubuntu noble-security/main amd64 Packages [1883 kB]
end-workflow	Install GH CLI	2026-02-26T22:25:16.2538515Z Get:11 http://archive.ubuntu.com/ubuntu noble-updates InRelease [126 kB]
end-workflow	Install GH CLI	2026-02-26T22:25:16.4007273Z Get:12 http://archive.ubuntu.com/ubuntu noble-backports InRelease [126 kB]
end-workflow	Install GH CLI	2026-02-26T22:25:16.5408641Z Get:13 http://archive.ubuntu.com/ubuntu noble/restricted amd64 Packages [117 kB]
end-workflow	Install GH CLI	2026-02-26T22:25:16.5776385Z Get:14 http://archive.ubuntu.com/ubuntu noble/multiverse amd64 Packages [331 kB]
end-workflow	Install GH CLI	2026-02-26T22:25:16.6793132Z Get:15 http://archive.ubuntu.com/ubuntu noble/main amd64 Packages [1808 kB]
end-workflow	Install GH CLI	2026-02-26T22:25:16.9023153Z Get:16 http://archive.ubuntu.com/ubuntu noble/universe amd64 Packages [19.3 MB]
end-workflow	Install GH CLI	2026-02-26T22:25:17.4785400Z Get:17 http://archive.ubuntu.com/ubuntu noble-updates/universe amd64 Packages [2017 kB]
end-workflow	Install GH CLI	2026-02-26T22:25:17.5046657Z Get:18 http://archive.ubuntu.com/ubuntu noble-updates/multiverse amd64 Packages [38.1 kB]
end-workflow	Install GH CLI	2026-02-26T22:25:17.5052160Z Get:19 http://archive.ubuntu.com/ubuntu noble-updates/restricted amd64 Packages [3471 kB]
end-workflow	Install GH CLI	2026-02-26T22:25:17.6239721Z Get:20 http://archive.ubuntu.com/ubuntu noble-updates/main amd64 Packages [2276 kB]
end-workflow	Install GH CLI	2026-02-26T22:25:17.6687155Z Get:21 http://archive.ubuntu.com/ubuntu noble-backports/main amd64 Packages [49.5 kB]
end-workflow	Install GH CLI	2026-02-26T22:25:17.6691773Z Get:22 http://archive.ubuntu.com/ubuntu noble-backports/universe amd64 Packages [34.6 kB]
end-workflow	Install GH CLI	2026-02-26T22:25:18.7144076Z Fetched 36.5 MB in 3s (11.2 MB/s)
end-workflow	Install GH CLI	2026-02-26T22:25:19.7840098Z Reading package lists...
end-workflow	Install GH CLI	2026-02-26T22:25:20.8904044Z Reading package lists...
end-workflow	Install GH CLI	2026-02-26T22:25:21.1385617Z Building dependency tree...
end-workflow	Install GH CLI	2026-02-26T22:25:21.1387034Z Reading state information...
end-workflow	Install GH CLI	2026-02-26T22:25:21.5443579Z The following NEW packages will be installed:
end-workflow	Install GH CLI	2026-02-26T22:25:21.5465196Z   gh
end-workflow	Install GH CLI	2026-02-26T22:25:21.6231893Z 0 upgraded, 1 newly installed, 0 to remove and 0 not upgraded.
end-workflow	Install GH CLI	2026-02-26T22:25:21.6232347Z Need to get 13.8 MB of archives.
end-workflow	Install GH CLI	2026-02-26T22:25:21.6232711Z After this operation, 38.5 MB of additional disk space will be used.
end-workflow	Install GH CLI	2026-02-26T22:25:21.6233258Z Get:1 https://cli.github.com/packages stable/main amd64 gh amd64 2.87.3 [13.8 MB]
end-workflow	Install GH CLI	2026-02-26T22:25:21.9580246Z debconf: delaying package configuration, since apt-utils is not installed
end-workflow	Install GH CLI	2026-02-26T22:25:22.0005154Z Fetched 13.8 MB in 0s (59.1 MB/s)
end-workflow	Install GH CLI	2026-02-26T22:25:22.0315329Z Selecting previously unselected package gh.
end-workflow	Install GH CLI	2026-02-26T22:25:22.0352751Z (Reading database ... 
end-workflow	Install GH CLI	2026-02-26T22:25:22.0353054Z (Reading database ... 5%
end-workflow	Install GH CLI	2026-02-26T22:25:22.0353303Z (Reading database ... 10%
end-workflow	Install GH CLI	2026-02-26T22:25:22.0353549Z (Reading database ... 15%
end-workflow	Install GH CLI	2026-02-26T22:25:22.0354157Z (Reading database ... 20%
end-workflow	Install GH CLI	2026-02-26T22:25:22.0354393Z (Reading database ... 25%
end-workflow	Install GH CLI	2026-02-26T22:25:22.0354772Z (Reading database ... 30%
end-workflow	Install GH CLI	2026-02-26T22:25:22.0355008Z (Reading database ... 35%
end-workflow	Install GH CLI	2026-02-26T22:25:22.0355240Z (Reading database ... 40%
end-workflow	Install GH CLI	2026-02-26T22:25:22.0355467Z (Reading database ... 45%
end-workflow	Install GH CLI	2026-02-26T22:25:22.0355700Z (Reading database ... 50%
end-workflow	Install GH CLI	2026-02-26T22:25:22.0355925Z (Reading database ... 55%
end-workflow	Install GH CLI	2026-02-26T22:25:22.0356159Z (Reading database ... 60%
end-workflow	Install GH CLI	2026-02-26T22:25:22.0365176Z (Reading database ... 65%
end-workflow	Install GH CLI	2026-02-26T22:25:22.0380948Z (Reading database ... 70%
end-workflow	Install GH CLI	2026-02-26T22:25:22.0385826Z (Reading database ... 75%
end-workflow	Install GH CLI	2026-02-26T22:25:22.0400229Z (Reading database ... 80%
end-workflow	Install GH CLI	2026-02-26T22:25:22.0405817Z (Reading database ... 85%
end-workflow	Install GH CLI	2026-02-26T22:25:22.0415988Z (Reading database ... 90%
end-workflow	Install GH CLI	2026-02-26T22:25:22.0435262Z (Reading database ... 95%
end-workflow	Install GH CLI	2026-02-26T22:25:22.0435603Z (Reading database ... 100%
end-workflow	Install GH CLI	2026-02-26T22:25:22.0435981Z (Reading database ... 14387 files and directories currently installed.)
end-workflow	Install GH CLI	2026-02-26T22:25:22.0443950Z Preparing to unpack .../archives/gh_2.87.3_amd64.deb ...
end-workflow	Install GH CLI	2026-02-26T22:25:22.0476297Z Unpacking gh (2.87.3) ...
end-workflow	Install GH CLI	2026-02-26T22:25:22.2739212Z Setting up gh (2.87.3) ...
end-workflow	Trigger Inspector	ï»¿2026-02-26T22:25:22.3394087Z ##[group]Run gh workflow run inspector.yml \
end-workflow	Trigger Inspector	2026-02-26T22:25:22.3395615Z [36;1mgh workflow run inspector.yml \[0m
end-workflow	Trigger Inspector	2026-02-26T22:25:22.3396186Z [36;1m  -f workflow_name="Ka0s Audit Cluster Status" \[0m
end-workflow	Trigger Inspector	2026-02-26T22:25:22.3396711Z [36;1m  -f run_id="22463782730" \[0m
end-workflow	Trigger Inspector	2026-02-26T22:25:22.3397129Z [36;1m  -f status="success"[0m
end-workflow	Trigger Inspector	2026-02-26T22:25:22.3413429Z shell: /usr/bin/bash -e {0}
end-workflow	Trigger Inspector	2026-02-26T22:25:22.3413773Z env:
end-workflow	Trigger Inspector	2026-02-26T22:25:22.3414047Z   KAOS_MODULE: [Ka0s] Audit Cluster Status
end-workflow	Trigger Inspector	2026-02-26T22:25:22.3414424Z   KAOS_CODE: 22463782730
end-workflow	Trigger Inspector	2026-02-26T22:25:22.3415165Z   GH_TOKEN: ***
end-workflow	Trigger Inspector	2026-02-26T22:25:22.3415428Z ##[endgroup]
end-workflow	Trigger Inspector	2026-02-26T22:25:24.2710089Z https://github.com/Ka0s-Klaus/ka0s/actions/runs/22463855252
end-workflow	Post Checkout repository	ï»¿2026-02-26T22:25:24.2878683Z Post job cleanup.
end-workflow	Post Checkout repository	2026-02-26T22:25:24.3943676Z [command]/usr/bin/git version
end-workflow	Post Checkout repository	2026-02-26T22:25:24.3990145Z git version 2.53.0
end-workflow	Post Checkout repository	2026-02-26T22:25:24.4039462Z Temporarily overriding HOME='/home/runner/_work/_temp/d35ef97a-057d-4ad4-a28d-bb7553c4a744' before making global git config changes
end-workflow	Post Checkout repository	2026-02-26T22:25:24.4040291Z Adding repository directory to the temporary git global config as a safe directory
end-workflow	Post Checkout repository	2026-02-26T22:25:24.4046079Z [command]/usr/bin/git config --global --add safe.directory /home/runner/_work/ka0s/ka0s
end-workflow	Post Checkout repository	2026-02-26T22:25:24.4093461Z [command]/usr/bin/git config --local --name-only --get-regexp core\.sshCommand
end-workflow	Post Checkout repository	2026-02-26T22:25:24.4150445Z [command]/usr/bin/git submodule foreach --recursive sh -c "git config --local --name-only --get-regexp 'core\.sshCommand' && git config --local --unset-all 'core.sshCommand' || :"
end-workflow	Post Checkout repository	2026-02-26T22:25:24.4483298Z [command]/usr/bin/git config --local --name-only --get-regexp http\.https\:\/\/github\.com\/\.extraheader
end-workflow	Post Checkout repository	2026-02-26T22:25:24.4512675Z http.https://github.com/.extraheader
end-workflow	Post Checkout repository	2026-02-26T22:25:24.4525595Z [command]/usr/bin/git config --local --unset-all http.https://github.com/.extraheader
end-workflow	Post Checkout repository	2026-02-26T22:25:24.4568712Z [command]/usr/bin/git submodule foreach --recursive sh -c "git config --local --name-only --get-regexp 'http\.https\:\/\/github\.com\/\.extraheader' && git config --local --unset-all 'http.https://github.com/.extraheader' || :"
end-workflow	Post Checkout repository	2026-02-26T22:25:24.4902418Z [command]/usr/bin/git config --local --name-only --get-regexp ^includeIf\.gitdir:
end-workflow	Post Checkout repository	2026-02-26T22:25:24.4947176Z [command]/usr/bin/git submodule foreach --recursive git config --local --show-origin --name-only --get-regexp remote.origin.url
end-workflow	Complete job	ï»¿2026-02-26T22:25:24.5454232Z Cleaning up orphan processes
