core-execution	Set up job	Ôªø2026-02-27T11:27:07.6742165Z Current runner version: '2.332.0'
core-execution	Set up job	2026-02-27T11:27:07.6753354Z Runner name: 'swarm-runners-scaleset-hkss5-runner-6q6md'
core-execution	Set up job	2026-02-27T11:27:07.6754807Z Runner group name: 'Default'
core-execution	Set up job	2026-02-27T11:27:07.6757413Z Machine name: 'swarm-runners-scaleset-hkss5-runner-6q6md'
core-execution	Set up job	2026-02-27T11:27:07.6763253Z ##[group]GITHUB_TOKEN Permissions
core-execution	Set up job	2026-02-27T11:27:07.6766532Z Actions: write
core-execution	Set up job	2026-02-27T11:27:07.6767234Z Contents: write
core-execution	Set up job	2026-02-27T11:27:07.6767901Z Issues: write
core-execution	Set up job	2026-02-27T11:27:07.6768579Z Metadata: read
core-execution	Set up job	2026-02-27T11:27:07.6769198Z ##[endgroup]
core-execution	Set up job	2026-02-27T11:27:07.6771888Z Secret source: Actions
core-execution	Set up job	2026-02-27T11:27:07.6772889Z Prepare workflow directory
core-execution	Set up job	2026-02-27T11:27:07.8931995Z Prepare all required actions
core-execution	Set up job	2026-02-27T11:27:07.9132034Z Getting action download info
core-execution	Set up job	2026-02-27T11:27:08.6958345Z Download action repository 'actions/checkout@v4' (SHA:34e114876b0b11c390a56381ad16ebd13914f8d5)
core-execution	Set up job	2026-02-27T11:27:09.6671042Z Download action repository 'actions/setup-python@v4' (SHA:7f4fc3e22c37d6ff65e88745f38bd3157c663f7c)
core-execution	Set up job	2026-02-27T11:27:10.8113413Z Complete job name: core-execution
core-execution	Checkout code	Ôªø2026-02-27T11:27:11.1147947Z ##[group]Run actions/checkout@v4
core-execution	Checkout code	2026-02-27T11:27:11.1149592Z with:
core-execution	Checkout code	2026-02-27T11:27:11.1150960Z   token: ***
core-execution	Checkout code	2026-02-27T11:27:11.1151795Z   fetch-depth: 0
core-execution	Checkout code	2026-02-27T11:27:11.1152700Z   repository: Ka0s-Klaus/ka0s
core-execution	Checkout code	2026-02-27T11:27:11.1153717Z   ssh-strict: true
core-execution	Checkout code	2026-02-27T11:27:11.1155950Z   ssh-user: git
core-execution	Checkout code	2026-02-27T11:27:11.1156884Z   persist-credentials: true
core-execution	Checkout code	2026-02-27T11:27:11.1157855Z   clean: true
core-execution	Checkout code	2026-02-27T11:27:11.1158756Z   sparse-checkout-cone-mode: true
core-execution	Checkout code	2026-02-27T11:27:11.1159835Z   fetch-tags: false
core-execution	Checkout code	2026-02-27T11:27:11.1160749Z   show-progress: true
core-execution	Checkout code	2026-02-27T11:27:11.1161707Z   lfs: false
core-execution	Checkout code	2026-02-27T11:27:11.1162585Z   submodules: false
core-execution	Checkout code	2026-02-27T11:27:11.1163548Z   set-safe-directory: true
core-execution	Checkout code	2026-02-27T11:27:11.1191463Z env:
core-execution	Checkout code	2026-02-27T11:27:11.1193698Z   KAOS_MODULE: [Ka0S] GitHub ‚Üí iTop Sync
core-execution	Checkout code	2026-02-27T11:27:11.1206272Z   KAOS_CORRELATION_ID: 22484359558
core-execution	Checkout code	2026-02-27T11:27:11.1207610Z   KAOS_ACTOR: ***
core-execution	Checkout code	2026-02-27T11:27:11.1208543Z ##[endgroup]
core-execution	Checkout code	2026-02-27T11:27:11.5062326Z Syncing repository: Ka0s-Klaus/ka0s
core-execution	Checkout code	2026-02-27T11:27:11.5096773Z ##[group]Getting Git version info
core-execution	Checkout code	2026-02-27T11:27:11.5098475Z Working directory is '/home/runner/_work/ka0s/ka0s'
core-execution	Checkout code	2026-02-27T11:27:11.5100638Z [command]/usr/bin/git version
core-execution	Checkout code	2026-02-27T11:27:11.5101681Z git version 2.53.0
core-execution	Checkout code	2026-02-27T11:27:11.5185103Z ##[endgroup]
core-execution	Checkout code	2026-02-27T11:27:11.5734201Z Temporarily overriding HOME='/home/runner/_work/_temp/cdad63b7-5959-47bd-9a77-037e19d299e0' before making global git config changes
core-execution	Checkout code	2026-02-27T11:27:11.5802882Z Adding repository directory to the temporary git global config as a safe directory
core-execution	Checkout code	2026-02-27T11:27:11.5805451Z [command]/usr/bin/git config --global --add safe.directory /home/runner/_work/ka0s/ka0s
core-execution	Checkout code	2026-02-27T11:27:11.5808752Z Deleting the contents of '/home/runner/_work/ka0s/ka0s'
core-execution	Checkout code	2026-02-27T11:27:11.5810851Z ##[group]Initializing the repository
core-execution	Checkout code	2026-02-27T11:27:11.5812314Z [command]/usr/bin/git init /home/runner/_work/ka0s/ka0s
core-execution	Checkout code	2026-02-27T11:27:11.5912873Z Initialized empty Git repository in /home/runner/_work/ka0s/ka0s/.git/
core-execution	Checkout code	2026-02-27T11:27:11.5938956Z hint: Using 'master' as the name for the initial branch. This default branch name
core-execution	Checkout code	2026-02-27T11:27:11.5941551Z hint: will change to "main" in Git 3.0. To configure the initial branch name
core-execution	Checkout code	2026-02-27T11:27:11.5998621Z hint: to use in all of your new repositories, which will suppress this warning,
core-execution	Checkout code	2026-02-27T11:27:11.6000436Z hint: call:
core-execution	Checkout code	2026-02-27T11:27:11.6001238Z hint:
core-execution	Checkout code	2026-02-27T11:27:11.6002379Z hint: 	git config --global init.defaultBranch <name>
core-execution	Checkout code	2026-02-27T11:27:11.6003621Z hint:
core-execution	Checkout code	2026-02-27T11:27:11.6038959Z hint: Names commonly chosen instead of 'master' are 'main', 'trunk' and
core-execution	Checkout code	2026-02-27T11:27:11.6041409Z hint: 'development'. The just-created branch can be renamed via this command:
core-execution	Checkout code	2026-02-27T11:27:11.6087048Z hint:
core-execution	Checkout code	2026-02-27T11:27:11.6088049Z hint: 	git branch -m <name>
core-execution	Checkout code	2026-02-27T11:27:11.6089014Z hint:
core-execution	Checkout code	2026-02-27T11:27:11.6090288Z hint: Disable this message with "git config set advice.defaultBranchName false"
core-execution	Checkout code	2026-02-27T11:27:11.6094374Z [command]/usr/bin/git remote add origin https://github.com/Ka0s-Klaus/ka0s
core-execution	Checkout code	2026-02-27T11:27:11.6370248Z ##[endgroup]
core-execution	Checkout code	2026-02-27T11:27:11.6371918Z ##[group]Disabling automatic garbage collection
core-execution	Checkout code	2026-02-27T11:27:11.6398577Z [command]/usr/bin/git config --local gc.auto 0
core-execution	Checkout code	2026-02-27T11:27:11.6659235Z ##[endgroup]
core-execution	Checkout code	2026-02-27T11:27:11.6661055Z ##[group]Setting up auth
core-execution	Checkout code	2026-02-27T11:27:11.6730042Z [command]/usr/bin/git config --local --name-only --get-regexp core\.sshCommand
core-execution	Checkout code	2026-02-27T11:27:11.6944030Z [command]/usr/bin/git submodule foreach --recursive sh -c "git config --local --name-only --get-regexp 'core\.sshCommand' && git config --local --unset-all 'core.sshCommand' || :"
core-execution	Checkout code	2026-02-27T11:27:11.7646013Z [command]/usr/bin/git config --local --name-only --get-regexp http\.https\:\/\/github\.com\/\.extraheader
core-execution	Checkout code	2026-02-27T11:27:11.7728267Z [command]/usr/bin/git submodule foreach --recursive sh -c "git config --local --name-only --get-regexp 'http\.https\:\/\/github\.com\/\.extraheader' && git config --local --unset-all 'http.https://github.com/.extraheader' || :"
core-execution	Checkout code	2026-02-27T11:27:11.8871833Z [command]/usr/bin/git config --local --name-only --get-regexp ^includeIf\.gitdir:
core-execution	Checkout code	2026-02-27T11:27:11.8928923Z [command]/usr/bin/git submodule foreach --recursive git config --local --show-origin --name-only --get-regexp remote.origin.url
core-execution	Checkout code	2026-02-27T11:27:11.9780265Z [command]/usr/bin/git config --local http.https://github.com/.extraheader AUTHORIZATION: basic ***
core-execution	Checkout code	2026-02-27T11:27:11.9868061Z ##[endgroup]
core-execution	Checkout code	2026-02-27T11:27:11.9869937Z ##[group]Fetching the repository
core-execution	Checkout code	2026-02-27T11:27:11.9888301Z [command]/usr/bin/git -c protocol.version=2 fetch --prune --no-recurse-submodules origin +refs/heads/*:refs/remotes/origin/* +refs/tags/*:refs/tags/*
core-execution	Checkout code	2026-02-27T11:27:55.0747062Z From https://github.com/Ka0s-Klaus/ka0s
core-execution	Checkout code	2026-02-27T11:27:55.0749620Z  * [new branch]          F3450-modelo-operativo -> origin/F3450-modelo-operativo
core-execution	Checkout code	2026-02-27T11:27:55.0762074Z  * [new branch]          H1276-modulo-observabilidad -> origin/H1276-modulo-observabilidad
core-execution	Checkout code	2026-02-27T11:27:55.0762923Z  * [new branch]          H3596-deploy-itop      -> origin/H3596-deploy-itop
core-execution	Checkout code	2026-02-27T11:27:55.0763718Z  * [new branch]          H4170-flujo-detallado-zabbix---github -> origin/H4170-flujo-detallado-zabbix---github
core-execution	Checkout code	2026-02-27T11:27:55.0770254Z  * [new branch]          H4191-request-cambios  -> origin/H4191-request-cambios
core-execution	Checkout code	2026-02-27T11:27:55.0771239Z  * [new branch]          H4200-request-recomendaciones-de-auditoria -> origin/H4200-request-recomendaciones-de-auditoria
core-execution	Checkout code	2026-02-27T11:27:55.0772044Z  * [new branch]          main                   -> origin/main
core-execution	Checkout code	2026-02-27T11:27:55.0772525Z  * [new tag]             0.0.0                  -> 0.0.0
core-execution	Checkout code	2026-02-27T11:27:55.0772992Z  * [new tag]             0.0.1                  -> 0.0.1
core-execution	Checkout code	2026-02-27T11:27:55.0773430Z  * [new tag]             0.0.10                 -> 0.0.10
core-execution	Checkout code	2026-02-27T11:27:55.0773914Z  * [new tag]             0.0.100                -> 0.0.100
core-execution	Checkout code	2026-02-27T11:27:55.0774372Z  * [new tag]             0.0.101                -> 0.0.101
core-execution	Checkout code	2026-02-27T11:27:55.0775059Z  * [new tag]             0.0.102                -> 0.0.102
core-execution	Checkout code	2026-02-27T11:27:55.0775577Z  * [new tag]             0.0.103                -> 0.0.103
core-execution	Checkout code	2026-02-27T11:27:55.0776076Z  * [new tag]             0.0.104                -> 0.0.104
core-execution	Checkout code	2026-02-27T11:27:55.0776521Z  * [new tag]             0.0.105                -> 0.0.105
core-execution	Checkout code	2026-02-27T11:27:55.0776983Z  * [new tag]             0.0.106                -> 0.0.106
core-execution	Checkout code	2026-02-27T11:27:55.0777434Z  * [new tag]             0.0.107                -> 0.0.107
core-execution	Checkout code	2026-02-27T11:27:55.0777895Z  * [new tag]             0.0.108                -> 0.0.108
core-execution	Checkout code	2026-02-27T11:27:55.0778353Z  * [new tag]             0.0.109                -> 0.0.109
core-execution	Checkout code	2026-02-27T11:27:55.0778796Z  * [new tag]             0.0.11                 -> 0.0.11
core-execution	Checkout code	2026-02-27T11:27:55.0779244Z  * [new tag]             0.0.110                -> 0.0.110
core-execution	Checkout code	2026-02-27T11:27:55.0779679Z  * [new tag]             0.0.111                -> 0.0.111
core-execution	Checkout code	2026-02-27T11:27:55.0780737Z  * [new tag]             0.0.112                -> 0.0.112
core-execution	Checkout code	2026-02-27T11:27:55.0781191Z  * [new tag]             0.0.113                -> 0.0.113
core-execution	Checkout code	2026-02-27T11:27:55.0781639Z  * [new tag]             0.0.114                -> 0.0.114
core-execution	Checkout code	2026-02-27T11:27:55.0782076Z  * [new tag]             0.0.115                -> 0.0.115
core-execution	Checkout code	2026-02-27T11:27:55.0782518Z  * [new tag]             0.0.116                -> 0.0.116
core-execution	Checkout code	2026-02-27T11:27:55.0783092Z  * [new tag]             0.0.117                -> 0.0.117
core-execution	Checkout code	2026-02-27T11:27:55.0783601Z  * [new tag]             0.0.118                -> 0.0.118
core-execution	Checkout code	2026-02-27T11:27:55.0784060Z  * [new tag]             0.0.119                -> 0.0.119
core-execution	Checkout code	2026-02-27T11:27:55.0784625Z  * [new tag]             0.0.12                 -> 0.0.12
core-execution	Checkout code	2026-02-27T11:27:55.0785397Z  * [new tag]             0.0.120                -> 0.0.120
core-execution	Checkout code	2026-02-27T11:27:55.0785889Z  * [new tag]             0.0.121                -> 0.0.121
core-execution	Checkout code	2026-02-27T11:27:55.0786335Z  * [new tag]             0.0.122                -> 0.0.122
core-execution	Checkout code	2026-02-27T11:27:55.0786804Z  * [new tag]             0.0.123                -> 0.0.123
core-execution	Checkout code	2026-02-27T11:27:55.0807541Z  * [new tag]             0.0.124                -> 0.0.124
core-execution	Checkout code	2026-02-27T11:27:55.0808124Z  * [new tag]             0.0.125                -> 0.0.125
core-execution	Checkout code	2026-02-27T11:27:55.0808572Z  * [new tag]             0.0.126                -> 0.0.126
core-execution	Checkout code	2026-02-27T11:27:55.0809017Z  * [new tag]             0.0.127                -> 0.0.127
core-execution	Checkout code	2026-02-27T11:27:55.0809451Z  * [new tag]             0.0.128                -> 0.0.128
core-execution	Checkout code	2026-02-27T11:27:55.0809888Z  * [new tag]             0.0.129                -> 0.0.129
core-execution	Checkout code	2026-02-27T11:27:55.0810321Z  * [new tag]             0.0.13                 -> 0.0.13
core-execution	Checkout code	2026-02-27T11:27:55.0810747Z  * [new tag]             0.0.130                -> 0.0.130
core-execution	Checkout code	2026-02-27T11:27:55.0811184Z  * [new tag]             0.0.131                -> 0.0.131
core-execution	Checkout code	2026-02-27T11:27:55.0811619Z  * [new tag]             0.0.132                -> 0.0.132
core-execution	Checkout code	2026-02-27T11:27:55.0812085Z  * [new tag]             0.0.133                -> 0.0.133
core-execution	Checkout code	2026-02-27T11:27:55.0812596Z  * [new tag]             0.0.134                -> 0.0.134
core-execution	Checkout code	2026-02-27T11:27:55.0813048Z  * [new tag]             0.0.135                -> 0.0.135
core-execution	Checkout code	2026-02-27T11:27:55.0813509Z  * [new tag]             0.0.136                -> 0.0.136
core-execution	Checkout code	2026-02-27T11:27:55.0813946Z  * [new tag]             0.0.137                -> 0.0.137
core-execution	Checkout code	2026-02-27T11:27:55.0814399Z  * [new tag]             0.0.138                -> 0.0.138
core-execution	Checkout code	2026-02-27T11:27:55.0814970Z  * [new tag]             0.0.139                -> 0.0.139
core-execution	Checkout code	2026-02-27T11:27:55.0815426Z  * [new tag]             0.0.14                 -> 0.0.14
core-execution	Checkout code	2026-02-27T11:27:55.0815883Z  * [new tag]             0.0.140                -> 0.0.140
core-execution	Checkout code	2026-02-27T11:27:55.0816337Z  * [new tag]             0.0.141                -> 0.0.141
core-execution	Checkout code	2026-02-27T11:27:55.0816792Z  * [new tag]             0.0.142                -> 0.0.142
core-execution	Checkout code	2026-02-27T11:27:55.0817247Z  * [new tag]             0.0.143                -> 0.0.143
core-execution	Checkout code	2026-02-27T11:27:55.0817734Z  * [new tag]             0.0.144                -> 0.0.144
core-execution	Checkout code	2026-02-27T11:27:55.0818379Z  * [new tag]             0.0.145                -> 0.0.145
core-execution	Checkout code	2026-02-27T11:27:55.0818852Z  * [new tag]             0.0.146                -> 0.0.146
core-execution	Checkout code	2026-02-27T11:27:55.0819306Z  * [new tag]             0.0.147                -> 0.0.147
core-execution	Checkout code	2026-02-27T11:27:55.0819760Z  * [new tag]             0.0.148                -> 0.0.148
core-execution	Checkout code	2026-02-27T11:27:55.0820225Z  * [new tag]             0.0.149                -> 0.0.149
core-execution	Checkout code	2026-02-27T11:27:55.0820667Z  * [new tag]             0.0.15                 -> 0.0.15
core-execution	Checkout code	2026-02-27T11:27:55.0821145Z  * [new tag]             0.0.150                -> 0.0.150
core-execution	Checkout code	2026-02-27T11:27:55.0821599Z  * [new tag]             0.0.151                -> 0.0.151
core-execution	Checkout code	2026-02-27T11:27:55.0822045Z  * [new tag]             0.0.152                -> 0.0.152
core-execution	Checkout code	2026-02-27T11:27:55.0822494Z  * [new tag]             0.0.153                -> 0.0.153
core-execution	Checkout code	2026-02-27T11:27:55.0823343Z  * [new tag]             0.0.154                -> 0.0.154
core-execution	Checkout code	2026-02-27T11:27:55.0823802Z  * [new tag]             0.0.155                -> 0.0.155
core-execution	Checkout code	2026-02-27T11:27:55.0824251Z  * [new tag]             0.0.156                -> 0.0.156
core-execution	Checkout code	2026-02-27T11:27:55.0824942Z  * [new tag]             0.0.157                -> 0.0.157
core-execution	Checkout code	2026-02-27T11:27:55.0825397Z  * [new tag]             0.0.158                -> 0.0.158
core-execution	Checkout code	2026-02-27T11:27:55.0825843Z  * [new tag]             0.0.159                -> 0.0.159
core-execution	Checkout code	2026-02-27T11:27:55.0826297Z  * [new tag]             0.0.16                 -> 0.0.16
core-execution	Checkout code	2026-02-27T11:27:55.0826753Z  * [new tag]             0.0.160                -> 0.0.160
core-execution	Checkout code	2026-02-27T11:27:55.0827194Z  * [new tag]             0.0.161                -> 0.0.161
core-execution	Checkout code	2026-02-27T11:27:55.0827643Z  * [new tag]             0.0.162                -> 0.0.162
core-execution	Checkout code	2026-02-27T11:27:55.0828099Z  * [new tag]             0.0.163                -> 0.0.163
core-execution	Checkout code	2026-02-27T11:27:55.0828547Z  * [new tag]             0.0.164                -> 0.0.164
core-execution	Checkout code	2026-02-27T11:27:55.0829016Z  * [new tag]             0.0.165                -> 0.0.165
core-execution	Checkout code	2026-02-27T11:27:55.0829759Z  * [new tag]             0.0.166                -> 0.0.166
core-execution	Checkout code	2026-02-27T11:27:55.0830208Z  * [new tag]             0.0.167                -> 0.0.167
core-execution	Checkout code	2026-02-27T11:27:55.0830656Z  * [new tag]             0.0.168                -> 0.0.168
core-execution	Checkout code	2026-02-27T11:27:55.0831098Z  * [new tag]             0.0.169                -> 0.0.169
core-execution	Checkout code	2026-02-27T11:27:55.0831545Z  * [new tag]             0.0.17                 -> 0.0.17
core-execution	Checkout code	2026-02-27T11:27:55.0831993Z  * [new tag]             0.0.170                -> 0.0.170
core-execution	Checkout code	2026-02-27T11:27:55.0832447Z  * [new tag]             0.0.171                -> 0.0.171
core-execution	Checkout code	2026-02-27T11:27:55.0832903Z  * [new tag]             0.0.172                -> 0.0.172
core-execution	Checkout code	2026-02-27T11:27:55.0833369Z  * [new tag]             0.0.173                -> 0.0.173
core-execution	Checkout code	2026-02-27T11:27:55.0833831Z  * [new tag]             0.0.174                -> 0.0.174
core-execution	Checkout code	2026-02-27T11:27:55.0834305Z  * [new tag]             0.0.175                -> 0.0.175
core-execution	Checkout code	2026-02-27T11:27:55.0835087Z  * [new tag]             0.0.176                -> 0.0.176
core-execution	Checkout code	2026-02-27T11:27:55.0838329Z  * [new tag]             0.0.177                -> 0.0.177
core-execution	Checkout code	2026-02-27T11:27:55.0839225Z  * [new tag]             0.0.178                -> 0.0.178
core-execution	Checkout code	2026-02-27T11:27:55.0839756Z  * [new tag]             0.0.179                -> 0.0.179
core-execution	Checkout code	2026-02-27T11:27:55.0840218Z  * [new tag]             0.0.18                 -> 0.0.18
core-execution	Checkout code	2026-02-27T11:27:55.0840682Z  * [new tag]             0.0.19                 -> 0.0.19
core-execution	Checkout code	2026-02-27T11:27:55.0841140Z  * [new tag]             0.0.2                  -> 0.0.2
core-execution	Checkout code	2026-02-27T11:27:55.0841583Z  * [new tag]             0.0.20                 -> 0.0.20
core-execution	Checkout code	2026-02-27T11:27:55.0842041Z  * [new tag]             0.0.21                 -> 0.0.21
core-execution	Checkout code	2026-02-27T11:27:55.0842491Z  * [new tag]             0.0.22                 -> 0.0.22
core-execution	Checkout code	2026-02-27T11:27:55.0842966Z  * [new tag]             0.0.23                 -> 0.0.23
core-execution	Checkout code	2026-02-27T11:27:55.0843441Z  * [new tag]             0.0.24                 -> 0.0.24
core-execution	Checkout code	2026-02-27T11:27:55.0843897Z  * [new tag]             0.0.25                 -> 0.0.25
core-execution	Checkout code	2026-02-27T11:27:55.0844355Z  * [new tag]             0.0.26                 -> 0.0.26
core-execution	Checkout code	2026-02-27T11:27:55.0845754Z  * [new tag]             0.0.27                 -> 0.0.27
core-execution	Checkout code	2026-02-27T11:27:55.0846220Z  * [new tag]             0.0.28                 -> 0.0.28
core-execution	Checkout code	2026-02-27T11:27:55.0846669Z  * [new tag]             0.0.29                 -> 0.0.29
core-execution	Checkout code	2026-02-27T11:27:55.0847113Z  * [new tag]             0.0.3                  -> 0.0.3
core-execution	Checkout code	2026-02-27T11:27:55.0847560Z  * [new tag]             0.0.30                 -> 0.0.30
core-execution	Checkout code	2026-02-27T11:27:55.0847998Z  * [new tag]             0.0.31                 -> 0.0.31
core-execution	Checkout code	2026-02-27T11:27:55.0848435Z  * [new tag]             0.0.32                 -> 0.0.32
core-execution	Checkout code	2026-02-27T11:27:55.0848880Z  * [new tag]             0.0.33                 -> 0.0.33
core-execution	Checkout code	2026-02-27T11:27:55.0849320Z  * [new tag]             0.0.34                 -> 0.0.34
core-execution	Checkout code	2026-02-27T11:27:55.0850129Z  * [new tag]             0.0.35                 -> 0.0.35
core-execution	Checkout code	2026-02-27T11:27:55.0850599Z  * [new tag]             0.0.36                 -> 0.0.36
core-execution	Checkout code	2026-02-27T11:27:55.0851062Z  * [new tag]             0.0.37                 -> 0.0.37
core-execution	Checkout code	2026-02-27T11:27:55.0851526Z  * [new tag]             0.0.38                 -> 0.0.38
core-execution	Checkout code	2026-02-27T11:27:55.0851982Z  * [new tag]             0.0.39                 -> 0.0.39
core-execution	Checkout code	2026-02-27T11:27:55.0852449Z  * [new tag]             0.0.4                  -> 0.0.4
core-execution	Checkout code	2026-02-27T11:27:55.0852901Z  * [new tag]             0.0.40                 -> 0.0.40
core-execution	Checkout code	2026-02-27T11:27:55.0853427Z  * [new tag]             0.0.41                 -> 0.0.41
core-execution	Checkout code	2026-02-27T11:27:55.0853898Z  * [new tag]             0.0.42                 -> 0.0.42
core-execution	Checkout code	2026-02-27T11:27:55.0854353Z  * [new tag]             0.0.43                 -> 0.0.43
core-execution	Checkout code	2026-02-27T11:27:55.0855817Z  * [new tag]             0.0.44                 -> 0.0.44
core-execution	Checkout code	2026-02-27T11:27:55.0856272Z  * [new tag]             0.0.45                 -> 0.0.45
core-execution	Checkout code	2026-02-27T11:27:55.0856730Z  * [new tag]             0.0.46                 -> 0.0.46
core-execution	Checkout code	2026-02-27T11:27:55.0857531Z  * [new tag]             0.0.47                 -> 0.0.47
core-execution	Checkout code	2026-02-27T11:27:55.0857973Z  * [new tag]             0.0.48                 -> 0.0.48
core-execution	Checkout code	2026-02-27T11:27:55.0858445Z  * [new tag]             0.0.49                 -> 0.0.49
core-execution	Checkout code	2026-02-27T11:27:55.0863270Z  * [new tag]             0.0.5                  -> 0.0.5
core-execution	Checkout code	2026-02-27T11:27:55.0865958Z  * [new tag]             0.0.50                 -> 0.0.50
core-execution	Checkout code	2026-02-27T11:27:55.0866910Z  * [new tag]             0.0.51                 -> 0.0.51
core-execution	Checkout code	2026-02-27T11:27:55.0867844Z  * [new tag]             0.0.52                 -> 0.0.52
core-execution	Checkout code	2026-02-27T11:27:55.0868544Z  * [new tag]             0.0.53                 -> 0.0.53
core-execution	Checkout code	2026-02-27T11:27:55.0869333Z  * [new tag]             0.0.54                 -> 0.0.54
core-execution	Checkout code	2026-02-27T11:27:55.0870119Z  * [new tag]             0.0.55                 -> 0.0.55
core-execution	Checkout code	2026-02-27T11:27:55.0870640Z  * [new tag]             0.0.56                 -> 0.0.56
core-execution	Checkout code	2026-02-27T11:27:55.0871113Z  * [new tag]             0.0.57                 -> 0.0.57
core-execution	Checkout code	2026-02-27T11:27:55.0888352Z  * [new tag]             0.0.58                 -> 0.0.58
core-execution	Checkout code	2026-02-27T11:27:55.0892093Z  * [new tag]             0.0.59                 -> 0.0.59
core-execution	Checkout code	2026-02-27T11:27:55.0892604Z  * [new tag]             0.0.6                  -> 0.0.6
core-execution	Checkout code	2026-02-27T11:27:55.0893055Z  * [new tag]             0.0.60                 -> 0.0.60
core-execution	Checkout code	2026-02-27T11:27:55.0893493Z  * [new tag]             0.0.61                 -> 0.0.61
core-execution	Checkout code	2026-02-27T11:27:55.0893935Z  * [new tag]             0.0.62                 -> 0.0.62
core-execution	Checkout code	2026-02-27T11:27:55.0894383Z  * [new tag]             0.0.63                 -> 0.0.63
core-execution	Checkout code	2026-02-27T11:27:55.0894956Z  * [new tag]             0.0.64                 -> 0.0.64
core-execution	Checkout code	2026-02-27T11:27:55.0895409Z  * [new tag]             0.0.65                 -> 0.0.65
core-execution	Checkout code	2026-02-27T11:27:55.0895868Z  * [new tag]             0.0.66                 -> 0.0.66
core-execution	Checkout code	2026-02-27T11:27:55.0896317Z  * [new tag]             0.0.67                 -> 0.0.67
core-execution	Checkout code	2026-02-27T11:27:55.0896799Z  * [new tag]             0.0.68                 -> 0.0.68
core-execution	Checkout code	2026-02-27T11:27:55.0897280Z  * [new tag]             0.0.69                 -> 0.0.69
core-execution	Checkout code	2026-02-27T11:27:55.0897737Z  * [new tag]             0.0.7                  -> 0.0.7
core-execution	Checkout code	2026-02-27T11:27:55.0898182Z  * [new tag]             0.0.70                 -> 0.0.70
core-execution	Checkout code	2026-02-27T11:27:55.0898625Z  * [new tag]             0.0.71                 -> 0.0.71
core-execution	Checkout code	2026-02-27T11:27:55.0899079Z  * [new tag]             0.0.72                 -> 0.0.72
core-execution	Checkout code	2026-02-27T11:27:55.0899529Z  * [new tag]             0.0.73                 -> 0.0.73
core-execution	Checkout code	2026-02-27T11:27:55.0913384Z  * [new tag]             0.0.74                 -> 0.0.74
core-execution	Checkout code	2026-02-27T11:27:55.0914137Z  * [new tag]             0.0.75                 -> 0.0.75
core-execution	Checkout code	2026-02-27T11:27:55.0954995Z  * [new tag]             0.0.76                 -> 0.0.76
core-execution	Checkout code	2026-02-27T11:27:55.0955794Z  * [new tag]             0.0.77                 -> 0.0.77
core-execution	Checkout code	2026-02-27T11:27:55.0956632Z  * [new tag]             0.0.78                 -> 0.0.78
core-execution	Checkout code	2026-02-27T11:27:55.0957109Z  * [new tag]             0.0.79                 -> 0.0.79
core-execution	Checkout code	2026-02-27T11:27:55.0957543Z  * [new tag]             0.0.8                  -> 0.0.8
core-execution	Checkout code	2026-02-27T11:27:55.0957986Z  * [new tag]             0.0.80                 -> 0.0.80
core-execution	Checkout code	2026-02-27T11:27:55.0958427Z  * [new tag]             0.0.81                 -> 0.0.81
core-execution	Checkout code	2026-02-27T11:27:55.0958890Z  * [new tag]             0.0.82                 -> 0.0.82
core-execution	Checkout code	2026-02-27T11:27:55.0959345Z  * [new tag]             0.0.83                 -> 0.0.83
core-execution	Checkout code	2026-02-27T11:27:55.0959803Z  * [new tag]             0.0.84                 -> 0.0.84
core-execution	Checkout code	2026-02-27T11:27:55.0960282Z  * [new tag]             0.0.85                 -> 0.0.85
core-execution	Checkout code	2026-02-27T11:27:55.0960747Z  * [new tag]             0.0.86                 -> 0.0.86
core-execution	Checkout code	2026-02-27T11:27:55.0961209Z  * [new tag]             0.0.87                 -> 0.0.87
core-execution	Checkout code	2026-02-27T11:27:55.0961789Z  * [new tag]             0.0.88                 -> 0.0.88
core-execution	Checkout code	2026-02-27T11:27:55.0962260Z  * [new tag]             0.0.89                 -> 0.0.89
core-execution	Checkout code	2026-02-27T11:27:55.0962987Z  * [new tag]             0.0.9                  -> 0.0.9
core-execution	Checkout code	2026-02-27T11:27:55.0963429Z  * [new tag]             0.0.90                 -> 0.0.90
core-execution	Checkout code	2026-02-27T11:27:55.0963877Z  * [new tag]             0.0.91                 -> 0.0.91
core-execution	Checkout code	2026-02-27T11:27:55.0964331Z  * [new tag]             0.0.92                 -> 0.0.92
core-execution	Checkout code	2026-02-27T11:27:55.0965075Z  * [new tag]             0.0.93                 -> 0.0.93
core-execution	Checkout code	2026-02-27T11:27:55.0965519Z  * [new tag]             0.0.94                 -> 0.0.94
core-execution	Checkout code	2026-02-27T11:27:55.0965952Z  * [new tag]             0.0.95                 -> 0.0.95
core-execution	Checkout code	2026-02-27T11:27:55.0966387Z  * [new tag]             0.0.96                 -> 0.0.96
core-execution	Checkout code	2026-02-27T11:27:55.0966820Z  * [new tag]             0.0.97                 -> 0.0.97
core-execution	Checkout code	2026-02-27T11:27:55.0967258Z  * [new tag]             0.0.98                 -> 0.0.98
core-execution	Checkout code	2026-02-27T11:27:55.0967699Z  * [new tag]             0.0.99                 -> 0.0.99
core-execution	Checkout code	2026-02-27T11:27:55.0968148Z  * [new tag]             0.1.0                  -> 0.1.0
core-execution	Checkout code	2026-02-27T11:27:55.0968586Z  * [new tag]             0.1.1                  -> 0.1.1
core-execution	Checkout code	2026-02-27T11:27:55.0969018Z  * [new tag]             0.2.0                  -> 0.2.0
core-execution	Checkout code	2026-02-27T11:27:55.0969466Z  * [new tag]             0.3.0                  -> 0.3.0
core-execution	Checkout code	2026-02-27T11:27:55.0969891Z  * [new tag]             0.3.1                  -> 0.3.1
core-execution	Checkout code	2026-02-27T11:27:55.0970326Z  * [new tag]             0.3.10                 -> 0.3.10
core-execution	Checkout code	2026-02-27T11:27:55.0970765Z  * [new tag]             0.3.11                 -> 0.3.11
core-execution	Checkout code	2026-02-27T11:27:55.0971204Z  * [new tag]             0.3.12                 -> 0.3.12
core-execution	Checkout code	2026-02-27T11:27:55.0971641Z  * [new tag]             0.3.13                 -> 0.3.13
core-execution	Checkout code	2026-02-27T11:27:55.0972084Z  * [new tag]             0.3.14                 -> 0.3.14
core-execution	Checkout code	2026-02-27T11:27:55.0972518Z  * [new tag]             0.3.15                 -> 0.3.15
core-execution	Checkout code	2026-02-27T11:27:55.0972957Z  * [new tag]             0.3.16                 -> 0.3.16
core-execution	Checkout code	2026-02-27T11:27:55.0973404Z  * [new tag]             0.3.17                 -> 0.3.17
core-execution	Checkout code	2026-02-27T11:27:55.0973866Z  * [new tag]             0.3.2                  -> 0.3.2
core-execution	Checkout code	2026-02-27T11:27:55.0974318Z  * [new tag]             0.3.3                  -> 0.3.3
core-execution	Checkout code	2026-02-27T11:27:55.0985345Z  * [new tag]             0.3.4                  -> 0.3.4
core-execution	Checkout code	2026-02-27T11:27:55.0985863Z  * [new tag]             0.3.5                  -> 0.3.5
core-execution	Checkout code	2026-02-27T11:27:55.0986297Z  * [new tag]             0.3.6                  -> 0.3.6
core-execution	Checkout code	2026-02-27T11:27:55.0986731Z  * [new tag]             0.3.7                  -> 0.3.7
core-execution	Checkout code	2026-02-27T11:27:55.0987159Z  * [new tag]             0.3.8                  -> 0.3.8
core-execution	Checkout code	2026-02-27T11:27:55.0987589Z  * [new tag]             0.3.9                  -> 0.3.9
core-execution	Checkout code	2026-02-27T11:27:55.0988041Z  * [new tag]             0.4.0                  -> 0.4.0
core-execution	Checkout code	2026-02-27T11:27:55.0988480Z  * [new tag]             0.4.1                  -> 0.4.1
core-execution	Checkout code	2026-02-27T11:27:55.0988925Z  * [new tag]             0.4.2                  -> 0.4.2
core-execution	Checkout code	2026-02-27T11:27:55.0989684Z  * [new tag]             0.4.3                  -> 0.4.3
core-execution	Checkout code	2026-02-27T11:27:55.0990132Z  * [new tag]             0.4.4                  -> 0.4.4
core-execution	Checkout code	2026-02-27T11:27:55.0990570Z  * [new tag]             0.4.5                  -> 0.4.5
core-execution	Checkout code	2026-02-27T11:27:55.0991008Z  * [new tag]             0.4.6                  -> 0.4.6
core-execution	Checkout code	2026-02-27T11:27:55.0991439Z  * [new tag]             0.4.7                  -> 0.4.7
core-execution	Checkout code	2026-02-27T11:27:55.0991871Z  * [new tag]             0.4.8                  -> 0.4.8
core-execution	Checkout code	2026-02-27T11:27:55.0992304Z  * [new tag]             0.4.9                  -> 0.4.9
core-execution	Checkout code	2026-02-27T11:27:55.0992730Z  * [new tag]             0.5.0                  -> 0.5.0
core-execution	Checkout code	2026-02-27T11:27:55.0993161Z  * [new tag]             0.5.1                  -> 0.5.1
core-execution	Checkout code	2026-02-27T11:27:55.0993593Z  * [new tag]             0.5.2                  -> 0.5.2
core-execution	Checkout code	2026-02-27T11:27:55.0994019Z  * [new tag]             0.6.0                  -> 0.6.0
core-execution	Checkout code	2026-02-27T11:27:55.0994457Z  * [new tag]             0.6.1                  -> 0.6.1
core-execution	Checkout code	2026-02-27T11:27:55.1025515Z  * [new tag]             0.6.2                  -> 0.6.2
core-execution	Checkout code	2026-02-27T11:27:55.1026389Z  * [new tag]             0.6.3                  -> 0.6.3
core-execution	Checkout code	2026-02-27T11:27:55.1026824Z  * [new tag]             0.6.4                  -> 0.6.4
core-execution	Checkout code	2026-02-27T11:27:55.1027269Z  * [new tag]             0.6.5                  -> 0.6.5
core-execution	Checkout code	2026-02-27T11:27:55.1027708Z  * [new tag]             0.6.6                  -> 0.6.6
core-execution	Checkout code	2026-02-27T11:27:55.1342475Z [command]/usr/bin/git branch --list --remote origin/main
core-execution	Checkout code	2026-02-27T11:27:55.1429230Z   origin/main
core-execution	Checkout code	2026-02-27T11:27:55.1453073Z [command]/usr/bin/git rev-parse refs/remotes/origin/main
core-execution	Checkout code	2026-02-27T11:27:55.1505863Z 3003a19e9dc7456815aedebfbe32ac87b308dc98
core-execution	Checkout code	2026-02-27T11:27:55.1511942Z ##[endgroup]
core-execution	Checkout code	2026-02-27T11:27:55.1512539Z ##[group]Determining the checkout info
core-execution	Checkout code	2026-02-27T11:27:55.1513136Z ##[endgroup]
core-execution	Checkout code	2026-02-27T11:27:55.1519515Z [command]/usr/bin/git sparse-checkout disable
core-execution	Checkout code	2026-02-27T11:27:55.1584860Z [command]/usr/bin/git config --local --unset-all extensions.worktreeConfig
core-execution	Checkout code	2026-02-27T11:27:55.1629975Z ##[group]Checking out the ref
core-execution	Checkout code	2026-02-27T11:27:55.1638244Z [command]/usr/bin/git checkout --progress --force -B main refs/remotes/origin/main
core-execution	Checkout code	2026-02-27T11:27:55.4459077Z Switched to a new branch 'main'
core-execution	Checkout code	2026-02-27T11:27:55.4460601Z branch 'main' set up to track 'origin/main'.
core-execution	Checkout code	2026-02-27T11:27:55.4507583Z ##[endgroup]
core-execution	Checkout code	2026-02-27T11:27:55.4580236Z [command]/usr/bin/git log -1 --format=%H
core-execution	Checkout code	2026-02-27T11:27:55.4625952Z 3003a19e9dc7456815aedebfbe32ac87b308dc98
core-execution	Set up Python	Ôªø2026-02-27T11:27:55.5218366Z ##[group]Run actions/setup-python@v4
core-execution	Set up Python	2026-02-27T11:27:55.5218733Z with:
core-execution	Set up Python	2026-02-27T11:27:55.5218953Z   python-version: 3.10
core-execution	Set up Python	2026-02-27T11:27:55.5219202Z   check-latest: false
core-execution	Set up Python	2026-02-27T11:27:55.5219724Z   token: ***
core-execution	Set up Python	2026-02-27T11:27:55.5219954Z   update-environment: true
core-execution	Set up Python	2026-02-27T11:27:55.5220230Z   allow-prereleases: false
core-execution	Set up Python	2026-02-27T11:27:55.5220480Z env:
core-execution	Set up Python	2026-02-27T11:27:55.5221269Z   KAOS_MODULE: [Ka0S] GitHub ‚Üí iTop Sync
core-execution	Set up Python	2026-02-27T11:27:55.5221612Z   KAOS_CORRELATION_ID: 22484359558
core-execution	Set up Python	2026-02-27T11:27:55.5221936Z   KAOS_ACTOR: ***
core-execution	Set up Python	2026-02-27T11:27:55.5222154Z ##[endgroup]
core-execution	Set up Python	2026-02-27T11:27:55.7429484Z ##[group]Installed versions
core-execution	Set up Python	2026-02-27T11:27:55.7453610Z Version 3.10 was not found in the local cache
core-execution	Set up Python	2026-02-27T11:27:56.7207546Z Version 3.10 is available for downloading
core-execution	Set up Python	2026-02-27T11:27:56.7208314Z Download from "https://github.com/actions/python-versions/releases/download/3.10.19-18393196481/python-3.10.19-linux-24.04-x64.tar.gz"
core-execution	Set up Python	2026-02-27T11:27:58.1268283Z Extract downloaded archive
core-execution	Set up Python	2026-02-27T11:27:58.1435465Z [command]/usr/bin/tar xz --warning=no-unknown-keyword -C /home/runner/_work/_temp/14657dec-6525-4f8a-93ec-b3c1180dafa6 -f /home/runner/_work/_temp/39b7cf70-882f-467d-adc4-dd64897ef362
core-execution	Set up Python	2026-02-27T11:28:00.1893174Z Execute installation script
core-execution	Set up Python	2026-02-27T11:28:00.2057836Z Check if Python hostedtoolcache folder exist...
core-execution	Set up Python	2026-02-27T11:28:00.2060395Z Creating Python hostedtoolcache folder...
core-execution	Set up Python	2026-02-27T11:28:00.2075571Z Create Python 3.10.19 folder
core-execution	Set up Python	2026-02-27T11:28:00.2115819Z Copy Python binaries to hostedtoolcache folder
core-execution	Set up Python	2026-02-27T11:28:01.5766283Z Create additional symlinks (Required for the UsePythonVersion Azure Pipelines task and the setup-python GitHub Action)
core-execution	Set up Python	2026-02-27T11:28:01.5863206Z Upgrading pip...
core-execution	Set up Python	2026-02-27T11:28:03.8200934Z Looking in links: /tmp/tmps2dfmhml
core-execution	Set up Python	2026-02-27T11:28:03.8212225Z Requirement already satisfied: setuptools in /home/runner/_work/_tool/Python/3.10.19/x64/lib/python3.10/site-packages (79.0.1)
core-execution	Set up Python	2026-02-27T11:28:03.8214132Z Requirement already satisfied: pip in /home/runner/_work/_tool/Python/3.10.19/x64/lib/python3.10/site-packages (23.0.1)
core-execution	Set up Python	2026-02-27T11:28:05.2406996Z Collecting pip
core-execution	Set up Python	2026-02-27T11:28:05.3282851Z Downloading pip-26.0.1-py3-none-any.whl (1.8 MB)
core-execution	Set up Python	2026-02-27T11:28:05.3927856Z ‚îÅ‚îÅ‚îÅ‚îÅ‚îÅ‚îÅ‚îÅ‚îÅ‚îÅ‚îÅ‚îÅ‚îÅ‚îÅ‚îÅ‚îÅ‚îÅ‚îÅ‚îÅ‚îÅ‚îÅ‚îÅ‚îÅ‚îÅ‚îÅ‚îÅ‚îÅ‚îÅ‚îÅ‚îÅ‚îÅ‚îÅ‚îÅ‚îÅ‚îÅ‚îÅ‚îÅ‚îÅ‚îÅ‚îÅ‚îÅ 1.8/1.8 MB 31.3 MB/s eta 0:00:00
core-execution	Set up Python	2026-02-27T11:28:05.4617816Z Installing collected packages: pip
core-execution	Set up Python	2026-02-27T11:28:05.4620499Z Attempting uninstall: pip
core-execution	Set up Python	2026-02-27T11:28:05.4629851Z Found existing installation: pip 23.0.1
core-execution	Set up Python	2026-02-27T11:28:05.7785809Z Uninstalling pip-23.0.1:
core-execution	Set up Python	2026-02-27T11:28:05.7882898Z Successfully uninstalled pip-23.0.1
core-execution	Set up Python	2026-02-27T11:28:06.7641053Z Successfully installed pip-26.0.1
core-execution	Set up Python	2026-02-27T11:28:06.9017240Z Create complete file
core-execution	Set up Python	2026-02-27T11:28:06.9076432Z Successfully set up CPython (3.10.19)
core-execution	Set up Python	2026-02-27T11:28:06.9079411Z ##[endgroup]
core-execution	Install dependencies	Ôªø2026-02-27T11:28:06.9446885Z ##[group]Run pip install requests
core-execution	Install dependencies	2026-02-27T11:28:06.9447378Z [36;1mpip install requests[0m
core-execution	Install dependencies	2026-02-27T11:28:06.9480198Z shell: /usr/bin/bash -e {0}
core-execution	Install dependencies	2026-02-27T11:28:06.9480555Z env:
core-execution	Install dependencies	2026-02-27T11:28:06.9480794Z   KAOS_MODULE: [Ka0S] GitHub ‚Üí iTop Sync
core-execution	Install dependencies	2026-02-27T11:28:06.9481110Z   KAOS_CORRELATION_ID: 22484359558
core-execution	Install dependencies	2026-02-27T11:28:06.9481524Z   KAOS_ACTOR: ***
core-execution	Install dependencies	2026-02-27T11:28:06.9481847Z   pythonLocation: /home/runner/_work/_tool/Python/3.10.19/x64
core-execution	Install dependencies	2026-02-27T11:28:06.9482357Z   PKG_CONFIG_PATH: /home/runner/_work/_tool/Python/3.10.19/x64/lib/pkgconfig
core-execution	Install dependencies	2026-02-27T11:28:06.9482867Z   Python_ROOT_DIR: /home/runner/_work/_tool/Python/3.10.19/x64
core-execution	Install dependencies	2026-02-27T11:28:06.9483354Z   Python2_ROOT_DIR: /home/runner/_work/_tool/Python/3.10.19/x64
core-execution	Install dependencies	2026-02-27T11:28:06.9483804Z   Python3_ROOT_DIR: /home/runner/_work/_tool/Python/3.10.19/x64
core-execution	Install dependencies	2026-02-27T11:28:06.9484262Z   LD_LIBRARY_PATH: /home/runner/_work/_tool/Python/3.10.19/x64/lib
core-execution	Install dependencies	2026-02-27T11:28:06.9484814Z ##[endgroup]
core-execution	Install dependencies	2026-02-27T11:28:07.4953708Z Collecting requests
core-execution	Install dependencies	2026-02-27T11:28:07.5694144Z   Downloading requests-2.32.5-py3-none-any.whl.metadata (4.9 kB)
core-execution	Install dependencies	2026-02-27T11:28:07.7216248Z Collecting charset_normalizer<4,>=2 (from requests)
core-execution	Install dependencies	2026-02-27T11:28:07.7286422Z   Downloading charset_normalizer-3.4.4-cp310-cp310-manylinux2014_x86_64.manylinux_2_17_x86_64.manylinux_2_28_x86_64.whl.metadata (37 kB)
core-execution	Install dependencies	2026-02-27T11:28:07.7636426Z Collecting idna<4,>=2.5 (from requests)
core-execution	Install dependencies	2026-02-27T11:28:07.7677543Z   Downloading idna-3.11-py3-none-any.whl.metadata (8.4 kB)
core-execution	Install dependencies	2026-02-27T11:28:07.8290929Z Collecting urllib3<3,>=1.21.1 (from requests)
core-execution	Install dependencies	2026-02-27T11:28:07.8372050Z   Downloading urllib3-2.6.3-py3-none-any.whl.metadata (6.9 kB)
core-execution	Install dependencies	2026-02-27T11:28:07.8691404Z Collecting certifi>=2017.4.17 (from requests)
core-execution	Install dependencies	2026-02-27T11:28:07.8742143Z   Downloading certifi-2026.2.25-py3-none-any.whl.metadata (2.5 kB)
core-execution	Install dependencies	2026-02-27T11:28:07.8865723Z Downloading requests-2.32.5-py3-none-any.whl (64 kB)
core-execution	Install dependencies	2026-02-27T11:28:07.9000260Z Downloading charset_normalizer-3.4.4-cp310-cp310-manylinux2014_x86_64.manylinux_2_17_x86_64.manylinux_2_28_x86_64.whl (153 kB)
core-execution	Install dependencies	2026-02-27T11:28:07.9128867Z Downloading idna-3.11-py3-none-any.whl (71 kB)
core-execution	Install dependencies	2026-02-27T11:28:07.9225013Z Downloading urllib3-2.6.3-py3-none-any.whl (131 kB)
core-execution	Install dependencies	2026-02-27T11:28:07.9390698Z Downloading certifi-2026.2.25-py3-none-any.whl (153 kB)
core-execution	Install dependencies	2026-02-27T11:28:07.9828854Z Installing collected packages: urllib3, idna, charset_normalizer, certifi, requests
core-execution	Install dependencies	2026-02-27T11:28:08.2665107Z 
core-execution	Install dependencies	2026-02-27T11:28:08.2685597Z Successfully installed certifi-2026.2.25 charset_normalizer-3.4.4 idna-3.11 requests-2.32.5 urllib3-2.6.3
core-execution	Run Sync Script	Ôªø2026-02-27T11:28:08.6632861Z ##[group]Run python .github/scripts/github-sync-itop.py > result.json
core-execution	Run Sync Script	2026-02-27T11:28:08.6633488Z [36;1mpython .github/scripts/github-sync-itop.py > result.json[0m
core-execution	Run Sync Script	2026-02-27T11:28:08.6646717Z shell: /usr/bin/bash -e {0}
core-execution	Run Sync Script	2026-02-27T11:28:08.6646997Z env:
core-execution	Run Sync Script	2026-02-27T11:28:08.6647225Z   KAOS_MODULE: [Ka0S] GitHub ‚Üí iTop Sync
core-execution	Run Sync Script	2026-02-27T11:28:08.6647539Z   KAOS_CORRELATION_ID: 22484359558
core-execution	Run Sync Script	2026-02-27T11:28:08.6647935Z   KAOS_ACTOR: ***
core-execution	Run Sync Script	2026-02-27T11:28:08.6648259Z   pythonLocation: /home/runner/_work/_tool/Python/3.10.19/x64
core-execution	Run Sync Script	2026-02-27T11:28:08.6648766Z   PKG_CONFIG_PATH: /home/runner/_work/_tool/Python/3.10.19/x64/lib/pkgconfig
core-execution	Run Sync Script	2026-02-27T11:28:08.6649269Z   Python_ROOT_DIR: /home/runner/_work/_tool/Python/3.10.19/x64
core-execution	Run Sync Script	2026-02-27T11:28:08.6649728Z   Python2_ROOT_DIR: /home/runner/_work/_tool/Python/3.10.19/x64
core-execution	Run Sync Script	2026-02-27T11:28:08.6650185Z   Python3_ROOT_DIR: /home/runner/_work/_tool/Python/3.10.19/x64
core-execution	Run Sync Script	2026-02-27T11:28:08.6650642Z   LD_LIBRARY_PATH: /home/runner/_work/_tool/Python/3.10.19/x64/lib
core-execution	Run Sync Script	2026-02-27T11:28:08.6651144Z   ITOP_URL: ***
core-execution	Run Sync Script	2026-02-27T11:28:08.6651386Z   ITOP_API_USER: ***
core-execution	Run Sync Script	2026-02-27T11:28:08.6651709Z   ITOP_API_PASSWORD: ***
core-execution	Run Sync Script	2026-02-27T11:28:08.6651981Z   ITOP_ORIGIN: ***
core-execution	Run Sync Script	2026-02-27T11:28:08.6652218Z   ITOP_IMPACT_DEPARTMENT: 
core-execution	Run Sync Script	2026-02-27T11:28:08.6652477Z   ITOP_IMPACT_SERVICE: 
core-execution	Run Sync Script	2026-02-27T11:28:08.6652722Z   ITOP_IMPACT_PERSON: 
core-execution	Run Sync Script	2026-02-27T11:28:08.6652969Z   ITOP_URGENCY_CRITICAL: 
core-execution	Run Sync Script	2026-02-27T11:28:08.6653215Z   ITOP_URGENCY_HIGH: 
core-execution	Run Sync Script	2026-02-27T11:28:08.6653449Z   ITOP_URGENCY_MEDIUM: 
core-execution	Run Sync Script	2026-02-27T11:28:08.6653694Z   ITOP_URGENCY_LOW: 
core-execution	Run Sync Script	2026-02-27T11:28:08.6653938Z   GITHUB_EVENT_NAME: issue_comment
core-execution	Run Sync Script	2026-02-27T11:28:08.6654230Z   GITHUB_EVENT_ACTION: created
core-execution	Run Sync Script	2026-02-27T11:28:08.6665033Z   GITHUB_ISSUE_PAYLOAD: {
core-execution	Run Sync Script	  "active_lock_reason": null,
core-execution	Run Sync Script	  "assignee": null,
core-execution	Run Sync Script	  "assignees": [],
core-execution	Run Sync Script	  "author_association": "CONTRIBUTOR",
core-execution	Run Sync Script	  "body": "### Organizaci√≥n\n\n***\n\n### Solicitante\n\n@ka0sc0re\n\n### Estado\n\nNew\n\n### Impacto\n\nDepartament\n\n### Urgencia\n\ncritical\n\n### Servicio / CI afectado\n\nk8s / k8-manager\n\n### Descripci√≥n\n\nTest\n\n### Pasos / Evidencias\n\ntest",
core-execution	Run Sync Script	  "closed_at": null,
core-execution	Run Sync Script	  "comments": 3,
core-execution	Run Sync Script	  "comments_url": "https://api.github.com/repos/Ka0s-Klaus/ka0s/issues/4226/comments",
core-execution	Run Sync Script	  "created_at": "2026-02-24T08:44:16Z",
core-execution	Run Sync Script	  "events_url": "https://api.github.com/repos/Ka0s-Klaus/ka0s/issues/4226/events",
core-execution	Run Sync Script	  "html_url": "https://github.com/Ka0s-Klaus/ka0s/issues/4226",
core-execution	Run Sync Script	  "id": 3982329381,
core-execution	Run Sync Script	  "issue_dependencies_summary": {
core-execution	Run Sync Script	    "blocked_by": 0,
core-execution	Run Sync Script	    "blocking": 0,
core-execution	Run Sync Script	    "total_blocked_by": 0,
core-execution	Run Sync Script	    "total_blocking": 0
core-execution	Run Sync Script	  },
core-execution	Run Sync Script	  "labels": [],
core-execution	Run Sync Script	  "labels_url": "https://api.github.com/repos/Ka0s-Klaus/ka0s/issues/4226/labels{/name}",
core-execution	Run Sync Script	  "locked": false,
core-execution	Run Sync Script	  "milestone": null,
core-execution	Run Sync Script	  "node_id": "I_kwDONx6uGM7tXYYl",
core-execution	Run Sync Script	  "number": 4226,
core-execution	Run Sync Script	  "performed_via_github_app": null,
core-execution	Run Sync Script	  "pinned_comment": null,
core-execution	Run Sync Script	  "reactions": {
core-execution	Run Sync Script	    "+1": 0,
core-execution	Run Sync Script	    "-1": 0,
core-execution	Run Sync Script	    "confused": 0,
core-execution	Run Sync Script	    "eyes": 0,
core-execution	Run Sync Script	    "heart": 0,
core-execution	Run Sync Script	    "hooray": 0,
core-execution	Run Sync Script	    "laugh": 0,
core-execution	Run Sync Script	    "rocket": 0,
core-execution	Run Sync Script	    "total_count": 0,
core-execution	Run Sync Script	    "url": "https://api.github.com/repos/Ka0s-Klaus/ka0s/issues/4226/reactions"
core-execution	Run Sync Script	  },
core-execution	Run Sync Script	  "repository_url": "https://api.github.com/repos/Ka0s-Klaus/ka0s",
core-execution	Run Sync Script	  "state": "open",
core-execution	Run Sync Script	  "state_reason": null,
core-execution	Run Sync Script	  "sub_issues_summary": {
core-execution	Run Sync Script	    "completed": 0,
core-execution	Run Sync Script	    "percent_completed": 0,
core-execution	Run Sync Script	    "total": 0
core-execution	Run Sync Script	  },
core-execution	Run Sync Script	  "timeline_url": "https://api.github.com/repos/Ka0s-Klaus/ka0s/issues/4226/timeline",
core-execution	Run Sync Script	  "title": "[INCIDENT]: I Incidente GitHub - iTop",
core-execution	Run Sync Script	  "type": null,
core-execution	Run Sync Script	  "updated_at": "2026-02-27T11:26:54Z",
core-execution	Run Sync Script	  "url": "https://api.github.com/repos/Ka0s-Klaus/ka0s/issues/4226",
core-execution	Run Sync Script	  "user": {
core-execution	Run Sync Script	    "avatar_url": "https://avatars.githubusercontent.com/u/197097473?v=4",
core-execution	Run Sync Script	    "events_url": "https://api.github.com/users/***/events{/privacy}",
core-execution	Run Sync Script	    "followers_url": "https://api.github.com/users/***/followers",
core-execution	Run Sync Script	    "following_url": "https://api.github.com/users/***/following{/other_user}",
core-execution	Run Sync Script	    "gists_url": "https://api.github.com/users/***/gists{/gist_id}",
core-execution	Run Sync Script	    "gravatar_id": "",
core-execution	Run Sync Script	    "html_url": "https://github.com/***",
core-execution	Run Sync Script	    "id": 197097473,
core-execution	Run Sync Script	    "login": "***",
core-execution	Run Sync Script	    "node_id": "U_kgDOC794AQ",
core-execution	Run Sync Script	    "organizations_url": "https://api.github.com/users/***/orgs",
core-execution	Run Sync Script	    "received_events_url": "https://api.github.com/users/***/received_events",
core-execution	Run Sync Script	    "repos_url": "https://api.github.com/users/***/repos",
core-execution	Run Sync Script	    "site_admin": false,
core-execution	Run Sync Script	    "starred_url": "https://api.github.com/users/***/starred{/owner}{/repo}",
core-execution	Run Sync Script	    "subscriptions_url": "https://api.github.com/users/***/subscriptions",
core-execution	Run Sync Script	    "type": "User",
core-execution	Run Sync Script	    "url": "https://api.github.com/users/***",
core-execution	Run Sync Script	    "user_view_type": "public"
core-execution	Run Sync Script	  }
core-execution	Run Sync Script	}
core-execution	Run Sync Script	2026-02-27T11:28:08.6683317Z   GITHUB_COMMENT_PAYLOAD: {
core-execution	Run Sync Script	  "author_association": "MEMBER",
core-execution	Run Sync Script	  "body": "Y como extra a√±adimos un comentario nuevo",
core-execution	Run Sync Script	  "created_at": "2026-02-27T11:26:54Z",
core-execution	Run Sync Script	  "html_url": "https://github.com/Ka0s-Klaus/ka0s/issues/4226#issuecomment-3972396606",
core-execution	Run Sync Script	  "id": 3972396606,
core-execution	Run Sync Script	  "issue_url": "https://api.github.com/repos/Ka0s-Klaus/ka0s/issues/4226",
core-execution	Run Sync Script	  "node_id": "IC_kwDONx6uGM7sxfY-",
core-execution	Run Sync Script	  "performed_via_github_app": null,
core-execution	Run Sync Script	  "pin": null,
core-execution	Run Sync Script	  "reactions": {
core-execution	Run Sync Script	    "+1": 0,
core-execution	Run Sync Script	    "-1": 0,
core-execution	Run Sync Script	    "confused": 0,
core-execution	Run Sync Script	    "eyes": 0,
core-execution	Run Sync Script	    "heart": 0,
core-execution	Run Sync Script	    "hooray": 0,
core-execution	Run Sync Script	    "laugh": 0,
core-execution	Run Sync Script	    "rocket": 0,
core-execution	Run Sync Script	    "total_count": 0,
core-execution	Run Sync Script	    "url": "https://api.github.com/repos/Ka0s-Klaus/ka0s/issues/comments/3972396606/reactions"
core-execution	Run Sync Script	  },
core-execution	Run Sync Script	  "updated_at": "2026-02-27T11:26:54Z",
core-execution	Run Sync Script	  "url": "https://api.github.com/repos/Ka0s-Klaus/ka0s/issues/comments/3972396606",
core-execution	Run Sync Script	  "user": {
core-execution	Run Sync Script	    "avatar_url": "https://avatars.githubusercontent.com/u/197097473?v=4",
core-execution	Run Sync Script	    "events_url": "https://api.github.com/users/***/events{/privacy}",
core-execution	Run Sync Script	    "followers_url": "https://api.github.com/users/***/followers",
core-execution	Run Sync Script	    "following_url": "https://api.github.com/users/***/following{/other_user}",
core-execution	Run Sync Script	    "gists_url": "https://api.github.com/users/***/gists{/gist_id}",
core-execution	Run Sync Script	    "gravatar_id": "",
core-execution	Run Sync Script	    "html_url": "https://github.com/***",
core-execution	Run Sync Script	    "id": 197097473,
core-execution	Run Sync Script	    "login": "***",
core-execution	Run Sync Script	    "node_id": "U_kgDOC794AQ",
core-execution	Run Sync Script	    "organizations_url": "https://api.github.com/users/***/orgs",
core-execution	Run Sync Script	    "received_events_url": "https://api.github.com/users/***/received_events",
core-execution	Run Sync Script	    "repos_url": "https://api.github.com/users/***/repos",
core-execution	Run Sync Script	    "site_admin": false,
core-execution	Run Sync Script	    "starred_url": "https://api.github.com/users/***/starred{/owner}{/repo}",
core-execution	Run Sync Script	    "subscriptions_url": "https://api.github.com/users/***/subscriptions",
core-execution	Run Sync Script	    "type": "User",
core-execution	Run Sync Script	    "url": "https://api.github.com/users/***",
core-execution	Run Sync Script	    "user_view_type": "public"
core-execution	Run Sync Script	  }
core-execution	Run Sync Script	}
core-execution	Run Sync Script	2026-02-27T11:28:08.6690236Z   GITHUB_REPO_FULL_NAME: Ka0s-Klaus/ka0s
core-execution	Run Sync Script	2026-02-27T11:28:08.6690667Z ##[endgroup]
core-execution	Run Sync Script	2026-02-27T11:28:08.9290496Z /home/runner/_work/_tool/Python/3.10.19/x64/lib/python3.10/site-packages/urllib3/connectionpool.py:1097: InsecureRequestWarning: Unverified HTTPS request is being made to host 'itsm.ka0s.io'. Adding certificate verification is strongly advised. See: https://urllib3.readthedocs.io/en/latest/advanced-usage.html#tls-warnings
core-execution	Run Sync Script	2026-02-27T11:28:08.9296427Z   warnings.warn(
core-execution	Run Sync Script	2026-02-27T11:28:09.0762091Z /home/runner/_work/_tool/Python/3.10.19/x64/lib/python3.10/site-packages/urllib3/connectionpool.py:1097: InsecureRequestWarning: Unverified HTTPS request is being made to host 'itsm.ka0s.io'. Adding certificate verification is strongly advised. See: https://urllib3.readthedocs.io/en/latest/advanced-usage.html#tls-warnings
core-execution	Run Sync Script	2026-02-27T11:28:09.0763710Z   warnings.warn(
core-execution	Save audit log	Ôªø2026-02-27T11:28:09.2427906Z ##[group]Run # Si result.json no existe o est√° vac√≠o, no hacemos nada.
core-execution	Save audit log	2026-02-27T11:28:09.2428523Z [36;1m# Si result.json no existe o est√° vac√≠o, no hacemos nada.[0m
core-execution	Save audit log	2026-02-27T11:28:09.2428928Z [36;1mif [ ! -s result.json ]; then[0m
core-execution	Save audit log	2026-02-27T11:28:09.2429394Z [36;1m  echo "result.json no encontrado o vac√≠o. No se crear√° log de auditor√≠a."[0m
core-execution	Save audit log	2026-02-27T11:28:09.2430040Z [36;1m  # Establecemos una salida para que el siguiente paso sepa que no debe ejecutarse[0m
core-execution	Save audit log	2026-02-27T11:28:09.2430751Z [36;1m  echo "audit_file_created=false" >> $GITHUB_OUTPUT[0m
core-execution	Save audit log	2026-02-27T11:28:09.2431107Z [36;1m  exit 0[0m
core-execution	Save audit log	2026-02-27T11:28:09.2431323Z [36;1mfi[0m
core-execution	Save audit log	2026-02-27T11:28:09.2431523Z [36;1m[0m
core-execution	Save audit log	2026-02-27T11:28:09.2431794Z [36;1m# Instalamos jq para leer el JSON de forma segura[0m
core-execution	Save audit log	2026-02-27T11:28:09.2432166Z [36;1msudo apt-get install -y jq[0m
core-execution	Save audit log	2026-02-27T11:28:09.2432731Z [36;1m[0m
core-execution	Save audit log	2026-02-27T11:28:09.2432946Z [36;1mmkdir -p audit/sync[0m
core-execution	Save audit log	2026-02-27T11:28:09.2433239Z [36;1mTIMESTAMP=$(date -u +"%Y%m%d_%H%M%S")[0m
core-execution	Save audit log	2026-02-27T11:28:09.2433694Z [36;1m# Extraemos el n√∫mero de issue del JSON de forma segura[0m
core-execution	Save audit log	2026-02-27T11:28:09.2434328Z [36;1mISSUE_ID=$(jq -r '.github_ref | split("/")[-1] // "NOREF"' result.json)[0m
core-execution	Save audit log	2026-02-27T11:28:09.2435347Z [36;1m# Intentamos obtener la referencia de iTop (ref) de la respuesta; si no existe, caemos a itop_key; si no, unknown[0m
core-execution	Save audit log	2026-02-27T11:28:09.2435947Z [36;1mITOP_REF=$(jq -r '[0m
core-execution	Save audit log	2026-02-27T11:28:09.2436408Z [36;1m  (try (.create.response.objects | to_entries[0].value.fields.ref) catch empty) //[0m
core-execution	Save audit log	2026-02-27T11:28:09.2437085Z [36;1m  (try (.update.response.objects | to_entries[0].value.fields.ref) catch empty) //[0m
core-execution	Save audit log	2026-02-27T11:28:09.2437747Z [36;1m  (try (.close.response.objects  | to_entries[0].value.fields.ref) catch empty) //[0m
core-execution	Save audit log	2026-02-27T11:28:09.2438255Z [36;1m  .itop_key // "NOREF"' result.json)[0m
core-execution	Save audit log	2026-02-27T11:28:09.2438622Z [36;1m# Saneamos la ref para nombre de fichero[0m
core-execution	Save audit log	2026-02-27T11:28:09.2439031Z [36;1mSAFE_ITOP_REF=$(echo "$ITOP_REF" | tr ' /:\\' '____')[0m
core-execution	Save audit log	2026-02-27T11:28:09.2439476Z [36;1m# Nuevo esquema: <timestamp>_<itop_ref>_<issue>.json[0m
core-execution	Save audit log	2026-02-27T11:28:09.2439973Z [36;1mFILENAME="audit/sync/${TIMESTAMP}_${SAFE_ITOP_REF}_${ISSUE_ID}.json"[0m
core-execution	Save audit log	2026-02-27T11:28:09.2440395Z [36;1m[0m
core-execution	Save audit log	2026-02-27T11:28:09.2440612Z [36;1mmv result.json $FILENAME[0m
core-execution	Save audit log	2026-02-27T11:28:09.2449730Z [36;1m[0m
core-execution	Save audit log	2026-02-27T11:28:09.2450187Z [36;1m# Si hay error en la llamada a iTop, generamos adem√°s un fichero de error expl√≠cito[0m
core-execution	Save audit log	2026-02-27T11:28:09.2450681Z [36;1mHAS_ERROR=$(jq -r '[0m
core-execution	Save audit log	2026-02-27T11:28:09.2450976Z [36;1m  if (.status? == "error") then "true"[0m
core-execution	Save audit log	2026-02-27T11:28:09.2451351Z [36;1m  elif (.create?.status? == "error") then "true"[0m
core-execution	Save audit log	2026-02-27T11:28:09.2451760Z [36;1m  elif (.update?.status? == "error") then "true"[0m
core-execution	Save audit log	2026-02-27T11:28:09.2452175Z [36;1m  elif (.close?.status? == "error") then "true"[0m
core-execution	Save audit log	2026-02-27T11:28:09.2452518Z [36;1m  else "false" end[0m
core-execution	Save audit log	2026-02-27T11:28:09.2452783Z [36;1m' "$FILENAME")[0m
core-execution	Save audit log	2026-02-27T11:28:09.2453032Z [36;1m[0m
core-execution	Save audit log	2026-02-27T11:28:09.2453260Z [36;1mif [ "$HAS_ERROR" = "true" ]; then[0m
core-execution	Save audit log	2026-02-27T11:28:09.2453746Z [36;1m  ERROR_FILENAME="audit/sync/${TIMESTAMP}_${SAFE_ITOP_REF}_${ISSUE_ID}_ERROR.json"[0m
core-execution	Save audit log	2026-02-27T11:28:09.2454279Z [36;1m  cp "$FILENAME" "$ERROR_FILENAME"[0m
core-execution	Save audit log	2026-02-27T11:28:09.2454922Z [36;1mfi[0m
core-execution	Save audit log	2026-02-27T11:28:09.2455135Z [36;1m[0m
core-execution	Save audit log	2026-02-27T11:28:09.2455388Z [36;1mecho "AUDIT_FILE=$FILENAME" >> $GITHUB_ENV[0m
core-execution	Save audit log	2026-02-27T11:28:09.2455792Z [36;1mecho "audit_file_created=true" >> $GITHUB_OUTPUT[0m
core-execution	Save audit log	2026-02-27T11:28:09.2470037Z shell: /usr/bin/bash -e {0}
core-execution	Save audit log	2026-02-27T11:28:09.2470342Z env:
core-execution	Save audit log	2026-02-27T11:28:09.2470582Z   KAOS_MODULE: [Ka0S] GitHub ‚Üí iTop Sync
core-execution	Save audit log	2026-02-27T11:28:09.2470917Z   KAOS_CORRELATION_ID: 22484359558
core-execution	Save audit log	2026-02-27T11:28:09.2471705Z   KAOS_ACTOR: ***
core-execution	Save audit log	2026-02-27T11:28:09.2472075Z   pythonLocation: /home/runner/_work/_tool/Python/3.10.19/x64
core-execution	Save audit log	2026-02-27T11:28:09.2472577Z   PKG_CONFIG_PATH: /home/runner/_work/_tool/Python/3.10.19/x64/lib/pkgconfig
core-execution	Save audit log	2026-02-27T11:28:09.2473452Z   Python_ROOT_DIR: /home/runner/_work/_tool/Python/3.10.19/x64
core-execution	Save audit log	2026-02-27T11:28:09.2473904Z   Python2_ROOT_DIR: /home/runner/_work/_tool/Python/3.10.19/x64
core-execution	Save audit log	2026-02-27T11:28:09.2474359Z   Python3_ROOT_DIR: /home/runner/_work/_tool/Python/3.10.19/x64
core-execution	Save audit log	2026-02-27T11:28:09.2475070Z   LD_LIBRARY_PATH: /home/runner/_work/_tool/Python/3.10.19/x64/lib
core-execution	Save audit log	2026-02-27T11:28:09.2475459Z ##[endgroup]
core-execution	Save audit log	2026-02-27T11:28:09.2905845Z Reading package lists...
core-execution	Save audit log	2026-02-27T11:28:09.2943400Z Building dependency tree...
core-execution	Save audit log	2026-02-27T11:28:09.2944044Z Reading state information...
core-execution	Save audit log	2026-02-27T11:28:09.3112064Z jq is already the newest version (1.7.1-3ubuntu0.24.04.1).
core-execution	Save audit log	2026-02-27T11:28:09.3112598Z 0 upgraded, 0 newly installed, 0 to remove and 0 not upgraded.
core-execution	Commit and push audit file	Ôªø2026-02-27T11:28:09.3387064Z ##[group]Run git config --global user.name "***"
core-execution	Commit and push audit file	2026-02-27T11:28:09.3387816Z [36;1mgit config --global user.name "***"[0m
core-execution	Commit and push audit file	2026-02-27T11:28:09.3388214Z [36;1mgit config --global user.email "***"[0m
core-execution	Commit and push audit file	2026-02-27T11:28:09.3388535Z [36;1mgit pull[0m
core-execution	Commit and push audit file	2026-02-27T11:28:09.3388768Z [36;1mgit add audit/sync/*[0m
core-execution	Commit and push audit file	2026-02-27T11:28:09.3389066Z [36;1mif ! git diff --staged --quiet; then[0m
core-execution	Commit and push audit file	2026-02-27T11:28:09.3389554Z [36;1m  git commit -m "chore(ka0s): audit sync for issue #4226 run 22484359558 [skip ci]"[0m
core-execution	Commit and push audit file	2026-02-27T11:28:09.3390016Z [36;1m  count=0[0m
core-execution	Commit and push audit file	2026-02-27T11:28:09.3390341Z [36;1m  until git push origin HEAD:main || [ $count -eq 5 ]; do[0m
core-execution	Commit and push audit file	2026-02-27T11:28:09.3390774Z [36;1m    echo "Push fallido, reintentando..."[0m
core-execution	Commit and push audit file	2026-02-27T11:28:09.3391134Z [36;1m    git pull --rebase origin main[0m
core-execution	Commit and push audit file	2026-02-27T11:28:09.3391446Z [36;1m    ((count++))[0m
core-execution	Commit and push audit file	2026-02-27T11:28:09.3391690Z [36;1m    sleep 2[0m
core-execution	Commit and push audit file	2026-02-27T11:28:09.3391915Z [36;1m  done[0m
core-execution	Commit and push audit file	2026-02-27T11:28:09.3392125Z [36;1melse[0m
core-execution	Commit and push audit file	2026-02-27T11:28:09.3401696Z [36;1m  echo "No hay cambios para subir."[0m
core-execution	Commit and push audit file	2026-02-27T11:28:09.3402029Z [36;1mfi[0m
core-execution	Commit and push audit file	2026-02-27T11:28:09.3415145Z shell: /usr/bin/bash -e {0}
core-execution	Commit and push audit file	2026-02-27T11:28:09.3415422Z env:
core-execution	Commit and push audit file	2026-02-27T11:28:09.3415661Z   KAOS_MODULE: [Ka0S] GitHub ‚Üí iTop Sync
core-execution	Commit and push audit file	2026-02-27T11:28:09.3415975Z   KAOS_CORRELATION_ID: 22484359558
core-execution	Commit and push audit file	2026-02-27T11:28:09.3416328Z   KAOS_ACTOR: ***
core-execution	Commit and push audit file	2026-02-27T11:28:09.3416647Z   pythonLocation: /home/runner/_work/_tool/Python/3.10.19/x64
core-execution	Commit and push audit file	2026-02-27T11:28:09.3417158Z   PKG_CONFIG_PATH: /home/runner/_work/_tool/Python/3.10.19/x64/lib/pkgconfig
core-execution	Commit and push audit file	2026-02-27T11:28:09.3417664Z   Python_ROOT_DIR: /home/runner/_work/_tool/Python/3.10.19/x64
core-execution	Commit and push audit file	2026-02-27T11:28:09.3418122Z   Python2_ROOT_DIR: /home/runner/_work/_tool/Python/3.10.19/x64
core-execution	Commit and push audit file	2026-02-27T11:28:09.3418583Z   Python3_ROOT_DIR: /home/runner/_work/_tool/Python/3.10.19/x64
core-execution	Commit and push audit file	2026-02-27T11:28:09.3419042Z   LD_LIBRARY_PATH: /home/runner/_work/_tool/Python/3.10.19/x64/lib
core-execution	Commit and push audit file	2026-02-27T11:28:09.3419479Z   AUDIT_FILE: audit/sync/20260227_112809_I-000561_4226.json
core-execution	Commit and push audit file	2026-02-27T11:28:09.3419845Z ##[endgroup]
core-execution	Commit and push audit file	2026-02-27T11:28:10.1681324Z From https://github.com/Ka0s-Klaus/ka0s
core-execution	Commit and push audit file	2026-02-27T11:28:10.1681805Z    3003a19e9..bb36be495  main       -> origin/main
core-execution	Commit and push audit file	2026-02-27T11:28:10.4899495Z Updating 3003a19e9..bb36be495
core-execution	Commit and push audit file	2026-02-27T11:28:10.4900573Z Fast-forward
core-execution	Commit and push audit file	2026-02-27T11:28:10.5194299Z  audit/inspector/22482489783.json                  |     1 -
core-execution	Commit and push audit file	2026-02-27T11:28:10.5196354Z  audit/inspector/22482489783.log                   |  1213 -
core-execution	Commit and push audit file	2026-02-27T11:28:10.5196817Z  audit/inspector/22482548319.json                  |     1 -
core-execution	Commit and push audit file	2026-02-27T11:28:10.5197252Z  audit/inspector/22482548319.log                   |  1596 -
core-execution	Commit and push audit file	2026-02-27T11:28:10.5197682Z  audit/inspector/22482569433.json                  |     1 -
core-execution	Commit and push audit file	2026-02-27T11:28:10.5198102Z  audit/inspector/22482569433.log                   |  1081 -
core-execution	Commit and push audit file	2026-02-27T11:28:10.5198648Z  audit/inspector/22482595179.json                  |     1 -
core-execution	Commit and push audit file	2026-02-27T11:28:10.5199055Z  audit/inspector/22482595179.log                   |   990 -
core-execution	Commit and push audit file	2026-02-27T11:28:10.5199495Z  audit/inspector/22483279383.json                  |     1 -
core-execution	Commit and push audit file	2026-02-27T11:28:10.5199922Z  audit/inspector/22483279383.log                   |  1433 -
core-execution	Commit and push audit file	2026-02-27T11:28:10.5200333Z  audit/inspector/22483636371.json                  |     1 -
core-execution	Commit and push audit file	2026-02-27T11:28:10.5200743Z  audit/inspector/22483636371.log                   |   985 -
core-execution	Commit and push audit file	2026-02-27T11:28:10.5201165Z  audit/inspector/22483858164.json                  |     1 -
core-execution	Commit and push audit file	2026-02-27T11:28:10.5201577Z  audit/inspector/22483858164.log                   |  1045 -
core-execution	Commit and push audit file	2026-02-27T11:28:10.5201998Z  audit/inspector/22483976208.json                  |     1 -
core-execution	Commit and push audit file	2026-02-27T11:28:10.5202406Z  audit/inspector/22483976208.log                   |  1126 -
core-execution	Commit and push audit file	2026-02-27T11:28:10.5202815Z  audit/inspector/22483985619.json                  |     1 -
core-execution	Commit and push audit file	2026-02-27T11:28:10.5203220Z  audit/inspector/22483985619.log                   |  1132 -
core-execution	Commit and push audit file	2026-02-27T11:28:10.5203632Z  audit/inspector/22484285873.json                  |     1 +
core-execution	Commit and push audit file	2026-02-27T11:28:10.5220560Z  audit/inspector/22484285873.log                   |  1200 +
core-execution	Commit and push audit file	2026-02-27T11:28:10.5221495Z  audit/kube/cluster-dashboard-20260226-232149.html |   295 -
core-execution	Commit and push audit file	2026-02-27T11:28:10.5221963Z  audit/kube/cluster-dashboard-20260226-232229.html |   295 -
core-execution	Commit and push audit file	2026-02-27T11:28:10.5222416Z  audit/kube/cluster-dashboard-20260227-010752.html |   295 -
core-execution	Commit and push audit file	2026-02-27T11:28:10.5222868Z  audit/kube/cluster-dashboard-20260227-011718.html |   295 -
core-execution	Commit and push audit file	2026-02-27T11:28:10.5223316Z  audit/kube/cluster-dashboard-20260227-040426.html |   295 -
core-execution	Commit and push audit file	2026-02-27T11:28:10.5223773Z  audit/kube/cluster-dashboard-20260227-040602.html |   295 -
core-execution	Commit and push audit file	2026-02-27T11:28:10.5224223Z  audit/kube/cluster-dashboard-20260227-054504.html |   295 -
core-execution	Commit and push audit file	2026-02-27T11:28:10.5224898Z  audit/kube/cluster-dashboard-20260227-054531.html |   295 -
core-execution	Commit and push audit file	2026-02-27T11:28:10.5225492Z  audit/kube/cluster-dashboard-20260227-064030.html |   295 -
core-execution	Commit and push audit file	2026-02-27T11:28:10.5226065Z  audit/kube/cluster-dashboard-20260227-064222.html |   295 -
core-execution	Commit and push audit file	2026-02-27T11:28:10.5226508Z  audit/kube/cluster-dashboard-20260227-074040.html |   295 -
core-execution	Commit and push audit file	2026-02-27T11:28:10.5227219Z  audit/kube/cluster-dashboard-20260227-074047.html |   295 -
core-execution	Commit and push audit file	2026-02-27T11:28:10.5227797Z  audit/kube/cluster-dashboard-20260227-083141.html |   295 -
core-execution	Commit and push audit file	2026-02-27T11:28:10.5228251Z  audit/kube/cluster-dashboard-20260227-083239.html |   295 -
core-execution	Commit and push audit file	2026-02-27T11:28:10.5228702Z  audit/kube/cluster-dashboard-20260227-093210.html |   295 -
core-execution	Commit and push audit file	2026-02-27T11:28:10.5229153Z  audit/kube/cluster-dashboard-20260227-093335.html |   295 -
core-execution	Commit and push audit file	2026-02-27T11:28:10.5229751Z  audit/kube/cluster-dashboard-20260227-102959.html |   296 -
core-execution	Commit and push audit file	2026-02-27T11:28:10.5230216Z  audit/kube/cluster-dashboard-20260227-103050.html |   295 -
core-execution	Commit and push audit file	2026-02-27T11:28:10.5230794Z  audit/kube/cluster-report-20260226-232149.json    |   241 -
core-execution	Commit and push audit file	2026-02-27T11:28:10.5231231Z  audit/kube/cluster-report-20260226-232149.md      |    64 -
core-execution	Commit and push audit file	2026-02-27T11:28:10.5231675Z  audit/kube/cluster-report-20260226-232229.json    |   241 -
core-execution	Commit and push audit file	2026-02-27T11:28:10.5232115Z  audit/kube/cluster-report-20260226-232229.md      |    64 -
core-execution	Commit and push audit file	2026-02-27T11:28:10.5232561Z  audit/kube/cluster-report-20260227-010752.json    |   241 -
core-execution	Commit and push audit file	2026-02-27T11:28:10.5233010Z  audit/kube/cluster-report-20260227-010752.md      |    64 -
core-execution	Commit and push audit file	2026-02-27T11:28:10.5233446Z  audit/kube/cluster-report-20260227-011718.json    |   241 -
core-execution	Commit and push audit file	2026-02-27T11:28:10.5233889Z  audit/kube/cluster-report-20260227-011718.md      |    64 -
core-execution	Commit and push audit file	2026-02-27T11:28:10.5234327Z  audit/kube/cluster-report-20260227-040426.json    |   241 -
core-execution	Commit and push audit file	2026-02-27T11:28:10.5243393Z  audit/kube/cluster-report-20260227-040426.md      |    64 -
core-execution	Commit and push audit file	2026-02-27T11:28:10.5243922Z  audit/kube/cluster-report-20260227-040602.json    |   241 -
core-execution	Commit and push audit file	2026-02-27T11:28:10.5244401Z  audit/kube/cluster-report-20260227-040602.md      |    64 -
core-execution	Commit and push audit file	2026-02-27T11:28:10.5245101Z  audit/kube/cluster-report-20260227-054504.json    |   241 -
core-execution	Commit and push audit file	2026-02-27T11:28:10.5245556Z  audit/kube/cluster-report-20260227-054504.md      |    64 -
core-execution	Commit and push audit file	2026-02-27T11:28:10.5246012Z  audit/kube/cluster-report-20260227-054531.json    |   241 -
core-execution	Commit and push audit file	2026-02-27T11:28:10.5246470Z  audit/kube/cluster-report-20260227-054531.md      |    64 -
core-execution	Commit and push audit file	2026-02-27T11:28:10.5246957Z  audit/kube/cluster-report-20260227-064030.json    |   241 -
core-execution	Commit and push audit file	2026-02-27T11:28:10.5247411Z  audit/kube/cluster-report-20260227-064030.md      |    64 -
core-execution	Commit and push audit file	2026-02-27T11:28:10.5247881Z  audit/kube/cluster-report-20260227-064222.json    |   241 -
core-execution	Commit and push audit file	2026-02-27T11:28:10.5248340Z  audit/kube/cluster-report-20260227-064222.md      |    64 -
core-execution	Commit and push audit file	2026-02-27T11:28:10.5259518Z  audit/kube/cluster-report-20260227-074040.json    |   241 -
core-execution	Commit and push audit file	2026-02-27T11:28:10.5260227Z  audit/kube/cluster-report-20260227-074040.md      |    64 -
core-execution	Commit and push audit file	2026-02-27T11:28:10.5260703Z  audit/kube/cluster-report-20260227-074047.json    |   241 -
core-execution	Commit and push audit file	2026-02-27T11:28:10.5261173Z  audit/kube/cluster-report-20260227-074047.md      |    64 -
core-execution	Commit and push audit file	2026-02-27T11:28:10.5261640Z  audit/kube/cluster-report-20260227-083141.json    |   241 -
core-execution	Commit and push audit file	2026-02-27T11:28:10.5262101Z  audit/kube/cluster-report-20260227-083141.md      |    64 -
core-execution	Commit and push audit file	2026-02-27T11:28:10.5262571Z  audit/kube/cluster-report-20260227-083239.json    |   241 -
core-execution	Commit and push audit file	2026-02-27T11:28:10.5263808Z  audit/kube/cluster-report-20260227-083239.md      |    64 -
core-execution	Commit and push audit file	2026-02-27T11:28:10.5264263Z  audit/kube/cluster-report-20260227-093210.json    |   241 -
core-execution	Commit and push audit file	2026-02-27T11:28:10.5265313Z  audit/kube/cluster-report-20260227-093210.md      |    64 -
core-execution	Commit and push audit file	2026-02-27T11:28:10.5265768Z  audit/kube/cluster-report-20260227-093335.json    |   241 -
core-execution	Commit and push audit file	2026-02-27T11:28:10.5266232Z  audit/kube/cluster-report-20260227-093335.md      |    64 -
core-execution	Commit and push audit file	2026-02-27T11:28:10.5266695Z  audit/kube/cluster-report-20260227-102959.json    |   241 -
core-execution	Commit and push audit file	2026-02-27T11:28:10.5267168Z  audit/kube/cluster-report-20260227-102959.md      |    65 -
core-execution	Commit and push audit file	2026-02-27T11:28:10.5267645Z  audit/kube/cluster-report-20260227-103050.json    |   241 -
core-execution	Commit and push audit file	2026-02-27T11:28:10.5268129Z  audit/kube/cluster-report-20260227-103050.md      |    64 -
core-execution	Commit and push audit file	2026-02-27T11:28:10.5268584Z  audit/kube/failed_pods.json                       |   554 -
core-execution	Commit and push audit file	2026-02-27T11:28:10.5269090Z  audit/mongodb/22483279383.json                    | 33493 --------------------
core-execution	Commit and push audit file	2026-02-27T11:28:10.5269627Z  audit/sync/20260227_111514_I-000561_4226.json     |   128 -
core-execution	Commit and push audit file	2026-02-27T11:28:10.5270086Z  audit/sync/20260227_111530_I-000561_4226.json     |   135 -
core-execution	Commit and push audit file	2026-02-27T11:28:10.5270543Z  78 files changed, 1201 insertions(+), 55722 deletions(-)
core-execution	Commit and push audit file	2026-02-27T11:28:10.5270990Z  delete mode 100644 audit/inspector/22482489783.json
core-execution	Commit and push audit file	2026-02-27T11:28:10.5271415Z  delete mode 100644 audit/inspector/22482489783.log
core-execution	Commit and push audit file	2026-02-27T11:28:10.5271816Z  delete mode 100644 audit/inspector/22482548319.json
core-execution	Commit and push audit file	2026-02-27T11:28:10.5272202Z  delete mode 100644 audit/inspector/22482548319.log
core-execution	Commit and push audit file	2026-02-27T11:28:10.5272578Z  delete mode 100644 audit/inspector/22482569433.json
core-execution	Commit and push audit file	2026-02-27T11:28:10.5272951Z  delete mode 100644 audit/inspector/22482569433.log
core-execution	Commit and push audit file	2026-02-27T11:28:10.5273337Z  delete mode 100644 audit/inspector/22482595179.json
core-execution	Commit and push audit file	2026-02-27T11:28:10.5273703Z  delete mode 100644 audit/inspector/22482595179.log
core-execution	Commit and push audit file	2026-02-27T11:28:10.5274087Z  delete mode 100644 audit/inspector/22483279383.json
core-execution	Commit and push audit file	2026-02-27T11:28:10.5274477Z  delete mode 100644 audit/inspector/22483279383.log
core-execution	Commit and push audit file	2026-02-27T11:28:10.5275058Z  delete mode 100644 audit/inspector/22483636371.json
core-execution	Commit and push audit file	2026-02-27T11:28:10.5275568Z  delete mode 100644 audit/inspector/22483636371.log
core-execution	Commit and push audit file	2026-02-27T11:28:10.5275927Z  delete mode 100644 audit/inspector/22483858164.json
core-execution	Commit and push audit file	2026-02-27T11:28:10.5276445Z  delete mode 100644 audit/inspector/22483858164.log
core-execution	Commit and push audit file	2026-02-27T11:28:10.5276849Z  delete mode 100644 audit/inspector/22483976208.json
core-execution	Commit and push audit file	2026-02-27T11:28:10.5277225Z  delete mode 100644 audit/inspector/22483976208.log
core-execution	Commit and push audit file	2026-02-27T11:28:10.5277597Z  delete mode 100644 audit/inspector/22483985619.json
core-execution	Commit and push audit file	2026-02-27T11:28:10.5277970Z  delete mode 100644 audit/inspector/22483985619.log
core-execution	Commit and push audit file	2026-02-27T11:28:10.5278337Z  create mode 100644 audit/inspector/22484285873.json
core-execution	Commit and push audit file	2026-02-27T11:28:10.5278706Z  create mode 100644 audit/inspector/22484285873.log
core-execution	Commit and push audit file	2026-02-27T11:28:10.5279169Z  delete mode 100755 audit/kube/cluster-dashboard-20260226-232149.html
core-execution	Commit and push audit file	2026-02-27T11:28:10.5279729Z  delete mode 100755 audit/kube/cluster-dashboard-20260226-232229.html
core-execution	Commit and push audit file	2026-02-27T11:28:10.5280291Z  delete mode 100755 audit/kube/cluster-dashboard-20260227-010752.html
core-execution	Commit and push audit file	2026-02-27T11:28:10.5280852Z  delete mode 100755 audit/kube/cluster-dashboard-20260227-011718.html
core-execution	Commit and push audit file	2026-02-27T11:28:10.5281427Z  delete mode 100755 audit/kube/cluster-dashboard-20260227-040426.html
core-execution	Commit and push audit file	2026-02-27T11:28:10.5281984Z  delete mode 100755 audit/kube/cluster-dashboard-20260227-040602.html
core-execution	Commit and push audit file	2026-02-27T11:28:10.5282545Z  delete mode 100755 audit/kube/cluster-dashboard-20260227-054504.html
core-execution	Commit and push audit file	2026-02-27T11:28:10.5283107Z  delete mode 100755 audit/kube/cluster-dashboard-20260227-054531.html
core-execution	Commit and push audit file	2026-02-27T11:28:10.5283651Z  delete mode 100755 audit/kube/cluster-dashboard-20260227-064030.html
core-execution	Commit and push audit file	2026-02-27T11:28:10.5284223Z  delete mode 100755 audit/kube/cluster-dashboard-20260227-064222.html
core-execution	Commit and push audit file	2026-02-27T11:28:10.5284865Z  delete mode 100755 audit/kube/cluster-dashboard-20260227-074040.html
core-execution	Commit and push audit file	2026-02-27T11:28:10.5285402Z  delete mode 100755 audit/kube/cluster-dashboard-20260227-074047.html
core-execution	Commit and push audit file	2026-02-27T11:28:10.5286520Z  delete mode 100755 audit/kube/cluster-dashboard-20260227-083141.html
core-execution	Commit and push audit file	2026-02-27T11:28:10.5287023Z  delete mode 100755 audit/kube/cluster-dashboard-20260227-083239.html
core-execution	Commit and push audit file	2026-02-27T11:28:10.5287532Z  delete mode 100755 audit/kube/cluster-dashboard-20260227-093210.html
core-execution	Commit and push audit file	2026-02-27T11:28:10.5288033Z  delete mode 100755 audit/kube/cluster-dashboard-20260227-093335.html
core-execution	Commit and push audit file	2026-02-27T11:28:10.5288537Z  delete mode 100755 audit/kube/cluster-dashboard-20260227-102959.html
core-execution	Commit and push audit file	2026-02-27T11:28:10.5289037Z  delete mode 100755 audit/kube/cluster-dashboard-20260227-103050.html
core-execution	Commit and push audit file	2026-02-27T11:28:10.5289528Z  delete mode 100755 audit/kube/cluster-report-20260226-232149.json
core-execution	Commit and push audit file	2026-02-27T11:28:10.5290012Z  delete mode 100755 audit/kube/cluster-report-20260226-232149.md
core-execution	Commit and push audit file	2026-02-27T11:28:10.5290484Z  delete mode 100755 audit/kube/cluster-report-20260226-232229.json
core-execution	Commit and push audit file	2026-02-27T11:28:10.5290960Z  delete mode 100755 audit/kube/cluster-report-20260226-232229.md
core-execution	Commit and push audit file	2026-02-27T11:28:10.5291429Z  delete mode 100755 audit/kube/cluster-report-20260227-010752.json
core-execution	Commit and push audit file	2026-02-27T11:28:10.5291912Z  delete mode 100755 audit/kube/cluster-report-20260227-010752.md
core-execution	Commit and push audit file	2026-02-27T11:28:10.5292386Z  delete mode 100755 audit/kube/cluster-report-20260227-011718.json
core-execution	Commit and push audit file	2026-02-27T11:28:10.5292863Z  delete mode 100755 audit/kube/cluster-report-20260227-011718.md
core-execution	Commit and push audit file	2026-02-27T11:28:10.5293336Z  delete mode 100755 audit/kube/cluster-report-20260227-040426.json
core-execution	Commit and push audit file	2026-02-27T11:28:10.5293811Z  delete mode 100755 audit/kube/cluster-report-20260227-040426.md
core-execution	Commit and push audit file	2026-02-27T11:28:10.5294283Z  delete mode 100755 audit/kube/cluster-report-20260227-040602.json
core-execution	Commit and push audit file	2026-02-27T11:28:10.5300367Z  delete mode 100755 audit/kube/cluster-report-20260227-040602.md
core-execution	Commit and push audit file	2026-02-27T11:28:10.5300934Z  delete mode 100755 audit/kube/cluster-report-20260227-054504.json
core-execution	Commit and push audit file	2026-02-27T11:28:10.5301573Z  delete mode 100755 audit/kube/cluster-report-20260227-054504.md
core-execution	Commit and push audit file	2026-02-27T11:28:10.5302185Z  delete mode 100755 audit/kube/cluster-report-20260227-054531.json
core-execution	Commit and push audit file	2026-02-27T11:28:10.5302813Z  delete mode 100755 audit/kube/cluster-report-20260227-054531.md
core-execution	Commit and push audit file	2026-02-27T11:28:10.5303448Z  delete mode 100755 audit/kube/cluster-report-20260227-064030.json
core-execution	Commit and push audit file	2026-02-27T11:28:10.5303951Z  delete mode 100755 audit/kube/cluster-report-20260227-064030.md
core-execution	Commit and push audit file	2026-02-27T11:28:10.5304701Z  delete mode 100755 audit/kube/cluster-report-20260227-064222.json
core-execution	Commit and push audit file	2026-02-27T11:28:10.5305325Z  delete mode 100755 audit/kube/cluster-report-20260227-064222.md
core-execution	Commit and push audit file	2026-02-27T11:28:10.5305926Z  delete mode 100755 audit/kube/cluster-report-20260227-074040.json
core-execution	Commit and push audit file	2026-02-27T11:28:10.5306548Z  delete mode 100755 audit/kube/cluster-report-20260227-074040.md
core-execution	Commit and push audit file	2026-02-27T11:28:10.5307170Z  delete mode 100755 audit/kube/cluster-report-20260227-074047.json
core-execution	Commit and push audit file	2026-02-27T11:28:10.5307645Z  delete mode 100755 audit/kube/cluster-report-20260227-074047.md
core-execution	Commit and push audit file	2026-02-27T11:28:10.5308112Z  delete mode 100755 audit/kube/cluster-report-20260227-083141.json
core-execution	Commit and push audit file	2026-02-27T11:28:10.5308578Z  delete mode 100755 audit/kube/cluster-report-20260227-083141.md
core-execution	Commit and push audit file	2026-02-27T11:28:10.5309190Z  delete mode 100755 audit/kube/cluster-report-20260227-083239.json
core-execution	Commit and push audit file	2026-02-27T11:28:10.5309705Z  delete mode 100755 audit/kube/cluster-report-20260227-083239.md
core-execution	Commit and push audit file	2026-02-27T11:28:10.5310312Z  delete mode 100755 audit/kube/cluster-report-20260227-093210.json
core-execution	Commit and push audit file	2026-02-27T11:28:10.5310789Z  delete mode 100755 audit/kube/cluster-report-20260227-093210.md
core-execution	Commit and push audit file	2026-02-27T11:28:10.5311263Z  delete mode 100755 audit/kube/cluster-report-20260227-093335.json
core-execution	Commit and push audit file	2026-02-27T11:28:10.5311731Z  delete mode 100755 audit/kube/cluster-report-20260227-093335.md
core-execution	Commit and push audit file	2026-02-27T11:28:10.5312206Z  delete mode 100755 audit/kube/cluster-report-20260227-102959.json
core-execution	Commit and push audit file	2026-02-27T11:28:10.5312696Z  delete mode 100755 audit/kube/cluster-report-20260227-102959.md
core-execution	Commit and push audit file	2026-02-27T11:28:10.5313202Z  delete mode 100755 audit/kube/cluster-report-20260227-103050.json
core-execution	Commit and push audit file	2026-02-27T11:28:10.5313706Z  delete mode 100755 audit/kube/cluster-report-20260227-103050.md
core-execution	Commit and push audit file	2026-02-27T11:28:10.5314147Z  delete mode 100755 audit/kube/failed_pods.json
core-execution	Commit and push audit file	2026-02-27T11:28:10.5315441Z  delete mode 100644 audit/mongodb/22483279383.json
core-execution	Commit and push audit file	2026-02-27T11:28:10.5315850Z  delete mode 100644 audit/sync/20260227_111514_I-000561_4226.json
core-execution	Commit and push audit file	2026-02-27T11:28:10.5316417Z  delete mode 100644 audit/sync/20260227_111530_I-000561_4226.json
core-execution	Commit and push audit file	2026-02-27T11:28:10.5479513Z [main 2323c613c] chore(ka0s): audit sync for issue #4226 run 22484359558 [skip ci]
core-execution	Commit and push audit file	2026-02-27T11:28:10.5481508Z  1 file changed, 142 insertions(+)
core-execution	Commit and push audit file	2026-02-27T11:28:10.5483786Z  create mode 100644 audit/sync/20260227_112809_I-000561_4226.json
core-execution	Commit and push audit file	2026-02-27T11:28:11.3789467Z To https://github.com/Ka0s-Klaus/ka0s
core-execution	Commit and push audit file	2026-02-27T11:28:11.3796789Z    bb36be495..2323c613c  HEAD -> main
core-execution	Post Set up Python	Ôªø2026-02-27T11:28:11.3970090Z Post job cleanup.
core-execution	Post Checkout code	Ôªø2026-02-27T11:28:11.6061106Z Post job cleanup.
core-execution	Post Checkout code	2026-02-27T11:28:11.7264402Z [command]/usr/bin/git version
core-execution	Post Checkout code	2026-02-27T11:28:11.7323672Z git version 2.53.0
core-execution	Post Checkout code	2026-02-27T11:28:11.7372391Z Copying '/home/runner/.gitconfig' to '/home/runner/_work/_temp/2ac64ad1-95a2-4de6-a832-5bfba491bfd7/.gitconfig'
core-execution	Post Checkout code	2026-02-27T11:28:11.7392312Z Temporarily overriding HOME='/home/runner/_work/_temp/2ac64ad1-95a2-4de6-a832-5bfba491bfd7' before making global git config changes
core-execution	Post Checkout code	2026-02-27T11:28:11.7394442Z Adding repository directory to the temporary git global config as a safe directory
core-execution	Post Checkout code	2026-02-27T11:28:11.7397892Z [command]/usr/bin/git config --global --add safe.directory /home/runner/_work/ka0s/ka0s
core-execution	Post Checkout code	2026-02-27T11:28:11.7477890Z [command]/usr/bin/git config --local --name-only --get-regexp core\.sshCommand
core-execution	Post Checkout code	2026-02-27T11:28:11.7532167Z [command]/usr/bin/git submodule foreach --recursive sh -c "git config --local --name-only --get-regexp 'core\.sshCommand' && git config --local --unset-all 'core.sshCommand' || :"
core-execution	Post Checkout code	2026-02-27T11:28:11.7950642Z [command]/usr/bin/git config --local --name-only --get-regexp http\.https\:\/\/github\.com\/\.extraheader
core-execution	Post Checkout code	2026-02-27T11:28:11.7991011Z http.https://github.com/.extraheader
core-execution	Post Checkout code	2026-02-27T11:28:11.8007366Z [command]/usr/bin/git config --local --unset-all http.https://github.com/.extraheader
core-execution	Post Checkout code	2026-02-27T11:28:11.8060769Z [command]/usr/bin/git submodule foreach --recursive sh -c "git config --local --name-only --get-regexp 'http\.https\:\/\/github\.com\/\.extraheader' && git config --local --unset-all 'http.https://github.com/.extraheader' || :"
core-execution	Post Checkout code	2026-02-27T11:28:11.8453943Z [command]/usr/bin/git config --local --name-only --get-regexp ^includeIf\.gitdir:
core-execution	Post Checkout code	2026-02-27T11:28:11.8500226Z [command]/usr/bin/git submodule foreach --recursive git config --local --show-origin --name-only --get-regexp remote.origin.url
core-execution	Complete job	Ôªø2026-02-27T11:28:11.9209682Z Cleaning up orphan processes
Handle Success	Set up job	Ôªø2026-02-27T11:28:25.1392309Z Current runner version: '2.332.0'
Handle Success	Set up job	2026-02-27T11:28:25.1411718Z Runner name: 'swarm-runners-scaleset-hkss5-runner-j9vnz'
Handle Success	Set up job	2026-02-27T11:28:25.1412971Z Runner group name: 'Default'
Handle Success	Set up job	2026-02-27T11:28:25.1414134Z Machine name: 'swarm-runners-scaleset-hkss5-runner-j9vnz'
Handle Success	Set up job	2026-02-27T11:28:25.1418072Z ##[group]GITHUB_TOKEN Permissions
Handle Success	Set up job	2026-02-27T11:28:25.1421099Z Actions: write
Handle Success	Set up job	2026-02-27T11:28:25.1421773Z Contents: write
Handle Success	Set up job	2026-02-27T11:28:25.1422397Z Issues: write
Handle Success	Set up job	2026-02-27T11:28:25.1422965Z Metadata: read
Handle Success	Set up job	2026-02-27T11:28:25.1423562Z ##[endgroup]
Handle Success	Set up job	2026-02-27T11:28:25.1435726Z Secret source: Actions
Handle Success	Set up job	2026-02-27T11:28:25.1445558Z Prepare workflow directory
Handle Success	Set up job	2026-02-27T11:28:25.2411887Z Prepare all required actions
Handle Success	Set up job	2026-02-27T11:28:25.2527265Z Complete job name: Handle Success
Handle Success	Notify Success	Ôªø2026-02-27T11:28:25.4223693Z ##[group]Run echo "‚úÖ Workflow [Ka0S] GitHub ‚Üí iTop Sync completado correctamente."
Handle Success	Notify Success	2026-02-27T11:28:25.4225054Z [36;1mecho "‚úÖ Workflow [Ka0S] GitHub ‚Üí iTop Sync completado correctamente."[0m
Handle Success	Notify Success	2026-02-27T11:28:25.4269002Z shell: /usr/bin/bash -e {0}
Handle Success	Notify Success	2026-02-27T11:28:25.4269973Z env:
Handle Success	Notify Success	2026-02-27T11:28:25.4270391Z   KAOS_MODULE: [Ka0S] GitHub ‚Üí iTop Sync
Handle Success	Notify Success	2026-02-27T11:28:25.4270942Z   KAOS_CORRELATION_ID: 22484359558
Handle Success	Notify Success	2026-02-27T11:28:25.4271428Z   KAOS_ACTOR: ka0score
Handle Success	Notify Success	2026-02-27T11:28:25.4271841Z ##[endgroup]
Handle Success	Notify Success	2026-02-27T11:28:25.4973978Z ‚úÖ Workflow [Ka0S] GitHub ‚Üí iTop Sync completado correctamente.
Handle Success	Complete job	Ôªø2026-02-27T11:28:25.5252766Z Cleaning up orphan processes
end-workflow	Set up job	Ôªø2026-02-27T11:28:38.5568227Z Current runner version: '2.332.0'
end-workflow	Set up job	2026-02-27T11:28:38.5580128Z Runner name: 'swarm-runners-scaleset-hkss5-runner-vgj5x'
end-workflow	Set up job	2026-02-27T11:28:38.5582968Z Runner group name: 'Default'
end-workflow	Set up job	2026-02-27T11:28:38.5584167Z Machine name: 'swarm-runners-scaleset-hkss5-runner-vgj5x'
end-workflow	Set up job	2026-02-27T11:28:38.5590501Z ##[group]GITHUB_TOKEN Permissions
end-workflow	Set up job	2026-02-27T11:28:38.5593907Z Actions: write
end-workflow	Set up job	2026-02-27T11:28:38.5594868Z Contents: write
end-workflow	Set up job	2026-02-27T11:28:38.5595515Z Issues: write
end-workflow	Set up job	2026-02-27T11:28:38.5596070Z Metadata: read
end-workflow	Set up job	2026-02-27T11:28:38.5598071Z ##[endgroup]
end-workflow	Set up job	2026-02-27T11:28:38.5600626Z Secret source: Actions
end-workflow	Set up job	2026-02-27T11:28:38.5601441Z Prepare workflow directory
end-workflow	Set up job	2026-02-27T11:28:38.6243587Z Prepare all required actions
end-workflow	Set up job	2026-02-27T11:28:38.6328276Z Getting action download info
end-workflow	Set up job	2026-02-27T11:28:39.2559642Z Download action repository 'actions/checkout@v4' (SHA:34e114876b0b11c390a56381ad16ebd13914f8d5)
end-workflow	Set up job	2026-02-27T11:28:40.2348117Z Complete job name: end-workflow
end-workflow	Checkout repository	Ôªø2026-02-27T11:28:40.3149759Z ##[group]Run actions/checkout@v4
end-workflow	Checkout repository	2026-02-27T11:28:40.3150867Z with:
end-workflow	Checkout repository	2026-02-27T11:28:40.3151305Z   fetch-depth: 0
end-workflow	Checkout repository	2026-02-27T11:28:40.3151748Z   repository: Ka0s-Klaus/ka0s
end-workflow	Checkout repository	2026-02-27T11:28:40.3152535Z   token: ***
end-workflow	Checkout repository	2026-02-27T11:28:40.3152952Z   ssh-strict: true
end-workflow	Checkout repository	2026-02-27T11:28:40.3153383Z   ssh-user: git
end-workflow	Checkout repository	2026-02-27T11:28:40.3153818Z   persist-credentials: true
end-workflow	Checkout repository	2026-02-27T11:28:40.3154296Z   clean: true
end-workflow	Checkout repository	2026-02-27T11:28:40.3154823Z   sparse-checkout-cone-mode: true
end-workflow	Checkout repository	2026-02-27T11:28:40.3155350Z   fetch-tags: false
end-workflow	Checkout repository	2026-02-27T11:28:40.3155780Z   show-progress: true
end-workflow	Checkout repository	2026-02-27T11:28:40.3156226Z   lfs: false
end-workflow	Checkout repository	2026-02-27T11:28:40.3156649Z   submodules: false
end-workflow	Checkout repository	2026-02-27T11:28:40.3157085Z   set-safe-directory: true
end-workflow	Checkout repository	2026-02-27T11:28:40.3157868Z env:
end-workflow	Checkout repository	2026-02-27T11:28:40.3158307Z   KAOS_MODULE: [Ka0S] GitHub ‚Üí iTop Sync
end-workflow	Checkout repository	2026-02-27T11:28:40.3158878Z   KAOS_CORRELATION_ID: 22484359558
end-workflow	Checkout repository	2026-02-27T11:28:40.3159394Z   KAOS_ACTOR: ka0score
end-workflow	Checkout repository	2026-02-27T11:28:40.3159835Z ##[endgroup]
end-workflow	Checkout repository	2026-02-27T11:28:40.4539906Z Syncing repository: Ka0s-Klaus/ka0s
end-workflow	Checkout repository	2026-02-27T11:28:40.4542685Z ##[group]Getting Git version info
end-workflow	Checkout repository	2026-02-27T11:28:40.4543671Z Working directory is '/home/runner/_work/ka0s/ka0s'
end-workflow	Checkout repository	2026-02-27T11:28:40.4545030Z [command]/usr/bin/git version
end-workflow	Checkout repository	2026-02-27T11:28:40.4552202Z git version 2.53.0
end-workflow	Checkout repository	2026-02-27T11:28:40.4586560Z ##[endgroup]
end-workflow	Checkout repository	2026-02-27T11:28:40.4626238Z Temporarily overriding HOME='/home/runner/_work/_temp/b71dd738-6c3f-41a2-8cae-d520f99d27bb' before making global git config changes
end-workflow	Checkout repository	2026-02-27T11:28:40.4630176Z Adding repository directory to the temporary git global config as a safe directory
end-workflow	Checkout repository	2026-02-27T11:28:40.4632089Z [command]/usr/bin/git config --global --add safe.directory /home/runner/_work/ka0s/ka0s
end-workflow	Checkout repository	2026-02-27T11:28:40.4675340Z Deleting the contents of '/home/runner/_work/ka0s/ka0s'
end-workflow	Checkout repository	2026-02-27T11:28:40.4681115Z ##[group]Initializing the repository
end-workflow	Checkout repository	2026-02-27T11:28:40.4700361Z [command]/usr/bin/git init /home/runner/_work/ka0s/ka0s
end-workflow	Checkout repository	2026-02-27T11:28:40.4752275Z hint: Using 'master' as the name for the initial branch. This default branch name
end-workflow	Checkout repository	2026-02-27T11:28:40.4759049Z hint: will change to "main" in Git 3.0. To configure the initial branch name
end-workflow	Checkout repository	2026-02-27T11:28:40.4760765Z hint: to use in all of your new repositories, which will suppress this warning,
end-workflow	Checkout repository	2026-02-27T11:28:40.4761758Z hint: call:
end-workflow	Checkout repository	2026-02-27T11:28:40.4763406Z hint:
end-workflow	Checkout repository	2026-02-27T11:28:40.4764119Z hint: 	git config --global init.defaultBranch <name>
end-workflow	Checkout repository	2026-02-27T11:28:40.4767983Z hint:
end-workflow	Checkout repository	2026-02-27T11:28:40.4768600Z hint: Names commonly chosen instead of 'master' are 'main', 'trunk' and
end-workflow	Checkout repository	2026-02-27T11:28:40.4769562Z hint: 'development'. The just-created branch can be renamed via this command:
end-workflow	Checkout repository	2026-02-27T11:28:40.4770328Z hint:
end-workflow	Checkout repository	2026-02-27T11:28:40.4770750Z hint: 	git branch -m <name>
end-workflow	Checkout repository	2026-02-27T11:28:40.4771222Z hint:
end-workflow	Checkout repository	2026-02-27T11:28:40.4771853Z hint: Disable this message with "git config set advice.defaultBranchName false"
end-workflow	Checkout repository	2026-02-27T11:28:40.4772832Z Initialized empty Git repository in /home/runner/_work/ka0s/ka0s/.git/
end-workflow	Checkout repository	2026-02-27T11:28:40.4776222Z [command]/usr/bin/git remote add origin https://github.com/Ka0s-Klaus/ka0s
end-workflow	Checkout repository	2026-02-27T11:28:40.4823475Z ##[endgroup]
end-workflow	Checkout repository	2026-02-27T11:28:40.4824368Z ##[group]Disabling automatic garbage collection
end-workflow	Checkout repository	2026-02-27T11:28:40.4825276Z [command]/usr/bin/git config --local gc.auto 0
end-workflow	Checkout repository	2026-02-27T11:28:40.4866771Z ##[endgroup]
end-workflow	Checkout repository	2026-02-27T11:28:40.4867735Z ##[group]Setting up auth
end-workflow	Checkout repository	2026-02-27T11:28:40.4868574Z [command]/usr/bin/git config --local --name-only --get-regexp core\.sshCommand
end-workflow	Checkout repository	2026-02-27T11:28:40.4916161Z [command]/usr/bin/git submodule foreach --recursive sh -c "git config --local --name-only --get-regexp 'core\.sshCommand' && git config --local --unset-all 'core.sshCommand' || :"
end-workflow	Checkout repository	2026-02-27T11:28:40.5274421Z [command]/usr/bin/git config --local --name-only --get-regexp http\.https\:\/\/github\.com\/\.extraheader
end-workflow	Checkout repository	2026-02-27T11:28:40.5321451Z [command]/usr/bin/git submodule foreach --recursive sh -c "git config --local --name-only --get-regexp 'http\.https\:\/\/github\.com\/\.extraheader' && git config --local --unset-all 'http.https://github.com/.extraheader' || :"
end-workflow	Checkout repository	2026-02-27T11:28:40.5705592Z [command]/usr/bin/git config --local --name-only --get-regexp ^includeIf\.gitdir:
end-workflow	Checkout repository	2026-02-27T11:28:40.5752631Z [command]/usr/bin/git submodule foreach --recursive git config --local --show-origin --name-only --get-regexp remote.origin.url
end-workflow	Checkout repository	2026-02-27T11:28:40.6186107Z [command]/usr/bin/git config --local http.https://github.com/.extraheader AUTHORIZATION: basic ***
end-workflow	Checkout repository	2026-02-27T11:28:40.6283938Z ##[endgroup]
end-workflow	Checkout repository	2026-02-27T11:28:40.6296580Z ##[group]Fetching the repository
end-workflow	Checkout repository	2026-02-27T11:28:40.6309459Z [command]/usr/bin/git -c protocol.version=2 fetch --prune --no-recurse-submodules origin +refs/heads/*:refs/remotes/origin/* +refs/tags/*:refs/tags/*
end-workflow	Checkout repository	2026-02-27T11:29:16.9589627Z From https://github.com/Ka0s-Klaus/ka0s
end-workflow	Checkout repository	2026-02-27T11:29:16.9592120Z  * [new branch]          F3450-modelo-operativo -> origin/F3450-modelo-operativo
end-workflow	Checkout repository	2026-02-27T11:29:16.9598190Z  * [new branch]          H1276-modulo-observabilidad -> origin/H1276-modulo-observabilidad
end-workflow	Checkout repository	2026-02-27T11:29:16.9608301Z  * [new branch]          H3596-deploy-itop      -> origin/H3596-deploy-itop
end-workflow	Checkout repository	2026-02-27T11:29:16.9612892Z  * [new branch]          H4170-flujo-detallado-zabbix---github -> origin/H4170-flujo-detallado-zabbix---github
end-workflow	Checkout repository	2026-02-27T11:29:16.9613652Z  * [new branch]          H4191-request-cambios  -> origin/H4191-request-cambios
end-workflow	Checkout repository	2026-02-27T11:29:16.9626928Z  * [new branch]          H4200-request-recomendaciones-de-auditoria -> origin/H4200-request-recomendaciones-de-auditoria
end-workflow	Checkout repository	2026-02-27T11:29:16.9627824Z  * [new branch]          main                   -> origin/main
end-workflow	Checkout repository	2026-02-27T11:29:16.9628256Z  * [new tag]             0.0.0                  -> 0.0.0
end-workflow	Checkout repository	2026-02-27T11:29:16.9628689Z  * [new tag]             0.0.1                  -> 0.0.1
end-workflow	Checkout repository	2026-02-27T11:29:16.9629080Z  * [new tag]             0.0.10                 -> 0.0.10
end-workflow	Checkout repository	2026-02-27T11:29:16.9629483Z  * [new tag]             0.0.100                -> 0.0.100
end-workflow	Checkout repository	2026-02-27T11:29:16.9629929Z  * [new tag]             0.0.101                -> 0.0.101
end-workflow	Checkout repository	2026-02-27T11:29:16.9630340Z  * [new tag]             0.0.102                -> 0.0.102
end-workflow	Checkout repository	2026-02-27T11:29:16.9630789Z  * [new tag]             0.0.103                -> 0.0.103
end-workflow	Checkout repository	2026-02-27T11:29:16.9631232Z  * [new tag]             0.0.104                -> 0.0.104
end-workflow	Checkout repository	2026-02-27T11:29:16.9631620Z  * [new tag]             0.0.105                -> 0.0.105
end-workflow	Checkout repository	2026-02-27T11:29:16.9632010Z  * [new tag]             0.0.106                -> 0.0.106
end-workflow	Checkout repository	2026-02-27T11:29:16.9632683Z  * [new tag]             0.0.107                -> 0.0.107
end-workflow	Checkout repository	2026-02-27T11:29:16.9636793Z  * [new tag]             0.0.108                -> 0.0.108
end-workflow	Checkout repository	2026-02-27T11:29:16.9637482Z  * [new tag]             0.0.109                -> 0.0.109
end-workflow	Checkout repository	2026-02-27T11:29:16.9638012Z  * [new tag]             0.0.11                 -> 0.0.11
end-workflow	Checkout repository	2026-02-27T11:29:16.9638551Z  * [new tag]             0.0.110                -> 0.0.110
end-workflow	Checkout repository	2026-02-27T11:29:16.9642723Z  * [new tag]             0.0.111                -> 0.0.111
end-workflow	Checkout repository	2026-02-27T11:29:16.9644219Z  * [new tag]             0.0.112                -> 0.0.112
end-workflow	Checkout repository	2026-02-27T11:29:16.9647499Z  * [new tag]             0.0.113                -> 0.0.113
end-workflow	Checkout repository	2026-02-27T11:29:16.9647907Z  * [new tag]             0.0.114                -> 0.0.114
end-workflow	Checkout repository	2026-02-27T11:29:16.9648309Z  * [new tag]             0.0.115                -> 0.0.115
end-workflow	Checkout repository	2026-02-27T11:29:16.9648702Z  * [new tag]             0.0.116                -> 0.0.116
end-workflow	Checkout repository	2026-02-27T11:29:16.9649191Z  * [new tag]             0.0.117                -> 0.0.117
end-workflow	Checkout repository	2026-02-27T11:29:16.9649646Z  * [new tag]             0.0.118                -> 0.0.118
end-workflow	Checkout repository	2026-02-27T11:29:16.9650034Z  * [new tag]             0.0.119                -> 0.0.119
end-workflow	Checkout repository	2026-02-27T11:29:16.9650428Z  * [new tag]             0.0.12                 -> 0.0.12
end-workflow	Checkout repository	2026-02-27T11:29:16.9650817Z  * [new tag]             0.0.120                -> 0.0.120
end-workflow	Checkout repository	2026-02-27T11:29:16.9651212Z  * [new tag]             0.0.121                -> 0.0.121
end-workflow	Checkout repository	2026-02-27T11:29:16.9651600Z  * [new tag]             0.0.122                -> 0.0.122
end-workflow	Checkout repository	2026-02-27T11:29:16.9651993Z  * [new tag]             0.0.123                -> 0.0.123
end-workflow	Checkout repository	2026-02-27T11:29:16.9652672Z  * [new tag]             0.0.124                -> 0.0.124
end-workflow	Checkout repository	2026-02-27T11:29:16.9653065Z  * [new tag]             0.0.125                -> 0.0.125
end-workflow	Checkout repository	2026-02-27T11:29:16.9653456Z  * [new tag]             0.0.126                -> 0.0.126
end-workflow	Checkout repository	2026-02-27T11:29:16.9653843Z  * [new tag]             0.0.127                -> 0.0.127
end-workflow	Checkout repository	2026-02-27T11:29:16.9654232Z  * [new tag]             0.0.128                -> 0.0.128
end-workflow	Checkout repository	2026-02-27T11:29:16.9679312Z  * [new tag]             0.0.129                -> 0.0.129
end-workflow	Checkout repository	2026-02-27T11:29:16.9679933Z  * [new tag]             0.0.13                 -> 0.0.13
end-workflow	Checkout repository	2026-02-27T11:29:16.9680343Z  * [new tag]             0.0.130                -> 0.0.130
end-workflow	Checkout repository	2026-02-27T11:29:16.9680747Z  * [new tag]             0.0.131                -> 0.0.131
end-workflow	Checkout repository	2026-02-27T11:29:16.9681142Z  * [new tag]             0.0.132                -> 0.0.132
end-workflow	Checkout repository	2026-02-27T11:29:16.9681533Z  * [new tag]             0.0.133                -> 0.0.133
end-workflow	Checkout repository	2026-02-27T11:29:16.9681951Z  * [new tag]             0.0.134                -> 0.0.134
end-workflow	Checkout repository	2026-02-27T11:29:16.9682351Z  * [new tag]             0.0.135                -> 0.0.135
end-workflow	Checkout repository	2026-02-27T11:29:16.9682743Z  * [new tag]             0.0.136                -> 0.0.136
end-workflow	Checkout repository	2026-02-27T11:29:16.9683315Z  * [new tag]             0.0.137                -> 0.0.137
end-workflow	Checkout repository	2026-02-27T11:29:16.9683711Z  * [new tag]             0.0.138                -> 0.0.138
end-workflow	Checkout repository	2026-02-27T11:29:16.9854893Z  * [new tag]             0.0.139                -> 0.0.139
end-workflow	Checkout repository	2026-02-27T11:29:16.9855775Z  * [new tag]             0.0.14                 -> 0.0.14
end-workflow	Checkout repository	2026-02-27T11:29:16.9856184Z  * [new tag]             0.0.140                -> 0.0.140
end-workflow	Checkout repository	2026-02-27T11:29:16.9856576Z  * [new tag]             0.0.141                -> 0.0.141
end-workflow	Checkout repository	2026-02-27T11:29:16.9856972Z  * [new tag]             0.0.142                -> 0.0.142
end-workflow	Checkout repository	2026-02-27T11:29:16.9857357Z  * [new tag]             0.0.143                -> 0.0.143
end-workflow	Checkout repository	2026-02-27T11:29:16.9857741Z  * [new tag]             0.0.144                -> 0.0.144
end-workflow	Checkout repository	2026-02-27T11:29:16.9858168Z  * [new tag]             0.0.145                -> 0.0.145
end-workflow	Checkout repository	2026-02-27T11:29:16.9858583Z  * [new tag]             0.0.146                -> 0.0.146
end-workflow	Checkout repository	2026-02-27T11:29:16.9858995Z  * [new tag]             0.0.147                -> 0.0.147
end-workflow	Checkout repository	2026-02-27T11:29:16.9859419Z  * [new tag]             0.0.148                -> 0.0.148
end-workflow	Checkout repository	2026-02-27T11:29:16.9859814Z  * [new tag]             0.0.149                -> 0.0.149
end-workflow	Checkout repository	2026-02-27T11:29:16.9860239Z  * [new tag]             0.0.15                 -> 0.0.15
end-workflow	Checkout repository	2026-02-27T11:29:16.9860728Z  * [new tag]             0.0.150                -> 0.0.150
end-workflow	Checkout repository	2026-02-27T11:29:16.9861122Z  * [new tag]             0.0.151                -> 0.0.151
end-workflow	Checkout repository	2026-02-27T11:29:16.9861513Z  * [new tag]             0.0.152                -> 0.0.152
end-workflow	Checkout repository	2026-02-27T11:29:16.9861908Z  * [new tag]             0.0.153                -> 0.0.153
end-workflow	Checkout repository	2026-02-27T11:29:16.9862312Z  * [new tag]             0.0.154                -> 0.0.154
end-workflow	Checkout repository	2026-02-27T11:29:16.9862721Z  * [new tag]             0.0.155                -> 0.0.155
end-workflow	Checkout repository	2026-02-27T11:29:16.9863415Z  * [new tag]             0.0.156                -> 0.0.156
end-workflow	Checkout repository	2026-02-27T11:29:16.9863815Z  * [new tag]             0.0.157                -> 0.0.157
end-workflow	Checkout repository	2026-02-27T11:29:16.9864216Z  * [new tag]             0.0.158                -> 0.0.158
end-workflow	Checkout repository	2026-02-27T11:29:16.9897943Z  * [new tag]             0.0.159                -> 0.0.159
end-workflow	Checkout repository	2026-02-27T11:29:16.9898592Z  * [new tag]             0.0.16                 -> 0.0.16
end-workflow	Checkout repository	2026-02-27T11:29:16.9899018Z  * [new tag]             0.0.160                -> 0.0.160
end-workflow	Checkout repository	2026-02-27T11:29:16.9899415Z  * [new tag]             0.0.161                -> 0.0.161
end-workflow	Checkout repository	2026-02-27T11:29:16.9899816Z  * [new tag]             0.0.162                -> 0.0.162
end-workflow	Checkout repository	2026-02-27T11:29:16.9900220Z  * [new tag]             0.0.163                -> 0.0.163
end-workflow	Checkout repository	2026-02-27T11:29:16.9900621Z  * [new tag]             0.0.164                -> 0.0.164
end-workflow	Checkout repository	2026-02-27T11:29:16.9901019Z  * [new tag]             0.0.165                -> 0.0.165
end-workflow	Checkout repository	2026-02-27T11:29:16.9901760Z  * [new tag]             0.0.166                -> 0.0.166
end-workflow	Checkout repository	2026-02-27T11:29:16.9902173Z  * [new tag]             0.0.167                -> 0.0.167
end-workflow	Checkout repository	2026-02-27T11:29:16.9902570Z  * [new tag]             0.0.168                -> 0.0.168
end-workflow	Checkout repository	2026-02-27T11:29:16.9903104Z  * [new tag]             0.0.169                -> 0.0.169
end-workflow	Checkout repository	2026-02-27T11:29:16.9903508Z  * [new tag]             0.0.17                 -> 0.0.17
end-workflow	Checkout repository	2026-02-27T11:29:16.9903902Z  * [new tag]             0.0.170                -> 0.0.170
end-workflow	Checkout repository	2026-02-27T11:29:16.9904305Z  * [new tag]             0.0.171                -> 0.0.171
end-workflow	Checkout repository	2026-02-27T11:29:16.9914998Z  * [new tag]             0.0.172                -> 0.0.172
end-workflow	Checkout repository	2026-02-27T11:29:16.9915444Z  * [new tag]             0.0.173                -> 0.0.173
end-workflow	Checkout repository	2026-02-27T11:29:16.9915845Z  * [new tag]             0.0.174                -> 0.0.174
end-workflow	Checkout repository	2026-02-27T11:29:16.9916240Z  * [new tag]             0.0.175                -> 0.0.175
end-workflow	Checkout repository	2026-02-27T11:29:16.9916637Z  * [new tag]             0.0.176                -> 0.0.176
end-workflow	Checkout repository	2026-02-27T11:29:16.9917057Z  * [new tag]             0.0.177                -> 0.0.177
end-workflow	Checkout repository	2026-02-27T11:29:16.9917457Z  * [new tag]             0.0.178                -> 0.0.178
end-workflow	Checkout repository	2026-02-27T11:29:16.9917856Z  * [new tag]             0.0.179                -> 0.0.179
end-workflow	Checkout repository	2026-02-27T11:29:16.9918253Z  * [new tag]             0.0.18                 -> 0.0.18
end-workflow	Checkout repository	2026-02-27T11:29:16.9918651Z  * [new tag]             0.0.19                 -> 0.0.19
end-workflow	Checkout repository	2026-02-27T11:29:16.9919044Z  * [new tag]             0.0.2                  -> 0.0.2
end-workflow	Checkout repository	2026-02-27T11:29:16.9919444Z  * [new tag]             0.0.20                 -> 0.0.20
end-workflow	Checkout repository	2026-02-27T11:29:16.9919836Z  * [new tag]             0.0.21                 -> 0.0.21
end-workflow	Checkout repository	2026-02-27T11:29:16.9920234Z  * [new tag]             0.0.22                 -> 0.0.22
end-workflow	Checkout repository	2026-02-27T11:29:16.9920639Z  * [new tag]             0.0.23                 -> 0.0.23
end-workflow	Checkout repository	2026-02-27T11:29:16.9921040Z  * [new tag]             0.0.24                 -> 0.0.24
end-workflow	Checkout repository	2026-02-27T11:29:16.9921447Z  * [new tag]             0.0.25                 -> 0.0.25
end-workflow	Checkout repository	2026-02-27T11:29:16.9921846Z  * [new tag]             0.0.26                 -> 0.0.26
end-workflow	Checkout repository	2026-02-27T11:29:16.9922242Z  * [new tag]             0.0.27                 -> 0.0.27
end-workflow	Checkout repository	2026-02-27T11:29:16.9922636Z  * [new tag]             0.0.28                 -> 0.0.28
end-workflow	Checkout repository	2026-02-27T11:29:16.9923032Z  * [new tag]             0.0.29                 -> 0.0.29
end-workflow	Checkout repository	2026-02-27T11:29:16.9923422Z  * [new tag]             0.0.3                  -> 0.0.3
end-workflow	Checkout repository	2026-02-27T11:29:16.9923818Z  * [new tag]             0.0.30                 -> 0.0.30
end-workflow	Checkout repository	2026-02-27T11:29:16.9924217Z  * [new tag]             0.0.31                 -> 0.0.31
end-workflow	Checkout repository	2026-02-27T11:29:16.9924672Z  * [new tag]             0.0.32                 -> 0.0.32
end-workflow	Checkout repository	2026-02-27T11:29:16.9925075Z  * [new tag]             0.0.33                 -> 0.0.33
end-workflow	Checkout repository	2026-02-27T11:29:16.9925471Z  * [new tag]             0.0.34                 -> 0.0.34
end-workflow	Checkout repository	2026-02-27T11:29:16.9925869Z  * [new tag]             0.0.35                 -> 0.0.35
end-workflow	Checkout repository	2026-02-27T11:29:16.9926272Z  * [new tag]             0.0.36                 -> 0.0.36
end-workflow	Checkout repository	2026-02-27T11:29:16.9927005Z  * [new tag]             0.0.37                 -> 0.0.37
end-workflow	Checkout repository	2026-02-27T11:29:16.9927407Z  * [new tag]             0.0.38                 -> 0.0.38
end-workflow	Checkout repository	2026-02-27T11:29:16.9927800Z  * [new tag]             0.0.39                 -> 0.0.39
end-workflow	Checkout repository	2026-02-27T11:29:16.9928199Z  * [new tag]             0.0.4                  -> 0.0.4
end-workflow	Checkout repository	2026-02-27T11:29:16.9928593Z  * [new tag]             0.0.40                 -> 0.0.40
end-workflow	Checkout repository	2026-02-27T11:29:16.9928993Z  * [new tag]             0.0.41                 -> 0.0.41
end-workflow	Checkout repository	2026-02-27T11:29:16.9929384Z  * [new tag]             0.0.42                 -> 0.0.42
end-workflow	Checkout repository	2026-02-27T11:29:16.9929783Z  * [new tag]             0.0.43                 -> 0.0.43
end-workflow	Checkout repository	2026-02-27T11:29:16.9930180Z  * [new tag]             0.0.44                 -> 0.0.44
end-workflow	Checkout repository	2026-02-27T11:29:16.9930574Z  * [new tag]             0.0.45                 -> 0.0.45
end-workflow	Checkout repository	2026-02-27T11:29:16.9930976Z  * [new tag]             0.0.46                 -> 0.0.46
end-workflow	Checkout repository	2026-02-27T11:29:16.9931632Z  * [new tag]             0.0.47                 -> 0.0.47
end-workflow	Checkout repository	2026-02-27T11:29:16.9932040Z  * [new tag]             0.0.48                 -> 0.0.48
end-workflow	Checkout repository	2026-02-27T11:29:16.9932437Z  * [new tag]             0.0.49                 -> 0.0.49
end-workflow	Checkout repository	2026-02-27T11:29:16.9932839Z  * [new tag]             0.0.5                  -> 0.0.5
end-workflow	Checkout repository	2026-02-27T11:29:16.9933236Z  * [new tag]             0.0.50                 -> 0.0.50
end-workflow	Checkout repository	2026-02-27T11:29:16.9933630Z  * [new tag]             0.0.51                 -> 0.0.51
end-workflow	Checkout repository	2026-02-27T11:29:16.9934031Z  * [new tag]             0.0.52                 -> 0.0.52
end-workflow	Checkout repository	2026-02-27T11:29:16.9934423Z  * [new tag]             0.0.53                 -> 0.0.53
end-workflow	Checkout repository	2026-02-27T11:29:16.9955177Z  * [new tag]             0.0.54                 -> 0.0.54
end-workflow	Checkout repository	2026-02-27T11:29:16.9955612Z  * [new tag]             0.0.55                 -> 0.0.55
end-workflow	Checkout repository	2026-02-27T11:29:16.9956010Z  * [new tag]             0.0.56                 -> 0.0.56
end-workflow	Checkout repository	2026-02-27T11:29:16.9956406Z  * [new tag]             0.0.57                 -> 0.0.57
end-workflow	Checkout repository	2026-02-27T11:29:16.9956812Z  * [new tag]             0.0.58                 -> 0.0.58
end-workflow	Checkout repository	2026-02-27T11:29:16.9957200Z  * [new tag]             0.0.59                 -> 0.0.59
end-workflow	Checkout repository	2026-02-27T11:29:16.9957587Z  * [new tag]             0.0.6                  -> 0.0.6
end-workflow	Checkout repository	2026-02-27T11:29:16.9957979Z  * [new tag]             0.0.60                 -> 0.0.60
end-workflow	Checkout repository	2026-02-27T11:29:16.9958369Z  * [new tag]             0.0.61                 -> 0.0.61
end-workflow	Checkout repository	2026-02-27T11:29:16.9958758Z  * [new tag]             0.0.62                 -> 0.0.62
end-workflow	Checkout repository	2026-02-27T11:29:16.9959146Z  * [new tag]             0.0.63                 -> 0.0.63
end-workflow	Checkout repository	2026-02-27T11:29:16.9959531Z  * [new tag]             0.0.64                 -> 0.0.64
end-workflow	Checkout repository	2026-02-27T11:29:16.9959917Z  * [new tag]             0.0.65                 -> 0.0.65
end-workflow	Checkout repository	2026-02-27T11:29:16.9960303Z  * [new tag]             0.0.66                 -> 0.0.66
end-workflow	Checkout repository	2026-02-27T11:29:16.9960697Z  * [new tag]             0.0.67                 -> 0.0.67
end-workflow	Checkout repository	2026-02-27T11:29:16.9961082Z  * [new tag]             0.0.68                 -> 0.0.68
end-workflow	Checkout repository	2026-02-27T11:29:16.9961480Z  * [new tag]             0.0.69                 -> 0.0.69
end-workflow	Checkout repository	2026-02-27T11:29:16.9961866Z  * [new tag]             0.0.7                  -> 0.0.7
end-workflow	Checkout repository	2026-02-27T11:29:16.9962262Z  * [new tag]             0.0.70                 -> 0.0.70
end-workflow	Checkout repository	2026-02-27T11:29:16.9962651Z  * [new tag]             0.0.71                 -> 0.0.71
end-workflow	Checkout repository	2026-02-27T11:29:16.9963033Z  * [new tag]             0.0.72                 -> 0.0.72
end-workflow	Checkout repository	2026-02-27T11:29:16.9963421Z  * [new tag]             0.0.73                 -> 0.0.73
end-workflow	Checkout repository	2026-02-27T11:29:16.9963808Z  * [new tag]             0.0.74                 -> 0.0.74
end-workflow	Checkout repository	2026-02-27T11:29:16.9964196Z  * [new tag]             0.0.75                 -> 0.0.75
end-workflow	Checkout repository	2026-02-27T11:29:16.9974850Z  * [new tag]             0.0.76                 -> 0.0.76
end-workflow	Checkout repository	2026-02-27T11:29:16.9975309Z  * [new tag]             0.0.77                 -> 0.0.77
end-workflow	Checkout repository	2026-02-27T11:29:16.9975699Z  * [new tag]             0.0.78                 -> 0.0.78
end-workflow	Checkout repository	2026-02-27T11:29:16.9976093Z  * [new tag]             0.0.79                 -> 0.0.79
end-workflow	Checkout repository	2026-02-27T11:29:16.9976774Z  * [new tag]             0.0.8                  -> 0.0.8
end-workflow	Checkout repository	2026-02-27T11:29:16.9977160Z  * [new tag]             0.0.80                 -> 0.0.80
end-workflow	Checkout repository	2026-02-27T11:29:16.9977549Z  * [new tag]             0.0.81                 -> 0.0.81
end-workflow	Checkout repository	2026-02-27T11:29:16.9977934Z  * [new tag]             0.0.82                 -> 0.0.82
end-workflow	Checkout repository	2026-02-27T11:29:16.9978320Z  * [new tag]             0.0.83                 -> 0.0.83
end-workflow	Checkout repository	2026-02-27T11:29:16.9978709Z  * [new tag]             0.0.84                 -> 0.0.84
end-workflow	Checkout repository	2026-02-27T11:29:16.9979099Z  * [new tag]             0.0.85                 -> 0.0.85
end-workflow	Checkout repository	2026-02-27T11:29:16.9979495Z  * [new tag]             0.0.86                 -> 0.0.86
end-workflow	Checkout repository	2026-02-27T11:29:16.9979879Z  * [new tag]             0.0.87                 -> 0.0.87
end-workflow	Checkout repository	2026-02-27T11:29:16.9980268Z  * [new tag]             0.0.88                 -> 0.0.88
end-workflow	Checkout repository	2026-02-27T11:29:16.9980651Z  * [new tag]             0.0.89                 -> 0.0.89
end-workflow	Checkout repository	2026-02-27T11:29:16.9981258Z  * [new tag]             0.0.9                  -> 0.0.9
end-workflow	Checkout repository	2026-02-27T11:29:16.9981653Z  * [new tag]             0.0.90                 -> 0.0.90
end-workflow	Checkout repository	2026-02-27T11:29:16.9982037Z  * [new tag]             0.0.91                 -> 0.0.91
end-workflow	Checkout repository	2026-02-27T11:29:16.9982430Z  * [new tag]             0.0.92                 -> 0.0.92
end-workflow	Checkout repository	2026-02-27T11:29:16.9982815Z  * [new tag]             0.0.93                 -> 0.0.93
end-workflow	Checkout repository	2026-02-27T11:29:16.9983205Z  * [new tag]             0.0.94                 -> 0.0.94
end-workflow	Checkout repository	2026-02-27T11:29:16.9983592Z  * [new tag]             0.0.95                 -> 0.0.95
end-workflow	Checkout repository	2026-02-27T11:29:16.9983982Z  * [new tag]             0.0.96                 -> 0.0.96
end-workflow	Checkout repository	2026-02-27T11:29:16.9984380Z  * [new tag]             0.0.97                 -> 0.0.97
end-workflow	Checkout repository	2026-02-27T11:29:16.9995356Z  * [new tag]             0.0.98                 -> 0.0.98
end-workflow	Checkout repository	2026-02-27T11:29:16.9995829Z  * [new tag]             0.0.99                 -> 0.0.99
end-workflow	Checkout repository	2026-02-27T11:29:16.9996216Z  * [new tag]             0.1.0                  -> 0.1.0
end-workflow	Checkout repository	2026-02-27T11:29:16.9996639Z  * [new tag]             0.1.1                  -> 0.1.1
end-workflow	Checkout repository	2026-02-27T11:29:16.9997023Z  * [new tag]             0.2.0                  -> 0.2.0
end-workflow	Checkout repository	2026-02-27T11:29:16.9997411Z  * [new tag]             0.3.0                  -> 0.3.0
end-workflow	Checkout repository	2026-02-27T11:29:16.9997797Z  * [new tag]             0.3.1                  -> 0.3.1
end-workflow	Checkout repository	2026-02-27T11:29:16.9998219Z  * [new tag]             0.3.10                 -> 0.3.10
end-workflow	Checkout repository	2026-02-27T11:29:16.9998613Z  * [new tag]             0.3.11                 -> 0.3.11
end-workflow	Checkout repository	2026-02-27T11:29:16.9999008Z  * [new tag]             0.3.12                 -> 0.3.12
end-workflow	Checkout repository	2026-02-27T11:29:16.9999396Z  * [new tag]             0.3.13                 -> 0.3.13
end-workflow	Checkout repository	2026-02-27T11:29:16.9999791Z  * [new tag]             0.3.14                 -> 0.3.14
end-workflow	Checkout repository	2026-02-27T11:29:17.0000184Z  * [new tag]             0.3.15                 -> 0.3.15
end-workflow	Checkout repository	2026-02-27T11:29:17.0000580Z  * [new tag]             0.3.16                 -> 0.3.16
end-workflow	Checkout repository	2026-02-27T11:29:17.0000975Z  * [new tag]             0.3.17                 -> 0.3.17
end-workflow	Checkout repository	2026-02-27T11:29:17.0001388Z  * [new tag]             0.3.2                  -> 0.3.2
end-workflow	Checkout repository	2026-02-27T11:29:17.0001791Z  * [new tag]             0.3.3                  -> 0.3.3
end-workflow	Checkout repository	2026-02-27T11:29:17.0002177Z  * [new tag]             0.3.4                  -> 0.3.4
end-workflow	Checkout repository	2026-02-27T11:29:17.0002576Z  * [new tag]             0.3.5                  -> 0.3.5
end-workflow	Checkout repository	2026-02-27T11:29:17.0002974Z  * [new tag]             0.3.6                  -> 0.3.6
end-workflow	Checkout repository	2026-02-27T11:29:17.0003364Z  * [new tag]             0.3.7                  -> 0.3.7
end-workflow	Checkout repository	2026-02-27T11:29:17.0003761Z  * [new tag]             0.3.8                  -> 0.3.8
end-workflow	Checkout repository	2026-02-27T11:29:17.0004158Z  * [new tag]             0.3.9                  -> 0.3.9
end-workflow	Checkout repository	2026-02-27T11:29:17.0010836Z  * [new tag]             0.4.0                  -> 0.4.0
end-workflow	Checkout repository	2026-02-27T11:29:17.0011579Z  * [new tag]             0.4.1                  -> 0.4.1
end-workflow	Checkout repository	2026-02-27T11:29:17.0011995Z  * [new tag]             0.4.2                  -> 0.4.2
end-workflow	Checkout repository	2026-02-27T11:29:17.0012381Z  * [new tag]             0.4.3                  -> 0.4.3
end-workflow	Checkout repository	2026-02-27T11:29:17.0013096Z  * [new tag]             0.4.4                  -> 0.4.4
end-workflow	Checkout repository	2026-02-27T11:29:17.0013486Z  * [new tag]             0.4.5                  -> 0.4.5
end-workflow	Checkout repository	2026-02-27T11:29:17.0013867Z  * [new tag]             0.4.6                  -> 0.4.6
end-workflow	Checkout repository	2026-02-27T11:29:17.0014252Z  * [new tag]             0.4.7                  -> 0.4.7
end-workflow	Checkout repository	2026-02-27T11:29:17.0024831Z  * [new tag]             0.4.8                  -> 0.4.8
end-workflow	Checkout repository	2026-02-27T11:29:17.0025259Z  * [new tag]             0.4.9                  -> 0.4.9
end-workflow	Checkout repository	2026-02-27T11:29:17.0025643Z  * [new tag]             0.5.0                  -> 0.5.0
end-workflow	Checkout repository	2026-02-27T11:29:17.0026032Z  * [new tag]             0.5.1                  -> 0.5.1
end-workflow	Checkout repository	2026-02-27T11:29:17.0026420Z  * [new tag]             0.5.2                  -> 0.5.2
end-workflow	Checkout repository	2026-02-27T11:29:17.0026800Z  * [new tag]             0.6.0                  -> 0.6.0
end-workflow	Checkout repository	2026-02-27T11:29:17.0027183Z  * [new tag]             0.6.1                  -> 0.6.1
end-workflow	Checkout repository	2026-02-27T11:29:17.0027563Z  * [new tag]             0.6.2                  -> 0.6.2
end-workflow	Checkout repository	2026-02-27T11:29:17.0028206Z  * [new tag]             0.6.3                  -> 0.6.3
end-workflow	Checkout repository	2026-02-27T11:29:17.0028590Z  * [new tag]             0.6.4                  -> 0.6.4
end-workflow	Checkout repository	2026-02-27T11:29:17.0028975Z  * [new tag]             0.6.5                  -> 0.6.5
end-workflow	Checkout repository	2026-02-27T11:29:17.0029359Z  * [new tag]             0.6.6                  -> 0.6.6
end-workflow	Checkout repository	2026-02-27T11:29:17.0279192Z [command]/usr/bin/git branch --list --remote origin/main
end-workflow	Checkout repository	2026-02-27T11:29:17.0368961Z   origin/main
end-workflow	Checkout repository	2026-02-27T11:29:17.0391245Z [command]/usr/bin/git rev-parse refs/remotes/origin/main
end-workflow	Checkout repository	2026-02-27T11:29:17.0430845Z 2323c613c3e0a4a5826173af90c26d388acf17fc
end-workflow	Checkout repository	2026-02-27T11:29:17.0458418Z [command]/usr/bin/git -c protocol.version=2 fetch --no-tags --prune --no-recurse-submodules origin +3003a19e9dc7456815aedebfbe32ac87b308dc98:refs/remotes/origin/main
end-workflow	Checkout repository	2026-02-27T11:29:17.0656218Z From https://github.com/Ka0s-Klaus/ka0s
end-workflow	Checkout repository	2026-02-27T11:29:17.0657421Z  + 2323c613c...3003a19e9 3003a19e9dc7456815aedebfbe32ac87b308dc98 -> origin/main  (forced update)
end-workflow	Checkout repository	2026-02-27T11:29:17.0712736Z ##[endgroup]
end-workflow	Checkout repository	2026-02-27T11:29:17.0715617Z ##[group]Determining the checkout info
end-workflow	Checkout repository	2026-02-27T11:29:17.0719818Z ##[endgroup]
end-workflow	Checkout repository	2026-02-27T11:29:17.0730634Z [command]/usr/bin/git sparse-checkout disable
end-workflow	Checkout repository	2026-02-27T11:29:17.0810260Z [command]/usr/bin/git config --local --unset-all extensions.worktreeConfig
end-workflow	Checkout repository	2026-02-27T11:29:17.0863549Z ##[group]Checking out the ref
end-workflow	Checkout repository	2026-02-27T11:29:17.0871335Z [command]/usr/bin/git checkout --progress --force -B main refs/remotes/origin/main
end-workflow	Checkout repository	2026-02-27T11:29:17.4166717Z Switched to a new branch 'main'
end-workflow	Checkout repository	2026-02-27T11:29:17.4171553Z branch 'main' set up to track 'origin/main'.
end-workflow	Checkout repository	2026-02-27T11:29:17.4256864Z ##[endgroup]
end-workflow	Checkout repository	2026-02-27T11:29:17.4346003Z [command]/usr/bin/git log -1 --format=%H
end-workflow	Checkout repository	2026-02-27T11:29:17.4415166Z 3003a19e9dc7456815aedebfbe32ac87b308dc98
end-workflow	Install GH CLI	Ôªø2026-02-27T11:29:17.4898753Z Prepare all required actions
end-workflow	Install GH CLI	2026-02-27T11:29:17.5029898Z ##[group]Run ./.github/actions/install-gh-cli
end-workflow	Install GH CLI	2026-02-27T11:29:17.5030220Z env:
end-workflow	Install GH CLI	2026-02-27T11:29:17.5030428Z   KAOS_MODULE: [Ka0S] GitHub ‚Üí iTop Sync
end-workflow	Install GH CLI	2026-02-27T11:29:17.5030725Z   KAOS_CORRELATION_ID: 22484359558
end-workflow	Install GH CLI	2026-02-27T11:29:17.5030969Z   KAOS_ACTOR: ka0score
end-workflow	Install GH CLI	2026-02-27T11:29:17.5031176Z ##[endgroup]
end-workflow	Install GH CLI	2026-02-27T11:29:17.5212907Z ##[group]Run type -p curl >/dev/null || (sudo apt-get update && sudo apt-get install curl -y)
end-workflow	Install GH CLI	2026-02-27T11:29:17.5213614Z [36;1mtype -p curl >/dev/null || (sudo apt-get update && sudo apt-get install curl -y)[0m
end-workflow	Install GH CLI	2026-02-27T11:29:17.5214668Z [36;1mcurl -fsSL https://cli.github.com/packages/githubcli-archive-keyring.gpg | sudo dd of=/usr/share/keyrings/githubcli-archive-keyring.gpg \[0m
end-workflow	Install GH CLI	2026-02-27T11:29:17.5215488Z [36;1m&& sudo chmod go+r /usr/share/keyrings/githubcli-archive-keyring.gpg \[0m
end-workflow	Install GH CLI	2026-02-27T11:29:17.5216558Z [36;1m&& echo "deb [arch=$(dpkg --print-architecture) signed-by=/usr/share/keyrings/githubcli-archive-keyring.gpg] https://cli.github.com/packages stable main" | sudo tee /etc/apt/sources.list.d/github-cli.list > /dev/null \[0m
end-workflow	Install GH CLI	2026-02-27T11:29:17.5217604Z [36;1m&& sudo apt-get update \[0m
end-workflow	Install GH CLI	2026-02-27T11:29:17.5218196Z [36;1m&& sudo apt-get install gh -y[0m
end-workflow	Install GH CLI	2026-02-27T11:29:17.5240190Z shell: /usr/bin/bash --noprofile --norc -e -o pipefail {0}
end-workflow	Install GH CLI	2026-02-27T11:29:17.5240570Z env:
end-workflow	Install GH CLI	2026-02-27T11:29:17.5240793Z   KAOS_MODULE: [Ka0S] GitHub ‚Üí iTop Sync
end-workflow	Install GH CLI	2026-02-27T11:29:17.5241073Z   KAOS_CORRELATION_ID: 22484359558
end-workflow	Install GH CLI	2026-02-27T11:29:17.5241333Z   KAOS_ACTOR: ka0score
end-workflow	Install GH CLI	2026-02-27T11:29:17.5241544Z ##[endgroup]
end-workflow	Install GH CLI	2026-02-27T11:29:17.6555704Z 4+1 records in
end-workflow	Install GH CLI	2026-02-27T11:29:17.6556953Z 4+1 records out
end-workflow	Install GH CLI	2026-02-27T11:29:17.6557420Z 2270 bytes (2.3 kB, 2.2 KiB) copied, 0.102084 s, 22.2 kB/s
end-workflow	Install GH CLI	2026-02-27T11:29:17.8987328Z Get:1 http://archive.ubuntu.com/ubuntu noble InRelease [256 kB]
end-workflow	Install GH CLI	2026-02-27T11:29:17.9076565Z Get:2 https://cli.github.com/packages stable InRelease [3917 B]
end-workflow	Install GH CLI	2026-02-27T11:29:17.9695779Z Get:3 http://security.ubuntu.com/ubuntu noble-security InRelease [126 kB]
end-workflow	Install GH CLI	2026-02-27T11:29:18.0492197Z Get:4 http://archive.ubuntu.com/ubuntu noble-updates InRelease [126 kB]
end-workflow	Install GH CLI	2026-02-27T11:29:18.0617992Z Get:5 https://ppa.launchpadcontent.net/git-core/ppa/ubuntu noble InRelease [24.3 kB]
end-workflow	Install GH CLI	2026-02-27T11:29:18.0830461Z Get:6 http://archive.ubuntu.com/ubuntu noble-backports InRelease [126 kB]
end-workflow	Install GH CLI	2026-02-27T11:29:18.0885543Z Get:7 https://cli.github.com/packages stable/main amd64 Packages [357 B]
end-workflow	Install GH CLI	2026-02-27T11:29:18.2885000Z Get:8 http://archive.ubuntu.com/ubuntu noble/multiverse amd64 Packages [331 kB]
end-workflow	Install GH CLI	2026-02-27T11:29:18.3425984Z Get:9 http://archive.ubuntu.com/ubuntu noble/restricted amd64 Packages [117 kB]
end-workflow	Install GH CLI	2026-02-27T11:29:18.3457397Z Get:10 http://archive.ubuntu.com/ubuntu noble/universe amd64 Packages [19.3 MB]
end-workflow	Install GH CLI	2026-02-27T11:29:18.6249917Z Get:11 https://ppa.launchpadcontent.net/git-core/ppa/ubuntu noble/main amd64 Packages [2992 B]
end-workflow	Install GH CLI	2026-02-27T11:29:18.7817770Z Get:12 http://archive.ubuntu.com/ubuntu noble/main amd64 Packages [1808 kB]
end-workflow	Install GH CLI	2026-02-27T11:29:18.8416347Z Get:13 http://archive.ubuntu.com/ubuntu noble-updates/restricted amd64 Packages [3471 kB]
end-workflow	Install GH CLI	2026-02-27T11:29:18.9477524Z Get:14 http://archive.ubuntu.com/ubuntu noble-updates/universe amd64 Packages [2017 kB]
end-workflow	Install GH CLI	2026-02-27T11:29:19.0156989Z Get:15 http://archive.ubuntu.com/ubuntu noble-updates/multiverse amd64 Packages [38.1 kB]
end-workflow	Install GH CLI	2026-02-27T11:29:19.0186424Z Get:16 http://archive.ubuntu.com/ubuntu noble-updates/main amd64 Packages [2276 kB]
end-workflow	Install GH CLI	2026-02-27T11:29:19.0436301Z Get:17 http://archive.ubuntu.com/ubuntu noble-backports/universe amd64 Packages [34.6 kB]
end-workflow	Install GH CLI	2026-02-27T11:29:19.0437097Z Get:18 http://archive.ubuntu.com/ubuntu noble-backports/main amd64 Packages [49.5 kB]
end-workflow	Install GH CLI	2026-02-27T11:29:19.0735923Z Get:19 http://security.ubuntu.com/ubuntu noble-security/restricted amd64 Packages [3262 kB]
end-workflow	Install GH CLI	2026-02-27T11:29:19.4305543Z Get:20 http://security.ubuntu.com/ubuntu noble-security/universe amd64 Packages [1242 kB]
end-workflow	Install GH CLI	2026-02-27T11:29:19.4660581Z Get:21 http://security.ubuntu.com/ubuntu noble-security/main amd64 Packages [1883 kB]
end-workflow	Install GH CLI	2026-02-27T11:29:19.4986493Z Get:22 http://security.ubuntu.com/ubuntu noble-security/multiverse amd64 Packages [34.8 kB]
end-workflow	Install GH CLI	2026-02-27T11:29:20.7294464Z Fetched 36.5 MB in 3s (12.5 MB/s)
end-workflow	Install GH CLI	2026-02-27T11:29:21.8845940Z Reading package lists...
end-workflow	Install GH CLI	2026-02-27T11:29:23.0335275Z Reading package lists...
end-workflow	Install GH CLI	2026-02-27T11:29:23.2796949Z Building dependency tree...
end-workflow	Install GH CLI	2026-02-27T11:29:23.2797289Z Reading state information...
end-workflow	Install GH CLI	2026-02-27T11:29:23.7072253Z The following NEW packages will be installed:
end-workflow	Install GH CLI	2026-02-27T11:29:23.7096581Z   gh
end-workflow	Install GH CLI	2026-02-27T11:29:23.7999996Z 0 upgraded, 1 newly installed, 0 to remove and 0 not upgraded.
end-workflow	Install GH CLI	2026-02-27T11:29:23.8001812Z Need to get 13.8 MB of archives.
end-workflow	Install GH CLI	2026-02-27T11:29:23.8002177Z After this operation, 38.5 MB of additional disk space will be used.
end-workflow	Install GH CLI	2026-02-27T11:29:23.8002710Z Get:1 https://cli.github.com/packages stable/main amd64 gh amd64 2.87.3 [13.8 MB]
end-workflow	Install GH CLI	2026-02-27T11:29:24.2476105Z debconf: delaying package configuration, since apt-utils is not installed
end-workflow	Install GH CLI	2026-02-27T11:29:24.3117678Z Fetched 13.8 MB in 0s (44.4 MB/s)
end-workflow	Install GH CLI	2026-02-27T11:29:24.3506076Z Selecting previously unselected package gh.
end-workflow	Install GH CLI	2026-02-27T11:29:24.3557983Z (Reading database ... 
end-workflow	Install GH CLI	2026-02-27T11:29:24.3562127Z (Reading database ... 5%
end-workflow	Install GH CLI	2026-02-27T11:29:24.3565725Z (Reading database ... 10%
end-workflow	Install GH CLI	2026-02-27T11:29:24.3567164Z (Reading database ... 15%
end-workflow	Install GH CLI	2026-02-27T11:29:24.3567603Z (Reading database ... 20%
end-workflow	Install GH CLI	2026-02-27T11:29:24.3568499Z (Reading database ... 25%
end-workflow	Install GH CLI	2026-02-27T11:29:24.3568879Z (Reading database ... 30%
end-workflow	Install GH CLI	2026-02-27T11:29:24.3569262Z (Reading database ... 35%
end-workflow	Install GH CLI	2026-02-27T11:29:24.3569923Z (Reading database ... 40%
end-workflow	Install GH CLI	2026-02-27T11:29:24.3570860Z (Reading database ... 45%
end-workflow	Install GH CLI	2026-02-27T11:29:24.3571205Z (Reading database ... 50%
end-workflow	Install GH CLI	2026-02-27T11:29:24.3571519Z (Reading database ... 55%
end-workflow	Install GH CLI	2026-02-27T11:29:24.3571893Z (Reading database ... 60%
end-workflow	Install GH CLI	2026-02-27T11:29:24.3578439Z (Reading database ... 65%
end-workflow	Install GH CLI	2026-02-27T11:29:24.3595277Z (Reading database ... 70%
end-workflow	Install GH CLI	2026-02-27T11:29:24.3615170Z (Reading database ... 75%
end-workflow	Install GH CLI	2026-02-27T11:29:24.3635060Z (Reading database ... 80%
end-workflow	Install GH CLI	2026-02-27T11:29:24.3636019Z (Reading database ... 85%
end-workflow	Install GH CLI	2026-02-27T11:29:24.3675207Z (Reading database ... 90%
end-workflow	Install GH CLI	2026-02-27T11:29:24.3694836Z (Reading database ... 95%
end-workflow	Install GH CLI	2026-02-27T11:29:24.3695388Z (Reading database ... 100%
end-workflow	Install GH CLI	2026-02-27T11:29:24.3701024Z (Reading database ... 14387 files and directories currently installed.)
end-workflow	Install GH CLI	2026-02-27T11:29:24.3701491Z Preparing to unpack .../archives/gh_2.87.3_amd64.deb ...
end-workflow	Install GH CLI	2026-02-27T11:29:24.3735693Z Unpacking gh (2.87.3) ...
end-workflow	Install GH CLI	2026-02-27T11:29:24.7530058Z Setting up gh (2.87.3) ...
end-workflow	Trigger Inspector	Ôªø2026-02-27T11:29:24.8331471Z ##[group]Run gh workflow run inspector.yml \
end-workflow	Trigger Inspector	2026-02-27T11:29:24.8331868Z [36;1mgh workflow run inspector.yml \[0m
end-workflow	Trigger Inspector	2026-02-27T11:29:24.8332216Z [36;1m  -f workflow_name="Ka0s GitHub ‚Üí iTop Sync" \[0m
end-workflow	Trigger Inspector	2026-02-27T11:29:24.8358560Z [36;1m  -f run_id="22484359558" \[0m
end-workflow	Trigger Inspector	2026-02-27T11:29:24.8358955Z [36;1m  -f status="success"[0m
end-workflow	Trigger Inspector	2026-02-27T11:29:24.8381716Z shell: /usr/bin/bash -e {0}
end-workflow	Trigger Inspector	2026-02-27T11:29:24.8382004Z env:
end-workflow	Trigger Inspector	2026-02-27T11:29:24.8382221Z   KAOS_MODULE: [Ka0S] GitHub ‚Üí iTop Sync
end-workflow	Trigger Inspector	2026-02-27T11:29:24.8382526Z   KAOS_CORRELATION_ID: 22484359558
end-workflow	Trigger Inspector	2026-02-27T11:29:24.8382794Z   KAOS_ACTOR: ka0score
end-workflow	Trigger Inspector	2026-02-27T11:29:24.8383753Z   GH_TOKEN: ***
end-workflow	Trigger Inspector	2026-02-27T11:29:24.8383967Z ##[endgroup]
end-workflow	Trigger Inspector	2026-02-27T11:29:26.8013909Z https://github.com/Ka0s-Klaus/ka0s/actions/runs/22484433090
end-workflow	Post Checkout repository	Ôªø2026-02-27T11:29:26.8610099Z Post job cleanup.
end-workflow	Post Checkout repository	2026-02-27T11:29:27.0586844Z [command]/usr/bin/git version
end-workflow	Post Checkout repository	2026-02-27T11:29:27.0643307Z git version 2.53.0
end-workflow	Post Checkout repository	2026-02-27T11:29:27.0696226Z Temporarily overriding HOME='/home/runner/_work/_temp/a5c74180-58ec-4d4b-bf31-b5145b8b5fe4' before making global git config changes
end-workflow	Post Checkout repository	2026-02-27T11:29:27.0697056Z Adding repository directory to the temporary git global config as a safe directory
end-workflow	Post Checkout repository	2026-02-27T11:29:27.0698100Z [command]/usr/bin/git config --global --add safe.directory /home/runner/_work/ka0s/ka0s
end-workflow	Post Checkout repository	2026-02-27T11:29:27.0755480Z [command]/usr/bin/git config --local --name-only --get-regexp core\.sshCommand
end-workflow	Post Checkout repository	2026-02-27T11:29:27.0823083Z [command]/usr/bin/git submodule foreach --recursive sh -c "git config --local --name-only --get-regexp 'core\.sshCommand' && git config --local --unset-all 'core.sshCommand' || :"
end-workflow	Post Checkout repository	2026-02-27T11:29:27.1270931Z [command]/usr/bin/git config --local --name-only --get-regexp http\.https\:\/\/github\.com\/\.extraheader
end-workflow	Post Checkout repository	2026-02-27T11:29:27.1365599Z http.https://github.com/.extraheader
end-workflow	Post Checkout repository	2026-02-27T11:29:27.1415790Z [command]/usr/bin/git config --local --unset-all http.https://github.com/.extraheader
end-workflow	Post Checkout repository	2026-02-27T11:29:27.1539375Z [command]/usr/bin/git submodule foreach --recursive sh -c "git config --local --name-only --get-regexp 'http\.https\:\/\/github\.com\/\.extraheader' && git config --local --unset-all 'http.https://github.com/.extraheader' || :"
end-workflow	Post Checkout repository	2026-02-27T11:29:27.2125402Z [command]/usr/bin/git config --local --name-only --get-regexp ^includeIf\.gitdir:
end-workflow	Post Checkout repository	2026-02-27T11:29:27.2175645Z [command]/usr/bin/git submodule foreach --recursive git config --local --show-origin --name-only --get-regexp remote.origin.url
end-workflow	Complete job	Ôªø2026-02-27T11:29:27.3310236Z Cleaning up orphan processes
