job-core	Set up job	ï»¿2026-02-27T11:26:11.1390867Z Current runner version: '2.332.0'
job-core	Set up job	2026-02-27T11:26:11.1431453Z Runner name: 'swarm-runners-scaleset-hkss5-runner-mzfbf'
job-core	Set up job	2026-02-27T11:26:11.1432646Z Runner group name: 'Default'
job-core	Set up job	2026-02-27T11:26:11.1433965Z Machine name: 'swarm-runners-scaleset-hkss5-runner-mzfbf'
job-core	Set up job	2026-02-27T11:26:11.1439524Z ##[group]GITHUB_TOKEN Permissions
job-core	Set up job	2026-02-27T11:26:11.1442183Z Actions: write
job-core	Set up job	2026-02-27T11:26:11.1442806Z Contents: write
job-core	Set up job	2026-02-27T11:26:11.1443481Z Issues: write
job-core	Set up job	2026-02-27T11:26:11.1444126Z Metadata: read
job-core	Set up job	2026-02-27T11:26:11.1460892Z PullRequests: write
job-core	Set up job	2026-02-27T11:26:11.1461783Z ##[endgroup]
job-core	Set up job	2026-02-27T11:26:11.1464275Z Secret source: Actions
job-core	Set up job	2026-02-27T11:26:11.1465401Z Prepare workflow directory
job-core	Set up job	2026-02-27T11:26:11.2228952Z Prepare all required actions
job-core	Set up job	2026-02-27T11:26:11.2282550Z Getting action download info
job-core	Set up job	2026-02-27T11:26:11.8737005Z Download action repository 'actions/checkout@v4' (SHA:34e114876b0b11c390a56381ad16ebd13914f8d5)
job-core	Set up job	2026-02-27T11:26:12.7185189Z Download action repository 'actions/setup-python@v4' (SHA:7f4fc3e22c37d6ff65e88745f38bd3157c663f7c)
job-core	Set up job	2026-02-27T11:26:13.6378533Z Download action repository 'actions/upload-artifact@v4' (SHA:ea165f8d65b6e75b540449e92b4886f43607fa02)
job-core	Set up job	2026-02-27T11:26:14.7782759Z Complete job name: job-core
job-core	Checkout code	ï»¿2026-02-27T11:26:14.8754026Z ##[group]Run actions/checkout@v4
job-core	Checkout code	2026-02-27T11:26:14.8754932Z with:
job-core	Checkout code	2026-02-27T11:26:14.8755164Z   fetch-depth: 0
job-core	Checkout code	2026-02-27T11:26:14.8755404Z   repository: Ka0s-Klaus/ka0s
job-core	Checkout code	2026-02-27T11:26:14.8755964Z   token: ***
job-core	Checkout code	2026-02-27T11:26:14.8756180Z   ssh-strict: true
job-core	Checkout code	2026-02-27T11:26:14.8756395Z   ssh-user: git
job-core	Checkout code	2026-02-27T11:26:14.8756625Z   persist-credentials: true
job-core	Checkout code	2026-02-27T11:26:14.8756889Z   clean: true
job-core	Checkout code	2026-02-27T11:26:14.8757113Z   sparse-checkout-cone-mode: true
job-core	Checkout code	2026-02-27T11:26:14.8757396Z   fetch-tags: false
job-core	Checkout code	2026-02-27T11:26:14.8757631Z   show-progress: true
job-core	Checkout code	2026-02-27T11:26:14.8757874Z   lfs: false
job-core	Checkout code	2026-02-27T11:26:14.8758081Z   submodules: false
job-core	Checkout code	2026-02-27T11:26:14.8758310Z   set-safe-directory: true
job-core	Checkout code	2026-02-27T11:26:14.8758796Z env:
job-core	Checkout code	2026-02-27T11:26:14.8759023Z   PYTHON_VERSION: 3.9
job-core	Checkout code	2026-02-27T11:26:14.8759769Z   MONGO_SUPERUSER_CONNECTION: ***
job-core	Checkout code	2026-02-27T11:26:14.8760178Z   MONGO_NEW_PASS: ***
job-core	Checkout code	2026-02-27T11:26:14.8760501Z   MONGO_SCRIPT_CREATE: devops/core/mongo/scripts/add-doc-to-db.py
job-core	Checkout code	2026-02-27T11:26:14.8760926Z   KAOS_CODE: 22484332651
job-core	Checkout code	2026-02-27T11:26:14.8761186Z   KAOS_MODULE: [Ka0s] Autom add docs to MongoDB
job-core	Checkout code	2026-02-27T11:26:14.8761501Z   REPORT_SCAN: audit/
job-core	Checkout code	2026-02-27T11:26:14.8761735Z   REPORT_PATH: audit/mongodb/
job-core	Checkout code	2026-02-27T11:26:14.8762021Z   REPORT_FILENAME: mongo_setup_22484332651.json
job-core	Checkout code	2026-02-27T11:26:14.8762363Z   REPORT_FILENAME_LIST: mongo_list_22484332651.json
job-core	Checkout code	2026-02-27T11:26:14.8762739Z   REPORT_FILENAME_DB: mongo_create_db_22484332651.json
job-core	Checkout code	2026-02-27T11:26:14.8763088Z   GITHUB_OUTPUT: 
job-core	Checkout code	2026-02-27T11:26:14.8763294Z ##[endgroup]
job-core	Checkout code	2026-02-27T11:26:15.0659589Z Syncing repository: Ka0s-Klaus/ka0s
job-core	Checkout code	2026-02-27T11:26:15.0661228Z ##[group]Getting Git version info
job-core	Checkout code	2026-02-27T11:26:15.0661627Z Working directory is '/home/runner/_work/ka0s/ka0s'
job-core	Checkout code	2026-02-27T11:26:15.0662236Z [command]/usr/bin/git version
job-core	Checkout code	2026-02-27T11:26:15.0662511Z git version 2.53.0
job-core	Checkout code	2026-02-27T11:26:15.0663425Z ##[endgroup]
job-core	Checkout code	2026-02-27T11:26:15.0678088Z Temporarily overriding HOME='/home/runner/_work/_temp/86be3a52-ab16-4a3e-9888-50252bd65a47' before making global git config changes
job-core	Checkout code	2026-02-27T11:26:15.0678966Z Adding repository directory to the temporary git global config as a safe directory
job-core	Checkout code	2026-02-27T11:26:15.0679617Z [command]/usr/bin/git config --global --add safe.directory /home/runner/_work/ka0s/ka0s
job-core	Checkout code	2026-02-27T11:26:15.0680608Z Deleting the contents of '/home/runner/_work/ka0s/ka0s'
job-core	Checkout code	2026-02-27T11:26:15.0681216Z ##[group]Initializing the repository
job-core	Checkout code	2026-02-27T11:26:15.0681702Z [command]/usr/bin/git init /home/runner/_work/ka0s/ka0s
job-core	Checkout code	2026-02-27T11:26:15.0682184Z hint: Using 'master' as the name for the initial branch. This default branch name
job-core	Checkout code	2026-02-27T11:26:15.0682738Z hint: will change to "main" in Git 3.0. To configure the initial branch name
job-core	Checkout code	2026-02-27T11:26:15.0683699Z hint: to use in all of your new repositories, which will suppress this warning,
job-core	Checkout code	2026-02-27T11:26:15.0684117Z hint: call:
job-core	Checkout code	2026-02-27T11:26:15.0684321Z hint:
job-core	Checkout code	2026-02-27T11:26:15.0705710Z hint: 	git config --global init.defaultBranch <name>
job-core	Checkout code	2026-02-27T11:26:15.0707264Z hint:
job-core	Checkout code	2026-02-27T11:26:15.0707637Z hint: Names commonly chosen instead of 'master' are 'main', 'trunk' and
job-core	Checkout code	2026-02-27T11:26:15.0708193Z hint: 'development'. The just-created branch can be renamed via this command:
job-core	Checkout code	2026-02-27T11:26:15.0708621Z hint:
job-core	Checkout code	2026-02-27T11:26:15.0708837Z hint: 	git branch -m <name>
job-core	Checkout code	2026-02-27T11:26:15.0709081Z hint:
job-core	Checkout code	2026-02-27T11:26:15.0709433Z hint: Disable this message with "git config set advice.defaultBranchName false"
job-core	Checkout code	2026-02-27T11:26:15.0710008Z Initialized empty Git repository in /home/runner/_work/ka0s/ka0s/.git/
job-core	Checkout code	2026-02-27T11:26:15.0711375Z [command]/usr/bin/git remote add origin https://github.com/Ka0s-Klaus/ka0s
job-core	Checkout code	2026-02-27T11:26:15.0712405Z ##[endgroup]
job-core	Checkout code	2026-02-27T11:26:15.0712879Z ##[group]Disabling automatic garbage collection
job-core	Checkout code	2026-02-27T11:26:15.0713406Z [command]/usr/bin/git config --local gc.auto 0
job-core	Checkout code	2026-02-27T11:26:15.0714317Z ##[endgroup]
job-core	Checkout code	2026-02-27T11:26:15.0724377Z ##[group]Setting up auth
job-core	Checkout code	2026-02-27T11:26:15.0725091Z [command]/usr/bin/git config --local --name-only --get-regexp core\.sshCommand
job-core	Checkout code	2026-02-27T11:26:15.0727403Z [command]/usr/bin/git submodule foreach --recursive sh -c "git config --local --name-only --get-regexp 'core\.sshCommand' && git config --local --unset-all 'core.sshCommand' || :"
job-core	Checkout code	2026-02-27T11:26:15.1179918Z [command]/usr/bin/git config --local --name-only --get-regexp http\.https\:\/\/github\.com\/\.extraheader
job-core	Checkout code	2026-02-27T11:26:15.1257096Z [command]/usr/bin/git submodule foreach --recursive sh -c "git config --local --name-only --get-regexp 'http\.https\:\/\/github\.com\/\.extraheader' && git config --local --unset-all 'http.https://github.com/.extraheader' || :"
job-core	Checkout code	2026-02-27T11:26:15.1649701Z [command]/usr/bin/git config --local --name-only --get-regexp ^includeIf\.gitdir:
job-core	Checkout code	2026-02-27T11:26:15.1706906Z [command]/usr/bin/git submodule foreach --recursive git config --local --show-origin --name-only --get-regexp remote.origin.url
job-core	Checkout code	2026-02-27T11:26:15.2064764Z [command]/usr/bin/git config --local http.https://github.com/.extraheader AUTHORIZATION: basic ***
job-core	Checkout code	2026-02-27T11:26:15.2125369Z ##[endgroup]
job-core	Checkout code	2026-02-27T11:26:15.2126160Z ##[group]Fetching the repository
job-core	Checkout code	2026-02-27T11:26:15.2161663Z [command]/usr/bin/git -c protocol.version=2 fetch --prune --no-recurse-submodules origin +refs/heads/*:refs/remotes/origin/* +refs/tags/*:refs/tags/*
job-core	Checkout code	2026-02-27T11:26:47.6816326Z From https://github.com/Ka0s-Klaus/ka0s
job-core	Checkout code	2026-02-27T11:26:47.6817469Z  * [new branch]          F3450-modelo-operativo -> origin/F3450-modelo-operativo
job-core	Checkout code	2026-02-27T11:26:47.6866250Z  * [new branch]          H1276-modulo-observabilidad -> origin/H1276-modulo-observabilidad
job-core	Checkout code	2026-02-27T11:26:47.6867421Z  * [new branch]          H3596-deploy-itop      -> origin/H3596-deploy-itop
job-core	Checkout code	2026-02-27T11:26:47.6868300Z  * [new branch]          H4170-flujo-detallado-zabbix---github -> origin/H4170-flujo-detallado-zabbix---github
job-core	Checkout code	2026-02-27T11:26:47.6885588Z  * [new branch]          H4191-request-cambios  -> origin/H4191-request-cambios
job-core	Checkout code	2026-02-27T11:26:47.6886669Z  * [new branch]          H4200-request-recomendaciones-de-auditoria -> origin/H4200-request-recomendaciones-de-auditoria
job-core	Checkout code	2026-02-27T11:26:47.6887731Z  * [new branch]          main                   -> origin/main
job-core	Checkout code	2026-02-27T11:26:47.6889661Z  * [new tag]             0.0.0                  -> 0.0.0
job-core	Checkout code	2026-02-27T11:26:47.6890062Z  * [new tag]             0.0.1                  -> 0.0.1
job-core	Checkout code	2026-02-27T11:26:47.7202375Z  * [new tag]             0.0.10                 -> 0.0.10
job-core	Checkout code	2026-02-27T11:26:47.7202904Z  * [new tag]             0.0.100                -> 0.0.100
job-core	Checkout code	2026-02-27T11:26:47.7203304Z  * [new tag]             0.0.101                -> 0.0.101
job-core	Checkout code	2026-02-27T11:26:47.7203685Z  * [new tag]             0.0.102                -> 0.0.102
job-core	Checkout code	2026-02-27T11:26:47.7204102Z  * [new tag]             0.0.103                -> 0.0.103
job-core	Checkout code	2026-02-27T11:26:47.7257865Z  * [new tag]             0.0.104                -> 0.0.104
job-core	Checkout code	2026-02-27T11:26:47.7258296Z  * [new tag]             0.0.105                -> 0.0.105
job-core	Checkout code	2026-02-27T11:26:47.7258670Z  * [new tag]             0.0.106                -> 0.0.106
job-core	Checkout code	2026-02-27T11:26:47.7259050Z  * [new tag]             0.0.107                -> 0.0.107
job-core	Checkout code	2026-02-27T11:26:47.7259420Z  * [new tag]             0.0.108                -> 0.0.108
job-core	Checkout code	2026-02-27T11:26:47.7259784Z  * [new tag]             0.0.109                -> 0.0.109
job-core	Checkout code	2026-02-27T11:26:47.7260141Z  * [new tag]             0.0.11                 -> 0.0.11
job-core	Checkout code	2026-02-27T11:26:47.7260505Z  * [new tag]             0.0.110                -> 0.0.110
job-core	Checkout code	2026-02-27T11:26:47.7260866Z  * [new tag]             0.0.111                -> 0.0.111
job-core	Checkout code	2026-02-27T11:26:47.7261228Z  * [new tag]             0.0.112                -> 0.0.112
job-core	Checkout code	2026-02-27T11:26:47.7261587Z  * [new tag]             0.0.113                -> 0.0.113
job-core	Checkout code	2026-02-27T11:26:47.7261964Z  * [new tag]             0.0.114                -> 0.0.114
job-core	Checkout code	2026-02-27T11:26:47.7262584Z  * [new tag]             0.0.115                -> 0.0.115
job-core	Checkout code	2026-02-27T11:26:47.7262947Z  * [new tag]             0.0.116                -> 0.0.116
job-core	Checkout code	2026-02-27T11:26:47.7263421Z  * [new tag]             0.0.117                -> 0.0.117
job-core	Checkout code	2026-02-27T11:26:47.7264149Z  * [new tag]             0.0.118                -> 0.0.118
job-core	Checkout code	2026-02-27T11:26:47.7300545Z  * [new tag]             0.0.119                -> 0.0.119
job-core	Checkout code	2026-02-27T11:26:47.7301179Z  * [new tag]             0.0.12                 -> 0.0.12
job-core	Checkout code	2026-02-27T11:26:47.7301559Z  * [new tag]             0.0.120                -> 0.0.120
job-core	Checkout code	2026-02-27T11:26:47.7301933Z  * [new tag]             0.0.121                -> 0.0.121
job-core	Checkout code	2026-02-27T11:26:47.7302298Z  * [new tag]             0.0.122                -> 0.0.122
job-core	Checkout code	2026-02-27T11:26:47.7302664Z  * [new tag]             0.0.123                -> 0.0.123
job-core	Checkout code	2026-02-27T11:26:47.7303028Z  * [new tag]             0.0.124                -> 0.0.124
job-core	Checkout code	2026-02-27T11:26:47.7303413Z  * [new tag]             0.0.125                -> 0.0.125
job-core	Checkout code	2026-02-27T11:26:47.7303773Z  * [new tag]             0.0.126                -> 0.0.126
job-core	Checkout code	2026-02-27T11:26:47.7304130Z  * [new tag]             0.0.127                -> 0.0.127
job-core	Checkout code	2026-02-27T11:26:47.7305407Z  * [new tag]             0.0.128                -> 0.0.128
job-core	Checkout code	2026-02-27T11:26:47.7305799Z  * [new tag]             0.0.129                -> 0.0.129
job-core	Checkout code	2026-02-27T11:26:47.7306168Z  * [new tag]             0.0.13                 -> 0.0.13
job-core	Checkout code	2026-02-27T11:26:47.7306536Z  * [new tag]             0.0.130                -> 0.0.130
job-core	Checkout code	2026-02-27T11:26:47.7306901Z  * [new tag]             0.0.131                -> 0.0.131
job-core	Checkout code	2026-02-27T11:26:47.7307262Z  * [new tag]             0.0.132                -> 0.0.132
job-core	Checkout code	2026-02-27T11:26:47.7307625Z  * [new tag]             0.0.133                -> 0.0.133
job-core	Checkout code	2026-02-27T11:26:47.7307983Z  * [new tag]             0.0.134                -> 0.0.134
job-core	Checkout code	2026-02-27T11:26:47.7308350Z  * [new tag]             0.0.135                -> 0.0.135
job-core	Checkout code	2026-02-27T11:26:47.7308726Z  * [new tag]             0.0.136                -> 0.0.136
job-core	Checkout code	2026-02-27T11:26:47.7309088Z  * [new tag]             0.0.137                -> 0.0.137
job-core	Checkout code	2026-02-27T11:26:47.7309449Z  * [new tag]             0.0.138                -> 0.0.138
job-core	Checkout code	2026-02-27T11:26:47.7309827Z  * [new tag]             0.0.139                -> 0.0.139
job-core	Checkout code	2026-02-27T11:26:47.7310187Z  * [new tag]             0.0.14                 -> 0.0.14
job-core	Checkout code	2026-02-27T11:26:47.7310551Z  * [new tag]             0.0.140                -> 0.0.140
job-core	Checkout code	2026-02-27T11:26:47.7310914Z  * [new tag]             0.0.141                -> 0.0.141
job-core	Checkout code	2026-02-27T11:26:47.7311277Z  * [new tag]             0.0.142                -> 0.0.142
job-core	Checkout code	2026-02-27T11:26:47.7311641Z  * [new tag]             0.0.143                -> 0.0.143
job-core	Checkout code	2026-02-27T11:26:47.7312002Z  * [new tag]             0.0.144                -> 0.0.144
job-core	Checkout code	2026-02-27T11:26:47.7312365Z  * [new tag]             0.0.145                -> 0.0.145
job-core	Checkout code	2026-02-27T11:26:47.7312731Z  * [new tag]             0.0.146                -> 0.0.146
job-core	Checkout code	2026-02-27T11:26:47.7313411Z  * [new tag]             0.0.147                -> 0.0.147
job-core	Checkout code	2026-02-27T11:26:47.7313773Z  * [new tag]             0.0.148                -> 0.0.148
job-core	Checkout code	2026-02-27T11:26:47.7314135Z  * [new tag]             0.0.149                -> 0.0.149
job-core	Checkout code	2026-02-27T11:26:47.7325298Z  * [new tag]             0.0.15                 -> 0.0.15
job-core	Checkout code	2026-02-27T11:26:47.7325906Z  * [new tag]             0.0.150                -> 0.0.150
job-core	Checkout code	2026-02-27T11:26:47.7326290Z  * [new tag]             0.0.151                -> 0.0.151
job-core	Checkout code	2026-02-27T11:26:47.7326658Z  * [new tag]             0.0.152                -> 0.0.152
job-core	Checkout code	2026-02-27T11:26:47.7327039Z  * [new tag]             0.0.153                -> 0.0.153
job-core	Checkout code	2026-02-27T11:26:47.7334763Z  * [new tag]             0.0.154                -> 0.0.154
job-core	Checkout code	2026-02-27T11:26:47.7335416Z  * [new tag]             0.0.155                -> 0.0.155
job-core	Checkout code	2026-02-27T11:26:47.7336031Z  * [new tag]             0.0.156                -> 0.0.156
job-core	Checkout code	2026-02-27T11:26:47.7336436Z  * [new tag]             0.0.157                -> 0.0.157
job-core	Checkout code	2026-02-27T11:26:47.7336816Z  * [new tag]             0.0.158                -> 0.0.158
job-core	Checkout code	2026-02-27T11:26:47.7337193Z  * [new tag]             0.0.159                -> 0.0.159
job-core	Checkout code	2026-02-27T11:26:47.7337926Z  * [new tag]             0.0.16                 -> 0.0.16
job-core	Checkout code	2026-02-27T11:26:47.7338304Z  * [new tag]             0.0.160                -> 0.0.160
job-core	Checkout code	2026-02-27T11:26:47.7338684Z  * [new tag]             0.0.161                -> 0.0.161
job-core	Checkout code	2026-02-27T11:26:47.7339057Z  * [new tag]             0.0.162                -> 0.0.162
job-core	Checkout code	2026-02-27T11:26:47.7339453Z  * [new tag]             0.0.163                -> 0.0.163
job-core	Checkout code	2026-02-27T11:26:47.7339827Z  * [new tag]             0.0.164                -> 0.0.164
job-core	Checkout code	2026-02-27T11:26:47.7340204Z  * [new tag]             0.0.165                -> 0.0.165
job-core	Checkout code	2026-02-27T11:26:47.7340581Z  * [new tag]             0.0.166                -> 0.0.166
job-core	Checkout code	2026-02-27T11:26:47.7340953Z  * [new tag]             0.0.167                -> 0.0.167
job-core	Checkout code	2026-02-27T11:26:47.7341336Z  * [new tag]             0.0.168                -> 0.0.168
job-core	Checkout code	2026-02-27T11:26:47.7341717Z  * [new tag]             0.0.169                -> 0.0.169
job-core	Checkout code	2026-02-27T11:26:47.7342089Z  * [new tag]             0.0.17                 -> 0.0.17
job-core	Checkout code	2026-02-27T11:26:47.7342475Z  * [new tag]             0.0.170                -> 0.0.170
job-core	Checkout code	2026-02-27T11:26:47.7342850Z  * [new tag]             0.0.171                -> 0.0.171
job-core	Checkout code	2026-02-27T11:26:47.7343226Z  * [new tag]             0.0.172                -> 0.0.172
job-core	Checkout code	2026-02-27T11:26:47.7343606Z  * [new tag]             0.0.173                -> 0.0.173
job-core	Checkout code	2026-02-27T11:26:47.7343981Z  * [new tag]             0.0.174                -> 0.0.174
job-core	Checkout code	2026-02-27T11:26:47.7344360Z  * [new tag]             0.0.175                -> 0.0.175
job-core	Checkout code	2026-02-27T11:26:47.7355015Z  * [new tag]             0.0.176                -> 0.0.176
job-core	Checkout code	2026-02-27T11:26:47.7355428Z  * [new tag]             0.0.177                -> 0.0.177
job-core	Checkout code	2026-02-27T11:26:47.7356035Z  * [new tag]             0.0.178                -> 0.0.178
job-core	Checkout code	2026-02-27T11:26:47.7356421Z  * [new tag]             0.0.179                -> 0.0.179
job-core	Checkout code	2026-02-27T11:26:47.7356799Z  * [new tag]             0.0.18                 -> 0.0.18
job-core	Checkout code	2026-02-27T11:26:47.7357184Z  * [new tag]             0.0.19                 -> 0.0.19
job-core	Checkout code	2026-02-27T11:26:47.7357570Z  * [new tag]             0.0.2                  -> 0.0.2
job-core	Checkout code	2026-02-27T11:26:47.7357948Z  * [new tag]             0.0.20                 -> 0.0.20
job-core	Checkout code	2026-02-27T11:26:47.7358318Z  * [new tag]             0.0.21                 -> 0.0.21
job-core	Checkout code	2026-02-27T11:26:47.7358690Z  * [new tag]             0.0.22                 -> 0.0.22
job-core	Checkout code	2026-02-27T11:26:47.7359063Z  * [new tag]             0.0.23                 -> 0.0.23
job-core	Checkout code	2026-02-27T11:26:47.7359440Z  * [new tag]             0.0.24                 -> 0.0.24
job-core	Checkout code	2026-02-27T11:26:47.7359815Z  * [new tag]             0.0.25                 -> 0.0.25
job-core	Checkout code	2026-02-27T11:26:47.7360186Z  * [new tag]             0.0.26                 -> 0.0.26
job-core	Checkout code	2026-02-27T11:26:47.7360851Z  * [new tag]             0.0.27                 -> 0.0.27
job-core	Checkout code	2026-02-27T11:26:47.7361222Z  * [new tag]             0.0.28                 -> 0.0.28
job-core	Checkout code	2026-02-27T11:26:47.7361590Z  * [new tag]             0.0.29                 -> 0.0.29
job-core	Checkout code	2026-02-27T11:26:47.7361974Z  * [new tag]             0.0.3                  -> 0.0.3
job-core	Checkout code	2026-02-27T11:26:47.7362345Z  * [new tag]             0.0.30                 -> 0.0.30
job-core	Checkout code	2026-02-27T11:26:47.7362718Z  * [new tag]             0.0.31                 -> 0.0.31
job-core	Checkout code	2026-02-27T11:26:47.7363097Z  * [new tag]             0.0.32                 -> 0.0.32
job-core	Checkout code	2026-02-27T11:26:47.7363467Z  * [new tag]             0.0.33                 -> 0.0.33
job-core	Checkout code	2026-02-27T11:26:47.7363840Z  * [new tag]             0.0.34                 -> 0.0.34
job-core	Checkout code	2026-02-27T11:26:47.7364206Z  * [new tag]             0.0.35                 -> 0.0.35
job-core	Checkout code	2026-02-27T11:26:47.7373086Z  * [new tag]             0.0.36                 -> 0.0.36
job-core	Checkout code	2026-02-27T11:26:47.7373586Z  * [new tag]             0.0.37                 -> 0.0.37
job-core	Checkout code	2026-02-27T11:26:47.7373980Z  * [new tag]             0.0.38                 -> 0.0.38
job-core	Checkout code	2026-02-27T11:26:47.7374355Z  * [new tag]             0.0.39                 -> 0.0.39
job-core	Checkout code	2026-02-27T11:26:47.7387859Z  * [new tag]             0.0.4                  -> 0.0.4
job-core	Checkout code	2026-02-27T11:26:47.7388596Z  * [new tag]             0.0.40                 -> 0.0.40
job-core	Checkout code	2026-02-27T11:26:47.7388979Z  * [new tag]             0.0.41                 -> 0.0.41
job-core	Checkout code	2026-02-27T11:26:47.7389355Z  * [new tag]             0.0.42                 -> 0.0.42
job-core	Checkout code	2026-02-27T11:26:47.7389727Z  * [new tag]             0.0.43                 -> 0.0.43
job-core	Checkout code	2026-02-27T11:26:47.7390098Z  * [new tag]             0.0.44                 -> 0.0.44
job-core	Checkout code	2026-02-27T11:26:47.7390469Z  * [new tag]             0.0.45                 -> 0.0.45
job-core	Checkout code	2026-02-27T11:26:47.7390842Z  * [new tag]             0.0.46                 -> 0.0.46
job-core	Checkout code	2026-02-27T11:26:47.7391216Z  * [new tag]             0.0.47                 -> 0.0.47
job-core	Checkout code	2026-02-27T11:26:47.7391586Z  * [new tag]             0.0.48                 -> 0.0.48
job-core	Checkout code	2026-02-27T11:26:47.7391961Z  * [new tag]             0.0.49                 -> 0.0.49
job-core	Checkout code	2026-02-27T11:26:47.7392340Z  * [new tag]             0.0.5                  -> 0.0.5
job-core	Checkout code	2026-02-27T11:26:47.7392715Z  * [new tag]             0.0.50                 -> 0.0.50
job-core	Checkout code	2026-02-27T11:26:47.7393093Z  * [new tag]             0.0.51                 -> 0.0.51
job-core	Checkout code	2026-02-27T11:26:47.7393471Z  * [new tag]             0.0.52                 -> 0.0.52
job-core	Checkout code	2026-02-27T11:26:47.7393843Z  * [new tag]             0.0.53                 -> 0.0.53
job-core	Checkout code	2026-02-27T11:26:47.7394219Z  * [new tag]             0.0.54                 -> 0.0.54
job-core	Checkout code	2026-02-27T11:26:47.7394648Z  * [new tag]             0.0.55                 -> 0.0.55
job-core	Checkout code	2026-02-27T11:26:47.7417750Z  * [new tag]             0.0.56                 -> 0.0.56
job-core	Checkout code	2026-02-27T11:26:47.7418199Z  * [new tag]             0.0.57                 -> 0.0.57
job-core	Checkout code	2026-02-27T11:26:47.7418583Z  * [new tag]             0.0.58                 -> 0.0.58
job-core	Checkout code	2026-02-27T11:26:47.7418948Z  * [new tag]             0.0.59                 -> 0.0.59
job-core	Checkout code	2026-02-27T11:26:47.7419341Z  * [new tag]             0.0.6                  -> 0.0.6
job-core	Checkout code	2026-02-27T11:26:47.7419712Z  * [new tag]             0.0.60                 -> 0.0.60
job-core	Checkout code	2026-02-27T11:26:47.7420092Z  * [new tag]             0.0.61                 -> 0.0.61
job-core	Checkout code	2026-02-27T11:26:47.7420483Z  * [new tag]             0.0.62                 -> 0.0.62
job-core	Checkout code	2026-02-27T11:26:47.7420859Z  * [new tag]             0.0.63                 -> 0.0.63
job-core	Checkout code	2026-02-27T11:26:47.7421247Z  * [new tag]             0.0.64                 -> 0.0.64
job-core	Checkout code	2026-02-27T11:26:47.7421647Z  * [new tag]             0.0.65                 -> 0.0.65
job-core	Checkout code	2026-02-27T11:26:47.7422021Z  * [new tag]             0.0.66                 -> 0.0.66
job-core	Checkout code	2026-02-27T11:26:47.7422390Z  * [new tag]             0.0.67                 -> 0.0.67
job-core	Checkout code	2026-02-27T11:26:47.7422764Z  * [new tag]             0.0.68                 -> 0.0.68
job-core	Checkout code	2026-02-27T11:26:47.7423133Z  * [new tag]             0.0.69                 -> 0.0.69
job-core	Checkout code	2026-02-27T11:26:47.7423896Z  * [new tag]             0.0.7                  -> 0.0.7
job-core	Checkout code	2026-02-27T11:26:47.7424271Z  * [new tag]             0.0.70                 -> 0.0.70
job-core	Checkout code	2026-02-27T11:26:47.7455315Z  * [new tag]             0.0.71                 -> 0.0.71
job-core	Checkout code	2026-02-27T11:26:47.7455862Z  * [new tag]             0.0.72                 -> 0.0.72
job-core	Checkout code	2026-02-27T11:26:47.7456621Z  * [new tag]             0.0.73                 -> 0.0.73
job-core	Checkout code	2026-02-27T11:26:47.7457019Z  * [new tag]             0.0.74                 -> 0.0.74
job-core	Checkout code	2026-02-27T11:26:47.7457408Z  * [new tag]             0.0.75                 -> 0.0.75
job-core	Checkout code	2026-02-27T11:26:47.7458116Z  * [new tag]             0.0.76                 -> 0.0.76
job-core	Checkout code	2026-02-27T11:26:47.7458502Z  * [new tag]             0.0.77                 -> 0.0.77
job-core	Checkout code	2026-02-27T11:26:47.7458894Z  * [new tag]             0.0.78                 -> 0.0.78
job-core	Checkout code	2026-02-27T11:26:47.7459276Z  * [new tag]             0.0.79                 -> 0.0.79
job-core	Checkout code	2026-02-27T11:26:47.7459654Z  * [new tag]             0.0.8                  -> 0.0.8
job-core	Checkout code	2026-02-27T11:26:47.7460061Z  * [new tag]             0.0.80                 -> 0.0.80
job-core	Checkout code	2026-02-27T11:26:47.7460438Z  * [new tag]             0.0.81                 -> 0.0.81
job-core	Checkout code	2026-02-27T11:26:47.7460814Z  * [new tag]             0.0.82                 -> 0.0.82
job-core	Checkout code	2026-02-27T11:26:47.7461777Z  * [new tag]             0.0.83                 -> 0.0.83
job-core	Checkout code	2026-02-27T11:26:47.7462157Z  * [new tag]             0.0.84                 -> 0.0.84
job-core	Checkout code	2026-02-27T11:26:47.7462532Z  * [new tag]             0.0.85                 -> 0.0.85
job-core	Checkout code	2026-02-27T11:26:47.7462908Z  * [new tag]             0.0.86                 -> 0.0.86
job-core	Checkout code	2026-02-27T11:26:47.7463274Z  * [new tag]             0.0.87                 -> 0.0.87
job-core	Checkout code	2026-02-27T11:26:47.7463645Z  * [new tag]             0.0.88                 -> 0.0.88
job-core	Checkout code	2026-02-27T11:26:47.7464014Z  * [new tag]             0.0.89                 -> 0.0.89
job-core	Checkout code	2026-02-27T11:26:47.7464386Z  * [new tag]             0.0.9                  -> 0.0.9
job-core	Checkout code	2026-02-27T11:26:47.7464946Z  * [new tag]             0.0.90                 -> 0.0.90
job-core	Checkout code	2026-02-27T11:26:47.7465335Z  * [new tag]             0.0.91                 -> 0.0.91
job-core	Checkout code	2026-02-27T11:26:47.7465708Z  * [new tag]             0.0.92                 -> 0.0.92
job-core	Checkout code	2026-02-27T11:26:47.7466077Z  * [new tag]             0.0.93                 -> 0.0.93
job-core	Checkout code	2026-02-27T11:26:47.7466460Z  * [new tag]             0.0.94                 -> 0.0.94
job-core	Checkout code	2026-02-27T11:26:47.7466837Z  * [new tag]             0.0.95                 -> 0.0.95
job-core	Checkout code	2026-02-27T11:26:47.7467213Z  * [new tag]             0.0.96                 -> 0.0.96
job-core	Checkout code	2026-02-27T11:26:47.7467587Z  * [new tag]             0.0.97                 -> 0.0.97
job-core	Checkout code	2026-02-27T11:26:47.7467965Z  * [new tag]             0.0.98                 -> 0.0.98
job-core	Checkout code	2026-02-27T11:26:47.7476557Z  * [new tag]             0.0.99                 -> 0.0.99
job-core	Checkout code	2026-02-27T11:26:47.7477022Z  * [new tag]             0.1.0                  -> 0.1.0
job-core	Checkout code	2026-02-27T11:26:47.7477405Z  * [new tag]             0.1.1                  -> 0.1.1
job-core	Checkout code	2026-02-27T11:26:47.7477782Z  * [new tag]             0.2.0                  -> 0.2.0
job-core	Checkout code	2026-02-27T11:26:47.7478166Z  * [new tag]             0.3.0                  -> 0.3.0
job-core	Checkout code	2026-02-27T11:26:47.7478532Z  * [new tag]             0.3.1                  -> 0.3.1
job-core	Checkout code	2026-02-27T11:26:47.7478925Z  * [new tag]             0.3.10                 -> 0.3.10
job-core	Checkout code	2026-02-27T11:26:47.7479303Z  * [new tag]             0.3.11                 -> 0.3.11
job-core	Checkout code	2026-02-27T11:26:47.7479667Z  * [new tag]             0.3.12                 -> 0.3.12
job-core	Checkout code	2026-02-27T11:26:47.7480035Z  * [new tag]             0.3.13                 -> 0.3.13
job-core	Checkout code	2026-02-27T11:26:47.7480407Z  * [new tag]             0.3.14                 -> 0.3.14
job-core	Checkout code	2026-02-27T11:26:47.7480779Z  * [new tag]             0.3.15                 -> 0.3.15
job-core	Checkout code	2026-02-27T11:26:47.7481139Z  * [new tag]             0.3.16                 -> 0.3.16
job-core	Checkout code	2026-02-27T11:26:47.7481509Z  * [new tag]             0.3.17                 -> 0.3.17
job-core	Checkout code	2026-02-27T11:26:47.7481877Z  * [new tag]             0.3.2                  -> 0.3.2
job-core	Checkout code	2026-02-27T11:26:47.7482245Z  * [new tag]             0.3.3                  -> 0.3.3
job-core	Checkout code	2026-02-27T11:26:47.7483040Z  * [new tag]             0.3.4                  -> 0.3.4
job-core	Checkout code	2026-02-27T11:26:47.7483408Z  * [new tag]             0.3.5                  -> 0.3.5
job-core	Checkout code	2026-02-27T11:26:47.7483771Z  * [new tag]             0.3.6                  -> 0.3.6
job-core	Checkout code	2026-02-27T11:26:47.7484147Z  * [new tag]             0.3.7                  -> 0.3.7
job-core	Checkout code	2026-02-27T11:26:47.7533211Z  * [new tag]             0.3.8                  -> 0.3.8
job-core	Checkout code	2026-02-27T11:26:47.7534027Z  * [new tag]             0.3.9                  -> 0.3.9
job-core	Checkout code	2026-02-27T11:26:47.7534416Z  * [new tag]             0.4.0                  -> 0.4.0
job-core	Checkout code	2026-02-27T11:26:47.7535280Z  * [new tag]             0.4.1                  -> 0.4.1
job-core	Checkout code	2026-02-27T11:26:47.7535673Z  * [new tag]             0.4.2                  -> 0.4.2
job-core	Checkout code	2026-02-27T11:26:47.7536039Z  * [new tag]             0.4.3                  -> 0.4.3
job-core	Checkout code	2026-02-27T11:26:47.7543821Z  * [new tag]             0.4.4                  -> 0.4.4
job-core	Checkout code	2026-02-27T11:26:47.7544297Z  * [new tag]             0.4.5                  -> 0.4.5
job-core	Checkout code	2026-02-27T11:26:47.7544831Z  * [new tag]             0.4.6                  -> 0.4.6
job-core	Checkout code	2026-02-27T11:26:47.7545205Z  * [new tag]             0.4.7                  -> 0.4.7
job-core	Checkout code	2026-02-27T11:26:47.7545567Z  * [new tag]             0.4.8                  -> 0.4.8
job-core	Checkout code	2026-02-27T11:26:47.7547485Z  * [new tag]             0.4.9                  -> 0.4.9
job-core	Checkout code	2026-02-27T11:26:47.7547852Z  * [new tag]             0.5.0                  -> 0.5.0
job-core	Checkout code	2026-02-27T11:26:47.7548211Z  * [new tag]             0.5.1                  -> 0.5.1
job-core	Checkout code	2026-02-27T11:26:47.7548569Z  * [new tag]             0.5.2                  -> 0.5.2
job-core	Checkout code	2026-02-27T11:26:47.7548937Z  * [new tag]             0.6.0                  -> 0.6.0
job-core	Checkout code	2026-02-27T11:26:47.7549301Z  * [new tag]             0.6.1                  -> 0.6.1
job-core	Checkout code	2026-02-27T11:26:47.7549660Z  * [new tag]             0.6.2                  -> 0.6.2
job-core	Checkout code	2026-02-27T11:26:47.7550022Z  * [new tag]             0.6.3                  -> 0.6.3
job-core	Checkout code	2026-02-27T11:26:47.7550401Z  * [new tag]             0.6.4                  -> 0.6.4
job-core	Checkout code	2026-02-27T11:26:47.7550762Z  * [new tag]             0.6.5                  -> 0.6.5
job-core	Checkout code	2026-02-27T11:26:47.7551130Z  * [new tag]             0.6.6                  -> 0.6.6
job-core	Checkout code	2026-02-27T11:26:47.7552407Z [command]/usr/bin/git branch --list --remote origin/main
job-core	Checkout code	2026-02-27T11:26:47.7583732Z   origin/main
job-core	Checkout code	2026-02-27T11:26:47.7609259Z [command]/usr/bin/git rev-parse refs/remotes/origin/main
job-core	Checkout code	2026-02-27T11:26:47.7666362Z 15e011bc0d9c9fb225bfab372e7086a44110242b
job-core	Checkout code	2026-02-27T11:26:47.7675674Z [command]/usr/bin/git -c protocol.version=2 fetch --no-tags --prune --no-recurse-submodules origin +42681c1ef9b5978e41a4b79a4962345990d0098f:refs/remotes/origin/main
job-core	Checkout code	2026-02-27T11:26:47.7886174Z From https://github.com/Ka0s-Klaus/ka0s
job-core	Checkout code	2026-02-27T11:26:47.7887246Z  + 15e011bc0...42681c1ef 42681c1ef9b5978e41a4b79a4962345990d0098f -> origin/main  (forced update)
job-core	Checkout code	2026-02-27T11:26:47.7928029Z ##[endgroup]
job-core	Checkout code	2026-02-27T11:26:47.7928609Z ##[group]Determining the checkout info
job-core	Checkout code	2026-02-27T11:26:47.7929083Z ##[endgroup]
job-core	Checkout code	2026-02-27T11:26:47.7931973Z [command]/usr/bin/git sparse-checkout disable
job-core	Checkout code	2026-02-27T11:26:47.7991736Z [command]/usr/bin/git config --local --unset-all extensions.worktreeConfig
job-core	Checkout code	2026-02-27T11:26:47.8040903Z ##[group]Checking out the ref
job-core	Checkout code	2026-02-27T11:26:47.8042647Z [command]/usr/bin/git checkout --progress --force -B main refs/remotes/origin/main
job-core	Checkout code	2026-02-27T11:26:48.1122299Z Switched to a new branch 'main'
job-core	Checkout code	2026-02-27T11:26:48.1135089Z branch 'main' set up to track 'origin/main'.
job-core	Checkout code	2026-02-27T11:26:48.1177698Z ##[endgroup]
job-core	Checkout code	2026-02-27T11:26:48.1240284Z [command]/usr/bin/git log -1 --format=%H
job-core	Checkout code	2026-02-27T11:26:48.1273676Z 42681c1ef9b5978e41a4b79a4962345990d0098f
job-core	Install GH CLI	ï»¿2026-02-27T11:26:48.1922312Z Prepare all required actions
job-core	Install GH CLI	2026-02-27T11:26:48.2049572Z ##[group]Run ./.github/actions/install-gh-cli
job-core	Install GH CLI	2026-02-27T11:26:48.2049910Z env:
job-core	Install GH CLI	2026-02-27T11:26:48.2050113Z   PYTHON_VERSION: 3.9
job-core	Install GH CLI	2026-02-27T11:26:48.2051019Z   MONGO_SUPERUSER_CONNECTION: ***
job-core	Install GH CLI	2026-02-27T11:26:48.2051422Z   MONGO_NEW_PASS: ***
job-core	Install GH CLI	2026-02-27T11:26:48.2052109Z   MONGO_SCRIPT_CREATE: devops/core/mongo/scripts/add-doc-to-db.py
job-core	Install GH CLI	2026-02-27T11:26:48.2052481Z   KAOS_CODE: 22484332651
job-core	Install GH CLI	2026-02-27T11:26:48.2052745Z   KAOS_MODULE: [Ka0s] Autom add docs to MongoDB
job-core	Install GH CLI	2026-02-27T11:26:48.2053051Z   REPORT_SCAN: audit/
job-core	Install GH CLI	2026-02-27T11:26:48.2069930Z   REPORT_PATH: audit/mongodb/
job-core	Install GH CLI	2026-02-27T11:26:48.2070243Z   REPORT_FILENAME: mongo_setup_22484332651.json
job-core	Install GH CLI	2026-02-27T11:26:48.2070595Z   REPORT_FILENAME_LIST: mongo_list_22484332651.json
job-core	Install GH CLI	2026-02-27T11:26:48.2070959Z   REPORT_FILENAME_DB: mongo_create_db_22484332651.json
job-core	Install GH CLI	2026-02-27T11:26:48.2071280Z   GITHUB_OUTPUT: 
job-core	Install GH CLI	2026-02-27T11:26:48.2071489Z ##[endgroup]
job-core	Install GH CLI	2026-02-27T11:26:48.2254271Z ##[group]Run type -p curl >/dev/null || (sudo apt-get update && sudo apt-get install curl -y)
job-core	Install GH CLI	2026-02-27T11:26:48.2255648Z [36;1mtype -p curl >/dev/null || (sudo apt-get update && sudo apt-get install curl -y)[0m
job-core	Install GH CLI	2026-02-27T11:26:48.2256543Z [36;1mcurl -fsSL https://cli.github.com/packages/githubcli-archive-keyring.gpg | sudo dd of=/usr/share/keyrings/githubcli-archive-keyring.gpg \[0m
job-core	Install GH CLI	2026-02-27T11:26:48.2257546Z [36;1m&& sudo chmod go+r /usr/share/keyrings/githubcli-archive-keyring.gpg \[0m
job-core	Install GH CLI	2026-02-27T11:26:48.2259020Z [36;1m&& echo "deb [arch=$(dpkg --print-architecture) signed-by=/usr/share/keyrings/githubcli-archive-keyring.gpg] https://cli.github.com/packages stable main" | sudo tee /etc/apt/sources.list.d/github-cli.list > /dev/null \[0m
job-core	Install GH CLI	2026-02-27T11:26:48.2260077Z [36;1m&& sudo apt-get update \[0m
job-core	Install GH CLI	2026-02-27T11:26:48.2260387Z [36;1m&& sudo apt-get install gh -y[0m
job-core	Install GH CLI	2026-02-27T11:26:48.2301803Z shell: /usr/bin/bash --noprofile --norc -e -o pipefail {0}
job-core	Install GH CLI	2026-02-27T11:26:48.2302208Z env:
job-core	Install GH CLI	2026-02-27T11:26:48.2302419Z   PYTHON_VERSION: 3.9
job-core	Install GH CLI	2026-02-27T11:26:48.2303351Z   MONGO_SUPERUSER_CONNECTION: ***
job-core	Install GH CLI	2026-02-27T11:26:48.2303754Z   MONGO_NEW_PASS: ***
job-core	Install GH CLI	2026-02-27T11:26:48.2304076Z   MONGO_SCRIPT_CREATE: devops/core/mongo/scripts/add-doc-to-db.py
job-core	Install GH CLI	2026-02-27T11:26:48.2304464Z   KAOS_CODE: 22484332651
job-core	Install GH CLI	2026-02-27T11:26:48.2304847Z   KAOS_MODULE: [Ka0s] Autom add docs to MongoDB
job-core	Install GH CLI	2026-02-27T11:26:48.2305159Z   REPORT_SCAN: audit/
job-core	Install GH CLI	2026-02-27T11:26:48.2305395Z   REPORT_PATH: audit/mongodb/
job-core	Install GH CLI	2026-02-27T11:26:48.2305677Z   REPORT_FILENAME: mongo_setup_22484332651.json
job-core	Install GH CLI	2026-02-27T11:26:48.2306025Z   REPORT_FILENAME_LIST: mongo_list_22484332651.json
job-core	Install GH CLI	2026-02-27T11:26:48.2306386Z   REPORT_FILENAME_DB: mongo_create_db_22484332651.json
job-core	Install GH CLI	2026-02-27T11:26:48.2306705Z   GITHUB_OUTPUT: 
job-core	Install GH CLI	2026-02-27T11:26:48.2318781Z ##[endgroup]
job-core	Install GH CLI	2026-02-27T11:26:48.3228784Z 4+1 records in
job-core	Install GH CLI	2026-02-27T11:26:48.3229400Z 4+1 records out
job-core	Install GH CLI	2026-02-27T11:26:48.3229821Z 2270 bytes (2.3 kB, 2.2 KiB) copied, 0.0577632 s, 39.3 kB/s
job-core	Install GH CLI	2026-02-27T11:26:48.4854172Z Get:1 https://cli.github.com/packages stable InRelease [3917 B]
job-core	Install GH CLI	2026-02-27T11:26:48.5320661Z Get:2 http://archive.ubuntu.com/ubuntu noble InRelease [256 kB]
job-core	Install GH CLI	2026-02-27T11:26:48.6342884Z Get:3 http://security.ubuntu.com/ubuntu noble-security InRelease [126 kB]
job-core	Install GH CLI	2026-02-27T11:26:48.6542571Z Get:4 https://ppa.launchpadcontent.net/git-core/ppa/ubuntu noble InRelease [24.3 kB]
job-core	Install GH CLI	2026-02-27T11:26:48.8059939Z Get:5 https://ppa.launchpadcontent.net/git-core/ppa/ubuntu noble/main amd64 Packages [2992 B]
job-core	Install GH CLI	2026-02-27T11:26:48.8405845Z Get:6 http://archive.ubuntu.com/ubuntu noble-updates InRelease [126 kB]
job-core	Install GH CLI	2026-02-27T11:26:48.8517411Z Get:7 https://cli.github.com/packages stable/main amd64 Packages [357 B]
job-core	Install GH CLI	2026-02-27T11:26:48.8826611Z Get:8 http://archive.ubuntu.com/ubuntu noble-backports InRelease [126 kB]
job-core	Install GH CLI	2026-02-27T11:26:48.9906074Z Get:9 http://archive.ubuntu.com/ubuntu noble/universe amd64 Packages [19.3 MB]
job-core	Install GH CLI	2026-02-27T11:26:49.3925926Z Get:10 http://security.ubuntu.com/ubuntu noble-security/multiverse amd64 Packages [34.8 kB]
job-core	Install GH CLI	2026-02-27T11:26:49.5273435Z Get:11 http://security.ubuntu.com/ubuntu noble-security/universe amd64 Packages [1242 kB]
job-core	Install GH CLI	2026-02-27T11:26:49.6774723Z Get:12 http://archive.ubuntu.com/ubuntu noble/restricted amd64 Packages [117 kB]
job-core	Install GH CLI	2026-02-27T11:26:49.6782608Z Get:13 http://archive.ubuntu.com/ubuntu noble/main amd64 Packages [1808 kB]
job-core	Install GH CLI	2026-02-27T11:26:49.7265049Z Get:14 http://archive.ubuntu.com/ubuntu noble/multiverse amd64 Packages [331 kB]
job-core	Install GH CLI	2026-02-27T11:26:49.7366751Z Get:15 http://archive.ubuntu.com/ubuntu noble-updates/restricted amd64 Packages [3471 kB]
job-core	Install GH CLI	2026-02-27T11:26:49.8290646Z Get:16 http://archive.ubuntu.com/ubuntu noble-updates/main amd64 Packages [2276 kB]
job-core	Install GH CLI	2026-02-27T11:26:49.8805549Z Get:17 http://archive.ubuntu.com/ubuntu noble-updates/universe amd64 Packages [2017 kB]
job-core	Install GH CLI	2026-02-27T11:26:49.8835759Z Get:18 http://security.ubuntu.com/ubuntu noble-security/main amd64 Packages [1883 kB]
job-core	Install GH CLI	2026-02-27T11:26:49.9189456Z Get:19 http://archive.ubuntu.com/ubuntu noble-updates/multiverse amd64 Packages [38.1 kB]
job-core	Install GH CLI	2026-02-27T11:26:49.9207403Z Get:20 http://archive.ubuntu.com/ubuntu noble-backports/universe amd64 Packages [34.6 kB]
job-core	Install GH CLI	2026-02-27T11:26:49.9213416Z Get:21 http://archive.ubuntu.com/ubuntu noble-backports/main amd64 Packages [49.5 kB]
job-core	Install GH CLI	2026-02-27T11:26:50.0201695Z Get:22 http://security.ubuntu.com/ubuntu noble-security/restricted amd64 Packages [3262 kB]
job-core	Install GH CLI	2026-02-27T11:26:52.1768720Z Fetched 36.5 MB in 4s (9754 kB/s)
job-core	Install GH CLI	2026-02-27T11:26:53.2966756Z Reading package lists...
job-core	Install GH CLI	2026-02-27T11:26:54.4785393Z Reading package lists...
job-core	Install GH CLI	2026-02-27T11:26:54.7761893Z Building dependency tree...
job-core	Install GH CLI	2026-02-27T11:26:54.7765051Z Reading state information...
job-core	Install GH CLI	2026-02-27T11:26:55.2352661Z The following NEW packages will be installed:
job-core	Install GH CLI	2026-02-27T11:26:55.2378774Z   gh
job-core	Install GH CLI	2026-02-27T11:26:55.3429476Z 0 upgraded, 1 newly installed, 0 to remove and 0 not upgraded.
job-core	Install GH CLI	2026-02-27T11:26:55.3430262Z Need to get 13.8 MB of archives.
job-core	Install GH CLI	2026-02-27T11:26:55.3432872Z After this operation, 38.5 MB of additional disk space will be used.
job-core	Install GH CLI	2026-02-27T11:26:55.3462650Z Get:1 https://cli.github.com/packages stable/main amd64 gh amd64 2.87.3 [13.8 MB]
job-core	Install GH CLI	2026-02-27T11:26:55.7234431Z debconf: delaying package configuration, since apt-utils is not installed
job-core	Install GH CLI	2026-02-27T11:26:55.7690224Z Fetched 13.8 MB in 0s (47.7 MB/s)
job-core	Install GH CLI	2026-02-27T11:26:55.7976807Z Selecting previously unselected package gh.
job-core	Install GH CLI	2026-02-27T11:26:55.8016782Z (Reading database ... 
job-core	Install GH CLI	2026-02-27T11:26:55.8025249Z (Reading database ... 5%
job-core	Install GH CLI	2026-02-27T11:26:55.8025785Z (Reading database ... 10%
job-core	Install GH CLI	2026-02-27T11:26:55.8026286Z (Reading database ... 15%
job-core	Install GH CLI	2026-02-27T11:26:55.8026690Z (Reading database ... 20%
job-core	Install GH CLI	2026-02-27T11:26:55.8027105Z (Reading database ... 25%
job-core	Install GH CLI	2026-02-27T11:26:55.8027537Z (Reading database ... 30%
job-core	Install GH CLI	2026-02-27T11:26:55.8028032Z (Reading database ... 35%
job-core	Install GH CLI	2026-02-27T11:26:55.8028490Z (Reading database ... 40%
job-core	Install GH CLI	2026-02-27T11:26:55.8028890Z (Reading database ... 45%
job-core	Install GH CLI	2026-02-27T11:26:55.8032775Z (Reading database ... 50%
job-core	Install GH CLI	2026-02-27T11:26:55.8033239Z (Reading database ... 55%
job-core	Install GH CLI	2026-02-27T11:26:55.8033580Z (Reading database ... 60%
job-core	Install GH CLI	2026-02-27T11:26:55.8057044Z (Reading database ... 65%
job-core	Install GH CLI	2026-02-27T11:26:55.8078947Z (Reading database ... 70%
job-core	Install GH CLI	2026-02-27T11:26:55.8090766Z (Reading database ... 75%
job-core	Install GH CLI	2026-02-27T11:26:55.8113827Z (Reading database ... 80%
job-core	Install GH CLI	2026-02-27T11:26:55.8123682Z (Reading database ... 85%
job-core	Install GH CLI	2026-02-27T11:26:55.8140833Z (Reading database ... 90%
job-core	Install GH CLI	2026-02-27T11:26:55.8164725Z (Reading database ... 95%
job-core	Install GH CLI	2026-02-27T11:26:55.8169076Z (Reading database ... 100%
job-core	Install GH CLI	2026-02-27T11:26:55.8182877Z (Reading database ... 14387 files and directories currently installed.)
job-core	Install GH CLI	2026-02-27T11:26:55.8183686Z Preparing to unpack .../archives/gh_2.87.3_amd64.deb ...
job-core	Install GH CLI	2026-02-27T11:26:55.8220065Z Unpacking gh (2.87.3) ...
job-core	Install GH CLI	2026-02-27T11:26:56.2145769Z Setting up gh (2.87.3) ...
job-core	Set up Python	ï»¿2026-02-27T11:26:56.3020703Z ##[group]Run actions/setup-python@v4
job-core	Set up Python	2026-02-27T11:26:56.3021028Z with:
job-core	Set up Python	2026-02-27T11:26:56.3041130Z   python-version: 3.9
job-core	Set up Python	2026-02-27T11:26:56.3041396Z   check-latest: false
job-core	Set up Python	2026-02-27T11:26:56.3041999Z   token: ***
job-core	Set up Python	2026-02-27T11:26:56.3042219Z   update-environment: true
job-core	Set up Python	2026-02-27T11:26:56.3042476Z   allow-prereleases: false
job-core	Set up Python	2026-02-27T11:26:56.3042708Z env:
job-core	Set up Python	2026-02-27T11:26:56.3042897Z   PYTHON_VERSION: 3.9
job-core	Set up Python	2026-02-27T11:26:56.3043708Z   MONGO_SUPERUSER_CONNECTION: ***
job-core	Set up Python	2026-02-27T11:26:56.3044087Z   MONGO_NEW_PASS: ***
job-core	Set up Python	2026-02-27T11:26:56.3044960Z   MONGO_SCRIPT_CREATE: devops/core/mongo/scripts/add-doc-to-db.py
job-core	Set up Python	2026-02-27T11:26:56.3045603Z   KAOS_CODE: 22484332651
job-core	Set up Python	2026-02-27T11:26:56.3045868Z   KAOS_MODULE: [Ka0s] Autom add docs to MongoDB
job-core	Set up Python	2026-02-27T11:26:56.3046170Z   REPORT_SCAN: audit/
job-core	Set up Python	2026-02-27T11:26:56.3046519Z   REPORT_PATH: audit/mongodb/
job-core	Set up Python	2026-02-27T11:26:56.3046800Z   REPORT_FILENAME: mongo_setup_22484332651.json
job-core	Set up Python	2026-02-27T11:26:56.3047130Z   REPORT_FILENAME_LIST: mongo_list_22484332651.json
job-core	Set up Python	2026-02-27T11:26:56.3047544Z   REPORT_FILENAME_DB: mongo_create_db_22484332651.json
job-core	Set up Python	2026-02-27T11:26:56.3047848Z   GITHUB_OUTPUT: 
job-core	Set up Python	2026-02-27T11:26:56.3048185Z ##[endgroup]
job-core	Set up Python	2026-02-27T11:26:56.5817620Z ##[group]Installed versions
job-core	Set up Python	2026-02-27T11:26:56.5836762Z Version 3.9 was not found in the local cache
job-core	Set up Python	2026-02-27T11:26:57.5194944Z Version 3.9 is available for downloading
job-core	Set up Python	2026-02-27T11:26:57.5195729Z Download from "https://github.com/actions/python-versions/releases/download/3.9.25-19039189640/python-3.9.25-linux-24.04-x64.tar.gz"
job-core	Set up Python	2026-02-27T11:26:59.7089936Z Extract downloaded archive
job-core	Set up Python	2026-02-27T11:26:59.7288053Z [command]/usr/bin/tar xz --warning=no-unknown-keyword -C /home/runner/_work/_temp/2f05102f-7aac-4957-b354-888cfb63c480 -f /home/runner/_work/_temp/73b03c46-6530-4781-bcd7-b94132027ab9
job-core	Set up Python	2026-02-27T11:27:02.6652253Z Execute installation script
job-core	Set up Python	2026-02-27T11:27:02.6865617Z Check if Python hostedtoolcache folder exist...
job-core	Set up Python	2026-02-27T11:27:02.6885282Z Creating Python hostedtoolcache folder...
job-core	Set up Python	2026-02-27T11:27:02.6886099Z Create Python 3.9.25 folder
job-core	Set up Python	2026-02-27T11:27:02.6909982Z Copy Python binaries to hostedtoolcache folder
job-core	Set up Python	2026-02-27T11:27:03.9335888Z Create additional symlinks (Required for the UsePythonVersion Azure Pipelines task and the setup-python GitHub Action)
job-core	Set up Python	2026-02-27T11:27:03.9390362Z Upgrading pip...
job-core	Set up Python	2026-02-27T11:27:07.4389135Z Looking in links: /tmp/tmpsnkxknb4
job-core	Set up Python	2026-02-27T11:27:07.4430014Z Requirement already satisfied: setuptools in /home/runner/_work/_tool/Python/3.9.25/x64/lib/python3.9/site-packages (79.0.1)
job-core	Set up Python	2026-02-27T11:27:07.4449625Z Requirement already satisfied: pip in /home/runner/_work/_tool/Python/3.9.25/x64/lib/python3.9/site-packages (23.0.1)
job-core	Set up Python	2026-02-27T11:27:09.3525685Z Collecting pip
job-core	Set up Python	2026-02-27T11:27:09.4186867Z Downloading pip-26.0.1-py3-none-any.whl (1.8 MB)
job-core	Set up Python	2026-02-27T11:27:09.4947670Z ââââââââââââââââââââââââââââââââââââââââ 1.8/1.8 MB 24.6 MB/s eta 0:00:00
job-core	Set up Python	2026-02-27T11:27:09.6047858Z Installing collected packages: pip
job-core	Set up Python	2026-02-27T11:27:09.6063570Z Attempting uninstall: pip
job-core	Set up Python	2026-02-27T11:27:09.6075710Z Found existing installation: pip 23.0.1
job-core	Set up Python	2026-02-27T11:27:10.0668584Z Uninstalling pip-23.0.1:
job-core	Set up Python	2026-02-27T11:27:10.0809028Z Successfully uninstalled pip-23.0.1
job-core	Set up Python	2026-02-27T11:27:11.2561333Z Successfully installed pip-26.0.1
job-core	Set up Python	2026-02-27T11:27:11.3900052Z Create complete file
job-core	Set up Python	2026-02-27T11:27:11.3975972Z Successfully set up CPython (3.9.25)
job-core	Set up Python	2026-02-27T11:27:11.3985896Z ##[endgroup]
job-core	Install dependencies	ï»¿2026-02-27T11:27:11.4481511Z ##[group]Run pip install pymongo
job-core	Install dependencies	2026-02-27T11:27:11.4481870Z [36;1mpip install pymongo[0m
job-core	Install dependencies	2026-02-27T11:27:11.4498803Z shell: /usr/bin/bash -e {0}
job-core	Install dependencies	2026-02-27T11:27:11.4499081Z env:
job-core	Install dependencies	2026-02-27T11:27:11.4499278Z   PYTHON_VERSION: 3.9
job-core	Install dependencies	2026-02-27T11:27:11.4500367Z   MONGO_SUPERUSER_CONNECTION: ***
job-core	Install dependencies	2026-02-27T11:27:11.4500815Z   MONGO_NEW_PASS: ***
job-core	Install dependencies	2026-02-27T11:27:11.4501138Z   MONGO_SCRIPT_CREATE: devops/core/mongo/scripts/add-doc-to-db.py
job-core	Install dependencies	2026-02-27T11:27:11.4501507Z   KAOS_CODE: 22484332651
job-core	Install dependencies	2026-02-27T11:27:11.4501772Z   KAOS_MODULE: [Ka0s] Autom add docs to MongoDB
job-core	Install dependencies	2026-02-27T11:27:11.4502076Z   REPORT_SCAN: audit/
job-core	Install dependencies	2026-02-27T11:27:11.4502307Z   REPORT_PATH: audit/mongodb/
job-core	Install dependencies	2026-02-27T11:27:11.4502592Z   REPORT_FILENAME: mongo_setup_22484332651.json
job-core	Install dependencies	2026-02-27T11:27:11.4502929Z   REPORT_FILENAME_LIST: mongo_list_22484332651.json
job-core	Install dependencies	2026-02-27T11:27:11.4503285Z   REPORT_FILENAME_DB: mongo_create_db_22484332651.json
job-core	Install dependencies	2026-02-27T11:27:11.4503595Z   GITHUB_OUTPUT: 
job-core	Install dependencies	2026-02-27T11:27:11.4503888Z   pythonLocation: /home/runner/_work/_tool/Python/3.9.25/x64
job-core	Install dependencies	2026-02-27T11:27:11.4504411Z   PKG_CONFIG_PATH: /home/runner/_work/_tool/Python/3.9.25/x64/lib/pkgconfig
job-core	Install dependencies	2026-02-27T11:27:11.4505499Z   Python_ROOT_DIR: /home/runner/_work/_tool/Python/3.9.25/x64
job-core	Install dependencies	2026-02-27T11:27:11.4505924Z   Python2_ROOT_DIR: /home/runner/_work/_tool/Python/3.9.25/x64
job-core	Install dependencies	2026-02-27T11:27:11.4506346Z   Python3_ROOT_DIR: /home/runner/_work/_tool/Python/3.9.25/x64
job-core	Install dependencies	2026-02-27T11:27:11.4506774Z   LD_LIBRARY_PATH: /home/runner/_work/_tool/Python/3.9.25/x64/lib
job-core	Install dependencies	2026-02-27T11:27:11.4507128Z ##[endgroup]
job-core	Install dependencies	2026-02-27T11:27:12.8675207Z Collecting pymongo
job-core	Install dependencies	2026-02-27T11:27:12.9619004Z   Downloading pymongo-4.16.0-cp39-cp39-manylinux2014_x86_64.manylinux_2_17_x86_64.manylinux_2_28_x86_64.whl.metadata (10.0 kB)
job-core	Install dependencies	2026-02-27T11:27:13.0362234Z Collecting dnspython<3.0.0,>=2.6.1 (from pymongo)
job-core	Install dependencies	2026-02-27T11:27:13.0429951Z   Downloading dnspython-2.7.0-py3-none-any.whl.metadata (5.8 kB)
job-core	Install dependencies	2026-02-27T11:27:13.0936771Z Downloading pymongo-4.16.0-cp39-cp39-manylinux2014_x86_64.manylinux_2_17_x86_64.manylinux_2_28_x86_64.whl (947 kB)
job-core	Install dependencies	2026-02-27T11:27:13.1721586Z    ââââââââââââââââââââââââââââââââââââââââ 947.2/947.2 kB 20.8 MB/s  0:00:00
job-core	Install dependencies	2026-02-27T11:27:13.1959403Z Downloading dnspython-2.7.0-py3-none-any.whl (313 kB)
job-core	Install dependencies	2026-02-27T11:27:13.2948689Z Installing collected packages: dnspython, pymongo
job-core	Install dependencies	2026-02-27T11:27:14.6106781Z 
job-core	Install dependencies	2026-02-27T11:27:14.6165523Z Successfully installed dnspython-2.7.0 pymongo-4.16.0
job-core	Create database MongoDB	ï»¿2026-02-27T11:27:15.0582920Z ##[group]Run python devops/core/mongo/scripts/add-doc-to-db.py
job-core	Create database MongoDB	2026-02-27T11:27:15.0583478Z [36;1mpython devops/core/mongo/scripts/add-doc-to-db.py[0m
job-core	Create database MongoDB	2026-02-27T11:27:15.0583935Z [36;1mecho "Downloading files to MongoDB update repository ..."[0m
job-core	Create database MongoDB	2026-02-27T11:27:15.0598946Z [36;1mgit config --global user.name "***"[0m
job-core	Create database MongoDB	2026-02-27T11:27:15.0599598Z [36;1mgit config --global user.email "***"[0m
job-core	Create database MongoDB	2026-02-27T11:27:15.0599955Z [36;1mgit pull[0m
job-core	Create database MongoDB	2026-02-27T11:27:15.0600296Z [36;1mecho "[Ka0s] Uploading files to MongoDB update repository ..."[0m
job-core	Create database MongoDB	2026-02-27T11:27:15.0600769Z [36;1mgit add audit/[0m
job-core	Create database MongoDB	2026-02-27T11:27:15.0601221Z [36;1mgit commit -m "[Ka0S] Uploading Autom add docs to MongoDB..." || echo "No changes to commit"[0m
job-core	Create database MongoDB	2026-02-27T11:27:15.0601744Z [36;1mMAX_RETRIES=3[0m
job-core	Create database MongoDB	2026-02-27T11:27:15.0601974Z [36;1mCOUNT=0[0m
job-core	Create database MongoDB	2026-02-27T11:27:15.0602296Z [36;1muntil git push origin refs/heads/main --force-with-lease; do[0m
job-core	Create database MongoDB	2026-02-27T11:27:15.0602684Z [36;1m  COUNT=$((COUNT+1))[0m
job-core	Create database MongoDB	2026-02-27T11:27:15.0603021Z [36;1m  if [ $COUNT -ge $MAX_RETRIES ]; then[0m
job-core	Create database MongoDB	2026-02-27T11:27:15.0603428Z [36;1m    echo "â Error: git push failed after $MAX_RETRIES attempts."[0m
job-core	Create database MongoDB	2026-02-27T11:27:15.0603810Z [36;1m    exit 1[0m
job-core	Create database MongoDB	2026-02-27T11:27:15.0604028Z [36;1m  fi[0m
job-core	Create database MongoDB	2026-02-27T11:27:15.0604330Z [36;1m  echo "â ï¸ git push failed, retrying ($COUNT/$MAX_RETRIES)..."[0m
job-core	Create database MongoDB	2026-02-27T11:27:15.0614953Z [36;1m  git pull[0m
job-core	Create database MongoDB	2026-02-27T11:27:15.0615181Z [36;1m  sleep 2[0m
job-core	Create database MongoDB	2026-02-27T11:27:15.0615392Z [36;1mdone[0m
job-core	Create database MongoDB	2026-02-27T11:27:15.0638268Z shell: /usr/bin/bash -e {0}
job-core	Create database MongoDB	2026-02-27T11:27:15.0638545Z env:
job-core	Create database MongoDB	2026-02-27T11:27:15.0638744Z   PYTHON_VERSION: 3.9
job-core	Create database MongoDB	2026-02-27T11:27:15.0639593Z   MONGO_SUPERUSER_CONNECTION: ***
job-core	Create database MongoDB	2026-02-27T11:27:15.0639995Z   MONGO_NEW_PASS: ***
job-core	Create database MongoDB	2026-02-27T11:27:15.0640339Z   MONGO_SCRIPT_CREATE: devops/core/mongo/scripts/add-doc-to-db.py
job-core	Create database MongoDB	2026-02-27T11:27:15.0640762Z   KAOS_CODE: 22484332651
job-core	Create database MongoDB	2026-02-27T11:27:15.0641035Z   KAOS_MODULE: [Ka0s] Autom add docs to MongoDB
job-core	Create database MongoDB	2026-02-27T11:27:15.0641385Z   REPORT_SCAN: audit/
job-core	Create database MongoDB	2026-02-27T11:27:15.0641703Z   REPORT_PATH: audit/mongodb/
job-core	Create database MongoDB	2026-02-27T11:27:15.0641991Z   REPORT_FILENAME: mongo_setup_22484332651.json
job-core	Create database MongoDB	2026-02-27T11:27:15.0642330Z   REPORT_FILENAME_LIST: mongo_list_22484332651.json
job-core	Create database MongoDB	2026-02-27T11:27:15.0642687Z   REPORT_FILENAME_DB: mongo_create_db_22484332651.json
job-core	Create database MongoDB	2026-02-27T11:27:15.0643002Z   GITHUB_OUTPUT: 
job-core	Create database MongoDB	2026-02-27T11:27:15.0643292Z   pythonLocation: /home/runner/_work/_tool/Python/3.9.25/x64
job-core	Create database MongoDB	2026-02-27T11:27:15.0643758Z   PKG_CONFIG_PATH: /home/runner/_work/_tool/Python/3.9.25/x64/lib/pkgconfig
job-core	Create database MongoDB	2026-02-27T11:27:15.0644225Z   Python_ROOT_DIR: /home/runner/_work/_tool/Python/3.9.25/x64
job-core	Create database MongoDB	2026-02-27T11:27:15.0645354Z   Python2_ROOT_DIR: /home/runner/_work/_tool/Python/3.9.25/x64
job-core	Create database MongoDB	2026-02-27T11:27:15.0645783Z   Python3_ROOT_DIR: /home/runner/_work/_tool/Python/3.9.25/x64
job-core	Create database MongoDB	2026-02-27T11:27:15.0646213Z   LD_LIBRARY_PATH: /home/runner/_work/_tool/Python/3.9.25/x64/lib
job-core	Create database MongoDB	2026-02-27T11:27:15.0646558Z ##[endgroup]
job-core	Create database MongoDB	2026-02-27T11:27:15.6806840Z [DEBUG] Procesamos el directorio: audit/
job-core	Create database MongoDB	2026-02-27T11:27:15.6809607Z [DEBUG] Procesamos el directorio: audit/
job-core	Create database MongoDB	2026-02-27T11:27:15.6842254Z [DEBUG] Comprobamos el nombre DB: kaos
job-core	Create database MongoDB	2026-02-27T11:27:15.6856552Z [DEBUG] Extensiones procesadas: {'md'}
job-core	Create database MongoDB	2026-02-27T11:27:15.6868433Z [DEBUG] Tipo de ext: <class 'str'>, Valor: md
job-core	Create database MongoDB	2026-02-27T11:27:15.6868999Z [DEBUG] Creando colecciÃ³n: col_md
job-core	Create database MongoDB	2026-02-27T11:27:15.6869304Z [DEBUG] Procesamos el directorio: audit/
job-core	Create database MongoDB	2026-02-27T11:27:15.6895490Z [DEBUG] Comprobamos el nombre DB: workflows
job-core	Create database MongoDB	2026-02-27T11:27:15.6896208Z [DEBUG] Extensiones procesadas: {'md'}
job-core	Create database MongoDB	2026-02-27T11:27:15.6896866Z [DEBUG] Tipo de ext: <class 'str'>, Valor: md
job-core	Create database MongoDB	2026-02-27T11:27:15.6899962Z [DEBUG] Creando colecciÃ³n: col_md
job-core	Create database MongoDB	2026-02-27T11:27:15.6905821Z [DEBUG] Procesamos el directorio: audit/
job-core	Create database MongoDB	2026-02-27T11:27:15.6913371Z [DEBUG] Comprobamos el nombre DB: inspector
job-core	Create database MongoDB	2026-02-27T11:27:15.6914099Z [DEBUG] Extensiones procesadas: {'log', 'md', 'json'}
job-core	Create database MongoDB	2026-02-27T11:27:15.6914735Z [DEBUG] Tipo de ext: <class 'str'>, Valor: log
job-core	Create database MongoDB	2026-02-27T11:27:15.6929687Z [DEBUG] Creando colecciÃ³n: col_log
job-core	Create database MongoDB	2026-02-27T11:27:15.6967332Z [DEBUG] Tipo de ext: <class 'str'>, Valor: md
job-core	Create database MongoDB	2026-02-27T11:27:15.6968062Z [DEBUG] Creando colecciÃ³n: col_md
job-core	Create database MongoDB	2026-02-27T11:27:15.6968398Z [DEBUG] Tipo de ext: <class 'str'>, Valor: json
job-core	Create database MongoDB	2026-02-27T11:27:15.6968804Z [DEBUG] Creando colecciÃ³n: col_json
job-core	Create database MongoDB	2026-02-27T11:27:15.6969113Z [DEBUG] Procesamos el directorio: audit/
job-core	Create database MongoDB	2026-02-27T11:27:15.6969480Z [DEBUG] Comprobamos el nombre DB: execution
job-core	Create database MongoDB	2026-02-27T11:27:15.6969830Z [DEBUG] Extensiones procesadas: {'md'}
job-core	Create database MongoDB	2026-02-27T11:27:15.6970186Z [DEBUG] Tipo de ext: <class 'str'>, Valor: md
job-core	Create database MongoDB	2026-02-27T11:27:15.6970548Z [DEBUG] Creando colecciÃ³n: col_md
job-core	Create database MongoDB	2026-02-27T11:27:15.6970884Z [DEBUG] Procesamos el directorio: audit/
job-core	Create database MongoDB	2026-02-27T11:27:15.6971202Z [DEBUG] Comprobamos el nombre DB: trash
job-core	Create database MongoDB	2026-02-27T11:27:15.6971522Z [DEBUG] Extensiones procesadas: {'md'}
job-core	Create database MongoDB	2026-02-27T11:27:15.6971900Z [DEBUG] Tipo de ext: <class 'str'>, Valor: md
job-core	Create database MongoDB	2026-02-27T11:27:15.6972300Z [DEBUG] Creando colecciÃ³n: col_md
job-core	Create database MongoDB	2026-02-27T11:27:15.6972676Z [DEBUG] Procesamos el directorio: audit/
job-core	Create database MongoDB	2026-02-27T11:27:15.6973016Z [DEBUG] Comprobamos el nombre DB: eresults
job-core	Create database MongoDB	2026-02-27T11:27:15.6973330Z [DEBUG] Extensiones procesadas: {'md'}
job-core	Create database MongoDB	2026-02-27T11:27:15.6973645Z [DEBUG] Tipo de ext: <class 'str'>, Valor: md
job-core	Create database MongoDB	2026-02-27T11:27:15.6974000Z [DEBUG] Creando colecciÃ³n: col_md
job-core	Create database MongoDB	2026-02-27T11:27:15.6974288Z [DEBUG] Procesamos el directorio: audit/
job-core	Create database MongoDB	2026-02-27T11:27:15.7029654Z [DEBUG] Comprobamos el nombre DB: scan
job-core	Create database MongoDB	2026-02-27T11:27:15.7030060Z [DEBUG] Extensiones procesadas: {'md'}
job-core	Create database MongoDB	2026-02-27T11:27:15.7030380Z [DEBUG] Tipo de ext: <class 'str'>, Valor: md
job-core	Create database MongoDB	2026-02-27T11:27:15.7030915Z [DEBUG] Creando colecciÃ³n: col_md
job-core	Create database MongoDB	2026-02-27T11:27:15.7031212Z [DEBUG] Procesamos el directorio: audit/
job-core	Create database MongoDB	2026-02-27T11:27:15.7031520Z [DEBUG] Comprobamos el nombre DB: deploy
job-core	Create database MongoDB	2026-02-27T11:27:15.7031826Z [DEBUG] Extensiones procesadas: {'md'}
job-core	Create database MongoDB	2026-02-27T11:27:15.7032137Z [DEBUG] Tipo de ext: <class 'str'>, Valor: md
job-core	Create database MongoDB	2026-02-27T11:27:15.7032498Z [DEBUG] Creando colecciÃ³n: col_md
job-core	Create database MongoDB	2026-02-27T11:27:15.7032805Z [DEBUG] Procesamos el directorio: audit/
job-core	Create database MongoDB	2026-02-27T11:27:15.7033105Z [DEBUG] Comprobamos el nombre DB: kube
job-core	Create database MongoDB	2026-02-27T11:27:15.7033441Z [DEBUG] Extensiones procesadas: {'md', 'json', 'html'}
job-core	Create database MongoDB	2026-02-27T11:27:15.7033798Z [DEBUG] Tipo de ext: <class 'str'>, Valor: md
job-core	Create database MongoDB	2026-02-27T11:27:15.7034161Z [DEBUG] Creando colecciÃ³n: col_md
job-core	Create database MongoDB	2026-02-27T11:27:15.7034460Z [DEBUG] Tipo de ext: <class 'str'>, Valor: json
job-core	Create database MongoDB	2026-02-27T11:27:15.7135517Z [DEBUG] Creando colecciÃ³n: col_json
job-core	Create database MongoDB	2026-02-27T11:27:15.7135907Z [DEBUG] Tipo de ext: <class 'str'>, Valor: html
job-core	Create database MongoDB	2026-02-27T11:27:15.7136283Z [DEBUG] Creando colecciÃ³n: col_html
job-core	Create database MongoDB	2026-02-27T11:27:15.7137112Z [DEBUG] Procesamos el directorio: audit/
job-core	Create database MongoDB	2026-02-27T11:27:15.7137420Z [DEBUG] Comprobamos el nombre DB: sync
job-core	Create database MongoDB	2026-02-27T11:27:15.7137737Z [DEBUG] Extensiones procesadas: {'md', 'json'}
job-core	Create database MongoDB	2026-02-27T11:27:15.7138073Z [DEBUG] Tipo de ext: <class 'str'>, Valor: md
job-core	Create database MongoDB	2026-02-27T11:27:15.7138441Z [DEBUG] Creando colecciÃ³n: col_md
job-core	Create database MongoDB	2026-02-27T11:27:15.7138779Z [DEBUG] Tipo de ext: <class 'str'>, Valor: json
job-core	Create database MongoDB	2026-02-27T11:27:15.7139150Z [DEBUG] Creando colecciÃ³n: col_json
job-core	Create database MongoDB	2026-02-27T11:27:15.7139472Z [DEBUG] Procesamos el directorio: audit/
job-core	Create database MongoDB	2026-02-27T11:27:15.7396790Z [DEBUG] Comprobamos el nombre DB: issues
job-core	Create database MongoDB	2026-02-27T11:27:15.7397309Z [DEBUG] Extensiones procesadas: {'md'}
job-core	Create database MongoDB	2026-02-27T11:27:15.7397650Z [DEBUG] Tipo de ext: <class 'str'>, Valor: md
job-core	Create database MongoDB	2026-02-27T11:27:15.7398229Z [DEBUG] Creando colecciÃ³n: col_md
job-core	Create database MongoDB	2026-02-27T11:27:15.7398627Z [DEBUG] Procesamos el directorio: audit/
job-core	Create database MongoDB	2026-02-27T11:27:15.7399011Z [DEBUG] Comprobamos el nombre DB: jsonlint
job-core	Create database MongoDB	2026-02-27T11:27:15.7399396Z [DEBUG] Extensiones procesadas: {'md'}
job-core	Create database MongoDB	2026-02-27T11:27:15.7399830Z [DEBUG] Tipo de ext: <class 'str'>, Valor: md
job-core	Create database MongoDB	2026-02-27T11:27:15.7400263Z [DEBUG] Creando colecciÃ³n: col_md
job-core	Create database MongoDB	2026-02-27T11:27:15.7400557Z [DEBUG] Procesamos el directorio: audit/
job-core	Create database MongoDB	2026-02-27T11:27:15.7400865Z [DEBUG] Comprobamos el nombre DB: yamllint
job-core	Create database MongoDB	2026-02-27T11:27:15.7401179Z [DEBUG] Extensiones procesadas: {'md'}
job-core	Create database MongoDB	2026-02-27T11:27:15.7401937Z [DEBUG] Tipo de ext: <class 'str'>, Valor: md
job-core	Create database MongoDB	2026-02-27T11:27:15.7402306Z [DEBUG] Creando colecciÃ³n: col_md
job-core	Create database MongoDB	2026-02-27T11:27:15.7402593Z [DEBUG] Procesamos el directorio: audit/
job-core	Create database MongoDB	2026-02-27T11:27:15.7402899Z [DEBUG] Comprobamos el nombre DB: itop
job-core	Create database MongoDB	2026-02-27T11:27:15.7403197Z [DEBUG] Extensiones procesadas: {'md'}
job-core	Create database MongoDB	2026-02-27T11:27:15.7403503Z [DEBUG] Tipo de ext: <class 'str'>, Valor: md
job-core	Create database MongoDB	2026-02-27T11:27:15.7403853Z [DEBUG] Creando colecciÃ³n: col_md
job-core	Create database MongoDB	2026-02-27T11:27:15.7404139Z [DEBUG] Procesamos el directorio: audit/
job-core	Create database MongoDB	2026-02-27T11:27:15.7404444Z [DEBUG] Comprobamos el nombre DB: mongodb
job-core	Create database MongoDB	2026-02-27T11:27:15.7510068Z [DEBUG] Extensiones procesadas: {'md', 'json'}
job-core	Create database MongoDB	2026-02-27T11:27:15.7510484Z [DEBUG] Tipo de ext: <class 'str'>, Valor: md
job-core	Create database MongoDB	2026-02-27T11:27:15.7511007Z [DEBUG] Creando colecciÃ³n: col_md
job-core	Create database MongoDB	2026-02-27T11:27:15.7511321Z [DEBUG] Tipo de ext: <class 'str'>, Valor: json
job-core	Create database MongoDB	2026-02-27T11:27:15.7511689Z [DEBUG] Creando colecciÃ³n: col_json
job-core	Create database MongoDB	2026-02-27T11:27:15.7511990Z [DEBUG] Procesamos el directorio: audit/
job-core	Create database MongoDB	2026-02-27T11:27:15.7512323Z [DEBUG] Comprobamos el nombre DB: cmdb
job-core	Create database MongoDB	2026-02-27T11:27:15.7512620Z [DEBUG] Extensiones procesadas: {'md'}
job-core	Create database MongoDB	2026-02-27T11:27:15.7512932Z [DEBUG] Tipo de ext: <class 'str'>, Valor: md
job-core	Create database MongoDB	2026-02-27T11:27:15.7513286Z [DEBUG] Creando colecciÃ³n: col_md
job-core	Create database MongoDB	2026-02-27T11:27:15.7513575Z [DEBUG] Procesamos el directorio: audit/
job-core	Create database MongoDB	2026-02-27T11:27:15.7513880Z [DEBUG] Comprobamos el nombre DB: hosts
job-core	Create database MongoDB	2026-02-27T11:27:15.7514189Z [DEBUG] Extensiones procesadas: {'md'}
job-core	Create database MongoDB	2026-02-27T11:27:15.7565063Z [DEBUG] Tipo de ext: <class 'str'>, Valor: md
job-core	Create database MongoDB	2026-02-27T11:27:15.7565866Z [DEBUG] Creando colecciÃ³n: col_md
job-core	Create database MongoDB	2026-02-27T11:27:15.7566205Z [DEBUG] Procesamos el directorio: audit/
job-core	Create database MongoDB	2026-02-27T11:27:15.7566521Z [DEBUG] Comprobamos el nombre DB: mdlint
job-core	Create database MongoDB	2026-02-27T11:27:15.7566825Z [DEBUG] Extensiones procesadas: {'md'}
job-core	Create database MongoDB	2026-02-27T11:27:15.7567138Z [DEBUG] Tipo de ext: <class 'str'>, Valor: md
job-core	Create database MongoDB	2026-02-27T11:27:15.7567499Z [DEBUG] Creando colecciÃ³n: col_md
job-core	Create database MongoDB	2026-02-27T11:27:15.7567793Z [DEBUG] Archivos eliminados en: audit/
job-core	Create database MongoDB	2026-02-27T11:27:15.7568177Z â Proceso completado: 27 documentos insertados
job-core	Create database MongoDB	2026-02-27T11:27:15.8627672Z Downloading files to MongoDB update repository ...
job-core	Create database MongoDB	2026-02-27T11:27:16.7757300Z From https://github.com/Ka0s-Klaus/ka0s
job-core	Create database MongoDB	2026-02-27T11:27:16.7759195Z    42681c1ef..3003a19e9  main       -> origin/main
job-core	Create database MongoDB	2026-02-27T11:27:16.9352040Z Updating 42681c1ef..3003a19e9
job-core	Create database MongoDB	2026-02-27T11:27:16.9355461Z Fast-forward
job-core	Create database MongoDB	2026-02-27T11:27:16.9404209Z  audit/kube/cluster-dashboard-20260227-112604.html | 295 ++++++++++++++++++++++
job-core	Create database MongoDB	2026-02-27T11:27:16.9405136Z  audit/kube/cluster-dashboard-20260227-112640.html | 295 ++++++++++++++++++++++
job-core	Create database MongoDB	2026-02-27T11:27:16.9406116Z  audit/kube/cluster-report-20260227-112604.json    | 241 ++++++++++++++++++
job-core	Create database MongoDB	2026-02-27T11:27:16.9406628Z  audit/kube/cluster-report-20260227-112604.md      |  65 +++++
job-core	Create database MongoDB	2026-02-27T11:27:16.9407136Z  audit/kube/cluster-report-20260227-112640.json    | 241 ++++++++++++++++++
job-core	Create database MongoDB	2026-02-27T11:27:16.9407647Z  audit/kube/cluster-report-20260227-112640.md      |  64 +++++
job-core	Create database MongoDB	2026-02-27T11:27:16.9408059Z  6 files changed, 1201 insertions(+)
job-core	Create database MongoDB	2026-02-27T11:27:16.9408487Z  create mode 100755 audit/kube/cluster-dashboard-20260227-112604.html
job-core	Create database MongoDB	2026-02-27T11:27:16.9409009Z  create mode 100755 audit/kube/cluster-dashboard-20260227-112640.html
job-core	Create database MongoDB	2026-02-27T11:27:16.9409499Z  create mode 100755 audit/kube/cluster-report-20260227-112604.json
job-core	Create database MongoDB	2026-02-27T11:27:16.9410009Z  create mode 100755 audit/kube/cluster-report-20260227-112604.md
job-core	Create database MongoDB	2026-02-27T11:27:16.9410528Z  create mode 100755 audit/kube/cluster-report-20260227-112640.json
job-core	Create database MongoDB	2026-02-27T11:27:16.9411011Z  create mode 100755 audit/kube/cluster-report-20260227-112640.md
job-core	Create database MongoDB	2026-02-27T11:27:16.9417673Z [Ka0s] Uploading files to MongoDB update repository ...
job-core	Create database MongoDB	2026-02-27T11:27:16.9788478Z [main 724dd3a96] [Ka0S] Uploading Autom add docs to MongoDB...
job-core	Create database MongoDB	2026-02-27T11:27:16.9802319Z  76 files changed, 55722 deletions(-)
job-core	Create database MongoDB	2026-02-27T11:27:16.9802991Z  delete mode 100644 audit/inspector/22482489783.json
job-core	Create database MongoDB	2026-02-27T11:27:16.9804057Z  delete mode 100644 audit/inspector/22482489783.log
job-core	Create database MongoDB	2026-02-27T11:27:16.9804698Z  delete mode 100644 audit/inspector/22482548319.json
job-core	Create database MongoDB	2026-02-27T11:27:16.9805188Z  delete mode 100644 audit/inspector/22482548319.log
job-core	Create database MongoDB	2026-02-27T11:27:16.9805665Z  delete mode 100644 audit/inspector/22482569433.json
job-core	Create database MongoDB	2026-02-27T11:27:16.9806143Z  delete mode 100644 audit/inspector/22482569433.log
job-core	Create database MongoDB	2026-02-27T11:27:16.9806616Z  delete mode 100644 audit/inspector/22482595179.json
job-core	Create database MongoDB	2026-02-27T11:27:16.9808446Z  delete mode 100644 audit/inspector/22482595179.log
job-core	Create database MongoDB	2026-02-27T11:27:16.9808811Z  delete mode 100644 audit/inspector/22483279383.json
job-core	Create database MongoDB	2026-02-27T11:27:16.9809180Z  delete mode 100644 audit/inspector/22483279383.log
job-core	Create database MongoDB	2026-02-27T11:27:16.9809534Z  delete mode 100644 audit/inspector/22483636371.json
job-core	Create database MongoDB	2026-02-27T11:27:16.9809885Z  delete mode 100644 audit/inspector/22483636371.log
job-core	Create database MongoDB	2026-02-27T11:27:16.9810231Z  delete mode 100644 audit/inspector/22483858164.json
job-core	Create database MongoDB	2026-02-27T11:27:16.9810581Z  delete mode 100644 audit/inspector/22483858164.log
job-core	Create database MongoDB	2026-02-27T11:27:16.9810940Z  delete mode 100644 audit/inspector/22483976208.json
job-core	Create database MongoDB	2026-02-27T11:27:16.9811289Z  delete mode 100644 audit/inspector/22483976208.log
job-core	Create database MongoDB	2026-02-27T11:27:16.9811639Z  delete mode 100644 audit/inspector/22483985619.json
job-core	Create database MongoDB	2026-02-27T11:27:16.9811989Z  delete mode 100644 audit/inspector/22483985619.log
job-core	Create database MongoDB	2026-02-27T11:27:16.9812412Z  delete mode 100755 audit/kube/cluster-dashboard-20260226-232149.html
job-core	Create database MongoDB	2026-02-27T11:27:16.9812908Z  delete mode 100755 audit/kube/cluster-dashboard-20260226-232229.html
job-core	Create database MongoDB	2026-02-27T11:27:16.9813413Z  delete mode 100755 audit/kube/cluster-dashboard-20260227-010752.html
job-core	Create database MongoDB	2026-02-27T11:27:16.9813913Z  delete mode 100755 audit/kube/cluster-dashboard-20260227-011718.html
job-core	Create database MongoDB	2026-02-27T11:27:16.9814410Z  delete mode 100755 audit/kube/cluster-dashboard-20260227-040426.html
job-core	Create database MongoDB	2026-02-27T11:27:16.9819731Z  delete mode 100755 audit/kube/cluster-dashboard-20260227-040602.html
job-core	Create database MongoDB	2026-02-27T11:27:16.9820245Z  delete mode 100755 audit/kube/cluster-dashboard-20260227-054504.html
job-core	Create database MongoDB	2026-02-27T11:27:16.9820750Z  delete mode 100755 audit/kube/cluster-dashboard-20260227-054531.html
job-core	Create database MongoDB	2026-02-27T11:27:16.9821244Z  delete mode 100755 audit/kube/cluster-dashboard-20260227-064030.html
job-core	Create database MongoDB	2026-02-27T11:27:16.9821731Z  delete mode 100755 audit/kube/cluster-dashboard-20260227-064222.html
job-core	Create database MongoDB	2026-02-27T11:27:16.9822223Z  delete mode 100755 audit/kube/cluster-dashboard-20260227-074040.html
job-core	Create database MongoDB	2026-02-27T11:27:16.9822714Z  delete mode 100755 audit/kube/cluster-dashboard-20260227-074047.html
job-core	Create database MongoDB	2026-02-27T11:27:16.9823209Z  delete mode 100755 audit/kube/cluster-dashboard-20260227-083141.html
job-core	Create database MongoDB	2026-02-27T11:27:16.9823700Z  delete mode 100755 audit/kube/cluster-dashboard-20260227-083239.html
job-core	Create database MongoDB	2026-02-27T11:27:16.9844801Z  delete mode 100755 audit/kube/cluster-dashboard-20260227-093210.html
job-core	Create database MongoDB	2026-02-27T11:27:16.9845604Z  delete mode 100755 audit/kube/cluster-dashboard-20260227-093335.html
job-core	Create database MongoDB	2026-02-27T11:27:16.9846116Z  delete mode 100755 audit/kube/cluster-dashboard-20260227-102959.html
job-core	Create database MongoDB	2026-02-27T11:27:16.9846631Z  delete mode 100755 audit/kube/cluster-dashboard-20260227-103050.html
job-core	Create database MongoDB	2026-02-27T11:27:16.9847131Z  delete mode 100755 audit/kube/cluster-report-20260226-232149.json
job-core	Create database MongoDB	2026-02-27T11:27:16.9847604Z  delete mode 100755 audit/kube/cluster-report-20260226-232149.md
job-core	Create database MongoDB	2026-02-27T11:27:16.9848077Z  delete mode 100755 audit/kube/cluster-report-20260226-232229.json
job-core	Create database MongoDB	2026-02-27T11:27:16.9848548Z  delete mode 100755 audit/kube/cluster-report-20260226-232229.md
job-core	Create database MongoDB	2026-02-27T11:27:16.9849020Z  delete mode 100755 audit/kube/cluster-report-20260227-010752.json
job-core	Create database MongoDB	2026-02-27T11:27:16.9849489Z  delete mode 100755 audit/kube/cluster-report-20260227-010752.md
job-core	Create database MongoDB	2026-02-27T11:27:16.9849964Z  delete mode 100755 audit/kube/cluster-report-20260227-011718.json
job-core	Create database MongoDB	2026-02-27T11:27:16.9850422Z  delete mode 100755 audit/kube/cluster-report-20260227-011718.md
job-core	Create database MongoDB	2026-02-27T11:27:16.9850889Z  delete mode 100755 audit/kube/cluster-report-20260227-040426.json
job-core	Create database MongoDB	2026-02-27T11:27:16.9851355Z  delete mode 100755 audit/kube/cluster-report-20260227-040426.md
job-core	Create database MongoDB	2026-02-27T11:27:16.9852223Z  delete mode 100755 audit/kube/cluster-report-20260227-040602.json
job-core	Create database MongoDB	2026-02-27T11:27:16.9852688Z  delete mode 100755 audit/kube/cluster-report-20260227-040602.md
job-core	Create database MongoDB	2026-02-27T11:27:16.9853150Z  delete mode 100755 audit/kube/cluster-report-20260227-054504.json
job-core	Create database MongoDB	2026-02-27T11:27:16.9853613Z  delete mode 100755 audit/kube/cluster-report-20260227-054504.md
job-core	Create database MongoDB	2026-02-27T11:27:16.9854082Z  delete mode 100755 audit/kube/cluster-report-20260227-054531.json
job-core	Create database MongoDB	2026-02-27T11:27:16.9875005Z  delete mode 100755 audit/kube/cluster-report-20260227-054531.md
job-core	Create database MongoDB	2026-02-27T11:27:16.9875721Z  delete mode 100755 audit/kube/cluster-report-20260227-064030.json
job-core	Create database MongoDB	2026-02-27T11:27:16.9907286Z  delete mode 100755 audit/kube/cluster-report-20260227-064030.md
job-core	Create database MongoDB	2026-02-27T11:27:16.9908072Z  delete mode 100755 audit/kube/cluster-report-20260227-064222.json
job-core	Create database MongoDB	2026-02-27T11:27:16.9908551Z  delete mode 100755 audit/kube/cluster-report-20260227-064222.md
job-core	Create database MongoDB	2026-02-27T11:27:16.9909023Z  delete mode 100755 audit/kube/cluster-report-20260227-074040.json
job-core	Create database MongoDB	2026-02-27T11:27:16.9909511Z  delete mode 100755 audit/kube/cluster-report-20260227-074040.md
job-core	Create database MongoDB	2026-02-27T11:27:16.9909972Z  delete mode 100755 audit/kube/cluster-report-20260227-074047.json
job-core	Create database MongoDB	2026-02-27T11:27:16.9910433Z  delete mode 100755 audit/kube/cluster-report-20260227-074047.md
job-core	Create database MongoDB	2026-02-27T11:27:16.9910893Z  delete mode 100755 audit/kube/cluster-report-20260227-083141.json
job-core	Create database MongoDB	2026-02-27T11:27:16.9944972Z  delete mode 100755 audit/kube/cluster-report-20260227-083141.md
job-core	Create database MongoDB	2026-02-27T11:27:16.9945718Z  delete mode 100755 audit/kube/cluster-report-20260227-083239.json
job-core	Create database MongoDB	2026-02-27T11:27:16.9946195Z  delete mode 100755 audit/kube/cluster-report-20260227-083239.md
job-core	Create database MongoDB	2026-02-27T11:27:16.9946691Z  delete mode 100755 audit/kube/cluster-report-20260227-093210.json
job-core	Create database MongoDB	2026-02-27T11:27:16.9947160Z  delete mode 100755 audit/kube/cluster-report-20260227-093210.md
job-core	Create database MongoDB	2026-02-27T11:27:16.9947622Z  delete mode 100755 audit/kube/cluster-report-20260227-093335.json
job-core	Create database MongoDB	2026-02-27T11:27:16.9948085Z  delete mode 100755 audit/kube/cluster-report-20260227-093335.md
job-core	Create database MongoDB	2026-02-27T11:27:16.9948564Z  delete mode 100755 audit/kube/cluster-report-20260227-102959.json
job-core	Create database MongoDB	2026-02-27T11:27:16.9949029Z  delete mode 100755 audit/kube/cluster-report-20260227-102959.md
job-core	Create database MongoDB	2026-02-27T11:27:16.9949518Z  delete mode 100755 audit/kube/cluster-report-20260227-103050.json
job-core	Create database MongoDB	2026-02-27T11:27:16.9950009Z  delete mode 100755 audit/kube/cluster-report-20260227-103050.md
job-core	Create database MongoDB	2026-02-27T11:27:16.9950465Z  delete mode 100755 audit/kube/failed_pods.json
job-core	Create database MongoDB	2026-02-27T11:27:16.9950826Z  delete mode 100644 audit/mongodb/22483279383.json
job-core	Create database MongoDB	2026-02-27T11:27:16.9951230Z  delete mode 100644 audit/sync/20260227_111514_I-000561_4226.json
job-core	Create database MongoDB	2026-02-27T11:27:16.9952165Z  delete mode 100644 audit/sync/20260227_111530_I-000561_4226.json
job-core	Create database MongoDB	2026-02-27T11:27:17.9097668Z To https://github.com/Ka0s-Klaus/ka0s
job-core	Create database MongoDB	2026-02-27T11:27:17.9100245Z    3003a19e9..724dd3a96  main -> main
job-core	Upload report	ï»¿2026-02-27T11:27:17.9684090Z ##[group]Run actions/upload-artifact@v4
job-core	Upload report	2026-02-27T11:27:17.9696141Z with:
job-core	Upload report	2026-02-27T11:27:17.9696421Z   name: mongo-setup-report
job-core	Upload report	2026-02-27T11:27:17.9696691Z   path: audit/mongodb/
job-core	Upload report	2026-02-27T11:27:17.9696926Z   if-no-files-found: warn
job-core	Upload report	2026-02-27T11:27:17.9697175Z   compression-level: 6
job-core	Upload report	2026-02-27T11:27:17.9697405Z   overwrite: false
job-core	Upload report	2026-02-27T11:27:17.9697633Z   include-hidden-files: false
job-core	Upload report	2026-02-27T11:27:17.9697874Z env:
job-core	Upload report	2026-02-27T11:27:17.9698061Z   PYTHON_VERSION: 3.9
job-core	Upload report	2026-02-27T11:27:17.9698917Z   MONGO_SUPERUSER_CONNECTION: ***
job-core	Upload report	2026-02-27T11:27:17.9699316Z   MONGO_NEW_PASS: ***
job-core	Upload report	2026-02-27T11:27:17.9699638Z   MONGO_SCRIPT_CREATE: devops/core/mongo/scripts/add-doc-to-db.py
job-core	Upload report	2026-02-27T11:27:17.9700029Z   KAOS_CODE: 22484332651
job-core	Upload report	2026-02-27T11:27:17.9700314Z   KAOS_MODULE: [Ka0s] Autom add docs to MongoDB
job-core	Upload report	2026-02-27T11:27:17.9700614Z   REPORT_SCAN: audit/
job-core	Upload report	2026-02-27T11:27:17.9700845Z   REPORT_PATH: audit/mongodb/
job-core	Upload report	2026-02-27T11:27:17.9701128Z   REPORT_FILENAME: mongo_setup_22484332651.json
job-core	Upload report	2026-02-27T11:27:17.9701526Z   REPORT_FILENAME_LIST: mongo_list_22484332651.json
job-core	Upload report	2026-02-27T11:27:17.9701885Z   REPORT_FILENAME_DB: mongo_create_db_22484332651.json
job-core	Upload report	2026-02-27T11:27:17.9702207Z   GITHUB_OUTPUT: 
job-core	Upload report	2026-02-27T11:27:17.9702504Z   pythonLocation: /home/runner/_work/_tool/Python/3.9.25/x64
job-core	Upload report	2026-02-27T11:27:17.9702971Z   PKG_CONFIG_PATH: /home/runner/_work/_tool/Python/3.9.25/x64/lib/pkgconfig
job-core	Upload report	2026-02-27T11:27:17.9703452Z   Python_ROOT_DIR: /home/runner/_work/_tool/Python/3.9.25/x64
job-core	Upload report	2026-02-27T11:27:17.9703884Z   Python2_ROOT_DIR: /home/runner/_work/_tool/Python/3.9.25/x64
job-core	Upload report	2026-02-27T11:27:17.9704311Z   Python3_ROOT_DIR: /home/runner/_work/_tool/Python/3.9.25/x64
job-core	Upload report	2026-02-27T11:27:17.9729945Z   LD_LIBRARY_PATH: /home/runner/_work/_tool/Python/3.9.25/x64/lib
job-core	Upload report	2026-02-27T11:27:17.9730421Z ##[endgroup]
job-core	Upload report	2026-02-27T11:27:18.7268828Z With the provided path, there will be 1 file uploaded
job-core	Upload report	2026-02-27T11:27:18.7353461Z Artifact name is valid!
job-core	Upload report	2026-02-27T11:27:18.7360943Z Root directory input is valid!
job-core	Upload report	2026-02-27T11:27:19.1367003Z Beginning upload of artifact content to blob storage
job-core	Upload report	2026-02-27T11:27:19.5725580Z Uploaded bytes 165
job-core	Upload report	2026-02-27T11:27:19.7112437Z Finished uploading artifact content to blob storage!
job-core	Upload report	2026-02-27T11:27:19.7141694Z SHA256 digest of uploaded artifact zip is 04088642c8f4f2fdc0d781083f7608bf5337618407a3462919e66fc288a8841f
job-core	Upload report	2026-02-27T11:27:19.7149336Z Finalizing artifact upload
job-core	Upload report	2026-02-27T11:27:19.9186228Z Artifact mongo-setup-report.zip successfully finalized. Artifact ID 5689159363
job-core	Upload report	2026-02-27T11:27:19.9187805Z Artifact mongo-setup-report has been successfully uploaded! Final size is 165 bytes. Artifact ID is 5689159363
job-core	Upload report	2026-02-27T11:27:19.9235740Z Artifact download URL: https://github.com/Ka0s-Klaus/ka0s/actions/runs/22484332651/artifacts/5689159363
job-core	Post Set up Python	ï»¿2026-02-27T11:27:20.0014291Z Post job cleanup.
job-core	Post Checkout code	ï»¿2026-02-27T11:27:20.5591142Z Post job cleanup.
job-core	Post Checkout code	2026-02-27T11:27:21.0355671Z [command]/usr/bin/git version
job-core	Post Checkout code	2026-02-27T11:27:21.0555343Z git version 2.53.0
job-core	Post Checkout code	2026-02-27T11:27:21.0699371Z Copying '/home/runner/.gitconfig' to '/home/runner/_work/_temp/55dee473-1561-4519-9141-94e8d55bac7a/.gitconfig'
job-core	Post Checkout code	2026-02-27T11:27:21.0827332Z Temporarily overriding HOME='/home/runner/_work/_temp/55dee473-1561-4519-9141-94e8d55bac7a' before making global git config changes
job-core	Post Checkout code	2026-02-27T11:27:21.0835587Z Adding repository directory to the temporary git global config as a safe directory
job-core	Post Checkout code	2026-02-27T11:27:21.0841176Z [command]/usr/bin/git config --global --add safe.directory /home/runner/_work/ka0s/ka0s
job-core	Post Checkout code	2026-02-27T11:27:21.0965439Z [command]/usr/bin/git config --local --name-only --get-regexp core\.sshCommand
job-core	Post Checkout code	2026-02-27T11:27:21.1271756Z [command]/usr/bin/git submodule foreach --recursive sh -c "git config --local --name-only --get-regexp 'core\.sshCommand' && git config --local --unset-all 'core.sshCommand' || :"
job-core	Post Checkout code	2026-02-27T11:27:21.2087018Z [command]/usr/bin/git config --local --name-only --get-regexp http\.https\:\/\/github\.com\/\.extraheader
job-core	Post Checkout code	2026-02-27T11:27:21.2152320Z http.https://github.com/.extraheader
job-core	Post Checkout code	2026-02-27T11:27:21.2206440Z [command]/usr/bin/git config --local --unset-all http.https://github.com/.extraheader
job-core	Post Checkout code	2026-02-27T11:27:21.2356556Z [command]/usr/bin/git submodule foreach --recursive sh -c "git config --local --name-only --get-regexp 'http\.https\:\/\/github\.com\/\.extraheader' && git config --local --unset-all 'http.https://github.com/.extraheader' || :"
job-core	Post Checkout code	2026-02-27T11:27:21.3155245Z [command]/usr/bin/git config --local --name-only --get-regexp ^includeIf\.gitdir:
job-core	Post Checkout code	2026-02-27T11:27:21.3237019Z [command]/usr/bin/git submodule foreach --recursive git config --local --show-origin --name-only --get-regexp remote.origin.url
job-core	Complete job	ï»¿2026-02-27T11:27:21.4428722Z Cleaning up orphan processes
handle-success	Set up job	ï»¿2026-02-27T11:27:37.9353023Z Current runner version: '2.332.0'
handle-success	Set up job	2026-02-27T11:27:37.9372283Z Runner name: 'swarm-runners-scaleset-hkss5-runner-f7tkf'
handle-success	Set up job	2026-02-27T11:27:37.9374282Z Runner group name: 'Default'
handle-success	Set up job	2026-02-27T11:27:37.9375678Z Machine name: 'swarm-runners-scaleset-hkss5-runner-f7tkf'
handle-success	Set up job	2026-02-27T11:27:37.9384072Z ##[group]GITHUB_TOKEN Permissions
handle-success	Set up job	2026-02-27T11:27:37.9390014Z Actions: write
handle-success	Set up job	2026-02-27T11:27:37.9390788Z Contents: write
handle-success	Set up job	2026-02-27T11:27:37.9391576Z Issues: write
handle-success	Set up job	2026-02-27T11:27:37.9392391Z Metadata: read
handle-success	Set up job	2026-02-27T11:27:37.9393075Z PullRequests: write
handle-success	Set up job	2026-02-27T11:27:37.9393879Z ##[endgroup]
handle-success	Set up job	2026-02-27T11:27:37.9396975Z Secret source: Actions
handle-success	Set up job	2026-02-27T11:27:37.9398658Z Prepare workflow directory
handle-success	Set up job	2026-02-27T11:27:38.0485913Z Prepare all required actions
handle-success	Set up job	2026-02-27T11:27:38.0554787Z Getting action download info
handle-success	Set up job	2026-02-27T11:27:38.7273647Z Download action repository 'actions/checkout@v4' (SHA:34e114876b0b11c390a56381ad16ebd13914f8d5)
handle-success	Set up job	2026-02-27T11:27:39.8264858Z Complete job name: handle-success
handle-success	Checkout code	ï»¿2026-02-27T11:27:39.9601260Z ##[group]Run actions/checkout@v4
handle-success	Checkout code	2026-02-27T11:27:39.9602625Z with:
handle-success	Checkout code	2026-02-27T11:27:39.9603263Z   fetch-depth: 0
handle-success	Checkout code	2026-02-27T11:27:39.9603916Z   repository: Ka0s-Klaus/ka0s
handle-success	Checkout code	2026-02-27T11:27:39.9604950Z   token: ***
handle-success	Checkout code	2026-02-27T11:27:39.9605561Z   ssh-strict: true
handle-success	Checkout code	2026-02-27T11:27:39.9606179Z   ssh-user: git
handle-success	Checkout code	2026-02-27T11:27:39.9607090Z   persist-credentials: true
handle-success	Checkout code	2026-02-27T11:27:39.9609071Z   clean: true
handle-success	Checkout code	2026-02-27T11:27:39.9612259Z   sparse-checkout-cone-mode: true
handle-success	Checkout code	2026-02-27T11:27:39.9613508Z   fetch-tags: false
handle-success	Checkout code	2026-02-27T11:27:39.9614151Z   show-progress: true
handle-success	Checkout code	2026-02-27T11:27:39.9614794Z   lfs: false
handle-success	Checkout code	2026-02-27T11:27:39.9615392Z   submodules: false
handle-success	Checkout code	2026-02-27T11:27:39.9616065Z   set-safe-directory: true
handle-success	Checkout code	2026-02-27T11:27:39.9617326Z env:
handle-success	Checkout code	2026-02-27T11:27:39.9618634Z   PYTHON_VERSION: 3.9
handle-success	Checkout code	2026-02-27T11:27:39.9620949Z   MONGO_SUPERUSER_CONNECTION: ***
handle-success	Checkout code	2026-02-27T11:27:39.9622050Z   MONGO_NEW_PASS: ***
handle-success	Checkout code	2026-02-27T11:27:39.9622969Z   MONGO_SCRIPT_CREATE: devops/core/mongo/scripts/add-doc-to-db.py
handle-success	Checkout code	2026-02-27T11:27:39.9624112Z   KAOS_CODE: 22484332651
handle-success	Checkout code	2026-02-27T11:27:39.9624895Z   KAOS_MODULE: [Ka0s] Autom add docs to MongoDB
handle-success	Checkout code	2026-02-27T11:27:39.9625792Z   REPORT_SCAN: audit/
handle-success	Checkout code	2026-02-27T11:27:39.9626902Z   REPORT_PATH: audit/mongodb/
handle-success	Checkout code	2026-02-27T11:27:39.9629817Z   REPORT_FILENAME: mongo_setup_22484332651.json
handle-success	Checkout code	2026-02-27T11:27:39.9634642Z   REPORT_FILENAME_LIST: mongo_list_22484332651.json
handle-success	Checkout code	2026-02-27T11:27:39.9639735Z   REPORT_FILENAME_DB: mongo_create_db_22484332651.json
handle-success	Checkout code	2026-02-27T11:27:39.9644213Z ##[endgroup]
handle-success	Checkout code	2026-02-27T11:27:40.2001117Z Syncing repository: Ka0s-Klaus/ka0s
handle-success	Checkout code	2026-02-27T11:27:40.2005015Z ##[group]Getting Git version info
handle-success	Checkout code	2026-02-27T11:27:40.2006620Z Working directory is '/home/runner/_work/ka0s/ka0s'
handle-success	Checkout code	2026-02-27T11:27:40.2009148Z [command]/usr/bin/git version
handle-success	Checkout code	2026-02-27T11:27:40.2010445Z git version 2.53.0
handle-success	Checkout code	2026-02-27T11:27:40.2047428Z ##[endgroup]
handle-success	Checkout code	2026-02-27T11:27:40.2075794Z Temporarily overriding HOME='/home/runner/_work/_temp/8fa7defb-8cf9-4e4a-ad8b-2c407ed96ec1' before making global git config changes
handle-success	Checkout code	2026-02-27T11:27:40.2083768Z Adding repository directory to the temporary git global config as a safe directory
handle-success	Checkout code	2026-02-27T11:27:40.2089029Z [command]/usr/bin/git config --global --add safe.directory /home/runner/_work/ka0s/ka0s
handle-success	Checkout code	2026-02-27T11:27:40.2157174Z Deleting the contents of '/home/runner/_work/ka0s/ka0s'
handle-success	Checkout code	2026-02-27T11:27:40.2164705Z ##[group]Initializing the repository
handle-success	Checkout code	2026-02-27T11:27:40.2171306Z [command]/usr/bin/git init /home/runner/_work/ka0s/ka0s
handle-success	Checkout code	2026-02-27T11:27:40.2245970Z hint: Using 'master' as the name for the initial branch. This default branch name
handle-success	Checkout code	2026-02-27T11:27:40.2249023Z hint: will change to "main" in Git 3.0. To configure the initial branch name
handle-success	Checkout code	2026-02-27T11:27:40.2251218Z hint: to use in all of your new repositories, which will suppress this warning,
handle-success	Checkout code	2026-02-27T11:27:40.2253142Z hint: call:
handle-success	Checkout code	2026-02-27T11:27:40.2254050Z hint:
handle-success	Checkout code	2026-02-27T11:27:40.2255277Z hint: 	git config --global init.defaultBranch <name>
handle-success	Checkout code	2026-02-27T11:27:40.2256985Z hint:
handle-success	Checkout code	2026-02-27T11:27:40.2259653Z hint: Names commonly chosen instead of 'master' are 'main', 'trunk' and
handle-success	Checkout code	2026-02-27T11:27:40.2261886Z hint: 'development'. The just-created branch can be renamed via this command:
handle-success	Checkout code	2026-02-27T11:27:40.2263642Z hint:
handle-success	Checkout code	2026-02-27T11:27:40.2264674Z hint: 	git branch -m <name>
handle-success	Checkout code	2026-02-27T11:27:40.2265731Z hint:
handle-success	Checkout code	2026-02-27T11:27:40.2267588Z hint: Disable this message with "git config set advice.defaultBranchName false"
handle-success	Checkout code	2026-02-27T11:27:40.2270497Z Initialized empty Git repository in /home/runner/_work/ka0s/ka0s/.git/
handle-success	Checkout code	2026-02-27T11:27:40.2275675Z [command]/usr/bin/git remote add origin https://github.com/Ka0s-Klaus/ka0s
handle-success	Checkout code	2026-02-27T11:27:40.2340940Z ##[endgroup]
handle-success	Checkout code	2026-02-27T11:27:40.2342106Z ##[group]Disabling automatic garbage collection
handle-success	Checkout code	2026-02-27T11:27:40.2343035Z [command]/usr/bin/git config --local gc.auto 0
handle-success	Checkout code	2026-02-27T11:27:40.2400630Z ##[endgroup]
handle-success	Checkout code	2026-02-27T11:27:40.2404386Z ##[group]Setting up auth
handle-success	Checkout code	2026-02-27T11:27:40.2410315Z [command]/usr/bin/git config --local --name-only --get-regexp core\.sshCommand
handle-success	Checkout code	2026-02-27T11:27:40.2478338Z [command]/usr/bin/git submodule foreach --recursive sh -c "git config --local --name-only --get-regexp 'core\.sshCommand' && git config --local --unset-all 'core.sshCommand' || :"
handle-success	Checkout code	2026-02-27T11:27:40.2936858Z [command]/usr/bin/git config --local --name-only --get-regexp http\.https\:\/\/github\.com\/\.extraheader
handle-success	Checkout code	2026-02-27T11:27:40.2990559Z [command]/usr/bin/git submodule foreach --recursive sh -c "git config --local --name-only --get-regexp 'http\.https\:\/\/github\.com\/\.extraheader' && git config --local --unset-all 'http.https://github.com/.extraheader' || :"
handle-success	Checkout code	2026-02-27T11:27:40.3444865Z [command]/usr/bin/git config --local --name-only --get-regexp ^includeIf\.gitdir:
handle-success	Checkout code	2026-02-27T11:27:40.3502899Z [command]/usr/bin/git submodule foreach --recursive git config --local --show-origin --name-only --get-regexp remote.origin.url
handle-success	Checkout code	2026-02-27T11:27:40.3988976Z [command]/usr/bin/git config --local http.https://github.com/.extraheader AUTHORIZATION: basic ***
handle-success	Checkout code	2026-02-27T11:27:40.4052745Z ##[endgroup]
handle-success	Checkout code	2026-02-27T11:27:40.4054837Z ##[group]Fetching the repository
handle-success	Checkout code	2026-02-27T11:27:40.4069588Z [command]/usr/bin/git -c protocol.version=2 fetch --prune --no-recurse-submodules origin +refs/heads/*:refs/remotes/origin/* +refs/tags/*:refs/tags/*
handle-success	Checkout code	2026-02-27T11:28:30.0940080Z From https://github.com/Ka0s-Klaus/ka0s
handle-success	Checkout code	2026-02-27T11:28:30.0941940Z  * [new branch]          F3450-modelo-operativo -> origin/F3450-modelo-operativo
handle-success	Checkout code	2026-02-27T11:28:30.0943517Z  * [new branch]          H1276-modulo-observabilidad -> origin/H1276-modulo-observabilidad
handle-success	Checkout code	2026-02-27T11:28:30.0945146Z  * [new branch]          H3596-deploy-itop      -> origin/H3596-deploy-itop
handle-success	Checkout code	2026-02-27T11:28:30.0975141Z  * [new branch]          H4170-flujo-detallado-zabbix---github -> origin/H4170-flujo-detallado-zabbix---github
handle-success	Checkout code	2026-02-27T11:28:30.0985406Z  * [new branch]          H4191-request-cambios  -> origin/H4191-request-cambios
handle-success	Checkout code	2026-02-27T11:28:30.0987664Z  * [new branch]          H4200-request-recomendaciones-de-auditoria -> origin/H4200-request-recomendaciones-de-auditoria
handle-success	Checkout code	2026-02-27T11:28:30.0989988Z  * [new branch]          main                   -> origin/main
handle-success	Checkout code	2026-02-27T11:28:30.0991138Z  * [new tag]             0.0.0                  -> 0.0.0
handle-success	Checkout code	2026-02-27T11:28:30.0992175Z  * [new tag]             0.0.1                  -> 0.0.1
handle-success	Checkout code	2026-02-27T11:28:30.0993233Z  * [new tag]             0.0.10                 -> 0.0.10
handle-success	Checkout code	2026-02-27T11:28:30.0994323Z  * [new tag]             0.0.100                -> 0.0.100
handle-success	Checkout code	2026-02-27T11:28:30.0995353Z  * [new tag]             0.0.101                -> 0.0.101
handle-success	Checkout code	2026-02-27T11:28:30.0996378Z  * [new tag]             0.0.102                -> 0.0.102
handle-success	Checkout code	2026-02-27T11:28:30.1015791Z  * [new tag]             0.0.103                -> 0.0.103
handle-success	Checkout code	2026-02-27T11:28:30.1017657Z  * [new tag]             0.0.104                -> 0.0.104
handle-success	Checkout code	2026-02-27T11:28:30.1019565Z  * [new tag]             0.0.105                -> 0.0.105
handle-success	Checkout code	2026-02-27T11:28:30.1020718Z  * [new tag]             0.0.106                -> 0.0.106
handle-success	Checkout code	2026-02-27T11:28:30.1023371Z  * [new tag]             0.0.107                -> 0.0.107
handle-success	Checkout code	2026-02-27T11:28:30.1024497Z  * [new tag]             0.0.108                -> 0.0.108
handle-success	Checkout code	2026-02-27T11:28:30.1025544Z  * [new tag]             0.0.109                -> 0.0.109
handle-success	Checkout code	2026-02-27T11:28:30.1026769Z  * [new tag]             0.0.11                 -> 0.0.11
handle-success	Checkout code	2026-02-27T11:28:30.1027885Z  * [new tag]             0.0.110                -> 0.0.110
handle-success	Checkout code	2026-02-27T11:28:30.1030516Z  * [new tag]             0.0.111                -> 0.0.111
handle-success	Checkout code	2026-02-27T11:28:30.1032388Z  * [new tag]             0.0.112                -> 0.0.112
handle-success	Checkout code	2026-02-27T11:28:30.1034303Z  * [new tag]             0.0.113                -> 0.0.113
handle-success	Checkout code	2026-02-27T11:28:30.1036304Z  * [new tag]             0.0.114                -> 0.0.114
handle-success	Checkout code	2026-02-27T11:28:30.1039806Z  * [new tag]             0.0.115                -> 0.0.115
handle-success	Checkout code	2026-02-27T11:28:30.1040981Z  * [new tag]             0.0.116                -> 0.0.116
handle-success	Checkout code	2026-02-27T11:28:30.1042225Z  * [new tag]             0.0.117                -> 0.0.117
handle-success	Checkout code	2026-02-27T11:28:30.1043896Z  * [new tag]             0.0.118                -> 0.0.118
handle-success	Checkout code	2026-02-27T11:28:30.1045268Z  * [new tag]             0.0.119                -> 0.0.119
handle-success	Checkout code	2026-02-27T11:28:30.1046984Z  * [new tag]             0.0.12                 -> 0.0.12
handle-success	Checkout code	2026-02-27T11:28:30.1072068Z  * [new tag]             0.0.120                -> 0.0.120
handle-success	Checkout code	2026-02-27T11:28:30.1073536Z  * [new tag]             0.0.121                -> 0.0.121
handle-success	Checkout code	2026-02-27T11:28:30.1075022Z  * [new tag]             0.0.122                -> 0.0.122
handle-success	Checkout code	2026-02-27T11:28:30.1076109Z  * [new tag]             0.0.123                -> 0.0.123
handle-success	Checkout code	2026-02-27T11:28:30.1077404Z  * [new tag]             0.0.124                -> 0.0.124
handle-success	Checkout code	2026-02-27T11:28:30.1089452Z  * [new tag]             0.0.125                -> 0.0.125
handle-success	Checkout code	2026-02-27T11:28:30.1090867Z  * [new tag]             0.0.126                -> 0.0.126
handle-success	Checkout code	2026-02-27T11:28:30.1092154Z  * [new tag]             0.0.127                -> 0.0.127
handle-success	Checkout code	2026-02-27T11:28:30.1093334Z  * [new tag]             0.0.128                -> 0.0.128
handle-success	Checkout code	2026-02-27T11:28:30.1094707Z  * [new tag]             0.0.129                -> 0.0.129
handle-success	Checkout code	2026-02-27T11:28:30.1096192Z  * [new tag]             0.0.13                 -> 0.0.13
handle-success	Checkout code	2026-02-27T11:28:30.1097353Z  * [new tag]             0.0.130                -> 0.0.130
handle-success	Checkout code	2026-02-27T11:28:30.1098754Z  * [new tag]             0.0.131                -> 0.0.131
handle-success	Checkout code	2026-02-27T11:28:30.1100127Z  * [new tag]             0.0.132                -> 0.0.132
handle-success	Checkout code	2026-02-27T11:28:30.1101633Z  * [new tag]             0.0.133                -> 0.0.133
handle-success	Checkout code	2026-02-27T11:28:30.1102750Z  * [new tag]             0.0.134                -> 0.0.134
handle-success	Checkout code	2026-02-27T11:28:30.1178853Z  * [new tag]             0.0.135                -> 0.0.135
handle-success	Checkout code	2026-02-27T11:28:30.1181065Z  * [new tag]             0.0.136                -> 0.0.136
handle-success	Checkout code	2026-02-27T11:28:30.1182983Z  * [new tag]             0.0.137                -> 0.0.137
handle-success	Checkout code	2026-02-27T11:28:30.1184171Z  * [new tag]             0.0.138                -> 0.0.138
handle-success	Checkout code	2026-02-27T11:28:30.1185662Z  * [new tag]             0.0.139                -> 0.0.139
handle-success	Checkout code	2026-02-27T11:28:30.1186890Z  * [new tag]             0.0.14                 -> 0.0.14
handle-success	Checkout code	2026-02-27T11:28:30.1209894Z  * [new tag]             0.0.140                -> 0.0.140
handle-success	Checkout code	2026-02-27T11:28:30.1211352Z  * [new tag]             0.0.141                -> 0.0.141
handle-success	Checkout code	2026-02-27T11:28:30.1212682Z  * [new tag]             0.0.142                -> 0.0.142
handle-success	Checkout code	2026-02-27T11:28:30.1220559Z  * [new tag]             0.0.143                -> 0.0.143
handle-success	Checkout code	2026-02-27T11:28:30.1221662Z  * [new tag]             0.0.144                -> 0.0.144
handle-success	Checkout code	2026-02-27T11:28:30.1222685Z  * [new tag]             0.0.145                -> 0.0.145
handle-success	Checkout code	2026-02-27T11:28:30.1223718Z  * [new tag]             0.0.146                -> 0.0.146
handle-success	Checkout code	2026-02-27T11:28:30.1224732Z  * [new tag]             0.0.147                -> 0.0.147
handle-success	Checkout code	2026-02-27T11:28:30.1225871Z  * [new tag]             0.0.148                -> 0.0.148
handle-success	Checkout code	2026-02-27T11:28:30.1226975Z  * [new tag]             0.0.149                -> 0.0.149
handle-success	Checkout code	2026-02-27T11:28:30.1232534Z  * [new tag]             0.0.15                 -> 0.0.15
handle-success	Checkout code	2026-02-27T11:28:30.1233520Z  * [new tag]             0.0.150                -> 0.0.150
handle-success	Checkout code	2026-02-27T11:28:30.1234362Z  * [new tag]             0.0.151                -> 0.0.151
handle-success	Checkout code	2026-02-27T11:28:30.1235179Z  * [new tag]             0.0.152                -> 0.0.152
handle-success	Checkout code	2026-02-27T11:28:30.1236018Z  * [new tag]             0.0.153                -> 0.0.153
handle-success	Checkout code	2026-02-27T11:28:30.1236792Z  * [new tag]             0.0.154                -> 0.0.154
handle-success	Checkout code	2026-02-27T11:28:30.1237655Z  * [new tag]             0.0.155                -> 0.0.155
handle-success	Checkout code	2026-02-27T11:28:30.1238616Z  * [new tag]             0.0.156                -> 0.0.156
handle-success	Checkout code	2026-02-27T11:28:30.1239950Z  * [new tag]             0.0.157                -> 0.0.157
handle-success	Checkout code	2026-02-27T11:28:30.1240843Z  * [new tag]             0.0.158                -> 0.0.158
handle-success	Checkout code	2026-02-27T11:28:30.1241674Z  * [new tag]             0.0.159                -> 0.0.159
handle-success	Checkout code	2026-02-27T11:28:30.1242512Z  * [new tag]             0.0.16                 -> 0.0.16
handle-success	Checkout code	2026-02-27T11:28:30.1244419Z  * [new tag]             0.0.160                -> 0.0.160
handle-success	Checkout code	2026-02-27T11:28:30.1245763Z  * [new tag]             0.0.161                -> 0.0.161
handle-success	Checkout code	2026-02-27T11:28:30.1246928Z  * [new tag]             0.0.162                -> 0.0.162
handle-success	Checkout code	2026-02-27T11:28:30.1248314Z  * [new tag]             0.0.163                -> 0.0.163
handle-success	Checkout code	2026-02-27T11:28:30.1249414Z  * [new tag]             0.0.164                -> 0.0.164
handle-success	Checkout code	2026-02-27T11:28:30.1250422Z  * [new tag]             0.0.165                -> 0.0.165
handle-success	Checkout code	2026-02-27T11:28:30.1251517Z  * [new tag]             0.0.166                -> 0.0.166
handle-success	Checkout code	2026-02-27T11:28:30.1253501Z  * [new tag]             0.0.167                -> 0.0.167
handle-success	Checkout code	2026-02-27T11:28:30.1255131Z  * [new tag]             0.0.168                -> 0.0.168
handle-success	Checkout code	2026-02-27T11:28:30.1256651Z  * [new tag]             0.0.169                -> 0.0.169
handle-success	Checkout code	2026-02-27T11:28:30.1276431Z  * [new tag]             0.0.17                 -> 0.0.17
handle-success	Checkout code	2026-02-27T11:28:30.1281273Z  * [new tag]             0.0.170                -> 0.0.170
handle-success	Checkout code	2026-02-27T11:28:30.1282727Z  * [new tag]             0.0.171                -> 0.0.171
handle-success	Checkout code	2026-02-27T11:28:30.1284186Z  * [new tag]             0.0.172                -> 0.0.172
handle-success	Checkout code	2026-02-27T11:28:30.1285829Z  * [new tag]             0.0.173                -> 0.0.173
handle-success	Checkout code	2026-02-27T11:28:30.1287506Z  * [new tag]             0.0.174                -> 0.0.174
handle-success	Checkout code	2026-02-27T11:28:30.1288948Z  * [new tag]             0.0.175                -> 0.0.175
handle-success	Checkout code	2026-02-27T11:28:30.1290015Z  * [new tag]             0.0.176                -> 0.0.176
handle-success	Checkout code	2026-02-27T11:28:30.1291057Z  * [new tag]             0.0.177                -> 0.0.177
handle-success	Checkout code	2026-02-27T11:28:30.1292292Z  * [new tag]             0.0.178                -> 0.0.178
handle-success	Checkout code	2026-02-27T11:28:30.1293185Z  * [new tag]             0.0.179                -> 0.0.179
handle-success	Checkout code	2026-02-27T11:28:30.1294119Z  * [new tag]             0.0.18                 -> 0.0.18
handle-success	Checkout code	2026-02-27T11:28:30.1295223Z  * [new tag]             0.0.19                 -> 0.0.19
handle-success	Checkout code	2026-02-27T11:28:30.1296365Z  * [new tag]             0.0.2                  -> 0.0.2
handle-success	Checkout code	2026-02-27T11:28:30.1300896Z  * [new tag]             0.0.20                 -> 0.0.20
handle-success	Checkout code	2026-02-27T11:28:30.1302162Z  * [new tag]             0.0.21                 -> 0.0.21
handle-success	Checkout code	2026-02-27T11:28:30.1303499Z  * [new tag]             0.0.22                 -> 0.0.22
handle-success	Checkout code	2026-02-27T11:28:30.1305035Z  * [new tag]             0.0.23                 -> 0.0.23
handle-success	Checkout code	2026-02-27T11:28:30.1306072Z  * [new tag]             0.0.24                 -> 0.0.24
handle-success	Checkout code	2026-02-27T11:28:30.1307196Z  * [new tag]             0.0.25                 -> 0.0.25
handle-success	Checkout code	2026-02-27T11:28:30.1308546Z  * [new tag]             0.0.26                 -> 0.0.26
handle-success	Checkout code	2026-02-27T11:28:30.1309556Z  * [new tag]             0.0.27                 -> 0.0.27
handle-success	Checkout code	2026-02-27T11:28:30.1310695Z  * [new tag]             0.0.28                 -> 0.0.28
handle-success	Checkout code	2026-02-27T11:28:30.1311859Z  * [new tag]             0.0.29                 -> 0.0.29
handle-success	Checkout code	2026-02-27T11:28:30.1312859Z  * [new tag]             0.0.3                  -> 0.0.3
handle-success	Checkout code	2026-02-27T11:28:30.1322531Z  * [new tag]             0.0.30                 -> 0.0.30
handle-success	Checkout code	2026-02-27T11:28:30.1323729Z  * [new tag]             0.0.31                 -> 0.0.31
handle-success	Checkout code	2026-02-27T11:28:30.1324856Z  * [new tag]             0.0.32                 -> 0.0.32
handle-success	Checkout code	2026-02-27T11:28:30.1325906Z  * [new tag]             0.0.33                 -> 0.0.33
handle-success	Checkout code	2026-02-27T11:28:30.1327232Z  * [new tag]             0.0.34                 -> 0.0.34
handle-success	Checkout code	2026-02-27T11:28:30.1332229Z  * [new tag]             0.0.35                 -> 0.0.35
handle-success	Checkout code	2026-02-27T11:28:30.1333415Z  * [new tag]             0.0.36                 -> 0.0.36
handle-success	Checkout code	2026-02-27T11:28:30.1334523Z  * [new tag]             0.0.37                 -> 0.0.37
handle-success	Checkout code	2026-02-27T11:28:30.1335594Z  * [new tag]             0.0.38                 -> 0.0.38
handle-success	Checkout code	2026-02-27T11:28:30.1336866Z  * [new tag]             0.0.39                 -> 0.0.39
handle-success	Checkout code	2026-02-27T11:28:30.1338053Z  * [new tag]             0.0.4                  -> 0.0.4
handle-success	Checkout code	2026-02-27T11:28:30.1339064Z  * [new tag]             0.0.40                 -> 0.0.40
handle-success	Checkout code	2026-02-27T11:28:30.1352436Z  * [new tag]             0.0.41                 -> 0.0.41
handle-success	Checkout code	2026-02-27T11:28:30.1354091Z  * [new tag]             0.0.42                 -> 0.0.42
handle-success	Checkout code	2026-02-27T11:28:30.1355672Z  * [new tag]             0.0.43                 -> 0.0.43
handle-success	Checkout code	2026-02-27T11:28:30.1357347Z  * [new tag]             0.0.44                 -> 0.0.44
handle-success	Checkout code	2026-02-27T11:28:30.1359215Z  * [new tag]             0.0.45                 -> 0.0.45
handle-success	Checkout code	2026-02-27T11:28:30.1360766Z  * [new tag]             0.0.46                 -> 0.0.46
handle-success	Checkout code	2026-02-27T11:28:30.1362513Z  * [new tag]             0.0.47                 -> 0.0.47
handle-success	Checkout code	2026-02-27T11:28:30.1364258Z  * [new tag]             0.0.48                 -> 0.0.48
handle-success	Checkout code	2026-02-27T11:28:30.1365988Z  * [new tag]             0.0.49                 -> 0.0.49
handle-success	Checkout code	2026-02-27T11:28:30.1367722Z  * [new tag]             0.0.5                  -> 0.0.5
handle-success	Checkout code	2026-02-27T11:28:30.1380049Z  * [new tag]             0.0.50                 -> 0.0.50
handle-success	Checkout code	2026-02-27T11:28:30.1381874Z  * [new tag]             0.0.51                 -> 0.0.51
handle-success	Checkout code	2026-02-27T11:28:30.1383693Z  * [new tag]             0.0.52                 -> 0.0.52
handle-success	Checkout code	2026-02-27T11:28:30.1385329Z  * [new tag]             0.0.53                 -> 0.0.53
handle-success	Checkout code	2026-02-27T11:28:30.1387196Z  * [new tag]             0.0.54                 -> 0.0.54
handle-success	Checkout code	2026-02-27T11:28:30.1389018Z  * [new tag]             0.0.55                 -> 0.0.55
handle-success	Checkout code	2026-02-27T11:28:30.1390748Z  * [new tag]             0.0.56                 -> 0.0.56
handle-success	Checkout code	2026-02-27T11:28:30.1392427Z  * [new tag]             0.0.57                 -> 0.0.57
handle-success	Checkout code	2026-02-27T11:28:30.1394117Z  * [new tag]             0.0.58                 -> 0.0.58
handle-success	Checkout code	2026-02-27T11:28:30.1395833Z  * [new tag]             0.0.59                 -> 0.0.59
handle-success	Checkout code	2026-02-27T11:28:30.1397501Z  * [new tag]             0.0.6                  -> 0.0.6
handle-success	Checkout code	2026-02-27T11:28:30.1399402Z  * [new tag]             0.0.60                 -> 0.0.60
handle-success	Checkout code	2026-02-27T11:28:30.1400925Z  * [new tag]             0.0.61                 -> 0.0.61
handle-success	Checkout code	2026-02-27T11:28:30.1402679Z  * [new tag]             0.0.62                 -> 0.0.62
handle-success	Checkout code	2026-02-27T11:28:30.1404371Z  * [new tag]             0.0.63                 -> 0.0.63
handle-success	Checkout code	2026-02-27T11:28:30.1406079Z  * [new tag]             0.0.64                 -> 0.0.64
handle-success	Checkout code	2026-02-27T11:28:30.1407609Z  * [new tag]             0.0.65                 -> 0.0.65
handle-success	Checkout code	2026-02-27T11:28:30.1416349Z  * [new tag]             0.0.66                 -> 0.0.66
handle-success	Checkout code	2026-02-27T11:28:30.1417757Z  * [new tag]             0.0.67                 -> 0.0.67
handle-success	Checkout code	2026-02-27T11:28:30.1419667Z  * [new tag]             0.0.68                 -> 0.0.68
handle-success	Checkout code	2026-02-27T11:28:30.1421022Z  * [new tag]             0.0.69                 -> 0.0.69
handle-success	Checkout code	2026-02-27T11:28:30.1422313Z  * [new tag]             0.0.7                  -> 0.0.7
handle-success	Checkout code	2026-02-27T11:28:30.1423171Z  * [new tag]             0.0.70                 -> 0.0.70
handle-success	Checkout code	2026-02-27T11:28:30.1423711Z  * [new tag]             0.0.71                 -> 0.0.71
handle-success	Checkout code	2026-02-27T11:28:30.1424235Z  * [new tag]             0.0.72                 -> 0.0.72
handle-success	Checkout code	2026-02-27T11:28:30.1425552Z  * [new tag]             0.0.73                 -> 0.0.73
handle-success	Checkout code	2026-02-27T11:28:30.1426077Z  * [new tag]             0.0.74                 -> 0.0.74
handle-success	Checkout code	2026-02-27T11:28:30.1426598Z  * [new tag]             0.0.75                 -> 0.0.75
handle-success	Checkout code	2026-02-27T11:28:30.1427110Z  * [new tag]             0.0.76                 -> 0.0.76
handle-success	Checkout code	2026-02-27T11:28:30.1427627Z  * [new tag]             0.0.77                 -> 0.0.77
handle-success	Checkout code	2026-02-27T11:28:30.1429137Z  * [new tag]             0.0.78                 -> 0.0.78
handle-success	Checkout code	2026-02-27T11:28:30.1430422Z  * [new tag]             0.0.79                 -> 0.0.79
handle-success	Checkout code	2026-02-27T11:28:30.1431455Z  * [new tag]             0.0.8                  -> 0.0.8
handle-success	Checkout code	2026-02-27T11:28:30.1432748Z  * [new tag]             0.0.80                 -> 0.0.80
handle-success	Checkout code	2026-02-27T11:28:30.1434090Z  * [new tag]             0.0.81                 -> 0.0.81
handle-success	Checkout code	2026-02-27T11:28:30.1435697Z  * [new tag]             0.0.82                 -> 0.0.82
handle-success	Checkout code	2026-02-27T11:28:30.1437456Z  * [new tag]             0.0.83                 -> 0.0.83
handle-success	Checkout code	2026-02-27T11:28:30.1444265Z  * [new tag]             0.0.84                 -> 0.0.84
handle-success	Checkout code	2026-02-27T11:28:30.1446045Z  * [new tag]             0.0.85                 -> 0.0.85
handle-success	Checkout code	2026-02-27T11:28:30.1448007Z  * [new tag]             0.0.86                 -> 0.0.86
handle-success	Checkout code	2026-02-27T11:28:30.1449840Z  * [new tag]             0.0.87                 -> 0.0.87
handle-success	Checkout code	2026-02-27T11:28:30.1451475Z  * [new tag]             0.0.88                 -> 0.0.88
handle-success	Checkout code	2026-02-27T11:28:30.1453180Z  * [new tag]             0.0.89                 -> 0.0.89
handle-success	Checkout code	2026-02-27T11:28:30.1454929Z  * [new tag]             0.0.9                  -> 0.0.9
handle-success	Checkout code	2026-02-27T11:28:30.1456669Z  * [new tag]             0.0.90                 -> 0.0.90
handle-success	Checkout code	2026-02-27T11:28:30.1461765Z  * [new tag]             0.0.91                 -> 0.0.91
handle-success	Checkout code	2026-02-27T11:28:30.1463116Z  * [new tag]             0.0.92                 -> 0.0.92
handle-success	Checkout code	2026-02-27T11:28:30.1465058Z  * [new tag]             0.0.93                 -> 0.0.93
handle-success	Checkout code	2026-02-27T11:28:30.1466528Z  * [new tag]             0.0.94                 -> 0.0.94
handle-success	Checkout code	2026-02-27T11:28:30.1467777Z  * [new tag]             0.0.95                 -> 0.0.95
handle-success	Checkout code	2026-02-27T11:28:30.1469307Z  * [new tag]             0.0.96                 -> 0.0.96
handle-success	Checkout code	2026-02-27T11:28:30.1470428Z  * [new tag]             0.0.97                 -> 0.0.97
handle-success	Checkout code	2026-02-27T11:28:30.1471692Z  * [new tag]             0.0.98                 -> 0.0.98
handle-success	Checkout code	2026-02-27T11:28:30.1472965Z  * [new tag]             0.0.99                 -> 0.0.99
handle-success	Checkout code	2026-02-27T11:28:30.1474058Z  * [new tag]             0.1.0                  -> 0.1.0
handle-success	Checkout code	2026-02-27T11:28:30.1475128Z  * [new tag]             0.1.1                  -> 0.1.1
handle-success	Checkout code	2026-02-27T11:28:30.1476392Z  * [new tag]             0.2.0                  -> 0.2.0
handle-success	Checkout code	2026-02-27T11:28:30.1477793Z  * [new tag]             0.3.0                  -> 0.3.0
handle-success	Checkout code	2026-02-27T11:28:30.1479369Z  * [new tag]             0.3.1                  -> 0.3.1
handle-success	Checkout code	2026-02-27T11:28:30.1480882Z  * [new tag]             0.3.10                 -> 0.3.10
handle-success	Checkout code	2026-02-27T11:28:30.1482801Z  * [new tag]             0.3.11                 -> 0.3.11
handle-success	Checkout code	2026-02-27T11:28:30.1484602Z  * [new tag]             0.3.12                 -> 0.3.12
handle-success	Checkout code	2026-02-27T11:28:30.1486297Z  * [new tag]             0.3.13                 -> 0.3.13
handle-success	Checkout code	2026-02-27T11:28:30.1488186Z  * [new tag]             0.3.14                 -> 0.3.14
handle-success	Checkout code	2026-02-27T11:28:30.1489939Z  * [new tag]             0.3.15                 -> 0.3.15
handle-success	Checkout code	2026-02-27T11:28:30.1491565Z  * [new tag]             0.3.16                 -> 0.3.16
handle-success	Checkout code	2026-02-27T11:28:30.1493348Z  * [new tag]             0.3.17                 -> 0.3.17
handle-success	Checkout code	2026-02-27T11:28:30.1495115Z  * [new tag]             0.3.2                  -> 0.3.2
handle-success	Checkout code	2026-02-27T11:28:30.1496761Z  * [new tag]             0.3.3                  -> 0.3.3
handle-success	Checkout code	2026-02-27T11:28:30.1498648Z  * [new tag]             0.3.4                  -> 0.3.4
handle-success	Checkout code	2026-02-27T11:28:30.1500353Z  * [new tag]             0.3.5                  -> 0.3.5
handle-success	Checkout code	2026-02-27T11:28:30.1501995Z  * [new tag]             0.3.6                  -> 0.3.6
handle-success	Checkout code	2026-02-27T11:28:30.1503675Z  * [new tag]             0.3.7                  -> 0.3.7
handle-success	Checkout code	2026-02-27T11:28:30.1504767Z  * [new tag]             0.3.8                  -> 0.3.8
handle-success	Checkout code	2026-02-27T11:28:30.1505847Z  * [new tag]             0.3.9                  -> 0.3.9
handle-success	Checkout code	2026-02-27T11:28:30.1506968Z  * [new tag]             0.4.0                  -> 0.4.0
handle-success	Checkout code	2026-02-27T11:28:30.1508289Z  * [new tag]             0.4.1                  -> 0.4.1
handle-success	Checkout code	2026-02-27T11:28:30.1509473Z  * [new tag]             0.4.2                  -> 0.4.2
handle-success	Checkout code	2026-02-27T11:28:30.1510585Z  * [new tag]             0.4.3                  -> 0.4.3
handle-success	Checkout code	2026-02-27T11:28:30.1511720Z  * [new tag]             0.4.4                  -> 0.4.4
handle-success	Checkout code	2026-02-27T11:28:30.1513329Z  * [new tag]             0.4.5                  -> 0.4.5
handle-success	Checkout code	2026-02-27T11:28:30.1514822Z  * [new tag]             0.4.6                  -> 0.4.6
handle-success	Checkout code	2026-02-27T11:28:30.1516109Z  * [new tag]             0.4.7                  -> 0.4.7
handle-success	Checkout code	2026-02-27T11:28:30.1518095Z  * [new tag]             0.4.8                  -> 0.4.8
handle-success	Checkout code	2026-02-27T11:28:30.1520370Z  * [new tag]             0.4.9                  -> 0.4.9
handle-success	Checkout code	2026-02-27T11:28:30.1522184Z  * [new tag]             0.5.0                  -> 0.5.0
handle-success	Checkout code	2026-02-27T11:28:30.1523939Z  * [new tag]             0.5.1                  -> 0.5.1
handle-success	Checkout code	2026-02-27T11:28:30.1525769Z  * [new tag]             0.5.2                  -> 0.5.2
handle-success	Checkout code	2026-02-27T11:28:30.1527445Z  * [new tag]             0.6.0                  -> 0.6.0
handle-success	Checkout code	2026-02-27T11:28:30.1539803Z  * [new tag]             0.6.1                  -> 0.6.1
handle-success	Checkout code	2026-02-27T11:28:30.1541502Z  * [new tag]             0.6.2                  -> 0.6.2
handle-success	Checkout code	2026-02-27T11:28:30.1542612Z  * [new tag]             0.6.3                  -> 0.6.3
handle-success	Checkout code	2026-02-27T11:28:30.1543584Z  * [new tag]             0.6.4                  -> 0.6.4
handle-success	Checkout code	2026-02-27T11:28:30.1544592Z  * [new tag]             0.6.5                  -> 0.6.5
handle-success	Checkout code	2026-02-27T11:28:30.1545640Z  * [new tag]             0.6.6                  -> 0.6.6
handle-success	Checkout code	2026-02-27T11:28:30.2149325Z [command]/usr/bin/git branch --list --remote origin/main
handle-success	Checkout code	2026-02-27T11:28:30.2397230Z   origin/main
handle-success	Checkout code	2026-02-27T11:28:30.2405401Z [command]/usr/bin/git rev-parse refs/remotes/origin/main
handle-success	Checkout code	2026-02-27T11:28:30.2503133Z bb36be4951bbb5b6c9e9db9ea7629f6d660d3800
handle-success	Checkout code	2026-02-27T11:28:30.2539004Z [command]/usr/bin/git -c protocol.version=2 fetch --no-tags --prune --no-recurse-submodules origin +42681c1ef9b5978e41a4b79a4962345990d0098f:refs/remotes/origin/main
handle-success	Checkout code	2026-02-27T11:28:30.2981116Z From https://github.com/Ka0s-Klaus/ka0s
handle-success	Checkout code	2026-02-27T11:28:30.3008990Z  + bb36be495...42681c1ef 42681c1ef9b5978e41a4b79a4962345990d0098f -> origin/main  (forced update)
handle-success	Checkout code	2026-02-27T11:28:30.3181446Z ##[endgroup]
handle-success	Checkout code	2026-02-27T11:28:30.3183667Z ##[group]Determining the checkout info
handle-success	Checkout code	2026-02-27T11:28:30.3185414Z ##[endgroup]
handle-success	Checkout code	2026-02-27T11:28:30.3216840Z [command]/usr/bin/git sparse-checkout disable
handle-success	Checkout code	2026-02-27T11:28:30.3790875Z [command]/usr/bin/git config --local --unset-all extensions.worktreeConfig
handle-success	Checkout code	2026-02-27T11:28:30.3906859Z ##[group]Checking out the ref
handle-success	Checkout code	2026-02-27T11:28:30.3937633Z [command]/usr/bin/git checkout --progress --force -B main refs/remotes/origin/main
handle-success	Checkout code	2026-02-27T11:28:31.3514379Z Switched to a new branch 'main'
handle-success	Checkout code	2026-02-27T11:28:31.3552307Z branch 'main' set up to track 'origin/main'.
handle-success	Checkout code	2026-02-27T11:28:31.3646295Z ##[endgroup]
handle-success	Checkout code	2026-02-27T11:28:31.3897266Z [command]/usr/bin/git log -1 --format=%H
handle-success	Checkout code	2026-02-27T11:28:31.4015778Z 42681c1ef9b5978e41a4b79a4962345990d0098f
handle-success	Log Success	ï»¿2026-02-27T11:28:31.5045911Z ##[group]Run echo "Successfully added docs to DB."
handle-success	Log Success	2026-02-27T11:28:31.5047016Z [36;1mecho "Successfully added docs to DB."[0m
handle-success	Log Success	2026-02-27T11:28:31.5095161Z shell: /usr/bin/bash -e {0}
handle-success	Log Success	2026-02-27T11:28:31.5095820Z env:
handle-success	Log Success	2026-02-27T11:28:31.5096215Z   PYTHON_VERSION: 3.9
handle-success	Log Success	2026-02-27T11:28:31.5099184Z   MONGO_SUPERUSER_CONNECTION: ***
handle-success	Log Success	2026-02-27T11:28:31.5100050Z   MONGO_NEW_PASS: ***
handle-success	Log Success	2026-02-27T11:28:31.5100649Z   MONGO_SCRIPT_CREATE: devops/core/mongo/scripts/add-doc-to-db.py
handle-success	Log Success	2026-02-27T11:28:31.5101748Z   KAOS_CODE: 22484332651
handle-success	Log Success	2026-02-27T11:28:31.5102392Z   KAOS_MODULE: [Ka0s] Autom add docs to MongoDB
handle-success	Log Success	2026-02-27T11:28:31.5103814Z   REPORT_SCAN: audit/
handle-success	Log Success	2026-02-27T11:28:31.5129507Z   REPORT_PATH: audit/mongodb/
handle-success	Log Success	2026-02-27T11:28:31.5132667Z   REPORT_FILENAME: mongo_setup_22484332651.json
handle-success	Log Success	2026-02-27T11:28:31.5134621Z   REPORT_FILENAME_LIST: mongo_list_22484332651.json
handle-success	Log Success	2026-02-27T11:28:31.5137670Z   REPORT_FILENAME_DB: mongo_create_db_22484332651.json
handle-success	Log Success	2026-02-27T11:28:31.5140077Z ##[endgroup]
handle-success	Log Success	2026-02-27T11:28:31.5528821Z Successfully added docs to DB.
handle-success	Post Checkout code	ï»¿2026-02-27T11:28:31.6466609Z Post job cleanup.
handle-success	Post Checkout code	2026-02-27T11:28:31.8535865Z [command]/usr/bin/git version
handle-success	Post Checkout code	2026-02-27T11:28:31.8623581Z git version 2.53.0
handle-success	Post Checkout code	2026-02-27T11:28:31.8780616Z Temporarily overriding HOME='/home/runner/_work/_temp/08fe16a3-5e89-41f8-a1e9-e01e54d61ce9' before making global git config changes
handle-success	Post Checkout code	2026-02-27T11:28:31.8783468Z Adding repository directory to the temporary git global config as a safe directory
handle-success	Post Checkout code	2026-02-27T11:28:31.8794605Z [command]/usr/bin/git config --global --add safe.directory /home/runner/_work/ka0s/ka0s
handle-success	Post Checkout code	2026-02-27T11:28:31.8880058Z [command]/usr/bin/git config --local --name-only --get-regexp core\.sshCommand
handle-success	Post Checkout code	2026-02-27T11:28:31.8993222Z [command]/usr/bin/git submodule foreach --recursive sh -c "git config --local --name-only --get-regexp 'core\.sshCommand' && git config --local --unset-all 'core.sshCommand' || :"
handle-success	Post Checkout code	2026-02-27T11:28:31.9519133Z [command]/usr/bin/git config --local --name-only --get-regexp http\.https\:\/\/github\.com\/\.extraheader
handle-success	Post Checkout code	2026-02-27T11:28:31.9566994Z http.https://github.com/.extraheader
handle-success	Post Checkout code	2026-02-27T11:28:31.9588990Z [command]/usr/bin/git config --local --unset-all http.https://github.com/.extraheader
handle-success	Post Checkout code	2026-02-27T11:28:31.9651145Z [command]/usr/bin/git submodule foreach --recursive sh -c "git config --local --name-only --get-regexp 'http\.https\:\/\/github\.com\/\.extraheader' && git config --local --unset-all 'http.https://github.com/.extraheader' || :"
handle-success	Post Checkout code	2026-02-27T11:28:32.0185617Z [command]/usr/bin/git config --local --name-only --get-regexp ^includeIf\.gitdir:
handle-success	Post Checkout code	2026-02-27T11:28:32.0262767Z [command]/usr/bin/git submodule foreach --recursive git config --local --show-origin --name-only --get-regexp remote.origin.url
handle-success	Complete job	ï»¿2026-02-27T11:28:32.1186895Z Cleaning up orphan processes
end-workflow	Set up job	ï»¿2026-02-27T11:28:44.9707475Z Current runner version: '2.332.0'
end-workflow	Set up job	2026-02-27T11:28:44.9769989Z Runner name: 'swarm-runners-scaleset-hkss5-runner-7ndg9'
end-workflow	Set up job	2026-02-27T11:28:44.9771135Z Runner group name: 'Default'
end-workflow	Set up job	2026-02-27T11:28:44.9772295Z Machine name: 'swarm-runners-scaleset-hkss5-runner-7ndg9'
end-workflow	Set up job	2026-02-27T11:28:44.9783691Z ##[group]GITHUB_TOKEN Permissions
end-workflow	Set up job	2026-02-27T11:28:44.9787377Z Actions: write
end-workflow	Set up job	2026-02-27T11:28:44.9787965Z Contents: write
end-workflow	Set up job	2026-02-27T11:28:44.9788531Z Issues: write
end-workflow	Set up job	2026-02-27T11:28:44.9789281Z Metadata: read
end-workflow	Set up job	2026-02-27T11:28:44.9789867Z PullRequests: write
end-workflow	Set up job	2026-02-27T11:28:44.9790425Z ##[endgroup]
end-workflow	Set up job	2026-02-27T11:28:44.9793178Z Secret source: Actions
end-workflow	Set up job	2026-02-27T11:28:44.9793999Z Prepare workflow directory
end-workflow	Set up job	2026-02-27T11:28:45.0563125Z Prepare all required actions
end-workflow	Set up job	2026-02-27T11:28:45.0667631Z Getting action download info
end-workflow	Set up job	2026-02-27T11:28:45.6340113Z Download action repository 'actions/checkout@v4' (SHA:34e114876b0b11c390a56381ad16ebd13914f8d5)
end-workflow	Set up job	2026-02-27T11:28:46.6748314Z Complete job name: end-workflow
end-workflow	Checkout repository	ï»¿2026-02-27T11:28:46.8065243Z ##[group]Run actions/checkout@v4
end-workflow	Checkout repository	2026-02-27T11:28:46.8067050Z with:
end-workflow	Checkout repository	2026-02-27T11:28:46.8067584Z   fetch-depth: 0
end-workflow	Checkout repository	2026-02-27T11:28:46.8068098Z   repository: Ka0s-Klaus/ka0s
end-workflow	Checkout repository	2026-02-27T11:28:46.8069030Z   token: ***
end-workflow	Checkout repository	2026-02-27T11:28:46.8069524Z   ssh-strict: true
end-workflow	Checkout repository	2026-02-27T11:28:46.8070015Z   ssh-user: git
end-workflow	Checkout repository	2026-02-27T11:28:46.8070509Z   persist-credentials: true
end-workflow	Checkout repository	2026-02-27T11:28:46.8071069Z   clean: true
end-workflow	Checkout repository	2026-02-27T11:28:46.8071583Z   sparse-checkout-cone-mode: true
end-workflow	Checkout repository	2026-02-27T11:28:46.8072234Z   fetch-tags: false
end-workflow	Checkout repository	2026-02-27T11:28:46.8072769Z   show-progress: true
end-workflow	Checkout repository	2026-02-27T11:28:46.8073310Z   lfs: false
end-workflow	Checkout repository	2026-02-27T11:28:46.8073829Z   submodules: false
end-workflow	Checkout repository	2026-02-27T11:28:46.8074355Z   set-safe-directory: true
end-workflow	Checkout repository	2026-02-27T11:28:46.8085734Z env:
end-workflow	Checkout repository	2026-02-27T11:28:46.8086380Z   PYTHON_VERSION: 3.9
end-workflow	Checkout repository	2026-02-27T11:28:46.8087896Z   MONGO_SUPERUSER_CONNECTION: ***
end-workflow	Checkout repository	2026-02-27T11:28:46.8088700Z   MONGO_NEW_PASS: ***
end-workflow	Checkout repository	2026-02-27T11:28:46.8089407Z   MONGO_SCRIPT_CREATE: devops/core/mongo/scripts/add-doc-to-db.py
end-workflow	Checkout repository	2026-02-27T11:28:46.8090321Z   KAOS_CODE: 22484332651
end-workflow	Checkout repository	2026-02-27T11:28:46.8090910Z   KAOS_MODULE: [Ka0s] Autom add docs to MongoDB
end-workflow	Checkout repository	2026-02-27T11:28:46.8091570Z   REPORT_SCAN: audit/
end-workflow	Checkout repository	2026-02-27T11:28:46.8092099Z   REPORT_PATH: audit/mongodb/
end-workflow	Checkout repository	2026-02-27T11:28:46.8092721Z   REPORT_FILENAME: mongo_setup_22484332651.json
end-workflow	Checkout repository	2026-02-27T11:28:46.8093470Z   REPORT_FILENAME_LIST: mongo_list_22484332651.json
end-workflow	Checkout repository	2026-02-27T11:28:46.8094268Z   REPORT_FILENAME_DB: mongo_create_db_22484332651.json
end-workflow	Checkout repository	2026-02-27T11:28:46.8097673Z ##[endgroup]
end-workflow	Checkout repository	2026-02-27T11:28:47.0554007Z Syncing repository: Ka0s-Klaus/ka0s
end-workflow	Checkout repository	2026-02-27T11:28:47.0556620Z ##[group]Getting Git version info
end-workflow	Checkout repository	2026-02-27T11:28:47.0557388Z Working directory is '/home/runner/_work/ka0s/ka0s'
end-workflow	Checkout repository	2026-02-27T11:28:47.0558454Z [command]/usr/bin/git version
end-workflow	Checkout repository	2026-02-27T11:28:47.0559017Z git version 2.53.0
end-workflow	Checkout repository	2026-02-27T11:28:47.0560893Z ##[endgroup]
end-workflow	Checkout repository	2026-02-27T11:28:47.0573262Z Temporarily overriding HOME='/home/runner/_work/_temp/de213a53-9086-4b7e-9c2c-88167380d9e5' before making global git config changes
end-workflow	Checkout repository	2026-02-27T11:28:47.0586272Z Adding repository directory to the temporary git global config as a safe directory
end-workflow	Checkout repository	2026-02-27T11:28:47.0587795Z [command]/usr/bin/git config --global --add safe.directory /home/runner/_work/ka0s/ka0s
end-workflow	Checkout repository	2026-02-27T11:28:47.0589734Z Deleting the contents of '/home/runner/_work/ka0s/ka0s'
end-workflow	Checkout repository	2026-02-27T11:28:47.0590927Z ##[group]Initializing the repository
end-workflow	Checkout repository	2026-02-27T11:28:47.0591686Z [command]/usr/bin/git init /home/runner/_work/ka0s/ka0s
end-workflow	Checkout repository	2026-02-27T11:28:47.0607605Z hint: Using 'master' as the name for the initial branch. This default branch name
end-workflow	Checkout repository	2026-02-27T11:28:47.0608909Z hint: will change to "main" in Git 3.0. To configure the initial branch name
end-workflow	Checkout repository	2026-02-27T11:28:47.0610001Z hint: to use in all of your new repositories, which will suppress this warning,
end-workflow	Checkout repository	2026-02-27T11:28:47.0610888Z hint: call:
end-workflow	Checkout repository	2026-02-27T11:28:47.0611327Z hint:
end-workflow	Checkout repository	2026-02-27T11:28:47.0611915Z hint: 	git config --global init.defaultBranch <name>
end-workflow	Checkout repository	2026-02-27T11:28:47.0612593Z hint:
end-workflow	Checkout repository	2026-02-27T11:28:47.0616059Z hint: Names commonly chosen instead of 'master' are 'main', 'trunk' and
end-workflow	Checkout repository	2026-02-27T11:28:47.0617153Z hint: 'development'. The just-created branch can be renamed via this command:
end-workflow	Checkout repository	2026-02-27T11:28:47.0617985Z hint:
end-workflow	Checkout repository	2026-02-27T11:28:47.0618425Z hint: 	git branch -m <name>
end-workflow	Checkout repository	2026-02-27T11:28:47.0618950Z hint:
end-workflow	Checkout repository	2026-02-27T11:28:47.0619659Z hint: Disable this message with "git config set advice.defaultBranchName false"
end-workflow	Checkout repository	2026-02-27T11:28:47.0620824Z Initialized empty Git repository in /home/runner/_work/ka0s/ka0s/.git/
end-workflow	Checkout repository	2026-02-27T11:28:47.0622821Z [command]/usr/bin/git remote add origin https://github.com/Ka0s-Klaus/ka0s
end-workflow	Checkout repository	2026-02-27T11:28:47.0663714Z ##[endgroup]
end-workflow	Checkout repository	2026-02-27T11:28:47.0667714Z ##[group]Disabling automatic garbage collection
end-workflow	Checkout repository	2026-02-27T11:28:47.0686323Z [command]/usr/bin/git config --local gc.auto 0
end-workflow	Checkout repository	2026-02-27T11:28:47.0730797Z ##[endgroup]
end-workflow	Checkout repository	2026-02-27T11:28:47.0732026Z ##[group]Setting up auth
end-workflow	Checkout repository	2026-02-27T11:28:47.0734118Z [command]/usr/bin/git config --local --name-only --get-regexp core\.sshCommand
end-workflow	Checkout repository	2026-02-27T11:28:47.0806616Z [command]/usr/bin/git submodule foreach --recursive sh -c "git config --local --name-only --get-regexp 'core\.sshCommand' && git config --local --unset-all 'core.sshCommand' || :"
end-workflow	Checkout repository	2026-02-27T11:28:47.1792187Z [command]/usr/bin/git config --local --name-only --get-regexp http\.https\:\/\/github\.com\/\.extraheader
end-workflow	Checkout repository	2026-02-27T11:28:47.1861462Z [command]/usr/bin/git submodule foreach --recursive sh -c "git config --local --name-only --get-regexp 'http\.https\:\/\/github\.com\/\.extraheader' && git config --local --unset-all 'http.https://github.com/.extraheader' || :"
end-workflow	Checkout repository	2026-02-27T11:28:47.2733938Z [command]/usr/bin/git config --local --name-only --get-regexp ^includeIf\.gitdir:
end-workflow	Checkout repository	2026-02-27T11:28:47.2815095Z [command]/usr/bin/git submodule foreach --recursive git config --local --show-origin --name-only --get-regexp remote.origin.url
end-workflow	Checkout repository	2026-02-27T11:28:47.3615826Z [command]/usr/bin/git config --local http.https://github.com/.extraheader AUTHORIZATION: basic ***
end-workflow	Checkout repository	2026-02-27T11:28:47.3829743Z ##[endgroup]
end-workflow	Checkout repository	2026-02-27T11:28:47.3838765Z ##[group]Fetching the repository
end-workflow	Checkout repository	2026-02-27T11:28:47.3874216Z [command]/usr/bin/git -c protocol.version=2 fetch --prune --no-recurse-submodules origin +refs/heads/*:refs/remotes/origin/* +refs/tags/*:refs/tags/*
end-workflow	Checkout repository	2026-02-27T11:29:29.0556206Z From https://github.com/Ka0s-Klaus/ka0s
end-workflow	Checkout repository	2026-02-27T11:29:29.0557433Z  * [new branch]          F3450-modelo-operativo -> origin/F3450-modelo-operativo
end-workflow	Checkout repository	2026-02-27T11:29:29.0563841Z  * [new branch]          H1276-modulo-observabilidad -> origin/H1276-modulo-observabilidad
end-workflow	Checkout repository	2026-02-27T11:29:29.0567296Z  * [new branch]          H3596-deploy-itop      -> origin/H3596-deploy-itop
end-workflow	Checkout repository	2026-02-27T11:29:29.0568045Z  * [new branch]          H4170-flujo-detallado-zabbix---github -> origin/H4170-flujo-detallado-zabbix---github
end-workflow	Checkout repository	2026-02-27T11:29:29.0568772Z  * [new branch]          H4191-request-cambios  -> origin/H4191-request-cambios
end-workflow	Checkout repository	2026-02-27T11:29:29.0569607Z  * [new branch]          H4200-request-recomendaciones-de-auditoria -> origin/H4200-request-recomendaciones-de-auditoria
end-workflow	Checkout repository	2026-02-27T11:29:29.0570390Z  * [new branch]          main                   -> origin/main
end-workflow	Checkout repository	2026-02-27T11:29:29.0570812Z  * [new tag]             0.0.0                  -> 0.0.0
end-workflow	Checkout repository	2026-02-27T11:29:29.0571218Z  * [new tag]             0.0.1                  -> 0.0.1
end-workflow	Checkout repository	2026-02-27T11:29:29.0571622Z  * [new tag]             0.0.10                 -> 0.0.10
end-workflow	Checkout repository	2026-02-27T11:29:29.0572033Z  * [new tag]             0.0.100                -> 0.0.100
end-workflow	Checkout repository	2026-02-27T11:29:29.0572437Z  * [new tag]             0.0.101                -> 0.0.101
end-workflow	Checkout repository	2026-02-27T11:29:29.0572829Z  * [new tag]             0.0.102                -> 0.0.102
end-workflow	Checkout repository	2026-02-27T11:29:29.0573307Z  * [new tag]             0.0.103                -> 0.0.103
end-workflow	Checkout repository	2026-02-27T11:29:29.0573734Z  * [new tag]             0.0.104                -> 0.0.104
end-workflow	Checkout repository	2026-02-27T11:29:29.0574127Z  * [new tag]             0.0.105                -> 0.0.105
end-workflow	Checkout repository	2026-02-27T11:29:29.0574715Z  * [new tag]             0.0.106                -> 0.0.106
end-workflow	Checkout repository	2026-02-27T11:29:29.0588866Z  * [new tag]             0.0.107                -> 0.0.107
end-workflow	Checkout repository	2026-02-27T11:29:29.0589321Z  * [new tag]             0.0.108                -> 0.0.108
end-workflow	Checkout repository	2026-02-27T11:29:29.0589724Z  * [new tag]             0.0.109                -> 0.0.109
end-workflow	Checkout repository	2026-02-27T11:29:29.0590121Z  * [new tag]             0.0.11                 -> 0.0.11
end-workflow	Checkout repository	2026-02-27T11:29:29.0590524Z  * [new tag]             0.0.110                -> 0.0.110
end-workflow	Checkout repository	2026-02-27T11:29:29.0590936Z  * [new tag]             0.0.111                -> 0.0.111
end-workflow	Checkout repository	2026-02-27T11:29:29.0591333Z  * [new tag]             0.0.112                -> 0.0.112
end-workflow	Checkout repository	2026-02-27T11:29:29.0591749Z  * [new tag]             0.0.113                -> 0.0.113
end-workflow	Checkout repository	2026-02-27T11:29:29.0592159Z  * [new tag]             0.0.114                -> 0.0.114
end-workflow	Checkout repository	2026-02-27T11:29:29.0592564Z  * [new tag]             0.0.115                -> 0.0.115
end-workflow	Checkout repository	2026-02-27T11:29:29.0592967Z  * [new tag]             0.0.116                -> 0.0.116
end-workflow	Checkout repository	2026-02-27T11:29:29.0593448Z  * [new tag]             0.0.117                -> 0.0.117
end-workflow	Checkout repository	2026-02-27T11:29:29.0594186Z  * [new tag]             0.0.118                -> 0.0.118
end-workflow	Checkout repository	2026-02-27T11:29:29.0600688Z  * [new tag]             0.0.119                -> 0.0.119
end-workflow	Checkout repository	2026-02-27T11:29:29.0601121Z  * [new tag]             0.0.12                 -> 0.0.12
end-workflow	Checkout repository	2026-02-27T11:29:29.0601639Z  * [new tag]             0.0.120                -> 0.0.120
end-workflow	Checkout repository	2026-02-27T11:29:29.0602036Z  * [new tag]             0.0.121                -> 0.0.121
end-workflow	Checkout repository	2026-02-27T11:29:29.0602427Z  * [new tag]             0.0.122                -> 0.0.122
end-workflow	Checkout repository	2026-02-27T11:29:29.0602812Z  * [new tag]             0.0.123                -> 0.0.123
end-workflow	Checkout repository	2026-02-27T11:29:29.0603205Z  * [new tag]             0.0.124                -> 0.0.124
end-workflow	Checkout repository	2026-02-27T11:29:29.0603594Z  * [new tag]             0.0.125                -> 0.0.125
end-workflow	Checkout repository	2026-02-27T11:29:29.0683788Z  * [new tag]             0.0.126                -> 0.0.126
end-workflow	Checkout repository	2026-02-27T11:29:29.0684868Z  * [new tag]             0.0.127                -> 0.0.127
end-workflow	Checkout repository	2026-02-27T11:29:29.0685320Z  * [new tag]             0.0.128                -> 0.0.128
end-workflow	Checkout repository	2026-02-27T11:29:29.0686048Z  * [new tag]             0.0.129                -> 0.0.129
end-workflow	Checkout repository	2026-02-27T11:29:29.0686568Z  * [new tag]             0.0.13                 -> 0.0.13
end-workflow	Checkout repository	2026-02-27T11:29:29.0687175Z  * [new tag]             0.0.130                -> 0.0.130
end-workflow	Checkout repository	2026-02-27T11:29:29.0687568Z  * [new tag]             0.0.131                -> 0.0.131
end-workflow	Checkout repository	2026-02-27T11:29:29.0687955Z  * [new tag]             0.0.132                -> 0.0.132
end-workflow	Checkout repository	2026-02-27T11:29:29.0688341Z  * [new tag]             0.0.133                -> 0.0.133
end-workflow	Checkout repository	2026-02-27T11:29:29.0688730Z  * [new tag]             0.0.134                -> 0.0.134
end-workflow	Checkout repository	2026-02-27T11:29:29.0689112Z  * [new tag]             0.0.135                -> 0.0.135
end-workflow	Checkout repository	2026-02-27T11:29:29.0689501Z  * [new tag]             0.0.136                -> 0.0.136
end-workflow	Checkout repository	2026-02-27T11:29:29.0689892Z  * [new tag]             0.0.137                -> 0.0.137
end-workflow	Checkout repository	2026-02-27T11:29:29.0690278Z  * [new tag]             0.0.138                -> 0.0.138
end-workflow	Checkout repository	2026-02-27T11:29:29.0690683Z  * [new tag]             0.0.139                -> 0.0.139
end-workflow	Checkout repository	2026-02-27T11:29:29.0691075Z  * [new tag]             0.0.14                 -> 0.0.14
end-workflow	Checkout repository	2026-02-27T11:29:29.0691465Z  * [new tag]             0.0.140                -> 0.0.140
end-workflow	Checkout repository	2026-02-27T11:29:29.0691848Z  * [new tag]             0.0.141                -> 0.0.141
end-workflow	Checkout repository	2026-02-27T11:29:29.0692236Z  * [new tag]             0.0.142                -> 0.0.142
end-workflow	Checkout repository	2026-02-27T11:29:29.0692622Z  * [new tag]             0.0.143                -> 0.0.143
end-workflow	Checkout repository	2026-02-27T11:29:29.0693010Z  * [new tag]             0.0.144                -> 0.0.144
end-workflow	Checkout repository	2026-02-27T11:29:29.0693395Z  * [new tag]             0.0.145                -> 0.0.145
end-workflow	Checkout repository	2026-02-27T11:29:29.0693781Z  * [new tag]             0.0.146                -> 0.0.146
end-workflow	Checkout repository	2026-02-27T11:29:29.0694169Z  * [new tag]             0.0.147                -> 0.0.147
end-workflow	Checkout repository	2026-02-27T11:29:29.0694611Z  * [new tag]             0.0.148                -> 0.0.148
end-workflow	Checkout repository	2026-02-27T11:29:29.0695164Z  * [new tag]             0.0.149                -> 0.0.149
end-workflow	Checkout repository	2026-02-27T11:29:29.0696043Z  * [new tag]             0.0.15                 -> 0.0.15
end-workflow	Checkout repository	2026-02-27T11:29:29.0696475Z  * [new tag]             0.0.150                -> 0.0.150
end-workflow	Checkout repository	2026-02-27T11:29:29.0696865Z  * [new tag]             0.0.151                -> 0.0.151
end-workflow	Checkout repository	2026-02-27T11:29:29.0697245Z  * [new tag]             0.0.152                -> 0.0.152
end-workflow	Checkout repository	2026-02-27T11:29:29.0697901Z  * [new tag]             0.0.153                -> 0.0.153
end-workflow	Checkout repository	2026-02-27T11:29:29.0698308Z  * [new tag]             0.0.154                -> 0.0.154
end-workflow	Checkout repository	2026-02-27T11:29:29.0698707Z  * [new tag]             0.0.155                -> 0.0.155
end-workflow	Checkout repository	2026-02-27T11:29:29.0699101Z  * [new tag]             0.0.156                -> 0.0.156
end-workflow	Checkout repository	2026-02-27T11:29:29.0699502Z  * [new tag]             0.0.157                -> 0.0.157
end-workflow	Checkout repository	2026-02-27T11:29:29.0699901Z  * [new tag]             0.0.158                -> 0.0.158
end-workflow	Checkout repository	2026-02-27T11:29:29.0700299Z  * [new tag]             0.0.159                -> 0.0.159
end-workflow	Checkout repository	2026-02-27T11:29:29.0700700Z  * [new tag]             0.0.16                 -> 0.0.16
end-workflow	Checkout repository	2026-02-27T11:29:29.0701344Z  * [new tag]             0.0.160                -> 0.0.160
end-workflow	Checkout repository	2026-02-27T11:29:29.0701742Z  * [new tag]             0.0.161                -> 0.0.161
end-workflow	Checkout repository	2026-02-27T11:29:29.0702135Z  * [new tag]             0.0.162                -> 0.0.162
end-workflow	Checkout repository	2026-02-27T11:29:29.0702552Z  * [new tag]             0.0.163                -> 0.0.163
end-workflow	Checkout repository	2026-02-27T11:29:29.0702951Z  * [new tag]             0.0.164                -> 0.0.164
end-workflow	Checkout repository	2026-02-27T11:29:29.0703349Z  * [new tag]             0.0.165                -> 0.0.165
end-workflow	Checkout repository	2026-02-27T11:29:29.0703741Z  * [new tag]             0.0.166                -> 0.0.166
end-workflow	Checkout repository	2026-02-27T11:29:29.0704140Z  * [new tag]             0.0.167                -> 0.0.167
end-workflow	Checkout repository	2026-02-27T11:29:29.0704813Z  * [new tag]             0.0.168                -> 0.0.168
end-workflow	Checkout repository	2026-02-27T11:29:29.0705238Z  * [new tag]             0.0.169                -> 0.0.169
end-workflow	Checkout repository	2026-02-27T11:29:29.0705765Z  * [new tag]             0.0.17                 -> 0.0.17
end-workflow	Checkout repository	2026-02-27T11:29:29.0706181Z  * [new tag]             0.0.170                -> 0.0.170
end-workflow	Checkout repository	2026-02-27T11:29:29.0706584Z  * [new tag]             0.0.171                -> 0.0.171
end-workflow	Checkout repository	2026-02-27T11:29:29.0706980Z  * [new tag]             0.0.172                -> 0.0.172
end-workflow	Checkout repository	2026-02-27T11:29:29.0707380Z  * [new tag]             0.0.173                -> 0.0.173
end-workflow	Checkout repository	2026-02-27T11:29:29.0707783Z  * [new tag]             0.0.174                -> 0.0.174
end-workflow	Checkout repository	2026-02-27T11:29:29.0708179Z  * [new tag]             0.0.175                -> 0.0.175
end-workflow	Checkout repository	2026-02-27T11:29:29.0708574Z  * [new tag]             0.0.176                -> 0.0.176
end-workflow	Checkout repository	2026-02-27T11:29:29.0708976Z  * [new tag]             0.0.177                -> 0.0.177
end-workflow	Checkout repository	2026-02-27T11:29:29.0709373Z  * [new tag]             0.0.178                -> 0.0.178
end-workflow	Checkout repository	2026-02-27T11:29:29.0709768Z  * [new tag]             0.0.179                -> 0.0.179
end-workflow	Checkout repository	2026-02-27T11:29:29.0710168Z  * [new tag]             0.0.18                 -> 0.0.18
end-workflow	Checkout repository	2026-02-27T11:29:29.0710566Z  * [new tag]             0.0.19                 -> 0.0.19
end-workflow	Checkout repository	2026-02-27T11:29:29.0710982Z  * [new tag]             0.0.2                  -> 0.0.2
end-workflow	Checkout repository	2026-02-27T11:29:29.0711380Z  * [new tag]             0.0.20                 -> 0.0.20
end-workflow	Checkout repository	2026-02-27T11:29:29.0711779Z  * [new tag]             0.0.21                 -> 0.0.21
end-workflow	Checkout repository	2026-02-27T11:29:29.0712179Z  * [new tag]             0.0.22                 -> 0.0.22
end-workflow	Checkout repository	2026-02-27T11:29:29.0712583Z  * [new tag]             0.0.23                 -> 0.0.23
end-workflow	Checkout repository	2026-02-27T11:29:29.0712980Z  * [new tag]             0.0.24                 -> 0.0.24
end-workflow	Checkout repository	2026-02-27T11:29:29.0713380Z  * [new tag]             0.0.25                 -> 0.0.25
end-workflow	Checkout repository	2026-02-27T11:29:29.0713913Z  * [new tag]             0.0.26                 -> 0.0.26
end-workflow	Checkout repository	2026-02-27T11:29:29.0714317Z  * [new tag]             0.0.27                 -> 0.0.27
end-workflow	Checkout repository	2026-02-27T11:29:29.0714906Z  * [new tag]             0.0.28                 -> 0.0.28
end-workflow	Checkout repository	2026-02-27T11:29:29.0715436Z  * [new tag]             0.0.29                 -> 0.0.29
end-workflow	Checkout repository	2026-02-27T11:29:29.0715833Z  * [new tag]             0.0.3                  -> 0.0.3
end-workflow	Checkout repository	2026-02-27T11:29:29.0716447Z  * [new tag]             0.0.30                 -> 0.0.30
end-workflow	Checkout repository	2026-02-27T11:29:29.0716851Z  * [new tag]             0.0.31                 -> 0.0.31
end-workflow	Checkout repository	2026-02-27T11:29:29.0717249Z  * [new tag]             0.0.32                 -> 0.0.32
end-workflow	Checkout repository	2026-02-27T11:29:29.0717646Z  * [new tag]             0.0.33                 -> 0.0.33
end-workflow	Checkout repository	2026-02-27T11:29:29.0718040Z  * [new tag]             0.0.34                 -> 0.0.34
end-workflow	Checkout repository	2026-02-27T11:29:29.0718437Z  * [new tag]             0.0.35                 -> 0.0.35
end-workflow	Checkout repository	2026-02-27T11:29:29.0718839Z  * [new tag]             0.0.36                 -> 0.0.36
end-workflow	Checkout repository	2026-02-27T11:29:29.0719237Z  * [new tag]             0.0.37                 -> 0.0.37
end-workflow	Checkout repository	2026-02-27T11:29:29.0719631Z  * [new tag]             0.0.38                 -> 0.0.38
end-workflow	Checkout repository	2026-02-27T11:29:29.0720030Z  * [new tag]             0.0.39                 -> 0.0.39
end-workflow	Checkout repository	2026-02-27T11:29:29.0720431Z  * [new tag]             0.0.4                  -> 0.0.4
end-workflow	Checkout repository	2026-02-27T11:29:29.0720821Z  * [new tag]             0.0.40                 -> 0.0.40
end-workflow	Checkout repository	2026-02-27T11:29:29.0721453Z  * [new tag]             0.0.41                 -> 0.0.41
end-workflow	Checkout repository	2026-02-27T11:29:29.0721858Z  * [new tag]             0.0.42                 -> 0.0.42
end-workflow	Checkout repository	2026-02-27T11:29:29.0722254Z  * [new tag]             0.0.43                 -> 0.0.43
end-workflow	Checkout repository	2026-02-27T11:29:29.0722649Z  * [new tag]             0.0.44                 -> 0.0.44
end-workflow	Checkout repository	2026-02-27T11:29:29.0723048Z  * [new tag]             0.0.45                 -> 0.0.45
end-workflow	Checkout repository	2026-02-27T11:29:29.0723445Z  * [new tag]             0.0.46                 -> 0.0.46
end-workflow	Checkout repository	2026-02-27T11:29:29.0723844Z  * [new tag]             0.0.47                 -> 0.0.47
end-workflow	Checkout repository	2026-02-27T11:29:29.0724238Z  * [new tag]             0.0.48                 -> 0.0.48
end-workflow	Checkout repository	2026-02-27T11:29:29.0725378Z  * [new tag]             0.0.49                 -> 0.0.49
end-workflow	Checkout repository	2026-02-27T11:29:29.0725793Z  * [new tag]             0.0.5                  -> 0.0.5
end-workflow	Checkout repository	2026-02-27T11:29:29.0726188Z  * [new tag]             0.0.50                 -> 0.0.50
end-workflow	Checkout repository	2026-02-27T11:29:29.0726600Z  * [new tag]             0.0.51                 -> 0.0.51
end-workflow	Checkout repository	2026-02-27T11:29:29.0726999Z  * [new tag]             0.0.52                 -> 0.0.52
end-workflow	Checkout repository	2026-02-27T11:29:29.0727395Z  * [new tag]             0.0.53                 -> 0.0.53
end-workflow	Checkout repository	2026-02-27T11:29:29.0727791Z  * [new tag]             0.0.54                 -> 0.0.54
end-workflow	Checkout repository	2026-02-27T11:29:29.0728330Z  * [new tag]             0.0.55                 -> 0.0.55
end-workflow	Checkout repository	2026-02-27T11:29:29.0728853Z  * [new tag]             0.0.56                 -> 0.0.56
end-workflow	Checkout repository	2026-02-27T11:29:29.0729247Z  * [new tag]             0.0.57                 -> 0.0.57
end-workflow	Checkout repository	2026-02-27T11:29:29.0729642Z  * [new tag]             0.0.58                 -> 0.0.58
end-workflow	Checkout repository	2026-02-27T11:29:29.0730035Z  * [new tag]             0.0.59                 -> 0.0.59
end-workflow	Checkout repository	2026-02-27T11:29:29.0730432Z  * [new tag]             0.0.6                  -> 0.0.6
end-workflow	Checkout repository	2026-02-27T11:29:29.0730819Z  * [new tag]             0.0.60                 -> 0.0.60
end-workflow	Checkout repository	2026-02-27T11:29:29.0731213Z  * [new tag]             0.0.61                 -> 0.0.61
end-workflow	Checkout repository	2026-02-27T11:29:29.0731613Z  * [new tag]             0.0.62                 -> 0.0.62
end-workflow	Checkout repository	2026-02-27T11:29:29.0732004Z  * [new tag]             0.0.63                 -> 0.0.63
end-workflow	Checkout repository	2026-02-27T11:29:29.0732390Z  * [new tag]             0.0.64                 -> 0.0.64
end-workflow	Checkout repository	2026-02-27T11:29:29.0732987Z  * [new tag]             0.0.65                 -> 0.0.65
end-workflow	Checkout repository	2026-02-27T11:29:29.0733396Z  * [new tag]             0.0.66                 -> 0.0.66
end-workflow	Checkout repository	2026-02-27T11:29:29.0733783Z  * [new tag]             0.0.67                 -> 0.0.67
end-workflow	Checkout repository	2026-02-27T11:29:29.0750872Z  * [new tag]             0.0.68                 -> 0.0.68
end-workflow	Checkout repository	2026-02-27T11:29:29.0751590Z  * [new tag]             0.0.69                 -> 0.0.69
end-workflow	Checkout repository	2026-02-27T11:29:29.0752020Z  * [new tag]             0.0.7                  -> 0.0.7
end-workflow	Checkout repository	2026-02-27T11:29:29.0752419Z  * [new tag]             0.0.70                 -> 0.0.70
end-workflow	Checkout repository	2026-02-27T11:29:29.0752817Z  * [new tag]             0.0.71                 -> 0.0.71
end-workflow	Checkout repository	2026-02-27T11:29:29.0753209Z  * [new tag]             0.0.72                 -> 0.0.72
end-workflow	Checkout repository	2026-02-27T11:29:29.0753939Z  * [new tag]             0.0.73                 -> 0.0.73
end-workflow	Checkout repository	2026-02-27T11:29:29.0754330Z  * [new tag]             0.0.74                 -> 0.0.74
end-workflow	Checkout repository	2026-02-27T11:29:29.0755015Z  * [new tag]             0.0.75                 -> 0.0.75
end-workflow	Checkout repository	2026-02-27T11:29:29.0755421Z  * [new tag]             0.0.76                 -> 0.0.76
end-workflow	Checkout repository	2026-02-27T11:29:29.0755933Z  * [new tag]             0.0.77                 -> 0.0.77
end-workflow	Checkout repository	2026-02-27T11:29:29.0756327Z  * [new tag]             0.0.78                 -> 0.0.78
end-workflow	Checkout repository	2026-02-27T11:29:29.0756718Z  * [new tag]             0.0.79                 -> 0.0.79
end-workflow	Checkout repository	2026-02-27T11:29:29.0757111Z  * [new tag]             0.0.8                  -> 0.0.8
end-workflow	Checkout repository	2026-02-27T11:29:29.0757498Z  * [new tag]             0.0.80                 -> 0.0.80
end-workflow	Checkout repository	2026-02-27T11:29:29.0757892Z  * [new tag]             0.0.81                 -> 0.0.81
end-workflow	Checkout repository	2026-02-27T11:29:29.0758283Z  * [new tag]             0.0.82                 -> 0.0.82
end-workflow	Checkout repository	2026-02-27T11:29:29.0758672Z  * [new tag]             0.0.83                 -> 0.0.83
end-workflow	Checkout repository	2026-02-27T11:29:29.0759335Z  * [new tag]             0.0.84                 -> 0.0.84
end-workflow	Checkout repository	2026-02-27T11:29:29.0759730Z  * [new tag]             0.0.85                 -> 0.0.85
end-workflow	Checkout repository	2026-02-27T11:29:29.0760120Z  * [new tag]             0.0.86                 -> 0.0.86
end-workflow	Checkout repository	2026-02-27T11:29:29.0760504Z  * [new tag]             0.0.87                 -> 0.0.87
end-workflow	Checkout repository	2026-02-27T11:29:29.0760892Z  * [new tag]             0.0.88                 -> 0.0.88
end-workflow	Checkout repository	2026-02-27T11:29:29.0761285Z  * [new tag]             0.0.89                 -> 0.0.89
end-workflow	Checkout repository	2026-02-27T11:29:29.0761677Z  * [new tag]             0.0.9                  -> 0.0.9
end-workflow	Checkout repository	2026-02-27T11:29:29.0762063Z  * [new tag]             0.0.90                 -> 0.0.90
end-workflow	Checkout repository	2026-02-27T11:29:29.0762453Z  * [new tag]             0.0.91                 -> 0.0.91
end-workflow	Checkout repository	2026-02-27T11:29:29.0762841Z  * [new tag]             0.0.92                 -> 0.0.92
end-workflow	Checkout repository	2026-02-27T11:29:29.0763224Z  * [new tag]             0.0.93                 -> 0.0.93
end-workflow	Checkout repository	2026-02-27T11:29:29.0763623Z  * [new tag]             0.0.94                 -> 0.0.94
end-workflow	Checkout repository	2026-02-27T11:29:29.0764022Z  * [new tag]             0.0.95                 -> 0.0.95
end-workflow	Checkout repository	2026-02-27T11:29:29.0764412Z  * [new tag]             0.0.96                 -> 0.0.96
end-workflow	Checkout repository	2026-02-27T11:29:29.0765134Z  * [new tag]             0.0.97                 -> 0.0.97
end-workflow	Checkout repository	2026-02-27T11:29:29.0765532Z  * [new tag]             0.0.98                 -> 0.0.98
end-workflow	Checkout repository	2026-02-27T11:29:29.0765923Z  * [new tag]             0.0.99                 -> 0.0.99
end-workflow	Checkout repository	2026-02-27T11:29:29.0766317Z  * [new tag]             0.1.0                  -> 0.1.0
end-workflow	Checkout repository	2026-02-27T11:29:29.0766708Z  * [new tag]             0.1.1                  -> 0.1.1
end-workflow	Checkout repository	2026-02-27T11:29:29.0767100Z  * [new tag]             0.2.0                  -> 0.2.0
end-workflow	Checkout repository	2026-02-27T11:29:29.0767487Z  * [new tag]             0.3.0                  -> 0.3.0
end-workflow	Checkout repository	2026-02-27T11:29:29.0767875Z  * [new tag]             0.3.1                  -> 0.3.1
end-workflow	Checkout repository	2026-02-27T11:29:29.0768306Z  * [new tag]             0.3.10                 -> 0.3.10
end-workflow	Checkout repository	2026-02-27T11:29:29.0768708Z  * [new tag]             0.3.11                 -> 0.3.11
end-workflow	Checkout repository	2026-02-27T11:29:29.0769097Z  * [new tag]             0.3.12                 -> 0.3.12
end-workflow	Checkout repository	2026-02-27T11:29:29.0769493Z  * [new tag]             0.3.13                 -> 0.3.13
end-workflow	Checkout repository	2026-02-27T11:29:29.0769885Z  * [new tag]             0.3.14                 -> 0.3.14
end-workflow	Checkout repository	2026-02-27T11:29:29.0770270Z  * [new tag]             0.3.15                 -> 0.3.15
end-workflow	Checkout repository	2026-02-27T11:29:29.0770664Z  * [new tag]             0.3.16                 -> 0.3.16
end-workflow	Checkout repository	2026-02-27T11:29:29.0771057Z  * [new tag]             0.3.17                 -> 0.3.17
end-workflow	Checkout repository	2026-02-27T11:29:29.0771443Z  * [new tag]             0.3.2                  -> 0.3.2
end-workflow	Checkout repository	2026-02-27T11:29:29.0771835Z  * [new tag]             0.3.3                  -> 0.3.3
end-workflow	Checkout repository	2026-02-27T11:29:29.0772225Z  * [new tag]             0.3.4                  -> 0.3.4
end-workflow	Checkout repository	2026-02-27T11:29:29.0772611Z  * [new tag]             0.3.5                  -> 0.3.5
end-workflow	Checkout repository	2026-02-27T11:29:29.0772997Z  * [new tag]             0.3.6                  -> 0.3.6
end-workflow	Checkout repository	2026-02-27T11:29:29.0773619Z  * [new tag]             0.3.7                  -> 0.3.7
end-workflow	Checkout repository	2026-02-27T11:29:29.0774008Z  * [new tag]             0.3.8                  -> 0.3.8
end-workflow	Checkout repository	2026-02-27T11:29:29.0774395Z  * [new tag]             0.3.9                  -> 0.3.9
end-workflow	Checkout repository	2026-02-27T11:29:29.0774979Z  * [new tag]             0.4.0                  -> 0.4.0
end-workflow	Checkout repository	2026-02-27T11:29:29.0775494Z  * [new tag]             0.4.1                  -> 0.4.1
end-workflow	Checkout repository	2026-02-27T11:29:29.0775880Z  * [new tag]             0.4.2                  -> 0.4.2
end-workflow	Checkout repository	2026-02-27T11:29:29.0776265Z  * [new tag]             0.4.3                  -> 0.4.3
end-workflow	Checkout repository	2026-02-27T11:29:29.0776653Z  * [new tag]             0.4.4                  -> 0.4.4
end-workflow	Checkout repository	2026-02-27T11:29:29.0777039Z  * [new tag]             0.4.5                  -> 0.4.5
end-workflow	Checkout repository	2026-02-27T11:29:29.0777428Z  * [new tag]             0.4.6                  -> 0.4.6
end-workflow	Checkout repository	2026-02-27T11:29:29.0777809Z  * [new tag]             0.4.7                  -> 0.4.7
end-workflow	Checkout repository	2026-02-27T11:29:29.0778196Z  * [new tag]             0.4.8                  -> 0.4.8
end-workflow	Checkout repository	2026-02-27T11:29:29.0778790Z  * [new tag]             0.4.9                  -> 0.4.9
end-workflow	Checkout repository	2026-02-27T11:29:29.0779182Z  * [new tag]             0.5.0                  -> 0.5.0
end-workflow	Checkout repository	2026-02-27T11:29:29.0779568Z  * [new tag]             0.5.1                  -> 0.5.1
end-workflow	Checkout repository	2026-02-27T11:29:29.0779959Z  * [new tag]             0.5.2                  -> 0.5.2
end-workflow	Checkout repository	2026-02-27T11:29:29.0780348Z  * [new tag]             0.6.0                  -> 0.6.0
end-workflow	Checkout repository	2026-02-27T11:29:29.0780727Z  * [new tag]             0.6.1                  -> 0.6.1
end-workflow	Checkout repository	2026-02-27T11:29:29.0781114Z  * [new tag]             0.6.2                  -> 0.6.2
end-workflow	Checkout repository	2026-02-27T11:29:29.0781500Z  * [new tag]             0.6.3                  -> 0.6.3
end-workflow	Checkout repository	2026-02-27T11:29:29.0781891Z  * [new tag]             0.6.4                  -> 0.6.4
end-workflow	Checkout repository	2026-02-27T11:29:29.0782273Z  * [new tag]             0.6.5                  -> 0.6.5
end-workflow	Checkout repository	2026-02-27T11:29:29.0782663Z  * [new tag]             0.6.6                  -> 0.6.6
end-workflow	Checkout repository	2026-02-27T11:29:29.1007211Z [command]/usr/bin/git branch --list --remote origin/main
end-workflow	Checkout repository	2026-02-27T11:29:29.1094997Z   origin/main
end-workflow	Checkout repository	2026-02-27T11:29:29.1107992Z [command]/usr/bin/git rev-parse refs/remotes/origin/main
end-workflow	Checkout repository	2026-02-27T11:29:29.1148774Z 2323c613c3e0a4a5826173af90c26d388acf17fc
end-workflow	Checkout repository	2026-02-27T11:29:29.1167453Z [command]/usr/bin/git -c protocol.version=2 fetch --no-tags --prune --no-recurse-submodules origin +42681c1ef9b5978e41a4b79a4962345990d0098f:refs/remotes/origin/main
end-workflow	Checkout repository	2026-02-27T11:29:29.1380028Z From https://github.com/Ka0s-Klaus/ka0s
end-workflow	Checkout repository	2026-02-27T11:29:29.1395138Z  + 2323c613c...42681c1ef 42681c1ef9b5978e41a4b79a4962345990d0098f -> origin/main  (forced update)
end-workflow	Checkout repository	2026-02-27T11:29:29.1424203Z ##[endgroup]
end-workflow	Checkout repository	2026-02-27T11:29:29.1425365Z ##[group]Determining the checkout info
end-workflow	Checkout repository	2026-02-27T11:29:29.1425893Z ##[endgroup]
end-workflow	Checkout repository	2026-02-27T11:29:29.1429042Z [command]/usr/bin/git sparse-checkout disable
end-workflow	Checkout repository	2026-02-27T11:29:29.1482559Z [command]/usr/bin/git config --local --unset-all extensions.worktreeConfig
end-workflow	Checkout repository	2026-02-27T11:29:29.1522847Z ##[group]Checking out the ref
end-workflow	Checkout repository	2026-02-27T11:29:29.1525991Z [command]/usr/bin/git checkout --progress --force -B main refs/remotes/origin/main
end-workflow	Checkout repository	2026-02-27T11:29:29.4248144Z Switched to a new branch 'main'
end-workflow	Checkout repository	2026-02-27T11:29:29.4257805Z branch 'main' set up to track 'origin/main'.
end-workflow	Checkout repository	2026-02-27T11:29:29.4317276Z ##[endgroup]
end-workflow	Checkout repository	2026-02-27T11:29:29.4414988Z [command]/usr/bin/git log -1 --format=%H
end-workflow	Checkout repository	2026-02-27T11:29:29.4500045Z 42681c1ef9b5978e41a4b79a4962345990d0098f
end-workflow	Install GH CLI	ï»¿2026-02-27T11:29:29.4877766Z Prepare all required actions
end-workflow	Install GH CLI	2026-02-27T11:29:29.4942021Z ##[group]Run ./.github/actions/install-gh-cli
end-workflow	Install GH CLI	2026-02-27T11:29:29.4942363Z env:
end-workflow	Install GH CLI	2026-02-27T11:29:29.4942571Z   PYTHON_VERSION: 3.9
end-workflow	Install GH CLI	2026-02-27T11:29:29.4943576Z   MONGO_SUPERUSER_CONNECTION: ***
end-workflow	Install GH CLI	2026-02-27T11:29:29.4943984Z   MONGO_NEW_PASS: ***
end-workflow	Install GH CLI	2026-02-27T11:29:29.4944307Z   MONGO_SCRIPT_CREATE: devops/core/mongo/scripts/add-doc-to-db.py
end-workflow	Install GH CLI	2026-02-27T11:29:29.4944859Z   KAOS_CODE: 22484332651
end-workflow	Install GH CLI	2026-02-27T11:29:29.4945123Z   KAOS_MODULE: [Ka0s] Autom add docs to MongoDB
end-workflow	Install GH CLI	2026-02-27T11:29:29.4945425Z   REPORT_SCAN: audit/
end-workflow	Install GH CLI	2026-02-27T11:29:29.4945950Z   REPORT_PATH: audit/mongodb/
end-workflow	Install GH CLI	2026-02-27T11:29:29.4946236Z   REPORT_FILENAME: mongo_setup_22484332651.json
end-workflow	Install GH CLI	2026-02-27T11:29:29.4946570Z   REPORT_FILENAME_LIST: mongo_list_22484332651.json
end-workflow	Install GH CLI	2026-02-27T11:29:29.4946930Z   REPORT_FILENAME_DB: mongo_create_db_22484332651.json
end-workflow	Install GH CLI	2026-02-27T11:29:29.4947371Z ##[endgroup]
end-workflow	Install GH CLI	2026-02-27T11:29:29.5089545Z ##[group]Run type -p curl >/dev/null || (sudo apt-get update && sudo apt-get install curl -y)
end-workflow	Install GH CLI	2026-02-27T11:29:29.5090312Z [36;1mtype -p curl >/dev/null || (sudo apt-get update && sudo apt-get install curl -y)[0m
end-workflow	Install GH CLI	2026-02-27T11:29:29.5091178Z [36;1mcurl -fsSL https://cli.github.com/packages/githubcli-archive-keyring.gpg | sudo dd of=/usr/share/keyrings/githubcli-archive-keyring.gpg \[0m
end-workflow	Install GH CLI	2026-02-27T11:29:29.5091984Z [36;1m&& sudo chmod go+r /usr/share/keyrings/githubcli-archive-keyring.gpg \[0m
end-workflow	Install GH CLI	2026-02-27T11:29:29.5093055Z [36;1m&& echo "deb [arch=$(dpkg --print-architecture) signed-by=/usr/share/keyrings/githubcli-archive-keyring.gpg] https://cli.github.com/packages stable main" | sudo tee /etc/apt/sources.list.d/github-cli.list > /dev/null \[0m
end-workflow	Install GH CLI	2026-02-27T11:29:29.5094053Z [36;1m&& sudo apt-get update \[0m
end-workflow	Install GH CLI	2026-02-27T11:29:29.5094332Z [36;1m&& sudo apt-get install gh -y[0m
end-workflow	Install GH CLI	2026-02-27T11:29:29.5113036Z shell: /usr/bin/bash --noprofile --norc -e -o pipefail {0}
end-workflow	Install GH CLI	2026-02-27T11:29:29.5113430Z env:
end-workflow	Install GH CLI	2026-02-27T11:29:29.5113648Z   PYTHON_VERSION: 3.9
end-workflow	Install GH CLI	2026-02-27T11:29:29.5114877Z   MONGO_SUPERUSER_CONNECTION: ***
end-workflow	Install GH CLI	2026-02-27T11:29:29.5115593Z   MONGO_NEW_PASS: ***
end-workflow	Install GH CLI	2026-02-27T11:29:29.5115917Z   MONGO_SCRIPT_CREATE: devops/core/mongo/scripts/add-doc-to-db.py
end-workflow	Install GH CLI	2026-02-27T11:29:29.5116280Z   KAOS_CODE: 22484332651
end-workflow	Install GH CLI	2026-02-27T11:29:29.5116548Z   KAOS_MODULE: [Ka0s] Autom add docs to MongoDB
end-workflow	Install GH CLI	2026-02-27T11:29:29.5116987Z   REPORT_SCAN: audit/
end-workflow	Install GH CLI	2026-02-27T11:29:29.5117355Z   REPORT_PATH: audit/mongodb/
end-workflow	Install GH CLI	2026-02-27T11:29:29.5117787Z   REPORT_FILENAME: mongo_setup_22484332651.json
end-workflow	Install GH CLI	2026-02-27T11:29:29.5118132Z   REPORT_FILENAME_LIST: mongo_list_22484332651.json
end-workflow	Install GH CLI	2026-02-27T11:29:29.5118512Z   REPORT_FILENAME_DB: mongo_create_db_22484332651.json
end-workflow	Install GH CLI	2026-02-27T11:29:29.5118832Z ##[endgroup]
end-workflow	Install GH CLI	2026-02-27T11:29:29.5993067Z 4+1 records in
end-workflow	Install GH CLI	2026-02-27T11:29:29.6010936Z 4+1 records out
end-workflow	Install GH CLI	2026-02-27T11:29:29.6011296Z 2270 bytes (2.3 kB, 2.2 KiB) copied, 0.06373 s, 35.6 kB/s
end-workflow	Install GH CLI	2026-02-27T11:29:29.7713880Z Get:1 https://cli.github.com/packages stable InRelease [3917 B]
end-workflow	Install GH CLI	2026-02-27T11:29:29.8270592Z Get:2 http://security.ubuntu.com/ubuntu noble-security InRelease [126 kB]
end-workflow	Install GH CLI	2026-02-27T11:29:29.8668761Z Get:3 https://cli.github.com/packages stable/main amd64 Packages [357 B]
end-workflow	Install GH CLI	2026-02-27T11:29:29.9032598Z Get:4 https://ppa.launchpadcontent.net/git-core/ppa/ubuntu noble InRelease [24.3 kB]
end-workflow	Install GH CLI	2026-02-27T11:29:30.0245453Z Get:5 https://ppa.launchpadcontent.net/git-core/ppa/ubuntu noble/main amd64 Packages [2992 B]
end-workflow	Install GH CLI	2026-02-27T11:29:30.1400912Z Get:6 http://security.ubuntu.com/ubuntu noble-security/multiverse amd64 Packages [34.8 kB]
end-workflow	Install GH CLI	2026-02-27T11:29:30.2020612Z Get:7 http://security.ubuntu.com/ubuntu noble-security/restricted amd64 Packages [3262 kB]
end-workflow	Install GH CLI	2026-02-27T11:29:30.3850117Z Get:8 http://archive.ubuntu.com/ubuntu noble InRelease [256 kB]
end-workflow	Install GH CLI	2026-02-27T11:29:30.4606345Z Get:9 http://security.ubuntu.com/ubuntu noble-security/universe amd64 Packages [1242 kB]
end-workflow	Install GH CLI	2026-02-27T11:29:30.4878907Z Get:10 http://security.ubuntu.com/ubuntu noble-security/main amd64 Packages [1883 kB]
end-workflow	Install GH CLI	2026-02-27T11:29:30.5322153Z Get:11 http://archive.ubuntu.com/ubuntu noble-updates InRelease [126 kB]
end-workflow	Install GH CLI	2026-02-27T11:29:30.5785728Z Get:12 http://archive.ubuntu.com/ubuntu noble-backports InRelease [126 kB]
end-workflow	Install GH CLI	2026-02-27T11:29:30.6804355Z Get:13 http://archive.ubuntu.com/ubuntu noble/main amd64 Packages [1808 kB]
end-workflow	Install GH CLI	2026-02-27T11:29:30.8406778Z Get:14 http://archive.ubuntu.com/ubuntu noble/multiverse amd64 Packages [331 kB]
end-workflow	Install GH CLI	2026-02-27T11:29:30.8576609Z Get:15 http://archive.ubuntu.com/ubuntu noble/universe amd64 Packages [19.3 MB]
end-workflow	Install GH CLI	2026-02-27T11:29:31.2060659Z Get:16 http://archive.ubuntu.com/ubuntu noble/restricted amd64 Packages [117 kB]
end-workflow	Install GH CLI	2026-02-27T11:29:31.2288453Z Get:17 http://archive.ubuntu.com/ubuntu noble-updates/main amd64 Packages [2276 kB]
end-workflow	Install GH CLI	2026-02-27T11:29:31.2629004Z Get:18 http://archive.ubuntu.com/ubuntu noble-updates/multiverse amd64 Packages [38.1 kB]
end-workflow	Install GH CLI	2026-02-27T11:29:31.2986378Z Get:19 http://archive.ubuntu.com/ubuntu noble-updates/restricted amd64 Packages [3471 kB]
end-workflow	Install GH CLI	2026-02-27T11:29:31.3436981Z Get:20 http://archive.ubuntu.com/ubuntu noble-updates/universe amd64 Packages [2017 kB]
end-workflow	Install GH CLI	2026-02-27T11:29:31.3595998Z Get:21 http://archive.ubuntu.com/ubuntu noble-backports/universe amd64 Packages [34.6 kB]
end-workflow	Install GH CLI	2026-02-27T11:29:31.3607740Z Get:22 http://archive.ubuntu.com/ubuntu noble-backports/main amd64 Packages [49.5 kB]
end-workflow	Install GH CLI	2026-02-27T11:29:32.5058027Z Fetched 36.5 MB in 3s (13.1 MB/s)
end-workflow	Install GH CLI	2026-02-27T11:29:33.5404740Z Reading package lists...
end-workflow	Install GH CLI	2026-02-27T11:29:34.5669605Z Reading package lists...
end-workflow	Install GH CLI	2026-02-27T11:29:34.8021532Z Building dependency tree...
end-workflow	Install GH CLI	2026-02-27T11:29:34.8022263Z Reading state information...
end-workflow	Install GH CLI	2026-02-27T11:29:35.1995940Z The following NEW packages will be installed:
end-workflow	Install GH CLI	2026-02-27T11:29:35.2015252Z   gh
end-workflow	Install GH CLI	2026-02-27T11:29:35.3393498Z 0 upgraded, 1 newly installed, 0 to remove and 0 not upgraded.
end-workflow	Install GH CLI	2026-02-27T11:29:35.3395056Z Need to get 13.8 MB of archives.
end-workflow	Install GH CLI	2026-02-27T11:29:35.3396321Z After this operation, 38.5 MB of additional disk space will be used.
end-workflow	Install GH CLI	2026-02-27T11:29:35.3398103Z Get:1 https://cli.github.com/packages stable/main amd64 gh amd64 2.87.3 [13.8 MB]
end-workflow	Install GH CLI	2026-02-27T11:29:35.6894002Z debconf: delaying package configuration, since apt-utils is not installed
end-workflow	Install GH CLI	2026-02-27T11:29:35.7359155Z Fetched 13.8 MB in 0s (45.3 MB/s)
end-workflow	Install GH CLI	2026-02-27T11:29:35.7645936Z Selecting previously unselected package gh.
end-workflow	Install GH CLI	2026-02-27T11:29:35.7686281Z (Reading database ... 
end-workflow	Install GH CLI	2026-02-27T11:29:35.7686939Z (Reading database ... 5%
end-workflow	Install GH CLI	2026-02-27T11:29:35.7687481Z (Reading database ... 10%
end-workflow	Install GH CLI	2026-02-27T11:29:35.7687963Z (Reading database ... 15%
end-workflow	Install GH CLI	2026-02-27T11:29:35.7688507Z (Reading database ... 20%
end-workflow	Install GH CLI	2026-02-27T11:29:35.7689042Z (Reading database ... 25%
end-workflow	Install GH CLI	2026-02-27T11:29:35.7689533Z (Reading database ... 30%
end-workflow	Install GH CLI	2026-02-27T11:29:35.7691373Z (Reading database ... 35%
end-workflow	Install GH CLI	2026-02-27T11:29:35.7691638Z (Reading database ... 40%
end-workflow	Install GH CLI	2026-02-27T11:29:35.7691889Z (Reading database ... 45%
end-workflow	Install GH CLI	2026-02-27T11:29:35.7692133Z (Reading database ... 50%
end-workflow	Install GH CLI	2026-02-27T11:29:35.7692375Z (Reading database ... 55%
end-workflow	Install GH CLI	2026-02-27T11:29:35.7692622Z (Reading database ... 60%
end-workflow	Install GH CLI	2026-02-27T11:29:35.7706569Z (Reading database ... 65%
end-workflow	Install GH CLI	2026-02-27T11:29:35.7715913Z (Reading database ... 70%
end-workflow	Install GH CLI	2026-02-27T11:29:35.7725852Z (Reading database ... 75%
end-workflow	Install GH CLI	2026-02-27T11:29:35.7746151Z (Reading database ... 80%
end-workflow	Install GH CLI	2026-02-27T11:29:35.7747245Z (Reading database ... 85%
end-workflow	Install GH CLI	2026-02-27T11:29:35.7755452Z (Reading database ... 90%
end-workflow	Install GH CLI	2026-02-27T11:29:35.7776544Z (Reading database ... 95%
end-workflow	Install GH CLI	2026-02-27T11:29:35.7777371Z (Reading database ... 100%
end-workflow	Install GH CLI	2026-02-27T11:29:35.7778674Z (Reading database ... 14387 files and directories currently installed.)
end-workflow	Install GH CLI	2026-02-27T11:29:35.7787956Z Preparing to unpack .../archives/gh_2.87.3_amd64.deb ...
end-workflow	Install GH CLI	2026-02-27T11:29:35.7820965Z Unpacking gh (2.87.3) ...
end-workflow	Install GH CLI	2026-02-27T11:29:36.0107003Z Setting up gh (2.87.3) ...
end-workflow	Trigger Inspector	ï»¿2026-02-27T11:29:36.0616336Z ##[group]Run gh workflow run inspector.yml \
end-workflow	Trigger Inspector	2026-02-27T11:29:36.0616790Z [36;1mgh workflow run inspector.yml \[0m
end-workflow	Trigger Inspector	2026-02-27T11:29:36.0617172Z [36;1m  -f workflow_name="Ka0s Autom add audit -> MongoDB" \[0m
end-workflow	Trigger Inspector	2026-02-27T11:29:36.0617537Z [36;1m  -f run_id="22484332651" \[0m
end-workflow	Trigger Inspector	2026-02-27T11:29:36.0617811Z [36;1m  -f status="success"[0m
end-workflow	Trigger Inspector	2026-02-27T11:29:36.0618194Z [36;1m# Si todo ha ido correcto aÃ±adimos el contenido del fichero [0m
end-workflow	Trigger Inspector	2026-02-27T11:29:36.0618784Z [36;1mecho "Process completed successfully 22484332651"[0m
end-workflow	Trigger Inspector	2026-02-27T11:29:36.0619193Z [36;1m# RNNUMBER=$(echo "refs/heads/main" | grep -o '[0-9]*')[0m
end-workflow	Trigger Inspector	2026-02-27T11:29:36.0620016Z [36;1m# gh issue comment $RNNUMBER --body "El proceso ha finalizado correctamente 22484332651. El resultado estÃ¡ en el fichero core/results/event_data_22484332651.log"[0m
end-workflow	Trigger Inspector	2026-02-27T11:29:36.0636547Z shell: /usr/bin/bash -e {0}
end-workflow	Trigger Inspector	2026-02-27T11:29:36.0636845Z env:
end-workflow	Trigger Inspector	2026-02-27T11:29:36.0637786Z   PYTHON_VERSION: 3.9
end-workflow	Trigger Inspector	2026-02-27T11:29:36.0638955Z   MONGO_SUPERUSER_CONNECTION: ***
end-workflow	Trigger Inspector	2026-02-27T11:29:36.0639542Z   MONGO_NEW_PASS: ***
end-workflow	Trigger Inspector	2026-02-27T11:29:36.0639984Z   MONGO_SCRIPT_CREATE: devops/core/mongo/scripts/add-doc-to-db.py
end-workflow	Trigger Inspector	2026-02-27T11:29:36.0640367Z   KAOS_CODE: 22484332651
end-workflow	Trigger Inspector	2026-02-27T11:29:36.0640626Z   KAOS_MODULE: [Ka0s] Autom add docs to MongoDB
end-workflow	Trigger Inspector	2026-02-27T11:29:36.0640928Z   REPORT_SCAN: audit/
end-workflow	Trigger Inspector	2026-02-27T11:29:36.0641154Z   REPORT_PATH: audit/mongodb/
end-workflow	Trigger Inspector	2026-02-27T11:29:36.0641444Z   REPORT_FILENAME: mongo_setup_22484332651.json
end-workflow	Trigger Inspector	2026-02-27T11:29:36.0641784Z   REPORT_FILENAME_LIST: mongo_list_22484332651.json
end-workflow	Trigger Inspector	2026-02-27T11:29:36.0642140Z   REPORT_FILENAME_DB: mongo_create_db_22484332651.json
end-workflow	Trigger Inspector	2026-02-27T11:29:36.0642560Z   GH_TOKEN: ***
end-workflow	Trigger Inspector	2026-02-27T11:29:36.0642767Z ##[endgroup]
end-workflow	Trigger Inspector	2026-02-27T11:29:37.9588966Z https://github.com/Ka0s-Klaus/ka0s/actions/runs/22484438552
end-workflow	Trigger Inspector	2026-02-27T11:29:37.9631156Z Process completed successfully 22484332651
end-workflow	Post Checkout repository	ï»¿2026-02-27T11:29:37.9795537Z Post job cleanup.
end-workflow	Post Checkout repository	2026-02-27T11:29:38.1009553Z [command]/usr/bin/git version
end-workflow	Post Checkout repository	2026-02-27T11:29:38.1057175Z git version 2.53.0
end-workflow	Post Checkout repository	2026-02-27T11:29:38.1125802Z Temporarily overriding HOME='/home/runner/_work/_temp/de072ab4-2ea9-4054-a8f7-b04a50742882' before making global git config changes
end-workflow	Post Checkout repository	2026-02-27T11:29:38.1126763Z Adding repository directory to the temporary git global config as a safe directory
end-workflow	Post Checkout repository	2026-02-27T11:29:38.1132347Z [command]/usr/bin/git config --global --add safe.directory /home/runner/_work/ka0s/ka0s
end-workflow	Post Checkout repository	2026-02-27T11:29:38.1183150Z [command]/usr/bin/git config --local --name-only --get-regexp core\.sshCommand
end-workflow	Post Checkout repository	2026-02-27T11:29:38.1243916Z [command]/usr/bin/git submodule foreach --recursive sh -c "git config --local --name-only --get-regexp 'core\.sshCommand' && git config --local --unset-all 'core.sshCommand' || :"
end-workflow	Post Checkout repository	2026-02-27T11:29:38.1602271Z [command]/usr/bin/git config --local --name-only --get-regexp http\.https\:\/\/github\.com\/\.extraheader
end-workflow	Post Checkout repository	2026-02-27T11:29:38.1631165Z http.https://github.com/.extraheader
end-workflow	Post Checkout repository	2026-02-27T11:29:38.1653311Z [command]/usr/bin/git config --local --unset-all http.https://github.com/.extraheader
end-workflow	Post Checkout repository	2026-02-27T11:29:38.1715218Z [command]/usr/bin/git submodule foreach --recursive sh -c "git config --local --name-only --get-regexp 'http\.https\:\/\/github\.com\/\.extraheader' && git config --local --unset-all 'http.https://github.com/.extraheader' || :"
end-workflow	Post Checkout repository	2026-02-27T11:29:38.2128609Z [command]/usr/bin/git config --local --name-only --get-regexp ^includeIf\.gitdir:
end-workflow	Post Checkout repository	2026-02-27T11:29:38.2175553Z [command]/usr/bin/git submodule foreach --recursive git config --local --show-origin --name-only --get-regexp remote.origin.url
end-workflow	Complete job	ï»¿2026-02-27T11:29:38.2701781Z Cleaning up orphan processes
