core-execution	Set up job	Ôªø2026-02-27T12:41:21.0961861Z Current runner version: '2.332.0'
core-execution	Set up job	2026-02-27T12:41:21.0971424Z Runner name: 'swarm-runners-scaleset-hkss5-runner-p9b7m'
core-execution	Set up job	2026-02-27T12:41:21.0972712Z Runner group name: 'Default'
core-execution	Set up job	2026-02-27T12:41:21.0973836Z Machine name: 'swarm-runners-scaleset-hkss5-runner-p9b7m'
core-execution	Set up job	2026-02-27T12:41:21.0977575Z ##[group]GITHUB_TOKEN Permissions
core-execution	Set up job	2026-02-27T12:41:21.0980218Z Actions: write
core-execution	Set up job	2026-02-27T12:41:21.0980896Z Contents: write
core-execution	Set up job	2026-02-27T12:41:21.0981623Z Issues: write
core-execution	Set up job	2026-02-27T12:41:21.0982282Z Metadata: read
core-execution	Set up job	2026-02-27T12:41:21.0982906Z ##[endgroup]
core-execution	Set up job	2026-02-27T12:41:21.0996104Z Secret source: Actions
core-execution	Set up job	2026-02-27T12:41:21.0996997Z Prepare workflow directory
core-execution	Set up job	2026-02-27T12:41:21.1861461Z Prepare all required actions
core-execution	Set up job	2026-02-27T12:41:21.1903228Z Getting action download info
core-execution	Set up job	2026-02-27T12:41:21.8684254Z Download action repository 'actions/checkout@v4' (SHA:34e114876b0b11c390a56381ad16ebd13914f8d5)
core-execution	Set up job	2026-02-27T12:41:22.7342856Z Download action repository 'actions/setup-python@v4' (SHA:7f4fc3e22c37d6ff65e88745f38bd3157c663f7c)
core-execution	Set up job	2026-02-27T12:41:23.7975779Z Complete job name: core-execution
core-execution	Checkout code	Ôªø2026-02-27T12:41:23.9099566Z ##[group]Run actions/checkout@v4
core-execution	Checkout code	2026-02-27T12:41:23.9100843Z with:
core-execution	Checkout code	2026-02-27T12:41:23.9101897Z   token: ***
core-execution	Checkout code	2026-02-27T12:41:23.9102443Z   fetch-depth: 0
core-execution	Checkout code	2026-02-27T12:41:23.9103036Z   repository: Ka0s-Klaus/ka0s
core-execution	Checkout code	2026-02-27T12:41:23.9103721Z   ssh-strict: true
core-execution	Checkout code	2026-02-27T12:41:23.9104273Z   ssh-user: git
core-execution	Checkout code	2026-02-27T12:41:23.9105117Z   persist-credentials: true
core-execution	Checkout code	2026-02-27T12:41:23.9105787Z   clean: true
core-execution	Checkout code	2026-02-27T12:41:23.9106365Z   sparse-checkout-cone-mode: true
core-execution	Checkout code	2026-02-27T12:41:23.9108751Z   fetch-tags: false
core-execution	Checkout code	2026-02-27T12:41:23.9109379Z   show-progress: true
core-execution	Checkout code	2026-02-27T12:41:23.9109978Z   lfs: false
core-execution	Checkout code	2026-02-27T12:41:23.9110509Z   submodules: false
core-execution	Checkout code	2026-02-27T12:41:23.9111115Z   set-safe-directory: true
core-execution	Checkout code	2026-02-27T12:41:23.9112125Z env:
core-execution	Checkout code	2026-02-27T12:41:23.9112681Z   KAOS_MODULE: [Ka0S] GitHub ‚Üí iTop Sync
core-execution	Checkout code	2026-02-27T12:41:23.9113495Z   KAOS_CORRELATION_ID: 22486622144
core-execution	Checkout code	2026-02-27T12:41:23.9135577Z   KAOS_ACTOR: ***
core-execution	Checkout code	2026-02-27T12:41:23.9136343Z ##[endgroup]
core-execution	Checkout code	2026-02-27T12:41:24.1468708Z Syncing repository: Ka0s-Klaus/ka0s
core-execution	Checkout code	2026-02-27T12:41:24.1471400Z ##[group]Getting Git version info
core-execution	Checkout code	2026-02-27T12:41:24.1472435Z Working directory is '/home/runner/_work/ka0s/ka0s'
core-execution	Checkout code	2026-02-27T12:41:24.1473957Z [command]/usr/bin/git version
core-execution	Checkout code	2026-02-27T12:41:24.1576973Z git version 2.53.0
core-execution	Checkout code	2026-02-27T12:41:24.1724076Z ##[endgroup]
core-execution	Checkout code	2026-02-27T12:41:24.1778081Z Temporarily overriding HOME='/home/runner/_work/_temp/b58b2dcd-41a6-4ea3-b008-0a6372019a18' before making global git config changes
core-execution	Checkout code	2026-02-27T12:41:24.1780490Z Adding repository directory to the temporary git global config as a safe directory
core-execution	Checkout code	2026-02-27T12:41:24.1782258Z [command]/usr/bin/git config --global --add safe.directory /home/runner/_work/ka0s/ka0s
core-execution	Checkout code	2026-02-27T12:41:24.2117942Z Deleting the contents of '/home/runner/_work/ka0s/ka0s'
core-execution	Checkout code	2026-02-27T12:41:24.2160963Z ##[group]Initializing the repository
core-execution	Checkout code	2026-02-27T12:41:24.2176280Z [command]/usr/bin/git init /home/runner/_work/ka0s/ka0s
core-execution	Checkout code	2026-02-27T12:41:24.2357911Z hint: Using 'master' as the name for the initial branch. This default branch name
core-execution	Checkout code	2026-02-27T12:41:24.2366346Z hint: will change to "main" in Git 3.0. To configure the initial branch name
core-execution	Checkout code	2026-02-27T12:41:24.2367848Z hint: to use in all of your new repositories, which will suppress this warning,
core-execution	Checkout code	2026-02-27T12:41:24.2368964Z hint: call:
core-execution	Checkout code	2026-02-27T12:41:24.2369433Z hint:
core-execution	Checkout code	2026-02-27T12:41:24.2370094Z hint: 	git config --global init.defaultBranch <name>
core-execution	Checkout code	2026-02-27T12:41:24.2370970Z hint:
core-execution	Checkout code	2026-02-27T12:41:24.2371795Z hint: Names commonly chosen instead of 'master' are 'main', 'trunk' and
core-execution	Checkout code	2026-02-27T12:41:24.2373261Z hint: 'development'. The just-created branch can be renamed via this command:
core-execution	Checkout code	2026-02-27T12:41:24.2374399Z hint:
core-execution	Checkout code	2026-02-27T12:41:24.2409550Z hint: 	git branch -m <name>
core-execution	Checkout code	2026-02-27T12:41:24.2410308Z hint:
core-execution	Checkout code	2026-02-27T12:41:24.2411197Z hint: Disable this message with "git config set advice.defaultBranchName false"
core-execution	Checkout code	2026-02-27T12:41:24.2412677Z Initialized empty Git repository in /home/runner/_work/ka0s/ka0s/.git/
core-execution	Checkout code	2026-02-27T12:41:24.2431956Z [command]/usr/bin/git remote add origin https://github.com/Ka0s-Klaus/ka0s
core-execution	Checkout code	2026-02-27T12:41:24.2520246Z ##[endgroup]
core-execution	Checkout code	2026-02-27T12:41:24.2522289Z ##[group]Disabling automatic garbage collection
core-execution	Checkout code	2026-02-27T12:41:24.2534171Z [command]/usr/bin/git config --local gc.auto 0
core-execution	Checkout code	2026-02-27T12:41:24.2654361Z ##[endgroup]
core-execution	Checkout code	2026-02-27T12:41:24.2655576Z ##[group]Setting up auth
core-execution	Checkout code	2026-02-27T12:41:24.2665972Z [command]/usr/bin/git config --local --name-only --get-regexp core\.sshCommand
core-execution	Checkout code	2026-02-27T12:41:24.2757824Z [command]/usr/bin/git submodule foreach --recursive sh -c "git config --local --name-only --get-regexp 'core\.sshCommand' && git config --local --unset-all 'core.sshCommand' || :"
core-execution	Checkout code	2026-02-27T12:41:24.3228953Z [command]/usr/bin/git config --local --name-only --get-regexp http\.https\:\/\/github\.com\/\.extraheader
core-execution	Checkout code	2026-02-27T12:41:24.3290150Z [command]/usr/bin/git submodule foreach --recursive sh -c "git config --local --name-only --get-regexp 'http\.https\:\/\/github\.com\/\.extraheader' && git config --local --unset-all 'http.https://github.com/.extraheader' || :"
core-execution	Checkout code	2026-02-27T12:41:24.3780695Z [command]/usr/bin/git config --local --name-only --get-regexp ^includeIf\.gitdir:
core-execution	Checkout code	2026-02-27T12:41:24.3844233Z [command]/usr/bin/git submodule foreach --recursive git config --local --show-origin --name-only --get-regexp remote.origin.url
core-execution	Checkout code	2026-02-27T12:41:24.4323220Z [command]/usr/bin/git config --local http.https://github.com/.extraheader AUTHORIZATION: basic ***
core-execution	Checkout code	2026-02-27T12:41:24.4517636Z ##[endgroup]
core-execution	Checkout code	2026-02-27T12:41:24.4518602Z ##[group]Fetching the repository
core-execution	Checkout code	2026-02-27T12:41:24.4520454Z [command]/usr/bin/git -c protocol.version=2 fetch --prune --no-recurse-submodules origin +refs/heads/*:refs/remotes/origin/* +refs/tags/*:refs/tags/*
core-execution	Checkout code	2026-02-27T12:41:49.1524262Z From https://github.com/Ka0s-Klaus/ka0s
core-execution	Checkout code	2026-02-27T12:41:49.1525215Z  * [new branch]          F3450-modelo-operativo -> origin/F3450-modelo-operativo
core-execution	Checkout code	2026-02-27T12:41:49.1525871Z  * [new branch]          H1276-modulo-observabilidad -> origin/H1276-modulo-observabilidad
core-execution	Checkout code	2026-02-27T12:41:49.1526797Z  * [new branch]          H3596-deploy-itop      -> origin/H3596-deploy-itop
core-execution	Checkout code	2026-02-27T12:41:49.1527919Z  * [new branch]          H4170-flujo-detallado-zabbix---github -> origin/H4170-flujo-detallado-zabbix---github
core-execution	Checkout code	2026-02-27T12:41:49.1528656Z  * [new branch]          H4191-request-cambios  -> origin/H4191-request-cambios
core-execution	Checkout code	2026-02-27T12:41:49.1529450Z  * [new branch]          H4200-request-recomendaciones-de-auditoria -> origin/H4200-request-recomendaciones-de-auditoria
core-execution	Checkout code	2026-02-27T12:41:49.1530178Z  * [new branch]          main                   -> origin/main
core-execution	Checkout code	2026-02-27T12:41:49.1530598Z  * [new tag]             0.0.0                  -> 0.0.0
core-execution	Checkout code	2026-02-27T12:41:49.1531008Z  * [new tag]             0.0.1                  -> 0.0.1
core-execution	Checkout code	2026-02-27T12:41:49.1531410Z  * [new tag]             0.0.10                 -> 0.0.10
core-execution	Checkout code	2026-02-27T12:41:49.1531823Z  * [new tag]             0.0.100                -> 0.0.100
core-execution	Checkout code	2026-02-27T12:41:49.1532229Z  * [new tag]             0.0.101                -> 0.0.101
core-execution	Checkout code	2026-02-27T12:41:49.1532625Z  * [new tag]             0.0.102                -> 0.0.102
core-execution	Checkout code	2026-02-27T12:41:49.1533078Z  * [new tag]             0.0.103                -> 0.0.103
core-execution	Checkout code	2026-02-27T12:41:49.1533499Z  * [new tag]             0.0.104                -> 0.0.104
core-execution	Checkout code	2026-02-27T12:41:49.1533882Z  * [new tag]             0.0.105                -> 0.0.105
core-execution	Checkout code	2026-02-27T12:41:49.1534271Z  * [new tag]             0.0.106                -> 0.0.106
core-execution	Checkout code	2026-02-27T12:41:49.1539416Z  * [new tag]             0.0.107                -> 0.0.107
core-execution	Checkout code	2026-02-27T12:41:49.1539819Z  * [new tag]             0.0.108                -> 0.0.108
core-execution	Checkout code	2026-02-27T12:41:49.1540324Z  * [new tag]             0.0.109                -> 0.0.109
core-execution	Checkout code	2026-02-27T12:41:49.1540722Z  * [new tag]             0.0.11                 -> 0.0.11
core-execution	Checkout code	2026-02-27T12:41:49.1541228Z  * [new tag]             0.0.110                -> 0.0.110
core-execution	Checkout code	2026-02-27T12:41:49.1541599Z  * [new tag]             0.0.111                -> 0.0.111
core-execution	Checkout code	2026-02-27T12:41:49.1542678Z  * [new tag]             0.0.112                -> 0.0.112
core-execution	Checkout code	2026-02-27T12:41:49.1543062Z  * [new tag]             0.0.113                -> 0.0.113
core-execution	Checkout code	2026-02-27T12:41:49.1543427Z  * [new tag]             0.0.114                -> 0.0.114
core-execution	Checkout code	2026-02-27T12:41:49.1543839Z  * [new tag]             0.0.115                -> 0.0.115
core-execution	Checkout code	2026-02-27T12:41:49.1544216Z  * [new tag]             0.0.116                -> 0.0.116
core-execution	Checkout code	2026-02-27T12:41:49.1545493Z  * [new tag]             0.0.117                -> 0.0.117
core-execution	Checkout code	2026-02-27T12:41:49.1546339Z  * [new tag]             0.0.118                -> 0.0.118
core-execution	Checkout code	2026-02-27T12:41:49.1546724Z  * [new tag]             0.0.119                -> 0.0.119
core-execution	Checkout code	2026-02-27T12:41:49.1547110Z  * [new tag]             0.0.12                 -> 0.0.12
core-execution	Checkout code	2026-02-27T12:41:49.1547637Z  * [new tag]             0.0.120                -> 0.0.120
core-execution	Checkout code	2026-02-27T12:41:49.1548094Z  * [new tag]             0.0.121                -> 0.0.121
core-execution	Checkout code	2026-02-27T12:41:49.1548473Z  * [new tag]             0.0.122                -> 0.0.122
core-execution	Checkout code	2026-02-27T12:41:49.1548863Z  * [new tag]             0.0.123                -> 0.0.123
core-execution	Checkout code	2026-02-27T12:41:49.1549552Z  * [new tag]             0.0.124                -> 0.0.124
core-execution	Checkout code	2026-02-27T12:41:49.1549930Z  * [new tag]             0.0.125                -> 0.0.125
core-execution	Checkout code	2026-02-27T12:41:49.1550308Z  * [new tag]             0.0.126                -> 0.0.126
core-execution	Checkout code	2026-02-27T12:41:49.1550684Z  * [new tag]             0.0.127                -> 0.0.127
core-execution	Checkout code	2026-02-27T12:41:49.1551064Z  * [new tag]             0.0.128                -> 0.0.128
core-execution	Checkout code	2026-02-27T12:41:49.1551445Z  * [new tag]             0.0.129                -> 0.0.129
core-execution	Checkout code	2026-02-27T12:41:49.1551826Z  * [new tag]             0.0.13                 -> 0.0.13
core-execution	Checkout code	2026-02-27T12:41:49.1552208Z  * [new tag]             0.0.130                -> 0.0.130
core-execution	Checkout code	2026-02-27T12:41:49.1552587Z  * [new tag]             0.0.131                -> 0.0.131
core-execution	Checkout code	2026-02-27T12:41:49.1552968Z  * [new tag]             0.0.132                -> 0.0.132
core-execution	Checkout code	2026-02-27T12:41:49.1553355Z  * [new tag]             0.0.133                -> 0.0.133
core-execution	Checkout code	2026-02-27T12:41:49.1553752Z  * [new tag]             0.0.134                -> 0.0.134
core-execution	Checkout code	2026-02-27T12:41:49.1554134Z  * [new tag]             0.0.135                -> 0.0.135
core-execution	Checkout code	2026-02-27T12:41:49.1554666Z  * [new tag]             0.0.136                -> 0.0.136
core-execution	Checkout code	2026-02-27T12:41:49.1555072Z  * [new tag]             0.0.137                -> 0.0.137
core-execution	Checkout code	2026-02-27T12:41:49.1555453Z  * [new tag]             0.0.138                -> 0.0.138
core-execution	Checkout code	2026-02-27T12:41:49.1555833Z  * [new tag]             0.0.139                -> 0.0.139
core-execution	Checkout code	2026-02-27T12:41:49.1556213Z  * [new tag]             0.0.14                 -> 0.0.14
core-execution	Checkout code	2026-02-27T12:41:49.1556706Z  * [new tag]             0.0.140                -> 0.0.140
core-execution	Checkout code	2026-02-27T12:41:49.1557097Z  * [new tag]             0.0.141                -> 0.0.141
core-execution	Checkout code	2026-02-27T12:41:49.1557481Z  * [new tag]             0.0.142                -> 0.0.142
core-execution	Checkout code	2026-02-27T12:41:49.1557875Z  * [new tag]             0.0.143                -> 0.0.143
core-execution	Checkout code	2026-02-27T12:41:49.1558274Z  * [new tag]             0.0.144                -> 0.0.144
core-execution	Checkout code	2026-02-27T12:41:49.1558777Z  * [new tag]             0.0.145                -> 0.0.145
core-execution	Checkout code	2026-02-27T12:41:49.1559160Z  * [new tag]             0.0.146                -> 0.0.146
core-execution	Checkout code	2026-02-27T12:41:49.1559543Z  * [new tag]             0.0.147                -> 0.0.147
core-execution	Checkout code	2026-02-27T12:41:49.1559914Z  * [new tag]             0.0.148                -> 0.0.148
core-execution	Checkout code	2026-02-27T12:41:49.1560290Z  * [new tag]             0.0.149                -> 0.0.149
core-execution	Checkout code	2026-02-27T12:41:49.1560671Z  * [new tag]             0.0.15                 -> 0.0.15
core-execution	Checkout code	2026-02-27T12:41:49.1561056Z  * [new tag]             0.0.150                -> 0.0.150
core-execution	Checkout code	2026-02-27T12:41:49.1561465Z  * [new tag]             0.0.151                -> 0.0.151
core-execution	Checkout code	2026-02-27T12:41:49.1561849Z  * [new tag]             0.0.152                -> 0.0.152
core-execution	Checkout code	2026-02-27T12:41:49.1562245Z  * [new tag]             0.0.153                -> 0.0.153
core-execution	Checkout code	2026-02-27T12:41:49.1563118Z  * [new tag]             0.0.154                -> 0.0.154
core-execution	Checkout code	2026-02-27T12:41:49.1563521Z  * [new tag]             0.0.155                -> 0.0.155
core-execution	Checkout code	2026-02-27T12:41:49.1563925Z  * [new tag]             0.0.156                -> 0.0.156
core-execution	Checkout code	2026-02-27T12:41:49.1564325Z  * [new tag]             0.0.157                -> 0.0.157
core-execution	Checkout code	2026-02-27T12:41:49.1564961Z  * [new tag]             0.0.158                -> 0.0.158
core-execution	Checkout code	2026-02-27T12:41:49.1565622Z  * [new tag]             0.0.159                -> 0.0.159
core-execution	Checkout code	2026-02-27T12:41:49.1566014Z  * [new tag]             0.0.16                 -> 0.0.16
core-execution	Checkout code	2026-02-27T12:41:49.1566410Z  * [new tag]             0.0.160                -> 0.0.160
core-execution	Checkout code	2026-02-27T12:41:49.1566804Z  * [new tag]             0.0.161                -> 0.0.161
core-execution	Checkout code	2026-02-27T12:41:49.1567206Z  * [new tag]             0.0.162                -> 0.0.162
core-execution	Checkout code	2026-02-27T12:41:49.1567608Z  * [new tag]             0.0.163                -> 0.0.163
core-execution	Checkout code	2026-02-27T12:41:49.1568005Z  * [new tag]             0.0.164                -> 0.0.164
core-execution	Checkout code	2026-02-27T12:41:49.1568409Z  * [new tag]             0.0.165                -> 0.0.165
core-execution	Checkout code	2026-02-27T12:41:49.1569046Z  * [new tag]             0.0.166                -> 0.0.166
core-execution	Checkout code	2026-02-27T12:41:49.1569441Z  * [new tag]             0.0.167                -> 0.0.167
core-execution	Checkout code	2026-02-27T12:41:49.1569838Z  * [new tag]             0.0.168                -> 0.0.168
core-execution	Checkout code	2026-02-27T12:41:49.1570231Z  * [new tag]             0.0.169                -> 0.0.169
core-execution	Checkout code	2026-02-27T12:41:49.1570628Z  * [new tag]             0.0.17                 -> 0.0.17
core-execution	Checkout code	2026-02-27T12:41:49.1571021Z  * [new tag]             0.0.170                -> 0.0.170
core-execution	Checkout code	2026-02-27T12:41:49.1571409Z  * [new tag]             0.0.171                -> 0.0.171
core-execution	Checkout code	2026-02-27T12:41:49.1571802Z  * [new tag]             0.0.172                -> 0.0.172
core-execution	Checkout code	2026-02-27T12:41:49.1572194Z  * [new tag]             0.0.173                -> 0.0.173
core-execution	Checkout code	2026-02-27T12:41:49.1572589Z  * [new tag]             0.0.174                -> 0.0.174
core-execution	Checkout code	2026-02-27T12:41:49.1572983Z  * [new tag]             0.0.175                -> 0.0.175
core-execution	Checkout code	2026-02-27T12:41:49.1573386Z  * [new tag]             0.0.176                -> 0.0.176
core-execution	Checkout code	2026-02-27T12:41:49.1573788Z  * [new tag]             0.0.177                -> 0.0.177
core-execution	Checkout code	2026-02-27T12:41:49.1574185Z  * [new tag]             0.0.178                -> 0.0.178
core-execution	Checkout code	2026-02-27T12:41:49.1574783Z  * [new tag]             0.0.179                -> 0.0.179
core-execution	Checkout code	2026-02-27T12:41:49.1575200Z  * [new tag]             0.0.18                 -> 0.0.18
core-execution	Checkout code	2026-02-27T12:41:49.1575595Z  * [new tag]             0.0.19                 -> 0.0.19
core-execution	Checkout code	2026-02-27T12:41:49.1575993Z  * [new tag]             0.0.2                  -> 0.0.2
core-execution	Checkout code	2026-02-27T12:41:49.1576391Z  * [new tag]             0.0.20                 -> 0.0.20
core-execution	Checkout code	2026-02-27T12:41:49.1576784Z  * [new tag]             0.0.21                 -> 0.0.21
core-execution	Checkout code	2026-02-27T12:41:49.1593422Z  * [new tag]             0.0.22                 -> 0.0.22
core-execution	Checkout code	2026-02-27T12:41:49.1594070Z  * [new tag]             0.0.23                 -> 0.0.23
core-execution	Checkout code	2026-02-27T12:41:49.1595718Z  * [new tag]             0.0.24                 -> 0.0.24
core-execution	Checkout code	2026-02-27T12:41:49.1596159Z  * [new tag]             0.0.25                 -> 0.0.25
core-execution	Checkout code	2026-02-27T12:41:49.1596717Z  * [new tag]             0.0.26                 -> 0.0.26
core-execution	Checkout code	2026-02-27T12:41:49.1597122Z  * [new tag]             0.0.27                 -> 0.0.27
core-execution	Checkout code	2026-02-27T12:41:49.1597529Z  * [new tag]             0.0.28                 -> 0.0.28
core-execution	Checkout code	2026-02-27T12:41:49.1597927Z  * [new tag]             0.0.29                 -> 0.0.29
core-execution	Checkout code	2026-02-27T12:41:49.1598332Z  * [new tag]             0.0.3                  -> 0.0.3
core-execution	Checkout code	2026-02-27T12:41:49.1598729Z  * [new tag]             0.0.30                 -> 0.0.30
core-execution	Checkout code	2026-02-27T12:41:49.1599132Z  * [new tag]             0.0.31                 -> 0.0.31
core-execution	Checkout code	2026-02-27T12:41:49.1599529Z  * [new tag]             0.0.32                 -> 0.0.32
core-execution	Checkout code	2026-02-27T12:41:49.1599918Z  * [new tag]             0.0.33                 -> 0.0.33
core-execution	Checkout code	2026-02-27T12:41:49.1600307Z  * [new tag]             0.0.34                 -> 0.0.34
core-execution	Checkout code	2026-02-27T12:41:49.1601032Z  * [new tag]             0.0.35                 -> 0.0.35
core-execution	Checkout code	2026-02-27T12:41:49.1601431Z  * [new tag]             0.0.36                 -> 0.0.36
core-execution	Checkout code	2026-02-27T12:41:49.1601824Z  * [new tag]             0.0.37                 -> 0.0.37
core-execution	Checkout code	2026-02-27T12:41:49.1602215Z  * [new tag]             0.0.38                 -> 0.0.38
core-execution	Checkout code	2026-02-27T12:41:49.1602609Z  * [new tag]             0.0.39                 -> 0.0.39
core-execution	Checkout code	2026-02-27T12:41:49.1603006Z  * [new tag]             0.0.4                  -> 0.0.4
core-execution	Checkout code	2026-02-27T12:41:49.1603395Z  * [new tag]             0.0.40                 -> 0.0.40
core-execution	Checkout code	2026-02-27T12:41:49.1603787Z  * [new tag]             0.0.41                 -> 0.0.41
core-execution	Checkout code	2026-02-27T12:41:49.1604177Z  * [new tag]             0.0.42                 -> 0.0.42
core-execution	Checkout code	2026-02-27T12:41:49.1604755Z  * [new tag]             0.0.43                 -> 0.0.43
core-execution	Checkout code	2026-02-27T12:41:49.1605160Z  * [new tag]             0.0.44                 -> 0.0.44
core-execution	Checkout code	2026-02-27T12:41:49.1605551Z  * [new tag]             0.0.45                 -> 0.0.45
core-execution	Checkout code	2026-02-27T12:41:49.1605950Z  * [new tag]             0.0.46                 -> 0.0.46
core-execution	Checkout code	2026-02-27T12:41:49.1606565Z  * [new tag]             0.0.47                 -> 0.0.47
core-execution	Checkout code	2026-02-27T12:41:49.1606959Z  * [new tag]             0.0.48                 -> 0.0.48
core-execution	Checkout code	2026-02-27T12:41:49.1607348Z  * [new tag]             0.0.49                 -> 0.0.49
core-execution	Checkout code	2026-02-27T12:41:49.1607741Z  * [new tag]             0.0.5                  -> 0.0.5
core-execution	Checkout code	2026-02-27T12:41:49.1608130Z  * [new tag]             0.0.50                 -> 0.0.50
core-execution	Checkout code	2026-02-27T12:41:49.1608527Z  * [new tag]             0.0.51                 -> 0.0.51
core-execution	Checkout code	2026-02-27T12:41:49.1608953Z  * [new tag]             0.0.52                 -> 0.0.52
core-execution	Checkout code	2026-02-27T12:41:49.1609357Z  * [new tag]             0.0.53                 -> 0.0.53
core-execution	Checkout code	2026-02-27T12:41:49.1609790Z  * [new tag]             0.0.54                 -> 0.0.54
core-execution	Checkout code	2026-02-27T12:41:49.1610205Z  * [new tag]             0.0.55                 -> 0.0.55
core-execution	Checkout code	2026-02-27T12:41:49.1610649Z  * [new tag]             0.0.56                 -> 0.0.56
core-execution	Checkout code	2026-02-27T12:41:49.1611290Z  * [new tag]             0.0.57                 -> 0.0.57
core-execution	Checkout code	2026-02-27T12:41:49.1611667Z  * [new tag]             0.0.58                 -> 0.0.58
core-execution	Checkout code	2026-02-27T12:41:49.1612036Z  * [new tag]             0.0.59                 -> 0.0.59
core-execution	Checkout code	2026-02-27T12:41:49.1612398Z  * [new tag]             0.0.6                  -> 0.0.6
core-execution	Checkout code	2026-02-27T12:41:49.1612768Z  * [new tag]             0.0.60                 -> 0.0.60
core-execution	Checkout code	2026-02-27T12:41:49.1613133Z  * [new tag]             0.0.61                 -> 0.0.61
core-execution	Checkout code	2026-02-27T12:41:49.1613497Z  * [new tag]             0.0.62                 -> 0.0.62
core-execution	Checkout code	2026-02-27T12:41:49.1613860Z  * [new tag]             0.0.63                 -> 0.0.63
core-execution	Checkout code	2026-02-27T12:41:49.1614226Z  * [new tag]             0.0.64                 -> 0.0.64
core-execution	Checkout code	2026-02-27T12:41:49.1614649Z  * [new tag]             0.0.65                 -> 0.0.65
core-execution	Checkout code	2026-02-27T12:41:49.1615515Z  * [new tag]             0.0.66                 -> 0.0.66
core-execution	Checkout code	2026-02-27T12:41:49.1615877Z  * [new tag]             0.0.67                 -> 0.0.67
core-execution	Checkout code	2026-02-27T12:41:49.1616249Z  * [new tag]             0.0.68                 -> 0.0.68
core-execution	Checkout code	2026-02-27T12:41:49.1616616Z  * [new tag]             0.0.69                 -> 0.0.69
core-execution	Checkout code	2026-02-27T12:41:49.1616982Z  * [new tag]             0.0.7                  -> 0.0.7
core-execution	Checkout code	2026-02-27T12:41:49.1617349Z  * [new tag]             0.0.70                 -> 0.0.70
core-execution	Checkout code	2026-02-27T12:41:49.1617713Z  * [new tag]             0.0.71                 -> 0.0.71
core-execution	Checkout code	2026-02-27T12:41:49.1618082Z  * [new tag]             0.0.72                 -> 0.0.72
core-execution	Checkout code	2026-02-27T12:41:49.1618448Z  * [new tag]             0.0.73                 -> 0.0.73
core-execution	Checkout code	2026-02-27T12:41:49.1618811Z  * [new tag]             0.0.74                 -> 0.0.74
core-execution	Checkout code	2026-02-27T12:41:49.1619176Z  * [new tag]             0.0.75                 -> 0.0.75
core-execution	Checkout code	2026-02-27T12:41:49.1619537Z  * [new tag]             0.0.76                 -> 0.0.76
core-execution	Checkout code	2026-02-27T12:41:49.1619899Z  * [new tag]             0.0.77                 -> 0.0.77
core-execution	Checkout code	2026-02-27T12:41:49.1620474Z  * [new tag]             0.0.78                 -> 0.0.78
core-execution	Checkout code	2026-02-27T12:41:49.1620847Z  * [new tag]             0.0.79                 -> 0.0.79
core-execution	Checkout code	2026-02-27T12:41:49.1621208Z  * [new tag]             0.0.8                  -> 0.0.8
core-execution	Checkout code	2026-02-27T12:41:49.1621574Z  * [new tag]             0.0.80                 -> 0.0.80
core-execution	Checkout code	2026-02-27T12:41:49.1621938Z  * [new tag]             0.0.81                 -> 0.0.81
core-execution	Checkout code	2026-02-27T12:41:49.1622302Z  * [new tag]             0.0.82                 -> 0.0.82
core-execution	Checkout code	2026-02-27T12:41:49.1622667Z  * [new tag]             0.0.83                 -> 0.0.83
core-execution	Checkout code	2026-02-27T12:41:49.1623030Z  * [new tag]             0.0.84                 -> 0.0.84
core-execution	Checkout code	2026-02-27T12:41:49.1623392Z  * [new tag]             0.0.85                 -> 0.0.85
core-execution	Checkout code	2026-02-27T12:41:49.1623753Z  * [new tag]             0.0.86                 -> 0.0.86
core-execution	Checkout code	2026-02-27T12:41:49.1624121Z  * [new tag]             0.0.87                 -> 0.0.87
core-execution	Checkout code	2026-02-27T12:41:49.1624483Z  * [new tag]             0.0.88                 -> 0.0.88
core-execution	Checkout code	2026-02-27T12:41:49.1625270Z  * [new tag]             0.0.89                 -> 0.0.89
core-execution	Checkout code	2026-02-27T12:41:49.1625962Z  * [new tag]             0.0.9                  -> 0.0.9
core-execution	Checkout code	2026-02-27T12:41:49.1626327Z  * [new tag]             0.0.90                 -> 0.0.90
core-execution	Checkout code	2026-02-27T12:41:49.1626695Z  * [new tag]             0.0.91                 -> 0.0.91
core-execution	Checkout code	2026-02-27T12:41:49.1627053Z  * [new tag]             0.0.92                 -> 0.0.92
core-execution	Checkout code	2026-02-27T12:41:49.1627417Z  * [new tag]             0.0.93                 -> 0.0.93
core-execution	Checkout code	2026-02-27T12:41:49.1627777Z  * [new tag]             0.0.94                 -> 0.0.94
core-execution	Checkout code	2026-02-27T12:41:49.1628140Z  * [new tag]             0.0.95                 -> 0.0.95
core-execution	Checkout code	2026-02-27T12:41:49.1628505Z  * [new tag]             0.0.96                 -> 0.0.96
core-execution	Checkout code	2026-02-27T12:41:49.1628870Z  * [new tag]             0.0.97                 -> 0.0.97
core-execution	Checkout code	2026-02-27T12:41:49.1629232Z  * [new tag]             0.0.98                 -> 0.0.98
core-execution	Checkout code	2026-02-27T12:41:49.1629597Z  * [new tag]             0.0.99                 -> 0.0.99
core-execution	Checkout code	2026-02-27T12:41:49.1629969Z  * [new tag]             0.1.0                  -> 0.1.0
core-execution	Checkout code	2026-02-27T12:41:49.1630335Z  * [new tag]             0.1.1                  -> 0.1.1
core-execution	Checkout code	2026-02-27T12:41:49.1630697Z  * [new tag]             0.2.0                  -> 0.2.0
core-execution	Checkout code	2026-02-27T12:41:49.1631461Z  * [new tag]             0.3.0                  -> 0.3.0
core-execution	Checkout code	2026-02-27T12:41:49.1631829Z  * [new tag]             0.3.1                  -> 0.3.1
core-execution	Checkout code	2026-02-27T12:41:49.1632319Z  * [new tag]             0.3.10                 -> 0.3.10
core-execution	Checkout code	2026-02-27T12:41:49.1632685Z  * [new tag]             0.3.11                 -> 0.3.11
core-execution	Checkout code	2026-02-27T12:41:49.1633054Z  * [new tag]             0.3.12                 -> 0.3.12
core-execution	Checkout code	2026-02-27T12:41:49.1633420Z  * [new tag]             0.3.13                 -> 0.3.13
core-execution	Checkout code	2026-02-27T12:41:49.1633786Z  * [new tag]             0.3.14                 -> 0.3.14
core-execution	Checkout code	2026-02-27T12:41:49.1634152Z  * [new tag]             0.3.15                 -> 0.3.15
core-execution	Checkout code	2026-02-27T12:41:49.1634568Z  * [new tag]             0.3.16                 -> 0.3.16
core-execution	Checkout code	2026-02-27T12:41:49.1635356Z  * [new tag]             0.3.17                 -> 0.3.17
core-execution	Checkout code	2026-02-27T12:41:49.1635852Z  * [new tag]             0.3.2                  -> 0.3.2
core-execution	Checkout code	2026-02-27T12:41:49.1636223Z  * [new tag]             0.3.3                  -> 0.3.3
core-execution	Checkout code	2026-02-27T12:41:49.1636589Z  * [new tag]             0.3.4                  -> 0.3.4
core-execution	Checkout code	2026-02-27T12:41:49.1637224Z  * [new tag]             0.3.5                  -> 0.3.5
core-execution	Checkout code	2026-02-27T12:41:49.1637722Z  * [new tag]             0.3.6                  -> 0.3.6
core-execution	Checkout code	2026-02-27T12:41:49.1638085Z  * [new tag]             0.3.7                  -> 0.3.7
core-execution	Checkout code	2026-02-27T12:41:49.1638446Z  * [new tag]             0.3.8                  -> 0.3.8
core-execution	Checkout code	2026-02-27T12:41:49.1638805Z  * [new tag]             0.3.9                  -> 0.3.9
core-execution	Checkout code	2026-02-27T12:41:49.1639166Z  * [new tag]             0.4.0                  -> 0.4.0
core-execution	Checkout code	2026-02-27T12:41:49.1639526Z  * [new tag]             0.4.1                  -> 0.4.1
core-execution	Checkout code	2026-02-27T12:41:49.1639893Z  * [new tag]             0.4.2                  -> 0.4.2
core-execution	Checkout code	2026-02-27T12:41:49.1640453Z  * [new tag]             0.4.3                  -> 0.4.3
core-execution	Checkout code	2026-02-27T12:41:49.1640821Z  * [new tag]             0.4.4                  -> 0.4.4
core-execution	Checkout code	2026-02-27T12:41:49.1641183Z  * [new tag]             0.4.5                  -> 0.4.5
core-execution	Checkout code	2026-02-27T12:41:49.1641542Z  * [new tag]             0.4.6                  -> 0.4.6
core-execution	Checkout code	2026-02-27T12:41:49.1641901Z  * [new tag]             0.4.7                  -> 0.4.7
core-execution	Checkout code	2026-02-27T12:41:49.1642548Z  * [new tag]             0.4.8                  -> 0.4.8
core-execution	Checkout code	2026-02-27T12:41:49.1642933Z  * [new tag]             0.4.9                  -> 0.4.9
core-execution	Checkout code	2026-02-27T12:41:49.1643315Z  * [new tag]             0.5.0                  -> 0.5.0
core-execution	Checkout code	2026-02-27T12:41:49.1643697Z  * [new tag]             0.5.1                  -> 0.5.1
core-execution	Checkout code	2026-02-27T12:41:49.1644196Z  * [new tag]             0.5.2                  -> 0.5.2
core-execution	Checkout code	2026-02-27T12:41:49.1644832Z  * [new tag]             0.6.0                  -> 0.6.0
core-execution	Checkout code	2026-02-27T12:41:49.1645450Z  * [new tag]             0.6.1                  -> 0.6.1
core-execution	Checkout code	2026-02-27T12:41:49.1645815Z  * [new tag]             0.6.2                  -> 0.6.2
core-execution	Checkout code	2026-02-27T12:41:49.1646415Z  * [new tag]             0.6.3                  -> 0.6.3
core-execution	Checkout code	2026-02-27T12:41:49.1646776Z  * [new tag]             0.6.4                  -> 0.6.4
core-execution	Checkout code	2026-02-27T12:41:49.1647135Z  * [new tag]             0.6.5                  -> 0.6.5
core-execution	Checkout code	2026-02-27T12:41:49.1647494Z  * [new tag]             0.6.6                  -> 0.6.6
core-execution	Checkout code	2026-02-27T12:41:49.1939667Z [command]/usr/bin/git branch --list --remote origin/main
core-execution	Checkout code	2026-02-27T12:41:49.2011410Z   origin/main
core-execution	Checkout code	2026-02-27T12:41:49.2023238Z [command]/usr/bin/git rev-parse refs/remotes/origin/main
core-execution	Checkout code	2026-02-27T12:41:49.2055989Z 2ee901250ae7d56aebdcffc28a354ee4c3b9ffea
core-execution	Checkout code	2026-02-27T12:41:49.2070736Z [command]/usr/bin/git -c protocol.version=2 fetch --no-tags --prune --no-recurse-submodules origin +054411b870c62f16a925d3d2063bc255238c9e6b:refs/remotes/origin/main
core-execution	Checkout code	2026-02-27T12:41:49.2262851Z From https://github.com/Ka0s-Klaus/ka0s
core-execution	Checkout code	2026-02-27T12:41:49.2263583Z  + 2ee901250...054411b87 054411b870c62f16a925d3d2063bc255238c9e6b -> origin/main  (forced update)
core-execution	Checkout code	2026-02-27T12:41:49.2300970Z ##[endgroup]
core-execution	Checkout code	2026-02-27T12:41:49.2301507Z ##[group]Determining the checkout info
core-execution	Checkout code	2026-02-27T12:41:49.2301998Z ##[endgroup]
core-execution	Checkout code	2026-02-27T12:41:49.2308283Z [command]/usr/bin/git sparse-checkout disable
core-execution	Checkout code	2026-02-27T12:41:49.2359556Z [command]/usr/bin/git config --local --unset-all extensions.worktreeConfig
core-execution	Checkout code	2026-02-27T12:41:49.2397232Z ##[group]Checking out the ref
core-execution	Checkout code	2026-02-27T12:41:49.2402623Z [command]/usr/bin/git checkout --progress --force -B main refs/remotes/origin/main
core-execution	Checkout code	2026-02-27T12:41:49.4955597Z Switched to a new branch 'main'
core-execution	Checkout code	2026-02-27T12:41:49.4960532Z branch 'main' set up to track 'origin/main'.
core-execution	Checkout code	2026-02-27T12:41:49.5008698Z ##[endgroup]
core-execution	Checkout code	2026-02-27T12:41:49.5071458Z [command]/usr/bin/git log -1 --format=%H
core-execution	Checkout code	2026-02-27T12:41:49.5106766Z 054411b870c62f16a925d3d2063bc255238c9e6b
core-execution	Set up Python	Ôªø2026-02-27T12:41:49.5391086Z ##[group]Run actions/setup-python@v4
core-execution	Set up Python	2026-02-27T12:41:49.5391436Z with:
core-execution	Set up Python	2026-02-27T12:41:49.5391651Z   python-version: 3.10
core-execution	Set up Python	2026-02-27T12:41:49.5391898Z   check-latest: false
core-execution	Set up Python	2026-02-27T12:41:49.5392303Z   token: ***
core-execution	Set up Python	2026-02-27T12:41:49.5392533Z   update-environment: true
core-execution	Set up Python	2026-02-27T12:41:49.5401717Z   allow-prereleases: false
core-execution	Set up Python	2026-02-27T12:41:49.5402045Z env:
core-execution	Set up Python	2026-02-27T12:41:49.5402272Z   KAOS_MODULE: [Ka0S] GitHub ‚Üí iTop Sync
core-execution	Set up Python	2026-02-27T12:41:49.5402590Z   KAOS_CORRELATION_ID: 22486622144
core-execution	Set up Python	2026-02-27T12:41:49.5402932Z   KAOS_ACTOR: ***
core-execution	Set up Python	2026-02-27T12:41:49.5403156Z ##[endgroup]
core-execution	Set up Python	2026-02-27T12:41:49.7337213Z ##[group]Installed versions
core-execution	Set up Python	2026-02-27T12:41:49.7349391Z Version 3.10 was not found in the local cache
core-execution	Set up Python	2026-02-27T12:41:50.7174312Z Version 3.10 is available for downloading
core-execution	Set up Python	2026-02-27T12:41:50.7175843Z Download from "https://github.com/actions/python-versions/releases/download/3.10.19-18393196481/python-3.10.19-linux-24.04-x64.tar.gz"
core-execution	Set up Python	2026-02-27T12:41:51.9308377Z Extract downloaded archive
core-execution	Set up Python	2026-02-27T12:41:51.9470113Z [command]/usr/bin/tar xz --warning=no-unknown-keyword -C /home/runner/_work/_temp/c86dd640-7d99-4e07-adf8-5394057975cf -f /home/runner/_work/_temp/fe93b6dd-76b6-48a5-bbd5-4020b0a643db
core-execution	Set up Python	2026-02-27T12:41:53.6435082Z Execute installation script
core-execution	Set up Python	2026-02-27T12:41:53.6541006Z Check if Python hostedtoolcache folder exist...
core-execution	Set up Python	2026-02-27T12:41:53.6541448Z Creating Python hostedtoolcache folder...
core-execution	Set up Python	2026-02-27T12:41:53.6555022Z Create Python 3.10.19 folder
core-execution	Set up Python	2026-02-27T12:41:53.6570692Z Copy Python binaries to hostedtoolcache folder
core-execution	Set up Python	2026-02-27T12:41:54.6557610Z Create additional symlinks (Required for the UsePythonVersion Azure Pipelines task and the setup-python GitHub Action)
core-execution	Set up Python	2026-02-27T12:41:54.6607050Z Upgrading pip...
core-execution	Set up Python	2026-02-27T12:41:57.3309443Z Looking in links: /tmp/tmpn_wahhjk
core-execution	Set up Python	2026-02-27T12:41:57.3314025Z Requirement already satisfied: setuptools in /home/runner/_work/_tool/Python/3.10.19/x64/lib/python3.10/site-packages (79.0.1)
core-execution	Set up Python	2026-02-27T12:41:57.3318643Z Requirement already satisfied: pip in /home/runner/_work/_tool/Python/3.10.19/x64/lib/python3.10/site-packages (23.0.1)
core-execution	Set up Python	2026-02-27T12:41:58.6403971Z Collecting pip
core-execution	Set up Python	2026-02-27T12:41:58.6927206Z Downloading pip-26.0.1-py3-none-any.whl (1.8 MB)
core-execution	Set up Python	2026-02-27T12:41:58.7595730Z ‚îÅ‚îÅ‚îÅ‚îÅ‚îÅ‚îÅ‚îÅ‚îÅ‚îÅ‚îÅ‚îÅ‚îÅ‚îÅ‚îÅ‚îÅ‚îÅ‚îÅ‚îÅ‚îÅ‚îÅ‚îÅ‚îÅ‚îÅ‚îÅ‚îÅ‚îÅ‚îÅ‚îÅ‚îÅ‚îÅ‚îÅ‚îÅ‚îÅ‚îÅ‚îÅ‚îÅ‚îÅ‚îÅ‚îÅ‚îÅ 1.8/1.8 MB 27.9 MB/s eta 0:00:00
core-execution	Set up Python	2026-02-27T12:41:58.7596322Z 
core-execution	Set up Python	2026-02-27T12:41:58.8231208Z Installing collected packages: pip
core-execution	Set up Python	2026-02-27T12:41:58.8231954Z Attempting uninstall: pip
core-execution	Set up Python	2026-02-27T12:41:58.8239780Z Found existing installation: pip 23.0.1
core-execution	Set up Python	2026-02-27T12:41:59.1300545Z Uninstalling pip-23.0.1:
core-execution	Set up Python	2026-02-27T12:41:59.1402671Z Successfully uninstalled pip-23.0.1
core-execution	Set up Python	2026-02-27T12:42:00.0550734Z Successfully installed pip-26.0.1
core-execution	Set up Python	2026-02-27T12:42:00.1574652Z Create complete file
core-execution	Set up Python	2026-02-27T12:42:00.1620754Z Successfully set up CPython (3.10.19)
core-execution	Set up Python	2026-02-27T12:42:00.1622055Z ##[endgroup]
core-execution	Install dependencies	Ôªø2026-02-27T12:42:00.1823128Z ##[group]Run pip install requests
core-execution	Install dependencies	2026-02-27T12:42:00.1823606Z [36;1mpip install requests[0m
core-execution	Install dependencies	2026-02-27T12:42:00.1841406Z shell: /usr/bin/bash -e {0}
core-execution	Install dependencies	2026-02-27T12:42:00.1841745Z env:
core-execution	Install dependencies	2026-02-27T12:42:00.1841980Z   KAOS_MODULE: [Ka0S] GitHub ‚Üí iTop Sync
core-execution	Install dependencies	2026-02-27T12:42:00.1842297Z   KAOS_CORRELATION_ID: 22486622144
core-execution	Install dependencies	2026-02-27T12:42:00.1842693Z   KAOS_ACTOR: ***
core-execution	Install dependencies	2026-02-27T12:42:00.1843014Z   pythonLocation: /home/runner/_work/_tool/Python/3.10.19/x64
core-execution	Install dependencies	2026-02-27T12:42:00.1843534Z   PKG_CONFIG_PATH: /home/runner/_work/_tool/Python/3.10.19/x64/lib/pkgconfig
core-execution	Install dependencies	2026-02-27T12:42:00.1844040Z   Python_ROOT_DIR: /home/runner/_work/_tool/Python/3.10.19/x64
core-execution	Install dependencies	2026-02-27T12:42:00.1844623Z   Python2_ROOT_DIR: /home/runner/_work/_tool/Python/3.10.19/x64
core-execution	Install dependencies	2026-02-27T12:42:00.1845090Z   Python3_ROOT_DIR: /home/runner/_work/_tool/Python/3.10.19/x64
core-execution	Install dependencies	2026-02-27T12:42:00.1845548Z   LD_LIBRARY_PATH: /home/runner/_work/_tool/Python/3.10.19/x64/lib
core-execution	Install dependencies	2026-02-27T12:42:00.1845932Z ##[endgroup]
core-execution	Install dependencies	2026-02-27T12:42:00.6990800Z Collecting requests
core-execution	Install dependencies	2026-02-27T12:42:00.7726691Z   Downloading requests-2.32.5-py3-none-any.whl.metadata (4.9 kB)
core-execution	Install dependencies	2026-02-27T12:42:00.9208803Z Collecting charset_normalizer<4,>=2 (from requests)
core-execution	Install dependencies	2026-02-27T12:42:00.9301738Z   Downloading charset_normalizer-3.4.4-cp310-cp310-manylinux2014_x86_64.manylinux_2_17_x86_64.manylinux_2_28_x86_64.whl.metadata (37 kB)
core-execution	Install dependencies	2026-02-27T12:42:00.9672226Z Collecting idna<4,>=2.5 (from requests)
core-execution	Install dependencies	2026-02-27T12:42:00.9737710Z   Downloading idna-3.11-py3-none-any.whl.metadata (8.4 kB)
core-execution	Install dependencies	2026-02-27T12:42:01.0166629Z Collecting urllib3<3,>=1.21.1 (from requests)
core-execution	Install dependencies	2026-02-27T12:42:01.0264480Z   Downloading urllib3-2.6.3-py3-none-any.whl.metadata (6.9 kB)
core-execution	Install dependencies	2026-02-27T12:42:01.0697687Z Collecting certifi>=2017.4.17 (from requests)
core-execution	Install dependencies	2026-02-27T12:42:01.0767281Z   Downloading certifi-2026.2.25-py3-none-any.whl.metadata (2.5 kB)
core-execution	Install dependencies	2026-02-27T12:42:01.0925510Z Downloading requests-2.32.5-py3-none-any.whl (64 kB)
core-execution	Install dependencies	2026-02-27T12:42:01.1101077Z Downloading charset_normalizer-3.4.4-cp310-cp310-manylinux2014_x86_64.manylinux_2_17_x86_64.manylinux_2_28_x86_64.whl (153 kB)
core-execution	Install dependencies	2026-02-27T12:42:01.1375285Z Downloading idna-3.11-py3-none-any.whl (71 kB)
core-execution	Install dependencies	2026-02-27T12:42:01.1566200Z Downloading urllib3-2.6.3-py3-none-any.whl (131 kB)
core-execution	Install dependencies	2026-02-27T12:42:01.1721386Z Downloading certifi-2026.2.25-py3-none-any.whl (153 kB)
core-execution	Install dependencies	2026-02-27T12:42:01.2188223Z Installing collected packages: urllib3, idna, charset_normalizer, certifi, requests
core-execution	Install dependencies	2026-02-27T12:42:01.5205171Z 
core-execution	Install dependencies	2026-02-27T12:42:01.5223637Z Successfully installed certifi-2026.2.25 charset_normalizer-3.4.4 idna-3.11 requests-2.32.5 urllib3-2.6.3
core-execution	Run Sync Script	Ôªø2026-02-27T12:42:01.7229083Z ##[group]Run python .github/scripts/github-sync-itop.py > result.json
core-execution	Run Sync Script	2026-02-27T12:42:01.7229747Z [36;1mpython .github/scripts/github-sync-itop.py > result.json[0m
core-execution	Run Sync Script	2026-02-27T12:42:01.7243686Z shell: /usr/bin/bash -e {0}
core-execution	Run Sync Script	2026-02-27T12:42:01.7243973Z env:
core-execution	Run Sync Script	2026-02-27T12:42:01.7244210Z   KAOS_MODULE: [Ka0S] GitHub ‚Üí iTop Sync
core-execution	Run Sync Script	2026-02-27T12:42:01.7244645Z   KAOS_CORRELATION_ID: 22486622144
core-execution	Run Sync Script	2026-02-27T12:42:01.7245068Z   KAOS_ACTOR: ***
core-execution	Run Sync Script	2026-02-27T12:42:01.7245499Z   pythonLocation: /home/runner/_work/_tool/Python/3.10.19/x64
core-execution	Run Sync Script	2026-02-27T12:42:01.7245977Z   PKG_CONFIG_PATH: /home/runner/_work/_tool/Python/3.10.19/x64/lib/pkgconfig
core-execution	Run Sync Script	2026-02-27T12:42:01.7246474Z   Python_ROOT_DIR: /home/runner/_work/_tool/Python/3.10.19/x64
core-execution	Run Sync Script	2026-02-27T12:42:01.7246905Z   Python2_ROOT_DIR: /home/runner/_work/_tool/Python/3.10.19/x64
core-execution	Run Sync Script	2026-02-27T12:42:01.7247332Z   Python3_ROOT_DIR: /home/runner/_work/_tool/Python/3.10.19/x64
core-execution	Run Sync Script	2026-02-27T12:42:01.7247768Z   LD_LIBRARY_PATH: /home/runner/_work/_tool/Python/3.10.19/x64/lib
core-execution	Run Sync Script	2026-02-27T12:42:01.7248218Z   ITOP_URL: ***
core-execution	Run Sync Script	2026-02-27T12:42:01.7248454Z   ITOP_API_USER: ***
core-execution	Run Sync Script	2026-02-27T12:42:01.7248724Z   ITOP_API_PASSWORD: ***
core-execution	Run Sync Script	2026-02-27T12:42:01.7248977Z   ITOP_ORIGIN: ***
core-execution	Run Sync Script	2026-02-27T12:42:01.7249199Z   ITOP_IMPACT_DEPARTMENT: 
core-execution	Run Sync Script	2026-02-27T12:42:01.7249448Z   ITOP_IMPACT_SERVICE: 
core-execution	Run Sync Script	2026-02-27T12:42:01.7249678Z   ITOP_IMPACT_PERSON: 
core-execution	Run Sync Script	2026-02-27T12:42:01.7249921Z   ITOP_URGENCY_CRITICAL: 
core-execution	Run Sync Script	2026-02-27T12:42:01.7250157Z   ITOP_URGENCY_HIGH: 
core-execution	Run Sync Script	2026-02-27T12:42:01.7250382Z   ITOP_URGENCY_MEDIUM: 
core-execution	Run Sync Script	2026-02-27T12:42:01.7250612Z   ITOP_URGENCY_LOW: 
core-execution	Run Sync Script	2026-02-27T12:42:01.7250845Z   GITHUB_EVENT_NAME: issue_comment
core-execution	Run Sync Script	2026-02-27T12:42:01.7251123Z   GITHUB_EVENT_ACTION: created
core-execution	Run Sync Script	2026-02-27T12:42:01.7265157Z   GITHUB_ISSUE_PAYLOAD: {
core-execution	Run Sync Script	  "active_lock_reason": null,
core-execution	Run Sync Script	  "assignee": null,
core-execution	Run Sync Script	  "assignees": [],
core-execution	Run Sync Script	  "author_association": "CONTRIBUTOR",
core-execution	Run Sync Script	  "body": "### Organizacion\n\n***\n\n### Solicitante\n\n@ka0sc0re\n\n### Origen\n\nPortal\n\n### Impacto\n\nPerson\n\n### Urgencia\n\nlow\n\n### Servicio / CI\n\nk8s / workloads\n\n### Subcategor√≠a de Servicio (Service Subcategory)\n\n_No response_\n\n### Incidencias Relacionadas (URLs o IDs)\n\n_No response_\n\n### Descripci√≥n (mandatory)\n\nTest 1\n\n### Producto (si aplica)\n\n_No response_\n\n### Cambio Relacionado (Change)\n\n_No response_\n\n### Equipo (Team responsable, si aplica)\n\n_No response_\n\n### Agente (Person asignada, si aplica)\n\n_No response_\n\n### Hip√≥tesis\n\nHipotesis 1\n\n### Plan de Investigaci√≥n\n\nPlan de Inventigacion 1",
core-execution	Run Sync Script	  "closed_at": null,
core-execution	Run Sync Script	  "comments": 2,
core-execution	Run Sync Script	  "comments_url": "https://api.github.com/repos/Ka0s-Klaus/ka0s/issues/4280/comments",
core-execution	Run Sync Script	  "created_at": "2026-02-27T12:26:40Z",
core-execution	Run Sync Script	  "events_url": "https://api.github.com/repos/Ka0s-Klaus/ka0s/issues/4280/events",
core-execution	Run Sync Script	  "html_url": "https://github.com/Ka0s-Klaus/ka0s/issues/4280",
core-execution	Run Sync Script	  "id": 4000794589,
core-execution	Run Sync Script	  "issue_dependencies_summary": {
core-execution	Run Sync Script	    "blocked_by": 0,
core-execution	Run Sync Script	    "blocking": 0,
core-execution	Run Sync Script	    "total_blocked_by": 0,
core-execution	Run Sync Script	    "total_blocking": 0
core-execution	Run Sync Script	  },
core-execution	Run Sync Script	  "labels": [
core-execution	Run Sync Script	    {
core-execution	Run Sync Script	      "color": "fbca04",
core-execution	Run Sync Script	      "default": false,
core-execution	Run Sync Script	      "description": "Needs triage",
core-execution	Run Sync Script	      "id": 10286701401,
core-execution	Run Sync Script	      "name": "triage",
core-execution	Run Sync Script	      "node_id": "LA_kwDONx6uGM8AAAACZSKbWQ",
core-execution	Run Sync Script	      "url": "https://api.github.com/repos/Ka0s-Klaus/ka0s/labels/triage"
core-execution	Run Sync Script	    },
core-execution	Run Sync Script	    {
core-execution	Run Sync Script	      "color": "d73a4a",
core-execution	Run Sync Script	      "default": false,
core-execution	Run Sync Script	      "description": "Problem detected by iTop/Audit",
core-execution	Run Sync Script	      "id": 10287086273,
core-execution	Run Sync Script	      "name": "itop-problem",
core-execution	Run Sync Script	      "node_id": "LA_kwDONx6uGM8AAAACZSh6wQ",
core-execution	Run Sync Script	      "url": "https://api.github.com/repos/Ka0s-Klaus/ka0s/labels/itop-problem"
core-execution	Run Sync Script	    }
core-execution	Run Sync Script	  ],
core-execution	Run Sync Script	  "labels_url": "https://api.github.com/repos/Ka0s-Klaus/ka0s/issues/4280/labels{/name}",
core-execution	Run Sync Script	  "locked": false,
core-execution	Run Sync Script	  "milestone": null,
core-execution	Run Sync Script	  "node_id": "I_kwDONx6uGM7ud0fd",
core-execution	Run Sync Script	  "number": 4280,
core-execution	Run Sync Script	  "performed_via_github_app": null,
core-execution	Run Sync Script	  "pinned_comment": null,
core-execution	Run Sync Script	  "reactions": {
core-execution	Run Sync Script	    "+1": 0,
core-execution	Run Sync Script	    "-1": 0,
core-execution	Run Sync Script	    "confused": 0,
core-execution	Run Sync Script	    "eyes": 0,
core-execution	Run Sync Script	    "heart": 0,
core-execution	Run Sync Script	    "hooray": 0,
core-execution	Run Sync Script	    "laugh": 0,
core-execution	Run Sync Script	    "rocket": 0,
core-execution	Run Sync Script	    "total_count": 0,
core-execution	Run Sync Script	    "url": "https://api.github.com/repos/Ka0s-Klaus/ka0s/issues/4280/reactions"
core-execution	Run Sync Script	  },
core-execution	Run Sync Script	  "repository_url": "https://api.github.com/repos/Ka0s-Klaus/ka0s",
core-execution	Run Sync Script	  "state": "open",
core-execution	Run Sync Script	  "state_reason": null,
core-execution	Run Sync Script	  "sub_issues_summary": {
core-execution	Run Sync Script	    "completed": 0,
core-execution	Run Sync Script	    "percent_completed": 0,
core-execution	Run Sync Script	    "total": 0
core-execution	Run Sync Script	  },
core-execution	Run Sync Script	  "timeline_url": "https://api.github.com/repos/Ka0s-Klaus/ka0s/issues/4280/timeline",
core-execution	Run Sync Script	  "title": "[PROBLEM]:  IV Pruebas completas de funcionalidad de problemas",
core-execution	Run Sync Script	  "type": null,
core-execution	Run Sync Script	  "updated_at": "2026-02-27T12:41:10Z",
core-execution	Run Sync Script	  "url": "https://api.github.com/repos/Ka0s-Klaus/ka0s/issues/4280",
core-execution	Run Sync Script	  "user": {
core-execution	Run Sync Script	    "avatar_url": "https://avatars.githubusercontent.com/u/197097473?v=4",
core-execution	Run Sync Script	    "events_url": "https://api.github.com/users/***/events{/privacy}",
core-execution	Run Sync Script	    "followers_url": "https://api.github.com/users/***/followers",
core-execution	Run Sync Script	    "following_url": "https://api.github.com/users/***/following{/other_user}",
core-execution	Run Sync Script	    "gists_url": "https://api.github.com/users/***/gists{/gist_id}",
core-execution	Run Sync Script	    "gravatar_id": "",
core-execution	Run Sync Script	    "html_url": "https://github.com/***",
core-execution	Run Sync Script	    "id": 197097473,
core-execution	Run Sync Script	    "login": "***",
core-execution	Run Sync Script	    "node_id": "U_kgDOC794AQ",
core-execution	Run Sync Script	    "organizations_url": "https://api.github.com/users/***/orgs",
core-execution	Run Sync Script	    "received_events_url": "https://api.github.com/users/***/received_events",
core-execution	Run Sync Script	    "repos_url": "https://api.github.com/users/***/repos",
core-execution	Run Sync Script	    "site_admin": false,
core-execution	Run Sync Script	    "starred_url": "https://api.github.com/users/***/starred{/owner}{/repo}",
core-execution	Run Sync Script	    "subscriptions_url": "https://api.github.com/users/***/subscriptions",
core-execution	Run Sync Script	    "type": "User",
core-execution	Run Sync Script	    "url": "https://api.github.com/users/***",
core-execution	Run Sync Script	    "user_view_type": "public"
core-execution	Run Sync Script	  }
core-execution	Run Sync Script	}
core-execution	Run Sync Script	2026-02-27T12:42:01.7285980Z   GITHUB_COMMENT_PAYLOAD: {
core-execution	Run Sync Script	  "author_association": "MEMBER",
core-execution	Run Sync Script	  "body": "# Plan de Investigaci√≥n\nPlan de Inventigacion 1",
core-execution	Run Sync Script	  "created_at": "2026-02-27T12:41:10Z",
core-execution	Run Sync Script	  "html_url": "https://github.com/Ka0s-Klaus/ka0s/issues/4280#issuecomment-3972758339",
core-execution	Run Sync Script	  "id": 3972758339,
core-execution	Run Sync Script	  "issue_url": "https://api.github.com/repos/Ka0s-Klaus/ka0s/issues/4280",
core-execution	Run Sync Script	  "node_id": "IC_kwDONx6uGM7sy3tD",
core-execution	Run Sync Script	  "performed_via_github_app": null,
core-execution	Run Sync Script	  "pin": null,
core-execution	Run Sync Script	  "reactions": {
core-execution	Run Sync Script	    "+1": 0,
core-execution	Run Sync Script	    "-1": 0,
core-execution	Run Sync Script	    "confused": 0,
core-execution	Run Sync Script	    "eyes": 0,
core-execution	Run Sync Script	    "heart": 0,
core-execution	Run Sync Script	    "hooray": 0,
core-execution	Run Sync Script	    "laugh": 0,
core-execution	Run Sync Script	    "rocket": 0,
core-execution	Run Sync Script	    "total_count": 0,
core-execution	Run Sync Script	    "url": "https://api.github.com/repos/Ka0s-Klaus/ka0s/issues/comments/3972758339/reactions"
core-execution	Run Sync Script	  },
core-execution	Run Sync Script	  "updated_at": "2026-02-27T12:41:10Z",
core-execution	Run Sync Script	  "url": "https://api.github.com/repos/Ka0s-Klaus/ka0s/issues/comments/3972758339",
core-execution	Run Sync Script	  "user": {
core-execution	Run Sync Script	    "avatar_url": "https://avatars.githubusercontent.com/u/197097473?v=4",
core-execution	Run Sync Script	    "events_url": "https://api.github.com/users/***/events{/privacy}",
core-execution	Run Sync Script	    "followers_url": "https://api.github.com/users/***/followers",
core-execution	Run Sync Script	    "following_url": "https://api.github.com/users/***/following{/other_user}",
core-execution	Run Sync Script	    "gists_url": "https://api.github.com/users/***/gists{/gist_id}",
core-execution	Run Sync Script	    "gravatar_id": "",
core-execution	Run Sync Script	    "html_url": "https://github.com/***",
core-execution	Run Sync Script	    "id": 197097473,
core-execution	Run Sync Script	    "login": "***",
core-execution	Run Sync Script	    "node_id": "U_kgDOC794AQ",
core-execution	Run Sync Script	    "organizations_url": "https://api.github.com/users/***/orgs",
core-execution	Run Sync Script	    "received_events_url": "https://api.github.com/users/***/received_events",
core-execution	Run Sync Script	    "repos_url": "https://api.github.com/users/***/repos",
core-execution	Run Sync Script	    "site_admin": false,
core-execution	Run Sync Script	    "starred_url": "https://api.github.com/users/***/starred{/owner}{/repo}",
core-execution	Run Sync Script	    "subscriptions_url": "https://api.github.com/users/***/subscriptions",
core-execution	Run Sync Script	    "type": "User",
core-execution	Run Sync Script	    "url": "https://api.github.com/users/***",
core-execution	Run Sync Script	    "user_view_type": "public"
core-execution	Run Sync Script	  }
core-execution	Run Sync Script	}
core-execution	Run Sync Script	2026-02-27T12:42:01.7292286Z   GITHUB_REPO_FULL_NAME: Ka0s-Klaus/ka0s
core-execution	Run Sync Script	2026-02-27T12:42:01.7292573Z ##[endgroup]
core-execution	Run Sync Script	2026-02-27T12:42:01.9125210Z /home/runner/_work/_tool/Python/3.10.19/x64/lib/python3.10/site-packages/urllib3/connectionpool.py:1097: InsecureRequestWarning: Unverified HTTPS request is being made to host 'itsm.ka0s.io'. Adding certificate verification is strongly advised. See: https://urllib3.readthedocs.io/en/latest/advanced-usage.html#tls-warnings
core-execution	Run Sync Script	2026-02-27T12:42:01.9127189Z   warnings.warn(
core-execution	Run Sync Script	2026-02-27T12:42:02.0506708Z /home/runner/_work/_tool/Python/3.10.19/x64/lib/python3.10/site-packages/urllib3/connectionpool.py:1097: InsecureRequestWarning: Unverified HTTPS request is being made to host 'itsm.ka0s.io'. Adding certificate verification is strongly advised. See: https://urllib3.readthedocs.io/en/latest/advanced-usage.html#tls-warnings
core-execution	Run Sync Script	2026-02-27T12:42:02.0508935Z   warnings.warn(
core-execution	Save audit log	Ôªø2026-02-27T12:42:02.1897271Z ##[group]Run # Si result.json no existe o est√° vac√≠o, no hacemos nada.
core-execution	Save audit log	2026-02-27T12:42:02.1897884Z [36;1m# Si result.json no existe o est√° vac√≠o, no hacemos nada.[0m
core-execution	Save audit log	2026-02-27T12:42:02.1898291Z [36;1mif [ ! -s result.json ]; then[0m
core-execution	Save audit log	2026-02-27T12:42:02.1898754Z [36;1m  echo "result.json no encontrado o vac√≠o. No se crear√° log de auditor√≠a."[0m
core-execution	Save audit log	2026-02-27T12:42:02.1899399Z [36;1m  # Establecemos una salida para que el siguiente paso sepa que no debe ejecutarse[0m
core-execution	Save audit log	2026-02-27T12:42:02.1899978Z [36;1m  echo "audit_file_created=false" >> $GITHUB_OUTPUT[0m
core-execution	Save audit log	2026-02-27T12:42:02.1900328Z [36;1m  exit 0[0m
core-execution	Save audit log	2026-02-27T12:42:02.1900543Z [36;1mfi[0m
core-execution	Save audit log	2026-02-27T12:42:02.1900738Z [36;1m[0m
core-execution	Save audit log	2026-02-27T12:42:02.1901009Z [36;1m# Instalamos jq para leer el JSON de forma segura[0m
core-execution	Save audit log	2026-02-27T12:42:02.1901376Z [36;1msudo apt-get install -y jq[0m
core-execution	Save audit log	2026-02-27T12:42:02.1901652Z [36;1m[0m
core-execution	Save audit log	2026-02-27T12:42:02.1901864Z [36;1mmkdir -p audit/sync[0m
core-execution	Save audit log	2026-02-27T12:42:02.1902157Z [36;1mTIMESTAMP=$(date -u +"%Y%m%d_%H%M%S")[0m
core-execution	Save audit log	2026-02-27T12:42:02.1902608Z [36;1m# Extraemos el n√∫mero de issue del JSON de forma segura[0m
core-execution	Save audit log	2026-02-27T12:42:02.1903113Z [36;1mISSUE_ID=$(jq -r '.github_ref | split("/")[-1] // "NOREF"' result.json)[0m
core-execution	Save audit log	2026-02-27T12:42:02.1903832Z [36;1m# Intentamos obtener la referencia de iTop (ref) de la respuesta; si no existe, caemos a itop_key; si no, unknown[0m
core-execution	Save audit log	2026-02-27T12:42:02.1904435Z [36;1mITOP_REF=$(jq -r '[0m
core-execution	Save audit log	2026-02-27T12:42:02.1905483Z [36;1m  (try (.create.response.objects | to_entries[0].value.fields.ref) catch empty) //[0m
core-execution	Save audit log	2026-02-27T12:42:02.1906154Z [36;1m  (try (.update.response.objects | to_entries[0].value.fields.ref) catch empty) //[0m
core-execution	Save audit log	2026-02-27T12:42:02.1906810Z [36;1m  (try (.close.response.objects  | to_entries[0].value.fields.ref) catch empty) //[0m
core-execution	Save audit log	2026-02-27T12:42:02.1907314Z [36;1m  .itop_key // "NOREF"' result.json)[0m
core-execution	Save audit log	2026-02-27T12:42:02.1907668Z [36;1m# Saneamos la ref para nombre de fichero[0m
core-execution	Save audit log	2026-02-27T12:42:02.1908069Z [36;1mSAFE_ITOP_REF=$(echo "$ITOP_REF" | tr ' /:\\' '____')[0m
core-execution	Save audit log	2026-02-27T12:42:02.1908515Z [36;1m# Nuevo esquema: <timestamp>_<itop_ref>_<issue>.json[0m
core-execution	Save audit log	2026-02-27T12:42:02.1909010Z [36;1mFILENAME="audit/sync/${TIMESTAMP}_${SAFE_ITOP_REF}_${ISSUE_ID}.json"[0m
core-execution	Save audit log	2026-02-27T12:42:02.1909429Z [36;1m[0m
core-execution	Save audit log	2026-02-27T12:42:02.1909645Z [36;1mmv result.json $FILENAME[0m
core-execution	Save audit log	2026-02-27T12:42:02.1909915Z [36;1m[0m
core-execution	Save audit log	2026-02-27T12:42:02.1910288Z [36;1m# Si hay error en la llamada a iTop, generamos adem√°s un fichero de error expl√≠cito[0m
core-execution	Save audit log	2026-02-27T12:42:02.1910773Z [36;1mHAS_ERROR=$(jq -r '[0m
core-execution	Save audit log	2026-02-27T12:42:02.1911062Z [36;1m  if (.status? == "error") then "true"[0m
core-execution	Save audit log	2026-02-27T12:42:02.1911435Z [36;1m  elif (.create?.status? == "error") then "true"[0m
core-execution	Save audit log	2026-02-27T12:42:02.1911830Z [36;1m  elif (.update?.status? == "error") then "true"[0m
core-execution	Save audit log	2026-02-27T12:42:02.1912226Z [36;1m  elif (.close?.status? == "error") then "true"[0m
core-execution	Save audit log	2026-02-27T12:42:02.1912565Z [36;1m  else "false" end[0m
core-execution	Save audit log	2026-02-27T12:42:02.1912822Z [36;1m' "$FILENAME")[0m
core-execution	Save audit log	2026-02-27T12:42:02.1913064Z [36;1m[0m
core-execution	Save audit log	2026-02-27T12:42:02.1913286Z [36;1mif [ "$HAS_ERROR" = "true" ]; then[0m
core-execution	Save audit log	2026-02-27T12:42:02.1913766Z [36;1m  ERROR_FILENAME="audit/sync/${TIMESTAMP}_${SAFE_ITOP_REF}_${ISSUE_ID}_ERROR.json"[0m
core-execution	Save audit log	2026-02-27T12:42:02.1914269Z [36;1m  cp "$FILENAME" "$ERROR_FILENAME"[0m
core-execution	Save audit log	2026-02-27T12:42:02.1914618Z [36;1mfi[0m
core-execution	Save audit log	2026-02-27T12:42:02.1914817Z [36;1m[0m
core-execution	Save audit log	2026-02-27T12:42:02.1915068Z [36;1mecho "AUDIT_FILE=$FILENAME" >> $GITHUB_ENV[0m
core-execution	Save audit log	2026-02-27T12:42:02.1915754Z [36;1mecho "audit_file_created=true" >> $GITHUB_OUTPUT[0m
core-execution	Save audit log	2026-02-27T12:42:02.1928490Z shell: /usr/bin/bash -e {0}
core-execution	Save audit log	2026-02-27T12:42:02.1928764Z env:
core-execution	Save audit log	2026-02-27T12:42:02.1928990Z   KAOS_MODULE: [Ka0S] GitHub ‚Üí iTop Sync
core-execution	Save audit log	2026-02-27T12:42:02.1929306Z   KAOS_CORRELATION_ID: 22486622144
core-execution	Save audit log	2026-02-27T12:42:02.1929829Z   KAOS_ACTOR: ***
core-execution	Save audit log	2026-02-27T12:42:02.1930154Z   pythonLocation: /home/runner/_work/_tool/Python/3.10.19/x64
core-execution	Save audit log	2026-02-27T12:42:02.1930655Z   PKG_CONFIG_PATH: /home/runner/_work/_tool/Python/3.10.19/x64/lib/pkgconfig
core-execution	Save audit log	2026-02-27T12:42:02.1931496Z   Python_ROOT_DIR: /home/runner/_work/_tool/Python/3.10.19/x64
core-execution	Save audit log	2026-02-27T12:42:02.1931950Z   Python2_ROOT_DIR: /home/runner/_work/_tool/Python/3.10.19/x64
core-execution	Save audit log	2026-02-27T12:42:02.1932401Z   Python3_ROOT_DIR: /home/runner/_work/_tool/Python/3.10.19/x64
core-execution	Save audit log	2026-02-27T12:42:02.1932863Z   LD_LIBRARY_PATH: /home/runner/_work/_tool/Python/3.10.19/x64/lib
core-execution	Save audit log	2026-02-27T12:42:02.1933242Z ##[endgroup]
core-execution	Save audit log	2026-02-27T12:42:02.2331515Z Reading package lists...
core-execution	Save audit log	2026-02-27T12:42:02.2367479Z Building dependency tree...
core-execution	Save audit log	2026-02-27T12:42:02.2368037Z Reading state information...
core-execution	Save audit log	2026-02-27T12:42:02.2552342Z jq is already the newest version (1.7.1-3ubuntu0.24.04.1).
core-execution	Save audit log	2026-02-27T12:42:02.2552872Z 0 upgraded, 0 newly installed, 0 to remove and 0 not upgraded.
core-execution	Commit and push audit file	Ôªø2026-02-27T12:42:02.2832434Z ##[group]Run git config --global user.name "***"
core-execution	Commit and push audit file	2026-02-27T12:42:02.2833009Z [36;1mgit config --global user.name "***"[0m
core-execution	Commit and push audit file	2026-02-27T12:42:02.2833436Z [36;1mgit config --global user.email "***"[0m
core-execution	Commit and push audit file	2026-02-27T12:42:02.2833785Z [36;1mgit pull[0m
core-execution	Commit and push audit file	2026-02-27T12:42:02.2834041Z [36;1mgit add audit/sync/*[0m
core-execution	Commit and push audit file	2026-02-27T12:42:02.2834365Z [36;1mif ! git diff --staged --quiet; then[0m
core-execution	Commit and push audit file	2026-02-27T12:42:02.2835671Z [36;1m  git commit -m "chore(ka0s): audit sync for issue #4280 run 22486622144 [skip ci]"[0m
core-execution	Commit and push audit file	2026-02-27T12:42:02.2836181Z [36;1m  count=0[0m
core-execution	Commit and push audit file	2026-02-27T12:42:02.2836530Z [36;1m  until git push origin HEAD:main || [ $count -eq 5 ]; do[0m
core-execution	Commit and push audit file	2026-02-27T12:42:02.2837009Z [36;1m    echo "Push fallido, reintentando..."[0m
core-execution	Commit and push audit file	2026-02-27T12:42:02.2837393Z [36;1m    git pull --rebase origin main[0m
core-execution	Commit and push audit file	2026-02-27T12:42:02.2837724Z [36;1m    ((count++))[0m
core-execution	Commit and push audit file	2026-02-27T12:42:02.2837995Z [36;1m    sleep 2[0m
core-execution	Commit and push audit file	2026-02-27T12:42:02.2838241Z [36;1m  done[0m
core-execution	Commit and push audit file	2026-02-27T12:42:02.2838472Z [36;1melse[0m
core-execution	Commit and push audit file	2026-02-27T12:42:02.2838770Z [36;1m  echo "No hay cambios para subir."[0m
core-execution	Commit and push audit file	2026-02-27T12:42:02.2839100Z [36;1mfi[0m
core-execution	Commit and push audit file	2026-02-27T12:42:02.2852310Z shell: /usr/bin/bash -e {0}
core-execution	Commit and push audit file	2026-02-27T12:42:02.2852614Z env:
core-execution	Commit and push audit file	2026-02-27T12:42:02.2852862Z   KAOS_MODULE: [Ka0S] GitHub ‚Üí iTop Sync
core-execution	Commit and push audit file	2026-02-27T12:42:02.2853205Z   KAOS_CORRELATION_ID: 22486622144
core-execution	Commit and push audit file	2026-02-27T12:42:02.2853554Z   KAOS_ACTOR: ***
core-execution	Commit and push audit file	2026-02-27T12:42:02.2853900Z   pythonLocation: /home/runner/_work/_tool/Python/3.10.19/x64
core-execution	Commit and push audit file	2026-02-27T12:42:02.2854454Z   PKG_CONFIG_PATH: /home/runner/_work/_tool/Python/3.10.19/x64/lib/pkgconfig
core-execution	Commit and push audit file	2026-02-27T12:42:02.2855148Z   Python_ROOT_DIR: /home/runner/_work/_tool/Python/3.10.19/x64
core-execution	Commit and push audit file	2026-02-27T12:42:02.2855659Z   Python2_ROOT_DIR: /home/runner/_work/_tool/Python/3.10.19/x64
core-execution	Commit and push audit file	2026-02-27T12:42:02.2856154Z   Python3_ROOT_DIR: /home/runner/_work/_tool/Python/3.10.19/x64
core-execution	Commit and push audit file	2026-02-27T12:42:02.2856656Z   LD_LIBRARY_PATH: /home/runner/_work/_tool/Python/3.10.19/x64/lib
core-execution	Commit and push audit file	2026-02-27T12:42:02.2857161Z   AUDIT_FILE: audit/sync/20260227_124202_P-000686_4280.json
core-execution	Commit and push audit file	2026-02-27T12:42:02.2857550Z ##[endgroup]
core-execution	Commit and push audit file	2026-02-27T12:42:03.0514272Z From https://github.com/Ka0s-Klaus/ka0s
core-execution	Commit and push audit file	2026-02-27T12:42:03.0514981Z    054411b87..a62ad0fbb  main       -> origin/main
core-execution	Commit and push audit file	2026-02-27T12:42:03.2707550Z Updating 054411b87..a62ad0fbb
core-execution	Commit and push audit file	2026-02-27T12:42:03.2708022Z Fast-forward
core-execution	Commit and push audit file	2026-02-27T12:42:03.2744798Z  audit/inspector/22486547220.json              |    1 +
core-execution	Commit and push audit file	2026-02-27T12:42:03.2745471Z  audit/inspector/22486547220.log               | 1050 +++++++++++++++++++++++++
core-execution	Commit and push audit file	2026-02-27T12:42:03.2745946Z  audit/sync/20260227_124145_P-000686_4280.json |   88 +++
core-execution	Commit and push audit file	2026-02-27T12:42:03.2746307Z  3 files changed, 1139 insertions(+)
core-execution	Commit and push audit file	2026-02-27T12:42:03.2747002Z  create mode 100644 audit/inspector/22486547220.json
core-execution	Commit and push audit file	2026-02-27T12:42:03.2747370Z  create mode 100644 audit/inspector/22486547220.log
core-execution	Commit and push audit file	2026-02-27T12:42:03.2747773Z  create mode 100644 audit/sync/20260227_124145_P-000686_4280.json
core-execution	Commit and push audit file	2026-02-27T12:42:03.2956706Z [main 0dddd697f] chore(ka0s): audit sync for issue #4280 run 22486622144 [skip ci]
core-execution	Commit and push audit file	2026-02-27T12:42:03.2957301Z  1 file changed, 95 insertions(+)
core-execution	Commit and push audit file	2026-02-27T12:42:03.2957683Z  create mode 100644 audit/sync/20260227_124202_P-000686_4280.json
core-execution	Commit and push audit file	2026-02-27T12:42:04.2487032Z To https://github.com/Ka0s-Klaus/ka0s
core-execution	Commit and push audit file	2026-02-27T12:42:04.2488751Z    a62ad0fbb..0dddd697f  HEAD -> main
core-execution	Post Set up Python	Ôªø2026-02-27T12:42:04.3001879Z Post job cleanup.
core-execution	Post Checkout code	Ôªø2026-02-27T12:42:04.5016669Z Post job cleanup.
core-execution	Post Checkout code	2026-02-27T12:42:04.6175125Z [command]/usr/bin/git version
core-execution	Post Checkout code	2026-02-27T12:42:04.6226204Z git version 2.53.0
core-execution	Post Checkout code	2026-02-27T12:42:04.6271828Z Copying '/home/runner/.gitconfig' to '/home/runner/_work/_temp/b70ef338-3ac1-4e56-a940-47a904323f5c/.gitconfig'
core-execution	Post Checkout code	2026-02-27T12:42:04.6298482Z Temporarily overriding HOME='/home/runner/_work/_temp/b70ef338-3ac1-4e56-a940-47a904323f5c' before making global git config changes
core-execution	Post Checkout code	2026-02-27T12:42:04.6299829Z Adding repository directory to the temporary git global config as a safe directory
core-execution	Post Checkout code	2026-02-27T12:42:04.6305495Z [command]/usr/bin/git config --global --add safe.directory /home/runner/_work/ka0s/ka0s
core-execution	Post Checkout code	2026-02-27T12:42:04.6364328Z [command]/usr/bin/git config --local --name-only --get-regexp core\.sshCommand
core-execution	Post Checkout code	2026-02-27T12:42:04.6422474Z [command]/usr/bin/git submodule foreach --recursive sh -c "git config --local --name-only --get-regexp 'core\.sshCommand' && git config --local --unset-all 'core.sshCommand' || :"
core-execution	Post Checkout code	2026-02-27T12:42:04.6852783Z [command]/usr/bin/git config --local --name-only --get-regexp http\.https\:\/\/github\.com\/\.extraheader
core-execution	Post Checkout code	2026-02-27T12:42:04.6885346Z http.https://github.com/.extraheader
core-execution	Post Checkout code	2026-02-27T12:42:04.6900981Z [command]/usr/bin/git config --local --unset-all http.https://github.com/.extraheader
core-execution	Post Checkout code	2026-02-27T12:42:04.6948428Z [command]/usr/bin/git submodule foreach --recursive sh -c "git config --local --name-only --get-regexp 'http\.https\:\/\/github\.com\/\.extraheader' && git config --local --unset-all 'http.https://github.com/.extraheader' || :"
core-execution	Post Checkout code	2026-02-27T12:42:04.7327817Z [command]/usr/bin/git config --local --name-only --get-regexp ^includeIf\.gitdir:
core-execution	Post Checkout code	2026-02-27T12:42:04.7370234Z [command]/usr/bin/git submodule foreach --recursive git config --local --show-origin --name-only --get-regexp remote.origin.url
core-execution	Complete job	Ôªø2026-02-27T12:42:04.7852906Z Cleaning up orphan processes
Handle Success	Set up job	Ôªø2026-02-27T12:42:16.7743318Z Current runner version: '2.332.0'
Handle Success	Set up job	2026-02-27T12:42:16.7754170Z Runner name: 'swarm-runners-scaleset-hkss5-runner-fn6nx'
Handle Success	Set up job	2026-02-27T12:42:16.7755668Z Runner group name: 'Default'
Handle Success	Set up job	2026-02-27T12:42:16.7756829Z Machine name: 'swarm-runners-scaleset-hkss5-runner-fn6nx'
Handle Success	Set up job	2026-02-27T12:42:16.7762252Z ##[group]GITHUB_TOKEN Permissions
Handle Success	Set up job	2026-02-27T12:42:16.7765185Z Actions: write
Handle Success	Set up job	2026-02-27T12:42:16.7765977Z Contents: write
Handle Success	Set up job	2026-02-27T12:42:16.7766588Z Issues: write
Handle Success	Set up job	2026-02-27T12:42:16.7767130Z Metadata: read
Handle Success	Set up job	2026-02-27T12:42:16.7767804Z ##[endgroup]
Handle Success	Set up job	2026-02-27T12:42:16.7770108Z Secret source: Actions
Handle Success	Set up job	2026-02-27T12:42:16.7770912Z Prepare workflow directory
Handle Success	Set up job	2026-02-27T12:42:16.8352891Z Prepare all required actions
Handle Success	Set up job	2026-02-27T12:42:16.8419132Z Complete job name: Handle Success
Handle Success	Notify Success	Ôªø2026-02-27T12:42:16.9409931Z ##[group]Run echo "‚úÖ Workflow [Ka0S] GitHub ‚Üí iTop Sync completado correctamente."
Handle Success	Notify Success	2026-02-27T12:42:16.9411114Z [36;1mecho "‚úÖ Workflow [Ka0S] GitHub ‚Üí iTop Sync completado correctamente."[0m
Handle Success	Notify Success	2026-02-27T12:42:16.9443160Z shell: /usr/bin/bash -e {0}
Handle Success	Notify Success	2026-02-27T12:42:16.9444023Z env:
Handle Success	Notify Success	2026-02-27T12:42:16.9444449Z   KAOS_MODULE: [Ka0S] GitHub ‚Üí iTop Sync
Handle Success	Notify Success	2026-02-27T12:42:16.9445416Z   KAOS_CORRELATION_ID: 22486622144
Handle Success	Notify Success	2026-02-27T12:42:16.9449108Z   KAOS_ACTOR: ka0score
Handle Success	Notify Success	2026-02-27T12:42:16.9449587Z ##[endgroup]
Handle Success	Notify Success	2026-02-27T12:42:17.0052354Z ‚úÖ Workflow [Ka0S] GitHub ‚Üí iTop Sync completado correctamente.
Handle Success	Complete job	Ôªø2026-02-27T12:42:17.0273843Z Cleaning up orphan processes
end-workflow	Set up job	Ôªø2026-02-27T12:42:29.2960854Z Current runner version: '2.332.0'
end-workflow	Set up job	2026-02-27T12:42:29.2971460Z Runner name: 'swarm-runners-scaleset-hkss5-runner-746tf'
end-workflow	Set up job	2026-02-27T12:42:29.2972470Z Runner group name: 'Default'
end-workflow	Set up job	2026-02-27T12:42:29.2973656Z Machine name: 'swarm-runners-scaleset-hkss5-runner-746tf'
end-workflow	Set up job	2026-02-27T12:42:29.2977249Z ##[group]GITHUB_TOKEN Permissions
end-workflow	Set up job	2026-02-27T12:42:29.2979969Z Actions: write
end-workflow	Set up job	2026-02-27T12:42:29.2980587Z Contents: write
end-workflow	Set up job	2026-02-27T12:42:29.2981258Z Issues: write
end-workflow	Set up job	2026-02-27T12:42:29.2981899Z Metadata: read
end-workflow	Set up job	2026-02-27T12:42:29.2982423Z ##[endgroup]
end-workflow	Set up job	2026-02-27T12:42:29.2986498Z Secret source: Actions
end-workflow	Set up job	2026-02-27T12:42:29.2987317Z Prepare workflow directory
end-workflow	Set up job	2026-02-27T12:42:29.3695136Z Prepare all required actions
end-workflow	Set up job	2026-02-27T12:42:29.3778440Z Getting action download info
end-workflow	Set up job	2026-02-27T12:42:29.9921330Z Download action repository 'actions/checkout@v4' (SHA:34e114876b0b11c390a56381ad16ebd13914f8d5)
end-workflow	Set up job	2026-02-27T12:42:31.0085945Z Complete job name: end-workflow
end-workflow	Checkout repository	Ôªø2026-02-27T12:42:31.1310470Z ##[group]Run actions/checkout@v4
end-workflow	Checkout repository	2026-02-27T12:42:31.1311417Z with:
end-workflow	Checkout repository	2026-02-27T12:42:31.1311815Z   fetch-depth: 0
end-workflow	Checkout repository	2026-02-27T12:42:31.1312227Z   repository: Ka0s-Klaus/ka0s
end-workflow	Checkout repository	2026-02-27T12:42:31.1312922Z   token: ***
end-workflow	Checkout repository	2026-02-27T12:42:31.1313301Z   ssh-strict: true
end-workflow	Checkout repository	2026-02-27T12:42:31.1313687Z   ssh-user: git
end-workflow	Checkout repository	2026-02-27T12:42:31.1314092Z   persist-credentials: true
end-workflow	Checkout repository	2026-02-27T12:42:31.1314698Z   clean: true
end-workflow	Checkout repository	2026-02-27T12:42:31.1315125Z   sparse-checkout-cone-mode: true
end-workflow	Checkout repository	2026-02-27T12:42:31.1315601Z   fetch-tags: false
end-workflow	Checkout repository	2026-02-27T12:42:31.1316005Z   show-progress: true
end-workflow	Checkout repository	2026-02-27T12:42:31.1316405Z   lfs: false
end-workflow	Checkout repository	2026-02-27T12:42:31.1316772Z   submodules: false
end-workflow	Checkout repository	2026-02-27T12:42:31.1317176Z   set-safe-directory: true
end-workflow	Checkout repository	2026-02-27T12:42:31.1317870Z env:
end-workflow	Checkout repository	2026-02-27T12:42:31.1318277Z   KAOS_MODULE: [Ka0S] GitHub ‚Üí iTop Sync
end-workflow	Checkout repository	2026-02-27T12:42:31.1318808Z   KAOS_CORRELATION_ID: 22486622144
end-workflow	Checkout repository	2026-02-27T12:42:31.1319295Z   KAOS_ACTOR: ka0score
end-workflow	Checkout repository	2026-02-27T12:42:31.1319694Z ##[endgroup]
end-workflow	Checkout repository	2026-02-27T12:42:31.3449086Z Syncing repository: Ka0s-Klaus/ka0s
end-workflow	Checkout repository	2026-02-27T12:42:31.3451315Z ##[group]Getting Git version info
end-workflow	Checkout repository	2026-02-27T12:42:31.3451974Z Working directory is '/home/runner/_work/ka0s/ka0s'
end-workflow	Checkout repository	2026-02-27T12:42:31.3452894Z [command]/usr/bin/git version
end-workflow	Checkout repository	2026-02-27T12:42:31.3453360Z git version 2.53.0
end-workflow	Checkout repository	2026-02-27T12:42:31.3465328Z ##[endgroup]
end-workflow	Checkout repository	2026-02-27T12:42:31.3491731Z Temporarily overriding HOME='/home/runner/_work/_temp/0f55afd2-76ec-43b0-8cf0-05e4892590ce' before making global git config changes
end-workflow	Checkout repository	2026-02-27T12:42:31.3493174Z Adding repository directory to the temporary git global config as a safe directory
end-workflow	Checkout repository	2026-02-27T12:42:31.3494226Z [command]/usr/bin/git config --global --add safe.directory /home/runner/_work/ka0s/ka0s
end-workflow	Checkout repository	2026-02-27T12:42:31.3495844Z Deleting the contents of '/home/runner/_work/ka0s/ka0s'
end-workflow	Checkout repository	2026-02-27T12:42:31.3496821Z ##[group]Initializing the repository
end-workflow	Checkout repository	2026-02-27T12:42:31.3497430Z [command]/usr/bin/git init /home/runner/_work/ka0s/ka0s
end-workflow	Checkout repository	2026-02-27T12:42:31.3498235Z hint: Using 'master' as the name for the initial branch. This default branch name
end-workflow	Checkout repository	2026-02-27T12:42:31.3499290Z hint: will change to "main" in Git 3.0. To configure the initial branch name
end-workflow	Checkout repository	2026-02-27T12:42:31.3500185Z hint: to use in all of your new repositories, which will suppress this warning,
end-workflow	Checkout repository	2026-02-27T12:42:31.3500881Z hint: call:
end-workflow	Checkout repository	2026-02-27T12:42:31.3501227Z hint:
end-workflow	Checkout repository	2026-02-27T12:42:31.3501688Z hint: 	git config --global init.defaultBranch <name>
end-workflow	Checkout repository	2026-02-27T12:42:31.3502245Z hint:
end-workflow	Checkout repository	2026-02-27T12:42:31.3502779Z hint: Names commonly chosen instead of 'master' are 'main', 'trunk' and
end-workflow	Checkout repository	2026-02-27T12:42:31.3503665Z hint: 'development'. The just-created branch can be renamed via this command:
end-workflow	Checkout repository	2026-02-27T12:42:31.3504369Z hint:
end-workflow	Checkout repository	2026-02-27T12:42:31.3504805Z hint: 	git branch -m <name>
end-workflow	Checkout repository	2026-02-27T12:42:31.3505236Z hint:
end-workflow	Checkout repository	2026-02-27T12:42:31.3505811Z hint: Disable this message with "git config set advice.defaultBranchName false"
end-workflow	Checkout repository	2026-02-27T12:42:31.3506725Z Initialized empty Git repository in /home/runner/_work/ka0s/ka0s/.git/
end-workflow	Checkout repository	2026-02-27T12:42:31.3508161Z [command]/usr/bin/git remote add origin https://github.com/Ka0s-Klaus/ka0s
end-workflow	Checkout repository	2026-02-27T12:42:31.3730140Z ##[endgroup]
end-workflow	Checkout repository	2026-02-27T12:42:31.3731133Z ##[group]Disabling automatic garbage collection
end-workflow	Checkout repository	2026-02-27T12:42:31.3755688Z [command]/usr/bin/git config --local gc.auto 0
end-workflow	Checkout repository	2026-02-27T12:42:31.3906582Z ##[endgroup]
end-workflow	Checkout repository	2026-02-27T12:42:31.3917820Z ##[group]Setting up auth
end-workflow	Checkout repository	2026-02-27T12:42:31.3925179Z [command]/usr/bin/git config --local --name-only --get-regexp core\.sshCommand
end-workflow	Checkout repository	2026-02-27T12:42:31.4070357Z [command]/usr/bin/git submodule foreach --recursive sh -c "git config --local --name-only --get-regexp 'core\.sshCommand' && git config --local --unset-all 'core.sshCommand' || :"
end-workflow	Checkout repository	2026-02-27T12:42:31.5387042Z [command]/usr/bin/git config --local --name-only --get-regexp http\.https\:\/\/github\.com\/\.extraheader
end-workflow	Checkout repository	2026-02-27T12:42:31.5532671Z [command]/usr/bin/git submodule foreach --recursive sh -c "git config --local --name-only --get-regexp 'http\.https\:\/\/github\.com\/\.extraheader' && git config --local --unset-all 'http.https://github.com/.extraheader' || :"
end-workflow	Checkout repository	2026-02-27T12:42:31.5995827Z [command]/usr/bin/git config --local --name-only --get-regexp ^includeIf\.gitdir:
end-workflow	Checkout repository	2026-02-27T12:42:31.6068956Z [command]/usr/bin/git submodule foreach --recursive git config --local --show-origin --name-only --get-regexp remote.origin.url
end-workflow	Checkout repository	2026-02-27T12:42:31.6464876Z [command]/usr/bin/git config --local http.https://github.com/.extraheader AUTHORIZATION: basic ***
end-workflow	Checkout repository	2026-02-27T12:42:31.6532808Z ##[endgroup]
end-workflow	Checkout repository	2026-02-27T12:42:31.6533594Z ##[group]Fetching the repository
end-workflow	Checkout repository	2026-02-27T12:42:31.6576906Z [command]/usr/bin/git -c protocol.version=2 fetch --prune --no-recurse-submodules origin +refs/heads/*:refs/remotes/origin/* +refs/tags/*:refs/tags/*
end-workflow	Checkout repository	2026-02-27T12:43:06.4576731Z From https://github.com/Ka0s-Klaus/ka0s
end-workflow	Checkout repository	2026-02-27T12:43:06.4589747Z  * [new branch]          F3450-modelo-operativo -> origin/F3450-modelo-operativo
end-workflow	Checkout repository	2026-02-27T12:43:06.4591636Z  * [new branch]          H1276-modulo-observabilidad -> origin/H1276-modulo-observabilidad
end-workflow	Checkout repository	2026-02-27T12:43:06.4593571Z  * [new branch]          H3596-deploy-itop      -> origin/H3596-deploy-itop
end-workflow	Checkout repository	2026-02-27T12:43:06.4595190Z  * [new branch]          H4170-flujo-detallado-zabbix---github -> origin/H4170-flujo-detallado-zabbix---github
end-workflow	Checkout repository	2026-02-27T12:43:06.4596408Z  * [new branch]          H4191-request-cambios  -> origin/H4191-request-cambios
end-workflow	Checkout repository	2026-02-27T12:43:06.4609339Z  * [new branch]          H4200-request-recomendaciones-de-auditoria -> origin/H4200-request-recomendaciones-de-auditoria
end-workflow	Checkout repository	2026-02-27T12:43:06.4610732Z  * [new branch]          main                   -> origin/main
end-workflow	Checkout repository	2026-02-27T12:43:06.4611720Z  * [new tag]             0.0.0                  -> 0.0.0
end-workflow	Checkout repository	2026-02-27T12:43:06.4612604Z  * [new tag]             0.0.1                  -> 0.0.1
end-workflow	Checkout repository	2026-02-27T12:43:06.4613096Z  * [new tag]             0.0.10                 -> 0.0.10
end-workflow	Checkout repository	2026-02-27T12:43:06.4613504Z  * [new tag]             0.0.100                -> 0.0.100
end-workflow	Checkout repository	2026-02-27T12:43:06.4613918Z  * [new tag]             0.0.101                -> 0.0.101
end-workflow	Checkout repository	2026-02-27T12:43:06.4614328Z  * [new tag]             0.0.102                -> 0.0.102
end-workflow	Checkout repository	2026-02-27T12:43:06.4615741Z  * [new tag]             0.0.103                -> 0.0.103
end-workflow	Checkout repository	2026-02-27T12:43:06.4616169Z  * [new tag]             0.0.104                -> 0.0.104
end-workflow	Checkout repository	2026-02-27T12:43:06.4616548Z  * [new tag]             0.0.105                -> 0.0.105
end-workflow	Checkout repository	2026-02-27T12:43:06.4616927Z  * [new tag]             0.0.106                -> 0.0.106
end-workflow	Checkout repository	2026-02-27T12:43:06.4617313Z  * [new tag]             0.0.107                -> 0.0.107
end-workflow	Checkout repository	2026-02-27T12:43:06.4617724Z  * [new tag]             0.0.108                -> 0.0.108
end-workflow	Checkout repository	2026-02-27T12:43:06.4618107Z  * [new tag]             0.0.109                -> 0.0.109
end-workflow	Checkout repository	2026-02-27T12:43:06.4618490Z  * [new tag]             0.0.11                 -> 0.0.11
end-workflow	Checkout repository	2026-02-27T12:43:06.4618863Z  * [new tag]             0.0.110                -> 0.0.110
end-workflow	Checkout repository	2026-02-27T12:43:06.4619236Z  * [new tag]             0.0.111                -> 0.0.111
end-workflow	Checkout repository	2026-02-27T12:43:06.4619605Z  * [new tag]             0.0.112                -> 0.0.112
end-workflow	Checkout repository	2026-02-27T12:43:06.4620388Z  * [new tag]             0.0.113                -> 0.0.113
end-workflow	Checkout repository	2026-02-27T12:43:06.4620778Z  * [new tag]             0.0.114                -> 0.0.114
end-workflow	Checkout repository	2026-02-27T12:43:06.4621146Z  * [new tag]             0.0.115                -> 0.0.115
end-workflow	Checkout repository	2026-02-27T12:43:06.4621526Z  * [new tag]             0.0.116                -> 0.0.116
end-workflow	Checkout repository	2026-02-27T12:43:06.4621985Z  * [new tag]             0.0.117                -> 0.0.117
end-workflow	Checkout repository	2026-02-27T12:43:06.4622604Z  * [new tag]             0.0.118                -> 0.0.118
end-workflow	Checkout repository	2026-02-27T12:43:06.4622989Z  * [new tag]             0.0.119                -> 0.0.119
end-workflow	Checkout repository	2026-02-27T12:43:06.4623371Z  * [new tag]             0.0.12                 -> 0.0.12
end-workflow	Checkout repository	2026-02-27T12:43:06.4623757Z  * [new tag]             0.0.120                -> 0.0.120
end-workflow	Checkout repository	2026-02-27T12:43:06.4624134Z  * [new tag]             0.0.121                -> 0.0.121
end-workflow	Checkout repository	2026-02-27T12:43:06.4624646Z  * [new tag]             0.0.122                -> 0.0.122
end-workflow	Checkout repository	2026-02-27T12:43:06.4625048Z  * [new tag]             0.0.123                -> 0.0.123
end-workflow	Checkout repository	2026-02-27T12:43:06.4625779Z  * [new tag]             0.0.124                -> 0.0.124
end-workflow	Checkout repository	2026-02-27T12:43:06.4626166Z  * [new tag]             0.0.125                -> 0.0.125
end-workflow	Checkout repository	2026-02-27T12:43:06.4626547Z  * [new tag]             0.0.126                -> 0.0.126
end-workflow	Checkout repository	2026-02-27T12:43:06.4626921Z  * [new tag]             0.0.127                -> 0.0.127
end-workflow	Checkout repository	2026-02-27T12:43:06.4627303Z  * [new tag]             0.0.128                -> 0.0.128
end-workflow	Checkout repository	2026-02-27T12:43:06.4627681Z  * [new tag]             0.0.129                -> 0.0.129
end-workflow	Checkout repository	2026-02-27T12:43:06.4628065Z  * [new tag]             0.0.13                 -> 0.0.13
end-workflow	Checkout repository	2026-02-27T12:43:06.4628447Z  * [new tag]             0.0.130                -> 0.0.130
end-workflow	Checkout repository	2026-02-27T12:43:06.4628825Z  * [new tag]             0.0.131                -> 0.0.131
end-workflow	Checkout repository	2026-02-27T12:43:06.4629206Z  * [new tag]             0.0.132                -> 0.0.132
end-workflow	Checkout repository	2026-02-27T12:43:06.4629590Z  * [new tag]             0.0.133                -> 0.0.133
end-workflow	Checkout repository	2026-02-27T12:43:06.4743123Z  * [new tag]             0.0.134                -> 0.0.134
end-workflow	Checkout repository	2026-02-27T12:43:06.4744182Z  * [new tag]             0.0.135                -> 0.0.135
end-workflow	Checkout repository	2026-02-27T12:43:06.4769549Z  * [new tag]             0.0.136                -> 0.0.136
end-workflow	Checkout repository	2026-02-27T12:43:06.4770304Z  * [new tag]             0.0.137                -> 0.0.137
end-workflow	Checkout repository	2026-02-27T12:43:06.4770687Z  * [new tag]             0.0.138                -> 0.0.138
end-workflow	Checkout repository	2026-02-27T12:43:06.4771076Z  * [new tag]             0.0.139                -> 0.0.139
end-workflow	Checkout repository	2026-02-27T12:43:06.4771447Z  * [new tag]             0.0.14                 -> 0.0.14
end-workflow	Checkout repository	2026-02-27T12:43:06.4771818Z  * [new tag]             0.0.140                -> 0.0.140
end-workflow	Checkout repository	2026-02-27T12:43:06.4772184Z  * [new tag]             0.0.141                -> 0.0.141
end-workflow	Checkout repository	2026-02-27T12:43:06.4772551Z  * [new tag]             0.0.142                -> 0.0.142
end-workflow	Checkout repository	2026-02-27T12:43:06.4772916Z  * [new tag]             0.0.143                -> 0.0.143
end-workflow	Checkout repository	2026-02-27T12:43:06.4773285Z  * [new tag]             0.0.144                -> 0.0.144
end-workflow	Checkout repository	2026-02-27T12:43:06.4773735Z  * [new tag]             0.0.145                -> 0.0.145
end-workflow	Checkout repository	2026-02-27T12:43:06.4774111Z  * [new tag]             0.0.146                -> 0.0.146
end-workflow	Checkout repository	2026-02-27T12:43:06.4774483Z  * [new tag]             0.0.147                -> 0.0.147
end-workflow	Checkout repository	2026-02-27T12:43:06.4782950Z  * [new tag]             0.0.148                -> 0.0.148
end-workflow	Checkout repository	2026-02-27T12:43:06.4783369Z  * [new tag]             0.0.149                -> 0.0.149
end-workflow	Checkout repository	2026-02-27T12:43:06.4783775Z  * [new tag]             0.0.15                 -> 0.0.15
end-workflow	Checkout repository	2026-02-27T12:43:06.4784143Z  * [new tag]             0.0.150                -> 0.0.150
end-workflow	Checkout repository	2026-02-27T12:43:06.4787415Z  * [new tag]             0.0.151                -> 0.0.151
end-workflow	Checkout repository	2026-02-27T12:43:06.4787871Z  * [new tag]             0.0.152                -> 0.0.152
end-workflow	Checkout repository	2026-02-27T12:43:06.4788256Z  * [new tag]             0.0.153                -> 0.0.153
end-workflow	Checkout repository	2026-02-27T12:43:06.4788621Z  * [new tag]             0.0.154                -> 0.0.154
end-workflow	Checkout repository	2026-02-27T12:43:06.4789030Z  * [new tag]             0.0.155                -> 0.0.155
end-workflow	Checkout repository	2026-02-27T12:43:06.4789728Z  * [new tag]             0.0.156                -> 0.0.156
end-workflow	Checkout repository	2026-02-27T12:43:06.4790097Z  * [new tag]             0.0.157                -> 0.0.157
end-workflow	Checkout repository	2026-02-27T12:43:06.4790463Z  * [new tag]             0.0.158                -> 0.0.158
end-workflow	Checkout repository	2026-02-27T12:43:06.4790824Z  * [new tag]             0.0.159                -> 0.0.159
end-workflow	Checkout repository	2026-02-27T12:43:06.4809922Z  * [new tag]             0.0.16                 -> 0.0.16
end-workflow	Checkout repository	2026-02-27T12:43:06.4810555Z  * [new tag]             0.0.160                -> 0.0.160
end-workflow	Checkout repository	2026-02-27T12:43:06.4810948Z  * [new tag]             0.0.161                -> 0.0.161
end-workflow	Checkout repository	2026-02-27T12:43:06.4811326Z  * [new tag]             0.0.162                -> 0.0.162
end-workflow	Checkout repository	2026-02-27T12:43:06.4811695Z  * [new tag]             0.0.163                -> 0.0.163
end-workflow	Checkout repository	2026-02-27T12:43:06.4812066Z  * [new tag]             0.0.164                -> 0.0.164
end-workflow	Checkout repository	2026-02-27T12:43:06.4812429Z  * [new tag]             0.0.165                -> 0.0.165
end-workflow	Checkout repository	2026-02-27T12:43:06.4813138Z  * [new tag]             0.0.166                -> 0.0.166
end-workflow	Checkout repository	2026-02-27T12:43:06.4813520Z  * [new tag]             0.0.167                -> 0.0.167
end-workflow	Checkout repository	2026-02-27T12:43:06.4813893Z  * [new tag]             0.0.168                -> 0.0.168
end-workflow	Checkout repository	2026-02-27T12:43:06.4814262Z  * [new tag]             0.0.169                -> 0.0.169
end-workflow	Checkout repository	2026-02-27T12:43:06.4824844Z  * [new tag]             0.0.17                 -> 0.0.17
end-workflow	Checkout repository	2026-02-27T12:43:06.4825283Z  * [new tag]             0.0.170                -> 0.0.170
end-workflow	Checkout repository	2026-02-27T12:43:06.4825662Z  * [new tag]             0.0.171                -> 0.0.171
end-workflow	Checkout repository	2026-02-27T12:43:06.4826031Z  * [new tag]             0.0.172                -> 0.0.172
end-workflow	Checkout repository	2026-02-27T12:43:06.4826398Z  * [new tag]             0.0.173                -> 0.0.173
end-workflow	Checkout repository	2026-02-27T12:43:06.4826772Z  * [new tag]             0.0.174                -> 0.0.174
end-workflow	Checkout repository	2026-02-27T12:43:06.4827139Z  * [new tag]             0.0.175                -> 0.0.175
end-workflow	Checkout repository	2026-02-27T12:43:06.4827505Z  * [new tag]             0.0.176                -> 0.0.176
end-workflow	Checkout repository	2026-02-27T12:43:06.4827905Z  * [new tag]             0.0.177                -> 0.0.177
end-workflow	Checkout repository	2026-02-27T12:43:06.4828274Z  * [new tag]             0.0.178                -> 0.0.178
end-workflow	Checkout repository	2026-02-27T12:43:06.4828642Z  * [new tag]             0.0.179                -> 0.0.179
end-workflow	Checkout repository	2026-02-27T12:43:06.4829013Z  * [new tag]             0.0.18                 -> 0.0.18
end-workflow	Checkout repository	2026-02-27T12:43:06.4829384Z  * [new tag]             0.0.19                 -> 0.0.19
end-workflow	Checkout repository	2026-02-27T12:43:06.4829756Z  * [new tag]             0.0.2                  -> 0.0.2
end-workflow	Checkout repository	2026-02-27T12:43:06.4830121Z  * [new tag]             0.0.20                 -> 0.0.20
end-workflow	Checkout repository	2026-02-27T12:43:06.4830489Z  * [new tag]             0.0.21                 -> 0.0.21
end-workflow	Checkout repository	2026-02-27T12:43:06.4830856Z  * [new tag]             0.0.22                 -> 0.0.22
end-workflow	Checkout repository	2026-02-27T12:43:06.4831222Z  * [new tag]             0.0.23                 -> 0.0.23
end-workflow	Checkout repository	2026-02-27T12:43:06.4831587Z  * [new tag]             0.0.24                 -> 0.0.24
end-workflow	Checkout repository	2026-02-27T12:43:06.4831980Z  * [new tag]             0.0.25                 -> 0.0.25
end-workflow	Checkout repository	2026-02-27T12:43:06.4832355Z  * [new tag]             0.0.26                 -> 0.0.26
end-workflow	Checkout repository	2026-02-27T12:43:06.4832724Z  * [new tag]             0.0.27                 -> 0.0.27
end-workflow	Checkout repository	2026-02-27T12:43:06.4833086Z  * [new tag]             0.0.28                 -> 0.0.28
end-workflow	Checkout repository	2026-02-27T12:43:06.4833452Z  * [new tag]             0.0.29                 -> 0.0.29
end-workflow	Checkout repository	2026-02-27T12:43:06.4833824Z  * [new tag]             0.0.3                  -> 0.0.3
end-workflow	Checkout repository	2026-02-27T12:43:06.4834189Z  * [new tag]             0.0.30                 -> 0.0.30
end-workflow	Checkout repository	2026-02-27T12:43:06.4851723Z  * [new tag]             0.0.31                 -> 0.0.31
end-workflow	Checkout repository	2026-02-27T12:43:06.4852227Z  * [new tag]             0.0.32                 -> 0.0.32
end-workflow	Checkout repository	2026-02-27T12:43:06.4852611Z  * [new tag]             0.0.33                 -> 0.0.33
end-workflow	Checkout repository	2026-02-27T12:43:06.4852978Z  * [new tag]             0.0.34                 -> 0.0.34
end-workflow	Checkout repository	2026-02-27T12:43:06.4853347Z  * [new tag]             0.0.35                 -> 0.0.35
end-workflow	Checkout repository	2026-02-27T12:43:06.4853739Z  * [new tag]             0.0.36                 -> 0.0.36
end-workflow	Checkout repository	2026-02-27T12:43:06.4854390Z  * [new tag]             0.0.37                 -> 0.0.37
end-workflow	Checkout repository	2026-02-27T12:43:06.4861075Z  * [new tag]             0.0.38                 -> 0.0.38
end-workflow	Checkout repository	2026-02-27T12:43:06.4861482Z  * [new tag]             0.0.39                 -> 0.0.39
end-workflow	Checkout repository	2026-02-27T12:43:06.4861859Z  * [new tag]             0.0.4                  -> 0.0.4
end-workflow	Checkout repository	2026-02-27T12:43:06.4862225Z  * [new tag]             0.0.40                 -> 0.0.40
end-workflow	Checkout repository	2026-02-27T12:43:06.4862596Z  * [new tag]             0.0.41                 -> 0.0.41
end-workflow	Checkout repository	2026-02-27T12:43:06.4862959Z  * [new tag]             0.0.42                 -> 0.0.42
end-workflow	Checkout repository	2026-02-27T12:43:06.4863327Z  * [new tag]             0.0.43                 -> 0.0.43
end-workflow	Checkout repository	2026-02-27T12:43:06.4863694Z  * [new tag]             0.0.44                 -> 0.0.44
end-workflow	Checkout repository	2026-02-27T12:43:06.4864055Z  * [new tag]             0.0.45                 -> 0.0.45
end-workflow	Checkout repository	2026-02-27T12:43:06.4864423Z  * [new tag]             0.0.46                 -> 0.0.46
end-workflow	Checkout repository	2026-02-27T12:43:06.4875297Z  * [new tag]             0.0.47                 -> 0.0.47
end-workflow	Checkout repository	2026-02-27T12:43:06.4875693Z  * [new tag]             0.0.48                 -> 0.0.48
end-workflow	Checkout repository	2026-02-27T12:43:06.4876061Z  * [new tag]             0.0.49                 -> 0.0.49
end-workflow	Checkout repository	2026-02-27T12:43:06.4876434Z  * [new tag]             0.0.5                  -> 0.0.5
end-workflow	Checkout repository	2026-02-27T12:43:06.4876803Z  * [new tag]             0.0.50                 -> 0.0.50
end-workflow	Checkout repository	2026-02-27T12:43:06.4877166Z  * [new tag]             0.0.51                 -> 0.0.51
end-workflow	Checkout repository	2026-02-27T12:43:06.4877536Z  * [new tag]             0.0.52                 -> 0.0.52
end-workflow	Checkout repository	2026-02-27T12:43:06.4877901Z  * [new tag]             0.0.53                 -> 0.0.53
end-workflow	Checkout repository	2026-02-27T12:43:06.4878269Z  * [new tag]             0.0.54                 -> 0.0.54
end-workflow	Checkout repository	2026-02-27T12:43:06.4878633Z  * [new tag]             0.0.55                 -> 0.0.55
end-workflow	Checkout repository	2026-02-27T12:43:06.4878999Z  * [new tag]             0.0.56                 -> 0.0.56
end-workflow	Checkout repository	2026-02-27T12:43:06.4879367Z  * [new tag]             0.0.57                 -> 0.0.57
end-workflow	Checkout repository	2026-02-27T12:43:06.4879744Z  * [new tag]             0.0.58                 -> 0.0.58
end-workflow	Checkout repository	2026-02-27T12:43:06.4880112Z  * [new tag]             0.0.59                 -> 0.0.59
end-workflow	Checkout repository	2026-02-27T12:43:06.4880479Z  * [new tag]             0.0.6                  -> 0.0.6
end-workflow	Checkout repository	2026-02-27T12:43:06.4880843Z  * [new tag]             0.0.60                 -> 0.0.60
end-workflow	Checkout repository	2026-02-27T12:43:06.4881209Z  * [new tag]             0.0.61                 -> 0.0.61
end-workflow	Checkout repository	2026-02-27T12:43:06.4881579Z  * [new tag]             0.0.62                 -> 0.0.62
end-workflow	Checkout repository	2026-02-27T12:43:06.4881946Z  * [new tag]             0.0.63                 -> 0.0.63
end-workflow	Checkout repository	2026-02-27T12:43:06.4882307Z  * [new tag]             0.0.64                 -> 0.0.64
end-workflow	Checkout repository	2026-02-27T12:43:06.4882676Z  * [new tag]             0.0.65                 -> 0.0.65
end-workflow	Checkout repository	2026-02-27T12:43:06.4883037Z  * [new tag]             0.0.66                 -> 0.0.66
end-workflow	Checkout repository	2026-02-27T12:43:06.4883405Z  * [new tag]             0.0.67                 -> 0.0.67
end-workflow	Checkout repository	2026-02-27T12:43:06.4883767Z  * [new tag]             0.0.68                 -> 0.0.68
end-workflow	Checkout repository	2026-02-27T12:43:06.4884149Z  * [new tag]             0.0.69                 -> 0.0.69
end-workflow	Checkout repository	2026-02-27T12:43:06.4887390Z  * [new tag]             0.0.7                  -> 0.0.7
end-workflow	Checkout repository	2026-02-27T12:43:06.4887827Z  * [new tag]             0.0.70                 -> 0.0.70
end-workflow	Checkout repository	2026-02-27T12:43:06.4888205Z  * [new tag]             0.0.71                 -> 0.0.71
end-workflow	Checkout repository	2026-02-27T12:43:06.4888570Z  * [new tag]             0.0.72                 -> 0.0.72
end-workflow	Checkout repository	2026-02-27T12:43:06.4888941Z  * [new tag]             0.0.73                 -> 0.0.73
end-workflow	Checkout repository	2026-02-27T12:43:06.4889305Z  * [new tag]             0.0.74                 -> 0.0.74
end-workflow	Checkout repository	2026-02-27T12:43:06.4889676Z  * [new tag]             0.0.75                 -> 0.0.75
end-workflow	Checkout repository	2026-02-27T12:43:06.4890043Z  * [new tag]             0.0.76                 -> 0.0.76
end-workflow	Checkout repository	2026-02-27T12:43:06.4890405Z  * [new tag]             0.0.77                 -> 0.0.77
end-workflow	Checkout repository	2026-02-27T12:43:06.4890775Z  * [new tag]             0.0.78                 -> 0.0.78
end-workflow	Checkout repository	2026-02-27T12:43:06.4891155Z  * [new tag]             0.0.79                 -> 0.0.79
end-workflow	Checkout repository	2026-02-27T12:43:06.4891766Z  * [new tag]             0.0.8                  -> 0.0.8
end-workflow	Checkout repository	2026-02-27T12:43:06.4892594Z  * [new tag]             0.0.80                 -> 0.0.80
end-workflow	Checkout repository	2026-02-27T12:43:06.4892980Z  * [new tag]             0.0.81                 -> 0.0.81
end-workflow	Checkout repository	2026-02-27T12:43:06.4893349Z  * [new tag]             0.0.82                 -> 0.0.82
end-workflow	Checkout repository	2026-02-27T12:43:06.4893711Z  * [new tag]             0.0.83                 -> 0.0.83
end-workflow	Checkout repository	2026-02-27T12:43:06.4894079Z  * [new tag]             0.0.84                 -> 0.0.84
end-workflow	Checkout repository	2026-02-27T12:43:06.4894440Z  * [new tag]             0.0.85                 -> 0.0.85
end-workflow	Checkout repository	2026-02-27T12:43:06.4894858Z  * [new tag]             0.0.86                 -> 0.0.86
end-workflow	Checkout repository	2026-02-27T12:43:06.4895223Z  * [new tag]             0.0.87                 -> 0.0.87
end-workflow	Checkout repository	2026-02-27T12:43:06.4895590Z  * [new tag]             0.0.88                 -> 0.0.88
end-workflow	Checkout repository	2026-02-27T12:43:06.4895954Z  * [new tag]             0.0.89                 -> 0.0.89
end-workflow	Checkout repository	2026-02-27T12:43:06.4896542Z  * [new tag]             0.0.9                  -> 0.0.9
end-workflow	Checkout repository	2026-02-27T12:43:06.4896920Z  * [new tag]             0.0.90                 -> 0.0.90
end-workflow	Checkout repository	2026-02-27T12:43:06.4897282Z  * [new tag]             0.0.91                 -> 0.0.91
end-workflow	Checkout repository	2026-02-27T12:43:06.4897650Z  * [new tag]             0.0.92                 -> 0.0.92
end-workflow	Checkout repository	2026-02-27T12:43:06.4898011Z  * [new tag]             0.0.93                 -> 0.0.93
end-workflow	Checkout repository	2026-02-27T12:43:06.4898376Z  * [new tag]             0.0.94                 -> 0.0.94
end-workflow	Checkout repository	2026-02-27T12:43:06.4898738Z  * [new tag]             0.0.95                 -> 0.0.95
end-workflow	Checkout repository	2026-02-27T12:43:06.4899107Z  * [new tag]             0.0.96                 -> 0.0.96
end-workflow	Checkout repository	2026-02-27T12:43:06.4899477Z  * [new tag]             0.0.97                 -> 0.0.97
end-workflow	Checkout repository	2026-02-27T12:43:06.4899841Z  * [new tag]             0.0.98                 -> 0.0.98
end-workflow	Checkout repository	2026-02-27T12:43:06.4900216Z  * [new tag]             0.0.99                 -> 0.0.99
end-workflow	Checkout repository	2026-02-27T12:43:06.4900580Z  * [new tag]             0.1.0                  -> 0.1.0
end-workflow	Checkout repository	2026-02-27T12:43:06.4900961Z  * [new tag]             0.1.1                  -> 0.1.1
end-workflow	Checkout repository	2026-02-27T12:43:06.4901324Z  * [new tag]             0.2.0                  -> 0.2.0
end-workflow	Checkout repository	2026-02-27T12:43:06.4901691Z  * [new tag]             0.3.0                  -> 0.3.0
end-workflow	Checkout repository	2026-02-27T12:43:06.4902053Z  * [new tag]             0.3.1                  -> 0.3.1
end-workflow	Checkout repository	2026-02-27T12:43:06.4902451Z  * [new tag]             0.3.10                 -> 0.3.10
end-workflow	Checkout repository	2026-02-27T12:43:06.4902815Z  * [new tag]             0.3.11                 -> 0.3.11
end-workflow	Checkout repository	2026-02-27T12:43:06.4903183Z  * [new tag]             0.3.12                 -> 0.3.12
end-workflow	Checkout repository	2026-02-27T12:43:06.4903547Z  * [new tag]             0.3.13                 -> 0.3.13
end-workflow	Checkout repository	2026-02-27T12:43:06.4903917Z  * [new tag]             0.3.14                 -> 0.3.14
end-workflow	Checkout repository	2026-02-27T12:43:06.4904290Z  * [new tag]             0.3.15                 -> 0.3.15
end-workflow	Checkout repository	2026-02-27T12:43:06.4905041Z  * [new tag]             0.3.16                 -> 0.3.16
end-workflow	Checkout repository	2026-02-27T12:43:06.4905425Z  * [new tag]             0.3.17                 -> 0.3.17
end-workflow	Checkout repository	2026-02-27T12:43:06.4905806Z  * [new tag]             0.3.2                  -> 0.3.2
end-workflow	Checkout repository	2026-02-27T12:43:06.4906179Z  * [new tag]             0.3.3                  -> 0.3.3
end-workflow	Checkout repository	2026-02-27T12:43:06.4906542Z  * [new tag]             0.3.4                  -> 0.3.4
end-workflow	Checkout repository	2026-02-27T12:43:06.4907059Z  * [new tag]             0.3.5                  -> 0.3.5
end-workflow	Checkout repository	2026-02-27T12:43:06.4907430Z  * [new tag]             0.3.6                  -> 0.3.6
end-workflow	Checkout repository	2026-02-27T12:43:06.4907790Z  * [new tag]             0.3.7                  -> 0.3.7
end-workflow	Checkout repository	2026-02-27T12:43:06.4908152Z  * [new tag]             0.3.8                  -> 0.3.8
end-workflow	Checkout repository	2026-02-27T12:43:06.4908514Z  * [new tag]             0.3.9                  -> 0.3.9
end-workflow	Checkout repository	2026-02-27T12:43:06.4908877Z  * [new tag]             0.4.0                  -> 0.4.0
end-workflow	Checkout repository	2026-02-27T12:43:06.4909234Z  * [new tag]             0.4.1                  -> 0.4.1
end-workflow	Checkout repository	2026-02-27T12:43:06.4909599Z  * [new tag]             0.4.2                  -> 0.4.2
end-workflow	Checkout repository	2026-02-27T12:43:06.4909965Z  * [new tag]             0.4.3                  -> 0.4.3
end-workflow	Checkout repository	2026-02-27T12:43:06.4910563Z  * [new tag]             0.4.4                  -> 0.4.4
end-workflow	Checkout repository	2026-02-27T12:43:06.4910933Z  * [new tag]             0.4.5                  -> 0.4.5
end-workflow	Checkout repository	2026-02-27T12:43:06.4911291Z  * [new tag]             0.4.6                  -> 0.4.6
end-workflow	Checkout repository	2026-02-27T12:43:06.4911654Z  * [new tag]             0.4.7                  -> 0.4.7
end-workflow	Checkout repository	2026-02-27T12:43:06.4912013Z  * [new tag]             0.4.8                  -> 0.4.8
end-workflow	Checkout repository	2026-02-27T12:43:06.4912377Z  * [new tag]             0.4.9                  -> 0.4.9
end-workflow	Checkout repository	2026-02-27T12:43:06.4912746Z  * [new tag]             0.5.0                  -> 0.5.0
end-workflow	Checkout repository	2026-02-27T12:43:06.4913105Z  * [new tag]             0.5.1                  -> 0.5.1
end-workflow	Checkout repository	2026-02-27T12:43:06.4913471Z  * [new tag]             0.5.2                  -> 0.5.2
end-workflow	Checkout repository	2026-02-27T12:43:06.4913832Z  * [new tag]             0.6.0                  -> 0.6.0
end-workflow	Checkout repository	2026-02-27T12:43:06.4914195Z  * [new tag]             0.6.1                  -> 0.6.1
end-workflow	Checkout repository	2026-02-27T12:43:06.4914659Z  * [new tag]             0.6.2                  -> 0.6.2
end-workflow	Checkout repository	2026-02-27T12:43:06.4915319Z  * [new tag]             0.6.3                  -> 0.6.3
end-workflow	Checkout repository	2026-02-27T12:43:06.4915689Z  * [new tag]             0.6.4                  -> 0.6.4
end-workflow	Checkout repository	2026-02-27T12:43:06.4916048Z  * [new tag]             0.6.5                  -> 0.6.5
end-workflow	Checkout repository	2026-02-27T12:43:06.4916411Z  * [new tag]             0.6.6                  -> 0.6.6
end-workflow	Checkout repository	2026-02-27T12:43:06.5176515Z [command]/usr/bin/git branch --list --remote origin/main
end-workflow	Checkout repository	2026-02-27T12:43:06.5253661Z   origin/main
end-workflow	Checkout repository	2026-02-27T12:43:06.5279240Z [command]/usr/bin/git rev-parse refs/remotes/origin/main
end-workflow	Checkout repository	2026-02-27T12:43:06.5339094Z 0dddd697f06f00ffbb4e21a5e296eed941e75da1
end-workflow	Checkout repository	2026-02-27T12:43:06.5349779Z [command]/usr/bin/git -c protocol.version=2 fetch --no-tags --prune --no-recurse-submodules origin +054411b870c62f16a925d3d2063bc255238c9e6b:refs/remotes/origin/main
end-workflow	Checkout repository	2026-02-27T12:43:06.5606926Z From https://github.com/Ka0s-Klaus/ka0s
end-workflow	Checkout repository	2026-02-27T12:43:06.5607721Z  + 0dddd697f...054411b87 054411b870c62f16a925d3d2063bc255238c9e6b -> origin/main  (forced update)
end-workflow	Checkout repository	2026-02-27T12:43:06.5639996Z ##[endgroup]
end-workflow	Checkout repository	2026-02-27T12:43:06.5640571Z ##[group]Determining the checkout info
end-workflow	Checkout repository	2026-02-27T12:43:06.5641064Z ##[endgroup]
end-workflow	Checkout repository	2026-02-27T12:43:06.5641439Z [command]/usr/bin/git sparse-checkout disable
end-workflow	Checkout repository	2026-02-27T12:43:06.5739476Z [command]/usr/bin/git config --local --unset-all extensions.worktreeConfig
end-workflow	Checkout repository	2026-02-27T12:43:06.5791721Z ##[group]Checking out the ref
end-workflow	Checkout repository	2026-02-27T12:43:06.5792827Z [command]/usr/bin/git checkout --progress --force -B main refs/remotes/origin/main
end-workflow	Checkout repository	2026-02-27T12:43:06.8680259Z Switched to a new branch 'main'
end-workflow	Checkout repository	2026-02-27T12:43:06.8696539Z branch 'main' set up to track 'origin/main'.
end-workflow	Checkout repository	2026-02-27T12:43:06.8756442Z ##[endgroup]
end-workflow	Checkout repository	2026-02-27T12:43:06.8851096Z [command]/usr/bin/git log -1 --format=%H
end-workflow	Checkout repository	2026-02-27T12:43:06.8897957Z 054411b870c62f16a925d3d2063bc255238c9e6b
end-workflow	Install GH CLI	Ôªø2026-02-27T12:43:06.9296234Z Prepare all required actions
end-workflow	Install GH CLI	2026-02-27T12:43:06.9540216Z ##[group]Run ./.github/actions/install-gh-cli
end-workflow	Install GH CLI	2026-02-27T12:43:06.9540647Z env:
end-workflow	Install GH CLI	2026-02-27T12:43:06.9540911Z   KAOS_MODULE: [Ka0S] GitHub ‚Üí iTop Sync
end-workflow	Install GH CLI	2026-02-27T12:43:06.9541259Z   KAOS_CORRELATION_ID: 22486622144
end-workflow	Install GH CLI	2026-02-27T12:43:06.9541541Z   KAOS_ACTOR: ka0score
end-workflow	Install GH CLI	2026-02-27T12:43:06.9542029Z ##[endgroup]
end-workflow	Install GH CLI	2026-02-27T12:43:06.9739973Z ##[group]Run type -p curl >/dev/null || (sudo apt-get update && sudo apt-get install curl -y)
end-workflow	Install GH CLI	2026-02-27T12:43:06.9740810Z [36;1mtype -p curl >/dev/null || (sudo apt-get update && sudo apt-get install curl -y)[0m
end-workflow	Install GH CLI	2026-02-27T12:43:06.9741712Z [36;1mcurl -fsSL https://cli.github.com/packages/githubcli-archive-keyring.gpg | sudo dd of=/usr/share/keyrings/githubcli-archive-keyring.gpg \[0m
end-workflow	Install GH CLI	2026-02-27T12:43:06.9742549Z [36;1m&& sudo chmod go+r /usr/share/keyrings/githubcli-archive-keyring.gpg \[0m
end-workflow	Install GH CLI	2026-02-27T12:43:06.9743646Z [36;1m&& echo "deb [arch=$(dpkg --print-architecture) signed-by=/usr/share/keyrings/githubcli-archive-keyring.gpg] https://cli.github.com/packages stable main" | sudo tee /etc/apt/sources.list.d/github-cli.list > /dev/null \[0m
end-workflow	Install GH CLI	2026-02-27T12:43:06.9755021Z [36;1m&& sudo apt-get update \[0m
end-workflow	Install GH CLI	2026-02-27T12:43:06.9755700Z [36;1m&& sudo apt-get install gh -y[0m
end-workflow	Install GH CLI	2026-02-27T12:43:06.9806490Z shell: /usr/bin/bash --noprofile --norc -e -o pipefail {0}
end-workflow	Install GH CLI	2026-02-27T12:43:06.9806945Z env:
end-workflow	Install GH CLI	2026-02-27T12:43:06.9807194Z   KAOS_MODULE: [Ka0S] GitHub ‚Üí iTop Sync
end-workflow	Install GH CLI	2026-02-27T12:43:06.9807505Z   KAOS_CORRELATION_ID: 22486622144
end-workflow	Install GH CLI	2026-02-27T12:43:06.9807789Z   KAOS_ACTOR: ka0score
end-workflow	Install GH CLI	2026-02-27T12:43:06.9808029Z ##[endgroup]
end-workflow	Install GH CLI	2026-02-27T12:43:07.1057098Z 4+1 records in
end-workflow	Install GH CLI	2026-02-27T12:43:07.1060060Z 4+1 records out
end-workflow	Install GH CLI	2026-02-27T12:43:07.1062423Z 2270 bytes (2.3 kB, 2.2 KiB) copied, 0.0758775 s, 29.9 kB/s
end-workflow	Install GH CLI	2026-02-27T12:43:07.2429592Z Get:1 https://cli.github.com/packages stable InRelease [3917 B]
end-workflow	Install GH CLI	2026-02-27T12:43:07.3389792Z Get:2 http://security.ubuntu.com/ubuntu noble-security InRelease [126 kB]
end-workflow	Install GH CLI	2026-02-27T12:43:07.3618037Z Get:3 http://archive.ubuntu.com/ubuntu noble InRelease [256 kB]
end-workflow	Install GH CLI	2026-02-27T12:43:07.4175785Z Get:4 https://cli.github.com/packages stable/main amd64 Packages [357 B]
end-workflow	Install GH CLI	2026-02-27T12:43:07.4406314Z Get:5 https://ppa.launchpadcontent.net/git-core/ppa/ubuntu noble InRelease [24.3 kB]
end-workflow	Install GH CLI	2026-02-27T12:43:07.6016786Z Get:6 https://ppa.launchpadcontent.net/git-core/ppa/ubuntu noble/main amd64 Packages [2992 B]
end-workflow	Install GH CLI	2026-02-27T12:43:07.6611740Z Get:7 http://archive.ubuntu.com/ubuntu noble-updates InRelease [126 kB]
end-workflow	Install GH CLI	2026-02-27T12:43:07.7303301Z Get:8 http://security.ubuntu.com/ubuntu noble-security/restricted amd64 Packages [3262 kB]
end-workflow	Install GH CLI	2026-02-27T12:43:07.7347800Z Get:9 http://archive.ubuntu.com/ubuntu noble-backports InRelease [126 kB]
end-workflow	Install GH CLI	2026-02-27T12:43:07.8561352Z Get:10 http://archive.ubuntu.com/ubuntu noble/main amd64 Packages [1808 kB]
end-workflow	Install GH CLI	2026-02-27T12:43:08.0967406Z Get:11 http://archive.ubuntu.com/ubuntu noble/multiverse amd64 Packages [331 kB]
end-workflow	Install GH CLI	2026-02-27T12:43:08.0968714Z Get:12 http://security.ubuntu.com/ubuntu noble-security/universe amd64 Packages [1242 kB]
end-workflow	Install GH CLI	2026-02-27T12:43:08.1069041Z Get:13 http://archive.ubuntu.com/ubuntu noble/restricted amd64 Packages [117 kB]
end-workflow	Install GH CLI	2026-02-27T12:43:08.1090706Z Get:14 http://archive.ubuntu.com/ubuntu noble/universe amd64 Packages [19.3 MB]
end-workflow	Install GH CLI	2026-02-27T12:43:08.1241797Z Get:15 http://security.ubuntu.com/ubuntu noble-security/main amd64 Packages [1883 kB]
end-workflow	Install GH CLI	2026-02-27T12:43:08.2038056Z Get:16 http://security.ubuntu.com/ubuntu noble-security/multiverse amd64 Packages [34.8 kB]
end-workflow	Install GH CLI	2026-02-27T12:43:08.5066929Z Get:17 http://archive.ubuntu.com/ubuntu noble-updates/universe amd64 Packages [2017 kB]
end-workflow	Install GH CLI	2026-02-27T12:43:08.5296773Z Get:18 http://archive.ubuntu.com/ubuntu noble-updates/multiverse amd64 Packages [38.1 kB]
end-workflow	Install GH CLI	2026-02-27T12:43:08.5298554Z Get:19 http://archive.ubuntu.com/ubuntu noble-updates/restricted amd64 Packages [3471 kB]
end-workflow	Install GH CLI	2026-02-27T12:43:08.5889278Z Get:20 http://archive.ubuntu.com/ubuntu noble-updates/main amd64 Packages [2276 kB]
end-workflow	Install GH CLI	2026-02-27T12:43:08.6236402Z Get:21 http://archive.ubuntu.com/ubuntu noble-backports/main amd64 Packages [49.5 kB]
end-workflow	Install GH CLI	2026-02-27T12:43:08.6241978Z Get:22 http://archive.ubuntu.com/ubuntu noble-backports/universe amd64 Packages [34.6 kB]
end-workflow	Install GH CLI	2026-02-27T12:43:09.8013270Z Fetched 36.5 MB in 3s (14.1 MB/s)
end-workflow	Install GH CLI	2026-02-27T12:43:10.8618045Z Reading package lists...
end-workflow	Install GH CLI	2026-02-27T12:43:11.9697292Z Reading package lists...
end-workflow	Install GH CLI	2026-02-27T12:43:12.2459314Z Building dependency tree...
end-workflow	Install GH CLI	2026-02-27T12:43:12.2461023Z Reading state information...
end-workflow	Install GH CLI	2026-02-27T12:43:12.7082289Z The following NEW packages will be installed:
end-workflow	Install GH CLI	2026-02-27T12:43:12.7102319Z   gh
end-workflow	Install GH CLI	2026-02-27T12:43:12.8647946Z 0 upgraded, 1 newly installed, 0 to remove and 0 not upgraded.
end-workflow	Install GH CLI	2026-02-27T12:43:12.8739228Z Need to get 13.8 MB of archives.
end-workflow	Install GH CLI	2026-02-27T12:43:12.8739789Z After this operation, 38.5 MB of additional disk space will be used.
end-workflow	Install GH CLI	2026-02-27T12:43:12.8740316Z Get:1 https://cli.github.com/packages stable/main amd64 gh amd64 2.87.3 [13.8 MB]
end-workflow	Install GH CLI	2026-02-27T12:43:13.7944400Z debconf: delaying package configuration, since apt-utils is not installed
end-workflow	Install GH CLI	2026-02-27T12:43:13.8379517Z Fetched 13.8 MB in 1s (15.4 MB/s)
end-workflow	Install GH CLI	2026-02-27T12:43:13.8728475Z Selecting previously unselected package gh.
end-workflow	Install GH CLI	2026-02-27T12:43:13.8779500Z (Reading database ... 
end-workflow	Install GH CLI	2026-02-27T12:43:13.8780824Z (Reading database ... 5%
end-workflow	Install GH CLI	2026-02-27T12:43:13.8782677Z (Reading database ... 10%
end-workflow	Install GH CLI	2026-02-27T12:43:13.8785066Z (Reading database ... 15%
end-workflow	Install GH CLI	2026-02-27T12:43:13.8785635Z (Reading database ... 20%
end-workflow	Install GH CLI	2026-02-27T12:43:13.8786044Z (Reading database ... 25%
end-workflow	Install GH CLI	2026-02-27T12:43:13.8792788Z (Reading database ... 30%
end-workflow	Install GH CLI	2026-02-27T12:43:13.8793409Z (Reading database ... 35%
end-workflow	Install GH CLI	2026-02-27T12:43:13.8793894Z (Reading database ... 40%
end-workflow	Install GH CLI	2026-02-27T12:43:13.8794362Z (Reading database ... 45%
end-workflow	Install GH CLI	2026-02-27T12:43:13.8796635Z (Reading database ... 50%
end-workflow	Install GH CLI	2026-02-27T12:43:13.8796861Z (Reading database ... 55%
end-workflow	Install GH CLI	2026-02-27T12:43:13.8797070Z (Reading database ... 60%
end-workflow	Install GH CLI	2026-02-27T12:43:13.8797293Z (Reading database ... 65%
end-workflow	Install GH CLI	2026-02-27T12:43:13.8797506Z (Reading database ... 70%
end-workflow	Install GH CLI	2026-02-27T12:43:13.8802187Z (Reading database ... 75%
end-workflow	Install GH CLI	2026-02-27T12:43:13.8820961Z (Reading database ... 80%
end-workflow	Install GH CLI	2026-02-27T12:43:13.8821668Z (Reading database ... 85%
end-workflow	Install GH CLI	2026-02-27T12:43:13.8833165Z (Reading database ... 90%
end-workflow	Install GH CLI	2026-02-27T12:43:13.8851537Z (Reading database ... 95%
end-workflow	Install GH CLI	2026-02-27T12:43:13.8852436Z (Reading database ... 100%
end-workflow	Install GH CLI	2026-02-27T12:43:13.8853155Z (Reading database ... 14387 files and directories currently installed.)
end-workflow	Install GH CLI	2026-02-27T12:43:13.8862636Z Preparing to unpack .../archives/gh_2.87.3_amd64.deb ...
end-workflow	Install GH CLI	2026-02-27T12:43:13.8901442Z Unpacking gh (2.87.3) ...
end-workflow	Install GH CLI	2026-02-27T12:43:14.1802232Z Setting up gh (2.87.3) ...
end-workflow	Trigger Inspector	Ôªø2026-02-27T12:43:14.2506906Z ##[group]Run gh workflow run inspector.yml \
end-workflow	Trigger Inspector	2026-02-27T12:43:14.2507460Z [36;1mgh workflow run inspector.yml \[0m
end-workflow	Trigger Inspector	2026-02-27T12:43:14.2507815Z [36;1m  -f workflow_name="Ka0s GitHub ‚Üí iTop Sync" \[0m
end-workflow	Trigger Inspector	2026-02-27T12:43:14.2508131Z [36;1m  -f run_id="22486622144" \[0m
end-workflow	Trigger Inspector	2026-02-27T12:43:14.2508398Z [36;1m  -f status="success"[0m
end-workflow	Trigger Inspector	2026-02-27T12:43:14.2531637Z shell: /usr/bin/bash -e {0}
end-workflow	Trigger Inspector	2026-02-27T12:43:14.2531923Z env:
end-workflow	Trigger Inspector	2026-02-27T12:43:14.2532129Z   KAOS_MODULE: [Ka0S] GitHub ‚Üí iTop Sync
end-workflow	Trigger Inspector	2026-02-27T12:43:14.2532408Z   KAOS_CORRELATION_ID: 22486622144
end-workflow	Trigger Inspector	2026-02-27T12:43:14.2532652Z   KAOS_ACTOR: ka0score
end-workflow	Trigger Inspector	2026-02-27T12:43:14.2533278Z   GH_TOKEN: ***
end-workflow	Trigger Inspector	2026-02-27T12:43:14.2533470Z ##[endgroup]
end-workflow	Trigger Inspector	2026-02-27T12:43:16.2385626Z https://github.com/Ka0s-Klaus/ka0s/actions/runs/22486688916
end-workflow	Post Checkout repository	Ôªø2026-02-27T12:43:16.2846621Z Post job cleanup.
end-workflow	Post Checkout repository	2026-02-27T12:43:16.4262996Z [command]/usr/bin/git version
end-workflow	Post Checkout repository	2026-02-27T12:43:16.4462356Z git version 2.53.0
end-workflow	Post Checkout repository	2026-02-27T12:43:16.4619123Z Temporarily overriding HOME='/home/runner/_work/_temp/185f0d1f-fe81-4ff7-9421-74d16ed32f7a' before making global git config changes
end-workflow	Post Checkout repository	2026-02-27T12:43:16.4623342Z Adding repository directory to the temporary git global config as a safe directory
end-workflow	Post Checkout repository	2026-02-27T12:43:16.4639569Z [command]/usr/bin/git config --global --add safe.directory /home/runner/_work/ka0s/ka0s
end-workflow	Post Checkout repository	2026-02-27T12:43:16.5020726Z [command]/usr/bin/git config --local --name-only --get-regexp core\.sshCommand
end-workflow	Post Checkout repository	2026-02-27T12:43:16.5208642Z [command]/usr/bin/git submodule foreach --recursive sh -c "git config --local --name-only --get-regexp 'core\.sshCommand' && git config --local --unset-all 'core.sshCommand' || :"
end-workflow	Post Checkout repository	2026-02-27T12:43:16.6217477Z [command]/usr/bin/git config --local --name-only --get-regexp http\.https\:\/\/github\.com\/\.extraheader
end-workflow	Post Checkout repository	2026-02-27T12:43:16.6286836Z http.https://github.com/.extraheader
end-workflow	Post Checkout repository	2026-02-27T12:43:16.6321311Z [command]/usr/bin/git config --local --unset-all http.https://github.com/.extraheader
end-workflow	Post Checkout repository	2026-02-27T12:43:16.6401780Z [command]/usr/bin/git submodule foreach --recursive sh -c "git config --local --name-only --get-regexp 'http\.https\:\/\/github\.com\/\.extraheader' && git config --local --unset-all 'http.https://github.com/.extraheader' || :"
end-workflow	Post Checkout repository	2026-02-27T12:43:16.7345353Z [command]/usr/bin/git config --local --name-only --get-regexp ^includeIf\.gitdir:
end-workflow	Post Checkout repository	2026-02-27T12:43:16.7436235Z [command]/usr/bin/git submodule foreach --recursive git config --local --show-origin --name-only --get-regexp remote.origin.url
end-workflow	Complete job	Ôªø2026-02-27T12:43:16.8323520Z Cleaning up orphan processes
