job-core	Set up job	Ôªø2026-02-27T16:51:42.1489796Z Current runner version: '2.332.0'
job-core	Set up job	2026-02-27T16:51:42.1499059Z Runner name: 'swarm-runners-scaleset-hkss5-runner-gdvn4'
job-core	Set up job	2026-02-27T16:51:42.1500304Z Runner group name: 'Default'
job-core	Set up job	2026-02-27T16:51:42.1501537Z Machine name: 'swarm-runners-scaleset-hkss5-runner-gdvn4'
job-core	Set up job	2026-02-27T16:51:42.1505905Z ##[group]GITHUB_TOKEN Permissions
job-core	Set up job	2026-02-27T16:51:42.1508622Z Actions: write
job-core	Set up job	2026-02-27T16:51:42.1509625Z Contents: write
job-core	Set up job	2026-02-27T16:51:42.1510214Z Issues: write
job-core	Set up job	2026-02-27T16:51:42.1510845Z Metadata: read
job-core	Set up job	2026-02-27T16:51:42.1511459Z PullRequests: write
job-core	Set up job	2026-02-27T16:51:42.1512082Z ##[endgroup]
job-core	Set up job	2026-02-27T16:51:42.1514273Z Secret source: Actions
job-core	Set up job	2026-02-27T16:51:42.1515911Z Prepare workflow directory
job-core	Set up job	2026-02-27T16:51:42.2103991Z Prepare all required actions
job-core	Set up job	2026-02-27T16:51:42.2147170Z Getting action download info
job-core	Set up job	2026-02-27T16:51:42.8436504Z Download action repository 'actions/checkout@v4' (SHA:34e114876b0b11c390a56381ad16ebd13914f8d5)
job-core	Set up job	2026-02-27T16:51:43.6382938Z Download action repository 'actions/setup-python@v4' (SHA:7f4fc3e22c37d6ff65e88745f38bd3157c663f7c)
job-core	Set up job	2026-02-27T16:51:44.9149087Z Download action repository 'actions/upload-artifact@v4' (SHA:ea165f8d65b6e75b540449e92b4886f43607fa02)
job-core	Set up job	2026-02-27T16:51:45.9973004Z Complete job name: job-core
job-core	Checkout code	Ôªø2026-02-27T16:51:46.0605441Z ##[group]Run actions/checkout@v4
job-core	Checkout code	2026-02-27T16:51:46.0606141Z with:
job-core	Checkout code	2026-02-27T16:51:46.0606364Z   fetch-depth: 0
job-core	Checkout code	2026-02-27T16:51:46.0606600Z   repository: Ka0s-Klaus/ka0s
job-core	Checkout code	2026-02-27T16:51:46.0607098Z   token: ***
job-core	Checkout code	2026-02-27T16:51:46.0607309Z   ssh-strict: true
job-core	Checkout code	2026-02-27T16:51:46.0607522Z   ssh-user: git
job-core	Checkout code	2026-02-27T16:51:46.0607747Z   persist-credentials: true
job-core	Checkout code	2026-02-27T16:51:46.0608003Z   clean: true
job-core	Checkout code	2026-02-27T16:51:46.0608240Z   sparse-checkout-cone-mode: true
job-core	Checkout code	2026-02-27T16:51:46.0608525Z   fetch-tags: false
job-core	Checkout code	2026-02-27T16:51:46.0608770Z   show-progress: true
job-core	Checkout code	2026-02-27T16:51:46.0609001Z   lfs: false
job-core	Checkout code	2026-02-27T16:51:46.0609203Z   submodules: false
job-core	Checkout code	2026-02-27T16:51:46.0609433Z   set-safe-directory: true
job-core	Checkout code	2026-02-27T16:51:46.0609904Z env:
job-core	Checkout code	2026-02-27T16:51:46.0610134Z   PYTHON_VERSION: 3.9
job-core	Checkout code	2026-02-27T16:51:46.0610916Z   MONGO_SUPERUSER_CONNECTION: ***
job-core	Checkout code	2026-02-27T16:51:46.0611330Z   MONGO_NEW_PASS: ***
job-core	Checkout code	2026-02-27T16:51:46.0611694Z   MONGO_SCRIPT_CREATE: devops/core/mongo/scripts/mongodb_status_report.py
job-core	Checkout code	2026-02-27T16:51:46.0612166Z   KAOS_CODE: 22495386452
job-core	Checkout code	2026-02-27T16:51:46.0612397Z   REPORT_SCAN: audit/
job-core	Checkout code	2026-02-27T16:51:46.0612633Z   REPORT_PATH: audit/mongodb/
job-core	Checkout code	2026-02-27T16:51:46.0612907Z   REPORT_FILENAME: 22495386452.json
job-core	Checkout code	2026-02-27T16:51:46.0613203Z   KAOS_MODULE: [Ka0s] Status MongDB Report
job-core	Checkout code	2026-02-27T16:51:46.0613519Z   GITHUB_OUTPUT: 
job-core	Checkout code	2026-02-27T16:51:46.0613755Z ##[endgroup]
job-core	Checkout code	2026-02-27T16:51:46.1883555Z Syncing repository: Ka0s-Klaus/ka0s
job-core	Checkout code	2026-02-27T16:51:46.1885640Z ##[group]Getting Git version info
job-core	Checkout code	2026-02-27T16:51:46.1886082Z Working directory is '/home/runner/_work/ka0s/ka0s'
job-core	Checkout code	2026-02-27T16:51:46.1886732Z [command]/usr/bin/git version
job-core	Checkout code	2026-02-27T16:51:46.1887063Z git version 2.53.0
job-core	Checkout code	2026-02-27T16:51:46.1912663Z ##[endgroup]
job-core	Checkout code	2026-02-27T16:51:46.1931548Z Temporarily overriding HOME='/home/runner/_work/_temp/578c930d-05a3-4f68-a341-50595cc76d7c' before making global git config changes
job-core	Checkout code	2026-02-27T16:51:46.1933896Z Adding repository directory to the temporary git global config as a safe directory
job-core	Checkout code	2026-02-27T16:51:46.1937909Z [command]/usr/bin/git config --global --add safe.directory /home/runner/_work/ka0s/ka0s
job-core	Checkout code	2026-02-27T16:51:46.1988783Z Deleting the contents of '/home/runner/_work/ka0s/ka0s'
job-core	Checkout code	2026-02-27T16:51:46.1993505Z ##[group]Initializing the repository
job-core	Checkout code	2026-02-27T16:51:46.1999167Z [command]/usr/bin/git init /home/runner/_work/ka0s/ka0s
job-core	Checkout code	2026-02-27T16:51:46.2058778Z hint: Using 'master' as the name for the initial branch. This default branch name
job-core	Checkout code	2026-02-27T16:51:46.2062861Z hint: will change to "main" in Git 3.0. To configure the initial branch name
job-core	Checkout code	2026-02-27T16:51:46.2063540Z hint: to use in all of your new repositories, which will suppress this warning,
job-core	Checkout code	2026-02-27T16:51:46.2063993Z hint: call:
job-core	Checkout code	2026-02-27T16:51:46.2064189Z hint:
job-core	Checkout code	2026-02-27T16:51:46.2065873Z hint: 	git config --global init.defaultBranch <name>
job-core	Checkout code	2026-02-27T16:51:46.2066226Z hint:
job-core	Checkout code	2026-02-27T16:51:46.2066556Z hint: Names commonly chosen instead of 'master' are 'main', 'trunk' and
job-core	Checkout code	2026-02-27T16:51:46.2067154Z hint: 'development'. The just-created branch can be renamed via this command:
job-core	Checkout code	2026-02-27T16:51:46.2068019Z hint:
job-core	Checkout code	2026-02-27T16:51:46.2068252Z hint: 	git branch -m <name>
job-core	Checkout code	2026-02-27T16:51:46.2068517Z hint:
job-core	Checkout code	2026-02-27T16:51:46.2068904Z hint: Disable this message with "git config set advice.defaultBranchName false"
job-core	Checkout code	2026-02-27T16:51:46.2069620Z Initialized empty Git repository in /home/runner/_work/ka0s/ka0s/.git/
job-core	Checkout code	2026-02-27T16:51:46.2075135Z [command]/usr/bin/git remote add origin https://github.com/Ka0s-Klaus/ka0s
job-core	Checkout code	2026-02-27T16:51:46.2120375Z ##[endgroup]
job-core	Checkout code	2026-02-27T16:51:46.2120916Z ##[group]Disabling automatic garbage collection
job-core	Checkout code	2026-02-27T16:51:46.2125000Z [command]/usr/bin/git config --local gc.auto 0
job-core	Checkout code	2026-02-27T16:51:46.2167610Z ##[endgroup]
job-core	Checkout code	2026-02-27T16:51:46.2168222Z ##[group]Setting up auth
job-core	Checkout code	2026-02-27T16:51:46.2175439Z [command]/usr/bin/git config --local --name-only --get-regexp core\.sshCommand
job-core	Checkout code	2026-02-27T16:51:46.2226283Z [command]/usr/bin/git submodule foreach --recursive sh -c "git config --local --name-only --get-regexp 'core\.sshCommand' && git config --local --unset-all 'core.sshCommand' || :"
job-core	Checkout code	2026-02-27T16:51:46.2588998Z [command]/usr/bin/git config --local --name-only --get-regexp http\.https\:\/\/github\.com\/\.extraheader
job-core	Checkout code	2026-02-27T16:51:46.2638521Z [command]/usr/bin/git submodule foreach --recursive sh -c "git config --local --name-only --get-regexp 'http\.https\:\/\/github\.com\/\.extraheader' && git config --local --unset-all 'http.https://github.com/.extraheader' || :"
job-core	Checkout code	2026-02-27T16:51:46.2993306Z [command]/usr/bin/git config --local --name-only --get-regexp ^includeIf\.gitdir:
job-core	Checkout code	2026-02-27T16:51:46.3038954Z [command]/usr/bin/git submodule foreach --recursive git config --local --show-origin --name-only --get-regexp remote.origin.url
job-core	Checkout code	2026-02-27T16:51:46.3393019Z [command]/usr/bin/git config --local http.https://github.com/.extraheader AUTHORIZATION: basic ***
job-core	Checkout code	2026-02-27T16:51:46.3452105Z ##[endgroup]
job-core	Checkout code	2026-02-27T16:51:46.3452612Z ##[group]Fetching the repository
job-core	Checkout code	2026-02-27T16:51:46.3461024Z [command]/usr/bin/git -c protocol.version=2 fetch --prune --no-recurse-submodules origin +refs/heads/*:refs/remotes/origin/* +refs/tags/*:refs/tags/*
job-core	Checkout code	2026-02-27T16:52:09.1894348Z From https://github.com/Ka0s-Klaus/ka0s
job-core	Checkout code	2026-02-27T16:52:09.1896455Z  * [new branch]          F3450-modelo-operativo -> origin/F3450-modelo-operativo
job-core	Checkout code	2026-02-27T16:52:09.1897143Z  * [new branch]          H1276-modulo-observabilidad -> origin/H1276-modulo-observabilidad
job-core	Checkout code	2026-02-27T16:52:09.1898093Z  * [new branch]          H3596-deploy-itop      -> origin/H3596-deploy-itop
job-core	Checkout code	2026-02-27T16:52:09.1898868Z  * [new branch]          H4170-flujo-detallado-zabbix---github -> origin/H4170-flujo-detallado-zabbix---github
job-core	Checkout code	2026-02-27T16:52:09.1899665Z  * [new branch]          H4191-request-cambios  -> origin/H4191-request-cambios
job-core	Checkout code	2026-02-27T16:52:09.1900532Z  * [new branch]          H4200-request-recomendaciones-de-auditoria -> origin/H4200-request-recomendaciones-de-auditoria
job-core	Checkout code	2026-02-27T16:52:09.1901348Z  * [new branch]          main                   -> origin/main
job-core	Checkout code	2026-02-27T16:52:09.1901791Z  * [new tag]             0.0.0                  -> 0.0.0
job-core	Checkout code	2026-02-27T16:52:09.1902207Z  * [new tag]             0.0.1                  -> 0.0.1
job-core	Checkout code	2026-02-27T16:52:09.1902614Z  * [new tag]             0.0.10                 -> 0.0.10
job-core	Checkout code	2026-02-27T16:52:09.1903045Z  * [new tag]             0.0.100                -> 0.0.100
job-core	Checkout code	2026-02-27T16:52:09.1903483Z  * [new tag]             0.0.101                -> 0.0.101
job-core	Checkout code	2026-02-27T16:52:09.1903897Z  * [new tag]             0.0.102                -> 0.0.102
job-core	Checkout code	2026-02-27T16:52:09.1904392Z  * [new tag]             0.0.103                -> 0.0.103
job-core	Checkout code	2026-02-27T16:52:09.1973901Z  * [new tag]             0.0.104                -> 0.0.104
job-core	Checkout code	2026-02-27T16:52:09.1974392Z  * [new tag]             0.0.105                -> 0.0.105
job-core	Checkout code	2026-02-27T16:52:09.1976252Z  * [new tag]             0.0.106                -> 0.0.106
job-core	Checkout code	2026-02-27T16:52:09.1976677Z  * [new tag]             0.0.107                -> 0.0.107
job-core	Checkout code	2026-02-27T16:52:09.1977069Z  * [new tag]             0.0.108                -> 0.0.108
job-core	Checkout code	2026-02-27T16:52:09.1977472Z  * [new tag]             0.0.109                -> 0.0.109
job-core	Checkout code	2026-02-27T16:52:09.1977864Z  * [new tag]             0.0.11                 -> 0.0.11
job-core	Checkout code	2026-02-27T16:52:09.1978255Z  * [new tag]             0.0.110                -> 0.0.110
job-core	Checkout code	2026-02-27T16:52:09.1978880Z  * [new tag]             0.0.111                -> 0.0.111
job-core	Checkout code	2026-02-27T16:52:09.1979256Z  * [new tag]             0.0.112                -> 0.0.112
job-core	Checkout code	2026-02-27T16:52:09.1979642Z  * [new tag]             0.0.113                -> 0.0.113
job-core	Checkout code	2026-02-27T16:52:09.1980023Z  * [new tag]             0.0.114                -> 0.0.114
job-core	Checkout code	2026-02-27T16:52:09.1980415Z  * [new tag]             0.0.115                -> 0.0.115
job-core	Checkout code	2026-02-27T16:52:09.1980952Z  * [new tag]             0.0.116                -> 0.0.116
job-core	Checkout code	2026-02-27T16:52:09.1981568Z  * [new tag]             0.0.117                -> 0.0.117
job-core	Checkout code	2026-02-27T16:52:09.1982009Z  * [new tag]             0.0.118                -> 0.0.118
job-core	Checkout code	2026-02-27T16:52:09.1982397Z  * [new tag]             0.0.119                -> 0.0.119
job-core	Checkout code	2026-02-27T16:52:09.1998101Z  * [new tag]             0.0.12                 -> 0.0.12
job-core	Checkout code	2026-02-27T16:52:09.1998486Z  * [new tag]             0.0.120                -> 0.0.120
job-core	Checkout code	2026-02-27T16:52:09.1998863Z  * [new tag]             0.0.121                -> 0.0.121
job-core	Checkout code	2026-02-27T16:52:09.1999233Z  * [new tag]             0.0.122                -> 0.0.122
job-core	Checkout code	2026-02-27T16:52:09.1999599Z  * [new tag]             0.0.123                -> 0.0.123
job-core	Checkout code	2026-02-27T16:52:09.1999966Z  * [new tag]             0.0.124                -> 0.0.124
job-core	Checkout code	2026-02-27T16:52:09.2000331Z  * [new tag]             0.0.125                -> 0.0.125
job-core	Checkout code	2026-02-27T16:52:09.2000689Z  * [new tag]             0.0.126                -> 0.0.126
job-core	Checkout code	2026-02-27T16:52:09.2001070Z  * [new tag]             0.0.127                -> 0.0.127
job-core	Checkout code	2026-02-27T16:52:09.2001434Z  * [new tag]             0.0.128                -> 0.0.128
job-core	Checkout code	2026-02-27T16:52:09.2001800Z  * [new tag]             0.0.129                -> 0.0.129
job-core	Checkout code	2026-02-27T16:52:09.2002172Z  * [new tag]             0.0.13                 -> 0.0.13
job-core	Checkout code	2026-02-27T16:52:09.2002541Z  * [new tag]             0.0.130                -> 0.0.130
job-core	Checkout code	2026-02-27T16:52:09.2002908Z  * [new tag]             0.0.131                -> 0.0.131
job-core	Checkout code	2026-02-27T16:52:09.2003275Z  * [new tag]             0.0.132                -> 0.0.132
job-core	Checkout code	2026-02-27T16:52:09.2003638Z  * [new tag]             0.0.133                -> 0.0.133
job-core	Checkout code	2026-02-27T16:52:09.2004007Z  * [new tag]             0.0.134                -> 0.0.134
job-core	Checkout code	2026-02-27T16:52:09.2004371Z  * [new tag]             0.0.135                -> 0.0.135
job-core	Checkout code	2026-02-27T16:52:09.2005222Z  * [new tag]             0.0.136                -> 0.0.136
job-core	Checkout code	2026-02-27T16:52:09.2005603Z  * [new tag]             0.0.137                -> 0.0.137
job-core	Checkout code	2026-02-27T16:52:09.2006100Z  * [new tag]             0.0.138                -> 0.0.138
job-core	Checkout code	2026-02-27T16:52:09.2006464Z  * [new tag]             0.0.139                -> 0.0.139
job-core	Checkout code	2026-02-27T16:52:09.2006830Z  * [new tag]             0.0.14                 -> 0.0.14
job-core	Checkout code	2026-02-27T16:52:09.2007202Z  * [new tag]             0.0.140                -> 0.0.140
job-core	Checkout code	2026-02-27T16:52:09.2007570Z  * [new tag]             0.0.141                -> 0.0.141
job-core	Checkout code	2026-02-27T16:52:09.2007932Z  * [new tag]             0.0.142                -> 0.0.142
job-core	Checkout code	2026-02-27T16:52:09.2008297Z  * [new tag]             0.0.143                -> 0.0.143
job-core	Checkout code	2026-02-27T16:52:09.2008671Z  * [new tag]             0.0.144                -> 0.0.144
job-core	Checkout code	2026-02-27T16:52:09.2009037Z  * [new tag]             0.0.145                -> 0.0.145
job-core	Checkout code	2026-02-27T16:52:09.2009404Z  * [new tag]             0.0.146                -> 0.0.146
job-core	Checkout code	2026-02-27T16:52:09.2009763Z  * [new tag]             0.0.147                -> 0.0.147
job-core	Checkout code	2026-02-27T16:52:09.2010133Z  * [new tag]             0.0.148                -> 0.0.148
job-core	Checkout code	2026-02-27T16:52:09.2010731Z  * [new tag]             0.0.149                -> 0.0.149
job-core	Checkout code	2026-02-27T16:52:09.2011131Z  * [new tag]             0.0.15                 -> 0.0.15
job-core	Checkout code	2026-02-27T16:52:09.2011523Z  * [new tag]             0.0.150                -> 0.0.150
job-core	Checkout code	2026-02-27T16:52:09.2011900Z  * [new tag]             0.0.151                -> 0.0.151
job-core	Checkout code	2026-02-27T16:52:09.2012261Z  * [new tag]             0.0.152                -> 0.0.152
job-core	Checkout code	2026-02-27T16:52:09.2012634Z  * [new tag]             0.0.153                -> 0.0.153
job-core	Checkout code	2026-02-27T16:52:09.2013014Z  * [new tag]             0.0.154                -> 0.0.154
job-core	Checkout code	2026-02-27T16:52:09.2013382Z  * [new tag]             0.0.155                -> 0.0.155
job-core	Checkout code	2026-02-27T16:52:09.2013757Z  * [new tag]             0.0.156                -> 0.0.156
job-core	Checkout code	2026-02-27T16:52:09.2014133Z  * [new tag]             0.0.157                -> 0.0.157
job-core	Checkout code	2026-02-27T16:52:09.2014622Z  * [new tag]             0.0.158                -> 0.0.158
job-core	Checkout code	2026-02-27T16:52:09.2015210Z  * [new tag]             0.0.159                -> 0.0.159
job-core	Checkout code	2026-02-27T16:52:09.2015608Z  * [new tag]             0.0.16                 -> 0.0.16
job-core	Checkout code	2026-02-27T16:52:09.2016108Z  * [new tag]             0.0.160                -> 0.0.160
job-core	Checkout code	2026-02-27T16:52:09.2016691Z  * [new tag]             0.0.161                -> 0.0.161
job-core	Checkout code	2026-02-27T16:52:09.2017064Z  * [new tag]             0.0.162                -> 0.0.162
job-core	Checkout code	2026-02-27T16:52:09.2017452Z  * [new tag]             0.0.163                -> 0.0.163
job-core	Checkout code	2026-02-27T16:52:09.2017826Z  * [new tag]             0.0.164                -> 0.0.164
job-core	Checkout code	2026-02-27T16:52:09.2018198Z  * [new tag]             0.0.165                -> 0.0.165
job-core	Checkout code	2026-02-27T16:52:09.2018573Z  * [new tag]             0.0.166                -> 0.0.166
job-core	Checkout code	2026-02-27T16:52:09.2018950Z  * [new tag]             0.0.167                -> 0.0.167
job-core	Checkout code	2026-02-27T16:52:09.2019325Z  * [new tag]             0.0.168                -> 0.0.168
job-core	Checkout code	2026-02-27T16:52:09.2019696Z  * [new tag]             0.0.169                -> 0.0.169
job-core	Checkout code	2026-02-27T16:52:09.2020076Z  * [new tag]             0.0.17                 -> 0.0.17
job-core	Checkout code	2026-02-27T16:52:09.2020449Z  * [new tag]             0.0.170                -> 0.0.170
job-core	Checkout code	2026-02-27T16:52:09.2020831Z  * [new tag]             0.0.171                -> 0.0.171
job-core	Checkout code	2026-02-27T16:52:09.2021212Z  * [new tag]             0.0.172                -> 0.0.172
job-core	Checkout code	2026-02-27T16:52:09.2021591Z  * [new tag]             0.0.173                -> 0.0.173
job-core	Checkout code	2026-02-27T16:52:09.2021970Z  * [new tag]             0.0.174                -> 0.0.174
job-core	Checkout code	2026-02-27T16:52:09.2022345Z  * [new tag]             0.0.175                -> 0.0.175
job-core	Checkout code	2026-02-27T16:52:09.2022714Z  * [new tag]             0.0.176                -> 0.0.176
job-core	Checkout code	2026-02-27T16:52:09.2023098Z  * [new tag]             0.0.177                -> 0.0.177
job-core	Checkout code	2026-02-27T16:52:09.2023474Z  * [new tag]             0.0.178                -> 0.0.178
job-core	Checkout code	2026-02-27T16:52:09.2023848Z  * [new tag]             0.0.179                -> 0.0.179
job-core	Checkout code	2026-02-27T16:52:09.2024231Z  * [new tag]             0.0.18                 -> 0.0.18
job-core	Checkout code	2026-02-27T16:52:09.2024950Z  * [new tag]             0.0.19                 -> 0.0.19
job-core	Checkout code	2026-02-27T16:52:09.2025473Z  * [new tag]             0.0.2                  -> 0.0.2
job-core	Checkout code	2026-02-27T16:52:09.2025853Z  * [new tag]             0.0.20                 -> 0.0.20
job-core	Checkout code	2026-02-27T16:52:09.2026360Z  * [new tag]             0.0.21                 -> 0.0.21
job-core	Checkout code	2026-02-27T16:52:09.2026738Z  * [new tag]             0.0.22                 -> 0.0.22
job-core	Checkout code	2026-02-27T16:52:09.2027113Z  * [new tag]             0.0.23                 -> 0.0.23
job-core	Checkout code	2026-02-27T16:52:09.2027488Z  * [new tag]             0.0.24                 -> 0.0.24
job-core	Checkout code	2026-02-27T16:52:09.2027860Z  * [new tag]             0.0.25                 -> 0.0.25
job-core	Checkout code	2026-02-27T16:52:09.2028230Z  * [new tag]             0.0.26                 -> 0.0.26
job-core	Checkout code	2026-02-27T16:52:09.2028601Z  * [new tag]             0.0.27                 -> 0.0.27
job-core	Checkout code	2026-02-27T16:52:09.2029394Z  * [new tag]             0.0.28                 -> 0.0.28
job-core	Checkout code	2026-02-27T16:52:09.2029983Z  * [new tag]             0.0.29                 -> 0.0.29
job-core	Checkout code	2026-02-27T16:52:09.2030484Z  * [new tag]             0.0.3                  -> 0.0.3
job-core	Checkout code	2026-02-27T16:52:09.2030858Z  * [new tag]             0.0.30                 -> 0.0.30
job-core	Checkout code	2026-02-27T16:52:09.2031238Z  * [new tag]             0.0.31                 -> 0.0.31
job-core	Checkout code	2026-02-27T16:52:09.2031609Z  * [new tag]             0.0.32                 -> 0.0.32
job-core	Checkout code	2026-02-27T16:52:09.2031979Z  * [new tag]             0.0.33                 -> 0.0.33
job-core	Checkout code	2026-02-27T16:52:09.2032344Z  * [new tag]             0.0.34                 -> 0.0.34
job-core	Checkout code	2026-02-27T16:52:09.2033119Z  * [new tag]             0.0.35                 -> 0.0.35
job-core	Checkout code	2026-02-27T16:52:09.2033636Z  * [new tag]             0.0.36                 -> 0.0.36
job-core	Checkout code	2026-02-27T16:52:09.2034028Z  * [new tag]             0.0.37                 -> 0.0.37
job-core	Checkout code	2026-02-27T16:52:09.2034427Z  * [new tag]             0.0.38                 -> 0.0.38
job-core	Checkout code	2026-02-27T16:52:09.2035208Z  * [new tag]             0.0.39                 -> 0.0.39
job-core	Checkout code	2026-02-27T16:52:09.2035596Z  * [new tag]             0.0.4                  -> 0.0.4
job-core	Checkout code	2026-02-27T16:52:09.2035976Z  * [new tag]             0.0.40                 -> 0.0.40
job-core	Checkout code	2026-02-27T16:52:09.2036769Z  * [new tag]             0.0.41                 -> 0.0.41
job-core	Checkout code	2026-02-27T16:52:09.2037600Z  * [new tag]             0.0.42                 -> 0.0.42
job-core	Checkout code	2026-02-27T16:52:09.2037971Z  * [new tag]             0.0.43                 -> 0.0.43
job-core	Checkout code	2026-02-27T16:52:09.2038343Z  * [new tag]             0.0.44                 -> 0.0.44
job-core	Checkout code	2026-02-27T16:52:09.2038717Z  * [new tag]             0.0.45                 -> 0.0.45
job-core	Checkout code	2026-02-27T16:52:09.2039089Z  * [new tag]             0.0.46                 -> 0.0.46
job-core	Checkout code	2026-02-27T16:52:09.2039463Z  * [new tag]             0.0.47                 -> 0.0.47
job-core	Checkout code	2026-02-27T16:52:09.2039830Z  * [new tag]             0.0.48                 -> 0.0.48
job-core	Checkout code	2026-02-27T16:52:09.2040201Z  * [new tag]             0.0.49                 -> 0.0.49
job-core	Checkout code	2026-02-27T16:52:09.2040574Z  * [new tag]             0.0.5                  -> 0.0.5
job-core	Checkout code	2026-02-27T16:52:09.2040955Z  * [new tag]             0.0.50                 -> 0.0.50
job-core	Checkout code	2026-02-27T16:52:09.2041325Z  * [new tag]             0.0.51                 -> 0.0.51
job-core	Checkout code	2026-02-27T16:52:09.2041841Z  * [new tag]             0.0.52                 -> 0.0.52
job-core	Checkout code	2026-02-27T16:52:09.2042489Z  * [new tag]             0.0.53                 -> 0.0.53
job-core	Checkout code	2026-02-27T16:52:09.2042986Z  * [new tag]             0.0.54                 -> 0.0.54
job-core	Checkout code	2026-02-27T16:52:09.2043360Z  * [new tag]             0.0.55                 -> 0.0.55
job-core	Checkout code	2026-02-27T16:52:09.2043736Z  * [new tag]             0.0.56                 -> 0.0.56
job-core	Checkout code	2026-02-27T16:52:09.2044237Z  * [new tag]             0.0.57                 -> 0.0.57
job-core	Checkout code	2026-02-27T16:52:09.2044885Z  * [new tag]             0.0.58                 -> 0.0.58
job-core	Checkout code	2026-02-27T16:52:09.2045403Z  * [new tag]             0.0.59                 -> 0.0.59
job-core	Checkout code	2026-02-27T16:52:09.2045780Z  * [new tag]             0.0.6                  -> 0.0.6
job-core	Checkout code	2026-02-27T16:52:09.2057802Z  * [new tag]             0.0.60                 -> 0.0.60
job-core	Checkout code	2026-02-27T16:52:09.2058232Z  * [new tag]             0.0.61                 -> 0.0.61
job-core	Checkout code	2026-02-27T16:52:09.2058609Z  * [new tag]             0.0.62                 -> 0.0.62
job-core	Checkout code	2026-02-27T16:52:09.2058978Z  * [new tag]             0.0.63                 -> 0.0.63
job-core	Checkout code	2026-02-27T16:52:09.2059353Z  * [new tag]             0.0.64                 -> 0.0.64
job-core	Checkout code	2026-02-27T16:52:09.2059718Z  * [new tag]             0.0.65                 -> 0.0.65
job-core	Checkout code	2026-02-27T16:52:09.2060084Z  * [new tag]             0.0.66                 -> 0.0.66
job-core	Checkout code	2026-02-27T16:52:09.2060450Z  * [new tag]             0.0.67                 -> 0.0.67
job-core	Checkout code	2026-02-27T16:52:09.2060814Z  * [new tag]             0.0.68                 -> 0.0.68
job-core	Checkout code	2026-02-27T16:52:09.2061177Z  * [new tag]             0.0.69                 -> 0.0.69
job-core	Checkout code	2026-02-27T16:52:09.2061544Z  * [new tag]             0.0.7                  -> 0.0.7
job-core	Checkout code	2026-02-27T16:52:09.2061908Z  * [new tag]             0.0.70                 -> 0.0.70
job-core	Checkout code	2026-02-27T16:52:09.2062544Z  * [new tag]             0.0.71                 -> 0.0.71
job-core	Checkout code	2026-02-27T16:52:09.2062913Z  * [new tag]             0.0.72                 -> 0.0.72
job-core	Checkout code	2026-02-27T16:52:09.2063277Z  * [new tag]             0.0.73                 -> 0.0.73
job-core	Checkout code	2026-02-27T16:52:09.2063646Z  * [new tag]             0.0.74                 -> 0.0.74
job-core	Checkout code	2026-02-27T16:52:09.2064008Z  * [new tag]             0.0.75                 -> 0.0.75
job-core	Checkout code	2026-02-27T16:52:09.2064372Z  * [new tag]             0.0.76                 -> 0.0.76
job-core	Checkout code	2026-02-27T16:52:09.2065220Z  * [new tag]             0.0.77                 -> 0.0.77
job-core	Checkout code	2026-02-27T16:52:09.2065598Z  * [new tag]             0.0.78                 -> 0.0.78
job-core	Checkout code	2026-02-27T16:52:09.2066085Z  * [new tag]             0.0.79                 -> 0.0.79
job-core	Checkout code	2026-02-27T16:52:09.2066448Z  * [new tag]             0.0.8                  -> 0.0.8
job-core	Checkout code	2026-02-27T16:52:09.2066810Z  * [new tag]             0.0.80                 -> 0.0.80
job-core	Checkout code	2026-02-27T16:52:09.2067173Z  * [new tag]             0.0.81                 -> 0.0.81
job-core	Checkout code	2026-02-27T16:52:09.2067546Z  * [new tag]             0.0.82                 -> 0.0.82
job-core	Checkout code	2026-02-27T16:52:09.2067908Z  * [new tag]             0.0.83                 -> 0.0.83
job-core	Checkout code	2026-02-27T16:52:09.2068273Z  * [new tag]             0.0.84                 -> 0.0.84
job-core	Checkout code	2026-02-27T16:52:09.2068841Z  * [new tag]             0.0.85                 -> 0.0.85
job-core	Checkout code	2026-02-27T16:52:09.2069204Z  * [new tag]             0.0.86                 -> 0.0.86
job-core	Checkout code	2026-02-27T16:52:09.2069565Z  * [new tag]             0.0.87                 -> 0.0.87
job-core	Checkout code	2026-02-27T16:52:09.2069925Z  * [new tag]             0.0.88                 -> 0.0.88
job-core	Checkout code	2026-02-27T16:52:09.2070288Z  * [new tag]             0.0.89                 -> 0.0.89
job-core	Checkout code	2026-02-27T16:52:09.2070653Z  * [new tag]             0.0.9                  -> 0.0.9
job-core	Checkout code	2026-02-27T16:52:09.2071016Z  * [new tag]             0.0.90                 -> 0.0.90
job-core	Checkout code	2026-02-27T16:52:09.2071374Z  * [new tag]             0.0.91                 -> 0.0.91
job-core	Checkout code	2026-02-27T16:52:09.2071742Z  * [new tag]             0.0.92                 -> 0.0.92
job-core	Checkout code	2026-02-27T16:52:09.2072117Z  * [new tag]             0.0.93                 -> 0.0.93
job-core	Checkout code	2026-02-27T16:52:09.2072479Z  * [new tag]             0.0.94                 -> 0.0.94
job-core	Checkout code	2026-02-27T16:52:09.2072838Z  * [new tag]             0.0.95                 -> 0.0.95
job-core	Checkout code	2026-02-27T16:52:09.2073206Z  * [new tag]             0.0.96                 -> 0.0.96
job-core	Checkout code	2026-02-27T16:52:09.2073570Z  * [new tag]             0.0.97                 -> 0.0.97
job-core	Checkout code	2026-02-27T16:52:09.2073932Z  * [new tag]             0.0.98                 -> 0.0.98
job-core	Checkout code	2026-02-27T16:52:09.2074289Z  * [new tag]             0.0.99                 -> 0.0.99
job-core	Checkout code	2026-02-27T16:52:09.2075054Z  * [new tag]             0.1.0                  -> 0.1.0
job-core	Checkout code	2026-02-27T16:52:09.2075440Z  * [new tag]             0.1.1                  -> 0.1.1
job-core	Checkout code	2026-02-27T16:52:09.2075939Z  * [new tag]             0.2.0                  -> 0.2.0
job-core	Checkout code	2026-02-27T16:52:09.2076300Z  * [new tag]             0.3.0                  -> 0.3.0
job-core	Checkout code	2026-02-27T16:52:09.2076657Z  * [new tag]             0.3.1                  -> 0.3.1
job-core	Checkout code	2026-02-27T16:52:09.2077052Z  * [new tag]             0.3.10                 -> 0.3.10
job-core	Checkout code	2026-02-27T16:52:09.2077421Z  * [new tag]             0.3.11                 -> 0.3.11
job-core	Checkout code	2026-02-27T16:52:09.2077788Z  * [new tag]             0.3.12                 -> 0.3.12
job-core	Checkout code	2026-02-27T16:52:09.2078153Z  * [new tag]             0.3.13                 -> 0.3.13
job-core	Checkout code	2026-02-27T16:52:09.2078515Z  * [new tag]             0.3.14                 -> 0.3.14
job-core	Checkout code	2026-02-27T16:52:09.2078875Z  * [new tag]             0.3.15                 -> 0.3.15
job-core	Checkout code	2026-02-27T16:52:09.2079237Z  * [new tag]             0.3.16                 -> 0.3.16
job-core	Checkout code	2026-02-27T16:52:09.2079601Z  * [new tag]             0.3.17                 -> 0.3.17
job-core	Checkout code	2026-02-27T16:52:09.2079965Z  * [new tag]             0.3.2                  -> 0.3.2
job-core	Checkout code	2026-02-27T16:52:09.2080324Z  * [new tag]             0.3.3                  -> 0.3.3
job-core	Checkout code	2026-02-27T16:52:09.2080681Z  * [new tag]             0.3.4                  -> 0.3.4
job-core	Checkout code	2026-02-27T16:52:09.2081038Z  * [new tag]             0.3.5                  -> 0.3.5
job-core	Checkout code	2026-02-27T16:52:09.2081625Z  * [new tag]             0.3.6                  -> 0.3.6
job-core	Checkout code	2026-02-27T16:52:09.2081986Z  * [new tag]             0.3.7                  -> 0.3.7
job-core	Checkout code	2026-02-27T16:52:09.2082350Z  * [new tag]             0.3.8                  -> 0.3.8
job-core	Checkout code	2026-02-27T16:52:09.2082713Z  * [new tag]             0.3.9                  -> 0.3.9
job-core	Checkout code	2026-02-27T16:52:09.2083077Z  * [new tag]             0.4.0                  -> 0.4.0
job-core	Checkout code	2026-02-27T16:52:09.2083434Z  * [new tag]             0.4.1                  -> 0.4.1
job-core	Checkout code	2026-02-27T16:52:09.2083793Z  * [new tag]             0.4.2                  -> 0.4.2
job-core	Checkout code	2026-02-27T16:52:09.2084155Z  * [new tag]             0.4.3                  -> 0.4.3
job-core	Checkout code	2026-02-27T16:52:09.2084618Z  * [new tag]             0.4.4                  -> 0.4.4
job-core	Checkout code	2026-02-27T16:52:09.2085258Z  * [new tag]             0.4.5                  -> 0.4.5
job-core	Checkout code	2026-02-27T16:52:09.2085620Z  * [new tag]             0.4.6                  -> 0.4.6
job-core	Checkout code	2026-02-27T16:52:09.2085990Z  * [new tag]             0.4.7                  -> 0.4.7
job-core	Checkout code	2026-02-27T16:52:09.2086348Z  * [new tag]             0.4.8                  -> 0.4.8
job-core	Checkout code	2026-02-27T16:52:09.2086705Z  * [new tag]             0.4.9                  -> 0.4.9
job-core	Checkout code	2026-02-27T16:52:09.2087067Z  * [new tag]             0.5.0                  -> 0.5.0
job-core	Checkout code	2026-02-27T16:52:09.2087616Z  * [new tag]             0.5.1                  -> 0.5.1
job-core	Checkout code	2026-02-27T16:52:09.2087979Z  * [new tag]             0.5.2                  -> 0.5.2
job-core	Checkout code	2026-02-27T16:52:09.2088341Z  * [new tag]             0.6.0                  -> 0.6.0
job-core	Checkout code	2026-02-27T16:52:09.2088702Z  * [new tag]             0.6.1                  -> 0.6.1
job-core	Checkout code	2026-02-27T16:52:09.2089058Z  * [new tag]             0.6.2                  -> 0.6.2
job-core	Checkout code	2026-02-27T16:52:09.2089412Z  * [new tag]             0.6.3                  -> 0.6.3
job-core	Checkout code	2026-02-27T16:52:09.2089770Z  * [new tag]             0.6.4                  -> 0.6.4
job-core	Checkout code	2026-02-27T16:52:09.2090128Z  * [new tag]             0.6.5                  -> 0.6.5
job-core	Checkout code	2026-02-27T16:52:09.2090491Z  * [new tag]             0.6.6                  -> 0.6.6
job-core	Checkout code	2026-02-27T16:52:09.2299584Z [command]/usr/bin/git branch --list --remote origin/main
job-core	Checkout code	2026-02-27T16:52:09.2375444Z   origin/main
job-core	Checkout code	2026-02-27T16:52:09.2385724Z [command]/usr/bin/git rev-parse refs/remotes/origin/main
job-core	Checkout code	2026-02-27T16:52:09.2414153Z 0e4e299472dbe01cdfb893577383c5ca2fb75f78
job-core	Checkout code	2026-02-27T16:52:09.2419261Z ##[endgroup]
job-core	Checkout code	2026-02-27T16:52:09.2419706Z ##[group]Determining the checkout info
job-core	Checkout code	2026-02-27T16:52:09.2420328Z ##[endgroup]
job-core	Checkout code	2026-02-27T16:52:09.2425571Z [command]/usr/bin/git sparse-checkout disable
job-core	Checkout code	2026-02-27T16:52:09.2488747Z [command]/usr/bin/git config --local --unset-all extensions.worktreeConfig
job-core	Checkout code	2026-02-27T16:52:09.2525886Z ##[group]Checking out the ref
job-core	Checkout code	2026-02-27T16:52:09.2532638Z [command]/usr/bin/git checkout --progress --force -B main refs/remotes/origin/main
job-core	Checkout code	2026-02-27T16:52:09.5056095Z Switched to a new branch 'main'
job-core	Checkout code	2026-02-27T16:52:09.5056980Z branch 'main' set up to track 'origin/main'.
job-core	Checkout code	2026-02-27T16:52:09.5105512Z ##[endgroup]
job-core	Checkout code	2026-02-27T16:52:09.5163859Z [command]/usr/bin/git log -1 --format=%H
job-core	Checkout code	2026-02-27T16:52:09.5198790Z 0e4e299472dbe01cdfb893577383c5ca2fb75f78
job-core	Install GH CLI	Ôªø2026-02-27T16:52:09.5499837Z Prepare all required actions
job-core	Install GH CLI	2026-02-27T16:52:09.5550686Z ##[group]Run ./.github/actions/install-gh-cli
job-core	Install GH CLI	2026-02-27T16:52:09.5551032Z env:
job-core	Install GH CLI	2026-02-27T16:52:09.5551230Z   PYTHON_VERSION: 3.9
job-core	Install GH CLI	2026-02-27T16:52:09.5552103Z   MONGO_SUPERUSER_CONNECTION: ***
job-core	Install GH CLI	2026-02-27T16:52:09.5552511Z   MONGO_NEW_PASS: ***
job-core	Install GH CLI	2026-02-27T16:52:09.5552875Z   MONGO_SCRIPT_CREATE: devops/core/mongo/scripts/mongodb_status_report.py
job-core	Install GH CLI	2026-02-27T16:52:09.5553304Z   KAOS_CODE: 22495386452
job-core	Install GH CLI	2026-02-27T16:52:09.5553541Z   REPORT_SCAN: audit/
job-core	Install GH CLI	2026-02-27T16:52:09.5553774Z   REPORT_PATH: audit/mongodb/
job-core	Install GH CLI	2026-02-27T16:52:09.5554045Z   REPORT_FILENAME: 22495386452.json
job-core	Install GH CLI	2026-02-27T16:52:09.5554335Z   KAOS_MODULE: [Ka0s] Status MongDB Report
job-core	Install GH CLI	2026-02-27T16:52:09.5555211Z   GITHUB_OUTPUT: 
job-core	Install GH CLI	2026-02-27T16:52:09.5555432Z ##[endgroup]
job-core	Install GH CLI	2026-02-27T16:52:09.5659929Z ##[group]Run type -p curl >/dev/null || (sudo apt-get update && sudo apt-get install curl -y)
job-core	Install GH CLI	2026-02-27T16:52:09.5660935Z [36;1mtype -p curl >/dev/null || (sudo apt-get update && sudo apt-get install curl -y)[0m
job-core	Install GH CLI	2026-02-27T16:52:09.5661915Z [36;1mcurl -fsSL https://cli.github.com/packages/githubcli-archive-keyring.gpg | sudo dd of=/usr/share/keyrings/githubcli-archive-keyring.gpg \[0m
job-core	Install GH CLI	2026-02-27T16:52:09.5662798Z [36;1m&& sudo chmod go+r /usr/share/keyrings/githubcli-archive-keyring.gpg \[0m
job-core	Install GH CLI	2026-02-27T16:52:09.5663991Z [36;1m&& echo "deb [arch=$(dpkg --print-architecture) signed-by=/usr/share/keyrings/githubcli-archive-keyring.gpg] https://cli.github.com/packages stable main" | sudo tee /etc/apt/sources.list.d/github-cli.list > /dev/null \[0m
job-core	Install GH CLI	2026-02-27T16:52:09.5665801Z [36;1m&& sudo apt-get update \[0m
job-core	Install GH CLI	2026-02-27T16:52:09.5666113Z [36;1m&& sudo apt-get install gh -y[0m
job-core	Install GH CLI	2026-02-27T16:52:09.5683083Z shell: /usr/bin/bash --noprofile --norc -e -o pipefail {0}
job-core	Install GH CLI	2026-02-27T16:52:09.5683474Z env:
job-core	Install GH CLI	2026-02-27T16:52:09.5683688Z   PYTHON_VERSION: 3.9
job-core	Install GH CLI	2026-02-27T16:52:09.5684778Z   MONGO_SUPERUSER_CONNECTION: ***
job-core	Install GH CLI	2026-02-27T16:52:09.5685222Z   MONGO_NEW_PASS: ***
job-core	Install GH CLI	2026-02-27T16:52:09.5685704Z   MONGO_SCRIPT_CREATE: devops/core/mongo/scripts/mongodb_status_report.py
job-core	Install GH CLI	2026-02-27T16:52:09.5686136Z   KAOS_CODE: 22495386452
job-core	Install GH CLI	2026-02-27T16:52:09.5686367Z   REPORT_SCAN: audit/
job-core	Install GH CLI	2026-02-27T16:52:09.5686608Z   REPORT_PATH: audit/mongodb/
job-core	Install GH CLI	2026-02-27T16:52:09.5686868Z   REPORT_FILENAME: 22495386452.json
job-core	Install GH CLI	2026-02-27T16:52:09.5687156Z   KAOS_MODULE: [Ka0s] Status MongDB Report
job-core	Install GH CLI	2026-02-27T16:52:09.5687565Z   GITHUB_OUTPUT: 
job-core	Install GH CLI	2026-02-27T16:52:09.5687771Z ##[endgroup]
job-core	Install GH CLI	2026-02-27T16:52:09.8183660Z 4+1 records in
job-core	Install GH CLI	2026-02-27T16:52:09.8185169Z 4+1 records out
job-core	Install GH CLI	2026-02-27T16:52:09.8186502Z 2270 bytes (2.3 kB, 2.2 KiB) copied, 0.225425 s, 10.1 kB/s
job-core	Install GH CLI	2026-02-27T16:52:10.0111346Z Get:1 https://cli.github.com/packages stable InRelease [3917 B]
job-core	Install GH CLI	2026-02-27T16:52:10.0204058Z Get:2 http://archive.ubuntu.com/ubuntu noble InRelease [256 kB]
job-core	Install GH CLI	2026-02-27T16:52:10.0204889Z Get:3 http://security.ubuntu.com/ubuntu noble-security InRelease [126 kB]
job-core	Install GH CLI	2026-02-27T16:52:10.1738505Z Get:4 http://archive.ubuntu.com/ubuntu noble-updates InRelease [126 kB]
job-core	Install GH CLI	2026-02-27T16:52:10.2114848Z Get:5 http://archive.ubuntu.com/ubuntu noble-backports InRelease [126 kB]
job-core	Install GH CLI	2026-02-27T16:52:10.2143742Z Get:6 http://security.ubuntu.com/ubuntu noble-security/multiverse amd64 Packages [34.8 kB]
job-core	Install GH CLI	2026-02-27T16:52:10.2280360Z Get:7 https://cli.github.com/packages stable/main amd64 Packages [357 B]
job-core	Install GH CLI	2026-02-27T16:52:10.2499083Z Get:8 https://ppa.launchpadcontent.net/git-core/ppa/ubuntu noble InRelease [24.3 kB]
job-core	Install GH CLI	2026-02-27T16:52:10.2559180Z Get:9 http://security.ubuntu.com/ubuntu noble-security/universe amd64 Packages [1242 kB]
job-core	Install GH CLI	2026-02-27T16:52:10.2955648Z Get:10 http://archive.ubuntu.com/ubuntu noble/restricted amd64 Packages [117 kB]
job-core	Install GH CLI	2026-02-27T16:52:10.3332331Z Get:11 http://archive.ubuntu.com/ubuntu noble/multiverse amd64 Packages [331 kB]
job-core	Install GH CLI	2026-02-27T16:52:10.3526332Z Get:12 http://security.ubuntu.com/ubuntu noble-security/restricted amd64 Packages [3262 kB]
job-core	Install GH CLI	2026-02-27T16:52:10.3582998Z Get:13 http://archive.ubuntu.com/ubuntu noble/universe amd64 Packages [19.3 MB]
job-core	Install GH CLI	2026-02-27T16:52:10.4038959Z Get:14 http://security.ubuntu.com/ubuntu noble-security/main amd64 Packages [1883 kB]
job-core	Install GH CLI	2026-02-27T16:52:10.5982089Z Get:15 https://ppa.launchpadcontent.net/git-core/ppa/ubuntu noble/main amd64 Packages [2992 B]
job-core	Install GH CLI	2026-02-27T16:52:10.6811319Z Get:16 http://archive.ubuntu.com/ubuntu noble/main amd64 Packages [1808 kB]
job-core	Install GH CLI	2026-02-27T16:52:10.6943223Z Get:17 http://archive.ubuntu.com/ubuntu noble-updates/main amd64 Packages [2276 kB]
job-core	Install GH CLI	2026-02-27T16:52:10.7091224Z Get:18 http://archive.ubuntu.com/ubuntu noble-updates/multiverse amd64 Packages [38.1 kB]
job-core	Install GH CLI	2026-02-27T16:52:10.7094700Z Get:19 http://archive.ubuntu.com/ubuntu noble-updates/universe amd64 Packages [2017 kB]
job-core	Install GH CLI	2026-02-27T16:52:10.7292480Z Get:20 http://archive.ubuntu.com/ubuntu noble-updates/restricted amd64 Packages [3471 kB]
job-core	Install GH CLI	2026-02-27T16:52:10.7638187Z Get:21 http://archive.ubuntu.com/ubuntu noble-backports/main amd64 Packages [49.5 kB]
job-core	Install GH CLI	2026-02-27T16:52:10.7643959Z Get:22 http://archive.ubuntu.com/ubuntu noble-backports/universe amd64 Packages [34.6 kB]
job-core	Install GH CLI	2026-02-27T16:52:11.9113303Z Fetched 36.5 MB in 2s (18.5 MB/s)
job-core	Install GH CLI	2026-02-27T16:52:12.8452063Z Reading package lists...
job-core	Install GH CLI	2026-02-27T16:52:13.8252866Z Reading package lists...
job-core	Install GH CLI	2026-02-27T16:52:14.0559297Z Building dependency tree...
job-core	Install GH CLI	2026-02-27T16:52:14.0559817Z Reading state information...
job-core	Install GH CLI	2026-02-27T16:52:14.4159059Z The following NEW packages will be installed:
job-core	Install GH CLI	2026-02-27T16:52:14.4179750Z   gh
job-core	Install GH CLI	2026-02-27T16:52:14.6093837Z 0 upgraded, 1 newly installed, 0 to remove and 0 not upgraded.
job-core	Install GH CLI	2026-02-27T16:52:14.6096681Z Need to get 13.8 MB of archives.
job-core	Install GH CLI	2026-02-27T16:52:14.6098479Z After this operation, 38.5 MB of additional disk space will be used.
job-core	Install GH CLI	2026-02-27T16:52:14.6101166Z Get:1 https://cli.github.com/packages stable/main amd64 gh amd64 2.87.3 [13.8 MB]
job-core	Install GH CLI	2026-02-27T16:52:14.9465870Z debconf: delaying package configuration, since apt-utils is not installed
job-core	Install GH CLI	2026-02-27T16:52:14.9869899Z Fetched 13.8 MB in 0s (39.5 MB/s)
job-core	Install GH CLI	2026-02-27T16:52:15.0141960Z Selecting previously unselected package gh.
job-core	Install GH CLI	2026-02-27T16:52:15.0180861Z (Reading database ... 
job-core	Install GH CLI	2026-02-27T16:52:15.0181175Z (Reading database ... 5%
job-core	Install GH CLI	2026-02-27T16:52:15.0181454Z (Reading database ... 10%
job-core	Install GH CLI	2026-02-27T16:52:15.0181726Z (Reading database ... 15%
job-core	Install GH CLI	2026-02-27T16:52:15.0181995Z (Reading database ... 20%
job-core	Install GH CLI	2026-02-27T16:52:15.0182262Z (Reading database ... 25%
job-core	Install GH CLI	2026-02-27T16:52:15.0182524Z (Reading database ... 30%
job-core	Install GH CLI	2026-02-27T16:52:15.0182790Z (Reading database ... 35%
job-core	Install GH CLI	2026-02-27T16:52:15.0183061Z (Reading database ... 40%
job-core	Install GH CLI	2026-02-27T16:52:15.0183330Z (Reading database ... 45%
job-core	Install GH CLI	2026-02-27T16:52:15.0183595Z (Reading database ... 50%
job-core	Install GH CLI	2026-02-27T16:52:15.0183862Z (Reading database ... 55%
job-core	Install GH CLI	2026-02-27T16:52:15.0184123Z (Reading database ... 60%
job-core	Install GH CLI	2026-02-27T16:52:15.0193081Z (Reading database ... 65%
job-core	Install GH CLI	2026-02-27T16:52:15.0208769Z (Reading database ... 70%
job-core	Install GH CLI	2026-02-27T16:52:15.0213968Z (Reading database ... 75%
job-core	Install GH CLI	2026-02-27T16:52:15.0229174Z (Reading database ... 80%
job-core	Install GH CLI	2026-02-27T16:52:15.0234023Z (Reading database ... 85%
job-core	Install GH CLI	2026-02-27T16:52:15.0245716Z (Reading database ... 90%
job-core	Install GH CLI	2026-02-27T16:52:15.0265622Z (Reading database ... 95%
job-core	Install GH CLI	2026-02-27T16:52:15.0266013Z (Reading database ... 100%
job-core	Install GH CLI	2026-02-27T16:52:15.0266468Z (Reading database ... 14387 files and directories currently installed.)
job-core	Install GH CLI	2026-02-27T16:52:15.0271596Z Preparing to unpack .../archives/gh_2.87.3_amd64.deb ...
job-core	Install GH CLI	2026-02-27T16:52:15.0311239Z Unpacking gh (2.87.3) ...
job-core	Install GH CLI	2026-02-27T16:52:15.3009478Z Setting up gh (2.87.3) ...
job-core	Set up Python	Ôªø2026-02-27T16:52:15.3615845Z ##[group]Run actions/setup-python@v4
job-core	Set up Python	2026-02-27T16:52:15.3616253Z with:
job-core	Set up Python	2026-02-27T16:52:15.3616491Z   python-version: 3.9
job-core	Set up Python	2026-02-27T16:52:15.3616771Z   check-latest: false
job-core	Set up Python	2026-02-27T16:52:15.3617187Z   token: ***
job-core	Set up Python	2026-02-27T16:52:15.3617433Z   update-environment: true
job-core	Set up Python	2026-02-27T16:52:15.3617742Z   allow-prereleases: false
job-core	Set up Python	2026-02-27T16:52:15.3618020Z env:
job-core	Set up Python	2026-02-27T16:52:15.3618242Z   PYTHON_VERSION: 3.9
job-core	Set up Python	2026-02-27T16:52:15.3619126Z   MONGO_SUPERUSER_CONNECTION: ***
job-core	Set up Python	2026-02-27T16:52:15.3619602Z   MONGO_NEW_PASS: ***
job-core	Set up Python	2026-02-27T16:52:15.3620032Z   MONGO_SCRIPT_CREATE: devops/core/mongo/scripts/mongodb_status_report.py
job-core	Set up Python	2026-02-27T16:52:15.3620543Z   KAOS_CODE: 22495386452
job-core	Set up Python	2026-02-27T16:52:15.3620822Z   REPORT_SCAN: audit/
job-core	Set up Python	2026-02-27T16:52:15.3621098Z   REPORT_PATH: audit/mongodb/
job-core	Set up Python	2026-02-27T16:52:15.3621412Z   REPORT_FILENAME: 22495386452.json
job-core	Set up Python	2026-02-27T16:52:15.3621755Z   KAOS_MODULE: [Ka0s] Status MongDB Report
job-core	Set up Python	2026-02-27T16:52:15.3622103Z   GITHUB_OUTPUT: 
job-core	Set up Python	2026-02-27T16:52:15.3622345Z ##[endgroup]
job-core	Set up Python	2026-02-27T16:52:15.5596320Z ##[group]Installed versions
job-core	Set up Python	2026-02-27T16:52:15.5617959Z Version 3.9 was not found in the local cache
job-core	Set up Python	2026-02-27T16:52:16.6150644Z Version 3.9 is available for downloading
job-core	Set up Python	2026-02-27T16:52:16.6151943Z Download from "https://github.com/actions/python-versions/releases/download/3.9.25-19039189640/python-3.9.25-linux-24.04-x64.tar.gz"
job-core	Set up Python	2026-02-27T16:52:18.5398557Z Extract downloaded archive
job-core	Set up Python	2026-02-27T16:52:18.5514791Z [command]/usr/bin/tar xz --warning=no-unknown-keyword -C /home/runner/_work/_temp/ec905415-e317-40c3-a0c5-d7af99dd6d0f -f /home/runner/_work/_temp/46abe722-d3ab-4048-973e-906c6398b243
job-core	Set up Python	2026-02-27T16:52:20.0948145Z Execute installation script
job-core	Set up Python	2026-02-27T16:52:20.1060003Z Check if Python hostedtoolcache folder exist...
job-core	Set up Python	2026-02-27T16:52:20.1060554Z Creating Python hostedtoolcache folder...
job-core	Set up Python	2026-02-27T16:52:20.1075883Z Create Python 3.9.25 folder
job-core	Set up Python	2026-02-27T16:52:20.1095964Z Copy Python binaries to hostedtoolcache folder
job-core	Set up Python	2026-02-27T16:52:21.0541495Z Create additional symlinks (Required for the UsePythonVersion Azure Pipelines task and the setup-python GitHub Action)
job-core	Set up Python	2026-02-27T16:52:21.0587660Z Upgrading pip...
job-core	Set up Python	2026-02-27T16:52:23.0491017Z Looking in links: /tmp/tmpsheohqvb
job-core	Set up Python	2026-02-27T16:52:23.0496262Z Requirement already satisfied: setuptools in /home/runner/_work/_tool/Python/3.9.25/x64/lib/python3.9/site-packages (79.0.1)
job-core	Set up Python	2026-02-27T16:52:23.0501271Z Requirement already satisfied: pip in /home/runner/_work/_tool/Python/3.9.25/x64/lib/python3.9/site-packages (23.0.1)
job-core	Set up Python	2026-02-27T16:52:24.3502020Z Collecting pip
job-core	Set up Python	2026-02-27T16:52:24.4141149Z Downloading pip-26.0.1-py3-none-any.whl (1.8 MB)
job-core	Set up Python	2026-02-27T16:52:24.4867887Z ‚îÅ‚îÅ‚îÅ‚îÅ‚îÅ‚îÅ‚îÅ‚îÅ‚îÅ‚îÅ‚îÅ‚îÅ‚îÅ‚îÅ‚îÅ‚îÅ‚îÅ‚îÅ‚îÅ‚îÅ‚îÅ‚îÅ‚îÅ‚îÅ‚îÅ‚îÅ‚îÅ‚îÅ‚îÅ‚îÅ‚îÅ‚îÅ‚îÅ‚îÅ‚îÅ‚îÅ‚îÅ‚îÅ‚îÅ‚îÅ 1.8/1.8 MB 27.9 MB/s eta 0:00:00
job-core	Set up Python	2026-02-27T16:52:24.4868777Z 
job-core	Set up Python	2026-02-27T16:52:24.5609078Z Installing collected packages: pip
job-core	Set up Python	2026-02-27T16:52:24.5609660Z Attempting uninstall: pip
job-core	Set up Python	2026-02-27T16:52:24.5619335Z Found existing installation: pip 23.0.1
job-core	Set up Python	2026-02-27T16:52:24.8756152Z Uninstalling pip-23.0.1:
job-core	Set up Python	2026-02-27T16:52:24.8858740Z Successfully uninstalled pip-23.0.1
job-core	Set up Python	2026-02-27T16:52:25.7774110Z Successfully installed pip-26.0.1
job-core	Set up Python	2026-02-27T16:52:25.8578802Z Create complete file
job-core	Set up Python	2026-02-27T16:52:25.8624906Z Successfully set up CPython (3.9.25)
job-core	Set up Python	2026-02-27T16:52:25.8626371Z ##[endgroup]
job-core	Install dependencies	Ôªø2026-02-27T16:52:25.8821407Z ##[group]Run pip install pymongo
job-core	Install dependencies	2026-02-27T16:52:25.8821774Z [36;1mpip install pymongo[0m
job-core	Install dependencies	2026-02-27T16:52:25.8838630Z shell: /usr/bin/bash -e {0}
job-core	Install dependencies	2026-02-27T16:52:25.8839075Z env:
job-core	Install dependencies	2026-02-27T16:52:25.8839282Z   PYTHON_VERSION: 3.9
job-core	Install dependencies	2026-02-27T16:52:25.8840387Z   MONGO_SUPERUSER_CONNECTION: ***
job-core	Install dependencies	2026-02-27T16:52:25.8841057Z   MONGO_NEW_PASS: ***
job-core	Install dependencies	2026-02-27T16:52:25.8841547Z   MONGO_SCRIPT_CREATE: devops/core/mongo/scripts/mongodb_status_report.py
job-core	Install dependencies	2026-02-27T16:52:25.8841979Z   KAOS_CODE: 22495386452
job-core	Install dependencies	2026-02-27T16:52:25.8842215Z   REPORT_SCAN: audit/
job-core	Install dependencies	2026-02-27T16:52:25.8842570Z   REPORT_PATH: audit/mongodb/
job-core	Install dependencies	2026-02-27T16:52:25.8842824Z   REPORT_FILENAME: 22495386452.json
job-core	Install dependencies	2026-02-27T16:52:25.8843114Z   KAOS_MODULE: [Ka0s] Status MongDB Report
job-core	Install dependencies	2026-02-27T16:52:25.8843403Z   GITHUB_OUTPUT: 
job-core	Install dependencies	2026-02-27T16:52:25.8843698Z   pythonLocation: /home/runner/_work/_tool/Python/3.9.25/x64
job-core	Install dependencies	2026-02-27T16:52:25.8844194Z   PKG_CONFIG_PATH: /home/runner/_work/_tool/Python/3.9.25/x64/lib/pkgconfig
job-core	Install dependencies	2026-02-27T16:52:25.8845222Z   Python_ROOT_DIR: /home/runner/_work/_tool/Python/3.9.25/x64
job-core	Install dependencies	2026-02-27T16:52:25.8845817Z   Python2_ROOT_DIR: /home/runner/_work/_tool/Python/3.9.25/x64
job-core	Install dependencies	2026-02-27T16:52:25.8846268Z   Python3_ROOT_DIR: /home/runner/_work/_tool/Python/3.9.25/x64
job-core	Install dependencies	2026-02-27T16:52:25.8846717Z   LD_LIBRARY_PATH: /home/runner/_work/_tool/Python/3.9.25/x64/lib
job-core	Install dependencies	2026-02-27T16:52:25.8847082Z ##[endgroup]
job-core	Install dependencies	2026-02-27T16:52:26.7749830Z Collecting pymongo
job-core	Install dependencies	2026-02-27T16:52:26.8371243Z   Downloading pymongo-4.16.0-cp39-cp39-manylinux2014_x86_64.manylinux_2_17_x86_64.manylinux_2_28_x86_64.whl.metadata (10.0 kB)
job-core	Install dependencies	2026-02-27T16:52:26.8658319Z Collecting dnspython<3.0.0,>=2.6.1 (from pymongo)
job-core	Install dependencies	2026-02-27T16:52:26.8717651Z   Downloading dnspython-2.7.0-py3-none-any.whl.metadata (5.8 kB)
job-core	Install dependencies	2026-02-27T16:52:26.8881596Z Downloading pymongo-4.16.0-cp39-cp39-manylinux2014_x86_64.manylinux_2_17_x86_64.manylinux_2_28_x86_64.whl (947 kB)
job-core	Install dependencies	2026-02-27T16:52:26.9235218Z    ‚îÅ‚îÅ‚îÅ‚îÅ‚îÅ‚îÅ‚îÅ‚îÅ‚îÅ‚îÅ‚îÅ‚îÅ‚îÅ‚îÅ‚îÅ‚îÅ‚îÅ‚îÅ‚îÅ‚îÅ‚îÅ‚îÅ‚îÅ‚îÅ‚îÅ‚îÅ‚îÅ‚îÅ‚îÅ‚îÅ‚îÅ‚îÅ‚îÅ‚îÅ‚îÅ‚îÅ‚îÅ‚îÅ‚îÅ‚îÅ 947.2/947.2 kB 37.1 MB/s  0:00:00
job-core	Install dependencies	2026-02-27T16:52:26.9326187Z Downloading dnspython-2.7.0-py3-none-any.whl (313 kB)
job-core	Install dependencies	2026-02-27T16:52:27.0133163Z Installing collected packages: dnspython, pymongo
job-core	Install dependencies	2026-02-27T16:52:27.5656519Z 
job-core	Install dependencies	2026-02-27T16:52:27.5689698Z Successfully installed dnspython-2.7.0 pymongo-4.16.0
job-core	Create database MongoDB	Ôªø2026-02-27T16:52:27.7806442Z ##[group]Run python devops/core/mongo/scripts/mongodb_status_report.py
job-core	Create database MongoDB	2026-02-27T16:52:27.7807091Z [36;1mpython devops/core/mongo/scripts/mongodb_status_report.py[0m
job-core	Create database MongoDB	2026-02-27T16:52:27.7807622Z [36;1mecho "Downloading files to MongoDB update repository ..."[0m
job-core	Create database MongoDB	2026-02-27T16:52:27.7808274Z [36;1mgit config --global user.name "***"[0m
job-core	Create database MongoDB	2026-02-27T16:52:27.7808663Z [36;1mgit config --global user.email "***"[0m
job-core	Create database MongoDB	2026-02-27T16:52:27.7808987Z [36;1mgit pull --rebase[0m
job-core	Create database MongoDB	2026-02-27T16:52:27.7809341Z [36;1mecho "Uploading files to MongoDB update repository ..."[0m
job-core	Create database MongoDB	2026-02-27T16:52:27.7809742Z [36;1mgit add audit/mongodb/[0m
job-core	Create database MongoDB	2026-02-27T16:52:27.7810043Z [36;1mif ! git diff --staged --quiet; then[0m
job-core	Create database MongoDB	2026-02-27T16:52:27.7810547Z [36;1m   git commit -m "swarm-runners] Uploading files to MongoDB update repository ..."[0m
job-core	Create database MongoDB	2026-02-27T16:52:27.7811130Z [36;1m   git push origin refs/heads/main --force-with-lease[0m
job-core	Create database MongoDB	2026-02-27T16:52:27.7811496Z [36;1m fi[0m
job-core	Create database MongoDB	2026-02-27T16:52:27.7824402Z shell: /usr/bin/bash -e {0}
job-core	Create database MongoDB	2026-02-27T16:52:27.7824833Z env:
job-core	Create database MongoDB	2026-02-27T16:52:27.7825035Z   PYTHON_VERSION: 3.9
job-core	Create database MongoDB	2026-02-27T16:52:27.7825864Z   MONGO_SUPERUSER_CONNECTION: ***
job-core	Create database MongoDB	2026-02-27T16:52:27.7826281Z   MONGO_NEW_PASS: ***
job-core	Create database MongoDB	2026-02-27T16:52:27.7876882Z   MONGO_SCRIPT_CREATE: devops/core/mongo/scripts/mongodb_status_report.py
job-core	Create database MongoDB	2026-02-27T16:52:27.7877341Z   KAOS_CODE: 22495386452
job-core	Create database MongoDB	2026-02-27T16:52:27.7877575Z   REPORT_SCAN: audit/
job-core	Create database MongoDB	2026-02-27T16:52:27.7877807Z   REPORT_PATH: audit/mongodb/
job-core	Create database MongoDB	2026-02-27T16:52:27.7878072Z   REPORT_FILENAME: 22495386452.json
job-core	Create database MongoDB	2026-02-27T16:52:27.7878360Z   KAOS_MODULE: [Ka0s] Status MongDB Report
job-core	Create database MongoDB	2026-02-27T16:52:27.7878648Z   GITHUB_OUTPUT: 
job-core	Create database MongoDB	2026-02-27T16:52:27.7878939Z   pythonLocation: /home/runner/_work/_tool/Python/3.9.25/x64
job-core	Create database MongoDB	2026-02-27T16:52:27.7879416Z   PKG_CONFIG_PATH: /home/runner/_work/_tool/Python/3.9.25/x64/lib/pkgconfig
job-core	Create database MongoDB	2026-02-27T16:52:27.7879927Z   Python_ROOT_DIR: /home/runner/_work/_tool/Python/3.9.25/x64
job-core	Create database MongoDB	2026-02-27T16:52:27.7880368Z   Python2_ROOT_DIR: /home/runner/_work/_tool/Python/3.9.25/x64
job-core	Create database MongoDB	2026-02-27T16:52:27.7880817Z   Python3_ROOT_DIR: /home/runner/_work/_tool/Python/3.9.25/x64
job-core	Create database MongoDB	2026-02-27T16:52:27.7881260Z   LD_LIBRARY_PATH: /home/runner/_work/_tool/Python/3.9.25/x64/lib
job-core	Create database MongoDB	2026-02-27T16:52:27.7881630Z ##[endgroup]
job-core	Create database MongoDB	2026-02-27T16:52:28.2569336Z ‚úÖ Reporte generado exitosamente: audit/mongodb/22495386452.json
job-core	Create database MongoDB	2026-02-27T16:52:28.4859984Z Downloading files to MongoDB update repository ...
job-core	Create database MongoDB	2026-02-27T16:52:29.2878545Z Already up to date.
job-core	Create database MongoDB	2026-02-27T16:52:29.2886190Z Uploading files to MongoDB update repository ...
job-core	Create database MongoDB	2026-02-27T16:52:29.3404115Z [main 30a385f92] swarm-runners] Uploading files to MongoDB update repository ...
job-core	Create database MongoDB	2026-02-27T16:52:29.3404876Z  1 file changed, 33493 insertions(+)
job-core	Create database MongoDB	2026-02-27T16:52:29.3405220Z  create mode 100644 audit/mongodb/22495386452.json
job-core	Create database MongoDB	2026-02-27T16:52:30.4013301Z To https://github.com/Ka0s-Klaus/ka0s
job-core	Create database MongoDB	2026-02-27T16:52:30.4015737Z    0e4e29947..30a385f92  main -> main
job-core	Upload report	Ôªø2026-02-27T16:52:30.4512549Z ##[group]Run actions/upload-artifact@v4
job-core	Upload report	2026-02-27T16:52:30.4513324Z with:
job-core	Upload report	2026-02-27T16:52:30.4513786Z   name: mongo-setup-report
job-core	Upload report	2026-02-27T16:52:30.4514375Z   path: audit/mongodb/
job-core	Upload report	2026-02-27T16:52:30.4515286Z   if-no-files-found: warn
job-core	Upload report	2026-02-27T16:52:30.4537046Z   compression-level: 6
job-core	Upload report	2026-02-27T16:52:30.4537725Z   overwrite: false
job-core	Upload report	2026-02-27T16:52:30.4538264Z   include-hidden-files: false
job-core	Upload report	2026-02-27T16:52:30.4538847Z env:
job-core	Upload report	2026-02-27T16:52:30.4539285Z   PYTHON_VERSION: 3.9
job-core	Upload report	2026-02-27T16:52:30.4541079Z   MONGO_SUPERUSER_CONNECTION: ***
job-core	Upload report	2026-02-27T16:52:30.4542017Z   MONGO_NEW_PASS: ***
job-core	Upload report	2026-02-27T16:52:30.4542841Z   MONGO_SCRIPT_CREATE: devops/core/mongo/scripts/mongodb_status_report.py
job-core	Upload report	2026-02-27T16:52:30.4543830Z   KAOS_CODE: 22495386452
job-core	Upload report	2026-02-27T16:52:30.4544365Z   REPORT_SCAN: audit/
job-core	Upload report	2026-02-27T16:52:30.4545312Z   REPORT_PATH: audit/mongodb/
job-core	Upload report	2026-02-27T16:52:30.4545925Z   REPORT_FILENAME: 22495386452.json
job-core	Upload report	2026-02-27T16:52:30.4547358Z   KAOS_MODULE: [Ka0s] Status MongDB Report
job-core	Upload report	2026-02-27T16:52:30.4548110Z   GITHUB_OUTPUT: 
job-core	Upload report	2026-02-27T16:52:30.4548784Z   pythonLocation: /home/runner/_work/_tool/Python/3.9.25/x64
job-core	Upload report	2026-02-27T16:52:30.4549924Z   PKG_CONFIG_PATH: /home/runner/_work/_tool/Python/3.9.25/x64/lib/pkgconfig
job-core	Upload report	2026-02-27T16:52:30.4551083Z   Python_ROOT_DIR: /home/runner/_work/_tool/Python/3.9.25/x64
job-core	Upload report	2026-02-27T16:52:30.4552121Z   Python2_ROOT_DIR: /home/runner/_work/_tool/Python/3.9.25/x64
job-core	Upload report	2026-02-27T16:52:30.4553161Z   Python3_ROOT_DIR: /home/runner/_work/_tool/Python/3.9.25/x64
job-core	Upload report	2026-02-27T16:52:30.4554209Z   LD_LIBRARY_PATH: /home/runner/_work/_tool/Python/3.9.25/x64/lib
job-core	Upload report	2026-02-27T16:52:30.4555501Z ##[endgroup]
job-core	Upload report	2026-02-27T16:52:30.7114318Z With the provided path, there will be 2 files uploaded
job-core	Upload report	2026-02-27T16:52:30.7120499Z Artifact name is valid!
job-core	Upload report	2026-02-27T16:52:30.7121683Z Root directory input is valid!
job-core	Upload report	2026-02-27T16:52:31.1038085Z Beginning upload of artifact content to blob storage
job-core	Upload report	2026-02-27T16:52:31.8501420Z Uploaded bytes 128436
job-core	Upload report	2026-02-27T16:52:31.9659613Z Finished uploading artifact content to blob storage!
job-core	Upload report	2026-02-27T16:52:31.9667920Z SHA256 digest of uploaded artifact zip is 6a5eddcad45db87cde9bc75dfd34008db285c1c6db58b87ad09d87cfb45c3a71
job-core	Upload report	2026-02-27T16:52:31.9673390Z Finalizing artifact upload
job-core	Upload report	2026-02-27T16:52:32.1599687Z Artifact mongo-setup-report.zip successfully finalized. Artifact ID 5693867630
job-core	Upload report	2026-02-27T16:52:32.1603503Z Artifact mongo-setup-report has been successfully uploaded! Final size is 128436 bytes. Artifact ID is 5693867630
job-core	Upload report	2026-02-27T16:52:32.1632713Z Artifact download URL: https://github.com/Ka0s-Klaus/ka0s/actions/runs/22495386452/artifacts/5693867630
job-core	Post Set up Python	Ôªø2026-02-27T16:52:32.2093548Z Post job cleanup.
job-core	Post Checkout code	Ôªø2026-02-27T16:52:32.4079888Z Post job cleanup.
job-core	Post Checkout code	2026-02-27T16:52:32.5230249Z [command]/usr/bin/git version
job-core	Post Checkout code	2026-02-27T16:52:32.5275290Z git version 2.53.0
job-core	Post Checkout code	2026-02-27T16:52:32.5318247Z Copying '/home/runner/.gitconfig' to '/home/runner/_work/_temp/a0679b21-95c0-456e-bcb4-58bb0dfce4f8/.gitconfig'
job-core	Post Checkout code	2026-02-27T16:52:32.5331594Z Temporarily overriding HOME='/home/runner/_work/_temp/a0679b21-95c0-456e-bcb4-58bb0dfce4f8' before making global git config changes
job-core	Post Checkout code	2026-02-27T16:52:32.5332546Z Adding repository directory to the temporary git global config as a safe directory
job-core	Post Checkout code	2026-02-27T16:52:32.5338824Z [command]/usr/bin/git config --global --add safe.directory /home/runner/_work/ka0s/ka0s
job-core	Post Checkout code	2026-02-27T16:52:32.5388387Z [command]/usr/bin/git config --local --name-only --get-regexp core\.sshCommand
job-core	Post Checkout code	2026-02-27T16:52:32.5433278Z [command]/usr/bin/git submodule foreach --recursive sh -c "git config --local --name-only --get-regexp 'core\.sshCommand' && git config --local --unset-all 'core.sshCommand' || :"
job-core	Post Checkout code	2026-02-27T16:52:32.5772544Z [command]/usr/bin/git config --local --name-only --get-regexp http\.https\:\/\/github\.com\/\.extraheader
job-core	Post Checkout code	2026-02-27T16:52:32.5803442Z http.https://github.com/.extraheader
job-core	Post Checkout code	2026-02-27T16:52:32.5818306Z [command]/usr/bin/git config --local --unset-all http.https://github.com/.extraheader
job-core	Post Checkout code	2026-02-27T16:52:32.5864794Z [command]/usr/bin/git submodule foreach --recursive sh -c "git config --local --name-only --get-regexp 'http\.https\:\/\/github\.com\/\.extraheader' && git config --local --unset-all 'http.https://github.com/.extraheader' || :"
job-core	Post Checkout code	2026-02-27T16:52:32.6202589Z [command]/usr/bin/git config --local --name-only --get-regexp ^includeIf\.gitdir:
job-core	Post Checkout code	2026-02-27T16:52:32.6244387Z [command]/usr/bin/git submodule foreach --recursive git config --local --show-origin --name-only --get-regexp remote.origin.url
job-core	Complete job	Ôªø2026-02-27T16:52:32.6718881Z Cleaning up orphan processes
handle-success	Set up job	Ôªø2026-02-27T16:52:46.2926536Z Current runner version: '2.332.0'
handle-success	Set up job	2026-02-27T16:52:46.2936100Z Runner name: 'swarm-runners-scaleset-hkss5-runner-7m2lt'
handle-success	Set up job	2026-02-27T16:52:46.2937155Z Runner group name: 'Default'
handle-success	Set up job	2026-02-27T16:52:46.2938485Z Machine name: 'swarm-runners-scaleset-hkss5-runner-7m2lt'
handle-success	Set up job	2026-02-27T16:52:46.2942334Z ##[group]GITHUB_TOKEN Permissions
handle-success	Set up job	2026-02-27T16:52:46.2945841Z Actions: write
handle-success	Set up job	2026-02-27T16:52:46.2946471Z Contents: write
handle-success	Set up job	2026-02-27T16:52:46.2947150Z Issues: write
handle-success	Set up job	2026-02-27T16:52:46.2947787Z Metadata: read
handle-success	Set up job	2026-02-27T16:52:46.2948376Z PullRequests: write
handle-success	Set up job	2026-02-27T16:52:46.2949125Z ##[endgroup]
handle-success	Set up job	2026-02-27T16:52:46.2951419Z Secret source: Actions
handle-success	Set up job	2026-02-27T16:52:46.2952196Z Prepare workflow directory
handle-success	Set up job	2026-02-27T16:52:46.3549150Z Prepare all required actions
handle-success	Set up job	2026-02-27T16:52:46.3591619Z Getting action download info
handle-success	Set up job	2026-02-27T16:52:46.9244991Z Download action repository 'actions/checkout@v4' (SHA:34e114876b0b11c390a56381ad16ebd13914f8d5)
handle-success	Set up job	2026-02-27T16:52:47.9406193Z Complete job name: handle-success
handle-success	Checkout code	Ôªø2026-02-27T16:52:48.0047854Z ##[group]Run actions/checkout@v4
handle-success	Checkout code	2026-02-27T16:52:48.0048899Z with:
handle-success	Checkout code	2026-02-27T16:52:48.0049372Z   fetch-depth: 0
handle-success	Checkout code	2026-02-27T16:52:48.0049886Z   repository: Ka0s-Klaus/ka0s
handle-success	Checkout code	2026-02-27T16:52:48.0050705Z   token: ***
handle-success	Checkout code	2026-02-27T16:52:48.0051162Z   ssh-strict: true
handle-success	Checkout code	2026-02-27T16:52:48.0051622Z   ssh-user: git
handle-success	Checkout code	2026-02-27T16:52:48.0052095Z   persist-credentials: true
handle-success	Checkout code	2026-02-27T16:52:48.0052623Z   clean: true
handle-success	Checkout code	2026-02-27T16:52:48.0053102Z   sparse-checkout-cone-mode: true
handle-success	Checkout code	2026-02-27T16:52:48.0053691Z   fetch-tags: false
handle-success	Checkout code	2026-02-27T16:52:48.0054168Z   show-progress: true
handle-success	Checkout code	2026-02-27T16:52:48.0055013Z   lfs: false
handle-success	Checkout code	2026-02-27T16:52:48.0055605Z   submodules: false
handle-success	Checkout code	2026-02-27T16:52:48.0056110Z   set-safe-directory: true
handle-success	Checkout code	2026-02-27T16:52:48.0056891Z env:
handle-success	Checkout code	2026-02-27T16:52:48.0057347Z   PYTHON_VERSION: 3.9
handle-success	Checkout code	2026-02-27T16:52:48.0058694Z   MONGO_SUPERUSER_CONNECTION: ***
handle-success	Checkout code	2026-02-27T16:52:48.0059485Z   MONGO_NEW_PASS: ***
handle-success	Checkout code	2026-02-27T16:52:48.0060211Z   MONGO_SCRIPT_CREATE: devops/core/mongo/scripts/mongodb_status_report.py
handle-success	Checkout code	2026-02-27T16:52:48.0061084Z   KAOS_CODE: 22495386452
handle-success	Checkout code	2026-02-27T16:52:48.0061600Z   REPORT_SCAN: audit/
handle-success	Checkout code	2026-02-27T16:52:48.0062108Z   REPORT_PATH: audit/mongodb/
handle-success	Checkout code	2026-02-27T16:52:48.0062671Z   REPORT_FILENAME: 22495386452.json
handle-success	Checkout code	2026-02-27T16:52:48.0063281Z   KAOS_MODULE: [Ka0s] Status MongDB Report
handle-success	Checkout code	2026-02-27T16:52:48.0063879Z ##[endgroup]
handle-success	Checkout code	2026-02-27T16:52:48.1331205Z Syncing repository: Ka0s-Klaus/ka0s
handle-success	Checkout code	2026-02-27T16:52:48.1333604Z ##[group]Getting Git version info
handle-success	Checkout code	2026-02-27T16:52:48.1334395Z Working directory is '/home/runner/_work/ka0s/ka0s'
handle-success	Checkout code	2026-02-27T16:52:48.1336065Z [command]/usr/bin/git version
handle-success	Checkout code	2026-02-27T16:52:48.1336666Z git version 2.53.0
handle-success	Checkout code	2026-02-27T16:52:48.1363611Z ##[endgroup]
handle-success	Checkout code	2026-02-27T16:52:48.1381137Z Temporarily overriding HOME='/home/runner/_work/_temp/3596a1c4-2f9c-4afe-8205-c850ae871801' before making global git config changes
handle-success	Checkout code	2026-02-27T16:52:48.1383080Z Adding repository directory to the temporary git global config as a safe directory
handle-success	Checkout code	2026-02-27T16:52:48.1388151Z [command]/usr/bin/git config --global --add safe.directory /home/runner/_work/ka0s/ka0s
handle-success	Checkout code	2026-02-27T16:52:48.1469461Z Deleting the contents of '/home/runner/_work/ka0s/ka0s'
handle-success	Checkout code	2026-02-27T16:52:48.1471025Z ##[group]Initializing the repository
handle-success	Checkout code	2026-02-27T16:52:48.1471819Z [command]/usr/bin/git init /home/runner/_work/ka0s/ka0s
handle-success	Checkout code	2026-02-27T16:52:48.1523906Z hint: Using 'master' as the name for the initial branch. This default branch name
handle-success	Checkout code	2026-02-27T16:52:48.1527628Z hint: will change to "main" in Git 3.0. To configure the initial branch name
handle-success	Checkout code	2026-02-27T16:52:48.1530716Z hint: to use in all of your new repositories, which will suppress this warning,
handle-success	Checkout code	2026-02-27T16:52:48.1531644Z hint: call:
handle-success	Checkout code	2026-02-27T16:52:48.1532093Z hint:
handle-success	Checkout code	2026-02-27T16:52:48.1532676Z hint: 	git config --global init.defaultBranch <name>
handle-success	Checkout code	2026-02-27T16:52:48.1533364Z hint:
handle-success	Checkout code	2026-02-27T16:52:48.1534024Z hint: Names commonly chosen instead of 'master' are 'main', 'trunk' and
handle-success	Checkout code	2026-02-27T16:52:48.1536269Z hint: 'development'. The just-created branch can be renamed via this command:
handle-success	Checkout code	2026-02-27T16:52:48.1537767Z hint:
handle-success	Checkout code	2026-02-27T16:52:48.1538241Z hint: 	git branch -m <name>
handle-success	Checkout code	2026-02-27T16:52:48.1538766Z hint:
handle-success	Checkout code	2026-02-27T16:52:48.1539475Z hint: Disable this message with "git config set advice.defaultBranchName false"
handle-success	Checkout code	2026-02-27T16:52:48.1540583Z Initialized empty Git repository in /home/runner/_work/ka0s/ka0s/.git/
handle-success	Checkout code	2026-02-27T16:52:48.1542578Z [command]/usr/bin/git remote add origin https://github.com/Ka0s-Klaus/ka0s
handle-success	Checkout code	2026-02-27T16:52:48.1587400Z ##[endgroup]
handle-success	Checkout code	2026-02-27T16:52:48.1588420Z ##[group]Disabling automatic garbage collection
handle-success	Checkout code	2026-02-27T16:52:48.1589311Z [command]/usr/bin/git config --local gc.auto 0
handle-success	Checkout code	2026-02-27T16:52:48.1629714Z ##[endgroup]
handle-success	Checkout code	2026-02-27T16:52:48.1630626Z ##[group]Setting up auth
handle-success	Checkout code	2026-02-27T16:52:48.1636953Z [command]/usr/bin/git config --local --name-only --get-regexp core\.sshCommand
handle-success	Checkout code	2026-02-27T16:52:48.1678622Z [command]/usr/bin/git submodule foreach --recursive sh -c "git config --local --name-only --get-regexp 'core\.sshCommand' && git config --local --unset-all 'core.sshCommand' || :"
handle-success	Checkout code	2026-02-27T16:52:48.2022971Z [command]/usr/bin/git config --local --name-only --get-regexp http\.https\:\/\/github\.com\/\.extraheader
handle-success	Checkout code	2026-02-27T16:52:48.2063012Z [command]/usr/bin/git submodule foreach --recursive sh -c "git config --local --name-only --get-regexp 'http\.https\:\/\/github\.com\/\.extraheader' && git config --local --unset-all 'http.https://github.com/.extraheader' || :"
handle-success	Checkout code	2026-02-27T16:52:48.2387949Z [command]/usr/bin/git config --local --name-only --get-regexp ^includeIf\.gitdir:
handle-success	Checkout code	2026-02-27T16:52:48.2429909Z [command]/usr/bin/git submodule foreach --recursive git config --local --show-origin --name-only --get-regexp remote.origin.url
handle-success	Checkout code	2026-02-27T16:52:48.2772252Z [command]/usr/bin/git config --local http.https://github.com/.extraheader AUTHORIZATION: basic ***
handle-success	Checkout code	2026-02-27T16:52:48.2825431Z ##[endgroup]
handle-success	Checkout code	2026-02-27T16:52:48.2826413Z ##[group]Fetching the repository
handle-success	Checkout code	2026-02-27T16:52:48.2847098Z [command]/usr/bin/git -c protocol.version=2 fetch --prune --no-recurse-submodules origin +refs/heads/*:refs/remotes/origin/* +refs/tags/*:refs/tags/*
handle-success	Checkout code	2026-02-27T16:53:10.2040431Z From https://github.com/Ka0s-Klaus/ka0s
handle-success	Checkout code	2026-02-27T16:53:10.2041178Z  * [new branch]          F3450-modelo-operativo -> origin/F3450-modelo-operativo
handle-success	Checkout code	2026-02-27T16:53:10.2041885Z  * [new branch]          H1276-modulo-observabilidad -> origin/H1276-modulo-observabilidad
handle-success	Checkout code	2026-02-27T16:53:10.2045650Z  * [new branch]          H3596-deploy-itop      -> origin/H3596-deploy-itop
handle-success	Checkout code	2026-02-27T16:53:10.2046550Z  * [new branch]          H4170-flujo-detallado-zabbix---github -> origin/H4170-flujo-detallado-zabbix---github
handle-success	Checkout code	2026-02-27T16:53:10.2047300Z  * [new branch]          H4191-request-cambios  -> origin/H4191-request-cambios
handle-success	Checkout code	2026-02-27T16:53:10.2048106Z  * [new branch]          H4200-request-recomendaciones-de-auditoria -> origin/H4200-request-recomendaciones-de-auditoria
handle-success	Checkout code	2026-02-27T16:53:10.2048833Z  * [new branch]          main                   -> origin/main
handle-success	Checkout code	2026-02-27T16:53:10.2049555Z  * [new tag]             0.0.0                  -> 0.0.0
handle-success	Checkout code	2026-02-27T16:53:10.2050085Z  * [new tag]             0.0.1                  -> 0.0.1
handle-success	Checkout code	2026-02-27T16:53:10.2050498Z  * [new tag]             0.0.10                 -> 0.0.10
handle-success	Checkout code	2026-02-27T16:53:10.2050954Z  * [new tag]             0.0.100                -> 0.0.100
handle-success	Checkout code	2026-02-27T16:53:10.2051358Z  * [new tag]             0.0.101                -> 0.0.101
handle-success	Checkout code	2026-02-27T16:53:10.2051796Z  * [new tag]             0.0.102                -> 0.0.102
handle-success	Checkout code	2026-02-27T16:53:10.2052245Z  * [new tag]             0.0.103                -> 0.0.103
handle-success	Checkout code	2026-02-27T16:53:10.2052691Z  * [new tag]             0.0.104                -> 0.0.104
handle-success	Checkout code	2026-02-27T16:53:10.2053095Z  * [new tag]             0.0.105                -> 0.0.105
handle-success	Checkout code	2026-02-27T16:53:10.2053502Z  * [new tag]             0.0.106                -> 0.0.106
handle-success	Checkout code	2026-02-27T16:53:10.2053955Z  * [new tag]             0.0.107                -> 0.0.107
handle-success	Checkout code	2026-02-27T16:53:10.2054361Z  * [new tag]             0.0.108                -> 0.0.108
handle-success	Checkout code	2026-02-27T16:53:10.2057566Z  * [new tag]             0.0.109                -> 0.0.109
handle-success	Checkout code	2026-02-27T16:53:10.2058006Z  * [new tag]             0.0.11                 -> 0.0.11
handle-success	Checkout code	2026-02-27T16:53:10.2058447Z  * [new tag]             0.0.110                -> 0.0.110
handle-success	Checkout code	2026-02-27T16:53:10.2058864Z  * [new tag]             0.0.111                -> 0.0.111
handle-success	Checkout code	2026-02-27T16:53:10.2059422Z  * [new tag]             0.0.112                -> 0.0.112
handle-success	Checkout code	2026-02-27T16:53:10.2059840Z  * [new tag]             0.0.113                -> 0.0.113
handle-success	Checkout code	2026-02-27T16:53:10.2060257Z  * [new tag]             0.0.114                -> 0.0.114
handle-success	Checkout code	2026-02-27T16:53:10.2060792Z  * [new tag]             0.0.115                -> 0.0.115
handle-success	Checkout code	2026-02-27T16:53:10.2061212Z  * [new tag]             0.0.116                -> 0.0.116
handle-success	Checkout code	2026-02-27T16:53:10.2061871Z  * [new tag]             0.0.117                -> 0.0.117
handle-success	Checkout code	2026-02-27T16:53:10.2062356Z  * [new tag]             0.0.118                -> 0.0.118
handle-success	Checkout code	2026-02-27T16:53:10.2062784Z  * [new tag]             0.0.119                -> 0.0.119
handle-success	Checkout code	2026-02-27T16:53:10.2063501Z  * [new tag]             0.0.12                 -> 0.0.12
handle-success	Checkout code	2026-02-27T16:53:10.2063923Z  * [new tag]             0.0.120                -> 0.0.120
handle-success	Checkout code	2026-02-27T16:53:10.2064343Z  * [new tag]             0.0.121                -> 0.0.121
handle-success	Checkout code	2026-02-27T16:53:10.2064852Z  * [new tag]             0.0.122                -> 0.0.122
handle-success	Checkout code	2026-02-27T16:53:10.2065281Z  * [new tag]             0.0.123                -> 0.0.123
handle-success	Checkout code	2026-02-27T16:53:10.2065701Z  * [new tag]             0.0.124                -> 0.0.124
handle-success	Checkout code	2026-02-27T16:53:10.2066118Z  * [new tag]             0.0.125                -> 0.0.125
handle-success	Checkout code	2026-02-27T16:53:10.2066537Z  * [new tag]             0.0.126                -> 0.0.126
handle-success	Checkout code	2026-02-27T16:53:10.2066957Z  * [new tag]             0.0.127                -> 0.0.127
handle-success	Checkout code	2026-02-27T16:53:10.2067373Z  * [new tag]             0.0.128                -> 0.0.128
handle-success	Checkout code	2026-02-27T16:53:10.2067798Z  * [new tag]             0.0.129                -> 0.0.129
handle-success	Checkout code	2026-02-27T16:53:10.2068219Z  * [new tag]             0.0.13                 -> 0.0.13
handle-success	Checkout code	2026-02-27T16:53:10.2068672Z  * [new tag]             0.0.130                -> 0.0.130
handle-success	Checkout code	2026-02-27T16:53:10.2069093Z  * [new tag]             0.0.131                -> 0.0.131
handle-success	Checkout code	2026-02-27T16:53:10.2069510Z  * [new tag]             0.0.132                -> 0.0.132
handle-success	Checkout code	2026-02-27T16:53:10.2069927Z  * [new tag]             0.0.133                -> 0.0.133
handle-success	Checkout code	2026-02-27T16:53:10.2070346Z  * [new tag]             0.0.134                -> 0.0.134
handle-success	Checkout code	2026-02-27T16:53:10.2070764Z  * [new tag]             0.0.135                -> 0.0.135
handle-success	Checkout code	2026-02-27T16:53:10.2071179Z  * [new tag]             0.0.136                -> 0.0.136
handle-success	Checkout code	2026-02-27T16:53:10.2071591Z  * [new tag]             0.0.137                -> 0.0.137
handle-success	Checkout code	2026-02-27T16:53:10.2072010Z  * [new tag]             0.0.138                -> 0.0.138
handle-success	Checkout code	2026-02-27T16:53:10.2144033Z  * [new tag]             0.0.139                -> 0.0.139
handle-success	Checkout code	2026-02-27T16:53:10.2147228Z  * [new tag]             0.0.14                 -> 0.0.14
handle-success	Checkout code	2026-02-27T16:53:10.2147773Z  * [new tag]             0.0.140                -> 0.0.140
handle-success	Checkout code	2026-02-27T16:53:10.2148212Z  * [new tag]             0.0.141                -> 0.0.141
handle-success	Checkout code	2026-02-27T16:53:10.2148636Z  * [new tag]             0.0.142                -> 0.0.142
handle-success	Checkout code	2026-02-27T16:53:10.2149084Z  * [new tag]             0.0.143                -> 0.0.143
handle-success	Checkout code	2026-02-27T16:53:10.2149507Z  * [new tag]             0.0.144                -> 0.0.144
handle-success	Checkout code	2026-02-27T16:53:10.2149923Z  * [new tag]             0.0.145                -> 0.0.145
handle-success	Checkout code	2026-02-27T16:53:10.2150346Z  * [new tag]             0.0.146                -> 0.0.146
handle-success	Checkout code	2026-02-27T16:53:10.2150774Z  * [new tag]             0.0.147                -> 0.0.147
handle-success	Checkout code	2026-02-27T16:53:10.2151197Z  * [new tag]             0.0.148                -> 0.0.148
handle-success	Checkout code	2026-02-27T16:53:10.2151621Z  * [new tag]             0.0.149                -> 0.0.149
handle-success	Checkout code	2026-02-27T16:53:10.2152249Z  * [new tag]             0.0.15                 -> 0.0.15
handle-success	Checkout code	2026-02-27T16:53:10.2152716Z  * [new tag]             0.0.150                -> 0.0.150
handle-success	Checkout code	2026-02-27T16:53:10.2153470Z  * [new tag]             0.0.151                -> 0.0.151
handle-success	Checkout code	2026-02-27T16:53:10.2153892Z  * [new tag]             0.0.152                -> 0.0.152
handle-success	Checkout code	2026-02-27T16:53:10.2154317Z  * [new tag]             0.0.153                -> 0.0.153
handle-success	Checkout code	2026-02-27T16:53:10.2155025Z  * [new tag]             0.0.154                -> 0.0.154
handle-success	Checkout code	2026-02-27T16:53:10.2155451Z  * [new tag]             0.0.155                -> 0.0.155
handle-success	Checkout code	2026-02-27T16:53:10.2155870Z  * [new tag]             0.0.156                -> 0.0.156
handle-success	Checkout code	2026-02-27T16:53:10.2156287Z  * [new tag]             0.0.157                -> 0.0.157
handle-success	Checkout code	2026-02-27T16:53:10.2156708Z  * [new tag]             0.0.158                -> 0.0.158
handle-success	Checkout code	2026-02-27T16:53:10.2157131Z  * [new tag]             0.0.159                -> 0.0.159
handle-success	Checkout code	2026-02-27T16:53:10.2157552Z  * [new tag]             0.0.16                 -> 0.0.16
handle-success	Checkout code	2026-02-27T16:53:10.2157997Z  * [new tag]             0.0.160                -> 0.0.160
handle-success	Checkout code	2026-02-27T16:53:10.2158468Z  * [new tag]             0.0.161                -> 0.0.161
handle-success	Checkout code	2026-02-27T16:53:10.2159135Z  * [new tag]             0.0.162                -> 0.0.162
handle-success	Checkout code	2026-02-27T16:53:10.2159686Z  * [new tag]             0.0.163                -> 0.0.163
handle-success	Checkout code	2026-02-27T16:53:10.2160091Z  * [new tag]             0.0.164                -> 0.0.164
handle-success	Checkout code	2026-02-27T16:53:10.2160625Z  * [new tag]             0.0.165                -> 0.0.165
handle-success	Checkout code	2026-02-27T16:53:10.2161154Z  * [new tag]             0.0.166                -> 0.0.166
handle-success	Checkout code	2026-02-27T16:53:10.2161561Z  * [new tag]             0.0.167                -> 0.0.167
handle-success	Checkout code	2026-02-27T16:53:10.2161968Z  * [new tag]             0.0.168                -> 0.0.168
handle-success	Checkout code	2026-02-27T16:53:10.2162376Z  * [new tag]             0.0.169                -> 0.0.169
handle-success	Checkout code	2026-02-27T16:53:10.2162775Z  * [new tag]             0.0.17                 -> 0.0.17
handle-success	Checkout code	2026-02-27T16:53:10.2163182Z  * [new tag]             0.0.170                -> 0.0.170
handle-success	Checkout code	2026-02-27T16:53:10.2163588Z  * [new tag]             0.0.171                -> 0.0.171
handle-success	Checkout code	2026-02-27T16:53:10.2164022Z  * [new tag]             0.0.172                -> 0.0.172
handle-success	Checkout code	2026-02-27T16:53:10.2164428Z  * [new tag]             0.0.173                -> 0.0.173
handle-success	Checkout code	2026-02-27T16:53:10.2165268Z  * [new tag]             0.0.174                -> 0.0.174
handle-success	Checkout code	2026-02-27T16:53:10.2165806Z  * [new tag]             0.0.175                -> 0.0.175
handle-success	Checkout code	2026-02-27T16:53:10.2166217Z  * [new tag]             0.0.176                -> 0.0.176
handle-success	Checkout code	2026-02-27T16:53:10.2166627Z  * [new tag]             0.0.177                -> 0.0.177
handle-success	Checkout code	2026-02-27T16:53:10.2167037Z  * [new tag]             0.0.178                -> 0.0.178
handle-success	Checkout code	2026-02-27T16:53:10.2167440Z  * [new tag]             0.0.179                -> 0.0.179
handle-success	Checkout code	2026-02-27T16:53:10.2167850Z  * [new tag]             0.0.18                 -> 0.0.18
handle-success	Checkout code	2026-02-27T16:53:10.2168269Z  * [new tag]             0.0.19                 -> 0.0.19
handle-success	Checkout code	2026-02-27T16:53:10.2168682Z  * [new tag]             0.0.2                  -> 0.0.2
handle-success	Checkout code	2026-02-27T16:53:10.2169087Z  * [new tag]             0.0.20                 -> 0.0.20
handle-success	Checkout code	2026-02-27T16:53:10.2169513Z  * [new tag]             0.0.21                 -> 0.0.21
handle-success	Checkout code	2026-02-27T16:53:10.2169924Z  * [new tag]             0.0.22                 -> 0.0.22
handle-success	Checkout code	2026-02-27T16:53:10.2170333Z  * [new tag]             0.0.23                 -> 0.0.23
handle-success	Checkout code	2026-02-27T16:53:10.2170736Z  * [new tag]             0.0.24                 -> 0.0.24
handle-success	Checkout code	2026-02-27T16:53:10.2171147Z  * [new tag]             0.0.25                 -> 0.0.25
handle-success	Checkout code	2026-02-27T16:53:10.2171553Z  * [new tag]             0.0.26                 -> 0.0.26
handle-success	Checkout code	2026-02-27T16:53:10.2171959Z  * [new tag]             0.0.27                 -> 0.0.27
handle-success	Checkout code	2026-02-27T16:53:10.2172364Z  * [new tag]             0.0.28                 -> 0.0.28
handle-success	Checkout code	2026-02-27T16:53:10.2172773Z  * [new tag]             0.0.29                 -> 0.0.29
handle-success	Checkout code	2026-02-27T16:53:10.2173185Z  * [new tag]             0.0.3                  -> 0.0.3
handle-success	Checkout code	2026-02-27T16:53:10.2173594Z  * [new tag]             0.0.30                 -> 0.0.30
handle-success	Checkout code	2026-02-27T16:53:10.2174002Z  * [new tag]             0.0.31                 -> 0.0.31
handle-success	Checkout code	2026-02-27T16:53:10.2175301Z  * [new tag]             0.0.32                 -> 0.0.32
handle-success	Checkout code	2026-02-27T16:53:10.2175859Z  * [new tag]             0.0.33                 -> 0.0.33
handle-success	Checkout code	2026-02-27T16:53:10.2176270Z  * [new tag]             0.0.34                 -> 0.0.34
handle-success	Checkout code	2026-02-27T16:53:10.2176685Z  * [new tag]             0.0.35                 -> 0.0.35
handle-success	Checkout code	2026-02-27T16:53:10.2177094Z  * [new tag]             0.0.36                 -> 0.0.36
handle-success	Checkout code	2026-02-27T16:53:10.2177493Z  * [new tag]             0.0.37                 -> 0.0.37
handle-success	Checkout code	2026-02-27T16:53:10.2177906Z  * [new tag]             0.0.38                 -> 0.0.38
handle-success	Checkout code	2026-02-27T16:53:10.2178313Z  * [new tag]             0.0.39                 -> 0.0.39
handle-success	Checkout code	2026-02-27T16:53:10.2178721Z  * [new tag]             0.0.4                  -> 0.0.4
handle-success	Checkout code	2026-02-27T16:53:10.2179124Z  * [new tag]             0.0.40                 -> 0.0.40
handle-success	Checkout code	2026-02-27T16:53:10.2179531Z  * [new tag]             0.0.41                 -> 0.0.41
handle-success	Checkout code	2026-02-27T16:53:10.2179939Z  * [new tag]             0.0.42                 -> 0.0.42
handle-success	Checkout code	2026-02-27T16:53:10.2180568Z  * [new tag]             0.0.43                 -> 0.0.43
handle-success	Checkout code	2026-02-27T16:53:10.2180974Z  * [new tag]             0.0.44                 -> 0.0.44
handle-success	Checkout code	2026-02-27T16:53:10.2181378Z  * [new tag]             0.0.45                 -> 0.0.45
handle-success	Checkout code	2026-02-27T16:53:10.2181791Z  * [new tag]             0.0.46                 -> 0.0.46
handle-success	Checkout code	2026-02-27T16:53:10.2182201Z  * [new tag]             0.0.47                 -> 0.0.47
handle-success	Checkout code	2026-02-27T16:53:10.2182608Z  * [new tag]             0.0.48                 -> 0.0.48
handle-success	Checkout code	2026-02-27T16:53:10.2183014Z  * [new tag]             0.0.49                 -> 0.0.49
handle-success	Checkout code	2026-02-27T16:53:10.2183835Z  * [new tag]             0.0.5                  -> 0.0.5
handle-success	Checkout code	2026-02-27T16:53:10.2184252Z  * [new tag]             0.0.50                 -> 0.0.50
handle-success	Checkout code	2026-02-27T16:53:10.2185056Z  * [new tag]             0.0.51                 -> 0.0.51
handle-success	Checkout code	2026-02-27T16:53:10.2185481Z  * [new tag]             0.0.52                 -> 0.0.52
handle-success	Checkout code	2026-02-27T16:53:10.2186031Z  * [new tag]             0.0.53                 -> 0.0.53
handle-success	Checkout code	2026-02-27T16:53:10.2186434Z  * [new tag]             0.0.54                 -> 0.0.54
handle-success	Checkout code	2026-02-27T16:53:10.2186843Z  * [new tag]             0.0.55                 -> 0.0.55
handle-success	Checkout code	2026-02-27T16:53:10.2187253Z  * [new tag]             0.0.56                 -> 0.0.56
handle-success	Checkout code	2026-02-27T16:53:10.2187663Z  * [new tag]             0.0.57                 -> 0.0.57
handle-success	Checkout code	2026-02-27T16:53:10.2188206Z  * [new tag]             0.0.58                 -> 0.0.58
handle-success	Checkout code	2026-02-27T16:53:10.2189011Z  * [new tag]             0.0.59                 -> 0.0.59
handle-success	Checkout code	2026-02-27T16:53:10.2189412Z  * [new tag]             0.0.6                  -> 0.0.6
handle-success	Checkout code	2026-02-27T16:53:10.2189812Z  * [new tag]             0.0.60                 -> 0.0.60
handle-success	Checkout code	2026-02-27T16:53:10.2190212Z  * [new tag]             0.0.61                 -> 0.0.61
handle-success	Checkout code	2026-02-27T16:53:10.2190608Z  * [new tag]             0.0.62                 -> 0.0.62
handle-success	Checkout code	2026-02-27T16:53:10.2191008Z  * [new tag]             0.0.63                 -> 0.0.63
handle-success	Checkout code	2026-02-27T16:53:10.2191421Z  * [new tag]             0.0.64                 -> 0.0.64
handle-success	Checkout code	2026-02-27T16:53:10.2191821Z  * [new tag]             0.0.65                 -> 0.0.65
handle-success	Checkout code	2026-02-27T16:53:10.2192221Z  * [new tag]             0.0.66                 -> 0.0.66
handle-success	Checkout code	2026-02-27T16:53:10.2192613Z  * [new tag]             0.0.67                 -> 0.0.67
handle-success	Checkout code	2026-02-27T16:53:10.2193016Z  * [new tag]             0.0.68                 -> 0.0.68
handle-success	Checkout code	2026-02-27T16:53:10.2193417Z  * [new tag]             0.0.69                 -> 0.0.69
handle-success	Checkout code	2026-02-27T16:53:10.2193819Z  * [new tag]             0.0.7                  -> 0.0.7
handle-success	Checkout code	2026-02-27T16:53:10.2194213Z  * [new tag]             0.0.70                 -> 0.0.70
handle-success	Checkout code	2026-02-27T16:53:10.2195084Z  * [new tag]             0.0.71                 -> 0.0.71
handle-success	Checkout code	2026-02-27T16:53:10.2195770Z  * [new tag]             0.0.72                 -> 0.0.72
handle-success	Checkout code	2026-02-27T16:53:10.2196183Z  * [new tag]             0.0.73                 -> 0.0.73
handle-success	Checkout code	2026-02-27T16:53:10.2196596Z  * [new tag]             0.0.74                 -> 0.0.74
handle-success	Checkout code	2026-02-27T16:53:10.2197338Z  * [new tag]             0.0.75                 -> 0.0.75
handle-success	Checkout code	2026-02-27T16:53:10.2197746Z  * [new tag]             0.0.76                 -> 0.0.76
handle-success	Checkout code	2026-02-27T16:53:10.2198151Z  * [new tag]             0.0.77                 -> 0.0.77
handle-success	Checkout code	2026-02-27T16:53:10.2198552Z  * [new tag]             0.0.78                 -> 0.0.78
handle-success	Checkout code	2026-02-27T16:53:10.2198951Z  * [new tag]             0.0.79                 -> 0.0.79
handle-success	Checkout code	2026-02-27T16:53:10.2199343Z  * [new tag]             0.0.8                  -> 0.0.8
handle-success	Checkout code	2026-02-27T16:53:10.2199742Z  * [new tag]             0.0.80                 -> 0.0.80
handle-success	Checkout code	2026-02-27T16:53:10.2200149Z  * [new tag]             0.0.81                 -> 0.0.81
handle-success	Checkout code	2026-02-27T16:53:10.2200549Z  * [new tag]             0.0.82                 -> 0.0.82
handle-success	Checkout code	2026-02-27T16:53:10.2200946Z  * [new tag]             0.0.83                 -> 0.0.83
handle-success	Checkout code	2026-02-27T16:53:10.2201345Z  * [new tag]             0.0.84                 -> 0.0.84
handle-success	Checkout code	2026-02-27T16:53:10.2201745Z  * [new tag]             0.0.85                 -> 0.0.85
handle-success	Checkout code	2026-02-27T16:53:10.2202342Z  * [new tag]             0.0.86                 -> 0.0.86
handle-success	Checkout code	2026-02-27T16:53:10.2202740Z  * [new tag]             0.0.87                 -> 0.0.87
handle-success	Checkout code	2026-02-27T16:53:10.2203136Z  * [new tag]             0.0.88                 -> 0.0.88
handle-success	Checkout code	2026-02-27T16:53:10.2203534Z  * [new tag]             0.0.89                 -> 0.0.89
handle-success	Checkout code	2026-02-27T16:53:10.2203939Z  * [new tag]             0.0.9                  -> 0.0.9
handle-success	Checkout code	2026-02-27T16:53:10.2204336Z  * [new tag]             0.0.90                 -> 0.0.90
handle-success	Checkout code	2026-02-27T16:53:10.2205076Z  * [new tag]             0.0.91                 -> 0.0.91
handle-success	Checkout code	2026-02-27T16:53:10.2205613Z  * [new tag]             0.0.92                 -> 0.0.92
handle-success	Checkout code	2026-02-27T16:53:10.2206144Z  * [new tag]             0.0.93                 -> 0.0.93
handle-success	Checkout code	2026-02-27T16:53:10.2206544Z  * [new tag]             0.0.94                 -> 0.0.94
handle-success	Checkout code	2026-02-27T16:53:10.2206948Z  * [new tag]             0.0.95                 -> 0.0.95
handle-success	Checkout code	2026-02-27T16:53:10.2207357Z  * [new tag]             0.0.96                 -> 0.0.96
handle-success	Checkout code	2026-02-27T16:53:10.2207763Z  * [new tag]             0.0.97                 -> 0.0.97
handle-success	Checkout code	2026-02-27T16:53:10.2208164Z  * [new tag]             0.0.98                 -> 0.0.98
handle-success	Checkout code	2026-02-27T16:53:10.2208566Z  * [new tag]             0.0.99                 -> 0.0.99
handle-success	Checkout code	2026-02-27T16:53:10.2208972Z  * [new tag]             0.1.0                  -> 0.1.0
handle-success	Checkout code	2026-02-27T16:53:10.2209367Z  * [new tag]             0.1.1                  -> 0.1.1
handle-success	Checkout code	2026-02-27T16:53:10.2209767Z  * [new tag]             0.2.0                  -> 0.2.0
handle-success	Checkout code	2026-02-27T16:53:10.2210166Z  * [new tag]             0.3.0                  -> 0.3.0
handle-success	Checkout code	2026-02-27T16:53:10.2210559Z  * [new tag]             0.3.1                  -> 0.3.1
handle-success	Checkout code	2026-02-27T16:53:10.2210982Z  * [new tag]             0.3.10                 -> 0.3.10
handle-success	Checkout code	2026-02-27T16:53:10.2211388Z  * [new tag]             0.3.11                 -> 0.3.11
handle-success	Checkout code	2026-02-27T16:53:10.2211789Z  * [new tag]             0.3.12                 -> 0.3.12
handle-success	Checkout code	2026-02-27T16:53:10.2212199Z  * [new tag]             0.3.13                 -> 0.3.13
handle-success	Checkout code	2026-02-27T16:53:10.2212603Z  * [new tag]             0.3.14                 -> 0.3.14
handle-success	Checkout code	2026-02-27T16:53:10.2213002Z  * [new tag]             0.3.15                 -> 0.3.15
handle-success	Checkout code	2026-02-27T16:53:10.2213402Z  * [new tag]             0.3.16                 -> 0.3.16
handle-success	Checkout code	2026-02-27T16:53:10.2213805Z  * [new tag]             0.3.17                 -> 0.3.17
handle-success	Checkout code	2026-02-27T16:53:10.2214202Z  * [new tag]             0.3.2                  -> 0.3.2
handle-success	Checkout code	2026-02-27T16:53:10.2214897Z  * [new tag]             0.3.3                  -> 0.3.3
handle-success	Checkout code	2026-02-27T16:53:10.2215587Z  * [new tag]             0.3.4                  -> 0.3.4
handle-success	Checkout code	2026-02-27T16:53:10.2215984Z  * [new tag]             0.3.5                  -> 0.3.5
handle-success	Checkout code	2026-02-27T16:53:10.2216378Z  * [new tag]             0.3.6                  -> 0.3.6
handle-success	Checkout code	2026-02-27T16:53:10.2216770Z  * [new tag]             0.3.7                  -> 0.3.7
handle-success	Checkout code	2026-02-27T16:53:10.2217166Z  * [new tag]             0.3.8                  -> 0.3.8
handle-success	Checkout code	2026-02-27T16:53:10.2217827Z  * [new tag]             0.3.9                  -> 0.3.9
handle-success	Checkout code	2026-02-27T16:53:10.2218229Z  * [new tag]             0.4.0                  -> 0.4.0
handle-success	Checkout code	2026-02-27T16:53:10.2218619Z  * [new tag]             0.4.1                  -> 0.4.1
handle-success	Checkout code	2026-02-27T16:53:10.2219016Z  * [new tag]             0.4.2                  -> 0.4.2
handle-success	Checkout code	2026-02-27T16:53:10.2219408Z  * [new tag]             0.4.3                  -> 0.4.3
handle-success	Checkout code	2026-02-27T16:53:10.2219801Z  * [new tag]             0.4.4                  -> 0.4.4
handle-success	Checkout code	2026-02-27T16:53:10.2220201Z  * [new tag]             0.4.5                  -> 0.4.5
handle-success	Checkout code	2026-02-27T16:53:10.2220590Z  * [new tag]             0.4.6                  -> 0.4.6
handle-success	Checkout code	2026-02-27T16:53:10.2220983Z  * [new tag]             0.4.7                  -> 0.4.7
handle-success	Checkout code	2026-02-27T16:53:10.2221380Z  * [new tag]             0.4.8                  -> 0.4.8
handle-success	Checkout code	2026-02-27T16:53:10.2221773Z  * [new tag]             0.4.9                  -> 0.4.9
handle-success	Checkout code	2026-02-27T16:53:10.2222169Z  * [new tag]             0.5.0                  -> 0.5.0
handle-success	Checkout code	2026-02-27T16:53:10.2222806Z  * [new tag]             0.5.1                  -> 0.5.1
handle-success	Checkout code	2026-02-27T16:53:10.2223200Z  * [new tag]             0.5.2                  -> 0.5.2
handle-success	Checkout code	2026-02-27T16:53:10.2223596Z  * [new tag]             0.6.0                  -> 0.6.0
handle-success	Checkout code	2026-02-27T16:53:10.2223990Z  * [new tag]             0.6.1                  -> 0.6.1
handle-success	Checkout code	2026-02-27T16:53:10.2224382Z  * [new tag]             0.6.2                  -> 0.6.2
handle-success	Checkout code	2026-02-27T16:53:10.2225068Z  * [new tag]             0.6.3                  -> 0.6.3
handle-success	Checkout code	2026-02-27T16:53:10.2225598Z  * [new tag]             0.6.4                  -> 0.6.4
handle-success	Checkout code	2026-02-27T16:53:10.2226120Z  * [new tag]             0.6.5                  -> 0.6.5
handle-success	Checkout code	2026-02-27T16:53:10.2226518Z  * [new tag]             0.6.6                  -> 0.6.6
handle-success	Checkout code	2026-02-27T16:53:10.2443846Z [command]/usr/bin/git branch --list --remote origin/main
handle-success	Checkout code	2026-02-27T16:53:10.2528877Z   origin/main
handle-success	Checkout code	2026-02-27T16:53:10.2540607Z [command]/usr/bin/git rev-parse refs/remotes/origin/main
handle-success	Checkout code	2026-02-27T16:53:10.2570095Z 30a385f92b596bb8def89bc012a2925d4e0061f3
handle-success	Checkout code	2026-02-27T16:53:10.2584092Z [command]/usr/bin/git -c protocol.version=2 fetch --no-tags --prune --no-recurse-submodules origin +0e4e299472dbe01cdfb893577383c5ca2fb75f78:refs/remotes/origin/main
handle-success	Checkout code	2026-02-27T16:53:10.2769513Z From https://github.com/Ka0s-Klaus/ka0s
handle-success	Checkout code	2026-02-27T16:53:10.2770353Z  + 30a385f92...0e4e29947 0e4e299472dbe01cdfb893577383c5ca2fb75f78 -> origin/main  (forced update)
handle-success	Checkout code	2026-02-27T16:53:10.2808393Z ##[endgroup]
handle-success	Checkout code	2026-02-27T16:53:10.2809004Z ##[group]Determining the checkout info
handle-success	Checkout code	2026-02-27T16:53:10.2809538Z ##[endgroup]
handle-success	Checkout code	2026-02-27T16:53:10.2815043Z [command]/usr/bin/git sparse-checkout disable
handle-success	Checkout code	2026-02-27T16:53:10.2865443Z [command]/usr/bin/git config --local --unset-all extensions.worktreeConfig
handle-success	Checkout code	2026-02-27T16:53:10.2903083Z ##[group]Checking out the ref
handle-success	Checkout code	2026-02-27T16:53:10.2913606Z [command]/usr/bin/git checkout --progress --force -B main refs/remotes/origin/main
handle-success	Checkout code	2026-02-27T16:53:10.5426971Z Switched to a new branch 'main'
handle-success	Checkout code	2026-02-27T16:53:10.5431451Z branch 'main' set up to track 'origin/main'.
handle-success	Checkout code	2026-02-27T16:53:10.5475308Z ##[endgroup]
handle-success	Checkout code	2026-02-27T16:53:10.5530098Z [command]/usr/bin/git log -1 --format=%H
handle-success	Checkout code	2026-02-27T16:53:10.5565754Z 0e4e299472dbe01cdfb893577383c5ca2fb75f78
handle-success	handle-success-execution	Ôªø2026-02-27T16:53:10.5812260Z ##[group]Run echo "Process completed successfully 22495386452"
handle-success	handle-success-execution	2026-02-27T16:53:10.5812807Z [36;1mecho "Process completed successfully 22495386452"[0m
handle-success	handle-success-execution	2026-02-27T16:53:10.5828394Z shell: /usr/bin/bash -e {0}
handle-success	handle-success-execution	2026-02-27T16:53:10.5828682Z env:
handle-success	handle-success-execution	2026-02-27T16:53:10.5828877Z   PYTHON_VERSION: 3.9
handle-success	handle-success-execution	2026-02-27T16:53:10.5829855Z   MONGO_SUPERUSER_CONNECTION: ***
handle-success	handle-success-execution	2026-02-27T16:53:10.5830263Z   MONGO_NEW_PASS: ***
handle-success	handle-success-execution	2026-02-27T16:53:10.5830614Z   MONGO_SCRIPT_CREATE: devops/core/mongo/scripts/mongodb_status_report.py
handle-success	handle-success-execution	2026-02-27T16:53:10.5831029Z   KAOS_CODE: 22495386452
handle-success	handle-success-execution	2026-02-27T16:53:10.5831264Z   REPORT_SCAN: audit/
handle-success	handle-success-execution	2026-02-27T16:53:10.5831494Z   REPORT_PATH: audit/mongodb/
handle-success	handle-success-execution	2026-02-27T16:53:10.5831748Z   REPORT_FILENAME: 22495386452.json
handle-success	handle-success-execution	2026-02-27T16:53:10.5832332Z   KAOS_MODULE: [Ka0s] Status MongDB Report
handle-success	handle-success-execution	2026-02-27T16:53:10.5832722Z   GH_TOKEN: ***
handle-success	handle-success-execution	2026-02-27T16:53:10.5832929Z ##[endgroup]
handle-success	handle-success-execution	2026-02-27T16:53:10.5895702Z Process completed successfully 22495386452
handle-success	Post Checkout code	Ôªø2026-02-27T16:53:10.6046272Z Post job cleanup.
handle-success	Post Checkout code	2026-02-27T16:53:10.7103321Z [command]/usr/bin/git version
handle-success	Post Checkout code	2026-02-27T16:53:10.7147967Z git version 2.53.0
handle-success	Post Checkout code	2026-02-27T16:53:10.7197855Z Temporarily overriding HOME='/home/runner/_work/_temp/b5ba2e2f-1b9f-4d12-9cf5-096259850456' before making global git config changes
handle-success	Post Checkout code	2026-02-27T16:53:10.7199079Z Adding repository directory to the temporary git global config as a safe directory
handle-success	Post Checkout code	2026-02-27T16:53:10.7204187Z [command]/usr/bin/git config --global --add safe.directory /home/runner/_work/ka0s/ka0s
handle-success	Post Checkout code	2026-02-27T16:53:10.7252211Z [command]/usr/bin/git config --local --name-only --get-regexp core\.sshCommand
handle-success	Post Checkout code	2026-02-27T16:53:10.7306019Z [command]/usr/bin/git submodule foreach --recursive sh -c "git config --local --name-only --get-regexp 'core\.sshCommand' && git config --local --unset-all 'core.sshCommand' || :"
handle-success	Post Checkout code	2026-02-27T16:53:10.7650062Z [command]/usr/bin/git config --local --name-only --get-regexp http\.https\:\/\/github\.com\/\.extraheader
handle-success	Post Checkout code	2026-02-27T16:53:10.7681734Z http.https://github.com/.extraheader
handle-success	Post Checkout code	2026-02-27T16:53:10.7696476Z [command]/usr/bin/git config --local --unset-all http.https://github.com/.extraheader
handle-success	Post Checkout code	2026-02-27T16:53:10.7743475Z [command]/usr/bin/git submodule foreach --recursive sh -c "git config --local --name-only --get-regexp 'http\.https\:\/\/github\.com\/\.extraheader' && git config --local --unset-all 'http.https://github.com/.extraheader' || :"
handle-success	Post Checkout code	2026-02-27T16:53:10.8083074Z [command]/usr/bin/git config --local --name-only --get-regexp ^includeIf\.gitdir:
handle-success	Post Checkout code	2026-02-27T16:53:10.8125609Z [command]/usr/bin/git submodule foreach --recursive git config --local --show-origin --name-only --get-regexp remote.origin.url
handle-success	Complete job	Ôªø2026-02-27T16:53:10.8597069Z Cleaning up orphan processes
end-workflow	Set up job	Ôªø2026-02-27T16:53:23.5173579Z Current runner version: '2.332.0'
end-workflow	Set up job	2026-02-27T16:53:23.5183235Z Runner name: 'swarm-runners-scaleset-hkss5-runner-4t4xc'
end-workflow	Set up job	2026-02-27T16:53:23.5184376Z Runner group name: 'Default'
end-workflow	Set up job	2026-02-27T16:53:23.5186122Z Machine name: 'swarm-runners-scaleset-hkss5-runner-4t4xc'
end-workflow	Set up job	2026-02-27T16:53:23.5190484Z ##[group]GITHUB_TOKEN Permissions
end-workflow	Set up job	2026-02-27T16:53:23.5193192Z Actions: write
end-workflow	Set up job	2026-02-27T16:53:23.5193819Z Contents: write
end-workflow	Set up job	2026-02-27T16:53:23.5194429Z Issues: write
end-workflow	Set up job	2026-02-27T16:53:23.5196373Z Metadata: read
end-workflow	Set up job	2026-02-27T16:53:23.5197088Z PullRequests: write
end-workflow	Set up job	2026-02-27T16:53:23.5197914Z ##[endgroup]
end-workflow	Set up job	2026-02-27T16:53:23.5200160Z Secret source: Actions
end-workflow	Set up job	2026-02-27T16:53:23.5201013Z Prepare workflow directory
end-workflow	Set up job	2026-02-27T16:53:23.5781224Z Prepare all required actions
end-workflow	Set up job	2026-02-27T16:53:23.5821863Z Getting action download info
end-workflow	Set up job	2026-02-27T16:53:24.2016708Z Download action repository 'actions/checkout@v4' (SHA:34e114876b0b11c390a56381ad16ebd13914f8d5)
end-workflow	Set up job	2026-02-27T16:53:25.3672104Z Complete job name: end-workflow
end-workflow	Checkout repository	Ôªø2026-02-27T16:53:25.4482682Z ##[group]Run actions/checkout@v4
end-workflow	Checkout repository	2026-02-27T16:53:25.4483700Z with:
end-workflow	Checkout repository	2026-02-27T16:53:25.4484172Z   fetch-depth: 0
end-workflow	Checkout repository	2026-02-27T16:53:25.4484912Z   repository: Ka0s-Klaus/ka0s
end-workflow	Checkout repository	2026-02-27T16:53:25.4485882Z   token: ***
end-workflow	Checkout repository	2026-02-27T16:53:25.4486342Z   ssh-strict: true
end-workflow	Checkout repository	2026-02-27T16:53:25.4486808Z   ssh-user: git
end-workflow	Checkout repository	2026-02-27T16:53:25.4487279Z   persist-credentials: true
end-workflow	Checkout repository	2026-02-27T16:53:25.4487805Z   clean: true
end-workflow	Checkout repository	2026-02-27T16:53:25.4488284Z   sparse-checkout-cone-mode: true
end-workflow	Checkout repository	2026-02-27T16:53:25.4488860Z   fetch-tags: false
end-workflow	Checkout repository	2026-02-27T16:53:25.4489337Z   show-progress: true
end-workflow	Checkout repository	2026-02-27T16:53:25.4489817Z   lfs: false
end-workflow	Checkout repository	2026-02-27T16:53:25.4490256Z   submodules: false
end-workflow	Checkout repository	2026-02-27T16:53:25.4490759Z   set-safe-directory: true
end-workflow	Checkout repository	2026-02-27T16:53:25.4491536Z env:
end-workflow	Checkout repository	2026-02-27T16:53:25.4491994Z   PYTHON_VERSION: 3.9
end-workflow	Checkout repository	2026-02-27T16:53:25.4493310Z   MONGO_SUPERUSER_CONNECTION: ***
end-workflow	Checkout repository	2026-02-27T16:53:25.4494089Z   MONGO_NEW_PASS: ***
end-workflow	Checkout repository	2026-02-27T16:53:25.4495332Z   MONGO_SCRIPT_CREATE: devops/core/mongo/scripts/mongodb_status_report.py
end-workflow	Checkout repository	2026-02-27T16:53:25.4496234Z   KAOS_CODE: 22495386452
end-workflow	Checkout repository	2026-02-27T16:53:25.4496747Z   REPORT_SCAN: audit/
end-workflow	Checkout repository	2026-02-27T16:53:25.4497250Z   REPORT_PATH: audit/mongodb/
end-workflow	Checkout repository	2026-02-27T16:53:25.4497807Z   REPORT_FILENAME: 22495386452.json
end-workflow	Checkout repository	2026-02-27T16:53:25.4498409Z   KAOS_MODULE: [Ka0s] Status MongDB Report
end-workflow	Checkout repository	2026-02-27T16:53:25.4499012Z ##[endgroup]
end-workflow	Checkout repository	2026-02-27T16:53:25.5810863Z Syncing repository: Ka0s-Klaus/ka0s
end-workflow	Checkout repository	2026-02-27T16:53:25.5813156Z ##[group]Getting Git version info
end-workflow	Checkout repository	2026-02-27T16:53:25.5843028Z Working directory is '/home/runner/_work/ka0s/ka0s'
end-workflow	Checkout repository	2026-02-27T16:53:25.5844488Z [command]/usr/bin/git version
end-workflow	Checkout repository	2026-02-27T16:53:25.5846577Z git version 2.53.0
end-workflow	Checkout repository	2026-02-27T16:53:25.5854281Z ##[endgroup]
end-workflow	Checkout repository	2026-02-27T16:53:25.5881180Z Temporarily overriding HOME='/home/runner/_work/_temp/2c01b01d-5b30-491d-83c9-31aa264c8ecf' before making global git config changes
end-workflow	Checkout repository	2026-02-27T16:53:25.5883082Z Adding repository directory to the temporary git global config as a safe directory
end-workflow	Checkout repository	2026-02-27T16:53:25.5891824Z [command]/usr/bin/git config --global --add safe.directory /home/runner/_work/ka0s/ka0s
end-workflow	Checkout repository	2026-02-27T16:53:25.5945208Z Deleting the contents of '/home/runner/_work/ka0s/ka0s'
end-workflow	Checkout repository	2026-02-27T16:53:25.5951227Z ##[group]Initializing the repository
end-workflow	Checkout repository	2026-02-27T16:53:25.5955684Z [command]/usr/bin/git init /home/runner/_work/ka0s/ka0s
end-workflow	Checkout repository	2026-02-27T16:53:25.6014011Z hint: Using 'master' as the name for the initial branch. This default branch name
end-workflow	Checkout repository	2026-02-27T16:53:25.6017114Z hint: will change to "main" in Git 3.0. To configure the initial branch name
end-workflow	Checkout repository	2026-02-27T16:53:25.6018192Z hint: to use in all of your new repositories, which will suppress this warning,
end-workflow	Checkout repository	2026-02-27T16:53:25.6019015Z hint: call:
end-workflow	Checkout repository	2026-02-27T16:53:25.6019443Z hint:
end-workflow	Checkout repository	2026-02-27T16:53:25.6020001Z hint: 	git config --global init.defaultBranch <name>
end-workflow	Checkout repository	2026-02-27T16:53:25.6020678Z hint:
end-workflow	Checkout repository	2026-02-27T16:53:25.6021318Z hint: Names commonly chosen instead of 'master' are 'main', 'trunk' and
end-workflow	Checkout repository	2026-02-27T16:53:25.6022375Z hint: 'development'. The just-created branch can be renamed via this command:
end-workflow	Checkout repository	2026-02-27T16:53:25.6023740Z hint:
end-workflow	Checkout repository	2026-02-27T16:53:25.6024190Z hint: 	git branch -m <name>
end-workflow	Checkout repository	2026-02-27T16:53:25.6027779Z hint:
end-workflow	Checkout repository	2026-02-27T16:53:25.6028495Z hint: Disable this message with "git config set advice.defaultBranchName false"
end-workflow	Checkout repository	2026-02-27T16:53:25.6029573Z Initialized empty Git repository in /home/runner/_work/ka0s/ka0s/.git/
end-workflow	Checkout repository	2026-02-27T16:53:25.6031597Z [command]/usr/bin/git remote add origin https://github.com/Ka0s-Klaus/ka0s
end-workflow	Checkout repository	2026-02-27T16:53:25.6076897Z ##[endgroup]
end-workflow	Checkout repository	2026-02-27T16:53:25.6078124Z ##[group]Disabling automatic garbage collection
end-workflow	Checkout repository	2026-02-27T16:53:25.6081941Z [command]/usr/bin/git config --local gc.auto 0
end-workflow	Checkout repository	2026-02-27T16:53:25.6122964Z ##[endgroup]
end-workflow	Checkout repository	2026-02-27T16:53:25.6123839Z ##[group]Setting up auth
end-workflow	Checkout repository	2026-02-27T16:53:25.6131200Z [command]/usr/bin/git config --local --name-only --get-regexp core\.sshCommand
end-workflow	Checkout repository	2026-02-27T16:53:25.6174473Z [command]/usr/bin/git submodule foreach --recursive sh -c "git config --local --name-only --get-regexp 'core\.sshCommand' && git config --local --unset-all 'core.sshCommand' || :"
end-workflow	Checkout repository	2026-02-27T16:53:25.6509436Z [command]/usr/bin/git config --local --name-only --get-regexp http\.https\:\/\/github\.com\/\.extraheader
end-workflow	Checkout repository	2026-02-27T16:53:25.6551732Z [command]/usr/bin/git submodule foreach --recursive sh -c "git config --local --name-only --get-regexp 'http\.https\:\/\/github\.com\/\.extraheader' && git config --local --unset-all 'http.https://github.com/.extraheader' || :"
end-workflow	Checkout repository	2026-02-27T16:53:25.6894896Z [command]/usr/bin/git config --local --name-only --get-regexp ^includeIf\.gitdir:
end-workflow	Checkout repository	2026-02-27T16:53:25.6939456Z [command]/usr/bin/git submodule foreach --recursive git config --local --show-origin --name-only --get-regexp remote.origin.url
end-workflow	Checkout repository	2026-02-27T16:53:25.7302597Z [command]/usr/bin/git config --local http.https://github.com/.extraheader AUTHORIZATION: basic ***
end-workflow	Checkout repository	2026-02-27T16:53:25.7368371Z ##[endgroup]
end-workflow	Checkout repository	2026-02-27T16:53:25.7369371Z ##[group]Fetching the repository
end-workflow	Checkout repository	2026-02-27T16:53:25.7378858Z [command]/usr/bin/git -c protocol.version=2 fetch --prune --no-recurse-submodules origin +refs/heads/*:refs/remotes/origin/* +refs/tags/*:refs/tags/*
end-workflow	Checkout repository	2026-02-27T16:53:46.0860800Z From https://github.com/Ka0s-Klaus/ka0s
end-workflow	Checkout repository	2026-02-27T16:53:46.0861566Z  * [new branch]          F3450-modelo-operativo -> origin/F3450-modelo-operativo
end-workflow	Checkout repository	2026-02-27T16:53:46.0862287Z  * [new branch]          H1276-modulo-observabilidad -> origin/H1276-modulo-observabilidad
end-workflow	Checkout repository	2026-02-27T16:53:46.0862971Z  * [new branch]          H3596-deploy-itop      -> origin/H3596-deploy-itop
end-workflow	Checkout repository	2026-02-27T16:53:46.0865403Z  * [new branch]          H4170-flujo-detallado-zabbix---github -> origin/H4170-flujo-detallado-zabbix---github
end-workflow	Checkout repository	2026-02-27T16:53:46.0866208Z  * [new branch]          H4191-request-cambios  -> origin/H4191-request-cambios
end-workflow	Checkout repository	2026-02-27T16:53:46.0867040Z  * [new branch]          H4200-request-recomendaciones-de-auditoria -> origin/H4200-request-recomendaciones-de-auditoria
end-workflow	Checkout repository	2026-02-27T16:53:46.0867774Z  * [new branch]          main                   -> origin/main
end-workflow	Checkout repository	2026-02-27T16:53:46.0868227Z  * [new tag]             0.0.0                  -> 0.0.0
end-workflow	Checkout repository	2026-02-27T16:53:46.0869067Z  * [new tag]             0.0.1                  -> 0.0.1
end-workflow	Checkout repository	2026-02-27T16:53:46.0869478Z  * [new tag]             0.0.10                 -> 0.0.10
end-workflow	Checkout repository	2026-02-27T16:53:46.0869959Z  * [new tag]             0.0.100                -> 0.0.100
end-workflow	Checkout repository	2026-02-27T16:53:46.0870388Z  * [new tag]             0.0.101                -> 0.0.101
end-workflow	Checkout repository	2026-02-27T16:53:46.0870800Z  * [new tag]             0.0.102                -> 0.0.102
end-workflow	Checkout repository	2026-02-27T16:53:46.0871253Z  * [new tag]             0.0.103                -> 0.0.103
end-workflow	Checkout repository	2026-02-27T16:53:46.0871973Z  * [new tag]             0.0.104                -> 0.0.104
end-workflow	Checkout repository	2026-02-27T16:53:46.0872393Z  * [new tag]             0.0.105                -> 0.0.105
end-workflow	Checkout repository	2026-02-27T16:53:46.0872804Z  * [new tag]             0.0.106                -> 0.0.106
end-workflow	Checkout repository	2026-02-27T16:53:46.0873269Z  * [new tag]             0.0.107                -> 0.0.107
end-workflow	Checkout repository	2026-02-27T16:53:46.0873684Z  * [new tag]             0.0.108                -> 0.0.108
end-workflow	Checkout repository	2026-02-27T16:53:46.0874849Z  * [new tag]             0.0.109                -> 0.0.109
end-workflow	Checkout repository	2026-02-27T16:53:46.0875423Z  * [new tag]             0.0.11                 -> 0.0.11
end-workflow	Checkout repository	2026-02-27T16:53:46.0875865Z  * [new tag]             0.0.110                -> 0.0.110
end-workflow	Checkout repository	2026-02-27T16:53:46.0876280Z  * [new tag]             0.0.111                -> 0.0.111
end-workflow	Checkout repository	2026-02-27T16:53:46.0876689Z  * [new tag]             0.0.112                -> 0.0.112
end-workflow	Checkout repository	2026-02-27T16:53:46.0877248Z  * [new tag]             0.0.113                -> 0.0.113
end-workflow	Checkout repository	2026-02-27T16:53:46.0877667Z  * [new tag]             0.0.114                -> 0.0.114
end-workflow	Checkout repository	2026-02-27T16:53:46.0878094Z  * [new tag]             0.0.115                -> 0.0.115
end-workflow	Checkout repository	2026-02-27T16:53:46.0878513Z  * [new tag]             0.0.116                -> 0.0.116
end-workflow	Checkout repository	2026-02-27T16:53:46.0879018Z  * [new tag]             0.0.117                -> 0.0.117
end-workflow	Checkout repository	2026-02-27T16:53:46.0879491Z  * [new tag]             0.0.118                -> 0.0.118
end-workflow	Checkout repository	2026-02-27T16:53:46.0879904Z  * [new tag]             0.0.119                -> 0.0.119
end-workflow	Checkout repository	2026-02-27T16:53:46.0880622Z  * [new tag]             0.0.12                 -> 0.0.12
end-workflow	Checkout repository	2026-02-27T16:53:46.0881039Z  * [new tag]             0.0.120                -> 0.0.120
end-workflow	Checkout repository	2026-02-27T16:53:46.0881457Z  * [new tag]             0.0.121                -> 0.0.121
end-workflow	Checkout repository	2026-02-27T16:53:46.0881875Z  * [new tag]             0.0.122                -> 0.0.122
end-workflow	Checkout repository	2026-02-27T16:53:46.0882284Z  * [new tag]             0.0.123                -> 0.0.123
end-workflow	Checkout repository	2026-02-27T16:53:46.0882697Z  * [new tag]             0.0.124                -> 0.0.124
end-workflow	Checkout repository	2026-02-27T16:53:46.0883111Z  * [new tag]             0.0.125                -> 0.0.125
end-workflow	Checkout repository	2026-02-27T16:53:46.0883516Z  * [new tag]             0.0.126                -> 0.0.126
end-workflow	Checkout repository	2026-02-27T16:53:46.0883933Z  * [new tag]             0.0.127                -> 0.0.127
end-workflow	Checkout repository	2026-02-27T16:53:46.0884347Z  * [new tag]             0.0.128                -> 0.0.128
end-workflow	Checkout repository	2026-02-27T16:53:46.0884939Z  * [new tag]             0.0.129                -> 0.0.129
end-workflow	Checkout repository	2026-02-27T16:53:46.0885353Z  * [new tag]             0.0.13                 -> 0.0.13
end-workflow	Checkout repository	2026-02-27T16:53:46.0885786Z  * [new tag]             0.0.130                -> 0.0.130
end-workflow	Checkout repository	2026-02-27T16:53:46.0886199Z  * [new tag]             0.0.131                -> 0.0.131
end-workflow	Checkout repository	2026-02-27T16:53:46.0886613Z  * [new tag]             0.0.132                -> 0.0.132
end-workflow	Checkout repository	2026-02-27T16:53:46.0887021Z  * [new tag]             0.0.133                -> 0.0.133
end-workflow	Checkout repository	2026-02-27T16:53:46.0959492Z  * [new tag]             0.0.134                -> 0.0.134
end-workflow	Checkout repository	2026-02-27T16:53:46.0960045Z  * [new tag]             0.0.135                -> 0.0.135
end-workflow	Checkout repository	2026-02-27T16:53:46.0960577Z  * [new tag]             0.0.136                -> 0.0.136
end-workflow	Checkout repository	2026-02-27T16:53:46.0960987Z  * [new tag]             0.0.137                -> 0.0.137
end-workflow	Checkout repository	2026-02-27T16:53:46.0961393Z  * [new tag]             0.0.138                -> 0.0.138
end-workflow	Checkout repository	2026-02-27T16:53:46.0961913Z  * [new tag]             0.0.139                -> 0.0.139
end-workflow	Checkout repository	2026-02-27T16:53:46.0962303Z  * [new tag]             0.0.14                 -> 0.0.14
end-workflow	Checkout repository	2026-02-27T16:53:46.0962773Z  * [new tag]             0.0.140                -> 0.0.140
end-workflow	Checkout repository	2026-02-27T16:53:46.0963169Z  * [new tag]             0.0.141                -> 0.0.141
end-workflow	Checkout repository	2026-02-27T16:53:46.0963557Z  * [new tag]             0.0.142                -> 0.0.142
end-workflow	Checkout repository	2026-02-27T16:53:46.0963947Z  * [new tag]             0.0.143                -> 0.0.143
end-workflow	Checkout repository	2026-02-27T16:53:46.0964342Z  * [new tag]             0.0.144                -> 0.0.144
end-workflow	Checkout repository	2026-02-27T16:53:46.0980923Z  * [new tag]             0.0.145                -> 0.0.145
end-workflow	Checkout repository	2026-02-27T16:53:46.0981548Z  * [new tag]             0.0.146                -> 0.0.146
end-workflow	Checkout repository	2026-02-27T16:53:46.0982084Z  * [new tag]             0.0.147                -> 0.0.147
end-workflow	Checkout repository	2026-02-27T16:53:46.0982481Z  * [new tag]             0.0.148                -> 0.0.148
end-workflow	Checkout repository	2026-02-27T16:53:46.0982873Z  * [new tag]             0.0.149                -> 0.0.149
end-workflow	Checkout repository	2026-02-27T16:53:46.0983288Z  * [new tag]             0.0.15                 -> 0.0.15
end-workflow	Checkout repository	2026-02-27T16:53:46.0983717Z  * [new tag]             0.0.150                -> 0.0.150
end-workflow	Checkout repository	2026-02-27T16:53:46.0984485Z  * [new tag]             0.0.151                -> 0.0.151
end-workflow	Checkout repository	2026-02-27T16:53:46.0985109Z  * [new tag]             0.0.152                -> 0.0.152
end-workflow	Checkout repository	2026-02-27T16:53:46.0985828Z  * [new tag]             0.0.153                -> 0.0.153
end-workflow	Checkout repository	2026-02-27T16:53:46.0986235Z  * [new tag]             0.0.154                -> 0.0.154
end-workflow	Checkout repository	2026-02-27T16:53:46.0986634Z  * [new tag]             0.0.155                -> 0.0.155
end-workflow	Checkout repository	2026-02-27T16:53:46.0987036Z  * [new tag]             0.0.156                -> 0.0.156
end-workflow	Checkout repository	2026-02-27T16:53:46.0987437Z  * [new tag]             0.0.157                -> 0.0.157
end-workflow	Checkout repository	2026-02-27T16:53:46.0987837Z  * [new tag]             0.0.158                -> 0.0.158
end-workflow	Checkout repository	2026-02-27T16:53:46.0988235Z  * [new tag]             0.0.159                -> 0.0.159
end-workflow	Checkout repository	2026-02-27T16:53:46.0988636Z  * [new tag]             0.0.16                 -> 0.0.16
end-workflow	Checkout repository	2026-02-27T16:53:46.0989039Z  * [new tag]             0.0.160                -> 0.0.160
end-workflow	Checkout repository	2026-02-27T16:53:46.0989439Z  * [new tag]             0.0.161                -> 0.0.161
end-workflow	Checkout repository	2026-02-27T16:53:46.0990076Z  * [new tag]             0.0.162                -> 0.0.162
end-workflow	Checkout repository	2026-02-27T16:53:46.0990502Z  * [new tag]             0.0.163                -> 0.0.163
end-workflow	Checkout repository	2026-02-27T16:53:46.0990902Z  * [new tag]             0.0.164                -> 0.0.164
end-workflow	Checkout repository	2026-02-27T16:53:46.0991300Z  * [new tag]             0.0.165                -> 0.0.165
end-workflow	Checkout repository	2026-02-27T16:53:46.0991702Z  * [new tag]             0.0.166                -> 0.0.166
end-workflow	Checkout repository	2026-02-27T16:53:46.0992399Z  * [new tag]             0.0.167                -> 0.0.167
end-workflow	Checkout repository	2026-02-27T16:53:46.0992933Z  * [new tag]             0.0.168                -> 0.0.168
end-workflow	Checkout repository	2026-02-27T16:53:46.0993331Z  * [new tag]             0.0.169                -> 0.0.169
end-workflow	Checkout repository	2026-02-27T16:53:46.0993732Z  * [new tag]             0.0.17                 -> 0.0.17
end-workflow	Checkout repository	2026-02-27T16:53:46.0994132Z  * [new tag]             0.0.170                -> 0.0.170
end-workflow	Checkout repository	2026-02-27T16:53:46.0994750Z  * [new tag]             0.0.171                -> 0.0.171
end-workflow	Checkout repository	2026-02-27T16:53:46.0995453Z  * [new tag]             0.0.172                -> 0.0.172
end-workflow	Checkout repository	2026-02-27T16:53:46.0995981Z  * [new tag]             0.0.173                -> 0.0.173
end-workflow	Checkout repository	2026-02-27T16:53:46.0996380Z  * [new tag]             0.0.174                -> 0.0.174
end-workflow	Checkout repository	2026-02-27T16:53:46.0996779Z  * [new tag]             0.0.175                -> 0.0.175
end-workflow	Checkout repository	2026-02-27T16:53:46.0997177Z  * [new tag]             0.0.176                -> 0.0.176
end-workflow	Checkout repository	2026-02-27T16:53:46.0997577Z  * [new tag]             0.0.177                -> 0.0.177
end-workflow	Checkout repository	2026-02-27T16:53:46.0997982Z  * [new tag]             0.0.178                -> 0.0.178
end-workflow	Checkout repository	2026-02-27T16:53:46.0998380Z  * [new tag]             0.0.179                -> 0.0.179
end-workflow	Checkout repository	2026-02-27T16:53:46.0998782Z  * [new tag]             0.0.18                 -> 0.0.18
end-workflow	Checkout repository	2026-02-27T16:53:46.0999184Z  * [new tag]             0.0.19                 -> 0.0.19
end-workflow	Checkout repository	2026-02-27T16:53:46.0999584Z  * [new tag]             0.0.2                  -> 0.0.2
end-workflow	Checkout repository	2026-02-27T16:53:46.0999979Z  * [new tag]             0.0.20                 -> 0.0.20
end-workflow	Checkout repository	2026-02-27T16:53:46.1000400Z  * [new tag]             0.0.21                 -> 0.0.21
end-workflow	Checkout repository	2026-02-27T16:53:46.1000813Z  * [new tag]             0.0.22                 -> 0.0.22
end-workflow	Checkout repository	2026-02-27T16:53:46.1001208Z  * [new tag]             0.0.23                 -> 0.0.23
end-workflow	Checkout repository	2026-02-27T16:53:46.1001609Z  * [new tag]             0.0.24                 -> 0.0.24
end-workflow	Checkout repository	2026-02-27T16:53:46.1002012Z  * [new tag]             0.0.25                 -> 0.0.25
end-workflow	Checkout repository	2026-02-27T16:53:46.1002418Z  * [new tag]             0.0.26                 -> 0.0.26
end-workflow	Checkout repository	2026-02-27T16:53:46.1002812Z  * [new tag]             0.0.27                 -> 0.0.27
end-workflow	Checkout repository	2026-02-27T16:53:46.1003213Z  * [new tag]             0.0.28                 -> 0.0.28
end-workflow	Checkout repository	2026-02-27T16:53:46.1003616Z  * [new tag]             0.0.29                 -> 0.0.29
end-workflow	Checkout repository	2026-02-27T16:53:46.1004014Z  * [new tag]             0.0.3                  -> 0.0.3
end-workflow	Checkout repository	2026-02-27T16:53:46.1004413Z  * [new tag]             0.0.30                 -> 0.0.30
end-workflow	Checkout repository	2026-02-27T16:53:46.1005089Z  * [new tag]             0.0.31                 -> 0.0.31
end-workflow	Checkout repository	2026-02-27T16:53:46.1005857Z  * [new tag]             0.0.32                 -> 0.0.32
end-workflow	Checkout repository	2026-02-27T16:53:46.1006256Z  * [new tag]             0.0.33                 -> 0.0.33
end-workflow	Checkout repository	2026-02-27T16:53:46.1006662Z  * [new tag]             0.0.34                 -> 0.0.34
end-workflow	Checkout repository	2026-02-27T16:53:46.1007063Z  * [new tag]             0.0.35                 -> 0.0.35
end-workflow	Checkout repository	2026-02-27T16:53:46.1007459Z  * [new tag]             0.0.36                 -> 0.0.36
end-workflow	Checkout repository	2026-02-27T16:53:46.1007863Z  * [new tag]             0.0.37                 -> 0.0.37
end-workflow	Checkout repository	2026-02-27T16:53:46.1008261Z  * [new tag]             0.0.38                 -> 0.0.38
end-workflow	Checkout repository	2026-02-27T16:53:46.1008661Z  * [new tag]             0.0.39                 -> 0.0.39
end-workflow	Checkout repository	2026-02-27T16:53:46.1009055Z  * [new tag]             0.0.4                  -> 0.0.4
end-workflow	Checkout repository	2026-02-27T16:53:46.1009453Z  * [new tag]             0.0.40                 -> 0.0.40
end-workflow	Checkout repository	2026-02-27T16:53:46.1009854Z  * [new tag]             0.0.41                 -> 0.0.41
end-workflow	Checkout repository	2026-02-27T16:53:46.1010250Z  * [new tag]             0.0.42                 -> 0.0.42
end-workflow	Checkout repository	2026-02-27T16:53:46.1010846Z  * [new tag]             0.0.43                 -> 0.0.43
end-workflow	Checkout repository	2026-02-27T16:53:46.1011247Z  * [new tag]             0.0.44                 -> 0.0.44
end-workflow	Checkout repository	2026-02-27T16:53:46.1011647Z  * [new tag]             0.0.45                 -> 0.0.45
end-workflow	Checkout repository	2026-02-27T16:53:46.1012042Z  * [new tag]             0.0.46                 -> 0.0.46
end-workflow	Checkout repository	2026-02-27T16:53:46.1012440Z  * [new tag]             0.0.47                 -> 0.0.47
end-workflow	Checkout repository	2026-02-27T16:53:46.1012988Z  * [new tag]             0.0.48                 -> 0.0.48
end-workflow	Checkout repository	2026-02-27T16:53:46.1013548Z  * [new tag]             0.0.49                 -> 0.0.49
end-workflow	Checkout repository	2026-02-27T16:53:46.1013964Z  * [new tag]             0.0.5                  -> 0.0.5
end-workflow	Checkout repository	2026-02-27T16:53:46.1014388Z  * [new tag]             0.0.50                 -> 0.0.50
end-workflow	Checkout repository	2026-02-27T16:53:46.1015117Z  * [new tag]             0.0.51                 -> 0.0.51
end-workflow	Checkout repository	2026-02-27T16:53:46.1015526Z  * [new tag]             0.0.52                 -> 0.0.52
end-workflow	Checkout repository	2026-02-27T16:53:46.1015942Z  * [new tag]             0.0.53                 -> 0.0.53
end-workflow	Checkout repository	2026-02-27T16:53:46.1016346Z  * [new tag]             0.0.54                 -> 0.0.54
end-workflow	Checkout repository	2026-02-27T16:53:46.1016750Z  * [new tag]             0.0.55                 -> 0.0.55
end-workflow	Checkout repository	2026-02-27T16:53:46.1017148Z  * [new tag]             0.0.56                 -> 0.0.56
end-workflow	Checkout repository	2026-02-27T16:53:46.1017550Z  * [new tag]             0.0.57                 -> 0.0.57
end-workflow	Checkout repository	2026-02-27T16:53:46.1017952Z  * [new tag]             0.0.58                 -> 0.0.58
end-workflow	Checkout repository	2026-02-27T16:53:46.1018353Z  * [new tag]             0.0.59                 -> 0.0.59
end-workflow	Checkout repository	2026-02-27T16:53:46.1018743Z  * [new tag]             0.0.6                  -> 0.0.6
end-workflow	Checkout repository	2026-02-27T16:53:46.1019140Z  * [new tag]             0.0.60                 -> 0.0.60
end-workflow	Checkout repository	2026-02-27T16:53:46.1019536Z  * [new tag]             0.0.61                 -> 0.0.61
end-workflow	Checkout repository	2026-02-27T16:53:46.1019935Z  * [new tag]             0.0.62                 -> 0.0.62
end-workflow	Checkout repository	2026-02-27T16:53:46.1020330Z  * [new tag]             0.0.63                 -> 0.0.63
end-workflow	Checkout repository	2026-02-27T16:53:46.1020736Z  * [new tag]             0.0.64                 -> 0.0.64
end-workflow	Checkout repository	2026-02-27T16:53:46.1021130Z  * [new tag]             0.0.65                 -> 0.0.65
end-workflow	Checkout repository	2026-02-27T16:53:46.1021520Z  * [new tag]             0.0.66                 -> 0.0.66
end-workflow	Checkout repository	2026-02-27T16:53:46.1021917Z  * [new tag]             0.0.67                 -> 0.0.67
end-workflow	Checkout repository	2026-02-27T16:53:46.1022315Z  * [new tag]             0.0.68                 -> 0.0.68
end-workflow	Checkout repository	2026-02-27T16:53:46.1022713Z  * [new tag]             0.0.69                 -> 0.0.69
end-workflow	Checkout repository	2026-02-27T16:53:46.1023102Z  * [new tag]             0.0.7                  -> 0.0.7
end-workflow	Checkout repository	2026-02-27T16:53:46.1023498Z  * [new tag]             0.0.70                 -> 0.0.70
end-workflow	Checkout repository	2026-02-27T16:53:46.1023894Z  * [new tag]             0.0.71                 -> 0.0.71
end-workflow	Checkout repository	2026-02-27T16:53:46.1024875Z  * [new tag]             0.0.72                 -> 0.0.72
end-workflow	Checkout repository	2026-02-27T16:53:46.1025304Z  * [new tag]             0.0.73                 -> 0.0.73
end-workflow	Checkout repository	2026-02-27T16:53:46.1025835Z  * [new tag]             0.0.74                 -> 0.0.74
end-workflow	Checkout repository	2026-02-27T16:53:46.1026444Z  * [new tag]             0.0.75                 -> 0.0.75
end-workflow	Checkout repository	2026-02-27T16:53:46.1026832Z  * [new tag]             0.0.76                 -> 0.0.76
end-workflow	Checkout repository	2026-02-27T16:53:46.1027230Z  * [new tag]             0.0.77                 -> 0.0.77
end-workflow	Checkout repository	2026-02-27T16:53:46.1027623Z  * [new tag]             0.0.78                 -> 0.0.78
end-workflow	Checkout repository	2026-02-27T16:53:46.1028018Z  * [new tag]             0.0.79                 -> 0.0.79
end-workflow	Checkout repository	2026-02-27T16:53:46.1028406Z  * [new tag]             0.0.8                  -> 0.0.8
end-workflow	Checkout repository	2026-02-27T16:53:46.1028800Z  * [new tag]             0.0.80                 -> 0.0.80
end-workflow	Checkout repository	2026-02-27T16:53:46.1029195Z  * [new tag]             0.0.81                 -> 0.0.81
end-workflow	Checkout repository	2026-02-27T16:53:46.1029583Z  * [new tag]             0.0.82                 -> 0.0.82
end-workflow	Checkout repository	2026-02-27T16:53:46.1029977Z  * [new tag]             0.0.83                 -> 0.0.83
end-workflow	Checkout repository	2026-02-27T16:53:46.1030375Z  * [new tag]             0.0.84                 -> 0.0.84
end-workflow	Checkout repository	2026-02-27T16:53:46.1030768Z  * [new tag]             0.0.85                 -> 0.0.85
end-workflow	Checkout repository	2026-02-27T16:53:46.1031399Z  * [new tag]             0.0.86                 -> 0.0.86
end-workflow	Checkout repository	2026-02-27T16:53:46.1031795Z  * [new tag]             0.0.87                 -> 0.0.87
end-workflow	Checkout repository	2026-02-27T16:53:46.1032193Z  * [new tag]             0.0.88                 -> 0.0.88
end-workflow	Checkout repository	2026-02-27T16:53:46.1032585Z  * [new tag]             0.0.89                 -> 0.0.89
end-workflow	Checkout repository	2026-02-27T16:53:46.1033123Z  * [new tag]             0.0.9                  -> 0.0.9
end-workflow	Checkout repository	2026-02-27T16:53:46.1033680Z  * [new tag]             0.0.90                 -> 0.0.90
end-workflow	Checkout repository	2026-02-27T16:53:46.1034096Z  * [new tag]             0.0.91                 -> 0.0.91
end-workflow	Checkout repository	2026-02-27T16:53:46.1034668Z  * [new tag]             0.0.92                 -> 0.0.92
end-workflow	Checkout repository	2026-02-27T16:53:46.1035219Z  * [new tag]             0.0.93                 -> 0.0.93
end-workflow	Checkout repository	2026-02-27T16:53:46.1035623Z  * [new tag]             0.0.94                 -> 0.0.94
end-workflow	Checkout repository	2026-02-27T16:53:46.1036563Z  * [new tag]             0.0.95                 -> 0.0.95
end-workflow	Checkout repository	2026-02-27T16:53:46.1036972Z  * [new tag]             0.0.96                 -> 0.0.96
end-workflow	Checkout repository	2026-02-27T16:53:46.1037504Z  * [new tag]             0.0.97                 -> 0.0.97
end-workflow	Checkout repository	2026-02-27T16:53:46.1037900Z  * [new tag]             0.0.98                 -> 0.0.98
end-workflow	Checkout repository	2026-02-27T16:53:46.1038288Z  * [new tag]             0.0.99                 -> 0.0.99
end-workflow	Checkout repository	2026-02-27T16:53:46.1038682Z  * [new tag]             0.1.0                  -> 0.1.0
end-workflow	Checkout repository	2026-02-27T16:53:46.1039076Z  * [new tag]             0.1.1                  -> 0.1.1
end-workflow	Checkout repository	2026-02-27T16:53:46.1039466Z  * [new tag]             0.2.0                  -> 0.2.0
end-workflow	Checkout repository	2026-02-27T16:53:46.1039856Z  * [new tag]             0.3.0                  -> 0.3.0
end-workflow	Checkout repository	2026-02-27T16:53:46.1040252Z  * [new tag]             0.3.1                  -> 0.3.1
end-workflow	Checkout repository	2026-02-27T16:53:46.1040666Z  * [new tag]             0.3.10                 -> 0.3.10
end-workflow	Checkout repository	2026-02-27T16:53:46.1041069Z  * [new tag]             0.3.11                 -> 0.3.11
end-workflow	Checkout repository	2026-02-27T16:53:46.1041608Z  * [new tag]             0.3.12                 -> 0.3.12
end-workflow	Checkout repository	2026-02-27T16:53:46.1042296Z  * [new tag]             0.3.13                 -> 0.3.13
end-workflow	Checkout repository	2026-02-27T16:53:46.1042816Z  * [new tag]             0.3.14                 -> 0.3.14
end-workflow	Checkout repository	2026-02-27T16:53:46.1043209Z  * [new tag]             0.3.15                 -> 0.3.15
end-workflow	Checkout repository	2026-02-27T16:53:46.1043598Z  * [new tag]             0.3.16                 -> 0.3.16
end-workflow	Checkout repository	2026-02-27T16:53:46.1043994Z  * [new tag]             0.3.17                 -> 0.3.17
end-workflow	Checkout repository	2026-02-27T16:53:46.1044387Z  * [new tag]             0.3.2                  -> 0.3.2
end-workflow	Checkout repository	2026-02-27T16:53:46.1045030Z  * [new tag]             0.3.3                  -> 0.3.3
end-workflow	Checkout repository	2026-02-27T16:53:46.1045559Z  * [new tag]             0.3.4                  -> 0.3.4
end-workflow	Checkout repository	2026-02-27T16:53:46.1046073Z  * [new tag]             0.3.5                  -> 0.3.5
end-workflow	Checkout repository	2026-02-27T16:53:46.1046462Z  * [new tag]             0.3.6                  -> 0.3.6
end-workflow	Checkout repository	2026-02-27T16:53:46.1046855Z  * [new tag]             0.3.7                  -> 0.3.7
end-workflow	Checkout repository	2026-02-27T16:53:46.1047238Z  * [new tag]             0.3.8                  -> 0.3.8
end-workflow	Checkout repository	2026-02-27T16:53:46.1047864Z  * [new tag]             0.3.9                  -> 0.3.9
end-workflow	Checkout repository	2026-02-27T16:53:46.1048262Z  * [new tag]             0.4.0                  -> 0.4.0
end-workflow	Checkout repository	2026-02-27T16:53:46.1048658Z  * [new tag]             0.4.1                  -> 0.4.1
end-workflow	Checkout repository	2026-02-27T16:53:46.1049044Z  * [new tag]             0.4.2                  -> 0.4.2
end-workflow	Checkout repository	2026-02-27T16:53:46.1049434Z  * [new tag]             0.4.3                  -> 0.4.3
end-workflow	Checkout repository	2026-02-27T16:53:46.1049824Z  * [new tag]             0.4.4                  -> 0.4.4
end-workflow	Checkout repository	2026-02-27T16:53:46.1050211Z  * [new tag]             0.4.5                  -> 0.4.5
end-workflow	Checkout repository	2026-02-27T16:53:46.1050595Z  * [new tag]             0.4.6                  -> 0.4.6
end-workflow	Checkout repository	2026-02-27T16:53:46.1050983Z  * [new tag]             0.4.7                  -> 0.4.7
end-workflow	Checkout repository	2026-02-27T16:53:46.1051371Z  * [new tag]             0.4.8                  -> 0.4.8
end-workflow	Checkout repository	2026-02-27T16:53:46.1051758Z  * [new tag]             0.4.9                  -> 0.4.9
end-workflow	Checkout repository	2026-02-27T16:53:46.1052149Z  * [new tag]             0.5.0                  -> 0.5.0
end-workflow	Checkout repository	2026-02-27T16:53:46.1052731Z  * [new tag]             0.5.1                  -> 0.5.1
end-workflow	Checkout repository	2026-02-27T16:53:46.1053121Z  * [new tag]             0.5.2                  -> 0.5.2
end-workflow	Checkout repository	2026-02-27T16:53:46.1053508Z  * [new tag]             0.6.0                  -> 0.6.0
end-workflow	Checkout repository	2026-02-27T16:53:46.1053896Z  * [new tag]             0.6.1                  -> 0.6.1
end-workflow	Checkout repository	2026-02-27T16:53:46.1054288Z  * [new tag]             0.6.2                  -> 0.6.2
end-workflow	Checkout repository	2026-02-27T16:53:46.1054955Z  * [new tag]             0.6.3                  -> 0.6.3
end-workflow	Checkout repository	2026-02-27T16:53:46.1055618Z  * [new tag]             0.6.4                  -> 0.6.4
end-workflow	Checkout repository	2026-02-27T16:53:46.1056010Z  * [new tag]             0.6.5                  -> 0.6.5
end-workflow	Checkout repository	2026-02-27T16:53:46.1056399Z  * [new tag]             0.6.6                  -> 0.6.6
end-workflow	Checkout repository	2026-02-27T16:53:46.1270551Z [command]/usr/bin/git branch --list --remote origin/main
end-workflow	Checkout repository	2026-02-27T16:53:46.1350618Z   origin/main
end-workflow	Checkout repository	2026-02-27T16:53:46.1363115Z [command]/usr/bin/git rev-parse refs/remotes/origin/main
end-workflow	Checkout repository	2026-02-27T16:53:46.1392687Z 30a385f92b596bb8def89bc012a2925d4e0061f3
end-workflow	Checkout repository	2026-02-27T16:53:46.1405821Z [command]/usr/bin/git -c protocol.version=2 fetch --no-tags --prune --no-recurse-submodules origin +0e4e299472dbe01cdfb893577383c5ca2fb75f78:refs/remotes/origin/main
end-workflow	Checkout repository	2026-02-27T16:53:46.1599842Z From https://github.com/Ka0s-Klaus/ka0s
end-workflow	Checkout repository	2026-02-27T16:53:46.1601204Z  + 30a385f92...0e4e29947 0e4e299472dbe01cdfb893577383c5ca2fb75f78 -> origin/main  (forced update)
end-workflow	Checkout repository	2026-02-27T16:53:46.1642989Z ##[endgroup]
end-workflow	Checkout repository	2026-02-27T16:53:46.1643732Z ##[group]Determining the checkout info
end-workflow	Checkout repository	2026-02-27T16:53:46.1644267Z ##[endgroup]
end-workflow	Checkout repository	2026-02-27T16:53:46.1650720Z [command]/usr/bin/git sparse-checkout disable
end-workflow	Checkout repository	2026-02-27T16:53:46.1705197Z [command]/usr/bin/git config --local --unset-all extensions.worktreeConfig
end-workflow	Checkout repository	2026-02-27T16:53:46.1744219Z ##[group]Checking out the ref
end-workflow	Checkout repository	2026-02-27T16:53:46.1755408Z [command]/usr/bin/git checkout --progress --force -B main refs/remotes/origin/main
end-workflow	Checkout repository	2026-02-27T16:53:46.4307197Z Switched to a new branch 'main'
end-workflow	Checkout repository	2026-02-27T16:53:46.4311247Z branch 'main' set up to track 'origin/main'.
end-workflow	Checkout repository	2026-02-27T16:53:46.4374064Z ##[endgroup]
end-workflow	Checkout repository	2026-02-27T16:53:46.4417863Z [command]/usr/bin/git log -1 --format=%H
end-workflow	Checkout repository	2026-02-27T16:53:46.4456229Z 0e4e299472dbe01cdfb893577383c5ca2fb75f78
end-workflow	Install GH CLI	Ôªø2026-02-27T16:53:46.4742956Z Prepare all required actions
end-workflow	Install GH CLI	2026-02-27T16:53:46.4798534Z ##[group]Run ./.github/actions/install-gh-cli
end-workflow	Install GH CLI	2026-02-27T16:53:46.4798867Z env:
end-workflow	Install GH CLI	2026-02-27T16:53:46.4799057Z   PYTHON_VERSION: 3.9
end-workflow	Install GH CLI	2026-02-27T16:53:46.4799963Z   MONGO_SUPERUSER_CONNECTION: ***
end-workflow	Install GH CLI	2026-02-27T16:53:46.4800349Z   MONGO_NEW_PASS: ***
end-workflow	Install GH CLI	2026-02-27T16:53:46.4800687Z   MONGO_SCRIPT_CREATE: devops/core/mongo/scripts/mongodb_status_report.py
end-workflow	Install GH CLI	2026-02-27T16:53:46.4801095Z   KAOS_CODE: 22495386452
end-workflow	Install GH CLI	2026-02-27T16:53:46.4801319Z   REPORT_SCAN: audit/
end-workflow	Install GH CLI	2026-02-27T16:53:46.4801540Z   REPORT_PATH: audit/mongodb/
end-workflow	Install GH CLI	2026-02-27T16:53:46.4801784Z   REPORT_FILENAME: 22495386452.json
end-workflow	Install GH CLI	2026-02-27T16:53:46.4802068Z   KAOS_MODULE: [Ka0s] Status MongDB Report
end-workflow	Install GH CLI	2026-02-27T16:53:46.4802342Z ##[endgroup]
end-workflow	Install GH CLI	2026-02-27T16:53:46.4908517Z ##[group]Run type -p curl >/dev/null || (sudo apt-get update && sudo apt-get install curl -y)
end-workflow	Install GH CLI	2026-02-27T16:53:46.4909232Z [36;1mtype -p curl >/dev/null || (sudo apt-get update && sudo apt-get install curl -y)[0m
end-workflow	Install GH CLI	2026-02-27T16:53:46.4910141Z [36;1mcurl -fsSL https://cli.github.com/packages/githubcli-archive-keyring.gpg | sudo dd of=/usr/share/keyrings/githubcli-archive-keyring.gpg \[0m
end-workflow	Install GH CLI	2026-02-27T16:53:46.4911298Z [36;1m&& sudo chmod go+r /usr/share/keyrings/githubcli-archive-keyring.gpg \[0m
end-workflow	Install GH CLI	2026-02-27T16:53:46.4912585Z [36;1m&& echo "deb [arch=$(dpkg --print-architecture) signed-by=/usr/share/keyrings/githubcli-archive-keyring.gpg] https://cli.github.com/packages stable main" | sudo tee /etc/apt/sources.list.d/github-cli.list > /dev/null \[0m
end-workflow	Install GH CLI	2026-02-27T16:53:46.4913646Z [36;1m&& sudo apt-get update \[0m
end-workflow	Install GH CLI	2026-02-27T16:53:46.4913932Z [36;1m&& sudo apt-get install gh -y[0m
end-workflow	Install GH CLI	2026-02-27T16:53:46.4931892Z shell: /usr/bin/bash --noprofile --norc -e -o pipefail {0}
end-workflow	Install GH CLI	2026-02-27T16:53:46.4932394Z env:
end-workflow	Install GH CLI	2026-02-27T16:53:46.4932583Z   PYTHON_VERSION: 3.9
end-workflow	Install GH CLI	2026-02-27T16:53:46.4933537Z   MONGO_SUPERUSER_CONNECTION: ***
end-workflow	Install GH CLI	2026-02-27T16:53:46.4933918Z   MONGO_NEW_PASS: ***
end-workflow	Install GH CLI	2026-02-27T16:53:46.4934247Z   MONGO_SCRIPT_CREATE: devops/core/mongo/scripts/mongodb_status_report.py
end-workflow	Install GH CLI	2026-02-27T16:53:46.4935066Z   KAOS_CODE: 22495386452
end-workflow	Install GH CLI	2026-02-27T16:53:46.4935416Z   REPORT_SCAN: audit/
end-workflow	Install GH CLI	2026-02-27T16:53:46.4935776Z   REPORT_PATH: audit/mongodb/
end-workflow	Install GH CLI	2026-02-27T16:53:46.4936152Z   REPORT_FILENAME: 22495386452.json
end-workflow	Install GH CLI	2026-02-27T16:53:46.4936696Z   KAOS_MODULE: [Ka0s] Status MongDB Report
end-workflow	Install GH CLI	2026-02-27T16:53:46.4937104Z ##[endgroup]
end-workflow	Install GH CLI	2026-02-27T16:53:46.7608495Z 4+1 records in
end-workflow	Install GH CLI	2026-02-27T16:53:46.7609670Z 4+1 records out
end-workflow	Install GH CLI	2026-02-27T16:53:46.7610884Z 2270 bytes (2.3 kB, 2.2 KiB) copied, 0.240243 s, 9.4 kB/s
end-workflow	Install GH CLI	2026-02-27T16:53:46.9787735Z Get:1 https://cli.github.com/packages stable InRelease [3917 B]
end-workflow	Install GH CLI	2026-02-27T16:53:46.9923211Z Get:2 http://archive.ubuntu.com/ubuntu noble InRelease [256 kB]
end-workflow	Install GH CLI	2026-02-27T16:53:46.9924029Z Get:3 http://security.ubuntu.com/ubuntu noble-security InRelease [126 kB]
end-workflow	Install GH CLI	2026-02-27T16:53:47.0683289Z Get:4 https://cli.github.com/packages stable/main amd64 Packages [357 B]
end-workflow	Install GH CLI	2026-02-27T16:53:47.1311419Z Get:5 https://ppa.launchpadcontent.net/git-core/ppa/ubuntu noble InRelease [24.3 kB]
end-workflow	Install GH CLI	2026-02-27T16:53:47.1418549Z Get:6 http://archive.ubuntu.com/ubuntu noble-updates InRelease [126 kB]
end-workflow	Install GH CLI	2026-02-27T16:53:47.1786501Z Get:7 http://archive.ubuntu.com/ubuntu noble-backports InRelease [126 kB]
end-workflow	Install GH CLI	2026-02-27T16:53:47.1853075Z Get:8 http://security.ubuntu.com/ubuntu noble-security/main amd64 Packages [1883 kB]
end-workflow	Install GH CLI	2026-02-27T16:53:47.2754012Z Get:9 http://archive.ubuntu.com/ubuntu noble/main amd64 Packages [1808 kB]
end-workflow	Install GH CLI	2026-02-27T16:53:47.3292849Z Get:10 http://security.ubuntu.com/ubuntu noble-security/restricted amd64 Packages [3262 kB]
end-workflow	Install GH CLI	2026-02-27T16:53:47.3499934Z Get:11 https://ppa.launchpadcontent.net/git-core/ppa/ubuntu noble/main amd64 Packages [2992 B]
end-workflow	Install GH CLI	2026-02-27T16:53:47.3691921Z Get:12 http://security.ubuntu.com/ubuntu noble-security/universe amd64 Packages [1242 kB]
end-workflow	Install GH CLI	2026-02-27T16:53:47.3793131Z Get:13 http://security.ubuntu.com/ubuntu noble-security/multiverse amd64 Packages [34.8 kB]
end-workflow	Install GH CLI	2026-02-27T16:53:47.3928611Z Get:14 http://archive.ubuntu.com/ubuntu noble/universe amd64 Packages [19.3 MB]
end-workflow	Install GH CLI	2026-02-27T16:53:47.6585319Z Get:15 http://archive.ubuntu.com/ubuntu noble/multiverse amd64 Packages [331 kB]
end-workflow	Install GH CLI	2026-02-27T16:53:47.6613247Z Get:16 http://archive.ubuntu.com/ubuntu noble/restricted amd64 Packages [117 kB]
end-workflow	Install GH CLI	2026-02-27T16:53:47.6886245Z Get:17 http://archive.ubuntu.com/ubuntu noble-updates/main amd64 Packages [2276 kB]
end-workflow	Install GH CLI	2026-02-27T16:53:47.7110469Z Get:18 http://archive.ubuntu.com/ubuntu noble-updates/multiverse amd64 Packages [38.1 kB]
end-workflow	Install GH CLI	2026-02-27T16:53:47.7114251Z Get:19 http://archive.ubuntu.com/ubuntu noble-updates/restricted amd64 Packages [3471 kB]
end-workflow	Install GH CLI	2026-02-27T16:53:47.7410227Z Get:20 http://archive.ubuntu.com/ubuntu noble-updates/universe amd64 Packages [2017 kB]
end-workflow	Install GH CLI	2026-02-27T16:53:47.7571086Z Get:21 http://archive.ubuntu.com/ubuntu noble-backports/main amd64 Packages [49.5 kB]
end-workflow	Install GH CLI	2026-02-27T16:53:47.7577994Z Get:22 http://archive.ubuntu.com/ubuntu noble-backports/universe amd64 Packages [34.6 kB]
end-workflow	Install GH CLI	2026-02-27T16:53:49.0423282Z Fetched 36.5 MB in 2s (17.0 MB/s)
end-workflow	Install GH CLI	2026-02-27T16:53:49.9879110Z Reading package lists...
end-workflow	Install GH CLI	2026-02-27T16:53:50.9677863Z Reading package lists...
end-workflow	Install GH CLI	2026-02-27T16:53:51.1976434Z Building dependency tree...
end-workflow	Install GH CLI	2026-02-27T16:53:51.1977455Z Reading state information...
end-workflow	Install GH CLI	2026-02-27T16:53:51.6468888Z The following NEW packages will be installed:
end-workflow	Install GH CLI	2026-02-27T16:53:51.6489912Z   gh
end-workflow	Install GH CLI	2026-02-27T16:53:51.7326271Z 0 upgraded, 1 newly installed, 0 to remove and 0 not upgraded.
end-workflow	Install GH CLI	2026-02-27T16:53:51.7326766Z Need to get 13.8 MB of archives.
end-workflow	Install GH CLI	2026-02-27T16:53:51.7327158Z After this operation, 38.5 MB of additional disk space will be used.
end-workflow	Install GH CLI	2026-02-27T16:53:51.7327747Z Get:1 https://cli.github.com/packages stable/main amd64 gh amd64 2.87.3 [13.8 MB]
end-workflow	Install GH CLI	2026-02-27T16:53:52.2915404Z debconf: delaying package configuration, since apt-utils is not installed
end-workflow	Install GH CLI	2026-02-27T16:53:52.3365856Z Fetched 13.8 MB in 0s (30.5 MB/s)
end-workflow	Install GH CLI	2026-02-27T16:53:52.3660329Z Selecting previously unselected package gh.
end-workflow	Install GH CLI	2026-02-27T16:53:52.3698135Z (Reading database ... 
end-workflow	Install GH CLI	2026-02-27T16:53:52.3698426Z (Reading database ... 5%
end-workflow	Install GH CLI	2026-02-27T16:53:52.3698685Z (Reading database ... 10%
end-workflow	Install GH CLI	2026-02-27T16:53:52.3698923Z (Reading database ... 15%
end-workflow	Install GH CLI	2026-02-27T16:53:52.3699148Z (Reading database ... 20%
end-workflow	Install GH CLI	2026-02-27T16:53:52.3699375Z (Reading database ... 25%
end-workflow	Install GH CLI	2026-02-27T16:53:52.3699606Z (Reading database ... 30%
end-workflow	Install GH CLI	2026-02-27T16:53:52.3699830Z (Reading database ... 35%
end-workflow	Install GH CLI	2026-02-27T16:53:52.3700057Z (Reading database ... 40%
end-workflow	Install GH CLI	2026-02-27T16:53:52.3700287Z (Reading database ... 45%
end-workflow	Install GH CLI	2026-02-27T16:53:52.3700508Z (Reading database ... 50%
end-workflow	Install GH CLI	2026-02-27T16:53:52.3700747Z (Reading database ... 55%
end-workflow	Install GH CLI	2026-02-27T16:53:52.3700974Z (Reading database ... 60%
end-workflow	Install GH CLI	2026-02-27T16:53:52.3710976Z (Reading database ... 65%
end-workflow	Install GH CLI	2026-02-27T16:53:52.3726667Z (Reading database ... 70%
end-workflow	Install GH CLI	2026-02-27T16:53:52.3732076Z (Reading database ... 75%
end-workflow	Install GH CLI	2026-02-27T16:53:52.3746146Z (Reading database ... 80%
end-workflow	Install GH CLI	2026-02-27T16:53:52.3750814Z (Reading database ... 85%
end-workflow	Install GH CLI	2026-02-27T16:53:52.3761939Z (Reading database ... 90%
end-workflow	Install GH CLI	2026-02-27T16:53:52.3780623Z (Reading database ... 95%
end-workflow	Install GH CLI	2026-02-27T16:53:52.3781178Z (Reading database ... 100%
end-workflow	Install GH CLI	2026-02-27T16:53:52.3781600Z (Reading database ... 14387 files and directories currently installed.)
end-workflow	Install GH CLI	2026-02-27T16:53:52.3786536Z Preparing to unpack .../archives/gh_2.87.3_amd64.deb ...
end-workflow	Install GH CLI	2026-02-27T16:53:52.3820372Z Unpacking gh (2.87.3) ...
end-workflow	Install GH CLI	2026-02-27T16:53:52.6066526Z Setting up gh (2.87.3) ...
end-workflow	Trigger Inspector	Ôªø2026-02-27T16:53:52.6586148Z ##[group]Run gh workflow run inspector.yml \
end-workflow	Trigger Inspector	2026-02-27T16:53:52.6586585Z [36;1mgh workflow run inspector.yml \[0m
end-workflow	Trigger Inspector	2026-02-27T16:53:52.6586965Z [36;1m  -f workflow_name="Ka0s Status MongDB Report" \[0m
end-workflow	Trigger Inspector	2026-02-27T16:53:52.6587331Z [36;1m  -f run_id="22495386452" \[0m
end-workflow	Trigger Inspector	2026-02-27T16:53:52.6587611Z [36;1m  -f status="success"[0m
end-workflow	Trigger Inspector	2026-02-27T16:53:52.6600267Z shell: /usr/bin/bash -e {0}
end-workflow	Trigger Inspector	2026-02-27T16:53:52.6600543Z env:
end-workflow	Trigger Inspector	2026-02-27T16:53:52.6600760Z   PYTHON_VERSION: 3.9
end-workflow	Trigger Inspector	2026-02-27T16:53:52.6601615Z   MONGO_SUPERUSER_CONNECTION: ***
end-workflow	Trigger Inspector	2026-02-27T16:53:52.6602025Z   MONGO_NEW_PASS: ***
end-workflow	Trigger Inspector	2026-02-27T16:53:52.6602387Z   MONGO_SCRIPT_CREATE: devops/core/mongo/scripts/mongodb_status_report.py
end-workflow	Trigger Inspector	2026-02-27T16:53:52.6602820Z   KAOS_CODE: 22495386452
end-workflow	Trigger Inspector	2026-02-27T16:53:52.6603061Z   REPORT_SCAN: audit/
end-workflow	Trigger Inspector	2026-02-27T16:53:52.6603293Z   REPORT_PATH: audit/mongodb/
end-workflow	Trigger Inspector	2026-02-27T16:53:52.6603560Z   REPORT_FILENAME: 22495386452.json
end-workflow	Trigger Inspector	2026-02-27T16:53:52.6603860Z   KAOS_MODULE: [Ka0s] Status MongDB Report
end-workflow	Trigger Inspector	2026-02-27T16:53:52.6604293Z   GH_TOKEN: ***
end-workflow	Trigger Inspector	2026-02-27T16:53:52.6604702Z ##[endgroup]
end-workflow	Trigger Inspector	2026-02-27T16:53:54.6172680Z https://github.com/Ka0s-Klaus/ka0s/actions/runs/22495469621
end-workflow	Post Checkout repository	Ôªø2026-02-27T16:53:54.6684334Z Post job cleanup.
end-workflow	Post Checkout repository	2026-02-27T16:53:54.7808110Z [command]/usr/bin/git version
end-workflow	Post Checkout repository	2026-02-27T16:53:54.7853534Z git version 2.53.0
end-workflow	Post Checkout repository	2026-02-27T16:53:54.7901429Z Temporarily overriding HOME='/home/runner/_work/_temp/090aa988-5d98-49ba-be2d-ccddd5ebb775' before making global git config changes
end-workflow	Post Checkout repository	2026-02-27T16:53:54.7902656Z Adding repository directory to the temporary git global config as a safe directory
end-workflow	Post Checkout repository	2026-02-27T16:53:54.7908862Z [command]/usr/bin/git config --global --add safe.directory /home/runner/_work/ka0s/ka0s
end-workflow	Post Checkout repository	2026-02-27T16:53:54.7957039Z [command]/usr/bin/git config --local --name-only --get-regexp core\.sshCommand
end-workflow	Post Checkout repository	2026-02-27T16:53:54.8003514Z [command]/usr/bin/git submodule foreach --recursive sh -c "git config --local --name-only --get-regexp 'core\.sshCommand' && git config --local --unset-all 'core.sshCommand' || :"
end-workflow	Post Checkout repository	2026-02-27T16:53:54.8350613Z [command]/usr/bin/git config --local --name-only --get-regexp http\.https\:\/\/github\.com\/\.extraheader
end-workflow	Post Checkout repository	2026-02-27T16:53:54.8379539Z http.https://github.com/.extraheader
end-workflow	Post Checkout repository	2026-02-27T16:53:54.8393914Z [command]/usr/bin/git config --local --unset-all http.https://github.com/.extraheader
end-workflow	Post Checkout repository	2026-02-27T16:53:54.8438868Z [command]/usr/bin/git submodule foreach --recursive sh -c "git config --local --name-only --get-regexp 'http\.https\:\/\/github\.com\/\.extraheader' && git config --local --unset-all 'http.https://github.com/.extraheader' || :"
end-workflow	Post Checkout repository	2026-02-27T16:53:54.8799549Z [command]/usr/bin/git config --local --name-only --get-regexp ^includeIf\.gitdir:
end-workflow	Post Checkout repository	2026-02-27T16:53:54.8847924Z [command]/usr/bin/git submodule foreach --recursive git config --local --show-origin --name-only --get-regexp remote.origin.url
end-workflow	Complete job	Ôªø2026-02-27T16:53:54.9360370Z Cleaning up orphan processes
