audit-cluster	Set up job	ï»¿2026-02-27T14:34:48.3446683Z Current runner version: '2.332.0'
audit-cluster	Set up job	2026-02-27T14:34:48.3457962Z Runner name: 'swarm-runners-scaleset-hkss5-runner-8vw7c'
audit-cluster	Set up job	2026-02-27T14:34:48.3460338Z Runner group name: 'Default'
audit-cluster	Set up job	2026-02-27T14:34:48.3461689Z Machine name: 'swarm-runners-scaleset-hkss5-runner-8vw7c'
audit-cluster	Set up job	2026-02-27T14:34:48.3466921Z ##[group]GITHUB_TOKEN Permissions
audit-cluster	Set up job	2026-02-27T14:34:48.3470423Z Actions: write
audit-cluster	Set up job	2026-02-27T14:34:48.3471348Z Contents: write
audit-cluster	Set up job	2026-02-27T14:34:48.3472096Z Issues: write
audit-cluster	Set up job	2026-02-27T14:34:48.3472790Z Metadata: read
audit-cluster	Set up job	2026-02-27T14:34:48.3473593Z ##[endgroup]
audit-cluster	Set up job	2026-02-27T14:34:48.3476759Z Secret source: Actions
audit-cluster	Set up job	2026-02-27T14:34:48.3477864Z Prepare workflow directory
audit-cluster	Set up job	2026-02-27T14:34:48.4090336Z Prepare all required actions
audit-cluster	Set up job	2026-02-27T14:34:48.4141864Z Getting action download info
audit-cluster	Set up job	2026-02-27T14:34:49.0737625Z Download action repository 'actions/checkout@v4' (SHA:34e114876b0b11c390a56381ad16ebd13914f8d5)
audit-cluster	Set up job	2026-02-27T14:34:50.0830678Z Complete job name: audit-cluster
audit-cluster	Checkout repository	ï»¿2026-02-27T14:34:50.1906967Z ##[group]Run actions/checkout@v4
audit-cluster	Checkout repository	2026-02-27T14:34:50.1908828Z with:
audit-cluster	Checkout repository	2026-02-27T14:34:50.1909429Z   repository: Ka0s-Klaus/ka0s
audit-cluster	Checkout repository	2026-02-27T14:34:50.1911342Z   token: ***
audit-cluster	Checkout repository	2026-02-27T14:34:50.1911961Z   ssh-strict: true
audit-cluster	Checkout repository	2026-02-27T14:34:50.1912514Z   ssh-user: git
audit-cluster	Checkout repository	2026-02-27T14:34:50.1913120Z   persist-credentials: true
audit-cluster	Checkout repository	2026-02-27T14:34:50.1913759Z   clean: true
audit-cluster	Checkout repository	2026-02-27T14:34:50.1914380Z   sparse-checkout-cone-mode: true
audit-cluster	Checkout repository	2026-02-27T14:34:50.1915487Z   fetch-depth: 1
audit-cluster	Checkout repository	2026-02-27T14:34:50.1916194Z   fetch-tags: false
audit-cluster	Checkout repository	2026-02-27T14:34:50.1916782Z   show-progress: true
audit-cluster	Checkout repository	2026-02-27T14:34:50.1917372Z   lfs: false
audit-cluster	Checkout repository	2026-02-27T14:34:50.1917926Z   submodules: false
audit-cluster	Checkout repository	2026-02-27T14:34:50.1918586Z   set-safe-directory: true
audit-cluster	Checkout repository	2026-02-27T14:34:50.1920347Z env:
audit-cluster	Checkout repository	2026-02-27T14:34:50.1920973Z   KAOS_MODULE: [Ka0s] Audit Cluster Status
audit-cluster	Checkout repository	2026-02-27T14:34:50.1921713Z   KAOS_CODE: 22490407703
audit-cluster	Checkout repository	2026-02-27T14:34:50.1922330Z ##[endgroup]
audit-cluster	Checkout repository	2026-02-27T14:34:50.4132576Z Syncing repository: Ka0s-Klaus/ka0s
audit-cluster	Checkout repository	2026-02-27T14:34:50.4156493Z ##[group]Getting Git version info
audit-cluster	Checkout repository	2026-02-27T14:34:50.4157852Z Working directory is '/home/runner/_work/ka0s/ka0s'
audit-cluster	Checkout repository	2026-02-27T14:34:50.4159301Z [command]/usr/bin/git version
audit-cluster	Checkout repository	2026-02-27T14:34:50.4166274Z git version 2.53.0
audit-cluster	Checkout repository	2026-02-27T14:34:50.4227505Z ##[endgroup]
audit-cluster	Checkout repository	2026-02-27T14:34:50.4259039Z Temporarily overriding HOME='/home/runner/_work/_temp/37f5db36-ba7e-4dcd-bebd-11686769b68f' before making global git config changes
audit-cluster	Checkout repository	2026-02-27T14:34:50.4274052Z Adding repository directory to the temporary git global config as a safe directory
audit-cluster	Checkout repository	2026-02-27T14:34:50.4286090Z [command]/usr/bin/git config --global --add safe.directory /home/runner/_work/ka0s/ka0s
audit-cluster	Checkout repository	2026-02-27T14:34:50.4377501Z Deleting the contents of '/home/runner/_work/ka0s/ka0s'
audit-cluster	Checkout repository	2026-02-27T14:34:50.4389703Z ##[group]Initializing the repository
audit-cluster	Checkout repository	2026-02-27T14:34:50.4456814Z [command]/usr/bin/git init /home/runner/_work/ka0s/ka0s
audit-cluster	Checkout repository	2026-02-27T14:34:50.4626298Z hint: Using 'master' as the name for the initial branch. This default branch name
audit-cluster	Checkout repository	2026-02-27T14:34:50.4628948Z hint: will change to "main" in Git 3.0. To configure the initial branch name
audit-cluster	Checkout repository	2026-02-27T14:34:50.4630309Z hint: to use in all of your new repositories, which will suppress this warning,
audit-cluster	Checkout repository	2026-02-27T14:34:50.4631276Z hint: call:
audit-cluster	Checkout repository	2026-02-27T14:34:50.4631819Z hint:
audit-cluster	Checkout repository	2026-02-27T14:34:50.4632512Z hint: 	git config --global init.defaultBranch <name>
audit-cluster	Checkout repository	2026-02-27T14:34:50.4633322Z hint:
audit-cluster	Checkout repository	2026-02-27T14:34:50.4634149Z hint: Names commonly chosen instead of 'master' are 'main', 'trunk' and
audit-cluster	Checkout repository	2026-02-27T14:34:50.4635674Z hint: 'development'. The just-created branch can be renamed via this command:
audit-cluster	Checkout repository	2026-02-27T14:34:50.4636665Z hint:
audit-cluster	Checkout repository	2026-02-27T14:34:50.4637225Z hint: 	git branch -m <name>
audit-cluster	Checkout repository	2026-02-27T14:34:50.4637884Z hint:
audit-cluster	Checkout repository	2026-02-27T14:34:50.4638720Z hint: Disable this message with "git config set advice.defaultBranchName false"
audit-cluster	Checkout repository	2026-02-27T14:34:50.4639972Z Initialized empty Git repository in /home/runner/_work/ka0s/ka0s/.git/
audit-cluster	Checkout repository	2026-02-27T14:34:50.4672011Z [command]/usr/bin/git remote add origin https://github.com/Ka0s-Klaus/ka0s
audit-cluster	Checkout repository	2026-02-27T14:34:50.4880954Z ##[endgroup]
audit-cluster	Checkout repository	2026-02-27T14:34:50.4882951Z ##[group]Disabling automatic garbage collection
audit-cluster	Checkout repository	2026-02-27T14:34:50.4884384Z [command]/usr/bin/git config --local gc.auto 0
audit-cluster	Checkout repository	2026-02-27T14:34:50.5148570Z ##[endgroup]
audit-cluster	Checkout repository	2026-02-27T14:34:50.5150759Z ##[group]Setting up auth
audit-cluster	Checkout repository	2026-02-27T14:34:50.5166322Z [command]/usr/bin/git config --local --name-only --get-regexp core\.sshCommand
audit-cluster	Checkout repository	2026-02-27T14:34:50.5272817Z [command]/usr/bin/git submodule foreach --recursive sh -c "git config --local --name-only --get-regexp 'core\.sshCommand' && git config --local --unset-all 'core.sshCommand' || :"
audit-cluster	Checkout repository	2026-02-27T14:34:50.5846608Z [command]/usr/bin/git config --local --name-only --get-regexp http\.https\:\/\/github\.com\/\.extraheader
audit-cluster	Checkout repository	2026-02-27T14:34:50.5923286Z [command]/usr/bin/git submodule foreach --recursive sh -c "git config --local --name-only --get-regexp 'http\.https\:\/\/github\.com\/\.extraheader' && git config --local --unset-all 'http.https://github.com/.extraheader' || :"
audit-cluster	Checkout repository	2026-02-27T14:34:50.6668879Z [command]/usr/bin/git config --local --name-only --get-regexp ^includeIf\.gitdir:
audit-cluster	Checkout repository	2026-02-27T14:34:50.6720112Z [command]/usr/bin/git submodule foreach --recursive git config --local --show-origin --name-only --get-regexp remote.origin.url
audit-cluster	Checkout repository	2026-02-27T14:34:50.7149637Z [command]/usr/bin/git config --local http.https://github.com/.extraheader AUTHORIZATION: basic ***
audit-cluster	Checkout repository	2026-02-27T14:34:50.7208394Z ##[endgroup]
audit-cluster	Checkout repository	2026-02-27T14:34:50.7209819Z ##[group]Fetching the repository
audit-cluster	Checkout repository	2026-02-27T14:34:50.7231874Z [command]/usr/bin/git -c protocol.version=2 fetch --no-tags --prune --no-recurse-submodules --depth=1 origin +af443de2489f171f229873419ece7320678d8577:refs/remotes/origin/main
audit-cluster	Checkout repository	2026-02-27T14:34:52.9519872Z From https://github.com/Ka0s-Klaus/ka0s
audit-cluster	Checkout repository	2026-02-27T14:34:52.9523093Z  * [new ref]         af443de2489f171f229873419ece7320678d8577 -> origin/main
audit-cluster	Checkout repository	2026-02-27T14:34:52.9607867Z ##[endgroup]
audit-cluster	Checkout repository	2026-02-27T14:34:52.9609872Z ##[group]Determining the checkout info
audit-cluster	Checkout repository	2026-02-27T14:34:52.9611986Z ##[endgroup]
audit-cluster	Checkout repository	2026-02-27T14:34:52.9637205Z [command]/usr/bin/git sparse-checkout disable
audit-cluster	Checkout repository	2026-02-27T14:34:52.9721344Z [command]/usr/bin/git config --local --unset-all extensions.worktreeConfig
audit-cluster	Checkout repository	2026-02-27T14:34:52.9790217Z ##[group]Checking out the ref
audit-cluster	Checkout repository	2026-02-27T14:34:52.9795932Z [command]/usr/bin/git checkout --progress --force -B main refs/remotes/origin/main
audit-cluster	Checkout repository	2026-02-27T14:34:53.2847877Z Switched to a new branch 'main'
audit-cluster	Checkout repository	2026-02-27T14:34:53.2848455Z branch 'main' set up to track 'origin/main'.
audit-cluster	Checkout repository	2026-02-27T14:34:53.2900993Z ##[endgroup]
audit-cluster	Checkout repository	2026-02-27T14:34:53.3025677Z [command]/usr/bin/git log -1 --format=%H
audit-cluster	Checkout repository	2026-02-27T14:34:53.3085787Z af443de2489f171f229873419ece7320678d8577
audit-cluster	Execute Cluster Audit (Status)	ï»¿2026-02-27T14:34:53.3719868Z Prepare all required actions
audit-cluster	Execute Cluster Audit (Status)	2026-02-27T14:34:53.4288967Z ##[group]Run ./.github/actions/ssh-exec
audit-cluster	Execute Cluster Audit (Status)	2026-02-27T14:34:53.4289327Z with:
audit-cluster	Execute Cluster Audit (Status)	2026-02-27T14:34:53.4289742Z   host: ***
audit-cluster	Execute Cluster Audit (Status)	2026-02-27T14:34:53.4289981Z   username: ***
audit-cluster	Execute Cluster Audit (Status)	2026-02-27T14:34:53.4291984Z   key: ***
audit-cluster	Execute Cluster Audit (Status)	2026-02-27T14:34:53.4292212Z   port: ***
audit-cluster	Execute Cluster Audit (Status)	2026-02-27T14:34:53.4292432Z   use-sudo: true
audit-cluster	Execute Cluster Audit (Status)	2026-02-27T14:34:53.4292687Z   pass: ***
audit-cluster	Execute Cluster Audit (Status)	2026-02-27T14:34:53.4293005Z   script-path: devops/core/k8s/audit-services-status.sh
audit-cluster	Execute Cluster Audit (Status)	2026-02-27T14:34:53.4293394Z   remote-results-path: /tmp/results
audit-cluster	Execute Cluster Audit (Status)	2026-02-27T14:34:53.4293701Z   local-results-path: audit/kube/
audit-cluster	Execute Cluster Audit (Status)	2026-02-27T14:34:53.4294022Z   remote-tmp-dir: /tmp
audit-cluster	Execute Cluster Audit (Status)	2026-02-27T14:34:53.4294266Z env:
audit-cluster	Execute Cluster Audit (Status)	2026-02-27T14:34:53.4306426Z   KAOS_MODULE: [Ka0s] Audit Cluster Status
audit-cluster	Execute Cluster Audit (Status)	2026-02-27T14:34:53.4307089Z   KAOS_CODE: 22490407703
audit-cluster	Execute Cluster Audit (Status)	2026-02-27T14:34:53.4307402Z ##[endgroup]
audit-cluster	Execute Cluster Audit (Status)	2026-02-27T14:34:53.4577191Z ##[group]Run echo "***
audit-cluster	Execute Cluster Audit (Status)	2026-02-27T14:34:53.4577695Z [36;1mecho "***[0m
audit-cluster	Execute Cluster Audit (Status)	2026-02-27T14:34:53.4578200Z [36;1m***[0m
audit-cluster	Execute Cluster Audit (Status)	2026-02-27T14:34:53.4578763Z [36;1m***[0m
audit-cluster	Execute Cluster Audit (Status)	2026-02-27T14:34:53.4579209Z [36;1m***[0m
audit-cluster	Execute Cluster Audit (Status)	2026-02-27T14:34:53.4579621Z [36;1m***[0m
audit-cluster	Execute Cluster Audit (Status)	2026-02-27T14:34:53.4580039Z [36;1m***[0m
audit-cluster	Execute Cluster Audit (Status)	2026-02-27T14:34:53.4580407Z [36;1m***" > /home/runner/_work/_temp/ssh_key[0m
audit-cluster	Execute Cluster Audit (Status)	2026-02-27T14:34:53.4580786Z [36;1mchmod 600 /home/runner/_work/_temp/ssh_key[0m
audit-cluster	Execute Cluster Audit (Status)	2026-02-27T14:34:53.4611504Z shell: /usr/bin/bash --noprofile --norc -e -o pipefail {0}
audit-cluster	Execute Cluster Audit (Status)	2026-02-27T14:34:53.4612357Z env:
audit-cluster	Execute Cluster Audit (Status)	2026-02-27T14:34:53.4612731Z   KAOS_MODULE: [Ka0s] Audit Cluster Status
audit-cluster	Execute Cluster Audit (Status)	2026-02-27T14:34:53.4613109Z   KAOS_CODE: 22490407703
audit-cluster	Execute Cluster Audit (Status)	2026-02-27T14:34:53.4613375Z ##[endgroup]
audit-cluster	Execute Cluster Audit (Status)	2026-02-27T14:34:53.5031838Z ##[group]Run scp -o StrictHostKeyChecking=no -i /home/runner/_work/_temp/ssh_key -P *** devops/core/k8s/audit-services-status.sh ***@***:/tmp
audit-cluster	Execute Cluster Audit (Status)	2026-02-27T14:34:53.5033090Z [36;1mscp -o StrictHostKeyChecking=no -i /home/runner/_work/_temp/ssh_key -P *** devops/core/k8s/audit-services-status.sh ***@***:/tmp[0m
audit-cluster	Execute Cluster Audit (Status)	2026-02-27T14:34:53.5052448Z shell: /usr/bin/bash --noprofile --norc -e -o pipefail {0}
audit-cluster	Execute Cluster Audit (Status)	2026-02-27T14:34:53.5052927Z env:
audit-cluster	Execute Cluster Audit (Status)	2026-02-27T14:34:53.5053222Z   KAOS_MODULE: [Ka0s] Audit Cluster Status
audit-cluster	Execute Cluster Audit (Status)	2026-02-27T14:34:53.5053544Z   KAOS_CODE: 22490407703
audit-cluster	Execute Cluster Audit (Status)	2026-02-27T14:34:53.5053801Z ##[endgroup]
audit-cluster	Execute Cluster Audit (Status)	2026-02-27T14:34:53.7077893Z Warning: Permanently added '[***]:***' (ED25519) to the list of known hosts.
audit-cluster	Execute Cluster Audit (Status)	2026-02-27T14:34:54.2167795Z ##[group]Run REMOTE_SCRIPT_PATH="/tmp/$(basename devops/core/k8s/audit-services-status.sh)"
audit-cluster	Execute Cluster Audit (Status)	2026-02-27T14:34:54.2168604Z [36;1mREMOTE_SCRIPT_PATH="/tmp/$(basename devops/core/k8s/audit-services-status.sh)"[0m
audit-cluster	Execute Cluster Audit (Status)	2026-02-27T14:34:54.2169231Z [36;1mEXEC_COMMAND="chmod +x $REMOTE_SCRIPT_PATH && $REMOTE_SCRIPT_PATH "[0m
audit-cluster	Execute Cluster Audit (Status)	2026-02-27T14:34:54.2169712Z [36;1mif [[ "true" == "true" ]]; then[0m
audit-cluster	Execute Cluster Audit (Status)	2026-02-27T14:34:54.2170295Z [36;1m  SUDO_PREFIX="echo '***' | sudo -S"[0m
audit-cluster	Execute Cluster Audit (Status)	2026-02-27T14:34:54.2170777Z [36;1m  COMMAND_CHAIN="$SUDO_PREFIX bash -c '$EXEC_COMMAND'"[0m
audit-cluster	Execute Cluster Audit (Status)	2026-02-27T14:34:54.2171254Z [36;1m  if [[ "/tmp/results" != "" ]]; then[0m
audit-cluster	Execute Cluster Audit (Status)	2026-02-27T14:34:54.2171774Z [36;1m    COMMAND_CHAIN="$COMMAND_CHAIN && $SUDO_PREFIX chmod -R 777 /tmp/results"[0m
audit-cluster	Execute Cluster Audit (Status)	2026-02-27T14:34:54.2172277Z [36;1m  fi[0m
audit-cluster	Execute Cluster Audit (Status)	2026-02-27T14:34:54.2172993Z [36;1m  ssh -o StrictHostKeyChecking=no -i /home/runner/_work/_temp/ssh_key -p *** ***@*** "$COMMAND_CHAIN && rm $REMOTE_SCRIPT_PATH"[0m
audit-cluster	Execute Cluster Audit (Status)	2026-02-27T14:34:54.2173663Z [36;1melse[0m
audit-cluster	Execute Cluster Audit (Status)	2026-02-27T14:34:54.2174341Z [36;1m  ssh -o StrictHostKeyChecking=no -i /home/runner/_work/_temp/ssh_key -p *** ***@*** "$EXEC_COMMAND && rm $REMOTE_SCRIPT_PATH"[0m
audit-cluster	Execute Cluster Audit (Status)	2026-02-27T14:34:54.2195000Z [36;1mfi[0m
audit-cluster	Execute Cluster Audit (Status)	2026-02-27T14:34:54.2237924Z shell: /usr/bin/bash --noprofile --norc -e -o pipefail {0}
audit-cluster	Execute Cluster Audit (Status)	2026-02-27T14:34:54.2238378Z env:
audit-cluster	Execute Cluster Audit (Status)	2026-02-27T14:34:54.2238634Z   KAOS_MODULE: [Ka0s] Audit Cluster Status
audit-cluster	Execute Cluster Audit (Status)	2026-02-27T14:34:54.2238951Z   KAOS_CODE: 22490407703
audit-cluster	Execute Cluster Audit (Status)	2026-02-27T14:34:54.2239211Z ##[endgroup]
audit-cluster	Execute Cluster Audit (Status)	2026-02-27T14:34:54.9767505Z [INFO] Generando informes en /tmp/results
audit-cluster	Execute Cluster Audit (Status)	2026-02-27T14:34:55.4140822Z [sudo] password for ***: No resources found
audit-cluster	Execute Cluster Audit (Status)	2026-02-27T14:34:55.6248425Z [INFO] Markdown generado: /tmp/results/cluster-report-20260227-143454.md
audit-cluster	Execute Cluster Audit (Status)	2026-02-27T14:34:56.8385938Z [INFO] HTML generado: /tmp/results/cluster-dashboard-20260227-143454.html
audit-cluster	Execute Cluster Audit (Status)	2026-02-27T14:34:56.9456453Z [SUCCESS] AuditorÃ­a completada.
audit-cluster	Execute Cluster Audit (Status)	2026-02-27T14:34:56.9788341Z ##[group]Run mkdir -p audit/kube/
audit-cluster	Execute Cluster Audit (Status)	2026-02-27T14:34:56.9788704Z [36;1mmkdir -p audit/kube/[0m
audit-cluster	Execute Cluster Audit (Status)	2026-02-27T14:34:56.9789470Z [36;1mscp -o StrictHostKeyChecking=no -r -i /home/runner/_work/_temp/ssh_key -P *** ***@***:/tmp/results/* audit/kube/[0m
audit-cluster	Execute Cluster Audit (Status)	2026-02-27T14:34:56.9790144Z [36;1mecho "path=audit/kube/" >> $GITHUB_OUTPUT[0m
audit-cluster	Execute Cluster Audit (Status)	2026-02-27T14:34:56.9811005Z shell: /usr/bin/bash --noprofile --norc -e -o pipefail {0}
audit-cluster	Execute Cluster Audit (Status)	2026-02-27T14:34:56.9811526Z env:
audit-cluster	Execute Cluster Audit (Status)	2026-02-27T14:34:56.9811766Z   KAOS_MODULE: [Ka0s] Audit Cluster Status
audit-cluster	Execute Cluster Audit (Status)	2026-02-27T14:34:56.9812072Z   KAOS_CODE: 22490407703
audit-cluster	Execute Cluster Audit (Status)	2026-02-27T14:34:56.9812314Z ##[endgroup]
audit-cluster	Commit Audit Reports	ï»¿2026-02-27T14:34:58.0774111Z ##[group]Run git config --global user.name "Ka0s Bot"
audit-cluster	Commit Audit Reports	2026-02-27T14:34:58.0774854Z [36;1mgit config --global user.name "Ka0s Bot"[0m
audit-cluster	Commit Audit Reports	2026-02-27T14:34:58.0775266Z [36;1mgit config --global user.email "bot@ka0s.io"[0m
audit-cluster	Commit Audit Reports	2026-02-27T14:34:58.0775698Z [36;1mgit pull --rebase origin main || git pull origin main[0m
audit-cluster	Commit Audit Reports	2026-02-27T14:34:58.0776407Z [36;1mgit add audit/kube/cluster-report-*.md audit/kube/cluster-report-*.json audit/kube/cluster-dashboard-*.html || true[0m
audit-cluster	Commit Audit Reports	2026-02-27T14:34:58.0777083Z [36;1mif ! git diff --staged --quiet; then[0m
audit-cluster	Commit Audit Reports	2026-02-27T14:34:58.0777858Z [36;1m  git commit -m "[Audit] Cluster status report $(date +'%Y-%m-%d %H:%M')"[0m
audit-cluster	Commit Audit Reports	2026-02-27T14:34:58.0778388Z [36;1m  git push || (git pull --rebase origin main && git push)[0m
audit-cluster	Commit Audit Reports	2026-02-27T14:34:58.0778769Z [36;1melse[0m
audit-cluster	Commit Audit Reports	2026-02-27T14:34:58.0779066Z [36;1m  echo "No new cluster status reports to commit."[0m
audit-cluster	Commit Audit Reports	2026-02-27T14:34:58.0779413Z [36;1mfi[0m
audit-cluster	Commit Audit Reports	2026-02-27T14:34:58.0791670Z shell: /usr/bin/bash -e {0}
audit-cluster	Commit Audit Reports	2026-02-27T14:34:58.0791964Z env:
audit-cluster	Commit Audit Reports	2026-02-27T14:34:58.0792260Z   KAOS_MODULE: [Ka0s] Audit Cluster Status
audit-cluster	Commit Audit Reports	2026-02-27T14:34:58.0792582Z   KAOS_CODE: 22490407703
audit-cluster	Commit Audit Reports	2026-02-27T14:34:58.0792833Z ##[endgroup]
audit-cluster	Commit Audit Reports	2026-02-27T14:34:59.0506942Z From https://github.com/Ka0s-Klaus/ka0s
audit-cluster	Commit Audit Reports	2026-02-27T14:34:59.0525917Z  * branch            main       -> FETCH_HEAD
audit-cluster	Commit Audit Reports	2026-02-27T14:34:59.0667468Z Already up to date.
audit-cluster	Commit Audit Reports	2026-02-27T14:34:59.1233879Z [main f2b3d52] [Audit] Cluster status report 2026-02-27 14:34
audit-cluster	Commit Audit Reports	2026-02-27T14:34:59.1241650Z  3 files changed, 593 insertions(+)
audit-cluster	Commit Audit Reports	2026-02-27T14:34:59.1242413Z  create mode 100755 audit/kube/cluster-dashboard-20260227-143454.html
audit-cluster	Commit Audit Reports	2026-02-27T14:34:59.1243488Z  create mode 100755 audit/kube/cluster-report-20260227-143454.json
audit-cluster	Commit Audit Reports	2026-02-27T14:34:59.1244157Z  create mode 100755 audit/kube/cluster-report-20260227-143454.md
audit-cluster	Commit Audit Reports	2026-02-27T14:35:00.0963570Z To https://github.com/Ka0s-Klaus/ka0s
audit-cluster	Commit Audit Reports	2026-02-27T14:35:00.0963962Z    af443de..f2b3d52  main -> main
audit-cluster	Post Checkout repository	ï»¿2026-02-27T14:35:00.1590488Z Post job cleanup.
audit-cluster	Post Checkout repository	2026-02-27T14:35:00.3076077Z [command]/usr/bin/git version
audit-cluster	Post Checkout repository	2026-02-27T14:35:00.3485862Z git version 2.53.0
audit-cluster	Post Checkout repository	2026-02-27T14:35:00.3622937Z Copying '/home/runner/.gitconfig' to '/home/runner/_work/_temp/6b7e0522-ed6c-46cf-8b3d-31df31318782/.gitconfig'
audit-cluster	Post Checkout repository	2026-02-27T14:35:00.3745765Z Temporarily overriding HOME='/home/runner/_work/_temp/6b7e0522-ed6c-46cf-8b3d-31df31318782' before making global git config changes
audit-cluster	Post Checkout repository	2026-02-27T14:35:00.3747284Z Adding repository directory to the temporary git global config as a safe directory
audit-cluster	Post Checkout repository	2026-02-27T14:35:00.3796157Z [command]/usr/bin/git config --global --add safe.directory /home/runner/_work/ka0s/ka0s
audit-cluster	Post Checkout repository	2026-02-27T14:35:00.3932836Z [command]/usr/bin/git config --local --name-only --get-regexp core\.sshCommand
audit-cluster	Post Checkout repository	2026-02-27T14:35:00.4100178Z [command]/usr/bin/git submodule foreach --recursive sh -c "git config --local --name-only --get-regexp 'core\.sshCommand' && git config --local --unset-all 'core.sshCommand' || :"
audit-cluster	Post Checkout repository	2026-02-27T14:35:00.4988261Z [command]/usr/bin/git config --local --name-only --get-regexp http\.https\:\/\/github\.com\/\.extraheader
audit-cluster	Post Checkout repository	2026-02-27T14:35:00.5236600Z http.https://github.com/.extraheader
audit-cluster	Post Checkout repository	2026-02-27T14:35:00.5282938Z [command]/usr/bin/git config --local --unset-all http.https://github.com/.extraheader
audit-cluster	Post Checkout repository	2026-02-27T14:35:00.5315882Z [command]/usr/bin/git submodule foreach --recursive sh -c "git config --local --name-only --get-regexp 'http\.https\:\/\/github\.com\/\.extraheader' && git config --local --unset-all 'http.https://github.com/.extraheader' || :"
audit-cluster	Post Checkout repository	2026-02-27T14:35:00.6545975Z [command]/usr/bin/git config --local --name-only --get-regexp ^includeIf\.gitdir:
audit-cluster	Post Checkout repository	2026-02-27T14:35:00.6786291Z [command]/usr/bin/git submodule foreach --recursive git config --local --show-origin --name-only --get-regexp remote.origin.url
audit-cluster	Complete job	ï»¿2026-02-27T14:35:00.8052880Z Cleaning up orphan processes
handle-success	Set up job	ï»¿2026-02-27T14:35:15.9563374Z Current runner version: '2.332.0'
handle-success	Set up job	2026-02-27T14:35:15.9588870Z Runner name: 'swarm-runners-scaleset-hkss5-runner-km2xb'
handle-success	Set up job	2026-02-27T14:35:15.9590528Z Runner group name: 'Default'
handle-success	Set up job	2026-02-27T14:35:15.9592132Z Machine name: 'swarm-runners-scaleset-hkss5-runner-km2xb'
handle-success	Set up job	2026-02-27T14:35:15.9599892Z ##[group]GITHUB_TOKEN Permissions
handle-success	Set up job	2026-02-27T14:35:15.9618928Z Actions: write
handle-success	Set up job	2026-02-27T14:35:15.9619950Z Contents: write
handle-success	Set up job	2026-02-27T14:35:15.9620589Z Issues: write
handle-success	Set up job	2026-02-27T14:35:15.9621586Z Metadata: read
handle-success	Set up job	2026-02-27T14:35:15.9622209Z ##[endgroup]
handle-success	Set up job	2026-02-27T14:35:15.9628033Z Secret source: Actions
handle-success	Set up job	2026-02-27T14:35:15.9629485Z Prepare workflow directory
handle-success	Set up job	2026-02-27T14:35:16.0279858Z Prepare all required actions
handle-success	Set up job	2026-02-27T14:35:16.0360561Z Getting action download info
handle-success	Set up job	2026-02-27T14:35:16.8239360Z Download action repository 'actions/checkout@v4' (SHA:34e114876b0b11c390a56381ad16ebd13914f8d5)
handle-success	Set up job	2026-02-27T14:35:17.8259130Z Complete job name: handle-success
handle-success	Checkout repository	ï»¿2026-02-27T14:35:18.0145393Z ##[group]Run actions/checkout@v4
handle-success	Checkout repository	2026-02-27T14:35:18.0147401Z with:
handle-success	Checkout repository	2026-02-27T14:35:18.0147914Z   fetch-depth: 0
handle-success	Checkout repository	2026-02-27T14:35:18.0148400Z   repository: Ka0s-Klaus/ka0s
handle-success	Checkout repository	2026-02-27T14:35:18.0149302Z   token: ***
handle-success	Checkout repository	2026-02-27T14:35:18.0149761Z   ssh-strict: true
handle-success	Checkout repository	2026-02-27T14:35:18.0150219Z   ssh-user: git
handle-success	Checkout repository	2026-02-27T14:35:18.0150693Z   persist-credentials: true
handle-success	Checkout repository	2026-02-27T14:35:18.0151216Z   clean: true
handle-success	Checkout repository	2026-02-27T14:35:18.0151704Z   sparse-checkout-cone-mode: true
handle-success	Checkout repository	2026-02-27T14:35:18.0152283Z   fetch-tags: false
handle-success	Checkout repository	2026-02-27T14:35:18.0152768Z   show-progress: true
handle-success	Checkout repository	2026-02-27T14:35:18.0153253Z   lfs: false
handle-success	Checkout repository	2026-02-27T14:35:18.0153698Z   submodules: false
handle-success	Checkout repository	2026-02-27T14:35:18.0154224Z   set-safe-directory: true
handle-success	Checkout repository	2026-02-27T14:35:18.0155334Z env:
handle-success	Checkout repository	2026-02-27T14:35:18.0155842Z   KAOS_MODULE: [Ka0s] Audit Cluster Status
handle-success	Checkout repository	2026-02-27T14:35:18.0156454Z   KAOS_CODE: 22490407703
handle-success	Checkout repository	2026-02-27T14:35:18.0156953Z ##[endgroup]
handle-success	Checkout repository	2026-02-27T14:35:18.3502054Z Syncing repository: Ka0s-Klaus/ka0s
handle-success	Checkout repository	2026-02-27T14:35:18.3504188Z ##[group]Getting Git version info
handle-success	Checkout repository	2026-02-27T14:35:18.3505151Z Working directory is '/home/runner/_work/ka0s/ka0s'
handle-success	Checkout repository	2026-02-27T14:35:18.3506211Z [command]/usr/bin/git version
handle-success	Checkout repository	2026-02-27T14:35:18.3596592Z git version 2.53.0
handle-success	Checkout repository	2026-02-27T14:35:18.3722548Z ##[endgroup]
handle-success	Checkout repository	2026-02-27T14:35:18.3813784Z Temporarily overriding HOME='/home/runner/_work/_temp/c8ee8b48-4ba2-4626-b90d-7195f7dd98b3' before making global git config changes
handle-success	Checkout repository	2026-02-27T14:35:18.3837229Z Adding repository directory to the temporary git global config as a safe directory
handle-success	Checkout repository	2026-02-27T14:35:18.3839841Z [command]/usr/bin/git config --global --add safe.directory /home/runner/_work/ka0s/ka0s
handle-success	Checkout repository	2026-02-27T14:35:18.3916566Z Deleting the contents of '/home/runner/_work/ka0s/ka0s'
handle-success	Checkout repository	2026-02-27T14:35:18.3949167Z ##[group]Initializing the repository
handle-success	Checkout repository	2026-02-27T14:35:18.3998170Z [command]/usr/bin/git init /home/runner/_work/ka0s/ka0s
handle-success	Checkout repository	2026-02-27T14:35:18.4118164Z hint: Using 'master' as the name for the initial branch. This default branch name
handle-success	Checkout repository	2026-02-27T14:35:18.4120713Z hint: will change to "main" in Git 3.0. To configure the initial branch name
handle-success	Checkout repository	2026-02-27T14:35:18.4122824Z hint: to use in all of your new repositories, which will suppress this warning,
handle-success	Checkout repository	2026-02-27T14:35:18.4124178Z hint: call:
handle-success	Checkout repository	2026-02-27T14:35:18.4126840Z hint:
handle-success	Checkout repository	2026-02-27T14:35:18.4127539Z hint: 	git config --global init.defaultBranch <name>
handle-success	Checkout repository	2026-02-27T14:35:18.4128223Z hint:
handle-success	Checkout repository	2026-02-27T14:35:18.4128876Z hint: Names commonly chosen instead of 'master' are 'main', 'trunk' and
handle-success	Checkout repository	2026-02-27T14:35:18.4130073Z hint: 'development'. The just-created branch can be renamed via this command:
handle-success	Checkout repository	2026-02-27T14:35:18.4130967Z hint:
handle-success	Checkout repository	2026-02-27T14:35:18.4131479Z hint: 	git branch -m <name>
handle-success	Checkout repository	2026-02-27T14:35:18.4132065Z hint:
handle-success	Checkout repository	2026-02-27T14:35:18.4132843Z hint: Disable this message with "git config set advice.defaultBranchName false"
handle-success	Checkout repository	2026-02-27T14:35:18.4134122Z Initialized empty Git repository in /home/runner/_work/ka0s/ka0s/.git/
handle-success	Checkout repository	2026-02-27T14:35:18.4175651Z [command]/usr/bin/git remote add origin https://github.com/Ka0s-Klaus/ka0s
handle-success	Checkout repository	2026-02-27T14:35:18.4231463Z ##[endgroup]
handle-success	Checkout repository	2026-02-27T14:35:18.4233204Z ##[group]Disabling automatic garbage collection
handle-success	Checkout repository	2026-02-27T14:35:18.4234004Z [command]/usr/bin/git config --local gc.auto 0
handle-success	Checkout repository	2026-02-27T14:35:18.4318550Z ##[endgroup]
handle-success	Checkout repository	2026-02-27T14:35:18.4319701Z ##[group]Setting up auth
handle-success	Checkout repository	2026-02-27T14:35:18.4339160Z [command]/usr/bin/git config --local --name-only --get-regexp core\.sshCommand
handle-success	Checkout repository	2026-02-27T14:35:18.4477011Z [command]/usr/bin/git submodule foreach --recursive sh -c "git config --local --name-only --get-regexp 'core\.sshCommand' && git config --local --unset-all 'core.sshCommand' || :"
handle-success	Checkout repository	2026-02-27T14:35:18.5365604Z [command]/usr/bin/git config --local --name-only --get-regexp http\.https\:\/\/github\.com\/\.extraheader
handle-success	Checkout repository	2026-02-27T14:35:18.5479289Z [command]/usr/bin/git submodule foreach --recursive sh -c "git config --local --name-only --get-regexp 'http\.https\:\/\/github\.com\/\.extraheader' && git config --local --unset-all 'http.https://github.com/.extraheader' || :"
handle-success	Checkout repository	2026-02-27T14:35:18.6262697Z [command]/usr/bin/git config --local --name-only --get-regexp ^includeIf\.gitdir:
handle-success	Checkout repository	2026-02-27T14:35:18.6426723Z [command]/usr/bin/git submodule foreach --recursive git config --local --show-origin --name-only --get-regexp remote.origin.url
handle-success	Checkout repository	2026-02-27T14:35:18.7068701Z [command]/usr/bin/git config --local http.https://github.com/.extraheader AUTHORIZATION: basic ***
handle-success	Checkout repository	2026-02-27T14:35:18.7190003Z ##[endgroup]
handle-success	Checkout repository	2026-02-27T14:35:18.7220083Z ##[group]Fetching the repository
handle-success	Checkout repository	2026-02-27T14:35:18.7238757Z [command]/usr/bin/git -c protocol.version=2 fetch --prune --no-recurse-submodules origin +refs/heads/*:refs/remotes/origin/* +refs/tags/*:refs/tags/*
handle-success	Checkout repository	2026-02-27T14:35:49.1716368Z From https://github.com/Ka0s-Klaus/ka0s
handle-success	Checkout repository	2026-02-27T14:35:49.1720681Z  * [new branch]          F3450-modelo-operativo -> origin/F3450-modelo-operativo
handle-success	Checkout repository	2026-02-27T14:35:49.1726119Z  * [new branch]          H1276-modulo-observabilidad -> origin/H1276-modulo-observabilidad
handle-success	Checkout repository	2026-02-27T14:35:49.1726782Z  * [new branch]          H3596-deploy-itop      -> origin/H3596-deploy-itop
handle-success	Checkout repository	2026-02-27T14:35:49.1727540Z  * [new branch]          H4170-flujo-detallado-zabbix---github -> origin/H4170-flujo-detallado-zabbix---github
handle-success	Checkout repository	2026-02-27T14:35:49.1728245Z  * [new branch]          H4191-request-cambios  -> origin/H4191-request-cambios
handle-success	Checkout repository	2026-02-27T14:35:49.1729038Z  * [new branch]          H4200-request-recomendaciones-de-auditoria -> origin/H4200-request-recomendaciones-de-auditoria
handle-success	Checkout repository	2026-02-27T14:35:49.1729737Z  * [new branch]          main                   -> origin/main
handle-success	Checkout repository	2026-02-27T14:35:49.1730162Z  * [new tag]             0.0.0                  -> 0.0.0
handle-success	Checkout repository	2026-02-27T14:35:49.1730592Z  * [new tag]             0.0.1                  -> 0.0.1
handle-success	Checkout repository	2026-02-27T14:35:49.1730992Z  * [new tag]             0.0.10                 -> 0.0.10
handle-success	Checkout repository	2026-02-27T14:35:49.1731401Z  * [new tag]             0.0.100                -> 0.0.100
handle-success	Checkout repository	2026-02-27T14:35:49.1731839Z  * [new tag]             0.0.101                -> 0.0.101
handle-success	Checkout repository	2026-02-27T14:35:49.1732234Z  * [new tag]             0.0.102                -> 0.0.102
handle-success	Checkout repository	2026-02-27T14:35:49.1732687Z  * [new tag]             0.0.103                -> 0.0.103
handle-success	Checkout repository	2026-02-27T14:35:49.1733127Z  * [new tag]             0.0.104                -> 0.0.104
handle-success	Checkout repository	2026-02-27T14:35:49.1733512Z  * [new tag]             0.0.105                -> 0.0.105
handle-success	Checkout repository	2026-02-27T14:35:49.1733908Z  * [new tag]             0.0.106                -> 0.0.106
handle-success	Checkout repository	2026-02-27T14:35:49.1734317Z  * [new tag]             0.0.107                -> 0.0.107
handle-success	Checkout repository	2026-02-27T14:35:49.1779633Z  * [new tag]             0.0.108                -> 0.0.108
handle-success	Checkout repository	2026-02-27T14:35:49.1780141Z  * [new tag]             0.0.109                -> 0.0.109
handle-success	Checkout repository	2026-02-27T14:35:49.1780544Z  * [new tag]             0.0.11                 -> 0.0.11
handle-success	Checkout repository	2026-02-27T14:35:49.1780935Z  * [new tag]             0.0.110                -> 0.0.110
handle-success	Checkout repository	2026-02-27T14:35:49.1781321Z  * [new tag]             0.0.111                -> 0.0.111
handle-success	Checkout repository	2026-02-27T14:35:49.1781731Z  * [new tag]             0.0.112                -> 0.0.112
handle-success	Checkout repository	2026-02-27T14:35:49.1782121Z  * [new tag]             0.0.113                -> 0.0.113
handle-success	Checkout repository	2026-02-27T14:35:49.1783046Z  * [new tag]             0.0.114                -> 0.0.114
handle-success	Checkout repository	2026-02-27T14:35:49.1783446Z  * [new tag]             0.0.115                -> 0.0.115
handle-success	Checkout repository	2026-02-27T14:35:49.1783831Z  * [new tag]             0.0.116                -> 0.0.116
handle-success	Checkout repository	2026-02-27T14:35:49.1784323Z  * [new tag]             0.0.117                -> 0.0.117
handle-success	Checkout repository	2026-02-27T14:35:49.1821640Z  * [new tag]             0.0.118                -> 0.0.118
handle-success	Checkout repository	2026-02-27T14:35:49.1822166Z  * [new tag]             0.0.119                -> 0.0.119
handle-success	Checkout repository	2026-02-27T14:35:49.1822566Z  * [new tag]             0.0.12                 -> 0.0.12
handle-success	Checkout repository	2026-02-27T14:35:49.1822954Z  * [new tag]             0.0.120                -> 0.0.120
handle-success	Checkout repository	2026-02-27T14:35:49.1823343Z  * [new tag]             0.0.121                -> 0.0.121
handle-success	Checkout repository	2026-02-27T14:35:49.1823728Z  * [new tag]             0.0.122                -> 0.0.122
handle-success	Checkout repository	2026-02-27T14:35:49.1824120Z  * [new tag]             0.0.123                -> 0.0.123
handle-success	Checkout repository	2026-02-27T14:35:49.1837505Z  * [new tag]             0.0.124                -> 0.0.124
handle-success	Checkout repository	2026-02-27T14:35:49.1837931Z  * [new tag]             0.0.125                -> 0.0.125
handle-success	Checkout repository	2026-02-27T14:35:49.1838326Z  * [new tag]             0.0.126                -> 0.0.126
handle-success	Checkout repository	2026-02-27T14:35:49.1838713Z  * [new tag]             0.0.127                -> 0.0.127
handle-success	Checkout repository	2026-02-27T14:35:49.1839101Z  * [new tag]             0.0.128                -> 0.0.128
handle-success	Checkout repository	2026-02-27T14:35:49.1839483Z  * [new tag]             0.0.129                -> 0.0.129
handle-success	Checkout repository	2026-02-27T14:35:49.1839873Z  * [new tag]             0.0.13                 -> 0.0.13
handle-success	Checkout repository	2026-02-27T14:35:49.1840260Z  * [new tag]             0.0.130                -> 0.0.130
handle-success	Checkout repository	2026-02-27T14:35:49.1840650Z  * [new tag]             0.0.131                -> 0.0.131
handle-success	Checkout repository	2026-02-27T14:35:49.1841040Z  * [new tag]             0.0.132                -> 0.0.132
handle-success	Checkout repository	2026-02-27T14:35:49.1841424Z  * [new tag]             0.0.133                -> 0.0.133
handle-success	Checkout repository	2026-02-27T14:35:49.1841810Z  * [new tag]             0.0.134                -> 0.0.134
handle-success	Checkout repository	2026-02-27T14:35:49.1842207Z  * [new tag]             0.0.135                -> 0.0.135
handle-success	Checkout repository	2026-02-27T14:35:49.1842605Z  * [new tag]             0.0.136                -> 0.0.136
handle-success	Checkout repository	2026-02-27T14:35:49.1842993Z  * [new tag]             0.0.137                -> 0.0.137
handle-success	Checkout repository	2026-02-27T14:35:49.1843384Z  * [new tag]             0.0.138                -> 0.0.138
handle-success	Checkout repository	2026-02-27T14:35:49.1843828Z  * [new tag]             0.0.139                -> 0.0.139
handle-success	Checkout repository	2026-02-27T14:35:49.1844218Z  * [new tag]             0.0.14                 -> 0.0.14
handle-success	Checkout repository	2026-02-27T14:35:49.1885089Z  * [new tag]             0.0.140                -> 0.0.140
handle-success	Checkout repository	2026-02-27T14:35:49.1885929Z  * [new tag]             0.0.141                -> 0.0.141
handle-success	Checkout repository	2026-02-27T14:35:49.1886353Z  * [new tag]             0.0.142                -> 0.0.142
handle-success	Checkout repository	2026-02-27T14:35:49.1886757Z  * [new tag]             0.0.143                -> 0.0.143
handle-success	Checkout repository	2026-02-27T14:35:49.1887154Z  * [new tag]             0.0.144                -> 0.0.144
handle-success	Checkout repository	2026-02-27T14:35:49.1887599Z  * [new tag]             0.0.145                -> 0.0.145
handle-success	Checkout repository	2026-02-27T14:35:49.1888018Z  * [new tag]             0.0.146                -> 0.0.146
handle-success	Checkout repository	2026-02-27T14:35:49.1888418Z  * [new tag]             0.0.147                -> 0.0.147
handle-success	Checkout repository	2026-02-27T14:35:49.1888810Z  * [new tag]             0.0.148                -> 0.0.148
handle-success	Checkout repository	2026-02-27T14:35:49.1889241Z  * [new tag]             0.0.149                -> 0.0.149
handle-success	Checkout repository	2026-02-27T14:35:49.1889796Z  * [new tag]             0.0.15                 -> 0.0.15
handle-success	Checkout repository	2026-02-27T14:35:49.1890496Z  * [new tag]             0.0.150                -> 0.0.150
handle-success	Checkout repository	2026-02-27T14:35:49.1891002Z  * [new tag]             0.0.151                -> 0.0.151
handle-success	Checkout repository	2026-02-27T14:35:49.1891473Z  * [new tag]             0.0.152                -> 0.0.152
handle-success	Checkout repository	2026-02-27T14:35:49.1891962Z  * [new tag]             0.0.153                -> 0.0.153
handle-success	Checkout repository	2026-02-27T14:35:49.1892465Z  * [new tag]             0.0.154                -> 0.0.154
handle-success	Checkout repository	2026-02-27T14:35:49.1892961Z  * [new tag]             0.0.155                -> 0.0.155
handle-success	Checkout repository	2026-02-27T14:35:49.1893538Z  * [new tag]             0.0.156                -> 0.0.156
handle-success	Checkout repository	2026-02-27T14:35:49.1895021Z  * [new tag]             0.0.157                -> 0.0.157
handle-success	Checkout repository	2026-02-27T14:35:49.1895443Z  * [new tag]             0.0.158                -> 0.0.158
handle-success	Checkout repository	2026-02-27T14:35:49.1895855Z  * [new tag]             0.0.159                -> 0.0.159
handle-success	Checkout repository	2026-02-27T14:35:49.1896266Z  * [new tag]             0.0.16                 -> 0.0.16
handle-success	Checkout repository	2026-02-27T14:35:49.1896672Z  * [new tag]             0.0.160                -> 0.0.160
handle-success	Checkout repository	2026-02-27T14:35:49.1897068Z  * [new tag]             0.0.161                -> 0.0.161
handle-success	Checkout repository	2026-02-27T14:35:49.1897471Z  * [new tag]             0.0.162                -> 0.0.162
handle-success	Checkout repository	2026-02-27T14:35:49.1897910Z  * [new tag]             0.0.163                -> 0.0.163
handle-success	Checkout repository	2026-02-27T14:35:49.1898311Z  * [new tag]             0.0.164                -> 0.0.164
handle-success	Checkout repository	2026-02-27T14:35:49.1898713Z  * [new tag]             0.0.165                -> 0.0.165
handle-success	Checkout repository	2026-02-27T14:35:49.1958415Z  * [new tag]             0.0.166                -> 0.0.166
handle-success	Checkout repository	2026-02-27T14:35:49.1959543Z  * [new tag]             0.0.167                -> 0.0.167
handle-success	Checkout repository	2026-02-27T14:35:49.1959953Z  * [new tag]             0.0.168                -> 0.0.168
handle-success	Checkout repository	2026-02-27T14:35:49.1960361Z  * [new tag]             0.0.169                -> 0.0.169
handle-success	Checkout repository	2026-02-27T14:35:49.1960763Z  * [new tag]             0.0.17                 -> 0.0.17
handle-success	Checkout repository	2026-02-27T14:35:49.1961159Z  * [new tag]             0.0.170                -> 0.0.170
handle-success	Checkout repository	2026-02-27T14:35:49.1961555Z  * [new tag]             0.0.171                -> 0.0.171
handle-success	Checkout repository	2026-02-27T14:35:49.1961948Z  * [new tag]             0.0.172                -> 0.0.172
handle-success	Checkout repository	2026-02-27T14:35:49.1962354Z  * [new tag]             0.0.173                -> 0.0.173
handle-success	Checkout repository	2026-02-27T14:35:49.1962748Z  * [new tag]             0.0.174                -> 0.0.174
handle-success	Checkout repository	2026-02-27T14:35:49.1963148Z  * [new tag]             0.0.175                -> 0.0.175
handle-success	Checkout repository	2026-02-27T14:35:49.1963547Z  * [new tag]             0.0.176                -> 0.0.176
handle-success	Checkout repository	2026-02-27T14:35:49.1963950Z  * [new tag]             0.0.177                -> 0.0.177
handle-success	Checkout repository	2026-02-27T14:35:49.1964352Z  * [new tag]             0.0.178                -> 0.0.178
handle-success	Checkout repository	2026-02-27T14:35:49.1964814Z  * [new tag]             0.0.179                -> 0.0.179
handle-success	Checkout repository	2026-02-27T14:35:49.1965220Z  * [new tag]             0.0.18                 -> 0.0.18
handle-success	Checkout repository	2026-02-27T14:35:49.1965613Z  * [new tag]             0.0.19                 -> 0.0.19
handle-success	Checkout repository	2026-02-27T14:35:49.2155797Z  * [new tag]             0.0.2                  -> 0.0.2
handle-success	Checkout repository	2026-02-27T14:35:49.2156361Z  * [new tag]             0.0.20                 -> 0.0.20
handle-success	Checkout repository	2026-02-27T14:35:49.2156770Z  * [new tag]             0.0.21                 -> 0.0.21
handle-success	Checkout repository	2026-02-27T14:35:49.2157170Z  * [new tag]             0.0.22                 -> 0.0.22
handle-success	Checkout repository	2026-02-27T14:35:49.2157562Z  * [new tag]             0.0.23                 -> 0.0.23
handle-success	Checkout repository	2026-02-27T14:35:49.2157958Z  * [new tag]             0.0.24                 -> 0.0.24
handle-success	Checkout repository	2026-02-27T14:35:49.2158350Z  * [new tag]             0.0.25                 -> 0.0.25
handle-success	Checkout repository	2026-02-27T14:35:49.2158790Z  * [new tag]             0.0.26                 -> 0.0.26
handle-success	Checkout repository	2026-02-27T14:35:49.2159204Z  * [new tag]             0.0.27                 -> 0.0.27
handle-success	Checkout repository	2026-02-27T14:35:49.2159601Z  * [new tag]             0.0.28                 -> 0.0.28
handle-success	Checkout repository	2026-02-27T14:35:49.2159997Z  * [new tag]             0.0.29                 -> 0.0.29
handle-success	Checkout repository	2026-02-27T14:35:49.2160394Z  * [new tag]             0.0.3                  -> 0.0.3
handle-success	Checkout repository	2026-02-27T14:35:49.2160789Z  * [new tag]             0.0.30                 -> 0.0.30
handle-success	Checkout repository	2026-02-27T14:35:49.2161178Z  * [new tag]             0.0.31                 -> 0.0.31
handle-success	Checkout repository	2026-02-27T14:35:49.2161574Z  * [new tag]             0.0.32                 -> 0.0.32
handle-success	Checkout repository	2026-02-27T14:35:49.2161962Z  * [new tag]             0.0.33                 -> 0.0.33
handle-success	Checkout repository	2026-02-27T14:35:49.2162361Z  * [new tag]             0.0.34                 -> 0.0.34
handle-success	Checkout repository	2026-02-27T14:35:49.2162757Z  * [new tag]             0.0.35                 -> 0.0.35
handle-success	Checkout repository	2026-02-27T14:35:49.2163150Z  * [new tag]             0.0.36                 -> 0.0.36
handle-success	Checkout repository	2026-02-27T14:35:49.2164080Z  * [new tag]             0.0.37                 -> 0.0.37
handle-success	Checkout repository	2026-02-27T14:35:49.2164475Z  * [new tag]             0.0.38                 -> 0.0.38
handle-success	Checkout repository	2026-02-27T14:35:49.2185443Z  * [new tag]             0.0.39                 -> 0.0.39
handle-success	Checkout repository	2026-02-27T14:35:49.2185952Z  * [new tag]             0.0.4                  -> 0.0.4
handle-success	Checkout repository	2026-02-27T14:35:49.2186361Z  * [new tag]             0.0.40                 -> 0.0.40
handle-success	Checkout repository	2026-02-27T14:35:49.2186761Z  * [new tag]             0.0.41                 -> 0.0.41
handle-success	Checkout repository	2026-02-27T14:35:49.2187153Z  * [new tag]             0.0.42                 -> 0.0.42
handle-success	Checkout repository	2026-02-27T14:35:49.2187562Z  * [new tag]             0.0.43                 -> 0.0.43
handle-success	Checkout repository	2026-02-27T14:35:49.2187993Z  * [new tag]             0.0.44                 -> 0.0.44
handle-success	Checkout repository	2026-02-27T14:35:49.2188434Z  * [new tag]             0.0.45                 -> 0.0.45
handle-success	Checkout repository	2026-02-27T14:35:49.2188845Z  * [new tag]             0.0.46                 -> 0.0.46
handle-success	Checkout repository	2026-02-27T14:35:49.2189274Z  * [new tag]             0.0.47                 -> 0.0.47
handle-success	Checkout repository	2026-02-27T14:35:49.2190283Z  * [new tag]             0.0.48                 -> 0.0.48
handle-success	Checkout repository	2026-02-27T14:35:49.2190720Z  * [new tag]             0.0.49                 -> 0.0.49
handle-success	Checkout repository	2026-02-27T14:35:49.2191131Z  * [new tag]             0.0.5                  -> 0.0.5
handle-success	Checkout repository	2026-02-27T14:35:49.2191521Z  * [new tag]             0.0.50                 -> 0.0.50
handle-success	Checkout repository	2026-02-27T14:35:49.2191916Z  * [new tag]             0.0.51                 -> 0.0.51
handle-success	Checkout repository	2026-02-27T14:35:49.2192307Z  * [new tag]             0.0.52                 -> 0.0.52
handle-success	Checkout repository	2026-02-27T14:35:49.2192703Z  * [new tag]             0.0.53                 -> 0.0.53
handle-success	Checkout repository	2026-02-27T14:35:49.2193095Z  * [new tag]             0.0.54                 -> 0.0.54
handle-success	Checkout repository	2026-02-27T14:35:49.2193484Z  * [new tag]             0.0.55                 -> 0.0.55
handle-success	Checkout repository	2026-02-27T14:35:49.2193881Z  * [new tag]             0.0.56                 -> 0.0.56
handle-success	Checkout repository	2026-02-27T14:35:49.2194272Z  * [new tag]             0.0.57                 -> 0.0.57
handle-success	Checkout repository	2026-02-27T14:35:49.2255477Z  * [new tag]             0.0.58                 -> 0.0.58
handle-success	Checkout repository	2026-02-27T14:35:49.2256050Z  * [new tag]             0.0.59                 -> 0.0.59
handle-success	Checkout repository	2026-02-27T14:35:49.2256447Z  * [new tag]             0.0.6                  -> 0.0.6
handle-success	Checkout repository	2026-02-27T14:35:49.2256823Z  * [new tag]             0.0.60                 -> 0.0.60
handle-success	Checkout repository	2026-02-27T14:35:49.2257201Z  * [new tag]             0.0.61                 -> 0.0.61
handle-success	Checkout repository	2026-02-27T14:35:49.2257581Z  * [new tag]             0.0.62                 -> 0.0.62
handle-success	Checkout repository	2026-02-27T14:35:49.2257959Z  * [new tag]             0.0.63                 -> 0.0.63
handle-success	Checkout repository	2026-02-27T14:35:49.2258333Z  * [new tag]             0.0.64                 -> 0.0.64
handle-success	Checkout repository	2026-02-27T14:35:49.2258707Z  * [new tag]             0.0.65                 -> 0.0.65
handle-success	Checkout repository	2026-02-27T14:35:49.2259080Z  * [new tag]             0.0.66                 -> 0.0.66
handle-success	Checkout repository	2026-02-27T14:35:49.2259600Z  * [new tag]             0.0.67                 -> 0.0.67
handle-success	Checkout repository	2026-02-27T14:35:49.2259991Z  * [new tag]             0.0.68                 -> 0.0.68
handle-success	Checkout repository	2026-02-27T14:35:49.2260505Z  * [new tag]             0.0.69                 -> 0.0.69
handle-success	Checkout repository	2026-02-27T14:35:49.2260890Z  * [new tag]             0.0.7                  -> 0.0.7
handle-success	Checkout repository	2026-02-27T14:35:49.2261267Z  * [new tag]             0.0.70                 -> 0.0.70
handle-success	Checkout repository	2026-02-27T14:35:49.2261645Z  * [new tag]             0.0.71                 -> 0.0.71
handle-success	Checkout repository	2026-02-27T14:35:49.2262186Z  * [new tag]             0.0.72                 -> 0.0.72
handle-success	Checkout repository	2026-02-27T14:35:49.2262569Z  * [new tag]             0.0.73                 -> 0.0.73
handle-success	Checkout repository	2026-02-27T14:35:49.2262941Z  * [new tag]             0.0.74                 -> 0.0.74
handle-success	Checkout repository	2026-02-27T14:35:49.2263445Z  * [new tag]             0.0.75                 -> 0.0.75
handle-success	Checkout repository	2026-02-27T14:35:49.2263831Z  * [new tag]             0.0.76                 -> 0.0.76
handle-success	Checkout repository	2026-02-27T14:35:49.2264220Z  * [new tag]             0.0.77                 -> 0.0.77
handle-success	Checkout repository	2026-02-27T14:35:49.2305445Z  * [new tag]             0.0.78                 -> 0.0.78
handle-success	Checkout repository	2026-02-27T14:35:49.2306190Z  * [new tag]             0.0.79                 -> 0.0.79
handle-success	Checkout repository	2026-02-27T14:35:49.2306698Z  * [new tag]             0.0.8                  -> 0.0.8
handle-success	Checkout repository	2026-02-27T14:35:49.2307715Z  * [new tag]             0.0.80                 -> 0.0.80
handle-success	Checkout repository	2026-02-27T14:35:49.2308143Z  * [new tag]             0.0.81                 -> 0.0.81
handle-success	Checkout repository	2026-02-27T14:35:49.2308607Z  * [new tag]             0.0.82                 -> 0.0.82
handle-success	Checkout repository	2026-02-27T14:35:49.2309037Z  * [new tag]             0.0.83                 -> 0.0.83
handle-success	Checkout repository	2026-02-27T14:35:49.2309415Z  * [new tag]             0.0.84                 -> 0.0.84
handle-success	Checkout repository	2026-02-27T14:35:49.2309795Z  * [new tag]             0.0.85                 -> 0.0.85
handle-success	Checkout repository	2026-02-27T14:35:49.2310192Z  * [new tag]             0.0.86                 -> 0.0.86
handle-success	Checkout repository	2026-02-27T14:35:49.2310595Z  * [new tag]             0.0.87                 -> 0.0.87
handle-success	Checkout repository	2026-02-27T14:35:49.2310972Z  * [new tag]             0.0.88                 -> 0.0.88
handle-success	Checkout repository	2026-02-27T14:35:49.2311388Z  * [new tag]             0.0.89                 -> 0.0.89
handle-success	Checkout repository	2026-02-27T14:35:49.2311808Z  * [new tag]             0.0.9                  -> 0.0.9
handle-success	Checkout repository	2026-02-27T14:35:49.2312598Z  * [new tag]             0.0.90                 -> 0.0.90
handle-success	Checkout repository	2026-02-27T14:35:49.2312990Z  * [new tag]             0.0.91                 -> 0.0.91
handle-success	Checkout repository	2026-02-27T14:35:49.2313385Z  * [new tag]             0.0.92                 -> 0.0.92
handle-success	Checkout repository	2026-02-27T14:35:49.2313762Z  * [new tag]             0.0.93                 -> 0.0.93
handle-success	Checkout repository	2026-02-27T14:35:49.2314134Z  * [new tag]             0.0.94                 -> 0.0.94
handle-success	Checkout repository	2026-02-27T14:35:49.2334957Z  * [new tag]             0.0.95                 -> 0.0.95
handle-success	Checkout repository	2026-02-27T14:35:49.2335893Z  * [new tag]             0.0.96                 -> 0.0.96
handle-success	Checkout repository	2026-02-27T14:35:49.2336312Z  * [new tag]             0.0.97                 -> 0.0.97
handle-success	Checkout repository	2026-02-27T14:35:49.2336714Z  * [new tag]             0.0.98                 -> 0.0.98
handle-success	Checkout repository	2026-02-27T14:35:49.2337116Z  * [new tag]             0.0.99                 -> 0.0.99
handle-success	Checkout repository	2026-02-27T14:35:49.2337507Z  * [new tag]             0.1.0                  -> 0.1.0
handle-success	Checkout repository	2026-02-27T14:35:49.2337895Z  * [new tag]             0.1.1                  -> 0.1.1
handle-success	Checkout repository	2026-02-27T14:35:49.2338344Z  * [new tag]             0.2.0                  -> 0.2.0
handle-success	Checkout repository	2026-02-27T14:35:49.2338751Z  * [new tag]             0.3.0                  -> 0.3.0
handle-success	Checkout repository	2026-02-27T14:35:49.2339148Z  * [new tag]             0.3.1                  -> 0.3.1
handle-success	Checkout repository	2026-02-27T14:35:49.2339577Z  * [new tag]             0.3.10                 -> 0.3.10
handle-success	Checkout repository	2026-02-27T14:35:49.2339996Z  * [new tag]             0.3.11                 -> 0.3.11
handle-success	Checkout repository	2026-02-27T14:35:49.2340406Z  * [new tag]             0.3.12                 -> 0.3.12
handle-success	Checkout repository	2026-02-27T14:35:49.2340811Z  * [new tag]             0.3.13                 -> 0.3.13
handle-success	Checkout repository	2026-02-27T14:35:49.2341214Z  * [new tag]             0.3.14                 -> 0.3.14
handle-success	Checkout repository	2026-02-27T14:35:49.2341625Z  * [new tag]             0.3.15                 -> 0.3.15
handle-success	Checkout repository	2026-02-27T14:35:49.2342028Z  * [new tag]             0.3.16                 -> 0.3.16
handle-success	Checkout repository	2026-02-27T14:35:49.2342424Z  * [new tag]             0.3.17                 -> 0.3.17
handle-success	Checkout repository	2026-02-27T14:35:49.2342825Z  * [new tag]             0.3.2                  -> 0.3.2
handle-success	Checkout repository	2026-02-27T14:35:49.2343221Z  * [new tag]             0.3.3                  -> 0.3.3
handle-success	Checkout repository	2026-02-27T14:35:49.2343609Z  * [new tag]             0.3.4                  -> 0.3.4
handle-success	Checkout repository	2026-02-27T14:35:49.2343990Z  * [new tag]             0.3.5                  -> 0.3.5
handle-success	Checkout repository	2026-02-27T14:35:49.2344378Z  * [new tag]             0.3.6                  -> 0.3.6
handle-success	Checkout repository	2026-02-27T14:35:49.2365377Z  * [new tag]             0.3.7                  -> 0.3.7
handle-success	Checkout repository	2026-02-27T14:35:49.2365850Z  * [new tag]             0.3.8                  -> 0.3.8
handle-success	Checkout repository	2026-02-27T14:35:49.2366241Z  * [new tag]             0.3.9                  -> 0.3.9
handle-success	Checkout repository	2026-02-27T14:35:49.2366639Z  * [new tag]             0.4.0                  -> 0.4.0
handle-success	Checkout repository	2026-02-27T14:35:49.2367026Z  * [new tag]             0.4.1                  -> 0.4.1
handle-success	Checkout repository	2026-02-27T14:35:49.2367406Z  * [new tag]             0.4.2                  -> 0.4.2
handle-success	Checkout repository	2026-02-27T14:35:49.2367792Z  * [new tag]             0.4.3                  -> 0.4.3
handle-success	Checkout repository	2026-02-27T14:35:49.2368198Z  * [new tag]             0.4.4                  -> 0.4.4
handle-success	Checkout repository	2026-02-27T14:35:49.2368879Z  * [new tag]             0.4.5                  -> 0.4.5
handle-success	Checkout repository	2026-02-27T14:35:49.2369266Z  * [new tag]             0.4.6                  -> 0.4.6
handle-success	Checkout repository	2026-02-27T14:35:49.2369646Z  * [new tag]             0.4.7                  -> 0.4.7
handle-success	Checkout repository	2026-02-27T14:35:49.2370030Z  * [new tag]             0.4.8                  -> 0.4.8
handle-success	Checkout repository	2026-02-27T14:35:49.2370409Z  * [new tag]             0.4.9                  -> 0.4.9
handle-success	Checkout repository	2026-02-27T14:35:49.2370793Z  * [new tag]             0.5.0                  -> 0.5.0
handle-success	Checkout repository	2026-02-27T14:35:49.2371171Z  * [new tag]             0.5.1                  -> 0.5.1
handle-success	Checkout repository	2026-02-27T14:35:49.2371555Z  * [new tag]             0.5.2                  -> 0.5.2
handle-success	Checkout repository	2026-02-27T14:35:49.2371943Z  * [new tag]             0.6.0                  -> 0.6.0
handle-success	Checkout repository	2026-02-27T14:35:49.2372324Z  * [new tag]             0.6.1                  -> 0.6.1
handle-success	Checkout repository	2026-02-27T14:35:49.2372711Z  * [new tag]             0.6.2                  -> 0.6.2
handle-success	Checkout repository	2026-02-27T14:35:49.2373349Z  * [new tag]             0.6.3                  -> 0.6.3
handle-success	Checkout repository	2026-02-27T14:35:49.2373745Z  * [new tag]             0.6.4                  -> 0.6.4
handle-success	Checkout repository	2026-02-27T14:35:49.2374124Z  * [new tag]             0.6.5                  -> 0.6.5
handle-success	Checkout repository	2026-02-27T14:35:49.2374815Z  * [new tag]             0.6.6                  -> 0.6.6
handle-success	Checkout repository	2026-02-27T14:35:49.2702817Z [command]/usr/bin/git branch --list --remote origin/main
handle-success	Checkout repository	2026-02-27T14:35:49.2795440Z   origin/main
handle-success	Checkout repository	2026-02-27T14:35:49.2819124Z [command]/usr/bin/git rev-parse refs/remotes/origin/main
handle-success	Checkout repository	2026-02-27T14:35:49.2886717Z d6b0227b4b33edd14f6cbbcb23c7df0908c3cdf9
handle-success	Checkout repository	2026-02-27T14:35:49.2916562Z [command]/usr/bin/git -c protocol.version=2 fetch --no-tags --prune --no-recurse-submodules origin +af443de2489f171f229873419ece7320678d8577:refs/remotes/origin/main
handle-success	Checkout repository	2026-02-27T14:35:49.3127528Z From https://github.com/Ka0s-Klaus/ka0s
handle-success	Checkout repository	2026-02-27T14:35:49.3128645Z  + d6b0227b4...af443de24 af443de2489f171f229873419ece7320678d8577 -> origin/main  (forced update)
handle-success	Checkout repository	2026-02-27T14:35:49.3185818Z ##[endgroup]
handle-success	Checkout repository	2026-02-27T14:35:49.3186579Z ##[group]Determining the checkout info
handle-success	Checkout repository	2026-02-27T14:35:49.3188131Z ##[endgroup]
handle-success	Checkout repository	2026-02-27T14:35:49.3197403Z [command]/usr/bin/git sparse-checkout disable
handle-success	Checkout repository	2026-02-27T14:35:49.3279288Z [command]/usr/bin/git config --local --unset-all extensions.worktreeConfig
handle-success	Checkout repository	2026-02-27T14:35:49.3354043Z ##[group]Checking out the ref
handle-success	Checkout repository	2026-02-27T14:35:49.3362719Z [command]/usr/bin/git checkout --progress --force -B main refs/remotes/origin/main
handle-success	Checkout repository	2026-02-27T14:35:49.6416953Z Switched to a new branch 'main'
handle-success	Checkout repository	2026-02-27T14:35:49.6453417Z branch 'main' set up to track 'origin/main'.
handle-success	Checkout repository	2026-02-27T14:35:49.6517008Z ##[endgroup]
handle-success	Checkout repository	2026-02-27T14:35:49.6699460Z [command]/usr/bin/git log -1 --format=%H
handle-success	Checkout repository	2026-02-27T14:35:49.6775875Z af443de2489f171f229873419ece7320678d8577
handle-success	Success notification	ï»¿2026-02-27T14:35:49.7269083Z ##[group]Run echo "Cluster status audit completed successfully for run 22490407703."
handle-success	Success notification	2026-02-27T14:35:49.7269737Z [36;1mecho "Cluster status audit completed successfully for run 22490407703."[0m
handle-success	Success notification	2026-02-27T14:35:49.7293170Z shell: /usr/bin/bash -e {0}
handle-success	Success notification	2026-02-27T14:35:49.7293451Z env:
handle-success	Success notification	2026-02-27T14:35:49.7293661Z   KAOS_MODULE: [Ka0s] Audit Cluster Status
handle-success	Success notification	2026-02-27T14:35:49.7293929Z   KAOS_CODE: 22490407703
handle-success	Success notification	2026-02-27T14:35:49.7294486Z   GH_TOKEN: ***
handle-success	Success notification	2026-02-27T14:35:49.7294844Z ##[endgroup]
handle-success	Success notification	2026-02-27T14:35:49.7401892Z Cluster status audit completed successfully for run 22490407703.
handle-success	Post Checkout repository	ï»¿2026-02-27T14:35:49.7860293Z Post job cleanup.
handle-success	Post Checkout repository	2026-02-27T14:35:49.9168031Z [command]/usr/bin/git version
handle-success	Post Checkout repository	2026-02-27T14:35:49.9225890Z git version 2.53.0
handle-success	Post Checkout repository	2026-02-27T14:35:49.9297972Z Temporarily overriding HOME='/home/runner/_work/_temp/97cf4480-3f89-4384-8c0f-38b479ea5bc4' before making global git config changes
handle-success	Post Checkout repository	2026-02-27T14:35:49.9298936Z Adding repository directory to the temporary git global config as a safe directory
handle-success	Post Checkout repository	2026-02-27T14:35:49.9299557Z [command]/usr/bin/git config --global --add safe.directory /home/runner/_work/ka0s/ka0s
handle-success	Post Checkout repository	2026-02-27T14:35:49.9350948Z [command]/usr/bin/git config --local --name-only --get-regexp core\.sshCommand
handle-success	Post Checkout repository	2026-02-27T14:35:49.9430476Z [command]/usr/bin/git submodule foreach --recursive sh -c "git config --local --name-only --get-regexp 'core\.sshCommand' && git config --local --unset-all 'core.sshCommand' || :"
handle-success	Post Checkout repository	2026-02-27T14:35:49.9896337Z [command]/usr/bin/git config --local --name-only --get-regexp http\.https\:\/\/github\.com\/\.extraheader
handle-success	Post Checkout repository	2026-02-27T14:35:49.9945376Z http.https://github.com/.extraheader
handle-success	Post Checkout repository	2026-02-27T14:35:49.9959175Z [command]/usr/bin/git config --local --unset-all http.https://github.com/.extraheader
handle-success	Post Checkout repository	2026-02-27T14:35:50.0038525Z [command]/usr/bin/git submodule foreach --recursive sh -c "git config --local --name-only --get-regexp 'http\.https\:\/\/github\.com\/\.extraheader' && git config --local --unset-all 'http.https://github.com/.extraheader' || :"
handle-success	Post Checkout repository	2026-02-27T14:35:50.1355067Z [command]/usr/bin/git config --local --name-only --get-regexp ^includeIf\.gitdir:
handle-success	Post Checkout repository	2026-02-27T14:35:50.1632846Z [command]/usr/bin/git submodule foreach --recursive git config --local --show-origin --name-only --get-regexp remote.origin.url
handle-success	Complete job	ï»¿2026-02-27T14:35:50.2951460Z Cleaning up orphan processes
end-workflow	Set up job	ï»¿2026-02-27T14:36:02.3576196Z Current runner version: '2.332.0'
end-workflow	Set up job	2026-02-27T14:36:02.3586640Z Runner name: 'swarm-runners-scaleset-hkss5-runner-qnx25'
end-workflow	Set up job	2026-02-27T14:36:02.3587636Z Runner group name: 'Default'
end-workflow	Set up job	2026-02-27T14:36:02.3588743Z Machine name: 'swarm-runners-scaleset-hkss5-runner-qnx25'
end-workflow	Set up job	2026-02-27T14:36:02.3593411Z ##[group]GITHUB_TOKEN Permissions
end-workflow	Set up job	2026-02-27T14:36:02.3596460Z Actions: write
end-workflow	Set up job	2026-02-27T14:36:02.3597077Z Contents: write
end-workflow	Set up job	2026-02-27T14:36:02.3597678Z Issues: write
end-workflow	Set up job	2026-02-27T14:36:02.3598217Z Metadata: read
end-workflow	Set up job	2026-02-27T14:36:02.3598886Z ##[endgroup]
end-workflow	Set up job	2026-02-27T14:36:02.3601156Z Secret source: Actions
end-workflow	Set up job	2026-02-27T14:36:02.3601949Z Prepare workflow directory
end-workflow	Set up job	2026-02-27T14:36:02.4157182Z Prepare all required actions
end-workflow	Set up job	2026-02-27T14:36:02.4203926Z Getting action download info
end-workflow	Set up job	2026-02-27T14:36:03.0479691Z Download action repository 'actions/checkout@v4' (SHA:34e114876b0b11c390a56381ad16ebd13914f8d5)
end-workflow	Set up job	2026-02-27T14:36:04.0365176Z Complete job name: end-workflow
end-workflow	Checkout repository	ï»¿2026-02-27T14:36:04.1547417Z ##[group]Run actions/checkout@v4
end-workflow	Checkout repository	2026-02-27T14:36:04.1549775Z with:
end-workflow	Checkout repository	2026-02-27T14:36:04.1550319Z   fetch-depth: 0
end-workflow	Checkout repository	2026-02-27T14:36:04.1550800Z   repository: Ka0s-Klaus/ka0s
end-workflow	Checkout repository	2026-02-27T14:36:04.1552133Z   token: ***
end-workflow	Checkout repository	2026-02-27T14:36:04.1552624Z   ssh-strict: true
end-workflow	Checkout repository	2026-02-27T14:36:04.1553064Z   ssh-user: git
end-workflow	Checkout repository	2026-02-27T14:36:04.1553520Z   persist-credentials: true
end-workflow	Checkout repository	2026-02-27T14:36:04.1554015Z   clean: true
end-workflow	Checkout repository	2026-02-27T14:36:04.1554473Z   sparse-checkout-cone-mode: true
end-workflow	Checkout repository	2026-02-27T14:36:04.1555271Z   fetch-tags: false
end-workflow	Checkout repository	2026-02-27T14:36:04.1555729Z   show-progress: true
end-workflow	Checkout repository	2026-02-27T14:36:04.1556189Z   lfs: false
end-workflow	Checkout repository	2026-02-27T14:36:04.1556631Z   submodules: false
end-workflow	Checkout repository	2026-02-27T14:36:04.1557085Z   set-safe-directory: true
end-workflow	Checkout repository	2026-02-27T14:36:04.1557891Z env:
end-workflow	Checkout repository	2026-02-27T14:36:04.1558355Z   KAOS_MODULE: [Ka0s] Audit Cluster Status
end-workflow	Checkout repository	2026-02-27T14:36:04.1558946Z   KAOS_CODE: 22490407703
end-workflow	Checkout repository	2026-02-27T14:36:04.1559423Z ##[endgroup]
end-workflow	Checkout repository	2026-02-27T14:36:04.4078297Z Syncing repository: Ka0s-Klaus/ka0s
end-workflow	Checkout repository	2026-02-27T14:36:04.4080555Z ##[group]Getting Git version info
end-workflow	Checkout repository	2026-02-27T14:36:04.4081407Z Working directory is '/home/runner/_work/ka0s/ka0s'
end-workflow	Checkout repository	2026-02-27T14:36:04.4082448Z [command]/usr/bin/git version
end-workflow	Checkout repository	2026-02-27T14:36:04.4082985Z git version 2.53.0
end-workflow	Checkout repository	2026-02-27T14:36:04.4095006Z ##[endgroup]
end-workflow	Checkout repository	2026-02-27T14:36:04.4118326Z Temporarily overriding HOME='/home/runner/_work/_temp/d95732fc-7e26-481a-b58d-6370b8d5fb0f' before making global git config changes
end-workflow	Checkout repository	2026-02-27T14:36:04.4119875Z Adding repository directory to the temporary git global config as a safe directory
end-workflow	Checkout repository	2026-02-27T14:36:04.4121060Z [command]/usr/bin/git config --global --add safe.directory /home/runner/_work/ka0s/ka0s
end-workflow	Checkout repository	2026-02-27T14:36:04.4123143Z Deleting the contents of '/home/runner/_work/ka0s/ka0s'
end-workflow	Checkout repository	2026-02-27T14:36:04.4124246Z ##[group]Initializing the repository
end-workflow	Checkout repository	2026-02-27T14:36:04.4138423Z [command]/usr/bin/git init /home/runner/_work/ka0s/ka0s
end-workflow	Checkout repository	2026-02-27T14:36:04.4139904Z hint: Using 'master' as the name for the initial branch. This default branch name
end-workflow	Checkout repository	2026-02-27T14:36:04.4140986Z hint: will change to "main" in Git 3.0. To configure the initial branch name
end-workflow	Checkout repository	2026-02-27T14:36:04.4142045Z hint: to use in all of your new repositories, which will suppress this warning,
end-workflow	Checkout repository	2026-02-27T14:36:04.4142831Z hint: call:
end-workflow	Checkout repository	2026-02-27T14:36:04.4155058Z hint:
end-workflow	Checkout repository	2026-02-27T14:36:04.4155737Z hint: 	git config --global init.defaultBranch <name>
end-workflow	Checkout repository	2026-02-27T14:36:04.4156508Z hint:
end-workflow	Checkout repository	2026-02-27T14:36:04.4157115Z hint: Names commonly chosen instead of 'master' are 'main', 'trunk' and
end-workflow	Checkout repository	2026-02-27T14:36:04.4158113Z hint: 'development'. The just-created branch can be renamed via this command:
end-workflow	Checkout repository	2026-02-27T14:36:04.4158893Z hint:
end-workflow	Checkout repository	2026-02-27T14:36:04.4159316Z hint: 	git branch -m <name>
end-workflow	Checkout repository	2026-02-27T14:36:04.4159804Z hint:
end-workflow	Checkout repository	2026-02-27T14:36:04.4163384Z hint: Disable this message with "git config set advice.defaultBranchName false"
end-workflow	Checkout repository	2026-02-27T14:36:04.4189244Z Initialized empty Git repository in /home/runner/_work/ka0s/ka0s/.git/
end-workflow	Checkout repository	2026-02-27T14:36:04.4191767Z [command]/usr/bin/git remote add origin https://github.com/Ka0s-Klaus/ka0s
end-workflow	Checkout repository	2026-02-27T14:36:04.4193501Z ##[endgroup]
end-workflow	Checkout repository	2026-02-27T14:36:04.4225947Z ##[group]Disabling automatic garbage collection
end-workflow	Checkout repository	2026-02-27T14:36:04.4226805Z [command]/usr/bin/git config --local gc.auto 0
end-workflow	Checkout repository	2026-02-27T14:36:04.4228314Z ##[endgroup]
end-workflow	Checkout repository	2026-02-27T14:36:04.4229033Z ##[group]Setting up auth
end-workflow	Checkout repository	2026-02-27T14:36:04.4229782Z [command]/usr/bin/git config --local --name-only --get-regexp core\.sshCommand
end-workflow	Checkout repository	2026-02-27T14:36:04.4232174Z [command]/usr/bin/git submodule foreach --recursive sh -c "git config --local --name-only --get-regexp 'core\.sshCommand' && git config --local --unset-all 'core.sshCommand' || :"
end-workflow	Checkout repository	2026-02-27T14:36:04.4584364Z [command]/usr/bin/git config --local --name-only --get-regexp http\.https\:\/\/github\.com\/\.extraheader
end-workflow	Checkout repository	2026-02-27T14:36:04.4731089Z [command]/usr/bin/git submodule foreach --recursive sh -c "git config --local --name-only --get-regexp 'http\.https\:\/\/github\.com\/\.extraheader' && git config --local --unset-all 'http.https://github.com/.extraheader' || :"
end-workflow	Checkout repository	2026-02-27T14:36:04.5766814Z [command]/usr/bin/git config --local --name-only --get-regexp ^includeIf\.gitdir:
end-workflow	Checkout repository	2026-02-27T14:36:04.5939177Z [command]/usr/bin/git submodule foreach --recursive git config --local --show-origin --name-only --get-regexp remote.origin.url
end-workflow	Checkout repository	2026-02-27T14:36:04.6577033Z [command]/usr/bin/git config --local http.https://github.com/.extraheader AUTHORIZATION: basic ***
end-workflow	Checkout repository	2026-02-27T14:36:04.6709447Z ##[endgroup]
end-workflow	Checkout repository	2026-02-27T14:36:04.6712262Z ##[group]Fetching the repository
end-workflow	Checkout repository	2026-02-27T14:36:04.6715734Z [command]/usr/bin/git -c protocol.version=2 fetch --prune --no-recurse-submodules origin +refs/heads/*:refs/remotes/origin/* +refs/tags/*:refs/tags/*
end-workflow	Checkout repository	2026-02-27T14:36:38.4465703Z From https://github.com/Ka0s-Klaus/ka0s
end-workflow	Checkout repository	2026-02-27T14:36:38.4466588Z  * [new branch]          F3450-modelo-operativo -> origin/F3450-modelo-operativo
end-workflow	Checkout repository	2026-02-27T14:36:38.4467255Z  * [new branch]          H1276-modulo-observabilidad -> origin/H1276-modulo-observabilidad
end-workflow	Checkout repository	2026-02-27T14:36:38.4467888Z  * [new branch]          H3596-deploy-itop      -> origin/H3596-deploy-itop
end-workflow	Checkout repository	2026-02-27T14:36:38.4468659Z  * [new branch]          H4170-flujo-detallado-zabbix---github -> origin/H4170-flujo-detallado-zabbix---github
end-workflow	Checkout repository	2026-02-27T14:36:38.4469465Z  * [new branch]          H4191-request-cambios  -> origin/H4191-request-cambios
end-workflow	Checkout repository	2026-02-27T14:36:38.4470387Z  * [new branch]          H4200-request-recomendaciones-de-auditoria -> origin/H4200-request-recomendaciones-de-auditoria
end-workflow	Checkout repository	2026-02-27T14:36:38.4471290Z  * [new branch]          main                   -> origin/main
end-workflow	Checkout repository	2026-02-27T14:36:38.4471751Z  * [new tag]             0.0.0                  -> 0.0.0
end-workflow	Checkout repository	2026-02-27T14:36:38.4472193Z  * [new tag]             0.0.1                  -> 0.0.1
end-workflow	Checkout repository	2026-02-27T14:36:38.4472593Z  * [new tag]             0.0.10                 -> 0.0.10
end-workflow	Checkout repository	2026-02-27T14:36:38.4473014Z  * [new tag]             0.0.100                -> 0.0.100
end-workflow	Checkout repository	2026-02-27T14:36:38.4473478Z  * [new tag]             0.0.101                -> 0.0.101
end-workflow	Checkout repository	2026-02-27T14:36:38.4473880Z  * [new tag]             0.0.102                -> 0.0.102
end-workflow	Checkout repository	2026-02-27T14:36:38.4474330Z  * [new tag]             0.0.103                -> 0.0.103
end-workflow	Checkout repository	2026-02-27T14:36:38.4497994Z  * [new tag]             0.0.104                -> 0.0.104
end-workflow	Checkout repository	2026-02-27T14:36:38.4498512Z  * [new tag]             0.0.105                -> 0.0.105
end-workflow	Checkout repository	2026-02-27T14:36:38.4498917Z  * [new tag]             0.0.106                -> 0.0.106
end-workflow	Checkout repository	2026-02-27T14:36:38.4499353Z  * [new tag]             0.0.107                -> 0.0.107
end-workflow	Checkout repository	2026-02-27T14:36:38.4499754Z  * [new tag]             0.0.108                -> 0.0.108
end-workflow	Checkout repository	2026-02-27T14:36:38.4500183Z  * [new tag]             0.0.109                -> 0.0.109
end-workflow	Checkout repository	2026-02-27T14:36:38.4500655Z  * [new tag]             0.0.11                 -> 0.0.11
end-workflow	Checkout repository	2026-02-27T14:36:38.4501135Z  * [new tag]             0.0.110                -> 0.0.110
end-workflow	Checkout repository	2026-02-27T14:36:38.4501537Z  * [new tag]             0.0.111                -> 0.0.111
end-workflow	Checkout repository	2026-02-27T14:36:38.4501932Z  * [new tag]             0.0.112                -> 0.0.112
end-workflow	Checkout repository	2026-02-27T14:36:38.4502331Z  * [new tag]             0.0.113                -> 0.0.113
end-workflow	Checkout repository	2026-02-27T14:36:38.4503406Z  * [new tag]             0.0.114                -> 0.0.114
end-workflow	Checkout repository	2026-02-27T14:36:38.4503822Z  * [new tag]             0.0.115                -> 0.0.115
end-workflow	Checkout repository	2026-02-27T14:36:38.4504226Z  * [new tag]             0.0.116                -> 0.0.116
end-workflow	Checkout repository	2026-02-27T14:36:38.4519517Z  * [new tag]             0.0.117                -> 0.0.117
end-workflow	Checkout repository	2026-02-27T14:36:38.4520040Z  * [new tag]             0.0.118                -> 0.0.118
end-workflow	Checkout repository	2026-02-27T14:36:38.4520445Z  * [new tag]             0.0.119                -> 0.0.119
end-workflow	Checkout repository	2026-02-27T14:36:38.4520851Z  * [new tag]             0.0.12                 -> 0.0.12
end-workflow	Checkout repository	2026-02-27T14:36:38.4521248Z  * [new tag]             0.0.120                -> 0.0.120
end-workflow	Checkout repository	2026-02-27T14:36:38.4521768Z  * [new tag]             0.0.121                -> 0.0.121
end-workflow	Checkout repository	2026-02-27T14:36:38.4522169Z  * [new tag]             0.0.122                -> 0.0.122
end-workflow	Checkout repository	2026-02-27T14:36:38.4522572Z  * [new tag]             0.0.123                -> 0.0.123
end-workflow	Checkout repository	2026-02-27T14:36:38.4523422Z  * [new tag]             0.0.124                -> 0.0.124
end-workflow	Checkout repository	2026-02-27T14:36:38.4523846Z  * [new tag]             0.0.125                -> 0.0.125
end-workflow	Checkout repository	2026-02-27T14:36:38.4524290Z  * [new tag]             0.0.126                -> 0.0.126
end-workflow	Checkout repository	2026-02-27T14:36:38.4529692Z  * [new tag]             0.0.127                -> 0.0.127
end-workflow	Checkout repository	2026-02-27T14:36:38.4530137Z  * [new tag]             0.0.128                -> 0.0.128
end-workflow	Checkout repository	2026-02-27T14:36:38.4530538Z  * [new tag]             0.0.129                -> 0.0.129
end-workflow	Checkout repository	2026-02-27T14:36:38.4530936Z  * [new tag]             0.0.13                 -> 0.0.13
end-workflow	Checkout repository	2026-02-27T14:36:38.4531338Z  * [new tag]             0.0.130                -> 0.0.130
end-workflow	Checkout repository	2026-02-27T14:36:38.4531730Z  * [new tag]             0.0.131                -> 0.0.131
end-workflow	Checkout repository	2026-02-27T14:36:38.4532127Z  * [new tag]             0.0.132                -> 0.0.132
end-workflow	Checkout repository	2026-02-27T14:36:38.4532526Z  * [new tag]             0.0.133                -> 0.0.133
end-workflow	Checkout repository	2026-02-27T14:36:38.4532920Z  * [new tag]             0.0.134                -> 0.0.134
end-workflow	Checkout repository	2026-02-27T14:36:38.4533347Z  * [new tag]             0.0.135                -> 0.0.135
end-workflow	Checkout repository	2026-02-27T14:36:38.4533743Z  * [new tag]             0.0.136                -> 0.0.136
end-workflow	Checkout repository	2026-02-27T14:36:38.4534140Z  * [new tag]             0.0.137                -> 0.0.137
end-workflow	Checkout repository	2026-02-27T14:36:38.4546696Z  * [new tag]             0.0.138                -> 0.0.138
end-workflow	Checkout repository	2026-02-27T14:36:38.4547277Z  * [new tag]             0.0.139                -> 0.0.139
end-workflow	Checkout repository	2026-02-27T14:36:38.4547698Z  * [new tag]             0.0.14                 -> 0.0.14
end-workflow	Checkout repository	2026-02-27T14:36:38.4548102Z  * [new tag]             0.0.140                -> 0.0.140
end-workflow	Checkout repository	2026-02-27T14:36:38.4548504Z  * [new tag]             0.0.141                -> 0.0.141
end-workflow	Checkout repository	2026-02-27T14:36:38.4548903Z  * [new tag]             0.0.142                -> 0.0.142
end-workflow	Checkout repository	2026-02-27T14:36:38.4549302Z  * [new tag]             0.0.143                -> 0.0.143
end-workflow	Checkout repository	2026-02-27T14:36:38.4549696Z  * [new tag]             0.0.144                -> 0.0.144
end-workflow	Checkout repository	2026-02-27T14:36:38.4554897Z  * [new tag]             0.0.145                -> 0.0.145
end-workflow	Checkout repository	2026-02-27T14:36:38.4555349Z  * [new tag]             0.0.146                -> 0.0.146
end-workflow	Checkout repository	2026-02-27T14:36:38.4555745Z  * [new tag]             0.0.147                -> 0.0.147
end-workflow	Checkout repository	2026-02-27T14:36:38.4556139Z  * [new tag]             0.0.148                -> 0.0.148
end-workflow	Checkout repository	2026-02-27T14:36:38.4556537Z  * [new tag]             0.0.149                -> 0.0.149
end-workflow	Checkout repository	2026-02-27T14:36:38.4556961Z  * [new tag]             0.0.15                 -> 0.0.15
end-workflow	Checkout repository	2026-02-27T14:36:38.4557470Z  * [new tag]             0.0.150                -> 0.0.150
end-workflow	Checkout repository	2026-02-27T14:36:38.4557869Z  * [new tag]             0.0.151                -> 0.0.151
end-workflow	Checkout repository	2026-02-27T14:36:38.4558269Z  * [new tag]             0.0.152                -> 0.0.152
end-workflow	Checkout repository	2026-02-27T14:36:38.4558672Z  * [new tag]             0.0.153                -> 0.0.153
end-workflow	Checkout repository	2026-02-27T14:36:38.4559080Z  * [new tag]             0.0.154                -> 0.0.154
end-workflow	Checkout repository	2026-02-27T14:36:38.4559490Z  * [new tag]             0.0.155                -> 0.0.155
end-workflow	Checkout repository	2026-02-27T14:36:38.4559911Z  * [new tag]             0.0.156                -> 0.0.156
end-workflow	Checkout repository	2026-02-27T14:36:38.4560688Z  * [new tag]             0.0.157                -> 0.0.157
end-workflow	Checkout repository	2026-02-27T14:36:38.4561097Z  * [new tag]             0.0.158                -> 0.0.158
end-workflow	Checkout repository	2026-02-27T14:36:38.4561505Z  * [new tag]             0.0.159                -> 0.0.159
end-workflow	Checkout repository	2026-02-27T14:36:38.4561913Z  * [new tag]             0.0.16                 -> 0.0.16
end-workflow	Checkout repository	2026-02-27T14:36:38.4562321Z  * [new tag]             0.0.160                -> 0.0.160
end-workflow	Checkout repository	2026-02-27T14:36:38.4562726Z  * [new tag]             0.0.161                -> 0.0.161
end-workflow	Checkout repository	2026-02-27T14:36:38.4563134Z  * [new tag]             0.0.162                -> 0.0.162
end-workflow	Checkout repository	2026-02-27T14:36:38.4563565Z  * [new tag]             0.0.163                -> 0.0.163
end-workflow	Checkout repository	2026-02-27T14:36:38.4563968Z  * [new tag]             0.0.164                -> 0.0.164
end-workflow	Checkout repository	2026-02-27T14:36:38.4564380Z  * [new tag]             0.0.165                -> 0.0.165
end-workflow	Checkout repository	2026-02-27T14:36:38.4613976Z  * [new tag]             0.0.166                -> 0.0.166
end-workflow	Checkout repository	2026-02-27T14:36:38.4615090Z  * [new tag]             0.0.167                -> 0.0.167
end-workflow	Checkout repository	2026-02-27T14:36:38.4615510Z  * [new tag]             0.0.168                -> 0.0.168
end-workflow	Checkout repository	2026-02-27T14:36:38.4615925Z  * [new tag]             0.0.169                -> 0.0.169
end-workflow	Checkout repository	2026-02-27T14:36:38.4616341Z  * [new tag]             0.0.17                 -> 0.0.17
end-workflow	Checkout repository	2026-02-27T14:36:38.4616749Z  * [new tag]             0.0.170                -> 0.0.170
end-workflow	Checkout repository	2026-02-27T14:36:38.4617158Z  * [new tag]             0.0.171                -> 0.0.171
end-workflow	Checkout repository	2026-02-27T14:36:38.4686334Z  * [new tag]             0.0.172                -> 0.0.172
end-workflow	Checkout repository	2026-02-27T14:36:38.4687269Z  * [new tag]             0.0.173                -> 0.0.173
end-workflow	Checkout repository	2026-02-27T14:36:38.4687923Z  * [new tag]             0.0.174                -> 0.0.174
end-workflow	Checkout repository	2026-02-27T14:36:38.4688505Z  * [new tag]             0.0.175                -> 0.0.175
end-workflow	Checkout repository	2026-02-27T14:36:38.4688941Z  * [new tag]             0.0.176                -> 0.0.176
end-workflow	Checkout repository	2026-02-27T14:36:38.4689480Z  * [new tag]             0.0.177                -> 0.0.177
end-workflow	Checkout repository	2026-02-27T14:36:38.4689950Z  * [new tag]             0.0.178                -> 0.0.178
end-workflow	Checkout repository	2026-02-27T14:36:38.4690358Z  * [new tag]             0.0.179                -> 0.0.179
end-workflow	Checkout repository	2026-02-27T14:36:38.4690781Z  * [new tag]             0.0.18                 -> 0.0.18
end-workflow	Checkout repository	2026-02-27T14:36:38.4691191Z  * [new tag]             0.0.19                 -> 0.0.19
end-workflow	Checkout repository	2026-02-27T14:36:38.4691607Z  * [new tag]             0.0.2                  -> 0.0.2
end-workflow	Checkout repository	2026-02-27T14:36:38.4692013Z  * [new tag]             0.0.20                 -> 0.0.20
end-workflow	Checkout repository	2026-02-27T14:36:38.4692418Z  * [new tag]             0.0.21                 -> 0.0.21
end-workflow	Checkout repository	2026-02-27T14:36:38.4692823Z  * [new tag]             0.0.22                 -> 0.0.22
end-workflow	Checkout repository	2026-02-27T14:36:38.4693223Z  * [new tag]             0.0.23                 -> 0.0.23
end-workflow	Checkout repository	2026-02-27T14:36:38.4693639Z  * [new tag]             0.0.24                 -> 0.0.24
end-workflow	Checkout repository	2026-02-27T14:36:38.4694043Z  * [new tag]             0.0.25                 -> 0.0.25
end-workflow	Checkout repository	2026-02-27T14:36:38.4694704Z  * [new tag]             0.0.26                 -> 0.0.26
end-workflow	Checkout repository	2026-02-27T14:36:38.4695128Z  * [new tag]             0.0.27                 -> 0.0.27
end-workflow	Checkout repository	2026-02-27T14:36:38.4695531Z  * [new tag]             0.0.28                 -> 0.0.28
end-workflow	Checkout repository	2026-02-27T14:36:38.4695949Z  * [new tag]             0.0.29                 -> 0.0.29
end-workflow	Checkout repository	2026-02-27T14:36:38.4696357Z  * [new tag]             0.0.3                  -> 0.0.3
end-workflow	Checkout repository	2026-02-27T14:36:38.4696761Z  * [new tag]             0.0.30                 -> 0.0.30
end-workflow	Checkout repository	2026-02-27T14:36:38.4697166Z  * [new tag]             0.0.31                 -> 0.0.31
end-workflow	Checkout repository	2026-02-27T14:36:38.4697578Z  * [new tag]             0.0.32                 -> 0.0.32
end-workflow	Checkout repository	2026-02-27T14:36:38.4697989Z  * [new tag]             0.0.33                 -> 0.0.33
end-workflow	Checkout repository	2026-02-27T14:36:38.4698392Z  * [new tag]             0.0.34                 -> 0.0.34
end-workflow	Checkout repository	2026-02-27T14:36:38.4698800Z  * [new tag]             0.0.35                 -> 0.0.35
end-workflow	Checkout repository	2026-02-27T14:36:38.4699203Z  * [new tag]             0.0.36                 -> 0.0.36
end-workflow	Checkout repository	2026-02-27T14:36:38.4700081Z  * [new tag]             0.0.37                 -> 0.0.37
end-workflow	Checkout repository	2026-02-27T14:36:38.4700488Z  * [new tag]             0.0.38                 -> 0.0.38
end-workflow	Checkout repository	2026-02-27T14:36:38.4700893Z  * [new tag]             0.0.39                 -> 0.0.39
end-workflow	Checkout repository	2026-02-27T14:36:38.4701296Z  * [new tag]             0.0.4                  -> 0.0.4
end-workflow	Checkout repository	2026-02-27T14:36:38.4701699Z  * [new tag]             0.0.40                 -> 0.0.40
end-workflow	Checkout repository	2026-02-27T14:36:38.4702101Z  * [new tag]             0.0.41                 -> 0.0.41
end-workflow	Checkout repository	2026-02-27T14:36:38.4702502Z  * [new tag]             0.0.42                 -> 0.0.42
end-workflow	Checkout repository	2026-02-27T14:36:38.4702909Z  * [new tag]             0.0.43                 -> 0.0.43
end-workflow	Checkout repository	2026-02-27T14:36:38.4703313Z  * [new tag]             0.0.44                 -> 0.0.44
end-workflow	Checkout repository	2026-02-27T14:36:38.4703720Z  * [new tag]             0.0.45                 -> 0.0.45
end-workflow	Checkout repository	2026-02-27T14:36:38.4704122Z  * [new tag]             0.0.46                 -> 0.0.46
end-workflow	Checkout repository	2026-02-27T14:36:38.4723510Z  * [new tag]             0.0.47                 -> 0.0.47
end-workflow	Checkout repository	2026-02-27T14:36:38.4724805Z  * [new tag]             0.0.48                 -> 0.0.48
end-workflow	Checkout repository	2026-02-27T14:36:38.4725250Z  * [new tag]             0.0.49                 -> 0.0.49
end-workflow	Checkout repository	2026-02-27T14:36:38.4725687Z  * [new tag]             0.0.5                  -> 0.0.5
end-workflow	Checkout repository	2026-02-27T14:36:38.4726122Z  * [new tag]             0.0.50                 -> 0.0.50
end-workflow	Checkout repository	2026-02-27T14:36:38.4726533Z  * [new tag]             0.0.51                 -> 0.0.51
end-workflow	Checkout repository	2026-02-27T14:36:38.4726936Z  * [new tag]             0.0.52                 -> 0.0.52
end-workflow	Checkout repository	2026-02-27T14:36:38.4727349Z  * [new tag]             0.0.53                 -> 0.0.53
end-workflow	Checkout repository	2026-02-27T14:36:38.4727757Z  * [new tag]             0.0.54                 -> 0.0.54
end-workflow	Checkout repository	2026-02-27T14:36:38.4728159Z  * [new tag]             0.0.55                 -> 0.0.55
end-workflow	Checkout repository	2026-02-27T14:36:38.4728567Z  * [new tag]             0.0.56                 -> 0.0.56
end-workflow	Checkout repository	2026-02-27T14:36:38.4728972Z  * [new tag]             0.0.57                 -> 0.0.57
end-workflow	Checkout repository	2026-02-27T14:36:38.4729376Z  * [new tag]             0.0.58                 -> 0.0.58
end-workflow	Checkout repository	2026-02-27T14:36:38.4729788Z  * [new tag]             0.0.59                 -> 0.0.59
end-workflow	Checkout repository	2026-02-27T14:36:38.4730197Z  * [new tag]             0.0.6                  -> 0.0.6
end-workflow	Checkout repository	2026-02-27T14:36:38.4730598Z  * [new tag]             0.0.60                 -> 0.0.60
end-workflow	Checkout repository	2026-02-27T14:36:38.4730994Z  * [new tag]             0.0.61                 -> 0.0.61
end-workflow	Checkout repository	2026-02-27T14:36:38.4731396Z  * [new tag]             0.0.62                 -> 0.0.62
end-workflow	Checkout repository	2026-02-27T14:36:38.4731790Z  * [new tag]             0.0.63                 -> 0.0.63
end-workflow	Checkout repository	2026-02-27T14:36:38.4732197Z  * [new tag]             0.0.64                 -> 0.0.64
end-workflow	Checkout repository	2026-02-27T14:36:38.4732600Z  * [new tag]             0.0.65                 -> 0.0.65
end-workflow	Checkout repository	2026-02-27T14:36:38.4733003Z  * [new tag]             0.0.66                 -> 0.0.66
end-workflow	Checkout repository	2026-02-27T14:36:38.4733403Z  * [new tag]             0.0.67                 -> 0.0.67
end-workflow	Checkout repository	2026-02-27T14:36:38.4733798Z  * [new tag]             0.0.68                 -> 0.0.68
end-workflow	Checkout repository	2026-02-27T14:36:38.4734205Z  * [new tag]             0.0.69                 -> 0.0.69
end-workflow	Checkout repository	2026-02-27T14:36:38.4734734Z  * [new tag]             0.0.7                  -> 0.0.7
end-workflow	Checkout repository	2026-02-27T14:36:38.4735148Z  * [new tag]             0.0.70                 -> 0.0.70
end-workflow	Checkout repository	2026-02-27T14:36:38.4735543Z  * [new tag]             0.0.71                 -> 0.0.71
end-workflow	Checkout repository	2026-02-27T14:36:38.4735946Z  * [new tag]             0.0.72                 -> 0.0.72
end-workflow	Checkout repository	2026-02-27T14:36:38.4736343Z  * [new tag]             0.0.73                 -> 0.0.73
end-workflow	Checkout repository	2026-02-27T14:36:38.4736735Z  * [new tag]             0.0.74                 -> 0.0.74
end-workflow	Checkout repository	2026-02-27T14:36:38.4737141Z  * [new tag]             0.0.75                 -> 0.0.75
end-workflow	Checkout repository	2026-02-27T14:36:38.4737539Z  * [new tag]             0.0.76                 -> 0.0.76
end-workflow	Checkout repository	2026-02-27T14:36:38.4737939Z  * [new tag]             0.0.77                 -> 0.0.77
end-workflow	Checkout repository	2026-02-27T14:36:38.4738333Z  * [new tag]             0.0.78                 -> 0.0.78
end-workflow	Checkout repository	2026-02-27T14:36:38.4738734Z  * [new tag]             0.0.79                 -> 0.0.79
end-workflow	Checkout repository	2026-02-27T14:36:38.4739152Z  * [new tag]             0.0.8                  -> 0.0.8
end-workflow	Checkout repository	2026-02-27T14:36:38.4739793Z  * [new tag]             0.0.80                 -> 0.0.80
end-workflow	Checkout repository	2026-02-27T14:36:38.4740200Z  * [new tag]             0.0.81                 -> 0.0.81
end-workflow	Checkout repository	2026-02-27T14:36:38.4740631Z  * [new tag]             0.0.82                 -> 0.0.82
end-workflow	Checkout repository	2026-02-27T14:36:38.4741044Z  * [new tag]             0.0.83                 -> 0.0.83
end-workflow	Checkout repository	2026-02-27T14:36:38.4741474Z  * [new tag]             0.0.84                 -> 0.0.84
end-workflow	Checkout repository	2026-02-27T14:36:38.4749800Z  * [new tag]             0.0.85                 -> 0.0.85
end-workflow	Checkout repository	2026-02-27T14:36:38.4750229Z  * [new tag]             0.0.86                 -> 0.0.86
end-workflow	Checkout repository	2026-02-27T14:36:38.4750629Z  * [new tag]             0.0.87                 -> 0.0.87
end-workflow	Checkout repository	2026-02-27T14:36:38.4751030Z  * [new tag]             0.0.88                 -> 0.0.88
end-workflow	Checkout repository	2026-02-27T14:36:38.4751425Z  * [new tag]             0.0.89                 -> 0.0.89
end-workflow	Checkout repository	2026-02-27T14:36:38.4751827Z  * [new tag]             0.0.9                  -> 0.0.9
end-workflow	Checkout repository	2026-02-27T14:36:38.4752591Z  * [new tag]             0.0.90                 -> 0.0.90
end-workflow	Checkout repository	2026-02-27T14:36:38.4752989Z  * [new tag]             0.0.91                 -> 0.0.91
end-workflow	Checkout repository	2026-02-27T14:36:38.4753391Z  * [new tag]             0.0.92                 -> 0.0.92
end-workflow	Checkout repository	2026-02-27T14:36:38.4753782Z  * [new tag]             0.0.93                 -> 0.0.93
end-workflow	Checkout repository	2026-02-27T14:36:38.4754179Z  * [new tag]             0.0.94                 -> 0.0.94
end-workflow	Checkout repository	2026-02-27T14:36:38.4754704Z  * [new tag]             0.0.95                 -> 0.0.95
end-workflow	Checkout repository	2026-02-27T14:36:38.4755118Z  * [new tag]             0.0.96                 -> 0.0.96
end-workflow	Checkout repository	2026-02-27T14:36:38.4755518Z  * [new tag]             0.0.97                 -> 0.0.97
end-workflow	Checkout repository	2026-02-27T14:36:38.4755912Z  * [new tag]             0.0.98                 -> 0.0.98
end-workflow	Checkout repository	2026-02-27T14:36:38.4756309Z  * [new tag]             0.0.99                 -> 0.0.99
end-workflow	Checkout repository	2026-02-27T14:36:38.4756706Z  * [new tag]             0.1.0                  -> 0.1.0
end-workflow	Checkout repository	2026-02-27T14:36:38.4757103Z  * [new tag]             0.1.1                  -> 0.1.1
end-workflow	Checkout repository	2026-02-27T14:36:38.4757507Z  * [new tag]             0.2.0                  -> 0.2.0
end-workflow	Checkout repository	2026-02-27T14:36:38.4757899Z  * [new tag]             0.3.0                  -> 0.3.0
end-workflow	Checkout repository	2026-02-27T14:36:38.4758295Z  * [new tag]             0.3.1                  -> 0.3.1
end-workflow	Checkout repository	2026-02-27T14:36:38.4758726Z  * [new tag]             0.3.10                 -> 0.3.10
end-workflow	Checkout repository	2026-02-27T14:36:38.4759124Z  * [new tag]             0.3.11                 -> 0.3.11
end-workflow	Checkout repository	2026-02-27T14:36:38.4759521Z  * [new tag]             0.3.12                 -> 0.3.12
end-workflow	Checkout repository	2026-02-27T14:36:38.4759917Z  * [new tag]             0.3.13                 -> 0.3.13
end-workflow	Checkout repository	2026-02-27T14:36:38.4760315Z  * [new tag]             0.3.14                 -> 0.3.14
end-workflow	Checkout repository	2026-02-27T14:36:38.4760707Z  * [new tag]             0.3.15                 -> 0.3.15
end-workflow	Checkout repository	2026-02-27T14:36:38.4761105Z  * [new tag]             0.3.16                 -> 0.3.16
end-workflow	Checkout repository	2026-02-27T14:36:38.4761508Z  * [new tag]             0.3.17                 -> 0.3.17
end-workflow	Checkout repository	2026-02-27T14:36:38.4761907Z  * [new tag]             0.3.2                  -> 0.3.2
end-workflow	Checkout repository	2026-02-27T14:36:38.4762311Z  * [new tag]             0.3.3                  -> 0.3.3
end-workflow	Checkout repository	2026-02-27T14:36:38.4762708Z  * [new tag]             0.3.4                  -> 0.3.4
end-workflow	Checkout repository	2026-02-27T14:36:38.4763107Z  * [new tag]             0.3.5                  -> 0.3.5
end-workflow	Checkout repository	2026-02-27T14:36:38.4763499Z  * [new tag]             0.3.6                  -> 0.3.6
end-workflow	Checkout repository	2026-02-27T14:36:38.4763888Z  * [new tag]             0.3.7                  -> 0.3.7
end-workflow	Checkout repository	2026-02-27T14:36:38.4764279Z  * [new tag]             0.3.8                  -> 0.3.8
end-workflow	Checkout repository	2026-02-27T14:36:38.4764772Z  * [new tag]             0.3.9                  -> 0.3.9
end-workflow	Checkout repository	2026-02-27T14:36:38.4765173Z  * [new tag]             0.4.0                  -> 0.4.0
end-workflow	Checkout repository	2026-02-27T14:36:38.4765564Z  * [new tag]             0.4.1                  -> 0.4.1
end-workflow	Checkout repository	2026-02-27T14:36:38.4765962Z  * [new tag]             0.4.2                  -> 0.4.2
end-workflow	Checkout repository	2026-02-27T14:36:38.4766350Z  * [new tag]             0.4.3                  -> 0.4.3
end-workflow	Checkout repository	2026-02-27T14:36:38.4766751Z  * [new tag]             0.4.4                  -> 0.4.4
end-workflow	Checkout repository	2026-02-27T14:36:38.4767375Z  * [new tag]             0.4.5                  -> 0.4.5
end-workflow	Checkout repository	2026-02-27T14:36:38.4767775Z  * [new tag]             0.4.6                  -> 0.4.6
end-workflow	Checkout repository	2026-02-27T14:36:38.4768187Z  * [new tag]             0.4.7                  -> 0.4.7
end-workflow	Checkout repository	2026-02-27T14:36:38.4768593Z  * [new tag]             0.4.8                  -> 0.4.8
end-workflow	Checkout repository	2026-02-27T14:36:38.4769007Z  * [new tag]             0.4.9                  -> 0.4.9
end-workflow	Checkout repository	2026-02-27T14:36:38.4769418Z  * [new tag]             0.5.0                  -> 0.5.0
end-workflow	Checkout repository	2026-02-27T14:36:38.4769832Z  * [new tag]             0.5.1                  -> 0.5.1
end-workflow	Checkout repository	2026-02-27T14:36:38.4770278Z  * [new tag]             0.5.2                  -> 0.5.2
end-workflow	Checkout repository	2026-02-27T14:36:38.4770712Z  * [new tag]             0.6.0                  -> 0.6.0
end-workflow	Checkout repository	2026-02-27T14:36:38.4771154Z  * [new tag]             0.6.1                  -> 0.6.1
end-workflow	Checkout repository	2026-02-27T14:36:38.4771591Z  * [new tag]             0.6.2                  -> 0.6.2
end-workflow	Checkout repository	2026-02-27T14:36:38.4772327Z  * [new tag]             0.6.3                  -> 0.6.3
end-workflow	Checkout repository	2026-02-27T14:36:38.4772725Z  * [new tag]             0.6.4                  -> 0.6.4
end-workflow	Checkout repository	2026-02-27T14:36:38.4773120Z  * [new tag]             0.6.5                  -> 0.6.5
end-workflow	Checkout repository	2026-02-27T14:36:38.4773508Z  * [new tag]             0.6.6                  -> 0.6.6
end-workflow	Checkout repository	2026-02-27T14:36:38.5022023Z [command]/usr/bin/git branch --list --remote origin/main
end-workflow	Checkout repository	2026-02-27T14:36:38.5107779Z   origin/main
end-workflow	Checkout repository	2026-02-27T14:36:38.5119320Z [command]/usr/bin/git rev-parse refs/remotes/origin/main
end-workflow	Checkout repository	2026-02-27T14:36:38.5175359Z 9dd170b46874aa98f0fa2f291d0146e86f7da8fc
end-workflow	Checkout repository	2026-02-27T14:36:38.5197698Z [command]/usr/bin/git -c protocol.version=2 fetch --no-tags --prune --no-recurse-submodules origin +af443de2489f171f229873419ece7320678d8577:refs/remotes/origin/main
end-workflow	Checkout repository	2026-02-27T14:36:38.5408688Z From https://github.com/Ka0s-Klaus/ka0s
end-workflow	Checkout repository	2026-02-27T14:36:38.5410057Z  + 9dd170b46...af443de24 af443de2489f171f229873419ece7320678d8577 -> origin/main  (forced update)
end-workflow	Checkout repository	2026-02-27T14:36:38.5465953Z ##[endgroup]
end-workflow	Checkout repository	2026-02-27T14:36:38.5467392Z ##[group]Determining the checkout info
end-workflow	Checkout repository	2026-02-27T14:36:38.5468199Z ##[endgroup]
end-workflow	Checkout repository	2026-02-27T14:36:38.5474993Z [command]/usr/bin/git sparse-checkout disable
end-workflow	Checkout repository	2026-02-27T14:36:38.5557316Z [command]/usr/bin/git config --local --unset-all extensions.worktreeConfig
end-workflow	Checkout repository	2026-02-27T14:36:38.5613416Z ##[group]Checking out the ref
end-workflow	Checkout repository	2026-02-27T14:36:38.5626966Z [command]/usr/bin/git checkout --progress --force -B main refs/remotes/origin/main
end-workflow	Checkout repository	2026-02-27T14:36:38.8547992Z Switched to a new branch 'main'
end-workflow	Checkout repository	2026-02-27T14:36:38.8567431Z branch 'main' set up to track 'origin/main'.
end-workflow	Checkout repository	2026-02-27T14:36:38.8621847Z ##[endgroup]
end-workflow	Checkout repository	2026-02-27T14:36:38.8698240Z [command]/usr/bin/git log -1 --format=%H
end-workflow	Checkout repository	2026-02-27T14:36:38.8745394Z af443de2489f171f229873419ece7320678d8577
end-workflow	Install GH CLI	ï»¿2026-02-27T14:36:38.9354271Z Prepare all required actions
end-workflow	Install GH CLI	2026-02-27T14:36:38.9531084Z ##[group]Run ./.github/actions/install-gh-cli
end-workflow	Install GH CLI	2026-02-27T14:36:38.9531424Z env:
end-workflow	Install GH CLI	2026-02-27T14:36:38.9531645Z   KAOS_MODULE: [Ka0s] Audit Cluster Status
end-workflow	Install GH CLI	2026-02-27T14:36:38.9531957Z   KAOS_CODE: 22490407703
end-workflow	Install GH CLI	2026-02-27T14:36:38.9532181Z ##[endgroup]
end-workflow	Install GH CLI	2026-02-27T14:36:38.9742180Z ##[group]Run type -p curl >/dev/null || (sudo apt-get update && sudo apt-get install curl -y)
end-workflow	Install GH CLI	2026-02-27T14:36:38.9743068Z [36;1mtype -p curl >/dev/null || (sudo apt-get update && sudo apt-get install curl -y)[0m
end-workflow	Install GH CLI	2026-02-27T14:36:38.9744002Z [36;1mcurl -fsSL https://cli.github.com/packages/githubcli-archive-keyring.gpg | sudo dd of=/usr/share/keyrings/githubcli-archive-keyring.gpg \[0m
end-workflow	Install GH CLI	2026-02-27T14:36:38.9745169Z [36;1m&& sudo chmod go+r /usr/share/keyrings/githubcli-archive-keyring.gpg \[0m
end-workflow	Install GH CLI	2026-02-27T14:36:38.9746360Z [36;1m&& echo "deb [arch=$(dpkg --print-architecture) signed-by=/usr/share/keyrings/githubcli-archive-keyring.gpg] https://cli.github.com/packages stable main" | sudo tee /etc/apt/sources.list.d/github-cli.list > /dev/null \[0m
end-workflow	Install GH CLI	2026-02-27T14:36:38.9747536Z [36;1m&& sudo apt-get update \[0m
end-workflow	Install GH CLI	2026-02-27T14:36:38.9747847Z [36;1m&& sudo apt-get install gh -y[0m
end-workflow	Install GH CLI	2026-02-27T14:36:38.9775996Z shell: /usr/bin/bash --noprofile --norc -e -o pipefail {0}
end-workflow	Install GH CLI	2026-02-27T14:36:38.9776384Z env:
end-workflow	Install GH CLI	2026-02-27T14:36:38.9776618Z   KAOS_MODULE: [Ka0s] Audit Cluster Status
end-workflow	Install GH CLI	2026-02-27T14:36:38.9776913Z   KAOS_CODE: 22490407703
end-workflow	Install GH CLI	2026-02-27T14:36:38.9777145Z ##[endgroup]
end-workflow	Install GH CLI	2026-02-27T14:36:39.0842650Z 4+1 records in
end-workflow	Install GH CLI	2026-02-27T14:36:39.0858201Z 4+1 records out
end-workflow	Install GH CLI	2026-02-27T14:36:39.0858563Z 2270 bytes (2.3 kB, 2.2 KiB) copied, 0.0753408 s, 30.1 kB/s
end-workflow	Install GH CLI	2026-02-27T14:36:39.2506337Z Get:1 https://cli.github.com/packages stable InRelease [3917 B]
end-workflow	Install GH CLI	2026-02-27T14:36:39.2884415Z Get:2 http://archive.ubuntu.com/ubuntu noble InRelease [256 kB]
end-workflow	Install GH CLI	2026-02-27T14:36:39.3454360Z Get:3 https://cli.github.com/packages stable/main amd64 Packages [357 B]
end-workflow	Install GH CLI	2026-02-27T14:36:39.4263084Z Get:4 https://ppa.launchpadcontent.net/git-core/ppa/ubuntu noble InRelease [24.3 kB]
end-workflow	Install GH CLI	2026-02-27T14:36:39.4372358Z Get:5 http://archive.ubuntu.com/ubuntu noble-updates InRelease [126 kB]
end-workflow	Install GH CLI	2026-02-27T14:36:39.4475717Z Get:6 http://security.ubuntu.com/ubuntu noble-security InRelease [126 kB]
end-workflow	Install GH CLI	2026-02-27T14:36:39.4738300Z Get:7 http://archive.ubuntu.com/ubuntu noble-backports InRelease [126 kB]
end-workflow	Install GH CLI	2026-02-27T14:36:39.5256285Z Get:8 http://archive.ubuntu.com/ubuntu noble/universe amd64 Packages [19.3 MB]
end-workflow	Install GH CLI	2026-02-27T14:36:39.6188599Z Get:9 https://ppa.launchpadcontent.net/git-core/ppa/ubuntu noble/main amd64 Packages [2992 B]
end-workflow	Install GH CLI	2026-02-27T14:36:39.9552850Z Get:10 http://archive.ubuntu.com/ubuntu noble/multiverse amd64 Packages [331 kB]
end-workflow	Install GH CLI	2026-02-27T14:36:39.9746294Z Get:11 http://archive.ubuntu.com/ubuntu noble/main amd64 Packages [1808 kB]
end-workflow	Install GH CLI	2026-02-27T14:36:39.9832804Z Get:12 http://archive.ubuntu.com/ubuntu noble/restricted amd64 Packages [117 kB]
end-workflow	Install GH CLI	2026-02-27T14:36:39.9834287Z Get:13 http://archive.ubuntu.com/ubuntu noble-updates/main amd64 Packages [2276 kB]
end-workflow	Install GH CLI	2026-02-27T14:36:40.0122976Z Get:14 http://archive.ubuntu.com/ubuntu noble-updates/restricted amd64 Packages [3471 kB]
end-workflow	Install GH CLI	2026-02-27T14:36:40.0609857Z Get:15 http://archive.ubuntu.com/ubuntu noble-updates/universe amd64 Packages [2017 kB]
end-workflow	Install GH CLI	2026-02-27T14:36:40.0853513Z Get:16 http://archive.ubuntu.com/ubuntu noble-updates/multiverse amd64 Packages [38.1 kB]
end-workflow	Install GH CLI	2026-02-27T14:36:40.0867902Z Get:17 http://archive.ubuntu.com/ubuntu noble-backports/universe amd64 Packages [34.6 kB]
end-workflow	Install GH CLI	2026-02-27T14:36:40.0880510Z Get:18 http://archive.ubuntu.com/ubuntu noble-backports/main amd64 Packages [49.5 kB]
end-workflow	Install GH CLI	2026-02-27T14:36:40.1287753Z Get:19 http://security.ubuntu.com/ubuntu noble-security/main amd64 Packages [1883 kB]
end-workflow	Install GH CLI	2026-02-27T14:36:40.7045557Z Get:20 http://security.ubuntu.com/ubuntu noble-security/restricted amd64 Packages [3262 kB]
end-workflow	Install GH CLI	2026-02-27T14:36:40.8463217Z Get:21 http://security.ubuntu.com/ubuntu noble-security/universe amd64 Packages [1242 kB]
end-workflow	Install GH CLI	2026-02-27T14:36:40.8884061Z Get:22 http://security.ubuntu.com/ubuntu noble-security/multiverse amd64 Packages [34.8 kB]
end-workflow	Install GH CLI	2026-02-27T14:36:41.6199887Z Fetched 36.5 MB in 2s (15.2 MB/s)
end-workflow	Install GH CLI	2026-02-27T14:36:42.7261372Z Reading package lists...
end-workflow	Install GH CLI	2026-02-27T14:36:43.8545201Z Reading package lists...
end-workflow	Install GH CLI	2026-02-27T14:36:44.1395290Z Building dependency tree...
end-workflow	Install GH CLI	2026-02-27T14:36:44.1398025Z Reading state information...
end-workflow	Install GH CLI	2026-02-27T14:36:44.6108722Z The following NEW packages will be installed:
end-workflow	Install GH CLI	2026-02-27T14:36:44.6126648Z   gh
end-workflow	Install GH CLI	2026-02-27T14:36:44.7034133Z 0 upgraded, 1 newly installed, 0 to remove and 0 not upgraded.
end-workflow	Install GH CLI	2026-02-27T14:36:44.7039080Z Need to get 13.8 MB of archives.
end-workflow	Install GH CLI	2026-02-27T14:36:44.7039490Z After this operation, 38.5 MB of additional disk space will be used.
end-workflow	Install GH CLI	2026-02-27T14:36:44.7040064Z Get:1 https://cli.github.com/packages stable/main amd64 gh amd64 2.87.3 [13.8 MB]
end-workflow	Install GH CLI	2026-02-27T14:36:45.0908442Z debconf: delaying package configuration, since apt-utils is not installed
end-workflow	Install GH CLI	2026-02-27T14:36:45.1345807Z Fetched 13.8 MB in 0s (56.0 MB/s)
end-workflow	Install GH CLI	2026-02-27T14:36:45.1736173Z Selecting previously unselected package gh.
end-workflow	Install GH CLI	2026-02-27T14:36:45.1777760Z (Reading database ... 
end-workflow	Install GH CLI	2026-02-27T14:36:45.1781410Z (Reading database ... 5%
end-workflow	Install GH CLI	2026-02-27T14:36:45.1785090Z (Reading database ... 10%
end-workflow	Install GH CLI	2026-02-27T14:36:45.1788505Z (Reading database ... 15%
end-workflow	Install GH CLI	2026-02-27T14:36:45.1792961Z (Reading database ... 20%
end-workflow	Install GH CLI	2026-02-27T14:36:45.1797081Z (Reading database ... 25%
end-workflow	Install GH CLI	2026-02-27T14:36:45.1799848Z (Reading database ... 30%
end-workflow	Install GH CLI	2026-02-27T14:36:45.1802469Z (Reading database ... 35%
end-workflow	Install GH CLI	2026-02-27T14:36:45.1804489Z (Reading database ... 40%
end-workflow	Install GH CLI	2026-02-27T14:36:45.1805142Z (Reading database ... 45%
end-workflow	Install GH CLI	2026-02-27T14:36:45.1807056Z (Reading database ... 50%
end-workflow	Install GH CLI	2026-02-27T14:36:45.1808775Z (Reading database ... 55%
end-workflow	Install GH CLI	2026-02-27T14:36:45.1809185Z (Reading database ... 60%
end-workflow	Install GH CLI	2026-02-27T14:36:45.1811179Z (Reading database ... 65%
end-workflow	Install GH CLI	2026-02-27T14:36:45.1811658Z (Reading database ... 70%
end-workflow	Install GH CLI	2026-02-27T14:36:45.1816120Z (Reading database ... 75%
end-workflow	Install GH CLI	2026-02-27T14:36:45.1831556Z (Reading database ... 80%
end-workflow	Install GH CLI	2026-02-27T14:36:45.1836771Z (Reading database ... 85%
end-workflow	Install GH CLI	2026-02-27T14:36:45.1851249Z (Reading database ... 90%
end-workflow	Install GH CLI	2026-02-27T14:36:45.1872073Z (Reading database ... 95%
end-workflow	Install GH CLI	2026-02-27T14:36:45.1873013Z (Reading database ... 100%
end-workflow	Install GH CLI	2026-02-27T14:36:45.1873400Z (Reading database ... 14387 files and directories currently installed.)
end-workflow	Install GH CLI	2026-02-27T14:36:45.1881630Z Preparing to unpack .../archives/gh_2.87.3_amd64.deb ...
end-workflow	Install GH CLI	2026-02-27T14:36:45.1957635Z Unpacking gh (2.87.3) ...
end-workflow	Install GH CLI	2026-02-27T14:36:45.4886422Z Setting up gh (2.87.3) ...
end-workflow	Trigger Inspector	ï»¿2026-02-27T14:36:45.5768809Z ##[group]Run gh workflow run inspector.yml \
end-workflow	Trigger Inspector	2026-02-27T14:36:45.5769298Z [36;1mgh workflow run inspector.yml \[0m
end-workflow	Trigger Inspector	2026-02-27T14:36:45.5769671Z [36;1m  -f workflow_name="Ka0s Audit Cluster Status" \[0m
end-workflow	Trigger Inspector	2026-02-27T14:36:45.5770029Z [36;1m  -f run_id="22490407703" \[0m
end-workflow	Trigger Inspector	2026-02-27T14:36:45.5770306Z [36;1m  -f status="success"[0m
end-workflow	Trigger Inspector	2026-02-27T14:36:45.5789506Z shell: /usr/bin/bash -e {0}
end-workflow	Trigger Inspector	2026-02-27T14:36:45.5789796Z env:
end-workflow	Trigger Inspector	2026-02-27T14:36:45.5790018Z   KAOS_MODULE: [Ka0s] Audit Cluster Status
end-workflow	Trigger Inspector	2026-02-27T14:36:45.5790313Z   KAOS_CODE: 22490407703
end-workflow	Trigger Inspector	2026-02-27T14:36:45.5790997Z   GH_TOKEN: ***
end-workflow	Trigger Inspector	2026-02-27T14:36:45.5791213Z ##[endgroup]
end-workflow	Trigger Inspector	2026-02-27T14:36:47.8175526Z https://github.com/Ka0s-Klaus/ka0s/actions/runs/22490485581
end-workflow	Post Checkout repository	ï»¿2026-02-27T14:36:47.8545784Z Post job cleanup.
end-workflow	Post Checkout repository	2026-02-27T14:36:47.9735388Z [command]/usr/bin/git version
end-workflow	Post Checkout repository	2026-02-27T14:36:47.9781660Z git version 2.53.0
end-workflow	Post Checkout repository	2026-02-27T14:36:47.9831819Z Temporarily overriding HOME='/home/runner/_work/_temp/271c50f8-b601-45b9-b956-a15ff9d44ded' before making global git config changes
end-workflow	Post Checkout repository	2026-02-27T14:36:47.9833279Z Adding repository directory to the temporary git global config as a safe directory
end-workflow	Post Checkout repository	2026-02-27T14:36:47.9838616Z [command]/usr/bin/git config --global --add safe.directory /home/runner/_work/ka0s/ka0s
end-workflow	Post Checkout repository	2026-02-27T14:36:47.9955312Z [command]/usr/bin/git config --local --name-only --get-regexp core\.sshCommand
end-workflow	Post Checkout repository	2026-02-27T14:36:47.9998999Z [command]/usr/bin/git submodule foreach --recursive sh -c "git config --local --name-only --get-regexp 'core\.sshCommand' && git config --local --unset-all 'core.sshCommand' || :"
end-workflow	Post Checkout repository	2026-02-27T14:36:48.0512756Z [command]/usr/bin/git config --local --name-only --get-regexp http\.https\:\/\/github\.com\/\.extraheader
end-workflow	Post Checkout repository	2026-02-27T14:36:48.0548325Z http.https://github.com/.extraheader
end-workflow	Post Checkout repository	2026-02-27T14:36:48.0590932Z [command]/usr/bin/git config --local --unset-all http.https://github.com/.extraheader
end-workflow	Post Checkout repository	2026-02-27T14:36:48.0707315Z [command]/usr/bin/git submodule foreach --recursive sh -c "git config --local --name-only --get-regexp 'http\.https\:\/\/github\.com\/\.extraheader' && git config --local --unset-all 'http.https://github.com/.extraheader' || :"
end-workflow	Post Checkout repository	2026-02-27T14:36:48.1192505Z [command]/usr/bin/git config --local --name-only --get-regexp ^includeIf\.gitdir:
end-workflow	Post Checkout repository	2026-02-27T14:36:48.1243885Z [command]/usr/bin/git submodule foreach --recursive git config --local --show-origin --name-only --get-regexp remote.origin.url
end-workflow	Complete job	ï»¿2026-02-27T14:36:48.2030036Z Cleaning up orphan processes
