job-core	Set up job	ï»¿2026-02-27T23:15:20.1943550Z Current runner version: '2.332.0'
job-core	Set up job	2026-02-27T23:15:20.1959235Z Runner name: 'swarm-runners-scaleset-hkss5-runner-tt2sw'
job-core	Set up job	2026-02-27T23:15:20.1960554Z Runner group name: 'Default'
job-core	Set up job	2026-02-27T23:15:20.1961839Z Machine name: 'swarm-runners-scaleset-hkss5-runner-tt2sw'
job-core	Set up job	2026-02-27T23:15:20.1965851Z ##[group]GITHUB_TOKEN Permissions
job-core	Set up job	2026-02-27T23:15:20.1970945Z Actions: write
job-core	Set up job	2026-02-27T23:15:20.1972200Z Contents: read
job-core	Set up job	2026-02-27T23:15:20.1973349Z Issues: write
job-core	Set up job	2026-02-27T23:15:20.1974012Z Metadata: read
job-core	Set up job	2026-02-27T23:15:20.1976350Z ##[endgroup]
job-core	Set up job	2026-02-27T23:15:20.1979088Z Secret source: Actions
job-core	Set up job	2026-02-27T23:15:20.1979958Z Prepare workflow directory
job-core	Set up job	2026-02-27T23:15:20.2565200Z Prepare all required actions
job-core	Set up job	2026-02-27T23:15:20.2611243Z Getting action download info
job-core	Set up job	2026-02-27T23:15:20.7933229Z Download action repository 'actions/checkout@v4' (SHA:34e114876b0b11c390a56381ad16ebd13914f8d5)
job-core	Set up job	2026-02-27T23:15:21.6257896Z Download action repository 'actions/setup-python@v5' (SHA:a26af69be951a213d495a4c3e4e4022e16d87065)
job-core	Set up job	2026-02-27T23:15:22.6769785Z Complete job name: job-core
job-core	Checkout	ï»¿2026-02-27T23:15:22.8261896Z ##[group]Run actions/checkout@v4
job-core	Checkout	2026-02-27T23:15:22.8263423Z with:
job-core	Checkout	2026-02-27T23:15:22.8264302Z   repository: Ka0s-Klaus/ka0s
job-core	Checkout	2026-02-27T23:15:22.8266459Z   token: ***
job-core	Checkout	2026-02-27T23:15:22.8267313Z   ssh-strict: true
job-core	Checkout	2026-02-27T23:15:22.8268199Z   ssh-user: git
job-core	Checkout	2026-02-27T23:15:22.8269104Z   persist-credentials: true
job-core	Checkout	2026-02-27T23:15:22.8270103Z   clean: true
job-core	Checkout	2026-02-27T23:15:22.8271029Z   sparse-checkout-cone-mode: true
job-core	Checkout	2026-02-27T23:15:22.8272125Z   fetch-depth: 1
job-core	Checkout	2026-02-27T23:15:22.8273011Z   fetch-tags: false
job-core	Checkout	2026-02-27T23:15:22.8273935Z   show-progress: true
job-core	Checkout	2026-02-27T23:15:22.8275357Z   lfs: false
job-core	Checkout	2026-02-27T23:15:22.8276208Z   submodules: false
job-core	Checkout	2026-02-27T23:15:22.8277134Z   set-safe-directory: true
job-core	Checkout	2026-02-27T23:15:22.8278425Z env:
job-core	Checkout	2026-02-27T23:15:22.8279323Z   KAOS_MODULE: [Ka0S] Watchdog Node Health
job-core	Checkout	2026-02-27T23:15:22.8280476Z ##[endgroup]
job-core	Checkout	2026-02-27T23:15:22.9681259Z Syncing repository: Ka0s-Klaus/ka0s
job-core	Checkout	2026-02-27T23:15:22.9684966Z ##[group]Getting Git version info
job-core	Checkout	2026-02-27T23:15:22.9686423Z Working directory is '/home/runner/_work/ka0s/ka0s'
job-core	Checkout	2026-02-27T23:15:22.9688426Z [command]/usr/bin/git version
job-core	Checkout	2026-02-27T23:15:22.9690256Z git version 2.53.0
job-core	Checkout	2026-02-27T23:15:22.9720519Z ##[endgroup]
job-core	Checkout	2026-02-27T23:15:22.9738853Z Temporarily overriding HOME='/home/runner/_work/_temp/07805deb-cfdd-4e4a-958e-f1c0f5b6164e' before making global git config changes
job-core	Checkout	2026-02-27T23:15:22.9742244Z Adding repository directory to the temporary git global config as a safe directory
job-core	Checkout	2026-02-27T23:15:22.9746226Z [command]/usr/bin/git config --global --add safe.directory /home/runner/_work/ka0s/ka0s
job-core	Checkout	2026-02-27T23:15:22.9792744Z Deleting the contents of '/home/runner/_work/ka0s/ka0s'
job-core	Checkout	2026-02-27T23:15:22.9799425Z ##[group]Initializing the repository
job-core	Checkout	2026-02-27T23:15:22.9804182Z [command]/usr/bin/git init /home/runner/_work/ka0s/ka0s
job-core	Checkout	2026-02-27T23:15:22.9866930Z hint: Using 'master' as the name for the initial branch. This default branch name
job-core	Checkout	2026-02-27T23:15:22.9869441Z hint: will change to "main" in Git 3.0. To configure the initial branch name
job-core	Checkout	2026-02-27T23:15:22.9877617Z hint: to use in all of your new repositories, which will suppress this warning,
job-core	Checkout	2026-02-27T23:15:22.9879521Z hint: call:
job-core	Checkout	2026-02-27T23:15:22.9880352Z hint:
job-core	Checkout	2026-02-27T23:15:22.9881412Z hint: 	git config --global init.defaultBranch <name>
job-core	Checkout	2026-02-27T23:15:22.9882713Z hint:
job-core	Checkout	2026-02-27T23:15:22.9894937Z hint: Names commonly chosen instead of 'master' are 'main', 'trunk' and
job-core	Checkout	2026-02-27T23:15:22.9897515Z hint: 'development'. The just-created branch can be renamed via this command:
job-core	Checkout	2026-02-27T23:15:22.9899266Z hint:
job-core	Checkout	2026-02-27T23:15:22.9900133Z hint: 	git branch -m <name>
job-core	Checkout	2026-02-27T23:15:22.9901257Z hint:
job-core	Checkout	2026-02-27T23:15:22.9902700Z hint: Disable this message with "git config set advice.defaultBranchName false"
job-core	Checkout	2026-02-27T23:15:22.9906521Z Initialized empty Git repository in /home/runner/_work/ka0s/ka0s/.git/
job-core	Checkout	2026-02-27T23:15:22.9910463Z [command]/usr/bin/git remote add origin https://github.com/Ka0s-Klaus/ka0s
job-core	Checkout	2026-02-27T23:15:22.9966093Z ##[endgroup]
job-core	Checkout	2026-02-27T23:15:22.9967982Z ##[group]Disabling automatic garbage collection
job-core	Checkout	2026-02-27T23:15:22.9974097Z [command]/usr/bin/git config --local gc.auto 0
job-core	Checkout	2026-02-27T23:15:23.0048102Z ##[endgroup]
job-core	Checkout	2026-02-27T23:15:23.0050132Z ##[group]Setting up auth
job-core	Checkout	2026-02-27T23:15:23.0066368Z [command]/usr/bin/git config --local --name-only --get-regexp core\.sshCommand
job-core	Checkout	2026-02-27T23:15:23.0094879Z [command]/usr/bin/git submodule foreach --recursive sh -c "git config --local --name-only --get-regexp 'core\.sshCommand' && git config --local --unset-all 'core.sshCommand' || :"
job-core	Checkout	2026-02-27T23:15:23.0494970Z [command]/usr/bin/git config --local --name-only --get-regexp http\.https\:\/\/github\.com\/\.extraheader
job-core	Checkout	2026-02-27T23:15:23.0568035Z [command]/usr/bin/git submodule foreach --recursive sh -c "git config --local --name-only --get-regexp 'http\.https\:\/\/github\.com\/\.extraheader' && git config --local --unset-all 'http.https://github.com/.extraheader' || :"
job-core	Checkout	2026-02-27T23:15:23.0933378Z [command]/usr/bin/git config --local --name-only --get-regexp ^includeIf\.gitdir:
job-core	Checkout	2026-02-27T23:15:23.0976805Z [command]/usr/bin/git submodule foreach --recursive git config --local --show-origin --name-only --get-regexp remote.origin.url
job-core	Checkout	2026-02-27T23:15:23.1337026Z [command]/usr/bin/git config --local http.https://github.com/.extraheader AUTHORIZATION: basic ***
job-core	Checkout	2026-02-27T23:15:23.1391440Z ##[endgroup]
job-core	Checkout	2026-02-27T23:15:23.1393174Z ##[group]Fetching the repository
job-core	Checkout	2026-02-27T23:15:23.1544147Z [command]/usr/bin/git -c protocol.version=2 fetch --no-tags --prune --no-recurse-submodules --depth=1 origin +2aa329aac5645b31aa3e63b703432175e8e2657d:refs/remotes/origin/main
job-core	Checkout	2026-02-27T23:15:26.0312415Z From https://github.com/Ka0s-Klaus/ka0s
job-core	Checkout	2026-02-27T23:15:26.0315167Z  * [new ref]         2aa329aac5645b31aa3e63b703432175e8e2657d -> origin/main
job-core	Checkout	2026-02-27T23:15:26.0486320Z ##[endgroup]
job-core	Checkout	2026-02-27T23:15:26.0488480Z ##[group]Determining the checkout info
job-core	Checkout	2026-02-27T23:15:26.0491444Z ##[endgroup]
job-core	Checkout	2026-02-27T23:15:26.0510323Z [command]/usr/bin/git sparse-checkout disable
job-core	Checkout	2026-02-27T23:15:26.0660948Z [command]/usr/bin/git config --local --unset-all extensions.worktreeConfig
job-core	Checkout	2026-02-27T23:15:26.0731280Z ##[group]Checking out the ref
job-core	Checkout	2026-02-27T23:15:26.0734052Z [command]/usr/bin/git checkout --progress --force -B main refs/remotes/origin/main
job-core	Checkout	2026-02-27T23:15:26.3357012Z Switched to a new branch 'main'
job-core	Checkout	2026-02-27T23:15:26.3361243Z branch 'main' set up to track 'origin/main'.
job-core	Checkout	2026-02-27T23:15:26.3406360Z ##[endgroup]
job-core	Checkout	2026-02-27T23:15:26.3457352Z [command]/usr/bin/git log -1 --format=%H
job-core	Checkout	2026-02-27T23:15:26.3493114Z 2aa329aac5645b31aa3e63b703432175e8e2657d
job-core	Setup Python	ï»¿2026-02-27T23:15:26.3824443Z ##[group]Run actions/setup-python@v5
job-core	Setup Python	2026-02-27T23:15:26.3825705Z with:
job-core	Setup Python	2026-02-27T23:15:26.3825967Z   python-version: 3.x
job-core	Setup Python	2026-02-27T23:15:26.3826248Z   check-latest: false
job-core	Setup Python	2026-02-27T23:15:26.3826795Z   token: ***
job-core	Setup Python	2026-02-27T23:15:26.3827058Z   update-environment: true
job-core	Setup Python	2026-02-27T23:15:26.3827362Z   allow-prereleases: false
job-core	Setup Python	2026-02-27T23:15:26.3827702Z   freethreaded: false
job-core	Setup Python	2026-02-27T23:15:26.3827955Z env:
job-core	Setup Python	2026-02-27T23:15:26.3828198Z   KAOS_MODULE: [Ka0S] Watchdog Node Health
job-core	Setup Python	2026-02-27T23:15:26.3828559Z ##[endgroup]
job-core	Setup Python	2026-02-27T23:15:26.5937453Z ##[group]Installed versions
job-core	Setup Python	2026-02-27T23:15:26.5940541Z Version 3.x was not found in the local cache
job-core	Setup Python	2026-02-27T23:15:27.6320213Z Version 3.x is available for downloading
job-core	Setup Python	2026-02-27T23:15:27.6321863Z Download from "https://github.com/actions/python-versions/releases/download/3.14.3-21673711214/python-3.14.3-linux-24.04-x64.tar.gz"
job-core	Setup Python	2026-02-27T23:16:58.7402166Z Client network socket disconnected before secure TLS connection was established
job-core	Setup Python	2026-02-27T23:16:58.7403297Z Waiting 20 seconds before trying again
job-core	Setup Python	2026-02-27T23:17:21.6838091Z Extract downloaded archive
job-core	Setup Python	2026-02-27T23:17:21.7343684Z [command]/usr/bin/tar xz --warning=no-unknown-keyword --overwrite -C /home/runner/_work/_temp/91ca0f17-3fb0-41e9-a5dd-d61eaf5377c4 -f /home/runner/_work/_temp/4fcc4fe8-6eeb-4d7c-872f-b6714b4d4a32
job-core	Setup Python	2026-02-27T23:17:25.5761295Z Execute installation script
job-core	Setup Python	2026-02-27T23:17:25.5946494Z Check if Python hostedtoolcache folder exist...
job-core	Setup Python	2026-02-27T23:17:25.5946955Z Creating Python hostedtoolcache folder...
job-core	Setup Python	2026-02-27T23:17:25.5960347Z Create Python 3.14.3 folder
job-core	Setup Python	2026-02-27T23:17:25.5988057Z Copy Python binaries to hostedtoolcache folder
job-core	Setup Python	2026-02-27T23:17:26.7605641Z Create additional symlinks (Required for the UsePythonVersion Azure Pipelines task and the setup-python GitHub Action)
job-core	Setup Python	2026-02-27T23:17:26.7673116Z Upgrading pip...
job-core	Setup Python	2026-02-27T23:17:29.6565986Z Looking in links: /tmp/tmpi5u2c0fh
job-core	Setup Python	2026-02-27T23:17:29.6585924Z Requirement already satisfied: pip in /home/runner/_work/_tool/Python/3.14.3/x64/lib/python3.14/site-packages (25.3)
job-core	Setup Python	2026-02-27T23:17:31.9055992Z Collecting pip
job-core	Setup Python	2026-02-27T23:17:31.9886006Z Downloading pip-26.0.1-py3-none-any.whl.metadata (4.7 kB)
job-core	Setup Python	2026-02-27T23:17:32.0026210Z Downloading pip-26.0.1-py3-none-any.whl (1.8 MB)
job-core	Setup Python	2026-02-27T23:17:32.1040890Z â”â”â”â”â”â”â”â”â”â”â”â”â”â”â”â”â”â”â”â”â”â”â”â”â”â”â”â”â”â”â”â”â”â”â”â”â”â”â”â” 1.8/1.8 MB 25.9 MB/s  0:00:00
job-core	Setup Python	2026-02-27T23:17:32.1316239Z Installing collected packages: pip
job-core	Setup Python	2026-02-27T23:17:32.1326077Z Attempting uninstall: pip
job-core	Setup Python	2026-02-27T23:17:32.1363525Z Found existing installation: pip 25.3
job-core	Setup Python	2026-02-27T23:17:32.1912133Z Uninstalling pip-25.3:
job-core	Setup Python	2026-02-27T23:17:32.2000056Z Successfully uninstalled pip-25.3
job-core	Setup Python	2026-02-27T23:17:33.7197524Z Successfully installed pip-26.0.1
job-core	Setup Python	2026-02-27T23:17:33.8245917Z Create complete file
job-core	Setup Python	2026-02-27T23:17:33.8301999Z Successfully set up CPython (3.14.3)
job-core	Setup Python	2026-02-27T23:17:33.8302778Z ##[endgroup]
job-core	Setup Kubectl Tunnel	ï»¿2026-02-27T23:17:33.8936479Z Prepare all required actions
job-core	Setup Kubectl Tunnel	2026-02-27T23:17:33.9548937Z ##[group]Run ./.github/actions/kubectl-tunnel
job-core	Setup Kubectl Tunnel	2026-02-27T23:17:33.9549309Z with:
job-core	Setup Kubectl Tunnel	2026-02-27T23:17:33.9549665Z   host: ***
job-core	Setup Kubectl Tunnel	2026-02-27T23:17:33.9549904Z   username: ***
job-core	Setup Kubectl Tunnel	2026-02-27T23:17:33.9552149Z   key: ***
job-core	Setup Kubectl Tunnel	2026-02-27T23:17:33.9552379Z   port: ***
job-core	Setup Kubectl Tunnel	2026-02-27T23:17:33.9552602Z   k8s-api-port: 6443
job-core	Setup Kubectl Tunnel	2026-02-27T23:17:33.9552861Z   kubectl-version: v1.30.0
job-core	Setup Kubectl Tunnel	2026-02-27T23:17:33.9553141Z env:
job-core	Setup Kubectl Tunnel	2026-02-27T23:17:33.9553378Z   KAOS_MODULE: [Ka0S] Watchdog Node Health
job-core	Setup Kubectl Tunnel	2026-02-27T23:17:33.9553781Z   pythonLocation: /home/runner/_work/_tool/Python/3.14.3/x64
job-core	Setup Kubectl Tunnel	2026-02-27T23:17:33.9554294Z   PKG_CONFIG_PATH: /home/runner/_work/_tool/Python/3.14.3/x64/lib/pkgconfig
job-core	Setup Kubectl Tunnel	2026-02-27T23:17:33.9564643Z   Python_ROOT_DIR: /home/runner/_work/_tool/Python/3.14.3/x64
job-core	Setup Kubectl Tunnel	2026-02-27T23:17:33.9565163Z   Python2_ROOT_DIR: /home/runner/_work/_tool/Python/3.14.3/x64
job-core	Setup Kubectl Tunnel	2026-02-27T23:17:33.9565628Z   Python3_ROOT_DIR: /home/runner/_work/_tool/Python/3.14.3/x64
job-core	Setup Kubectl Tunnel	2026-02-27T23:17:33.9566099Z   LD_LIBRARY_PATH: /home/runner/_work/_tool/Python/3.14.3/x64/lib
job-core	Setup Kubectl Tunnel	2026-02-27T23:17:33.9566542Z ##[endgroup]
job-core	Setup Kubectl Tunnel	2026-02-27T23:17:33.9774343Z ##[group]Run # Download the latest stable release of kubectl
job-core	Setup Kubectl Tunnel	2026-02-27T23:17:33.9775230Z [36;1m# Download the latest stable release of kubectl[0m
job-core	Setup Kubectl Tunnel	2026-02-27T23:17:33.9775763Z [36;1mcurl -LO "https://dl.k8s.io/release/v1.30.0/bin/linux/amd64/kubectl"[0m
job-core	Setup Kubectl Tunnel	2026-02-27T23:17:33.9776199Z [36;1m[0m
job-core	Setup Kubectl Tunnel	2026-02-27T23:17:33.9776739Z [36;1m# Validate binary (optional but recommended in official docs, skipping for speed/simplicity as per request)[0m
job-core	Setup Kubectl Tunnel	2026-02-27T23:17:33.9777331Z [36;1m[0m
job-core	Setup Kubectl Tunnel	2026-02-27T23:17:33.9778879Z [36;1m# Install kubectl[0m
job-core	Setup Kubectl Tunnel	2026-02-27T23:17:33.9779299Z [36;1msudo install -o root -g root -m 0755 kubectl /usr/local/bin/kubectl[0m
job-core	Setup Kubectl Tunnel	2026-02-27T23:17:33.9779725Z [36;1m[0m
job-core	Setup Kubectl Tunnel	2026-02-27T23:17:33.9779945Z [36;1m# Verify installation[0m
job-core	Setup Kubectl Tunnel	2026-02-27T23:17:33.9780245Z [36;1mkubectl version --client[0m
job-core	Setup Kubectl Tunnel	2026-02-27T23:17:33.9832776Z shell: /usr/bin/bash --noprofile --norc -e -o pipefail {0}
job-core	Setup Kubectl Tunnel	2026-02-27T23:17:33.9833298Z env:
job-core	Setup Kubectl Tunnel	2026-02-27T23:17:33.9833548Z   KAOS_MODULE: [Ka0S] Watchdog Node Health
job-core	Setup Kubectl Tunnel	2026-02-27T23:17:33.9833950Z   pythonLocation: /home/runner/_work/_tool/Python/3.14.3/x64
job-core	Setup Kubectl Tunnel	2026-02-27T23:17:33.9834458Z   PKG_CONFIG_PATH: /home/runner/_work/_tool/Python/3.14.3/x64/lib/pkgconfig
job-core	Setup Kubectl Tunnel	2026-02-27T23:17:33.9835382Z   Python_ROOT_DIR: /home/runner/_work/_tool/Python/3.14.3/x64
job-core	Setup Kubectl Tunnel	2026-02-27T23:17:33.9836495Z   Python2_ROOT_DIR: /home/runner/_work/_tool/Python/3.14.3/x64
job-core	Setup Kubectl Tunnel	2026-02-27T23:17:33.9836956Z   Python3_ROOT_DIR: /home/runner/_work/_tool/Python/3.14.3/x64
job-core	Setup Kubectl Tunnel	2026-02-27T23:17:33.9837430Z   LD_LIBRARY_PATH: /home/runner/_work/_tool/Python/3.14.3/x64/lib
job-core	Setup Kubectl Tunnel	2026-02-27T23:17:33.9837812Z ##[endgroup]
job-core	Setup Kubectl Tunnel	2026-02-27T23:17:34.0160396Z   % Total    % Received % Xferd  Average Speed   Time    Time     Time  Current
job-core	Setup Kubectl Tunnel	2026-02-27T23:17:34.0171550Z                                  Dload  Upload   Total   Spent    Left  Speed
job-core	Setup Kubectl Tunnel	2026-02-27T23:17:34.0176867Z 
job-core	Setup Kubectl Tunnel	2026-02-27T23:17:34.7245968Z   0     0    0     0    0     0      0      0 --:--:-- --:--:-- --:--:--     0
job-core	Setup Kubectl Tunnel	2026-02-27T23:17:34.7246823Z 100 49.0M  100 49.0M    0     0  69.2M      0 --:--:-- --:--:-- --:--:-- 69.3M
job-core	Setup Kubectl Tunnel	2026-02-27T23:17:35.0041428Z Client Version: v1.30.0
job-core	Setup Kubectl Tunnel	2026-02-27T23:17:35.0052329Z Kustomize Version: v5.0.4-0.20230601165947-6ce0bf390ce3
job-core	Setup Kubectl Tunnel	2026-02-27T23:17:35.0330158Z ##[group]Run mkdir -p ~/.ssh
job-core	Setup Kubectl Tunnel	2026-02-27T23:17:35.0330514Z [36;1mmkdir -p ~/.ssh[0m
job-core	Setup Kubectl Tunnel	2026-02-27T23:17:35.0330783Z [36;1m[0m
job-core	Setup Kubectl Tunnel	2026-02-27T23:17:35.0331008Z [36;1m# Write private key[0m
job-core	Setup Kubectl Tunnel	2026-02-27T23:17:35.0331812Z [36;1mecho "***[0m
job-core	Setup Kubectl Tunnel	2026-02-27T23:17:35.0332356Z [36;1m***[0m
job-core	Setup Kubectl Tunnel	2026-02-27T23:17:35.0332924Z [36;1m***[0m
job-core	Setup Kubectl Tunnel	2026-02-27T23:17:35.0333407Z [36;1m***[0m
job-core	Setup Kubectl Tunnel	2026-02-27T23:17:35.0333845Z [36;1m***[0m
job-core	Setup Kubectl Tunnel	2026-02-27T23:17:35.0334289Z [36;1m***[0m
job-core	Setup Kubectl Tunnel	2026-02-27T23:17:35.0342727Z [36;1m***" > ~/.ssh/id_rsa[0m
job-core	Setup Kubectl Tunnel	2026-02-27T23:17:35.0343063Z [36;1mchmod 600 ~/.ssh/id_rsa[0m
job-core	Setup Kubectl Tunnel	2026-02-27T23:17:35.0343557Z [36;1m[0m
job-core	Setup Kubectl Tunnel	2026-02-27T23:17:35.0343788Z [36;1m# Add host key to known_hosts[0m
job-core	Setup Kubectl Tunnel	2026-02-27T23:17:35.0497986Z [36;1mif [ -n "***" ]; then[0m
job-core	Setup Kubectl Tunnel	2026-02-27T23:17:35.0498624Z [36;1m    ssh-keyscan -p *** -H *** >> ~/.ssh/known_hosts 2>/dev/null || echo "Warning: ssh-keyscan failed"[0m
job-core	Setup Kubectl Tunnel	2026-02-27T23:17:35.0499184Z [36;1mfi[0m
job-core	Setup Kubectl Tunnel	2026-02-27T23:17:35.0550912Z shell: /usr/bin/bash --noprofile --norc -e -o pipefail {0}
job-core	Setup Kubectl Tunnel	2026-02-27T23:17:35.0551795Z env:
job-core	Setup Kubectl Tunnel	2026-02-27T23:17:35.0552193Z   KAOS_MODULE: [Ka0S] Watchdog Node Health
job-core	Setup Kubectl Tunnel	2026-02-27T23:17:35.0552635Z   pythonLocation: /home/runner/_work/_tool/Python/3.14.3/x64
job-core	Setup Kubectl Tunnel	2026-02-27T23:17:35.0553389Z   PKG_CONFIG_PATH: /home/runner/_work/_tool/Python/3.14.3/x64/lib/pkgconfig
job-core	Setup Kubectl Tunnel	2026-02-27T23:17:35.0553910Z   Python_ROOT_DIR: /home/runner/_work/_tool/Python/3.14.3/x64
job-core	Setup Kubectl Tunnel	2026-02-27T23:17:35.0554376Z   Python2_ROOT_DIR: /home/runner/_work/_tool/Python/3.14.3/x64
job-core	Setup Kubectl Tunnel	2026-02-27T23:17:35.0554988Z   Python3_ROOT_DIR: /home/runner/_work/_tool/Python/3.14.3/x64
job-core	Setup Kubectl Tunnel	2026-02-27T23:17:35.0555459Z   LD_LIBRARY_PATH: /home/runner/_work/_tool/Python/3.14.3/x64/lib
job-core	Setup Kubectl Tunnel	2026-02-27T23:17:35.0555854Z ##[endgroup]
job-core	Setup Kubectl Tunnel	2026-02-27T23:17:35.5799333Z ##[group]Run echo "Starting SSH Tunnel to ***..."
job-core	Setup Kubectl Tunnel	2026-02-27T23:17:35.5799936Z [36;1mecho "Starting SSH Tunnel to ***..."[0m
job-core	Setup Kubectl Tunnel	2026-02-27T23:17:35.5800354Z [36;1m# -f: Background, -N: No command, -L: Local forwarding[0m
job-core	Setup Kubectl Tunnel	2026-02-27T23:17:35.5800782Z [36;1m# Maps LocalPort:RemoteHost:RemotePort. [0m
job-core	Setup Kubectl Tunnel	2026-02-27T23:17:35.5801298Z [36;1m# We map Runner:6443 -> Remote:Localhost:6443 (Assuming API is local to the SSH host)[0m
job-core	Setup Kubectl Tunnel	2026-02-27T23:17:35.5801811Z [36;1mssh -f -N -L 6443:127.0.0.1:6443 \[0m
job-core	Setup Kubectl Tunnel	2026-02-27T23:17:35.5802135Z [36;1m    -p *** \[0m
job-core	Setup Kubectl Tunnel	2026-02-27T23:17:35.5802383Z [36;1m    -i ~/.ssh/id_rsa \[0m
job-core	Setup Kubectl Tunnel	2026-02-27T23:17:35.5802729Z [36;1m    ***@***[0m
job-core	Setup Kubectl Tunnel	2026-02-27T23:17:35.5802968Z [36;1m[0m
job-core	Setup Kubectl Tunnel	2026-02-27T23:17:35.5803218Z [36;1mecho "Tunnel established on 127.0.0.1:6443"[0m
job-core	Setup Kubectl Tunnel	2026-02-27T23:17:35.5879234Z shell: /usr/bin/bash --noprofile --norc -e -o pipefail {0}
job-core	Setup Kubectl Tunnel	2026-02-27T23:17:35.5879642Z env:
job-core	Setup Kubectl Tunnel	2026-02-27T23:17:35.5879886Z   KAOS_MODULE: [Ka0S] Watchdog Node Health
job-core	Setup Kubectl Tunnel	2026-02-27T23:17:35.5880301Z   pythonLocation: /home/runner/_work/_tool/Python/3.14.3/x64
job-core	Setup Kubectl Tunnel	2026-02-27T23:17:35.5880799Z   PKG_CONFIG_PATH: /home/runner/_work/_tool/Python/3.14.3/x64/lib/pkgconfig
job-core	Setup Kubectl Tunnel	2026-02-27T23:17:35.5881296Z   Python_ROOT_DIR: /home/runner/_work/_tool/Python/3.14.3/x64
job-core	Setup Kubectl Tunnel	2026-02-27T23:17:35.5881746Z   Python2_ROOT_DIR: /home/runner/_work/_tool/Python/3.14.3/x64
job-core	Setup Kubectl Tunnel	2026-02-27T23:17:35.5882194Z   Python3_ROOT_DIR: /home/runner/_work/_tool/Python/3.14.3/x64
job-core	Setup Kubectl Tunnel	2026-02-27T23:17:35.5882974Z   LD_LIBRARY_PATH: /home/runner/_work/_tool/Python/3.14.3/x64/lib
job-core	Setup Kubectl Tunnel	2026-02-27T23:17:35.5883349Z ##[endgroup]
job-core	Setup Kubectl Tunnel	2026-02-27T23:17:35.6008242Z Starting SSH Tunnel to ***...
job-core	Setup Kubectl Tunnel	2026-02-27T23:17:35.8499820Z Tunnel established on 127.0.0.1:6443
job-core	Setup Kubectl Tunnel	2026-02-27T23:17:35.8593060Z ##[group]Run # Fetch kubeconfig from default location on remote
job-core	Setup Kubectl Tunnel	2026-02-27T23:17:35.8634221Z [36;1m# Fetch kubeconfig from default location on remote[0m
job-core	Setup Kubectl Tunnel	2026-02-27T23:17:35.8636073Z [36;1mecho "Fetching remote kubeconfig..."[0m
job-core	Setup Kubectl Tunnel	2026-02-27T23:17:35.8636771Z [36;1mssh -p *** -i ~/.ssh/id_rsa ***@*** "cat ~/.kube/config" > ./kubeconfig_raw[0m
job-core	Setup Kubectl Tunnel	2026-02-27T23:17:35.8637217Z [36;1m[0m
job-core	Setup Kubectl Tunnel	2026-02-27T23:17:35.8637508Z [36;1m# Patch the server URL to point to the local tunnel[0m
job-core	Setup Kubectl Tunnel	2026-02-27T23:17:35.8637987Z [36;1m# Replaces any IP/Hostname in the server URL with 127.0.0.1[0m
job-core	Setup Kubectl Tunnel	2026-02-27T23:17:35.8638540Z [36;1m# Example: https://***:6443 -> https://127.0.0.1:6443[0m
job-core	Setup Kubectl Tunnel	2026-02-27T23:17:35.8639257Z [36;1msed -E "s/server: https:\/\/[0-9a-zA-Z\.\-]+:6443/server: https:\/\/127.0.0.1:6443/g" ./kubeconfig_raw > ./kubeconfig_tunneled[0m
job-core	Setup Kubectl Tunnel	2026-02-27T23:17:35.8639859Z [36;1m[0m
job-core	Setup Kubectl Tunnel	2026-02-27T23:17:35.8640090Z [36;1m# Move to a standard location[0m
job-core	Setup Kubectl Tunnel	2026-02-27T23:17:35.8640407Z [36;1mmkdir -p ~/.kube[0m
job-core	Setup Kubectl Tunnel	2026-02-27T23:17:35.8640718Z [36;1mmv ./kubeconfig_tunneled ~/.kube/config[0m
job-core	Setup Kubectl Tunnel	2026-02-27T23:17:35.8641061Z [36;1mchmod 600 ~/.kube/config[0m
job-core	Setup Kubectl Tunnel	2026-02-27T23:17:35.8641340Z [36;1m[0m
job-core	Setup Kubectl Tunnel	2026-02-27T23:17:35.8641755Z [36;1m# Set Skip TLS Verify (since certificate is for the private IP/Hostname, not localhost)[0m
job-core	Setup Kubectl Tunnel	2026-02-27T23:17:35.8642797Z [36;1m# We must detect the cluster name dynamically because it might not be 'default'[0m
job-core	Setup Kubectl Tunnel	2026-02-27T23:17:35.8643264Z [36;1m[0m
job-core	Setup Kubectl Tunnel	2026-02-27T23:17:35.8643559Z [36;1mCURRENT_CONTEXT=$(kubectl config current-context)[0m
job-core	Setup Kubectl Tunnel	2026-02-27T23:17:35.8644215Z [36;1mCLUSTER_NAME=$(kubectl config view -o jsonpath="{.contexts[?(@.name=='$CURRENT_CONTEXT')].context.cluster}")[0m
job-core	Setup Kubectl Tunnel	2026-02-27T23:17:35.8644996Z [36;1m[0m
job-core	Setup Kubectl Tunnel	2026-02-27T23:17:35.8645307Z [36;1mecho "Configuring TLS skip for cluster: $CLUSTER_NAME"[0m
job-core	Setup Kubectl Tunnel	2026-02-27T23:17:35.8645689Z [36;1m[0m
job-core	Setup Kubectl Tunnel	2026-02-27T23:17:35.8645972Z [36;1m# Disable TLS verification for the active cluster[0m
job-core	Setup Kubectl Tunnel	2026-02-27T23:17:35.8646511Z [36;1mkubectl config set-cluster "$CLUSTER_NAME" --insecure-skip-tls-verify=true[0m
job-core	Setup Kubectl Tunnel	2026-02-27T23:17:35.8646990Z [36;1m[0m
job-core	Setup Kubectl Tunnel	2026-02-27T23:17:35.8647325Z [36;1m# Unset CA data to ensure insecure mode works (avoid conflicts)[0m
job-core	Setup Kubectl Tunnel	2026-02-27T23:17:35.8647910Z [36;1mkubectl config unset "clusters.$CLUSTER_NAME.certificate-authority-data"[0m
job-core	Setup Kubectl Tunnel	2026-02-27T23:17:35.8648390Z [36;1m[0m
job-core	Setup Kubectl Tunnel	2026-02-27T23:17:35.8648674Z [36;1mecho "path=~/.kube/config" >> $GITHUB_OUTPUT[0m
job-core	Setup Kubectl Tunnel	2026-02-27T23:17:35.8649094Z [36;1mecho "Kubeconfig configured successfully."[0m
job-core	Setup Kubectl Tunnel	2026-02-27T23:17:35.8670919Z shell: /usr/bin/bash --noprofile --norc -e -o pipefail {0}
job-core	Setup Kubectl Tunnel	2026-02-27T23:17:35.8671311Z env:
job-core	Setup Kubectl Tunnel	2026-02-27T23:17:35.8671558Z   KAOS_MODULE: [Ka0S] Watchdog Node Health
job-core	Setup Kubectl Tunnel	2026-02-27T23:17:35.8671977Z   pythonLocation: /home/runner/_work/_tool/Python/3.14.3/x64
job-core	Setup Kubectl Tunnel	2026-02-27T23:17:35.8672487Z   PKG_CONFIG_PATH: /home/runner/_work/_tool/Python/3.14.3/x64/lib/pkgconfig
job-core	Setup Kubectl Tunnel	2026-02-27T23:17:35.8672994Z   Python_ROOT_DIR: /home/runner/_work/_tool/Python/3.14.3/x64
job-core	Setup Kubectl Tunnel	2026-02-27T23:17:35.8673451Z   Python2_ROOT_DIR: /home/runner/_work/_tool/Python/3.14.3/x64
job-core	Setup Kubectl Tunnel	2026-02-27T23:17:35.8673916Z   Python3_ROOT_DIR: /home/runner/_work/_tool/Python/3.14.3/x64
job-core	Setup Kubectl Tunnel	2026-02-27T23:17:35.8674379Z   LD_LIBRARY_PATH: /home/runner/_work/_tool/Python/3.14.3/x64/lib
job-core	Setup Kubectl Tunnel	2026-02-27T23:17:35.8675034Z ##[endgroup]
job-core	Setup Kubectl Tunnel	2026-02-27T23:17:35.9250836Z Fetching remote kubeconfig...
job-core	Setup Kubectl Tunnel	2026-02-27T23:17:37.0370024Z Configuring TLS skip for cluster: kubernetes
job-core	Setup Kubectl Tunnel	2026-02-27T23:17:37.2197898Z Cluster "kubernetes" set.
job-core	Setup Kubectl Tunnel	2026-02-27T23:17:37.3230216Z Property "clusters.kubernetes.certificate-authority-data" unset.
job-core	Setup Kubectl Tunnel	2026-02-27T23:17:37.3306643Z Kubeconfig configured successfully.
job-core	Setup Kubectl Tunnel	2026-02-27T23:17:37.3546696Z ##[group]Run kubectl get nodes
job-core	Setup Kubectl Tunnel	2026-02-27T23:17:37.3547050Z [36;1mkubectl get nodes[0m
job-core	Setup Kubectl Tunnel	2026-02-27T23:17:37.3571256Z shell: /usr/bin/bash --noprofile --norc -e -o pipefail {0}
job-core	Setup Kubectl Tunnel	2026-02-27T23:17:37.3571653Z env:
job-core	Setup Kubectl Tunnel	2026-02-27T23:17:37.3571893Z   KAOS_MODULE: [Ka0S] Watchdog Node Health
job-core	Setup Kubectl Tunnel	2026-02-27T23:17:37.3572299Z   pythonLocation: /home/runner/_work/_tool/Python/3.14.3/x64
job-core	Setup Kubectl Tunnel	2026-02-27T23:17:37.3572799Z   PKG_CONFIG_PATH: /home/runner/_work/_tool/Python/3.14.3/x64/lib/pkgconfig
job-core	Setup Kubectl Tunnel	2026-02-27T23:17:37.3573310Z   Python_ROOT_DIR: /home/runner/_work/_tool/Python/3.14.3/x64
job-core	Setup Kubectl Tunnel	2026-02-27T23:17:37.3573792Z   Python2_ROOT_DIR: /home/runner/_work/_tool/Python/3.14.3/x64
job-core	Setup Kubectl Tunnel	2026-02-27T23:17:37.3574248Z   Python3_ROOT_DIR: /home/runner/_work/_tool/Python/3.14.3/x64
job-core	Setup Kubectl Tunnel	2026-02-27T23:17:37.3574770Z   LD_LIBRARY_PATH: /home/runner/_work/_tool/Python/3.14.3/x64/lib
job-core	Setup Kubectl Tunnel	2026-02-27T23:17:37.3575156Z ##[endgroup]
job-core	Setup Kubectl Tunnel	2026-02-27T23:17:37.7255324Z NAME         STATUS                     ROLES           AGE   VERSION
job-core	Setup Kubectl Tunnel	2026-02-27T23:17:37.7257484Z k8-manager   Ready                      control-plane   71d   v1.32.11
job-core	Setup Kubectl Tunnel	2026-02-27T23:17:37.7271911Z k8-node-20   Ready                      <none>          71d   v1.32.11
job-core	Setup Kubectl Tunnel	2026-02-27T23:17:37.7273250Z k8-node-30   Ready,SchedulingDisabled   <none>          51d   v1.32.11
job-core	Setup Kubectl Tunnel	2026-02-27T23:17:37.7274148Z k8-node-40   Ready,SchedulingDisabled   <none>          23d   v1.32.11
job-core	Detect Unhealthy Nodes	ï»¿2026-02-27T23:17:37.7588471Z ##[group]Run chmod +x .github/scripts/watchdog-disk-pressure.py
job-core	Detect Unhealthy Nodes	2026-02-27T23:17:37.7589255Z [36;1mchmod +x .github/scripts/watchdog-disk-pressure.py[0m
job-core	Detect Unhealthy Nodes	2026-02-27T23:17:37.7589769Z [36;1mNODES=$(python3 .github/scripts/watchdog-disk-pressure.py)[0m
job-core	Detect Unhealthy Nodes	2026-02-27T23:17:37.7590184Z [36;1m[0m
job-core	Detect Unhealthy Nodes	2026-02-27T23:17:37.7590420Z [36;1mif [ -z "$NODES" ]; then[0m
job-core	Detect Unhealthy Nodes	2026-02-27T23:17:37.7590799Z [36;1m  echo "âœ… All nodes are healthy (No DiskPressure)."[0m
job-core	Detect Unhealthy Nodes	2026-02-27T23:17:37.7591202Z [36;1m  echo "nodes=" >> $GITHUB_OUTPUT[0m
job-core	Detect Unhealthy Nodes	2026-02-27T23:17:37.7591511Z [36;1melse[0m
job-core	Detect Unhealthy Nodes	2026-02-27T23:17:37.7591792Z [36;1m  echo "âš ï¸ Found nodes with DiskPressure:"[0m
job-core	Detect Unhealthy Nodes	2026-02-27T23:17:37.7592164Z [36;1m  echo "$NODES"[0m
job-core	Detect Unhealthy Nodes	2026-02-27T23:17:37.7592549Z [36;1m  # Replace newlines with spaces or keep as multiline for output? [0m
job-core	Detect Unhealthy Nodes	2026-02-27T23:17:37.7593173Z [36;1m  # Multiline strings in output are tricky. Let's use JSON or just space separated.[0m
job-core	Detect Unhealthy Nodes	2026-02-27T23:17:37.7593811Z [36;1m  # For loop below handles space separated fine if names don't have spaces.[0m
job-core	Detect Unhealthy Nodes	2026-02-27T23:17:37.7594362Z [36;1m  NODES_FLAT=$(echo "$NODES" | tr '\n' ' ')[0m
job-core	Detect Unhealthy Nodes	2026-02-27T23:17:37.7595066Z [36;1m  echo "nodes=$NODES_FLAT" >> $GITHUB_OUTPUT[0m
job-core	Detect Unhealthy Nodes	2026-02-27T23:17:37.7595408Z [36;1mfi[0m
job-core	Detect Unhealthy Nodes	2026-02-27T23:17:37.7620234Z shell: /usr/bin/bash -e {0}
job-core	Detect Unhealthy Nodes	2026-02-27T23:17:37.7620535Z env:
job-core	Detect Unhealthy Nodes	2026-02-27T23:17:37.7620782Z   KAOS_MODULE: [Ka0S] Watchdog Node Health
job-core	Detect Unhealthy Nodes	2026-02-27T23:17:37.7621190Z   pythonLocation: /home/runner/_work/_tool/Python/3.14.3/x64
job-core	Detect Unhealthy Nodes	2026-02-27T23:17:37.7621700Z   PKG_CONFIG_PATH: /home/runner/_work/_tool/Python/3.14.3/x64/lib/pkgconfig
job-core	Detect Unhealthy Nodes	2026-02-27T23:17:37.7622225Z   Python_ROOT_DIR: /home/runner/_work/_tool/Python/3.14.3/x64
job-core	Detect Unhealthy Nodes	2026-02-27T23:17:37.7622685Z   Python2_ROOT_DIR: /home/runner/_work/_tool/Python/3.14.3/x64
job-core	Detect Unhealthy Nodes	2026-02-27T23:17:37.7623140Z   Python3_ROOT_DIR: /home/runner/_work/_tool/Python/3.14.3/x64
job-core	Detect Unhealthy Nodes	2026-02-27T23:17:37.7623605Z   LD_LIBRARY_PATH: /home/runner/_work/_tool/Python/3.14.3/x64/lib
job-core	Detect Unhealthy Nodes	2026-02-27T23:17:37.7623986Z ##[endgroup]
job-core	Detect Unhealthy Nodes	2026-02-27T23:17:37.9779002Z âœ… All nodes are healthy (No DiskPressure).
job-core	Post Setup Python	ï»¿2026-02-27T23:17:38.0074385Z Post job cleanup.
job-core	Post Checkout	ï»¿2026-02-27T23:17:38.3490587Z Post job cleanup.
job-core	Post Checkout	2026-02-27T23:17:38.5485361Z [command]/usr/bin/git version
job-core	Post Checkout	2026-02-27T23:17:38.5549159Z git version 2.53.0
job-core	Post Checkout	2026-02-27T23:17:38.5678413Z Temporarily overriding HOME='/home/runner/_work/_temp/91d3cd87-4df4-4b97-b13a-d0f139530f24' before making global git config changes
job-core	Post Checkout	2026-02-27T23:17:38.5684167Z Adding repository directory to the temporary git global config as a safe directory
job-core	Post Checkout	2026-02-27T23:17:38.5695116Z [command]/usr/bin/git config --global --add safe.directory /home/runner/_work/ka0s/ka0s
job-core	Post Checkout	2026-02-27T23:17:38.5859366Z [command]/usr/bin/git config --local --name-only --get-regexp core\.sshCommand
job-core	Post Checkout	2026-02-27T23:17:38.5948585Z [command]/usr/bin/git submodule foreach --recursive sh -c "git config --local --name-only --get-regexp 'core\.sshCommand' && git config --local --unset-all 'core.sshCommand' || :"
job-core	Post Checkout	2026-02-27T23:17:38.6601283Z [command]/usr/bin/git config --local --name-only --get-regexp http\.https\:\/\/github\.com\/\.extraheader
job-core	Post Checkout	2026-02-27T23:17:38.6656006Z http.https://github.com/.extraheader
job-core	Post Checkout	2026-02-27T23:17:38.6659107Z [command]/usr/bin/git config --local --unset-all http.https://github.com/.extraheader
job-core	Post Checkout	2026-02-27T23:17:38.6709453Z [command]/usr/bin/git submodule foreach --recursive sh -c "git config --local --name-only --get-regexp 'http\.https\:\/\/github\.com\/\.extraheader' && git config --local --unset-all 'http.https://github.com/.extraheader' || :"
job-core	Post Checkout	2026-02-27T23:17:38.7100066Z [command]/usr/bin/git config --local --name-only --get-regexp ^includeIf\.gitdir:
job-core	Post Checkout	2026-02-27T23:17:38.7150213Z [command]/usr/bin/git submodule foreach --recursive git config --local --show-origin --name-only --get-regexp remote.origin.url
job-core	Complete job	ï»¿2026-02-27T23:17:38.7676726Z Evaluate and set job outputs
job-core	Complete job	2026-02-27T23:17:38.7688399Z Cleaning up orphan processes
job-core	Complete job	2026-02-27T23:17:38.7785315Z Terminate orphan process: pid (290) (ssh)
handle-success	Set up job	ï»¿2026-02-27T23:17:52.0797189Z Current runner version: '2.332.0'
handle-success	Set up job	2026-02-27T23:17:52.0807689Z Runner name: 'swarm-runners-scaleset-hkss5-runner-pnpwd'
handle-success	Set up job	2026-02-27T23:17:52.0808816Z Runner group name: 'Default'
handle-success	Set up job	2026-02-27T23:17:52.0809895Z Machine name: 'swarm-runners-scaleset-hkss5-runner-pnpwd'
handle-success	Set up job	2026-02-27T23:17:52.0815958Z ##[group]GITHUB_TOKEN Permissions
handle-success	Set up job	2026-02-27T23:17:52.0818525Z Actions: write
handle-success	Set up job	2026-02-27T23:17:52.0819203Z Contents: read
handle-success	Set up job	2026-02-27T23:17:52.0819772Z Issues: write
handle-success	Set up job	2026-02-27T23:17:52.0820304Z Metadata: read
handle-success	Set up job	2026-02-27T23:17:52.0820919Z ##[endgroup]
handle-success	Set up job	2026-02-27T23:17:52.0823071Z Secret source: Actions
handle-success	Set up job	2026-02-27T23:17:52.0823845Z Prepare workflow directory
handle-success	Set up job	2026-02-27T23:17:52.1432877Z Prepare all required actions
handle-success	Set up job	2026-02-27T23:17:52.1477410Z Getting action download info
handle-success	Set up job	2026-02-27T23:17:52.7474377Z Download action repository 'actions/checkout@v4' (SHA:34e114876b0b11c390a56381ad16ebd13914f8d5)
handle-success	Set up job	2026-02-27T23:17:53.5943719Z Complete job name: handle-success
handle-success	Log Success	ï»¿2026-02-27T23:17:53.6474050Z ##[group]Run echo "Watchdog scan completed successfully."
handle-success	Log Success	2026-02-27T23:17:53.6475323Z [36;1mecho "Watchdog scan completed successfully."[0m
handle-success	Log Success	2026-02-27T23:17:53.6492958Z shell: /usr/bin/bash -e {0}
handle-success	Log Success	2026-02-27T23:17:53.6493738Z env:
handle-success	Log Success	2026-02-27T23:17:53.6494154Z   KAOS_MODULE: [Ka0S] Watchdog Node Health
handle-success	Log Success	2026-02-27T23:17:53.6495738Z   GH_TOKEN: ***
handle-success	Log Success	2026-02-27T23:17:53.6496119Z ##[endgroup]
handle-success	Log Success	2026-02-27T23:17:53.6620589Z Watchdog scan completed successfully.
handle-success	Checkout Repository	ï»¿2026-02-27T23:17:53.6905928Z ##[group]Run actions/checkout@v4
handle-success	Checkout Repository	2026-02-27T23:17:53.6906508Z with:
handle-success	Checkout Repository	2026-02-27T23:17:53.6906869Z   fetch-depth: 0
handle-success	Checkout Repository	2026-02-27T23:17:53.6907275Z   repository: Ka0s-Klaus/ka0s
handle-success	Checkout Repository	2026-02-27T23:17:53.6907930Z   token: ***
handle-success	Checkout Repository	2026-02-27T23:17:53.6908298Z   ssh-strict: true
handle-success	Checkout Repository	2026-02-27T23:17:53.6908681Z   ssh-user: git
handle-success	Checkout Repository	2026-02-27T23:17:53.6909072Z   persist-credentials: true
handle-success	Checkout Repository	2026-02-27T23:17:53.6909502Z   clean: true
handle-success	Checkout Repository	2026-02-27T23:17:53.6909898Z   sparse-checkout-cone-mode: true
handle-success	Checkout Repository	2026-02-27T23:17:53.6910362Z   fetch-tags: false
handle-success	Checkout Repository	2026-02-27T23:17:53.6910756Z   show-progress: true
handle-success	Checkout Repository	2026-02-27T23:17:53.6911170Z   lfs: false
handle-success	Checkout Repository	2026-02-27T23:17:53.6911529Z   submodules: false
handle-success	Checkout Repository	2026-02-27T23:17:53.6911930Z   set-safe-directory: true
handle-success	Checkout Repository	2026-02-27T23:17:53.6912344Z env:
handle-success	Checkout Repository	2026-02-27T23:17:53.6912716Z   KAOS_MODULE: [Ka0S] Watchdog Node Health
handle-success	Checkout Repository	2026-02-27T23:17:53.6913334Z   GH_TOKEN: ***
handle-success	Checkout Repository	2026-02-27T23:17:53.6913711Z ##[endgroup]
handle-success	Checkout Repository	2026-02-27T23:17:53.8141745Z Syncing repository: Ka0s-Klaus/ka0s
handle-success	Checkout Repository	2026-02-27T23:17:53.8143556Z ##[group]Getting Git version info
handle-success	Checkout Repository	2026-02-27T23:17:53.8144238Z Working directory is '/home/runner/_work/ka0s/ka0s'
handle-success	Checkout Repository	2026-02-27T23:17:53.8145785Z [command]/usr/bin/git version
handle-success	Checkout Repository	2026-02-27T23:17:53.8146241Z git version 2.53.0
handle-success	Checkout Repository	2026-02-27T23:17:53.8163743Z ##[endgroup]
handle-success	Checkout Repository	2026-02-27T23:17:53.8183486Z Temporarily overriding HOME='/home/runner/_work/_temp/280deacf-1612-469c-8533-8d904213b5eb' before making global git config changes
handle-success	Checkout Repository	2026-02-27T23:17:53.8185237Z Adding repository directory to the temporary git global config as a safe directory
handle-success	Checkout Repository	2026-02-27T23:17:53.8191370Z [command]/usr/bin/git config --global --add safe.directory /home/runner/_work/ka0s/ka0s
handle-success	Checkout Repository	2026-02-27T23:17:53.8240958Z Deleting the contents of '/home/runner/_work/ka0s/ka0s'
handle-success	Checkout Repository	2026-02-27T23:17:53.8246799Z ##[group]Initializing the repository
handle-success	Checkout Repository	2026-02-27T23:17:53.8261161Z [command]/usr/bin/git init /home/runner/_work/ka0s/ka0s
handle-success	Checkout Repository	2026-02-27T23:17:53.8320111Z hint: Using 'master' as the name for the initial branch. This default branch name
handle-success	Checkout Repository	2026-02-27T23:17:53.8321650Z hint: will change to "main" in Git 3.0. To configure the initial branch name
handle-success	Checkout Repository	2026-02-27T23:17:53.8323058Z hint: to use in all of your new repositories, which will suppress this warning,
handle-success	Checkout Repository	2026-02-27T23:17:53.8323809Z hint: call:
handle-success	Checkout Repository	2026-02-27T23:17:53.8324180Z hint:
handle-success	Checkout Repository	2026-02-27T23:17:53.8325010Z hint: 	git config --global init.defaultBranch <name>
handle-success	Checkout Repository	2026-02-27T23:17:53.8325869Z hint:
handle-success	Checkout Repository	2026-02-27T23:17:53.8326531Z hint: Names commonly chosen instead of 'master' are 'main', 'trunk' and
handle-success	Checkout Repository	2026-02-27T23:17:53.8327409Z hint: 'development'. The just-created branch can be renamed via this command:
handle-success	Checkout Repository	2026-02-27T23:17:53.8328819Z hint:
handle-success	Checkout Repository	2026-02-27T23:17:53.8329198Z hint: 	git branch -m <name>
handle-success	Checkout Repository	2026-02-27T23:17:53.8329909Z hint:
handle-success	Checkout Repository	2026-02-27T23:17:53.8330773Z hint: Disable this message with "git config set advice.defaultBranchName false"
handle-success	Checkout Repository	2026-02-27T23:17:53.8331672Z Initialized empty Git repository in /home/runner/_work/ka0s/ka0s/.git/
handle-success	Checkout Repository	2026-02-27T23:17:53.8336102Z [command]/usr/bin/git remote add origin https://github.com/Ka0s-Klaus/ka0s
handle-success	Checkout Repository	2026-02-27T23:17:53.8381762Z ##[endgroup]
handle-success	Checkout Repository	2026-02-27T23:17:53.8382651Z ##[group]Disabling automatic garbage collection
handle-success	Checkout Repository	2026-02-27T23:17:53.8386762Z [command]/usr/bin/git config --local gc.auto 0
handle-success	Checkout Repository	2026-02-27T23:17:53.8428242Z ##[endgroup]
handle-success	Checkout Repository	2026-02-27T23:17:53.8429091Z ##[group]Setting up auth
handle-success	Checkout Repository	2026-02-27T23:17:53.8435700Z [command]/usr/bin/git config --local --name-only --get-regexp core\.sshCommand
handle-success	Checkout Repository	2026-02-27T23:17:53.8480529Z [command]/usr/bin/git submodule foreach --recursive sh -c "git config --local --name-only --get-regexp 'core\.sshCommand' && git config --local --unset-all 'core.sshCommand' || :"
handle-success	Checkout Repository	2026-02-27T23:17:53.8812314Z [command]/usr/bin/git config --local --name-only --get-regexp http\.https\:\/\/github\.com\/\.extraheader
handle-success	Checkout Repository	2026-02-27T23:17:53.8851094Z [command]/usr/bin/git submodule foreach --recursive sh -c "git config --local --name-only --get-regexp 'http\.https\:\/\/github\.com\/\.extraheader' && git config --local --unset-all 'http.https://github.com/.extraheader' || :"
handle-success	Checkout Repository	2026-02-27T23:17:53.9181786Z [command]/usr/bin/git config --local --name-only --get-regexp ^includeIf\.gitdir:
handle-success	Checkout Repository	2026-02-27T23:17:53.9224123Z [command]/usr/bin/git submodule foreach --recursive git config --local --show-origin --name-only --get-regexp remote.origin.url
handle-success	Checkout Repository	2026-02-27T23:17:53.9569025Z [command]/usr/bin/git config --local http.https://github.com/.extraheader AUTHORIZATION: basic ***
handle-success	Checkout Repository	2026-02-27T23:17:53.9620805Z ##[endgroup]
handle-success	Checkout Repository	2026-02-27T23:17:53.9621702Z ##[group]Fetching the repository
handle-success	Checkout Repository	2026-02-27T23:17:53.9630043Z [command]/usr/bin/git -c protocol.version=2 fetch --prune --no-recurse-submodules origin +refs/heads/*:refs/remotes/origin/* +refs/tags/*:refs/tags/*
handle-success	Checkout Repository	2026-02-27T23:18:26.3596510Z From https://github.com/Ka0s-Klaus/ka0s
handle-success	Checkout Repository	2026-02-27T23:18:26.3600758Z  * [new branch]          F3450-modelo-operativo -> origin/F3450-modelo-operativo
handle-success	Checkout Repository	2026-02-27T23:18:26.3604998Z  * [new branch]          H1276-modulo-observabilidad -> origin/H1276-modulo-observabilidad
handle-success	Checkout Repository	2026-02-27T23:18:26.3608887Z  * [new branch]          H3596-deploy-itop      -> origin/H3596-deploy-itop
handle-success	Checkout Repository	2026-02-27T23:18:26.3612861Z  * [new branch]          H4170-flujo-detallado-zabbix---github -> origin/H4170-flujo-detallado-zabbix---github
handle-success	Checkout Repository	2026-02-27T23:18:26.3616942Z  * [new branch]          H4191-request-cambios  -> origin/H4191-request-cambios
handle-success	Checkout Repository	2026-02-27T23:18:26.3620897Z  * [new branch]          H4200-request-recomendaciones-de-auditoria -> origin/H4200-request-recomendaciones-de-auditoria
handle-success	Checkout Repository	2026-02-27T23:18:26.3636708Z  * [new branch]          main                   -> origin/main
handle-success	Checkout Repository	2026-02-27T23:18:26.3640468Z  * [new tag]             0.0.0                  -> 0.0.0
handle-success	Checkout Repository	2026-02-27T23:18:26.3644154Z  * [new tag]             0.0.1                  -> 0.0.1
handle-success	Checkout Repository	2026-02-27T23:18:26.3715491Z  * [new tag]             0.0.10                 -> 0.0.10
handle-success	Checkout Repository	2026-02-27T23:18:26.3719374Z  * [new tag]             0.0.100                -> 0.0.100
handle-success	Checkout Repository	2026-02-27T23:18:26.3722436Z  * [new tag]             0.0.101                -> 0.0.101
handle-success	Checkout Repository	2026-02-27T23:18:26.3727026Z  * [new tag]             0.0.102                -> 0.0.102
handle-success	Checkout Repository	2026-02-27T23:18:26.3727732Z  * [new tag]             0.0.103                -> 0.0.103
handle-success	Checkout Repository	2026-02-27T23:18:26.3728147Z  * [new tag]             0.0.104                -> 0.0.104
handle-success	Checkout Repository	2026-02-27T23:18:26.3728525Z  * [new tag]             0.0.105                -> 0.0.105
handle-success	Checkout Repository	2026-02-27T23:18:26.3728902Z  * [new tag]             0.0.106                -> 0.0.106
handle-success	Checkout Repository	2026-02-27T23:18:26.3729286Z  * [new tag]             0.0.107                -> 0.0.107
handle-success	Checkout Repository	2026-02-27T23:18:26.3729691Z  * [new tag]             0.0.108                -> 0.0.108
handle-success	Checkout Repository	2026-02-27T23:18:26.3730104Z  * [new tag]             0.0.109                -> 0.0.109
handle-success	Checkout Repository	2026-02-27T23:18:26.3731309Z  * [new tag]             0.0.11                 -> 0.0.11
handle-success	Checkout Repository	2026-02-27T23:18:26.3731711Z  * [new tag]             0.0.110                -> 0.0.110
handle-success	Checkout Repository	2026-02-27T23:18:26.3732142Z  * [new tag]             0.0.111                -> 0.0.111
handle-success	Checkout Repository	2026-02-27T23:18:26.3732621Z  * [new tag]             0.0.112                -> 0.0.112
handle-success	Checkout Repository	2026-02-27T23:18:26.3733072Z  * [new tag]             0.0.113                -> 0.0.113
handle-success	Checkout Repository	2026-02-27T23:18:26.3733594Z  * [new tag]             0.0.114                -> 0.0.114
handle-success	Checkout Repository	2026-02-27T23:18:26.3734084Z  * [new tag]             0.0.115                -> 0.0.115
handle-success	Checkout Repository	2026-02-27T23:18:26.3745012Z  * [new tag]             0.0.116                -> 0.0.116
handle-success	Checkout Repository	2026-02-27T23:18:26.3745840Z  * [new tag]             0.0.117                -> 0.0.117
handle-success	Checkout Repository	2026-02-27T23:18:26.3746312Z  * [new tag]             0.0.118                -> 0.0.118
handle-success	Checkout Repository	2026-02-27T23:18:26.3746754Z  * [new tag]             0.0.119                -> 0.0.119
handle-success	Checkout Repository	2026-02-27T23:18:26.3747195Z  * [new tag]             0.0.12                 -> 0.0.12
handle-success	Checkout Repository	2026-02-27T23:18:26.3747634Z  * [new tag]             0.0.120                -> 0.0.120
handle-success	Checkout Repository	2026-02-27T23:18:26.3748067Z  * [new tag]             0.0.121                -> 0.0.121
handle-success	Checkout Repository	2026-02-27T23:18:26.3748494Z  * [new tag]             0.0.122                -> 0.0.122
handle-success	Checkout Repository	2026-02-27T23:18:26.3748869Z  * [new tag]             0.0.123                -> 0.0.123
handle-success	Checkout Repository	2026-02-27T23:18:26.3749654Z  * [new tag]             0.0.124                -> 0.0.124
handle-success	Checkout Repository	2026-02-27T23:18:26.3750031Z  * [new tag]             0.0.125                -> 0.0.125
handle-success	Checkout Repository	2026-02-27T23:18:26.3750399Z  * [new tag]             0.0.126                -> 0.0.126
handle-success	Checkout Repository	2026-02-27T23:18:26.3750775Z  * [new tag]             0.0.127                -> 0.0.127
handle-success	Checkout Repository	2026-02-27T23:18:26.3751147Z  * [new tag]             0.0.128                -> 0.0.128
handle-success	Checkout Repository	2026-02-27T23:18:26.3751519Z  * [new tag]             0.0.129                -> 0.0.129
handle-success	Checkout Repository	2026-02-27T23:18:26.3751895Z  * [new tag]             0.0.13                 -> 0.0.13
handle-success	Checkout Repository	2026-02-27T23:18:26.3752288Z  * [new tag]             0.0.130                -> 0.0.130
handle-success	Checkout Repository	2026-02-27T23:18:26.3752665Z  * [new tag]             0.0.131                -> 0.0.131
handle-success	Checkout Repository	2026-02-27T23:18:26.3753035Z  * [new tag]             0.0.132                -> 0.0.132
handle-success	Checkout Repository	2026-02-27T23:18:26.3753415Z  * [new tag]             0.0.133                -> 0.0.133
handle-success	Checkout Repository	2026-02-27T23:18:26.3753788Z  * [new tag]             0.0.134                -> 0.0.134
handle-success	Checkout Repository	2026-02-27T23:18:26.3754233Z  * [new tag]             0.0.135                -> 0.0.135
handle-success	Checkout Repository	2026-02-27T23:18:26.3764947Z  * [new tag]             0.0.136                -> 0.0.136
handle-success	Checkout Repository	2026-02-27T23:18:26.3765451Z  * [new tag]             0.0.137                -> 0.0.137
handle-success	Checkout Repository	2026-02-27T23:18:26.3765835Z  * [new tag]             0.0.138                -> 0.0.138
handle-success	Checkout Repository	2026-02-27T23:18:26.3766206Z  * [new tag]             0.0.139                -> 0.0.139
handle-success	Checkout Repository	2026-02-27T23:18:26.3766583Z  * [new tag]             0.0.14                 -> 0.0.14
handle-success	Checkout Repository	2026-02-27T23:18:26.3766990Z  * [new tag]             0.0.140                -> 0.0.140
handle-success	Checkout Repository	2026-02-27T23:18:26.3767368Z  * [new tag]             0.0.141                -> 0.0.141
handle-success	Checkout Repository	2026-02-27T23:18:26.3767738Z  * [new tag]             0.0.142                -> 0.0.142
handle-success	Checkout Repository	2026-02-27T23:18:26.3768122Z  * [new tag]             0.0.143                -> 0.0.143
handle-success	Checkout Repository	2026-02-27T23:18:26.3768503Z  * [new tag]             0.0.144                -> 0.0.144
handle-success	Checkout Repository	2026-02-27T23:18:26.3768875Z  * [new tag]             0.0.145                -> 0.0.145
handle-success	Checkout Repository	2026-02-27T23:18:26.3769265Z  * [new tag]             0.0.146                -> 0.0.146
handle-success	Checkout Repository	2026-02-27T23:18:26.3769638Z  * [new tag]             0.0.147                -> 0.0.147
handle-success	Checkout Repository	2026-02-27T23:18:26.3770014Z  * [new tag]             0.0.148                -> 0.0.148
handle-success	Checkout Repository	2026-02-27T23:18:26.3770385Z  * [new tag]             0.0.149                -> 0.0.149
handle-success	Checkout Repository	2026-02-27T23:18:26.3770800Z  * [new tag]             0.0.15                 -> 0.0.15
handle-success	Checkout Repository	2026-02-27T23:18:26.3771176Z  * [new tag]             0.0.150                -> 0.0.150
handle-success	Checkout Repository	2026-02-27T23:18:26.3771891Z  * [new tag]             0.0.151                -> 0.0.151
handle-success	Checkout Repository	2026-02-27T23:18:26.3772269Z  * [new tag]             0.0.152                -> 0.0.152
handle-success	Checkout Repository	2026-02-27T23:18:26.3772648Z  * [new tag]             0.0.153                -> 0.0.153
handle-success	Checkout Repository	2026-02-27T23:18:26.3773019Z  * [new tag]             0.0.154                -> 0.0.154
handle-success	Checkout Repository	2026-02-27T23:18:26.3773394Z  * [new tag]             0.0.155                -> 0.0.155
handle-success	Checkout Repository	2026-02-27T23:18:26.3773778Z  * [new tag]             0.0.156                -> 0.0.156
handle-success	Checkout Repository	2026-02-27T23:18:26.3774154Z  * [new tag]             0.0.157                -> 0.0.157
handle-success	Checkout Repository	2026-02-27T23:18:26.3784945Z  * [new tag]             0.0.158                -> 0.0.158
handle-success	Checkout Repository	2026-02-27T23:18:26.3785756Z  * [new tag]             0.0.159                -> 0.0.159
handle-success	Checkout Repository	2026-02-27T23:18:26.3786213Z  * [new tag]             0.0.16                 -> 0.0.16
handle-success	Checkout Repository	2026-02-27T23:18:26.3786640Z  * [new tag]             0.0.160                -> 0.0.160
handle-success	Checkout Repository	2026-02-27T23:18:26.3787033Z  * [new tag]             0.0.161                -> 0.0.161
handle-success	Checkout Repository	2026-02-27T23:18:26.3787496Z  * [new tag]             0.0.162                -> 0.0.162
handle-success	Checkout Repository	2026-02-27T23:18:26.3787909Z  * [new tag]             0.0.163                -> 0.0.163
handle-success	Checkout Repository	2026-02-27T23:18:26.3788368Z  * [new tag]             0.0.164                -> 0.0.164
handle-success	Checkout Repository	2026-02-27T23:18:26.3788785Z  * [new tag]             0.0.165                -> 0.0.165
handle-success	Checkout Repository	2026-02-27T23:18:26.3789198Z  * [new tag]             0.0.166                -> 0.0.166
handle-success	Checkout Repository	2026-02-27T23:18:26.3790159Z  * [new tag]             0.0.167                -> 0.0.167
handle-success	Checkout Repository	2026-02-27T23:18:26.3790578Z  * [new tag]             0.0.168                -> 0.0.168
handle-success	Checkout Repository	2026-02-27T23:18:26.3791000Z  * [new tag]             0.0.169                -> 0.0.169
handle-success	Checkout Repository	2026-02-27T23:18:26.3791408Z  * [new tag]             0.0.17                 -> 0.0.17
handle-success	Checkout Repository	2026-02-27T23:18:26.3791782Z  * [new tag]             0.0.170                -> 0.0.170
handle-success	Checkout Repository	2026-02-27T23:18:26.3792163Z  * [new tag]             0.0.171                -> 0.0.171
handle-success	Checkout Repository	2026-02-27T23:18:26.3792564Z  * [new tag]             0.0.172                -> 0.0.172
handle-success	Checkout Repository	2026-02-27T23:18:26.3792938Z  * [new tag]             0.0.173                -> 0.0.173
handle-success	Checkout Repository	2026-02-27T23:18:26.3793310Z  * [new tag]             0.0.174                -> 0.0.174
handle-success	Checkout Repository	2026-02-27T23:18:26.3793687Z  * [new tag]             0.0.175                -> 0.0.175
handle-success	Checkout Repository	2026-02-27T23:18:26.3794062Z  * [new tag]             0.0.176                -> 0.0.176
handle-success	Checkout Repository	2026-02-27T23:18:26.3794436Z  * [new tag]             0.0.177                -> 0.0.177
handle-success	Checkout Repository	2026-02-27T23:18:26.3815149Z  * [new tag]             0.0.178                -> 0.0.178
handle-success	Checkout Repository	2026-02-27T23:18:26.3815563Z  * [new tag]             0.0.179                -> 0.0.179
handle-success	Checkout Repository	2026-02-27T23:18:26.3815940Z  * [new tag]             0.0.18                 -> 0.0.18
handle-success	Checkout Repository	2026-02-27T23:18:26.3816321Z  * [new tag]             0.0.19                 -> 0.0.19
handle-success	Checkout Repository	2026-02-27T23:18:26.3816700Z  * [new tag]             0.0.2                  -> 0.0.2
handle-success	Checkout Repository	2026-02-27T23:18:26.3817077Z  * [new tag]             0.0.20                 -> 0.0.20
handle-success	Checkout Repository	2026-02-27T23:18:26.3817469Z  * [new tag]             0.0.21                 -> 0.0.21
handle-success	Checkout Repository	2026-02-27T23:18:26.3817849Z  * [new tag]             0.0.22                 -> 0.0.22
handle-success	Checkout Repository	2026-02-27T23:18:26.3818225Z  * [new tag]             0.0.23                 -> 0.0.23
handle-success	Checkout Repository	2026-02-27T23:18:26.3818599Z  * [new tag]             0.0.24                 -> 0.0.24
handle-success	Checkout Repository	2026-02-27T23:18:26.3818972Z  * [new tag]             0.0.25                 -> 0.0.25
handle-success	Checkout Repository	2026-02-27T23:18:26.3819354Z  * [new tag]             0.0.26                 -> 0.0.26
handle-success	Checkout Repository	2026-02-27T23:18:26.3819730Z  * [new tag]             0.0.27                 -> 0.0.27
handle-success	Checkout Repository	2026-02-27T23:18:26.3820100Z  * [new tag]             0.0.28                 -> 0.0.28
handle-success	Checkout Repository	2026-02-27T23:18:26.3820475Z  * [new tag]             0.0.29                 -> 0.0.29
handle-success	Checkout Repository	2026-02-27T23:18:26.3820848Z  * [new tag]             0.0.3                  -> 0.0.3
handle-success	Checkout Repository	2026-02-27T23:18:26.3821225Z  * [new tag]             0.0.30                 -> 0.0.30
handle-success	Checkout Repository	2026-02-27T23:18:26.3821597Z  * [new tag]             0.0.31                 -> 0.0.31
handle-success	Checkout Repository	2026-02-27T23:18:26.3822262Z  * [new tag]             0.0.32                 -> 0.0.32
handle-success	Checkout Repository	2026-02-27T23:18:26.3822641Z  * [new tag]             0.0.33                 -> 0.0.33
handle-success	Checkout Repository	2026-02-27T23:18:26.3823013Z  * [new tag]             0.0.34                 -> 0.0.34
handle-success	Checkout Repository	2026-02-27T23:18:26.3823388Z  * [new tag]             0.0.35                 -> 0.0.35
handle-success	Checkout Repository	2026-02-27T23:18:26.3823760Z  * [new tag]             0.0.36                 -> 0.0.36
handle-success	Checkout Repository	2026-02-27T23:18:26.3824145Z  * [new tag]             0.0.37                 -> 0.0.37
handle-success	Checkout Repository	2026-02-27T23:18:26.3834651Z  * [new tag]             0.0.38                 -> 0.0.38
handle-success	Checkout Repository	2026-02-27T23:18:26.3835122Z  * [new tag]             0.0.39                 -> 0.0.39
handle-success	Checkout Repository	2026-02-27T23:18:26.3835504Z  * [new tag]             0.0.4                  -> 0.0.4
handle-success	Checkout Repository	2026-02-27T23:18:26.3835881Z  * [new tag]             0.0.40                 -> 0.0.40
handle-success	Checkout Repository	2026-02-27T23:18:26.3836259Z  * [new tag]             0.0.41                 -> 0.0.41
handle-success	Checkout Repository	2026-02-27T23:18:26.3836627Z  * [new tag]             0.0.42                 -> 0.0.42
handle-success	Checkout Repository	2026-02-27T23:18:26.3837019Z  * [new tag]             0.0.43                 -> 0.0.43
handle-success	Checkout Repository	2026-02-27T23:18:26.3837392Z  * [new tag]             0.0.44                 -> 0.0.44
handle-success	Checkout Repository	2026-02-27T23:18:26.3837760Z  * [new tag]             0.0.45                 -> 0.0.45
handle-success	Checkout Repository	2026-02-27T23:18:26.3838133Z  * [new tag]             0.0.46                 -> 0.0.46
handle-success	Checkout Repository	2026-02-27T23:18:26.3838503Z  * [new tag]             0.0.47                 -> 0.0.47
handle-success	Checkout Repository	2026-02-27T23:18:26.3839152Z  * [new tag]             0.0.48                 -> 0.0.48
handle-success	Checkout Repository	2026-02-27T23:18:26.3839525Z  * [new tag]             0.0.49                 -> 0.0.49
handle-success	Checkout Repository	2026-02-27T23:18:26.3839901Z  * [new tag]             0.0.5                  -> 0.0.5
handle-success	Checkout Repository	2026-02-27T23:18:26.3840272Z  * [new tag]             0.0.50                 -> 0.0.50
handle-success	Checkout Repository	2026-02-27T23:18:26.3840641Z  * [new tag]             0.0.51                 -> 0.0.51
handle-success	Checkout Repository	2026-02-27T23:18:26.3841016Z  * [new tag]             0.0.52                 -> 0.0.52
handle-success	Checkout Repository	2026-02-27T23:18:26.3841398Z  * [new tag]             0.0.53                 -> 0.0.53
handle-success	Checkout Repository	2026-02-27T23:18:26.3841771Z  * [new tag]             0.0.54                 -> 0.0.54
handle-success	Checkout Repository	2026-02-27T23:18:26.3842145Z  * [new tag]             0.0.55                 -> 0.0.55
handle-success	Checkout Repository	2026-02-27T23:18:26.3842518Z  * [new tag]             0.0.56                 -> 0.0.56
handle-success	Checkout Repository	2026-02-27T23:18:26.3842892Z  * [new tag]             0.0.57                 -> 0.0.57
handle-success	Checkout Repository	2026-02-27T23:18:26.3843262Z  * [new tag]             0.0.58                 -> 0.0.58
handle-success	Checkout Repository	2026-02-27T23:18:26.3843644Z  * [new tag]             0.0.59                 -> 0.0.59
handle-success	Checkout Repository	2026-02-27T23:18:26.3844016Z  * [new tag]             0.0.6                  -> 0.0.6
handle-success	Checkout Repository	2026-02-27T23:18:26.3844387Z  * [new tag]             0.0.60                 -> 0.0.60
handle-success	Checkout Repository	2026-02-27T23:18:26.3864963Z  * [new tag]             0.0.61                 -> 0.0.61
handle-success	Checkout Repository	2026-02-27T23:18:26.3865376Z  * [new tag]             0.0.62                 -> 0.0.62
handle-success	Checkout Repository	2026-02-27T23:18:26.3865756Z  * [new tag]             0.0.63                 -> 0.0.63
handle-success	Checkout Repository	2026-02-27T23:18:26.3866150Z  * [new tag]             0.0.64                 -> 0.0.64
handle-success	Checkout Repository	2026-02-27T23:18:26.3866525Z  * [new tag]             0.0.65                 -> 0.0.65
handle-success	Checkout Repository	2026-02-27T23:18:26.3866898Z  * [new tag]             0.0.66                 -> 0.0.66
handle-success	Checkout Repository	2026-02-27T23:18:26.3867274Z  * [new tag]             0.0.67                 -> 0.0.67
handle-success	Checkout Repository	2026-02-27T23:18:26.3867645Z  * [new tag]             0.0.68                 -> 0.0.68
handle-success	Checkout Repository	2026-02-27T23:18:26.3868034Z  * [new tag]             0.0.69                 -> 0.0.69
handle-success	Checkout Repository	2026-02-27T23:18:26.3868409Z  * [new tag]             0.0.7                  -> 0.0.7
handle-success	Checkout Repository	2026-02-27T23:18:26.3868787Z  * [new tag]             0.0.70                 -> 0.0.70
handle-success	Checkout Repository	2026-02-27T23:18:26.3869165Z  * [new tag]             0.0.71                 -> 0.0.71
handle-success	Checkout Repository	2026-02-27T23:18:26.3869536Z  * [new tag]             0.0.72                 -> 0.0.72
handle-success	Checkout Repository	2026-02-27T23:18:26.3869911Z  * [new tag]             0.0.73                 -> 0.0.73
handle-success	Checkout Repository	2026-02-27T23:18:26.3870284Z  * [new tag]             0.0.74                 -> 0.0.74
handle-success	Checkout Repository	2026-02-27T23:18:26.3870932Z  * [new tag]             0.0.75                 -> 0.0.75
handle-success	Checkout Repository	2026-02-27T23:18:26.3871306Z  * [new tag]             0.0.76                 -> 0.0.76
handle-success	Checkout Repository	2026-02-27T23:18:26.3871683Z  * [new tag]             0.0.77                 -> 0.0.77
handle-success	Checkout Repository	2026-02-27T23:18:26.3872069Z  * [new tag]             0.0.78                 -> 0.0.78
handle-success	Checkout Repository	2026-02-27T23:18:26.3872443Z  * [new tag]             0.0.79                 -> 0.0.79
handle-success	Checkout Repository	2026-02-27T23:18:26.3872833Z  * [new tag]             0.0.8                  -> 0.0.8
handle-success	Checkout Repository	2026-02-27T23:18:26.3873213Z  * [new tag]             0.0.80                 -> 0.0.80
handle-success	Checkout Repository	2026-02-27T23:18:26.3873593Z  * [new tag]             0.0.81                 -> 0.0.81
handle-success	Checkout Repository	2026-02-27T23:18:26.3873969Z  * [new tag]             0.0.82                 -> 0.0.82
handle-success	Checkout Repository	2026-02-27T23:18:26.3874348Z  * [new tag]             0.0.83                 -> 0.0.83
handle-success	Checkout Repository	2026-02-27T23:18:26.3904950Z  * [new tag]             0.0.84                 -> 0.0.84
handle-success	Checkout Repository	2026-02-27T23:18:26.3905366Z  * [new tag]             0.0.85                 -> 0.0.85
handle-success	Checkout Repository	2026-02-27T23:18:26.3905767Z  * [new tag]             0.0.86                 -> 0.0.86
handle-success	Checkout Repository	2026-02-27T23:18:26.3906145Z  * [new tag]             0.0.87                 -> 0.0.87
handle-success	Checkout Repository	2026-02-27T23:18:26.3906528Z  * [new tag]             0.0.88                 -> 0.0.88
handle-success	Checkout Repository	2026-02-27T23:18:26.3906902Z  * [new tag]             0.0.89                 -> 0.0.89
handle-success	Checkout Repository	2026-02-27T23:18:26.3907283Z  * [new tag]             0.0.9                  -> 0.0.9
handle-success	Checkout Repository	2026-02-27T23:18:26.3907959Z  * [new tag]             0.0.90                 -> 0.0.90
handle-success	Checkout Repository	2026-02-27T23:18:26.3908337Z  * [new tag]             0.0.91                 -> 0.0.91
handle-success	Checkout Repository	2026-02-27T23:18:26.3908717Z  * [new tag]             0.0.92                 -> 0.0.92
handle-success	Checkout Repository	2026-02-27T23:18:26.3909090Z  * [new tag]             0.0.93                 -> 0.0.93
handle-success	Checkout Repository	2026-02-27T23:18:26.3909471Z  * [new tag]             0.0.94                 -> 0.0.94
handle-success	Checkout Repository	2026-02-27T23:18:26.3909844Z  * [new tag]             0.0.95                 -> 0.0.95
handle-success	Checkout Repository	2026-02-27T23:18:26.3910217Z  * [new tag]             0.0.96                 -> 0.0.96
handle-success	Checkout Repository	2026-02-27T23:18:26.3910603Z  * [new tag]             0.0.97                 -> 0.0.97
handle-success	Checkout Repository	2026-02-27T23:18:26.3910975Z  * [new tag]             0.0.98                 -> 0.0.98
handle-success	Checkout Repository	2026-02-27T23:18:26.3911352Z  * [new tag]             0.0.99                 -> 0.0.99
handle-success	Checkout Repository	2026-02-27T23:18:26.3911722Z  * [new tag]             0.1.0                  -> 0.1.0
handle-success	Checkout Repository	2026-02-27T23:18:26.3912098Z  * [new tag]             0.1.1                  -> 0.1.1
handle-success	Checkout Repository	2026-02-27T23:18:26.3912480Z  * [new tag]             0.2.0                  -> 0.2.0
handle-success	Checkout Repository	2026-02-27T23:18:26.3912856Z  * [new tag]             0.3.0                  -> 0.3.0
handle-success	Checkout Repository	2026-02-27T23:18:26.3913230Z  * [new tag]             0.3.1                  -> 0.3.1
handle-success	Checkout Repository	2026-02-27T23:18:26.3913634Z  * [new tag]             0.3.10                 -> 0.3.10
handle-success	Checkout Repository	2026-02-27T23:18:26.3914012Z  * [new tag]             0.3.11                 -> 0.3.11
handle-success	Checkout Repository	2026-02-27T23:18:26.3914398Z  * [new tag]             0.3.12                 -> 0.3.12
handle-success	Checkout Repository	2026-02-27T23:18:26.3914923Z  * [new tag]             0.3.13                 -> 0.3.13
handle-success	Checkout Repository	2026-02-27T23:18:26.3915310Z  * [new tag]             0.3.14                 -> 0.3.14
handle-success	Checkout Repository	2026-02-27T23:18:26.3915687Z  * [new tag]             0.3.15                 -> 0.3.15
handle-success	Checkout Repository	2026-02-27T23:18:26.3916063Z  * [new tag]             0.3.16                 -> 0.3.16
handle-success	Checkout Repository	2026-02-27T23:18:26.3916438Z  * [new tag]             0.3.17                 -> 0.3.17
handle-success	Checkout Repository	2026-02-27T23:18:26.3916814Z  * [new tag]             0.3.2                  -> 0.3.2
handle-success	Checkout Repository	2026-02-27T23:18:26.3917201Z  * [new tag]             0.3.3                  -> 0.3.3
handle-success	Checkout Repository	2026-02-27T23:18:26.3917574Z  * [new tag]             0.3.4                  -> 0.3.4
handle-success	Checkout Repository	2026-02-27T23:18:26.3917967Z  * [new tag]             0.3.5                  -> 0.3.5
handle-success	Checkout Repository	2026-02-27T23:18:26.3918344Z  * [new tag]             0.3.6                  -> 0.3.6
handle-success	Checkout Repository	2026-02-27T23:18:26.3918715Z  * [new tag]             0.3.7                  -> 0.3.7
handle-success	Checkout Repository	2026-02-27T23:18:26.3919082Z  * [new tag]             0.3.8                  -> 0.3.8
handle-success	Checkout Repository	2026-02-27T23:18:26.3919699Z  * [new tag]             0.3.9                  -> 0.3.9
handle-success	Checkout Repository	2026-02-27T23:18:26.3920066Z  * [new tag]             0.4.0                  -> 0.4.0
handle-success	Checkout Repository	2026-02-27T23:18:26.3920437Z  * [new tag]             0.4.1                  -> 0.4.1
handle-success	Checkout Repository	2026-02-27T23:18:26.3920805Z  * [new tag]             0.4.2                  -> 0.4.2
handle-success	Checkout Repository	2026-02-27T23:18:26.3921175Z  * [new tag]             0.4.3                  -> 0.4.3
handle-success	Checkout Repository	2026-02-27T23:18:26.3921562Z  * [new tag]             0.4.4                  -> 0.4.4
handle-success	Checkout Repository	2026-02-27T23:18:26.3921928Z  * [new tag]             0.4.5                  -> 0.4.5
handle-success	Checkout Repository	2026-02-27T23:18:26.3922299Z  * [new tag]             0.4.6                  -> 0.4.6
handle-success	Checkout Repository	2026-02-27T23:18:26.3922669Z  * [new tag]             0.4.7                  -> 0.4.7
handle-success	Checkout Repository	2026-02-27T23:18:26.3923036Z  * [new tag]             0.4.8                  -> 0.4.8
handle-success	Checkout Repository	2026-02-27T23:18:26.3923405Z  * [new tag]             0.4.9                  -> 0.4.9
handle-success	Checkout Repository	2026-02-27T23:18:26.3923778Z  * [new tag]             0.5.0                  -> 0.5.0
handle-success	Checkout Repository	2026-02-27T23:18:26.3924157Z  * [new tag]             0.5.1                  -> 0.5.1
handle-success	Checkout Repository	2026-02-27T23:18:26.3933708Z  * [new tag]             0.5.2                  -> 0.5.2
handle-success	Checkout Repository	2026-02-27T23:18:26.3934165Z  * [new tag]             0.6.0                  -> 0.6.0
handle-success	Checkout Repository	2026-02-27T23:18:26.3934642Z  * [new tag]             0.6.1                  -> 0.6.1
handle-success	Checkout Repository	2026-02-27T23:18:26.3935028Z  * [new tag]             0.6.2                  -> 0.6.2
handle-success	Checkout Repository	2026-02-27T23:18:26.3935663Z  * [new tag]             0.6.3                  -> 0.6.3
handle-success	Checkout Repository	2026-02-27T23:18:26.3936041Z  * [new tag]             0.6.4                  -> 0.6.4
handle-success	Checkout Repository	2026-02-27T23:18:26.3936411Z  * [new tag]             0.6.5                  -> 0.6.5
handle-success	Checkout Repository	2026-02-27T23:18:26.3936779Z  * [new tag]             0.6.6                  -> 0.6.6
handle-success	Checkout Repository	2026-02-27T23:18:26.4069492Z [command]/usr/bin/git branch --list --remote origin/main
handle-success	Checkout Repository	2026-02-27T23:18:26.4195598Z   origin/main
handle-success	Checkout Repository	2026-02-27T23:18:26.4217399Z [command]/usr/bin/git rev-parse refs/remotes/origin/main
handle-success	Checkout Repository	2026-02-27T23:18:26.4269016Z 8520822d507d3785e47a0a16c179f6c121285942
handle-success	Checkout Repository	2026-02-27T23:18:26.4336693Z [command]/usr/bin/git -c protocol.version=2 fetch --no-tags --prune --no-recurse-submodules origin +2aa329aac5645b31aa3e63b703432175e8e2657d:refs/remotes/origin/main
handle-success	Checkout Repository	2026-02-27T23:18:26.4927873Z From https://github.com/Ka0s-Klaus/ka0s
handle-success	Checkout Repository	2026-02-27T23:18:26.4928679Z  + 8520822d5...2aa329aac 2aa329aac5645b31aa3e63b703432175e8e2657d -> origin/main  (forced update)
handle-success	Checkout Repository	2026-02-27T23:18:26.5006340Z ##[endgroup]
handle-success	Checkout Repository	2026-02-27T23:18:26.5007440Z ##[group]Determining the checkout info
handle-success	Checkout Repository	2026-02-27T23:18:26.5017657Z ##[endgroup]
handle-success	Checkout Repository	2026-02-27T23:18:26.5040046Z [command]/usr/bin/git sparse-checkout disable
handle-success	Checkout Repository	2026-02-27T23:18:26.5163508Z [command]/usr/bin/git config --local --unset-all extensions.worktreeConfig
handle-success	Checkout Repository	2026-02-27T23:18:26.5237901Z ##[group]Checking out the ref
handle-success	Checkout Repository	2026-02-27T23:18:26.5246757Z [command]/usr/bin/git checkout --progress --force -B main refs/remotes/origin/main
handle-success	Checkout Repository	2026-02-27T23:18:26.8520548Z Switched to a new branch 'main'
handle-success	Checkout Repository	2026-02-27T23:18:26.8523792Z branch 'main' set up to track 'origin/main'.
handle-success	Checkout Repository	2026-02-27T23:18:26.8597844Z ##[endgroup]
handle-success	Checkout Repository	2026-02-27T23:18:26.8692987Z [command]/usr/bin/git log -1 --format=%H
handle-success	Checkout Repository	2026-02-27T23:18:26.8738491Z 2aa329aac5645b31aa3e63b703432175e8e2657d
handle-success	Install GH CLI	ï»¿2026-02-27T23:18:26.9383735Z Prepare all required actions
handle-success	Install GH CLI	2026-02-27T23:18:26.9829143Z ##[group]Run ./.github/actions/install-gh-cli
handle-success	Install GH CLI	2026-02-27T23:18:26.9829544Z env:
handle-success	Install GH CLI	2026-02-27T23:18:26.9829798Z   KAOS_MODULE: [Ka0S] Watchdog Node Health
handle-success	Install GH CLI	2026-02-27T23:18:26.9830582Z   GH_TOKEN: ***
handle-success	Install GH CLI	2026-02-27T23:18:26.9830829Z ##[endgroup]
handle-success	Install GH CLI	2026-02-27T23:18:27.0114856Z ##[group]Run type -p curl >/dev/null || (sudo apt-get update && sudo apt-get install curl -y)
handle-success	Install GH CLI	2026-02-27T23:18:27.0115629Z [36;1mtype -p curl >/dev/null || (sudo apt-get update && sudo apt-get install curl -y)[0m
handle-success	Install GH CLI	2026-02-27T23:18:27.0116547Z [36;1mcurl -fsSL https://cli.github.com/packages/githubcli-archive-keyring.gpg | sudo dd of=/usr/share/keyrings/githubcli-archive-keyring.gpg \[0m
handle-success	Install GH CLI	2026-02-27T23:18:27.0117415Z [36;1m&& sudo chmod go+r /usr/share/keyrings/githubcli-archive-keyring.gpg \[0m
handle-success	Install GH CLI	2026-02-27T23:18:27.0119046Z [36;1m&& echo "deb [arch=$(dpkg --print-architecture) signed-by=/usr/share/keyrings/githubcli-archive-keyring.gpg] https://cli.github.com/packages stable main" | sudo tee /etc/apt/sources.list.d/github-cli.list > /dev/null \[0m
handle-success	Install GH CLI	2026-02-27T23:18:27.0120142Z [36;1m&& sudo apt-get update \[0m
handle-success	Install GH CLI	2026-02-27T23:18:27.0120471Z [36;1m&& sudo apt-get install gh -y[0m
handle-success	Install GH CLI	2026-02-27T23:18:27.0145118Z shell: /usr/bin/bash --noprofile --norc -e -o pipefail {0}
handle-success	Install GH CLI	2026-02-27T23:18:27.0145589Z env:
handle-success	Install GH CLI	2026-02-27T23:18:27.0145844Z   KAOS_MODULE: [Ka0S] Watchdog Node Health
handle-success	Install GH CLI	2026-02-27T23:18:27.0146464Z   GH_TOKEN: ***
handle-success	Install GH CLI	2026-02-27T23:18:27.0146709Z ##[endgroup]
handle-success	Install GH CLI	2026-02-27T23:18:27.1428007Z 4+1 records in
handle-success	Install GH CLI	2026-02-27T23:18:27.1429653Z 4+1 records out
handle-success	Install GH CLI	2026-02-27T23:18:27.1430004Z 2270 bytes (2.3 kB, 2.2 KiB) copied, 0.0946819 s, 24.0 kB/s
handle-success	Install GH CLI	2026-02-27T23:18:27.3546954Z Get:1 https://cli.github.com/packages stable InRelease [3917 B]
handle-success	Install GH CLI	2026-02-27T23:18:27.3866942Z Get:2 http://archive.ubuntu.com/ubuntu noble InRelease [256 kB]
handle-success	Install GH CLI	2026-02-27T23:18:27.5060044Z Get:3 https://cli.github.com/packages stable/main amd64 Packages [357 B]
handle-success	Install GH CLI	2026-02-27T23:18:27.5295787Z Get:4 http://archive.ubuntu.com/ubuntu noble-updates InRelease [126 kB]
handle-success	Install GH CLI	2026-02-27T23:18:27.5324667Z Get:5 https://ppa.launchpadcontent.net/git-core/ppa/ubuntu noble InRelease [24.3 kB]
handle-success	Install GH CLI	2026-02-27T23:18:27.5476242Z Get:6 http://security.ubuntu.com/ubuntu noble-security InRelease [126 kB]
handle-success	Install GH CLI	2026-02-27T23:18:27.5672093Z Get:7 http://archive.ubuntu.com/ubuntu noble-backports InRelease [126 kB]
handle-success	Install GH CLI	2026-02-27T23:18:27.6538729Z Get:8 http://archive.ubuntu.com/ubuntu noble/restricted amd64 Packages [117 kB]
handle-success	Install GH CLI	2026-02-27T23:18:27.6899099Z Get:9 http://archive.ubuntu.com/ubuntu noble/multiverse amd64 Packages [331 kB]
handle-success	Install GH CLI	2026-02-27T23:18:27.7284869Z Get:10 http://archive.ubuntu.com/ubuntu noble/main amd64 Packages [1808 kB]
handle-success	Install GH CLI	2026-02-27T23:18:27.7986489Z Get:11 https://ppa.launchpadcontent.net/git-core/ppa/ubuntu noble/main amd64 Packages [2992 B]
handle-success	Install GH CLI	2026-02-27T23:18:27.8375840Z Get:12 http://archive.ubuntu.com/ubuntu noble/universe amd64 Packages [19.3 MB]
handle-success	Install GH CLI	2026-02-27T23:18:28.1615977Z Get:13 http://archive.ubuntu.com/ubuntu noble-updates/universe amd64 Packages [2017 kB]
handle-success	Install GH CLI	2026-02-27T23:18:28.2005981Z Get:14 http://archive.ubuntu.com/ubuntu noble-updates/multiverse amd64 Packages [38.1 kB]
handle-success	Install GH CLI	2026-02-27T23:18:28.2015625Z Get:15 http://archive.ubuntu.com/ubuntu noble-updates/restricted amd64 Packages [3471 kB]
handle-success	Install GH CLI	2026-02-27T23:18:28.2264270Z Get:16 http://archive.ubuntu.com/ubuntu noble-updates/main amd64 Packages [2275 kB]
handle-success	Install GH CLI	2026-02-27T23:18:28.2625878Z Get:17 http://archive.ubuntu.com/ubuntu noble-backports/main amd64 Packages [49.5 kB]
handle-success	Install GH CLI	2026-02-27T23:18:28.2635620Z Get:18 http://archive.ubuntu.com/ubuntu noble-backports/universe amd64 Packages [34.6 kB]
handle-success	Install GH CLI	2026-02-27T23:18:28.2976391Z Get:19 http://security.ubuntu.com/ubuntu noble-security/main amd64 Packages [1883 kB]
handle-success	Install GH CLI	2026-02-27T23:18:28.8581297Z Get:20 http://security.ubuntu.com/ubuntu noble-security/multiverse amd64 Packages [34.8 kB]
handle-success	Install GH CLI	2026-02-27T23:18:28.8655511Z Get:21 http://security.ubuntu.com/ubuntu noble-security/universe amd64 Packages [1242 kB]
handle-success	Install GH CLI	2026-02-27T23:18:28.9075618Z Get:22 http://security.ubuntu.com/ubuntu noble-security/restricted amd64 Packages [3262 kB]
handle-success	Install GH CLI	2026-02-27T23:18:29.9407713Z Fetched 36.5 MB in 3s (13.9 MB/s)
handle-success	Install GH CLI	2026-02-27T23:18:31.0983562Z Reading package lists...
handle-success	Install GH CLI	2026-02-27T23:18:32.2496238Z Reading package lists...
handle-success	Install GH CLI	2026-02-27T23:18:32.5918561Z Building dependency tree...
handle-success	Install GH CLI	2026-02-27T23:18:32.5923838Z Reading state information...
handle-success	Install GH CLI	2026-02-27T23:18:33.0496173Z The following NEW packages will be installed:
handle-success	Install GH CLI	2026-02-27T23:18:33.0505466Z   gh
handle-success	Install GH CLI	2026-02-27T23:18:33.1825437Z 0 upgraded, 1 newly installed, 0 to remove and 0 not upgraded.
handle-success	Install GH CLI	2026-02-27T23:18:33.1827882Z Need to get 13.8 MB of archives.
handle-success	Install GH CLI	2026-02-27T23:18:33.1832324Z After this operation, 38.5 MB of additional disk space will be used.
handle-success	Install GH CLI	2026-02-27T23:18:33.1834758Z Get:1 https://cli.github.com/packages stable/main amd64 gh amd64 2.87.3 [13.8 MB]
handle-success	Install GH CLI	2026-02-27T23:18:33.5625953Z debconf: delaying package configuration, since apt-utils is not installed
handle-success	Install GH CLI	2026-02-27T23:18:33.6095193Z Fetched 13.8 MB in 0s (45.1 MB/s)
handle-success	Install GH CLI	2026-02-27T23:18:33.6415809Z Selecting previously unselected package gh.
handle-success	Install GH CLI	2026-02-27T23:18:33.6472850Z (Reading database ... 
handle-success	Install GH CLI	2026-02-27T23:18:33.6477609Z (Reading database ... 5%
handle-success	Install GH CLI	2026-02-27T23:18:33.6481901Z (Reading database ... 10%
handle-success	Install GH CLI	2026-02-27T23:18:33.6484132Z (Reading database ... 15%
handle-success	Install GH CLI	2026-02-27T23:18:33.6505827Z (Reading database ... 20%
handle-success	Install GH CLI	2026-02-27T23:18:33.6506697Z (Reading database ... 25%
handle-success	Install GH CLI	2026-02-27T23:18:33.6507429Z (Reading database ... 30%
handle-success	Install GH CLI	2026-02-27T23:18:33.6507914Z (Reading database ... 35%
handle-success	Install GH CLI	2026-02-27T23:18:33.6513886Z (Reading database ... 40%
handle-success	Install GH CLI	2026-02-27T23:18:33.6514154Z (Reading database ... 45%
handle-success	Install GH CLI	2026-02-27T23:18:33.6514376Z (Reading database ... 50%
handle-success	Install GH CLI	2026-02-27T23:18:33.6523380Z (Reading database ... 55%
handle-success	Install GH CLI	2026-02-27T23:18:33.6523638Z (Reading database ... 60%
handle-success	Install GH CLI	2026-02-27T23:18:33.6523984Z (Reading database ... 65%
handle-success	Install GH CLI	2026-02-27T23:18:33.6546371Z (Reading database ... 70%
handle-success	Install GH CLI	2026-02-27T23:18:33.6554988Z (Reading database ... 75%
handle-success	Install GH CLI	2026-02-27T23:18:33.6567753Z (Reading database ... 80%
handle-success	Install GH CLI	2026-02-27T23:18:33.6572474Z (Reading database ... 85%
handle-success	Install GH CLI	2026-02-27T23:18:33.6585065Z (Reading database ... 90%
handle-success	Install GH CLI	2026-02-27T23:18:33.6628256Z (Reading database ... 95%
handle-success	Install GH CLI	2026-02-27T23:18:33.6628552Z (Reading database ... 100%
handle-success	Install GH CLI	2026-02-27T23:18:33.6628894Z (Reading database ... 14387 files and directories currently installed.)
handle-success	Install GH CLI	2026-02-27T23:18:33.6629354Z Preparing to unpack .../archives/gh_2.87.3_amd64.deb ...
handle-success	Install GH CLI	2026-02-27T23:18:33.6646600Z Unpacking gh (2.87.3) ...
handle-success	Install GH CLI	2026-02-27T23:18:34.0605314Z Setting up gh (2.87.3) ...
handle-success	Trigger Cluster Audit	ï»¿2026-02-27T23:18:34.1250053Z ##[group]Run echo "ðŸ“¸ Triggering post-watchdog cluster audit..."
handle-success	Trigger Cluster Audit	2026-02-27T23:18:34.1250571Z [36;1mecho "ðŸ“¸ Triggering post-watchdog cluster audit..."[0m
handle-success	Trigger Cluster Audit	2026-02-27T23:18:34.1250998Z [36;1mgh workflow run audit-cluster-status.yml --ref main[0m
handle-success	Trigger Cluster Audit	2026-02-27T23:18:34.1276349Z shell: /usr/bin/bash -e {0}
handle-success	Trigger Cluster Audit	2026-02-27T23:18:34.1276623Z env:
handle-success	Trigger Cluster Audit	2026-02-27T23:18:34.1276837Z   KAOS_MODULE: [Ka0S] Watchdog Node Health
handle-success	Trigger Cluster Audit	2026-02-27T23:18:34.1277328Z   GH_TOKEN: ***
handle-success	Trigger Cluster Audit	2026-02-27T23:18:34.1277516Z ##[endgroup]
handle-success	Trigger Cluster Audit	2026-02-27T23:18:34.1375178Z ðŸ“¸ Triggering post-watchdog cluster audit...
handle-success	Trigger Cluster Audit	2026-02-27T23:18:35.8675633Z https://github.com/Ka0s-Klaus/ka0s/actions/runs/22507612395
handle-success	Post Checkout Repository	ï»¿2026-02-27T23:18:35.9012852Z Post job cleanup.
handle-success	Post Checkout Repository	2026-02-27T23:18:36.0206149Z [command]/usr/bin/git version
handle-success	Post Checkout Repository	2026-02-27T23:18:36.0356807Z git version 2.53.0
handle-success	Post Checkout Repository	2026-02-27T23:18:36.0528841Z Temporarily overriding HOME='/home/runner/_work/_temp/a85a2e2f-d896-463d-9e79-98ec79015788' before making global git config changes
handle-success	Post Checkout Repository	2026-02-27T23:18:36.0529665Z Adding repository directory to the temporary git global config as a safe directory
handle-success	Post Checkout Repository	2026-02-27T23:18:36.0536356Z [command]/usr/bin/git config --global --add safe.directory /home/runner/_work/ka0s/ka0s
handle-success	Post Checkout Repository	2026-02-27T23:18:36.0594981Z [command]/usr/bin/git config --local --name-only --get-regexp core\.sshCommand
handle-success	Post Checkout Repository	2026-02-27T23:18:36.0669144Z [command]/usr/bin/git submodule foreach --recursive sh -c "git config --local --name-only --get-regexp 'core\.sshCommand' && git config --local --unset-all 'core.sshCommand' || :"
handle-success	Post Checkout Repository	2026-02-27T23:18:36.1055604Z [command]/usr/bin/git config --local --name-only --get-regexp http\.https\:\/\/github\.com\/\.extraheader
handle-success	Post Checkout Repository	2026-02-27T23:18:36.1095471Z http.https://github.com/.extraheader
handle-success	Post Checkout Repository	2026-02-27T23:18:36.1121466Z [command]/usr/bin/git config --local --unset-all http.https://github.com/.extraheader
handle-success	Post Checkout Repository	2026-02-27T23:18:36.1211386Z [command]/usr/bin/git submodule foreach --recursive sh -c "git config --local --name-only --get-regexp 'http\.https\:\/\/github\.com\/\.extraheader' && git config --local --unset-all 'http.https://github.com/.extraheader' || :"
handle-success	Post Checkout Repository	2026-02-27T23:18:36.1891346Z [command]/usr/bin/git config --local --name-only --get-regexp ^includeIf\.gitdir:
handle-success	Post Checkout Repository	2026-02-27T23:18:36.1948265Z [command]/usr/bin/git submodule foreach --recursive git config --local --show-origin --name-only --get-regexp remote.origin.url
handle-success	Complete job	ï»¿2026-02-27T23:18:36.2580548Z Cleaning up orphan processes
end-workflow	Set up job	ï»¿2026-02-27T23:18:47.8931255Z Current runner version: '2.332.0'
end-workflow	Set up job	2026-02-27T23:18:47.8940754Z Runner name: 'swarm-runners-scaleset-hkss5-runner-cc5vb'
end-workflow	Set up job	2026-02-27T23:18:47.8941839Z Runner group name: 'Default'
end-workflow	Set up job	2026-02-27T23:18:47.8943181Z Machine name: 'swarm-runners-scaleset-hkss5-runner-cc5vb'
end-workflow	Set up job	2026-02-27T23:18:47.8947385Z ##[group]GITHUB_TOKEN Permissions
end-workflow	Set up job	2026-02-27T23:18:47.8950142Z Actions: write
end-workflow	Set up job	2026-02-27T23:18:47.8950845Z Contents: read
end-workflow	Set up job	2026-02-27T23:18:47.8951403Z Issues: write
end-workflow	Set up job	2026-02-27T23:18:47.8952006Z Metadata: read
end-workflow	Set up job	2026-02-27T23:18:47.8952481Z ##[endgroup]
end-workflow	Set up job	2026-02-27T23:18:47.8955796Z Secret source: Actions
end-workflow	Set up job	2026-02-27T23:18:47.8956687Z Prepare workflow directory
end-workflow	Set up job	2026-02-27T23:18:47.9404983Z Prepare all required actions
end-workflow	Set up job	2026-02-27T23:18:47.9452821Z Getting action download info
end-workflow	Set up job	2026-02-27T23:18:48.6027909Z Download action repository 'actions/checkout@v4' (SHA:34e114876b0b11c390a56381ad16ebd13914f8d5)
end-workflow	Set up job	2026-02-27T23:18:49.4568322Z Complete job name: end-workflow
end-workflow	Checkout repository	ï»¿2026-02-27T23:18:49.5419926Z ##[group]Run actions/checkout@v4
end-workflow	Checkout repository	2026-02-27T23:18:49.5421082Z with:
end-workflow	Checkout repository	2026-02-27T23:18:49.5421552Z   fetch-depth: 0
end-workflow	Checkout repository	2026-02-27T23:18:49.5422033Z   repository: Ka0s-Klaus/ka0s
end-workflow	Checkout repository	2026-02-27T23:18:49.5422877Z   token: ***
end-workflow	Checkout repository	2026-02-27T23:18:49.5423319Z   ssh-strict: true
end-workflow	Checkout repository	2026-02-27T23:18:49.5423781Z   ssh-user: git
end-workflow	Checkout repository	2026-02-27T23:18:49.5424257Z   persist-credentials: true
end-workflow	Checkout repository	2026-02-27T23:18:49.5425306Z   clean: true
end-workflow	Checkout repository	2026-02-27T23:18:49.5425787Z   sparse-checkout-cone-mode: true
end-workflow	Checkout repository	2026-02-27T23:18:49.5426369Z   fetch-tags: false
end-workflow	Checkout repository	2026-02-27T23:18:49.5426842Z   show-progress: true
end-workflow	Checkout repository	2026-02-27T23:18:49.5427322Z   lfs: false
end-workflow	Checkout repository	2026-02-27T23:18:49.5427795Z   submodules: false
end-workflow	Checkout repository	2026-02-27T23:18:49.5428274Z   set-safe-directory: true
end-workflow	Checkout repository	2026-02-27T23:18:49.5429080Z env:
end-workflow	Checkout repository	2026-02-27T23:18:49.5429566Z   KAOS_MODULE: [Ka0S] Watchdog Node Health
end-workflow	Checkout repository	2026-02-27T23:18:49.5430167Z ##[endgroup]
end-workflow	Checkout repository	2026-02-27T23:18:49.6871451Z Syncing repository: Ka0s-Klaus/ka0s
end-workflow	Checkout repository	2026-02-27T23:18:49.6873744Z ##[group]Getting Git version info
end-workflow	Checkout repository	2026-02-27T23:18:49.6874786Z Working directory is '/home/runner/_work/ka0s/ka0s'
end-workflow	Checkout repository	2026-02-27T23:18:49.6876227Z [command]/usr/bin/git version
end-workflow	Checkout repository	2026-02-27T23:18:49.6876817Z git version 2.53.0
end-workflow	Checkout repository	2026-02-27T23:18:49.6878650Z ##[endgroup]
end-workflow	Checkout repository	2026-02-27T23:18:49.6902037Z Temporarily overriding HOME='/home/runner/_work/_temp/4d49c6fe-1682-4a20-9a17-0cc9f9d52e11' before making global git config changes
end-workflow	Checkout repository	2026-02-27T23:18:49.6903897Z Adding repository directory to the temporary git global config as a safe directory
end-workflow	Checkout repository	2026-02-27T23:18:49.6905407Z [command]/usr/bin/git config --global --add safe.directory /home/runner/_work/ka0s/ka0s
end-workflow	Checkout repository	2026-02-27T23:18:49.6907493Z Deleting the contents of '/home/runner/_work/ka0s/ka0s'
end-workflow	Checkout repository	2026-02-27T23:18:49.6908722Z ##[group]Initializing the repository
end-workflow	Checkout repository	2026-02-27T23:18:49.6919516Z [command]/usr/bin/git init /home/runner/_work/ka0s/ka0s
end-workflow	Checkout repository	2026-02-27T23:18:49.6981632Z hint: Using 'master' as the name for the initial branch. This default branch name
end-workflow	Checkout repository	2026-02-27T23:18:49.6982990Z hint: will change to "main" in Git 3.0. To configure the initial branch name
end-workflow	Checkout repository	2026-02-27T23:18:49.6984213Z hint: to use in all of your new repositories, which will suppress this warning,
end-workflow	Checkout repository	2026-02-27T23:18:49.6991601Z hint: call:
end-workflow	Checkout repository	2026-02-27T23:18:49.6992164Z hint:
end-workflow	Checkout repository	2026-02-27T23:18:49.6992781Z hint: 	git config --global init.defaultBranch <name>
end-workflow	Checkout repository	2026-02-27T23:18:49.6993500Z hint:
end-workflow	Checkout repository	2026-02-27T23:18:49.6994195Z hint: Names commonly chosen instead of 'master' are 'main', 'trunk' and
end-workflow	Checkout repository	2026-02-27T23:18:49.6996032Z hint: 'development'. The just-created branch can be renamed via this command:
end-workflow	Checkout repository	2026-02-27T23:18:49.6996976Z hint:
end-workflow	Checkout repository	2026-02-27T23:18:49.6997464Z hint: 	git branch -m <name>
end-workflow	Checkout repository	2026-02-27T23:18:49.6998007Z hint:
end-workflow	Checkout repository	2026-02-27T23:18:49.6998740Z hint: Disable this message with "git config set advice.defaultBranchName false"
end-workflow	Checkout repository	2026-02-27T23:18:49.7010520Z Initialized empty Git repository in /home/runner/_work/ka0s/ka0s/.git/
end-workflow	Checkout repository	2026-02-27T23:18:49.7012707Z [command]/usr/bin/git remote add origin https://github.com/Ka0s-Klaus/ka0s
end-workflow	Checkout repository	2026-02-27T23:18:49.7077742Z ##[endgroup]
end-workflow	Checkout repository	2026-02-27T23:18:49.7078829Z ##[group]Disabling automatic garbage collection
end-workflow	Checkout repository	2026-02-27T23:18:49.7089164Z [command]/usr/bin/git config --local gc.auto 0
end-workflow	Checkout repository	2026-02-27T23:18:49.7157618Z ##[endgroup]
end-workflow	Checkout repository	2026-02-27T23:18:49.7159023Z ##[group]Setting up auth
end-workflow	Checkout repository	2026-02-27T23:18:49.7178795Z [command]/usr/bin/git config --local --name-only --get-regexp core\.sshCommand
end-workflow	Checkout repository	2026-02-27T23:18:49.7249782Z [command]/usr/bin/git submodule foreach --recursive sh -c "git config --local --name-only --get-regexp 'core\.sshCommand' && git config --local --unset-all 'core.sshCommand' || :"
end-workflow	Checkout repository	2026-02-27T23:18:49.7612053Z [command]/usr/bin/git config --local --name-only --get-regexp http\.https\:\/\/github\.com\/\.extraheader
end-workflow	Checkout repository	2026-02-27T23:18:49.7669800Z [command]/usr/bin/git submodule foreach --recursive sh -c "git config --local --name-only --get-regexp 'http\.https\:\/\/github\.com\/\.extraheader' && git config --local --unset-all 'http.https://github.com/.extraheader' || :"
end-workflow	Checkout repository	2026-02-27T23:18:49.8087729Z [command]/usr/bin/git config --local --name-only --get-regexp ^includeIf\.gitdir:
end-workflow	Checkout repository	2026-02-27T23:18:49.8130962Z [command]/usr/bin/git submodule foreach --recursive git config --local --show-origin --name-only --get-regexp remote.origin.url
end-workflow	Checkout repository	2026-02-27T23:18:49.8709125Z [command]/usr/bin/git config --local http.https://github.com/.extraheader AUTHORIZATION: basic ***
end-workflow	Checkout repository	2026-02-27T23:18:49.8778768Z ##[endgroup]
end-workflow	Checkout repository	2026-02-27T23:18:49.8786126Z ##[group]Fetching the repository
end-workflow	Checkout repository	2026-02-27T23:18:49.8793586Z [command]/usr/bin/git -c protocol.version=2 fetch --prune --no-recurse-submodules origin +refs/heads/*:refs/remotes/origin/* +refs/tags/*:refs/tags/*
end-workflow	Checkout repository	2026-02-27T23:19:31.2709899Z From https://github.com/Ka0s-Klaus/ka0s
end-workflow	Checkout repository	2026-02-27T23:19:31.2714173Z  * [new branch]          F3450-modelo-operativo -> origin/F3450-modelo-operativo
end-workflow	Checkout repository	2026-02-27T23:19:31.2718285Z  * [new branch]          H1276-modulo-observabilidad -> origin/H1276-modulo-observabilidad
end-workflow	Checkout repository	2026-02-27T23:19:31.2722209Z  * [new branch]          H3596-deploy-itop      -> origin/H3596-deploy-itop
end-workflow	Checkout repository	2026-02-27T23:19:31.2726238Z  * [new branch]          H4170-flujo-detallado-zabbix---github -> origin/H4170-flujo-detallado-zabbix---github
end-workflow	Checkout repository	2026-02-27T23:19:31.2730180Z  * [new branch]          H4191-request-cambios  -> origin/H4191-request-cambios
end-workflow	Checkout repository	2026-02-27T23:19:31.2734232Z  * [new branch]          H4200-request-recomendaciones-de-auditoria -> origin/H4200-request-recomendaciones-de-auditoria
end-workflow	Checkout repository	2026-02-27T23:19:31.2739092Z  * [new branch]          main                   -> origin/main
end-workflow	Checkout repository	2026-02-27T23:19:31.2742119Z  * [new tag]             0.0.0                  -> 0.0.0
end-workflow	Checkout repository	2026-02-27T23:19:31.2744114Z  * [new tag]             0.0.1                  -> 0.0.1
end-workflow	Checkout repository	2026-02-27T23:19:31.2746265Z  * [new tag]             0.0.10                 -> 0.0.10
end-workflow	Checkout repository	2026-02-27T23:19:31.2748165Z  * [new tag]             0.0.100                -> 0.0.100
end-workflow	Checkout repository	2026-02-27T23:19:31.2750010Z  * [new tag]             0.0.101                -> 0.0.101
end-workflow	Checkout repository	2026-02-27T23:19:31.2751849Z  * [new tag]             0.0.102                -> 0.0.102
end-workflow	Checkout repository	2026-02-27T23:19:31.2753753Z  * [new tag]             0.0.103                -> 0.0.103
end-workflow	Checkout repository	2026-02-27T23:19:31.2778378Z  * [new tag]             0.0.104                -> 0.0.104
end-workflow	Checkout repository	2026-02-27T23:19:31.2779217Z  * [new tag]             0.0.105                -> 0.0.105
end-workflow	Checkout repository	2026-02-27T23:19:31.2786802Z  * [new tag]             0.0.106                -> 0.0.106
end-workflow	Checkout repository	2026-02-27T23:19:31.2787609Z  * [new tag]             0.0.107                -> 0.0.107
end-workflow	Checkout repository	2026-02-27T23:19:31.2788337Z  * [new tag]             0.0.108                -> 0.0.108
end-workflow	Checkout repository	2026-02-27T23:19:31.2789052Z  * [new tag]             0.0.109                -> 0.0.109
end-workflow	Checkout repository	2026-02-27T23:19:31.2789648Z  * [new tag]             0.0.11                 -> 0.0.11
end-workflow	Checkout repository	2026-02-27T23:19:31.2790239Z  * [new tag]             0.0.110                -> 0.0.110
end-workflow	Checkout repository	2026-02-27T23:19:31.2790826Z  * [new tag]             0.0.111                -> 0.0.111
end-workflow	Checkout repository	2026-02-27T23:19:31.2791405Z  * [new tag]             0.0.112                -> 0.0.112
end-workflow	Checkout repository	2026-02-27T23:19:31.2792018Z  * [new tag]             0.0.113                -> 0.0.113
end-workflow	Checkout repository	2026-02-27T23:19:31.2792672Z  * [new tag]             0.0.114                -> 0.0.114
end-workflow	Checkout repository	2026-02-27T23:19:31.2793834Z  * [new tag]             0.0.115                -> 0.0.115
end-workflow	Checkout repository	2026-02-27T23:19:31.2794420Z  * [new tag]             0.0.116                -> 0.0.116
end-workflow	Checkout repository	2026-02-27T23:19:31.2795509Z  * [new tag]             0.0.117                -> 0.0.117
end-workflow	Checkout repository	2026-02-27T23:19:31.2796327Z  * [new tag]             0.0.118                -> 0.0.118
end-workflow	Checkout repository	2026-02-27T23:19:31.2796933Z  * [new tag]             0.0.119                -> 0.0.119
end-workflow	Checkout repository	2026-02-27T23:19:31.2797490Z  * [new tag]             0.0.12                 -> 0.0.12
end-workflow	Checkout repository	2026-02-27T23:19:31.2798051Z  * [new tag]             0.0.120                -> 0.0.120
end-workflow	Checkout repository	2026-02-27T23:19:31.2798611Z  * [new tag]             0.0.121                -> 0.0.121
end-workflow	Checkout repository	2026-02-27T23:19:31.2799179Z  * [new tag]             0.0.122                -> 0.0.122
end-workflow	Checkout repository	2026-02-27T23:19:31.2799736Z  * [new tag]             0.0.123                -> 0.0.123
end-workflow	Checkout repository	2026-02-27T23:19:31.2800314Z  * [new tag]             0.0.124                -> 0.0.124
end-workflow	Checkout repository	2026-02-27T23:19:31.2801497Z  * [new tag]             0.0.125                -> 0.0.125
end-workflow	Checkout repository	2026-02-27T23:19:31.2802149Z  * [new tag]             0.0.126                -> 0.0.126
end-workflow	Checkout repository	2026-02-27T23:19:31.2805004Z  * [new tag]             0.0.127                -> 0.0.127
end-workflow	Checkout repository	2026-02-27T23:19:31.2807459Z  * [new tag]             0.0.128                -> 0.0.128
end-workflow	Checkout repository	2026-02-27T23:19:31.2807876Z  * [new tag]             0.0.129                -> 0.0.129
end-workflow	Checkout repository	2026-02-27T23:19:31.2808274Z  * [new tag]             0.0.13                 -> 0.0.13
end-workflow	Checkout repository	2026-02-27T23:19:31.2808672Z  * [new tag]             0.0.130                -> 0.0.130
end-workflow	Checkout repository	2026-02-27T23:19:31.2809054Z  * [new tag]             0.0.131                -> 0.0.131
end-workflow	Checkout repository	2026-02-27T23:19:31.2809441Z  * [new tag]             0.0.132                -> 0.0.132
end-workflow	Checkout repository	2026-02-27T23:19:31.2809822Z  * [new tag]             0.0.133                -> 0.0.133
end-workflow	Checkout repository	2026-02-27T23:19:31.2810208Z  * [new tag]             0.0.134                -> 0.0.134
end-workflow	Checkout repository	2026-02-27T23:19:31.2847090Z  * [new tag]             0.0.135                -> 0.0.135
end-workflow	Checkout repository	2026-02-27T23:19:31.2847928Z  * [new tag]             0.0.136                -> 0.0.136
end-workflow	Checkout repository	2026-02-27T23:19:31.2848465Z  * [new tag]             0.0.137                -> 0.0.137
end-workflow	Checkout repository	2026-02-27T23:19:31.2848994Z  * [new tag]             0.0.138                -> 0.0.138
end-workflow	Checkout repository	2026-02-27T23:19:31.2850440Z  * [new tag]             0.0.139                -> 0.0.139
end-workflow	Checkout repository	2026-02-27T23:19:31.2850847Z  * [new tag]             0.0.14                 -> 0.0.14
end-workflow	Checkout repository	2026-02-27T23:19:31.2851238Z  * [new tag]             0.0.140                -> 0.0.140
end-workflow	Checkout repository	2026-02-27T23:19:31.2851627Z  * [new tag]             0.0.141                -> 0.0.141
end-workflow	Checkout repository	2026-02-27T23:19:31.2852035Z  * [new tag]             0.0.142                -> 0.0.142
end-workflow	Checkout repository	2026-02-27T23:19:31.2852437Z  * [new tag]             0.0.143                -> 0.0.143
end-workflow	Checkout repository	2026-02-27T23:19:31.2852845Z  * [new tag]             0.0.144                -> 0.0.144
end-workflow	Checkout repository	2026-02-27T23:19:31.2853260Z  * [new tag]             0.0.145                -> 0.0.145
end-workflow	Checkout repository	2026-02-27T23:19:31.2853686Z  * [new tag]             0.0.146                -> 0.0.146
end-workflow	Checkout repository	2026-02-27T23:19:31.2854100Z  * [new tag]             0.0.147                -> 0.0.147
end-workflow	Checkout repository	2026-02-27T23:19:31.2879171Z  * [new tag]             0.0.148                -> 0.0.148
end-workflow	Checkout repository	2026-02-27T23:19:31.2879869Z  * [new tag]             0.0.149                -> 0.0.149
end-workflow	Checkout repository	2026-02-27T23:19:31.2880277Z  * [new tag]             0.0.15                 -> 0.0.15
end-workflow	Checkout repository	2026-02-27T23:19:31.2880837Z  * [new tag]             0.0.150                -> 0.0.150
end-workflow	Checkout repository	2026-02-27T23:19:31.2881234Z  * [new tag]             0.0.151                -> 0.0.151
end-workflow	Checkout repository	2026-02-27T23:19:31.2881621Z  * [new tag]             0.0.152                -> 0.0.152
end-workflow	Checkout repository	2026-02-27T23:19:31.2882023Z  * [new tag]             0.0.153                -> 0.0.153
end-workflow	Checkout repository	2026-02-27T23:19:31.2882421Z  * [new tag]             0.0.154                -> 0.0.154
end-workflow	Checkout repository	2026-02-27T23:19:31.2882824Z  * [new tag]             0.0.155                -> 0.0.155
end-workflow	Checkout repository	2026-02-27T23:19:31.2883220Z  * [new tag]             0.0.156                -> 0.0.156
end-workflow	Checkout repository	2026-02-27T23:19:31.2884057Z  * [new tag]             0.0.157                -> 0.0.157
end-workflow	Checkout repository	2026-02-27T23:19:31.2884461Z  * [new tag]             0.0.158                -> 0.0.158
end-workflow	Checkout repository	2026-02-27T23:19:31.2890548Z  * [new tag]             0.0.159                -> 0.0.159
end-workflow	Checkout repository	2026-02-27T23:19:31.2890977Z  * [new tag]             0.0.16                 -> 0.0.16
end-workflow	Checkout repository	2026-02-27T23:19:31.2891375Z  * [new tag]             0.0.160                -> 0.0.160
end-workflow	Checkout repository	2026-02-27T23:19:31.2891776Z  * [new tag]             0.0.161                -> 0.0.161
end-workflow	Checkout repository	2026-02-27T23:19:31.2892169Z  * [new tag]             0.0.162                -> 0.0.162
end-workflow	Checkout repository	2026-02-27T23:19:31.2892568Z  * [new tag]             0.0.163                -> 0.0.163
end-workflow	Checkout repository	2026-02-27T23:19:31.2892967Z  * [new tag]             0.0.164                -> 0.0.164
end-workflow	Checkout repository	2026-02-27T23:19:31.2893362Z  * [new tag]             0.0.165                -> 0.0.165
end-workflow	Checkout repository	2026-02-27T23:19:31.2893764Z  * [new tag]             0.0.166                -> 0.0.166
end-workflow	Checkout repository	2026-02-27T23:19:31.2894435Z  * [new tag]             0.0.167                -> 0.0.167
end-workflow	Checkout repository	2026-02-27T23:19:31.2894914Z  * [new tag]             0.0.168                -> 0.0.168
end-workflow	Checkout repository	2026-02-27T23:19:31.2895314Z  * [new tag]             0.0.169                -> 0.0.169
end-workflow	Checkout repository	2026-02-27T23:19:31.2895719Z  * [new tag]             0.0.17                 -> 0.0.17
end-workflow	Checkout repository	2026-02-27T23:19:31.2896117Z  * [new tag]             0.0.170                -> 0.0.170
end-workflow	Checkout repository	2026-02-27T23:19:31.2896506Z  * [new tag]             0.0.171                -> 0.0.171
end-workflow	Checkout repository	2026-02-27T23:19:31.2896902Z  * [new tag]             0.0.172                -> 0.0.172
end-workflow	Checkout repository	2026-02-27T23:19:31.3006439Z  * [new tag]             0.0.173                -> 0.0.173
end-workflow	Checkout repository	2026-02-27T23:19:31.3007323Z  * [new tag]             0.0.174                -> 0.0.174
end-workflow	Checkout repository	2026-02-27T23:19:31.3007740Z  * [new tag]             0.0.175                -> 0.0.175
end-workflow	Checkout repository	2026-02-27T23:19:31.3017085Z  * [new tag]             0.0.176                -> 0.0.176
end-workflow	Checkout repository	2026-02-27T23:19:31.3018069Z  * [new tag]             0.0.177                -> 0.0.177
end-workflow	Checkout repository	2026-02-27T23:19:31.3018648Z  * [new tag]             0.0.178                -> 0.0.178
end-workflow	Checkout repository	2026-02-27T23:19:31.3025048Z  * [new tag]             0.0.179                -> 0.0.179
end-workflow	Checkout repository	2026-02-27T23:19:31.3025617Z  * [new tag]             0.0.18                 -> 0.0.18
end-workflow	Checkout repository	2026-02-27T23:19:31.3026215Z  * [new tag]             0.0.19                 -> 0.0.19
end-workflow	Checkout repository	2026-02-27T23:19:31.3026840Z  * [new tag]             0.0.2                  -> 0.0.2
end-workflow	Checkout repository	2026-02-27T23:19:31.3027415Z  * [new tag]             0.0.20                 -> 0.0.20
end-workflow	Checkout repository	2026-02-27T23:19:31.3028773Z  * [new tag]             0.0.21                 -> 0.0.21
end-workflow	Checkout repository	2026-02-27T23:19:31.3029389Z  * [new tag]             0.0.22                 -> 0.0.22
end-workflow	Checkout repository	2026-02-27T23:19:31.3029923Z  * [new tag]             0.0.23                 -> 0.0.23
end-workflow	Checkout repository	2026-02-27T23:19:31.3030447Z  * [new tag]             0.0.24                 -> 0.0.24
end-workflow	Checkout repository	2026-02-27T23:19:31.3030967Z  * [new tag]             0.0.25                 -> 0.0.25
end-workflow	Checkout repository	2026-02-27T23:19:31.3031485Z  * [new tag]             0.0.26                 -> 0.0.26
end-workflow	Checkout repository	2026-02-27T23:19:31.3032021Z  * [new tag]             0.0.27                 -> 0.0.27
end-workflow	Checkout repository	2026-02-27T23:19:31.3032541Z  * [new tag]             0.0.28                 -> 0.0.28
end-workflow	Checkout repository	2026-02-27T23:19:31.3033063Z  * [new tag]             0.0.29                 -> 0.0.29
end-workflow	Checkout repository	2026-02-27T23:19:31.3033589Z  * [new tag]             0.0.3                  -> 0.0.3
end-workflow	Checkout repository	2026-02-27T23:19:31.3034114Z  * [new tag]             0.0.30                 -> 0.0.30
end-workflow	Checkout repository	2026-02-27T23:19:31.3045061Z  * [new tag]             0.0.31                 -> 0.0.31
end-workflow	Checkout repository	2026-02-27T23:19:31.3045687Z  * [new tag]             0.0.32                 -> 0.0.32
end-workflow	Checkout repository	2026-02-27T23:19:31.3046327Z  * [new tag]             0.0.33                 -> 0.0.33
end-workflow	Checkout repository	2026-02-27T23:19:31.3046859Z  * [new tag]             0.0.34                 -> 0.0.34
end-workflow	Checkout repository	2026-02-27T23:19:31.3047380Z  * [new tag]             0.0.35                 -> 0.0.35
end-workflow	Checkout repository	2026-02-27T23:19:31.3047912Z  * [new tag]             0.0.36                 -> 0.0.36
end-workflow	Checkout repository	2026-02-27T23:19:31.3048713Z  * [new tag]             0.0.37                 -> 0.0.37
end-workflow	Checkout repository	2026-02-27T23:19:31.3051260Z  * [new tag]             0.0.38                 -> 0.0.38
end-workflow	Checkout repository	2026-02-27T23:19:31.3051687Z  * [new tag]             0.0.39                 -> 0.0.39
end-workflow	Checkout repository	2026-02-27T23:19:31.3052080Z  * [new tag]             0.0.4                  -> 0.0.4
end-workflow	Checkout repository	2026-02-27T23:19:31.3052476Z  * [new tag]             0.0.40                 -> 0.0.40
end-workflow	Checkout repository	2026-02-27T23:19:31.3052869Z  * [new tag]             0.0.41                 -> 0.0.41
end-workflow	Checkout repository	2026-02-27T23:19:31.3053267Z  * [new tag]             0.0.42                 -> 0.0.42
end-workflow	Checkout repository	2026-02-27T23:19:31.3053659Z  * [new tag]             0.0.43                 -> 0.0.43
end-workflow	Checkout repository	2026-02-27T23:19:31.3054050Z  * [new tag]             0.0.44                 -> 0.0.44
end-workflow	Checkout repository	2026-02-27T23:19:31.3054445Z  * [new tag]             0.0.45                 -> 0.0.45
end-workflow	Checkout repository	2026-02-27T23:19:31.3085295Z  * [new tag]             0.0.46                 -> 0.0.46
end-workflow	Checkout repository	2026-02-27T23:19:31.3085773Z  * [new tag]             0.0.47                 -> 0.0.47
end-workflow	Checkout repository	2026-02-27T23:19:31.3086511Z  * [new tag]             0.0.48                 -> 0.0.48
end-workflow	Checkout repository	2026-02-27T23:19:31.3086925Z  * [new tag]             0.0.49                 -> 0.0.49
end-workflow	Checkout repository	2026-02-27T23:19:31.3087326Z  * [new tag]             0.0.5                  -> 0.0.5
end-workflow	Checkout repository	2026-02-27T23:19:31.3087715Z  * [new tag]             0.0.50                 -> 0.0.50
end-workflow	Checkout repository	2026-02-27T23:19:31.3088117Z  * [new tag]             0.0.51                 -> 0.0.51
end-workflow	Checkout repository	2026-02-27T23:19:31.3088509Z  * [new tag]             0.0.52                 -> 0.0.52
end-workflow	Checkout repository	2026-02-27T23:19:31.3088907Z  * [new tag]             0.0.53                 -> 0.0.53
end-workflow	Checkout repository	2026-02-27T23:19:31.3089298Z  * [new tag]             0.0.54                 -> 0.0.54
end-workflow	Checkout repository	2026-02-27T23:19:31.3089698Z  * [new tag]             0.0.55                 -> 0.0.55
end-workflow	Checkout repository	2026-02-27T23:19:31.3090094Z  * [new tag]             0.0.56                 -> 0.0.56
end-workflow	Checkout repository	2026-02-27T23:19:31.3090482Z  * [new tag]             0.0.57                 -> 0.0.57
end-workflow	Checkout repository	2026-02-27T23:19:31.3090873Z  * [new tag]             0.0.58                 -> 0.0.58
end-workflow	Checkout repository	2026-02-27T23:19:31.3091264Z  * [new tag]             0.0.59                 -> 0.0.59
end-workflow	Checkout repository	2026-02-27T23:19:31.3091659Z  * [new tag]             0.0.6                  -> 0.0.6
end-workflow	Checkout repository	2026-02-27T23:19:31.3092043Z  * [new tag]             0.0.60                 -> 0.0.60
end-workflow	Checkout repository	2026-02-27T23:19:31.3092432Z  * [new tag]             0.0.61                 -> 0.0.61
end-workflow	Checkout repository	2026-02-27T23:19:31.3092819Z  * [new tag]             0.0.62                 -> 0.0.62
end-workflow	Checkout repository	2026-02-27T23:19:31.3093200Z  * [new tag]             0.0.63                 -> 0.0.63
end-workflow	Checkout repository	2026-02-27T23:19:31.3093591Z  * [new tag]             0.0.64                 -> 0.0.64
end-workflow	Checkout repository	2026-02-27T23:19:31.3093970Z  * [new tag]             0.0.65                 -> 0.0.65
end-workflow	Checkout repository	2026-02-27T23:19:31.3094352Z  * [new tag]             0.0.66                 -> 0.0.66
end-workflow	Checkout repository	2026-02-27T23:19:31.3108074Z  * [new tag]             0.0.67                 -> 0.0.67
end-workflow	Checkout repository	2026-02-27T23:19:31.3108576Z  * [new tag]             0.0.68                 -> 0.0.68
end-workflow	Checkout repository	2026-02-27T23:19:31.3109001Z  * [new tag]             0.0.69                 -> 0.0.69
end-workflow	Checkout repository	2026-02-27T23:19:31.3109419Z  * [new tag]             0.0.7                  -> 0.0.7
end-workflow	Checkout repository	2026-02-27T23:19:31.3109811Z  * [new tag]             0.0.70                 -> 0.0.70
end-workflow	Checkout repository	2026-02-27T23:19:31.3110202Z  * [new tag]             0.0.71                 -> 0.0.71
end-workflow	Checkout repository	2026-02-27T23:19:31.3110585Z  * [new tag]             0.0.72                 -> 0.0.72
end-workflow	Checkout repository	2026-02-27T23:19:31.3110975Z  * [new tag]             0.0.73                 -> 0.0.73
end-workflow	Checkout repository	2026-02-27T23:19:31.3111361Z  * [new tag]             0.0.74                 -> 0.0.74
end-workflow	Checkout repository	2026-02-27T23:19:31.3111752Z  * [new tag]             0.0.75                 -> 0.0.75
end-workflow	Checkout repository	2026-02-27T23:19:31.3112137Z  * [new tag]             0.0.76                 -> 0.0.76
end-workflow	Checkout repository	2026-02-27T23:19:31.3112528Z  * [new tag]             0.0.77                 -> 0.0.77
end-workflow	Checkout repository	2026-02-27T23:19:31.3112914Z  * [new tag]             0.0.78                 -> 0.0.78
end-workflow	Checkout repository	2026-02-27T23:19:31.3113305Z  * [new tag]             0.0.79                 -> 0.0.79
end-workflow	Checkout repository	2026-02-27T23:19:31.3113698Z  * [new tag]             0.0.8                  -> 0.0.8
end-workflow	Checkout repository	2026-02-27T23:19:31.3114439Z  * [new tag]             0.0.80                 -> 0.0.80
end-workflow	Checkout repository	2026-02-27T23:19:31.3114920Z  * [new tag]             0.0.81                 -> 0.0.81
end-workflow	Checkout repository	2026-02-27T23:19:31.3115307Z  * [new tag]             0.0.82                 -> 0.0.82
end-workflow	Checkout repository	2026-02-27T23:19:31.3115694Z  * [new tag]             0.0.83                 -> 0.0.83
end-workflow	Checkout repository	2026-02-27T23:19:31.3116078Z  * [new tag]             0.0.84                 -> 0.0.84
end-workflow	Checkout repository	2026-02-27T23:19:31.3116467Z  * [new tag]             0.0.85                 -> 0.0.85
end-workflow	Checkout repository	2026-02-27T23:19:31.3116869Z  * [new tag]             0.0.86                 -> 0.0.86
end-workflow	Checkout repository	2026-02-27T23:19:31.3117283Z  * [new tag]             0.0.87                 -> 0.0.87
end-workflow	Checkout repository	2026-02-27T23:19:31.3117683Z  * [new tag]             0.0.88                 -> 0.0.88
end-workflow	Checkout repository	2026-02-27T23:19:31.3118075Z  * [new tag]             0.0.89                 -> 0.0.89
end-workflow	Checkout repository	2026-02-27T23:19:31.3118460Z  * [new tag]             0.0.9                  -> 0.0.9
end-workflow	Checkout repository	2026-02-27T23:19:31.3118843Z  * [new tag]             0.0.90                 -> 0.0.90
end-workflow	Checkout repository	2026-02-27T23:19:31.3119458Z  * [new tag]             0.0.91                 -> 0.0.91
end-workflow	Checkout repository	2026-02-27T23:19:31.3119848Z  * [new tag]             0.0.92                 -> 0.0.92
end-workflow	Checkout repository	2026-02-27T23:19:31.3120234Z  * [new tag]             0.0.93                 -> 0.0.93
end-workflow	Checkout repository	2026-02-27T23:19:31.3120623Z  * [new tag]             0.0.94                 -> 0.0.94
end-workflow	Checkout repository	2026-02-27T23:19:31.3121010Z  * [new tag]             0.0.95                 -> 0.0.95
end-workflow	Checkout repository	2026-02-27T23:19:31.3121397Z  * [new tag]             0.0.96                 -> 0.0.96
end-workflow	Checkout repository	2026-02-27T23:19:31.3121782Z  * [new tag]             0.0.97                 -> 0.0.97
end-workflow	Checkout repository	2026-02-27T23:19:31.3122176Z  * [new tag]             0.0.98                 -> 0.0.98
end-workflow	Checkout repository	2026-02-27T23:19:31.3122569Z  * [new tag]             0.0.99                 -> 0.0.99
end-workflow	Checkout repository	2026-02-27T23:19:31.3122954Z  * [new tag]             0.1.0                  -> 0.1.0
end-workflow	Checkout repository	2026-02-27T23:19:31.3123345Z  * [new tag]             0.1.1                  -> 0.1.1
end-workflow	Checkout repository	2026-02-27T23:19:31.3123733Z  * [new tag]             0.2.0                  -> 0.2.0
end-workflow	Checkout repository	2026-02-27T23:19:31.3124125Z  * [new tag]             0.3.0                  -> 0.3.0
end-workflow	Checkout repository	2026-02-27T23:19:31.3185393Z  * [new tag]             0.3.1                  -> 0.3.1
end-workflow	Checkout repository	2026-02-27T23:19:31.3186317Z  * [new tag]             0.3.10                 -> 0.3.10
end-workflow	Checkout repository	2026-02-27T23:19:31.3186724Z  * [new tag]             0.3.11                 -> 0.3.11
end-workflow	Checkout repository	2026-02-27T23:19:31.3187120Z  * [new tag]             0.3.12                 -> 0.3.12
end-workflow	Checkout repository	2026-02-27T23:19:31.3187510Z  * [new tag]             0.3.13                 -> 0.3.13
end-workflow	Checkout repository	2026-02-27T23:19:31.3187888Z  * [new tag]             0.3.14                 -> 0.3.14
end-workflow	Checkout repository	2026-02-27T23:19:31.3188278Z  * [new tag]             0.3.15                 -> 0.3.15
end-workflow	Checkout repository	2026-02-27T23:19:31.3188662Z  * [new tag]             0.3.16                 -> 0.3.16
end-workflow	Checkout repository	2026-02-27T23:19:31.3189051Z  * [new tag]             0.3.17                 -> 0.3.17
end-workflow	Checkout repository	2026-02-27T23:19:31.3189439Z  * [new tag]             0.3.2                  -> 0.3.2
end-workflow	Checkout repository	2026-02-27T23:19:31.3189851Z  * [new tag]             0.3.3                  -> 0.3.3
end-workflow	Checkout repository	2026-02-27T23:19:31.3190249Z  * [new tag]             0.3.4                  -> 0.3.4
end-workflow	Checkout repository	2026-02-27T23:19:31.3190634Z  * [new tag]             0.3.5                  -> 0.3.5
end-workflow	Checkout repository	2026-02-27T23:19:31.3191016Z  * [new tag]             0.3.6                  -> 0.3.6
end-workflow	Checkout repository	2026-02-27T23:19:31.3191394Z  * [new tag]             0.3.7                  -> 0.3.7
end-workflow	Checkout repository	2026-02-27T23:19:31.3191778Z  * [new tag]             0.3.8                  -> 0.3.8
end-workflow	Checkout repository	2026-02-27T23:19:31.3192154Z  * [new tag]             0.3.9                  -> 0.3.9
end-workflow	Checkout repository	2026-02-27T23:19:31.3192538Z  * [new tag]             0.4.0                  -> 0.4.0
end-workflow	Checkout repository	2026-02-27T23:19:31.3193077Z  * [new tag]             0.4.1                  -> 0.4.1
end-workflow	Checkout repository	2026-02-27T23:19:31.3193459Z  * [new tag]             0.4.2                  -> 0.4.2
end-workflow	Checkout repository	2026-02-27T23:19:31.3193844Z  * [new tag]             0.4.3                  -> 0.4.3
end-workflow	Checkout repository	2026-02-27T23:19:31.3194227Z  * [new tag]             0.4.4                  -> 0.4.4
end-workflow	Checkout repository	2026-02-27T23:19:31.3215435Z  * [new tag]             0.4.5                  -> 0.4.5
end-workflow	Checkout repository	2026-02-27T23:19:31.3215839Z  * [new tag]             0.4.6                  -> 0.4.6
end-workflow	Checkout repository	2026-02-27T23:19:31.3216230Z  * [new tag]             0.4.7                  -> 0.4.7
end-workflow	Checkout repository	2026-02-27T23:19:31.3216614Z  * [new tag]             0.4.8                  -> 0.4.8
end-workflow	Checkout repository	2026-02-27T23:19:31.3216991Z  * [new tag]             0.4.9                  -> 0.4.9
end-workflow	Checkout repository	2026-02-27T23:19:31.3217375Z  * [new tag]             0.5.0                  -> 0.5.0
end-workflow	Checkout repository	2026-02-27T23:19:31.3217755Z  * [new tag]             0.5.1                  -> 0.5.1
end-workflow	Checkout repository	2026-02-27T23:19:31.3218136Z  * [new tag]             0.5.2                  -> 0.5.2
end-workflow	Checkout repository	2026-02-27T23:19:31.3218526Z  * [new tag]             0.6.0                  -> 0.6.0
end-workflow	Checkout repository	2026-02-27T23:19:31.3218909Z  * [new tag]             0.6.1                  -> 0.6.1
end-workflow	Checkout repository	2026-02-27T23:19:31.3219295Z  * [new tag]             0.6.2                  -> 0.6.2
end-workflow	Checkout repository	2026-02-27T23:19:31.3219675Z  * [new tag]             0.6.3                  -> 0.6.3
end-workflow	Checkout repository	2026-02-27T23:19:31.3220335Z  * [new tag]             0.6.4                  -> 0.6.4
end-workflow	Checkout repository	2026-02-27T23:19:31.3220719Z  * [new tag]             0.6.5                  -> 0.6.5
end-workflow	Checkout repository	2026-02-27T23:19:31.3221117Z  * [new tag]             0.6.6                  -> 0.6.6
end-workflow	Checkout repository	2026-02-27T23:19:31.3583441Z [command]/usr/bin/git branch --list --remote origin/main
end-workflow	Checkout repository	2026-02-27T23:19:31.3754002Z   origin/main
end-workflow	Checkout repository	2026-02-27T23:19:31.3772819Z [command]/usr/bin/git rev-parse refs/remotes/origin/main
end-workflow	Checkout repository	2026-02-27T23:19:31.3834158Z 8520822d507d3785e47a0a16c179f6c121285942
end-workflow	Checkout repository	2026-02-27T23:19:31.3877965Z [command]/usr/bin/git -c protocol.version=2 fetch --no-tags --prune --no-recurse-submodules origin +2aa329aac5645b31aa3e63b703432175e8e2657d:refs/remotes/origin/main
end-workflow	Checkout repository	2026-02-27T23:19:31.4115995Z From https://github.com/Ka0s-Klaus/ka0s
end-workflow	Checkout repository	2026-02-27T23:19:31.4126749Z  + 8520822d5...2aa329aac 2aa329aac5645b31aa3e63b703432175e8e2657d -> origin/main  (forced update)
end-workflow	Checkout repository	2026-02-27T23:19:31.4176894Z ##[endgroup]
end-workflow	Checkout repository	2026-02-27T23:19:31.4177656Z ##[group]Determining the checkout info
end-workflow	Checkout repository	2026-02-27T23:19:31.4178496Z ##[endgroup]
end-workflow	Checkout repository	2026-02-27T23:19:31.4178956Z [command]/usr/bin/git sparse-checkout disable
end-workflow	Checkout repository	2026-02-27T23:19:31.4285515Z [command]/usr/bin/git config --local --unset-all extensions.worktreeConfig
end-workflow	Checkout repository	2026-02-27T23:19:31.4386293Z ##[group]Checking out the ref
end-workflow	Checkout repository	2026-02-27T23:19:31.4407795Z [command]/usr/bin/git checkout --progress --force -B main refs/remotes/origin/main
end-workflow	Checkout repository	2026-02-27T23:19:31.7907271Z Switched to a new branch 'main'
end-workflow	Checkout repository	2026-02-27T23:19:31.7926825Z branch 'main' set up to track 'origin/main'.
end-workflow	Checkout repository	2026-02-27T23:19:31.8016892Z ##[endgroup]
end-workflow	Checkout repository	2026-02-27T23:19:31.8231020Z [command]/usr/bin/git log -1 --format=%H
end-workflow	Checkout repository	2026-02-27T23:19:31.8310579Z 2aa329aac5645b31aa3e63b703432175e8e2657d
end-workflow	Install GH CLI	ï»¿2026-02-27T23:19:31.9513763Z Prepare all required actions
end-workflow	Install GH CLI	2026-02-27T23:19:31.9712970Z ##[group]Run ./.github/actions/install-gh-cli
end-workflow	Install GH CLI	2026-02-27T23:19:31.9713282Z env:
end-workflow	Install GH CLI	2026-02-27T23:19:31.9713499Z   KAOS_MODULE: [Ka0S] Watchdog Node Health
end-workflow	Install GH CLI	2026-02-27T23:19:31.9713766Z ##[endgroup]
end-workflow	Install GH CLI	2026-02-27T23:19:32.0045152Z ##[group]Run type -p curl >/dev/null || (sudo apt-get update && sudo apt-get install curl -y)
end-workflow	Install GH CLI	2026-02-27T23:19:32.0045887Z [36;1mtype -p curl >/dev/null || (sudo apt-get update && sudo apt-get install curl -y)[0m
end-workflow	Install GH CLI	2026-02-27T23:19:32.0046763Z [36;1mcurl -fsSL https://cli.github.com/packages/githubcli-archive-keyring.gpg | sudo dd of=/usr/share/keyrings/githubcli-archive-keyring.gpg \[0m
end-workflow	Install GH CLI	2026-02-27T23:19:32.0047588Z [36;1m&& sudo chmod go+r /usr/share/keyrings/githubcli-archive-keyring.gpg \[0m
end-workflow	Install GH CLI	2026-02-27T23:19:32.0048681Z [36;1m&& echo "deb [arch=$(dpkg --print-architecture) signed-by=/usr/share/keyrings/githubcli-archive-keyring.gpg] https://cli.github.com/packages stable main" | sudo tee /etc/apt/sources.list.d/github-cli.list > /dev/null \[0m
end-workflow	Install GH CLI	2026-02-27T23:19:32.0049773Z [36;1m&& sudo apt-get update \[0m
end-workflow	Install GH CLI	2026-02-27T23:19:32.0050065Z [36;1m&& sudo apt-get install gh -y[0m
end-workflow	Install GH CLI	2026-02-27T23:19:32.0094979Z shell: /usr/bin/bash --noprofile --norc -e -o pipefail {0}
end-workflow	Install GH CLI	2026-02-27T23:19:32.0095381Z env:
end-workflow	Install GH CLI	2026-02-27T23:19:32.0095975Z   KAOS_MODULE: [Ka0S] Watchdog Node Health
end-workflow	Install GH CLI	2026-02-27T23:19:32.0248121Z ##[endgroup]
end-workflow	Install GH CLI	2026-02-27T23:19:32.1192813Z 4+1 records in
end-workflow	Install GH CLI	2026-02-27T23:19:32.1193516Z 4+1 records out
end-workflow	Install GH CLI	2026-02-27T23:19:32.1193964Z 2270 bytes (2.3 kB, 2.2 KiB) copied, 0.056162 s, 40.4 kB/s
end-workflow	Install GH CLI	2026-02-27T23:19:32.3101001Z Get:1 https://cli.github.com/packages stable InRelease [3917 B]
end-workflow	Install GH CLI	2026-02-27T23:19:32.3386290Z Get:2 http://archive.ubuntu.com/ubuntu noble InRelease [256 kB]
end-workflow	Install GH CLI	2026-02-27T23:19:32.3453571Z Get:3 http://security.ubuntu.com/ubuntu noble-security InRelease [126 kB]
end-workflow	Install GH CLI	2026-02-27T23:19:32.4941900Z Get:4 https://ppa.launchpadcontent.net/git-core/ppa/ubuntu noble InRelease [24.3 kB]
end-workflow	Install GH CLI	2026-02-27T23:19:32.4946274Z Get:5 http://archive.ubuntu.com/ubuntu noble-updates InRelease [126 kB]
end-workflow	Install GH CLI	2026-02-27T23:19:32.5305104Z Get:6 http://archive.ubuntu.com/ubuntu noble-backports InRelease [126 kB]
end-workflow	Install GH CLI	2026-02-27T23:19:32.5855732Z Get:7 http://security.ubuntu.com/ubuntu noble-security/universe amd64 Packages [1242 kB]
end-workflow	Install GH CLI	2026-02-27T23:19:32.5996611Z Get:8 https://cli.github.com/packages stable/main amd64 Packages [357 B]
end-workflow	Install GH CLI	2026-02-27T23:19:32.6863475Z Get:9 http://archive.ubuntu.com/ubuntu noble/universe amd64 Packages [19.3 MB]
end-workflow	Install GH CLI	2026-02-27T23:19:32.7235142Z Get:10 http://security.ubuntu.com/ubuntu noble-security/restricted amd64 Packages [3262 kB]
end-workflow	Install GH CLI	2026-02-27T23:19:32.8538474Z Get:11 http://security.ubuntu.com/ubuntu noble-security/main amd64 Packages [1883 kB]
end-workflow	Install GH CLI	2026-02-27T23:19:32.8765911Z Get:12 http://security.ubuntu.com/ubuntu noble-security/multiverse amd64 Packages [34.8 kB]
end-workflow	Install GH CLI	2026-02-27T23:19:32.9668039Z Get:13 https://ppa.launchpadcontent.net/git-core/ppa/ubuntu noble/main amd64 Packages [2992 B]
end-workflow	Install GH CLI	2026-02-27T23:19:33.4906322Z Get:14 http://archive.ubuntu.com/ubuntu noble/restricted amd64 Packages [117 kB]
end-workflow	Install GH CLI	2026-02-27T23:19:33.4907344Z Get:15 http://archive.ubuntu.com/ubuntu noble/multiverse amd64 Packages [331 kB]
end-workflow	Install GH CLI	2026-02-27T23:19:33.5125747Z Get:16 http://archive.ubuntu.com/ubuntu noble/main amd64 Packages [1808 kB]
end-workflow	Install GH CLI	2026-02-27T23:19:33.5645541Z Get:17 http://archive.ubuntu.com/ubuntu noble-updates/restricted amd64 Packages [3471 kB]
end-workflow	Install GH CLI	2026-02-27T23:19:33.6814995Z Get:18 http://archive.ubuntu.com/ubuntu noble-updates/universe amd64 Packages [2017 kB]
end-workflow	Install GH CLI	2026-02-27T23:19:33.7285984Z Get:19 http://archive.ubuntu.com/ubuntu noble-updates/main amd64 Packages [2275 kB]
end-workflow	Install GH CLI	2026-02-27T23:19:33.7445747Z Get:20 http://archive.ubuntu.com/ubuntu noble-updates/multiverse amd64 Packages [38.1 kB]
end-workflow	Install GH CLI	2026-02-27T23:19:33.7498637Z Get:21 http://archive.ubuntu.com/ubuntu noble-backports/universe amd64 Packages [34.6 kB]
end-workflow	Install GH CLI	2026-02-27T23:19:33.7502562Z Get:22 http://archive.ubuntu.com/ubuntu noble-backports/main amd64 Packages [49.5 kB]
end-workflow	Install GH CLI	2026-02-27T23:19:35.5876245Z Fetched 36.5 MB in 3s (11.0 MB/s)
end-workflow	Install GH CLI	2026-02-27T23:19:36.8177793Z Reading package lists...
end-workflow	Install GH CLI	2026-02-27T23:19:38.1686283Z Reading package lists...
end-workflow	Install GH CLI	2026-02-27T23:19:38.4696595Z Building dependency tree...
end-workflow	Install GH CLI	2026-02-27T23:19:38.4696953Z Reading state information...
end-workflow	Install GH CLI	2026-02-27T23:19:39.2048681Z The following NEW packages will be installed:
end-workflow	Install GH CLI	2026-02-27T23:19:39.2076524Z   gh
end-workflow	Install GH CLI	2026-02-27T23:19:39.3300224Z 0 upgraded, 1 newly installed, 0 to remove and 0 not upgraded.
end-workflow	Install GH CLI	2026-02-27T23:19:39.3303369Z Need to get 13.8 MB of archives.
end-workflow	Install GH CLI	2026-02-27T23:19:39.3304858Z After this operation, 38.5 MB of additional disk space will be used.
end-workflow	Install GH CLI	2026-02-27T23:19:39.3305518Z Get:1 https://cli.github.com/packages stable/main amd64 gh amd64 2.87.3 [13.8 MB]
end-workflow	Install GH CLI	2026-02-27T23:19:40.3031950Z debconf: delaying package configuration, since apt-utils is not installed
end-workflow	Install GH CLI	2026-02-27T23:19:40.3795538Z Fetched 13.8 MB in 1s (21.2 MB/s)
end-workflow	Install GH CLI	2026-02-27T23:19:40.4401579Z Selecting previously unselected package gh.
end-workflow	Install GH CLI	2026-02-27T23:19:40.4470357Z (Reading database ... 
end-workflow	Install GH CLI	2026-02-27T23:19:40.4470977Z (Reading database ... 5%
end-workflow	Install GH CLI	2026-02-27T23:19:40.4471488Z (Reading database ... 10%
end-workflow	Install GH CLI	2026-02-27T23:19:40.4471968Z (Reading database ... 15%
end-workflow	Install GH CLI	2026-02-27T23:19:40.4477646Z (Reading database ... 20%
end-workflow	Install GH CLI	2026-02-27T23:19:40.4483146Z (Reading database ... 25%
end-workflow	Install GH CLI	2026-02-27T23:19:40.4483398Z (Reading database ... 30%
end-workflow	Install GH CLI	2026-02-27T23:19:40.4483989Z (Reading database ... 35%
end-workflow	Install GH CLI	2026-02-27T23:19:40.4495387Z (Reading database ... 40%
end-workflow	Install GH CLI	2026-02-27T23:19:40.4496064Z (Reading database ... 45%
end-workflow	Install GH CLI	2026-02-27T23:19:40.4517573Z (Reading database ... 50%
end-workflow	Install GH CLI	2026-02-27T23:19:40.4517923Z (Reading database ... 55%
end-workflow	Install GH CLI	2026-02-27T23:19:40.4518172Z (Reading database ... 60%
end-workflow	Install GH CLI	2026-02-27T23:19:40.4541526Z (Reading database ... 65%
end-workflow	Install GH CLI	2026-02-27T23:19:40.4575773Z (Reading database ... 70%
end-workflow	Install GH CLI	2026-02-27T23:19:40.4576383Z (Reading database ... 75%
end-workflow	Install GH CLI	2026-02-27T23:19:40.4607149Z (Reading database ... 80%
end-workflow	Install GH CLI	2026-02-27T23:19:40.4618446Z (Reading database ... 85%
end-workflow	Install GH CLI	2026-02-27T23:19:40.4646938Z (Reading database ... 90%
end-workflow	Install GH CLI	2026-02-27T23:19:40.4688234Z (Reading database ... 95%
end-workflow	Install GH CLI	2026-02-27T23:19:40.4692707Z (Reading database ... 100%
end-workflow	Install GH CLI	2026-02-27T23:19:40.4705511Z (Reading database ... 14387 files and directories currently installed.)
end-workflow	Install GH CLI	2026-02-27T23:19:40.4706366Z Preparing to unpack .../archives/gh_2.87.3_amd64.deb ...
end-workflow	Install GH CLI	2026-02-27T23:19:40.4787701Z Unpacking gh (2.87.3) ...
end-workflow	Install GH CLI	2026-02-27T23:19:40.9868079Z Setting up gh (2.87.3) ...
end-workflow	Trigger Inspector	ï»¿2026-02-27T23:19:41.0851943Z ##[group]Run gh workflow run inspector.yml \
end-workflow	Trigger Inspector	2026-02-27T23:19:41.0852346Z [36;1mgh workflow run inspector.yml \[0m
end-workflow	Trigger Inspector	2026-02-27T23:19:41.0852703Z [36;1m  -f workflow_name="Watchdog - Node Health" \[0m
end-workflow	Trigger Inspector	2026-02-27T23:19:41.0853033Z [36;1m  -f run_id="22507530106" \[0m
end-workflow	Trigger Inspector	2026-02-27T23:19:41.0853300Z [36;1m  -f status="success"[0m
end-workflow	Trigger Inspector	2026-02-27T23:19:41.0898529Z shell: /usr/bin/bash -e {0}
end-workflow	Trigger Inspector	2026-02-27T23:19:41.0898823Z env:
end-workflow	Trigger Inspector	2026-02-27T23:19:41.0899048Z   KAOS_MODULE: [Ka0S] Watchdog Node Health
end-workflow	Trigger Inspector	2026-02-27T23:19:41.0899786Z   GH_TOKEN: ***
end-workflow	Trigger Inspector	2026-02-27T23:19:41.0900007Z ##[endgroup]
end-workflow	Trigger Inspector	2026-02-27T23:19:42.8888902Z https://github.com/Ka0s-Klaus/ka0s/actions/runs/22507638838
end-workflow	Post Checkout repository	ï»¿2026-02-27T23:19:42.9662580Z Post job cleanup.
end-workflow	Post Checkout repository	2026-02-27T23:19:43.0998197Z [command]/usr/bin/git version
end-workflow	Post Checkout repository	2026-02-27T23:19:43.1123032Z git version 2.53.0
end-workflow	Post Checkout repository	2026-02-27T23:19:43.1225175Z Temporarily overriding HOME='/home/runner/_work/_temp/0cb80d61-0858-44c5-a462-d8e72225f0a4' before making global git config changes
end-workflow	Post Checkout repository	2026-02-27T23:19:43.1229379Z Adding repository directory to the temporary git global config as a safe directory
end-workflow	Post Checkout repository	2026-02-27T23:19:43.1240381Z [command]/usr/bin/git config --global --add safe.directory /home/runner/_work/ka0s/ka0s
end-workflow	Post Checkout repository	2026-02-27T23:19:43.1303738Z [command]/usr/bin/git config --local --name-only --get-regexp core\.sshCommand
end-workflow	Post Checkout repository	2026-02-27T23:19:43.1388280Z [command]/usr/bin/git submodule foreach --recursive sh -c "git config --local --name-only --get-regexp 'core\.sshCommand' && git config --local --unset-all 'core.sshCommand' || :"
end-workflow	Post Checkout repository	2026-02-27T23:19:43.1810479Z [command]/usr/bin/git config --local --name-only --get-regexp http\.https\:\/\/github\.com\/\.extraheader
end-workflow	Post Checkout repository	2026-02-27T23:19:43.1905649Z http.https://github.com/.extraheader
end-workflow	Post Checkout repository	2026-02-27T23:19:43.1969016Z [command]/usr/bin/git config --local --unset-all http.https://github.com/.extraheader
end-workflow	Post Checkout repository	2026-02-27T23:19:43.2219670Z [command]/usr/bin/git submodule foreach --recursive sh -c "git config --local --name-only --get-regexp 'http\.https\:\/\/github\.com\/\.extraheader' && git config --local --unset-all 'http.https://github.com/.extraheader' || :"
end-workflow	Post Checkout repository	2026-02-27T23:19:43.3428268Z [command]/usr/bin/git config --local --name-only --get-regexp ^includeIf\.gitdir:
end-workflow	Post Checkout repository	2026-02-27T23:19:43.3536161Z [command]/usr/bin/git submodule foreach --recursive git config --local --show-origin --name-only --get-regexp remote.origin.url
end-workflow	Complete job	ï»¿2026-02-27T23:19:43.4670257Z Cleaning up orphan processes
