job-core	Set up job	ï»¿2026-02-28T10:14:51.1483175Z Current runner version: '2.332.0'
job-core	Set up job	2026-02-28T10:14:51.1496417Z Runner name: 'swarm-runners-scaleset-hkss5-runner-8z6pw'
job-core	Set up job	2026-02-28T10:14:51.1497994Z Runner group name: 'Default'
job-core	Set up job	2026-02-28T10:14:51.1499221Z Machine name: 'swarm-runners-scaleset-hkss5-runner-8z6pw'
job-core	Set up job	2026-02-28T10:14:51.1503234Z ##[group]GITHUB_TOKEN Permissions
job-core	Set up job	2026-02-28T10:14:51.1507478Z Actions: write
job-core	Set up job	2026-02-28T10:14:51.1508258Z Contents: write
job-core	Set up job	2026-02-28T10:14:51.1508842Z Issues: write
job-core	Set up job	2026-02-28T10:14:51.1509626Z Metadata: read
job-core	Set up job	2026-02-28T10:14:51.1510246Z PullRequests: write
job-core	Set up job	2026-02-28T10:14:51.1510957Z ##[endgroup]
job-core	Set up job	2026-02-28T10:14:51.1513788Z Secret source: Actions
job-core	Set up job	2026-02-28T10:14:51.1514772Z Prepare workflow directory
job-core	Set up job	2026-02-28T10:14:51.2185400Z Prepare all required actions
job-core	Set up job	2026-02-28T10:14:51.2235192Z Getting action download info
job-core	Set up job	2026-02-28T10:14:51.9057798Z Download action repository 'actions/checkout@v4' (SHA:34e114876b0b11c390a56381ad16ebd13914f8d5)
job-core	Set up job	2026-02-28T10:14:52.7128920Z Download action repository 'actions/setup-python@v4' (SHA:7f4fc3e22c37d6ff65e88745f38bd3157c663f7c)
job-core	Set up job	2026-02-28T10:14:53.7307497Z Download action repository 'actions/upload-artifact@v4' (SHA:ea165f8d65b6e75b540449e92b4886f43607fa02)
job-core	Set up job	2026-02-28T10:14:54.9586454Z Complete job name: job-core
job-core	Checkout code	ï»¿2026-02-28T10:14:55.0498054Z ##[group]Run actions/checkout@v4
job-core	Checkout code	2026-02-28T10:14:55.0499010Z with:
job-core	Checkout code	2026-02-28T10:14:55.0499289Z   fetch-depth: 0
job-core	Checkout code	2026-02-28T10:14:55.0499579Z   repository: Ka0s-Klaus/ka0s
job-core	Checkout code	2026-02-28T10:14:55.0500312Z   token: ***
job-core	Checkout code	2026-02-28T10:14:55.0500835Z   ssh-strict: true
job-core	Checkout code	2026-02-28T10:14:55.0501089Z   ssh-user: git
job-core	Checkout code	2026-02-28T10:14:55.0501355Z   persist-credentials: true
job-core	Checkout code	2026-02-28T10:14:55.0501647Z   clean: true
job-core	Checkout code	2026-02-28T10:14:55.0501912Z   sparse-checkout-cone-mode: true
job-core	Checkout code	2026-02-28T10:14:55.0502244Z   fetch-tags: false
job-core	Checkout code	2026-02-28T10:14:55.0502511Z   show-progress: true
job-core	Checkout code	2026-02-28T10:14:55.0502772Z   lfs: false
job-core	Checkout code	2026-02-28T10:14:55.0503034Z   submodules: false
job-core	Checkout code	2026-02-28T10:14:55.0503311Z   set-safe-directory: true
job-core	Checkout code	2026-02-28T10:14:55.0503851Z env:
job-core	Checkout code	2026-02-28T10:14:55.0504126Z   PYTHON_VERSION: 3.9
job-core	Checkout code	2026-02-28T10:14:55.0505402Z   MONGO_SUPERUSER_CONNECTION: ***
job-core	Checkout code	2026-02-28T10:14:55.0505861Z   MONGO_NEW_PASS: ***
job-core	Checkout code	2026-02-28T10:14:55.0506234Z   MONGO_SCRIPT_CREATE: devops/core/mongo/scripts/add-doc-to-db.py
job-core	Checkout code	2026-02-28T10:14:55.0506828Z   KAOS_CODE: 22518758442
job-core	Checkout code	2026-02-28T10:14:55.0507129Z   KAOS_MODULE: [Ka0s] Autom add docs to MongoDB
job-core	Checkout code	2026-02-28T10:14:55.0507468Z   REPORT_SCAN: audit/
job-core	Checkout code	2026-02-28T10:14:55.0507745Z   REPORT_PATH: audit/mongodb/
job-core	Checkout code	2026-02-28T10:14:55.0508067Z   REPORT_FILENAME: mongo_setup_22518758442.json
job-core	Checkout code	2026-02-28T10:14:55.0508444Z   REPORT_FILENAME_LIST: mongo_list_22518758442.json
job-core	Checkout code	2026-02-28T10:14:55.0508841Z   REPORT_FILENAME_DB: mongo_create_db_22518758442.json
job-core	Checkout code	2026-02-28T10:14:55.0509209Z   GITHUB_OUTPUT: 
job-core	Checkout code	2026-02-28T10:14:55.0509471Z ##[endgroup]
job-core	Checkout code	2026-02-28T10:14:55.2095079Z Syncing repository: Ka0s-Klaus/ka0s
job-core	Checkout code	2026-02-28T10:14:55.2096933Z ##[group]Getting Git version info
job-core	Checkout code	2026-02-28T10:14:55.2097421Z Working directory is '/home/runner/_work/ka0s/ka0s'
job-core	Checkout code	2026-02-28T10:14:55.2098290Z [command]/usr/bin/git version
job-core	Checkout code	2026-02-28T10:14:55.2098783Z git version 2.53.0
job-core	Checkout code	2026-02-28T10:14:55.2108955Z ##[endgroup]
job-core	Checkout code	2026-02-28T10:14:55.2123461Z Temporarily overriding HOME='/home/runner/_work/_temp/c95d807f-e854-4883-8ebc-b15ebdf61a8f' before making global git config changes
job-core	Checkout code	2026-02-28T10:14:55.2124481Z Adding repository directory to the temporary git global config as a safe directory
job-core	Checkout code	2026-02-28T10:14:55.2132050Z [command]/usr/bin/git config --global --add safe.directory /home/runner/_work/ka0s/ka0s
job-core	Checkout code	2026-02-28T10:14:55.2189858Z Deleting the contents of '/home/runner/_work/ka0s/ka0s'
job-core	Checkout code	2026-02-28T10:14:55.2211577Z ##[group]Initializing the repository
job-core	Checkout code	2026-02-28T10:14:55.2212537Z [command]/usr/bin/git init /home/runner/_work/ka0s/ka0s
job-core	Checkout code	2026-02-28T10:14:55.2267762Z hint: Using 'master' as the name for the initial branch. This default branch name
job-core	Checkout code	2026-02-28T10:14:55.2270928Z hint: will change to "main" in Git 3.0. To configure the initial branch name
job-core	Checkout code	2026-02-28T10:14:55.2272005Z hint: to use in all of your new repositories, which will suppress this warning,
job-core	Checkout code	2026-02-28T10:14:55.2272488Z hint: call:
job-core	Checkout code	2026-02-28T10:14:55.2272731Z hint:
job-core	Checkout code	2026-02-28T10:14:55.2273103Z hint: 	git config --global init.defaultBranch <name>
job-core	Checkout code	2026-02-28T10:14:55.2273501Z hint:
job-core	Checkout code	2026-02-28T10:14:55.2273864Z hint: Names commonly chosen instead of 'master' are 'main', 'trunk' and
job-core	Checkout code	2026-02-28T10:14:55.2274463Z hint: 'development'. The just-created branch can be renamed via this command:
job-core	Checkout code	2026-02-28T10:14:55.2276840Z hint:
job-core	Checkout code	2026-02-28T10:14:55.2277111Z hint: 	git branch -m <name>
job-core	Checkout code	2026-02-28T10:14:55.2277404Z hint:
job-core	Checkout code	2026-02-28T10:14:55.2277800Z hint: Disable this message with "git config set advice.defaultBranchName false"
job-core	Checkout code	2026-02-28T10:14:55.2278415Z Initialized empty Git repository in /home/runner/_work/ka0s/ka0s/.git/
job-core	Checkout code	2026-02-28T10:14:55.2288626Z [command]/usr/bin/git remote add origin https://github.com/Ka0s-Klaus/ka0s
job-core	Checkout code	2026-02-28T10:14:55.2355719Z ##[endgroup]
job-core	Checkout code	2026-02-28T10:14:55.2356991Z ##[group]Disabling automatic garbage collection
job-core	Checkout code	2026-02-28T10:14:55.2358827Z [command]/usr/bin/git config --local gc.auto 0
job-core	Checkout code	2026-02-28T10:14:55.2429516Z ##[endgroup]
job-core	Checkout code	2026-02-28T10:14:55.2430380Z ##[group]Setting up auth
job-core	Checkout code	2026-02-28T10:14:55.2431218Z [command]/usr/bin/git config --local --name-only --get-regexp core\.sshCommand
job-core	Checkout code	2026-02-28T10:14:55.2483107Z [command]/usr/bin/git submodule foreach --recursive sh -c "git config --local --name-only --get-regexp 'core\.sshCommand' && git config --local --unset-all 'core.sshCommand' || :"
job-core	Checkout code	2026-02-28T10:14:55.2872487Z [command]/usr/bin/git config --local --name-only --get-regexp http\.https\:\/\/github\.com\/\.extraheader
job-core	Checkout code	2026-02-28T10:14:55.2925702Z [command]/usr/bin/git submodule foreach --recursive sh -c "git config --local --name-only --get-regexp 'http\.https\:\/\/github\.com\/\.extraheader' && git config --local --unset-all 'http.https://github.com/.extraheader' || :"
job-core	Checkout code	2026-02-28T10:14:55.3281477Z [command]/usr/bin/git config --local --name-only --get-regexp ^includeIf\.gitdir:
job-core	Checkout code	2026-02-28T10:14:55.3329558Z [command]/usr/bin/git submodule foreach --recursive git config --local --show-origin --name-only --get-regexp remote.origin.url
job-core	Checkout code	2026-02-28T10:14:55.3741131Z [command]/usr/bin/git config --local http.https://github.com/.extraheader AUTHORIZATION: basic ***
job-core	Checkout code	2026-02-28T10:14:55.3800442Z ##[endgroup]
job-core	Checkout code	2026-02-28T10:14:55.3801028Z ##[group]Fetching the repository
job-core	Checkout code	2026-02-28T10:14:55.3811244Z [command]/usr/bin/git -c protocol.version=2 fetch --prune --no-recurse-submodules origin +refs/heads/*:refs/remotes/origin/* +refs/tags/*:refs/tags/*
job-core	Checkout code	2026-02-28T10:15:24.9428447Z From https://github.com/Ka0s-Klaus/ka0s
job-core	Checkout code	2026-02-28T10:15:24.9429116Z  * [new branch]          F3450-modelo-operativo -> origin/F3450-modelo-operativo
job-core	Checkout code	2026-02-28T10:15:24.9429737Z  * [new branch]          H1276-modulo-observabilidad -> origin/H1276-modulo-observabilidad
job-core	Checkout code	2026-02-28T10:15:24.9430341Z  * [new branch]          H3596-deploy-itop      -> origin/H3596-deploy-itop
job-core	Checkout code	2026-02-28T10:15:24.9431043Z  * [new branch]          H4170-flujo-detallado-zabbix---github -> origin/H4170-flujo-detallado-zabbix---github
job-core	Checkout code	2026-02-28T10:15:24.9431788Z  * [new branch]          H4191-request-cambios  -> origin/H4191-request-cambios
job-core	Checkout code	2026-02-28T10:15:24.9432551Z  * [new branch]          H4200-request-recomendaciones-de-auditoria -> origin/H4200-request-recomendaciones-de-auditoria
job-core	Checkout code	2026-02-28T10:15:24.9433277Z  * [new branch]          main                   -> origin/main
job-core	Checkout code	2026-02-28T10:15:24.9433678Z  * [new tag]             0.0.0                  -> 0.0.0
job-core	Checkout code	2026-02-28T10:15:24.9434062Z  * [new tag]             0.0.1                  -> 0.0.1
job-core	Checkout code	2026-02-28T10:15:24.9434442Z  * [new tag]             0.0.10                 -> 0.0.10
job-core	Checkout code	2026-02-28T10:15:24.9437379Z  * [new tag]             0.0.100                -> 0.0.100
job-core	Checkout code	2026-02-28T10:15:24.9437786Z  * [new tag]             0.0.101                -> 0.0.101
job-core	Checkout code	2026-02-28T10:15:24.9438149Z  * [new tag]             0.0.102                -> 0.0.102
job-core	Checkout code	2026-02-28T10:15:24.9438552Z  * [new tag]             0.0.103                -> 0.0.103
job-core	Checkout code	2026-02-28T10:15:24.9439433Z  * [new tag]             0.0.104                -> 0.0.104
job-core	Checkout code	2026-02-28T10:15:24.9439792Z  * [new tag]             0.0.105                -> 0.0.105
job-core	Checkout code	2026-02-28T10:15:24.9440159Z  * [new tag]             0.0.106                -> 0.0.106
job-core	Checkout code	2026-02-28T10:15:24.9440525Z  * [new tag]             0.0.107                -> 0.0.107
job-core	Checkout code	2026-02-28T10:15:24.9440884Z  * [new tag]             0.0.108                -> 0.0.108
job-core	Checkout code	2026-02-28T10:15:24.9441246Z  * [new tag]             0.0.109                -> 0.0.109
job-core	Checkout code	2026-02-28T10:15:24.9441605Z  * [new tag]             0.0.11                 -> 0.0.11
job-core	Checkout code	2026-02-28T10:15:24.9441966Z  * [new tag]             0.0.110                -> 0.0.110
job-core	Checkout code	2026-02-28T10:15:24.9442324Z  * [new tag]             0.0.111                -> 0.0.111
job-core	Checkout code	2026-02-28T10:15:24.9442683Z  * [new tag]             0.0.112                -> 0.0.112
job-core	Checkout code	2026-02-28T10:15:24.9443044Z  * [new tag]             0.0.113                -> 0.0.113
job-core	Checkout code	2026-02-28T10:15:24.9443412Z  * [new tag]             0.0.114                -> 0.0.114
job-core	Checkout code	2026-02-28T10:15:24.9443794Z  * [new tag]             0.0.115                -> 0.0.115
job-core	Checkout code	2026-02-28T10:15:24.9444163Z  * [new tag]             0.0.116                -> 0.0.116
job-core	Checkout code	2026-02-28T10:15:24.9460728Z  * [new tag]             0.0.117                -> 0.0.117
job-core	Checkout code	2026-02-28T10:15:24.9461715Z  * [new tag]             0.0.118                -> 0.0.118
job-core	Checkout code	2026-02-28T10:15:24.9462088Z  * [new tag]             0.0.119                -> 0.0.119
job-core	Checkout code	2026-02-28T10:15:24.9462619Z  * [new tag]             0.0.12                 -> 0.0.12
job-core	Checkout code	2026-02-28T10:15:24.9462981Z  * [new tag]             0.0.120                -> 0.0.120
job-core	Checkout code	2026-02-28T10:15:24.9463337Z  * [new tag]             0.0.121                -> 0.0.121
job-core	Checkout code	2026-02-28T10:15:24.9463695Z  * [new tag]             0.0.122                -> 0.0.122
job-core	Checkout code	2026-02-28T10:15:24.9464052Z  * [new tag]             0.0.123                -> 0.0.123
job-core	Checkout code	2026-02-28T10:15:24.9464415Z  * [new tag]             0.0.124                -> 0.0.124
job-core	Checkout code	2026-02-28T10:15:24.9464964Z  * [new tag]             0.0.125                -> 0.0.125
job-core	Checkout code	2026-02-28T10:15:24.9465332Z  * [new tag]             0.0.126                -> 0.0.126
job-core	Checkout code	2026-02-28T10:15:24.9465695Z  * [new tag]             0.0.127                -> 0.0.127
job-core	Checkout code	2026-02-28T10:15:24.9466082Z  * [new tag]             0.0.128                -> 0.0.128
job-core	Checkout code	2026-02-28T10:15:24.9466437Z  * [new tag]             0.0.129                -> 0.0.129
job-core	Checkout code	2026-02-28T10:15:24.9466811Z  * [new tag]             0.0.13                 -> 0.0.13
job-core	Checkout code	2026-02-28T10:15:24.9467173Z  * [new tag]             0.0.130                -> 0.0.130
job-core	Checkout code	2026-02-28T10:15:24.9467536Z  * [new tag]             0.0.131                -> 0.0.131
job-core	Checkout code	2026-02-28T10:15:24.9467897Z  * [new tag]             0.0.132                -> 0.0.132
job-core	Checkout code	2026-02-28T10:15:24.9468261Z  * [new tag]             0.0.133                -> 0.0.133
job-core	Checkout code	2026-02-28T10:15:24.9468623Z  * [new tag]             0.0.134                -> 0.0.134
job-core	Checkout code	2026-02-28T10:15:24.9468982Z  * [new tag]             0.0.135                -> 0.0.135
job-core	Checkout code	2026-02-28T10:15:24.9469353Z  * [new tag]             0.0.136                -> 0.0.136
job-core	Checkout code	2026-02-28T10:15:24.9469728Z  * [new tag]             0.0.137                -> 0.0.137
job-core	Checkout code	2026-02-28T10:15:24.9619645Z  * [new tag]             0.0.138                -> 0.0.138
job-core	Checkout code	2026-02-28T10:15:24.9620167Z  * [new tag]             0.0.139                -> 0.0.139
job-core	Checkout code	2026-02-28T10:15:24.9620538Z  * [new tag]             0.0.14                 -> 0.0.14
job-core	Checkout code	2026-02-28T10:15:24.9620906Z  * [new tag]             0.0.140                -> 0.0.140
job-core	Checkout code	2026-02-28T10:15:24.9621272Z  * [new tag]             0.0.141                -> 0.0.141
job-core	Checkout code	2026-02-28T10:15:24.9621627Z  * [new tag]             0.0.142                -> 0.0.142
job-core	Checkout code	2026-02-28T10:15:24.9621984Z  * [new tag]             0.0.143                -> 0.0.143
job-core	Checkout code	2026-02-28T10:15:24.9622344Z  * [new tag]             0.0.144                -> 0.0.144
job-core	Checkout code	2026-02-28T10:15:24.9622708Z  * [new tag]             0.0.145                -> 0.0.145
job-core	Checkout code	2026-02-28T10:15:24.9623067Z  * [new tag]             0.0.146                -> 0.0.146
job-core	Checkout code	2026-02-28T10:15:24.9623742Z  * [new tag]             0.0.147                -> 0.0.147
job-core	Checkout code	2026-02-28T10:15:24.9624104Z  * [new tag]             0.0.148                -> 0.0.148
job-core	Checkout code	2026-02-28T10:15:24.9624457Z  * [new tag]             0.0.149                -> 0.0.149
job-core	Checkout code	2026-02-28T10:15:24.9624926Z  * [new tag]             0.0.15                 -> 0.0.15
job-core	Checkout code	2026-02-28T10:15:24.9625325Z  * [new tag]             0.0.150                -> 0.0.150
job-core	Checkout code	2026-02-28T10:15:24.9625686Z  * [new tag]             0.0.151                -> 0.0.151
job-core	Checkout code	2026-02-28T10:15:24.9626046Z  * [new tag]             0.0.152                -> 0.0.152
job-core	Checkout code	2026-02-28T10:15:24.9626414Z  * [new tag]             0.0.153                -> 0.0.153
job-core	Checkout code	2026-02-28T10:15:24.9626786Z  * [new tag]             0.0.154                -> 0.0.154
job-core	Checkout code	2026-02-28T10:15:24.9627154Z  * [new tag]             0.0.155                -> 0.0.155
job-core	Checkout code	2026-02-28T10:15:24.9627528Z  * [new tag]             0.0.156                -> 0.0.156
job-core	Checkout code	2026-02-28T10:15:24.9627906Z  * [new tag]             0.0.157                -> 0.0.157
job-core	Checkout code	2026-02-28T10:15:24.9628275Z  * [new tag]             0.0.158                -> 0.0.158
job-core	Checkout code	2026-02-28T10:15:24.9628648Z  * [new tag]             0.0.159                -> 0.0.159
job-core	Checkout code	2026-02-28T10:15:24.9629239Z  * [new tag]             0.0.16                 -> 0.0.16
job-core	Checkout code	2026-02-28T10:15:24.9629611Z  * [new tag]             0.0.160                -> 0.0.160
job-core	Checkout code	2026-02-28T10:15:24.9629985Z  * [new tag]             0.0.161                -> 0.0.161
job-core	Checkout code	2026-02-28T10:15:24.9630355Z  * [new tag]             0.0.162                -> 0.0.162
job-core	Checkout code	2026-02-28T10:15:24.9630743Z  * [new tag]             0.0.163                -> 0.0.163
job-core	Checkout code	2026-02-28T10:15:24.9631111Z  * [new tag]             0.0.164                -> 0.0.164
job-core	Checkout code	2026-02-28T10:15:24.9631483Z  * [new tag]             0.0.165                -> 0.0.165
job-core	Checkout code	2026-02-28T10:15:24.9631856Z  * [new tag]             0.0.166                -> 0.0.166
job-core	Checkout code	2026-02-28T10:15:24.9632229Z  * [new tag]             0.0.167                -> 0.0.167
job-core	Checkout code	2026-02-28T10:15:24.9632609Z  * [new tag]             0.0.168                -> 0.0.168
job-core	Checkout code	2026-02-28T10:15:24.9632984Z  * [new tag]             0.0.169                -> 0.0.169
job-core	Checkout code	2026-02-28T10:15:24.9633362Z  * [new tag]             0.0.17                 -> 0.0.17
job-core	Checkout code	2026-02-28T10:15:24.9633745Z  * [new tag]             0.0.170                -> 0.0.170
job-core	Checkout code	2026-02-28T10:15:24.9634117Z  * [new tag]             0.0.171                -> 0.0.171
job-core	Checkout code	2026-02-28T10:15:24.9634490Z  * [new tag]             0.0.172                -> 0.0.172
job-core	Checkout code	2026-02-28T10:15:24.9645027Z  * [new tag]             0.0.173                -> 0.0.173
job-core	Checkout code	2026-02-28T10:15:24.9645408Z  * [new tag]             0.0.174                -> 0.0.174
job-core	Checkout code	2026-02-28T10:15:24.9645784Z  * [new tag]             0.0.175                -> 0.0.175
job-core	Checkout code	2026-02-28T10:15:24.9646250Z  * [new tag]             0.0.176                -> 0.0.176
job-core	Checkout code	2026-02-28T10:15:24.9646622Z  * [new tag]             0.0.177                -> 0.0.177
job-core	Checkout code	2026-02-28T10:15:24.9647014Z  * [new tag]             0.0.178                -> 0.0.178
job-core	Checkout code	2026-02-28T10:15:24.9647397Z  * [new tag]             0.0.179                -> 0.0.179
job-core	Checkout code	2026-02-28T10:15:24.9647788Z  * [new tag]             0.0.18                 -> 0.0.18
job-core	Checkout code	2026-02-28T10:15:24.9693003Z  * [new tag]             0.0.19                 -> 0.0.19
job-core	Checkout code	2026-02-28T10:15:24.9693623Z  * [new tag]             0.0.2                  -> 0.0.2
job-core	Checkout code	2026-02-28T10:15:24.9694007Z  * [new tag]             0.0.20                 -> 0.0.20
job-core	Checkout code	2026-02-28T10:15:24.9694384Z  * [new tag]             0.0.21                 -> 0.0.21
job-core	Checkout code	2026-02-28T10:15:24.9695068Z  * [new tag]             0.0.22                 -> 0.0.22
job-core	Checkout code	2026-02-28T10:15:24.9695459Z  * [new tag]             0.0.23                 -> 0.0.23
job-core	Checkout code	2026-02-28T10:15:24.9695841Z  * [new tag]             0.0.24                 -> 0.0.24
job-core	Checkout code	2026-02-28T10:15:24.9696232Z  * [new tag]             0.0.25                 -> 0.0.25
job-core	Checkout code	2026-02-28T10:15:24.9696617Z  * [new tag]             0.0.26                 -> 0.0.26
job-core	Checkout code	2026-02-28T10:15:24.9697281Z  * [new tag]             0.0.27                 -> 0.0.27
job-core	Checkout code	2026-02-28T10:15:24.9697657Z  * [new tag]             0.0.28                 -> 0.0.28
job-core	Checkout code	2026-02-28T10:15:24.9698027Z  * [new tag]             0.0.29                 -> 0.0.29
job-core	Checkout code	2026-02-28T10:15:24.9698410Z  * [new tag]             0.0.3                  -> 0.0.3
job-core	Checkout code	2026-02-28T10:15:24.9698783Z  * [new tag]             0.0.30                 -> 0.0.30
job-core	Checkout code	2026-02-28T10:15:24.9699151Z  * [new tag]             0.0.31                 -> 0.0.31
job-core	Checkout code	2026-02-28T10:15:24.9699525Z  * [new tag]             0.0.32                 -> 0.0.32
job-core	Checkout code	2026-02-28T10:15:24.9699893Z  * [new tag]             0.0.33                 -> 0.0.33
job-core	Checkout code	2026-02-28T10:15:24.9700257Z  * [new tag]             0.0.34                 -> 0.0.34
job-core	Checkout code	2026-02-28T10:15:24.9700627Z  * [new tag]             0.0.35                 -> 0.0.35
job-core	Checkout code	2026-02-28T10:15:24.9700994Z  * [new tag]             0.0.36                 -> 0.0.36
job-core	Checkout code	2026-02-28T10:15:24.9701363Z  * [new tag]             0.0.37                 -> 0.0.37
job-core	Checkout code	2026-02-28T10:15:24.9701740Z  * [new tag]             0.0.38                 -> 0.0.38
job-core	Checkout code	2026-02-28T10:15:24.9702106Z  * [new tag]             0.0.39                 -> 0.0.39
job-core	Checkout code	2026-02-28T10:15:24.9702476Z  * [new tag]             0.0.4                  -> 0.0.4
job-core	Checkout code	2026-02-28T10:15:24.9703061Z  * [new tag]             0.0.40                 -> 0.0.40
job-core	Checkout code	2026-02-28T10:15:24.9703434Z  * [new tag]             0.0.41                 -> 0.0.41
job-core	Checkout code	2026-02-28T10:15:24.9703802Z  * [new tag]             0.0.42                 -> 0.0.42
job-core	Checkout code	2026-02-28T10:15:24.9704167Z  * [new tag]             0.0.43                 -> 0.0.43
job-core	Checkout code	2026-02-28T10:15:24.9715596Z  * [new tag]             0.0.44                 -> 0.0.44
job-core	Checkout code	2026-02-28T10:15:24.9716121Z  * [new tag]             0.0.45                 -> 0.0.45
job-core	Checkout code	2026-02-28T10:15:24.9716503Z  * [new tag]             0.0.46                 -> 0.0.46
job-core	Checkout code	2026-02-28T10:15:24.9716890Z  * [new tag]             0.0.47                 -> 0.0.47
job-core	Checkout code	2026-02-28T10:15:24.9717258Z  * [new tag]             0.0.48                 -> 0.0.48
job-core	Checkout code	2026-02-28T10:15:24.9717641Z  * [new tag]             0.0.49                 -> 0.0.49
job-core	Checkout code	2026-02-28T10:15:24.9718014Z  * [new tag]             0.0.5                  -> 0.0.5
job-core	Checkout code	2026-02-28T10:15:24.9718386Z  * [new tag]             0.0.50                 -> 0.0.50
job-core	Checkout code	2026-02-28T10:15:24.9718767Z  * [new tag]             0.0.51                 -> 0.0.51
job-core	Checkout code	2026-02-28T10:15:24.9719138Z  * [new tag]             0.0.52                 -> 0.0.52
job-core	Checkout code	2026-02-28T10:15:24.9719510Z  * [new tag]             0.0.53                 -> 0.0.53
job-core	Checkout code	2026-02-28T10:15:24.9719877Z  * [new tag]             0.0.54                 -> 0.0.54
job-core	Checkout code	2026-02-28T10:15:24.9720251Z  * [new tag]             0.0.55                 -> 0.0.55
job-core	Checkout code	2026-02-28T10:15:24.9720624Z  * [new tag]             0.0.56                 -> 0.0.56
job-core	Checkout code	2026-02-28T10:15:24.9720992Z  * [new tag]             0.0.57                 -> 0.0.57
job-core	Checkout code	2026-02-28T10:15:24.9721364Z  * [new tag]             0.0.58                 -> 0.0.58
job-core	Checkout code	2026-02-28T10:15:24.9721728Z  * [new tag]             0.0.59                 -> 0.0.59
job-core	Checkout code	2026-02-28T10:15:24.9722098Z  * [new tag]             0.0.6                  -> 0.0.6
job-core	Checkout code	2026-02-28T10:15:24.9722459Z  * [new tag]             0.0.60                 -> 0.0.60
job-core	Checkout code	2026-02-28T10:15:24.9722819Z  * [new tag]             0.0.61                 -> 0.0.61
job-core	Checkout code	2026-02-28T10:15:24.9723186Z  * [new tag]             0.0.62                 -> 0.0.62
job-core	Checkout code	2026-02-28T10:15:24.9723550Z  * [new tag]             0.0.63                 -> 0.0.63
job-core	Checkout code	2026-02-28T10:15:24.9723918Z  * [new tag]             0.0.64                 -> 0.0.64
job-core	Checkout code	2026-02-28T10:15:24.9724282Z  * [new tag]             0.0.65                 -> 0.0.65
job-core	Checkout code	2026-02-28T10:15:24.9724931Z  * [new tag]             0.0.66                 -> 0.0.66
job-core	Checkout code	2026-02-28T10:15:24.9725295Z  * [new tag]             0.0.67                 -> 0.0.67
job-core	Checkout code	2026-02-28T10:15:24.9725654Z  * [new tag]             0.0.68                 -> 0.0.68
job-core	Checkout code	2026-02-28T10:15:24.9726018Z  * [new tag]             0.0.69                 -> 0.0.69
job-core	Checkout code	2026-02-28T10:15:24.9726636Z  * [new tag]             0.0.7                  -> 0.0.7
job-core	Checkout code	2026-02-28T10:15:24.9727001Z  * [new tag]             0.0.70                 -> 0.0.70
job-core	Checkout code	2026-02-28T10:15:24.9727370Z  * [new tag]             0.0.71                 -> 0.0.71
job-core	Checkout code	2026-02-28T10:15:24.9727741Z  * [new tag]             0.0.72                 -> 0.0.72
job-core	Checkout code	2026-02-28T10:15:24.9728103Z  * [new tag]             0.0.73                 -> 0.0.73
job-core	Checkout code	2026-02-28T10:15:24.9728457Z  * [new tag]             0.0.74                 -> 0.0.74
job-core	Checkout code	2026-02-28T10:15:24.9728817Z  * [new tag]             0.0.75                 -> 0.0.75
job-core	Checkout code	2026-02-28T10:15:24.9729180Z  * [new tag]             0.0.76                 -> 0.0.76
job-core	Checkout code	2026-02-28T10:15:24.9729541Z  * [new tag]             0.0.77                 -> 0.0.77
job-core	Checkout code	2026-02-28T10:15:24.9729904Z  * [new tag]             0.0.78                 -> 0.0.78
job-core	Checkout code	2026-02-28T10:15:24.9730265Z  * [new tag]             0.0.79                 -> 0.0.79
job-core	Checkout code	2026-02-28T10:15:24.9730630Z  * [new tag]             0.0.8                  -> 0.0.8
job-core	Checkout code	2026-02-28T10:15:24.9730995Z  * [new tag]             0.0.80                 -> 0.0.80
job-core	Checkout code	2026-02-28T10:15:24.9731352Z  * [new tag]             0.0.81                 -> 0.0.81
job-core	Checkout code	2026-02-28T10:15:24.9731713Z  * [new tag]             0.0.82                 -> 0.0.82
job-core	Checkout code	2026-02-28T10:15:24.9732296Z  * [new tag]             0.0.83                 -> 0.0.83
job-core	Checkout code	2026-02-28T10:15:24.9732658Z  * [new tag]             0.0.84                 -> 0.0.84
job-core	Checkout code	2026-02-28T10:15:24.9733018Z  * [new tag]             0.0.85                 -> 0.0.85
job-core	Checkout code	2026-02-28T10:15:24.9733378Z  * [new tag]             0.0.86                 -> 0.0.86
job-core	Checkout code	2026-02-28T10:15:24.9733741Z  * [new tag]             0.0.87                 -> 0.0.87
job-core	Checkout code	2026-02-28T10:15:24.9734099Z  * [new tag]             0.0.88                 -> 0.0.88
job-core	Checkout code	2026-02-28T10:15:24.9734465Z  * [new tag]             0.0.89                 -> 0.0.89
job-core	Checkout code	2026-02-28T10:15:24.9744995Z  * [new tag]             0.0.9                  -> 0.0.9
job-core	Checkout code	2026-02-28T10:15:24.9745375Z  * [new tag]             0.0.90                 -> 0.0.90
job-core	Checkout code	2026-02-28T10:15:24.9745750Z  * [new tag]             0.0.91                 -> 0.0.91
job-core	Checkout code	2026-02-28T10:15:24.9746114Z  * [new tag]             0.0.92                 -> 0.0.92
job-core	Checkout code	2026-02-28T10:15:24.9859036Z  * [new tag]             0.0.93                 -> 0.0.93
job-core	Checkout code	2026-02-28T10:15:24.9859817Z  * [new tag]             0.0.94                 -> 0.0.94
job-core	Checkout code	2026-02-28T10:15:24.9860201Z  * [new tag]             0.0.95                 -> 0.0.95
job-core	Checkout code	2026-02-28T10:15:24.9860575Z  * [new tag]             0.0.96                 -> 0.0.96
job-core	Checkout code	2026-02-28T10:15:24.9860941Z  * [new tag]             0.0.97                 -> 0.0.97
job-core	Checkout code	2026-02-28T10:15:24.9861302Z  * [new tag]             0.0.98                 -> 0.0.98
job-core	Checkout code	2026-02-28T10:15:24.9861664Z  * [new tag]             0.0.99                 -> 0.0.99
job-core	Checkout code	2026-02-28T10:15:24.9862028Z  * [new tag]             0.1.0                  -> 0.1.0
job-core	Checkout code	2026-02-28T10:15:24.9862391Z  * [new tag]             0.1.1                  -> 0.1.1
job-core	Checkout code	2026-02-28T10:15:24.9862749Z  * [new tag]             0.2.0                  -> 0.2.0
job-core	Checkout code	2026-02-28T10:15:24.9863119Z  * [new tag]             0.3.0                  -> 0.3.0
job-core	Checkout code	2026-02-28T10:15:24.9863479Z  * [new tag]             0.3.1                  -> 0.3.1
job-core	Checkout code	2026-02-28T10:15:24.9863875Z  * [new tag]             0.3.10                 -> 0.3.10
job-core	Checkout code	2026-02-28T10:15:24.9864253Z  * [new tag]             0.3.11                 -> 0.3.11
job-core	Checkout code	2026-02-28T10:15:24.9875506Z  * [new tag]             0.3.12                 -> 0.3.12
job-core	Checkout code	2026-02-28T10:15:24.9875924Z  * [new tag]             0.3.13                 -> 0.3.13
job-core	Checkout code	2026-02-28T10:15:24.9876294Z  * [new tag]             0.3.14                 -> 0.3.14
job-core	Checkout code	2026-02-28T10:15:24.9876656Z  * [new tag]             0.3.15                 -> 0.3.15
job-core	Checkout code	2026-02-28T10:15:24.9877021Z  * [new tag]             0.3.16                 -> 0.3.16
job-core	Checkout code	2026-02-28T10:15:24.9877381Z  * [new tag]             0.3.17                 -> 0.3.17
job-core	Checkout code	2026-02-28T10:15:24.9877748Z  * [new tag]             0.3.2                  -> 0.3.2
job-core	Checkout code	2026-02-28T10:15:24.9878111Z  * [new tag]             0.3.3                  -> 0.3.3
job-core	Checkout code	2026-02-28T10:15:24.9878784Z  * [new tag]             0.3.4                  -> 0.3.4
job-core	Checkout code	2026-02-28T10:15:24.9879152Z  * [new tag]             0.3.5                  -> 0.3.5
job-core	Checkout code	2026-02-28T10:15:24.9879505Z  * [new tag]             0.3.6                  -> 0.3.6
job-core	Checkout code	2026-02-28T10:15:24.9879875Z  * [new tag]             0.3.7                  -> 0.3.7
job-core	Checkout code	2026-02-28T10:15:24.9880233Z  * [new tag]             0.3.8                  -> 0.3.8
job-core	Checkout code	2026-02-28T10:15:24.9880590Z  * [new tag]             0.3.9                  -> 0.3.9
job-core	Checkout code	2026-02-28T10:15:24.9880947Z  * [new tag]             0.4.0                  -> 0.4.0
job-core	Checkout code	2026-02-28T10:15:24.9881308Z  * [new tag]             0.4.1                  -> 0.4.1
job-core	Checkout code	2026-02-28T10:15:24.9881668Z  * [new tag]             0.4.2                  -> 0.4.2
job-core	Checkout code	2026-02-28T10:15:24.9882024Z  * [new tag]             0.4.3                  -> 0.4.3
job-core	Checkout code	2026-02-28T10:15:24.9882388Z  * [new tag]             0.4.4                  -> 0.4.4
job-core	Checkout code	2026-02-28T10:15:24.9882758Z  * [new tag]             0.4.5                  -> 0.4.5
job-core	Checkout code	2026-02-28T10:15:24.9883115Z  * [new tag]             0.4.6                  -> 0.4.6
job-core	Checkout code	2026-02-28T10:15:24.9883475Z  * [new tag]             0.4.7                  -> 0.4.7
job-core	Checkout code	2026-02-28T10:15:24.9883835Z  * [new tag]             0.4.8                  -> 0.4.8
job-core	Checkout code	2026-02-28T10:15:24.9884414Z  * [new tag]             0.4.9                  -> 0.4.9
job-core	Checkout code	2026-02-28T10:15:24.9895315Z  * [new tag]             0.5.0                  -> 0.5.0
job-core	Checkout code	2026-02-28T10:15:24.9895746Z  * [new tag]             0.5.1                  -> 0.5.1
job-core	Checkout code	2026-02-28T10:15:24.9896118Z  * [new tag]             0.5.2                  -> 0.5.2
job-core	Checkout code	2026-02-28T10:15:24.9896484Z  * [new tag]             0.6.0                  -> 0.6.0
job-core	Checkout code	2026-02-28T10:15:24.9896843Z  * [new tag]             0.6.1                  -> 0.6.1
job-core	Checkout code	2026-02-28T10:15:24.9897202Z  * [new tag]             0.6.2                  -> 0.6.2
job-core	Checkout code	2026-02-28T10:15:24.9897563Z  * [new tag]             0.6.3                  -> 0.6.3
job-core	Checkout code	2026-02-28T10:15:24.9897942Z  * [new tag]             0.6.4                  -> 0.6.4
job-core	Checkout code	2026-02-28T10:15:24.9898302Z  * [new tag]             0.6.5                  -> 0.6.5
job-core	Checkout code	2026-02-28T10:15:24.9898672Z  * [new tag]             0.6.6                  -> 0.6.6
job-core	Checkout code	2026-02-28T10:15:24.9928633Z [command]/usr/bin/git branch --list --remote origin/main
job-core	Checkout code	2026-02-28T10:15:25.0022142Z   origin/main
job-core	Checkout code	2026-02-28T10:15:25.0038619Z [command]/usr/bin/git rev-parse refs/remotes/origin/main
job-core	Checkout code	2026-02-28T10:15:25.0081012Z 7a4efe89448f7c00049fcc97991a1cb20dd3b1b4
job-core	Checkout code	2026-02-28T10:15:25.0095545Z [command]/usr/bin/git -c protocol.version=2 fetch --no-tags --prune --no-recurse-submodules origin +606d861b14dbfbccb766d6c511033d95ed94c053:refs/remotes/origin/main
job-core	Checkout code	2026-02-28T10:15:25.0307961Z From https://github.com/Ka0s-Klaus/ka0s
job-core	Checkout code	2026-02-28T10:15:25.0310079Z  + 7a4efe894...606d861b1 606d861b14dbfbccb766d6c511033d95ed94c053 -> origin/main  (forced update)
job-core	Checkout code	2026-02-28T10:15:25.0352505Z ##[endgroup]
job-core	Checkout code	2026-02-28T10:15:25.0353748Z ##[group]Determining the checkout info
job-core	Checkout code	2026-02-28T10:15:25.0357334Z ##[endgroup]
job-core	Checkout code	2026-02-28T10:15:25.0368699Z [command]/usr/bin/git sparse-checkout disable
job-core	Checkout code	2026-02-28T10:15:25.0442397Z [command]/usr/bin/git config --local --unset-all extensions.worktreeConfig
job-core	Checkout code	2026-02-28T10:15:25.0497905Z ##[group]Checking out the ref
job-core	Checkout code	2026-02-28T10:15:25.0505366Z [command]/usr/bin/git checkout --progress --force -B main refs/remotes/origin/main
job-core	Checkout code	2026-02-28T10:15:25.3150489Z Switched to a new branch 'main'
job-core	Checkout code	2026-02-28T10:15:25.3155817Z branch 'main' set up to track 'origin/main'.
job-core	Checkout code	2026-02-28T10:15:25.3216778Z ##[endgroup]
job-core	Checkout code	2026-02-28T10:15:25.3299265Z [command]/usr/bin/git log -1 --format=%H
job-core	Checkout code	2026-02-28T10:15:25.3348409Z 606d861b14dbfbccb766d6c511033d95ed94c053
job-core	Install GH CLI	ï»¿2026-02-28T10:15:25.4083421Z Prepare all required actions
job-core	Install GH CLI	2026-02-28T10:15:25.4356204Z ##[group]Run ./.github/actions/install-gh-cli
job-core	Install GH CLI	2026-02-28T10:15:25.4356587Z env:
job-core	Install GH CLI	2026-02-28T10:15:25.4356802Z   PYTHON_VERSION: 3.9
job-core	Install GH CLI	2026-02-28T10:15:25.4357730Z   MONGO_SUPERUSER_CONNECTION: ***
job-core	Install GH CLI	2026-02-28T10:15:25.4358138Z   MONGO_NEW_PASS: ***
job-core	Install GH CLI	2026-02-28T10:15:25.4358787Z   MONGO_SCRIPT_CREATE: devops/core/mongo/scripts/add-doc-to-db.py
job-core	Install GH CLI	2026-02-28T10:15:25.4359158Z   KAOS_CODE: 22518758442
job-core	Install GH CLI	2026-02-28T10:15:25.4359420Z   KAOS_MODULE: [Ka0s] Autom add docs to MongoDB
job-core	Install GH CLI	2026-02-28T10:15:25.4359719Z   REPORT_SCAN: audit/
job-core	Install GH CLI	2026-02-28T10:15:25.4359948Z   REPORT_PATH: audit/mongodb/
job-core	Install GH CLI	2026-02-28T10:15:25.4360229Z   REPORT_FILENAME: mongo_setup_22518758442.json
job-core	Install GH CLI	2026-02-28T10:15:25.4360560Z   REPORT_FILENAME_LIST: mongo_list_22518758442.json
job-core	Install GH CLI	2026-02-28T10:15:25.4360917Z   REPORT_FILENAME_DB: mongo_create_db_22518758442.json
job-core	Install GH CLI	2026-02-28T10:15:25.4361237Z   GITHUB_OUTPUT: 
job-core	Install GH CLI	2026-02-28T10:15:25.4361455Z ##[endgroup]
job-core	Install GH CLI	2026-02-28T10:15:25.4577240Z ##[group]Run type -p curl >/dev/null || (sudo apt-get update && sudo apt-get install curl -y)
job-core	Install GH CLI	2026-02-28T10:15:25.4578067Z [36;1mtype -p curl >/dev/null || (sudo apt-get update && sudo apt-get install curl -y)[0m
job-core	Install GH CLI	2026-02-28T10:15:25.4578965Z [36;1mcurl -fsSL https://cli.github.com/packages/githubcli-archive-keyring.gpg | sudo dd of=/usr/share/keyrings/githubcli-archive-keyring.gpg \[0m
job-core	Install GH CLI	2026-02-28T10:15:25.4579821Z [36;1m&& sudo chmod go+r /usr/share/keyrings/githubcli-archive-keyring.gpg \[0m
job-core	Install GH CLI	2026-02-28T10:15:25.4580971Z [36;1m&& echo "deb [arch=$(dpkg --print-architecture) signed-by=/usr/share/keyrings/githubcli-archive-keyring.gpg] https://cli.github.com/packages stable main" | sudo tee /etc/apt/sources.list.d/github-cli.list > /dev/null \[0m
job-core	Install GH CLI	2026-02-28T10:15:25.4582099Z [36;1m&& sudo apt-get update \[0m
job-core	Install GH CLI	2026-02-28T10:15:25.4582398Z [36;1m&& sudo apt-get install gh -y[0m
job-core	Install GH CLI	2026-02-28T10:15:25.4612984Z shell: /usr/bin/bash --noprofile --norc -e -o pipefail {0}
job-core	Install GH CLI	2026-02-28T10:15:25.4613389Z env:
job-core	Install GH CLI	2026-02-28T10:15:25.4613595Z   PYTHON_VERSION: 3.9
job-core	Install GH CLI	2026-02-28T10:15:25.4614735Z   MONGO_SUPERUSER_CONNECTION: ***
job-core	Install GH CLI	2026-02-28T10:15:25.4615196Z   MONGO_NEW_PASS: ***
job-core	Install GH CLI	2026-02-28T10:15:25.4615538Z   MONGO_SCRIPT_CREATE: devops/core/mongo/scripts/add-doc-to-db.py
job-core	Install GH CLI	2026-02-28T10:15:25.4615932Z   KAOS_CODE: 22518758442
job-core	Install GH CLI	2026-02-28T10:15:25.4616211Z   KAOS_MODULE: [Ka0s] Autom add docs to MongoDB
job-core	Install GH CLI	2026-02-28T10:15:25.4616512Z   REPORT_SCAN: audit/
job-core	Install GH CLI	2026-02-28T10:15:25.4616742Z   REPORT_PATH: audit/mongodb/
job-core	Install GH CLI	2026-02-28T10:15:25.4617019Z   REPORT_FILENAME: mongo_setup_22518758442.json
job-core	Install GH CLI	2026-02-28T10:15:25.4617347Z   REPORT_FILENAME_LIST: mongo_list_22518758442.json
job-core	Install GH CLI	2026-02-28T10:15:25.4617707Z   REPORT_FILENAME_DB: mongo_create_db_22518758442.json
job-core	Install GH CLI	2026-02-28T10:15:25.4618017Z   GITHUB_OUTPUT: 
job-core	Install GH CLI	2026-02-28T10:15:25.4618224Z ##[endgroup]
job-core	Install GH CLI	2026-02-28T10:15:25.6145253Z 4+1 records in
job-core	Install GH CLI	2026-02-28T10:15:25.6155158Z 4+1 records out
job-core	Install GH CLI	2026-02-28T10:15:25.6155613Z 2270 bytes (2.3 kB, 2.2 KiB) copied, 0.0782772 s, 29.0 kB/s
job-core	Install GH CLI	2026-02-28T10:15:25.8106919Z Get:1 https://cli.github.com/packages stable InRelease [3917 B]
job-core	Install GH CLI	2026-02-28T10:15:25.8843441Z Get:2 http://security.ubuntu.com/ubuntu noble-security InRelease [126 kB]
job-core	Install GH CLI	2026-02-28T10:15:25.8890798Z Get:3 http://archive.ubuntu.com/ubuntu noble InRelease [256 kB]
job-core	Install GH CLI	2026-02-28T10:15:25.9179393Z Get:4 https://cli.github.com/packages stable/main amd64 Packages [357 B]
job-core	Install GH CLI	2026-02-28T10:15:26.0295577Z Get:5 https://ppa.launchpadcontent.net/git-core/ppa/ubuntu noble InRelease [24.3 kB]
job-core	Install GH CLI	2026-02-28T10:15:26.2148561Z Get:6 http://archive.ubuntu.com/ubuntu noble-updates InRelease [126 kB]
job-core	Install GH CLI	2026-02-28T10:15:26.2709142Z Get:7 https://ppa.launchpadcontent.net/git-core/ppa/ubuntu noble/main amd64 Packages [2992 B]
job-core	Install GH CLI	2026-02-28T10:15:26.2928289Z Get:8 http://archive.ubuntu.com/ubuntu noble-backports InRelease [126 kB]
job-core	Install GH CLI	2026-02-28T10:15:26.4335286Z Get:9 http://security.ubuntu.com/ubuntu noble-security/universe amd64 Packages [1242 kB]
job-core	Install GH CLI	2026-02-28T10:15:26.5581513Z Get:10 http://archive.ubuntu.com/ubuntu noble/universe amd64 Packages [19.3 MB]
job-core	Install GH CLI	2026-02-28T10:15:26.8186218Z Get:11 http://security.ubuntu.com/ubuntu noble-security/main amd64 Packages [1883 kB]
job-core	Install GH CLI	2026-02-28T10:15:26.8868158Z Get:12 http://security.ubuntu.com/ubuntu noble-security/restricted amd64 Packages [3262 kB]
job-core	Install GH CLI	2026-02-28T10:15:27.0135670Z Get:13 http://security.ubuntu.com/ubuntu noble-security/multiverse amd64 Packages [34.8 kB]
job-core	Install GH CLI	2026-02-28T10:15:27.2585663Z Get:14 http://archive.ubuntu.com/ubuntu noble/restricted amd64 Packages [117 kB]
job-core	Install GH CLI	2026-02-28T10:15:27.2586791Z Get:15 http://archive.ubuntu.com/ubuntu noble/multiverse amd64 Packages [331 kB]
job-core	Install GH CLI	2026-02-28T10:15:27.2587632Z Get:16 http://archive.ubuntu.com/ubuntu noble/main amd64 Packages [1808 kB]
job-core	Install GH CLI	2026-02-28T10:15:27.3129041Z Get:17 http://archive.ubuntu.com/ubuntu noble-updates/restricted amd64 Packages [3471 kB]
job-core	Install GH CLI	2026-02-28T10:15:27.3828629Z Get:18 http://archive.ubuntu.com/ubuntu noble-updates/main amd64 Packages [2275 kB]
job-core	Install GH CLI	2026-02-28T10:15:27.4240690Z Get:19 http://archive.ubuntu.com/ubuntu noble-updates/multiverse amd64 Packages [38.1 kB]
job-core	Install GH CLI	2026-02-28T10:15:27.4255023Z Get:20 http://archive.ubuntu.com/ubuntu noble-updates/universe amd64 Packages [2017 kB]
job-core	Install GH CLI	2026-02-28T10:15:27.4446912Z Get:21 http://archive.ubuntu.com/ubuntu noble-backports/universe amd64 Packages [34.6 kB]
job-core	Install GH CLI	2026-02-28T10:15:27.4461412Z Get:22 http://archive.ubuntu.com/ubuntu noble-backports/main amd64 Packages [49.5 kB]
job-core	Install GH CLI	2026-02-28T10:15:28.6865597Z Fetched 36.5 MB in 3s (12.5 MB/s)
job-core	Install GH CLI	2026-02-28T10:15:29.9372847Z Reading package lists...
job-core	Install GH CLI	2026-02-28T10:15:31.6326595Z Reading package lists...
job-core	Install GH CLI	2026-02-28T10:15:31.9317657Z Building dependency tree...
job-core	Install GH CLI	2026-02-28T10:15:31.9322920Z Reading state information...
job-core	Install GH CLI	2026-02-28T10:15:32.5425587Z The following NEW packages will be installed:
job-core	Install GH CLI	2026-02-28T10:15:32.5455499Z   gh
job-core	Install GH CLI	2026-02-28T10:15:32.6585503Z 0 upgraded, 1 newly installed, 0 to remove and 0 not upgraded.
job-core	Install GH CLI	2026-02-28T10:15:32.6619696Z Need to get 13.8 MB of archives.
job-core	Install GH CLI	2026-02-28T10:15:32.6622748Z After this operation, 38.5 MB of additional disk space will be used.
job-core	Install GH CLI	2026-02-28T10:15:32.6624894Z Get:1 https://cli.github.com/packages stable/main amd64 gh amd64 2.87.3 [13.8 MB]
job-core	Install GH CLI	2026-02-28T10:15:33.1940264Z debconf: delaying package configuration, since apt-utils is not installed
job-core	Install GH CLI	2026-02-28T10:15:33.2902092Z Fetched 13.8 MB in 0s (33.6 MB/s)
job-core	Install GH CLI	2026-02-28T10:15:33.3401502Z Selecting previously unselected package gh.
job-core	Install GH CLI	2026-02-28T10:15:33.3402308Z (Reading database ... 
job-core	Install GH CLI	2026-02-28T10:15:33.3407170Z (Reading database ... 5%
job-core	Install GH CLI	2026-02-28T10:15:33.3411639Z (Reading database ... 10%
job-core	Install GH CLI	2026-02-28T10:15:33.3415914Z (Reading database ... 15%
job-core	Install GH CLI	2026-02-28T10:15:33.3421348Z (Reading database ... 20%
job-core	Install GH CLI	2026-02-28T10:15:33.3425245Z (Reading database ... 25%
job-core	Install GH CLI	2026-02-28T10:15:33.3425818Z (Reading database ... 30%
job-core	Install GH CLI	2026-02-28T10:15:33.3429523Z (Reading database ... 35%
job-core	Install GH CLI	2026-02-28T10:15:33.3430009Z (Reading database ... 40%
job-core	Install GH CLI	2026-02-28T10:15:33.3430501Z (Reading database ... 45%
job-core	Install GH CLI	2026-02-28T10:15:33.3432402Z (Reading database ... 50%
job-core	Install GH CLI	2026-02-28T10:15:33.3441612Z (Reading database ... 55%
job-core	Install GH CLI	2026-02-28T10:15:33.3442653Z (Reading database ... 60%
job-core	Install GH CLI	2026-02-28T10:15:33.3471503Z (Reading database ... 65%
job-core	Install GH CLI	2026-02-28T10:15:33.3488170Z (Reading database ... 70%
job-core	Install GH CLI	2026-02-28T10:15:33.3499001Z (Reading database ... 75%
job-core	Install GH CLI	2026-02-28T10:15:33.3520708Z (Reading database ... 80%
job-core	Install GH CLI	2026-02-28T10:15:33.3531112Z (Reading database ... 85%
job-core	Install GH CLI	2026-02-28T10:15:33.3547710Z (Reading database ... 90%
job-core	Install GH CLI	2026-02-28T10:15:33.3573389Z (Reading database ... 95%
job-core	Install GH CLI	2026-02-28T10:15:33.3587776Z (Reading database ... 100%
job-core	Install GH CLI	2026-02-28T10:15:33.3588498Z (Reading database ... 14387 files and directories currently installed.)
job-core	Install GH CLI	2026-02-28T10:15:33.3589230Z Preparing to unpack .../archives/gh_2.87.3_amd64.deb ...
job-core	Install GH CLI	2026-02-28T10:15:33.3730449Z Unpacking gh (2.87.3) ...
job-core	Install GH CLI	2026-02-28T10:15:33.7368129Z Setting up gh (2.87.3) ...
job-core	Set up Python	ï»¿2026-02-28T10:15:33.8331091Z ##[group]Run actions/setup-python@v4
job-core	Set up Python	2026-02-28T10:15:33.8331440Z with:
job-core	Set up Python	2026-02-28T10:15:33.8331648Z   python-version: 3.9
job-core	Set up Python	2026-02-28T10:15:33.8331882Z   check-latest: false
job-core	Set up Python	2026-02-28T10:15:33.8332339Z   token: ***
job-core	Set up Python	2026-02-28T10:15:33.8332557Z   update-environment: true
job-core	Set up Python	2026-02-28T10:15:33.8332808Z   allow-prereleases: false
job-core	Set up Python	2026-02-28T10:15:33.8333043Z env:
job-core	Set up Python	2026-02-28T10:15:33.8333230Z   PYTHON_VERSION: 3.9
job-core	Set up Python	2026-02-28T10:15:33.8333910Z   MONGO_SUPERUSER_CONNECTION: ***
job-core	Set up Python	2026-02-28T10:15:33.8334292Z   MONGO_NEW_PASS: ***
job-core	Set up Python	2026-02-28T10:15:33.8345374Z   MONGO_SCRIPT_CREATE: devops/core/mongo/scripts/add-doc-to-db.py
job-core	Set up Python	2026-02-28T10:15:33.8345768Z   KAOS_CODE: 22518758442
job-core	Set up Python	2026-02-28T10:15:33.8346039Z   KAOS_MODULE: [Ka0s] Autom add docs to MongoDB
job-core	Set up Python	2026-02-28T10:15:33.8346341Z   REPORT_SCAN: audit/
job-core	Set up Python	2026-02-28T10:15:33.8346573Z   REPORT_PATH: audit/mongodb/
job-core	Set up Python	2026-02-28T10:15:33.8346856Z   REPORT_FILENAME: mongo_setup_22518758442.json
job-core	Set up Python	2026-02-28T10:15:33.8347193Z   REPORT_FILENAME_LIST: mongo_list_22518758442.json
job-core	Set up Python	2026-02-28T10:15:33.8347614Z   REPORT_FILENAME_DB: mongo_create_db_22518758442.json
job-core	Set up Python	2026-02-28T10:15:33.8347926Z   GITHUB_OUTPUT: 
job-core	Set up Python	2026-02-28T10:15:33.8348138Z ##[endgroup]
job-core	Set up Python	2026-02-28T10:15:34.1996689Z ##[group]Installed versions
job-core	Set up Python	2026-02-28T10:15:34.2026547Z Version 3.9 was not found in the local cache
job-core	Set up Python	2026-02-28T10:15:35.4676571Z Version 3.9 is available for downloading
job-core	Set up Python	2026-02-28T10:15:35.4677440Z Download from "https://github.com/actions/python-versions/releases/download/3.9.25-19039189640/python-3.9.25-linux-24.04-x64.tar.gz"
job-core	Set up Python	2026-02-28T10:15:36.7462846Z Extract downloaded archive
job-core	Set up Python	2026-02-28T10:15:36.7657631Z [command]/usr/bin/tar xz --warning=no-unknown-keyword -C /home/runner/_work/_temp/e19e7a64-e8c0-4989-b83f-c5913f3ae407 -f /home/runner/_work/_temp/b16b8306-a89b-4d84-9238-d868023f2d36
job-core	Set up Python	2026-02-28T10:15:39.5485311Z Execute installation script
job-core	Set up Python	2026-02-28T10:15:39.5775983Z Check if Python hostedtoolcache folder exist...
job-core	Set up Python	2026-02-28T10:15:39.5776696Z Creating Python hostedtoolcache folder...
job-core	Set up Python	2026-02-28T10:15:39.5805587Z Create Python 3.9.25 folder
job-core	Set up Python	2026-02-28T10:15:39.5855239Z Copy Python binaries to hostedtoolcache folder
job-core	Set up Python	2026-02-28T10:15:40.7548745Z Create additional symlinks (Required for the UsePythonVersion Azure Pipelines task and the setup-python GitHub Action)
job-core	Set up Python	2026-02-28T10:15:40.7605918Z Upgrading pip...
job-core	Set up Python	2026-02-28T10:15:43.7987831Z Looking in links: /tmp/tmp94mrwx7t
job-core	Set up Python	2026-02-28T10:15:43.7988958Z Requirement already satisfied: setuptools in /home/runner/_work/_tool/Python/3.9.25/x64/lib/python3.9/site-packages (79.0.1)
job-core	Set up Python	2026-02-28T10:15:43.7990772Z Requirement already satisfied: pip in /home/runner/_work/_tool/Python/3.9.25/x64/lib/python3.9/site-packages (23.0.1)
job-core	Set up Python	2026-02-28T10:15:45.6416650Z Collecting pip
job-core	Set up Python	2026-02-28T10:15:45.7046474Z Downloading pip-26.0.1-py3-none-any.whl (1.8 MB)
job-core	Set up Python	2026-02-28T10:15:45.7665916Z ââââââââââââââââââââââââââââââââââââââââ 1.8/1.8 MB 30.3 MB/s eta 0:00:00
job-core	Set up Python	2026-02-28T10:15:45.7668300Z 
job-core	Set up Python	2026-02-28T10:15:45.8347580Z Installing collected packages: pip
job-core	Set up Python	2026-02-28T10:15:45.8351572Z Attempting uninstall: pip
job-core	Set up Python	2026-02-28T10:15:45.8368825Z Found existing installation: pip 23.0.1
job-core	Set up Python	2026-02-28T10:15:46.2485027Z Uninstalling pip-23.0.1:
job-core	Set up Python	2026-02-28T10:15:46.2597251Z Successfully uninstalled pip-23.0.1
job-core	Set up Python	2026-02-28T10:15:47.2915870Z Successfully installed pip-26.0.1
job-core	Set up Python	2026-02-28T10:15:47.3973858Z Create complete file
job-core	Set up Python	2026-02-28T10:15:47.4022299Z Successfully set up CPython (3.9.25)
job-core	Set up Python	2026-02-28T10:15:47.4023653Z ##[endgroup]
job-core	Install dependencies	ï»¿2026-02-28T10:15:47.4251529Z ##[group]Run pip install pymongo
job-core	Install dependencies	2026-02-28T10:15:47.4251903Z [36;1mpip install pymongo[0m
job-core	Install dependencies	2026-02-28T10:15:47.4270418Z shell: /usr/bin/bash -e {0}
job-core	Install dependencies	2026-02-28T10:15:47.4270705Z env:
job-core	Install dependencies	2026-02-28T10:15:47.4270902Z   PYTHON_VERSION: 3.9
job-core	Install dependencies	2026-02-28T10:15:47.4271741Z   MONGO_SUPERUSER_CONNECTION: ***
job-core	Install dependencies	2026-02-28T10:15:47.4272134Z   MONGO_NEW_PASS: ***
job-core	Install dependencies	2026-02-28T10:15:47.4272451Z   MONGO_SCRIPT_CREATE: devops/core/mongo/scripts/add-doc-to-db.py
job-core	Install dependencies	2026-02-28T10:15:47.4272818Z   KAOS_CODE: 22518758442
job-core	Install dependencies	2026-02-28T10:15:47.4273086Z   KAOS_MODULE: [Ka0s] Autom add docs to MongoDB
job-core	Install dependencies	2026-02-28T10:15:47.4273392Z   REPORT_SCAN: audit/
job-core	Install dependencies	2026-02-28T10:15:47.4273627Z   REPORT_PATH: audit/mongodb/
job-core	Install dependencies	2026-02-28T10:15:47.4273911Z   REPORT_FILENAME: mongo_setup_22518758442.json
job-core	Install dependencies	2026-02-28T10:15:47.4274252Z   REPORT_FILENAME_LIST: mongo_list_22518758442.json
job-core	Install dependencies	2026-02-28T10:15:47.4289128Z   REPORT_FILENAME_DB: mongo_create_db_22518758442.json
job-core	Install dependencies	2026-02-28T10:15:47.4289591Z   GITHUB_OUTPUT: 
job-core	Install dependencies	2026-02-28T10:15:47.4289892Z   pythonLocation: /home/runner/_work/_tool/Python/3.9.25/x64
job-core	Install dependencies	2026-02-28T10:15:47.4290777Z   PKG_CONFIG_PATH: /home/runner/_work/_tool/Python/3.9.25/x64/lib/pkgconfig
job-core	Install dependencies	2026-02-28T10:15:47.4291245Z   Python_ROOT_DIR: /home/runner/_work/_tool/Python/3.9.25/x64
job-core	Install dependencies	2026-02-28T10:15:47.4291669Z   Python2_ROOT_DIR: /home/runner/_work/_tool/Python/3.9.25/x64
job-core	Install dependencies	2026-02-28T10:15:47.4292089Z   Python3_ROOT_DIR: /home/runner/_work/_tool/Python/3.9.25/x64
job-core	Install dependencies	2026-02-28T10:15:47.4292513Z   LD_LIBRARY_PATH: /home/runner/_work/_tool/Python/3.9.25/x64/lib
job-core	Install dependencies	2026-02-28T10:15:47.4292862Z ##[endgroup]
job-core	Install dependencies	2026-02-28T10:15:48.4235281Z Collecting pymongo
job-core	Install dependencies	2026-02-28T10:15:48.4717495Z   Downloading pymongo-4.16.0-cp39-cp39-manylinux2014_x86_64.manylinux_2_17_x86_64.manylinux_2_28_x86_64.whl.metadata (10.0 kB)
job-core	Install dependencies	2026-02-28T10:15:48.5000231Z Collecting dnspython<3.0.0,>=2.6.1 (from pymongo)
job-core	Install dependencies	2026-02-28T10:15:48.5060783Z   Downloading dnspython-2.7.0-py3-none-any.whl.metadata (5.8 kB)
job-core	Install dependencies	2026-02-28T10:15:48.5237677Z Downloading pymongo-4.16.0-cp39-cp39-manylinux2014_x86_64.manylinux_2_17_x86_64.manylinux_2_28_x86_64.whl (947 kB)
job-core	Install dependencies	2026-02-28T10:15:48.5703257Z    ââââââââââââââââââââââââââââââââââââââââ 947.2/947.2 kB 24.9 MB/s  0:00:00
job-core	Install dependencies	2026-02-28T10:15:48.5760378Z Downloading dnspython-2.7.0-py3-none-any.whl (313 kB)
job-core	Install dependencies	2026-02-28T10:15:48.6414248Z Installing collected packages: dnspython, pymongo
job-core	Install dependencies	2026-02-28T10:15:49.2424444Z 
job-core	Install dependencies	2026-02-28T10:15:49.2444805Z Successfully installed dnspython-2.7.0 pymongo-4.16.0
job-core	Create database MongoDB	ï»¿2026-02-28T10:15:49.4731379Z ##[group]Run python devops/core/mongo/scripts/add-doc-to-db.py
job-core	Create database MongoDB	2026-02-28T10:15:49.4731930Z [36;1mpython devops/core/mongo/scripts/add-doc-to-db.py[0m
job-core	Create database MongoDB	2026-02-28T10:15:49.4732385Z [36;1mecho "Downloading files to MongoDB update repository ..."[0m
job-core	Create database MongoDB	2026-02-28T10:15:49.4733119Z [36;1mgit config --global user.name "***"[0m
job-core	Create database MongoDB	2026-02-28T10:15:49.4733500Z [36;1mgit config --global user.email "***"[0m
job-core	Create database MongoDB	2026-02-28T10:15:49.4733801Z [36;1mgit pull[0m
job-core	Create database MongoDB	2026-02-28T10:15:49.4734262Z [36;1mecho "[Ka0s] Uploading files to MongoDB update repository ..."[0m
job-core	Create database MongoDB	2026-02-28T10:15:49.4734774Z [36;1mgit add audit/[0m
job-core	Create database MongoDB	2026-02-28T10:15:49.4735240Z [36;1mgit commit -m "[Ka0S] Uploading Autom add docs to MongoDB..." || echo "No changes to commit"[0m
job-core	Create database MongoDB	2026-02-28T10:15:49.4735738Z [36;1mMAX_RETRIES=3[0m
job-core	Create database MongoDB	2026-02-28T10:15:49.4735964Z [36;1mCOUNT=0[0m
job-core	Create database MongoDB	2026-02-28T10:15:49.4736279Z [36;1muntil git push origin refs/heads/main --force-with-lease; do[0m
job-core	Create database MongoDB	2026-02-28T10:15:49.4736665Z [36;1m  COUNT=$((COUNT+1))[0m
job-core	Create database MongoDB	2026-02-28T10:15:49.4736980Z [36;1m  if [ $COUNT -ge $MAX_RETRIES ]; then[0m
job-core	Create database MongoDB	2026-02-28T10:15:49.4737390Z [36;1m    echo "â Error: git push failed after $MAX_RETRIES attempts."[0m
job-core	Create database MongoDB	2026-02-28T10:15:49.4737770Z [36;1m    exit 1[0m
job-core	Create database MongoDB	2026-02-28T10:15:49.4737979Z [36;1m  fi[0m
job-core	Create database MongoDB	2026-02-28T10:15:49.4738274Z [36;1m  echo "â ï¸ git push failed, retrying ($COUNT/$MAX_RETRIES)..."[0m
job-core	Create database MongoDB	2026-02-28T10:15:49.4738645Z [36;1m  git pull[0m
job-core	Create database MongoDB	2026-02-28T10:15:49.4738855Z [36;1m  sleep 2[0m
job-core	Create database MongoDB	2026-02-28T10:15:49.4739067Z [36;1mdone[0m
job-core	Create database MongoDB	2026-02-28T10:15:49.4753299Z shell: /usr/bin/bash -e {0}
job-core	Create database MongoDB	2026-02-28T10:15:49.4753569Z env:
job-core	Create database MongoDB	2026-02-28T10:15:49.4753795Z   PYTHON_VERSION: 3.9
job-core	Create database MongoDB	2026-02-28T10:15:49.4754740Z   MONGO_SUPERUSER_CONNECTION: ***
job-core	Create database MongoDB	2026-02-28T10:15:49.4755149Z   MONGO_NEW_PASS: ***
job-core	Create database MongoDB	2026-02-28T10:15:49.4755473Z   MONGO_SCRIPT_CREATE: devops/core/mongo/scripts/add-doc-to-db.py
job-core	Create database MongoDB	2026-02-28T10:15:49.4755849Z   KAOS_CODE: 22518758442
job-core	Create database MongoDB	2026-02-28T10:15:49.4756118Z   KAOS_MODULE: [Ka0s] Autom add docs to MongoDB
job-core	Create database MongoDB	2026-02-28T10:15:49.4756425Z   REPORT_SCAN: audit/
job-core	Create database MongoDB	2026-02-28T10:15:49.4756673Z   REPORT_PATH: audit/mongodb/
job-core	Create database MongoDB	2026-02-28T10:15:49.4756956Z   REPORT_FILENAME: mongo_setup_22518758442.json
job-core	Create database MongoDB	2026-02-28T10:15:49.4766535Z   REPORT_FILENAME_LIST: mongo_list_22518758442.json
job-core	Create database MongoDB	2026-02-28T10:15:49.4767023Z   REPORT_FILENAME_DB: mongo_create_db_22518758442.json
job-core	Create database MongoDB	2026-02-28T10:15:49.4767349Z   GITHUB_OUTPUT: 
job-core	Create database MongoDB	2026-02-28T10:15:49.4767638Z   pythonLocation: /home/runner/_work/_tool/Python/3.9.25/x64
job-core	Create database MongoDB	2026-02-28T10:15:49.4768104Z   PKG_CONFIG_PATH: /home/runner/_work/_tool/Python/3.9.25/x64/lib/pkgconfig
job-core	Create database MongoDB	2026-02-28T10:15:49.4768572Z   Python_ROOT_DIR: /home/runner/_work/_tool/Python/3.9.25/x64
job-core	Create database MongoDB	2026-02-28T10:15:49.4769420Z   Python2_ROOT_DIR: /home/runner/_work/_tool/Python/3.9.25/x64
job-core	Create database MongoDB	2026-02-28T10:15:49.4769842Z   Python3_ROOT_DIR: /home/runner/_work/_tool/Python/3.9.25/x64
job-core	Create database MongoDB	2026-02-28T10:15:49.4770267Z   LD_LIBRARY_PATH: /home/runner/_work/_tool/Python/3.9.25/x64/lib
job-core	Create database MongoDB	2026-02-28T10:15:49.4770618Z ##[endgroup]
job-core	Create database MongoDB	2026-02-28T10:15:49.7703154Z [DEBUG] Procesamos el directorio: audit/
job-core	Create database MongoDB	2026-02-28T10:15:49.7704410Z [DEBUG] Procesamos el directorio: audit/
job-core	Create database MongoDB	2026-02-28T10:15:49.7704932Z [DEBUG] Comprobamos el nombre DB: kaos
job-core	Create database MongoDB	2026-02-28T10:15:49.7705243Z [DEBUG] Extensiones procesadas: {'md'}
job-core	Create database MongoDB	2026-02-28T10:15:49.7705557Z [DEBUG] Tipo de ext: <class 'str'>, Valor: md
job-core	Create database MongoDB	2026-02-28T10:15:49.7706107Z [DEBUG] Creando colecciÃ³n: col_md
job-core	Create database MongoDB	2026-02-28T10:15:49.7706401Z [DEBUG] Procesamos el directorio: audit/
job-core	Create database MongoDB	2026-02-28T10:15:49.7706719Z [DEBUG] Comprobamos el nombre DB: workflows
job-core	Create database MongoDB	2026-02-28T10:15:49.7707032Z [DEBUG] Extensiones procesadas: {'md'}
job-core	Create database MongoDB	2026-02-28T10:15:49.7707359Z [DEBUG] Tipo de ext: <class 'str'>, Valor: md
job-core	Create database MongoDB	2026-02-28T10:15:49.7707758Z [DEBUG] Creando colecciÃ³n: col_md
job-core	Create database MongoDB	2026-02-28T10:15:49.7708047Z [DEBUG] Procesamos el directorio: audit/
job-core	Create database MongoDB	2026-02-28T10:15:49.7708362Z [DEBUG] Comprobamos el nombre DB: inspector
job-core	Create database MongoDB	2026-02-28T10:15:49.7708711Z [DEBUG] Extensiones procesadas: {'log', 'json', 'md'}
job-core	Create database MongoDB	2026-02-28T10:15:49.7709065Z [DEBUG] Tipo de ext: <class 'str'>, Valor: log
job-core	Create database MongoDB	2026-02-28T10:15:49.7709920Z [DEBUG] Creando colecciÃ³n: col_log
job-core	Create database MongoDB	2026-02-28T10:15:49.7710221Z [DEBUG] Tipo de ext: <class 'str'>, Valor: json
job-core	Create database MongoDB	2026-02-28T10:15:49.7710579Z [DEBUG] Creando colecciÃ³n: col_json
job-core	Create database MongoDB	2026-02-28T10:15:49.7710875Z [DEBUG] Tipo de ext: <class 'str'>, Valor: md
job-core	Create database MongoDB	2026-02-28T10:15:49.7711225Z [DEBUG] Creando colecciÃ³n: col_md
job-core	Create database MongoDB	2026-02-28T10:15:49.7711510Z [DEBUG] Procesamos el directorio: audit/
job-core	Create database MongoDB	2026-02-28T10:15:49.7711817Z [DEBUG] Comprobamos el nombre DB: execution
job-core	Create database MongoDB	2026-02-28T10:15:49.7712125Z [DEBUG] Extensiones procesadas: {'md'}
job-core	Create database MongoDB	2026-02-28T10:15:49.7712425Z [DEBUG] Tipo de ext: <class 'str'>, Valor: md
job-core	Create database MongoDB	2026-02-28T10:15:49.7712786Z [DEBUG] Creando colecciÃ³n: col_md
job-core	Create database MongoDB	2026-02-28T10:15:49.7713071Z [DEBUG] Procesamos el directorio: audit/
job-core	Create database MongoDB	2026-02-28T10:15:49.7713373Z [DEBUG] Comprobamos el nombre DB: trash
job-core	Create database MongoDB	2026-02-28T10:15:49.7713671Z [DEBUG] Extensiones procesadas: {'md'}
job-core	Create database MongoDB	2026-02-28T10:15:49.7713974Z [DEBUG] Tipo de ext: <class 'str'>, Valor: md
job-core	Create database MongoDB	2026-02-28T10:15:49.7714323Z [DEBUG] Creando colecciÃ³n: col_md
job-core	Create database MongoDB	2026-02-28T10:15:49.7715407Z [DEBUG] Procesamos el directorio: audit/
job-core	Create database MongoDB	2026-02-28T10:15:49.7715728Z [DEBUG] Comprobamos el nombre DB: eresults
job-core	Create database MongoDB	2026-02-28T10:15:49.7716038Z [DEBUG] Extensiones procesadas: {'md'}
job-core	Create database MongoDB	2026-02-28T10:15:49.7716343Z [DEBUG] Tipo de ext: <class 'str'>, Valor: md
job-core	Create database MongoDB	2026-02-28T10:15:49.7716714Z [DEBUG] Creando colecciÃ³n: col_md
job-core	Create database MongoDB	2026-02-28T10:15:49.7716999Z [DEBUG] Procesamos el directorio: audit/
job-core	Create database MongoDB	2026-02-28T10:15:49.7717293Z [DEBUG] Comprobamos el nombre DB: scan
job-core	Create database MongoDB	2026-02-28T10:15:49.7717590Z [DEBUG] Extensiones procesadas: {'md'}
job-core	Create database MongoDB	2026-02-28T10:15:49.7717894Z [DEBUG] Tipo de ext: <class 'str'>, Valor: md
job-core	Create database MongoDB	2026-02-28T10:15:49.7718251Z [DEBUG] Creando colecciÃ³n: col_md
job-core	Create database MongoDB	2026-02-28T10:15:49.7718537Z [DEBUG] Procesamos el directorio: audit/
job-core	Create database MongoDB	2026-02-28T10:15:49.7718848Z [DEBUG] Comprobamos el nombre DB: deploy
job-core	Create database MongoDB	2026-02-28T10:15:49.7719149Z [DEBUG] Extensiones procesadas: {'md'}
job-core	Create database MongoDB	2026-02-28T10:15:49.7719447Z [DEBUG] Tipo de ext: <class 'str'>, Valor: md
job-core	Create database MongoDB	2026-02-28T10:15:49.7719797Z [DEBUG] Creando colecciÃ³n: col_md
job-core	Create database MongoDB	2026-02-28T10:15:49.7720089Z [DEBUG] Procesamos el directorio: audit/
job-core	Create database MongoDB	2026-02-28T10:15:49.7720386Z [DEBUG] Comprobamos el nombre DB: kube
job-core	Create database MongoDB	2026-02-28T10:15:49.7720715Z [DEBUG] Extensiones procesadas: {'html', 'md', 'json'}
job-core	Create database MongoDB	2026-02-28T10:15:49.7721071Z [DEBUG] Tipo de ext: <class 'str'>, Valor: html
job-core	Create database MongoDB	2026-02-28T10:15:49.7721429Z [DEBUG] Creando colecciÃ³n: col_html
job-core	Create database MongoDB	2026-02-28T10:15:49.7721721Z [DEBUG] Tipo de ext: <class 'str'>, Valor: md
job-core	Create database MongoDB	2026-02-28T10:15:49.7722068Z [DEBUG] Creando colecciÃ³n: col_md
job-core	Create database MongoDB	2026-02-28T10:15:49.7722362Z [DEBUG] Tipo de ext: <class 'str'>, Valor: json
job-core	Create database MongoDB	2026-02-28T10:15:49.7723002Z [DEBUG] Creando colecciÃ³n: col_json
job-core	Create database MongoDB	2026-02-28T10:15:49.7723298Z [DEBUG] Procesamos el directorio: audit/
job-core	Create database MongoDB	2026-02-28T10:15:49.7723598Z [DEBUG] Comprobamos el nombre DB: sync
job-core	Create database MongoDB	2026-02-28T10:15:49.7723891Z [DEBUG] Extensiones procesadas: {'md'}
job-core	Create database MongoDB	2026-02-28T10:15:49.7724187Z [DEBUG] Tipo de ext: <class 'str'>, Valor: md
job-core	Create database MongoDB	2026-02-28T10:15:49.7724654Z [DEBUG] Creando colecciÃ³n: col_md
job-core	Create database MongoDB	2026-02-28T10:15:49.7725034Z [DEBUG] Procesamos el directorio: audit/
job-core	Create database MongoDB	2026-02-28T10:15:49.7725338Z [DEBUG] Comprobamos el nombre DB: issues
job-core	Create database MongoDB	2026-02-28T10:15:49.7725636Z [DEBUG] Extensiones procesadas: {'md'}
job-core	Create database MongoDB	2026-02-28T10:15:49.7725939Z [DEBUG] Tipo de ext: <class 'str'>, Valor: md
job-core	Create database MongoDB	2026-02-28T10:15:49.7726297Z [DEBUG] Creando colecciÃ³n: col_md
job-core	Create database MongoDB	2026-02-28T10:15:49.7726685Z [DEBUG] Procesamos el directorio: audit/
job-core	Create database MongoDB	2026-02-28T10:15:49.7726996Z [DEBUG] Comprobamos el nombre DB: jsonlint
job-core	Create database MongoDB	2026-02-28T10:15:49.7727298Z [DEBUG] Extensiones procesadas: {'md'}
job-core	Create database MongoDB	2026-02-28T10:15:49.7727603Z [DEBUG] Tipo de ext: <class 'str'>, Valor: md
job-core	Create database MongoDB	2026-02-28T10:15:49.7727965Z [DEBUG] Creando colecciÃ³n: col_md
job-core	Create database MongoDB	2026-02-28T10:15:49.7728248Z [DEBUG] Procesamos el directorio: audit/
job-core	Create database MongoDB	2026-02-28T10:15:49.7728549Z [DEBUG] Comprobamos el nombre DB: yamllint
job-core	Create database MongoDB	2026-02-28T10:15:49.7728855Z [DEBUG] Extensiones procesadas: {'md'}
job-core	Create database MongoDB	2026-02-28T10:15:49.7729157Z [DEBUG] Tipo de ext: <class 'str'>, Valor: md
job-core	Create database MongoDB	2026-02-28T10:15:49.7729504Z [DEBUG] Creando colecciÃ³n: col_md
job-core	Create database MongoDB	2026-02-28T10:15:49.7730020Z [DEBUG] Procesamos el directorio: audit/
job-core	Create database MongoDB	2026-02-28T10:15:49.7730319Z [DEBUG] Comprobamos el nombre DB: itop
job-core	Create database MongoDB	2026-02-28T10:15:49.7730611Z [DEBUG] Extensiones procesadas: {'md'}
job-core	Create database MongoDB	2026-02-28T10:15:49.7730909Z [DEBUG] Tipo de ext: <class 'str'>, Valor: md
job-core	Create database MongoDB	2026-02-28T10:15:49.7731264Z [DEBUG] Creando colecciÃ³n: col_md
job-core	Create database MongoDB	2026-02-28T10:15:49.7731545Z [DEBUG] Procesamos el directorio: audit/
job-core	Create database MongoDB	2026-02-28T10:15:49.7731848Z [DEBUG] Comprobamos el nombre DB: mongodb
job-core	Create database MongoDB	2026-02-28T10:15:49.7732167Z [DEBUG] Extensiones procesadas: {'md', 'json'}
job-core	Create database MongoDB	2026-02-28T10:15:49.7732491Z [DEBUG] Tipo de ext: <class 'str'>, Valor: md
job-core	Create database MongoDB	2026-02-28T10:15:49.7732848Z [DEBUG] Creando colecciÃ³n: col_md
job-core	Create database MongoDB	2026-02-28T10:15:49.7733141Z [DEBUG] Tipo de ext: <class 'str'>, Valor: json
job-core	Create database MongoDB	2026-02-28T10:15:49.7733500Z [DEBUG] Creando colecciÃ³n: col_json
job-core	Create database MongoDB	2026-02-28T10:15:49.7733789Z [DEBUG] Procesamos el directorio: audit/
job-core	Create database MongoDB	2026-02-28T10:15:49.7734087Z [DEBUG] Comprobamos el nombre DB: cmdb
job-core	Create database MongoDB	2026-02-28T10:15:49.7734380Z [DEBUG] Extensiones procesadas: {'md'}
job-core	Create database MongoDB	2026-02-28T10:15:49.7734796Z [DEBUG] Tipo de ext: <class 'str'>, Valor: md
job-core	Create database MongoDB	2026-02-28T10:15:49.7735153Z [DEBUG] Creando colecciÃ³n: col_md
job-core	Create database MongoDB	2026-02-28T10:15:49.7735437Z [DEBUG] Procesamos el directorio: audit/
job-core	Create database MongoDB	2026-02-28T10:15:49.7735740Z [DEBUG] Comprobamos el nombre DB: hosts
job-core	Create database MongoDB	2026-02-28T10:15:49.7736039Z [DEBUG] Extensiones procesadas: {'md'}
job-core	Create database MongoDB	2026-02-28T10:15:49.7736342Z [DEBUG] Tipo de ext: <class 'str'>, Valor: md
job-core	Create database MongoDB	2026-02-28T10:15:49.7736689Z [DEBUG] Creando colecciÃ³n: col_md
job-core	Create database MongoDB	2026-02-28T10:15:49.7736971Z [DEBUG] Procesamos el directorio: audit/
job-core	Create database MongoDB	2026-02-28T10:15:49.7737268Z [DEBUG] Comprobamos el nombre DB: mdlint
job-core	Create database MongoDB	2026-02-28T10:15:49.7737573Z [DEBUG] Extensiones procesadas: {'md'}
job-core	Create database MongoDB	2026-02-28T10:15:49.7737876Z [DEBUG] Tipo de ext: <class 'str'>, Valor: md
job-core	Create database MongoDB	2026-02-28T10:15:49.7738223Z [DEBUG] Creando colecciÃ³n: col_md
job-core	Create database MongoDB	2026-02-28T10:15:49.7746190Z [DEBUG] Archivos eliminados en: audit/
job-core	Create database MongoDB	2026-02-28T10:15:49.7746701Z â Proceso completado: 14 documentos insertados
job-core	Create database MongoDB	2026-02-28T10:15:50.1766111Z Downloading files to MongoDB update repository ...
job-core	Create database MongoDB	2026-02-28T10:15:50.9932584Z From https://github.com/Ka0s-Klaus/ka0s
job-core	Create database MongoDB	2026-02-28T10:15:50.9951625Z    606d861b1..36b2ce3f0  main       -> origin/main
job-core	Create database MongoDB	2026-02-28T10:15:51.3600394Z Updating 606d861b1..36b2ce3f0
job-core	Create database MongoDB	2026-02-28T10:15:51.3602040Z Fast-forward
job-core	Create database MongoDB	2026-02-28T10:15:51.3671859Z  audit/inspector/22518720960.json                  |   1 +
job-core	Create database MongoDB	2026-02-28T10:15:51.3672700Z  audit/inspector/22518720960.log                   | 970 ++++++++++++++++++++++
job-core	Create database MongoDB	2026-02-28T10:15:51.3673350Z  audit/kube/cluster-dashboard-20260227-231705.html | 293 +++++++
job-core	Create database MongoDB	2026-02-28T10:15:51.3675522Z  audit/kube/cluster-dashboard-20260227-231852.html | 293 +++++++
job-core	Create database MongoDB	2026-02-28T10:15:51.3676030Z  audit/kube/cluster-dashboard-20260228-010225.html | 293 +++++++
job-core	Create database MongoDB	2026-02-28T10:15:51.3676706Z  audit/kube/cluster-dashboard-20260228-011152.html | 293 +++++++
job-core	Create database MongoDB	2026-02-28T10:15:51.3678950Z  audit/kube/cluster-dashboard-20260228-034723.html | 293 +++++++
job-core	Create database MongoDB	2026-02-28T10:15:51.3679416Z  audit/kube/cluster-dashboard-20260228-034805.html | 293 +++++++
job-core	Create database MongoDB	2026-02-28T10:15:51.3679999Z  audit/kube/cluster-dashboard-20260228-044846.html | 293 +++++++
job-core	Create database MongoDB	2026-02-28T10:15:51.3680554Z  audit/kube/cluster-dashboard-20260228-044920.html | 293 +++++++
job-core	Create database MongoDB	2026-02-28T10:15:51.3680983Z  audit/kube/cluster-dashboard-20260228-052708.html | 293 +++++++
job-core	Create database MongoDB	2026-02-28T10:15:51.3681411Z  audit/kube/cluster-dashboard-20260228-052812.html | 293 +++++++
job-core	Create database MongoDB	2026-02-28T10:15:51.3681843Z  audit/kube/cluster-dashboard-20260228-062523.html | 293 +++++++
job-core	Create database MongoDB	2026-02-28T10:15:51.3682274Z  audit/kube/cluster-dashboard-20260228-062802.html | 293 +++++++
job-core	Create database MongoDB	2026-02-28T10:15:51.3682713Z  audit/kube/cluster-dashboard-20260228-072037.html | 293 +++++++
job-core	Create database MongoDB	2026-02-28T10:15:51.3683140Z  audit/kube/cluster-dashboard-20260228-072054.html | 293 +++++++
job-core	Create database MongoDB	2026-02-28T10:15:51.3683572Z  audit/kube/cluster-dashboard-20260228-081822.html | 293 +++++++
job-core	Create database MongoDB	2026-02-28T10:15:51.3683996Z  audit/kube/cluster-dashboard-20260228-081958.html | 293 +++++++
job-core	Create database MongoDB	2026-02-28T10:15:51.3684424Z  audit/kube/cluster-dashboard-20260228-091755.html | 293 +++++++
job-core	Create database MongoDB	2026-02-28T10:15:51.3709969Z  audit/kube/cluster-dashboard-20260228-101451.html | 293 +++++++
job-core	Create database MongoDB	2026-02-28T10:15:51.3710434Z  audit/kube/cluster-report-20260227-231705.json    | 241 ++++++
job-core	Create database MongoDB	2026-02-28T10:15:51.3710883Z  audit/kube/cluster-report-20260227-231705.md      |  59 ++
job-core	Create database MongoDB	2026-02-28T10:15:51.3711308Z  audit/kube/cluster-report-20260227-231852.json    | 241 ++++++
job-core	Create database MongoDB	2026-02-28T10:15:51.3711859Z  audit/kube/cluster-report-20260227-231852.md      |  59 ++
job-core	Create database MongoDB	2026-02-28T10:15:51.3712409Z  audit/kube/cluster-report-20260228-010225.json    | 241 ++++++
job-core	Create database MongoDB	2026-02-28T10:15:51.3712838Z  audit/kube/cluster-report-20260228-010225.md      |  59 ++
job-core	Create database MongoDB	2026-02-28T10:15:51.3713262Z  audit/kube/cluster-report-20260228-011152.json    | 241 ++++++
job-core	Create database MongoDB	2026-02-28T10:15:51.3713680Z  audit/kube/cluster-report-20260228-011152.md      |  59 ++
job-core	Create database MongoDB	2026-02-28T10:15:51.3714096Z  audit/kube/cluster-report-20260228-034723.json    | 241 ++++++
job-core	Create database MongoDB	2026-02-28T10:15:51.3714565Z  audit/kube/cluster-report-20260228-034723.md      |  59 ++
job-core	Create database MongoDB	2026-02-28T10:15:51.3715143Z  audit/kube/cluster-report-20260228-034805.json    | 241 ++++++
job-core	Create database MongoDB	2026-02-28T10:15:51.3715579Z  audit/kube/cluster-report-20260228-034805.md      |  59 ++
job-core	Create database MongoDB	2026-02-28T10:15:51.3716011Z  audit/kube/cluster-report-20260228-044846.json    | 241 ++++++
job-core	Create database MongoDB	2026-02-28T10:15:51.3716446Z  audit/kube/cluster-report-20260228-044846.md      |  59 ++
job-core	Create database MongoDB	2026-02-28T10:15:51.3716989Z  audit/kube/cluster-report-20260228-044920.json    | 241 ++++++
job-core	Create database MongoDB	2026-02-28T10:15:51.3717406Z  audit/kube/cluster-report-20260228-044920.md      |  59 ++
job-core	Create database MongoDB	2026-02-28T10:15:51.3717820Z  audit/kube/cluster-report-20260228-052708.json    | 241 ++++++
job-core	Create database MongoDB	2026-02-28T10:15:51.3718244Z  audit/kube/cluster-report-20260228-052708.md      |  59 ++
job-core	Create database MongoDB	2026-02-28T10:15:51.3718704Z  audit/kube/cluster-report-20260228-052812.json    | 241 ++++++
job-core	Create database MongoDB	2026-02-28T10:15:51.3719134Z  audit/kube/cluster-report-20260228-052812.md      |  59 ++
job-core	Create database MongoDB	2026-02-28T10:15:51.3719575Z  audit/kube/cluster-report-20260228-062523.json    | 241 ++++++
job-core	Create database MongoDB	2026-02-28T10:15:51.3720017Z  audit/kube/cluster-report-20260228-062523.md      |  59 ++
job-core	Create database MongoDB	2026-02-28T10:15:51.3720486Z  audit/kube/cluster-report-20260228-062802.json    | 241 ++++++
job-core	Create database MongoDB	2026-02-28T10:15:51.3720926Z  audit/kube/cluster-report-20260228-062802.md      |  59 ++
job-core	Create database MongoDB	2026-02-28T10:15:51.3721344Z  audit/kube/cluster-report-20260228-072037.json    | 241 ++++++
job-core	Create database MongoDB	2026-02-28T10:15:51.3721777Z  audit/kube/cluster-report-20260228-072037.md      |  59 ++
job-core	Create database MongoDB	2026-02-28T10:15:51.3722201Z  audit/kube/cluster-report-20260228-072054.json    | 241 ++++++
job-core	Create database MongoDB	2026-02-28T10:15:51.3722626Z  audit/kube/cluster-report-20260228-072054.md      |  59 ++
job-core	Create database MongoDB	2026-02-28T10:15:51.3806465Z  audit/kube/cluster-report-20260228-081822.json    | 241 ++++++
job-core	Create database MongoDB	2026-02-28T10:15:51.3806941Z  audit/kube/cluster-report-20260228-081822.md      |  59 ++
job-core	Create database MongoDB	2026-02-28T10:15:51.3807383Z  audit/kube/cluster-report-20260228-081958.json    | 241 ++++++
job-core	Create database MongoDB	2026-02-28T10:15:51.3807827Z  audit/kube/cluster-report-20260228-081958.md      |  59 ++
job-core	Create database MongoDB	2026-02-28T10:15:51.3808281Z  audit/kube/cluster-report-20260228-091755.json    | 241 ++++++
job-core	Create database MongoDB	2026-02-28T10:15:51.3808714Z  audit/kube/cluster-report-20260228-091755.md      |  59 ++
job-core	Create database MongoDB	2026-02-28T10:15:51.3809148Z  audit/kube/cluster-report-20260228-101451.json    | 241 ++++++
job-core	Create database MongoDB	2026-02-28T10:15:51.3809578Z  audit/kube/cluster-report-20260228-101451.md      |  59 ++
job-core	Create database MongoDB	2026-02-28T10:15:51.3809952Z  56 files changed, 11645 insertions(+)
job-core	Create database MongoDB	2026-02-28T10:15:51.3810283Z  create mode 100644 audit/inspector/22518720960.json
job-core	Create database MongoDB	2026-02-28T10:15:51.3810646Z  create mode 100644 audit/inspector/22518720960.log
job-core	Create database MongoDB	2026-02-28T10:15:51.3811070Z  create mode 100755 audit/kube/cluster-dashboard-20260227-231705.html
job-core	Create database MongoDB	2026-02-28T10:15:51.3811570Z  create mode 100755 audit/kube/cluster-dashboard-20260227-231852.html
job-core	Create database MongoDB	2026-02-28T10:15:51.3812060Z  create mode 100755 audit/kube/cluster-dashboard-20260228-010225.html
job-core	Create database MongoDB	2026-02-28T10:15:51.3812542Z  create mode 100755 audit/kube/cluster-dashboard-20260228-011152.html
job-core	Create database MongoDB	2026-02-28T10:15:51.3813029Z  create mode 100755 audit/kube/cluster-dashboard-20260228-034723.html
job-core	Create database MongoDB	2026-02-28T10:15:51.3813794Z  create mode 100755 audit/kube/cluster-dashboard-20260228-034805.html
job-core	Create database MongoDB	2026-02-28T10:15:51.3814286Z  create mode 100755 audit/kube/cluster-dashboard-20260228-044846.html
job-core	Create database MongoDB	2026-02-28T10:15:51.3848288Z  create mode 100755 audit/kube/cluster-dashboard-20260228-044920.html
job-core	Create database MongoDB	2026-02-28T10:15:51.3848872Z  create mode 100755 audit/kube/cluster-dashboard-20260228-052708.html
job-core	Create database MongoDB	2026-02-28T10:15:51.3849380Z  create mode 100755 audit/kube/cluster-dashboard-20260228-052812.html
job-core	Create database MongoDB	2026-02-28T10:15:51.3849870Z  create mode 100755 audit/kube/cluster-dashboard-20260228-062523.html
job-core	Create database MongoDB	2026-02-28T10:15:51.3850391Z  create mode 100755 audit/kube/cluster-dashboard-20260228-062802.html
job-core	Create database MongoDB	2026-02-28T10:15:51.3850883Z  create mode 100755 audit/kube/cluster-dashboard-20260228-072037.html
job-core	Create database MongoDB	2026-02-28T10:15:51.3851369Z  create mode 100755 audit/kube/cluster-dashboard-20260228-072054.html
job-core	Create database MongoDB	2026-02-28T10:15:51.3851861Z  create mode 100755 audit/kube/cluster-dashboard-20260228-081822.html
job-core	Create database MongoDB	2026-02-28T10:15:51.3852360Z  create mode 100755 audit/kube/cluster-dashboard-20260228-081958.html
job-core	Create database MongoDB	2026-02-28T10:15:51.3852871Z  create mode 100755 audit/kube/cluster-dashboard-20260228-091755.html
job-core	Create database MongoDB	2026-02-28T10:15:51.3853371Z  create mode 100755 audit/kube/cluster-dashboard-20260228-101451.html
job-core	Create database MongoDB	2026-02-28T10:15:51.3853870Z  create mode 100755 audit/kube/cluster-report-20260227-231705.json
job-core	Create database MongoDB	2026-02-28T10:15:51.3854334Z  create mode 100755 audit/kube/cluster-report-20260227-231705.md
job-core	Create database MongoDB	2026-02-28T10:15:51.3871346Z  create mode 100755 audit/kube/cluster-report-20260227-231852.json
job-core	Create database MongoDB	2026-02-28T10:15:51.3871892Z  create mode 100755 audit/kube/cluster-report-20260227-231852.md
job-core	Create database MongoDB	2026-02-28T10:15:51.3872361Z  create mode 100755 audit/kube/cluster-report-20260228-010225.json
job-core	Create database MongoDB	2026-02-28T10:15:51.3886020Z  create mode 100755 audit/kube/cluster-report-20260228-010225.md
job-core	Create database MongoDB	2026-02-28T10:15:51.3886665Z  create mode 100755 audit/kube/cluster-report-20260228-011152.json
job-core	Create database MongoDB	2026-02-28T10:15:51.3887132Z  create mode 100755 audit/kube/cluster-report-20260228-011152.md
job-core	Create database MongoDB	2026-02-28T10:15:51.3887631Z  create mode 100755 audit/kube/cluster-report-20260228-034723.json
job-core	Create database MongoDB	2026-02-28T10:15:51.3888104Z  create mode 100755 audit/kube/cluster-report-20260228-034723.md
job-core	Create database MongoDB	2026-02-28T10:15:51.3888563Z  create mode 100755 audit/kube/cluster-report-20260228-034805.json
job-core	Create database MongoDB	2026-02-28T10:15:51.3889030Z  create mode 100755 audit/kube/cluster-report-20260228-034805.md
job-core	Create database MongoDB	2026-02-28T10:15:51.3889495Z  create mode 100755 audit/kube/cluster-report-20260228-044846.json
job-core	Create database MongoDB	2026-02-28T10:15:51.3889957Z  create mode 100755 audit/kube/cluster-report-20260228-044846.md
job-core	Create database MongoDB	2026-02-28T10:15:51.3890748Z  create mode 100755 audit/kube/cluster-report-20260228-044920.json
job-core	Create database MongoDB	2026-02-28T10:15:51.3891200Z  create mode 100755 audit/kube/cluster-report-20260228-044920.md
job-core	Create database MongoDB	2026-02-28T10:15:51.3891644Z  create mode 100755 audit/kube/cluster-report-20260228-052708.json
job-core	Create database MongoDB	2026-02-28T10:15:51.3892098Z  create mode 100755 audit/kube/cluster-report-20260228-052708.md
job-core	Create database MongoDB	2026-02-28T10:15:51.3892554Z  create mode 100755 audit/kube/cluster-report-20260228-052812.json
job-core	Create database MongoDB	2026-02-28T10:15:51.3893008Z  create mode 100755 audit/kube/cluster-report-20260228-052812.md
job-core	Create database MongoDB	2026-02-28T10:15:51.3893457Z  create mode 100755 audit/kube/cluster-report-20260228-062523.json
job-core	Create database MongoDB	2026-02-28T10:15:51.3893912Z  create mode 100755 audit/kube/cluster-report-20260228-062523.md
job-core	Create database MongoDB	2026-02-28T10:15:51.3894360Z  create mode 100755 audit/kube/cluster-report-20260228-062802.json
job-core	Create database MongoDB	2026-02-28T10:15:51.3905186Z  create mode 100755 audit/kube/cluster-report-20260228-062802.md
job-core	Create database MongoDB	2026-02-28T10:15:51.3905686Z  create mode 100755 audit/kube/cluster-report-20260228-072037.json
job-core	Create database MongoDB	2026-02-28T10:15:51.3906173Z  create mode 100755 audit/kube/cluster-report-20260228-072037.md
job-core	Create database MongoDB	2026-02-28T10:15:51.3906631Z  create mode 100755 audit/kube/cluster-report-20260228-072054.json
job-core	Create database MongoDB	2026-02-28T10:15:51.3907084Z  create mode 100755 audit/kube/cluster-report-20260228-072054.md
job-core	Create database MongoDB	2026-02-28T10:15:51.3907545Z  create mode 100755 audit/kube/cluster-report-20260228-081822.json
job-core	Create database MongoDB	2026-02-28T10:15:51.3908328Z  create mode 100755 audit/kube/cluster-report-20260228-081822.md
job-core	Create database MongoDB	2026-02-28T10:15:51.3908778Z  create mode 100755 audit/kube/cluster-report-20260228-081958.json
job-core	Create database MongoDB	2026-02-28T10:15:51.3909231Z  create mode 100755 audit/kube/cluster-report-20260228-081958.md
job-core	Create database MongoDB	2026-02-28T10:15:51.3909682Z  create mode 100755 audit/kube/cluster-report-20260228-091755.json
job-core	Create database MongoDB	2026-02-28T10:15:51.3910133Z  create mode 100755 audit/kube/cluster-report-20260228-091755.md
job-core	Create database MongoDB	2026-02-28T10:15:51.3910579Z  create mode 100755 audit/kube/cluster-report-20260228-101451.json
job-core	Create database MongoDB	2026-02-28T10:15:51.3911028Z  create mode 100755 audit/kube/cluster-report-20260228-101451.md
job-core	Create database MongoDB	2026-02-28T10:15:51.3949981Z [Ka0s] Uploading files to MongoDB update repository ...
job-core	Create database MongoDB	2026-02-28T10:15:51.4364829Z [main 04ba73c20] [Ka0S] Uploading Autom add docs to MongoDB...
job-core	Create database MongoDB	2026-02-28T10:15:51.4365540Z  15 files changed, 39734 deletions(-)
job-core	Create database MongoDB	2026-02-28T10:15:51.4365851Z  delete mode 100644 audit/inspector/22517870975.json
job-core	Create database MongoDB	2026-02-28T10:15:51.4366191Z  delete mode 100644 audit/inspector/22517870975.log
job-core	Create database MongoDB	2026-02-28T10:15:51.4366553Z  delete mode 100644 audit/inspector/22517893462.json
job-core	Create database MongoDB	2026-02-28T10:15:51.4366880Z  delete mode 100644 audit/inspector/22517893462.log
job-core	Create database MongoDB	2026-02-28T10:15:51.4367207Z  delete mode 100644 audit/inspector/22517909822.json
job-core	Create database MongoDB	2026-02-28T10:15:51.4367532Z  delete mode 100644 audit/inspector/22517909822.log
job-core	Create database MongoDB	2026-02-28T10:15:51.4367861Z  delete mode 100644 audit/inspector/22518163792.json
job-core	Create database MongoDB	2026-02-28T10:15:51.4368187Z  delete mode 100644 audit/inspector/22518163792.log
job-core	Create database MongoDB	2026-02-28T10:15:51.4368521Z  delete mode 100644 audit/inspector/22518295231.json
job-core	Create database MongoDB	2026-02-28T10:15:51.4368858Z  delete mode 100644 audit/inspector/22518295231.log
job-core	Create database MongoDB	2026-02-28T10:15:51.4369245Z  delete mode 100755 audit/kube/cluster-dashboard-20260228-091857.html
job-core	Create database MongoDB	2026-02-28T10:15:51.4369700Z  delete mode 100755 audit/kube/cluster-report-20260228-091857.json
job-core	Create database MongoDB	2026-02-28T10:15:51.4370130Z  delete mode 100755 audit/kube/cluster-report-20260228-091857.md
job-core	Create database MongoDB	2026-02-28T10:15:51.4370507Z  delete mode 100755 audit/kube/failed_pods.json
job-core	Create database MongoDB	2026-02-28T10:15:51.4370831Z  delete mode 100644 audit/mongodb/22518163792.json
job-core	Create database MongoDB	2026-02-28T10:15:52.3875699Z To https://github.com/Ka0s-Klaus/ka0s
job-core	Create database MongoDB	2026-02-28T10:15:52.3877428Z    36b2ce3f0..04ba73c20  main -> main
job-core	Upload report	ï»¿2026-02-28T10:15:52.4558703Z ##[group]Run actions/upload-artifact@v4
job-core	Upload report	2026-02-28T10:15:52.4559061Z with:
job-core	Upload report	2026-02-28T10:15:52.4559279Z   name: mongo-setup-report
job-core	Upload report	2026-02-28T10:15:52.4559532Z   path: audit/mongodb/
job-core	Upload report	2026-02-28T10:15:52.4559775Z   if-no-files-found: warn
job-core	Upload report	2026-02-28T10:15:52.4560018Z   compression-level: 6
job-core	Upload report	2026-02-28T10:15:52.4560244Z   overwrite: false
job-core	Upload report	2026-02-28T10:15:52.4560762Z   include-hidden-files: false
job-core	Upload report	2026-02-28T10:15:52.4561002Z env:
job-core	Upload report	2026-02-28T10:15:52.4561190Z   PYTHON_VERSION: 3.9
job-core	Upload report	2026-02-28T10:15:52.4562238Z   MONGO_SUPERUSER_CONNECTION: ***
job-core	Upload report	2026-02-28T10:15:52.4562677Z   MONGO_NEW_PASS: ***
job-core	Upload report	2026-02-28T10:15:52.4563037Z   MONGO_SCRIPT_CREATE: devops/core/mongo/scripts/add-doc-to-db.py
job-core	Upload report	2026-02-28T10:15:52.4563456Z   KAOS_CODE: 22518758442
job-core	Upload report	2026-02-28T10:15:52.4563742Z   KAOS_MODULE: [Ka0s] Autom add docs to MongoDB
job-core	Upload report	2026-02-28T10:15:52.4564046Z   REPORT_SCAN: audit/
job-core	Upload report	2026-02-28T10:15:52.4564285Z   REPORT_PATH: audit/mongodb/
job-core	Upload report	2026-02-28T10:15:52.4574972Z   REPORT_FILENAME: mongo_setup_22518758442.json
job-core	Upload report	2026-02-28T10:15:52.4575526Z   REPORT_FILENAME_LIST: mongo_list_22518758442.json
job-core	Upload report	2026-02-28T10:15:52.4575897Z   REPORT_FILENAME_DB: mongo_create_db_22518758442.json
job-core	Upload report	2026-02-28T10:15:52.4576213Z   GITHUB_OUTPUT: 
job-core	Upload report	2026-02-28T10:15:52.4576510Z   pythonLocation: /home/runner/_work/_tool/Python/3.9.25/x64
job-core	Upload report	2026-02-28T10:15:52.4576977Z   PKG_CONFIG_PATH: /home/runner/_work/_tool/Python/3.9.25/x64/lib/pkgconfig
job-core	Upload report	2026-02-28T10:15:52.4577461Z   Python_ROOT_DIR: /home/runner/_work/_tool/Python/3.9.25/x64
job-core	Upload report	2026-02-28T10:15:52.4577892Z   Python2_ROOT_DIR: /home/runner/_work/_tool/Python/3.9.25/x64
job-core	Upload report	2026-02-28T10:15:52.4578312Z   Python3_ROOT_DIR: /home/runner/_work/_tool/Python/3.9.25/x64
job-core	Upload report	2026-02-28T10:15:52.4578750Z   LD_LIBRARY_PATH: /home/runner/_work/_tool/Python/3.9.25/x64/lib
job-core	Upload report	2026-02-28T10:15:52.4579118Z ##[endgroup]
job-core	Upload report	2026-02-28T10:15:53.1617272Z With the provided path, there will be 1 file uploaded
job-core	Upload report	2026-02-28T10:15:53.1635364Z Artifact name is valid!
job-core	Upload report	2026-02-28T10:15:53.1649698Z Root directory input is valid!
job-core	Upload report	2026-02-28T10:15:53.6282329Z Beginning upload of artifact content to blob storage
job-core	Upload report	2026-02-28T10:15:54.1195666Z Uploaded bytes 165
job-core	Upload report	2026-02-28T10:15:54.2325649Z Finished uploading artifact content to blob storage!
job-core	Upload report	2026-02-28T10:15:54.2329712Z SHA256 digest of uploaded artifact zip is 32e9ddef526c0433457a01843ddf3da0c0e7ce27d1bd23a103eee60f5425fc4d
job-core	Upload report	2026-02-28T10:15:54.2331872Z Finalizing artifact upload
job-core	Upload report	2026-02-28T10:15:54.4995220Z Artifact mongo-setup-report.zip successfully finalized. Artifact ID 5702657555
job-core	Upload report	2026-02-28T10:15:54.4996007Z Artifact mongo-setup-report has been successfully uploaded! Final size is 165 bytes. Artifact ID is 5702657555
job-core	Upload report	2026-02-28T10:15:54.4996838Z Artifact download URL: https://github.com/Ka0s-Klaus/ka0s/actions/runs/22518758442/artifacts/5702657555
job-core	Post Set up Python	ï»¿2026-02-28T10:15:54.5082878Z Post job cleanup.
job-core	Post Checkout code	ï»¿2026-02-28T10:15:54.7751450Z Post job cleanup.
job-core	Post Checkout code	2026-02-28T10:15:54.9055375Z [command]/usr/bin/git version
job-core	Post Checkout code	2026-02-28T10:15:54.9120508Z git version 2.53.0
job-core	Post Checkout code	2026-02-28T10:15:54.9195382Z Copying '/home/runner/.gitconfig' to '/home/runner/_work/_temp/d0a8e23f-e77a-464c-b864-adc2f6f7079c/.gitconfig'
job-core	Post Checkout code	2026-02-28T10:15:54.9224344Z Temporarily overriding HOME='/home/runner/_work/_temp/d0a8e23f-e77a-464c-b864-adc2f6f7079c' before making global git config changes
job-core	Post Checkout code	2026-02-28T10:15:54.9227763Z Adding repository directory to the temporary git global config as a safe directory
job-core	Post Checkout code	2026-02-28T10:15:54.9244212Z [command]/usr/bin/git config --global --add safe.directory /home/runner/_work/ka0s/ka0s
job-core	Post Checkout code	2026-02-28T10:15:54.9367589Z [command]/usr/bin/git config --local --name-only --get-regexp core\.sshCommand
job-core	Post Checkout code	2026-02-28T10:15:54.9457926Z [command]/usr/bin/git submodule foreach --recursive sh -c "git config --local --name-only --get-regexp 'core\.sshCommand' && git config --local --unset-all 'core.sshCommand' || :"
job-core	Post Checkout code	2026-02-28T10:15:54.9927841Z [command]/usr/bin/git config --local --name-only --get-regexp http\.https\:\/\/github\.com\/\.extraheader
job-core	Post Checkout code	2026-02-28T10:15:54.9976491Z http.https://github.com/.extraheader
job-core	Post Checkout code	2026-02-28T10:15:55.0021967Z [command]/usr/bin/git config --local --unset-all http.https://github.com/.extraheader
job-core	Post Checkout code	2026-02-28T10:15:55.0089220Z [command]/usr/bin/git submodule foreach --recursive sh -c "git config --local --name-only --get-regexp 'http\.https\:\/\/github\.com\/\.extraheader' && git config --local --unset-all 'http.https://github.com/.extraheader' || :"
job-core	Post Checkout code	2026-02-28T10:15:55.0777647Z [command]/usr/bin/git config --local --name-only --get-regexp ^includeIf\.gitdir:
job-core	Post Checkout code	2026-02-28T10:15:55.0867981Z [command]/usr/bin/git submodule foreach --recursive git config --local --show-origin --name-only --get-regexp remote.origin.url
job-core	Complete job	ï»¿2026-02-28T10:15:55.1438191Z Cleaning up orphan processes
handle-success	Set up job	ï»¿2026-02-28T10:16:08.3887846Z Current runner version: '2.332.0'
handle-success	Set up job	2026-02-28T10:16:08.3896919Z Runner name: 'swarm-runners-scaleset-hkss5-runner-sl5vx'
handle-success	Set up job	2026-02-28T10:16:08.3897926Z Runner group name: 'Default'
handle-success	Set up job	2026-02-28T10:16:08.3899454Z Machine name: 'swarm-runners-scaleset-hkss5-runner-sl5vx'
handle-success	Set up job	2026-02-28T10:16:08.3903486Z ##[group]GITHUB_TOKEN Permissions
handle-success	Set up job	2026-02-28T10:16:08.3906636Z Actions: write
handle-success	Set up job	2026-02-28T10:16:08.3907344Z Contents: write
handle-success	Set up job	2026-02-28T10:16:08.3908240Z Issues: write
handle-success	Set up job	2026-02-28T10:16:08.3908806Z Metadata: read
handle-success	Set up job	2026-02-28T10:16:08.3909382Z PullRequests: write
handle-success	Set up job	2026-02-28T10:16:08.3910032Z ##[endgroup]
handle-success	Set up job	2026-02-28T10:16:08.3912872Z Secret source: Actions
handle-success	Set up job	2026-02-28T10:16:08.3913697Z Prepare workflow directory
handle-success	Set up job	2026-02-28T10:16:08.4570821Z Prepare all required actions
handle-success	Set up job	2026-02-28T10:16:08.4624950Z Getting action download info
handle-success	Set up job	2026-02-28T10:16:09.0951444Z Download action repository 'actions/checkout@v4' (SHA:34e114876b0b11c390a56381ad16ebd13914f8d5)
handle-success	Set up job	2026-02-28T10:16:10.1860206Z Complete job name: handle-success
handle-success	Checkout code	ï»¿2026-02-28T10:16:10.2920260Z ##[group]Run actions/checkout@v4
handle-success	Checkout code	2026-02-28T10:16:10.2921201Z with:
handle-success	Checkout code	2026-02-28T10:16:10.2921608Z   fetch-depth: 0
handle-success	Checkout code	2026-02-28T10:16:10.2922041Z   repository: Ka0s-Klaus/ka0s
handle-success	Checkout code	2026-02-28T10:16:10.2922766Z   token: ***
handle-success	Checkout code	2026-02-28T10:16:10.2923167Z   ssh-strict: true
handle-success	Checkout code	2026-02-28T10:16:10.2923589Z   ssh-user: git
handle-success	Checkout code	2026-02-28T10:16:10.2924006Z   persist-credentials: true
handle-success	Checkout code	2026-02-28T10:16:10.2924460Z   clean: true
handle-success	Checkout code	2026-02-28T10:16:10.2925726Z   sparse-checkout-cone-mode: true
handle-success	Checkout code	2026-02-28T10:16:10.2926246Z   fetch-tags: false
handle-success	Checkout code	2026-02-28T10:16:10.2926679Z   show-progress: true
handle-success	Checkout code	2026-02-28T10:16:10.2927112Z   lfs: false
handle-success	Checkout code	2026-02-28T10:16:10.2927499Z   submodules: false
handle-success	Checkout code	2026-02-28T10:16:10.2927930Z   set-safe-directory: true
handle-success	Checkout code	2026-02-28T10:16:10.2928711Z env:
handle-success	Checkout code	2026-02-28T10:16:10.2929108Z   PYTHON_VERSION: 3.9
handle-success	Checkout code	2026-02-28T10:16:10.2930290Z   MONGO_SUPERUSER_CONNECTION: ***
handle-success	Checkout code	2026-02-28T10:16:10.2930965Z   MONGO_NEW_PASS: ***
handle-success	Checkout code	2026-02-28T10:16:10.2931549Z   MONGO_SCRIPT_CREATE: devops/core/mongo/scripts/add-doc-to-db.py
handle-success	Checkout code	2026-02-28T10:16:10.2932275Z   KAOS_CODE: 22518758442
handle-success	Checkout code	2026-02-28T10:16:10.2932768Z   KAOS_MODULE: [Ka0s] Autom add docs to MongoDB
handle-success	Checkout code	2026-02-28T10:16:10.2933321Z   REPORT_SCAN: audit/
handle-success	Checkout code	2026-02-28T10:16:10.2933757Z   REPORT_PATH: audit/mongodb/
handle-success	Checkout code	2026-02-28T10:16:10.2934283Z   REPORT_FILENAME: mongo_setup_22518758442.json
handle-success	Checkout code	2026-02-28T10:16:10.2935042Z   REPORT_FILENAME_LIST: mongo_list_22518758442.json
handle-success	Checkout code	2026-02-28T10:16:10.2935691Z   REPORT_FILENAME_DB: mongo_create_db_22518758442.json
handle-success	Checkout code	2026-02-28T10:16:10.2936264Z ##[endgroup]
handle-success	Checkout code	2026-02-28T10:16:10.6304402Z Syncing repository: Ka0s-Klaus/ka0s
handle-success	Checkout code	2026-02-28T10:16:10.6316897Z ##[group]Getting Git version info
handle-success	Checkout code	2026-02-28T10:16:10.6317562Z Working directory is '/home/runner/_work/ka0s/ka0s'
handle-success	Checkout code	2026-02-28T10:16:10.6318453Z [command]/usr/bin/git version
handle-success	Checkout code	2026-02-28T10:16:10.6318927Z git version 2.53.0
handle-success	Checkout code	2026-02-28T10:16:10.6320414Z ##[endgroup]
handle-success	Checkout code	2026-02-28T10:16:10.6331694Z Temporarily overriding HOME='/home/runner/_work/_temp/a4111564-a264-4383-994a-f85e0bd780b8' before making global git config changes
handle-success	Checkout code	2026-02-28T10:16:10.6333102Z Adding repository directory to the temporary git global config as a safe directory
handle-success	Checkout code	2026-02-28T10:16:10.6334122Z [command]/usr/bin/git config --global --add safe.directory /home/runner/_work/ka0s/ka0s
handle-success	Checkout code	2026-02-28T10:16:10.6475904Z Deleting the contents of '/home/runner/_work/ka0s/ka0s'
handle-success	Checkout code	2026-02-28T10:16:10.6506626Z ##[group]Initializing the repository
handle-success	Checkout code	2026-02-28T10:16:10.6516040Z [command]/usr/bin/git init /home/runner/_work/ka0s/ka0s
handle-success	Checkout code	2026-02-28T10:16:10.6546953Z hint: Using 'master' as the name for the initial branch. This default branch name
handle-success	Checkout code	2026-02-28T10:16:10.6567197Z hint: will change to "main" in Git 3.0. To configure the initial branch name
handle-success	Checkout code	2026-02-28T10:16:10.6570144Z hint: to use in all of your new repositories, which will suppress this warning,
handle-success	Checkout code	2026-02-28T10:16:10.6571903Z hint: call:
handle-success	Checkout code	2026-02-28T10:16:10.6575249Z hint:
handle-success	Checkout code	2026-02-28T10:16:10.6576502Z hint: 	git config --global init.defaultBranch <name>
handle-success	Checkout code	2026-02-28T10:16:10.6577398Z hint:
handle-success	Checkout code	2026-02-28T10:16:10.6579962Z hint: Names commonly chosen instead of 'master' are 'main', 'trunk' and
handle-success	Checkout code	2026-02-28T10:16:10.6583061Z hint: 'development'. The just-created branch can be renamed via this command:
handle-success	Checkout code	2026-02-28T10:16:10.6584098Z hint:
handle-success	Checkout code	2026-02-28T10:16:10.6587130Z hint: 	git branch -m <name>
handle-success	Checkout code	2026-02-28T10:16:10.6588289Z hint:
handle-success	Checkout code	2026-02-28T10:16:10.6589972Z hint: Disable this message with "git config set advice.defaultBranchName false"
handle-success	Checkout code	2026-02-28T10:16:10.6591498Z Initialized empty Git repository in /home/runner/_work/ka0s/ka0s/.git/
handle-success	Checkout code	2026-02-28T10:16:10.6626679Z [command]/usr/bin/git remote add origin https://github.com/Ka0s-Klaus/ka0s
handle-success	Checkout code	2026-02-28T10:16:10.6717670Z ##[endgroup]
handle-success	Checkout code	2026-02-28T10:16:10.6718841Z ##[group]Disabling automatic garbage collection
handle-success	Checkout code	2026-02-28T10:16:10.6720893Z [command]/usr/bin/git config --local gc.auto 0
handle-success	Checkout code	2026-02-28T10:16:10.6778331Z ##[endgroup]
handle-success	Checkout code	2026-02-28T10:16:10.6780025Z ##[group]Setting up auth
handle-success	Checkout code	2026-02-28T10:16:10.6790089Z [command]/usr/bin/git config --local --name-only --get-regexp core\.sshCommand
handle-success	Checkout code	2026-02-28T10:16:10.6849994Z [command]/usr/bin/git submodule foreach --recursive sh -c "git config --local --name-only --get-regexp 'core\.sshCommand' && git config --local --unset-all 'core.sshCommand' || :"
handle-success	Checkout code	2026-02-28T10:16:10.7698914Z [command]/usr/bin/git config --local --name-only --get-regexp http\.https\:\/\/github\.com\/\.extraheader
handle-success	Checkout code	2026-02-28T10:16:10.7816448Z [command]/usr/bin/git submodule foreach --recursive sh -c "git config --local --name-only --get-regexp 'http\.https\:\/\/github\.com\/\.extraheader' && git config --local --unset-all 'http.https://github.com/.extraheader' || :"
handle-success	Checkout code	2026-02-28T10:16:10.8557276Z [command]/usr/bin/git config --local --name-only --get-regexp ^includeIf\.gitdir:
handle-success	Checkout code	2026-02-28T10:16:10.8909673Z [command]/usr/bin/git submodule foreach --recursive git config --local --show-origin --name-only --get-regexp remote.origin.url
handle-success	Checkout code	2026-02-28T10:16:10.9606911Z [command]/usr/bin/git config --local http.https://github.com/.extraheader AUTHORIZATION: basic ***
handle-success	Checkout code	2026-02-28T10:16:10.9716685Z ##[endgroup]
handle-success	Checkout code	2026-02-28T10:16:10.9725659Z ##[group]Fetching the repository
handle-success	Checkout code	2026-02-28T10:16:10.9734082Z [command]/usr/bin/git -c protocol.version=2 fetch --prune --no-recurse-submodules origin +refs/heads/*:refs/remotes/origin/* +refs/tags/*:refs/tags/*
handle-success	Checkout code	2026-02-28T10:16:37.0094375Z From https://github.com/Ka0s-Klaus/ka0s
handle-success	Checkout code	2026-02-28T10:16:37.0095844Z  * [new branch]          F3450-modelo-operativo -> origin/F3450-modelo-operativo
handle-success	Checkout code	2026-02-28T10:16:37.0097380Z  * [new branch]          H1276-modulo-observabilidad -> origin/H1276-modulo-observabilidad
handle-success	Checkout code	2026-02-28T10:16:37.0098166Z  * [new branch]          H3596-deploy-itop      -> origin/H3596-deploy-itop
handle-success	Checkout code	2026-02-28T10:16:37.0098976Z  * [new branch]          H4170-flujo-detallado-zabbix---github -> origin/H4170-flujo-detallado-zabbix---github
handle-success	Checkout code	2026-02-28T10:16:37.0099801Z  * [new branch]          H4191-request-cambios  -> origin/H4191-request-cambios
handle-success	Checkout code	2026-02-28T10:16:37.0100784Z  * [new branch]          H4200-request-recomendaciones-de-auditoria -> origin/H4200-request-recomendaciones-de-auditoria
handle-success	Checkout code	2026-02-28T10:16:37.0106209Z  * [new branch]          main                   -> origin/main
handle-success	Checkout code	2026-02-28T10:16:37.0106663Z  * [new tag]             0.0.0                  -> 0.0.0
handle-success	Checkout code	2026-02-28T10:16:37.0107115Z  * [new tag]             0.0.1                  -> 0.0.1
handle-success	Checkout code	2026-02-28T10:16:37.0107504Z  * [new tag]             0.0.10                 -> 0.0.10
handle-success	Checkout code	2026-02-28T10:16:37.0107929Z  * [new tag]             0.0.100                -> 0.0.100
handle-success	Checkout code	2026-02-28T10:16:37.0108324Z  * [new tag]             0.0.101                -> 0.0.101
handle-success	Checkout code	2026-02-28T10:16:37.0108711Z  * [new tag]             0.0.102                -> 0.0.102
handle-success	Checkout code	2026-02-28T10:16:37.0109140Z  * [new tag]             0.0.103                -> 0.0.103
handle-success	Checkout code	2026-02-28T10:16:37.0109580Z  * [new tag]             0.0.104                -> 0.0.104
handle-success	Checkout code	2026-02-28T10:16:37.0109977Z  * [new tag]             0.0.105                -> 0.0.105
handle-success	Checkout code	2026-02-28T10:16:37.0110367Z  * [new tag]             0.0.106                -> 0.0.106
handle-success	Checkout code	2026-02-28T10:16:37.0111350Z  * [new tag]             0.0.107                -> 0.0.107
handle-success	Checkout code	2026-02-28T10:16:37.0111764Z  * [new tag]             0.0.108                -> 0.0.108
handle-success	Checkout code	2026-02-28T10:16:37.0112149Z  * [new tag]             0.0.109                -> 0.0.109
handle-success	Checkout code	2026-02-28T10:16:37.0112533Z  * [new tag]             0.0.11                 -> 0.0.11
handle-success	Checkout code	2026-02-28T10:16:37.0112956Z  * [new tag]             0.0.110                -> 0.0.110
handle-success	Checkout code	2026-02-28T10:16:37.0113348Z  * [new tag]             0.0.111                -> 0.0.111
handle-success	Checkout code	2026-02-28T10:16:37.0113736Z  * [new tag]             0.0.112                -> 0.0.112
handle-success	Checkout code	2026-02-28T10:16:37.0114132Z  * [new tag]             0.0.113                -> 0.0.113
handle-success	Checkout code	2026-02-28T10:16:37.0122047Z  * [new tag]             0.0.114                -> 0.0.114
handle-success	Checkout code	2026-02-28T10:16:37.0122624Z  * [new tag]             0.0.115                -> 0.0.115
handle-success	Checkout code	2026-02-28T10:16:37.0123141Z  * [new tag]             0.0.116                -> 0.0.116
handle-success	Checkout code	2026-02-28T10:16:37.0123608Z  * [new tag]             0.0.117                -> 0.0.117
handle-success	Checkout code	2026-02-28T10:16:37.0124788Z  * [new tag]             0.0.118                -> 0.0.118
handle-success	Checkout code	2026-02-28T10:16:37.0125188Z  * [new tag]             0.0.119                -> 0.0.119
handle-success	Checkout code	2026-02-28T10:16:37.0125582Z  * [new tag]             0.0.12                 -> 0.0.12
handle-success	Checkout code	2026-02-28T10:16:37.0125986Z  * [new tag]             0.0.120                -> 0.0.120
handle-success	Checkout code	2026-02-28T10:16:37.0126380Z  * [new tag]             0.0.121                -> 0.0.121
handle-success	Checkout code	2026-02-28T10:16:37.0126771Z  * [new tag]             0.0.122                -> 0.0.122
handle-success	Checkout code	2026-02-28T10:16:37.0127170Z  * [new tag]             0.0.123                -> 0.0.123
handle-success	Checkout code	2026-02-28T10:16:37.0127569Z  * [new tag]             0.0.124                -> 0.0.124
handle-success	Checkout code	2026-02-28T10:16:37.0127972Z  * [new tag]             0.0.125                -> 0.0.125
handle-success	Checkout code	2026-02-28T10:16:37.0128383Z  * [new tag]             0.0.126                -> 0.0.126
handle-success	Checkout code	2026-02-28T10:16:37.0128810Z  * [new tag]             0.0.127                -> 0.0.127
handle-success	Checkout code	2026-02-28T10:16:37.0129219Z  * [new tag]             0.0.128                -> 0.0.128
handle-success	Checkout code	2026-02-28T10:16:37.0129692Z  * [new tag]             0.0.129                -> 0.0.129
handle-success	Checkout code	2026-02-28T10:16:37.0130086Z  * [new tag]             0.0.13                 -> 0.0.13
handle-success	Checkout code	2026-02-28T10:16:37.0130471Z  * [new tag]             0.0.130                -> 0.0.130
handle-success	Checkout code	2026-02-28T10:16:37.0130865Z  * [new tag]             0.0.131                -> 0.0.131
handle-success	Checkout code	2026-02-28T10:16:37.0131250Z  * [new tag]             0.0.132                -> 0.0.132
handle-success	Checkout code	2026-02-28T10:16:37.0131644Z  * [new tag]             0.0.133                -> 0.0.133
handle-success	Checkout code	2026-02-28T10:16:37.0132052Z  * [new tag]             0.0.134                -> 0.0.134
handle-success	Checkout code	2026-02-28T10:16:37.0132450Z  * [new tag]             0.0.135                -> 0.0.135
handle-success	Checkout code	2026-02-28T10:16:37.0132837Z  * [new tag]             0.0.136                -> 0.0.136
handle-success	Checkout code	2026-02-28T10:16:37.0133237Z  * [new tag]             0.0.137                -> 0.0.137
handle-success	Checkout code	2026-02-28T10:16:37.0133631Z  * [new tag]             0.0.138                -> 0.0.138
handle-success	Checkout code	2026-02-28T10:16:37.0134045Z  * [new tag]             0.0.139                -> 0.0.139
handle-success	Checkout code	2026-02-28T10:16:37.0134466Z  * [new tag]             0.0.14                 -> 0.0.14
handle-success	Checkout code	2026-02-28T10:16:37.0134961Z  * [new tag]             0.0.140                -> 0.0.140
handle-success	Checkout code	2026-02-28T10:16:37.0209502Z  * [new tag]             0.0.141                -> 0.0.141
handle-success	Checkout code	2026-02-28T10:16:37.0210635Z  * [new tag]             0.0.142                -> 0.0.142
handle-success	Checkout code	2026-02-28T10:16:37.0211066Z  * [new tag]             0.0.143                -> 0.0.143
handle-success	Checkout code	2026-02-28T10:16:37.0211477Z  * [new tag]             0.0.144                -> 0.0.144
handle-success	Checkout code	2026-02-28T10:16:37.0211865Z  * [new tag]             0.0.145                -> 0.0.145
handle-success	Checkout code	2026-02-28T10:16:37.0212325Z  * [new tag]             0.0.146                -> 0.0.146
handle-success	Checkout code	2026-02-28T10:16:37.0212872Z  * [new tag]             0.0.147                -> 0.0.147
handle-success	Checkout code	2026-02-28T10:16:37.0213254Z  * [new tag]             0.0.148                -> 0.0.148
handle-success	Checkout code	2026-02-28T10:16:37.0213651Z  * [new tag]             0.0.149                -> 0.0.149
handle-success	Checkout code	2026-02-28T10:16:37.0214448Z  * [new tag]             0.0.15                 -> 0.0.15
handle-success	Checkout code	2026-02-28T10:16:37.0215020Z  * [new tag]             0.0.150                -> 0.0.150
handle-success	Checkout code	2026-02-28T10:16:37.0215518Z  * [new tag]             0.0.151                -> 0.0.151
handle-success	Checkout code	2026-02-28T10:16:37.0215894Z  * [new tag]             0.0.152                -> 0.0.152
handle-success	Checkout code	2026-02-28T10:16:37.0216261Z  * [new tag]             0.0.153                -> 0.0.153
handle-success	Checkout code	2026-02-28T10:16:37.0216628Z  * [new tag]             0.0.154                -> 0.0.154
handle-success	Checkout code	2026-02-28T10:16:37.0216998Z  * [new tag]             0.0.155                -> 0.0.155
handle-success	Checkout code	2026-02-28T10:16:37.0217369Z  * [new tag]             0.0.156                -> 0.0.156
handle-success	Checkout code	2026-02-28T10:16:37.0217737Z  * [new tag]             0.0.157                -> 0.0.157
handle-success	Checkout code	2026-02-28T10:16:37.0218109Z  * [new tag]             0.0.158                -> 0.0.158
handle-success	Checkout code	2026-02-28T10:16:37.0218471Z  * [new tag]             0.0.159                -> 0.0.159
handle-success	Checkout code	2026-02-28T10:16:37.0218840Z  * [new tag]             0.0.16                 -> 0.0.16
handle-success	Checkout code	2026-02-28T10:16:37.0219453Z  * [new tag]             0.0.160                -> 0.0.160
handle-success	Checkout code	2026-02-28T10:16:37.0219826Z  * [new tag]             0.0.161                -> 0.0.161
handle-success	Checkout code	2026-02-28T10:16:37.0220198Z  * [new tag]             0.0.162                -> 0.0.162
handle-success	Checkout code	2026-02-28T10:16:37.0220564Z  * [new tag]             0.0.163                -> 0.0.163
handle-success	Checkout code	2026-02-28T10:16:37.0220930Z  * [new tag]             0.0.164                -> 0.0.164
handle-success	Checkout code	2026-02-28T10:16:37.0221292Z  * [new tag]             0.0.165                -> 0.0.165
handle-success	Checkout code	2026-02-28T10:16:37.0221662Z  * [new tag]             0.0.166                -> 0.0.166
handle-success	Checkout code	2026-02-28T10:16:37.0222033Z  * [new tag]             0.0.167                -> 0.0.167
handle-success	Checkout code	2026-02-28T10:16:37.0222558Z  * [new tag]             0.0.168                -> 0.0.168
handle-success	Checkout code	2026-02-28T10:16:37.0222942Z  * [new tag]             0.0.169                -> 0.0.169
handle-success	Checkout code	2026-02-28T10:16:37.0223331Z  * [new tag]             0.0.17                 -> 0.0.17
handle-success	Checkout code	2026-02-28T10:16:37.0223723Z  * [new tag]             0.0.170                -> 0.0.170
handle-success	Checkout code	2026-02-28T10:16:37.0224099Z  * [new tag]             0.0.171                -> 0.0.171
handle-success	Checkout code	2026-02-28T10:16:37.0224475Z  * [new tag]             0.0.172                -> 0.0.172
handle-success	Checkout code	2026-02-28T10:16:37.0225004Z  * [new tag]             0.0.173                -> 0.0.173
handle-success	Checkout code	2026-02-28T10:16:37.0225415Z  * [new tag]             0.0.174                -> 0.0.174
handle-success	Checkout code	2026-02-28T10:16:37.0225917Z  * [new tag]             0.0.175                -> 0.0.175
handle-success	Checkout code	2026-02-28T10:16:37.0226294Z  * [new tag]             0.0.176                -> 0.0.176
handle-success	Checkout code	2026-02-28T10:16:37.0226679Z  * [new tag]             0.0.177                -> 0.0.177
handle-success	Checkout code	2026-02-28T10:16:37.0227046Z  * [new tag]             0.0.178                -> 0.0.178
handle-success	Checkout code	2026-02-28T10:16:37.0227420Z  * [new tag]             0.0.179                -> 0.0.179
handle-success	Checkout code	2026-02-28T10:16:37.0227793Z  * [new tag]             0.0.18                 -> 0.0.18
handle-success	Checkout code	2026-02-28T10:16:37.0228172Z  * [new tag]             0.0.19                 -> 0.0.19
handle-success	Checkout code	2026-02-28T10:16:37.0228570Z  * [new tag]             0.0.2                  -> 0.0.2
handle-success	Checkout code	2026-02-28T10:16:37.0228958Z  * [new tag]             0.0.20                 -> 0.0.20
handle-success	Checkout code	2026-02-28T10:16:37.0229331Z  * [new tag]             0.0.21                 -> 0.0.21
handle-success	Checkout code	2026-02-28T10:16:37.0229709Z  * [new tag]             0.0.22                 -> 0.0.22
handle-success	Checkout code	2026-02-28T10:16:37.0230087Z  * [new tag]             0.0.23                 -> 0.0.23
handle-success	Checkout code	2026-02-28T10:16:37.0230470Z  * [new tag]             0.0.24                 -> 0.0.24
handle-success	Checkout code	2026-02-28T10:16:37.0230848Z  * [new tag]             0.0.25                 -> 0.0.25
handle-success	Checkout code	2026-02-28T10:16:37.0231220Z  * [new tag]             0.0.26                 -> 0.0.26
handle-success	Checkout code	2026-02-28T10:16:37.0231596Z  * [new tag]             0.0.27                 -> 0.0.27
handle-success	Checkout code	2026-02-28T10:16:37.0231960Z  * [new tag]             0.0.28                 -> 0.0.28
handle-success	Checkout code	2026-02-28T10:16:37.0232341Z  * [new tag]             0.0.29                 -> 0.0.29
handle-success	Checkout code	2026-02-28T10:16:37.0232715Z  * [new tag]             0.0.3                  -> 0.0.3
handle-success	Checkout code	2026-02-28T10:16:37.0233378Z  * [new tag]             0.0.30                 -> 0.0.30
handle-success	Checkout code	2026-02-28T10:16:37.0233749Z  * [new tag]             0.0.31                 -> 0.0.31
handle-success	Checkout code	2026-02-28T10:16:37.0234126Z  * [new tag]             0.0.32                 -> 0.0.32
handle-success	Checkout code	2026-02-28T10:16:37.0234567Z  * [new tag]             0.0.33                 -> 0.0.33
handle-success	Checkout code	2026-02-28T10:16:37.0235099Z  * [new tag]             0.0.34                 -> 0.0.34
handle-success	Checkout code	2026-02-28T10:16:37.0235482Z  * [new tag]             0.0.35                 -> 0.0.35
handle-success	Checkout code	2026-02-28T10:16:37.0235861Z  * [new tag]             0.0.36                 -> 0.0.36
handle-success	Checkout code	2026-02-28T10:16:37.0236256Z  * [new tag]             0.0.37                 -> 0.0.37
handle-success	Checkout code	2026-02-28T10:16:37.0236777Z  * [new tag]             0.0.38                 -> 0.0.38
handle-success	Checkout code	2026-02-28T10:16:37.0237180Z  * [new tag]             0.0.39                 -> 0.0.39
handle-success	Checkout code	2026-02-28T10:16:37.0237590Z  * [new tag]             0.0.4                  -> 0.0.4
handle-success	Checkout code	2026-02-28T10:16:37.0237970Z  * [new tag]             0.0.40                 -> 0.0.40
handle-success	Checkout code	2026-02-28T10:16:37.0238597Z  * [new tag]             0.0.41                 -> 0.0.41
handle-success	Checkout code	2026-02-28T10:16:37.0239245Z  * [new tag]             0.0.42                 -> 0.0.42
handle-success	Checkout code	2026-02-28T10:16:37.0239624Z  * [new tag]             0.0.43                 -> 0.0.43
handle-success	Checkout code	2026-02-28T10:16:37.0239991Z  * [new tag]             0.0.44                 -> 0.0.44
handle-success	Checkout code	2026-02-28T10:16:37.0240368Z  * [new tag]             0.0.45                 -> 0.0.45
handle-success	Checkout code	2026-02-28T10:16:37.0240742Z  * [new tag]             0.0.46                 -> 0.0.46
handle-success	Checkout code	2026-02-28T10:16:37.0241111Z  * [new tag]             0.0.47                 -> 0.0.47
handle-success	Checkout code	2026-02-28T10:16:37.0241472Z  * [new tag]             0.0.48                 -> 0.0.48
handle-success	Checkout code	2026-02-28T10:16:37.0241839Z  * [new tag]             0.0.49                 -> 0.0.49
handle-success	Checkout code	2026-02-28T10:16:37.0242208Z  * [new tag]             0.0.5                  -> 0.0.5
handle-success	Checkout code	2026-02-28T10:16:37.0242570Z  * [new tag]             0.0.50                 -> 0.0.50
handle-success	Checkout code	2026-02-28T10:16:37.0242959Z  * [new tag]             0.0.51                 -> 0.0.51
handle-success	Checkout code	2026-02-28T10:16:37.0243326Z  * [new tag]             0.0.52                 -> 0.0.52
handle-success	Checkout code	2026-02-28T10:16:37.0243833Z  * [new tag]             0.0.53                 -> 0.0.53
handle-success	Checkout code	2026-02-28T10:16:37.0244208Z  * [new tag]             0.0.54                 -> 0.0.54
handle-success	Checkout code	2026-02-28T10:16:37.0245309Z  * [new tag]             0.0.55                 -> 0.0.55
handle-success	Checkout code	2026-02-28T10:16:37.0245701Z  * [new tag]             0.0.56                 -> 0.0.56
handle-success	Checkout code	2026-02-28T10:16:37.0246069Z  * [new tag]             0.0.57                 -> 0.0.57
handle-success	Checkout code	2026-02-28T10:16:37.0246432Z  * [new tag]             0.0.58                 -> 0.0.58
handle-success	Checkout code	2026-02-28T10:16:37.0246799Z  * [new tag]             0.0.59                 -> 0.0.59
handle-success	Checkout code	2026-02-28T10:16:37.0247173Z  * [new tag]             0.0.6                  -> 0.0.6
handle-success	Checkout code	2026-02-28T10:16:37.0247545Z  * [new tag]             0.0.60                 -> 0.0.60
handle-success	Checkout code	2026-02-28T10:16:37.0247916Z  * [new tag]             0.0.61                 -> 0.0.61
handle-success	Checkout code	2026-02-28T10:16:37.0248304Z  * [new tag]             0.0.62                 -> 0.0.62
handle-success	Checkout code	2026-02-28T10:16:37.0248676Z  * [new tag]             0.0.63                 -> 0.0.63
handle-success	Checkout code	2026-02-28T10:16:37.0249052Z  * [new tag]             0.0.64                 -> 0.0.64
handle-success	Checkout code	2026-02-28T10:16:37.0249418Z  * [new tag]             0.0.65                 -> 0.0.65
handle-success	Checkout code	2026-02-28T10:16:37.0249791Z  * [new tag]             0.0.66                 -> 0.0.66
handle-success	Checkout code	2026-02-28T10:16:37.0250154Z  * [new tag]             0.0.67                 -> 0.0.67
handle-success	Checkout code	2026-02-28T10:16:37.0250524Z  * [new tag]             0.0.68                 -> 0.0.68
handle-success	Checkout code	2026-02-28T10:16:37.0250898Z  * [new tag]             0.0.69                 -> 0.0.69
handle-success	Checkout code	2026-02-28T10:16:37.0251266Z  * [new tag]             0.0.7                  -> 0.0.7
handle-success	Checkout code	2026-02-28T10:16:37.0251639Z  * [new tag]             0.0.70                 -> 0.0.70
handle-success	Checkout code	2026-02-28T10:16:37.0252011Z  * [new tag]             0.0.71                 -> 0.0.71
handle-success	Checkout code	2026-02-28T10:16:37.0252380Z  * [new tag]             0.0.72                 -> 0.0.72
handle-success	Checkout code	2026-02-28T10:16:37.0253001Z  * [new tag]             0.0.73                 -> 0.0.73
handle-success	Checkout code	2026-02-28T10:16:37.0253366Z  * [new tag]             0.0.74                 -> 0.0.74
handle-success	Checkout code	2026-02-28T10:16:37.0253733Z  * [new tag]             0.0.75                 -> 0.0.75
handle-success	Checkout code	2026-02-28T10:16:37.0254100Z  * [new tag]             0.0.76                 -> 0.0.76
handle-success	Checkout code	2026-02-28T10:16:37.0254747Z  * [new tag]             0.0.77                 -> 0.0.77
handle-success	Checkout code	2026-02-28T10:16:37.0255139Z  * [new tag]             0.0.78                 -> 0.0.78
handle-success	Checkout code	2026-02-28T10:16:37.0255516Z  * [new tag]             0.0.79                 -> 0.0.79
handle-success	Checkout code	2026-02-28T10:16:37.0256012Z  * [new tag]             0.0.8                  -> 0.0.8
handle-success	Checkout code	2026-02-28T10:16:37.0256373Z  * [new tag]             0.0.80                 -> 0.0.80
handle-success	Checkout code	2026-02-28T10:16:37.0256740Z  * [new tag]             0.0.81                 -> 0.0.81
handle-success	Checkout code	2026-02-28T10:16:37.0257108Z  * [new tag]             0.0.82                 -> 0.0.82
handle-success	Checkout code	2026-02-28T10:16:37.0257475Z  * [new tag]             0.0.83                 -> 0.0.83
handle-success	Checkout code	2026-02-28T10:16:37.0258081Z  * [new tag]             0.0.84                 -> 0.0.84
handle-success	Checkout code	2026-02-28T10:16:37.0258452Z  * [new tag]             0.0.85                 -> 0.0.85
handle-success	Checkout code	2026-02-28T10:16:37.0258818Z  * [new tag]             0.0.86                 -> 0.0.86
handle-success	Checkout code	2026-02-28T10:16:37.0259184Z  * [new tag]             0.0.87                 -> 0.0.87
handle-success	Checkout code	2026-02-28T10:16:37.0259556Z  * [new tag]             0.0.88                 -> 0.0.88
handle-success	Checkout code	2026-02-28T10:16:37.0259924Z  * [new tag]             0.0.89                 -> 0.0.89
handle-success	Checkout code	2026-02-28T10:16:37.0260292Z  * [new tag]             0.0.9                  -> 0.0.9
handle-success	Checkout code	2026-02-28T10:16:37.0260658Z  * [new tag]             0.0.90                 -> 0.0.90
handle-success	Checkout code	2026-02-28T10:16:37.0261025Z  * [new tag]             0.0.91                 -> 0.0.91
handle-success	Checkout code	2026-02-28T10:16:37.0261397Z  * [new tag]             0.0.92                 -> 0.0.92
handle-success	Checkout code	2026-02-28T10:16:37.0261764Z  * [new tag]             0.0.93                 -> 0.0.93
handle-success	Checkout code	2026-02-28T10:16:37.0262133Z  * [new tag]             0.0.94                 -> 0.0.94
handle-success	Checkout code	2026-02-28T10:16:37.0262514Z  * [new tag]             0.0.95                 -> 0.0.95
handle-success	Checkout code	2026-02-28T10:16:37.0262891Z  * [new tag]             0.0.96                 -> 0.0.96
handle-success	Checkout code	2026-02-28T10:16:37.0263257Z  * [new tag]             0.0.97                 -> 0.0.97
handle-success	Checkout code	2026-02-28T10:16:37.0263629Z  * [new tag]             0.0.98                 -> 0.0.98
handle-success	Checkout code	2026-02-28T10:16:37.0264000Z  * [new tag]             0.0.99                 -> 0.0.99
handle-success	Checkout code	2026-02-28T10:16:37.0264376Z  * [new tag]             0.1.0                  -> 0.1.0
handle-success	Checkout code	2026-02-28T10:16:37.0265041Z  * [new tag]             0.1.1                  -> 0.1.1
handle-success	Checkout code	2026-02-28T10:16:37.0265430Z  * [new tag]             0.2.0                  -> 0.2.0
handle-success	Checkout code	2026-02-28T10:16:37.0265923Z  * [new tag]             0.3.0                  -> 0.3.0
handle-success	Checkout code	2026-02-28T10:16:37.0266288Z  * [new tag]             0.3.1                  -> 0.3.1
handle-success	Checkout code	2026-02-28T10:16:37.0266685Z  * [new tag]             0.3.10                 -> 0.3.10
handle-success	Checkout code	2026-02-28T10:16:37.0267073Z  * [new tag]             0.3.11                 -> 0.3.11
handle-success	Checkout code	2026-02-28T10:16:37.0267445Z  * [new tag]             0.3.12                 -> 0.3.12
handle-success	Checkout code	2026-02-28T10:16:37.0267814Z  * [new tag]             0.3.13                 -> 0.3.13
handle-success	Checkout code	2026-02-28T10:16:37.0268186Z  * [new tag]             0.3.14                 -> 0.3.14
handle-success	Checkout code	2026-02-28T10:16:37.0268555Z  * [new tag]             0.3.15                 -> 0.3.15
handle-success	Checkout code	2026-02-28T10:16:37.0268922Z  * [new tag]             0.3.16                 -> 0.3.16
handle-success	Checkout code	2026-02-28T10:16:37.0269291Z  * [new tag]             0.3.17                 -> 0.3.17
handle-success	Checkout code	2026-02-28T10:16:37.0269662Z  * [new tag]             0.3.2                  -> 0.3.2
handle-success	Checkout code	2026-02-28T10:16:37.0270032Z  * [new tag]             0.3.3                  -> 0.3.3
handle-success	Checkout code	2026-02-28T10:16:37.0270398Z  * [new tag]             0.3.4                  -> 0.3.4
handle-success	Checkout code	2026-02-28T10:16:37.0270761Z  * [new tag]             0.3.5                  -> 0.3.5
handle-success	Checkout code	2026-02-28T10:16:37.0271122Z  * [new tag]             0.3.6                  -> 0.3.6
handle-success	Checkout code	2026-02-28T10:16:37.0271802Z  * [new tag]             0.3.7                  -> 0.3.7
handle-success	Checkout code	2026-02-28T10:16:37.0272174Z  * [new tag]             0.3.8                  -> 0.3.8
handle-success	Checkout code	2026-02-28T10:16:37.0272538Z  * [new tag]             0.3.9                  -> 0.3.9
handle-success	Checkout code	2026-02-28T10:16:37.0272898Z  * [new tag]             0.4.0                  -> 0.4.0
handle-success	Checkout code	2026-02-28T10:16:37.0273262Z  * [new tag]             0.4.1                  -> 0.4.1
handle-success	Checkout code	2026-02-28T10:16:37.0273631Z  * [new tag]             0.4.2                  -> 0.4.2
handle-success	Checkout code	2026-02-28T10:16:37.0273992Z  * [new tag]             0.4.3                  -> 0.4.3
handle-success	Checkout code	2026-02-28T10:16:37.0274358Z  * [new tag]             0.4.4                  -> 0.4.4
handle-success	Checkout code	2026-02-28T10:16:37.0274992Z  * [new tag]             0.4.5                  -> 0.4.5
handle-success	Checkout code	2026-02-28T10:16:37.0275374Z  * [new tag]             0.4.6                  -> 0.4.6
handle-success	Checkout code	2026-02-28T10:16:37.0275858Z  * [new tag]             0.4.7                  -> 0.4.7
handle-success	Checkout code	2026-02-28T10:16:37.0276224Z  * [new tag]             0.4.8                  -> 0.4.8
handle-success	Checkout code	2026-02-28T10:16:37.0276856Z  * [new tag]             0.4.9                  -> 0.4.9
handle-success	Checkout code	2026-02-28T10:16:37.0277227Z  * [new tag]             0.5.0                  -> 0.5.0
handle-success	Checkout code	2026-02-28T10:16:37.0277584Z  * [new tag]             0.5.1                  -> 0.5.1
handle-success	Checkout code	2026-02-28T10:16:37.0277952Z  * [new tag]             0.5.2                  -> 0.5.2
handle-success	Checkout code	2026-02-28T10:16:37.0278315Z  * [new tag]             0.6.0                  -> 0.6.0
handle-success	Checkout code	2026-02-28T10:16:37.0278676Z  * [new tag]             0.6.1                  -> 0.6.1
handle-success	Checkout code	2026-02-28T10:16:37.0279048Z  * [new tag]             0.6.2                  -> 0.6.2
handle-success	Checkout code	2026-02-28T10:16:37.0279411Z  * [new tag]             0.6.3                  -> 0.6.3
handle-success	Checkout code	2026-02-28T10:16:37.0279774Z  * [new tag]             0.6.4                  -> 0.6.4
handle-success	Checkout code	2026-02-28T10:16:37.0280135Z  * [new tag]             0.6.5                  -> 0.6.5
handle-success	Checkout code	2026-02-28T10:16:37.0280498Z  * [new tag]             0.6.6                  -> 0.6.6
handle-success	Checkout code	2026-02-28T10:16:37.0546626Z [command]/usr/bin/git branch --list --remote origin/main
handle-success	Checkout code	2026-02-28T10:16:37.0626924Z   origin/main
handle-success	Checkout code	2026-02-28T10:16:37.0639979Z [command]/usr/bin/git rev-parse refs/remotes/origin/main
handle-success	Checkout code	2026-02-28T10:16:37.0671161Z 04ba73c20f0a31305c20b190ad09283e7be689d0
handle-success	Checkout code	2026-02-28T10:16:37.0683363Z [command]/usr/bin/git -c protocol.version=2 fetch --no-tags --prune --no-recurse-submodules origin +606d861b14dbfbccb766d6c511033d95ed94c053:refs/remotes/origin/main
handle-success	Checkout code	2026-02-28T10:16:37.0883975Z From https://github.com/Ka0s-Klaus/ka0s
handle-success	Checkout code	2026-02-28T10:16:37.0887539Z  + 04ba73c20...606d861b1 606d861b14dbfbccb766d6c511033d95ed94c053 -> origin/main  (forced update)
handle-success	Checkout code	2026-02-28T10:16:37.0949063Z ##[endgroup]
handle-success	Checkout code	2026-02-28T10:16:37.0955014Z ##[group]Determining the checkout info
handle-success	Checkout code	2026-02-28T10:16:37.0955659Z ##[endgroup]
handle-success	Checkout code	2026-02-28T10:16:37.0955994Z [command]/usr/bin/git sparse-checkout disable
handle-success	Checkout code	2026-02-28T10:16:37.1013561Z [command]/usr/bin/git config --local --unset-all extensions.worktreeConfig
handle-success	Checkout code	2026-02-28T10:16:37.1056627Z ##[group]Checking out the ref
handle-success	Checkout code	2026-02-28T10:16:37.1059257Z [command]/usr/bin/git checkout --progress --force -B main refs/remotes/origin/main
handle-success	Checkout code	2026-02-28T10:16:37.3910637Z Switched to a new branch 'main'
handle-success	Checkout code	2026-02-28T10:16:37.3923057Z branch 'main' set up to track 'origin/main'.
handle-success	Checkout code	2026-02-28T10:16:37.4149909Z ##[endgroup]
handle-success	Checkout code	2026-02-28T10:16:37.4343841Z [command]/usr/bin/git log -1 --format=%H
handle-success	Checkout code	2026-02-28T10:16:37.4379510Z 606d861b14dbfbccb766d6c511033d95ed94c053
handle-success	Log Success	ï»¿2026-02-28T10:16:37.4589987Z ##[group]Run echo "Successfully added docs to DB."
handle-success	Log Success	2026-02-28T10:16:37.4590502Z [36;1mecho "Successfully added docs to DB."[0m
handle-success	Log Success	2026-02-28T10:16:37.4608663Z shell: /usr/bin/bash -e {0}
handle-success	Log Success	2026-02-28T10:16:37.4609038Z env:
handle-success	Log Success	2026-02-28T10:16:37.4609297Z   PYTHON_VERSION: 3.9
handle-success	Log Success	2026-02-28T10:16:37.4610400Z   MONGO_SUPERUSER_CONNECTION: ***
handle-success	Log Success	2026-02-28T10:16:37.4610864Z   MONGO_NEW_PASS: ***
handle-success	Log Success	2026-02-28T10:16:37.4611212Z   MONGO_SCRIPT_CREATE: devops/core/mongo/scripts/add-doc-to-db.py
handle-success	Log Success	2026-02-28T10:16:37.4611614Z   KAOS_CODE: 22518758442
handle-success	Log Success	2026-02-28T10:16:37.4611907Z   KAOS_MODULE: [Ka0s] Autom add docs to MongoDB
handle-success	Log Success	2026-02-28T10:16:37.4612661Z   REPORT_SCAN: audit/
handle-success	Log Success	2026-02-28T10:16:37.4612926Z   REPORT_PATH: audit/mongodb/
handle-success	Log Success	2026-02-28T10:16:37.4613238Z   REPORT_FILENAME: mongo_setup_22518758442.json
handle-success	Log Success	2026-02-28T10:16:37.4613603Z   REPORT_FILENAME_LIST: mongo_list_22518758442.json
handle-success	Log Success	2026-02-28T10:16:37.4613985Z   REPORT_FILENAME_DB: mongo_create_db_22518758442.json
handle-success	Log Success	2026-02-28T10:16:37.4614326Z ##[endgroup]
handle-success	Log Success	2026-02-28T10:16:37.4682797Z Successfully added docs to DB.
handle-success	Post Checkout code	ï»¿2026-02-28T10:16:37.4863827Z Post job cleanup.
handle-success	Post Checkout code	2026-02-28T10:16:37.5991209Z [command]/usr/bin/git version
handle-success	Post Checkout code	2026-02-28T10:16:37.6100304Z git version 2.53.0
handle-success	Post Checkout code	2026-02-28T10:16:37.6176440Z Temporarily overriding HOME='/home/runner/_work/_temp/ebef642e-58e7-49a7-8a83-245a7d606824' before making global git config changes
handle-success	Post Checkout code	2026-02-28T10:16:37.6177591Z Adding repository directory to the temporary git global config as a safe directory
handle-success	Post Checkout code	2026-02-28T10:16:37.6187031Z [command]/usr/bin/git config --global --add safe.directory /home/runner/_work/ka0s/ka0s
handle-success	Post Checkout code	2026-02-28T10:16:37.6311403Z [command]/usr/bin/git config --local --name-only --get-regexp core\.sshCommand
handle-success	Post Checkout code	2026-02-28T10:16:37.6377609Z [command]/usr/bin/git submodule foreach --recursive sh -c "git config --local --name-only --get-regexp 'core\.sshCommand' && git config --local --unset-all 'core.sshCommand' || :"
handle-success	Post Checkout code	2026-02-28T10:16:37.6802257Z [command]/usr/bin/git config --local --name-only --get-regexp http\.https\:\/\/github\.com\/\.extraheader
handle-success	Post Checkout code	2026-02-28T10:16:37.6898418Z http.https://github.com/.extraheader
handle-success	Post Checkout code	2026-02-28T10:16:37.6903286Z [command]/usr/bin/git config --local --unset-all http.https://github.com/.extraheader
handle-success	Post Checkout code	2026-02-28T10:16:37.6926069Z [command]/usr/bin/git submodule foreach --recursive sh -c "git config --local --name-only --get-regexp 'http\.https\:\/\/github\.com\/\.extraheader' && git config --local --unset-all 'http.https://github.com/.extraheader' || :"
handle-success	Post Checkout code	2026-02-28T10:16:37.7274312Z [command]/usr/bin/git config --local --name-only --get-regexp ^includeIf\.gitdir:
handle-success	Post Checkout code	2026-02-28T10:16:37.7317942Z [command]/usr/bin/git submodule foreach --recursive git config --local --show-origin --name-only --get-regexp remote.origin.url
handle-success	Complete job	ï»¿2026-02-28T10:16:37.7834119Z Cleaning up orphan processes
end-workflow	Set up job	ï»¿2026-02-28T10:16:49.0104432Z Current runner version: '2.332.0'
end-workflow	Set up job	2026-02-28T10:16:49.0115155Z Runner name: 'swarm-runners-scaleset-hkss5-runner-vtn4d'
end-workflow	Set up job	2026-02-28T10:16:49.0116173Z Runner group name: 'Default'
end-workflow	Set up job	2026-02-28T10:16:49.0117318Z Machine name: 'swarm-runners-scaleset-hkss5-runner-vtn4d'
end-workflow	Set up job	2026-02-28T10:16:49.0121118Z ##[group]GITHUB_TOKEN Permissions
end-workflow	Set up job	2026-02-28T10:16:49.0124598Z Actions: write
end-workflow	Set up job	2026-02-28T10:16:49.0125276Z Contents: write
end-workflow	Set up job	2026-02-28T10:16:49.0125858Z Issues: write
end-workflow	Set up job	2026-02-28T10:16:49.0126614Z Metadata: read
end-workflow	Set up job	2026-02-28T10:16:49.0127159Z PullRequests: write
end-workflow	Set up job	2026-02-28T10:16:49.0127771Z ##[endgroup]
end-workflow	Set up job	2026-02-28T10:16:49.0130579Z Secret source: Actions
end-workflow	Set up job	2026-02-28T10:16:49.0131505Z Prepare workflow directory
end-workflow	Set up job	2026-02-28T10:16:49.0741995Z Prepare all required actions
end-workflow	Set up job	2026-02-28T10:16:49.0786671Z Getting action download info
end-workflow	Set up job	2026-02-28T10:16:49.6263465Z Download action repository 'actions/checkout@v4' (SHA:34e114876b0b11c390a56381ad16ebd13914f8d5)
end-workflow	Set up job	2026-02-28T10:16:50.5538910Z Complete job name: end-workflow
end-workflow	Checkout repository	ï»¿2026-02-28T10:16:50.6210608Z ##[group]Run actions/checkout@v4
end-workflow	Checkout repository	2026-02-28T10:16:50.6211801Z with:
end-workflow	Checkout repository	2026-02-28T10:16:50.6212292Z   fetch-depth: 0
end-workflow	Checkout repository	2026-02-28T10:16:50.6212918Z   repository: Ka0s-Klaus/ka0s
end-workflow	Checkout repository	2026-02-28T10:16:50.6213934Z   token: ***
end-workflow	Checkout repository	2026-02-28T10:16:50.6214413Z   ssh-strict: true
end-workflow	Checkout repository	2026-02-28T10:16:50.6215173Z   ssh-user: git
end-workflow	Checkout repository	2026-02-28T10:16:50.6215669Z   persist-credentials: true
end-workflow	Checkout repository	2026-02-28T10:16:50.6216210Z   clean: true
end-workflow	Checkout repository	2026-02-28T10:16:50.6216734Z   sparse-checkout-cone-mode: true
end-workflow	Checkout repository	2026-02-28T10:16:50.6217446Z   fetch-tags: false
end-workflow	Checkout repository	2026-02-28T10:16:50.6218071Z   show-progress: true
end-workflow	Checkout repository	2026-02-28T10:16:50.6218566Z   lfs: false
end-workflow	Checkout repository	2026-02-28T10:16:50.6219024Z   submodules: false
end-workflow	Checkout repository	2026-02-28T10:16:50.6219694Z   set-safe-directory: true
end-workflow	Checkout repository	2026-02-28T10:16:50.6220785Z env:
end-workflow	Checkout repository	2026-02-28T10:16:50.6221268Z   PYTHON_VERSION: 3.9
end-workflow	Checkout repository	2026-02-28T10:16:50.6222733Z   MONGO_SUPERUSER_CONNECTION: ***
end-workflow	Checkout repository	2026-02-28T10:16:50.6223575Z   MONGO_NEW_PASS: ***
end-workflow	Checkout repository	2026-02-28T10:16:50.6224299Z   MONGO_SCRIPT_CREATE: devops/core/mongo/scripts/add-doc-to-db.py
end-workflow	Checkout repository	2026-02-28T10:16:50.6225844Z   KAOS_CODE: 22518758442
end-workflow	Checkout repository	2026-02-28T10:16:50.6226491Z   KAOS_MODULE: [Ka0s] Autom add docs to MongoDB
end-workflow	Checkout repository	2026-02-28T10:16:50.6227209Z   REPORT_SCAN: audit/
end-workflow	Checkout repository	2026-02-28T10:16:50.6227761Z   REPORT_PATH: audit/mongodb/
end-workflow	Checkout repository	2026-02-28T10:16:50.6228444Z   REPORT_FILENAME: mongo_setup_22518758442.json
end-workflow	Checkout repository	2026-02-28T10:16:50.6229209Z   REPORT_FILENAME_LIST: mongo_list_22518758442.json
end-workflow	Checkout repository	2026-02-28T10:16:50.6230002Z   REPORT_FILENAME_DB: mongo_create_db_22518758442.json
end-workflow	Checkout repository	2026-02-28T10:16:50.6230697Z ##[endgroup]
end-workflow	Checkout repository	2026-02-28T10:16:50.7614163Z Syncing repository: Ka0s-Klaus/ka0s
end-workflow	Checkout repository	2026-02-28T10:16:50.7616922Z ##[group]Getting Git version info
end-workflow	Checkout repository	2026-02-28T10:16:50.7617672Z Working directory is '/home/runner/_work/ka0s/ka0s'
end-workflow	Checkout repository	2026-02-28T10:16:50.7618722Z [command]/usr/bin/git version
end-workflow	Checkout repository	2026-02-28T10:16:50.7646102Z git version 2.53.0
end-workflow	Checkout repository	2026-02-28T10:16:50.7674793Z ##[endgroup]
end-workflow	Checkout repository	2026-02-28T10:16:50.7730440Z Temporarily overriding HOME='/home/runner/_work/_temp/3e5268ed-e263-4acb-aca9-b1a388e35d52' before making global git config changes
end-workflow	Checkout repository	2026-02-28T10:16:50.7732261Z Adding repository directory to the temporary git global config as a safe directory
end-workflow	Checkout repository	2026-02-28T10:16:50.7733490Z [command]/usr/bin/git config --global --add safe.directory /home/runner/_work/ka0s/ka0s
end-workflow	Checkout repository	2026-02-28T10:16:50.7758311Z Deleting the contents of '/home/runner/_work/ka0s/ka0s'
end-workflow	Checkout repository	2026-02-28T10:16:50.7763538Z ##[group]Initializing the repository
end-workflow	Checkout repository	2026-02-28T10:16:50.7781320Z [command]/usr/bin/git init /home/runner/_work/ka0s/ka0s
end-workflow	Checkout repository	2026-02-28T10:16:50.7840792Z hint: Using 'master' as the name for the initial branch. This default branch name
end-workflow	Checkout repository	2026-02-28T10:16:50.7843575Z hint: will change to "main" in Git 3.0. To configure the initial branch name
end-workflow	Checkout repository	2026-02-28T10:16:50.7844999Z hint: to use in all of your new repositories, which will suppress this warning,
end-workflow	Checkout repository	2026-02-28T10:16:50.7845863Z hint: call:
end-workflow	Checkout repository	2026-02-28T10:16:50.7846316Z hint:
end-workflow	Checkout repository	2026-02-28T10:16:50.7846899Z hint: 	git config --global init.defaultBranch <name>
end-workflow	Checkout repository	2026-02-28T10:16:50.7847587Z hint:
end-workflow	Checkout repository	2026-02-28T10:16:50.7848831Z hint: Names commonly chosen instead of 'master' are 'main', 'trunk' and
end-workflow	Checkout repository	2026-02-28T10:16:50.7849935Z hint: 'development'. The just-created branch can be renamed via this command:
end-workflow	Checkout repository	2026-02-28T10:16:50.7850802Z hint:
end-workflow	Checkout repository	2026-02-28T10:16:50.7851264Z hint: 	git branch -m <name>
end-workflow	Checkout repository	2026-02-28T10:16:50.7851793Z hint:
end-workflow	Checkout repository	2026-02-28T10:16:50.7852519Z hint: Disable this message with "git config set advice.defaultBranchName false"
end-workflow	Checkout repository	2026-02-28T10:16:50.7853643Z Initialized empty Git repository in /home/runner/_work/ka0s/ka0s/.git/
end-workflow	Checkout repository	2026-02-28T10:16:50.7856239Z [command]/usr/bin/git remote add origin https://github.com/Ka0s-Klaus/ka0s
end-workflow	Checkout repository	2026-02-28T10:16:50.7916543Z ##[endgroup]
end-workflow	Checkout repository	2026-02-28T10:16:50.7917566Z ##[group]Disabling automatic garbage collection
end-workflow	Checkout repository	2026-02-28T10:16:50.7918349Z [command]/usr/bin/git config --local gc.auto 0
end-workflow	Checkout repository	2026-02-28T10:16:50.7958250Z ##[endgroup]
end-workflow	Checkout repository	2026-02-28T10:16:50.7959171Z ##[group]Setting up auth
end-workflow	Checkout repository	2026-02-28T10:16:50.7960206Z [command]/usr/bin/git config --local --name-only --get-regexp core\.sshCommand
end-workflow	Checkout repository	2026-02-28T10:16:50.8006005Z [command]/usr/bin/git submodule foreach --recursive sh -c "git config --local --name-only --get-regexp 'core\.sshCommand' && git config --local --unset-all 'core.sshCommand' || :"
end-workflow	Checkout repository	2026-02-28T10:16:50.8385454Z [command]/usr/bin/git config --local --name-only --get-regexp http\.https\:\/\/github\.com\/\.extraheader
end-workflow	Checkout repository	2026-02-28T10:16:50.8425448Z [command]/usr/bin/git submodule foreach --recursive sh -c "git config --local --name-only --get-regexp 'http\.https\:\/\/github\.com\/\.extraheader' && git config --local --unset-all 'http.https://github.com/.extraheader' || :"
end-workflow	Checkout repository	2026-02-28T10:16:50.8785778Z [command]/usr/bin/git config --local --name-only --get-regexp ^includeIf\.gitdir:
end-workflow	Checkout repository	2026-02-28T10:16:50.8841650Z [command]/usr/bin/git submodule foreach --recursive git config --local --show-origin --name-only --get-regexp remote.origin.url
end-workflow	Checkout repository	2026-02-28T10:16:50.9177151Z [command]/usr/bin/git config --local http.https://github.com/.extraheader AUTHORIZATION: basic ***
end-workflow	Checkout repository	2026-02-28T10:16:50.9233171Z ##[endgroup]
end-workflow	Checkout repository	2026-02-28T10:16:50.9235106Z ##[group]Fetching the repository
end-workflow	Checkout repository	2026-02-28T10:16:50.9256681Z [command]/usr/bin/git -c protocol.version=2 fetch --prune --no-recurse-submodules origin +refs/heads/*:refs/remotes/origin/* +refs/tags/*:refs/tags/*
end-workflow	Checkout repository	2026-02-28T10:19:03.3594609Z ##[error]fatal: unable to access 'https://github.com/Ka0s-Klaus/ka0s/': Failed to connect to github.com port 443 after 132414 ms: Couldn't connect to server
end-workflow	Checkout repository	2026-02-28T10:19:03.3607004Z The process '/usr/bin/git' failed with exit code 128
end-workflow	Checkout repository	2026-02-28T10:19:03.3607449Z Waiting 15 seconds before trying again
end-workflow	Checkout repository	2026-02-28T10:19:18.3675326Z [command]/usr/bin/git -c protocol.version=2 fetch --prune --no-recurse-submodules origin +refs/heads/*:refs/remotes/origin/* +refs/tags/*:refs/tags/*
end-workflow	Checkout repository	2026-02-28T10:19:41.4663435Z From https://github.com/Ka0s-Klaus/ka0s
end-workflow	Checkout repository	2026-02-28T10:19:41.4664086Z  * [new branch]          F3450-modelo-operativo -> origin/F3450-modelo-operativo
end-workflow	Checkout repository	2026-02-28T10:19:41.4666821Z  * [new branch]          H1276-modulo-observabilidad -> origin/H1276-modulo-observabilidad
end-workflow	Checkout repository	2026-02-28T10:19:41.4667530Z  * [new branch]          H3596-deploy-itop      -> origin/H3596-deploy-itop
end-workflow	Checkout repository	2026-02-28T10:19:41.4668238Z  * [new branch]          H4170-flujo-detallado-zabbix---github -> origin/H4170-flujo-detallado-zabbix---github
end-workflow	Checkout repository	2026-02-28T10:19:41.4673725Z  * [new branch]          H4191-request-cambios  -> origin/H4191-request-cambios
end-workflow	Checkout repository	2026-02-28T10:19:41.4675531Z  * [new branch]          H4200-request-recomendaciones-de-auditoria -> origin/H4200-request-recomendaciones-de-auditoria
end-workflow	Checkout repository	2026-02-28T10:19:41.4676292Z  * [new branch]          main                   -> origin/main
end-workflow	Checkout repository	2026-02-28T10:19:41.4676721Z  * [new tag]             0.0.0                  -> 0.0.0
end-workflow	Checkout repository	2026-02-28T10:19:41.4677111Z  * [new tag]             0.0.1                  -> 0.0.1
end-workflow	Checkout repository	2026-02-28T10:19:41.4677547Z  * [new tag]             0.0.10                 -> 0.0.10
end-workflow	Checkout repository	2026-02-28T10:19:41.4677965Z  * [new tag]             0.0.100                -> 0.0.100
end-workflow	Checkout repository	2026-02-28T10:19:41.4678342Z  * [new tag]             0.0.101                -> 0.0.101
end-workflow	Checkout repository	2026-02-28T10:19:41.4679277Z  * [new tag]             0.0.102                -> 0.0.102
end-workflow	Checkout repository	2026-02-28T10:19:41.4679642Z  * [new tag]             0.0.103                -> 0.0.103
end-workflow	Checkout repository	2026-02-28T10:19:41.4680013Z  * [new tag]             0.0.104                -> 0.0.104
end-workflow	Checkout repository	2026-02-28T10:19:41.4680382Z  * [new tag]             0.0.105                -> 0.0.105
end-workflow	Checkout repository	2026-02-28T10:19:41.4680750Z  * [new tag]             0.0.106                -> 0.0.106
end-workflow	Checkout repository	2026-02-28T10:19:41.4681117Z  * [new tag]             0.0.107                -> 0.0.107
end-workflow	Checkout repository	2026-02-28T10:19:41.4681489Z  * [new tag]             0.0.108                -> 0.0.108
end-workflow	Checkout repository	2026-02-28T10:19:41.4681859Z  * [new tag]             0.0.109                -> 0.0.109
end-workflow	Checkout repository	2026-02-28T10:19:41.4682224Z  * [new tag]             0.0.11                 -> 0.0.11
end-workflow	Checkout repository	2026-02-28T10:19:41.4682625Z  * [new tag]             0.0.110                -> 0.0.110
end-workflow	Checkout repository	2026-02-28T10:19:41.4682995Z  * [new tag]             0.0.111                -> 0.0.111
end-workflow	Checkout repository	2026-02-28T10:19:41.4683646Z  * [new tag]             0.0.112                -> 0.0.112
end-workflow	Checkout repository	2026-02-28T10:19:41.4684082Z  * [new tag]             0.0.113                -> 0.0.113
end-workflow	Checkout repository	2026-02-28T10:19:41.4684663Z  * [new tag]             0.0.114                -> 0.0.114
end-workflow	Checkout repository	2026-02-28T10:19:41.4685168Z  * [new tag]             0.0.115                -> 0.0.115
end-workflow	Checkout repository	2026-02-28T10:19:41.4685652Z  * [new tag]             0.0.116                -> 0.0.116
end-workflow	Checkout repository	2026-02-28T10:19:41.4686146Z  * [new tag]             0.0.117                -> 0.0.117
end-workflow	Checkout repository	2026-02-28T10:19:41.4686641Z  * [new tag]             0.0.118                -> 0.0.118
end-workflow	Checkout repository	2026-02-28T10:19:41.4687009Z  * [new tag]             0.0.119                -> 0.0.119
end-workflow	Checkout repository	2026-02-28T10:19:41.4687371Z  * [new tag]             0.0.12                 -> 0.0.12
end-workflow	Checkout repository	2026-02-28T10:19:41.4687742Z  * [new tag]             0.0.120                -> 0.0.120
end-workflow	Checkout repository	2026-02-28T10:19:41.4688119Z  * [new tag]             0.0.121                -> 0.0.121
end-workflow	Checkout repository	2026-02-28T10:19:41.4688760Z  * [new tag]             0.0.122                -> 0.0.122
end-workflow	Checkout repository	2026-02-28T10:19:41.4689158Z  * [new tag]             0.0.123                -> 0.0.123
end-workflow	Checkout repository	2026-02-28T10:19:41.4689547Z  * [new tag]             0.0.124                -> 0.0.124
end-workflow	Checkout repository	2026-02-28T10:19:41.4689941Z  * [new tag]             0.0.125                -> 0.0.125
end-workflow	Checkout repository	2026-02-28T10:19:41.4690314Z  * [new tag]             0.0.126                -> 0.0.126
end-workflow	Checkout repository	2026-02-28T10:19:41.4690695Z  * [new tag]             0.0.127                -> 0.0.127
end-workflow	Checkout repository	2026-02-28T10:19:41.4691074Z  * [new tag]             0.0.128                -> 0.0.128
end-workflow	Checkout repository	2026-02-28T10:19:41.4691457Z  * [new tag]             0.0.129                -> 0.0.129
end-workflow	Checkout repository	2026-02-28T10:19:41.4691849Z  * [new tag]             0.0.13                 -> 0.0.13
end-workflow	Checkout repository	2026-02-28T10:19:41.4692305Z  * [new tag]             0.0.130                -> 0.0.130
end-workflow	Checkout repository	2026-02-28T10:19:41.4692682Z  * [new tag]             0.0.131                -> 0.0.131
end-workflow	Checkout repository	2026-02-28T10:19:41.4693072Z  * [new tag]             0.0.132                -> 0.0.132
end-workflow	Checkout repository	2026-02-28T10:19:41.4693439Z  * [new tag]             0.0.133                -> 0.0.133
end-workflow	Checkout repository	2026-02-28T10:19:41.4693835Z  * [new tag]             0.0.134                -> 0.0.134
end-workflow	Checkout repository	2026-02-28T10:19:41.4694210Z  * [new tag]             0.0.135                -> 0.0.135
end-workflow	Checkout repository	2026-02-28T10:19:41.4694663Z  * [new tag]             0.0.136                -> 0.0.136
end-workflow	Checkout repository	2026-02-28T10:19:41.4695043Z  * [new tag]             0.0.137                -> 0.0.137
end-workflow	Checkout repository	2026-02-28T10:19:41.4695419Z  * [new tag]             0.0.138                -> 0.0.138
end-workflow	Checkout repository	2026-02-28T10:19:41.4695789Z  * [new tag]             0.0.139                -> 0.0.139
end-workflow	Checkout repository	2026-02-28T10:19:41.4696156Z  * [new tag]             0.0.14                 -> 0.0.14
end-workflow	Checkout repository	2026-02-28T10:19:41.4696533Z  * [new tag]             0.0.140                -> 0.0.140
end-workflow	Checkout repository	2026-02-28T10:19:41.4697021Z  * [new tag]             0.0.141                -> 0.0.141
end-workflow	Checkout repository	2026-02-28T10:19:41.4697384Z  * [new tag]             0.0.142                -> 0.0.142
end-workflow	Checkout repository	2026-02-28T10:19:41.4697741Z  * [new tag]             0.0.143                -> 0.0.143
end-workflow	Checkout repository	2026-02-28T10:19:41.4698368Z  * [new tag]             0.0.144                -> 0.0.144
end-workflow	Checkout repository	2026-02-28T10:19:41.4698727Z  * [new tag]             0.0.145                -> 0.0.145
end-workflow	Checkout repository	2026-02-28T10:19:41.4699081Z  * [new tag]             0.0.146                -> 0.0.146
end-workflow	Checkout repository	2026-02-28T10:19:41.4699451Z  * [new tag]             0.0.147                -> 0.0.147
end-workflow	Checkout repository	2026-02-28T10:19:41.4699821Z  * [new tag]             0.0.148                -> 0.0.148
end-workflow	Checkout repository	2026-02-28T10:19:41.4700193Z  * [new tag]             0.0.149                -> 0.0.149
end-workflow	Checkout repository	2026-02-28T10:19:41.4700590Z  * [new tag]             0.0.15                 -> 0.0.15
end-workflow	Checkout repository	2026-02-28T10:19:41.4701049Z  * [new tag]             0.0.150                -> 0.0.150
end-workflow	Checkout repository	2026-02-28T10:19:41.4701428Z  * [new tag]             0.0.151                -> 0.0.151
end-workflow	Checkout repository	2026-02-28T10:19:41.4701811Z  * [new tag]             0.0.152                -> 0.0.152
end-workflow	Checkout repository	2026-02-28T10:19:41.4702184Z  * [new tag]             0.0.153                -> 0.0.153
end-workflow	Checkout repository	2026-02-28T10:19:41.4702549Z  * [new tag]             0.0.154                -> 0.0.154
end-workflow	Checkout repository	2026-02-28T10:19:41.4703150Z  * [new tag]             0.0.155                -> 0.0.155
end-workflow	Checkout repository	2026-02-28T10:19:41.4703526Z  * [new tag]             0.0.156                -> 0.0.156
end-workflow	Checkout repository	2026-02-28T10:19:41.4703892Z  * [new tag]             0.0.157                -> 0.0.157
end-workflow	Checkout repository	2026-02-28T10:19:41.4704262Z  * [new tag]             0.0.158                -> 0.0.158
end-workflow	Checkout repository	2026-02-28T10:19:41.4704922Z  * [new tag]             0.0.159                -> 0.0.159
end-workflow	Checkout repository	2026-02-28T10:19:41.4705314Z  * [new tag]             0.0.16                 -> 0.0.16
end-workflow	Checkout repository	2026-02-28T10:19:41.4705693Z  * [new tag]             0.0.160                -> 0.0.160
end-workflow	Checkout repository	2026-02-28T10:19:41.4706077Z  * [new tag]             0.0.161                -> 0.0.161
end-workflow	Checkout repository	2026-02-28T10:19:41.4706456Z  * [new tag]             0.0.162                -> 0.0.162
end-workflow	Checkout repository	2026-02-28T10:19:41.4706844Z  * [new tag]             0.0.163                -> 0.0.163
end-workflow	Checkout repository	2026-02-28T10:19:41.4707280Z  * [new tag]             0.0.164                -> 0.0.164
end-workflow	Checkout repository	2026-02-28T10:19:41.4707671Z  * [new tag]             0.0.165                -> 0.0.165
end-workflow	Checkout repository	2026-02-28T10:19:41.4708061Z  * [new tag]             0.0.166                -> 0.0.166
end-workflow	Checkout repository	2026-02-28T10:19:41.4708443Z  * [new tag]             0.0.167                -> 0.0.167
end-workflow	Checkout repository	2026-02-28T10:19:41.4708824Z  * [new tag]             0.0.168                -> 0.0.168
end-workflow	Checkout repository	2026-02-28T10:19:41.4709204Z  * [new tag]             0.0.169                -> 0.0.169
end-workflow	Checkout repository	2026-02-28T10:19:41.4709586Z  * [new tag]             0.0.17                 -> 0.0.17
end-workflow	Checkout repository	2026-02-28T10:19:41.4709963Z  * [new tag]             0.0.170                -> 0.0.170
end-workflow	Checkout repository	2026-02-28T10:19:41.4710346Z  * [new tag]             0.0.171                -> 0.0.171
end-workflow	Checkout repository	2026-02-28T10:19:41.4710730Z  * [new tag]             0.0.172                -> 0.0.172
end-workflow	Checkout repository	2026-02-28T10:19:41.4711115Z  * [new tag]             0.0.173                -> 0.0.173
end-workflow	Checkout repository	2026-02-28T10:19:41.4711496Z  * [new tag]             0.0.174                -> 0.0.174
end-workflow	Checkout repository	2026-02-28T10:19:41.4711877Z  * [new tag]             0.0.175                -> 0.0.175
end-workflow	Checkout repository	2026-02-28T10:19:41.4712265Z  * [new tag]             0.0.176                -> 0.0.176
end-workflow	Checkout repository	2026-02-28T10:19:41.4712649Z  * [new tag]             0.0.177                -> 0.0.177
end-workflow	Checkout repository	2026-02-28T10:19:41.4713025Z  * [new tag]             0.0.178                -> 0.0.178
end-workflow	Checkout repository	2026-02-28T10:19:41.4713409Z  * [new tag]             0.0.179                -> 0.0.179
end-workflow	Checkout repository	2026-02-28T10:19:41.4713790Z  * [new tag]             0.0.18                 -> 0.0.18
end-workflow	Checkout repository	2026-02-28T10:19:41.4714165Z  * [new tag]             0.0.19                 -> 0.0.19
end-workflow	Checkout repository	2026-02-28T10:19:41.4714668Z  * [new tag]             0.0.2                  -> 0.0.2
end-workflow	Checkout repository	2026-02-28T10:19:41.4715070Z  * [new tag]             0.0.20                 -> 0.0.20
end-workflow	Checkout repository	2026-02-28T10:19:41.4715454Z  * [new tag]             0.0.21                 -> 0.0.21
end-workflow	Checkout repository	2026-02-28T10:19:41.4715833Z  * [new tag]             0.0.22                 -> 0.0.22
end-workflow	Checkout repository	2026-02-28T10:19:41.4716213Z  * [new tag]             0.0.23                 -> 0.0.23
end-workflow	Checkout repository	2026-02-28T10:19:41.4716591Z  * [new tag]             0.0.24                 -> 0.0.24
end-workflow	Checkout repository	2026-02-28T10:19:41.4717213Z  * [new tag]             0.0.25                 -> 0.0.25
end-workflow	Checkout repository	2026-02-28T10:19:41.4717588Z  * [new tag]             0.0.26                 -> 0.0.26
end-workflow	Checkout repository	2026-02-28T10:19:41.4717964Z  * [new tag]             0.0.27                 -> 0.0.27
end-workflow	Checkout repository	2026-02-28T10:19:41.4718341Z  * [new tag]             0.0.28                 -> 0.0.28
end-workflow	Checkout repository	2026-02-28T10:19:41.4718713Z  * [new tag]             0.0.29                 -> 0.0.29
end-workflow	Checkout repository	2026-02-28T10:19:41.4719093Z  * [new tag]             0.0.3                  -> 0.0.3
end-workflow	Checkout repository	2026-02-28T10:19:41.4719475Z  * [new tag]             0.0.30                 -> 0.0.30
end-workflow	Checkout repository	2026-02-28T10:19:41.4719854Z  * [new tag]             0.0.31                 -> 0.0.31
end-workflow	Checkout repository	2026-02-28T10:19:41.4720226Z  * [new tag]             0.0.32                 -> 0.0.32
end-workflow	Checkout repository	2026-02-28T10:19:41.4720604Z  * [new tag]             0.0.33                 -> 0.0.33
end-workflow	Checkout repository	2026-02-28T10:19:41.4720983Z  * [new tag]             0.0.34                 -> 0.0.34
end-workflow	Checkout repository	2026-02-28T10:19:41.4721362Z  * [new tag]             0.0.35                 -> 0.0.35
end-workflow	Checkout repository	2026-02-28T10:19:41.4721938Z  * [new tag]             0.0.36                 -> 0.0.36
end-workflow	Checkout repository	2026-02-28T10:19:41.4722315Z  * [new tag]             0.0.37                 -> 0.0.37
end-workflow	Checkout repository	2026-02-28T10:19:41.4722695Z  * [new tag]             0.0.38                 -> 0.0.38
end-workflow	Checkout repository	2026-02-28T10:19:41.4723067Z  * [new tag]             0.0.39                 -> 0.0.39
end-workflow	Checkout repository	2026-02-28T10:19:41.4723447Z  * [new tag]             0.0.4                  -> 0.0.4
end-workflow	Checkout repository	2026-02-28T10:19:41.4723827Z  * [new tag]             0.0.40                 -> 0.0.40
end-workflow	Checkout repository	2026-02-28T10:19:41.4724207Z  * [new tag]             0.0.41                 -> 0.0.41
end-workflow	Checkout repository	2026-02-28T10:19:41.4725012Z  * [new tag]             0.0.42                 -> 0.0.42
end-workflow	Checkout repository	2026-02-28T10:19:41.4725414Z  * [new tag]             0.0.43                 -> 0.0.43
end-workflow	Checkout repository	2026-02-28T10:19:41.4725795Z  * [new tag]             0.0.44                 -> 0.0.44
end-workflow	Checkout repository	2026-02-28T10:19:41.4726170Z  * [new tag]             0.0.45                 -> 0.0.45
end-workflow	Checkout repository	2026-02-28T10:19:41.4726557Z  * [new tag]             0.0.46                 -> 0.0.46
end-workflow	Checkout repository	2026-02-28T10:19:41.4738069Z  * [new tag]             0.0.47                 -> 0.0.47
end-workflow	Checkout repository	2026-02-28T10:19:41.4738524Z  * [new tag]             0.0.48                 -> 0.0.48
end-workflow	Checkout repository	2026-02-28T10:19:41.4738905Z  * [new tag]             0.0.49                 -> 0.0.49
end-workflow	Checkout repository	2026-02-28T10:19:41.4739390Z  * [new tag]             0.0.5                  -> 0.0.5
end-workflow	Checkout repository	2026-02-28T10:19:41.4739772Z  * [new tag]             0.0.50                 -> 0.0.50
end-workflow	Checkout repository	2026-02-28T10:19:41.4740149Z  * [new tag]             0.0.51                 -> 0.0.51
end-workflow	Checkout repository	2026-02-28T10:19:41.4740517Z  * [new tag]             0.0.52                 -> 0.0.52
end-workflow	Checkout repository	2026-02-28T10:19:41.4740878Z  * [new tag]             0.0.53                 -> 0.0.53
end-workflow	Checkout repository	2026-02-28T10:19:41.4741243Z  * [new tag]             0.0.54                 -> 0.0.54
end-workflow	Checkout repository	2026-02-28T10:19:41.4741606Z  * [new tag]             0.0.55                 -> 0.0.55
end-workflow	Checkout repository	2026-02-28T10:19:41.4741967Z  * [new tag]             0.0.56                 -> 0.0.56
end-workflow	Checkout repository	2026-02-28T10:19:41.4742359Z  * [new tag]             0.0.57                 -> 0.0.57
end-workflow	Checkout repository	2026-02-28T10:19:41.4742720Z  * [new tag]             0.0.58                 -> 0.0.58
end-workflow	Checkout repository	2026-02-28T10:19:41.4743086Z  * [new tag]             0.0.59                 -> 0.0.59
end-workflow	Checkout repository	2026-02-28T10:19:41.4743450Z  * [new tag]             0.0.6                  -> 0.0.6
end-workflow	Checkout repository	2026-02-28T10:19:41.4743817Z  * [new tag]             0.0.60                 -> 0.0.60
end-workflow	Checkout repository	2026-02-28T10:19:41.4744182Z  * [new tag]             0.0.61                 -> 0.0.61
end-workflow	Checkout repository	2026-02-28T10:19:41.4745474Z  * [new tag]             0.0.62                 -> 0.0.62
end-workflow	Checkout repository	2026-02-28T10:19:41.4745999Z  * [new tag]             0.0.63                 -> 0.0.63
end-workflow	Checkout repository	2026-02-28T10:19:41.4746368Z  * [new tag]             0.0.64                 -> 0.0.64
end-workflow	Checkout repository	2026-02-28T10:19:41.4746736Z  * [new tag]             0.0.65                 -> 0.0.65
end-workflow	Checkout repository	2026-02-28T10:19:41.4747098Z  * [new tag]             0.0.66                 -> 0.0.66
end-workflow	Checkout repository	2026-02-28T10:19:41.4747468Z  * [new tag]             0.0.67                 -> 0.0.67
end-workflow	Checkout repository	2026-02-28T10:19:41.4748250Z  * [new tag]             0.0.68                 -> 0.0.68
end-workflow	Checkout repository	2026-02-28T10:19:41.4748601Z  * [new tag]             0.0.69                 -> 0.0.69
end-workflow	Checkout repository	2026-02-28T10:19:41.4748948Z  * [new tag]             0.0.7                  -> 0.0.7
end-workflow	Checkout repository	2026-02-28T10:19:41.4749297Z  * [new tag]             0.0.70                 -> 0.0.70
end-workflow	Checkout repository	2026-02-28T10:19:41.4749648Z  * [new tag]             0.0.71                 -> 0.0.71
end-workflow	Checkout repository	2026-02-28T10:19:41.4749996Z  * [new tag]             0.0.72                 -> 0.0.72
end-workflow	Checkout repository	2026-02-28T10:19:41.4750337Z  * [new tag]             0.0.73                 -> 0.0.73
end-workflow	Checkout repository	2026-02-28T10:19:41.4750686Z  * [new tag]             0.0.74                 -> 0.0.74
end-workflow	Checkout repository	2026-02-28T10:19:41.4751033Z  * [new tag]             0.0.75                 -> 0.0.75
end-workflow	Checkout repository	2026-02-28T10:19:41.4751376Z  * [new tag]             0.0.76                 -> 0.0.76
end-workflow	Checkout repository	2026-02-28T10:19:41.4751724Z  * [new tag]             0.0.77                 -> 0.0.77
end-workflow	Checkout repository	2026-02-28T10:19:41.4752073Z  * [new tag]             0.0.78                 -> 0.0.78
end-workflow	Checkout repository	2026-02-28T10:19:41.4752670Z  * [new tag]             0.0.79                 -> 0.0.79
end-workflow	Checkout repository	2026-02-28T10:19:41.4753019Z  * [new tag]             0.0.8                  -> 0.0.8
end-workflow	Checkout repository	2026-02-28T10:19:41.4753365Z  * [new tag]             0.0.80                 -> 0.0.80
end-workflow	Checkout repository	2026-02-28T10:19:41.4753716Z  * [new tag]             0.0.81                 -> 0.0.81
end-workflow	Checkout repository	2026-02-28T10:19:41.4754060Z  * [new tag]             0.0.82                 -> 0.0.82
end-workflow	Checkout repository	2026-02-28T10:19:41.4754409Z  * [new tag]             0.0.83                 -> 0.0.83
end-workflow	Checkout repository	2026-02-28T10:19:41.4755162Z  * [new tag]             0.0.84                 -> 0.0.84
end-workflow	Checkout repository	2026-02-28T10:19:41.4755639Z  * [new tag]             0.0.85                 -> 0.0.85
end-workflow	Checkout repository	2026-02-28T10:19:41.4755987Z  * [new tag]             0.0.86                 -> 0.0.86
end-workflow	Checkout repository	2026-02-28T10:19:41.4756337Z  * [new tag]             0.0.87                 -> 0.0.87
end-workflow	Checkout repository	2026-02-28T10:19:41.4756688Z  * [new tag]             0.0.88                 -> 0.0.88
end-workflow	Checkout repository	2026-02-28T10:19:41.4757041Z  * [new tag]             0.0.89                 -> 0.0.89
end-workflow	Checkout repository	2026-02-28T10:19:41.4757399Z  * [new tag]             0.0.9                  -> 0.0.9
end-workflow	Checkout repository	2026-02-28T10:19:41.4757750Z  * [new tag]             0.0.90                 -> 0.0.90
end-workflow	Checkout repository	2026-02-28T10:19:41.4758101Z  * [new tag]             0.0.91                 -> 0.0.91
end-workflow	Checkout repository	2026-02-28T10:19:41.4758449Z  * [new tag]             0.0.92                 -> 0.0.92
end-workflow	Checkout repository	2026-02-28T10:19:41.4758800Z  * [new tag]             0.0.93                 -> 0.0.93
end-workflow	Checkout repository	2026-02-28T10:19:41.4759153Z  * [new tag]             0.0.94                 -> 0.0.94
end-workflow	Checkout repository	2026-02-28T10:19:41.4759509Z  * [new tag]             0.0.95                 -> 0.0.95
end-workflow	Checkout repository	2026-02-28T10:19:41.4759854Z  * [new tag]             0.0.96                 -> 0.0.96
end-workflow	Checkout repository	2026-02-28T10:19:41.4760204Z  * [new tag]             0.0.97                 -> 0.0.97
end-workflow	Checkout repository	2026-02-28T10:19:41.4760555Z  * [new tag]             0.0.98                 -> 0.0.98
end-workflow	Checkout repository	2026-02-28T10:19:41.4760904Z  * [new tag]             0.0.99                 -> 0.0.99
end-workflow	Checkout repository	2026-02-28T10:19:41.4761275Z  * [new tag]             0.1.0                  -> 0.1.0
end-workflow	Checkout repository	2026-02-28T10:19:41.4761628Z  * [new tag]             0.1.1                  -> 0.1.1
end-workflow	Checkout repository	2026-02-28T10:19:41.4761979Z  * [new tag]             0.2.0                  -> 0.2.0
end-workflow	Checkout repository	2026-02-28T10:19:41.4762326Z  * [new tag]             0.3.0                  -> 0.3.0
end-workflow	Checkout repository	2026-02-28T10:19:41.4762675Z  * [new tag]             0.3.1                  -> 0.3.1
end-workflow	Checkout repository	2026-02-28T10:19:41.4763057Z  * [new tag]             0.3.10                 -> 0.3.10
end-workflow	Checkout repository	2026-02-28T10:19:41.4763408Z  * [new tag]             0.3.11                 -> 0.3.11
end-workflow	Checkout repository	2026-02-28T10:19:41.4763758Z  * [new tag]             0.3.12                 -> 0.3.12
end-workflow	Checkout repository	2026-02-28T10:19:41.4764103Z  * [new tag]             0.3.13                 -> 0.3.13
end-workflow	Checkout repository	2026-02-28T10:19:41.4764453Z  * [new tag]             0.3.14                 -> 0.3.14
end-workflow	Checkout repository	2026-02-28T10:19:41.4765149Z  * [new tag]             0.3.15                 -> 0.3.15
end-workflow	Checkout repository	2026-02-28T10:19:41.4765631Z  * [new tag]             0.3.16                 -> 0.3.16
end-workflow	Checkout repository	2026-02-28T10:19:41.4766304Z  * [new tag]             0.3.17                 -> 0.3.17
end-workflow	Checkout repository	2026-02-28T10:19:41.4766652Z  * [new tag]             0.3.2                  -> 0.3.2
end-workflow	Checkout repository	2026-02-28T10:19:41.4767001Z  * [new tag]             0.3.3                  -> 0.3.3
end-workflow	Checkout repository	2026-02-28T10:19:41.4767346Z  * [new tag]             0.3.4                  -> 0.3.4
end-workflow	Checkout repository	2026-02-28T10:19:41.4767697Z  * [new tag]             0.3.5                  -> 0.3.5
end-workflow	Checkout repository	2026-02-28T10:19:41.4768044Z  * [new tag]             0.3.6                  -> 0.3.6
end-workflow	Checkout repository	2026-02-28T10:19:41.4768391Z  * [new tag]             0.3.7                  -> 0.3.7
end-workflow	Checkout repository	2026-02-28T10:19:41.4768788Z  * [new tag]             0.3.8                  -> 0.3.8
end-workflow	Checkout repository	2026-02-28T10:19:41.4769135Z  * [new tag]             0.3.9                  -> 0.3.9
end-workflow	Checkout repository	2026-02-28T10:19:41.4769483Z  * [new tag]             0.4.0                  -> 0.4.0
end-workflow	Checkout repository	2026-02-28T10:19:41.4769831Z  * [new tag]             0.4.1                  -> 0.4.1
end-workflow	Checkout repository	2026-02-28T10:19:41.4770171Z  * [new tag]             0.4.2                  -> 0.4.2
end-workflow	Checkout repository	2026-02-28T10:19:41.4770710Z  * [new tag]             0.4.3                  -> 0.4.3
end-workflow	Checkout repository	2026-02-28T10:19:41.4771059Z  * [new tag]             0.4.4                  -> 0.4.4
end-workflow	Checkout repository	2026-02-28T10:19:41.4771405Z  * [new tag]             0.4.5                  -> 0.4.5
end-workflow	Checkout repository	2026-02-28T10:19:41.4771749Z  * [new tag]             0.4.6                  -> 0.4.6
end-workflow	Checkout repository	2026-02-28T10:19:41.4772096Z  * [new tag]             0.4.7                  -> 0.4.7
end-workflow	Checkout repository	2026-02-28T10:19:41.4772593Z  * [new tag]             0.4.8                  -> 0.4.8
end-workflow	Checkout repository	2026-02-28T10:19:41.4772945Z  * [new tag]             0.4.9                  -> 0.4.9
end-workflow	Checkout repository	2026-02-28T10:19:41.4773417Z  * [new tag]             0.5.0                  -> 0.5.0
end-workflow	Checkout repository	2026-02-28T10:19:41.4773770Z  * [new tag]             0.5.1                  -> 0.5.1
end-workflow	Checkout repository	2026-02-28T10:19:41.4774119Z  * [new tag]             0.5.2                  -> 0.5.2
end-workflow	Checkout repository	2026-02-28T10:19:41.4774465Z  * [new tag]             0.6.0                  -> 0.6.0
end-workflow	Checkout repository	2026-02-28T10:19:41.4775071Z  * [new tag]             0.6.1                  -> 0.6.1
end-workflow	Checkout repository	2026-02-28T10:19:41.4775550Z  * [new tag]             0.6.2                  -> 0.6.2
end-workflow	Checkout repository	2026-02-28T10:19:41.4775893Z  * [new tag]             0.6.3                  -> 0.6.3
end-workflow	Checkout repository	2026-02-28T10:19:41.4776241Z  * [new tag]             0.6.4                  -> 0.6.4
end-workflow	Checkout repository	2026-02-28T10:19:41.4776588Z  * [new tag]             0.6.5                  -> 0.6.5
end-workflow	Checkout repository	2026-02-28T10:19:41.4776935Z  * [new tag]             0.6.6                  -> 0.6.6
end-workflow	Checkout repository	2026-02-28T10:19:41.5082894Z [command]/usr/bin/git branch --list --remote origin/main
end-workflow	Checkout repository	2026-02-28T10:19:41.5158595Z   origin/main
end-workflow	Checkout repository	2026-02-28T10:19:41.5171244Z [command]/usr/bin/git rev-parse refs/remotes/origin/main
end-workflow	Checkout repository	2026-02-28T10:19:41.5200581Z ae3553d9d315b2deeb402977ae7284b6fdac0b35
end-workflow	Checkout repository	2026-02-28T10:19:41.5215391Z [command]/usr/bin/git -c protocol.version=2 fetch --no-tags --prune --no-recurse-submodules origin +606d861b14dbfbccb766d6c511033d95ed94c053:refs/remotes/origin/main
end-workflow	Checkout repository	2026-02-28T10:19:41.5411743Z From https://github.com/Ka0s-Klaus/ka0s
end-workflow	Checkout repository	2026-02-28T10:19:41.5412457Z  + ae3553d9d...606d861b1 606d861b14dbfbccb766d6c511033d95ed94c053 -> origin/main  (forced update)
end-workflow	Checkout repository	2026-02-28T10:19:41.5451761Z ##[endgroup]
end-workflow	Checkout repository	2026-02-28T10:19:41.5452475Z ##[group]Determining the checkout info
end-workflow	Checkout repository	2026-02-28T10:19:41.5452961Z ##[endgroup]
end-workflow	Checkout repository	2026-02-28T10:19:41.5460036Z [command]/usr/bin/git sparse-checkout disable
end-workflow	Checkout repository	2026-02-28T10:19:41.5514228Z [command]/usr/bin/git config --local --unset-all extensions.worktreeConfig
end-workflow	Checkout repository	2026-02-28T10:19:41.5561241Z ##[group]Checking out the ref
end-workflow	Checkout repository	2026-02-28T10:19:41.5566309Z [command]/usr/bin/git checkout --progress --force -B main refs/remotes/origin/main
end-workflow	Checkout repository	2026-02-28T10:19:41.8134343Z Switched to a new branch 'main'
end-workflow	Checkout repository	2026-02-28T10:19:41.8140865Z branch 'main' set up to track 'origin/main'.
end-workflow	Checkout repository	2026-02-28T10:19:41.8181582Z ##[endgroup]
end-workflow	Checkout repository	2026-02-28T10:19:41.8233965Z [command]/usr/bin/git log -1 --format=%H
end-workflow	Checkout repository	2026-02-28T10:19:41.8270969Z 606d861b14dbfbccb766d6c511033d95ed94c053
end-workflow	Install GH CLI	ï»¿2026-02-28T10:19:41.8565794Z Prepare all required actions
end-workflow	Install GH CLI	2026-02-28T10:19:41.8621913Z ##[group]Run ./.github/actions/install-gh-cli
end-workflow	Install GH CLI	2026-02-28T10:19:41.8622742Z env:
end-workflow	Install GH CLI	2026-02-28T10:19:41.8622944Z   PYTHON_VERSION: 3.9
end-workflow	Install GH CLI	2026-02-28T10:19:41.8623910Z   MONGO_SUPERUSER_CONNECTION: ***
end-workflow	Install GH CLI	2026-02-28T10:19:41.8624315Z   MONGO_NEW_PASS: ***
end-workflow	Install GH CLI	2026-02-28T10:19:41.8624766Z   MONGO_SCRIPT_CREATE: devops/core/mongo/scripts/add-doc-to-db.py
end-workflow	Install GH CLI	2026-02-28T10:19:41.8625153Z   KAOS_CODE: 22518758442
end-workflow	Install GH CLI	2026-02-28T10:19:41.8625418Z   KAOS_MODULE: [Ka0s] Autom add docs to MongoDB
end-workflow	Install GH CLI	2026-02-28T10:19:41.8625725Z   REPORT_SCAN: audit/
end-workflow	Install GH CLI	2026-02-28T10:19:41.8625958Z   REPORT_PATH: audit/mongodb/
end-workflow	Install GH CLI	2026-02-28T10:19:41.8626246Z   REPORT_FILENAME: mongo_setup_22518758442.json
end-workflow	Install GH CLI	2026-02-28T10:19:41.8626584Z   REPORT_FILENAME_LIST: mongo_list_22518758442.json
end-workflow	Install GH CLI	2026-02-28T10:19:41.8626951Z   REPORT_FILENAME_DB: mongo_create_db_22518758442.json
end-workflow	Install GH CLI	2026-02-28T10:19:41.8627276Z ##[endgroup]
end-workflow	Install GH CLI	2026-02-28T10:19:41.8735479Z ##[group]Run type -p curl >/dev/null || (sudo apt-get update && sudo apt-get install curl -y)
end-workflow	Install GH CLI	2026-02-28T10:19:41.8736301Z [36;1mtype -p curl >/dev/null || (sudo apt-get update && sudo apt-get install curl -y)[0m
end-workflow	Install GH CLI	2026-02-28T10:19:41.8737248Z [36;1mcurl -fsSL https://cli.github.com/packages/githubcli-archive-keyring.gpg | sudo dd of=/usr/share/keyrings/githubcli-archive-keyring.gpg \[0m
end-workflow	Install GH CLI	2026-02-28T10:19:41.8738117Z [36;1m&& sudo chmod go+r /usr/share/keyrings/githubcli-archive-keyring.gpg \[0m
end-workflow	Install GH CLI	2026-02-28T10:19:41.8739549Z [36;1m&& echo "deb [arch=$(dpkg --print-architecture) signed-by=/usr/share/keyrings/githubcli-archive-keyring.gpg] https://cli.github.com/packages stable main" | sudo tee /etc/apt/sources.list.d/github-cli.list > /dev/null \[0m
end-workflow	Install GH CLI	2026-02-28T10:19:41.8740731Z [36;1m&& sudo apt-get update \[0m
end-workflow	Install GH CLI	2026-02-28T10:19:41.8741016Z [36;1m&& sudo apt-get install gh -y[0m
end-workflow	Install GH CLI	2026-02-28T10:19:41.8758705Z shell: /usr/bin/bash --noprofile --norc -e -o pipefail {0}
end-workflow	Install GH CLI	2026-02-28T10:19:41.8759189Z env:
end-workflow	Install GH CLI	2026-02-28T10:19:41.8759379Z   PYTHON_VERSION: 3.9
end-workflow	Install GH CLI	2026-02-28T10:19:41.8760229Z   MONGO_SUPERUSER_CONNECTION: ***
end-workflow	Install GH CLI	2026-02-28T10:19:41.8760615Z   MONGO_NEW_PASS: ***
end-workflow	Install GH CLI	2026-02-28T10:19:41.8760933Z   MONGO_SCRIPT_CREATE: devops/core/mongo/scripts/add-doc-to-db.py
end-workflow	Install GH CLI	2026-02-28T10:19:41.8761289Z   KAOS_CODE: 22518758442
end-workflow	Install GH CLI	2026-02-28T10:19:41.8761543Z   KAOS_MODULE: [Ka0s] Autom add docs to MongoDB
end-workflow	Install GH CLI	2026-02-28T10:19:41.8761848Z   REPORT_SCAN: audit/
end-workflow	Install GH CLI	2026-02-28T10:19:41.8762068Z   REPORT_PATH: audit/mongodb/
end-workflow	Install GH CLI	2026-02-28T10:19:41.8762336Z   REPORT_FILENAME: mongo_setup_22518758442.json
end-workflow	Install GH CLI	2026-02-28T10:19:41.8762664Z   REPORT_FILENAME_LIST: mongo_list_22518758442.json
end-workflow	Install GH CLI	2026-02-28T10:19:41.8763012Z   REPORT_FILENAME_DB: mongo_create_db_22518758442.json
end-workflow	Install GH CLI	2026-02-28T10:19:41.8763310Z ##[endgroup]
end-workflow	Install GH CLI	2026-02-28T10:19:41.9620369Z 4+1 records in
end-workflow	Install GH CLI	2026-02-28T10:19:41.9621023Z 4+1 records out
end-workflow	Install GH CLI	2026-02-28T10:19:41.9621309Z 2270 bytes (2.3 kB, 2.2 KiB) copied, 0.0619894 s, 36.6 kB/s
end-workflow	Install GH CLI	2026-02-28T10:19:42.0855013Z Get:1 https://cli.github.com/packages stable InRelease [3917 B]
end-workflow	Install GH CLI	2026-02-28T10:19:42.1667670Z Get:2 https://cli.github.com/packages stable/main amd64 Packages [357 B]
end-workflow	Install GH CLI	2026-02-28T10:19:42.2630683Z Get:3 https://ppa.launchpadcontent.net/git-core/ppa/ubuntu noble InRelease [24.3 kB]
end-workflow	Install GH CLI	2026-02-28T10:19:42.2751727Z Get:4 http://security.ubuntu.com/ubuntu noble-security InRelease [126 kB]
end-workflow	Install GH CLI	2026-02-28T10:19:42.3963057Z Get:5 https://ppa.launchpadcontent.net/git-core/ppa/ubuntu noble/main amd64 Packages [2992 B]
end-workflow	Install GH CLI	2026-02-28T10:19:42.8298716Z Get:6 http://security.ubuntu.com/ubuntu noble-security/restricted amd64 Packages [3262 kB]
end-workflow	Install GH CLI	2026-02-28T10:19:43.4639174Z Get:7 http://security.ubuntu.com/ubuntu noble-security/main amd64 Packages [1883 kB]
end-workflow	Install GH CLI	2026-02-28T10:19:43.5054078Z Get:8 http://security.ubuntu.com/ubuntu noble-security/universe amd64 Packages [1242 kB]
end-workflow	Install GH CLI	2026-02-28T10:19:43.5323559Z Get:9 http://security.ubuntu.com/ubuntu noble-security/multiverse amd64 Packages [34.8 kB]
end-workflow	Install GH CLI	2026-02-28T10:20:00.9134482Z Get:10 http://archive.ubuntu.com/ubuntu noble InRelease [256 kB]
end-workflow	Install GH CLI	2026-02-28T10:20:01.0745640Z Get:11 http://archive.ubuntu.com/ubuntu noble-updates InRelease [126 kB]
end-workflow	Install GH CLI	2026-02-28T10:20:01.1138909Z Get:12 http://archive.ubuntu.com/ubuntu noble-backports InRelease [126 kB]
end-workflow	Install GH CLI	2026-02-28T10:20:01.1617076Z Get:13 http://archive.ubuntu.com/ubuntu noble/multiverse amd64 Packages [331 kB]
end-workflow	Install GH CLI	2026-02-28T10:20:01.2226055Z Get:14 http://archive.ubuntu.com/ubuntu noble/main amd64 Packages [1808 kB]
end-workflow	Install GH CLI	2026-02-28T10:20:01.2966611Z Get:15 http://archive.ubuntu.com/ubuntu noble/universe amd64 Packages [19.3 MB]
end-workflow	Install GH CLI	2026-02-28T10:20:01.6525944Z Get:16 http://archive.ubuntu.com/ubuntu noble/restricted amd64 Packages [117 kB]
end-workflow	Install GH CLI	2026-02-28T10:20:01.6535761Z Get:17 http://archive.ubuntu.com/ubuntu noble-updates/main amd64 Packages [2275 kB]
end-workflow	Install GH CLI	2026-02-28T10:20:01.6698273Z Get:18 http://archive.ubuntu.com/ubuntu noble-updates/multiverse amd64 Packages [38.1 kB]
end-workflow	Install GH CLI	2026-02-28T10:20:01.6715233Z Get:19 http://archive.ubuntu.com/ubuntu noble-updates/universe amd64 Packages [2017 kB]
end-workflow	Install GH CLI	2026-02-28T10:20:01.6860138Z Get:20 http://archive.ubuntu.com/ubuntu noble-updates/restricted amd64 Packages [3471 kB]
end-workflow	Install GH CLI	2026-02-28T10:20:01.7239760Z Get:21 http://archive.ubuntu.com/ubuntu noble-backports/main amd64 Packages [49.5 kB]
end-workflow	Install GH CLI	2026-02-28T10:20:01.7246423Z Get:22 http://archive.ubuntu.com/ubuntu noble-backports/universe amd64 Packages [34.6 kB]
end-workflow	Install GH CLI	2026-02-28T10:20:02.8456465Z Fetched 36.5 MB in 21s (1758 kB/s)
end-workflow	Install GH CLI	2026-02-28T10:20:03.8334193Z Reading package lists...
end-workflow	Install GH CLI	2026-02-28T10:20:04.8772378Z Reading package lists...
end-workflow	Install GH CLI	2026-02-28T10:20:05.1235367Z Building dependency tree...
end-workflow	Install GH CLI	2026-02-28T10:20:05.1236042Z Reading state information...
end-workflow	Install GH CLI	2026-02-28T10:20:05.5333441Z The following NEW packages will be installed:
end-workflow	Install GH CLI	2026-02-28T10:20:05.5359443Z   gh
end-workflow	Install GH CLI	2026-02-28T10:20:05.6302376Z 0 upgraded, 1 newly installed, 0 to remove and 0 not upgraded.
end-workflow	Install GH CLI	2026-02-28T10:20:05.6302822Z Need to get 13.8 MB of archives.
end-workflow	Install GH CLI	2026-02-28T10:20:05.6303195Z After this operation, 38.5 MB of additional disk space will be used.
end-workflow	Install GH CLI	2026-02-28T10:20:05.6303761Z Get:1 https://cli.github.com/packages stable/main amd64 gh amd64 2.87.3 [13.8 MB]
end-workflow	Install GH CLI	2026-02-28T10:20:06.0332554Z debconf: delaying package configuration, since apt-utils is not installed
end-workflow	Install GH CLI	2026-02-28T10:20:06.0784439Z Fetched 13.8 MB in 0s (44.2 MB/s)
end-workflow	Install GH CLI	2026-02-28T10:20:06.1107792Z Selecting previously unselected package gh.
end-workflow	Install GH CLI	2026-02-28T10:20:06.1137398Z (Reading database ... 
end-workflow	Install GH CLI	2026-02-28T10:20:06.1139278Z (Reading database ... 5%
end-workflow	Install GH CLI	2026-02-28T10:20:06.1139539Z (Reading database ... 10%
end-workflow	Install GH CLI	2026-02-28T10:20:06.1155143Z (Reading database ... 15%
end-workflow	Install GH CLI	2026-02-28T10:20:06.1155453Z (Reading database ... 20%
end-workflow	Install GH CLI	2026-02-28T10:20:06.1155698Z (Reading database ... 25%
end-workflow	Install GH CLI	2026-02-28T10:20:06.1155933Z (Reading database ... 30%
end-workflow	Install GH CLI	2026-02-28T10:20:06.1156172Z (Reading database ... 35%
end-workflow	Install GH CLI	2026-02-28T10:20:06.1156411Z (Reading database ... 40%
end-workflow	Install GH CLI	2026-02-28T10:20:06.1156644Z (Reading database ... 45%
end-workflow	Install GH CLI	2026-02-28T10:20:06.1165061Z (Reading database ... 50%
end-workflow	Install GH CLI	2026-02-28T10:20:06.1165491Z (Reading database ... 55%
end-workflow	Install GH CLI	2026-02-28T10:20:06.1165759Z (Reading database ... 60%
end-workflow	Install GH CLI	2026-02-28T10:20:06.1165997Z (Reading database ... 65%
end-workflow	Install GH CLI	2026-02-28T10:20:06.1185037Z (Reading database ... 70%
end-workflow	Install GH CLI	2026-02-28T10:20:06.1185393Z (Reading database ... 75%
end-workflow	Install GH CLI	2026-02-28T10:20:06.1195663Z (Reading database ... 80%
end-workflow	Install GH CLI	2026-02-28T10:20:06.1220012Z (Reading database ... 85%
end-workflow	Install GH CLI	2026-02-28T10:20:06.1220481Z (Reading database ... 90%
end-workflow	Install GH CLI	2026-02-28T10:20:06.1245431Z (Reading database ... 95%
end-workflow	Install GH CLI	2026-02-28T10:20:06.1245948Z (Reading database ... 100%
end-workflow	Install GH CLI	2026-02-28T10:20:06.1246333Z (Reading database ... 14387 files and directories currently installed.)
end-workflow	Install GH CLI	2026-02-28T10:20:06.1246901Z Preparing to unpack .../archives/gh_2.87.3_amd64.deb ...
end-workflow	Install GH CLI	2026-02-28T10:20:06.1295552Z Unpacking gh (2.87.3) ...
end-workflow	Install GH CLI	2026-02-28T10:20:06.4629532Z Setting up gh (2.87.3) ...
end-workflow	Trigger Inspector	ï»¿2026-02-28T10:20:06.5272685Z ##[group]Run gh workflow run inspector.yml \
end-workflow	Trigger Inspector	2026-02-28T10:20:06.5273142Z [36;1mgh workflow run inspector.yml \[0m
end-workflow	Trigger Inspector	2026-02-28T10:20:06.5273540Z [36;1m  -f workflow_name="Ka0s Autom add audit -> MongoDB" \[0m
end-workflow	Trigger Inspector	2026-02-28T10:20:06.5273909Z [36;1m  -f run_id="22518758442" \[0m
end-workflow	Trigger Inspector	2026-02-28T10:20:06.5274187Z [36;1m  -f status="success"[0m
end-workflow	Trigger Inspector	2026-02-28T10:20:06.5274840Z [36;1m# Si todo ha ido correcto aÃ±adimos el contenido del fichero [0m
end-workflow	Trigger Inspector	2026-02-28T10:20:06.5275609Z [36;1mecho "Process completed successfully 22518758442"[0m
end-workflow	Trigger Inspector	2026-02-28T10:20:06.5276041Z [36;1m# RNNUMBER=$(echo "refs/heads/main" | grep -o '[0-9]*')[0m
end-workflow	Trigger Inspector	2026-02-28T10:20:06.5276905Z [36;1m# gh issue comment $RNNUMBER --body "El proceso ha finalizado correctamente 22518758442. El resultado estÃ¡ en el fichero core/results/event_data_22518758442.log"[0m
end-workflow	Trigger Inspector	2026-02-28T10:20:06.5297454Z shell: /usr/bin/bash -e {0}
end-workflow	Trigger Inspector	2026-02-28T10:20:06.5297754Z env:
end-workflow	Trigger Inspector	2026-02-28T10:20:06.5297952Z   PYTHON_VERSION: 3.9
end-workflow	Trigger Inspector	2026-02-28T10:20:06.5298830Z   MONGO_SUPERUSER_CONNECTION: ***
end-workflow	Trigger Inspector	2026-02-28T10:20:06.5299287Z   MONGO_NEW_PASS: ***
end-workflow	Trigger Inspector	2026-02-28T10:20:06.5299607Z   MONGO_SCRIPT_CREATE: devops/core/mongo/scripts/add-doc-to-db.py
end-workflow	Trigger Inspector	2026-02-28T10:20:06.5299991Z   KAOS_CODE: 22518758442
end-workflow	Trigger Inspector	2026-02-28T10:20:06.5300260Z   KAOS_MODULE: [Ka0s] Autom add docs to MongoDB
end-workflow	Trigger Inspector	2026-02-28T10:20:06.5300569Z   REPORT_SCAN: audit/
end-workflow	Trigger Inspector	2026-02-28T10:20:06.5300799Z   REPORT_PATH: audit/mongodb/
end-workflow	Trigger Inspector	2026-02-28T10:20:06.5301104Z   REPORT_FILENAME: mongo_setup_22518758442.json
end-workflow	Trigger Inspector	2026-02-28T10:20:06.5301451Z   REPORT_FILENAME_LIST: mongo_list_22518758442.json
end-workflow	Trigger Inspector	2026-02-28T10:20:06.5301812Z   REPORT_FILENAME_DB: mongo_create_db_22518758442.json
end-workflow	Trigger Inspector	2026-02-28T10:20:06.5302231Z   GH_TOKEN: ***
end-workflow	Trigger Inspector	2026-02-28T10:20:06.5302440Z ##[endgroup]
end-workflow	Trigger Inspector	2026-02-28T10:20:08.2856388Z https://github.com/Ka0s-Klaus/ka0s/actions/runs/22518836346
end-workflow	Trigger Inspector	2026-02-28T10:20:08.2897341Z Process completed successfully 22518758442
end-workflow	Post Checkout repository	ï»¿2026-02-28T10:20:08.3141361Z Post job cleanup.
end-workflow	Post Checkout repository	2026-02-28T10:20:08.4563290Z [command]/usr/bin/git version
end-workflow	Post Checkout repository	2026-02-28T10:20:08.4626075Z git version 2.53.0
end-workflow	Post Checkout repository	2026-02-28T10:20:08.4696338Z Temporarily overriding HOME='/home/runner/_work/_temp/614cc8c0-7c98-48a0-9cf3-6e2c446271ba' before making global git config changes
end-workflow	Post Checkout repository	2026-02-28T10:20:08.4697254Z Adding repository directory to the temporary git global config as a safe directory
end-workflow	Post Checkout repository	2026-02-28T10:20:08.4697909Z [command]/usr/bin/git config --global --add safe.directory /home/runner/_work/ka0s/ka0s
end-workflow	Post Checkout repository	2026-02-28T10:20:08.4764950Z [command]/usr/bin/git config --local --name-only --get-regexp core\.sshCommand
end-workflow	Post Checkout repository	2026-02-28T10:20:08.4832998Z [command]/usr/bin/git submodule foreach --recursive sh -c "git config --local --name-only --get-regexp 'core\.sshCommand' && git config --local --unset-all 'core.sshCommand' || :"
end-workflow	Post Checkout repository	2026-02-28T10:20:08.5269509Z [command]/usr/bin/git config --local --name-only --get-regexp http\.https\:\/\/github\.com\/\.extraheader
end-workflow	Post Checkout repository	2026-02-28T10:20:08.5325721Z http.https://github.com/.extraheader
end-workflow	Post Checkout repository	2026-02-28T10:20:08.5349453Z [command]/usr/bin/git config --local --unset-all http.https://github.com/.extraheader
end-workflow	Post Checkout repository	2026-02-28T10:20:08.5413436Z [command]/usr/bin/git submodule foreach --recursive sh -c "git config --local --name-only --get-regexp 'http\.https\:\/\/github\.com\/\.extraheader' && git config --local --unset-all 'http.https://github.com/.extraheader' || :"
end-workflow	Post Checkout repository	2026-02-28T10:20:08.5846150Z [command]/usr/bin/git config --local --name-only --get-regexp ^includeIf\.gitdir:
end-workflow	Post Checkout repository	2026-02-28T10:20:08.5908522Z [command]/usr/bin/git submodule foreach --recursive git config --local --show-origin --name-only --get-regexp remote.origin.url
end-workflow	Complete job	ï»¿2026-02-28T10:20:08.6933392Z Cleaning up orphan processes
