job-core	Set up job	ï»¿2026-02-28T07:19:13.3669039Z Current runner version: '2.332.0'
job-core	Set up job	2026-02-28T07:19:13.3677824Z Runner name: 'swarm-runners-scaleset-hkss5-runner-x2xgc'
job-core	Set up job	2026-02-28T07:19:13.3679146Z Runner group name: 'Default'
job-core	Set up job	2026-02-28T07:19:13.3680281Z Machine name: 'swarm-runners-scaleset-hkss5-runner-x2xgc'
job-core	Set up job	2026-02-28T07:19:13.3684331Z ##[group]GITHUB_TOKEN Permissions
job-core	Set up job	2026-02-28T07:19:13.3687425Z Actions: write
job-core	Set up job	2026-02-28T07:19:13.3688075Z Contents: read
job-core	Set up job	2026-02-28T07:19:13.3688899Z Issues: write
job-core	Set up job	2026-02-28T07:19:13.3689520Z Metadata: read
job-core	Set up job	2026-02-28T07:19:13.3690237Z ##[endgroup]
job-core	Set up job	2026-02-28T07:19:13.3692649Z Secret source: Actions
job-core	Set up job	2026-02-28T07:19:13.3693664Z Prepare workflow directory
job-core	Set up job	2026-02-28T07:19:13.4121414Z Prepare all required actions
job-core	Set up job	2026-02-28T07:19:13.4164426Z Getting action download info
job-core	Set up job	2026-02-28T07:19:14.0819097Z Download action repository 'actions/checkout@v4' (SHA:34e114876b0b11c390a56381ad16ebd13914f8d5)
job-core	Set up job	2026-02-28T07:19:14.9404358Z Download action repository 'actions/setup-python@v5' (SHA:a26af69be951a213d495a4c3e4e4022e16d87065)
job-core	Set up job	2026-02-28T07:19:15.9063819Z Complete job name: job-core
job-core	Checkout	ï»¿2026-02-28T07:19:15.9834831Z ##[group]Run actions/checkout@v4
job-core	Checkout	2026-02-28T07:19:15.9836047Z with:
job-core	Checkout	2026-02-28T07:19:15.9836975Z   repository: Ka0s-Klaus/ka0s
job-core	Checkout	2026-02-28T07:19:15.9838011Z   token: ***
job-core	Checkout	2026-02-28T07:19:15.9838512Z   ssh-strict: true
job-core	Checkout	2026-02-28T07:19:15.9839007Z   ssh-user: git
job-core	Checkout	2026-02-28T07:19:15.9839528Z   persist-credentials: true
job-core	Checkout	2026-02-28T07:19:15.9840062Z   clean: true
job-core	Checkout	2026-02-28T07:19:15.9840578Z   sparse-checkout-cone-mode: true
job-core	Checkout	2026-02-28T07:19:15.9841161Z   fetch-depth: 1
job-core	Checkout	2026-02-28T07:19:15.9841661Z   fetch-tags: false
job-core	Checkout	2026-02-28T07:19:15.9842167Z   show-progress: true
job-core	Checkout	2026-02-28T07:19:15.9842679Z   lfs: false
job-core	Checkout	2026-02-28T07:19:15.9843197Z   submodules: false
job-core	Checkout	2026-02-28T07:19:15.9843716Z   set-safe-directory: true
job-core	Checkout	2026-02-28T07:19:15.9844804Z env:
job-core	Checkout	2026-02-28T07:19:15.9845501Z   KAOS_MODULE: [Ka0S] Watchdog Node Health
job-core	Checkout	2026-02-28T07:19:15.9846101Z ##[endgroup]
job-core	Checkout	2026-02-28T07:19:16.1103232Z Syncing repository: Ka0s-Klaus/ka0s
job-core	Checkout	2026-02-28T07:19:16.1106026Z ##[group]Getting Git version info
job-core	Checkout	2026-02-28T07:19:16.1106776Z Working directory is '/home/runner/_work/ka0s/ka0s'
job-core	Checkout	2026-02-28T07:19:16.1108185Z [command]/usr/bin/git version
job-core	Checkout	2026-02-28T07:19:16.1108760Z git version 2.53.0
job-core	Checkout	2026-02-28T07:19:16.1132422Z ##[endgroup]
job-core	Checkout	2026-02-28T07:19:16.1149990Z Temporarily overriding HOME='/home/runner/_work/_temp/90f46944-b8e5-45cf-bc5d-39ef487b65a0' before making global git config changes
job-core	Checkout	2026-02-28T07:19:16.1151445Z Adding repository directory to the temporary git global config as a safe directory
job-core	Checkout	2026-02-28T07:19:16.1155533Z [command]/usr/bin/git config --global --add safe.directory /home/runner/_work/ka0s/ka0s
job-core	Checkout	2026-02-28T07:19:16.1202178Z Deleting the contents of '/home/runner/_work/ka0s/ka0s'
job-core	Checkout	2026-02-28T07:19:16.1207662Z ##[group]Initializing the repository
job-core	Checkout	2026-02-28T07:19:16.1211899Z [command]/usr/bin/git init /home/runner/_work/ka0s/ka0s
job-core	Checkout	2026-02-28T07:19:16.1270535Z hint: Using 'master' as the name for the initial branch. This default branch name
job-core	Checkout	2026-02-28T07:19:16.1350153Z hint: will change to "main" in Git 3.0. To configure the initial branch name
job-core	Checkout	2026-02-28T07:19:16.1351430Z hint: to use in all of your new repositories, which will suppress this warning,
job-core	Checkout	2026-02-28T07:19:16.1352537Z hint: call:
job-core	Checkout	2026-02-28T07:19:16.1353049Z hint:
job-core	Checkout	2026-02-28T07:19:16.1353697Z hint: 	git config --global init.defaultBranch <name>
job-core	Checkout	2026-02-28T07:19:16.1354399Z hint:
job-core	Checkout	2026-02-28T07:19:16.1355290Z hint: Names commonly chosen instead of 'master' are 'main', 'trunk' and
job-core	Checkout	2026-02-28T07:19:16.1356431Z hint: 'development'. The just-created branch can be renamed via this command:
job-core	Checkout	2026-02-28T07:19:16.1357249Z hint:
job-core	Checkout	2026-02-28T07:19:16.1357784Z hint: 	git branch -m <name>
job-core	Checkout	2026-02-28T07:19:16.1358355Z hint:
job-core	Checkout	2026-02-28T07:19:16.1359095Z hint: Disable this message with "git config set advice.defaultBranchName false"
job-core	Checkout	2026-02-28T07:19:16.1360236Z Initialized empty Git repository in /home/runner/_work/ka0s/ka0s/.git/
job-core	Checkout	2026-02-28T07:19:16.1362327Z [command]/usr/bin/git remote add origin https://github.com/Ka0s-Klaus/ka0s
job-core	Checkout	2026-02-28T07:19:16.1364893Z ##[endgroup]
job-core	Checkout	2026-02-28T07:19:16.1365871Z ##[group]Disabling automatic garbage collection
job-core	Checkout	2026-02-28T07:19:16.1366635Z [command]/usr/bin/git config --local gc.auto 0
job-core	Checkout	2026-02-28T07:19:16.1388829Z ##[endgroup]
job-core	Checkout	2026-02-28T07:19:16.1390055Z ##[group]Setting up auth
job-core	Checkout	2026-02-28T07:19:16.1395751Z [command]/usr/bin/git config --local --name-only --get-regexp core\.sshCommand
job-core	Checkout	2026-02-28T07:19:16.1439882Z [command]/usr/bin/git submodule foreach --recursive sh -c "git config --local --name-only --get-regexp 'core\.sshCommand' && git config --local --unset-all 'core.sshCommand' || :"
job-core	Checkout	2026-02-28T07:19:16.1783800Z [command]/usr/bin/git config --local --name-only --get-regexp http\.https\:\/\/github\.com\/\.extraheader
job-core	Checkout	2026-02-28T07:19:16.1825355Z [command]/usr/bin/git submodule foreach --recursive sh -c "git config --local --name-only --get-regexp 'http\.https\:\/\/github\.com\/\.extraheader' && git config --local --unset-all 'http.https://github.com/.extraheader' || :"
job-core	Checkout	2026-02-28T07:19:16.2162386Z [command]/usr/bin/git config --local --name-only --get-regexp ^includeIf\.gitdir:
job-core	Checkout	2026-02-28T07:19:16.2206514Z [command]/usr/bin/git submodule foreach --recursive git config --local --show-origin --name-only --get-regexp remote.origin.url
job-core	Checkout	2026-02-28T07:19:16.2549487Z [command]/usr/bin/git config --local http.https://github.com/.extraheader AUTHORIZATION: basic ***
job-core	Checkout	2026-02-28T07:19:16.2604722Z ##[endgroup]
job-core	Checkout	2026-02-28T07:19:16.2605899Z ##[group]Fetching the repository
job-core	Checkout	2026-02-28T07:19:16.2627021Z [command]/usr/bin/git -c protocol.version=2 fetch --no-tags --prune --no-recurse-submodules --depth=1 origin +0b382799f21cdcbfce32a88cb3423b0049e7efe9:refs/remotes/origin/main
job-core	Checkout	2026-02-28T07:19:19.4360589Z From https://github.com/Ka0s-Klaus/ka0s
job-core	Checkout	2026-02-28T07:19:19.4363922Z  * [new ref]         0b382799f21cdcbfce32a88cb3423b0049e7efe9 -> origin/main
job-core	Checkout	2026-02-28T07:19:19.4532330Z ##[endgroup]
job-core	Checkout	2026-02-28T07:19:19.4534380Z ##[group]Determining the checkout info
job-core	Checkout	2026-02-28T07:19:19.4537244Z ##[endgroup]
job-core	Checkout	2026-02-28T07:19:19.4554371Z [command]/usr/bin/git sparse-checkout disable
job-core	Checkout	2026-02-28T07:19:19.4758199Z [command]/usr/bin/git config --local --unset-all extensions.worktreeConfig
job-core	Checkout	2026-02-28T07:19:19.4894116Z ##[group]Checking out the ref
job-core	Checkout	2026-02-28T07:19:19.4905369Z [command]/usr/bin/git checkout --progress --force -B main refs/remotes/origin/main
job-core	Checkout	2026-02-28T07:19:19.7595616Z Switched to a new branch 'main'
job-core	Checkout	2026-02-28T07:19:19.7599134Z branch 'main' set up to track 'origin/main'.
job-core	Checkout	2026-02-28T07:19:19.7642027Z ##[endgroup]
job-core	Checkout	2026-02-28T07:19:19.7693398Z [command]/usr/bin/git log -1 --format=%H
job-core	Checkout	2026-02-28T07:19:19.7729884Z 0b382799f21cdcbfce32a88cb3423b0049e7efe9
job-core	Setup Python	ï»¿2026-02-28T07:19:19.8036514Z ##[group]Run actions/setup-python@v5
job-core	Setup Python	2026-02-28T07:19:19.8036928Z with:
job-core	Setup Python	2026-02-28T07:19:19.8037179Z   python-version: 3.x
job-core	Setup Python	2026-02-28T07:19:19.8037440Z   check-latest: false
job-core	Setup Python	2026-02-28T07:19:19.8037981Z   token: ***
job-core	Setup Python	2026-02-28T07:19:19.8038234Z   update-environment: true
job-core	Setup Python	2026-02-28T07:19:19.8038509Z   allow-prereleases: false
job-core	Setup Python	2026-02-28T07:19:19.8038784Z   freethreaded: false
job-core	Setup Python	2026-02-28T07:19:19.8039021Z env:
job-core	Setup Python	2026-02-28T07:19:19.8039247Z   KAOS_MODULE: [Ka0S] Watchdog Node Health
job-core	Setup Python	2026-02-28T07:19:19.8039545Z ##[endgroup]
job-core	Setup Python	2026-02-28T07:19:19.9983728Z ##[group]Installed versions
job-core	Setup Python	2026-02-28T07:19:19.9997504Z Version 3.x was not found in the local cache
job-core	Setup Python	2026-02-28T07:19:20.9687185Z Version 3.x is available for downloading
job-core	Setup Python	2026-02-28T07:19:20.9688747Z Download from "https://github.com/actions/python-versions/releases/download/3.14.3-21673711214/python-3.14.3-linux-24.04-x64.tar.gz"
job-core	Setup Python	2026-02-28T07:19:22.6323413Z Extract downloaded archive
job-core	Setup Python	2026-02-28T07:19:22.6431421Z [command]/usr/bin/tar xz --warning=no-unknown-keyword --overwrite -C /home/runner/_work/_temp/66670026-f847-477d-b0ac-bc1f0964c785 -f /home/runner/_work/_temp/781feea7-fb12-47f0-b262-524eb6450119
job-core	Setup Python	2026-02-28T07:19:25.1406803Z Execute installation script
job-core	Setup Python	2026-02-28T07:19:25.1517992Z Check if Python hostedtoolcache folder exist...
job-core	Setup Python	2026-02-28T07:19:25.1518564Z Creating Python hostedtoolcache folder...
job-core	Setup Python	2026-02-28T07:19:25.1534343Z Create Python 3.14.3 folder
job-core	Setup Python	2026-02-28T07:19:25.1550102Z Copy Python binaries to hostedtoolcache folder
job-core	Setup Python	2026-02-28T07:19:26.2587611Z Create additional symlinks (Required for the UsePythonVersion Azure Pipelines task and the setup-python GitHub Action)
job-core	Setup Python	2026-02-28T07:19:26.2632736Z Upgrading pip...
job-core	Setup Python	2026-02-28T07:19:28.7002508Z Looking in links: /tmp/tmpwpfp4yqo
job-core	Setup Python	2026-02-28T07:19:28.7015502Z Requirement already satisfied: pip in /home/runner/_work/_tool/Python/3.14.3/x64/lib/python3.14/site-packages (25.3)
job-core	Setup Python	2026-02-28T07:19:30.0193574Z Collecting pip
job-core	Setup Python	2026-02-28T07:19:30.1058452Z Downloading pip-26.0.1-py3-none-any.whl.metadata (4.7 kB)
job-core	Setup Python	2026-02-28T07:19:30.1197417Z Downloading pip-26.0.1-py3-none-any.whl (1.8 MB)
job-core	Setup Python	2026-02-28T07:19:30.1775422Z â”â”â”â”â”â”â”â”â”â”â”â”â”â”â”â”â”â”â”â”â”â”â”â”â”â”â”â”â”â”â”â”â”â”â”â”â”â”â”â” 1.8/1.8 MB 59.2 MB/s  0:00:00
job-core	Setup Python	2026-02-28T07:19:30.1775820Z 
job-core	Setup Python	2026-02-28T07:19:30.1964371Z Installing collected packages: pip
job-core	Setup Python	2026-02-28T07:19:30.1965021Z Attempting uninstall: pip
job-core	Setup Python	2026-02-28T07:19:30.1992415Z Found existing installation: pip 25.3
job-core	Setup Python	2026-02-28T07:19:30.2506999Z Uninstalling pip-25.3:
job-core	Setup Python	2026-02-28T07:19:30.2591822Z Successfully uninstalled pip-25.3
job-core	Setup Python	2026-02-28T07:19:31.4837523Z Successfully installed pip-26.0.1
job-core	Setup Python	2026-02-28T07:19:31.5639692Z Create complete file
job-core	Setup Python	2026-02-28T07:19:31.5682549Z Successfully set up CPython (3.14.3)
job-core	Setup Python	2026-02-28T07:19:31.5683125Z ##[endgroup]
job-core	Setup Kubectl Tunnel	ï»¿2026-02-28T07:19:31.6022910Z Prepare all required actions
job-core	Setup Kubectl Tunnel	2026-02-28T07:19:31.6157303Z ##[group]Run ./.github/actions/kubectl-tunnel
job-core	Setup Kubectl Tunnel	2026-02-28T07:19:31.6157660Z with:
job-core	Setup Kubectl Tunnel	2026-02-28T07:19:31.6157985Z   host: ***
job-core	Setup Kubectl Tunnel	2026-02-28T07:19:31.6158336Z   username: ***
job-core	Setup Kubectl Tunnel	2026-02-28T07:19:31.6160716Z   key: ***
job-core	Setup Kubectl Tunnel	2026-02-28T07:19:31.6160932Z   port: ***
job-core	Setup Kubectl Tunnel	2026-02-28T07:19:31.6161142Z   k8s-api-port: 6443
job-core	Setup Kubectl Tunnel	2026-02-28T07:19:31.6161393Z   kubectl-version: v1.30.0
job-core	Setup Kubectl Tunnel	2026-02-28T07:19:31.6161645Z env:
job-core	Setup Kubectl Tunnel	2026-02-28T07:19:31.6161864Z   KAOS_MODULE: [Ka0S] Watchdog Node Health
job-core	Setup Kubectl Tunnel	2026-02-28T07:19:31.6162245Z   pythonLocation: /home/runner/_work/_tool/Python/3.14.3/x64
job-core	Setup Kubectl Tunnel	2026-02-28T07:19:31.6162753Z   PKG_CONFIG_PATH: /home/runner/_work/_tool/Python/3.14.3/x64/lib/pkgconfig
job-core	Setup Kubectl Tunnel	2026-02-28T07:19:31.6163236Z   Python_ROOT_DIR: /home/runner/_work/_tool/Python/3.14.3/x64
job-core	Setup Kubectl Tunnel	2026-02-28T07:19:31.6163677Z   Python2_ROOT_DIR: /home/runner/_work/_tool/Python/3.14.3/x64
job-core	Setup Kubectl Tunnel	2026-02-28T07:19:31.6164113Z   Python3_ROOT_DIR: /home/runner/_work/_tool/Python/3.14.3/x64
job-core	Setup Kubectl Tunnel	2026-02-28T07:19:31.6164620Z   LD_LIBRARY_PATH: /home/runner/_work/_tool/Python/3.14.3/x64/lib
job-core	Setup Kubectl Tunnel	2026-02-28T07:19:31.6165292Z ##[endgroup]
job-core	Setup Kubectl Tunnel	2026-02-28T07:19:31.6289262Z ##[group]Run # Download the latest stable release of kubectl
job-core	Setup Kubectl Tunnel	2026-02-28T07:19:31.6289793Z [36;1m# Download the latest stable release of kubectl[0m
job-core	Setup Kubectl Tunnel	2026-02-28T07:19:31.6290301Z [36;1mcurl -LO "https://dl.k8s.io/release/v1.30.0/bin/linux/amd64/kubectl"[0m
job-core	Setup Kubectl Tunnel	2026-02-28T07:19:31.6290716Z [36;1m[0m
job-core	Setup Kubectl Tunnel	2026-02-28T07:19:31.6291204Z [36;1m# Validate binary (optional but recommended in official docs, skipping for speed/simplicity as per request)[0m
job-core	Setup Kubectl Tunnel	2026-02-28T07:19:31.6291783Z [36;1m[0m
job-core	Setup Kubectl Tunnel	2026-02-28T07:19:31.6291992Z [36;1m# Install kubectl[0m
job-core	Setup Kubectl Tunnel	2026-02-28T07:19:31.6292376Z [36;1msudo install -o root -g root -m 0755 kubectl /usr/local/bin/kubectl[0m
job-core	Setup Kubectl Tunnel	2026-02-28T07:19:31.6292791Z [36;1m[0m
job-core	Setup Kubectl Tunnel	2026-02-28T07:19:31.6293007Z [36;1m# Verify installation[0m
job-core	Setup Kubectl Tunnel	2026-02-28T07:19:31.6293289Z [36;1mkubectl version --client[0m
job-core	Setup Kubectl Tunnel	2026-02-28T07:19:31.6312353Z shell: /usr/bin/bash --noprofile --norc -e -o pipefail {0}
job-core	Setup Kubectl Tunnel	2026-02-28T07:19:31.6312757Z env:
job-core	Setup Kubectl Tunnel	2026-02-28T07:19:31.6312994Z   KAOS_MODULE: [Ka0S] Watchdog Node Health
job-core	Setup Kubectl Tunnel	2026-02-28T07:19:31.6313385Z   pythonLocation: /home/runner/_work/_tool/Python/3.14.3/x64
job-core	Setup Kubectl Tunnel	2026-02-28T07:19:31.6313868Z   PKG_CONFIG_PATH: /home/runner/_work/_tool/Python/3.14.3/x64/lib/pkgconfig
job-core	Setup Kubectl Tunnel	2026-02-28T07:19:31.6314354Z   Python_ROOT_DIR: /home/runner/_work/_tool/Python/3.14.3/x64
job-core	Setup Kubectl Tunnel	2026-02-28T07:19:31.6315525Z   Python2_ROOT_DIR: /home/runner/_work/_tool/Python/3.14.3/x64
job-core	Setup Kubectl Tunnel	2026-02-28T07:19:31.6315953Z   Python3_ROOT_DIR: /home/runner/_work/_tool/Python/3.14.3/x64
job-core	Setup Kubectl Tunnel	2026-02-28T07:19:31.6316657Z   LD_LIBRARY_PATH: /home/runner/_work/_tool/Python/3.14.3/x64/lib
job-core	Setup Kubectl Tunnel	2026-02-28T07:19:31.6317020Z ##[endgroup]
job-core	Setup Kubectl Tunnel	2026-02-28T07:19:31.6456124Z   % Total    % Received % Xferd  Average Speed   Time    Time     Time  Current
job-core	Setup Kubectl Tunnel	2026-02-28T07:19:31.6456844Z                                  Dload  Upload   Total   Spent    Left  Speed
job-core	Setup Kubectl Tunnel	2026-02-28T07:19:31.6457185Z 
job-core	Setup Kubectl Tunnel	2026-02-28T07:19:32.4850829Z   0     0    0     0    0     0      0      0 --:--:-- --:--:-- --:--:--     0
job-core	Setup Kubectl Tunnel	2026-02-28T07:19:32.5602934Z  91 49.0M   91 45.0M    0     0  53.6M      0 --:--:-- --:--:-- --:--:-- 53.6M
job-core	Setup Kubectl Tunnel	2026-02-28T07:19:32.5603617Z 100 49.0M  100 49.0M    0     0  53.6M      0 --:--:-- --:--:-- --:--:-- 53.6M
job-core	Setup Kubectl Tunnel	2026-02-28T07:19:32.6735847Z Client Version: v1.30.0
job-core	Setup Kubectl Tunnel	2026-02-28T07:19:32.6736551Z Kustomize Version: v5.0.4-0.20230601165947-6ce0bf390ce3
job-core	Setup Kubectl Tunnel	2026-02-28T07:19:32.6829325Z ##[group]Run mkdir -p ~/.ssh
job-core	Setup Kubectl Tunnel	2026-02-28T07:19:32.6829664Z [36;1mmkdir -p ~/.ssh[0m
job-core	Setup Kubectl Tunnel	2026-02-28T07:19:32.6829918Z [36;1m[0m
job-core	Setup Kubectl Tunnel	2026-02-28T07:19:32.6830151Z [36;1m# Write private key[0m
job-core	Setup Kubectl Tunnel	2026-02-28T07:19:32.6830721Z [36;1mecho "***[0m
job-core	Setup Kubectl Tunnel	2026-02-28T07:19:32.6831221Z [36;1m***[0m
job-core	Setup Kubectl Tunnel	2026-02-28T07:19:32.6831742Z [36;1m***[0m
job-core	Setup Kubectl Tunnel	2026-02-28T07:19:32.6832203Z [36;1m***[0m
job-core	Setup Kubectl Tunnel	2026-02-28T07:19:32.6832605Z [36;1m***[0m
job-core	Setup Kubectl Tunnel	2026-02-28T07:19:32.6833015Z [36;1m***[0m
job-core	Setup Kubectl Tunnel	2026-02-28T07:19:32.6833311Z [36;1m***" > ~/.ssh/id_rsa[0m
job-core	Setup Kubectl Tunnel	2026-02-28T07:19:32.6833580Z [36;1mchmod 600 ~/.ssh/id_rsa[0m
job-core	Setup Kubectl Tunnel	2026-02-28T07:19:32.6834240Z [36;1m[0m
job-core	Setup Kubectl Tunnel	2026-02-28T07:19:32.6834465Z [36;1m# Add host key to known_hosts[0m
job-core	Setup Kubectl Tunnel	2026-02-28T07:19:32.6835533Z [36;1mif [ -n "***" ]; then[0m
job-core	Setup Kubectl Tunnel	2026-02-28T07:19:32.6836119Z [36;1m    ssh-keyscan -p *** -H *** >> ~/.ssh/known_hosts 2>/dev/null || echo "Warning: ssh-keyscan failed"[0m
job-core	Setup Kubectl Tunnel	2026-02-28T07:19:32.6836753Z [36;1mfi[0m
job-core	Setup Kubectl Tunnel	2026-02-28T07:19:32.6849296Z shell: /usr/bin/bash --noprofile --norc -e -o pipefail {0}
job-core	Setup Kubectl Tunnel	2026-02-28T07:19:32.6849674Z env:
job-core	Setup Kubectl Tunnel	2026-02-28T07:19:32.6849909Z   KAOS_MODULE: [Ka0S] Watchdog Node Health
job-core	Setup Kubectl Tunnel	2026-02-28T07:19:32.6850304Z   pythonLocation: /home/runner/_work/_tool/Python/3.14.3/x64
job-core	Setup Kubectl Tunnel	2026-02-28T07:19:32.6850818Z   PKG_CONFIG_PATH: /home/runner/_work/_tool/Python/3.14.3/x64/lib/pkgconfig
job-core	Setup Kubectl Tunnel	2026-02-28T07:19:32.6851320Z   Python_ROOT_DIR: /home/runner/_work/_tool/Python/3.14.3/x64
job-core	Setup Kubectl Tunnel	2026-02-28T07:19:32.6851765Z   Python2_ROOT_DIR: /home/runner/_work/_tool/Python/3.14.3/x64
job-core	Setup Kubectl Tunnel	2026-02-28T07:19:32.6852214Z   Python3_ROOT_DIR: /home/runner/_work/_tool/Python/3.14.3/x64
job-core	Setup Kubectl Tunnel	2026-02-28T07:19:32.6852673Z   LD_LIBRARY_PATH: /home/runner/_work/_tool/Python/3.14.3/x64/lib
job-core	Setup Kubectl Tunnel	2026-02-28T07:19:32.6853049Z ##[endgroup]
job-core	Setup Kubectl Tunnel	2026-02-28T07:19:33.1843212Z ##[group]Run echo "Starting SSH Tunnel to ***..."
job-core	Setup Kubectl Tunnel	2026-02-28T07:19:33.1843694Z [36;1mecho "Starting SSH Tunnel to ***..."[0m
job-core	Setup Kubectl Tunnel	2026-02-28T07:19:33.1844120Z [36;1m# -f: Background, -N: No command, -L: Local forwarding[0m
job-core	Setup Kubectl Tunnel	2026-02-28T07:19:33.1853620Z [36;1m# Maps LocalPort:RemoteHost:RemotePort. [0m
job-core	Setup Kubectl Tunnel	2026-02-28T07:19:33.1854230Z [36;1m# We map Runner:6443 -> Remote:Localhost:6443 (Assuming API is local to the SSH host)[0m
job-core	Setup Kubectl Tunnel	2026-02-28T07:19:33.1854985Z [36;1mssh -f -N -L 6443:127.0.0.1:6443 \[0m
job-core	Setup Kubectl Tunnel	2026-02-28T07:19:33.1855354Z [36;1m    -p *** \[0m
job-core	Setup Kubectl Tunnel	2026-02-28T07:19:33.1855619Z [36;1m    -i ~/.ssh/id_rsa \[0m
job-core	Setup Kubectl Tunnel	2026-02-28T07:19:33.1855958Z [36;1m    ***@***[0m
job-core	Setup Kubectl Tunnel	2026-02-28T07:19:33.1856197Z [36;1m[0m
job-core	Setup Kubectl Tunnel	2026-02-28T07:19:33.1856457Z [36;1mecho "Tunnel established on 127.0.0.1:6443"[0m
job-core	Setup Kubectl Tunnel	2026-02-28T07:19:33.1872911Z shell: /usr/bin/bash --noprofile --norc -e -o pipefail {0}
job-core	Setup Kubectl Tunnel	2026-02-28T07:19:33.1873311Z env:
job-core	Setup Kubectl Tunnel	2026-02-28T07:19:33.1873559Z   KAOS_MODULE: [Ka0S] Watchdog Node Health
job-core	Setup Kubectl Tunnel	2026-02-28T07:19:33.1873966Z   pythonLocation: /home/runner/_work/_tool/Python/3.14.3/x64
job-core	Setup Kubectl Tunnel	2026-02-28T07:19:33.1874470Z   PKG_CONFIG_PATH: /home/runner/_work/_tool/Python/3.14.3/x64/lib/pkgconfig
job-core	Setup Kubectl Tunnel	2026-02-28T07:19:33.1885366Z   Python_ROOT_DIR: /home/runner/_work/_tool/Python/3.14.3/x64
job-core	Setup Kubectl Tunnel	2026-02-28T07:19:33.1897759Z   Python2_ROOT_DIR: /home/runner/_work/_tool/Python/3.14.3/x64
job-core	Setup Kubectl Tunnel	2026-02-28T07:19:33.1898256Z   Python3_ROOT_DIR: /home/runner/_work/_tool/Python/3.14.3/x64
job-core	Setup Kubectl Tunnel	2026-02-28T07:19:33.1899147Z   LD_LIBRARY_PATH: /home/runner/_work/_tool/Python/3.14.3/x64/lib
job-core	Setup Kubectl Tunnel	2026-02-28T07:19:33.1899535Z ##[endgroup]
job-core	Setup Kubectl Tunnel	2026-02-28T07:19:33.1950054Z Starting SSH Tunnel to ***...
job-core	Setup Kubectl Tunnel	2026-02-28T07:19:33.3789110Z Tunnel established on 127.0.0.1:6443
job-core	Setup Kubectl Tunnel	2026-02-28T07:19:33.3824303Z ##[group]Run # Fetch kubeconfig from default location on remote
job-core	Setup Kubectl Tunnel	2026-02-28T07:19:33.3824940Z [36;1m# Fetch kubeconfig from default location on remote[0m
job-core	Setup Kubectl Tunnel	2026-02-28T07:19:33.3825394Z [36;1mecho "Fetching remote kubeconfig..."[0m
job-core	Setup Kubectl Tunnel	2026-02-28T07:19:33.3826021Z [36;1mssh -p *** -i ~/.ssh/id_rsa ***@*** "cat ~/.kube/config" > ./kubeconfig_raw[0m
job-core	Setup Kubectl Tunnel	2026-02-28T07:19:33.3826479Z [36;1m[0m
job-core	Setup Kubectl Tunnel	2026-02-28T07:19:33.3826786Z [36;1m# Patch the server URL to point to the local tunnel[0m
job-core	Setup Kubectl Tunnel	2026-02-28T07:19:33.3827285Z [36;1m# Replaces any IP/Hostname in the server URL with 127.0.0.1[0m
job-core	Setup Kubectl Tunnel	2026-02-28T07:19:33.3827883Z [36;1m# Example: https://***:6443 -> https://127.0.0.1:6443[0m
job-core	Setup Kubectl Tunnel	2026-02-28T07:19:33.3828623Z [36;1msed -E "s/server: https:\/\/[0-9a-zA-Z\.\-]+:6443/server: https:\/\/127.0.0.1:6443/g" ./kubeconfig_raw > ./kubeconfig_tunneled[0m
job-core	Setup Kubectl Tunnel	2026-02-28T07:19:33.3829272Z [36;1m[0m
job-core	Setup Kubectl Tunnel	2026-02-28T07:19:33.3829514Z [36;1m# Move to a standard location[0m
job-core	Setup Kubectl Tunnel	2026-02-28T07:19:33.3829846Z [36;1mmkdir -p ~/.kube[0m
job-core	Setup Kubectl Tunnel	2026-02-28T07:19:33.3830175Z [36;1mmv ./kubeconfig_tunneled ~/.kube/config[0m
job-core	Setup Kubectl Tunnel	2026-02-28T07:19:33.3830539Z [36;1mchmod 600 ~/.kube/config[0m
job-core	Setup Kubectl Tunnel	2026-02-28T07:19:33.3831135Z [36;1m[0m
job-core	Setup Kubectl Tunnel	2026-02-28T07:19:33.3831578Z [36;1m# Set Skip TLS Verify (since certificate is for the private IP/Hostname, not localhost)[0m
job-core	Setup Kubectl Tunnel	2026-02-28T07:19:33.3832283Z [36;1m# We must detect the cluster name dynamically because it might not be 'default'[0m
job-core	Setup Kubectl Tunnel	2026-02-28T07:19:33.3832762Z [36;1m[0m
job-core	Setup Kubectl Tunnel	2026-02-28T07:19:33.3833076Z [36;1mCURRENT_CONTEXT=$(kubectl config current-context)[0m
job-core	Setup Kubectl Tunnel	2026-02-28T07:19:33.3833762Z [36;1mCLUSTER_NAME=$(kubectl config view -o jsonpath="{.contexts[?(@.name=='$CURRENT_CONTEXT')].context.cluster}")[0m
job-core	Setup Kubectl Tunnel	2026-02-28T07:19:33.3834370Z [36;1m[0m
job-core	Setup Kubectl Tunnel	2026-02-28T07:19:33.3835500Z [36;1mecho "Configuring TLS skip for cluster: $CLUSTER_NAME"[0m
job-core	Setup Kubectl Tunnel	2026-02-28T07:19:33.3835910Z [36;1m[0m
job-core	Setup Kubectl Tunnel	2026-02-28T07:19:33.3836201Z [36;1m# Disable TLS verification for the active cluster[0m
job-core	Setup Kubectl Tunnel	2026-02-28T07:19:33.3836764Z [36;1mkubectl config set-cluster "$CLUSTER_NAME" --insecure-skip-tls-verify=true[0m
job-core	Setup Kubectl Tunnel	2026-02-28T07:19:33.3837254Z [36;1m[0m
job-core	Setup Kubectl Tunnel	2026-02-28T07:19:33.3837590Z [36;1m# Unset CA data to ensure insecure mode works (avoid conflicts)[0m
job-core	Setup Kubectl Tunnel	2026-02-28T07:19:33.3838216Z [36;1mkubectl config unset "clusters.$CLUSTER_NAME.certificate-authority-data"[0m
job-core	Setup Kubectl Tunnel	2026-02-28T07:19:33.3838697Z [36;1m[0m
job-core	Setup Kubectl Tunnel	2026-02-28T07:19:33.3838974Z [36;1mecho "path=~/.kube/config" >> $GITHUB_OUTPUT[0m
job-core	Setup Kubectl Tunnel	2026-02-28T07:19:33.3839403Z [36;1mecho "Kubeconfig configured successfully."[0m
job-core	Setup Kubectl Tunnel	2026-02-28T07:19:33.3852273Z shell: /usr/bin/bash --noprofile --norc -e -o pipefail {0}
job-core	Setup Kubectl Tunnel	2026-02-28T07:19:33.3852675Z env:
job-core	Setup Kubectl Tunnel	2026-02-28T07:19:33.3852938Z   KAOS_MODULE: [Ka0S] Watchdog Node Health
job-core	Setup Kubectl Tunnel	2026-02-28T07:19:33.3853369Z   pythonLocation: /home/runner/_work/_tool/Python/3.14.3/x64
job-core	Setup Kubectl Tunnel	2026-02-28T07:19:33.3853893Z   PKG_CONFIG_PATH: /home/runner/_work/_tool/Python/3.14.3/x64/lib/pkgconfig
job-core	Setup Kubectl Tunnel	2026-02-28T07:19:33.3854432Z   Python_ROOT_DIR: /home/runner/_work/_tool/Python/3.14.3/x64
job-core	Setup Kubectl Tunnel	2026-02-28T07:19:33.3855127Z   Python2_ROOT_DIR: /home/runner/_work/_tool/Python/3.14.3/x64
job-core	Setup Kubectl Tunnel	2026-02-28T07:19:33.3855604Z   Python3_ROOT_DIR: /home/runner/_work/_tool/Python/3.14.3/x64
job-core	Setup Kubectl Tunnel	2026-02-28T07:19:33.3856097Z   LD_LIBRARY_PATH: /home/runner/_work/_tool/Python/3.14.3/x64/lib
job-core	Setup Kubectl Tunnel	2026-02-28T07:19:33.3856498Z ##[endgroup]
job-core	Setup Kubectl Tunnel	2026-02-28T07:19:33.3910864Z Fetching remote kubeconfig...
job-core	Setup Kubectl Tunnel	2026-02-28T07:19:35.2198594Z Configuring TLS skip for cluster: kubernetes
job-core	Setup Kubectl Tunnel	2026-02-28T07:19:35.2614204Z Cluster "kubernetes" set.
job-core	Setup Kubectl Tunnel	2026-02-28T07:19:35.3060417Z Property "clusters.kubernetes.certificate-authority-data" unset.
job-core	Setup Kubectl Tunnel	2026-02-28T07:19:35.3094306Z Kubeconfig configured successfully.
job-core	Setup Kubectl Tunnel	2026-02-28T07:19:35.3145678Z ##[group]Run kubectl get nodes
job-core	Setup Kubectl Tunnel	2026-02-28T07:19:35.3146295Z [36;1mkubectl get nodes[0m
job-core	Setup Kubectl Tunnel	2026-02-28T07:19:35.3160068Z shell: /usr/bin/bash --noprofile --norc -e -o pipefail {0}
job-core	Setup Kubectl Tunnel	2026-02-28T07:19:35.3160451Z env:
job-core	Setup Kubectl Tunnel	2026-02-28T07:19:35.3160684Z   KAOS_MODULE: [Ka0S] Watchdog Node Health
job-core	Setup Kubectl Tunnel	2026-02-28T07:19:35.3161083Z   pythonLocation: /home/runner/_work/_tool/Python/3.14.3/x64
job-core	Setup Kubectl Tunnel	2026-02-28T07:19:35.3161692Z   PKG_CONFIG_PATH: /home/runner/_work/_tool/Python/3.14.3/x64/lib/pkgconfig
job-core	Setup Kubectl Tunnel	2026-02-28T07:19:35.3162182Z   Python_ROOT_DIR: /home/runner/_work/_tool/Python/3.14.3/x64
job-core	Setup Kubectl Tunnel	2026-02-28T07:19:35.3162620Z   Python2_ROOT_DIR: /home/runner/_work/_tool/Python/3.14.3/x64
job-core	Setup Kubectl Tunnel	2026-02-28T07:19:35.3163051Z   Python3_ROOT_DIR: /home/runner/_work/_tool/Python/3.14.3/x64
job-core	Setup Kubectl Tunnel	2026-02-28T07:19:35.3163489Z   LD_LIBRARY_PATH: /home/runner/_work/_tool/Python/3.14.3/x64/lib
job-core	Setup Kubectl Tunnel	2026-02-28T07:19:35.3163857Z ##[endgroup]
job-core	Setup Kubectl Tunnel	2026-02-28T07:19:35.4387635Z NAME         STATUS                     ROLES           AGE   VERSION
job-core	Setup Kubectl Tunnel	2026-02-28T07:19:35.4388612Z k8-manager   Ready                      control-plane   71d   v1.32.11
job-core	Setup Kubectl Tunnel	2026-02-28T07:19:35.4389466Z k8-node-20   Ready                      <none>          71d   v1.32.11
job-core	Setup Kubectl Tunnel	2026-02-28T07:19:35.4390320Z k8-node-30   Ready,SchedulingDisabled   <none>          51d   v1.32.11
job-core	Setup Kubectl Tunnel	2026-02-28T07:19:35.4391179Z k8-node-40   Ready,SchedulingDisabled   <none>          23d   v1.32.11
job-core	Detect Unhealthy Nodes	ï»¿2026-02-28T07:19:35.4580534Z ##[group]Run chmod +x .github/scripts/watchdog-disk-pressure.py
job-core	Detect Unhealthy Nodes	2026-02-28T07:19:35.4581109Z [36;1mchmod +x .github/scripts/watchdog-disk-pressure.py[0m
job-core	Detect Unhealthy Nodes	2026-02-28T07:19:35.4581599Z [36;1mNODES=$(python3 .github/scripts/watchdog-disk-pressure.py)[0m
job-core	Detect Unhealthy Nodes	2026-02-28T07:19:35.4581985Z [36;1m[0m
job-core	Detect Unhealthy Nodes	2026-02-28T07:19:35.4582204Z [36;1mif [ -z "$NODES" ]; then[0m
job-core	Detect Unhealthy Nodes	2026-02-28T07:19:35.4582561Z [36;1m  echo "âœ… All nodes are healthy (No DiskPressure)."[0m
job-core	Detect Unhealthy Nodes	2026-02-28T07:19:35.4582940Z [36;1m  echo "nodes=" >> $GITHUB_OUTPUT[0m
job-core	Detect Unhealthy Nodes	2026-02-28T07:19:35.4583229Z [36;1melse[0m
job-core	Detect Unhealthy Nodes	2026-02-28T07:19:35.4583496Z [36;1m  echo "âš ï¸ Found nodes with DiskPressure:"[0m
job-core	Detect Unhealthy Nodes	2026-02-28T07:19:35.4583849Z [36;1m  echo "$NODES"[0m
job-core	Detect Unhealthy Nodes	2026-02-28T07:19:35.4584215Z [36;1m  # Replace newlines with spaces or keep as multiline for output? [0m
job-core	Detect Unhealthy Nodes	2026-02-28T07:19:35.4595526Z [36;1m  # Multiline strings in output are tricky. Let's use JSON or just space separated.[0m
job-core	Detect Unhealthy Nodes	2026-02-28T07:19:35.4596182Z [36;1m  # For loop below handles space separated fine if names don't have spaces.[0m
job-core	Detect Unhealthy Nodes	2026-02-28T07:19:35.4596728Z [36;1m  NODES_FLAT=$(echo "$NODES" | tr '\n' ' ')[0m
job-core	Detect Unhealthy Nodes	2026-02-28T07:19:35.4597111Z [36;1m  echo "nodes=$NODES_FLAT" >> $GITHUB_OUTPUT[0m
job-core	Detect Unhealthy Nodes	2026-02-28T07:19:35.4597444Z [36;1mfi[0m
job-core	Detect Unhealthy Nodes	2026-02-28T07:19:35.4615748Z shell: /usr/bin/bash -e {0}
job-core	Detect Unhealthy Nodes	2026-02-28T07:19:35.4616037Z env:
job-core	Detect Unhealthy Nodes	2026-02-28T07:19:35.4616269Z   KAOS_MODULE: [Ka0S] Watchdog Node Health
job-core	Detect Unhealthy Nodes	2026-02-28T07:19:35.4616649Z   pythonLocation: /home/runner/_work/_tool/Python/3.14.3/x64
job-core	Detect Unhealthy Nodes	2026-02-28T07:19:35.4617126Z   PKG_CONFIG_PATH: /home/runner/_work/_tool/Python/3.14.3/x64/lib/pkgconfig
job-core	Detect Unhealthy Nodes	2026-02-28T07:19:35.4617601Z   Python_ROOT_DIR: /home/runner/_work/_tool/Python/3.14.3/x64
job-core	Detect Unhealthy Nodes	2026-02-28T07:19:35.4618042Z   Python2_ROOT_DIR: /home/runner/_work/_tool/Python/3.14.3/x64
job-core	Detect Unhealthy Nodes	2026-02-28T07:19:35.4618465Z   Python3_ROOT_DIR: /home/runner/_work/_tool/Python/3.14.3/x64
job-core	Detect Unhealthy Nodes	2026-02-28T07:19:35.4618897Z   LD_LIBRARY_PATH: /home/runner/_work/_tool/Python/3.14.3/x64/lib
job-core	Detect Unhealthy Nodes	2026-02-28T07:19:35.4619255Z ##[endgroup]
job-core	Detect Unhealthy Nodes	2026-02-28T07:19:35.6105994Z âœ… All nodes are healthy (No DiskPressure).
job-core	Post Setup Python	ï»¿2026-02-28T07:19:35.6288409Z Post job cleanup.
job-core	Post Checkout	ï»¿2026-02-28T07:19:35.8328798Z Post job cleanup.
job-core	Post Checkout	2026-02-28T07:19:35.9418156Z [command]/usr/bin/git version
job-core	Post Checkout	2026-02-28T07:19:35.9463407Z git version 2.53.0
job-core	Post Checkout	2026-02-28T07:19:35.9513288Z Temporarily overriding HOME='/home/runner/_work/_temp/2d0da941-a86c-43fd-acaf-cd9b161b3eff' before making global git config changes
job-core	Post Checkout	2026-02-28T07:19:35.9514200Z Adding repository directory to the temporary git global config as a safe directory
job-core	Post Checkout	2026-02-28T07:19:35.9519463Z [command]/usr/bin/git config --global --add safe.directory /home/runner/_work/ka0s/ka0s
job-core	Post Checkout	2026-02-28T07:19:35.9572206Z [command]/usr/bin/git config --local --name-only --get-regexp core\.sshCommand
job-core	Post Checkout	2026-02-28T07:19:35.9628104Z [command]/usr/bin/git submodule foreach --recursive sh -c "git config --local --name-only --get-regexp 'core\.sshCommand' && git config --local --unset-all 'core.sshCommand' || :"
job-core	Post Checkout	2026-02-28T07:19:35.9972172Z [command]/usr/bin/git config --local --name-only --get-regexp http\.https\:\/\/github\.com\/\.extraheader
job-core	Post Checkout	2026-02-28T07:19:36.0005449Z http.https://github.com/.extraheader
job-core	Post Checkout	2026-02-28T07:19:36.0016791Z [command]/usr/bin/git config --local --unset-all http.https://github.com/.extraheader
job-core	Post Checkout	2026-02-28T07:19:36.0061583Z [command]/usr/bin/git submodule foreach --recursive sh -c "git config --local --name-only --get-regexp 'http\.https\:\/\/github\.com\/\.extraheader' && git config --local --unset-all 'http.https://github.com/.extraheader' || :"
job-core	Post Checkout	2026-02-28T07:19:36.0409492Z [command]/usr/bin/git config --local --name-only --get-regexp ^includeIf\.gitdir:
job-core	Post Checkout	2026-02-28T07:19:36.0451311Z [command]/usr/bin/git submodule foreach --recursive git config --local --show-origin --name-only --get-regexp remote.origin.url
job-core	Complete job	ï»¿2026-02-28T07:19:36.1000344Z Evaluate and set job outputs
job-core	Complete job	2026-02-28T07:19:36.1008051Z Cleaning up orphan processes
job-core	Complete job	2026-02-28T07:19:36.1053940Z Terminate orphan process: pid (267) (ssh)
handle-success	Set up job	ï»¿2026-02-28T07:19:50.1319909Z Current runner version: '2.332.0'
handle-success	Set up job	2026-02-28T07:19:50.1329639Z Runner name: 'swarm-runners-scaleset-hkss5-runner-ttcns'
handle-success	Set up job	2026-02-28T07:19:50.1330748Z Runner group name: 'Default'
handle-success	Set up job	2026-02-28T07:19:50.1331850Z Machine name: 'swarm-runners-scaleset-hkss5-runner-ttcns'
handle-success	Set up job	2026-02-28T07:19:50.1336205Z ##[group]GITHUB_TOKEN Permissions
handle-success	Set up job	2026-02-28T07:19:50.1339022Z Actions: write
handle-success	Set up job	2026-02-28T07:19:50.1339737Z Contents: read
handle-success	Set up job	2026-02-28T07:19:50.1340342Z Issues: write
handle-success	Set up job	2026-02-28T07:19:50.1340902Z Metadata: read
handle-success	Set up job	2026-02-28T07:19:50.1341535Z ##[endgroup]
handle-success	Set up job	2026-02-28T07:19:50.1343933Z Secret source: Actions
handle-success	Set up job	2026-02-28T07:19:50.1344982Z Prepare workflow directory
handle-success	Set up job	2026-02-28T07:19:50.1895036Z Prepare all required actions
handle-success	Set up job	2026-02-28T07:19:50.1936784Z Getting action download info
handle-success	Set up job	2026-02-28T07:19:50.7796152Z Download action repository 'actions/checkout@v4' (SHA:34e114876b0b11c390a56381ad16ebd13914f8d5)
handle-success	Set up job	2026-02-28T07:19:51.6884167Z Complete job name: handle-success
handle-success	Log Success	ï»¿2026-02-28T07:19:51.7417137Z ##[group]Run echo "Watchdog scan completed successfully."
handle-success	Log Success	2026-02-28T07:19:51.7418147Z [36;1mecho "Watchdog scan completed successfully."[0m
handle-success	Log Success	2026-02-28T07:19:51.7434327Z shell: /usr/bin/bash -e {0}
handle-success	Log Success	2026-02-28T07:19:51.7435398Z env:
handle-success	Log Success	2026-02-28T07:19:51.7435894Z   KAOS_MODULE: [Ka0S] Watchdog Node Health
handle-success	Log Success	2026-02-28T07:19:51.7436891Z   GH_TOKEN: ***
handle-success	Log Success	2026-02-28T07:19:51.7437321Z ##[endgroup]
handle-success	Log Success	2026-02-28T07:19:51.7571178Z Watchdog scan completed successfully.
handle-success	Checkout Repository	ï»¿2026-02-28T07:19:51.7886863Z ##[group]Run actions/checkout@v4
handle-success	Checkout Repository	2026-02-28T07:19:51.7891837Z with:
handle-success	Checkout Repository	2026-02-28T07:19:51.7892312Z   fetch-depth: 0
handle-success	Checkout Repository	2026-02-28T07:19:51.7892765Z   repository: Ka0s-Klaus/ka0s
handle-success	Checkout Repository	2026-02-28T07:19:51.7893556Z   token: ***
handle-success	Checkout Repository	2026-02-28T07:19:51.7893990Z   ssh-strict: true
handle-success	Checkout Repository	2026-02-28T07:19:51.7894416Z   ssh-user: git
handle-success	Checkout Repository	2026-02-28T07:19:51.7895249Z   persist-credentials: true
handle-success	Checkout Repository	2026-02-28T07:19:51.7895863Z   clean: true
handle-success	Checkout Repository	2026-02-28T07:19:51.7896298Z   sparse-checkout-cone-mode: true
handle-success	Checkout Repository	2026-02-28T07:19:51.7896819Z   fetch-tags: false
handle-success	Checkout Repository	2026-02-28T07:19:51.7897248Z   show-progress: true
handle-success	Checkout Repository	2026-02-28T07:19:51.7897720Z   lfs: false
handle-success	Checkout Repository	2026-02-28T07:19:51.7898122Z   submodules: false
handle-success	Checkout Repository	2026-02-28T07:19:51.7898561Z   set-safe-directory: true
handle-success	Checkout Repository	2026-02-28T07:19:51.7899028Z env:
handle-success	Checkout Repository	2026-02-28T07:19:51.7899446Z   KAOS_MODULE: [Ka0S] Watchdog Node Health
handle-success	Checkout Repository	2026-02-28T07:19:51.7900158Z   GH_TOKEN: ***
handle-success	Checkout Repository	2026-02-28T07:19:51.7900579Z ##[endgroup]
handle-success	Checkout Repository	2026-02-28T07:19:51.9156965Z Syncing repository: Ka0s-Klaus/ka0s
handle-success	Checkout Repository	2026-02-28T07:19:51.9159165Z ##[group]Getting Git version info
handle-success	Checkout Repository	2026-02-28T07:19:51.9160007Z Working directory is '/home/runner/_work/ka0s/ka0s'
handle-success	Checkout Repository	2026-02-28T07:19:51.9161125Z [command]/usr/bin/git version
handle-success	Checkout Repository	2026-02-28T07:19:51.9161682Z git version 2.53.0
handle-success	Checkout Repository	2026-02-28T07:19:51.9189479Z ##[endgroup]
handle-success	Checkout Repository	2026-02-28T07:19:51.9210933Z Temporarily overriding HOME='/home/runner/_work/_temp/87cd61b9-8999-4867-a97e-76f63fbe4933' before making global git config changes
handle-success	Checkout Repository	2026-02-28T07:19:51.9212638Z Adding repository directory to the temporary git global config as a safe directory
handle-success	Checkout Repository	2026-02-28T07:19:51.9214368Z [command]/usr/bin/git config --global --add safe.directory /home/runner/_work/ka0s/ka0s
handle-success	Checkout Repository	2026-02-28T07:19:51.9262302Z Deleting the contents of '/home/runner/_work/ka0s/ka0s'
handle-success	Checkout Repository	2026-02-28T07:19:51.9267628Z ##[group]Initializing the repository
handle-success	Checkout Repository	2026-02-28T07:19:51.9282581Z [command]/usr/bin/git init /home/runner/_work/ka0s/ka0s
handle-success	Checkout Repository	2026-02-28T07:19:51.9344116Z hint: Using 'master' as the name for the initial branch. This default branch name
handle-success	Checkout Repository	2026-02-28T07:19:51.9347171Z hint: will change to "main" in Git 3.0. To configure the initial branch name
handle-success	Checkout Repository	2026-02-28T07:19:51.9348303Z hint: to use in all of your new repositories, which will suppress this warning,
handle-success	Checkout Repository	2026-02-28T07:19:51.9349176Z hint: call:
handle-success	Checkout Repository	2026-02-28T07:19:51.9349563Z hint:
handle-success	Checkout Repository	2026-02-28T07:19:51.9350084Z hint: 	git config --global init.defaultBranch <name>
handle-success	Checkout Repository	2026-02-28T07:19:51.9350695Z hint:
handle-success	Checkout Repository	2026-02-28T07:19:51.9351260Z hint: Names commonly chosen instead of 'master' are 'main', 'trunk' and
handle-success	Checkout Repository	2026-02-28T07:19:51.9352204Z hint: 'development'. The just-created branch can be renamed via this command:
handle-success	Checkout Repository	2026-02-28T07:19:51.9353556Z hint:
handle-success	Checkout Repository	2026-02-28T07:19:51.9353989Z hint: 	git branch -m <name>
handle-success	Checkout Repository	2026-02-28T07:19:51.9354466Z hint:
handle-success	Checkout Repository	2026-02-28T07:19:51.9359251Z hint: Disable this message with "git config set advice.defaultBranchName false"
handle-success	Checkout Repository	2026-02-28T07:19:51.9360825Z Initialized empty Git repository in /home/runner/_work/ka0s/ka0s/.git/
handle-success	Checkout Repository	2026-02-28T07:19:51.9362857Z [command]/usr/bin/git remote add origin https://github.com/Ka0s-Klaus/ka0s
handle-success	Checkout Repository	2026-02-28T07:19:51.9401439Z ##[endgroup]
handle-success	Checkout Repository	2026-02-28T07:19:51.9402292Z ##[group]Disabling automatic garbage collection
handle-success	Checkout Repository	2026-02-28T07:19:51.9405337Z [command]/usr/bin/git config --local gc.auto 0
handle-success	Checkout Repository	2026-02-28T07:19:51.9451159Z ##[endgroup]
handle-success	Checkout Repository	2026-02-28T07:19:51.9451957Z ##[group]Setting up auth
handle-success	Checkout Repository	2026-02-28T07:19:51.9460679Z [command]/usr/bin/git config --local --name-only --get-regexp core\.sshCommand
handle-success	Checkout Repository	2026-02-28T07:19:51.9502443Z [command]/usr/bin/git submodule foreach --recursive sh -c "git config --local --name-only --get-regexp 'core\.sshCommand' && git config --local --unset-all 'core.sshCommand' || :"
handle-success	Checkout Repository	2026-02-28T07:19:51.9838003Z [command]/usr/bin/git config --local --name-only --get-regexp http\.https\:\/\/github\.com\/\.extraheader
handle-success	Checkout Repository	2026-02-28T07:19:51.9877147Z [command]/usr/bin/git submodule foreach --recursive sh -c "git config --local --name-only --get-regexp 'http\.https\:\/\/github\.com\/\.extraheader' && git config --local --unset-all 'http.https://github.com/.extraheader' || :"
handle-success	Checkout Repository	2026-02-28T07:19:52.0229777Z [command]/usr/bin/git config --local --name-only --get-regexp ^includeIf\.gitdir:
handle-success	Checkout Repository	2026-02-28T07:19:52.0271598Z [command]/usr/bin/git submodule foreach --recursive git config --local --show-origin --name-only --get-regexp remote.origin.url
handle-success	Checkout Repository	2026-02-28T07:19:52.0597802Z [command]/usr/bin/git config --local http.https://github.com/.extraheader AUTHORIZATION: basic ***
handle-success	Checkout Repository	2026-02-28T07:19:52.0645116Z ##[endgroup]
handle-success	Checkout Repository	2026-02-28T07:19:52.0646007Z ##[group]Fetching the repository
handle-success	Checkout Repository	2026-02-28T07:19:52.0653825Z [command]/usr/bin/git -c protocol.version=2 fetch --prune --no-recurse-submodules origin +refs/heads/*:refs/remotes/origin/* +refs/tags/*:refs/tags/*
handle-success	Checkout Repository	2026-02-28T07:20:12.8638319Z From https://github.com/Ka0s-Klaus/ka0s
handle-success	Checkout Repository	2026-02-28T07:20:12.8640657Z  * [new branch]          F3450-modelo-operativo -> origin/F3450-modelo-operativo
handle-success	Checkout Repository	2026-02-28T07:20:12.8641337Z  * [new branch]          H1276-modulo-observabilidad -> origin/H1276-modulo-observabilidad
handle-success	Checkout Repository	2026-02-28T07:20:12.8641975Z  * [new branch]          H3596-deploy-itop      -> origin/H3596-deploy-itop
handle-success	Checkout Repository	2026-02-28T07:20:12.8642729Z  * [new branch]          H4170-flujo-detallado-zabbix---github -> origin/H4170-flujo-detallado-zabbix---github
handle-success	Checkout Repository	2026-02-28T07:20:12.8643445Z  * [new branch]          H4191-request-cambios  -> origin/H4191-request-cambios
handle-success	Checkout Repository	2026-02-28T07:20:12.8644225Z  * [new branch]          H4200-request-recomendaciones-de-auditoria -> origin/H4200-request-recomendaciones-de-auditoria
handle-success	Checkout Repository	2026-02-28T07:20:12.8645111Z  * [new branch]          main                   -> origin/main
handle-success	Checkout Repository	2026-02-28T07:20:12.8645605Z  * [new tag]             0.0.0                  -> 0.0.0
handle-success	Checkout Repository	2026-02-28T07:20:12.8669669Z  * [new tag]             0.0.1                  -> 0.0.1
handle-success	Checkout Repository	2026-02-28T07:20:12.8670488Z  * [new tag]             0.0.10                 -> 0.0.10
handle-success	Checkout Repository	2026-02-28T07:20:12.8670946Z  * [new tag]             0.0.100                -> 0.0.100
handle-success	Checkout Repository	2026-02-28T07:20:12.8671333Z  * [new tag]             0.0.101                -> 0.0.101
handle-success	Checkout Repository	2026-02-28T07:20:12.8671739Z  * [new tag]             0.0.102                -> 0.0.102
handle-success	Checkout Repository	2026-02-28T07:20:12.8672246Z  * [new tag]             0.0.103                -> 0.0.103
handle-success	Checkout Repository	2026-02-28T07:20:12.8672675Z  * [new tag]             0.0.104                -> 0.0.104
handle-success	Checkout Repository	2026-02-28T07:20:12.8673066Z  * [new tag]             0.0.105                -> 0.0.105
handle-success	Checkout Repository	2026-02-28T07:20:12.8673448Z  * [new tag]             0.0.106                -> 0.0.106
handle-success	Checkout Repository	2026-02-28T07:20:12.8673875Z  * [new tag]             0.0.107                -> 0.0.107
handle-success	Checkout Repository	2026-02-28T07:20:12.8674256Z  * [new tag]             0.0.108                -> 0.0.108
handle-success	Checkout Repository	2026-02-28T07:20:12.8674991Z  * [new tag]             0.0.109                -> 0.0.109
handle-success	Checkout Repository	2026-02-28T07:20:12.8675969Z  * [new tag]             0.0.11                 -> 0.0.11
handle-success	Checkout Repository	2026-02-28T07:20:12.8676393Z  * [new tag]             0.0.110                -> 0.0.110
handle-success	Checkout Repository	2026-02-28T07:20:12.8676785Z  * [new tag]             0.0.111                -> 0.0.111
handle-success	Checkout Repository	2026-02-28T07:20:12.8677179Z  * [new tag]             0.0.112                -> 0.0.112
handle-success	Checkout Repository	2026-02-28T07:20:12.8677573Z  * [new tag]             0.0.113                -> 0.0.113
handle-success	Checkout Repository	2026-02-28T07:20:12.8677983Z  * [new tag]             0.0.114                -> 0.0.114
handle-success	Checkout Repository	2026-02-28T07:20:12.8678381Z  * [new tag]             0.0.115                -> 0.0.115
handle-success	Checkout Repository	2026-02-28T07:20:12.8678800Z  * [new tag]             0.0.116                -> 0.0.116
handle-success	Checkout Repository	2026-02-28T07:20:12.8679286Z  * [new tag]             0.0.117                -> 0.0.117
handle-success	Checkout Repository	2026-02-28T07:20:12.8679773Z  * [new tag]             0.0.118                -> 0.0.118
handle-success	Checkout Repository	2026-02-28T07:20:12.8680168Z  * [new tag]             0.0.119                -> 0.0.119
handle-success	Checkout Repository	2026-02-28T07:20:12.8680575Z  * [new tag]             0.0.12                 -> 0.0.12
handle-success	Checkout Repository	2026-02-28T07:20:12.8680962Z  * [new tag]             0.0.120                -> 0.0.120
handle-success	Checkout Repository	2026-02-28T07:20:12.8681344Z  * [new tag]             0.0.121                -> 0.0.121
handle-success	Checkout Repository	2026-02-28T07:20:12.8681732Z  * [new tag]             0.0.122                -> 0.0.122
handle-success	Checkout Repository	2026-02-28T07:20:12.8682122Z  * [new tag]             0.0.123                -> 0.0.123
handle-success	Checkout Repository	2026-02-28T07:20:12.8682837Z  * [new tag]             0.0.124                -> 0.0.124
handle-success	Checkout Repository	2026-02-28T07:20:12.8683217Z  * [new tag]             0.0.125                -> 0.0.125
handle-success	Checkout Repository	2026-02-28T07:20:12.8683614Z  * [new tag]             0.0.126                -> 0.0.126
handle-success	Checkout Repository	2026-02-28T07:20:12.8684005Z  * [new tag]             0.0.127                -> 0.0.127
handle-success	Checkout Repository	2026-02-28T07:20:12.8684384Z  * [new tag]             0.0.128                -> 0.0.128
handle-success	Checkout Repository	2026-02-28T07:20:12.8703874Z  * [new tag]             0.0.129                -> 0.0.129
handle-success	Checkout Repository	2026-02-28T07:20:12.8704290Z  * [new tag]             0.0.13                 -> 0.0.13
handle-success	Checkout Repository	2026-02-28T07:20:12.8707160Z  * [new tag]             0.0.130                -> 0.0.130
handle-success	Checkout Repository	2026-02-28T07:20:12.8707548Z  * [new tag]             0.0.131                -> 0.0.131
handle-success	Checkout Repository	2026-02-28T07:20:12.8707927Z  * [new tag]             0.0.132                -> 0.0.132
handle-success	Checkout Repository	2026-02-28T07:20:12.8708301Z  * [new tag]             0.0.133                -> 0.0.133
handle-success	Checkout Repository	2026-02-28T07:20:12.8708675Z  * [new tag]             0.0.134                -> 0.0.134
handle-success	Checkout Repository	2026-02-28T07:20:12.8709091Z  * [new tag]             0.0.135                -> 0.0.135
handle-success	Checkout Repository	2026-02-28T07:20:12.8709461Z  * [new tag]             0.0.136                -> 0.0.136
handle-success	Checkout Repository	2026-02-28T07:20:12.8709837Z  * [new tag]             0.0.137                -> 0.0.137
handle-success	Checkout Repository	2026-02-28T07:20:12.8710205Z  * [new tag]             0.0.138                -> 0.0.138
handle-success	Checkout Repository	2026-02-28T07:20:12.8710578Z  * [new tag]             0.0.139                -> 0.0.139
handle-success	Checkout Repository	2026-02-28T07:20:12.8710950Z  * [new tag]             0.0.14                 -> 0.0.14
handle-success	Checkout Repository	2026-02-28T07:20:12.8711336Z  * [new tag]             0.0.140                -> 0.0.140
handle-success	Checkout Repository	2026-02-28T07:20:12.8711708Z  * [new tag]             0.0.141                -> 0.0.141
handle-success	Checkout Repository	2026-02-28T07:20:12.8712079Z  * [new tag]             0.0.142                -> 0.0.142
handle-success	Checkout Repository	2026-02-28T07:20:12.8712452Z  * [new tag]             0.0.143                -> 0.0.143
handle-success	Checkout Repository	2026-02-28T07:20:12.8712822Z  * [new tag]             0.0.144                -> 0.0.144
handle-success	Checkout Repository	2026-02-28T07:20:12.8713197Z  * [new tag]             0.0.145                -> 0.0.145
handle-success	Checkout Repository	2026-02-28T07:20:12.8713580Z  * [new tag]             0.0.146                -> 0.0.146
handle-success	Checkout Repository	2026-02-28T07:20:12.8713949Z  * [new tag]             0.0.147                -> 0.0.147
handle-success	Checkout Repository	2026-02-28T07:20:12.8714321Z  * [new tag]             0.0.148                -> 0.0.148
handle-success	Checkout Repository	2026-02-28T07:20:12.8715572Z  * [new tag]             0.0.149                -> 0.0.149
handle-success	Checkout Repository	2026-02-28T07:20:12.8715990Z  * [new tag]             0.0.15                 -> 0.0.15
handle-success	Checkout Repository	2026-02-28T07:20:12.8716414Z  * [new tag]             0.0.150                -> 0.0.150
handle-success	Checkout Repository	2026-02-28T07:20:12.8717078Z  * [new tag]             0.0.151                -> 0.0.151
handle-success	Checkout Repository	2026-02-28T07:20:12.8717457Z  * [new tag]             0.0.152                -> 0.0.152
handle-success	Checkout Repository	2026-02-28T07:20:12.8717837Z  * [new tag]             0.0.153                -> 0.0.153
handle-success	Checkout Repository	2026-02-28T07:20:12.8718224Z  * [new tag]             0.0.154                -> 0.0.154
handle-success	Checkout Repository	2026-02-28T07:20:12.8718605Z  * [new tag]             0.0.155                -> 0.0.155
handle-success	Checkout Repository	2026-02-28T07:20:12.8718995Z  * [new tag]             0.0.156                -> 0.0.156
handle-success	Checkout Repository	2026-02-28T07:20:12.8719382Z  * [new tag]             0.0.157                -> 0.0.157
handle-success	Checkout Repository	2026-02-28T07:20:12.8719762Z  * [new tag]             0.0.158                -> 0.0.158
handle-success	Checkout Repository	2026-02-28T07:20:12.8720145Z  * [new tag]             0.0.159                -> 0.0.159
handle-success	Checkout Repository	2026-02-28T07:20:12.8720526Z  * [new tag]             0.0.16                 -> 0.0.16
handle-success	Checkout Repository	2026-02-28T07:20:12.8720910Z  * [new tag]             0.0.160                -> 0.0.160
handle-success	Checkout Repository	2026-02-28T07:20:12.8721298Z  * [new tag]             0.0.161                -> 0.0.161
handle-success	Checkout Repository	2026-02-28T07:20:12.8721685Z  * [new tag]             0.0.162                -> 0.0.162
handle-success	Checkout Repository	2026-02-28T07:20:12.8722075Z  * [new tag]             0.0.163                -> 0.0.163
handle-success	Checkout Repository	2026-02-28T07:20:12.8722455Z  * [new tag]             0.0.164                -> 0.0.164
handle-success	Checkout Repository	2026-02-28T07:20:12.8722839Z  * [new tag]             0.0.165                -> 0.0.165
handle-success	Checkout Repository	2026-02-28T07:20:12.8723223Z  * [new tag]             0.0.166                -> 0.0.166
handle-success	Checkout Repository	2026-02-28T07:20:12.8723836Z  * [new tag]             0.0.167                -> 0.0.167
handle-success	Checkout Repository	2026-02-28T07:20:12.8724222Z  * [new tag]             0.0.168                -> 0.0.168
handle-success	Checkout Repository	2026-02-28T07:20:12.8724999Z  * [new tag]             0.0.169                -> 0.0.169
handle-success	Checkout Repository	2026-02-28T07:20:12.8725409Z  * [new tag]             0.0.17                 -> 0.0.17
handle-success	Checkout Repository	2026-02-28T07:20:12.8725911Z  * [new tag]             0.0.170                -> 0.0.170
handle-success	Checkout Repository	2026-02-28T07:20:12.8726294Z  * [new tag]             0.0.171                -> 0.0.171
handle-success	Checkout Repository	2026-02-28T07:20:12.8726688Z  * [new tag]             0.0.172                -> 0.0.172
handle-success	Checkout Repository	2026-02-28T07:20:12.8727218Z  * [new tag]             0.0.173                -> 0.0.173
handle-success	Checkout Repository	2026-02-28T07:20:12.8727731Z  * [new tag]             0.0.174                -> 0.0.174
handle-success	Checkout Repository	2026-02-28T07:20:12.8728111Z  * [new tag]             0.0.175                -> 0.0.175
handle-success	Checkout Repository	2026-02-28T07:20:12.8728609Z  * [new tag]             0.0.176                -> 0.0.176
handle-success	Checkout Repository	2026-02-28T07:20:12.8728978Z  * [new tag]             0.0.177                -> 0.0.177
handle-success	Checkout Repository	2026-02-28T07:20:12.8729359Z  * [new tag]             0.0.178                -> 0.0.178
handle-success	Checkout Repository	2026-02-28T07:20:12.8729734Z  * [new tag]             0.0.179                -> 0.0.179
handle-success	Checkout Repository	2026-02-28T07:20:12.8730113Z  * [new tag]             0.0.18                 -> 0.0.18
handle-success	Checkout Repository	2026-02-28T07:20:12.8730485Z  * [new tag]             0.0.19                 -> 0.0.19
handle-success	Checkout Repository	2026-02-28T07:20:12.8730861Z  * [new tag]             0.0.2                  -> 0.0.2
handle-success	Checkout Repository	2026-02-28T07:20:12.8731236Z  * [new tag]             0.0.20                 -> 0.0.20
handle-success	Checkout Repository	2026-02-28T07:20:12.8731611Z  * [new tag]             0.0.21                 -> 0.0.21
handle-success	Checkout Repository	2026-02-28T07:20:12.8731983Z  * [new tag]             0.0.22                 -> 0.0.22
handle-success	Checkout Repository	2026-02-28T07:20:12.8732352Z  * [new tag]             0.0.23                 -> 0.0.23
handle-success	Checkout Repository	2026-02-28T07:20:12.8732728Z  * [new tag]             0.0.24                 -> 0.0.24
handle-success	Checkout Repository	2026-02-28T07:20:12.8733095Z  * [new tag]             0.0.25                 -> 0.0.25
handle-success	Checkout Repository	2026-02-28T07:20:12.8733476Z  * [new tag]             0.0.26                 -> 0.0.26
handle-success	Checkout Repository	2026-02-28T07:20:12.8734128Z  * [new tag]             0.0.27                 -> 0.0.27
handle-success	Checkout Repository	2026-02-28T07:20:12.8734694Z  * [new tag]             0.0.28                 -> 0.0.28
handle-success	Checkout Repository	2026-02-28T07:20:12.8735401Z  * [new tag]             0.0.29                 -> 0.0.29
handle-success	Checkout Repository	2026-02-28T07:20:12.8735772Z  * [new tag]             0.0.3                  -> 0.0.3
handle-success	Checkout Repository	2026-02-28T07:20:12.8736146Z  * [new tag]             0.0.30                 -> 0.0.30
handle-success	Checkout Repository	2026-02-28T07:20:12.8736517Z  * [new tag]             0.0.31                 -> 0.0.31
handle-success	Checkout Repository	2026-02-28T07:20:12.8737111Z  * [new tag]             0.0.32                 -> 0.0.32
handle-success	Checkout Repository	2026-02-28T07:20:12.8737489Z  * [new tag]             0.0.33                 -> 0.0.33
handle-success	Checkout Repository	2026-02-28T07:20:12.8737859Z  * [new tag]             0.0.34                 -> 0.0.34
handle-success	Checkout Repository	2026-02-28T07:20:12.8738772Z  * [new tag]             0.0.35                 -> 0.0.35
handle-success	Checkout Repository	2026-02-28T07:20:12.8739431Z  * [new tag]             0.0.36                 -> 0.0.36
handle-success	Checkout Repository	2026-02-28T07:20:12.8739821Z  * [new tag]             0.0.37                 -> 0.0.37
handle-success	Checkout Repository	2026-02-28T07:20:12.8740457Z  * [new tag]             0.0.38                 -> 0.0.38
handle-success	Checkout Repository	2026-02-28T07:20:12.8740977Z  * [new tag]             0.0.39                 -> 0.0.39
handle-success	Checkout Repository	2026-02-28T07:20:12.8741489Z  * [new tag]             0.0.4                  -> 0.0.4
handle-success	Checkout Repository	2026-02-28T07:20:12.8741868Z  * [new tag]             0.0.40                 -> 0.0.40
handle-success	Checkout Repository	2026-02-28T07:20:12.8742259Z  * [new tag]             0.0.41                 -> 0.0.41
handle-success	Checkout Repository	2026-02-28T07:20:12.8742755Z  * [new tag]             0.0.42                 -> 0.0.42
handle-success	Checkout Repository	2026-02-28T07:20:12.8743133Z  * [new tag]             0.0.43                 -> 0.0.43
handle-success	Checkout Repository	2026-02-28T07:20:12.8743508Z  * [new tag]             0.0.44                 -> 0.0.44
handle-success	Checkout Repository	2026-02-28T07:20:12.8743876Z  * [new tag]             0.0.45                 -> 0.0.45
handle-success	Checkout Repository	2026-02-28T07:20:12.8744248Z  * [new tag]             0.0.46                 -> 0.0.46
handle-success	Checkout Repository	2026-02-28T07:20:12.8745026Z  * [new tag]             0.0.47                 -> 0.0.47
handle-success	Checkout Repository	2026-02-28T07:20:12.8745879Z  * [new tag]             0.0.48                 -> 0.0.48
handle-success	Checkout Repository	2026-02-28T07:20:12.8746253Z  * [new tag]             0.0.49                 -> 0.0.49
handle-success	Checkout Repository	2026-02-28T07:20:12.8746621Z  * [new tag]             0.0.5                  -> 0.0.5
handle-success	Checkout Repository	2026-02-28T07:20:12.8747259Z  * [new tag]             0.0.50                 -> 0.0.50
handle-success	Checkout Repository	2026-02-28T07:20:12.8747652Z  * [new tag]             0.0.51                 -> 0.0.51
handle-success	Checkout Repository	2026-02-28T07:20:12.8748034Z  * [new tag]             0.0.52                 -> 0.0.52
handle-success	Checkout Repository	2026-02-28T07:20:12.8748688Z  * [new tag]             0.0.53                 -> 0.0.53
handle-success	Checkout Repository	2026-02-28T07:20:12.8749074Z  * [new tag]             0.0.54                 -> 0.0.54
handle-success	Checkout Repository	2026-02-28T07:20:12.8749575Z  * [new tag]             0.0.55                 -> 0.0.55
handle-success	Checkout Repository	2026-02-28T07:20:12.8749945Z  * [new tag]             0.0.56                 -> 0.0.56
handle-success	Checkout Repository	2026-02-28T07:20:12.8750317Z  * [new tag]             0.0.57                 -> 0.0.57
handle-success	Checkout Repository	2026-02-28T07:20:12.8750681Z  * [new tag]             0.0.58                 -> 0.0.58
handle-success	Checkout Repository	2026-02-28T07:20:12.8751055Z  * [new tag]             0.0.59                 -> 0.0.59
handle-success	Checkout Repository	2026-02-28T07:20:12.8751428Z  * [new tag]             0.0.6                  -> 0.0.6
handle-success	Checkout Repository	2026-02-28T07:20:12.8751790Z  * [new tag]             0.0.60                 -> 0.0.60
handle-success	Checkout Repository	2026-02-28T07:20:12.8752156Z  * [new tag]             0.0.61                 -> 0.0.61
handle-success	Checkout Repository	2026-02-28T07:20:12.8752520Z  * [new tag]             0.0.62                 -> 0.0.62
handle-success	Checkout Repository	2026-02-28T07:20:12.8752880Z  * [new tag]             0.0.63                 -> 0.0.63
handle-success	Checkout Repository	2026-02-28T07:20:12.8753478Z  * [new tag]             0.0.64                 -> 0.0.64
handle-success	Checkout Repository	2026-02-28T07:20:12.8753859Z  * [new tag]             0.0.65                 -> 0.0.65
handle-success	Checkout Repository	2026-02-28T07:20:12.8754237Z  * [new tag]             0.0.66                 -> 0.0.66
handle-success	Checkout Repository	2026-02-28T07:20:12.8754800Z  * [new tag]             0.0.67                 -> 0.0.67
handle-success	Checkout Repository	2026-02-28T07:20:12.8755190Z  * [new tag]             0.0.68                 -> 0.0.68
handle-success	Checkout Repository	2026-02-28T07:20:12.8755708Z  * [new tag]             0.0.69                 -> 0.0.69
handle-success	Checkout Repository	2026-02-28T07:20:12.8756084Z  * [new tag]             0.0.7                  -> 0.0.7
handle-success	Checkout Repository	2026-02-28T07:20:12.8756608Z  * [new tag]             0.0.70                 -> 0.0.70
handle-success	Checkout Repository	2026-02-28T07:20:12.8756990Z  * [new tag]             0.0.71                 -> 0.0.71
handle-success	Checkout Repository	2026-02-28T07:20:12.8757376Z  * [new tag]             0.0.72                 -> 0.0.72
handle-success	Checkout Repository	2026-02-28T07:20:12.8757758Z  * [new tag]             0.0.73                 -> 0.0.73
handle-success	Checkout Repository	2026-02-28T07:20:12.8758393Z  * [new tag]             0.0.74                 -> 0.0.74
handle-success	Checkout Repository	2026-02-28T07:20:12.8759008Z  * [new tag]             0.0.75                 -> 0.0.75
handle-success	Checkout Repository	2026-02-28T07:20:12.8759391Z  * [new tag]             0.0.76                 -> 0.0.76
handle-success	Checkout Repository	2026-02-28T07:20:12.8759784Z  * [new tag]             0.0.77                 -> 0.0.77
handle-success	Checkout Repository	2026-02-28T07:20:12.8760167Z  * [new tag]             0.0.78                 -> 0.0.78
handle-success	Checkout Repository	2026-02-28T07:20:12.8760558Z  * [new tag]             0.0.79                 -> 0.0.79
handle-success	Checkout Repository	2026-02-28T07:20:12.8760950Z  * [new tag]             0.0.8                  -> 0.0.8
handle-success	Checkout Repository	2026-02-28T07:20:12.8761335Z  * [new tag]             0.0.80                 -> 0.0.80
handle-success	Checkout Repository	2026-02-28T07:20:12.8761724Z  * [new tag]             0.0.81                 -> 0.0.81
handle-success	Checkout Repository	2026-02-28T07:20:12.8762105Z  * [new tag]             0.0.82                 -> 0.0.82
handle-success	Checkout Repository	2026-02-28T07:20:12.8762489Z  * [new tag]             0.0.83                 -> 0.0.83
handle-success	Checkout Repository	2026-02-28T07:20:12.8762867Z  * [new tag]             0.0.84                 -> 0.0.84
handle-success	Checkout Repository	2026-02-28T07:20:12.8763254Z  * [new tag]             0.0.85                 -> 0.0.85
handle-success	Checkout Repository	2026-02-28T07:20:12.8763642Z  * [new tag]             0.0.86                 -> 0.0.86
handle-success	Checkout Repository	2026-02-28T07:20:12.8764029Z  * [new tag]             0.0.87                 -> 0.0.87
handle-success	Checkout Repository	2026-02-28T07:20:12.8764414Z  * [new tag]             0.0.88                 -> 0.0.88
handle-success	Checkout Repository	2026-02-28T07:20:12.8764923Z  * [new tag]             0.0.89                 -> 0.0.89
handle-success	Checkout Repository	2026-02-28T07:20:12.8765310Z  * [new tag]             0.0.9                  -> 0.0.9
handle-success	Checkout Repository	2026-02-28T07:20:12.8765953Z  * [new tag]             0.0.90                 -> 0.0.90
handle-success	Checkout Repository	2026-02-28T07:20:12.8766340Z  * [new tag]             0.0.91                 -> 0.0.91
handle-success	Checkout Repository	2026-02-28T07:20:12.8766717Z  * [new tag]             0.0.92                 -> 0.0.92
handle-success	Checkout Repository	2026-02-28T07:20:12.8767103Z  * [new tag]             0.0.93                 -> 0.0.93
handle-success	Checkout Repository	2026-02-28T07:20:12.8767485Z  * [new tag]             0.0.94                 -> 0.0.94
handle-success	Checkout Repository	2026-02-28T07:20:12.8767870Z  * [new tag]             0.0.95                 -> 0.0.95
handle-success	Checkout Repository	2026-02-28T07:20:12.8768258Z  * [new tag]             0.0.96                 -> 0.0.96
handle-success	Checkout Repository	2026-02-28T07:20:12.8768648Z  * [new tag]             0.0.97                 -> 0.0.97
handle-success	Checkout Repository	2026-02-28T07:20:12.8769037Z  * [new tag]             0.0.98                 -> 0.0.98
handle-success	Checkout Repository	2026-02-28T07:20:12.8769421Z  * [new tag]             0.0.99                 -> 0.0.99
handle-success	Checkout Repository	2026-02-28T07:20:12.8769806Z  * [new tag]             0.1.0                  -> 0.1.0
handle-success	Checkout Repository	2026-02-28T07:20:12.8770188Z  * [new tag]             0.1.1                  -> 0.1.1
handle-success	Checkout Repository	2026-02-28T07:20:12.8770582Z  * [new tag]             0.2.0                  -> 0.2.0
handle-success	Checkout Repository	2026-02-28T07:20:12.8770964Z  * [new tag]             0.3.0                  -> 0.3.0
handle-success	Checkout Repository	2026-02-28T07:20:12.8771341Z  * [new tag]             0.3.1                  -> 0.3.1
handle-success	Checkout Repository	2026-02-28T07:20:12.8771743Z  * [new tag]             0.3.10                 -> 0.3.10
handle-success	Checkout Repository	2026-02-28T07:20:12.8772137Z  * [new tag]             0.3.11                 -> 0.3.11
handle-success	Checkout Repository	2026-02-28T07:20:12.8772523Z  * [new tag]             0.3.12                 -> 0.3.12
handle-success	Checkout Repository	2026-02-28T07:20:12.8772921Z  * [new tag]             0.3.13                 -> 0.3.13
handle-success	Checkout Repository	2026-02-28T07:20:12.8773312Z  * [new tag]             0.3.14                 -> 0.3.14
handle-success	Checkout Repository	2026-02-28T07:20:12.8773691Z  * [new tag]             0.3.15                 -> 0.3.15
handle-success	Checkout Repository	2026-02-28T07:20:12.8774079Z  * [new tag]             0.3.16                 -> 0.3.16
handle-success	Checkout Repository	2026-02-28T07:20:12.8774462Z  * [new tag]             0.3.17                 -> 0.3.17
handle-success	Checkout Repository	2026-02-28T07:20:12.8774981Z  * [new tag]             0.3.2                  -> 0.3.2
handle-success	Checkout Repository	2026-02-28T07:20:12.8775379Z  * [new tag]             0.3.3                  -> 0.3.3
handle-success	Checkout Repository	2026-02-28T07:20:12.8775764Z  * [new tag]             0.3.4                  -> 0.3.4
handle-success	Checkout Repository	2026-02-28T07:20:12.8776162Z  * [new tag]             0.3.5                  -> 0.3.5
handle-success	Checkout Repository	2026-02-28T07:20:12.8776549Z  * [new tag]             0.3.6                  -> 0.3.6
handle-success	Checkout Repository	2026-02-28T07:20:12.8776931Z  * [new tag]             0.3.7                  -> 0.3.7
handle-success	Checkout Repository	2026-02-28T07:20:12.8777310Z  * [new tag]             0.3.8                  -> 0.3.8
handle-success	Checkout Repository	2026-02-28T07:20:12.8777935Z  * [new tag]             0.3.9                  -> 0.3.9
handle-success	Checkout Repository	2026-02-28T07:20:12.8778318Z  * [new tag]             0.4.0                  -> 0.4.0
handle-success	Checkout Repository	2026-02-28T07:20:12.8778694Z  * [new tag]             0.4.1                  -> 0.4.1
handle-success	Checkout Repository	2026-02-28T07:20:12.8779074Z  * [new tag]             0.4.2                  -> 0.4.2
handle-success	Checkout Repository	2026-02-28T07:20:12.8779456Z  * [new tag]             0.4.3                  -> 0.4.3
handle-success	Checkout Repository	2026-02-28T07:20:12.8779847Z  * [new tag]             0.4.4                  -> 0.4.4
handle-success	Checkout Repository	2026-02-28T07:20:12.8780225Z  * [new tag]             0.4.5                  -> 0.4.5
handle-success	Checkout Repository	2026-02-28T07:20:12.8780601Z  * [new tag]             0.4.6                  -> 0.4.6
handle-success	Checkout Repository	2026-02-28T07:20:12.8780981Z  * [new tag]             0.4.7                  -> 0.4.7
handle-success	Checkout Repository	2026-02-28T07:20:12.8781362Z  * [new tag]             0.4.8                  -> 0.4.8
handle-success	Checkout Repository	2026-02-28T07:20:12.8781743Z  * [new tag]             0.4.9                  -> 0.4.9
handle-success	Checkout Repository	2026-02-28T07:20:12.8782121Z  * [new tag]             0.5.0                  -> 0.5.0
handle-success	Checkout Repository	2026-02-28T07:20:12.8782504Z  * [new tag]             0.5.1                  -> 0.5.1
handle-success	Checkout Repository	2026-02-28T07:20:12.8782884Z  * [new tag]             0.5.2                  -> 0.5.2
handle-success	Checkout Repository	2026-02-28T07:20:12.8783258Z  * [new tag]             0.6.0                  -> 0.6.0
handle-success	Checkout Repository	2026-02-28T07:20:12.8783640Z  * [new tag]             0.6.1                  -> 0.6.1
handle-success	Checkout Repository	2026-02-28T07:20:12.8784015Z  * [new tag]             0.6.2                  -> 0.6.2
handle-success	Checkout Repository	2026-02-28T07:20:12.8784712Z  * [new tag]             0.6.3                  -> 0.6.3
handle-success	Checkout Repository	2026-02-28T07:20:12.8785104Z  * [new tag]             0.6.4                  -> 0.6.4
handle-success	Checkout Repository	2026-02-28T07:20:12.8785590Z  * [new tag]             0.6.5                  -> 0.6.5
handle-success	Checkout Repository	2026-02-28T07:20:12.8785951Z  * [new tag]             0.6.6                  -> 0.6.6
handle-success	Checkout Repository	2026-02-28T07:20:12.9054399Z [command]/usr/bin/git branch --list --remote origin/main
handle-success	Checkout Repository	2026-02-28T07:20:12.9129670Z   origin/main
handle-success	Checkout Repository	2026-02-28T07:20:12.9141849Z [command]/usr/bin/git rev-parse refs/remotes/origin/main
handle-success	Checkout Repository	2026-02-28T07:20:12.9174386Z 0b382799f21cdcbfce32a88cb3423b0049e7efe9
handle-success	Checkout Repository	2026-02-28T07:20:12.9180205Z ##[endgroup]
handle-success	Checkout Repository	2026-02-28T07:20:12.9180799Z ##[group]Determining the checkout info
handle-success	Checkout Repository	2026-02-28T07:20:12.9181290Z ##[endgroup]
handle-success	Checkout Repository	2026-02-28T07:20:12.9187824Z [command]/usr/bin/git sparse-checkout disable
handle-success	Checkout Repository	2026-02-28T07:20:12.9252012Z [command]/usr/bin/git config --local --unset-all extensions.worktreeConfig
handle-success	Checkout Repository	2026-02-28T07:20:12.9291552Z ##[group]Checking out the ref
handle-success	Checkout Repository	2026-02-28T07:20:12.9297026Z [command]/usr/bin/git checkout --progress --force -B main refs/remotes/origin/main
handle-success	Checkout Repository	2026-02-28T07:20:13.1907099Z Switched to a new branch 'main'
handle-success	Checkout Repository	2026-02-28T07:20:13.1911567Z branch 'main' set up to track 'origin/main'.
handle-success	Checkout Repository	2026-02-28T07:20:13.1962816Z ##[endgroup]
handle-success	Checkout Repository	2026-02-28T07:20:13.2021878Z [command]/usr/bin/git log -1 --format=%H
handle-success	Checkout Repository	2026-02-28T07:20:13.2058581Z 0b382799f21cdcbfce32a88cb3423b0049e7efe9
handle-success	Install GH CLI	ï»¿2026-02-28T07:20:13.2306953Z Prepare all required actions
handle-success	Install GH CLI	2026-02-28T07:20:13.2438184Z ##[group]Run ./.github/actions/install-gh-cli
handle-success	Install GH CLI	2026-02-28T07:20:13.2438503Z env:
handle-success	Install GH CLI	2026-02-28T07:20:13.2438715Z   KAOS_MODULE: [Ka0S] Watchdog Node Health
handle-success	Install GH CLI	2026-02-28T07:20:13.2439422Z   GH_TOKEN: ***
handle-success	Install GH CLI	2026-02-28T07:20:13.2439605Z ##[endgroup]
handle-success	Install GH CLI	2026-02-28T07:20:13.2532669Z ##[group]Run type -p curl >/dev/null || (sudo apt-get update && sudo apt-get install curl -y)
handle-success	Install GH CLI	2026-02-28T07:20:13.2533480Z [36;1mtype -p curl >/dev/null || (sudo apt-get update && sudo apt-get install curl -y)[0m
handle-success	Install GH CLI	2026-02-28T07:20:13.2534354Z [36;1mcurl -fsSL https://cli.github.com/packages/githubcli-archive-keyring.gpg | sudo dd of=/usr/share/keyrings/githubcli-archive-keyring.gpg \[0m
handle-success	Install GH CLI	2026-02-28T07:20:13.2536359Z [36;1m&& sudo chmod go+r /usr/share/keyrings/githubcli-archive-keyring.gpg \[0m
handle-success	Install GH CLI	2026-02-28T07:20:13.2537470Z [36;1m&& echo "deb [arch=$(dpkg --print-architecture) signed-by=/usr/share/keyrings/githubcli-archive-keyring.gpg] https://cli.github.com/packages stable main" | sudo tee /etc/apt/sources.list.d/github-cli.list > /dev/null \[0m
handle-success	Install GH CLI	2026-02-28T07:20:13.2538510Z [36;1m&& sudo apt-get update \[0m
handle-success	Install GH CLI	2026-02-28T07:20:13.2539450Z [36;1m&& sudo apt-get install gh -y[0m
handle-success	Install GH CLI	2026-02-28T07:20:13.2553304Z shell: /usr/bin/bash --noprofile --norc -e -o pipefail {0}
handle-success	Install GH CLI	2026-02-28T07:20:13.2553661Z env:
handle-success	Install GH CLI	2026-02-28T07:20:13.2553861Z   KAOS_MODULE: [Ka0S] Watchdog Node Health
handle-success	Install GH CLI	2026-02-28T07:20:13.2554383Z   GH_TOKEN: ***
handle-success	Install GH CLI	2026-02-28T07:20:13.2554783Z ##[endgroup]
handle-success	Install GH CLI	2026-02-28T07:20:13.4513085Z 4+1 records in
handle-success	Install GH CLI	2026-02-28T07:20:13.4515683Z 4+1 records out
handle-success	Install GH CLI	2026-02-28T07:20:13.4516878Z 2270 bytes (2.3 kB, 2.2 KiB) copied, 0.174918 s, 13.0 kB/s
handle-success	Install GH CLI	2026-02-28T07:20:13.6930442Z Get:1 http://archive.ubuntu.com/ubuntu noble InRelease [256 kB]
handle-success	Install GH CLI	2026-02-28T07:20:13.7242918Z Get:2 https://cli.github.com/packages stable InRelease [3917 B]
handle-success	Install GH CLI	2026-02-28T07:20:13.8052340Z Get:3 http://security.ubuntu.com/ubuntu noble-security InRelease [126 kB]
handle-success	Install GH CLI	2026-02-28T07:20:13.8316348Z Get:4 https://ppa.launchpadcontent.net/git-core/ppa/ubuntu noble InRelease [24.3 kB]
handle-success	Install GH CLI	2026-02-28T07:20:13.9596351Z Get:5 https://ppa.launchpadcontent.net/git-core/ppa/ubuntu noble/main amd64 Packages [2992 B]
handle-success	Install GH CLI	2026-02-28T07:20:13.9694803Z Get:6 http://archive.ubuntu.com/ubuntu noble-updates InRelease [126 kB]
handle-success	Install GH CLI	2026-02-28T07:20:13.9902730Z Get:7 https://cli.github.com/packages stable/main amd64 Packages [357 B]
handle-success	Install GH CLI	2026-02-28T07:20:14.0274462Z Get:8 http://archive.ubuntu.com/ubuntu noble-backports InRelease [126 kB]
handle-success	Install GH CLI	2026-02-28T07:20:14.0940207Z Get:9 http://archive.ubuntu.com/ubuntu noble/multiverse amd64 Packages [331 kB]
handle-success	Install GH CLI	2026-02-28T07:20:14.1415444Z Get:10 http://archive.ubuntu.com/ubuntu noble/restricted amd64 Packages [117 kB]
handle-success	Install GH CLI	2026-02-28T07:20:14.1576146Z Get:11 http://archive.ubuntu.com/ubuntu noble/main amd64 Packages [1808 kB]
handle-success	Install GH CLI	2026-02-28T07:20:14.2619542Z Get:12 http://archive.ubuntu.com/ubuntu noble/universe amd64 Packages [19.3 MB]
handle-success	Install GH CLI	2026-02-28T07:20:14.3564223Z Get:13 http://security.ubuntu.com/ubuntu noble-security/restricted amd64 Packages [3262 kB]
handle-success	Install GH CLI	2026-02-28T07:20:14.5288780Z Get:14 http://archive.ubuntu.com/ubuntu noble-updates/universe amd64 Packages [2017 kB]
handle-success	Install GH CLI	2026-02-28T07:20:14.5431423Z Get:15 http://archive.ubuntu.com/ubuntu noble-updates/main amd64 Packages [2275 kB]
handle-success	Install GH CLI	2026-02-28T07:20:14.5583609Z Get:16 http://archive.ubuntu.com/ubuntu noble-updates/multiverse amd64 Packages [38.1 kB]
handle-success	Install GH CLI	2026-02-28T07:20:14.5587036Z Get:17 http://archive.ubuntu.com/ubuntu noble-updates/restricted amd64 Packages [3471 kB]
handle-success	Install GH CLI	2026-02-28T07:20:14.6320897Z Get:18 http://archive.ubuntu.com/ubuntu noble-backports/main amd64 Packages [49.5 kB]
handle-success	Install GH CLI	2026-02-28T07:20:14.6325220Z Get:19 http://archive.ubuntu.com/ubuntu noble-backports/universe amd64 Packages [34.6 kB]
handle-success	Install GH CLI	2026-02-28T07:20:14.9932678Z Get:20 http://security.ubuntu.com/ubuntu noble-security/universe amd64 Packages [1242 kB]
handle-success	Install GH CLI	2026-02-28T07:20:15.0208051Z Get:21 http://security.ubuntu.com/ubuntu noble-security/multiverse amd64 Packages [34.8 kB]
handle-success	Install GH CLI	2026-02-28T07:20:15.0215221Z Get:22 http://security.ubuntu.com/ubuntu noble-security/main amd64 Packages [1883 kB]
handle-success	Install GH CLI	2026-02-28T07:20:16.0038396Z Fetched 36.5 MB in 2s (15.0 MB/s)
handle-success	Install GH CLI	2026-02-28T07:20:16.9390931Z Reading package lists...
handle-success	Install GH CLI	2026-02-28T07:20:17.9131491Z Reading package lists...
handle-success	Install GH CLI	2026-02-28T07:20:18.1397110Z Building dependency tree...
handle-success	Install GH CLI	2026-02-28T07:20:18.1397826Z Reading state information...
handle-success	Install GH CLI	2026-02-28T07:20:18.5036271Z The following NEW packages will be installed:
handle-success	Install GH CLI	2026-02-28T07:20:18.5056610Z   gh
handle-success	Install GH CLI	2026-02-28T07:20:19.0912775Z 0 upgraded, 1 newly installed, 0 to remove and 0 not upgraded.
handle-success	Install GH CLI	2026-02-28T07:20:19.0915047Z Need to get 13.8 MB of archives.
handle-success	Install GH CLI	2026-02-28T07:20:19.0916659Z After this operation, 38.5 MB of additional disk space will be used.
handle-success	Install GH CLI	2026-02-28T07:20:19.0919037Z Get:1 https://cli.github.com/packages stable/main amd64 gh amd64 2.87.3 [13.8 MB]
handle-success	Install GH CLI	2026-02-28T07:20:19.4518435Z debconf: delaying package configuration, since apt-utils is not installed
handle-success	Install GH CLI	2026-02-28T07:20:19.4934063Z Fetched 13.8 MB in 1s (17.9 MB/s)
handle-success	Install GH CLI	2026-02-28T07:20:19.5231342Z Selecting previously unselected package gh.
handle-success	Install GH CLI	2026-02-28T07:20:19.5395821Z (Reading database ... 
handle-success	Install GH CLI	2026-02-28T07:20:19.5397595Z (Reading database ... 5%
handle-success	Install GH CLI	2026-02-28T07:20:19.5398709Z (Reading database ... 10%
handle-success	Install GH CLI	2026-02-28T07:20:19.5402326Z (Reading database ... 15%
handle-success	Install GH CLI	2026-02-28T07:20:19.5416906Z (Reading database ... 20%
handle-success	Install GH CLI	2026-02-28T07:20:19.5418078Z (Reading database ... 25%
handle-success	Install GH CLI	2026-02-28T07:20:19.5419093Z (Reading database ... 30%
handle-success	Install GH CLI	2026-02-28T07:20:19.5424435Z (Reading database ... 35%
handle-success	Install GH CLI	2026-02-28T07:20:19.5425344Z (Reading database ... 40%
handle-success	Install GH CLI	2026-02-28T07:20:19.5426015Z (Reading database ... 45%
handle-success	Install GH CLI	2026-02-28T07:20:19.5426670Z (Reading database ... 50%
handle-success	Install GH CLI	2026-02-28T07:20:19.5435711Z (Reading database ... 55%
handle-success	Install GH CLI	2026-02-28T07:20:19.5436407Z (Reading database ... 60%
handle-success	Install GH CLI	2026-02-28T07:20:19.5437100Z (Reading database ... 65%
handle-success	Install GH CLI	2026-02-28T07:20:19.5473969Z (Reading database ... 70%
handle-success	Install GH CLI	2026-02-28T07:20:19.5485407Z (Reading database ... 75%
handle-success	Install GH CLI	2026-02-28T07:20:19.5513894Z (Reading database ... 80%
handle-success	Install GH CLI	2026-02-28T07:20:19.5522797Z (Reading database ... 85%
handle-success	Install GH CLI	2026-02-28T07:20:19.5539122Z (Reading database ... 90%
handle-success	Install GH CLI	2026-02-28T07:20:19.5569355Z (Reading database ... 95%
handle-success	Install GH CLI	2026-02-28T07:20:19.5569920Z (Reading database ... 100%
handle-success	Install GH CLI	2026-02-28T07:20:19.5570480Z (Reading database ... 14387 files and directories currently installed.)
handle-success	Install GH CLI	2026-02-28T07:20:19.5585419Z Preparing to unpack .../archives/gh_2.87.3_amd64.deb ...
handle-success	Install GH CLI	2026-02-28T07:20:19.5609083Z Unpacking gh (2.87.3) ...
handle-success	Install GH CLI	2026-02-28T07:20:19.7867446Z Setting up gh (2.87.3) ...
handle-success	Trigger Cluster Audit	ï»¿2026-02-28T07:20:19.8436554Z ##[group]Run echo "ðŸ“¸ Triggering post-watchdog cluster audit..."
handle-success	Trigger Cluster Audit	2026-02-28T07:20:19.8437296Z [36;1mecho "ðŸ“¸ Triggering post-watchdog cluster audit..."[0m
handle-success	Trigger Cluster Audit	2026-02-28T07:20:19.8437932Z [36;1mgh workflow run audit-cluster-status.yml --ref main[0m
handle-success	Trigger Cluster Audit	2026-02-28T07:20:19.8453882Z shell: /usr/bin/bash -e {0}
handle-success	Trigger Cluster Audit	2026-02-28T07:20:19.8454241Z env:
handle-success	Trigger Cluster Audit	2026-02-28T07:20:19.8454615Z   KAOS_MODULE: [Ka0S] Watchdog Node Health
handle-success	Trigger Cluster Audit	2026-02-28T07:20:19.8455461Z   GH_TOKEN: ***
handle-success	Trigger Cluster Audit	2026-02-28T07:20:19.8455760Z ##[endgroup]
handle-success	Trigger Cluster Audit	2026-02-28T07:20:19.8504190Z ðŸ“¸ Triggering post-watchdog cluster audit...
handle-success	Trigger Cluster Audit	2026-02-28T07:20:21.5092514Z https://github.com/Ka0s-Klaus/ka0s/actions/runs/22516090085
handle-success	Post Checkout Repository	ï»¿2026-02-28T07:20:21.5656305Z Post job cleanup.
handle-success	Post Checkout Repository	2026-02-28T07:20:21.6761426Z [command]/usr/bin/git version
handle-success	Post Checkout Repository	2026-02-28T07:20:21.6806779Z git version 2.53.0
handle-success	Post Checkout Repository	2026-02-28T07:20:21.6855011Z Temporarily overriding HOME='/home/runner/_work/_temp/a916d6ef-9a88-4923-9d3c-2666446b5f4b' before making global git config changes
handle-success	Post Checkout Repository	2026-02-28T07:20:21.6855992Z Adding repository directory to the temporary git global config as a safe directory
handle-success	Post Checkout Repository	2026-02-28T07:20:21.6862115Z [command]/usr/bin/git config --global --add safe.directory /home/runner/_work/ka0s/ka0s
handle-success	Post Checkout Repository	2026-02-28T07:20:21.6910985Z [command]/usr/bin/git config --local --name-only --get-regexp core\.sshCommand
handle-success	Post Checkout Repository	2026-02-28T07:20:21.6959819Z [command]/usr/bin/git submodule foreach --recursive sh -c "git config --local --name-only --get-regexp 'core\.sshCommand' && git config --local --unset-all 'core.sshCommand' || :"
handle-success	Post Checkout Repository	2026-02-28T07:20:21.7303025Z [command]/usr/bin/git config --local --name-only --get-regexp http\.https\:\/\/github\.com\/\.extraheader
handle-success	Post Checkout Repository	2026-02-28T07:20:21.7332284Z http.https://github.com/.extraheader
handle-success	Post Checkout Repository	2026-02-28T07:20:21.7346608Z [command]/usr/bin/git config --local --unset-all http.https://github.com/.extraheader
handle-success	Post Checkout Repository	2026-02-28T07:20:21.7400214Z [command]/usr/bin/git submodule foreach --recursive sh -c "git config --local --name-only --get-regexp 'http\.https\:\/\/github\.com\/\.extraheader' && git config --local --unset-all 'http.https://github.com/.extraheader' || :"
handle-success	Post Checkout Repository	2026-02-28T07:20:21.7756868Z [command]/usr/bin/git config --local --name-only --get-regexp ^includeIf\.gitdir:
handle-success	Post Checkout Repository	2026-02-28T07:20:21.7807740Z [command]/usr/bin/git submodule foreach --recursive git config --local --show-origin --name-only --get-regexp remote.origin.url
handle-success	Complete job	ï»¿2026-02-28T07:20:21.8330994Z Cleaning up orphan processes
end-workflow	Set up job	ï»¿2026-02-28T07:20:34.0822641Z Current runner version: '2.332.0'
end-workflow	Set up job	2026-02-28T07:20:34.0835663Z Runner name: 'swarm-runners-scaleset-hkss5-runner-dlznc'
end-workflow	Set up job	2026-02-28T07:20:34.0836819Z Runner group name: 'Default'
end-workflow	Set up job	2026-02-28T07:20:34.0838108Z Machine name: 'swarm-runners-scaleset-hkss5-runner-dlznc'
end-workflow	Set up job	2026-02-28T07:20:34.0842453Z ##[group]GITHUB_TOKEN Permissions
end-workflow	Set up job	2026-02-28T07:20:34.0845607Z Actions: write
end-workflow	Set up job	2026-02-28T07:20:34.0846169Z Contents: read
end-workflow	Set up job	2026-02-28T07:20:34.0847316Z Issues: write
end-workflow	Set up job	2026-02-28T07:20:34.0847905Z Metadata: read
end-workflow	Set up job	2026-02-28T07:20:34.0848448Z ##[endgroup]
end-workflow	Set up job	2026-02-28T07:20:34.0850954Z Secret source: Actions
end-workflow	Set up job	2026-02-28T07:20:34.0851760Z Prepare workflow directory
end-workflow	Set up job	2026-02-28T07:20:34.1306026Z Prepare all required actions
end-workflow	Set up job	2026-02-28T07:20:34.1352271Z Getting action download info
end-workflow	Set up job	2026-02-28T07:20:34.8228025Z Download action repository 'actions/checkout@v4' (SHA:34e114876b0b11c390a56381ad16ebd13914f8d5)
end-workflow	Set up job	2026-02-28T07:20:35.7237847Z Complete job name: end-workflow
end-workflow	Checkout repository	ï»¿2026-02-28T07:20:35.8048931Z ##[group]Run actions/checkout@v4
end-workflow	Checkout repository	2026-02-28T07:20:35.8049952Z with:
end-workflow	Checkout repository	2026-02-28T07:20:35.8050351Z   fetch-depth: 0
end-workflow	Checkout repository	2026-02-28T07:20:35.8050769Z   repository: Ka0s-Klaus/ka0s
end-workflow	Checkout repository	2026-02-28T07:20:35.8051478Z   token: ***
end-workflow	Checkout repository	2026-02-28T07:20:35.8051868Z   ssh-strict: true
end-workflow	Checkout repository	2026-02-28T07:20:35.8052257Z   ssh-user: git
end-workflow	Checkout repository	2026-02-28T07:20:35.8052658Z   persist-credentials: true
end-workflow	Checkout repository	2026-02-28T07:20:35.8053105Z   clean: true
end-workflow	Checkout repository	2026-02-28T07:20:35.8053516Z   sparse-checkout-cone-mode: true
end-workflow	Checkout repository	2026-02-28T07:20:35.8054001Z   fetch-tags: false
end-workflow	Checkout repository	2026-02-28T07:20:35.8054409Z   show-progress: true
end-workflow	Checkout repository	2026-02-28T07:20:35.8055009Z   lfs: false
end-workflow	Checkout repository	2026-02-28T07:20:35.8055386Z   submodules: false
end-workflow	Checkout repository	2026-02-28T07:20:35.8055800Z   set-safe-directory: true
end-workflow	Checkout repository	2026-02-28T07:20:35.8056523Z env:
end-workflow	Checkout repository	2026-02-28T07:20:35.8056936Z   KAOS_MODULE: [Ka0S] Watchdog Node Health
end-workflow	Checkout repository	2026-02-28T07:20:35.8057448Z ##[endgroup]
end-workflow	Checkout repository	2026-02-28T07:20:35.9486424Z Syncing repository: Ka0s-Klaus/ka0s
end-workflow	Checkout repository	2026-02-28T07:20:35.9488521Z ##[group]Getting Git version info
end-workflow	Checkout repository	2026-02-28T07:20:35.9489187Z Working directory is '/home/runner/_work/ka0s/ka0s'
end-workflow	Checkout repository	2026-02-28T07:20:35.9490197Z [command]/usr/bin/git version
end-workflow	Checkout repository	2026-02-28T07:20:35.9490757Z git version 2.53.0
end-workflow	Checkout repository	2026-02-28T07:20:35.9512315Z ##[endgroup]
end-workflow	Checkout repository	2026-02-28T07:20:35.9537977Z Temporarily overriding HOME='/home/runner/_work/_temp/700d979b-0f33-423c-8da1-fd774512e0c9' before making global git config changes
end-workflow	Checkout repository	2026-02-28T07:20:35.9539535Z Adding repository directory to the temporary git global config as a safe directory
end-workflow	Checkout repository	2026-02-28T07:20:35.9547565Z [command]/usr/bin/git config --global --add safe.directory /home/runner/_work/ka0s/ka0s
end-workflow	Checkout repository	2026-02-28T07:20:35.9602455Z Deleting the contents of '/home/runner/_work/ka0s/ka0s'
end-workflow	Checkout repository	2026-02-28T07:20:35.9607968Z ##[group]Initializing the repository
end-workflow	Checkout repository	2026-02-28T07:20:35.9635570Z [command]/usr/bin/git init /home/runner/_work/ka0s/ka0s
end-workflow	Checkout repository	2026-02-28T07:20:35.9713938Z hint: Using 'master' as the name for the initial branch. This default branch name
end-workflow	Checkout repository	2026-02-28T07:20:35.9717090Z hint: will change to "main" in Git 3.0. To configure the initial branch name
end-workflow	Checkout repository	2026-02-28T07:20:35.9718183Z hint: to use in all of your new repositories, which will suppress this warning,
end-workflow	Checkout repository	2026-02-28T07:20:35.9718862Z hint: call:
end-workflow	Checkout repository	2026-02-28T07:20:35.9719206Z hint:
end-workflow	Checkout repository	2026-02-28T07:20:35.9719661Z hint: 	git config --global init.defaultBranch <name>
end-workflow	Checkout repository	2026-02-28T07:20:35.9720212Z hint:
end-workflow	Checkout repository	2026-02-28T07:20:35.9720722Z hint: Names commonly chosen instead of 'master' are 'main', 'trunk' and
end-workflow	Checkout repository	2026-02-28T07:20:35.9721572Z hint: 'development'. The just-created branch can be renamed via this command:
end-workflow	Checkout repository	2026-02-28T07:20:35.9722228Z hint:
end-workflow	Checkout repository	2026-02-28T07:20:35.9722584Z hint: 	git branch -m <name>
end-workflow	Checkout repository	2026-02-28T07:20:35.9722997Z hint:
end-workflow	Checkout repository	2026-02-28T07:20:35.9723558Z hint: Disable this message with "git config set advice.defaultBranchName false"
end-workflow	Checkout repository	2026-02-28T07:20:35.9736982Z Initialized empty Git repository in /home/runner/_work/ka0s/ka0s/.git/
end-workflow	Checkout repository	2026-02-28T07:20:35.9739352Z [command]/usr/bin/git remote add origin https://github.com/Ka0s-Klaus/ka0s
end-workflow	Checkout repository	2026-02-28T07:20:35.9790929Z ##[endgroup]
end-workflow	Checkout repository	2026-02-28T07:20:35.9791787Z ##[group]Disabling automatic garbage collection
end-workflow	Checkout repository	2026-02-28T07:20:35.9795458Z [command]/usr/bin/git config --local gc.auto 0
end-workflow	Checkout repository	2026-02-28T07:20:35.9839704Z ##[endgroup]
end-workflow	Checkout repository	2026-02-28T07:20:35.9840548Z ##[group]Setting up auth
end-workflow	Checkout repository	2026-02-28T07:20:35.9847158Z [command]/usr/bin/git config --local --name-only --get-regexp core\.sshCommand
end-workflow	Checkout repository	2026-02-28T07:20:35.9892604Z [command]/usr/bin/git submodule foreach --recursive sh -c "git config --local --name-only --get-regexp 'core\.sshCommand' && git config --local --unset-all 'core.sshCommand' || :"
end-workflow	Checkout repository	2026-02-28T07:20:36.0258920Z [command]/usr/bin/git config --local --name-only --get-regexp http\.https\:\/\/github\.com\/\.extraheader
end-workflow	Checkout repository	2026-02-28T07:20:36.0318658Z [command]/usr/bin/git submodule foreach --recursive sh -c "git config --local --name-only --get-regexp 'http\.https\:\/\/github\.com\/\.extraheader' && git config --local --unset-all 'http.https://github.com/.extraheader' || :"
end-workflow	Checkout repository	2026-02-28T07:20:36.0706595Z [command]/usr/bin/git config --local --name-only --get-regexp ^includeIf\.gitdir:
end-workflow	Checkout repository	2026-02-28T07:20:36.0760734Z [command]/usr/bin/git submodule foreach --recursive git config --local --show-origin --name-only --get-regexp remote.origin.url
end-workflow	Checkout repository	2026-02-28T07:20:36.1153052Z [command]/usr/bin/git config --local http.https://github.com/.extraheader AUTHORIZATION: basic ***
end-workflow	Checkout repository	2026-02-28T07:20:36.1212590Z ##[endgroup]
end-workflow	Checkout repository	2026-02-28T07:20:36.1213435Z ##[group]Fetching the repository
end-workflow	Checkout repository	2026-02-28T07:20:36.1224009Z [command]/usr/bin/git -c protocol.version=2 fetch --prune --no-recurse-submodules origin +refs/heads/*:refs/remotes/origin/* +refs/tags/*:refs/tags/*
end-workflow	Checkout repository	2026-02-28T07:21:11.2446259Z From https://github.com/Ka0s-Klaus/ka0s
end-workflow	Checkout repository	2026-02-28T07:21:11.2450609Z  * [new branch]          F3450-modelo-operativo -> origin/F3450-modelo-operativo
end-workflow	Checkout repository	2026-02-28T07:21:11.2485925Z  * [new branch]          H1276-modulo-observabilidad -> origin/H1276-modulo-observabilidad
end-workflow	Checkout repository	2026-02-28T07:21:11.2486804Z  * [new branch]          H3596-deploy-itop      -> origin/H3596-deploy-itop
end-workflow	Checkout repository	2026-02-28T07:21:11.2493464Z  * [new branch]          H4170-flujo-detallado-zabbix---github -> origin/H4170-flujo-detallado-zabbix---github
end-workflow	Checkout repository	2026-02-28T07:21:11.2494701Z  * [new branch]          H4191-request-cambios  -> origin/H4191-request-cambios
end-workflow	Checkout repository	2026-02-28T07:21:11.2495807Z  * [new branch]          H4200-request-recomendaciones-de-auditoria -> origin/H4200-request-recomendaciones-de-auditoria
end-workflow	Checkout repository	2026-02-28T07:21:11.2528879Z  * [new branch]          main                   -> origin/main
end-workflow	Checkout repository	2026-02-28T07:21:11.2530462Z  * [new tag]             0.0.0                  -> 0.0.0
end-workflow	Checkout repository	2026-02-28T07:21:11.2531139Z  * [new tag]             0.0.1                  -> 0.0.1
end-workflow	Checkout repository	2026-02-28T07:21:11.2531878Z  * [new tag]             0.0.10                 -> 0.0.10
end-workflow	Checkout repository	2026-02-28T07:21:11.2532497Z  * [new tag]             0.0.100                -> 0.0.100
end-workflow	Checkout repository	2026-02-28T07:21:11.2533154Z  * [new tag]             0.0.101                -> 0.0.101
end-workflow	Checkout repository	2026-02-28T07:21:11.2533952Z  * [new tag]             0.0.102                -> 0.0.102
end-workflow	Checkout repository	2026-02-28T07:21:11.2534926Z  * [new tag]             0.0.103                -> 0.0.103
end-workflow	Checkout repository	2026-02-28T07:21:11.2535862Z  * [new tag]             0.0.104                -> 0.0.104
end-workflow	Checkout repository	2026-02-28T07:21:11.2536517Z  * [new tag]             0.0.105                -> 0.0.105
end-workflow	Checkout repository	2026-02-28T07:21:11.2537132Z  * [new tag]             0.0.106                -> 0.0.106
end-workflow	Checkout repository	2026-02-28T07:21:11.2537795Z  * [new tag]             0.0.107                -> 0.0.107
end-workflow	Checkout repository	2026-02-28T07:21:11.2538501Z  * [new tag]             0.0.108                -> 0.0.108
end-workflow	Checkout repository	2026-02-28T07:21:11.2539211Z  * [new tag]             0.0.109                -> 0.0.109
end-workflow	Checkout repository	2026-02-28T07:21:11.2539846Z  * [new tag]             0.0.11                 -> 0.0.11
end-workflow	Checkout repository	2026-02-28T07:21:11.2540454Z  * [new tag]             0.0.110                -> 0.0.110
end-workflow	Checkout repository	2026-02-28T07:21:11.2541092Z  * [new tag]             0.0.111                -> 0.0.111
end-workflow	Checkout repository	2026-02-28T07:21:11.2541712Z  * [new tag]             0.0.112                -> 0.0.112
end-workflow	Checkout repository	2026-02-28T07:21:11.2549976Z  * [new tag]             0.0.113                -> 0.0.113
end-workflow	Checkout repository	2026-02-28T07:21:11.2550477Z  * [new tag]             0.0.114                -> 0.0.114
end-workflow	Checkout repository	2026-02-28T07:21:11.2551238Z  * [new tag]             0.0.115                -> 0.0.115
end-workflow	Checkout repository	2026-02-28T07:21:11.2551612Z  * [new tag]             0.0.116                -> 0.0.116
end-workflow	Checkout repository	2026-02-28T07:21:11.2552085Z  * [new tag]             0.0.117                -> 0.0.117
end-workflow	Checkout repository	2026-02-28T07:21:11.2552498Z  * [new tag]             0.0.118                -> 0.0.118
end-workflow	Checkout repository	2026-02-28T07:21:11.2552877Z  * [new tag]             0.0.119                -> 0.0.119
end-workflow	Checkout repository	2026-02-28T07:21:11.2553255Z  * [new tag]             0.0.12                 -> 0.0.12
end-workflow	Checkout repository	2026-02-28T07:21:11.2553629Z  * [new tag]             0.0.120                -> 0.0.120
end-workflow	Checkout repository	2026-02-28T07:21:11.2554004Z  * [new tag]             0.0.121                -> 0.0.121
end-workflow	Checkout repository	2026-02-28T07:21:11.2554373Z  * [new tag]             0.0.122                -> 0.0.122
end-workflow	Checkout repository	2026-02-28T07:21:11.2588346Z  * [new tag]             0.0.123                -> 0.0.123
end-workflow	Checkout repository	2026-02-28T07:21:11.2588893Z  * [new tag]             0.0.124                -> 0.0.124
end-workflow	Checkout repository	2026-02-28T07:21:11.2589730Z  * [new tag]             0.0.125                -> 0.0.125
end-workflow	Checkout repository	2026-02-28T07:21:11.2590114Z  * [new tag]             0.0.126                -> 0.0.126
end-workflow	Checkout repository	2026-02-28T07:21:11.2590512Z  * [new tag]             0.0.127                -> 0.0.127
end-workflow	Checkout repository	2026-02-28T07:21:11.2590895Z  * [new tag]             0.0.128                -> 0.0.128
end-workflow	Checkout repository	2026-02-28T07:21:11.2591266Z  * [new tag]             0.0.129                -> 0.0.129
end-workflow	Checkout repository	2026-02-28T07:21:11.2591645Z  * [new tag]             0.0.13                 -> 0.0.13
end-workflow	Checkout repository	2026-02-28T07:21:11.2592026Z  * [new tag]             0.0.130                -> 0.0.130
end-workflow	Checkout repository	2026-02-28T07:21:11.2592407Z  * [new tag]             0.0.131                -> 0.0.131
end-workflow	Checkout repository	2026-02-28T07:21:11.2592783Z  * [new tag]             0.0.132                -> 0.0.132
end-workflow	Checkout repository	2026-02-28T07:21:11.2593160Z  * [new tag]             0.0.133                -> 0.0.133
end-workflow	Checkout repository	2026-02-28T07:21:11.2593552Z  * [new tag]             0.0.134                -> 0.0.134
end-workflow	Checkout repository	2026-02-28T07:21:11.2593940Z  * [new tag]             0.0.135                -> 0.0.135
end-workflow	Checkout repository	2026-02-28T07:21:11.2594331Z  * [new tag]             0.0.136                -> 0.0.136
end-workflow	Checkout repository	2026-02-28T07:21:11.2597905Z  * [new tag]             0.0.137                -> 0.0.137
end-workflow	Checkout repository	2026-02-28T07:21:11.2598308Z  * [new tag]             0.0.138                -> 0.0.138
end-workflow	Checkout repository	2026-02-28T07:21:11.2598688Z  * [new tag]             0.0.139                -> 0.0.139
end-workflow	Checkout repository	2026-02-28T07:21:11.2599062Z  * [new tag]             0.0.14                 -> 0.0.14
end-workflow	Checkout repository	2026-02-28T07:21:11.2599443Z  * [new tag]             0.0.140                -> 0.0.140
end-workflow	Checkout repository	2026-02-28T07:21:11.2599822Z  * [new tag]             0.0.141                -> 0.0.141
end-workflow	Checkout repository	2026-02-28T07:21:11.2600202Z  * [new tag]             0.0.142                -> 0.0.142
end-workflow	Checkout repository	2026-02-28T07:21:11.2600577Z  * [new tag]             0.0.143                -> 0.0.143
end-workflow	Checkout repository	2026-02-28T07:21:11.2600952Z  * [new tag]             0.0.144                -> 0.0.144
end-workflow	Checkout repository	2026-02-28T07:21:11.2601326Z  * [new tag]             0.0.145                -> 0.0.145
end-workflow	Checkout repository	2026-02-28T07:21:11.2601710Z  * [new tag]             0.0.146                -> 0.0.146
end-workflow	Checkout repository	2026-02-28T07:21:11.2602093Z  * [new tag]             0.0.147                -> 0.0.147
end-workflow	Checkout repository	2026-02-28T07:21:11.2602464Z  * [new tag]             0.0.148                -> 0.0.148
end-workflow	Checkout repository	2026-02-28T07:21:11.2602845Z  * [new tag]             0.0.149                -> 0.0.149
end-workflow	Checkout repository	2026-02-28T07:21:11.2603244Z  * [new tag]             0.0.15                 -> 0.0.15
end-workflow	Checkout repository	2026-02-28T07:21:11.2603615Z  * [new tag]             0.0.150                -> 0.0.150
end-workflow	Checkout repository	2026-02-28T07:21:11.2604002Z  * [new tag]             0.0.151                -> 0.0.151
end-workflow	Checkout repository	2026-02-28T07:21:11.2604376Z  * [new tag]             0.0.152                -> 0.0.152
end-workflow	Checkout repository	2026-02-28T07:21:11.2605132Z  * [new tag]             0.0.153                -> 0.0.153
end-workflow	Checkout repository	2026-02-28T07:21:11.2605519Z  * [new tag]             0.0.154                -> 0.0.154
end-workflow	Checkout repository	2026-02-28T07:21:11.2605901Z  * [new tag]             0.0.155                -> 0.0.155
end-workflow	Checkout repository	2026-02-28T07:21:11.2606276Z  * [new tag]             0.0.156                -> 0.0.156
end-workflow	Checkout repository	2026-02-28T07:21:11.2606953Z  * [new tag]             0.0.157                -> 0.0.157
end-workflow	Checkout repository	2026-02-28T07:21:11.2607332Z  * [new tag]             0.0.158                -> 0.0.158
end-workflow	Checkout repository	2026-02-28T07:21:11.2607700Z  * [new tag]             0.0.159                -> 0.0.159
end-workflow	Checkout repository	2026-02-28T07:21:11.2608078Z  * [new tag]             0.0.16                 -> 0.0.16
end-workflow	Checkout repository	2026-02-28T07:21:11.2608451Z  * [new tag]             0.0.160                -> 0.0.160
end-workflow	Checkout repository	2026-02-28T07:21:11.2608822Z  * [new tag]             0.0.161                -> 0.0.161
end-workflow	Checkout repository	2026-02-28T07:21:11.2609199Z  * [new tag]             0.0.162                -> 0.0.162
end-workflow	Checkout repository	2026-02-28T07:21:11.2609571Z  * [new tag]             0.0.163                -> 0.0.163
end-workflow	Checkout repository	2026-02-28T07:21:11.2609949Z  * [new tag]             0.0.164                -> 0.0.164
end-workflow	Checkout repository	2026-02-28T07:21:11.2610323Z  * [new tag]             0.0.165                -> 0.0.165
end-workflow	Checkout repository	2026-02-28T07:21:11.2610699Z  * [new tag]             0.0.166                -> 0.0.166
end-workflow	Checkout repository	2026-02-28T07:21:11.2611421Z  * [new tag]             0.0.167                -> 0.0.167
end-workflow	Checkout repository	2026-02-28T07:21:11.2611805Z  * [new tag]             0.0.168                -> 0.0.168
end-workflow	Checkout repository	2026-02-28T07:21:11.2612176Z  * [new tag]             0.0.169                -> 0.0.169
end-workflow	Checkout repository	2026-02-28T07:21:11.2612549Z  * [new tag]             0.0.17                 -> 0.0.17
end-workflow	Checkout repository	2026-02-28T07:21:11.2612923Z  * [new tag]             0.0.170                -> 0.0.170
end-workflow	Checkout repository	2026-02-28T07:21:11.2613296Z  * [new tag]             0.0.171                -> 0.0.171
end-workflow	Checkout repository	2026-02-28T07:21:11.2680616Z  * [new tag]             0.0.172                -> 0.0.172
end-workflow	Checkout repository	2026-02-28T07:21:11.2681572Z  * [new tag]             0.0.173                -> 0.0.173
end-workflow	Checkout repository	2026-02-28T07:21:11.2681972Z  * [new tag]             0.0.174                -> 0.0.174
end-workflow	Checkout repository	2026-02-28T07:21:11.2682350Z  * [new tag]             0.0.175                -> 0.0.175
end-workflow	Checkout repository	2026-02-28T07:21:11.2682723Z  * [new tag]             0.0.176                -> 0.0.176
end-workflow	Checkout repository	2026-02-28T07:21:11.2683108Z  * [new tag]             0.0.177                -> 0.0.177
end-workflow	Checkout repository	2026-02-28T07:21:11.2683541Z  * [new tag]             0.0.178                -> 0.0.178
end-workflow	Checkout repository	2026-02-28T07:21:11.2683933Z  * [new tag]             0.0.179                -> 0.0.179
end-workflow	Checkout repository	2026-02-28T07:21:11.2684305Z  * [new tag]             0.0.18                 -> 0.0.18
end-workflow	Checkout repository	2026-02-28T07:21:11.2684769Z  * [new tag]             0.0.19                 -> 0.0.19
end-workflow	Checkout repository	2026-02-28T07:21:11.2685148Z  * [new tag]             0.0.2                  -> 0.0.2
end-workflow	Checkout repository	2026-02-28T07:21:11.2685519Z  * [new tag]             0.0.20                 -> 0.0.20
end-workflow	Checkout repository	2026-02-28T07:21:11.2685893Z  * [new tag]             0.0.21                 -> 0.0.21
end-workflow	Checkout repository	2026-02-28T07:21:11.2686260Z  * [new tag]             0.0.22                 -> 0.0.22
end-workflow	Checkout repository	2026-02-28T07:21:11.2686648Z  * [new tag]             0.0.23                 -> 0.0.23
end-workflow	Checkout repository	2026-02-28T07:21:11.2687016Z  * [new tag]             0.0.24                 -> 0.0.24
end-workflow	Checkout repository	2026-02-28T07:21:11.2687400Z  * [new tag]             0.0.25                 -> 0.0.25
end-workflow	Checkout repository	2026-02-28T07:21:11.2687778Z  * [new tag]             0.0.26                 -> 0.0.26
end-workflow	Checkout repository	2026-02-28T07:21:11.2688171Z  * [new tag]             0.0.27                 -> 0.0.27
end-workflow	Checkout repository	2026-02-28T07:21:11.2688549Z  * [new tag]             0.0.28                 -> 0.0.28
end-workflow	Checkout repository	2026-02-28T07:21:11.2688923Z  * [new tag]             0.0.29                 -> 0.0.29
end-workflow	Checkout repository	2026-02-28T07:21:11.2689297Z  * [new tag]             0.0.3                  -> 0.0.3
end-workflow	Checkout repository	2026-02-28T07:21:11.2689674Z  * [new tag]             0.0.30                 -> 0.0.30
end-workflow	Checkout repository	2026-02-28T07:21:11.2690068Z  * [new tag]             0.0.31                 -> 0.0.31
end-workflow	Checkout repository	2026-02-28T07:21:11.2690448Z  * [new tag]             0.0.32                 -> 0.0.32
end-workflow	Checkout repository	2026-02-28T07:21:11.2690820Z  * [new tag]             0.0.33                 -> 0.0.33
end-workflow	Checkout repository	2026-02-28T07:21:11.2691204Z  * [new tag]             0.0.34                 -> 0.0.34
end-workflow	Checkout repository	2026-02-28T07:21:11.2691589Z  * [new tag]             0.0.35                 -> 0.0.35
end-workflow	Checkout repository	2026-02-28T07:21:11.2691977Z  * [new tag]             0.0.36                 -> 0.0.36
end-workflow	Checkout repository	2026-02-28T07:21:11.2692358Z  * [new tag]             0.0.37                 -> 0.0.37
end-workflow	Checkout repository	2026-02-28T07:21:11.2693153Z  * [new tag]             0.0.38                 -> 0.0.38
end-workflow	Checkout repository	2026-02-28T07:21:11.2693527Z  * [new tag]             0.0.39                 -> 0.0.39
end-workflow	Checkout repository	2026-02-28T07:21:11.2693909Z  * [new tag]             0.0.4                  -> 0.0.4
end-workflow	Checkout repository	2026-02-28T07:21:11.2694285Z  * [new tag]             0.0.40                 -> 0.0.40
end-workflow	Checkout repository	2026-02-28T07:21:11.2694740Z  * [new tag]             0.0.41                 -> 0.0.41
end-workflow	Checkout repository	2026-02-28T07:21:11.2695111Z  * [new tag]             0.0.42                 -> 0.0.42
end-workflow	Checkout repository	2026-02-28T07:21:11.2695482Z  * [new tag]             0.0.43                 -> 0.0.43
end-workflow	Checkout repository	2026-02-28T07:21:11.2695855Z  * [new tag]             0.0.44                 -> 0.0.44
end-workflow	Checkout repository	2026-02-28T07:21:11.2696223Z  * [new tag]             0.0.45                 -> 0.0.45
end-workflow	Checkout repository	2026-02-28T07:21:11.2696598Z  * [new tag]             0.0.46                 -> 0.0.46
end-workflow	Checkout repository	2026-02-28T07:21:11.2696972Z  * [new tag]             0.0.47                 -> 0.0.47
end-workflow	Checkout repository	2026-02-28T07:21:11.2697578Z  * [new tag]             0.0.48                 -> 0.0.48
end-workflow	Checkout repository	2026-02-28T07:21:11.2697967Z  * [new tag]             0.0.49                 -> 0.0.49
end-workflow	Checkout repository	2026-02-28T07:21:11.2698339Z  * [new tag]             0.0.5                  -> 0.0.5
end-workflow	Checkout repository	2026-02-28T07:21:11.2698712Z  * [new tag]             0.0.50                 -> 0.0.50
end-workflow	Checkout repository	2026-02-28T07:21:11.2699083Z  * [new tag]             0.0.51                 -> 0.0.51
end-workflow	Checkout repository	2026-02-28T07:21:11.2699455Z  * [new tag]             0.0.52                 -> 0.0.52
end-workflow	Checkout repository	2026-02-28T07:21:11.2699825Z  * [new tag]             0.0.53                 -> 0.0.53
end-workflow	Checkout repository	2026-02-28T07:21:11.2700197Z  * [new tag]             0.0.54                 -> 0.0.54
end-workflow	Checkout repository	2026-02-28T07:21:11.2700568Z  * [new tag]             0.0.55                 -> 0.0.55
end-workflow	Checkout repository	2026-02-28T07:21:11.2700936Z  * [new tag]             0.0.56                 -> 0.0.56
end-workflow	Checkout repository	2026-02-28T07:21:11.2701307Z  * [new tag]             0.0.57                 -> 0.0.57
end-workflow	Checkout repository	2026-02-28T07:21:11.2701683Z  * [new tag]             0.0.58                 -> 0.0.58
end-workflow	Checkout repository	2026-02-28T07:21:11.2702064Z  * [new tag]             0.0.59                 -> 0.0.59
end-workflow	Checkout repository	2026-02-28T07:21:11.2702446Z  * [new tag]             0.0.6                  -> 0.0.6
end-workflow	Checkout repository	2026-02-28T07:21:11.2702816Z  * [new tag]             0.0.60                 -> 0.0.60
end-workflow	Checkout repository	2026-02-28T07:21:11.2703187Z  * [new tag]             0.0.61                 -> 0.0.61
end-workflow	Checkout repository	2026-02-28T07:21:11.2703552Z  * [new tag]             0.0.62                 -> 0.0.62
end-workflow	Checkout repository	2026-02-28T07:21:11.2703921Z  * [new tag]             0.0.63                 -> 0.0.63
end-workflow	Checkout repository	2026-02-28T07:21:11.2704285Z  * [new tag]             0.0.64                 -> 0.0.64
end-workflow	Checkout repository	2026-02-28T07:21:11.2735358Z  * [new tag]             0.0.65                 -> 0.0.65
end-workflow	Checkout repository	2026-02-28T07:21:11.2735937Z  * [new tag]             0.0.66                 -> 0.0.66
end-workflow	Checkout repository	2026-02-28T07:21:11.2736324Z  * [new tag]             0.0.67                 -> 0.0.67
end-workflow	Checkout repository	2026-02-28T07:21:11.2736707Z  * [new tag]             0.0.68                 -> 0.0.68
end-workflow	Checkout repository	2026-02-28T07:21:11.2737089Z  * [new tag]             0.0.69                 -> 0.0.69
end-workflow	Checkout repository	2026-02-28T07:21:11.2737556Z  * [new tag]             0.0.7                  -> 0.0.7
end-workflow	Checkout repository	2026-02-28T07:21:11.2737941Z  * [new tag]             0.0.70                 -> 0.0.70
end-workflow	Checkout repository	2026-02-28T07:21:11.2738324Z  * [new tag]             0.0.71                 -> 0.0.71
end-workflow	Checkout repository	2026-02-28T07:21:11.2738698Z  * [new tag]             0.0.72                 -> 0.0.72
end-workflow	Checkout repository	2026-02-28T07:21:11.2739079Z  * [new tag]             0.0.73                 -> 0.0.73
end-workflow	Checkout repository	2026-02-28T07:21:11.2739458Z  * [new tag]             0.0.74                 -> 0.0.74
end-workflow	Checkout repository	2026-02-28T07:21:11.2740028Z  * [new tag]             0.0.75                 -> 0.0.75
end-workflow	Checkout repository	2026-02-28T07:21:11.2740410Z  * [new tag]             0.0.76                 -> 0.0.76
end-workflow	Checkout repository	2026-02-28T07:21:11.2740780Z  * [new tag]             0.0.77                 -> 0.0.77
end-workflow	Checkout repository	2026-02-28T07:21:11.2741154Z  * [new tag]             0.0.78                 -> 0.0.78
end-workflow	Checkout repository	2026-02-28T07:21:11.2741526Z  * [new tag]             0.0.79                 -> 0.0.79
end-workflow	Checkout repository	2026-02-28T07:21:11.2741913Z  * [new tag]             0.0.8                  -> 0.0.8
end-workflow	Checkout repository	2026-02-28T07:21:11.2742629Z  * [new tag]             0.0.80                 -> 0.0.80
end-workflow	Checkout repository	2026-02-28T07:21:11.2743002Z  * [new tag]             0.0.81                 -> 0.0.81
end-workflow	Checkout repository	2026-02-28T07:21:11.2743381Z  * [new tag]             0.0.82                 -> 0.0.82
end-workflow	Checkout repository	2026-02-28T07:21:11.2743751Z  * [new tag]             0.0.83                 -> 0.0.83
end-workflow	Checkout repository	2026-02-28T07:21:11.2744127Z  * [new tag]             0.0.84                 -> 0.0.84
end-workflow	Checkout repository	2026-02-28T07:21:11.2764988Z  * [new tag]             0.0.85                 -> 0.0.85
end-workflow	Checkout repository	2026-02-28T07:21:11.2765710Z  * [new tag]             0.0.86                 -> 0.0.86
end-workflow	Checkout repository	2026-02-28T07:21:11.2766095Z  * [new tag]             0.0.87                 -> 0.0.87
end-workflow	Checkout repository	2026-02-28T07:21:11.2766468Z  * [new tag]             0.0.88                 -> 0.0.88
end-workflow	Checkout repository	2026-02-28T07:21:11.2766845Z  * [new tag]             0.0.89                 -> 0.0.89
end-workflow	Checkout repository	2026-02-28T07:21:11.2767213Z  * [new tag]             0.0.9                  -> 0.0.9
end-workflow	Checkout repository	2026-02-28T07:21:11.2767586Z  * [new tag]             0.0.90                 -> 0.0.90
end-workflow	Checkout repository	2026-02-28T07:21:11.2768334Z  * [new tag]             0.0.91                 -> 0.0.91
end-workflow	Checkout repository	2026-02-28T07:21:11.2768708Z  * [new tag]             0.0.92                 -> 0.0.92
end-workflow	Checkout repository	2026-02-28T07:21:11.2769083Z  * [new tag]             0.0.93                 -> 0.0.93
end-workflow	Checkout repository	2026-02-28T07:21:11.2769447Z  * [new tag]             0.0.94                 -> 0.0.94
end-workflow	Checkout repository	2026-02-28T07:21:11.2769819Z  * [new tag]             0.0.95                 -> 0.0.95
end-workflow	Checkout repository	2026-02-28T07:21:11.2770192Z  * [new tag]             0.0.96                 -> 0.0.96
end-workflow	Checkout repository	2026-02-28T07:21:11.2770568Z  * [new tag]             0.0.97                 -> 0.0.97
end-workflow	Checkout repository	2026-02-28T07:21:11.2770933Z  * [new tag]             0.0.98                 -> 0.0.98
end-workflow	Checkout repository	2026-02-28T07:21:11.2771306Z  * [new tag]             0.0.99                 -> 0.0.99
end-workflow	Checkout repository	2026-02-28T07:21:11.2771682Z  * [new tag]             0.1.0                  -> 0.1.0
end-workflow	Checkout repository	2026-02-28T07:21:11.2772053Z  * [new tag]             0.1.1                  -> 0.1.1
end-workflow	Checkout repository	2026-02-28T07:21:11.2772438Z  * [new tag]             0.2.0                  -> 0.2.0
end-workflow	Checkout repository	2026-02-28T07:21:11.2772817Z  * [new tag]             0.3.0                  -> 0.3.0
end-workflow	Checkout repository	2026-02-28T07:21:11.2773191Z  * [new tag]             0.3.1                  -> 0.3.1
end-workflow	Checkout repository	2026-02-28T07:21:11.2773595Z  * [new tag]             0.3.10                 -> 0.3.10
end-workflow	Checkout repository	2026-02-28T07:21:11.2773971Z  * [new tag]             0.3.11                 -> 0.3.11
end-workflow	Checkout repository	2026-02-28T07:21:11.2774350Z  * [new tag]             0.3.12                 -> 0.3.12
end-workflow	Checkout repository	2026-02-28T07:21:11.2774877Z  * [new tag]             0.3.13                 -> 0.3.13
end-workflow	Checkout repository	2026-02-28T07:21:11.2775252Z  * [new tag]             0.3.14                 -> 0.3.14
end-workflow	Checkout repository	2026-02-28T07:21:11.2775623Z  * [new tag]             0.3.15                 -> 0.3.15
end-workflow	Checkout repository	2026-02-28T07:21:11.2775995Z  * [new tag]             0.3.16                 -> 0.3.16
end-workflow	Checkout repository	2026-02-28T07:21:11.2776371Z  * [new tag]             0.3.17                 -> 0.3.17
end-workflow	Checkout repository	2026-02-28T07:21:11.2776745Z  * [new tag]             0.3.2                  -> 0.3.2
end-workflow	Checkout repository	2026-02-28T07:21:11.2777134Z  * [new tag]             0.3.3                  -> 0.3.3
end-workflow	Checkout repository	2026-02-28T07:21:11.2777521Z  * [new tag]             0.3.4                  -> 0.3.4
end-workflow	Checkout repository	2026-02-28T07:21:11.2777901Z  * [new tag]             0.3.5                  -> 0.3.5
end-workflow	Checkout repository	2026-02-28T07:21:11.2778277Z  * [new tag]             0.3.6                  -> 0.3.6
end-workflow	Checkout repository	2026-02-28T07:21:11.2778647Z  * [new tag]             0.3.7                  -> 0.3.7
end-workflow	Checkout repository	2026-02-28T07:21:11.2779019Z  * [new tag]             0.3.8                  -> 0.3.8
end-workflow	Checkout repository	2026-02-28T07:21:11.2779392Z  * [new tag]             0.3.9                  -> 0.3.9
end-workflow	Checkout repository	2026-02-28T07:21:11.2779765Z  * [new tag]             0.4.0                  -> 0.4.0
end-workflow	Checkout repository	2026-02-28T07:21:11.2780154Z  * [new tag]             0.4.1                  -> 0.4.1
end-workflow	Checkout repository	2026-02-28T07:21:11.2780527Z  * [new tag]             0.4.2                  -> 0.4.2
end-workflow	Checkout repository	2026-02-28T07:21:11.2780905Z  * [new tag]             0.4.3                  -> 0.4.3
end-workflow	Checkout repository	2026-02-28T07:21:11.2781274Z  * [new tag]             0.4.4                  -> 0.4.4
end-workflow	Checkout repository	2026-02-28T07:21:11.2781906Z  * [new tag]             0.4.5                  -> 0.4.5
end-workflow	Checkout repository	2026-02-28T07:21:11.2782279Z  * [new tag]             0.4.6                  -> 0.4.6
end-workflow	Checkout repository	2026-02-28T07:21:11.2782652Z  * [new tag]             0.4.7                  -> 0.4.7
end-workflow	Checkout repository	2026-02-28T07:21:11.2783025Z  * [new tag]             0.4.8                  -> 0.4.8
end-workflow	Checkout repository	2026-02-28T07:21:11.2783387Z  * [new tag]             0.4.9                  -> 0.4.9
end-workflow	Checkout repository	2026-02-28T07:21:11.2783758Z  * [new tag]             0.5.0                  -> 0.5.0
end-workflow	Checkout repository	2026-02-28T07:21:11.2784126Z  * [new tag]             0.5.1                  -> 0.5.1
end-workflow	Checkout repository	2026-02-28T07:21:11.2794660Z  * [new tag]             0.5.2                  -> 0.5.2
end-workflow	Checkout repository	2026-02-28T07:21:11.2795239Z  * [new tag]             0.6.0                  -> 0.6.0
end-workflow	Checkout repository	2026-02-28T07:21:11.2795623Z  * [new tag]             0.6.1                  -> 0.6.1
end-workflow	Checkout repository	2026-02-28T07:21:11.2795993Z  * [new tag]             0.6.2                  -> 0.6.2
end-workflow	Checkout repository	2026-02-28T07:21:11.2796364Z  * [new tag]             0.6.3                  -> 0.6.3
end-workflow	Checkout repository	2026-02-28T07:21:11.2797042Z  * [new tag]             0.6.4                  -> 0.6.4
end-workflow	Checkout repository	2026-02-28T07:21:11.2797406Z  * [new tag]             0.6.5                  -> 0.6.5
end-workflow	Checkout repository	2026-02-28T07:21:11.2797772Z  * [new tag]             0.6.6                  -> 0.6.6
end-workflow	Checkout repository	2026-02-28T07:21:11.3069359Z [command]/usr/bin/git branch --list --remote origin/main
end-workflow	Checkout repository	2026-02-28T07:21:11.3177538Z   origin/main
end-workflow	Checkout repository	2026-02-28T07:21:11.3202939Z [command]/usr/bin/git rev-parse refs/remotes/origin/main
end-workflow	Checkout repository	2026-02-28T07:21:11.3260701Z 0b382799f21cdcbfce32a88cb3423b0049e7efe9
end-workflow	Checkout repository	2026-02-28T07:21:11.3279256Z ##[endgroup]
end-workflow	Checkout repository	2026-02-28T07:21:11.3285216Z ##[group]Determining the checkout info
end-workflow	Checkout repository	2026-02-28T07:21:11.3290034Z ##[endgroup]
end-workflow	Checkout repository	2026-02-28T07:21:11.3301078Z [command]/usr/bin/git sparse-checkout disable
end-workflow	Checkout repository	2026-02-28T07:21:11.3479934Z [command]/usr/bin/git config --local --unset-all extensions.worktreeConfig
end-workflow	Checkout repository	2026-02-28T07:21:11.3697997Z ##[group]Checking out the ref
end-workflow	Checkout repository	2026-02-28T07:21:11.3703306Z [command]/usr/bin/git checkout --progress --force -B main refs/remotes/origin/main
end-workflow	Checkout repository	2026-02-28T07:21:11.8728907Z Switched to a new branch 'main'
end-workflow	Checkout repository	2026-02-28T07:21:11.8729868Z branch 'main' set up to track 'origin/main'.
end-workflow	Checkout repository	2026-02-28T07:21:11.8806164Z ##[endgroup]
end-workflow	Checkout repository	2026-02-28T07:21:11.8925954Z [command]/usr/bin/git log -1 --format=%H
end-workflow	Checkout repository	2026-02-28T07:21:11.8994257Z 0b382799f21cdcbfce32a88cb3423b0049e7efe9
end-workflow	Install GH CLI	ï»¿2026-02-28T07:21:11.9676918Z Prepare all required actions
end-workflow	Install GH CLI	2026-02-28T07:21:11.9880056Z ##[group]Run ./.github/actions/install-gh-cli
end-workflow	Install GH CLI	2026-02-28T07:21:11.9880435Z env:
end-workflow	Install GH CLI	2026-02-28T07:21:11.9880685Z   KAOS_MODULE: [Ka0S] Watchdog Node Health
end-workflow	Install GH CLI	2026-02-28T07:21:11.9880983Z ##[endgroup]
end-workflow	Install GH CLI	2026-02-28T07:21:12.0397349Z ##[group]Run type -p curl >/dev/null || (sudo apt-get update && sudo apt-get install curl -y)
end-workflow	Install GH CLI	2026-02-28T07:21:12.0398306Z [36;1mtype -p curl >/dev/null || (sudo apt-get update && sudo apt-get install curl -y)[0m
end-workflow	Install GH CLI	2026-02-28T07:21:12.0399313Z [36;1mcurl -fsSL https://cli.github.com/packages/githubcli-archive-keyring.gpg | sudo dd of=/usr/share/keyrings/githubcli-archive-keyring.gpg \[0m
end-workflow	Install GH CLI	2026-02-28T07:21:12.0400286Z [36;1m&& sudo chmod go+r /usr/share/keyrings/githubcli-archive-keyring.gpg \[0m
end-workflow	Install GH CLI	2026-02-28T07:21:12.0401393Z [36;1m&& echo "deb [arch=$(dpkg --print-architecture) signed-by=/usr/share/keyrings/githubcli-archive-keyring.gpg] https://cli.github.com/packages stable main" | sudo tee /etc/apt/sources.list.d/github-cli.list > /dev/null \[0m
end-workflow	Install GH CLI	2026-02-28T07:21:12.0402504Z [36;1m&& sudo apt-get update \[0m
end-workflow	Install GH CLI	2026-02-28T07:21:12.0402837Z [36;1m&& sudo apt-get install gh -y[0m
end-workflow	Install GH CLI	2026-02-28T07:21:12.0492407Z shell: /usr/bin/bash --noprofile --norc -e -o pipefail {0}
end-workflow	Install GH CLI	2026-02-28T07:21:12.0492859Z env:
end-workflow	Install GH CLI	2026-02-28T07:21:12.0493142Z   KAOS_MODULE: [Ka0S] Watchdog Node Health
end-workflow	Install GH CLI	2026-02-28T07:21:12.0493450Z ##[endgroup]
end-workflow	Install GH CLI	2026-02-28T07:21:12.2417014Z 4+1 records in
end-workflow	Install GH CLI	2026-02-28T07:21:12.2419745Z 4+1 records out
end-workflow	Install GH CLI	2026-02-28T07:21:12.2421569Z 2270 bytes (2.3 kB, 2.2 KiB) copied, 0.128678 s, 17.6 kB/s
end-workflow	Install GH CLI	2026-02-28T07:21:12.4395527Z Get:1 https://cli.github.com/packages stable InRelease [3917 B]
end-workflow	Install GH CLI	2026-02-28T07:21:12.4605649Z Get:2 http://archive.ubuntu.com/ubuntu noble InRelease [256 kB]
end-workflow	Install GH CLI	2026-02-28T07:21:12.5256215Z Get:3 http://security.ubuntu.com/ubuntu noble-security InRelease [126 kB]
end-workflow	Install GH CLI	2026-02-28T07:21:12.6104831Z Get:4 http://archive.ubuntu.com/ubuntu noble-updates InRelease [126 kB]
end-workflow	Install GH CLI	2026-02-28T07:21:12.6527467Z Get:5 http://archive.ubuntu.com/ubuntu noble-backports InRelease [126 kB]
end-workflow	Install GH CLI	2026-02-28T07:21:12.6736782Z Get:6 https://ppa.launchpadcontent.net/git-core/ppa/ubuntu noble InRelease [24.3 kB]
end-workflow	Install GH CLI	2026-02-28T07:21:12.7007498Z Get:7 https://cli.github.com/packages stable/main amd64 Packages [357 B]
end-workflow	Install GH CLI	2026-02-28T07:21:12.9461880Z Get:8 http://archive.ubuntu.com/ubuntu noble/universe amd64 Packages [19.3 MB]
end-workflow	Install GH CLI	2026-02-28T07:21:13.3239237Z Get:9 https://ppa.launchpadcontent.net/git-core/ppa/ubuntu noble/main amd64 Packages [2992 B]
end-workflow	Install GH CLI	2026-02-28T07:21:13.4874831Z Get:10 http://security.ubuntu.com/ubuntu noble-security/multiverse amd64 Packages [34.8 kB]
end-workflow	Install GH CLI	2026-02-28T07:21:13.5605699Z Get:11 http://security.ubuntu.com/ubuntu noble-security/restricted amd64 Packages [3262 kB]
end-workflow	Install GH CLI	2026-02-28T07:21:13.5775958Z Get:12 http://archive.ubuntu.com/ubuntu noble/multiverse amd64 Packages [331 kB]
end-workflow	Install GH CLI	2026-02-28T07:21:13.5917431Z Get:13 http://archive.ubuntu.com/ubuntu noble/restricted amd64 Packages [117 kB]
end-workflow	Install GH CLI	2026-02-28T07:21:13.5977238Z Get:14 http://archive.ubuntu.com/ubuntu noble/main amd64 Packages [1808 kB]
end-workflow	Install GH CLI	2026-02-28T07:21:13.6481408Z Get:15 http://archive.ubuntu.com/ubuntu noble-updates/multiverse amd64 Packages [38.1 kB]
end-workflow	Install GH CLI	2026-02-28T07:21:13.6535793Z Get:16 http://archive.ubuntu.com/ubuntu noble-updates/restricted amd64 Packages [3471 kB]
end-workflow	Install GH CLI	2026-02-28T07:21:13.7370334Z Get:17 http://archive.ubuntu.com/ubuntu noble-updates/universe amd64 Packages [2017 kB]
end-workflow	Install GH CLI	2026-02-28T07:21:13.7495791Z Get:18 http://archive.ubuntu.com/ubuntu noble-updates/main amd64 Packages [2275 kB]
end-workflow	Install GH CLI	2026-02-28T07:21:13.7715720Z Get:19 http://archive.ubuntu.com/ubuntu noble-backports/main amd64 Packages [49.5 kB]
end-workflow	Install GH CLI	2026-02-28T07:21:13.7726827Z Get:20 http://archive.ubuntu.com/ubuntu noble-backports/universe amd64 Packages [34.6 kB]
end-workflow	Install GH CLI	2026-02-28T07:21:13.8306667Z Get:21 http://security.ubuntu.com/ubuntu noble-security/universe amd64 Packages [1242 kB]
end-workflow	Install GH CLI	2026-02-28T07:21:13.8765838Z Get:22 http://security.ubuntu.com/ubuntu noble-security/main amd64 Packages [1883 kB]
end-workflow	Install GH CLI	2026-02-28T07:21:15.7370350Z Fetched 36.5 MB in 3s (10.9 MB/s)
end-workflow	Install GH CLI	2026-02-28T07:21:17.2980568Z Reading package lists...
end-workflow	Install GH CLI	2026-02-28T07:21:18.5918173Z Reading package lists...
end-workflow	Install GH CLI	2026-02-28T07:21:18.8979903Z Building dependency tree...
end-workflow	Install GH CLI	2026-02-28T07:21:18.8990871Z Reading state information...
end-workflow	Install GH CLI	2026-02-28T07:21:19.4779309Z The following NEW packages will be installed:
end-workflow	Install GH CLI	2026-02-28T07:21:19.4846176Z   gh
end-workflow	Install GH CLI	2026-02-28T07:21:19.5830368Z 0 upgraded, 1 newly installed, 0 to remove and 0 not upgraded.
end-workflow	Install GH CLI	2026-02-28T07:21:19.5832756Z Need to get 13.8 MB of archives.
end-workflow	Install GH CLI	2026-02-28T07:21:19.5836904Z After this operation, 38.5 MB of additional disk space will be used.
end-workflow	Install GH CLI	2026-02-28T07:21:19.5837431Z Get:1 https://cli.github.com/packages stable/main amd64 gh amd64 2.87.3 [13.8 MB]
end-workflow	Install GH CLI	2026-02-28T07:21:20.0417050Z debconf: delaying package configuration, since apt-utils is not installed
end-workflow	Install GH CLI	2026-02-28T07:21:20.1286731Z Fetched 13.8 MB in 0s (42.9 MB/s)
end-workflow	Install GH CLI	2026-02-28T07:21:20.1777442Z Selecting previously unselected package gh.
end-workflow	Install GH CLI	2026-02-28T07:21:20.1815763Z (Reading database ... 
end-workflow	Install GH CLI	2026-02-28T07:21:20.1819691Z (Reading database ... 5%
end-workflow	Install GH CLI	2026-02-28T07:21:20.1822928Z (Reading database ... 10%
end-workflow	Install GH CLI	2026-02-28T07:21:20.1826196Z (Reading database ... 15%
end-workflow	Install GH CLI	2026-02-28T07:21:20.1827311Z (Reading database ... 20%
end-workflow	Install GH CLI	2026-02-28T07:21:20.1828108Z (Reading database ... 25%
end-workflow	Install GH CLI	2026-02-28T07:21:20.1828947Z (Reading database ... 30%
end-workflow	Install GH CLI	2026-02-28T07:21:20.1831198Z (Reading database ... 35%
end-workflow	Install GH CLI	2026-02-28T07:21:20.1832181Z (Reading database ... 40%
end-workflow	Install GH CLI	2026-02-28T07:21:20.1832984Z (Reading database ... 45%
end-workflow	Install GH CLI	2026-02-28T07:21:20.1833440Z (Reading database ... 50%
end-workflow	Install GH CLI	2026-02-28T07:21:20.1833881Z (Reading database ... 55%
end-workflow	Install GH CLI	2026-02-28T07:21:20.1844797Z (Reading database ... 60%
end-workflow	Install GH CLI	2026-02-28T07:21:20.1847239Z (Reading database ... 65%
end-workflow	Install GH CLI	2026-02-28T07:21:20.1885452Z (Reading database ... 70%
end-workflow	Install GH CLI	2026-02-28T07:21:20.1886045Z (Reading database ... 75%
end-workflow	Install GH CLI	2026-02-28T07:21:20.1888509Z (Reading database ... 80%
end-workflow	Install GH CLI	2026-02-28T07:21:20.1895288Z (Reading database ... 85%
end-workflow	Install GH CLI	2026-02-28T07:21:20.1915729Z (Reading database ... 90%
end-workflow	Install GH CLI	2026-02-28T07:21:20.1955990Z (Reading database ... 95%
end-workflow	Install GH CLI	2026-02-28T07:21:20.1956532Z (Reading database ... 100%
end-workflow	Install GH CLI	2026-02-28T07:21:20.1957194Z (Reading database ... 14387 files and directories currently installed.)
end-workflow	Install GH CLI	2026-02-28T07:21:20.1957861Z Preparing to unpack .../archives/gh_2.87.3_amd64.deb ...
end-workflow	Install GH CLI	2026-02-28T07:21:20.1995504Z Unpacking gh (2.87.3) ...
end-workflow	Install GH CLI	2026-02-28T07:21:20.6588666Z Setting up gh (2.87.3) ...
end-workflow	Trigger Inspector	ï»¿2026-02-28T07:21:20.7996319Z ##[group]Run gh workflow run inspector.yml \
end-workflow	Trigger Inspector	2026-02-28T07:21:20.7996929Z [36;1mgh workflow run inspector.yml \[0m
end-workflow	Trigger Inspector	2026-02-28T07:21:20.7997293Z [36;1m  -f workflow_name="Watchdog - Node Health" \[0m
end-workflow	Trigger Inspector	2026-02-28T07:21:20.7997607Z [36;1m  -f run_id="22516069401" \[0m
end-workflow	Trigger Inspector	2026-02-28T07:21:20.7997873Z [36;1m  -f status="success"[0m
end-workflow	Trigger Inspector	2026-02-28T07:21:20.8050991Z shell: /usr/bin/bash -e {0}
end-workflow	Trigger Inspector	2026-02-28T07:21:20.8051311Z env:
end-workflow	Trigger Inspector	2026-02-28T07:21:20.8051525Z   KAOS_MODULE: [Ka0S] Watchdog Node Health
end-workflow	Trigger Inspector	2026-02-28T07:21:20.8052325Z   GH_TOKEN: ***
end-workflow	Trigger Inspector	2026-02-28T07:21:20.8052542Z ##[endgroup]
end-workflow	Trigger Inspector	2026-02-28T07:21:22.8312285Z https://github.com/Ka0s-Klaus/ka0s/actions/runs/22516105364
end-workflow	Post Checkout repository	ï»¿2026-02-28T07:21:22.9178789Z Post job cleanup.
end-workflow	Post Checkout repository	2026-02-28T07:21:23.0836276Z [command]/usr/bin/git version
end-workflow	Post Checkout repository	2026-02-28T07:21:23.0917766Z git version 2.53.0
end-workflow	Post Checkout repository	2026-02-28T07:21:23.1117087Z Temporarily overriding HOME='/home/runner/_work/_temp/41443bff-9d2b-4549-aef9-7fd4e27ff6f1' before making global git config changes
end-workflow	Post Checkout repository	2026-02-28T07:21:23.1140966Z Adding repository directory to the temporary git global config as a safe directory
end-workflow	Post Checkout repository	2026-02-28T07:21:23.1160639Z [command]/usr/bin/git config --global --add safe.directory /home/runner/_work/ka0s/ka0s
end-workflow	Post Checkout repository	2026-02-28T07:21:23.1275519Z [command]/usr/bin/git config --local --name-only --get-regexp core\.sshCommand
end-workflow	Post Checkout repository	2026-02-28T07:21:23.1358067Z [command]/usr/bin/git submodule foreach --recursive sh -c "git config --local --name-only --get-regexp 'core\.sshCommand' && git config --local --unset-all 'core.sshCommand' || :"
end-workflow	Post Checkout repository	2026-02-28T07:21:23.1920623Z [command]/usr/bin/git config --local --name-only --get-regexp http\.https\:\/\/github\.com\/\.extraheader
end-workflow	Post Checkout repository	2026-02-28T07:21:23.1989514Z http.https://github.com/.extraheader
end-workflow	Post Checkout repository	2026-02-28T07:21:23.2051899Z [command]/usr/bin/git config --local --unset-all http.https://github.com/.extraheader
end-workflow	Post Checkout repository	2026-02-28T07:21:23.2157936Z [command]/usr/bin/git submodule foreach --recursive sh -c "git config --local --name-only --get-regexp 'http\.https\:\/\/github\.com\/\.extraheader' && git config --local --unset-all 'http.https://github.com/.extraheader' || :"
end-workflow	Post Checkout repository	2026-02-28T07:21:23.3089163Z [command]/usr/bin/git config --local --name-only --get-regexp ^includeIf\.gitdir:
end-workflow	Post Checkout repository	2026-02-28T07:21:23.3235846Z [command]/usr/bin/git submodule foreach --recursive git config --local --show-origin --name-only --get-regexp remote.origin.url
end-workflow	Complete job	ï»¿2026-02-28T07:21:23.4330585Z Cleaning up orphan processes
