job-core	Set up job	Ôªø2026-02-28T10:34:49.3902071Z Current runner version: '2.332.0'
job-core	Set up job	2026-02-28T10:34:49.3911160Z Runner name: 'swarm-runners-scaleset-hkss5-runner-vm5v8'
job-core	Set up job	2026-02-28T10:34:49.3912715Z Runner group name: 'Default'
job-core	Set up job	2026-02-28T10:34:49.3913820Z Machine name: 'swarm-runners-scaleset-hkss5-runner-vm5v8'
job-core	Set up job	2026-02-28T10:34:49.3918182Z ##[group]GITHUB_TOKEN Permissions
job-core	Set up job	2026-02-28T10:34:49.3921578Z Actions: write
job-core	Set up job	2026-02-28T10:34:49.3922210Z Contents: write
job-core	Set up job	2026-02-28T10:34:49.3922775Z Issues: write
job-core	Set up job	2026-02-28T10:34:49.3923417Z Metadata: read
job-core	Set up job	2026-02-28T10:34:49.3924146Z PullRequests: write
job-core	Set up job	2026-02-28T10:34:49.3925098Z ##[endgroup]
job-core	Set up job	2026-02-28T10:34:49.3927386Z Secret source: Actions
job-core	Set up job	2026-02-28T10:34:49.3928173Z Prepare workflow directory
job-core	Set up job	2026-02-28T10:34:49.4503641Z Prepare all required actions
job-core	Set up job	2026-02-28T10:34:49.4547561Z Getting action download info
job-core	Set up job	2026-02-28T10:34:50.0775721Z Download action repository 'actions/checkout@v4' (SHA:34e114876b0b11c390a56381ad16ebd13914f8d5)
job-core	Set up job	2026-02-28T10:34:50.8978722Z Download action repository 'actions/setup-python@v4' (SHA:7f4fc3e22c37d6ff65e88745f38bd3157c663f7c)
job-core	Set up job	2026-02-28T10:34:51.8961522Z Download action repository 'actions/upload-artifact@v4' (SHA:ea165f8d65b6e75b540449e92b4886f43607fa02)
job-core	Set up job	2026-02-28T10:34:52.9126106Z Complete job name: job-core
job-core	Checkout code	Ôªø2026-02-28T10:34:52.9734959Z ##[group]Run actions/checkout@v4
job-core	Checkout code	2026-02-28T10:34:52.9735867Z with:
job-core	Checkout code	2026-02-28T10:34:52.9736141Z   fetch-depth: 0
job-core	Checkout code	2026-02-28T10:34:52.9736420Z   repository: Ka0s-Klaus/ka0s
job-core	Checkout code	2026-02-28T10:34:52.9736991Z   token: ***
job-core	Checkout code	2026-02-28T10:34:52.9737258Z   ssh-strict: true
job-core	Checkout code	2026-02-28T10:34:52.9737517Z   ssh-user: git
job-core	Checkout code	2026-02-28T10:34:52.9737787Z   persist-credentials: true
job-core	Checkout code	2026-02-28T10:34:52.9738088Z   clean: true
job-core	Checkout code	2026-02-28T10:34:52.9738363Z   sparse-checkout-cone-mode: true
job-core	Checkout code	2026-02-28T10:34:52.9738686Z   fetch-tags: false
job-core	Checkout code	2026-02-28T10:34:52.9738974Z   show-progress: true
job-core	Checkout code	2026-02-28T10:34:52.9739242Z   lfs: false
job-core	Checkout code	2026-02-28T10:34:52.9739493Z   submodules: false
job-core	Checkout code	2026-02-28T10:34:52.9739766Z   set-safe-directory: true
job-core	Checkout code	2026-02-28T10:34:52.9740291Z env:
job-core	Checkout code	2026-02-28T10:34:52.9740566Z   PYTHON_VERSION: 3.9
job-core	Checkout code	2026-02-28T10:34:52.9741376Z   MONGO_SUPERUSER_CONNECTION: ***
job-core	Checkout code	2026-02-28T10:34:52.9741831Z   MONGO_NEW_PASS: ***
job-core	Checkout code	2026-02-28T10:34:52.9742231Z   MONGO_SCRIPT_CREATE: devops/core/mongo/scripts/mongodb_status_report.py
job-core	Checkout code	2026-02-28T10:34:52.9742993Z   KAOS_CODE: 22519053253
job-core	Checkout code	2026-02-28T10:34:52.9743270Z   REPORT_SCAN: audit/
job-core	Checkout code	2026-02-28T10:34:52.9743555Z   REPORT_PATH: audit/mongodb/
job-core	Checkout code	2026-02-28T10:34:52.9743865Z   REPORT_FILENAME: 22519053253.json
job-core	Checkout code	2026-02-28T10:34:52.9744203Z   KAOS_MODULE: [Ka0s] Status MongDB Report
job-core	Checkout code	2026-02-28T10:34:52.9744694Z   GITHUB_OUTPUT: 
job-core	Checkout code	2026-02-28T10:34:52.9744992Z ##[endgroup]
job-core	Checkout code	2026-02-28T10:34:53.1000333Z Syncing repository: Ka0s-Klaus/ka0s
job-core	Checkout code	2026-02-28T10:34:53.1001929Z ##[group]Getting Git version info
job-core	Checkout code	2026-02-28T10:34:53.1002357Z Working directory is '/home/runner/_work/ka0s/ka0s'
job-core	Checkout code	2026-02-28T10:34:53.1002983Z [command]/usr/bin/git version
job-core	Checkout code	2026-02-28T10:34:53.1003323Z git version 2.53.0
job-core	Checkout code	2026-02-28T10:34:53.1026235Z ##[endgroup]
job-core	Checkout code	2026-02-28T10:34:53.1046816Z Temporarily overriding HOME='/home/runner/_work/_temp/5783e4b3-ede7-4bd4-bd47-8a253913e4de' before making global git config changes
job-core	Checkout code	2026-02-28T10:34:53.1049606Z Adding repository directory to the temporary git global config as a safe directory
job-core	Checkout code	2026-02-28T10:34:53.1052854Z [command]/usr/bin/git config --global --add safe.directory /home/runner/_work/ka0s/ka0s
job-core	Checkout code	2026-02-28T10:34:53.1100335Z Deleting the contents of '/home/runner/_work/ka0s/ka0s'
job-core	Checkout code	2026-02-28T10:34:53.1104419Z ##[group]Initializing the repository
job-core	Checkout code	2026-02-28T10:34:53.1109580Z [command]/usr/bin/git init /home/runner/_work/ka0s/ka0s
job-core	Checkout code	2026-02-28T10:34:53.1170314Z hint: Using 'master' as the name for the initial branch. This default branch name
job-core	Checkout code	2026-02-28T10:34:53.1171484Z hint: will change to "main" in Git 3.0. To configure the initial branch name
job-core	Checkout code	2026-02-28T10:34:53.1172241Z hint: to use in all of your new repositories, which will suppress this warning,
job-core	Checkout code	2026-02-28T10:34:53.1172957Z hint: call:
job-core	Checkout code	2026-02-28T10:34:53.1173232Z hint:
job-core	Checkout code	2026-02-28T10:34:53.1174018Z hint: 	git config --global init.defaultBranch <name>
job-core	Checkout code	2026-02-28T10:34:53.1174398Z hint:
job-core	Checkout code	2026-02-28T10:34:53.1175955Z hint: Names commonly chosen instead of 'master' are 'main', 'trunk' and
job-core	Checkout code	2026-02-28T10:34:53.1176718Z hint: 'development'. The just-created branch can be renamed via this command:
job-core	Checkout code	2026-02-28T10:34:53.1177202Z hint:
job-core	Checkout code	2026-02-28T10:34:53.1177471Z hint: 	git branch -m <name>
job-core	Checkout code	2026-02-28T10:34:53.1177769Z hint:
job-core	Checkout code	2026-02-28T10:34:53.1178169Z hint: Disable this message with "git config set advice.defaultBranchName false"
job-core	Checkout code	2026-02-28T10:34:53.1178785Z Initialized empty Git repository in /home/runner/_work/ka0s/ka0s/.git/
job-core	Checkout code	2026-02-28T10:34:53.1186249Z [command]/usr/bin/git remote add origin https://github.com/Ka0s-Klaus/ka0s
job-core	Checkout code	2026-02-28T10:34:53.1233458Z ##[endgroup]
job-core	Checkout code	2026-02-28T10:34:53.1234072Z ##[group]Disabling automatic garbage collection
job-core	Checkout code	2026-02-28T10:34:53.1237416Z [command]/usr/bin/git config --local gc.auto 0
job-core	Checkout code	2026-02-28T10:34:53.1279839Z ##[endgroup]
job-core	Checkout code	2026-02-28T10:34:53.1280385Z ##[group]Setting up auth
job-core	Checkout code	2026-02-28T10:34:53.1288097Z [command]/usr/bin/git config --local --name-only --get-regexp core\.sshCommand
job-core	Checkout code	2026-02-28T10:34:53.1333770Z [command]/usr/bin/git submodule foreach --recursive sh -c "git config --local --name-only --get-regexp 'core\.sshCommand' && git config --local --unset-all 'core.sshCommand' || :"
job-core	Checkout code	2026-02-28T10:34:53.1694472Z [command]/usr/bin/git config --local --name-only --get-regexp http\.https\:\/\/github\.com\/\.extraheader
job-core	Checkout code	2026-02-28T10:34:53.1734772Z [command]/usr/bin/git submodule foreach --recursive sh -c "git config --local --name-only --get-regexp 'http\.https\:\/\/github\.com\/\.extraheader' && git config --local --unset-all 'http.https://github.com/.extraheader' || :"
job-core	Checkout code	2026-02-28T10:34:53.2065565Z [command]/usr/bin/git config --local --name-only --get-regexp ^includeIf\.gitdir:
job-core	Checkout code	2026-02-28T10:34:53.2105815Z [command]/usr/bin/git submodule foreach --recursive git config --local --show-origin --name-only --get-regexp remote.origin.url
job-core	Checkout code	2026-02-28T10:34:53.2444977Z [command]/usr/bin/git config --local http.https://github.com/.extraheader AUTHORIZATION: basic ***
job-core	Checkout code	2026-02-28T10:34:53.2510203Z ##[endgroup]
job-core	Checkout code	2026-02-28T10:34:53.2510816Z ##[group]Fetching the repository
job-core	Checkout code	2026-02-28T10:34:53.2518784Z [command]/usr/bin/git -c protocol.version=2 fetch --prune --no-recurse-submodules origin +refs/heads/*:refs/remotes/origin/* +refs/tags/*:refs/tags/*
job-core	Checkout code	2026-02-28T10:35:16.7438446Z From https://github.com/Ka0s-Klaus/ka0s
job-core	Checkout code	2026-02-28T10:35:16.7439221Z  * [new branch]          F3450-modelo-operativo -> origin/F3450-modelo-operativo
job-core	Checkout code	2026-02-28T10:35:16.7439837Z  * [new branch]          H1276-modulo-observabilidad -> origin/H1276-modulo-observabilidad
job-core	Checkout code	2026-02-28T10:35:16.7440519Z  * [new branch]          H3596-deploy-itop      -> origin/H3596-deploy-itop
job-core	Checkout code	2026-02-28T10:35:16.7441201Z  * [new branch]          H4170-flujo-detallado-zabbix---github -> origin/H4170-flujo-detallado-zabbix---github
job-core	Checkout code	2026-02-28T10:35:16.7441887Z  * [new branch]          H4191-request-cambios  -> origin/H4191-request-cambios
job-core	Checkout code	2026-02-28T10:35:16.7442648Z  * [new branch]          H4200-request-recomendaciones-de-auditoria -> origin/H4200-request-recomendaciones-de-auditoria
job-core	Checkout code	2026-02-28T10:35:16.7443325Z  * [new branch]          main                   -> origin/main
job-core	Checkout code	2026-02-28T10:35:16.7505058Z  * [new tag]             0.0.0                  -> 0.0.0
job-core	Checkout code	2026-02-28T10:35:16.7505903Z  * [new tag]             0.0.1                  -> 0.0.1
job-core	Checkout code	2026-02-28T10:35:16.7506296Z  * [new tag]             0.0.10                 -> 0.0.10
job-core	Checkout code	2026-02-28T10:35:16.7506712Z  * [new tag]             0.0.100                -> 0.0.100
job-core	Checkout code	2026-02-28T10:35:16.7507135Z  * [new tag]             0.0.101                -> 0.0.101
job-core	Checkout code	2026-02-28T10:35:16.7507548Z  * [new tag]             0.0.102                -> 0.0.102
job-core	Checkout code	2026-02-28T10:35:16.7507988Z  * [new tag]             0.0.103                -> 0.0.103
job-core	Checkout code	2026-02-28T10:35:16.7508451Z  * [new tag]             0.0.104                -> 0.0.104
job-core	Checkout code	2026-02-28T10:35:16.7509019Z  * [new tag]             0.0.105                -> 0.0.105
job-core	Checkout code	2026-02-28T10:35:16.7509866Z  * [new tag]             0.0.106                -> 0.0.106
job-core	Checkout code	2026-02-28T10:35:16.7510235Z  * [new tag]             0.0.107                -> 0.0.107
job-core	Checkout code	2026-02-28T10:35:16.7510602Z  * [new tag]             0.0.108                -> 0.0.108
job-core	Checkout code	2026-02-28T10:35:16.7510994Z  * [new tag]             0.0.109                -> 0.0.109
job-core	Checkout code	2026-02-28T10:35:16.7511357Z  * [new tag]             0.0.11                 -> 0.0.11
job-core	Checkout code	2026-02-28T10:35:16.7511721Z  * [new tag]             0.0.110                -> 0.0.110
job-core	Checkout code	2026-02-28T10:35:16.7512090Z  * [new tag]             0.0.111                -> 0.0.111
job-core	Checkout code	2026-02-28T10:35:16.7512449Z  * [new tag]             0.0.112                -> 0.0.112
job-core	Checkout code	2026-02-28T10:35:16.7512806Z  * [new tag]             0.0.113                -> 0.0.113
job-core	Checkout code	2026-02-28T10:35:16.7513175Z  * [new tag]             0.0.114                -> 0.0.114
job-core	Checkout code	2026-02-28T10:35:16.7513554Z  * [new tag]             0.0.115                -> 0.0.115
job-core	Checkout code	2026-02-28T10:35:16.7513927Z  * [new tag]             0.0.116                -> 0.0.116
job-core	Checkout code	2026-02-28T10:35:16.7514386Z  * [new tag]             0.0.117                -> 0.0.117
job-core	Checkout code	2026-02-28T10:35:16.7515033Z  * [new tag]             0.0.118                -> 0.0.118
job-core	Checkout code	2026-02-28T10:35:16.7515397Z  * [new tag]             0.0.119                -> 0.0.119
job-core	Checkout code	2026-02-28T10:35:16.7516060Z  * [new tag]             0.0.12                 -> 0.0.12
job-core	Checkout code	2026-02-28T10:35:16.7516421Z  * [new tag]             0.0.120                -> 0.0.120
job-core	Checkout code	2026-02-28T10:35:16.7516782Z  * [new tag]             0.0.121                -> 0.0.121
job-core	Checkout code	2026-02-28T10:35:16.7517144Z  * [new tag]             0.0.122                -> 0.0.122
job-core	Checkout code	2026-02-28T10:35:16.7517517Z  * [new tag]             0.0.123                -> 0.0.123
job-core	Checkout code	2026-02-28T10:35:16.7517883Z  * [new tag]             0.0.124                -> 0.0.124
job-core	Checkout code	2026-02-28T10:35:16.7518249Z  * [new tag]             0.0.125                -> 0.0.125
job-core	Checkout code	2026-02-28T10:35:16.7518724Z  * [new tag]             0.0.126                -> 0.0.126
job-core	Checkout code	2026-02-28T10:35:16.7519090Z  * [new tag]             0.0.127                -> 0.0.127
job-core	Checkout code	2026-02-28T10:35:16.7519441Z  * [new tag]             0.0.128                -> 0.0.128
job-core	Checkout code	2026-02-28T10:35:16.7519792Z  * [new tag]             0.0.129                -> 0.0.129
job-core	Checkout code	2026-02-28T10:35:16.7520153Z  * [new tag]             0.0.13                 -> 0.0.13
job-core	Checkout code	2026-02-28T10:35:16.7520505Z  * [new tag]             0.0.130                -> 0.0.130
job-core	Checkout code	2026-02-28T10:35:16.7520861Z  * [new tag]             0.0.131                -> 0.0.131
job-core	Checkout code	2026-02-28T10:35:16.7521207Z  * [new tag]             0.0.132                -> 0.0.132
job-core	Checkout code	2026-02-28T10:35:16.7521561Z  * [new tag]             0.0.133                -> 0.0.133
job-core	Checkout code	2026-02-28T10:35:16.7521912Z  * [new tag]             0.0.134                -> 0.0.134
job-core	Checkout code	2026-02-28T10:35:16.7522293Z  * [new tag]             0.0.135                -> 0.0.135
job-core	Checkout code	2026-02-28T10:35:16.7522688Z  * [new tag]             0.0.136                -> 0.0.136
job-core	Checkout code	2026-02-28T10:35:16.7523048Z  * [new tag]             0.0.137                -> 0.0.137
job-core	Checkout code	2026-02-28T10:35:16.7523407Z  * [new tag]             0.0.138                -> 0.0.138
job-core	Checkout code	2026-02-28T10:35:16.7523765Z  * [new tag]             0.0.139                -> 0.0.139
job-core	Checkout code	2026-02-28T10:35:16.7524111Z  * [new tag]             0.0.14                 -> 0.0.14
job-core	Checkout code	2026-02-28T10:35:16.7524472Z  * [new tag]             0.0.140                -> 0.0.140
job-core	Checkout code	2026-02-28T10:35:16.7525613Z  * [new tag]             0.0.141                -> 0.0.141
job-core	Checkout code	2026-02-28T10:35:16.7525973Z  * [new tag]             0.0.142                -> 0.0.142
job-core	Checkout code	2026-02-28T10:35:16.7526324Z  * [new tag]             0.0.143                -> 0.0.143
job-core	Checkout code	2026-02-28T10:35:16.7526928Z  * [new tag]             0.0.144                -> 0.0.144
job-core	Checkout code	2026-02-28T10:35:16.7527277Z  * [new tag]             0.0.145                -> 0.0.145
job-core	Checkout code	2026-02-28T10:35:16.7527762Z  * [new tag]             0.0.146                -> 0.0.146
job-core	Checkout code	2026-02-28T10:35:16.7528127Z  * [new tag]             0.0.147                -> 0.0.147
job-core	Checkout code	2026-02-28T10:35:16.7528487Z  * [new tag]             0.0.148                -> 0.0.148
job-core	Checkout code	2026-02-28T10:35:16.7529097Z  * [new tag]             0.0.149                -> 0.0.149
job-core	Checkout code	2026-02-28T10:35:16.7529749Z  * [new tag]             0.0.15                 -> 0.0.15
job-core	Checkout code	2026-02-28T10:35:16.7530275Z  * [new tag]             0.0.150                -> 0.0.150
job-core	Checkout code	2026-02-28T10:35:16.7530640Z  * [new tag]             0.0.151                -> 0.0.151
job-core	Checkout code	2026-02-28T10:35:16.7530995Z  * [new tag]             0.0.152                -> 0.0.152
job-core	Checkout code	2026-02-28T10:35:16.7531355Z  * [new tag]             0.0.153                -> 0.0.153
job-core	Checkout code	2026-02-28T10:35:16.7531719Z  * [new tag]             0.0.154                -> 0.0.154
job-core	Checkout code	2026-02-28T10:35:16.7532074Z  * [new tag]             0.0.155                -> 0.0.155
job-core	Checkout code	2026-02-28T10:35:16.7532436Z  * [new tag]             0.0.156                -> 0.0.156
job-core	Checkout code	2026-02-28T10:35:16.7532801Z  * [new tag]             0.0.157                -> 0.0.157
job-core	Checkout code	2026-02-28T10:35:16.7533162Z  * [new tag]             0.0.158                -> 0.0.158
job-core	Checkout code	2026-02-28T10:35:16.7533530Z  * [new tag]             0.0.159                -> 0.0.159
job-core	Checkout code	2026-02-28T10:35:16.7533896Z  * [new tag]             0.0.16                 -> 0.0.16
job-core	Checkout code	2026-02-28T10:35:16.7534261Z  * [new tag]             0.0.160                -> 0.0.160
job-core	Checkout code	2026-02-28T10:35:16.7535235Z  * [new tag]             0.0.161                -> 0.0.161
job-core	Checkout code	2026-02-28T10:35:16.7535744Z  * [new tag]             0.0.162                -> 0.0.162
job-core	Checkout code	2026-02-28T10:35:16.7536131Z  * [new tag]             0.0.163                -> 0.0.163
job-core	Checkout code	2026-02-28T10:35:16.7536624Z  * [new tag]             0.0.164                -> 0.0.164
job-core	Checkout code	2026-02-28T10:35:16.7536987Z  * [new tag]             0.0.165                -> 0.0.165
job-core	Checkout code	2026-02-28T10:35:16.7537347Z  * [new tag]             0.0.166                -> 0.0.166
job-core	Checkout code	2026-02-28T10:35:16.7537710Z  * [new tag]             0.0.167                -> 0.0.167
job-core	Checkout code	2026-02-28T10:35:16.7538073Z  * [new tag]             0.0.168                -> 0.0.168
job-core	Checkout code	2026-02-28T10:35:16.7538434Z  * [new tag]             0.0.169                -> 0.0.169
job-core	Checkout code	2026-02-28T10:35:16.7538808Z  * [new tag]             0.0.17                 -> 0.0.17
job-core	Checkout code	2026-02-28T10:35:16.7539174Z  * [new tag]             0.0.170                -> 0.0.170
job-core	Checkout code	2026-02-28T10:35:16.7539538Z  * [new tag]             0.0.171                -> 0.0.171
job-core	Checkout code	2026-02-28T10:35:16.7539908Z  * [new tag]             0.0.172                -> 0.0.172
job-core	Checkout code	2026-02-28T10:35:16.7540272Z  * [new tag]             0.0.173                -> 0.0.173
job-core	Checkout code	2026-02-28T10:35:16.7540634Z  * [new tag]             0.0.174                -> 0.0.174
job-core	Checkout code	2026-02-28T10:35:16.7540997Z  * [new tag]             0.0.175                -> 0.0.175
job-core	Checkout code	2026-02-28T10:35:16.7541359Z  * [new tag]             0.0.176                -> 0.0.176
job-core	Checkout code	2026-02-28T10:35:16.7541723Z  * [new tag]             0.0.177                -> 0.0.177
job-core	Checkout code	2026-02-28T10:35:16.7542081Z  * [new tag]             0.0.178                -> 0.0.178
job-core	Checkout code	2026-02-28T10:35:16.7542446Z  * [new tag]             0.0.179                -> 0.0.179
job-core	Checkout code	2026-02-28T10:35:16.7542816Z  * [new tag]             0.0.18                 -> 0.0.18
job-core	Checkout code	2026-02-28T10:35:16.7543179Z  * [new tag]             0.0.19                 -> 0.0.19
job-core	Checkout code	2026-02-28T10:35:16.7543542Z  * [new tag]             0.0.2                  -> 0.0.2
job-core	Checkout code	2026-02-28T10:35:16.7543896Z  * [new tag]             0.0.20                 -> 0.0.20
job-core	Checkout code	2026-02-28T10:35:16.7544265Z  * [new tag]             0.0.21                 -> 0.0.21
job-core	Checkout code	2026-02-28T10:35:16.7544875Z  * [new tag]             0.0.22                 -> 0.0.22
job-core	Checkout code	2026-02-28T10:35:16.7545366Z  * [new tag]             0.0.23                 -> 0.0.23
job-core	Checkout code	2026-02-28T10:35:16.7545730Z  * [new tag]             0.0.24                 -> 0.0.24
job-core	Checkout code	2026-02-28T10:35:16.7546088Z  * [new tag]             0.0.25                 -> 0.0.25
job-core	Checkout code	2026-02-28T10:35:16.7546443Z  * [new tag]             0.0.26                 -> 0.0.26
job-core	Checkout code	2026-02-28T10:35:16.7546796Z  * [new tag]             0.0.27                 -> 0.0.27
job-core	Checkout code	2026-02-28T10:35:16.7547160Z  * [new tag]             0.0.28                 -> 0.0.28
job-core	Checkout code	2026-02-28T10:35:16.7547721Z  * [new tag]             0.0.29                 -> 0.0.29
job-core	Checkout code	2026-02-28T10:35:16.7548084Z  * [new tag]             0.0.3                  -> 0.0.3
job-core	Checkout code	2026-02-28T10:35:16.7548449Z  * [new tag]             0.0.30                 -> 0.0.30
job-core	Checkout code	2026-02-28T10:35:16.7548813Z  * [new tag]             0.0.31                 -> 0.0.31
job-core	Checkout code	2026-02-28T10:35:16.7549168Z  * [new tag]             0.0.32                 -> 0.0.32
job-core	Checkout code	2026-02-28T10:35:16.7549523Z  * [new tag]             0.0.33                 -> 0.0.33
job-core	Checkout code	2026-02-28T10:35:16.7549881Z  * [new tag]             0.0.34                 -> 0.0.34
job-core	Checkout code	2026-02-28T10:35:16.7550241Z  * [new tag]             0.0.35                 -> 0.0.35
job-core	Checkout code	2026-02-28T10:35:16.7550605Z  * [new tag]             0.0.36                 -> 0.0.36
job-core	Checkout code	2026-02-28T10:35:16.7550967Z  * [new tag]             0.0.37                 -> 0.0.37
job-core	Checkout code	2026-02-28T10:35:16.7551330Z  * [new tag]             0.0.38                 -> 0.0.38
job-core	Checkout code	2026-02-28T10:35:16.7551689Z  * [new tag]             0.0.39                 -> 0.0.39
job-core	Checkout code	2026-02-28T10:35:16.7552054Z  * [new tag]             0.0.4                  -> 0.0.4
job-core	Checkout code	2026-02-28T10:35:16.7552416Z  * [new tag]             0.0.40                 -> 0.0.40
job-core	Checkout code	2026-02-28T10:35:16.7552774Z  * [new tag]             0.0.41                 -> 0.0.41
job-core	Checkout code	2026-02-28T10:35:16.7553334Z  * [new tag]             0.0.42                 -> 0.0.42
job-core	Checkout code	2026-02-28T10:35:16.7553699Z  * [new tag]             0.0.43                 -> 0.0.43
job-core	Checkout code	2026-02-28T10:35:16.7554056Z  * [new tag]             0.0.44                 -> 0.0.44
job-core	Checkout code	2026-02-28T10:35:16.7554414Z  * [new tag]             0.0.45                 -> 0.0.45
job-core	Checkout code	2026-02-28T10:35:16.7555240Z  * [new tag]             0.0.46                 -> 0.0.46
job-core	Checkout code	2026-02-28T10:35:16.7555597Z  * [new tag]             0.0.47                 -> 0.0.47
job-core	Checkout code	2026-02-28T10:35:16.7556076Z  * [new tag]             0.0.48                 -> 0.0.48
job-core	Checkout code	2026-02-28T10:35:16.7556427Z  * [new tag]             0.0.49                 -> 0.0.49
job-core	Checkout code	2026-02-28T10:35:16.7556781Z  * [new tag]             0.0.5                  -> 0.0.5
job-core	Checkout code	2026-02-28T10:35:16.7557139Z  * [new tag]             0.0.50                 -> 0.0.50
job-core	Checkout code	2026-02-28T10:35:16.7557488Z  * [new tag]             0.0.51                 -> 0.0.51
job-core	Checkout code	2026-02-28T10:35:16.7557836Z  * [new tag]             0.0.52                 -> 0.0.52
job-core	Checkout code	2026-02-28T10:35:16.7558196Z  * [new tag]             0.0.53                 -> 0.0.53
job-core	Checkout code	2026-02-28T10:35:16.7558539Z  * [new tag]             0.0.54                 -> 0.0.54
job-core	Checkout code	2026-02-28T10:35:16.7558895Z  * [new tag]             0.0.55                 -> 0.0.55
job-core	Checkout code	2026-02-28T10:35:16.7559247Z  * [new tag]             0.0.56                 -> 0.0.56
job-core	Checkout code	2026-02-28T10:35:16.7559597Z  * [new tag]             0.0.57                 -> 0.0.57
job-core	Checkout code	2026-02-28T10:35:16.7559943Z  * [new tag]             0.0.58                 -> 0.0.58
job-core	Checkout code	2026-02-28T10:35:16.7560291Z  * [new tag]             0.0.59                 -> 0.0.59
job-core	Checkout code	2026-02-28T10:35:16.7560639Z  * [new tag]             0.0.6                  -> 0.0.6
job-core	Checkout code	2026-02-28T10:35:16.7560980Z  * [new tag]             0.0.60                 -> 0.0.60
job-core	Checkout code	2026-02-28T10:35:16.7561328Z  * [new tag]             0.0.61                 -> 0.0.61
job-core	Checkout code	2026-02-28T10:35:16.7561672Z  * [new tag]             0.0.62                 -> 0.0.62
job-core	Checkout code	2026-02-28T10:35:16.7562014Z  * [new tag]             0.0.63                 -> 0.0.63
job-core	Checkout code	2026-02-28T10:35:16.7562360Z  * [new tag]             0.0.64                 -> 0.0.64
job-core	Checkout code	2026-02-28T10:35:16.7562702Z  * [new tag]             0.0.65                 -> 0.0.65
job-core	Checkout code	2026-02-28T10:35:16.7563046Z  * [new tag]             0.0.66                 -> 0.0.66
job-core	Checkout code	2026-02-28T10:35:16.7563384Z  * [new tag]             0.0.67                 -> 0.0.67
job-core	Checkout code	2026-02-28T10:35:16.7563726Z  * [new tag]             0.0.68                 -> 0.0.68
job-core	Checkout code	2026-02-28T10:35:16.7564065Z  * [new tag]             0.0.69                 -> 0.0.69
job-core	Checkout code	2026-02-28T10:35:16.7564408Z  * [new tag]             0.0.7                  -> 0.0.7
job-core	Checkout code	2026-02-28T10:35:16.7565025Z  * [new tag]             0.0.70                 -> 0.0.70
job-core	Checkout code	2026-02-28T10:35:16.7565727Z  * [new tag]             0.0.71                 -> 0.0.71
job-core	Checkout code	2026-02-28T10:35:16.7566072Z  * [new tag]             0.0.72                 -> 0.0.72
job-core	Checkout code	2026-02-28T10:35:16.7566415Z  * [new tag]             0.0.73                 -> 0.0.73
job-core	Checkout code	2026-02-28T10:35:16.7566759Z  * [new tag]             0.0.74                 -> 0.0.74
job-core	Checkout code	2026-02-28T10:35:16.7567103Z  * [new tag]             0.0.75                 -> 0.0.75
job-core	Checkout code	2026-02-28T10:35:16.7567458Z  * [new tag]             0.0.76                 -> 0.0.76
job-core	Checkout code	2026-02-28T10:35:16.7567803Z  * [new tag]             0.0.77                 -> 0.0.77
job-core	Checkout code	2026-02-28T10:35:16.7568415Z  * [new tag]             0.0.78                 -> 0.0.78
job-core	Checkout code	2026-02-28T10:35:16.7568897Z  * [new tag]             0.0.79                 -> 0.0.79
job-core	Checkout code	2026-02-28T10:35:16.7569373Z  * [new tag]             0.0.8                  -> 0.0.8
job-core	Checkout code	2026-02-28T10:35:16.7569714Z  * [new tag]             0.0.80                 -> 0.0.80
job-core	Checkout code	2026-02-28T10:35:16.7570060Z  * [new tag]             0.0.81                 -> 0.0.81
job-core	Checkout code	2026-02-28T10:35:16.7570411Z  * [new tag]             0.0.82                 -> 0.0.82
job-core	Checkout code	2026-02-28T10:35:16.7570756Z  * [new tag]             0.0.83                 -> 0.0.83
job-core	Checkout code	2026-02-28T10:35:16.7571097Z  * [new tag]             0.0.84                 -> 0.0.84
job-core	Checkout code	2026-02-28T10:35:16.7571624Z  * [new tag]             0.0.85                 -> 0.0.85
job-core	Checkout code	2026-02-28T10:35:16.7571969Z  * [new tag]             0.0.86                 -> 0.0.86
job-core	Checkout code	2026-02-28T10:35:16.7572312Z  * [new tag]             0.0.87                 -> 0.0.87
job-core	Checkout code	2026-02-28T10:35:16.7572651Z  * [new tag]             0.0.88                 -> 0.0.88
job-core	Checkout code	2026-02-28T10:35:16.7573001Z  * [new tag]             0.0.89                 -> 0.0.89
job-core	Checkout code	2026-02-28T10:35:16.7573347Z  * [new tag]             0.0.9                  -> 0.0.9
job-core	Checkout code	2026-02-28T10:35:16.7573692Z  * [new tag]             0.0.90                 -> 0.0.90
job-core	Checkout code	2026-02-28T10:35:16.7574038Z  * [new tag]             0.0.91                 -> 0.0.91
job-core	Checkout code	2026-02-28T10:35:16.7574379Z  * [new tag]             0.0.92                 -> 0.0.92
job-core	Checkout code	2026-02-28T10:35:16.7575017Z  * [new tag]             0.0.93                 -> 0.0.93
job-core	Checkout code	2026-02-28T10:35:16.7575495Z  * [new tag]             0.0.94                 -> 0.0.94
job-core	Checkout code	2026-02-28T10:35:16.7575862Z  * [new tag]             0.0.95                 -> 0.0.95
job-core	Checkout code	2026-02-28T10:35:16.7576209Z  * [new tag]             0.0.96                 -> 0.0.96
job-core	Checkout code	2026-02-28T10:35:16.7576550Z  * [new tag]             0.0.97                 -> 0.0.97
job-core	Checkout code	2026-02-28T10:35:16.7576891Z  * [new tag]             0.0.98                 -> 0.0.98
job-core	Checkout code	2026-02-28T10:35:16.7577238Z  * [new tag]             0.0.99                 -> 0.0.99
job-core	Checkout code	2026-02-28T10:35:16.7577581Z  * [new tag]             0.1.0                  -> 0.1.0
job-core	Checkout code	2026-02-28T10:35:16.7577921Z  * [new tag]             0.1.1                  -> 0.1.1
job-core	Checkout code	2026-02-28T10:35:16.7578262Z  * [new tag]             0.2.0                  -> 0.2.0
job-core	Checkout code	2026-02-28T10:35:16.7578595Z  * [new tag]             0.3.0                  -> 0.3.0
job-core	Checkout code	2026-02-28T10:35:16.7578935Z  * [new tag]             0.3.1                  -> 0.3.1
job-core	Checkout code	2026-02-28T10:35:16.7579311Z  * [new tag]             0.3.10                 -> 0.3.10
job-core	Checkout code	2026-02-28T10:35:16.7579656Z  * [new tag]             0.3.11                 -> 0.3.11
job-core	Checkout code	2026-02-28T10:35:16.7579995Z  * [new tag]             0.3.12                 -> 0.3.12
job-core	Checkout code	2026-02-28T10:35:16.7580346Z  * [new tag]             0.3.13                 -> 0.3.13
job-core	Checkout code	2026-02-28T10:35:16.7580690Z  * [new tag]             0.3.14                 -> 0.3.14
job-core	Checkout code	2026-02-28T10:35:16.7581038Z  * [new tag]             0.3.15                 -> 0.3.15
job-core	Checkout code	2026-02-28T10:35:16.7581380Z  * [new tag]             0.3.16                 -> 0.3.16
job-core	Checkout code	2026-02-28T10:35:16.7581720Z  * [new tag]             0.3.17                 -> 0.3.17
job-core	Checkout code	2026-02-28T10:35:16.7582067Z  * [new tag]             0.3.2                  -> 0.3.2
job-core	Checkout code	2026-02-28T10:35:16.7582407Z  * [new tag]             0.3.3                  -> 0.3.3
job-core	Checkout code	2026-02-28T10:35:16.7582744Z  * [new tag]             0.3.4                  -> 0.3.4
job-core	Checkout code	2026-02-28T10:35:16.7583087Z  * [new tag]             0.3.5                  -> 0.3.5
job-core	Checkout code	2026-02-28T10:35:16.7583625Z  * [new tag]             0.3.6                  -> 0.3.6
job-core	Checkout code	2026-02-28T10:35:16.7583968Z  * [new tag]             0.3.7                  -> 0.3.7
job-core	Checkout code	2026-02-28T10:35:16.7584309Z  * [new tag]             0.3.8                  -> 0.3.8
job-core	Checkout code	2026-02-28T10:35:16.7584950Z  * [new tag]             0.3.9                  -> 0.3.9
job-core	Checkout code	2026-02-28T10:35:16.7585318Z  * [new tag]             0.4.0                  -> 0.4.0
job-core	Checkout code	2026-02-28T10:35:16.7585792Z  * [new tag]             0.4.1                  -> 0.4.1
job-core	Checkout code	2026-02-28T10:35:16.7586128Z  * [new tag]             0.4.2                  -> 0.4.2
job-core	Checkout code	2026-02-28T10:35:16.7586467Z  * [new tag]             0.4.3                  -> 0.4.3
job-core	Checkout code	2026-02-28T10:35:16.7586805Z  * [new tag]             0.4.4                  -> 0.4.4
job-core	Checkout code	2026-02-28T10:35:16.7587145Z  * [new tag]             0.4.5                  -> 0.4.5
job-core	Checkout code	2026-02-28T10:35:16.7587482Z  * [new tag]             0.4.6                  -> 0.4.6
job-core	Checkout code	2026-02-28T10:35:16.7587827Z  * [new tag]             0.4.7                  -> 0.4.7
job-core	Checkout code	2026-02-28T10:35:16.7588160Z  * [new tag]             0.4.8                  -> 0.4.8
job-core	Checkout code	2026-02-28T10:35:16.7588503Z  * [new tag]             0.4.9                  -> 0.4.9
job-core	Checkout code	2026-02-28T10:35:16.7588843Z  * [new tag]             0.5.0                  -> 0.5.0
job-core	Checkout code	2026-02-28T10:35:16.7589369Z  * [new tag]             0.5.1                  -> 0.5.1
job-core	Checkout code	2026-02-28T10:35:16.7589707Z  * [new tag]             0.5.2                  -> 0.5.2
job-core	Checkout code	2026-02-28T10:35:16.7590043Z  * [new tag]             0.6.0                  -> 0.6.0
job-core	Checkout code	2026-02-28T10:35:16.7590385Z  * [new tag]             0.6.1                  -> 0.6.1
job-core	Checkout code	2026-02-28T10:35:16.7590723Z  * [new tag]             0.6.2                  -> 0.6.2
job-core	Checkout code	2026-02-28T10:35:16.7591056Z  * [new tag]             0.6.3                  -> 0.6.3
job-core	Checkout code	2026-02-28T10:35:16.7591395Z  * [new tag]             0.6.4                  -> 0.6.4
job-core	Checkout code	2026-02-28T10:35:16.7591736Z  * [new tag]             0.6.5                  -> 0.6.5
job-core	Checkout code	2026-02-28T10:35:16.7592079Z  * [new tag]             0.6.6                  -> 0.6.6
job-core	Checkout code	2026-02-28T10:35:16.7842691Z [command]/usr/bin/git branch --list --remote origin/main
job-core	Checkout code	2026-02-28T10:35:16.7920871Z   origin/main
job-core	Checkout code	2026-02-28T10:35:16.7933268Z [command]/usr/bin/git rev-parse refs/remotes/origin/main
job-core	Checkout code	2026-02-28T10:35:16.7966016Z 8db2ec3ba72992d08e898c1db7ea788806c01e31
job-core	Checkout code	2026-02-28T10:35:16.7970678Z ##[endgroup]
job-core	Checkout code	2026-02-28T10:35:16.7971094Z ##[group]Determining the checkout info
job-core	Checkout code	2026-02-28T10:35:16.7972897Z ##[endgroup]
job-core	Checkout code	2026-02-28T10:35:16.7978426Z [command]/usr/bin/git sparse-checkout disable
job-core	Checkout code	2026-02-28T10:35:16.8040393Z [command]/usr/bin/git config --local --unset-all extensions.worktreeConfig
job-core	Checkout code	2026-02-28T10:35:16.8078421Z ##[group]Checking out the ref
job-core	Checkout code	2026-02-28T10:35:16.8084768Z [command]/usr/bin/git checkout --progress --force -B main refs/remotes/origin/main
job-core	Checkout code	2026-02-28T10:35:17.0639440Z Switched to a new branch 'main'
job-core	Checkout code	2026-02-28T10:35:17.0644237Z branch 'main' set up to track 'origin/main'.
job-core	Checkout code	2026-02-28T10:35:17.0689685Z ##[endgroup]
job-core	Checkout code	2026-02-28T10:35:17.0754472Z [command]/usr/bin/git log -1 --format=%H
job-core	Checkout code	2026-02-28T10:35:17.0790070Z 8db2ec3ba72992d08e898c1db7ea788806c01e31
job-core	Install GH CLI	Ôªø2026-02-28T10:35:17.1083069Z Prepare all required actions
job-core	Install GH CLI	2026-02-28T10:35:17.1133558Z ##[group]Run ./.github/actions/install-gh-cli
job-core	Install GH CLI	2026-02-28T10:35:17.1133881Z env:
job-core	Install GH CLI	2026-02-28T10:35:17.1134071Z   PYTHON_VERSION: 3.9
job-core	Install GH CLI	2026-02-28T10:35:17.1136269Z   MONGO_SUPERUSER_CONNECTION: ***
job-core	Install GH CLI	2026-02-28T10:35:17.1136678Z   MONGO_NEW_PASS: ***
job-core	Install GH CLI	2026-02-28T10:35:17.1137022Z   MONGO_SCRIPT_CREATE: devops/core/mongo/scripts/mongodb_status_report.py
job-core	Install GH CLI	2026-02-28T10:35:17.1137425Z   KAOS_CODE: 22519053253
job-core	Install GH CLI	2026-02-28T10:35:17.1137767Z   REPORT_SCAN: audit/
job-core	Install GH CLI	2026-02-28T10:35:17.1138127Z   REPORT_PATH: audit/mongodb/
job-core	Install GH CLI	2026-02-28T10:35:17.1138493Z   REPORT_FILENAME: 22519053253.json
job-core	Install GH CLI	2026-02-28T10:35:17.1138762Z   KAOS_MODULE: [Ka0s] Status MongDB Report
job-core	Install GH CLI	2026-02-28T10:35:17.1139028Z   GITHUB_OUTPUT: 
job-core	Install GH CLI	2026-02-28T10:35:17.1139220Z ##[endgroup]
job-core	Install GH CLI	2026-02-28T10:35:17.1246620Z ##[group]Run type -p curl >/dev/null || (sudo apt-get update && sudo apt-get install curl -y)
job-core	Install GH CLI	2026-02-28T10:35:17.1247585Z [36;1mtype -p curl >/dev/null || (sudo apt-get update && sudo apt-get install curl -y)[0m
job-core	Install GH CLI	2026-02-28T10:35:17.1248527Z [36;1mcurl -fsSL https://cli.github.com/packages/githubcli-archive-keyring.gpg | sudo dd of=/usr/share/keyrings/githubcli-archive-keyring.gpg \[0m
job-core	Install GH CLI	2026-02-28T10:35:17.1249345Z [36;1m&& sudo chmod go+r /usr/share/keyrings/githubcli-archive-keyring.gpg \[0m
job-core	Install GH CLI	2026-02-28T10:35:17.1250428Z [36;1m&& echo "deb [arch=$(dpkg --print-architecture) signed-by=/usr/share/keyrings/githubcli-archive-keyring.gpg] https://cli.github.com/packages stable main" | sudo tee /etc/apt/sources.list.d/github-cli.list > /dev/null \[0m
job-core	Install GH CLI	2026-02-28T10:35:17.1251421Z [36;1m&& sudo apt-get update \[0m
job-core	Install GH CLI	2026-02-28T10:35:17.1251714Z [36;1m&& sudo apt-get install gh -y[0m
job-core	Install GH CLI	2026-02-28T10:35:17.1268528Z shell: /usr/bin/bash --noprofile --norc -e -o pipefail {0}
job-core	Install GH CLI	2026-02-28T10:35:17.1269023Z env:
job-core	Install GH CLI	2026-02-28T10:35:17.1269230Z   PYTHON_VERSION: 3.9
job-core	Install GH CLI	2026-02-28T10:35:17.1270097Z   MONGO_SUPERUSER_CONNECTION: ***
job-core	Install GH CLI	2026-02-28T10:35:17.1270493Z   MONGO_NEW_PASS: ***
job-core	Install GH CLI	2026-02-28T10:35:17.1270832Z   MONGO_SCRIPT_CREATE: devops/core/mongo/scripts/mongodb_status_report.py
job-core	Install GH CLI	2026-02-28T10:35:17.1271238Z   KAOS_CODE: 22519053253
job-core	Install GH CLI	2026-02-28T10:35:17.1271463Z   REPORT_SCAN: audit/
job-core	Install GH CLI	2026-02-28T10:35:17.1271701Z   REPORT_PATH: audit/mongodb/
job-core	Install GH CLI	2026-02-28T10:35:17.1271954Z   REPORT_FILENAME: 22519053253.json
job-core	Install GH CLI	2026-02-28T10:35:17.1272228Z   KAOS_MODULE: [Ka0s] Status MongDB Report
job-core	Install GH CLI	2026-02-28T10:35:17.1272507Z   GITHUB_OUTPUT: 
job-core	Install GH CLI	2026-02-28T10:35:17.1272708Z ##[endgroup]
job-core	Install GH CLI	2026-02-28T10:35:17.1930321Z 4+1 records in
job-core	Install GH CLI	2026-02-28T10:35:17.1930719Z 4+1 records out
job-core	Install GH CLI	2026-02-28T10:35:17.1930998Z 2270 bytes (2.3 kB, 2.2 KiB) copied, 0.0409199 s, 55.5 kB/s
job-core	Install GH CLI	2026-02-28T10:35:17.3919723Z Get:1 http://archive.ubuntu.com/ubuntu noble InRelease [256 kB]
job-core	Install GH CLI	2026-02-28T10:35:17.3993696Z Get:2 https://cli.github.com/packages stable InRelease [3917 B]
job-core	Install GH CLI	2026-02-28T10:35:17.4879923Z Get:3 https://ppa.launchpadcontent.net/git-core/ppa/ubuntu noble InRelease [24.3 kB]
job-core	Install GH CLI	2026-02-28T10:35:17.5508468Z Get:4 https://cli.github.com/packages stable/main amd64 Packages [357 B]
job-core	Install GH CLI	2026-02-28T10:35:17.6410484Z Get:5 https://ppa.launchpadcontent.net/git-core/ppa/ubuntu noble/main amd64 Packages [2992 B]
job-core	Install GH CLI	2026-02-28T10:35:17.6730150Z Get:6 http://archive.ubuntu.com/ubuntu noble-updates InRelease [126 kB]
job-core	Install GH CLI	2026-02-28T10:35:17.7419507Z Get:7 http://archive.ubuntu.com/ubuntu noble-backports InRelease [126 kB]
job-core	Install GH CLI	2026-02-28T10:35:17.8117863Z Get:8 http://archive.ubuntu.com/ubuntu noble/main amd64 Packages [1808 kB]
job-core	Install GH CLI	2026-02-28T10:35:17.9761429Z Get:9 http://archive.ubuntu.com/ubuntu noble/restricted amd64 Packages [117 kB]
job-core	Install GH CLI	2026-02-28T10:35:17.9796123Z Get:10 http://archive.ubuntu.com/ubuntu noble/multiverse amd64 Packages [331 kB]
job-core	Install GH CLI	2026-02-28T10:35:17.9900642Z Get:11 http://archive.ubuntu.com/ubuntu noble/universe amd64 Packages [19.3 MB]
job-core	Install GH CLI	2026-02-28T10:35:18.2856413Z Get:12 http://archive.ubuntu.com/ubuntu noble-updates/universe amd64 Packages [2017 kB]
job-core	Install GH CLI	2026-02-28T10:35:18.2989157Z Get:13 http://archive.ubuntu.com/ubuntu noble-updates/multiverse amd64 Packages [38.1 kB]
job-core	Install GH CLI	2026-02-28T10:35:18.2992656Z Get:14 http://archive.ubuntu.com/ubuntu noble-updates/main amd64 Packages [2275 kB]
job-core	Install GH CLI	2026-02-28T10:35:18.3142277Z Get:15 http://archive.ubuntu.com/ubuntu noble-updates/restricted amd64 Packages [3471 kB]
job-core	Install GH CLI	2026-02-28T10:35:18.3798071Z Get:16 http://archive.ubuntu.com/ubuntu noble-backports/main amd64 Packages [49.5 kB]
job-core	Install GH CLI	2026-02-28T10:35:18.3802948Z Get:17 http://archive.ubuntu.com/ubuntu noble-backports/universe amd64 Packages [34.6 kB]
job-core	Install GH CLI	2026-02-28T10:35:26.8398493Z Get:18 http://security.ubuntu.com/ubuntu noble-security InRelease [126 kB]
job-core	Install GH CLI	2026-02-28T10:35:27.1479257Z Get:19 http://security.ubuntu.com/ubuntu noble-security/universe amd64 Packages [1242 kB]
job-core	Install GH CLI	2026-02-28T10:35:27.2829055Z Get:20 http://security.ubuntu.com/ubuntu noble-security/main amd64 Packages [1883 kB]
job-core	Install GH CLI	2026-02-28T10:35:27.3218789Z Get:21 http://security.ubuntu.com/ubuntu noble-security/restricted amd64 Packages [3262 kB]
job-core	Install GH CLI	2026-02-28T10:35:27.3577221Z Get:22 http://security.ubuntu.com/ubuntu noble-security/multiverse amd64 Packages [34.8 kB]
job-core	Install GH CLI	2026-02-28T10:35:27.5833645Z Fetched 36.5 MB in 10s (3548 kB/s)
job-core	Install GH CLI	2026-02-28T10:35:28.5147564Z Reading package lists...
job-core	Install GH CLI	2026-02-28T10:35:29.4903264Z Reading package lists...
job-core	Install GH CLI	2026-02-28T10:35:29.7183540Z Building dependency tree...
job-core	Install GH CLI	2026-02-28T10:35:29.7184055Z Reading state information...
job-core	Install GH CLI	2026-02-28T10:35:30.0801558Z The following NEW packages will be installed:
job-core	Install GH CLI	2026-02-28T10:35:30.0825840Z   gh
job-core	Install GH CLI	2026-02-28T10:35:30.2244333Z 0 upgraded, 1 newly installed, 0 to remove and 0 not upgraded.
job-core	Install GH CLI	2026-02-28T10:35:30.2246882Z Need to get 13.8 MB of archives.
job-core	Install GH CLI	2026-02-28T10:35:30.2248576Z After this operation, 38.5 MB of additional disk space will be used.
job-core	Install GH CLI	2026-02-28T10:35:30.2251029Z Get:1 https://cli.github.com/packages stable/main amd64 gh amd64 2.87.3 [13.8 MB]
job-core	Install GH CLI	2026-02-28T10:35:30.6130593Z debconf: delaying package configuration, since apt-utils is not installed
job-core	Install GH CLI	2026-02-28T10:35:30.6590354Z Fetched 13.8 MB in 0s (41.6 MB/s)
job-core	Install GH CLI	2026-02-28T10:35:30.6861695Z Selecting previously unselected package gh.
job-core	Install GH CLI	2026-02-28T10:35:30.6899717Z (Reading database ... 
job-core	Install GH CLI	2026-02-28T10:35:30.6900005Z (Reading database ... 5%
job-core	Install GH CLI	2026-02-28T10:35:30.6900258Z (Reading database ... 10%
job-core	Install GH CLI	2026-02-28T10:35:30.6900496Z (Reading database ... 15%
job-core	Install GH CLI	2026-02-28T10:35:30.6900743Z (Reading database ... 20%
job-core	Install GH CLI	2026-02-28T10:35:30.6900987Z (Reading database ... 25%
job-core	Install GH CLI	2026-02-28T10:35:30.6901478Z (Reading database ... 30%
job-core	Install GH CLI	2026-02-28T10:35:30.6901717Z (Reading database ... 35%
job-core	Install GH CLI	2026-02-28T10:35:30.6901954Z (Reading database ... 40%
job-core	Install GH CLI	2026-02-28T10:35:30.6902184Z (Reading database ... 45%
job-core	Install GH CLI	2026-02-28T10:35:30.6902431Z (Reading database ... 50%
job-core	Install GH CLI	2026-02-28T10:35:30.6902678Z (Reading database ... 55%
job-core	Install GH CLI	2026-02-28T10:35:30.6902920Z (Reading database ... 60%
job-core	Install GH CLI	2026-02-28T10:35:30.6913177Z (Reading database ... 65%
job-core	Install GH CLI	2026-02-28T10:35:30.6928504Z (Reading database ... 70%
job-core	Install GH CLI	2026-02-28T10:35:30.6933326Z (Reading database ... 75%
job-core	Install GH CLI	2026-02-28T10:35:30.6948792Z (Reading database ... 80%
job-core	Install GH CLI	2026-02-28T10:35:30.6953060Z (Reading database ... 85%
job-core	Install GH CLI	2026-02-28T10:35:30.6963425Z (Reading database ... 90%
job-core	Install GH CLI	2026-02-28T10:35:30.6983680Z (Reading database ... 95%
job-core	Install GH CLI	2026-02-28T10:35:30.6983996Z (Reading database ... 100%
job-core	Install GH CLI	2026-02-28T10:35:30.6984368Z (Reading database ... 14387 files and directories currently installed.)
job-core	Install GH CLI	2026-02-28T10:35:30.6990118Z Preparing to unpack .../archives/gh_2.87.3_amd64.deb ...
job-core	Install GH CLI	2026-02-28T10:35:30.7018584Z Unpacking gh (2.87.3) ...
job-core	Install GH CLI	2026-02-28T10:35:30.9225022Z Setting up gh (2.87.3) ...
job-core	Set up Python	Ôªø2026-02-28T10:35:30.9824034Z ##[group]Run actions/setup-python@v4
job-core	Set up Python	2026-02-28T10:35:30.9824371Z with:
job-core	Set up Python	2026-02-28T10:35:30.9825306Z   python-version: 3.9
job-core	Set up Python	2026-02-28T10:35:30.9825563Z   check-latest: false
job-core	Set up Python	2026-02-28T10:35:30.9825961Z   token: ***
job-core	Set up Python	2026-02-28T10:35:30.9826189Z   update-environment: true
job-core	Set up Python	2026-02-28T10:35:30.9826458Z   allow-prereleases: false
job-core	Set up Python	2026-02-28T10:35:30.9826702Z env:
job-core	Set up Python	2026-02-28T10:35:30.9826901Z   PYTHON_VERSION: 3.9
job-core	Set up Python	2026-02-28T10:35:30.9827641Z   MONGO_SUPERUSER_CONNECTION: ***
job-core	Set up Python	2026-02-28T10:35:30.9828046Z   MONGO_NEW_PASS: ***
job-core	Set up Python	2026-02-28T10:35:30.9828404Z   MONGO_SCRIPT_CREATE: devops/core/mongo/scripts/mongodb_status_report.py
job-core	Set up Python	2026-02-28T10:35:30.9828828Z   KAOS_CODE: 22519053253
job-core	Set up Python	2026-02-28T10:35:30.9829071Z   REPORT_SCAN: audit/
job-core	Set up Python	2026-02-28T10:35:30.9829314Z   REPORT_PATH: audit/mongodb/
job-core	Set up Python	2026-02-28T10:35:30.9829586Z   REPORT_FILENAME: 22519053253.json
job-core	Set up Python	2026-02-28T10:35:30.9829882Z   KAOS_MODULE: [Ka0s] Status MongDB Report
job-core	Set up Python	2026-02-28T10:35:30.9830180Z   GITHUB_OUTPUT: 
job-core	Set up Python	2026-02-28T10:35:30.9830388Z ##[endgroup]
job-core	Set up Python	2026-02-28T10:35:31.1776486Z ##[group]Installed versions
job-core	Set up Python	2026-02-28T10:35:31.1788779Z Version 3.9 was not found in the local cache
job-core	Set up Python	2026-02-28T10:35:31.9327646Z Version 3.9 is available for downloading
job-core	Set up Python	2026-02-28T10:35:31.9329054Z Download from "https://github.com/actions/python-versions/releases/download/3.9.25-19039189640/python-3.9.25-linux-24.04-x64.tar.gz"
job-core	Set up Python	2026-02-28T10:35:33.4922621Z Extract downloaded archive
job-core	Set up Python	2026-02-28T10:35:33.5038830Z [command]/usr/bin/tar xz --warning=no-unknown-keyword -C /home/runner/_work/_temp/81d97f9d-e537-4cc2-90b0-eb7b590b2e6e -f /home/runner/_work/_temp/d90d7ab1-9003-4921-ac49-689b94e756c8
job-core	Set up Python	2026-02-28T10:35:35.0275111Z Execute installation script
job-core	Set up Python	2026-02-28T10:35:35.0378457Z Check if Python hostedtoolcache folder exist...
job-core	Set up Python	2026-02-28T10:35:35.0378880Z Creating Python hostedtoolcache folder...
job-core	Set up Python	2026-02-28T10:35:35.0393416Z Create Python 3.9.25 folder
job-core	Set up Python	2026-02-28T10:35:35.0409516Z Copy Python binaries to hostedtoolcache folder
job-core	Set up Python	2026-02-28T10:35:35.9836277Z Create additional symlinks (Required for the UsePythonVersion Azure Pipelines task and the setup-python GitHub Action)
job-core	Set up Python	2026-02-28T10:35:35.9882236Z Upgrading pip...
job-core	Set up Python	2026-02-28T10:35:37.9885479Z Looking in links: /tmp/tmpxcmwdzce
job-core	Set up Python	2026-02-28T10:35:37.9890636Z Requirement already satisfied: setuptools in /home/runner/_work/_tool/Python/3.9.25/x64/lib/python3.9/site-packages (79.0.1)
job-core	Set up Python	2026-02-28T10:35:37.9895882Z Requirement already satisfied: pip in /home/runner/_work/_tool/Python/3.9.25/x64/lib/python3.9/site-packages (23.0.1)
job-core	Set up Python	2026-02-28T10:35:39.2745201Z Collecting pip
job-core	Set up Python	2026-02-28T10:35:39.3293679Z Downloading pip-26.0.1-py3-none-any.whl (1.8 MB)
job-core	Set up Python	2026-02-28T10:35:39.3965404Z ‚îÅ‚îÅ‚îÅ‚îÅ‚îÅ‚îÅ‚îÅ‚îÅ‚îÅ‚îÅ‚îÅ‚îÅ‚îÅ‚îÅ‚îÅ‚îÅ‚îÅ‚îÅ‚îÅ‚îÅ‚îÅ‚îÅ‚îÅ‚îÅ‚îÅ‚îÅ‚îÅ‚îÅ‚îÅ‚îÅ‚îÅ‚îÅ‚îÅ‚îÅ‚îÅ‚îÅ‚îÅ‚îÅ‚îÅ‚îÅ 1.8/1.8 MB 27.8 MB/s eta 0:00:00
job-core	Set up Python	2026-02-28T10:35:39.3965770Z 
job-core	Set up Python	2026-02-28T10:35:39.4635003Z Installing collected packages: pip
job-core	Set up Python	2026-02-28T10:35:39.4635626Z Attempting uninstall: pip
job-core	Set up Python	2026-02-28T10:35:39.4643541Z Found existing installation: pip 23.0.1
job-core	Set up Python	2026-02-28T10:35:39.7814707Z Uninstalling pip-23.0.1:
job-core	Set up Python	2026-02-28T10:35:39.7913372Z Successfully uninstalled pip-23.0.1
job-core	Set up Python	2026-02-28T10:35:40.6781581Z Successfully installed pip-26.0.1
job-core	Set up Python	2026-02-28T10:35:40.7588382Z Create complete file
job-core	Set up Python	2026-02-28T10:35:40.7633589Z Successfully set up CPython (3.9.25)
job-core	Set up Python	2026-02-28T10:35:40.7636155Z ##[endgroup]
job-core	Install dependencies	Ôªø2026-02-28T10:35:40.7821970Z ##[group]Run pip install pymongo
job-core	Install dependencies	2026-02-28T10:35:40.7822311Z [36;1mpip install pymongo[0m
job-core	Install dependencies	2026-02-28T10:35:40.7839246Z shell: /usr/bin/bash -e {0}
job-core	Install dependencies	2026-02-28T10:35:40.7839661Z env:
job-core	Install dependencies	2026-02-28T10:35:40.7839857Z   PYTHON_VERSION: 3.9
job-core	Install dependencies	2026-02-28T10:35:40.7840644Z   MONGO_SUPERUSER_CONNECTION: ***
job-core	Install dependencies	2026-02-28T10:35:40.7841162Z   MONGO_NEW_PASS: ***
job-core	Install dependencies	2026-02-28T10:35:40.7841746Z   MONGO_SCRIPT_CREATE: devops/core/mongo/scripts/mongodb_status_report.py
job-core	Install dependencies	2026-02-28T10:35:40.7842270Z   KAOS_CODE: 22519053253
job-core	Install dependencies	2026-02-28T10:35:40.7842501Z   REPORT_SCAN: audit/
job-core	Install dependencies	2026-02-28T10:35:40.7842733Z   REPORT_PATH: audit/mongodb/
job-core	Install dependencies	2026-02-28T10:35:40.7842991Z   REPORT_FILENAME: 22519053253.json
job-core	Install dependencies	2026-02-28T10:35:40.7843390Z   KAOS_MODULE: [Ka0s] Status MongDB Report
job-core	Install dependencies	2026-02-28T10:35:40.7843651Z   GITHUB_OUTPUT: 
job-core	Install dependencies	2026-02-28T10:35:40.7843925Z   pythonLocation: /home/runner/_work/_tool/Python/3.9.25/x64
job-core	Install dependencies	2026-02-28T10:35:40.7844376Z   PKG_CONFIG_PATH: /home/runner/_work/_tool/Python/3.9.25/x64/lib/pkgconfig
job-core	Install dependencies	2026-02-28T10:35:40.7845249Z   Python_ROOT_DIR: /home/runner/_work/_tool/Python/3.9.25/x64
job-core	Install dependencies	2026-02-28T10:35:40.7845706Z   Python2_ROOT_DIR: /home/runner/_work/_tool/Python/3.9.25/x64
job-core	Install dependencies	2026-02-28T10:35:40.7846235Z   Python3_ROOT_DIR: /home/runner/_work/_tool/Python/3.9.25/x64
job-core	Install dependencies	2026-02-28T10:35:40.7846639Z   LD_LIBRARY_PATH: /home/runner/_work/_tool/Python/3.9.25/x64/lib
job-core	Install dependencies	2026-02-28T10:35:40.7855910Z ##[endgroup]
job-core	Install dependencies	2026-02-28T10:35:41.6719390Z Collecting pymongo
job-core	Install dependencies	2026-02-28T10:35:41.7251676Z   Downloading pymongo-4.16.0-cp39-cp39-manylinux2014_x86_64.manylinux_2_17_x86_64.manylinux_2_28_x86_64.whl.metadata (10.0 kB)
job-core	Install dependencies	2026-02-28T10:35:41.7552653Z Collecting dnspython<3.0.0,>=2.6.1 (from pymongo)
job-core	Install dependencies	2026-02-28T10:35:41.7606997Z   Downloading dnspython-2.7.0-py3-none-any.whl.metadata (5.8 kB)
job-core	Install dependencies	2026-02-28T10:35:41.7758019Z Downloading pymongo-4.16.0-cp39-cp39-manylinux2014_x86_64.manylinux_2_17_x86_64.manylinux_2_28_x86_64.whl (947 kB)
job-core	Install dependencies	2026-02-28T10:35:41.8325986Z    ‚îÅ‚îÅ‚îÅ‚îÅ‚îÅ‚îÅ‚îÅ‚îÅ‚îÅ‚îÅ‚îÅ‚îÅ‚îÅ‚îÅ‚îÅ‚îÅ‚îÅ‚îÅ‚îÅ‚îÅ‚îÅ‚îÅ‚îÅ‚îÅ‚îÅ‚îÅ‚îÅ‚îÅ‚îÅ‚îÅ‚îÅ‚îÅ‚îÅ‚îÅ‚îÅ‚îÅ‚îÅ‚îÅ‚îÅ‚îÅ 947.2/947.2 kB 22.2 MB/s  0:00:00
job-core	Install dependencies	2026-02-28T10:35:41.8435376Z Downloading dnspython-2.7.0-py3-none-any.whl (313 kB)
job-core	Install dependencies	2026-02-28T10:35:41.8936347Z Installing collected packages: dnspython, pymongo
job-core	Install dependencies	2026-02-28T10:35:42.4475462Z 
job-core	Install dependencies	2026-02-28T10:35:42.4494416Z Successfully installed dnspython-2.7.0 pymongo-4.16.0
job-core	Create database MongoDB	Ôªø2026-02-28T10:35:42.6847906Z ##[group]Run python devops/core/mongo/scripts/mongodb_status_report.py
job-core	Create database MongoDB	2026-02-28T10:35:42.6848732Z [36;1mpython devops/core/mongo/scripts/mongodb_status_report.py[0m
job-core	Create database MongoDB	2026-02-28T10:35:42.6849217Z [36;1mecho "Downloading files to MongoDB update repository ..."[0m
job-core	Create database MongoDB	2026-02-28T10:35:42.6849830Z [36;1mgit config --global user.name "***"[0m
job-core	Create database MongoDB	2026-02-28T10:35:42.6850185Z [36;1mgit config --global user.email "***"[0m
job-core	Create database MongoDB	2026-02-28T10:35:42.6850481Z [36;1mgit pull --rebase[0m
job-core	Create database MongoDB	2026-02-28T10:35:42.6850809Z [36;1mecho "Uploading files to MongoDB update repository ..."[0m
job-core	Create database MongoDB	2026-02-28T10:35:42.6851176Z [36;1mgit add audit/mongodb/[0m
job-core	Create database MongoDB	2026-02-28T10:35:42.6851455Z [36;1mif ! git diff --staged --quiet; then[0m
job-core	Create database MongoDB	2026-02-28T10:35:42.6851912Z [36;1m   git commit -m "swarm-runners] Uploading files to MongoDB update repository ..."[0m
job-core	Create database MongoDB	2026-02-28T10:35:42.6852448Z [36;1m   git push origin refs/heads/main --force-with-lease[0m
job-core	Create database MongoDB	2026-02-28T10:35:42.6852778Z [36;1m fi[0m
job-core	Create database MongoDB	2026-02-28T10:35:42.6865509Z shell: /usr/bin/bash -e {0}
job-core	Create database MongoDB	2026-02-28T10:35:42.6865822Z env:
job-core	Create database MongoDB	2026-02-28T10:35:42.6866019Z   PYTHON_VERSION: 3.9
job-core	Create database MongoDB	2026-02-28T10:35:42.6866782Z   MONGO_SUPERUSER_CONNECTION: ***
job-core	Create database MongoDB	2026-02-28T10:35:42.6867169Z   MONGO_NEW_PASS: ***
job-core	Create database MongoDB	2026-02-28T10:35:42.6867515Z   MONGO_SCRIPT_CREATE: devops/core/mongo/scripts/mongodb_status_report.py
job-core	Create database MongoDB	2026-02-28T10:35:42.6868027Z   KAOS_CODE: 22519053253
job-core	Create database MongoDB	2026-02-28T10:35:42.6868253Z   REPORT_SCAN: audit/
job-core	Create database MongoDB	2026-02-28T10:35:42.6868474Z   REPORT_PATH: audit/mongodb/
job-core	Create database MongoDB	2026-02-28T10:35:42.6868725Z   REPORT_FILENAME: 22519053253.json
job-core	Create database MongoDB	2026-02-28T10:35:42.6869002Z   KAOS_MODULE: [Ka0s] Status MongDB Report
job-core	Create database MongoDB	2026-02-28T10:35:42.6869277Z   GITHUB_OUTPUT: 
job-core	Create database MongoDB	2026-02-28T10:35:42.6869554Z   pythonLocation: /home/runner/_work/_tool/Python/3.9.25/x64
job-core	Create database MongoDB	2026-02-28T10:35:42.6870007Z   PKG_CONFIG_PATH: /home/runner/_work/_tool/Python/3.9.25/x64/lib/pkgconfig
job-core	Create database MongoDB	2026-02-28T10:35:42.6870470Z   Python_ROOT_DIR: /home/runner/_work/_tool/Python/3.9.25/x64
job-core	Create database MongoDB	2026-02-28T10:35:42.6870878Z   Python2_ROOT_DIR: /home/runner/_work/_tool/Python/3.9.25/x64
job-core	Create database MongoDB	2026-02-28T10:35:42.6871291Z   Python3_ROOT_DIR: /home/runner/_work/_tool/Python/3.9.25/x64
job-core	Create database MongoDB	2026-02-28T10:35:42.6871821Z   LD_LIBRARY_PATH: /home/runner/_work/_tool/Python/3.9.25/x64/lib
job-core	Create database MongoDB	2026-02-28T10:35:42.6872155Z ##[endgroup]
job-core	Create database MongoDB	2026-02-28T10:35:43.1475114Z ‚úÖ Reporte generado exitosamente: audit/mongodb/22519053253.json
job-core	Create database MongoDB	2026-02-28T10:35:43.3993833Z Downloading files to MongoDB update repository ...
job-core	Create database MongoDB	2026-02-28T10:35:44.0751834Z Already up to date.
job-core	Create database MongoDB	2026-02-28T10:35:44.0760989Z Uploading files to MongoDB update repository ...
job-core	Create database MongoDB	2026-02-28T10:35:44.1315819Z [main bf6414d92] swarm-runners] Uploading files to MongoDB update repository ...
job-core	Create database MongoDB	2026-02-28T10:35:44.1316465Z  1 file changed, 33493 insertions(+)
job-core	Create database MongoDB	2026-02-28T10:35:44.1316778Z  create mode 100644 audit/mongodb/22519053253.json
job-core	Create database MongoDB	2026-02-28T10:35:45.2083782Z To https://github.com/Ka0s-Klaus/ka0s
job-core	Create database MongoDB	2026-02-28T10:35:45.2086141Z    8db2ec3ba..bf6414d92  main -> main
job-core	Upload report	Ôªø2026-02-28T10:35:45.2587157Z ##[group]Run actions/upload-artifact@v4
job-core	Upload report	2026-02-28T10:35:45.2587757Z with:
job-core	Upload report	2026-02-28T10:35:45.2588124Z   name: mongo-setup-report
job-core	Upload report	2026-02-28T10:35:45.2588560Z   path: audit/mongodb/
job-core	Upload report	2026-02-28T10:35:45.2588972Z   if-no-files-found: warn
job-core	Upload report	2026-02-28T10:35:45.2589410Z   compression-level: 6
job-core	Upload report	2026-02-28T10:35:45.2589815Z   overwrite: false
job-core	Upload report	2026-02-28T10:35:45.2590207Z   include-hidden-files: false
job-core	Upload report	2026-02-28T10:35:45.2590639Z env:
job-core	Upload report	2026-02-28T10:35:45.2590966Z   PYTHON_VERSION: 3.9
job-core	Upload report	2026-02-28T10:35:45.2592288Z   MONGO_SUPERUSER_CONNECTION: ***
job-core	Upload report	2026-02-28T10:35:45.2592988Z   MONGO_NEW_PASS: ***
job-core	Upload report	2026-02-28T10:35:45.2593596Z   MONGO_SCRIPT_CREATE: devops/core/mongo/scripts/mongodb_status_report.py
job-core	Upload report	2026-02-28T10:35:45.2594313Z   KAOS_CODE: 22519053253
job-core	Upload report	2026-02-28T10:35:45.2594923Z   REPORT_SCAN: audit/
job-core	Upload report	2026-02-28T10:35:45.2595342Z   REPORT_PATH: audit/mongodb/
job-core	Upload report	2026-02-28T10:35:45.2595802Z   REPORT_FILENAME: 22519053253.json
job-core	Upload report	2026-02-28T10:35:45.2596877Z   KAOS_MODULE: [Ka0s] Status MongDB Report
job-core	Upload report	2026-02-28T10:35:45.2597451Z   GITHUB_OUTPUT: 
job-core	Upload report	2026-02-28T10:35:45.2597962Z   pythonLocation: /home/runner/_work/_tool/Python/3.9.25/x64
job-core	Upload report	2026-02-28T10:35:45.2598788Z   PKG_CONFIG_PATH: /home/runner/_work/_tool/Python/3.9.25/x64/lib/pkgconfig
job-core	Upload report	2026-02-28T10:35:45.2599621Z   Python_ROOT_DIR: /home/runner/_work/_tool/Python/3.9.25/x64
job-core	Upload report	2026-02-28T10:35:45.2600366Z   Python2_ROOT_DIR: /home/runner/_work/_tool/Python/3.9.25/x64
job-core	Upload report	2026-02-28T10:35:45.2601114Z   Python3_ROOT_DIR: /home/runner/_work/_tool/Python/3.9.25/x64
job-core	Upload report	2026-02-28T10:35:45.2601870Z   LD_LIBRARY_PATH: /home/runner/_work/_tool/Python/3.9.25/x64/lib
job-core	Upload report	2026-02-28T10:35:45.2602487Z ##[endgroup]
job-core	Upload report	2026-02-28T10:35:45.5173808Z With the provided path, there will be 2 files uploaded
job-core	Upload report	2026-02-28T10:35:45.5178917Z Artifact name is valid!
job-core	Upload report	2026-02-28T10:35:45.5180029Z Root directory input is valid!
job-core	Upload report	2026-02-28T10:35:45.9215305Z Beginning upload of artifact content to blob storage
job-core	Upload report	2026-02-28T10:35:46.6851604Z Uploaded bytes 128593
job-core	Upload report	2026-02-28T10:35:46.8136300Z Finished uploading artifact content to blob storage!
job-core	Upload report	2026-02-28T10:35:46.8151013Z SHA256 digest of uploaded artifact zip is 14ad2f03a4cde3f330365f565d3115422771ac082dcb7c92c2d3ffb457da4179
job-core	Upload report	2026-02-28T10:35:46.8157058Z Finalizing artifact upload
job-core	Upload report	2026-02-28T10:35:46.9880137Z Artifact mongo-setup-report.zip successfully finalized. Artifact ID 5702730531
job-core	Upload report	2026-02-28T10:35:46.9883535Z Artifact mongo-setup-report has been successfully uploaded! Final size is 128593 bytes. Artifact ID is 5702730531
job-core	Upload report	2026-02-28T10:35:46.9912086Z Artifact download URL: https://github.com/Ka0s-Klaus/ka0s/actions/runs/22519053253/artifacts/5702730531
job-core	Post Set up Python	Ôªø2026-02-28T10:35:47.0389529Z Post job cleanup.
job-core	Post Checkout code	Ôªø2026-02-28T10:35:47.2392308Z Post job cleanup.
job-core	Post Checkout code	2026-02-28T10:35:47.3464413Z [command]/usr/bin/git version
job-core	Post Checkout code	2026-02-28T10:35:47.3510743Z git version 2.53.0
job-core	Post Checkout code	2026-02-28T10:35:47.3552208Z Copying '/home/runner/.gitconfig' to '/home/runner/_work/_temp/b2d9f137-cdeb-4c32-ad08-77212535ca05/.gitconfig'
job-core	Post Checkout code	2026-02-28T10:35:47.3563614Z Temporarily overriding HOME='/home/runner/_work/_temp/b2d9f137-cdeb-4c32-ad08-77212535ca05' before making global git config changes
job-core	Post Checkout code	2026-02-28T10:35:47.3564481Z Adding repository directory to the temporary git global config as a safe directory
job-core	Post Checkout code	2026-02-28T10:35:47.3570267Z [command]/usr/bin/git config --global --add safe.directory /home/runner/_work/ka0s/ka0s
job-core	Post Checkout code	2026-02-28T10:35:47.3631099Z [command]/usr/bin/git config --local --name-only --get-regexp core\.sshCommand
job-core	Post Checkout code	2026-02-28T10:35:47.3677671Z [command]/usr/bin/git submodule foreach --recursive sh -c "git config --local --name-only --get-regexp 'core\.sshCommand' && git config --local --unset-all 'core.sshCommand' || :"
job-core	Post Checkout code	2026-02-28T10:35:47.4023767Z [command]/usr/bin/git config --local --name-only --get-regexp http\.https\:\/\/github\.com\/\.extraheader
job-core	Post Checkout code	2026-02-28T10:35:47.4054054Z http.https://github.com/.extraheader
job-core	Post Checkout code	2026-02-28T10:35:47.4070679Z [command]/usr/bin/git config --local --unset-all http.https://github.com/.extraheader
job-core	Post Checkout code	2026-02-28T10:35:47.4113617Z [command]/usr/bin/git submodule foreach --recursive sh -c "git config --local --name-only --get-regexp 'http\.https\:\/\/github\.com\/\.extraheader' && git config --local --unset-all 'http.https://github.com/.extraheader' || :"
job-core	Post Checkout code	2026-02-28T10:35:47.4463795Z [command]/usr/bin/git config --local --name-only --get-regexp ^includeIf\.gitdir:
job-core	Post Checkout code	2026-02-28T10:35:47.4505462Z [command]/usr/bin/git submodule foreach --recursive git config --local --show-origin --name-only --get-regexp remote.origin.url
job-core	Complete job	Ôªø2026-02-28T10:35:47.4970447Z Cleaning up orphan processes
handle-success	Set up job	Ôªø2026-02-28T10:36:00.3865511Z Current runner version: '2.332.0'
handle-success	Set up job	2026-02-28T10:36:00.3874452Z Runner name: 'swarm-runners-scaleset-hkss5-runner-gkf27'
handle-success	Set up job	2026-02-28T10:36:00.3876869Z Runner group name: 'Default'
handle-success	Set up job	2026-02-28T10:36:00.3878095Z Machine name: 'swarm-runners-scaleset-hkss5-runner-gkf27'
handle-success	Set up job	2026-02-28T10:36:00.3882327Z ##[group]GITHUB_TOKEN Permissions
handle-success	Set up job	2026-02-28T10:36:00.3885646Z Actions: write
handle-success	Set up job	2026-02-28T10:36:00.3886412Z Contents: write
handle-success	Set up job	2026-02-28T10:36:00.3887013Z Issues: write
handle-success	Set up job	2026-02-28T10:36:00.3887643Z Metadata: read
handle-success	Set up job	2026-02-28T10:36:00.3888171Z PullRequests: write
handle-success	Set up job	2026-02-28T10:36:00.3888783Z ##[endgroup]
handle-success	Set up job	2026-02-28T10:36:00.3891058Z Secret source: Actions
handle-success	Set up job	2026-02-28T10:36:00.3891816Z Prepare workflow directory
handle-success	Set up job	2026-02-28T10:36:00.4487118Z Prepare all required actions
handle-success	Set up job	2026-02-28T10:36:00.4526920Z Getting action download info
handle-success	Set up job	2026-02-28T10:36:01.0282631Z Download action repository 'actions/checkout@v4' (SHA:34e114876b0b11c390a56381ad16ebd13914f8d5)
handle-success	Set up job	2026-02-28T10:36:01.9330539Z Complete job name: handle-success
handle-success	Checkout code	Ôªø2026-02-28T10:36:01.9974139Z ##[group]Run actions/checkout@v4
handle-success	Checkout code	2026-02-28T10:36:01.9975585Z with:
handle-success	Checkout code	2026-02-28T10:36:01.9975985Z   fetch-depth: 0
handle-success	Checkout code	2026-02-28T10:36:01.9976399Z   repository: Ka0s-Klaus/ka0s
handle-success	Checkout code	2026-02-28T10:36:01.9977093Z   token: ***
handle-success	Checkout code	2026-02-28T10:36:01.9977474Z   ssh-strict: true
handle-success	Checkout code	2026-02-28T10:36:01.9977867Z   ssh-user: git
handle-success	Checkout code	2026-02-28T10:36:01.9978272Z   persist-credentials: true
handle-success	Checkout code	2026-02-28T10:36:01.9978709Z   clean: true
handle-success	Checkout code	2026-02-28T10:36:01.9979116Z   sparse-checkout-cone-mode: true
handle-success	Checkout code	2026-02-28T10:36:01.9979597Z   fetch-tags: false
handle-success	Checkout code	2026-02-28T10:36:01.9979999Z   show-progress: true
handle-success	Checkout code	2026-02-28T10:36:01.9980398Z   lfs: false
handle-success	Checkout code	2026-02-28T10:36:01.9980770Z   submodules: false
handle-success	Checkout code	2026-02-28T10:36:01.9981175Z   set-safe-directory: true
handle-success	Checkout code	2026-02-28T10:36:01.9981835Z env:
handle-success	Checkout code	2026-02-28T10:36:01.9982209Z   PYTHON_VERSION: 3.9
handle-success	Checkout code	2026-02-28T10:36:01.9983301Z   MONGO_SUPERUSER_CONNECTION: ***
handle-success	Checkout code	2026-02-28T10:36:01.9983956Z   MONGO_NEW_PASS: ***
handle-success	Checkout code	2026-02-28T10:36:01.9984847Z   MONGO_SCRIPT_CREATE: devops/core/mongo/scripts/mongodb_status_report.py
handle-success	Checkout code	2026-02-28T10:36:01.9986017Z   KAOS_CODE: 22519053253
handle-success	Checkout code	2026-02-28T10:36:01.9986433Z   REPORT_SCAN: audit/
handle-success	Checkout code	2026-02-28T10:36:01.9986850Z   REPORT_PATH: audit/mongodb/
handle-success	Checkout code	2026-02-28T10:36:01.9987317Z   REPORT_FILENAME: 22519053253.json
handle-success	Checkout code	2026-02-28T10:36:01.9987825Z   KAOS_MODULE: [Ka0s] Status MongDB Report
handle-success	Checkout code	2026-02-28T10:36:01.9988321Z ##[endgroup]
handle-success	Checkout code	2026-02-28T10:36:02.1248229Z Syncing repository: Ka0s-Klaus/ka0s
handle-success	Checkout code	2026-02-28T10:36:02.1250199Z ##[group]Getting Git version info
handle-success	Checkout code	2026-02-28T10:36:02.1250846Z Working directory is '/home/runner/_work/ka0s/ka0s'
handle-success	Checkout code	2026-02-28T10:36:02.1251760Z [command]/usr/bin/git version
handle-success	Checkout code	2026-02-28T10:36:02.1257775Z git version 2.53.0
handle-success	Checkout code	2026-02-28T10:36:02.1285898Z ##[endgroup]
handle-success	Checkout code	2026-02-28T10:36:02.1303854Z Temporarily overriding HOME='/home/runner/_work/_temp/6533b807-d0d8-434c-a53c-9ea9f186b9b2' before making global git config changes
handle-success	Checkout code	2026-02-28T10:36:02.1307496Z Adding repository directory to the temporary git global config as a safe directory
handle-success	Checkout code	2026-02-28T10:36:02.1308885Z [command]/usr/bin/git config --global --add safe.directory /home/runner/_work/ka0s/ka0s
handle-success	Checkout code	2026-02-28T10:36:02.1358641Z Deleting the contents of '/home/runner/_work/ka0s/ka0s'
handle-success	Checkout code	2026-02-28T10:36:02.1362236Z ##[group]Initializing the repository
handle-success	Checkout code	2026-02-28T10:36:02.1365822Z [command]/usr/bin/git init /home/runner/_work/ka0s/ka0s
handle-success	Checkout code	2026-02-28T10:36:02.1422183Z hint: Using 'master' as the name for the initial branch. This default branch name
handle-success	Checkout code	2026-02-28T10:36:02.1424016Z hint: will change to "main" in Git 3.0. To configure the initial branch name
handle-success	Checkout code	2026-02-28T10:36:02.1449915Z hint: to use in all of your new repositories, which will suppress this warning,
handle-success	Checkout code	2026-02-28T10:36:02.1450826Z hint: call:
handle-success	Checkout code	2026-02-28T10:36:02.1451199Z hint:
handle-success	Checkout code	2026-02-28T10:36:02.1451710Z hint: 	git config --global init.defaultBranch <name>
handle-success	Checkout code	2026-02-28T10:36:02.1452299Z hint:
handle-success	Checkout code	2026-02-28T10:36:02.1452863Z hint: Names commonly chosen instead of 'master' are 'main', 'trunk' and
handle-success	Checkout code	2026-02-28T10:36:02.1453789Z hint: 'development'. The just-created branch can be renamed via this command:
handle-success	Checkout code	2026-02-28T10:36:02.1458668Z hint:
handle-success	Checkout code	2026-02-28T10:36:02.1459120Z hint: 	git branch -m <name>
handle-success	Checkout code	2026-02-28T10:36:02.1459581Z hint:
handle-success	Checkout code	2026-02-28T10:36:02.1460189Z hint: Disable this message with "git config set advice.defaultBranchName false"
handle-success	Checkout code	2026-02-28T10:36:02.1461125Z Initialized empty Git repository in /home/runner/_work/ka0s/ka0s/.git/
handle-success	Checkout code	2026-02-28T10:36:02.1462755Z [command]/usr/bin/git remote add origin https://github.com/Ka0s-Klaus/ka0s
handle-success	Checkout code	2026-02-28T10:36:02.1481598Z ##[endgroup]
handle-success	Checkout code	2026-02-28T10:36:02.1482411Z ##[group]Disabling automatic garbage collection
handle-success	Checkout code	2026-02-28T10:36:02.1484974Z [command]/usr/bin/git config --local gc.auto 0
handle-success	Checkout code	2026-02-28T10:36:02.1529126Z ##[endgroup]
handle-success	Checkout code	2026-02-28T10:36:02.1530265Z ##[group]Setting up auth
handle-success	Checkout code	2026-02-28T10:36:02.1543873Z [command]/usr/bin/git config --local --name-only --get-regexp core\.sshCommand
handle-success	Checkout code	2026-02-28T10:36:02.1577320Z [command]/usr/bin/git submodule foreach --recursive sh -c "git config --local --name-only --get-regexp 'core\.sshCommand' && git config --local --unset-all 'core.sshCommand' || :"
handle-success	Checkout code	2026-02-28T10:36:02.1914273Z [command]/usr/bin/git config --local --name-only --get-regexp http\.https\:\/\/github\.com\/\.extraheader
handle-success	Checkout code	2026-02-28T10:36:02.1955777Z [command]/usr/bin/git submodule foreach --recursive sh -c "git config --local --name-only --get-regexp 'http\.https\:\/\/github\.com\/\.extraheader' && git config --local --unset-all 'http.https://github.com/.extraheader' || :"
handle-success	Checkout code	2026-02-28T10:36:02.2284903Z [command]/usr/bin/git config --local --name-only --get-regexp ^includeIf\.gitdir:
handle-success	Checkout code	2026-02-28T10:36:02.2324373Z [command]/usr/bin/git submodule foreach --recursive git config --local --show-origin --name-only --get-regexp remote.origin.url
handle-success	Checkout code	2026-02-28T10:36:02.2659515Z [command]/usr/bin/git config --local http.https://github.com/.extraheader AUTHORIZATION: basic ***
handle-success	Checkout code	2026-02-28T10:36:02.2718746Z ##[endgroup]
handle-success	Checkout code	2026-02-28T10:36:02.2719586Z ##[group]Fetching the repository
handle-success	Checkout code	2026-02-28T10:36:02.2730066Z [command]/usr/bin/git -c protocol.version=2 fetch --prune --no-recurse-submodules origin +refs/heads/*:refs/remotes/origin/* +refs/tags/*:refs/tags/*
handle-success	Checkout code	2026-02-28T10:36:22.4449503Z From https://github.com/Ka0s-Klaus/ka0s
handle-success	Checkout code	2026-02-28T10:36:22.4450311Z  * [new branch]          F3450-modelo-operativo -> origin/F3450-modelo-operativo
handle-success	Checkout code	2026-02-28T10:36:22.4450973Z  * [new branch]          H1276-modulo-observabilidad -> origin/H1276-modulo-observabilidad
handle-success	Checkout code	2026-02-28T10:36:22.4454054Z  * [new branch]          H3596-deploy-itop      -> origin/H3596-deploy-itop
handle-success	Checkout code	2026-02-28T10:36:22.4455319Z  * [new branch]          H4170-flujo-detallado-zabbix---github -> origin/H4170-flujo-detallado-zabbix---github
handle-success	Checkout code	2026-02-28T10:36:22.4456464Z  * [new branch]          H4191-request-cambios  -> origin/H4191-request-cambios
handle-success	Checkout code	2026-02-28T10:36:22.4457323Z  * [new branch]          H4200-request-recomendaciones-de-auditoria -> origin/H4200-request-recomendaciones-de-auditoria
handle-success	Checkout code	2026-02-28T10:36:22.4458046Z  * [new branch]          main                   -> origin/main
handle-success	Checkout code	2026-02-28T10:36:22.4458504Z  * [new tag]             0.0.0                  -> 0.0.0
handle-success	Checkout code	2026-02-28T10:36:22.4459023Z  * [new tag]             0.0.1                  -> 0.0.1
handle-success	Checkout code	2026-02-28T10:36:22.4459426Z  * [new tag]             0.0.10                 -> 0.0.10
handle-success	Checkout code	2026-02-28T10:36:22.4459847Z  * [new tag]             0.0.100                -> 0.0.100
handle-success	Checkout code	2026-02-28T10:36:22.4460262Z  * [new tag]             0.0.101                -> 0.0.101
handle-success	Checkout code	2026-02-28T10:36:22.4460674Z  * [new tag]             0.0.102                -> 0.0.102
handle-success	Checkout code	2026-02-28T10:36:22.4461100Z  * [new tag]             0.0.103                -> 0.0.103
handle-success	Checkout code	2026-02-28T10:36:22.4461550Z  * [new tag]             0.0.104                -> 0.0.104
handle-success	Checkout code	2026-02-28T10:36:22.4461947Z  * [new tag]             0.0.105                -> 0.0.105
handle-success	Checkout code	2026-02-28T10:36:22.4462349Z  * [new tag]             0.0.106                -> 0.0.106
handle-success	Checkout code	2026-02-28T10:36:22.4462749Z  * [new tag]             0.0.107                -> 0.0.107
handle-success	Checkout code	2026-02-28T10:36:22.4463174Z  * [new tag]             0.0.108                -> 0.0.108
handle-success	Checkout code	2026-02-28T10:36:22.4464046Z  * [new tag]             0.0.109                -> 0.0.109
handle-success	Checkout code	2026-02-28T10:36:22.4464461Z  * [new tag]             0.0.11                 -> 0.0.11
handle-success	Checkout code	2026-02-28T10:36:22.4465150Z  * [new tag]             0.0.110                -> 0.0.110
handle-success	Checkout code	2026-02-28T10:36:22.4465555Z  * [new tag]             0.0.111                -> 0.0.111
handle-success	Checkout code	2026-02-28T10:36:22.4465955Z  * [new tag]             0.0.112                -> 0.0.112
handle-success	Checkout code	2026-02-28T10:36:22.4466351Z  * [new tag]             0.0.113                -> 0.0.113
handle-success	Checkout code	2026-02-28T10:36:22.4466743Z  * [new tag]             0.0.114                -> 0.0.114
handle-success	Checkout code	2026-02-28T10:36:22.4467213Z  * [new tag]             0.0.115                -> 0.0.115
handle-success	Checkout code	2026-02-28T10:36:22.4467615Z  * [new tag]             0.0.116                -> 0.0.116
handle-success	Checkout code	2026-02-28T10:36:22.4468216Z  * [new tag]             0.0.117                -> 0.0.117
handle-success	Checkout code	2026-02-28T10:36:22.4468655Z  * [new tag]             0.0.118                -> 0.0.118
handle-success	Checkout code	2026-02-28T10:36:22.4469050Z  * [new tag]             0.0.119                -> 0.0.119
handle-success	Checkout code	2026-02-28T10:36:22.4469769Z  * [new tag]             0.0.12                 -> 0.0.12
handle-success	Checkout code	2026-02-28T10:36:22.4470167Z  * [new tag]             0.0.120                -> 0.0.120
handle-success	Checkout code	2026-02-28T10:36:22.4470556Z  * [new tag]             0.0.121                -> 0.0.121
handle-success	Checkout code	2026-02-28T10:36:22.4470950Z  * [new tag]             0.0.122                -> 0.0.122
handle-success	Checkout code	2026-02-28T10:36:22.4471342Z  * [new tag]             0.0.123                -> 0.0.123
handle-success	Checkout code	2026-02-28T10:36:22.4471739Z  * [new tag]             0.0.124                -> 0.0.124
handle-success	Checkout code	2026-02-28T10:36:22.4472135Z  * [new tag]             0.0.125                -> 0.0.125
handle-success	Checkout code	2026-02-28T10:36:22.4472528Z  * [new tag]             0.0.126                -> 0.0.126
handle-success	Checkout code	2026-02-28T10:36:22.4472920Z  * [new tag]             0.0.127                -> 0.0.127
handle-success	Checkout code	2026-02-28T10:36:22.4473313Z  * [new tag]             0.0.128                -> 0.0.128
handle-success	Checkout code	2026-02-28T10:36:22.4473708Z  * [new tag]             0.0.129                -> 0.0.129
handle-success	Checkout code	2026-02-28T10:36:22.4474098Z  * [new tag]             0.0.13                 -> 0.0.13
handle-success	Checkout code	2026-02-28T10:36:22.4474657Z  * [new tag]             0.0.130                -> 0.0.130
handle-success	Checkout code	2026-02-28T10:36:22.4475066Z  * [new tag]             0.0.131                -> 0.0.131
handle-success	Checkout code	2026-02-28T10:36:22.4475459Z  * [new tag]             0.0.132                -> 0.0.132
handle-success	Checkout code	2026-02-28T10:36:22.4475856Z  * [new tag]             0.0.133                -> 0.0.133
handle-success	Checkout code	2026-02-28T10:36:22.4476246Z  * [new tag]             0.0.134                -> 0.0.134
handle-success	Checkout code	2026-02-28T10:36:22.4476643Z  * [new tag]             0.0.135                -> 0.0.135
handle-success	Checkout code	2026-02-28T10:36:22.4477036Z  * [new tag]             0.0.136                -> 0.0.136
handle-success	Checkout code	2026-02-28T10:36:22.4477432Z  * [new tag]             0.0.137                -> 0.0.137
handle-success	Checkout code	2026-02-28T10:36:22.4477824Z  * [new tag]             0.0.138                -> 0.0.138
handle-success	Checkout code	2026-02-28T10:36:22.4478214Z  * [new tag]             0.0.139                -> 0.0.139
handle-success	Checkout code	2026-02-28T10:36:22.4549877Z  * [new tag]             0.0.14                 -> 0.0.14
handle-success	Checkout code	2026-02-28T10:36:22.4550507Z  * [new tag]             0.0.140                -> 0.0.140
handle-success	Checkout code	2026-02-28T10:36:22.4550976Z  * [new tag]             0.0.141                -> 0.0.141
handle-success	Checkout code	2026-02-28T10:36:22.4551419Z  * [new tag]             0.0.142                -> 0.0.142
handle-success	Checkout code	2026-02-28T10:36:22.4551846Z  * [new tag]             0.0.143                -> 0.0.143
handle-success	Checkout code	2026-02-28T10:36:22.4552362Z  * [new tag]             0.0.144                -> 0.0.144
handle-success	Checkout code	2026-02-28T10:36:22.4552745Z  * [new tag]             0.0.145                -> 0.0.145
handle-success	Checkout code	2026-02-28T10:36:22.4553131Z  * [new tag]             0.0.146                -> 0.0.146
handle-success	Checkout code	2026-02-28T10:36:22.4553512Z  * [new tag]             0.0.147                -> 0.0.147
handle-success	Checkout code	2026-02-28T10:36:22.4553909Z  * [new tag]             0.0.148                -> 0.0.148
handle-success	Checkout code	2026-02-28T10:36:22.4554306Z  * [new tag]             0.0.149                -> 0.0.149
handle-success	Checkout code	2026-02-28T10:36:22.4555068Z  * [new tag]             0.0.15                 -> 0.0.15
handle-success	Checkout code	2026-02-28T10:36:22.4555482Z  * [new tag]             0.0.150                -> 0.0.150
handle-success	Checkout code	2026-02-28T10:36:22.4556343Z  * [new tag]             0.0.151                -> 0.0.151
handle-success	Checkout code	2026-02-28T10:36:22.4556725Z  * [new tag]             0.0.152                -> 0.0.152
handle-success	Checkout code	2026-02-28T10:36:22.4557113Z  * [new tag]             0.0.153                -> 0.0.153
handle-success	Checkout code	2026-02-28T10:36:22.4557497Z  * [new tag]             0.0.154                -> 0.0.154
handle-success	Checkout code	2026-02-28T10:36:22.4557881Z  * [new tag]             0.0.155                -> 0.0.155
handle-success	Checkout code	2026-02-28T10:36:22.4558265Z  * [new tag]             0.0.156                -> 0.0.156
handle-success	Checkout code	2026-02-28T10:36:22.4558645Z  * [new tag]             0.0.157                -> 0.0.157
handle-success	Checkout code	2026-02-28T10:36:22.4559028Z  * [new tag]             0.0.158                -> 0.0.158
handle-success	Checkout code	2026-02-28T10:36:22.4559418Z  * [new tag]             0.0.159                -> 0.0.159
handle-success	Checkout code	2026-02-28T10:36:22.4559975Z  * [new tag]             0.0.16                 -> 0.0.16
handle-success	Checkout code	2026-02-28T10:36:22.4560365Z  * [new tag]             0.0.160                -> 0.0.160
handle-success	Checkout code	2026-02-28T10:36:22.4560895Z  * [new tag]             0.0.161                -> 0.0.161
handle-success	Checkout code	2026-02-28T10:36:22.4561681Z  * [new tag]             0.0.162                -> 0.0.162
handle-success	Checkout code	2026-02-28T10:36:22.4562058Z  * [new tag]             0.0.163                -> 0.0.163
handle-success	Checkout code	2026-02-28T10:36:22.4562433Z  * [new tag]             0.0.164                -> 0.0.164
handle-success	Checkout code	2026-02-28T10:36:22.4562810Z  * [new tag]             0.0.165                -> 0.0.165
handle-success	Checkout code	2026-02-28T10:36:22.4563215Z  * [new tag]             0.0.166                -> 0.0.166
handle-success	Checkout code	2026-02-28T10:36:22.4563621Z  * [new tag]             0.0.167                -> 0.0.167
handle-success	Checkout code	2026-02-28T10:36:22.4564034Z  * [new tag]             0.0.168                -> 0.0.168
handle-success	Checkout code	2026-02-28T10:36:22.4564414Z  * [new tag]             0.0.169                -> 0.0.169
handle-success	Checkout code	2026-02-28T10:36:22.4565532Z  * [new tag]             0.0.17                 -> 0.0.17
handle-success	Checkout code	2026-02-28T10:36:22.4565925Z  * [new tag]             0.0.170                -> 0.0.170
handle-success	Checkout code	2026-02-28T10:36:22.4566432Z  * [new tag]             0.0.171                -> 0.0.171
handle-success	Checkout code	2026-02-28T10:36:22.4566826Z  * [new tag]             0.0.172                -> 0.0.172
handle-success	Checkout code	2026-02-28T10:36:22.4567205Z  * [new tag]             0.0.173                -> 0.0.173
handle-success	Checkout code	2026-02-28T10:36:22.4567580Z  * [new tag]             0.0.174                -> 0.0.174
handle-success	Checkout code	2026-02-28T10:36:22.4568077Z  * [new tag]             0.0.175                -> 0.0.175
handle-success	Checkout code	2026-02-28T10:36:22.4568439Z  * [new tag]             0.0.176                -> 0.0.176
handle-success	Checkout code	2026-02-28T10:36:22.4568808Z  * [new tag]             0.0.177                -> 0.0.177
handle-success	Checkout code	2026-02-28T10:36:22.4569175Z  * [new tag]             0.0.178                -> 0.0.178
handle-success	Checkout code	2026-02-28T10:36:22.4569541Z  * [new tag]             0.0.179                -> 0.0.179
handle-success	Checkout code	2026-02-28T10:36:22.4569909Z  * [new tag]             0.0.18                 -> 0.0.18
handle-success	Checkout code	2026-02-28T10:36:22.4570284Z  * [new tag]             0.0.19                 -> 0.0.19
handle-success	Checkout code	2026-02-28T10:36:22.4570648Z  * [new tag]             0.0.2                  -> 0.0.2
handle-success	Checkout code	2026-02-28T10:36:22.4571015Z  * [new tag]             0.0.20                 -> 0.0.20
handle-success	Checkout code	2026-02-28T10:36:22.4571395Z  * [new tag]             0.0.21                 -> 0.0.21
handle-success	Checkout code	2026-02-28T10:36:22.4571763Z  * [new tag]             0.0.22                 -> 0.0.22
handle-success	Checkout code	2026-02-28T10:36:22.4572127Z  * [new tag]             0.0.23                 -> 0.0.23
handle-success	Checkout code	2026-02-28T10:36:22.4572492Z  * [new tag]             0.0.24                 -> 0.0.24
handle-success	Checkout code	2026-02-28T10:36:22.4572857Z  * [new tag]             0.0.25                 -> 0.0.25
handle-success	Checkout code	2026-02-28T10:36:22.4573224Z  * [new tag]             0.0.26                 -> 0.0.26
handle-success	Checkout code	2026-02-28T10:36:22.4573589Z  * [new tag]             0.0.27                 -> 0.0.27
handle-success	Checkout code	2026-02-28T10:36:22.4574252Z  * [new tag]             0.0.28                 -> 0.0.28
handle-success	Checkout code	2026-02-28T10:36:22.4574907Z  * [new tag]             0.0.29                 -> 0.0.29
handle-success	Checkout code	2026-02-28T10:36:22.4575325Z  * [new tag]             0.0.3                  -> 0.0.3
handle-success	Checkout code	2026-02-28T10:36:22.4575712Z  * [new tag]             0.0.30                 -> 0.0.30
handle-success	Checkout code	2026-02-28T10:36:22.4576217Z  * [new tag]             0.0.31                 -> 0.0.31
handle-success	Checkout code	2026-02-28T10:36:22.4576956Z  * [new tag]             0.0.32                 -> 0.0.32
handle-success	Checkout code	2026-02-28T10:36:22.4577325Z  * [new tag]             0.0.33                 -> 0.0.33
handle-success	Checkout code	2026-02-28T10:36:22.4577691Z  * [new tag]             0.0.34                 -> 0.0.34
handle-success	Checkout code	2026-02-28T10:36:22.4578060Z  * [new tag]             0.0.35                 -> 0.0.35
handle-success	Checkout code	2026-02-28T10:36:22.4578425Z  * [new tag]             0.0.36                 -> 0.0.36
handle-success	Checkout code	2026-02-28T10:36:22.4578787Z  * [new tag]             0.0.37                 -> 0.0.37
handle-success	Checkout code	2026-02-28T10:36:22.4579152Z  * [new tag]             0.0.38                 -> 0.0.38
handle-success	Checkout code	2026-02-28T10:36:22.4579521Z  * [new tag]             0.0.39                 -> 0.0.39
handle-success	Checkout code	2026-02-28T10:36:22.4579891Z  * [new tag]             0.0.4                  -> 0.0.4
handle-success	Checkout code	2026-02-28T10:36:22.4580253Z  * [new tag]             0.0.40                 -> 0.0.40
handle-success	Checkout code	2026-02-28T10:36:22.4580621Z  * [new tag]             0.0.41                 -> 0.0.41
handle-success	Checkout code	2026-02-28T10:36:22.4580992Z  * [new tag]             0.0.42                 -> 0.0.42
handle-success	Checkout code	2026-02-28T10:36:22.4581569Z  * [new tag]             0.0.43                 -> 0.0.43
handle-success	Checkout code	2026-02-28T10:36:22.4581938Z  * [new tag]             0.0.44                 -> 0.0.44
handle-success	Checkout code	2026-02-28T10:36:22.4582302Z  * [new tag]             0.0.45                 -> 0.0.45
handle-success	Checkout code	2026-02-28T10:36:22.4582666Z  * [new tag]             0.0.46                 -> 0.0.46
handle-success	Checkout code	2026-02-28T10:36:22.4583033Z  * [new tag]             0.0.47                 -> 0.0.47
handle-success	Checkout code	2026-02-28T10:36:22.4583406Z  * [new tag]             0.0.48                 -> 0.0.48
handle-success	Checkout code	2026-02-28T10:36:22.4583772Z  * [new tag]             0.0.49                 -> 0.0.49
handle-success	Checkout code	2026-02-28T10:36:22.4584139Z  * [new tag]             0.0.5                  -> 0.0.5
handle-success	Checkout code	2026-02-28T10:36:22.4584639Z  * [new tag]             0.0.50                 -> 0.0.50
handle-success	Checkout code	2026-02-28T10:36:22.4585333Z  * [new tag]             0.0.51                 -> 0.0.51
handle-success	Checkout code	2026-02-28T10:36:22.4585712Z  * [new tag]             0.0.52                 -> 0.0.52
handle-success	Checkout code	2026-02-28T10:36:22.4586218Z  * [new tag]             0.0.53                 -> 0.0.53
handle-success	Checkout code	2026-02-28T10:36:22.4586581Z  * [new tag]             0.0.54                 -> 0.0.54
handle-success	Checkout code	2026-02-28T10:36:22.4586946Z  * [new tag]             0.0.55                 -> 0.0.55
handle-success	Checkout code	2026-02-28T10:36:22.4587318Z  * [new tag]             0.0.56                 -> 0.0.56
handle-success	Checkout code	2026-02-28T10:36:22.4587684Z  * [new tag]             0.0.57                 -> 0.0.57
handle-success	Checkout code	2026-02-28T10:36:22.4588047Z  * [new tag]             0.0.58                 -> 0.0.58
handle-success	Checkout code	2026-02-28T10:36:22.4588411Z  * [new tag]             0.0.59                 -> 0.0.59
handle-success	Checkout code	2026-02-28T10:36:22.4588781Z  * [new tag]             0.0.6                  -> 0.0.6
handle-success	Checkout code	2026-02-28T10:36:22.4589147Z  * [new tag]             0.0.60                 -> 0.0.60
handle-success	Checkout code	2026-02-28T10:36:22.4589517Z  * [new tag]             0.0.61                 -> 0.0.61
handle-success	Checkout code	2026-02-28T10:36:22.4589879Z  * [new tag]             0.0.62                 -> 0.0.62
handle-success	Checkout code	2026-02-28T10:36:22.4590245Z  * [new tag]             0.0.63                 -> 0.0.63
handle-success	Checkout code	2026-02-28T10:36:22.4590624Z  * [new tag]             0.0.64                 -> 0.0.64
handle-success	Checkout code	2026-02-28T10:36:22.4590993Z  * [new tag]             0.0.65                 -> 0.0.65
handle-success	Checkout code	2026-02-28T10:36:22.4591360Z  * [new tag]             0.0.66                 -> 0.0.66
handle-success	Checkout code	2026-02-28T10:36:22.4591722Z  * [new tag]             0.0.67                 -> 0.0.67
handle-success	Checkout code	2026-02-28T10:36:22.4592087Z  * [new tag]             0.0.68                 -> 0.0.68
handle-success	Checkout code	2026-02-28T10:36:22.4592456Z  * [new tag]             0.0.69                 -> 0.0.69
handle-success	Checkout code	2026-02-28T10:36:22.4592830Z  * [new tag]             0.0.7                  -> 0.0.7
handle-success	Checkout code	2026-02-28T10:36:22.4593192Z  * [new tag]             0.0.70                 -> 0.0.70
handle-success	Checkout code	2026-02-28T10:36:22.4593559Z  * [new tag]             0.0.71                 -> 0.0.71
handle-success	Checkout code	2026-02-28T10:36:22.4593926Z  * [new tag]             0.0.72                 -> 0.0.72
handle-success	Checkout code	2026-02-28T10:36:22.4594293Z  * [new tag]             0.0.73                 -> 0.0.73
handle-success	Checkout code	2026-02-28T10:36:22.4594934Z  * [new tag]             0.0.74                 -> 0.0.74
handle-success	Checkout code	2026-02-28T10:36:22.4595597Z  * [new tag]             0.0.75                 -> 0.0.75
handle-success	Checkout code	2026-02-28T10:36:22.4596109Z  * [new tag]             0.0.76                 -> 0.0.76
handle-success	Checkout code	2026-02-28T10:36:22.4596497Z  * [new tag]             0.0.77                 -> 0.0.77
handle-success	Checkout code	2026-02-28T10:36:22.4596991Z  * [new tag]             0.0.78                 -> 0.0.78
handle-success	Checkout code	2026-02-28T10:36:22.4597359Z  * [new tag]             0.0.79                 -> 0.0.79
handle-success	Checkout code	2026-02-28T10:36:22.4597722Z  * [new tag]             0.0.8                  -> 0.0.8
handle-success	Checkout code	2026-02-28T10:36:22.4598087Z  * [new tag]             0.0.80                 -> 0.0.80
handle-success	Checkout code	2026-02-28T10:36:22.4598454Z  * [new tag]             0.0.81                 -> 0.0.81
handle-success	Checkout code	2026-02-28T10:36:22.4598823Z  * [new tag]             0.0.82                 -> 0.0.82
handle-success	Checkout code	2026-02-28T10:36:22.4599183Z  * [new tag]             0.0.83                 -> 0.0.83
handle-success	Checkout code	2026-02-28T10:36:22.4599551Z  * [new tag]             0.0.84                 -> 0.0.84
handle-success	Checkout code	2026-02-28T10:36:22.4599919Z  * [new tag]             0.0.85                 -> 0.0.85
handle-success	Checkout code	2026-02-28T10:36:22.4600524Z  * [new tag]             0.0.86                 -> 0.0.86
handle-success	Checkout code	2026-02-28T10:36:22.4600895Z  * [new tag]             0.0.87                 -> 0.0.87
handle-success	Checkout code	2026-02-28T10:36:22.4601256Z  * [new tag]             0.0.88                 -> 0.0.88
handle-success	Checkout code	2026-02-28T10:36:22.4601623Z  * [new tag]             0.0.89                 -> 0.0.89
handle-success	Checkout code	2026-02-28T10:36:22.4601991Z  * [new tag]             0.0.9                  -> 0.0.9
handle-success	Checkout code	2026-02-28T10:36:22.4602359Z  * [new tag]             0.0.90                 -> 0.0.90
handle-success	Checkout code	2026-02-28T10:36:22.4602730Z  * [new tag]             0.0.91                 -> 0.0.91
handle-success	Checkout code	2026-02-28T10:36:22.4603094Z  * [new tag]             0.0.92                 -> 0.0.92
handle-success	Checkout code	2026-02-28T10:36:22.4603459Z  * [new tag]             0.0.93                 -> 0.0.93
handle-success	Checkout code	2026-02-28T10:36:22.4603829Z  * [new tag]             0.0.94                 -> 0.0.94
handle-success	Checkout code	2026-02-28T10:36:22.4604202Z  * [new tag]             0.0.95                 -> 0.0.95
handle-success	Checkout code	2026-02-28T10:36:22.4605000Z  * [new tag]             0.0.96                 -> 0.0.96
handle-success	Checkout code	2026-02-28T10:36:22.4605408Z  * [new tag]             0.0.97                 -> 0.0.97
handle-success	Checkout code	2026-02-28T10:36:22.4605916Z  * [new tag]             0.0.98                 -> 0.0.98
handle-success	Checkout code	2026-02-28T10:36:22.4606282Z  * [new tag]             0.0.99                 -> 0.0.99
handle-success	Checkout code	2026-02-28T10:36:22.4606653Z  * [new tag]             0.1.0                  -> 0.1.0
handle-success	Checkout code	2026-02-28T10:36:22.4607016Z  * [new tag]             0.1.1                  -> 0.1.1
handle-success	Checkout code	2026-02-28T10:36:22.4607383Z  * [new tag]             0.2.0                  -> 0.2.0
handle-success	Checkout code	2026-02-28T10:36:22.4607744Z  * [new tag]             0.3.0                  -> 0.3.0
handle-success	Checkout code	2026-02-28T10:36:22.4608106Z  * [new tag]             0.3.1                  -> 0.3.1
handle-success	Checkout code	2026-02-28T10:36:22.4608495Z  * [new tag]             0.3.10                 -> 0.3.10
handle-success	Checkout code	2026-02-28T10:36:22.4608865Z  * [new tag]             0.3.11                 -> 0.3.11
handle-success	Checkout code	2026-02-28T10:36:22.4609235Z  * [new tag]             0.3.12                 -> 0.3.12
handle-success	Checkout code	2026-02-28T10:36:22.4609606Z  * [new tag]             0.3.13                 -> 0.3.13
handle-success	Checkout code	2026-02-28T10:36:22.4609973Z  * [new tag]             0.3.14                 -> 0.3.14
handle-success	Checkout code	2026-02-28T10:36:22.4610339Z  * [new tag]             0.3.15                 -> 0.3.15
handle-success	Checkout code	2026-02-28T10:36:22.4610704Z  * [new tag]             0.3.16                 -> 0.3.16
handle-success	Checkout code	2026-02-28T10:36:22.4611066Z  * [new tag]             0.3.17                 -> 0.3.17
handle-success	Checkout code	2026-02-28T10:36:22.4611430Z  * [new tag]             0.3.2                  -> 0.3.2
handle-success	Checkout code	2026-02-28T10:36:22.4611798Z  * [new tag]             0.3.3                  -> 0.3.3
handle-success	Checkout code	2026-02-28T10:36:22.4612158Z  * [new tag]             0.3.4                  -> 0.3.4
handle-success	Checkout code	2026-02-28T10:36:22.4612527Z  * [new tag]             0.3.5                  -> 0.3.5
handle-success	Checkout code	2026-02-28T10:36:22.4612888Z  * [new tag]             0.3.6                  -> 0.3.6
handle-success	Checkout code	2026-02-28T10:36:22.4613246Z  * [new tag]             0.3.7                  -> 0.3.7
handle-success	Checkout code	2026-02-28T10:36:22.4613613Z  * [new tag]             0.3.8                  -> 0.3.8
handle-success	Checkout code	2026-02-28T10:36:22.4614181Z  * [new tag]             0.3.9                  -> 0.3.9
handle-success	Checkout code	2026-02-28T10:36:22.4614811Z  * [new tag]             0.4.0                  -> 0.4.0
handle-success	Checkout code	2026-02-28T10:36:22.4615459Z  * [new tag]             0.4.1                  -> 0.4.1
handle-success	Checkout code	2026-02-28T10:36:22.4615954Z  * [new tag]             0.4.2                  -> 0.4.2
handle-success	Checkout code	2026-02-28T10:36:22.4616316Z  * [new tag]             0.4.3                  -> 0.4.3
handle-success	Checkout code	2026-02-28T10:36:22.4616680Z  * [new tag]             0.4.4                  -> 0.4.4
handle-success	Checkout code	2026-02-28T10:36:22.4617042Z  * [new tag]             0.4.5                  -> 0.4.5
handle-success	Checkout code	2026-02-28T10:36:22.4617398Z  * [new tag]             0.4.6                  -> 0.4.6
handle-success	Checkout code	2026-02-28T10:36:22.4617758Z  * [new tag]             0.4.7                  -> 0.4.7
handle-success	Checkout code	2026-02-28T10:36:22.4618123Z  * [new tag]             0.4.8                  -> 0.4.8
handle-success	Checkout code	2026-02-28T10:36:22.4618485Z  * [new tag]             0.4.9                  -> 0.4.9
handle-success	Checkout code	2026-02-28T10:36:22.4618847Z  * [new tag]             0.5.0                  -> 0.5.0
handle-success	Checkout code	2026-02-28T10:36:22.4619458Z  * [new tag]             0.5.1                  -> 0.5.1
handle-success	Checkout code	2026-02-28T10:36:22.4619824Z  * [new tag]             0.5.2                  -> 0.5.2
handle-success	Checkout code	2026-02-28T10:36:22.4620187Z  * [new tag]             0.6.0                  -> 0.6.0
handle-success	Checkout code	2026-02-28T10:36:22.4620555Z  * [new tag]             0.6.1                  -> 0.6.1
handle-success	Checkout code	2026-02-28T10:36:22.4620915Z  * [new tag]             0.6.2                  -> 0.6.2
handle-success	Checkout code	2026-02-28T10:36:22.4621278Z  * [new tag]             0.6.3                  -> 0.6.3
handle-success	Checkout code	2026-02-28T10:36:22.4621644Z  * [new tag]             0.6.4                  -> 0.6.4
handle-success	Checkout code	2026-02-28T10:36:22.4622006Z  * [new tag]             0.6.5                  -> 0.6.5
handle-success	Checkout code	2026-02-28T10:36:22.4622372Z  * [new tag]             0.6.6                  -> 0.6.6
handle-success	Checkout code	2026-02-28T10:36:22.4847187Z [command]/usr/bin/git branch --list --remote origin/main
handle-success	Checkout code	2026-02-28T10:36:22.4925542Z   origin/main
handle-success	Checkout code	2026-02-28T10:36:22.4937512Z [command]/usr/bin/git rev-parse refs/remotes/origin/main
handle-success	Checkout code	2026-02-28T10:36:22.4968832Z bf6414d92a9359ad5a1f77db63f892d0ebd16a74
handle-success	Checkout code	2026-02-28T10:36:22.4982603Z [command]/usr/bin/git -c protocol.version=2 fetch --no-tags --prune --no-recurse-submodules origin +8db2ec3ba72992d08e898c1db7ea788806c01e31:refs/remotes/origin/main
handle-success	Checkout code	2026-02-28T10:36:22.5172791Z From https://github.com/Ka0s-Klaus/ka0s
handle-success	Checkout code	2026-02-28T10:36:22.5173569Z  + bf6414d92...8db2ec3ba 8db2ec3ba72992d08e898c1db7ea788806c01e31 -> origin/main  (forced update)
handle-success	Checkout code	2026-02-28T10:36:22.5212504Z ##[endgroup]
handle-success	Checkout code	2026-02-28T10:36:22.5213138Z ##[group]Determining the checkout info
handle-success	Checkout code	2026-02-28T10:36:22.5213643Z ##[endgroup]
handle-success	Checkout code	2026-02-28T10:36:22.5219579Z [command]/usr/bin/git sparse-checkout disable
handle-success	Checkout code	2026-02-28T10:36:22.5278166Z [command]/usr/bin/git config --local --unset-all extensions.worktreeConfig
handle-success	Checkout code	2026-02-28T10:36:22.5316481Z ##[group]Checking out the ref
handle-success	Checkout code	2026-02-28T10:36:22.5326962Z [command]/usr/bin/git checkout --progress --force -B main refs/remotes/origin/main
handle-success	Checkout code	2026-02-28T10:36:22.7866440Z Switched to a new branch 'main'
handle-success	Checkout code	2026-02-28T10:36:22.7870901Z branch 'main' set up to track 'origin/main'.
handle-success	Checkout code	2026-02-28T10:36:22.7914440Z ##[endgroup]
handle-success	Checkout code	2026-02-28T10:36:22.7968545Z [command]/usr/bin/git log -1 --format=%H
handle-success	Checkout code	2026-02-28T10:36:22.8005214Z 8db2ec3ba72992d08e898c1db7ea788806c01e31
handle-success	handle-success-execution	Ôªø2026-02-28T10:36:22.8252669Z ##[group]Run echo "Process completed successfully 22519053253"
handle-success	handle-success-execution	2026-02-28T10:36:22.8253289Z [36;1mecho "Process completed successfully 22519053253"[0m
handle-success	handle-success-execution	2026-02-28T10:36:22.8268414Z shell: /usr/bin/bash -e {0}
handle-success	handle-success-execution	2026-02-28T10:36:22.8268745Z env:
handle-success	handle-success-execution	2026-02-28T10:36:22.8268978Z   PYTHON_VERSION: 3.9
handle-success	handle-success-execution	2026-02-28T10:36:22.8269979Z   MONGO_SUPERUSER_CONNECTION: ***
handle-success	handle-success-execution	2026-02-28T10:36:22.8270443Z   MONGO_NEW_PASS: ***
handle-success	handle-success-execution	2026-02-28T10:36:22.8270822Z   MONGO_SCRIPT_CREATE: devops/core/mongo/scripts/mongodb_status_report.py
handle-success	handle-success-execution	2026-02-28T10:36:22.8271261Z   KAOS_CODE: 22519053253
handle-success	handle-success-execution	2026-02-28T10:36:22.8271530Z   REPORT_SCAN: audit/
handle-success	handle-success-execution	2026-02-28T10:36:22.8271826Z   REPORT_PATH: audit/mongodb/
handle-success	handle-success-execution	2026-02-28T10:36:22.8272115Z   REPORT_FILENAME: 22519053253.json
handle-success	handle-success-execution	2026-02-28T10:36:22.8272794Z   KAOS_MODULE: [Ka0s] Status MongDB Report
handle-success	handle-success-execution	2026-02-28T10:36:22.8273235Z   GH_TOKEN: ***
handle-success	handle-success-execution	2026-02-28T10:36:22.8273480Z ##[endgroup]
handle-success	handle-success-execution	2026-02-28T10:36:22.8333308Z Process completed successfully 22519053253
handle-success	Post Checkout code	Ôªø2026-02-28T10:36:22.8477170Z Post job cleanup.
handle-success	Post Checkout code	2026-02-28T10:36:22.9552822Z [command]/usr/bin/git version
handle-success	Post Checkout code	2026-02-28T10:36:22.9596427Z git version 2.53.0
handle-success	Post Checkout code	2026-02-28T10:36:22.9643886Z Temporarily overriding HOME='/home/runner/_work/_temp/75d5ad2e-a778-4687-bb90-cccfda01c8f3' before making global git config changes
handle-success	Post Checkout code	2026-02-28T10:36:22.9645129Z Adding repository directory to the temporary git global config as a safe directory
handle-success	Post Checkout code	2026-02-28T10:36:22.9651281Z [command]/usr/bin/git config --global --add safe.directory /home/runner/_work/ka0s/ka0s
handle-success	Post Checkout code	2026-02-28T10:36:22.9712045Z [command]/usr/bin/git config --local --name-only --get-regexp core\.sshCommand
handle-success	Post Checkout code	2026-02-28T10:36:22.9759748Z [command]/usr/bin/git submodule foreach --recursive sh -c "git config --local --name-only --get-regexp 'core\.sshCommand' && git config --local --unset-all 'core.sshCommand' || :"
handle-success	Post Checkout code	2026-02-28T10:36:23.0103994Z [command]/usr/bin/git config --local --name-only --get-regexp http\.https\:\/\/github\.com\/\.extraheader
handle-success	Post Checkout code	2026-02-28T10:36:23.0144035Z http.https://github.com/.extraheader
handle-success	Post Checkout code	2026-02-28T10:36:23.0158293Z [command]/usr/bin/git config --local --unset-all http.https://github.com/.extraheader
handle-success	Post Checkout code	2026-02-28T10:36:23.0202224Z [command]/usr/bin/git submodule foreach --recursive sh -c "git config --local --name-only --get-regexp 'http\.https\:\/\/github\.com\/\.extraheader' && git config --local --unset-all 'http.https://github.com/.extraheader' || :"
handle-success	Post Checkout code	2026-02-28T10:36:23.0542094Z [command]/usr/bin/git config --local --name-only --get-regexp ^includeIf\.gitdir:
handle-success	Post Checkout code	2026-02-28T10:36:23.0584164Z [command]/usr/bin/git submodule foreach --recursive git config --local --show-origin --name-only --get-regexp remote.origin.url
handle-success	Complete job	Ôªø2026-02-28T10:36:23.1059227Z Cleaning up orphan processes
end-workflow	Set up job	Ôªø2026-02-28T10:36:35.2896723Z Current runner version: '2.332.0'
end-workflow	Set up job	2026-02-28T10:36:35.2905230Z Runner name: 'swarm-runners-scaleset-hkss5-runner-fb9j5'
end-workflow	Set up job	2026-02-28T10:36:35.2906381Z Runner group name: 'Default'
end-workflow	Set up job	2026-02-28T10:36:35.2907515Z Machine name: 'swarm-runners-scaleset-hkss5-runner-fb9j5'
end-workflow	Set up job	2026-02-28T10:36:35.2911879Z ##[group]GITHUB_TOKEN Permissions
end-workflow	Set up job	2026-02-28T10:36:35.2915817Z Actions: write
end-workflow	Set up job	2026-02-28T10:36:35.2916475Z Contents: write
end-workflow	Set up job	2026-02-28T10:36:35.2917279Z Issues: write
end-workflow	Set up job	2026-02-28T10:36:35.2917990Z Metadata: read
end-workflow	Set up job	2026-02-28T10:36:35.2918496Z PullRequests: write
end-workflow	Set up job	2026-02-28T10:36:35.2919168Z ##[endgroup]
end-workflow	Set up job	2026-02-28T10:36:35.2921704Z Secret source: Actions
end-workflow	Set up job	2026-02-28T10:36:35.2922551Z Prepare workflow directory
end-workflow	Set up job	2026-02-28T10:36:35.3502958Z Prepare all required actions
end-workflow	Set up job	2026-02-28T10:36:35.3547488Z Getting action download info
end-workflow	Set up job	2026-02-28T10:36:35.9628577Z Download action repository 'actions/checkout@v4' (SHA:34e114876b0b11c390a56381ad16ebd13914f8d5)
end-workflow	Set up job	2026-02-28T10:36:36.9586835Z Complete job name: end-workflow
end-workflow	Checkout repository	Ôªø2026-02-28T10:36:37.0261729Z ##[group]Run actions/checkout@v4
end-workflow	Checkout repository	2026-02-28T10:36:37.0262760Z with:
end-workflow	Checkout repository	2026-02-28T10:36:37.0263230Z   fetch-depth: 0
end-workflow	Checkout repository	2026-02-28T10:36:37.0263710Z   repository: Ka0s-Klaus/ka0s
end-workflow	Checkout repository	2026-02-28T10:36:37.0264830Z   token: ***
end-workflow	Checkout repository	2026-02-28T10:36:37.0265314Z   ssh-strict: true
end-workflow	Checkout repository	2026-02-28T10:36:37.0265909Z   ssh-user: git
end-workflow	Checkout repository	2026-02-28T10:36:37.0266378Z   persist-credentials: true
end-workflow	Checkout repository	2026-02-28T10:36:37.0267405Z   clean: true
end-workflow	Checkout repository	2026-02-28T10:36:37.0267997Z   sparse-checkout-cone-mode: true
end-workflow	Checkout repository	2026-02-28T10:36:37.0268549Z   fetch-tags: false
end-workflow	Checkout repository	2026-02-28T10:36:37.0268998Z   show-progress: true
end-workflow	Checkout repository	2026-02-28T10:36:37.0269460Z   lfs: false
end-workflow	Checkout repository	2026-02-28T10:36:37.0269884Z   submodules: false
end-workflow	Checkout repository	2026-02-28T10:36:37.0270373Z   set-safe-directory: true
end-workflow	Checkout repository	2026-02-28T10:36:37.0271142Z env:
end-workflow	Checkout repository	2026-02-28T10:36:37.0271587Z   PYTHON_VERSION: 3.9
end-workflow	Checkout repository	2026-02-28T10:36:37.0272883Z   MONGO_SUPERUSER_CONNECTION: ***
end-workflow	Checkout repository	2026-02-28T10:36:37.0273778Z   MONGO_NEW_PASS: ***
end-workflow	Checkout repository	2026-02-28T10:36:37.0274973Z   MONGO_SCRIPT_CREATE: devops/core/mongo/scripts/mongodb_status_report.py
end-workflow	Checkout repository	2026-02-28T10:36:37.0275987Z   KAOS_CODE: 22519053253
end-workflow	Checkout repository	2026-02-28T10:36:37.0276478Z   REPORT_SCAN: audit/
end-workflow	Checkout repository	2026-02-28T10:36:37.0276959Z   REPORT_PATH: audit/mongodb/
end-workflow	Checkout repository	2026-02-28T10:36:37.0277493Z   REPORT_FILENAME: 22519053253.json
end-workflow	Checkout repository	2026-02-28T10:36:37.0278075Z   KAOS_MODULE: [Ka0s] Status MongDB Report
end-workflow	Checkout repository	2026-02-28T10:36:37.0278661Z ##[endgroup]
end-workflow	Checkout repository	2026-02-28T10:36:37.1531180Z Syncing repository: Ka0s-Klaus/ka0s
end-workflow	Checkout repository	2026-02-28T10:36:37.1533785Z ##[group]Getting Git version info
end-workflow	Checkout repository	2026-02-28T10:36:37.1535770Z Working directory is '/home/runner/_work/ka0s/ka0s'
end-workflow	Checkout repository	2026-02-28T10:36:37.1536888Z [command]/usr/bin/git version
end-workflow	Checkout repository	2026-02-28T10:36:37.1537417Z git version 2.53.0
end-workflow	Checkout repository	2026-02-28T10:36:37.1559868Z ##[endgroup]
end-workflow	Checkout repository	2026-02-28T10:36:37.1579702Z Temporarily overriding HOME='/home/runner/_work/_temp/86fa0cb6-b0ec-4b7a-8e98-3a744f4ec997' before making global git config changes
end-workflow	Checkout repository	2026-02-28T10:36:37.1608508Z Adding repository directory to the temporary git global config as a safe directory
end-workflow	Checkout repository	2026-02-28T10:36:37.1609952Z [command]/usr/bin/git config --global --add safe.directory /home/runner/_work/ka0s/ka0s
end-workflow	Checkout repository	2026-02-28T10:36:37.1635302Z Deleting the contents of '/home/runner/_work/ka0s/ka0s'
end-workflow	Checkout repository	2026-02-28T10:36:37.1641399Z ##[group]Initializing the repository
end-workflow	Checkout repository	2026-02-28T10:36:37.1644338Z [command]/usr/bin/git init /home/runner/_work/ka0s/ka0s
end-workflow	Checkout repository	2026-02-28T10:36:37.1706883Z hint: Using 'master' as the name for the initial branch. This default branch name
end-workflow	Checkout repository	2026-02-28T10:36:37.1708626Z hint: will change to "main" in Git 3.0. To configure the initial branch name
end-workflow	Checkout repository	2026-02-28T10:36:37.1710080Z hint: to use in all of your new repositories, which will suppress this warning,
end-workflow	Checkout repository	2026-02-28T10:36:37.1711296Z hint: call:
end-workflow	Checkout repository	2026-02-28T10:36:37.1711830Z hint:
end-workflow	Checkout repository	2026-02-28T10:36:37.1712508Z hint: 	git config --global init.defaultBranch <name>
end-workflow	Checkout repository	2026-02-28T10:36:37.1713335Z hint:
end-workflow	Checkout repository	2026-02-28T10:36:37.1714099Z hint: Names commonly chosen instead of 'master' are 'main', 'trunk' and
end-workflow	Checkout repository	2026-02-28T10:36:37.1717091Z hint: 'development'. The just-created branch can be renamed via this command:
end-workflow	Checkout repository	2026-02-28T10:36:37.1718596Z hint:
end-workflow	Checkout repository	2026-02-28T10:36:37.1719056Z hint: 	git branch -m <name>
end-workflow	Checkout repository	2026-02-28T10:36:37.1719586Z hint:
end-workflow	Checkout repository	2026-02-28T10:36:37.1720300Z hint: Disable this message with "git config set advice.defaultBranchName false"
end-workflow	Checkout repository	2026-02-28T10:36:37.1721400Z Initialized empty Git repository in /home/runner/_work/ka0s/ka0s/.git/
end-workflow	Checkout repository	2026-02-28T10:36:37.1723480Z [command]/usr/bin/git remote add origin https://github.com/Ka0s-Klaus/ka0s
end-workflow	Checkout repository	2026-02-28T10:36:37.1765441Z ##[endgroup]
end-workflow	Checkout repository	2026-02-28T10:36:37.1766491Z ##[group]Disabling automatic garbage collection
end-workflow	Checkout repository	2026-02-28T10:36:37.1769558Z [command]/usr/bin/git config --local gc.auto 0
end-workflow	Checkout repository	2026-02-28T10:36:37.1811802Z ##[endgroup]
end-workflow	Checkout repository	2026-02-28T10:36:37.1812689Z ##[group]Setting up auth
end-workflow	Checkout repository	2026-02-28T10:36:37.1820283Z [command]/usr/bin/git config --local --name-only --get-regexp core\.sshCommand
end-workflow	Checkout repository	2026-02-28T10:36:37.1863372Z [command]/usr/bin/git submodule foreach --recursive sh -c "git config --local --name-only --get-regexp 'core\.sshCommand' && git config --local --unset-all 'core.sshCommand' || :"
end-workflow	Checkout repository	2026-02-28T10:36:37.2196261Z [command]/usr/bin/git config --local --name-only --get-regexp http\.https\:\/\/github\.com\/\.extraheader
end-workflow	Checkout repository	2026-02-28T10:36:37.2235594Z [command]/usr/bin/git submodule foreach --recursive sh -c "git config --local --name-only --get-regexp 'http\.https\:\/\/github\.com\/\.extraheader' && git config --local --unset-all 'http.https://github.com/.extraheader' || :"
end-workflow	Checkout repository	2026-02-28T10:36:37.2568241Z [command]/usr/bin/git config --local --name-only --get-regexp ^includeIf\.gitdir:
end-workflow	Checkout repository	2026-02-28T10:36:37.2609833Z [command]/usr/bin/git submodule foreach --recursive git config --local --show-origin --name-only --get-regexp remote.origin.url
end-workflow	Checkout repository	2026-02-28T10:36:37.2955294Z [command]/usr/bin/git config --local http.https://github.com/.extraheader AUTHORIZATION: basic ***
end-workflow	Checkout repository	2026-02-28T10:36:37.3006659Z ##[endgroup]
end-workflow	Checkout repository	2026-02-28T10:36:37.3007612Z ##[group]Fetching the repository
end-workflow	Checkout repository	2026-02-28T10:36:37.3015311Z [command]/usr/bin/git -c protocol.version=2 fetch --prune --no-recurse-submodules origin +refs/heads/*:refs/remotes/origin/* +refs/tags/*:refs/tags/*
end-workflow	Checkout repository	2026-02-28T10:37:01.2031106Z From https://github.com/Ka0s-Klaus/ka0s
end-workflow	Checkout repository	2026-02-28T10:37:01.2031841Z  * [new branch]          F3450-modelo-operativo -> origin/F3450-modelo-operativo
end-workflow	Checkout repository	2026-02-28T10:37:01.2032528Z  * [new branch]          H1276-modulo-observabilidad -> origin/H1276-modulo-observabilidad
end-workflow	Checkout repository	2026-02-28T10:37:01.2036559Z  * [new branch]          H3596-deploy-itop      -> origin/H3596-deploy-itop
end-workflow	Checkout repository	2026-02-28T10:37:01.2037388Z  * [new branch]          H4170-flujo-detallado-zabbix---github -> origin/H4170-flujo-detallado-zabbix---github
end-workflow	Checkout repository	2026-02-28T10:37:01.2038179Z  * [new branch]          H4191-request-cambios  -> origin/H4191-request-cambios
end-workflow	Checkout repository	2026-02-28T10:37:01.2038988Z  * [new branch]          H4200-request-recomendaciones-de-auditoria -> origin/H4200-request-recomendaciones-de-auditoria
end-workflow	Checkout repository	2026-02-28T10:37:01.2039745Z  * [new branch]          main                   -> origin/main
end-workflow	Checkout repository	2026-02-28T10:37:01.2040218Z  * [new tag]             0.0.0                  -> 0.0.0
end-workflow	Checkout repository	2026-02-28T10:37:01.2040716Z  * [new tag]             0.0.1                  -> 0.0.1
end-workflow	Checkout repository	2026-02-28T10:37:01.2041125Z  * [new tag]             0.0.10                 -> 0.0.10
end-workflow	Checkout repository	2026-02-28T10:37:01.2041704Z  * [new tag]             0.0.100                -> 0.0.100
end-workflow	Checkout repository	2026-02-28T10:37:01.2042102Z  * [new tag]             0.0.101                -> 0.0.101
end-workflow	Checkout repository	2026-02-28T10:37:01.2042544Z  * [new tag]             0.0.102                -> 0.0.102
end-workflow	Checkout repository	2026-02-28T10:37:01.2043013Z  * [new tag]             0.0.103                -> 0.0.103
end-workflow	Checkout repository	2026-02-28T10:37:01.2043459Z  * [new tag]             0.0.104                -> 0.0.104
end-workflow	Checkout repository	2026-02-28T10:37:01.2043861Z  * [new tag]             0.0.105                -> 0.0.105
end-workflow	Checkout repository	2026-02-28T10:37:01.2044256Z  * [new tag]             0.0.106                -> 0.0.106
end-workflow	Checkout repository	2026-02-28T10:37:01.2044964Z  * [new tag]             0.0.107                -> 0.0.107
end-workflow	Checkout repository	2026-02-28T10:37:01.2045389Z  * [new tag]             0.0.108                -> 0.0.108
end-workflow	Checkout repository	2026-02-28T10:37:01.2046307Z  * [new tag]             0.0.109                -> 0.0.109
end-workflow	Checkout repository	2026-02-28T10:37:01.2046720Z  * [new tag]             0.0.11                 -> 0.0.11
end-workflow	Checkout repository	2026-02-28T10:37:01.2047151Z  * [new tag]             0.0.110                -> 0.0.110
end-workflow	Checkout repository	2026-02-28T10:37:01.2047554Z  * [new tag]             0.0.111                -> 0.0.111
end-workflow	Checkout repository	2026-02-28T10:37:01.2048029Z  * [new tag]             0.0.112                -> 0.0.112
end-workflow	Checkout repository	2026-02-28T10:37:01.2048442Z  * [new tag]             0.0.113                -> 0.0.113
end-workflow	Checkout repository	2026-02-28T10:37:01.2048845Z  * [new tag]             0.0.114                -> 0.0.114
end-workflow	Checkout repository	2026-02-28T10:37:01.2049254Z  * [new tag]             0.0.115                -> 0.0.115
end-workflow	Checkout repository	2026-02-28T10:37:01.2049664Z  * [new tag]             0.0.116                -> 0.0.116
end-workflow	Checkout repository	2026-02-28T10:37:01.2050155Z  * [new tag]             0.0.117                -> 0.0.117
end-workflow	Checkout repository	2026-02-28T10:37:01.2050616Z  * [new tag]             0.0.118                -> 0.0.118
end-workflow	Checkout repository	2026-02-28T10:37:01.2051021Z  * [new tag]             0.0.119                -> 0.0.119
end-workflow	Checkout repository	2026-02-28T10:37:01.2051705Z  * [new tag]             0.0.12                 -> 0.0.12
end-workflow	Checkout repository	2026-02-28T10:37:01.2052110Z  * [new tag]             0.0.120                -> 0.0.120
end-workflow	Checkout repository	2026-02-28T10:37:01.2052513Z  * [new tag]             0.0.121                -> 0.0.121
end-workflow	Checkout repository	2026-02-28T10:37:01.2052916Z  * [new tag]             0.0.122                -> 0.0.122
end-workflow	Checkout repository	2026-02-28T10:37:01.2053318Z  * [new tag]             0.0.123                -> 0.0.123
end-workflow	Checkout repository	2026-02-28T10:37:01.2053724Z  * [new tag]             0.0.124                -> 0.0.124
end-workflow	Checkout repository	2026-02-28T10:37:01.2054128Z  * [new tag]             0.0.125                -> 0.0.125
end-workflow	Checkout repository	2026-02-28T10:37:01.2054657Z  * [new tag]             0.0.126                -> 0.0.126
end-workflow	Checkout repository	2026-02-28T10:37:01.2055069Z  * [new tag]             0.0.127                -> 0.0.127
end-workflow	Checkout repository	2026-02-28T10:37:01.2055477Z  * [new tag]             0.0.128                -> 0.0.128
end-workflow	Checkout repository	2026-02-28T10:37:01.2055883Z  * [new tag]             0.0.129                -> 0.0.129
end-workflow	Checkout repository	2026-02-28T10:37:01.2056286Z  * [new tag]             0.0.13                 -> 0.0.13
end-workflow	Checkout repository	2026-02-28T10:37:01.2056750Z  * [new tag]             0.0.130                -> 0.0.130
end-workflow	Checkout repository	2026-02-28T10:37:01.2057164Z  * [new tag]             0.0.131                -> 0.0.131
end-workflow	Checkout repository	2026-02-28T10:37:01.2057569Z  * [new tag]             0.0.132                -> 0.0.132
end-workflow	Checkout repository	2026-02-28T10:37:01.2057968Z  * [new tag]             0.0.133                -> 0.0.133
end-workflow	Checkout repository	2026-02-28T10:37:01.2058373Z  * [new tag]             0.0.134                -> 0.0.134
end-workflow	Checkout repository	2026-02-28T10:37:01.2058775Z  * [new tag]             0.0.135                -> 0.0.135
end-workflow	Checkout repository	2026-02-28T10:37:01.2059180Z  * [new tag]             0.0.136                -> 0.0.136
end-workflow	Checkout repository	2026-02-28T10:37:01.2059577Z  * [new tag]             0.0.137                -> 0.0.137
end-workflow	Checkout repository	2026-02-28T10:37:01.2130161Z  * [new tag]             0.0.138                -> 0.0.138
end-workflow	Checkout repository	2026-02-28T10:37:01.2130790Z  * [new tag]             0.0.139                -> 0.0.139
end-workflow	Checkout repository	2026-02-28T10:37:01.2131364Z  * [new tag]             0.0.14                 -> 0.0.14
end-workflow	Checkout repository	2026-02-28T10:37:01.2131876Z  * [new tag]             0.0.140                -> 0.0.140
end-workflow	Checkout repository	2026-02-28T10:37:01.2132274Z  * [new tag]             0.0.141                -> 0.0.141
end-workflow	Checkout repository	2026-02-28T10:37:01.2132674Z  * [new tag]             0.0.142                -> 0.0.142
end-workflow	Checkout repository	2026-02-28T10:37:01.2133094Z  * [new tag]             0.0.143                -> 0.0.143
end-workflow	Checkout repository	2026-02-28T10:37:01.2133497Z  * [new tag]             0.0.144                -> 0.0.144
end-workflow	Checkout repository	2026-02-28T10:37:01.2133901Z  * [new tag]             0.0.145                -> 0.0.145
end-workflow	Checkout repository	2026-02-28T10:37:01.2134310Z  * [new tag]             0.0.146                -> 0.0.146
end-workflow	Checkout repository	2026-02-28T10:37:01.2135588Z  * [new tag]             0.0.147                -> 0.0.147
end-workflow	Checkout repository	2026-02-28T10:37:01.2136151Z  * [new tag]             0.0.148                -> 0.0.148
end-workflow	Checkout repository	2026-02-28T10:37:01.2136573Z  * [new tag]             0.0.149                -> 0.0.149
end-workflow	Checkout repository	2026-02-28T10:37:01.2137009Z  * [new tag]             0.0.15                 -> 0.0.15
end-workflow	Checkout repository	2026-02-28T10:37:01.2137468Z  * [new tag]             0.0.150                -> 0.0.150
end-workflow	Checkout repository	2026-02-28T10:37:01.2138237Z  * [new tag]             0.0.151                -> 0.0.151
end-workflow	Checkout repository	2026-02-28T10:37:01.2138648Z  * [new tag]             0.0.152                -> 0.0.152
end-workflow	Checkout repository	2026-02-28T10:37:01.2139083Z  * [new tag]             0.0.153                -> 0.0.153
end-workflow	Checkout repository	2026-02-28T10:37:01.2139625Z  * [new tag]             0.0.154                -> 0.0.154
end-workflow	Checkout repository	2026-02-28T10:37:01.2140187Z  * [new tag]             0.0.155                -> 0.0.155
end-workflow	Checkout repository	2026-02-28T10:37:01.2140740Z  * [new tag]             0.0.156                -> 0.0.156
end-workflow	Checkout repository	2026-02-28T10:37:01.2141171Z  * [new tag]             0.0.157                -> 0.0.157
end-workflow	Checkout repository	2026-02-28T10:37:01.2141714Z  * [new tag]             0.0.158                -> 0.0.158
end-workflow	Checkout repository	2026-02-28T10:37:01.2142131Z  * [new tag]             0.0.159                -> 0.0.159
end-workflow	Checkout repository	2026-02-28T10:37:01.2142537Z  * [new tag]             0.0.16                 -> 0.0.16
end-workflow	Checkout repository	2026-02-28T10:37:01.2142952Z  * [new tag]             0.0.160                -> 0.0.160
end-workflow	Checkout repository	2026-02-28T10:37:01.2143359Z  * [new tag]             0.0.161                -> 0.0.161
end-workflow	Checkout repository	2026-02-28T10:37:01.2144019Z  * [new tag]             0.0.162                -> 0.0.162
end-workflow	Checkout repository	2026-02-28T10:37:01.2144450Z  * [new tag]             0.0.163                -> 0.0.163
end-workflow	Checkout repository	2026-02-28T10:37:01.2145197Z  * [new tag]             0.0.164                -> 0.0.164
end-workflow	Checkout repository	2026-02-28T10:37:01.2145608Z  * [new tag]             0.0.165                -> 0.0.165
end-workflow	Checkout repository	2026-02-28T10:37:01.2146010Z  * [new tag]             0.0.166                -> 0.0.166
end-workflow	Checkout repository	2026-02-28T10:37:01.2146417Z  * [new tag]             0.0.167                -> 0.0.167
end-workflow	Checkout repository	2026-02-28T10:37:01.2146826Z  * [new tag]             0.0.168                -> 0.0.168
end-workflow	Checkout repository	2026-02-28T10:37:01.2147237Z  * [new tag]             0.0.169                -> 0.0.169
end-workflow	Checkout repository	2026-02-28T10:37:01.2147643Z  * [new tag]             0.0.17                 -> 0.0.17
end-workflow	Checkout repository	2026-02-28T10:37:01.2148070Z  * [new tag]             0.0.170                -> 0.0.170
end-workflow	Checkout repository	2026-02-28T10:37:01.2148497Z  * [new tag]             0.0.171                -> 0.0.171
end-workflow	Checkout repository	2026-02-28T10:37:01.2148970Z  * [new tag]             0.0.172                -> 0.0.172
end-workflow	Checkout repository	2026-02-28T10:37:01.2149382Z  * [new tag]             0.0.173                -> 0.0.173
end-workflow	Checkout repository	2026-02-28T10:37:01.2149907Z  * [new tag]             0.0.174                -> 0.0.174
end-workflow	Checkout repository	2026-02-28T10:37:01.2150306Z  * [new tag]             0.0.175                -> 0.0.175
end-workflow	Checkout repository	2026-02-28T10:37:01.2150696Z  * [new tag]             0.0.176                -> 0.0.176
end-workflow	Checkout repository	2026-02-28T10:37:01.2151090Z  * [new tag]             0.0.177                -> 0.0.177
end-workflow	Checkout repository	2026-02-28T10:37:01.2151486Z  * [new tag]             0.0.178                -> 0.0.178
end-workflow	Checkout repository	2026-02-28T10:37:01.2151879Z  * [new tag]             0.0.179                -> 0.0.179
end-workflow	Checkout repository	2026-02-28T10:37:01.2152275Z  * [new tag]             0.0.18                 -> 0.0.18
end-workflow	Checkout repository	2026-02-28T10:37:01.2152669Z  * [new tag]             0.0.19                 -> 0.0.19
end-workflow	Checkout repository	2026-02-28T10:37:01.2153066Z  * [new tag]             0.0.2                  -> 0.0.2
end-workflow	Checkout repository	2026-02-28T10:37:01.2153468Z  * [new tag]             0.0.20                 -> 0.0.20
end-workflow	Checkout repository	2026-02-28T10:37:01.2153878Z  * [new tag]             0.0.21                 -> 0.0.21
end-workflow	Checkout repository	2026-02-28T10:37:01.2154271Z  * [new tag]             0.0.22                 -> 0.0.22
end-workflow	Checkout repository	2026-02-28T10:37:01.2154894Z  * [new tag]             0.0.23                 -> 0.0.23
end-workflow	Checkout repository	2026-02-28T10:37:01.2155536Z  * [new tag]             0.0.24                 -> 0.0.24
end-workflow	Checkout repository	2026-02-28T10:37:01.2156063Z  * [new tag]             0.0.25                 -> 0.0.25
end-workflow	Checkout repository	2026-02-28T10:37:01.2156451Z  * [new tag]             0.0.26                 -> 0.0.26
end-workflow	Checkout repository	2026-02-28T10:37:01.2156844Z  * [new tag]             0.0.27                 -> 0.0.27
end-workflow	Checkout repository	2026-02-28T10:37:01.2157236Z  * [new tag]             0.0.28                 -> 0.0.28
end-workflow	Checkout repository	2026-02-28T10:37:01.2157632Z  * [new tag]             0.0.29                 -> 0.0.29
end-workflow	Checkout repository	2026-02-28T10:37:01.2158026Z  * [new tag]             0.0.3                  -> 0.0.3
end-workflow	Checkout repository	2026-02-28T10:37:01.2158422Z  * [new tag]             0.0.30                 -> 0.0.30
end-workflow	Checkout repository	2026-02-28T10:37:01.2158813Z  * [new tag]             0.0.31                 -> 0.0.31
end-workflow	Checkout repository	2026-02-28T10:37:01.2159446Z  * [new tag]             0.0.32                 -> 0.0.32
end-workflow	Checkout repository	2026-02-28T10:37:01.2159846Z  * [new tag]             0.0.33                 -> 0.0.33
end-workflow	Checkout repository	2026-02-28T10:37:01.2160239Z  * [new tag]             0.0.34                 -> 0.0.34
end-workflow	Checkout repository	2026-02-28T10:37:01.2160633Z  * [new tag]             0.0.35                 -> 0.0.35
end-workflow	Checkout repository	2026-02-28T10:37:01.2161023Z  * [new tag]             0.0.36                 -> 0.0.36
end-workflow	Checkout repository	2026-02-28T10:37:01.2161414Z  * [new tag]             0.0.37                 -> 0.0.37
end-workflow	Checkout repository	2026-02-28T10:37:01.2161809Z  * [new tag]             0.0.38                 -> 0.0.38
end-workflow	Checkout repository	2026-02-28T10:37:01.2162203Z  * [new tag]             0.0.39                 -> 0.0.39
end-workflow	Checkout repository	2026-02-28T10:37:01.2162590Z  * [new tag]             0.0.4                  -> 0.0.4
end-workflow	Checkout repository	2026-02-28T10:37:01.2162984Z  * [new tag]             0.0.40                 -> 0.0.40
end-workflow	Checkout repository	2026-02-28T10:37:01.2163374Z  * [new tag]             0.0.41                 -> 0.0.41
end-workflow	Checkout repository	2026-02-28T10:37:01.2163764Z  * [new tag]             0.0.42                 -> 0.0.42
end-workflow	Checkout repository	2026-02-28T10:37:01.2164358Z  * [new tag]             0.0.43                 -> 0.0.43
end-workflow	Checkout repository	2026-02-28T10:37:01.2165072Z  * [new tag]             0.0.44                 -> 0.0.44
end-workflow	Checkout repository	2026-02-28T10:37:01.2165492Z  * [new tag]             0.0.45                 -> 0.0.45
end-workflow	Checkout repository	2026-02-28T10:37:01.2166009Z  * [new tag]             0.0.46                 -> 0.0.46
end-workflow	Checkout repository	2026-02-28T10:37:01.2166404Z  * [new tag]             0.0.47                 -> 0.0.47
end-workflow	Checkout repository	2026-02-28T10:37:01.2166798Z  * [new tag]             0.0.48                 -> 0.0.48
end-workflow	Checkout repository	2026-02-28T10:37:01.2167193Z  * [new tag]             0.0.49                 -> 0.0.49
end-workflow	Checkout repository	2026-02-28T10:37:01.2167583Z  * [new tag]             0.0.5                  -> 0.0.5
end-workflow	Checkout repository	2026-02-28T10:37:01.2167974Z  * [new tag]             0.0.50                 -> 0.0.50
end-workflow	Checkout repository	2026-02-28T10:37:01.2168370Z  * [new tag]             0.0.51                 -> 0.0.51
end-workflow	Checkout repository	2026-02-28T10:37:01.2168761Z  * [new tag]             0.0.52                 -> 0.0.52
end-workflow	Checkout repository	2026-02-28T10:37:01.2169174Z  * [new tag]             0.0.53                 -> 0.0.53
end-workflow	Checkout repository	2026-02-28T10:37:01.2169567Z  * [new tag]             0.0.54                 -> 0.0.54
end-workflow	Checkout repository	2026-02-28T10:37:01.2169962Z  * [new tag]             0.0.55                 -> 0.0.55
end-workflow	Checkout repository	2026-02-28T10:37:01.2170349Z  * [new tag]             0.0.56                 -> 0.0.56
end-workflow	Checkout repository	2026-02-28T10:37:01.2170744Z  * [new tag]             0.0.57                 -> 0.0.57
end-workflow	Checkout repository	2026-02-28T10:37:01.2171142Z  * [new tag]             0.0.58                 -> 0.0.58
end-workflow	Checkout repository	2026-02-28T10:37:01.2171526Z  * [new tag]             0.0.59                 -> 0.0.59
end-workflow	Checkout repository	2026-02-28T10:37:01.2171915Z  * [new tag]             0.0.6                  -> 0.0.6
end-workflow	Checkout repository	2026-02-28T10:37:01.2172299Z  * [new tag]             0.0.60                 -> 0.0.60
end-workflow	Checkout repository	2026-02-28T10:37:01.2172688Z  * [new tag]             0.0.61                 -> 0.0.61
end-workflow	Checkout repository	2026-02-28T10:37:01.2173072Z  * [new tag]             0.0.62                 -> 0.0.62
end-workflow	Checkout repository	2026-02-28T10:37:01.2173455Z  * [new tag]             0.0.63                 -> 0.0.63
end-workflow	Checkout repository	2026-02-28T10:37:01.2173858Z  * [new tag]             0.0.64                 -> 0.0.64
end-workflow	Checkout repository	2026-02-28T10:37:01.2174245Z  * [new tag]             0.0.65                 -> 0.0.65
end-workflow	Checkout repository	2026-02-28T10:37:01.2174849Z  * [new tag]             0.0.66                 -> 0.0.66
end-workflow	Checkout repository	2026-02-28T10:37:01.2175336Z  * [new tag]             0.0.67                 -> 0.0.67
end-workflow	Checkout repository	2026-02-28T10:37:01.2175861Z  * [new tag]             0.0.68                 -> 0.0.68
end-workflow	Checkout repository	2026-02-28T10:37:01.2176245Z  * [new tag]             0.0.69                 -> 0.0.69
end-workflow	Checkout repository	2026-02-28T10:37:01.2176634Z  * [new tag]             0.0.7                  -> 0.0.7
end-workflow	Checkout repository	2026-02-28T10:37:01.2177020Z  * [new tag]             0.0.70                 -> 0.0.70
end-workflow	Checkout repository	2026-02-28T10:37:01.2177405Z  * [new tag]             0.0.71                 -> 0.0.71
end-workflow	Checkout repository	2026-02-28T10:37:01.2177791Z  * [new tag]             0.0.72                 -> 0.0.72
end-workflow	Checkout repository	2026-02-28T10:37:01.2178178Z  * [new tag]             0.0.73                 -> 0.0.73
end-workflow	Checkout repository	2026-02-28T10:37:01.2178561Z  * [new tag]             0.0.74                 -> 0.0.74
end-workflow	Checkout repository	2026-02-28T10:37:01.2179182Z  * [new tag]             0.0.75                 -> 0.0.75
end-workflow	Checkout repository	2026-02-28T10:37:01.2179565Z  * [new tag]             0.0.76                 -> 0.0.76
end-workflow	Checkout repository	2026-02-28T10:37:01.2179954Z  * [new tag]             0.0.77                 -> 0.0.77
end-workflow	Checkout repository	2026-02-28T10:37:01.2180341Z  * [new tag]             0.0.78                 -> 0.0.78
end-workflow	Checkout repository	2026-02-28T10:37:01.2180999Z  * [new tag]             0.0.79                 -> 0.0.79
end-workflow	Checkout repository	2026-02-28T10:37:01.2181410Z  * [new tag]             0.0.8                  -> 0.0.8
end-workflow	Checkout repository	2026-02-28T10:37:01.2181805Z  * [new tag]             0.0.80                 -> 0.0.80
end-workflow	Checkout repository	2026-02-28T10:37:01.2182318Z  * [new tag]             0.0.81                 -> 0.0.81
end-workflow	Checkout repository	2026-02-28T10:37:01.2182703Z  * [new tag]             0.0.82                 -> 0.0.82
end-workflow	Checkout repository	2026-02-28T10:37:01.2183093Z  * [new tag]             0.0.83                 -> 0.0.83
end-workflow	Checkout repository	2026-02-28T10:37:01.2183480Z  * [new tag]             0.0.84                 -> 0.0.84
end-workflow	Checkout repository	2026-02-28T10:37:01.2183864Z  * [new tag]             0.0.85                 -> 0.0.85
end-workflow	Checkout repository	2026-02-28T10:37:01.2184484Z  * [new tag]             0.0.86                 -> 0.0.86
end-workflow	Checkout repository	2026-02-28T10:37:01.2185209Z  * [new tag]             0.0.87                 -> 0.0.87
end-workflow	Checkout repository	2026-02-28T10:37:01.2185620Z  * [new tag]             0.0.88                 -> 0.0.88
end-workflow	Checkout repository	2026-02-28T10:37:01.2186130Z  * [new tag]             0.0.89                 -> 0.0.89
end-workflow	Checkout repository	2026-02-28T10:37:01.2186517Z  * [new tag]             0.0.9                  -> 0.0.9
end-workflow	Checkout repository	2026-02-28T10:37:01.2186902Z  * [new tag]             0.0.90                 -> 0.0.90
end-workflow	Checkout repository	2026-02-28T10:37:01.2187288Z  * [new tag]             0.0.91                 -> 0.0.91
end-workflow	Checkout repository	2026-02-28T10:37:01.2187670Z  * [new tag]             0.0.92                 -> 0.0.92
end-workflow	Checkout repository	2026-02-28T10:37:01.2188058Z  * [new tag]             0.0.93                 -> 0.0.93
end-workflow	Checkout repository	2026-02-28T10:37:01.2188449Z  * [new tag]             0.0.94                 -> 0.0.94
end-workflow	Checkout repository	2026-02-28T10:37:01.2188827Z  * [new tag]             0.0.95                 -> 0.0.95
end-workflow	Checkout repository	2026-02-28T10:37:01.2189224Z  * [new tag]             0.0.96                 -> 0.0.96
end-workflow	Checkout repository	2026-02-28T10:37:01.2189618Z  * [new tag]             0.0.97                 -> 0.0.97
end-workflow	Checkout repository	2026-02-28T10:37:01.2190012Z  * [new tag]             0.0.98                 -> 0.0.98
end-workflow	Checkout repository	2026-02-28T10:37:01.2190643Z  * [new tag]             0.0.99                 -> 0.0.99
end-workflow	Checkout repository	2026-02-28T10:37:01.2191045Z  * [new tag]             0.1.0                  -> 0.1.0
end-workflow	Checkout repository	2026-02-28T10:37:01.2191444Z  * [new tag]             0.1.1                  -> 0.1.1
end-workflow	Checkout repository	2026-02-28T10:37:01.2191987Z  * [new tag]             0.2.0                  -> 0.2.0
end-workflow	Checkout repository	2026-02-28T10:37:01.2192647Z  * [new tag]             0.3.0                  -> 0.3.0
end-workflow	Checkout repository	2026-02-28T10:37:01.2193173Z  * [new tag]             0.3.1                  -> 0.3.1
end-workflow	Checkout repository	2026-02-28T10:37:01.2193589Z  * [new tag]             0.3.10                 -> 0.3.10
end-workflow	Checkout repository	2026-02-28T10:37:01.2193990Z  * [new tag]             0.3.11                 -> 0.3.11
end-workflow	Checkout repository	2026-02-28T10:37:01.2194387Z  * [new tag]             0.3.12                 -> 0.3.12
end-workflow	Checkout repository	2026-02-28T10:37:01.2195031Z  * [new tag]             0.3.13                 -> 0.3.13
end-workflow	Checkout repository	2026-02-28T10:37:01.2195567Z  * [new tag]             0.3.14                 -> 0.3.14
end-workflow	Checkout repository	2026-02-28T10:37:01.2195952Z  * [new tag]             0.3.15                 -> 0.3.15
end-workflow	Checkout repository	2026-02-28T10:37:01.2196339Z  * [new tag]             0.3.16                 -> 0.3.16
end-workflow	Checkout repository	2026-02-28T10:37:01.2196718Z  * [new tag]             0.3.17                 -> 0.3.17
end-workflow	Checkout repository	2026-02-28T10:37:01.2197108Z  * [new tag]             0.3.2                  -> 0.3.2
end-workflow	Checkout repository	2026-02-28T10:37:01.2197499Z  * [new tag]             0.3.3                  -> 0.3.3
end-workflow	Checkout repository	2026-02-28T10:37:01.2197874Z  * [new tag]             0.3.4                  -> 0.3.4
end-workflow	Checkout repository	2026-02-28T10:37:01.2198258Z  * [new tag]             0.3.5                  -> 0.3.5
end-workflow	Checkout repository	2026-02-28T10:37:01.2198641Z  * [new tag]             0.3.6                  -> 0.3.6
end-workflow	Checkout repository	2026-02-28T10:37:01.2199022Z  * [new tag]             0.3.7                  -> 0.3.7
end-workflow	Checkout repository	2026-02-28T10:37:01.2199401Z  * [new tag]             0.3.8                  -> 0.3.8
end-workflow	Checkout repository	2026-02-28T10:37:01.2200008Z  * [new tag]             0.3.9                  -> 0.3.9
end-workflow	Checkout repository	2026-02-28T10:37:01.2200392Z  * [new tag]             0.4.0                  -> 0.4.0
end-workflow	Checkout repository	2026-02-28T10:37:01.2200776Z  * [new tag]             0.4.1                  -> 0.4.1
end-workflow	Checkout repository	2026-02-28T10:37:01.2201158Z  * [new tag]             0.4.2                  -> 0.4.2
end-workflow	Checkout repository	2026-02-28T10:37:01.2201542Z  * [new tag]             0.4.3                  -> 0.4.3
end-workflow	Checkout repository	2026-02-28T10:37:01.2201923Z  * [new tag]             0.4.4                  -> 0.4.4
end-workflow	Checkout repository	2026-02-28T10:37:01.2202302Z  * [new tag]             0.4.5                  -> 0.4.5
end-workflow	Checkout repository	2026-02-28T10:37:01.2202684Z  * [new tag]             0.4.6                  -> 0.4.6
end-workflow	Checkout repository	2026-02-28T10:37:01.2203071Z  * [new tag]             0.4.7                  -> 0.4.7
end-workflow	Checkout repository	2026-02-28T10:37:01.2203453Z  * [new tag]             0.4.8                  -> 0.4.8
end-workflow	Checkout repository	2026-02-28T10:37:01.2203830Z  * [new tag]             0.4.9                  -> 0.4.9
end-workflow	Checkout repository	2026-02-28T10:37:01.2204211Z  * [new tag]             0.5.0                  -> 0.5.0
end-workflow	Checkout repository	2026-02-28T10:37:01.2205266Z  * [new tag]             0.5.1                  -> 0.5.1
end-workflow	Checkout repository	2026-02-28T10:37:01.2205779Z  * [new tag]             0.5.2                  -> 0.5.2
end-workflow	Checkout repository	2026-02-28T10:37:01.2206158Z  * [new tag]             0.6.0                  -> 0.6.0
end-workflow	Checkout repository	2026-02-28T10:37:01.2206541Z  * [new tag]             0.6.1                  -> 0.6.1
end-workflow	Checkout repository	2026-02-28T10:37:01.2206917Z  * [new tag]             0.6.2                  -> 0.6.2
end-workflow	Checkout repository	2026-02-28T10:37:01.2207291Z  * [new tag]             0.6.3                  -> 0.6.3
end-workflow	Checkout repository	2026-02-28T10:37:01.2207670Z  * [new tag]             0.6.4                  -> 0.6.4
end-workflow	Checkout repository	2026-02-28T10:37:01.2208052Z  * [new tag]             0.6.5                  -> 0.6.5
end-workflow	Checkout repository	2026-02-28T10:37:01.2208432Z  * [new tag]             0.6.6                  -> 0.6.6
end-workflow	Checkout repository	2026-02-28T10:37:01.2428971Z [command]/usr/bin/git branch --list --remote origin/main
end-workflow	Checkout repository	2026-02-28T10:37:01.2508073Z   origin/main
end-workflow	Checkout repository	2026-02-28T10:37:01.2517854Z [command]/usr/bin/git rev-parse refs/remotes/origin/main
end-workflow	Checkout repository	2026-02-28T10:37:01.2561906Z bf6414d92a9359ad5a1f77db63f892d0ebd16a74
end-workflow	Checkout repository	2026-02-28T10:37:01.2580966Z [command]/usr/bin/git -c protocol.version=2 fetch --no-tags --prune --no-recurse-submodules origin +8db2ec3ba72992d08e898c1db7ea788806c01e31:refs/remotes/origin/main
end-workflow	Checkout repository	2026-02-28T10:37:01.2769719Z From https://github.com/Ka0s-Klaus/ka0s
end-workflow	Checkout repository	2026-02-28T10:37:01.2771611Z  + bf6414d92...8db2ec3ba 8db2ec3ba72992d08e898c1db7ea788806c01e31 -> origin/main  (forced update)
end-workflow	Checkout repository	2026-02-28T10:37:01.2808120Z ##[endgroup]
end-workflow	Checkout repository	2026-02-28T10:37:01.2808752Z ##[group]Determining the checkout info
end-workflow	Checkout repository	2026-02-28T10:37:01.2809402Z ##[endgroup]
end-workflow	Checkout repository	2026-02-28T10:37:01.2813483Z [command]/usr/bin/git sparse-checkout disable
end-workflow	Checkout repository	2026-02-28T10:37:01.2865198Z [command]/usr/bin/git config --local --unset-all extensions.worktreeConfig
end-workflow	Checkout repository	2026-02-28T10:37:01.2904803Z ##[group]Checking out the ref
end-workflow	Checkout repository	2026-02-28T10:37:01.2915568Z [command]/usr/bin/git checkout --progress --force -B main refs/remotes/origin/main
end-workflow	Checkout repository	2026-02-28T10:37:01.5460186Z Switched to a new branch 'main'
end-workflow	Checkout repository	2026-02-28T10:37:01.5463468Z branch 'main' set up to track 'origin/main'.
end-workflow	Checkout repository	2026-02-28T10:37:01.5510355Z ##[endgroup]
end-workflow	Checkout repository	2026-02-28T10:37:01.5567954Z [command]/usr/bin/git log -1 --format=%H
end-workflow	Checkout repository	2026-02-28T10:37:01.5605844Z 8db2ec3ba72992d08e898c1db7ea788806c01e31
end-workflow	Install GH CLI	Ôªø2026-02-28T10:37:01.5883277Z Prepare all required actions
end-workflow	Install GH CLI	2026-02-28T10:37:01.5939443Z ##[group]Run ./.github/actions/install-gh-cli
end-workflow	Install GH CLI	2026-02-28T10:37:01.5939757Z env:
end-workflow	Install GH CLI	2026-02-28T10:37:01.5939946Z   PYTHON_VERSION: 3.9
end-workflow	Install GH CLI	2026-02-28T10:37:01.5940838Z   MONGO_SUPERUSER_CONNECTION: ***
end-workflow	Install GH CLI	2026-02-28T10:37:01.5941221Z   MONGO_NEW_PASS: ***
end-workflow	Install GH CLI	2026-02-28T10:37:01.5941549Z   MONGO_SCRIPT_CREATE: devops/core/mongo/scripts/mongodb_status_report.py
end-workflow	Install GH CLI	2026-02-28T10:37:01.5941937Z   KAOS_CODE: 22519053253
end-workflow	Install GH CLI	2026-02-28T10:37:01.5942159Z   REPORT_SCAN: audit/
end-workflow	Install GH CLI	2026-02-28T10:37:01.5942378Z   REPORT_PATH: audit/mongodb/
end-workflow	Install GH CLI	2026-02-28T10:37:01.5942619Z   REPORT_FILENAME: 22519053253.json
end-workflow	Install GH CLI	2026-02-28T10:37:01.5942891Z   KAOS_MODULE: [Ka0s] Status MongDB Report
end-workflow	Install GH CLI	2026-02-28T10:37:01.5943159Z ##[endgroup]
end-workflow	Install GH CLI	2026-02-28T10:37:01.6053439Z ##[group]Run type -p curl >/dev/null || (sudo apt-get update && sudo apt-get install curl -y)
end-workflow	Install GH CLI	2026-02-28T10:37:01.6054135Z [36;1mtype -p curl >/dev/null || (sudo apt-get update && sudo apt-get install curl -y)[0m
end-workflow	Install GH CLI	2026-02-28T10:37:01.6055743Z [36;1mcurl -fsSL https://cli.github.com/packages/githubcli-archive-keyring.gpg | sudo dd of=/usr/share/keyrings/githubcli-archive-keyring.gpg \[0m
end-workflow	Install GH CLI	2026-02-28T10:37:01.6056627Z [36;1m&& sudo chmod go+r /usr/share/keyrings/githubcli-archive-keyring.gpg \[0m
end-workflow	Install GH CLI	2026-02-28T10:37:01.6057719Z [36;1m&& echo "deb [arch=$(dpkg --print-architecture) signed-by=/usr/share/keyrings/githubcli-archive-keyring.gpg] https://cli.github.com/packages stable main" | sudo tee /etc/apt/sources.list.d/github-cli.list > /dev/null \[0m
end-workflow	Install GH CLI	2026-02-28T10:37:01.6058714Z [36;1m&& sudo apt-get update \[0m
end-workflow	Install GH CLI	2026-02-28T10:37:01.6058995Z [36;1m&& sudo apt-get install gh -y[0m
end-workflow	Install GH CLI	2026-02-28T10:37:01.6075806Z shell: /usr/bin/bash --noprofile --norc -e -o pipefail {0}
end-workflow	Install GH CLI	2026-02-28T10:37:01.6076446Z env:
end-workflow	Install GH CLI	2026-02-28T10:37:01.6076636Z   PYTHON_VERSION: 3.9
end-workflow	Install GH CLI	2026-02-28T10:37:01.6077478Z   MONGO_SUPERUSER_CONNECTION: ***
end-workflow	Install GH CLI	2026-02-28T10:37:01.6077866Z   MONGO_NEW_PASS: ***
end-workflow	Install GH CLI	2026-02-28T10:37:01.6091592Z   MONGO_SCRIPT_CREATE: devops/core/mongo/scripts/mongodb_status_report.py
end-workflow	Install GH CLI	2026-02-28T10:37:01.6092092Z   KAOS_CODE: 22519053253
end-workflow	Install GH CLI	2026-02-28T10:37:01.6092322Z   REPORT_SCAN: audit/
end-workflow	Install GH CLI	2026-02-28T10:37:01.6092545Z   REPORT_PATH: audit/mongodb/
end-workflow	Install GH CLI	2026-02-28T10:37:01.6092796Z   REPORT_FILENAME: 22519053253.json
end-workflow	Install GH CLI	2026-02-28T10:37:01.6093066Z   KAOS_MODULE: [Ka0s] Status MongDB Report
end-workflow	Install GH CLI	2026-02-28T10:37:01.6093337Z ##[endgroup]
end-workflow	Install GH CLI	2026-02-28T10:37:01.6953226Z 4+1 records in
end-workflow	Install GH CLI	2026-02-28T10:37:01.6953504Z 4+1 records out
end-workflow	Install GH CLI	2026-02-28T10:37:01.6953789Z 2270 bytes (2.3 kB, 2.2 KiB) copied, 0.0619743 s, 36.6 kB/s
end-workflow	Install GH CLI	2026-02-28T10:37:01.8883352Z Get:1 https://cli.github.com/packages stable InRelease [3917 B]
end-workflow	Install GH CLI	2026-02-28T10:37:01.9135903Z Get:2 http://security.ubuntu.com/ubuntu noble-security InRelease [126 kB]
end-workflow	Install GH CLI	2026-02-28T10:37:01.9148189Z Get:3 http://archive.ubuntu.com/ubuntu noble InRelease [256 kB]
end-workflow	Install GH CLI	2026-02-28T10:37:01.9795613Z Get:4 https://cli.github.com/packages stable/main amd64 Packages [357 B]
end-workflow	Install GH CLI	2026-02-28T10:37:02.2195691Z Get:5 http://archive.ubuntu.com/ubuntu noble-updates InRelease [126 kB]
end-workflow	Install GH CLI	2026-02-28T10:37:02.2471666Z Get:6 http://security.ubuntu.com/ubuntu noble-security/restricted amd64 Packages [3262 kB]
end-workflow	Install GH CLI	2026-02-28T10:37:02.2808743Z Get:7 https://ppa.launchpadcontent.net/git-core/ppa/ubuntu noble InRelease [24.3 kB]
end-workflow	Install GH CLI	2026-02-28T10:37:02.2931556Z Get:8 http://archive.ubuntu.com/ubuntu noble-backports InRelease [126 kB]
end-workflow	Install GH CLI	2026-02-28T10:37:02.3675298Z Get:9 http://archive.ubuntu.com/ubuntu noble/main amd64 Packages [1808 kB]
end-workflow	Install GH CLI	2026-02-28T10:37:02.4481212Z Get:10 https://ppa.launchpadcontent.net/git-core/ppa/ubuntu noble/main amd64 Packages [2992 B]
end-workflow	Install GH CLI	2026-02-28T10:37:02.5418925Z Get:11 http://archive.ubuntu.com/ubuntu noble/universe amd64 Packages [19.3 MB]
end-workflow	Install GH CLI	2026-02-28T10:37:02.5816033Z Get:12 http://security.ubuntu.com/ubuntu noble-security/universe amd64 Packages [1242 kB]
end-workflow	Install GH CLI	2026-02-28T10:37:02.6178517Z Get:13 http://security.ubuntu.com/ubuntu noble-security/multiverse amd64 Packages [34.8 kB]
end-workflow	Install GH CLI	2026-02-28T10:37:02.6184764Z Get:14 http://security.ubuntu.com/ubuntu noble-security/main amd64 Packages [1883 kB]
end-workflow	Install GH CLI	2026-02-28T10:37:02.8487394Z Get:15 http://archive.ubuntu.com/ubuntu noble/restricted amd64 Packages [117 kB]
end-workflow	Install GH CLI	2026-02-28T10:37:02.8496841Z Get:16 http://archive.ubuntu.com/ubuntu noble/multiverse amd64 Packages [331 kB]
end-workflow	Install GH CLI	2026-02-28T10:37:02.8578011Z Get:17 http://archive.ubuntu.com/ubuntu noble-updates/restricted amd64 Packages [3471 kB]
end-workflow	Install GH CLI	2026-02-28T10:37:02.8922407Z Get:18 http://archive.ubuntu.com/ubuntu noble-updates/main amd64 Packages [2275 kB]
end-workflow	Install GH CLI	2026-02-28T10:37:02.9278628Z Get:19 http://archive.ubuntu.com/ubuntu noble-updates/multiverse amd64 Packages [38.1 kB]
end-workflow	Install GH CLI	2026-02-28T10:37:02.9293604Z Get:20 http://archive.ubuntu.com/ubuntu noble-updates/universe amd64 Packages [2017 kB]
end-workflow	Install GH CLI	2026-02-28T10:37:02.9690954Z Get:21 http://archive.ubuntu.com/ubuntu noble-backports/universe amd64 Packages [34.6 kB]
end-workflow	Install GH CLI	2026-02-28T10:37:02.9695412Z Get:22 http://archive.ubuntu.com/ubuntu noble-backports/main amd64 Packages [49.5 kB]
end-workflow	Install GH CLI	2026-02-28T10:37:04.0866349Z Fetched 36.5 MB in 2s (15.9 MB/s)
end-workflow	Install GH CLI	2026-02-28T10:37:05.0227714Z Reading package lists...
end-workflow	Install GH CLI	2026-02-28T10:37:06.0582335Z Reading package lists...
end-workflow	Install GH CLI	2026-02-28T10:37:06.2879849Z Building dependency tree...
end-workflow	Install GH CLI	2026-02-28T10:37:06.2880442Z Reading state information...
end-workflow	Install GH CLI	2026-02-28T10:37:06.7581139Z The following NEW packages will be installed:
end-workflow	Install GH CLI	2026-02-28T10:37:06.7603906Z   gh
end-workflow	Install GH CLI	2026-02-28T10:37:06.8369112Z 0 upgraded, 1 newly installed, 0 to remove and 0 not upgraded.
end-workflow	Install GH CLI	2026-02-28T10:37:06.8369716Z Need to get 13.8 MB of archives.
end-workflow	Install GH CLI	2026-02-28T10:37:06.8370120Z After this operation, 38.5 MB of additional disk space will be used.
end-workflow	Install GH CLI	2026-02-28T10:37:06.8370691Z Get:1 https://cli.github.com/packages stable/main amd64 gh amd64 2.87.3 [13.8 MB]
end-workflow	Install GH CLI	2026-02-28T10:37:07.6157814Z debconf: delaying package configuration, since apt-utils is not installed
end-workflow	Install GH CLI	2026-02-28T10:37:07.6606694Z Fetched 13.8 MB in 0s (32.7 MB/s)
end-workflow	Install GH CLI	2026-02-28T10:37:07.6901063Z Selecting previously unselected package gh.
end-workflow	Install GH CLI	2026-02-28T10:37:07.6941048Z (Reading database ... 
end-workflow	Install GH CLI	2026-02-28T10:37:07.6941377Z (Reading database ... 5%
end-workflow	Install GH CLI	2026-02-28T10:37:07.6941641Z (Reading database ... 10%
end-workflow	Install GH CLI	2026-02-28T10:37:07.6941880Z (Reading database ... 15%
end-workflow	Install GH CLI	2026-02-28T10:37:07.6942116Z (Reading database ... 20%
end-workflow	Install GH CLI	2026-02-28T10:37:07.6942338Z (Reading database ... 25%
end-workflow	Install GH CLI	2026-02-28T10:37:07.6942569Z (Reading database ... 30%
end-workflow	Install GH CLI	2026-02-28T10:37:07.6942792Z (Reading database ... 35%
end-workflow	Install GH CLI	2026-02-28T10:37:07.6943016Z (Reading database ... 40%
end-workflow	Install GH CLI	2026-02-28T10:37:07.6943241Z (Reading database ... 45%
end-workflow	Install GH CLI	2026-02-28T10:37:07.6943467Z (Reading database ... 50%
end-workflow	Install GH CLI	2026-02-28T10:37:07.6943699Z (Reading database ... 55%
end-workflow	Install GH CLI	2026-02-28T10:37:07.6943938Z (Reading database ... 60%
end-workflow	Install GH CLI	2026-02-28T10:37:07.6952823Z (Reading database ... 65%
end-workflow	Install GH CLI	2026-02-28T10:37:07.6969833Z (Reading database ... 70%
end-workflow	Install GH CLI	2026-02-28T10:37:07.6976465Z (Reading database ... 75%
end-workflow	Install GH CLI	2026-02-28T10:37:07.6992209Z (Reading database ... 80%
end-workflow	Install GH CLI	2026-02-28T10:37:07.6998137Z (Reading database ... 85%
end-workflow	Install GH CLI	2026-02-28T10:37:07.7009547Z (Reading database ... 90%
end-workflow	Install GH CLI	2026-02-28T10:37:07.7029256Z (Reading database ... 95%
end-workflow	Install GH CLI	2026-02-28T10:37:07.7029834Z (Reading database ... 100%
end-workflow	Install GH CLI	2026-02-28T10:37:07.7030271Z (Reading database ... 14387 files and directories currently installed.)
end-workflow	Install GH CLI	2026-02-28T10:37:07.7037465Z Preparing to unpack .../archives/gh_2.87.3_amd64.deb ...
end-workflow	Install GH CLI	2026-02-28T10:37:07.7066829Z Unpacking gh (2.87.3) ...
end-workflow	Install GH CLI	2026-02-28T10:37:07.9837528Z Setting up gh (2.87.3) ...
end-workflow	Trigger Inspector	Ôªø2026-02-28T10:37:08.0597665Z ##[group]Run gh workflow run inspector.yml \
end-workflow	Trigger Inspector	2026-02-28T10:37:08.0598367Z [36;1mgh workflow run inspector.yml \[0m
end-workflow	Trigger Inspector	2026-02-28T10:37:08.0598999Z [36;1m  -f workflow_name="Ka0s Status MongDB Report" \[0m
end-workflow	Trigger Inspector	2026-02-28T10:37:08.0599597Z [36;1m  -f run_id="22519053253" \[0m
end-workflow	Trigger Inspector	2026-02-28T10:37:08.0600061Z [36;1m  -f status="success"[0m
end-workflow	Trigger Inspector	2026-02-28T10:37:08.0620216Z shell: /usr/bin/bash -e {0}
end-workflow	Trigger Inspector	2026-02-28T10:37:08.0620667Z env:
end-workflow	Trigger Inspector	2026-02-28T10:37:08.0621004Z   PYTHON_VERSION: 3.9
end-workflow	Trigger Inspector	2026-02-28T10:37:08.0622385Z   MONGO_SUPERUSER_CONNECTION: ***
end-workflow	Trigger Inspector	2026-02-28T10:37:08.0623066Z   MONGO_NEW_PASS: ***
end-workflow	Trigger Inspector	2026-02-28T10:37:08.0623661Z   MONGO_SCRIPT_CREATE: devops/core/mongo/scripts/mongodb_status_report.py
end-workflow	Trigger Inspector	2026-02-28T10:37:08.0624362Z   KAOS_CODE: 22519053253
end-workflow	Trigger Inspector	2026-02-28T10:37:08.0625115Z   REPORT_SCAN: audit/
end-workflow	Trigger Inspector	2026-02-28T10:37:08.0625501Z   REPORT_PATH: audit/mongodb/
end-workflow	Trigger Inspector	2026-02-28T10:37:08.0625939Z   REPORT_FILENAME: 22519053253.json
end-workflow	Trigger Inspector	2026-02-28T10:37:08.0626426Z   KAOS_MODULE: [Ka0s] Status MongDB Report
end-workflow	Trigger Inspector	2026-02-28T10:37:08.0627130Z   GH_TOKEN: ***
end-workflow	Trigger Inspector	2026-02-28T10:37:08.0627469Z ##[endgroup]
end-workflow	Trigger Inspector	2026-02-28T10:37:10.1729382Z https://github.com/Ka0s-Klaus/ka0s/actions/runs/22519088513
end-workflow	Post Checkout repository	Ôªø2026-02-28T10:37:10.2069520Z Post job cleanup.
end-workflow	Post Checkout repository	2026-02-28T10:37:10.3132203Z [command]/usr/bin/git version
end-workflow	Post Checkout repository	2026-02-28T10:37:10.3177792Z git version 2.53.0
end-workflow	Post Checkout repository	2026-02-28T10:37:10.3228471Z Temporarily overriding HOME='/home/runner/_work/_temp/54d34bf6-890b-4f14-834b-a6ffa21a1219' before making global git config changes
end-workflow	Post Checkout repository	2026-02-28T10:37:10.3230146Z Adding repository directory to the temporary git global config as a safe directory
end-workflow	Post Checkout repository	2026-02-28T10:37:10.3235267Z [command]/usr/bin/git config --global --add safe.directory /home/runner/_work/ka0s/ka0s
end-workflow	Post Checkout repository	2026-02-28T10:37:10.3293402Z [command]/usr/bin/git config --local --name-only --get-regexp core\.sshCommand
end-workflow	Post Checkout repository	2026-02-28T10:37:10.3339659Z [command]/usr/bin/git submodule foreach --recursive sh -c "git config --local --name-only --get-regexp 'core\.sshCommand' && git config --local --unset-all 'core.sshCommand' || :"
end-workflow	Post Checkout repository	2026-02-28T10:37:10.3684062Z [command]/usr/bin/git config --local --name-only --get-regexp http\.https\:\/\/github\.com\/\.extraheader
end-workflow	Post Checkout repository	2026-02-28T10:37:10.3714865Z http.https://github.com/.extraheader
end-workflow	Post Checkout repository	2026-02-28T10:37:10.3730066Z [command]/usr/bin/git config --local --unset-all http.https://github.com/.extraheader
end-workflow	Post Checkout repository	2026-02-28T10:37:10.3776182Z [command]/usr/bin/git submodule foreach --recursive sh -c "git config --local --name-only --get-regexp 'http\.https\:\/\/github\.com\/\.extraheader' && git config --local --unset-all 'http.https://github.com/.extraheader' || :"
end-workflow	Post Checkout repository	2026-02-28T10:37:10.4128924Z [command]/usr/bin/git config --local --name-only --get-regexp ^includeIf\.gitdir:
end-workflow	Post Checkout repository	2026-02-28T10:37:10.4176722Z [command]/usr/bin/git submodule foreach --recursive git config --local --show-origin --name-only --get-regexp remote.origin.url
end-workflow	Complete job	Ôªø2026-02-28T10:37:10.4688587Z Cleaning up orphan processes
