job-core	Set up job	Ôªø2026-02-28T16:17:02.6066384Z Current runner version: '2.332.0'
job-core	Set up job	2026-02-28T16:17:02.6085753Z Runner name: 'swarm-runners-scaleset-hkss5-runner-6cjvw'
job-core	Set up job	2026-02-28T16:17:02.6090250Z Runner group name: 'Default'
job-core	Set up job	2026-02-28T16:17:02.6093293Z Machine name: 'swarm-runners-scaleset-hkss5-runner-6cjvw'
job-core	Set up job	2026-02-28T16:17:02.6115805Z ##[group]GITHUB_TOKEN Permissions
job-core	Set up job	2026-02-28T16:17:02.6122865Z Actions: write
job-core	Set up job	2026-02-28T16:17:02.6125437Z Contents: write
job-core	Set up job	2026-02-28T16:17:02.6127110Z Issues: write
job-core	Set up job	2026-02-28T16:17:02.6129094Z Metadata: read
job-core	Set up job	2026-02-28T16:17:02.6244423Z PullRequests: write
job-core	Set up job	2026-02-28T16:17:02.6245602Z ##[endgroup]
job-core	Set up job	2026-02-28T16:17:02.6253712Z Secret source: Actions
job-core	Set up job	2026-02-28T16:17:02.6256439Z Prepare workflow directory
job-core	Set up job	2026-02-28T16:17:02.7969056Z Prepare all required actions
job-core	Set up job	2026-02-28T16:17:02.8053252Z Getting action download info
job-core	Set up job	2026-02-28T16:17:03.4092367Z Download action repository 'actions/checkout@v4' (SHA:34e114876b0b11c390a56381ad16ebd13914f8d5)
job-core	Set up job	2026-02-28T16:17:04.2902956Z Download action repository 'actions/setup-python@v4' (SHA:7f4fc3e22c37d6ff65e88745f38bd3157c663f7c)
job-core	Set up job	2026-02-28T16:17:05.3642834Z Download action repository 'actions/upload-artifact@v4' (SHA:ea165f8d65b6e75b540449e92b4886f43607fa02)
job-core	Set up job	2026-02-28T16:17:06.7116336Z Complete job name: job-core
job-core	Checkout code	Ôªø2026-02-28T16:17:06.8262094Z ##[group]Run actions/checkout@v4
job-core	Checkout code	2026-02-28T16:17:06.8263122Z with:
job-core	Checkout code	2026-02-28T16:17:06.8263478Z   fetch-depth: 0
job-core	Checkout code	2026-02-28T16:17:06.8263831Z   repository: Ka0s-Klaus/ka0s
job-core	Checkout code	2026-02-28T16:17:06.8264514Z   token: ***
job-core	Checkout code	2026-02-28T16:17:06.8264848Z   ssh-strict: true
job-core	Checkout code	2026-02-28T16:17:06.8265179Z   ssh-user: git
job-core	Checkout code	2026-02-28T16:17:06.8265522Z   persist-credentials: true
job-core	Checkout code	2026-02-28T16:17:06.8265900Z   clean: true
job-core	Checkout code	2026-02-28T16:17:06.8266254Z   sparse-checkout-cone-mode: true
job-core	Checkout code	2026-02-28T16:17:06.8266668Z   fetch-tags: false
job-core	Checkout code	2026-02-28T16:17:06.8267016Z   show-progress: true
job-core	Checkout code	2026-02-28T16:17:06.8267376Z   lfs: false
job-core	Checkout code	2026-02-28T16:17:06.8267764Z   submodules: false
job-core	Checkout code	2026-02-28T16:17:06.8268616Z   set-safe-directory: true
job-core	Checkout code	2026-02-28T16:17:06.8269682Z env:
job-core	Checkout code	2026-02-28T16:17:06.8270044Z   PYTHON_VERSION: 3.9
job-core	Checkout code	2026-02-28T16:17:06.8271130Z   MONGO_SUPERUSER_CONNECTION: ***
job-core	Checkout code	2026-02-28T16:17:06.8271715Z   MONGO_NEW_PASS: ***
job-core	Checkout code	2026-02-28T16:17:06.8272596Z   MONGO_SCRIPT_CREATE: devops/core/mongo/scripts/add-doc-to-db.py
job-core	Checkout code	2026-02-28T16:17:06.8274216Z   KAOS_CODE: 22524294862
job-core	Checkout code	2026-02-28T16:17:06.8275650Z   KAOS_MODULE: [Ka0s] Autom add docs to MongoDB
job-core	Checkout code	2026-02-28T16:17:06.8277447Z   REPORT_SCAN: audit/
job-core	Checkout code	2026-02-28T16:17:06.8279592Z   REPORT_PATH: audit/mongodb/
job-core	Checkout code	2026-02-28T16:17:06.8280693Z   REPORT_FILENAME: mongo_setup_22524294862.json
job-core	Checkout code	2026-02-28T16:17:06.8281952Z   REPORT_FILENAME_LIST: mongo_list_22524294862.json
job-core	Checkout code	2026-02-28T16:17:06.8282930Z   REPORT_FILENAME_DB: mongo_create_db_22524294862.json
job-core	Checkout code	2026-02-28T16:17:06.8283594Z   GITHUB_OUTPUT: 
job-core	Checkout code	2026-02-28T16:17:06.8283953Z ##[endgroup]
job-core	Checkout code	2026-02-28T16:17:07.0263529Z Syncing repository: Ka0s-Klaus/ka0s
job-core	Checkout code	2026-02-28T16:17:07.0266141Z ##[group]Getting Git version info
job-core	Checkout code	2026-02-28T16:17:07.0266737Z Working directory is '/home/runner/_work/ka0s/ka0s'
job-core	Checkout code	2026-02-28T16:17:07.0267630Z [command]/usr/bin/git version
job-core	Checkout code	2026-02-28T16:17:07.0274617Z git version 2.53.0
job-core	Checkout code	2026-02-28T16:17:07.0322173Z ##[endgroup]
job-core	Checkout code	2026-02-28T16:17:07.0351605Z Temporarily overriding HOME='/home/runner/_work/_temp/23e3439b-bb95-4c7a-926b-03ba9715bf10' before making global git config changes
job-core	Checkout code	2026-02-28T16:17:07.0364567Z Adding repository directory to the temporary git global config as a safe directory
job-core	Checkout code	2026-02-28T16:17:07.0366614Z [command]/usr/bin/git config --global --add safe.directory /home/runner/_work/ka0s/ka0s
job-core	Checkout code	2026-02-28T16:17:07.0438795Z Deleting the contents of '/home/runner/_work/ka0s/ka0s'
job-core	Checkout code	2026-02-28T16:17:07.0445902Z ##[group]Initializing the repository
job-core	Checkout code	2026-02-28T16:17:07.0456583Z [command]/usr/bin/git init /home/runner/_work/ka0s/ka0s
job-core	Checkout code	2026-02-28T16:17:07.0537993Z hint: Using 'master' as the name for the initial branch. This default branch name
job-core	Checkout code	2026-02-28T16:17:07.0540198Z hint: will change to "main" in Git 3.0. To configure the initial branch name
job-core	Checkout code	2026-02-28T16:17:07.0542891Z hint: to use in all of your new repositories, which will suppress this warning,
job-core	Checkout code	2026-02-28T16:17:07.0544554Z hint: call:
job-core	Checkout code	2026-02-28T16:17:07.0545634Z hint:
job-core	Checkout code	2026-02-28T16:17:07.0546982Z hint: 	git config --global init.defaultBranch <name>
job-core	Checkout code	2026-02-28T16:17:07.0548791Z hint:
job-core	Checkout code	2026-02-28T16:17:07.0550167Z hint: Names commonly chosen instead of 'master' are 'main', 'trunk' and
job-core	Checkout code	2026-02-28T16:17:07.0551973Z hint: 'development'. The just-created branch can be renamed via this command:
job-core	Checkout code	2026-02-28T16:17:07.0553304Z hint:
job-core	Checkout code	2026-02-28T16:17:07.0554513Z hint: 	git branch -m <name>
job-core	Checkout code	2026-02-28T16:17:07.0555726Z hint:
job-core	Checkout code	2026-02-28T16:17:07.0573220Z hint: Disable this message with "git config set advice.defaultBranchName false"
job-core	Checkout code	2026-02-28T16:17:07.0575437Z Initialized empty Git repository in /home/runner/_work/ka0s/ka0s/.git/
job-core	Checkout code	2026-02-28T16:17:07.0580408Z [command]/usr/bin/git remote add origin https://github.com/Ka0s-Klaus/ka0s
job-core	Checkout code	2026-02-28T16:17:07.0628281Z ##[endgroup]
job-core	Checkout code	2026-02-28T16:17:07.0629521Z ##[group]Disabling automatic garbage collection
job-core	Checkout code	2026-02-28T16:17:07.0636067Z [command]/usr/bin/git config --local gc.auto 0
job-core	Checkout code	2026-02-28T16:17:07.0695393Z ##[endgroup]
job-core	Checkout code	2026-02-28T16:17:07.0696684Z ##[group]Setting up auth
job-core	Checkout code	2026-02-28T16:17:07.0710023Z [command]/usr/bin/git config --local --name-only --get-regexp core\.sshCommand
job-core	Checkout code	2026-02-28T16:17:07.0776288Z [command]/usr/bin/git submodule foreach --recursive sh -c "git config --local --name-only --get-regexp 'core\.sshCommand' && git config --local --unset-all 'core.sshCommand' || :"
job-core	Checkout code	2026-02-28T16:17:07.1242664Z [command]/usr/bin/git config --local --name-only --get-regexp http\.https\:\/\/github\.com\/\.extraheader
job-core	Checkout code	2026-02-28T16:17:07.1306037Z [command]/usr/bin/git submodule foreach --recursive sh -c "git config --local --name-only --get-regexp 'http\.https\:\/\/github\.com\/\.extraheader' && git config --local --unset-all 'http.https://github.com/.extraheader' || :"
job-core	Checkout code	2026-02-28T16:17:07.1774236Z [command]/usr/bin/git config --local --name-only --get-regexp ^includeIf\.gitdir:
job-core	Checkout code	2026-02-28T16:17:07.1834064Z [command]/usr/bin/git submodule foreach --recursive git config --local --show-origin --name-only --get-regexp remote.origin.url
job-core	Checkout code	2026-02-28T16:17:07.2389280Z [command]/usr/bin/git config --local http.https://github.com/.extraheader AUTHORIZATION: basic ***
job-core	Checkout code	2026-02-28T16:17:07.2469569Z ##[endgroup]
job-core	Checkout code	2026-02-28T16:17:07.2470856Z ##[group]Fetching the repository
job-core	Checkout code	2026-02-28T16:17:07.2485737Z [command]/usr/bin/git -c protocol.version=2 fetch --prune --no-recurse-submodules origin +refs/heads/*:refs/remotes/origin/* +refs/tags/*:refs/tags/*
job-core	Checkout code	2026-02-28T16:17:56.6812442Z From https://github.com/Ka0s-Klaus/ka0s
job-core	Checkout code	2026-02-28T16:17:56.6814746Z  * [new branch]          F3450-modelo-operativo -> origin/F3450-modelo-operativo
job-core	Checkout code	2026-02-28T16:17:56.6816611Z  * [new branch]          H1276-modulo-observabilidad -> origin/H1276-modulo-observabilidad
job-core	Checkout code	2026-02-28T16:17:56.6848867Z  * [new branch]          H3596-deploy-itop      -> origin/H3596-deploy-itop
job-core	Checkout code	2026-02-28T16:17:56.6850771Z  * [new branch]          H4170-flujo-detallado-zabbix---github -> origin/H4170-flujo-detallado-zabbix---github
job-core	Checkout code	2026-02-28T16:17:56.6852573Z  * [new branch]          H4191-request-cambios  -> origin/H4191-request-cambios
job-core	Checkout code	2026-02-28T16:17:56.6854477Z  * [new branch]          H4200-request-recomendaciones-de-auditoria -> origin/H4200-request-recomendaciones-de-auditoria
job-core	Checkout code	2026-02-28T16:17:56.6855907Z  * [new branch]          main                   -> origin/main
job-core	Checkout code	2026-02-28T16:17:56.6856954Z  * [new tag]             0.0.0                  -> 0.0.0
job-core	Checkout code	2026-02-28T16:17:56.6868166Z  * [new tag]             0.0.1                  -> 0.0.1
job-core	Checkout code	2026-02-28T16:17:56.6869656Z  * [new tag]             0.0.10                 -> 0.0.10
job-core	Checkout code	2026-02-28T16:17:56.6870557Z  * [new tag]             0.0.100                -> 0.0.100
job-core	Checkout code	2026-02-28T16:17:56.6871513Z  * [new tag]             0.0.101                -> 0.0.101
job-core	Checkout code	2026-02-28T16:17:56.6872498Z  * [new tag]             0.0.102                -> 0.0.102
job-core	Checkout code	2026-02-28T16:17:56.6873493Z  * [new tag]             0.0.103                -> 0.0.103
job-core	Checkout code	2026-02-28T16:17:56.6875138Z  * [new tag]             0.0.104                -> 0.0.104
job-core	Checkout code	2026-02-28T16:17:56.6876034Z  * [new tag]             0.0.105                -> 0.0.105
job-core	Checkout code	2026-02-28T16:17:56.6876922Z  * [new tag]             0.0.106                -> 0.0.106
job-core	Checkout code	2026-02-28T16:17:56.6888675Z  * [new tag]             0.0.107                -> 0.0.107
job-core	Checkout code	2026-02-28T16:17:56.6890469Z  * [new tag]             0.0.108                -> 0.0.108
job-core	Checkout code	2026-02-28T16:17:56.6891413Z  * [new tag]             0.0.109                -> 0.0.109
job-core	Checkout code	2026-02-28T16:17:56.6892364Z  * [new tag]             0.0.11                 -> 0.0.11
job-core	Checkout code	2026-02-28T16:17:56.6893233Z  * [new tag]             0.0.110                -> 0.0.110
job-core	Checkout code	2026-02-28T16:17:56.6894331Z  * [new tag]             0.0.111                -> 0.0.111
job-core	Checkout code	2026-02-28T16:17:56.6895247Z  * [new tag]             0.0.112                -> 0.0.112
job-core	Checkout code	2026-02-28T16:17:56.6896166Z  * [new tag]             0.0.113                -> 0.0.113
job-core	Checkout code	2026-02-28T16:17:56.6897096Z  * [new tag]             0.0.114                -> 0.0.114
job-core	Checkout code	2026-02-28T16:17:56.6910901Z  * [new tag]             0.0.115                -> 0.0.115
job-core	Checkout code	2026-02-28T16:17:56.6911938Z  * [new tag]             0.0.116                -> 0.0.116
job-core	Checkout code	2026-02-28T16:17:56.6912895Z  * [new tag]             0.0.117                -> 0.0.117
job-core	Checkout code	2026-02-28T16:17:56.6914563Z  * [new tag]             0.0.118                -> 0.0.118
job-core	Checkout code	2026-02-28T16:17:56.6915471Z  * [new tag]             0.0.119                -> 0.0.119
job-core	Checkout code	2026-02-28T16:17:56.6916540Z  * [new tag]             0.0.12                 -> 0.0.12
job-core	Checkout code	2026-02-28T16:17:56.6917487Z  * [new tag]             0.0.120                -> 0.0.120
job-core	Checkout code	2026-02-28T16:17:56.6918656Z  * [new tag]             0.0.121                -> 0.0.121
job-core	Checkout code	2026-02-28T16:17:56.6919555Z  * [new tag]             0.0.122                -> 0.0.122
job-core	Checkout code	2026-02-28T16:17:56.6920339Z  * [new tag]             0.0.123                -> 0.0.123
job-core	Checkout code	2026-02-28T16:17:56.6921173Z  * [new tag]             0.0.124                -> 0.0.124
job-core	Checkout code	2026-02-28T16:17:56.6922087Z  * [new tag]             0.0.125                -> 0.0.125
job-core	Checkout code	2026-02-28T16:17:56.6922929Z  * [new tag]             0.0.126                -> 0.0.126
job-core	Checkout code	2026-02-28T16:17:56.6923869Z  * [new tag]             0.0.127                -> 0.0.127
job-core	Checkout code	2026-02-28T16:17:56.6924752Z  * [new tag]             0.0.128                -> 0.0.128
job-core	Checkout code	2026-02-28T16:17:56.6925746Z  * [new tag]             0.0.129                -> 0.0.129
job-core	Checkout code	2026-02-28T16:17:56.6926774Z  * [new tag]             0.0.13                 -> 0.0.13
job-core	Checkout code	2026-02-28T16:17:56.6927697Z  * [new tag]             0.0.130                -> 0.0.130
job-core	Checkout code	2026-02-28T16:17:56.6929158Z  * [new tag]             0.0.131                -> 0.0.131
job-core	Checkout code	2026-02-28T16:17:56.6930208Z  * [new tag]             0.0.132                -> 0.0.132
job-core	Checkout code	2026-02-28T16:17:56.6931193Z  * [new tag]             0.0.133                -> 0.0.133
job-core	Checkout code	2026-02-28T16:17:56.6932089Z  * [new tag]             0.0.134                -> 0.0.134
job-core	Checkout code	2026-02-28T16:17:56.6933026Z  * [new tag]             0.0.135                -> 0.0.135
job-core	Checkout code	2026-02-28T16:17:56.6933927Z  * [new tag]             0.0.136                -> 0.0.136
job-core	Checkout code	2026-02-28T16:17:56.6934866Z  * [new tag]             0.0.137                -> 0.0.137
job-core	Checkout code	2026-02-28T16:17:56.6935770Z  * [new tag]             0.0.138                -> 0.0.138
job-core	Checkout code	2026-02-28T16:17:56.6936647Z  * [new tag]             0.0.139                -> 0.0.139
job-core	Checkout code	2026-02-28T16:17:56.6937527Z  * [new tag]             0.0.14                 -> 0.0.14
job-core	Checkout code	2026-02-28T16:17:56.6938955Z  * [new tag]             0.0.140                -> 0.0.140
job-core	Checkout code	2026-02-28T16:17:56.6939809Z  * [new tag]             0.0.141                -> 0.0.141
job-core	Checkout code	2026-02-28T16:17:56.6940734Z  * [new tag]             0.0.142                -> 0.0.142
job-core	Checkout code	2026-02-28T16:17:56.6941633Z  * [new tag]             0.0.143                -> 0.0.143
job-core	Checkout code	2026-02-28T16:17:56.6942591Z  * [new tag]             0.0.144                -> 0.0.144
job-core	Checkout code	2026-02-28T16:17:56.6943585Z  * [new tag]             0.0.145                -> 0.0.145
job-core	Checkout code	2026-02-28T16:17:56.6944494Z  * [new tag]             0.0.146                -> 0.0.146
job-core	Checkout code	2026-02-28T16:17:56.6945968Z  * [new tag]             0.0.147                -> 0.0.147
job-core	Checkout code	2026-02-28T16:17:56.6967679Z  * [new tag]             0.0.148                -> 0.0.148
job-core	Checkout code	2026-02-28T16:17:56.6969088Z  * [new tag]             0.0.149                -> 0.0.149
job-core	Checkout code	2026-02-28T16:17:56.6970178Z  * [new tag]             0.0.15                 -> 0.0.15
job-core	Checkout code	2026-02-28T16:17:56.6971200Z  * [new tag]             0.0.150                -> 0.0.150
job-core	Checkout code	2026-02-28T16:17:56.6972110Z  * [new tag]             0.0.151                -> 0.0.151
job-core	Checkout code	2026-02-28T16:17:56.6972987Z  * [new tag]             0.0.152                -> 0.0.152
job-core	Checkout code	2026-02-28T16:17:56.6973889Z  * [new tag]             0.0.153                -> 0.0.153
job-core	Checkout code	2026-02-28T16:17:56.6974811Z  * [new tag]             0.0.154                -> 0.0.154
job-core	Checkout code	2026-02-28T16:17:56.6975744Z  * [new tag]             0.0.155                -> 0.0.155
job-core	Checkout code	2026-02-28T16:17:56.6976684Z  * [new tag]             0.0.156                -> 0.0.156
job-core	Checkout code	2026-02-28T16:17:56.6977629Z  * [new tag]             0.0.157                -> 0.0.157
job-core	Checkout code	2026-02-28T16:17:56.6982370Z  * [new tag]             0.0.158                -> 0.0.158
job-core	Checkout code	2026-02-28T16:17:56.6983559Z  * [new tag]             0.0.159                -> 0.0.159
job-core	Checkout code	2026-02-28T16:17:56.6995327Z  * [new tag]             0.0.16                 -> 0.0.16
job-core	Checkout code	2026-02-28T16:17:56.6996294Z  * [new tag]             0.0.160                -> 0.0.160
job-core	Checkout code	2026-02-28T16:17:56.6997292Z  * [new tag]             0.0.161                -> 0.0.161
job-core	Checkout code	2026-02-28T16:17:56.7000390Z  * [new tag]             0.0.162                -> 0.0.162
job-core	Checkout code	2026-02-28T16:17:56.7001237Z  * [new tag]             0.0.163                -> 0.0.163
job-core	Checkout code	2026-02-28T16:17:56.7002066Z  * [new tag]             0.0.164                -> 0.0.164
job-core	Checkout code	2026-02-28T16:17:56.7002872Z  * [new tag]             0.0.165                -> 0.0.165
job-core	Checkout code	2026-02-28T16:17:56.7003705Z  * [new tag]             0.0.166                -> 0.0.166
job-core	Checkout code	2026-02-28T16:17:56.7004756Z  * [new tag]             0.0.167                -> 0.0.167
job-core	Checkout code	2026-02-28T16:17:56.7005652Z  * [new tag]             0.0.168                -> 0.0.168
job-core	Checkout code	2026-02-28T16:17:56.7006505Z  * [new tag]             0.0.169                -> 0.0.169
job-core	Checkout code	2026-02-28T16:17:56.7007349Z  * [new tag]             0.0.17                 -> 0.0.17
job-core	Checkout code	2026-02-28T16:17:56.7010204Z  * [new tag]             0.0.170                -> 0.0.170
job-core	Checkout code	2026-02-28T16:17:56.7011052Z  * [new tag]             0.0.171                -> 0.0.171
job-core	Checkout code	2026-02-28T16:17:56.7011875Z  * [new tag]             0.0.172                -> 0.0.172
job-core	Checkout code	2026-02-28T16:17:56.7012689Z  * [new tag]             0.0.173                -> 0.0.173
job-core	Checkout code	2026-02-28T16:17:56.7013532Z  * [new tag]             0.0.174                -> 0.0.174
job-core	Checkout code	2026-02-28T16:17:56.7014374Z  * [new tag]             0.0.175                -> 0.0.175
job-core	Checkout code	2026-02-28T16:17:56.7016973Z  * [new tag]             0.0.176                -> 0.0.176
job-core	Checkout code	2026-02-28T16:17:56.7020239Z  * [new tag]             0.0.177                -> 0.0.177
job-core	Checkout code	2026-02-28T16:17:56.7021172Z  * [new tag]             0.0.178                -> 0.0.178
job-core	Checkout code	2026-02-28T16:17:56.7021993Z  * [new tag]             0.0.179                -> 0.0.179
job-core	Checkout code	2026-02-28T16:17:56.7022816Z  * [new tag]             0.0.18                 -> 0.0.18
job-core	Checkout code	2026-02-28T16:17:56.7023675Z  * [new tag]             0.0.19                 -> 0.0.19
job-core	Checkout code	2026-02-28T16:17:56.7024578Z  * [new tag]             0.0.2                  -> 0.0.2
job-core	Checkout code	2026-02-28T16:17:56.7025423Z  * [new tag]             0.0.20                 -> 0.0.20
job-core	Checkout code	2026-02-28T16:17:56.7026253Z  * [new tag]             0.0.21                 -> 0.0.21
job-core	Checkout code	2026-02-28T16:17:56.7027063Z  * [new tag]             0.0.22                 -> 0.0.22
job-core	Checkout code	2026-02-28T16:17:56.7031115Z  * [new tag]             0.0.23                 -> 0.0.23
job-core	Checkout code	2026-02-28T16:17:56.7032516Z  * [new tag]             0.0.24                 -> 0.0.24
job-core	Checkout code	2026-02-28T16:17:56.7033730Z  * [new tag]             0.0.25                 -> 0.0.25
job-core	Checkout code	2026-02-28T16:17:56.7034880Z  * [new tag]             0.0.26                 -> 0.0.26
job-core	Checkout code	2026-02-28T16:17:56.7036857Z  * [new tag]             0.0.27                 -> 0.0.27
job-core	Checkout code	2026-02-28T16:17:56.7038410Z  * [new tag]             0.0.28                 -> 0.0.28
job-core	Checkout code	2026-02-28T16:17:56.7039229Z  * [new tag]             0.0.29                 -> 0.0.29
job-core	Checkout code	2026-02-28T16:17:56.7040172Z  * [new tag]             0.0.3                  -> 0.0.3
job-core	Checkout code	2026-02-28T16:17:56.7041127Z  * [new tag]             0.0.30                 -> 0.0.30
job-core	Checkout code	2026-02-28T16:17:56.7041972Z  * [new tag]             0.0.31                 -> 0.0.31
job-core	Checkout code	2026-02-28T16:17:56.7043069Z  * [new tag]             0.0.32                 -> 0.0.32
job-core	Checkout code	2026-02-28T16:17:56.7043963Z  * [new tag]             0.0.33                 -> 0.0.33
job-core	Checkout code	2026-02-28T16:17:56.7044778Z  * [new tag]             0.0.34                 -> 0.0.34
job-core	Checkout code	2026-02-28T16:17:56.7045641Z  * [new tag]             0.0.35                 -> 0.0.35
job-core	Checkout code	2026-02-28T16:17:56.7046558Z  * [new tag]             0.0.36                 -> 0.0.36
job-core	Checkout code	2026-02-28T16:17:56.7047465Z  * [new tag]             0.0.37                 -> 0.0.37
job-core	Checkout code	2026-02-28T16:17:56.7048838Z  * [new tag]             0.0.38                 -> 0.0.38
job-core	Checkout code	2026-02-28T16:17:56.7049833Z  * [new tag]             0.0.39                 -> 0.0.39
job-core	Checkout code	2026-02-28T16:17:56.7050852Z  * [new tag]             0.0.4                  -> 0.0.4
job-core	Checkout code	2026-02-28T16:17:56.7052380Z  * [new tag]             0.0.40                 -> 0.0.40
job-core	Checkout code	2026-02-28T16:17:56.7053382Z  * [new tag]             0.0.41                 -> 0.0.41
job-core	Checkout code	2026-02-28T16:17:56.7054428Z  * [new tag]             0.0.42                 -> 0.0.42
job-core	Checkout code	2026-02-28T16:17:56.7055820Z  * [new tag]             0.0.43                 -> 0.0.43
job-core	Checkout code	2026-02-28T16:17:56.7056718Z  * [new tag]             0.0.44                 -> 0.0.44
job-core	Checkout code	2026-02-28T16:17:56.7057481Z  * [new tag]             0.0.45                 -> 0.0.45
job-core	Checkout code	2026-02-28T16:17:56.7058581Z  * [new tag]             0.0.46                 -> 0.0.46
job-core	Checkout code	2026-02-28T16:17:56.7059366Z  * [new tag]             0.0.47                 -> 0.0.47
job-core	Checkout code	2026-02-28T16:17:56.7060139Z  * [new tag]             0.0.48                 -> 0.0.48
job-core	Checkout code	2026-02-28T16:17:56.7060864Z  * [new tag]             0.0.49                 -> 0.0.49
job-core	Checkout code	2026-02-28T16:17:56.7061604Z  * [new tag]             0.0.5                  -> 0.0.5
job-core	Checkout code	2026-02-28T16:17:56.7062371Z  * [new tag]             0.0.50                 -> 0.0.50
job-core	Checkout code	2026-02-28T16:17:56.7063231Z  * [new tag]             0.0.51                 -> 0.0.51
job-core	Checkout code	2026-02-28T16:17:56.7064542Z  * [new tag]             0.0.52                 -> 0.0.52
job-core	Checkout code	2026-02-28T16:17:56.7065349Z  * [new tag]             0.0.53                 -> 0.0.53
job-core	Checkout code	2026-02-28T16:17:56.7066105Z  * [new tag]             0.0.54                 -> 0.0.54
job-core	Checkout code	2026-02-28T16:17:56.7066844Z  * [new tag]             0.0.55                 -> 0.0.55
job-core	Checkout code	2026-02-28T16:17:56.7067608Z  * [new tag]             0.0.56                 -> 0.0.56
job-core	Checkout code	2026-02-28T16:17:56.7069019Z  * [new tag]             0.0.57                 -> 0.0.57
job-core	Checkout code	2026-02-28T16:17:56.7070157Z  * [new tag]             0.0.58                 -> 0.0.58
job-core	Checkout code	2026-02-28T16:17:56.7071516Z  * [new tag]             0.0.59                 -> 0.0.59
job-core	Checkout code	2026-02-28T16:17:56.7072498Z  * [new tag]             0.0.6                  -> 0.0.6
job-core	Checkout code	2026-02-28T16:17:56.7073859Z  * [new tag]             0.0.60                 -> 0.0.60
job-core	Checkout code	2026-02-28T16:17:56.7075119Z  * [new tag]             0.0.61                 -> 0.0.61
job-core	Checkout code	2026-02-28T16:17:56.7075993Z  * [new tag]             0.0.62                 -> 0.0.62
job-core	Checkout code	2026-02-28T16:17:56.7077379Z  * [new tag]             0.0.63                 -> 0.0.63
job-core	Checkout code	2026-02-28T16:17:56.7079040Z  * [new tag]             0.0.64                 -> 0.0.64
job-core	Checkout code	2026-02-28T16:17:56.7079831Z  * [new tag]             0.0.65                 -> 0.0.65
job-core	Checkout code	2026-02-28T16:17:56.7080636Z  * [new tag]             0.0.66                 -> 0.0.66
job-core	Checkout code	2026-02-28T16:17:56.7081429Z  * [new tag]             0.0.67                 -> 0.0.67
job-core	Checkout code	2026-02-28T16:17:56.7082270Z  * [new tag]             0.0.68                 -> 0.0.68
job-core	Checkout code	2026-02-28T16:17:56.7083377Z  * [new tag]             0.0.69                 -> 0.0.69
job-core	Checkout code	2026-02-28T16:17:56.7085036Z  * [new tag]             0.0.7                  -> 0.0.7
job-core	Checkout code	2026-02-28T16:17:56.7086030Z  * [new tag]             0.0.70                 -> 0.0.70
job-core	Checkout code	2026-02-28T16:17:56.7087223Z  * [new tag]             0.0.71                 -> 0.0.71
job-core	Checkout code	2026-02-28T16:17:56.7088856Z  * [new tag]             0.0.72                 -> 0.0.72
job-core	Checkout code	2026-02-28T16:17:56.7089819Z  * [new tag]             0.0.73                 -> 0.0.73
job-core	Checkout code	2026-02-28T16:17:56.7091344Z  * [new tag]             0.0.74                 -> 0.0.74
job-core	Checkout code	2026-02-28T16:17:56.7093037Z  * [new tag]             0.0.75                 -> 0.0.75
job-core	Checkout code	2026-02-28T16:17:56.7094686Z  * [new tag]             0.0.76                 -> 0.0.76
job-core	Checkout code	2026-02-28T16:17:56.7096352Z  * [new tag]             0.0.77                 -> 0.0.77
job-core	Checkout code	2026-02-28T16:17:56.7098109Z  * [new tag]             0.0.78                 -> 0.0.78
job-core	Checkout code	2026-02-28T16:17:56.7099701Z  * [new tag]             0.0.79                 -> 0.0.79
job-core	Checkout code	2026-02-28T16:17:56.7100919Z  * [new tag]             0.0.8                  -> 0.0.8
job-core	Checkout code	2026-02-28T16:17:56.7114294Z  * [new tag]             0.0.80                 -> 0.0.80
job-core	Checkout code	2026-02-28T16:17:56.7115633Z  * [new tag]             0.0.81                 -> 0.0.81
job-core	Checkout code	2026-02-28T16:17:56.7116879Z  * [new tag]             0.0.82                 -> 0.0.82
job-core	Checkout code	2026-02-28T16:17:56.7119024Z  * [new tag]             0.0.83                 -> 0.0.83
job-core	Checkout code	2026-02-28T16:17:56.7120174Z  * [new tag]             0.0.84                 -> 0.0.84
job-core	Checkout code	2026-02-28T16:17:56.7121400Z  * [new tag]             0.0.85                 -> 0.0.85
job-core	Checkout code	2026-02-28T16:17:56.7122569Z  * [new tag]             0.0.86                 -> 0.0.86
job-core	Checkout code	2026-02-28T16:17:56.7123863Z  * [new tag]             0.0.87                 -> 0.0.87
job-core	Checkout code	2026-02-28T16:17:56.7124940Z  * [new tag]             0.0.88                 -> 0.0.88
job-core	Checkout code	2026-02-28T16:17:56.7125900Z  * [new tag]             0.0.89                 -> 0.0.89
job-core	Checkout code	2026-02-28T16:17:56.7127260Z  * [new tag]             0.0.9                  -> 0.0.9
job-core	Checkout code	2026-02-28T16:17:56.7128792Z  * [new tag]             0.0.90                 -> 0.0.90
job-core	Checkout code	2026-02-28T16:17:56.7129932Z  * [new tag]             0.0.91                 -> 0.0.91
job-core	Checkout code	2026-02-28T16:17:56.7130924Z  * [new tag]             0.0.92                 -> 0.0.92
job-core	Checkout code	2026-02-28T16:17:56.7132151Z  * [new tag]             0.0.93                 -> 0.0.93
job-core	Checkout code	2026-02-28T16:17:56.7133510Z  * [new tag]             0.0.94                 -> 0.0.94
job-core	Checkout code	2026-02-28T16:17:56.7134666Z  * [new tag]             0.0.95                 -> 0.0.95
job-core	Checkout code	2026-02-28T16:17:56.7135746Z  * [new tag]             0.0.96                 -> 0.0.96
job-core	Checkout code	2026-02-28T16:17:56.7136637Z  * [new tag]             0.0.97                 -> 0.0.97
job-core	Checkout code	2026-02-28T16:17:56.7138132Z  * [new tag]             0.0.98                 -> 0.0.98
job-core	Checkout code	2026-02-28T16:17:56.7139312Z  * [new tag]             0.0.99                 -> 0.0.99
job-core	Checkout code	2026-02-28T16:17:56.7140497Z  * [new tag]             0.1.0                  -> 0.1.0
job-core	Checkout code	2026-02-28T16:17:56.7141484Z  * [new tag]             0.1.1                  -> 0.1.1
job-core	Checkout code	2026-02-28T16:17:56.7142394Z  * [new tag]             0.2.0                  -> 0.2.0
job-core	Checkout code	2026-02-28T16:17:56.7143490Z  * [new tag]             0.3.0                  -> 0.3.0
job-core	Checkout code	2026-02-28T16:17:56.7144477Z  * [new tag]             0.3.1                  -> 0.3.1
job-core	Checkout code	2026-02-28T16:17:56.7145594Z  * [new tag]             0.3.10                 -> 0.3.10
job-core	Checkout code	2026-02-28T16:17:56.7146622Z  * [new tag]             0.3.11                 -> 0.3.11
job-core	Checkout code	2026-02-28T16:17:56.7147601Z  * [new tag]             0.3.12                 -> 0.3.12
job-core	Checkout code	2026-02-28T16:17:56.7149429Z  * [new tag]             0.3.13                 -> 0.3.13
job-core	Checkout code	2026-02-28T16:17:56.7150917Z  * [new tag]             0.3.14                 -> 0.3.14
job-core	Checkout code	2026-02-28T16:17:56.7151974Z  * [new tag]             0.3.15                 -> 0.3.15
job-core	Checkout code	2026-02-28T16:17:56.7153057Z  * [new tag]             0.3.16                 -> 0.3.16
job-core	Checkout code	2026-02-28T16:17:56.7154082Z  * [new tag]             0.3.17                 -> 0.3.17
job-core	Checkout code	2026-02-28T16:17:56.7155496Z  * [new tag]             0.3.2                  -> 0.3.2
job-core	Checkout code	2026-02-28T16:17:56.7157137Z  * [new tag]             0.3.3                  -> 0.3.3
job-core	Checkout code	2026-02-28T16:17:56.7158824Z  * [new tag]             0.3.4                  -> 0.3.4
job-core	Checkout code	2026-02-28T16:17:56.7159820Z  * [new tag]             0.3.5                  -> 0.3.5
job-core	Checkout code	2026-02-28T16:17:56.7160828Z  * [new tag]             0.3.6                  -> 0.3.6
job-core	Checkout code	2026-02-28T16:17:56.7162034Z  * [new tag]             0.3.7                  -> 0.3.7
job-core	Checkout code	2026-02-28T16:17:56.7163621Z  * [new tag]             0.3.8                  -> 0.3.8
job-core	Checkout code	2026-02-28T16:17:56.7165048Z  * [new tag]             0.3.9                  -> 0.3.9
job-core	Checkout code	2026-02-28T16:17:56.7166704Z  * [new tag]             0.4.0                  -> 0.4.0
job-core	Checkout code	2026-02-28T16:17:56.7168577Z  * [new tag]             0.4.1                  -> 0.4.1
job-core	Checkout code	2026-02-28T16:17:56.7170161Z  * [new tag]             0.4.2                  -> 0.4.2
job-core	Checkout code	2026-02-28T16:17:56.7171814Z  * [new tag]             0.4.3                  -> 0.4.3
job-core	Checkout code	2026-02-28T16:17:56.7173441Z  * [new tag]             0.4.4                  -> 0.4.4
job-core	Checkout code	2026-02-28T16:17:56.7174561Z  * [new tag]             0.4.5                  -> 0.4.5
job-core	Checkout code	2026-02-28T16:17:56.7175300Z  * [new tag]             0.4.6                  -> 0.4.6
job-core	Checkout code	2026-02-28T16:17:56.7176014Z  * [new tag]             0.4.7                  -> 0.4.7
job-core	Checkout code	2026-02-28T16:17:56.7176749Z  * [new tag]             0.4.8                  -> 0.4.8
job-core	Checkout code	2026-02-28T16:17:56.7189549Z  * [new tag]             0.4.9                  -> 0.4.9
job-core	Checkout code	2026-02-28T16:17:56.7190533Z  * [new tag]             0.5.0                  -> 0.5.0
job-core	Checkout code	2026-02-28T16:17:56.7191334Z  * [new tag]             0.5.1                  -> 0.5.1
job-core	Checkout code	2026-02-28T16:17:56.7192134Z  * [new tag]             0.5.2                  -> 0.5.2
job-core	Checkout code	2026-02-28T16:17:56.7193035Z  * [new tag]             0.6.0                  -> 0.6.0
job-core	Checkout code	2026-02-28T16:17:56.7193917Z  * [new tag]             0.6.1                  -> 0.6.1
job-core	Checkout code	2026-02-28T16:17:56.7194717Z  * [new tag]             0.6.2                  -> 0.6.2
job-core	Checkout code	2026-02-28T16:17:56.7195519Z  * [new tag]             0.6.3                  -> 0.6.3
job-core	Checkout code	2026-02-28T16:17:56.7196345Z  * [new tag]             0.6.4                  -> 0.6.4
job-core	Checkout code	2026-02-28T16:17:56.7197150Z  * [new tag]             0.6.5                  -> 0.6.5
job-core	Checkout code	2026-02-28T16:17:56.7208363Z  * [new tag]             0.6.6                  -> 0.6.6
job-core	Checkout code	2026-02-28T16:17:56.7890188Z [command]/usr/bin/git branch --list --remote origin/main
job-core	Checkout code	2026-02-28T16:17:56.8065159Z   origin/main
job-core	Checkout code	2026-02-28T16:17:56.8096180Z [command]/usr/bin/git rev-parse refs/remotes/origin/main
job-core	Checkout code	2026-02-28T16:17:56.8160859Z dfc0aa37f806904802b2350a2172b0ce3093a7de
job-core	Checkout code	2026-02-28T16:17:56.8170661Z ##[endgroup]
job-core	Checkout code	2026-02-28T16:17:56.8172087Z ##[group]Determining the checkout info
job-core	Checkout code	2026-02-28T16:17:56.8173833Z ##[endgroup]
job-core	Checkout code	2026-02-28T16:17:56.8189469Z [command]/usr/bin/git sparse-checkout disable
job-core	Checkout code	2026-02-28T16:17:56.8276119Z [command]/usr/bin/git config --local --unset-all extensions.worktreeConfig
job-core	Checkout code	2026-02-28T16:17:56.8337240Z ##[group]Checking out the ref
job-core	Checkout code	2026-02-28T16:17:56.8347366Z [command]/usr/bin/git checkout --progress --force -B main refs/remotes/origin/main
job-core	Checkout code	2026-02-28T16:17:57.1926707Z Switched to a new branch 'main'
job-core	Checkout code	2026-02-28T16:17:57.1934486Z branch 'main' set up to track 'origin/main'.
job-core	Checkout code	2026-02-28T16:17:57.1993818Z ##[endgroup]
job-core	Checkout code	2026-02-28T16:17:57.2074611Z [command]/usr/bin/git log -1 --format=%H
job-core	Checkout code	2026-02-28T16:17:57.2139529Z dfc0aa37f806904802b2350a2172b0ce3093a7de
job-core	Install GH CLI	Ôªø2026-02-28T16:17:57.2709533Z Prepare all required actions
job-core	Install GH CLI	2026-02-28T16:17:57.2800529Z ##[group]Run ./.github/actions/install-gh-cli
job-core	Install GH CLI	2026-02-28T16:17:57.2801710Z env:
job-core	Install GH CLI	2026-02-28T16:17:57.2802438Z   PYTHON_VERSION: 3.9
job-core	Install GH CLI	2026-02-28T16:17:57.2804988Z   MONGO_SUPERUSER_CONNECTION: ***
job-core	Install GH CLI	2026-02-28T16:17:57.2806519Z   MONGO_NEW_PASS: ***
job-core	Install GH CLI	2026-02-28T16:17:57.2807736Z   MONGO_SCRIPT_CREATE: devops/core/mongo/scripts/add-doc-to-db.py
job-core	Install GH CLI	2026-02-28T16:17:57.2809854Z   KAOS_CODE: 22524294862
job-core	Install GH CLI	2026-02-28T16:17:57.2810834Z   KAOS_MODULE: [Ka0s] Autom add docs to MongoDB
job-core	Install GH CLI	2026-02-28T16:17:57.2812156Z   REPORT_SCAN: audit/
job-core	Install GH CLI	2026-02-28T16:17:57.2813073Z   REPORT_PATH: audit/mongodb/
job-core	Install GH CLI	2026-02-28T16:17:57.2814109Z   REPORT_FILENAME: mongo_setup_22524294862.json
job-core	Install GH CLI	2026-02-28T16:17:57.2816108Z   REPORT_FILENAME_LIST: mongo_list_22524294862.json
job-core	Install GH CLI	2026-02-28T16:17:57.2817449Z   REPORT_FILENAME_DB: mongo_create_db_22524294862.json
job-core	Install GH CLI	2026-02-28T16:17:57.2819072Z   GITHUB_OUTPUT: 
job-core	Install GH CLI	2026-02-28T16:17:57.2820048Z ##[endgroup]
job-core	Install GH CLI	2026-02-28T16:17:57.3009138Z ##[group]Run type -p curl >/dev/null || (sudo apt-get update && sudo apt-get install curl -y)
job-core	Install GH CLI	2026-02-28T16:17:57.3010180Z [36;1mtype -p curl >/dev/null || (sudo apt-get update && sudo apt-get install curl -y)[0m
job-core	Install GH CLI	2026-02-28T16:17:57.3011255Z [36;1mcurl -fsSL https://cli.github.com/packages/githubcli-archive-keyring.gpg | sudo dd of=/usr/share/keyrings/githubcli-archive-keyring.gpg \[0m
job-core	Install GH CLI	2026-02-28T16:17:57.3012267Z [36;1m&& sudo chmod go+r /usr/share/keyrings/githubcli-archive-keyring.gpg \[0m
job-core	Install GH CLI	2026-02-28T16:17:57.3013622Z [36;1m&& echo "deb [arch=$(dpkg --print-architecture) signed-by=/usr/share/keyrings/githubcli-archive-keyring.gpg] https://cli.github.com/packages stable main" | sudo tee /etc/apt/sources.list.d/github-cli.list > /dev/null \[0m
job-core	Install GH CLI	2026-02-28T16:17:57.3014869Z [36;1m&& sudo apt-get update \[0m
job-core	Install GH CLI	2026-02-28T16:17:57.3015229Z [36;1m&& sudo apt-get install gh -y[0m
job-core	Install GH CLI	2026-02-28T16:17:57.3044892Z shell: /usr/bin/bash --noprofile --norc -e -o pipefail {0}
job-core	Install GH CLI	2026-02-28T16:17:57.3046182Z env:
job-core	Install GH CLI	2026-02-28T16:17:57.3046970Z   PYTHON_VERSION: 3.9
job-core	Install GH CLI	2026-02-28T16:17:57.3049051Z   MONGO_SUPERUSER_CONNECTION: ***
job-core	Install GH CLI	2026-02-28T16:17:57.3049554Z   MONGO_NEW_PASS: ***
job-core	Install GH CLI	2026-02-28T16:17:57.3049941Z   MONGO_SCRIPT_CREATE: devops/core/mongo/scripts/add-doc-to-db.py
job-core	Install GH CLI	2026-02-28T16:17:57.3050399Z   KAOS_CODE: 22524294862
job-core	Install GH CLI	2026-02-28T16:17:57.3060611Z   KAOS_MODULE: [Ka0s] Autom add docs to MongoDB
job-core	Install GH CLI	2026-02-28T16:17:57.3061090Z   REPORT_SCAN: audit/
job-core	Install GH CLI	2026-02-28T16:17:57.3061380Z   REPORT_PATH: audit/mongodb/
job-core	Install GH CLI	2026-02-28T16:17:57.3061727Z   REPORT_FILENAME: mongo_setup_22524294862.json
job-core	Install GH CLI	2026-02-28T16:17:57.3062138Z   REPORT_FILENAME_LIST: mongo_list_22524294862.json
job-core	Install GH CLI	2026-02-28T16:17:57.3062569Z   REPORT_FILENAME_DB: mongo_create_db_22524294862.json
job-core	Install GH CLI	2026-02-28T16:17:57.3062968Z   GITHUB_OUTPUT: 
job-core	Install GH CLI	2026-02-28T16:17:57.3063218Z ##[endgroup]
job-core	Install GH CLI	2026-02-28T16:17:57.5279913Z 4+1 records in
job-core	Install GH CLI	2026-02-28T16:17:57.5287080Z 4+1 records out
job-core	Install GH CLI	2026-02-28T16:17:57.5293960Z 2270 bytes (2.3 kB, 2.2 KiB) copied, 0.194175 s, 11.7 kB/s
job-core	Install GH CLI	2026-02-28T16:17:57.7648903Z Get:1 https://cli.github.com/packages stable InRelease [3917 B]
job-core	Install GH CLI	2026-02-28T16:17:57.8557035Z Get:2 http://security.ubuntu.com/ubuntu noble-security InRelease [126 kB]
job-core	Install GH CLI	2026-02-28T16:17:57.9269254Z Get:3 https://cli.github.com/packages stable/main amd64 Packages [357 B]
job-core	Install GH CLI	2026-02-28T16:17:57.9626367Z Get:4 http://archive.ubuntu.com/ubuntu noble InRelease [256 kB]
job-core	Install GH CLI	2026-02-28T16:17:58.2282073Z Get:5 http://security.ubuntu.com/ubuntu noble-security/universe amd64 Packages [1242 kB]
job-core	Install GH CLI	2026-02-28T16:17:58.3035413Z Get:6 https://ppa.launchpadcontent.net/git-core/ppa/ubuntu noble InRelease [24.3 kB]
job-core	Install GH CLI	2026-02-28T16:17:58.5101290Z Get:7 http://security.ubuntu.com/ubuntu noble-security/multiverse amd64 Packages [34.8 kB]
job-core	Install GH CLI	2026-02-28T16:17:58.5125935Z Get:8 https://ppa.launchpadcontent.net/git-core/ppa/ubuntu noble/main amd64 Packages [2992 B]
job-core	Install GH CLI	2026-02-28T16:17:58.5129402Z Get:9 http://security.ubuntu.com/ubuntu noble-security/restricted amd64 Packages [3262 kB]
job-core	Install GH CLI	2026-02-28T16:17:58.5481807Z Get:10 http://archive.ubuntu.com/ubuntu noble-updates InRelease [126 kB]
job-core	Install GH CLI	2026-02-28T16:17:58.6303077Z Get:11 http://security.ubuntu.com/ubuntu noble-security/main amd64 Packages [1883 kB]
job-core	Install GH CLI	2026-02-28T16:17:58.6929201Z Get:12 http://archive.ubuntu.com/ubuntu noble-backports InRelease [126 kB]
job-core	Install GH CLI	2026-02-28T16:17:58.8367652Z Get:13 http://archive.ubuntu.com/ubuntu noble/universe amd64 Packages [19.3 MB]
job-core	Install GH CLI	2026-02-28T16:17:59.7169498Z Get:14 http://archive.ubuntu.com/ubuntu noble/main amd64 Packages [1808 kB]
job-core	Install GH CLI	2026-02-28T16:17:59.7361817Z Get:15 http://archive.ubuntu.com/ubuntu noble/restricted amd64 Packages [117 kB]
job-core	Install GH CLI	2026-02-28T16:17:59.7379343Z Get:16 http://archive.ubuntu.com/ubuntu noble/multiverse amd64 Packages [331 kB]
job-core	Install GH CLI	2026-02-28T16:17:59.8276725Z Get:17 http://archive.ubuntu.com/ubuntu noble-updates/multiverse amd64 Packages [38.1 kB]
job-core	Install GH CLI	2026-02-28T16:17:59.8293118Z Get:18 http://archive.ubuntu.com/ubuntu noble-updates/restricted amd64 Packages [3471 kB]
job-core	Install GH CLI	2026-02-28T16:17:59.9914075Z Get:19 http://archive.ubuntu.com/ubuntu noble-updates/main amd64 Packages [2275 kB]
job-core	Install GH CLI	2026-02-28T16:18:00.0812055Z Get:20 http://archive.ubuntu.com/ubuntu noble-updates/universe amd64 Packages [2017 kB]
job-core	Install GH CLI	2026-02-28T16:18:00.1208314Z Get:21 http://archive.ubuntu.com/ubuntu noble-backports/main amd64 Packages [49.5 kB]
job-core	Install GH CLI	2026-02-28T16:18:00.1216902Z Get:22 http://archive.ubuntu.com/ubuntu noble-backports/universe amd64 Packages [34.6 kB]
job-core	Install GH CLI	2026-02-28T16:18:02.0251810Z Fetched 36.5 MB in 4s (8492 kB/s)
job-core	Install GH CLI	2026-02-28T16:18:04.2439013Z Reading package lists...
job-core	Install GH CLI	2026-02-28T16:18:05.9714609Z Reading package lists...
job-core	Install GH CLI	2026-02-28T16:18:06.2633590Z Building dependency tree...
job-core	Install GH CLI	2026-02-28T16:18:06.2635083Z Reading state information...
job-core	Install GH CLI	2026-02-28T16:18:06.6952974Z The following NEW packages will be installed:
job-core	Install GH CLI	2026-02-28T16:18:06.6975951Z   gh
job-core	Install GH CLI	2026-02-28T16:18:06.8248559Z 0 upgraded, 1 newly installed, 0 to remove and 0 not upgraded.
job-core	Install GH CLI	2026-02-28T16:18:06.8249339Z Need to get 13.8 MB of archives.
job-core	Install GH CLI	2026-02-28T16:18:06.8250004Z After this operation, 38.5 MB of additional disk space will be used.
job-core	Install GH CLI	2026-02-28T16:18:06.8251023Z Get:1 https://cli.github.com/packages stable/main amd64 gh amd64 2.87.3 [13.8 MB]
job-core	Install GH CLI	2026-02-28T16:18:07.4097253Z debconf: delaying package configuration, since apt-utils is not installed
job-core	Install GH CLI	2026-02-28T16:18:07.5459871Z Fetched 13.8 MB in 0s (36.2 MB/s)
job-core	Install GH CLI	2026-02-28T16:18:07.6286505Z Selecting previously unselected package gh.
job-core	Install GH CLI	2026-02-28T16:18:07.6421946Z (Reading database ... 
job-core	Install GH CLI	2026-02-28T16:18:07.6424661Z (Reading database ... 5%
job-core	Install GH CLI	2026-02-28T16:18:07.6426452Z (Reading database ... 10%
job-core	Install GH CLI	2026-02-28T16:18:07.6429131Z (Reading database ... 15%
job-core	Install GH CLI	2026-02-28T16:18:07.6431464Z (Reading database ... 20%
job-core	Install GH CLI	2026-02-28T16:18:07.6434237Z (Reading database ... 25%
job-core	Install GH CLI	2026-02-28T16:18:07.6436599Z (Reading database ... 30%
job-core	Install GH CLI	2026-02-28T16:18:07.6439080Z (Reading database ... 35%
job-core	Install GH CLI	2026-02-28T16:18:07.6441442Z (Reading database ... 40%
job-core	Install GH CLI	2026-02-28T16:18:07.6443623Z (Reading database ... 45%
job-core	Install GH CLI	2026-02-28T16:18:07.6445074Z (Reading database ... 50%
job-core	Install GH CLI	2026-02-28T16:18:07.6447474Z (Reading database ... 55%
job-core	Install GH CLI	2026-02-28T16:18:07.6448885Z (Reading database ... 60%
job-core	Install GH CLI	2026-02-28T16:18:07.6491363Z (Reading database ... 65%
job-core	Install GH CLI	2026-02-28T16:18:07.6539414Z (Reading database ... 70%
job-core	Install GH CLI	2026-02-28T16:18:07.6562746Z (Reading database ... 75%
job-core	Install GH CLI	2026-02-28T16:18:07.6585151Z (Reading database ... 80%
job-core	Install GH CLI	2026-02-28T16:18:07.6614476Z (Reading database ... 85%
job-core	Install GH CLI	2026-02-28T16:18:07.6649843Z (Reading database ... 90%
job-core	Install GH CLI	2026-02-28T16:18:07.6674031Z (Reading database ... 95%
job-core	Install GH CLI	2026-02-28T16:18:07.6675617Z (Reading database ... 100%
job-core	Install GH CLI	2026-02-28T16:18:07.6677637Z (Reading database ... 14387 files and directories currently installed.)
job-core	Install GH CLI	2026-02-28T16:18:07.6692295Z Preparing to unpack .../archives/gh_2.87.3_amd64.deb ...
job-core	Install GH CLI	2026-02-28T16:18:07.6724713Z Unpacking gh (2.87.3) ...
job-core	Install GH CLI	2026-02-28T16:18:08.0474743Z Setting up gh (2.87.3) ...
job-core	Set up Python	Ôªø2026-02-28T16:18:08.2146941Z ##[group]Run actions/setup-python@v4
job-core	Set up Python	2026-02-28T16:18:08.2148116Z with:
job-core	Set up Python	2026-02-28T16:18:08.2148802Z   python-version: 3.9
job-core	Set up Python	2026-02-28T16:18:08.2149578Z   check-latest: false
job-core	Set up Python	2026-02-28T16:18:08.2150680Z   token: ***
job-core	Set up Python	2026-02-28T16:18:08.2151434Z   update-environment: true
job-core	Set up Python	2026-02-28T16:18:08.2152178Z   allow-prereleases: false
job-core	Set up Python	2026-02-28T16:18:08.2152991Z env:
job-core	Set up Python	2026-02-28T16:18:08.2153573Z   PYTHON_VERSION: 3.9
job-core	Set up Python	2026-02-28T16:18:08.2155874Z   MONGO_SUPERUSER_CONNECTION: ***
job-core	Set up Python	2026-02-28T16:18:08.2157237Z   MONGO_NEW_PASS: ***
job-core	Set up Python	2026-02-28T16:18:08.2158370Z   MONGO_SCRIPT_CREATE: devops/core/mongo/scripts/add-doc-to-db.py
job-core	Set up Python	2026-02-28T16:18:08.2158854Z   KAOS_CODE: 22524294862
job-core	Set up Python	2026-02-28T16:18:08.2159186Z   KAOS_MODULE: [Ka0s] Autom add docs to MongoDB
job-core	Set up Python	2026-02-28T16:18:08.2159569Z   REPORT_SCAN: audit/
job-core	Set up Python	2026-02-28T16:18:08.2159856Z   REPORT_PATH: audit/mongodb/
job-core	Set up Python	2026-02-28T16:18:08.2160209Z   REPORT_FILENAME: mongo_setup_22524294862.json
job-core	Set up Python	2026-02-28T16:18:08.2161147Z   REPORT_FILENAME_LIST: mongo_list_22524294862.json
job-core	Set up Python	2026-02-28T16:18:08.2161635Z   REPORT_FILENAME_DB: mongo_create_db_22524294862.json
job-core	Set up Python	2026-02-28T16:18:08.2162029Z   GITHUB_OUTPUT: 
job-core	Set up Python	2026-02-28T16:18:08.2162289Z ##[endgroup]
job-core	Set up Python	2026-02-28T16:18:08.6740997Z ##[group]Installed versions
job-core	Set up Python	2026-02-28T16:18:08.6762198Z Version 3.9 was not found in the local cache
job-core	Set up Python	2026-02-28T16:18:09.8750107Z Version 3.9 is available for downloading
job-core	Set up Python	2026-02-28T16:18:09.8751877Z Download from "https://github.com/actions/python-versions/releases/download/3.9.25-19039189640/python-3.9.25-linux-24.04-x64.tar.gz"
job-core	Set up Python	2026-02-28T16:18:12.2535134Z Extract downloaded archive
job-core	Set up Python	2026-02-28T16:18:12.2762258Z [command]/usr/bin/tar xz --warning=no-unknown-keyword -C /home/runner/_work/_temp/eeb9bc1c-6afb-459c-8166-4758bc946dc1 -f /home/runner/_work/_temp/0bd4927e-27c7-4fbb-9558-f209c3ac54f8
job-core	Set up Python	2026-02-28T16:18:15.3640071Z Execute installation script
job-core	Set up Python	2026-02-28T16:18:15.3773228Z Check if Python hostedtoolcache folder exist...
job-core	Set up Python	2026-02-28T16:18:15.3774450Z Creating Python hostedtoolcache folder...
job-core	Set up Python	2026-02-28T16:18:15.3794038Z Create Python 3.9.25 folder
job-core	Set up Python	2026-02-28T16:18:15.3819638Z Copy Python binaries to hostedtoolcache folder
job-core	Set up Python	2026-02-28T16:18:17.0655147Z Create additional symlinks (Required for the UsePythonVersion Azure Pipelines task and the setup-python GitHub Action)
job-core	Set up Python	2026-02-28T16:18:17.0731482Z Upgrading pip...
job-core	Set up Python	2026-02-28T16:18:21.6826804Z Looking in links: /tmp/tmpl1y3tfs0
job-core	Set up Python	2026-02-28T16:18:21.6838414Z Requirement already satisfied: setuptools in /home/runner/_work/_tool/Python/3.9.25/x64/lib/python3.9/site-packages (79.0.1)
job-core	Set up Python	2026-02-28T16:18:21.6849014Z Requirement already satisfied: pip in /home/runner/_work/_tool/Python/3.9.25/x64/lib/python3.9/site-packages (23.0.1)
job-core	Set up Python	2026-02-28T16:18:25.0384821Z Collecting pip
job-core	Set up Python	2026-02-28T16:18:25.1252002Z Downloading pip-26.0.1-py3-none-any.whl (1.8 MB)
job-core	Set up Python	2026-02-28T16:18:25.2079622Z ‚îÅ‚îÅ‚îÅ‚îÅ‚îÅ‚îÅ‚îÅ‚îÅ‚îÅ‚îÅ‚îÅ‚îÅ‚îÅ‚îÅ‚îÅ‚îÅ‚îÅ‚îÅ‚îÅ‚îÅ‚îÅ‚îÅ‚îÅ‚îÅ‚îÅ‚îÅ‚îÅ‚îÅ‚îÅ‚îÅ‚îÅ‚îÅ‚îÅ‚îÅ‚îÅ‚îÅ‚îÅ‚îÅ‚îÅ‚îÅ 1.8/1.8 MB 24.0 MB/s eta 0:00:00
job-core	Set up Python	2026-02-28T16:18:25.3733354Z Installing collected packages: pip
job-core	Set up Python	2026-02-28T16:18:25.3772303Z Attempting uninstall: pip
job-core	Set up Python	2026-02-28T16:18:25.3774028Z Found existing installation: pip 23.0.1
job-core	Set up Python	2026-02-28T16:18:26.1726543Z Uninstalling pip-23.0.1:
job-core	Set up Python	2026-02-28T16:18:26.1970962Z Successfully uninstalled pip-23.0.1
job-core	Set up Python	2026-02-28T16:18:28.0812102Z Successfully installed pip-26.0.1
job-core	Set up Python	2026-02-28T16:18:28.2000436Z Create complete file
job-core	Set up Python	2026-02-28T16:18:28.2069291Z Successfully set up CPython (3.9.25)
job-core	Set up Python	2026-02-28T16:18:28.2071548Z ##[endgroup]
job-core	Install dependencies	Ôªø2026-02-28T16:18:28.2345237Z ##[group]Run pip install pymongo
job-core	Install dependencies	2026-02-28T16:18:28.2346354Z [36;1mpip install pymongo[0m
job-core	Install dependencies	2026-02-28T16:18:28.2371984Z shell: /usr/bin/bash -e {0}
job-core	Install dependencies	2026-02-28T16:18:28.2372679Z env:
job-core	Install dependencies	2026-02-28T16:18:28.2373314Z   PYTHON_VERSION: 3.9
job-core	Install dependencies	2026-02-28T16:18:28.2374978Z   MONGO_SUPERUSER_CONNECTION: ***
job-core	Install dependencies	2026-02-28T16:18:28.2375667Z   MONGO_NEW_PASS: ***
job-core	Install dependencies	2026-02-28T16:18:28.2376060Z   MONGO_SCRIPT_CREATE: devops/core/mongo/scripts/add-doc-to-db.py
job-core	Install dependencies	2026-02-28T16:18:28.2376509Z   KAOS_CODE: 22524294862
job-core	Install dependencies	2026-02-28T16:18:28.2376848Z   KAOS_MODULE: [Ka0s] Autom add docs to MongoDB
job-core	Install dependencies	2026-02-28T16:18:28.2377213Z   REPORT_SCAN: audit/
job-core	Install dependencies	2026-02-28T16:18:28.2377489Z   REPORT_PATH: audit/mongodb/
job-core	Install dependencies	2026-02-28T16:18:28.2378373Z   REPORT_FILENAME: mongo_setup_22524294862.json
job-core	Install dependencies	2026-02-28T16:18:28.2378865Z   REPORT_FILENAME_LIST: mongo_list_22524294862.json
job-core	Install dependencies	2026-02-28T16:18:28.2379311Z   REPORT_FILENAME_DB: mongo_create_db_22524294862.json
job-core	Install dependencies	2026-02-28T16:18:28.2379826Z   GITHUB_OUTPUT: 
job-core	Install dependencies	2026-02-28T16:18:28.2380176Z   pythonLocation: /home/runner/_work/_tool/Python/3.9.25/x64
job-core	Install dependencies	2026-02-28T16:18:28.2380785Z   PKG_CONFIG_PATH: /home/runner/_work/_tool/Python/3.9.25/x64/lib/pkgconfig
job-core	Install dependencies	2026-02-28T16:18:28.2381355Z   Python_ROOT_DIR: /home/runner/_work/_tool/Python/3.9.25/x64
job-core	Install dependencies	2026-02-28T16:18:28.2381868Z   Python2_ROOT_DIR: /home/runner/_work/_tool/Python/3.9.25/x64
job-core	Install dependencies	2026-02-28T16:18:28.2382389Z   Python3_ROOT_DIR: /home/runner/_work/_tool/Python/3.9.25/x64
job-core	Install dependencies	2026-02-28T16:18:28.2382908Z   LD_LIBRARY_PATH: /home/runner/_work/_tool/Python/3.9.25/x64/lib
job-core	Install dependencies	2026-02-28T16:18:28.2383736Z ##[endgroup]
job-core	Install dependencies	2026-02-28T16:18:30.2070988Z Collecting pymongo
job-core	Install dependencies	2026-02-28T16:18:30.2753463Z   Downloading pymongo-4.16.0-cp39-cp39-manylinux2014_x86_64.manylinux_2_17_x86_64.manylinux_2_28_x86_64.whl.metadata (10.0 kB)
job-core	Install dependencies	2026-02-28T16:18:30.3145261Z Collecting dnspython<3.0.0,>=2.6.1 (from pymongo)
job-core	Install dependencies	2026-02-28T16:18:30.3216096Z   Downloading dnspython-2.7.0-py3-none-any.whl.metadata (5.8 kB)
job-core	Install dependencies	2026-02-28T16:18:30.3430772Z Downloading pymongo-4.16.0-cp39-cp39-manylinux2014_x86_64.manylinux_2_17_x86_64.manylinux_2_28_x86_64.whl (947 kB)
job-core	Install dependencies	2026-02-28T16:18:30.3991297Z    ‚îÅ‚îÅ‚îÅ‚îÅ‚îÅ‚îÅ‚îÅ‚îÅ‚îÅ‚îÅ‚îÅ‚îÅ‚îÅ‚îÅ‚îÅ‚îÅ‚îÅ‚îÅ‚îÅ‚îÅ‚îÅ‚îÅ‚îÅ‚îÅ‚îÅ‚îÅ‚îÅ‚îÅ‚îÅ‚îÅ‚îÅ‚îÅ‚îÅ‚îÅ‚îÅ‚îÅ‚îÅ‚îÅ‚îÅ‚îÅ 947.2/947.2 kB 24.3 MB/s  0:00:00
job-core	Install dependencies	2026-02-28T16:18:30.4063537Z Downloading dnspython-2.7.0-py3-none-any.whl (313 kB)
job-core	Install dependencies	2026-02-28T16:18:30.4778103Z Installing collected packages: dnspython, pymongo
job-core	Install dependencies	2026-02-28T16:18:31.7698879Z 
job-core	Install dependencies	2026-02-28T16:18:31.7731958Z Successfully installed dnspython-2.7.0 pymongo-4.16.0
job-core	Create database MongoDB	Ôªø2026-02-28T16:18:32.0865077Z ##[group]Run python devops/core/mongo/scripts/add-doc-to-db.py
job-core	Create database MongoDB	2026-02-28T16:18:32.0867138Z [36;1mpython devops/core/mongo/scripts/add-doc-to-db.py[0m
job-core	Create database MongoDB	2026-02-28T16:18:32.0868397Z [36;1mecho "Downloading files to MongoDB update repository ..."[0m
job-core	Create database MongoDB	2026-02-28T16:18:32.0869101Z [36;1mgit config --global user.name "***"[0m
job-core	Create database MongoDB	2026-02-28T16:18:32.0869564Z [36;1mgit config --global user.email "***"[0m
job-core	Create database MongoDB	2026-02-28T16:18:32.0869937Z [36;1mgit pull[0m
job-core	Create database MongoDB	2026-02-28T16:18:32.0870331Z [36;1mecho "[Ka0s] Uploading files to MongoDB update repository ..."[0m
job-core	Create database MongoDB	2026-02-28T16:18:32.0870819Z [36;1mgit add audit/[0m
job-core	Create database MongoDB	2026-02-28T16:18:32.0871367Z [36;1mgit commit -m "[Ka0S] Uploading Autom add docs to MongoDB..." || echo "No changes to commit"[0m
job-core	Create database MongoDB	2026-02-28T16:18:32.0871981Z [36;1mMAX_RETRIES=3[0m
job-core	Create database MongoDB	2026-02-28T16:18:32.0872267Z [36;1mCOUNT=0[0m
job-core	Create database MongoDB	2026-02-28T16:18:32.0872808Z [36;1muntil git push origin refs/heads/main --force-with-lease; do[0m
job-core	Create database MongoDB	2026-02-28T16:18:32.0873297Z [36;1m  COUNT=$((COUNT+1))[0m
job-core	Create database MongoDB	2026-02-28T16:18:32.0883341Z [36;1m  if [ $COUNT -ge $MAX_RETRIES ]; then[0m
job-core	Create database MongoDB	2026-02-28T16:18:32.0883928Z [36;1m    echo "‚ùå Error: git push failed after $MAX_RETRIES attempts."[0m
job-core	Create database MongoDB	2026-02-28T16:18:32.0884409Z [36;1m    exit 1[0m
job-core	Create database MongoDB	2026-02-28T16:18:32.0884672Z [36;1m  fi[0m
job-core	Create database MongoDB	2026-02-28T16:18:32.0885047Z [36;1m  echo "‚ö†Ô∏è git push failed, retrying ($COUNT/$MAX_RETRIES)..."[0m
job-core	Create database MongoDB	2026-02-28T16:18:32.0885513Z [36;1m  git pull[0m
job-core	Create database MongoDB	2026-02-28T16:18:32.0885781Z [36;1m  sleep 2[0m
job-core	Create database MongoDB	2026-02-28T16:18:32.0886040Z [36;1mdone[0m
job-core	Create database MongoDB	2026-02-28T16:18:32.0904293Z shell: /usr/bin/bash -e {0}
job-core	Create database MongoDB	2026-02-28T16:18:32.0905024Z env:
job-core	Create database MongoDB	2026-02-28T16:18:32.0905618Z   PYTHON_VERSION: 3.9
job-core	Create database MongoDB	2026-02-28T16:18:32.0909063Z   MONGO_SUPERUSER_CONNECTION: ***
job-core	Create database MongoDB	2026-02-28T16:18:32.0910535Z   MONGO_NEW_PASS: ***
job-core	Create database MongoDB	2026-02-28T16:18:32.0911677Z   MONGO_SCRIPT_CREATE: devops/core/mongo/scripts/add-doc-to-db.py
job-core	Create database MongoDB	2026-02-28T16:18:32.0912998Z   KAOS_CODE: 22524294862
job-core	Create database MongoDB	2026-02-28T16:18:32.0913808Z   KAOS_MODULE: [Ka0s] Autom add docs to MongoDB
job-core	Create database MongoDB	2026-02-28T16:18:32.0914173Z   REPORT_SCAN: audit/
job-core	Create database MongoDB	2026-02-28T16:18:32.0914481Z   REPORT_PATH: audit/mongodb/
job-core	Create database MongoDB	2026-02-28T16:18:32.0914821Z   REPORT_FILENAME: mongo_setup_22524294862.json
job-core	Create database MongoDB	2026-02-28T16:18:32.0915226Z   REPORT_FILENAME_LIST: mongo_list_22524294862.json
job-core	Create database MongoDB	2026-02-28T16:18:32.0915655Z   REPORT_FILENAME_DB: mongo_create_db_22524294862.json
job-core	Create database MongoDB	2026-02-28T16:18:32.0916032Z   GITHUB_OUTPUT: 
job-core	Create database MongoDB	2026-02-28T16:18:32.0916386Z   pythonLocation: /home/runner/_work/_tool/Python/3.9.25/x64
job-core	Create database MongoDB	2026-02-28T16:18:32.0916948Z   PKG_CONFIG_PATH: /home/runner/_work/_tool/Python/3.9.25/x64/lib/pkgconfig
job-core	Create database MongoDB	2026-02-28T16:18:32.0917513Z   Python_ROOT_DIR: /home/runner/_work/_tool/Python/3.9.25/x64
job-core	Create database MongoDB	2026-02-28T16:18:32.0918828Z   Python2_ROOT_DIR: /home/runner/_work/_tool/Python/3.9.25/x64
job-core	Create database MongoDB	2026-02-28T16:18:32.0919898Z   Python3_ROOT_DIR: /home/runner/_work/_tool/Python/3.9.25/x64
job-core	Create database MongoDB	2026-02-28T16:18:32.0920729Z   LD_LIBRARY_PATH: /home/runner/_work/_tool/Python/3.9.25/x64/lib
job-core	Create database MongoDB	2026-02-28T16:18:32.0921284Z ##[endgroup]
job-core	Create database MongoDB	2026-02-28T16:18:32.6838974Z [DEBUG] Procesamos el directorio: audit/
job-core	Create database MongoDB	2026-02-28T16:18:32.6840787Z [DEBUG] Procesamos el directorio: audit/
job-core	Create database MongoDB	2026-02-28T16:18:32.6841568Z [DEBUG] Comprobamos el nombre DB: eresults
job-core	Create database MongoDB	2026-02-28T16:18:32.6842337Z [DEBUG] Extensiones procesadas: {'md'}
job-core	Create database MongoDB	2026-02-28T16:18:32.6843087Z [DEBUG] Tipo de ext: <class 'str'>, Valor: md
job-core	Create database MongoDB	2026-02-28T16:18:32.6844099Z [DEBUG] Creando colecci√≥n: col_md
job-core	Create database MongoDB	2026-02-28T16:18:32.6844831Z [DEBUG] Procesamos el directorio: audit/
job-core	Create database MongoDB	2026-02-28T16:18:32.6845596Z [DEBUG] Comprobamos el nombre DB: workflows
job-core	Create database MongoDB	2026-02-28T16:18:32.6846362Z [DEBUG] Extensiones procesadas: {'md'}
job-core	Create database MongoDB	2026-02-28T16:18:32.6847136Z [DEBUG] Tipo de ext: <class 'str'>, Valor: md
job-core	Create database MongoDB	2026-02-28T16:18:32.6848507Z [DEBUG] Creando colecci√≥n: col_md
job-core	Create database MongoDB	2026-02-28T16:18:32.6849172Z [DEBUG] Procesamos el directorio: audit/
job-core	Create database MongoDB	2026-02-28T16:18:32.6849864Z [DEBUG] Comprobamos el nombre DB: cmdb
job-core	Create database MongoDB	2026-02-28T16:18:32.6850517Z [DEBUG] Extensiones procesadas: {'md'}
job-core	Create database MongoDB	2026-02-28T16:18:32.6851173Z [DEBUG] Tipo de ext: <class 'str'>, Valor: md
job-core	Create database MongoDB	2026-02-28T16:18:32.6852660Z [DEBUG] Creando colecci√≥n: col_md
job-core	Create database MongoDB	2026-02-28T16:18:32.6853313Z [DEBUG] Procesamos el directorio: audit/
job-core	Create database MongoDB	2026-02-28T16:18:32.6853979Z [DEBUG] Comprobamos el nombre DB: mongodb
job-core	Create database MongoDB	2026-02-28T16:18:32.6854660Z [DEBUG] Extensiones procesadas: {'md', 'json'}
job-core	Create database MongoDB	2026-02-28T16:18:32.6855330Z [DEBUG] Tipo de ext: <class 'str'>, Valor: md
job-core	Create database MongoDB	2026-02-28T16:18:32.6856605Z [DEBUG] Creando colecci√≥n: col_md
job-core	Create database MongoDB	2026-02-28T16:18:32.6858094Z [DEBUG] Tipo de ext: <class 'str'>, Valor: json
job-core	Create database MongoDB	2026-02-28T16:18:32.6858976Z [DEBUG] Creando colecci√≥n: col_json
job-core	Create database MongoDB	2026-02-28T16:18:32.6859660Z [DEBUG] Procesamos el directorio: audit/
job-core	Create database MongoDB	2026-02-28T16:18:32.6860463Z [DEBUG] Comprobamos el nombre DB: hosts
job-core	Create database MongoDB	2026-02-28T16:18:32.6861221Z [DEBUG] Extensiones procesadas: {'md'}
job-core	Create database MongoDB	2026-02-28T16:18:32.6861920Z [DEBUG] Tipo de ext: <class 'str'>, Valor: md
job-core	Create database MongoDB	2026-02-28T16:18:32.6874320Z [DEBUG] Creando colecci√≥n: col_md
job-core	Create database MongoDB	2026-02-28T16:18:32.6875226Z [DEBUG] Procesamos el directorio: audit/
job-core	Create database MongoDB	2026-02-28T16:18:32.6876081Z [DEBUG] Comprobamos el nombre DB: execution
job-core	Create database MongoDB	2026-02-28T16:18:32.6876928Z [DEBUG] Extensiones procesadas: {'md'}
job-core	Create database MongoDB	2026-02-28T16:18:32.6877641Z [DEBUG] Tipo de ext: <class 'str'>, Valor: md
job-core	Create database MongoDB	2026-02-28T16:18:32.6879018Z [DEBUG] Creando colecci√≥n: col_md
job-core	Create database MongoDB	2026-02-28T16:18:32.6879732Z [DEBUG] Procesamos el directorio: audit/
job-core	Create database MongoDB	2026-02-28T16:18:32.6880496Z [DEBUG] Comprobamos el nombre DB: inspector
job-core	Create database MongoDB	2026-02-28T16:18:32.6881349Z [DEBUG] Extensiones procesadas: {'json', 'log', 'md'}
job-core	Create database MongoDB	2026-02-28T16:18:32.6882204Z [DEBUG] Tipo de ext: <class 'str'>, Valor: json
job-core	Create database MongoDB	2026-02-28T16:18:32.6883077Z [DEBUG] Creando colecci√≥n: col_json
job-core	Create database MongoDB	2026-02-28T16:18:32.6883806Z [DEBUG] Tipo de ext: <class 'str'>, Valor: log
job-core	Create database MongoDB	2026-02-28T16:18:32.6884649Z [DEBUG] Creando colecci√≥n: col_log
job-core	Create database MongoDB	2026-02-28T16:18:32.6885362Z [DEBUG] Tipo de ext: <class 'str'>, Valor: md
job-core	Create database MongoDB	2026-02-28T16:18:32.6886216Z [DEBUG] Creando colecci√≥n: col_md
job-core	Create database MongoDB	2026-02-28T16:18:32.6886918Z [DEBUG] Procesamos el directorio: audit/
job-core	Create database MongoDB	2026-02-28T16:18:32.6887622Z [DEBUG] Comprobamos el nombre DB: scan
job-core	Create database MongoDB	2026-02-28T16:18:32.6888460Z [DEBUG] Extensiones procesadas: {'md'}
job-core	Create database MongoDB	2026-02-28T16:18:32.6889211Z [DEBUG] Tipo de ext: <class 'str'>, Valor: md
job-core	Create database MongoDB	2026-02-28T16:18:32.6890083Z [DEBUG] Creando colecci√≥n: col_md
job-core	Create database MongoDB	2026-02-28T16:18:32.6890725Z [DEBUG] Procesamos el directorio: audit/
job-core	Create database MongoDB	2026-02-28T16:18:32.6891482Z [DEBUG] Comprobamos el nombre DB: jsonlint
job-core	Create database MongoDB	2026-02-28T16:18:32.6892232Z [DEBUG] Extensiones procesadas: {'md'}
job-core	Create database MongoDB	2026-02-28T16:18:32.6892977Z [DEBUG] Tipo de ext: <class 'str'>, Valor: md
job-core	Create database MongoDB	2026-02-28T16:18:32.6893812Z [DEBUG] Creando colecci√≥n: col_md
job-core	Create database MongoDB	2026-02-28T16:18:32.6894484Z [DEBUG] Procesamos el directorio: audit/
job-core	Create database MongoDB	2026-02-28T16:18:32.6895223Z [DEBUG] Comprobamos el nombre DB: yamllint
job-core	Create database MongoDB	2026-02-28T16:18:32.6895958Z [DEBUG] Extensiones procesadas: {'md'}
job-core	Create database MongoDB	2026-02-28T16:18:32.6896684Z [DEBUG] Tipo de ext: <class 'str'>, Valor: md
job-core	Create database MongoDB	2026-02-28T16:18:32.6897515Z [DEBUG] Creando colecci√≥n: col_md
job-core	Create database MongoDB	2026-02-28T16:18:32.6898280Z [DEBUG] Procesamos el directorio: audit/
job-core	Create database MongoDB	2026-02-28T16:18:32.6898941Z [DEBUG] Comprobamos el nombre DB: trash
job-core	Create database MongoDB	2026-02-28T16:18:32.6899602Z [DEBUG] Extensiones procesadas: {'md'}
job-core	Create database MongoDB	2026-02-28T16:18:32.6900813Z [DEBUG] Tipo de ext: <class 'str'>, Valor: md
job-core	Create database MongoDB	2026-02-28T16:18:32.6901588Z [DEBUG] Creando colecci√≥n: col_md
job-core	Create database MongoDB	2026-02-28T16:18:32.6902206Z [DEBUG] Procesamos el directorio: audit/
job-core	Create database MongoDB	2026-02-28T16:18:32.6902863Z [DEBUG] Comprobamos el nombre DB: mdlint
job-core	Create database MongoDB	2026-02-28T16:18:32.6903514Z [DEBUG] Extensiones procesadas: {'md'}
job-core	Create database MongoDB	2026-02-28T16:18:32.6904171Z [DEBUG] Tipo de ext: <class 'str'>, Valor: md
job-core	Create database MongoDB	2026-02-28T16:18:32.6904926Z [DEBUG] Creando colecci√≥n: col_md
job-core	Create database MongoDB	2026-02-28T16:18:32.6905543Z [DEBUG] Procesamos el directorio: audit/
job-core	Create database MongoDB	2026-02-28T16:18:32.6906202Z [DEBUG] Comprobamos el nombre DB: issues
job-core	Create database MongoDB	2026-02-28T16:18:32.6906851Z [DEBUG] Extensiones procesadas: {'md'}
job-core	Create database MongoDB	2026-02-28T16:18:32.6907482Z [DEBUG] Tipo de ext: <class 'str'>, Valor: md
job-core	Create database MongoDB	2026-02-28T16:18:32.6908333Z [DEBUG] Creando colecci√≥n: col_md
job-core	Create database MongoDB	2026-02-28T16:18:32.6909559Z [DEBUG] Procesamos el directorio: audit/
job-core	Create database MongoDB	2026-02-28T16:18:32.6910529Z [DEBUG] Comprobamos el nombre DB: sync
job-core	Create database MongoDB	2026-02-28T16:18:32.6914684Z [DEBUG] Extensiones procesadas: {'md'}
job-core	Create database MongoDB	2026-02-28T16:18:32.6915696Z [DEBUG] Tipo de ext: <class 'str'>, Valor: md
job-core	Create database MongoDB	2026-02-28T16:18:32.6917015Z [DEBUG] Creando colecci√≥n: col_md
job-core	Create database MongoDB	2026-02-28T16:18:32.6918421Z [DEBUG] Procesamos el directorio: audit/
job-core	Create database MongoDB	2026-02-28T16:18:32.6919826Z [DEBUG] Comprobamos el nombre DB: deploy
job-core	Create database MongoDB	2026-02-28T16:18:32.6920619Z [DEBUG] Extensiones procesadas: {'md'}
job-core	Create database MongoDB	2026-02-28T16:18:32.6921581Z [DEBUG] Tipo de ext: <class 'str'>, Valor: md
job-core	Create database MongoDB	2026-02-28T16:18:32.6922914Z [DEBUG] Creando colecci√≥n: col_md
job-core	Create database MongoDB	2026-02-28T16:18:32.6924080Z [DEBUG] Procesamos el directorio: audit/
job-core	Create database MongoDB	2026-02-28T16:18:32.6924724Z [DEBUG] Comprobamos el nombre DB: itop
job-core	Create database MongoDB	2026-02-28T16:18:32.6925331Z [DEBUG] Extensiones procesadas: {'md'}
job-core	Create database MongoDB	2026-02-28T16:18:32.6925959Z [DEBUG] Tipo de ext: <class 'str'>, Valor: md
job-core	Create database MongoDB	2026-02-28T16:18:32.6926771Z [DEBUG] Creando colecci√≥n: col_md
job-core	Create database MongoDB	2026-02-28T16:18:32.6927372Z [DEBUG] Procesamos el directorio: audit/
job-core	Create database MongoDB	2026-02-28T16:18:32.6928290Z [DEBUG] Comprobamos el nombre DB: kaos
job-core	Create database MongoDB	2026-02-28T16:18:32.6929144Z [DEBUG] Extensiones procesadas: {'md'}
job-core	Create database MongoDB	2026-02-28T16:18:32.6929953Z [DEBUG] Tipo de ext: <class 'str'>, Valor: md
job-core	Create database MongoDB	2026-02-28T16:18:32.6931107Z [DEBUG] Creando colecci√≥n: col_md
job-core	Create database MongoDB	2026-02-28T16:18:32.6932085Z [DEBUG] Procesamos el directorio: audit/
job-core	Create database MongoDB	2026-02-28T16:18:32.6932839Z [DEBUG] Comprobamos el nombre DB: kube
job-core	Create database MongoDB	2026-02-28T16:18:32.6933703Z [DEBUG] Extensiones procesadas: {'json', 'md', 'html'}
job-core	Create database MongoDB	2026-02-28T16:18:32.6934446Z [DEBUG] Tipo de ext: <class 'str'>, Valor: json
job-core	Create database MongoDB	2026-02-28T16:18:32.6935292Z [DEBUG] Creando colecci√≥n: col_json
job-core	Create database MongoDB	2026-02-28T16:18:32.6935937Z [DEBUG] Tipo de ext: <class 'str'>, Valor: md
job-core	Create database MongoDB	2026-02-28T16:18:32.6936687Z [DEBUG] Creando colecci√≥n: col_md
job-core	Create database MongoDB	2026-02-28T16:18:32.6937319Z [DEBUG] Tipo de ext: <class 'str'>, Valor: html
job-core	Create database MongoDB	2026-02-28T16:18:32.6938544Z [DEBUG] Creando colecci√≥n: col_html
job-core	Create database MongoDB	2026-02-28T16:18:32.6939176Z [DEBUG] Archivos eliminados en: audit/
job-core	Create database MongoDB	2026-02-28T16:18:32.6939949Z ‚úÖ Proceso completado: 20 documentos insertados
job-core	Create database MongoDB	2026-02-28T16:18:32.9129151Z Downloading files to MongoDB update repository ...
job-core	Create database MongoDB	2026-02-28T16:18:33.8135012Z From https://github.com/Ka0s-Klaus/ka0s
job-core	Create database MongoDB	2026-02-28T16:18:33.8136997Z    dfc0aa37f..b4820631d  main       -> origin/main
job-core	Create database MongoDB	2026-02-28T16:18:34.0487277Z Updating dfc0aa37f..b4820631d
job-core	Create database MongoDB	2026-02-28T16:18:34.0496050Z Fast-forward
job-core	Create database MongoDB	2026-02-28T16:18:34.0692941Z  audit/kube/cluster-dashboard-20260227-231705.html | 293 +++++++++++++++++++++
job-core	Create database MongoDB	2026-02-28T16:18:34.0699159Z  audit/kube/cluster-dashboard-20260227-231852.html | 293 +++++++++++++++++++++
job-core	Create database MongoDB	2026-02-28T16:18:34.0730487Z  audit/kube/cluster-dashboard-20260228-010225.html | 293 +++++++++++++++++++++
job-core	Create database MongoDB	2026-02-28T16:18:34.0732801Z  audit/kube/cluster-dashboard-20260228-011152.html | 293 +++++++++++++++++++++
job-core	Create database MongoDB	2026-02-28T16:18:34.0734972Z  audit/kube/cluster-dashboard-20260228-034723.html | 293 +++++++++++++++++++++
job-core	Create database MongoDB	2026-02-28T16:18:34.0737086Z  audit/kube/cluster-dashboard-20260228-034805.html | 293 +++++++++++++++++++++
job-core	Create database MongoDB	2026-02-28T16:18:34.0740187Z  audit/kube/cluster-dashboard-20260228-044846.html | 293 +++++++++++++++++++++
job-core	Create database MongoDB	2026-02-28T16:18:34.0742364Z  audit/kube/cluster-dashboard-20260228-044920.html | 293 +++++++++++++++++++++
job-core	Create database MongoDB	2026-02-28T16:18:34.0743869Z  audit/kube/cluster-dashboard-20260228-052708.html | 293 +++++++++++++++++++++
job-core	Create database MongoDB	2026-02-28T16:18:34.0745412Z  audit/kube/cluster-dashboard-20260228-052812.html | 293 +++++++++++++++++++++
job-core	Create database MongoDB	2026-02-28T16:18:34.0746992Z  audit/kube/cluster-dashboard-20260228-062523.html | 293 +++++++++++++++++++++
job-core	Create database MongoDB	2026-02-28T16:18:34.0795298Z  audit/kube/cluster-dashboard-20260228-062802.html | 293 +++++++++++++++++++++
job-core	Create database MongoDB	2026-02-28T16:18:34.0796881Z  audit/kube/cluster-dashboard-20260228-072037.html | 293 +++++++++++++++++++++
job-core	Create database MongoDB	2026-02-28T16:18:34.0800626Z  audit/kube/cluster-dashboard-20260228-072054.html | 293 +++++++++++++++++++++
job-core	Create database MongoDB	2026-02-28T16:18:34.0802454Z  audit/kube/cluster-dashboard-20260228-081822.html | 293 +++++++++++++++++++++
job-core	Create database MongoDB	2026-02-28T16:18:34.0803991Z  audit/kube/cluster-dashboard-20260228-081958.html | 293 +++++++++++++++++++++
job-core	Create database MongoDB	2026-02-28T16:18:34.0805844Z  audit/kube/cluster-dashboard-20260228-091755.html | 293 +++++++++++++++++++++
job-core	Create database MongoDB	2026-02-28T16:18:34.0807221Z  audit/kube/cluster-dashboard-20260228-091857.html | 293 +++++++++++++++++++++
job-core	Create database MongoDB	2026-02-28T16:18:34.0815577Z  audit/kube/cluster-dashboard-20260228-101451.html | 293 +++++++++++++++++++++
job-core	Create database MongoDB	2026-02-28T16:18:34.0817016Z  audit/kube/cluster-dashboard-20260228-101755.html | 293 +++++++++++++++++++++
job-core	Create database MongoDB	2026-02-28T16:18:34.0828777Z  audit/kube/cluster-dashboard-20260228-111225.html | 293 +++++++++++++++++++++
job-core	Create database MongoDB	2026-02-28T16:18:34.0830203Z  audit/kube/cluster-dashboard-20260228-111303.html | 293 +++++++++++++++++++++
job-core	Create database MongoDB	2026-02-28T16:18:34.0831546Z  audit/kube/cluster-dashboard-20260228-122519.html | 293 +++++++++++++++++++++
job-core	Create database MongoDB	2026-02-28T16:18:34.0833002Z  audit/kube/cluster-dashboard-20260228-122914.html | 293 +++++++++++++++++++++
job-core	Create database MongoDB	2026-02-28T16:18:34.0834385Z  audit/kube/cluster-dashboard-20260228-133133.html | 293 +++++++++++++++++++++
job-core	Create database MongoDB	2026-02-28T16:18:34.0835839Z  audit/kube/cluster-dashboard-20260228-133145.html | 293 +++++++++++++++++++++
job-core	Create database MongoDB	2026-02-28T16:18:34.0837289Z  audit/kube/cluster-dashboard-20260228-141438.html | 294 ++++++++++++++++++++++
job-core	Create database MongoDB	2026-02-28T16:18:34.0857196Z  audit/kube/cluster-dashboard-20260228-141536.html | 293 +++++++++++++++++++++
job-core	Create database MongoDB	2026-02-28T16:18:34.0859602Z  audit/kube/cluster-dashboard-20260228-151352.html | 293 +++++++++++++++++++++
job-core	Create database MongoDB	2026-02-28T16:18:34.0862710Z  audit/kube/cluster-dashboard-20260228-161801.html | 293 +++++++++++++++++++++
job-core	Create database MongoDB	2026-02-28T16:18:34.0864258Z  audit/kube/cluster-report-20260227-231705.json    | 241 ++++++++++++++++++
job-core	Create database MongoDB	2026-02-28T16:18:34.0865429Z  audit/kube/cluster-report-20260227-231705.md      |  59 +++++
job-core	Create database MongoDB	2026-02-28T16:18:34.0866761Z  audit/kube/cluster-report-20260227-231852.json    | 241 ++++++++++++++++++
job-core	Create database MongoDB	2026-02-28T16:18:34.0905266Z  audit/kube/cluster-report-20260227-231852.md      |  59 +++++
job-core	Create database MongoDB	2026-02-28T16:18:34.0906741Z  audit/kube/cluster-report-20260228-010225.json    | 241 ++++++++++++++++++
job-core	Create database MongoDB	2026-02-28T16:18:34.0908652Z  audit/kube/cluster-report-20260228-010225.md      |  59 +++++
job-core	Create database MongoDB	2026-02-28T16:18:34.0910252Z  audit/kube/cluster-report-20260228-011152.json    | 241 ++++++++++++++++++
job-core	Create database MongoDB	2026-02-28T16:18:34.0911361Z  audit/kube/cluster-report-20260228-011152.md      |  59 +++++
job-core	Create database MongoDB	2026-02-28T16:18:34.0912387Z  audit/kube/cluster-report-20260228-034723.json    | 241 ++++++++++++++++++
job-core	Create database MongoDB	2026-02-28T16:18:34.0913514Z  audit/kube/cluster-report-20260228-034723.md      |  59 +++++
job-core	Create database MongoDB	2026-02-28T16:18:34.0914679Z  audit/kube/cluster-report-20260228-034805.json    | 241 ++++++++++++++++++
job-core	Create database MongoDB	2026-02-28T16:18:34.0915772Z  audit/kube/cluster-report-20260228-034805.md      |  59 +++++
job-core	Create database MongoDB	2026-02-28T16:18:34.0916897Z  audit/kube/cluster-report-20260228-044846.json    | 241 ++++++++++++++++++
job-core	Create database MongoDB	2026-02-28T16:18:34.0918681Z  audit/kube/cluster-report-20260228-044846.md      |  59 +++++
job-core	Create database MongoDB	2026-02-28T16:18:34.0920361Z  audit/kube/cluster-report-20260228-044920.json    | 241 ++++++++++++++++++
job-core	Create database MongoDB	2026-02-28T16:18:34.0921988Z  audit/kube/cluster-report-20260228-044920.md      |  59 +++++
job-core	Create database MongoDB	2026-02-28T16:18:34.0924272Z  audit/kube/cluster-report-20260228-052708.json    | 241 ++++++++++++++++++
job-core	Create database MongoDB	2026-02-28T16:18:34.0925538Z  audit/kube/cluster-report-20260228-052708.md      |  59 +++++
job-core	Create database MongoDB	2026-02-28T16:18:34.0926805Z  audit/kube/cluster-report-20260228-052812.json    | 241 ++++++++++++++++++
job-core	Create database MongoDB	2026-02-28T16:18:34.0928546Z  audit/kube/cluster-report-20260228-052812.md      |  59 +++++
job-core	Create database MongoDB	2026-02-28T16:18:34.0930363Z  audit/kube/cluster-report-20260228-062523.json    | 241 ++++++++++++++++++
job-core	Create database MongoDB	2026-02-28T16:18:34.0931947Z  audit/kube/cluster-report-20260228-062523.md      |  59 +++++
job-core	Create database MongoDB	2026-02-28T16:18:34.0933348Z  audit/kube/cluster-report-20260228-062802.json    | 241 ++++++++++++++++++
job-core	Create database MongoDB	2026-02-28T16:18:34.0934911Z  audit/kube/cluster-report-20260228-062802.md      |  59 +++++
job-core	Create database MongoDB	2026-02-28T16:18:34.0936162Z  audit/kube/cluster-report-20260228-072037.json    | 241 ++++++++++++++++++
job-core	Create database MongoDB	2026-02-28T16:18:34.0937573Z  audit/kube/cluster-report-20260228-072037.md      |  59 +++++
job-core	Create database MongoDB	2026-02-28T16:18:34.0939034Z  audit/kube/cluster-report-20260228-072054.json    | 241 ++++++++++++++++++
job-core	Create database MongoDB	2026-02-28T16:18:34.0940496Z  audit/kube/cluster-report-20260228-072054.md      |  59 +++++
job-core	Create database MongoDB	2026-02-28T16:18:34.0941411Z  audit/kube/cluster-report-20260228-081822.json    | 241 ++++++++++++++++++
job-core	Create database MongoDB	2026-02-28T16:18:34.0942394Z  audit/kube/cluster-report-20260228-081822.md      |  59 +++++
job-core	Create database MongoDB	2026-02-28T16:18:34.0943471Z  audit/kube/cluster-report-20260228-081958.json    | 241 ++++++++++++++++++
job-core	Create database MongoDB	2026-02-28T16:18:34.0944604Z  audit/kube/cluster-report-20260228-081958.md      |  59 +++++
job-core	Create database MongoDB	2026-02-28T16:18:34.0945724Z  audit/kube/cluster-report-20260228-091755.json    | 241 ++++++++++++++++++
job-core	Create database MongoDB	2026-02-28T16:18:34.0946876Z  audit/kube/cluster-report-20260228-091755.md      |  59 +++++
job-core	Create database MongoDB	2026-02-28T16:18:34.0948319Z  audit/kube/cluster-report-20260228-091857.json    | 241 ++++++++++++++++++
job-core	Create database MongoDB	2026-02-28T16:18:34.0950278Z  audit/kube/cluster-report-20260228-091857.md      |  59 +++++
job-core	Create database MongoDB	2026-02-28T16:18:34.0951881Z  audit/kube/cluster-report-20260228-101451.json    | 241 ++++++++++++++++++
job-core	Create database MongoDB	2026-02-28T16:18:34.0953487Z  audit/kube/cluster-report-20260228-101451.md      |  59 +++++
job-core	Create database MongoDB	2026-02-28T16:18:34.0954889Z  audit/kube/cluster-report-20260228-101755.json    | 241 ++++++++++++++++++
job-core	Create database MongoDB	2026-02-28T16:18:34.0956455Z  audit/kube/cluster-report-20260228-101755.md      |  59 +++++
job-core	Create database MongoDB	2026-02-28T16:18:34.0958181Z  audit/kube/cluster-report-20260228-111225.json    | 241 ++++++++++++++++++
job-core	Create database MongoDB	2026-02-28T16:18:34.0959234Z  audit/kube/cluster-report-20260228-111225.md      |  59 +++++
job-core	Create database MongoDB	2026-02-28T16:18:34.0960209Z  audit/kube/cluster-report-20260228-111303.json    | 241 ++++++++++++++++++
job-core	Create database MongoDB	2026-02-28T16:18:34.0961253Z  audit/kube/cluster-report-20260228-111303.md      |  59 +++++
job-core	Create database MongoDB	2026-02-28T16:18:34.0962294Z  audit/kube/cluster-report-20260228-122519.json    | 241 ++++++++++++++++++
job-core	Create database MongoDB	2026-02-28T16:18:34.0963437Z  audit/kube/cluster-report-20260228-122519.md      |  59 +++++
job-core	Create database MongoDB	2026-02-28T16:18:34.0964566Z  audit/kube/cluster-report-20260228-122914.json    | 241 ++++++++++++++++++
job-core	Create database MongoDB	2026-02-28T16:18:34.0965728Z  audit/kube/cluster-report-20260228-122914.md      |  59 +++++
job-core	Create database MongoDB	2026-02-28T16:18:34.0966873Z  audit/kube/cluster-report-20260228-133133.json    | 241 ++++++++++++++++++
job-core	Create database MongoDB	2026-02-28T16:18:34.0978436Z  audit/kube/cluster-report-20260228-133133.md      |  59 +++++
job-core	Create database MongoDB	2026-02-28T16:18:34.0980493Z  audit/kube/cluster-report-20260228-133145.json    | 241 ++++++++++++++++++
job-core	Create database MongoDB	2026-02-28T16:18:34.0982673Z  audit/kube/cluster-report-20260228-133145.md      |  59 +++++
job-core	Create database MongoDB	2026-02-28T16:18:34.0984838Z  audit/kube/cluster-report-20260228-141438.json    | 241 ++++++++++++++++++
job-core	Create database MongoDB	2026-02-28T16:18:34.0986653Z  audit/kube/cluster-report-20260228-141438.md      |  63 +++++
job-core	Create database MongoDB	2026-02-28T16:18:34.0988116Z  audit/kube/cluster-report-20260228-141536.json    | 241 ++++++++++++++++++
job-core	Create database MongoDB	2026-02-28T16:18:34.0989478Z  audit/kube/cluster-report-20260228-141536.md      |  59 +++++
job-core	Create database MongoDB	2026-02-28T16:18:34.0991572Z  audit/kube/cluster-report-20260228-151352.json    | 241 ++++++++++++++++++
job-core	Create database MongoDB	2026-02-28T16:18:34.0992736Z  audit/kube/cluster-report-20260228-151352.md      |  59 +++++
job-core	Create database MongoDB	2026-02-28T16:18:34.0994357Z  audit/kube/cluster-report-20260228-161801.json    | 241 ++++++++++++++++++
job-core	Create database MongoDB	2026-02-28T16:18:34.0995356Z  audit/kube/cluster-report-20260228-161801.md      |  59 +++++
job-core	Create database MongoDB	2026-02-28T16:18:34.0996135Z  90 files changed, 17795 insertions(+)
job-core	Create database MongoDB	2026-02-28T16:18:34.0996991Z  create mode 100755 audit/kube/cluster-dashboard-20260227-231705.html
job-core	Create database MongoDB	2026-02-28T16:18:34.1008620Z  create mode 100755 audit/kube/cluster-dashboard-20260227-231852.html
job-core	Create database MongoDB	2026-02-28T16:18:34.1010051Z  create mode 100755 audit/kube/cluster-dashboard-20260228-010225.html
job-core	Create database MongoDB	2026-02-28T16:18:34.1011251Z  create mode 100755 audit/kube/cluster-dashboard-20260228-011152.html
job-core	Create database MongoDB	2026-02-28T16:18:34.1012486Z  create mode 100755 audit/kube/cluster-dashboard-20260228-034723.html
job-core	Create database MongoDB	2026-02-28T16:18:34.1013626Z  create mode 100755 audit/kube/cluster-dashboard-20260228-034805.html
job-core	Create database MongoDB	2026-02-28T16:18:34.1014853Z  create mode 100755 audit/kube/cluster-dashboard-20260228-044846.html
job-core	Create database MongoDB	2026-02-28T16:18:34.1016667Z  create mode 100755 audit/kube/cluster-dashboard-20260228-044920.html
job-core	Create database MongoDB	2026-02-28T16:18:34.1028130Z  create mode 100755 audit/kube/cluster-dashboard-20260228-052708.html
job-core	Create database MongoDB	2026-02-28T16:18:34.1030294Z  create mode 100755 audit/kube/cluster-dashboard-20260228-052812.html
job-core	Create database MongoDB	2026-02-28T16:18:34.1031610Z  create mode 100755 audit/kube/cluster-dashboard-20260228-062523.html
job-core	Create database MongoDB	2026-02-28T16:18:34.1032775Z  create mode 100755 audit/kube/cluster-dashboard-20260228-062802.html
job-core	Create database MongoDB	2026-02-28T16:18:34.1034016Z  create mode 100755 audit/kube/cluster-dashboard-20260228-072037.html
job-core	Create database MongoDB	2026-02-28T16:18:34.1050368Z  create mode 100755 audit/kube/cluster-dashboard-20260228-072054.html
job-core	Create database MongoDB	2026-02-28T16:18:34.1051410Z  create mode 100755 audit/kube/cluster-dashboard-20260228-081822.html
job-core	Create database MongoDB	2026-02-28T16:18:34.1052404Z  create mode 100755 audit/kube/cluster-dashboard-20260228-081958.html
job-core	Create database MongoDB	2026-02-28T16:18:34.1053404Z  create mode 100755 audit/kube/cluster-dashboard-20260228-091755.html
job-core	Create database MongoDB	2026-02-28T16:18:34.1054462Z  create mode 100755 audit/kube/cluster-dashboard-20260228-091857.html
job-core	Create database MongoDB	2026-02-28T16:18:34.1055646Z  create mode 100755 audit/kube/cluster-dashboard-20260228-101451.html
job-core	Create database MongoDB	2026-02-28T16:18:34.1056788Z  create mode 100755 audit/kube/cluster-dashboard-20260228-101755.html
job-core	Create database MongoDB	2026-02-28T16:18:34.1058444Z  create mode 100755 audit/kube/cluster-dashboard-20260228-111225.html
job-core	Create database MongoDB	2026-02-28T16:18:34.1060434Z  create mode 100755 audit/kube/cluster-dashboard-20260228-111303.html
job-core	Create database MongoDB	2026-02-28T16:18:34.1062198Z  create mode 100755 audit/kube/cluster-dashboard-20260228-122519.html
job-core	Create database MongoDB	2026-02-28T16:18:34.1063396Z  create mode 100755 audit/kube/cluster-dashboard-20260228-122914.html
job-core	Create database MongoDB	2026-02-28T16:18:34.1064756Z  create mode 100755 audit/kube/cluster-dashboard-20260228-133133.html
job-core	Create database MongoDB	2026-02-28T16:18:34.1065759Z  create mode 100755 audit/kube/cluster-dashboard-20260228-133145.html
job-core	Create database MongoDB	2026-02-28T16:18:34.1066762Z  create mode 100755 audit/kube/cluster-dashboard-20260228-141438.html
job-core	Create database MongoDB	2026-02-28T16:18:34.1067749Z  create mode 100755 audit/kube/cluster-dashboard-20260228-141536.html
job-core	Create database MongoDB	2026-02-28T16:18:34.1080388Z  create mode 100755 audit/kube/cluster-dashboard-20260228-151352.html
job-core	Create database MongoDB	2026-02-28T16:18:34.1081939Z  create mode 100755 audit/kube/cluster-dashboard-20260228-161801.html
job-core	Create database MongoDB	2026-02-28T16:18:34.1083415Z  create mode 100755 audit/kube/cluster-report-20260227-231705.json
job-core	Create database MongoDB	2026-02-28T16:18:34.1085002Z  create mode 100755 audit/kube/cluster-report-20260227-231705.md
job-core	Create database MongoDB	2026-02-28T16:18:34.1086438Z  create mode 100755 audit/kube/cluster-report-20260227-231852.json
job-core	Create database MongoDB	2026-02-28T16:18:34.1091338Z  create mode 100755 audit/kube/cluster-report-20260227-231852.md
job-core	Create database MongoDB	2026-02-28T16:18:34.1093059Z  create mode 100755 audit/kube/cluster-report-20260228-010225.json
job-core	Create database MongoDB	2026-02-28T16:18:34.1094158Z  create mode 100755 audit/kube/cluster-report-20260228-010225.md
job-core	Create database MongoDB	2026-02-28T16:18:34.1095169Z  create mode 100755 audit/kube/cluster-report-20260228-011152.json
job-core	Create database MongoDB	2026-02-28T16:18:34.1096164Z  create mode 100755 audit/kube/cluster-report-20260228-011152.md
job-core	Create database MongoDB	2026-02-28T16:18:34.1097172Z  create mode 100755 audit/kube/cluster-report-20260228-034723.json
job-core	Create database MongoDB	2026-02-28T16:18:34.1109280Z  create mode 100755 audit/kube/cluster-report-20260228-034723.md
job-core	Create database MongoDB	2026-02-28T16:18:34.1110271Z  create mode 100755 audit/kube/cluster-report-20260228-034805.json
job-core	Create database MongoDB	2026-02-28T16:18:34.1111218Z  create mode 100755 audit/kube/cluster-report-20260228-034805.md
job-core	Create database MongoDB	2026-02-28T16:18:34.1112248Z  create mode 100755 audit/kube/cluster-report-20260228-044846.json
job-core	Create database MongoDB	2026-02-28T16:18:34.1113311Z  create mode 100755 audit/kube/cluster-report-20260228-044846.md
job-core	Create database MongoDB	2026-02-28T16:18:34.1114371Z  create mode 100755 audit/kube/cluster-report-20260228-044920.json
job-core	Create database MongoDB	2026-02-28T16:18:34.1115443Z  create mode 100755 audit/kube/cluster-report-20260228-044920.md
job-core	Create database MongoDB	2026-02-28T16:18:34.1116535Z  create mode 100755 audit/kube/cluster-report-20260228-052708.json
job-core	Create database MongoDB	2026-02-28T16:18:34.1117613Z  create mode 100755 audit/kube/cluster-report-20260228-052708.md
job-core	Create database MongoDB	2026-02-28T16:18:34.1118868Z  create mode 100755 audit/kube/cluster-report-20260228-052812.json
job-core	Create database MongoDB	2026-02-28T16:18:34.1119895Z  create mode 100755 audit/kube/cluster-report-20260228-052812.md
job-core	Create database MongoDB	2026-02-28T16:18:34.1121512Z  create mode 100755 audit/kube/cluster-report-20260228-062523.json
job-core	Create database MongoDB	2026-02-28T16:18:34.1122524Z  create mode 100755 audit/kube/cluster-report-20260228-062523.md
job-core	Create database MongoDB	2026-02-28T16:18:34.1123558Z  create mode 100755 audit/kube/cluster-report-20260228-062802.json
job-core	Create database MongoDB	2026-02-28T16:18:34.1124614Z  create mode 100755 audit/kube/cluster-report-20260228-062802.md
job-core	Create database MongoDB	2026-02-28T16:18:34.1125684Z  create mode 100755 audit/kube/cluster-report-20260228-072037.json
job-core	Create database MongoDB	2026-02-28T16:18:34.1126749Z  create mode 100755 audit/kube/cluster-report-20260228-072037.md
job-core	Create database MongoDB	2026-02-28T16:18:34.1133293Z  create mode 100755 audit/kube/cluster-report-20260228-072054.json
job-core	Create database MongoDB	2026-02-28T16:18:34.1134427Z  create mode 100755 audit/kube/cluster-report-20260228-072054.md
job-core	Create database MongoDB	2026-02-28T16:18:34.1135465Z  create mode 100755 audit/kube/cluster-report-20260228-081822.json
job-core	Create database MongoDB	2026-02-28T16:18:34.1136513Z  create mode 100755 audit/kube/cluster-report-20260228-081822.md
job-core	Create database MongoDB	2026-02-28T16:18:34.1137595Z  create mode 100755 audit/kube/cluster-report-20260228-081958.json
job-core	Create database MongoDB	2026-02-28T16:18:34.1139243Z  create mode 100755 audit/kube/cluster-report-20260228-081958.md
job-core	Create database MongoDB	2026-02-28T16:18:34.1140278Z  create mode 100755 audit/kube/cluster-report-20260228-091755.json
job-core	Create database MongoDB	2026-02-28T16:18:34.1141348Z  create mode 100755 audit/kube/cluster-report-20260228-091755.md
job-core	Create database MongoDB	2026-02-28T16:18:34.1142402Z  create mode 100755 audit/kube/cluster-report-20260228-091857.json
job-core	Create database MongoDB	2026-02-28T16:18:34.1143601Z  create mode 100755 audit/kube/cluster-report-20260228-091857.md
job-core	Create database MongoDB	2026-02-28T16:18:34.1144731Z  create mode 100755 audit/kube/cluster-report-20260228-101451.json
job-core	Create database MongoDB	2026-02-28T16:18:34.1145853Z  create mode 100755 audit/kube/cluster-report-20260228-101451.md
job-core	Create database MongoDB	2026-02-28T16:18:34.1146975Z  create mode 100755 audit/kube/cluster-report-20260228-101755.json
job-core	Create database MongoDB	2026-02-28T16:18:34.1148306Z  create mode 100755 audit/kube/cluster-report-20260228-101755.md
job-core	Create database MongoDB	2026-02-28T16:18:34.1149420Z  create mode 100755 audit/kube/cluster-report-20260228-111225.json
job-core	Create database MongoDB	2026-02-28T16:18:34.1150645Z  create mode 100755 audit/kube/cluster-report-20260228-111225.md
job-core	Create database MongoDB	2026-02-28T16:18:34.1151755Z  create mode 100755 audit/kube/cluster-report-20260228-111303.json
job-core	Create database MongoDB	2026-02-28T16:18:34.1152871Z  create mode 100755 audit/kube/cluster-report-20260228-111303.md
job-core	Create database MongoDB	2026-02-28T16:18:34.1154076Z  create mode 100755 audit/kube/cluster-report-20260228-122519.json
job-core	Create database MongoDB	2026-02-28T16:18:34.1155183Z  create mode 100755 audit/kube/cluster-report-20260228-122519.md
job-core	Create database MongoDB	2026-02-28T16:18:34.1156329Z  create mode 100755 audit/kube/cluster-report-20260228-122914.json
job-core	Create database MongoDB	2026-02-28T16:18:34.1157483Z  create mode 100755 audit/kube/cluster-report-20260228-122914.md
job-core	Create database MongoDB	2026-02-28T16:18:34.1168938Z  create mode 100755 audit/kube/cluster-report-20260228-133133.json
job-core	Create database MongoDB	2026-02-28T16:18:34.1176041Z  create mode 100755 audit/kube/cluster-report-20260228-133133.md
job-core	Create database MongoDB	2026-02-28T16:18:34.1177253Z  create mode 100755 audit/kube/cluster-report-20260228-133145.json
job-core	Create database MongoDB	2026-02-28T16:18:34.1178719Z  create mode 100755 audit/kube/cluster-report-20260228-133145.md
job-core	Create database MongoDB	2026-02-28T16:18:34.1190266Z  create mode 100755 audit/kube/cluster-report-20260228-141438.json
job-core	Create database MongoDB	2026-02-28T16:18:34.1191295Z  create mode 100755 audit/kube/cluster-report-20260228-141438.md
job-core	Create database MongoDB	2026-02-28T16:18:34.1192364Z  create mode 100755 audit/kube/cluster-report-20260228-141536.json
job-core	Create database MongoDB	2026-02-28T16:18:34.1199052Z  create mode 100755 audit/kube/cluster-report-20260228-141536.md
job-core	Create database MongoDB	2026-02-28T16:18:34.1200115Z  create mode 100755 audit/kube/cluster-report-20260228-151352.json
job-core	Create database MongoDB	2026-02-28T16:18:34.1201156Z  create mode 100755 audit/kube/cluster-report-20260228-151352.md
job-core	Create database MongoDB	2026-02-28T16:18:34.1202218Z  create mode 100755 audit/kube/cluster-report-20260228-161801.json
job-core	Create database MongoDB	2026-02-28T16:18:34.1203263Z  create mode 100755 audit/kube/cluster-report-20260228-161801.md
job-core	Create database MongoDB	2026-02-28T16:18:34.1204270Z [Ka0s] Uploading files to MongoDB update repository ...
job-core	Create database MongoDB	2026-02-28T16:18:34.2173199Z [main a3e1eaa38] [Ka0S] Uploading Autom add docs to MongoDB...
job-core	Create database MongoDB	2026-02-28T16:18:34.2183761Z  21 files changed, 43318 deletions(-)
job-core	Create database MongoDB	2026-02-28T16:18:34.2185384Z  delete mode 100644 audit/inspector/22523283399.json
job-core	Create database MongoDB	2026-02-28T16:18:34.2186181Z  delete mode 100644 audit/inspector/22523283399.log
job-core	Create database MongoDB	2026-02-28T16:18:34.2186955Z  delete mode 100644 audit/inspector/22523288261.json
job-core	Create database MongoDB	2026-02-28T16:18:34.2187729Z  delete mode 100644 audit/inspector/22523288261.log
job-core	Create database MongoDB	2026-02-28T16:18:34.2201338Z  delete mode 100644 audit/inspector/22523313279.json
job-core	Create database MongoDB	2026-02-28T16:18:34.2202243Z  delete mode 100644 audit/inspector/22523313279.log
job-core	Create database MongoDB	2026-02-28T16:18:34.2203099Z  delete mode 100644 audit/inspector/22523324380.json
job-core	Create database MongoDB	2026-02-28T16:18:34.2203924Z  delete mode 100644 audit/inspector/22523324380.log
job-core	Create database MongoDB	2026-02-28T16:18:34.2204817Z  delete mode 100644 audit/inspector/22523328242.json
job-core	Create database MongoDB	2026-02-28T16:18:34.2205670Z  delete mode 100644 audit/inspector/22523328242.log
job-core	Create database MongoDB	2026-02-28T16:18:34.2206500Z  delete mode 100644 audit/inspector/22523598133.json
job-core	Create database MongoDB	2026-02-28T16:18:34.2207348Z  delete mode 100644 audit/inspector/22523598133.log
job-core	Create database MongoDB	2026-02-28T16:18:34.2208286Z  delete mode 100644 audit/inspector/22523736610.json
job-core	Create database MongoDB	2026-02-28T16:18:34.2219014Z  delete mode 100644 audit/inspector/22523736610.log
job-core	Create database MongoDB	2026-02-28T16:18:34.2221267Z  delete mode 100644 audit/inspector/22524244022.json
job-core	Create database MongoDB	2026-02-28T16:18:34.2222210Z  delete mode 100644 audit/inspector/22524244022.log
job-core	Create database MongoDB	2026-02-28T16:18:34.2223380Z  delete mode 100755 audit/kube/cluster-dashboard-20260228-151449.html
job-core	Create database MongoDB	2026-02-28T16:18:34.2224646Z  delete mode 100755 audit/kube/cluster-report-20260228-151449.json
job-core	Create database MongoDB	2026-02-28T16:18:34.2225951Z  delete mode 100755 audit/kube/cluster-report-20260228-151449.md
job-core	Create database MongoDB	2026-02-28T16:18:34.2226971Z  delete mode 100755 audit/kube/failed_pods.json
job-core	Create database MongoDB	2026-02-28T16:18:34.2227972Z  delete mode 100644 audit/mongodb/22523598133.json
job-core	Create database MongoDB	2026-02-28T16:18:35.1535700Z To https://github.com/Ka0s-Klaus/ka0s
job-core	Create database MongoDB	2026-02-28T16:18:35.1540948Z    b4820631d..a3e1eaa38  main -> main
job-core	Upload report	Ôªø2026-02-28T16:18:35.2645920Z ##[group]Run actions/upload-artifact@v4
job-core	Upload report	2026-02-28T16:18:35.2647511Z with:
job-core	Upload report	2026-02-28T16:18:35.2649565Z   name: mongo-setup-report
job-core	Upload report	2026-02-28T16:18:35.2650770Z   path: audit/mongodb/
job-core	Upload report	2026-02-28T16:18:35.2651830Z   if-no-files-found: warn
job-core	Upload report	2026-02-28T16:18:35.2652923Z   compression-level: 6
job-core	Upload report	2026-02-28T16:18:35.2653938Z   overwrite: false
job-core	Upload report	2026-02-28T16:18:35.2654936Z   include-hidden-files: false
job-core	Upload report	2026-02-28T16:18:35.2655997Z env:
job-core	Upload report	2026-02-28T16:18:35.2656834Z   PYTHON_VERSION: 3.9
job-core	Upload report	2026-02-28T16:18:35.2664802Z   MONGO_SUPERUSER_CONNECTION: ***
job-core	Upload report	2026-02-28T16:18:35.2670737Z   MONGO_NEW_PASS: ***
job-core	Upload report	2026-02-28T16:18:35.2675080Z   MONGO_SCRIPT_CREATE: devops/core/mongo/scripts/add-doc-to-db.py
job-core	Upload report	2026-02-28T16:18:35.2681666Z   KAOS_CODE: 22524294862
job-core	Upload report	2026-02-28T16:18:35.2684134Z   KAOS_MODULE: [Ka0s] Autom add docs to MongoDB
job-core	Upload report	2026-02-28T16:18:35.2686916Z   REPORT_SCAN: audit/
job-core	Upload report	2026-02-28T16:18:35.2688895Z   REPORT_PATH: audit/mongodb/
job-core	Upload report	2026-02-28T16:18:35.2689762Z   REPORT_FILENAME: mongo_setup_22524294862.json
job-core	Upload report	2026-02-28T16:18:35.2690865Z   REPORT_FILENAME_LIST: mongo_list_22524294862.json
job-core	Upload report	2026-02-28T16:18:35.2691938Z   REPORT_FILENAME_DB: mongo_create_db_22524294862.json
job-core	Upload report	2026-02-28T16:18:35.2694677Z   GITHUB_OUTPUT: 
job-core	Upload report	2026-02-28T16:18:35.2696383Z   pythonLocation: /home/runner/_work/_tool/Python/3.9.25/x64
job-core	Upload report	2026-02-28T16:18:35.2700623Z   PKG_CONFIG_PATH: /home/runner/_work/_tool/Python/3.9.25/x64/lib/pkgconfig
job-core	Upload report	2026-02-28T16:18:35.2704803Z   Python_ROOT_DIR: /home/runner/_work/_tool/Python/3.9.25/x64
job-core	Upload report	2026-02-28T16:18:35.2708829Z   Python2_ROOT_DIR: /home/runner/_work/_tool/Python/3.9.25/x64
job-core	Upload report	2026-02-28T16:18:35.2712694Z   Python3_ROOT_DIR: /home/runner/_work/_tool/Python/3.9.25/x64
job-core	Upload report	2026-02-28T16:18:35.2738910Z   LD_LIBRARY_PATH: /home/runner/_work/_tool/Python/3.9.25/x64/lib
job-core	Upload report	2026-02-28T16:18:35.2740178Z ##[endgroup]
job-core	Upload report	2026-02-28T16:18:35.8041083Z With the provided path, there will be 1 file uploaded
job-core	Upload report	2026-02-28T16:18:35.8051047Z Artifact name is valid!
job-core	Upload report	2026-02-28T16:18:35.8054876Z Root directory input is valid!
job-core	Upload report	2026-02-28T16:18:36.3311986Z Beginning upload of artifact content to blob storage
job-core	Upload report	2026-02-28T16:18:36.8222563Z Uploaded bytes 165
job-core	Upload report	2026-02-28T16:18:36.9552219Z Finished uploading artifact content to blob storage!
job-core	Upload report	2026-02-28T16:18:36.9572308Z SHA256 digest of uploaded artifact zip is b48b373fed87ae8826551e0760353e96b89301115023fb1e64c7f219641dc6f4
job-core	Upload report	2026-02-28T16:18:36.9577592Z Finalizing artifact upload
job-core	Upload report	2026-02-28T16:18:37.1356246Z Artifact mongo-setup-report.zip successfully finalized. Artifact ID 5704225624
job-core	Upload report	2026-02-28T16:18:37.1363791Z Artifact mongo-setup-report has been successfully uploaded! Final size is 165 bytes. Artifact ID is 5704225624
job-core	Upload report	2026-02-28T16:18:37.1399972Z Artifact download URL: https://github.com/Ka0s-Klaus/ka0s/actions/runs/22524294862/artifacts/5704225624
job-core	Post Set up Python	Ôªø2026-02-28T16:18:37.2155532Z Post job cleanup.
job-core	Post Checkout code	Ôªø2026-02-28T16:18:37.6194434Z Post job cleanup.
job-core	Post Checkout code	2026-02-28T16:18:37.8143344Z [command]/usr/bin/git version
job-core	Post Checkout code	2026-02-28T16:18:37.8210670Z git version 2.53.0
job-core	Post Checkout code	2026-02-28T16:18:37.8284882Z Copying '/home/runner/.gitconfig' to '/home/runner/_work/_temp/74752fe4-35f2-4ed6-9319-fbbd03cf20d2/.gitconfig'
job-core	Post Checkout code	2026-02-28T16:18:37.8301950Z Temporarily overriding HOME='/home/runner/_work/_temp/74752fe4-35f2-4ed6-9319-fbbd03cf20d2' before making global git config changes
job-core	Post Checkout code	2026-02-28T16:18:37.8306312Z Adding repository directory to the temporary git global config as a safe directory
job-core	Post Checkout code	2026-02-28T16:18:37.8316746Z [command]/usr/bin/git config --global --add safe.directory /home/runner/_work/ka0s/ka0s
job-core	Post Checkout code	2026-02-28T16:18:37.8384698Z [command]/usr/bin/git config --local --name-only --get-regexp core\.sshCommand
job-core	Post Checkout code	2026-02-28T16:18:37.8475438Z [command]/usr/bin/git submodule foreach --recursive sh -c "git config --local --name-only --get-regexp 'core\.sshCommand' && git config --local --unset-all 'core.sshCommand' || :"
job-core	Post Checkout code	2026-02-28T16:18:37.8987383Z [command]/usr/bin/git config --local --name-only --get-regexp http\.https\:\/\/github\.com\/\.extraheader
job-core	Post Checkout code	2026-02-28T16:18:37.9027166Z http.https://github.com/.extraheader
job-core	Post Checkout code	2026-02-28T16:18:37.9057509Z [command]/usr/bin/git config --local --unset-all http.https://github.com/.extraheader
job-core	Post Checkout code	2026-02-28T16:18:37.9129971Z [command]/usr/bin/git submodule foreach --recursive sh -c "git config --local --name-only --get-regexp 'http\.https\:\/\/github\.com\/\.extraheader' && git config --local --unset-all 'http.https://github.com/.extraheader' || :"
job-core	Post Checkout code	2026-02-28T16:18:37.9623938Z [command]/usr/bin/git config --local --name-only --get-regexp ^includeIf\.gitdir:
job-core	Post Checkout code	2026-02-28T16:18:37.9688663Z [command]/usr/bin/git submodule foreach --recursive git config --local --show-origin --name-only --get-regexp remote.origin.url
job-core	Complete job	Ôªø2026-02-28T16:18:38.0359190Z Cleaning up orphan processes
handle-success	Set up job	Ôªø2026-02-28T16:18:52.9599513Z Current runner version: '2.332.0'
handle-success	Set up job	2026-02-28T16:18:52.9609554Z Runner name: 'swarm-runners-scaleset-hkss5-runner-zmttw'
handle-success	Set up job	2026-02-28T16:18:52.9610761Z Runner group name: 'Default'
handle-success	Set up job	2026-02-28T16:18:52.9611915Z Machine name: 'swarm-runners-scaleset-hkss5-runner-zmttw'
handle-success	Set up job	2026-02-28T16:18:52.9616310Z ##[group]GITHUB_TOKEN Permissions
handle-success	Set up job	2026-02-28T16:18:52.9619055Z Actions: write
handle-success	Set up job	2026-02-28T16:18:52.9619693Z Contents: write
handle-success	Set up job	2026-02-28T16:18:52.9620210Z Issues: write
handle-success	Set up job	2026-02-28T16:18:52.9620890Z Metadata: read
handle-success	Set up job	2026-02-28T16:18:52.9621468Z PullRequests: write
handle-success	Set up job	2026-02-28T16:18:52.9622085Z ##[endgroup]
handle-success	Set up job	2026-02-28T16:18:52.9624346Z Secret source: Actions
handle-success	Set up job	2026-02-28T16:18:52.9625385Z Prepare workflow directory
handle-success	Set up job	2026-02-28T16:18:53.0232116Z Prepare all required actions
handle-success	Set up job	2026-02-28T16:18:53.0276771Z Getting action download info
handle-success	Set up job	2026-02-28T16:18:53.5680304Z Download action repository 'actions/checkout@v4' (SHA:34e114876b0b11c390a56381ad16ebd13914f8d5)
handle-success	Set up job	2026-02-28T16:18:54.4902526Z Complete job name: handle-success
handle-success	Checkout code	Ôªø2026-02-28T16:18:54.5695360Z ##[group]Run actions/checkout@v4
handle-success	Checkout code	2026-02-28T16:18:54.5696486Z with:
handle-success	Checkout code	2026-02-28T16:18:54.5696974Z   fetch-depth: 0
handle-success	Checkout code	2026-02-28T16:18:54.5697482Z   repository: Ka0s-Klaus/ka0s
handle-success	Checkout code	2026-02-28T16:18:54.5708398Z   token: ***
handle-success	Checkout code	2026-02-28T16:18:54.5709062Z   ssh-strict: true
handle-success	Checkout code	2026-02-28T16:18:54.5709522Z   ssh-user: git
handle-success	Checkout code	2026-02-28T16:18:54.5709995Z   persist-credentials: true
handle-success	Checkout code	2026-02-28T16:18:54.5710523Z   clean: true
handle-success	Checkout code	2026-02-28T16:18:54.5710992Z   sparse-checkout-cone-mode: true
handle-success	Checkout code	2026-02-28T16:18:54.5711598Z   fetch-tags: false
handle-success	Checkout code	2026-02-28T16:18:54.5712079Z   show-progress: true
handle-success	Checkout code	2026-02-28T16:18:54.5712670Z   lfs: false
handle-success	Checkout code	2026-02-28T16:18:54.5713099Z   submodules: false
handle-success	Checkout code	2026-02-28T16:18:54.5713595Z   set-safe-directory: true
handle-success	Checkout code	2026-02-28T16:18:54.5714622Z env:
handle-success	Checkout code	2026-02-28T16:18:54.5715398Z   PYTHON_VERSION: 3.9
handle-success	Checkout code	2026-02-28T16:18:54.5716886Z   MONGO_SUPERUSER_CONNECTION: ***
handle-success	Checkout code	2026-02-28T16:18:54.5717654Z   MONGO_NEW_PASS: ***
handle-success	Checkout code	2026-02-28T16:18:54.5718307Z   MONGO_SCRIPT_CREATE: devops/core/mongo/scripts/add-doc-to-db.py
handle-success	Checkout code	2026-02-28T16:18:54.5719128Z   KAOS_CODE: 22524294862
handle-success	Checkout code	2026-02-28T16:18:54.5719681Z   KAOS_MODULE: [Ka0s] Autom add docs to MongoDB
handle-success	Checkout code	2026-02-28T16:18:54.5720306Z   REPORT_SCAN: audit/
handle-success	Checkout code	2026-02-28T16:18:54.5720784Z   REPORT_PATH: audit/mongodb/
handle-success	Checkout code	2026-02-28T16:18:54.5721365Z   REPORT_FILENAME: mongo_setup_22524294862.json
handle-success	Checkout code	2026-02-28T16:18:54.5722470Z   REPORT_FILENAME_LIST: mongo_list_22524294862.json
handle-success	Checkout code	2026-02-28T16:18:54.5723336Z   REPORT_FILENAME_DB: mongo_create_db_22524294862.json
handle-success	Checkout code	2026-02-28T16:18:54.5723978Z ##[endgroup]
handle-success	Checkout code	2026-02-28T16:18:54.7263466Z Syncing repository: Ka0s-Klaus/ka0s
handle-success	Checkout code	2026-02-28T16:18:54.7266271Z ##[group]Getting Git version info
handle-success	Checkout code	2026-02-28T16:18:54.7267152Z Working directory is '/home/runner/_work/ka0s/ka0s'
handle-success	Checkout code	2026-02-28T16:18:54.7268381Z [command]/usr/bin/git version
handle-success	Checkout code	2026-02-28T16:18:54.7269184Z git version 2.53.0
handle-success	Checkout code	2026-02-28T16:18:54.7271042Z ##[endgroup]
handle-success	Checkout code	2026-02-28T16:18:54.7276537Z Temporarily overriding HOME='/home/runner/_work/_temp/969d6d17-9204-4ea9-b1de-aea22e1d6379' before making global git config changes
handle-success	Checkout code	2026-02-28T16:18:54.7278323Z Adding repository directory to the temporary git global config as a safe directory
handle-success	Checkout code	2026-02-28T16:18:54.7279620Z [command]/usr/bin/git config --global --add safe.directory /home/runner/_work/ka0s/ka0s
handle-success	Checkout code	2026-02-28T16:18:54.7281988Z Deleting the contents of '/home/runner/_work/ka0s/ka0s'
handle-success	Checkout code	2026-02-28T16:18:54.7283194Z ##[group]Initializing the repository
handle-success	Checkout code	2026-02-28T16:18:54.7283962Z [command]/usr/bin/git init /home/runner/_work/ka0s/ka0s
handle-success	Checkout code	2026-02-28T16:18:54.7286199Z hint: Using 'master' as the name for the initial branch. This default branch name
handle-success	Checkout code	2026-02-28T16:18:54.7287785Z hint: will change to "main" in Git 3.0. To configure the initial branch name
handle-success	Checkout code	2026-02-28T16:18:54.7289001Z hint: to use in all of your new repositories, which will suppress this warning,
handle-success	Checkout code	2026-02-28T16:18:54.7289859Z hint: call:
handle-success	Checkout code	2026-02-28T16:18:54.7315593Z hint:
handle-success	Checkout code	2026-02-28T16:18:54.7317482Z hint: 	git config --global init.defaultBranch <name>
handle-success	Checkout code	2026-02-28T16:18:54.7318206Z hint:
handle-success	Checkout code	2026-02-28T16:18:54.7319449Z hint: Names commonly chosen instead of 'master' are 'main', 'trunk' and
handle-success	Checkout code	2026-02-28T16:18:54.7320560Z hint: 'development'. The just-created branch can be renamed via this command:
handle-success	Checkout code	2026-02-28T16:18:54.7321454Z hint:
handle-success	Checkout code	2026-02-28T16:18:54.7322037Z hint: 	git branch -m <name>
handle-success	Checkout code	2026-02-28T16:18:54.7322565Z hint:
handle-success	Checkout code	2026-02-28T16:18:54.7323267Z hint: Disable this message with "git config set advice.defaultBranchName false"
handle-success	Checkout code	2026-02-28T16:18:54.7324351Z Initialized empty Git repository in /home/runner/_work/ka0s/ka0s/.git/
handle-success	Checkout code	2026-02-28T16:18:54.7336946Z [command]/usr/bin/git remote add origin https://github.com/Ka0s-Klaus/ka0s
handle-success	Checkout code	2026-02-28T16:18:54.7346924Z ##[endgroup]
handle-success	Checkout code	2026-02-28T16:18:54.7347820Z ##[group]Disabling automatic garbage collection
handle-success	Checkout code	2026-02-28T16:18:54.7351190Z [command]/usr/bin/git config --local gc.auto 0
handle-success	Checkout code	2026-02-28T16:18:54.7395393Z ##[endgroup]
handle-success	Checkout code	2026-02-28T16:18:54.7396443Z ##[group]Setting up auth
handle-success	Checkout code	2026-02-28T16:18:54.7408116Z [command]/usr/bin/git config --local --name-only --get-regexp core\.sshCommand
handle-success	Checkout code	2026-02-28T16:18:54.7456800Z [command]/usr/bin/git submodule foreach --recursive sh -c "git config --local --name-only --get-regexp 'core\.sshCommand' && git config --local --unset-all 'core.sshCommand' || :"
handle-success	Checkout code	2026-02-28T16:18:54.7801802Z [command]/usr/bin/git config --local --name-only --get-regexp http\.https\:\/\/github\.com\/\.extraheader
handle-success	Checkout code	2026-02-28T16:18:54.7838021Z [command]/usr/bin/git submodule foreach --recursive sh -c "git config --local --name-only --get-regexp 'http\.https\:\/\/github\.com\/\.extraheader' && git config --local --unset-all 'http.https://github.com/.extraheader' || :"
handle-success	Checkout code	2026-02-28T16:18:54.8202315Z [command]/usr/bin/git config --local --name-only --get-regexp ^includeIf\.gitdir:
handle-success	Checkout code	2026-02-28T16:18:54.8250299Z [command]/usr/bin/git submodule foreach --recursive git config --local --show-origin --name-only --get-regexp remote.origin.url
handle-success	Checkout code	2026-02-28T16:18:54.8663315Z [command]/usr/bin/git config --local http.https://github.com/.extraheader AUTHORIZATION: basic ***
handle-success	Checkout code	2026-02-28T16:18:54.8714067Z ##[endgroup]
handle-success	Checkout code	2026-02-28T16:18:54.8719243Z ##[group]Fetching the repository
handle-success	Checkout code	2026-02-28T16:18:54.8736890Z [command]/usr/bin/git -c protocol.version=2 fetch --prune --no-recurse-submodules origin +refs/heads/*:refs/remotes/origin/* +refs/tags/*:refs/tags/*
handle-success	Checkout code	2026-02-28T16:19:37.6467380Z From https://github.com/Ka0s-Klaus/ka0s
handle-success	Checkout code	2026-02-28T16:19:37.6478034Z  * [new branch]          F3450-modelo-operativo -> origin/F3450-modelo-operativo
handle-success	Checkout code	2026-02-28T16:19:37.6478819Z  * [new branch]          H1276-modulo-observabilidad -> origin/H1276-modulo-observabilidad
handle-success	Checkout code	2026-02-28T16:19:37.6479484Z  * [new branch]          H3596-deploy-itop      -> origin/H3596-deploy-itop
handle-success	Checkout code	2026-02-28T16:19:37.6480224Z  * [new branch]          H4170-flujo-detallado-zabbix---github -> origin/H4170-flujo-detallado-zabbix---github
handle-success	Checkout code	2026-02-28T16:19:37.6480975Z  * [new branch]          H4191-request-cambios  -> origin/H4191-request-cambios
handle-success	Checkout code	2026-02-28T16:19:37.6481785Z  * [new branch]          H4200-request-recomendaciones-de-auditoria -> origin/H4200-request-recomendaciones-de-auditoria
handle-success	Checkout code	2026-02-28T16:19:37.6482595Z  * [new branch]          main                   -> origin/main
handle-success	Checkout code	2026-02-28T16:19:37.6483037Z  * [new tag]             0.0.0                  -> 0.0.0
handle-success	Checkout code	2026-02-28T16:19:37.6483452Z  * [new tag]             0.0.1                  -> 0.0.1
handle-success	Checkout code	2026-02-28T16:19:37.6483883Z  * [new tag]             0.0.10                 -> 0.0.10
handle-success	Checkout code	2026-02-28T16:19:37.6484350Z  * [new tag]             0.0.100                -> 0.0.100
handle-success	Checkout code	2026-02-28T16:19:37.6508932Z  * [new tag]             0.0.101                -> 0.0.101
handle-success	Checkout code	2026-02-28T16:19:37.6509452Z  * [new tag]             0.0.102                -> 0.0.102
handle-success	Checkout code	2026-02-28T16:19:37.6509980Z  * [new tag]             0.0.103                -> 0.0.103
handle-success	Checkout code	2026-02-28T16:19:37.6510435Z  * [new tag]             0.0.104                -> 0.0.104
handle-success	Checkout code	2026-02-28T16:19:37.6510852Z  * [new tag]             0.0.105                -> 0.0.105
handle-success	Checkout code	2026-02-28T16:19:37.6511257Z  * [new tag]             0.0.106                -> 0.0.106
handle-success	Checkout code	2026-02-28T16:19:37.6512223Z  * [new tag]             0.0.107                -> 0.0.107
handle-success	Checkout code	2026-02-28T16:19:37.6512655Z  * [new tag]             0.0.108                -> 0.0.108
handle-success	Checkout code	2026-02-28T16:19:37.6513060Z  * [new tag]             0.0.109                -> 0.0.109
handle-success	Checkout code	2026-02-28T16:19:37.6513475Z  * [new tag]             0.0.11                 -> 0.0.11
handle-success	Checkout code	2026-02-28T16:19:37.6513883Z  * [new tag]             0.0.110                -> 0.0.110
handle-success	Checkout code	2026-02-28T16:19:37.6514289Z  * [new tag]             0.0.111                -> 0.0.111
handle-success	Checkout code	2026-02-28T16:19:37.6538481Z  * [new tag]             0.0.112                -> 0.0.112
handle-success	Checkout code	2026-02-28T16:19:37.6539018Z  * [new tag]             0.0.113                -> 0.0.113
handle-success	Checkout code	2026-02-28T16:19:37.6539458Z  * [new tag]             0.0.114                -> 0.0.114
handle-success	Checkout code	2026-02-28T16:19:37.6539877Z  * [new tag]             0.0.115                -> 0.0.115
handle-success	Checkout code	2026-02-28T16:19:37.6540282Z  * [new tag]             0.0.116                -> 0.0.116
handle-success	Checkout code	2026-02-28T16:19:37.6540855Z  * [new tag]             0.0.117                -> 0.0.117
handle-success	Checkout code	2026-02-28T16:19:37.6541833Z  * [new tag]             0.0.118                -> 0.0.118
handle-success	Checkout code	2026-02-28T16:19:37.6542237Z  * [new tag]             0.0.119                -> 0.0.119
handle-success	Checkout code	2026-02-28T16:19:37.6542648Z  * [new tag]             0.0.12                 -> 0.0.12
handle-success	Checkout code	2026-02-28T16:19:37.6543266Z  * [new tag]             0.0.120                -> 0.0.120
handle-success	Checkout code	2026-02-28T16:19:37.6543679Z  * [new tag]             0.0.121                -> 0.0.121
handle-success	Checkout code	2026-02-28T16:19:37.6544084Z  * [new tag]             0.0.122                -> 0.0.122
handle-success	Checkout code	2026-02-28T16:19:37.6559109Z  * [new tag]             0.0.123                -> 0.0.123
handle-success	Checkout code	2026-02-28T16:19:37.6559792Z  * [new tag]             0.0.124                -> 0.0.124
handle-success	Checkout code	2026-02-28T16:19:37.6560226Z  * [new tag]             0.0.125                -> 0.0.125
handle-success	Checkout code	2026-02-28T16:19:37.6560640Z  * [new tag]             0.0.126                -> 0.0.126
handle-success	Checkout code	2026-02-28T16:19:37.6561058Z  * [new tag]             0.0.127                -> 0.0.127
handle-success	Checkout code	2026-02-28T16:19:37.6561468Z  * [new tag]             0.0.128                -> 0.0.128
handle-success	Checkout code	2026-02-28T16:19:37.6561934Z  * [new tag]             0.0.129                -> 0.0.129
handle-success	Checkout code	2026-02-28T16:19:37.6562347Z  * [new tag]             0.0.13                 -> 0.0.13
handle-success	Checkout code	2026-02-28T16:19:37.6562760Z  * [new tag]             0.0.130                -> 0.0.130
handle-success	Checkout code	2026-02-28T16:19:37.6563170Z  * [new tag]             0.0.131                -> 0.0.131
handle-success	Checkout code	2026-02-28T16:19:37.6563575Z  * [new tag]             0.0.132                -> 0.0.132
handle-success	Checkout code	2026-02-28T16:19:37.6563984Z  * [new tag]             0.0.133                -> 0.0.133
handle-success	Checkout code	2026-02-28T16:19:37.6564486Z  * [new tag]             0.0.134                -> 0.0.134
handle-success	Checkout code	2026-02-28T16:19:37.6591410Z  * [new tag]             0.0.135                -> 0.0.135
handle-success	Checkout code	2026-02-28T16:19:37.6591860Z  * [new tag]             0.0.136                -> 0.0.136
handle-success	Checkout code	2026-02-28T16:19:37.6592278Z  * [new tag]             0.0.137                -> 0.0.137
handle-success	Checkout code	2026-02-28T16:19:37.6592693Z  * [new tag]             0.0.138                -> 0.0.138
handle-success	Checkout code	2026-02-28T16:19:37.6593137Z  * [new tag]             0.0.139                -> 0.0.139
handle-success	Checkout code	2026-02-28T16:19:37.6593539Z  * [new tag]             0.0.14                 -> 0.0.14
handle-success	Checkout code	2026-02-28T16:19:37.6593948Z  * [new tag]             0.0.140                -> 0.0.140
handle-success	Checkout code	2026-02-28T16:19:37.6594360Z  * [new tag]             0.0.141                -> 0.0.141
handle-success	Checkout code	2026-02-28T16:19:37.6848102Z  * [new tag]             0.0.142                -> 0.0.142
handle-success	Checkout code	2026-02-28T16:19:37.6848647Z  * [new tag]             0.0.143                -> 0.0.143
handle-success	Checkout code	2026-02-28T16:19:37.6849072Z  * [new tag]             0.0.144                -> 0.0.144
handle-success	Checkout code	2026-02-28T16:19:37.6849481Z  * [new tag]             0.0.145                -> 0.0.145
handle-success	Checkout code	2026-02-28T16:19:37.6849886Z  * [new tag]             0.0.146                -> 0.0.146
handle-success	Checkout code	2026-02-28T16:19:37.6850290Z  * [new tag]             0.0.147                -> 0.0.147
handle-success	Checkout code	2026-02-28T16:19:37.6850695Z  * [new tag]             0.0.148                -> 0.0.148
handle-success	Checkout code	2026-02-28T16:19:37.6851099Z  * [new tag]             0.0.149                -> 0.0.149
handle-success	Checkout code	2026-02-28T16:19:37.6851903Z  * [new tag]             0.0.15                 -> 0.0.15
handle-success	Checkout code	2026-02-28T16:19:37.6852360Z  * [new tag]             0.0.150                -> 0.0.150
handle-success	Checkout code	2026-02-28T16:19:37.6852774Z  * [new tag]             0.0.151                -> 0.0.151
handle-success	Checkout code	2026-02-28T16:19:37.6853181Z  * [new tag]             0.0.152                -> 0.0.152
handle-success	Checkout code	2026-02-28T16:19:37.6853593Z  * [new tag]             0.0.153                -> 0.0.153
handle-success	Checkout code	2026-02-28T16:19:37.6854011Z  * [new tag]             0.0.154                -> 0.0.154
handle-success	Checkout code	2026-02-28T16:19:37.6854429Z  * [new tag]             0.0.155                -> 0.0.155
handle-success	Checkout code	2026-02-28T16:19:37.6869916Z  * [new tag]             0.0.156                -> 0.0.156
handle-success	Checkout code	2026-02-28T16:19:37.6870379Z  * [new tag]             0.0.157                -> 0.0.157
handle-success	Checkout code	2026-02-28T16:19:37.6870801Z  * [new tag]             0.0.158                -> 0.0.158
handle-success	Checkout code	2026-02-28T16:19:37.6871225Z  * [new tag]             0.0.159                -> 0.0.159
handle-success	Checkout code	2026-02-28T16:19:37.6871643Z  * [new tag]             0.0.16                 -> 0.0.16
handle-success	Checkout code	2026-02-28T16:19:37.6872352Z  * [new tag]             0.0.160                -> 0.0.160
handle-success	Checkout code	2026-02-28T16:19:37.6872770Z  * [new tag]             0.0.161                -> 0.0.161
handle-success	Checkout code	2026-02-28T16:19:37.6873186Z  * [new tag]             0.0.162                -> 0.0.162
handle-success	Checkout code	2026-02-28T16:19:37.6873616Z  * [new tag]             0.0.163                -> 0.0.163
handle-success	Checkout code	2026-02-28T16:19:37.6874033Z  * [new tag]             0.0.164                -> 0.0.164
handle-success	Checkout code	2026-02-28T16:19:37.6874447Z  * [new tag]             0.0.165                -> 0.0.165
handle-success	Checkout code	2026-02-28T16:19:37.6895266Z  * [new tag]             0.0.166                -> 0.0.166
handle-success	Checkout code	2026-02-28T16:19:37.6895725Z  * [new tag]             0.0.167                -> 0.0.167
handle-success	Checkout code	2026-02-28T16:19:37.6896152Z  * [new tag]             0.0.168                -> 0.0.168
handle-success	Checkout code	2026-02-28T16:19:37.6915052Z  * [new tag]             0.0.169                -> 0.0.169
handle-success	Checkout code	2026-02-28T16:19:37.6915642Z  * [new tag]             0.0.17                 -> 0.0.17
handle-success	Checkout code	2026-02-28T16:19:37.6916103Z  * [new tag]             0.0.170                -> 0.0.170
handle-success	Checkout code	2026-02-28T16:19:37.6916527Z  * [new tag]             0.0.171                -> 0.0.171
handle-success	Checkout code	2026-02-28T16:19:37.6916948Z  * [new tag]             0.0.172                -> 0.0.172
handle-success	Checkout code	2026-02-28T16:19:37.6917360Z  * [new tag]             0.0.173                -> 0.0.173
handle-success	Checkout code	2026-02-28T16:19:37.6917925Z  * [new tag]             0.0.174                -> 0.0.174
handle-success	Checkout code	2026-02-28T16:19:37.6918344Z  * [new tag]             0.0.175                -> 0.0.175
handle-success	Checkout code	2026-02-28T16:19:37.6918761Z  * [new tag]             0.0.176                -> 0.0.176
handle-success	Checkout code	2026-02-28T16:19:37.6919184Z  * [new tag]             0.0.177                -> 0.0.177
handle-success	Checkout code	2026-02-28T16:19:37.6919602Z  * [new tag]             0.0.178                -> 0.0.178
handle-success	Checkout code	2026-02-28T16:19:37.6920013Z  * [new tag]             0.0.179                -> 0.0.179
handle-success	Checkout code	2026-02-28T16:19:37.6920431Z  * [new tag]             0.0.18                 -> 0.0.18
handle-success	Checkout code	2026-02-28T16:19:37.6920847Z  * [new tag]             0.0.19                 -> 0.0.19
handle-success	Checkout code	2026-02-28T16:19:37.6921280Z  * [new tag]             0.0.2                  -> 0.0.2
handle-success	Checkout code	2026-02-28T16:19:37.6921691Z  * [new tag]             0.0.20                 -> 0.0.20
handle-success	Checkout code	2026-02-28T16:19:37.6922113Z  * [new tag]             0.0.21                 -> 0.0.21
handle-success	Checkout code	2026-02-28T16:19:37.6922526Z  * [new tag]             0.0.22                 -> 0.0.22
handle-success	Checkout code	2026-02-28T16:19:37.6922935Z  * [new tag]             0.0.23                 -> 0.0.23
handle-success	Checkout code	2026-02-28T16:19:37.6923352Z  * [new tag]             0.0.24                 -> 0.0.24
handle-success	Checkout code	2026-02-28T16:19:37.6923766Z  * [new tag]             0.0.25                 -> 0.0.25
handle-success	Checkout code	2026-02-28T16:19:37.6924184Z  * [new tag]             0.0.26                 -> 0.0.26
handle-success	Checkout code	2026-02-28T16:19:37.6974977Z  * [new tag]             0.0.27                 -> 0.0.27
handle-success	Checkout code	2026-02-28T16:19:37.6975741Z  * [new tag]             0.0.28                 -> 0.0.28
handle-success	Checkout code	2026-02-28T16:19:37.6976175Z  * [new tag]             0.0.29                 -> 0.0.29
handle-success	Checkout code	2026-02-28T16:19:37.6976604Z  * [new tag]             0.0.3                  -> 0.0.3
handle-success	Checkout code	2026-02-28T16:19:37.6977369Z  * [new tag]             0.0.30                 -> 0.0.30
handle-success	Checkout code	2026-02-28T16:19:37.6977790Z  * [new tag]             0.0.31                 -> 0.0.31
handle-success	Checkout code	2026-02-28T16:19:37.6978204Z  * [new tag]             0.0.32                 -> 0.0.32
handle-success	Checkout code	2026-02-28T16:19:37.6978612Z  * [new tag]             0.0.33                 -> 0.0.33
handle-success	Checkout code	2026-02-28T16:19:37.6979033Z  * [new tag]             0.0.34                 -> 0.0.34
handle-success	Checkout code	2026-02-28T16:19:37.6979451Z  * [new tag]             0.0.35                 -> 0.0.35
handle-success	Checkout code	2026-02-28T16:19:37.6979865Z  * [new tag]             0.0.36                 -> 0.0.36
handle-success	Checkout code	2026-02-28T16:19:37.6980275Z  * [new tag]             0.0.37                 -> 0.0.37
handle-success	Checkout code	2026-02-28T16:19:37.6980691Z  * [new tag]             0.0.38                 -> 0.0.38
handle-success	Checkout code	2026-02-28T16:19:37.6981105Z  * [new tag]             0.0.39                 -> 0.0.39
handle-success	Checkout code	2026-02-28T16:19:37.6981520Z  * [new tag]             0.0.4                  -> 0.0.4
handle-success	Checkout code	2026-02-28T16:19:37.6981929Z  * [new tag]             0.0.40                 -> 0.0.40
handle-success	Checkout code	2026-02-28T16:19:37.6982614Z  * [new tag]             0.0.41                 -> 0.0.41
handle-success	Checkout code	2026-02-28T16:19:37.6983029Z  * [new tag]             0.0.42                 -> 0.0.42
handle-success	Checkout code	2026-02-28T16:19:37.6983439Z  * [new tag]             0.0.43                 -> 0.0.43
handle-success	Checkout code	2026-02-28T16:19:37.6983852Z  * [new tag]             0.0.44                 -> 0.0.44
handle-success	Checkout code	2026-02-28T16:19:37.6984265Z  * [new tag]             0.0.45                 -> 0.0.45
handle-success	Checkout code	2026-02-28T16:19:37.6984826Z  * [new tag]             0.0.46                 -> 0.0.46
handle-success	Checkout code	2026-02-28T16:19:37.6985240Z  * [new tag]             0.0.47                 -> 0.0.47
handle-success	Checkout code	2026-02-28T16:19:37.6985651Z  * [new tag]             0.0.48                 -> 0.0.48
handle-success	Checkout code	2026-02-28T16:19:37.6986064Z  * [new tag]             0.0.49                 -> 0.0.49
handle-success	Checkout code	2026-02-28T16:19:37.6986475Z  * [new tag]             0.0.5                  -> 0.0.5
handle-success	Checkout code	2026-02-28T16:19:37.6986889Z  * [new tag]             0.0.50                 -> 0.0.50
handle-success	Checkout code	2026-02-28T16:19:37.6987317Z  * [new tag]             0.0.51                 -> 0.0.51
handle-success	Checkout code	2026-02-28T16:19:37.6987733Z  * [new tag]             0.0.52                 -> 0.0.52
handle-success	Checkout code	2026-02-28T16:19:37.6988142Z  * [new tag]             0.0.53                 -> 0.0.53
handle-success	Checkout code	2026-02-28T16:19:37.6988554Z  * [new tag]             0.0.54                 -> 0.0.54
handle-success	Checkout code	2026-02-28T16:19:37.6988964Z  * [new tag]             0.0.55                 -> 0.0.55
handle-success	Checkout code	2026-02-28T16:19:37.6989377Z  * [new tag]             0.0.56                 -> 0.0.56
handle-success	Checkout code	2026-02-28T16:19:37.6989787Z  * [new tag]             0.0.57                 -> 0.0.57
handle-success	Checkout code	2026-02-28T16:19:37.6990201Z  * [new tag]             0.0.58                 -> 0.0.58
handle-success	Checkout code	2026-02-28T16:19:37.6990609Z  * [new tag]             0.0.59                 -> 0.0.59
handle-success	Checkout code	2026-02-28T16:19:37.6991011Z  * [new tag]             0.0.6                  -> 0.0.6
handle-success	Checkout code	2026-02-28T16:19:37.6991424Z  * [new tag]             0.0.60                 -> 0.0.60
handle-success	Checkout code	2026-02-28T16:19:37.6991835Z  * [new tag]             0.0.61                 -> 0.0.61
handle-success	Checkout code	2026-02-28T16:19:37.6992257Z  * [new tag]             0.0.62                 -> 0.0.62
handle-success	Checkout code	2026-02-28T16:19:37.6992660Z  * [new tag]             0.0.63                 -> 0.0.63
handle-success	Checkout code	2026-02-28T16:19:37.6993065Z  * [new tag]             0.0.64                 -> 0.0.64
handle-success	Checkout code	2026-02-28T16:19:37.6993469Z  * [new tag]             0.0.65                 -> 0.0.65
handle-success	Checkout code	2026-02-28T16:19:37.6993872Z  * [new tag]             0.0.66                 -> 0.0.66
handle-success	Checkout code	2026-02-28T16:19:37.6994270Z  * [new tag]             0.0.67                 -> 0.0.67
handle-success	Checkout code	2026-02-28T16:19:37.7014996Z  * [new tag]             0.0.68                 -> 0.0.68
handle-success	Checkout code	2026-02-28T16:19:37.7015476Z  * [new tag]             0.0.69                 -> 0.0.69
handle-success	Checkout code	2026-02-28T16:19:37.7015888Z  * [new tag]             0.0.7                  -> 0.0.7
handle-success	Checkout code	2026-02-28T16:19:37.7016299Z  * [new tag]             0.0.70                 -> 0.0.70
handle-success	Checkout code	2026-02-28T16:19:37.7016713Z  * [new tag]             0.0.71                 -> 0.0.71
handle-success	Checkout code	2026-02-28T16:19:37.7017121Z  * [new tag]             0.0.72                 -> 0.0.72
handle-success	Checkout code	2026-02-28T16:19:37.7017848Z  * [new tag]             0.0.73                 -> 0.0.73
handle-success	Checkout code	2026-02-28T16:19:37.7018261Z  * [new tag]             0.0.74                 -> 0.0.74
handle-success	Checkout code	2026-02-28T16:19:37.7018673Z  * [new tag]             0.0.75                 -> 0.0.75
handle-success	Checkout code	2026-02-28T16:19:37.7019081Z  * [new tag]             0.0.76                 -> 0.0.76
handle-success	Checkout code	2026-02-28T16:19:37.7019488Z  * [new tag]             0.0.77                 -> 0.0.77
handle-success	Checkout code	2026-02-28T16:19:37.7019900Z  * [new tag]             0.0.78                 -> 0.0.78
handle-success	Checkout code	2026-02-28T16:19:37.7020307Z  * [new tag]             0.0.79                 -> 0.0.79
handle-success	Checkout code	2026-02-28T16:19:37.7020710Z  * [new tag]             0.0.8                  -> 0.0.8
handle-success	Checkout code	2026-02-28T16:19:37.7021117Z  * [new tag]             0.0.80                 -> 0.0.80
handle-success	Checkout code	2026-02-28T16:19:37.7021526Z  * [new tag]             0.0.81                 -> 0.0.81
handle-success	Checkout code	2026-02-28T16:19:37.7021936Z  * [new tag]             0.0.82                 -> 0.0.82
handle-success	Checkout code	2026-02-28T16:19:37.7022339Z  * [new tag]             0.0.83                 -> 0.0.83
handle-success	Checkout code	2026-02-28T16:19:37.7022964Z  * [new tag]             0.0.84                 -> 0.0.84
handle-success	Checkout code	2026-02-28T16:19:37.7023372Z  * [new tag]             0.0.85                 -> 0.0.85
handle-success	Checkout code	2026-02-28T16:19:37.7023774Z  * [new tag]             0.0.86                 -> 0.0.86
handle-success	Checkout code	2026-02-28T16:19:37.7024182Z  * [new tag]             0.0.87                 -> 0.0.87
handle-success	Checkout code	2026-02-28T16:19:37.7034955Z  * [new tag]             0.0.88                 -> 0.0.88
handle-success	Checkout code	2026-02-28T16:19:37.7035447Z  * [new tag]             0.0.89                 -> 0.0.89
handle-success	Checkout code	2026-02-28T16:19:37.7035861Z  * [new tag]             0.0.9                  -> 0.0.9
handle-success	Checkout code	2026-02-28T16:19:37.7036276Z  * [new tag]             0.0.90                 -> 0.0.90
handle-success	Checkout code	2026-02-28T16:19:37.7036704Z  * [new tag]             0.0.91                 -> 0.0.91
handle-success	Checkout code	2026-02-28T16:19:37.7037125Z  * [new tag]             0.0.92                 -> 0.0.92
handle-success	Checkout code	2026-02-28T16:19:37.7037534Z  * [new tag]             0.0.93                 -> 0.0.93
handle-success	Checkout code	2026-02-28T16:19:37.7037969Z  * [new tag]             0.0.94                 -> 0.0.94
handle-success	Checkout code	2026-02-28T16:19:37.7038394Z  * [new tag]             0.0.95                 -> 0.0.95
handle-success	Checkout code	2026-02-28T16:19:37.7038797Z  * [new tag]             0.0.96                 -> 0.0.96
handle-success	Checkout code	2026-02-28T16:19:37.7039214Z  * [new tag]             0.0.97                 -> 0.0.97
handle-success	Checkout code	2026-02-28T16:19:37.7039624Z  * [new tag]             0.0.98                 -> 0.0.98
handle-success	Checkout code	2026-02-28T16:19:37.7040040Z  * [new tag]             0.0.99                 -> 0.0.99
handle-success	Checkout code	2026-02-28T16:19:37.7040449Z  * [new tag]             0.1.0                  -> 0.1.0
handle-success	Checkout code	2026-02-28T16:19:37.7040857Z  * [new tag]             0.1.1                  -> 0.1.1
handle-success	Checkout code	2026-02-28T16:19:37.7041265Z  * [new tag]             0.2.0                  -> 0.2.0
handle-success	Checkout code	2026-02-28T16:19:37.7041670Z  * [new tag]             0.3.0                  -> 0.3.0
handle-success	Checkout code	2026-02-28T16:19:37.7042072Z  * [new tag]             0.3.1                  -> 0.3.1
handle-success	Checkout code	2026-02-28T16:19:37.7042482Z  * [new tag]             0.3.10                 -> 0.3.10
handle-success	Checkout code	2026-02-28T16:19:37.7042906Z  * [new tag]             0.3.11                 -> 0.3.11
handle-success	Checkout code	2026-02-28T16:19:37.7043311Z  * [new tag]             0.3.12                 -> 0.3.12
handle-success	Checkout code	2026-02-28T16:19:37.7043720Z  * [new tag]             0.3.13                 -> 0.3.13
handle-success	Checkout code	2026-02-28T16:19:37.7044131Z  * [new tag]             0.3.14                 -> 0.3.14
handle-success	Checkout code	2026-02-28T16:19:37.7064964Z  * [new tag]             0.3.15                 -> 0.3.15
handle-success	Checkout code	2026-02-28T16:19:37.7065597Z  * [new tag]             0.3.16                 -> 0.3.16
handle-success	Checkout code	2026-02-28T16:19:37.7066027Z  * [new tag]             0.3.17                 -> 0.3.17
handle-success	Checkout code	2026-02-28T16:19:37.7066449Z  * [new tag]             0.3.2                  -> 0.3.2
handle-success	Checkout code	2026-02-28T16:19:37.7066852Z  * [new tag]             0.3.3                  -> 0.3.3
handle-success	Checkout code	2026-02-28T16:19:37.7067259Z  * [new tag]             0.3.4                  -> 0.3.4
handle-success	Checkout code	2026-02-28T16:19:37.7067663Z  * [new tag]             0.3.5                  -> 0.3.5
handle-success	Checkout code	2026-02-28T16:19:37.7068069Z  * [new tag]             0.3.6                  -> 0.3.6
handle-success	Checkout code	2026-02-28T16:19:37.7068828Z  * [new tag]             0.3.7                  -> 0.3.7
handle-success	Checkout code	2026-02-28T16:19:37.7069234Z  * [new tag]             0.3.8                  -> 0.3.8
handle-success	Checkout code	2026-02-28T16:19:37.7069640Z  * [new tag]             0.3.9                  -> 0.3.9
handle-success	Checkout code	2026-02-28T16:19:37.7070048Z  * [new tag]             0.4.0                  -> 0.4.0
handle-success	Checkout code	2026-02-28T16:19:37.7070447Z  * [new tag]             0.4.1                  -> 0.4.1
handle-success	Checkout code	2026-02-28T16:19:37.7075103Z  * [new tag]             0.4.2                  -> 0.4.2
handle-success	Checkout code	2026-02-28T16:19:37.7075545Z  * [new tag]             0.4.3                  -> 0.4.3
handle-success	Checkout code	2026-02-28T16:19:37.7075950Z  * [new tag]             0.4.4                  -> 0.4.4
handle-success	Checkout code	2026-02-28T16:19:37.7076363Z  * [new tag]             0.4.5                  -> 0.4.5
handle-success	Checkout code	2026-02-28T16:19:37.7076802Z  * [new tag]             0.4.6                  -> 0.4.6
handle-success	Checkout code	2026-02-28T16:19:37.7077210Z  * [new tag]             0.4.7                  -> 0.4.7
handle-success	Checkout code	2026-02-28T16:19:37.7077616Z  * [new tag]             0.4.8                  -> 0.4.8
handle-success	Checkout code	2026-02-28T16:19:37.7078335Z  * [new tag]             0.4.9                  -> 0.4.9
handle-success	Checkout code	2026-02-28T16:19:37.7078734Z  * [new tag]             0.5.0                  -> 0.5.0
handle-success	Checkout code	2026-02-28T16:19:37.7079137Z  * [new tag]             0.5.1                  -> 0.5.1
handle-success	Checkout code	2026-02-28T16:19:37.7079542Z  * [new tag]             0.5.2                  -> 0.5.2
handle-success	Checkout code	2026-02-28T16:19:37.7079943Z  * [new tag]             0.6.0                  -> 0.6.0
handle-success	Checkout code	2026-02-28T16:19:37.7080347Z  * [new tag]             0.6.1                  -> 0.6.1
handle-success	Checkout code	2026-02-28T16:19:37.7080754Z  * [new tag]             0.6.2                  -> 0.6.2
handle-success	Checkout code	2026-02-28T16:19:37.7081164Z  * [new tag]             0.6.3                  -> 0.6.3
handle-success	Checkout code	2026-02-28T16:19:37.7081565Z  * [new tag]             0.6.4                  -> 0.6.4
handle-success	Checkout code	2026-02-28T16:19:37.7081966Z  * [new tag]             0.6.5                  -> 0.6.5
handle-success	Checkout code	2026-02-28T16:19:37.7082374Z  * [new tag]             0.6.6                  -> 0.6.6
handle-success	Checkout code	2026-02-28T16:19:37.7410259Z [command]/usr/bin/git branch --list --remote origin/main
handle-success	Checkout code	2026-02-28T16:19:37.7511457Z   origin/main
handle-success	Checkout code	2026-02-28T16:19:37.7525219Z [command]/usr/bin/git rev-parse refs/remotes/origin/main
handle-success	Checkout code	2026-02-28T16:19:37.7567307Z a3e1eaa384f002eed4f5089d75642b6786085890
handle-success	Checkout code	2026-02-28T16:19:37.7570772Z [command]/usr/bin/git -c protocol.version=2 fetch --no-tags --prune --no-recurse-submodules origin +dfc0aa37f806904802b2350a2172b0ce3093a7de:refs/remotes/origin/main
handle-success	Checkout code	2026-02-28T16:19:37.7777046Z From https://github.com/Ka0s-Klaus/ka0s
handle-success	Checkout code	2026-02-28T16:19:37.7777951Z  + a3e1eaa38...dfc0aa37f dfc0aa37f806904802b2350a2172b0ce3093a7de -> origin/main  (forced update)
handle-success	Checkout code	2026-02-28T16:19:37.7818140Z ##[endgroup]
handle-success	Checkout code	2026-02-28T16:19:37.7818671Z ##[group]Determining the checkout info
handle-success	Checkout code	2026-02-28T16:19:37.7819180Z ##[endgroup]
handle-success	Checkout code	2026-02-28T16:19:37.7826915Z [command]/usr/bin/git sparse-checkout disable
handle-success	Checkout code	2026-02-28T16:19:37.7892043Z [command]/usr/bin/git config --local --unset-all extensions.worktreeConfig
handle-success	Checkout code	2026-02-28T16:19:37.7938336Z ##[group]Checking out the ref
handle-success	Checkout code	2026-02-28T16:19:37.7945295Z [command]/usr/bin/git checkout --progress --force -B main refs/remotes/origin/main
handle-success	Checkout code	2026-02-28T16:19:38.0668167Z Switched to a new branch 'main'
handle-success	Checkout code	2026-02-28T16:19:38.0671615Z branch 'main' set up to track 'origin/main'.
handle-success	Checkout code	2026-02-28T16:19:38.0725439Z ##[endgroup]
handle-success	Checkout code	2026-02-28T16:19:38.0806289Z [command]/usr/bin/git log -1 --format=%H
handle-success	Checkout code	2026-02-28T16:19:38.0859098Z dfc0aa37f806904802b2350a2172b0ce3093a7de
handle-success	Log Success	Ôªø2026-02-28T16:19:38.1134696Z ##[group]Run echo "Successfully added docs to DB."
handle-success	Log Success	2026-02-28T16:19:38.1135255Z [36;1mecho "Successfully added docs to DB."[0m
handle-success	Log Success	2026-02-28T16:19:38.1151460Z shell: /usr/bin/bash -e {0}
handle-success	Log Success	2026-02-28T16:19:38.1151750Z env:
handle-success	Log Success	2026-02-28T16:19:38.1151965Z   PYTHON_VERSION: 3.9
handle-success	Log Success	2026-02-28T16:19:38.1152958Z   MONGO_SUPERUSER_CONNECTION: ***
handle-success	Log Success	2026-02-28T16:19:38.1153360Z   MONGO_NEW_PASS: ***
handle-success	Log Success	2026-02-28T16:19:38.1153682Z   MONGO_SCRIPT_CREATE: devops/core/mongo/scripts/add-doc-to-db.py
handle-success	Log Success	2026-02-28T16:19:38.1154056Z   KAOS_CODE: 22524294862
handle-success	Log Success	2026-02-28T16:19:38.1154321Z   KAOS_MODULE: [Ka0s] Autom add docs to MongoDB
handle-success	Log Success	2026-02-28T16:19:38.1155143Z   REPORT_SCAN: audit/
handle-success	Log Success	2026-02-28T16:19:38.1155363Z   REPORT_PATH: audit/mongodb/
handle-success	Log Success	2026-02-28T16:19:38.1155642Z   REPORT_FILENAME: mongo_setup_22524294862.json
handle-success	Log Success	2026-02-28T16:19:38.1155985Z   REPORT_FILENAME_LIST: mongo_list_22524294862.json
handle-success	Log Success	2026-02-28T16:19:38.1156344Z   REPORT_FILENAME_DB: mongo_create_db_22524294862.json
handle-success	Log Success	2026-02-28T16:19:38.1156652Z ##[endgroup]
handle-success	Log Success	2026-02-28T16:19:38.1240214Z Successfully added docs to DB.
handle-success	Post Checkout code	Ôªø2026-02-28T16:19:38.1624094Z Post job cleanup.
handle-success	Post Checkout code	2026-02-28T16:19:38.2805395Z [command]/usr/bin/git version
handle-success	Post Checkout code	2026-02-28T16:19:38.2850080Z git version 2.53.0
handle-success	Post Checkout code	2026-02-28T16:19:38.2928066Z Temporarily overriding HOME='/home/runner/_work/_temp/222b3788-018b-412b-8d62-3492e9d2fd5f' before making global git config changes
handle-success	Post Checkout code	2026-02-28T16:19:38.2932508Z Adding repository directory to the temporary git global config as a safe directory
handle-success	Post Checkout code	2026-02-28T16:19:38.2941699Z [command]/usr/bin/git config --global --add safe.directory /home/runner/_work/ka0s/ka0s
handle-success	Post Checkout code	2026-02-28T16:19:38.2999867Z [command]/usr/bin/git config --local --name-only --get-regexp core\.sshCommand
handle-success	Post Checkout code	2026-02-28T16:19:38.3064063Z [command]/usr/bin/git submodule foreach --recursive sh -c "git config --local --name-only --get-regexp 'core\.sshCommand' && git config --local --unset-all 'core.sshCommand' || :"
handle-success	Post Checkout code	2026-02-28T16:19:38.3477777Z [command]/usr/bin/git config --local --name-only --get-regexp http\.https\:\/\/github\.com\/\.extraheader
handle-success	Post Checkout code	2026-02-28T16:19:38.3511184Z http.https://github.com/.extraheader
handle-success	Post Checkout code	2026-02-28T16:19:38.3540531Z [command]/usr/bin/git config --local --unset-all http.https://github.com/.extraheader
handle-success	Post Checkout code	2026-02-28T16:19:38.3585708Z [command]/usr/bin/git submodule foreach --recursive sh -c "git config --local --name-only --get-regexp 'http\.https\:\/\/github\.com\/\.extraheader' && git config --local --unset-all 'http.https://github.com/.extraheader' || :"
handle-success	Post Checkout code	2026-02-28T16:19:38.4009373Z [command]/usr/bin/git config --local --name-only --get-regexp ^includeIf\.gitdir:
handle-success	Post Checkout code	2026-02-28T16:19:38.4083985Z [command]/usr/bin/git submodule foreach --recursive git config --local --show-origin --name-only --get-regexp remote.origin.url
handle-success	Complete job	Ôªø2026-02-28T16:19:38.4786994Z Cleaning up orphan processes
end-workflow	Set up job	Ôªø2026-02-28T16:19:49.9981557Z Current runner version: '2.332.0'
end-workflow	Set up job	2026-02-28T16:19:49.9992862Z Runner name: 'swarm-runners-scaleset-hkss5-runner-vfq5x'
end-workflow	Set up job	2026-02-28T16:19:49.9994026Z Runner group name: 'Default'
end-workflow	Set up job	2026-02-28T16:19:49.9995605Z Machine name: 'swarm-runners-scaleset-hkss5-runner-vfq5x'
end-workflow	Set up job	2026-02-28T16:19:50.0001302Z ##[group]GITHUB_TOKEN Permissions
end-workflow	Set up job	2026-02-28T16:19:50.0004149Z Actions: write
end-workflow	Set up job	2026-02-28T16:19:50.0004965Z Contents: write
end-workflow	Set up job	2026-02-28T16:19:50.0005613Z Issues: write
end-workflow	Set up job	2026-02-28T16:19:50.0006324Z Metadata: read
end-workflow	Set up job	2026-02-28T16:19:50.0006952Z PullRequests: write
end-workflow	Set up job	2026-02-28T16:19:50.0007586Z ##[endgroup]
end-workflow	Set up job	2026-02-28T16:19:50.0010169Z Secret source: Actions
end-workflow	Set up job	2026-02-28T16:19:50.0011060Z Prepare workflow directory
end-workflow	Set up job	2026-02-28T16:19:50.0592478Z Prepare all required actions
end-workflow	Set up job	2026-02-28T16:19:50.0632928Z Getting action download info
end-workflow	Set up job	2026-02-28T16:19:50.6563499Z Download action repository 'actions/checkout@v4' (SHA:34e114876b0b11c390a56381ad16ebd13914f8d5)
end-workflow	Set up job	2026-02-28T16:19:51.5369476Z Complete job name: end-workflow
end-workflow	Checkout repository	Ôªø2026-02-28T16:19:51.6260032Z ##[group]Run actions/checkout@v4
end-workflow	Checkout repository	2026-02-28T16:19:51.6261188Z with:
end-workflow	Checkout repository	2026-02-28T16:19:51.6261679Z   fetch-depth: 0
end-workflow	Checkout repository	2026-02-28T16:19:51.6262486Z   repository: Ka0s-Klaus/ka0s
end-workflow	Checkout repository	2026-02-28T16:19:51.6263368Z   token: ***
end-workflow	Checkout repository	2026-02-28T16:19:51.6263834Z   ssh-strict: true
end-workflow	Checkout repository	2026-02-28T16:19:51.6264307Z   ssh-user: git
end-workflow	Checkout repository	2026-02-28T16:19:51.6264957Z   persist-credentials: true
end-workflow	Checkout repository	2026-02-28T16:19:51.6265502Z   clean: true
end-workflow	Checkout repository	2026-02-28T16:19:51.6266345Z   sparse-checkout-cone-mode: true
end-workflow	Checkout repository	2026-02-28T16:19:51.6266919Z   fetch-tags: false
end-workflow	Checkout repository	2026-02-28T16:19:51.6267388Z   show-progress: true
end-workflow	Checkout repository	2026-02-28T16:19:51.6267865Z   lfs: false
end-workflow	Checkout repository	2026-02-28T16:19:51.6268299Z   submodules: false
end-workflow	Checkout repository	2026-02-28T16:19:51.6268807Z   set-safe-directory: true
end-workflow	Checkout repository	2026-02-28T16:19:51.6269721Z env:
end-workflow	Checkout repository	2026-02-28T16:19:51.6270171Z   PYTHON_VERSION: 3.9
end-workflow	Checkout repository	2026-02-28T16:19:51.6271916Z   MONGO_SUPERUSER_CONNECTION: ***
end-workflow	Checkout repository	2026-02-28T16:19:51.6272717Z   MONGO_NEW_PASS: ***
end-workflow	Checkout repository	2026-02-28T16:19:51.6273382Z   MONGO_SCRIPT_CREATE: devops/core/mongo/scripts/add-doc-to-db.py
end-workflow	Checkout repository	2026-02-28T16:19:51.6274215Z   KAOS_CODE: 22524294862
end-workflow	Checkout repository	2026-02-28T16:19:51.6275085Z   KAOS_MODULE: [Ka0s] Autom add docs to MongoDB
end-workflow	Checkout repository	2026-02-28T16:19:51.6275970Z   REPORT_SCAN: audit/
end-workflow	Checkout repository	2026-02-28T16:19:51.6276453Z   REPORT_PATH: audit/mongodb/
end-workflow	Checkout repository	2026-02-28T16:19:51.6277026Z   REPORT_FILENAME: mongo_setup_22524294862.json
end-workflow	Checkout repository	2026-02-28T16:19:51.6277722Z   REPORT_FILENAME_LIST: mongo_list_22524294862.json
end-workflow	Checkout repository	2026-02-28T16:19:51.6278446Z   REPORT_FILENAME_DB: mongo_create_db_22524294862.json
end-workflow	Checkout repository	2026-02-28T16:19:51.6279222Z ##[endgroup]
end-workflow	Checkout repository	2026-02-28T16:19:51.8065431Z Syncing repository: Ka0s-Klaus/ka0s
end-workflow	Checkout repository	2026-02-28T16:19:51.8068602Z ##[group]Getting Git version info
end-workflow	Checkout repository	2026-02-28T16:19:51.8069826Z Working directory is '/home/runner/_work/ka0s/ka0s'
end-workflow	Checkout repository	2026-02-28T16:19:51.8071110Z [command]/usr/bin/git version
end-workflow	Checkout repository	2026-02-28T16:19:51.8222064Z git version 2.53.0
end-workflow	Checkout repository	2026-02-28T16:19:51.8336572Z ##[endgroup]
end-workflow	Checkout repository	2026-02-28T16:19:51.8360023Z Temporarily overriding HOME='/home/runner/_work/_temp/d0c6f245-5e98-4d6d-a926-37284498a1c4' before making global git config changes
end-workflow	Checkout repository	2026-02-28T16:19:51.8361970Z Adding repository directory to the temporary git global config as a safe directory
end-workflow	Checkout repository	2026-02-28T16:19:51.8363476Z [command]/usr/bin/git config --global --add safe.directory /home/runner/_work/ka0s/ka0s
end-workflow	Checkout repository	2026-02-28T16:19:51.8439292Z Deleting the contents of '/home/runner/_work/ka0s/ka0s'
end-workflow	Checkout repository	2026-02-28T16:19:51.8466969Z ##[group]Initializing the repository
end-workflow	Checkout repository	2026-02-28T16:19:51.8471403Z [command]/usr/bin/git init /home/runner/_work/ka0s/ka0s
end-workflow	Checkout repository	2026-02-28T16:19:51.9147514Z hint: Using 'master' as the name for the initial branch. This default branch name
end-workflow	Checkout repository	2026-02-28T16:19:51.9149447Z hint: will change to "main" in Git 3.0. To configure the initial branch name
end-workflow	Checkout repository	2026-02-28T16:19:51.9152603Z hint: to use in all of your new repositories, which will suppress this warning,
end-workflow	Checkout repository	2026-02-28T16:19:51.9153519Z hint: call:
end-workflow	Checkout repository	2026-02-28T16:19:51.9153906Z hint:
end-workflow	Checkout repository	2026-02-28T16:19:51.9156688Z hint: 	git config --global init.defaultBranch <name>
end-workflow	Checkout repository	2026-02-28T16:19:51.9157438Z hint:
end-workflow	Checkout repository	2026-02-28T16:19:51.9158987Z hint: Names commonly chosen instead of 'master' are 'main', 'trunk' and
end-workflow	Checkout repository	2026-02-28T16:19:51.9160291Z hint: 'development'. The just-created branch can be renamed via this command:
end-workflow	Checkout repository	2026-02-28T16:19:51.9161314Z hint:
end-workflow	Checkout repository	2026-02-28T16:19:51.9161866Z hint: 	git branch -m <name>
end-workflow	Checkout repository	2026-02-28T16:19:51.9162396Z hint:
end-workflow	Checkout repository	2026-02-28T16:19:51.9163144Z hint: Disable this message with "git config set advice.defaultBranchName false"
end-workflow	Checkout repository	2026-02-28T16:19:51.9164427Z Initialized empty Git repository in /home/runner/_work/ka0s/ka0s/.git/
end-workflow	Checkout repository	2026-02-28T16:19:51.9170474Z [command]/usr/bin/git remote add origin https://github.com/Ka0s-Klaus/ka0s
end-workflow	Checkout repository	2026-02-28T16:19:51.9298761Z ##[endgroup]
end-workflow	Checkout repository	2026-02-28T16:19:51.9300138Z ##[group]Disabling automatic garbage collection
end-workflow	Checkout repository	2026-02-28T16:19:51.9301224Z [command]/usr/bin/git config --local gc.auto 0
end-workflow	Checkout repository	2026-02-28T16:19:51.9375804Z ##[endgroup]
end-workflow	Checkout repository	2026-02-28T16:19:51.9376659Z ##[group]Setting up auth
end-workflow	Checkout repository	2026-02-28T16:19:51.9384101Z [command]/usr/bin/git config --local --name-only --get-regexp core\.sshCommand
end-workflow	Checkout repository	2026-02-28T16:19:51.9440644Z [command]/usr/bin/git submodule foreach --recursive sh -c "git config --local --name-only --get-regexp 'core\.sshCommand' && git config --local --unset-all 'core.sshCommand' || :"
end-workflow	Checkout repository	2026-02-28T16:19:51.9891134Z [command]/usr/bin/git config --local --name-only --get-regexp http\.https\:\/\/github\.com\/\.extraheader
end-workflow	Checkout repository	2026-02-28T16:19:51.9938829Z [command]/usr/bin/git submodule foreach --recursive sh -c "git config --local --name-only --get-regexp 'http\.https\:\/\/github\.com\/\.extraheader' && git config --local --unset-all 'http.https://github.com/.extraheader' || :"
end-workflow	Checkout repository	2026-02-28T16:19:52.0301417Z [command]/usr/bin/git config --local --name-only --get-regexp ^includeIf\.gitdir:
end-workflow	Checkout repository	2026-02-28T16:19:52.0349343Z [command]/usr/bin/git submodule foreach --recursive git config --local --show-origin --name-only --get-regexp remote.origin.url
end-workflow	Checkout repository	2026-02-28T16:19:52.0735103Z [command]/usr/bin/git config --local http.https://github.com/.extraheader AUTHORIZATION: basic ***
end-workflow	Checkout repository	2026-02-28T16:19:52.0793299Z ##[endgroup]
end-workflow	Checkout repository	2026-02-28T16:19:52.0794315Z ##[group]Fetching the repository
end-workflow	Checkout repository	2026-02-28T16:19:52.0816361Z [command]/usr/bin/git -c protocol.version=2 fetch --prune --no-recurse-submodules origin +refs/heads/*:refs/remotes/origin/* +refs/tags/*:refs/tags/*
end-workflow	Checkout repository	2026-02-28T16:20:22.5156456Z From https://github.com/Ka0s-Klaus/ka0s
end-workflow	Checkout repository	2026-02-28T16:20:22.5157722Z  * [new branch]          F3450-modelo-operativo -> origin/F3450-modelo-operativo
end-workflow	Checkout repository	2026-02-28T16:20:22.5163316Z  * [new branch]          H1276-modulo-observabilidad -> origin/H1276-modulo-observabilidad
end-workflow	Checkout repository	2026-02-28T16:20:22.5165064Z  * [new branch]          H3596-deploy-itop      -> origin/H3596-deploy-itop
end-workflow	Checkout repository	2026-02-28T16:20:22.5165934Z  * [new branch]          H4170-flujo-detallado-zabbix---github -> origin/H4170-flujo-detallado-zabbix---github
end-workflow	Checkout repository	2026-02-28T16:20:22.5167191Z  * [new branch]          H4191-request-cambios  -> origin/H4191-request-cambios
end-workflow	Checkout repository	2026-02-28T16:20:22.5177217Z  * [new branch]          H4200-request-recomendaciones-de-auditoria -> origin/H4200-request-recomendaciones-de-auditoria
end-workflow	Checkout repository	2026-02-28T16:20:22.5178513Z  * [new branch]          main                   -> origin/main
end-workflow	Checkout repository	2026-02-28T16:20:22.5179273Z  * [new tag]             0.0.0                  -> 0.0.0
end-workflow	Checkout repository	2026-02-28T16:20:22.5179954Z  * [new tag]             0.0.1                  -> 0.0.1
end-workflow	Checkout repository	2026-02-28T16:20:22.5180587Z  * [new tag]             0.0.10                 -> 0.0.10
end-workflow	Checkout repository	2026-02-28T16:20:22.5181227Z  * [new tag]             0.0.100                -> 0.0.100
end-workflow	Checkout repository	2026-02-28T16:20:22.5182058Z  * [new tag]             0.0.101                -> 0.0.101
end-workflow	Checkout repository	2026-02-28T16:20:22.5182883Z  * [new tag]             0.0.102                -> 0.0.102
end-workflow	Checkout repository	2026-02-28T16:20:22.5183685Z  * [new tag]             0.0.103                -> 0.0.103
end-workflow	Checkout repository	2026-02-28T16:20:22.5186007Z  * [new tag]             0.0.104                -> 0.0.104
end-workflow	Checkout repository	2026-02-28T16:20:22.5186633Z  * [new tag]             0.0.105                -> 0.0.105
end-workflow	Checkout repository	2026-02-28T16:20:22.5187050Z  * [new tag]             0.0.106                -> 0.0.106
end-workflow	Checkout repository	2026-02-28T16:20:22.5188000Z  * [new tag]             0.0.107                -> 0.0.107
end-workflow	Checkout repository	2026-02-28T16:20:22.5188428Z  * [new tag]             0.0.108                -> 0.0.108
end-workflow	Checkout repository	2026-02-28T16:20:22.5188840Z  * [new tag]             0.0.109                -> 0.0.109
end-workflow	Checkout repository	2026-02-28T16:20:22.5189249Z  * [new tag]             0.0.11                 -> 0.0.11
end-workflow	Checkout repository	2026-02-28T16:20:22.5189662Z  * [new tag]             0.0.110                -> 0.0.110
end-workflow	Checkout repository	2026-02-28T16:20:22.5190072Z  * [new tag]             0.0.111                -> 0.0.111
end-workflow	Checkout repository	2026-02-28T16:20:22.5190482Z  * [new tag]             0.0.112                -> 0.0.112
end-workflow	Checkout repository	2026-02-28T16:20:22.5190889Z  * [new tag]             0.0.113                -> 0.0.113
end-workflow	Checkout repository	2026-02-28T16:20:22.5191310Z  * [new tag]             0.0.114                -> 0.0.114
end-workflow	Checkout repository	2026-02-28T16:20:22.5191734Z  * [new tag]             0.0.115                -> 0.0.115
end-workflow	Checkout repository	2026-02-28T16:20:22.5192142Z  * [new tag]             0.0.116                -> 0.0.116
end-workflow	Checkout repository	2026-02-28T16:20:22.5192629Z  * [new tag]             0.0.117                -> 0.0.117
end-workflow	Checkout repository	2026-02-28T16:20:22.5193389Z  * [new tag]             0.0.118                -> 0.0.118
end-workflow	Checkout repository	2026-02-28T16:20:22.5193805Z  * [new tag]             0.0.119                -> 0.0.119
end-workflow	Checkout repository	2026-02-28T16:20:22.5194213Z  * [new tag]             0.0.12                 -> 0.0.12
end-workflow	Checkout repository	2026-02-28T16:20:22.5204385Z  * [new tag]             0.0.120                -> 0.0.120
end-workflow	Checkout repository	2026-02-28T16:20:22.5205033Z  * [new tag]             0.0.121                -> 0.0.121
end-workflow	Checkout repository	2026-02-28T16:20:22.5205455Z  * [new tag]             0.0.122                -> 0.0.122
end-workflow	Checkout repository	2026-02-28T16:20:22.5205867Z  * [new tag]             0.0.123                -> 0.0.123
end-workflow	Checkout repository	2026-02-28T16:20:22.5206284Z  * [new tag]             0.0.124                -> 0.0.124
end-workflow	Checkout repository	2026-02-28T16:20:22.5206704Z  * [new tag]             0.0.125                -> 0.0.125
end-workflow	Checkout repository	2026-02-28T16:20:22.5207117Z  * [new tag]             0.0.126                -> 0.0.126
end-workflow	Checkout repository	2026-02-28T16:20:22.5207526Z  * [new tag]             0.0.127                -> 0.0.127
end-workflow	Checkout repository	2026-02-28T16:20:22.5207938Z  * [new tag]             0.0.128                -> 0.0.128
end-workflow	Checkout repository	2026-02-28T16:20:22.5208374Z  * [new tag]             0.0.129                -> 0.0.129
end-workflow	Checkout repository	2026-02-28T16:20:22.5208781Z  * [new tag]             0.0.13                 -> 0.0.13
end-workflow	Checkout repository	2026-02-28T16:20:22.5315946Z  * [new tag]             0.0.130                -> 0.0.130
end-workflow	Checkout repository	2026-02-28T16:20:22.5316537Z  * [new tag]             0.0.131                -> 0.0.131
end-workflow	Checkout repository	2026-02-28T16:20:22.5316970Z  * [new tag]             0.0.132                -> 0.0.132
end-workflow	Checkout repository	2026-02-28T16:20:22.5317396Z  * [new tag]             0.0.133                -> 0.0.133
end-workflow	Checkout repository	2026-02-28T16:20:22.5317826Z  * [new tag]             0.0.134                -> 0.0.134
end-workflow	Checkout repository	2026-02-28T16:20:22.5345350Z  * [new tag]             0.0.135                -> 0.0.135
end-workflow	Checkout repository	2026-02-28T16:20:22.5345901Z  * [new tag]             0.0.136                -> 0.0.136
end-workflow	Checkout repository	2026-02-28T16:20:22.5346318Z  * [new tag]             0.0.137                -> 0.0.137
end-workflow	Checkout repository	2026-02-28T16:20:22.5346730Z  * [new tag]             0.0.138                -> 0.0.138
end-workflow	Checkout repository	2026-02-28T16:20:22.5347183Z  * [new tag]             0.0.139                -> 0.0.139
end-workflow	Checkout repository	2026-02-28T16:20:22.5347584Z  * [new tag]             0.0.14                 -> 0.0.14
end-workflow	Checkout repository	2026-02-28T16:20:22.5347989Z  * [new tag]             0.0.140                -> 0.0.140
end-workflow	Checkout repository	2026-02-28T16:20:22.5348398Z  * [new tag]             0.0.141                -> 0.0.141
end-workflow	Checkout repository	2026-02-28T16:20:22.5348802Z  * [new tag]             0.0.142                -> 0.0.142
end-workflow	Checkout repository	2026-02-28T16:20:22.5349206Z  * [new tag]             0.0.143                -> 0.0.143
end-workflow	Checkout repository	2026-02-28T16:20:22.5349612Z  * [new tag]             0.0.144                -> 0.0.144
end-workflow	Checkout repository	2026-02-28T16:20:22.5350015Z  * [new tag]             0.0.145                -> 0.0.145
end-workflow	Checkout repository	2026-02-28T16:20:22.5350414Z  * [new tag]             0.0.146                -> 0.0.146
end-workflow	Checkout repository	2026-02-28T16:20:22.5350815Z  * [new tag]             0.0.147                -> 0.0.147
end-workflow	Checkout repository	2026-02-28T16:20:22.5351222Z  * [new tag]             0.0.148                -> 0.0.148
end-workflow	Checkout repository	2026-02-28T16:20:22.5351803Z  * [new tag]             0.0.149                -> 0.0.149
end-workflow	Checkout repository	2026-02-28T16:20:22.5352643Z  * [new tag]             0.0.15                 -> 0.0.15
end-workflow	Checkout repository	2026-02-28T16:20:22.5353110Z  * [new tag]             0.0.150                -> 0.0.150
end-workflow	Checkout repository	2026-02-28T16:20:22.5353515Z  * [new tag]             0.0.151                -> 0.0.151
end-workflow	Checkout repository	2026-02-28T16:20:22.5353913Z  * [new tag]             0.0.152                -> 0.0.152
end-workflow	Checkout repository	2026-02-28T16:20:22.5354327Z  * [new tag]             0.0.153                -> 0.0.153
end-workflow	Checkout repository	2026-02-28T16:20:22.5379632Z  * [new tag]             0.0.154                -> 0.0.154
end-workflow	Checkout repository	2026-02-28T16:20:22.5380126Z  * [new tag]             0.0.155                -> 0.0.155
end-workflow	Checkout repository	2026-02-28T16:20:22.5380556Z  * [new tag]             0.0.156                -> 0.0.156
end-workflow	Checkout repository	2026-02-28T16:20:22.5381019Z  * [new tag]             0.0.157                -> 0.0.157
end-workflow	Checkout repository	2026-02-28T16:20:22.5381503Z  * [new tag]             0.0.158                -> 0.0.158
end-workflow	Checkout repository	2026-02-28T16:20:22.5381979Z  * [new tag]             0.0.159                -> 0.0.159
end-workflow	Checkout repository	2026-02-28T16:20:22.5382691Z  * [new tag]             0.0.16                 -> 0.0.16
end-workflow	Checkout repository	2026-02-28T16:20:22.5383507Z  * [new tag]             0.0.160                -> 0.0.160
end-workflow	Checkout repository	2026-02-28T16:20:22.5383938Z  * [new tag]             0.0.161                -> 0.0.161
end-workflow	Checkout repository	2026-02-28T16:20:22.5384357Z  * [new tag]             0.0.162                -> 0.0.162
end-workflow	Checkout repository	2026-02-28T16:20:22.5384874Z  * [new tag]             0.0.163                -> 0.0.163
end-workflow	Checkout repository	2026-02-28T16:20:22.5385301Z  * [new tag]             0.0.164                -> 0.0.164
end-workflow	Checkout repository	2026-02-28T16:20:22.5385735Z  * [new tag]             0.0.165                -> 0.0.165
end-workflow	Checkout repository	2026-02-28T16:20:22.5386156Z  * [new tag]             0.0.166                -> 0.0.166
end-workflow	Checkout repository	2026-02-28T16:20:22.5386581Z  * [new tag]             0.0.167                -> 0.0.167
end-workflow	Checkout repository	2026-02-28T16:20:22.5387009Z  * [new tag]             0.0.168                -> 0.0.168
end-workflow	Checkout repository	2026-02-28T16:20:22.5387435Z  * [new tag]             0.0.169                -> 0.0.169
end-workflow	Checkout repository	2026-02-28T16:20:22.5387863Z  * [new tag]             0.0.17                 -> 0.0.17
end-workflow	Checkout repository	2026-02-28T16:20:22.5388306Z  * [new tag]             0.0.170                -> 0.0.170
end-workflow	Checkout repository	2026-02-28T16:20:22.5388732Z  * [new tag]             0.0.171                -> 0.0.171
end-workflow	Checkout repository	2026-02-28T16:20:22.5389156Z  * [new tag]             0.0.172                -> 0.0.172
end-workflow	Checkout repository	2026-02-28T16:20:22.5389695Z  * [new tag]             0.0.173                -> 0.0.173
end-workflow	Checkout repository	2026-02-28T16:20:22.5390135Z  * [new tag]             0.0.174                -> 0.0.174
end-workflow	Checkout repository	2026-02-28T16:20:22.5390561Z  * [new tag]             0.0.175                -> 0.0.175
end-workflow	Checkout repository	2026-02-28T16:20:22.5390983Z  * [new tag]             0.0.176                -> 0.0.176
end-workflow	Checkout repository	2026-02-28T16:20:22.5391409Z  * [new tag]             0.0.177                -> 0.0.177
end-workflow	Checkout repository	2026-02-28T16:20:22.5391835Z  * [new tag]             0.0.178                -> 0.0.178
end-workflow	Checkout repository	2026-02-28T16:20:22.5392257Z  * [new tag]             0.0.179                -> 0.0.179
end-workflow	Checkout repository	2026-02-28T16:20:22.5392686Z  * [new tag]             0.0.18                 -> 0.0.18
end-workflow	Checkout repository	2026-02-28T16:20:22.5393120Z  * [new tag]             0.0.19                 -> 0.0.19
end-workflow	Checkout repository	2026-02-28T16:20:22.5393552Z  * [new tag]             0.0.2                  -> 0.0.2
end-workflow	Checkout repository	2026-02-28T16:20:22.5393976Z  * [new tag]             0.0.20                 -> 0.0.20
end-workflow	Checkout repository	2026-02-28T16:20:22.5394398Z  * [new tag]             0.0.21                 -> 0.0.21
end-workflow	Checkout repository	2026-02-28T16:20:22.5396289Z  * [new tag]             0.0.22                 -> 0.0.22
end-workflow	Checkout repository	2026-02-28T16:20:22.5396727Z  * [new tag]             0.0.23                 -> 0.0.23
end-workflow	Checkout repository	2026-02-28T16:20:22.5397152Z  * [new tag]             0.0.24                 -> 0.0.24
end-workflow	Checkout repository	2026-02-28T16:20:22.5397584Z  * [new tag]             0.0.25                 -> 0.0.25
end-workflow	Checkout repository	2026-02-28T16:20:22.5398003Z  * [new tag]             0.0.26                 -> 0.0.26
end-workflow	Checkout repository	2026-02-28T16:20:22.5398427Z  * [new tag]             0.0.27                 -> 0.0.27
end-workflow	Checkout repository	2026-02-28T16:20:22.5398854Z  * [new tag]             0.0.28                 -> 0.0.28
end-workflow	Checkout repository	2026-02-28T16:20:22.5399282Z  * [new tag]             0.0.29                 -> 0.0.29
end-workflow	Checkout repository	2026-02-28T16:20:22.5399705Z  * [new tag]             0.0.3                  -> 0.0.3
end-workflow	Checkout repository	2026-02-28T16:20:22.5400424Z  * [new tag]             0.0.30                 -> 0.0.30
end-workflow	Checkout repository	2026-02-28T16:20:22.5400852Z  * [new tag]             0.0.31                 -> 0.0.31
end-workflow	Checkout repository	2026-02-28T16:20:22.5401280Z  * [new tag]             0.0.32                 -> 0.0.32
end-workflow	Checkout repository	2026-02-28T16:20:22.5401694Z  * [new tag]             0.0.33                 -> 0.0.33
end-workflow	Checkout repository	2026-02-28T16:20:22.5402120Z  * [new tag]             0.0.34                 -> 0.0.34
end-workflow	Checkout repository	2026-02-28T16:20:22.5402543Z  * [new tag]             0.0.35                 -> 0.0.35
end-workflow	Checkout repository	2026-02-28T16:20:22.5402964Z  * [new tag]             0.0.36                 -> 0.0.36
end-workflow	Checkout repository	2026-02-28T16:20:22.5403392Z  * [new tag]             0.0.37                 -> 0.0.37
end-workflow	Checkout repository	2026-02-28T16:20:22.5403815Z  * [new tag]             0.0.38                 -> 0.0.38
end-workflow	Checkout repository	2026-02-28T16:20:22.5404238Z  * [new tag]             0.0.39                 -> 0.0.39
end-workflow	Checkout repository	2026-02-28T16:20:22.5404786Z  * [new tag]             0.0.4                  -> 0.0.4
end-workflow	Checkout repository	2026-02-28T16:20:22.5405216Z  * [new tag]             0.0.40                 -> 0.0.40
end-workflow	Checkout repository	2026-02-28T16:20:22.5405859Z  * [new tag]             0.0.41                 -> 0.0.41
end-workflow	Checkout repository	2026-02-28T16:20:22.5406290Z  * [new tag]             0.0.42                 -> 0.0.42
end-workflow	Checkout repository	2026-02-28T16:20:22.5406710Z  * [new tag]             0.0.43                 -> 0.0.43
end-workflow	Checkout repository	2026-02-28T16:20:22.5407133Z  * [new tag]             0.0.44                 -> 0.0.44
end-workflow	Checkout repository	2026-02-28T16:20:22.5407560Z  * [new tag]             0.0.45                 -> 0.0.45
end-workflow	Checkout repository	2026-02-28T16:20:22.5407981Z  * [new tag]             0.0.46                 -> 0.0.46
end-workflow	Checkout repository	2026-02-28T16:20:22.5408408Z  * [new tag]             0.0.47                 -> 0.0.47
end-workflow	Checkout repository	2026-02-28T16:20:22.5408836Z  * [new tag]             0.0.48                 -> 0.0.48
end-workflow	Checkout repository	2026-02-28T16:20:22.5409259Z  * [new tag]             0.0.49                 -> 0.0.49
end-workflow	Checkout repository	2026-02-28T16:20:22.5409678Z  * [new tag]             0.0.5                  -> 0.0.5
end-workflow	Checkout repository	2026-02-28T16:20:22.5410103Z  * [new tag]             0.0.50                 -> 0.0.50
end-workflow	Checkout repository	2026-02-28T16:20:22.5410538Z  * [new tag]             0.0.51                 -> 0.0.51
end-workflow	Checkout repository	2026-02-28T16:20:22.5410957Z  * [new tag]             0.0.52                 -> 0.0.52
end-workflow	Checkout repository	2026-02-28T16:20:22.5411382Z  * [new tag]             0.0.53                 -> 0.0.53
end-workflow	Checkout repository	2026-02-28T16:20:22.5411808Z  * [new tag]             0.0.54                 -> 0.0.54
end-workflow	Checkout repository	2026-02-28T16:20:22.5412227Z  * [new tag]             0.0.55                 -> 0.0.55
end-workflow	Checkout repository	2026-02-28T16:20:22.5412644Z  * [new tag]             0.0.56                 -> 0.0.56
end-workflow	Checkout repository	2026-02-28T16:20:22.5413069Z  * [new tag]             0.0.57                 -> 0.0.57
end-workflow	Checkout repository	2026-02-28T16:20:22.5413491Z  * [new tag]             0.0.58                 -> 0.0.58
end-workflow	Checkout repository	2026-02-28T16:20:22.5413913Z  * [new tag]             0.0.59                 -> 0.0.59
end-workflow	Checkout repository	2026-02-28T16:20:22.5414329Z  * [new tag]             0.0.6                  -> 0.0.6
end-workflow	Checkout repository	2026-02-28T16:20:22.5414803Z  * [new tag]             0.0.60                 -> 0.0.60
end-workflow	Checkout repository	2026-02-28T16:20:22.5415223Z  * [new tag]             0.0.61                 -> 0.0.61
end-workflow	Checkout repository	2026-02-28T16:20:22.5415644Z  * [new tag]             0.0.62                 -> 0.0.62
end-workflow	Checkout repository	2026-02-28T16:20:22.5416061Z  * [new tag]             0.0.63                 -> 0.0.63
end-workflow	Checkout repository	2026-02-28T16:20:22.5416481Z  * [new tag]             0.0.64                 -> 0.0.64
end-workflow	Checkout repository	2026-02-28T16:20:22.5416899Z  * [new tag]             0.0.65                 -> 0.0.65
end-workflow	Checkout repository	2026-02-28T16:20:22.5417312Z  * [new tag]             0.0.66                 -> 0.0.66
end-workflow	Checkout repository	2026-02-28T16:20:22.5417730Z  * [new tag]             0.0.67                 -> 0.0.67
end-workflow	Checkout repository	2026-02-28T16:20:22.5418147Z  * [new tag]             0.0.68                 -> 0.0.68
end-workflow	Checkout repository	2026-02-28T16:20:22.5418566Z  * [new tag]             0.0.69                 -> 0.0.69
end-workflow	Checkout repository	2026-02-28T16:20:22.5418978Z  * [new tag]             0.0.7                  -> 0.0.7
end-workflow	Checkout repository	2026-02-28T16:20:22.5419394Z  * [new tag]             0.0.70                 -> 0.0.70
end-workflow	Checkout repository	2026-02-28T16:20:22.5419812Z  * [new tag]             0.0.71                 -> 0.0.71
end-workflow	Checkout repository	2026-02-28T16:20:22.5420223Z  * [new tag]             0.0.72                 -> 0.0.72
end-workflow	Checkout repository	2026-02-28T16:20:22.5420844Z  * [new tag]             0.0.73                 -> 0.0.73
end-workflow	Checkout repository	2026-02-28T16:20:22.5421293Z  * [new tag]             0.0.74                 -> 0.0.74
end-workflow	Checkout repository	2026-02-28T16:20:22.5421754Z  * [new tag]             0.0.75                 -> 0.0.75
end-workflow	Checkout repository	2026-02-28T16:20:22.5422192Z  * [new tag]             0.0.76                 -> 0.0.76
end-workflow	Checkout repository	2026-02-28T16:20:22.5422670Z  * [new tag]             0.0.77                 -> 0.0.77
end-workflow	Checkout repository	2026-02-28T16:20:22.5423125Z  * [new tag]             0.0.78                 -> 0.0.78
end-workflow	Checkout repository	2026-02-28T16:20:22.5423554Z  * [new tag]             0.0.79                 -> 0.0.79
end-workflow	Checkout repository	2026-02-28T16:20:22.5423968Z  * [new tag]             0.0.8                  -> 0.0.8
end-workflow	Checkout repository	2026-02-28T16:20:22.5424384Z  * [new tag]             0.0.80                 -> 0.0.80
end-workflow	Checkout repository	2026-02-28T16:20:22.5424931Z  * [new tag]             0.0.81                 -> 0.0.81
end-workflow	Checkout repository	2026-02-28T16:20:22.5425353Z  * [new tag]             0.0.82                 -> 0.0.82
end-workflow	Checkout repository	2026-02-28T16:20:22.5425771Z  * [new tag]             0.0.83                 -> 0.0.83
end-workflow	Checkout repository	2026-02-28T16:20:22.5426405Z  * [new tag]             0.0.84                 -> 0.0.84
end-workflow	Checkout repository	2026-02-28T16:20:22.5426823Z  * [new tag]             0.0.85                 -> 0.0.85
end-workflow	Checkout repository	2026-02-28T16:20:22.5427237Z  * [new tag]             0.0.86                 -> 0.0.86
end-workflow	Checkout repository	2026-02-28T16:20:22.5427654Z  * [new tag]             0.0.87                 -> 0.0.87
end-workflow	Checkout repository	2026-02-28T16:20:22.5428074Z  * [new tag]             0.0.88                 -> 0.0.88
end-workflow	Checkout repository	2026-02-28T16:20:22.5428488Z  * [new tag]             0.0.89                 -> 0.0.89
end-workflow	Checkout repository	2026-02-28T16:20:22.5428906Z  * [new tag]             0.0.9                  -> 0.0.9
end-workflow	Checkout repository	2026-02-28T16:20:22.5429325Z  * [new tag]             0.0.90                 -> 0.0.90
end-workflow	Checkout repository	2026-02-28T16:20:22.5429740Z  * [new tag]             0.0.91                 -> 0.0.91
end-workflow	Checkout repository	2026-02-28T16:20:22.5430155Z  * [new tag]             0.0.92                 -> 0.0.92
end-workflow	Checkout repository	2026-02-28T16:20:22.5430571Z  * [new tag]             0.0.93                 -> 0.0.93
end-workflow	Checkout repository	2026-02-28T16:20:22.5431002Z  * [new tag]             0.0.94                 -> 0.0.94
end-workflow	Checkout repository	2026-02-28T16:20:22.5431429Z  * [new tag]             0.0.95                 -> 0.0.95
end-workflow	Checkout repository	2026-02-28T16:20:22.5431841Z  * [new tag]             0.0.96                 -> 0.0.96
end-workflow	Checkout repository	2026-02-28T16:20:22.5432257Z  * [new tag]             0.0.97                 -> 0.0.97
end-workflow	Checkout repository	2026-02-28T16:20:22.5432678Z  * [new tag]             0.0.98                 -> 0.0.98
end-workflow	Checkout repository	2026-02-28T16:20:22.5433381Z  * [new tag]             0.0.99                 -> 0.0.99
end-workflow	Checkout repository	2026-02-28T16:20:22.5433806Z  * [new tag]             0.1.0                  -> 0.1.0
end-workflow	Checkout repository	2026-02-28T16:20:22.5434227Z  * [new tag]             0.1.1                  -> 0.1.1
end-workflow	Checkout repository	2026-02-28T16:20:22.5434935Z  * [new tag]             0.2.0                  -> 0.2.0
end-workflow	Checkout repository	2026-02-28T16:20:22.5435353Z  * [new tag]             0.3.0                  -> 0.3.0
end-workflow	Checkout repository	2026-02-28T16:20:22.5435766Z  * [new tag]             0.3.1                  -> 0.3.1
end-workflow	Checkout repository	2026-02-28T16:20:22.5436214Z  * [new tag]             0.3.10                 -> 0.3.10
end-workflow	Checkout repository	2026-02-28T16:20:22.5436646Z  * [new tag]             0.3.11                 -> 0.3.11
end-workflow	Checkout repository	2026-02-28T16:20:22.5437065Z  * [new tag]             0.3.12                 -> 0.3.12
end-workflow	Checkout repository	2026-02-28T16:20:22.5437476Z  * [new tag]             0.3.13                 -> 0.3.13
end-workflow	Checkout repository	2026-02-28T16:20:22.5437896Z  * [new tag]             0.3.14                 -> 0.3.14
end-workflow	Checkout repository	2026-02-28T16:20:22.5438315Z  * [new tag]             0.3.15                 -> 0.3.15
end-workflow	Checkout repository	2026-02-28T16:20:22.5438734Z  * [new tag]             0.3.16                 -> 0.3.16
end-workflow	Checkout repository	2026-02-28T16:20:22.5439146Z  * [new tag]             0.3.17                 -> 0.3.17
end-workflow	Checkout repository	2026-02-28T16:20:22.5439562Z  * [new tag]             0.3.2                  -> 0.3.2
end-workflow	Checkout repository	2026-02-28T16:20:22.5439980Z  * [new tag]             0.3.3                  -> 0.3.3
end-workflow	Checkout repository	2026-02-28T16:20:22.5440393Z  * [new tag]             0.3.4                  -> 0.3.4
end-workflow	Checkout repository	2026-02-28T16:20:22.5440801Z  * [new tag]             0.3.5                  -> 0.3.5
end-workflow	Checkout repository	2026-02-28T16:20:22.5441539Z  * [new tag]             0.3.6                  -> 0.3.6
end-workflow	Checkout repository	2026-02-28T16:20:22.5442212Z  * [new tag]             0.3.7                  -> 0.3.7
end-workflow	Checkout repository	2026-02-28T16:20:22.5442624Z  * [new tag]             0.3.8                  -> 0.3.8
end-workflow	Checkout repository	2026-02-28T16:20:22.5443042Z  * [new tag]             0.3.9                  -> 0.3.9
end-workflow	Checkout repository	2026-02-28T16:20:22.5443453Z  * [new tag]             0.4.0                  -> 0.4.0
end-workflow	Checkout repository	2026-02-28T16:20:22.5443868Z  * [new tag]             0.4.1                  -> 0.4.1
end-workflow	Checkout repository	2026-02-28T16:20:22.5444280Z  * [new tag]             0.4.2                  -> 0.4.2
end-workflow	Checkout repository	2026-02-28T16:20:22.5444831Z  * [new tag]             0.4.3                  -> 0.4.3
end-workflow	Checkout repository	2026-02-28T16:20:22.5445247Z  * [new tag]             0.4.4                  -> 0.4.4
end-workflow	Checkout repository	2026-02-28T16:20:22.5445657Z  * [new tag]             0.4.5                  -> 0.4.5
end-workflow	Checkout repository	2026-02-28T16:20:22.5446067Z  * [new tag]             0.4.6                  -> 0.4.6
end-workflow	Checkout repository	2026-02-28T16:20:22.5446478Z  * [new tag]             0.4.7                  -> 0.4.7
end-workflow	Checkout repository	2026-02-28T16:20:22.5446889Z  * [new tag]             0.4.8                  -> 0.4.8
end-workflow	Checkout repository	2026-02-28T16:20:22.5447510Z  * [new tag]             0.4.9                  -> 0.4.9
end-workflow	Checkout repository	2026-02-28T16:20:22.5447925Z  * [new tag]             0.5.0                  -> 0.5.0
end-workflow	Checkout repository	2026-02-28T16:20:22.5448340Z  * [new tag]             0.5.1                  -> 0.5.1
end-workflow	Checkout repository	2026-02-28T16:20:22.5448751Z  * [new tag]             0.5.2                  -> 0.5.2
end-workflow	Checkout repository	2026-02-28T16:20:22.5449158Z  * [new tag]             0.6.0                  -> 0.6.0
end-workflow	Checkout repository	2026-02-28T16:20:22.5449566Z  * [new tag]             0.6.1                  -> 0.6.1
end-workflow	Checkout repository	2026-02-28T16:20:22.5449977Z  * [new tag]             0.6.2                  -> 0.6.2
end-workflow	Checkout repository	2026-02-28T16:20:22.5450382Z  * [new tag]             0.6.3                  -> 0.6.3
end-workflow	Checkout repository	2026-02-28T16:20:22.5450793Z  * [new tag]             0.6.4                  -> 0.6.4
end-workflow	Checkout repository	2026-02-28T16:20:22.5451203Z  * [new tag]             0.6.5                  -> 0.6.5
end-workflow	Checkout repository	2026-02-28T16:20:22.5451615Z  * [new tag]             0.6.6                  -> 0.6.6
end-workflow	Checkout repository	2026-02-28T16:20:22.5771687Z [command]/usr/bin/git branch --list --remote origin/main
end-workflow	Checkout repository	2026-02-28T16:20:22.5891700Z   origin/main
end-workflow	Checkout repository	2026-02-28T16:20:22.5917060Z [command]/usr/bin/git rev-parse refs/remotes/origin/main
end-workflow	Checkout repository	2026-02-28T16:20:22.5958360Z a3e1eaa384f002eed4f5089d75642b6786085890
end-workflow	Checkout repository	2026-02-28T16:20:22.5990347Z [command]/usr/bin/git -c protocol.version=2 fetch --no-tags --prune --no-recurse-submodules origin +dfc0aa37f806904802b2350a2172b0ce3093a7de:refs/remotes/origin/main
end-workflow	Checkout repository	2026-02-28T16:20:22.6246504Z From https://github.com/Ka0s-Klaus/ka0s
end-workflow	Checkout repository	2026-02-28T16:20:22.6247705Z  + a3e1eaa38...dfc0aa37f dfc0aa37f806904802b2350a2172b0ce3093a7de -> origin/main  (forced update)
end-workflow	Checkout repository	2026-02-28T16:20:22.6292650Z ##[endgroup]
end-workflow	Checkout repository	2026-02-28T16:20:22.6296983Z ##[group]Determining the checkout info
end-workflow	Checkout repository	2026-02-28T16:20:22.6303125Z ##[endgroup]
end-workflow	Checkout repository	2026-02-28T16:20:22.6347321Z [command]/usr/bin/git sparse-checkout disable
end-workflow	Checkout repository	2026-02-28T16:20:22.6418219Z [command]/usr/bin/git config --local --unset-all extensions.worktreeConfig
end-workflow	Checkout repository	2026-02-28T16:20:22.6475106Z ##[group]Checking out the ref
end-workflow	Checkout repository	2026-02-28T16:20:22.6480720Z [command]/usr/bin/git checkout --progress --force -B main refs/remotes/origin/main
end-workflow	Checkout repository	2026-02-28T16:20:23.0501328Z Switched to a new branch 'main'
end-workflow	Checkout repository	2026-02-28T16:20:23.0517198Z branch 'main' set up to track 'origin/main'.
end-workflow	Checkout repository	2026-02-28T16:20:23.0603350Z ##[endgroup]
end-workflow	Checkout repository	2026-02-28T16:20:23.0697218Z [command]/usr/bin/git log -1 --format=%H
end-workflow	Checkout repository	2026-02-28T16:20:23.0749237Z dfc0aa37f806904802b2350a2172b0ce3093a7de
end-workflow	Install GH CLI	Ôªø2026-02-28T16:20:23.1152835Z Prepare all required actions
end-workflow	Install GH CLI	2026-02-28T16:20:23.1208929Z ##[group]Run ./.github/actions/install-gh-cli
end-workflow	Install GH CLI	2026-02-28T16:20:23.1209269Z env:
end-workflow	Install GH CLI	2026-02-28T16:20:23.1209476Z   PYTHON_VERSION: 3.9
end-workflow	Install GH CLI	2026-02-28T16:20:23.1210571Z   MONGO_SUPERUSER_CONNECTION: ***
end-workflow	Install GH CLI	2026-02-28T16:20:23.1211007Z   MONGO_NEW_PASS: ***
end-workflow	Install GH CLI	2026-02-28T16:20:23.1211334Z   MONGO_SCRIPT_CREATE: devops/core/mongo/scripts/add-doc-to-db.py
end-workflow	Install GH CLI	2026-02-28T16:20:23.1211718Z   KAOS_CODE: 22524294862
end-workflow	Install GH CLI	2026-02-28T16:20:23.1211982Z   KAOS_MODULE: [Ka0s] Autom add docs to MongoDB
end-workflow	Install GH CLI	2026-02-28T16:20:23.1212290Z   REPORT_SCAN: audit/
end-workflow	Install GH CLI	2026-02-28T16:20:23.1212798Z   REPORT_PATH: audit/mongodb/
end-workflow	Install GH CLI	2026-02-28T16:20:23.1213087Z   REPORT_FILENAME: mongo_setup_22524294862.json
end-workflow	Install GH CLI	2026-02-28T16:20:23.1213433Z   REPORT_FILENAME_LIST: mongo_list_22524294862.json
end-workflow	Install GH CLI	2026-02-28T16:20:23.1213803Z   REPORT_FILENAME_DB: mongo_create_db_22524294862.json
end-workflow	Install GH CLI	2026-02-28T16:20:23.1214127Z ##[endgroup]
end-workflow	Install GH CLI	2026-02-28T16:20:23.1316931Z ##[group]Run type -p curl >/dev/null || (sudo apt-get update && sudo apt-get install curl -y)
end-workflow	Install GH CLI	2026-02-28T16:20:23.1317778Z [36;1mtype -p curl >/dev/null || (sudo apt-get update && sudo apt-get install curl -y)[0m
end-workflow	Install GH CLI	2026-02-28T16:20:23.1318730Z [36;1mcurl -fsSL https://cli.github.com/packages/githubcli-archive-keyring.gpg | sudo dd of=/usr/share/keyrings/githubcli-archive-keyring.gpg \[0m
end-workflow	Install GH CLI	2026-02-28T16:20:23.1331916Z [36;1m&& sudo chmod go+r /usr/share/keyrings/githubcli-archive-keyring.gpg \[0m
end-workflow	Install GH CLI	2026-02-28T16:20:23.1333245Z [36;1m&& echo "deb [arch=$(dpkg --print-architecture) signed-by=/usr/share/keyrings/githubcli-archive-keyring.gpg] https://cli.github.com/packages stable main" | sudo tee /etc/apt/sources.list.d/github-cli.list > /dev/null \[0m
end-workflow	Install GH CLI	2026-02-28T16:20:23.1334345Z [36;1m&& sudo apt-get update \[0m
end-workflow	Install GH CLI	2026-02-28T16:20:23.1334733Z [36;1m&& sudo apt-get install gh -y[0m
end-workflow	Install GH CLI	2026-02-28T16:20:23.1351705Z shell: /usr/bin/bash --noprofile --norc -e -o pipefail {0}
end-workflow	Install GH CLI	2026-02-28T16:20:23.1352086Z env:
end-workflow	Install GH CLI	2026-02-28T16:20:23.1352294Z   PYTHON_VERSION: 3.9
end-workflow	Install GH CLI	2026-02-28T16:20:23.1353275Z   MONGO_SUPERUSER_CONNECTION: ***
end-workflow	Install GH CLI	2026-02-28T16:20:23.1353722Z   MONGO_NEW_PASS: ***
end-workflow	Install GH CLI	2026-02-28T16:20:23.1354081Z   MONGO_SCRIPT_CREATE: devops/core/mongo/scripts/add-doc-to-db.py
end-workflow	Install GH CLI	2026-02-28T16:20:23.1354490Z   KAOS_CODE: 22524294862
end-workflow	Install GH CLI	2026-02-28T16:20:23.1354988Z   KAOS_MODULE: [Ka0s] Autom add docs to MongoDB
end-workflow	Install GH CLI	2026-02-28T16:20:23.1355308Z   REPORT_SCAN: audit/
end-workflow	Install GH CLI	2026-02-28T16:20:23.1355556Z   REPORT_PATH: audit/mongodb/
end-workflow	Install GH CLI	2026-02-28T16:20:23.1355845Z   REPORT_FILENAME: mongo_setup_22524294862.json
end-workflow	Install GH CLI	2026-02-28T16:20:23.1356191Z   REPORT_FILENAME_LIST: mongo_list_22524294862.json
end-workflow	Install GH CLI	2026-02-28T16:20:23.1356581Z   REPORT_FILENAME_DB: mongo_create_db_22524294862.json
end-workflow	Install GH CLI	2026-02-28T16:20:23.1356904Z ##[endgroup]
end-workflow	Install GH CLI	2026-02-28T16:20:23.2246189Z 4+1 records in
end-workflow	Install GH CLI	2026-02-28T16:20:23.2246710Z 4+1 records out
end-workflow	Install GH CLI	2026-02-28T16:20:23.2250082Z 2270 bytes (2.3 kB, 2.2 KiB) copied, 0.0581424 s, 39.0 kB/s
end-workflow	Install GH CLI	2026-02-28T16:20:23.4052791Z Get:1 https://cli.github.com/packages stable InRelease [3917 B]
end-workflow	Install GH CLI	2026-02-28T16:20:23.4361549Z Get:2 http://archive.ubuntu.com/ubuntu noble InRelease [256 kB]
end-workflow	Install GH CLI	2026-02-28T16:20:23.4375222Z Get:3 http://security.ubuntu.com/ubuntu noble-security InRelease [126 kB]
end-workflow	Install GH CLI	2026-02-28T16:20:23.4927131Z Get:4 https://cli.github.com/packages stable/main amd64 Packages [357 B]
end-workflow	Install GH CLI	2026-02-28T16:20:23.5788449Z Get:5 https://ppa.launchpadcontent.net/git-core/ppa/ubuntu noble InRelease [24.3 kB]
end-workflow	Install GH CLI	2026-02-28T16:20:23.5836912Z Get:6 http://archive.ubuntu.com/ubuntu noble-updates InRelease [126 kB]
end-workflow	Install GH CLI	2026-02-28T16:20:23.6191161Z Get:7 http://archive.ubuntu.com/ubuntu noble-backports InRelease [126 kB]
end-workflow	Install GH CLI	2026-02-28T16:20:23.6659721Z Get:8 http://security.ubuntu.com/ubuntu noble-security/multiverse amd64 Packages [34.8 kB]
end-workflow	Install GH CLI	2026-02-28T16:20:23.7005559Z Get:9 http://security.ubuntu.com/ubuntu noble-security/universe amd64 Packages [1242 kB]
end-workflow	Install GH CLI	2026-02-28T16:20:23.7581210Z Get:10 http://archive.ubuntu.com/ubuntu noble/multiverse amd64 Packages [331 kB]
end-workflow	Install GH CLI	2026-02-28T16:20:23.8125936Z Get:11 http://security.ubuntu.com/ubuntu noble-security/restricted amd64 Packages [3262 kB]
end-workflow	Install GH CLI	2026-02-28T16:20:23.8132895Z Get:12 http://archive.ubuntu.com/ubuntu noble/restricted amd64 Packages [117 kB]
end-workflow	Install GH CLI	2026-02-28T16:20:23.8228066Z Get:13 http://archive.ubuntu.com/ubuntu noble/main amd64 Packages [1808 kB]
end-workflow	Install GH CLI	2026-02-28T16:20:23.8966063Z Get:14 https://ppa.launchpadcontent.net/git-core/ppa/ubuntu noble/main amd64 Packages [2992 B]
end-workflow	Install GH CLI	2026-02-28T16:20:23.9266091Z Get:15 http://archive.ubuntu.com/ubuntu noble/universe amd64 Packages [19.3 MB]
end-workflow	Install GH CLI	2026-02-28T16:20:23.9275309Z Get:16 http://security.ubuntu.com/ubuntu noble-security/main amd64 Packages [1883 kB]
end-workflow	Install GH CLI	2026-02-28T16:20:24.3304089Z Get:17 http://archive.ubuntu.com/ubuntu noble-updates/universe amd64 Packages [2017 kB]
end-workflow	Install GH CLI	2026-02-28T16:20:24.3645523Z Get:18 http://archive.ubuntu.com/ubuntu noble-updates/main amd64 Packages [2275 kB]
end-workflow	Install GH CLI	2026-02-28T16:20:24.3799198Z Get:19 http://archive.ubuntu.com/ubuntu noble-updates/multiverse amd64 Packages [38.1 kB]
end-workflow	Install GH CLI	2026-02-28T16:20:24.3803923Z Get:20 http://archive.ubuntu.com/ubuntu noble-updates/restricted amd64 Packages [3471 kB]
end-workflow	Install GH CLI	2026-02-28T16:20:24.4064998Z Get:21 http://archive.ubuntu.com/ubuntu noble-backports/main amd64 Packages [49.5 kB]
end-workflow	Install GH CLI	2026-02-28T16:20:24.4070809Z Get:22 http://archive.ubuntu.com/ubuntu noble-backports/universe amd64 Packages [34.6 kB]
end-workflow	Install GH CLI	2026-02-28T16:20:25.7443050Z Fetched 36.5 MB in 2s (15.4 MB/s)
end-workflow	Install GH CLI	2026-02-28T16:20:26.8277700Z Reading package lists...
end-workflow	Install GH CLI	2026-02-28T16:20:27.9539699Z Reading package lists...
end-workflow	Install GH CLI	2026-02-28T16:20:28.2042450Z Building dependency tree...
end-workflow	Install GH CLI	2026-02-28T16:20:28.2043150Z Reading state information...
end-workflow	Install GH CLI	2026-02-28T16:20:28.6695944Z The following NEW packages will be installed:
end-workflow	Install GH CLI	2026-02-28T16:20:28.6731206Z   gh
end-workflow	Install GH CLI	2026-02-28T16:20:28.7577056Z 0 upgraded, 1 newly installed, 0 to remove and 0 not upgraded.
end-workflow	Install GH CLI	2026-02-28T16:20:28.7577748Z Need to get 13.8 MB of archives.
end-workflow	Install GH CLI	2026-02-28T16:20:28.7580082Z After this operation, 38.5 MB of additional disk space will be used.
end-workflow	Install GH CLI	2026-02-28T16:20:28.7580658Z Get:1 https://cli.github.com/packages stable/main amd64 gh amd64 2.87.3 [13.8 MB]
end-workflow	Install GH CLI	2026-02-28T16:20:29.1519030Z debconf: delaying package configuration, since apt-utils is not installed
end-workflow	Install GH CLI	2026-02-28T16:20:29.2025727Z Fetched 13.8 MB in 0s (51.7 MB/s)
end-workflow	Install GH CLI	2026-02-28T16:20:29.2309267Z Selecting previously unselected package gh.
end-workflow	Install GH CLI	2026-02-28T16:20:29.2350034Z (Reading database ... 
end-workflow	Install GH CLI	2026-02-28T16:20:29.2352731Z (Reading database ... 5%
end-workflow	Install GH CLI	2026-02-28T16:20:29.2355925Z (Reading database ... 10%
end-workflow	Install GH CLI	2026-02-28T16:20:29.2356213Z (Reading database ... 15%
end-workflow	Install GH CLI	2026-02-28T16:20:29.2356453Z (Reading database ... 20%
end-workflow	Install GH CLI	2026-02-28T16:20:29.2356699Z (Reading database ... 25%
end-workflow	Install GH CLI	2026-02-28T16:20:29.2356939Z (Reading database ... 30%
end-workflow	Install GH CLI	2026-02-28T16:20:29.2357209Z (Reading database ... 35%
end-workflow	Install GH CLI	2026-02-28T16:20:29.2357458Z (Reading database ... 40%
end-workflow	Install GH CLI	2026-02-28T16:20:29.2357710Z (Reading database ... 45%
end-workflow	Install GH CLI	2026-02-28T16:20:29.2357965Z (Reading database ... 50%
end-workflow	Install GH CLI	2026-02-28T16:20:29.2358207Z (Reading database ... 55%
end-workflow	Install GH CLI	2026-02-28T16:20:29.2358450Z (Reading database ... 60%
end-workflow	Install GH CLI	2026-02-28T16:20:29.2364968Z (Reading database ... 65%
end-workflow	Install GH CLI	2026-02-28T16:20:29.2383166Z (Reading database ... 70%
end-workflow	Install GH CLI	2026-02-28T16:20:29.2388811Z (Reading database ... 75%
end-workflow	Install GH CLI	2026-02-28T16:20:29.2405495Z (Reading database ... 80%
end-workflow	Install GH CLI	2026-02-28T16:20:29.2410254Z (Reading database ... 85%
end-workflow	Install GH CLI	2026-02-28T16:20:29.2423749Z (Reading database ... 90%
end-workflow	Install GH CLI	2026-02-28T16:20:29.2443868Z (Reading database ... 95%
end-workflow	Install GH CLI	2026-02-28T16:20:29.2447193Z (Reading database ... 100%
end-workflow	Install GH CLI	2026-02-28T16:20:29.2447835Z (Reading database ... 14387 files and directories currently installed.)
end-workflow	Install GH CLI	2026-02-28T16:20:29.2453098Z Preparing to unpack .../archives/gh_2.87.3_amd64.deb ...
end-workflow	Install GH CLI	2026-02-28T16:20:29.2506079Z Unpacking gh (2.87.3) ...
end-workflow	Install GH CLI	2026-02-28T16:20:29.5333129Z Setting up gh (2.87.3) ...
end-workflow	Trigger Inspector	Ôªø2026-02-28T16:20:29.5927334Z ##[group]Run gh workflow run inspector.yml \
end-workflow	Trigger Inspector	2026-02-28T16:20:29.5927782Z [36;1mgh workflow run inspector.yml \[0m
end-workflow	Trigger Inspector	2026-02-28T16:20:29.5928180Z [36;1m  -f workflow_name="Ka0s Autom add audit -> MongoDB" \[0m
end-workflow	Trigger Inspector	2026-02-28T16:20:29.5928554Z [36;1m  -f run_id="22524294862" \[0m
end-workflow	Trigger Inspector	2026-02-28T16:20:29.5928844Z [36;1m  -f status="success"[0m
end-workflow	Trigger Inspector	2026-02-28T16:20:29.5929254Z [36;1m# Si todo ha ido correcto a√±adimos el contenido del fichero [0m
end-workflow	Trigger Inspector	2026-02-28T16:20:29.5929721Z [36;1mecho "Process completed successfully 22524294862"[0m
end-workflow	Trigger Inspector	2026-02-28T16:20:29.5930158Z [36;1m# RNNUMBER=$(echo "refs/heads/main" | grep -o '[0-9]*')[0m
end-workflow	Trigger Inspector	2026-02-28T16:20:29.5931168Z [36;1m# gh issue comment $RNNUMBER --body "El proceso ha finalizado correctamente 22524294862. El resultado est√° en el fichero core/results/event_data_22524294862.log"[0m
end-workflow	Trigger Inspector	2026-02-28T16:20:29.5944185Z shell: /usr/bin/bash -e {0}
end-workflow	Trigger Inspector	2026-02-28T16:20:29.5944485Z env:
end-workflow	Trigger Inspector	2026-02-28T16:20:29.5945303Z   PYTHON_VERSION: 3.9
end-workflow	Trigger Inspector	2026-02-28T16:20:29.5946202Z   MONGO_SUPERUSER_CONNECTION: ***
end-workflow	Trigger Inspector	2026-02-28T16:20:29.5946676Z   MONGO_NEW_PASS: ***
end-workflow	Trigger Inspector	2026-02-28T16:20:29.5947007Z   MONGO_SCRIPT_CREATE: devops/core/mongo/scripts/add-doc-to-db.py
end-workflow	Trigger Inspector	2026-02-28T16:20:29.5947518Z   KAOS_CODE: 22524294862
end-workflow	Trigger Inspector	2026-02-28T16:20:29.5947783Z   KAOS_MODULE: [Ka0s] Autom add docs to MongoDB
end-workflow	Trigger Inspector	2026-02-28T16:20:29.5948082Z   REPORT_SCAN: audit/
end-workflow	Trigger Inspector	2026-02-28T16:20:29.5948310Z   REPORT_PATH: audit/mongodb/
end-workflow	Trigger Inspector	2026-02-28T16:20:29.5948595Z   REPORT_FILENAME: mongo_setup_22524294862.json
end-workflow	Trigger Inspector	2026-02-28T16:20:29.5948931Z   REPORT_FILENAME_LIST: mongo_list_22524294862.json
end-workflow	Trigger Inspector	2026-02-28T16:20:29.5949294Z   REPORT_FILENAME_DB: mongo_create_db_22524294862.json
end-workflow	Trigger Inspector	2026-02-28T16:20:29.5949887Z   GH_TOKEN: ***
end-workflow	Trigger Inspector	2026-02-28T16:20:29.5950094Z ##[endgroup]
end-workflow	Trigger Inspector	2026-02-28T16:20:31.3360267Z https://github.com/Ka0s-Klaus/ka0s/actions/runs/22524350579
end-workflow	Trigger Inspector	2026-02-28T16:20:31.3399438Z Process completed successfully 22524294862
end-workflow	Post Checkout repository	Ôªø2026-02-28T16:20:31.3677745Z Post job cleanup.
end-workflow	Post Checkout repository	2026-02-28T16:20:31.4974262Z [command]/usr/bin/git version
end-workflow	Post Checkout repository	2026-02-28T16:20:31.5039569Z git version 2.53.0
end-workflow	Post Checkout repository	2026-02-28T16:20:31.5106731Z Temporarily overriding HOME='/home/runner/_work/_temp/3959ac6a-fde5-42f7-aea3-f2f9df75159b' before making global git config changes
end-workflow	Post Checkout repository	2026-02-28T16:20:31.5116950Z Adding repository directory to the temporary git global config as a safe directory
end-workflow	Post Checkout repository	2026-02-28T16:20:31.5125688Z [command]/usr/bin/git config --global --add safe.directory /home/runner/_work/ka0s/ka0s
end-workflow	Post Checkout repository	2026-02-28T16:20:31.5191758Z [command]/usr/bin/git config --local --name-only --get-regexp core\.sshCommand
end-workflow	Post Checkout repository	2026-02-28T16:20:31.5267526Z [command]/usr/bin/git submodule foreach --recursive sh -c "git config --local --name-only --get-regexp 'core\.sshCommand' && git config --local --unset-all 'core.sshCommand' || :"
end-workflow	Post Checkout repository	2026-02-28T16:20:31.6286651Z [command]/usr/bin/git config --local --name-only --get-regexp http\.https\:\/\/github\.com\/\.extraheader
end-workflow	Post Checkout repository	2026-02-28T16:20:31.6335520Z http.https://github.com/.extraheader
end-workflow	Post Checkout repository	2026-02-28T16:20:31.6347887Z [command]/usr/bin/git config --local --unset-all http.https://github.com/.extraheader
end-workflow	Post Checkout repository	2026-02-28T16:20:31.6455417Z [command]/usr/bin/git submodule foreach --recursive sh -c "git config --local --name-only --get-regexp 'http\.https\:\/\/github\.com\/\.extraheader' && git config --local --unset-all 'http.https://github.com/.extraheader' || :"
end-workflow	Post Checkout repository	2026-02-28T16:20:31.7089989Z [command]/usr/bin/git config --local --name-only --get-regexp ^includeIf\.gitdir:
end-workflow	Post Checkout repository	2026-02-28T16:20:31.7153585Z [command]/usr/bin/git submodule foreach --recursive git config --local --show-origin --name-only --get-regexp remote.origin.url
end-workflow	Complete job	Ôªø2026-02-28T16:20:31.7842496Z Cleaning up orphan processes
