job-core	Set up job	Ôªø2026-02-28T18:47:00.6731240Z Current runner version: '2.332.0'
job-core	Set up job	2026-02-28T18:47:00.6741764Z Runner name: 'swarm-runners-scaleset-hkss5-runner-k2f87'
job-core	Set up job	2026-02-28T18:47:00.6743231Z Runner group name: 'Default'
job-core	Set up job	2026-02-28T18:47:00.6744395Z Machine name: 'swarm-runners-scaleset-hkss5-runner-k2f87'
job-core	Set up job	2026-02-28T18:47:00.6750164Z ##[group]GITHUB_TOKEN Permissions
job-core	Set up job	2026-02-28T18:47:00.6753029Z Actions: write
job-core	Set up job	2026-02-28T18:47:00.6753697Z Contents: write
job-core	Set up job	2026-02-28T18:47:00.6754327Z Issues: write
job-core	Set up job	2026-02-28T18:47:00.6755202Z Metadata: read
job-core	Set up job	2026-02-28T18:47:00.6755846Z PullRequests: write
job-core	Set up job	2026-02-28T18:47:00.6756487Z ##[endgroup]
job-core	Set up job	2026-02-28T18:47:00.6758975Z Secret source: Actions
job-core	Set up job	2026-02-28T18:47:00.6759830Z Prepare workflow directory
job-core	Set up job	2026-02-28T18:47:00.7352114Z Prepare all required actions
job-core	Set up job	2026-02-28T18:47:00.7394182Z Getting action download info
job-core	Set up job	2026-02-28T18:47:01.3596478Z Download action repository 'actions/checkout@v4' (SHA:34e114876b0b11c390a56381ad16ebd13914f8d5)
job-core	Set up job	2026-02-28T18:47:02.1320095Z Download action repository 'actions/setup-python@v4' (SHA:7f4fc3e22c37d6ff65e88745f38bd3157c663f7c)
job-core	Set up job	2026-02-28T18:47:03.0115736Z Download action repository 'actions/upload-artifact@v4' (SHA:ea165f8d65b6e75b540449e92b4886f43607fa02)
job-core	Set up job	2026-02-28T18:47:04.0641917Z Complete job name: job-core
job-core	Checkout code	Ôªø2026-02-28T18:47:04.1263129Z ##[group]Run actions/checkout@v4
job-core	Checkout code	2026-02-28T18:47:04.1264254Z with:
job-core	Checkout code	2026-02-28T18:47:04.1264860Z   fetch-depth: 0
job-core	Checkout code	2026-02-28T18:47:04.1265159Z   repository: Ka0s-Klaus/ka0s
job-core	Checkout code	2026-02-28T18:47:04.1265790Z   token: ***
job-core	Checkout code	2026-02-28T18:47:04.1266053Z   ssh-strict: true
job-core	Checkout code	2026-02-28T18:47:04.1266315Z   ssh-user: git
job-core	Checkout code	2026-02-28T18:47:04.1266575Z   persist-credentials: true
job-core	Checkout code	2026-02-28T18:47:04.1266875Z   clean: true
job-core	Checkout code	2026-02-28T18:47:04.1267172Z   sparse-checkout-cone-mode: true
job-core	Checkout code	2026-02-28T18:47:04.1267508Z   fetch-tags: false
job-core	Checkout code	2026-02-28T18:47:04.1267811Z   show-progress: true
job-core	Checkout code	2026-02-28T18:47:04.1268086Z   lfs: false
job-core	Checkout code	2026-02-28T18:47:04.1268344Z   submodules: false
job-core	Checkout code	2026-02-28T18:47:04.1268624Z   set-safe-directory: true
job-core	Checkout code	2026-02-28T18:47:04.1269227Z env:
job-core	Checkout code	2026-02-28T18:47:04.1269512Z   PYTHON_VERSION: 3.9
job-core	Checkout code	2026-02-28T18:47:04.1270385Z   MONGO_SUPERUSER_CONNECTION: ***
job-core	Checkout code	2026-02-28T18:47:04.1270847Z   MONGO_NEW_PASS: ***
job-core	Checkout code	2026-02-28T18:47:04.1271265Z   MONGO_SCRIPT_CREATE: devops/core/mongo/scripts/mongodb_status_report.py
job-core	Checkout code	2026-02-28T18:47:04.1271791Z   KAOS_CODE: 22526762257
job-core	Checkout code	2026-02-28T18:47:04.1272076Z   REPORT_SCAN: audit/
job-core	Checkout code	2026-02-28T18:47:04.1272367Z   REPORT_PATH: audit/mongodb/
job-core	Checkout code	2026-02-28T18:47:04.1272681Z   REPORT_FILENAME: 22526762257.json
job-core	Checkout code	2026-02-28T18:47:04.1273025Z   KAOS_MODULE: [Ka0s] Status MongDB Report
job-core	Checkout code	2026-02-28T18:47:04.1273386Z   GITHUB_OUTPUT: 
job-core	Checkout code	2026-02-28T18:47:04.1273671Z ##[endgroup]
job-core	Checkout code	2026-02-28T18:47:04.2532702Z Syncing repository: Ka0s-Klaus/ka0s
job-core	Checkout code	2026-02-28T18:47:04.2534831Z ##[group]Getting Git version info
job-core	Checkout code	2026-02-28T18:47:04.2535936Z Working directory is '/home/runner/_work/ka0s/ka0s'
job-core	Checkout code	2026-02-28T18:47:04.2536639Z [command]/usr/bin/git version
job-core	Checkout code	2026-02-28T18:47:04.2558896Z git version 2.53.0
job-core	Checkout code	2026-02-28T18:47:04.2563328Z ##[endgroup]
job-core	Checkout code	2026-02-28T18:47:04.2579072Z Temporarily overriding HOME='/home/runner/_work/_temp/a3302866-35ef-4f5d-944f-4254b77f4ae9' before making global git config changes
job-core	Checkout code	2026-02-28T18:47:04.2580049Z Adding repository directory to the temporary git global config as a safe directory
job-core	Checkout code	2026-02-28T18:47:04.2580777Z [command]/usr/bin/git config --global --add safe.directory /home/runner/_work/ka0s/ka0s
job-core	Checkout code	2026-02-28T18:47:04.2620179Z Deleting the contents of '/home/runner/_work/ka0s/ka0s'
job-core	Checkout code	2026-02-28T18:47:04.2626874Z ##[group]Initializing the repository
job-core	Checkout code	2026-02-28T18:47:04.2638851Z [command]/usr/bin/git init /home/runner/_work/ka0s/ka0s
job-core	Checkout code	2026-02-28T18:47:04.2695995Z hint: Using 'master' as the name for the initial branch. This default branch name
job-core	Checkout code	2026-02-28T18:47:04.2698582Z hint: will change to "main" in Git 3.0. To configure the initial branch name
job-core	Checkout code	2026-02-28T18:47:04.2699238Z hint: to use in all of your new repositories, which will suppress this warning,
job-core	Checkout code	2026-02-28T18:47:04.2699736Z hint: call:
job-core	Checkout code	2026-02-28T18:47:04.2699983Z hint:
job-core	Checkout code	2026-02-28T18:47:04.2700763Z hint: 	git config --global init.defaultBranch <name>
job-core	Checkout code	2026-02-28T18:47:04.2701152Z hint:
job-core	Checkout code	2026-02-28T18:47:04.2701525Z hint: Names commonly chosen instead of 'master' are 'main', 'trunk' and
job-core	Checkout code	2026-02-28T18:47:04.2702140Z hint: 'development'. The just-created branch can be renamed via this command:
job-core	Checkout code	2026-02-28T18:47:04.2702635Z hint:
job-core	Checkout code	2026-02-28T18:47:04.2702892Z hint: 	git branch -m <name>
job-core	Checkout code	2026-02-28T18:47:04.2703185Z hint:
job-core	Checkout code	2026-02-28T18:47:04.2703610Z hint: Disable this message with "git config set advice.defaultBranchName false"
job-core	Checkout code	2026-02-28T18:47:04.2704265Z Initialized empty Git repository in /home/runner/_work/ka0s/ka0s/.git/
job-core	Checkout code	2026-02-28T18:47:04.2711541Z [command]/usr/bin/git remote add origin https://github.com/Ka0s-Klaus/ka0s
job-core	Checkout code	2026-02-28T18:47:04.2753890Z ##[endgroup]
job-core	Checkout code	2026-02-28T18:47:04.2754489Z ##[group]Disabling automatic garbage collection
job-core	Checkout code	2026-02-28T18:47:04.2758535Z [command]/usr/bin/git config --local gc.auto 0
job-core	Checkout code	2026-02-28T18:47:04.2798971Z ##[endgroup]
job-core	Checkout code	2026-02-28T18:47:04.2799511Z ##[group]Setting up auth
job-core	Checkout code	2026-02-28T18:47:04.2807091Z [command]/usr/bin/git config --local --name-only --get-regexp core\.sshCommand
job-core	Checkout code	2026-02-28T18:47:04.2872257Z [command]/usr/bin/git submodule foreach --recursive sh -c "git config --local --name-only --get-regexp 'core\.sshCommand' && git config --local --unset-all 'core.sshCommand' || :"
job-core	Checkout code	2026-02-28T18:47:04.3209325Z [command]/usr/bin/git config --local --name-only --get-regexp http\.https\:\/\/github\.com\/\.extraheader
job-core	Checkout code	2026-02-28T18:47:04.3249275Z [command]/usr/bin/git submodule foreach --recursive sh -c "git config --local --name-only --get-regexp 'http\.https\:\/\/github\.com\/\.extraheader' && git config --local --unset-all 'http.https://github.com/.extraheader' || :"
job-core	Checkout code	2026-02-28T18:47:04.3579872Z [command]/usr/bin/git config --local --name-only --get-regexp ^includeIf\.gitdir:
job-core	Checkout code	2026-02-28T18:47:04.3621596Z [command]/usr/bin/git submodule foreach --recursive git config --local --show-origin --name-only --get-regexp remote.origin.url
job-core	Checkout code	2026-02-28T18:47:04.3956800Z [command]/usr/bin/git config --local http.https://github.com/.extraheader AUTHORIZATION: basic ***
job-core	Checkout code	2026-02-28T18:47:04.4008423Z ##[endgroup]
job-core	Checkout code	2026-02-28T18:47:04.4029608Z ##[group]Fetching the repository
job-core	Checkout code	2026-02-28T18:47:04.4030610Z [command]/usr/bin/git -c protocol.version=2 fetch --prune --no-recurse-submodules origin +refs/heads/*:refs/remotes/origin/* +refs/tags/*:refs/tags/*
job-core	Checkout code	2026-02-28T18:47:27.2368677Z From https://github.com/Ka0s-Klaus/ka0s
job-core	Checkout code	2026-02-28T18:47:27.2369313Z  * [new branch]          F3450-modelo-operativo -> origin/F3450-modelo-operativo
job-core	Checkout code	2026-02-28T18:47:27.2369984Z  * [new branch]          H1276-modulo-observabilidad -> origin/H1276-modulo-observabilidad
job-core	Checkout code	2026-02-28T18:47:27.2375747Z  * [new branch]          H3596-deploy-itop      -> origin/H3596-deploy-itop
job-core	Checkout code	2026-02-28T18:47:27.2377268Z  * [new branch]          H4170-flujo-detallado-zabbix---github -> origin/H4170-flujo-detallado-zabbix---github
job-core	Checkout code	2026-02-28T18:47:27.2379608Z  * [new branch]          H4191-request-cambios  -> origin/H4191-request-cambios
job-core	Checkout code	2026-02-28T18:47:27.2380561Z  * [new branch]          H4200-request-recomendaciones-de-auditoria -> origin/H4200-request-recomendaciones-de-auditoria
job-core	Checkout code	2026-02-28T18:47:27.2381288Z  * [new branch]          main                   -> origin/main
job-core	Checkout code	2026-02-28T18:47:27.2381841Z  * [new tag]             0.0.0                  -> 0.0.0
job-core	Checkout code	2026-02-28T18:47:27.2382216Z  * [new tag]             0.0.1                  -> 0.0.1
job-core	Checkout code	2026-02-28T18:47:27.2382583Z  * [new tag]             0.0.10                 -> 0.0.10
job-core	Checkout code	2026-02-28T18:47:27.2382968Z  * [new tag]             0.0.100                -> 0.0.100
job-core	Checkout code	2026-02-28T18:47:27.2383345Z  * [new tag]             0.0.101                -> 0.0.101
job-core	Checkout code	2026-02-28T18:47:27.2383720Z  * [new tag]             0.0.102                -> 0.0.102
job-core	Checkout code	2026-02-28T18:47:27.2384147Z  * [new tag]             0.0.103                -> 0.0.103
job-core	Checkout code	2026-02-28T18:47:27.2386035Z  * [new tag]             0.0.104                -> 0.0.104
job-core	Checkout code	2026-02-28T18:47:27.2386460Z  * [new tag]             0.0.105                -> 0.0.105
job-core	Checkout code	2026-02-28T18:47:27.2389212Z  * [new tag]             0.0.106                -> 0.0.106
job-core	Checkout code	2026-02-28T18:47:27.2389585Z  * [new tag]             0.0.107                -> 0.0.107
job-core	Checkout code	2026-02-28T18:47:27.2389962Z  * [new tag]             0.0.108                -> 0.0.108
job-core	Checkout code	2026-02-28T18:47:27.2390355Z  * [new tag]             0.0.109                -> 0.0.109
job-core	Checkout code	2026-02-28T18:47:27.2390735Z  * [new tag]             0.0.11                 -> 0.0.11
job-core	Checkout code	2026-02-28T18:47:27.2391107Z  * [new tag]             0.0.110                -> 0.0.110
job-core	Checkout code	2026-02-28T18:47:27.2391486Z  * [new tag]             0.0.111                -> 0.0.111
job-core	Checkout code	2026-02-28T18:47:27.2391864Z  * [new tag]             0.0.112                -> 0.0.112
job-core	Checkout code	2026-02-28T18:47:27.2392236Z  * [new tag]             0.0.113                -> 0.0.113
job-core	Checkout code	2026-02-28T18:47:27.2392609Z  * [new tag]             0.0.114                -> 0.0.114
job-core	Checkout code	2026-02-28T18:47:27.2393011Z  * [new tag]             0.0.115                -> 0.0.115
job-core	Checkout code	2026-02-28T18:47:27.2393420Z  * [new tag]             0.0.116                -> 0.0.116
job-core	Checkout code	2026-02-28T18:47:27.2393904Z  * [new tag]             0.0.117                -> 0.0.117
job-core	Checkout code	2026-02-28T18:47:27.2395243Z  * [new tag]             0.0.118                -> 0.0.118
job-core	Checkout code	2026-02-28T18:47:27.2395635Z  * [new tag]             0.0.119                -> 0.0.119
job-core	Checkout code	2026-02-28T18:47:27.2396336Z  * [new tag]             0.0.12                 -> 0.0.12
job-core	Checkout code	2026-02-28T18:47:27.2396706Z  * [new tag]             0.0.120                -> 0.0.120
job-core	Checkout code	2026-02-28T18:47:27.2397084Z  * [new tag]             0.0.121                -> 0.0.121
job-core	Checkout code	2026-02-28T18:47:27.2466564Z  * [new tag]             0.0.122                -> 0.0.122
job-core	Checkout code	2026-02-28T18:47:27.2467216Z  * [new tag]             0.0.123                -> 0.0.123
job-core	Checkout code	2026-02-28T18:47:27.2467660Z  * [new tag]             0.0.124                -> 0.0.124
job-core	Checkout code	2026-02-28T18:47:27.2468042Z  * [new tag]             0.0.125                -> 0.0.125
job-core	Checkout code	2026-02-28T18:47:27.2468414Z  * [new tag]             0.0.126                -> 0.0.126
job-core	Checkout code	2026-02-28T18:47:27.2468815Z  * [new tag]             0.0.127                -> 0.0.127
job-core	Checkout code	2026-02-28T18:47:27.2469198Z  * [new tag]             0.0.128                -> 0.0.128
job-core	Checkout code	2026-02-28T18:47:27.2469566Z  * [new tag]             0.0.129                -> 0.0.129
job-core	Checkout code	2026-02-28T18:47:27.2470061Z  * [new tag]             0.0.13                 -> 0.0.13
job-core	Checkout code	2026-02-28T18:47:27.2470432Z  * [new tag]             0.0.130                -> 0.0.130
job-core	Checkout code	2026-02-28T18:47:27.2470801Z  * [new tag]             0.0.131                -> 0.0.131
job-core	Checkout code	2026-02-28T18:47:27.2471187Z  * [new tag]             0.0.132                -> 0.0.132
job-core	Checkout code	2026-02-28T18:47:27.2471547Z  * [new tag]             0.0.133                -> 0.0.133
job-core	Checkout code	2026-02-28T18:47:27.2471903Z  * [new tag]             0.0.134                -> 0.0.134
job-core	Checkout code	2026-02-28T18:47:27.2472266Z  * [new tag]             0.0.135                -> 0.0.135
job-core	Checkout code	2026-02-28T18:47:27.2472626Z  * [new tag]             0.0.136                -> 0.0.136
job-core	Checkout code	2026-02-28T18:47:27.2472986Z  * [new tag]             0.0.137                -> 0.0.137
job-core	Checkout code	2026-02-28T18:47:27.2473353Z  * [new tag]             0.0.138                -> 0.0.138
job-core	Checkout code	2026-02-28T18:47:27.2473720Z  * [new tag]             0.0.139                -> 0.0.139
job-core	Checkout code	2026-02-28T18:47:27.2474079Z  * [new tag]             0.0.14                 -> 0.0.14
job-core	Checkout code	2026-02-28T18:47:27.2474441Z  * [new tag]             0.0.140                -> 0.0.140
job-core	Checkout code	2026-02-28T18:47:27.2475108Z  * [new tag]             0.0.141                -> 0.0.141
job-core	Checkout code	2026-02-28T18:47:27.2475497Z  * [new tag]             0.0.142                -> 0.0.142
job-core	Checkout code	2026-02-28T18:47:27.2475877Z  * [new tag]             0.0.143                -> 0.0.143
job-core	Checkout code	2026-02-28T18:47:27.2476256Z  * [new tag]             0.0.144                -> 0.0.144
job-core	Checkout code	2026-02-28T18:47:27.2476630Z  * [new tag]             0.0.145                -> 0.0.145
job-core	Checkout code	2026-02-28T18:47:27.2477126Z  * [new tag]             0.0.146                -> 0.0.146
job-core	Checkout code	2026-02-28T18:47:27.2477490Z  * [new tag]             0.0.147                -> 0.0.147
job-core	Checkout code	2026-02-28T18:47:27.2477850Z  * [new tag]             0.0.148                -> 0.0.148
job-core	Checkout code	2026-02-28T18:47:27.2478531Z  * [new tag]             0.0.149                -> 0.0.149
job-core	Checkout code	2026-02-28T18:47:27.2478913Z  * [new tag]             0.0.15                 -> 0.0.15
job-core	Checkout code	2026-02-28T18:47:27.2479313Z  * [new tag]             0.0.150                -> 0.0.150
job-core	Checkout code	2026-02-28T18:47:27.2479705Z  * [new tag]             0.0.151                -> 0.0.151
job-core	Checkout code	2026-02-28T18:47:27.2480087Z  * [new tag]             0.0.152                -> 0.0.152
job-core	Checkout code	2026-02-28T18:47:27.2480476Z  * [new tag]             0.0.153                -> 0.0.153
job-core	Checkout code	2026-02-28T18:47:27.2480866Z  * [new tag]             0.0.154                -> 0.0.154
job-core	Checkout code	2026-02-28T18:47:27.2481243Z  * [new tag]             0.0.155                -> 0.0.155
job-core	Checkout code	2026-02-28T18:47:27.2481609Z  * [new tag]             0.0.156                -> 0.0.156
job-core	Checkout code	2026-02-28T18:47:27.2482092Z  * [new tag]             0.0.157                -> 0.0.157
job-core	Checkout code	2026-02-28T18:47:27.2482451Z  * [new tag]             0.0.158                -> 0.0.158
job-core	Checkout code	2026-02-28T18:47:27.2482817Z  * [new tag]             0.0.159                -> 0.0.159
job-core	Checkout code	2026-02-28T18:47:27.2483176Z  * [new tag]             0.0.16                 -> 0.0.16
job-core	Checkout code	2026-02-28T18:47:27.2483539Z  * [new tag]             0.0.160                -> 0.0.160
job-core	Checkout code	2026-02-28T18:47:27.2484114Z  * [new tag]             0.0.161                -> 0.0.161
job-core	Checkout code	2026-02-28T18:47:27.2484473Z  * [new tag]             0.0.162                -> 0.0.162
job-core	Checkout code	2026-02-28T18:47:27.2485487Z  * [new tag]             0.0.163                -> 0.0.163
job-core	Checkout code	2026-02-28T18:47:27.2485849Z  * [new tag]             0.0.164                -> 0.0.164
job-core	Checkout code	2026-02-28T18:47:27.2486207Z  * [new tag]             0.0.165                -> 0.0.165
job-core	Checkout code	2026-02-28T18:47:27.2486566Z  * [new tag]             0.0.166                -> 0.0.166
job-core	Checkout code	2026-02-28T18:47:27.2486925Z  * [new tag]             0.0.167                -> 0.0.167
job-core	Checkout code	2026-02-28T18:47:27.2487285Z  * [new tag]             0.0.168                -> 0.0.168
job-core	Checkout code	2026-02-28T18:47:27.2487642Z  * [new tag]             0.0.169                -> 0.0.169
job-core	Checkout code	2026-02-28T18:47:27.2488001Z  * [new tag]             0.0.17                 -> 0.0.17
job-core	Checkout code	2026-02-28T18:47:27.2488364Z  * [new tag]             0.0.170                -> 0.0.170
job-core	Checkout code	2026-02-28T18:47:27.2488726Z  * [new tag]             0.0.171                -> 0.0.171
job-core	Checkout code	2026-02-28T18:47:27.2489090Z  * [new tag]             0.0.172                -> 0.0.172
job-core	Checkout code	2026-02-28T18:47:27.2489450Z  * [new tag]             0.0.173                -> 0.0.173
job-core	Checkout code	2026-02-28T18:47:27.2489814Z  * [new tag]             0.0.174                -> 0.0.174
job-core	Checkout code	2026-02-28T18:47:27.2490174Z  * [new tag]             0.0.175                -> 0.0.175
job-core	Checkout code	2026-02-28T18:47:27.2490528Z  * [new tag]             0.0.176                -> 0.0.176
job-core	Checkout code	2026-02-28T18:47:27.2490884Z  * [new tag]             0.0.177                -> 0.0.177
job-core	Checkout code	2026-02-28T18:47:27.2491244Z  * [new tag]             0.0.178                -> 0.0.178
job-core	Checkout code	2026-02-28T18:47:27.2491600Z  * [new tag]             0.0.179                -> 0.0.179
job-core	Checkout code	2026-02-28T18:47:27.2491968Z  * [new tag]             0.0.18                 -> 0.0.18
job-core	Checkout code	2026-02-28T18:47:27.2492326Z  * [new tag]             0.0.19                 -> 0.0.19
job-core	Checkout code	2026-02-28T18:47:27.2492689Z  * [new tag]             0.0.2                  -> 0.0.2
job-core	Checkout code	2026-02-28T18:47:27.2493047Z  * [new tag]             0.0.20                 -> 0.0.20
job-core	Checkout code	2026-02-28T18:47:27.2493408Z  * [new tag]             0.0.21                 -> 0.0.21
job-core	Checkout code	2026-02-28T18:47:27.2493761Z  * [new tag]             0.0.22                 -> 0.0.22
job-core	Checkout code	2026-02-28T18:47:27.2494116Z  * [new tag]             0.0.23                 -> 0.0.23
job-core	Checkout code	2026-02-28T18:47:27.2494474Z  * [new tag]             0.0.24                 -> 0.0.24
job-core	Checkout code	2026-02-28T18:47:27.2495493Z  * [new tag]             0.0.25                 -> 0.0.25
job-core	Checkout code	2026-02-28T18:47:27.2495982Z  * [new tag]             0.0.26                 -> 0.0.26
job-core	Checkout code	2026-02-28T18:47:27.2496339Z  * [new tag]             0.0.27                 -> 0.0.27
job-core	Checkout code	2026-02-28T18:47:27.2496697Z  * [new tag]             0.0.28                 -> 0.0.28
job-core	Checkout code	2026-02-28T18:47:27.2497259Z  * [new tag]             0.0.29                 -> 0.0.29
job-core	Checkout code	2026-02-28T18:47:27.2497624Z  * [new tag]             0.0.3                  -> 0.0.3
job-core	Checkout code	2026-02-28T18:47:27.2497982Z  * [new tag]             0.0.30                 -> 0.0.30
job-core	Checkout code	2026-02-28T18:47:27.2498346Z  * [new tag]             0.0.31                 -> 0.0.31
job-core	Checkout code	2026-02-28T18:47:27.2498703Z  * [new tag]             0.0.32                 -> 0.0.32
job-core	Checkout code	2026-02-28T18:47:27.2499060Z  * [new tag]             0.0.33                 -> 0.0.33
job-core	Checkout code	2026-02-28T18:47:27.2499423Z  * [new tag]             0.0.34                 -> 0.0.34
job-core	Checkout code	2026-02-28T18:47:27.2499775Z  * [new tag]             0.0.35                 -> 0.0.35
job-core	Checkout code	2026-02-28T18:47:27.2500134Z  * [new tag]             0.0.36                 -> 0.0.36
job-core	Checkout code	2026-02-28T18:47:27.2500491Z  * [new tag]             0.0.37                 -> 0.0.37
job-core	Checkout code	2026-02-28T18:47:27.2500845Z  * [new tag]             0.0.38                 -> 0.0.38
job-core	Checkout code	2026-02-28T18:47:27.2501201Z  * [new tag]             0.0.39                 -> 0.0.39
job-core	Checkout code	2026-02-28T18:47:27.2501562Z  * [new tag]             0.0.4                  -> 0.0.4
job-core	Checkout code	2026-02-28T18:47:27.2501919Z  * [new tag]             0.0.40                 -> 0.0.40
job-core	Checkout code	2026-02-28T18:47:27.2502276Z  * [new tag]             0.0.41                 -> 0.0.41
job-core	Checkout code	2026-02-28T18:47:27.2502852Z  * [new tag]             0.0.42                 -> 0.0.42
job-core	Checkout code	2026-02-28T18:47:27.2503210Z  * [new tag]             0.0.43                 -> 0.0.43
job-core	Checkout code	2026-02-28T18:47:27.2503568Z  * [new tag]             0.0.44                 -> 0.0.44
job-core	Checkout code	2026-02-28T18:47:27.2503924Z  * [new tag]             0.0.45                 -> 0.0.45
job-core	Checkout code	2026-02-28T18:47:27.2504280Z  * [new tag]             0.0.46                 -> 0.0.46
job-core	Checkout code	2026-02-28T18:47:27.2504866Z  * [new tag]             0.0.47                 -> 0.0.47
job-core	Checkout code	2026-02-28T18:47:27.2505363Z  * [new tag]             0.0.48                 -> 0.0.48
job-core	Checkout code	2026-02-28T18:47:27.2505724Z  * [new tag]             0.0.49                 -> 0.0.49
job-core	Checkout code	2026-02-28T18:47:27.2506203Z  * [new tag]             0.0.5                  -> 0.0.5
job-core	Checkout code	2026-02-28T18:47:27.2506564Z  * [new tag]             0.0.50                 -> 0.0.50
job-core	Checkout code	2026-02-28T18:47:27.2506924Z  * [new tag]             0.0.51                 -> 0.0.51
job-core	Checkout code	2026-02-28T18:47:27.2507281Z  * [new tag]             0.0.52                 -> 0.0.52
job-core	Checkout code	2026-02-28T18:47:27.2507641Z  * [new tag]             0.0.53                 -> 0.0.53
job-core	Checkout code	2026-02-28T18:47:27.2507995Z  * [new tag]             0.0.54                 -> 0.0.54
job-core	Checkout code	2026-02-28T18:47:27.2508348Z  * [new tag]             0.0.55                 -> 0.0.55
job-core	Checkout code	2026-02-28T18:47:27.2508704Z  * [new tag]             0.0.56                 -> 0.0.56
job-core	Checkout code	2026-02-28T18:47:27.2509060Z  * [new tag]             0.0.57                 -> 0.0.57
job-core	Checkout code	2026-02-28T18:47:27.2509418Z  * [new tag]             0.0.58                 -> 0.0.58
job-core	Checkout code	2026-02-28T18:47:27.2509766Z  * [new tag]             0.0.59                 -> 0.0.59
job-core	Checkout code	2026-02-28T18:47:27.2510118Z  * [new tag]             0.0.6                  -> 0.0.6
job-core	Checkout code	2026-02-28T18:47:27.2510466Z  * [new tag]             0.0.60                 -> 0.0.60
job-core	Checkout code	2026-02-28T18:47:27.2510824Z  * [new tag]             0.0.61                 -> 0.0.61
job-core	Checkout code	2026-02-28T18:47:27.2511168Z  * [new tag]             0.0.62                 -> 0.0.62
job-core	Checkout code	2026-02-28T18:47:27.2511520Z  * [new tag]             0.0.63                 -> 0.0.63
job-core	Checkout code	2026-02-28T18:47:27.2511874Z  * [new tag]             0.0.64                 -> 0.0.64
job-core	Checkout code	2026-02-28T18:47:27.2512226Z  * [new tag]             0.0.65                 -> 0.0.65
job-core	Checkout code	2026-02-28T18:47:27.2512574Z  * [new tag]             0.0.66                 -> 0.0.66
job-core	Checkout code	2026-02-28T18:47:27.2512923Z  * [new tag]             0.0.67                 -> 0.0.67
job-core	Checkout code	2026-02-28T18:47:27.2513270Z  * [new tag]             0.0.68                 -> 0.0.68
job-core	Checkout code	2026-02-28T18:47:27.2513617Z  * [new tag]             0.0.69                 -> 0.0.69
job-core	Checkout code	2026-02-28T18:47:27.2513970Z  * [new tag]             0.0.7                  -> 0.0.7
job-core	Checkout code	2026-02-28T18:47:27.2514319Z  * [new tag]             0.0.70                 -> 0.0.70
job-core	Checkout code	2026-02-28T18:47:27.2515251Z  * [new tag]             0.0.71                 -> 0.0.71
job-core	Checkout code	2026-02-28T18:47:27.2515618Z  * [new tag]             0.0.72                 -> 0.0.72
job-core	Checkout code	2026-02-28T18:47:27.2516106Z  * [new tag]             0.0.73                 -> 0.0.73
job-core	Checkout code	2026-02-28T18:47:27.2516592Z  * [new tag]             0.0.74                 -> 0.0.74
job-core	Checkout code	2026-02-28T18:47:27.2516940Z  * [new tag]             0.0.75                 -> 0.0.75
job-core	Checkout code	2026-02-28T18:47:27.2517286Z  * [new tag]             0.0.76                 -> 0.0.76
job-core	Checkout code	2026-02-28T18:47:27.2517636Z  * [new tag]             0.0.77                 -> 0.0.77
job-core	Checkout code	2026-02-28T18:47:27.2517985Z  * [new tag]             0.0.78                 -> 0.0.78
job-core	Checkout code	2026-02-28T18:47:27.2518334Z  * [new tag]             0.0.79                 -> 0.0.79
job-core	Checkout code	2026-02-28T18:47:27.2529164Z  * [new tag]             0.0.8                  -> 0.0.8
job-core	Checkout code	2026-02-28T18:47:27.2529568Z  * [new tag]             0.0.80                 -> 0.0.80
job-core	Checkout code	2026-02-28T18:47:27.2530069Z  * [new tag]             0.0.81                 -> 0.0.81
job-core	Checkout code	2026-02-28T18:47:27.2530708Z  * [new tag]             0.0.82                 -> 0.0.82
job-core	Checkout code	2026-02-28T18:47:27.2531066Z  * [new tag]             0.0.83                 -> 0.0.83
job-core	Checkout code	2026-02-28T18:47:27.2531537Z  * [new tag]             0.0.84                 -> 0.0.84
job-core	Checkout code	2026-02-28T18:47:27.2532145Z  * [new tag]             0.0.85                 -> 0.0.85
job-core	Checkout code	2026-02-28T18:47:27.2532489Z  * [new tag]             0.0.86                 -> 0.0.86
job-core	Checkout code	2026-02-28T18:47:27.2532835Z  * [new tag]             0.0.87                 -> 0.0.87
job-core	Checkout code	2026-02-28T18:47:27.2533180Z  * [new tag]             0.0.88                 -> 0.0.88
job-core	Checkout code	2026-02-28T18:47:27.2533527Z  * [new tag]             0.0.89                 -> 0.0.89
job-core	Checkout code	2026-02-28T18:47:27.2533877Z  * [new tag]             0.0.9                  -> 0.0.9
job-core	Checkout code	2026-02-28T18:47:27.2534225Z  * [new tag]             0.0.90                 -> 0.0.90
job-core	Checkout code	2026-02-28T18:47:27.2534640Z  * [new tag]             0.0.91                 -> 0.0.91
job-core	Checkout code	2026-02-28T18:47:27.2535293Z  * [new tag]             0.0.92                 -> 0.0.92
job-core	Checkout code	2026-02-28T18:47:27.2535651Z  * [new tag]             0.0.93                 -> 0.0.93
job-core	Checkout code	2026-02-28T18:47:27.2536006Z  * [new tag]             0.0.94                 -> 0.0.94
job-core	Checkout code	2026-02-28T18:47:27.2536364Z  * [new tag]             0.0.95                 -> 0.0.95
job-core	Checkout code	2026-02-28T18:47:27.2536998Z  * [new tag]             0.0.96                 -> 0.0.96
job-core	Checkout code	2026-02-28T18:47:27.2537355Z  * [new tag]             0.0.97                 -> 0.0.97
job-core	Checkout code	2026-02-28T18:47:27.2537830Z  * [new tag]             0.0.98                 -> 0.0.98
job-core	Checkout code	2026-02-28T18:47:27.2538180Z  * [new tag]             0.0.99                 -> 0.0.99
job-core	Checkout code	2026-02-28T18:47:27.2538527Z  * [new tag]             0.1.0                  -> 0.1.0
job-core	Checkout code	2026-02-28T18:47:27.2538873Z  * [new tag]             0.1.1                  -> 0.1.1
job-core	Checkout code	2026-02-28T18:47:27.2539219Z  * [new tag]             0.2.0                  -> 0.2.0
job-core	Checkout code	2026-02-28T18:47:27.2539563Z  * [new tag]             0.3.0                  -> 0.3.0
job-core	Checkout code	2026-02-28T18:47:27.2539906Z  * [new tag]             0.3.1                  -> 0.3.1
job-core	Checkout code	2026-02-28T18:47:27.2540282Z  * [new tag]             0.3.10                 -> 0.3.10
job-core	Checkout code	2026-02-28T18:47:27.2540634Z  * [new tag]             0.3.11                 -> 0.3.11
job-core	Checkout code	2026-02-28T18:47:27.2540982Z  * [new tag]             0.3.12                 -> 0.3.12
job-core	Checkout code	2026-02-28T18:47:27.2541332Z  * [new tag]             0.3.13                 -> 0.3.13
job-core	Checkout code	2026-02-28T18:47:27.2542099Z  * [new tag]             0.3.14                 -> 0.3.14
job-core	Checkout code	2026-02-28T18:47:27.2542727Z  * [new tag]             0.3.15                 -> 0.3.15
job-core	Checkout code	2026-02-28T18:47:27.2543205Z  * [new tag]             0.3.16                 -> 0.3.16
job-core	Checkout code	2026-02-28T18:47:27.2543551Z  * [new tag]             0.3.17                 -> 0.3.17
job-core	Checkout code	2026-02-28T18:47:27.2543897Z  * [new tag]             0.3.2                  -> 0.3.2
job-core	Checkout code	2026-02-28T18:47:27.2544245Z  * [new tag]             0.3.3                  -> 0.3.3
job-core	Checkout code	2026-02-28T18:47:27.2544830Z  * [new tag]             0.3.4                  -> 0.3.4
job-core	Checkout code	2026-02-28T18:47:27.2545440Z  * [new tag]             0.3.5                  -> 0.3.5
job-core	Checkout code	2026-02-28T18:47:27.2545993Z  * [new tag]             0.3.6                  -> 0.3.6
job-core	Checkout code	2026-02-28T18:47:27.2546344Z  * [new tag]             0.3.7                  -> 0.3.7
job-core	Checkout code	2026-02-28T18:47:27.2546684Z  * [new tag]             0.3.8                  -> 0.3.8
job-core	Checkout code	2026-02-28T18:47:27.2547034Z  * [new tag]             0.3.9                  -> 0.3.9
job-core	Checkout code	2026-02-28T18:47:27.2547378Z  * [new tag]             0.4.0                  -> 0.4.0
job-core	Checkout code	2026-02-28T18:47:27.2547721Z  * [new tag]             0.4.1                  -> 0.4.1
job-core	Checkout code	2026-02-28T18:47:27.2548067Z  * [new tag]             0.4.2                  -> 0.4.2
job-core	Checkout code	2026-02-28T18:47:27.2548411Z  * [new tag]             0.4.3                  -> 0.4.3
job-core	Checkout code	2026-02-28T18:47:27.2548754Z  * [new tag]             0.4.4                  -> 0.4.4
job-core	Checkout code	2026-02-28T18:47:27.2549097Z  * [new tag]             0.4.5                  -> 0.4.5
job-core	Checkout code	2026-02-28T18:47:27.2549442Z  * [new tag]             0.4.6                  -> 0.4.6
job-core	Checkout code	2026-02-28T18:47:27.2549789Z  * [new tag]             0.4.7                  -> 0.4.7
job-core	Checkout code	2026-02-28T18:47:27.2550137Z  * [new tag]             0.4.8                  -> 0.4.8
job-core	Checkout code	2026-02-28T18:47:27.2550480Z  * [new tag]             0.4.9                  -> 0.4.9
job-core	Checkout code	2026-02-28T18:47:27.2550824Z  * [new tag]             0.5.0                  -> 0.5.0
job-core	Checkout code	2026-02-28T18:47:27.2551349Z  * [new tag]             0.5.1                  -> 0.5.1
job-core	Checkout code	2026-02-28T18:47:27.2551691Z  * [new tag]             0.5.2                  -> 0.5.2
job-core	Checkout code	2026-02-28T18:47:27.2552034Z  * [new tag]             0.6.0                  -> 0.6.0
job-core	Checkout code	2026-02-28T18:47:27.2552380Z  * [new tag]             0.6.1                  -> 0.6.1
job-core	Checkout code	2026-02-28T18:47:27.2552723Z  * [new tag]             0.6.2                  -> 0.6.2
job-core	Checkout code	2026-02-28T18:47:27.2553067Z  * [new tag]             0.6.3                  -> 0.6.3
job-core	Checkout code	2026-02-28T18:47:27.2553411Z  * [new tag]             0.6.4                  -> 0.6.4
job-core	Checkout code	2026-02-28T18:47:27.2553756Z  * [new tag]             0.6.5                  -> 0.6.5
job-core	Checkout code	2026-02-28T18:47:27.2554103Z  * [new tag]             0.6.6                  -> 0.6.6
job-core	Checkout code	2026-02-28T18:47:27.2775202Z [command]/usr/bin/git branch --list --remote origin/main
job-core	Checkout code	2026-02-28T18:47:27.2853704Z   origin/main
job-core	Checkout code	2026-02-28T18:47:27.2865973Z [command]/usr/bin/git rev-parse refs/remotes/origin/main
job-core	Checkout code	2026-02-28T18:47:27.2895919Z 53fb59c674c8e74d07b2d93c7bcf190b8e0a722a
job-core	Checkout code	2026-02-28T18:47:27.2901342Z ##[endgroup]
job-core	Checkout code	2026-02-28T18:47:27.2901759Z ##[group]Determining the checkout info
job-core	Checkout code	2026-02-28T18:47:27.2902897Z ##[endgroup]
job-core	Checkout code	2026-02-28T18:47:27.2909529Z [command]/usr/bin/git sparse-checkout disable
job-core	Checkout code	2026-02-28T18:47:27.2972960Z [command]/usr/bin/git config --local --unset-all extensions.worktreeConfig
job-core	Checkout code	2026-02-28T18:47:27.3012017Z ##[group]Checking out the ref
job-core	Checkout code	2026-02-28T18:47:27.3017396Z [command]/usr/bin/git checkout --progress --force -B main refs/remotes/origin/main
job-core	Checkout code	2026-02-28T18:47:27.5593622Z Switched to a new branch 'main'
job-core	Checkout code	2026-02-28T18:47:27.5598507Z branch 'main' set up to track 'origin/main'.
job-core	Checkout code	2026-02-28T18:47:27.5645434Z ##[endgroup]
job-core	Checkout code	2026-02-28T18:47:27.5704952Z [command]/usr/bin/git log -1 --format=%H
job-core	Checkout code	2026-02-28T18:47:27.5740529Z 53fb59c674c8e74d07b2d93c7bcf190b8e0a722a
job-core	Install GH CLI	Ôªø2026-02-28T18:47:27.6023549Z Prepare all required actions
job-core	Install GH CLI	2026-02-28T18:47:27.6082036Z ##[group]Run ./.github/actions/install-gh-cli
job-core	Install GH CLI	2026-02-28T18:47:27.6082381Z env:
job-core	Install GH CLI	2026-02-28T18:47:27.6082577Z   PYTHON_VERSION: 3.9
job-core	Install GH CLI	2026-02-28T18:47:27.6083457Z   MONGO_SUPERUSER_CONNECTION: ***
job-core	Install GH CLI	2026-02-28T18:47:27.6083861Z   MONGO_NEW_PASS: ***
job-core	Install GH CLI	2026-02-28T18:47:27.6084214Z   MONGO_SCRIPT_CREATE: devops/core/mongo/scripts/mongodb_status_report.py
job-core	Install GH CLI	2026-02-28T18:47:27.6085242Z   KAOS_CODE: 22526762257
job-core	Install GH CLI	2026-02-28T18:47:27.6085477Z   REPORT_SCAN: audit/
job-core	Install GH CLI	2026-02-28T18:47:27.6085712Z   REPORT_PATH: audit/mongodb/
job-core	Install GH CLI	2026-02-28T18:47:27.6085976Z   REPORT_FILENAME: 22526762257.json
job-core	Install GH CLI	2026-02-28T18:47:27.6086264Z   KAOS_MODULE: [Ka0s] Status MongDB Report
job-core	Install GH CLI	2026-02-28T18:47:27.6086551Z   GITHUB_OUTPUT: 
job-core	Install GH CLI	2026-02-28T18:47:27.6086759Z ##[endgroup]
job-core	Install GH CLI	2026-02-28T18:47:27.6193241Z ##[group]Run type -p curl >/dev/null || (sudo apt-get update && sudo apt-get install curl -y)
job-core	Install GH CLI	2026-02-28T18:47:27.6194263Z [36;1mtype -p curl >/dev/null || (sudo apt-get update && sudo apt-get install curl -y)[0m
job-core	Install GH CLI	2026-02-28T18:47:27.6195674Z [36;1mcurl -fsSL https://cli.github.com/packages/githubcli-archive-keyring.gpg | sudo dd of=/usr/share/keyrings/githubcli-archive-keyring.gpg \[0m
job-core	Install GH CLI	2026-02-28T18:47:27.6196525Z [36;1m&& sudo chmod go+r /usr/share/keyrings/githubcli-archive-keyring.gpg \[0m
job-core	Install GH CLI	2026-02-28T18:47:27.6197671Z [36;1m&& echo "deb [arch=$(dpkg --print-architecture) signed-by=/usr/share/keyrings/githubcli-archive-keyring.gpg] https://cli.github.com/packages stable main" | sudo tee /etc/apt/sources.list.d/github-cli.list > /dev/null \[0m
job-core	Install GH CLI	2026-02-28T18:47:27.6198704Z [36;1m&& sudo apt-get update \[0m
job-core	Install GH CLI	2026-02-28T18:47:27.6199006Z [36;1m&& sudo apt-get install gh -y[0m
job-core	Install GH CLI	2026-02-28T18:47:27.6214640Z shell: /usr/bin/bash --noprofile --norc -e -o pipefail {0}
job-core	Install GH CLI	2026-02-28T18:47:27.6215140Z env:
job-core	Install GH CLI	2026-02-28T18:47:27.6215350Z   PYTHON_VERSION: 3.9
job-core	Install GH CLI	2026-02-28T18:47:27.6216219Z   MONGO_SUPERUSER_CONNECTION: ***
job-core	Install GH CLI	2026-02-28T18:47:27.6216611Z   MONGO_NEW_PASS: ***
job-core	Install GH CLI	2026-02-28T18:47:27.6216954Z   MONGO_SCRIPT_CREATE: devops/core/mongo/scripts/mongodb_status_report.py
job-core	Install GH CLI	2026-02-28T18:47:27.6217371Z   KAOS_CODE: 22526762257
job-core	Install GH CLI	2026-02-28T18:47:27.6217601Z   REPORT_SCAN: audit/
job-core	Install GH CLI	2026-02-28T18:47:27.6217838Z   REPORT_PATH: audit/mongodb/
job-core	Install GH CLI	2026-02-28T18:47:27.6218093Z   REPORT_FILENAME: 22526762257.json
job-core	Install GH CLI	2026-02-28T18:47:27.6218374Z   KAOS_MODULE: [Ka0s] Status MongDB Report
job-core	Install GH CLI	2026-02-28T18:47:27.6218650Z   GITHUB_OUTPUT: 
job-core	Install GH CLI	2026-02-28T18:47:27.6218852Z ##[endgroup]
job-core	Install GH CLI	2026-02-28T18:47:27.8370832Z 4+1 records in
job-core	Install GH CLI	2026-02-28T18:47:27.8371932Z 4+1 records out
job-core	Install GH CLI	2026-02-28T18:47:27.8373251Z 2270 bytes (2.3 kB, 2.2 KiB) copied, 0.191476 s, 11.9 kB/s
job-core	Install GH CLI	2026-02-28T18:47:28.0778504Z Get:1 https://cli.github.com/packages stable InRelease [3917 B]
job-core	Install GH CLI	2026-02-28T18:47:28.1001195Z Get:2 http://security.ubuntu.com/ubuntu noble-security InRelease [126 kB]
job-core	Install GH CLI	2026-02-28T18:47:28.1055818Z Get:3 http://archive.ubuntu.com/ubuntu noble InRelease [256 kB]
job-core	Install GH CLI	2026-02-28T18:47:28.2247402Z Get:4 https://ppa.launchpadcontent.net/git-core/ppa/ubuntu noble InRelease [24.3 kB]
job-core	Install GH CLI	2026-02-28T18:47:28.3519902Z Get:5 https://cli.github.com/packages stable/main amd64 Packages [357 B]
job-core	Install GH CLI	2026-02-28T18:47:28.3988709Z Get:6 http://archive.ubuntu.com/ubuntu noble-updates InRelease [126 kB]
job-core	Install GH CLI	2026-02-28T18:47:28.4301209Z Get:7 https://ppa.launchpadcontent.net/git-core/ppa/ubuntu noble/main amd64 Packages [2992 B]
job-core	Install GH CLI	2026-02-28T18:47:28.4704064Z Get:8 http://archive.ubuntu.com/ubuntu noble-backports InRelease [126 kB]
job-core	Install GH CLI	2026-02-28T18:47:28.5300145Z Get:9 http://security.ubuntu.com/ubuntu noble-security/main amd64 Packages [1883 kB]
job-core	Install GH CLI	2026-02-28T18:47:28.6415300Z Get:10 http://archive.ubuntu.com/ubuntu noble/universe amd64 Packages [19.3 MB]
job-core	Install GH CLI	2026-02-28T18:47:28.7925367Z Get:11 http://security.ubuntu.com/ubuntu noble-security/restricted amd64 Packages [3262 kB]
job-core	Install GH CLI	2026-02-28T18:47:28.8643960Z Get:12 http://security.ubuntu.com/ubuntu noble-security/multiverse amd64 Packages [34.8 kB]
job-core	Install GH CLI	2026-02-28T18:47:28.8652101Z Get:13 http://security.ubuntu.com/ubuntu noble-security/universe amd64 Packages [1242 kB]
job-core	Install GH CLI	2026-02-28T18:47:29.1615441Z Get:14 http://archive.ubuntu.com/ubuntu noble/restricted amd64 Packages [117 kB]
job-core	Install GH CLI	2026-02-28T18:47:29.1631487Z Get:15 http://archive.ubuntu.com/ubuntu noble/main amd64 Packages [1808 kB]
job-core	Install GH CLI	2026-02-28T18:47:29.2698636Z Get:16 http://archive.ubuntu.com/ubuntu noble/multiverse amd64 Packages [331 kB]
job-core	Install GH CLI	2026-02-28T18:47:29.2723917Z Get:17 http://archive.ubuntu.com/ubuntu noble-updates/multiverse amd64 Packages [38.1 kB]
job-core	Install GH CLI	2026-02-28T18:47:29.2732149Z Get:18 http://archive.ubuntu.com/ubuntu noble-updates/universe amd64 Packages [2017 kB]
job-core	Install GH CLI	2026-02-28T18:47:29.2862207Z Get:19 http://archive.ubuntu.com/ubuntu noble-updates/main amd64 Packages [2275 kB]
job-core	Install GH CLI	2026-02-28T18:47:29.3342738Z Get:20 http://archive.ubuntu.com/ubuntu noble-updates/restricted amd64 Packages [3471 kB]
job-core	Install GH CLI	2026-02-28T18:47:29.4033602Z Get:21 http://archive.ubuntu.com/ubuntu noble-backports/universe amd64 Packages [34.6 kB]
job-core	Install GH CLI	2026-02-28T18:47:29.4037464Z Get:22 http://archive.ubuntu.com/ubuntu noble-backports/main amd64 Packages [49.5 kB]
job-core	Install GH CLI	2026-02-28T18:47:30.3833678Z Fetched 36.5 MB in 2s (15.1 MB/s)
job-core	Install GH CLI	2026-02-28T18:47:31.3263790Z Reading package lists...
job-core	Install GH CLI	2026-02-28T18:47:32.3069334Z Reading package lists...
job-core	Install GH CLI	2026-02-28T18:47:32.5307550Z Building dependency tree...
job-core	Install GH CLI	2026-02-28T18:47:32.5308044Z Reading state information...
job-core	Install GH CLI	2026-02-28T18:47:32.8914147Z The following NEW packages will be installed:
job-core	Install GH CLI	2026-02-28T18:47:32.8933745Z   gh
job-core	Install GH CLI	2026-02-28T18:47:33.5353665Z 0 upgraded, 1 newly installed, 0 to remove and 0 not upgraded.
job-core	Install GH CLI	2026-02-28T18:47:33.5357868Z Need to get 13.8 MB of archives.
job-core	Install GH CLI	2026-02-28T18:47:33.5359580Z After this operation, 38.5 MB of additional disk space will be used.
job-core	Install GH CLI	2026-02-28T18:47:33.5362098Z Get:1 https://cli.github.com/packages stable/main amd64 gh amd64 2.87.3 [13.8 MB]
job-core	Install GH CLI	2026-02-28T18:47:33.9016575Z debconf: delaying package configuration, since apt-utils is not installed
job-core	Install GH CLI	2026-02-28T18:47:33.9432131Z Fetched 13.8 MB in 1s (16.6 MB/s)
job-core	Install GH CLI	2026-02-28T18:47:33.9704132Z Selecting previously unselected package gh.
job-core	Install GH CLI	2026-02-28T18:47:33.9742128Z (Reading database ... 
job-core	Install GH CLI	2026-02-28T18:47:33.9742649Z (Reading database ... 5%
job-core	Install GH CLI	2026-02-28T18:47:33.9742949Z (Reading database ... 10%
job-core	Install GH CLI	2026-02-28T18:47:33.9743201Z (Reading database ... 15%
job-core	Install GH CLI	2026-02-28T18:47:33.9743461Z (Reading database ... 20%
job-core	Install GH CLI	2026-02-28T18:47:33.9743715Z (Reading database ... 25%
job-core	Install GH CLI	2026-02-28T18:47:33.9743964Z (Reading database ... 30%
job-core	Install GH CLI	2026-02-28T18:47:33.9744213Z (Reading database ... 35%
job-core	Install GH CLI	2026-02-28T18:47:33.9744457Z (Reading database ... 40%
job-core	Install GH CLI	2026-02-28T18:47:33.9744865Z (Reading database ... 45%
job-core	Install GH CLI	2026-02-28T18:47:33.9745112Z (Reading database ... 50%
job-core	Install GH CLI	2026-02-28T18:47:33.9745364Z (Reading database ... 55%
job-core	Install GH CLI	2026-02-28T18:47:33.9745621Z (Reading database ... 60%
job-core	Install GH CLI	2026-02-28T18:47:33.9755100Z (Reading database ... 65%
job-core	Install GH CLI	2026-02-28T18:47:33.9771632Z (Reading database ... 70%
job-core	Install GH CLI	2026-02-28T18:47:33.9777186Z (Reading database ... 75%
job-core	Install GH CLI	2026-02-28T18:47:33.9792206Z (Reading database ... 80%
job-core	Install GH CLI	2026-02-28T18:47:33.9797150Z (Reading database ... 85%
job-core	Install GH CLI	2026-02-28T18:47:33.9807373Z (Reading database ... 90%
job-core	Install GH CLI	2026-02-28T18:47:33.9827749Z (Reading database ... 95%
job-core	Install GH CLI	2026-02-28T18:47:33.9828147Z (Reading database ... 100%
job-core	Install GH CLI	2026-02-28T18:47:33.9828540Z (Reading database ... 14387 files and directories currently installed.)
job-core	Install GH CLI	2026-02-28T18:47:33.9834230Z Preparing to unpack .../archives/gh_2.87.3_amd64.deb ...
job-core	Install GH CLI	2026-02-28T18:47:33.9867070Z Unpacking gh (2.87.3) ...
job-core	Install GH CLI	2026-02-28T18:47:34.2594371Z Setting up gh (2.87.3) ...
job-core	Set up Python	Ôªø2026-02-28T18:47:34.3813867Z ##[group]Run actions/setup-python@v4
job-core	Set up Python	2026-02-28T18:47:34.3814222Z with:
job-core	Set up Python	2026-02-28T18:47:34.3814425Z   python-version: 3.9
job-core	Set up Python	2026-02-28T18:47:34.3814899Z   check-latest: false
job-core	Set up Python	2026-02-28T18:47:34.3815307Z   token: ***
job-core	Set up Python	2026-02-28T18:47:34.3815523Z   update-environment: true
job-core	Set up Python	2026-02-28T18:47:34.3815774Z   allow-prereleases: false
job-core	Set up Python	2026-02-28T18:47:34.3816007Z env:
job-core	Set up Python	2026-02-28T18:47:34.3816198Z   PYTHON_VERSION: 3.9
job-core	Set up Python	2026-02-28T18:47:34.3816922Z   MONGO_SUPERUSER_CONNECTION: ***
job-core	Set up Python	2026-02-28T18:47:34.3817312Z   MONGO_NEW_PASS: ***
job-core	Set up Python	2026-02-28T18:47:34.3817669Z   MONGO_SCRIPT_CREATE: devops/core/mongo/scripts/mongodb_status_report.py
job-core	Set up Python	2026-02-28T18:47:34.3818086Z   KAOS_CODE: 22526762257
job-core	Set up Python	2026-02-28T18:47:34.3818319Z   REPORT_SCAN: audit/
job-core	Set up Python	2026-02-28T18:47:34.3818552Z   REPORT_PATH: audit/mongodb/
job-core	Set up Python	2026-02-28T18:47:34.3818816Z   REPORT_FILENAME: 22526762257.json
job-core	Set up Python	2026-02-28T18:47:34.3819102Z   KAOS_MODULE: [Ka0s] Status MongDB Report
job-core	Set up Python	2026-02-28T18:47:34.3819393Z   GITHUB_OUTPUT: 
job-core	Set up Python	2026-02-28T18:47:34.3819598Z ##[endgroup]
job-core	Set up Python	2026-02-28T18:47:34.5826396Z ##[group]Installed versions
job-core	Set up Python	2026-02-28T18:47:34.5835879Z Version 3.9 was not found in the local cache
job-core	Set up Python	2026-02-28T18:47:35.4378394Z Version 3.9 is available for downloading
job-core	Set up Python	2026-02-28T18:47:35.4379811Z Download from "https://github.com/actions/python-versions/releases/download/3.9.25-19039189640/python-3.9.25-linux-24.04-x64.tar.gz"
job-core	Set up Python	2026-02-28T18:47:37.3556695Z Extract downloaded archive
job-core	Set up Python	2026-02-28T18:47:37.3833630Z [command]/usr/bin/tar xz --warning=no-unknown-keyword -C /home/runner/_work/_temp/0ce10bc7-264a-48d6-8bac-4e5afce64b7e -f /home/runner/_work/_temp/55aebacd-abbc-4de8-a88c-b478a15b1916
job-core	Set up Python	2026-02-28T18:47:38.9279833Z Execute installation script
job-core	Set up Python	2026-02-28T18:47:38.9384069Z Check if Python hostedtoolcache folder exist...
job-core	Set up Python	2026-02-28T18:47:38.9385132Z Creating Python hostedtoolcache folder...
job-core	Set up Python	2026-02-28T18:47:38.9400063Z Create Python 3.9.25 folder
job-core	Set up Python	2026-02-28T18:47:38.9415789Z Copy Python binaries to hostedtoolcache folder
job-core	Set up Python	2026-02-28T18:47:39.8864472Z Create additional symlinks (Required for the UsePythonVersion Azure Pipelines task and the setup-python GitHub Action)
job-core	Set up Python	2026-02-28T18:47:39.8911271Z Upgrading pip...
job-core	Set up Python	2026-02-28T18:47:41.9084000Z Looking in links: /tmp/tmpe9o53y8s
job-core	Set up Python	2026-02-28T18:47:41.9089295Z Requirement already satisfied: setuptools in /home/runner/_work/_tool/Python/3.9.25/x64/lib/python3.9/site-packages (79.0.1)
job-core	Set up Python	2026-02-28T18:47:41.9094180Z Requirement already satisfied: pip in /home/runner/_work/_tool/Python/3.9.25/x64/lib/python3.9/site-packages (23.0.1)
job-core	Set up Python	2026-02-28T18:47:43.1996408Z Collecting pip
job-core	Set up Python	2026-02-28T18:47:43.2541682Z Downloading pip-26.0.1-py3-none-any.whl (1.8 MB)
job-core	Set up Python	2026-02-28T18:47:43.3070385Z ‚îÅ‚îÅ‚îÅ‚îÅ‚îÅ‚îÅ‚îÅ‚îÅ‚îÅ‚îÅ‚îÅ‚îÅ‚îÅ‚îÅ‚îÅ‚îÅ‚îÅ‚îÅ‚îÅ‚îÅ‚îÅ‚îÅ‚îÅ‚îÅ‚îÅ‚îÅ‚îÅ‚îÅ‚îÅ‚îÅ‚îÅ‚îÅ‚îÅ‚îÅ‚îÅ‚îÅ‚îÅ‚îÅ‚îÅ‚îÅ 1.8/1.8 MB 36.5 MB/s eta 0:00:00
job-core	Set up Python	2026-02-28T18:47:43.3070734Z 
job-core	Set up Python	2026-02-28T18:47:43.3739836Z Installing collected packages: pip
job-core	Set up Python	2026-02-28T18:47:43.3740622Z Attempting uninstall: pip
job-core	Set up Python	2026-02-28T18:47:43.3748869Z Found existing installation: pip 23.0.1
job-core	Set up Python	2026-02-28T18:47:43.6917706Z Uninstalling pip-23.0.1:
job-core	Set up Python	2026-02-28T18:47:43.7017978Z Successfully uninstalled pip-23.0.1
job-core	Set up Python	2026-02-28T18:47:44.5905401Z Successfully installed pip-26.0.1
job-core	Set up Python	2026-02-28T18:47:44.6759628Z Create complete file
job-core	Set up Python	2026-02-28T18:47:44.6800807Z Successfully set up CPython (3.9.25)
job-core	Set up Python	2026-02-28T18:47:44.6801997Z ##[endgroup]
job-core	Install dependencies	Ôªø2026-02-28T18:47:44.6974196Z ##[group]Run pip install pymongo
job-core	Install dependencies	2026-02-28T18:47:44.6974938Z [36;1mpip install pymongo[0m
job-core	Install dependencies	2026-02-28T18:47:44.6990798Z shell: /usr/bin/bash -e {0}
job-core	Install dependencies	2026-02-28T18:47:44.6991083Z env:
job-core	Install dependencies	2026-02-28T18:47:44.6991505Z   PYTHON_VERSION: 3.9
job-core	Install dependencies	2026-02-28T18:47:44.6992295Z   MONGO_SUPERUSER_CONNECTION: ***
job-core	Install dependencies	2026-02-28T18:47:44.6992698Z   MONGO_NEW_PASS: ***
job-core	Install dependencies	2026-02-28T18:47:44.6993051Z   MONGO_SCRIPT_CREATE: devops/core/mongo/scripts/mongodb_status_report.py
job-core	Install dependencies	2026-02-28T18:47:44.6993470Z   KAOS_CODE: 22526762257
job-core	Install dependencies	2026-02-28T18:47:44.6993707Z   REPORT_SCAN: audit/
job-core	Install dependencies	2026-02-28T18:47:44.6993937Z   REPORT_PATH: audit/mongodb/
job-core	Install dependencies	2026-02-28T18:47:44.6994194Z   REPORT_FILENAME: 22526762257.json
job-core	Install dependencies	2026-02-28T18:47:44.6994484Z   KAOS_MODULE: [Ka0s] Status MongDB Report
job-core	Install dependencies	2026-02-28T18:47:44.7002897Z   GITHUB_OUTPUT: 
job-core	Install dependencies	2026-02-28T18:47:44.7003225Z   pythonLocation: /home/runner/_work/_tool/Python/3.9.25/x64
job-core	Install dependencies	2026-02-28T18:47:44.7003713Z   PKG_CONFIG_PATH: /home/runner/_work/_tool/Python/3.9.25/x64/lib/pkgconfig
job-core	Install dependencies	2026-02-28T18:47:44.7004193Z   Python_ROOT_DIR: /home/runner/_work/_tool/Python/3.9.25/x64
job-core	Install dependencies	2026-02-28T18:47:44.7005165Z   Python2_ROOT_DIR: /home/runner/_work/_tool/Python/3.9.25/x64
job-core	Install dependencies	2026-02-28T18:47:44.7005611Z   Python3_ROOT_DIR: /home/runner/_work/_tool/Python/3.9.25/x64
job-core	Install dependencies	2026-02-28T18:47:44.7006042Z   LD_LIBRARY_PATH: /home/runner/_work/_tool/Python/3.9.25/x64/lib
job-core	Install dependencies	2026-02-28T18:47:44.7006398Z ##[endgroup]
job-core	Install dependencies	2026-02-28T18:47:45.5899596Z Collecting pymongo
job-core	Install dependencies	2026-02-28T18:47:45.6502069Z   Downloading pymongo-4.16.0-cp39-cp39-manylinux2014_x86_64.manylinux_2_17_x86_64.manylinux_2_28_x86_64.whl.metadata (10.0 kB)
job-core	Install dependencies	2026-02-28T18:47:45.7190582Z Collecting dnspython<3.0.0,>=2.6.1 (from pymongo)
job-core	Install dependencies	2026-02-28T18:47:45.7303565Z   Downloading dnspython-2.7.0-py3-none-any.whl.metadata (5.8 kB)
job-core	Install dependencies	2026-02-28T18:47:45.7509261Z Downloading pymongo-4.16.0-cp39-cp39-manylinux2014_x86_64.manylinux_2_17_x86_64.manylinux_2_28_x86_64.whl (947 kB)
job-core	Install dependencies	2026-02-28T18:47:45.7855296Z    ‚îÅ‚îÅ‚îÅ‚îÅ‚îÅ‚îÅ‚îÅ‚îÅ‚îÅ‚îÅ‚îÅ‚îÅ‚îÅ‚îÅ‚îÅ‚îÅ‚îÅ‚îÅ‚îÅ‚îÅ‚îÅ‚îÅ‚îÅ‚îÅ‚îÅ‚îÅ‚îÅ‚îÅ‚îÅ‚îÅ‚îÅ‚îÅ‚îÅ‚îÅ‚îÅ‚îÅ‚îÅ‚îÅ‚îÅ‚îÅ 947.2/947.2 kB 43.2 MB/s  0:00:00
job-core	Install dependencies	2026-02-28T18:47:45.7946916Z Downloading dnspython-2.7.0-py3-none-any.whl (313 kB)
job-core	Install dependencies	2026-02-28T18:47:45.8598981Z Installing collected packages: dnspython, pymongo
job-core	Install dependencies	2026-02-28T18:47:46.4092573Z 
job-core	Install dependencies	2026-02-28T18:47:46.4111757Z Successfully installed dnspython-2.7.0 pymongo-4.16.0
job-core	Create database MongoDB	Ôªø2026-02-28T18:47:46.6445938Z ##[group]Run python devops/core/mongo/scripts/mongodb_status_report.py
job-core	Create database MongoDB	2026-02-28T18:47:46.6446561Z [36;1mpython devops/core/mongo/scripts/mongodb_status_report.py[0m
job-core	Create database MongoDB	2026-02-28T18:47:46.6447060Z [36;1mecho "Downloading files to MongoDB update repository ..."[0m
job-core	Create database MongoDB	2026-02-28T18:47:46.6447555Z [36;1mgit config --global user.name "***"[0m
job-core	Create database MongoDB	2026-02-28T18:47:46.6447932Z [36;1mgit config --global user.email "***"[0m
job-core	Create database MongoDB	2026-02-28T18:47:46.6448240Z [36;1mgit pull --rebase[0m
job-core	Create database MongoDB	2026-02-28T18:47:46.6448584Z [36;1mecho "Uploading files to MongoDB update repository ..."[0m
job-core	Create database MongoDB	2026-02-28T18:47:46.6449085Z [36;1mgit add audit/mongodb/[0m
job-core	Create database MongoDB	2026-02-28T18:47:46.6449372Z [36;1mif ! git diff --staged --quiet; then[0m
job-core	Create database MongoDB	2026-02-28T18:47:46.6449845Z [36;1m   git commit -m "swarm-runners] Uploading files to MongoDB update repository ..."[0m
job-core	Create database MongoDB	2026-02-28T18:47:46.6450401Z [36;1m   git push origin refs/heads/main --force-with-lease[0m
job-core	Create database MongoDB	2026-02-28T18:47:46.6450740Z [36;1m fi[0m
job-core	Create database MongoDB	2026-02-28T18:47:46.6462992Z shell: /usr/bin/bash -e {0}
job-core	Create database MongoDB	2026-02-28T18:47:46.6463434Z env:
job-core	Create database MongoDB	2026-02-28T18:47:46.6463623Z   PYTHON_VERSION: 3.9
job-core	Create database MongoDB	2026-02-28T18:47:46.6464390Z   MONGO_SUPERUSER_CONNECTION: ***
job-core	Create database MongoDB	2026-02-28T18:47:46.6465057Z   MONGO_NEW_PASS: ***
job-core	Create database MongoDB	2026-02-28T18:47:46.6465521Z   MONGO_SCRIPT_CREATE: devops/core/mongo/scripts/mongodb_status_report.py
job-core	Create database MongoDB	2026-02-28T18:47:46.6465913Z   KAOS_CODE: 22526762257
job-core	Create database MongoDB	2026-02-28T18:47:46.6466135Z   REPORT_SCAN: audit/
job-core	Create database MongoDB	2026-02-28T18:47:46.6466353Z   REPORT_PATH: audit/mongodb/
job-core	Create database MongoDB	2026-02-28T18:47:46.6466600Z   REPORT_FILENAME: 22526762257.json
job-core	Create database MongoDB	2026-02-28T18:47:46.6466874Z   KAOS_MODULE: [Ka0s] Status MongDB Report
job-core	Create database MongoDB	2026-02-28T18:47:46.6467146Z   GITHUB_OUTPUT: 
job-core	Create database MongoDB	2026-02-28T18:47:46.6467539Z   pythonLocation: /home/runner/_work/_tool/Python/3.9.25/x64
job-core	Create database MongoDB	2026-02-28T18:47:46.6468006Z   PKG_CONFIG_PATH: /home/runner/_work/_tool/Python/3.9.25/x64/lib/pkgconfig
job-core	Create database MongoDB	2026-02-28T18:47:46.6468481Z   Python_ROOT_DIR: /home/runner/_work/_tool/Python/3.9.25/x64
job-core	Create database MongoDB	2026-02-28T18:47:46.6468893Z   Python2_ROOT_DIR: /home/runner/_work/_tool/Python/3.9.25/x64
job-core	Create database MongoDB	2026-02-28T18:47:46.6469309Z   Python3_ROOT_DIR: /home/runner/_work/_tool/Python/3.9.25/x64
job-core	Create database MongoDB	2026-02-28T18:47:46.6469724Z   LD_LIBRARY_PATH: /home/runner/_work/_tool/Python/3.9.25/x64/lib
job-core	Create database MongoDB	2026-02-28T18:47:46.6470334Z ##[endgroup]
job-core	Create database MongoDB	2026-02-28T18:47:47.1070485Z ‚úÖ Reporte generado exitosamente: audit/mongodb/22526762257.json
job-core	Create database MongoDB	2026-02-28T18:47:47.3598322Z Downloading files to MongoDB update repository ...
job-core	Create database MongoDB	2026-02-28T18:47:48.3003880Z Already up to date.
job-core	Create database MongoDB	2026-02-28T18:47:48.3012980Z Uploading files to MongoDB update repository ...
job-core	Create database MongoDB	2026-02-28T18:47:48.3550440Z [main 90266ed19] swarm-runners] Uploading files to MongoDB update repository ...
job-core	Create database MongoDB	2026-02-28T18:47:48.3550978Z  1 file changed, 33493 insertions(+)
job-core	Create database MongoDB	2026-02-28T18:47:48.3551305Z  create mode 100644 audit/mongodb/22526762257.json
job-core	Create database MongoDB	2026-02-28T18:47:49.4316441Z To https://github.com/Ka0s-Klaus/ka0s
job-core	Create database MongoDB	2026-02-28T18:47:49.4318108Z    53fb59c67..90266ed19  main -> main
job-core	Upload report	Ôªø2026-02-28T18:47:49.4860967Z ##[group]Run actions/upload-artifact@v4
job-core	Upload report	2026-02-28T18:47:49.4861963Z with:
job-core	Upload report	2026-02-28T18:47:49.4862573Z   name: mongo-setup-report
job-core	Upload report	2026-02-28T18:47:49.4863324Z   path: audit/mongodb/
job-core	Upload report	2026-02-28T18:47:49.4864026Z   if-no-files-found: warn
job-core	Upload report	2026-02-28T18:47:49.4865158Z   compression-level: 6
job-core	Upload report	2026-02-28T18:47:49.4865840Z   overwrite: false
job-core	Upload report	2026-02-28T18:47:49.4866499Z   include-hidden-files: false
job-core	Upload report	2026-02-28T18:47:49.4867222Z env:
job-core	Upload report	2026-02-28T18:47:49.4867775Z   PYTHON_VERSION: 3.9
job-core	Upload report	2026-02-28T18:47:49.4869992Z   MONGO_SUPERUSER_CONNECTION: ***
job-core	Upload report	2026-02-28T18:47:49.4871165Z   MONGO_NEW_PASS: ***
job-core	Upload report	2026-02-28T18:47:49.4872207Z   MONGO_SCRIPT_CREATE: devops/core/mongo/scripts/mongodb_status_report.py
job-core	Upload report	2026-02-28T18:47:49.4873444Z   KAOS_CODE: 22526762257
job-core	Upload report	2026-02-28T18:47:49.4874137Z   REPORT_SCAN: audit/
job-core	Upload report	2026-02-28T18:47:49.4875079Z   REPORT_PATH: audit/mongodb/
job-core	Upload report	2026-02-28T18:47:49.4875853Z   REPORT_FILENAME: 22526762257.json
job-core	Upload report	2026-02-28T18:47:49.4877603Z   KAOS_MODULE: [Ka0s] Status MongDB Report
job-core	Upload report	2026-02-28T18:47:49.4878549Z   GITHUB_OUTPUT: 
job-core	Upload report	2026-02-28T18:47:49.4879409Z   pythonLocation: /home/runner/_work/_tool/Python/3.9.25/x64
job-core	Upload report	2026-02-28T18:47:49.4880855Z   PKG_CONFIG_PATH: /home/runner/_work/_tool/Python/3.9.25/x64/lib/pkgconfig
job-core	Upload report	2026-02-28T18:47:49.4904950Z   Python_ROOT_DIR: /home/runner/_work/_tool/Python/3.9.25/x64
job-core	Upload report	2026-02-28T18:47:49.4906086Z   Python2_ROOT_DIR: /home/runner/_work/_tool/Python/3.9.25/x64
job-core	Upload report	2026-02-28T18:47:49.4907073Z   Python3_ROOT_DIR: /home/runner/_work/_tool/Python/3.9.25/x64
job-core	Upload report	2026-02-28T18:47:49.4908079Z   LD_LIBRARY_PATH: /home/runner/_work/_tool/Python/3.9.25/x64/lib
job-core	Upload report	2026-02-28T18:47:49.4908893Z ##[endgroup]
job-core	Upload report	2026-02-28T18:47:49.7484235Z With the provided path, there will be 2 files uploaded
job-core	Upload report	2026-02-28T18:47:49.7489656Z Artifact name is valid!
job-core	Upload report	2026-02-28T18:47:49.7490532Z Root directory input is valid!
job-core	Upload report	2026-02-28T18:47:50.1698061Z Beginning upload of artifact content to blob storage
job-core	Upload report	2026-02-28T18:47:50.9403605Z Uploaded bytes 128697
job-core	Upload report	2026-02-28T18:47:51.0490972Z Finished uploading artifact content to blob storage!
job-core	Upload report	2026-02-28T18:47:51.0493239Z SHA256 digest of uploaded artifact zip is b501119c1f3e8c5ab9a768340bf18a2166233abf3d1549e42f2c48727809c073
job-core	Upload report	2026-02-28T18:47:51.0495125Z Finalizing artifact upload
job-core	Upload report	2026-02-28T18:47:51.2269573Z Artifact mongo-setup-report.zip successfully finalized. Artifact ID 5704913160
job-core	Upload report	2026-02-28T18:47:51.2273206Z Artifact mongo-setup-report has been successfully uploaded! Final size is 128697 bytes. Artifact ID is 5704913160
job-core	Upload report	2026-02-28T18:47:51.2289568Z Artifact download URL: https://github.com/Ka0s-Klaus/ka0s/actions/runs/22526762257/artifacts/5704913160
job-core	Post Set up Python	Ôªø2026-02-28T18:47:51.2489077Z Post job cleanup.
job-core	Post Checkout code	Ôªø2026-02-28T18:47:51.4468149Z Post job cleanup.
job-core	Post Checkout code	2026-02-28T18:47:51.5560319Z [command]/usr/bin/git version
job-core	Post Checkout code	2026-02-28T18:47:51.5605227Z git version 2.53.0
job-core	Post Checkout code	2026-02-28T18:47:51.5647940Z Copying '/home/runner/.gitconfig' to '/home/runner/_work/_temp/5832b625-a71a-4395-8025-8584b7ea7507/.gitconfig'
job-core	Post Checkout code	2026-02-28T18:47:51.5659625Z Temporarily overriding HOME='/home/runner/_work/_temp/5832b625-a71a-4395-8025-8584b7ea7507' before making global git config changes
job-core	Post Checkout code	2026-02-28T18:47:51.5660909Z Adding repository directory to the temporary git global config as a safe directory
job-core	Post Checkout code	2026-02-28T18:47:51.5665648Z [command]/usr/bin/git config --global --add safe.directory /home/runner/_work/ka0s/ka0s
job-core	Post Checkout code	2026-02-28T18:47:51.5720846Z [command]/usr/bin/git config --local --name-only --get-regexp core\.sshCommand
job-core	Post Checkout code	2026-02-28T18:47:51.5767320Z [command]/usr/bin/git submodule foreach --recursive sh -c "git config --local --name-only --get-regexp 'core\.sshCommand' && git config --local --unset-all 'core.sshCommand' || :"
job-core	Post Checkout code	2026-02-28T18:47:51.6120601Z [command]/usr/bin/git config --local --name-only --get-regexp http\.https\:\/\/github\.com\/\.extraheader
job-core	Post Checkout code	2026-02-28T18:47:51.6152294Z http.https://github.com/.extraheader
job-core	Post Checkout code	2026-02-28T18:47:51.6165939Z [command]/usr/bin/git config --local --unset-all http.https://github.com/.extraheader
job-core	Post Checkout code	2026-02-28T18:47:51.6212518Z [command]/usr/bin/git submodule foreach --recursive sh -c "git config --local --name-only --get-regexp 'http\.https\:\/\/github\.com\/\.extraheader' && git config --local --unset-all 'http.https://github.com/.extraheader' || :"
job-core	Post Checkout code	2026-02-28T18:47:51.6554453Z [command]/usr/bin/git config --local --name-only --get-regexp ^includeIf\.gitdir:
job-core	Post Checkout code	2026-02-28T18:47:51.6600920Z [command]/usr/bin/git submodule foreach --recursive git config --local --show-origin --name-only --get-regexp remote.origin.url
job-core	Complete job	Ôªø2026-02-28T18:47:51.7131988Z Cleaning up orphan processes
handle-success	Set up job	Ôªø2026-02-28T18:48:04.9843917Z Current runner version: '2.332.0'
handle-success	Set up job	2026-02-28T18:48:04.9852989Z Runner name: 'swarm-runners-scaleset-hkss5-runner-slqrz'
handle-success	Set up job	2026-02-28T18:48:04.9854028Z Runner group name: 'Default'
handle-success	Set up job	2026-02-28T18:48:04.9855792Z Machine name: 'swarm-runners-scaleset-hkss5-runner-slqrz'
handle-success	Set up job	2026-02-28T18:48:04.9859766Z ##[group]GITHUB_TOKEN Permissions
handle-success	Set up job	2026-02-28T18:48:04.9862725Z Actions: write
handle-success	Set up job	2026-02-28T18:48:04.9863283Z Contents: write
handle-success	Set up job	2026-02-28T18:48:04.9863952Z Issues: write
handle-success	Set up job	2026-02-28T18:48:04.9864852Z Metadata: read
handle-success	Set up job	2026-02-28T18:48:04.9865681Z PullRequests: write
handle-success	Set up job	2026-02-28T18:48:04.9866397Z ##[endgroup]
handle-success	Set up job	2026-02-28T18:48:04.9868549Z Secret source: Actions
handle-success	Set up job	2026-02-28T18:48:04.9869301Z Prepare workflow directory
handle-success	Set up job	2026-02-28T18:48:05.0454004Z Prepare all required actions
handle-success	Set up job	2026-02-28T18:48:05.0495833Z Getting action download info
handle-success	Set up job	2026-02-28T18:48:05.6464867Z Download action repository 'actions/checkout@v4' (SHA:34e114876b0b11c390a56381ad16ebd13914f8d5)
handle-success	Set up job	2026-02-28T18:48:06.5665201Z Complete job name: handle-success
handle-success	Checkout code	Ôªø2026-02-28T18:48:06.6284030Z ##[group]Run actions/checkout@v4
handle-success	Checkout code	2026-02-28T18:48:06.6285363Z with:
handle-success	Checkout code	2026-02-28T18:48:06.6285785Z   fetch-depth: 0
handle-success	Checkout code	2026-02-28T18:48:06.6286218Z   repository: Ka0s-Klaus/ka0s
handle-success	Checkout code	2026-02-28T18:48:06.6286930Z   token: ***
handle-success	Checkout code	2026-02-28T18:48:06.6287326Z   ssh-strict: true
handle-success	Checkout code	2026-02-28T18:48:06.6287756Z   ssh-user: git
handle-success	Checkout code	2026-02-28T18:48:06.6288180Z   persist-credentials: true
handle-success	Checkout code	2026-02-28T18:48:06.6288641Z   clean: true
handle-success	Checkout code	2026-02-28T18:48:06.6289060Z   sparse-checkout-cone-mode: true
handle-success	Checkout code	2026-02-28T18:48:06.6289559Z   fetch-tags: false
handle-success	Checkout code	2026-02-28T18:48:06.6289972Z   show-progress: true
handle-success	Checkout code	2026-02-28T18:48:06.6290392Z   lfs: false
handle-success	Checkout code	2026-02-28T18:48:06.6290781Z   submodules: false
handle-success	Checkout code	2026-02-28T18:48:06.6291208Z   set-safe-directory: true
handle-success	Checkout code	2026-02-28T18:48:06.6291902Z env:
handle-success	Checkout code	2026-02-28T18:48:06.6292296Z   PYTHON_VERSION: 3.9
handle-success	Checkout code	2026-02-28T18:48:06.6293426Z   MONGO_SUPERUSER_CONNECTION: ***
handle-success	Checkout code	2026-02-28T18:48:06.6294101Z   MONGO_NEW_PASS: ***
handle-success	Checkout code	2026-02-28T18:48:06.6295250Z   MONGO_SCRIPT_CREATE: devops/core/mongo/scripts/mongodb_status_report.py
handle-success	Checkout code	2026-02-28T18:48:06.6296002Z   KAOS_CODE: 22526762257
handle-success	Checkout code	2026-02-28T18:48:06.6296430Z   REPORT_SCAN: audit/
handle-success	Checkout code	2026-02-28T18:48:06.6296857Z   REPORT_PATH: audit/mongodb/
handle-success	Checkout code	2026-02-28T18:48:06.6297331Z   REPORT_FILENAME: 22526762257.json
handle-success	Checkout code	2026-02-28T18:48:06.6297849Z   KAOS_MODULE: [Ka0s] Status MongDB Report
handle-success	Checkout code	2026-02-28T18:48:06.6298353Z ##[endgroup]
handle-success	Checkout code	2026-02-28T18:48:06.7567324Z Syncing repository: Ka0s-Klaus/ka0s
handle-success	Checkout code	2026-02-28T18:48:06.7569951Z ##[group]Getting Git version info
handle-success	Checkout code	2026-02-28T18:48:06.7570631Z Working directory is '/home/runner/_work/ka0s/ka0s'
handle-success	Checkout code	2026-02-28T18:48:06.7571603Z [command]/usr/bin/git version
handle-success	Checkout code	2026-02-28T18:48:06.7587925Z git version 2.53.0
handle-success	Checkout code	2026-02-28T18:48:06.7614423Z ##[endgroup]
handle-success	Checkout code	2026-02-28T18:48:06.7631528Z Temporarily overriding HOME='/home/runner/_work/_temp/5de15acd-3301-4846-a645-81ec9ff2b81b' before making global git config changes
handle-success	Checkout code	2026-02-28T18:48:06.7633337Z Adding repository directory to the temporary git global config as a safe directory
handle-success	Checkout code	2026-02-28T18:48:06.7637707Z [command]/usr/bin/git config --global --add safe.directory /home/runner/_work/ka0s/ka0s
handle-success	Checkout code	2026-02-28T18:48:06.7686452Z Deleting the contents of '/home/runner/_work/ka0s/ka0s'
handle-success	Checkout code	2026-02-28T18:48:06.7692729Z ##[group]Initializing the repository
handle-success	Checkout code	2026-02-28T18:48:06.7697617Z [command]/usr/bin/git init /home/runner/_work/ka0s/ka0s
handle-success	Checkout code	2026-02-28T18:48:06.7759242Z hint: Using 'master' as the name for the initial branch. This default branch name
handle-success	Checkout code	2026-02-28T18:48:06.7760349Z hint: will change to "main" in Git 3.0. To configure the initial branch name
handle-success	Checkout code	2026-02-28T18:48:06.7761289Z hint: to use in all of your new repositories, which will suppress this warning,
handle-success	Checkout code	2026-02-28T18:48:06.7785169Z hint: call:
handle-success	Checkout code	2026-02-28T18:48:06.7785883Z hint:
handle-success	Checkout code	2026-02-28T18:48:06.7786407Z hint: 	git config --global init.defaultBranch <name>
handle-success	Checkout code	2026-02-28T18:48:06.7787015Z hint:
handle-success	Checkout code	2026-02-28T18:48:06.7787587Z hint: Names commonly chosen instead of 'master' are 'main', 'trunk' and
handle-success	Checkout code	2026-02-28T18:48:06.7788511Z hint: 'development'. The just-created branch can be renamed via this command:
handle-success	Checkout code	2026-02-28T18:48:06.7789816Z hint:
handle-success	Checkout code	2026-02-28T18:48:06.7790223Z hint: 	git branch -m <name>
handle-success	Checkout code	2026-02-28T18:48:06.7790678Z hint:
handle-success	Checkout code	2026-02-28T18:48:06.7791293Z hint: Disable this message with "git config set advice.defaultBranchName false"
handle-success	Checkout code	2026-02-28T18:48:06.7792314Z Initialized empty Git repository in /home/runner/_work/ka0s/ka0s/.git/
handle-success	Checkout code	2026-02-28T18:48:06.7802195Z [command]/usr/bin/git remote add origin https://github.com/Ka0s-Klaus/ka0s
handle-success	Checkout code	2026-02-28T18:48:06.7823523Z ##[endgroup]
handle-success	Checkout code	2026-02-28T18:48:06.7824381Z ##[group]Disabling automatic garbage collection
handle-success	Checkout code	2026-02-28T18:48:06.7829488Z [command]/usr/bin/git config --local gc.auto 0
handle-success	Checkout code	2026-02-28T18:48:06.7871599Z ##[endgroup]
handle-success	Checkout code	2026-02-28T18:48:06.7872381Z ##[group]Setting up auth
handle-success	Checkout code	2026-02-28T18:48:06.7880320Z [command]/usr/bin/git config --local --name-only --get-regexp core\.sshCommand
handle-success	Checkout code	2026-02-28T18:48:06.7922675Z [command]/usr/bin/git submodule foreach --recursive sh -c "git config --local --name-only --get-regexp 'core\.sshCommand' && git config --local --unset-all 'core.sshCommand' || :"
handle-success	Checkout code	2026-02-28T18:48:06.8252966Z [command]/usr/bin/git config --local --name-only --get-regexp http\.https\:\/\/github\.com\/\.extraheader
handle-success	Checkout code	2026-02-28T18:48:06.8291535Z [command]/usr/bin/git submodule foreach --recursive sh -c "git config --local --name-only --get-regexp 'http\.https\:\/\/github\.com\/\.extraheader' && git config --local --unset-all 'http.https://github.com/.extraheader' || :"
handle-success	Checkout code	2026-02-28T18:48:06.8620296Z [command]/usr/bin/git config --local --name-only --get-regexp ^includeIf\.gitdir:
handle-success	Checkout code	2026-02-28T18:48:06.8662139Z [command]/usr/bin/git submodule foreach --recursive git config --local --show-origin --name-only --get-regexp remote.origin.url
handle-success	Checkout code	2026-02-28T18:48:06.8991430Z [command]/usr/bin/git config --local http.https://github.com/.extraheader AUTHORIZATION: basic ***
handle-success	Checkout code	2026-02-28T18:48:06.9044447Z ##[endgroup]
handle-success	Checkout code	2026-02-28T18:48:06.9046528Z ##[group]Fetching the repository
handle-success	Checkout code	2026-02-28T18:48:06.9053229Z [command]/usr/bin/git -c protocol.version=2 fetch --prune --no-recurse-submodules origin +refs/heads/*:refs/remotes/origin/* +refs/tags/*:refs/tags/*
handle-success	Checkout code	2026-02-28T18:48:29.9956747Z From https://github.com/Ka0s-Klaus/ka0s
handle-success	Checkout code	2026-02-28T18:48:29.9957502Z  * [new branch]          F3450-modelo-operativo -> origin/F3450-modelo-operativo
handle-success	Checkout code	2026-02-28T18:48:29.9958162Z  * [new branch]          H1276-modulo-observabilidad -> origin/H1276-modulo-observabilidad
handle-success	Checkout code	2026-02-28T18:48:29.9958770Z  * [new branch]          H3596-deploy-itop      -> origin/H3596-deploy-itop
handle-success	Checkout code	2026-02-28T18:48:29.9959787Z  * [new branch]          H4170-flujo-detallado-zabbix---github -> origin/H4170-flujo-detallado-zabbix---github
handle-success	Checkout code	2026-02-28T18:48:29.9960561Z  * [new branch]          H4191-request-cambios  -> origin/H4191-request-cambios
handle-success	Checkout code	2026-02-28T18:48:29.9961317Z  * [new branch]          H4200-request-recomendaciones-de-auditoria -> origin/H4200-request-recomendaciones-de-auditoria
handle-success	Checkout code	2026-02-28T18:48:29.9962021Z  * [new branch]          main                   -> origin/main
handle-success	Checkout code	2026-02-28T18:48:29.9962475Z  * [new tag]             0.0.0                  -> 0.0.0
handle-success	Checkout code	2026-02-28T18:48:29.9963029Z  * [new tag]             0.0.1                  -> 0.0.1
handle-success	Checkout code	2026-02-28T18:48:29.9963468Z  * [new tag]             0.0.10                 -> 0.0.10
handle-success	Checkout code	2026-02-28T18:48:29.9963879Z  * [new tag]             0.0.100                -> 0.0.100
handle-success	Checkout code	2026-02-28T18:48:29.9964292Z  * [new tag]             0.0.101                -> 0.0.101
handle-success	Checkout code	2026-02-28T18:48:29.9965230Z  * [new tag]             0.0.102                -> 0.0.102
handle-success	Checkout code	2026-02-28T18:48:29.9965665Z  * [new tag]             0.0.103                -> 0.0.103
handle-success	Checkout code	2026-02-28T18:48:29.9966108Z  * [new tag]             0.0.104                -> 0.0.104
handle-success	Checkout code	2026-02-28T18:48:29.9966497Z  * [new tag]             0.0.105                -> 0.0.105
handle-success	Checkout code	2026-02-28T18:48:29.9966898Z  * [new tag]             0.0.106                -> 0.0.106
handle-success	Checkout code	2026-02-28T18:48:29.9967300Z  * [new tag]             0.0.107                -> 0.0.107
handle-success	Checkout code	2026-02-28T18:48:29.9967724Z  * [new tag]             0.0.108                -> 0.0.108
handle-success	Checkout code	2026-02-28T18:48:29.9968554Z  * [new tag]             0.0.109                -> 0.0.109
handle-success	Checkout code	2026-02-28T18:48:29.9969082Z  * [new tag]             0.0.11                 -> 0.0.11
handle-success	Checkout code	2026-02-28T18:48:29.9969462Z  * [new tag]             0.0.110                -> 0.0.110
handle-success	Checkout code	2026-02-28T18:48:29.9969840Z  * [new tag]             0.0.111                -> 0.0.111
handle-success	Checkout code	2026-02-28T18:48:29.9970282Z  * [new tag]             0.0.112                -> 0.0.112
handle-success	Checkout code	2026-02-28T18:48:29.9970666Z  * [new tag]             0.0.113                -> 0.0.113
handle-success	Checkout code	2026-02-28T18:48:29.9971043Z  * [new tag]             0.0.114                -> 0.0.114
handle-success	Checkout code	2026-02-28T18:48:29.9971436Z  * [new tag]             0.0.115                -> 0.0.115
handle-success	Checkout code	2026-02-28T18:48:29.9971823Z  * [new tag]             0.0.116                -> 0.0.116
handle-success	Checkout code	2026-02-28T18:48:29.9972287Z  * [new tag]             0.0.117                -> 0.0.117
handle-success	Checkout code	2026-02-28T18:48:29.9972723Z  * [new tag]             0.0.118                -> 0.0.118
handle-success	Checkout code	2026-02-28T18:48:29.9973109Z  * [new tag]             0.0.119                -> 0.0.119
handle-success	Checkout code	2026-02-28T18:48:29.9973871Z  * [new tag]             0.0.12                 -> 0.0.12
handle-success	Checkout code	2026-02-28T18:48:29.9974252Z  * [new tag]             0.0.120                -> 0.0.120
handle-success	Checkout code	2026-02-28T18:48:29.9974847Z  * [new tag]             0.0.121                -> 0.0.121
handle-success	Checkout code	2026-02-28T18:48:29.9975235Z  * [new tag]             0.0.122                -> 0.0.122
handle-success	Checkout code	2026-02-28T18:48:29.9975634Z  * [new tag]             0.0.123                -> 0.0.123
handle-success	Checkout code	2026-02-28T18:48:29.9976026Z  * [new tag]             0.0.124                -> 0.0.124
handle-success	Checkout code	2026-02-28T18:48:29.9976418Z  * [new tag]             0.0.125                -> 0.0.125
handle-success	Checkout code	2026-02-28T18:48:29.9976808Z  * [new tag]             0.0.126                -> 0.0.126
handle-success	Checkout code	2026-02-28T18:48:29.9977199Z  * [new tag]             0.0.127                -> 0.0.127
handle-success	Checkout code	2026-02-28T18:48:29.9977592Z  * [new tag]             0.0.128                -> 0.0.128
handle-success	Checkout code	2026-02-28T18:48:29.9977987Z  * [new tag]             0.0.129                -> 0.0.129
handle-success	Checkout code	2026-02-28T18:48:29.9978430Z  * [new tag]             0.0.13                 -> 0.0.13
handle-success	Checkout code	2026-02-28T18:48:29.9978862Z  * [new tag]             0.0.130                -> 0.0.130
handle-success	Checkout code	2026-02-28T18:48:29.9979248Z  * [new tag]             0.0.131                -> 0.0.131
handle-success	Checkout code	2026-02-28T18:48:29.9979641Z  * [new tag]             0.0.132                -> 0.0.132
handle-success	Checkout code	2026-02-28T18:48:29.9980033Z  * [new tag]             0.0.133                -> 0.0.133
handle-success	Checkout code	2026-02-28T18:48:29.9980426Z  * [new tag]             0.0.134                -> 0.0.134
handle-success	Checkout code	2026-02-28T18:48:29.9980816Z  * [new tag]             0.0.135                -> 0.0.135
handle-success	Checkout code	2026-02-28T18:48:29.9981204Z  * [new tag]             0.0.136                -> 0.0.136
handle-success	Checkout code	2026-02-28T18:48:29.9981601Z  * [new tag]             0.0.137                -> 0.0.137
handle-success	Checkout code	2026-02-28T18:48:29.9981992Z  * [new tag]             0.0.138                -> 0.0.138
handle-success	Checkout code	2026-02-28T18:48:29.9982383Z  * [new tag]             0.0.139                -> 0.0.139
handle-success	Checkout code	2026-02-28T18:48:29.9982778Z  * [new tag]             0.0.14                 -> 0.0.14
handle-success	Checkout code	2026-02-28T18:48:29.9983180Z  * [new tag]             0.0.140                -> 0.0.140
handle-success	Checkout code	2026-02-28T18:48:29.9983573Z  * [new tag]             0.0.141                -> 0.0.141
handle-success	Checkout code	2026-02-28T18:48:30.0058735Z  * [new tag]             0.0.142                -> 0.0.142
handle-success	Checkout code	2026-02-28T18:48:30.0059389Z  * [new tag]             0.0.143                -> 0.0.143
handle-success	Checkout code	2026-02-28T18:48:30.0059834Z  * [new tag]             0.0.144                -> 0.0.144
handle-success	Checkout code	2026-02-28T18:48:30.0060248Z  * [new tag]             0.0.145                -> 0.0.145
handle-success	Checkout code	2026-02-28T18:48:30.0060662Z  * [new tag]             0.0.146                -> 0.0.146
handle-success	Checkout code	2026-02-28T18:48:30.0061046Z  * [new tag]             0.0.147                -> 0.0.147
handle-success	Checkout code	2026-02-28T18:48:30.0061474Z  * [new tag]             0.0.148                -> 0.0.148
handle-success	Checkout code	2026-02-28T18:48:30.0061867Z  * [new tag]             0.0.149                -> 0.0.149
handle-success	Checkout code	2026-02-28T18:48:30.0062277Z  * [new tag]             0.0.15                 -> 0.0.15
handle-success	Checkout code	2026-02-28T18:48:30.0062679Z  * [new tag]             0.0.150                -> 0.0.150
handle-success	Checkout code	2026-02-28T18:48:30.0063470Z  * [new tag]             0.0.151                -> 0.0.151
handle-success	Checkout code	2026-02-28T18:48:30.0063868Z  * [new tag]             0.0.152                -> 0.0.152
handle-success	Checkout code	2026-02-28T18:48:30.0064267Z  * [new tag]             0.0.153                -> 0.0.153
handle-success	Checkout code	2026-02-28T18:48:30.0065186Z  * [new tag]             0.0.154                -> 0.0.154
handle-success	Checkout code	2026-02-28T18:48:30.0065584Z  * [new tag]             0.0.155                -> 0.0.155
handle-success	Checkout code	2026-02-28T18:48:30.0066223Z  * [new tag]             0.0.156                -> 0.0.156
handle-success	Checkout code	2026-02-28T18:48:30.0066614Z  * [new tag]             0.0.157                -> 0.0.157
handle-success	Checkout code	2026-02-28T18:48:30.0067006Z  * [new tag]             0.0.158                -> 0.0.158
handle-success	Checkout code	2026-02-28T18:48:30.0067397Z  * [new tag]             0.0.159                -> 0.0.159
handle-success	Checkout code	2026-02-28T18:48:30.0067794Z  * [new tag]             0.0.16                 -> 0.0.16
handle-success	Checkout code	2026-02-28T18:48:30.0068185Z  * [new tag]             0.0.160                -> 0.0.160
handle-success	Checkout code	2026-02-28T18:48:30.0068575Z  * [new tag]             0.0.161                -> 0.0.161
handle-success	Checkout code	2026-02-28T18:48:30.0069246Z  * [new tag]             0.0.162                -> 0.0.162
handle-success	Checkout code	2026-02-28T18:48:30.0069627Z  * [new tag]             0.0.163                -> 0.0.163
handle-success	Checkout code	2026-02-28T18:48:30.0070013Z  * [new tag]             0.0.164                -> 0.0.164
handle-success	Checkout code	2026-02-28T18:48:30.0070402Z  * [new tag]             0.0.165                -> 0.0.165
handle-success	Checkout code	2026-02-28T18:48:30.0070796Z  * [new tag]             0.0.166                -> 0.0.166
handle-success	Checkout code	2026-02-28T18:48:30.0071176Z  * [new tag]             0.0.167                -> 0.0.167
handle-success	Checkout code	2026-02-28T18:48:30.0071565Z  * [new tag]             0.0.168                -> 0.0.168
handle-success	Checkout code	2026-02-28T18:48:30.0071957Z  * [new tag]             0.0.169                -> 0.0.169
handle-success	Checkout code	2026-02-28T18:48:30.0072508Z  * [new tag]             0.0.17                 -> 0.0.17
handle-success	Checkout code	2026-02-28T18:48:30.0072900Z  * [new tag]             0.0.170                -> 0.0.170
handle-success	Checkout code	2026-02-28T18:48:30.0073287Z  * [new tag]             0.0.171                -> 0.0.171
handle-success	Checkout code	2026-02-28T18:48:30.0073697Z  * [new tag]             0.0.172                -> 0.0.172
handle-success	Checkout code	2026-02-28T18:48:30.0074084Z  * [new tag]             0.0.173                -> 0.0.173
handle-success	Checkout code	2026-02-28T18:48:30.0074649Z  * [new tag]             0.0.174                -> 0.0.174
handle-success	Checkout code	2026-02-28T18:48:30.0075101Z  * [new tag]             0.0.175                -> 0.0.175
handle-success	Checkout code	2026-02-28T18:48:30.0075530Z  * [new tag]             0.0.176                -> 0.0.176
handle-success	Checkout code	2026-02-28T18:48:30.0075920Z  * [new tag]             0.0.177                -> 0.0.177
handle-success	Checkout code	2026-02-28T18:48:30.0076306Z  * [new tag]             0.0.178                -> 0.0.178
handle-success	Checkout code	2026-02-28T18:48:30.0076697Z  * [new tag]             0.0.179                -> 0.0.179
handle-success	Checkout code	2026-02-28T18:48:30.0077095Z  * [new tag]             0.0.18                 -> 0.0.18
handle-success	Checkout code	2026-02-28T18:48:30.0077604Z  * [new tag]             0.0.19                 -> 0.0.19
handle-success	Checkout code	2026-02-28T18:48:30.0077987Z  * [new tag]             0.0.2                  -> 0.0.2
handle-success	Checkout code	2026-02-28T18:48:30.0078360Z  * [new tag]             0.0.20                 -> 0.0.20
handle-success	Checkout code	2026-02-28T18:48:30.0078754Z  * [new tag]             0.0.21                 -> 0.0.21
handle-success	Checkout code	2026-02-28T18:48:30.0079130Z  * [new tag]             0.0.22                 -> 0.0.22
handle-success	Checkout code	2026-02-28T18:48:30.0079509Z  * [new tag]             0.0.23                 -> 0.0.23
handle-success	Checkout code	2026-02-28T18:48:30.0079883Z  * [new tag]             0.0.24                 -> 0.0.24
handle-success	Checkout code	2026-02-28T18:48:30.0080263Z  * [new tag]             0.0.25                 -> 0.0.25
handle-success	Checkout code	2026-02-28T18:48:30.0080644Z  * [new tag]             0.0.26                 -> 0.0.26
handle-success	Checkout code	2026-02-28T18:48:30.0081023Z  * [new tag]             0.0.27                 -> 0.0.27
handle-success	Checkout code	2026-02-28T18:48:30.0081398Z  * [new tag]             0.0.28                 -> 0.0.28
handle-success	Checkout code	2026-02-28T18:48:30.0081777Z  * [new tag]             0.0.29                 -> 0.0.29
handle-success	Checkout code	2026-02-28T18:48:30.0082156Z  * [new tag]             0.0.3                  -> 0.0.3
handle-success	Checkout code	2026-02-28T18:48:30.0082526Z  * [new tag]             0.0.30                 -> 0.0.30
handle-success	Checkout code	2026-02-28T18:48:30.0082902Z  * [new tag]             0.0.31                 -> 0.0.31
handle-success	Checkout code	2026-02-28T18:48:30.0083545Z  * [new tag]             0.0.32                 -> 0.0.32
handle-success	Checkout code	2026-02-28T18:48:30.0083921Z  * [new tag]             0.0.33                 -> 0.0.33
handle-success	Checkout code	2026-02-28T18:48:30.0084291Z  * [new tag]             0.0.34                 -> 0.0.34
handle-success	Checkout code	2026-02-28T18:48:30.0084997Z  * [new tag]             0.0.35                 -> 0.0.35
handle-success	Checkout code	2026-02-28T18:48:30.0085635Z  * [new tag]             0.0.36                 -> 0.0.36
handle-success	Checkout code	2026-02-28T18:48:30.0086009Z  * [new tag]             0.0.37                 -> 0.0.37
handle-success	Checkout code	2026-02-28T18:48:30.0086387Z  * [new tag]             0.0.38                 -> 0.0.38
handle-success	Checkout code	2026-02-28T18:48:30.0086759Z  * [new tag]             0.0.39                 -> 0.0.39
handle-success	Checkout code	2026-02-28T18:48:30.0087134Z  * [new tag]             0.0.4                  -> 0.0.4
handle-success	Checkout code	2026-02-28T18:48:30.0087508Z  * [new tag]             0.0.40                 -> 0.0.40
handle-success	Checkout code	2026-02-28T18:48:30.0087883Z  * [new tag]             0.0.41                 -> 0.0.41
handle-success	Checkout code	2026-02-28T18:48:30.0088257Z  * [new tag]             0.0.42                 -> 0.0.42
handle-success	Checkout code	2026-02-28T18:48:30.0088840Z  * [new tag]             0.0.43                 -> 0.0.43
handle-success	Checkout code	2026-02-28T18:48:30.0089221Z  * [new tag]             0.0.44                 -> 0.0.44
handle-success	Checkout code	2026-02-28T18:48:30.0089597Z  * [new tag]             0.0.45                 -> 0.0.45
handle-success	Checkout code	2026-02-28T18:48:30.0089969Z  * [new tag]             0.0.46                 -> 0.0.46
handle-success	Checkout code	2026-02-28T18:48:30.0090337Z  * [new tag]             0.0.47                 -> 0.0.47
handle-success	Checkout code	2026-02-28T18:48:30.0090709Z  * [new tag]             0.0.48                 -> 0.0.48
handle-success	Checkout code	2026-02-28T18:48:30.0091083Z  * [new tag]             0.0.49                 -> 0.0.49
handle-success	Checkout code	2026-02-28T18:48:30.0091459Z  * [new tag]             0.0.5                  -> 0.0.5
handle-success	Checkout code	2026-02-28T18:48:30.0091836Z  * [new tag]             0.0.50                 -> 0.0.50
handle-success	Checkout code	2026-02-28T18:48:30.0092206Z  * [new tag]             0.0.51                 -> 0.0.51
handle-success	Checkout code	2026-02-28T18:48:30.0092583Z  * [new tag]             0.0.52                 -> 0.0.52
handle-success	Checkout code	2026-02-28T18:48:30.0092974Z  * [new tag]             0.0.53                 -> 0.0.53
handle-success	Checkout code	2026-02-28T18:48:30.0093348Z  * [new tag]             0.0.54                 -> 0.0.54
handle-success	Checkout code	2026-02-28T18:48:30.0093723Z  * [new tag]             0.0.55                 -> 0.0.55
handle-success	Checkout code	2026-02-28T18:48:30.0094096Z  * [new tag]             0.0.56                 -> 0.0.56
handle-success	Checkout code	2026-02-28T18:48:30.0094467Z  * [new tag]             0.0.57                 -> 0.0.57
handle-success	Checkout code	2026-02-28T18:48:30.0095238Z  * [new tag]             0.0.58                 -> 0.0.58
handle-success	Checkout code	2026-02-28T18:48:30.0095618Z  * [new tag]             0.0.59                 -> 0.0.59
handle-success	Checkout code	2026-02-28T18:48:30.0095989Z  * [new tag]             0.0.6                  -> 0.0.6
handle-success	Checkout code	2026-02-28T18:48:30.0096364Z  * [new tag]             0.0.60                 -> 0.0.60
handle-success	Checkout code	2026-02-28T18:48:30.0096738Z  * [new tag]             0.0.61                 -> 0.0.61
handle-success	Checkout code	2026-02-28T18:48:30.0097114Z  * [new tag]             0.0.62                 -> 0.0.62
handle-success	Checkout code	2026-02-28T18:48:30.0097494Z  * [new tag]             0.0.63                 -> 0.0.63
handle-success	Checkout code	2026-02-28T18:48:30.0097882Z  * [new tag]             0.0.64                 -> 0.0.64
handle-success	Checkout code	2026-02-28T18:48:30.0098259Z  * [new tag]             0.0.65                 -> 0.0.65
handle-success	Checkout code	2026-02-28T18:48:30.0098634Z  * [new tag]             0.0.66                 -> 0.0.66
handle-success	Checkout code	2026-02-28T18:48:30.0099013Z  * [new tag]             0.0.67                 -> 0.0.67
handle-success	Checkout code	2026-02-28T18:48:30.0099389Z  * [new tag]             0.0.68                 -> 0.0.68
handle-success	Checkout code	2026-02-28T18:48:30.0099759Z  * [new tag]             0.0.69                 -> 0.0.69
handle-success	Checkout code	2026-02-28T18:48:30.0100142Z  * [new tag]             0.0.7                  -> 0.0.7
handle-success	Checkout code	2026-02-28T18:48:30.0100514Z  * [new tag]             0.0.70                 -> 0.0.70
handle-success	Checkout code	2026-02-28T18:48:30.0101166Z  * [new tag]             0.0.71                 -> 0.0.71
handle-success	Checkout code	2026-02-28T18:48:30.0101539Z  * [new tag]             0.0.72                 -> 0.0.72
handle-success	Checkout code	2026-02-28T18:48:30.0102028Z  * [new tag]             0.0.73                 -> 0.0.73
handle-success	Checkout code	2026-02-28T18:48:30.0102395Z  * [new tag]             0.0.74                 -> 0.0.74
handle-success	Checkout code	2026-02-28T18:48:30.0103004Z  * [new tag]             0.0.75                 -> 0.0.75
handle-success	Checkout code	2026-02-28T18:48:30.0103371Z  * [new tag]             0.0.76                 -> 0.0.76
handle-success	Checkout code	2026-02-28T18:48:30.0103730Z  * [new tag]             0.0.77                 -> 0.0.77
handle-success	Checkout code	2026-02-28T18:48:30.0104097Z  * [new tag]             0.0.78                 -> 0.0.78
handle-success	Checkout code	2026-02-28T18:48:30.0104461Z  * [new tag]             0.0.79                 -> 0.0.79
handle-success	Checkout code	2026-02-28T18:48:30.0105394Z  * [new tag]             0.0.8                  -> 0.0.8
handle-success	Checkout code	2026-02-28T18:48:30.0105767Z  * [new tag]             0.0.80                 -> 0.0.80
handle-success	Checkout code	2026-02-28T18:48:30.0106128Z  * [new tag]             0.0.81                 -> 0.0.81
handle-success	Checkout code	2026-02-28T18:48:30.0106491Z  * [new tag]             0.0.82                 -> 0.0.82
handle-success	Checkout code	2026-02-28T18:48:30.0106856Z  * [new tag]             0.0.83                 -> 0.0.83
handle-success	Checkout code	2026-02-28T18:48:30.0107224Z  * [new tag]             0.0.84                 -> 0.0.84
handle-success	Checkout code	2026-02-28T18:48:30.0107589Z  * [new tag]             0.0.85                 -> 0.0.85
handle-success	Checkout code	2026-02-28T18:48:30.0108186Z  * [new tag]             0.0.86                 -> 0.0.86
handle-success	Checkout code	2026-02-28T18:48:30.0108558Z  * [new tag]             0.0.87                 -> 0.0.87
handle-success	Checkout code	2026-02-28T18:48:30.0108924Z  * [new tag]             0.0.88                 -> 0.0.88
handle-success	Checkout code	2026-02-28T18:48:30.0109290Z  * [new tag]             0.0.89                 -> 0.0.89
handle-success	Checkout code	2026-02-28T18:48:30.0109655Z  * [new tag]             0.0.9                  -> 0.0.9
handle-success	Checkout code	2026-02-28T18:48:30.0110019Z  * [new tag]             0.0.90                 -> 0.0.90
handle-success	Checkout code	2026-02-28T18:48:30.0110386Z  * [new tag]             0.0.91                 -> 0.0.91
handle-success	Checkout code	2026-02-28T18:48:30.0110747Z  * [new tag]             0.0.92                 -> 0.0.92
handle-success	Checkout code	2026-02-28T18:48:30.0111118Z  * [new tag]             0.0.93                 -> 0.0.93
handle-success	Checkout code	2026-02-28T18:48:30.0111479Z  * [new tag]             0.0.94                 -> 0.0.94
handle-success	Checkout code	2026-02-28T18:48:30.0111847Z  * [new tag]             0.0.95                 -> 0.0.95
handle-success	Checkout code	2026-02-28T18:48:30.0112227Z  * [new tag]             0.0.96                 -> 0.0.96
handle-success	Checkout code	2026-02-28T18:48:30.0112605Z  * [new tag]             0.0.97                 -> 0.0.97
handle-success	Checkout code	2026-02-28T18:48:30.0112975Z  * [new tag]             0.0.98                 -> 0.0.98
handle-success	Checkout code	2026-02-28T18:48:30.0113333Z  * [new tag]             0.0.99                 -> 0.0.99
handle-success	Checkout code	2026-02-28T18:48:30.0113705Z  * [new tag]             0.1.0                  -> 0.1.0
handle-success	Checkout code	2026-02-28T18:48:30.0114074Z  * [new tag]             0.1.1                  -> 0.1.1
handle-success	Checkout code	2026-02-28T18:48:30.0114436Z  * [new tag]             0.2.0                  -> 0.2.0
handle-success	Checkout code	2026-02-28T18:48:30.0115232Z  * [new tag]             0.3.0                  -> 0.3.0
handle-success	Checkout code	2026-02-28T18:48:30.0115608Z  * [new tag]             0.3.1                  -> 0.3.1
handle-success	Checkout code	2026-02-28T18:48:30.0116118Z  * [new tag]             0.3.10                 -> 0.3.10
handle-success	Checkout code	2026-02-28T18:48:30.0116482Z  * [new tag]             0.3.11                 -> 0.3.11
handle-success	Checkout code	2026-02-28T18:48:30.0116846Z  * [new tag]             0.3.12                 -> 0.3.12
handle-success	Checkout code	2026-02-28T18:48:30.0117225Z  * [new tag]             0.3.13                 -> 0.3.13
handle-success	Checkout code	2026-02-28T18:48:30.0117592Z  * [new tag]             0.3.14                 -> 0.3.14
handle-success	Checkout code	2026-02-28T18:48:30.0117956Z  * [new tag]             0.3.15                 -> 0.3.15
handle-success	Checkout code	2026-02-28T18:48:30.0118316Z  * [new tag]             0.3.16                 -> 0.3.16
handle-success	Checkout code	2026-02-28T18:48:30.0118680Z  * [new tag]             0.3.17                 -> 0.3.17
handle-success	Checkout code	2026-02-28T18:48:30.0119047Z  * [new tag]             0.3.2                  -> 0.3.2
handle-success	Checkout code	2026-02-28T18:48:30.0119410Z  * [new tag]             0.3.3                  -> 0.3.3
handle-success	Checkout code	2026-02-28T18:48:30.0119769Z  * [new tag]             0.3.4                  -> 0.3.4
handle-success	Checkout code	2026-02-28T18:48:30.0120133Z  * [new tag]             0.3.5                  -> 0.3.5
handle-success	Checkout code	2026-02-28T18:48:30.0120495Z  * [new tag]             0.3.6                  -> 0.3.6
handle-success	Checkout code	2026-02-28T18:48:30.0120857Z  * [new tag]             0.3.7                  -> 0.3.7
handle-success	Checkout code	2026-02-28T18:48:30.0121218Z  * [new tag]             0.3.8                  -> 0.3.8
handle-success	Checkout code	2026-02-28T18:48:30.0121795Z  * [new tag]             0.3.9                  -> 0.3.9
handle-success	Checkout code	2026-02-28T18:48:30.0122163Z  * [new tag]             0.4.0                  -> 0.4.0
handle-success	Checkout code	2026-02-28T18:48:30.0122525Z  * [new tag]             0.4.1                  -> 0.4.1
handle-success	Checkout code	2026-02-28T18:48:30.0122886Z  * [new tag]             0.4.2                  -> 0.4.2
handle-success	Checkout code	2026-02-28T18:48:30.0123538Z  * [new tag]             0.4.3                  -> 0.4.3
handle-success	Checkout code	2026-02-28T18:48:30.0123914Z  * [new tag]             0.4.4                  -> 0.4.4
handle-success	Checkout code	2026-02-28T18:48:30.0124297Z  * [new tag]             0.4.5                  -> 0.4.5
handle-success	Checkout code	2026-02-28T18:48:30.0124855Z  * [new tag]             0.4.6                  -> 0.4.6
handle-success	Checkout code	2026-02-28T18:48:30.0125239Z  * [new tag]             0.4.7                  -> 0.4.7
handle-success	Checkout code	2026-02-28T18:48:30.0125608Z  * [new tag]             0.4.8                  -> 0.4.8
handle-success	Checkout code	2026-02-28T18:48:30.0125981Z  * [new tag]             0.4.9                  -> 0.4.9
handle-success	Checkout code	2026-02-28T18:48:30.0126468Z  * [new tag]             0.5.0                  -> 0.5.0
handle-success	Checkout code	2026-02-28T18:48:30.0127075Z  * [new tag]             0.5.1                  -> 0.5.1
handle-success	Checkout code	2026-02-28T18:48:30.0127438Z  * [new tag]             0.5.2                  -> 0.5.2
handle-success	Checkout code	2026-02-28T18:48:30.0127796Z  * [new tag]             0.6.0                  -> 0.6.0
handle-success	Checkout code	2026-02-28T18:48:30.0128159Z  * [new tag]             0.6.1                  -> 0.6.1
handle-success	Checkout code	2026-02-28T18:48:30.0128521Z  * [new tag]             0.6.2                  -> 0.6.2
handle-success	Checkout code	2026-02-28T18:48:30.0128882Z  * [new tag]             0.6.3                  -> 0.6.3
handle-success	Checkout code	2026-02-28T18:48:30.0129245Z  * [new tag]             0.6.4                  -> 0.6.4
handle-success	Checkout code	2026-02-28T18:48:30.0129604Z  * [new tag]             0.6.5                  -> 0.6.5
handle-success	Checkout code	2026-02-28T18:48:30.0129966Z  * [new tag]             0.6.6                  -> 0.6.6
handle-success	Checkout code	2026-02-28T18:48:30.0372571Z [command]/usr/bin/git branch --list --remote origin/main
handle-success	Checkout code	2026-02-28T18:48:30.0451665Z   origin/main
handle-success	Checkout code	2026-02-28T18:48:30.0463838Z [command]/usr/bin/git rev-parse refs/remotes/origin/main
handle-success	Checkout code	2026-02-28T18:48:30.0496262Z 90266ed1964039ae66c291bc26db25e25ff457e5
handle-success	Checkout code	2026-02-28T18:48:30.0510408Z [command]/usr/bin/git -c protocol.version=2 fetch --no-tags --prune --no-recurse-submodules origin +53fb59c674c8e74d07b2d93c7bcf190b8e0a722a:refs/remotes/origin/main
handle-success	Checkout code	2026-02-28T18:48:30.0700928Z From https://github.com/Ka0s-Klaus/ka0s
handle-success	Checkout code	2026-02-28T18:48:30.0701702Z  + 90266ed19...53fb59c67 53fb59c674c8e74d07b2d93c7bcf190b8e0a722a -> origin/main  (forced update)
handle-success	Checkout code	2026-02-28T18:48:30.0741337Z ##[endgroup]
handle-success	Checkout code	2026-02-28T18:48:30.0741943Z ##[group]Determining the checkout info
handle-success	Checkout code	2026-02-28T18:48:30.0742470Z ##[endgroup]
handle-success	Checkout code	2026-02-28T18:48:30.0748023Z [command]/usr/bin/git sparse-checkout disable
handle-success	Checkout code	2026-02-28T18:48:30.0805744Z [command]/usr/bin/git config --local --unset-all extensions.worktreeConfig
handle-success	Checkout code	2026-02-28T18:48:30.0861638Z ##[group]Checking out the ref
handle-success	Checkout code	2026-02-28T18:48:30.0862445Z [command]/usr/bin/git checkout --progress --force -B main refs/remotes/origin/main
handle-success	Checkout code	2026-02-28T18:48:30.3469599Z Switched to a new branch 'main'
handle-success	Checkout code	2026-02-28T18:48:30.3473475Z branch 'main' set up to track 'origin/main'.
handle-success	Checkout code	2026-02-28T18:48:30.3515020Z ##[endgroup]
handle-success	Checkout code	2026-02-28T18:48:30.3570983Z [command]/usr/bin/git log -1 --format=%H
handle-success	Checkout code	2026-02-28T18:48:30.3603523Z 53fb59c674c8e74d07b2d93c7bcf190b8e0a722a
handle-success	handle-success-execution	Ôªø2026-02-28T18:48:30.3852446Z ##[group]Run echo "Process completed successfully 22526762257"
handle-success	handle-success-execution	2026-02-28T18:48:30.3853060Z [36;1mecho "Process completed successfully 22526762257"[0m
handle-success	handle-success-execution	2026-02-28T18:48:30.3868680Z shell: /usr/bin/bash -e {0}
handle-success	handle-success-execution	2026-02-28T18:48:30.3869023Z env:
handle-success	handle-success-execution	2026-02-28T18:48:30.3869264Z   PYTHON_VERSION: 3.9
handle-success	handle-success-execution	2026-02-28T18:48:30.3870272Z   MONGO_SUPERUSER_CONNECTION: ***
handle-success	handle-success-execution	2026-02-28T18:48:30.3870734Z   MONGO_NEW_PASS: ***
handle-success	handle-success-execution	2026-02-28T18:48:30.3871113Z   MONGO_SCRIPT_CREATE: devops/core/mongo/scripts/mongodb_status_report.py
handle-success	handle-success-execution	2026-02-28T18:48:30.3871553Z   KAOS_CODE: 22526762257
handle-success	handle-success-execution	2026-02-28T18:48:30.3871824Z   REPORT_SCAN: audit/
handle-success	handle-success-execution	2026-02-28T18:48:30.3872123Z   REPORT_PATH: audit/mongodb/
handle-success	handle-success-execution	2026-02-28T18:48:30.3872415Z   REPORT_FILENAME: 22526762257.json
handle-success	handle-success-execution	2026-02-28T18:48:30.3873104Z   KAOS_MODULE: [Ka0s] Status MongDB Report
handle-success	handle-success-execution	2026-02-28T18:48:30.3873544Z   GH_TOKEN: ***
handle-success	handle-success-execution	2026-02-28T18:48:30.3873794Z ##[endgroup]
handle-success	handle-success-execution	2026-02-28T18:48:30.3936168Z Process completed successfully 22526762257
handle-success	Post Checkout code	Ôªø2026-02-28T18:48:30.4085607Z Post job cleanup.
handle-success	Post Checkout code	2026-02-28T18:48:30.5159023Z [command]/usr/bin/git version
handle-success	Post Checkout code	2026-02-28T18:48:30.5203126Z git version 2.53.0
handle-success	Post Checkout code	2026-02-28T18:48:30.5253281Z Temporarily overriding HOME='/home/runner/_work/_temp/e2bcca66-75d9-4bad-8a9d-0ea5f4ea8608' before making global git config changes
handle-success	Post Checkout code	2026-02-28T18:48:30.5254232Z Adding repository directory to the temporary git global config as a safe directory
handle-success	Post Checkout code	2026-02-28T18:48:30.5260173Z [command]/usr/bin/git config --global --add safe.directory /home/runner/_work/ka0s/ka0s
handle-success	Post Checkout code	2026-02-28T18:48:30.5307574Z [command]/usr/bin/git config --local --name-only --get-regexp core\.sshCommand
handle-success	Post Checkout code	2026-02-28T18:48:30.5368040Z [command]/usr/bin/git submodule foreach --recursive sh -c "git config --local --name-only --get-regexp 'core\.sshCommand' && git config --local --unset-all 'core.sshCommand' || :"
handle-success	Post Checkout code	2026-02-28T18:48:30.5709546Z [command]/usr/bin/git config --local --name-only --get-regexp http\.https\:\/\/github\.com\/\.extraheader
handle-success	Post Checkout code	2026-02-28T18:48:30.5740503Z http.https://github.com/.extraheader
handle-success	Post Checkout code	2026-02-28T18:48:30.5753953Z [command]/usr/bin/git config --local --unset-all http.https://github.com/.extraheader
handle-success	Post Checkout code	2026-02-28T18:48:30.5800030Z [command]/usr/bin/git submodule foreach --recursive sh -c "git config --local --name-only --get-regexp 'http\.https\:\/\/github\.com\/\.extraheader' && git config --local --unset-all 'http.https://github.com/.extraheader' || :"
handle-success	Post Checkout code	2026-02-28T18:48:30.6137178Z [command]/usr/bin/git config --local --name-only --get-regexp ^includeIf\.gitdir:
handle-success	Post Checkout code	2026-02-28T18:48:30.6182158Z [command]/usr/bin/git submodule foreach --recursive git config --local --show-origin --name-only --get-regexp remote.origin.url
handle-success	Complete job	Ôªø2026-02-28T18:48:30.6650285Z Cleaning up orphan processes
end-workflow	Set up job	Ôªø2026-02-28T18:48:43.3348579Z Current runner version: '2.332.0'
end-workflow	Set up job	2026-02-28T18:48:43.3358372Z Runner name: 'swarm-runners-scaleset-hkss5-runner-bhp8m'
end-workflow	Set up job	2026-02-28T18:48:43.3359393Z Runner group name: 'Default'
end-workflow	Set up job	2026-02-28T18:48:43.3360948Z Machine name: 'swarm-runners-scaleset-hkss5-runner-bhp8m'
end-workflow	Set up job	2026-02-28T18:48:43.3364955Z ##[group]GITHUB_TOKEN Permissions
end-workflow	Set up job	2026-02-28T18:48:43.3367733Z Actions: write
end-workflow	Set up job	2026-02-28T18:48:43.3368351Z Contents: write
end-workflow	Set up job	2026-02-28T18:48:43.3368987Z Issues: write
end-workflow	Set up job	2026-02-28T18:48:43.3369556Z Metadata: read
end-workflow	Set up job	2026-02-28T18:48:43.3370281Z PullRequests: write
end-workflow	Set up job	2026-02-28T18:48:43.3370934Z ##[endgroup]
end-workflow	Set up job	2026-02-28T18:48:43.3373179Z Secret source: Actions
end-workflow	Set up job	2026-02-28T18:48:43.3373962Z Prepare workflow directory
end-workflow	Set up job	2026-02-28T18:48:43.3953412Z Prepare all required actions
end-workflow	Set up job	2026-02-28T18:48:43.3997013Z Getting action download info
end-workflow	Set up job	2026-02-28T18:48:43.9851122Z Download action repository 'actions/checkout@v4' (SHA:34e114876b0b11c390a56381ad16ebd13914f8d5)
end-workflow	Set up job	2026-02-28T18:48:44.8642556Z Complete job name: end-workflow
end-workflow	Checkout repository	Ôªø2026-02-28T18:48:44.9306517Z ##[group]Run actions/checkout@v4
end-workflow	Checkout repository	2026-02-28T18:48:44.9307577Z with:
end-workflow	Checkout repository	2026-02-28T18:48:44.9308065Z   fetch-depth: 0
end-workflow	Checkout repository	2026-02-28T18:48:44.9308565Z   repository: Ka0s-Klaus/ka0s
end-workflow	Checkout repository	2026-02-28T18:48:44.9309405Z   token: ***
end-workflow	Checkout repository	2026-02-28T18:48:44.9309882Z   ssh-strict: true
end-workflow	Checkout repository	2026-02-28T18:48:44.9310355Z   ssh-user: git
end-workflow	Checkout repository	2026-02-28T18:48:44.9310840Z   persist-credentials: true
end-workflow	Checkout repository	2026-02-28T18:48:44.9311382Z   clean: true
end-workflow	Checkout repository	2026-02-28T18:48:44.9311874Z   sparse-checkout-cone-mode: true
end-workflow	Checkout repository	2026-02-28T18:48:44.9312472Z   fetch-tags: false
end-workflow	Checkout repository	2026-02-28T18:48:44.9312966Z   show-progress: true
end-workflow	Checkout repository	2026-02-28T18:48:44.9313474Z   lfs: false
end-workflow	Checkout repository	2026-02-28T18:48:44.9313946Z   submodules: false
end-workflow	Checkout repository	2026-02-28T18:48:44.9314447Z   set-safe-directory: true
end-workflow	Checkout repository	2026-02-28T18:48:44.9315965Z env:
end-workflow	Checkout repository	2026-02-28T18:48:44.9316436Z   PYTHON_VERSION: 3.9
end-workflow	Checkout repository	2026-02-28T18:48:44.9317822Z   MONGO_SUPERUSER_CONNECTION: ***
end-workflow	Checkout repository	2026-02-28T18:48:44.9318639Z   MONGO_NEW_PASS: ***
end-workflow	Checkout repository	2026-02-28T18:48:44.9319400Z   MONGO_SCRIPT_CREATE: devops/core/mongo/scripts/mongodb_status_report.py
end-workflow	Checkout repository	2026-02-28T18:48:44.9320320Z   KAOS_CODE: 22526762257
end-workflow	Checkout repository	2026-02-28T18:48:44.9320850Z   REPORT_SCAN: audit/
end-workflow	Checkout repository	2026-02-28T18:48:44.9321375Z   REPORT_PATH: audit/mongodb/
end-workflow	Checkout repository	2026-02-28T18:48:44.9321967Z   REPORT_FILENAME: 22526762257.json
end-workflow	Checkout repository	2026-02-28T18:48:44.9322599Z   KAOS_MODULE: [Ka0s] Status MongDB Report
end-workflow	Checkout repository	2026-02-28T18:48:44.9323229Z ##[endgroup]
end-workflow	Checkout repository	2026-02-28T18:48:45.0579456Z Syncing repository: Ka0s-Klaus/ka0s
end-workflow	Checkout repository	2026-02-28T18:48:45.0581550Z ##[group]Getting Git version info
end-workflow	Checkout repository	2026-02-28T18:48:45.0582330Z Working directory is '/home/runner/_work/ka0s/ka0s'
end-workflow	Checkout repository	2026-02-28T18:48:45.0583394Z [command]/usr/bin/git version
end-workflow	Checkout repository	2026-02-28T18:48:45.0584010Z git version 2.53.0
end-workflow	Checkout repository	2026-02-28T18:48:45.0606539Z ##[endgroup]
end-workflow	Checkout repository	2026-02-28T18:48:45.0625642Z Temporarily overriding HOME='/home/runner/_work/_temp/983409d9-40e5-4827-acc6-36fe357825fe' before making global git config changes
end-workflow	Checkout repository	2026-02-28T18:48:45.0627618Z Adding repository directory to the temporary git global config as a safe directory
end-workflow	Checkout repository	2026-02-28T18:48:45.0632464Z [command]/usr/bin/git config --global --add safe.directory /home/runner/_work/ka0s/ka0s
end-workflow	Checkout repository	2026-02-28T18:48:45.0688882Z Deleting the contents of '/home/runner/_work/ka0s/ka0s'
end-workflow	Checkout repository	2026-02-28T18:48:45.0693539Z ##[group]Initializing the repository
end-workflow	Checkout repository	2026-02-28T18:48:45.0698960Z [command]/usr/bin/git init /home/runner/_work/ka0s/ka0s
end-workflow	Checkout repository	2026-02-28T18:48:45.0791978Z hint: Using 'master' as the name for the initial branch. This default branch name
end-workflow	Checkout repository	2026-02-28T18:48:45.0794108Z hint: will change to "main" in Git 3.0. To configure the initial branch name
end-workflow	Checkout repository	2026-02-28T18:48:45.0801301Z hint: to use in all of your new repositories, which will suppress this warning,
end-workflow	Checkout repository	2026-02-28T18:48:45.0802261Z hint: call:
end-workflow	Checkout repository	2026-02-28T18:48:45.0802710Z hint:
end-workflow	Checkout repository	2026-02-28T18:48:45.0803300Z hint: 	git config --global init.defaultBranch <name>
end-workflow	Checkout repository	2026-02-28T18:48:45.0804010Z hint:
end-workflow	Checkout repository	2026-02-28T18:48:45.0804929Z hint: Names commonly chosen instead of 'master' are 'main', 'trunk' and
end-workflow	Checkout repository	2026-02-28T18:48:45.0806062Z hint: 'development'. The just-created branch can be renamed via this command:
end-workflow	Checkout repository	2026-02-28T18:48:45.0807574Z hint:
end-workflow	Checkout repository	2026-02-28T18:48:45.0808052Z hint: 	git branch -m <name>
end-workflow	Checkout repository	2026-02-28T18:48:45.0808590Z hint:
end-workflow	Checkout repository	2026-02-28T18:48:45.0809325Z hint: Disable this message with "git config set advice.defaultBranchName false"
end-workflow	Checkout repository	2026-02-28T18:48:45.0810603Z Initialized empty Git repository in /home/runner/_work/ka0s/ka0s/.git/
end-workflow	Checkout repository	2026-02-28T18:48:45.0812602Z [command]/usr/bin/git remote add origin https://github.com/Ka0s-Klaus/ka0s
end-workflow	Checkout repository	2026-02-28T18:48:45.0826336Z ##[endgroup]
end-workflow	Checkout repository	2026-02-28T18:48:45.0827346Z ##[group]Disabling automatic garbage collection
end-workflow	Checkout repository	2026-02-28T18:48:45.0831016Z [command]/usr/bin/git config --local gc.auto 0
end-workflow	Checkout repository	2026-02-28T18:48:45.0871945Z ##[endgroup]
end-workflow	Checkout repository	2026-02-28T18:48:45.0872887Z ##[group]Setting up auth
end-workflow	Checkout repository	2026-02-28T18:48:45.0879487Z [command]/usr/bin/git config --local --name-only --get-regexp core\.sshCommand
end-workflow	Checkout repository	2026-02-28T18:48:45.0920918Z [command]/usr/bin/git submodule foreach --recursive sh -c "git config --local --name-only --get-regexp 'core\.sshCommand' && git config --local --unset-all 'core.sshCommand' || :"
end-workflow	Checkout repository	2026-02-28T18:48:45.1256269Z [command]/usr/bin/git config --local --name-only --get-regexp http\.https\:\/\/github\.com\/\.extraheader
end-workflow	Checkout repository	2026-02-28T18:48:45.1297259Z [command]/usr/bin/git submodule foreach --recursive sh -c "git config --local --name-only --get-regexp 'http\.https\:\/\/github\.com\/\.extraheader' && git config --local --unset-all 'http.https://github.com/.extraheader' || :"
end-workflow	Checkout repository	2026-02-28T18:48:45.1635460Z [command]/usr/bin/git config --local --name-only --get-regexp ^includeIf\.gitdir:
end-workflow	Checkout repository	2026-02-28T18:48:45.1677106Z [command]/usr/bin/git submodule foreach --recursive git config --local --show-origin --name-only --get-regexp remote.origin.url
end-workflow	Checkout repository	2026-02-28T18:48:45.2012394Z [command]/usr/bin/git config --local http.https://github.com/.extraheader AUTHORIZATION: basic ***
end-workflow	Checkout repository	2026-02-28T18:48:45.2062170Z ##[endgroup]
end-workflow	Checkout repository	2026-02-28T18:48:45.2063177Z ##[group]Fetching the repository
end-workflow	Checkout repository	2026-02-28T18:48:45.2072859Z [command]/usr/bin/git -c protocol.version=2 fetch --prune --no-recurse-submodules origin +refs/heads/*:refs/remotes/origin/* +refs/tags/*:refs/tags/*
end-workflow	Checkout repository	2026-02-28T18:49:08.9214724Z From https://github.com/Ka0s-Klaus/ka0s
end-workflow	Checkout repository	2026-02-28T18:49:08.9215478Z  * [new branch]          F3450-modelo-operativo -> origin/F3450-modelo-operativo
end-workflow	Checkout repository	2026-02-28T18:49:08.9216169Z  * [new branch]          H1276-modulo-observabilidad -> origin/H1276-modulo-observabilidad
end-workflow	Checkout repository	2026-02-28T18:49:08.9217122Z  * [new branch]          H3596-deploy-itop      -> origin/H3596-deploy-itop
end-workflow	Checkout repository	2026-02-28T18:49:08.9218394Z  * [new branch]          H4170-flujo-detallado-zabbix---github -> origin/H4170-flujo-detallado-zabbix---github
end-workflow	Checkout repository	2026-02-28T18:49:08.9219328Z  * [new branch]          H4191-request-cambios  -> origin/H4191-request-cambios
end-workflow	Checkout repository	2026-02-28T18:49:08.9220381Z  * [new branch]          H4200-request-recomendaciones-de-auditoria -> origin/H4200-request-recomendaciones-de-auditoria
end-workflow	Checkout repository	2026-02-28T18:49:08.9221209Z  * [new branch]          main                   -> origin/main
end-workflow	Checkout repository	2026-02-28T18:49:08.9222310Z  * [new tag]             0.0.0                  -> 0.0.0
end-workflow	Checkout repository	2026-02-28T18:49:08.9223250Z  * [new tag]             0.0.1                  -> 0.0.1
end-workflow	Checkout repository	2026-02-28T18:49:08.9223787Z  * [new tag]             0.0.10                 -> 0.0.10
end-workflow	Checkout repository	2026-02-28T18:49:08.9224360Z  * [new tag]             0.0.100                -> 0.0.100
end-workflow	Checkout repository	2026-02-28T18:49:08.9226756Z  * [new tag]             0.0.101                -> 0.0.101
end-workflow	Checkout repository	2026-02-28T18:49:08.9227188Z  * [new tag]             0.0.102                -> 0.0.102
end-workflow	Checkout repository	2026-02-28T18:49:08.9227650Z  * [new tag]             0.0.103                -> 0.0.103
end-workflow	Checkout repository	2026-02-28T18:49:08.9228139Z  * [new tag]             0.0.104                -> 0.0.104
end-workflow	Checkout repository	2026-02-28T18:49:08.9228553Z  * [new tag]             0.0.105                -> 0.0.105
end-workflow	Checkout repository	2026-02-28T18:49:08.9228968Z  * [new tag]             0.0.106                -> 0.0.106
end-workflow	Checkout repository	2026-02-28T18:49:08.9229429Z  * [new tag]             0.0.107                -> 0.0.107
end-workflow	Checkout repository	2026-02-28T18:49:08.9229842Z  * [new tag]             0.0.108                -> 0.0.108
end-workflow	Checkout repository	2026-02-28T18:49:08.9230783Z  * [new tag]             0.0.109                -> 0.0.109
end-workflow	Checkout repository	2026-02-28T18:49:08.9231334Z  * [new tag]             0.0.11                 -> 0.0.11
end-workflow	Checkout repository	2026-02-28T18:49:08.9231879Z  * [new tag]             0.0.110                -> 0.0.110
end-workflow	Checkout repository	2026-02-28T18:49:08.9232285Z  * [new tag]             0.0.111                -> 0.0.111
end-workflow	Checkout repository	2026-02-28T18:49:08.9232695Z  * [new tag]             0.0.112                -> 0.0.112
end-workflow	Checkout repository	2026-02-28T18:49:08.9233107Z  * [new tag]             0.0.113                -> 0.0.113
end-workflow	Checkout repository	2026-02-28T18:49:08.9233520Z  * [new tag]             0.0.114                -> 0.0.114
end-workflow	Checkout repository	2026-02-28T18:49:08.9233936Z  * [new tag]             0.0.115                -> 0.0.115
end-workflow	Checkout repository	2026-02-28T18:49:08.9234368Z  * [new tag]             0.0.116                -> 0.0.116
end-workflow	Checkout repository	2026-02-28T18:49:08.9243493Z  * [new tag]             0.0.117                -> 0.0.117
end-workflow	Checkout repository	2026-02-28T18:49:08.9243987Z  * [new tag]             0.0.118                -> 0.0.118
end-workflow	Checkout repository	2026-02-28T18:49:08.9244397Z  * [new tag]             0.0.119                -> 0.0.119
end-workflow	Checkout repository	2026-02-28T18:49:08.9246717Z  * [new tag]             0.0.12                 -> 0.0.12
end-workflow	Checkout repository	2026-02-28T18:49:08.9247135Z  * [new tag]             0.0.120                -> 0.0.120
end-workflow	Checkout repository	2026-02-28T18:49:08.9247544Z  * [new tag]             0.0.121                -> 0.0.121
end-workflow	Checkout repository	2026-02-28T18:49:08.9247958Z  * [new tag]             0.0.122                -> 0.0.122
end-workflow	Checkout repository	2026-02-28T18:49:08.9248373Z  * [new tag]             0.0.123                -> 0.0.123
end-workflow	Checkout repository	2026-02-28T18:49:08.9248785Z  * [new tag]             0.0.124                -> 0.0.124
end-workflow	Checkout repository	2026-02-28T18:49:08.9249192Z  * [new tag]             0.0.125                -> 0.0.125
end-workflow	Checkout repository	2026-02-28T18:49:08.9249601Z  * [new tag]             0.0.126                -> 0.0.126
end-workflow	Checkout repository	2026-02-28T18:49:08.9250012Z  * [new tag]             0.0.127                -> 0.0.127
end-workflow	Checkout repository	2026-02-28T18:49:08.9250421Z  * [new tag]             0.0.128                -> 0.0.128
end-workflow	Checkout repository	2026-02-28T18:49:08.9250826Z  * [new tag]             0.0.129                -> 0.0.129
end-workflow	Checkout repository	2026-02-28T18:49:08.9251239Z  * [new tag]             0.0.13                 -> 0.0.13
end-workflow	Checkout repository	2026-02-28T18:49:08.9251668Z  * [new tag]             0.0.130                -> 0.0.130
end-workflow	Checkout repository	2026-02-28T18:49:08.9252080Z  * [new tag]             0.0.131                -> 0.0.131
end-workflow	Checkout repository	2026-02-28T18:49:08.9252492Z  * [new tag]             0.0.132                -> 0.0.132
end-workflow	Checkout repository	2026-02-28T18:49:08.9252904Z  * [new tag]             0.0.133                -> 0.0.133
end-workflow	Checkout repository	2026-02-28T18:49:08.9253391Z  * [new tag]             0.0.134                -> 0.0.134
end-workflow	Checkout repository	2026-02-28T18:49:08.9253810Z  * [new tag]             0.0.135                -> 0.0.135
end-workflow	Checkout repository	2026-02-28T18:49:08.9254217Z  * [new tag]             0.0.136                -> 0.0.136
end-workflow	Checkout repository	2026-02-28T18:49:08.9255857Z  * [new tag]             0.0.137                -> 0.0.137
end-workflow	Checkout repository	2026-02-28T18:49:08.9256281Z  * [new tag]             0.0.138                -> 0.0.138
end-workflow	Checkout repository	2026-02-28T18:49:08.9326267Z  * [new tag]             0.0.139                -> 0.0.139
end-workflow	Checkout repository	2026-02-28T18:49:08.9327248Z  * [new tag]             0.0.14                 -> 0.0.14
end-workflow	Checkout repository	2026-02-28T18:49:08.9327786Z  * [new tag]             0.0.140                -> 0.0.140
end-workflow	Checkout repository	2026-02-28T18:49:08.9328215Z  * [new tag]             0.0.141                -> 0.0.141
end-workflow	Checkout repository	2026-02-28T18:49:08.9328847Z  * [new tag]             0.0.142                -> 0.0.142
end-workflow	Checkout repository	2026-02-28T18:49:08.9329275Z  * [new tag]             0.0.143                -> 0.0.143
end-workflow	Checkout repository	2026-02-28T18:49:08.9329811Z  * [new tag]             0.0.144                -> 0.0.144
end-workflow	Checkout repository	2026-02-28T18:49:08.9330221Z  * [new tag]             0.0.145                -> 0.0.145
end-workflow	Checkout repository	2026-02-28T18:49:08.9330630Z  * [new tag]             0.0.146                -> 0.0.146
end-workflow	Checkout repository	2026-02-28T18:49:08.9331039Z  * [new tag]             0.0.147                -> 0.0.147
end-workflow	Checkout repository	2026-02-28T18:49:08.9331466Z  * [new tag]             0.0.148                -> 0.0.148
end-workflow	Checkout repository	2026-02-28T18:49:08.9331883Z  * [new tag]             0.0.149                -> 0.0.149
end-workflow	Checkout repository	2026-02-28T18:49:08.9332309Z  * [new tag]             0.0.15                 -> 0.0.15
end-workflow	Checkout repository	2026-02-28T18:49:08.9332755Z  * [new tag]             0.0.150                -> 0.0.150
end-workflow	Checkout repository	2026-02-28T18:49:08.9333496Z  * [new tag]             0.0.151                -> 0.0.151
end-workflow	Checkout repository	2026-02-28T18:49:08.9333898Z  * [new tag]             0.0.152                -> 0.0.152
end-workflow	Checkout repository	2026-02-28T18:49:08.9334304Z  * [new tag]             0.0.153                -> 0.0.153
end-workflow	Checkout repository	2026-02-28T18:49:08.9335032Z  * [new tag]             0.0.154                -> 0.0.154
end-workflow	Checkout repository	2026-02-28T18:49:08.9335471Z  * [new tag]             0.0.155                -> 0.0.155
end-workflow	Checkout repository	2026-02-28T18:49:08.9336017Z  * [new tag]             0.0.156                -> 0.0.156
end-workflow	Checkout repository	2026-02-28T18:49:08.9336431Z  * [new tag]             0.0.157                -> 0.0.157
end-workflow	Checkout repository	2026-02-28T18:49:08.9336840Z  * [new tag]             0.0.158                -> 0.0.158
end-workflow	Checkout repository	2026-02-28T18:49:08.9337254Z  * [new tag]             0.0.159                -> 0.0.159
end-workflow	Checkout repository	2026-02-28T18:49:08.9337810Z  * [new tag]             0.0.16                 -> 0.0.16
end-workflow	Checkout repository	2026-02-28T18:49:08.9338358Z  * [new tag]             0.0.160                -> 0.0.160
end-workflow	Checkout repository	2026-02-28T18:49:08.9338771Z  * [new tag]             0.0.161                -> 0.0.161
end-workflow	Checkout repository	2026-02-28T18:49:08.9339434Z  * [new tag]             0.0.162                -> 0.0.162
end-workflow	Checkout repository	2026-02-28T18:49:08.9339855Z  * [new tag]             0.0.163                -> 0.0.163
end-workflow	Checkout repository	2026-02-28T18:49:08.9340269Z  * [new tag]             0.0.164                -> 0.0.164
end-workflow	Checkout repository	2026-02-28T18:49:08.9340682Z  * [new tag]             0.0.165                -> 0.0.165
end-workflow	Checkout repository	2026-02-28T18:49:08.9341095Z  * [new tag]             0.0.166                -> 0.0.166
end-workflow	Checkout repository	2026-02-28T18:49:08.9341547Z  * [new tag]             0.0.167                -> 0.0.167
end-workflow	Checkout repository	2026-02-28T18:49:08.9342025Z  * [new tag]             0.0.168                -> 0.0.168
end-workflow	Checkout repository	2026-02-28T18:49:08.9342440Z  * [new tag]             0.0.169                -> 0.0.169
end-workflow	Checkout repository	2026-02-28T18:49:08.9342882Z  * [new tag]             0.0.17                 -> 0.0.17
end-workflow	Checkout repository	2026-02-28T18:49:08.9343297Z  * [new tag]             0.0.170                -> 0.0.170
end-workflow	Checkout repository	2026-02-28T18:49:08.9343708Z  * [new tag]             0.0.171                -> 0.0.171
end-workflow	Checkout repository	2026-02-28T18:49:08.9344138Z  * [new tag]             0.0.172                -> 0.0.172
end-workflow	Checkout repository	2026-02-28T18:49:08.9345266Z  * [new tag]             0.0.173                -> 0.0.173
end-workflow	Checkout repository	2026-02-28T18:49:08.9345836Z  * [new tag]             0.0.174                -> 0.0.174
end-workflow	Checkout repository	2026-02-28T18:49:08.9346359Z  * [new tag]             0.0.175                -> 0.0.175
end-workflow	Checkout repository	2026-02-28T18:49:08.9346753Z  * [new tag]             0.0.176                -> 0.0.176
end-workflow	Checkout repository	2026-02-28T18:49:08.9347149Z  * [new tag]             0.0.177                -> 0.0.177
end-workflow	Checkout repository	2026-02-28T18:49:08.9347547Z  * [new tag]             0.0.178                -> 0.0.178
end-workflow	Checkout repository	2026-02-28T18:49:08.9347946Z  * [new tag]             0.0.179                -> 0.0.179
end-workflow	Checkout repository	2026-02-28T18:49:08.9348344Z  * [new tag]             0.0.18                 -> 0.0.18
end-workflow	Checkout repository	2026-02-28T18:49:08.9348743Z  * [new tag]             0.0.19                 -> 0.0.19
end-workflow	Checkout repository	2026-02-28T18:49:08.9349144Z  * [new tag]             0.0.2                  -> 0.0.2
end-workflow	Checkout repository	2026-02-28T18:49:08.9349548Z  * [new tag]             0.0.20                 -> 0.0.20
end-workflow	Checkout repository	2026-02-28T18:49:08.9349968Z  * [new tag]             0.0.21                 -> 0.0.21
end-workflow	Checkout repository	2026-02-28T18:49:08.9350365Z  * [new tag]             0.0.22                 -> 0.0.22
end-workflow	Checkout repository	2026-02-28T18:49:08.9350765Z  * [new tag]             0.0.23                 -> 0.0.23
end-workflow	Checkout repository	2026-02-28T18:49:08.9351167Z  * [new tag]             0.0.24                 -> 0.0.24
end-workflow	Checkout repository	2026-02-28T18:49:08.9351560Z  * [new tag]             0.0.25                 -> 0.0.25
end-workflow	Checkout repository	2026-02-28T18:49:08.9351958Z  * [new tag]             0.0.26                 -> 0.0.26
end-workflow	Checkout repository	2026-02-28T18:49:08.9352358Z  * [new tag]             0.0.27                 -> 0.0.27
end-workflow	Checkout repository	2026-02-28T18:49:08.9352757Z  * [new tag]             0.0.28                 -> 0.0.28
end-workflow	Checkout repository	2026-02-28T18:49:08.9353151Z  * [new tag]             0.0.29                 -> 0.0.29
end-workflow	Checkout repository	2026-02-28T18:49:08.9353551Z  * [new tag]             0.0.3                  -> 0.0.3
end-workflow	Checkout repository	2026-02-28T18:49:08.9353955Z  * [new tag]             0.0.30                 -> 0.0.30
end-workflow	Checkout repository	2026-02-28T18:49:08.9354352Z  * [new tag]             0.0.31                 -> 0.0.31
end-workflow	Checkout repository	2026-02-28T18:49:08.9355627Z  * [new tag]             0.0.32                 -> 0.0.32
end-workflow	Checkout repository	2026-02-28T18:49:08.9356032Z  * [new tag]             0.0.33                 -> 0.0.33
end-workflow	Checkout repository	2026-02-28T18:49:08.9356429Z  * [new tag]             0.0.34                 -> 0.0.34
end-workflow	Checkout repository	2026-02-28T18:49:08.9356823Z  * [new tag]             0.0.35                 -> 0.0.35
end-workflow	Checkout repository	2026-02-28T18:49:08.9357221Z  * [new tag]             0.0.36                 -> 0.0.36
end-workflow	Checkout repository	2026-02-28T18:49:08.9357618Z  * [new tag]             0.0.37                 -> 0.0.37
end-workflow	Checkout repository	2026-02-28T18:49:08.9358017Z  * [new tag]             0.0.38                 -> 0.0.38
end-workflow	Checkout repository	2026-02-28T18:49:08.9358409Z  * [new tag]             0.0.39                 -> 0.0.39
end-workflow	Checkout repository	2026-02-28T18:49:08.9358807Z  * [new tag]             0.0.4                  -> 0.0.4
end-workflow	Checkout repository	2026-02-28T18:49:08.9359202Z  * [new tag]             0.0.40                 -> 0.0.40
end-workflow	Checkout repository	2026-02-28T18:49:08.9359594Z  * [new tag]             0.0.41                 -> 0.0.41
end-workflow	Checkout repository	2026-02-28T18:49:08.9359991Z  * [new tag]             0.0.42                 -> 0.0.42
end-workflow	Checkout repository	2026-02-28T18:49:08.9360608Z  * [new tag]             0.0.43                 -> 0.0.43
end-workflow	Checkout repository	2026-02-28T18:49:08.9361005Z  * [new tag]             0.0.44                 -> 0.0.44
end-workflow	Checkout repository	2026-02-28T18:49:08.9361397Z  * [new tag]             0.0.45                 -> 0.0.45
end-workflow	Checkout repository	2026-02-28T18:49:08.9361795Z  * [new tag]             0.0.46                 -> 0.0.46
end-workflow	Checkout repository	2026-02-28T18:49:08.9362190Z  * [new tag]             0.0.47                 -> 0.0.47
end-workflow	Checkout repository	2026-02-28T18:49:08.9362589Z  * [new tag]             0.0.48                 -> 0.0.48
end-workflow	Checkout repository	2026-02-28T18:49:08.9362981Z  * [new tag]             0.0.49                 -> 0.0.49
end-workflow	Checkout repository	2026-02-28T18:49:08.9363380Z  * [new tag]             0.0.5                  -> 0.0.5
end-workflow	Checkout repository	2026-02-28T18:49:08.9363775Z  * [new tag]             0.0.50                 -> 0.0.50
end-workflow	Checkout repository	2026-02-28T18:49:08.9364174Z  * [new tag]             0.0.51                 -> 0.0.51
end-workflow	Checkout repository	2026-02-28T18:49:08.9364882Z  * [new tag]             0.0.52                 -> 0.0.52
end-workflow	Checkout repository	2026-02-28T18:49:08.9365443Z  * [new tag]             0.0.53                 -> 0.0.53
end-workflow	Checkout repository	2026-02-28T18:49:08.9365970Z  * [new tag]             0.0.54                 -> 0.0.54
end-workflow	Checkout repository	2026-02-28T18:49:08.9366362Z  * [new tag]             0.0.55                 -> 0.0.55
end-workflow	Checkout repository	2026-02-28T18:49:08.9366762Z  * [new tag]             0.0.56                 -> 0.0.56
end-workflow	Checkout repository	2026-02-28T18:49:08.9367163Z  * [new tag]             0.0.57                 -> 0.0.57
end-workflow	Checkout repository	2026-02-28T18:49:08.9367558Z  * [new tag]             0.0.58                 -> 0.0.58
end-workflow	Checkout repository	2026-02-28T18:49:08.9367955Z  * [new tag]             0.0.59                 -> 0.0.59
end-workflow	Checkout repository	2026-02-28T18:49:08.9368455Z  * [new tag]             0.0.6                  -> 0.0.6
end-workflow	Checkout repository	2026-02-28T18:49:08.9368856Z  * [new tag]             0.0.60                 -> 0.0.60
end-workflow	Checkout repository	2026-02-28T18:49:08.9369253Z  * [new tag]             0.0.61                 -> 0.0.61
end-workflow	Checkout repository	2026-02-28T18:49:08.9369637Z  * [new tag]             0.0.62                 -> 0.0.62
end-workflow	Checkout repository	2026-02-28T18:49:08.9370030Z  * [new tag]             0.0.63                 -> 0.0.63
end-workflow	Checkout repository	2026-02-28T18:49:08.9370442Z  * [new tag]             0.0.64                 -> 0.0.64
end-workflow	Checkout repository	2026-02-28T18:49:08.9370837Z  * [new tag]             0.0.65                 -> 0.0.65
end-workflow	Checkout repository	2026-02-28T18:49:08.9371227Z  * [new tag]             0.0.66                 -> 0.0.66
end-workflow	Checkout repository	2026-02-28T18:49:08.9371619Z  * [new tag]             0.0.67                 -> 0.0.67
end-workflow	Checkout repository	2026-02-28T18:49:08.9372015Z  * [new tag]             0.0.68                 -> 0.0.68
end-workflow	Checkout repository	2026-02-28T18:49:08.9372402Z  * [new tag]             0.0.69                 -> 0.0.69
end-workflow	Checkout repository	2026-02-28T18:49:08.9372799Z  * [new tag]             0.0.7                  -> 0.0.7
end-workflow	Checkout repository	2026-02-28T18:49:08.9373191Z  * [new tag]             0.0.70                 -> 0.0.70
end-workflow	Checkout repository	2026-02-28T18:49:08.9373586Z  * [new tag]             0.0.71                 -> 0.0.71
end-workflow	Checkout repository	2026-02-28T18:49:08.9373975Z  * [new tag]             0.0.72                 -> 0.0.72
end-workflow	Checkout repository	2026-02-28T18:49:08.9374367Z  * [new tag]             0.0.73                 -> 0.0.73
end-workflow	Checkout repository	2026-02-28T18:49:08.9375102Z  * [new tag]             0.0.74                 -> 0.0.74
end-workflow	Checkout repository	2026-02-28T18:49:08.9375975Z  * [new tag]             0.0.75                 -> 0.0.75
end-workflow	Checkout repository	2026-02-28T18:49:08.9376370Z  * [new tag]             0.0.76                 -> 0.0.76
end-workflow	Checkout repository	2026-02-28T18:49:08.9376760Z  * [new tag]             0.0.77                 -> 0.0.77
end-workflow	Checkout repository	2026-02-28T18:49:08.9377152Z  * [new tag]             0.0.78                 -> 0.0.78
end-workflow	Checkout repository	2026-02-28T18:49:08.9377542Z  * [new tag]             0.0.79                 -> 0.0.79
end-workflow	Checkout repository	2026-02-28T18:49:08.9377933Z  * [new tag]             0.0.8                  -> 0.0.8
end-workflow	Checkout repository	2026-02-28T18:49:08.9378324Z  * [new tag]             0.0.80                 -> 0.0.80
end-workflow	Checkout repository	2026-02-28T18:49:08.9378718Z  * [new tag]             0.0.81                 -> 0.0.81
end-workflow	Checkout repository	2026-02-28T18:49:08.9379107Z  * [new tag]             0.0.82                 -> 0.0.82
end-workflow	Checkout repository	2026-02-28T18:49:08.9379498Z  * [new tag]             0.0.83                 -> 0.0.83
end-workflow	Checkout repository	2026-02-28T18:49:08.9379887Z  * [new tag]             0.0.84                 -> 0.0.84
end-workflow	Checkout repository	2026-02-28T18:49:08.9380281Z  * [new tag]             0.0.85                 -> 0.0.85
end-workflow	Checkout repository	2026-02-28T18:49:08.9380874Z  * [new tag]             0.0.86                 -> 0.0.86
end-workflow	Checkout repository	2026-02-28T18:49:08.9381264Z  * [new tag]             0.0.87                 -> 0.0.87
end-workflow	Checkout repository	2026-02-28T18:49:08.9381657Z  * [new tag]             0.0.88                 -> 0.0.88
end-workflow	Checkout repository	2026-02-28T18:49:08.9382045Z  * [new tag]             0.0.89                 -> 0.0.89
end-workflow	Checkout repository	2026-02-28T18:49:08.9382440Z  * [new tag]             0.0.9                  -> 0.0.9
end-workflow	Checkout repository	2026-02-28T18:49:08.9382831Z  * [new tag]             0.0.90                 -> 0.0.90
end-workflow	Checkout repository	2026-02-28T18:49:08.9383221Z  * [new tag]             0.0.91                 -> 0.0.91
end-workflow	Checkout repository	2026-02-28T18:49:08.9383609Z  * [new tag]             0.0.92                 -> 0.0.92
end-workflow	Checkout repository	2026-02-28T18:49:08.9384004Z  * [new tag]             0.0.93                 -> 0.0.93
end-workflow	Checkout repository	2026-02-28T18:49:08.9384399Z  * [new tag]             0.0.94                 -> 0.0.94
end-workflow	Checkout repository	2026-02-28T18:49:08.9385162Z  * [new tag]             0.0.95                 -> 0.0.95
end-workflow	Checkout repository	2026-02-28T18:49:08.9385562Z  * [new tag]             0.0.96                 -> 0.0.96
end-workflow	Checkout repository	2026-02-28T18:49:08.9385960Z  * [new tag]             0.0.97                 -> 0.0.97
end-workflow	Checkout repository	2026-02-28T18:49:08.9386350Z  * [new tag]             0.0.98                 -> 0.0.98
end-workflow	Checkout repository	2026-02-28T18:49:08.9386740Z  * [new tag]             0.0.99                 -> 0.0.99
end-workflow	Checkout repository	2026-02-28T18:49:08.9387134Z  * [new tag]             0.1.0                  -> 0.1.0
end-workflow	Checkout repository	2026-02-28T18:49:08.9387527Z  * [new tag]             0.1.1                  -> 0.1.1
end-workflow	Checkout repository	2026-02-28T18:49:08.9387918Z  * [new tag]             0.2.0                  -> 0.2.0
end-workflow	Checkout repository	2026-02-28T18:49:08.9388303Z  * [new tag]             0.3.0                  -> 0.3.0
end-workflow	Checkout repository	2026-02-28T18:49:08.9388698Z  * [new tag]             0.3.1                  -> 0.3.1
end-workflow	Checkout repository	2026-02-28T18:49:08.9389108Z  * [new tag]             0.3.10                 -> 0.3.10
end-workflow	Checkout repository	2026-02-28T18:49:08.9389504Z  * [new tag]             0.3.11                 -> 0.3.11
end-workflow	Checkout repository	2026-02-28T18:49:08.9389896Z  * [new tag]             0.3.12                 -> 0.3.12
end-workflow	Checkout repository	2026-02-28T18:49:08.9390298Z  * [new tag]             0.3.13                 -> 0.3.13
end-workflow	Checkout repository	2026-02-28T18:49:08.9390689Z  * [new tag]             0.3.14                 -> 0.3.14
end-workflow	Checkout repository	2026-02-28T18:49:08.9391080Z  * [new tag]             0.3.15                 -> 0.3.15
end-workflow	Checkout repository	2026-02-28T18:49:08.9391472Z  * [new tag]             0.3.16                 -> 0.3.16
end-workflow	Checkout repository	2026-02-28T18:49:08.9391860Z  * [new tag]             0.3.17                 -> 0.3.17
end-workflow	Checkout repository	2026-02-28T18:49:08.9392255Z  * [new tag]             0.3.2                  -> 0.3.2
end-workflow	Checkout repository	2026-02-28T18:49:08.9392793Z  * [new tag]             0.3.3                  -> 0.3.3
end-workflow	Checkout repository	2026-02-28T18:49:08.9393342Z  * [new tag]             0.3.4                  -> 0.3.4
end-workflow	Checkout repository	2026-02-28T18:49:08.9393867Z  * [new tag]             0.3.5                  -> 0.3.5
end-workflow	Checkout repository	2026-02-28T18:49:08.9394269Z  * [new tag]             0.3.6                  -> 0.3.6
end-workflow	Checkout repository	2026-02-28T18:49:08.9395048Z  * [new tag]             0.3.7                  -> 0.3.7
end-workflow	Checkout repository	2026-02-28T18:49:08.9395713Z  * [new tag]             0.3.8                  -> 0.3.8
end-workflow	Checkout repository	2026-02-28T18:49:08.9396467Z  * [new tag]             0.3.9                  -> 0.3.9
end-workflow	Checkout repository	2026-02-28T18:49:08.9396854Z  * [new tag]             0.4.0                  -> 0.4.0
end-workflow	Checkout repository	2026-02-28T18:49:08.9397243Z  * [new tag]             0.4.1                  -> 0.4.1
end-workflow	Checkout repository	2026-02-28T18:49:08.9397630Z  * [new tag]             0.4.2                  -> 0.4.2
end-workflow	Checkout repository	2026-02-28T18:49:08.9398016Z  * [new tag]             0.4.3                  -> 0.4.3
end-workflow	Checkout repository	2026-02-28T18:49:08.9398404Z  * [new tag]             0.4.4                  -> 0.4.4
end-workflow	Checkout repository	2026-02-28T18:49:08.9398787Z  * [new tag]             0.4.5                  -> 0.4.5
end-workflow	Checkout repository	2026-02-28T18:49:08.9399176Z  * [new tag]             0.4.6                  -> 0.4.6
end-workflow	Checkout repository	2026-02-28T18:49:08.9399566Z  * [new tag]             0.4.7                  -> 0.4.7
end-workflow	Checkout repository	2026-02-28T18:49:08.9399958Z  * [new tag]             0.4.8                  -> 0.4.8
end-workflow	Checkout repository	2026-02-28T18:49:08.9400343Z  * [new tag]             0.4.9                  -> 0.4.9
end-workflow	Checkout repository	2026-02-28T18:49:08.9400733Z  * [new tag]             0.5.0                  -> 0.5.0
end-workflow	Checkout repository	2026-02-28T18:49:08.9401356Z  * [new tag]             0.5.1                  -> 0.5.1
end-workflow	Checkout repository	2026-02-28T18:49:08.9401745Z  * [new tag]             0.5.2                  -> 0.5.2
end-workflow	Checkout repository	2026-02-28T18:49:08.9402129Z  * [new tag]             0.6.0                  -> 0.6.0
end-workflow	Checkout repository	2026-02-28T18:49:08.9402518Z  * [new tag]             0.6.1                  -> 0.6.1
end-workflow	Checkout repository	2026-02-28T18:49:08.9402903Z  * [new tag]             0.6.2                  -> 0.6.2
end-workflow	Checkout repository	2026-02-28T18:49:08.9403287Z  * [new tag]             0.6.3                  -> 0.6.3
end-workflow	Checkout repository	2026-02-28T18:49:08.9403674Z  * [new tag]             0.6.4                  -> 0.6.4
end-workflow	Checkout repository	2026-02-28T18:49:08.9404064Z  * [new tag]             0.6.5                  -> 0.6.5
end-workflow	Checkout repository	2026-02-28T18:49:08.9404450Z  * [new tag]             0.6.6                  -> 0.6.6
end-workflow	Checkout repository	2026-02-28T18:49:08.9624300Z [command]/usr/bin/git branch --list --remote origin/main
end-workflow	Checkout repository	2026-02-28T18:49:08.9701875Z   origin/main
end-workflow	Checkout repository	2026-02-28T18:49:08.9713974Z [command]/usr/bin/git rev-parse refs/remotes/origin/main
end-workflow	Checkout repository	2026-02-28T18:49:08.9744164Z 90266ed1964039ae66c291bc26db25e25ff457e5
end-workflow	Checkout repository	2026-02-28T18:49:08.9760172Z [command]/usr/bin/git -c protocol.version=2 fetch --no-tags --prune --no-recurse-submodules origin +53fb59c674c8e74d07b2d93c7bcf190b8e0a722a:refs/remotes/origin/main
end-workflow	Checkout repository	2026-02-28T18:49:08.9952164Z From https://github.com/Ka0s-Klaus/ka0s
end-workflow	Checkout repository	2026-02-28T18:49:08.9952933Z  + 90266ed19...53fb59c67 53fb59c674c8e74d07b2d93c7bcf190b8e0a722a -> origin/main  (forced update)
end-workflow	Checkout repository	2026-02-28T18:49:08.9991755Z ##[endgroup]
end-workflow	Checkout repository	2026-02-28T18:49:08.9992615Z ##[group]Determining the checkout info
end-workflow	Checkout repository	2026-02-28T18:49:08.9993497Z ##[endgroup]
end-workflow	Checkout repository	2026-02-28T18:49:09.0000050Z [command]/usr/bin/git sparse-checkout disable
end-workflow	Checkout repository	2026-02-28T18:49:09.0057369Z [command]/usr/bin/git config --local --unset-all extensions.worktreeConfig
end-workflow	Checkout repository	2026-02-28T18:49:09.0095895Z ##[group]Checking out the ref
end-workflow	Checkout repository	2026-02-28T18:49:09.0105809Z [command]/usr/bin/git checkout --progress --force -B main refs/remotes/origin/main
end-workflow	Checkout repository	2026-02-28T18:49:09.2668392Z Switched to a new branch 'main'
end-workflow	Checkout repository	2026-02-28T18:49:09.2672879Z branch 'main' set up to track 'origin/main'.
end-workflow	Checkout repository	2026-02-28T18:49:09.2716430Z ##[endgroup]
end-workflow	Checkout repository	2026-02-28T18:49:09.2773151Z [command]/usr/bin/git log -1 --format=%H
end-workflow	Checkout repository	2026-02-28T18:49:09.2809035Z 53fb59c674c8e74d07b2d93c7bcf190b8e0a722a
end-workflow	Install GH CLI	Ôªø2026-02-28T18:49:09.3077922Z Prepare all required actions
end-workflow	Install GH CLI	2026-02-28T18:49:09.3136524Z ##[group]Run ./.github/actions/install-gh-cli
end-workflow	Install GH CLI	2026-02-28T18:49:09.3136862Z env:
end-workflow	Install GH CLI	2026-02-28T18:49:09.3137188Z   PYTHON_VERSION: 3.9
end-workflow	Install GH CLI	2026-02-28T18:49:09.3138251Z   MONGO_SUPERUSER_CONNECTION: ***
end-workflow	Install GH CLI	2026-02-28T18:49:09.3138660Z   MONGO_NEW_PASS: ***
end-workflow	Install GH CLI	2026-02-28T18:49:09.3139121Z   MONGO_SCRIPT_CREATE: devops/core/mongo/scripts/mongodb_status_report.py
end-workflow	Install GH CLI	2026-02-28T18:49:09.3139508Z   KAOS_CODE: 22526762257
end-workflow	Install GH CLI	2026-02-28T18:49:09.3139731Z   REPORT_SCAN: audit/
end-workflow	Install GH CLI	2026-02-28T18:49:09.3139951Z   REPORT_PATH: audit/mongodb/
end-workflow	Install GH CLI	2026-02-28T18:49:09.3140195Z   REPORT_FILENAME: 22526762257.json
end-workflow	Install GH CLI	2026-02-28T18:49:09.3140469Z   KAOS_MODULE: [Ka0s] Status MongDB Report
end-workflow	Install GH CLI	2026-02-28T18:49:09.3140740Z ##[endgroup]
end-workflow	Install GH CLI	2026-02-28T18:49:09.3246698Z ##[group]Run type -p curl >/dev/null || (sudo apt-get update && sudo apt-get install curl -y)
end-workflow	Install GH CLI	2026-02-28T18:49:09.3247467Z [36;1mtype -p curl >/dev/null || (sudo apt-get update && sudo apt-get install curl -y)[0m
end-workflow	Install GH CLI	2026-02-28T18:49:09.3248939Z [36;1mcurl -fsSL https://cli.github.com/packages/githubcli-archive-keyring.gpg | sudo dd of=/usr/share/keyrings/githubcli-archive-keyring.gpg \[0m
end-workflow	Install GH CLI	2026-02-28T18:49:09.3249904Z [36;1m&& sudo chmod go+r /usr/share/keyrings/githubcli-archive-keyring.gpg \[0m
end-workflow	Install GH CLI	2026-02-28T18:49:09.3251210Z [36;1m&& echo "deb [arch=$(dpkg --print-architecture) signed-by=/usr/share/keyrings/githubcli-archive-keyring.gpg] https://cli.github.com/packages stable main" | sudo tee /etc/apt/sources.list.d/github-cli.list > /dev/null \[0m
end-workflow	Install GH CLI	2026-02-28T18:49:09.3252414Z [36;1m&& sudo apt-get update \[0m
end-workflow	Install GH CLI	2026-02-28T18:49:09.3252740Z [36;1m&& sudo apt-get install gh -y[0m
end-workflow	Install GH CLI	2026-02-28T18:49:09.3271640Z shell: /usr/bin/bash --noprofile --norc -e -o pipefail {0}
end-workflow	Install GH CLI	2026-02-28T18:49:09.3272157Z env:
end-workflow	Install GH CLI	2026-02-28T18:49:09.3272359Z   PYTHON_VERSION: 3.9
end-workflow	Install GH CLI	2026-02-28T18:49:09.3273213Z   MONGO_SUPERUSER_CONNECTION: ***
end-workflow	Install GH CLI	2026-02-28T18:49:09.3273608Z   MONGO_NEW_PASS: ***
end-workflow	Install GH CLI	2026-02-28T18:49:09.3286250Z   MONGO_SCRIPT_CREATE: devops/core/mongo/scripts/mongodb_status_report.py
end-workflow	Install GH CLI	2026-02-28T18:49:09.3286892Z   KAOS_CODE: 22526762257
end-workflow	Install GH CLI	2026-02-28T18:49:09.3287125Z   REPORT_SCAN: audit/
end-workflow	Install GH CLI	2026-02-28T18:49:09.3287470Z   REPORT_PATH: audit/mongodb/
end-workflow	Install GH CLI	2026-02-28T18:49:09.3287723Z   REPORT_FILENAME: 22526762257.json
end-workflow	Install GH CLI	2026-02-28T18:49:09.3287999Z   KAOS_MODULE: [Ka0s] Status MongDB Report
end-workflow	Install GH CLI	2026-02-28T18:49:09.3288268Z ##[endgroup]
end-workflow	Install GH CLI	2026-02-28T18:49:09.4505873Z 4+1 records in
end-workflow	Install GH CLI	2026-02-28T18:49:09.4506399Z 4+1 records out
end-workflow	Install GH CLI	2026-02-28T18:49:09.4506737Z 2270 bytes (2.3 kB, 2.2 KiB) copied, 0.0977246 s, 23.2 kB/s
end-workflow	Install GH CLI	2026-02-28T18:49:09.6757578Z Get:1 http://security.ubuntu.com/ubuntu noble-security InRelease [126 kB]
end-workflow	Install GH CLI	2026-02-28T18:49:09.7055574Z Get:2 https://cli.github.com/packages stable InRelease [3917 B]
end-workflow	Install GH CLI	2026-02-28T18:49:09.7798779Z Get:3 http://archive.ubuntu.com/ubuntu noble InRelease [256 kB]
end-workflow	Install GH CLI	2026-02-28T18:49:09.7868846Z Get:4 https://ppa.launchpadcontent.net/git-core/ppa/ubuntu noble InRelease [24.3 kB]
end-workflow	Install GH CLI	2026-02-28T18:49:09.7888924Z Get:5 https://cli.github.com/packages stable/main amd64 Packages [357 B]
end-workflow	Install GH CLI	2026-02-28T18:49:09.9132597Z Get:6 https://ppa.launchpadcontent.net/git-core/ppa/ubuntu noble/main amd64 Packages [2992 B]
end-workflow	Install GH CLI	2026-02-28T18:49:10.0069050Z Get:7 http://security.ubuntu.com/ubuntu noble-security/main amd64 Packages [1883 kB]
end-workflow	Install GH CLI	2026-02-28T18:49:10.2972456Z Get:8 http://security.ubuntu.com/ubuntu noble-security/restricted amd64 Packages [3262 kB]
end-workflow	Install GH CLI	2026-02-28T18:49:10.3673528Z Get:9 http://archive.ubuntu.com/ubuntu noble-updates InRelease [126 kB]
end-workflow	Install GH CLI	2026-02-28T18:49:10.3805843Z Get:10 http://security.ubuntu.com/ubuntu noble-security/multiverse amd64 Packages [34.8 kB]
end-workflow	Install GH CLI	2026-02-28T18:49:10.3806758Z Get:11 http://security.ubuntu.com/ubuntu noble-security/universe amd64 Packages [1242 kB]
end-workflow	Install GH CLI	2026-02-28T18:49:10.5108275Z Get:12 http://archive.ubuntu.com/ubuntu noble-backports InRelease [126 kB]
end-workflow	Install GH CLI	2026-02-28T18:49:10.6562535Z Get:13 http://archive.ubuntu.com/ubuntu noble/multiverse amd64 Packages [331 kB]
end-workflow	Install GH CLI	2026-02-28T18:49:10.7581388Z Get:14 http://archive.ubuntu.com/ubuntu noble/universe amd64 Packages [19.3 MB]
end-workflow	Install GH CLI	2026-02-28T18:49:11.5210807Z Get:15 http://archive.ubuntu.com/ubuntu noble/restricted amd64 Packages [117 kB]
end-workflow	Install GH CLI	2026-02-28T18:49:11.5227550Z Get:16 http://archive.ubuntu.com/ubuntu noble/main amd64 Packages [1808 kB]
end-workflow	Install GH CLI	2026-02-28T18:49:11.5373826Z Get:17 http://archive.ubuntu.com/ubuntu noble-updates/main amd64 Packages [2275 kB]
end-workflow	Install GH CLI	2026-02-28T18:49:11.5913718Z Get:18 http://archive.ubuntu.com/ubuntu noble-updates/universe amd64 Packages [2017 kB]
end-workflow	Install GH CLI	2026-02-28T18:49:11.6432735Z Get:19 http://archive.ubuntu.com/ubuntu noble-updates/restricted amd64 Packages [3471 kB]
end-workflow	Install GH CLI	2026-02-28T18:49:11.7559781Z Get:20 http://archive.ubuntu.com/ubuntu noble-updates/multiverse amd64 Packages [38.1 kB]
end-workflow	Install GH CLI	2026-02-28T18:49:11.7563068Z Get:21 http://archive.ubuntu.com/ubuntu noble-backports/main amd64 Packages [49.5 kB]
end-workflow	Install GH CLI	2026-02-28T18:49:11.7573889Z Get:22 http://archive.ubuntu.com/ubuntu noble-backports/universe amd64 Packages [34.6 kB]
end-workflow	Install GH CLI	2026-02-28T18:49:12.7684114Z Fetched 36.5 MB in 3s (11.4 MB/s)
end-workflow	Install GH CLI	2026-02-28T18:49:13.6999959Z Reading package lists...
end-workflow	Install GH CLI	2026-02-28T18:49:14.6773057Z Reading package lists...
end-workflow	Install GH CLI	2026-02-28T18:49:14.9052961Z Building dependency tree...
end-workflow	Install GH CLI	2026-02-28T18:49:14.9053348Z Reading state information...
end-workflow	Install GH CLI	2026-02-28T18:49:15.2662297Z The following NEW packages will be installed:
end-workflow	Install GH CLI	2026-02-28T18:49:15.2683520Z   gh
end-workflow	Install GH CLI	2026-02-28T18:49:15.8787814Z 0 upgraded, 1 newly installed, 0 to remove and 0 not upgraded.
end-workflow	Install GH CLI	2026-02-28T18:49:15.8788737Z Need to get 13.8 MB of archives.
end-workflow	Install GH CLI	2026-02-28T18:49:15.8789545Z After this operation, 38.5 MB of additional disk space will be used.
end-workflow	Install GH CLI	2026-02-28T18:49:15.8790764Z Get:1 https://cli.github.com/packages stable/main amd64 gh amd64 2.87.3 [13.8 MB]
end-workflow	Install GH CLI	2026-02-28T18:49:16.7563154Z debconf: delaying package configuration, since apt-utils is not installed
end-workflow	Install GH CLI	2026-02-28T18:49:16.8249900Z Fetched 13.8 MB in 1s (12.5 MB/s)
end-workflow	Install GH CLI	2026-02-28T18:49:16.8542708Z Selecting previously unselected package gh.
end-workflow	Install GH CLI	2026-02-28T18:49:16.8579696Z (Reading database ... 
end-workflow	Install GH CLI	2026-02-28T18:49:16.8580219Z (Reading database ... 5%
end-workflow	Install GH CLI	2026-02-28T18:49:16.8581572Z (Reading database ... 10%
end-workflow	Install GH CLI	2026-02-28T18:49:16.8581992Z (Reading database ... 15%
end-workflow	Install GH CLI	2026-02-28T18:49:16.8582237Z (Reading database ... 20%
end-workflow	Install GH CLI	2026-02-28T18:49:16.8582475Z (Reading database ... 25%
end-workflow	Install GH CLI	2026-02-28T18:49:16.8582730Z (Reading database ... 30%
end-workflow	Install GH CLI	2026-02-28T18:49:16.8582971Z (Reading database ... 35%
end-workflow	Install GH CLI	2026-02-28T18:49:16.8583217Z (Reading database ... 40%
end-workflow	Install GH CLI	2026-02-28T18:49:16.8583455Z (Reading database ... 45%
end-workflow	Install GH CLI	2026-02-28T18:49:16.8583698Z (Reading database ... 50%
end-workflow	Install GH CLI	2026-02-28T18:49:16.8583936Z (Reading database ... 55%
end-workflow	Install GH CLI	2026-02-28T18:49:16.8584178Z (Reading database ... 60%
end-workflow	Install GH CLI	2026-02-28T18:49:16.8595229Z (Reading database ... 65%
end-workflow	Install GH CLI	2026-02-28T18:49:16.8615238Z (Reading database ... 70%
end-workflow	Install GH CLI	2026-02-28T18:49:16.8633404Z (Reading database ... 75%
end-workflow	Install GH CLI	2026-02-28T18:49:16.8640674Z (Reading database ... 80%
end-workflow	Install GH CLI	2026-02-28T18:49:16.8645019Z (Reading database ... 85%
end-workflow	Install GH CLI	2026-02-28T18:49:16.8655446Z (Reading database ... 90%
end-workflow	Install GH CLI	2026-02-28T18:49:16.8669910Z (Reading database ... 95%
end-workflow	Install GH CLI	2026-02-28T18:49:16.8670331Z (Reading database ... 100%
end-workflow	Install GH CLI	2026-02-28T18:49:16.8670822Z (Reading database ... 14387 files and directories currently installed.)
end-workflow	Install GH CLI	2026-02-28T18:49:16.8678244Z Preparing to unpack .../archives/gh_2.87.3_amd64.deb ...
end-workflow	Install GH CLI	2026-02-28T18:49:16.8712509Z Unpacking gh (2.87.3) ...
end-workflow	Install GH CLI	2026-02-28T18:49:17.1118501Z Setting up gh (2.87.3) ...
end-workflow	Trigger Inspector	Ôªø2026-02-28T18:49:17.1682260Z ##[group]Run gh workflow run inspector.yml \
end-workflow	Trigger Inspector	2026-02-28T18:49:17.1682807Z [36;1mgh workflow run inspector.yml \[0m
end-workflow	Trigger Inspector	2026-02-28T18:49:17.1683305Z [36;1m  -f workflow_name="Ka0s Status MongDB Report" \[0m
end-workflow	Trigger Inspector	2026-02-28T18:49:17.1683784Z [36;1m  -f run_id="22526762257" \[0m
end-workflow	Trigger Inspector	2026-02-28T18:49:17.1684155Z [36;1m  -f status="success"[0m
end-workflow	Trigger Inspector	2026-02-28T18:49:17.1699526Z shell: /usr/bin/bash -e {0}
end-workflow	Trigger Inspector	2026-02-28T18:49:17.1699893Z env:
end-workflow	Trigger Inspector	2026-02-28T18:49:17.1700175Z   PYTHON_VERSION: 3.9
end-workflow	Trigger Inspector	2026-02-28T18:49:17.1701447Z   MONGO_SUPERUSER_CONNECTION: ***
end-workflow	Trigger Inspector	2026-02-28T18:49:17.1701983Z   MONGO_NEW_PASS: ***
end-workflow	Trigger Inspector	2026-02-28T18:49:17.1702456Z   MONGO_SCRIPT_CREATE: devops/core/mongo/scripts/mongodb_status_report.py
end-workflow	Trigger Inspector	2026-02-28T18:49:17.1703017Z   KAOS_CODE: 22526762257
end-workflow	Trigger Inspector	2026-02-28T18:49:17.1703336Z   REPORT_SCAN: audit/
end-workflow	Trigger Inspector	2026-02-28T18:49:17.1703642Z   REPORT_PATH: audit/mongodb/
end-workflow	Trigger Inspector	2026-02-28T18:49:17.1703991Z   REPORT_FILENAME: 22526762257.json
end-workflow	Trigger Inspector	2026-02-28T18:49:17.1704380Z   KAOS_MODULE: [Ka0s] Status MongDB Report
end-workflow	Trigger Inspector	2026-02-28T18:49:17.1705112Z   GH_TOKEN: ***
end-workflow	Trigger Inspector	2026-02-28T18:49:17.1705390Z ##[endgroup]
end-workflow	Trigger Inspector	2026-02-28T18:49:18.9135840Z https://github.com/Ka0s-Klaus/ka0s/actions/runs/22526802132
end-workflow	Post Checkout repository	Ôªø2026-02-28T18:49:18.9607015Z Post job cleanup.
end-workflow	Post Checkout repository	2026-02-28T18:49:19.0695346Z [command]/usr/bin/git version
end-workflow	Post Checkout repository	2026-02-28T18:49:19.0742130Z git version 2.53.0
end-workflow	Post Checkout repository	2026-02-28T18:49:19.0794282Z Temporarily overriding HOME='/home/runner/_work/_temp/d2a56ece-65ac-45ae-af2e-0c9eaa91202f' before making global git config changes
end-workflow	Post Checkout repository	2026-02-28T18:49:19.0798065Z Adding repository directory to the temporary git global config as a safe directory
end-workflow	Post Checkout repository	2026-02-28T18:49:19.0803204Z [command]/usr/bin/git config --global --add safe.directory /home/runner/_work/ka0s/ka0s
end-workflow	Post Checkout repository	2026-02-28T18:49:19.0850131Z [command]/usr/bin/git config --local --name-only --get-regexp core\.sshCommand
end-workflow	Post Checkout repository	2026-02-28T18:49:19.0900446Z [command]/usr/bin/git submodule foreach --recursive sh -c "git config --local --name-only --get-regexp 'core\.sshCommand' && git config --local --unset-all 'core.sshCommand' || :"
end-workflow	Post Checkout repository	2026-02-28T18:49:19.1241572Z [command]/usr/bin/git config --local --name-only --get-regexp http\.https\:\/\/github\.com\/\.extraheader
end-workflow	Post Checkout repository	2026-02-28T18:49:19.1273441Z http.https://github.com/.extraheader
end-workflow	Post Checkout repository	2026-02-28T18:49:19.1288483Z [command]/usr/bin/git config --local --unset-all http.https://github.com/.extraheader
end-workflow	Post Checkout repository	2026-02-28T18:49:19.1332155Z [command]/usr/bin/git submodule foreach --recursive sh -c "git config --local --name-only --get-regexp 'http\.https\:\/\/github\.com\/\.extraheader' && git config --local --unset-all 'http.https://github.com/.extraheader' || :"
end-workflow	Post Checkout repository	2026-02-28T18:49:19.1672932Z [command]/usr/bin/git config --local --name-only --get-regexp ^includeIf\.gitdir:
end-workflow	Post Checkout repository	2026-02-28T18:49:19.1715791Z [command]/usr/bin/git submodule foreach --recursive git config --local --show-origin --name-only --get-regexp remote.origin.url
end-workflow	Complete job	Ôªø2026-02-28T18:49:19.2186678Z Cleaning up orphan processes
