job-core	Set up job	Ôªø2026-02-28T13:03:33.8567998Z Current runner version: '2.332.0'
job-core	Set up job	2026-02-28T13:03:33.8576886Z Runner name: 'swarm-runners-scaleset-hkss5-runner-hd5d9'
job-core	Set up job	2026-02-28T13:03:33.8578298Z Runner group name: 'Default'
job-core	Set up job	2026-02-28T13:03:33.8579402Z Machine name: 'swarm-runners-scaleset-hkss5-runner-hd5d9'
job-core	Set up job	2026-02-28T13:03:33.8583764Z ##[group]GITHUB_TOKEN Permissions
job-core	Set up job	2026-02-28T13:03:33.8586905Z Actions: write
job-core	Set up job	2026-02-28T13:03:33.8587532Z Contents: write
job-core	Set up job	2026-02-28T13:03:33.8588085Z Issues: write
job-core	Set up job	2026-02-28T13:03:33.8588722Z Metadata: read
job-core	Set up job	2026-02-28T13:03:33.8589312Z PullRequests: write
job-core	Set up job	2026-02-28T13:03:33.8589909Z ##[endgroup]
job-core	Set up job	2026-02-28T13:03:33.8592170Z Secret source: Actions
job-core	Set up job	2026-02-28T13:03:33.8592966Z Prepare workflow directory
job-core	Set up job	2026-02-28T13:03:33.9181821Z Prepare all required actions
job-core	Set up job	2026-02-28T13:03:33.9222991Z Getting action download info
job-core	Set up job	2026-02-28T13:03:34.5578262Z Download action repository 'actions/checkout@v4' (SHA:34e114876b0b11c390a56381ad16ebd13914f8d5)
job-core	Set up job	2026-02-28T13:03:35.4208881Z Download action repository 'actions/setup-python@v4' (SHA:7f4fc3e22c37d6ff65e88745f38bd3157c663f7c)
job-core	Set up job	2026-02-28T13:03:36.3143259Z Download action repository 'actions/upload-artifact@v4' (SHA:ea165f8d65b6e75b540449e92b4886f43607fa02)
job-core	Set up job	2026-02-28T13:03:37.4567950Z Complete job name: job-core
job-core	Checkout code	Ôªø2026-02-28T13:03:37.5228402Z ##[group]Run actions/checkout@v4
job-core	Checkout code	2026-02-28T13:03:37.5229209Z with:
job-core	Checkout code	2026-02-28T13:03:37.5229543Z   fetch-depth: 0
job-core	Checkout code	2026-02-28T13:03:37.5229885Z   repository: Ka0s-Klaus/ka0s
job-core	Checkout code	2026-02-28T13:03:37.5230782Z   token: ***
job-core	Checkout code	2026-02-28T13:03:37.5231114Z   ssh-strict: true
job-core	Checkout code	2026-02-28T13:03:37.5231449Z   ssh-user: git
job-core	Checkout code	2026-02-28T13:03:37.5231780Z   persist-credentials: true
job-core	Checkout code	2026-02-28T13:03:37.5232153Z   clean: true
job-core	Checkout code	2026-02-28T13:03:37.5232495Z   sparse-checkout-cone-mode: true
job-core	Checkout code	2026-02-28T13:03:37.5232894Z   fetch-tags: false
job-core	Checkout code	2026-02-28T13:03:37.5233234Z   show-progress: true
job-core	Checkout code	2026-02-28T13:03:37.5233577Z   lfs: false
job-core	Checkout code	2026-02-28T13:03:37.5233898Z   submodules: false
job-core	Checkout code	2026-02-28T13:03:37.5234249Z   set-safe-directory: true
job-core	Checkout code	2026-02-28T13:03:37.5235191Z env:
job-core	Checkout code	2026-02-28T13:03:37.5235583Z   PYTHON_VERSION: 3.9
job-core	Checkout code	2026-02-28T13:03:37.5236631Z   MONGO_SUPERUSER_CONNECTION: ***
job-core	Checkout code	2026-02-28T13:03:37.5237168Z   MONGO_NEW_PASS: ***
job-core	Checkout code	2026-02-28T13:03:37.5237651Z   MONGO_SCRIPT_CREATE: devops/core/mongo/scripts/mongodb_status_report.py
job-core	Checkout code	2026-02-28T13:03:37.5238237Z   KAOS_CODE: 22521279100
job-core	Checkout code	2026-02-28T13:03:37.5238585Z   REPORT_SCAN: audit/
job-core	Checkout code	2026-02-28T13:03:37.5238939Z   REPORT_PATH: audit/mongodb/
job-core	Checkout code	2026-02-28T13:03:37.5239329Z   REPORT_FILENAME: 22521279100.json
job-core	Checkout code	2026-02-28T13:03:37.5239741Z   KAOS_MODULE: [Ka0s] Status MongDB Report
job-core	Checkout code	2026-02-28T13:03:37.5240147Z   GITHUB_OUTPUT: 
job-core	Checkout code	2026-02-28T13:03:37.5240467Z ##[endgroup]
job-core	Checkout code	2026-02-28T13:03:37.6537854Z Syncing repository: Ka0s-Klaus/ka0s
job-core	Checkout code	2026-02-28T13:03:37.6539720Z ##[group]Getting Git version info
job-core	Checkout code	2026-02-28T13:03:37.6540257Z Working directory is '/home/runner/_work/ka0s/ka0s'
job-core	Checkout code	2026-02-28T13:03:37.6541021Z [command]/usr/bin/git version
job-core	Checkout code	2026-02-28T13:03:37.6541411Z git version 2.53.0
job-core	Checkout code	2026-02-28T13:03:37.6554201Z ##[endgroup]
job-core	Checkout code	2026-02-28T13:03:37.6573016Z Temporarily overriding HOME='/home/runner/_work/_temp/8d66212a-2254-45dd-bdd8-228663f962e5' before making global git config changes
job-core	Checkout code	2026-02-28T13:03:37.6574161Z Adding repository directory to the temporary git global config as a safe directory
job-core	Checkout code	2026-02-28T13:03:37.6580589Z [command]/usr/bin/git config --global --add safe.directory /home/runner/_work/ka0s/ka0s
job-core	Checkout code	2026-02-28T13:03:37.6639844Z Deleting the contents of '/home/runner/_work/ka0s/ka0s'
job-core	Checkout code	2026-02-28T13:03:37.6645941Z ##[group]Initializing the repository
job-core	Checkout code	2026-02-28T13:03:37.6650842Z [command]/usr/bin/git init /home/runner/_work/ka0s/ka0s
job-core	Checkout code	2026-02-28T13:03:37.6713276Z hint: Using 'master' as the name for the initial branch. This default branch name
job-core	Checkout code	2026-02-28T13:03:37.6715088Z hint: will change to "main" in Git 3.0. To configure the initial branch name
job-core	Checkout code	2026-02-28T13:03:37.6715903Z hint: to use in all of your new repositories, which will suppress this warning,
job-core	Checkout code	2026-02-28T13:03:37.6716509Z hint: call:
job-core	Checkout code	2026-02-28T13:03:37.6716828Z hint:
job-core	Checkout code	2026-02-28T13:03:37.6717775Z hint: 	git config --global init.defaultBranch <name>
job-core	Checkout code	2026-02-28T13:03:37.6718250Z hint:
job-core	Checkout code	2026-02-28T13:03:37.6718706Z hint: Names commonly chosen instead of 'master' are 'main', 'trunk' and
job-core	Checkout code	2026-02-28T13:03:37.6719407Z hint: 'development'. The just-created branch can be renamed via this command:
job-core	Checkout code	2026-02-28T13:03:37.6719990Z hint:
job-core	Checkout code	2026-02-28T13:03:37.6720327Z hint: 	git branch -m <name>
job-core	Checkout code	2026-02-28T13:03:37.6720696Z hint:
job-core	Checkout code	2026-02-28T13:03:37.6721179Z hint: Disable this message with "git config set advice.defaultBranchName false"
job-core	Checkout code	2026-02-28T13:03:37.6721901Z Initialized empty Git repository in /home/runner/_work/ka0s/ka0s/.git/
job-core	Checkout code	2026-02-28T13:03:37.6724224Z [command]/usr/bin/git remote add origin https://github.com/Ka0s-Klaus/ka0s
job-core	Checkout code	2026-02-28T13:03:37.6768994Z ##[endgroup]
job-core	Checkout code	2026-02-28T13:03:37.6769787Z ##[group]Disabling automatic garbage collection
job-core	Checkout code	2026-02-28T13:03:37.6773398Z [command]/usr/bin/git config --local gc.auto 0
job-core	Checkout code	2026-02-28T13:03:37.6815540Z ##[endgroup]
job-core	Checkout code	2026-02-28T13:03:37.6816246Z ##[group]Setting up auth
job-core	Checkout code	2026-02-28T13:03:37.6822704Z [command]/usr/bin/git config --local --name-only --get-regexp core\.sshCommand
job-core	Checkout code	2026-02-28T13:03:37.6865177Z [command]/usr/bin/git submodule foreach --recursive sh -c "git config --local --name-only --get-regexp 'core\.sshCommand' && git config --local --unset-all 'core.sshCommand' || :"
job-core	Checkout code	2026-02-28T13:03:37.7197723Z [command]/usr/bin/git config --local --name-only --get-regexp http\.https\:\/\/github\.com\/\.extraheader
job-core	Checkout code	2026-02-28T13:03:37.7237138Z [command]/usr/bin/git submodule foreach --recursive sh -c "git config --local --name-only --get-regexp 'http\.https\:\/\/github\.com\/\.extraheader' && git config --local --unset-all 'http.https://github.com/.extraheader' || :"
job-core	Checkout code	2026-02-28T13:03:37.7566478Z [command]/usr/bin/git config --local --name-only --get-regexp ^includeIf\.gitdir:
job-core	Checkout code	2026-02-28T13:03:37.7606933Z [command]/usr/bin/git submodule foreach --recursive git config --local --show-origin --name-only --get-regexp remote.origin.url
job-core	Checkout code	2026-02-28T13:03:37.7939291Z [command]/usr/bin/git config --local http.https://github.com/.extraheader AUTHORIZATION: basic ***
job-core	Checkout code	2026-02-28T13:03:37.7999935Z ##[endgroup]
job-core	Checkout code	2026-02-28T13:03:37.8000674Z ##[group]Fetching the repository
job-core	Checkout code	2026-02-28T13:03:37.8008370Z [command]/usr/bin/git -c protocol.version=2 fetch --prune --no-recurse-submodules origin +refs/heads/*:refs/remotes/origin/* +refs/tags/*:refs/tags/*
job-core	Checkout code	2026-02-28T13:03:59.6013305Z From https://github.com/Ka0s-Klaus/ka0s
job-core	Checkout code	2026-02-28T13:03:59.6014800Z  * [new branch]          F3450-modelo-operativo -> origin/F3450-modelo-operativo
job-core	Checkout code	2026-02-28T13:03:59.6015819Z  * [new branch]          H1276-modulo-observabilidad -> origin/H1276-modulo-observabilidad
job-core	Checkout code	2026-02-28T13:03:59.6016557Z  * [new branch]          H3596-deploy-itop      -> origin/H3596-deploy-itop
job-core	Checkout code	2026-02-28T13:03:59.6017246Z  * [new branch]          H4170-flujo-detallado-zabbix---github -> origin/H4170-flujo-detallado-zabbix---github
job-core	Checkout code	2026-02-28T13:03:59.6017943Z  * [new branch]          H4191-request-cambios  -> origin/H4191-request-cambios
job-core	Checkout code	2026-02-28T13:03:59.6018716Z  * [new branch]          H4200-request-recomendaciones-de-auditoria -> origin/H4200-request-recomendaciones-de-auditoria
job-core	Checkout code	2026-02-28T13:03:59.6019425Z  * [new branch]          main                   -> origin/main
job-core	Checkout code	2026-02-28T13:03:59.6019963Z  * [new tag]             0.0.0                  -> 0.0.0
job-core	Checkout code	2026-02-28T13:03:59.6020344Z  * [new tag]             0.0.1                  -> 0.0.1
job-core	Checkout code	2026-02-28T13:03:59.6020707Z  * [new tag]             0.0.10                 -> 0.0.10
job-core	Checkout code	2026-02-28T13:03:59.6021092Z  * [new tag]             0.0.100                -> 0.0.100
job-core	Checkout code	2026-02-28T13:03:59.6021505Z  * [new tag]             0.0.101                -> 0.0.101
job-core	Checkout code	2026-02-28T13:03:59.6021882Z  * [new tag]             0.0.102                -> 0.0.102
job-core	Checkout code	2026-02-28T13:03:59.6022281Z  * [new tag]             0.0.103                -> 0.0.103
job-core	Checkout code	2026-02-28T13:03:59.6022851Z  * [new tag]             0.0.104                -> 0.0.104
job-core	Checkout code	2026-02-28T13:03:59.6023257Z  * [new tag]             0.0.105                -> 0.0.105
job-core	Checkout code	2026-02-28T13:03:59.6024079Z  * [new tag]             0.0.106                -> 0.0.106
job-core	Checkout code	2026-02-28T13:03:59.6025061Z  * [new tag]             0.0.107                -> 0.0.107
job-core	Checkout code	2026-02-28T13:03:59.6088829Z  * [new tag]             0.0.108                -> 0.0.108
job-core	Checkout code	2026-02-28T13:03:59.6089343Z  * [new tag]             0.0.109                -> 0.0.109
job-core	Checkout code	2026-02-28T13:03:59.6089716Z  * [new tag]             0.0.11                 -> 0.0.11
job-core	Checkout code	2026-02-28T13:03:59.6090094Z  * [new tag]             0.0.110                -> 0.0.110
job-core	Checkout code	2026-02-28T13:03:59.6090494Z  * [new tag]             0.0.111                -> 0.0.111
job-core	Checkout code	2026-02-28T13:03:59.6090893Z  * [new tag]             0.0.112                -> 0.0.112
job-core	Checkout code	2026-02-28T13:03:59.6091283Z  * [new tag]             0.0.113                -> 0.0.113
job-core	Checkout code	2026-02-28T13:03:59.6091649Z  * [new tag]             0.0.114                -> 0.0.114
job-core	Checkout code	2026-02-28T13:03:59.6092025Z  * [new tag]             0.0.115                -> 0.0.115
job-core	Checkout code	2026-02-28T13:03:59.6092427Z  * [new tag]             0.0.116                -> 0.0.116
job-core	Checkout code	2026-02-28T13:03:59.6092945Z  * [new tag]             0.0.117                -> 0.0.117
job-core	Checkout code	2026-02-28T13:03:59.6093853Z  * [new tag]             0.0.118                -> 0.0.118
job-core	Checkout code	2026-02-28T13:03:59.6094312Z  * [new tag]             0.0.119                -> 0.0.119
job-core	Checkout code	2026-02-28T13:03:59.6097659Z  * [new tag]             0.0.12                 -> 0.0.12
job-core	Checkout code	2026-02-28T13:03:59.6098025Z  * [new tag]             0.0.120                -> 0.0.120
job-core	Checkout code	2026-02-28T13:03:59.6098379Z  * [new tag]             0.0.121                -> 0.0.121
job-core	Checkout code	2026-02-28T13:03:59.6098736Z  * [new tag]             0.0.122                -> 0.0.122
job-core	Checkout code	2026-02-28T13:03:59.6099090Z  * [new tag]             0.0.123                -> 0.0.123
job-core	Checkout code	2026-02-28T13:03:59.6099442Z  * [new tag]             0.0.124                -> 0.0.124
job-core	Checkout code	2026-02-28T13:03:59.6099800Z  * [new tag]             0.0.125                -> 0.0.125
job-core	Checkout code	2026-02-28T13:03:59.6100158Z  * [new tag]             0.0.126                -> 0.0.126
job-core	Checkout code	2026-02-28T13:03:59.6100528Z  * [new tag]             0.0.127                -> 0.0.127
job-core	Checkout code	2026-02-28T13:03:59.6100889Z  * [new tag]             0.0.128                -> 0.0.128
job-core	Checkout code	2026-02-28T13:03:59.6101250Z  * [new tag]             0.0.129                -> 0.0.129
job-core	Checkout code	2026-02-28T13:03:59.6101615Z  * [new tag]             0.0.13                 -> 0.0.13
job-core	Checkout code	2026-02-28T13:03:59.6102000Z  * [new tag]             0.0.130                -> 0.0.130
job-core	Checkout code	2026-02-28T13:03:59.6102382Z  * [new tag]             0.0.131                -> 0.0.131
job-core	Checkout code	2026-02-28T13:03:59.6102760Z  * [new tag]             0.0.132                -> 0.0.132
job-core	Checkout code	2026-02-28T13:03:59.6103120Z  * [new tag]             0.0.133                -> 0.0.133
job-core	Checkout code	2026-02-28T13:03:59.6103490Z  * [new tag]             0.0.134                -> 0.0.134
job-core	Checkout code	2026-02-28T13:03:59.6103845Z  * [new tag]             0.0.135                -> 0.0.135
job-core	Checkout code	2026-02-28T13:03:59.6104198Z  * [new tag]             0.0.136                -> 0.0.136
job-core	Checkout code	2026-02-28T13:03:59.6104828Z  * [new tag]             0.0.137                -> 0.0.137
job-core	Checkout code	2026-02-28T13:03:59.6105444Z  * [new tag]             0.0.138                -> 0.0.138
job-core	Checkout code	2026-02-28T13:03:59.6105791Z  * [new tag]             0.0.139                -> 0.0.139
job-core	Checkout code	2026-02-28T13:03:59.6106139Z  * [new tag]             0.0.14                 -> 0.0.14
job-core	Checkout code	2026-02-28T13:03:59.6106491Z  * [new tag]             0.0.140                -> 0.0.140
job-core	Checkout code	2026-02-28T13:03:59.6106835Z  * [new tag]             0.0.141                -> 0.0.141
job-core	Checkout code	2026-02-28T13:03:59.6107183Z  * [new tag]             0.0.142                -> 0.0.142
job-core	Checkout code	2026-02-28T13:03:59.6107532Z  * [new tag]             0.0.143                -> 0.0.143
job-core	Checkout code	2026-02-28T13:03:59.6107875Z  * [new tag]             0.0.144                -> 0.0.144
job-core	Checkout code	2026-02-28T13:03:59.6108223Z  * [new tag]             0.0.145                -> 0.0.145
job-core	Checkout code	2026-02-28T13:03:59.6108568Z  * [new tag]             0.0.146                -> 0.0.146
job-core	Checkout code	2026-02-28T13:03:59.6108914Z  * [new tag]             0.0.147                -> 0.0.147
job-core	Checkout code	2026-02-28T13:03:59.6109261Z  * [new tag]             0.0.148                -> 0.0.148
job-core	Checkout code	2026-02-28T13:03:59.6109833Z  * [new tag]             0.0.149                -> 0.0.149
job-core	Checkout code	2026-02-28T13:03:59.6110198Z  * [new tag]             0.0.15                 -> 0.0.15
job-core	Checkout code	2026-02-28T13:03:59.6110589Z  * [new tag]             0.0.150                -> 0.0.150
job-core	Checkout code	2026-02-28T13:03:59.6110943Z  * [new tag]             0.0.151                -> 0.0.151
job-core	Checkout code	2026-02-28T13:03:59.6111293Z  * [new tag]             0.0.152                -> 0.0.152
job-core	Checkout code	2026-02-28T13:03:59.6111646Z  * [new tag]             0.0.153                -> 0.0.153
job-core	Checkout code	2026-02-28T13:03:59.6112008Z  * [new tag]             0.0.154                -> 0.0.154
job-core	Checkout code	2026-02-28T13:03:59.6112364Z  * [new tag]             0.0.155                -> 0.0.155
job-core	Checkout code	2026-02-28T13:03:59.6112723Z  * [new tag]             0.0.156                -> 0.0.156
job-core	Checkout code	2026-02-28T13:03:59.6113081Z  * [new tag]             0.0.157                -> 0.0.157
job-core	Checkout code	2026-02-28T13:03:59.6113441Z  * [new tag]             0.0.158                -> 0.0.158
job-core	Checkout code	2026-02-28T13:03:59.6113806Z  * [new tag]             0.0.159                -> 0.0.159
job-core	Checkout code	2026-02-28T13:03:59.6114160Z  * [new tag]             0.0.16                 -> 0.0.16
job-core	Checkout code	2026-02-28T13:03:59.6115218Z  * [new tag]             0.0.160                -> 0.0.160
job-core	Checkout code	2026-02-28T13:03:59.6115965Z  * [new tag]             0.0.161                -> 0.0.161
job-core	Checkout code	2026-02-28T13:03:59.6116452Z  * [new tag]             0.0.162                -> 0.0.162
job-core	Checkout code	2026-02-28T13:03:59.6116826Z  * [new tag]             0.0.163                -> 0.0.163
job-core	Checkout code	2026-02-28T13:03:59.6117183Z  * [new tag]             0.0.164                -> 0.0.164
job-core	Checkout code	2026-02-28T13:03:59.6117539Z  * [new tag]             0.0.165                -> 0.0.165
job-core	Checkout code	2026-02-28T13:03:59.6117898Z  * [new tag]             0.0.166                -> 0.0.166
job-core	Checkout code	2026-02-28T13:03:59.6118251Z  * [new tag]             0.0.167                -> 0.0.167
job-core	Checkout code	2026-02-28T13:03:59.6118608Z  * [new tag]             0.0.168                -> 0.0.168
job-core	Checkout code	2026-02-28T13:03:59.6118965Z  * [new tag]             0.0.169                -> 0.0.169
job-core	Checkout code	2026-02-28T13:03:59.6119329Z  * [new tag]             0.0.17                 -> 0.0.17
job-core	Checkout code	2026-02-28T13:03:59.6119689Z  * [new tag]             0.0.170                -> 0.0.170
job-core	Checkout code	2026-02-28T13:03:59.6120048Z  * [new tag]             0.0.171                -> 0.0.171
job-core	Checkout code	2026-02-28T13:03:59.6120410Z  * [new tag]             0.0.172                -> 0.0.172
job-core	Checkout code	2026-02-28T13:03:59.6120767Z  * [new tag]             0.0.173                -> 0.0.173
job-core	Checkout code	2026-02-28T13:03:59.6121127Z  * [new tag]             0.0.174                -> 0.0.174
job-core	Checkout code	2026-02-28T13:03:59.6121485Z  * [new tag]             0.0.175                -> 0.0.175
job-core	Checkout code	2026-02-28T13:03:59.6121842Z  * [new tag]             0.0.176                -> 0.0.176
job-core	Checkout code	2026-02-28T13:03:59.6122200Z  * [new tag]             0.0.177                -> 0.0.177
job-core	Checkout code	2026-02-28T13:03:59.6122557Z  * [new tag]             0.0.178                -> 0.0.178
job-core	Checkout code	2026-02-28T13:03:59.6122914Z  * [new tag]             0.0.179                -> 0.0.179
job-core	Checkout code	2026-02-28T13:03:59.6123276Z  * [new tag]             0.0.18                 -> 0.0.18
job-core	Checkout code	2026-02-28T13:03:59.6123772Z  * [new tag]             0.0.19                 -> 0.0.19
job-core	Checkout code	2026-02-28T13:03:59.6124293Z  * [new tag]             0.0.2                  -> 0.0.2
job-core	Checkout code	2026-02-28T13:03:59.6124936Z  * [new tag]             0.0.20                 -> 0.0.20
job-core	Checkout code	2026-02-28T13:03:59.6125435Z  * [new tag]             0.0.21                 -> 0.0.21
job-core	Checkout code	2026-02-28T13:03:59.6125795Z  * [new tag]             0.0.22                 -> 0.0.22
job-core	Checkout code	2026-02-28T13:03:59.6126154Z  * [new tag]             0.0.23                 -> 0.0.23
job-core	Checkout code	2026-02-28T13:03:59.6126512Z  * [new tag]             0.0.24                 -> 0.0.24
job-core	Checkout code	2026-02-28T13:03:59.6126860Z  * [new tag]             0.0.25                 -> 0.0.25
job-core	Checkout code	2026-02-28T13:03:59.6127219Z  * [new tag]             0.0.26                 -> 0.0.26
job-core	Checkout code	2026-02-28T13:03:59.6127577Z  * [new tag]             0.0.27                 -> 0.0.27
job-core	Checkout code	2026-02-28T13:03:59.6127931Z  * [new tag]             0.0.28                 -> 0.0.28
job-core	Checkout code	2026-02-28T13:03:59.6128502Z  * [new tag]             0.0.29                 -> 0.0.29
job-core	Checkout code	2026-02-28T13:03:59.6128861Z  * [new tag]             0.0.3                  -> 0.0.3
job-core	Checkout code	2026-02-28T13:03:59.6129214Z  * [new tag]             0.0.30                 -> 0.0.30
job-core	Checkout code	2026-02-28T13:03:59.6129574Z  * [new tag]             0.0.31                 -> 0.0.31
job-core	Checkout code	2026-02-28T13:03:59.6129926Z  * [new tag]             0.0.32                 -> 0.0.32
job-core	Checkout code	2026-02-28T13:03:59.6130281Z  * [new tag]             0.0.33                 -> 0.0.33
job-core	Checkout code	2026-02-28T13:03:59.6130635Z  * [new tag]             0.0.34                 -> 0.0.34
job-core	Checkout code	2026-02-28T13:03:59.6130989Z  * [new tag]             0.0.35                 -> 0.0.35
job-core	Checkout code	2026-02-28T13:03:59.6131760Z  * [new tag]             0.0.36                 -> 0.0.36
job-core	Checkout code	2026-02-28T13:03:59.6132126Z  * [new tag]             0.0.37                 -> 0.0.37
job-core	Checkout code	2026-02-28T13:03:59.6132611Z  * [new tag]             0.0.38                 -> 0.0.38
job-core	Checkout code	2026-02-28T13:03:59.6132961Z  * [new tag]             0.0.39                 -> 0.0.39
job-core	Checkout code	2026-02-28T13:03:59.6133332Z  * [new tag]             0.0.4                  -> 0.0.4
job-core	Checkout code	2026-02-28T13:03:59.6133686Z  * [new tag]             0.0.40                 -> 0.0.40
job-core	Checkout code	2026-02-28T13:03:59.6134042Z  * [new tag]             0.0.41                 -> 0.0.41
job-core	Checkout code	2026-02-28T13:03:59.6134897Z  * [new tag]             0.0.42                 -> 0.0.42
job-core	Checkout code	2026-02-28T13:03:59.6135662Z  * [new tag]             0.0.43                 -> 0.0.43
job-core	Checkout code	2026-02-28T13:03:59.6136149Z  * [new tag]             0.0.44                 -> 0.0.44
job-core	Checkout code	2026-02-28T13:03:59.6136498Z  * [new tag]             0.0.45                 -> 0.0.45
job-core	Checkout code	2026-02-28T13:03:59.6136853Z  * [new tag]             0.0.46                 -> 0.0.46
job-core	Checkout code	2026-02-28T13:03:59.6137208Z  * [new tag]             0.0.47                 -> 0.0.47
job-core	Checkout code	2026-02-28T13:03:59.6137561Z  * [new tag]             0.0.48                 -> 0.0.48
job-core	Checkout code	2026-02-28T13:03:59.6137918Z  * [new tag]             0.0.49                 -> 0.0.49
job-core	Checkout code	2026-02-28T13:03:59.6138276Z  * [new tag]             0.0.5                  -> 0.0.5
job-core	Checkout code	2026-02-28T13:03:59.6138635Z  * [new tag]             0.0.50                 -> 0.0.50
job-core	Checkout code	2026-02-28T13:03:59.6138992Z  * [new tag]             0.0.51                 -> 0.0.51
job-core	Checkout code	2026-02-28T13:03:59.6139343Z  * [new tag]             0.0.52                 -> 0.0.52
job-core	Checkout code	2026-02-28T13:03:59.6139704Z  * [new tag]             0.0.53                 -> 0.0.53
job-core	Checkout code	2026-02-28T13:03:59.6140055Z  * [new tag]             0.0.54                 -> 0.0.54
job-core	Checkout code	2026-02-28T13:03:59.6140410Z  * [new tag]             0.0.55                 -> 0.0.55
job-core	Checkout code	2026-02-28T13:03:59.6140763Z  * [new tag]             0.0.56                 -> 0.0.56
job-core	Checkout code	2026-02-28T13:03:59.6141117Z  * [new tag]             0.0.57                 -> 0.0.57
job-core	Checkout code	2026-02-28T13:03:59.6141474Z  * [new tag]             0.0.58                 -> 0.0.58
job-core	Checkout code	2026-02-28T13:03:59.6141820Z  * [new tag]             0.0.59                 -> 0.0.59
job-core	Checkout code	2026-02-28T13:03:59.6142176Z  * [new tag]             0.0.6                  -> 0.0.6
job-core	Checkout code	2026-02-28T13:03:59.6142669Z  * [new tag]             0.0.60                 -> 0.0.60
job-core	Checkout code	2026-02-28T13:03:59.6143451Z  * [new tag]             0.0.61                 -> 0.0.61
job-core	Checkout code	2026-02-28T13:03:59.6143820Z  * [new tag]             0.0.62                 -> 0.0.62
job-core	Checkout code	2026-02-28T13:03:59.6144186Z  * [new tag]             0.0.63                 -> 0.0.63
job-core	Checkout code	2026-02-28T13:03:59.6156554Z  * [new tag]             0.0.64                 -> 0.0.64
job-core	Checkout code	2026-02-28T13:03:59.6157330Z  * [new tag]             0.0.65                 -> 0.0.65
job-core	Checkout code	2026-02-28T13:03:59.6157693Z  * [new tag]             0.0.66                 -> 0.0.66
job-core	Checkout code	2026-02-28T13:03:59.6158042Z  * [new tag]             0.0.67                 -> 0.0.67
job-core	Checkout code	2026-02-28T13:03:59.6158391Z  * [new tag]             0.0.68                 -> 0.0.68
job-core	Checkout code	2026-02-28T13:03:59.6158738Z  * [new tag]             0.0.69                 -> 0.0.69
job-core	Checkout code	2026-02-28T13:03:59.6159081Z  * [new tag]             0.0.7                  -> 0.0.7
job-core	Checkout code	2026-02-28T13:03:59.6159428Z  * [new tag]             0.0.70                 -> 0.0.70
job-core	Checkout code	2026-02-28T13:03:59.6160038Z  * [new tag]             0.0.71                 -> 0.0.71
job-core	Checkout code	2026-02-28T13:03:59.6160384Z  * [new tag]             0.0.72                 -> 0.0.72
job-core	Checkout code	2026-02-28T13:03:59.6160730Z  * [new tag]             0.0.73                 -> 0.0.73
job-core	Checkout code	2026-02-28T13:03:59.6161082Z  * [new tag]             0.0.74                 -> 0.0.74
job-core	Checkout code	2026-02-28T13:03:59.6161424Z  * [new tag]             0.0.75                 -> 0.0.75
job-core	Checkout code	2026-02-28T13:03:59.6161765Z  * [new tag]             0.0.76                 -> 0.0.76
job-core	Checkout code	2026-02-28T13:03:59.6162110Z  * [new tag]             0.0.77                 -> 0.0.77
job-core	Checkout code	2026-02-28T13:03:59.6162456Z  * [new tag]             0.0.78                 -> 0.0.78
job-core	Checkout code	2026-02-28T13:03:59.6162805Z  * [new tag]             0.0.79                 -> 0.0.79
job-core	Checkout code	2026-02-28T13:03:59.6163152Z  * [new tag]             0.0.8                  -> 0.0.8
job-core	Checkout code	2026-02-28T13:03:59.6163497Z  * [new tag]             0.0.80                 -> 0.0.80
job-core	Checkout code	2026-02-28T13:03:59.6163845Z  * [new tag]             0.0.81                 -> 0.0.81
job-core	Checkout code	2026-02-28T13:03:59.6164192Z  * [new tag]             0.0.82                 -> 0.0.82
job-core	Checkout code	2026-02-28T13:03:59.6164807Z  * [new tag]             0.0.83                 -> 0.0.83
job-core	Checkout code	2026-02-28T13:03:59.6165454Z  * [new tag]             0.0.84                 -> 0.0.84
job-core	Checkout code	2026-02-28T13:03:59.6166145Z  * [new tag]             0.0.85                 -> 0.0.85
job-core	Checkout code	2026-02-28T13:03:59.6166493Z  * [new tag]             0.0.86                 -> 0.0.86
job-core	Checkout code	2026-02-28T13:03:59.6166841Z  * [new tag]             0.0.87                 -> 0.0.87
job-core	Checkout code	2026-02-28T13:03:59.6167183Z  * [new tag]             0.0.88                 -> 0.0.88
job-core	Checkout code	2026-02-28T13:03:59.6167531Z  * [new tag]             0.0.89                 -> 0.0.89
job-core	Checkout code	2026-02-28T13:03:59.6167873Z  * [new tag]             0.0.9                  -> 0.0.9
job-core	Checkout code	2026-02-28T13:03:59.6168217Z  * [new tag]             0.0.90                 -> 0.0.90
job-core	Checkout code	2026-02-28T13:03:59.6168566Z  * [new tag]             0.0.91                 -> 0.0.91
job-core	Checkout code	2026-02-28T13:03:59.6168909Z  * [new tag]             0.0.92                 -> 0.0.92
job-core	Checkout code	2026-02-28T13:03:59.6169260Z  * [new tag]             0.0.93                 -> 0.0.93
job-core	Checkout code	2026-02-28T13:03:59.6169605Z  * [new tag]             0.0.94                 -> 0.0.94
job-core	Checkout code	2026-02-28T13:03:59.6169956Z  * [new tag]             0.0.95                 -> 0.0.95
job-core	Checkout code	2026-02-28T13:03:59.6170304Z  * [new tag]             0.0.96                 -> 0.0.96
job-core	Checkout code	2026-02-28T13:03:59.6170654Z  * [new tag]             0.0.97                 -> 0.0.97
job-core	Checkout code	2026-02-28T13:03:59.6171008Z  * [new tag]             0.0.98                 -> 0.0.98
job-core	Checkout code	2026-02-28T13:03:59.6171351Z  * [new tag]             0.0.99                 -> 0.0.99
job-core	Checkout code	2026-02-28T13:03:59.6171698Z  * [new tag]             0.1.0                  -> 0.1.0
job-core	Checkout code	2026-02-28T13:03:59.6172047Z  * [new tag]             0.1.1                  -> 0.1.1
job-core	Checkout code	2026-02-28T13:03:59.6172393Z  * [new tag]             0.2.0                  -> 0.2.0
job-core	Checkout code	2026-02-28T13:03:59.6172737Z  * [new tag]             0.3.0                  -> 0.3.0
job-core	Checkout code	2026-02-28T13:03:59.6173076Z  * [new tag]             0.3.1                  -> 0.3.1
job-core	Checkout code	2026-02-28T13:03:59.6173451Z  * [new tag]             0.3.10                 -> 0.3.10
job-core	Checkout code	2026-02-28T13:03:59.6173801Z  * [new tag]             0.3.11                 -> 0.3.11
job-core	Checkout code	2026-02-28T13:03:59.6174150Z  * [new tag]             0.3.12                 -> 0.3.12
job-core	Checkout code	2026-02-28T13:03:59.6174547Z  * [new tag]             0.3.13                 -> 0.3.13
job-core	Checkout code	2026-02-28T13:03:59.6175085Z  * [new tag]             0.3.14                 -> 0.3.14
job-core	Checkout code	2026-02-28T13:03:59.6175677Z  * [new tag]             0.3.15                 -> 0.3.15
job-core	Checkout code	2026-02-28T13:03:59.6176026Z  * [new tag]             0.3.16                 -> 0.3.16
job-core	Checkout code	2026-02-28T13:03:59.6176371Z  * [new tag]             0.3.17                 -> 0.3.17
job-core	Checkout code	2026-02-28T13:03:59.6176719Z  * [new tag]             0.3.2                  -> 0.3.2
job-core	Checkout code	2026-02-28T13:03:59.6177063Z  * [new tag]             0.3.3                  -> 0.3.3
job-core	Checkout code	2026-02-28T13:03:59.6177404Z  * [new tag]             0.3.4                  -> 0.3.4
job-core	Checkout code	2026-02-28T13:03:59.6177752Z  * [new tag]             0.3.5                  -> 0.3.5
job-core	Checkout code	2026-02-28T13:03:59.6178556Z  * [new tag]             0.3.6                  -> 0.3.6
job-core	Checkout code	2026-02-28T13:03:59.6178904Z  * [new tag]             0.3.7                  -> 0.3.7
job-core	Checkout code	2026-02-28T13:03:59.6179248Z  * [new tag]             0.3.8                  -> 0.3.8
job-core	Checkout code	2026-02-28T13:03:59.6179597Z  * [new tag]             0.3.9                  -> 0.3.9
job-core	Checkout code	2026-02-28T13:03:59.6179943Z  * [new tag]             0.4.0                  -> 0.4.0
job-core	Checkout code	2026-02-28T13:03:59.6180278Z  * [new tag]             0.4.1                  -> 0.4.1
job-core	Checkout code	2026-02-28T13:03:59.6180624Z  * [new tag]             0.4.2                  -> 0.4.2
job-core	Checkout code	2026-02-28T13:03:59.6180967Z  * [new tag]             0.4.3                  -> 0.4.3
job-core	Checkout code	2026-02-28T13:03:59.6181307Z  * [new tag]             0.4.4                  -> 0.4.4
job-core	Checkout code	2026-02-28T13:03:59.6181647Z  * [new tag]             0.4.5                  -> 0.4.5
job-core	Checkout code	2026-02-28T13:03:59.6181989Z  * [new tag]             0.4.6                  -> 0.4.6
job-core	Checkout code	2026-02-28T13:03:59.6182335Z  * [new tag]             0.4.7                  -> 0.4.7
job-core	Checkout code	2026-02-28T13:03:59.6182677Z  * [new tag]             0.4.8                  -> 0.4.8
job-core	Checkout code	2026-02-28T13:03:59.6183017Z  * [new tag]             0.4.9                  -> 0.4.9
job-core	Checkout code	2026-02-28T13:03:59.6183362Z  * [new tag]             0.5.0                  -> 0.5.0
job-core	Checkout code	2026-02-28T13:03:59.6183889Z  * [new tag]             0.5.1                  -> 0.5.1
job-core	Checkout code	2026-02-28T13:03:59.6184234Z  * [new tag]             0.5.2                  -> 0.5.2
job-core	Checkout code	2026-02-28T13:03:59.6184823Z  * [new tag]             0.6.0                  -> 0.6.0
job-core	Checkout code	2026-02-28T13:03:59.6185590Z  * [new tag]             0.6.1                  -> 0.6.1
job-core	Checkout code	2026-02-28T13:03:59.6185933Z  * [new tag]             0.6.2                  -> 0.6.2
job-core	Checkout code	2026-02-28T13:03:59.6186271Z  * [new tag]             0.6.3                  -> 0.6.3
job-core	Checkout code	2026-02-28T13:03:59.6186610Z  * [new tag]             0.6.4                  -> 0.6.4
job-core	Checkout code	2026-02-28T13:03:59.6186954Z  * [new tag]             0.6.5                  -> 0.6.5
job-core	Checkout code	2026-02-28T13:03:59.6187304Z  * [new tag]             0.6.6                  -> 0.6.6
job-core	Checkout code	2026-02-28T13:03:59.6427381Z [command]/usr/bin/git branch --list --remote origin/main
job-core	Checkout code	2026-02-28T13:03:59.6506812Z   origin/main
job-core	Checkout code	2026-02-28T13:03:59.6519383Z [command]/usr/bin/git rev-parse refs/remotes/origin/main
job-core	Checkout code	2026-02-28T13:03:59.6550824Z a2e7c53f3367022c4b5f31e000ec7c320a70c1e2
job-core	Checkout code	2026-02-28T13:03:59.6557133Z ##[endgroup]
job-core	Checkout code	2026-02-28T13:03:59.6557774Z ##[group]Determining the checkout info
job-core	Checkout code	2026-02-28T13:03:59.6558528Z ##[endgroup]
job-core	Checkout code	2026-02-28T13:03:59.6564240Z [command]/usr/bin/git sparse-checkout disable
job-core	Checkout code	2026-02-28T13:03:59.6629785Z [command]/usr/bin/git config --local --unset-all extensions.worktreeConfig
job-core	Checkout code	2026-02-28T13:03:59.6672188Z ##[group]Checking out the ref
job-core	Checkout code	2026-02-28T13:03:59.6677758Z [command]/usr/bin/git checkout --progress --force -B main refs/remotes/origin/main
job-core	Checkout code	2026-02-28T13:03:59.9213334Z Switched to a new branch 'main'
job-core	Checkout code	2026-02-28T13:03:59.9218552Z branch 'main' set up to track 'origin/main'.
job-core	Checkout code	2026-02-28T13:03:59.9262834Z ##[endgroup]
job-core	Checkout code	2026-02-28T13:03:59.9320124Z [command]/usr/bin/git log -1 --format=%H
job-core	Checkout code	2026-02-28T13:03:59.9353566Z a2e7c53f3367022c4b5f31e000ec7c320a70c1e2
job-core	Install GH CLI	Ôªø2026-02-28T13:03:59.9661782Z Prepare all required actions
job-core	Install GH CLI	2026-02-28T13:03:59.9710885Z ##[group]Run ./.github/actions/install-gh-cli
job-core	Install GH CLI	2026-02-28T13:03:59.9711200Z env:
job-core	Install GH CLI	2026-02-28T13:03:59.9711397Z   PYTHON_VERSION: 3.9
job-core	Install GH CLI	2026-02-28T13:03:59.9712225Z   MONGO_SUPERUSER_CONNECTION: ***
job-core	Install GH CLI	2026-02-28T13:03:59.9712607Z   MONGO_NEW_PASS: ***
job-core	Install GH CLI	2026-02-28T13:03:59.9712942Z   MONGO_SCRIPT_CREATE: devops/core/mongo/scripts/mongodb_status_report.py
job-core	Install GH CLI	2026-02-28T13:03:59.9713614Z   KAOS_CODE: 22521279100
job-core	Install GH CLI	2026-02-28T13:03:59.9713848Z   REPORT_SCAN: audit/
job-core	Install GH CLI	2026-02-28T13:03:59.9714079Z   REPORT_PATH: audit/mongodb/
job-core	Install GH CLI	2026-02-28T13:03:59.9714346Z   REPORT_FILENAME: 22521279100.json
job-core	Install GH CLI	2026-02-28T13:03:59.9714715Z   KAOS_MODULE: [Ka0s] Status MongDB Report
job-core	Install GH CLI	2026-02-28T13:03:59.9715000Z   GITHUB_OUTPUT: 
job-core	Install GH CLI	2026-02-28T13:03:59.9715209Z ##[endgroup]
job-core	Install GH CLI	2026-02-28T13:03:59.9823819Z ##[group]Run type -p curl >/dev/null || (sudo apt-get update && sudo apt-get install curl -y)
job-core	Install GH CLI	2026-02-28T13:03:59.9825261Z [36;1mtype -p curl >/dev/null || (sudo apt-get update && sudo apt-get install curl -y)[0m
job-core	Install GH CLI	2026-02-28T13:03:59.9826451Z [36;1mcurl -fsSL https://cli.github.com/packages/githubcli-archive-keyring.gpg | sudo dd of=/usr/share/keyrings/githubcli-archive-keyring.gpg \[0m
job-core	Install GH CLI	2026-02-28T13:03:59.9827393Z [36;1m&& sudo chmod go+r /usr/share/keyrings/githubcli-archive-keyring.gpg \[0m
job-core	Install GH CLI	2026-02-28T13:03:59.9828487Z [36;1m&& echo "deb [arch=$(dpkg --print-architecture) signed-by=/usr/share/keyrings/githubcli-archive-keyring.gpg] https://cli.github.com/packages stable main" | sudo tee /etc/apt/sources.list.d/github-cli.list > /dev/null \[0m
job-core	Install GH CLI	2026-02-28T13:03:59.9829480Z [36;1m&& sudo apt-get update \[0m
job-core	Install GH CLI	2026-02-28T13:03:59.9829760Z [36;1m&& sudo apt-get install gh -y[0m
job-core	Install GH CLI	2026-02-28T13:03:59.9847000Z shell: /usr/bin/bash --noprofile --norc -e -o pipefail {0}
job-core	Install GH CLI	2026-02-28T13:03:59.9847354Z env:
job-core	Install GH CLI	2026-02-28T13:03:59.9847562Z   PYTHON_VERSION: 3.9
job-core	Install GH CLI	2026-02-28T13:03:59.9848381Z   MONGO_SUPERUSER_CONNECTION: ***
job-core	Install GH CLI	2026-02-28T13:03:59.9848775Z   MONGO_NEW_PASS: ***
job-core	Install GH CLI	2026-02-28T13:03:59.9849111Z   MONGO_SCRIPT_CREATE: devops/core/mongo/scripts/mongodb_status_report.py
job-core	Install GH CLI	2026-02-28T13:03:59.9849514Z   KAOS_CODE: 22521279100
job-core	Install GH CLI	2026-02-28T13:03:59.9849740Z   REPORT_SCAN: audit/
job-core	Install GH CLI	2026-02-28T13:03:59.9849965Z   REPORT_PATH: audit/mongodb/
job-core	Install GH CLI	2026-02-28T13:03:59.9850213Z   REPORT_FILENAME: 22521279100.json
job-core	Install GH CLI	2026-02-28T13:03:59.9850487Z   KAOS_MODULE: [Ka0s] Status MongDB Report
job-core	Install GH CLI	2026-02-28T13:03:59.9850754Z   GITHUB_OUTPUT: 
job-core	Install GH CLI	2026-02-28T13:03:59.9850955Z ##[endgroup]
job-core	Install GH CLI	2026-02-28T13:04:00.1886190Z 4+1 records in
job-core	Install GH CLI	2026-02-28T13:04:00.1886702Z 4+1 records out
job-core	Install GH CLI	2026-02-28T13:04:00.1886988Z 2270 bytes (2.3 kB, 2.2 KiB) copied, 0.179058 s, 12.7 kB/s
job-core	Install GH CLI	2026-02-28T13:04:00.3794120Z Get:1 http://security.ubuntu.com/ubuntu noble-security InRelease [126 kB]
job-core	Install GH CLI	2026-02-28T13:04:00.3806850Z Get:2 https://cli.github.com/packages stable InRelease [3917 B]
job-core	Install GH CLI	2026-02-28T13:04:00.4414178Z Get:3 http://archive.ubuntu.com/ubuntu noble InRelease [256 kB]
job-core	Install GH CLI	2026-02-28T13:04:00.5365857Z Get:4 https://ppa.launchpadcontent.net/git-core/ppa/ubuntu noble InRelease [24.3 kB]
job-core	Install GH CLI	2026-02-28T13:04:00.5960190Z Get:5 http://security.ubuntu.com/ubuntu noble-security/restricted amd64 Packages [3262 kB]
job-core	Install GH CLI	2026-02-28T13:04:00.5989977Z Get:6 https://cli.github.com/packages stable/main amd64 Packages [357 B]
job-core	Install GH CLI	2026-02-28T13:04:00.6883174Z Get:7 https://ppa.launchpadcontent.net/git-core/ppa/ubuntu noble/main amd64 Packages [2992 B]
job-core	Install GH CLI	2026-02-28T13:04:00.7459528Z Get:8 http://archive.ubuntu.com/ubuntu noble-updates InRelease [126 kB]
job-core	Install GH CLI	2026-02-28T13:04:00.7590180Z Get:9 http://security.ubuntu.com/ubuntu noble-security/multiverse amd64 Packages [34.8 kB]
job-core	Install GH CLI	2026-02-28T13:04:00.7599774Z Get:10 http://security.ubuntu.com/ubuntu noble-security/main amd64 Packages [1883 kB]
job-core	Install GH CLI	2026-02-28T13:04:00.7757370Z Get:11 http://security.ubuntu.com/ubuntu noble-security/universe amd64 Packages [1242 kB]
job-core	Install GH CLI	2026-02-28T13:04:00.8247603Z Get:12 http://archive.ubuntu.com/ubuntu noble-backports InRelease [126 kB]
job-core	Install GH CLI	2026-02-28T13:04:00.9005483Z Get:13 http://archive.ubuntu.com/ubuntu noble/multiverse amd64 Packages [331 kB]
job-core	Install GH CLI	2026-02-28T13:04:00.9529468Z Get:14 http://archive.ubuntu.com/ubuntu noble/universe amd64 Packages [19.3 MB]
job-core	Install GH CLI	2026-02-28T13:04:01.3835027Z Get:15 http://archive.ubuntu.com/ubuntu noble/restricted amd64 Packages [117 kB]
job-core	Install GH CLI	2026-02-28T13:04:01.3847313Z Get:16 http://archive.ubuntu.com/ubuntu noble/main amd64 Packages [1808 kB]
job-core	Install GH CLI	2026-02-28T13:04:01.3967150Z Get:17 http://archive.ubuntu.com/ubuntu noble-updates/universe amd64 Packages [2017 kB]
job-core	Install GH CLI	2026-02-28T13:04:01.4127207Z Get:18 http://archive.ubuntu.com/ubuntu noble-updates/restricted amd64 Packages [3471 kB]
job-core	Install GH CLI	2026-02-28T13:04:01.4859401Z Get:19 http://archive.ubuntu.com/ubuntu noble-updates/main amd64 Packages [2275 kB]
job-core	Install GH CLI	2026-02-28T13:04:01.5158536Z Get:20 http://archive.ubuntu.com/ubuntu noble-updates/multiverse amd64 Packages [38.1 kB]
job-core	Install GH CLI	2026-02-28T13:04:01.5162957Z Get:21 http://archive.ubuntu.com/ubuntu noble-backports/universe amd64 Packages [34.6 kB]
job-core	Install GH CLI	2026-02-28T13:04:01.5166468Z Get:22 http://archive.ubuntu.com/ubuntu noble-backports/main amd64 Packages [49.5 kB]
job-core	Install GH CLI	2026-02-28T13:04:02.6203339Z Fetched 36.5 MB in 2s (15.6 MB/s)
job-core	Install GH CLI	2026-02-28T13:04:03.5506590Z Reading package lists...
job-core	Install GH CLI	2026-02-28T13:04:04.5237137Z Reading package lists...
job-core	Install GH CLI	2026-02-28T13:04:04.7487295Z Building dependency tree...
job-core	Install GH CLI	2026-02-28T13:04:04.7487802Z Reading state information...
job-core	Install GH CLI	2026-02-28T13:04:05.1116888Z The following NEW packages will be installed:
job-core	Install GH CLI	2026-02-28T13:04:05.1137641Z   gh
job-core	Install GH CLI	2026-02-28T13:04:05.3372859Z 0 upgraded, 1 newly installed, 0 to remove and 0 not upgraded.
job-core	Install GH CLI	2026-02-28T13:04:05.3377833Z Need to get 13.8 MB of archives.
job-core	Install GH CLI	2026-02-28T13:04:05.3379686Z After this operation, 38.5 MB of additional disk space will be used.
job-core	Install GH CLI	2026-02-28T13:04:05.3382134Z Get:1 https://cli.github.com/packages stable/main amd64 gh amd64 2.87.3 [13.8 MB]
job-core	Install GH CLI	2026-02-28T13:04:05.7745653Z debconf: delaying package configuration, since apt-utils is not installed
job-core	Install GH CLI	2026-02-28T13:04:05.8211183Z Fetched 13.8 MB in 0s (30.5 MB/s)
job-core	Install GH CLI	2026-02-28T13:04:05.8514104Z Selecting previously unselected package gh.
job-core	Install GH CLI	2026-02-28T13:04:05.8561127Z (Reading database ... 
job-core	Install GH CLI	2026-02-28T13:04:05.8561489Z (Reading database ... 5%
job-core	Install GH CLI	2026-02-28T13:04:05.8561808Z (Reading database ... 10%
job-core	Install GH CLI	2026-02-28T13:04:05.8562122Z (Reading database ... 15%
job-core	Install GH CLI	2026-02-28T13:04:05.8562426Z (Reading database ... 20%
job-core	Install GH CLI	2026-02-28T13:04:05.8562733Z (Reading database ... 25%
job-core	Install GH CLI	2026-02-28T13:04:05.8563038Z (Reading database ... 30%
job-core	Install GH CLI	2026-02-28T13:04:05.8563341Z (Reading database ... 35%
job-core	Install GH CLI	2026-02-28T13:04:05.8563648Z (Reading database ... 40%
job-core	Install GH CLI	2026-02-28T13:04:05.8563953Z (Reading database ... 45%
job-core	Install GH CLI	2026-02-28T13:04:05.8564254Z (Reading database ... 50%
job-core	Install GH CLI	2026-02-28T13:04:05.8564777Z (Reading database ... 55%
job-core	Install GH CLI	2026-02-28T13:04:05.8565097Z (Reading database ... 60%
job-core	Install GH CLI	2026-02-28T13:04:05.8576903Z (Reading database ... 65%
job-core	Install GH CLI	2026-02-28T13:04:05.8596372Z (Reading database ... 70%
job-core	Install GH CLI	2026-02-28T13:04:05.8602992Z (Reading database ... 75%
job-core	Install GH CLI	2026-02-28T13:04:05.8619345Z (Reading database ... 80%
job-core	Install GH CLI	2026-02-28T13:04:05.8624487Z (Reading database ... 85%
job-core	Install GH CLI	2026-02-28T13:04:05.8637766Z (Reading database ... 90%
job-core	Install GH CLI	2026-02-28T13:04:05.8659925Z (Reading database ... 95%
job-core	Install GH CLI	2026-02-28T13:04:05.8660270Z (Reading database ... 100%
job-core	Install GH CLI	2026-02-28T13:04:05.8660688Z (Reading database ... 14387 files and directories currently installed.)
job-core	Install GH CLI	2026-02-28T13:04:05.8667651Z Preparing to unpack .../archives/gh_2.87.3_amd64.deb ...
job-core	Install GH CLI	2026-02-28T13:04:05.8700041Z Unpacking gh (2.87.3) ...
job-core	Install GH CLI	2026-02-28T13:04:06.1429544Z Setting up gh (2.87.3) ...
job-core	Set up Python	Ôªø2026-02-28T13:04:06.2450034Z ##[group]Run actions/setup-python@v4
job-core	Set up Python	2026-02-28T13:04:06.2450368Z with:
job-core	Set up Python	2026-02-28T13:04:06.2450571Z   python-version: 3.9
job-core	Set up Python	2026-02-28T13:04:06.2450804Z   check-latest: false
job-core	Set up Python	2026-02-28T13:04:06.2451193Z   token: ***
job-core	Set up Python	2026-02-28T13:04:06.2451408Z   update-environment: true
job-core	Set up Python	2026-02-28T13:04:06.2451664Z   allow-prereleases: false
job-core	Set up Python	2026-02-28T13:04:06.2451894Z env:
job-core	Set up Python	2026-02-28T13:04:06.2452084Z   PYTHON_VERSION: 3.9
job-core	Set up Python	2026-02-28T13:04:06.2452771Z   MONGO_SUPERUSER_CONNECTION: ***
job-core	Set up Python	2026-02-28T13:04:06.2453161Z   MONGO_NEW_PASS: ***
job-core	Set up Python	2026-02-28T13:04:06.2453502Z   MONGO_SCRIPT_CREATE: devops/core/mongo/scripts/mongodb_status_report.py
job-core	Set up Python	2026-02-28T13:04:06.2453908Z   KAOS_CODE: 22521279100
job-core	Set up Python	2026-02-28T13:04:06.2454140Z   REPORT_SCAN: audit/
job-core	Set up Python	2026-02-28T13:04:06.2454372Z   REPORT_PATH: audit/mongodb/
job-core	Set up Python	2026-02-28T13:04:06.2455259Z   REPORT_FILENAME: 22521279100.json
job-core	Set up Python	2026-02-28T13:04:06.2455551Z   KAOS_MODULE: [Ka0s] Status MongDB Report
job-core	Set up Python	2026-02-28T13:04:06.2455833Z   GITHUB_OUTPUT: 
job-core	Set up Python	2026-02-28T13:04:06.2456042Z ##[endgroup]
job-core	Set up Python	2026-02-28T13:04:06.4393208Z ##[group]Installed versions
job-core	Set up Python	2026-02-28T13:04:06.4416808Z Version 3.9 was not found in the local cache
job-core	Set up Python	2026-02-28T13:04:07.5178562Z Version 3.9 is available for downloading
job-core	Set up Python	2026-02-28T13:04:07.5179279Z Download from "https://github.com/actions/python-versions/releases/download/3.9.25-19039189640/python-3.9.25-linux-24.04-x64.tar.gz"
job-core	Set up Python	2026-02-28T13:04:08.6603301Z Extract downloaded archive
job-core	Set up Python	2026-02-28T13:04:08.6702674Z [command]/usr/bin/tar xz --warning=no-unknown-keyword -C /home/runner/_work/_temp/5d5c6d46-a24b-46d6-b24a-bc44dcf5812d -f /home/runner/_work/_temp/2a44e93c-af4b-4756-a61c-22d36dd27085
job-core	Set up Python	2026-02-28T13:04:10.2032866Z Execute installation script
job-core	Set up Python	2026-02-28T13:04:10.2135391Z Check if Python hostedtoolcache folder exist...
job-core	Set up Python	2026-02-28T13:04:10.2136278Z Creating Python hostedtoolcache folder...
job-core	Set up Python	2026-02-28T13:04:10.2151265Z Create Python 3.9.25 folder
job-core	Set up Python	2026-02-28T13:04:10.2167997Z Copy Python binaries to hostedtoolcache folder
job-core	Set up Python	2026-02-28T13:04:11.1671704Z Create additional symlinks (Required for the UsePythonVersion Azure Pipelines task and the setup-python GitHub Action)
job-core	Set up Python	2026-02-28T13:04:11.1718471Z Upgrading pip...
job-core	Set up Python	2026-02-28T13:04:13.1587443Z Looking in links: /tmp/tmpes4kyf73
job-core	Set up Python	2026-02-28T13:04:13.1593286Z Requirement already satisfied: setuptools in /home/runner/_work/_tool/Python/3.9.25/x64/lib/python3.9/site-packages (79.0.1)
job-core	Set up Python	2026-02-28T13:04:13.1597703Z Requirement already satisfied: pip in /home/runner/_work/_tool/Python/3.9.25/x64/lib/python3.9/site-packages (23.0.1)
job-core	Set up Python	2026-02-28T13:04:14.4441184Z Collecting pip
job-core	Set up Python	2026-02-28T13:04:14.5324315Z Downloading pip-26.0.1-py3-none-any.whl (1.8 MB)
job-core	Set up Python	2026-02-28T13:04:14.6082693Z ‚îÅ‚îÅ‚îÅ‚îÅ‚îÅ‚îÅ‚îÅ‚îÅ‚îÅ‚îÅ‚îÅ‚îÅ‚îÅ‚îÅ‚îÅ‚îÅ‚îÅ‚îÅ‚îÅ‚îÅ‚îÅ‚îÅ‚îÅ‚îÅ‚îÅ‚îÅ‚îÅ‚îÅ‚îÅ‚îÅ‚îÅ‚îÅ‚îÅ‚îÅ‚îÅ‚îÅ‚îÅ‚îÅ‚îÅ‚îÅ 1.8/1.8 MB 25.7 MB/s eta 0:00:00
job-core	Set up Python	2026-02-28T13:04:14.6083165Z 
job-core	Set up Python	2026-02-28T13:04:14.6792860Z Installing collected packages: pip
job-core	Set up Python	2026-02-28T13:04:14.6793495Z Attempting uninstall: pip
job-core	Set up Python	2026-02-28T13:04:14.6800767Z Found existing installation: pip 23.0.1
job-core	Set up Python	2026-02-28T13:04:14.9828291Z Uninstalling pip-23.0.1:
job-core	Set up Python	2026-02-28T13:04:14.9929974Z Successfully uninstalled pip-23.0.1
job-core	Set up Python	2026-02-28T13:04:15.8787537Z Successfully installed pip-26.0.1
job-core	Set up Python	2026-02-28T13:04:15.9577966Z Create complete file
job-core	Set up Python	2026-02-28T13:04:15.9618744Z Successfully set up CPython (3.9.25)
job-core	Set up Python	2026-02-28T13:04:15.9619783Z ##[endgroup]
job-core	Install dependencies	Ôªø2026-02-28T13:04:15.9811761Z ##[group]Run pip install pymongo
job-core	Install dependencies	2026-02-28T13:04:15.9812125Z [36;1mpip install pymongo[0m
job-core	Install dependencies	2026-02-28T13:04:15.9827619Z shell: /usr/bin/bash -e {0}
job-core	Install dependencies	2026-02-28T13:04:15.9827901Z env:
job-core	Install dependencies	2026-02-28T13:04:15.9828110Z   PYTHON_VERSION: 3.9
job-core	Install dependencies	2026-02-28T13:04:15.9828939Z   MONGO_SUPERUSER_CONNECTION: ***
job-core	Install dependencies	2026-02-28T13:04:15.9829344Z   MONGO_NEW_PASS: ***
job-core	Install dependencies	2026-02-28T13:04:15.9829685Z   MONGO_SCRIPT_CREATE: devops/core/mongo/scripts/mongodb_status_report.py
job-core	Install dependencies	2026-02-28T13:04:15.9830089Z   KAOS_CODE: 22521279100
job-core	Install dependencies	2026-02-28T13:04:15.9830321Z   REPORT_SCAN: audit/
job-core	Install dependencies	2026-02-28T13:04:15.9830550Z   REPORT_PATH: audit/mongodb/
job-core	Install dependencies	2026-02-28T13:04:15.9830810Z   REPORT_FILENAME: 22521279100.json
job-core	Install dependencies	2026-02-28T13:04:15.9831097Z   KAOS_MODULE: [Ka0s] Status MongDB Report
job-core	Install dependencies	2026-02-28T13:04:15.9831379Z   GITHUB_OUTPUT: 
job-core	Install dependencies	2026-02-28T13:04:15.9831664Z   pythonLocation: /home/runner/_work/_tool/Python/3.9.25/x64
job-core	Install dependencies	2026-02-28T13:04:15.9832135Z   PKG_CONFIG_PATH: /home/runner/_work/_tool/Python/3.9.25/x64/lib/pkgconfig
job-core	Install dependencies	2026-02-28T13:04:15.9832602Z   Python_ROOT_DIR: /home/runner/_work/_tool/Python/3.9.25/x64
job-core	Install dependencies	2026-02-28T13:04:15.9833064Z   Python2_ROOT_DIR: /home/runner/_work/_tool/Python/3.9.25/x64
job-core	Install dependencies	2026-02-28T13:04:15.9833485Z   Python3_ROOT_DIR: /home/runner/_work/_tool/Python/3.9.25/x64
job-core	Install dependencies	2026-02-28T13:04:15.9833917Z   LD_LIBRARY_PATH: /home/runner/_work/_tool/Python/3.9.25/x64/lib
job-core	Install dependencies	2026-02-28T13:04:15.9834268Z ##[endgroup]
job-core	Install dependencies	2026-02-28T13:04:16.8477372Z Collecting pymongo
job-core	Install dependencies	2026-02-28T13:04:16.9041261Z   Downloading pymongo-4.16.0-cp39-cp39-manylinux2014_x86_64.manylinux_2_17_x86_64.manylinux_2_28_x86_64.whl.metadata (10.0 kB)
job-core	Install dependencies	2026-02-28T13:04:16.9333174Z Collecting dnspython<3.0.0,>=2.6.1 (from pymongo)
job-core	Install dependencies	2026-02-28T13:04:16.9389561Z   Downloading dnspython-2.7.0-py3-none-any.whl.metadata (5.8 kB)
job-core	Install dependencies	2026-02-28T13:04:16.9556990Z Downloading pymongo-4.16.0-cp39-cp39-manylinux2014_x86_64.manylinux_2_17_x86_64.manylinux_2_28_x86_64.whl (947 kB)
job-core	Install dependencies	2026-02-28T13:04:16.9890844Z    ‚îÅ‚îÅ‚îÅ‚îÅ‚îÅ‚îÅ‚îÅ‚îÅ‚îÅ‚îÅ‚îÅ‚îÅ‚îÅ‚îÅ‚îÅ‚îÅ‚îÅ‚îÅ‚îÅ‚îÅ‚îÅ‚îÅ‚îÅ‚îÅ‚îÅ‚îÅ‚îÅ‚îÅ‚îÅ‚îÅ‚îÅ‚îÅ‚îÅ‚îÅ‚îÅ‚îÅ‚îÅ‚îÅ‚îÅ‚îÅ 947.2/947.2 kB 44.6 MB/s  0:00:00
job-core	Install dependencies	2026-02-28T13:04:16.9947194Z Downloading dnspython-2.7.0-py3-none-any.whl (313 kB)
job-core	Install dependencies	2026-02-28T13:04:17.0359542Z Installing collected packages: dnspython, pymongo
job-core	Install dependencies	2026-02-28T13:04:17.5868198Z 
job-core	Install dependencies	2026-02-28T13:04:17.5888176Z Successfully installed dnspython-2.7.0 pymongo-4.16.0
job-core	Create database MongoDB	Ôªø2026-02-28T13:04:17.8009399Z ##[group]Run python devops/core/mongo/scripts/mongodb_status_report.py
job-core	Create database MongoDB	2026-02-28T13:04:17.8009979Z [36;1mpython devops/core/mongo/scripts/mongodb_status_report.py[0m
job-core	Create database MongoDB	2026-02-28T13:04:17.8010461Z [36;1mecho "Downloading files to MongoDB update repository ..."[0m
job-core	Create database MongoDB	2026-02-28T13:04:17.8011402Z [36;1mgit config --global user.name "***"[0m
job-core	Create database MongoDB	2026-02-28T13:04:17.8011795Z [36;1mgit config --global user.email "***"[0m
job-core	Create database MongoDB	2026-02-28T13:04:17.8012104Z [36;1mgit pull --rebase[0m
job-core	Create database MongoDB	2026-02-28T13:04:17.8012444Z [36;1mecho "Uploading files to MongoDB update repository ..."[0m
job-core	Create database MongoDB	2026-02-28T13:04:17.8012817Z [36;1mgit add audit/mongodb/[0m
job-core	Create database MongoDB	2026-02-28T13:04:17.8013105Z [36;1mif ! git diff --staged --quiet; then[0m
job-core	Create database MongoDB	2026-02-28T13:04:17.8013579Z [36;1m   git commit -m "swarm-runners] Uploading files to MongoDB update repository ..."[0m
job-core	Create database MongoDB	2026-02-28T13:04:17.8014139Z [36;1m   git push origin refs/heads/main --force-with-lease[0m
job-core	Create database MongoDB	2026-02-28T13:04:17.8014482Z [36;1m fi[0m
job-core	Create database MongoDB	2026-02-28T13:04:17.8027965Z shell: /usr/bin/bash -e {0}
job-core	Create database MongoDB	2026-02-28T13:04:17.8028512Z env:
job-core	Create database MongoDB	2026-02-28T13:04:17.8028704Z   PYTHON_VERSION: 3.9
job-core	Create database MongoDB	2026-02-28T13:04:17.8029458Z   MONGO_SUPERUSER_CONNECTION: ***
job-core	Create database MongoDB	2026-02-28T13:04:17.8029852Z   MONGO_NEW_PASS: ***
job-core	Create database MongoDB	2026-02-28T13:04:17.8030313Z   MONGO_SCRIPT_CREATE: devops/core/mongo/scripts/mongodb_status_report.py
job-core	Create database MongoDB	2026-02-28T13:04:17.8038697Z   KAOS_CODE: 22521279100
job-core	Create database MongoDB	2026-02-28T13:04:17.8039396Z   REPORT_SCAN: audit/
job-core	Create database MongoDB	2026-02-28T13:04:17.8039763Z   REPORT_PATH: audit/mongodb/
job-core	Create database MongoDB	2026-02-28T13:04:17.8040413Z   REPORT_FILENAME: 22521279100.json
job-core	Create database MongoDB	2026-02-28T13:04:17.8040807Z   KAOS_MODULE: [Ka0s] Status MongDB Report
job-core	Create database MongoDB	2026-02-28T13:04:17.8041079Z   GITHUB_OUTPUT: 
job-core	Create database MongoDB	2026-02-28T13:04:17.8041359Z   pythonLocation: /home/runner/_work/_tool/Python/3.9.25/x64
job-core	Create database MongoDB	2026-02-28T13:04:17.8041804Z   PKG_CONFIG_PATH: /home/runner/_work/_tool/Python/3.9.25/x64/lib/pkgconfig
job-core	Create database MongoDB	2026-02-28T13:04:17.8042262Z   Python_ROOT_DIR: /home/runner/_work/_tool/Python/3.9.25/x64
job-core	Create database MongoDB	2026-02-28T13:04:17.8042669Z   Python2_ROOT_DIR: /home/runner/_work/_tool/Python/3.9.25/x64
job-core	Create database MongoDB	2026-02-28T13:04:17.8043345Z   Python3_ROOT_DIR: /home/runner/_work/_tool/Python/3.9.25/x64
job-core	Create database MongoDB	2026-02-28T13:04:17.8043762Z   LD_LIBRARY_PATH: /home/runner/_work/_tool/Python/3.9.25/x64/lib
job-core	Create database MongoDB	2026-02-28T13:04:17.8044101Z ##[endgroup]
job-core	Create database MongoDB	2026-02-28T13:04:18.2572200Z ‚úÖ Reporte generado exitosamente: audit/mongodb/22521279100.json
job-core	Create database MongoDB	2026-02-28T13:04:18.5190647Z Downloading files to MongoDB update repository ...
job-core	Create database MongoDB	2026-02-28T13:04:19.3589608Z Already up to date.
job-core	Create database MongoDB	2026-02-28T13:04:19.3598067Z Uploading files to MongoDB update repository ...
job-core	Create database MongoDB	2026-02-28T13:04:19.4129582Z [main 633b6d075] swarm-runners] Uploading files to MongoDB update repository ...
job-core	Create database MongoDB	2026-02-28T13:04:19.4130117Z  1 file changed, 33493 insertions(+)
job-core	Create database MongoDB	2026-02-28T13:04:19.4130444Z  create mode 100644 audit/mongodb/22521279100.json
job-core	Create database MongoDB	2026-02-28T13:04:20.5717291Z To https://github.com/Ka0s-Klaus/ka0s
job-core	Create database MongoDB	2026-02-28T13:04:20.5718981Z    a2e7c53f3..633b6d075  main -> main
job-core	Upload report	Ôªø2026-02-28T13:04:20.6211091Z ##[group]Run actions/upload-artifact@v4
job-core	Upload report	2026-02-28T13:04:20.6211692Z with:
job-core	Upload report	2026-02-28T13:04:20.6212059Z   name: mongo-setup-report
job-core	Upload report	2026-02-28T13:04:20.6212508Z   path: audit/mongodb/
job-core	Upload report	2026-02-28T13:04:20.6212925Z   if-no-files-found: warn
job-core	Upload report	2026-02-28T13:04:20.6213361Z   compression-level: 6
job-core	Upload report	2026-02-28T13:04:20.6213766Z   overwrite: false
job-core	Upload report	2026-02-28T13:04:20.6214162Z   include-hidden-files: false
job-core	Upload report	2026-02-28T13:04:20.6227220Z env:
job-core	Upload report	2026-02-28T13:04:20.6227662Z   PYTHON_VERSION: 3.9
job-core	Upload report	2026-02-28T13:04:20.6229175Z   MONGO_SUPERUSER_CONNECTION: ***
job-core	Upload report	2026-02-28T13:04:20.6229888Z   MONGO_NEW_PASS: ***
job-core	Upload report	2026-02-28T13:04:20.6230517Z   MONGO_SCRIPT_CREATE: devops/core/mongo/scripts/mongodb_status_report.py
job-core	Upload report	2026-02-28T13:04:20.6231246Z   KAOS_CODE: 22521279100
job-core	Upload report	2026-02-28T13:04:20.6231663Z   REPORT_SCAN: audit/
job-core	Upload report	2026-02-28T13:04:20.6232079Z   REPORT_PATH: audit/mongodb/
job-core	Upload report	2026-02-28T13:04:20.6232532Z   REPORT_FILENAME: 22521279100.json
job-core	Upload report	2026-02-28T13:04:20.6233714Z   KAOS_MODULE: [Ka0s] Status MongDB Report
job-core	Upload report	2026-02-28T13:04:20.6234280Z   GITHUB_OUTPUT: 
job-core	Upload report	2026-02-28T13:04:20.6235032Z   pythonLocation: /home/runner/_work/_tool/Python/3.9.25/x64
job-core	Upload report	2026-02-28T13:04:20.6235876Z   PKG_CONFIG_PATH: /home/runner/_work/_tool/Python/3.9.25/x64/lib/pkgconfig
job-core	Upload report	2026-02-28T13:04:20.6236718Z   Python_ROOT_DIR: /home/runner/_work/_tool/Python/3.9.25/x64
job-core	Upload report	2026-02-28T13:04:20.6237475Z   Python2_ROOT_DIR: /home/runner/_work/_tool/Python/3.9.25/x64
job-core	Upload report	2026-02-28T13:04:20.6238222Z   Python3_ROOT_DIR: /home/runner/_work/_tool/Python/3.9.25/x64
job-core	Upload report	2026-02-28T13:04:20.6238987Z   LD_LIBRARY_PATH: /home/runner/_work/_tool/Python/3.9.25/x64/lib
job-core	Upload report	2026-02-28T13:04:20.6239617Z ##[endgroup]
job-core	Upload report	2026-02-28T13:04:20.8788795Z With the provided path, there will be 2 files uploaded
job-core	Upload report	2026-02-28T13:04:20.8793216Z Artifact name is valid!
job-core	Upload report	2026-02-28T13:04:20.8795375Z Root directory input is valid!
job-core	Upload report	2026-02-28T13:04:21.3268018Z Beginning upload of artifact content to blob storage
job-core	Upload report	2026-02-28T13:04:22.1067571Z Uploaded bytes 128589
job-core	Upload report	2026-02-28T13:04:22.2391561Z Finished uploading artifact content to blob storage!
job-core	Upload report	2026-02-28T13:04:22.2403428Z SHA256 digest of uploaded artifact zip is d5bf3e2a64f7a87136d399478b2a4decba6704f8db42a3f2886edc25a545f720
job-core	Upload report	2026-02-28T13:04:22.2410013Z Finalizing artifact upload
job-core	Upload report	2026-02-28T13:04:22.4107514Z Artifact mongo-setup-report.zip successfully finalized. Artifact ID 5703352040
job-core	Upload report	2026-02-28T13:04:22.4110917Z Artifact mongo-setup-report has been successfully uploaded! Final size is 128589 bytes. Artifact ID is 5703352040
job-core	Upload report	2026-02-28T13:04:22.4139375Z Artifact download URL: https://github.com/Ka0s-Klaus/ka0s/actions/runs/22521279100/artifacts/5703352040
job-core	Post Set up Python	Ôªø2026-02-28T13:04:22.4867217Z Post job cleanup.
job-core	Post Checkout code	Ôªø2026-02-28T13:04:22.6910882Z Post job cleanup.
job-core	Post Checkout code	2026-02-28T13:04:22.7993006Z [command]/usr/bin/git version
job-core	Post Checkout code	2026-02-28T13:04:22.8039520Z git version 2.53.0
job-core	Post Checkout code	2026-02-28T13:04:22.8083226Z Copying '/home/runner/.gitconfig' to '/home/runner/_work/_temp/d1002542-fd02-4b59-9281-d5c5c2f7183d/.gitconfig'
job-core	Post Checkout code	2026-02-28T13:04:22.8095633Z Temporarily overriding HOME='/home/runner/_work/_temp/d1002542-fd02-4b59-9281-d5c5c2f7183d' before making global git config changes
job-core	Post Checkout code	2026-02-28T13:04:22.8096615Z Adding repository directory to the temporary git global config as a safe directory
job-core	Post Checkout code	2026-02-28T13:04:22.8103071Z [command]/usr/bin/git config --global --add safe.directory /home/runner/_work/ka0s/ka0s
job-core	Post Checkout code	2026-02-28T13:04:22.8168171Z [command]/usr/bin/git config --local --name-only --get-regexp core\.sshCommand
job-core	Post Checkout code	2026-02-28T13:04:22.8215749Z [command]/usr/bin/git submodule foreach --recursive sh -c "git config --local --name-only --get-regexp 'core\.sshCommand' && git config --local --unset-all 'core.sshCommand' || :"
job-core	Post Checkout code	2026-02-28T13:04:22.8589894Z [command]/usr/bin/git config --local --name-only --get-regexp http\.https\:\/\/github\.com\/\.extraheader
job-core	Post Checkout code	2026-02-28T13:04:22.8620771Z http.https://github.com/.extraheader
job-core	Post Checkout code	2026-02-28T13:04:22.8637133Z [command]/usr/bin/git config --local --unset-all http.https://github.com/.extraheader
job-core	Post Checkout code	2026-02-28T13:04:22.8682933Z [command]/usr/bin/git submodule foreach --recursive sh -c "git config --local --name-only --get-regexp 'http\.https\:\/\/github\.com\/\.extraheader' && git config --local --unset-all 'http.https://github.com/.extraheader' || :"
job-core	Post Checkout code	2026-02-28T13:04:22.9019362Z [command]/usr/bin/git config --local --name-only --get-regexp ^includeIf\.gitdir:
job-core	Post Checkout code	2026-02-28T13:04:22.9061661Z [command]/usr/bin/git submodule foreach --recursive git config --local --show-origin --name-only --get-regexp remote.origin.url
job-core	Complete job	Ôªø2026-02-28T13:04:22.9534137Z Cleaning up orphan processes
handle-success	Set up job	Ôªø2026-02-28T13:04:35.6618735Z Current runner version: '2.332.0'
handle-success	Set up job	2026-02-28T13:04:35.6628989Z Runner name: 'swarm-runners-scaleset-hkss5-runner-kl4fz'
handle-success	Set up job	2026-02-28T13:04:35.6630033Z Runner group name: 'Default'
handle-success	Set up job	2026-02-28T13:04:35.6631166Z Machine name: 'swarm-runners-scaleset-hkss5-runner-kl4fz'
handle-success	Set up job	2026-02-28T13:04:35.6635243Z ##[group]GITHUB_TOKEN Permissions
handle-success	Set up job	2026-02-28T13:04:35.6639063Z Actions: write
handle-success	Set up job	2026-02-28T13:04:35.6639723Z Contents: write
handle-success	Set up job	2026-02-28T13:04:35.6640294Z Issues: write
handle-success	Set up job	2026-02-28T13:04:35.6641189Z Metadata: read
handle-success	Set up job	2026-02-28T13:04:35.6641757Z PullRequests: write
handle-success	Set up job	2026-02-28T13:04:35.6642822Z ##[endgroup]
handle-success	Set up job	2026-02-28T13:04:35.6645928Z Secret source: Actions
handle-success	Set up job	2026-02-28T13:04:35.6646733Z Prepare workflow directory
handle-success	Set up job	2026-02-28T13:04:35.7242900Z Prepare all required actions
handle-success	Set up job	2026-02-28T13:04:35.7286071Z Getting action download info
handle-success	Set up job	2026-02-28T13:04:36.3227715Z Download action repository 'actions/checkout@v4' (SHA:34e114876b0b11c390a56381ad16ebd13914f8d5)
handle-success	Set up job	2026-02-28T13:04:37.2382562Z Complete job name: handle-success
handle-success	Checkout code	Ôªø2026-02-28T13:04:37.3039381Z ##[group]Run actions/checkout@v4
handle-success	Checkout code	2026-02-28T13:04:37.3040662Z with:
handle-success	Checkout code	2026-02-28T13:04:37.3041140Z   fetch-depth: 0
handle-success	Checkout code	2026-02-28T13:04:37.3041658Z   repository: Ka0s-Klaus/ka0s
handle-success	Checkout code	2026-02-28T13:04:37.3042499Z   token: ***
handle-success	Checkout code	2026-02-28T13:04:37.3042970Z   ssh-strict: true
handle-success	Checkout code	2026-02-28T13:04:37.3043458Z   ssh-user: git
handle-success	Checkout code	2026-02-28T13:04:37.3043941Z   persist-credentials: true
handle-success	Checkout code	2026-02-28T13:04:37.3044949Z   clean: true
handle-success	Checkout code	2026-02-28T13:04:37.3045591Z   sparse-checkout-cone-mode: true
handle-success	Checkout code	2026-02-28T13:04:37.3046174Z   fetch-tags: false
handle-success	Checkout code	2026-02-28T13:04:37.3046635Z   show-progress: true
handle-success	Checkout code	2026-02-28T13:04:37.3047110Z   lfs: false
handle-success	Checkout code	2026-02-28T13:04:37.3047549Z   submodules: false
handle-success	Checkout code	2026-02-28T13:04:37.3048058Z   set-safe-directory: true
handle-success	Checkout code	2026-02-28T13:04:37.3048853Z env:
handle-success	Checkout code	2026-02-28T13:04:37.3049303Z   PYTHON_VERSION: 3.9
handle-success	Checkout code	2026-02-28T13:04:37.3050673Z   MONGO_SUPERUSER_CONNECTION: ***
handle-success	Checkout code	2026-02-28T13:04:37.3051461Z   MONGO_NEW_PASS: ***
handle-success	Checkout code	2026-02-28T13:04:37.3052180Z   MONGO_SCRIPT_CREATE: devops/core/mongo/scripts/mongodb_status_report.py
handle-success	Checkout code	2026-02-28T13:04:37.3053065Z   KAOS_CODE: 22521279100
handle-success	Checkout code	2026-02-28T13:04:37.3053560Z   REPORT_SCAN: audit/
handle-success	Checkout code	2026-02-28T13:04:37.3054057Z   REPORT_PATH: audit/mongodb/
handle-success	Checkout code	2026-02-28T13:04:37.3054911Z   REPORT_FILENAME: 22521279100.json
handle-success	Checkout code	2026-02-28T13:04:37.3055787Z   KAOS_MODULE: [Ka0s] Status MongDB Report
handle-success	Checkout code	2026-02-28T13:04:37.3056374Z ##[endgroup]
handle-success	Checkout code	2026-02-28T13:04:37.4309290Z Syncing repository: Ka0s-Klaus/ka0s
handle-success	Checkout code	2026-02-28T13:04:37.4311457Z ##[group]Getting Git version info
handle-success	Checkout code	2026-02-28T13:04:37.4312214Z Working directory is '/home/runner/_work/ka0s/ka0s'
handle-success	Checkout code	2026-02-28T13:04:37.4313314Z [command]/usr/bin/git version
handle-success	Checkout code	2026-02-28T13:04:37.4313869Z git version 2.53.0
handle-success	Checkout code	2026-02-28T13:04:37.4331863Z ##[endgroup]
handle-success	Checkout code	2026-02-28T13:04:37.4352665Z Temporarily overriding HOME='/home/runner/_work/_temp/a93e6a1f-a13b-4663-8e99-e72e6b8caa4a' before making global git config changes
handle-success	Checkout code	2026-02-28T13:04:37.4354386Z Adding repository directory to the temporary git global config as a safe directory
handle-success	Checkout code	2026-02-28T13:04:37.4361004Z [command]/usr/bin/git config --global --add safe.directory /home/runner/_work/ka0s/ka0s
handle-success	Checkout code	2026-02-28T13:04:37.4411582Z Deleting the contents of '/home/runner/_work/ka0s/ka0s'
handle-success	Checkout code	2026-02-28T13:04:37.4417573Z ##[group]Initializing the repository
handle-success	Checkout code	2026-02-28T13:04:37.4421935Z [command]/usr/bin/git init /home/runner/_work/ka0s/ka0s
handle-success	Checkout code	2026-02-28T13:04:37.4483528Z hint: Using 'master' as the name for the initial branch. This default branch name
handle-success	Checkout code	2026-02-28T13:04:37.4489177Z hint: will change to "main" in Git 3.0. To configure the initial branch name
handle-success	Checkout code	2026-02-28T13:04:37.4490415Z hint: to use in all of your new repositories, which will suppress this warning,
handle-success	Checkout code	2026-02-28T13:04:37.4491231Z hint: call:
handle-success	Checkout code	2026-02-28T13:04:37.4491648Z hint:
handle-success	Checkout code	2026-02-28T13:04:37.4492359Z hint: 	git config --global init.defaultBranch <name>
handle-success	Checkout code	2026-02-28T13:04:37.4493034Z hint:
handle-success	Checkout code	2026-02-28T13:04:37.4493682Z hint: Names commonly chosen instead of 'master' are 'main', 'trunk' and
handle-success	Checkout code	2026-02-28T13:04:37.4499218Z hint: 'development'. The just-created branch can be renamed via this command:
handle-success	Checkout code	2026-02-28T13:04:37.4500998Z hint:
handle-success	Checkout code	2026-02-28T13:04:37.4501852Z hint: 	git branch -m <name>
handle-success	Checkout code	2026-02-28T13:04:37.4502614Z hint:
handle-success	Checkout code	2026-02-28T13:04:37.4503296Z hint: Disable this message with "git config set advice.defaultBranchName false"
handle-success	Checkout code	2026-02-28T13:04:37.4504444Z Initialized empty Git repository in /home/runner/_work/ka0s/ka0s/.git/
handle-success	Checkout code	2026-02-28T13:04:37.4508209Z [command]/usr/bin/git remote add origin https://github.com/Ka0s-Klaus/ka0s
handle-success	Checkout code	2026-02-28T13:04:37.4555736Z ##[endgroup]
handle-success	Checkout code	2026-02-28T13:04:37.4556890Z ##[group]Disabling automatic garbage collection
handle-success	Checkout code	2026-02-28T13:04:37.4557669Z [command]/usr/bin/git config --local gc.auto 0
handle-success	Checkout code	2026-02-28T13:04:37.4598418Z ##[endgroup]
handle-success	Checkout code	2026-02-28T13:04:37.4599442Z ##[group]Setting up auth
handle-success	Checkout code	2026-02-28T13:04:37.4606370Z [command]/usr/bin/git config --local --name-only --get-regexp core\.sshCommand
handle-success	Checkout code	2026-02-28T13:04:37.4650739Z [command]/usr/bin/git submodule foreach --recursive sh -c "git config --local --name-only --get-regexp 'core\.sshCommand' && git config --local --unset-all 'core.sshCommand' || :"
handle-success	Checkout code	2026-02-28T13:04:37.4990950Z [command]/usr/bin/git config --local --name-only --get-regexp http\.https\:\/\/github\.com\/\.extraheader
handle-success	Checkout code	2026-02-28T13:04:37.5033417Z [command]/usr/bin/git submodule foreach --recursive sh -c "git config --local --name-only --get-regexp 'http\.https\:\/\/github\.com\/\.extraheader' && git config --local --unset-all 'http.https://github.com/.extraheader' || :"
handle-success	Checkout code	2026-02-28T13:04:37.5369278Z [command]/usr/bin/git config --local --name-only --get-regexp ^includeIf\.gitdir:
handle-success	Checkout code	2026-02-28T13:04:37.5412809Z [command]/usr/bin/git submodule foreach --recursive git config --local --show-origin --name-only --get-regexp remote.origin.url
handle-success	Checkout code	2026-02-28T13:04:37.5756381Z [command]/usr/bin/git config --local http.https://github.com/.extraheader AUTHORIZATION: basic ***
handle-success	Checkout code	2026-02-28T13:04:37.5818754Z ##[endgroup]
handle-success	Checkout code	2026-02-28T13:04:37.5819719Z ##[group]Fetching the repository
handle-success	Checkout code	2026-02-28T13:04:37.5827888Z [command]/usr/bin/git -c protocol.version=2 fetch --prune --no-recurse-submodules origin +refs/heads/*:refs/remotes/origin/* +refs/tags/*:refs/tags/*
handle-success	Checkout code	2026-02-28T13:05:00.1536294Z From https://github.com/Ka0s-Klaus/ka0s
handle-success	Checkout code	2026-02-28T13:05:00.1537629Z  * [new branch]          F3450-modelo-operativo -> origin/F3450-modelo-operativo
handle-success	Checkout code	2026-02-28T13:05:00.1538679Z  * [new branch]          H1276-modulo-observabilidad -> origin/H1276-modulo-observabilidad
handle-success	Checkout code	2026-02-28T13:05:00.1545210Z  * [new branch]          H3596-deploy-itop      -> origin/H3596-deploy-itop
handle-success	Checkout code	2026-02-28T13:05:00.1546032Z  * [new branch]          H4170-flujo-detallado-zabbix---github -> origin/H4170-flujo-detallado-zabbix---github
handle-success	Checkout code	2026-02-28T13:05:00.1546801Z  * [new branch]          H4191-request-cambios  -> origin/H4191-request-cambios
handle-success	Checkout code	2026-02-28T13:05:00.1547628Z  * [new branch]          H4200-request-recomendaciones-de-auditoria -> origin/H4200-request-recomendaciones-de-auditoria
handle-success	Checkout code	2026-02-28T13:05:00.1548368Z  * [new branch]          main                   -> origin/main
handle-success	Checkout code	2026-02-28T13:05:00.1548862Z  * [new tag]             0.0.0                  -> 0.0.0
handle-success	Checkout code	2026-02-28T13:05:00.1549386Z  * [new tag]             0.0.1                  -> 0.0.1
handle-success	Checkout code	2026-02-28T13:05:00.1549847Z  * [new tag]             0.0.10                 -> 0.0.10
handle-success	Checkout code	2026-02-28T13:05:00.1550302Z  * [new tag]             0.0.100                -> 0.0.100
handle-success	Checkout code	2026-02-28T13:05:00.1550723Z  * [new tag]             0.0.101                -> 0.0.101
handle-success	Checkout code	2026-02-28T13:05:00.1551168Z  * [new tag]             0.0.102                -> 0.0.102
handle-success	Checkout code	2026-02-28T13:05:00.1551641Z  * [new tag]             0.0.103                -> 0.0.103
handle-success	Checkout code	2026-02-28T13:05:00.1552118Z  * [new tag]             0.0.104                -> 0.0.104
handle-success	Checkout code	2026-02-28T13:05:00.1552530Z  * [new tag]             0.0.105                -> 0.0.105
handle-success	Checkout code	2026-02-28T13:05:00.1552959Z  * [new tag]             0.0.106                -> 0.0.106
handle-success	Checkout code	2026-02-28T13:05:00.1553392Z  * [new tag]             0.0.107                -> 0.0.107
handle-success	Checkout code	2026-02-28T13:05:00.1553839Z  * [new tag]             0.0.108                -> 0.0.108
handle-success	Checkout code	2026-02-28T13:05:00.1556723Z  * [new tag]             0.0.109                -> 0.0.109
handle-success	Checkout code	2026-02-28T13:05:00.1557179Z  * [new tag]             0.0.11                 -> 0.0.11
handle-success	Checkout code	2026-02-28T13:05:00.1557599Z  * [new tag]             0.0.110                -> 0.0.110
handle-success	Checkout code	2026-02-28T13:05:00.1558018Z  * [new tag]             0.0.111                -> 0.0.111
handle-success	Checkout code	2026-02-28T13:05:00.1558435Z  * [new tag]             0.0.112                -> 0.0.112
handle-success	Checkout code	2026-02-28T13:05:00.1558849Z  * [new tag]             0.0.113                -> 0.0.113
handle-success	Checkout code	2026-02-28T13:05:00.1559261Z  * [new tag]             0.0.114                -> 0.0.114
handle-success	Checkout code	2026-02-28T13:05:00.1559689Z  * [new tag]             0.0.115                -> 0.0.115
handle-success	Checkout code	2026-02-28T13:05:00.1560124Z  * [new tag]             0.0.116                -> 0.0.116
handle-success	Checkout code	2026-02-28T13:05:00.1560626Z  * [new tag]             0.0.117                -> 0.0.117
handle-success	Checkout code	2026-02-28T13:05:00.1561104Z  * [new tag]             0.0.118                -> 0.0.118
handle-success	Checkout code	2026-02-28T13:05:00.1561525Z  * [new tag]             0.0.119                -> 0.0.119
handle-success	Checkout code	2026-02-28T13:05:00.1564853Z  * [new tag]             0.0.12                 -> 0.0.12
handle-success	Checkout code	2026-02-28T13:05:00.1565280Z  * [new tag]             0.0.120                -> 0.0.120
handle-success	Checkout code	2026-02-28T13:05:00.1565696Z  * [new tag]             0.0.121                -> 0.0.121
handle-success	Checkout code	2026-02-28T13:05:00.1566106Z  * [new tag]             0.0.122                -> 0.0.122
handle-success	Checkout code	2026-02-28T13:05:00.1566521Z  * [new tag]             0.0.123                -> 0.0.123
handle-success	Checkout code	2026-02-28T13:05:00.1566938Z  * [new tag]             0.0.124                -> 0.0.124
handle-success	Checkout code	2026-02-28T13:05:00.1567360Z  * [new tag]             0.0.125                -> 0.0.125
handle-success	Checkout code	2026-02-28T13:05:00.1567780Z  * [new tag]             0.0.126                -> 0.0.126
handle-success	Checkout code	2026-02-28T13:05:00.1568192Z  * [new tag]             0.0.127                -> 0.0.127
handle-success	Checkout code	2026-02-28T13:05:00.1568793Z  * [new tag]             0.0.128                -> 0.0.128
handle-success	Checkout code	2026-02-28T13:05:00.1569214Z  * [new tag]             0.0.129                -> 0.0.129
handle-success	Checkout code	2026-02-28T13:05:00.1569633Z  * [new tag]             0.0.13                 -> 0.0.13
handle-success	Checkout code	2026-02-28T13:05:00.1570090Z  * [new tag]             0.0.130                -> 0.0.130
handle-success	Checkout code	2026-02-28T13:05:00.1570510Z  * [new tag]             0.0.131                -> 0.0.131
handle-success	Checkout code	2026-02-28T13:05:00.1570926Z  * [new tag]             0.0.132                -> 0.0.132
handle-success	Checkout code	2026-02-28T13:05:00.1571340Z  * [new tag]             0.0.133                -> 0.0.133
handle-success	Checkout code	2026-02-28T13:05:00.1571762Z  * [new tag]             0.0.134                -> 0.0.134
handle-success	Checkout code	2026-02-28T13:05:00.1572179Z  * [new tag]             0.0.135                -> 0.0.135
handle-success	Checkout code	2026-02-28T13:05:00.1572597Z  * [new tag]             0.0.136                -> 0.0.136
handle-success	Checkout code	2026-02-28T13:05:00.1573010Z  * [new tag]             0.0.137                -> 0.0.137
handle-success	Checkout code	2026-02-28T13:05:00.1573434Z  * [new tag]             0.0.138                -> 0.0.138
handle-success	Checkout code	2026-02-28T13:05:00.1573854Z  * [new tag]             0.0.139                -> 0.0.139
handle-success	Checkout code	2026-02-28T13:05:00.1648164Z  * [new tag]             0.0.14                 -> 0.0.14
handle-success	Checkout code	2026-02-28T13:05:00.1648854Z  * [new tag]             0.0.140                -> 0.0.140
handle-success	Checkout code	2026-02-28T13:05:00.1649292Z  * [new tag]             0.0.141                -> 0.0.141
handle-success	Checkout code	2026-02-28T13:05:00.1649733Z  * [new tag]             0.0.142                -> 0.0.142
handle-success	Checkout code	2026-02-28T13:05:00.1650161Z  * [new tag]             0.0.143                -> 0.0.143
handle-success	Checkout code	2026-02-28T13:05:00.1650591Z  * [new tag]             0.0.144                -> 0.0.144
handle-success	Checkout code	2026-02-28T13:05:00.1651015Z  * [new tag]             0.0.145                -> 0.0.145
handle-success	Checkout code	2026-02-28T13:05:00.1651451Z  * [new tag]             0.0.146                -> 0.0.146
handle-success	Checkout code	2026-02-28T13:05:00.1651909Z  * [new tag]             0.0.147                -> 0.0.147
handle-success	Checkout code	2026-02-28T13:05:00.1652329Z  * [new tag]             0.0.148                -> 0.0.148
handle-success	Checkout code	2026-02-28T13:05:00.1652874Z  * [new tag]             0.0.149                -> 0.0.149
handle-success	Checkout code	2026-02-28T13:05:00.1653311Z  * [new tag]             0.0.15                 -> 0.0.15
handle-success	Checkout code	2026-02-28T13:05:00.1653801Z  * [new tag]             0.0.150                -> 0.0.150
handle-success	Checkout code	2026-02-28T13:05:00.1654824Z  * [new tag]             0.0.151                -> 0.0.151
handle-success	Checkout code	2026-02-28T13:05:00.1655268Z  * [new tag]             0.0.152                -> 0.0.152
handle-success	Checkout code	2026-02-28T13:05:00.1655701Z  * [new tag]             0.0.153                -> 0.0.153
handle-success	Checkout code	2026-02-28T13:05:00.1656137Z  * [new tag]             0.0.154                -> 0.0.154
handle-success	Checkout code	2026-02-28T13:05:00.1656561Z  * [new tag]             0.0.155                -> 0.0.155
handle-success	Checkout code	2026-02-28T13:05:00.1656997Z  * [new tag]             0.0.156                -> 0.0.156
handle-success	Checkout code	2026-02-28T13:05:00.1657436Z  * [new tag]             0.0.157                -> 0.0.157
handle-success	Checkout code	2026-02-28T13:05:00.1657866Z  * [new tag]             0.0.158                -> 0.0.158
handle-success	Checkout code	2026-02-28T13:05:00.1658290Z  * [new tag]             0.0.159                -> 0.0.159
handle-success	Checkout code	2026-02-28T13:05:00.1658724Z  * [new tag]             0.0.16                 -> 0.0.16
handle-success	Checkout code	2026-02-28T13:05:00.1659152Z  * [new tag]             0.0.160                -> 0.0.160
handle-success	Checkout code	2026-02-28T13:05:00.1659580Z  * [new tag]             0.0.161                -> 0.0.161
handle-success	Checkout code	2026-02-28T13:05:00.1660267Z  * [new tag]             0.0.162                -> 0.0.162
handle-success	Checkout code	2026-02-28T13:05:00.1660732Z  * [new tag]             0.0.163                -> 0.0.163
handle-success	Checkout code	2026-02-28T13:05:00.1661186Z  * [new tag]             0.0.164                -> 0.0.164
handle-success	Checkout code	2026-02-28T13:05:00.1661663Z  * [new tag]             0.0.165                -> 0.0.165
handle-success	Checkout code	2026-02-28T13:05:00.1662095Z  * [new tag]             0.0.166                -> 0.0.166
handle-success	Checkout code	2026-02-28T13:05:00.1662528Z  * [new tag]             0.0.167                -> 0.0.167
handle-success	Checkout code	2026-02-28T13:05:00.1662953Z  * [new tag]             0.0.168                -> 0.0.168
handle-success	Checkout code	2026-02-28T13:05:00.1663386Z  * [new tag]             0.0.169                -> 0.0.169
handle-success	Checkout code	2026-02-28T13:05:00.1663815Z  * [new tag]             0.0.17                 -> 0.0.17
handle-success	Checkout code	2026-02-28T13:05:00.1664246Z  * [new tag]             0.0.170                -> 0.0.170
handle-success	Checkout code	2026-02-28T13:05:00.1664845Z  * [new tag]             0.0.171                -> 0.0.171
handle-success	Checkout code	2026-02-28T13:05:00.1665298Z  * [new tag]             0.0.172                -> 0.0.172
handle-success	Checkout code	2026-02-28T13:05:00.1665732Z  * [new tag]             0.0.173                -> 0.0.173
handle-success	Checkout code	2026-02-28T13:05:00.1666166Z  * [new tag]             0.0.174                -> 0.0.174
handle-success	Checkout code	2026-02-28T13:05:00.1666601Z  * [new tag]             0.0.175                -> 0.0.175
handle-success	Checkout code	2026-02-28T13:05:00.1667024Z  * [new tag]             0.0.176                -> 0.0.176
handle-success	Checkout code	2026-02-28T13:05:00.1667457Z  * [new tag]             0.0.177                -> 0.0.177
handle-success	Checkout code	2026-02-28T13:05:00.1667884Z  * [new tag]             0.0.178                -> 0.0.178
handle-success	Checkout code	2026-02-28T13:05:00.1668318Z  * [new tag]             0.0.179                -> 0.0.179
handle-success	Checkout code	2026-02-28T13:05:00.1668744Z  * [new tag]             0.0.18                 -> 0.0.18
handle-success	Checkout code	2026-02-28T13:05:00.1669166Z  * [new tag]             0.0.19                 -> 0.0.19
handle-success	Checkout code	2026-02-28T13:05:00.1669600Z  * [new tag]             0.0.2                  -> 0.0.2
handle-success	Checkout code	2026-02-28T13:05:00.1670028Z  * [new tag]             0.0.20                 -> 0.0.20
handle-success	Checkout code	2026-02-28T13:05:00.1670471Z  * [new tag]             0.0.21                 -> 0.0.21
handle-success	Checkout code	2026-02-28T13:05:00.1670904Z  * [new tag]             0.0.22                 -> 0.0.22
handle-success	Checkout code	2026-02-28T13:05:00.1671325Z  * [new tag]             0.0.23                 -> 0.0.23
handle-success	Checkout code	2026-02-28T13:05:00.1671754Z  * [new tag]             0.0.24                 -> 0.0.24
handle-success	Checkout code	2026-02-28T13:05:00.1672179Z  * [new tag]             0.0.25                 -> 0.0.25
handle-success	Checkout code	2026-02-28T13:05:00.1672608Z  * [new tag]             0.0.26                 -> 0.0.26
handle-success	Checkout code	2026-02-28T13:05:00.1673035Z  * [new tag]             0.0.27                 -> 0.0.27
handle-success	Checkout code	2026-02-28T13:05:00.1673464Z  * [new tag]             0.0.28                 -> 0.0.28
handle-success	Checkout code	2026-02-28T13:05:00.1673896Z  * [new tag]             0.0.29                 -> 0.0.29
handle-success	Checkout code	2026-02-28T13:05:00.1674328Z  * [new tag]             0.0.3                  -> 0.0.3
handle-success	Checkout code	2026-02-28T13:05:00.1674878Z  * [new tag]             0.0.30                 -> 0.0.30
handle-success	Checkout code	2026-02-28T13:05:00.1675311Z  * [new tag]             0.0.31                 -> 0.0.31
handle-success	Checkout code	2026-02-28T13:05:00.1675981Z  * [new tag]             0.0.32                 -> 0.0.32
handle-success	Checkout code	2026-02-28T13:05:00.1676412Z  * [new tag]             0.0.33                 -> 0.0.33
handle-success	Checkout code	2026-02-28T13:05:00.1676841Z  * [new tag]             0.0.34                 -> 0.0.34
handle-success	Checkout code	2026-02-28T13:05:00.1677269Z  * [new tag]             0.0.35                 -> 0.0.35
handle-success	Checkout code	2026-02-28T13:05:00.1677693Z  * [new tag]             0.0.36                 -> 0.0.36
handle-success	Checkout code	2026-02-28T13:05:00.1678272Z  * [new tag]             0.0.37                 -> 0.0.37
handle-success	Checkout code	2026-02-28T13:05:00.1678703Z  * [new tag]             0.0.38                 -> 0.0.38
handle-success	Checkout code	2026-02-28T13:05:00.1679133Z  * [new tag]             0.0.39                 -> 0.0.39
handle-success	Checkout code	2026-02-28T13:05:00.1679562Z  * [new tag]             0.0.4                  -> 0.0.4
handle-success	Checkout code	2026-02-28T13:05:00.1679990Z  * [new tag]             0.0.40                 -> 0.0.40
handle-success	Checkout code	2026-02-28T13:05:00.1680414Z  * [new tag]             0.0.41                 -> 0.0.41
handle-success	Checkout code	2026-02-28T13:05:00.1680842Z  * [new tag]             0.0.42                 -> 0.0.42
handle-success	Checkout code	2026-02-28T13:05:00.1681489Z  * [new tag]             0.0.43                 -> 0.0.43
handle-success	Checkout code	2026-02-28T13:05:00.1681921Z  * [new tag]             0.0.44                 -> 0.0.44
handle-success	Checkout code	2026-02-28T13:05:00.1682351Z  * [new tag]             0.0.45                 -> 0.0.45
handle-success	Checkout code	2026-02-28T13:05:00.1682773Z  * [new tag]             0.0.46                 -> 0.0.46
handle-success	Checkout code	2026-02-28T13:05:00.1683198Z  * [new tag]             0.0.47                 -> 0.0.47
handle-success	Checkout code	2026-02-28T13:05:00.1683623Z  * [new tag]             0.0.48                 -> 0.0.48
handle-success	Checkout code	2026-02-28T13:05:00.1684050Z  * [new tag]             0.0.49                 -> 0.0.49
handle-success	Checkout code	2026-02-28T13:05:00.1684476Z  * [new tag]             0.0.5                  -> 0.0.5
handle-success	Checkout code	2026-02-28T13:05:00.1685019Z  * [new tag]             0.0.50                 -> 0.0.50
handle-success	Checkout code	2026-02-28T13:05:00.1685451Z  * [new tag]             0.0.51                 -> 0.0.51
handle-success	Checkout code	2026-02-28T13:05:00.1685881Z  * [new tag]             0.0.52                 -> 0.0.52
handle-success	Checkout code	2026-02-28T13:05:00.1686324Z  * [new tag]             0.0.53                 -> 0.0.53
handle-success	Checkout code	2026-02-28T13:05:00.1686750Z  * [new tag]             0.0.54                 -> 0.0.54
handle-success	Checkout code	2026-02-28T13:05:00.1687178Z  * [new tag]             0.0.55                 -> 0.0.55
handle-success	Checkout code	2026-02-28T13:05:00.1687609Z  * [new tag]             0.0.56                 -> 0.0.56
handle-success	Checkout code	2026-02-28T13:05:00.1688037Z  * [new tag]             0.0.57                 -> 0.0.57
handle-success	Checkout code	2026-02-28T13:05:00.1688463Z  * [new tag]             0.0.58                 -> 0.0.58
handle-success	Checkout code	2026-02-28T13:05:00.1688883Z  * [new tag]             0.0.59                 -> 0.0.59
handle-success	Checkout code	2026-02-28T13:05:00.1689310Z  * [new tag]             0.0.6                  -> 0.0.6
handle-success	Checkout code	2026-02-28T13:05:00.1689729Z  * [new tag]             0.0.60                 -> 0.0.60
handle-success	Checkout code	2026-02-28T13:05:00.1690279Z  * [new tag]             0.0.61                 -> 0.0.61
handle-success	Checkout code	2026-02-28T13:05:00.1690695Z  * [new tag]             0.0.62                 -> 0.0.62
handle-success	Checkout code	2026-02-28T13:05:00.1691106Z  * [new tag]             0.0.63                 -> 0.0.63
handle-success	Checkout code	2026-02-28T13:05:00.1691538Z  * [new tag]             0.0.64                 -> 0.0.64
handle-success	Checkout code	2026-02-28T13:05:00.1691950Z  * [new tag]             0.0.65                 -> 0.0.65
handle-success	Checkout code	2026-02-28T13:05:00.1692358Z  * [new tag]             0.0.66                 -> 0.0.66
handle-success	Checkout code	2026-02-28T13:05:00.1692762Z  * [new tag]             0.0.67                 -> 0.0.67
handle-success	Checkout code	2026-02-28T13:05:00.1693173Z  * [new tag]             0.0.68                 -> 0.0.68
handle-success	Checkout code	2026-02-28T13:05:00.1693591Z  * [new tag]             0.0.69                 -> 0.0.69
handle-success	Checkout code	2026-02-28T13:05:00.1694003Z  * [new tag]             0.0.7                  -> 0.0.7
handle-success	Checkout code	2026-02-28T13:05:00.1694413Z  * [new tag]             0.0.70                 -> 0.0.70
handle-success	Checkout code	2026-02-28T13:05:00.1695243Z  * [new tag]             0.0.71                 -> 0.0.71
handle-success	Checkout code	2026-02-28T13:05:00.1695785Z  * [new tag]             0.0.72                 -> 0.0.72
handle-success	Checkout code	2026-02-28T13:05:00.1696189Z  * [new tag]             0.0.73                 -> 0.0.73
handle-success	Checkout code	2026-02-28T13:05:00.1696593Z  * [new tag]             0.0.74                 -> 0.0.74
handle-success	Checkout code	2026-02-28T13:05:00.1697216Z  * [new tag]             0.0.75                 -> 0.0.75
handle-success	Checkout code	2026-02-28T13:05:00.1697612Z  * [new tag]             0.0.76                 -> 0.0.76
handle-success	Checkout code	2026-02-28T13:05:00.1698016Z  * [new tag]             0.0.77                 -> 0.0.77
handle-success	Checkout code	2026-02-28T13:05:00.1698419Z  * [new tag]             0.0.78                 -> 0.0.78
handle-success	Checkout code	2026-02-28T13:05:00.1698816Z  * [new tag]             0.0.79                 -> 0.0.79
handle-success	Checkout code	2026-02-28T13:05:00.1699214Z  * [new tag]             0.0.8                  -> 0.0.8
handle-success	Checkout code	2026-02-28T13:05:00.1699617Z  * [new tag]             0.0.80                 -> 0.0.80
handle-success	Checkout code	2026-02-28T13:05:00.1700017Z  * [new tag]             0.0.81                 -> 0.0.81
handle-success	Checkout code	2026-02-28T13:05:00.1700413Z  * [new tag]             0.0.82                 -> 0.0.82
handle-success	Checkout code	2026-02-28T13:05:00.1700810Z  * [new tag]             0.0.83                 -> 0.0.83
handle-success	Checkout code	2026-02-28T13:05:00.1701199Z  * [new tag]             0.0.84                 -> 0.0.84
handle-success	Checkout code	2026-02-28T13:05:00.1701598Z  * [new tag]             0.0.85                 -> 0.0.85
handle-success	Checkout code	2026-02-28T13:05:00.1702233Z  * [new tag]             0.0.86                 -> 0.0.86
handle-success	Checkout code	2026-02-28T13:05:00.1702634Z  * [new tag]             0.0.87                 -> 0.0.87
handle-success	Checkout code	2026-02-28T13:05:00.1703035Z  * [new tag]             0.0.88                 -> 0.0.88
handle-success	Checkout code	2026-02-28T13:05:00.1703427Z  * [new tag]             0.0.89                 -> 0.0.89
handle-success	Checkout code	2026-02-28T13:05:00.1703825Z  * [new tag]             0.0.9                  -> 0.0.9
handle-success	Checkout code	2026-02-28T13:05:00.1704224Z  * [new tag]             0.0.90                 -> 0.0.90
handle-success	Checkout code	2026-02-28T13:05:00.1704902Z  * [new tag]             0.0.91                 -> 0.0.91
handle-success	Checkout code	2026-02-28T13:05:00.1705567Z  * [new tag]             0.0.92                 -> 0.0.92
handle-success	Checkout code	2026-02-28T13:05:00.1705969Z  * [new tag]             0.0.93                 -> 0.0.93
handle-success	Checkout code	2026-02-28T13:05:00.1706654Z  * [new tag]             0.0.94                 -> 0.0.94
handle-success	Checkout code	2026-02-28T13:05:00.1707237Z  * [new tag]             0.0.95                 -> 0.0.95
handle-success	Checkout code	2026-02-28T13:05:00.1707672Z  * [new tag]             0.0.96                 -> 0.0.96
handle-success	Checkout code	2026-02-28T13:05:00.1708208Z  * [new tag]             0.0.97                 -> 0.0.97
handle-success	Checkout code	2026-02-28T13:05:00.1708613Z  * [new tag]             0.0.98                 -> 0.0.98
handle-success	Checkout code	2026-02-28T13:05:00.1709020Z  * [new tag]             0.0.99                 -> 0.0.99
handle-success	Checkout code	2026-02-28T13:05:00.1709424Z  * [new tag]             0.1.0                  -> 0.1.0
handle-success	Checkout code	2026-02-28T13:05:00.1709825Z  * [new tag]             0.1.1                  -> 0.1.1
handle-success	Checkout code	2026-02-28T13:05:00.1710218Z  * [new tag]             0.2.0                  -> 0.2.0
handle-success	Checkout code	2026-02-28T13:05:00.1710617Z  * [new tag]             0.3.0                  -> 0.3.0
handle-success	Checkout code	2026-02-28T13:05:00.1711012Z  * [new tag]             0.3.1                  -> 0.3.1
handle-success	Checkout code	2026-02-28T13:05:00.1711555Z  * [new tag]             0.3.10                 -> 0.3.10
handle-success	Checkout code	2026-02-28T13:05:00.1712250Z  * [new tag]             0.3.11                 -> 0.3.11
handle-success	Checkout code	2026-02-28T13:05:00.1712788Z  * [new tag]             0.3.12                 -> 0.3.12
handle-success	Checkout code	2026-02-28T13:05:00.1713203Z  * [new tag]             0.3.13                 -> 0.3.13
handle-success	Checkout code	2026-02-28T13:05:00.1713598Z  * [new tag]             0.3.14                 -> 0.3.14
handle-success	Checkout code	2026-02-28T13:05:00.1713995Z  * [new tag]             0.3.15                 -> 0.3.15
handle-success	Checkout code	2026-02-28T13:05:00.1714391Z  * [new tag]             0.3.16                 -> 0.3.16
handle-success	Checkout code	2026-02-28T13:05:00.1715205Z  * [new tag]             0.3.17                 -> 0.3.17
handle-success	Checkout code	2026-02-28T13:05:00.1715630Z  * [new tag]             0.3.2                  -> 0.3.2
handle-success	Checkout code	2026-02-28T13:05:00.1716145Z  * [new tag]             0.3.3                  -> 0.3.3
handle-success	Checkout code	2026-02-28T13:05:00.1716543Z  * [new tag]             0.3.4                  -> 0.3.4
handle-success	Checkout code	2026-02-28T13:05:00.1716939Z  * [new tag]             0.3.5                  -> 0.3.5
handle-success	Checkout code	2026-02-28T13:05:00.1717333Z  * [new tag]             0.3.6                  -> 0.3.6
handle-success	Checkout code	2026-02-28T13:05:00.1717723Z  * [new tag]             0.3.7                  -> 0.3.7
handle-success	Checkout code	2026-02-28T13:05:00.1718118Z  * [new tag]             0.3.8                  -> 0.3.8
handle-success	Checkout code	2026-02-28T13:05:00.1718731Z  * [new tag]             0.3.9                  -> 0.3.9
handle-success	Checkout code	2026-02-28T13:05:00.1719128Z  * [new tag]             0.4.0                  -> 0.4.0
handle-success	Checkout code	2026-02-28T13:05:00.1719524Z  * [new tag]             0.4.1                  -> 0.4.1
handle-success	Checkout code	2026-02-28T13:05:00.1719913Z  * [new tag]             0.4.2                  -> 0.4.2
handle-success	Checkout code	2026-02-28T13:05:00.1720309Z  * [new tag]             0.4.3                  -> 0.4.3
handle-success	Checkout code	2026-02-28T13:05:00.1720706Z  * [new tag]             0.4.4                  -> 0.4.4
handle-success	Checkout code	2026-02-28T13:05:00.1721099Z  * [new tag]             0.4.5                  -> 0.4.5
handle-success	Checkout code	2026-02-28T13:05:00.1721494Z  * [new tag]             0.4.6                  -> 0.4.6
handle-success	Checkout code	2026-02-28T13:05:00.1721882Z  * [new tag]             0.4.7                  -> 0.4.7
handle-success	Checkout code	2026-02-28T13:05:00.1722280Z  * [new tag]             0.4.8                  -> 0.4.8
handle-success	Checkout code	2026-02-28T13:05:00.1722676Z  * [new tag]             0.4.9                  -> 0.4.9
handle-success	Checkout code	2026-02-28T13:05:00.1723071Z  * [new tag]             0.5.0                  -> 0.5.0
handle-success	Checkout code	2026-02-28T13:05:00.1723695Z  * [new tag]             0.5.1                  -> 0.5.1
handle-success	Checkout code	2026-02-28T13:05:00.1724092Z  * [new tag]             0.5.2                  -> 0.5.2
handle-success	Checkout code	2026-02-28T13:05:00.1724490Z  * [new tag]             0.6.0                  -> 0.6.0
handle-success	Checkout code	2026-02-28T13:05:00.1725421Z  * [new tag]             0.6.1                  -> 0.6.1
handle-success	Checkout code	2026-02-28T13:05:00.1725815Z  * [new tag]             0.6.2                  -> 0.6.2
handle-success	Checkout code	2026-02-28T13:05:00.1726206Z  * [new tag]             0.6.3                  -> 0.6.3
handle-success	Checkout code	2026-02-28T13:05:00.1726600Z  * [new tag]             0.6.4                  -> 0.6.4
handle-success	Checkout code	2026-02-28T13:05:00.1726995Z  * [new tag]             0.6.5                  -> 0.6.5
handle-success	Checkout code	2026-02-28T13:05:00.1727388Z  * [new tag]             0.6.6                  -> 0.6.6
handle-success	Checkout code	2026-02-28T13:05:00.1941708Z [command]/usr/bin/git branch --list --remote origin/main
handle-success	Checkout code	2026-02-28T13:05:00.2020915Z   origin/main
handle-success	Checkout code	2026-02-28T13:05:00.2033179Z [command]/usr/bin/git rev-parse refs/remotes/origin/main
handle-success	Checkout code	2026-02-28T13:05:00.2063278Z 633b6d0757b28ddc21218002f3b165dde51310fa
handle-success	Checkout code	2026-02-28T13:05:00.2075257Z [command]/usr/bin/git -c protocol.version=2 fetch --no-tags --prune --no-recurse-submodules origin +a2e7c53f3367022c4b5f31e000ec7c320a70c1e2:refs/remotes/origin/main
handle-success	Checkout code	2026-02-28T13:05:00.2264018Z From https://github.com/Ka0s-Klaus/ka0s
handle-success	Checkout code	2026-02-28T13:05:00.2265067Z  + 633b6d075...a2e7c53f3 a2e7c53f3367022c4b5f31e000ec7c320a70c1e2 -> origin/main  (forced update)
handle-success	Checkout code	2026-02-28T13:05:00.2302732Z ##[endgroup]
handle-success	Checkout code	2026-02-28T13:05:00.2303312Z ##[group]Determining the checkout info
handle-success	Checkout code	2026-02-28T13:05:00.2303843Z ##[endgroup]
handle-success	Checkout code	2026-02-28T13:05:00.2310263Z [command]/usr/bin/git sparse-checkout disable
handle-success	Checkout code	2026-02-28T13:05:00.2367648Z [command]/usr/bin/git config --local --unset-all extensions.worktreeConfig
handle-success	Checkout code	2026-02-28T13:05:00.2400938Z ##[group]Checking out the ref
handle-success	Checkout code	2026-02-28T13:05:00.2410185Z [command]/usr/bin/git checkout --progress --force -B main refs/remotes/origin/main
handle-success	Checkout code	2026-02-28T13:05:00.4949389Z Switched to a new branch 'main'
handle-success	Checkout code	2026-02-28T13:05:00.4955959Z branch 'main' set up to track 'origin/main'.
handle-success	Checkout code	2026-02-28T13:05:00.4999790Z ##[endgroup]
handle-success	Checkout code	2026-02-28T13:05:00.5053885Z [command]/usr/bin/git log -1 --format=%H
handle-success	Checkout code	2026-02-28T13:05:00.5088831Z a2e7c53f3367022c4b5f31e000ec7c320a70c1e2
handle-success	handle-success-execution	Ôªø2026-02-28T13:05:00.5351648Z ##[group]Run echo "Process completed successfully 22521279100"
handle-success	handle-success-execution	2026-02-28T13:05:00.5352191Z [36;1mecho "Process completed successfully 22521279100"[0m
handle-success	handle-success-execution	2026-02-28T13:05:00.5367846Z shell: /usr/bin/bash -e {0}
handle-success	handle-success-execution	2026-02-28T13:05:00.5368138Z env:
handle-success	handle-success-execution	2026-02-28T13:05:00.5368344Z   PYTHON_VERSION: 3.9
handle-success	handle-success-execution	2026-02-28T13:05:00.5369306Z   MONGO_SUPERUSER_CONNECTION: ***
handle-success	handle-success-execution	2026-02-28T13:05:00.5369718Z   MONGO_NEW_PASS: ***
handle-success	handle-success-execution	2026-02-28T13:05:00.5370065Z   MONGO_SCRIPT_CREATE: devops/core/mongo/scripts/mongodb_status_report.py
handle-success	handle-success-execution	2026-02-28T13:05:00.5370479Z   KAOS_CODE: 22521279100
handle-success	handle-success-execution	2026-02-28T13:05:00.5370709Z   REPORT_SCAN: audit/
handle-success	handle-success-execution	2026-02-28T13:05:00.5370939Z   REPORT_PATH: audit/mongodb/
handle-success	handle-success-execution	2026-02-28T13:05:00.5371198Z   REPORT_FILENAME: 22521279100.json
handle-success	handle-success-execution	2026-02-28T13:05:00.5371788Z   KAOS_MODULE: [Ka0s] Status MongDB Report
handle-success	handle-success-execution	2026-02-28T13:05:00.5372184Z   GH_TOKEN: ***
handle-success	handle-success-execution	2026-02-28T13:05:00.5372391Z ##[endgroup]
handle-success	handle-success-execution	2026-02-28T13:05:00.5436166Z Process completed successfully 22521279100
handle-success	Post Checkout code	Ôªø2026-02-28T13:05:00.5569794Z Post job cleanup.
handle-success	Post Checkout code	2026-02-28T13:05:00.6640960Z [command]/usr/bin/git version
handle-success	Post Checkout code	2026-02-28T13:05:00.6688095Z git version 2.53.0
handle-success	Post Checkout code	2026-02-28T13:05:00.6736680Z Temporarily overriding HOME='/home/runner/_work/_temp/a0d5c85b-7dc4-4fbd-a656-189986756828' before making global git config changes
handle-success	Post Checkout code	2026-02-28T13:05:00.6737795Z Adding repository directory to the temporary git global config as a safe directory
handle-success	Post Checkout code	2026-02-28T13:05:00.6744170Z [command]/usr/bin/git config --global --add safe.directory /home/runner/_work/ka0s/ka0s
handle-success	Post Checkout code	2026-02-28T13:05:00.6793106Z [command]/usr/bin/git config --local --name-only --get-regexp core\.sshCommand
handle-success	Post Checkout code	2026-02-28T13:05:00.6840015Z [command]/usr/bin/git submodule foreach --recursive sh -c "git config --local --name-only --get-regexp 'core\.sshCommand' && git config --local --unset-all 'core.sshCommand' || :"
handle-success	Post Checkout code	2026-02-28T13:05:00.7191161Z [command]/usr/bin/git config --local --name-only --get-regexp http\.https\:\/\/github\.com\/\.extraheader
handle-success	Post Checkout code	2026-02-28T13:05:00.7221039Z http.https://github.com/.extraheader
handle-success	Post Checkout code	2026-02-28T13:05:00.7233807Z [command]/usr/bin/git config --local --unset-all http.https://github.com/.extraheader
handle-success	Post Checkout code	2026-02-28T13:05:00.7276211Z [command]/usr/bin/git submodule foreach --recursive sh -c "git config --local --name-only --get-regexp 'http\.https\:\/\/github\.com\/\.extraheader' && git config --local --unset-all 'http.https://github.com/.extraheader' || :"
handle-success	Post Checkout code	2026-02-28T13:05:00.7612303Z [command]/usr/bin/git config --local --name-only --get-regexp ^includeIf\.gitdir:
handle-success	Post Checkout code	2026-02-28T13:05:00.7653932Z [command]/usr/bin/git submodule foreach --recursive git config --local --show-origin --name-only --get-regexp remote.origin.url
handle-success	Complete job	Ôªø2026-02-28T13:05:00.8127139Z Cleaning up orphan processes
end-workflow	Set up job	Ôªø2026-02-28T13:05:12.8299440Z Current runner version: '2.332.0'
end-workflow	Set up job	2026-02-28T13:05:12.8308311Z Runner name: 'swarm-runners-scaleset-hkss5-runner-vbbwl'
end-workflow	Set up job	2026-02-28T13:05:12.8309460Z Runner group name: 'Default'
end-workflow	Set up job	2026-02-28T13:05:12.8310607Z Machine name: 'swarm-runners-scaleset-hkss5-runner-vbbwl'
end-workflow	Set up job	2026-02-28T13:05:12.8314382Z ##[group]GITHUB_TOKEN Permissions
end-workflow	Set up job	2026-02-28T13:05:12.8317282Z Actions: write
end-workflow	Set up job	2026-02-28T13:05:12.8317908Z Contents: write
end-workflow	Set up job	2026-02-28T13:05:12.8318582Z Issues: write
end-workflow	Set up job	2026-02-28T13:05:12.8319129Z Metadata: read
end-workflow	Set up job	2026-02-28T13:05:12.8319706Z PullRequests: write
end-workflow	Set up job	2026-02-28T13:05:12.8320393Z ##[endgroup]
end-workflow	Set up job	2026-02-28T13:05:12.8322542Z Secret source: Actions
end-workflow	Set up job	2026-02-28T13:05:12.8323297Z Prepare workflow directory
end-workflow	Set up job	2026-02-28T13:05:12.8904178Z Prepare all required actions
end-workflow	Set up job	2026-02-28T13:05:12.8947571Z Getting action download info
end-workflow	Set up job	2026-02-28T13:05:13.4848031Z Download action repository 'actions/checkout@v4' (SHA:34e114876b0b11c390a56381ad16ebd13914f8d5)
end-workflow	Set up job	2026-02-28T13:05:14.4360433Z Complete job name: end-workflow
end-workflow	Checkout repository	Ôªø2026-02-28T13:05:14.5006020Z ##[group]Run actions/checkout@v4
end-workflow	Checkout repository	2026-02-28T13:05:14.5006983Z with:
end-workflow	Checkout repository	2026-02-28T13:05:14.5007425Z   fetch-depth: 0
end-workflow	Checkout repository	2026-02-28T13:05:14.5007892Z   repository: Ka0s-Klaus/ka0s
end-workflow	Checkout repository	2026-02-28T13:05:14.5008671Z   token: ***
end-workflow	Checkout repository	2026-02-28T13:05:14.5009105Z   ssh-strict: true
end-workflow	Checkout repository	2026-02-28T13:05:14.5009542Z   ssh-user: git
end-workflow	Checkout repository	2026-02-28T13:05:14.5009996Z   persist-credentials: true
end-workflow	Checkout repository	2026-02-28T13:05:14.5010495Z   clean: true
end-workflow	Checkout repository	2026-02-28T13:05:14.5010936Z   sparse-checkout-cone-mode: true
end-workflow	Checkout repository	2026-02-28T13:05:14.5011487Z   fetch-tags: false
end-workflow	Checkout repository	2026-02-28T13:05:14.5011938Z   show-progress: true
end-workflow	Checkout repository	2026-02-28T13:05:14.5012390Z   lfs: false
end-workflow	Checkout repository	2026-02-28T13:05:14.5012828Z   submodules: false
end-workflow	Checkout repository	2026-02-28T13:05:14.5013286Z   set-safe-directory: true
end-workflow	Checkout repository	2026-02-28T13:05:14.5014003Z env:
end-workflow	Checkout repository	2026-02-28T13:05:14.5014436Z   PYTHON_VERSION: 3.9
end-workflow	Checkout repository	2026-02-28T13:05:14.5016131Z   MONGO_SUPERUSER_CONNECTION: ***
end-workflow	Checkout repository	2026-02-28T13:05:14.5016872Z   MONGO_NEW_PASS: ***
end-workflow	Checkout repository	2026-02-28T13:05:14.5017555Z   MONGO_SCRIPT_CREATE: devops/core/mongo/scripts/mongodb_status_report.py
end-workflow	Checkout repository	2026-02-28T13:05:14.5018383Z   KAOS_CODE: 22521279100
end-workflow	Checkout repository	2026-02-28T13:05:14.5018863Z   REPORT_SCAN: audit/
end-workflow	Checkout repository	2026-02-28T13:05:14.5019348Z   REPORT_PATH: audit/mongodb/
end-workflow	Checkout repository	2026-02-28T13:05:14.5019877Z   REPORT_FILENAME: 22521279100.json
end-workflow	Checkout repository	2026-02-28T13:05:14.5020449Z   KAOS_MODULE: [Ka0s] Status MongDB Report
end-workflow	Checkout repository	2026-02-28T13:05:14.5021015Z ##[endgroup]
end-workflow	Checkout repository	2026-02-28T13:05:14.6274433Z Syncing repository: Ka0s-Klaus/ka0s
end-workflow	Checkout repository	2026-02-28T13:05:14.6277005Z ##[group]Getting Git version info
end-workflow	Checkout repository	2026-02-28T13:05:14.6277726Z Working directory is '/home/runner/_work/ka0s/ka0s'
end-workflow	Checkout repository	2026-02-28T13:05:14.6279009Z [command]/usr/bin/git version
end-workflow	Checkout repository	2026-02-28T13:05:14.6279603Z git version 2.53.0
end-workflow	Checkout repository	2026-02-28T13:05:14.6308191Z ##[endgroup]
end-workflow	Checkout repository	2026-02-28T13:05:14.6325848Z Temporarily overriding HOME='/home/runner/_work/_temp/38b77d5b-a77c-42f6-9d48-58db533e3739' before making global git config changes
end-workflow	Checkout repository	2026-02-28T13:05:14.6327433Z Adding repository directory to the temporary git global config as a safe directory
end-workflow	Checkout repository	2026-02-28T13:05:14.6333382Z [command]/usr/bin/git config --global --add safe.directory /home/runner/_work/ka0s/ka0s
end-workflow	Checkout repository	2026-02-28T13:05:14.6393789Z Deleting the contents of '/home/runner/_work/ka0s/ka0s'
end-workflow	Checkout repository	2026-02-28T13:05:14.6432335Z ##[group]Initializing the repository
end-workflow	Checkout repository	2026-02-28T13:05:14.6433252Z [command]/usr/bin/git init /home/runner/_work/ka0s/ka0s
end-workflow	Checkout repository	2026-02-28T13:05:14.6487263Z hint: Using 'master' as the name for the initial branch. This default branch name
end-workflow	Checkout repository	2026-02-28T13:05:14.6488747Z hint: will change to "main" in Git 3.0. To configure the initial branch name
end-workflow	Checkout repository	2026-02-28T13:05:14.6505179Z hint: to use in all of your new repositories, which will suppress this warning,
end-workflow	Checkout repository	2026-02-28T13:05:14.6506409Z hint: call:
end-workflow	Checkout repository	2026-02-28T13:05:14.6506829Z hint:
end-workflow	Checkout repository	2026-02-28T13:05:14.6507398Z hint: 	git config --global init.defaultBranch <name>
end-workflow	Checkout repository	2026-02-28T13:05:14.6508053Z hint:
end-workflow	Checkout repository	2026-02-28T13:05:14.6508672Z hint: Names commonly chosen instead of 'master' are 'main', 'trunk' and
end-workflow	Checkout repository	2026-02-28T13:05:14.6509681Z hint: 'development'. The just-created branch can be renamed via this command:
end-workflow	Checkout repository	2026-02-28T13:05:14.6511147Z hint:
end-workflow	Checkout repository	2026-02-28T13:05:14.6511582Z hint: 	git branch -m <name>
end-workflow	Checkout repository	2026-02-28T13:05:14.6512078Z hint:
end-workflow	Checkout repository	2026-02-28T13:05:14.6512743Z hint: Disable this message with "git config set advice.defaultBranchName false"
end-workflow	Checkout repository	2026-02-28T13:05:14.6513800Z Initialized empty Git repository in /home/runner/_work/ka0s/ka0s/.git/
end-workflow	Checkout repository	2026-02-28T13:05:14.6522484Z [command]/usr/bin/git remote add origin https://github.com/Ka0s-Klaus/ka0s
end-workflow	Checkout repository	2026-02-28T13:05:14.6560905Z ##[endgroup]
end-workflow	Checkout repository	2026-02-28T13:05:14.6561826Z ##[group]Disabling automatic garbage collection
end-workflow	Checkout repository	2026-02-28T13:05:14.6565037Z [command]/usr/bin/git config --local gc.auto 0
end-workflow	Checkout repository	2026-02-28T13:05:14.6615897Z ##[endgroup]
end-workflow	Checkout repository	2026-02-28T13:05:14.6616906Z ##[group]Setting up auth
end-workflow	Checkout repository	2026-02-28T13:05:14.6618964Z [command]/usr/bin/git config --local --name-only --get-regexp core\.sshCommand
end-workflow	Checkout repository	2026-02-28T13:05:14.6669127Z [command]/usr/bin/git submodule foreach --recursive sh -c "git config --local --name-only --get-regexp 'core\.sshCommand' && git config --local --unset-all 'core.sshCommand' || :"
end-workflow	Checkout repository	2026-02-28T13:05:14.7012525Z [command]/usr/bin/git config --local --name-only --get-regexp http\.https\:\/\/github\.com\/\.extraheader
end-workflow	Checkout repository	2026-02-28T13:05:14.7053918Z [command]/usr/bin/git submodule foreach --recursive sh -c "git config --local --name-only --get-regexp 'http\.https\:\/\/github\.com\/\.extraheader' && git config --local --unset-all 'http.https://github.com/.extraheader' || :"
end-workflow	Checkout repository	2026-02-28T13:05:14.7387568Z [command]/usr/bin/git config --local --name-only --get-regexp ^includeIf\.gitdir:
end-workflow	Checkout repository	2026-02-28T13:05:14.7431883Z [command]/usr/bin/git submodule foreach --recursive git config --local --show-origin --name-only --get-regexp remote.origin.url
end-workflow	Checkout repository	2026-02-28T13:05:14.7765657Z [command]/usr/bin/git config --local http.https://github.com/.extraheader AUTHORIZATION: basic ***
end-workflow	Checkout repository	2026-02-28T13:05:14.7819955Z ##[endgroup]
end-workflow	Checkout repository	2026-02-28T13:05:14.7820859Z ##[group]Fetching the repository
end-workflow	Checkout repository	2026-02-28T13:05:14.7839864Z [command]/usr/bin/git -c protocol.version=2 fetch --prune --no-recurse-submodules origin +refs/heads/*:refs/remotes/origin/* +refs/tags/*:refs/tags/*
end-workflow	Checkout repository	2026-02-28T13:05:35.6879998Z From https://github.com/Ka0s-Klaus/ka0s
end-workflow	Checkout repository	2026-02-28T13:05:35.6881251Z  * [new branch]          F3450-modelo-operativo -> origin/F3450-modelo-operativo
end-workflow	Checkout repository	2026-02-28T13:05:35.6882234Z  * [new branch]          H1276-modulo-observabilidad -> origin/H1276-modulo-observabilidad
end-workflow	Checkout repository	2026-02-28T13:05:35.6885684Z  * [new branch]          H3596-deploy-itop      -> origin/H3596-deploy-itop
end-workflow	Checkout repository	2026-02-28T13:05:35.6886482Z  * [new branch]          H4170-flujo-detallado-zabbix---github -> origin/H4170-flujo-detallado-zabbix---github
end-workflow	Checkout repository	2026-02-28T13:05:35.6887209Z  * [new branch]          H4191-request-cambios  -> origin/H4191-request-cambios
end-workflow	Checkout repository	2026-02-28T13:05:35.6888094Z  * [new branch]          H4200-request-recomendaciones-de-auditoria -> origin/H4200-request-recomendaciones-de-auditoria
end-workflow	Checkout repository	2026-02-28T13:05:35.6889050Z  * [new branch]          main                   -> origin/main
end-workflow	Checkout repository	2026-02-28T13:05:35.6889489Z  * [new tag]             0.0.0                  -> 0.0.0
end-workflow	Checkout repository	2026-02-28T13:05:35.6889993Z  * [new tag]             0.0.1                  -> 0.0.1
end-workflow	Checkout repository	2026-02-28T13:05:35.6890379Z  * [new tag]             0.0.10                 -> 0.0.10
end-workflow	Checkout repository	2026-02-28T13:05:35.6890834Z  * [new tag]             0.0.100                -> 0.0.100
end-workflow	Checkout repository	2026-02-28T13:05:35.6891234Z  * [new tag]             0.0.101                -> 0.0.101
end-workflow	Checkout repository	2026-02-28T13:05:35.6891629Z  * [new tag]             0.0.102                -> 0.0.102
end-workflow	Checkout repository	2026-02-28T13:05:35.6892058Z  * [new tag]             0.0.103                -> 0.0.103
end-workflow	Checkout repository	2026-02-28T13:05:35.6892493Z  * [new tag]             0.0.104                -> 0.0.104
end-workflow	Checkout repository	2026-02-28T13:05:35.6892909Z  * [new tag]             0.0.105                -> 0.0.105
end-workflow	Checkout repository	2026-02-28T13:05:35.6893299Z  * [new tag]             0.0.106                -> 0.0.106
end-workflow	Checkout repository	2026-02-28T13:05:35.6893735Z  * [new tag]             0.0.107                -> 0.0.107
end-workflow	Checkout repository	2026-02-28T13:05:35.6894125Z  * [new tag]             0.0.108                -> 0.0.108
end-workflow	Checkout repository	2026-02-28T13:05:35.6903999Z  * [new tag]             0.0.109                -> 0.0.109
end-workflow	Checkout repository	2026-02-28T13:05:35.6904422Z  * [new tag]             0.0.11                 -> 0.0.11
end-workflow	Checkout repository	2026-02-28T13:05:35.6906270Z  * [new tag]             0.0.110                -> 0.0.110
end-workflow	Checkout repository	2026-02-28T13:05:35.6906681Z  * [new tag]             0.0.111                -> 0.0.111
end-workflow	Checkout repository	2026-02-28T13:05:35.6907079Z  * [new tag]             0.0.112                -> 0.0.112
end-workflow	Checkout repository	2026-02-28T13:05:35.6907474Z  * [new tag]             0.0.113                -> 0.0.113
end-workflow	Checkout repository	2026-02-28T13:05:35.6907873Z  * [new tag]             0.0.114                -> 0.0.114
end-workflow	Checkout repository	2026-02-28T13:05:35.6908285Z  * [new tag]             0.0.115                -> 0.0.115
end-workflow	Checkout repository	2026-02-28T13:05:35.6908690Z  * [new tag]             0.0.116                -> 0.0.116
end-workflow	Checkout repository	2026-02-28T13:05:35.6909361Z  * [new tag]             0.0.117                -> 0.0.117
end-workflow	Checkout repository	2026-02-28T13:05:35.6909825Z  * [new tag]             0.0.118                -> 0.0.118
end-workflow	Checkout repository	2026-02-28T13:05:35.6910223Z  * [new tag]             0.0.119                -> 0.0.119
end-workflow	Checkout repository	2026-02-28T13:05:35.6910970Z  * [new tag]             0.0.12                 -> 0.0.12
end-workflow	Checkout repository	2026-02-28T13:05:35.6911364Z  * [new tag]             0.0.120                -> 0.0.120
end-workflow	Checkout repository	2026-02-28T13:05:35.6911764Z  * [new tag]             0.0.121                -> 0.0.121
end-workflow	Checkout repository	2026-02-28T13:05:35.6912167Z  * [new tag]             0.0.122                -> 0.0.122
end-workflow	Checkout repository	2026-02-28T13:05:35.6912565Z  * [new tag]             0.0.123                -> 0.0.123
end-workflow	Checkout repository	2026-02-28T13:05:35.6912960Z  * [new tag]             0.0.124                -> 0.0.124
end-workflow	Checkout repository	2026-02-28T13:05:35.6913357Z  * [new tag]             0.0.125                -> 0.0.125
end-workflow	Checkout repository	2026-02-28T13:05:35.6913752Z  * [new tag]             0.0.126                -> 0.0.126
end-workflow	Checkout repository	2026-02-28T13:05:35.6914151Z  * [new tag]             0.0.127                -> 0.0.127
end-workflow	Checkout repository	2026-02-28T13:05:35.6915815Z  * [new tag]             0.0.128                -> 0.0.128
end-workflow	Checkout repository	2026-02-28T13:05:35.6916245Z  * [new tag]             0.0.129                -> 0.0.129
end-workflow	Checkout repository	2026-02-28T13:05:35.6916642Z  * [new tag]             0.0.13                 -> 0.0.13
end-workflow	Checkout repository	2026-02-28T13:05:35.6917054Z  * [new tag]             0.0.130                -> 0.0.130
end-workflow	Checkout repository	2026-02-28T13:05:35.6917454Z  * [new tag]             0.0.131                -> 0.0.131
end-workflow	Checkout repository	2026-02-28T13:05:35.6917852Z  * [new tag]             0.0.132                -> 0.0.132
end-workflow	Checkout repository	2026-02-28T13:05:35.6918245Z  * [new tag]             0.0.133                -> 0.0.133
end-workflow	Checkout repository	2026-02-28T13:05:35.6918637Z  * [new tag]             0.0.134                -> 0.0.134
end-workflow	Checkout repository	2026-02-28T13:05:35.6919034Z  * [new tag]             0.0.135                -> 0.0.135
end-workflow	Checkout repository	2026-02-28T13:05:35.6919432Z  * [new tag]             0.0.136                -> 0.0.136
end-workflow	Checkout repository	2026-02-28T13:05:35.6991490Z  * [new tag]             0.0.137                -> 0.0.137
end-workflow	Checkout repository	2026-02-28T13:05:35.6992440Z  * [new tag]             0.0.138                -> 0.0.138
end-workflow	Checkout repository	2026-02-28T13:05:35.6992919Z  * [new tag]             0.0.139                -> 0.0.139
end-workflow	Checkout repository	2026-02-28T13:05:35.6993330Z  * [new tag]             0.0.14                 -> 0.0.14
end-workflow	Checkout repository	2026-02-28T13:05:35.6993821Z  * [new tag]             0.0.140                -> 0.0.140
end-workflow	Checkout repository	2026-02-28T13:05:35.6994231Z  * [new tag]             0.0.141                -> 0.0.141
end-workflow	Checkout repository	2026-02-28T13:05:35.6994715Z  * [new tag]             0.0.142                -> 0.0.142
end-workflow	Checkout repository	2026-02-28T13:05:35.6995134Z  * [new tag]             0.0.143                -> 0.0.143
end-workflow	Checkout repository	2026-02-28T13:05:35.6995652Z  * [new tag]             0.0.144                -> 0.0.144
end-workflow	Checkout repository	2026-02-28T13:05:35.6996070Z  * [new tag]             0.0.145                -> 0.0.145
end-workflow	Checkout repository	2026-02-28T13:05:35.6996460Z  * [new tag]             0.0.146                -> 0.0.146
end-workflow	Checkout repository	2026-02-28T13:05:35.6996853Z  * [new tag]             0.0.147                -> 0.0.147
end-workflow	Checkout repository	2026-02-28T13:05:35.6997251Z  * [new tag]             0.0.148                -> 0.0.148
end-workflow	Checkout repository	2026-02-28T13:05:35.6997648Z  * [new tag]             0.0.149                -> 0.0.149
end-workflow	Checkout repository	2026-02-28T13:05:35.6998056Z  * [new tag]             0.0.15                 -> 0.0.15
end-workflow	Checkout repository	2026-02-28T13:05:35.6998475Z  * [new tag]             0.0.150                -> 0.0.150
end-workflow	Checkout repository	2026-02-28T13:05:35.6999191Z  * [new tag]             0.0.151                -> 0.0.151
end-workflow	Checkout repository	2026-02-28T13:05:35.6999584Z  * [new tag]             0.0.152                -> 0.0.152
end-workflow	Checkout repository	2026-02-28T13:05:35.6999984Z  * [new tag]             0.0.153                -> 0.0.153
end-workflow	Checkout repository	2026-02-28T13:05:35.7000384Z  * [new tag]             0.0.154                -> 0.0.154
end-workflow	Checkout repository	2026-02-28T13:05:35.7000785Z  * [new tag]             0.0.155                -> 0.0.155
end-workflow	Checkout repository	2026-02-28T13:05:35.7001185Z  * [new tag]             0.0.156                -> 0.0.156
end-workflow	Checkout repository	2026-02-28T13:05:35.7001584Z  * [new tag]             0.0.157                -> 0.0.157
end-workflow	Checkout repository	2026-02-28T13:05:35.7001984Z  * [new tag]             0.0.158                -> 0.0.158
end-workflow	Checkout repository	2026-02-28T13:05:35.7002380Z  * [new tag]             0.0.159                -> 0.0.159
end-workflow	Checkout repository	2026-02-28T13:05:35.7002776Z  * [new tag]             0.0.16                 -> 0.0.16
end-workflow	Checkout repository	2026-02-28T13:05:35.7003182Z  * [new tag]             0.0.160                -> 0.0.160
end-workflow	Checkout repository	2026-02-28T13:05:35.7003576Z  * [new tag]             0.0.161                -> 0.0.161
end-workflow	Checkout repository	2026-02-28T13:05:35.7004210Z  * [new tag]             0.0.162                -> 0.0.162
end-workflow	Checkout repository	2026-02-28T13:05:35.7004846Z  * [new tag]             0.0.163                -> 0.0.163
end-workflow	Checkout repository	2026-02-28T13:05:35.7005381Z  * [new tag]             0.0.164                -> 0.0.164
end-workflow	Checkout repository	2026-02-28T13:05:35.7005778Z  * [new tag]             0.0.165                -> 0.0.165
end-workflow	Checkout repository	2026-02-28T13:05:35.7006182Z  * [new tag]             0.0.166                -> 0.0.166
end-workflow	Checkout repository	2026-02-28T13:05:35.7006610Z  * [new tag]             0.0.167                -> 0.0.167
end-workflow	Checkout repository	2026-02-28T13:05:35.7007046Z  * [new tag]             0.0.168                -> 0.0.168
end-workflow	Checkout repository	2026-02-28T13:05:35.7007453Z  * [new tag]             0.0.169                -> 0.0.169
end-workflow	Checkout repository	2026-02-28T13:05:35.7007857Z  * [new tag]             0.0.17                 -> 0.0.17
end-workflow	Checkout repository	2026-02-28T13:05:35.7008260Z  * [new tag]             0.0.170                -> 0.0.170
end-workflow	Checkout repository	2026-02-28T13:05:35.7008924Z  * [new tag]             0.0.171                -> 0.0.171
end-workflow	Checkout repository	2026-02-28T13:05:35.7009347Z  * [new tag]             0.0.172                -> 0.0.172
end-workflow	Checkout repository	2026-02-28T13:05:35.7009857Z  * [new tag]             0.0.173                -> 0.0.173
end-workflow	Checkout repository	2026-02-28T13:05:35.7010242Z  * [new tag]             0.0.174                -> 0.0.174
end-workflow	Checkout repository	2026-02-28T13:05:35.7010633Z  * [new tag]             0.0.175                -> 0.0.175
end-workflow	Checkout repository	2026-02-28T13:05:35.7011021Z  * [new tag]             0.0.176                -> 0.0.176
end-workflow	Checkout repository	2026-02-28T13:05:35.7011411Z  * [new tag]             0.0.177                -> 0.0.177
end-workflow	Checkout repository	2026-02-28T13:05:35.7011799Z  * [new tag]             0.0.178                -> 0.0.178
end-workflow	Checkout repository	2026-02-28T13:05:35.7012186Z  * [new tag]             0.0.179                -> 0.0.179
end-workflow	Checkout repository	2026-02-28T13:05:35.7012585Z  * [new tag]             0.0.18                 -> 0.0.18
end-workflow	Checkout repository	2026-02-28T13:05:35.7012978Z  * [new tag]             0.0.19                 -> 0.0.19
end-workflow	Checkout repository	2026-02-28T13:05:35.7013368Z  * [new tag]             0.0.2                  -> 0.0.2
end-workflow	Checkout repository	2026-02-28T13:05:35.7013758Z  * [new tag]             0.0.20                 -> 0.0.20
end-workflow	Checkout repository	2026-02-28T13:05:35.7014168Z  * [new tag]             0.0.21                 -> 0.0.21
end-workflow	Checkout repository	2026-02-28T13:05:35.7015455Z  * [new tag]             0.0.22                 -> 0.0.22
end-workflow	Checkout repository	2026-02-28T13:05:35.7015863Z  * [new tag]             0.0.23                 -> 0.0.23
end-workflow	Checkout repository	2026-02-28T13:05:35.7016253Z  * [new tag]             0.0.24                 -> 0.0.24
end-workflow	Checkout repository	2026-02-28T13:05:35.7016642Z  * [new tag]             0.0.25                 -> 0.0.25
end-workflow	Checkout repository	2026-02-28T13:05:35.7017023Z  * [new tag]             0.0.26                 -> 0.0.26
end-workflow	Checkout repository	2026-02-28T13:05:35.7017552Z  * [new tag]             0.0.27                 -> 0.0.27
end-workflow	Checkout repository	2026-02-28T13:05:35.7017945Z  * [new tag]             0.0.28                 -> 0.0.28
end-workflow	Checkout repository	2026-02-28T13:05:35.7018334Z  * [new tag]             0.0.29                 -> 0.0.29
end-workflow	Checkout repository	2026-02-28T13:05:35.7018722Z  * [new tag]             0.0.3                  -> 0.0.3
end-workflow	Checkout repository	2026-02-28T13:05:35.7019105Z  * [new tag]             0.0.30                 -> 0.0.30
end-workflow	Checkout repository	2026-02-28T13:05:35.7019494Z  * [new tag]             0.0.31                 -> 0.0.31
end-workflow	Checkout repository	2026-02-28T13:05:35.7020120Z  * [new tag]             0.0.32                 -> 0.0.32
end-workflow	Checkout repository	2026-02-28T13:05:35.7020507Z  * [new tag]             0.0.33                 -> 0.0.33
end-workflow	Checkout repository	2026-02-28T13:05:35.7020895Z  * [new tag]             0.0.34                 -> 0.0.34
end-workflow	Checkout repository	2026-02-28T13:05:35.7021285Z  * [new tag]             0.0.35                 -> 0.0.35
end-workflow	Checkout repository	2026-02-28T13:05:35.7021668Z  * [new tag]             0.0.36                 -> 0.0.36
end-workflow	Checkout repository	2026-02-28T13:05:35.7022049Z  * [new tag]             0.0.37                 -> 0.0.37
end-workflow	Checkout repository	2026-02-28T13:05:35.7022437Z  * [new tag]             0.0.38                 -> 0.0.38
end-workflow	Checkout repository	2026-02-28T13:05:35.7022827Z  * [new tag]             0.0.39                 -> 0.0.39
end-workflow	Checkout repository	2026-02-28T13:05:35.7023209Z  * [new tag]             0.0.4                  -> 0.0.4
end-workflow	Checkout repository	2026-02-28T13:05:35.7023593Z  * [new tag]             0.0.40                 -> 0.0.40
end-workflow	Checkout repository	2026-02-28T13:05:35.7023977Z  * [new tag]             0.0.41                 -> 0.0.41
end-workflow	Checkout repository	2026-02-28T13:05:35.7024362Z  * [new tag]             0.0.42                 -> 0.0.42
end-workflow	Checkout repository	2026-02-28T13:05:35.7025438Z  * [new tag]             0.0.43                 -> 0.0.43
end-workflow	Checkout repository	2026-02-28T13:05:35.7025990Z  * [new tag]             0.0.44                 -> 0.0.44
end-workflow	Checkout repository	2026-02-28T13:05:35.7026403Z  * [new tag]             0.0.45                 -> 0.0.45
end-workflow	Checkout repository	2026-02-28T13:05:35.7026818Z  * [new tag]             0.0.46                 -> 0.0.46
end-workflow	Checkout repository	2026-02-28T13:05:35.7027219Z  * [new tag]             0.0.47                 -> 0.0.47
end-workflow	Checkout repository	2026-02-28T13:05:35.7027630Z  * [new tag]             0.0.48                 -> 0.0.48
end-workflow	Checkout repository	2026-02-28T13:05:35.7028041Z  * [new tag]             0.0.49                 -> 0.0.49
end-workflow	Checkout repository	2026-02-28T13:05:35.7028446Z  * [new tag]             0.0.5                  -> 0.0.5
end-workflow	Checkout repository	2026-02-28T13:05:35.7029167Z  * [new tag]             0.0.50                 -> 0.0.50
end-workflow	Checkout repository	2026-02-28T13:05:35.7029576Z  * [new tag]             0.0.51                 -> 0.0.51
end-workflow	Checkout repository	2026-02-28T13:05:35.7029988Z  * [new tag]             0.0.52                 -> 0.0.52
end-workflow	Checkout repository	2026-02-28T13:05:35.7030415Z  * [new tag]             0.0.53                 -> 0.0.53
end-workflow	Checkout repository	2026-02-28T13:05:35.7030831Z  * [new tag]             0.0.54                 -> 0.0.54
end-workflow	Checkout repository	2026-02-28T13:05:35.7031238Z  * [new tag]             0.0.55                 -> 0.0.55
end-workflow	Checkout repository	2026-02-28T13:05:35.7031649Z  * [new tag]             0.0.56                 -> 0.0.56
end-workflow	Checkout repository	2026-02-28T13:05:35.7032058Z  * [new tag]             0.0.57                 -> 0.0.57
end-workflow	Checkout repository	2026-02-28T13:05:35.7032472Z  * [new tag]             0.0.58                 -> 0.0.58
end-workflow	Checkout repository	2026-02-28T13:05:35.7032870Z  * [new tag]             0.0.59                 -> 0.0.59
end-workflow	Checkout repository	2026-02-28T13:05:35.7033264Z  * [new tag]             0.0.6                  -> 0.0.6
end-workflow	Checkout repository	2026-02-28T13:05:35.7033663Z  * [new tag]             0.0.60                 -> 0.0.60
end-workflow	Checkout repository	2026-02-28T13:05:35.7034065Z  * [new tag]             0.0.61                 -> 0.0.61
end-workflow	Checkout repository	2026-02-28T13:05:35.7034465Z  * [new tag]             0.0.62                 -> 0.0.62
end-workflow	Checkout repository	2026-02-28T13:05:35.7034987Z  * [new tag]             0.0.63                 -> 0.0.63
end-workflow	Checkout repository	2026-02-28T13:05:35.7035409Z  * [new tag]             0.0.64                 -> 0.0.64
end-workflow	Checkout repository	2026-02-28T13:05:35.7035811Z  * [new tag]             0.0.65                 -> 0.0.65
end-workflow	Checkout repository	2026-02-28T13:05:35.7036212Z  * [new tag]             0.0.66                 -> 0.0.66
end-workflow	Checkout repository	2026-02-28T13:05:35.7036609Z  * [new tag]             0.0.67                 -> 0.0.67
end-workflow	Checkout repository	2026-02-28T13:05:35.7037006Z  * [new tag]             0.0.68                 -> 0.0.68
end-workflow	Checkout repository	2026-02-28T13:05:35.7037412Z  * [new tag]             0.0.69                 -> 0.0.69
end-workflow	Checkout repository	2026-02-28T13:05:35.7037812Z  * [new tag]             0.0.7                  -> 0.0.7
end-workflow	Checkout repository	2026-02-28T13:05:35.7038212Z  * [new tag]             0.0.70                 -> 0.0.70
end-workflow	Checkout repository	2026-02-28T13:05:35.7038617Z  * [new tag]             0.0.71                 -> 0.0.71
end-workflow	Checkout repository	2026-02-28T13:05:35.7039019Z  * [new tag]             0.0.72                 -> 0.0.72
end-workflow	Checkout repository	2026-02-28T13:05:35.7039415Z  * [new tag]             0.0.73                 -> 0.0.73
end-workflow	Checkout repository	2026-02-28T13:05:35.7039815Z  * [new tag]             0.0.74                 -> 0.0.74
end-workflow	Checkout repository	2026-02-28T13:05:35.7040457Z  * [new tag]             0.0.75                 -> 0.0.75
end-workflow	Checkout repository	2026-02-28T13:05:35.7040857Z  * [new tag]             0.0.76                 -> 0.0.76
end-workflow	Checkout repository	2026-02-28T13:05:35.7041263Z  * [new tag]             0.0.77                 -> 0.0.77
end-workflow	Checkout repository	2026-02-28T13:05:35.7041674Z  * [new tag]             0.0.78                 -> 0.0.78
end-workflow	Checkout repository	2026-02-28T13:05:35.7042079Z  * [new tag]             0.0.79                 -> 0.0.79
end-workflow	Checkout repository	2026-02-28T13:05:35.7042481Z  * [new tag]             0.0.8                  -> 0.0.8
end-workflow	Checkout repository	2026-02-28T13:05:35.7042887Z  * [new tag]             0.0.80                 -> 0.0.80
end-workflow	Checkout repository	2026-02-28T13:05:35.7043295Z  * [new tag]             0.0.81                 -> 0.0.81
end-workflow	Checkout repository	2026-02-28T13:05:35.7043705Z  * [new tag]             0.0.82                 -> 0.0.82
end-workflow	Checkout repository	2026-02-28T13:05:35.7044102Z  * [new tag]             0.0.83                 -> 0.0.83
end-workflow	Checkout repository	2026-02-28T13:05:35.7044613Z  * [new tag]             0.0.84                 -> 0.0.84
end-workflow	Checkout repository	2026-02-28T13:05:35.7045026Z  * [new tag]             0.0.85                 -> 0.0.85
end-workflow	Checkout repository	2026-02-28T13:05:35.7045664Z  * [new tag]             0.0.86                 -> 0.0.86
end-workflow	Checkout repository	2026-02-28T13:05:35.7046073Z  * [new tag]             0.0.87                 -> 0.0.87
end-workflow	Checkout repository	2026-02-28T13:05:35.7046479Z  * [new tag]             0.0.88                 -> 0.0.88
end-workflow	Checkout repository	2026-02-28T13:05:35.7046877Z  * [new tag]             0.0.89                 -> 0.0.89
end-workflow	Checkout repository	2026-02-28T13:05:35.7047280Z  * [new tag]             0.0.9                  -> 0.0.9
end-workflow	Checkout repository	2026-02-28T13:05:35.7047681Z  * [new tag]             0.0.90                 -> 0.0.90
end-workflow	Checkout repository	2026-02-28T13:05:35.7048082Z  * [new tag]             0.0.91                 -> 0.0.91
end-workflow	Checkout repository	2026-02-28T13:05:35.7048477Z  * [new tag]             0.0.92                 -> 0.0.92
end-workflow	Checkout repository	2026-02-28T13:05:35.7048875Z  * [new tag]             0.0.93                 -> 0.0.93
end-workflow	Checkout repository	2026-02-28T13:05:35.7049277Z  * [new tag]             0.0.94                 -> 0.0.94
end-workflow	Checkout repository	2026-02-28T13:05:35.7049678Z  * [new tag]             0.0.95                 -> 0.0.95
end-workflow	Checkout repository	2026-02-28T13:05:35.7050083Z  * [new tag]             0.0.96                 -> 0.0.96
end-workflow	Checkout repository	2026-02-28T13:05:35.7050497Z  * [new tag]             0.0.97                 -> 0.0.97
end-workflow	Checkout repository	2026-02-28T13:05:35.7050901Z  * [new tag]             0.0.98                 -> 0.0.98
end-workflow	Checkout repository	2026-02-28T13:05:35.7051305Z  * [new tag]             0.0.99                 -> 0.0.99
end-workflow	Checkout repository	2026-02-28T13:05:35.7051703Z  * [new tag]             0.1.0                  -> 0.1.0
end-workflow	Checkout repository	2026-02-28T13:05:35.7052106Z  * [new tag]             0.1.1                  -> 0.1.1
end-workflow	Checkout repository	2026-02-28T13:05:35.7052506Z  * [new tag]             0.2.0                  -> 0.2.0
end-workflow	Checkout repository	2026-02-28T13:05:35.7052900Z  * [new tag]             0.3.0                  -> 0.3.0
end-workflow	Checkout repository	2026-02-28T13:05:35.7053305Z  * [new tag]             0.3.1                  -> 0.3.1
end-workflow	Checkout repository	2026-02-28T13:05:35.7053734Z  * [new tag]             0.3.10                 -> 0.3.10
end-workflow	Checkout repository	2026-02-28T13:05:35.7054148Z  * [new tag]             0.3.11                 -> 0.3.11
end-workflow	Checkout repository	2026-02-28T13:05:35.7054612Z  * [new tag]             0.3.12                 -> 0.3.12
end-workflow	Checkout repository	2026-02-28T13:05:35.7055037Z  * [new tag]             0.3.13                 -> 0.3.13
end-workflow	Checkout repository	2026-02-28T13:05:35.7055445Z  * [new tag]             0.3.14                 -> 0.3.14
end-workflow	Checkout repository	2026-02-28T13:05:35.7055845Z  * [new tag]             0.3.15                 -> 0.3.15
end-workflow	Checkout repository	2026-02-28T13:05:35.7056248Z  * [new tag]             0.3.16                 -> 0.3.16
end-workflow	Checkout repository	2026-02-28T13:05:35.7056655Z  * [new tag]             0.3.17                 -> 0.3.17
end-workflow	Checkout repository	2026-02-28T13:05:35.7057053Z  * [new tag]             0.3.2                  -> 0.3.2
end-workflow	Checkout repository	2026-02-28T13:05:35.7057451Z  * [new tag]             0.3.3                  -> 0.3.3
end-workflow	Checkout repository	2026-02-28T13:05:35.7057861Z  * [new tag]             0.3.4                  -> 0.3.4
end-workflow	Checkout repository	2026-02-28T13:05:35.7058264Z  * [new tag]             0.3.5                  -> 0.3.5
end-workflow	Checkout repository	2026-02-28T13:05:35.7058681Z  * [new tag]             0.3.6                  -> 0.3.6
end-workflow	Checkout repository	2026-02-28T13:05:35.7059099Z  * [new tag]             0.3.7                  -> 0.3.7
end-workflow	Checkout repository	2026-02-28T13:05:35.7059515Z  * [new tag]             0.3.8                  -> 0.3.8
end-workflow	Checkout repository	2026-02-28T13:05:35.7060243Z  * [new tag]             0.3.9                  -> 0.3.9
end-workflow	Checkout repository	2026-02-28T13:05:35.7060656Z  * [new tag]             0.4.0                  -> 0.4.0
end-workflow	Checkout repository	2026-02-28T13:05:35.7061056Z  * [new tag]             0.4.1                  -> 0.4.1
end-workflow	Checkout repository	2026-02-28T13:05:35.7061453Z  * [new tag]             0.4.2                  -> 0.4.2
end-workflow	Checkout repository	2026-02-28T13:05:35.7061847Z  * [new tag]             0.4.3                  -> 0.4.3
end-workflow	Checkout repository	2026-02-28T13:05:35.7062241Z  * [new tag]             0.4.4                  -> 0.4.4
end-workflow	Checkout repository	2026-02-28T13:05:35.7062635Z  * [new tag]             0.4.5                  -> 0.4.5
end-workflow	Checkout repository	2026-02-28T13:05:35.7063029Z  * [new tag]             0.4.6                  -> 0.4.6
end-workflow	Checkout repository	2026-02-28T13:05:35.7063426Z  * [new tag]             0.4.7                  -> 0.4.7
end-workflow	Checkout repository	2026-02-28T13:05:35.7063824Z  * [new tag]             0.4.8                  -> 0.4.8
end-workflow	Checkout repository	2026-02-28T13:05:35.7064225Z  * [new tag]             0.4.9                  -> 0.4.9
end-workflow	Checkout repository	2026-02-28T13:05:35.7064833Z  * [new tag]             0.5.0                  -> 0.5.0
end-workflow	Checkout repository	2026-02-28T13:05:35.7065527Z  * [new tag]             0.5.1                  -> 0.5.1
end-workflow	Checkout repository	2026-02-28T13:05:35.7065928Z  * [new tag]             0.5.2                  -> 0.5.2
end-workflow	Checkout repository	2026-02-28T13:05:35.7066320Z  * [new tag]             0.6.0                  -> 0.6.0
end-workflow	Checkout repository	2026-02-28T13:05:35.7066720Z  * [new tag]             0.6.1                  -> 0.6.1
end-workflow	Checkout repository	2026-02-28T13:05:35.7067115Z  * [new tag]             0.6.2                  -> 0.6.2
end-workflow	Checkout repository	2026-02-28T13:05:35.7067510Z  * [new tag]             0.6.3                  -> 0.6.3
end-workflow	Checkout repository	2026-02-28T13:05:35.7067904Z  * [new tag]             0.6.4                  -> 0.6.4
end-workflow	Checkout repository	2026-02-28T13:05:35.7068305Z  * [new tag]             0.6.5                  -> 0.6.5
end-workflow	Checkout repository	2026-02-28T13:05:35.7068704Z  * [new tag]             0.6.6                  -> 0.6.6
end-workflow	Checkout repository	2026-02-28T13:05:35.7289242Z [command]/usr/bin/git branch --list --remote origin/main
end-workflow	Checkout repository	2026-02-28T13:05:35.7369897Z   origin/main
end-workflow	Checkout repository	2026-02-28T13:05:35.7382187Z [command]/usr/bin/git rev-parse refs/remotes/origin/main
end-workflow	Checkout repository	2026-02-28T13:05:35.7423767Z 633b6d0757b28ddc21218002f3b165dde51310fa
end-workflow	Checkout repository	2026-02-28T13:05:35.7437847Z [command]/usr/bin/git -c protocol.version=2 fetch --no-tags --prune --no-recurse-submodules origin +a2e7c53f3367022c4b5f31e000ec7c320a70c1e2:refs/remotes/origin/main
end-workflow	Checkout repository	2026-02-28T13:05:35.7627980Z From https://github.com/Ka0s-Klaus/ka0s
end-workflow	Checkout repository	2026-02-28T13:05:35.7628836Z  + 633b6d075...a2e7c53f3 a2e7c53f3367022c4b5f31e000ec7c320a70c1e2 -> origin/main  (forced update)
end-workflow	Checkout repository	2026-02-28T13:05:35.7668265Z ##[endgroup]
end-workflow	Checkout repository	2026-02-28T13:05:35.7669408Z ##[group]Determining the checkout info
end-workflow	Checkout repository	2026-02-28T13:05:35.7669908Z ##[endgroup]
end-workflow	Checkout repository	2026-02-28T13:05:35.7675160Z [command]/usr/bin/git sparse-checkout disable
end-workflow	Checkout repository	2026-02-28T13:05:35.7731283Z [command]/usr/bin/git config --local --unset-all extensions.worktreeConfig
end-workflow	Checkout repository	2026-02-28T13:05:35.7771613Z ##[group]Checking out the ref
end-workflow	Checkout repository	2026-02-28T13:05:35.7783742Z [command]/usr/bin/git checkout --progress --force -B main refs/remotes/origin/main
end-workflow	Checkout repository	2026-02-28T13:05:36.0333487Z Switched to a new branch 'main'
end-workflow	Checkout repository	2026-02-28T13:05:36.0338365Z branch 'main' set up to track 'origin/main'.
end-workflow	Checkout repository	2026-02-28T13:05:36.0385867Z ##[endgroup]
end-workflow	Checkout repository	2026-02-28T13:05:36.0444192Z [command]/usr/bin/git log -1 --format=%H
end-workflow	Checkout repository	2026-02-28T13:05:36.0479678Z a2e7c53f3367022c4b5f31e000ec7c320a70c1e2
end-workflow	Install GH CLI	Ôªø2026-02-28T13:05:36.0754857Z Prepare all required actions
end-workflow	Install GH CLI	2026-02-28T13:05:36.0805703Z ##[group]Run ./.github/actions/install-gh-cli
end-workflow	Install GH CLI	2026-02-28T13:05:36.0806029Z env:
end-workflow	Install GH CLI	2026-02-28T13:05:36.0806229Z   PYTHON_VERSION: 3.9
end-workflow	Install GH CLI	2026-02-28T13:05:36.0807140Z   MONGO_SUPERUSER_CONNECTION: ***
end-workflow	Install GH CLI	2026-02-28T13:05:36.0807537Z   MONGO_NEW_PASS: ***
end-workflow	Install GH CLI	2026-02-28T13:05:36.0807874Z   MONGO_SCRIPT_CREATE: devops/core/mongo/scripts/mongodb_status_report.py
end-workflow	Install GH CLI	2026-02-28T13:05:36.0808272Z   KAOS_CODE: 22521279100
end-workflow	Install GH CLI	2026-02-28T13:05:36.0808505Z   REPORT_SCAN: audit/
end-workflow	Install GH CLI	2026-02-28T13:05:36.0808737Z   REPORT_PATH: audit/mongodb/
end-workflow	Install GH CLI	2026-02-28T13:05:36.0808988Z   REPORT_FILENAME: 22521279100.json
end-workflow	Install GH CLI	2026-02-28T13:05:36.0809268Z   KAOS_MODULE: [Ka0s] Status MongDB Report
end-workflow	Install GH CLI	2026-02-28T13:05:36.0809554Z ##[endgroup]
end-workflow	Install GH CLI	2026-02-28T13:05:36.0916726Z ##[group]Run type -p curl >/dev/null || (sudo apt-get update && sudo apt-get install curl -y)
end-workflow	Install GH CLI	2026-02-28T13:05:36.0917417Z [36;1mtype -p curl >/dev/null || (sudo apt-get update && sudo apt-get install curl -y)[0m
end-workflow	Install GH CLI	2026-02-28T13:05:36.0918272Z [36;1mcurl -fsSL https://cli.github.com/packages/githubcli-archive-keyring.gpg | sudo dd of=/usr/share/keyrings/githubcli-archive-keyring.gpg \[0m
end-workflow	Install GH CLI	2026-02-28T13:05:36.0919131Z [36;1m&& sudo chmod go+r /usr/share/keyrings/githubcli-archive-keyring.gpg \[0m
end-workflow	Install GH CLI	2026-02-28T13:05:36.0920610Z [36;1m&& echo "deb [arch=$(dpkg --print-architecture) signed-by=/usr/share/keyrings/githubcli-archive-keyring.gpg] https://cli.github.com/packages stable main" | sudo tee /etc/apt/sources.list.d/github-cli.list > /dev/null \[0m
end-workflow	Install GH CLI	2026-02-28T13:05:36.0921585Z [36;1m&& sudo apt-get update \[0m
end-workflow	Install GH CLI	2026-02-28T13:05:36.0921867Z [36;1m&& sudo apt-get install gh -y[0m
end-workflow	Install GH CLI	2026-02-28T13:05:36.0940057Z shell: /usr/bin/bash --noprofile --norc -e -o pipefail {0}
end-workflow	Install GH CLI	2026-02-28T13:05:36.0940429Z env:
end-workflow	Install GH CLI	2026-02-28T13:05:36.0940621Z   PYTHON_VERSION: 3.9
end-workflow	Install GH CLI	2026-02-28T13:05:36.0941448Z   MONGO_SUPERUSER_CONNECTION: ***
end-workflow	Install GH CLI	2026-02-28T13:05:36.0941840Z   MONGO_NEW_PASS: ***
end-workflow	Install GH CLI	2026-02-28T13:05:36.0942174Z   MONGO_SCRIPT_CREATE: devops/core/mongo/scripts/mongodb_status_report.py
end-workflow	Install GH CLI	2026-02-28T13:05:36.0942559Z   KAOS_CODE: 22521279100
end-workflow	Install GH CLI	2026-02-28T13:05:36.0942778Z   REPORT_SCAN: audit/
end-workflow	Install GH CLI	2026-02-28T13:05:36.0955840Z   REPORT_PATH: audit/mongodb/
end-workflow	Install GH CLI	2026-02-28T13:05:36.0956140Z   REPORT_FILENAME: 22521279100.json
end-workflow	Install GH CLI	2026-02-28T13:05:36.0956430Z   KAOS_MODULE: [Ka0s] Status MongDB Report
end-workflow	Install GH CLI	2026-02-28T13:05:36.0956719Z ##[endgroup]
end-workflow	Install GH CLI	2026-02-28T13:05:36.1782269Z 4+1 records in
end-workflow	Install GH CLI	2026-02-28T13:05:36.1782540Z 4+1 records out
end-workflow	Install GH CLI	2026-02-28T13:05:36.1782831Z 2270 bytes (2.3 kB, 2.2 KiB) copied, 0.0581533 s, 39.0 kB/s
end-workflow	Install GH CLI	2026-02-28T13:05:36.3472535Z Get:1 https://cli.github.com/packages stable InRelease [3917 B]
end-workflow	Install GH CLI	2026-02-28T13:05:36.4574083Z Get:2 https://ppa.launchpadcontent.net/git-core/ppa/ubuntu noble InRelease [24.3 kB]
end-workflow	Install GH CLI	2026-02-28T13:05:36.4839210Z Get:3 https://cli.github.com/packages stable/main amd64 Packages [357 B]
end-workflow	Install GH CLI	2026-02-28T13:05:36.5021153Z Get:4 http://archive.ubuntu.com/ubuntu noble InRelease [256 kB]
end-workflow	Install GH CLI	2026-02-28T13:05:36.5023128Z Get:5 http://security.ubuntu.com/ubuntu noble-security InRelease [126 kB]
end-workflow	Install GH CLI	2026-02-28T13:05:36.6448036Z Get:6 https://ppa.launchpadcontent.net/git-core/ppa/ubuntu noble/main amd64 Packages [2992 B]
end-workflow	Install GH CLI	2026-02-28T13:05:37.0772134Z Get:7 http://security.ubuntu.com/ubuntu noble-security/multiverse amd64 Packages [34.8 kB]
end-workflow	Install GH CLI	2026-02-28T13:05:37.0783840Z Get:8 http://archive.ubuntu.com/ubuntu noble-updates InRelease [126 kB]
end-workflow	Install GH CLI	2026-02-28T13:05:37.2032447Z Get:9 http://security.ubuntu.com/ubuntu noble-security/universe amd64 Packages [1242 kB]
end-workflow	Install GH CLI	2026-02-28T13:05:37.2208886Z Get:10 http://archive.ubuntu.com/ubuntu noble-backports InRelease [126 kB]
end-workflow	Install GH CLI	2026-02-28T13:05:37.3639109Z Get:11 http://archive.ubuntu.com/ubuntu noble/main amd64 Packages [1808 kB]
end-workflow	Install GH CLI	2026-02-28T13:05:37.5845371Z Get:12 http://security.ubuntu.com/ubuntu noble-security/restricted amd64 Packages [3262 kB]
end-workflow	Install GH CLI	2026-02-28T13:05:37.6947366Z Get:13 http://archive.ubuntu.com/ubuntu noble/restricted amd64 Packages [117 kB]
end-workflow	Install GH CLI	2026-02-28T13:05:37.7026198Z Get:14 http://archive.ubuntu.com/ubuntu noble/multiverse amd64 Packages [331 kB]
end-workflow	Install GH CLI	2026-02-28T13:05:37.7225951Z Get:15 http://archive.ubuntu.com/ubuntu noble/universe amd64 Packages [19.3 MB]
end-workflow	Install GH CLI	2026-02-28T13:05:37.7740827Z Get:16 http://security.ubuntu.com/ubuntu noble-security/main amd64 Packages [1883 kB]
end-workflow	Install GH CLI	2026-02-28T13:05:38.2457149Z Get:17 http://archive.ubuntu.com/ubuntu noble-updates/restricted amd64 Packages [3471 kB]
end-workflow	Install GH CLI	2026-02-28T13:05:38.3092824Z Get:18 http://archive.ubuntu.com/ubuntu noble-updates/multiverse amd64 Packages [38.1 kB]
end-workflow	Install GH CLI	2026-02-28T13:05:38.3097604Z Get:19 http://archive.ubuntu.com/ubuntu noble-updates/main amd64 Packages [2275 kB]
end-workflow	Install GH CLI	2026-02-28T13:05:38.3653239Z Get:20 http://archive.ubuntu.com/ubuntu noble-updates/universe amd64 Packages [2017 kB]
end-workflow	Install GH CLI	2026-02-28T13:05:38.4099070Z Get:21 http://archive.ubuntu.com/ubuntu noble-backports/universe amd64 Packages [34.6 kB]
end-workflow	Install GH CLI	2026-02-28T13:05:38.4107871Z Get:22 http://archive.ubuntu.com/ubuntu noble-backports/main amd64 Packages [49.5 kB]
end-workflow	Install GH CLI	2026-02-28T13:05:39.3988901Z Fetched 36.5 MB in 3s (11.7 MB/s)
end-workflow	Install GH CLI	2026-02-28T13:05:40.3341502Z Reading package lists...
end-workflow	Install GH CLI	2026-02-28T13:05:41.3165686Z Reading package lists...
end-workflow	Install GH CLI	2026-02-28T13:05:41.5464118Z Building dependency tree...
end-workflow	Install GH CLI	2026-02-28T13:05:41.5464490Z Reading state information...
end-workflow	Install GH CLI	2026-02-28T13:05:41.9055470Z The following NEW packages will be installed:
end-workflow	Install GH CLI	2026-02-28T13:05:41.9076306Z   gh
end-workflow	Install GH CLI	2026-02-28T13:05:41.9908898Z 0 upgraded, 1 newly installed, 0 to remove and 0 not upgraded.
end-workflow	Install GH CLI	2026-02-28T13:05:41.9909395Z Need to get 13.8 MB of archives.
end-workflow	Install GH CLI	2026-02-28T13:05:41.9909876Z After this operation, 38.5 MB of additional disk space will be used.
end-workflow	Install GH CLI	2026-02-28T13:05:41.9910490Z Get:1 https://cli.github.com/packages stable/main amd64 gh amd64 2.87.3 [13.8 MB]
end-workflow	Install GH CLI	2026-02-28T13:05:42.6657826Z debconf: delaying package configuration, since apt-utils is not installed
end-workflow	Install GH CLI	2026-02-28T13:05:42.7159077Z Fetched 13.8 MB in 0s (31.4 MB/s)
end-workflow	Install GH CLI	2026-02-28T13:05:42.7635623Z Selecting previously unselected package gh.
end-workflow	Install GH CLI	2026-02-28T13:05:42.7694857Z (Reading database ... 
end-workflow	Install GH CLI	2026-02-28T13:05:42.7695326Z (Reading database ... 5%
end-workflow	Install GH CLI	2026-02-28T13:05:42.7695771Z (Reading database ... 10%
end-workflow	Install GH CLI	2026-02-28T13:05:42.7696165Z (Reading database ... 15%
end-workflow	Install GH CLI	2026-02-28T13:05:42.7696556Z (Reading database ... 20%
end-workflow	Install GH CLI	2026-02-28T13:05:42.7696941Z (Reading database ... 25%
end-workflow	Install GH CLI	2026-02-28T13:05:42.7697350Z (Reading database ... 30%
end-workflow	Install GH CLI	2026-02-28T13:05:42.7697928Z (Reading database ... 35%
end-workflow	Install GH CLI	2026-02-28T13:05:42.7698323Z (Reading database ... 40%
end-workflow	Install GH CLI	2026-02-28T13:05:42.7698713Z (Reading database ... 45%
end-workflow	Install GH CLI	2026-02-28T13:05:42.7700109Z (Reading database ... 50%
end-workflow	Install GH CLI	2026-02-28T13:05:42.7700600Z (Reading database ... 55%
end-workflow	Install GH CLI	2026-02-28T13:05:42.7701003Z (Reading database ... 60%
end-workflow	Install GH CLI	2026-02-28T13:05:42.7715381Z (Reading database ... 65%
end-workflow	Install GH CLI	2026-02-28T13:05:42.7740917Z (Reading database ... 70%
end-workflow	Install GH CLI	2026-02-28T13:05:42.7750035Z (Reading database ... 75%
end-workflow	Install GH CLI	2026-02-28T13:05:42.7772382Z (Reading database ... 80%
end-workflow	Install GH CLI	2026-02-28T13:05:42.7780103Z (Reading database ... 85%
end-workflow	Install GH CLI	2026-02-28T13:05:42.7796509Z (Reading database ... 90%
end-workflow	Install GH CLI	2026-02-28T13:05:42.7825510Z (Reading database ... 95%
end-workflow	Install GH CLI	2026-02-28T13:05:42.7826006Z (Reading database ... 100%
end-workflow	Install GH CLI	2026-02-28T13:05:42.7826548Z (Reading database ... 14387 files and directories currently installed.)
end-workflow	Install GH CLI	2026-02-28T13:05:42.7833586Z Preparing to unpack .../archives/gh_2.87.3_amd64.deb ...
end-workflow	Install GH CLI	2026-02-28T13:05:42.7867892Z Unpacking gh (2.87.3) ...
end-workflow	Install GH CLI	2026-02-28T13:05:43.0521693Z Setting up gh (2.87.3) ...
end-workflow	Trigger Inspector	Ôªø2026-02-28T13:05:43.1339232Z ##[group]Run gh workflow run inspector.yml \
end-workflow	Trigger Inspector	2026-02-28T13:05:43.1339738Z [36;1mgh workflow run inspector.yml \[0m
end-workflow	Trigger Inspector	2026-02-28T13:05:43.1340200Z [36;1m  -f workflow_name="Ka0s Status MongDB Report" \[0m
end-workflow	Trigger Inspector	2026-02-28T13:05:43.1340638Z [36;1m  -f run_id="22521279100" \[0m
end-workflow	Trigger Inspector	2026-02-28T13:05:43.1340981Z [36;1m  -f status="success"[0m
end-workflow	Trigger Inspector	2026-02-28T13:05:43.1357058Z shell: /usr/bin/bash -e {0}
end-workflow	Trigger Inspector	2026-02-28T13:05:43.1357398Z env:
end-workflow	Trigger Inspector	2026-02-28T13:05:43.1357660Z   PYTHON_VERSION: 3.9
end-workflow	Trigger Inspector	2026-02-28T13:05:43.1358869Z   MONGO_SUPERUSER_CONNECTION: ***
end-workflow	Trigger Inspector	2026-02-28T13:05:43.1359382Z   MONGO_NEW_PASS: ***
end-workflow	Trigger Inspector	2026-02-28T13:05:43.1359819Z   MONGO_SCRIPT_CREATE: devops/core/mongo/scripts/mongodb_status_report.py
end-workflow	Trigger Inspector	2026-02-28T13:05:43.1360322Z   KAOS_CODE: 22521279100
end-workflow	Trigger Inspector	2026-02-28T13:05:43.1360623Z   REPORT_SCAN: audit/
end-workflow	Trigger Inspector	2026-02-28T13:05:43.1360914Z   REPORT_PATH: audit/mongodb/
end-workflow	Trigger Inspector	2026-02-28T13:05:43.1361241Z   REPORT_FILENAME: 22521279100.json
end-workflow	Trigger Inspector	2026-02-28T13:05:43.1361601Z   KAOS_MODULE: [Ka0s] Status MongDB Report
end-workflow	Trigger Inspector	2026-02-28T13:05:43.1362107Z   GH_TOKEN: ***
end-workflow	Trigger Inspector	2026-02-28T13:05:43.1362367Z ##[endgroup]
end-workflow	Trigger Inspector	2026-02-28T13:05:44.9111544Z https://github.com/Ka0s-Klaus/ka0s/actions/runs/22521314878
end-workflow	Post Checkout repository	Ôªø2026-02-28T13:05:44.9698428Z Post job cleanup.
end-workflow	Post Checkout repository	2026-02-28T13:05:45.0798078Z [command]/usr/bin/git version
end-workflow	Post Checkout repository	2026-02-28T13:05:45.0843036Z git version 2.53.0
end-workflow	Post Checkout repository	2026-02-28T13:05:45.0895190Z Temporarily overriding HOME='/home/runner/_work/_temp/21821199-6a21-4fa1-9920-36e0e07679f6' before making global git config changes
end-workflow	Post Checkout repository	2026-02-28T13:05:45.0896336Z Adding repository directory to the temporary git global config as a safe directory
end-workflow	Post Checkout repository	2026-02-28T13:05:45.0901830Z [command]/usr/bin/git config --global --add safe.directory /home/runner/_work/ka0s/ka0s
end-workflow	Post Checkout repository	2026-02-28T13:05:45.0949482Z [command]/usr/bin/git config --local --name-only --get-regexp core\.sshCommand
end-workflow	Post Checkout repository	2026-02-28T13:05:45.1004482Z [command]/usr/bin/git submodule foreach --recursive sh -c "git config --local --name-only --get-regexp 'core\.sshCommand' && git config --local --unset-all 'core.sshCommand' || :"
end-workflow	Post Checkout repository	2026-02-28T13:05:45.1352131Z [command]/usr/bin/git config --local --name-only --get-regexp http\.https\:\/\/github\.com\/\.extraheader
end-workflow	Post Checkout repository	2026-02-28T13:05:45.1385327Z http.https://github.com/.extraheader
end-workflow	Post Checkout repository	2026-02-28T13:05:45.1400579Z [command]/usr/bin/git config --local --unset-all http.https://github.com/.extraheader
end-workflow	Post Checkout repository	2026-02-28T13:05:45.1457642Z [command]/usr/bin/git submodule foreach --recursive sh -c "git config --local --name-only --get-regexp 'http\.https\:\/\/github\.com\/\.extraheader' && git config --local --unset-all 'http.https://github.com/.extraheader' || :"
end-workflow	Post Checkout repository	2026-02-28T13:05:45.1817633Z [command]/usr/bin/git config --local --name-only --get-regexp ^includeIf\.gitdir:
end-workflow	Post Checkout repository	2026-02-28T13:05:45.1860064Z [command]/usr/bin/git submodule foreach --recursive git config --local --show-origin --name-only --get-regexp remote.origin.url
end-workflow	Complete job	Ôªø2026-02-28T13:05:45.2325499Z Cleaning up orphan processes
