job-core	Set up job	2025-02-10T13:28:41.9906030Z Current runner version: '2.322.0'
job-core	Set up job	2025-02-10T13:28:41.9912889Z Runner name: 'ka0s-3'
job-core	Set up job	2025-02-10T13:28:41.9913646Z Runner group name: 'ka0s'
job-core	Set up job	2025-02-10T13:28:41.9915022Z Machine name: '5613a8be5fd6'
job-core	Set up job	2025-02-10T13:28:41.9917745Z ##[group]GITHUB_TOKEN Permissions
job-core	Set up job	2025-02-10T13:28:41.9920073Z Contents: read
job-core	Set up job	2025-02-10T13:28:41.9920628Z Metadata: read
job-core	Set up job	2025-02-10T13:28:41.9921130Z Packages: read
job-core	Set up job	2025-02-10T13:28:41.9921627Z ##[endgroup]
job-core	Set up job	2025-02-10T13:28:41.9923565Z Secret source: Actions
job-core	Set up job	2025-02-10T13:28:41.9924905Z Prepare workflow directory
job-core	Set up job	2025-02-10T13:28:42.0501481Z Prepare all required actions
job-core	Set up job	2025-02-10T13:28:42.0541802Z Getting action download info
job-core	Set up job	2025-02-10T13:28:42.3036722Z Download action repository 'actions/checkout@v4' (SHA:11bd71901bbe5b1630ceea73d27597364c9af683)
job-core	Set up job	2025-02-10T13:28:43.1513565Z Complete job name: job-core
job-core	Checkout code	2025-02-10T13:28:43.2038104Z ##[group]Run actions/checkout@v4
job-core	Checkout code	2025-02-10T13:28:43.2061990Z with:
job-core	Checkout code	2025-02-10T13:28:43.2062563Z   fetch-depth: 0
job-core	Checkout code	2025-02-10T13:28:43.2063340Z   token: ***
job-core	Checkout code	2025-02-10T13:28:43.2064106Z   repository: Ka0s-Klaus/ka0s
job-core	Checkout code	2025-02-10T13:28:43.2065084Z   ssh-strict: true
job-core	Checkout code	2025-02-10T13:28:43.2065574Z   ssh-user: git
job-core	Checkout code	2025-02-10T13:28:43.2066065Z   persist-credentials: true
job-core	Checkout code	2025-02-10T13:28:43.2066603Z   clean: true
job-core	Checkout code	2025-02-10T13:28:43.2067098Z   sparse-checkout-cone-mode: true
job-core	Checkout code	2025-02-10T13:28:43.2067684Z   fetch-tags: false
job-core	Checkout code	2025-02-10T13:28:43.2068185Z   show-progress: true
job-core	Checkout code	2025-02-10T13:28:43.2068683Z   lfs: false
job-core	Checkout code	2025-02-10T13:28:43.2069138Z   submodules: false
job-core	Checkout code	2025-02-10T13:28:43.2069637Z   set-safe-directory: true
job-core	Checkout code	2025-02-10T13:28:43.2070434Z env:
job-core	Checkout code	2025-02-10T13:28:43.2070900Z   KAOS_CODE: 13241983675
job-core	Checkout code	2025-02-10T13:28:43.2071428Z   KAOS_EVENT_NAME: push
job-core	Checkout code	2025-02-10T13:28:43.2071934Z   KAOS_ACTION: 
job-core	Checkout code	2025-02-10T13:28:43.2072416Z   KAOS_MODULE: [Ka0S] kaos
job-core	Checkout code	2025-02-10T13:28:43.2072975Z   KAOS_PATH_RESUME: core/results/
job-core	Checkout code	2025-02-10T13:28:43.2073585Z   GITHUB_OUTPUT: 
job-core	Checkout code	2025-02-10T13:28:43.2074279Z ##[endgroup]
job-core	Checkout code	2025-02-10T13:28:43.3252162Z Syncing repository: Ka0s-Klaus/ka0s
job-core	Checkout code	2025-02-10T13:28:43.3254785Z ##[group]Getting Git version info
job-core	Checkout code	2025-02-10T13:28:43.3255729Z Working directory is '/actions-runner/_work/ka0s/ka0s'
job-core	Checkout code	2025-02-10T13:28:43.3256847Z [command]/usr/bin/git version
job-core	Checkout code	2025-02-10T13:28:43.3257441Z git version 2.25.1
job-core	Checkout code	2025-02-10T13:28:43.3272995Z ##[endgroup]
job-core	Checkout code	2025-02-10T13:28:43.3283365Z Copying '/home/kaos/.gitconfig' to '/actions-runner/_work/_temp/90171fd1-cdd5-4466-b13c-64abaddfb454/.gitconfig'
job-core	Checkout code	2025-02-10T13:28:43.3294748Z Temporarily overriding HOME='/actions-runner/_work/_temp/90171fd1-cdd5-4466-b13c-64abaddfb454' before making global git config changes
job-core	Checkout code	2025-02-10T13:28:43.3296668Z Adding repository directory to the temporary git global config as a safe directory
job-core	Checkout code	2025-02-10T13:28:43.3299403Z [command]/usr/bin/git config --global --add safe.directory /actions-runner/_work/ka0s/ka0s
job-core	Checkout code	2025-02-10T13:28:43.3353154Z [command]/usr/bin/git config --local --get remote.origin.url
job-core	Checkout code	2025-02-10T13:28:43.3378230Z https://github.com/Ka0s-Klaus/ka0s
job-core	Checkout code	2025-02-10T13:28:43.3396122Z ##[group]Removing previously created refs, to avoid conflicts
job-core	Checkout code	2025-02-10T13:28:43.3400756Z [command]/usr/bin/git rev-parse --symbolic-full-name --verify --quiet HEAD
job-core	Checkout code	2025-02-10T13:28:43.3426093Z refs/heads/main
job-core	Checkout code	2025-02-10T13:28:43.3436680Z [command]/usr/bin/git checkout --detach
job-core	Checkout code	2025-02-10T13:28:43.3481887Z HEAD is now at 2986529 [Ka0S] Uploading resume execution files to the repository...
job-core	Checkout code	2025-02-10T13:28:43.3529637Z [command]/usr/bin/git branch --delete --force main
job-core	Checkout code	2025-02-10T13:28:43.3561159Z Deleted branch main (was 2986529).
job-core	Checkout code	2025-02-10T13:28:43.3613101Z ##[endgroup]
job-core	Checkout code	2025-02-10T13:28:43.3614259Z [command]/usr/bin/git submodule status
job-core	Checkout code	2025-02-10T13:28:43.3914415Z ##[group]Cleaning the repository
job-core	Checkout code	2025-02-10T13:28:43.3918385Z [command]/usr/bin/git clean -ffdx
job-core	Checkout code	2025-02-10T13:28:43.3957330Z [command]/usr/bin/git reset --hard HEAD
job-core	Checkout code	2025-02-10T13:28:43.4005541Z HEAD is now at 2986529 [Ka0S] Uploading resume execution files to the repository...
job-core	Checkout code	2025-02-10T13:28:43.4011147Z ##[endgroup]
job-core	Checkout code	2025-02-10T13:28:43.4012467Z ##[group]Disabling automatic garbage collection
job-core	Checkout code	2025-02-10T13:28:43.4018370Z [command]/usr/bin/git config --local gc.auto 0
job-core	Checkout code	2025-02-10T13:28:43.4050721Z ##[endgroup]
job-core	Checkout code	2025-02-10T13:28:43.4051833Z ##[group]Setting up auth
job-core	Checkout code	2025-02-10T13:28:43.4067602Z [command]/usr/bin/git config --local --name-only --get-regexp core\.sshCommand
job-core	Checkout code	2025-02-10T13:28:43.4104311Z [command]/usr/bin/git submodule foreach --recursive sh -c "git config --local --name-only --get-regexp 'core\.sshCommand' && git config --local --unset-all 'core.sshCommand' || :"
job-core	Checkout code	2025-02-10T13:28:43.4427425Z [command]/usr/bin/git config --local --name-only --get-regexp http\.https\:\/\/github\.com\/\.extraheader
job-core	Checkout code	2025-02-10T13:28:43.4464595Z [command]/usr/bin/git submodule foreach --recursive sh -c "git config --local --name-only --get-regexp 'http\.https\:\/\/github\.com\/\.extraheader' && git config --local --unset-all 'http.https://github.com/.extraheader' || :"
job-core	Checkout code	2025-02-10T13:28:43.4794432Z [command]/usr/bin/git config --local http.https://github.com/.extraheader AUTHORIZATION: basic ***
job-core	Checkout code	2025-02-10T13:28:43.4843852Z ##[endgroup]
job-core	Checkout code	2025-02-10T13:28:43.4851984Z ##[group]Fetching the repository
job-core	Checkout code	2025-02-10T13:28:43.4853468Z [command]/usr/bin/git -c protocol.version=2 fetch --prune --no-recurse-submodules origin +refs/heads/*:refs/remotes/origin/* +refs/tags/*:refs/tags/*
job-core	Checkout code	2025-02-10T13:28:44.2795699Z From https://github.com/Ka0s-Klaus/ka0s
job-core	Checkout code	2025-02-10T13:28:44.2797380Z    2986529..27396f0  main       -> origin/main
job-core	Checkout code	2025-02-10T13:28:44.2832234Z [command]/usr/bin/git branch --list --remote origin/main
job-core	Checkout code	2025-02-10T13:28:44.2863229Z   origin/main
job-core	Checkout code	2025-02-10T13:28:44.2873274Z [command]/usr/bin/git rev-parse refs/remotes/origin/main
job-core	Checkout code	2025-02-10T13:28:44.2899091Z 27396f06175e650f560818421ac7e25f33483e01
job-core	Checkout code	2025-02-10T13:28:44.2905007Z ##[endgroup]
job-core	Checkout code	2025-02-10T13:28:44.2906876Z ##[group]Determining the checkout info
job-core	Checkout code	2025-02-10T13:28:44.2909033Z ##[endgroup]
job-core	Checkout code	2025-02-10T13:28:44.2910822Z ##[group]Checking out the ref
job-core	Checkout code	2025-02-10T13:28:44.2912923Z [command]/usr/bin/git checkout --progress --force -B main refs/remotes/origin/main
job-core	Checkout code	2025-02-10T13:28:44.2978179Z Previous HEAD position was 2986529 [Ka0S] Uploading resume execution files to the repository...
job-core	Checkout code	2025-02-10T13:28:44.2984493Z Switched to a new branch 'main'
job-core	Checkout code	2025-02-10T13:28:44.2986401Z Branch 'main' set up to track remote branch 'main' from 'origin'.
job-core	Checkout code	2025-02-10T13:28:44.3092623Z ##[endgroup]
job-core	Checkout code	2025-02-10T13:28:44.3095780Z [command]/usr/bin/git log -1 --format=%H
job-core	Checkout code	2025-02-10T13:28:44.3097434Z 27396f06175e650f560818421ac7e25f33483e01
job-core	Validate file extensions	2025-02-10T13:28:44.3333211Z ##[group]Run IFS=' ' read -r -a extensions <<< "***"
job-core	Validate file extensions	2025-02-10T13:28:44.3335298Z [36;1mIFS=' ' read -r -a extensions <<< "***"[0m
job-core	Validate file extensions	2025-02-10T13:28:44.3336779Z [36;1mfor file in $(git diff --name-only HEAD~1 HEAD); do[0m
job-core	Validate file extensions	2025-02-10T13:28:44.3338166Z [36;1mextension="${file##*.}"[0m
job-core	Validate file extensions	2025-02-10T13:28:44.3339444Z [36;1m  if [[ ! " ${extensions[@]} " =~ " ${extension} " ]]; then[0m
job-core	Validate file extensions	2025-02-10T13:28:44.3341042Z [36;1m    echo "File $file has an invalid extension: $extension"[0m
job-core	Validate file extensions	2025-02-10T13:28:44.3342719Z [36;1m  fi[0m
job-core	Validate file extensions	2025-02-10T13:28:44.3343855Z [36;1mdone[0m
job-core	Validate file extensions	2025-02-10T13:28:44.3355635Z shell: /usr/bin/bash -e {0}
job-core	Validate file extensions	2025-02-10T13:28:44.3356678Z env:
job-core	Validate file extensions	2025-02-10T13:28:44.3357452Z   KAOS_CODE: 13241983675
job-core	Validate file extensions	2025-02-10T13:28:44.3358412Z   KAOS_EVENT_NAME: push
job-core	Validate file extensions	2025-02-10T13:28:44.3359346Z   KAOS_ACTION: 
job-core	Validate file extensions	2025-02-10T13:28:44.3360240Z   KAOS_MODULE: [Ka0S] kaos
job-core	Validate file extensions	2025-02-10T13:28:44.3361263Z   KAOS_PATH_RESUME: core/results/
job-core	Validate file extensions	2025-02-10T13:28:44.3362328Z   GITHUB_OUTPUT: 
job-core	Validate file extensions	2025-02-10T13:28:44.3363184Z ##[endgroup]
job-core	Validate file extensions	2025-02-10T13:28:44.3455656Z File core/outputs/e/13241967558.json has an invalid extension: json
job-core	Validate file extensions	2025-02-10T13:28:44.3458202Z File core/outputs/e/13241967558.log has an invalid extension: log
job-core	Crear JSON	2025-02-10T13:28:44.3531861Z ##[group]Run echo "{}" > event_data.json
job-core	Crear JSON	2025-02-10T13:28:44.3533152Z [36;1mecho "{}" > event_data.json[0m
job-core	Crear JSON	2025-02-10T13:28:44.3534709Z [36;1mcase "push" in[0m
job-core	Crear JSON	2025-02-10T13:28:44.3535618Z [36;1m  "push")[0m
job-core	Crear JSON	2025-02-10T13:28:44.3538782Z [36;1m    echo "{\"event\": \"push\", \"ref\": \"refs/heads/main\", \"sha\": \"27396f06175e650f560818421ac7e25f33483e01\"}" > event_data.json # Ejemplo: {"event": "push", "ref": "refs/heads/main", "sha": "abc123"}[0m
job-core	Crear JSON	2025-02-10T13:28:44.3542230Z [36;1m    echo "Variable github.action=crear_json"[0m
job-core	Crear JSON	2025-02-10T13:28:44.3543549Z [36;1m    echo "Variable github.event.action="[0m
job-core	Crear JSON	2025-02-10T13:28:44.3545429Z [36;1m    echo "Variable github.event.pusher.name=ka0score"[0m
job-core	Crear JSON	2025-02-10T13:28:44.3547041Z [36;1m    echo "variable github.event.pusher.email=ka0s@ka0s.io" [0m
job-core	Crear JSON	2025-02-10T13:28:44.3548579Z [36;1m    echo "Variable github.event.issue.number="[0m
job-core	Crear JSON	2025-02-10T13:28:44.3551084Z [36;1m    # Crear un fichero de resumen con todos los datos de los commits asociados, esta información es usada en todo el ciclo de vida del workflow[0m
job-core	Crear JSON	2025-02-10T13:28:44.3555932Z [36;1m    git log 2986529a590ad6174cd3bfdd670ec12d999ba3b0..27396f06175e650f560818421ac7e25f33483e01 --pretty=format:'%H%n%an%n%ae%n%ad%n%s' > core/results/commit-summary-$KAOS_CODE_FILES.txt[0m
job-core	Crear JSON	2025-02-10T13:28:44.3559603Z [36;1m    # Crear un fichero con la ruta completa y el nombre ficheros implicados en el commit[0m
job-core	Crear JSON	2025-02-10T13:28:44.3562995Z [36;1m    git diff --name-only 2986529a590ad6174cd3bfdd670ec12d999ba3b0 27396f06175e650f560818421ac7e25f33483e01 > core/results/files-in-commit-$KAOS_CODE_FILES.txt[0m
job-core	Crear JSON	2025-02-10T13:28:44.3566621Z [36;1m    INVOLVED=core/results/files-in-commit-$KAOS_CODE_FILES.txt[0m
job-core	Crear JSON	2025-02-10T13:28:44.3568206Z [36;1m    echo "INVOLVED=$INVOLVED" >> $GITHUB_OUTPUT[0m
job-core	Crear JSON	2025-02-10T13:28:44.3569378Z [36;1m    ;;[0m
job-core	Crear JSON	2025-02-10T13:28:44.3570194Z [36;1m  "pull_request")[0m
job-core	Crear JSON	2025-02-10T13:28:44.3572295Z [36;1m    echo "{\"event\": \"pull_request\", \"action\": \"\", \"number\": \"\"}" > event_data.json # Ejemplo: {"event": "pull_request", "action": "opened", "number": "42"}[0m
job-core	Crear JSON	2025-02-10T13:28:44.3574947Z [36;1m    ;;[0m
job-core	Crear JSON	2025-02-10T13:28:44.3575741Z [36;1m  "issues")[0m
job-core	Crear JSON	2025-02-10T13:28:44.3577587Z [36;1m    echo "{\"event\": \"issues\", \"action\": \"\", \"issue\": \"\"}" > event_data.json # Ejemplo: {"event": "issues", "action": "opened", "issue": "99"}[0m
job-core	Crear JSON	2025-02-10T13:28:44.3579625Z [36;1m    ;;[0m
job-core	Crear JSON	2025-02-10T13:28:44.3580445Z [36;1m  "issue_comment")[0m
job-core	Crear JSON	2025-02-10T13:28:44.3582931Z [36;1m    echo "{\"event\": \"issue_comment\", \"action\": \"\", \"comment\": \"\"}" > event_data.json # Ejemplo: {"event": "issue_comment", "action": "created", "comment": "123456"}[0m
job-core	Crear JSON	2025-02-10T13:28:44.3585669Z [36;1m    ;;[0m
job-core	Crear JSON	2025-02-10T13:28:44.3586463Z [36;1m  "create")[0m
job-core	Crear JSON	2025-02-10T13:28:44.3588817Z [36;1m    echo "{\"event\": \"create\", \"ref\": \"refs/heads/main\", \"ref_type\": \"refs/heads/main\"}" > event_data.json # Ejemplo: {"event": "create", "ref": "refs/tags/v1.0", "ref_type": "tag"}[0m
job-core	Crear JSON	2025-02-10T13:28:44.3591373Z [36;1m    ;;[0m
job-core	Crear JSON	2025-02-10T13:28:44.3592172Z [36;1m  "delete")[0m
job-core	Crear JSON	2025-02-10T13:28:44.3595307Z [36;1m    echo "{\"event\": \"delete\", \"ref\": \"refs/heads/main\", \"ref_type\": \"refs/heads/main\"}" > event_data.json # Ejemplo: {"event": "delete", "ref": "refs/heads/feature-branch", "ref_type": "branch"}[0m
job-core	Crear JSON	2025-02-10T13:28:44.3598029Z [36;1m    ;;[0m
job-core	Crear JSON	2025-02-10T13:28:44.3598842Z [36;1m  "release")[0m
job-core	Crear JSON	2025-02-10T13:28:44.3600827Z [36;1m    echo "{\"event\": \"release\", \"action\": \"\", \"release\": \"\"}" > event_data.json # Ejemplo: {"event": "release", "action": "published", "release": "v1.0"}[0m
job-core	Crear JSON	2025-02-10T13:28:44.3602971Z [36;1m    ;;[0m
job-core	Crear JSON	2025-02-10T13:28:44.3603748Z [36;1m  "watch")[0m
job-core	Crear JSON	2025-02-10T13:28:44.3605816Z [36;1m    echo "{\"event\": \"watch\", \"action\": \"\"}" > event_data.json # Ejemplo: {"event": "watch", "action": "started"}[0m
job-core	Crear JSON	2025-02-10T13:28:44.3607584Z [36;1m    ;;[0m
job-core	Crear JSON	2025-02-10T13:28:44.3608425Z [36;1m  "repository_dispatch")[0m
job-core	Crear JSON	2025-02-10T13:28:44.3610876Z [36;1m    echo "{\"event\": \"repository_dispatch\", \"action\": \"\"}" > event_data.json # Ejemplo: {"event": "repository_dispatch", "action": "custom-event"}[0m
job-core	Crear JSON	2025-02-10T13:28:44.3613063Z [36;1m    ;;[0m
job-core	Crear JSON	2025-02-10T13:28:44.3614075Z [36;1m  "workflow_dispatch")[0m
job-core	Crear JSON	2025-02-10T13:28:44.3616209Z [36;1m    echo "{\"event\": \"workflow_dispatch\"}" > event_data.json # Ejemplo: {"event": "workflow_dispatch"}[0m
job-core	Crear JSON	2025-02-10T13:28:44.3617954Z [36;1m    ;;[0m
job-core	Crear JSON	2025-02-10T13:28:44.3618722Z [36;1m  *)[0m
job-core	Crear JSON	2025-02-10T13:28:44.3619966Z [36;1m    echo "{\"event\": \"unknown\"}" > event_data.json # Ejemplo: {"event": "unknown"}[0m
job-core	Crear JSON	2025-02-10T13:28:44.3621861Z [36;1m    ;;[0m
job-core	Crear JSON	2025-02-10T13:28:44.3622649Z [36;1mesac[0m
job-core	Crear JSON	2025-02-10T13:28:44.3630714Z shell: /usr/bin/bash -e {0}
job-core	Crear JSON	2025-02-10T13:28:44.3631669Z env:
job-core	Crear JSON	2025-02-10T13:28:44.3632393Z   KAOS_CODE: 13241983675
job-core	Crear JSON	2025-02-10T13:28:44.3633300Z   KAOS_EVENT_NAME: push
job-core	Crear JSON	2025-02-10T13:28:44.3634209Z   KAOS_ACTION: 
job-core	Crear JSON	2025-02-10T13:28:44.3635036Z   KAOS_MODULE: [Ka0S] kaos
job-core	Crear JSON	2025-02-10T13:28:44.3635974Z   KAOS_PATH_RESUME: core/results/
job-core	Crear JSON	2025-02-10T13:28:44.3636952Z   GITHUB_OUTPUT: 
job-core	Crear JSON	2025-02-10T13:28:44.3637722Z ##[endgroup]
job-core	Crear JSON	2025-02-10T13:28:44.3681734Z Variable github.action=crear_json
job-core	Crear JSON	2025-02-10T13:28:44.3683234Z Variable github.event.action=
job-core	Crear JSON	2025-02-10T13:28:44.3684581Z Variable github.event.pusher.name=ka0score
job-core	Crear JSON	2025-02-10T13:28:44.3685917Z variable github.event.pusher.email=ka0s@ka0s.io
job-core	Crear JSON	2025-02-10T13:28:44.3687298Z Variable github.event.issue.number=
job-core	Ver JSON	2025-02-10T13:28:44.3790942Z ##[group]Run cat event_data.json
job-core	Ver JSON	2025-02-10T13:28:44.3792097Z [36;1mcat event_data.json[0m
job-core	Ver JSON	2025-02-10T13:28:44.3813645Z shell: /usr/bin/bash -e {0}
job-core	Ver JSON	2025-02-10T13:28:44.3815210Z env:
job-core	Ver JSON	2025-02-10T13:28:44.3815930Z   KAOS_CODE: 13241983675
job-core	Ver JSON	2025-02-10T13:28:44.3816814Z   KAOS_EVENT_NAME: push
job-core	Ver JSON	2025-02-10T13:28:44.3817657Z   KAOS_ACTION: 
job-core	Ver JSON	2025-02-10T13:28:44.3818446Z   KAOS_MODULE: [Ka0S] kaos
job-core	Ver JSON	2025-02-10T13:28:44.3819372Z   KAOS_PATH_RESUME: core/results/
job-core	Ver JSON	2025-02-10T13:28:44.3820327Z   GITHUB_OUTPUT: 
job-core	Ver JSON	2025-02-10T13:28:44.3821102Z ##[endgroup]
job-core	Ver JSON	2025-02-10T13:28:44.3871139Z {"event": "push", "ref": "refs/heads/main", "sha": "27396f06175e650f560818421ac7e25f33483e01"}
job-core	Run # Nuevo proceso de activacion de los modulos	2025-02-10T13:28:44.3954460Z ##[group]Run # Nuevo proceso de activacion de los modulos
job-core	Run # Nuevo proceso de activacion de los modulos	2025-02-10T13:28:44.3956225Z [36;1m# Nuevo proceso de activacion de los modulos[0m
job-core	Run # Nuevo proceso de activacion de los modulos	2025-02-10T13:28:44.3957423Z [36;1mwhile IFS= read -r line; do[0m
job-core	Run # Nuevo proceso de activacion de los modulos	2025-02-10T13:28:44.3958708Z [36;1m  echo "I Leemos el fichero  y extraemos el fichero $line"[0m
job-core	Run # Nuevo proceso de activacion de los modulos	2025-02-10T13:28:44.3959990Z [36;1m  module_failed=0[0m
job-core	Run # Nuevo proceso de activacion de los modulos	2025-02-10T13:28:44.3960913Z [36;1m  extension_failed=0[0m
job-core	Run # Nuevo proceso de activacion de los modulos	2025-02-10T13:28:44.3961887Z [36;1m  file_name=$(basename "$line")[0m
job-core	Run # Nuevo proceso de activacion de los modulos	2025-02-10T13:28:44.3963162Z [36;1m  echo "I-1 Calculamos el nombre del fichero $file_name"[0m
job-core	Run # Nuevo proceso de activacion de los modulos	2025-02-10T13:28:44.3965117Z [36;1m  file_extension="${file_name##*.}"[0m
job-core	Run # Nuevo proceso de activacion de los modulos	2025-02-10T13:28:44.3966503Z [36;1m  echo "I-2 Calculamos la extension del fichero $file_extension"[0m
job-core	Run # Nuevo proceso de activacion de los modulos	2025-02-10T13:28:44.3967988Z [36;1m  file_module="$file_extension""lint.yaml"[0m
job-core	Run # Nuevo proceso de activacion de los modulos	2025-02-10T13:28:44.3969273Z [36;1m  echo "I-3 Calculamos el modulo $file_module"[0m
job-core	Run # Nuevo proceso de activacion de los modulos	2025-02-10T13:28:44.3970542Z [36;1m  IFS=',' read -r -a file_array <<< "$files"[0m
job-core	Run # Nuevo proceso de activacion de los modulos	2025-02-10T13:28:44.3971783Z [36;1m  for file in "${file_array[@]}"; do[0m
job-core	Run # Nuevo proceso de activacion de los modulos	2025-02-10T13:28:44.3972939Z [36;1m    echo "II Leemos el array de $file"[0m
job-core	Run # Nuevo proceso de activacion de los modulos	2025-02-10T13:28:44.3974347Z [36;1m    if [[ "$file_extension" == "$file" ]]; then[0m
job-core	Run # Nuevo proceso de activacion de los modulos	2025-02-10T13:28:44.3976022Z [36;1m      echo "III Comprobamos si $file_extension es igual a $file"[0m
job-core	Run # Nuevo proceso de activacion de los modulos	2025-02-10T13:28:44.3977504Z [36;1m      IFS=',' read -r -a module_array <<< "$modules"[0m
job-core	Run # Nuevo proceso de activacion de los modulos	2025-02-10T13:28:44.3978759Z [36;1m      for module in "${module_array[@]}"; do[0m
job-core	Run # Nuevo proceso de activacion de los modulos	2025-02-10T13:28:44.3979958Z [36;1m        echo "IV Leemos el array $module"[0m
job-core	Run # Nuevo proceso de activacion de los modulos	2025-02-10T13:28:44.3981151Z [36;1m        if [[ "$file_module" == *"$module"* ]]; then[0m
job-core	Run # Nuevo proceso de activacion de los modulos	2025-02-10T13:28:44.3982795Z [36;1m          echo "V Comprobamos que el $file_module es igual a $module y ejecutamos el flujo"[0m
job-core	Run # Nuevo proceso de activacion de los modulos	2025-02-10T13:28:44.3985028Z [36;1m          # Si hemos llegado hasta aquí ejecutamos el módulo[0m
job-core	Run # Nuevo proceso de activacion de los modulos	2025-02-10T13:28:44.3986472Z [36;1m          # Añadimos los valores a las variables de la issue[0m
job-core	Run # Nuevo proceso de activacion de los modulos	2025-02-10T13:28:44.3988729Z [36;1m          KAOS_ISSUE_BODY="[Ka0S] kaos has been initiated and Launch workflow $file_module to check file $line"[0m
job-core	Run # Nuevo proceso de activacion de los modulos	2025-02-10T13:28:44.3990600Z [36;1m          # Añadimos el comentario a la issue[0m
job-core	Run # Nuevo proceso de activacion de los modulos	2025-02-10T13:28:44.3992864Z [36;1m          #gh workflow run issue.yaml --ref refs/heads/main -f kaos-issue-body="$KAOS_ISSUE_BODY" -f kaos-issue-id= -f kaos-issue-actions=comment[0m
job-core	Run # Nuevo proceso de activacion de los modulos	2025-02-10T13:28:44.3995832Z [36;1m          # Lanzamos el lint del fichero[0m
job-core	Run # Nuevo proceso de activacion de los modulos	2025-02-10T13:28:44.3998075Z [36;1m          #gh workflow run $file_module --ref refs/heads/main -f kaos-origin=13241983675 -f kaos-files=$line -f kaos-issue-id= -f kaos-user-start=[0m
job-core	Run # Nuevo proceso de activacion de los modulos	2025-02-10T13:28:44.4000270Z [36;1m          module_failed=0[0m
job-core	Run # Nuevo proceso de activacion de los modulos	2025-02-10T13:28:44.4001272Z [36;1m          extension_failed=0[0m
job-core	Run # Nuevo proceso de activacion de los modulos	2025-02-10T13:28:44.4002259Z [36;1m          break[0m
job-core	Run # Nuevo proceso de activacion de los modulos	2025-02-10T13:28:44.4003126Z [36;1m        else[0m
job-core	Run # Nuevo proceso de activacion de los modulos	2025-02-10T13:28:44.4004650Z [36;1m          # Control de si existe el modulo para esa extension"[0m
job-core	Run # Nuevo proceso de activacion de los modulos	2025-02-10T13:28:44.4017676Z [36;1m          echo "VI No es igual $file_module a $module y lo indicamos en la variable module_failed=1"[0m
job-core	Run # Nuevo proceso de activacion de los modulos	2025-02-10T13:28:44.4019373Z [36;1m          module_failed=1[0m
job-core	Run # Nuevo proceso de activacion de los modulos	2025-02-10T13:28:44.4020337Z [36;1m        fi[0m
job-core	Run # Nuevo proceso de activacion de los modulos	2025-02-10T13:28:44.4021137Z [36;1m      done[0m
job-core	Run # Nuevo proceso de activacion de los modulos	2025-02-10T13:28:44.4021938Z [36;1m      break[0m
job-core	Run # Nuevo proceso de activacion de los modulos	2025-02-10T13:28:44.4022741Z [36;1m    else[0m
job-core	Run # Nuevo proceso de activacion de los modulos	2025-02-10T13:28:44.4023761Z [36;1m      # Control de si existe el modulo para esa extension"[0m
job-core	Run # Nuevo proceso de activacion de los modulos	2025-02-10T13:28:44.4026099Z [36;1m      echo "VII No es igual $file_extension a $file y lo indicamos en la variable extension_failed=1"[0m
job-core	Run # Nuevo proceso de activacion de los modulos	2025-02-10T13:28:44.4027778Z [36;1m      extension_failed=1[0m
job-core	Run # Nuevo proceso de activacion de los modulos	2025-02-10T13:28:44.4028731Z [36;1m    fi  [0m
job-core	Run # Nuevo proceso de activacion de los modulos	2025-02-10T13:28:44.4029489Z [36;1m  done[0m
job-core	Run # Nuevo proceso de activacion de los modulos	2025-02-10T13:28:44.4030345Z [36;1m  if [[ $module_failed == 1 ]]; then[0m
job-core	Run # Nuevo proceso de activacion de los modulos	2025-02-10T13:28:44.4031891Z [36;1m    echo "IX Si el modulo falla ($module_failed) añadimos el comentario a la issue"[0m
job-core	Run # Nuevo proceso de activacion de los modulos	2025-02-10T13:28:44.4035531Z [36;1m    # Si hemos llegado hasta aquí añadimos el mensaje de que la extension esta permitida pero no dispone de modulo activo y aqui finaliza el proceso[0m
job-core	Run # Nuevo proceso de activacion de los modulos	2025-02-10T13:28:44.4037936Z [36;1m    # Añadimos los valores a las variables de la issue[0m
job-core	Run # Nuevo proceso de activacion de los modulos	2025-02-10T13:28:44.4041095Z [36;1m    KAOS_ISSUE_BODY="[Ka0S] kaos ha detectado que la extensión ($file_extension) esta permitida dentro de KAOS_CORE_FILES, pero el módulo asociado ($file_module) no esta activo. Por favor compruebe que exista y esta activo."[0m
job-core	Run # Nuevo proceso de activacion de los modulos	2025-02-10T13:28:44.4044540Z [36;1m    # Añadimos el comentario a la issue[0m
job-core	Run # Nuevo proceso de activacion de los modulos	2025-02-10T13:28:44.4046887Z [36;1m    #gh workflow run issue.yaml --ref refs/heads/main -f kaos-issue-body="$KAOS_ISSUE_BODY" -f kaos-issue-id= -f kaos-issue-actions=comment[0m
job-core	Run # Nuevo proceso de activacion de los modulos	2025-02-10T13:28:44.4048995Z [36;1m  fi[0m
job-core	Run # Nuevo proceso de activacion de los modulos	2025-02-10T13:28:44.4049839Z [36;1m  if [[ $extension_failed == 1 ]]; then[0m
job-core	Run # Nuevo proceso de activacion de los modulos	2025-02-10T13:28:44.4051492Z [36;1m    echo "X Si extension falla falla ($extension_failed) añadimos el comentario a la issue"[0m
job-core	Run # Nuevo proceso de activacion de los modulos	2025-02-10T13:28:44.4053705Z [36;1m    # Si hemos llegado hasta aquí añadimos el mensaje de que la extension no esta permitida[0m
job-core	Run # Nuevo proceso de activacion de los modulos	2025-02-10T13:28:44.4055944Z [36;1m    # Añadimos los valores a las variables de la issue[0m
job-core	Run # Nuevo proceso de activacion de los modulos	2025-02-10T13:28:44.4058588Z [36;1m    KAOS_ISSUE_BODY="[Ka0S] kaos ha detectado que la extensión ($file_extension) NO esta permitida dentro de KAOS_CORE_FILES. Por favor compruebe que exista y esta activo."[0m
job-core	Run # Nuevo proceso de activacion de los modulos	2025-02-10T13:28:44.4061121Z [36;1m    # Añadimos el comentario a la issue[0m
job-core	Run # Nuevo proceso de activacion de los modulos	2025-02-10T13:28:44.4063338Z [36;1m    #gh workflow run issue.yaml --ref refs/heads/main -f kaos-issue-body="$KAOS_ISSUE_BODY" -f kaos-issue-id= -f kaos-issue-actions=comment[0m
job-core	Run # Nuevo proceso de activacion de los modulos	2025-02-10T13:28:44.4065943Z [36;1m  fi  [0m
job-core	Run # Nuevo proceso de activacion de los modulos	2025-02-10T13:28:44.4066781Z [36;1mdone < $GITHUB_OUTPUT[0m
job-core	Run # Nuevo proceso de activacion de los modulos	2025-02-10T13:28:44.4075308Z shell: /usr/bin/bash -e {0}
job-core	Run # Nuevo proceso de activacion de los modulos	2025-02-10T13:28:44.4076241Z env:
job-core	Run # Nuevo proceso de activacion de los modulos	2025-02-10T13:28:44.4076964Z   KAOS_CODE: 13241983675
job-core	Run # Nuevo proceso de activacion de los modulos	2025-02-10T13:28:44.4078068Z   KAOS_EVENT_NAME: push
job-core	Run # Nuevo proceso de activacion de los modulos	2025-02-10T13:28:44.4078909Z   KAOS_ACTION: 
job-core	Run # Nuevo proceso de activacion de los modulos	2025-02-10T13:28:44.4079697Z   KAOS_MODULE: [Ka0S] kaos
job-core	Run # Nuevo proceso de activacion de los modulos	2025-02-10T13:28:44.4080614Z   KAOS_PATH_RESUME: core/results/
job-core	Run # Nuevo proceso de activacion de los modulos	2025-02-10T13:28:44.4081559Z   GITHUB_OUTPUT: 
job-core	Run # Nuevo proceso de activacion de los modulos	2025-02-10T13:28:44.4082630Z   modules: ***
job-core	Run # Nuevo proceso de activacion de los modulos	2025-02-10T13:28:44.4083465Z   files: ***
job-core	Run # Nuevo proceso de activacion de los modulos	2025-02-10T13:28:44.4084518Z ##[endgroup]
job-core	Post Checkout code	2025-02-10T13:28:44.4291746Z Post job cleanup.
job-core	Post Checkout code	2025-02-10T13:28:44.5384455Z [command]/usr/bin/git version
job-core	Post Checkout code	2025-02-10T13:28:44.5426947Z git version 2.25.1
job-core	Post Checkout code	2025-02-10T13:28:44.5483768Z Copying '/home/kaos/.gitconfig' to '/actions-runner/_work/_temp/9e7bddd8-b765-4c6c-8da4-b381e52c7b53/.gitconfig'
job-core	Post Checkout code	2025-02-10T13:28:44.5497780Z Temporarily overriding HOME='/actions-runner/_work/_temp/9e7bddd8-b765-4c6c-8da4-b381e52c7b53' before making global git config changes
job-core	Post Checkout code	2025-02-10T13:28:44.5500904Z Adding repository directory to the temporary git global config as a safe directory
job-core	Post Checkout code	2025-02-10T13:28:44.5503258Z [command]/usr/bin/git config --global --add safe.directory /actions-runner/_work/ka0s/ka0s
job-core	Post Checkout code	2025-02-10T13:28:44.5535957Z [command]/usr/bin/git config --local --name-only --get-regexp core\.sshCommand
job-core	Post Checkout code	2025-02-10T13:28:44.5592744Z [command]/usr/bin/git submodule foreach --recursive sh -c "git config --local --name-only --get-regexp 'core\.sshCommand' && git config --local --unset-all 'core.sshCommand' || :"
job-core	Post Checkout code	2025-02-10T13:28:44.5941459Z [command]/usr/bin/git config --local --name-only --get-regexp http\.https\:\/\/github\.com\/\.extraheader
job-core	Post Checkout code	2025-02-10T13:28:44.5969998Z http.https://github.com/.extraheader
job-core	Post Checkout code	2025-02-10T13:28:44.5982238Z [command]/usr/bin/git config --local --unset-all http.https://github.com/.extraheader
job-core	Post Checkout code	2025-02-10T13:28:44.6024224Z [command]/usr/bin/git submodule foreach --recursive sh -c "git config --local --name-only --get-regexp 'http\.https\:\/\/github\.com\/\.extraheader' && git config --local --unset-all 'http.https://github.com/.extraheader' || :"
job-core	Complete job	2025-02-10T13:28:44.6491663Z Cleaning up orphan processes
handle-success	Set up job	2025-02-10T13:30:46.0083424Z Current runner version: '2.322.0'
handle-success	Set up job	2025-02-10T13:30:46.0090701Z Runner name: 'ka0s-3'
handle-success	Set up job	2025-02-10T13:30:46.0091441Z Runner group name: 'ka0s'
handle-success	Set up job	2025-02-10T13:30:46.0092272Z Machine name: '5613a8be5fd6'
handle-success	Set up job	2025-02-10T13:30:46.0095385Z ##[group]GITHUB_TOKEN Permissions
handle-success	Set up job	2025-02-10T13:30:46.0097506Z Contents: read
handle-success	Set up job	2025-02-10T13:30:46.0098021Z Metadata: read
handle-success	Set up job	2025-02-10T13:30:46.0098489Z Packages: read
handle-success	Set up job	2025-02-10T13:30:46.0098952Z ##[endgroup]
handle-success	Set up job	2025-02-10T13:30:46.0100856Z Secret source: Actions
handle-success	Set up job	2025-02-10T13:30:46.0101514Z Prepare workflow directory
handle-success	Set up job	2025-02-10T13:30:46.0642297Z Prepare all required actions
handle-success	Set up job	2025-02-10T13:30:46.0695479Z Complete job name: handle-success
handle-success	handle-success-execution	2025-02-10T13:30:46.1194213Z ##[group]Run # Si todo ha ido correcto añadimos el contenido del fichero 
handle-success	handle-success-execution	2025-02-10T13:30:46.1195609Z [36;1m# Si todo ha ido correcto añadimos el contenido del fichero [0m
handle-success	handle-success-execution	2025-02-10T13:30:46.1196399Z [36;1mecho "Todo ha ido bien"[0m
handle-success	handle-success-execution	2025-02-10T13:30:46.1214932Z shell: /usr/bin/bash -e {0}
handle-success	handle-success-execution	2025-02-10T13:30:46.1215827Z env:
handle-success	handle-success-execution	2025-02-10T13:30:46.1216360Z   KAOS_CODE: 13241983675
handle-success	handle-success-execution	2025-02-10T13:30:46.1216891Z   KAOS_EVENT_NAME: push
handle-success	handle-success-execution	2025-02-10T13:30:46.1217397Z   KAOS_ACTION: 
handle-success	handle-success-execution	2025-02-10T13:30:46.1217868Z   KAOS_MODULE: [Ka0S] kaos
handle-success	handle-success-execution	2025-02-10T13:30:46.1218414Z   KAOS_PATH_RESUME: core/results/
handle-success	handle-success-execution	2025-02-10T13:30:46.1218970Z ##[endgroup]
handle-success	handle-success-execution	2025-02-10T13:30:46.1376372Z Todo ha ido bien
handle-success	Complete job	2025-02-10T13:30:46.1481095Z Cleaning up orphan processes
end-workflow	Set up job	2025-02-10T13:30:58.3494222Z Current runner version: '2.322.0'
end-workflow	Set up job	2025-02-10T13:30:58.3503495Z Runner name: 'ka0s-3'
end-workflow	Set up job	2025-02-10T13:30:58.3505075Z Runner group name: 'ka0s'
end-workflow	Set up job	2025-02-10T13:30:58.3506444Z Machine name: '5613a8be5fd6'
end-workflow	Set up job	2025-02-10T13:30:58.3510984Z ##[group]GITHUB_TOKEN Permissions
end-workflow	Set up job	2025-02-10T13:30:58.3513996Z Contents: read
end-workflow	Set up job	2025-02-10T13:30:58.3515240Z Metadata: read
end-workflow	Set up job	2025-02-10T13:30:58.3516165Z Packages: read
end-workflow	Set up job	2025-02-10T13:30:58.3517087Z ##[endgroup]
end-workflow	Set up job	2025-02-10T13:30:58.3519737Z Secret source: Actions
end-workflow	Set up job	2025-02-10T13:30:58.3521043Z Prepare workflow directory
end-workflow	Set up job	2025-02-10T13:30:58.4075074Z Prepare all required actions
end-workflow	Set up job	2025-02-10T13:30:58.4120526Z Getting action download info
end-workflow	Set up job	2025-02-10T13:30:58.6624850Z Download action repository 'actions/checkout@v4' (SHA:11bd71901bbe5b1630ceea73d27597364c9af683)
end-workflow	Set up job	2025-02-10T13:30:59.5314639Z Complete job name: end-workflow
end-workflow	Checkout code	2025-02-10T13:30:59.5885847Z ##[group]Run actions/checkout@v4
end-workflow	Checkout code	2025-02-10T13:30:59.5887080Z with:
end-workflow	Checkout code	2025-02-10T13:30:59.5887748Z   fetch-depth: 0
end-workflow	Checkout code	2025-02-10T13:30:59.5888797Z   token: ***
end-workflow	Checkout code	2025-02-10T13:30:59.5889562Z   repository: Ka0s-Klaus/ka0s
end-workflow	Checkout code	2025-02-10T13:30:59.5890396Z   ssh-strict: true
end-workflow	Checkout code	2025-02-10T13:30:59.5891096Z   ssh-user: git
end-workflow	Checkout code	2025-02-10T13:30:59.5891816Z   persist-credentials: true
end-workflow	Checkout code	2025-02-10T13:30:59.5892628Z   clean: true
end-workflow	Checkout code	2025-02-10T13:30:59.5893359Z   sparse-checkout-cone-mode: true
end-workflow	Checkout code	2025-02-10T13:30:59.5894581Z   fetch-tags: false
end-workflow	Checkout code	2025-02-10T13:30:59.5895309Z   show-progress: true
end-workflow	Checkout code	2025-02-10T13:30:59.5896040Z   lfs: false
end-workflow	Checkout code	2025-02-10T13:30:59.5896704Z   submodules: false
end-workflow	Checkout code	2025-02-10T13:30:59.5897436Z   set-safe-directory: true
end-workflow	Checkout code	2025-02-10T13:30:59.5898467Z env:
end-workflow	Checkout code	2025-02-10T13:30:59.5899102Z   KAOS_CODE: 13241983675
end-workflow	Checkout code	2025-02-10T13:30:59.5899877Z   KAOS_EVENT_NAME: push
end-workflow	Checkout code	2025-02-10T13:30:59.5900623Z   KAOS_ACTION: 
end-workflow	Checkout code	2025-02-10T13:30:59.5901320Z   KAOS_MODULE: [Ka0S] kaos
end-workflow	Checkout code	2025-02-10T13:30:59.5902144Z   KAOS_PATH_RESUME: core/results/
end-workflow	Checkout code	2025-02-10T13:30:59.5903306Z   GH_TOKEN: ***
end-workflow	Checkout code	2025-02-10T13:30:59.5904182Z ##[endgroup]
end-workflow	Checkout code	2025-02-10T13:30:59.7085786Z Syncing repository: Ka0s-Klaus/ka0s
end-workflow	Checkout code	2025-02-10T13:30:59.7088917Z ##[group]Getting Git version info
end-workflow	Checkout code	2025-02-10T13:30:59.7090395Z Working directory is '/actions-runner/_work/ka0s/ka0s'
end-workflow	Checkout code	2025-02-10T13:30:59.7092588Z [command]/usr/bin/git version
end-workflow	Checkout code	2025-02-10T13:30:59.7093616Z git version 2.25.1
end-workflow	Checkout code	2025-02-10T13:30:59.7097122Z ##[endgroup]
end-workflow	Checkout code	2025-02-10T13:30:59.7104818Z Copying '/home/kaos/.gitconfig' to '/actions-runner/_work/_temp/ca4f98ea-d2e5-432c-8ebf-714eebf62fd3/.gitconfig'
end-workflow	Checkout code	2025-02-10T13:30:59.7108121Z Temporarily overriding HOME='/actions-runner/_work/_temp/ca4f98ea-d2e5-432c-8ebf-714eebf62fd3' before making global git config changes
end-workflow	Checkout code	2025-02-10T13:30:59.7111535Z Adding repository directory to the temporary git global config as a safe directory
end-workflow	Checkout code	2025-02-10T13:30:59.7113716Z [command]/usr/bin/git config --global --add safe.directory /actions-runner/_work/ka0s/ka0s
end-workflow	Checkout code	2025-02-10T13:30:59.7156411Z [command]/usr/bin/git config --local --get remote.origin.url
end-workflow	Checkout code	2025-02-10T13:30:59.7180225Z https://github.com/Ka0s-Klaus/ka0s
end-workflow	Checkout code	2025-02-10T13:30:59.7202686Z ##[group]Removing previously created refs, to avoid conflicts
end-workflow	Checkout code	2025-02-10T13:30:59.7208539Z [command]/usr/bin/git rev-parse --symbolic-full-name --verify --quiet HEAD
end-workflow	Checkout code	2025-02-10T13:30:59.7234533Z refs/heads/main
end-workflow	Checkout code	2025-02-10T13:30:59.7244424Z [command]/usr/bin/git checkout --detach
end-workflow	Checkout code	2025-02-10T13:30:59.7292518Z HEAD is now at 27396f0 [Ka0S] Uploading resume execution files to the repository...
end-workflow	Checkout code	2025-02-10T13:30:59.7339194Z [command]/usr/bin/git branch --delete --force main
end-workflow	Checkout code	2025-02-10T13:30:59.7371806Z Deleted branch main (was 27396f0).
end-workflow	Checkout code	2025-02-10T13:30:59.7420055Z ##[endgroup]
end-workflow	Checkout code	2025-02-10T13:30:59.7422346Z [command]/usr/bin/git submodule status
end-workflow	Checkout code	2025-02-10T13:30:59.7732258Z ##[group]Cleaning the repository
end-workflow	Checkout code	2025-02-10T13:30:59.7737025Z [command]/usr/bin/git clean -ffdx
end-workflow	Checkout code	2025-02-10T13:30:59.7768753Z Removing core/results/commit-summary-.txt
end-workflow	Checkout code	2025-02-10T13:30:59.7770318Z Removing core/results/files-in-commit-.txt
end-workflow	Checkout code	2025-02-10T13:30:59.7771418Z Removing event_data.json
end-workflow	Checkout code	2025-02-10T13:30:59.7780116Z [command]/usr/bin/git reset --hard HEAD
end-workflow	Checkout code	2025-02-10T13:30:59.7827738Z HEAD is now at 27396f0 [Ka0S] Uploading resume execution files to the repository...
end-workflow	Checkout code	2025-02-10T13:30:59.7832285Z ##[endgroup]
end-workflow	Checkout code	2025-02-10T13:30:59.7834031Z ##[group]Disabling automatic garbage collection
end-workflow	Checkout code	2025-02-10T13:30:59.7840019Z [command]/usr/bin/git config --local gc.auto 0
end-workflow	Checkout code	2025-02-10T13:30:59.7875094Z ##[endgroup]
end-workflow	Checkout code	2025-02-10T13:30:59.7876417Z ##[group]Setting up auth
end-workflow	Checkout code	2025-02-10T13:30:59.7881399Z [command]/usr/bin/git config --local --name-only --get-regexp core\.sshCommand
end-workflow	Checkout code	2025-02-10T13:30:59.7916382Z [command]/usr/bin/git submodule foreach --recursive sh -c "git config --local --name-only --get-regexp 'core\.sshCommand' && git config --local --unset-all 'core.sshCommand' || :"
end-workflow	Checkout code	2025-02-10T13:30:59.8217521Z [command]/usr/bin/git config --local --name-only --get-regexp http\.https\:\/\/github\.com\/\.extraheader
end-workflow	Checkout code	2025-02-10T13:30:59.8253807Z [command]/usr/bin/git submodule foreach --recursive sh -c "git config --local --name-only --get-regexp 'http\.https\:\/\/github\.com\/\.extraheader' && git config --local --unset-all 'http.https://github.com/.extraheader' || :"
end-workflow	Checkout code	2025-02-10T13:30:59.8568233Z [command]/usr/bin/git config --local http.https://github.com/.extraheader AUTHORIZATION: basic ***
end-workflow	Checkout code	2025-02-10T13:30:59.8611507Z ##[endgroup]
end-workflow	Checkout code	2025-02-10T13:30:59.8612954Z ##[group]Fetching the repository
end-workflow	Checkout code	2025-02-10T13:30:59.8620017Z [command]/usr/bin/git -c protocol.version=2 fetch --prune --no-recurse-submodules origin +refs/heads/*:refs/remotes/origin/* +refs/tags/*:refs/tags/*
end-workflow	Checkout code	2025-02-10T13:31:00.7003845Z From https://github.com/Ka0s-Klaus/ka0s
end-workflow	Checkout code	2025-02-10T13:31:00.7004580Z    27396f0..5e5cd82  main       -> origin/main
end-workflow	Checkout code	2025-02-10T13:31:00.7046540Z [command]/usr/bin/git branch --list --remote origin/main
end-workflow	Checkout code	2025-02-10T13:31:00.7096622Z   origin/main
end-workflow	Checkout code	2025-02-10T13:31:00.7101676Z [command]/usr/bin/git rev-parse refs/remotes/origin/main
end-workflow	Checkout code	2025-02-10T13:31:00.7137263Z 5e5cd822c5a791c038b0b727f292b317c207334c
end-workflow	Checkout code	2025-02-10T13:31:00.7152073Z [command]/usr/bin/git -c protocol.version=2 fetch --no-tags --prune --no-recurse-submodules origin +27396f06175e650f560818421ac7e25f33483e01:refs/remotes/origin/main
end-workflow	Checkout code	2025-02-10T13:31:00.7302094Z From https://github.com/Ka0s-Klaus/ka0s
end-workflow	Checkout code	2025-02-10T13:31:00.7303708Z  + 5e5cd82...27396f0 27396f06175e650f560818421ac7e25f33483e01 -> origin/main  (forced update)
end-workflow	Checkout code	2025-02-10T13:31:00.7337815Z ##[endgroup]
end-workflow	Checkout code	2025-02-10T13:31:00.7338762Z ##[group]Determining the checkout info
end-workflow	Checkout code	2025-02-10T13:31:00.7343600Z ##[endgroup]
end-workflow	Checkout code	2025-02-10T13:31:00.7344746Z ##[group]Checking out the ref
end-workflow	Checkout code	2025-02-10T13:31:00.7347297Z [command]/usr/bin/git checkout --progress --force -B main refs/remotes/origin/main
end-workflow	Checkout code	2025-02-10T13:31:00.7410997Z Switched to a new branch 'main'
end-workflow	Checkout code	2025-02-10T13:31:00.7412641Z Branch 'main' set up to track remote branch 'main' from 'origin'.
end-workflow	Checkout code	2025-02-10T13:31:00.7414788Z ##[endgroup]
end-workflow	Checkout code	2025-02-10T13:31:00.7462728Z [command]/usr/bin/git log -1 --format=%H
end-workflow	Checkout code	2025-02-10T13:31:00.7493802Z 27396f06175e650f560818421ac7e25f33483e01
end-workflow	Finaliza el workflow	2025-02-10T13:31:00.7703150Z ##[group]Run echo "End process"
end-workflow	Finaliza el workflow	2025-02-10T13:31:00.7703626Z [36;1mecho "End process"[0m
end-workflow	Finaliza el workflow	2025-02-10T13:31:00.7704605Z [36;1mgh workflow run inspector.yml --ref 'main' -f kaos-issue-id="" -f kaos-workflow-id="13241983675" -f kaos-user-start=""[0m
end-workflow	Finaliza el workflow	2025-02-10T13:31:00.7713964Z shell: /usr/bin/bash -e {0}
end-workflow	Finaliza el workflow	2025-02-10T13:31:00.7714613Z env:
end-workflow	Finaliza el workflow	2025-02-10T13:31:00.7714970Z   KAOS_CODE: 13241983675
end-workflow	Finaliza el workflow	2025-02-10T13:31:00.7715250Z   KAOS_EVENT_NAME: push
end-workflow	Finaliza el workflow	2025-02-10T13:31:00.7715515Z   KAOS_ACTION: 
end-workflow	Finaliza el workflow	2025-02-10T13:31:00.7715771Z   KAOS_MODULE: [Ka0S] kaos
end-workflow	Finaliza el workflow	2025-02-10T13:31:00.7716066Z   KAOS_PATH_RESUME: core/results/
end-workflow	Finaliza el workflow	2025-02-10T13:31:00.7716602Z   GH_TOKEN: ***
end-workflow	Finaliza el workflow	2025-02-10T13:31:00.7716858Z ##[endgroup]
end-workflow	Finaliza el workflow	2025-02-10T13:31:00.7770266Z End process
end-workflow	Post Checkout code	2025-02-10T13:31:01.7304442Z Post job cleanup.
end-workflow	Post Checkout code	2025-02-10T13:31:01.8292442Z [command]/usr/bin/git version
end-workflow	Post Checkout code	2025-02-10T13:31:01.8330712Z git version 2.25.1
end-workflow	Post Checkout code	2025-02-10T13:31:01.8370896Z Copying '/home/kaos/.gitconfig' to '/actions-runner/_work/_temp/035d9e56-46e0-4ee5-873c-793d108e7c1e/.gitconfig'
end-workflow	Post Checkout code	2025-02-10T13:31:01.8383888Z Temporarily overriding HOME='/actions-runner/_work/_temp/035d9e56-46e0-4ee5-873c-793d108e7c1e' before making global git config changes
end-workflow	Post Checkout code	2025-02-10T13:31:01.8385117Z Adding repository directory to the temporary git global config as a safe directory
end-workflow	Post Checkout code	2025-02-10T13:31:01.8391030Z [command]/usr/bin/git config --global --add safe.directory /actions-runner/_work/ka0s/ka0s
end-workflow	Post Checkout code	2025-02-10T13:31:01.8441009Z [command]/usr/bin/git config --local --name-only --get-regexp core\.sshCommand
end-workflow	Post Checkout code	2025-02-10T13:31:01.8479572Z [command]/usr/bin/git submodule foreach --recursive sh -c "git config --local --name-only --get-regexp 'core\.sshCommand' && git config --local --unset-all 'core.sshCommand' || :"
end-workflow	Post Checkout code	2025-02-10T13:31:01.8791621Z [command]/usr/bin/git config --local --name-only --get-regexp http\.https\:\/\/github\.com\/\.extraheader
end-workflow	Post Checkout code	2025-02-10T13:31:01.8817379Z http.https://github.com/.extraheader
end-workflow	Post Checkout code	2025-02-10T13:31:01.8830807Z [command]/usr/bin/git config --local --unset-all http.https://github.com/.extraheader
end-workflow	Post Checkout code	2025-02-10T13:31:01.8869078Z [command]/usr/bin/git submodule foreach --recursive sh -c "git config --local --name-only --get-regexp 'http\.https\:\/\/github\.com\/\.extraheader' && git config --local --unset-all 'http.https://github.com/.extraheader' || :"
end-workflow	Complete job	2025-02-10T13:31:01.9289720Z Cleaning up orphan processes
