job-core	Set up job	2025-02-25T16:19:18.8320125Z Current runner version: '2.322.0'
job-core	Set up job	2025-02-25T16:19:18.8346249Z ##[group]Operating System
job-core	Set up job	2025-02-25T16:19:18.8347084Z Ubuntu
job-core	Set up job	2025-02-25T16:19:18.8347781Z 24.04.2
job-core	Set up job	2025-02-25T16:19:18.8348303Z LTS
job-core	Set up job	2025-02-25T16:19:18.8349361Z ##[endgroup]
job-core	Set up job	2025-02-25T16:19:18.8350024Z ##[group]Runner Image
job-core	Set up job	2025-02-25T16:19:18.8350745Z Image: ubuntu-24.04
job-core	Set up job	2025-02-25T16:19:18.8351370Z Version: 20250223.1.0
job-core	Set up job	2025-02-25T16:19:18.8352466Z Included Software: https://github.com/actions/runner-images/blob/ubuntu24/20250223.1/images/ubuntu/Ubuntu2404-Readme.md
job-core	Set up job	2025-02-25T16:19:18.8353959Z Image Release: https://github.com/actions/runner-images/releases/tag/ubuntu24%2F20250223.1
job-core	Set up job	2025-02-25T16:19:18.8354949Z ##[endgroup]
job-core	Set up job	2025-02-25T16:19:18.8355574Z ##[group]Runner Image Provisioner
job-core	Set up job	2025-02-25T16:19:18.8356270Z 2.0.422.1
job-core	Set up job	2025-02-25T16:19:18.8356800Z ##[endgroup]
job-core	Set up job	2025-02-25T16:19:18.8358076Z ##[group]GITHUB_TOKEN Permissions
job-core	Set up job	2025-02-25T16:19:18.8360181Z Contents: read
job-core	Set up job	2025-02-25T16:19:18.8360951Z Metadata: read
job-core	Set up job	2025-02-25T16:19:18.8361527Z Packages: read
job-core	Set up job	2025-02-25T16:19:18.8362475Z ##[endgroup]
job-core	Set up job	2025-02-25T16:19:18.8364709Z Secret source: Actions
job-core	Set up job	2025-02-25T16:19:18.8365653Z Prepare workflow directory
job-core	Set up job	2025-02-25T16:19:18.8863094Z Prepare all required actions
job-core	Set up job	2025-02-25T16:19:18.8900812Z Getting action download info
job-core	Set up job	2025-02-25T16:19:19.0234973Z Download action repository 'actions/checkout@v4' (SHA:11bd71901bbe5b1630ceea73d27597364c9af683)
job-core	Set up job	2025-02-25T16:19:19.1850832Z Complete job name: job-core
job-core	Checkout code	2025-02-25T16:19:19.2531804Z ##[group]Run actions/checkout@v4
job-core	Checkout code	2025-02-25T16:19:19.2532719Z with:
job-core	Checkout code	2025-02-25T16:19:19.2533167Z   fetch-depth: 0
job-core	Checkout code	2025-02-25T16:19:19.2533848Z   token: ***
job-core	Checkout code	2025-02-25T16:19:19.2534297Z   repository: Ka0s-Klaus/ka0s
job-core	Checkout code	2025-02-25T16:19:19.2534820Z   ssh-strict: true
job-core	Checkout code	2025-02-25T16:19:19.2535260Z   ssh-user: git
job-core	Checkout code	2025-02-25T16:19:19.2535728Z   persist-credentials: true
job-core	Checkout code	2025-02-25T16:19:19.2536278Z   clean: true
job-core	Checkout code	2025-02-25T16:19:19.2536741Z   sparse-checkout-cone-mode: true
job-core	Checkout code	2025-02-25T16:19:19.2537283Z   fetch-tags: false
job-core	Checkout code	2025-02-25T16:19:19.2537758Z   show-progress: true
job-core	Checkout code	2025-02-25T16:19:19.2538215Z   lfs: false
job-core	Checkout code	2025-02-25T16:19:19.2538636Z   submodules: false
job-core	Checkout code	2025-02-25T16:19:19.2539250Z   set-safe-directory: true
job-core	Checkout code	2025-02-25T16:19:19.2539964Z env:
job-core	Checkout code	2025-02-25T16:19:19.2540394Z   KAOS_CODE: 13525893693
job-core	Checkout code	2025-02-25T16:19:19.2540877Z   KAOS_EVENT_NAME: push
job-core	Checkout code	2025-02-25T16:19:19.2541342Z   KAOS_ACTION: 
job-core	Checkout code	2025-02-25T16:19:19.2541818Z   KAOS_REF: refs/heads/H34-modulo-iac-kaos
job-core	Checkout code	2025-02-25T16:19:19.2542401Z   KAOS_MODULE: [Ka0S] kaos
job-core	Checkout code	2025-02-25T16:19:19.2542942Z   KAOS_PATH_RESUME: core/results/
job-core	Checkout code	2025-02-25T16:19:19.2543480Z   KAOS_JSON: core/results/event_data
job-core	Checkout code	2025-02-25T16:19:19.2544021Z   KAOS_ACTOR: santakloud
job-core	Checkout code	2025-02-25T16:19:19.2544504Z   GITHUB_OUTPUT: 
job-core	Checkout code	2025-02-25T16:19:19.2544939Z ##[endgroup]
job-core	Checkout code	2025-02-25T16:19:19.4267004Z Syncing repository: Ka0s-Klaus/ka0s
job-core	Checkout code	2025-02-25T16:19:19.4269037Z ##[group]Getting Git version info
job-core	Checkout code	2025-02-25T16:19:19.4269784Z Working directory is '/home/runner/work/ka0s/ka0s'
job-core	Checkout code	2025-02-25T16:19:19.4270765Z [command]/usr/bin/git version
job-core	Checkout code	2025-02-25T16:19:19.4323968Z git version 2.48.1
job-core	Checkout code	2025-02-25T16:19:19.4352167Z ##[endgroup]
job-core	Checkout code	2025-02-25T16:19:19.4366167Z Temporarily overriding HOME='/home/runner/work/_temp/5a652f9a-4d76-4724-ab58-3337c4182576' before making global git config changes
job-core	Checkout code	2025-02-25T16:19:19.4367621Z Adding repository directory to the temporary git global config as a safe directory
job-core	Checkout code	2025-02-25T16:19:19.4379393Z [command]/usr/bin/git config --global --add safe.directory /home/runner/work/ka0s/ka0s
job-core	Checkout code	2025-02-25T16:19:19.4415180Z Deleting the contents of '/home/runner/work/ka0s/ka0s'
job-core	Checkout code	2025-02-25T16:19:19.4419498Z ##[group]Initializing the repository
job-core	Checkout code	2025-02-25T16:19:19.4423520Z [command]/usr/bin/git init /home/runner/work/ka0s/ka0s
job-core	Checkout code	2025-02-25T16:19:19.4483124Z hint: Using 'master' as the name for the initial branch. This default branch name
job-core	Checkout code	2025-02-25T16:19:19.4484553Z hint: is subject to change. To configure the initial branch name to use in all
job-core	Checkout code	2025-02-25T16:19:19.4485545Z hint: of your new repositories, which will suppress this warning, call:
job-core	Checkout code	2025-02-25T16:19:19.4486822Z hint:
job-core	Checkout code	2025-02-25T16:19:19.4487714Z hint: 	git config --global init.defaultBranch <name>
job-core	Checkout code	2025-02-25T16:19:19.4488381Z hint:
job-core	Checkout code	2025-02-25T16:19:19.4489619Z hint: Names commonly chosen instead of 'master' are 'main', 'trunk' and
job-core	Checkout code	2025-02-25T16:19:19.4491415Z hint: 'development'. The just-created branch can be renamed via this command:
job-core	Checkout code	2025-02-25T16:19:19.4492829Z hint:
job-core	Checkout code	2025-02-25T16:19:19.4493662Z hint: 	git branch -m <name>
job-core	Checkout code	2025-02-25T16:19:19.4495030Z Initialized empty Git repository in /home/runner/work/ka0s/ka0s/.git/
job-core	Checkout code	2025-02-25T16:19:19.4501487Z [command]/usr/bin/git remote add origin https://github.com/Ka0s-Klaus/ka0s
job-core	Checkout code	2025-02-25T16:19:19.4533913Z ##[endgroup]
job-core	Checkout code	2025-02-25T16:19:19.4535300Z ##[group]Disabling automatic garbage collection
job-core	Checkout code	2025-02-25T16:19:19.4539234Z [command]/usr/bin/git config --local gc.auto 0
job-core	Checkout code	2025-02-25T16:19:19.4569074Z ##[endgroup]
job-core	Checkout code	2025-02-25T16:19:19.4570480Z ##[group]Setting up auth
job-core	Checkout code	2025-02-25T16:19:19.4576749Z [command]/usr/bin/git config --local --name-only --get-regexp core\.sshCommand
job-core	Checkout code	2025-02-25T16:19:19.4608502Z [command]/usr/bin/git submodule foreach --recursive sh -c "git config --local --name-only --get-regexp 'core\.sshCommand' && git config --local --unset-all 'core.sshCommand' || :"
job-core	Checkout code	2025-02-25T16:19:19.4895658Z [command]/usr/bin/git config --local --name-only --get-regexp http\.https\:\/\/github\.com\/\.extraheader
job-core	Checkout code	2025-02-25T16:19:19.4925575Z [command]/usr/bin/git submodule foreach --recursive sh -c "git config --local --name-only --get-regexp 'http\.https\:\/\/github\.com\/\.extraheader' && git config --local --unset-all 'http.https://github.com/.extraheader' || :"
job-core	Checkout code	2025-02-25T16:19:19.5158086Z [command]/usr/bin/git config --local http.https://github.com/.extraheader AUTHORIZATION: basic ***
job-core	Checkout code	2025-02-25T16:19:19.5196668Z ##[endgroup]
job-core	Checkout code	2025-02-25T16:19:19.5197522Z ##[group]Fetching the repository
job-core	Checkout code	2025-02-25T16:19:19.5215711Z [command]/usr/bin/git -c protocol.version=2 fetch --prune --no-recurse-submodules origin +refs/heads/*:refs/remotes/origin/* +refs/tags/*:refs/tags/*
job-core	Checkout code	2025-02-25T16:19:20.0304599Z From https://github.com/Ka0s-Klaus/ka0s
job-core	Checkout code	2025-02-25T16:19:20.0307824Z  * [new branch]      F44-creación-módulo-versionado -> origin/F44-creación-módulo-versionado
job-core	Checkout code	2025-02-25T16:19:20.0311386Z  * [new branch]      H34-modulo-iac-kaos -> origin/H34-modulo-iac-kaos
job-core	Checkout code	2025-02-25T16:19:20.0315293Z  * [new branch]      H38-documentacion-basica-del-proyecto -> origin/H38-documentacion-basica-del-proyecto
job-core	Checkout code	2025-02-25T16:19:20.0320000Z  * [new branch]      H44-creación-módulo-versionado -> origin/H44-creación-módulo-versionado
job-core	Checkout code	2025-02-25T16:19:20.0323006Z  * [new branch]      main                -> origin/main
job-core	Checkout code	2025-02-25T16:19:20.0325134Z  * [new tag]         0.0.0               -> 0.0.0
job-core	Checkout code	2025-02-25T16:19:20.0326508Z  * [new tag]         0.0.1               -> 0.0.1
job-core	Checkout code	2025-02-25T16:19:20.0327805Z  * [new tag]         0.0.2               -> 0.0.2
job-core	Checkout code	2025-02-25T16:19:20.0329260Z  * [new tag]         0.0.3               -> 0.0.3
job-core	Checkout code	2025-02-25T16:19:20.0330563Z  * [new tag]         0.0.4               -> 0.0.4
job-core	Checkout code	2025-02-25T16:19:20.0332018Z  * [new tag]         0.0.5               -> 0.0.5
job-core	Checkout code	2025-02-25T16:19:20.0333370Z  * [new tag]         0.0.6               -> 0.0.6
job-core	Checkout code	2025-02-25T16:19:20.0334812Z  * [new tag]         0.0.7               -> 0.0.7
job-core	Checkout code	2025-02-25T16:19:20.0336433Z  * [new tag]         0.0.8               -> 0.0.8
job-core	Checkout code	2025-02-25T16:19:20.0338052Z  * [new tag]         0.0.9               -> 0.0.9
job-core	Checkout code	2025-02-25T16:19:20.0366199Z [command]/usr/bin/git branch --list --remote origin/H34-modulo-iac-kaos
job-core	Checkout code	2025-02-25T16:19:20.0389896Z   origin/H34-modulo-iac-kaos
job-core	Checkout code	2025-02-25T16:19:20.0401443Z [command]/usr/bin/git rev-parse refs/remotes/origin/H34-modulo-iac-kaos
job-core	Checkout code	2025-02-25T16:19:20.0421261Z 8926df27b1fef5e8dae0b87b836efd2f0ed0528f
job-core	Checkout code	2025-02-25T16:19:20.0428751Z ##[endgroup]
job-core	Checkout code	2025-02-25T16:19:20.0431404Z ##[group]Determining the checkout info
job-core	Checkout code	2025-02-25T16:19:20.0434589Z ##[endgroup]
job-core	Checkout code	2025-02-25T16:19:20.0436171Z [command]/usr/bin/git sparse-checkout disable
job-core	Checkout code	2025-02-25T16:19:20.0474778Z [command]/usr/bin/git config --local --unset-all extensions.worktreeConfig
job-core	Checkout code	2025-02-25T16:19:20.0504744Z ##[group]Checking out the ref
job-core	Checkout code	2025-02-25T16:19:20.0508693Z [command]/usr/bin/git checkout --progress --force -B H34-modulo-iac-kaos refs/remotes/origin/H34-modulo-iac-kaos
job-core	Checkout code	2025-02-25T16:19:20.1526607Z Switched to a new branch 'H34-modulo-iac-kaos'
job-core	Checkout code	2025-02-25T16:19:20.1528444Z branch 'H34-modulo-iac-kaos' set up to track 'origin/H34-modulo-iac-kaos'.
job-core	Checkout code	2025-02-25T16:19:20.1578637Z ##[endgroup]
job-core	Checkout code	2025-02-25T16:19:20.1582137Z [command]/usr/bin/git log -1 --format=%H
job-core	Checkout code	2025-02-25T16:19:20.1604525Z 8926df27b1fef5e8dae0b87b836efd2f0ed0528f
job-core	Validate file extensions	2025-02-25T16:19:20.1825230Z ##[group]Run IFS=' ' read -r -a extensions <<< "***"
job-core	Validate file extensions	2025-02-25T16:19:20.1825914Z [36;1mIFS=' ' read -r -a extensions <<< "***"[0m
job-core	Validate file extensions	2025-02-25T16:19:20.1826414Z [36;1mfor file in $(git diff --name-only HEAD~1 HEAD); do[0m
job-core	Validate file extensions	2025-02-25T16:19:20.1826866Z [36;1m  extension="${file##*.}"[0m
job-core	Validate file extensions	2025-02-25T16:19:20.1827281Z [36;1m  if [[ ! " ${extensions[@]} " =~ " ${extension} " ]]; then[0m
job-core	Validate file extensions	2025-02-25T16:19:20.1827811Z [36;1m    echo "File $file has an invalid extension: $extension"[0m
job-core	Validate file extensions	2025-02-25T16:19:20.1828244Z [36;1m  fi[0m
job-core	Validate file extensions	2025-02-25T16:19:20.1828524Z [36;1mdone[0m
job-core	Validate file extensions	2025-02-25T16:19:20.1829123Z [36;1mRNNUMBER=$(echo "H34-modulo-iac-kaos" | grep -o '[0-9]*')[0m
job-core	Validate file extensions	2025-02-25T16:19:20.1829708Z [36;1mgh issue comment $RNNUMBER --body "Se inicia Ka0s 13525893693 "[0m
job-core	Validate file extensions	2025-02-25T16:19:20.1880586Z shell: /usr/bin/bash -e {0}
job-core	Validate file extensions	2025-02-25T16:19:20.1880990Z env:
job-core	Validate file extensions	2025-02-25T16:19:20.1881268Z   KAOS_CODE: 13525893693
job-core	Validate file extensions	2025-02-25T16:19:20.1881604Z   KAOS_EVENT_NAME: push
job-core	Validate file extensions	2025-02-25T16:19:20.1881925Z   KAOS_ACTION: 
job-core	Validate file extensions	2025-02-25T16:19:20.1882303Z   KAOS_REF: refs/heads/H34-modulo-iac-kaos
job-core	Validate file extensions	2025-02-25T16:19:20.1882685Z   KAOS_MODULE: [Ka0S] kaos
job-core	Validate file extensions	2025-02-25T16:19:20.1883022Z   KAOS_PATH_RESUME: core/results/
job-core	Validate file extensions	2025-02-25T16:19:20.1962398Z   KAOS_JSON: core/results/event_data
job-core	Validate file extensions	2025-02-25T16:19:20.1963151Z   KAOS_ACTOR: santakloud
job-core	Validate file extensions	2025-02-25T16:19:20.1963797Z   GITHUB_OUTPUT: 
job-core	Validate file extensions	2025-02-25T16:19:20.1964861Z   GH_TOKEN: ***
job-core	Validate file extensions	2025-02-25T16:19:20.1965462Z ##[endgroup]
job-core	Validate file extensions	2025-02-25T16:19:20.2086151Z File core/test/correct-file.md has an invalid extension: md
job-core	Validate file extensions	2025-02-25T16:19:22.8526305Z https://github.com/Ka0s-Klaus/ka0s/issues/34#issuecomment-2682552027
job-core	Crear JSON	2025-02-25T16:19:22.8593822Z ##[group]Run echo "{}" >> core/results/event_data13525893693.json
job-core	Crear JSON	2025-02-25T16:19:22.8594578Z [36;1mecho "{}" >> core/results/event_data13525893693.json[0m
job-core	Crear JSON	2025-02-25T16:19:22.8594983Z [36;1mcase "push" in[0m
job-core	Crear JSON	2025-02-25T16:19:22.8595282Z [36;1m  "push")[0m
job-core	Crear JSON	2025-02-25T16:19:22.8596218Z [36;1m    echo "{\"event\": \"push\", \"ref\": \"refs/heads/H34-modulo-iac-kaos\", \"sha\": \"8926df27b1fef5e8dae0b87b836efd2f0ed0528f\"}" >> core/results/event_data13525893693.json # Ejemplo: {"event": "push", "ref": "refs/heads/main", "sha": "abc123"}[0m
job-core	Crear JSON	2025-02-25T16:19:22.8597346Z [36;1m    echo "Variable github.action=crear_json" >> core/results/event_data13525893693.json[0m
job-core	Crear JSON	2025-02-25T16:19:22.8597871Z [36;1m    echo "Variable github.event.action="[0m
job-core	Crear JSON	2025-02-25T16:19:22.8598432Z [36;1m    echo "Variable github.event.pusher.name=santakloud" >> core/results/event_data13525893693.json[0m
job-core	Crear JSON	2025-02-25T16:19:22.8599440Z [36;1m    echo "variable github.event.pusher.email=73332898+santakloud@users.noreply.github.com" >> core/results/event_data13525893693.json[0m
job-core	Crear JSON	2025-02-25T16:19:22.8600263Z [36;1m    echo "Variable github.event.issue.number=" >> core/results/event_data13525893693.json[0m
job-core	Crear JSON	2025-02-25T16:19:22.8601071Z [36;1m    #Crear un fichero de resumen con todos los datos de los commits asociados, esta información es usada en todo el ciclo de vida del workflow[0m
job-core	Crear JSON	2025-02-25T16:19:22.8602195Z [36;1m    git log 5023903d8388b74aec692291885f3852755358da..8926df27b1fef5e8dae0b87b836efd2f0ed0528f --pretty=format:'%H%n%an%n%ae%n%ad%n%s' > core/results/commit-summary-$KAOS_CODE_FILES.txt[0m
job-core	Crear JSON	2025-02-25T16:19:22.8603128Z [36;1m    # Crear un fichero con la ruta completa y el nombre ficheros implicados en el commit[0m
job-core	Crear JSON	2025-02-25T16:19:22.8604287Z [36;1m    git diff --name-only 5023903d8388b74aec692291885f3852755358da 8926df27b1fef5e8dae0b87b836efd2f0ed0528f > core/results/files-in-commit-$KAOS_CODE_FILES.txt[0m
job-core	Crear JSON	2025-02-25T16:19:22.8605150Z [36;1m    INVOLVED=core/results/files-in-commit-$KAOS_CODE_FILES.txt[0m
job-core	Crear JSON	2025-02-25T16:19:22.8605634Z [36;1m    #echo "INVOLVED=$INVOLVED" >> $GITHUB_OUTPUT[0m
job-core	Crear JSON	2025-02-25T16:19:22.8606104Z [36;1m    echo "INVOLVED=$INVOLVED" >> core/results/event_data13525893693.json[0m
job-core	Crear JSON	2025-02-25T16:19:22.8606521Z [36;1m    ;;[0m
job-core	Crear JSON	2025-02-25T16:19:22.8606799Z [36;1m  "pull_request")[0m
job-core	Crear JSON	2025-02-25T16:19:22.8607390Z [36;1m    echo "{\"event\": \"pull_request\", \"action\": \"\", \"number\": \"\"}" > event_data.json # Ejemplo: {"event": "pull_request", "action": "opened", "number": "42"}[0m
job-core	Crear JSON	2025-02-25T16:19:22.8607980Z [36;1m    ;;[0m
job-core	Crear JSON	2025-02-25T16:19:22.8608249Z [36;1m  "issues")[0m
job-core	Crear JSON	2025-02-25T16:19:22.8608760Z [36;1m    echo "{\"event\": \"issues\", \"action\": \"\", \"issue\": \"\"}" > event_data.json # Ejemplo: {"event": "issues", "action": "opened", "issue": "99"}[0m
job-core	Crear JSON	2025-02-25T16:19:22.8609686Z [36;1m    ;;[0m
job-core	Crear JSON	2025-02-25T16:19:22.8609973Z [36;1m  "issue_comment")[0m
job-core	Crear JSON	2025-02-25T16:19:22.8610577Z [36;1m    echo "{\"event\": \"issue_comment\", \"action\": \"\", \"comment\": \"\"}" > event_data.json # Ejemplo: {"event": "issue_comment", "action": "created", "comment": "123456"}[0m
job-core	Crear JSON	2025-02-25T16:19:22.8611200Z [36;1m    ;;[0m
job-core	Crear JSON	2025-02-25T16:19:22.8611461Z [36;1m  "create")[0m
job-core	Crear JSON	2025-02-25T16:19:22.8612224Z [36;1m    echo "{\"event\": \"create\", \"ref\": \"refs/heads/H34-modulo-iac-kaos\", \"ref_type\": \"refs/heads/H34-modulo-iac-kaos\"}" > event_data.json # Ejemplo: {"event": "create", "ref": "refs/tags/v1.0", "ref_type": "tag"}[0m
job-core	Crear JSON	2025-02-25T16:19:22.8613040Z [36;1m    ;;[0m
job-core	Crear JSON	2025-02-25T16:19:22.8613305Z [36;1m  "delete")[0m
job-core	Crear JSON	2025-02-25T16:19:22.8614062Z [36;1m    echo "{\"event\": \"delete\", \"ref\": \"refs/heads/H34-modulo-iac-kaos\", \"ref_type\": \"refs/heads/H34-modulo-iac-kaos\"}" > event_data.json # Ejemplo: {"event": "delete", "ref": "refs/heads/feature-branch", "ref_type": "branch"}[0m
job-core	Crear JSON	2025-02-25T16:19:22.8614877Z [36;1m    ;;[0m
job-core	Crear JSON	2025-02-25T16:19:22.8615131Z [36;1m  "release")[0m
job-core	Crear JSON	2025-02-25T16:19:22.8615680Z [36;1m    echo "{\"event\": \"release\", \"action\": \"\", \"release\": \"\"}" > event_data.json # Ejemplo: {"event": "release", "action": "published", "release": "v1.0"}[0m
job-core	Crear JSON	2025-02-25T16:19:22.8616468Z [36;1m    ;;[0m
job-core	Crear JSON	2025-02-25T16:19:22.8616717Z [36;1m  "watch")[0m
job-core	Crear JSON	2025-02-25T16:19:22.8617164Z [36;1m    echo "{\"event\": \"watch\", \"action\": \"\"}" > event_data.json # Ejemplo: {"event": "watch", "action": "started"}[0m
job-core	Crear JSON	2025-02-25T16:19:22.8617663Z [36;1m    ;;[0m
job-core	Crear JSON	2025-02-25T16:19:22.8617939Z [36;1m  "repository_dispatch")[0m
job-core	Crear JSON	2025-02-25T16:19:22.8618532Z [36;1m    echo "{\"event\": \"repository_dispatch\", \"action\": \"\"}" > event_data.json # Ejemplo: {"event": "repository_dispatch", "action": "custom-event"}[0m
job-core	Crear JSON	2025-02-25T16:19:22.8619311Z [36;1m    ;;[0m
job-core	Crear JSON	2025-02-25T16:19:22.8619591Z [36;1m  "workflow_dispatch")[0m
job-core	Crear JSON	2025-02-25T16:19:22.8620071Z [36;1m    echo "{\"event\": \"workflow_dispatch\"}" > event_data.json # Ejemplo: {"event": "workflow_dispatch"}[0m
job-core	Crear JSON	2025-02-25T16:19:22.8620553Z [36;1m    ;;[0m
job-core	Crear JSON	2025-02-25T16:19:22.8620805Z [36;1m  *)[0m
job-core	Crear JSON	2025-02-25T16:19:22.8621202Z [36;1m    echo "{\"event\": \"unknown\"}" > event_data.json # Ejemplo: {"event": "unknown"}[0m
job-core	Crear JSON	2025-02-25T16:19:22.8621630Z [36;1m    ;;[0m
job-core	Crear JSON	2025-02-25T16:19:22.8621892Z [36;1mesac      [0m
job-core	Crear JSON	2025-02-25T16:19:22.8670849Z shell: /usr/bin/bash -e {0}
job-core	Crear JSON	2025-02-25T16:19:22.8671184Z env:
job-core	Crear JSON	2025-02-25T16:19:22.8671445Z   KAOS_CODE: 13525893693
job-core	Crear JSON	2025-02-25T16:19:22.8671746Z   KAOS_EVENT_NAME: push
job-core	Crear JSON	2025-02-25T16:19:22.8672027Z   KAOS_ACTION: 
job-core	Crear JSON	2025-02-25T16:19:22.8672322Z   KAOS_REF: refs/heads/H34-modulo-iac-kaos
job-core	Crear JSON	2025-02-25T16:19:22.8672670Z   KAOS_MODULE: [Ka0S] kaos
job-core	Crear JSON	2025-02-25T16:19:22.8672971Z   KAOS_PATH_RESUME: core/results/
job-core	Crear JSON	2025-02-25T16:19:22.8673289Z   KAOS_JSON: core/results/event_data
job-core	Crear JSON	2025-02-25T16:19:22.8673793Z   KAOS_ACTOR: santakloud
job-core	Crear JSON	2025-02-25T16:19:22.8674073Z   GITHUB_OUTPUT: 
job-core	Crear JSON	2025-02-25T16:19:22.8674332Z ##[endgroup]
job-core	Crear JSON	2025-02-25T16:19:22.8745396Z Variable github.event.action=
job-core	Set environment variable for ref	2025-02-25T16:19:22.8819420Z ##[group]Run echo "GITHUB_REF=refs/heads/H34-modulo-iac-kaos" >> $GITHUB_ENV
job-core	Set environment variable for ref	2025-02-25T16:19:22.8820058Z [36;1mecho "GITHUB_REF=refs/heads/H34-modulo-iac-kaos" >> $GITHUB_ENV[0m
job-core	Set environment variable for ref	2025-02-25T16:19:22.8863801Z shell: /usr/bin/bash -e {0}
job-core	Set environment variable for ref	2025-02-25T16:19:22.8864191Z env:
job-core	Set environment variable for ref	2025-02-25T16:19:22.8864464Z   KAOS_CODE: 13525893693
job-core	Set environment variable for ref	2025-02-25T16:19:22.8864790Z   KAOS_EVENT_NAME: push
job-core	Set environment variable for ref	2025-02-25T16:19:22.8865098Z   KAOS_ACTION: 
job-core	Set environment variable for ref	2025-02-25T16:19:22.8865403Z   KAOS_REF: refs/heads/H34-modulo-iac-kaos
job-core	Set environment variable for ref	2025-02-25T16:19:22.8865790Z   KAOS_MODULE: [Ka0S] kaos
job-core	Set environment variable for ref	2025-02-25T16:19:22.8866117Z   KAOS_PATH_RESUME: core/results/
job-core	Set environment variable for ref	2025-02-25T16:19:22.8866470Z   KAOS_JSON: core/results/event_data
job-core	Set environment variable for ref	2025-02-25T16:19:22.8866817Z   KAOS_ACTOR: santakloud
job-core	Set environment variable for ref	2025-02-25T16:19:22.8867129Z   GITHUB_OUTPUT: 
job-core	Set environment variable for ref	2025-02-25T16:19:22.8867427Z ##[endgroup]
job-core	Upload Files	2025-02-25T16:19:22.8970205Z ##[group]Run echo "Uploading files to the repository..."
job-core	Upload Files	2025-02-25T16:19:22.8970745Z [36;1mecho "Uploading files to the repository..."[0m
job-core	Upload Files	2025-02-25T16:19:22.8971359Z [36;1mgit config --global user.name "***"[0m
job-core	Upload Files	2025-02-25T16:19:22.8971818Z [36;1mgit config --global user.email "***"[0m
job-core	Upload Files	2025-02-25T16:19:22.8972190Z [36;1mgit pull[0m
job-core	Upload Files	2025-02-25T16:19:22.8972510Z [36;1mgit add core/results/event_data*[0m
job-core	Upload Files	2025-02-25T16:19:22.8973007Z [36;1mgit commit -m "[Ka0S] Uploading resume execution files to the repository..."[0m
job-core	Upload Files	2025-02-25T16:19:22.8973543Z [36;1mgit push origin refs/heads/H34-modulo-iac-kaos[0m
job-core	Upload Files	2025-02-25T16:19:22.8973942Z [36;1mgit push origin $GITHUB_REF[0m
job-core	Upload Files	2025-02-25T16:19:22.9019924Z shell: /usr/bin/bash -e {0}
job-core	Upload Files	2025-02-25T16:19:22.9020259Z env:
job-core	Upload Files	2025-02-25T16:19:22.9020517Z   KAOS_CODE: 13525893693
job-core	Upload Files	2025-02-25T16:19:22.9020817Z   KAOS_EVENT_NAME: push
job-core	Upload Files	2025-02-25T16:19:22.9021108Z   KAOS_ACTION: 
job-core	Upload Files	2025-02-25T16:19:22.9021422Z   KAOS_REF: refs/heads/H34-modulo-iac-kaos
job-core	Upload Files	2025-02-25T16:19:22.9021851Z   KAOS_MODULE: [Ka0S] kaos
job-core	Upload Files	2025-02-25T16:19:22.9022162Z   KAOS_PATH_RESUME: core/results/
job-core	Upload Files	2025-02-25T16:19:22.9022492Z   KAOS_JSON: core/results/event_data
job-core	Upload Files	2025-02-25T16:19:22.9022827Z   KAOS_ACTOR: santakloud
job-core	Upload Files	2025-02-25T16:19:22.9023112Z   GITHUB_OUTPUT: 
job-core	Upload Files	2025-02-25T16:19:22.9023409Z   GITHUB_REF: refs/heads/H34-modulo-iac-kaos
job-core	Upload Files	2025-02-25T16:19:22.9023778Z ##[endgroup]
job-core	Upload Files	2025-02-25T16:19:22.9091211Z Uploading files to the repository...
job-core	Upload Files	2025-02-25T16:19:23.1590520Z Already up to date.
job-core	Upload Files	2025-02-25T16:19:23.2429350Z [H34-modulo-iac-kaos 1548998] [Ka0S] Uploading resume execution files to the repository...
job-core	Upload Files	2025-02-25T16:19:23.2430043Z  1 file changed, 7 insertions(+)
job-core	Upload Files	2025-02-25T16:19:23.2430540Z  create mode 100644 core/results/event_data13525893693.json
job-core	Upload Files	2025-02-25T16:19:23.7654670Z To https://github.com/Ka0s-Klaus/ka0s
job-core	Upload Files	2025-02-25T16:19:23.7655695Z    8926df2..1548998  H34-modulo-iac-kaos -> H34-modulo-iac-kaos
job-core	Upload Files	2025-02-25T16:19:23.9073164Z Everything up-to-date
job-core	Ver JSON	2025-02-25T16:19:23.9137918Z ##[group]Run cat core/results/event_data13525893693.json
job-core	Ver JSON	2025-02-25T16:19:23.9138362Z [36;1mcat core/results/event_data13525893693.json[0m
job-core	Ver JSON	2025-02-25T16:19:23.9185270Z shell: /usr/bin/bash -e {0}
job-core	Ver JSON	2025-02-25T16:19:23.9185537Z env:
job-core	Ver JSON	2025-02-25T16:19:23.9185736Z   KAOS_CODE: 13525893693
job-core	Ver JSON	2025-02-25T16:19:23.9185993Z   KAOS_EVENT_NAME: push
job-core	Ver JSON	2025-02-25T16:19:23.9186224Z   KAOS_ACTION: 
job-core	Ver JSON	2025-02-25T16:19:23.9186462Z   KAOS_REF: refs/heads/H34-modulo-iac-kaos
job-core	Ver JSON	2025-02-25T16:19:23.9186758Z   KAOS_MODULE: [Ka0S] kaos
job-core	Ver JSON	2025-02-25T16:19:23.9187018Z   KAOS_PATH_RESUME: core/results/
job-core	Ver JSON	2025-02-25T16:19:23.9187305Z   KAOS_JSON: core/results/event_data
job-core	Ver JSON	2025-02-25T16:19:23.9187588Z   KAOS_ACTOR: santakloud
job-core	Ver JSON	2025-02-25T16:19:23.9187822Z   GITHUB_OUTPUT: 
job-core	Ver JSON	2025-02-25T16:19:23.9188069Z   GITHUB_REF: refs/heads/H34-modulo-iac-kaos
job-core	Ver JSON	2025-02-25T16:19:23.9188360Z ##[endgroup]
job-core	Ver JSON	2025-02-25T16:19:23.9261325Z {}
job-core	Ver JSON	2025-02-25T16:19:23.9262149Z {"event": "push", "ref": "refs/heads/H34-modulo-iac-kaos", "sha": "8926df27b1fef5e8dae0b87b836efd2f0ed0528f"}
job-core	Ver JSON	2025-02-25T16:19:23.9263262Z Variable github.action=crear_json
job-core	Ver JSON	2025-02-25T16:19:23.9263649Z Variable github.event.pusher.name=santakloud
job-core	Ver JSON	2025-02-25T16:19:23.9264338Z variable github.event.pusher.email=73332898+santakloud@users.noreply.github.com
job-core	Ver JSON	2025-02-25T16:19:23.9265353Z Variable github.event.issue.number=
job-core	Ver JSON	2025-02-25T16:19:23.9265930Z INVOLVED=core/results/files-in-commit-.txt
job-core	Run git diff --name-only 5023903d8388b74aec692291885f3852755358da 8926df27b1fef5e8dae0b87b836efd2f0ed0528f > files-in-commit.txt	2025-02-25T16:19:23.9301412Z ##[group]Run git diff --name-only 5023903d8388b74aec692291885f3852755358da 8926df27b1fef5e8dae0b87b836efd2f0ed0528f > files-in-commit.txt
job-core	Run git diff --name-only 5023903d8388b74aec692291885f3852755358da 8926df27b1fef5e8dae0b87b836efd2f0ed0528f > files-in-commit.txt	2025-02-25T16:19:23.9302433Z [36;1mgit diff --name-only 5023903d8388b74aec692291885f3852755358da 8926df27b1fef5e8dae0b87b836efd2f0ed0528f > files-in-commit.txt[0m
job-core	Run git diff --name-only 5023903d8388b74aec692291885f3852755358da 8926df27b1fef5e8dae0b87b836efd2f0ed0528f > files-in-commit.txt	2025-02-25T16:19:23.9303079Z [36;1m# Nuevo proceso de activacion de los modulos[0m
job-core	Run git diff --name-only 5023903d8388b74aec692291885f3852755358da 8926df27b1fef5e8dae0b87b836efd2f0ed0528f > files-in-commit.txt	2025-02-25T16:19:23.9303407Z [36;1mwhile IFS= read -r line; do[0m
job-core	Run git diff --name-only 5023903d8388b74aec692291885f3852755358da 8926df27b1fef5e8dae0b87b836efd2f0ed0528f > files-in-commit.txt	2025-02-25T16:19:23.9303809Z [36;1m  echo "I Leemos el fichero files-in-commit.txt y extraemos el fichero $line"[0m
job-core	Run git diff --name-only 5023903d8388b74aec692291885f3852755358da 8926df27b1fef5e8dae0b87b836efd2f0ed0528f > files-in-commit.txt	2025-02-25T16:19:23.9304217Z [36;1m  module_failed=0[0m
job-core	Run git diff --name-only 5023903d8388b74aec692291885f3852755358da 8926df27b1fef5e8dae0b87b836efd2f0ed0528f > files-in-commit.txt	2025-02-25T16:19:23.9304469Z [36;1m  extension_failed=0[0m
job-core	Run git diff --name-only 5023903d8388b74aec692291885f3852755358da 8926df27b1fef5e8dae0b87b836efd2f0ed0528f > files-in-commit.txt	2025-02-25T16:19:23.9304731Z [36;1m  file_name=$(basename "$line")[0m
job-core	Run git diff --name-only 5023903d8388b74aec692291885f3852755358da 8926df27b1fef5e8dae0b87b836efd2f0ed0528f > files-in-commit.txt	2025-02-25T16:19:23.9305070Z [36;1m  echo "I-1 Calculamos el nombre del fichero $file_name"[0m
job-core	Run git diff --name-only 5023903d8388b74aec692291885f3852755358da 8926df27b1fef5e8dae0b87b836efd2f0ed0528f > files-in-commit.txt	2025-02-25T16:19:23.9305432Z [36;1m  file_extension="${file_name##*.}"[0m
job-core	Run git diff --name-only 5023903d8388b74aec692291885f3852755358da 8926df27b1fef5e8dae0b87b836efd2f0ed0528f > files-in-commit.txt	2025-02-25T16:19:23.9305797Z [36;1m  echo "I-2 Calculamos la extension del fichero $file_extension"[0m
job-core	Run git diff --name-only 5023903d8388b74aec692291885f3852755358da 8926df27b1fef5e8dae0b87b836efd2f0ed0528f > files-in-commit.txt	2025-02-25T16:19:23.9306217Z [36;1m  file_module="$file_extension""lint.yml"[0m
job-core	Run git diff --name-only 5023903d8388b74aec692291885f3852755358da 8926df27b1fef5e8dae0b87b836efd2f0ed0528f > files-in-commit.txt	2025-02-25T16:19:23.9306554Z [36;1m  echo "I-3 Calculamos el modulo $file_module"[0m
job-core	Run git diff --name-only 5023903d8388b74aec692291885f3852755358da 8926df27b1fef5e8dae0b87b836efd2f0ed0528f > files-in-commit.txt	2025-02-25T16:19:23.9306901Z [36;1m  IFS=',' read -r -a file_array <<< "$files"[0m
job-core	Run git diff --name-only 5023903d8388b74aec692291885f3852755358da 8926df27b1fef5e8dae0b87b836efd2f0ed0528f > files-in-commit.txt	2025-02-25T16:19:23.9307215Z [36;1m  for file in "${file_array[@]}"; do[0m
job-core	Run git diff --name-only 5023903d8388b74aec692291885f3852755358da 8926df27b1fef5e8dae0b87b836efd2f0ed0528f > files-in-commit.txt	2025-02-25T16:19:23.9307522Z [36;1m    echo "II Leemos el array de $file"[0m
job-core	Run git diff --name-only 5023903d8388b74aec692291885f3852755358da 8926df27b1fef5e8dae0b87b836efd2f0ed0528f > files-in-commit.txt	2025-02-25T16:19:23.9307835Z [36;1m    if [[ "$file_extension" == "$file" ]]; then[0m
job-core	Run git diff --name-only 5023903d8388b74aec692291885f3852755358da 8926df27b1fef5e8dae0b87b836efd2f0ed0528f > files-in-commit.txt	2025-02-25T16:19:23.9308205Z [36;1m      echo "III Comprobamos si $file_extension es igual a $file"[0m
job-core	Run git diff --name-only 5023903d8388b74aec692291885f3852755358da 8926df27b1fef5e8dae0b87b836efd2f0ed0528f > files-in-commit.txt	2025-02-25T16:19:23.9308590Z [36;1m      IFS=',' read -r -a module_array <<< "$modules"[0m
job-core	Run git diff --name-only 5023903d8388b74aec692291885f3852755358da 8926df27b1fef5e8dae0b87b836efd2f0ed0528f > files-in-commit.txt	2025-02-25T16:19:23.9309169Z [36;1m      for module in "${module_array[@]}"; do[0m
job-core	Run git diff --name-only 5023903d8388b74aec692291885f3852755358da 8926df27b1fef5e8dae0b87b836efd2f0ed0528f > files-in-commit.txt	2025-02-25T16:19:23.9309494Z [36;1m        echo "IV Leemos el array $module"[0m
job-core	Run git diff --name-only 5023903d8388b74aec692291885f3852755358da 8926df27b1fef5e8dae0b87b836efd2f0ed0528f > files-in-commit.txt	2025-02-25T16:19:23.9309812Z [36;1m        if [[ "$file_module" == *"$module"* ]]; then[0m
job-core	Run git diff --name-only 5023903d8388b74aec692291885f3852755358da 8926df27b1fef5e8dae0b87b836efd2f0ed0528f > files-in-commit.txt	2025-02-25T16:19:23.9310251Z [36;1m          echo "V Comprobamos que el $file_module es igual a $module y ejecutamos el flujo"[0m
job-core	Run git diff --name-only 5023903d8388b74aec692291885f3852755358da 8926df27b1fef5e8dae0b87b836efd2f0ed0528f > files-in-commit.txt	2025-02-25T16:19:23.9310731Z [36;1m          # Si hemos llegado hasta aquí ejecutamos el módulo[0m
job-core	Run git diff --name-only 5023903d8388b74aec692291885f3852755358da 8926df27b1fef5e8dae0b87b836efd2f0ed0528f > files-in-commit.txt	2025-02-25T16:19:23.9311077Z [36;1m          # Lanzamos el lint del fichero[0m
job-core	Run git diff --name-only 5023903d8388b74aec692291885f3852755358da 8926df27b1fef5e8dae0b87b836efd2f0ed0528f > files-in-commit.txt	2025-02-25T16:19:23.9311795Z [36;1m          gh workflow run $file_module --ref refs/heads/H34-modulo-iac-kaos -f kaos-origin=13525893693 -f kaos-files=$line -f kaos-issue-id=$RNNUMBER -f kaos-user-start=santakloud[0m
job-core	Run git diff --name-only 5023903d8388b74aec692291885f3852755358da 8926df27b1fef5e8dae0b87b836efd2f0ed0528f > files-in-commit.txt	2025-02-25T16:19:23.9312475Z [36;1m          module_failed=0[0m
job-core	Run git diff --name-only 5023903d8388b74aec692291885f3852755358da 8926df27b1fef5e8dae0b87b836efd2f0ed0528f > files-in-commit.txt	2025-02-25T16:19:23.9312756Z [36;1m          extension_failed=0[0m
job-core	Run git diff --name-only 5023903d8388b74aec692291885f3852755358da 8926df27b1fef5e8dae0b87b836efd2f0ed0528f > files-in-commit.txt	2025-02-25T16:19:23.9313019Z [36;1m          break[0m
job-core	Run git diff --name-only 5023903d8388b74aec692291885f3852755358da 8926df27b1fef5e8dae0b87b836efd2f0ed0528f > files-in-commit.txt	2025-02-25T16:19:23.9313243Z [36;1m        else[0m
job-core	Run git diff --name-only 5023903d8388b74aec692291885f3852755358da 8926df27b1fef5e8dae0b87b836efd2f0ed0528f > files-in-commit.txt	2025-02-25T16:19:23.9313522Z [36;1m          # Control de si existe el modulo para esa extension"[0m
job-core	Run git diff --name-only 5023903d8388b74aec692291885f3852755358da 8926df27b1fef5e8dae0b87b836efd2f0ed0528f > files-in-commit.txt	2025-02-25T16:19:23.9314009Z [36;1m          echo "VI No es igual $file_module a $module y lo indicamos en la variable module_failed=1"[0m
job-core	Run git diff --name-only 5023903d8388b74aec692291885f3852755358da 8926df27b1fef5e8dae0b87b836efd2f0ed0528f > files-in-commit.txt	2025-02-25T16:19:23.9314426Z [36;1m          module_failed=1[0m
job-core	Run git diff --name-only 5023903d8388b74aec692291885f3852755358da 8926df27b1fef5e8dae0b87b836efd2f0ed0528f > files-in-commit.txt	2025-02-25T16:19:23.9314677Z [36;1m        fi[0m
job-core	Run git diff --name-only 5023903d8388b74aec692291885f3852755358da 8926df27b1fef5e8dae0b87b836efd2f0ed0528f > files-in-commit.txt	2025-02-25T16:19:23.9314889Z [36;1m      done[0m
job-core	Run git diff --name-only 5023903d8388b74aec692291885f3852755358da 8926df27b1fef5e8dae0b87b836efd2f0ed0528f > files-in-commit.txt	2025-02-25T16:19:23.9315096Z [36;1m      break[0m
job-core	Run git diff --name-only 5023903d8388b74aec692291885f3852755358da 8926df27b1fef5e8dae0b87b836efd2f0ed0528f > files-in-commit.txt	2025-02-25T16:19:23.9315308Z [36;1m    else[0m
job-core	Run git diff --name-only 5023903d8388b74aec692291885f3852755358da 8926df27b1fef5e8dae0b87b836efd2f0ed0528f > files-in-commit.txt	2025-02-25T16:19:23.9315581Z [36;1m      # Control de si existe el modulo para esa extension"[0m
job-core	Run git diff --name-only 5023903d8388b74aec692291885f3852755358da 8926df27b1fef5e8dae0b87b836efd2f0ed0528f > files-in-commit.txt	2025-02-25T16:19:23.9316071Z [36;1m      echo "VII No es igual $file_extension a $file y lo indicamos en la variable extension_failed=1"[0m
job-core	Run git diff --name-only 5023903d8388b74aec692291885f3852755358da 8926df27b1fef5e8dae0b87b836efd2f0ed0528f > files-in-commit.txt	2025-02-25T16:19:23.9316505Z [36;1m      extension_failed=1[0m
job-core	Run git diff --name-only 5023903d8388b74aec692291885f3852755358da 8926df27b1fef5e8dae0b87b836efd2f0ed0528f > files-in-commit.txt	2025-02-25T16:19:23.9316921Z [36;1m    fi  [0m
job-core	Run git diff --name-only 5023903d8388b74aec692291885f3852755358da 8926df27b1fef5e8dae0b87b836efd2f0ed0528f > files-in-commit.txt	2025-02-25T16:19:23.9317118Z [36;1m  done[0m
job-core	Run git diff --name-only 5023903d8388b74aec692291885f3852755358da 8926df27b1fef5e8dae0b87b836efd2f0ed0528f > files-in-commit.txt	2025-02-25T16:19:23.9317338Z [36;1m  if [[ $module_failed == 1 ]]; then[0m
job-core	Run git diff --name-only 5023903d8388b74aec692291885f3852755358da 8926df27b1fef5e8dae0b87b836efd2f0ed0528f > files-in-commit.txt	2025-02-25T16:19:23.9317753Z [36;1m    echo "IX Si el modulo falla ($module_failed) añadimos el comentario a la issue"[0m
job-core	Run git diff --name-only 5023903d8388b74aec692291885f3852755358da 8926df27b1fef5e8dae0b87b836efd2f0ed0528f > files-in-commit.txt	2025-02-25T16:19:23.9318465Z [36;1m    # Si hemos llegado hasta aquí añadimos el mensaje de que la extension esta permitida pero no dispone de modulo activo y aqui finaliza el proceso[0m
job-core	Run git diff --name-only 5023903d8388b74aec692291885f3852755358da 8926df27b1fef5e8dae0b87b836efd2f0ed0528f > files-in-commit.txt	2025-02-25T16:19:23.9319466Z [36;1m    # Añadimos los valores a las variables de la issue[0m
job-core	Run git diff --name-only 5023903d8388b74aec692291885f3852755358da 8926df27b1fef5e8dae0b87b836efd2f0ed0528f > files-in-commit.txt	2025-02-25T16:19:23.9320339Z [36;1m    KAOS_ISSUE_BODY="[Ka0S] kaos ha detectado que la extensión ($file_extension) esta permitida dentro de KAOS_CORE_FILES, pero el módulo asociado ($file_module) no esta activo. Por favor compruebe que exista y esta activo."[0m
job-core	Run git diff --name-only 5023903d8388b74aec692291885f3852755358da 8926df27b1fef5e8dae0b87b836efd2f0ed0528f > files-in-commit.txt	2025-02-25T16:19:23.9321155Z [36;1m    # Añadimos el comentario a la issue[0m
job-core	Run git diff --name-only 5023903d8388b74aec692291885f3852755358da 8926df27b1fef5e8dae0b87b836efd2f0ed0528f > files-in-commit.txt	2025-02-25T16:19:23.9321525Z [36;1m    RNNUMBER=$(echo "H34-modulo-iac-kaos" | grep -o '[0-9]*')[0m
job-core	Run git diff --name-only 5023903d8388b74aec692291885f3852755358da 8926df27b1fef5e8dae0b87b836efd2f0ed0528f > files-in-commit.txt	2025-02-25T16:19:23.9321949Z [36;1m    gh issue comment $RNNUMBER --body "$KAOS_ISSUE_BODY"[0m
job-core	Run git diff --name-only 5023903d8388b74aec692291885f3852755358da 8926df27b1fef5e8dae0b87b836efd2f0ed0528f > files-in-commit.txt	2025-02-25T16:19:23.9322263Z [36;1m  fi[0m
job-core	Run git diff --name-only 5023903d8388b74aec692291885f3852755358da 8926df27b1fef5e8dae0b87b836efd2f0ed0528f > files-in-commit.txt	2025-02-25T16:19:23.9322498Z [36;1m  if [[ $extension_failed == 1 ]]; then[0m
job-core	Run git diff --name-only 5023903d8388b74aec692291885f3852755358da 8926df27b1fef5e8dae0b87b836efd2f0ed0528f > files-in-commit.txt	2025-02-25T16:19:23.9322940Z [36;1m    echo "X Si extension falla falla ($extension_failed) añadimos el comentario a la issue"[0m
job-core	Run git diff --name-only 5023903d8388b74aec692291885f3852755358da 8926df27b1fef5e8dae0b87b836efd2f0ed0528f > files-in-commit.txt	2025-02-25T16:19:23.9323505Z [36;1m    # Si hemos llegado hasta aquí añadimos el mensaje de que la extension no esta permitida[0m
job-core	Run git diff --name-only 5023903d8388b74aec692291885f3852755358da 8926df27b1fef5e8dae0b87b836efd2f0ed0528f > files-in-commit.txt	2025-02-25T16:19:23.9323973Z [36;1m    # Añadimos los valores a las variables de la issue[0m
job-core	Run git diff --name-only 5023903d8388b74aec692291885f3852755358da 8926df27b1fef5e8dae0b87b836efd2f0ed0528f > files-in-commit.txt	2025-02-25T16:19:23.9324666Z [36;1m    KAOS_ISSUE_BODY="[Ka0S] kaos ha detectado que la extensión ($file_extension) NO esta permitida dentro de KAOS_CORE_FILES. Por favor compruebe que exista y esta activo."[0m
job-core	Run git diff --name-only 5023903d8388b74aec692291885f3852755358da 8926df27b1fef5e8dae0b87b836efd2f0ed0528f > files-in-commit.txt	2025-02-25T16:19:23.9325324Z [36;1m    # Añadimos el comentario a la issue[0m
job-core	Run git diff --name-only 5023903d8388b74aec692291885f3852755358da 8926df27b1fef5e8dae0b87b836efd2f0ed0528f > files-in-commit.txt	2025-02-25T16:19:23.9325695Z [36;1m    RNNUMBER=$(echo "H34-modulo-iac-kaos" | grep -o '[0-9]*')[0m
job-core	Run git diff --name-only 5023903d8388b74aec692291885f3852755358da 8926df27b1fef5e8dae0b87b836efd2f0ed0528f > files-in-commit.txt	2025-02-25T16:19:23.9326098Z [36;1m    gh issue comment $RNNUMBER --body "$KAOS_ISSUE_BODY"[0m
job-core	Run git diff --name-only 5023903d8388b74aec692291885f3852755358da 8926df27b1fef5e8dae0b87b836efd2f0ed0528f > files-in-commit.txt	2025-02-25T16:19:23.9326424Z [36;1m  fi  [0m
job-core	Run git diff --name-only 5023903d8388b74aec692291885f3852755358da 8926df27b1fef5e8dae0b87b836efd2f0ed0528f > files-in-commit.txt	2025-02-25T16:19:23.9326658Z [36;1mdone < files-in-commit.txt      [0m
job-core	Run git diff --name-only 5023903d8388b74aec692291885f3852755358da 8926df27b1fef5e8dae0b87b836efd2f0ed0528f > files-in-commit.txt	2025-02-25T16:19:23.9367969Z shell: /usr/bin/bash -e {0}
job-core	Run git diff --name-only 5023903d8388b74aec692291885f3852755358da 8926df27b1fef5e8dae0b87b836efd2f0ed0528f > files-in-commit.txt	2025-02-25T16:19:23.9368228Z env:
job-core	Run git diff --name-only 5023903d8388b74aec692291885f3852755358da 8926df27b1fef5e8dae0b87b836efd2f0ed0528f > files-in-commit.txt	2025-02-25T16:19:23.9368426Z   KAOS_CODE: 13525893693
job-core	Run git diff --name-only 5023903d8388b74aec692291885f3852755358da 8926df27b1fef5e8dae0b87b836efd2f0ed0528f > files-in-commit.txt	2025-02-25T16:19:23.9368673Z   KAOS_EVENT_NAME: push
job-core	Run git diff --name-only 5023903d8388b74aec692291885f3852755358da 8926df27b1fef5e8dae0b87b836efd2f0ed0528f > files-in-commit.txt	2025-02-25T16:19:23.9369105Z   KAOS_ACTION: 
job-core	Run git diff --name-only 5023903d8388b74aec692291885f3852755358da 8926df27b1fef5e8dae0b87b836efd2f0ed0528f > files-in-commit.txt	2025-02-25T16:19:23.9369343Z   KAOS_REF: refs/heads/H34-modulo-iac-kaos
job-core	Run git diff --name-only 5023903d8388b74aec692291885f3852755358da 8926df27b1fef5e8dae0b87b836efd2f0ed0528f > files-in-commit.txt	2025-02-25T16:19:23.9369659Z   KAOS_MODULE: [Ka0S] kaos
job-core	Run git diff --name-only 5023903d8388b74aec692291885f3852755358da 8926df27b1fef5e8dae0b87b836efd2f0ed0528f > files-in-commit.txt	2025-02-25T16:19:23.9369904Z   KAOS_PATH_RESUME: core/results/
job-core	Run git diff --name-only 5023903d8388b74aec692291885f3852755358da 8926df27b1fef5e8dae0b87b836efd2f0ed0528f > files-in-commit.txt	2025-02-25T16:19:23.9370163Z   KAOS_JSON: core/results/event_data
job-core	Run git diff --name-only 5023903d8388b74aec692291885f3852755358da 8926df27b1fef5e8dae0b87b836efd2f0ed0528f > files-in-commit.txt	2025-02-25T16:19:23.9370426Z   KAOS_ACTOR: santakloud
job-core	Run git diff --name-only 5023903d8388b74aec692291885f3852755358da 8926df27b1fef5e8dae0b87b836efd2f0ed0528f > files-in-commit.txt	2025-02-25T16:19:23.9370657Z   GITHUB_OUTPUT: 
job-core	Run git diff --name-only 5023903d8388b74aec692291885f3852755358da 8926df27b1fef5e8dae0b87b836efd2f0ed0528f > files-in-commit.txt	2025-02-25T16:19:23.9370892Z   GITHUB_REF: refs/heads/H34-modulo-iac-kaos
job-core	Run git diff --name-only 5023903d8388b74aec692291885f3852755358da 8926df27b1fef5e8dae0b87b836efd2f0ed0528f > files-in-commit.txt	2025-02-25T16:19:23.9371295Z   modules: ***
job-core	Run git diff --name-only 5023903d8388b74aec692291885f3852755358da 8926df27b1fef5e8dae0b87b836efd2f0ed0528f > files-in-commit.txt	2025-02-25T16:19:23.9371529Z   files: ***
job-core	Run git diff --name-only 5023903d8388b74aec692291885f3852755358da 8926df27b1fef5e8dae0b87b836efd2f0ed0528f > files-in-commit.txt	2025-02-25T16:19:23.9371832Z   GH_TOKEN: ***
job-core	Run git diff --name-only 5023903d8388b74aec692291885f3852755358da 8926df27b1fef5e8dae0b87b836efd2f0ed0528f > files-in-commit.txt	2025-02-25T16:19:23.9372052Z ##[endgroup]
job-core	Run git diff --name-only 5023903d8388b74aec692291885f3852755358da 8926df27b1fef5e8dae0b87b836efd2f0ed0528f > files-in-commit.txt	2025-02-25T16:19:23.9476157Z I Leemos el fichero files-in-commit.txt y extraemos el fichero core/test/correct-file.md
job-core	Run git diff --name-only 5023903d8388b74aec692291885f3852755358da 8926df27b1fef5e8dae0b87b836efd2f0ed0528f > files-in-commit.txt	2025-02-25T16:19:23.9488708Z I-1 Calculamos el nombre del fichero correct-file.md
job-core	Run git diff --name-only 5023903d8388b74aec692291885f3852755358da 8926df27b1fef5e8dae0b87b836efd2f0ed0528f > files-in-commit.txt	2025-02-25T16:19:23.9489535Z I-2 Calculamos la extension del fichero md
job-core	Run git diff --name-only 5023903d8388b74aec692291885f3852755358da 8926df27b1fef5e8dae0b87b836efd2f0ed0528f > files-in-commit.txt	2025-02-25T16:19:23.9490094Z I-3 Calculamos el modulo mdlint.yml
job-core	Run git diff --name-only 5023903d8388b74aec692291885f3852755358da 8926df27b1fef5e8dae0b87b836efd2f0ed0528f > files-in-commit.txt	2025-02-25T16:19:23.9490581Z II Leemos el array de md
job-core	Run git diff --name-only 5023903d8388b74aec692291885f3852755358da 8926df27b1fef5e8dae0b87b836efd2f0ed0528f > files-in-commit.txt	2025-02-25T16:19:23.9491059Z III Comprobamos si md es igual a md
job-core	Run git diff --name-only 5023903d8388b74aec692291885f3852755358da 8926df27b1fef5e8dae0b87b836efd2f0ed0528f > files-in-commit.txt	2025-02-25T16:19:23.9491604Z IV Leemos el array yamlint.yml
job-core	Run git diff --name-only 5023903d8388b74aec692291885f3852755358da 8926df27b1fef5e8dae0b87b836efd2f0ed0528f > files-in-commit.txt	2025-02-25T16:19:23.9492217Z VI No es igual mdlint.yml a yamlint.yml y lo indicamos en la variable module_failed=1
job-core	Run git diff --name-only 5023903d8388b74aec692291885f3852755358da 8926df27b1fef5e8dae0b87b836efd2f0ed0528f > files-in-commit.txt	2025-02-25T16:19:23.9492710Z IV Leemos el array mdlint.yml
job-core	Run git diff --name-only 5023903d8388b74aec692291885f3852755358da 8926df27b1fef5e8dae0b87b836efd2f0ed0528f > files-in-commit.txt	2025-02-25T16:19:23.9493163Z V Comprobamos que el mdlint.yml es igual a mdlint.yml y ejecutamos el flujo
job-core	Post Checkout code	2025-02-25T16:19:24.3323896Z Post job cleanup.
job-core	Post Checkout code	2025-02-25T16:19:24.4246280Z [command]/usr/bin/git version
job-core	Post Checkout code	2025-02-25T16:19:24.4285272Z git version 2.48.1
job-core	Post Checkout code	2025-02-25T16:19:24.4323542Z Copying '/home/runner/.gitconfig' to '/home/runner/work/_temp/bc6c20cc-2c12-43d9-8853-e93463dc8c91/.gitconfig'
job-core	Post Checkout code	2025-02-25T16:19:24.4333276Z Temporarily overriding HOME='/home/runner/work/_temp/bc6c20cc-2c12-43d9-8853-e93463dc8c91' before making global git config changes
job-core	Post Checkout code	2025-02-25T16:19:24.4334682Z Adding repository directory to the temporary git global config as a safe directory
job-core	Post Checkout code	2025-02-25T16:19:24.4346832Z [command]/usr/bin/git config --global --add safe.directory /home/runner/work/ka0s/ka0s
job-core	Post Checkout code	2025-02-25T16:19:24.4382012Z [command]/usr/bin/git config --local --name-only --get-regexp core\.sshCommand
job-core	Post Checkout code	2025-02-25T16:19:24.4415476Z [command]/usr/bin/git submodule foreach --recursive sh -c "git config --local --name-only --get-regexp 'core\.sshCommand' && git config --local --unset-all 'core.sshCommand' || :"
job-core	Post Checkout code	2025-02-25T16:19:24.4648666Z [command]/usr/bin/git config --local --name-only --get-regexp http\.https\:\/\/github\.com\/\.extraheader
job-core	Post Checkout code	2025-02-25T16:19:24.4670278Z http.https://github.com/.extraheader
job-core	Post Checkout code	2025-02-25T16:19:24.4683441Z [command]/usr/bin/git config --local --unset-all http.https://github.com/.extraheader
job-core	Post Checkout code	2025-02-25T16:19:24.4715386Z [command]/usr/bin/git submodule foreach --recursive sh -c "git config --local --name-only --get-regexp 'http\.https\:\/\/github\.com\/\.extraheader' && git config --local --unset-all 'http.https://github.com/.extraheader' || :"
job-core	Complete job	2025-02-25T16:19:24.5055051Z Cleaning up orphan processes
handle-success	Set up job	2025-02-25T16:19:31.4591229Z Current runner version: '2.322.0'
handle-success	Set up job	2025-02-25T16:19:31.4618024Z ##[group]Operating System
handle-success	Set up job	2025-02-25T16:19:31.4618897Z Ubuntu
handle-success	Set up job	2025-02-25T16:19:31.4619401Z 24.04.1
handle-success	Set up job	2025-02-25T16:19:31.4620054Z LTS
handle-success	Set up job	2025-02-25T16:19:31.4620633Z ##[endgroup]
handle-success	Set up job	2025-02-25T16:19:31.4621176Z ##[group]Runner Image
handle-success	Set up job	2025-02-25T16:19:31.4621790Z Image: ubuntu-24.04
handle-success	Set up job	2025-02-25T16:19:31.4622327Z Version: 20250209.1.0
handle-success	Set up job	2025-02-25T16:19:31.4623358Z Included Software: https://github.com/actions/runner-images/blob/ubuntu24/20250209.1/images/ubuntu/Ubuntu2404-Readme.md
handle-success	Set up job	2025-02-25T16:19:31.4624728Z Image Release: https://github.com/actions/runner-images/releases/tag/ubuntu24%2F20250209.1
handle-success	Set up job	2025-02-25T16:19:31.4625664Z ##[endgroup]
handle-success	Set up job	2025-02-25T16:19:31.4626192Z ##[group]Runner Image Provisioner
handle-success	Set up job	2025-02-25T16:19:31.4626842Z 2.0.422.1
handle-success	Set up job	2025-02-25T16:19:31.4627349Z ##[endgroup]
handle-success	Set up job	2025-02-25T16:19:31.4628445Z ##[group]GITHUB_TOKEN Permissions
handle-success	Set up job	2025-02-25T16:19:31.4630423Z Contents: read
handle-success	Set up job	2025-02-25T16:19:31.4631003Z Metadata: read
handle-success	Set up job	2025-02-25T16:19:31.4631616Z Packages: read
handle-success	Set up job	2025-02-25T16:19:31.4632480Z ##[endgroup]
handle-success	Set up job	2025-02-25T16:19:31.4634551Z Secret source: Actions
handle-success	Set up job	2025-02-25T16:19:31.4635332Z Prepare workflow directory
handle-success	Set up job	2025-02-25T16:19:31.5120060Z Prepare all required actions
handle-success	Set up job	2025-02-25T16:19:31.5158552Z Getting action download info
handle-success	Set up job	2025-02-25T16:19:31.6387463Z Download action repository 'actions/checkout@v4' (SHA:11bd71901bbe5b1630ceea73d27597364c9af683)
handle-success	Set up job	2025-02-25T16:19:31.8061776Z Complete job name: handle-success
handle-success	Checkout code	2025-02-25T16:19:31.8716749Z ##[group]Run actions/checkout@v4
handle-success	Checkout code	2025-02-25T16:19:31.8717609Z with:
handle-success	Checkout code	2025-02-25T16:19:31.8718008Z   fetch-depth: 0
handle-success	Checkout code	2025-02-25T16:19:31.8718628Z   token: ***
handle-success	Checkout code	2025-02-25T16:19:31.8719041Z   repository: Ka0s-Klaus/ka0s
handle-success	Checkout code	2025-02-25T16:19:31.8719551Z   ssh-strict: true
handle-success	Checkout code	2025-02-25T16:19:31.8720258Z   ssh-user: git
handle-success	Checkout code	2025-02-25T16:19:31.8720734Z   persist-credentials: true
handle-success	Checkout code	2025-02-25T16:19:31.8721248Z   clean: true
handle-success	Checkout code	2025-02-25T16:19:31.8721724Z   sparse-checkout-cone-mode: true
handle-success	Checkout code	2025-02-25T16:19:31.8722276Z   fetch-tags: false
handle-success	Checkout code	2025-02-25T16:19:31.8722760Z   show-progress: true
handle-success	Checkout code	2025-02-25T16:19:31.8723272Z   lfs: false
handle-success	Checkout code	2025-02-25T16:19:31.8723713Z   submodules: false
handle-success	Checkout code	2025-02-25T16:19:31.8724188Z   set-safe-directory: true
handle-success	Checkout code	2025-02-25T16:19:31.8724938Z env:
handle-success	Checkout code	2025-02-25T16:19:31.8725377Z   KAOS_CODE: 13525893693
handle-success	Checkout code	2025-02-25T16:19:31.8725882Z   KAOS_EVENT_NAME: push
handle-success	Checkout code	2025-02-25T16:19:31.8726361Z   KAOS_ACTION: 
handle-success	Checkout code	2025-02-25T16:19:31.8726843Z   KAOS_REF: refs/heads/H34-modulo-iac-kaos
handle-success	Checkout code	2025-02-25T16:19:31.8727440Z   KAOS_MODULE: [Ka0S] kaos
handle-success	Checkout code	2025-02-25T16:19:31.8727992Z   KAOS_PATH_RESUME: core/results/
handle-success	Checkout code	2025-02-25T16:19:31.8728543Z   KAOS_JSON: core/results/event_data
handle-success	Checkout code	2025-02-25T16:19:31.8729096Z   KAOS_ACTOR: santakloud
handle-success	Checkout code	2025-02-25T16:19:31.8729579Z ##[endgroup]
handle-success	Checkout code	2025-02-25T16:19:32.1394357Z Syncing repository: Ka0s-Klaus/ka0s
handle-success	Checkout code	2025-02-25T16:19:32.1397157Z ##[group]Getting Git version info
handle-success	Checkout code	2025-02-25T16:19:32.1398319Z Working directory is '/home/runner/work/ka0s/ka0s'
handle-success	Checkout code	2025-02-25T16:19:32.1400285Z [command]/usr/bin/git version
handle-success	Checkout code	2025-02-25T16:19:32.1487023Z git version 2.48.1
handle-success	Checkout code	2025-02-25T16:19:32.1518369Z ##[endgroup]
handle-success	Checkout code	2025-02-25T16:19:32.1535471Z Temporarily overriding HOME='/home/runner/work/_temp/fcc9f240-fe5a-4df1-8efb-1765449f400a' before making global git config changes
handle-success	Checkout code	2025-02-25T16:19:32.1537894Z Adding repository directory to the temporary git global config as a safe directory
handle-success	Checkout code	2025-02-25T16:19:32.1550849Z [command]/usr/bin/git config --global --add safe.directory /home/runner/work/ka0s/ka0s
handle-success	Checkout code	2025-02-25T16:19:32.1593394Z Deleting the contents of '/home/runner/work/ka0s/ka0s'
handle-success	Checkout code	2025-02-25T16:19:32.1597776Z ##[group]Initializing the repository
handle-success	Checkout code	2025-02-25T16:19:32.1603457Z [command]/usr/bin/git init /home/runner/work/ka0s/ka0s
handle-success	Checkout code	2025-02-25T16:19:32.1694509Z hint: Using 'master' as the name for the initial branch. This default branch name
handle-success	Checkout code	2025-02-25T16:19:32.1695915Z hint: is subject to change. To configure the initial branch name to use in all
handle-success	Checkout code	2025-02-25T16:19:32.1697032Z hint: of your new repositories, which will suppress this warning, call:
handle-success	Checkout code	2025-02-25T16:19:32.1698049Z hint:
handle-success	Checkout code	2025-02-25T16:19:32.1698557Z hint: 	git config --global init.defaultBranch <name>
handle-success	Checkout code	2025-02-25T16:19:32.1699155Z hint:
handle-success	Checkout code	2025-02-25T16:19:32.1699838Z hint: Names commonly chosen instead of 'master' are 'main', 'trunk' and
handle-success	Checkout code	2025-02-25T16:19:32.1701028Z hint: 'development'. The just-created branch can be renamed via this command:
handle-success	Checkout code	2025-02-25T16:19:32.1701776Z hint:
handle-success	Checkout code	2025-02-25T16:19:32.1702316Z hint: 	git branch -m <name>
handle-success	Checkout code	2025-02-25T16:19:32.1703566Z Initialized empty Git repository in /home/runner/work/ka0s/ka0s/.git/
handle-success	Checkout code	2025-02-25T16:19:32.1716773Z [command]/usr/bin/git remote add origin https://github.com/Ka0s-Klaus/ka0s
handle-success	Checkout code	2025-02-25T16:19:32.1753869Z ##[endgroup]
handle-success	Checkout code	2025-02-25T16:19:32.1755149Z ##[group]Disabling automatic garbage collection
handle-success	Checkout code	2025-02-25T16:19:32.1758949Z [command]/usr/bin/git config --local gc.auto 0
handle-success	Checkout code	2025-02-25T16:19:32.1789275Z ##[endgroup]
handle-success	Checkout code	2025-02-25T16:19:32.1790765Z ##[group]Setting up auth
handle-success	Checkout code	2025-02-25T16:19:32.1797442Z [command]/usr/bin/git config --local --name-only --get-regexp core\.sshCommand
handle-success	Checkout code	2025-02-25T16:19:32.1828377Z [command]/usr/bin/git submodule foreach --recursive sh -c "git config --local --name-only --get-regexp 'core\.sshCommand' && git config --local --unset-all 'core.sshCommand' || :"
handle-success	Checkout code	2025-02-25T16:19:32.2188001Z [command]/usr/bin/git config --local --name-only --get-regexp http\.https\:\/\/github\.com\/\.extraheader
handle-success	Checkout code	2025-02-25T16:19:32.2218954Z [command]/usr/bin/git submodule foreach --recursive sh -c "git config --local --name-only --get-regexp 'http\.https\:\/\/github\.com\/\.extraheader' && git config --local --unset-all 'http.https://github.com/.extraheader' || :"
handle-success	Checkout code	2025-02-25T16:19:32.2452528Z [command]/usr/bin/git config --local http.https://github.com/.extraheader AUTHORIZATION: basic ***
handle-success	Checkout code	2025-02-25T16:19:32.2508358Z ##[endgroup]
handle-success	Checkout code	2025-02-25T16:19:32.2509186Z ##[group]Fetching the repository
handle-success	Checkout code	2025-02-25T16:19:32.2519065Z [command]/usr/bin/git -c protocol.version=2 fetch --prune --no-recurse-submodules origin +refs/heads/*:refs/remotes/origin/* +refs/tags/*:refs/tags/*
handle-success	Checkout code	2025-02-25T16:19:32.7661477Z From https://github.com/Ka0s-Klaus/ka0s
handle-success	Checkout code	2025-02-25T16:19:32.7664317Z  * [new branch]      F44-creación-módulo-versionado -> origin/F44-creación-módulo-versionado
handle-success	Checkout code	2025-02-25T16:19:32.7666712Z  * [new branch]      H34-modulo-iac-kaos -> origin/H34-modulo-iac-kaos
handle-success	Checkout code	2025-02-25T16:19:32.7669350Z  * [new branch]      H38-documentacion-basica-del-proyecto -> origin/H38-documentacion-basica-del-proyecto
handle-success	Checkout code	2025-02-25T16:19:32.7672616Z  * [new branch]      H44-creación-módulo-versionado -> origin/H44-creación-módulo-versionado
handle-success	Checkout code	2025-02-25T16:19:32.7674854Z  * [new branch]      main                -> origin/main
handle-success	Checkout code	2025-02-25T16:19:32.7676421Z  * [new tag]         0.0.0               -> 0.0.0
handle-success	Checkout code	2025-02-25T16:19:32.7678024Z  * [new tag]         0.0.1               -> 0.0.1
handle-success	Checkout code	2025-02-25T16:19:32.7679602Z  * [new tag]         0.0.2               -> 0.0.2
handle-success	Checkout code	2025-02-25T16:19:32.7681316Z  * [new tag]         0.0.3               -> 0.0.3
handle-success	Checkout code	2025-02-25T16:19:32.7682876Z  * [new tag]         0.0.4               -> 0.0.4
handle-success	Checkout code	2025-02-25T16:19:32.7684481Z  * [new tag]         0.0.5               -> 0.0.5
handle-success	Checkout code	2025-02-25T16:19:32.7686057Z  * [new tag]         0.0.6               -> 0.0.6
handle-success	Checkout code	2025-02-25T16:19:32.7687513Z  * [new tag]         0.0.7               -> 0.0.7
handle-success	Checkout code	2025-02-25T16:19:32.7688687Z  * [new tag]         0.0.8               -> 0.0.8
handle-success	Checkout code	2025-02-25T16:19:32.7690142Z  * [new tag]         0.0.9               -> 0.0.9
handle-success	Checkout code	2025-02-25T16:19:32.7732970Z [command]/usr/bin/git branch --list --remote origin/H34-modulo-iac-kaos
handle-success	Checkout code	2025-02-25T16:19:32.7756164Z   origin/H34-modulo-iac-kaos
handle-success	Checkout code	2025-02-25T16:19:32.7765758Z [command]/usr/bin/git rev-parse refs/remotes/origin/H34-modulo-iac-kaos
handle-success	Checkout code	2025-02-25T16:19:32.7785831Z 1548998f89afee981453b7bda8a594465b2c85be
handle-success	Checkout code	2025-02-25T16:19:32.7799280Z [command]/usr/bin/git -c protocol.version=2 fetch --no-tags --prune --no-recurse-submodules origin +8926df27b1fef5e8dae0b87b836efd2f0ed0528f:refs/remotes/origin/H34-modulo-iac-kaos
handle-success	Checkout code	2025-02-25T16:19:32.9346259Z From https://github.com/Ka0s-Klaus/ka0s
handle-success	Checkout code	2025-02-25T16:19:32.9350644Z  + 1548998...8926df2 8926df27b1fef5e8dae0b87b836efd2f0ed0528f -> origin/H34-modulo-iac-kaos  (forced update)
handle-success	Checkout code	2025-02-25T16:19:32.9396386Z ##[endgroup]
handle-success	Checkout code	2025-02-25T16:19:32.9398367Z ##[group]Determining the checkout info
handle-success	Checkout code	2025-02-25T16:19:32.9401289Z ##[endgroup]
handle-success	Checkout code	2025-02-25T16:19:32.9403096Z [command]/usr/bin/git sparse-checkout disable
handle-success	Checkout code	2025-02-25T16:19:32.9443073Z [command]/usr/bin/git config --local --unset-all extensions.worktreeConfig
handle-success	Checkout code	2025-02-25T16:19:32.9470647Z ##[group]Checking out the ref
handle-success	Checkout code	2025-02-25T16:19:32.9473842Z [command]/usr/bin/git checkout --progress --force -B H34-modulo-iac-kaos refs/remotes/origin/H34-modulo-iac-kaos
handle-success	Checkout code	2025-02-25T16:19:33.0448395Z Switched to a new branch 'H34-modulo-iac-kaos'
handle-success	Checkout code	2025-02-25T16:19:33.0451630Z branch 'H34-modulo-iac-kaos' set up to track 'origin/H34-modulo-iac-kaos'.
handle-success	Checkout code	2025-02-25T16:19:33.0465606Z ##[endgroup]
handle-success	Checkout code	2025-02-25T16:19:33.0504929Z [command]/usr/bin/git log -1 --format=%H
handle-success	Checkout code	2025-02-25T16:19:33.0528642Z 8926df27b1fef5e8dae0b87b836efd2f0ed0528f
handle-success	handle-success-execution	2025-02-25T16:19:33.0785258Z ##[group]Run # Si todo ha ido correcto añadimos el contenido del fichero 
handle-success	handle-success-execution	2025-02-25T16:19:33.0787422Z [36;1m# Si todo ha ido correcto añadimos el contenido del fichero [0m
handle-success	handle-success-execution	2025-02-25T16:19:33.0789397Z [36;1mRNNUMBER=$(echo "H34-modulo-iac-kaos" | grep -o '[0-9]*')[0m
handle-success	handle-success-execution	2025-02-25T16:19:33.0792989Z [36;1mgh issue comment $RNNUMBER --body "El proceso ha finalizado correctamente 13525893693. El resultado está en el fichero core/results/event_data13525893693.log"[0m
handle-success	handle-success-execution	2025-02-25T16:19:33.0978026Z shell: /usr/bin/bash -e {0}
handle-success	handle-success-execution	2025-02-25T16:19:33.0979232Z env:
handle-success	handle-success-execution	2025-02-25T16:19:33.0980396Z   KAOS_CODE: 13525893693
handle-success	handle-success-execution	2025-02-25T16:19:33.0981526Z   KAOS_EVENT_NAME: push
handle-success	handle-success-execution	2025-02-25T16:19:33.0982580Z   KAOS_ACTION: 
handle-success	handle-success-execution	2025-02-25T16:19:33.0983625Z   KAOS_REF: refs/heads/H34-modulo-iac-kaos
handle-success	handle-success-execution	2025-02-25T16:19:33.0984956Z   KAOS_MODULE: [Ka0S] kaos
handle-success	handle-success-execution	2025-02-25T16:19:33.0986119Z   KAOS_PATH_RESUME: core/results/
handle-success	handle-success-execution	2025-02-25T16:19:33.0987349Z   KAOS_JSON: core/results/event_data
handle-success	handle-success-execution	2025-02-25T16:19:33.0988549Z   KAOS_ACTOR: santakloud
handle-success	handle-success-execution	2025-02-25T16:19:33.0990194Z   GH_TOKEN: ***
handle-success	handle-success-execution	2025-02-25T16:19:33.0991093Z ##[endgroup]
handle-success	handle-success-execution	2025-02-25T16:19:33.8391399Z https://github.com/Ka0s-Klaus/ka0s/issues/34#issuecomment-2682552716
handle-success	Post Checkout code	2025-02-25T16:19:33.8655626Z Post job cleanup.
handle-success	Post Checkout code	2025-02-25T16:19:33.9614266Z [command]/usr/bin/git version
handle-success	Post Checkout code	2025-02-25T16:19:33.9651459Z git version 2.48.1
handle-success	Post Checkout code	2025-02-25T16:19:33.9696257Z Temporarily overriding HOME='/home/runner/work/_temp/697cb8f8-45a9-4091-8155-cf46bc668c6c' before making global git config changes
handle-success	Post Checkout code	2025-02-25T16:19:33.9699730Z Adding repository directory to the temporary git global config as a safe directory
handle-success	Post Checkout code	2025-02-25T16:19:33.9703306Z [command]/usr/bin/git config --global --add safe.directory /home/runner/work/ka0s/ka0s
handle-success	Post Checkout code	2025-02-25T16:19:33.9739395Z [command]/usr/bin/git config --local --name-only --get-regexp core\.sshCommand
handle-success	Post Checkout code	2025-02-25T16:19:33.9773455Z [command]/usr/bin/git submodule foreach --recursive sh -c "git config --local --name-only --get-regexp 'core\.sshCommand' && git config --local --unset-all 'core.sshCommand' || :"
handle-success	Post Checkout code	2025-02-25T16:19:34.0010850Z [command]/usr/bin/git config --local --name-only --get-regexp http\.https\:\/\/github\.com\/\.extraheader
handle-success	Post Checkout code	2025-02-25T16:19:34.0030325Z http.https://github.com/.extraheader
handle-success	Post Checkout code	2025-02-25T16:19:34.0043840Z [command]/usr/bin/git config --local --unset-all http.https://github.com/.extraheader
handle-success	Post Checkout code	2025-02-25T16:19:34.0080189Z [command]/usr/bin/git submodule foreach --recursive sh -c "git config --local --name-only --get-regexp 'http\.https\:\/\/github\.com\/\.extraheader' && git config --local --unset-all 'http.https://github.com/.extraheader' || :"
handle-success	Complete job	2025-02-25T16:19:34.0435716Z Cleaning up orphan processes
end-workflow	Set up job	2025-02-25T16:19:42.7525995Z Current runner version: '2.322.0'
end-workflow	Set up job	2025-02-25T16:19:42.7552892Z ##[group]Operating System
end-workflow	Set up job	2025-02-25T16:19:42.7553692Z Ubuntu
end-workflow	Set up job	2025-02-25T16:19:42.7554295Z 24.04.1
end-workflow	Set up job	2025-02-25T16:19:42.7554851Z LTS
end-workflow	Set up job	2025-02-25T16:19:42.7555356Z ##[endgroup]
end-workflow	Set up job	2025-02-25T16:19:42.7555975Z ##[group]Runner Image
end-workflow	Set up job	2025-02-25T16:19:42.7556584Z Image: ubuntu-24.04
end-workflow	Set up job	2025-02-25T16:19:42.7557124Z Version: 20250209.1.0
end-workflow	Set up job	2025-02-25T16:19:42.7558450Z Included Software: https://github.com/actions/runner-images/blob/ubuntu24/20250209.1/images/ubuntu/Ubuntu2404-Readme.md
end-workflow	Set up job	2025-02-25T16:19:42.7559906Z Image Release: https://github.com/actions/runner-images/releases/tag/ubuntu24%2F20250209.1
end-workflow	Set up job	2025-02-25T16:19:42.7560919Z ##[endgroup]
end-workflow	Set up job	2025-02-25T16:19:42.7561517Z ##[group]Runner Image Provisioner
end-workflow	Set up job	2025-02-25T16:19:42.7562151Z 2.0.422.1
end-workflow	Set up job	2025-02-25T16:19:42.7562729Z ##[endgroup]
end-workflow	Set up job	2025-02-25T16:19:42.7563892Z ##[group]GITHUB_TOKEN Permissions
end-workflow	Set up job	2025-02-25T16:19:42.7565773Z Contents: read
end-workflow	Set up job	2025-02-25T16:19:42.7566422Z Metadata: read
end-workflow	Set up job	2025-02-25T16:19:42.7567007Z Packages: read
end-workflow	Set up job	2025-02-25T16:19:42.7567924Z ##[endgroup]
end-workflow	Set up job	2025-02-25T16:19:42.7570280Z Secret source: Actions
end-workflow	Set up job	2025-02-25T16:19:42.7571080Z Prepare workflow directory
end-workflow	Set up job	2025-02-25T16:19:42.8062589Z Prepare all required actions
end-workflow	Set up job	2025-02-25T16:19:42.8098919Z Getting action download info
end-workflow	Set up job	2025-02-25T16:19:43.0034201Z Download action repository 'actions/checkout@v4' (SHA:11bd71901bbe5b1630ceea73d27597364c9af683)
end-workflow	Set up job	2025-02-25T16:19:43.1397419Z Complete job name: end-workflow
end-workflow	Checkout code	2025-02-25T16:19:43.2044716Z ##[group]Run actions/checkout@v4
end-workflow	Checkout code	2025-02-25T16:19:43.2045574Z with:
end-workflow	Checkout code	2025-02-25T16:19:43.2045980Z   fetch-depth: 0
end-workflow	Checkout code	2025-02-25T16:19:43.2046602Z   token: ***
end-workflow	Checkout code	2025-02-25T16:19:43.2047019Z   repository: Ka0s-Klaus/ka0s
end-workflow	Checkout code	2025-02-25T16:19:43.2047501Z   ssh-strict: true
end-workflow	Checkout code	2025-02-25T16:19:43.2047914Z   ssh-user: git
end-workflow	Checkout code	2025-02-25T16:19:43.2048582Z   persist-credentials: true
end-workflow	Checkout code	2025-02-25T16:19:43.2049098Z   clean: true
end-workflow	Checkout code	2025-02-25T16:19:43.2049526Z   sparse-checkout-cone-mode: true
end-workflow	Checkout code	2025-02-25T16:19:43.2050025Z   fetch-tags: false
end-workflow	Checkout code	2025-02-25T16:19:43.2050468Z   show-progress: true
end-workflow	Checkout code	2025-02-25T16:19:43.2050892Z   lfs: false
end-workflow	Checkout code	2025-02-25T16:19:43.2051287Z   submodules: false
end-workflow	Checkout code	2025-02-25T16:19:43.2051720Z   set-safe-directory: true
end-workflow	Checkout code	2025-02-25T16:19:43.2052425Z env:
end-workflow	Checkout code	2025-02-25T16:19:43.2052824Z   KAOS_CODE: 13525893693
end-workflow	Checkout code	2025-02-25T16:19:43.2053289Z   KAOS_EVENT_NAME: push
end-workflow	Checkout code	2025-02-25T16:19:43.2053735Z   KAOS_ACTION: 
end-workflow	Checkout code	2025-02-25T16:19:43.2054185Z   KAOS_REF: refs/heads/H34-modulo-iac-kaos
end-workflow	Checkout code	2025-02-25T16:19:43.2054724Z   KAOS_MODULE: [Ka0S] kaos
end-workflow	Checkout code	2025-02-25T16:19:43.2055240Z   KAOS_PATH_RESUME: core/results/
end-workflow	Checkout code	2025-02-25T16:19:43.2055747Z   KAOS_JSON: core/results/event_data
end-workflow	Checkout code	2025-02-25T16:19:43.2056252Z   KAOS_ACTOR: santakloud
end-workflow	Checkout code	2025-02-25T16:19:43.2056832Z   GH_TOKEN: ***
end-workflow	Checkout code	2025-02-25T16:19:43.2057237Z ##[endgroup]
end-workflow	Checkout code	2025-02-25T16:19:43.3787655Z Syncing repository: Ka0s-Klaus/ka0s
end-workflow	Checkout code	2025-02-25T16:19:43.3790631Z ##[group]Getting Git version info
end-workflow	Checkout code	2025-02-25T16:19:43.3791787Z Working directory is '/home/runner/work/ka0s/ka0s'
end-workflow	Checkout code	2025-02-25T16:19:43.3793379Z [command]/usr/bin/git version
end-workflow	Checkout code	2025-02-25T16:19:43.3869177Z git version 2.48.1
end-workflow	Checkout code	2025-02-25T16:19:43.3897334Z ##[endgroup]
end-workflow	Checkout code	2025-02-25T16:19:43.3921232Z Temporarily overriding HOME='/home/runner/work/_temp/9b326e82-147b-4b06-8ae3-b370c9b6500a' before making global git config changes
end-workflow	Checkout code	2025-02-25T16:19:43.3923697Z Adding repository directory to the temporary git global config as a safe directory
end-workflow	Checkout code	2025-02-25T16:19:43.3927575Z [command]/usr/bin/git config --global --add safe.directory /home/runner/work/ka0s/ka0s
end-workflow	Checkout code	2025-02-25T16:19:43.3966107Z Deleting the contents of '/home/runner/work/ka0s/ka0s'
end-workflow	Checkout code	2025-02-25T16:19:43.3970228Z ##[group]Initializing the repository
end-workflow	Checkout code	2025-02-25T16:19:43.3974149Z [command]/usr/bin/git init /home/runner/work/ka0s/ka0s
end-workflow	Checkout code	2025-02-25T16:19:43.4040994Z hint: Using 'master' as the name for the initial branch. This default branch name
end-workflow	Checkout code	2025-02-25T16:19:43.4042135Z hint: is subject to change. To configure the initial branch name to use in all
end-workflow	Checkout code	2025-02-25T16:19:43.4043170Z hint: of your new repositories, which will suppress this warning, call:
end-workflow	Checkout code	2025-02-25T16:19:43.4044289Z hint:
end-workflow	Checkout code	2025-02-25T16:19:43.4044883Z hint: 	git config --global init.defaultBranch <name>
end-workflow	Checkout code	2025-02-25T16:19:43.4045617Z hint:
end-workflow	Checkout code	2025-02-25T16:19:43.4046300Z hint: Names commonly chosen instead of 'master' are 'main', 'trunk' and
end-workflow	Checkout code	2025-02-25T16:19:43.4047429Z hint: 'development'. The just-created branch can be renamed via this command:
end-workflow	Checkout code	2025-02-25T16:19:43.4048963Z hint:
end-workflow	Checkout code	2025-02-25T16:19:43.4049774Z hint: 	git branch -m <name>
end-workflow	Checkout code	2025-02-25T16:19:43.4050659Z Initialized empty Git repository in /home/runner/work/ka0s/ka0s/.git/
end-workflow	Checkout code	2025-02-25T16:19:43.4060066Z [command]/usr/bin/git remote add origin https://github.com/Ka0s-Klaus/ka0s
end-workflow	Checkout code	2025-02-25T16:19:43.4095775Z ##[endgroup]
end-workflow	Checkout code	2025-02-25T16:19:43.4097063Z ##[group]Disabling automatic garbage collection
end-workflow	Checkout code	2025-02-25T16:19:43.4101083Z [command]/usr/bin/git config --local gc.auto 0
end-workflow	Checkout code	2025-02-25T16:19:43.4130395Z ##[endgroup]
end-workflow	Checkout code	2025-02-25T16:19:43.4131698Z ##[group]Setting up auth
end-workflow	Checkout code	2025-02-25T16:19:43.4138567Z [command]/usr/bin/git config --local --name-only --get-regexp core\.sshCommand
end-workflow	Checkout code	2025-02-25T16:19:43.4172334Z [command]/usr/bin/git submodule foreach --recursive sh -c "git config --local --name-only --get-regexp 'core\.sshCommand' && git config --local --unset-all 'core.sshCommand' || :"
end-workflow	Checkout code	2025-02-25T16:19:43.4522567Z [command]/usr/bin/git config --local --name-only --get-regexp http\.https\:\/\/github\.com\/\.extraheader
end-workflow	Checkout code	2025-02-25T16:19:43.4555447Z [command]/usr/bin/git submodule foreach --recursive sh -c "git config --local --name-only --get-regexp 'http\.https\:\/\/github\.com\/\.extraheader' && git config --local --unset-all 'http.https://github.com/.extraheader' || :"
end-workflow	Checkout code	2025-02-25T16:19:43.4791848Z [command]/usr/bin/git config --local http.https://github.com/.extraheader AUTHORIZATION: basic ***
end-workflow	Checkout code	2025-02-25T16:19:43.4839975Z ##[endgroup]
end-workflow	Checkout code	2025-02-25T16:19:43.4840872Z ##[group]Fetching the repository
end-workflow	Checkout code	2025-02-25T16:19:43.4848931Z [command]/usr/bin/git -c protocol.version=2 fetch --prune --no-recurse-submodules origin +refs/heads/*:refs/remotes/origin/* +refs/tags/*:refs/tags/*
end-workflow	Checkout code	2025-02-25T16:19:44.3042664Z From https://github.com/Ka0s-Klaus/ka0s
end-workflow	Checkout code	2025-02-25T16:19:44.3044988Z  * [new branch]      F44-creación-módulo-versionado -> origin/F44-creación-módulo-versionado
end-workflow	Checkout code	2025-02-25T16:19:44.3047248Z  * [new branch]      H34-modulo-iac-kaos -> origin/H34-modulo-iac-kaos
end-workflow	Checkout code	2025-02-25T16:19:44.3050321Z  * [new branch]      H38-documentacion-basica-del-proyecto -> origin/H38-documentacion-basica-del-proyecto
end-workflow	Checkout code	2025-02-25T16:19:44.3054100Z  * [new branch]      H44-creación-módulo-versionado -> origin/H44-creación-módulo-versionado
end-workflow	Checkout code	2025-02-25T16:19:44.3056237Z  * [new branch]      main                -> origin/main
end-workflow	Checkout code	2025-02-25T16:19:44.3057605Z  * [new tag]         0.0.0               -> 0.0.0
end-workflow	Checkout code	2025-02-25T16:19:44.3058853Z  * [new tag]         0.0.1               -> 0.0.1
end-workflow	Checkout code	2025-02-25T16:19:44.3060165Z  * [new tag]         0.0.2               -> 0.0.2
end-workflow	Checkout code	2025-02-25T16:19:44.3061362Z  * [new tag]         0.0.3               -> 0.0.3
end-workflow	Checkout code	2025-02-25T16:19:44.3062762Z  * [new tag]         0.0.4               -> 0.0.4
end-workflow	Checkout code	2025-02-25T16:19:44.3064080Z  * [new tag]         0.0.5               -> 0.0.5
end-workflow	Checkout code	2025-02-25T16:19:44.3065163Z  * [new tag]         0.0.6               -> 0.0.6
end-workflow	Checkout code	2025-02-25T16:19:44.3066078Z  * [new tag]         0.0.7               -> 0.0.7
end-workflow	Checkout code	2025-02-25T16:19:44.3067013Z  * [new tag]         0.0.8               -> 0.0.8
end-workflow	Checkout code	2025-02-25T16:19:44.3067918Z  * [new tag]         0.0.9               -> 0.0.9
end-workflow	Checkout code	2025-02-25T16:19:44.3104886Z [command]/usr/bin/git branch --list --remote origin/H34-modulo-iac-kaos
end-workflow	Checkout code	2025-02-25T16:19:44.3128962Z   origin/H34-modulo-iac-kaos
end-workflow	Checkout code	2025-02-25T16:19:44.3138473Z [command]/usr/bin/git rev-parse refs/remotes/origin/H34-modulo-iac-kaos
end-workflow	Checkout code	2025-02-25T16:19:44.3158292Z 1548998f89afee981453b7bda8a594465b2c85be
end-workflow	Checkout code	2025-02-25T16:19:44.3170716Z [command]/usr/bin/git -c protocol.version=2 fetch --no-tags --prune --no-recurse-submodules origin +8926df27b1fef5e8dae0b87b836efd2f0ed0528f:refs/remotes/origin/H34-modulo-iac-kaos
end-workflow	Checkout code	2025-02-25T16:19:44.6401610Z From https://github.com/Ka0s-Klaus/ka0s
end-workflow	Checkout code	2025-02-25T16:19:44.6404907Z  + 1548998...8926df2 8926df27b1fef5e8dae0b87b836efd2f0ed0528f -> origin/H34-modulo-iac-kaos  (forced update)
end-workflow	Checkout code	2025-02-25T16:19:44.6454723Z ##[endgroup]
end-workflow	Checkout code	2025-02-25T16:19:44.6456212Z ##[group]Determining the checkout info
end-workflow	Checkout code	2025-02-25T16:19:44.6457769Z ##[endgroup]
end-workflow	Checkout code	2025-02-25T16:19:44.6460433Z [command]/usr/bin/git sparse-checkout disable
end-workflow	Checkout code	2025-02-25T16:19:44.6498884Z [command]/usr/bin/git config --local --unset-all extensions.worktreeConfig
end-workflow	Checkout code	2025-02-25T16:19:44.6527315Z ##[group]Checking out the ref
end-workflow	Checkout code	2025-02-25T16:19:44.6532036Z [command]/usr/bin/git checkout --progress --force -B H34-modulo-iac-kaos refs/remotes/origin/H34-modulo-iac-kaos
end-workflow	Checkout code	2025-02-25T16:19:44.7496557Z Switched to a new branch 'H34-modulo-iac-kaos'
end-workflow	Checkout code	2025-02-25T16:19:44.7500885Z branch 'H34-modulo-iac-kaos' set up to track 'origin/H34-modulo-iac-kaos'.
end-workflow	Checkout code	2025-02-25T16:19:44.7517109Z ##[endgroup]
end-workflow	Checkout code	2025-02-25T16:19:44.7566535Z [command]/usr/bin/git log -1 --format=%H
end-workflow	Checkout code	2025-02-25T16:19:44.7592078Z 8926df27b1fef5e8dae0b87b836efd2f0ed0528f
end-workflow	Finaliza el workflow	2025-02-25T16:19:44.7845723Z ##[group]Run echo "End process"
end-workflow	Finaliza el workflow	2025-02-25T16:19:44.7847018Z [36;1mecho "End process"[0m
end-workflow	Finaliza el workflow	2025-02-25T16:19:44.7849453Z [36;1mgh workflow run inspector.yml --ref 'main' -f kaos-issue-id="" -f kaos-workflow-id="13525893693" -f kaos-user-start=""[0m
end-workflow	Finaliza el workflow	2025-02-25T16:19:44.7852161Z [36;1mRNNUMBER=$(echo "H34-modulo-iac-kaos" | grep -o '[0-9]*')[0m
end-workflow	Finaliza el workflow	2025-02-25T16:19:44.7854166Z [36;1mgh issue comment $RNNUMBER --body "Se finaliza Ka0s 13525893693"[0m
end-workflow	Finaliza el workflow	2025-02-25T16:19:44.8004147Z shell: /usr/bin/bash -e {0}
end-workflow	Finaliza el workflow	2025-02-25T16:19:44.8005290Z env:
end-workflow	Finaliza el workflow	2025-02-25T16:19:44.8006153Z   KAOS_CODE: 13525893693
end-workflow	Finaliza el workflow	2025-02-25T16:19:44.8007206Z   KAOS_EVENT_NAME: push
end-workflow	Finaliza el workflow	2025-02-25T16:19:44.8008393Z   KAOS_ACTION: 
end-workflow	Finaliza el workflow	2025-02-25T16:19:44.8009428Z   KAOS_REF: refs/heads/H34-modulo-iac-kaos
end-workflow	Finaliza el workflow	2025-02-25T16:19:44.8010701Z   KAOS_MODULE: [Ka0S] kaos
end-workflow	Finaliza el workflow	2025-02-25T16:19:44.8011799Z   KAOS_PATH_RESUME: core/results/
end-workflow	Finaliza el workflow	2025-02-25T16:19:44.8012995Z   KAOS_JSON: core/results/event_data
end-workflow	Finaliza el workflow	2025-02-25T16:19:44.8014230Z   KAOS_ACTOR: santakloud
end-workflow	Finaliza el workflow	2025-02-25T16:19:44.8015736Z   GH_TOKEN: ***
end-workflow	Finaliza el workflow	2025-02-25T16:19:44.8016676Z ##[endgroup]
end-workflow	Finaliza el workflow	2025-02-25T16:19:44.8119715Z End process
end-workflow	Finaliza el workflow	2025-02-25T16:19:46.2193816Z https://github.com/Ka0s-Klaus/ka0s/issues/34#issuecomment-2682553309
end-workflow	Post Checkout code	2025-02-25T16:19:46.2383093Z Post job cleanup.
end-workflow	Post Checkout code	2025-02-25T16:19:46.3314603Z [command]/usr/bin/git version
end-workflow	Post Checkout code	2025-02-25T16:19:46.3351542Z git version 2.48.1
end-workflow	Post Checkout code	2025-02-25T16:19:46.3396537Z Temporarily overriding HOME='/home/runner/work/_temp/dd3b79e5-4c33-4728-93cb-7524db3f1fa0' before making global git config changes
end-workflow	Post Checkout code	2025-02-25T16:19:46.3398312Z Adding repository directory to the temporary git global config as a safe directory
end-workflow	Post Checkout code	2025-02-25T16:19:46.3403535Z [command]/usr/bin/git config --global --add safe.directory /home/runner/work/ka0s/ka0s
end-workflow	Post Checkout code	2025-02-25T16:19:46.3441137Z [command]/usr/bin/git config --local --name-only --get-regexp core\.sshCommand
end-workflow	Post Checkout code	2025-02-25T16:19:46.3474661Z [command]/usr/bin/git submodule foreach --recursive sh -c "git config --local --name-only --get-regexp 'core\.sshCommand' && git config --local --unset-all 'core.sshCommand' || :"
end-workflow	Post Checkout code	2025-02-25T16:19:46.3714335Z [command]/usr/bin/git config --local --name-only --get-regexp http\.https\:\/\/github\.com\/\.extraheader
end-workflow	Post Checkout code	2025-02-25T16:19:46.3736034Z http.https://github.com/.extraheader
end-workflow	Post Checkout code	2025-02-25T16:19:46.3749382Z [command]/usr/bin/git config --local --unset-all http.https://github.com/.extraheader
end-workflow	Post Checkout code	2025-02-25T16:19:46.3779969Z [command]/usr/bin/git submodule foreach --recursive sh -c "git config --local --name-only --get-regexp 'http\.https\:\/\/github\.com\/\.extraheader' && git config --local --unset-all 'http.https://github.com/.extraheader' || :"
end-workflow	Complete job	2025-02-25T16:19:46.4119303Z Cleaning up orphan processes
