job-core	Set up job	Ôªø2025-03-26T12:19:50.3814730Z Current runner version: '2.323.0'
job-core	Set up job	2025-03-26T12:19:50.3824631Z Runner name: 'ka0s-runner-1'
job-core	Set up job	2025-03-26T12:19:50.3826232Z Machine name: '181b3e34799e'
job-core	Set up job	2025-03-26T12:19:50.3829923Z ##[group]GITHUB_TOKEN Permissions
job-core	Set up job	2025-03-26T12:19:50.3832869Z Actions: write
job-core	Set up job	2025-03-26T12:19:50.3833541Z Contents: write
job-core	Set up job	2025-03-26T12:19:50.3834933Z Issues: write
job-core	Set up job	2025-03-26T12:19:50.3835572Z Metadata: read
job-core	Set up job	2025-03-26T12:19:50.3836237Z PullRequests: write
job-core	Set up job	2025-03-26T12:19:50.3837020Z ##[endgroup]
job-core	Set up job	2025-03-26T12:19:50.3839695Z Secret source: Actions
job-core	Set up job	2025-03-26T12:19:50.3840585Z Prepare workflow directory
job-core	Set up job	2025-03-26T12:19:50.4830027Z Prepare all required actions
job-core	Set up job	2025-03-26T12:19:50.4888255Z Getting action download info
job-core	Set up job	2025-03-26T12:19:51.1485710Z Download action repository 'actions/checkout@v4' (SHA:11bd71901bbe5b1630ceea73d27597364c9af683)
job-core	Set up job	2025-03-26T12:19:52.9666231Z Download action repository 'actions/setup-node@v2' (SHA:7c12f8017d5436eb855f1ed4399f037a36fbd9e8)
job-core	Set up job	2025-03-26T12:19:59.6168736Z Complete job name: job-core
job-core	Checkout code	Ôªø2025-03-26T12:19:59.7073608Z ##[group]Run actions/checkout@v4
job-core	Checkout code	2025-03-26T12:19:59.7076021Z with:
job-core	Checkout code	2025-03-26T12:19:59.7076893Z   fetch-depth: 0
job-core	Checkout code	2025-03-26T12:19:59.7078450Z   token: ***
job-core	Checkout code	2025-03-26T12:19:59.7079386Z   repository: Ka0s-Klaus/ka0s
job-core	Checkout code	2025-03-26T12:19:59.7080488Z   ssh-strict: true
job-core	Checkout code	2025-03-26T12:19:59.7081394Z   ssh-user: git
job-core	Checkout code	2025-03-26T12:19:59.7082332Z   persist-credentials: true
job-core	Checkout code	2025-03-26T12:19:59.7083390Z   clean: true
job-core	Checkout code	2025-03-26T12:19:59.7084520Z   sparse-checkout-cone-mode: true
job-core	Checkout code	2025-03-26T12:19:59.7085706Z   fetch-tags: false
job-core	Checkout code	2025-03-26T12:19:59.7086657Z   show-progress: true
job-core	Checkout code	2025-03-26T12:19:59.7087615Z   lfs: false
job-core	Checkout code	2025-03-26T12:19:59.7088508Z   submodules: false
job-core	Checkout code	2025-03-26T12:19:59.7089472Z   set-safe-directory: true
job-core	Checkout code	2025-03-26T12:19:59.7091201Z env:
job-core	Checkout code	2025-03-26T12:19:59.7092082Z   KAOS_MODULE: [Ka0S] JSONLINT
job-core	Checkout code	2025-03-26T12:19:59.7093625Z   GH_TOKEN: ***
job-core	Checkout code	2025-03-26T12:19:59.7094832Z   KAOS_JSONLINT_CONFIG: core/config/.jsonlint.json
job-core	Checkout code	2025-03-26T12:19:59.7097000Z   KAOS_PATH_RESUME: core/outputs/j/
job-core	Checkout code	2025-03-26T12:19:59.7099349Z   KAOS_REPO: /actions-runner/_work/kaos/kaos
job-core	Checkout code	2025-03-26T12:19:59.7101541Z   KAOS_STEP_MODULE: 
job-core	Checkout code	2025-03-26T12:19:59.7103186Z   KAOS_CODE: 14083084341
job-core	Checkout code	2025-03-26T12:19:59.7104963Z   KAOS_REF_BRANCH: main
job-core	Checkout code	2025-03-26T12:19:59.7106610Z ##[endgroup]
job-core	Checkout code	2025-03-26T12:19:59.8777805Z Syncing repository: Ka0s-Klaus/ka0s
job-core	Checkout code	2025-03-26T12:19:59.8785944Z ##[group]Getting Git version info
job-core	Checkout code	2025-03-26T12:19:59.8787785Z Working directory is '/actions-runner/_work/ka0s/ka0s'
job-core	Checkout code	2025-03-26T12:19:59.8790268Z [command]/usr/bin/git version
job-core	Checkout code	2025-03-26T12:19:59.8799964Z git version 2.48.1
job-core	Checkout code	2025-03-26T12:19:59.8856421Z ##[endgroup]
job-core	Checkout code	2025-03-26T12:19:59.8874252Z Copying '/home/kaos/.gitconfig' to '/actions-runner/_work/_temp/3c689a25-4069-436d-a7e1-6f35c9c50d9c/.gitconfig'
job-core	Checkout code	2025-03-26T12:19:59.8895561Z Temporarily overriding HOME='/actions-runner/_work/_temp/3c689a25-4069-436d-a7e1-6f35c9c50d9c' before making global git config changes
job-core	Checkout code	2025-03-26T12:19:59.8899432Z Adding repository directory to the temporary git global config as a safe directory
job-core	Checkout code	2025-03-26T12:19:59.8905648Z [command]/usr/bin/git config --global --add safe.directory /actions-runner/_work/ka0s/ka0s
job-core	Checkout code	2025-03-26T12:19:59.8967550Z [command]/usr/bin/git config --local --get remote.origin.url
job-core	Checkout code	2025-03-26T12:19:59.9002556Z https://github.com/Ka0s-Klaus/ka0s
job-core	Checkout code	2025-03-26T12:19:59.9034295Z ##[group]Removing previously created refs, to avoid conflicts
job-core	Checkout code	2025-03-26T12:19:59.9041323Z [command]/usr/bin/git rev-parse --symbolic-full-name --verify --quiet HEAD
job-core	Checkout code	2025-03-26T12:19:59.9074394Z refs/heads/H44-creaci√≥n-m√≥dulo-versionado
job-core	Checkout code	2025-03-26T12:19:59.9090135Z [command]/usr/bin/git checkout --detach
job-core	Checkout code	2025-03-26T12:19:59.9317207Z HEAD is now at af6930f [Ka0S] Uploading resume execution files to the repository...
job-core	Checkout code	2025-03-26T12:19:59.9389779Z [command]/usr/bin/git branch --delete --force H44-creaci√≥n-m√≥dulo-versionado
job-core	Checkout code	2025-03-26T12:19:59.9435933Z Deleted branch H44-creaci√≥n-m√≥dulo-versionado (was af6930f).
job-core	Checkout code	2025-03-26T12:19:59.9507758Z ##[endgroup]
job-core	Checkout code	2025-03-26T12:19:59.9509743Z [command]/usr/bin/git submodule status
job-core	Checkout code	2025-03-26T12:19:59.9904250Z ##[group]Cleaning the repository
job-core	Checkout code	2025-03-26T12:19:59.9905710Z [command]/usr/bin/git clean -ffdx
job-core	Checkout code	2025-03-26T12:19:59.9951660Z Removing core/outputs/j/
job-core	Checkout code	2025-03-26T12:19:59.9964458Z [command]/usr/bin/git reset --hard HEAD
job-core	Checkout code	2025-03-26T12:20:00.0094310Z HEAD is now at af6930f [Ka0S] Uploading resume execution files to the repository...
job-core	Checkout code	2025-03-26T12:20:00.0107809Z ##[endgroup]
job-core	Checkout code	2025-03-26T12:20:00.0110822Z ##[group]Disabling automatic garbage collection
job-core	Checkout code	2025-03-26T12:20:00.0114486Z [command]/usr/bin/git config --local gc.auto 0
job-core	Checkout code	2025-03-26T12:20:00.0167494Z ##[endgroup]
job-core	Checkout code	2025-03-26T12:20:00.0170306Z ##[group]Setting up auth
job-core	Checkout code	2025-03-26T12:20:00.0176543Z [command]/usr/bin/git config --local --name-only --get-regexp core\.sshCommand
job-core	Checkout code	2025-03-26T12:20:00.0227128Z [command]/usr/bin/git submodule foreach --recursive sh -c "git config --local --name-only --get-regexp 'core\.sshCommand' && git config --local --unset-all 'core.sshCommand' || :"
job-core	Checkout code	2025-03-26T12:20:00.0617542Z [command]/usr/bin/git config --local --name-only --get-regexp http\.https\:\/\/github\.com\/\.extraheader
job-core	Checkout code	2025-03-26T12:20:00.0666701Z [command]/usr/bin/git submodule foreach --recursive sh -c "git config --local --name-only --get-regexp 'http\.https\:\/\/github\.com\/\.extraheader' && git config --local --unset-all 'http.https://github.com/.extraheader' || :"
job-core	Checkout code	2025-03-26T12:20:00.1046233Z [command]/usr/bin/git config --local http.https://github.com/.extraheader AUTHORIZATION: basic ***
job-core	Checkout code	2025-03-26T12:20:00.1105943Z ##[endgroup]
job-core	Checkout code	2025-03-26T12:20:00.1108105Z ##[group]Fetching the repository
job-core	Checkout code	2025-03-26T12:20:00.1120539Z [command]/usr/bin/git -c protocol.version=2 fetch --prune --no-recurse-submodules origin +refs/heads/*:refs/remotes/origin/* +refs/tags/*:refs/tags/*
job-core	Checkout code	2025-03-26T12:20:00.9013522Z [command]/usr/bin/git branch --list --remote origin/H44-creaci√≥n-m√≥dulo-versionado
job-core	Checkout code	2025-03-26T12:20:00.9058205Z   origin/H44-creaci√≥n-m√≥dulo-versionado
job-core	Checkout code	2025-03-26T12:20:00.9070833Z [command]/usr/bin/git rev-parse refs/remotes/origin/H44-creaci√≥n-m√≥dulo-versionado
job-core	Checkout code	2025-03-26T12:20:00.9106493Z af6930f0044017947112556448a04969df15b284
job-core	Checkout code	2025-03-26T12:20:00.9113668Z ##[endgroup]
job-core	Checkout code	2025-03-26T12:20:00.9114812Z ##[group]Determining the checkout info
job-core	Checkout code	2025-03-26T12:20:00.9115825Z ##[endgroup]
job-core	Checkout code	2025-03-26T12:20:00.9126228Z [command]/usr/bin/git sparse-checkout disable
job-core	Checkout code	2025-03-26T12:20:00.9209439Z [command]/usr/bin/git config --local --unset-all extensions.worktreeConfig
job-core	Checkout code	2025-03-26T12:20:00.9253741Z ##[group]Checking out the ref
job-core	Checkout code	2025-03-26T12:20:00.9263206Z [command]/usr/bin/git checkout --progress --force -B H44-creaci√≥n-m√≥dulo-versionado refs/remotes/origin/H44-creaci√≥n-m√≥dulo-versionado
job-core	Checkout code	2025-03-26T12:20:00.9374398Z Switched to a new branch 'H44-creaci√≥n-m√≥dulo-versionado'
job-core	Checkout code	2025-03-26T12:20:00.9381930Z branch 'H44-creaci√≥n-m√≥dulo-versionado' set up to track 'origin/H44-creaci√≥n-m√≥dulo-versionado'.
job-core	Checkout code	2025-03-26T12:20:00.9390269Z ##[endgroup]
job-core	Checkout code	2025-03-26T12:20:00.9449635Z [command]/usr/bin/git log -1 --format=%H
job-core	Checkout code	2025-03-26T12:20:00.9490475Z af6930f0044017947112556448a04969df15b284
job-core	Install Node.js	Ôªø2025-03-26T12:20:00.9780646Z ##[group]Run actions/setup-node@v2
job-core	Install Node.js	2025-03-26T12:20:00.9781042Z with:
job-core	Install Node.js	2025-03-26T12:20:00.9781273Z   node-version: 14
job-core	Install Node.js	2025-03-26T12:20:00.9781523Z   always-auth: false
job-core	Install Node.js	2025-03-26T12:20:00.9781776Z   check-latest: false
job-core	Install Node.js	2025-03-26T12:20:00.9782262Z   token: ***
job-core	Install Node.js	2025-03-26T12:20:00.9782489Z env:
job-core	Install Node.js	2025-03-26T12:20:00.9782708Z   KAOS_MODULE: [Ka0S] JSONLINT
job-core	Install Node.js	2025-03-26T12:20:00.9783105Z   GH_TOKEN: ***
job-core	Install Node.js	2025-03-26T12:20:00.9783402Z   KAOS_JSONLINT_CONFIG: core/config/.jsonlint.json
job-core	Install Node.js	2025-03-26T12:20:00.9784078Z   KAOS_PATH_RESUME: core/outputs/j/
job-core	Install Node.js	2025-03-26T12:20:00.9784579Z   KAOS_REPO: /actions-runner/_work/kaos/kaos
job-core	Install Node.js	2025-03-26T12:20:00.9784932Z   KAOS_STEP_MODULE: 
job-core	Install Node.js	2025-03-26T12:20:00.9785194Z   KAOS_CODE: 14083084341
job-core	Install Node.js	2025-03-26T12:20:00.9785588Z   KAOS_REF_BRANCH: main
job-core	Install Node.js	2025-03-26T12:20:00.9785840Z ##[endgroup]
job-core	Install Node.js	2025-03-26T12:20:01.2361806Z Found in cache @ /actions-runner/_work/_tool/node/14.21.3/x64
job-core	Install jsonlint	Ôªø2025-03-26T12:20:01.2595652Z ##[group]Run if ! command -v jsonlint &> /dev/null; then
job-core	Install jsonlint	2025-03-26T12:20:01.2597285Z [36;1mif ! command -v jsonlint &> /dev/null; then[0m
job-core	Install jsonlint	2025-03-26T12:20:01.2598048Z [36;1m  echo "Installing jsonlint..."[0m
job-core	Install jsonlint	2025-03-26T12:20:01.2598722Z [36;1m  npm install -g jsonlint[0m
job-core	Install jsonlint	2025-03-26T12:20:01.2599308Z [36;1melse[0m
job-core	Install jsonlint	2025-03-26T12:20:01.2599995Z [36;1m  echo "jsonlint already installed, skipping installation"[0m
job-core	Install jsonlint	2025-03-26T12:20:01.2600807Z [36;1mfi[0m
job-core	Install jsonlint	2025-03-26T12:20:01.2601461Z [36;1mmkdir -p core/outputs/j/[0m
job-core	Install jsonlint	2025-03-26T12:20:01.2628476Z shell: /usr/bin/bash -e {0}
job-core	Install jsonlint	2025-03-26T12:20:01.2629228Z env:
job-core	Install jsonlint	2025-03-26T12:20:01.2629669Z   KAOS_MODULE: [Ka0S] JSONLINT
job-core	Install jsonlint	2025-03-26T12:20:01.2630610Z   GH_TOKEN: ***
job-core	Install jsonlint	2025-03-26T12:20:01.2631180Z   KAOS_JSONLINT_CONFIG: core/config/.jsonlint.json
job-core	Install jsonlint	2025-03-26T12:20:01.2631903Z   KAOS_PATH_RESUME: core/outputs/j/
job-core	Install jsonlint	2025-03-26T12:20:01.2632586Z   KAOS_REPO: /actions-runner/_work/kaos/kaos
job-core	Install jsonlint	2025-03-26T12:20:01.2633239Z   KAOS_STEP_MODULE: 
job-core	Install jsonlint	2025-03-26T12:20:01.2634232Z   KAOS_CODE: 14083084341
job-core	Install jsonlint	2025-03-26T12:20:01.2634937Z   KAOS_REF_BRANCH: main
job-core	Install jsonlint	2025-03-26T12:20:01.2635435Z ##[endgroup]
job-core	Install jsonlint	2025-03-26T12:20:01.2747099Z jsonlint already installed, skipping installation
job-core	Check JSON	Ôªø2025-03-26T12:20:01.2836142Z ##[group]Run # Invocamos la primera comprobaci√≥n de base, sino se supera el proceso no continua
job-core	Check JSON	2025-03-26T12:20:01.2837840Z [36;1m# Invocamos la primera comprobaci√≥n de base, sino se supera el proceso no continua[0m
job-core	Check JSON	2025-03-26T12:20:01.2854331Z [36;1m# Extraemos el nombre del fichero[0m
job-core	Check JSON	2025-03-26T12:20:01.2855386Z [36;1mfile_name=$(basename "core/outputs/e/14082688906.json")[0m
job-core	Check JSON	2025-03-26T12:20:01.2856456Z [36;1m# Generamos el fichero de resultados vacio[0m
job-core	Check JSON	2025-03-26T12:20:01.2857400Z [36;1mtouch core/outputs/j/jsonlint-results-14083084341.txt[0m
job-core	Check JSON	2025-03-26T12:20:01.2858293Z [36;1m# Realizamos el check del documento json [0m
job-core	Check JSON	2025-03-26T12:20:01.2859484Z [36;1mjsonlint core/outputs/e/14082688906.json > core/outputs/j/jsonlint-results-14083084341.txt[0m
job-core	Check JSON	2025-03-26T12:20:01.2860793Z [36;1m# esto es un workarround importante que hay que retirar[0m
job-core	Check JSON	2025-03-26T12:20:01.2861790Z [36;1m#rm -rf core/outputs/j/jsonlint-results-14083084341.txt[0m
job-core	Check JSON	2025-03-26T12:20:01.2862556Z [36;1m# a retirar[0m
job-core	Check JSON	2025-03-26T12:20:01.2863157Z [36;1m# Check if exist errors in file[0m
job-core	Check JSON	2025-03-26T12:20:01.2864063Z [36;1mecho "Mostramos fichero"[0m
job-core	Check JSON	2025-03-26T12:20:01.2865318Z [36;1mcat core/outputs/j/jsonlint-results-14083084341.txt[0m
job-core	Check JSON	2025-03-26T12:20:01.2866352Z [36;1mif [ ! -s core/outputs/j/jsonlint-results-14083084341.txt ]; then[0m
job-core	Check JSON	2025-03-26T12:20:01.2867758Z [36;1m  echo "File core/outputs/j/jsonlint-results-14083084341.txt is empty and is content correct"[0m
job-core	Check JSON	2025-03-26T12:20:01.2870547Z [36;1m  KAOS_ISSUE_BODY="The [Ka0S] JSONLINT process (14083073763) launch the check (14083084341) over file (core/outputs/e/14082688906.json) and its result has been SUCCESS. Please review all files implicated in pull request and approve to merge"[0m
job-core	Check JSON	2025-03-26T12:20:01.2873136Z [36;1m  # A√±adimos la versi√≥n de jsonlint con la que se realiza la comprobacion[0m
job-core	Check JSON	2025-03-26T12:20:01.2874780Z [36;1m  jsonlint --version >> core/outputs/j/jsonlint-results-14083084341.txt[0m
job-core	Check JSON	2025-03-26T12:20:01.2876043Z [36;1m  # a√±adimos el nombre del fichero que vamos a comprobar[0m
job-core	Check JSON	2025-03-26T12:20:01.2877678Z [36;1m  echo "Finding: core/outputs/e/14082688906.json" >> core/outputs/j/jsonlint-results-14083084341.txt[0m
job-core	Check JSON	2025-03-26T12:20:01.2880148Z [36;1m  # gh workflow run issue.yaml --ref main -f kaos-issue-title="" -f kaos-issue-body="$KAOS_ISSUE_BODY" -f kaos-issue-actions=comment -f kaos-issue-tag="" -f kaos-issue-id=44[0m
job-core	Check JSON	2025-03-26T12:20:01.2882141Z [36;1m  gh issue comment  44 -F core/outputs/j/jsonlint-results-14083084341.txt[0m
job-core	Check JSON	2025-03-26T12:20:01.2883043Z [36;1melse[0m
job-core	Check JSON	2025-03-26T12:20:01.2883674Z [36;1m  cat core/outputs/j/jsonlint-results-14083084341.txt[0m
job-core	Check JSON	2025-03-26T12:20:01.2885726Z [36;1m  echo "File core/outputs/j/jsonlint-results-14083084341.txt is not empty and is content not correct and write commit info"[0m
job-core	Check JSON	2025-03-26T12:20:01.2888809Z [36;1m  KAOS_ISSUE_BODY="The [Ka0S] JSONLINT process (14083073763) launch the check (14083084341) over file (core/outputs/e/14082688906.json) and its result has been FAILED, please check and solved it"[0m
job-core	Check JSON	2025-03-26T12:20:01.2891011Z [36;1m  # A√±adimos la versi√≥n de jsonlint con la que se realiza la comprobacion[0m
job-core	Check JSON	2025-03-26T12:20:01.2892253Z [36;1m  # jsonlint --version || true >> core/outputs/j/jsonlint-results-14083084341.txt[0m
job-core	Check JSON	2025-03-26T12:20:01.2893405Z [36;1m  # a√±adimos el nombre del fichero que vamos a comprobar[0m
job-core	Check JSON	2025-03-26T12:20:01.2895103Z [36;1m  echo "Finding: core/outputs/e/14082688906.json" >> core/outputs/j/jsonlint-results-14083084341.txt[0m
job-core	Check JSON	2025-03-26T12:20:01.2897321Z [36;1m  # gh workflow run issue.yaml --ref main -f kaos-issue-title="" -f kaos-issue-body="$KAOS_ISSUE_BODY" -f kaos-issue-actions=comment -f kaos-issue-tag="" -f kaos-issue-id=44 [0m
job-core	Check JSON	2025-03-26T12:20:01.2899294Z [36;1m  gh issue comment  44 -F core/outputs/j/jsonlint-results-14083084341.txt[0m
job-core	Check JSON	2025-03-26T12:20:01.2900227Z [36;1mfi[0m
job-core	Check JSON	2025-03-26T12:20:01.2914719Z shell: /usr/bin/bash -e {0}
job-core	Check JSON	2025-03-26T12:20:01.2915298Z env:
job-core	Check JSON	2025-03-26T12:20:01.2915739Z   KAOS_MODULE: [Ka0S] JSONLINT
job-core	Check JSON	2025-03-26T12:20:01.2917099Z   GH_TOKEN: ***
job-core	Check JSON	2025-03-26T12:20:01.2917658Z   KAOS_JSONLINT_CONFIG: core/config/.jsonlint.json
job-core	Check JSON	2025-03-26T12:20:01.2918408Z   KAOS_PATH_RESUME: core/outputs/j/
job-core	Check JSON	2025-03-26T12:20:01.2919057Z   KAOS_REPO: /actions-runner/_work/kaos/kaos
job-core	Check JSON	2025-03-26T12:20:01.2919723Z   KAOS_STEP_MODULE: 
job-core	Check JSON	2025-03-26T12:20:01.2920250Z   KAOS_CODE: 14083084341
job-core	Check JSON	2025-03-26T12:20:01.2920753Z   KAOS_REF_BRANCH: main
job-core	Check JSON	2025-03-26T12:20:01.2921250Z ##[endgroup]
job-core	Check JSON	2025-03-26T12:20:01.4853172Z Mostramos fichero
job-core	Check JSON	2025-03-26T12:20:01.4877399Z {
job-core	Check JSON	2025-03-26T12:20:01.4880839Z   "conclusion": "success",
job-core	Check JSON	2025-03-26T12:20:01.4897949Z   "createdAt": "2025-03-26T11:58:39Z",
job-core	Check JSON	2025-03-26T12:20:01.4899762Z   "databaseId": 14082688906,
job-core	Check JSON	2025-03-26T12:20:01.4910101Z   "displayTitle": "Ka0s JSON Lint",
job-core	Check JSON	2025-03-26T12:20:01.4910991Z   "event": "workflow_dispatch",
job-core	Check JSON	2025-03-26T12:20:01.4911640Z   "headBranch": "H34-modulo-iac-kaos",
job-core	Check JSON	2025-03-26T12:20:01.4912457Z   "headSha": "83a01ab815e85b64a85dbcfb71ed801bcd1bb9be",
job-core	Check JSON	2025-03-26T12:20:01.4913162Z   "jobs": [
job-core	Check JSON	2025-03-26T12:20:01.4913560Z     {
job-core	Check JSON	2025-03-26T12:20:01.4923483Z       "completedAt": "2025-03-26T12:02:00Z",
job-core	Check JSON	2025-03-26T12:20:01.4924757Z       "conclusion": "success",
job-core	Check JSON	2025-03-26T12:20:01.4925433Z       "databaseId": 39439073508,
job-core	Check JSON	2025-03-26T12:20:01.4926036Z       "name": "job-core",
job-core	Check JSON	2025-03-26T12:20:01.4926675Z       "startedAt": "2025-03-26T12:01:36Z",
job-core	Check JSON	2025-03-26T12:20:01.4927290Z       "status": "completed",
job-core	Check JSON	2025-03-26T12:20:01.4927827Z       "steps": [
job-core	Check JSON	2025-03-26T12:20:01.4928274Z         {
job-core	Check JSON	2025-03-26T12:20:01.4928777Z           "conclusion": "success",
job-core	Check JSON	2025-03-26T12:20:01.4929438Z           "name": "Set up job",
job-core	Check JSON	2025-03-26T12:20:01.4930000Z           "number": 1,
job-core	Check JSON	2025-03-26T12:20:01.4930527Z           "status": "completed"
job-core	Check JSON	2025-03-26T12:20:01.4931060Z         },
job-core	Check JSON	2025-03-26T12:20:01.4931499Z         {
job-core	Check JSON	2025-03-26T12:20:01.4932033Z           "conclusion": "success",
job-core	Check JSON	2025-03-26T12:20:01.4932712Z           "name": "Checkout code",
job-core	Check JSON	2025-03-26T12:20:01.4933243Z           "number": 2,
job-core	Check JSON	2025-03-26T12:20:01.4934319Z           "status": "completed"
job-core	Check JSON	2025-03-26T12:20:01.4935081Z         },
job-core	Check JSON	2025-03-26T12:20:01.4935532Z         {
job-core	Check JSON	2025-03-26T12:20:01.4936154Z           "conclusion": "success",
job-core	Check JSON	2025-03-26T12:20:01.4936763Z           "name": "Install Node.js",
job-core	Check JSON	2025-03-26T12:20:01.4937450Z           "number": 3,
job-core	Check JSON	2025-03-26T12:20:01.4938254Z           "status": "completed"
job-core	Check JSON	2025-03-26T12:20:01.4938988Z         },
job-core	Check JSON	2025-03-26T12:20:01.4939597Z         {
job-core	Check JSON	2025-03-26T12:20:01.4940354Z           "conclusion": "success",
job-core	Check JSON	2025-03-26T12:20:01.4942568Z           "name": "Install jsonlint",
job-core	Check JSON	2025-03-26T12:20:01.4943691Z           "number": 4,
job-core	Check JSON	2025-03-26T12:20:01.4944590Z           "status": "completed"
job-core	Check JSON	2025-03-26T12:20:01.4945502Z         },
job-core	Check JSON	2025-03-26T12:20:01.4946030Z         {
job-core	Check JSON	2025-03-26T12:20:01.4947270Z           "conclusion": "success",
job-core	Check JSON	2025-03-26T12:20:01.4948138Z           "name": "Check JSON",
job-core	Check JSON	2025-03-26T12:20:01.4948870Z           "number": 5,
job-core	Check JSON	2025-03-26T12:20:01.4952775Z           "status": "completed"
job-core	Check JSON	2025-03-26T12:20:01.4953567Z         },
job-core	Check JSON	2025-03-26T12:20:01.4957273Z         {
job-core	Check JSON	2025-03-26T12:20:01.4958018Z           "conclusion": "success",
job-core	Check JSON	2025-03-26T12:20:01.4964088Z           "name": "Post Install Node.js",
job-core	Check JSON	2025-03-26T12:20:01.4965059Z           "number": 9,
job-core	Check JSON	2025-03-26T12:20:01.4965677Z           "status": "completed"
job-core	Check JSON	2025-03-26T12:20:01.4966249Z         },
job-core	Check JSON	2025-03-26T12:20:01.4966843Z         {
job-core	Check JSON	2025-03-26T12:20:01.4967467Z           "conclusion": "success",
job-core	Check JSON	2025-03-26T12:20:01.4968299Z           "name": "Post Checkout code",
job-core	Check JSON	2025-03-26T12:20:01.4969017Z           "number": 10,
job-core	Check JSON	2025-03-26T12:20:01.4969714Z           "status": "completed"
job-core	Check JSON	2025-03-26T12:20:01.4970334Z         },
job-core	Check JSON	2025-03-26T12:20:01.4970792Z         {
job-core	Check JSON	2025-03-26T12:20:01.4971421Z           "conclusion": "success",
job-core	Check JSON	2025-03-26T12:20:01.4972245Z           "name": "Complete job",
job-core	Check JSON	2025-03-26T12:20:01.4973044Z           "number": 11,
job-core	Check JSON	2025-03-26T12:20:01.4973709Z           "status": "completed"
job-core	Check JSON	2025-03-26T12:20:01.4976123Z         }
job-core	Check JSON	2025-03-26T12:20:01.4977258Z       ],
job-core	Check JSON	2025-03-26T12:20:01.4978458Z       "url": "https://github.com/Ka0s-Klaus/ka0s/actions/runs/14082688906/job/39439073508"
job-core	Check JSON	2025-03-26T12:20:01.4979678Z     },
job-core	Check JSON	2025-03-26T12:20:01.4980185Z     {
job-core	Check JSON	2025-03-26T12:20:01.4980776Z       "completedAt": "2025-03-26T12:05:20Z",
job-core	Check JSON	2025-03-26T12:20:01.4981529Z       "conclusion": "success",
job-core	Check JSON	2025-03-26T12:20:01.4982254Z       "databaseId": 39439272487,
job-core	Check JSON	2025-03-26T12:20:01.4983089Z       "name": "handle-success",
job-core	Check JSON	2025-03-26T12:20:01.4984189Z       "startedAt": "2025-03-26T12:05:08Z",
job-core	Check JSON	2025-03-26T12:20:01.4990490Z       "status": "completed",
job-core	Check JSON	2025-03-26T12:20:01.4991334Z       "steps": [
job-core	Check JSON	2025-03-26T12:20:01.4991904Z         {
job-core	Check JSON	2025-03-26T12:20:01.4992702Z           "conclusion": "success",
job-core	Check JSON	2025-03-26T12:20:01.4993506Z           "name": "Set up job",
job-core	Check JSON	2025-03-26T12:20:01.4994424Z           "number": 1,
job-core	Check JSON	2025-03-26T12:20:01.4995097Z           "status": "completed"
job-core	Check JSON	2025-03-26T12:20:01.4995722Z         },
job-core	Check JSON	2025-03-26T12:20:01.4996239Z         {
job-core	Check JSON	2025-03-26T12:20:01.4996831Z           "conclusion": "success",
job-core	Check JSON	2025-03-26T12:20:01.4997799Z           "name": "handle-success-execution",
job-core	Check JSON	2025-03-26T12:20:01.4998612Z           "number": 2,
job-core	Check JSON	2025-03-26T12:20:01.4999273Z           "status": "completed"
job-core	Check JSON	2025-03-26T12:20:01.4999875Z         },
job-core	Check JSON	2025-03-26T12:20:01.5000366Z         {
job-core	Check JSON	2025-03-26T12:20:01.5054290Z           "conclusion": "success",
job-core	Check JSON	2025-03-26T12:20:01.5055487Z           "name": "Complete job",
job-core	Check JSON	2025-03-26T12:20:01.5056159Z           "number": 3,
job-core	Check JSON	2025-03-26T12:20:01.5056781Z           "status": "completed"
job-core	Check JSON	2025-03-26T12:20:01.5057366Z         }
job-core	Check JSON	2025-03-26T12:20:01.5057821Z       ],
job-core	Check JSON	2025-03-26T12:20:01.5058891Z       "url": "https://github.com/Ka0s-Klaus/ka0s/actions/runs/14082688906/job/39439272487"
job-core	Check JSON	2025-03-26T12:20:01.5059909Z     },
job-core	Check JSON	2025-03-26T12:20:01.5060427Z     {
job-core	Check JSON	2025-03-26T12:20:01.5061066Z       "completedAt": "2025-03-26T12:10:29Z",
job-core	Check JSON	2025-03-26T12:20:01.5061875Z       "conclusion": "success",
job-core	Check JSON	2025-03-26T12:20:01.5062682Z       "databaseId": 39439483901,
job-core	Check JSON	2025-03-26T12:20:01.5063380Z       "name": "end-workflow",
job-core	Check JSON	2025-03-26T12:20:01.5064282Z       "startedAt": "2025-03-26T12:10:16Z",
job-core	Check JSON	2025-03-26T12:20:01.5064994Z       "status": "completed",
job-core	Check JSON	2025-03-26T12:20:01.5065628Z       "steps": [
job-core	Check JSON	2025-03-26T12:20:01.5066092Z         {
job-core	Check JSON	2025-03-26T12:20:01.5066702Z           "conclusion": "success",
job-core	Check JSON	2025-03-26T12:20:01.5067433Z           "name": "Set up job",
job-core	Check JSON	2025-03-26T12:20:01.5068027Z           "number": 1,
job-core	Check JSON	2025-03-26T12:20:01.5068677Z           "status": "completed"
job-core	Check JSON	2025-03-26T12:20:01.5069253Z         },
job-core	Check JSON	2025-03-26T12:20:01.5069713Z         {
job-core	Check JSON	2025-03-26T12:20:01.5070313Z           "conclusion": "success",
job-core	Check JSON	2025-03-26T12:20:01.5071126Z           "name": "Checkout code",
job-core	Check JSON	2025-03-26T12:20:01.5071760Z           "number": 2,
job-core	Check JSON	2025-03-26T12:20:01.5072410Z           "status": "completed"
job-core	Check JSON	2025-03-26T12:20:01.5073464Z         },
job-core	Check JSON	2025-03-26T12:20:01.5074090Z         {
job-core	Check JSON	2025-03-26T12:20:01.5074696Z           "conclusion": "success",
job-core	Check JSON	2025-03-26T12:20:01.5075445Z           "name": "Finaliza el workflow",
job-core	Check JSON	2025-03-26T12:20:01.5081521Z           "number": 3,
job-core	Check JSON	2025-03-26T12:20:01.5082247Z           "status": "completed"
job-core	Check JSON	2025-03-26T12:20:01.5082811Z         },
job-core	Check JSON	2025-03-26T12:20:01.5083253Z         {
job-core	Check JSON	2025-03-26T12:20:01.5084133Z           "conclusion": "success",
job-core	Check JSON	2025-03-26T12:20:01.5085278Z           "name": "Post Checkout code",
job-core	Check JSON	2025-03-26T12:20:01.5086203Z           "number": 6,
job-core	Check JSON	2025-03-26T12:20:01.5086931Z           "status": "completed"
job-core	Check JSON	2025-03-26T12:20:01.5087537Z         },
job-core	Check JSON	2025-03-26T12:20:01.5087991Z         {
job-core	Check JSON	2025-03-26T12:20:01.5088557Z           "conclusion": "success",
job-core	Check JSON	2025-03-26T12:20:01.5089312Z           "name": "Complete job",
job-core	Check JSON	2025-03-26T12:20:01.5089955Z           "number": 7,
job-core	Check JSON	2025-03-26T12:20:01.5090568Z           "status": "completed"
job-core	Check JSON	2025-03-26T12:20:01.5091201Z         }
job-core	Check JSON	2025-03-26T12:20:01.5091676Z       ],
job-core	Check JSON	2025-03-26T12:20:01.5092732Z       "url": "https://github.com/Ka0s-Klaus/ka0s/actions/runs/14082688906/job/39439483901"
job-core	Check JSON	2025-03-26T12:20:01.5094066Z     },
job-core	Check JSON	2025-03-26T12:20:01.5095117Z     {
job-core	Check JSON	2025-03-26T12:20:01.5095721Z       "completedAt": "2025-03-26T12:05:20Z",
job-core	Check JSON	2025-03-26T12:20:01.5096533Z       "conclusion": "skipped",
job-core	Check JSON	2025-03-26T12:20:01.5097280Z       "databaseId": 39439484087,
job-core	Check JSON	2025-03-26T12:20:01.5097980Z       "name": "handle_failure",
job-core	Check JSON	2025-03-26T12:20:01.5098761Z       "startedAt": "2025-03-26T12:05:20Z",
job-core	Check JSON	2025-03-26T12:20:01.5099477Z       "status": "completed",
job-core	Check JSON	2025-03-26T12:20:01.5100065Z       "steps": [],
job-core	Check JSON	2025-03-26T12:20:01.5101128Z       "url": "https://github.com/Ka0s-Klaus/ka0s/actions/runs/14082688906/job/39439484087"
job-core	Check JSON	2025-03-26T12:20:01.5102180Z     }
job-core	Check JSON	2025-03-26T12:20:01.5102592Z   ],
job-core	Check JSON	2025-03-26T12:20:01.5103069Z   "name": "Ka0s JSON Lint",
job-core	Check JSON	2025-03-26T12:20:01.5103628Z   "number": 53,
job-core	Check JSON	2025-03-26T12:20:01.5104356Z   "startedAt": "2025-03-26T11:58:39Z",
job-core	Check JSON	2025-03-26T12:20:01.5105066Z   "status": "completed",
job-core	Check JSON	2025-03-26T12:20:01.5106196Z   "updatedAt": "2025-03-26T12:10:29Z",
job-core	Check JSON	2025-03-26T12:20:01.5107324Z   "url": "https://github.com/Ka0s-Klaus/ka0s/actions/runs/14082688906",
job-core	Check JSON	2025-03-26T12:20:01.5108566Z   "workflowDatabaseId": 152110813,
job-core	Check JSON	2025-03-26T12:20:01.5109416Z   "workflowName": "Ka0s JSON Lint"
job-core	Check JSON	2025-03-26T12:20:01.5164228Z }
job-core	Check JSON	2025-03-26T12:20:01.5165054Z {
job-core	Check JSON	2025-03-26T12:20:01.5165550Z   "conclusion": "success",
job-core	Check JSON	2025-03-26T12:20:01.5166263Z   "createdAt": "2025-03-26T11:58:39Z",
job-core	Check JSON	2025-03-26T12:20:01.5166934Z   "databaseId": 14082688906,
job-core	Check JSON	2025-03-26T12:20:01.5167644Z   "displayTitle": "Ka0s JSON Lint",
job-core	Check JSON	2025-03-26T12:20:01.5168374Z   "event": "workflow_dispatch",
job-core	Check JSON	2025-03-26T12:20:01.5169105Z   "headBranch": "H34-modulo-iac-kaos",
job-core	Check JSON	2025-03-26T12:20:01.5170033Z   "headSha": "83a01ab815e85b64a85dbcfb71ed801bcd1bb9be",
job-core	Check JSON	2025-03-26T12:20:01.5170791Z   "jobs": [
job-core	Check JSON	2025-03-26T12:20:01.5171257Z     {
job-core	Check JSON	2025-03-26T12:20:01.5171854Z       "completedAt": "2025-03-26T12:02:00Z",
job-core	Check JSON	2025-03-26T12:20:01.5172647Z       "conclusion": "success",
job-core	Check JSON	2025-03-26T12:20:01.5173309Z       "databaseId": 39439073508,
job-core	Check JSON	2025-03-26T12:20:01.5174108Z       "name": "job-core",
job-core	Check JSON	2025-03-26T12:20:01.5174815Z       "startedAt": "2025-03-26T12:01:36Z",
job-core	Check JSON	2025-03-26T12:20:01.5175535Z       "status": "completed",
job-core	Check JSON	2025-03-26T12:20:01.5176199Z       "steps": [
job-core	Check JSON	2025-03-26T12:20:01.5176600Z         {
job-core	Check JSON	2025-03-26T12:20:01.5177310Z           "conclusion": "success",
job-core	Check JSON	2025-03-26T12:20:01.5178304Z           "name": "Set up job",
job-core	Check JSON	2025-03-26T12:20:01.5179138Z           "number": 1,
job-core	Check JSON	2025-03-26T12:20:01.5180003Z           "status": "completed"
job-core	Check JSON	2025-03-26T12:20:01.5180722Z         },
job-core	Check JSON	2025-03-26T12:20:01.5181161Z         {
job-core	Check JSON	2025-03-26T12:20:01.5181711Z           "conclusion": "success",
job-core	Check JSON	2025-03-26T12:20:01.5214215Z           "name": "Checkout code",
job-core	Check JSON	2025-03-26T12:20:01.5215298Z           "number": 2,
job-core	Check JSON	2025-03-26T12:20:01.5215973Z           "status": "completed"
job-core	Check JSON	2025-03-26T12:20:01.5216572Z         },
job-core	Check JSON	2025-03-26T12:20:01.5217024Z         {
job-core	Check JSON	2025-03-26T12:20:01.5218031Z           "conclusion": "success",
job-core	Check JSON	2025-03-26T12:20:01.5218795Z           "name": "Install Node.js",
job-core	Check JSON	2025-03-26T12:20:01.5219458Z           "number": 3,
job-core	Check JSON	2025-03-26T12:20:01.5220100Z           "status": "completed"
job-core	Check JSON	2025-03-26T12:20:01.5220700Z         },
job-core	Check JSON	2025-03-26T12:20:01.5221156Z         {
job-core	Check JSON	2025-03-26T12:20:01.5221735Z           "conclusion": "success",
job-core	Check JSON	2025-03-26T12:20:01.5222485Z           "name": "Install jsonlint",
job-core	Check JSON	2025-03-26T12:20:01.5223143Z           "number": 4,
job-core	Check JSON	2025-03-26T12:20:01.5260883Z           "status": "completed"
job-core	Check JSON	2025-03-26T12:20:01.5261816Z         },
job-core	Check JSON	2025-03-26T12:20:01.5262241Z         {
job-core	Check JSON	2025-03-26T12:20:01.5284419Z           "conclusion": "success",
job-core	Check JSON	2025-03-26T12:20:01.5285278Z           "name": "Check JSON",
job-core	Check JSON	2025-03-26T12:20:01.5285871Z           "number": 5,
job-core	Check JSON	2025-03-26T12:20:01.5286505Z           "status": "completed"
job-core	Check JSON	2025-03-26T12:20:01.5287130Z         },
job-core	Check JSON	2025-03-26T12:20:01.5287534Z         {
job-core	Check JSON	2025-03-26T12:20:01.5288083Z           "conclusion": "success",
job-core	Check JSON	2025-03-26T12:20:01.5288883Z           "name": "Post Install Node.js",
job-core	Check JSON	2025-03-26T12:20:01.5289543Z           "number": 9,
job-core	Check JSON	2025-03-26T12:20:01.5290162Z           "status": "completed"
job-core	Check JSON	2025-03-26T12:20:01.5291178Z         },
job-core	Check JSON	2025-03-26T12:20:01.5291630Z         {
job-core	Check JSON	2025-03-26T12:20:01.5292174Z           "conclusion": "success",
job-core	Check JSON	2025-03-26T12:20:01.5292929Z           "name": "Post Checkout code",
job-core	Check JSON	2025-03-26T12:20:01.5293581Z           "number": 10,
job-core	Check JSON	2025-03-26T12:20:01.5294336Z           "status": "completed"
job-core	Check JSON	2025-03-26T12:20:01.5294915Z         },
job-core	Check JSON	2025-03-26T12:20:01.5295355Z         {
job-core	Check JSON	2025-03-26T12:20:01.5349943Z           "conclusion": "success",
job-core	Check JSON	2025-03-26T12:20:01.5351184Z           "name": "Complete job",
job-core	Check JSON	2025-03-26T12:20:01.5351840Z           "number": 11,
job-core	Check JSON	2025-03-26T12:20:01.5352448Z           "status": "completed"
job-core	Check JSON	2025-03-26T12:20:01.5353009Z         }
job-core	Check JSON	2025-03-26T12:20:01.5353434Z       ],
job-core	Check JSON	2025-03-26T12:20:01.5354593Z       "url": "https://github.com/Ka0s-Klaus/ka0s/actions/runs/14082688906/job/39439073508"
job-core	Check JSON	2025-03-26T12:20:01.5355582Z     },
job-core	Check JSON	2025-03-26T12:20:01.5355979Z     {
job-core	Check JSON	2025-03-26T12:20:01.5356698Z       "completedAt": "2025-03-26T12:05:20Z",
job-core	Check JSON	2025-03-26T12:20:01.5357709Z       "conclusion": "success",
job-core	Check JSON	2025-03-26T12:20:01.5358650Z       "databaseId": 39439272487,
job-core	Check JSON	2025-03-26T12:20:01.5372615Z       "name": "handle-success",
job-core	Check JSON	2025-03-26T12:20:01.5373415Z       "startedAt": "2025-03-26T12:05:08Z",
job-core	Check JSON	2025-03-26T12:20:01.5374345Z       "status": "completed",
job-core	Check JSON	2025-03-26T12:20:01.5374959Z       "steps": [
job-core	Check JSON	2025-03-26T12:20:01.5375433Z         {
job-core	Check JSON	2025-03-26T12:20:01.5376004Z           "conclusion": "success",
job-core	Check JSON	2025-03-26T12:20:01.5376752Z           "name": "Set up job",
job-core	Check JSON	2025-03-26T12:20:01.5377338Z           "number": 1,
job-core	Check JSON	2025-03-26T12:20:01.5377996Z           "status": "completed"
job-core	Check JSON	2025-03-26T12:20:01.5378562Z         },
job-core	Check JSON	2025-03-26T12:20:01.5378975Z         {
job-core	Check JSON	2025-03-26T12:20:01.5379537Z           "conclusion": "success",
job-core	Check JSON	2025-03-26T12:20:01.5380178Z           "name": "handle-success-execution",
job-core	Check JSON	2025-03-26T12:20:01.5380936Z           "number": 2,
job-core	Check JSON	2025-03-26T12:20:01.5381576Z           "status": "completed"
job-core	Check JSON	2025-03-26T12:20:01.5382167Z         },
job-core	Check JSON	2025-03-26T12:20:01.5382653Z         {
job-core	Check JSON	2025-03-26T12:20:01.5383368Z           "conclusion": "success",
job-core	Check JSON	2025-03-26T12:20:01.5384329Z           "name": "Complete job",
job-core	Check JSON	2025-03-26T12:20:01.5405750Z           "number": 3,
job-core	Check JSON	2025-03-26T12:20:01.5406695Z           "status": "completed"
job-core	Check JSON	2025-03-26T12:20:01.5407298Z         }
job-core	Check JSON	2025-03-26T12:20:01.5407715Z       ],
job-core	Check JSON	2025-03-26T12:20:01.5408707Z       "url": "https://github.com/Ka0s-Klaus/ka0s/actions/runs/14082688906/job/39439272487"
job-core	Check JSON	2025-03-26T12:20:01.5409672Z     },
job-core	Check JSON	2025-03-26T12:20:01.5410077Z     {
job-core	Check JSON	2025-03-26T12:20:01.5410644Z       "completedAt": "2025-03-26T12:10:29Z",
job-core	Check JSON	2025-03-26T12:20:01.5411387Z       "conclusion": "success",
job-core	Check JSON	2025-03-26T12:20:01.5412054Z       "databaseId": 39439483901,
job-core	Check JSON	2025-03-26T12:20:01.5412660Z       "name": "end-workflow",
job-core	Check JSON	2025-03-26T12:20:01.5413352Z       "startedAt": "2025-03-26T12:10:16Z",
job-core	Check JSON	2025-03-26T12:20:01.5414604Z       "status": "completed",
job-core	Check JSON	2025-03-26T12:20:01.5415150Z       "steps": [
job-core	Check JSON	2025-03-26T12:20:01.5415598Z         {
job-core	Check JSON	2025-03-26T12:20:01.5416137Z           "conclusion": "success",
job-core	Check JSON	2025-03-26T12:20:01.5416832Z           "name": "Set up job",
job-core	Check JSON	2025-03-26T12:20:01.5417383Z           "number": 1,
job-core	Check JSON	2025-03-26T12:20:01.5417967Z           "status": "completed"
job-core	Check JSON	2025-03-26T12:20:01.5418503Z         },
job-core	Check JSON	2025-03-26T12:20:01.5418918Z         {
job-core	Check JSON	2025-03-26T12:20:01.5419454Z           "conclusion": "success",
job-core	Check JSON	2025-03-26T12:20:01.5420151Z           "name": "Checkout code",
job-core	Check JSON	2025-03-26T12:20:01.5420740Z           "number": 2,
job-core	Check JSON	2025-03-26T12:20:01.5421319Z           "status": "completed"
job-core	Check JSON	2025-03-26T12:20:01.5421876Z         },
job-core	Check JSON	2025-03-26T12:20:01.5422292Z         {
job-core	Check JSON	2025-03-26T12:20:01.5422818Z           "conclusion": "success",
job-core	Check JSON	2025-03-26T12:20:01.5423547Z           "name": "Finaliza el workflow",
job-core	Check JSON	2025-03-26T12:20:01.5424357Z           "number": 3,
job-core	Check JSON	2025-03-26T12:20:01.5424960Z           "status": "completed"
job-core	Check JSON	2025-03-26T12:20:01.5425529Z         },
job-core	Check JSON	2025-03-26T12:20:01.5425954Z         {
job-core	Check JSON	2025-03-26T12:20:01.5426488Z           "conclusion": "success",
job-core	Check JSON	2025-03-26T12:20:01.5427209Z           "name": "Post Checkout code",
job-core	Check JSON	2025-03-26T12:20:01.5428115Z           "number": 6,
job-core	Check JSON	2025-03-26T12:20:01.5428702Z           "status": "completed"
job-core	Check JSON	2025-03-26T12:20:01.5429235Z         },
job-core	Check JSON	2025-03-26T12:20:01.5429637Z         {
job-core	Check JSON	2025-03-26T12:20:01.5430168Z           "conclusion": "success",
job-core	Check JSON	2025-03-26T12:20:01.5448355Z           "name": "Complete job",
job-core	Check JSON	2025-03-26T12:20:01.5449271Z           "number": 7,
job-core	Check JSON	2025-03-26T12:20:01.5450018Z           "status": "completed"
job-core	Check JSON	2025-03-26T12:20:01.5450569Z         }
job-core	Check JSON	2025-03-26T12:20:01.5450987Z       ],
job-core	Check JSON	2025-03-26T12:20:01.5451970Z       "url": "https://github.com/Ka0s-Klaus/ka0s/actions/runs/14082688906/job/39439483901"
job-core	Check JSON	2025-03-26T12:20:01.5452923Z     },
job-core	Check JSON	2025-03-26T12:20:01.5453338Z     {
job-core	Check JSON	2025-03-26T12:20:01.5453977Z       "completedAt": "2025-03-26T12:05:20Z",
job-core	Check JSON	2025-03-26T12:20:01.5454730Z       "conclusion": "skipped",
job-core	Check JSON	2025-03-26T12:20:01.5455658Z       "databaseId": 39439484087,
job-core	Check JSON	2025-03-26T12:20:01.5456341Z       "name": "handle_failure",
job-core	Check JSON	2025-03-26T12:20:01.5457027Z       "startedAt": "2025-03-26T12:05:20Z",
job-core	Check JSON	2025-03-26T12:20:01.5457692Z       "status": "completed",
job-core	Check JSON	2025-03-26T12:20:01.5458282Z       "steps": [],
job-core	Check JSON	2025-03-26T12:20:01.5459324Z       "url": "https://github.com/Ka0s-Klaus/ka0s/actions/runs/14082688906/job/39439484087"
job-core	Check JSON	2025-03-26T12:20:01.5460294Z     }
job-core	Check JSON	2025-03-26T12:20:01.5460701Z   ],
job-core	Check JSON	2025-03-26T12:20:01.5461140Z   "name": "Ka0s JSON Lint",
job-core	Check JSON	2025-03-26T12:20:01.5461683Z   "number": 53,
job-core	Check JSON	2025-03-26T12:20:01.5462269Z   "startedAt": "2025-03-26T11:58:39Z",
job-core	Check JSON	2025-03-26T12:20:01.5462911Z   "status": "completed",
job-core	Check JSON	2025-03-26T12:20:01.5463563Z   "updatedAt": "2025-03-26T12:10:29Z",
job-core	Check JSON	2025-03-26T12:20:01.5464661Z   "url": "https://github.com/Ka0s-Klaus/ka0s/actions/runs/14082688906",
job-core	Check JSON	2025-03-26T12:20:01.5465654Z   "workflowDatabaseId": 152110813,
job-core	Check JSON	2025-03-26T12:20:01.5466352Z   "workflowName": "Ka0s JSON Lint"
job-core	Check JSON	2025-03-26T12:20:01.5467042Z }
job-core	Check JSON	2025-03-26T12:20:01.5468606Z File core/outputs/j/jsonlint-results-14083084341.txt is not empty and is content not correct and write commit info
job-core	Check JSON	2025-03-26T12:20:03.2448139Z https://github.com/Ka0s-Klaus/ka0s/issues/44#issuecomment-2754216704
job-core	Post Install Node.js	Ôªø2025-03-26T12:20:03.2579569Z Post job cleanup.
job-core	Post Checkout code	Ôªø2025-03-26T12:20:03.4283065Z Post job cleanup.
job-core	Post Checkout code	2025-03-26T12:20:03.5721969Z [command]/usr/bin/git version
job-core	Post Checkout code	2025-03-26T12:20:03.5794675Z git version 2.48.1
job-core	Post Checkout code	2025-03-26T12:20:03.5854304Z Copying '/home/kaos/.gitconfig' to '/actions-runner/_work/_temp/0e22889e-85ac-4de7-bb45-63d27bc940e2/.gitconfig'
job-core	Post Checkout code	2025-03-26T12:20:03.5874834Z Temporarily overriding HOME='/actions-runner/_work/_temp/0e22889e-85ac-4de7-bb45-63d27bc940e2' before making global git config changes
job-core	Post Checkout code	2025-03-26T12:20:03.5876999Z Adding repository directory to the temporary git global config as a safe directory
job-core	Post Checkout code	2025-03-26T12:20:03.5880922Z [command]/usr/bin/git config --global --add safe.directory /actions-runner/_work/ka0s/ka0s
job-core	Post Checkout code	2025-03-26T12:20:03.5940657Z [command]/usr/bin/git config --local --name-only --get-regexp core\.sshCommand
job-core	Post Checkout code	2025-03-26T12:20:03.6015360Z [command]/usr/bin/git submodule foreach --recursive sh -c "git config --local --name-only --get-regexp 'core\.sshCommand' && git config --local --unset-all 'core.sshCommand' || :"
job-core	Post Checkout code	2025-03-26T12:20:03.6467588Z [command]/usr/bin/git config --local --name-only --get-regexp http\.https\:\/\/github\.com\/\.extraheader
job-core	Post Checkout code	2025-03-26T12:20:03.6517555Z http.https://github.com/.extraheader
job-core	Post Checkout code	2025-03-26T12:20:03.6546897Z [command]/usr/bin/git config --local --unset-all http.https://github.com/.extraheader
job-core	Post Checkout code	2025-03-26T12:20:03.6614051Z [command]/usr/bin/git submodule foreach --recursive sh -c "git config --local --name-only --get-regexp 'http\.https\:\/\/github\.com\/\.extraheader' && git config --local --unset-all 'http.https://github.com/.extraheader' || :"
job-core	Complete job	Ôªø2025-03-26T12:20:03.7481064Z Cleaning up orphan processes
handle-success	Set up job	Ôªø2025-03-26T12:25:56.0882974Z Current runner version: '2.323.0'
handle-success	Set up job	2025-03-26T12:25:56.0898719Z Runner name: 'ka0s-2'
handle-success	Set up job	2025-03-26T12:25:56.0900874Z Machine name: '90a1232a7504'
handle-success	Set up job	2025-03-26T12:25:56.0908546Z ##[group]GITHUB_TOKEN Permissions
handle-success	Set up job	2025-03-26T12:25:56.0911834Z Actions: write
handle-success	Set up job	2025-03-26T12:25:56.0912699Z Contents: write
handle-success	Set up job	2025-03-26T12:25:56.0913563Z Issues: write
handle-success	Set up job	2025-03-26T12:25:56.0914511Z Metadata: read
handle-success	Set up job	2025-03-26T12:25:56.0915257Z PullRequests: write
handle-success	Set up job	2025-03-26T12:25:56.0916078Z ##[endgroup]
handle-success	Set up job	2025-03-26T12:25:56.0919486Z Secret source: Actions
handle-success	Set up job	2025-03-26T12:25:56.0920504Z Prepare workflow directory
handle-success	Set up job	2025-03-26T12:25:56.1996704Z Prepare all required actions
handle-success	Set up job	2025-03-26T12:25:56.2104868Z Complete job name: handle-success
handle-success	handle-success-execution	Ôªø2025-03-26T12:25:56.2842597Z ##[group]Run # Si todo ha ido correcto a√±adimos el contenido del fichero 
handle-success	handle-success-execution	2025-03-26T12:25:56.2844494Z [36;1m# Si todo ha ido correcto a√±adimos el contenido del fichero [0m
handle-success	handle-success-execution	2025-03-26T12:25:56.2845431Z [36;1mecho "Todo ha ido bien."[0m
handle-success	handle-success-execution	2025-03-26T12:25:56.2875106Z shell: /usr/bin/bash -e {0}
handle-success	handle-success-execution	2025-03-26T12:25:56.2876399Z env:
handle-success	handle-success-execution	2025-03-26T12:25:56.2876945Z   KAOS_MODULE: [Ka0S] JSONLINT
handle-success	handle-success-execution	2025-03-26T12:25:56.2877869Z   GH_TOKEN: ***
handle-success	handle-success-execution	2025-03-26T12:25:56.2878496Z   KAOS_JSONLINT_CONFIG: core/config/.jsonlint.json
handle-success	handle-success-execution	2025-03-26T12:25:56.2879274Z   KAOS_PATH_RESUME: core/outputs/j/
handle-success	handle-success-execution	2025-03-26T12:25:56.2879983Z   KAOS_REPO: /actions-runner/_work/kaos/kaos
handle-success	handle-success-execution	2025-03-26T12:25:56.2880705Z   KAOS_STEP_MODULE: 
handle-success	handle-success-execution	2025-03-26T12:25:56.2881257Z   KAOS_CODE: 14083084341
handle-success	handle-success-execution	2025-03-26T12:25:56.2881857Z   KAOS_REF_BRANCH: main
handle-success	handle-success-execution	2025-03-26T12:25:56.2882423Z ##[endgroup]
handle-success	handle-success-execution	2025-03-26T12:25:56.3207162Z Todo ha ido bien.
handle-success	Complete job	Ôªø2025-03-26T12:25:56.3349864Z Cleaning up orphan processes
end-workflow	Set up job	Ôªø2025-03-26T12:27:10.9642990Z Current runner version: '2.323.0'
end-workflow	Set up job	2025-03-26T12:27:10.9653579Z Runner name: 'kaos-3'
end-workflow	Set up job	2025-03-26T12:27:10.9655090Z Machine name: 'ddaf71c4382c'
end-workflow	Set up job	2025-03-26T12:27:10.9659216Z ##[group]GITHUB_TOKEN Permissions
end-workflow	Set up job	2025-03-26T12:27:10.9662507Z Actions: write
end-workflow	Set up job	2025-03-26T12:27:10.9663462Z Contents: write
end-workflow	Set up job	2025-03-26T12:27:10.9664390Z Issues: write
end-workflow	Set up job	2025-03-26T12:27:10.9665139Z Metadata: read
end-workflow	Set up job	2025-03-26T12:27:10.9665935Z PullRequests: write
end-workflow	Set up job	2025-03-26T12:27:10.9666641Z ##[endgroup]
end-workflow	Set up job	2025-03-26T12:27:10.9669531Z Secret source: Actions
end-workflow	Set up job	2025-03-26T12:27:10.9670578Z Prepare workflow directory
end-workflow	Set up job	2025-03-26T12:27:11.0546899Z Prepare all required actions
end-workflow	Set up job	2025-03-26T12:27:11.0598115Z Getting action download info
end-workflow	Set up job	2025-03-26T12:27:11.8752637Z Download action repository 'actions/checkout@v4' (SHA:11bd71901bbe5b1630ceea73d27597364c9af683)
end-workflow	Set up job	2025-03-26T12:27:13.7947173Z Complete job name: end-workflow
end-workflow	Checkout code	Ôªø2025-03-26T12:27:13.8778874Z ##[group]Run actions/checkout@v4
end-workflow	Checkout code	2025-03-26T12:27:13.8780668Z with:
end-workflow	Checkout code	2025-03-26T12:27:13.8781633Z   fetch-depth: 0
end-workflow	Checkout code	2025-03-26T12:27:13.8783272Z   token: ***
end-workflow	Checkout code	2025-03-26T12:27:13.8784699Z   repository: Ka0s-Klaus/ka0s
end-workflow	Checkout code	2025-03-26T12:27:13.8785928Z   ssh-strict: true
end-workflow	Checkout code	2025-03-26T12:27:13.8786905Z   ssh-user: git
end-workflow	Checkout code	2025-03-26T12:27:13.8787911Z   persist-credentials: true
end-workflow	Checkout code	2025-03-26T12:27:13.8789038Z   clean: true
end-workflow	Checkout code	2025-03-26T12:27:13.8790083Z   sparse-checkout-cone-mode: true
end-workflow	Checkout code	2025-03-26T12:27:13.8791333Z   fetch-tags: false
end-workflow	Checkout code	2025-03-26T12:27:13.8792338Z   show-progress: true
end-workflow	Checkout code	2025-03-26T12:27:13.8793354Z   lfs: false
end-workflow	Checkout code	2025-03-26T12:27:13.8794517Z   submodules: false
end-workflow	Checkout code	2025-03-26T12:27:13.8795615Z   set-safe-directory: true
end-workflow	Checkout code	2025-03-26T12:27:13.8797441Z env:
end-workflow	Checkout code	2025-03-26T12:27:13.8798367Z   KAOS_MODULE: [Ka0S] JSONLINT
end-workflow	Checkout code	2025-03-26T12:27:13.8800016Z   GH_TOKEN: ***
end-workflow	Checkout code	2025-03-26T12:27:13.8801150Z   KAOS_JSONLINT_CONFIG: core/config/.jsonlint.json
end-workflow	Checkout code	2025-03-26T12:27:13.8802677Z   KAOS_PATH_RESUME: core/outputs/j/
end-workflow	Checkout code	2025-03-26T12:27:13.8804300Z   KAOS_REPO: /actions-runner/_work/kaos/kaos
end-workflow	Checkout code	2025-03-26T12:27:13.8805700Z   KAOS_STEP_MODULE: 
end-workflow	Checkout code	2025-03-26T12:27:13.8806782Z   KAOS_CODE: 14083084341
end-workflow	Checkout code	2025-03-26T12:27:13.8807840Z   KAOS_REF_BRANCH: main
end-workflow	Checkout code	2025-03-26T12:27:13.8808862Z ##[endgroup]
end-workflow	Checkout code	2025-03-26T12:27:14.0542720Z Syncing repository: Ka0s-Klaus/ka0s
end-workflow	Checkout code	2025-03-26T12:27:14.0548729Z ##[group]Getting Git version info
end-workflow	Checkout code	2025-03-26T12:27:14.0552888Z Working directory is '/actions-runner/_work/ka0s/ka0s'
end-workflow	Checkout code	2025-03-26T12:27:14.0556626Z [command]/usr/bin/git version
end-workflow	Checkout code	2025-03-26T12:27:14.0557844Z git version 2.48.1
end-workflow	Checkout code	2025-03-26T12:27:14.0568045Z ##[endgroup]
end-workflow	Checkout code	2025-03-26T12:27:14.0588740Z Copying '/home/kaos/.gitconfig' to '/actions-runner/_work/_temp/4be1feef-3358-4c39-8026-b2de018d908d/.gitconfig'
end-workflow	Checkout code	2025-03-26T12:27:14.0611727Z Temporarily overriding HOME='/actions-runner/_work/_temp/4be1feef-3358-4c39-8026-b2de018d908d' before making global git config changes
end-workflow	Checkout code	2025-03-26T12:27:14.0618729Z Adding repository directory to the temporary git global config as a safe directory
end-workflow	Checkout code	2025-03-26T12:27:14.0627455Z [command]/usr/bin/git config --global --add safe.directory /actions-runner/_work/ka0s/ka0s
end-workflow	Checkout code	2025-03-26T12:27:14.0808518Z [command]/usr/bin/git config --local --get remote.origin.url
end-workflow	Checkout code	2025-03-26T12:27:14.0820814Z https://github.com/Ka0s-Klaus/ka0s
end-workflow	Checkout code	2025-03-26T12:27:14.0833451Z ##[group]Removing previously created refs, to avoid conflicts
end-workflow	Checkout code	2025-03-26T12:27:14.0839192Z [command]/usr/bin/git rev-parse --symbolic-full-name --verify --quiet HEAD
end-workflow	Checkout code	2025-03-26T12:27:14.0844662Z refs/heads/H44-creaci√≥n-m√≥dulo-versionado
end-workflow	Checkout code	2025-03-26T12:27:14.0852416Z [command]/usr/bin/git checkout --detach
end-workflow	Checkout code	2025-03-26T12:27:14.0943574Z HEAD is now at af6930f [Ka0S] Uploading resume execution files to the repository...
end-workflow	Checkout code	2025-03-26T12:27:14.1021808Z [command]/usr/bin/git branch --delete --force H44-creaci√≥n-m√≥dulo-versionado
end-workflow	Checkout code	2025-03-26T12:27:14.1078066Z Deleted branch H44-creaci√≥n-m√≥dulo-versionado (was af6930f).
end-workflow	Checkout code	2025-03-26T12:27:14.1162805Z ##[endgroup]
end-workflow	Checkout code	2025-03-26T12:27:14.1166064Z [command]/usr/bin/git submodule status
end-workflow	Checkout code	2025-03-26T12:27:14.1685621Z ##[group]Cleaning the repository
end-workflow	Checkout code	2025-03-26T12:27:14.1692641Z [command]/usr/bin/git clean -ffdx
end-workflow	Checkout code	2025-03-26T12:27:14.1801310Z [command]/usr/bin/git reset --hard HEAD
end-workflow	Checkout code	2025-03-26T12:27:14.2034196Z HEAD is now at af6930f [Ka0S] Uploading resume execution files to the repository...
end-workflow	Checkout code	2025-03-26T12:27:14.2054927Z ##[endgroup]
end-workflow	Checkout code	2025-03-26T12:27:14.2059046Z ##[group]Disabling automatic garbage collection
end-workflow	Checkout code	2025-03-26T12:27:14.2063253Z [command]/usr/bin/git config --local gc.auto 0
end-workflow	Checkout code	2025-03-26T12:27:14.2125775Z ##[endgroup]
end-workflow	Checkout code	2025-03-26T12:27:14.2128752Z ##[group]Setting up auth
end-workflow	Checkout code	2025-03-26T12:27:14.2136094Z [command]/usr/bin/git config --local --name-only --get-regexp core\.sshCommand
end-workflow	Checkout code	2025-03-26T12:27:14.2205146Z [command]/usr/bin/git submodule foreach --recursive sh -c "git config --local --name-only --get-regexp 'core\.sshCommand' && git config --local --unset-all 'core.sshCommand' || :"
end-workflow	Checkout code	2025-03-26T12:27:14.2621177Z [command]/usr/bin/git config --local --name-only --get-regexp http\.https\:\/\/github\.com\/\.extraheader
end-workflow	Checkout code	2025-03-26T12:27:14.2664547Z [command]/usr/bin/git submodule foreach --recursive sh -c "git config --local --name-only --get-regexp 'http\.https\:\/\/github\.com\/\.extraheader' && git config --local --unset-all 'http.https://github.com/.extraheader' || :"
end-workflow	Checkout code	2025-03-26T12:27:14.3055038Z [command]/usr/bin/git config --local http.https://github.com/.extraheader AUTHORIZATION: basic ***
end-workflow	Checkout code	2025-03-26T12:27:14.3111125Z ##[endgroup]
end-workflow	Checkout code	2025-03-26T12:27:14.3112862Z ##[group]Fetching the repository
end-workflow	Checkout code	2025-03-26T12:27:14.3124118Z [command]/usr/bin/git -c protocol.version=2 fetch --prune --no-recurse-submodules origin +refs/heads/*:refs/remotes/origin/* +refs/tags/*:refs/tags/*
end-workflow	Checkout code	2025-03-26T12:27:15.4906039Z From https://github.com/Ka0s-Klaus/ka0s
end-workflow	Checkout code	2025-03-26T12:27:15.4910914Z    ae0e4e4..a00530d  main       -> origin/main
end-workflow	Checkout code	2025-03-26T12:27:15.4961725Z [command]/usr/bin/git branch --list --remote origin/H44-creaci√≥n-m√≥dulo-versionado
end-workflow	Checkout code	2025-03-26T12:27:15.4998568Z   origin/H44-creaci√≥n-m√≥dulo-versionado
end-workflow	Checkout code	2025-03-26T12:27:15.5014289Z [command]/usr/bin/git rev-parse refs/remotes/origin/H44-creaci√≥n-m√≥dulo-versionado
end-workflow	Checkout code	2025-03-26T12:27:15.5049597Z af6930f0044017947112556448a04969df15b284
end-workflow	Checkout code	2025-03-26T12:27:15.5059844Z ##[endgroup]
end-workflow	Checkout code	2025-03-26T12:27:15.5061441Z ##[group]Determining the checkout info
end-workflow	Checkout code	2025-03-26T12:27:15.5063134Z ##[endgroup]
end-workflow	Checkout code	2025-03-26T12:27:15.5069646Z [command]/usr/bin/git sparse-checkout disable
end-workflow	Checkout code	2025-03-26T12:27:15.5144376Z [command]/usr/bin/git config --local --unset-all extensions.worktreeConfig
end-workflow	Checkout code	2025-03-26T12:27:15.5203589Z ##[group]Checking out the ref
end-workflow	Checkout code	2025-03-26T12:27:15.5211896Z [command]/usr/bin/git checkout --progress --force -B H44-creaci√≥n-m√≥dulo-versionado refs/remotes/origin/H44-creaci√≥n-m√≥dulo-versionado
end-workflow	Checkout code	2025-03-26T12:27:15.5340332Z Switched to a new branch 'H44-creaci√≥n-m√≥dulo-versionado'
end-workflow	Checkout code	2025-03-26T12:27:15.5347675Z branch 'H44-creaci√≥n-m√≥dulo-versionado' set up to track 'origin/H44-creaci√≥n-m√≥dulo-versionado'.
end-workflow	Checkout code	2025-03-26T12:27:15.5364462Z ##[endgroup]
end-workflow	Checkout code	2025-03-26T12:27:15.5423960Z [command]/usr/bin/git log -1 --format=%H
end-workflow	Checkout code	2025-03-26T12:27:15.5463491Z af6930f0044017947112556448a04969df15b284
end-workflow	Finaliza el workflow	Ôªø2025-03-26T12:27:15.5834943Z ##[group]Run echo "End process"
end-workflow	Finaliza el workflow	2025-03-26T12:27:15.5835589Z [36;1mecho "End process"[0m
end-workflow	Finaliza el workflow	2025-03-26T12:27:15.5836382Z [36;1mgh workflow run inspector.yml --ref main -f kaos-issue-id=44 -f kaos-workflow-id="14083084341" -f kaos-user-start="Yolabn"[0m
end-workflow	Finaliza el workflow	2025-03-26T12:27:15.5852113Z shell: /usr/bin/bash -e {0}
end-workflow	Finaliza el workflow	2025-03-26T12:27:15.5852558Z env:
end-workflow	Finaliza el workflow	2025-03-26T12:27:15.5852893Z   KAOS_MODULE: [Ka0S] JSONLINT
end-workflow	Finaliza el workflow	2025-03-26T12:27:15.5853655Z   GH_TOKEN: ***
end-workflow	Finaliza el workflow	2025-03-26T12:27:15.5854193Z   KAOS_JSONLINT_CONFIG: core/config/.jsonlint.json
end-workflow	Finaliza el workflow	2025-03-26T12:27:15.5854677Z   KAOS_PATH_RESUME: core/outputs/j/
end-workflow	Finaliza el workflow	2025-03-26T12:27:15.5855104Z   KAOS_REPO: /actions-runner/_work/kaos/kaos
end-workflow	Finaliza el workflow	2025-03-26T12:27:15.5855521Z   KAOS_STEP_MODULE: 
end-workflow	Finaliza el workflow	2025-03-26T12:27:15.5855870Z   KAOS_CODE: 14083084341
end-workflow	Finaliza el workflow	2025-03-26T12:27:15.5856245Z   KAOS_REF_BRANCH: main
end-workflow	Finaliza el workflow	2025-03-26T12:27:15.5856573Z ##[endgroup]
end-workflow	Finaliza el workflow	2025-03-26T12:27:15.5932640Z End process
end-workflow	Post Checkout code	Ôªø2025-03-26T12:27:16.5422173Z Post job cleanup.
end-workflow	Post Checkout code	2025-03-26T12:27:16.6958044Z [command]/usr/bin/git version
end-workflow	Post Checkout code	2025-03-26T12:27:16.7029689Z git version 2.48.1
end-workflow	Post Checkout code	2025-03-26T12:27:16.7109474Z Copying '/home/kaos/.gitconfig' to '/actions-runner/_work/_temp/75bec986-690e-4e0b-a4a1-b9d8256401e0/.gitconfig'
end-workflow	Post Checkout code	2025-03-26T12:27:16.7132974Z Temporarily overriding HOME='/actions-runner/_work/_temp/75bec986-690e-4e0b-a4a1-b9d8256401e0' before making global git config changes
end-workflow	Post Checkout code	2025-03-26T12:27:16.7136013Z Adding repository directory to the temporary git global config as a safe directory
end-workflow	Post Checkout code	2025-03-26T12:27:16.7145495Z [command]/usr/bin/git config --global --add safe.directory /actions-runner/_work/ka0s/ka0s
end-workflow	Post Checkout code	2025-03-26T12:27:16.7224147Z [command]/usr/bin/git config --local --name-only --get-regexp core\.sshCommand
end-workflow	Post Checkout code	2025-03-26T12:27:16.7298124Z [command]/usr/bin/git submodule foreach --recursive sh -c "git config --local --name-only --get-regexp 'core\.sshCommand' && git config --local --unset-all 'core.sshCommand' || :"
end-workflow	Post Checkout code	2025-03-26T12:27:16.7713674Z [command]/usr/bin/git config --local --name-only --get-regexp http\.https\:\/\/github\.com\/\.extraheader
end-workflow	Post Checkout code	2025-03-26T12:27:16.7758937Z http.https://github.com/.extraheader
end-workflow	Post Checkout code	2025-03-26T12:27:16.7779280Z [command]/usr/bin/git config --local --unset-all http.https://github.com/.extraheader
end-workflow	Post Checkout code	2025-03-26T12:27:16.7836223Z [command]/usr/bin/git submodule foreach --recursive sh -c "git config --local --name-only --get-regexp 'http\.https\:\/\/github\.com\/\.extraheader' && git config --local --unset-all 'http.https://github.com/.extraheader' || :"
end-workflow	Complete job	Ôªø2025-03-26T12:27:16.8350405Z Cleaning up orphan processes
