job-core	Set up job	﻿2025-03-26T12:19:25.6439686Z Current runner version: '2.323.0'
job-core	Set up job	2025-03-26T12:19:25.6449800Z Runner name: 'ka0s-runner-1'
job-core	Set up job	2025-03-26T12:19:25.6451093Z Machine name: '181b3e34799e'
job-core	Set up job	2025-03-26T12:19:25.6455358Z ##[group]GITHUB_TOKEN Permissions
job-core	Set up job	2025-03-26T12:19:25.6458356Z Actions: write
job-core	Set up job	2025-03-26T12:19:25.6459242Z Contents: write
job-core	Set up job	2025-03-26T12:19:25.6459893Z Issues: write
job-core	Set up job	2025-03-26T12:19:25.6460551Z Metadata: read
job-core	Set up job	2025-03-26T12:19:25.6461274Z PullRequests: write
job-core	Set up job	2025-03-26T12:19:25.6461961Z ##[endgroup]
job-core	Set up job	2025-03-26T12:19:25.6465566Z Secret source: Actions
job-core	Set up job	2025-03-26T12:19:25.6466548Z Prepare workflow directory
job-core	Set up job	2025-03-26T12:19:25.7425556Z Prepare all required actions
job-core	Set up job	2025-03-26T12:19:25.7482401Z Getting action download info
job-core	Set up job	2025-03-26T12:19:27.1624817Z Download action repository 'actions/checkout@v4' (SHA:11bd71901bbe5b1630ceea73d27597364c9af683)
job-core	Set up job	2025-03-26T12:19:29.4518555Z Download action repository 'actions/setup-node@v2' (SHA:7c12f8017d5436eb855f1ed4399f037a36fbd9e8)
job-core	Set up job	2025-03-26T12:19:34.2018208Z Complete job name: job-core
job-core	Checkout code	﻿2025-03-26T12:19:34.2703087Z ##[group]Run actions/checkout@v4
job-core	Checkout code	2025-03-26T12:19:34.2704541Z with:
job-core	Checkout code	2025-03-26T12:19:34.2704875Z   fetch-depth: 0
job-core	Checkout code	2025-03-26T12:19:34.2705616Z   token: ***
job-core	Checkout code	2025-03-26T12:19:34.2705932Z   repository: Ka0s-Klaus/ka0s
job-core	Checkout code	2025-03-26T12:19:34.2706285Z   ssh-strict: true
job-core	Checkout code	2025-03-26T12:19:34.2706571Z   ssh-user: git
job-core	Checkout code	2025-03-26T12:19:34.2706876Z   persist-credentials: true
job-core	Checkout code	2025-03-26T12:19:34.2707210Z   clean: true
job-core	Checkout code	2025-03-26T12:19:34.2707519Z   sparse-checkout-cone-mode: true
job-core	Checkout code	2025-03-26T12:19:34.2707918Z   fetch-tags: false
job-core	Checkout code	2025-03-26T12:19:34.2708237Z   show-progress: true
job-core	Checkout code	2025-03-26T12:19:34.2708564Z   lfs: false
job-core	Checkout code	2025-03-26T12:19:34.2708840Z   submodules: false
job-core	Checkout code	2025-03-26T12:19:34.2709153Z   set-safe-directory: true
job-core	Checkout code	2025-03-26T12:19:34.2709806Z env:
job-core	Checkout code	2025-03-26T12:19:34.2710115Z   KAOS_MODULE: [Ka0S] JSONLINT
job-core	Checkout code	2025-03-26T12:19:34.2710620Z   GH_TOKEN: ***
job-core	Checkout code	2025-03-26T12:19:34.2710982Z   KAOS_JSONLINT_CONFIG: core/config/.jsonlint.json
job-core	Checkout code	2025-03-26T12:19:34.2711425Z   KAOS_PATH_RESUME: core/outputs/j/
job-core	Checkout code	2025-03-26T12:19:34.2711928Z   KAOS_REPO: /actions-runner/_work/kaos/kaos
job-core	Checkout code	2025-03-26T12:19:34.2712332Z   KAOS_STEP_MODULE: 
job-core	Checkout code	2025-03-26T12:19:34.2712645Z   KAOS_CODE: 14083079302
job-core	Checkout code	2025-03-26T12:19:34.2712963Z   KAOS_REF_BRANCH: main
job-core	Checkout code	2025-03-26T12:19:34.2713272Z ##[endgroup]
job-core	Checkout code	2025-03-26T12:19:34.4445220Z Syncing repository: Ka0s-Klaus/ka0s
job-core	Checkout code	2025-03-26T12:19:34.4448366Z ##[group]Getting Git version info
job-core	Checkout code	2025-03-26T12:19:34.4449396Z Working directory is '/actions-runner/_work/ka0s/ka0s'
job-core	Checkout code	2025-03-26T12:19:34.4450865Z [command]/usr/bin/git version
job-core	Checkout code	2025-03-26T12:19:34.4451567Z git version 2.48.1
job-core	Checkout code	2025-03-26T12:19:34.4454016Z ##[endgroup]
job-core	Checkout code	2025-03-26T12:19:34.4463077Z Copying '/home/kaos/.gitconfig' to '/actions-runner/_work/_temp/c90b659c-ac0e-4c66-971e-5dfb0154450a/.gitconfig'
job-core	Checkout code	2025-03-26T12:19:34.4466524Z Temporarily overriding HOME='/actions-runner/_work/_temp/c90b659c-ac0e-4c66-971e-5dfb0154450a' before making global git config changes
job-core	Checkout code	2025-03-26T12:19:34.4468741Z Adding repository directory to the temporary git global config as a safe directory
job-core	Checkout code	2025-03-26T12:19:34.4483623Z [command]/usr/bin/git config --global --add safe.directory /actions-runner/_work/ka0s/ka0s
job-core	Checkout code	2025-03-26T12:19:34.4545249Z [command]/usr/bin/git config --local --get remote.origin.url
job-core	Checkout code	2025-03-26T12:19:34.4578987Z https://github.com/Ka0s-Klaus/ka0s
job-core	Checkout code	2025-03-26T12:19:34.4614252Z ##[group]Removing previously created refs, to avoid conflicts
job-core	Checkout code	2025-03-26T12:19:34.4615844Z [command]/usr/bin/git rev-parse --symbolic-full-name --verify --quiet HEAD
job-core	Checkout code	2025-03-26T12:19:34.4654289Z refs/heads/H34-modulo-iac-kaos
job-core	Checkout code	2025-03-26T12:19:34.4671663Z [command]/usr/bin/git checkout --detach
job-core	Checkout code	2025-03-26T12:19:34.4786815Z HEAD is now at 83a01ab [Ka0S] Uploading resume execution files to the repository...
job-core	Checkout code	2025-03-26T12:19:34.4857666Z [command]/usr/bin/git branch --delete --force H34-modulo-iac-kaos
job-core	Checkout code	2025-03-26T12:19:34.4897827Z Deleted branch H34-modulo-iac-kaos (was 83a01ab).
job-core	Checkout code	2025-03-26T12:19:34.4957104Z ##[endgroup]
job-core	Checkout code	2025-03-26T12:19:34.4966893Z [command]/usr/bin/git submodule status
job-core	Checkout code	2025-03-26T12:19:34.5346876Z ##[group]Cleaning the repository
job-core	Checkout code	2025-03-26T12:19:34.5355351Z [command]/usr/bin/git clean -ffdx
job-core	Checkout code	2025-03-26T12:19:34.5421754Z [command]/usr/bin/git reset --hard HEAD
job-core	Checkout code	2025-03-26T12:19:34.5530787Z HEAD is now at 83a01ab [Ka0S] Uploading resume execution files to the repository...
job-core	Checkout code	2025-03-26T12:19:34.5539614Z ##[endgroup]
job-core	Checkout code	2025-03-26T12:19:34.5540808Z ##[group]Disabling automatic garbage collection
job-core	Checkout code	2025-03-26T12:19:34.5549262Z [command]/usr/bin/git config --local gc.auto 0
job-core	Checkout code	2025-03-26T12:19:34.5590043Z ##[endgroup]
job-core	Checkout code	2025-03-26T12:19:34.5591206Z ##[group]Setting up auth
job-core	Checkout code	2025-03-26T12:19:34.5612498Z [command]/usr/bin/git config --local --name-only --get-regexp core\.sshCommand
job-core	Checkout code	2025-03-26T12:19:34.5661655Z [command]/usr/bin/git submodule foreach --recursive sh -c "git config --local --name-only --get-regexp 'core\.sshCommand' && git config --local --unset-all 'core.sshCommand' || :"
job-core	Checkout code	2025-03-26T12:19:34.6032690Z [command]/usr/bin/git config --local --name-only --get-regexp http\.https\:\/\/github\.com\/\.extraheader
job-core	Checkout code	2025-03-26T12:19:34.6082793Z [command]/usr/bin/git submodule foreach --recursive sh -c "git config --local --name-only --get-regexp 'http\.https\:\/\/github\.com\/\.extraheader' && git config --local --unset-all 'http.https://github.com/.extraheader' || :"
job-core	Checkout code	2025-03-26T12:19:34.6482587Z [command]/usr/bin/git config --local http.https://github.com/.extraheader AUTHORIZATION: basic ***
job-core	Checkout code	2025-03-26T12:19:34.6540196Z ##[endgroup]
job-core	Checkout code	2025-03-26T12:19:34.6540926Z ##[group]Fetching the repository
job-core	Checkout code	2025-03-26T12:19:34.6553949Z [command]/usr/bin/git -c protocol.version=2 fetch --prune --no-recurse-submodules origin +refs/heads/*:refs/remotes/origin/* +refs/tags/*:refs/tags/*
job-core	Checkout code	2025-03-26T12:19:36.1557749Z From https://github.com/Ka0s-Klaus/ka0s
job-core	Checkout code	2025-03-26T12:19:36.1560118Z    04ceb9b..af6930f  H44-creación-módulo-versionado -> origin/H44-creación-módulo-versionado
job-core	Checkout code	2025-03-26T12:19:36.1563016Z    666038f..24e2852  main       -> origin/main
job-core	Checkout code	2025-03-26T12:19:36.1623647Z [command]/usr/bin/git branch --list --remote origin/H44-creación-módulo-versionado
job-core	Checkout code	2025-03-26T12:19:36.1664774Z   origin/H44-creación-módulo-versionado
job-core	Checkout code	2025-03-26T12:19:36.1681028Z [command]/usr/bin/git rev-parse refs/remotes/origin/H44-creación-módulo-versionado
job-core	Checkout code	2025-03-26T12:19:36.1718275Z af6930f0044017947112556448a04969df15b284
job-core	Checkout code	2025-03-26T12:19:36.1727535Z ##[endgroup]
job-core	Checkout code	2025-03-26T12:19:36.1728610Z ##[group]Determining the checkout info
job-core	Checkout code	2025-03-26T12:19:36.1730326Z ##[endgroup]
job-core	Checkout code	2025-03-26T12:19:36.1740837Z [command]/usr/bin/git sparse-checkout disable
job-core	Checkout code	2025-03-26T12:19:36.1820608Z [command]/usr/bin/git config --local --unset-all extensions.worktreeConfig
job-core	Checkout code	2025-03-26T12:19:36.1868671Z ##[group]Checking out the ref
job-core	Checkout code	2025-03-26T12:19:36.1878722Z [command]/usr/bin/git checkout --progress --force -B H44-creación-módulo-versionado refs/remotes/origin/H44-creación-módulo-versionado
job-core	Checkout code	2025-03-26T12:19:36.2318860Z Previous HEAD position was 83a01ab [Ka0S] Uploading resume execution files to the repository...
job-core	Checkout code	2025-03-26T12:19:36.2335857Z Switched to a new branch 'H44-creación-módulo-versionado'
job-core	Checkout code	2025-03-26T12:19:36.2343123Z branch 'H44-creación-módulo-versionado' set up to track 'origin/H44-creación-módulo-versionado'.
job-core	Checkout code	2025-03-26T12:19:36.2353009Z ##[endgroup]
job-core	Checkout code	2025-03-26T12:19:36.2411996Z [command]/usr/bin/git log -1 --format=%H
job-core	Checkout code	2025-03-26T12:19:36.2452110Z af6930f0044017947112556448a04969df15b284
job-core	Install Node.js	﻿2025-03-26T12:19:36.2752831Z ##[group]Run actions/setup-node@v2
job-core	Install Node.js	2025-03-26T12:19:36.2753539Z with:
job-core	Install Node.js	2025-03-26T12:19:36.2754198Z   node-version: 14
job-core	Install Node.js	2025-03-26T12:19:36.2754817Z   always-auth: false
job-core	Install Node.js	2025-03-26T12:19:36.2755410Z   check-latest: false
job-core	Install Node.js	2025-03-26T12:19:36.2756247Z   token: ***
job-core	Install Node.js	2025-03-26T12:19:36.2756955Z env:
job-core	Install Node.js	2025-03-26T12:19:36.2757389Z   KAOS_MODULE: [Ka0S] JSONLINT
job-core	Install Node.js	2025-03-26T12:19:36.2758182Z   GH_TOKEN: ***
job-core	Install Node.js	2025-03-26T12:19:36.2758830Z   KAOS_JSONLINT_CONFIG: core/config/.jsonlint.json
job-core	Install Node.js	2025-03-26T12:19:36.2759616Z   KAOS_PATH_RESUME: core/outputs/j/
job-core	Install Node.js	2025-03-26T12:19:36.2760306Z   KAOS_REPO: /actions-runner/_work/kaos/kaos
job-core	Install Node.js	2025-03-26T12:19:36.2761123Z   KAOS_STEP_MODULE: 
job-core	Install Node.js	2025-03-26T12:19:36.2762087Z   KAOS_CODE: 14083079302
job-core	Install Node.js	2025-03-26T12:19:36.2762597Z   KAOS_REF_BRANCH: main
job-core	Install Node.js	2025-03-26T12:19:36.2763086Z ##[endgroup]
job-core	Install Node.js	2025-03-26T12:19:36.4701200Z Found in cache @ /actions-runner/_work/_tool/node/14.21.3/x64
job-core	Install jsonlint	﻿2025-03-26T12:19:36.4955175Z ##[group]Run if ! command -v jsonlint &> /dev/null; then
job-core	Install jsonlint	2025-03-26T12:19:36.4955875Z [36;1mif ! command -v jsonlint &> /dev/null; then[0m
job-core	Install jsonlint	2025-03-26T12:19:36.4956291Z [36;1m  echo "Installing jsonlint..."[0m
job-core	Install jsonlint	2025-03-26T12:19:36.4956644Z [36;1m  npm install -g jsonlint[0m
job-core	Install jsonlint	2025-03-26T12:19:36.4956956Z [36;1melse[0m
job-core	Install jsonlint	2025-03-26T12:19:36.4957314Z [36;1m  echo "jsonlint already installed, skipping installation"[0m
job-core	Install jsonlint	2025-03-26T12:19:36.4957739Z [36;1mfi[0m
job-core	Install jsonlint	2025-03-26T12:19:36.4957994Z [36;1mmkdir -p core/outputs/j/[0m
job-core	Install jsonlint	2025-03-26T12:19:36.4975937Z shell: /usr/bin/bash -e {0}
job-core	Install jsonlint	2025-03-26T12:19:36.4976387Z env:
job-core	Install jsonlint	2025-03-26T12:19:36.4976619Z   KAOS_MODULE: [Ka0S] JSONLINT
job-core	Install jsonlint	2025-03-26T12:19:36.4977169Z   GH_TOKEN: ***
job-core	Install jsonlint	2025-03-26T12:19:36.4977494Z   KAOS_JSONLINT_CONFIG: core/config/.jsonlint.json
job-core	Install jsonlint	2025-03-26T12:19:36.4977893Z   KAOS_PATH_RESUME: core/outputs/j/
job-core	Install jsonlint	2025-03-26T12:19:36.4978249Z   KAOS_REPO: /actions-runner/_work/kaos/kaos
job-core	Install jsonlint	2025-03-26T12:19:36.4978597Z   KAOS_STEP_MODULE: 
job-core	Install jsonlint	2025-03-26T12:19:36.4978899Z   KAOS_CODE: 14083079302
job-core	Install jsonlint	2025-03-26T12:19:36.4979174Z   KAOS_REF_BRANCH: main
job-core	Install jsonlint	2025-03-26T12:19:36.4979439Z ##[endgroup]
job-core	Install jsonlint	2025-03-26T12:19:36.5067036Z jsonlint already installed, skipping installation
job-core	Check JSON	﻿2025-03-26T12:19:36.5144567Z ##[group]Run # Invocamos la primera comprobación de base, sino se supera el proceso no continua
job-core	Check JSON	2025-03-26T12:19:36.5145741Z [36;1m# Invocamos la primera comprobación de base, sino se supera el proceso no continua[0m
job-core	Check JSON	2025-03-26T12:19:36.5146496Z [36;1m# Extraemos el nombre del fichero[0m
job-core	Check JSON	2025-03-26T12:19:36.5146944Z [36;1mfile_name=$(basename "core/outputs/e/14082685161.json")[0m
job-core	Check JSON	2025-03-26T12:19:36.5147428Z [36;1m# Generamos el fichero de resultados vacio[0m
job-core	Check JSON	2025-03-26T12:19:36.5147914Z [36;1mtouch core/outputs/j/jsonlint-results-14083079302.txt[0m
job-core	Check JSON	2025-03-26T12:19:36.5148420Z [36;1m# Realizamos el check del documento json [0m
job-core	Check JSON	2025-03-26T12:19:36.5149067Z [36;1mjsonlint core/outputs/e/14082685161.json > core/outputs/j/jsonlint-results-14083079302.txt[0m
job-core	Check JSON	2025-03-26T12:19:36.5149769Z [36;1m# esto es un workarround importante que hay que retirar[0m
job-core	Check JSON	2025-03-26T12:19:36.5150284Z [36;1m#rm -rf core/outputs/j/jsonlint-results-14083079302.txt[0m
job-core	Check JSON	2025-03-26T12:19:36.5150700Z [36;1m# a retirar[0m
job-core	Check JSON	2025-03-26T12:19:36.5151041Z [36;1m# Check if exist errors in file[0m
job-core	Check JSON	2025-03-26T12:19:36.5151400Z [36;1mecho "Mostramos fichero"[0m
job-core	Check JSON	2025-03-26T12:19:36.5151813Z [36;1mcat core/outputs/j/jsonlint-results-14083079302.txt[0m
job-core	Check JSON	2025-03-26T12:19:36.5152373Z [36;1mif [ ! -s core/outputs/j/jsonlint-results-14083079302.txt ]; then[0m
job-core	Check JSON	2025-03-26T12:19:36.5153115Z [36;1m  echo "File core/outputs/j/jsonlint-results-14083079302.txt is empty and is content correct"[0m
job-core	Check JSON	2025-03-26T12:19:36.5155049Z [36;1m  KAOS_ISSUE_BODY="The [Ka0S] JSONLINT process (14083073763) launch the check (14083079302) over file (core/outputs/e/14082685161.json) and its result has been SUCCESS. Please review all files implicated in pull request and approve to merge"[0m
job-core	Check JSON	2025-03-26T12:19:36.5156940Z [36;1m  # Añadimos la versión de jsonlint con la que se realiza la comprobacion[0m
job-core	Check JSON	2025-03-26T12:19:36.5158360Z [36;1m  jsonlint --version >> core/outputs/j/jsonlint-results-14083079302.txt[0m
job-core	Check JSON	2025-03-26T12:19:36.5159311Z [36;1m  # añadimos el nombre del fichero que vamos a comprobar[0m
job-core	Check JSON	2025-03-26T12:19:36.5160055Z [36;1m  echo "Finding: core/outputs/e/14082685161.json" >> core/outputs/j/jsonlint-results-14083079302.txt[0m
job-core	Check JSON	2025-03-26T12:19:36.5161402Z [36;1m  # gh workflow run issue.yaml --ref main -f kaos-issue-title="" -f kaos-issue-body="$KAOS_ISSUE_BODY" -f kaos-issue-actions=comment -f kaos-issue-tag="" -f kaos-issue-id=44[0m
job-core	Check JSON	2025-03-26T12:19:36.5162472Z [36;1m  gh issue comment  44 -F core/outputs/j/jsonlint-results-14083079302.txt[0m
job-core	Check JSON	2025-03-26T12:19:36.5163469Z [36;1melse[0m
job-core	Check JSON	2025-03-26T12:19:36.5163929Z [36;1m  cat core/outputs/j/jsonlint-results-14083079302.txt[0m
job-core	Check JSON	2025-03-26T12:19:36.5164932Z [36;1m  echo "File core/outputs/j/jsonlint-results-14083079302.txt is not empty and is content not correct and write commit info"[0m
job-core	Check JSON	2025-03-26T12:19:36.5166348Z [36;1m  KAOS_ISSUE_BODY="The [Ka0S] JSONLINT process (14083073763) launch the check (14083079302) over file (core/outputs/e/14082685161.json) and its result has been FAILED, please check and solved it"[0m
job-core	Check JSON	2025-03-26T12:19:36.5167529Z [36;1m  # Añadimos la versión de jsonlint con la que se realiza la comprobacion[0m
job-core	Check JSON	2025-03-26T12:19:36.5168204Z [36;1m  # jsonlint --version || true >> core/outputs/j/jsonlint-results-14083079302.txt[0m
job-core	Check JSON	2025-03-26T12:19:36.5168817Z [36;1m  # añadimos el nombre del fichero que vamos a comprobar[0m
job-core	Check JSON	2025-03-26T12:19:36.5169529Z [36;1m  echo "Finding: core/outputs/e/14082685161.json" >> core/outputs/j/jsonlint-results-14083079302.txt[0m
job-core	Check JSON	2025-03-26T12:19:36.5170734Z [36;1m  # gh workflow run issue.yaml --ref main -f kaos-issue-title="" -f kaos-issue-body="$KAOS_ISSUE_BODY" -f kaos-issue-actions=comment -f kaos-issue-tag="" -f kaos-issue-id=44 [0m
job-core	Check JSON	2025-03-26T12:19:36.5171800Z [36;1m  gh issue comment  44 -F core/outputs/j/jsonlint-results-14083079302.txt[0m
job-core	Check JSON	2025-03-26T12:19:36.5172278Z [36;1mfi[0m
job-core	Check JSON	2025-03-26T12:19:36.5182846Z shell: /usr/bin/bash -e {0}
job-core	Check JSON	2025-03-26T12:19:36.5183167Z env:
job-core	Check JSON	2025-03-26T12:19:36.5183404Z   KAOS_MODULE: [Ka0S] JSONLINT
job-core	Check JSON	2025-03-26T12:19:36.5184752Z   GH_TOKEN: ***
job-core	Check JSON	2025-03-26T12:19:36.5185058Z   KAOS_JSONLINT_CONFIG: core/config/.jsonlint.json
job-core	Check JSON	2025-03-26T12:19:36.5185456Z   KAOS_PATH_RESUME: core/outputs/j/
job-core	Check JSON	2025-03-26T12:19:36.5185810Z   KAOS_REPO: /actions-runner/_work/kaos/kaos
job-core	Check JSON	2025-03-26T12:19:36.5186160Z   KAOS_STEP_MODULE: 
job-core	Check JSON	2025-03-26T12:19:36.5186422Z   KAOS_CODE: 14083079302
job-core	Check JSON	2025-03-26T12:19:36.5186688Z   KAOS_REF_BRANCH: main
job-core	Check JSON	2025-03-26T12:19:36.5186977Z ##[endgroup]
job-core	Check JSON	2025-03-26T12:19:36.6839956Z Mostramos fichero
job-core	Check JSON	2025-03-26T12:19:36.6855204Z {
job-core	Check JSON	2025-03-26T12:19:36.6856158Z   "conclusion": "success",
job-core	Check JSON	2025-03-26T12:19:36.6856726Z   "createdAt": "2025-03-26T11:58:24Z",
job-core	Check JSON	2025-03-26T12:19:36.6857098Z   "databaseId": 14082685161,
job-core	Check JSON	2025-03-26T12:19:36.6857468Z   "displayTitle": "Ka0s JSON Lint",
job-core	Check JSON	2025-03-26T12:19:36.6857864Z   "event": "workflow_dispatch",
job-core	Check JSON	2025-03-26T12:19:36.6858269Z   "headBranch": "H34-modulo-iac-kaos",
job-core	Check JSON	2025-03-26T12:19:36.6858774Z   "headSha": "83a01ab815e85b64a85dbcfb71ed801bcd1bb9be",
job-core	Check JSON	2025-03-26T12:19:36.6859237Z   "jobs": [
job-core	Check JSON	2025-03-26T12:19:36.6859508Z     {
job-core	Check JSON	2025-03-26T12:19:36.6860082Z       "completedAt": "2025-03-26T11:59:07Z",
job-core	Check JSON	2025-03-26T12:19:36.6861225Z       "conclusion": "success",
job-core	Check JSON	2025-03-26T12:19:36.6862590Z       "databaseId": 39439060453,
job-core	Check JSON	2025-03-26T12:19:36.6864045Z       "name": "job-core",
job-core	Check JSON	2025-03-26T12:19:36.6865261Z       "startedAt": "2025-03-26T11:58:36Z",
job-core	Check JSON	2025-03-26T12:19:36.6866164Z       "status": "completed",
job-core	Check JSON	2025-03-26T12:19:36.6867100Z       "steps": [
job-core	Check JSON	2025-03-26T12:19:36.6867816Z         {
job-core	Check JSON	2025-03-26T12:19:36.6868424Z           "conclusion": "success",
job-core	Check JSON	2025-03-26T12:19:36.6869285Z           "name": "Set up job",
job-core	Check JSON	2025-03-26T12:19:36.6870134Z           "number": 1,
job-core	Check JSON	2025-03-26T12:19:36.6871378Z           "status": "completed"
job-core	Check JSON	2025-03-26T12:19:36.6872227Z         },
job-core	Check JSON	2025-03-26T12:19:36.6872908Z         {
job-core	Check JSON	2025-03-26T12:19:36.6873709Z           "conclusion": "success",
job-core	Check JSON	2025-03-26T12:19:36.6875098Z           "name": "Checkout code",
job-core	Check JSON	2025-03-26T12:19:36.6876065Z           "number": 2,
job-core	Check JSON	2025-03-26T12:19:36.6876974Z           "status": "completed"
job-core	Check JSON	2025-03-26T12:19:36.6878096Z         },
job-core	Check JSON	2025-03-26T12:19:36.6878995Z         {
job-core	Check JSON	2025-03-26T12:19:36.6879631Z           "conclusion": "success",
job-core	Check JSON	2025-03-26T12:19:36.6880340Z           "name": "Install Node.js",
job-core	Check JSON	2025-03-26T12:19:36.6881164Z           "number": 3,
job-core	Check JSON	2025-03-26T12:19:36.6882165Z           "status": "completed"
job-core	Check JSON	2025-03-26T12:19:36.6883291Z         },
job-core	Check JSON	2025-03-26T12:19:36.6884311Z         {
job-core	Check JSON	2025-03-26T12:19:36.6884824Z           "conclusion": "success",
job-core	Check JSON	2025-03-26T12:19:36.6885560Z           "name": "Install jsonlint",
job-core	Check JSON	2025-03-26T12:19:36.6886285Z           "number": 4,
job-core	Check JSON	2025-03-26T12:19:36.6886605Z           "status": "completed"
job-core	Check JSON	2025-03-26T12:19:36.6886913Z         },
job-core	Check JSON	2025-03-26T12:19:36.6887139Z         {
job-core	Check JSON	2025-03-26T12:19:36.6887408Z           "conclusion": "success",
job-core	Check JSON	2025-03-26T12:19:36.6887778Z           "name": "Check JSON",
job-core	Check JSON	2025-03-26T12:19:36.6888093Z           "number": 5,
job-core	Check JSON	2025-03-26T12:19:36.6888404Z           "status": "completed"
job-core	Check JSON	2025-03-26T12:19:36.6888732Z         },
job-core	Check JSON	2025-03-26T12:19:36.6888969Z         {
job-core	Check JSON	2025-03-26T12:19:36.6889256Z           "conclusion": "success",
job-core	Check JSON	2025-03-26T12:19:36.6889644Z           "name": "Post Install Node.js",
job-core	Check JSON	2025-03-26T12:19:36.6890010Z           "number": 9,
job-core	Check JSON	2025-03-26T12:19:36.6890330Z           "status": "completed"
job-core	Check JSON	2025-03-26T12:19:36.6890633Z         },
job-core	Check JSON	2025-03-26T12:19:36.6890864Z         {
job-core	Check JSON	2025-03-26T12:19:36.6891152Z           "conclusion": "success",
job-core	Check JSON	2025-03-26T12:19:36.6900725Z           "name": "Post Checkout code",
job-core	Check JSON	2025-03-26T12:19:36.6901167Z           "number": 10,
job-core	Check JSON	2025-03-26T12:19:36.6901493Z           "status": "completed"
job-core	Check JSON	2025-03-26T12:19:36.6901813Z         },
job-core	Check JSON	2025-03-26T12:19:36.6902050Z         {
job-core	Check JSON	2025-03-26T12:19:36.6902340Z           "conclusion": "success",
job-core	Check JSON	2025-03-26T12:19:36.6902722Z           "name": "Complete job",
job-core	Check JSON	2025-03-26T12:19:36.6903071Z           "number": 11,
job-core	Check JSON	2025-03-26T12:19:36.6903405Z           "status": "completed"
job-core	Check JSON	2025-03-26T12:19:36.6903709Z         }
job-core	Check JSON	2025-03-26T12:19:36.6904606Z       ],
job-core	Check JSON	2025-03-26T12:19:36.6905145Z       "url": "https://github.com/Ka0s-Klaus/ka0s/actions/runs/14082685161/job/39439060453"
job-core	Check JSON	2025-03-26T12:19:36.6905719Z     },
job-core	Check JSON	2025-03-26T12:19:36.6905987Z     {
job-core	Check JSON	2025-03-26T12:19:36.6906292Z       "completedAt": "2025-03-26T12:02:37Z",
job-core	Check JSON	2025-03-26T12:19:36.6906705Z       "conclusion": "success",
job-core	Check JSON	2025-03-26T12:19:36.6907061Z       "databaseId": 39439098297,
job-core	Check JSON	2025-03-26T12:19:36.6907427Z       "name": "handle-success",
job-core	Check JSON	2025-03-26T12:19:36.6907792Z       "startedAt": "2025-03-26T12:02:25Z",
job-core	Check JSON	2025-03-26T12:19:36.6908176Z       "status": "completed",
job-core	Check JSON	2025-03-26T12:19:36.6908558Z       "steps": [
job-core	Check JSON	2025-03-26T12:19:36.6908823Z         {
job-core	Check JSON	2025-03-26T12:19:36.6909489Z           "conclusion": "success",
job-core	Check JSON	2025-03-26T12:19:36.6912956Z           "name": "Set up job",
job-core	Check JSON	2025-03-26T12:19:36.6913722Z           "number": 1,
job-core	Check JSON	2025-03-26T12:19:36.6914446Z           "status": "completed"
job-core	Check JSON	2025-03-26T12:19:36.6914962Z         },
job-core	Check JSON	2025-03-26T12:19:36.6915282Z         {
job-core	Check JSON	2025-03-26T12:19:36.6916462Z           "conclusion": "success",
job-core	Check JSON	2025-03-26T12:19:36.6917209Z           "name": "handle-success-execution",
job-core	Check JSON	2025-03-26T12:19:36.6918541Z           "number": 2,
job-core	Check JSON	2025-03-26T12:19:36.6919457Z           "status": "completed"
job-core	Check JSON	2025-03-26T12:19:36.6919995Z         },
job-core	Check JSON	2025-03-26T12:19:36.6921478Z         {
job-core	Check JSON	2025-03-26T12:19:36.6922006Z           "conclusion": "success",
job-core	Check JSON	2025-03-26T12:19:36.6923065Z           "name": "Complete job",
job-core	Check JSON	2025-03-26T12:19:36.6924355Z           "number": 3,
job-core	Check JSON	2025-03-26T12:19:36.6925037Z           "status": "completed"
job-core	Check JSON	2025-03-26T12:19:36.6925577Z         }
job-core	Check JSON	2025-03-26T12:19:36.6925955Z       ],
job-core	Check JSON	2025-03-26T12:19:36.6926818Z       "url": "https://github.com/Ka0s-Klaus/ka0s/actions/runs/14082685161/job/39439098297"
job-core	Check JSON	2025-03-26T12:19:36.6927731Z     },
job-core	Check JSON	2025-03-26T12:19:36.6928175Z     {
job-core	Check JSON	2025-03-26T12:19:36.6928843Z       "completedAt": "2025-03-26T12:05:52Z",
job-core	Check JSON	2025-03-26T12:19:36.6929523Z       "conclusion": "success",
job-core	Check JSON	2025-03-26T12:19:36.6930162Z       "databaseId": 39439312754,
job-core	Check JSON	2025-03-26T12:19:36.6930784Z       "name": "end-workflow",
job-core	Check JSON	2025-03-26T12:19:36.6931418Z       "startedAt": "2025-03-26T12:05:40Z",
job-core	Check JSON	2025-03-26T12:19:36.6932047Z       "status": "completed",
job-core	Check JSON	2025-03-26T12:19:36.6932563Z       "steps": [
job-core	Check JSON	2025-03-26T12:19:36.6932989Z         {
job-core	Check JSON	2025-03-26T12:19:36.6933496Z           "conclusion": "success",
job-core	Check JSON	2025-03-26T12:19:36.6934536Z           "name": "Set up job",
job-core	Check JSON	2025-03-26T12:19:36.6935076Z           "number": 1,
job-core	Check JSON	2025-03-26T12:19:36.6935612Z           "status": "completed"
job-core	Check JSON	2025-03-26T12:19:36.6936623Z         },
job-core	Check JSON	2025-03-26T12:19:36.6937328Z         {
job-core	Check JSON	2025-03-26T12:19:36.6937852Z           "conclusion": "success",
job-core	Check JSON	2025-03-26T12:19:36.6938586Z           "name": "Checkout code",
job-core	Check JSON	2025-03-26T12:19:36.6939165Z           "number": 2,
job-core	Check JSON	2025-03-26T12:19:36.6939719Z           "status": "completed"
job-core	Check JSON	2025-03-26T12:19:36.6940234Z         },
job-core	Check JSON	2025-03-26T12:19:36.6940618Z         {
job-core	Check JSON	2025-03-26T12:19:36.6941086Z           "conclusion": "success",
job-core	Check JSON	2025-03-26T12:19:36.6941791Z           "name": "Finaliza el workflow",
job-core	Check JSON	2025-03-26T12:19:36.6942436Z           "number": 3,
job-core	Check JSON	2025-03-26T12:19:36.6942968Z           "status": "completed"
job-core	Check JSON	2025-03-26T12:19:36.6943478Z         },
job-core	Check JSON	2025-03-26T12:19:36.6943988Z         {
job-core	Check JSON	2025-03-26T12:19:36.6944466Z           "conclusion": "success",
job-core	Check JSON	2025-03-26T12:19:36.6945139Z           "name": "Post Checkout code",
job-core	Check JSON	2025-03-26T12:19:36.6945783Z           "number": 6,
job-core	Check JSON	2025-03-26T12:19:36.6946321Z           "status": "completed"
job-core	Check JSON	2025-03-26T12:19:36.6949010Z         },
job-core	Check JSON	2025-03-26T12:19:36.6949607Z         {
job-core	Check JSON	2025-03-26T12:19:36.6950289Z           "conclusion": "success",
job-core	Check JSON	2025-03-26T12:19:36.6951234Z           "name": "Complete job",
job-core	Check JSON	2025-03-26T12:19:36.6951580Z           "number": 7,
job-core	Check JSON	2025-03-26T12:19:36.6951891Z           "status": "completed"
job-core	Check JSON	2025-03-26T12:19:36.6952193Z         }
job-core	Check JSON	2025-03-26T12:19:36.6952420Z       ],
job-core	Check JSON	2025-03-26T12:19:36.6952943Z       "url": "https://github.com/Ka0s-Klaus/ka0s/actions/runs/14082685161/job/39439312754"
job-core	Check JSON	2025-03-26T12:19:36.6953966Z     },
job-core	Check JSON	2025-03-26T12:19:36.6954580Z     {
job-core	Check JSON	2025-03-26T12:19:36.6954875Z       "completedAt": "2025-03-26T12:02:37Z",
job-core	Check JSON	2025-03-26T12:19:36.6955282Z       "conclusion": "skipped",
job-core	Check JSON	2025-03-26T12:19:36.6955637Z       "databaseId": 39439312954,
job-core	Check JSON	2025-03-26T12:19:36.6955982Z       "name": "handle_failure",
job-core	Check JSON	2025-03-26T12:19:36.6956352Z       "startedAt": "2025-03-26T12:02:37Z",
job-core	Check JSON	2025-03-26T12:19:36.6956713Z       "status": "completed",
job-core	Check JSON	2025-03-26T12:19:36.6957019Z       "steps": [],
job-core	Check JSON	2025-03-26T12:19:36.6957559Z       "url": "https://github.com/Ka0s-Klaus/ka0s/actions/runs/14082685161/job/39439312954"
job-core	Check JSON	2025-03-26T12:19:36.6958104Z     }
job-core	Check JSON	2025-03-26T12:19:36.6958322Z   ],
job-core	Check JSON	2025-03-26T12:19:36.6958550Z   "name": "Ka0s JSON Lint",
job-core	Check JSON	2025-03-26T12:19:36.6958845Z   "number": 47,
job-core	Check JSON	2025-03-26T12:19:36.6959152Z   "startedAt": "2025-03-26T11:58:24Z",
job-core	Check JSON	2025-03-26T12:19:36.6959503Z   "status": "completed",
job-core	Check JSON	2025-03-26T12:19:36.6959843Z   "updatedAt": "2025-03-26T12:05:52Z",
job-core	Check JSON	2025-03-26T12:19:36.6960375Z   "url": "https://github.com/Ka0s-Klaus/ka0s/actions/runs/14082685161",
job-core	Check JSON	2025-03-26T12:19:36.6960917Z   "workflowDatabaseId": 152110813,
job-core	Check JSON	2025-03-26T12:19:36.6961297Z   "workflowName": "Ka0s JSON Lint"
job-core	Check JSON	2025-03-26T12:19:36.6961703Z }
job-core	Check JSON	2025-03-26T12:19:36.6962045Z {
job-core	Check JSON	2025-03-26T12:19:36.6962289Z   "conclusion": "success",
job-core	Check JSON	2025-03-26T12:19:36.6962634Z   "createdAt": "2025-03-26T11:58:24Z",
job-core	Check JSON	2025-03-26T12:19:36.6962976Z   "databaseId": 14082685161,
job-core	Check JSON	2025-03-26T12:19:36.6963332Z   "displayTitle": "Ka0s JSON Lint",
job-core	Check JSON	2025-03-26T12:19:36.6963718Z   "event": "workflow_dispatch",
job-core	Check JSON	2025-03-26T12:19:36.6964282Z   "headBranch": "H34-modulo-iac-kaos",
job-core	Check JSON	2025-03-26T12:19:36.6964905Z   "headSha": "83a01ab815e85b64a85dbcfb71ed801bcd1bb9be",
job-core	Check JSON	2025-03-26T12:19:36.6965311Z   "jobs": [
job-core	Check JSON	2025-03-26T12:19:36.6965539Z     {
job-core	Check JSON	2025-03-26T12:19:36.6965829Z       "completedAt": "2025-03-26T11:59:07Z",
job-core	Check JSON	2025-03-26T12:19:36.6966221Z       "conclusion": "success",
job-core	Check JSON	2025-03-26T12:19:36.6966569Z       "databaseId": 39439060453,
job-core	Check JSON	2025-03-26T12:19:36.6966889Z       "name": "job-core",
job-core	Check JSON	2025-03-26T12:19:36.6967233Z       "startedAt": "2025-03-26T11:58:36Z",
job-core	Check JSON	2025-03-26T12:19:36.6967597Z       "status": "completed",
job-core	Check JSON	2025-03-26T12:19:36.6967898Z       "steps": [
job-core	Check JSON	2025-03-26T12:19:36.6968143Z         {
job-core	Check JSON	2025-03-26T12:19:36.6968422Z           "conclusion": "success",
job-core	Check JSON	2025-03-26T12:19:36.6968782Z           "name": "Set up job",
job-core	Check JSON	2025-03-26T12:19:36.6969083Z           "number": 1,
job-core	Check JSON	2025-03-26T12:19:36.6969393Z           "status": "completed"
job-core	Check JSON	2025-03-26T12:19:36.6969688Z         },
job-core	Check JSON	2025-03-26T12:19:36.6969907Z         {
job-core	Check JSON	2025-03-26T12:19:36.6970435Z           "conclusion": "success",
job-core	Check JSON	2025-03-26T12:19:36.6971048Z           "name": "Checkout code",
job-core	Check JSON	2025-03-26T12:19:36.6971617Z           "number": 2,
job-core	Check JSON	2025-03-26T12:19:36.6972130Z           "status": "completed"
job-core	Check JSON	2025-03-26T12:19:36.6972578Z         },
job-core	Check JSON	2025-03-26T12:19:36.6972992Z         {
job-core	Check JSON	2025-03-26T12:19:36.6973494Z           "conclusion": "success",
job-core	Check JSON	2025-03-26T12:19:36.6974330Z           "name": "Install Node.js",
job-core	Check JSON	2025-03-26T12:19:36.6974949Z           "number": 3,
job-core	Check JSON	2025-03-26T12:19:36.6975570Z           "status": "completed"
job-core	Check JSON	2025-03-26T12:19:36.6976127Z         },
job-core	Check JSON	2025-03-26T12:19:36.6976440Z         {
job-core	Check JSON	2025-03-26T12:19:36.6976847Z           "conclusion": "success",
job-core	Check JSON	2025-03-26T12:19:36.6977397Z           "name": "Install jsonlint",
job-core	Check JSON	2025-03-26T12:19:36.6977925Z           "number": 4,
job-core	Check JSON	2025-03-26T12:19:36.6987080Z           "status": "completed"
job-core	Check JSON	2025-03-26T12:19:36.6987789Z         },
job-core	Check JSON	2025-03-26T12:19:36.6988106Z         {
job-core	Check JSON	2025-03-26T12:19:36.6988539Z           "conclusion": "success",
job-core	Check JSON	2025-03-26T12:19:36.6989086Z           "name": "Check JSON",
job-core	Check JSON	2025-03-26T12:19:36.6989583Z           "number": 5,
job-core	Check JSON	2025-03-26T12:19:36.6990128Z           "status": "completed"
job-core	Check JSON	2025-03-26T12:19:36.6990548Z         },
job-core	Check JSON	2025-03-26T12:19:36.6990883Z         {
job-core	Check JSON	2025-03-26T12:19:36.6991305Z           "conclusion": "success",
job-core	Check JSON	2025-03-26T12:19:36.6992278Z           "name": "Post Install Node.js",
job-core	Check JSON	2025-03-26T12:19:36.6992920Z           "number": 9,
job-core	Check JSON	2025-03-26T12:19:36.6993733Z           "status": "completed"
job-core	Check JSON	2025-03-26T12:19:36.6994804Z         },
job-core	Check JSON	2025-03-26T12:19:36.6995028Z         {
job-core	Check JSON	2025-03-26T12:19:36.6995313Z           "conclusion": "success",
job-core	Check JSON	2025-03-26T12:19:36.6995693Z           "name": "Post Checkout code",
job-core	Check JSON	2025-03-26T12:19:36.6996039Z           "number": 10,
job-core	Check JSON	2025-03-26T12:19:36.6996347Z           "status": "completed"
job-core	Check JSON	2025-03-26T12:19:36.6996643Z         },
job-core	Check JSON	2025-03-26T12:19:36.6996865Z         {
job-core	Check JSON	2025-03-26T12:19:36.6997132Z           "conclusion": "success",
job-core	Check JSON	2025-03-26T12:19:36.6997499Z           "name": "Complete job",
job-core	Check JSON	2025-03-26T12:19:36.6997832Z           "number": 11,
job-core	Check JSON	2025-03-26T12:19:36.6998141Z           "status": "completed"
job-core	Check JSON	2025-03-26T12:19:36.6998439Z         }
job-core	Check JSON	2025-03-26T12:19:36.6998664Z       ],
job-core	Check JSON	2025-03-26T12:19:36.6999180Z       "url": "https://github.com/Ka0s-Klaus/ka0s/actions/runs/14082685161/job/39439060453"
job-core	Check JSON	2025-03-26T12:19:36.6999718Z     },
job-core	Check JSON	2025-03-26T12:19:36.7000185Z     {
job-core	Check JSON	2025-03-26T12:19:36.7000491Z       "completedAt": "2025-03-26T12:02:37Z",
job-core	Check JSON	2025-03-26T12:19:36.7000887Z       "conclusion": "success",
job-core	Check JSON	2025-03-26T12:19:36.7001242Z       "databaseId": 39439098297,
job-core	Check JSON	2025-03-26T12:19:36.7001595Z       "name": "handle-success",
job-core	Check JSON	2025-03-26T12:19:36.7001961Z       "startedAt": "2025-03-26T12:02:25Z",
job-core	Check JSON	2025-03-26T12:19:36.7002315Z       "status": "completed",
job-core	Check JSON	2025-03-26T12:19:36.7002622Z       "steps": [
job-core	Check JSON	2025-03-26T12:19:36.7002864Z         {
job-core	Check JSON	2025-03-26T12:19:36.7003139Z           "conclusion": "success",
job-core	Check JSON	2025-03-26T12:19:36.7003497Z           "name": "Set up job",
job-core	Check JSON	2025-03-26T12:19:36.7004130Z           "number": 1,
job-core	Check JSON	2025-03-26T12:19:36.7004467Z           "status": "completed"
job-core	Check JSON	2025-03-26T12:19:36.7004764Z         },
job-core	Check JSON	2025-03-26T12:19:36.7004987Z         {
job-core	Check JSON	2025-03-26T12:19:36.7005258Z           "conclusion": "success",
job-core	Check JSON	2025-03-26T12:19:36.7005658Z           "name": "handle-success-execution",
job-core	Check JSON	2025-03-26T12:19:36.7006023Z           "number": 2,
job-core	Check JSON	2025-03-26T12:19:36.7006326Z           "status": "completed"
job-core	Check JSON	2025-03-26T12:19:36.7006623Z         },
job-core	Check JSON	2025-03-26T12:19:36.7006846Z         {
job-core	Check JSON	2025-03-26T12:19:36.7007111Z           "conclusion": "success",
job-core	Check JSON	2025-03-26T12:19:36.7007488Z           "name": "Complete job",
job-core	Check JSON	2025-03-26T12:19:36.7007805Z           "number": 3,
job-core	Check JSON	2025-03-26T12:19:36.7008116Z           "status": "completed"
job-core	Check JSON	2025-03-26T12:19:36.7008407Z         }
job-core	Check JSON	2025-03-26T12:19:36.7008627Z       ],
job-core	Check JSON	2025-03-26T12:19:36.7009137Z       "url": "https://github.com/Ka0s-Klaus/ka0s/actions/runs/14082685161/job/39439098297"
job-core	Check JSON	2025-03-26T12:19:36.7009672Z     },
job-core	Check JSON	2025-03-26T12:19:36.7009890Z     {
job-core	Check JSON	2025-03-26T12:19:36.7010182Z       "completedAt": "2025-03-26T12:05:52Z",
job-core	Check JSON	2025-03-26T12:19:36.7010964Z       "conclusion": "success",
job-core	Check JSON	2025-03-26T12:19:36.7011312Z       "databaseId": 39439312754,
job-core	Check JSON	2025-03-26T12:19:36.7011636Z       "name": "end-workflow",
job-core	Check JSON	2025-03-26T12:19:36.7011996Z       "startedAt": "2025-03-26T12:05:40Z",
job-core	Check JSON	2025-03-26T12:19:36.7012348Z       "status": "completed",
job-core	Check JSON	2025-03-26T12:19:36.7012645Z       "steps": [
job-core	Check JSON	2025-03-26T12:19:36.7012888Z         {
job-core	Check JSON	2025-03-26T12:19:36.7013158Z           "conclusion": "success",
job-core	Check JSON	2025-03-26T12:19:36.7013527Z           "name": "Set up job",
job-core	Check JSON	2025-03-26T12:19:36.7020337Z           "number": 1,
job-core	Check JSON	2025-03-26T12:19:36.7020804Z           "status": "completed"
job-core	Check JSON	2025-03-26T12:19:36.7021114Z         },
job-core	Check JSON	2025-03-26T12:19:36.7021342Z         {
job-core	Check JSON	2025-03-26T12:19:36.7021618Z           "conclusion": "success",
job-core	Check JSON	2025-03-26T12:19:36.7021985Z           "name": "Checkout code",
job-core	Check JSON	2025-03-26T12:19:36.7022308Z           "number": 2,
job-core	Check JSON	2025-03-26T12:19:36.7022616Z           "status": "completed"
job-core	Check JSON	2025-03-26T12:19:36.7023265Z         },
job-core	Check JSON	2025-03-26T12:19:36.7024053Z         {
job-core	Check JSON	2025-03-26T12:19:36.7024421Z           "conclusion": "success",
job-core	Check JSON	2025-03-26T12:19:36.7024809Z           "name": "Finaliza el workflow",
job-core	Check JSON	2025-03-26T12:19:36.7025163Z           "number": 3,
job-core	Check JSON	2025-03-26T12:19:36.7025476Z           "status": "completed"
job-core	Check JSON	2025-03-26T12:19:36.7025771Z         },
job-core	Check JSON	2025-03-26T12:19:36.7025996Z         {
job-core	Check JSON	2025-03-26T12:19:36.7026272Z           "conclusion": "success",
job-core	Check JSON	2025-03-26T12:19:36.7026649Z           "name": "Post Checkout code",
job-core	Check JSON	2025-03-26T12:19:36.7027321Z           "number": 6,
job-core	Check JSON	2025-03-26T12:19:36.7027636Z           "status": "completed"
job-core	Check JSON	2025-03-26T12:19:36.7028065Z         },
job-core	Check JSON	2025-03-26T12:19:36.7028430Z         {
job-core	Check JSON	2025-03-26T12:19:36.7028952Z           "conclusion": "success",
job-core	Check JSON	2025-03-26T12:19:36.7029525Z           "name": "Complete job",
job-core	Check JSON	2025-03-26T12:19:36.7029980Z           "number": 7,
job-core	Check JSON	2025-03-26T12:19:36.7030432Z           "status": "completed"
job-core	Check JSON	2025-03-26T12:19:36.7030857Z         }
job-core	Check JSON	2025-03-26T12:19:36.7031585Z       ],
job-core	Check JSON	2025-03-26T12:19:36.7032680Z       "url": "https://github.com/Ka0s-Klaus/ka0s/actions/runs/14082685161/job/39439312754"
job-core	Check JSON	2025-03-26T12:19:36.7033546Z     },
job-core	Check JSON	2025-03-26T12:19:36.7034079Z     {
job-core	Check JSON	2025-03-26T12:19:36.7034733Z       "completedAt": "2025-03-26T12:02:37Z",
job-core	Check JSON	2025-03-26T12:19:36.7035409Z       "conclusion": "skipped",
job-core	Check JSON	2025-03-26T12:19:36.7035952Z       "databaseId": 39439312954,
job-core	Check JSON	2025-03-26T12:19:36.7036544Z       "name": "handle_failure",
job-core	Check JSON	2025-03-26T12:19:36.7039218Z       "startedAt": "2025-03-26T12:02:37Z",
job-core	Check JSON	2025-03-26T12:19:36.7039997Z       "status": "completed",
job-core	Check JSON	2025-03-26T12:19:36.7040474Z       "steps": [],
job-core	Check JSON	2025-03-26T12:19:36.7041474Z       "url": "https://github.com/Ka0s-Klaus/ka0s/actions/runs/14082685161/job/39439312954"
job-core	Check JSON	2025-03-26T12:19:36.7043189Z     }
job-core	Check JSON	2025-03-26T12:19:36.7043540Z   ],
job-core	Check JSON	2025-03-26T12:19:36.7043997Z   "name": "Ka0s JSON Lint",
job-core	Check JSON	2025-03-26T12:19:36.7044579Z   "number": 47,
job-core	Check JSON	2025-03-26T12:19:36.7045287Z   "startedAt": "2025-03-26T11:58:24Z",
job-core	Check JSON	2025-03-26T12:19:36.7046071Z   "status": "completed",
job-core	Check JSON	2025-03-26T12:19:36.7046939Z   "updatedAt": "2025-03-26T12:05:52Z",
job-core	Check JSON	2025-03-26T12:19:36.7047883Z   "url": "https://github.com/Ka0s-Klaus/ka0s/actions/runs/14082685161",
job-core	Check JSON	2025-03-26T12:19:36.7048917Z   "workflowDatabaseId": 152110813,
job-core	Check JSON	2025-03-26T12:19:36.7049635Z   "workflowName": "Ka0s JSON Lint"
job-core	Check JSON	2025-03-26T12:19:36.7050290Z }
job-core	Check JSON	2025-03-26T12:19:36.7051717Z File core/outputs/j/jsonlint-results-14083079302.txt is not empty and is content not correct and write commit info
job-core	Check JSON	2025-03-26T12:19:38.6847996Z https://github.com/Ka0s-Klaus/ka0s/issues/44#issuecomment-2754215662
job-core	Post Install Node.js	﻿2025-03-26T12:19:38.7069593Z Post job cleanup.
job-core	Post Checkout code	﻿2025-03-26T12:19:38.8609206Z Post job cleanup.
job-core	Post Checkout code	2025-03-26T12:19:38.9994050Z [command]/usr/bin/git version
job-core	Post Checkout code	2025-03-26T12:19:39.0055562Z git version 2.48.1
job-core	Post Checkout code	2025-03-26T12:19:39.0112961Z Copying '/home/kaos/.gitconfig' to '/actions-runner/_work/_temp/e576d62d-5f7b-44aa-8b4f-a20783d381ba/.gitconfig'
job-core	Post Checkout code	2025-03-26T12:19:39.0129897Z Temporarily overriding HOME='/actions-runner/_work/_temp/e576d62d-5f7b-44aa-8b4f-a20783d381ba' before making global git config changes
job-core	Post Checkout code	2025-03-26T12:19:39.0132493Z Adding repository directory to the temporary git global config as a safe directory
job-core	Post Checkout code	2025-03-26T12:19:39.0139320Z [command]/usr/bin/git config --global --add safe.directory /actions-runner/_work/ka0s/ka0s
job-core	Post Checkout code	2025-03-26T12:19:39.0199671Z [command]/usr/bin/git config --local --name-only --get-regexp core\.sshCommand
job-core	Post Checkout code	2025-03-26T12:19:39.0260651Z [command]/usr/bin/git submodule foreach --recursive sh -c "git config --local --name-only --get-regexp 'core\.sshCommand' && git config --local --unset-all 'core.sshCommand' || :"
job-core	Post Checkout code	2025-03-26T12:19:39.0679993Z [command]/usr/bin/git config --local --name-only --get-regexp http\.https\:\/\/github\.com\/\.extraheader
job-core	Post Checkout code	2025-03-26T12:19:39.0716577Z http.https://github.com/.extraheader
job-core	Post Checkout code	2025-03-26T12:19:39.0735653Z [command]/usr/bin/git config --local --unset-all http.https://github.com/.extraheader
job-core	Post Checkout code	2025-03-26T12:19:39.0791672Z [command]/usr/bin/git submodule foreach --recursive sh -c "git config --local --name-only --get-regexp 'http\.https\:\/\/github\.com\/\.extraheader' && git config --local --unset-all 'http.https://github.com/.extraheader' || :"
job-core	Complete job	﻿2025-03-26T12:19:39.1385880Z Cleaning up orphan processes
handle-success	Set up job	﻿2025-03-26T12:24:34.8219858Z Current runner version: '2.323.0'
handle-success	Set up job	2025-03-26T12:24:34.8234658Z Runner name: 'kaos-4'
handle-success	Set up job	2025-03-26T12:24:34.8236786Z Machine name: '3fe80eba0036'
handle-success	Set up job	2025-03-26T12:24:34.8243092Z ##[group]GITHUB_TOKEN Permissions
handle-success	Set up job	2025-03-26T12:24:34.8247993Z Actions: write
handle-success	Set up job	2025-03-26T12:24:34.8249174Z Contents: write
handle-success	Set up job	2025-03-26T12:24:34.8250323Z Issues: write
handle-success	Set up job	2025-03-26T12:24:34.8251458Z Metadata: read
handle-success	Set up job	2025-03-26T12:24:34.8252541Z PullRequests: write
handle-success	Set up job	2025-03-26T12:24:34.8253665Z ##[endgroup]
handle-success	Set up job	2025-03-26T12:24:34.8258442Z Secret source: Actions
handle-success	Set up job	2025-03-26T12:24:34.8259946Z Prepare workflow directory
handle-success	Set up job	2025-03-26T12:24:34.9720767Z Prepare all required actions
handle-success	Set up job	2025-03-26T12:24:34.9807562Z Complete job name: handle-success
handle-success	handle-success-execution	﻿2025-03-26T12:24:35.0515839Z ##[group]Run # Si todo ha ido correcto añadimos el contenido del fichero 
handle-success	handle-success-execution	2025-03-26T12:24:35.0518128Z [36;1m# Si todo ha ido correcto añadimos el contenido del fichero [0m
handle-success	handle-success-execution	2025-03-26T12:24:35.0519493Z [36;1mecho "Todo ha ido bien."[0m
handle-success	handle-success-execution	2025-03-26T12:24:35.0557863Z shell: /usr/bin/bash -e {0}
handle-success	handle-success-execution	2025-03-26T12:24:35.0559499Z env:
handle-success	handle-success-execution	2025-03-26T12:24:35.0560330Z   KAOS_MODULE: [Ka0S] JSONLINT
handle-success	handle-success-execution	2025-03-26T12:24:35.0561796Z   GH_TOKEN: ***
handle-success	handle-success-execution	2025-03-26T12:24:35.0562791Z   KAOS_JSONLINT_CONFIG: core/config/.jsonlint.json
handle-success	handle-success-execution	2025-03-26T12:24:35.0564677Z   KAOS_PATH_RESUME: core/outputs/j/
handle-success	handle-success-execution	2025-03-26T12:24:35.0565830Z   KAOS_REPO: /actions-runner/_work/kaos/kaos
handle-success	handle-success-execution	2025-03-26T12:24:35.0566996Z   KAOS_STEP_MODULE: 
handle-success	handle-success-execution	2025-03-26T12:24:35.0568068Z   KAOS_CODE: 14083079302
handle-success	handle-success-execution	2025-03-26T12:24:35.0569028Z   KAOS_REF_BRANCH: main
handle-success	handle-success-execution	2025-03-26T12:24:35.0569933Z ##[endgroup]
handle-success	handle-success-execution	2025-03-26T12:24:35.0830716Z Todo ha ido bien.
handle-success	Complete job	﻿2025-03-26T12:24:35.1041448Z Cleaning up orphan processes
end-workflow	Set up job	﻿2025-03-26T12:26:31.2458179Z Current runner version: '2.323.0'
end-workflow	Set up job	2025-03-26T12:26:31.2473548Z Runner name: 'kaos-4'
end-workflow	Set up job	2025-03-26T12:26:31.2476388Z Machine name: '3fe80eba0036'
end-workflow	Set up job	2025-03-26T12:26:31.2483497Z ##[group]GITHUB_TOKEN Permissions
end-workflow	Set up job	2025-03-26T12:26:31.2488368Z Actions: write
end-workflow	Set up job	2025-03-26T12:26:31.2489674Z Contents: write
end-workflow	Set up job	2025-03-26T12:26:31.2490960Z Issues: write
end-workflow	Set up job	2025-03-26T12:26:31.2492088Z Metadata: read
end-workflow	Set up job	2025-03-26T12:26:31.2493222Z PullRequests: write
end-workflow	Set up job	2025-03-26T12:26:31.2494895Z ##[endgroup]
end-workflow	Set up job	2025-03-26T12:26:31.2499684Z Secret source: Actions
end-workflow	Set up job	2025-03-26T12:26:31.2501300Z Prepare workflow directory
end-workflow	Set up job	2025-03-26T12:26:31.3887961Z Prepare all required actions
end-workflow	Set up job	2025-03-26T12:26:31.3969460Z Getting action download info
end-workflow	Set up job	2025-03-26T12:26:32.2512580Z Download action repository 'actions/checkout@v4' (SHA:11bd71901bbe5b1630ceea73d27597364c9af683)
end-workflow	Set up job	2025-03-26T12:28:12.2812077Z ##[warning]Failed to download action 'https://api.github.com/repos/actions/checkout/tarball/11bd71901bbe5b1630ceea73d27597364c9af683'. Error: The request was canceled due to the configured HttpClient.Timeout of 100 seconds elapsing. 
end-workflow	Set up job	2025-03-26T12:28:12.2826311Z ##[warning]Back off 11.632 seconds before retry.
end-workflow	Set up job	2025-03-26T12:28:25.5993153Z Complete job name: end-workflow
end-workflow	Checkout code	﻿2025-03-26T12:28:25.6706692Z ##[group]Run actions/checkout@v4
end-workflow	Checkout code	2025-03-26T12:28:25.6707721Z with:
end-workflow	Checkout code	2025-03-26T12:28:25.6708041Z   fetch-depth: 0
end-workflow	Checkout code	2025-03-26T12:28:25.6708806Z   token: ***
end-workflow	Checkout code	2025-03-26T12:28:25.6709138Z   repository: Ka0s-Klaus/ka0s
end-workflow	Checkout code	2025-03-26T12:28:25.6709493Z   ssh-strict: true
end-workflow	Checkout code	2025-03-26T12:28:25.6709824Z   ssh-user: git
end-workflow	Checkout code	2025-03-26T12:28:25.6710138Z   persist-credentials: true
end-workflow	Checkout code	2025-03-26T12:28:25.6710489Z   clean: true
end-workflow	Checkout code	2025-03-26T12:28:25.6710807Z   sparse-checkout-cone-mode: true
end-workflow	Checkout code	2025-03-26T12:28:25.6711208Z   fetch-tags: false
end-workflow	Checkout code	2025-03-26T12:28:25.6711551Z   show-progress: true
end-workflow	Checkout code	2025-03-26T12:28:25.6711858Z   lfs: false
end-workflow	Checkout code	2025-03-26T12:28:25.6712156Z   submodules: false
end-workflow	Checkout code	2025-03-26T12:28:25.6712477Z   set-safe-directory: true
end-workflow	Checkout code	2025-03-26T12:28:25.6713181Z env:
end-workflow	Checkout code	2025-03-26T12:28:25.6713501Z   KAOS_MODULE: [Ka0S] JSONLINT
end-workflow	Checkout code	2025-03-26T12:28:25.6714274Z   GH_TOKEN: ***
end-workflow	Checkout code	2025-03-26T12:28:25.6714642Z   KAOS_JSONLINT_CONFIG: core/config/.jsonlint.json
end-workflow	Checkout code	2025-03-26T12:28:25.6715101Z   KAOS_PATH_RESUME: core/outputs/j/
end-workflow	Checkout code	2025-03-26T12:28:25.6715583Z   KAOS_REPO: /actions-runner/_work/kaos/kaos
end-workflow	Checkout code	2025-03-26T12:28:25.6716008Z   KAOS_STEP_MODULE: 
end-workflow	Checkout code	2025-03-26T12:28:25.6716326Z   KAOS_CODE: 14083079302
end-workflow	Checkout code	2025-03-26T12:28:25.6716665Z   KAOS_REF_BRANCH: main
end-workflow	Checkout code	2025-03-26T12:28:25.6716984Z ##[endgroup]
end-workflow	Checkout code	2025-03-26T12:28:25.8785873Z Syncing repository: Ka0s-Klaus/ka0s
end-workflow	Checkout code	2025-03-26T12:28:25.8789118Z ##[group]Getting Git version info
end-workflow	Checkout code	2025-03-26T12:28:25.8790118Z Working directory is '/actions-runner/_work/ka0s/ka0s'
end-workflow	Checkout code	2025-03-26T12:28:25.8791563Z [command]/usr/bin/git version
end-workflow	Checkout code	2025-03-26T12:28:25.8792322Z git version 2.48.1
end-workflow	Checkout code	2025-03-26T12:28:25.8833989Z ##[endgroup]
end-workflow	Checkout code	2025-03-26T12:28:25.8846604Z Copying '/home/kaos/.gitconfig' to '/actions-runner/_work/_temp/790ff9fd-3be5-40b2-9ebb-8660f491f4b6/.gitconfig'
end-workflow	Checkout code	2025-03-26T12:28:25.8874511Z Temporarily overriding HOME='/actions-runner/_work/_temp/790ff9fd-3be5-40b2-9ebb-8660f491f4b6' before making global git config changes
end-workflow	Checkout code	2025-03-26T12:28:25.8876871Z Adding repository directory to the temporary git global config as a safe directory
end-workflow	Checkout code	2025-03-26T12:28:25.8898274Z [command]/usr/bin/git config --global --add safe.directory /actions-runner/_work/ka0s/ka0s
end-workflow	Checkout code	2025-03-26T12:28:25.8975281Z [command]/usr/bin/git config --local --get remote.origin.url
end-workflow	Checkout code	2025-03-26T12:28:25.9037956Z https://github.com/Ka0s-Klaus/ka0s
end-workflow	Checkout code	2025-03-26T12:28:25.9076381Z ##[group]Removing previously created refs, to avoid conflicts
end-workflow	Checkout code	2025-03-26T12:28:25.9081958Z [command]/usr/bin/git rev-parse --symbolic-full-name --verify --quiet HEAD
end-workflow	Checkout code	2025-03-26T12:28:25.9125150Z refs/heads/H44-creación-módulo-versionado
end-workflow	Checkout code	2025-03-26T12:28:25.9147919Z [command]/usr/bin/git checkout --detach
end-workflow	Checkout code	2025-03-26T12:28:25.9254255Z HEAD is now at af6930f [Ka0S] Uploading resume execution files to the repository...
end-workflow	Checkout code	2025-03-26T12:28:25.9328404Z [command]/usr/bin/git branch --delete --force H44-creación-módulo-versionado
end-workflow	Checkout code	2025-03-26T12:28:25.9372666Z Deleted branch H44-creación-módulo-versionado (was af6930f).
end-workflow	Checkout code	2025-03-26T12:28:25.9445353Z ##[endgroup]
end-workflow	Checkout code	2025-03-26T12:28:25.9452718Z [command]/usr/bin/git submodule status
end-workflow	Checkout code	2025-03-26T12:28:25.9953930Z ##[group]Cleaning the repository
end-workflow	Checkout code	2025-03-26T12:28:25.9963166Z [command]/usr/bin/git clean -ffdx
end-workflow	Checkout code	2025-03-26T12:28:26.0067346Z Removing core/outputs/j/
end-workflow	Checkout code	2025-03-26T12:28:26.0107344Z [command]/usr/bin/git reset --hard HEAD
end-workflow	Checkout code	2025-03-26T12:28:26.0278834Z HEAD is now at af6930f [Ka0S] Uploading resume execution files to the repository...
end-workflow	Checkout code	2025-03-26T12:28:26.0289578Z ##[endgroup]
end-workflow	Checkout code	2025-03-26T12:28:26.0296511Z ##[group]Disabling automatic garbage collection
end-workflow	Checkout code	2025-03-26T12:28:26.0311359Z [command]/usr/bin/git config --local gc.auto 0
end-workflow	Checkout code	2025-03-26T12:28:26.0379300Z ##[endgroup]
end-workflow	Checkout code	2025-03-26T12:28:26.0395537Z ##[group]Setting up auth
end-workflow	Checkout code	2025-03-26T12:28:26.0406111Z [command]/usr/bin/git config --local --name-only --get-regexp core\.sshCommand
end-workflow	Checkout code	2025-03-26T12:28:26.0510065Z [command]/usr/bin/git submodule foreach --recursive sh -c "git config --local --name-only --get-regexp 'core\.sshCommand' && git config --local --unset-all 'core.sshCommand' || :"
end-workflow	Checkout code	2025-03-26T12:28:26.1042702Z [command]/usr/bin/git config --local --name-only --get-regexp http\.https\:\/\/github\.com\/\.extraheader
end-workflow	Checkout code	2025-03-26T12:28:26.1090712Z [command]/usr/bin/git submodule foreach --recursive sh -c "git config --local --name-only --get-regexp 'http\.https\:\/\/github\.com\/\.extraheader' && git config --local --unset-all 'http.https://github.com/.extraheader' || :"
end-workflow	Checkout code	2025-03-26T12:28:26.1514737Z [command]/usr/bin/git config --local http.https://github.com/.extraheader AUTHORIZATION: basic ***
end-workflow	Checkout code	2025-03-26T12:28:26.1568775Z ##[endgroup]
end-workflow	Checkout code	2025-03-26T12:28:26.1569915Z ##[group]Fetching the repository
end-workflow	Checkout code	2025-03-26T12:28:26.1581244Z [command]/usr/bin/git -c protocol.version=2 fetch --prune --no-recurse-submodules origin +refs/heads/*:refs/remotes/origin/* +refs/tags/*:refs/tags/*
end-workflow	Checkout code	2025-03-26T12:28:27.4887730Z From https://github.com/Ka0s-Klaus/ka0s
end-workflow	Checkout code	2025-03-26T12:28:27.4891921Z    ae0e4e4..890ceb3  main       -> origin/main
end-workflow	Checkout code	2025-03-26T12:28:27.4967299Z [command]/usr/bin/git branch --list --remote origin/H44-creación-módulo-versionado
end-workflow	Checkout code	2025-03-26T12:28:27.5034176Z   origin/H44-creación-módulo-versionado
end-workflow	Checkout code	2025-03-26T12:28:27.5045354Z [command]/usr/bin/git rev-parse refs/remotes/origin/H44-creación-módulo-versionado
end-workflow	Checkout code	2025-03-26T12:28:27.5112496Z af6930f0044017947112556448a04969df15b284
end-workflow	Checkout code	2025-03-26T12:28:27.5123169Z ##[endgroup]
end-workflow	Checkout code	2025-03-26T12:28:27.5126273Z ##[group]Determining the checkout info
end-workflow	Checkout code	2025-03-26T12:28:27.5129755Z ##[endgroup]
end-workflow	Checkout code	2025-03-26T12:28:27.5142844Z [command]/usr/bin/git sparse-checkout disable
end-workflow	Checkout code	2025-03-26T12:28:27.5336597Z [command]/usr/bin/git config --local --unset-all extensions.worktreeConfig
end-workflow	Checkout code	2025-03-26T12:28:27.5516578Z ##[group]Checking out the ref
end-workflow	Checkout code	2025-03-26T12:28:27.5518644Z [command]/usr/bin/git checkout --progress --force -B H44-creación-módulo-versionado refs/remotes/origin/H44-creación-módulo-versionado
end-workflow	Checkout code	2025-03-26T12:28:27.5686291Z Switched to a new branch 'H44-creación-módulo-versionado'
end-workflow	Checkout code	2025-03-26T12:28:27.5694788Z branch 'H44-creación-módulo-versionado' set up to track 'origin/H44-creación-módulo-versionado'.
end-workflow	Checkout code	2025-03-26T12:28:27.5725029Z ##[endgroup]
end-workflow	Checkout code	2025-03-26T12:28:27.5847862Z [command]/usr/bin/git log -1 --format=%H
end-workflow	Checkout code	2025-03-26T12:28:27.5933328Z af6930f0044017947112556448a04969df15b284
end-workflow	Finaliza el workflow	﻿2025-03-26T12:28:27.6633614Z ##[group]Run echo "End process"
end-workflow	Finaliza el workflow	2025-03-26T12:28:27.6634747Z [36;1mecho "End process"[0m
end-workflow	Finaliza el workflow	2025-03-26T12:28:27.6635862Z [36;1mgh workflow run inspector.yml --ref main -f kaos-issue-id=44 -f kaos-workflow-id="14083079302" -f kaos-user-start="Yolabn"[0m
end-workflow	Finaliza el workflow	2025-03-26T12:28:27.6660625Z shell: /usr/bin/bash -e {0}
end-workflow	Finaliza el workflow	2025-03-26T12:28:27.6661469Z env:
end-workflow	Finaliza el workflow	2025-03-26T12:28:27.6662048Z   KAOS_MODULE: [Ka0S] JSONLINT
end-workflow	Finaliza el workflow	2025-03-26T12:28:27.6663204Z   GH_TOKEN: ***
end-workflow	Finaliza el workflow	2025-03-26T12:28:27.6664213Z   KAOS_JSONLINT_CONFIG: core/config/.jsonlint.json
end-workflow	Finaliza el workflow	2025-03-26T12:28:27.6665215Z   KAOS_PATH_RESUME: core/outputs/j/
end-workflow	Finaliza el workflow	2025-03-26T12:28:27.6666672Z   KAOS_REPO: /actions-runner/_work/kaos/kaos
end-workflow	Finaliza el workflow	2025-03-26T12:28:27.6667541Z   KAOS_STEP_MODULE: 
end-workflow	Finaliza el workflow	2025-03-26T12:28:27.6668262Z   KAOS_CODE: 14083079302
end-workflow	Finaliza el workflow	2025-03-26T12:28:27.6668982Z   KAOS_REF_BRANCH: main
end-workflow	Finaliza el workflow	2025-03-26T12:28:27.6669672Z ##[endgroup]
end-workflow	Finaliza el workflow	2025-03-26T12:28:27.6823313Z End process
end-workflow	Post Checkout code	﻿2025-03-26T12:28:28.6995357Z Post job cleanup.
end-workflow	Post Checkout code	2025-03-26T12:28:28.8464056Z [command]/usr/bin/git version
end-workflow	Post Checkout code	2025-03-26T12:28:28.8523937Z git version 2.48.1
end-workflow	Post Checkout code	2025-03-26T12:28:28.8587806Z Copying '/home/kaos/.gitconfig' to '/actions-runner/_work/_temp/912bbdf2-2c49-4e93-a7c9-560fb1b5f237/.gitconfig'
end-workflow	Post Checkout code	2025-03-26T12:28:28.8616815Z Temporarily overriding HOME='/actions-runner/_work/_temp/912bbdf2-2c49-4e93-a7c9-560fb1b5f237' before making global git config changes
end-workflow	Post Checkout code	2025-03-26T12:28:28.8618974Z Adding repository directory to the temporary git global config as a safe directory
end-workflow	Post Checkout code	2025-03-26T12:28:28.8629385Z [command]/usr/bin/git config --global --add safe.directory /actions-runner/_work/ka0s/ka0s
end-workflow	Post Checkout code	2025-03-26T12:28:28.8695625Z [command]/usr/bin/git config --local --name-only --get-regexp core\.sshCommand
end-workflow	Post Checkout code	2025-03-26T12:28:28.8775096Z [command]/usr/bin/git submodule foreach --recursive sh -c "git config --local --name-only --get-regexp 'core\.sshCommand' && git config --local --unset-all 'core.sshCommand' || :"
end-workflow	Post Checkout code	2025-03-26T12:28:28.9257017Z [command]/usr/bin/git config --local --name-only --get-regexp http\.https\:\/\/github\.com\/\.extraheader
end-workflow	Post Checkout code	2025-03-26T12:28:28.9299842Z http.https://github.com/.extraheader
end-workflow	Post Checkout code	2025-03-26T12:28:28.9327039Z [command]/usr/bin/git config --local --unset-all http.https://github.com/.extraheader
end-workflow	Post Checkout code	2025-03-26T12:28:28.9407245Z [command]/usr/bin/git submodule foreach --recursive sh -c "git config --local --name-only --get-regexp 'http\.https\:\/\/github\.com\/\.extraheader' && git config --local --unset-all 'http.https://github.com/.extraheader' || :"
end-workflow	Complete job	﻿2025-03-26T12:28:29.0020525Z Cleaning up orphan processes
