job-core	Set up job	﻿2025-03-27T11:22:26.4385900Z Current runner version: '2.323.0'
job-core	Set up job	2025-03-27T11:22:26.4399574Z Runner name: 'kaos-3'
job-core	Set up job	2025-03-27T11:22:26.4401303Z Machine name: 'ddaf71c4382c'
job-core	Set up job	2025-03-27T11:22:26.4407939Z ##[group]GITHUB_TOKEN Permissions
job-core	Set up job	2025-03-27T11:22:26.4412382Z Actions: write
job-core	Set up job	2025-03-27T11:22:26.4414173Z Contents: write
job-core	Set up job	2025-03-27T11:22:26.4416155Z Issues: write
job-core	Set up job	2025-03-27T11:22:26.4417825Z Metadata: read
job-core	Set up job	2025-03-27T11:22:26.4418886Z PullRequests: write
job-core	Set up job	2025-03-27T11:22:26.4419975Z ##[endgroup]
job-core	Set up job	2025-03-27T11:22:26.4424685Z Secret source: Actions
job-core	Set up job	2025-03-27T11:22:26.4426271Z Prepare workflow directory
job-core	Set up job	2025-03-27T11:22:26.5846152Z Prepare all required actions
job-core	Set up job	2025-03-27T11:22:26.5901015Z Getting action download info
job-core	Set up job	2025-03-27T11:22:27.4512098Z Download action repository 'actions/checkout@v4' (SHA:11bd71901bbe5b1630ceea73d27597364c9af683)
job-core	Set up job	2025-03-27T11:22:29.5854509Z Download action repository 'actions/setup-node@v2' (SHA:7c12f8017d5436eb855f1ed4399f037a36fbd9e8)
job-core	Set up job	2025-03-27T11:22:34.4494391Z Complete job name: job-core
job-core	Checkout code	﻿2025-03-27T11:22:34.5150356Z ##[group]Run actions/checkout@v4
job-core	Checkout code	2025-03-27T11:22:34.5151238Z with:
job-core	Checkout code	2025-03-27T11:22:34.5151544Z   fetch-depth: 0
job-core	Checkout code	2025-03-27T11:22:34.5152280Z   token: ***
job-core	Checkout code	2025-03-27T11:22:34.5152599Z   repository: Ka0s-Klaus/ka0s
job-core	Checkout code	2025-03-27T11:22:34.5152963Z   ssh-strict: true
job-core	Checkout code	2025-03-27T11:22:34.5153263Z   ssh-user: git
job-core	Checkout code	2025-03-27T11:22:34.5153575Z   persist-credentials: true
job-core	Checkout code	2025-03-27T11:22:34.5154241Z   clean: true
job-core	Checkout code	2025-03-27T11:22:34.5179173Z   sparse-checkout-cone-mode: true
job-core	Checkout code	2025-03-27T11:22:34.5179668Z   fetch-tags: false
job-core	Checkout code	2025-03-27T11:22:34.5180005Z   show-progress: true
job-core	Checkout code	2025-03-27T11:22:34.5180345Z   lfs: false
job-core	Checkout code	2025-03-27T11:22:34.5180628Z   submodules: false
job-core	Checkout code	2025-03-27T11:22:34.5180947Z   set-safe-directory: true
job-core	Checkout code	2025-03-27T11:22:34.5182071Z env:
job-core	Checkout code	2025-03-27T11:22:34.5182385Z   KAOS_MODULE: [Ka0S] JSONLINT
job-core	Checkout code	2025-03-27T11:22:34.5183027Z   GH_TOKEN: ***
job-core	Checkout code	2025-03-27T11:22:34.5183402Z   KAOS_JSONLINT_CONFIG: core/config/.jsonlint.json
job-core	Checkout code	2025-03-27T11:22:34.5184389Z   KAOS_PATH_RESUME: core/outputs/j/
job-core	Checkout code	2025-03-27T11:22:34.5185053Z   KAOS_REPO: /actions-runner/_work/kaos/kaos
job-core	Checkout code	2025-03-27T11:22:34.5185468Z   KAOS_STEP_MODULE: 
job-core	Checkout code	2025-03-27T11:22:34.5185784Z   KAOS_CODE: 14105310273
job-core	Checkout code	2025-03-27T11:22:34.5186110Z   KAOS_REF_BRANCH: main
job-core	Checkout code	2025-03-27T11:22:34.5186425Z ##[endgroup]
job-core	Checkout code	2025-03-27T11:22:34.6817655Z Syncing repository: Ka0s-Klaus/ka0s
job-core	Checkout code	2025-03-27T11:22:34.6820544Z ##[group]Getting Git version info
job-core	Checkout code	2025-03-27T11:22:34.6821593Z Working directory is '/actions-runner/_work/ka0s/ka0s'
job-core	Checkout code	2025-03-27T11:22:34.6822986Z [command]/usr/bin/git version
job-core	Checkout code	2025-03-27T11:22:34.6823655Z git version 2.48.1
job-core	Checkout code	2025-03-27T11:22:34.6851095Z ##[endgroup]
job-core	Checkout code	2025-03-27T11:22:34.6871211Z Copying '/home/kaos/.gitconfig' to '/actions-runner/_work/_temp/99eb6d36-6bb3-4c5b-b26b-e889490a5f63/.gitconfig'
job-core	Checkout code	2025-03-27T11:22:34.6889098Z Temporarily overriding HOME='/actions-runner/_work/_temp/99eb6d36-6bb3-4c5b-b26b-e889490a5f63' before making global git config changes
job-core	Checkout code	2025-03-27T11:22:34.6899363Z Adding repository directory to the temporary git global config as a safe directory
job-core	Checkout code	2025-03-27T11:22:34.6901344Z [command]/usr/bin/git config --global --add safe.directory /actions-runner/_work/ka0s/ka0s
job-core	Checkout code	2025-03-27T11:22:34.6962283Z [command]/usr/bin/git config --local --get remote.origin.url
job-core	Checkout code	2025-03-27T11:22:34.7005020Z https://github.com/Ka0s-Klaus/ka0s
job-core	Checkout code	2025-03-27T11:22:34.7036364Z ##[group]Removing previously created refs, to avoid conflicts
job-core	Checkout code	2025-03-27T11:22:34.7044649Z [command]/usr/bin/git rev-parse --symbolic-full-name --verify --quiet HEAD
job-core	Checkout code	2025-03-27T11:22:34.7079936Z refs/heads/H44-creación-módulo-versionado
job-core	Checkout code	2025-03-27T11:22:34.7097442Z [command]/usr/bin/git checkout --detach
job-core	Checkout code	2025-03-27T11:22:34.7202960Z HEAD is now at 59bec5b [Ka0S] Uploading resume execution files to the repository...
job-core	Checkout code	2025-03-27T11:22:34.7279405Z [command]/usr/bin/git branch --delete --force H44-creación-módulo-versionado
job-core	Checkout code	2025-03-27T11:22:34.7326435Z Deleted branch H44-creación-módulo-versionado (was 59bec5b).
job-core	Checkout code	2025-03-27T11:22:34.7394405Z ##[endgroup]
job-core	Checkout code	2025-03-27T11:22:34.7395257Z [command]/usr/bin/git submodule status
job-core	Checkout code	2025-03-27T11:22:34.7784498Z ##[group]Cleaning the repository
job-core	Checkout code	2025-03-27T11:22:34.7785959Z [command]/usr/bin/git clean -ffdx
job-core	Checkout code	2025-03-27T11:22:34.7837841Z Removing core/outputs/j/jsonlint-results-14105308676.txt
job-core	Checkout code	2025-03-27T11:22:34.7854175Z [command]/usr/bin/git reset --hard HEAD
job-core	Checkout code	2025-03-27T11:22:34.8002273Z HEAD is now at 59bec5b [Ka0S] Uploading resume execution files to the repository...
job-core	Checkout code	2025-03-27T11:22:34.8012011Z ##[endgroup]
job-core	Checkout code	2025-03-27T11:22:34.8016346Z ##[group]Disabling automatic garbage collection
job-core	Checkout code	2025-03-27T11:22:34.8019389Z [command]/usr/bin/git config --local gc.auto 0
job-core	Checkout code	2025-03-27T11:22:34.8070373Z ##[endgroup]
job-core	Checkout code	2025-03-27T11:22:34.8071362Z ##[group]Setting up auth
job-core	Checkout code	2025-03-27T11:22:34.8081510Z [command]/usr/bin/git config --local --name-only --get-regexp core\.sshCommand
job-core	Checkout code	2025-03-27T11:22:34.8148062Z [command]/usr/bin/git submodule foreach --recursive sh -c "git config --local --name-only --get-regexp 'core\.sshCommand' && git config --local --unset-all 'core.sshCommand' || :"
job-core	Checkout code	2025-03-27T11:22:34.8545568Z [command]/usr/bin/git config --local --name-only --get-regexp http\.https\:\/\/github\.com\/\.extraheader
job-core	Checkout code	2025-03-27T11:22:34.8591545Z [command]/usr/bin/git submodule foreach --recursive sh -c "git config --local --name-only --get-regexp 'http\.https\:\/\/github\.com\/\.extraheader' && git config --local --unset-all 'http.https://github.com/.extraheader' || :"
job-core	Checkout code	2025-03-27T11:22:34.9005616Z [command]/usr/bin/git config --local http.https://github.com/.extraheader AUTHORIZATION: basic ***
job-core	Checkout code	2025-03-27T11:22:34.9065434Z ##[endgroup]
job-core	Checkout code	2025-03-27T11:22:34.9066522Z ##[group]Fetching the repository
job-core	Checkout code	2025-03-27T11:22:34.9078493Z [command]/usr/bin/git -c protocol.version=2 fetch --prune --no-recurse-submodules origin +refs/heads/*:refs/remotes/origin/* +refs/tags/*:refs/tags/*
job-core	Checkout code	2025-03-27T11:22:35.7619488Z [command]/usr/bin/git branch --list --remote origin/H44-creación-módulo-versionado
job-core	Checkout code	2025-03-27T11:22:35.7658540Z   origin/H44-creación-módulo-versionado
job-core	Checkout code	2025-03-27T11:22:35.7673512Z [command]/usr/bin/git rev-parse refs/remotes/origin/H44-creación-módulo-versionado
job-core	Checkout code	2025-03-27T11:22:35.7709640Z 59bec5b57fa6a13f2abdaf06284b73340ff59869
job-core	Checkout code	2025-03-27T11:22:35.7720310Z ##[endgroup]
job-core	Checkout code	2025-03-27T11:22:35.7721914Z ##[group]Determining the checkout info
job-core	Checkout code	2025-03-27T11:22:35.7723020Z ##[endgroup]
job-core	Checkout code	2025-03-27T11:22:35.7730154Z [command]/usr/bin/git sparse-checkout disable
job-core	Checkout code	2025-03-27T11:22:35.7801641Z [command]/usr/bin/git config --local --unset-all extensions.worktreeConfig
job-core	Checkout code	2025-03-27T11:22:35.7845840Z ##[group]Checking out the ref
job-core	Checkout code	2025-03-27T11:22:35.7856370Z [command]/usr/bin/git checkout --progress --force -B H44-creación-módulo-versionado refs/remotes/origin/H44-creación-módulo-versionado
job-core	Checkout code	2025-03-27T11:22:35.7961126Z Switched to a new branch 'H44-creación-módulo-versionado'
job-core	Checkout code	2025-03-27T11:22:35.7966956Z branch 'H44-creación-módulo-versionado' set up to track 'origin/H44-creación-módulo-versionado'.
job-core	Checkout code	2025-03-27T11:22:35.7976402Z ##[endgroup]
job-core	Checkout code	2025-03-27T11:22:35.8032610Z [command]/usr/bin/git log -1 --format=%H
job-core	Checkout code	2025-03-27T11:22:35.8070558Z 59bec5b57fa6a13f2abdaf06284b73340ff59869
job-core	Install Node.js	﻿2025-03-27T11:22:35.8368048Z ##[group]Run actions/setup-node@v2
job-core	Install Node.js	2025-03-27T11:22:35.8368450Z with:
job-core	Install Node.js	2025-03-27T11:22:35.8368671Z   node-version: 14
job-core	Install Node.js	2025-03-27T11:22:35.8368930Z   always-auth: false
job-core	Install Node.js	2025-03-27T11:22:35.8369196Z   check-latest: false
job-core	Install Node.js	2025-03-27T11:22:35.8369624Z   token: ***
job-core	Install Node.js	2025-03-27T11:22:35.8369845Z env:
job-core	Install Node.js	2025-03-27T11:22:35.8370069Z   KAOS_MODULE: [Ka0S] JSONLINT
job-core	Install Node.js	2025-03-27T11:22:35.8370675Z   GH_TOKEN: ***
job-core	Install Node.js	2025-03-27T11:22:35.8370974Z   KAOS_JSONLINT_CONFIG: core/config/.jsonlint.json
job-core	Install Node.js	2025-03-27T11:22:35.8371370Z   KAOS_PATH_RESUME: core/outputs/j/
job-core	Install Node.js	2025-03-27T11:22:35.8371732Z   KAOS_REPO: /actions-runner/_work/kaos/kaos
job-core	Install Node.js	2025-03-27T11:22:35.8372084Z   KAOS_STEP_MODULE: 
job-core	Install Node.js	2025-03-27T11:22:35.8372340Z   KAOS_CODE: 14105310273
job-core	Install Node.js	2025-03-27T11:22:35.8372611Z   KAOS_REF_BRANCH: main
job-core	Install Node.js	2025-03-27T11:22:35.8372870Z ##[endgroup]
job-core	Install Node.js	2025-03-27T11:22:36.0276809Z Found in cache @ /actions-runner/_work/_tool/node/14.21.3/x64
job-core	Install jsonlint	﻿2025-03-27T11:22:36.0461252Z ##[group]Run if ! command -v jsonlint &> /dev/null; then
job-core	Install jsonlint	2025-03-27T11:22:36.0461981Z [36;1mif ! command -v jsonlint &> /dev/null; then[0m
job-core	Install jsonlint	2025-03-27T11:22:36.0462421Z [36;1m  echo "Installing jsonlint..."[0m
job-core	Install jsonlint	2025-03-27T11:22:36.0462801Z [36;1m  npm install -g jsonlint[0m
job-core	Install jsonlint	2025-03-27T11:22:36.0463127Z [36;1melse[0m
job-core	Install jsonlint	2025-03-27T11:22:36.0463507Z [36;1m  echo "jsonlint already installed, skipping installation"[0m
job-core	Install jsonlint	2025-03-27T11:22:36.0464175Z [36;1mfi[0m
job-core	Install jsonlint	2025-03-27T11:22:36.0464442Z [36;1mmkdir -p core/outputs/j/[0m
job-core	Install jsonlint	2025-03-27T11:22:36.0482134Z shell: /usr/bin/bash -e {0}
job-core	Install jsonlint	2025-03-27T11:22:36.0482547Z env:
job-core	Install jsonlint	2025-03-27T11:22:36.0482801Z   KAOS_MODULE: [Ka0S] JSONLINT
job-core	Install jsonlint	2025-03-27T11:22:36.0483411Z   GH_TOKEN: ***
job-core	Install jsonlint	2025-03-27T11:22:36.0483729Z   KAOS_JSONLINT_CONFIG: core/config/.jsonlint.json
job-core	Install jsonlint	2025-03-27T11:22:36.0484312Z   KAOS_PATH_RESUME: core/outputs/j/
job-core	Install jsonlint	2025-03-27T11:22:36.0484694Z   KAOS_REPO: /actions-runner/_work/kaos/kaos
job-core	Install jsonlint	2025-03-27T11:22:36.0485056Z   KAOS_STEP_MODULE: 
job-core	Install jsonlint	2025-03-27T11:22:36.0485407Z   KAOS_CODE: 14105310273
job-core	Install jsonlint	2025-03-27T11:22:36.0485695Z   KAOS_REF_BRANCH: main
job-core	Install jsonlint	2025-03-27T11:22:36.0485987Z ##[endgroup]
job-core	Install jsonlint	2025-03-27T11:22:36.0572045Z jsonlint already installed, skipping installation
job-core	Check JSON	﻿2025-03-27T11:22:36.0731787Z ##[group]Run # Invocamos la primera comprobación de base, sino se supera el proceso no continua
job-core	Check JSON	2025-03-27T11:22:36.0732756Z [36;1m# Invocamos la primera comprobación de base, sino se supera el proceso no continua[0m
job-core	Check JSON	2025-03-27T11:22:36.0733350Z [36;1m# Extraemos el nombre del fichero[0m
job-core	Check JSON	2025-03-27T11:22:36.0734102Z [36;1mfile_name=$(basename "core/outputs/e/14102479275.json")[0m
job-core	Check JSON	2025-03-27T11:22:36.0734796Z [36;1m# Generamos el fichero de resultados vacio[0m
job-core	Check JSON	2025-03-27T11:22:36.0735286Z [36;1mtouch core/outputs/j/jsonlint-results-14105310273.txt[0m
job-core	Check JSON	2025-03-27T11:22:36.0735776Z [36;1m# Realizamos el check del documento json [0m
job-core	Check JSON	2025-03-27T11:22:36.0736417Z [36;1mjsonlint core/outputs/e/14102479275.json > core/outputs/j/jsonlint-results-14105310273.txt[0m
job-core	Check JSON	2025-03-27T11:22:36.0737147Z [36;1m# esto es un workarround importante que hay que retirar[0m
job-core	Check JSON	2025-03-27T11:22:36.0737669Z [36;1m#rm -rf core/outputs/j/jsonlint-results-14105310273.txt[0m
job-core	Check JSON	2025-03-27T11:22:36.0738090Z [36;1m# a retirar[0m
job-core	Check JSON	2025-03-27T11:22:36.0738420Z [36;1m# Check if exist errors in file[0m
job-core	Check JSON	2025-03-27T11:22:36.0738769Z [36;1mecho "Mostramos fichero"[0m
job-core	Check JSON	2025-03-27T11:22:36.0739180Z [36;1mcat core/outputs/j/jsonlint-results-14105310273.txt[0m
job-core	Check JSON	2025-03-27T11:22:36.0739737Z [36;1mif [ ! -s core/outputs/j/jsonlint-results-14105310273.txt ]; then[0m
job-core	Check JSON	2025-03-27T11:22:36.0740479Z [36;1m  echo "File core/outputs/j/jsonlint-results-14105310273.txt is empty and is content correct"[0m
job-core	Check JSON	2025-03-27T11:22:36.0741968Z [36;1m  KAOS_ISSUE_BODY="The [Ka0S] JSONLINT process (14105288066) launch the check (14105310273) over file (core/outputs/e/14102479275.json) and its result has been SUCCESS. Please review all files implicated in pull request and approve to merge"[0m
job-core	Check JSON	2025-03-27T11:22:36.0743377Z [36;1m  # Añadimos la versión de jsonlint con la que se realiza la comprobacion[0m
job-core	Check JSON	2025-03-27T11:22:36.0744415Z [36;1m  jsonlint --version >> core/outputs/j/jsonlint-results-14105310273.txt[0m
job-core	Check JSON	2025-03-27T11:22:36.0745155Z [36;1m  # añadimos el nombre del fichero que vamos a comprobar[0m
job-core	Check JSON	2025-03-27T11:22:36.0745866Z [36;1m  echo "Finding: core/outputs/e/14102479275.json" >> core/outputs/j/jsonlint-results-14105310273.txt[0m
job-core	Check JSON	2025-03-27T11:22:36.0747067Z [36;1m  # gh workflow run issue.yaml --ref main -f kaos-issue-title="" -f kaos-issue-body="$KAOS_ISSUE_BODY" -f kaos-issue-actions=comment -f kaos-issue-tag="" -f kaos-issue-id=44[0m
job-core	Check JSON	2025-03-27T11:22:36.0748148Z [36;1m  gh issue comment  44 -F core/outputs/j/jsonlint-results-14105310273.txt[0m
job-core	Check JSON	2025-03-27T11:22:36.0748632Z [36;1melse[0m
job-core	Check JSON	2025-03-27T11:22:36.0748957Z [36;1m  cat core/outputs/j/jsonlint-results-14105310273.txt[0m
job-core	Check JSON	2025-03-27T11:22:36.0749788Z [36;1m  echo "File core/outputs/j/jsonlint-results-14105310273.txt is not empty and is content not correct and write commit info"[0m
job-core	Check JSON	2025-03-27T11:22:36.0752778Z [36;1m  KAOS_ISSUE_BODY="The [Ka0S] JSONLINT process (14105288066) launch the check (14105310273) over file (core/outputs/e/14102479275.json) and its result has been FAILED, please check and solved it"[0m
job-core	Check JSON	2025-03-27T11:22:36.0754993Z [36;1m  # Añadimos la versión de jsonlint con la que se realiza la comprobacion[0m
job-core	Check JSON	2025-03-27T11:22:36.0755683Z [36;1m  # jsonlint --version || true >> core/outputs/j/jsonlint-results-14105310273.txt[0m
job-core	Check JSON	2025-03-27T11:22:36.0756301Z [36;1m  # añadimos el nombre del fichero que vamos a comprobar[0m
job-core	Check JSON	2025-03-27T11:22:36.0757009Z [36;1m  echo "Finding: core/outputs/e/14102479275.json" >> core/outputs/j/jsonlint-results-14105310273.txt[0m
job-core	Check JSON	2025-03-27T11:22:36.0758211Z [36;1m  # gh workflow run issue.yaml --ref main -f kaos-issue-title="" -f kaos-issue-body="$KAOS_ISSUE_BODY" -f kaos-issue-actions=comment -f kaos-issue-tag="" -f kaos-issue-id=44 [0m
job-core	Check JSON	2025-03-27T11:22:36.0759301Z [36;1m  gh issue comment  44 -F core/outputs/j/jsonlint-results-14105310273.txt[0m
job-core	Check JSON	2025-03-27T11:22:36.0759790Z [36;1mfi[0m
job-core	Check JSON	2025-03-27T11:22:36.0770355Z shell: /usr/bin/bash -e {0}
job-core	Check JSON	2025-03-27T11:22:36.0770679Z env:
job-core	Check JSON	2025-03-27T11:22:36.0770911Z   KAOS_MODULE: [Ka0S] JSONLINT
job-core	Check JSON	2025-03-27T11:22:36.0771716Z   GH_TOKEN: ***
job-core	Check JSON	2025-03-27T11:22:36.0772016Z   KAOS_JSONLINT_CONFIG: core/config/.jsonlint.json
job-core	Check JSON	2025-03-27T11:22:36.0772416Z   KAOS_PATH_RESUME: core/outputs/j/
job-core	Check JSON	2025-03-27T11:22:36.0772771Z   KAOS_REPO: /actions-runner/_work/kaos/kaos
job-core	Check JSON	2025-03-27T11:22:36.0773121Z   KAOS_STEP_MODULE: 
job-core	Check JSON	2025-03-27T11:22:36.0773381Z   KAOS_CODE: 14105310273
job-core	Check JSON	2025-03-27T11:22:36.0773651Z   KAOS_REF_BRANCH: main
job-core	Check JSON	2025-03-27T11:22:36.0774461Z ##[endgroup]
job-core	Check JSON	2025-03-27T11:22:36.2681592Z Mostramos fichero
job-core	Check JSON	2025-03-27T11:22:36.2699410Z {
job-core	Check JSON	2025-03-27T11:22:36.2702328Z   "conclusion": "success",
job-core	Check JSON	2025-03-27T11:22:36.2704889Z   "createdAt": "2025-03-27T08:51:28Z",
job-core	Check JSON	2025-03-27T11:22:36.2706060Z   "databaseId": 14102479275,
job-core	Check JSON	2025-03-27T11:22:36.2708519Z   "displayTitle": "Ka0s JSON Lint",
job-core	Check JSON	2025-03-27T11:22:36.2710132Z   "event": "workflow_dispatch",
job-core	Check JSON	2025-03-27T11:22:36.2711280Z   "headBranch": "H34-modulo-iac-kaos",
job-core	Check JSON	2025-03-27T11:22:36.2730558Z   "headSha": "678d230439a588b10154e1644ffbc5c70ac9b81d",
job-core	Check JSON	2025-03-27T11:22:36.2733124Z   "jobs": [
job-core	Check JSON	2025-03-27T11:22:36.2734757Z     {
job-core	Check JSON	2025-03-27T11:22:36.2735939Z       "completedAt": "2025-03-27T08:53:35Z",
job-core	Check JSON	2025-03-27T11:22:36.2737949Z       "conclusion": "success",
job-core	Check JSON	2025-03-27T11:22:36.2739326Z       "databaseId": 39501508360,
job-core	Check JSON	2025-03-27T11:22:36.2741160Z       "name": "job-core",
job-core	Check JSON	2025-03-27T11:22:36.2743141Z       "startedAt": "2025-03-27T08:53:16Z",
job-core	Check JSON	2025-03-27T11:22:36.2744673Z       "status": "completed",
job-core	Check JSON	2025-03-27T11:22:36.2746391Z       "steps": [
job-core	Check JSON	2025-03-27T11:22:36.2749187Z         {
job-core	Check JSON	2025-03-27T11:22:36.2750366Z           "conclusion": "success",
job-core	Check JSON	2025-03-27T11:22:36.2754846Z           "name": "Set up job",
job-core	Check JSON	2025-03-27T11:22:36.2755496Z           "number": 1,
job-core	Check JSON	2025-03-27T11:22:36.2756089Z           "status": "completed"
job-core	Check JSON	2025-03-27T11:22:36.2756633Z         },
job-core	Check JSON	2025-03-27T11:22:36.2757053Z         {
job-core	Check JSON	2025-03-27T11:22:36.2757548Z           "conclusion": "success",
job-core	Check JSON	2025-03-27T11:22:36.2758215Z           "name": "Checkout code",
job-core	Check JSON	2025-03-27T11:22:36.2758968Z           "number": 2,
job-core	Check JSON	2025-03-27T11:22:36.2759704Z           "status": "completed"
job-core	Check JSON	2025-03-27T11:22:36.2760244Z         },
job-core	Check JSON	2025-03-27T11:22:36.2760632Z         {
job-core	Check JSON	2025-03-27T11:22:36.2761113Z           "conclusion": "success",
job-core	Check JSON	2025-03-27T11:22:36.2761786Z           "name": "Install Node.js",
job-core	Check JSON	2025-03-27T11:22:36.2762381Z           "number": 3,
job-core	Check JSON	2025-03-27T11:22:36.2762959Z           "status": "completed"
job-core	Check JSON	2025-03-27T11:22:36.2763500Z         },
job-core	Check JSON	2025-03-27T11:22:36.2764525Z         {
job-core	Check JSON	2025-03-27T11:22:36.2765054Z           "conclusion": "success",
job-core	Check JSON	2025-03-27T11:22:36.2765735Z           "name": "Install jsonlint",
job-core	Check JSON	2025-03-27T11:22:36.2766318Z           "number": 4,
job-core	Check JSON	2025-03-27T11:22:36.2766857Z           "status": "completed"
job-core	Check JSON	2025-03-27T11:22:36.2767396Z         },
job-core	Check JSON	2025-03-27T11:22:36.2767786Z         {
job-core	Check JSON	2025-03-27T11:22:36.2768859Z           "conclusion": "success",
job-core	Check JSON	2025-03-27T11:22:36.2769537Z           "name": "Check JSON",
job-core	Check JSON	2025-03-27T11:22:36.2770104Z           "number": 5,
job-core	Check JSON	2025-03-27T11:22:36.2770668Z           "status": "completed"
job-core	Check JSON	2025-03-27T11:22:36.2771211Z         },
job-core	Check JSON	2025-03-27T11:22:36.2771616Z         {
job-core	Check JSON	2025-03-27T11:22:36.2772428Z           "conclusion": "success",
job-core	Check JSON	2025-03-27T11:22:36.2773167Z           "name": "Post Install Node.js",
job-core	Check JSON	2025-03-27T11:22:36.2774133Z           "number": 9,
job-core	Check JSON	2025-03-27T11:22:36.2774734Z           "status": "completed"
job-core	Check JSON	2025-03-27T11:22:36.2775296Z         },
job-core	Check JSON	2025-03-27T11:22:36.2775706Z         {
job-core	Check JSON	2025-03-27T11:22:36.2776194Z           "conclusion": "success",
job-core	Check JSON	2025-03-27T11:22:36.2776896Z           "name": "Post Checkout code",
job-core	Check JSON	2025-03-27T11:22:36.2777528Z           "number": 10,
job-core	Check JSON	2025-03-27T11:22:36.2778121Z           "status": "completed"
job-core	Check JSON	2025-03-27T11:22:36.2778671Z         },
job-core	Check JSON	2025-03-27T11:22:36.2779065Z         {
job-core	Check JSON	2025-03-27T11:22:36.2779578Z           "conclusion": "success",
job-core	Check JSON	2025-03-27T11:22:36.2780302Z           "name": "Complete job",
job-core	Check JSON	2025-03-27T11:22:36.2780893Z           "number": 11,
job-core	Check JSON	2025-03-27T11:22:36.2781473Z           "status": "completed"
job-core	Check JSON	2025-03-27T11:22:36.2782029Z         }
job-core	Check JSON	2025-03-27T11:22:36.2783124Z       ],
job-core	Check JSON	2025-03-27T11:22:36.2784295Z       "url": "https://github.com/Ka0s-Klaus/ka0s/actions/runs/14102479275/job/39501508360"
job-core	Check JSON	2025-03-27T11:22:36.2785318Z     },
job-core	Check JSON	2025-03-27T11:22:36.2785726Z     {
job-core	Check JSON	2025-03-27T11:22:36.2786267Z       "completedAt": "2025-03-27T09:01:55Z",
job-core	Check JSON	2025-03-27T11:22:36.2787003Z       "conclusion": "success",
job-core	Check JSON	2025-03-27T11:22:36.2787666Z       "databaseId": 39501633921,
job-core	Check JSON	2025-03-27T11:22:36.2788297Z       "name": "handle-success",
job-core	Check JSON	2025-03-27T11:22:36.2788991Z       "startedAt": "2025-03-27T09:01:47Z",
job-core	Check JSON	2025-03-27T11:22:36.2789657Z       "status": "completed",
job-core	Check JSON	2025-03-27T11:22:36.2790209Z       "steps": [
job-core	Check JSON	2025-03-27T11:22:36.2790651Z         {
job-core	Check JSON	2025-03-27T11:22:36.2791172Z           "conclusion": "success",
job-core	Check JSON	2025-03-27T11:22:36.2791790Z           "name": "Set up job",
job-core	Check JSON	2025-03-27T11:22:36.2792398Z           "number": 1,
job-core	Check JSON	2025-03-27T11:22:36.2792950Z           "status": "completed"
job-core	Check JSON	2025-03-27T11:22:36.2793579Z         },
job-core	Check JSON	2025-03-27T11:22:36.2794056Z         {
job-core	Check JSON	2025-03-27T11:22:36.2794568Z           "conclusion": "success",
job-core	Check JSON	2025-03-27T11:22:36.2795309Z           "name": "handle-success-execution",
job-core	Check JSON	2025-03-27T11:22:36.2795981Z           "number": 2,
job-core	Check JSON	2025-03-27T11:22:36.2796543Z           "status": "completed"
job-core	Check JSON	2025-03-27T11:22:36.2797067Z         },
job-core	Check JSON	2025-03-27T11:22:36.2797467Z         {
job-core	Check JSON	2025-03-27T11:22:36.2797991Z           "conclusion": "success",
job-core	Check JSON	2025-03-27T11:22:36.2798693Z           "name": "Complete job",
job-core	Check JSON	2025-03-27T11:22:36.2799288Z           "number": 3,
job-core	Check JSON	2025-03-27T11:22:36.2799888Z           "status": "completed"
job-core	Check JSON	2025-03-27T11:22:36.2800451Z         }
job-core	Check JSON	2025-03-27T11:22:36.2800849Z       ],
job-core	Check JSON	2025-03-27T11:22:36.2801855Z       "url": "https://github.com/Ka0s-Klaus/ka0s/actions/runs/14102479275/job/39501633921"
job-core	Check JSON	2025-03-27T11:22:36.2803565Z     },
job-core	Check JSON	2025-03-27T11:22:36.2818383Z     {
job-core	Check JSON	2025-03-27T11:22:36.2819314Z       "completedAt": "2025-03-27T09:08:35Z",
job-core	Check JSON	2025-03-27T11:22:36.2820086Z       "conclusion": "success",
job-core	Check JSON	2025-03-27T11:22:36.2820727Z       "databaseId": 39502094551,
job-core	Check JSON	2025-03-27T11:22:36.2821360Z       "name": "end-workflow",
job-core	Check JSON	2025-03-27T11:22:36.2822009Z       "startedAt": "2025-03-27T09:08:23Z",
job-core	Check JSON	2025-03-27T11:22:36.2822638Z       "status": "completed",
job-core	Check JSON	2025-03-27T11:22:36.2823191Z       "steps": [
job-core	Check JSON	2025-03-27T11:22:36.2823649Z         {
job-core	Check JSON	2025-03-27T11:22:36.2824516Z           "conclusion": "success",
job-core	Check JSON	2025-03-27T11:22:36.2825230Z           "name": "Set up job",
job-core	Check JSON	2025-03-27T11:22:36.2825810Z           "number": 1,
job-core	Check JSON	2025-03-27T11:22:36.2826387Z           "status": "completed"
job-core	Check JSON	2025-03-27T11:22:36.2826946Z         },
job-core	Check JSON	2025-03-27T11:22:36.2827353Z         {
job-core	Check JSON	2025-03-27T11:22:36.2827889Z           "conclusion": "success",
job-core	Check JSON	2025-03-27T11:22:36.2828571Z           "name": "Checkout code",
job-core	Check JSON	2025-03-27T11:22:36.2829171Z           "number": 2,
job-core	Check JSON	2025-03-27T11:22:36.2830237Z           "status": "completed"
job-core	Check JSON	2025-03-27T11:22:36.2830798Z         },
job-core	Check JSON	2025-03-27T11:22:36.2831220Z         {
job-core	Check JSON	2025-03-27T11:22:36.2831747Z           "conclusion": "success",
job-core	Check JSON	2025-03-27T11:22:36.2832488Z           "name": "Finaliza el workflow",
job-core	Check JSON	2025-03-27T11:22:36.2833168Z           "number": 3,
job-core	Check JSON	2025-03-27T11:22:36.2833864Z           "status": "completed"
job-core	Check JSON	2025-03-27T11:22:36.2834435Z         },
job-core	Check JSON	2025-03-27T11:22:36.2834841Z         {
job-core	Check JSON	2025-03-27T11:22:36.2835342Z           "conclusion": "success",
job-core	Check JSON	2025-03-27T11:22:36.2836084Z           "name": "Post Checkout code",
job-core	Check JSON	2025-03-27T11:22:36.2836750Z           "number": 6,
job-core	Check JSON	2025-03-27T11:22:36.2837343Z           "status": "completed"
job-core	Check JSON	2025-03-27T11:22:36.2837927Z         },
job-core	Check JSON	2025-03-27T11:22:36.2838335Z         {
job-core	Check JSON	2025-03-27T11:22:36.2838861Z           "conclusion": "success",
job-core	Check JSON	2025-03-27T11:22:36.2839549Z           "name": "Complete job",
job-core	Check JSON	2025-03-27T11:22:36.2840158Z           "number": 7,
job-core	Check JSON	2025-03-27T11:22:36.2840755Z           "status": "completed"
job-core	Check JSON	2025-03-27T11:22:36.2841330Z         }
job-core	Check JSON	2025-03-27T11:22:36.2841754Z       ],
job-core	Check JSON	2025-03-27T11:22:36.2842756Z       "url": "https://github.com/Ka0s-Klaus/ka0s/actions/runs/14102479275/job/39502094551"
job-core	Check JSON	2025-03-27T11:22:36.2843867Z     },
job-core	Check JSON	2025-03-27T11:22:36.2844680Z     {
job-core	Check JSON	2025-03-27T11:22:36.2845250Z       "completedAt": "2025-03-27T09:01:55Z",
job-core	Check JSON	2025-03-27T11:22:36.2846029Z       "conclusion": "skipped",
job-core	Check JSON	2025-03-27T11:22:36.2846712Z       "databaseId": 39502094621,
job-core	Check JSON	2025-03-27T11:22:36.2847353Z       "name": "handle_failure",
job-core	Check JSON	2025-03-27T11:22:36.2848052Z       "startedAt": "2025-03-27T09:01:56Z",
job-core	Check JSON	2025-03-27T11:22:36.2848740Z       "status": "completed",
job-core	Check JSON	2025-03-27T11:22:36.2849318Z       "steps": [],
job-core	Check JSON	2025-03-27T11:22:36.2850335Z       "url": "https://github.com/Ka0s-Klaus/ka0s/actions/runs/14102479275/job/39502094621"
job-core	Check JSON	2025-03-27T11:22:36.2851336Z     }
job-core	Check JSON	2025-03-27T11:22:36.2851838Z   ],
job-core	Check JSON	2025-03-27T11:22:36.2852275Z   "name": "Ka0s JSON Lint",
job-core	Check JSON	2025-03-27T11:22:36.2852816Z   "number": 120,
job-core	Check JSON	2025-03-27T11:22:36.2853368Z   "startedAt": "2025-03-27T08:51:28Z",
job-core	Check JSON	2025-03-27T11:22:36.2854033Z   "status": "completed",
job-core	Check JSON	2025-03-27T11:22:36.2854665Z   "updatedAt": "2025-03-27T09:08:36Z",
job-core	Check JSON	2025-03-27T11:22:36.2855562Z   "url": "https://github.com/Ka0s-Klaus/ka0s/actions/runs/14102479275",
job-core	Check JSON	2025-03-27T11:22:36.2856508Z   "workflowDatabaseId": 152110813,
job-core	Check JSON	2025-03-27T11:22:36.2857468Z   "workflowName": "Ka0s JSON Lint"
job-core	Check JSON	2025-03-27T11:22:36.2858106Z }
job-core	Check JSON	2025-03-27T11:22:36.2858503Z {
job-core	Check JSON	2025-03-27T11:22:36.2858943Z   "conclusion": "success",
job-core	Check JSON	2025-03-27T11:22:36.2859580Z   "createdAt": "2025-03-27T08:51:28Z",
job-core	Check JSON	2025-03-27T11:22:36.2860204Z   "databaseId": 14102479275,
job-core	Check JSON	2025-03-27T11:22:36.2860848Z   "displayTitle": "Ka0s JSON Lint",
job-core	Check JSON	2025-03-27T11:22:36.2861539Z   "event": "workflow_dispatch",
job-core	Check JSON	2025-03-27T11:22:36.2862322Z   "headBranch": "H34-modulo-iac-kaos",
job-core	Check JSON	2025-03-27T11:22:36.2863155Z   "headSha": "678d230439a588b10154e1644ffbc5c70ac9b81d",
job-core	Check JSON	2025-03-27T11:22:36.2863948Z   "jobs": [
job-core	Check JSON	2025-03-27T11:22:36.2864348Z     {
job-core	Check JSON	2025-03-27T11:22:36.2876932Z       "completedAt": "2025-03-27T08:53:35Z",
job-core	Check JSON	2025-03-27T11:22:36.2878017Z       "conclusion": "success",
job-core	Check JSON	2025-03-27T11:22:36.2878684Z       "databaseId": 39501508360,
job-core	Check JSON	2025-03-27T11:22:36.2879257Z       "name": "job-core",
job-core	Check JSON	2025-03-27T11:22:36.2879884Z       "startedAt": "2025-03-27T08:53:16Z",
job-core	Check JSON	2025-03-27T11:22:36.2880582Z       "status": "completed",
job-core	Check JSON	2025-03-27T11:22:36.2881126Z       "steps": [
job-core	Check JSON	2025-03-27T11:22:36.2881537Z         {
job-core	Check JSON	2025-03-27T11:22:36.2882047Z           "conclusion": "success",
job-core	Check JSON	2025-03-27T11:22:36.2882711Z           "name": "Set up job",
job-core	Check JSON	2025-03-27T11:22:36.2883223Z           "number": 1,
job-core	Check JSON	2025-03-27T11:22:36.2883917Z           "status": "completed"
job-core	Check JSON	2025-03-27T11:22:36.2884492Z         },
job-core	Check JSON	2025-03-27T11:22:36.2884862Z         {
job-core	Check JSON	2025-03-27T11:22:36.2885368Z           "conclusion": "success",
job-core	Check JSON	2025-03-27T11:22:36.2886275Z           "name": "Checkout code",
job-core	Check JSON	2025-03-27T11:22:36.2886880Z           "number": 2,
job-core	Check JSON	2025-03-27T11:22:36.2887429Z           "status": "completed"
job-core	Check JSON	2025-03-27T11:22:36.2887966Z         },
job-core	Check JSON	2025-03-27T11:22:36.2888872Z         {
job-core	Check JSON	2025-03-27T11:22:36.2889386Z           "conclusion": "success",
job-core	Check JSON	2025-03-27T11:22:36.2890800Z           "name": "Install Node.js",
job-core	Check JSON	2025-03-27T11:22:36.2891413Z           "number": 3,
job-core	Check JSON	2025-03-27T11:22:36.2891952Z           "status": "completed"
job-core	Check JSON	2025-03-27T11:22:36.2892464Z         },
job-core	Check JSON	2025-03-27T11:22:36.2892867Z         {
job-core	Check JSON	2025-03-27T11:22:36.2893360Z           "conclusion": "success",
job-core	Check JSON	2025-03-27T11:22:36.2894221Z           "name": "Install jsonlint",
job-core	Check JSON	2025-03-27T11:22:36.2894849Z           "number": 4,
job-core	Check JSON	2025-03-27T11:22:36.2895436Z           "status": "completed"
job-core	Check JSON	2025-03-27T11:22:36.2895974Z         },
job-core	Check JSON	2025-03-27T11:22:36.2896386Z         {
job-core	Check JSON	2025-03-27T11:22:36.2896921Z           "conclusion": "success",
job-core	Check JSON	2025-03-27T11:22:36.2897571Z           "name": "Check JSON",
job-core	Check JSON	2025-03-27T11:22:36.2898142Z           "number": 5,
job-core	Check JSON	2025-03-27T11:22:36.2898673Z           "status": "completed"
job-core	Check JSON	2025-03-27T11:22:36.2899196Z         },
job-core	Check JSON	2025-03-27T11:22:36.2899595Z         {
job-core	Check JSON	2025-03-27T11:22:36.2900107Z           "conclusion": "success",
job-core	Check JSON	2025-03-27T11:22:36.2900864Z           "name": "Post Install Node.js",
job-core	Check JSON	2025-03-27T11:22:36.2901493Z           "number": 9,
job-core	Check JSON	2025-03-27T11:22:36.2902065Z           "status": "completed"
job-core	Check JSON	2025-03-27T11:22:36.2903101Z         },
job-core	Check JSON	2025-03-27T11:22:36.2903460Z         {
job-core	Check JSON	2025-03-27T11:22:36.2904145Z           "conclusion": "success",
job-core	Check JSON	2025-03-27T11:22:36.2904854Z           "name": "Post Checkout code",
job-core	Check JSON	2025-03-27T11:22:36.2905480Z           "number": 10,
job-core	Check JSON	2025-03-27T11:22:36.2906079Z           "status": "completed"
job-core	Check JSON	2025-03-27T11:22:36.2906605Z         },
job-core	Check JSON	2025-03-27T11:22:36.2907011Z         {
job-core	Check JSON	2025-03-27T11:22:36.2907510Z           "conclusion": "success",
job-core	Check JSON	2025-03-27T11:22:36.2908202Z           "name": "Complete job",
job-core	Check JSON	2025-03-27T11:22:36.2908980Z           "number": 11,
job-core	Check JSON	2025-03-27T11:22:36.2909495Z           "status": "completed"
job-core	Check JSON	2025-03-27T11:22:36.2909987Z         }
job-core	Check JSON	2025-03-27T11:22:36.2910360Z       ],
job-core	Check JSON	2025-03-27T11:22:36.2911285Z       "url": "https://github.com/Ka0s-Klaus/ka0s/actions/runs/14102479275/job/39501508360"
job-core	Check JSON	2025-03-27T11:22:36.2912312Z     },
job-core	Check JSON	2025-03-27T11:22:36.2912711Z     {
job-core	Check JSON	2025-03-27T11:22:36.2913262Z       "completedAt": "2025-03-27T09:01:55Z",
job-core	Check JSON	2025-03-27T11:22:36.2914106Z       "conclusion": "success",
job-core	Check JSON	2025-03-27T11:22:36.2914787Z       "databaseId": 39501633921,
job-core	Check JSON	2025-03-27T11:22:36.2915420Z       "name": "handle-success",
job-core	Check JSON	2025-03-27T11:22:36.2916117Z       "startedAt": "2025-03-27T09:01:47Z",
job-core	Check JSON	2025-03-27T11:22:36.2916766Z       "status": "completed",
job-core	Check JSON	2025-03-27T11:22:36.2917307Z       "steps": [
job-core	Check JSON	2025-03-27T11:22:36.2917716Z         {
job-core	Check JSON	2025-03-27T11:22:36.2918196Z           "conclusion": "success",
job-core	Check JSON	2025-03-27T11:22:36.2918778Z           "name": "Set up job",
job-core	Check JSON	2025-03-27T11:22:36.2919284Z           "number": 1,
job-core	Check JSON	2025-03-27T11:22:36.2919841Z           "status": "completed"
job-core	Check JSON	2025-03-27T11:22:36.2931757Z         },
job-core	Check JSON	2025-03-27T11:22:36.2932448Z         {
job-core	Check JSON	2025-03-27T11:22:36.2933036Z           "conclusion": "success",
job-core	Check JSON	2025-03-27T11:22:36.2933938Z           "name": "handle-success-execution",
job-core	Check JSON	2025-03-27T11:22:36.2934644Z           "number": 2,
job-core	Check JSON	2025-03-27T11:22:36.2935210Z           "status": "completed"
job-core	Check JSON	2025-03-27T11:22:36.2935756Z         },
job-core	Check JSON	2025-03-27T11:22:36.2936152Z         {
job-core	Check JSON	2025-03-27T11:22:36.2936654Z           "conclusion": "success",
job-core	Check JSON	2025-03-27T11:22:36.2937365Z           "name": "Complete job",
job-core	Check JSON	2025-03-27T11:22:36.2937951Z           "number": 3,
job-core	Check JSON	2025-03-27T11:22:36.2938541Z           "status": "completed"
job-core	Check JSON	2025-03-27T11:22:36.2939103Z         }
job-core	Check JSON	2025-03-27T11:22:36.2939540Z       ],
job-core	Check JSON	2025-03-27T11:22:36.2940670Z       "url": "https://github.com/Ka0s-Klaus/ka0s/actions/runs/14102479275/job/39501633921"
job-core	Check JSON	2025-03-27T11:22:36.2941669Z     },
job-core	Check JSON	2025-03-27T11:22:36.2942071Z     {
job-core	Check JSON	2025-03-27T11:22:36.2942604Z       "completedAt": "2025-03-27T09:08:35Z",
job-core	Check JSON	2025-03-27T11:22:36.2943411Z       "conclusion": "success",
job-core	Check JSON	2025-03-27T11:22:36.2944242Z       "databaseId": 39502094551,
job-core	Check JSON	2025-03-27T11:22:36.2944856Z       "name": "end-workflow",
job-core	Check JSON	2025-03-27T11:22:36.2945565Z       "startedAt": "2025-03-27T09:08:23Z",
job-core	Check JSON	2025-03-27T11:22:36.2946667Z       "status": "completed",
job-core	Check JSON	2025-03-27T11:22:36.2947190Z       "steps": [
job-core	Check JSON	2025-03-27T11:22:36.2947626Z         {
job-core	Check JSON	2025-03-27T11:22:36.2948150Z           "conclusion": "success",
job-core	Check JSON	2025-03-27T11:22:36.2948857Z           "name": "Set up job",
job-core	Check JSON	2025-03-27T11:22:36.2949410Z           "number": 1,
job-core	Check JSON	2025-03-27T11:22:36.2949950Z           "status": "completed"
job-core	Check JSON	2025-03-27T11:22:36.2950460Z         },
job-core	Check JSON	2025-03-27T11:22:36.2950808Z         {
job-core	Check JSON	2025-03-27T11:22:36.2951279Z           "conclusion": "success",
job-core	Check JSON	2025-03-27T11:22:36.2951926Z           "name": "Checkout code",
job-core	Check JSON	2025-03-27T11:22:36.2952596Z           "number": 2,
job-core	Check JSON	2025-03-27T11:22:36.2953409Z           "status": "completed"
job-core	Check JSON	2025-03-27T11:22:36.2954159Z         },
job-core	Check JSON	2025-03-27T11:22:36.2954549Z         {
job-core	Check JSON	2025-03-27T11:22:36.2955067Z           "conclusion": "success",
job-core	Check JSON	2025-03-27T11:22:36.2955766Z           "name": "Finaliza el workflow",
job-core	Check JSON	2025-03-27T11:22:36.2956368Z           "number": 3,
job-core	Check JSON	2025-03-27T11:22:36.2957027Z           "status": "completed"
job-core	Check JSON	2025-03-27T11:22:36.2957606Z         },
job-core	Check JSON	2025-03-27T11:22:36.2958015Z         {
job-core	Check JSON	2025-03-27T11:22:36.2958523Z           "conclusion": "success",
job-core	Check JSON	2025-03-27T11:22:36.2959266Z           "name": "Post Checkout code",
job-core	Check JSON	2025-03-27T11:22:36.2960317Z           "number": 6,
job-core	Check JSON	2025-03-27T11:22:36.2960909Z           "status": "completed"
job-core	Check JSON	2025-03-27T11:22:36.2961458Z         },
job-core	Check JSON	2025-03-27T11:22:36.2961865Z         {
job-core	Check JSON	2025-03-27T11:22:36.2962414Z           "conclusion": "success",
job-core	Check JSON	2025-03-27T11:22:36.2963180Z           "name": "Complete job",
job-core	Check JSON	2025-03-27T11:22:36.2963915Z           "number": 7,
job-core	Check JSON	2025-03-27T11:22:36.2964474Z           "status": "completed"
job-core	Check JSON	2025-03-27T11:22:36.2964990Z         }
job-core	Check JSON	2025-03-27T11:22:36.2965367Z       ],
job-core	Check JSON	2025-03-27T11:22:36.2966299Z       "url": "https://github.com/Ka0s-Klaus/ka0s/actions/runs/14102479275/job/39502094551"
job-core	Check JSON	2025-03-27T11:22:36.2967251Z     },
job-core	Check JSON	2025-03-27T11:22:36.2967969Z     {
job-core	Check JSON	2025-03-27T11:22:36.2968529Z       "completedAt": "2025-03-27T09:01:55Z",
job-core	Check JSON	2025-03-27T11:22:36.2969268Z       "conclusion": "skipped",
job-core	Check JSON	2025-03-27T11:22:36.2969903Z       "databaseId": 39502094621,
job-core	Check JSON	2025-03-27T11:22:36.2970651Z       "name": "handle_failure",
job-core	Check JSON	2025-03-27T11:22:36.2971329Z       "startedAt": "2025-03-27T09:01:56Z",
job-core	Check JSON	2025-03-27T11:22:36.2972038Z       "status": "completed",
job-core	Check JSON	2025-03-27T11:22:36.2972600Z       "steps": [],
job-core	Check JSON	2025-03-27T11:22:36.2973650Z       "url": "https://github.com/Ka0s-Klaus/ka0s/actions/runs/14102479275/job/39502094621"
job-core	Check JSON	2025-03-27T11:22:36.2974744Z     }
job-core	Check JSON	2025-03-27T11:22:36.2975127Z   ],
job-core	Check JSON	2025-03-27T11:22:36.2975576Z   "name": "Ka0s JSON Lint",
job-core	Check JSON	2025-03-27T11:22:36.2976115Z   "number": 120,
job-core	Check JSON	2025-03-27T11:22:36.2976703Z   "startedAt": "2025-03-27T08:51:28Z",
job-core	Check JSON	2025-03-27T11:22:36.2988660Z   "status": "completed",
job-core	Check JSON	2025-03-27T11:22:36.2989580Z   "updatedAt": "2025-03-27T09:08:36Z",
job-core	Check JSON	2025-03-27T11:22:36.2990649Z   "url": "https://github.com/Ka0s-Klaus/ka0s/actions/runs/14102479275",
job-core	Check JSON	2025-03-27T11:22:36.2992891Z   "workflowDatabaseId": 152110813,
job-core	Check JSON	2025-03-27T11:22:36.2993593Z   "workflowName": "Ka0s JSON Lint"
job-core	Check JSON	2025-03-27T11:22:36.2994500Z }
job-core	Check JSON	2025-03-27T11:22:36.2995928Z File core/outputs/j/jsonlint-results-14105310273.txt is not empty and is content not correct and write commit info
job-core	Check JSON	2025-03-27T11:22:37.6356815Z https://github.com/Ka0s-Klaus/ka0s/issues/44#issuecomment-2757685538
job-core	Post Install Node.js	﻿2025-03-27T11:22:37.6530738Z Post job cleanup.
job-core	Post Checkout code	﻿2025-03-27T11:22:37.8140672Z Post job cleanup.
job-core	Post Checkout code	2025-03-27T11:22:37.9679390Z [command]/usr/bin/git version
job-core	Post Checkout code	2025-03-27T11:22:37.9740005Z git version 2.48.1
job-core	Post Checkout code	2025-03-27T11:22:37.9804518Z Copying '/home/kaos/.gitconfig' to '/actions-runner/_work/_temp/ebc1df55-7a13-4465-9e71-ce0bf529c4b1/.gitconfig'
job-core	Post Checkout code	2025-03-27T11:22:37.9820516Z Temporarily overriding HOME='/actions-runner/_work/_temp/ebc1df55-7a13-4465-9e71-ce0bf529c4b1' before making global git config changes
job-core	Post Checkout code	2025-03-27T11:22:37.9821983Z Adding repository directory to the temporary git global config as a safe directory
job-core	Post Checkout code	2025-03-27T11:22:37.9830358Z [command]/usr/bin/git config --global --add safe.directory /actions-runner/_work/ka0s/ka0s
job-core	Post Checkout code	2025-03-27T11:22:37.9884489Z [command]/usr/bin/git config --local --name-only --get-regexp core\.sshCommand
job-core	Post Checkout code	2025-03-27T11:22:37.9945828Z [command]/usr/bin/git submodule foreach --recursive sh -c "git config --local --name-only --get-regexp 'core\.sshCommand' && git config --local --unset-all 'core.sshCommand' || :"
job-core	Post Checkout code	2025-03-27T11:22:38.0337460Z [command]/usr/bin/git config --local --name-only --get-regexp http\.https\:\/\/github\.com\/\.extraheader
job-core	Post Checkout code	2025-03-27T11:22:38.0368365Z http.https://github.com/.extraheader
job-core	Post Checkout code	2025-03-27T11:22:38.0387013Z [command]/usr/bin/git config --local --unset-all http.https://github.com/.extraheader
job-core	Post Checkout code	2025-03-27T11:22:38.0442796Z [command]/usr/bin/git submodule foreach --recursive sh -c "git config --local --name-only --get-regexp 'http\.https\:\/\/github\.com\/\.extraheader' && git config --local --unset-all 'http.https://github.com/.extraheader' || :"
job-core	Complete job	﻿2025-03-27T11:22:38.1011181Z Cleaning up orphan processes
handle-success	Set up job	﻿2025-03-27T11:24:39.7670658Z Current runner version: '2.323.0'
handle-success	Set up job	2025-03-27T11:24:39.7680614Z Runner name: 'kaos-3'
handle-success	Set up job	2025-03-27T11:24:39.7681810Z Machine name: 'ddaf71c4382c'
handle-success	Set up job	2025-03-27T11:24:39.7685942Z ##[group]GITHUB_TOKEN Permissions
handle-success	Set up job	2025-03-27T11:24:39.7689032Z Actions: write
handle-success	Set up job	2025-03-27T11:24:39.7689861Z Contents: write
handle-success	Set up job	2025-03-27T11:24:39.7690541Z Issues: write
handle-success	Set up job	2025-03-27T11:24:39.7691239Z Metadata: read
handle-success	Set up job	2025-03-27T11:24:39.7691970Z PullRequests: write
handle-success	Set up job	2025-03-27T11:24:39.7692636Z ##[endgroup]
handle-success	Set up job	2025-03-27T11:24:39.7695820Z Secret source: Actions
handle-success	Set up job	2025-03-27T11:24:39.7696638Z Prepare workflow directory
handle-success	Set up job	2025-03-27T11:24:39.8638366Z Prepare all required actions
handle-success	Set up job	2025-03-27T11:24:39.8691955Z Getting action download info
handle-success	Set up job	2025-03-27T11:24:40.7253452Z Download action repository 'actions/checkout@v4' (SHA:11bd71901bbe5b1630ceea73d27597364c9af683)
handle-success	Set up job	2025-03-27T11:24:43.2924050Z Complete job name: handle-success
handle-success	Checkout code	﻿2025-03-27T11:24:43.3703883Z ##[group]Run actions/checkout@v4
handle-success	Checkout code	2025-03-27T11:24:43.3706020Z with:
handle-success	Checkout code	2025-03-27T11:24:43.3706894Z   fetch-depth: 0
handle-success	Checkout code	2025-03-27T11:24:43.3708837Z   token: ***
handle-success	Checkout code	2025-03-27T11:24:43.3709779Z   repository: Ka0s-Klaus/ka0s
handle-success	Checkout code	2025-03-27T11:24:43.3710885Z   ssh-strict: true
handle-success	Checkout code	2025-03-27T11:24:43.3711809Z   ssh-user: git
handle-success	Checkout code	2025-03-27T11:24:43.3712744Z   persist-credentials: true
handle-success	Checkout code	2025-03-27T11:24:43.3714379Z   clean: true
handle-success	Checkout code	2025-03-27T11:24:43.3715520Z   sparse-checkout-cone-mode: true
handle-success	Checkout code	2025-03-27T11:24:43.3716701Z   fetch-tags: false
handle-success	Checkout code	2025-03-27T11:24:43.3717652Z   show-progress: true
handle-success	Checkout code	2025-03-27T11:24:43.3718603Z   lfs: false
handle-success	Checkout code	2025-03-27T11:24:43.3719454Z   submodules: false
handle-success	Checkout code	2025-03-27T11:24:43.3720452Z   set-safe-directory: true
handle-success	Checkout code	2025-03-27T11:24:43.3722890Z env:
handle-success	Checkout code	2025-03-27T11:24:43.3724352Z   KAOS_MODULE: [Ka0S] JSONLINT
handle-success	Checkout code	2025-03-27T11:24:43.3726994Z   GH_TOKEN: ***
handle-success	Checkout code	2025-03-27T11:24:43.3728987Z   KAOS_JSONLINT_CONFIG: core/config/.jsonlint.json
handle-success	Checkout code	2025-03-27T11:24:43.3731452Z   KAOS_PATH_RESUME: core/outputs/j/
handle-success	Checkout code	2025-03-27T11:24:43.3733851Z   KAOS_REPO: /actions-runner/_work/kaos/kaos
handle-success	Checkout code	2025-03-27T11:24:43.3736274Z   KAOS_STEP_MODULE: 
handle-success	Checkout code	2025-03-27T11:24:43.3738194Z   KAOS_CODE: 14105310273
handle-success	Checkout code	2025-03-27T11:24:43.3739977Z   KAOS_REF_BRANCH: main
handle-success	Checkout code	2025-03-27T11:24:43.3741802Z ##[endgroup]
handle-success	Checkout code	2025-03-27T11:24:43.5445964Z Syncing repository: Ka0s-Klaus/ka0s
handle-success	Checkout code	2025-03-27T11:24:43.5452254Z ##[group]Getting Git version info
handle-success	Checkout code	2025-03-27T11:24:43.5456229Z Working directory is '/actions-runner/_work/ka0s/ka0s'
handle-success	Checkout code	2025-03-27T11:24:43.5460901Z [command]/usr/bin/git version
handle-success	Checkout code	2025-03-27T11:24:43.5463081Z git version 2.48.1
handle-success	Checkout code	2025-03-27T11:24:43.5469866Z ##[endgroup]
handle-success	Checkout code	2025-03-27T11:24:43.5482248Z Copying '/home/kaos/.gitconfig' to '/actions-runner/_work/_temp/dd0fb10c-44c7-4963-a4f4-d30caf1bf8f0/.gitconfig'
handle-success	Checkout code	2025-03-27T11:24:43.5489627Z Temporarily overriding HOME='/actions-runner/_work/_temp/dd0fb10c-44c7-4963-a4f4-d30caf1bf8f0' before making global git config changes
handle-success	Checkout code	2025-03-27T11:24:43.5496991Z Adding repository directory to the temporary git global config as a safe directory
handle-success	Checkout code	2025-03-27T11:24:43.5505554Z [command]/usr/bin/git config --global --add safe.directory /actions-runner/_work/ka0s/ka0s
handle-success	Checkout code	2025-03-27T11:24:43.5510390Z [command]/usr/bin/git config --local --get remote.origin.url
handle-success	Checkout code	2025-03-27T11:24:43.5550512Z https://github.com/Ka0s-Klaus/ka0s
handle-success	Checkout code	2025-03-27T11:24:43.5563219Z ##[group]Removing previously created refs, to avoid conflicts
handle-success	Checkout code	2025-03-27T11:24:43.5570223Z [command]/usr/bin/git rev-parse --symbolic-full-name --verify --quiet HEAD
handle-success	Checkout code	2025-03-27T11:24:43.5606732Z refs/heads/H44-creación-módulo-versionado
handle-success	Checkout code	2025-03-27T11:24:43.5623521Z [command]/usr/bin/git checkout --detach
handle-success	Checkout code	2025-03-27T11:24:43.5745686Z HEAD is now at 59bec5b [Ka0S] Uploading resume execution files to the repository...
handle-success	Checkout code	2025-03-27T11:24:43.5821895Z [command]/usr/bin/git branch --delete --force H44-creación-módulo-versionado
handle-success	Checkout code	2025-03-27T11:24:43.5870199Z Deleted branch H44-creación-módulo-versionado (was 59bec5b).
handle-success	Checkout code	2025-03-27T11:24:43.5946668Z ##[endgroup]
handle-success	Checkout code	2025-03-27T11:24:43.5948882Z [command]/usr/bin/git submodule status
handle-success	Checkout code	2025-03-27T11:24:43.6348675Z ##[group]Cleaning the repository
handle-success	Checkout code	2025-03-27T11:24:43.6356636Z [command]/usr/bin/git clean -ffdx
handle-success	Checkout code	2025-03-27T11:24:43.6430089Z [command]/usr/bin/git reset --hard HEAD
handle-success	Checkout code	2025-03-27T11:24:43.6582607Z HEAD is now at 59bec5b [Ka0S] Uploading resume execution files to the repository...
handle-success	Checkout code	2025-03-27T11:24:43.6596822Z ##[endgroup]
handle-success	Checkout code	2025-03-27T11:24:43.6599926Z ##[group]Disabling automatic garbage collection
handle-success	Checkout code	2025-03-27T11:24:43.6603395Z [command]/usr/bin/git config --local gc.auto 0
handle-success	Checkout code	2025-03-27T11:24:43.6662574Z ##[endgroup]
handle-success	Checkout code	2025-03-27T11:24:43.6665488Z ##[group]Setting up auth
handle-success	Checkout code	2025-03-27T11:24:43.6670815Z [command]/usr/bin/git config --local --name-only --get-regexp core\.sshCommand
handle-success	Checkout code	2025-03-27T11:24:43.6724179Z [command]/usr/bin/git submodule foreach --recursive sh -c "git config --local --name-only --get-regexp 'core\.sshCommand' && git config --local --unset-all 'core.sshCommand' || :"
handle-success	Checkout code	2025-03-27T11:24:43.7129354Z [command]/usr/bin/git config --local --name-only --get-regexp http\.https\:\/\/github\.com\/\.extraheader
handle-success	Checkout code	2025-03-27T11:24:43.7182915Z [command]/usr/bin/git submodule foreach --recursive sh -c "git config --local --name-only --get-regexp 'http\.https\:\/\/github\.com\/\.extraheader' && git config --local --unset-all 'http.https://github.com/.extraheader' || :"
handle-success	Checkout code	2025-03-27T11:24:43.7609314Z [command]/usr/bin/git config --local http.https://github.com/.extraheader AUTHORIZATION: basic ***
handle-success	Checkout code	2025-03-27T11:24:43.7666476Z ##[endgroup]
handle-success	Checkout code	2025-03-27T11:24:43.7669433Z ##[group]Fetching the repository
handle-success	Checkout code	2025-03-27T11:24:43.7682713Z [command]/usr/bin/git -c protocol.version=2 fetch --prune --no-recurse-submodules origin +refs/heads/*:refs/remotes/origin/* +refs/tags/*:refs/tags/*
handle-success	Checkout code	2025-03-27T11:24:44.5165465Z [command]/usr/bin/git branch --list --remote origin/H44-creación-módulo-versionado
handle-success	Checkout code	2025-03-27T11:24:44.5201750Z   origin/H44-creación-módulo-versionado
handle-success	Checkout code	2025-03-27T11:24:44.5214554Z [command]/usr/bin/git rev-parse refs/remotes/origin/H44-creación-módulo-versionado
handle-success	Checkout code	2025-03-27T11:24:44.5246356Z 59bec5b57fa6a13f2abdaf06284b73340ff59869
handle-success	Checkout code	2025-03-27T11:24:44.5253330Z ##[endgroup]
handle-success	Checkout code	2025-03-27T11:24:44.5255123Z ##[group]Determining the checkout info
handle-success	Checkout code	2025-03-27T11:24:44.5256888Z ##[endgroup]
handle-success	Checkout code	2025-03-27T11:24:44.5261724Z [command]/usr/bin/git sparse-checkout disable
handle-success	Checkout code	2025-03-27T11:24:44.5342994Z [command]/usr/bin/git config --local --unset-all extensions.worktreeConfig
handle-success	Checkout code	2025-03-27T11:24:44.5384502Z ##[group]Checking out the ref
handle-success	Checkout code	2025-03-27T11:24:44.5390049Z [command]/usr/bin/git checkout --progress --force -B H44-creación-módulo-versionado refs/remotes/origin/H44-creación-módulo-versionado
handle-success	Checkout code	2025-03-27T11:24:44.5495444Z Switched to a new branch 'H44-creación-módulo-versionado'
handle-success	Checkout code	2025-03-27T11:24:44.5500617Z branch 'H44-creación-módulo-versionado' set up to track 'origin/H44-creación-módulo-versionado'.
handle-success	Checkout code	2025-03-27T11:24:44.5510325Z ##[endgroup]
handle-success	Checkout code	2025-03-27T11:24:44.5564614Z [command]/usr/bin/git log -1 --format=%H
handle-success	Checkout code	2025-03-27T11:24:44.5600540Z 59bec5b57fa6a13f2abdaf06284b73340ff59869
handle-success	handle-success-execution	﻿2025-03-27T11:24:44.5911194Z ##[group]Run # Si todo ha ido correcto añadimos el contenido del fichero 
handle-success	handle-success-execution	2025-03-27T11:24:44.5912052Z [36;1m# Si todo ha ido correcto añadimos el contenido del fichero [0m
handle-success	handle-success-execution	2025-03-27T11:24:44.5912833Z [36;1mRNNUMBER=$(echo "refs/heads/H44-creación-módulo-versionado" | grep -o '[0-9]*')[0m
handle-success	handle-success-execution	2025-03-27T11:24:44.5914203Z [36;1mgh issue comment $RNNUMBER --body "El proceso ha finalizado correctamente 14105310273. El resultado está en el fichero core/results/event_data14105310273.log"[0m
handle-success	handle-success-execution	2025-03-27T11:24:44.5929390Z shell: /usr/bin/bash -e {0}
handle-success	handle-success-execution	2025-03-27T11:24:44.5929810Z env:
handle-success	handle-success-execution	2025-03-27T11:24:44.5930117Z   KAOS_MODULE: [Ka0S] JSONLINT
handle-success	handle-success-execution	2025-03-27T11:24:44.5930882Z   GH_TOKEN: ***
handle-success	handle-success-execution	2025-03-27T11:24:44.5931265Z   KAOS_JSONLINT_CONFIG: core/config/.jsonlint.json
handle-success	handle-success-execution	2025-03-27T11:24:44.5931711Z   KAOS_PATH_RESUME: core/outputs/j/
handle-success	handle-success-execution	2025-03-27T11:24:44.5932124Z   KAOS_REPO: /actions-runner/_work/kaos/kaos
handle-success	handle-success-execution	2025-03-27T11:24:44.5932532Z   KAOS_STEP_MODULE: 
handle-success	handle-success-execution	2025-03-27T11:24:44.5932848Z   KAOS_CODE: 14105310273
handle-success	handle-success-execution	2025-03-27T11:24:44.5933286Z   KAOS_REF_BRANCH: main
handle-success	handle-success-execution	2025-03-27T11:24:44.5933600Z ##[endgroup]
handle-success	handle-success-execution	2025-03-27T11:24:45.9211806Z https://github.com/Ka0s-Klaus/ka0s/issues/44#issuecomment-2757690911
handle-success	Post Checkout code	﻿2025-03-27T11:24:45.9524086Z Post job cleanup.
handle-success	Post Checkout code	2025-03-27T11:24:46.0881839Z [command]/usr/bin/git version
handle-success	Post Checkout code	2025-03-27T11:24:46.0941578Z git version 2.48.1
handle-success	Post Checkout code	2025-03-27T11:24:46.0997048Z Copying '/home/kaos/.gitconfig' to '/actions-runner/_work/_temp/7b8665f5-c0e7-468e-aeda-7c563843dcb5/.gitconfig'
handle-success	Post Checkout code	2025-03-27T11:24:46.1015013Z Temporarily overriding HOME='/actions-runner/_work/_temp/7b8665f5-c0e7-468e-aeda-7c563843dcb5' before making global git config changes
handle-success	Post Checkout code	2025-03-27T11:24:46.1016288Z Adding repository directory to the temporary git global config as a safe directory
handle-success	Post Checkout code	2025-03-27T11:24:46.1023368Z [command]/usr/bin/git config --global --add safe.directory /actions-runner/_work/ka0s/ka0s
handle-success	Post Checkout code	2025-03-27T11:24:46.1076369Z [command]/usr/bin/git config --local --name-only --get-regexp core\.sshCommand
handle-success	Post Checkout code	2025-03-27T11:24:46.1138275Z [command]/usr/bin/git submodule foreach --recursive sh -c "git config --local --name-only --get-regexp 'core\.sshCommand' && git config --local --unset-all 'core.sshCommand' || :"
handle-success	Post Checkout code	2025-03-27T11:24:46.1522966Z [command]/usr/bin/git config --local --name-only --get-regexp http\.https\:\/\/github\.com\/\.extraheader
handle-success	Post Checkout code	2025-03-27T11:24:46.1560677Z http.https://github.com/.extraheader
handle-success	Post Checkout code	2025-03-27T11:24:46.1582194Z [command]/usr/bin/git config --local --unset-all http.https://github.com/.extraheader
handle-success	Post Checkout code	2025-03-27T11:24:46.1629581Z [command]/usr/bin/git submodule foreach --recursive sh -c "git config --local --name-only --get-regexp 'http\.https\:\/\/github\.com\/\.extraheader' && git config --local --unset-all 'http.https://github.com/.extraheader' || :"
handle-success	Complete job	﻿2025-03-27T11:24:46.2168537Z Cleaning up orphan processes
end-workflow	Set up job	﻿2025-03-27T11:27:20.2564748Z Current runner version: '2.323.0'
end-workflow	Set up job	2025-03-27T11:27:20.2578860Z Runner name: 'ka0s-2'
end-workflow	Set up job	2025-03-27T11:27:20.2580845Z Machine name: '90a1232a7504'
end-workflow	Set up job	2025-03-27T11:27:20.2587419Z ##[group]GITHUB_TOKEN Permissions
end-workflow	Set up job	2025-03-27T11:27:20.2591966Z Actions: write
end-workflow	Set up job	2025-03-27T11:27:20.2593260Z Contents: write
end-workflow	Set up job	2025-03-27T11:27:20.2594462Z Issues: write
end-workflow	Set up job	2025-03-27T11:27:20.2595771Z Metadata: read
end-workflow	Set up job	2025-03-27T11:27:20.2596916Z PullRequests: write
end-workflow	Set up job	2025-03-27T11:27:20.2597980Z ##[endgroup]
end-workflow	Set up job	2025-03-27T11:27:20.2603092Z Secret source: Actions
end-workflow	Set up job	2025-03-27T11:27:20.2604795Z Prepare workflow directory
end-workflow	Set up job	2025-03-27T11:27:20.3757120Z Prepare all required actions
end-workflow	Set up job	2025-03-27T11:27:20.3813091Z Getting action download info
end-workflow	Set up job	2025-03-27T11:27:21.1927932Z Download action repository 'actions/checkout@v4' (SHA:11bd71901bbe5b1630ceea73d27597364c9af683)
end-workflow	Set up job	2025-03-27T11:27:23.2113343Z Complete job name: end-workflow
end-workflow	Checkout code	﻿2025-03-27T11:27:23.2791620Z ##[group]Run actions/checkout@v4
end-workflow	Checkout code	2025-03-27T11:27:23.2792958Z with:
end-workflow	Checkout code	2025-03-27T11:27:23.2793555Z   fetch-depth: 0
end-workflow	Checkout code	2025-03-27T11:27:23.2794986Z   token: ***
end-workflow	Checkout code	2025-03-27T11:27:23.2795595Z   repository: Ka0s-Klaus/ka0s
end-workflow	Checkout code	2025-03-27T11:27:23.2796297Z   ssh-strict: true
end-workflow	Checkout code	2025-03-27T11:27:23.2796879Z   ssh-user: git
end-workflow	Checkout code	2025-03-27T11:27:23.2797481Z   persist-credentials: true
end-workflow	Checkout code	2025-03-27T11:27:23.2798148Z   clean: true
end-workflow	Checkout code	2025-03-27T11:27:23.2798747Z   sparse-checkout-cone-mode: true
end-workflow	Checkout code	2025-03-27T11:27:23.2799483Z   fetch-tags: false
end-workflow	Checkout code	2025-03-27T11:27:23.2800094Z   show-progress: true
end-workflow	Checkout code	2025-03-27T11:27:23.2800728Z   lfs: false
end-workflow	Checkout code	2025-03-27T11:27:23.2801313Z   submodules: false
end-workflow	Checkout code	2025-03-27T11:27:23.2801941Z   set-safe-directory: true
end-workflow	Checkout code	2025-03-27T11:27:23.2802911Z env:
end-workflow	Checkout code	2025-03-27T11:27:23.2803501Z   KAOS_MODULE: [Ka0S] JSONLINT
end-workflow	Checkout code	2025-03-27T11:27:23.2805015Z   GH_TOKEN: ***
end-workflow	Checkout code	2025-03-27T11:27:23.2805704Z   KAOS_JSONLINT_CONFIG: core/config/.jsonlint.json
end-workflow	Checkout code	2025-03-27T11:27:23.2806571Z   KAOS_PATH_RESUME: core/outputs/j/
end-workflow	Checkout code	2025-03-27T11:27:23.2807415Z   KAOS_REPO: /actions-runner/_work/kaos/kaos
end-workflow	Checkout code	2025-03-27T11:27:23.2808216Z   KAOS_STEP_MODULE: 
end-workflow	Checkout code	2025-03-27T11:27:23.2808839Z   KAOS_CODE: 14105310273
end-workflow	Checkout code	2025-03-27T11:27:23.2809480Z   KAOS_REF_BRANCH: main
end-workflow	Checkout code	2025-03-27T11:27:23.2810100Z ##[endgroup]
end-workflow	Checkout code	2025-03-27T11:27:23.4536485Z Syncing repository: Ka0s-Klaus/ka0s
end-workflow	Checkout code	2025-03-27T11:27:23.4544016Z ##[group]Getting Git version info
end-workflow	Checkout code	2025-03-27T11:27:23.4545879Z Working directory is '/actions-runner/_work/ka0s/ka0s'
end-workflow	Checkout code	2025-03-27T11:27:23.4547495Z [command]/usr/bin/git version
end-workflow	Checkout code	2025-03-27T11:27:23.4548266Z git version 2.48.1
end-workflow	Checkout code	2025-03-27T11:27:23.4554809Z ##[endgroup]
end-workflow	Checkout code	2025-03-27T11:27:23.4565554Z Copying '/home/kaos/.gitconfig' to '/actions-runner/_work/_temp/851ba468-f0f3-4783-9fed-b1352674f200/.gitconfig'
end-workflow	Checkout code	2025-03-27T11:27:23.4568053Z Temporarily overriding HOME='/actions-runner/_work/_temp/851ba468-f0f3-4783-9fed-b1352674f200' before making global git config changes
end-workflow	Checkout code	2025-03-27T11:27:23.4575103Z Adding repository directory to the temporary git global config as a safe directory
end-workflow	Checkout code	2025-03-27T11:27:23.4576869Z [command]/usr/bin/git config --global --add safe.directory /actions-runner/_work/ka0s/ka0s
end-workflow	Checkout code	2025-03-27T11:27:23.4635346Z [command]/usr/bin/git config --local --get remote.origin.url
end-workflow	Checkout code	2025-03-27T11:27:23.4686499Z https://github.com/Ka0s-Klaus/ka0s
end-workflow	Checkout code	2025-03-27T11:27:23.4716054Z ##[group]Removing previously created refs, to avoid conflicts
end-workflow	Checkout code	2025-03-27T11:27:23.4723274Z [command]/usr/bin/git rev-parse --symbolic-full-name --verify --quiet HEAD
end-workflow	Checkout code	2025-03-27T11:27:23.4758177Z refs/heads/H44-creación-módulo-versionado
end-workflow	Checkout code	2025-03-27T11:27:23.4772990Z [command]/usr/bin/git checkout --detach
end-workflow	Checkout code	2025-03-27T11:27:23.4879642Z HEAD is now at 59bec5b [Ka0S] Uploading resume execution files to the repository...
end-workflow	Checkout code	2025-03-27T11:27:23.4947429Z [command]/usr/bin/git branch --delete --force H44-creación-módulo-versionado
end-workflow	Checkout code	2025-03-27T11:27:23.4991774Z Deleted branch H44-creación-módulo-versionado (was 59bec5b).
end-workflow	Checkout code	2025-03-27T11:27:23.5058109Z ##[endgroup]
end-workflow	Checkout code	2025-03-27T11:27:23.5058999Z [command]/usr/bin/git submodule status
end-workflow	Checkout code	2025-03-27T11:27:23.5439599Z ##[group]Cleaning the repository
end-workflow	Checkout code	2025-03-27T11:27:23.5445226Z [command]/usr/bin/git clean -ffdx
end-workflow	Checkout code	2025-03-27T11:27:23.5511165Z [command]/usr/bin/git reset --hard HEAD
end-workflow	Checkout code	2025-03-27T11:27:23.5656036Z HEAD is now at 59bec5b [Ka0S] Uploading resume execution files to the repository...
end-workflow	Checkout code	2025-03-27T11:27:23.5665563Z ##[endgroup]
end-workflow	Checkout code	2025-03-27T11:27:23.5666825Z ##[group]Disabling automatic garbage collection
end-workflow	Checkout code	2025-03-27T11:27:23.5673094Z [command]/usr/bin/git config --local gc.auto 0
end-workflow	Checkout code	2025-03-27T11:27:23.5715450Z ##[endgroup]
end-workflow	Checkout code	2025-03-27T11:27:23.5716597Z ##[group]Setting up auth
end-workflow	Checkout code	2025-03-27T11:27:23.5724918Z [command]/usr/bin/git config --local --name-only --get-regexp core\.sshCommand
end-workflow	Checkout code	2025-03-27T11:27:23.5786228Z [command]/usr/bin/git submodule foreach --recursive sh -c "git config --local --name-only --get-regexp 'core\.sshCommand' && git config --local --unset-all 'core.sshCommand' || :"
end-workflow	Checkout code	2025-03-27T11:27:23.6164509Z [command]/usr/bin/git config --local --name-only --get-regexp http\.https\:\/\/github\.com\/\.extraheader
end-workflow	Checkout code	2025-03-27T11:27:23.6207818Z [command]/usr/bin/git submodule foreach --recursive sh -c "git config --local --name-only --get-regexp 'http\.https\:\/\/github\.com\/\.extraheader' && git config --local --unset-all 'http.https://github.com/.extraheader' || :"
end-workflow	Checkout code	2025-03-27T11:27:23.6599776Z [command]/usr/bin/git config --local http.https://github.com/.extraheader AUTHORIZATION: basic ***
end-workflow	Checkout code	2025-03-27T11:27:23.6656109Z ##[endgroup]
end-workflow	Checkout code	2025-03-27T11:27:23.6657385Z ##[group]Fetching the repository
end-workflow	Checkout code	2025-03-27T11:27:23.6667516Z [command]/usr/bin/git -c protocol.version=2 fetch --prune --no-recurse-submodules origin +refs/heads/*:refs/remotes/origin/* +refs/tags/*:refs/tags/*
end-workflow	Checkout code	2025-03-27T11:27:25.0533064Z From https://github.com/Ka0s-Klaus/ka0s
end-workflow	Checkout code	2025-03-27T11:27:25.0534307Z    2e22293..037203f  main       -> origin/main
end-workflow	Checkout code	2025-03-27T11:27:25.0587254Z [command]/usr/bin/git branch --list --remote origin/H44-creación-módulo-versionado
end-workflow	Checkout code	2025-03-27T11:27:25.0622708Z   origin/H44-creación-módulo-versionado
end-workflow	Checkout code	2025-03-27T11:27:25.0636366Z [command]/usr/bin/git rev-parse refs/remotes/origin/H44-creación-módulo-versionado
end-workflow	Checkout code	2025-03-27T11:27:25.0668135Z 59bec5b57fa6a13f2abdaf06284b73340ff59869
end-workflow	Checkout code	2025-03-27T11:27:25.0675650Z ##[endgroup]
end-workflow	Checkout code	2025-03-27T11:27:25.0676586Z ##[group]Determining the checkout info
end-workflow	Checkout code	2025-03-27T11:27:25.0678210Z ##[endgroup]
end-workflow	Checkout code	2025-03-27T11:27:25.0684913Z [command]/usr/bin/git sparse-checkout disable
end-workflow	Checkout code	2025-03-27T11:27:25.0758356Z [command]/usr/bin/git config --local --unset-all extensions.worktreeConfig
end-workflow	Checkout code	2025-03-27T11:27:25.0800434Z ##[group]Checking out the ref
end-workflow	Checkout code	2025-03-27T11:27:25.0806532Z [command]/usr/bin/git checkout --progress --force -B H44-creación-módulo-versionado refs/remotes/origin/H44-creación-módulo-versionado
end-workflow	Checkout code	2025-03-27T11:27:25.0914043Z Switched to a new branch 'H44-creación-módulo-versionado'
end-workflow	Checkout code	2025-03-27T11:27:25.0919206Z branch 'H44-creación-módulo-versionado' set up to track 'origin/H44-creación-módulo-versionado'.
end-workflow	Checkout code	2025-03-27T11:27:25.0928441Z ##[endgroup]
end-workflow	Checkout code	2025-03-27T11:27:25.0982933Z [command]/usr/bin/git log -1 --format=%H
end-workflow	Checkout code	2025-03-27T11:27:25.1020921Z 59bec5b57fa6a13f2abdaf06284b73340ff59869
end-workflow	Finaliza el workflow	﻿2025-03-27T11:27:25.1311333Z ##[group]Run echo "End process"
end-workflow	Finaliza el workflow	2025-03-27T11:27:25.1311930Z [36;1mecho "End process"[0m
end-workflow	Finaliza el workflow	2025-03-27T11:27:25.1312593Z [36;1mRNNUMBER=$(echo "refs/heads/H44-creación-módulo-versionado" | grep -o '[0-9]*')[0m
end-workflow	Finaliza el workflow	2025-03-27T11:27:25.1313387Z [36;1mgh issue comment $RNNUMBER --body "Se finaliza Ka0s 14105310273"[0m
end-workflow	Finaliza el workflow	2025-03-27T11:27:25.1314518Z [36;1mgh workflow run inspector.yml --ref 'main' -f kaos-issue-id=$RNNUMBER -f kaos-workflow-id="14105310273" -f kaos-user-start=""[0m
end-workflow	Finaliza el workflow	2025-03-27T11:27:25.1330227Z shell: /usr/bin/bash -e {0}
end-workflow	Finaliza el workflow	2025-03-27T11:27:25.1330665Z env:
end-workflow	Finaliza el workflow	2025-03-27T11:27:25.1330989Z   KAOS_MODULE: [Ka0S] JSONLINT
end-workflow	Finaliza el workflow	2025-03-27T11:27:25.1331792Z   GH_TOKEN: ***
end-workflow	Finaliza el workflow	2025-03-27T11:27:25.1332182Z   KAOS_JSONLINT_CONFIG: core/config/.jsonlint.json
end-workflow	Finaliza el workflow	2025-03-27T11:27:25.1332669Z   KAOS_PATH_RESUME: core/outputs/j/
end-workflow	Finaliza el workflow	2025-03-27T11:27:25.1333141Z   KAOS_REPO: /actions-runner/_work/kaos/kaos
end-workflow	Finaliza el workflow	2025-03-27T11:27:25.1333610Z   KAOS_STEP_MODULE: 
end-workflow	Finaliza el workflow	2025-03-27T11:27:25.1334239Z   KAOS_CODE: 14105310273
end-workflow	Finaliza el workflow	2025-03-27T11:27:25.1335267Z   KAOS_REF_BRANCH: main
end-workflow	Finaliza el workflow	2025-03-27T11:27:25.1335619Z ##[endgroup]
end-workflow	Finaliza el workflow	2025-03-27T11:27:25.1493703Z End process
end-workflow	Finaliza el workflow	2025-03-27T11:27:26.4899825Z https://github.com/Ka0s-Klaus/ka0s/issues/44#issuecomment-2757697901
end-workflow	Post Checkout code	﻿2025-03-27T11:27:27.5673733Z Post job cleanup.
end-workflow	Post Checkout code	2025-03-27T11:27:27.7227173Z [command]/usr/bin/git version
end-workflow	Post Checkout code	2025-03-27T11:27:27.7277945Z git version 2.48.1
end-workflow	Post Checkout code	2025-03-27T11:27:27.7337835Z Copying '/home/kaos/.gitconfig' to '/actions-runner/_work/_temp/f3521a01-ff86-4fea-9273-a6017e3d1b14/.gitconfig'
end-workflow	Post Checkout code	2025-03-27T11:27:27.7355958Z Temporarily overriding HOME='/actions-runner/_work/_temp/f3521a01-ff86-4fea-9273-a6017e3d1b14' before making global git config changes
end-workflow	Post Checkout code	2025-03-27T11:27:27.7357832Z Adding repository directory to the temporary git global config as a safe directory
end-workflow	Post Checkout code	2025-03-27T11:27:27.7365754Z [command]/usr/bin/git config --global --add safe.directory /actions-runner/_work/ka0s/ka0s
end-workflow	Post Checkout code	2025-03-27T11:27:27.7424169Z [command]/usr/bin/git config --local --name-only --get-regexp core\.sshCommand
end-workflow	Post Checkout code	2025-03-27T11:27:27.7496588Z [command]/usr/bin/git submodule foreach --recursive sh -c "git config --local --name-only --get-regexp 'core\.sshCommand' && git config --local --unset-all 'core.sshCommand' || :"
end-workflow	Post Checkout code	2025-03-27T11:27:27.7936541Z [command]/usr/bin/git config --local --name-only --get-regexp http\.https\:\/\/github\.com\/\.extraheader
end-workflow	Post Checkout code	2025-03-27T11:27:27.7987432Z http.https://github.com/.extraheader
end-workflow	Post Checkout code	2025-03-27T11:27:27.8015364Z [command]/usr/bin/git config --local --unset-all http.https://github.com/.extraheader
end-workflow	Post Checkout code	2025-03-27T11:27:27.8081277Z [command]/usr/bin/git submodule foreach --recursive sh -c "git config --local --name-only --get-regexp 'http\.https\:\/\/github\.com\/\.extraheader' && git config --local --unset-all 'http.https://github.com/.extraheader' || :"
end-workflow	Complete job	﻿2025-03-27T11:27:27.8751975Z Cleaning up orphan processes
