job-core	Set up job	Ôªø2025-03-27T09:01:26.6812930Z Current runner version: '2.323.0'
job-core	Set up job	2025-03-27T09:01:26.6822732Z Runner name: 'ka0s-runner-1'
job-core	Set up job	2025-03-27T09:01:26.6825379Z Machine name: '181b3e34799e'
job-core	Set up job	2025-03-27T09:01:26.6832873Z ##[group]GITHUB_TOKEN Permissions
job-core	Set up job	2025-03-27T09:01:26.6836528Z Actions: write
job-core	Set up job	2025-03-27T09:01:26.6837450Z Contents: write
job-core	Set up job	2025-03-27T09:01:26.6838225Z Issues: write
job-core	Set up job	2025-03-27T09:01:26.6839055Z Metadata: read
job-core	Set up job	2025-03-27T09:01:26.6839781Z PullRequests: write
job-core	Set up job	2025-03-27T09:01:26.6840532Z ##[endgroup]
job-core	Set up job	2025-03-27T09:01:26.6843249Z Secret source: Actions
job-core	Set up job	2025-03-27T09:01:26.6845198Z Prepare workflow directory
job-core	Set up job	2025-03-27T09:01:26.7875878Z Prepare all required actions
job-core	Set up job	2025-03-27T09:01:26.7929808Z Getting action download info
job-core	Set up job	2025-03-27T09:01:27.8843080Z Download action repository 'actions/checkout@v4' (SHA:11bd71901bbe5b1630ceea73d27597364c9af683)
job-core	Set up job	2025-03-27T09:01:30.4721990Z Download action repository 'actions/setup-node@v2' (SHA:7c12f8017d5436eb855f1ed4399f037a36fbd9e8)
job-core	Set up job	2025-03-27T09:01:35.4751615Z Complete job name: job-core
job-core	Checkout code	Ôªø2025-03-27T09:01:35.5444949Z ##[group]Run actions/checkout@v4
job-core	Checkout code	2025-03-27T09:01:35.5446033Z with:
job-core	Checkout code	2025-03-27T09:01:35.5446362Z   fetch-depth: 0
job-core	Checkout code	2025-03-27T09:01:35.5447111Z   token: ***
job-core	Checkout code	2025-03-27T09:01:35.5447430Z   repository: Ka0s-Klaus/ka0s
job-core	Checkout code	2025-03-27T09:01:35.5447796Z   ssh-strict: true
job-core	Checkout code	2025-03-27T09:01:35.5448096Z   ssh-user: git
job-core	Checkout code	2025-03-27T09:01:35.5448415Z   persist-credentials: true
job-core	Checkout code	2025-03-27T09:01:35.5448767Z   clean: true
job-core	Checkout code	2025-03-27T09:01:35.5449080Z   sparse-checkout-cone-mode: true
job-core	Checkout code	2025-03-27T09:01:35.5449473Z   fetch-tags: false
job-core	Checkout code	2025-03-27T09:01:35.5449790Z   show-progress: true
job-core	Checkout code	2025-03-27T09:01:35.5450125Z   lfs: false
job-core	Checkout code	2025-03-27T09:01:35.5450664Z   submodules: false
job-core	Checkout code	2025-03-27T09:01:35.5451263Z   set-safe-directory: true
job-core	Checkout code	2025-03-27T09:01:35.5451895Z env:
job-core	Checkout code	2025-03-27T09:01:35.5452211Z   KAOS_MODULE: [Ka0S] JSONLINT
job-core	Checkout code	2025-03-27T09:01:35.5452725Z   GH_TOKEN: ***
job-core	Checkout code	2025-03-27T09:01:35.5453105Z   KAOS_JSONLINT_CONFIG: core/config/.jsonlint.json
job-core	Checkout code	2025-03-27T09:01:35.5453567Z   KAOS_PATH_RESUME: core/outputs/j/
job-core	Checkout code	2025-03-27T09:01:35.5454564Z   KAOS_REPO: /actions-runner/_work/kaos/kaos
job-core	Checkout code	2025-03-27T09:01:35.5454983Z   KAOS_STEP_MODULE: 
job-core	Checkout code	2025-03-27T09:01:35.5455299Z   KAOS_CODE: 14102516263
job-core	Checkout code	2025-03-27T09:01:35.5455624Z   KAOS_REF_BRANCH: main
job-core	Checkout code	2025-03-27T09:01:35.5455943Z ##[endgroup]
job-core	Checkout code	2025-03-27T09:01:35.7218230Z Syncing repository: Ka0s-Klaus/ka0s
job-core	Checkout code	2025-03-27T09:01:35.7221736Z ##[group]Getting Git version info
job-core	Checkout code	2025-03-27T09:01:35.7222812Z Working directory is '/actions-runner/_work/ka0s/ka0s'
job-core	Checkout code	2025-03-27T09:01:35.7224405Z [command]/usr/bin/git version
job-core	Checkout code	2025-03-27T09:01:35.7225065Z git version 2.48.1
job-core	Checkout code	2025-03-27T09:01:35.7227807Z ##[endgroup]
job-core	Checkout code	2025-03-27T09:01:35.7236329Z Copying '/home/kaos/.gitconfig' to '/actions-runner/_work/_temp/68c0b8fc-62bd-4cbd-9d8e-4e2f8613379c/.gitconfig'
job-core	Checkout code	2025-03-27T09:01:35.7253345Z Temporarily overriding HOME='/actions-runner/_work/_temp/68c0b8fc-62bd-4cbd-9d8e-4e2f8613379c' before making global git config changes
job-core	Checkout code	2025-03-27T09:01:35.7256001Z Adding repository directory to the temporary git global config as a safe directory
job-core	Checkout code	2025-03-27T09:01:35.7264202Z [command]/usr/bin/git config --global --add safe.directory /actions-runner/_work/ka0s/ka0s
job-core	Checkout code	2025-03-27T09:01:35.7345017Z [command]/usr/bin/git config --local --get remote.origin.url
job-core	Checkout code	2025-03-27T09:01:35.7382792Z https://github.com/Ka0s-Klaus/ka0s
job-core	Checkout code	2025-03-27T09:01:35.7417561Z ##[group]Removing previously created refs, to avoid conflicts
job-core	Checkout code	2025-03-27T09:01:35.7419177Z [command]/usr/bin/git rev-parse --symbolic-full-name --verify --quiet HEAD
job-core	Checkout code	2025-03-27T09:01:35.7459399Z refs/heads/H34-modulo-iac-kaos
job-core	Checkout code	2025-03-27T09:01:35.7476696Z [command]/usr/bin/git checkout --detach
job-core	Checkout code	2025-03-27T09:01:35.7582193Z HEAD is now at 678d230 [Ka0S] Uploading resume execution files to the repository...
job-core	Checkout code	2025-03-27T09:01:35.7669316Z [command]/usr/bin/git branch --delete --force H34-modulo-iac-kaos
job-core	Checkout code	2025-03-27T09:01:35.7715952Z Deleted branch H34-modulo-iac-kaos (was 678d230).
job-core	Checkout code	2025-03-27T09:01:35.7786304Z ##[endgroup]
job-core	Checkout code	2025-03-27T09:01:35.7792590Z [command]/usr/bin/git submodule status
job-core	Checkout code	2025-03-27T09:01:35.8186345Z ##[group]Cleaning the repository
job-core	Checkout code	2025-03-27T09:01:35.8193051Z [command]/usr/bin/git clean -ffdx
job-core	Checkout code	2025-03-27T09:01:35.8245052Z Removing core/outputs/j/jsonlint-results-14102513483.txt
job-core	Checkout code	2025-03-27T09:01:35.8261549Z [command]/usr/bin/git reset --hard HEAD
job-core	Checkout code	2025-03-27T09:01:35.8404955Z HEAD is now at 678d230 [Ka0S] Uploading resume execution files to the repository...
job-core	Checkout code	2025-03-27T09:01:35.8416138Z ##[endgroup]
job-core	Checkout code	2025-03-27T09:01:35.8417895Z ##[group]Disabling automatic garbage collection
job-core	Checkout code	2025-03-27T09:01:35.8424846Z [command]/usr/bin/git config --local gc.auto 0
job-core	Checkout code	2025-03-27T09:01:35.8469738Z ##[endgroup]
job-core	Checkout code	2025-03-27T09:01:35.8470848Z ##[group]Setting up auth
job-core	Checkout code	2025-03-27T09:01:35.8481832Z [command]/usr/bin/git config --local --name-only --get-regexp core\.sshCommand
job-core	Checkout code	2025-03-27T09:01:35.8544136Z [command]/usr/bin/git submodule foreach --recursive sh -c "git config --local --name-only --get-regexp 'core\.sshCommand' && git config --local --unset-all 'core.sshCommand' || :"
job-core	Checkout code	2025-03-27T09:01:35.8981835Z [command]/usr/bin/git config --local --name-only --get-regexp http\.https\:\/\/github\.com\/\.extraheader
job-core	Checkout code	2025-03-27T09:01:35.9046352Z [command]/usr/bin/git submodule foreach --recursive sh -c "git config --local --name-only --get-regexp 'http\.https\:\/\/github\.com\/\.extraheader' && git config --local --unset-all 'http.https://github.com/.extraheader' || :"
job-core	Checkout code	2025-03-27T09:01:35.9504096Z [command]/usr/bin/git config --local http.https://github.com/.extraheader AUTHORIZATION: basic ***
job-core	Checkout code	2025-03-27T09:01:35.9569417Z ##[endgroup]
job-core	Checkout code	2025-03-27T09:01:35.9570402Z ##[group]Fetching the repository
job-core	Checkout code	2025-03-27T09:01:35.9584829Z [command]/usr/bin/git -c protocol.version=2 fetch --prune --no-recurse-submodules origin +refs/heads/*:refs/remotes/origin/* +refs/tags/*:refs/tags/*
job-core	Checkout code	2025-03-27T09:01:36.7724498Z [command]/usr/bin/git branch --list --remote origin/H34-modulo-iac-kaos
job-core	Checkout code	2025-03-27T09:01:36.7763386Z   origin/H34-modulo-iac-kaos
job-core	Checkout code	2025-03-27T09:01:36.7776053Z [command]/usr/bin/git rev-parse refs/remotes/origin/H34-modulo-iac-kaos
job-core	Checkout code	2025-03-27T09:01:36.7811213Z 678d230439a588b10154e1644ffbc5c70ac9b81d
job-core	Checkout code	2025-03-27T09:01:36.7818085Z ##[endgroup]
job-core	Checkout code	2025-03-27T09:01:36.7819001Z ##[group]Determining the checkout info
job-core	Checkout code	2025-03-27T09:01:36.7820073Z ##[endgroup]
job-core	Checkout code	2025-03-27T09:01:36.7829373Z [command]/usr/bin/git sparse-checkout disable
job-core	Checkout code	2025-03-27T09:01:36.7910975Z [command]/usr/bin/git config --local --unset-all extensions.worktreeConfig
job-core	Checkout code	2025-03-27T09:01:36.7953738Z ##[group]Checking out the ref
job-core	Checkout code	2025-03-27T09:01:36.7960065Z [command]/usr/bin/git checkout --progress --force -B H34-modulo-iac-kaos refs/remotes/origin/H34-modulo-iac-kaos
job-core	Checkout code	2025-03-27T09:01:36.8058978Z Switched to a new branch 'H34-modulo-iac-kaos'
job-core	Checkout code	2025-03-27T09:01:36.8065084Z branch 'H34-modulo-iac-kaos' set up to track 'origin/H34-modulo-iac-kaos'.
job-core	Checkout code	2025-03-27T09:01:36.8075223Z ##[endgroup]
job-core	Checkout code	2025-03-27T09:01:36.8132130Z [command]/usr/bin/git log -1 --format=%H
job-core	Checkout code	2025-03-27T09:01:36.8172604Z 678d230439a588b10154e1644ffbc5c70ac9b81d
job-core	Install Node.js	Ôªø2025-03-27T09:01:36.8492169Z ##[group]Run actions/setup-node@v2
job-core	Install Node.js	2025-03-27T09:01:36.8492651Z with:
job-core	Install Node.js	2025-03-27T09:01:36.8492893Z   node-version: 14
job-core	Install Node.js	2025-03-27T09:01:36.8493161Z   always-auth: false
job-core	Install Node.js	2025-03-27T09:01:36.8493445Z   check-latest: false
job-core	Install Node.js	2025-03-27T09:01:36.8494242Z   token: ***
job-core	Install Node.js	2025-03-27T09:01:36.8494503Z env:
job-core	Install Node.js	2025-03-27T09:01:36.8494746Z   KAOS_MODULE: [Ka0S] JSONLINT
job-core	Install Node.js	2025-03-27T09:01:36.8495178Z   GH_TOKEN: ***
job-core	Install Node.js	2025-03-27T09:01:36.8495493Z   KAOS_JSONLINT_CONFIG: core/config/.jsonlint.json
job-core	Install Node.js	2025-03-27T09:01:36.8495901Z   KAOS_PATH_RESUME: core/outputs/j/
job-core	Install Node.js	2025-03-27T09:01:36.8496308Z   KAOS_REPO: /actions-runner/_work/kaos/kaos
job-core	Install Node.js	2025-03-27T09:01:36.8496684Z   KAOS_STEP_MODULE: 
job-core	Install Node.js	2025-03-27T09:01:36.8496949Z   KAOS_CODE: 14102516263
job-core	Install Node.js	2025-03-27T09:01:36.8497239Z   KAOS_REF_BRANCH: main
job-core	Install Node.js	2025-03-27T09:01:36.8497523Z ##[endgroup]
job-core	Install Node.js	2025-03-27T09:01:37.0323966Z Found in cache @ /actions-runner/_work/_tool/node/14.21.3/x64
job-core	Install jsonlint	Ôªø2025-03-27T09:01:37.0521911Z ##[group]Run if ! command -v jsonlint &> /dev/null; then
job-core	Install jsonlint	2025-03-27T09:01:37.0522567Z [36;1mif ! command -v jsonlint &> /dev/null; then[0m
job-core	Install jsonlint	2025-03-27T09:01:37.0523236Z [36;1m  echo "Installing jsonlint..."[0m
job-core	Install jsonlint	2025-03-27T09:01:37.0523601Z [36;1m  npm install -g jsonlint[0m
job-core	Install jsonlint	2025-03-27T09:01:37.0524289Z [36;1melse[0m
job-core	Install jsonlint	2025-03-27T09:01:37.0524818Z [36;1m  echo "jsonlint already installed, skipping installation"[0m
job-core	Install jsonlint	2025-03-27T09:01:37.0525249Z [36;1mfi[0m
job-core	Install jsonlint	2025-03-27T09:01:37.0525503Z [36;1mmkdir -p core/outputs/j/[0m
job-core	Install jsonlint	2025-03-27T09:01:37.0542592Z shell: /usr/bin/bash -e {0}
job-core	Install jsonlint	2025-03-27T09:01:37.0542993Z env:
job-core	Install jsonlint	2025-03-27T09:01:37.0543238Z   KAOS_MODULE: [Ka0S] JSONLINT
job-core	Install jsonlint	2025-03-27T09:01:37.0544080Z   GH_TOKEN: ***
job-core	Install jsonlint	2025-03-27T09:01:37.0544423Z   KAOS_JSONLINT_CONFIG: core/config/.jsonlint.json
job-core	Install jsonlint	2025-03-27T09:01:37.0544836Z   KAOS_PATH_RESUME: core/outputs/j/
job-core	Install jsonlint	2025-03-27T09:01:37.0545219Z   KAOS_REPO: /actions-runner/_work/kaos/kaos
job-core	Install jsonlint	2025-03-27T09:01:37.0545587Z   KAOS_STEP_MODULE: 
job-core	Install jsonlint	2025-03-27T09:01:37.0545927Z   KAOS_CODE: 14102516263
job-core	Install jsonlint	2025-03-27T09:01:37.0546220Z   KAOS_REF_BRANCH: main
job-core	Install jsonlint	2025-03-27T09:01:37.0546511Z ##[endgroup]
job-core	Install jsonlint	2025-03-27T09:01:37.0634863Z jsonlint already installed, skipping installation
job-core	Check JSON	Ôªø2025-03-27T09:01:37.0700960Z ##[group]Run # Invocamos la primera comprobaci√≥n de base, sino se supera el proceso no continua
job-core	Check JSON	2025-03-27T09:01:37.0702053Z [36;1m# Invocamos la primera comprobaci√≥n de base, sino se supera el proceso no continua[0m
job-core	Check JSON	2025-03-27T09:01:37.0702673Z [36;1m# Extraemos el nombre del fichero[0m
job-core	Check JSON	2025-03-27T09:01:37.0703148Z [36;1mfile_name=$(basename "core/outputs/e/14083108861.json")[0m
job-core	Check JSON	2025-03-27T09:01:37.0703665Z [36;1m# Generamos el fichero de resultados vacio[0m
job-core	Check JSON	2025-03-27T09:01:37.0704564Z [36;1mtouch core/outputs/j/jsonlint-results-14102516263.txt[0m
job-core	Check JSON	2025-03-27T09:01:37.0705084Z [36;1m# Realizamos el check del documento json [0m
job-core	Check JSON	2025-03-27T09:01:37.0705752Z [36;1mjsonlint core/outputs/e/14083108861.json > core/outputs/j/jsonlint-results-14102516263.txt[0m
job-core	Check JSON	2025-03-27T09:01:37.0706493Z [36;1m# esto es un workarround importante que hay que retirar[0m
job-core	Check JSON	2025-03-27T09:01:37.0707098Z [36;1m#rm -rf core/outputs/j/jsonlint-results-14102516263.txt[0m
job-core	Check JSON	2025-03-27T09:01:37.0707544Z [36;1m# a retirar[0m
job-core	Check JSON	2025-03-27T09:01:37.0707918Z [36;1m# Check if exist errors in file[0m
job-core	Check JSON	2025-03-27T09:01:37.0708298Z [36;1mecho "Mostramos fichero"[0m
job-core	Check JSON	2025-03-27T09:01:37.0708743Z [36;1mcat core/outputs/j/jsonlint-results-14102516263.txt[0m
job-core	Check JSON	2025-03-27T09:01:37.0709341Z [36;1mif [ ! -s core/outputs/j/jsonlint-results-14102516263.txt ]; then[0m
job-core	Check JSON	2025-03-27T09:01:37.0710132Z [36;1m  echo "File core/outputs/j/jsonlint-results-14102516263.txt is empty and is content correct"[0m
job-core	Check JSON	2025-03-27T09:01:37.0713167Z [36;1m  KAOS_ISSUE_BODY="The [Ka0S] JSONLINT process (14102458457) launch the check (14102516263) over file (core/outputs/e/14083108861.json) and its result has been SUCCESS. Please review all files implicated in pull request and approve to merge"[0m
job-core	Check JSON	2025-03-27T09:01:37.0715149Z [36;1m  # A√±adimos la versi√≥n de jsonlint con la que se realiza la comprobacion[0m
job-core	Check JSON	2025-03-27T09:01:37.0715849Z [36;1m  jsonlint --version >> core/outputs/j/jsonlint-results-14102516263.txt[0m
job-core	Check JSON	2025-03-27T09:01:37.0716511Z [36;1m  # a√±adimos el nombre del fichero que vamos a comprobar[0m
job-core	Check JSON	2025-03-27T09:01:37.0717249Z [36;1m  echo "Finding: core/outputs/e/14083108861.json" >> core/outputs/j/jsonlint-results-14102516263.txt[0m
job-core	Check JSON	2025-03-27T09:01:37.0719256Z [36;1m  # gh workflow run issue.yaml --ref main -f kaos-issue-title="" -f kaos-issue-body="$KAOS_ISSUE_BODY" -f kaos-issue-actions=comment -f kaos-issue-tag="" -f kaos-issue-id=34[0m
job-core	Check JSON	2025-03-27T09:01:37.0720936Z [36;1m  gh issue comment  34 -F core/outputs/j/jsonlint-results-14102516263.txt[0m
job-core	Check JSON	2025-03-27T09:01:37.0721715Z [36;1melse[0m
job-core	Check JSON	2025-03-27T09:01:37.0722234Z [36;1m  cat core/outputs/j/jsonlint-results-14102516263.txt[0m
job-core	Check JSON	2025-03-27T09:01:37.0724209Z [36;1m  echo "File core/outputs/j/jsonlint-results-14102516263.txt is not empty and is content not correct and write commit info"[0m
job-core	Check JSON	2025-03-27T09:01:37.0726409Z [36;1m  KAOS_ISSUE_BODY="The [Ka0S] JSONLINT process (14102458457) launch the check (14102516263) over file (core/outputs/e/14083108861.json) and its result has been FAILED, please check and solved it"[0m
job-core	Check JSON	2025-03-27T09:01:37.0729312Z [36;1m  # A√±adimos la versi√≥n de jsonlint con la que se realiza la comprobacion[0m
job-core	Check JSON	2025-03-27T09:01:37.0730538Z [36;1m  # jsonlint --version || true >> core/outputs/j/jsonlint-results-14102516263.txt[0m
job-core	Check JSON	2025-03-27T09:01:37.0731600Z [36;1m  # a√±adimos el nombre del fichero que vamos a comprobar[0m
job-core	Check JSON	2025-03-27T09:01:37.0732937Z [36;1m  echo "Finding: core/outputs/e/14083108861.json" >> core/outputs/j/jsonlint-results-14102516263.txt[0m
job-core	Check JSON	2025-03-27T09:01:37.0735136Z [36;1m  # gh workflow run issue.yaml --ref main -f kaos-issue-title="" -f kaos-issue-body="$KAOS_ISSUE_BODY" -f kaos-issue-actions=comment -f kaos-issue-tag="" -f kaos-issue-id=34 [0m
job-core	Check JSON	2025-03-27T09:01:37.0737187Z [36;1m  gh issue comment  34 -F core/outputs/j/jsonlint-results-14102516263.txt[0m
job-core	Check JSON	2025-03-27T09:01:37.0738076Z [36;1mfi[0m
job-core	Check JSON	2025-03-27T09:01:37.0752607Z shell: /usr/bin/bash -e {0}
job-core	Check JSON	2025-03-27T09:01:37.0753204Z env:
job-core	Check JSON	2025-03-27T09:01:37.0753614Z   KAOS_MODULE: [Ka0S] JSONLINT
job-core	Check JSON	2025-03-27T09:01:37.0766801Z   GH_TOKEN: ***
job-core	Check JSON	2025-03-27T09:01:37.0767503Z   KAOS_JSONLINT_CONFIG: core/config/.jsonlint.json
job-core	Check JSON	2025-03-27T09:01:37.0768364Z   KAOS_PATH_RESUME: core/outputs/j/
job-core	Check JSON	2025-03-27T09:01:37.0769064Z   KAOS_REPO: /actions-runner/_work/kaos/kaos
job-core	Check JSON	2025-03-27T09:01:37.0769572Z   KAOS_STEP_MODULE: 
job-core	Check JSON	2025-03-27T09:01:37.0770181Z   KAOS_CODE: 14102516263
job-core	Check JSON	2025-03-27T09:01:37.0771061Z   KAOS_REF_BRANCH: main
job-core	Check JSON	2025-03-27T09:01:37.0771598Z ##[endgroup]
job-core	Check JSON	2025-03-27T09:01:37.2754581Z Mostramos fichero
job-core	Check JSON	2025-03-27T09:01:37.2767731Z {
job-core	Check JSON	2025-03-27T09:01:37.2768535Z   "conclusion": "success",
job-core	Check JSON	2025-03-27T09:01:37.2769361Z   "createdAt": "2025-03-26T12:20:11Z",
job-core	Check JSON	2025-03-27T09:01:37.2770168Z   "databaseId": 14083108861,
job-core	Check JSON	2025-03-27T09:01:37.2777691Z   "displayTitle": "Ka0s Markdown Lint",
job-core	Check JSON	2025-03-27T09:01:37.2778939Z   "event": "workflow_dispatch",
job-core	Check JSON	2025-03-27T09:01:37.2780022Z   "headBranch": "H44-creaci√≥n-m√≥dulo-versionado",
job-core	Check JSON	2025-03-27T09:01:37.2780990Z   "headSha": "af6930f0044017947112556448a04969df15b284",
job-core	Check JSON	2025-03-27T09:01:37.2781713Z   "jobs": [
job-core	Check JSON	2025-03-27T09:01:37.2782138Z     {
job-core	Check JSON	2025-03-27T09:01:37.2782675Z       "completedAt": "2025-03-26T12:23:26Z",
job-core	Check JSON	2025-03-27T09:01:37.2783393Z       "conclusion": "success",
job-core	Check JSON	2025-03-27T09:01:37.2784142Z       "databaseId": 39440415355,
job-core	Check JSON	2025-03-27T09:01:37.2784695Z       "name": "job-core",
job-core	Check JSON	2025-03-27T09:01:37.2785326Z       "startedAt": "2025-03-26T12:20:17Z",
job-core	Check JSON	2025-03-27T09:01:37.2786026Z       "status": "completed",
job-core	Check JSON	2025-03-27T09:01:37.2786571Z       "steps": [
job-core	Check JSON	2025-03-27T09:01:37.2787007Z         {
job-core	Check JSON	2025-03-27T09:01:37.2787514Z           "conclusion": "success",
job-core	Check JSON	2025-03-27T09:01:37.2788178Z           "name": "Set up job",
job-core	Check JSON	2025-03-27T09:01:37.2788732Z           "number": 1,
job-core	Check JSON	2025-03-27T09:01:37.2789283Z           "status": "completed"
job-core	Check JSON	2025-03-27T09:01:37.2789810Z         },
job-core	Check JSON	2025-03-27T09:01:37.2790205Z         {
job-core	Check JSON	2025-03-27T09:01:37.2790696Z           "conclusion": "success",
job-core	Check JSON	2025-03-27T09:01:37.2791412Z           "name": "Run actions/checkout@v4",
job-core	Check JSON	2025-03-27T09:01:37.2792055Z           "number": 2,
job-core	Check JSON	2025-03-27T09:01:37.2792604Z           "status": "completed"
job-core	Check JSON	2025-03-27T09:01:37.2793131Z         },
job-core	Check JSON	2025-03-27T09:01:37.2809726Z         {
job-core	Check JSON	2025-03-27T09:01:37.2810578Z           "conclusion": "success",
job-core	Check JSON	2025-03-27T09:01:37.2811394Z           "name": "Run actions/setup-node@v4",
job-core	Check JSON	2025-03-27T09:01:37.2812060Z           "number": 3,
job-core	Check JSON	2025-03-27T09:01:37.2812610Z           "status": "completed"
job-core	Check JSON	2025-03-27T09:01:37.2813163Z         },
job-core	Check JSON	2025-03-27T09:01:37.2813557Z         {
job-core	Check JSON	2025-03-27T09:01:37.2814142Z           "conclusion": "success",
job-core	Check JSON	2025-03-27T09:01:37.2814942Z           "name": "Run npm install -g markdownlint-cli2",
job-core	Check JSON	2025-03-27T09:01:37.2815661Z           "number": 4,
job-core	Check JSON	2025-03-27T09:01:37.2816208Z           "status": "completed"
job-core	Check JSON	2025-03-27T09:01:37.2816731Z         },
job-core	Check JSON	2025-03-27T09:01:37.2817128Z         {
job-core	Check JSON	2025-03-27T09:01:37.2817618Z           "conclusion": "success",
job-core	Check JSON	2025-03-27T09:01:37.2818891Z           "name": "Run # Realizamos el check del documento md ",
job-core	Check JSON	2025-03-27T09:01:37.2820727Z           "number": 5,
job-core	Check JSON	2025-03-27T09:01:37.2821330Z           "status": "completed"
job-core	Check JSON	2025-03-27T09:01:37.2821880Z         },
job-core	Check JSON	2025-03-27T09:01:37.2822271Z         {
job-core	Check JSON	2025-03-27T09:01:37.2822757Z           "conclusion": "success",
job-core	Check JSON	2025-03-27T09:01:37.2823436Z           "name": "Post Run actions/setup-node@v4",
job-core	Check JSON	2025-03-27T09:01:37.2824291Z           "number": 9,
job-core	Check JSON	2025-03-27T09:01:37.2824843Z           "status": "completed"
job-core	Check JSON	2025-03-27T09:01:37.2825363Z         },
job-core	Check JSON	2025-03-27T09:01:37.2825755Z         {
job-core	Check JSON	2025-03-27T09:01:37.2826254Z           "conclusion": "success",
job-core	Check JSON	2025-03-27T09:01:37.2826971Z           "name": "Post Run actions/checkout@v4",
job-core	Check JSON	2025-03-27T09:01:37.2827622Z           "number": 10,
job-core	Check JSON	2025-03-27T09:01:37.2828237Z           "status": "completed"
job-core	Check JSON	2025-03-27T09:01:37.2828812Z         },
job-core	Check JSON	2025-03-27T09:01:37.2829239Z         {
job-core	Check JSON	2025-03-27T09:01:37.2829716Z           "conclusion": "success",
job-core	Check JSON	2025-03-27T09:01:37.2830429Z           "name": "Complete job",
job-core	Check JSON	2025-03-27T09:01:37.2831026Z           "number": 11,
job-core	Check JSON	2025-03-27T09:01:37.2832090Z           "status": "completed"
job-core	Check JSON	2025-03-27T09:01:37.2832651Z         }
job-core	Check JSON	2025-03-27T09:01:37.2833078Z       ],
job-core	Check JSON	2025-03-27T09:01:37.2834181Z       "url": "https://github.com/Ka0s-Klaus/ka0s/actions/runs/14083108861/job/39440415355"
job-core	Check JSON	2025-03-27T09:01:37.2835178Z     },
job-core	Check JSON	2025-03-27T09:01:37.2835593Z     {
job-core	Check JSON	2025-03-27T09:01:37.2836150Z       "completedAt": "2025-03-26T12:24:40Z",
job-core	Check JSON	2025-03-27T09:01:37.2836887Z       "conclusion": "success",
job-core	Check JSON	2025-03-27T09:01:37.2837561Z       "databaseId": 39440610129,
job-core	Check JSON	2025-03-27T09:01:37.2838250Z       "name": "handle-success",
job-core	Check JSON	2025-03-27T09:01:37.2838965Z       "startedAt": "2025-03-26T12:24:28Z",
job-core	Check JSON	2025-03-27T09:01:37.2839644Z       "status": "completed",
job-core	Check JSON	2025-03-27T09:01:37.2840229Z       "steps": [
job-core	Check JSON	2025-03-27T09:01:37.2840676Z         {
job-core	Check JSON	2025-03-27T09:01:37.2841146Z           "conclusion": "success",
job-core	Check JSON	2025-03-27T09:01:37.2841837Z           "name": "Set up job",
job-core	Check JSON	2025-03-27T09:01:37.2842407Z           "number": 1,
job-core	Check JSON	2025-03-27T09:01:37.2842990Z           "status": "completed"
job-core	Check JSON	2025-03-27T09:01:37.2843572Z         },
job-core	Check JSON	2025-03-27T09:01:37.2844100Z         {
job-core	Check JSON	2025-03-27T09:01:37.2844625Z           "conclusion": "success",
job-core	Check JSON	2025-03-27T09:01:37.2845390Z           "name": "handle-success-execution",
job-core	Check JSON	2025-03-27T09:01:37.2846059Z           "number": 2,
job-core	Check JSON	2025-03-27T09:01:37.2846609Z           "status": "completed"
job-core	Check JSON	2025-03-27T09:01:37.2847186Z         },
job-core	Check JSON	2025-03-27T09:01:37.2847591Z         {
job-core	Check JSON	2025-03-27T09:01:37.2848121Z           "conclusion": "success",
job-core	Check JSON	2025-03-27T09:01:37.2848826Z           "name": "Complete job",
job-core	Check JSON	2025-03-27T09:01:37.2849437Z           "number": 3,
job-core	Check JSON	2025-03-27T09:01:37.2850056Z           "status": "completed"
job-core	Check JSON	2025-03-27T09:01:37.2850620Z         }
job-core	Check JSON	2025-03-27T09:01:37.2851026Z       ],
job-core	Check JSON	2025-03-27T09:01:37.2852009Z       "url": "https://github.com/Ka0s-Klaus/ka0s/actions/runs/14083108861/job/39440610129"
job-core	Check JSON	2025-03-27T09:01:37.2852953Z     },
job-core	Check JSON	2025-03-27T09:01:37.2853365Z     {
job-core	Check JSON	2025-03-27T09:01:37.2854014Z       "completedAt": "2025-03-26T12:25:51Z",
job-core	Check JSON	2025-03-27T09:01:37.2854786Z       "conclusion": "success",
job-core	Check JSON	2025-03-27T09:01:37.2855427Z       "databaseId": 39440684346,
job-core	Check JSON	2025-03-27T09:01:37.2856020Z       "name": "end-workflow",
job-core	Check JSON	2025-03-27T09:01:37.2856692Z       "startedAt": "2025-03-26T12:25:35Z",
job-core	Check JSON	2025-03-27T09:01:37.2857325Z       "status": "completed",
job-core	Check JSON	2025-03-27T09:01:37.2857862Z       "steps": [
job-core	Check JSON	2025-03-27T09:01:37.2858285Z         {
job-core	Check JSON	2025-03-27T09:01:37.2858789Z           "conclusion": "success",
job-core	Check JSON	2025-03-27T09:01:37.2859453Z           "name": "Set up job",
job-core	Check JSON	2025-03-27T09:01:37.2860019Z           "number": 1,
job-core	Check JSON	2025-03-27T09:01:37.2860590Z           "status": "completed"
job-core	Check JSON	2025-03-27T09:01:37.2861133Z         },
job-core	Check JSON	2025-03-27T09:01:37.2861538Z         {
job-core	Check JSON	2025-03-27T09:01:37.2862053Z           "conclusion": "success",
job-core	Check JSON	2025-03-27T09:01:37.2862720Z           "name": "Checkout code",
job-core	Check JSON	2025-03-27T09:01:37.2863269Z           "number": 2,
job-core	Check JSON	2025-03-27T09:01:37.2863956Z           "status": "completed"
job-core	Check JSON	2025-03-27T09:01:37.2864965Z         },
job-core	Check JSON	2025-03-27T09:01:37.2865369Z         {
job-core	Check JSON	2025-03-27T09:01:37.2865895Z           "conclusion": "success",
job-core	Check JSON	2025-03-27T09:01:37.2866606Z           "name": "Finaliza el workflow",
job-core	Check JSON	2025-03-27T09:01:37.2867249Z           "number": 3,
job-core	Check JSON	2025-03-27T09:01:37.2867835Z           "status": "completed"
job-core	Check JSON	2025-03-27T09:01:37.2868373Z         },
job-core	Check JSON	2025-03-27T09:01:37.2868768Z         {
job-core	Check JSON	2025-03-27T09:01:37.2869272Z           "conclusion": "success",
job-core	Check JSON	2025-03-27T09:01:37.2870101Z           "name": "Post Checkout code",
job-core	Check JSON	2025-03-27T09:01:37.2870743Z           "number": 6,
job-core	Check JSON	2025-03-27T09:01:37.2871323Z           "status": "completed"
job-core	Check JSON	2025-03-27T09:01:37.2871901Z         },
job-core	Check JSON	2025-03-27T09:01:37.2872549Z         {
job-core	Check JSON	2025-03-27T09:01:37.2873109Z           "conclusion": "success",
job-core	Check JSON	2025-03-27T09:01:37.2873921Z           "name": "Complete job",
job-core	Check JSON	2025-03-27T09:01:37.2874533Z           "number": 7,
job-core	Check JSON	2025-03-27T09:01:37.2875136Z           "status": "completed"
job-core	Check JSON	2025-03-27T09:01:37.2875730Z         }
job-core	Check JSON	2025-03-27T09:01:37.2876147Z       ],
job-core	Check JSON	2025-03-27T09:01:37.2877222Z       "url": "https://github.com/Ka0s-Klaus/ka0s/actions/runs/14083108861/job/39440684346"
job-core	Check JSON	2025-03-27T09:01:37.2878737Z     },
job-core	Check JSON	2025-03-27T09:01:37.2879139Z     {
job-core	Check JSON	2025-03-27T09:01:37.2879698Z       "completedAt": "2025-03-26T12:24:40Z",
job-core	Check JSON	2025-03-27T09:01:37.2880458Z       "conclusion": "skipped",
job-core	Check JSON	2025-03-27T09:01:37.2881303Z       "databaseId": 39440684398,
job-core	Check JSON	2025-03-27T09:01:37.2882077Z       "name": "handle_failure",
job-core	Check JSON	2025-03-27T09:01:37.2882832Z       "startedAt": "2025-03-26T12:24:40Z",
job-core	Check JSON	2025-03-27T09:01:37.2883447Z       "status": "completed",
job-core	Check JSON	2025-03-27T09:01:37.2884075Z       "steps": [],
job-core	Check JSON	2025-03-27T09:01:37.2885050Z       "url": "https://github.com/Ka0s-Klaus/ka0s/actions/runs/14083108861/job/39440684398"
job-core	Check JSON	2025-03-27T09:01:37.2886038Z     }
job-core	Check JSON	2025-03-27T09:01:37.2886416Z   ],
job-core	Check JSON	2025-03-27T09:01:37.2886897Z   "name": "Ka0s Markdown Lint",
job-core	Check JSON	2025-03-27T09:01:37.2887475Z   "number": 21,
job-core	Check JSON	2025-03-27T09:01:37.2888051Z   "startedAt": "2025-03-26T12:20:11Z",
job-core	Check JSON	2025-03-27T09:01:37.2888702Z   "status": "completed",
job-core	Check JSON	2025-03-27T09:01:37.2889350Z   "updatedAt": "2025-03-26T12:25:52Z",
job-core	Check JSON	2025-03-27T09:01:37.2890380Z   "url": "https://github.com/Ka0s-Klaus/ka0s/actions/runs/14083108861",
job-core	Check JSON	2025-03-27T09:01:37.2891324Z   "workflowDatabaseId": 142215142,
job-core	Check JSON	2025-03-27T09:01:37.2892076Z   "workflowName": "Ka0s Markdown Lint"
job-core	Check JSON	2025-03-27T09:01:37.2892761Z }
job-core	Check JSON	2025-03-27T09:01:37.2893182Z {
job-core	Check JSON	2025-03-27T09:01:37.2893635Z   "conclusion": "success",
job-core	Check JSON	2025-03-27T09:01:37.2894415Z   "createdAt": "2025-03-26T12:20:11Z",
job-core	Check JSON	2025-03-27T09:01:37.2895084Z   "databaseId": 14083108861,
job-core	Check JSON	2025-03-27T09:01:37.2895759Z   "displayTitle": "Ka0s Markdown Lint",
job-core	Check JSON	2025-03-27T09:01:37.2896498Z   "event": "workflow_dispatch",
job-core	Check JSON	2025-03-27T09:01:37.2897567Z   "headBranch": "H44-creaci√≥n-m√≥dulo-versionado",
job-core	Check JSON	2025-03-27T09:01:37.2898495Z   "headSha": "af6930f0044017947112556448a04969df15b284",
job-core	Check JSON	2025-03-27T09:01:37.2899141Z   "jobs": [
job-core	Check JSON	2025-03-27T09:01:37.2899515Z     {
job-core	Check JSON	2025-03-27T09:01:37.2900037Z       "completedAt": "2025-03-26T12:23:26Z",
job-core	Check JSON	2025-03-27T09:01:37.2900777Z       "conclusion": "success",
job-core	Check JSON	2025-03-27T09:01:37.2901423Z       "databaseId": 39440415355,
job-core	Check JSON	2025-03-27T09:01:37.2901997Z       "name": "job-core",
job-core	Check JSON	2025-03-27T09:01:37.2902634Z       "startedAt": "2025-03-26T12:20:17Z",
job-core	Check JSON	2025-03-27T09:01:37.2903256Z       "status": "completed",
job-core	Check JSON	2025-03-27T09:01:37.2903956Z       "steps": [
job-core	Check JSON	2025-03-27T09:01:37.2904397Z         {
job-core	Check JSON	2025-03-27T09:01:37.2904885Z           "conclusion": "success",
job-core	Check JSON	2025-03-27T09:01:37.2905565Z           "name": "Set up job",
job-core	Check JSON	2025-03-27T09:01:37.2906118Z           "number": 1,
job-core	Check JSON	2025-03-27T09:01:37.2906681Z           "status": "completed"
job-core	Check JSON	2025-03-27T09:01:37.2907219Z         },
job-core	Check JSON	2025-03-27T09:01:37.2907634Z         {
job-core	Check JSON	2025-03-27T09:01:37.2908171Z           "conclusion": "success",
job-core	Check JSON	2025-03-27T09:01:37.2908908Z           "name": "Run actions/checkout@v4",
job-core	Check JSON	2025-03-27T09:01:37.2909569Z           "number": 2,
job-core	Check JSON	2025-03-27T09:01:37.2910133Z           "status": "completed"
job-core	Check JSON	2025-03-27T09:01:37.2911209Z         },
job-core	Check JSON	2025-03-27T09:01:37.2911611Z         {
job-core	Check JSON	2025-03-27T09:01:37.2912131Z           "conclusion": "success",
job-core	Check JSON	2025-03-27T09:01:37.2912893Z           "name": "Run actions/setup-node@v4",
job-core	Check JSON	2025-03-27T09:01:37.2913533Z           "number": 3,
job-core	Check JSON	2025-03-27T09:01:37.2914255Z           "status": "completed"
job-core	Check JSON	2025-03-27T09:01:37.2914802Z         },
job-core	Check JSON	2025-03-27T09:01:37.2915201Z         {
job-core	Check JSON	2025-03-27T09:01:37.2915733Z           "conclusion": "success",
job-core	Check JSON	2025-03-27T09:01:37.2916547Z           "name": "Run npm install -g markdownlint-cli2",
job-core	Check JSON	2025-03-27T09:01:37.2917311Z           "number": 4,
job-core	Check JSON	2025-03-27T09:01:37.2917893Z           "status": "completed"
job-core	Check JSON	2025-03-27T09:01:37.2918438Z         },
job-core	Check JSON	2025-03-27T09:01:37.2918842Z         {
job-core	Check JSON	2025-03-27T09:01:37.2919330Z           "conclusion": "success",
job-core	Check JSON	2025-03-27T09:01:37.2920122Z           "name": "Run # Realizamos el check del documento md ",
job-core	Check JSON	2025-03-27T09:01:37.2920811Z           "number": 5,
job-core	Check JSON	2025-03-27T09:01:37.2921338Z           "status": "completed"
job-core	Check JSON	2025-03-27T09:01:37.2921887Z         },
job-core	Check JSON	2025-03-27T09:01:37.2922287Z         {
job-core	Check JSON	2025-03-27T09:01:37.2922809Z           "conclusion": "success",
job-core	Check JSON	2025-03-27T09:01:37.2924175Z           "name": "Post Run actions/setup-node@v4",
job-core	Check JSON	2025-03-27T09:01:37.2924876Z           "number": 9,
job-core	Check JSON	2025-03-27T09:01:37.2925470Z           "status": "completed"
job-core	Check JSON	2025-03-27T09:01:37.2925994Z         },
job-core	Check JSON	2025-03-27T09:01:37.2926400Z         {
job-core	Check JSON	2025-03-27T09:01:37.2926920Z           "conclusion": "success",
job-core	Check JSON	2025-03-27T09:01:37.2927637Z           "name": "Post Run actions/checkout@v4",
job-core	Check JSON	2025-03-27T09:01:37.2928303Z           "number": 10,
job-core	Check JSON	2025-03-27T09:01:37.2928828Z           "status": "completed"
job-core	Check JSON	2025-03-27T09:01:37.2929601Z         },
job-core	Check JSON	2025-03-27T09:01:37.2930087Z         {
job-core	Check JSON	2025-03-27T09:01:37.2930584Z           "conclusion": "success",
job-core	Check JSON	2025-03-27T09:01:37.2931250Z           "name": "Complete job",
job-core	Check JSON	2025-03-27T09:01:37.2931837Z           "number": 11,
job-core	Check JSON	2025-03-27T09:01:37.2942631Z           "status": "completed"
job-core	Check JSON	2025-03-27T09:01:37.2943282Z         }
job-core	Check JSON	2025-03-27T09:01:37.2943723Z       ],
job-core	Check JSON	2025-03-27T09:01:37.2944837Z       "url": "https://github.com/Ka0s-Klaus/ka0s/actions/runs/14083108861/job/39440415355"
job-core	Check JSON	2025-03-27T09:01:37.2945774Z     },
job-core	Check JSON	2025-03-27T09:01:37.2946181Z     {
job-core	Check JSON	2025-03-27T09:01:37.2946727Z       "completedAt": "2025-03-26T12:24:40Z",
job-core	Check JSON	2025-03-27T09:01:37.2947409Z       "conclusion": "success",
job-core	Check JSON	2025-03-27T09:01:37.2948035Z       "databaseId": 39440610129,
job-core	Check JSON	2025-03-27T09:01:37.2948677Z       "name": "handle-success",
job-core	Check JSON	2025-03-27T09:01:37.2949334Z       "startedAt": "2025-03-26T12:24:28Z",
job-core	Check JSON	2025-03-27T09:01:37.2949966Z       "status": "completed",
job-core	Check JSON	2025-03-27T09:01:37.2950499Z       "steps": [
job-core	Check JSON	2025-03-27T09:01:37.2950951Z         {
job-core	Check JSON	2025-03-27T09:01:37.2951455Z           "conclusion": "success",
job-core	Check JSON	2025-03-27T09:01:37.2952115Z           "name": "Set up job",
job-core	Check JSON	2025-03-27T09:01:37.2952685Z           "number": 1,
job-core	Check JSON	2025-03-27T09:01:37.2953261Z           "status": "completed"
job-core	Check JSON	2025-03-27T09:01:37.2954058Z         },
job-core	Check JSON	2025-03-27T09:01:37.2954462Z         {
job-core	Check JSON	2025-03-27T09:01:37.2955000Z           "conclusion": "success",
job-core	Check JSON	2025-03-27T09:01:37.2955752Z           "name": "handle-success-execution",
job-core	Check JSON	2025-03-27T09:01:37.2956423Z           "number": 2,
job-core	Check JSON	2025-03-27T09:01:37.2957016Z           "status": "completed"
job-core	Check JSON	2025-03-27T09:01:37.2957546Z         },
job-core	Check JSON	2025-03-27T09:01:37.2957960Z         {
job-core	Check JSON	2025-03-27T09:01:37.2958477Z           "conclusion": "success",
job-core	Check JSON	2025-03-27T09:01:37.2959156Z           "name": "Complete job",
job-core	Check JSON	2025-03-27T09:01:37.2959733Z           "number": 3,
job-core	Check JSON	2025-03-27T09:01:37.2960311Z           "status": "completed"
job-core	Check JSON	2025-03-27T09:01:37.2960815Z         }
job-core	Check JSON	2025-03-27T09:01:37.2961177Z       ],
job-core	Check JSON	2025-03-27T09:01:37.2962057Z       "url": "https://github.com/Ka0s-Klaus/ka0s/actions/runs/14083108861/job/39440610129"
job-core	Check JSON	2025-03-27T09:01:37.2962910Z     },
job-core	Check JSON	2025-03-27T09:01:37.2963285Z     {
job-core	Check JSON	2025-03-27T09:01:37.2963947Z       "completedAt": "2025-03-26T12:25:51Z",
job-core	Check JSON	2025-03-27T09:01:37.2964681Z       "conclusion": "success",
job-core	Check JSON	2025-03-27T09:01:37.2965347Z       "databaseId": 39440684346,
job-core	Check JSON	2025-03-27T09:01:37.2966485Z       "name": "end-workflow",
job-core	Check JSON	2025-03-27T09:01:37.2967185Z       "startedAt": "2025-03-26T12:25:35Z",
job-core	Check JSON	2025-03-27T09:01:37.2967867Z       "status": "completed",
job-core	Check JSON	2025-03-27T09:01:37.2968417Z       "steps": [
job-core	Check JSON	2025-03-27T09:01:37.2968879Z         {
job-core	Check JSON	2025-03-27T09:01:37.2969401Z           "conclusion": "success",
job-core	Check JSON	2025-03-27T09:01:37.2970051Z           "name": "Set up job",
job-core	Check JSON	2025-03-27T09:01:37.2970629Z           "number": 1,
job-core	Check JSON	2025-03-27T09:01:37.2971181Z           "status": "completed"
job-core	Check JSON	2025-03-27T09:01:37.2971725Z         },
job-core	Check JSON	2025-03-27T09:01:37.2972118Z         {
job-core	Check JSON	2025-03-27T09:01:37.2972655Z           "conclusion": "success",
job-core	Check JSON	2025-03-27T09:01:37.2973346Z           "name": "Checkout code",
job-core	Check JSON	2025-03-27T09:01:37.2974055Z           "number": 2,
job-core	Check JSON	2025-03-27T09:01:37.2974644Z           "status": "completed"
job-core	Check JSON	2025-03-27T09:01:37.2975209Z         },
job-core	Check JSON	2025-03-27T09:01:37.2975599Z         {
job-core	Check JSON	2025-03-27T09:01:37.2976131Z           "conclusion": "success",
job-core	Check JSON	2025-03-27T09:01:37.2976856Z           "name": "Finaliza el workflow",
job-core	Check JSON	2025-03-27T09:01:37.2977490Z           "number": 3,
job-core	Check JSON	2025-03-27T09:01:37.2978044Z           "status": "completed"
job-core	Check JSON	2025-03-27T09:01:37.2978984Z         },
job-core	Check JSON	2025-03-27T09:01:37.2979340Z         {
job-core	Check JSON	2025-03-27T09:01:37.2979806Z           "conclusion": "success",
job-core	Check JSON	2025-03-27T09:01:37.2980464Z           "name": "Post Checkout code",
job-core	Check JSON	2025-03-27T09:01:37.2981066Z           "number": 6,
job-core	Check JSON	2025-03-27T09:01:37.2981630Z           "status": "completed"
job-core	Check JSON	2025-03-27T09:01:37.2982158Z         },
job-core	Check JSON	2025-03-27T09:01:37.2982573Z         {
job-core	Check JSON	2025-03-27T09:01:37.2983066Z           "conclusion": "success",
job-core	Check JSON	2025-03-27T09:01:37.2983725Z           "name": "Complete job",
job-core	Check JSON	2025-03-27T09:01:37.2984441Z           "number": 7,
job-core	Check JSON	2025-03-27T09:01:37.2985020Z           "status": "completed"
job-core	Check JSON	2025-03-27T09:01:37.2994173Z         }
job-core	Check JSON	2025-03-27T09:01:37.2994709Z       ],
job-core	Check JSON	2025-03-27T09:01:37.2995717Z       "url": "https://github.com/Ka0s-Klaus/ka0s/actions/runs/14083108861/job/39440684346"
job-core	Check JSON	2025-03-27T09:01:37.2996665Z     },
job-core	Check JSON	2025-03-27T09:01:37.2997097Z     {
job-core	Check JSON	2025-03-27T09:01:37.2997665Z       "completedAt": "2025-03-26T12:24:40Z",
job-core	Check JSON	2025-03-27T09:01:37.2998378Z       "conclusion": "skipped",
job-core	Check JSON	2025-03-27T09:01:37.2999012Z       "databaseId": 39440684398,
job-core	Check JSON	2025-03-27T09:01:37.2999621Z       "name": "handle_failure",
job-core	Check JSON	2025-03-27T09:01:37.3000247Z       "startedAt": "2025-03-26T12:24:40Z",
job-core	Check JSON	2025-03-27T09:01:37.3000891Z       "status": "completed",
job-core	Check JSON	2025-03-27T09:01:37.3001422Z       "steps": [],
job-core	Check JSON	2025-03-27T09:01:37.3002447Z       "url": "https://github.com/Ka0s-Klaus/ka0s/actions/runs/14083108861/job/39440684398"
job-core	Check JSON	2025-03-27T09:01:37.3003518Z     }
job-core	Check JSON	2025-03-27T09:01:37.3004044Z   ],
job-core	Check JSON	2025-03-27T09:01:37.3004537Z   "name": "Ka0s Markdown Lint",
job-core	Check JSON	2025-03-27T09:01:37.3005065Z   "number": 21,
job-core	Check JSON	2025-03-27T09:01:37.3005616Z   "startedAt": "2025-03-26T12:20:11Z",
job-core	Check JSON	2025-03-27T09:01:37.3006260Z   "status": "completed",
job-core	Check JSON	2025-03-27T09:01:37.3006884Z   "updatedAt": "2025-03-26T12:25:52Z",
job-core	Check JSON	2025-03-27T09:01:37.3007856Z   "url": "https://github.com/Ka0s-Klaus/ka0s/actions/runs/14083108861",
job-core	Check JSON	2025-03-27T09:01:37.3008867Z   "workflowDatabaseId": 142215142,
job-core	Check JSON	2025-03-27T09:01:37.3009619Z   "workflowName": "Ka0s Markdown Lint"
job-core	Check JSON	2025-03-27T09:01:37.3010345Z }
job-core	Check JSON	2025-03-27T09:01:37.3011824Z File core/outputs/j/jsonlint-results-14102516263.txt is not empty and is content not correct and write commit info
job-core	Check JSON	2025-03-27T09:01:38.6741789Z https://github.com/Ka0s-Klaus/ka0s/issues/34#issuecomment-2757249373
job-core	Post Install Node.js	Ôªø2025-03-27T09:01:38.6905252Z Post job cleanup.
job-core	Post Checkout code	Ôªø2025-03-27T09:01:38.8395964Z Post job cleanup.
job-core	Post Checkout code	2025-03-27T09:01:38.9859436Z [command]/usr/bin/git version
job-core	Post Checkout code	2025-03-27T09:01:38.9918094Z git version 2.48.1
job-core	Post Checkout code	2025-03-27T09:01:38.9978147Z Copying '/home/kaos/.gitconfig' to '/actions-runner/_work/_temp/874e9fa8-0e53-408d-83b4-5c2948332d0e/.gitconfig'
job-core	Post Checkout code	2025-03-27T09:01:38.9995714Z Temporarily overriding HOME='/actions-runner/_work/_temp/874e9fa8-0e53-408d-83b4-5c2948332d0e' before making global git config changes
job-core	Post Checkout code	2025-03-27T09:01:38.9999201Z Adding repository directory to the temporary git global config as a safe directory
job-core	Post Checkout code	2025-03-27T09:01:39.0006559Z [command]/usr/bin/git config --global --add safe.directory /actions-runner/_work/ka0s/ka0s
job-core	Post Checkout code	2025-03-27T09:01:39.0063330Z [command]/usr/bin/git config --local --name-only --get-regexp core\.sshCommand
job-core	Post Checkout code	2025-03-27T09:01:39.0131501Z [command]/usr/bin/git submodule foreach --recursive sh -c "git config --local --name-only --get-regexp 'core\.sshCommand' && git config --local --unset-all 'core.sshCommand' || :"
job-core	Post Checkout code	2025-03-27T09:01:39.0530550Z [command]/usr/bin/git config --local --name-only --get-regexp http\.https\:\/\/github\.com\/\.extraheader
job-core	Post Checkout code	2025-03-27T09:01:39.0564319Z http.https://github.com/.extraheader
job-core	Post Checkout code	2025-03-27T09:01:39.0583264Z [command]/usr/bin/git config --local --unset-all http.https://github.com/.extraheader
job-core	Post Checkout code	2025-03-27T09:01:39.0636018Z [command]/usr/bin/git submodule foreach --recursive sh -c "git config --local --name-only --get-regexp 'http\.https\:\/\/github\.com\/\.extraheader' && git config --local --unset-all 'http.https://github.com/.extraheader' || :"
job-core	Complete job	Ôªø2025-03-27T09:01:39.1179137Z Cleaning up orphan processes
handle-success	Set up job	Ôªø2025-03-27T09:08:22.9764008Z Current runner version: '2.323.0'
handle-success	Set up job	2025-03-27T09:08:22.9774715Z Runner name: 'ka0s-runner-1'
handle-success	Set up job	2025-03-27T09:08:22.9776160Z Machine name: '181b3e34799e'
handle-success	Set up job	2025-03-27T09:08:22.9780325Z ##[group]GITHUB_TOKEN Permissions
handle-success	Set up job	2025-03-27T09:08:22.9783611Z Actions: write
handle-success	Set up job	2025-03-27T09:08:22.9784823Z Contents: write
handle-success	Set up job	2025-03-27T09:08:22.9785513Z Issues: write
handle-success	Set up job	2025-03-27T09:08:22.9786371Z Metadata: read
handle-success	Set up job	2025-03-27T09:08:22.9787110Z PullRequests: write
handle-success	Set up job	2025-03-27T09:08:22.9787796Z ##[endgroup]
handle-success	Set up job	2025-03-27T09:08:22.9791080Z Secret source: Actions
handle-success	Set up job	2025-03-27T09:08:22.9792028Z Prepare workflow directory
handle-success	Set up job	2025-03-27T09:08:23.0695803Z Prepare all required actions
handle-success	Set up job	2025-03-27T09:08:23.0768203Z Complete job name: handle-success
handle-success	handle-success-execution	Ôªø2025-03-27T09:08:23.1397918Z ##[group]Run # Si todo ha ido correcto a√±adimos el contenido del fichero 
handle-success	handle-success-execution	2025-03-27T09:08:23.1399407Z [36;1m# Si todo ha ido correcto a√±adimos el contenido del fichero [0m
handle-success	handle-success-execution	2025-03-27T09:08:23.1400310Z [36;1mecho "Todo ha ido bien."[0m
handle-success	handle-success-execution	2025-03-27T09:08:23.1432139Z shell: /usr/bin/bash -e {0}
handle-success	handle-success-execution	2025-03-27T09:08:23.1433969Z env:
handle-success	handle-success-execution	2025-03-27T09:08:23.1434850Z   KAOS_MODULE: [Ka0S] JSONLINT
handle-success	handle-success-execution	2025-03-27T09:08:23.1436280Z   GH_TOKEN: ***
handle-success	handle-success-execution	2025-03-27T09:08:23.1437989Z   KAOS_JSONLINT_CONFIG: core/config/.jsonlint.json
handle-success	handle-success-execution	2025-03-27T09:08:23.1439049Z   KAOS_PATH_RESUME: core/outputs/j/
handle-success	handle-success-execution	2025-03-27T09:08:23.1439770Z   KAOS_REPO: /actions-runner/_work/kaos/kaos
handle-success	handle-success-execution	2025-03-27T09:08:23.1440485Z   KAOS_STEP_MODULE: 
handle-success	handle-success-execution	2025-03-27T09:08:23.1441019Z   KAOS_CODE: 14102516263
handle-success	handle-success-execution	2025-03-27T09:08:23.1441592Z   KAOS_REF_BRANCH: main
handle-success	handle-success-execution	2025-03-27T09:08:23.1442175Z ##[endgroup]
handle-success	handle-success-execution	2025-03-27T09:08:23.1997796Z Todo ha ido bien.
handle-success	Complete job	Ôªø2025-03-27T09:08:23.2227233Z Cleaning up orphan processes
end-workflow	Set up job	Ôªø2025-03-27T09:14:42.0136729Z Current runner version: '2.323.0'
end-workflow	Set up job	2025-03-27T09:14:42.0146125Z Runner name: 'kaos-3'
end-workflow	Set up job	2025-03-27T09:14:42.0147329Z Machine name: 'ddaf71c4382c'
end-workflow	Set up job	2025-03-27T09:14:42.0151100Z ##[group]GITHUB_TOKEN Permissions
end-workflow	Set up job	2025-03-27T09:14:42.0154504Z Actions: write
end-workflow	Set up job	2025-03-27T09:14:42.0155484Z Contents: write
end-workflow	Set up job	2025-03-27T09:14:42.0156181Z Issues: write
end-workflow	Set up job	2025-03-27T09:14:42.0156836Z Metadata: read
end-workflow	Set up job	2025-03-27T09:14:42.0157569Z PullRequests: write
end-workflow	Set up job	2025-03-27T09:14:42.0158409Z ##[endgroup]
end-workflow	Set up job	2025-03-27T09:14:42.0161799Z Secret source: Actions
end-workflow	Set up job	2025-03-27T09:14:42.0162802Z Prepare workflow directory
end-workflow	Set up job	2025-03-27T09:14:42.1230485Z Prepare all required actions
end-workflow	Set up job	2025-03-27T09:14:42.1286879Z Getting action download info
end-workflow	Set up job	2025-03-27T09:14:43.2488719Z Download action repository 'actions/checkout@v4' (SHA:11bd71901bbe5b1630ceea73d27597364c9af683)
end-workflow	Set up job	2025-03-27T09:14:45.8827925Z Complete job name: end-workflow
end-workflow	Checkout code	Ôªø2025-03-27T09:14:45.9608255Z ##[group]Run actions/checkout@v4
end-workflow	Checkout code	2025-03-27T09:14:45.9609425Z with:
end-workflow	Checkout code	2025-03-27T09:14:45.9609798Z   fetch-depth: 0
end-workflow	Checkout code	2025-03-27T09:14:45.9610654Z   token: ***
end-workflow	Checkout code	2025-03-27T09:14:45.9611008Z   repository: Ka0s-Klaus/ka0s
end-workflow	Checkout code	2025-03-27T09:14:45.9611406Z   ssh-strict: true
end-workflow	Checkout code	2025-03-27T09:14:45.9611737Z   ssh-user: git
end-workflow	Checkout code	2025-03-27T09:14:45.9612079Z   persist-credentials: true
end-workflow	Checkout code	2025-03-27T09:14:45.9612601Z   clean: true
end-workflow	Checkout code	2025-03-27T09:14:45.9612953Z   sparse-checkout-cone-mode: true
end-workflow	Checkout code	2025-03-27T09:14:45.9613372Z   fetch-tags: false
end-workflow	Checkout code	2025-03-27T09:14:45.9613717Z   show-progress: true
end-workflow	Checkout code	2025-03-27T09:14:45.9614234Z   lfs: false
end-workflow	Checkout code	2025-03-27T09:14:45.9614574Z   submodules: false
end-workflow	Checkout code	2025-03-27T09:14:45.9614930Z   set-safe-directory: true
end-workflow	Checkout code	2025-03-27T09:14:45.9615805Z env:
end-workflow	Checkout code	2025-03-27T09:14:45.9616155Z   KAOS_MODULE: [Ka0S] JSONLINT
end-workflow	Checkout code	2025-03-27T09:14:45.9616760Z   GH_TOKEN: ***
end-workflow	Checkout code	2025-03-27T09:14:45.9617150Z   KAOS_JSONLINT_CONFIG: core/config/.jsonlint.json
end-workflow	Checkout code	2025-03-27T09:14:45.9617632Z   KAOS_PATH_RESUME: core/outputs/j/
end-workflow	Checkout code	2025-03-27T09:14:45.9618176Z   KAOS_REPO: /actions-runner/_work/kaos/kaos
end-workflow	Checkout code	2025-03-27T09:14:45.9618623Z   KAOS_STEP_MODULE: 
end-workflow	Checkout code	2025-03-27T09:14:45.9618993Z   KAOS_CODE: 14102516263
end-workflow	Checkout code	2025-03-27T09:14:45.9619364Z   KAOS_REF_BRANCH: main
end-workflow	Checkout code	2025-03-27T09:14:45.9619730Z ##[endgroup]
end-workflow	Checkout code	2025-03-27T09:14:46.1731726Z Syncing repository: Ka0s-Klaus/ka0s
end-workflow	Checkout code	2025-03-27T09:14:46.1775848Z ##[group]Getting Git version info
end-workflow	Checkout code	2025-03-27T09:14:46.1776995Z Working directory is '/actions-runner/_work/ka0s/ka0s'
end-workflow	Checkout code	2025-03-27T09:14:46.1778396Z [command]/usr/bin/git version
end-workflow	Checkout code	2025-03-27T09:14:46.1778982Z git version 2.48.1
end-workflow	Checkout code	2025-03-27T09:14:46.1781109Z ##[endgroup]
end-workflow	Checkout code	2025-03-27T09:14:46.1790491Z Copying '/home/kaos/.gitconfig' to '/actions-runner/_work/_temp/9c1b23ca-38ed-47ce-9248-057bbece12b6/.gitconfig'
end-workflow	Checkout code	2025-03-27T09:14:46.1792810Z Temporarily overriding HOME='/actions-runner/_work/_temp/9c1b23ca-38ed-47ce-9248-057bbece12b6' before making global git config changes
end-workflow	Checkout code	2025-03-27T09:14:46.1794985Z Adding repository directory to the temporary git global config as a safe directory
end-workflow	Checkout code	2025-03-27T09:14:46.1796612Z [command]/usr/bin/git config --global --add safe.directory /actions-runner/_work/ka0s/ka0s
end-workflow	Checkout code	2025-03-27T09:14:46.2007479Z [command]/usr/bin/git config --local --get remote.origin.url
end-workflow	Checkout code	2025-03-27T09:14:46.2162498Z https://github.com/Ka0s-Klaus/ka0s
end-workflow	Checkout code	2025-03-27T09:14:46.2198425Z ##[group]Removing previously created refs, to avoid conflicts
end-workflow	Checkout code	2025-03-27T09:14:46.2206824Z [command]/usr/bin/git rev-parse --symbolic-full-name --verify --quiet HEAD
end-workflow	Checkout code	2025-03-27T09:14:46.2263360Z refs/heads/H34-modulo-iac-kaos
end-workflow	Checkout code	2025-03-27T09:14:46.2281900Z [command]/usr/bin/git checkout --detach
end-workflow	Checkout code	2025-03-27T09:14:46.2469076Z HEAD is now at 678d230 [Ka0S] Uploading resume execution files to the repository...
end-workflow	Checkout code	2025-03-27T09:14:46.2669579Z [command]/usr/bin/git branch --delete --force H34-modulo-iac-kaos
end-workflow	Checkout code	2025-03-27T09:14:46.2824551Z Deleted branch H34-modulo-iac-kaos (was 678d230).
end-workflow	Checkout code	2025-03-27T09:14:46.3081690Z ##[endgroup]
end-workflow	Checkout code	2025-03-27T09:14:46.3105442Z [command]/usr/bin/git submodule status
end-workflow	Checkout code	2025-03-27T09:14:46.4442143Z ##[group]Cleaning the repository
end-workflow	Checkout code	2025-03-27T09:14:46.4443074Z [command]/usr/bin/git clean -ffdx
end-workflow	Checkout code	2025-03-27T09:14:46.4541530Z [command]/usr/bin/git reset --hard HEAD
end-workflow	Checkout code	2025-03-27T09:14:46.4758290Z HEAD is now at 678d230 [Ka0S] Uploading resume execution files to the repository...
end-workflow	Checkout code	2025-03-27T09:14:46.4813063Z ##[endgroup]
end-workflow	Checkout code	2025-03-27T09:14:46.4826141Z ##[group]Disabling automatic garbage collection
end-workflow	Checkout code	2025-03-27T09:14:46.4841516Z [command]/usr/bin/git config --local gc.auto 0
end-workflow	Checkout code	2025-03-27T09:14:46.4921977Z ##[endgroup]
end-workflow	Checkout code	2025-03-27T09:14:46.4940077Z ##[group]Setting up auth
end-workflow	Checkout code	2025-03-27T09:14:46.4944875Z [command]/usr/bin/git config --local --name-only --get-regexp core\.sshCommand
end-workflow	Checkout code	2025-03-27T09:14:46.5042136Z [command]/usr/bin/git submodule foreach --recursive sh -c "git config --local --name-only --get-regexp 'core\.sshCommand' && git config --local --unset-all 'core.sshCommand' || :"
end-workflow	Checkout code	2025-03-27T09:14:46.6080330Z [command]/usr/bin/git config --local --name-only --get-regexp http\.https\:\/\/github\.com\/\.extraheader
end-workflow	Checkout code	2025-03-27T09:14:46.6136730Z [command]/usr/bin/git submodule foreach --recursive sh -c "git config --local --name-only --get-regexp 'http\.https\:\/\/github\.com\/\.extraheader' && git config --local --unset-all 'http.https://github.com/.extraheader' || :"
end-workflow	Checkout code	2025-03-27T09:14:46.6853226Z [command]/usr/bin/git config --local http.https://github.com/.extraheader AUTHORIZATION: basic ***
end-workflow	Checkout code	2025-03-27T09:14:46.6935834Z ##[endgroup]
end-workflow	Checkout code	2025-03-27T09:14:46.6937883Z ##[group]Fetching the repository
end-workflow	Checkout code	2025-03-27T09:14:46.6956629Z [command]/usr/bin/git -c protocol.version=2 fetch --prune --no-recurse-submodules origin +refs/heads/*:refs/remotes/origin/* +refs/tags/*:refs/tags/*
end-workflow	Checkout code	2025-03-27T09:14:47.6918218Z From https://github.com/Ka0s-Klaus/ka0s
end-workflow	Checkout code	2025-03-27T09:14:47.6922701Z    c958e08..951db7d  main       -> origin/main
end-workflow	Checkout code	2025-03-27T09:14:47.7005036Z [command]/usr/bin/git branch --list --remote origin/H34-modulo-iac-kaos
end-workflow	Checkout code	2025-03-27T09:14:47.7052873Z   origin/H34-modulo-iac-kaos
end-workflow	Checkout code	2025-03-27T09:14:47.7072954Z [command]/usr/bin/git rev-parse refs/remotes/origin/H34-modulo-iac-kaos
end-workflow	Checkout code	2025-03-27T09:14:47.7117379Z 678d230439a588b10154e1644ffbc5c70ac9b81d
end-workflow	Checkout code	2025-03-27T09:14:47.7132828Z ##[endgroup]
end-workflow	Checkout code	2025-03-27T09:14:47.7134949Z ##[group]Determining the checkout info
end-workflow	Checkout code	2025-03-27T09:14:47.7136339Z ##[endgroup]
end-workflow	Checkout code	2025-03-27T09:14:47.7144078Z [command]/usr/bin/git sparse-checkout disable
end-workflow	Checkout code	2025-03-27T09:14:47.7266110Z [command]/usr/bin/git config --local --unset-all extensions.worktreeConfig
end-workflow	Checkout code	2025-03-27T09:14:47.7344953Z ##[group]Checking out the ref
end-workflow	Checkout code	2025-03-27T09:14:47.7346975Z [command]/usr/bin/git checkout --progress --force -B H34-modulo-iac-kaos refs/remotes/origin/H34-modulo-iac-kaos
end-workflow	Checkout code	2025-03-27T09:14:47.7531674Z Switched to a new branch 'H34-modulo-iac-kaos'
end-workflow	Checkout code	2025-03-27T09:14:47.7537703Z branch 'H34-modulo-iac-kaos' set up to track 'origin/H34-modulo-iac-kaos'.
end-workflow	Checkout code	2025-03-27T09:14:47.7568154Z ##[endgroup]
end-workflow	Checkout code	2025-03-27T09:14:47.7719514Z [command]/usr/bin/git log -1 --format=%H
end-workflow	Checkout code	2025-03-27T09:14:47.7835635Z 678d230439a588b10154e1644ffbc5c70ac9b81d
end-workflow	Finaliza el workflow	Ôªø2025-03-27T09:14:47.8258582Z ##[group]Run echo "End process"
end-workflow	Finaliza el workflow	2025-03-27T09:14:47.8259557Z [36;1mecho "End process"[0m
end-workflow	Finaliza el workflow	2025-03-27T09:14:47.8261028Z [36;1mgh workflow run inspector.yml --ref main -f kaos-issue-id=34 -f kaos-workflow-id="14102516263" -f kaos-user-start="santakloud"[0m
end-workflow	Finaliza el workflow	2025-03-27T09:14:47.8289186Z shell: /usr/bin/bash -e {0}
end-workflow	Finaliza el workflow	2025-03-27T09:14:47.8289963Z env:
end-workflow	Finaliza el workflow	2025-03-27T09:14:47.8290530Z   KAOS_MODULE: [Ka0S] JSONLINT
end-workflow	Finaliza el workflow	2025-03-27T09:14:47.8291629Z   GH_TOKEN: ***
end-workflow	Finaliza el workflow	2025-03-27T09:14:47.8292305Z   KAOS_JSONLINT_CONFIG: core/config/.jsonlint.json
end-workflow	Finaliza el workflow	2025-03-27T09:14:47.8293191Z   KAOS_PATH_RESUME: core/outputs/j/
end-workflow	Finaliza el workflow	2025-03-27T09:14:47.8294099Z   KAOS_REPO: /actions-runner/_work/kaos/kaos
end-workflow	Finaliza el workflow	2025-03-27T09:14:47.8294829Z   KAOS_STEP_MODULE: 
end-workflow	Finaliza el workflow	2025-03-27T09:14:47.8295384Z   KAOS_CODE: 14102516263
end-workflow	Finaliza el workflow	2025-03-27T09:14:47.8295976Z   KAOS_REF_BRANCH: main
end-workflow	Finaliza el workflow	2025-03-27T09:14:47.8296546Z ##[endgroup]
end-workflow	Finaliza el workflow	2025-03-27T09:14:47.8449293Z End process
end-workflow	Post Checkout code	Ôªø2025-03-27T09:14:48.9437950Z Post job cleanup.
end-workflow	Post Checkout code	2025-03-27T09:14:49.0783604Z [command]/usr/bin/git version
end-workflow	Post Checkout code	2025-03-27T09:14:49.0858896Z git version 2.48.1
end-workflow	Post Checkout code	2025-03-27T09:14:49.0954696Z Copying '/home/kaos/.gitconfig' to '/actions-runner/_work/_temp/7cbe00f1-8ceb-4c4e-b021-7b6cafcabaeb/.gitconfig'
end-workflow	Post Checkout code	2025-03-27T09:14:49.1024397Z Temporarily overriding HOME='/actions-runner/_work/_temp/7cbe00f1-8ceb-4c4e-b021-7b6cafcabaeb' before making global git config changes
end-workflow	Post Checkout code	2025-03-27T09:14:49.1026351Z Adding repository directory to the temporary git global config as a safe directory
end-workflow	Post Checkout code	2025-03-27T09:14:49.1027845Z [command]/usr/bin/git config --global --add safe.directory /actions-runner/_work/ka0s/ka0s
end-workflow	Post Checkout code	2025-03-27T09:14:49.1076643Z [command]/usr/bin/git config --local --name-only --get-regexp core\.sshCommand
end-workflow	Post Checkout code	2025-03-27T09:14:49.1185591Z [command]/usr/bin/git submodule foreach --recursive sh -c "git config --local --name-only --get-regexp 'core\.sshCommand' && git config --local --unset-all 'core.sshCommand' || :"
end-workflow	Post Checkout code	2025-03-27T09:14:49.1812803Z [command]/usr/bin/git config --local --name-only --get-regexp http\.https\:\/\/github\.com\/\.extraheader
end-workflow	Post Checkout code	2025-03-27T09:14:49.1902123Z http.https://github.com/.extraheader
end-workflow	Post Checkout code	2025-03-27T09:14:49.1918342Z [command]/usr/bin/git config --local --unset-all http.https://github.com/.extraheader
end-workflow	Post Checkout code	2025-03-27T09:14:49.2002756Z [command]/usr/bin/git submodule foreach --recursive sh -c "git config --local --name-only --get-regexp 'http\.https\:\/\/github\.com\/\.extraheader' && git config --local --unset-all 'http.https://github.com/.extraheader' || :"
end-workflow	Complete job	Ôªø2025-03-27T09:14:49.2613205Z Cleaning up orphan processes
