job-core	Set up job	Ôªø2025-03-27T09:01:58.7380294Z Current runner version: '2.323.0'
job-core	Set up job	2025-03-27T09:01:58.7389848Z Runner name: 'ka0s-runner-1'
job-core	Set up job	2025-03-27T09:01:58.7391118Z Machine name: '181b3e34799e'
job-core	Set up job	2025-03-27T09:01:58.7395519Z ##[group]GITHUB_TOKEN Permissions
job-core	Set up job	2025-03-27T09:01:58.7398796Z Actions: write
job-core	Set up job	2025-03-27T09:01:58.7399533Z Contents: write
job-core	Set up job	2025-03-27T09:01:58.7400229Z Issues: write
job-core	Set up job	2025-03-27T09:01:58.7400956Z Metadata: read
job-core	Set up job	2025-03-27T09:01:58.7401625Z PullRequests: write
job-core	Set up job	2025-03-27T09:01:58.7402310Z ##[endgroup]
job-core	Set up job	2025-03-27T09:01:58.7406435Z Secret source: Actions
job-core	Set up job	2025-03-27T09:01:58.7407504Z Prepare workflow directory
job-core	Set up job	2025-03-27T09:01:58.8411551Z Prepare all required actions
job-core	Set up job	2025-03-27T09:01:58.8466622Z Getting action download info
job-core	Set up job	2025-03-27T09:01:59.5927125Z Download action repository 'actions/checkout@v4' (SHA:11bd71901bbe5b1630ceea73d27597364c9af683)
job-core	Set up job	2025-03-27T09:02:01.7121148Z Download action repository 'actions/setup-node@v2' (SHA:7c12f8017d5436eb855f1ed4399f037a36fbd9e8)
job-core	Set up job	2025-03-27T09:02:05.6743139Z Complete job name: job-core
job-core	Checkout code	Ôªø2025-03-27T09:02:05.7712335Z ##[group]Run actions/checkout@v4
job-core	Checkout code	2025-03-27T09:02:05.7714639Z with:
job-core	Checkout code	2025-03-27T09:02:05.7715539Z   fetch-depth: 0
job-core	Checkout code	2025-03-27T09:02:05.7717089Z   token: ***
job-core	Checkout code	2025-03-27T09:02:05.7718037Z   repository: Ka0s-Klaus/ka0s
job-core	Checkout code	2025-03-27T09:02:05.7720432Z   ssh-strict: true
job-core	Checkout code	2025-03-27T09:02:05.7722180Z   ssh-user: git
job-core	Checkout code	2025-03-27T09:02:05.7724443Z   persist-credentials: true
job-core	Checkout code	2025-03-27T09:02:05.7725517Z   clean: true
job-core	Checkout code	2025-03-27T09:02:05.7726473Z   sparse-checkout-cone-mode: true
job-core	Checkout code	2025-03-27T09:02:05.7727647Z   fetch-tags: false
job-core	Checkout code	2025-03-27T09:02:05.7728605Z   show-progress: true
job-core	Checkout code	2025-03-27T09:02:05.7729585Z   lfs: false
job-core	Checkout code	2025-03-27T09:02:05.7730499Z   submodules: false
job-core	Checkout code	2025-03-27T09:02:05.7731462Z   set-safe-directory: true
job-core	Checkout code	2025-03-27T09:02:05.7733109Z env:
job-core	Checkout code	2025-03-27T09:02:05.7734203Z   KAOS_MODULE: [Ka0S] JSONLINT
job-core	Checkout code	2025-03-27T09:02:05.7735851Z   GH_TOKEN: ***
job-core	Checkout code	2025-03-27T09:02:05.7736949Z   KAOS_JSONLINT_CONFIG: core/config/.jsonlint.json
job-core	Checkout code	2025-03-27T09:02:05.7738381Z   KAOS_PATH_RESUME: core/outputs/j/
job-core	Checkout code	2025-03-27T09:02:05.7739826Z   KAOS_REPO: /actions-runner/_work/kaos/kaos
job-core	Checkout code	2025-03-27T09:02:05.7741374Z   KAOS_STEP_MODULE: 
job-core	Checkout code	2025-03-27T09:02:05.7742347Z   KAOS_CODE: 14102519399
job-core	Checkout code	2025-03-27T09:02:05.7743371Z   KAOS_REF_BRANCH: main
job-core	Checkout code	2025-03-27T09:02:05.7744498Z ##[endgroup]
job-core	Checkout code	2025-03-27T09:02:05.9434602Z Syncing repository: Ka0s-Klaus/ka0s
job-core	Checkout code	2025-03-27T09:02:05.9440434Z ##[group]Getting Git version info
job-core	Checkout code	2025-03-27T09:02:05.9443292Z Working directory is '/actions-runner/_work/ka0s/ka0s'
job-core	Checkout code	2025-03-27T09:02:05.9447587Z [command]/usr/bin/git version
job-core	Checkout code	2025-03-27T09:02:05.9449458Z git version 2.48.1
job-core	Checkout code	2025-03-27T09:02:05.9468840Z ##[endgroup]
job-core	Checkout code	2025-03-27T09:02:05.9487537Z Copying '/home/kaos/.gitconfig' to '/actions-runner/_work/_temp/80e703e7-dcd5-4e6f-9973-00666464567d/.gitconfig'
job-core	Checkout code	2025-03-27T09:02:05.9507449Z Temporarily overriding HOME='/actions-runner/_work/_temp/80e703e7-dcd5-4e6f-9973-00666464567d' before making global git config changes
job-core	Checkout code	2025-03-27T09:02:05.9514308Z Adding repository directory to the temporary git global config as a safe directory
job-core	Checkout code	2025-03-27T09:02:05.9521869Z [command]/usr/bin/git config --global --add safe.directory /actions-runner/_work/ka0s/ka0s
job-core	Checkout code	2025-03-27T09:02:05.9584956Z [command]/usr/bin/git config --local --get remote.origin.url
job-core	Checkout code	2025-03-27T09:02:05.9616467Z https://github.com/Ka0s-Klaus/ka0s
job-core	Checkout code	2025-03-27T09:02:05.9646120Z ##[group]Removing previously created refs, to avoid conflicts
job-core	Checkout code	2025-03-27T09:02:05.9654308Z [command]/usr/bin/git rev-parse --symbolic-full-name --verify --quiet HEAD
job-core	Checkout code	2025-03-27T09:02:05.9688498Z refs/heads/H34-modulo-iac-kaos
job-core	Checkout code	2025-03-27T09:02:05.9704365Z [command]/usr/bin/git checkout --detach
job-core	Checkout code	2025-03-27T09:02:05.9796758Z HEAD is now at 678d230 [Ka0S] Uploading resume execution files to the repository...
job-core	Checkout code	2025-03-27T09:02:05.9877755Z [command]/usr/bin/git branch --delete --force H34-modulo-iac-kaos
job-core	Checkout code	2025-03-27T09:02:05.9917684Z Deleted branch H34-modulo-iac-kaos (was 678d230).
job-core	Checkout code	2025-03-27T09:02:05.9991184Z ##[endgroup]
job-core	Checkout code	2025-03-27T09:02:05.9993050Z [command]/usr/bin/git submodule status
job-core	Checkout code	2025-03-27T09:02:06.0418426Z ##[group]Cleaning the repository
job-core	Checkout code	2025-03-27T09:02:06.0424220Z [command]/usr/bin/git clean -ffdx
job-core	Checkout code	2025-03-27T09:02:06.0475848Z Removing core/outputs/j/jsonlint-results-14102516263.txt
job-core	Checkout code	2025-03-27T09:02:06.0490431Z [command]/usr/bin/git reset --hard HEAD
job-core	Checkout code	2025-03-27T09:02:06.0610183Z HEAD is now at 678d230 [Ka0S] Uploading resume execution files to the repository...
job-core	Checkout code	2025-03-27T09:02:06.0621496Z ##[endgroup]
job-core	Checkout code	2025-03-27T09:02:06.0624805Z ##[group]Disabling automatic garbage collection
job-core	Checkout code	2025-03-27T09:02:06.0628424Z [command]/usr/bin/git config --local gc.auto 0
job-core	Checkout code	2025-03-27T09:02:06.0699836Z ##[endgroup]
job-core	Checkout code	2025-03-27T09:02:06.0703416Z ##[group]Setting up auth
job-core	Checkout code	2025-03-27T09:02:06.0708533Z [command]/usr/bin/git config --local --name-only --get-regexp core\.sshCommand
job-core	Checkout code	2025-03-27T09:02:06.0822425Z [command]/usr/bin/git submodule foreach --recursive sh -c "git config --local --name-only --get-regexp 'core\.sshCommand' && git config --local --unset-all 'core.sshCommand' || :"
job-core	Checkout code	2025-03-27T09:02:06.1234402Z [command]/usr/bin/git config --local --name-only --get-regexp http\.https\:\/\/github\.com\/\.extraheader
job-core	Checkout code	2025-03-27T09:02:06.1286930Z [command]/usr/bin/git submodule foreach --recursive sh -c "git config --local --name-only --get-regexp 'http\.https\:\/\/github\.com\/\.extraheader' && git config --local --unset-all 'http.https://github.com/.extraheader' || :"
job-core	Checkout code	2025-03-27T09:02:06.1706830Z [command]/usr/bin/git config --local http.https://github.com/.extraheader AUTHORIZATION: basic ***
job-core	Checkout code	2025-03-27T09:02:06.1766309Z ##[endgroup]
job-core	Checkout code	2025-03-27T09:02:06.1768888Z ##[group]Fetching the repository
job-core	Checkout code	2025-03-27T09:02:06.1781587Z [command]/usr/bin/git -c protocol.version=2 fetch --prune --no-recurse-submodules origin +refs/heads/*:refs/remotes/origin/* +refs/tags/*:refs/tags/*
job-core	Checkout code	2025-03-27T09:02:07.1073973Z [command]/usr/bin/git branch --list --remote origin/H34-modulo-iac-kaos
job-core	Checkout code	2025-03-27T09:02:07.1115562Z   origin/H34-modulo-iac-kaos
job-core	Checkout code	2025-03-27T09:02:07.1130533Z [command]/usr/bin/git rev-parse refs/remotes/origin/H34-modulo-iac-kaos
job-core	Checkout code	2025-03-27T09:02:07.1167702Z 678d230439a588b10154e1644ffbc5c70ac9b81d
job-core	Checkout code	2025-03-27T09:02:07.1174444Z ##[endgroup]
job-core	Checkout code	2025-03-27T09:02:07.1175438Z ##[group]Determining the checkout info
job-core	Checkout code	2025-03-27T09:02:07.1204070Z ##[endgroup]
job-core	Checkout code	2025-03-27T09:02:07.1205824Z [command]/usr/bin/git sparse-checkout disable
job-core	Checkout code	2025-03-27T09:02:07.1271459Z [command]/usr/bin/git config --local --unset-all extensions.worktreeConfig
job-core	Checkout code	2025-03-27T09:02:07.1317729Z ##[group]Checking out the ref
job-core	Checkout code	2025-03-27T09:02:07.1325277Z [command]/usr/bin/git checkout --progress --force -B H34-modulo-iac-kaos refs/remotes/origin/H34-modulo-iac-kaos
job-core	Checkout code	2025-03-27T09:02:07.1438264Z Switched to a new branch 'H34-modulo-iac-kaos'
job-core	Checkout code	2025-03-27T09:02:07.1444221Z branch 'H34-modulo-iac-kaos' set up to track 'origin/H34-modulo-iac-kaos'.
job-core	Checkout code	2025-03-27T09:02:07.1456934Z ##[endgroup]
job-core	Checkout code	2025-03-27T09:02:07.1519432Z [command]/usr/bin/git log -1 --format=%H
job-core	Checkout code	2025-03-27T09:02:07.1562724Z 678d230439a588b10154e1644ffbc5c70ac9b81d
job-core	Install Node.js	Ôªø2025-03-27T09:02:07.1881522Z ##[group]Run actions/setup-node@v2
job-core	Install Node.js	2025-03-27T09:02:07.1881992Z with:
job-core	Install Node.js	2025-03-27T09:02:07.1882240Z   node-version: 14
job-core	Install Node.js	2025-03-27T09:02:07.1882512Z   always-auth: false
job-core	Install Node.js	2025-03-27T09:02:07.1882784Z   check-latest: false
job-core	Install Node.js	2025-03-27T09:02:07.1895167Z   token: ***
job-core	Install Node.js	2025-03-27T09:02:07.1895611Z env:
job-core	Install Node.js	2025-03-27T09:02:07.1895861Z   KAOS_MODULE: [Ka0S] JSONLINT
job-core	Install Node.js	2025-03-27T09:02:07.1896329Z   GH_TOKEN: ***
job-core	Install Node.js	2025-03-27T09:02:07.1896635Z   KAOS_JSONLINT_CONFIG: core/config/.jsonlint.json
job-core	Install Node.js	2025-03-27T09:02:07.1897059Z   KAOS_PATH_RESUME: core/outputs/j/
job-core	Install Node.js	2025-03-27T09:02:07.1897419Z   KAOS_REPO: /actions-runner/_work/kaos/kaos
job-core	Install Node.js	2025-03-27T09:02:07.1897772Z   KAOS_STEP_MODULE: 
job-core	Install Node.js	2025-03-27T09:02:07.1898030Z   KAOS_CODE: 14102519399
job-core	Install Node.js	2025-03-27T09:02:07.1898306Z   KAOS_REF_BRANCH: main
job-core	Install Node.js	2025-03-27T09:02:07.1898573Z ##[endgroup]
job-core	Install Node.js	2025-03-27T09:02:07.4206319Z Found in cache @ /actions-runner/_work/_tool/node/14.21.3/x64
job-core	Install jsonlint	Ôªø2025-03-27T09:02:07.4373549Z ##[group]Run if ! command -v jsonlint &> /dev/null; then
job-core	Install jsonlint	2025-03-27T09:02:07.4374657Z [36;1mif ! command -v jsonlint &> /dev/null; then[0m
job-core	Install jsonlint	2025-03-27T09:02:07.4375329Z [36;1m  echo "Installing jsonlint..."[0m
job-core	Install jsonlint	2025-03-27T09:02:07.4375677Z [36;1m  npm install -g jsonlint[0m
job-core	Install jsonlint	2025-03-27T09:02:07.4375975Z [36;1melse[0m
job-core	Install jsonlint	2025-03-27T09:02:07.4376323Z [36;1m  echo "jsonlint already installed, skipping installation"[0m
job-core	Install jsonlint	2025-03-27T09:02:07.4376731Z [36;1mfi[0m
job-core	Install jsonlint	2025-03-27T09:02:07.4376974Z [36;1mmkdir -p core/outputs/j/[0m
job-core	Install jsonlint	2025-03-27T09:02:07.4394252Z shell: /usr/bin/bash -e {0}
job-core	Install jsonlint	2025-03-27T09:02:07.4394804Z env:
job-core	Install jsonlint	2025-03-27T09:02:07.4395049Z   KAOS_MODULE: [Ka0S] JSONLINT
job-core	Install jsonlint	2025-03-27T09:02:07.4395581Z   GH_TOKEN: ***
job-core	Install jsonlint	2025-03-27T09:02:07.4395876Z   KAOS_JSONLINT_CONFIG: core/config/.jsonlint.json
job-core	Install jsonlint	2025-03-27T09:02:07.4396255Z   KAOS_PATH_RESUME: core/outputs/j/
job-core	Install jsonlint	2025-03-27T09:02:07.4396611Z   KAOS_REPO: /actions-runner/_work/kaos/kaos
job-core	Install jsonlint	2025-03-27T09:02:07.4396958Z   KAOS_STEP_MODULE: 
job-core	Install jsonlint	2025-03-27T09:02:07.4397351Z   KAOS_CODE: 14102519399
job-core	Install jsonlint	2025-03-27T09:02:07.4397618Z   KAOS_REF_BRANCH: main
job-core	Install jsonlint	2025-03-27T09:02:07.4397891Z ##[endgroup]
job-core	Install jsonlint	2025-03-27T09:02:07.4482197Z jsonlint already installed, skipping installation
job-core	Check JSON	Ôªø2025-03-27T09:02:07.4556137Z ##[group]Run # Invocamos la primera comprobaci√≥n de base, sino se supera el proceso no continua
job-core	Check JSON	2025-03-27T09:02:07.4557070Z [36;1m# Invocamos la primera comprobaci√≥n de base, sino se supera el proceso no continua[0m
job-core	Check JSON	2025-03-27T09:02:07.4557622Z [36;1m# Extraemos el nombre del fichero[0m
job-core	Check JSON	2025-03-27T09:02:07.4558045Z [36;1mfile_name=$(basename "core/outputs/e/14083670379.json")[0m
job-core	Check JSON	2025-03-27T09:02:07.4558501Z [36;1m# Generamos el fichero de resultados vacio[0m
job-core	Check JSON	2025-03-27T09:02:07.4558963Z [36;1mtouch core/outputs/j/jsonlint-results-14102519399.txt[0m
job-core	Check JSON	2025-03-27T09:02:07.4559420Z [36;1m# Realizamos el check del documento json [0m
job-core	Check JSON	2025-03-27T09:02:07.4560022Z [36;1mjsonlint core/outputs/e/14083670379.json > core/outputs/j/jsonlint-results-14102519399.txt[0m
job-core	Check JSON	2025-03-27T09:02:07.4560673Z [36;1m# esto es un workarround importante que hay que retirar[0m
job-core	Check JSON	2025-03-27T09:02:07.4561201Z [36;1m#rm -rf core/outputs/j/jsonlint-results-14102519399.txt[0m
job-core	Check JSON	2025-03-27T09:02:07.4561597Z [36;1m# a retirar[0m
job-core	Check JSON	2025-03-27T09:02:07.4561914Z [36;1m# Check if exist errors in file[0m
job-core	Check JSON	2025-03-27T09:02:07.4562246Z [36;1mecho "Mostramos fichero"[0m
job-core	Check JSON	2025-03-27T09:02:07.4562638Z [36;1mcat core/outputs/j/jsonlint-results-14102519399.txt[0m
job-core	Check JSON	2025-03-27T09:02:07.4563168Z [36;1mif [ ! -s core/outputs/j/jsonlint-results-14102519399.txt ]; then[0m
job-core	Check JSON	2025-03-27T09:02:07.4564252Z [36;1m  echo "File core/outputs/j/jsonlint-results-14102519399.txt is empty and is content correct"[0m
job-core	Check JSON	2025-03-27T09:02:07.4566139Z [36;1m  KAOS_ISSUE_BODY="The [Ka0S] JSONLINT process (14102458457) launch the check (14102519399) over file (core/outputs/e/14083670379.json) and its result has been SUCCESS. Please review all files implicated in pull request and approve to merge"[0m
job-core	Check JSON	2025-03-27T09:02:07.4567419Z [36;1m  # A√±adimos la versi√≥n de jsonlint con la que se realiza la comprobacion[0m
job-core	Check JSON	2025-03-27T09:02:07.4568045Z [36;1m  jsonlint --version >> core/outputs/j/jsonlint-results-14102519399.txt[0m
job-core	Check JSON	2025-03-27T09:02:07.4568624Z [36;1m  # a√±adimos el nombre del fichero que vamos a comprobar[0m
job-core	Check JSON	2025-03-27T09:02:07.4569291Z [36;1m  echo "Finding: core/outputs/e/14083670379.json" >> core/outputs/j/jsonlint-results-14102519399.txt[0m
job-core	Check JSON	2025-03-27T09:02:07.4570398Z [36;1m  # gh workflow run issue.yaml --ref main -f kaos-issue-title="" -f kaos-issue-body="$KAOS_ISSUE_BODY" -f kaos-issue-actions=comment -f kaos-issue-tag="" -f kaos-issue-id=34[0m
job-core	Check JSON	2025-03-27T09:02:07.4571387Z [36;1m  gh issue comment  34 -F core/outputs/j/jsonlint-results-14102519399.txt[0m
job-core	Check JSON	2025-03-27T09:02:07.4571843Z [36;1melse[0m
job-core	Check JSON	2025-03-27T09:02:07.4572181Z [36;1m  cat core/outputs/j/jsonlint-results-14102519399.txt[0m
job-core	Check JSON	2025-03-27T09:02:07.4572950Z [36;1m  echo "File core/outputs/j/jsonlint-results-14102519399.txt is not empty and is content not correct and write commit info"[0m
job-core	Check JSON	2025-03-27T09:02:07.4574692Z [36;1m  KAOS_ISSUE_BODY="The [Ka0S] JSONLINT process (14102458457) launch the check (14102519399) over file (core/outputs/e/14083670379.json) and its result has been FAILED, please check and solved it"[0m
job-core	Check JSON	2025-03-27T09:02:07.4576017Z [36;1m  # A√±adimos la versi√≥n de jsonlint con la que se realiza la comprobacion[0m
job-core	Check JSON	2025-03-27T09:02:07.4576655Z [36;1m  # jsonlint --version || true >> core/outputs/j/jsonlint-results-14102519399.txt[0m
job-core	Check JSON	2025-03-27T09:02:07.4577230Z [36;1m  # a√±adimos el nombre del fichero que vamos a comprobar[0m
job-core	Check JSON	2025-03-27T09:02:07.4577891Z [36;1m  echo "Finding: core/outputs/e/14083670379.json" >> core/outputs/j/jsonlint-results-14102519399.txt[0m
job-core	Check JSON	2025-03-27T09:02:07.4579002Z [36;1m  # gh workflow run issue.yaml --ref main -f kaos-issue-title="" -f kaos-issue-body="$KAOS_ISSUE_BODY" -f kaos-issue-actions=comment -f kaos-issue-tag="" -f kaos-issue-id=34 [0m
job-core	Check JSON	2025-03-27T09:02:07.4579988Z [36;1m  gh issue comment  34 -F core/outputs/j/jsonlint-results-14102519399.txt[0m
job-core	Check JSON	2025-03-27T09:02:07.4580439Z [36;1mfi[0m
job-core	Check JSON	2025-03-27T09:02:07.4592335Z shell: /usr/bin/bash -e {0}
job-core	Check JSON	2025-03-27T09:02:07.4592661Z env:
job-core	Check JSON	2025-03-27T09:02:07.4592894Z   KAOS_MODULE: [Ka0S] JSONLINT
job-core	Check JSON	2025-03-27T09:02:07.4593684Z   GH_TOKEN: ***
job-core	Check JSON	2025-03-27T09:02:07.4594553Z   KAOS_JSONLINT_CONFIG: core/config/.jsonlint.json
job-core	Check JSON	2025-03-27T09:02:07.4594943Z   KAOS_PATH_RESUME: core/outputs/j/
job-core	Check JSON	2025-03-27T09:02:07.4595287Z   KAOS_REPO: /actions-runner/_work/kaos/kaos
job-core	Check JSON	2025-03-27T09:02:07.4595624Z   KAOS_STEP_MODULE: 
job-core	Check JSON	2025-03-27T09:02:07.4595880Z   KAOS_CODE: 14102519399
job-core	Check JSON	2025-03-27T09:02:07.4596141Z   KAOS_REF_BRANCH: main
job-core	Check JSON	2025-03-27T09:02:07.4596528Z ##[endgroup]
job-core	Check JSON	2025-03-27T09:02:07.6599191Z Mostramos fichero
job-core	Check JSON	2025-03-27T09:02:07.6612784Z {
job-core	Check JSON	2025-03-27T09:02:07.6613718Z   "conclusion": "success",
job-core	Check JSON	2025-03-27T09:02:07.6614644Z   "createdAt": "2025-03-26T12:48:18Z",
job-core	Check JSON	2025-03-27T09:02:07.6615370Z   "databaseId": 14083670379,
job-core	Check JSON	2025-03-27T09:02:07.6616491Z   "displayTitle": "Ka0s JSON Lint",
job-core	Check JSON	2025-03-27T09:02:07.6652545Z   "event": "workflow_dispatch",
job-core	Check JSON	2025-03-27T09:02:07.6654352Z   "headBranch": "H44-creaci√≥n-m√≥dulo-versionado",
job-core	Check JSON	2025-03-27T09:02:07.6655665Z   "headSha": "db3db356f13eed26f668e3357827e916b04eba97",
job-core	Check JSON	2025-03-27T09:02:07.6656677Z   "jobs": [
job-core	Check JSON	2025-03-27T09:02:07.6657404Z     {
job-core	Check JSON	2025-03-27T09:02:07.6658181Z       "completedAt": "2025-03-26T12:48:40Z",
job-core	Check JSON	2025-03-27T09:02:07.6659191Z       "conclusion": "success",
job-core	Check JSON	2025-03-27T09:02:07.6659973Z       "databaseId": 39442170065,
job-core	Check JSON	2025-03-27T09:02:07.6660808Z       "name": "job-core",
job-core	Check JSON	2025-03-27T09:02:07.6661677Z       "startedAt": "2025-03-26T12:48:20Z",
job-core	Check JSON	2025-03-27T09:02:07.6662561Z       "status": "completed",
job-core	Check JSON	2025-03-27T09:02:07.6663395Z       "steps": [
job-core	Check JSON	2025-03-27T09:02:07.6664272Z         {
job-core	Check JSON	2025-03-27T09:02:07.6665126Z           "conclusion": "success",
job-core	Check JSON	2025-03-27T09:02:07.6665807Z           "name": "Set up job",
job-core	Check JSON	2025-03-27T09:02:07.6666129Z           "number": 1,
job-core	Check JSON	2025-03-27T09:02:07.6666447Z           "status": "completed"
job-core	Check JSON	2025-03-27T09:02:07.6666742Z         },
job-core	Check JSON	2025-03-27T09:02:07.6667359Z         {
job-core	Check JSON	2025-03-27T09:02:07.6668299Z           "conclusion": "success",
job-core	Check JSON	2025-03-27T09:02:07.6669511Z           "name": "Checkout code",
job-core	Check JSON	2025-03-27T09:02:07.6670509Z           "number": 2,
job-core	Check JSON	2025-03-27T09:02:07.6671558Z           "status": "completed"
job-core	Check JSON	2025-03-27T09:02:07.6672500Z         },
job-core	Check JSON	2025-03-27T09:02:07.6673253Z         {
job-core	Check JSON	2025-03-27T09:02:07.6674285Z           "conclusion": "success",
job-core	Check JSON	2025-03-27T09:02:07.6675470Z           "name": "Install Node.js",
job-core	Check JSON	2025-03-27T09:02:07.6676503Z           "number": 3,
job-core	Check JSON	2025-03-27T09:02:07.6677509Z           "status": "completed"
job-core	Check JSON	2025-03-27T09:02:07.6678464Z         },
job-core	Check JSON	2025-03-27T09:02:07.6679254Z         {
job-core	Check JSON	2025-03-27T09:02:07.6680198Z           "conclusion": "success",
job-core	Check JSON	2025-03-27T09:02:07.6681404Z           "name": "Install jsonlint",
job-core	Check JSON	2025-03-27T09:02:07.6682438Z           "number": 4,
job-core	Check JSON	2025-03-27T09:02:07.6683476Z           "status": "completed"
job-core	Check JSON	2025-03-27T09:02:07.6684576Z         },
job-core	Check JSON	2025-03-27T09:02:07.6685352Z         {
job-core	Check JSON	2025-03-27T09:02:07.6686296Z           "conclusion": "success",
job-core	Check JSON	2025-03-27T09:02:07.6687448Z           "name": "Check JSON",
job-core	Check JSON	2025-03-27T09:02:07.6688806Z           "number": 5,
job-core	Check JSON	2025-03-27T09:02:07.6689847Z           "status": "completed"
job-core	Check JSON	2025-03-27T09:02:07.6690811Z         },
job-core	Check JSON	2025-03-27T09:02:07.6691567Z         {
job-core	Check JSON	2025-03-27T09:02:07.6692509Z           "conclusion": "success",
job-core	Check JSON	2025-03-27T09:02:07.6693726Z           "name": "Post Install Node.js",
job-core	Check JSON	2025-03-27T09:02:07.6694982Z           "number": 9,
job-core	Check JSON	2025-03-27T09:02:07.6695980Z           "status": "completed"
job-core	Check JSON	2025-03-27T09:02:07.6696925Z         },
job-core	Check JSON	2025-03-27T09:02:07.6697695Z         {
job-core	Check JSON	2025-03-27T09:02:07.6698637Z           "conclusion": "success",
job-core	Check JSON	2025-03-27T09:02:07.6699810Z           "name": "Post Checkout code",
job-core	Check JSON	2025-03-27T09:02:07.6700886Z           "number": 10,
job-core	Check JSON	2025-03-27T09:02:07.6701915Z           "status": "completed"
job-core	Check JSON	2025-03-27T09:02:07.6702845Z         },
job-core	Check JSON	2025-03-27T09:02:07.6703597Z         {
job-core	Check JSON	2025-03-27T09:02:07.6704601Z           "conclusion": "success",
job-core	Check JSON	2025-03-27T09:02:07.6705761Z           "name": "Complete job",
job-core	Check JSON	2025-03-27T09:02:07.6706748Z           "number": 11,
job-core	Check JSON	2025-03-27T09:02:07.6707788Z           "status": "completed"
job-core	Check JSON	2025-03-27T09:02:07.6708732Z         }
job-core	Check JSON	2025-03-27T09:02:07.6709836Z       ],
job-core	Check JSON	2025-03-27T09:02:07.6711414Z       "url": "https://github.com/Ka0s-Klaus/ka0s/actions/runs/14083670379/job/39442170065"
job-core	Check JSON	2025-03-27T09:02:07.6712927Z     },
job-core	Check JSON	2025-03-27T09:02:07.6713685Z     {
job-core	Check JSON	2025-03-27T09:02:07.6714189Z       "completedAt": "2025-03-26T12:49:42Z",
job-core	Check JSON	2025-03-27T09:02:07.6714597Z       "conclusion": "success",
job-core	Check JSON	2025-03-27T09:02:07.6714953Z       "databaseId": 39442194742,
job-core	Check JSON	2025-03-27T09:02:07.6715306Z       "name": "handle-success",
job-core	Check JSON	2025-03-27T09:02:07.6715681Z       "startedAt": "2025-03-26T12:49:36Z",
job-core	Check JSON	2025-03-27T09:02:07.6716035Z       "status": "completed",
job-core	Check JSON	2025-03-27T09:02:07.6716327Z       "steps": [
job-core	Check JSON	2025-03-27T09:02:07.6716576Z         {
job-core	Check JSON	2025-03-27T09:02:07.6716860Z           "conclusion": "success",
job-core	Check JSON	2025-03-27T09:02:07.6717215Z           "name": "Set up job",
job-core	Check JSON	2025-03-27T09:02:07.6717518Z           "number": 1,
job-core	Check JSON	2025-03-27T09:02:07.6717855Z           "status": "completed"
job-core	Check JSON	2025-03-27T09:02:07.6718146Z         },
job-core	Check JSON	2025-03-27T09:02:07.6718375Z         {
job-core	Check JSON	2025-03-27T09:02:07.6718675Z           "conclusion": "success",
job-core	Check JSON	2025-03-27T09:02:07.6719120Z           "name": "handle-success-execution",
job-core	Check JSON	2025-03-27T09:02:07.6719572Z           "number": 2,
job-core	Check JSON	2025-03-27T09:02:07.6719904Z           "status": "completed"
job-core	Check JSON	2025-03-27T09:02:07.6720201Z         },
job-core	Check JSON	2025-03-27T09:02:07.6720420Z         {
job-core	Check JSON	2025-03-27T09:02:07.6720714Z           "conclusion": "success",
job-core	Check JSON	2025-03-27T09:02:07.6721088Z           "name": "Complete job",
job-core	Check JSON	2025-03-27T09:02:07.6721407Z           "number": 3,
job-core	Check JSON	2025-03-27T09:02:07.6721730Z           "status": "completed"
job-core	Check JSON	2025-03-27T09:02:07.6722041Z         }
job-core	Check JSON	2025-03-27T09:02:07.6722267Z       ],
job-core	Check JSON	2025-03-27T09:02:07.6722814Z       "url": "https://github.com/Ka0s-Klaus/ka0s/actions/runs/14083670379/job/39442194742"
job-core	Check JSON	2025-03-27T09:02:07.6723328Z     },
job-core	Check JSON	2025-03-27T09:02:07.6733233Z     {
job-core	Check JSON	2025-03-27T09:02:07.6734149Z       "completedAt": "2025-03-26T12:50:45Z",
job-core	Check JSON	2025-03-27T09:02:07.6734613Z       "conclusion": "success",
job-core	Check JSON	2025-03-27T09:02:07.6734979Z       "databaseId": 39442263027,
job-core	Check JSON	2025-03-27T09:02:07.6735325Z       "name": "end-workflow",
job-core	Check JSON	2025-03-27T09:02:07.6735713Z       "startedAt": "2025-03-26T12:50:24Z",
job-core	Check JSON	2025-03-27T09:02:07.6736076Z       "status": "completed",
job-core	Check JSON	2025-03-27T09:02:07.6736388Z       "steps": [
job-core	Check JSON	2025-03-27T09:02:07.6736630Z         {
job-core	Check JSON	2025-03-27T09:02:07.6736925Z           "conclusion": "success",
job-core	Check JSON	2025-03-27T09:02:07.6737295Z           "name": "Set up job",
job-core	Check JSON	2025-03-27T09:02:07.6737605Z           "number": 1,
job-core	Check JSON	2025-03-27T09:02:07.6737932Z           "status": "completed"
job-core	Check JSON	2025-03-27T09:02:07.6738227Z         },
job-core	Check JSON	2025-03-27T09:02:07.6738456Z         {
job-core	Check JSON	2025-03-27T09:02:07.6738752Z           "conclusion": "success",
job-core	Check JSON	2025-03-27T09:02:07.6739137Z           "name": "Checkout code",
job-core	Check JSON	2025-03-27T09:02:07.6739457Z           "number": 2,
job-core	Check JSON	2025-03-27T09:02:07.6739784Z           "status": "completed"
job-core	Check JSON	2025-03-27T09:02:07.6740078Z         },
job-core	Check JSON	2025-03-27T09:02:07.6740676Z         {
job-core	Check JSON	2025-03-27T09:02:07.6740967Z           "conclusion": "success",
job-core	Check JSON	2025-03-27T09:02:07.6741365Z           "name": "Finaliza el workflow",
job-core	Check JSON	2025-03-27T09:02:07.6741887Z           "number": 3,
job-core	Check JSON	2025-03-27T09:02:07.6742757Z           "status": "completed"
job-core	Check JSON	2025-03-27T09:02:07.6743439Z         },
job-core	Check JSON	2025-03-27T09:02:07.6743985Z         {
job-core	Check JSON	2025-03-27T09:02:07.6744730Z           "conclusion": "success",
job-core	Check JSON	2025-03-27T09:02:07.6745673Z           "name": "Post Checkout code",
job-core	Check JSON	2025-03-27T09:02:07.6746197Z           "number": 6,
job-core	Check JSON	2025-03-27T09:02:07.6746725Z           "status": "completed"
job-core	Check JSON	2025-03-27T09:02:07.6747260Z         },
job-core	Check JSON	2025-03-27T09:02:07.6747609Z         {
job-core	Check JSON	2025-03-27T09:02:07.6748088Z           "conclusion": "success",
job-core	Check JSON	2025-03-27T09:02:07.6748718Z           "name": "Complete job",
job-core	Check JSON	2025-03-27T09:02:07.6749246Z           "number": 7,
job-core	Check JSON	2025-03-27T09:02:07.6749759Z           "status": "completed"
job-core	Check JSON	2025-03-27T09:02:07.6750262Z         }
job-core	Check JSON	2025-03-27T09:02:07.6750504Z       ],
job-core	Check JSON	2025-03-27T09:02:07.6751067Z       "url": "https://github.com/Ka0s-Klaus/ka0s/actions/runs/14083670379/job/39442263027"
job-core	Check JSON	2025-03-27T09:02:07.6751600Z     },
job-core	Check JSON	2025-03-27T09:02:07.6752197Z     {
job-core	Check JSON	2025-03-27T09:02:07.6752518Z       "completedAt": "2025-03-26T12:49:42Z",
job-core	Check JSON	2025-03-27T09:02:07.6752923Z       "conclusion": "skipped",
job-core	Check JSON	2025-03-27T09:02:07.6753290Z       "databaseId": 39442263199,
job-core	Check JSON	2025-03-27T09:02:07.6753646Z       "name": "handle_failure",
job-core	Check JSON	2025-03-27T09:02:07.6754217Z       "startedAt": "2025-03-26T12:49:43Z",
job-core	Check JSON	2025-03-27T09:02:07.6754588Z       "status": "completed",
job-core	Check JSON	2025-03-27T09:02:07.6754891Z       "steps": [],
job-core	Check JSON	2025-03-27T09:02:07.6755466Z       "url": "https://github.com/Ka0s-Klaus/ka0s/actions/runs/14083670379/job/39442263199"
job-core	Check JSON	2025-03-27T09:02:07.6755980Z     }
job-core	Check JSON	2025-03-27T09:02:07.6756200Z   ],
job-core	Check JSON	2025-03-27T09:02:07.6756440Z   "name": "Ka0s JSON Lint",
job-core	Check JSON	2025-03-27T09:02:07.6756737Z   "number": 98,
job-core	Check JSON	2025-03-27T09:02:07.6757062Z   "startedAt": "2025-03-26T12:48:18Z",
job-core	Check JSON	2025-03-27T09:02:07.6757408Z   "status": "completed",
job-core	Check JSON	2025-03-27T09:02:07.6757788Z   "updatedAt": "2025-03-26T12:50:45Z",
job-core	Check JSON	2025-03-27T09:02:07.6758336Z   "url": "https://github.com/Ka0s-Klaus/ka0s/actions/runs/14083670379",
job-core	Check JSON	2025-03-27T09:02:07.6759061Z   "workflowDatabaseId": 152110813,
job-core	Check JSON	2025-03-27T09:02:07.6759469Z   "workflowName": "Ka0s JSON Lint"
job-core	Check JSON	2025-03-27T09:02:07.6759860Z }
job-core	Check JSON	2025-03-27T09:02:07.6760103Z {
job-core	Check JSON	2025-03-27T09:02:07.6760354Z   "conclusion": "success",
job-core	Check JSON	2025-03-27T09:02:07.6760718Z   "createdAt": "2025-03-26T12:48:18Z",
job-core	Check JSON	2025-03-27T09:02:07.6761070Z   "databaseId": 14083670379,
job-core	Check JSON	2025-03-27T09:02:07.6761435Z   "displayTitle": "Ka0s JSON Lint",
job-core	Check JSON	2025-03-27T09:02:07.6761825Z   "event": "workflow_dispatch",
job-core	Check JSON	2025-03-27T09:02:07.6762464Z   "headBranch": "H44-creaci√≥n-m√≥dulo-versionado",
job-core	Check JSON	2025-03-27T09:02:07.6763001Z   "headSha": "db3db356f13eed26f668e3357827e916b04eba97",
job-core	Check JSON	2025-03-27T09:02:07.6763386Z   "jobs": [
job-core	Check JSON	2025-03-27T09:02:07.6763615Z     {
job-core	Check JSON	2025-03-27T09:02:07.6774786Z       "completedAt": "2025-03-26T12:48:40Z",
job-core	Check JSON	2025-03-27T09:02:07.6776032Z       "conclusion": "success",
job-core	Check JSON	2025-03-27T09:02:07.6776550Z       "databaseId": 39442170065,
job-core	Check JSON	2025-03-27T09:02:07.6776889Z       "name": "job-core",
job-core	Check JSON	2025-03-27T09:02:07.6777285Z       "startedAt": "2025-03-26T12:48:20Z",
job-core	Check JSON	2025-03-27T09:02:07.6777651Z       "status": "completed",
job-core	Check JSON	2025-03-27T09:02:07.6777952Z       "steps": [
job-core	Check JSON	2025-03-27T09:02:07.6778200Z         {
job-core	Check JSON	2025-03-27T09:02:07.6778504Z           "conclusion": "success",
job-core	Check JSON	2025-03-27T09:02:07.6778877Z           "name": "Set up job",
job-core	Check JSON	2025-03-27T09:02:07.6779187Z           "number": 1,
job-core	Check JSON	2025-03-27T09:02:07.6780236Z           "status": "completed"
job-core	Check JSON	2025-03-27T09:02:07.6781132Z         },
job-core	Check JSON	2025-03-27T09:02:07.6781575Z         {
job-core	Check JSON	2025-03-27T09:02:07.6782449Z           "conclusion": "success",
job-core	Check JSON	2025-03-27T09:02:07.6783598Z           "name": "Checkout code",
job-core	Check JSON	2025-03-27T09:02:07.6784487Z           "number": 2,
job-core	Check JSON	2025-03-27T09:02:07.6785479Z           "status": "completed"
job-core	Check JSON	2025-03-27T09:02:07.6786397Z         },
job-core	Check JSON	2025-03-27T09:02:07.6787192Z         {
job-core	Check JSON	2025-03-27T09:02:07.6787834Z           "conclusion": "success",
job-core	Check JSON	2025-03-27T09:02:07.6788621Z           "name": "Install Node.js",
job-core	Check JSON	2025-03-27T09:02:07.6788955Z           "number": 3,
job-core	Check JSON	2025-03-27T09:02:07.6789284Z           "status": "completed"
job-core	Check JSON	2025-03-27T09:02:07.6789583Z         },
job-core	Check JSON	2025-03-27T09:02:07.6789818Z         {
job-core	Check JSON	2025-03-27T09:02:07.6790109Z           "conclusion": "success",
job-core	Check JSON	2025-03-27T09:02:07.6790488Z           "name": "Install jsonlint",
job-core	Check JSON	2025-03-27T09:02:07.6790826Z           "number": 4,
job-core	Check JSON	2025-03-27T09:02:07.6791148Z           "status": "completed"
job-core	Check JSON	2025-03-27T09:02:07.6791444Z         },
job-core	Check JSON	2025-03-27T09:02:07.6791673Z         {
job-core	Check JSON	2025-03-27T09:02:07.6791964Z           "conclusion": "success",
job-core	Check JSON	2025-03-27T09:02:07.6792323Z           "name": "Check JSON",
job-core	Check JSON	2025-03-27T09:02:07.6792630Z           "number": 5,
job-core	Check JSON	2025-03-27T09:02:07.6792953Z           "status": "completed"
job-core	Check JSON	2025-03-27T09:02:07.6793241Z         },
job-core	Check JSON	2025-03-27T09:02:07.6793475Z         {
job-core	Check JSON	2025-03-27T09:02:07.6793911Z           "conclusion": "success",
job-core	Check JSON	2025-03-27T09:02:07.6794375Z           "name": "Post Install Node.js",
job-core	Check JSON	2025-03-27T09:02:07.6794739Z           "number": 9,
job-core	Check JSON	2025-03-27T09:02:07.6795064Z           "status": "completed"
job-core	Check JSON	2025-03-27T09:02:07.6795553Z         },
job-core	Check JSON	2025-03-27T09:02:07.6795775Z         {
job-core	Check JSON	2025-03-27T09:02:07.6796067Z           "conclusion": "success",
job-core	Check JSON	2025-03-27T09:02:07.6796459Z           "name": "Post Checkout code",
job-core	Check JSON	2025-03-27T09:02:07.6796799Z           "number": 10,
job-core	Check JSON	2025-03-27T09:02:07.6797128Z           "status": "completed"
job-core	Check JSON	2025-03-27T09:02:07.6797424Z         },
job-core	Check JSON	2025-03-27T09:02:07.6797644Z         {
job-core	Check JSON	2025-03-27T09:02:07.6797937Z           "conclusion": "success",
job-core	Check JSON	2025-03-27T09:02:07.6798314Z           "name": "Complete job",
job-core	Check JSON	2025-03-27T09:02:07.6798632Z           "number": 11,
job-core	Check JSON	2025-03-27T09:02:07.6798959Z           "status": "completed"
job-core	Check JSON	2025-03-27T09:02:07.6799257Z         }
job-core	Check JSON	2025-03-27T09:02:07.6799476Z       ],
job-core	Check JSON	2025-03-27T09:02:07.6800034Z       "url": "https://github.com/Ka0s-Klaus/ka0s/actions/runs/14083670379/job/39442170065"
job-core	Check JSON	2025-03-27T09:02:07.6800551Z     },
job-core	Check JSON	2025-03-27T09:02:07.6800782Z     {
job-core	Check JSON	2025-03-27T09:02:07.6801090Z       "completedAt": "2025-03-26T12:49:42Z",
job-core	Check JSON	2025-03-27T09:02:07.6801494Z       "conclusion": "success",
job-core	Check JSON	2025-03-27T09:02:07.6801865Z       "databaseId": 39442194742,
job-core	Check JSON	2025-03-27T09:02:07.6802223Z       "name": "handle-success",
job-core	Check JSON	2025-03-27T09:02:07.6802607Z       "startedAt": "2025-03-26T12:49:36Z",
job-core	Check JSON	2025-03-27T09:02:07.6802969Z       "status": "completed",
job-core	Check JSON	2025-03-27T09:02:07.6803266Z       "steps": [
job-core	Check JSON	2025-03-27T09:02:07.6803516Z         {
job-core	Check JSON	2025-03-27T09:02:07.6803901Z           "conclusion": "success",
job-core	Check JSON	2025-03-27T09:02:07.6804289Z           "name": "Set up job",
job-core	Check JSON	2025-03-27T09:02:07.6804600Z           "number": 1,
job-core	Check JSON	2025-03-27T09:02:07.6804922Z           "status": "completed"
job-core	Check JSON	2025-03-27T09:02:07.6813046Z         },
job-core	Check JSON	2025-03-27T09:02:07.6813330Z         {
job-core	Check JSON	2025-03-27T09:02:07.6813648Z           "conclusion": "success",
job-core	Check JSON	2025-03-27T09:02:07.6814217Z           "name": "handle-success-execution",
job-core	Check JSON	2025-03-27T09:02:07.6814594Z           "number": 2,
job-core	Check JSON	2025-03-27T09:02:07.6814925Z           "status": "completed"
job-core	Check JSON	2025-03-27T09:02:07.6815249Z         },
job-core	Check JSON	2025-03-27T09:02:07.6815480Z         {
job-core	Check JSON	2025-03-27T09:02:07.6815781Z           "conclusion": "success",
job-core	Check JSON	2025-03-27T09:02:07.6816158Z           "name": "Complete job",
job-core	Check JSON	2025-03-27T09:02:07.6816472Z           "number": 3,
job-core	Check JSON	2025-03-27T09:02:07.6816795Z           "status": "completed"
job-core	Check JSON	2025-03-27T09:02:07.6817087Z         }
job-core	Check JSON	2025-03-27T09:02:07.6817306Z       ],
job-core	Check JSON	2025-03-27T09:02:07.6817850Z       "url": "https://github.com/Ka0s-Klaus/ka0s/actions/runs/14083670379/job/39442194742"
job-core	Check JSON	2025-03-27T09:02:07.6818358Z     },
job-core	Check JSON	2025-03-27T09:02:07.6818574Z     {
job-core	Check JSON	2025-03-27T09:02:07.6818884Z       "completedAt": "2025-03-26T12:50:45Z",
job-core	Check JSON	2025-03-27T09:02:07.6819275Z       "conclusion": "success",
job-core	Check JSON	2025-03-27T09:02:07.6819628Z       "databaseId": 39442263027,
job-core	Check JSON	2025-03-27T09:02:07.6819952Z       "name": "end-workflow",
job-core	Check JSON	2025-03-27T09:02:07.6820322Z       "startedAt": "2025-03-26T12:50:24Z",
job-core	Check JSON	2025-03-27T09:02:07.6820679Z       "status": "completed",
job-core	Check JSON	2025-03-27T09:02:07.6821299Z       "steps": [
job-core	Check JSON	2025-03-27T09:02:07.6821546Z         {
job-core	Check JSON	2025-03-27T09:02:07.6821832Z           "conclusion": "success",
job-core	Check JSON	2025-03-27T09:02:07.6822201Z           "name": "Set up job",
job-core	Check JSON	2025-03-27T09:02:07.6822506Z           "number": 1,
job-core	Check JSON	2025-03-27T09:02:07.6822823Z           "status": "completed"
job-core	Check JSON	2025-03-27T09:02:07.6823113Z         },
job-core	Check JSON	2025-03-27T09:02:07.6823335Z         {
job-core	Check JSON	2025-03-27T09:02:07.6823620Z           "conclusion": "success",
job-core	Check JSON	2025-03-27T09:02:07.6824199Z           "name": "Checkout code",
job-core	Check JSON	2025-03-27T09:02:07.6824518Z           "number": 2,
job-core	Check JSON	2025-03-27T09:02:07.6824833Z           "status": "completed"
job-core	Check JSON	2025-03-27T09:02:07.6825131Z         },
job-core	Check JSON	2025-03-27T09:02:07.6825351Z         {
job-core	Check JSON	2025-03-27T09:02:07.6825635Z           "conclusion": "success",
job-core	Check JSON	2025-03-27T09:02:07.6826015Z           "name": "Finaliza el workflow",
job-core	Check JSON	2025-03-27T09:02:07.6826366Z           "number": 3,
job-core	Check JSON	2025-03-27T09:02:07.6826793Z           "status": "completed"
job-core	Check JSON	2025-03-27T09:02:07.6827358Z         },
job-core	Check JSON	2025-03-27T09:02:07.6827916Z         {
job-core	Check JSON	2025-03-27T09:02:07.6828514Z           "conclusion": "success",
job-core	Check JSON	2025-03-27T09:02:07.6829126Z           "name": "Post Checkout code",
job-core	Check JSON	2025-03-27T09:02:07.6830032Z           "number": 6,
job-core	Check JSON	2025-03-27T09:02:07.6830577Z           "status": "completed"
job-core	Check JSON	2025-03-27T09:02:07.6831101Z         },
job-core	Check JSON	2025-03-27T09:02:07.6831494Z         {
job-core	Check JSON	2025-03-27T09:02:07.6831981Z           "conclusion": "success",
job-core	Check JSON	2025-03-27T09:02:07.6832605Z           "name": "Complete job",
job-core	Check JSON	2025-03-27T09:02:07.6833176Z           "number": 7,
job-core	Check JSON	2025-03-27T09:02:07.6833734Z           "status": "completed"
job-core	Check JSON	2025-03-27T09:02:07.6834389Z         }
job-core	Check JSON	2025-03-27T09:02:07.6834800Z       ],
job-core	Check JSON	2025-03-27T09:02:07.6835760Z       "url": "https://github.com/Ka0s-Klaus/ka0s/actions/runs/14083670379/job/39442263027"
job-core	Check JSON	2025-03-27T09:02:07.6836676Z     },
job-core	Check JSON	2025-03-27T09:02:07.6837084Z     {
job-core	Check JSON	2025-03-27T09:02:07.6837639Z       "completedAt": "2025-03-26T12:49:42Z",
job-core	Check JSON	2025-03-27T09:02:07.6838371Z       "conclusion": "skipped",
job-core	Check JSON	2025-03-27T09:02:07.6839024Z       "databaseId": 39442263199,
job-core	Check JSON	2025-03-27T09:02:07.6839665Z       "name": "handle_failure",
job-core	Check JSON	2025-03-27T09:02:07.6840349Z       "startedAt": "2025-03-26T12:49:43Z",
job-core	Check JSON	2025-03-27T09:02:07.6841035Z       "status": "completed",
job-core	Check JSON	2025-03-27T09:02:07.6841598Z       "steps": [],
job-core	Check JSON	2025-03-27T09:02:07.6842605Z       "url": "https://github.com/Ka0s-Klaus/ka0s/actions/runs/14083670379/job/39442263199"
job-core	Check JSON	2025-03-27T09:02:07.6843587Z     }
job-core	Check JSON	2025-03-27T09:02:07.6844061Z   ],
job-core	Check JSON	2025-03-27T09:02:07.6844513Z   "name": "Ka0s JSON Lint",
job-core	Check JSON	2025-03-27T09:02:07.6845063Z   "number": 98,
job-core	Check JSON	2025-03-27T09:02:07.6845629Z   "startedAt": "2025-03-26T12:48:18Z",
job-core	Check JSON	2025-03-27T09:02:07.6857524Z   "status": "completed",
job-core	Check JSON	2025-03-27T09:02:07.6858301Z   "updatedAt": "2025-03-26T12:50:45Z",
job-core	Check JSON	2025-03-27T09:02:07.6859284Z   "url": "https://github.com/Ka0s-Klaus/ka0s/actions/runs/14083670379",
job-core	Check JSON	2025-03-27T09:02:07.6860233Z   "workflowDatabaseId": 152110813,
job-core	Check JSON	2025-03-27T09:02:07.6860913Z   "workflowName": "Ka0s JSON Lint"
job-core	Check JSON	2025-03-27T09:02:07.6861509Z }
job-core	Check JSON	2025-03-27T09:02:07.6862945Z File core/outputs/j/jsonlint-results-14102519399.txt is not empty and is content not correct and write commit info
job-core	Check JSON	2025-03-27T09:02:09.6853134Z https://github.com/Ka0s-Klaus/ka0s/issues/34#issuecomment-2757250550
job-core	Post Install Node.js	Ôªø2025-03-27T09:02:09.7006032Z Post job cleanup.
job-core	Post Checkout code	Ôªø2025-03-27T09:02:09.8600307Z Post job cleanup.
job-core	Post Checkout code	2025-03-27T09:02:10.0059480Z [command]/usr/bin/git version
job-core	Post Checkout code	2025-03-27T09:02:10.0113369Z git version 2.48.1
job-core	Post Checkout code	2025-03-27T09:02:10.0174925Z Copying '/home/kaos/.gitconfig' to '/actions-runner/_work/_temp/2c06721e-61b4-4222-954c-5219e8c518c4/.gitconfig'
job-core	Post Checkout code	2025-03-27T09:02:10.0195229Z Temporarily overriding HOME='/actions-runner/_work/_temp/2c06721e-61b4-4222-954c-5219e8c518c4' before making global git config changes
job-core	Post Checkout code	2025-03-27T09:02:10.0197738Z Adding repository directory to the temporary git global config as a safe directory
job-core	Post Checkout code	2025-03-27T09:02:10.0205608Z [command]/usr/bin/git config --global --add safe.directory /actions-runner/_work/ka0s/ka0s
job-core	Post Checkout code	2025-03-27T09:02:10.0262704Z [command]/usr/bin/git config --local --name-only --get-regexp core\.sshCommand
job-core	Post Checkout code	2025-03-27T09:02:10.0326518Z [command]/usr/bin/git submodule foreach --recursive sh -c "git config --local --name-only --get-regexp 'core\.sshCommand' && git config --local --unset-all 'core.sshCommand' || :"
job-core	Post Checkout code	2025-03-27T09:02:10.0793575Z [command]/usr/bin/git config --local --name-only --get-regexp http\.https\:\/\/github\.com\/\.extraheader
job-core	Post Checkout code	2025-03-27T09:02:10.0831301Z http.https://github.com/.extraheader
job-core	Post Checkout code	2025-03-27T09:02:10.0854316Z [command]/usr/bin/git config --local --unset-all http.https://github.com/.extraheader
job-core	Post Checkout code	2025-03-27T09:02:10.0919269Z [command]/usr/bin/git submodule foreach --recursive sh -c "git config --local --name-only --get-regexp 'http\.https\:\/\/github\.com\/\.extraheader' && git config --local --unset-all 'http.https://github.com/.extraheader' || :"
job-core	Complete job	Ôªø2025-03-27T09:02:10.1470614Z Cleaning up orphan processes
handle-success	Set up job	Ôªø2025-03-27T09:08:37.8768017Z Current runner version: '2.323.0'
handle-success	Set up job	2025-03-27T09:08:37.8777972Z Runner name: 'ka0s-2'
handle-success	Set up job	2025-03-27T09:08:37.8779320Z Machine name: '90a1232a7504'
handle-success	Set up job	2025-03-27T09:08:37.8783401Z ##[group]GITHUB_TOKEN Permissions
handle-success	Set up job	2025-03-27T09:08:37.8786929Z Actions: write
handle-success	Set up job	2025-03-27T09:08:37.8787787Z Contents: write
handle-success	Set up job	2025-03-27T09:08:37.8788587Z Issues: write
handle-success	Set up job	2025-03-27T09:08:37.8789477Z Metadata: read
handle-success	Set up job	2025-03-27T09:08:37.8790188Z PullRequests: write
handle-success	Set up job	2025-03-27T09:08:37.8790935Z ##[endgroup]
handle-success	Set up job	2025-03-27T09:08:37.8794412Z Secret source: Actions
handle-success	Set up job	2025-03-27T09:08:37.8795418Z Prepare workflow directory
handle-success	Set up job	2025-03-27T09:08:38.0244571Z Prepare all required actions
handle-success	Set up job	2025-03-27T09:08:38.0345979Z Complete job name: handle-success
handle-success	handle-success-execution	Ôªø2025-03-27T09:08:38.1015048Z ##[group]Run # Si todo ha ido correcto a√±adimos el contenido del fichero 
handle-success	handle-success-execution	2025-03-27T09:08:38.1016514Z [36;1m# Si todo ha ido correcto a√±adimos el contenido del fichero [0m
handle-success	handle-success-execution	2025-03-27T09:08:38.1017390Z [36;1mecho "Todo ha ido bien."[0m
handle-success	handle-success-execution	2025-03-27T09:08:38.1045978Z shell: /usr/bin/bash -e {0}
handle-success	handle-success-execution	2025-03-27T09:08:38.1047310Z env:
handle-success	handle-success-execution	2025-03-27T09:08:38.1047838Z   KAOS_MODULE: [Ka0S] JSONLINT
handle-success	handle-success-execution	2025-03-27T09:08:38.1048733Z   GH_TOKEN: ***
handle-success	handle-success-execution	2025-03-27T09:08:38.1049336Z   KAOS_JSONLINT_CONFIG: core/config/.jsonlint.json
handle-success	handle-success-execution	2025-03-27T09:08:38.1050101Z   KAOS_PATH_RESUME: core/outputs/j/
handle-success	handle-success-execution	2025-03-27T09:08:38.1051186Z   KAOS_REPO: /actions-runner/_work/kaos/kaos
handle-success	handle-success-execution	2025-03-27T09:08:38.1053216Z   KAOS_STEP_MODULE: 
handle-success	handle-success-execution	2025-03-27T09:08:38.1054611Z   KAOS_CODE: 14102519399
handle-success	handle-success-execution	2025-03-27T09:08:38.1055194Z   KAOS_REF_BRANCH: main
handle-success	handle-success-execution	2025-03-27T09:08:38.1055730Z ##[endgroup]
handle-success	handle-success-execution	2025-03-27T09:08:38.1525792Z Todo ha ido bien.
handle-success	Complete job	Ôªø2025-03-27T09:08:38.1811901Z Cleaning up orphan processes
end-workflow	Set up job	Ôªø2025-03-27T09:14:57.6930047Z Current runner version: '2.323.0'
end-workflow	Set up job	2025-03-27T09:14:57.6946862Z Runner name: 'ka0s-runner-1'
end-workflow	Set up job	2025-03-27T09:14:57.6950113Z Machine name: '181b3e34799e'
end-workflow	Set up job	2025-03-27T09:14:57.6958412Z ##[group]GITHUB_TOKEN Permissions
end-workflow	Set up job	2025-03-27T09:14:57.6963316Z Actions: write
end-workflow	Set up job	2025-03-27T09:14:57.6964813Z Contents: write
end-workflow	Set up job	2025-03-27T09:14:57.6966089Z Issues: write
end-workflow	Set up job	2025-03-27T09:14:57.6967203Z Metadata: read
end-workflow	Set up job	2025-03-27T09:14:57.6968425Z PullRequests: write
end-workflow	Set up job	2025-03-27T09:14:57.6969627Z ##[endgroup]
end-workflow	Set up job	2025-03-27T09:14:57.6975065Z Secret source: Actions
end-workflow	Set up job	2025-03-27T09:14:57.6976861Z Prepare workflow directory
end-workflow	Set up job	2025-03-27T09:14:57.8535433Z Prepare all required actions
end-workflow	Set up job	2025-03-27T09:14:57.8614880Z Getting action download info
end-workflow	Set up job	2025-03-27T09:14:58.6848965Z Download action repository 'actions/checkout@v4' (SHA:11bd71901bbe5b1630ceea73d27597364c9af683)
end-workflow	Set up job	2025-03-27T09:15:02.1938451Z Complete job name: end-workflow
end-workflow	Checkout code	Ôªø2025-03-27T09:15:02.3049631Z ##[group]Run actions/checkout@v4
end-workflow	Checkout code	2025-03-27T09:15:02.3052614Z with:
end-workflow	Checkout code	2025-03-27T09:15:02.3054359Z   fetch-depth: 0
end-workflow	Checkout code	2025-03-27T09:15:02.3057177Z   token: ***
end-workflow	Checkout code	2025-03-27T09:15:02.3058815Z   repository: Ka0s-Klaus/ka0s
end-workflow	Checkout code	2025-03-27T09:15:02.3060772Z   ssh-strict: true
end-workflow	Checkout code	2025-03-27T09:15:02.3062521Z   ssh-user: git
end-workflow	Checkout code	2025-03-27T09:15:02.3064351Z   persist-credentials: true
end-workflow	Checkout code	2025-03-27T09:15:02.3066216Z   clean: true
end-workflow	Checkout code	2025-03-27T09:15:02.3067876Z   sparse-checkout-cone-mode: true
end-workflow	Checkout code	2025-03-27T09:15:02.3069921Z   fetch-tags: false
end-workflow	Checkout code	2025-03-27T09:15:02.3071593Z   show-progress: true
end-workflow	Checkout code	2025-03-27T09:15:02.3073238Z   lfs: false
end-workflow	Checkout code	2025-03-27T09:15:02.3074821Z   submodules: false
end-workflow	Checkout code	2025-03-27T09:15:02.3076539Z   set-safe-directory: true
end-workflow	Checkout code	2025-03-27T09:15:02.3079217Z env:
end-workflow	Checkout code	2025-03-27T09:15:02.3080722Z   KAOS_MODULE: [Ka0S] JSONLINT
end-workflow	Checkout code	2025-03-27T09:15:02.3083373Z   GH_TOKEN: ***
end-workflow	Checkout code	2025-03-27T09:15:02.3085459Z   KAOS_JSONLINT_CONFIG: core/config/.jsonlint.json
end-workflow	Checkout code	2025-03-27T09:15:02.3087991Z   KAOS_PATH_RESUME: core/outputs/j/
end-workflow	Checkout code	2025-03-27T09:15:02.3090414Z   KAOS_REPO: /actions-runner/_work/kaos/kaos
end-workflow	Checkout code	2025-03-27T09:15:02.3092709Z   KAOS_STEP_MODULE: 
end-workflow	Checkout code	2025-03-27T09:15:02.3094562Z   KAOS_CODE: 14102519399
end-workflow	Checkout code	2025-03-27T09:15:02.3096328Z   KAOS_REF_BRANCH: main
end-workflow	Checkout code	2025-03-27T09:15:02.3098076Z ##[endgroup]
end-workflow	Checkout code	2025-03-27T09:15:02.5520946Z Syncing repository: Ka0s-Klaus/ka0s
end-workflow	Checkout code	2025-03-27T09:15:02.5526698Z ##[group]Getting Git version info
end-workflow	Checkout code	2025-03-27T09:15:02.5529291Z Working directory is '/actions-runner/_work/ka0s/ka0s'
end-workflow	Checkout code	2025-03-27T09:15:02.5533097Z [command]/usr/bin/git version
end-workflow	Checkout code	2025-03-27T09:15:02.5535240Z git version 2.48.1
end-workflow	Checkout code	2025-03-27T09:15:02.5578260Z ##[endgroup]
end-workflow	Checkout code	2025-03-27T09:15:02.5593256Z Copying '/home/kaos/.gitconfig' to '/actions-runner/_work/_temp/2b2c1068-71cb-4c02-af3b-c2f536f83858/.gitconfig'
end-workflow	Checkout code	2025-03-27T09:15:02.5601614Z Temporarily overriding HOME='/actions-runner/_work/_temp/2b2c1068-71cb-4c02-af3b-c2f536f83858' before making global git config changes
end-workflow	Checkout code	2025-03-27T09:15:02.5613510Z Adding repository directory to the temporary git global config as a safe directory
end-workflow	Checkout code	2025-03-27T09:15:02.5620698Z [command]/usr/bin/git config --global --add safe.directory /actions-runner/_work/ka0s/ka0s
end-workflow	Checkout code	2025-03-27T09:15:02.5716940Z [command]/usr/bin/git config --local --get remote.origin.url
end-workflow	Checkout code	2025-03-27T09:15:02.5756659Z https://github.com/Ka0s-Klaus/ka0s
end-workflow	Checkout code	2025-03-27T09:15:02.5799715Z ##[group]Removing previously created refs, to avoid conflicts
end-workflow	Checkout code	2025-03-27T09:15:02.5809468Z [command]/usr/bin/git rev-parse --symbolic-full-name --verify --quiet HEAD
end-workflow	Checkout code	2025-03-27T09:15:02.5915956Z refs/heads/H34-modulo-iac-kaos
end-workflow	Checkout code	2025-03-27T09:15:02.5931898Z [command]/usr/bin/git checkout --detach
end-workflow	Checkout code	2025-03-27T09:15:02.6121157Z HEAD is now at 678d230 [Ka0S] Uploading resume execution files to the repository...
end-workflow	Checkout code	2025-03-27T09:15:02.6217370Z [command]/usr/bin/git branch --delete --force H34-modulo-iac-kaos
end-workflow	Checkout code	2025-03-27T09:15:02.6285785Z Deleted branch H34-modulo-iac-kaos (was 678d230).
end-workflow	Checkout code	2025-03-27T09:15:02.6392612Z ##[endgroup]
end-workflow	Checkout code	2025-03-27T09:15:02.6394681Z [command]/usr/bin/git submodule status
end-workflow	Checkout code	2025-03-27T09:15:02.6865234Z ##[group]Cleaning the repository
end-workflow	Checkout code	2025-03-27T09:15:02.6879043Z [command]/usr/bin/git clean -ffdx
end-workflow	Checkout code	2025-03-27T09:15:02.6948787Z [command]/usr/bin/git reset --hard HEAD
end-workflow	Checkout code	2025-03-27T09:15:02.7070922Z HEAD is now at 678d230 [Ka0S] Uploading resume execution files to the repository...
end-workflow	Checkout code	2025-03-27T09:15:02.7079037Z ##[endgroup]
end-workflow	Checkout code	2025-03-27T09:15:02.7084689Z ##[group]Disabling automatic garbage collection
end-workflow	Checkout code	2025-03-27T09:15:02.7087272Z [command]/usr/bin/git config --local gc.auto 0
end-workflow	Checkout code	2025-03-27T09:15:02.7127317Z ##[endgroup]
end-workflow	Checkout code	2025-03-27T09:15:02.7128973Z ##[group]Setting up auth
end-workflow	Checkout code	2025-03-27T09:15:02.7136493Z [command]/usr/bin/git config --local --name-only --get-regexp core\.sshCommand
end-workflow	Checkout code	2025-03-27T09:15:02.7195686Z [command]/usr/bin/git submodule foreach --recursive sh -c "git config --local --name-only --get-regexp 'core\.sshCommand' && git config --local --unset-all 'core.sshCommand' || :"
end-workflow	Checkout code	2025-03-27T09:15:02.7613473Z [command]/usr/bin/git config --local --name-only --get-regexp http\.https\:\/\/github\.com\/\.extraheader
end-workflow	Checkout code	2025-03-27T09:15:02.7680521Z [command]/usr/bin/git submodule foreach --recursive sh -c "git config --local --name-only --get-regexp 'http\.https\:\/\/github\.com\/\.extraheader' && git config --local --unset-all 'http.https://github.com/.extraheader' || :"
end-workflow	Checkout code	2025-03-27T09:15:02.8116933Z [command]/usr/bin/git config --local http.https://github.com/.extraheader AUTHORIZATION: basic ***
end-workflow	Checkout code	2025-03-27T09:15:02.8199744Z ##[endgroup]
end-workflow	Checkout code	2025-03-27T09:15:02.8204879Z ##[group]Fetching the repository
end-workflow	Checkout code	2025-03-27T09:15:02.8217698Z [command]/usr/bin/git -c protocol.version=2 fetch --prune --no-recurse-submodules origin +refs/heads/*:refs/remotes/origin/* +refs/tags/*:refs/tags/*
end-workflow	Checkout code	2025-03-27T09:15:03.5681725Z [command]/usr/bin/git branch --list --remote origin/H34-modulo-iac-kaos
end-workflow	Checkout code	2025-03-27T09:15:03.5769319Z   origin/H34-modulo-iac-kaos
end-workflow	Checkout code	2025-03-27T09:15:03.5801547Z [command]/usr/bin/git rev-parse refs/remotes/origin/H34-modulo-iac-kaos
end-workflow	Checkout code	2025-03-27T09:15:03.5853632Z 678d230439a588b10154e1644ffbc5c70ac9b81d
end-workflow	Checkout code	2025-03-27T09:15:03.5891531Z ##[endgroup]
end-workflow	Checkout code	2025-03-27T09:15:03.5901107Z ##[group]Determining the checkout info
end-workflow	Checkout code	2025-03-27T09:15:03.5902485Z ##[endgroup]
end-workflow	Checkout code	2025-03-27T09:15:03.5910941Z [command]/usr/bin/git sparse-checkout disable
end-workflow	Checkout code	2025-03-27T09:15:03.6040704Z [command]/usr/bin/git config --local --unset-all extensions.worktreeConfig
end-workflow	Checkout code	2025-03-27T09:15:03.6125252Z ##[group]Checking out the ref
end-workflow	Checkout code	2025-03-27T09:15:03.6133457Z [command]/usr/bin/git checkout --progress --force -B H34-modulo-iac-kaos refs/remotes/origin/H34-modulo-iac-kaos
end-workflow	Checkout code	2025-03-27T09:15:03.6368120Z Switched to a new branch 'H34-modulo-iac-kaos'
end-workflow	Checkout code	2025-03-27T09:15:03.6369334Z branch 'H34-modulo-iac-kaos' set up to track 'origin/H34-modulo-iac-kaos'.
end-workflow	Checkout code	2025-03-27T09:15:03.6379154Z ##[endgroup]
end-workflow	Checkout code	2025-03-27T09:15:03.6515979Z [command]/usr/bin/git log -1 --format=%H
end-workflow	Checkout code	2025-03-27T09:15:03.6619844Z 678d230439a588b10154e1644ffbc5c70ac9b81d
end-workflow	Finaliza el workflow	Ôªø2025-03-27T09:15:03.7489175Z ##[group]Run echo "End process"
end-workflow	Finaliza el workflow	2025-03-27T09:15:03.7490151Z [36;1mecho "End process"[0m
end-workflow	Finaliza el workflow	2025-03-27T09:15:03.7491548Z [36;1mgh workflow run inspector.yml --ref main -f kaos-issue-id=34 -f kaos-workflow-id="14102519399" -f kaos-user-start="santakloud"[0m
end-workflow	Finaliza el workflow	2025-03-27T09:15:03.7514590Z shell: /usr/bin/bash -e {0}
end-workflow	Finaliza el workflow	2025-03-27T09:15:03.7515328Z env:
end-workflow	Finaliza el workflow	2025-03-27T09:15:03.7515857Z   KAOS_MODULE: [Ka0S] JSONLINT
end-workflow	Finaliza el workflow	2025-03-27T09:15:03.7516945Z   GH_TOKEN: ***
end-workflow	Finaliza el workflow	2025-03-27T09:15:03.7517596Z   KAOS_JSONLINT_CONFIG: core/config/.jsonlint.json
end-workflow	Finaliza el workflow	2025-03-27T09:15:03.7518416Z   KAOS_PATH_RESUME: core/outputs/j/
end-workflow	Finaliza el workflow	2025-03-27T09:15:03.7519167Z   KAOS_REPO: /actions-runner/_work/kaos/kaos
end-workflow	Finaliza el workflow	2025-03-27T09:15:03.7519899Z   KAOS_STEP_MODULE: 
end-workflow	Finaliza el workflow	2025-03-27T09:15:03.7520469Z   KAOS_CODE: 14102519399
end-workflow	Finaliza el workflow	2025-03-27T09:15:03.7521056Z   KAOS_REF_BRANCH: main
end-workflow	Finaliza el workflow	2025-03-27T09:15:03.7521596Z ##[endgroup]
end-workflow	Finaliza el workflow	2025-03-27T09:15:03.7705228Z End process
end-workflow	Post Checkout code	Ôªø2025-03-27T09:15:04.8597447Z Post job cleanup.
end-workflow	Post Checkout code	2025-03-27T09:15:05.0025312Z [command]/usr/bin/git version
end-workflow	Post Checkout code	2025-03-27T09:15:05.0077940Z git version 2.48.1
end-workflow	Post Checkout code	2025-03-27T09:15:05.0136748Z Copying '/home/kaos/.gitconfig' to '/actions-runner/_work/_temp/c288901a-68ba-41e4-9e5e-ce953fc7b9c3/.gitconfig'
end-workflow	Post Checkout code	2025-03-27T09:15:05.0156703Z Temporarily overriding HOME='/actions-runner/_work/_temp/c288901a-68ba-41e4-9e5e-ce953fc7b9c3' before making global git config changes
end-workflow	Post Checkout code	2025-03-27T09:15:05.0159958Z Adding repository directory to the temporary git global config as a safe directory
end-workflow	Post Checkout code	2025-03-27T09:15:05.0169470Z [command]/usr/bin/git config --global --add safe.directory /actions-runner/_work/ka0s/ka0s
end-workflow	Post Checkout code	2025-03-27T09:15:05.0222334Z [command]/usr/bin/git config --local --name-only --get-regexp core\.sshCommand
end-workflow	Post Checkout code	2025-03-27T09:15:05.0287639Z [command]/usr/bin/git submodule foreach --recursive sh -c "git config --local --name-only --get-regexp 'core\.sshCommand' && git config --local --unset-all 'core.sshCommand' || :"
end-workflow	Post Checkout code	2025-03-27T09:15:05.0775592Z [command]/usr/bin/git config --local --name-only --get-regexp http\.https\:\/\/github\.com\/\.extraheader
end-workflow	Post Checkout code	2025-03-27T09:15:05.0819366Z http.https://github.com/.extraheader
end-workflow	Post Checkout code	2025-03-27T09:15:05.0845817Z [command]/usr/bin/git config --local --unset-all http.https://github.com/.extraheader
end-workflow	Post Checkout code	2025-03-27T09:15:05.0914464Z [command]/usr/bin/git submodule foreach --recursive sh -c "git config --local --name-only --get-regexp 'http\.https\:\/\/github\.com\/\.extraheader' && git config --local --unset-all 'http.https://github.com/.extraheader' || :"
end-workflow	Complete job	Ôªø2025-03-27T09:15:05.1475297Z Cleaning up orphan processes
