job-core	Set up job	﻿2025-03-28T08:59:10.1505733Z Current runner version: '2.323.0'
job-core	Set up job	2025-03-28T08:59:10.1515828Z Runner name: 'kaos-4'
job-core	Set up job	2025-03-28T08:59:10.1517140Z Machine name: '3fe80eba0036'
job-core	Set up job	2025-03-28T08:59:10.1521281Z ##[group]GITHUB_TOKEN Permissions
job-core	Set up job	2025-03-28T08:59:10.1524863Z Actions: write
job-core	Set up job	2025-03-28T08:59:10.1525700Z Contents: write
job-core	Set up job	2025-03-28T08:59:10.1526461Z Issues: write
job-core	Set up job	2025-03-28T08:59:10.1527179Z Metadata: read
job-core	Set up job	2025-03-28T08:59:10.1527886Z PullRequests: write
job-core	Set up job	2025-03-28T08:59:10.1528630Z ##[endgroup]
job-core	Set up job	2025-03-28T08:59:10.1532033Z Secret source: Actions
job-core	Set up job	2025-03-28T08:59:10.1534464Z Prepare workflow directory
job-core	Set up job	2025-03-28T08:59:10.2618027Z Prepare all required actions
job-core	Set up job	2025-03-28T08:59:10.2699038Z Getting action download info
job-core	Set up job	2025-03-28T08:59:11.0133526Z Download action repository 'actions/checkout@v4' (SHA:11bd71901bbe5b1630ceea73d27597364c9af683)
job-core	Set up job	2025-03-28T08:59:13.0893149Z Download action repository 'actions/setup-node@v2' (SHA:7c12f8017d5436eb855f1ed4399f037a36fbd9e8)
job-core	Set up job	2025-03-28T08:59:17.4362505Z Complete job name: job-core
job-core	Checkout code	﻿2025-03-28T08:59:17.5012413Z ##[group]Run actions/checkout@v4
job-core	Checkout code	2025-03-28T08:59:17.5013297Z with:
job-core	Checkout code	2025-03-28T08:59:17.5013599Z   fetch-depth: 0
job-core	Checkout code	2025-03-28T08:59:17.5015023Z   token: ***
job-core	Checkout code	2025-03-28T08:59:17.5015349Z   repository: Ka0s-Klaus/ka0s
job-core	Checkout code	2025-03-28T08:59:17.5015694Z   ssh-strict: true
job-core	Checkout code	2025-03-28T08:59:17.5015991Z   ssh-user: git
job-core	Checkout code	2025-03-28T08:59:17.5016293Z   persist-credentials: true
job-core	Checkout code	2025-03-28T08:59:17.5016635Z   clean: true
job-core	Checkout code	2025-03-28T08:59:17.5016945Z   sparse-checkout-cone-mode: true
job-core	Checkout code	2025-03-28T08:59:17.5017309Z   fetch-tags: false
job-core	Checkout code	2025-03-28T08:59:17.5045231Z   show-progress: true
job-core	Checkout code	2025-03-28T08:59:17.5045965Z   lfs: false
job-core	Checkout code	2025-03-28T08:59:17.5046260Z   submodules: false
job-core	Checkout code	2025-03-28T08:59:17.5046566Z   set-safe-directory: true
job-core	Checkout code	2025-03-28T08:59:17.5047540Z env:
job-core	Checkout code	2025-03-28T08:59:17.5047867Z   KAOS_MODULE: [Ka0S] JSONLINT
job-core	Checkout code	2025-03-28T08:59:17.5048546Z   GH_TOKEN: ***
job-core	Checkout code	2025-03-28T08:59:17.5048912Z   KAOS_JSONLINT_CONFIG: core/config/.jsonlint.json
job-core	Checkout code	2025-03-28T08:59:17.5049359Z   KAOS_PATH_RESUME: core/outputs/j/
job-core	Checkout code	2025-03-28T08:59:17.5049859Z   KAOS_REPO: /actions-runner/_work/kaos/kaos
job-core	Checkout code	2025-03-28T08:59:17.5050263Z   KAOS_STEP_MODULE: 
job-core	Checkout code	2025-03-28T08:59:17.5050580Z   KAOS_CODE: 14125379721
job-core	Checkout code	2025-03-28T08:59:17.5050898Z   KAOS_REF_BRANCH: main
job-core	Checkout code	2025-03-28T08:59:17.5051209Z ##[endgroup]
job-core	Checkout code	2025-03-28T08:59:17.6842134Z Syncing repository: Ka0s-Klaus/ka0s
job-core	Checkout code	2025-03-28T08:59:17.6845644Z ##[group]Getting Git version info
job-core	Checkout code	2025-03-28T08:59:17.6846692Z Working directory is '/actions-runner/_work/ka0s/ka0s'
job-core	Checkout code	2025-03-28T08:59:17.6848161Z [command]/usr/bin/git version
job-core	Checkout code	2025-03-28T08:59:17.6848901Z git version 2.48.1
job-core	Checkout code	2025-03-28T08:59:17.6872798Z ##[endgroup]
job-core	Checkout code	2025-03-28T08:59:17.6889946Z Copying '/home/kaos/.gitconfig' to '/actions-runner/_work/_temp/a8e22a52-a6d5-43c4-bc2f-20013267654f/.gitconfig'
job-core	Checkout code	2025-03-28T08:59:17.6907668Z Temporarily overriding HOME='/actions-runner/_work/_temp/a8e22a52-a6d5-43c4-bc2f-20013267654f' before making global git config changes
job-core	Checkout code	2025-03-28T08:59:17.6912909Z Adding repository directory to the temporary git global config as a safe directory
job-core	Checkout code	2025-03-28T08:59:17.6915573Z [command]/usr/bin/git config --global --add safe.directory /actions-runner/_work/ka0s/ka0s
job-core	Checkout code	2025-03-28T08:59:17.6978384Z [command]/usr/bin/git config --local --get remote.origin.url
job-core	Checkout code	2025-03-28T08:59:17.7009688Z https://github.com/Ka0s-Klaus/ka0s
job-core	Checkout code	2025-03-28T08:59:17.7035561Z ##[group]Removing previously created refs, to avoid conflicts
job-core	Checkout code	2025-03-28T08:59:17.7042829Z [command]/usr/bin/git rev-parse --symbolic-full-name --verify --quiet HEAD
job-core	Checkout code	2025-03-28T08:59:17.7080422Z refs/heads/H220-web-de-resultados
job-core	Checkout code	2025-03-28T08:59:17.7100723Z [command]/usr/bin/git checkout --detach
job-core	Checkout code	2025-03-28T08:59:17.7205812Z HEAD is now at f4d2316 [Ka0S] Uploading resume execution files to the repository...
job-core	Checkout code	2025-03-28T08:59:17.7279940Z [command]/usr/bin/git branch --delete --force H220-web-de-resultados
job-core	Checkout code	2025-03-28T08:59:17.7324863Z Deleted branch H220-web-de-resultados (was f4d2316).
job-core	Checkout code	2025-03-28T08:59:17.7393426Z ##[endgroup]
job-core	Checkout code	2025-03-28T08:59:17.7398726Z [command]/usr/bin/git submodule status
job-core	Checkout code	2025-03-28T08:59:17.7769525Z ##[group]Cleaning the repository
job-core	Checkout code	2025-03-28T08:59:17.7776007Z [command]/usr/bin/git clean -ffdx
job-core	Checkout code	2025-03-28T08:59:17.7831784Z Removing core/outputs/j/jsonlint-results-14125376853.txt
job-core	Checkout code	2025-03-28T08:59:17.7848232Z [command]/usr/bin/git reset --hard HEAD
job-core	Checkout code	2025-03-28T08:59:17.8045172Z HEAD is now at f4d2316 [Ka0S] Uploading resume execution files to the repository...
job-core	Checkout code	2025-03-28T08:59:17.8077793Z ##[endgroup]
job-core	Checkout code	2025-03-28T08:59:17.8078792Z ##[group]Disabling automatic garbage collection
job-core	Checkout code	2025-03-28T08:59:17.8079645Z [command]/usr/bin/git config --local gc.auto 0
job-core	Checkout code	2025-03-28T08:59:17.8137313Z ##[endgroup]
job-core	Checkout code	2025-03-28T08:59:17.8139326Z ##[group]Setting up auth
job-core	Checkout code	2025-03-28T08:59:17.8151378Z [command]/usr/bin/git config --local --name-only --get-regexp core\.sshCommand
job-core	Checkout code	2025-03-28T08:59:17.8216360Z [command]/usr/bin/git submodule foreach --recursive sh -c "git config --local --name-only --get-regexp 'core\.sshCommand' && git config --local --unset-all 'core.sshCommand' || :"
job-core	Checkout code	2025-03-28T08:59:17.8698903Z [command]/usr/bin/git config --local --name-only --get-regexp http\.https\:\/\/github\.com\/\.extraheader
job-core	Checkout code	2025-03-28T08:59:17.8759808Z [command]/usr/bin/git submodule foreach --recursive sh -c "git config --local --name-only --get-regexp 'http\.https\:\/\/github\.com\/\.extraheader' && git config --local --unset-all 'http.https://github.com/.extraheader' || :"
job-core	Checkout code	2025-03-28T08:59:17.9296709Z [command]/usr/bin/git config --local http.https://github.com/.extraheader AUTHORIZATION: basic ***
job-core	Checkout code	2025-03-28T08:59:17.9385335Z ##[endgroup]
job-core	Checkout code	2025-03-28T08:59:17.9396740Z ##[group]Fetching the repository
job-core	Checkout code	2025-03-28T08:59:17.9412011Z [command]/usr/bin/git -c protocol.version=2 fetch --prune --no-recurse-submodules origin +refs/heads/*:refs/remotes/origin/* +refs/tags/*:refs/tags/*
job-core	Checkout code	2025-03-28T08:59:18.9147271Z [command]/usr/bin/git branch --list --remote origin/H220-web-de-resultados
job-core	Checkout code	2025-03-28T08:59:18.9187429Z   origin/H220-web-de-resultados
job-core	Checkout code	2025-03-28T08:59:18.9200627Z [command]/usr/bin/git rev-parse refs/remotes/origin/H220-web-de-resultados
job-core	Checkout code	2025-03-28T08:59:18.9235052Z f4d231695b25691b64ee5df6ffe9db4d7625551a
job-core	Checkout code	2025-03-28T08:59:18.9242361Z ##[endgroup]
job-core	Checkout code	2025-03-28T08:59:18.9243334Z ##[group]Determining the checkout info
job-core	Checkout code	2025-03-28T08:59:18.9244700Z ##[endgroup]
job-core	Checkout code	2025-03-28T08:59:18.9252275Z [command]/usr/bin/git sparse-checkout disable
job-core	Checkout code	2025-03-28T08:59:18.9335685Z [command]/usr/bin/git config --local --unset-all extensions.worktreeConfig
job-core	Checkout code	2025-03-28T08:59:18.9379385Z ##[group]Checking out the ref
job-core	Checkout code	2025-03-28T08:59:18.9386725Z [command]/usr/bin/git checkout --progress --force -B H220-web-de-resultados refs/remotes/origin/H220-web-de-resultados
job-core	Checkout code	2025-03-28T08:59:18.9498160Z Switched to a new branch 'H220-web-de-resultados'
job-core	Checkout code	2025-03-28T08:59:18.9503685Z branch 'H220-web-de-resultados' set up to track 'origin/H220-web-de-resultados'.
job-core	Checkout code	2025-03-28T08:59:18.9513332Z ##[endgroup]
job-core	Checkout code	2025-03-28T08:59:18.9573226Z [command]/usr/bin/git log -1 --format=%H
job-core	Checkout code	2025-03-28T08:59:18.9611370Z f4d231695b25691b64ee5df6ffe9db4d7625551a
job-core	Install Node.js	﻿2025-03-28T08:59:18.9930736Z ##[group]Run actions/setup-node@v2
job-core	Install Node.js	2025-03-28T08:59:18.9931140Z with:
job-core	Install Node.js	2025-03-28T08:59:18.9931362Z   node-version: 14
job-core	Install Node.js	2025-03-28T08:59:18.9931617Z   always-auth: false
job-core	Install Node.js	2025-03-28T08:59:18.9931885Z   check-latest: false
job-core	Install Node.js	2025-03-28T08:59:18.9932317Z   token: ***
job-core	Install Node.js	2025-03-28T08:59:18.9932566Z env:
job-core	Install Node.js	2025-03-28T08:59:18.9932797Z   KAOS_MODULE: [Ka0S] JSONLINT
job-core	Install Node.js	2025-03-28T08:59:18.9933182Z   GH_TOKEN: ***
job-core	Install Node.js	2025-03-28T08:59:18.9933479Z   KAOS_JSONLINT_CONFIG: core/config/.jsonlint.json
job-core	Install Node.js	2025-03-28T08:59:18.9934321Z   KAOS_PATH_RESUME: core/outputs/j/
job-core	Install Node.js	2025-03-28T08:59:18.9934821Z   KAOS_REPO: /actions-runner/_work/kaos/kaos
job-core	Install Node.js	2025-03-28T08:59:18.9935171Z   KAOS_STEP_MODULE: 
job-core	Install Node.js	2025-03-28T08:59:18.9935432Z   KAOS_CODE: 14125379721
job-core	Install Node.js	2025-03-28T08:59:18.9935705Z   KAOS_REF_BRANCH: main
job-core	Install Node.js	2025-03-28T08:59:18.9935962Z ##[endgroup]
job-core	Install Node.js	2025-03-28T08:59:19.1840410Z Found in cache @ /actions-runner/_work/_tool/node/14.21.3/x64
job-core	Install jsonlint	﻿2025-03-28T08:59:19.2025060Z ##[group]Run if ! command -v jsonlint &> /dev/null; then
job-core	Install jsonlint	2025-03-28T08:59:19.2026019Z [36;1mif ! command -v jsonlint &> /dev/null; then[0m
job-core	Install jsonlint	2025-03-28T08:59:19.2026437Z [36;1m  echo "Installing jsonlint..."[0m
job-core	Install jsonlint	2025-03-28T08:59:19.2026796Z [36;1m  npm install -g jsonlint[0m
job-core	Install jsonlint	2025-03-28T08:59:19.2027117Z [36;1melse[0m
job-core	Install jsonlint	2025-03-28T08:59:19.2027472Z [36;1m  echo "jsonlint already installed, skipping installation"[0m
job-core	Install jsonlint	2025-03-28T08:59:19.2027904Z [36;1mfi[0m
job-core	Install jsonlint	2025-03-28T08:59:19.2028154Z [36;1mmkdir -p core/outputs/j/[0m
job-core	Install jsonlint	2025-03-28T08:59:19.2046534Z shell: /usr/bin/bash -e {0}
job-core	Install jsonlint	2025-03-28T08:59:19.2046922Z env:
job-core	Install jsonlint	2025-03-28T08:59:19.2047160Z   KAOS_MODULE: [Ka0S] JSONLINT
job-core	Install jsonlint	2025-03-28T08:59:19.2047706Z   GH_TOKEN: ***
job-core	Install jsonlint	2025-03-28T08:59:19.2048007Z   KAOS_JSONLINT_CONFIG: core/config/.jsonlint.json
job-core	Install jsonlint	2025-03-28T08:59:19.2048418Z   KAOS_PATH_RESUME: core/outputs/j/
job-core	Install jsonlint	2025-03-28T08:59:19.2048776Z   KAOS_REPO: /actions-runner/_work/kaos/kaos
job-core	Install jsonlint	2025-03-28T08:59:19.2049133Z   KAOS_STEP_MODULE: 
job-core	Install jsonlint	2025-03-28T08:59:19.2049446Z   KAOS_CODE: 14125379721
job-core	Install jsonlint	2025-03-28T08:59:19.2049715Z   KAOS_REF_BRANCH: main
job-core	Install jsonlint	2025-03-28T08:59:19.2049995Z ##[endgroup]
job-core	Install jsonlint	2025-03-28T08:59:19.2130706Z jsonlint already installed, skipping installation
job-core	Check JSON	﻿2025-03-28T08:59:19.2194714Z ##[group]Run # Invocamos la primera comprobación de base, sino se supera el proceso no continua
job-core	Check JSON	2025-03-28T08:59:19.2195722Z [36;1m# Invocamos la primera comprobación de base, sino se supera el proceso no continua[0m
job-core	Check JSON	2025-03-28T08:59:19.2196312Z [36;1m# Extraemos el nombre del fichero[0m
job-core	Check JSON	2025-03-28T08:59:19.2196758Z [36;1mfile_name=$(basename "core/outputs/i/13179187771.json")[0m
job-core	Check JSON	2025-03-28T08:59:19.2197240Z [36;1m# Generamos el fichero de resultados vacio[0m
job-core	Check JSON	2025-03-28T08:59:19.2197728Z [36;1mtouch core/outputs/j/jsonlint-results-14125379721.txt[0m
job-core	Check JSON	2025-03-28T08:59:19.2198224Z [36;1m# Realizamos el check del documento json [0m
job-core	Check JSON	2025-03-28T08:59:19.2198868Z [36;1mjsonlint core/outputs/i/13179187771.json > core/outputs/j/jsonlint-results-14125379721.txt[0m
job-core	Check JSON	2025-03-28T08:59:19.2199567Z [36;1m# esto es un workarround importante que hay que retirar[0m
job-core	Check JSON	2025-03-28T08:59:19.2200123Z [36;1m#rm -rf core/outputs/j/jsonlint-results-14125379721.txt[0m
job-core	Check JSON	2025-03-28T08:59:19.2200534Z [36;1m# a retirar[0m
job-core	Check JSON	2025-03-28T08:59:19.2200858Z [36;1m# Check if exist errors in file[0m
job-core	Check JSON	2025-03-28T08:59:19.2201412Z [36;1mecho "Mostramos fichero"[0m
job-core	Check JSON	2025-03-28T08:59:19.2201830Z [36;1mcat core/outputs/j/jsonlint-results-14125379721.txt[0m
job-core	Check JSON	2025-03-28T08:59:19.2202391Z [36;1mif [ ! -s core/outputs/j/jsonlint-results-14125379721.txt ]; then[0m
job-core	Check JSON	2025-03-28T08:59:19.2203339Z [36;1m  echo "File core/outputs/j/jsonlint-results-14125379721.txt is empty and is content correct"[0m
job-core	Check JSON	2025-03-28T08:59:19.2205111Z [36;1m  KAOS_ISSUE_BODY="The [Ka0S] JSONLINT process (14125357755) launch the check (14125379721) over file (core/outputs/i/13179187771.json) and its result has been SUCCESS. Please review all files implicated in pull request and approve to merge"[0m
job-core	Check JSON	2025-03-28T08:59:19.2206526Z [36;1m  # Añadimos la versión de jsonlint con la que se realiza la comprobacion[0m
job-core	Check JSON	2025-03-28T08:59:19.2207205Z [36;1m  jsonlint --version >> core/outputs/j/jsonlint-results-14125379721.txt[0m
job-core	Check JSON	2025-03-28T08:59:19.2207808Z [36;1m  # añadimos el nombre del fichero que vamos a comprobar[0m
job-core	Check JSON	2025-03-28T08:59:19.2208528Z [36;1m  echo "Finding: core/outputs/i/13179187771.json" >> core/outputs/j/jsonlint-results-14125379721.txt[0m
job-core	Check JSON	2025-03-28T08:59:19.2209735Z [36;1m  # gh workflow run issue.yaml --ref main -f kaos-issue-title="" -f kaos-issue-body="$KAOS_ISSUE_BODY" -f kaos-issue-actions=comment -f kaos-issue-tag="" -f kaos-issue-id=220[0m
job-core	Check JSON	2025-03-28T08:59:19.2210824Z [36;1m  gh issue comment  220 -F core/outputs/j/jsonlint-results-14125379721.txt[0m
job-core	Check JSON	2025-03-28T08:59:19.2211312Z [36;1melse[0m
job-core	Check JSON	2025-03-28T08:59:19.2211639Z [36;1m  cat core/outputs/j/jsonlint-results-14125379721.txt[0m
job-core	Check JSON	2025-03-28T08:59:19.2212464Z [36;1m  echo "File core/outputs/j/jsonlint-results-14125379721.txt is not empty and is content not correct and write commit info"[0m
job-core	Check JSON	2025-03-28T08:59:19.2214181Z [36;1m  KAOS_ISSUE_BODY="The [Ka0S] JSONLINT process (14125357755) launch the check (14125379721) over file (core/outputs/i/13179187771.json) and its result has been FAILED, please check and solved it"[0m
job-core	Check JSON	2025-03-28T08:59:19.2215792Z [36;1m  # Añadimos la versión de jsonlint con la que se realiza la comprobacion[0m
job-core	Check JSON	2025-03-28T08:59:19.2216482Z [36;1m  # jsonlint --version || true >> core/outputs/j/jsonlint-results-14125379721.txt[0m
job-core	Check JSON	2025-03-28T08:59:19.2217093Z [36;1m  # añadimos el nombre del fichero que vamos a comprobar[0m
job-core	Check JSON	2025-03-28T08:59:19.2217800Z [36;1m  echo "Finding: core/outputs/i/13179187771.json" >> core/outputs/j/jsonlint-results-14125379721.txt[0m
job-core	Check JSON	2025-03-28T08:59:19.2219010Z [36;1m  # gh workflow run issue.yaml --ref main -f kaos-issue-title="" -f kaos-issue-body="$KAOS_ISSUE_BODY" -f kaos-issue-actions=comment -f kaos-issue-tag="" -f kaos-issue-id=220 [0m
job-core	Check JSON	2025-03-28T08:59:19.2220086Z [36;1m  gh issue comment  220 -F core/outputs/j/jsonlint-results-14125379721.txt[0m
job-core	Check JSON	2025-03-28T08:59:19.2220568Z [36;1mfi[0m
job-core	Check JSON	2025-03-28T08:59:19.2231672Z shell: /usr/bin/bash -e {0}
job-core	Check JSON	2025-03-28T08:59:19.2232021Z env:
job-core	Check JSON	2025-03-28T08:59:19.2232253Z   KAOS_MODULE: [Ka0S] JSONLINT
job-core	Check JSON	2025-03-28T08:59:19.2233066Z   GH_TOKEN: ***
job-core	Check JSON	2025-03-28T08:59:19.2233365Z   KAOS_JSONLINT_CONFIG: core/config/.jsonlint.json
job-core	Check JSON	2025-03-28T08:59:19.2234128Z   KAOS_PATH_RESUME: core/outputs/j/
job-core	Check JSON	2025-03-28T08:59:19.2328114Z   KAOS_REPO: /actions-runner/_work/kaos/kaos
job-core	Check JSON	2025-03-28T08:59:19.2328792Z   KAOS_STEP_MODULE: 
job-core	Check JSON	2025-03-28T08:59:19.2329134Z   KAOS_CODE: 14125379721
job-core	Check JSON	2025-03-28T08:59:19.2329452Z   KAOS_REF_BRANCH: main
job-core	Check JSON	2025-03-28T08:59:19.2329739Z ##[endgroup]
job-core	Check JSON	2025-03-28T08:59:19.3950642Z Mostramos fichero
job-core	Check JSON	2025-03-28T08:59:19.3965003Z {
job-core	Check JSON	2025-03-28T08:59:19.3968401Z   "attempt": 1,
job-core	Check JSON	2025-03-28T08:59:19.3969436Z   "conclusion": "success",
job-core	Check JSON	2025-03-28T08:59:19.3970352Z   "createdAt": "2025-02-06T12:51:19Z",
job-core	Check JSON	2025-03-28T08:59:19.3971247Z   "databaseId": 13179187771,
job-core	Check JSON	2025-03-28T08:59:19.3972224Z   "displayTitle": "Fixing errors",
job-core	Check JSON	2025-03-28T08:59:19.3973526Z   "event": "push",
job-core	Check JSON	2025-03-28T08:59:19.3975532Z   "headBranch": "2-añadimos-estructura-base-del-repositorio",
job-core	Check JSON	2025-03-28T08:59:19.3977108Z   "headSha": "59b97dbf09b5c236917bf8a97bf680523edc076e",
job-core	Check JSON	2025-03-28T08:59:19.3978056Z   "jobs": [
job-core	Check JSON	2025-03-28T08:59:19.3978598Z     {
job-core	Check JSON	2025-03-28T08:59:19.3979468Z       "completedAt": "2025-02-06T12:51:36Z",
job-core	Check JSON	2025-03-28T08:59:19.3980493Z       "conclusion": "success",
job-core	Check JSON	2025-03-28T08:59:19.3981492Z       "databaseId": 36785534784,
job-core	Check JSON	2025-03-28T08:59:19.3982428Z       "name": "job-core",
job-core	Check JSON	2025-03-28T08:59:19.3983465Z       "startedAt": "2025-02-06T12:51:26Z",
job-core	Check JSON	2025-03-28T08:59:19.3984800Z       "status": "completed",
job-core	Check JSON	2025-03-28T08:59:19.3985832Z       "steps": [
job-core	Check JSON	2025-03-28T08:59:19.3986865Z         {
job-core	Check JSON	2025-03-28T08:59:19.3987546Z           "completedAt": "2025-02-06T12:51:27Z",
job-core	Check JSON	2025-03-28T08:59:19.3988549Z           "conclusion": "success",
job-core	Check JSON	2025-03-28T08:59:19.3989489Z           "name": "Set up job",
job-core	Check JSON	2025-03-28T08:59:19.3990662Z           "number": 1,
job-core	Check JSON	2025-03-28T08:59:19.3991608Z           "startedAt": "2025-02-06T12:51:26Z",
job-core	Check JSON	2025-03-28T08:59:19.3992708Z           "status": "completed"
job-core	Check JSON	2025-03-28T08:59:19.3993903Z         },
job-core	Check JSON	2025-03-28T08:59:19.3994907Z         {
job-core	Check JSON	2025-03-28T08:59:19.3996061Z           "completedAt": "2025-02-06T12:51:28Z",
job-core	Check JSON	2025-03-28T08:59:19.3997059Z           "conclusion": "success",
job-core	Check JSON	2025-03-28T08:59:19.3998109Z           "name": "Checkout code",
job-core	Check JSON	2025-03-28T08:59:19.3998887Z           "number": 2,
job-core	Check JSON	2025-03-28T08:59:19.3999765Z           "startedAt": "2025-02-06T12:51:27Z",
job-core	Check JSON	2025-03-28T08:59:19.4000848Z           "status": "completed"
job-core	Check JSON	2025-03-28T08:59:19.4001715Z         },
job-core	Check JSON	2025-03-28T08:59:19.4002294Z         {
job-core	Check JSON	2025-03-28T08:59:19.4003159Z           "completedAt": "2025-02-06T12:51:36Z",
job-core	Check JSON	2025-03-28T08:59:19.4004154Z           "conclusion": "success",
job-core	Check JSON	2025-03-28T08:59:19.4005166Z           "name": "Crear JSON",
job-core	Check JSON	2025-03-28T08:59:19.4006107Z           "number": 3,
job-core	Check JSON	2025-03-28T08:59:19.4007077Z           "startedAt": "2025-02-06T12:51:36Z",
job-core	Check JSON	2025-03-28T08:59:19.4008023Z           "status": "completed"
job-core	Check JSON	2025-03-28T08:59:19.4009277Z         },
job-core	Check JSON	2025-03-28T08:59:19.4009795Z         {
job-core	Check JSON	2025-03-28T08:59:19.4010378Z           "completedAt": "2025-02-06T12:51:36Z",
job-core	Check JSON	2025-03-28T08:59:19.4011184Z           "conclusion": "success",
job-core	Check JSON	2025-03-28T08:59:19.4011898Z           "name": "Ver JSON",
job-core	Check JSON	2025-03-28T08:59:19.4012642Z           "number": 4,
job-core	Check JSON	2025-03-28T08:59:19.4013518Z           "startedAt": "2025-02-06T12:51:36Z",
job-core	Check JSON	2025-03-28T08:59:19.4014663Z           "status": "completed"
job-core	Check JSON	2025-03-28T08:59:19.4015422Z         },
job-core	Check JSON	2025-03-28T08:59:19.4015981Z         {
job-core	Check JSON	2025-03-28T08:59:19.4016740Z           "completedAt": "2025-02-06T12:51:36Z",
job-core	Check JSON	2025-03-28T08:59:19.4017841Z           "conclusion": "success",
job-core	Check JSON	2025-03-28T08:59:19.4018983Z           "name": "Post Checkout code",
job-core	Check JSON	2025-03-28T08:59:19.4020050Z           "number": 8,
job-core	Check JSON	2025-03-28T08:59:19.4021019Z           "startedAt": "2025-02-06T12:51:36Z",
job-core	Check JSON	2025-03-28T08:59:19.4022001Z           "status": "completed"
job-core	Check JSON	2025-03-28T08:59:19.4022697Z         },
job-core	Check JSON	2025-03-28T08:59:19.4023283Z         {
job-core	Check JSON	2025-03-28T08:59:19.4024064Z           "completedAt": "2025-02-06T12:51:28Z",
job-core	Check JSON	2025-03-28T08:59:19.4025032Z           "conclusion": "success",
job-core	Check JSON	2025-03-28T08:59:19.4026379Z           "name": "Complete job",
job-core	Check JSON	2025-03-28T08:59:19.4028364Z           "number": 9,
job-core	Check JSON	2025-03-28T08:59:19.4029124Z           "startedAt": "2025-02-06T12:51:28Z",
job-core	Check JSON	2025-03-28T08:59:19.4030016Z           "status": "completed"
job-core	Check JSON	2025-03-28T08:59:19.4030726Z         }
job-core	Check JSON	2025-03-28T08:59:19.4031710Z       ],
job-core	Check JSON	2025-03-28T08:59:19.4033030Z       "url": "https://github.com/Ka0s-Klaus/ka0s/actions/runs/13179187771/job/36785534784"
job-core	Check JSON	2025-03-28T08:59:19.4034385Z     },
job-core	Check JSON	2025-03-28T08:59:19.4034924Z     {
job-core	Check JSON	2025-03-28T08:59:19.4035543Z       "completedAt": "2025-02-06T12:51:47Z",
job-core	Check JSON	2025-03-28T08:59:19.4036513Z       "conclusion": "success",
job-core	Check JSON	2025-03-28T08:59:19.4037376Z       "databaseId": 36785549498,
job-core	Check JSON	2025-03-28T08:59:19.4038377Z       "name": "handle-success",
job-core	Check JSON	2025-03-28T08:59:19.4040244Z       "startedAt": "2025-02-06T12:51:43Z",
job-core	Check JSON	2025-03-28T08:59:19.4040970Z       "status": "completed",
job-core	Check JSON	2025-03-28T08:59:19.4041516Z       "steps": [
job-core	Check JSON	2025-03-28T08:59:19.4041927Z         {
job-core	Check JSON	2025-03-28T08:59:19.4042497Z           "completedAt": "2025-02-06T12:51:42Z",
job-core	Check JSON	2025-03-28T08:59:19.4044764Z           "conclusion": "success",
job-core	Check JSON	2025-03-28T08:59:19.4045493Z           "name": "Set up job",
job-core	Check JSON	2025-03-28T08:59:19.4046088Z           "number": 1,
job-core	Check JSON	2025-03-28T08:59:19.4046816Z           "startedAt": "2025-02-06T12:51:42Z",
job-core	Check JSON	2025-03-28T08:59:19.4047681Z           "status": "completed"
job-core	Check JSON	2025-03-28T08:59:19.4048345Z         },
job-core	Check JSON	2025-03-28T08:59:19.4048793Z         {
job-core	Check JSON	2025-03-28T08:59:19.4049499Z           "completedAt": "2025-02-06T12:51:42Z",
job-core	Check JSON	2025-03-28T08:59:19.4050387Z           "conclusion": "success",
job-core	Check JSON	2025-03-28T08:59:19.4051252Z           "name": "handle-success-execution",
job-core	Check JSON	2025-03-28T08:59:19.4052004Z           "number": 2,
job-core	Check JSON	2025-03-28T08:59:19.4052766Z           "startedAt": "2025-02-06T12:51:42Z",
job-core	Check JSON	2025-03-28T08:59:19.4053625Z           "status": "completed"
job-core	Check JSON	2025-03-28T08:59:19.4054703Z         },
job-core	Check JSON	2025-03-28T08:59:19.4055175Z         {
job-core	Check JSON	2025-03-28T08:59:19.4055803Z           "completedAt": "2025-02-06T12:51:43Z",
job-core	Check JSON	2025-03-28T08:59:19.4056755Z           "conclusion": "success",
job-core	Check JSON	2025-03-28T08:59:19.4057620Z           "name": "Complete job",
job-core	Check JSON	2025-03-28T08:59:19.4058338Z           "number": 3,
job-core	Check JSON	2025-03-28T08:59:19.4059050Z           "startedAt": "2025-02-06T12:51:42Z",
job-core	Check JSON	2025-03-28T08:59:19.4059769Z           "status": "completed"
job-core	Check JSON	2025-03-28T08:59:19.4060378Z         }
job-core	Check JSON	2025-03-28T08:59:19.4060851Z       ],
job-core	Check JSON	2025-03-28T08:59:19.4062069Z       "url": "https://github.com/Ka0s-Klaus/ka0s/actions/runs/13179187771/job/36785549498"
job-core	Check JSON	2025-03-28T08:59:19.4063184Z     },
job-core	Check JSON	2025-03-28T08:59:19.4063616Z     {
job-core	Check JSON	2025-03-28T08:59:19.4064454Z       "completedAt": "2025-02-06T12:51:48Z",
job-core	Check JSON	2025-03-28T08:59:19.4065343Z       "conclusion": "skipped",
job-core	Check JSON	2025-03-28T08:59:19.4066064Z       "databaseId": 36785560349,
job-core	Check JSON	2025-03-28T08:59:19.4066772Z       "name": "handle_failure",
job-core	Check JSON	2025-03-28T08:59:19.4067503Z       "startedAt": "2025-02-06T12:51:48Z",
job-core	Check JSON	2025-03-28T08:59:19.4068751Z       "status": "completed",
job-core	Check JSON	2025-03-28T08:59:19.4069414Z       "steps": [],
job-core	Check JSON	2025-03-28T08:59:19.4070558Z       "url": "https://github.com/Ka0s-Klaus/ka0s/actions/runs/13179187771/job/36785560349"
job-core	Check JSON	2025-03-28T08:59:19.4071741Z     },
job-core	Check JSON	2025-03-28T08:59:19.4072201Z     {
job-core	Check JSON	2025-03-28T08:59:19.4072872Z       "completedAt": "2025-02-06T12:52:03Z",
job-core	Check JSON	2025-03-28T08:59:19.4073710Z       "conclusion": "success",
job-core	Check JSON	2025-03-28T08:59:19.4074622Z       "databaseId": 36785561176,
job-core	Check JSON	2025-03-28T08:59:19.4075286Z       "name": "end-workflow",
job-core	Check JSON	2025-03-28T08:59:19.4076061Z       "startedAt": "2025-02-06T12:51:54Z",
job-core	Check JSON	2025-03-28T08:59:19.4076850Z       "status": "completed",
job-core	Check JSON	2025-03-28T08:59:19.4077464Z       "steps": [
job-core	Check JSON	2025-03-28T08:59:19.4077899Z         {
job-core	Check JSON	2025-03-28T08:59:19.4078862Z           "completedAt": "2025-02-06T12:51:55Z",
job-core	Check JSON	2025-03-28T08:59:19.4079681Z           "conclusion": "success",
job-core	Check JSON	2025-03-28T08:59:19.4080484Z           "name": "Set up job",
job-core	Check JSON	2025-03-28T08:59:19.4081122Z           "number": 1,
job-core	Check JSON	2025-03-28T08:59:19.4081857Z           "startedAt": "2025-02-06T12:51:54Z",
job-core	Check JSON	2025-03-28T08:59:19.4082744Z           "status": "completed"
job-core	Check JSON	2025-03-28T08:59:19.4083700Z         },
job-core	Check JSON	2025-03-28T08:59:19.4084341Z         {
job-core	Check JSON	2025-03-28T08:59:19.4085040Z           "completedAt": "2025-02-06T12:51:56Z",
job-core	Check JSON	2025-03-28T08:59:19.4085852Z           "conclusion": "success",
job-core	Check JSON	2025-03-28T08:59:19.4086605Z           "name": "Checkout code",
job-core	Check JSON	2025-03-28T08:59:19.4087269Z           "number": 2,
job-core	Check JSON	2025-03-28T08:59:19.4087947Z           "startedAt": "2025-02-06T12:51:55Z",
job-core	Check JSON	2025-03-28T08:59:19.4088789Z           "status": "completed"
job-core	Check JSON	2025-03-28T08:59:19.4089393Z         },
job-core	Check JSON	2025-03-28T08:59:19.4089849Z         {
job-core	Check JSON	2025-03-28T08:59:19.4090478Z           "completedAt": "2025-02-06T12:51:57Z",
job-core	Check JSON	2025-03-28T08:59:19.4091375Z           "conclusion": "success",
job-core	Check JSON	2025-03-28T08:59:19.4092153Z           "name": "Finaliza el workflow",
job-core	Check JSON	2025-03-28T08:59:19.4092901Z           "number": 3,
job-core	Check JSON	2025-03-28T08:59:19.4093583Z           "startedAt": "2025-02-06T12:51:57Z",
job-core	Check JSON	2025-03-28T08:59:19.4094531Z           "status": "completed"
job-core	Check JSON	2025-03-28T08:59:19.4095165Z         },
job-core	Check JSON	2025-03-28T08:59:19.4095624Z         {
job-core	Check JSON	2025-03-28T08:59:19.4096234Z           "completedAt": "2025-02-06T12:52:03Z",
job-core	Check JSON	2025-03-28T08:59:19.4113927Z           "conclusion": "success",
job-core	Check JSON	2025-03-28T08:59:19.4115027Z           "name": "Post Checkout code",
job-core	Check JSON	2025-03-28T08:59:19.4115773Z           "number": 6,
job-core	Check JSON	2025-03-28T08:59:19.4116533Z           "startedAt": "2025-02-06T12:52:03Z",
job-core	Check JSON	2025-03-28T08:59:19.4117381Z           "status": "completed"
job-core	Check JSON	2025-03-28T08:59:19.4117966Z         },
job-core	Check JSON	2025-03-28T08:59:19.4118399Z         {
job-core	Check JSON	2025-03-28T08:59:19.4119020Z           "completedAt": "2025-02-06T12:51:57Z",
job-core	Check JSON	2025-03-28T08:59:19.4119840Z           "conclusion": "success",
job-core	Check JSON	2025-03-28T08:59:19.4120629Z           "name": "Complete job",
job-core	Check JSON	2025-03-28T08:59:19.4121284Z           "number": 7,
job-core	Check JSON	2025-03-28T08:59:19.4122006Z           "startedAt": "2025-02-06T12:51:57Z",
job-core	Check JSON	2025-03-28T08:59:19.4122825Z           "status": "completed"
job-core	Check JSON	2025-03-28T08:59:19.4123455Z         }
job-core	Check JSON	2025-03-28T08:59:19.4124025Z       ],
job-core	Check JSON	2025-03-28T08:59:19.4125116Z       "url": "https://github.com/Ka0s-Klaus/ka0s/actions/runs/13179187771/job/36785561176"
job-core	Check JSON	2025-03-28T08:59:19.4126398Z     }
job-core	Check JSON	2025-03-28T08:59:19.4126869Z   ],
job-core	Check JSON	2025-03-28T08:59:19.4127314Z   "name": "Ka0s",
job-core	Check JSON	2025-03-28T08:59:19.4127822Z   "number": 72,
job-core	Check JSON	2025-03-28T08:59:19.4128440Z   "startedAt": "2025-02-06T12:51:19Z",
job-core	Check JSON	2025-03-28T08:59:19.4129158Z   "status": "completed",
job-core	Check JSON	2025-03-28T08:59:19.4129860Z   "updatedAt": "2025-02-06T12:52:05Z",
job-core	Check JSON	2025-03-28T08:59:19.4130990Z   "url": "https://github.com/Ka0s-Klaus/ka0s/actions/runs/13179187771",
job-core	Check JSON	2025-03-28T08:59:19.4132075Z   "workflowDatabaseId": 142022472,
job-core	Check JSON	2025-03-28T08:59:19.4132803Z   "workflowName": "Ka0s"
job-core	Check JSON	2025-03-28T08:59:19.4133428Z }
job-core	Check JSON	2025-03-28T08:59:19.4133958Z {
job-core	Check JSON	2025-03-28T08:59:19.4134432Z   "attempt": 1,
job-core	Check JSON	2025-03-28T08:59:19.4134974Z   "conclusion": "success",
job-core	Check JSON	2025-03-28T08:59:19.4135696Z   "createdAt": "2025-02-06T12:51:19Z",
job-core	Check JSON	2025-03-28T08:59:19.4136848Z   "databaseId": 13179187771,
job-core	Check JSON	2025-03-28T08:59:19.4137565Z   "displayTitle": "Fixing errors",
job-core	Check JSON	2025-03-28T08:59:19.4138264Z   "event": "push",
job-core	Check JSON	2025-03-28T08:59:19.4139462Z   "headBranch": "2-añadimos-estructura-base-del-repositorio",
job-core	Check JSON	2025-03-28T08:59:19.4140670Z   "headSha": "59b97dbf09b5c236917bf8a97bf680523edc076e",
job-core	Check JSON	2025-03-28T08:59:19.4141466Z   "jobs": [
job-core	Check JSON	2025-03-28T08:59:19.4141914Z     {
job-core	Check JSON	2025-03-28T08:59:19.4142512Z       "completedAt": "2025-02-06T12:51:36Z",
job-core	Check JSON	2025-03-28T08:59:19.4143286Z       "conclusion": "success",
job-core	Check JSON	2025-03-28T08:59:19.4144083Z       "databaseId": 36785534784,
job-core	Check JSON	2025-03-28T08:59:19.4144769Z       "name": "job-core",
job-core	Check JSON	2025-03-28T08:59:19.4145467Z       "startedAt": "2025-02-06T12:51:26Z",
job-core	Check JSON	2025-03-28T08:59:19.4146384Z       "status": "completed",
job-core	Check JSON	2025-03-28T08:59:19.4147093Z       "steps": [
job-core	Check JSON	2025-03-28T08:59:19.4147565Z         {
job-core	Check JSON	2025-03-28T08:59:19.4148196Z           "completedAt": "2025-02-06T12:51:27Z",
job-core	Check JSON	2025-03-28T08:59:19.4149372Z           "conclusion": "success",
job-core	Check JSON	2025-03-28T08:59:19.4150141Z           "name": "Set up job",
job-core	Check JSON	2025-03-28T08:59:19.4150783Z           "number": 1,
job-core	Check JSON	2025-03-28T08:59:19.4151815Z           "startedAt": "2025-02-06T12:51:26Z",
job-core	Check JSON	2025-03-28T08:59:19.4152654Z           "status": "completed"
job-core	Check JSON	2025-03-28T08:59:19.4153247Z         },
job-core	Check JSON	2025-03-28T08:59:19.4153684Z         {
job-core	Check JSON	2025-03-28T08:59:19.4154427Z           "completedAt": "2025-02-06T12:51:28Z",
job-core	Check JSON	2025-03-28T08:59:19.4155248Z           "conclusion": "success",
job-core	Check JSON	2025-03-28T08:59:19.4155982Z           "name": "Checkout code",
job-core	Check JSON	2025-03-28T08:59:19.4156647Z           "number": 2,
job-core	Check JSON	2025-03-28T08:59:19.4157313Z           "startedAt": "2025-02-06T12:51:27Z",
job-core	Check JSON	2025-03-28T08:59:19.4158138Z           "status": "completed"
job-core	Check JSON	2025-03-28T08:59:19.4158730Z         },
job-core	Check JSON	2025-03-28T08:59:19.4159199Z         {
job-core	Check JSON	2025-03-28T08:59:19.4159828Z           "completedAt": "2025-02-06T12:51:36Z",
job-core	Check JSON	2025-03-28T08:59:19.4160662Z           "conclusion": "success",
job-core	Check JSON	2025-03-28T08:59:19.4161408Z           "name": "Crear JSON",
job-core	Check JSON	2025-03-28T08:59:19.4162038Z           "number": 3,
job-core	Check JSON	2025-03-28T08:59:19.4162736Z           "startedAt": "2025-02-06T12:51:36Z",
job-core	Check JSON	2025-03-28T08:59:19.4163631Z           "status": "completed"
job-core	Check JSON	2025-03-28T08:59:19.4164600Z         },
job-core	Check JSON	2025-03-28T08:59:19.4165050Z         {
job-core	Check JSON	2025-03-28T08:59:19.4165667Z           "completedAt": "2025-02-06T12:51:36Z",
job-core	Check JSON	2025-03-28T08:59:19.4166495Z           "conclusion": "success",
job-core	Check JSON	2025-03-28T08:59:19.4167177Z           "name": "Ver JSON",
job-core	Check JSON	2025-03-28T08:59:19.4167780Z           "number": 4,
job-core	Check JSON	2025-03-28T08:59:19.4168475Z           "startedAt": "2025-02-06T12:51:36Z",
job-core	Check JSON	2025-03-28T08:59:19.4169264Z           "status": "completed"
job-core	Check JSON	2025-03-28T08:59:19.4178701Z         },
job-core	Check JSON	2025-03-28T08:59:19.4179302Z         {
job-core	Check JSON	2025-03-28T08:59:19.4179908Z           "completedAt": "2025-02-06T12:51:36Z",
job-core	Check JSON	2025-03-28T08:59:19.4180778Z           "conclusion": "success",
job-core	Check JSON	2025-03-28T08:59:19.4181571Z           "name": "Post Checkout code",
job-core	Check JSON	2025-03-28T08:59:19.4182307Z           "number": 8,
job-core	Check JSON	2025-03-28T08:59:19.4183077Z           "startedAt": "2025-02-06T12:51:36Z",
job-core	Check JSON	2025-03-28T08:59:19.4184067Z           "status": "completed"
job-core	Check JSON	2025-03-28T08:59:19.4184732Z         },
job-core	Check JSON	2025-03-28T08:59:19.4185824Z         {
job-core	Check JSON	2025-03-28T08:59:19.4186522Z           "completedAt": "2025-02-06T12:51:28Z",
job-core	Check JSON	2025-03-28T08:59:19.4187461Z           "conclusion": "success",
job-core	Check JSON	2025-03-28T08:59:19.4188302Z           "name": "Complete job",
job-core	Check JSON	2025-03-28T08:59:19.4188934Z           "number": 9,
job-core	Check JSON	2025-03-28T08:59:19.4189556Z           "startedAt": "2025-02-06T12:51:28Z",
job-core	Check JSON	2025-03-28T08:59:19.4190290Z           "status": "completed"
job-core	Check JSON	2025-03-28T08:59:19.4190832Z         }
job-core	Check JSON	2025-03-28T08:59:19.4191225Z       ],
job-core	Check JSON	2025-03-28T08:59:19.4192312Z       "url": "https://github.com/Ka0s-Klaus/ka0s/actions/runs/13179187771/job/36785534784"
job-core	Check JSON	2025-03-28T08:59:19.4193439Z     },
job-core	Check JSON	2025-03-28T08:59:19.4196073Z     {
job-core	Check JSON	2025-03-28T08:59:19.4196748Z       "completedAt": "2025-02-06T12:51:47Z",
job-core	Check JSON	2025-03-28T08:59:19.4197591Z       "conclusion": "success",
job-core	Check JSON	2025-03-28T08:59:19.4198246Z       "databaseId": 36785549498,
job-core	Check JSON	2025-03-28T08:59:19.4199432Z       "name": "handle-success",
job-core	Check JSON	2025-03-28T08:59:19.4200120Z       "startedAt": "2025-02-06T12:51:43Z",
job-core	Check JSON	2025-03-28T08:59:19.4200847Z       "status": "completed",
job-core	Check JSON	2025-03-28T08:59:19.4201459Z       "steps": [
job-core	Check JSON	2025-03-28T08:59:19.4201934Z         {
job-core	Check JSON	2025-03-28T08:59:19.4202519Z           "completedAt": "2025-02-06T12:51:42Z",
job-core	Check JSON	2025-03-28T08:59:19.4203311Z           "conclusion": "success",
job-core	Check JSON	2025-03-28T08:59:19.4204148Z           "name": "Set up job",
job-core	Check JSON	2025-03-28T08:59:19.4204747Z           "number": 1,
job-core	Check JSON	2025-03-28T08:59:19.4205402Z           "startedAt": "2025-02-06T12:51:42Z",
job-core	Check JSON	2025-03-28T08:59:19.4206349Z           "status": "completed"
job-core	Check JSON	2025-03-28T08:59:19.4207155Z         },
job-core	Check JSON	2025-03-28T08:59:19.4207763Z         {
job-core	Check JSON	2025-03-28T08:59:19.4208487Z           "completedAt": "2025-02-06T12:51:42Z",
job-core	Check JSON	2025-03-28T08:59:19.4209560Z           "conclusion": "success",
job-core	Check JSON	2025-03-28T08:59:19.4210649Z           "name": "handle-success-execution",
job-core	Check JSON	2025-03-28T08:59:19.4211439Z           "number": 2,
job-core	Check JSON	2025-03-28T08:59:19.4212161Z           "startedAt": "2025-02-06T12:51:42Z",
job-core	Check JSON	2025-03-28T08:59:19.4212947Z           "status": "completed"
job-core	Check JSON	2025-03-28T08:59:19.4214106Z         },
job-core	Check JSON	2025-03-28T08:59:19.4214541Z         {
job-core	Check JSON	2025-03-28T08:59:19.4215145Z           "completedAt": "2025-02-06T12:51:43Z",
job-core	Check JSON	2025-03-28T08:59:19.4215957Z           "conclusion": "success",
job-core	Check JSON	2025-03-28T08:59:19.4216669Z           "name": "Complete job",
job-core	Check JSON	2025-03-28T08:59:19.4217308Z           "number": 3,
job-core	Check JSON	2025-03-28T08:59:19.4217974Z           "startedAt": "2025-02-06T12:51:42Z",
job-core	Check JSON	2025-03-28T08:59:19.4218768Z           "status": "completed"
job-core	Check JSON	2025-03-28T08:59:19.4219331Z         }
job-core	Check JSON	2025-03-28T08:59:19.4219757Z       ],
job-core	Check JSON	2025-03-28T08:59:19.4220817Z       "url": "https://github.com/Ka0s-Klaus/ka0s/actions/runs/13179187771/job/36785549498"
job-core	Check JSON	2025-03-28T08:59:19.4221867Z     },
job-core	Check JSON	2025-03-28T08:59:19.4222278Z     {
job-core	Check JSON	2025-03-28T08:59:19.4222865Z       "completedAt": "2025-02-06T12:51:48Z",
job-core	Check JSON	2025-03-28T08:59:19.4223665Z       "conclusion": "skipped",
job-core	Check JSON	2025-03-28T08:59:19.4224441Z       "databaseId": 36785560349,
job-core	Check JSON	2025-03-28T08:59:19.4225147Z       "name": "handle_failure",
job-core	Check JSON	2025-03-28T08:59:19.4225893Z       "startedAt": "2025-02-06T12:51:48Z",
job-core	Check JSON	2025-03-28T08:59:19.4226584Z       "status": "completed",
job-core	Check JSON	2025-03-28T08:59:19.4227164Z       "steps": [],
job-core	Check JSON	2025-03-28T08:59:19.4228309Z       "url": "https://github.com/Ka0s-Klaus/ka0s/actions/runs/13179187771/job/36785560349"
job-core	Check JSON	2025-03-28T08:59:19.4229347Z     },
job-core	Check JSON	2025-03-28T08:59:19.4229762Z     {
job-core	Check JSON	2025-03-28T08:59:19.4230328Z       "completedAt": "2025-02-06T12:52:03Z",
job-core	Check JSON	2025-03-28T08:59:19.4231099Z       "conclusion": "success",
job-core	Check JSON	2025-03-28T08:59:19.4231821Z       "databaseId": 36785561176,
job-core	Check JSON	2025-03-28T08:59:19.4232471Z       "name": "end-workflow",
job-core	Check JSON	2025-03-28T08:59:19.4233182Z       "startedAt": "2025-02-06T12:51:54Z",
job-core	Check JSON	2025-03-28T08:59:19.4241915Z       "status": "completed",
job-core	Check JSON	2025-03-28T08:59:19.4242587Z       "steps": [
job-core	Check JSON	2025-03-28T08:59:19.4243106Z         {
job-core	Check JSON	2025-03-28T08:59:19.4243730Z           "completedAt": "2025-02-06T12:51:55Z",
job-core	Check JSON	2025-03-28T08:59:19.4244658Z           "conclusion": "success",
job-core	Check JSON	2025-03-28T08:59:19.4245398Z           "name": "Set up job",
job-core	Check JSON	2025-03-28T08:59:19.4246006Z           "number": 1,
job-core	Check JSON	2025-03-28T08:59:19.4246679Z           "startedAt": "2025-02-06T12:51:54Z",
job-core	Check JSON	2025-03-28T08:59:19.4247493Z           "status": "completed"
job-core	Check JSON	2025-03-28T08:59:19.4248065Z         },
job-core	Check JSON	2025-03-28T08:59:19.4248507Z         {
job-core	Check JSON	2025-03-28T08:59:19.4249086Z           "completedAt": "2025-02-06T12:51:56Z",
job-core	Check JSON	2025-03-28T08:59:19.4249881Z           "conclusion": "success",
job-core	Check JSON	2025-03-28T08:59:19.4250618Z           "name": "Checkout code",
job-core	Check JSON	2025-03-28T08:59:19.4251237Z           "number": 2,
job-core	Check JSON	2025-03-28T08:59:19.4251908Z           "startedAt": "2025-02-06T12:51:55Z",
job-core	Check JSON	2025-03-28T08:59:19.4252677Z           "status": "completed"
job-core	Check JSON	2025-03-28T08:59:19.4253243Z         },
job-core	Check JSON	2025-03-28T08:59:19.4253664Z         {
job-core	Check JSON	2025-03-28T08:59:19.4254352Z           "completedAt": "2025-02-06T12:51:57Z",
job-core	Check JSON	2025-03-28T08:59:19.4255176Z           "conclusion": "success",
job-core	Check JSON	2025-03-28T08:59:19.4256345Z           "name": "Finaliza el workflow",
job-core	Check JSON	2025-03-28T08:59:19.4257023Z           "number": 3,
job-core	Check JSON	2025-03-28T08:59:19.4257697Z           "startedAt": "2025-02-06T12:51:57Z",
job-core	Check JSON	2025-03-28T08:59:19.4258479Z           "status": "completed"
job-core	Check JSON	2025-03-28T08:59:19.4259064Z         },
job-core	Check JSON	2025-03-28T08:59:19.4259506Z         {
job-core	Check JSON	2025-03-28T08:59:19.4260463Z           "completedAt": "2025-02-06T12:52:03Z",
job-core	Check JSON	2025-03-28T08:59:19.4261310Z           "conclusion": "success",
job-core	Check JSON	2025-03-28T08:59:19.4262077Z           "name": "Post Checkout code",
job-core	Check JSON	2025-03-28T08:59:19.4262741Z           "number": 6,
job-core	Check JSON	2025-03-28T08:59:19.4263460Z           "startedAt": "2025-02-06T12:52:03Z",
job-core	Check JSON	2025-03-28T08:59:19.4264345Z           "status": "completed"
job-core	Check JSON	2025-03-28T08:59:19.4264918Z         },
job-core	Check JSON	2025-03-28T08:59:19.4265342Z         {
job-core	Check JSON	2025-03-28T08:59:19.4265972Z           "completedAt": "2025-02-06T12:51:57Z",
job-core	Check JSON	2025-03-28T08:59:19.4266760Z           "conclusion": "success",
job-core	Check JSON	2025-03-28T08:59:19.4267471Z           "name": "Complete job",
job-core	Check JSON	2025-03-28T08:59:19.4268208Z           "number": 7,
job-core	Check JSON	2025-03-28T08:59:19.4268868Z           "startedAt": "2025-02-06T12:51:57Z",
job-core	Check JSON	2025-03-28T08:59:19.4269970Z           "status": "completed"
job-core	Check JSON	2025-03-28T08:59:19.4270553Z         }
job-core	Check JSON	2025-03-28T08:59:19.4271522Z       ],
job-core	Check JSON	2025-03-28T08:59:19.4272616Z       "url": "https://github.com/Ka0s-Klaus/ka0s/actions/runs/13179187771/job/36785561176"
job-core	Check JSON	2025-03-28T08:59:19.4273692Z     }
job-core	Check JSON	2025-03-28T08:59:19.4274173Z   ],
job-core	Check JSON	2025-03-28T08:59:19.4274600Z   "name": "Ka0s",
job-core	Check JSON	2025-03-28T08:59:19.4275077Z   "number": 72,
job-core	Check JSON	2025-03-28T08:59:19.4275685Z   "startedAt": "2025-02-06T12:51:19Z",
job-core	Check JSON	2025-03-28T08:59:19.4276382Z   "status": "completed",
job-core	Check JSON	2025-03-28T08:59:19.4277065Z   "updatedAt": "2025-02-06T12:52:05Z",
job-core	Check JSON	2025-03-28T08:59:19.4278139Z   "url": "https://github.com/Ka0s-Klaus/ka0s/actions/runs/13179187771",
job-core	Check JSON	2025-03-28T08:59:19.4279607Z   "workflowDatabaseId": 142022472,
job-core	Check JSON	2025-03-28T08:59:19.4280270Z   "workflowName": "Ka0s"
job-core	Check JSON	2025-03-28T08:59:19.4280922Z }
job-core	Check JSON	2025-03-28T08:59:19.4282668Z File core/outputs/j/jsonlint-results-14125379721.txt is not empty and is content not correct and write commit info
job-core	Check JSON	2025-03-28T08:59:21.4692024Z https://github.com/Ka0s-Klaus/ka0s/issues/220#issuecomment-2760603763
job-core	Post Install Node.js	﻿2025-03-28T08:59:21.5086213Z Post job cleanup.
job-core	Post Checkout code	﻿2025-03-28T08:59:21.6702268Z Post job cleanup.
job-core	Post Checkout code	2025-03-28T08:59:21.8091147Z [command]/usr/bin/git version
job-core	Post Checkout code	2025-03-28T08:59:21.8153510Z git version 2.48.1
job-core	Post Checkout code	2025-03-28T08:59:21.8211796Z Copying '/home/kaos/.gitconfig' to '/actions-runner/_work/_temp/a45a31d9-11ef-4222-afb5-9be53b6d0cca/.gitconfig'
job-core	Post Checkout code	2025-03-28T08:59:21.8235920Z Temporarily overriding HOME='/actions-runner/_work/_temp/a45a31d9-11ef-4222-afb5-9be53b6d0cca' before making global git config changes
job-core	Post Checkout code	2025-03-28T08:59:21.8243476Z Adding repository directory to the temporary git global config as a safe directory
job-core	Post Checkout code	2025-03-28T08:59:21.8250297Z [command]/usr/bin/git config --global --add safe.directory /actions-runner/_work/ka0s/ka0s
job-core	Post Checkout code	2025-03-28T08:59:21.8336435Z [command]/usr/bin/git config --local --name-only --get-regexp core\.sshCommand
job-core	Post Checkout code	2025-03-28T08:59:21.8405590Z [command]/usr/bin/git submodule foreach --recursive sh -c "git config --local --name-only --get-regexp 'core\.sshCommand' && git config --local --unset-all 'core.sshCommand' || :"
job-core	Post Checkout code	2025-03-28T08:59:21.8929925Z [command]/usr/bin/git config --local --name-only --get-regexp http\.https\:\/\/github\.com\/\.extraheader
job-core	Post Checkout code	2025-03-28T08:59:21.8994497Z http.https://github.com/.extraheader
job-core	Post Checkout code	2025-03-28T08:59:21.9024525Z [command]/usr/bin/git config --local --unset-all http.https://github.com/.extraheader
job-core	Post Checkout code	2025-03-28T08:59:21.9100343Z [command]/usr/bin/git submodule foreach --recursive sh -c "git config --local --name-only --get-regexp 'http\.https\:\/\/github\.com\/\.extraheader' && git config --local --unset-all 'http.https://github.com/.extraheader' || :"
job-core	Complete job	﻿2025-03-28T08:59:21.9750934Z Cleaning up orphan processes
handle-success	Set up job	﻿2025-03-28T09:08:44.9232895Z Current runner version: '2.323.0'
handle-success	Set up job	2025-03-28T09:08:44.9242465Z Runner name: 'kaos-4'
handle-success	Set up job	2025-03-28T09:08:44.9243647Z Machine name: '3fe80eba0036'
handle-success	Set up job	2025-03-28T09:08:44.9248333Z ##[group]GITHUB_TOKEN Permissions
handle-success	Set up job	2025-03-28T09:08:44.9251318Z Actions: write
handle-success	Set up job	2025-03-28T09:08:44.9252165Z Contents: write
handle-success	Set up job	2025-03-28T09:08:44.9252896Z Issues: write
handle-success	Set up job	2025-03-28T09:08:44.9253523Z Metadata: read
handle-success	Set up job	2025-03-28T09:08:44.9254773Z PullRequests: write
handle-success	Set up job	2025-03-28T09:08:44.9255500Z ##[endgroup]
handle-success	Set up job	2025-03-28T09:08:44.9258460Z Secret source: Actions
handle-success	Set up job	2025-03-28T09:08:44.9259437Z Prepare workflow directory
handle-success	Set up job	2025-03-28T09:08:45.0240499Z Prepare all required actions
handle-success	Set up job	2025-03-28T09:08:45.0295179Z Getting action download info
handle-success	Set up job	2025-03-28T09:08:45.9971274Z Download action repository 'actions/checkout@v4' (SHA:11bd71901bbe5b1630ceea73d27597364c9af683)
handle-success	Set up job	2025-03-28T09:08:48.0474540Z Complete job name: handle-success
handle-success	Checkout code	﻿2025-03-28T09:08:48.1235588Z ##[group]Run actions/checkout@v4
handle-success	Checkout code	2025-03-28T09:08:48.1237636Z with:
handle-success	Checkout code	2025-03-28T09:08:48.1238523Z   fetch-depth: 0
handle-success	Checkout code	2025-03-28T09:08:48.1240069Z   token: ***
handle-success	Checkout code	2025-03-28T09:08:48.1240979Z   repository: Ka0s-Klaus/ka0s
handle-success	Checkout code	2025-03-28T09:08:48.1242060Z   ssh-strict: true
handle-success	Checkout code	2025-03-28T09:08:48.1242938Z   ssh-user: git
handle-success	Checkout code	2025-03-28T09:08:48.1243946Z   persist-credentials: true
handle-success	Checkout code	2025-03-28T09:08:48.1244994Z   clean: true
handle-success	Checkout code	2025-03-28T09:08:48.1245895Z   sparse-checkout-cone-mode: true
handle-success	Checkout code	2025-03-28T09:08:48.1247054Z   fetch-tags: false
handle-success	Checkout code	2025-03-28T09:08:48.1247972Z   show-progress: true
handle-success	Checkout code	2025-03-28T09:08:48.1248903Z   lfs: false
handle-success	Checkout code	2025-03-28T09:08:48.1249748Z   submodules: false
handle-success	Checkout code	2025-03-28T09:08:48.1250678Z   set-safe-directory: true
handle-success	Checkout code	2025-03-28T09:08:48.1252035Z env:
handle-success	Checkout code	2025-03-28T09:08:48.1253351Z   KAOS_MODULE: [Ka0S] JSONLINT
handle-success	Checkout code	2025-03-28T09:08:48.1254851Z   GH_TOKEN: ***
handle-success	Checkout code	2025-03-28T09:08:48.1255904Z   KAOS_JSONLINT_CONFIG: core/config/.jsonlint.json
handle-success	Checkout code	2025-03-28T09:08:48.1257310Z   KAOS_PATH_RESUME: core/outputs/j/
handle-success	Checkout code	2025-03-28T09:08:48.1258654Z   KAOS_REPO: /actions-runner/_work/kaos/kaos
handle-success	Checkout code	2025-03-28T09:08:48.1259932Z   KAOS_STEP_MODULE: 
handle-success	Checkout code	2025-03-28T09:08:48.1261329Z   KAOS_CODE: 14125379721
handle-success	Checkout code	2025-03-28T09:08:48.1262345Z   KAOS_REF_BRANCH: main
handle-success	Checkout code	2025-03-28T09:08:48.1263276Z ##[endgroup]
handle-success	Checkout code	2025-03-28T09:08:48.3257332Z Syncing repository: Ka0s-Klaus/ka0s
handle-success	Checkout code	2025-03-28T09:08:48.3260982Z ##[group]Getting Git version info
handle-success	Checkout code	2025-03-28T09:08:48.3262553Z Working directory is '/actions-runner/_work/ka0s/ka0s'
handle-success	Checkout code	2025-03-28T09:08:48.3265053Z [command]/usr/bin/git version
handle-success	Checkout code	2025-03-28T09:08:48.3266188Z git version 2.48.1
handle-success	Checkout code	2025-03-28T09:08:48.3270947Z ##[endgroup]
handle-success	Checkout code	2025-03-28T09:08:48.3281038Z Copying '/home/kaos/.gitconfig' to '/actions-runner/_work/_temp/01ad9e55-2e22-4ddc-b1b3-788dc0ce4481/.gitconfig'
handle-success	Checkout code	2025-03-28T09:08:48.3285711Z Temporarily overriding HOME='/actions-runner/_work/_temp/01ad9e55-2e22-4ddc-b1b3-788dc0ce4481' before making global git config changes
handle-success	Checkout code	2025-03-28T09:08:48.3296923Z Adding repository directory to the temporary git global config as a safe directory
handle-success	Checkout code	2025-03-28T09:08:48.3304512Z [command]/usr/bin/git config --global --add safe.directory /actions-runner/_work/ka0s/ka0s
handle-success	Checkout code	2025-03-28T09:08:48.3313016Z [command]/usr/bin/git config --local --get remote.origin.url
handle-success	Checkout code	2025-03-28T09:08:48.3314982Z https://github.com/Ka0s-Klaus/ka0s
handle-success	Checkout code	2025-03-28T09:08:48.3329348Z ##[group]Removing previously created refs, to avoid conflicts
handle-success	Checkout code	2025-03-28T09:08:48.3334665Z [command]/usr/bin/git rev-parse --symbolic-full-name --verify --quiet HEAD
handle-success	Checkout code	2025-03-28T09:08:48.3366369Z refs/heads/H220-web-de-resultados
handle-success	Checkout code	2025-03-28T09:08:48.3382142Z [command]/usr/bin/git checkout --detach
handle-success	Checkout code	2025-03-28T09:08:48.3492773Z HEAD is now at f4d2316 [Ka0S] Uploading resume execution files to the repository...
handle-success	Checkout code	2025-03-28T09:08:48.3562495Z [command]/usr/bin/git branch --delete --force H220-web-de-resultados
handle-success	Checkout code	2025-03-28T09:08:48.3605946Z Deleted branch H220-web-de-resultados (was f4d2316).
handle-success	Checkout code	2025-03-28T09:08:48.3678842Z ##[endgroup]
handle-success	Checkout code	2025-03-28T09:08:48.3680992Z [command]/usr/bin/git submodule status
handle-success	Checkout code	2025-03-28T09:08:48.4059878Z ##[group]Cleaning the repository
handle-success	Checkout code	2025-03-28T09:08:48.4066608Z [command]/usr/bin/git clean -ffdx
handle-success	Checkout code	2025-03-28T09:08:48.4124862Z Removing core/outputs/j/jsonlint-results-14125416082.txt
handle-success	Checkout code	2025-03-28T09:08:48.4140979Z [command]/usr/bin/git reset --hard HEAD
handle-success	Checkout code	2025-03-28T09:08:48.4286805Z HEAD is now at f4d2316 [Ka0S] Uploading resume execution files to the repository...
handle-success	Checkout code	2025-03-28T09:08:48.4298093Z ##[endgroup]
handle-success	Checkout code	2025-03-28T09:08:48.4300108Z ##[group]Disabling automatic garbage collection
handle-success	Checkout code	2025-03-28T09:08:48.4307876Z [command]/usr/bin/git config --local gc.auto 0
handle-success	Checkout code	2025-03-28T09:08:48.4355905Z ##[endgroup]
handle-success	Checkout code	2025-03-28T09:08:48.4358313Z ##[group]Setting up auth
handle-success	Checkout code	2025-03-28T09:08:48.4365524Z [command]/usr/bin/git config --local --name-only --get-regexp core\.sshCommand
handle-success	Checkout code	2025-03-28T09:08:48.4416401Z [command]/usr/bin/git submodule foreach --recursive sh -c "git config --local --name-only --get-regexp 'core\.sshCommand' && git config --local --unset-all 'core.sshCommand' || :"
handle-success	Checkout code	2025-03-28T09:08:48.4814147Z [command]/usr/bin/git config --local --name-only --get-regexp http\.https\:\/\/github\.com\/\.extraheader
handle-success	Checkout code	2025-03-28T09:08:48.4869743Z [command]/usr/bin/git submodule foreach --recursive sh -c "git config --local --name-only --get-regexp 'http\.https\:\/\/github\.com\/\.extraheader' && git config --local --unset-all 'http.https://github.com/.extraheader' || :"
handle-success	Checkout code	2025-03-28T09:08:48.5292089Z [command]/usr/bin/git config --local http.https://github.com/.extraheader AUTHORIZATION: basic ***
handle-success	Checkout code	2025-03-28T09:08:48.5356808Z ##[endgroup]
handle-success	Checkout code	2025-03-28T09:08:48.5359478Z ##[group]Fetching the repository
handle-success	Checkout code	2025-03-28T09:08:48.5372927Z [command]/usr/bin/git -c protocol.version=2 fetch --prune --no-recurse-submodules origin +refs/heads/*:refs/remotes/origin/* +refs/tags/*:refs/tags/*
handle-success	Checkout code	2025-03-28T09:08:49.5866320Z [command]/usr/bin/git branch --list --remote origin/H220-web-de-resultados
handle-success	Checkout code	2025-03-28T09:08:49.5920199Z   origin/H220-web-de-resultados
handle-success	Checkout code	2025-03-28T09:08:49.5937209Z [command]/usr/bin/git rev-parse refs/remotes/origin/H220-web-de-resultados
handle-success	Checkout code	2025-03-28T09:08:49.5980179Z f4d231695b25691b64ee5df6ffe9db4d7625551a
handle-success	Checkout code	2025-03-28T09:08:49.6004879Z ##[endgroup]
handle-success	Checkout code	2025-03-28T09:08:49.6006034Z ##[group]Determining the checkout info
handle-success	Checkout code	2025-03-28T09:08:49.6007098Z ##[endgroup]
handle-success	Checkout code	2025-03-28T09:08:49.6014319Z [command]/usr/bin/git sparse-checkout disable
handle-success	Checkout code	2025-03-28T09:08:49.6110569Z [command]/usr/bin/git config --local --unset-all extensions.worktreeConfig
handle-success	Checkout code	2025-03-28T09:08:49.6169450Z ##[group]Checking out the ref
handle-success	Checkout code	2025-03-28T09:08:49.6176814Z [command]/usr/bin/git checkout --progress --force -B H220-web-de-resultados refs/remotes/origin/H220-web-de-resultados
handle-success	Checkout code	2025-03-28T09:08:49.6373119Z Switched to a new branch 'H220-web-de-resultados'
handle-success	Checkout code	2025-03-28T09:08:49.6378737Z branch 'H220-web-de-resultados' set up to track 'origin/H220-web-de-resultados'.
handle-success	Checkout code	2025-03-28T09:08:49.6385021Z ##[endgroup]
handle-success	Checkout code	2025-03-28T09:08:49.6461296Z [command]/usr/bin/git log -1 --format=%H
handle-success	Checkout code	2025-03-28T09:08:49.6511588Z f4d231695b25691b64ee5df6ffe9db4d7625551a
handle-success	handle-success-execution	﻿2025-03-28T09:08:49.6942893Z ##[group]Run # Si todo ha ido correcto añadimos el contenido del fichero 
handle-success	handle-success-execution	2025-03-28T09:08:49.6944593Z [36;1m# Si todo ha ido correcto añadimos el contenido del fichero [0m
handle-success	handle-success-execution	2025-03-28T09:08:49.6945854Z [36;1mRNNUMBER=$(echo "refs/heads/H220-web-de-resultados" | grep -o '[0-9]*')[0m
handle-success	handle-success-execution	2025-03-28T09:08:49.6947936Z [36;1mgh issue comment $RNNUMBER --body "El proceso ha finalizado correctamente 14125379721. El resultado está en el fichero core/results/event_data14125379721.log"[0m
handle-success	handle-success-execution	2025-03-28T09:08:49.6970538Z shell: /usr/bin/bash -e {0}
handle-success	handle-success-execution	2025-03-28T09:08:49.6971288Z env:
handle-success	handle-success-execution	2025-03-28T09:08:49.6971816Z   KAOS_MODULE: [Ka0S] JSONLINT
handle-success	handle-success-execution	2025-03-28T09:08:49.6972935Z   GH_TOKEN: ***
handle-success	handle-success-execution	2025-03-28T09:08:49.6973582Z   KAOS_JSONLINT_CONFIG: core/config/.jsonlint.json
handle-success	handle-success-execution	2025-03-28T09:08:49.6974514Z   KAOS_PATH_RESUME: core/outputs/j/
handle-success	handle-success-execution	2025-03-28T09:08:49.6975263Z   KAOS_REPO: /actions-runner/_work/kaos/kaos
handle-success	handle-success-execution	2025-03-28T09:08:49.6976014Z   KAOS_STEP_MODULE: 
handle-success	handle-success-execution	2025-03-28T09:08:49.6976594Z   KAOS_CODE: 14125379721
handle-success	handle-success-execution	2025-03-28T09:08:49.6977307Z   KAOS_REF_BRANCH: main
handle-success	handle-success-execution	2025-03-28T09:08:49.6977872Z ##[endgroup]
handle-success	handle-success-execution	2025-03-28T09:08:51.6096444Z https://github.com/Ka0s-Klaus/ka0s/issues/220#issuecomment-2760624700
handle-success	Post Checkout code	﻿2025-03-28T09:08:51.6237907Z Post job cleanup.
handle-success	Post Checkout code	2025-03-28T09:08:51.7624914Z [command]/usr/bin/git version
handle-success	Post Checkout code	2025-03-28T09:08:51.7685166Z git version 2.48.1
handle-success	Post Checkout code	2025-03-28T09:08:51.7747695Z Copying '/home/kaos/.gitconfig' to '/actions-runner/_work/_temp/18421010-bf78-43fc-a707-24e84a92c0b2/.gitconfig'
handle-success	Post Checkout code	2025-03-28T09:08:51.7780080Z Temporarily overriding HOME='/actions-runner/_work/_temp/18421010-bf78-43fc-a707-24e84a92c0b2' before making global git config changes
handle-success	Post Checkout code	2025-03-28T09:08:51.7782609Z Adding repository directory to the temporary git global config as a safe directory
handle-success	Post Checkout code	2025-03-28T09:08:51.7788186Z [command]/usr/bin/git config --global --add safe.directory /actions-runner/_work/ka0s/ka0s
handle-success	Post Checkout code	2025-03-28T09:08:51.7846836Z [command]/usr/bin/git config --local --name-only --get-regexp core\.sshCommand
handle-success	Post Checkout code	2025-03-28T09:08:51.7915736Z [command]/usr/bin/git submodule foreach --recursive sh -c "git config --local --name-only --get-regexp 'core\.sshCommand' && git config --local --unset-all 'core.sshCommand' || :"
handle-success	Post Checkout code	2025-03-28T09:08:51.8328794Z [command]/usr/bin/git config --local --name-only --get-regexp http\.https\:\/\/github\.com\/\.extraheader
handle-success	Post Checkout code	2025-03-28T09:08:51.8367012Z http.https://github.com/.extraheader
handle-success	Post Checkout code	2025-03-28T09:08:51.8388225Z [command]/usr/bin/git config --local --unset-all http.https://github.com/.extraheader
handle-success	Post Checkout code	2025-03-28T09:08:51.8443514Z [command]/usr/bin/git submodule foreach --recursive sh -c "git config --local --name-only --get-regexp 'http\.https\:\/\/github\.com\/\.extraheader' && git config --local --unset-all 'http.https://github.com/.extraheader' || :"
handle-success	Complete job	﻿2025-03-28T09:08:51.9114728Z Cleaning up orphan processes
end-workflow	Set up job	﻿2025-03-28T09:17:09.9286247Z Current runner version: '2.323.0'
end-workflow	Set up job	2025-03-28T09:17:09.9302129Z Runner name: 'kaos-3'
end-workflow	Set up job	2025-03-28T09:17:09.9304496Z Machine name: 'ddaf71c4382c'
end-workflow	Set up job	2025-03-28T09:17:09.9311785Z ##[group]GITHUB_TOKEN Permissions
end-workflow	Set up job	2025-03-28T09:17:09.9316848Z Actions: write
end-workflow	Set up job	2025-03-28T09:17:09.9318262Z Contents: write
end-workflow	Set up job	2025-03-28T09:17:09.9320251Z Issues: write
end-workflow	Set up job	2025-03-28T09:17:09.9321512Z Metadata: read
end-workflow	Set up job	2025-03-28T09:17:09.9322832Z PullRequests: write
end-workflow	Set up job	2025-03-28T09:17:09.9324379Z ##[endgroup]
end-workflow	Set up job	2025-03-28T09:17:09.9329115Z Secret source: Actions
end-workflow	Set up job	2025-03-28T09:17:09.9330819Z Prepare workflow directory
end-workflow	Set up job	2025-03-28T09:17:10.0555252Z Prepare all required actions
end-workflow	Set up job	2025-03-28T09:17:10.0611017Z Getting action download info
end-workflow	Set up job	2025-03-28T09:17:11.0583093Z Download action repository 'actions/checkout@v4' (SHA:11bd71901bbe5b1630ceea73d27597364c9af683)
end-workflow	Set up job	2025-03-28T09:17:14.7093251Z Complete job name: end-workflow
end-workflow	Checkout code	﻿2025-03-28T09:17:14.7945992Z ##[group]Run actions/checkout@v4
end-workflow	Checkout code	2025-03-28T09:17:14.7947874Z with:
end-workflow	Checkout code	2025-03-28T09:17:14.7948871Z   fetch-depth: 0
end-workflow	Checkout code	2025-03-28T09:17:14.7950538Z   token: ***
end-workflow	Checkout code	2025-03-28T09:17:14.7951540Z   repository: Ka0s-Klaus/ka0s
end-workflow	Checkout code	2025-03-28T09:17:14.7952701Z   ssh-strict: true
end-workflow	Checkout code	2025-03-28T09:17:14.7954338Z   ssh-user: git
end-workflow	Checkout code	2025-03-28T09:17:14.7955403Z   persist-credentials: true
end-workflow	Checkout code	2025-03-28T09:17:14.7956542Z   clean: true
end-workflow	Checkout code	2025-03-28T09:17:14.7957607Z   sparse-checkout-cone-mode: true
end-workflow	Checkout code	2025-03-28T09:17:14.7958863Z   fetch-tags: false
end-workflow	Checkout code	2025-03-28T09:17:14.7959925Z   show-progress: true
end-workflow	Checkout code	2025-03-28T09:17:14.7960990Z   lfs: false
end-workflow	Checkout code	2025-03-28T09:17:14.7961969Z   submodules: false
end-workflow	Checkout code	2025-03-28T09:17:14.7963030Z   set-safe-directory: true
end-workflow	Checkout code	2025-03-28T09:17:14.7964958Z env:
end-workflow	Checkout code	2025-03-28T09:17:14.7966058Z   KAOS_MODULE: [Ka0S] JSONLINT
end-workflow	Checkout code	2025-03-28T09:17:14.7967729Z   GH_TOKEN: ***
end-workflow	Checkout code	2025-03-28T09:17:14.7968901Z   KAOS_JSONLINT_CONFIG: core/config/.jsonlint.json
end-workflow	Checkout code	2025-03-28T09:17:14.7970466Z   KAOS_PATH_RESUME: core/outputs/j/
end-workflow	Checkout code	2025-03-28T09:17:14.7972002Z   KAOS_REPO: /actions-runner/_work/kaos/kaos
end-workflow	Checkout code	2025-03-28T09:17:14.7973411Z   KAOS_STEP_MODULE: 
end-workflow	Checkout code	2025-03-28T09:17:14.7974968Z   KAOS_CODE: 14125379721
end-workflow	Checkout code	2025-03-28T09:17:14.7976098Z   KAOS_REF_BRANCH: main
end-workflow	Checkout code	2025-03-28T09:17:14.7977752Z ##[endgroup]
end-workflow	Checkout code	2025-03-28T09:17:15.0183711Z Syncing repository: Ka0s-Klaus/ka0s
end-workflow	Checkout code	2025-03-28T09:17:15.0189457Z ##[group]Getting Git version info
end-workflow	Checkout code	2025-03-28T09:17:15.0192409Z Working directory is '/actions-runner/_work/ka0s/ka0s'
end-workflow	Checkout code	2025-03-28T09:17:15.0197206Z [command]/usr/bin/git version
end-workflow	Checkout code	2025-03-28T09:17:15.0326275Z git version 2.48.1
end-workflow	Checkout code	2025-03-28T09:17:15.0446184Z ##[endgroup]
end-workflow	Checkout code	2025-03-28T09:17:15.0492382Z Copying '/home/kaos/.gitconfig' to '/actions-runner/_work/_temp/227e1c54-f1b5-4a66-afff-96cc3bc7d26d/.gitconfig'
end-workflow	Checkout code	2025-03-28T09:17:15.0529554Z Temporarily overriding HOME='/actions-runner/_work/_temp/227e1c54-f1b5-4a66-afff-96cc3bc7d26d' before making global git config changes
end-workflow	Checkout code	2025-03-28T09:17:15.0550860Z Adding repository directory to the temporary git global config as a safe directory
end-workflow	Checkout code	2025-03-28T09:17:15.0563544Z [command]/usr/bin/git config --global --add safe.directory /actions-runner/_work/ka0s/ka0s
end-workflow	Checkout code	2025-03-28T09:17:15.0695525Z [command]/usr/bin/git config --local --get remote.origin.url
end-workflow	Checkout code	2025-03-28T09:17:15.0788085Z https://github.com/Ka0s-Klaus/ka0s
end-workflow	Checkout code	2025-03-28T09:17:15.0847570Z ##[group]Removing previously created refs, to avoid conflicts
end-workflow	Checkout code	2025-03-28T09:17:15.0866950Z [command]/usr/bin/git rev-parse --symbolic-full-name --verify --quiet HEAD
end-workflow	Checkout code	2025-03-28T09:17:15.1017051Z refs/heads/H220-web-de-resultados
end-workflow	Checkout code	2025-03-28T09:17:15.1043617Z [command]/usr/bin/git checkout --detach
end-workflow	Checkout code	2025-03-28T09:17:15.1255088Z HEAD is now at f4d2316 [Ka0S] Uploading resume execution files to the repository...
end-workflow	Checkout code	2025-03-28T09:17:15.1496386Z [command]/usr/bin/git branch --delete --force H220-web-de-resultados
end-workflow	Checkout code	2025-03-28T09:17:15.1535155Z Deleted branch H220-web-de-resultados (was f4d2316).
end-workflow	Checkout code	2025-03-28T09:17:15.1659758Z ##[endgroup]
end-workflow	Checkout code	2025-03-28T09:17:15.1663308Z [command]/usr/bin/git submodule status
end-workflow	Checkout code	2025-03-28T09:17:15.2510615Z ##[group]Cleaning the repository
end-workflow	Checkout code	2025-03-28T09:17:15.2523146Z [command]/usr/bin/git clean -ffdx
end-workflow	Checkout code	2025-03-28T09:17:15.2648402Z [command]/usr/bin/git reset --hard HEAD
end-workflow	Checkout code	2025-03-28T09:17:15.2949778Z HEAD is now at f4d2316 [Ka0S] Uploading resume execution files to the repository...
end-workflow	Checkout code	2025-03-28T09:17:15.3034467Z ##[endgroup]
end-workflow	Checkout code	2025-03-28T09:17:15.3097563Z ##[group]Disabling automatic garbage collection
end-workflow	Checkout code	2025-03-28T09:17:15.3125936Z [command]/usr/bin/git config --local gc.auto 0
end-workflow	Checkout code	2025-03-28T09:17:15.3358195Z ##[endgroup]
end-workflow	Checkout code	2025-03-28T09:17:15.3361425Z ##[group]Setting up auth
end-workflow	Checkout code	2025-03-28T09:17:15.3375113Z [command]/usr/bin/git config --local --name-only --get-regexp core\.sshCommand
end-workflow	Checkout code	2025-03-28T09:17:15.3549580Z [command]/usr/bin/git submodule foreach --recursive sh -c "git config --local --name-only --get-regexp 'core\.sshCommand' && git config --local --unset-all 'core.sshCommand' || :"
end-workflow	Checkout code	2025-03-28T09:17:15.4222240Z [command]/usr/bin/git config --local --name-only --get-regexp http\.https\:\/\/github\.com\/\.extraheader
end-workflow	Checkout code	2025-03-28T09:17:15.4293490Z [command]/usr/bin/git submodule foreach --recursive sh -c "git config --local --name-only --get-regexp 'http\.https\:\/\/github\.com\/\.extraheader' && git config --local --unset-all 'http.https://github.com/.extraheader' || :"
end-workflow	Checkout code	2025-03-28T09:17:15.5717536Z [command]/usr/bin/git config --local http.https://github.com/.extraheader AUTHORIZATION: basic ***
end-workflow	Checkout code	2025-03-28T09:17:15.5859353Z ##[endgroup]
end-workflow	Checkout code	2025-03-28T09:17:15.5861614Z ##[group]Fetching the repository
end-workflow	Checkout code	2025-03-28T09:17:15.5882920Z [command]/usr/bin/git -c protocol.version=2 fetch --prune --no-recurse-submodules origin +refs/heads/*:refs/remotes/origin/* +refs/tags/*:refs/tags/*
end-workflow	Checkout code	2025-03-28T09:17:16.6487316Z From https://github.com/Ka0s-Klaus/ka0s
end-workflow	Checkout code	2025-03-28T09:17:16.6488915Z    053cd7f..8e3d7fb  main       -> origin/main
end-workflow	Checkout code	2025-03-28T09:17:16.6603499Z [command]/usr/bin/git branch --list --remote origin/H220-web-de-resultados
end-workflow	Checkout code	2025-03-28T09:17:16.6672528Z   origin/H220-web-de-resultados
end-workflow	Checkout code	2025-03-28T09:17:16.6707735Z [command]/usr/bin/git rev-parse refs/remotes/origin/H220-web-de-resultados
end-workflow	Checkout code	2025-03-28T09:17:16.6767615Z f4d231695b25691b64ee5df6ffe9db4d7625551a
end-workflow	Checkout code	2025-03-28T09:17:16.6844887Z ##[endgroup]
end-workflow	Checkout code	2025-03-28T09:17:16.6867464Z ##[group]Determining the checkout info
end-workflow	Checkout code	2025-03-28T09:17:16.6869277Z ##[endgroup]
end-workflow	Checkout code	2025-03-28T09:17:16.6870663Z [command]/usr/bin/git sparse-checkout disable
end-workflow	Checkout code	2025-03-28T09:17:16.6929730Z [command]/usr/bin/git config --local --unset-all extensions.worktreeConfig
end-workflow	Checkout code	2025-03-28T09:17:16.6986844Z ##[group]Checking out the ref
end-workflow	Checkout code	2025-03-28T09:17:16.6992359Z [command]/usr/bin/git checkout --progress --force -B H220-web-de-resultados refs/remotes/origin/H220-web-de-resultados
end-workflow	Checkout code	2025-03-28T09:17:16.7167471Z Switched to a new branch 'H220-web-de-resultados'
end-workflow	Checkout code	2025-03-28T09:17:16.7172326Z branch 'H220-web-de-resultados' set up to track 'origin/H220-web-de-resultados'.
end-workflow	Checkout code	2025-03-28T09:17:16.7188178Z ##[endgroup]
end-workflow	Checkout code	2025-03-28T09:17:16.7262177Z [command]/usr/bin/git log -1 --format=%H
end-workflow	Checkout code	2025-03-28T09:17:16.7316021Z f4d231695b25691b64ee5df6ffe9db4d7625551a
end-workflow	Finaliza el workflow	﻿2025-03-28T09:17:16.7737264Z ##[group]Run echo "End process"
end-workflow	Finaliza el workflow	2025-03-28T09:17:16.7738339Z [36;1mecho "End process"[0m
end-workflow	Finaliza el workflow	2025-03-28T09:17:16.7739333Z [36;1mRNNUMBER=$(echo "refs/heads/H220-web-de-resultados" | grep -o '[0-9]*')[0m
end-workflow	Finaliza el workflow	2025-03-28T09:17:16.7740665Z [36;1mgh issue comment $RNNUMBER --body "Se finaliza Ka0s 14125379721"[0m
end-workflow	Finaliza el workflow	2025-03-28T09:17:16.7742352Z [36;1mgh workflow run inspector.yml --ref 'main' -f kaos-issue-id=$RNNUMBER -f kaos-workflow-id="14125379721" -f kaos-user-start=""[0m
end-workflow	Finaliza el workflow	2025-03-28T09:17:16.7764628Z shell: /usr/bin/bash -e {0}
end-workflow	Finaliza el workflow	2025-03-28T09:17:16.7765575Z env:
end-workflow	Finaliza el workflow	2025-03-28T09:17:16.7766105Z   KAOS_MODULE: [Ka0S] JSONLINT
end-workflow	Finaliza el workflow	2025-03-28T09:17:16.7767206Z   GH_TOKEN: ***
end-workflow	Finaliza el workflow	2025-03-28T09:17:16.7767977Z   KAOS_JSONLINT_CONFIG: core/config/.jsonlint.json
end-workflow	Finaliza el workflow	2025-03-28T09:17:16.7768801Z   KAOS_PATH_RESUME: core/outputs/j/
end-workflow	Finaliza el workflow	2025-03-28T09:17:16.7769514Z   KAOS_REPO: /actions-runner/_work/kaos/kaos
end-workflow	Finaliza el workflow	2025-03-28T09:17:16.7770220Z   KAOS_STEP_MODULE: 
end-workflow	Finaliza el workflow	2025-03-28T09:17:16.7770776Z   KAOS_CODE: 14125379721
end-workflow	Finaliza el workflow	2025-03-28T09:17:16.7771352Z   KAOS_REF_BRANCH: main
end-workflow	Finaliza el workflow	2025-03-28T09:17:16.7772234Z ##[endgroup]
end-workflow	Finaliza el workflow	2025-03-28T09:17:16.7899185Z End process
end-workflow	Finaliza el workflow	2025-03-28T09:17:18.0096751Z https://github.com/Ka0s-Klaus/ka0s/issues/220#issuecomment-2760643447
end-workflow	Post Checkout code	﻿2025-03-28T09:17:19.0005433Z Post job cleanup.
end-workflow	Post Checkout code	2025-03-28T09:17:19.1585435Z [command]/usr/bin/git version
end-workflow	Post Checkout code	2025-03-28T09:17:19.1654770Z git version 2.48.1
end-workflow	Post Checkout code	2025-03-28T09:17:19.1725764Z Copying '/home/kaos/.gitconfig' to '/actions-runner/_work/_temp/682382b8-84c7-41b8-8027-69e24d4cadec/.gitconfig'
end-workflow	Post Checkout code	2025-03-28T09:17:19.1748486Z Temporarily overriding HOME='/actions-runner/_work/_temp/682382b8-84c7-41b8-8027-69e24d4cadec' before making global git config changes
end-workflow	Post Checkout code	2025-03-28T09:17:19.1751698Z Adding repository directory to the temporary git global config as a safe directory
end-workflow	Post Checkout code	2025-03-28T09:17:19.1759912Z [command]/usr/bin/git config --global --add safe.directory /actions-runner/_work/ka0s/ka0s
end-workflow	Post Checkout code	2025-03-28T09:17:19.1820372Z [command]/usr/bin/git config --local --name-only --get-regexp core\.sshCommand
end-workflow	Post Checkout code	2025-03-28T09:17:19.1891680Z [command]/usr/bin/git submodule foreach --recursive sh -c "git config --local --name-only --get-regexp 'core\.sshCommand' && git config --local --unset-all 'core.sshCommand' || :"
end-workflow	Post Checkout code	2025-03-28T09:17:19.2402024Z [command]/usr/bin/git config --local --name-only --get-regexp http\.https\:\/\/github\.com\/\.extraheader
end-workflow	Post Checkout code	2025-03-28T09:17:19.2454739Z http.https://github.com/.extraheader
end-workflow	Post Checkout code	2025-03-28T09:17:19.2475324Z [command]/usr/bin/git config --local --unset-all http.https://github.com/.extraheader
end-workflow	Post Checkout code	2025-03-28T09:17:19.2542132Z [command]/usr/bin/git submodule foreach --recursive sh -c "git config --local --name-only --get-regexp 'http\.https\:\/\/github\.com\/\.extraheader' && git config --local --unset-all 'http.https://github.com/.extraheader' || :"
end-workflow	Complete job	﻿2025-03-28T09:17:19.3186036Z Cleaning up orphan processes
