job-core	Set up job	﻿2025-03-28T09:08:27.6056357Z Current runner version: '2.323.0'
job-core	Set up job	2025-03-28T09:08:27.6066793Z Runner name: 'ka0s-runner-1'
job-core	Set up job	2025-03-28T09:08:27.6068366Z Machine name: '181b3e34799e'
job-core	Set up job	2025-03-28T09:08:27.6072363Z ##[group]GITHUB_TOKEN Permissions
job-core	Set up job	2025-03-28T09:08:27.6075806Z Actions: write
job-core	Set up job	2025-03-28T09:08:27.6076544Z Contents: write
job-core	Set up job	2025-03-28T09:08:27.6077441Z Issues: write
job-core	Set up job	2025-03-28T09:08:27.6078160Z Metadata: read
job-core	Set up job	2025-03-28T09:08:27.6078797Z PullRequests: write
job-core	Set up job	2025-03-28T09:08:27.6079602Z ##[endgroup]
job-core	Set up job	2025-03-28T09:08:27.6082947Z Secret source: Actions
job-core	Set up job	2025-03-28T09:08:27.6084092Z Prepare workflow directory
job-core	Set up job	2025-03-28T09:08:27.7386395Z Prepare all required actions
job-core	Set up job	2025-03-28T09:08:27.7445232Z Getting action download info
job-core	Set up job	2025-03-28T09:08:28.5138794Z Download action repository 'actions/checkout@v4' (SHA:11bd71901bbe5b1630ceea73d27597364c9af683)
job-core	Set up job	2025-03-28T09:08:31.4042728Z Download action repository 'actions/setup-node@v2' (SHA:7c12f8017d5436eb855f1ed4399f037a36fbd9e8)
job-core	Set up job	2025-03-28T09:08:36.1622313Z Complete job name: job-core
job-core	Checkout code	﻿2025-03-28T09:08:36.2347800Z ##[group]Run actions/checkout@v4
job-core	Checkout code	2025-03-28T09:08:36.2349428Z with:
job-core	Checkout code	2025-03-28T09:08:36.2350229Z   fetch-depth: 0
job-core	Checkout code	2025-03-28T09:08:36.2351684Z   token: ***
job-core	Checkout code	2025-03-28T09:08:36.2352581Z   repository: Ka0s-Klaus/ka0s
job-core	Checkout code	2025-03-28T09:08:36.2353640Z   ssh-strict: true
job-core	Checkout code	2025-03-28T09:08:36.2354641Z   ssh-user: git
job-core	Checkout code	2025-03-28T09:08:36.2355530Z   persist-credentials: true
job-core	Checkout code	2025-03-28T09:08:36.2381153Z   clean: true
job-core	Checkout code	2025-03-28T09:08:36.2382189Z   sparse-checkout-cone-mode: true
job-core	Checkout code	2025-03-28T09:08:36.2383312Z   fetch-tags: false
job-core	Checkout code	2025-03-28T09:08:36.2384524Z   show-progress: true
job-core	Checkout code	2025-03-28T09:08:36.2385453Z   lfs: false
job-core	Checkout code	2025-03-28T09:08:36.2386295Z   submodules: false
job-core	Checkout code	2025-03-28T09:08:36.2387220Z   set-safe-directory: true
job-core	Checkout code	2025-03-28T09:08:36.2389204Z env:
job-core	Checkout code	2025-03-28T09:08:36.2390025Z   KAOS_MODULE: [Ka0S] JSONLINT
job-core	Checkout code	2025-03-28T09:08:36.2391531Z   GH_TOKEN: ***
job-core	Checkout code	2025-03-28T09:08:36.2392573Z   KAOS_JSONLINT_CONFIG: core/config/.jsonlint.json
job-core	Checkout code	2025-03-28T09:08:36.2394604Z   KAOS_PATH_RESUME: core/outputs/j/
job-core	Checkout code	2025-03-28T09:08:36.2395928Z   KAOS_REPO: /actions-runner/_work/kaos/kaos
job-core	Checkout code	2025-03-28T09:08:36.2397153Z   KAOS_STEP_MODULE: 
job-core	Checkout code	2025-03-28T09:08:36.2398058Z   KAOS_CODE: 14125416930
job-core	Checkout code	2025-03-28T09:08:36.2399029Z   KAOS_REF_BRANCH: main
job-core	Checkout code	2025-03-28T09:08:36.2399949Z ##[endgroup]
job-core	Checkout code	2025-03-28T09:08:36.3947345Z Syncing repository: Ka0s-Klaus/ka0s
job-core	Checkout code	2025-03-28T09:08:36.3951003Z ##[group]Getting Git version info
job-core	Checkout code	2025-03-28T09:08:36.3952562Z Working directory is '/actions-runner/_work/ka0s/ka0s'
job-core	Checkout code	2025-03-28T09:08:36.3954903Z [command]/usr/bin/git version
job-core	Checkout code	2025-03-28T09:08:36.3956000Z git version 2.48.1
job-core	Checkout code	2025-03-28T09:08:36.3968841Z ##[endgroup]
job-core	Checkout code	2025-03-28T09:08:36.3984530Z Copying '/home/kaos/.gitconfig' to '/actions-runner/_work/_temp/071029a9-f472-4f5b-9643-f941fe247f68/.gitconfig'
job-core	Checkout code	2025-03-28T09:08:36.4005178Z Temporarily overriding HOME='/actions-runner/_work/_temp/071029a9-f472-4f5b-9643-f941fe247f68' before making global git config changes
job-core	Checkout code	2025-03-28T09:08:36.4011330Z Adding repository directory to the temporary git global config as a safe directory
job-core	Checkout code	2025-03-28T09:08:36.4014372Z [command]/usr/bin/git config --global --add safe.directory /actions-runner/_work/ka0s/ka0s
job-core	Checkout code	2025-03-28T09:08:36.4069169Z [command]/usr/bin/git config --local --get remote.origin.url
job-core	Checkout code	2025-03-28T09:08:36.4114167Z https://github.com/Ka0s-Klaus/ka0s
job-core	Checkout code	2025-03-28T09:08:36.4141360Z ##[group]Removing previously created refs, to avoid conflicts
job-core	Checkout code	2025-03-28T09:08:36.4146456Z [command]/usr/bin/git rev-parse --symbolic-full-name --verify --quiet HEAD
job-core	Checkout code	2025-03-28T09:08:36.4179012Z refs/heads/H220-web-de-resultados
job-core	Checkout code	2025-03-28T09:08:36.4196640Z [command]/usr/bin/git checkout --detach
job-core	Checkout code	2025-03-28T09:08:36.4305110Z HEAD is now at f4d2316 [Ka0S] Uploading resume execution files to the repository...
job-core	Checkout code	2025-03-28T09:08:36.4374036Z [command]/usr/bin/git branch --delete --force H220-web-de-resultados
job-core	Checkout code	2025-03-28T09:08:36.4421701Z Deleted branch H220-web-de-resultados (was f4d2316).
job-core	Checkout code	2025-03-28T09:08:36.4496501Z ##[endgroup]
job-core	Checkout code	2025-03-28T09:08:36.4497626Z [command]/usr/bin/git submodule status
job-core	Checkout code	2025-03-28T09:08:36.4876062Z ##[group]Cleaning the repository
job-core	Checkout code	2025-03-28T09:08:36.4880044Z [command]/usr/bin/git clean -ffdx
job-core	Checkout code	2025-03-28T09:08:36.4932796Z Removing core/outputs/j/jsonlint-results-14125415266.txt
job-core	Checkout code	2025-03-28T09:08:36.4953016Z [command]/usr/bin/git reset --hard HEAD
job-core	Checkout code	2025-03-28T09:08:36.5103534Z HEAD is now at f4d2316 [Ka0S] Uploading resume execution files to the repository...
job-core	Checkout code	2025-03-28T09:08:36.5117572Z ##[endgroup]
job-core	Checkout code	2025-03-28T09:08:36.5120466Z ##[group]Disabling automatic garbage collection
job-core	Checkout code	2025-03-28T09:08:36.5124340Z [command]/usr/bin/git config --local gc.auto 0
job-core	Checkout code	2025-03-28T09:08:36.5169527Z ##[endgroup]
job-core	Checkout code	2025-03-28T09:08:36.5180761Z ##[group]Setting up auth
job-core	Checkout code	2025-03-28T09:08:36.5182597Z [command]/usr/bin/git config --local --name-only --get-regexp core\.sshCommand
job-core	Checkout code	2025-03-28T09:08:36.5234312Z [command]/usr/bin/git submodule foreach --recursive sh -c "git config --local --name-only --get-regexp 'core\.sshCommand' && git config --local --unset-all 'core.sshCommand' || :"
job-core	Checkout code	2025-03-28T09:08:36.5624817Z [command]/usr/bin/git config --local --name-only --get-regexp http\.https\:\/\/github\.com\/\.extraheader
job-core	Checkout code	2025-03-28T09:08:36.5673536Z [command]/usr/bin/git submodule foreach --recursive sh -c "git config --local --name-only --get-regexp 'http\.https\:\/\/github\.com\/\.extraheader' && git config --local --unset-all 'http.https://github.com/.extraheader' || :"
job-core	Checkout code	2025-03-28T09:08:36.6061513Z [command]/usr/bin/git config --local http.https://github.com/.extraheader AUTHORIZATION: basic ***
job-core	Checkout code	2025-03-28T09:08:36.6124395Z ##[endgroup]
job-core	Checkout code	2025-03-28T09:08:36.6126107Z ##[group]Fetching the repository
job-core	Checkout code	2025-03-28T09:08:36.6138306Z [command]/usr/bin/git -c protocol.version=2 fetch --prune --no-recurse-submodules origin +refs/heads/*:refs/remotes/origin/* +refs/tags/*:refs/tags/*
job-core	Checkout code	2025-03-28T09:08:37.3536778Z [command]/usr/bin/git branch --list --remote origin/H220-web-de-resultados
job-core	Checkout code	2025-03-28T09:08:37.3575558Z   origin/H220-web-de-resultados
job-core	Checkout code	2025-03-28T09:08:37.3589614Z [command]/usr/bin/git rev-parse refs/remotes/origin/H220-web-de-resultados
job-core	Checkout code	2025-03-28T09:08:37.3624173Z f4d231695b25691b64ee5df6ffe9db4d7625551a
job-core	Checkout code	2025-03-28T09:08:37.3630850Z ##[endgroup]
job-core	Checkout code	2025-03-28T09:08:37.3632248Z ##[group]Determining the checkout info
job-core	Checkout code	2025-03-28T09:08:37.3633917Z ##[endgroup]
job-core	Checkout code	2025-03-28T09:08:37.3641146Z [command]/usr/bin/git sparse-checkout disable
job-core	Checkout code	2025-03-28T09:08:37.3727601Z [command]/usr/bin/git config --local --unset-all extensions.worktreeConfig
job-core	Checkout code	2025-03-28T09:08:37.3771221Z ##[group]Checking out the ref
job-core	Checkout code	2025-03-28T09:08:37.3780097Z [command]/usr/bin/git checkout --progress --force -B H220-web-de-resultados refs/remotes/origin/H220-web-de-resultados
job-core	Checkout code	2025-03-28T09:08:37.3912062Z Switched to a new branch 'H220-web-de-resultados'
job-core	Checkout code	2025-03-28T09:08:37.3919664Z branch 'H220-web-de-resultados' set up to track 'origin/H220-web-de-resultados'.
job-core	Checkout code	2025-03-28T09:08:37.3931424Z ##[endgroup]
job-core	Checkout code	2025-03-28T09:08:37.3990844Z [command]/usr/bin/git log -1 --format=%H
job-core	Checkout code	2025-03-28T09:08:37.4031177Z f4d231695b25691b64ee5df6ffe9db4d7625551a
job-core	Install Node.js	﻿2025-03-28T09:08:37.4378703Z ##[group]Run actions/setup-node@v2
job-core	Install Node.js	2025-03-28T09:08:37.4379207Z with:
job-core	Install Node.js	2025-03-28T09:08:37.4379498Z   node-version: 14
job-core	Install Node.js	2025-03-28T09:08:37.4379810Z   always-auth: false
job-core	Install Node.js	2025-03-28T09:08:37.4380131Z   check-latest: false
job-core	Install Node.js	2025-03-28T09:08:37.4380729Z   token: ***
job-core	Install Node.js	2025-03-28T09:08:37.4381023Z env:
job-core	Install Node.js	2025-03-28T09:08:37.4381316Z   KAOS_MODULE: [Ka0S] JSONLINT
job-core	Install Node.js	2025-03-28T09:08:37.4381798Z   GH_TOKEN: ***
job-core	Install Node.js	2025-03-28T09:08:37.4382154Z   KAOS_JSONLINT_CONFIG: core/config/.jsonlint.json
job-core	Install Node.js	2025-03-28T09:08:37.4382600Z   KAOS_PATH_RESUME: core/outputs/j/
job-core	Install Node.js	2025-03-28T09:08:37.4383020Z   KAOS_REPO: /actions-runner/_work/kaos/kaos
job-core	Install Node.js	2025-03-28T09:08:37.4383440Z   KAOS_STEP_MODULE: 
job-core	Install Node.js	2025-03-28T09:08:37.4383998Z   KAOS_CODE: 14125416930
job-core	Install Node.js	2025-03-28T09:08:37.4384367Z   KAOS_REF_BRANCH: main
job-core	Install Node.js	2025-03-28T09:08:37.4384681Z ##[endgroup]
job-core	Install Node.js	2025-03-28T09:08:37.6581154Z Found in cache @ /actions-runner/_work/_tool/node/14.21.3/x64
job-core	Install jsonlint	﻿2025-03-28T09:08:37.6793560Z ##[group]Run if ! command -v jsonlint &> /dev/null; then
job-core	Install jsonlint	2025-03-28T09:08:37.6795321Z [36;1mif ! command -v jsonlint &> /dev/null; then[0m
job-core	Install jsonlint	2025-03-28T09:08:37.6796117Z [36;1m  echo "Installing jsonlint..."[0m
job-core	Install jsonlint	2025-03-28T09:08:37.6796801Z [36;1m  npm install -g jsonlint[0m
job-core	Install jsonlint	2025-03-28T09:08:37.6797719Z [36;1melse[0m
job-core	Install jsonlint	2025-03-28T09:08:37.6798410Z [36;1m  echo "jsonlint already installed, skipping installation"[0m
job-core	Install jsonlint	2025-03-28T09:08:37.6799230Z [36;1mfi[0m
job-core	Install jsonlint	2025-03-28T09:08:37.6799766Z [36;1mmkdir -p core/outputs/j/[0m
job-core	Install jsonlint	2025-03-28T09:08:37.6824686Z shell: /usr/bin/bash -e {0}
job-core	Install jsonlint	2025-03-28T09:08:37.6825570Z env:
job-core	Install jsonlint	2025-03-28T09:08:37.6826040Z   KAOS_MODULE: [Ka0S] JSONLINT
job-core	Install jsonlint	2025-03-28T09:08:37.6827180Z   GH_TOKEN: ***
job-core	Install jsonlint	2025-03-28T09:08:37.6827774Z   KAOS_JSONLINT_CONFIG: core/config/.jsonlint.json
job-core	Install jsonlint	2025-03-28T09:08:37.6828467Z   KAOS_PATH_RESUME: core/outputs/j/
job-core	Install jsonlint	2025-03-28T09:08:37.6829196Z   KAOS_REPO: /actions-runner/_work/kaos/kaos
job-core	Install jsonlint	2025-03-28T09:08:37.6829880Z   KAOS_STEP_MODULE: 
job-core	Install jsonlint	2025-03-28T09:08:37.6830487Z   KAOS_CODE: 14125416930
job-core	Install jsonlint	2025-03-28T09:08:37.6831027Z   KAOS_REF_BRANCH: main
job-core	Install jsonlint	2025-03-28T09:08:37.6831583Z ##[endgroup]
job-core	Install jsonlint	2025-03-28T09:08:37.6939426Z jsonlint already installed, skipping installation
job-core	Check JSON	﻿2025-03-28T09:08:37.7001819Z ##[group]Run # Invocamos la primera comprobación de base, sino se supera el proceso no continua
job-core	Check JSON	2025-03-28T09:08:37.7002899Z [36;1m# Invocamos la primera comprobación de base, sino se supera el proceso no continua[0m
job-core	Check JSON	2025-03-28T09:08:37.7003547Z [36;1m# Extraemos el nombre del fichero[0m
job-core	Check JSON	2025-03-28T09:08:37.7004192Z [36;1mfile_name=$(basename "core/outputs/i/13242013438.json")[0m
job-core	Check JSON	2025-03-28T09:08:37.7004732Z [36;1m# Generamos el fichero de resultados vacio[0m
job-core	Check JSON	2025-03-28T09:08:37.7005289Z [36;1mtouch core/outputs/j/jsonlint-results-14125416930.txt[0m
job-core	Check JSON	2025-03-28T09:08:37.7005833Z [36;1m# Realizamos el check del documento json [0m
job-core	Check JSON	2025-03-28T09:08:37.7006525Z [36;1mjsonlint core/outputs/i/13242013438.json > core/outputs/j/jsonlint-results-14125416930.txt[0m
job-core	Check JSON	2025-03-28T09:08:37.7007283Z [36;1m# esto es un workarround importante que hay que retirar[0m
job-core	Check JSON	2025-03-28T09:08:37.7007900Z [36;1m#rm -rf core/outputs/j/jsonlint-results-14125416930.txt[0m
job-core	Check JSON	2025-03-28T09:08:37.7008388Z [36;1m# a retirar[0m
job-core	Check JSON	2025-03-28T09:08:37.7008823Z [36;1m# Check if exist errors in file[0m
job-core	Check JSON	2025-03-28T09:08:37.7009438Z [36;1mecho "Mostramos fichero"[0m
job-core	Check JSON	2025-03-28T09:08:37.7009922Z [36;1mcat core/outputs/j/jsonlint-results-14125416930.txt[0m
job-core	Check JSON	2025-03-28T09:08:37.7010555Z [36;1mif [ ! -s core/outputs/j/jsonlint-results-14125416930.txt ]; then[0m
job-core	Check JSON	2025-03-28T09:08:37.7011351Z [36;1m  echo "File core/outputs/j/jsonlint-results-14125416930.txt is empty and is content correct"[0m
job-core	Check JSON	2025-03-28T09:08:37.7012887Z [36;1m  KAOS_ISSUE_BODY="The [Ka0S] JSONLINT process (14125357755) launch the check (14125416930) over file (core/outputs/i/13242013438.json) and its result has been SUCCESS. Please review all files implicated in pull request and approve to merge"[0m
job-core	Check JSON	2025-03-28T09:08:37.7014434Z [36;1m  # Añadimos la versión de jsonlint con la que se realiza la comprobacion[0m
job-core	Check JSON	2025-03-28T09:08:37.7109400Z [36;1m  jsonlint --version >> core/outputs/j/jsonlint-results-14125416930.txt[0m
job-core	Check JSON	2025-03-28T09:08:37.7111381Z [36;1m  # añadimos el nombre del fichero que vamos a comprobar[0m
job-core	Check JSON	2025-03-28T09:08:37.7113002Z [36;1m  echo "Finding: core/outputs/i/13242013438.json" >> core/outputs/j/jsonlint-results-14125416930.txt[0m
job-core	Check JSON	2025-03-28T09:08:37.7115320Z [36;1m  # gh workflow run issue.yaml --ref main -f kaos-issue-title="" -f kaos-issue-body="$KAOS_ISSUE_BODY" -f kaos-issue-actions=comment -f kaos-issue-tag="" -f kaos-issue-id=220[0m
job-core	Check JSON	2025-03-28T09:08:37.7117430Z [36;1m  gh issue comment  220 -F core/outputs/j/jsonlint-results-14125416930.txt[0m
job-core	Check JSON	2025-03-28T09:08:37.7118480Z [36;1melse[0m
job-core	Check JSON	2025-03-28T09:08:37.7119183Z [36;1m  cat core/outputs/j/jsonlint-results-14125416930.txt[0m
job-core	Check JSON	2025-03-28T09:08:37.7120926Z [36;1m  echo "File core/outputs/j/jsonlint-results-14125416930.txt is not empty and is content not correct and write commit info"[0m
job-core	Check JSON	2025-03-28T09:08:37.7123672Z [36;1m  KAOS_ISSUE_BODY="The [Ka0S] JSONLINT process (14125357755) launch the check (14125416930) over file (core/outputs/i/13242013438.json) and its result has been FAILED, please check and solved it"[0m
job-core	Check JSON	2025-03-28T09:08:37.7127202Z [36;1m  # Añadimos la versión de jsonlint con la que se realiza la comprobacion[0m
job-core	Check JSON	2025-03-28T09:08:37.7128588Z [36;1m  # jsonlint --version || true >> core/outputs/j/jsonlint-results-14125416930.txt[0m
job-core	Check JSON	2025-03-28T09:08:37.7130028Z [36;1m  # añadimos el nombre del fichero que vamos a comprobar[0m
job-core	Check JSON	2025-03-28T09:08:37.7131458Z [36;1m  echo "Finding: core/outputs/i/13242013438.json" >> core/outputs/j/jsonlint-results-14125416930.txt[0m
job-core	Check JSON	2025-03-28T09:08:37.7134626Z [36;1m  # gh workflow run issue.yaml --ref main -f kaos-issue-title="" -f kaos-issue-body="$KAOS_ISSUE_BODY" -f kaos-issue-actions=comment -f kaos-issue-tag="" -f kaos-issue-id=220 [0m
job-core	Check JSON	2025-03-28T09:08:37.7135869Z [36;1m  gh issue comment  220 -F core/outputs/j/jsonlint-results-14125416930.txt[0m
job-core	Check JSON	2025-03-28T09:08:37.7136465Z [36;1mfi[0m
job-core	Check JSON	2025-03-28T09:08:37.7148055Z shell: /usr/bin/bash -e {0}
job-core	Check JSON	2025-03-28T09:08:37.7148466Z env:
job-core	Check JSON	2025-03-28T09:08:37.7148772Z   KAOS_MODULE: [Ka0S] JSONLINT
job-core	Check JSON	2025-03-28T09:08:37.7149811Z   GH_TOKEN: ***
job-core	Check JSON	2025-03-28T09:08:37.7150196Z   KAOS_JSONLINT_CONFIG: core/config/.jsonlint.json
job-core	Check JSON	2025-03-28T09:08:37.7150667Z   KAOS_PATH_RESUME: core/outputs/j/
job-core	Check JSON	2025-03-28T09:08:37.7151102Z   KAOS_REPO: /actions-runner/_work/kaos/kaos
job-core	Check JSON	2025-03-28T09:08:37.7151602Z   KAOS_STEP_MODULE: 
job-core	Check JSON	2025-03-28T09:08:37.7151958Z   KAOS_CODE: 14125416930
job-core	Check JSON	2025-03-28T09:08:37.7152319Z   KAOS_REF_BRANCH: main
job-core	Check JSON	2025-03-28T09:08:37.7152651Z ##[endgroup]
job-core	Check JSON	2025-03-28T09:08:37.9071740Z Mostramos fichero
job-core	Check JSON	2025-03-28T09:08:37.9087612Z {
job-core	Check JSON	2025-03-28T09:08:37.9088539Z   "attempt": 1,
job-core	Check JSON	2025-03-28T09:08:37.9089222Z   "conclusion": "success",
job-core	Check JSON	2025-03-28T09:08:37.9090049Z   "createdAt": "2025-02-10T13:30:07Z",
job-core	Check JSON	2025-03-28T09:08:37.9091264Z   "databaseId": 13242013438,
job-core	Check JSON	2025-03-28T09:08:37.9093052Z   "displayTitle": "[Ka0S] Uploading resume execution files to the repository...",
job-core	Check JSON	2025-03-28T09:08:37.9096356Z   "event": "push",
job-core	Check JSON	2025-03-28T09:08:37.9097753Z   "headBranch": "main",
job-core	Check JSON	2025-03-28T09:08:37.9098966Z   "headSha": "f156d33f97adb586ac20a78774af01e08ed0e9e0",
job-core	Check JSON	2025-03-28T09:08:37.9100299Z   "jobs": [
job-core	Check JSON	2025-03-28T09:08:37.9100945Z     {
job-core	Check JSON	2025-03-28T09:08:37.9101786Z       "completedAt": "2025-02-10T13:30:23Z",
job-core	Check JSON	2025-03-28T09:08:37.9103020Z       "conclusion": "success",
job-core	Check JSON	2025-03-28T09:08:37.9104399Z       "databaseId": 36959317089,
job-core	Check JSON	2025-03-28T09:08:37.9105508Z       "name": "job-core",
job-core	Check JSON	2025-03-28T09:08:37.9106751Z       "startedAt": "2025-02-10T13:30:15Z",
job-core	Check JSON	2025-03-28T09:08:37.9107949Z       "status": "completed",
job-core	Check JSON	2025-03-28T09:08:37.9108894Z       "steps": [
job-core	Check JSON	2025-03-28T09:08:37.9110129Z         {
job-core	Check JSON	2025-03-28T09:08:37.9111556Z           "completedAt": "2025-02-10T13:30:15Z",
job-core	Check JSON	2025-03-28T09:08:37.9112514Z           "conclusion": "success",
job-core	Check JSON	2025-03-28T09:08:37.9113401Z           "name": "Set up job",
job-core	Check JSON	2025-03-28T09:08:37.9114480Z           "number": 1,
job-core	Check JSON	2025-03-28T09:08:37.9115663Z           "startedAt": "2025-02-10T13:30:14Z",
job-core	Check JSON	2025-03-28T09:08:37.9117228Z           "status": "completed"
job-core	Check JSON	2025-03-28T09:08:37.9118238Z         },
job-core	Check JSON	2025-03-28T09:08:37.9119789Z         {
job-core	Check JSON	2025-03-28T09:08:37.9121327Z           "completedAt": "2025-02-10T13:30:16Z",
job-core	Check JSON	2025-03-28T09:08:37.9123438Z           "conclusion": "success",
job-core	Check JSON	2025-03-28T09:08:37.9124641Z           "name": "Checkout code",
job-core	Check JSON	2025-03-28T09:08:37.9125519Z           "number": 2,
job-core	Check JSON	2025-03-28T09:08:37.9126749Z           "startedAt": "2025-02-10T13:30:15Z",
job-core	Check JSON	2025-03-28T09:08:37.9127835Z           "status": "completed"
job-core	Check JSON	2025-03-28T09:08:37.9128824Z         },
job-core	Check JSON	2025-03-28T09:08:37.9129587Z         {
job-core	Check JSON	2025-03-28T09:08:37.9130669Z           "completedAt": "2025-02-10T13:30:17Z",
job-core	Check JSON	2025-03-28T09:08:37.9131930Z           "conclusion": "success",
job-core	Check JSON	2025-03-28T09:08:37.9132920Z           "name": "Validate file extensions",
job-core	Check JSON	2025-03-28T09:08:37.9134326Z           "number": 3,
job-core	Check JSON	2025-03-28T09:08:37.9135663Z           "startedAt": "2025-02-10T13:30:17Z",
job-core	Check JSON	2025-03-28T09:08:37.9137358Z           "status": "completed"
job-core	Check JSON	2025-03-28T09:08:37.9138233Z         },
job-core	Check JSON	2025-03-28T09:08:37.9138973Z         {
job-core	Check JSON	2025-03-28T09:08:37.9139853Z           "completedAt": "2025-02-10T13:30:17Z",
job-core	Check JSON	2025-03-28T09:08:37.9140710Z           "conclusion": "success",
job-core	Check JSON	2025-03-28T09:08:37.9141472Z           "name": "Crear JSON",
job-core	Check JSON	2025-03-28T09:08:37.9142328Z           "number": 4,
job-core	Check JSON	2025-03-28T09:08:37.9143372Z           "startedAt": "2025-02-10T13:30:17Z",
job-core	Check JSON	2025-03-28T09:08:37.9144734Z           "status": "completed"
job-core	Check JSON	2025-03-28T09:08:37.9145547Z         },
job-core	Check JSON	2025-03-28T09:08:37.9146264Z         {
job-core	Check JSON	2025-03-28T09:08:37.9147165Z           "completedAt": "2025-02-10T13:30:17Z",
job-core	Check JSON	2025-03-28T09:08:37.9148831Z           "conclusion": "success",
job-core	Check JSON	2025-03-28T09:08:37.9149911Z           "name": "Ver JSON",
job-core	Check JSON	2025-03-28T09:08:37.9150889Z           "number": 5,
job-core	Check JSON	2025-03-28T09:08:37.9152066Z           "startedAt": "2025-02-10T13:30:17Z",
job-core	Check JSON	2025-03-28T09:08:37.9153350Z           "status": "completed"
job-core	Check JSON	2025-03-28T09:08:37.9154382Z         },
job-core	Check JSON	2025-03-28T09:08:37.9155272Z         {
job-core	Check JSON	2025-03-28T09:08:37.9156178Z           "completedAt": "2025-02-10T13:30:17Z",
job-core	Check JSON	2025-03-28T09:08:37.9157257Z           "conclusion": "success",
job-core	Check JSON	2025-03-28T09:08:37.9158995Z           "name": "Run # Nuevo proceso de activacion de los modulos",
job-core	Check JSON	2025-03-28T09:08:37.9160239Z           "number": 6,
job-core	Check JSON	2025-03-28T09:08:37.9161277Z           "startedAt": "2025-02-10T13:30:17Z",
job-core	Check JSON	2025-03-28T09:08:37.9162235Z           "status": "completed"
job-core	Check JSON	2025-03-28T09:08:37.9162955Z         },
job-core	Check JSON	2025-03-28T09:08:37.9163525Z         {
job-core	Check JSON	2025-03-28T09:08:37.9164440Z           "completedAt": "2025-02-10T13:30:17Z",
job-core	Check JSON	2025-03-28T09:08:37.9165512Z           "conclusion": "success",
job-core	Check JSON	2025-03-28T09:08:37.9166732Z           "name": "Post Checkout code",
job-core	Check JSON	2025-03-28T09:08:37.9167702Z           "number": 12,
job-core	Check JSON	2025-03-28T09:08:37.9168686Z           "startedAt": "2025-02-10T13:30:17Z",
job-core	Check JSON	2025-03-28T09:08:37.9169761Z           "status": "completed"
job-core	Check JSON	2025-03-28T09:08:37.9170527Z         },
job-core	Check JSON	2025-03-28T09:08:37.9171239Z         {
job-core	Check JSON	2025-03-28T09:08:37.9172152Z           "completedAt": "2025-02-10T13:30:17Z",
job-core	Check JSON	2025-03-28T09:08:37.9173340Z           "conclusion": "success",
job-core	Check JSON	2025-03-28T09:08:37.9176467Z           "name": "Complete job",
job-core	Check JSON	2025-03-28T09:08:37.9177204Z           "number": 13,
job-core	Check JSON	2025-03-28T09:08:37.9178049Z           "startedAt": "2025-02-10T13:30:17Z",
job-core	Check JSON	2025-03-28T09:08:37.9179052Z           "status": "completed"
job-core	Check JSON	2025-03-28T09:08:37.9179790Z         }
job-core	Check JSON	2025-03-28T09:08:37.9180400Z       ],
job-core	Check JSON	2025-03-28T09:08:37.9181617Z       "url": "https://github.com/Ka0s-Klaus/ka0s/actions/runs/13242013438/job/36959317089"
job-core	Check JSON	2025-03-28T09:08:37.9182899Z     },
job-core	Check JSON	2025-03-28T09:08:37.9183566Z     {
job-core	Check JSON	2025-03-28T09:08:37.9184754Z       "completedAt": "2025-02-10T13:30:34Z",
job-core	Check JSON	2025-03-28T09:08:37.9204468Z       "conclusion": "success",
job-core	Check JSON	2025-03-28T09:08:37.9205765Z       "databaseId": 36959334121,
job-core	Check JSON	2025-03-28T09:08:37.9206650Z       "name": "handle-success",
job-core	Check JSON	2025-03-28T09:08:37.9207590Z       "startedAt": "2025-02-10T13:30:30Z",
job-core	Check JSON	2025-03-28T09:08:37.9208561Z       "status": "completed",
job-core	Check JSON	2025-03-28T09:08:37.9209312Z       "steps": [
job-core	Check JSON	2025-03-28T09:08:37.9209911Z         {
job-core	Check JSON	2025-03-28T09:08:37.9210691Z           "completedAt": "2025-02-10T13:30:29Z",
job-core	Check JSON	2025-03-28T09:08:37.9211629Z           "conclusion": "success",
job-core	Check JSON	2025-03-28T09:08:37.9212535Z           "name": "Set up job",
job-core	Check JSON	2025-03-28T09:08:37.9213250Z           "number": 1,
job-core	Check JSON	2025-03-28T09:08:37.9214336Z           "startedAt": "2025-02-10T13:30:29Z",
job-core	Check JSON	2025-03-28T09:08:37.9215366Z           "status": "completed"
job-core	Check JSON	2025-03-28T09:08:37.9216109Z         },
job-core	Check JSON	2025-03-28T09:08:37.9216661Z         {
job-core	Check JSON	2025-03-28T09:08:37.9217400Z           "completedAt": "2025-02-10T13:30:30Z",
job-core	Check JSON	2025-03-28T09:08:37.9218290Z           "conclusion": "success",
job-core	Check JSON	2025-03-28T09:08:37.9219261Z           "name": "handle-success-execution",
job-core	Check JSON	2025-03-28T09:08:37.9220159Z           "number": 2,
job-core	Check JSON	2025-03-28T09:08:37.9221006Z           "startedAt": "2025-02-10T13:30:29Z",
job-core	Check JSON	2025-03-28T09:08:37.9221875Z           "status": "completed"
job-core	Check JSON	2025-03-28T09:08:37.9223045Z         },
job-core	Check JSON	2025-03-28T09:08:37.9223575Z         {
job-core	Check JSON	2025-03-28T09:08:37.9224472Z           "completedAt": "2025-02-10T13:30:30Z",
job-core	Check JSON	2025-03-28T09:08:37.9225405Z           "conclusion": "success",
job-core	Check JSON	2025-03-28T09:08:37.9226253Z           "name": "Complete job",
job-core	Check JSON	2025-03-28T09:08:37.9227036Z           "number": 3,
job-core	Check JSON	2025-03-28T09:08:37.9227816Z           "startedAt": "2025-02-10T13:30:30Z",
job-core	Check JSON	2025-03-28T09:08:37.9228701Z           "status": "completed"
job-core	Check JSON	2025-03-28T09:08:37.9229508Z         }
job-core	Check JSON	2025-03-28T09:08:37.9230042Z       ],
job-core	Check JSON	2025-03-28T09:08:37.9231232Z       "url": "https://github.com/Ka0s-Klaus/ka0s/actions/runs/13242013438/job/36959334121"
job-core	Check JSON	2025-03-28T09:08:37.9232407Z     },
job-core	Check JSON	2025-03-28T09:08:37.9232982Z     {
job-core	Check JSON	2025-03-28T09:08:37.9233722Z       "completedAt": "2025-02-10T13:30:35Z",
job-core	Check JSON	2025-03-28T09:08:37.9234760Z       "conclusion": "skipped",
job-core	Check JSON	2025-03-28T09:08:37.9235641Z       "databaseId": 36959345327,
job-core	Check JSON	2025-03-28T09:08:37.9236532Z       "name": "handle_failure",
job-core	Check JSON	2025-03-28T09:08:37.9237393Z       "startedAt": "2025-02-10T13:30:35Z",
job-core	Check JSON	2025-03-28T09:08:37.9238226Z       "status": "completed",
job-core	Check JSON	2025-03-28T09:08:37.9238955Z       "steps": [],
job-core	Check JSON	2025-03-28T09:08:37.9240633Z       "url": "https://github.com/Ka0s-Klaus/ka0s/actions/runs/13242013438/job/36959345327"
job-core	Check JSON	2025-03-28T09:08:37.9241757Z     },
job-core	Check JSON	2025-03-28T09:08:37.9242289Z     {
job-core	Check JSON	2025-03-28T09:08:37.9243039Z       "completedAt": "2025-02-10T13:30:47Z",
job-core	Check JSON	2025-03-28T09:08:37.9244074Z       "conclusion": "success",
job-core	Check JSON	2025-03-28T09:08:37.9244844Z       "databaseId": 36959345753,
job-core	Check JSON	2025-03-28T09:08:37.9245575Z       "name": "end-workflow",
job-core	Check JSON	2025-03-28T09:08:37.9246431Z       "startedAt": "2025-02-10T13:30:41Z",
job-core	Check JSON	2025-03-28T09:08:37.9247236Z       "status": "completed",
job-core	Check JSON	2025-03-28T09:08:37.9247934Z       "steps": [
job-core	Check JSON	2025-03-28T09:08:37.9248550Z         {
job-core	Check JSON	2025-03-28T09:08:37.9249230Z           "completedAt": "2025-02-10T13:30:41Z",
job-core	Check JSON	2025-03-28T09:08:37.9250157Z           "conclusion": "success",
job-core	Check JSON	2025-03-28T09:08:37.9250987Z           "name": "Set up job",
job-core	Check JSON	2025-03-28T09:08:37.9251668Z           "number": 1,
job-core	Check JSON	2025-03-28T09:08:37.9252482Z           "startedAt": "2025-02-10T13:30:40Z",
job-core	Check JSON	2025-03-28T09:08:37.9253334Z           "status": "completed"
job-core	Check JSON	2025-03-28T09:08:37.9254290Z         },
job-core	Check JSON	2025-03-28T09:08:37.9254859Z         {
job-core	Check JSON	2025-03-28T09:08:37.9255733Z           "completedAt": "2025-02-10T13:30:42Z",
job-core	Check JSON	2025-03-28T09:08:37.9257074Z           "conclusion": "success",
job-core	Check JSON	2025-03-28T09:08:37.9257944Z           "name": "Checkout code",
job-core	Check JSON	2025-03-28T09:08:37.9258642Z           "number": 2,
job-core	Check JSON	2025-03-28T09:08:37.9259422Z           "startedAt": "2025-02-10T13:30:41Z",
job-core	Check JSON	2025-03-28T09:08:37.9260273Z           "status": "completed"
job-core	Check JSON	2025-03-28T09:08:37.9260974Z         },
job-core	Check JSON	2025-03-28T09:08:37.9261540Z         {
job-core	Check JSON	2025-03-28T09:08:37.9262236Z           "completedAt": "2025-02-10T13:30:43Z",
job-core	Check JSON	2025-03-28T09:08:37.9263174Z           "conclusion": "success",
job-core	Check JSON	2025-03-28T09:08:37.9264159Z           "name": "Finaliza el workflow",
job-core	Check JSON	2025-03-28T09:08:37.9264995Z           "number": 3,
job-core	Check JSON	2025-03-28T09:08:37.9265772Z           "startedAt": "2025-02-10T13:30:42Z",
job-core	Check JSON	2025-03-28T09:08:37.9266702Z           "status": "completed"
job-core	Check JSON	2025-03-28T09:08:37.9267393Z         },
job-core	Check JSON	2025-03-28T09:08:37.9267981Z         {
job-core	Check JSON	2025-03-28T09:08:37.9268657Z           "completedAt": "2025-02-10T13:30:47Z",
job-core	Check JSON	2025-03-28T09:08:37.9269592Z           "conclusion": "success",
job-core	Check JSON	2025-03-28T09:08:37.9270437Z           "name": "Post Checkout code",
job-core	Check JSON	2025-03-28T09:08:37.9271253Z           "number": 6,
job-core	Check JSON	2025-03-28T09:08:37.9272028Z           "startedAt": "2025-02-10T13:30:47Z",
job-core	Check JSON	2025-03-28T09:08:37.9272887Z           "status": "completed"
job-core	Check JSON	2025-03-28T09:08:37.9273553Z         },
job-core	Check JSON	2025-03-28T09:08:37.9274293Z         {
job-core	Check JSON	2025-03-28T09:08:37.9274994Z           "completedAt": "2025-02-10T13:30:43Z",
job-core	Check JSON	2025-03-28T09:08:37.9275946Z           "conclusion": "success",
job-core	Check JSON	2025-03-28T09:08:37.9276794Z           "name": "Complete job",
job-core	Check JSON	2025-03-28T09:08:37.9277517Z           "number": 7,
job-core	Check JSON	2025-03-28T09:08:37.9278260Z           "startedAt": "2025-02-10T13:30:43Z",
job-core	Check JSON	2025-03-28T09:08:37.9279224Z           "status": "completed"
job-core	Check JSON	2025-03-28T09:08:37.9280442Z         }
job-core	Check JSON	2025-03-28T09:08:37.9290576Z       ],
job-core	Check JSON	2025-03-28T09:08:37.9292090Z       "url": "https://github.com/Ka0s-Klaus/ka0s/actions/runs/13242013438/job/36959345753"
job-core	Check JSON	2025-03-28T09:08:37.9293290Z     }
job-core	Check JSON	2025-03-28T09:08:37.9294432Z   ],
job-core	Check JSON	2025-03-28T09:08:37.9295034Z   "name": "Ka0s",
job-core	Check JSON	2025-03-28T09:08:37.9295653Z   "number": 159,
job-core	Check JSON	2025-03-28T09:08:37.9296421Z   "startedAt": "2025-02-10T13:30:07Z",
job-core	Check JSON	2025-03-28T09:08:37.9297200Z   "status": "completed",
job-core	Check JSON	2025-03-28T09:08:37.9297985Z   "updatedAt": "2025-02-10T13:30:48Z",
job-core	Check JSON	2025-03-28T09:08:37.9299128Z   "url": "https://github.com/Ka0s-Klaus/ka0s/actions/runs/13242013438",
job-core	Check JSON	2025-03-28T09:08:37.9300263Z   "workflowDatabaseId": 142022472,
job-core	Check JSON	2025-03-28T09:08:37.9301017Z   "workflowName": "Ka0s"
job-core	Check JSON	2025-03-28T09:08:37.9301725Z }
job-core	Check JSON	2025-03-28T09:08:37.9302297Z {
job-core	Check JSON	2025-03-28T09:08:37.9302885Z   "attempt": 1,
job-core	Check JSON	2025-03-28T09:08:37.9303501Z   "conclusion": "success",
job-core	Check JSON	2025-03-28T09:08:37.9304460Z   "createdAt": "2025-02-10T13:30:07Z",
job-core	Check JSON	2025-03-28T09:08:37.9305426Z   "databaseId": 13242013438,
job-core	Check JSON	2025-03-28T09:08:37.9306669Z   "displayTitle": "[Ka0S] Uploading resume execution files to the repository...",
job-core	Check JSON	2025-03-28T09:08:37.9308308Z   "event": "push",
job-core	Check JSON	2025-03-28T09:08:37.9308956Z   "headBranch": "main",
job-core	Check JSON	2025-03-28T09:08:37.9309868Z   "headSha": "f156d33f97adb586ac20a78774af01e08ed0e9e0",
job-core	Check JSON	2025-03-28T09:08:37.9310759Z   "jobs": [
job-core	Check JSON	2025-03-28T09:08:37.9311286Z     {
job-core	Check JSON	2025-03-28T09:08:37.9311935Z       "completedAt": "2025-02-10T13:30:23Z",
job-core	Check JSON	2025-03-28T09:08:37.9312802Z       "conclusion": "success",
job-core	Check JSON	2025-03-28T09:08:37.9313577Z       "databaseId": 36959317089,
job-core	Check JSON	2025-03-28T09:08:37.9314473Z       "name": "job-core",
job-core	Check JSON	2025-03-28T09:08:37.9315246Z       "startedAt": "2025-02-10T13:30:15Z",
job-core	Check JSON	2025-03-28T09:08:37.9316036Z       "status": "completed",
job-core	Check JSON	2025-03-28T09:08:37.9316788Z       "steps": [
job-core	Check JSON	2025-03-28T09:08:37.9317357Z         {
job-core	Check JSON	2025-03-28T09:08:37.9318002Z           "completedAt": "2025-02-10T13:30:15Z",
job-core	Check JSON	2025-03-28T09:08:37.9318877Z           "conclusion": "success",
job-core	Check JSON	2025-03-28T09:08:37.9319761Z           "name": "Set up job",
job-core	Check JSON	2025-03-28T09:08:37.9320568Z           "number": 1,
job-core	Check JSON	2025-03-28T09:08:37.9321384Z           "startedAt": "2025-02-10T13:30:14Z",
job-core	Check JSON	2025-03-28T09:08:37.9322309Z           "status": "completed"
job-core	Check JSON	2025-03-28T09:08:37.9323052Z         },
job-core	Check JSON	2025-03-28T09:08:37.9323628Z         {
job-core	Check JSON	2025-03-28T09:08:37.9324583Z           "completedAt": "2025-02-10T13:30:16Z",
job-core	Check JSON	2025-03-28T09:08:37.9325385Z           "conclusion": "success",
job-core	Check JSON	2025-03-28T09:08:37.9326199Z           "name": "Checkout code",
job-core	Check JSON	2025-03-28T09:08:37.9326842Z           "number": 2,
job-core	Check JSON	2025-03-28T09:08:37.9327704Z           "startedAt": "2025-02-10T13:30:15Z",
job-core	Check JSON	2025-03-28T09:08:37.9328598Z           "status": "completed"
job-core	Check JSON	2025-03-28T09:08:37.9329274Z         },
job-core	Check JSON	2025-03-28T09:08:37.9329825Z         {
job-core	Check JSON	2025-03-28T09:08:37.9330465Z           "completedAt": "2025-02-10T13:30:17Z",
job-core	Check JSON	2025-03-28T09:08:37.9332088Z           "conclusion": "success",
job-core	Check JSON	2025-03-28T09:08:37.9333490Z           "name": "Validate file extensions",
job-core	Check JSON	2025-03-28T09:08:37.9341882Z           "number": 3,
job-core	Check JSON	2025-03-28T09:08:37.9343082Z           "startedAt": "2025-02-10T13:30:17Z",
job-core	Check JSON	2025-03-28T09:08:37.9344355Z           "status": "completed"
job-core	Check JSON	2025-03-28T09:08:37.9345008Z         },
job-core	Check JSON	2025-03-28T09:08:37.9345538Z         {
job-core	Check JSON	2025-03-28T09:08:37.9346388Z           "completedAt": "2025-02-10T13:30:17Z",
job-core	Check JSON	2025-03-28T09:08:37.9347257Z           "conclusion": "success",
job-core	Check JSON	2025-03-28T09:08:37.9348061Z           "name": "Crear JSON",
job-core	Check JSON	2025-03-28T09:08:37.9348759Z           "number": 4,
job-core	Check JSON	2025-03-28T09:08:37.9349489Z           "startedAt": "2025-02-10T13:30:17Z",
job-core	Check JSON	2025-03-28T09:08:37.9350335Z           "status": "completed"
job-core	Check JSON	2025-03-28T09:08:37.9350971Z         },
job-core	Check JSON	2025-03-28T09:08:37.9351475Z         {
job-core	Check JSON	2025-03-28T09:08:37.9352163Z           "completedAt": "2025-02-10T13:30:17Z",
job-core	Check JSON	2025-03-28T09:08:37.9353063Z           "conclusion": "success",
job-core	Check JSON	2025-03-28T09:08:37.9353893Z           "name": "Ver JSON",
job-core	Check JSON	2025-03-28T09:08:37.9354560Z           "number": 5,
job-core	Check JSON	2025-03-28T09:08:37.9355763Z           "startedAt": "2025-02-10T13:30:17Z",
job-core	Check JSON	2025-03-28T09:08:37.9356871Z           "status": "completed"
job-core	Check JSON	2025-03-28T09:08:37.9358032Z         },
job-core	Check JSON	2025-03-28T09:08:37.9366311Z         {
job-core	Check JSON	2025-03-28T09:08:37.9366902Z           "completedAt": "2025-02-10T13:30:17Z",
job-core	Check JSON	2025-03-28T09:08:37.9367366Z           "conclusion": "success",
job-core	Check JSON	2025-03-28T09:08:37.9367891Z           "name": "Run # Nuevo proceso de activacion de los modulos",
job-core	Check JSON	2025-03-28T09:08:37.9368359Z           "number": 6,
job-core	Check JSON	2025-03-28T09:08:37.9368739Z           "startedAt": "2025-02-10T13:30:17Z",
job-core	Check JSON	2025-03-28T09:08:37.9369204Z           "status": "completed"
job-core	Check JSON	2025-03-28T09:08:37.9369549Z         },
job-core	Check JSON	2025-03-28T09:08:37.9369822Z         {
job-core	Check JSON	2025-03-28T09:08:37.9370169Z           "completedAt": "2025-02-10T13:30:17Z",
job-core	Check JSON	2025-03-28T09:08:37.9370602Z           "conclusion": "success",
job-core	Check JSON	2025-03-28T09:08:37.9371022Z           "name": "Post Checkout code",
job-core	Check JSON	2025-03-28T09:08:37.9371415Z           "number": 12,
job-core	Check JSON	2025-03-28T09:08:37.9371801Z           "startedAt": "2025-02-10T13:30:17Z",
job-core	Check JSON	2025-03-28T09:08:37.9372260Z           "status": "completed"
job-core	Check JSON	2025-03-28T09:08:37.9372610Z         },
job-core	Check JSON	2025-03-28T09:08:37.9372892Z         {
job-core	Check JSON	2025-03-28T09:08:37.9373635Z           "completedAt": "2025-02-10T13:30:17Z",
job-core	Check JSON	2025-03-28T09:08:37.9374288Z           "conclusion": "success",
job-core	Check JSON	2025-03-28T09:08:37.9374706Z           "name": "Complete job",
job-core	Check JSON	2025-03-28T09:08:37.9375074Z           "number": 13,
job-core	Check JSON	2025-03-28T09:08:37.9375463Z           "startedAt": "2025-02-10T13:30:17Z",
job-core	Check JSON	2025-03-28T09:08:37.9375898Z           "status": "completed"
job-core	Check JSON	2025-03-28T09:08:37.9376243Z         }
job-core	Check JSON	2025-03-28T09:08:37.9376511Z       ],
job-core	Check JSON	2025-03-28T09:08:37.9377075Z       "url": "https://github.com/Ka0s-Klaus/ka0s/actions/runs/13242013438/job/36959317089"
job-core	Check JSON	2025-03-28T09:08:37.9377661Z     },
job-core	Check JSON	2025-03-28T09:08:37.9377924Z     {
job-core	Check JSON	2025-03-28T09:08:37.9378267Z       "completedAt": "2025-02-10T13:30:34Z",
job-core	Check JSON	2025-03-28T09:08:37.9378707Z       "conclusion": "success",
job-core	Check JSON	2025-03-28T09:08:37.9379102Z       "databaseId": 36959334121,
job-core	Check JSON	2025-03-28T09:08:37.9379521Z       "name": "handle-success",
job-core	Check JSON	2025-03-28T09:08:37.9379943Z       "startedAt": "2025-02-10T13:30:30Z",
job-core	Check JSON	2025-03-28T09:08:37.9380350Z       "status": "completed",
job-core	Check JSON	2025-03-28T09:08:37.9380713Z       "steps": [
job-core	Check JSON	2025-03-28T09:08:37.9381018Z         {
job-core	Check JSON	2025-03-28T09:08:37.9381373Z           "completedAt": "2025-02-10T13:30:29Z",
job-core	Check JSON	2025-03-28T09:08:37.9381819Z           "conclusion": "success",
job-core	Check JSON	2025-03-28T09:08:37.9382229Z           "name": "Set up job",
job-core	Check JSON	2025-03-28T09:08:37.9382593Z           "number": 1,
job-core	Check JSON	2025-03-28T09:08:37.9382969Z           "startedAt": "2025-02-10T13:30:29Z",
job-core	Check JSON	2025-03-28T09:08:37.9383400Z           "status": "completed"
job-core	Check JSON	2025-03-28T09:08:37.9383860Z         },
job-core	Check JSON	2025-03-28T09:08:37.9384151Z         {
job-core	Check JSON	2025-03-28T09:08:37.9384503Z           "completedAt": "2025-02-10T13:30:30Z",
job-core	Check JSON	2025-03-28T09:08:37.9384954Z           "conclusion": "success",
job-core	Check JSON	2025-03-28T09:08:37.9385395Z           "name": "handle-success-execution",
job-core	Check JSON	2025-03-28T09:08:37.9385805Z           "number": 2,
job-core	Check JSON	2025-03-28T09:08:37.9386211Z           "startedAt": "2025-02-10T13:30:29Z",
job-core	Check JSON	2025-03-28T09:08:37.9386637Z           "status": "completed"
job-core	Check JSON	2025-03-28T09:08:37.9386975Z         },
job-core	Check JSON	2025-03-28T09:08:37.9387254Z         {
job-core	Check JSON	2025-03-28T09:08:37.9387600Z           "completedAt": "2025-02-10T13:30:30Z",
job-core	Check JSON	2025-03-28T09:08:37.9388035Z           "conclusion": "success",
job-core	Check JSON	2025-03-28T09:08:37.9388444Z           "name": "Complete job",
job-core	Check JSON	2025-03-28T09:08:37.9388805Z           "number": 3,
job-core	Check JSON	2025-03-28T09:08:37.9389181Z           "startedAt": "2025-02-10T13:30:30Z",
job-core	Check JSON	2025-03-28T09:08:37.9389614Z           "status": "completed"
job-core	Check JSON	2025-03-28T09:08:37.9389958Z         }
job-core	Check JSON	2025-03-28T09:08:37.9390231Z       ],
job-core	Check JSON	2025-03-28T09:08:37.9390777Z       "url": "https://github.com/Ka0s-Klaus/ka0s/actions/runs/13242013438/job/36959334121"
job-core	Check JSON	2025-03-28T09:08:37.9391340Z     },
job-core	Check JSON	2025-03-28T09:08:37.9391608Z     {
job-core	Check JSON	2025-03-28T09:08:37.9391943Z       "completedAt": "2025-02-10T13:30:35Z",
job-core	Check JSON	2025-03-28T09:08:37.9392378Z       "conclusion": "skipped",
job-core	Check JSON	2025-03-28T09:08:37.9392772Z       "databaseId": 36959345327,
job-core	Check JSON	2025-03-28T09:08:37.9393423Z       "name": "handle_failure",
job-core	Check JSON	2025-03-28T09:08:37.9393921Z       "startedAt": "2025-02-10T13:30:35Z",
job-core	Check JSON	2025-03-28T09:08:37.9394342Z       "status": "completed",
job-core	Check JSON	2025-03-28T09:08:37.9394717Z       "steps": [],
job-core	Check JSON	2025-03-28T09:08:37.9395289Z       "url": "https://github.com/Ka0s-Klaus/ka0s/actions/runs/13242013438/job/36959345327"
job-core	Check JSON	2025-03-28T09:08:37.9401530Z     },
job-core	Check JSON	2025-03-28T09:08:37.9401913Z     {
job-core	Check JSON	2025-03-28T09:08:37.9402273Z       "completedAt": "2025-02-10T13:30:47Z",
job-core	Check JSON	2025-03-28T09:08:37.9402717Z       "conclusion": "success",
job-core	Check JSON	2025-03-28T09:08:37.9403123Z       "databaseId": 36959345753,
job-core	Check JSON	2025-03-28T09:08:37.9403488Z       "name": "end-workflow",
job-core	Check JSON	2025-03-28T09:08:37.9404021Z       "startedAt": "2025-02-10T13:30:41Z",
job-core	Check JSON	2025-03-28T09:08:37.9404423Z       "status": "completed",
job-core	Check JSON	2025-03-28T09:08:37.9404766Z       "steps": [
job-core	Check JSON	2025-03-28T09:08:37.9405057Z         {
job-core	Check JSON	2025-03-28T09:08:37.9405407Z           "completedAt": "2025-02-10T13:30:41Z",
job-core	Check JSON	2025-03-28T09:08:37.9405861Z           "conclusion": "success",
job-core	Check JSON	2025-03-28T09:08:37.9406272Z           "name": "Set up job",
job-core	Check JSON	2025-03-28T09:08:37.9406619Z           "number": 1,
job-core	Check JSON	2025-03-28T09:08:37.9407271Z           "startedAt": "2025-02-10T13:30:40Z",
job-core	Check JSON	2025-03-28T09:08:37.9407698Z           "status": "completed"
job-core	Check JSON	2025-03-28T09:08:37.9408229Z         },
job-core	Check JSON	2025-03-28T09:08:37.9408803Z         {
job-core	Check JSON	2025-03-28T09:08:37.9409155Z           "completedAt": "2025-02-10T13:30:42Z",
job-core	Check JSON	2025-03-28T09:08:37.9409597Z           "conclusion": "success",
job-core	Check JSON	2025-03-28T09:08:37.9410000Z           "name": "Checkout code",
job-core	Check JSON	2025-03-28T09:08:37.9410352Z           "number": 2,
job-core	Check JSON	2025-03-28T09:08:37.9410726Z           "startedAt": "2025-02-10T13:30:41Z",
job-core	Check JSON	2025-03-28T09:08:37.9411152Z           "status": "completed"
job-core	Check JSON	2025-03-28T09:08:37.9411496Z         },
job-core	Check JSON	2025-03-28T09:08:37.9411772Z         {
job-core	Check JSON	2025-03-28T09:08:37.9412116Z           "completedAt": "2025-02-10T13:30:43Z",
job-core	Check JSON	2025-03-28T09:08:37.9412552Z           "conclusion": "success",
job-core	Check JSON	2025-03-28T09:08:37.9412971Z           "name": "Finaliza el workflow",
job-core	Check JSON	2025-03-28T09:08:37.9413369Z           "number": 3,
job-core	Check JSON	2025-03-28T09:08:37.9413818Z           "startedAt": "2025-02-10T13:30:42Z",
job-core	Check JSON	2025-03-28T09:08:37.9414447Z           "status": "completed"
job-core	Check JSON	2025-03-28T09:08:37.9414795Z         },
job-core	Check JSON	2025-03-28T09:08:37.9415068Z         {
job-core	Check JSON	2025-03-28T09:08:37.9415403Z           "completedAt": "2025-02-10T13:30:47Z",
job-core	Check JSON	2025-03-28T09:08:37.9415838Z           "conclusion": "success",
job-core	Check JSON	2025-03-28T09:08:37.9416261Z           "name": "Post Checkout code",
job-core	Check JSON	2025-03-28T09:08:37.9416642Z           "number": 6,
job-core	Check JSON	2025-03-28T09:08:37.9417009Z           "startedAt": "2025-02-10T13:30:47Z",
job-core	Check JSON	2025-03-28T09:08:37.9417440Z           "status": "completed"
job-core	Check JSON	2025-03-28T09:08:37.9417779Z         },
job-core	Check JSON	2025-03-28T09:08:37.9418045Z         {
job-core	Check JSON	2025-03-28T09:08:37.9418390Z           "completedAt": "2025-02-10T13:30:43Z",
job-core	Check JSON	2025-03-28T09:08:37.9418827Z           "conclusion": "success",
job-core	Check JSON	2025-03-28T09:08:37.9419236Z           "name": "Complete job",
job-core	Check JSON	2025-03-28T09:08:37.9419597Z           "number": 7,
job-core	Check JSON	2025-03-28T09:08:37.9419985Z           "startedAt": "2025-02-10T13:30:43Z",
job-core	Check JSON	2025-03-28T09:08:37.9420411Z           "status": "completed"
job-core	Check JSON	2025-03-28T09:08:37.9420761Z         }
job-core	Check JSON	2025-03-28T09:08:37.9421024Z       ],
job-core	Check JSON	2025-03-28T09:08:37.9421575Z       "url": "https://github.com/Ka0s-Klaus/ka0s/actions/runs/13242013438/job/36959345753"
job-core	Check JSON	2025-03-28T09:08:37.9422139Z     }
job-core	Check JSON	2025-03-28T09:08:37.9422399Z   ],
job-core	Check JSON	2025-03-28T09:08:37.9422671Z   "name": "Ka0s",
job-core	Check JSON	2025-03-28T09:08:37.9422977Z   "number": 159,
job-core	Check JSON	2025-03-28T09:08:37.9423324Z   "startedAt": "2025-02-10T13:30:07Z",
job-core	Check JSON	2025-03-28T09:08:37.9423712Z   "status": "completed",
job-core	Check JSON	2025-03-28T09:08:37.9424210Z   "updatedAt": "2025-02-10T13:30:48Z",
job-core	Check JSON	2025-03-28T09:08:37.9424775Z   "url": "https://github.com/Ka0s-Klaus/ka0s/actions/runs/13242013438",
job-core	Check JSON	2025-03-28T09:08:37.9425333Z   "workflowDatabaseId": 142022472,
job-core	Check JSON	2025-03-28T09:08:37.9425714Z   "workflowName": "Ka0s"
job-core	Check JSON	2025-03-28T09:08:37.9426107Z }
job-core	Check JSON	2025-03-28T09:08:37.9426968Z File core/outputs/j/jsonlint-results-14125416930.txt is not empty and is content not correct and write commit info
job-core	Check JSON	2025-03-28T09:08:39.3998141Z https://github.com/Ka0s-Klaus/ka0s/issues/220#issuecomment-2760624236
job-core	Post Install Node.js	﻿2025-03-28T09:08:39.4145048Z Post job cleanup.
job-core	Post Checkout code	﻿2025-03-28T09:08:39.5703107Z Post job cleanup.
job-core	Post Checkout code	2025-03-28T09:08:39.7011224Z [command]/usr/bin/git version
job-core	Post Checkout code	2025-03-28T09:08:39.7061565Z git version 2.48.1
job-core	Post Checkout code	2025-03-28T09:08:39.7120093Z Copying '/home/kaos/.gitconfig' to '/actions-runner/_work/_temp/7738018c-cfeb-4658-9e67-c5bd56d43c2a/.gitconfig'
job-core	Post Checkout code	2025-03-28T09:08:39.7148231Z Temporarily overriding HOME='/actions-runner/_work/_temp/7738018c-cfeb-4658-9e67-c5bd56d43c2a' before making global git config changes
job-core	Post Checkout code	2025-03-28T09:08:39.7152702Z Adding repository directory to the temporary git global config as a safe directory
job-core	Post Checkout code	2025-03-28T09:08:39.7155698Z [command]/usr/bin/git config --global --add safe.directory /actions-runner/_work/ka0s/ka0s
job-core	Post Checkout code	2025-03-28T09:08:39.7209831Z [command]/usr/bin/git config --local --name-only --get-regexp core\.sshCommand
job-core	Post Checkout code	2025-03-28T09:08:39.7280828Z [command]/usr/bin/git submodule foreach --recursive sh -c "git config --local --name-only --get-regexp 'core\.sshCommand' && git config --local --unset-all 'core.sshCommand' || :"
job-core	Post Checkout code	2025-03-28T09:08:39.7733512Z [command]/usr/bin/git config --local --name-only --get-regexp http\.https\:\/\/github\.com\/\.extraheader
job-core	Post Checkout code	2025-03-28T09:08:39.7767998Z http.https://github.com/.extraheader
job-core	Post Checkout code	2025-03-28T09:08:39.7797963Z [command]/usr/bin/git config --local --unset-all http.https://github.com/.extraheader
job-core	Post Checkout code	2025-03-28T09:08:39.7857488Z [command]/usr/bin/git submodule foreach --recursive sh -c "git config --local --name-only --get-regexp 'http\.https\:\/\/github\.com\/\.extraheader' && git config --local --unset-all 'http.https://github.com/.extraheader' || :"
job-core	Complete job	﻿2025-03-28T09:08:39.8465917Z Cleaning up orphan processes
handle-success	Set up job	﻿2025-03-28T09:16:54.9596381Z Current runner version: '2.323.0'
handle-success	Set up job	2025-03-28T09:16:54.9607299Z Runner name: 'ka0s-runner-1'
handle-success	Set up job	2025-03-28T09:16:54.9608805Z Machine name: '181b3e34799e'
handle-success	Set up job	2025-03-28T09:16:54.9612743Z ##[group]GITHUB_TOKEN Permissions
handle-success	Set up job	2025-03-28T09:16:54.9616752Z Actions: write
handle-success	Set up job	2025-03-28T09:16:54.9617719Z Contents: write
handle-success	Set up job	2025-03-28T09:16:54.9618483Z Issues: write
handle-success	Set up job	2025-03-28T09:16:54.9619150Z Metadata: read
handle-success	Set up job	2025-03-28T09:16:54.9619919Z PullRequests: write
handle-success	Set up job	2025-03-28T09:16:54.9620618Z ##[endgroup]
handle-success	Set up job	2025-03-28T09:16:54.9624533Z Secret source: Actions
handle-success	Set up job	2025-03-28T09:16:54.9625762Z Prepare workflow directory
handle-success	Set up job	2025-03-28T09:16:55.1134903Z Prepare all required actions
handle-success	Set up job	2025-03-28T09:16:55.1229440Z Getting action download info
handle-success	Set up job	2025-03-28T09:16:55.8872504Z Download action repository 'actions/checkout@v4' (SHA:11bd71901bbe5b1630ceea73d27597364c9af683)
handle-success	Set up job	2025-03-28T09:16:59.4870588Z Complete job name: handle-success
handle-success	Checkout code	﻿2025-03-28T09:16:59.6262101Z ##[group]Run actions/checkout@v4
handle-success	Checkout code	2025-03-28T09:16:59.6265592Z with:
handle-success	Checkout code	2025-03-28T09:16:59.6267294Z   fetch-depth: 0
handle-success	Checkout code	2025-03-28T09:16:59.6269920Z   token: ***
handle-success	Checkout code	2025-03-28T09:16:59.6271603Z   repository: Ka0s-Klaus/ka0s
handle-success	Checkout code	2025-03-28T09:16:59.6273571Z   ssh-strict: true
handle-success	Checkout code	2025-03-28T09:16:59.6275474Z   ssh-user: git
handle-success	Checkout code	2025-03-28T09:16:59.6277111Z   persist-credentials: true
handle-success	Checkout code	2025-03-28T09:16:59.6278961Z   clean: true
handle-success	Checkout code	2025-03-28T09:16:59.6280676Z   sparse-checkout-cone-mode: true
handle-success	Checkout code	2025-03-28T09:16:59.6282736Z   fetch-tags: false
handle-success	Checkout code	2025-03-28T09:16:59.6284629Z   show-progress: true
handle-success	Checkout code	2025-03-28T09:16:59.6286383Z   lfs: false
handle-success	Checkout code	2025-03-28T09:16:59.6287988Z   submodules: false
handle-success	Checkout code	2025-03-28T09:16:59.6289693Z   set-safe-directory: true
handle-success	Checkout code	2025-03-28T09:16:59.6292636Z env:
handle-success	Checkout code	2025-03-28T09:16:59.6294591Z   KAOS_MODULE: [Ka0S] JSONLINT
handle-success	Checkout code	2025-03-28T09:16:59.6297302Z   GH_TOKEN: ***
handle-success	Checkout code	2025-03-28T09:16:59.6299288Z   KAOS_JSONLINT_CONFIG: core/config/.jsonlint.json
handle-success	Checkout code	2025-03-28T09:16:59.6301906Z   KAOS_PATH_RESUME: core/outputs/j/
handle-success	Checkout code	2025-03-28T09:16:59.6304561Z   KAOS_REPO: /actions-runner/_work/kaos/kaos
handle-success	Checkout code	2025-03-28T09:16:59.6306928Z   KAOS_STEP_MODULE: 
handle-success	Checkout code	2025-03-28T09:16:59.6308731Z   KAOS_CODE: 14125416930
handle-success	Checkout code	2025-03-28T09:16:59.6310605Z   KAOS_REF_BRANCH: main
handle-success	Checkout code	2025-03-28T09:16:59.6312389Z ##[endgroup]
handle-success	Checkout code	2025-03-28T09:16:59.9804271Z Syncing repository: Ka0s-Klaus/ka0s
handle-success	Checkout code	2025-03-28T09:16:59.9807668Z ##[group]Getting Git version info
handle-success	Checkout code	2025-03-28T09:16:59.9809224Z Working directory is '/actions-runner/_work/ka0s/ka0s'
handle-success	Checkout code	2025-03-28T09:16:59.9899126Z [command]/usr/bin/git version
handle-success	Checkout code	2025-03-28T09:17:00.0156856Z git version 2.48.1
handle-success	Checkout code	2025-03-28T09:17:00.0315621Z ##[endgroup]
handle-success	Checkout code	2025-03-28T09:17:00.0375736Z Copying '/home/kaos/.gitconfig' to '/actions-runner/_work/_temp/758c61e4-6c37-4834-b550-1c5f5eddc42d/.gitconfig'
handle-success	Checkout code	2025-03-28T09:17:00.0437903Z Temporarily overriding HOME='/actions-runner/_work/_temp/758c61e4-6c37-4834-b550-1c5f5eddc42d' before making global git config changes
handle-success	Checkout code	2025-03-28T09:17:00.0445410Z Adding repository directory to the temporary git global config as a safe directory
handle-success	Checkout code	2025-03-28T09:17:00.0476650Z [command]/usr/bin/git config --global --add safe.directory /actions-runner/_work/ka0s/ka0s
handle-success	Checkout code	2025-03-28T09:17:00.0751767Z [command]/usr/bin/git config --local --get remote.origin.url
handle-success	Checkout code	2025-03-28T09:17:00.0823538Z https://github.com/Ka0s-Klaus/ka0s
handle-success	Checkout code	2025-03-28T09:17:00.1095485Z ##[group]Removing previously created refs, to avoid conflicts
handle-success	Checkout code	2025-03-28T09:17:00.1099747Z [command]/usr/bin/git rev-parse --symbolic-full-name --verify --quiet HEAD
handle-success	Checkout code	2025-03-28T09:17:00.1115238Z refs/heads/H220-web-de-resultados
handle-success	Checkout code	2025-03-28T09:17:00.1178007Z [command]/usr/bin/git checkout --detach
handle-success	Checkout code	2025-03-28T09:17:00.1354104Z HEAD is now at f4d2316 [Ka0S] Uploading resume execution files to the repository...
handle-success	Checkout code	2025-03-28T09:17:00.1520684Z [command]/usr/bin/git branch --delete --force H220-web-de-resultados
handle-success	Checkout code	2025-03-28T09:17:00.1605450Z Deleted branch H220-web-de-resultados (was f4d2316).
handle-success	Checkout code	2025-03-28T09:17:00.1709825Z ##[endgroup]
handle-success	Checkout code	2025-03-28T09:17:00.1710868Z [command]/usr/bin/git submodule status
handle-success	Checkout code	2025-03-28T09:17:00.2284613Z ##[group]Cleaning the repository
handle-success	Checkout code	2025-03-28T09:17:00.2287839Z [command]/usr/bin/git clean -ffdx
handle-success	Checkout code	2025-03-28T09:17:00.2380383Z [command]/usr/bin/git reset --hard HEAD
handle-success	Checkout code	2025-03-28T09:17:00.2596098Z HEAD is now at f4d2316 [Ka0S] Uploading resume execution files to the repository...
handle-success	Checkout code	2025-03-28T09:17:00.2620991Z ##[endgroup]
handle-success	Checkout code	2025-03-28T09:17:00.2622475Z ##[group]Disabling automatic garbage collection
handle-success	Checkout code	2025-03-28T09:17:00.2637975Z [command]/usr/bin/git config --local gc.auto 0
handle-success	Checkout code	2025-03-28T09:17:00.2698601Z ##[endgroup]
handle-success	Checkout code	2025-03-28T09:17:00.2705907Z ##[group]Setting up auth
handle-success	Checkout code	2025-03-28T09:17:00.2727661Z [command]/usr/bin/git config --local --name-only --get-regexp core\.sshCommand
handle-success	Checkout code	2025-03-28T09:17:00.2906718Z [command]/usr/bin/git submodule foreach --recursive sh -c "git config --local --name-only --get-regexp 'core\.sshCommand' && git config --local --unset-all 'core.sshCommand' || :"
handle-success	Checkout code	2025-03-28T09:17:00.3523577Z [command]/usr/bin/git config --local --name-only --get-regexp http\.https\:\/\/github\.com\/\.extraheader
handle-success	Checkout code	2025-03-28T09:17:00.3605248Z [command]/usr/bin/git submodule foreach --recursive sh -c "git config --local --name-only --get-regexp 'http\.https\:\/\/github\.com\/\.extraheader' && git config --local --unset-all 'http.https://github.com/.extraheader' || :"
handle-success	Checkout code	2025-03-28T09:17:00.4282395Z [command]/usr/bin/git config --local http.https://github.com/.extraheader AUTHORIZATION: basic ***
handle-success	Checkout code	2025-03-28T09:17:00.4407544Z ##[endgroup]
handle-success	Checkout code	2025-03-28T09:17:00.4412689Z ##[group]Fetching the repository
handle-success	Checkout code	2025-03-28T09:17:00.4426259Z [command]/usr/bin/git -c protocol.version=2 fetch --prune --no-recurse-submodules origin +refs/heads/*:refs/remotes/origin/* +refs/tags/*:refs/tags/*
handle-success	Checkout code	2025-03-28T09:17:01.2047743Z [command]/usr/bin/git branch --list --remote origin/H220-web-de-resultados
handle-success	Checkout code	2025-03-28T09:17:01.2103454Z   origin/H220-web-de-resultados
handle-success	Checkout code	2025-03-28T09:17:01.2119240Z [command]/usr/bin/git rev-parse refs/remotes/origin/H220-web-de-resultados
handle-success	Checkout code	2025-03-28T09:17:01.2162125Z f4d231695b25691b64ee5df6ffe9db4d7625551a
handle-success	Checkout code	2025-03-28T09:17:01.2174606Z ##[endgroup]
handle-success	Checkout code	2025-03-28T09:17:01.2175662Z ##[group]Determining the checkout info
handle-success	Checkout code	2025-03-28T09:17:01.2177517Z ##[endgroup]
handle-success	Checkout code	2025-03-28T09:17:01.2185479Z [command]/usr/bin/git sparse-checkout disable
handle-success	Checkout code	2025-03-28T09:17:01.2286284Z [command]/usr/bin/git config --local --unset-all extensions.worktreeConfig
handle-success	Checkout code	2025-03-28T09:17:01.2341370Z ##[group]Checking out the ref
handle-success	Checkout code	2025-03-28T09:17:01.2355679Z [command]/usr/bin/git checkout --progress --force -B H220-web-de-resultados refs/remotes/origin/H220-web-de-resultados
handle-success	Checkout code	2025-03-28T09:17:01.2513026Z Switched to a new branch 'H220-web-de-resultados'
handle-success	Checkout code	2025-03-28T09:17:01.2524802Z branch 'H220-web-de-resultados' set up to track 'origin/H220-web-de-resultados'.
handle-success	Checkout code	2025-03-28T09:17:01.2543067Z ##[endgroup]
handle-success	Checkout code	2025-03-28T09:17:01.2610365Z [command]/usr/bin/git log -1 --format=%H
handle-success	Checkout code	2025-03-28T09:17:01.2664662Z f4d231695b25691b64ee5df6ffe9db4d7625551a
handle-success	handle-success-execution	﻿2025-03-28T09:17:01.3125528Z ##[group]Run # Si todo ha ido correcto añadimos el contenido del fichero 
handle-success	handle-success-execution	2025-03-28T09:17:01.3127146Z [36;1m# Si todo ha ido correcto añadimos el contenido del fichero [0m
handle-success	handle-success-execution	2025-03-28T09:17:01.3128360Z [36;1mRNNUMBER=$(echo "refs/heads/H220-web-de-resultados" | grep -o '[0-9]*')[0m
handle-success	handle-success-execution	2025-03-28T09:17:01.3130264Z [36;1mgh issue comment $RNNUMBER --body "El proceso ha finalizado correctamente 14125416930. El resultado está en el fichero core/results/event_data14125416930.log"[0m
handle-success	handle-success-execution	2025-03-28T09:17:01.3152672Z shell: /usr/bin/bash -e {0}
handle-success	handle-success-execution	2025-03-28T09:17:01.3153401Z env:
handle-success	handle-success-execution	2025-03-28T09:17:01.3154060Z   KAOS_MODULE: [Ka0S] JSONLINT
handle-success	handle-success-execution	2025-03-28T09:17:01.3155184Z   GH_TOKEN: ***
handle-success	handle-success-execution	2025-03-28T09:17:01.3155805Z   KAOS_JSONLINT_CONFIG: core/config/.jsonlint.json
handle-success	handle-success-execution	2025-03-28T09:17:01.3156598Z   KAOS_PATH_RESUME: core/outputs/j/
handle-success	handle-success-execution	2025-03-28T09:17:01.3157300Z   KAOS_REPO: /actions-runner/_work/kaos/kaos
handle-success	handle-success-execution	2025-03-28T09:17:01.3157993Z   KAOS_STEP_MODULE: 
handle-success	handle-success-execution	2025-03-28T09:17:01.3158513Z   KAOS_CODE: 14125416930
handle-success	handle-success-execution	2025-03-28T09:17:01.3159271Z   KAOS_REF_BRANCH: main
handle-success	handle-success-execution	2025-03-28T09:17:01.3159813Z ##[endgroup]
handle-success	handle-success-execution	2025-03-28T09:17:02.8561103Z https://github.com/Ka0s-Klaus/ka0s/issues/220#issuecomment-2760642826
handle-success	Post Checkout code	﻿2025-03-28T09:17:02.9031463Z Post job cleanup.
handle-success	Post Checkout code	2025-03-28T09:17:03.1160250Z [command]/usr/bin/git version
handle-success	Post Checkout code	2025-03-28T09:17:03.1335388Z git version 2.48.1
handle-success	Post Checkout code	2025-03-28T09:17:03.1417545Z Copying '/home/kaos/.gitconfig' to '/actions-runner/_work/_temp/2fc1abc8-bf90-4532-93b6-b1cd7a51bb22/.gitconfig'
handle-success	Post Checkout code	2025-03-28T09:17:03.1441357Z Temporarily overriding HOME='/actions-runner/_work/_temp/2fc1abc8-bf90-4532-93b6-b1cd7a51bb22' before making global git config changes
handle-success	Post Checkout code	2025-03-28T09:17:03.1451976Z Adding repository directory to the temporary git global config as a safe directory
handle-success	Post Checkout code	2025-03-28T09:17:03.1462361Z [command]/usr/bin/git config --global --add safe.directory /actions-runner/_work/ka0s/ka0s
handle-success	Post Checkout code	2025-03-28T09:17:03.1531816Z [command]/usr/bin/git config --local --name-only --get-regexp core\.sshCommand
handle-success	Post Checkout code	2025-03-28T09:17:03.1624894Z [command]/usr/bin/git submodule foreach --recursive sh -c "git config --local --name-only --get-regexp 'core\.sshCommand' && git config --local --unset-all 'core.sshCommand' || :"
handle-success	Post Checkout code	2025-03-28T09:17:03.2039257Z [command]/usr/bin/git config --local --name-only --get-regexp http\.https\:\/\/github\.com\/\.extraheader
handle-success	Post Checkout code	2025-03-28T09:17:03.2079798Z http.https://github.com/.extraheader
handle-success	Post Checkout code	2025-03-28T09:17:03.2104262Z [command]/usr/bin/git config --local --unset-all http.https://github.com/.extraheader
handle-success	Post Checkout code	2025-03-28T09:17:03.2165841Z [command]/usr/bin/git submodule foreach --recursive sh -c "git config --local --name-only --get-regexp 'http\.https\:\/\/github\.com\/\.extraheader' && git config --local --unset-all 'http.https://github.com/.extraheader' || :"
handle-success	Complete job	﻿2025-03-28T09:17:03.2772910Z Cleaning up orphan processes
end-workflow	Set up job	﻿2025-03-28T09:24:49.5817380Z Current runner version: '2.323.0'
end-workflow	Set up job	2025-03-28T09:24:49.5828453Z Runner name: 'kaos-3'
end-workflow	Set up job	2025-03-28T09:24:49.5830084Z Machine name: 'ddaf71c4382c'
end-workflow	Set up job	2025-03-28T09:24:49.5834267Z ##[group]GITHUB_TOKEN Permissions
end-workflow	Set up job	2025-03-28T09:24:49.5838173Z Actions: write
end-workflow	Set up job	2025-03-28T09:24:49.5839016Z Contents: write
end-workflow	Set up job	2025-03-28T09:24:49.5839886Z Issues: write
end-workflow	Set up job	2025-03-28T09:24:49.5840639Z Metadata: read
end-workflow	Set up job	2025-03-28T09:24:49.5841365Z PullRequests: write
end-workflow	Set up job	2025-03-28T09:24:49.5842150Z ##[endgroup]
end-workflow	Set up job	2025-03-28T09:24:49.5846622Z Secret source: Actions
end-workflow	Set up job	2025-03-28T09:24:49.5847730Z Prepare workflow directory
end-workflow	Set up job	2025-03-28T09:24:49.6874090Z Prepare all required actions
end-workflow	Set up job	2025-03-28T09:24:49.6944147Z Getting action download info
end-workflow	Set up job	2025-03-28T09:24:50.3811200Z Download action repository 'actions/checkout@v4' (SHA:11bd71901bbe5b1630ceea73d27597364c9af683)
end-workflow	Set up job	2025-03-28T09:24:52.2520241Z Complete job name: end-workflow
end-workflow	Checkout code	﻿2025-03-28T09:24:52.3343658Z ##[group]Run actions/checkout@v4
end-workflow	Checkout code	2025-03-28T09:24:52.3345259Z with:
end-workflow	Checkout code	2025-03-28T09:24:52.3345858Z   fetch-depth: 0
end-workflow	Checkout code	2025-03-28T09:24:52.3346856Z   token: ***
end-workflow	Checkout code	2025-03-28T09:24:52.3347495Z   repository: Ka0s-Klaus/ka0s
end-workflow	Checkout code	2025-03-28T09:24:52.3348196Z   ssh-strict: true
end-workflow	Checkout code	2025-03-28T09:24:52.3348791Z   ssh-user: git
end-workflow	Checkout code	2025-03-28T09:24:52.3349392Z   persist-credentials: true
end-workflow	Checkout code	2025-03-28T09:24:52.3350081Z   clean: true
end-workflow	Checkout code	2025-03-28T09:24:52.3350689Z   sparse-checkout-cone-mode: true
end-workflow	Checkout code	2025-03-28T09:24:52.3351440Z   fetch-tags: false
end-workflow	Checkout code	2025-03-28T09:24:52.3352058Z   show-progress: true
end-workflow	Checkout code	2025-03-28T09:24:52.3352678Z   lfs: false
end-workflow	Checkout code	2025-03-28T09:24:52.3353239Z   submodules: false
end-workflow	Checkout code	2025-03-28T09:24:52.3354087Z   set-safe-directory: true
end-workflow	Checkout code	2025-03-28T09:24:52.3355237Z env:
end-workflow	Checkout code	2025-03-28T09:24:52.3355837Z   KAOS_MODULE: [Ka0S] JSONLINT
end-workflow	Checkout code	2025-03-28T09:24:52.3356787Z   GH_TOKEN: ***
end-workflow	Checkout code	2025-03-28T09:24:52.3357486Z   KAOS_JSONLINT_CONFIG: core/config/.jsonlint.json
end-workflow	Checkout code	2025-03-28T09:24:52.3358372Z   KAOS_PATH_RESUME: core/outputs/j/
end-workflow	Checkout code	2025-03-28T09:24:52.3359238Z   KAOS_REPO: /actions-runner/_work/kaos/kaos
end-workflow	Checkout code	2025-03-28T09:24:52.3360060Z   KAOS_STEP_MODULE: 
end-workflow	Checkout code	2025-03-28T09:24:52.3360712Z   KAOS_CODE: 14125416930
end-workflow	Checkout code	2025-03-28T09:24:52.3361355Z   KAOS_REF_BRANCH: main
end-workflow	Checkout code	2025-03-28T09:24:52.3361982Z ##[endgroup]
end-workflow	Checkout code	2025-03-28T09:24:52.5019839Z Syncing repository: Ka0s-Klaus/ka0s
end-workflow	Checkout code	2025-03-28T09:24:52.5025234Z ##[group]Getting Git version info
end-workflow	Checkout code	2025-03-28T09:24:52.5027381Z Working directory is '/actions-runner/_work/ka0s/ka0s'
end-workflow	Checkout code	2025-03-28T09:24:52.5030261Z [command]/usr/bin/git version
end-workflow	Checkout code	2025-03-28T09:24:52.5031747Z git version 2.48.1
end-workflow	Checkout code	2025-03-28T09:24:52.5049424Z ##[endgroup]
end-workflow	Checkout code	2025-03-28T09:24:52.5069117Z Copying '/home/kaos/.gitconfig' to '/actions-runner/_work/_temp/4dad280e-3f51-432a-a8d8-b6c9b4bcf2c1/.gitconfig'
end-workflow	Checkout code	2025-03-28T09:24:52.5087193Z Temporarily overriding HOME='/actions-runner/_work/_temp/4dad280e-3f51-432a-a8d8-b6c9b4bcf2c1' before making global git config changes
end-workflow	Checkout code	2025-03-28T09:24:52.5091723Z Adding repository directory to the temporary git global config as a safe directory
end-workflow	Checkout code	2025-03-28T09:24:52.5096833Z [command]/usr/bin/git config --global --add safe.directory /actions-runner/_work/ka0s/ka0s
end-workflow	Checkout code	2025-03-28T09:24:52.5165892Z [command]/usr/bin/git config --local --get remote.origin.url
end-workflow	Checkout code	2025-03-28T09:24:52.5202905Z https://github.com/Ka0s-Klaus/ka0s
end-workflow	Checkout code	2025-03-28T09:24:52.5231029Z ##[group]Removing previously created refs, to avoid conflicts
end-workflow	Checkout code	2025-03-28T09:24:52.5272081Z [command]/usr/bin/git rev-parse --symbolic-full-name --verify --quiet HEAD
end-workflow	Checkout code	2025-03-28T09:24:52.5296704Z refs/heads/H220-web-de-resultados
end-workflow	Checkout code	2025-03-28T09:24:52.5304475Z [command]/usr/bin/git checkout --detach
end-workflow	Checkout code	2025-03-28T09:24:52.5447397Z HEAD is now at f4d2316 [Ka0S] Uploading resume execution files to the repository...
end-workflow	Checkout code	2025-03-28T09:24:52.5530000Z [command]/usr/bin/git branch --delete --force H220-web-de-resultados
end-workflow	Checkout code	2025-03-28T09:24:52.5576632Z Deleted branch H220-web-de-resultados (was f4d2316).
end-workflow	Checkout code	2025-03-28T09:24:52.5649184Z ##[endgroup]
end-workflow	Checkout code	2025-03-28T09:24:52.5651840Z [command]/usr/bin/git submodule status
end-workflow	Checkout code	2025-03-28T09:24:52.6072552Z ##[group]Cleaning the repository
end-workflow	Checkout code	2025-03-28T09:24:52.6076973Z [command]/usr/bin/git clean -ffdx
end-workflow	Checkout code	2025-03-28T09:24:52.6149139Z [command]/usr/bin/git reset --hard HEAD
end-workflow	Checkout code	2025-03-28T09:24:52.6299935Z HEAD is now at f4d2316 [Ka0S] Uploading resume execution files to the repository...
end-workflow	Checkout code	2025-03-28T09:24:52.6309901Z ##[endgroup]
end-workflow	Checkout code	2025-03-28T09:24:52.6312508Z ##[group]Disabling automatic garbage collection
end-workflow	Checkout code	2025-03-28T09:24:52.6317621Z [command]/usr/bin/git config --local gc.auto 0
end-workflow	Checkout code	2025-03-28T09:24:52.6367494Z ##[endgroup]
end-workflow	Checkout code	2025-03-28T09:24:52.6369377Z ##[group]Setting up auth
end-workflow	Checkout code	2025-03-28T09:24:52.6390046Z [command]/usr/bin/git config --local --name-only --get-regexp core\.sshCommand
end-workflow	Checkout code	2025-03-28T09:24:52.6442067Z [command]/usr/bin/git submodule foreach --recursive sh -c "git config --local --name-only --get-regexp 'core\.sshCommand' && git config --local --unset-all 'core.sshCommand' || :"
end-workflow	Checkout code	2025-03-28T09:24:52.6904360Z [command]/usr/bin/git config --local --name-only --get-regexp http\.https\:\/\/github\.com\/\.extraheader
end-workflow	Checkout code	2025-03-28T09:24:52.6954981Z [command]/usr/bin/git submodule foreach --recursive sh -c "git config --local --name-only --get-regexp 'http\.https\:\/\/github\.com\/\.extraheader' && git config --local --unset-all 'http.https://github.com/.extraheader' || :"
end-workflow	Checkout code	2025-03-28T09:24:52.7356526Z [command]/usr/bin/git config --local http.https://github.com/.extraheader AUTHORIZATION: basic ***
end-workflow	Checkout code	2025-03-28T09:24:52.7420253Z ##[endgroup]
end-workflow	Checkout code	2025-03-28T09:24:52.7434688Z ##[group]Fetching the repository
end-workflow	Checkout code	2025-03-28T09:24:52.7437454Z [command]/usr/bin/git -c protocol.version=2 fetch --prune --no-recurse-submodules origin +refs/heads/*:refs/remotes/origin/* +refs/tags/*:refs/tags/*
end-workflow	Checkout code	2025-03-28T09:24:53.4576166Z [command]/usr/bin/git branch --list --remote origin/H220-web-de-resultados
end-workflow	Checkout code	2025-03-28T09:24:53.4618142Z   origin/H220-web-de-resultados
end-workflow	Checkout code	2025-03-28T09:24:53.4634314Z [command]/usr/bin/git rev-parse refs/remotes/origin/H220-web-de-resultados
end-workflow	Checkout code	2025-03-28T09:24:53.4669361Z f4d231695b25691b64ee5df6ffe9db4d7625551a
end-workflow	Checkout code	2025-03-28T09:24:53.4677284Z ##[endgroup]
end-workflow	Checkout code	2025-03-28T09:24:53.4681062Z ##[group]Determining the checkout info
end-workflow	Checkout code	2025-03-28T09:24:53.4685517Z ##[endgroup]
end-workflow	Checkout code	2025-03-28T09:24:53.4688149Z [command]/usr/bin/git sparse-checkout disable
end-workflow	Checkout code	2025-03-28T09:24:53.4774157Z [command]/usr/bin/git config --local --unset-all extensions.worktreeConfig
end-workflow	Checkout code	2025-03-28T09:24:53.4820593Z ##[group]Checking out the ref
end-workflow	Checkout code	2025-03-28T09:24:53.4826111Z [command]/usr/bin/git checkout --progress --force -B H220-web-de-resultados refs/remotes/origin/H220-web-de-resultados
end-workflow	Checkout code	2025-03-28T09:24:53.4939614Z Switched to a new branch 'H220-web-de-resultados'
end-workflow	Checkout code	2025-03-28T09:24:53.4946278Z branch 'H220-web-de-resultados' set up to track 'origin/H220-web-de-resultados'.
end-workflow	Checkout code	2025-03-28T09:24:53.4958411Z ##[endgroup]
end-workflow	Checkout code	2025-03-28T09:24:53.5013386Z [command]/usr/bin/git log -1 --format=%H
end-workflow	Checkout code	2025-03-28T09:24:53.5053192Z f4d231695b25691b64ee5df6ffe9db4d7625551a
end-workflow	Finaliza el workflow	﻿2025-03-28T09:24:53.5534732Z ##[group]Run echo "End process"
end-workflow	Finaliza el workflow	2025-03-28T09:24:53.5538502Z [36;1mecho "End process"[0m
end-workflow	Finaliza el workflow	2025-03-28T09:24:53.5543368Z [36;1mRNNUMBER=$(echo "refs/heads/H220-web-de-resultados" | grep -o '[0-9]*')[0m
end-workflow	Finaliza el workflow	2025-03-28T09:24:53.5549594Z [36;1mgh issue comment $RNNUMBER --body "Se finaliza Ka0s 14125416930"[0m
end-workflow	Finaliza el workflow	2025-03-28T09:24:53.5557924Z [36;1mgh workflow run inspector.yml --ref 'main' -f kaos-issue-id=$RNNUMBER -f kaos-workflow-id="14125416930" -f kaos-user-start=""[0m
end-workflow	Finaliza el workflow	2025-03-28T09:24:53.5593988Z shell: /usr/bin/bash -e {0}
end-workflow	Finaliza el workflow	2025-03-28T09:24:53.5596726Z env:
end-workflow	Finaliza el workflow	2025-03-28T09:24:53.5599165Z   KAOS_MODULE: [Ka0S] JSONLINT
end-workflow	Finaliza el workflow	2025-03-28T09:24:53.5603125Z   GH_TOKEN: ***
end-workflow	Finaliza el workflow	2025-03-28T09:24:53.5606068Z   KAOS_JSONLINT_CONFIG: core/config/.jsonlint.json
end-workflow	Finaliza el workflow	2025-03-28T09:24:53.5610046Z   KAOS_PATH_RESUME: core/outputs/j/
end-workflow	Finaliza el workflow	2025-03-28T09:24:53.5613834Z   KAOS_REPO: /actions-runner/_work/kaos/kaos
end-workflow	Finaliza el workflow	2025-03-28T09:24:53.5617457Z   KAOS_STEP_MODULE: 
end-workflow	Finaliza el workflow	2025-03-28T09:24:53.5619955Z   KAOS_CODE: 14125416930
end-workflow	Finaliza el workflow	2025-03-28T09:24:53.5622648Z   KAOS_REF_BRANCH: main
end-workflow	Finaliza el workflow	2025-03-28T09:24:53.5625617Z ##[endgroup]
end-workflow	Finaliza el workflow	2025-03-28T09:24:53.5746630Z End process
end-workflow	Finaliza el workflow	2025-03-28T09:24:54.8395990Z https://github.com/Ka0s-Klaus/ka0s/issues/220#issuecomment-2760685260
end-workflow	Post Checkout code	﻿2025-03-28T09:24:55.7954684Z Post job cleanup.
end-workflow	Post Checkout code	2025-03-28T09:24:55.9422829Z [command]/usr/bin/git version
end-workflow	Post Checkout code	2025-03-28T09:24:55.9473188Z git version 2.48.1
end-workflow	Post Checkout code	2025-03-28T09:24:55.9532342Z Copying '/home/kaos/.gitconfig' to '/actions-runner/_work/_temp/5176a40d-41bc-4cac-89b6-1a49eed1fbe4/.gitconfig'
end-workflow	Post Checkout code	2025-03-28T09:24:55.9555513Z Temporarily overriding HOME='/actions-runner/_work/_temp/5176a40d-41bc-4cac-89b6-1a49eed1fbe4' before making global git config changes
end-workflow	Post Checkout code	2025-03-28T09:24:55.9557938Z Adding repository directory to the temporary git global config as a safe directory
end-workflow	Post Checkout code	2025-03-28T09:24:55.9566752Z [command]/usr/bin/git config --global --add safe.directory /actions-runner/_work/ka0s/ka0s
end-workflow	Post Checkout code	2025-03-28T09:24:55.9624718Z [command]/usr/bin/git config --local --name-only --get-regexp core\.sshCommand
end-workflow	Post Checkout code	2025-03-28T09:24:55.9688493Z [command]/usr/bin/git submodule foreach --recursive sh -c "git config --local --name-only --get-regexp 'core\.sshCommand' && git config --local --unset-all 'core.sshCommand' || :"
end-workflow	Post Checkout code	2025-03-28T09:24:56.0079043Z [command]/usr/bin/git config --local --name-only --get-regexp http\.https\:\/\/github\.com\/\.extraheader
end-workflow	Post Checkout code	2025-03-28T09:24:56.0116691Z http.https://github.com/.extraheader
end-workflow	Post Checkout code	2025-03-28T09:24:56.0139798Z [command]/usr/bin/git config --local --unset-all http.https://github.com/.extraheader
end-workflow	Post Checkout code	2025-03-28T09:24:56.0196178Z [command]/usr/bin/git submodule foreach --recursive sh -c "git config --local --name-only --get-regexp 'http\.https\:\/\/github\.com\/\.extraheader' && git config --local --unset-all 'http.https://github.com/.extraheader' || :"
end-workflow	Complete job	﻿2025-03-28T09:24:56.0848991Z Cleaning up orphan processes
