job-core	Set up job	ï»¿2025-03-31T08:05:41.5865445Z Current runner version: '2.323.0'
job-core	Set up job	2025-03-31T08:05:41.5954213Z Runner name: 'ka0s-2'
job-core	Set up job	2025-03-31T08:05:41.5955274Z Machine name: '90a1232a7504'
job-core	Set up job	2025-03-31T08:05:41.5958087Z ##[group]GITHUB_TOKEN Permissions
job-core	Set up job	2025-03-31T08:05:41.5961353Z Contents: read
job-core	Set up job	2025-03-31T08:05:41.5961957Z Metadata: read
job-core	Set up job	2025-03-31T08:05:41.5962516Z Packages: read
job-core	Set up job	2025-03-31T08:05:41.5963061Z ##[endgroup]
job-core	Set up job	2025-03-31T08:05:41.5965570Z Secret source: Actions
job-core	Set up job	2025-03-31T08:05:41.5966650Z Prepare workflow directory
job-core	Set up job	2025-03-31T08:05:41.6796277Z Prepare all required actions
job-core	Set up job	2025-03-31T08:05:41.6852174Z Getting action download info
job-core	Set up job	2025-03-31T08:05:42.4668581Z Download action repository 'actions/checkout@v4' (SHA:11bd71901bbe5b1630ceea73d27597364c9af683)
job-core	Set up job	2025-03-31T08:05:44.8375259Z Complete job name: job-core
job-core	Checkout code	ï»¿2025-03-31T08:05:44.9282464Z ##[group]Run actions/checkout@v4
job-core	Checkout code	2025-03-31T08:05:44.9284401Z with:
job-core	Checkout code	2025-03-31T08:05:44.9285372Z   fetch-depth: 0
job-core	Checkout code	2025-03-31T08:05:44.9287857Z   token: ***
job-core	Checkout code	2025-03-31T08:05:44.9289953Z   repository: Ka0s-Klaus/ka0s
job-core	Checkout code	2025-03-31T08:05:44.9292938Z   ssh-strict: true
job-core	Checkout code	2025-03-31T08:05:44.9294222Z   ssh-user: git
job-core	Checkout code	2025-03-31T08:05:44.9295301Z   persist-credentials: true
job-core	Checkout code	2025-03-31T08:05:44.9296467Z   clean: true
job-core	Checkout code	2025-03-31T08:05:44.9297530Z   sparse-checkout-cone-mode: true
job-core	Checkout code	2025-03-31T08:05:44.9309786Z   fetch-tags: false
job-core	Checkout code	2025-03-31T08:05:44.9311512Z   show-progress: true
job-core	Checkout code	2025-03-31T08:05:44.9312599Z   lfs: false
job-core	Checkout code	2025-03-31T08:05:44.9313776Z   submodules: false
job-core	Checkout code	2025-03-31T08:05:44.9316449Z   set-safe-directory: true
job-core	Checkout code	2025-03-31T08:05:44.9319873Z env:
job-core	Checkout code	2025-03-31T08:05:44.9321600Z   KAOS_CODE: 14166920542
job-core	Checkout code	2025-03-31T08:05:44.9324338Z   KAOS_EVENT_NAME: push
job-core	Checkout code	2025-03-31T08:05:44.9326164Z   KAOS_ACTION: 
job-core	Checkout code	2025-03-31T08:05:44.9329953Z   KAOS_REF: refs/heads/H214-salidas-de-cada-uno-de-los-diferentes-modulos-a-output
job-core	Checkout code	2025-03-31T08:05:44.9335786Z   KAOS_MODULE: [Ka0S] kaos
job-core	Checkout code	2025-03-31T08:05:44.9337916Z   KAOS_PATH_RESUME: core/results/k/
job-core	Checkout code	2025-03-31T08:05:44.9341010Z   KAOS_JSON: core/results/event_data_
job-core	Checkout code	2025-03-31T08:05:44.9346070Z   KAOS_ACTOR: santakloud
job-core	Checkout code	2025-03-31T08:05:44.9348282Z   GITHUB_OUTPUT: 
job-core	Checkout code	2025-03-31T08:05:44.9351108Z ##[endgroup]
job-core	Checkout code	2025-03-31T08:05:45.1034228Z Syncing repository: Ka0s-Klaus/ka0s
job-core	Checkout code	2025-03-31T08:05:45.1051305Z ##[group]Getting Git version info
job-core	Checkout code	2025-03-31T08:05:45.1052580Z Working directory is '/actions-runner/_work/ka0s/ka0s'
job-core	Checkout code	2025-03-31T08:05:45.1054228Z [command]/usr/bin/git version
job-core	Checkout code	2025-03-31T08:05:45.1055100Z git version 2.48.1
job-core	Checkout code	2025-03-31T08:05:45.1067060Z ##[endgroup]
job-core	Checkout code	2025-03-31T08:05:45.1084742Z Copying '/home/kaos/.gitconfig' to '/actions-runner/_work/_temp/ec426eea-5cc7-4dfd-83d8-739200019645/.gitconfig'
job-core	Checkout code	2025-03-31T08:05:45.1102618Z Temporarily overriding HOME='/actions-runner/_work/_temp/ec426eea-5cc7-4dfd-83d8-739200019645' before making global git config changes
job-core	Checkout code	2025-03-31T08:05:45.1106049Z Adding repository directory to the temporary git global config as a safe directory
job-core	Checkout code	2025-03-31T08:05:45.1113087Z [command]/usr/bin/git config --global --add safe.directory /actions-runner/_work/ka0s/ka0s
job-core	Checkout code	2025-03-31T08:05:45.1177526Z [command]/usr/bin/git config --local --get remote.origin.url
job-core	Checkout code	2025-03-31T08:05:45.1210380Z https://github.com/Ka0s-Klaus/ka0s
job-core	Checkout code	2025-03-31T08:05:45.1241625Z ##[group]Removing previously created refs, to avoid conflicts
job-core	Checkout code	2025-03-31T08:05:45.1249336Z [command]/usr/bin/git rev-parse --symbolic-full-name --verify --quiet HEAD
job-core	Checkout code	2025-03-31T08:05:45.1283143Z refs/heads/H220-web-de-resultados
job-core	Checkout code	2025-03-31T08:05:45.1300801Z [command]/usr/bin/git checkout --detach
job-core	Checkout code	2025-03-31T08:05:45.1419291Z HEAD is now at 1a5824f [Ka0S] Uploading resume execution files to the repository...
job-core	Checkout code	2025-03-31T08:05:45.1493427Z [command]/usr/bin/git branch --delete --force H220-web-de-resultados
job-core	Checkout code	2025-03-31T08:05:45.1545085Z Deleted branch H220-web-de-resultados (was 1a5824f).
job-core	Checkout code	2025-03-31T08:05:45.1618530Z ##[endgroup]
job-core	Checkout code	2025-03-31T08:05:45.1620517Z [command]/usr/bin/git submodule status
job-core	Checkout code	2025-03-31T08:05:45.2005304Z ##[group]Cleaning the repository
job-core	Checkout code	2025-03-31T08:05:45.2008065Z [command]/usr/bin/git clean -ffdx
job-core	Checkout code	2025-03-31T08:05:45.2074805Z [command]/usr/bin/git reset --hard HEAD
job-core	Checkout code	2025-03-31T08:05:45.2240199Z HEAD is now at 1a5824f [Ka0S] Uploading resume execution files to the repository...
job-core	Checkout code	2025-03-31T08:05:45.2250364Z ##[endgroup]
job-core	Checkout code	2025-03-31T08:05:45.2251987Z ##[group]Disabling automatic garbage collection
job-core	Checkout code	2025-03-31T08:05:45.2254206Z [command]/usr/bin/git config --local gc.auto 0
job-core	Checkout code	2025-03-31T08:05:45.2300527Z ##[endgroup]
job-core	Checkout code	2025-03-31T08:05:45.2302028Z ##[group]Setting up auth
job-core	Checkout code	2025-03-31T08:05:45.2305112Z [command]/usr/bin/git config --local --name-only --get-regexp core\.sshCommand
job-core	Checkout code	2025-03-31T08:05:45.2355302Z [command]/usr/bin/git submodule foreach --recursive sh -c "git config --local --name-only --get-regexp 'core\.sshCommand' && git config --local --unset-all 'core.sshCommand' || :"
job-core	Checkout code	2025-03-31T08:05:45.2740210Z [command]/usr/bin/git config --local --name-only --get-regexp http\.https\:\/\/github\.com\/\.extraheader
job-core	Checkout code	2025-03-31T08:05:45.2782228Z [command]/usr/bin/git submodule foreach --recursive sh -c "git config --local --name-only --get-regexp 'http\.https\:\/\/github\.com\/\.extraheader' && git config --local --unset-all 'http.https://github.com/.extraheader' || :"
job-core	Checkout code	2025-03-31T08:05:45.3179834Z [command]/usr/bin/git config --local http.https://github.com/.extraheader AUTHORIZATION: basic ***
job-core	Checkout code	2025-03-31T08:05:45.3246105Z ##[endgroup]
job-core	Checkout code	2025-03-31T08:05:45.3248244Z ##[group]Fetching the repository
job-core	Checkout code	2025-03-31T08:05:45.3262067Z [command]/usr/bin/git -c protocol.version=2 fetch --prune --no-recurse-submodules origin +refs/heads/*:refs/remotes/origin/* +refs/tags/*:refs/tags/*
job-core	Checkout code	2025-03-31T08:05:46.7199944Z From https://github.com/Ka0s-Klaus/ka0s
job-core	Checkout code	2025-03-31T08:05:46.7201831Z  * [new branch]      H214-salidas-de-cada-uno-de-los-diferentes-modulos-a-output -> origin/H214-salidas-de-cada-uno-de-los-diferentes-modulos-a-output
job-core	Checkout code	2025-03-31T08:05:46.7205743Z    39213eb..acfa300  main       -> origin/main
job-core	Checkout code	2025-03-31T08:05:46.7263306Z [command]/usr/bin/git branch --list --remote origin/H214-salidas-de-cada-uno-de-los-diferentes-modulos-a-output
job-core	Checkout code	2025-03-31T08:05:46.7298575Z   origin/H214-salidas-de-cada-uno-de-los-diferentes-modulos-a-output
job-core	Checkout code	2025-03-31T08:05:46.7311074Z [command]/usr/bin/git rev-parse refs/remotes/origin/H214-salidas-de-cada-uno-de-los-diferentes-modulos-a-output
job-core	Checkout code	2025-03-31T08:05:46.7343908Z 9576658f0a66c132a6937646c783ab5554c510c4
job-core	Checkout code	2025-03-31T08:05:46.7351507Z ##[endgroup]
job-core	Checkout code	2025-03-31T08:05:46.7352643Z ##[group]Determining the checkout info
job-core	Checkout code	2025-03-31T08:05:46.7353948Z ##[endgroup]
job-core	Checkout code	2025-03-31T08:05:46.7361545Z [command]/usr/bin/git sparse-checkout disable
job-core	Checkout code	2025-03-31T08:05:46.7436654Z [command]/usr/bin/git config --local --unset-all extensions.worktreeConfig
job-core	Checkout code	2025-03-31T08:05:46.7486174Z ##[group]Checking out the ref
job-core	Checkout code	2025-03-31T08:05:46.7499575Z [command]/usr/bin/git checkout --progress --force -B H214-salidas-de-cada-uno-de-los-diferentes-modulos-a-output refs/remotes/origin/H214-salidas-de-cada-uno-de-los-diferentes-modulos-a-output
job-core	Checkout code	2025-03-31T08:05:46.7786129Z Previous HEAD position was 1a5824f [Ka0S] Uploading resume execution files to the repository...
job-core	Checkout code	2025-03-31T08:05:46.7800406Z Switched to a new branch 'H214-salidas-de-cada-uno-de-los-diferentes-modulos-a-output'
job-core	Checkout code	2025-03-31T08:05:46.7806881Z branch 'H214-salidas-de-cada-uno-de-los-diferentes-modulos-a-output' set up to track 'origin/H214-salidas-de-cada-uno-de-los-diferentes-modulos-a-output'.
job-core	Checkout code	2025-03-31T08:05:46.7816461Z ##[endgroup]
job-core	Checkout code	2025-03-31T08:05:46.7898730Z [command]/usr/bin/git log -1 --format=%H
job-core	Checkout code	2025-03-31T08:05:46.7930513Z 9576658f0a66c132a6937646c783ab5554c510c4
job-core	Validate file extensions	ï»¿2025-03-31T08:05:46.8227083Z ##[group]Run IFS=' ' read -r -a extensions <<< "***"
job-core	Validate file extensions	2025-03-31T08:05:46.8227886Z [36;1mIFS=' ' read -r -a extensions <<< "***"[0m
job-core	Validate file extensions	2025-03-31T08:05:46.8228427Z [36;1mfor file in $(git diff --name-only HEAD~1 HEAD); do[0m
job-core	Validate file extensions	2025-03-31T08:05:46.8228920Z [36;1m  extension="${file##*.}"[0m
job-core	Validate file extensions	2025-03-31T08:05:46.8229379Z [36;1m  if [[ ! " ${extensions[@]} " =~ " ${extension} " ]]; then[0m
job-core	Validate file extensions	2025-03-31T08:05:46.8229934Z [36;1m    echo "File $file has an invalid extension: $extension"[0m
job-core	Validate file extensions	2025-03-31T08:05:46.8231445Z [36;1m  fi[0m
job-core	Validate file extensions	2025-03-31T08:05:46.8231750Z [36;1mdone[0m
job-core	Validate file extensions	2025-03-31T08:05:46.8232409Z [36;1mRNNUMBER=$(echo "H214-salidas-de-cada-uno-de-los-diferentes-modulos-a-output" | grep -o '[0-9]*')[0m
job-core	Validate file extensions	2025-03-31T08:05:46.8233288Z [36;1mgh issue comment $RNNUMBER --body "Se inicia Ka0s 14166920542 "[0m
job-core	Validate file extensions	2025-03-31T08:05:46.8248105Z shell: /usr/bin/bash -e {0}
job-core	Validate file extensions	2025-03-31T08:05:46.8248575Z env:
job-core	Validate file extensions	2025-03-31T08:05:46.8248886Z   KAOS_CODE: 14166920542
job-core	Validate file extensions	2025-03-31T08:05:46.8249243Z   KAOS_EVENT_NAME: push
job-core	Validate file extensions	2025-03-31T08:05:46.8249646Z   KAOS_ACTION: 
job-core	Validate file extensions	2025-03-31T08:05:46.8250605Z   KAOS_REF: refs/heads/H214-salidas-de-cada-uno-de-los-diferentes-modulos-a-output
job-core	Validate file extensions	2025-03-31T08:05:46.8251256Z   KAOS_MODULE: [Ka0S] kaos
job-core	Validate file extensions	2025-03-31T08:05:46.8251758Z   KAOS_PATH_RESUME: core/results/k/
job-core	Validate file extensions	2025-03-31T08:05:46.8252161Z   KAOS_JSON: core/results/event_data_
job-core	Validate file extensions	2025-03-31T08:05:46.8252556Z   KAOS_ACTOR: santakloud
job-core	Validate file extensions	2025-03-31T08:05:46.8252904Z   GITHUB_OUTPUT: 
job-core	Validate file extensions	2025-03-31T08:05:46.8253480Z   GH_TOKEN: ***
job-core	Validate file extensions	2025-03-31T08:05:46.8253827Z ##[endgroup]
job-core	Validate file extensions	2025-03-31T08:05:46.8364622Z File core/test/correct-file.json has an invalid extension: json
job-core	Validate file extensions	2025-03-31T08:05:47.9966124Z https://github.com/Ka0s-Klaus/ka0s/issues/214#issuecomment-2765443143
job-core	Crear JSON	ï»¿2025-03-31T08:05:48.0074124Z ##[group]Run echo "{}" >> core/results/event_data_14166920542.json
job-core	Crear JSON	2025-03-31T08:05:48.0074828Z [36;1mecho "{}" >> core/results/event_data_14166920542.json[0m
job-core	Crear JSON	2025-03-31T08:05:48.0075256Z [36;1mcase "push" in[0m
job-core	Crear JSON	2025-03-31T08:05:48.0075553Z [36;1m  "push")[0m
job-core	Crear JSON	2025-03-31T08:05:48.0076867Z [36;1m    echo "{\"event\": \"push\", \"ref\": \"refs/heads/H214-salidas-de-cada-uno-de-los-diferentes-modulos-a-output\", \"sha\": \"9576658f0a66c132a6937646c783ab5554c510c4\"}" >> core/results/event_data_14166920542.json # Ejemplo: {"event": "push", "ref": "refs/heads/main", "sha": "abc123"}[0m
job-core	Crear JSON	2025-03-31T08:05:48.0078474Z [36;1m    echo "Variable github.action=crear_json" >> core/results/event_data_14166920542.json[0m
job-core	Crear JSON	2025-03-31T08:05:48.0079077Z [36;1m    echo "Variable github.event.action="[0m
job-core	Crear JSON	2025-03-31T08:05:48.0079752Z [36;1m    echo "Variable github.event.pusher.name=santakloud" >> core/results/event_data_14166920542.json[0m
job-core	Crear JSON	2025-03-31T08:05:48.0081002Z [36;1m    echo "variable github.event.pusher.email=73332898+santakloud@users.noreply.github.com" >> core/results/event_data_14166920542.json[0m
job-core	Crear JSON	2025-03-31T08:05:48.0082073Z [36;1m    echo "Variable github.event.issue.number=" >> core/results/event_data_14166920542.json[0m
job-core	Crear JSON	2025-03-31T08:05:48.0083099Z [36;1m    #Crear un fichero de resumen con todos los datos de los commits asociados, esta informaciÃ³n es usada en todo el ciclo de vida del workflow[0m
job-core	Crear JSON	2025-03-31T08:05:48.0084544Z [36;1m    git log 0000000000000000000000000000000000000000..9576658f0a66c132a6937646c783ab5554c510c4 --pretty=format:'%H%n%an%n%ae%n%ad%n%s' > core/results/k/commit-summary-$KAOS_CODE_FILES.txt[0m
job-core	Crear JSON	2025-03-31T08:05:48.0085718Z [36;1m    # Crear un fichero con la ruta completa y el nombre ficheros implicados en el commit[0m
job-core	Crear JSON	2025-03-31T08:05:48.0086842Z [36;1m    git diff --name-only 0000000000000000000000000000000000000000 9576658f0a66c132a6937646c783ab5554c510c4 > core/results/k/files-in-commit-$KAOS_CODE_FILES.txt[0m
job-core	Crear JSON	2025-03-31T08:05:48.0087876Z [36;1m    INVOLVED=core/results/k/files-in-commit-$KAOS_CODE_FILES.txt[0m
job-core	Crear JSON	2025-03-31T08:05:48.0088432Z [36;1m    #echo "INVOLVED=$INVOLVED" >> $GITHUB_OUTPUT[0m
job-core	Crear JSON	2025-03-31T08:05:48.0088979Z [36;1m    echo "INVOLVED=$INVOLVED" >> core/results/event_data_14166920542.json[0m
job-core	Crear JSON	2025-03-31T08:05:48.0089463Z [36;1m    ;;[0m
job-core	Crear JSON	2025-03-31T08:05:48.0089737Z [36;1m  "pull_request")[0m
job-core	Crear JSON	2025-03-31T08:05:48.0090553Z [36;1m    echo "{\"event\": \"pull_request\", \"action\": \"\", \"number\": \"\"}" > event_data.json # Ejemplo: {"event": "pull_request", "action": "opened", "number": "42"}[0m
job-core	Crear JSON	2025-03-31T08:05:48.0091287Z [36;1m    ;;[0m
job-core	Crear JSON	2025-03-31T08:05:48.0091551Z [36;1m  "issues")[0m
job-core	Crear JSON	2025-03-31T08:05:48.0092163Z [36;1m    echo "{\"event\": \"issues\", \"action\": \"\", \"issue\": \"\"}" > event_data.json # Ejemplo: {"event": "issues", "action": "opened", "issue": "99"}[0m
job-core	Crear JSON	2025-03-31T08:05:48.0093113Z [36;1m    ;;[0m
job-core	Crear JSON	2025-03-31T08:05:48.0093389Z [36;1m  "issue_comment")[0m
job-core	Crear JSON	2025-03-31T08:05:48.0094131Z [36;1m    echo "{\"event\": \"issue_comment\", \"action\": \"\", \"comment\": \"\"}" > event_data.json # Ejemplo: {"event": "issue_comment", "action": "created", "comment": "123456"}[0m
job-core	Crear JSON	2025-03-31T08:05:48.0094899Z [36;1m    ;;[0m
job-core	Crear JSON	2025-03-31T08:05:48.0095157Z [36;1m  "create")[0m
job-core	Crear JSON	2025-03-31T08:05:48.0096577Z [36;1m    echo "{\"event\": \"create\", \"ref\": \"refs/heads/H214-salidas-de-cada-uno-de-los-diferentes-modulos-a-output\", \"ref_type\": \"refs/heads/H214-salidas-de-cada-uno-de-los-diferentes-modulos-a-output\"}" > event_data.json # Ejemplo: {"event": "create", "ref": "refs/tags/v1.0", "ref_type": "tag"}[0m
job-core	Crear JSON	2025-03-31T08:05:48.0098057Z [36;1m    ;;[0m
job-core	Crear JSON	2025-03-31T08:05:48.0098317Z [36;1m  "delete")[0m
job-core	Crear JSON	2025-03-31T08:05:48.0099775Z [36;1m    echo "{\"event\": \"delete\", \"ref\": \"refs/heads/H214-salidas-de-cada-uno-de-los-diferentes-modulos-a-output\", \"ref_type\": \"refs/heads/H214-salidas-de-cada-uno-de-los-diferentes-modulos-a-output\"}" > event_data.json # Ejemplo: {"event": "delete", "ref": "refs/heads/feature-branch", "ref_type": "branch"}[0m
job-core	Crear JSON	2025-03-31T08:05:48.0101619Z [36;1m    ;;[0m
job-core	Crear JSON	2025-03-31T08:05:48.0101886Z [36;1m  "release")[0m
job-core	Crear JSON	2025-03-31T08:05:48.0102557Z [36;1m    echo "{\"event\": \"release\", \"action\": \"\", \"release\": \"\"}" > event_data.json # Ejemplo: {"event": "release", "action": "published", "release": "v1.0"}[0m
job-core	Crear JSON	2025-03-31T08:05:48.0103272Z [36;1m    ;;[0m
job-core	Crear JSON	2025-03-31T08:05:48.0103531Z [36;1m  "watch")[0m
job-core	Crear JSON	2025-03-31T08:05:48.0104058Z [36;1m    echo "{\"event\": \"watch\", \"action\": \"\"}" > event_data.json # Ejemplo: {"event": "watch", "action": "started"}[0m
job-core	Crear JSON	2025-03-31T08:05:48.0104642Z [36;1m    ;;[0m
job-core	Crear JSON	2025-03-31T08:05:48.0104921Z [36;1m  "repository_dispatch")[0m
job-core	Crear JSON	2025-03-31T08:05:48.0105652Z [36;1m    echo "{\"event\": \"repository_dispatch\", \"action\": \"\"}" > event_data.json # Ejemplo: {"event": "repository_dispatch", "action": "custom-event"}[0m
job-core	Crear JSON	2025-03-31T08:05:48.0106388Z [36;1m    ;;[0m
job-core	Crear JSON	2025-03-31T08:05:48.0106662Z [36;1m  "workflow_dispatch")[0m
job-core	Crear JSON	2025-03-31T08:05:48.0107256Z [36;1m    echo "{\"event\": \"workflow_dispatch\"}" > event_data.json # Ejemplo: {"event": "workflow_dispatch"}[0m
job-core	Crear JSON	2025-03-31T08:05:48.0107828Z [36;1m    ;;[0m
job-core	Crear JSON	2025-03-31T08:05:48.0108080Z [36;1m  *)[0m
job-core	Crear JSON	2025-03-31T08:05:48.0108490Z [36;1m    echo "{\"event\": \"unknown\"}" > event_data.json # Ejemplo: {"event": "unknown"}[0m
job-core	Crear JSON	2025-03-31T08:05:48.0108986Z [36;1m    ;;[0m
job-core	Crear JSON	2025-03-31T08:05:48.0109246Z [36;1mesac      [0m
job-core	Crear JSON	2025-03-31T08:05:48.0119126Z shell: /usr/bin/bash -e {0}
job-core	Crear JSON	2025-03-31T08:05:48.0119623Z env:
job-core	Crear JSON	2025-03-31T08:05:48.0120241Z   KAOS_CODE: 14166920542
job-core	Crear JSON	2025-03-31T08:05:48.0120580Z   KAOS_EVENT_NAME: push
job-core	Crear JSON	2025-03-31T08:05:48.0120877Z   KAOS_ACTION: 
job-core	Crear JSON	2025-03-31T08:05:48.0121387Z   KAOS_REF: refs/heads/H214-salidas-de-cada-uno-de-los-diferentes-modulos-a-output
job-core	Crear JSON	2025-03-31T08:05:48.0122038Z   KAOS_MODULE: [Ka0S] kaos
job-core	Crear JSON	2025-03-31T08:05:48.0122377Z   KAOS_PATH_RESUME: core/results/k/
job-core	Crear JSON	2025-03-31T08:05:48.0122751Z   KAOS_JSON: core/results/event_data_
job-core	Crear JSON	2025-03-31T08:05:48.0123122Z   KAOS_ACTOR: santakloud
job-core	Crear JSON	2025-03-31T08:05:48.0123459Z   GITHUB_OUTPUT: 
job-core	Crear JSON	2025-03-31T08:05:48.0123750Z ##[endgroup]
job-core	Crear JSON	2025-03-31T08:05:48.0197431Z Variable github.event.action=
job-core	Crear JSON	2025-03-31T08:05:48.0235754Z fatal: Invalid revision range 0000000000000000000000000000000000000000..9576658f0a66c132a6937646c783ab5554c510c4
job-core	Crear JSON	2025-03-31T08:05:48.0253610Z ##[error]Process completed with exit code 128.
job-core	Post Checkout code	ï»¿2025-03-31T08:05:48.0419930Z Post job cleanup.
job-core	Post Checkout code	2025-03-31T08:05:48.1744608Z [command]/usr/bin/git version
job-core	Post Checkout code	2025-03-31T08:05:48.1797462Z git version 2.48.1
job-core	Post Checkout code	2025-03-31T08:05:48.1852285Z Copying '/home/kaos/.gitconfig' to '/actions-runner/_work/_temp/c87b815b-7ab4-4a76-9298-07c233646627/.gitconfig'
job-core	Post Checkout code	2025-03-31T08:05:48.1868736Z Temporarily overriding HOME='/actions-runner/_work/_temp/c87b815b-7ab4-4a76-9298-07c233646627' before making global git config changes
job-core	Post Checkout code	2025-03-31T08:05:48.1870998Z Adding repository directory to the temporary git global config as a safe directory
job-core	Post Checkout code	2025-03-31T08:05:48.1877567Z [command]/usr/bin/git config --global --add safe.directory /actions-runner/_work/ka0s/ka0s
job-core	Post Checkout code	2025-03-31T08:05:48.1935468Z [command]/usr/bin/git config --local --name-only --get-regexp core\.sshCommand
job-core	Post Checkout code	2025-03-31T08:05:48.1990693Z [command]/usr/bin/git submodule foreach --recursive sh -c "git config --local --name-only --get-regexp 'core\.sshCommand' && git config --local --unset-all 'core.sshCommand' || :"
job-core	Post Checkout code	2025-03-31T08:05:48.2379390Z [command]/usr/bin/git config --local --name-only --get-regexp http\.https\:\/\/github\.com\/\.extraheader
job-core	Post Checkout code	2025-03-31T08:05:48.2412690Z http.https://github.com/.extraheader
job-core	Post Checkout code	2025-03-31T08:05:48.2433383Z [command]/usr/bin/git config --local --unset-all http.https://github.com/.extraheader
job-core	Post Checkout code	2025-03-31T08:05:48.2493605Z [command]/usr/bin/git submodule foreach --recursive sh -c "git config --local --name-only --get-regexp 'http\.https\:\/\/github\.com\/\.extraheader' && git config --local --unset-all 'http.https://github.com/.extraheader' || :"
job-core	Complete job	ï»¿2025-03-31T08:05:48.3056482Z Cleaning up orphan processes
handle_failure	Set up job	ï»¿2025-03-31T08:05:58.2567318Z Current runner version: '2.323.0'
handle_failure	Set up job	2025-03-31T08:05:58.2577240Z Runner name: 'kaos-4'
handle_failure	Set up job	2025-03-31T08:05:58.2578462Z Machine name: '3fe80eba0036'
handle_failure	Set up job	2025-03-31T08:05:58.2582363Z ##[group]GITHUB_TOKEN Permissions
handle_failure	Set up job	2025-03-31T08:05:58.2585351Z Contents: read
handle_failure	Set up job	2025-03-31T08:05:58.2586231Z Metadata: read
handle_failure	Set up job	2025-03-31T08:05:58.2586942Z Packages: read
handle_failure	Set up job	2025-03-31T08:05:58.2587671Z ##[endgroup]
handle_failure	Set up job	2025-03-31T08:05:58.2590649Z Secret source: Actions
handle_failure	Set up job	2025-03-31T08:05:58.2591558Z Prepare workflow directory
handle_failure	Set up job	2025-03-31T08:05:58.3522057Z Prepare all required actions
handle_failure	Set up job	2025-03-31T08:05:58.3575938Z Getting action download info
handle_failure	Set up job	2025-03-31T08:05:59.1060949Z Download action repository 'actions/checkout@v4' (SHA:11bd71901bbe5b1630ceea73d27597364c9af683)
handle_failure	Set up job	2025-03-31T08:06:01.5276930Z Complete job name: handle_failure
handle_failure	Checkout code	ï»¿2025-03-31T08:06:01.5954205Z ##[group]Run actions/checkout@v4
handle_failure	Checkout code	2025-03-31T08:06:01.5955452Z with:
handle_failure	Checkout code	2025-03-31T08:06:01.5955985Z   fetch-depth: 0
handle_failure	Checkout code	2025-03-31T08:06:01.5956846Z   token: ***
handle_failure	Checkout code	2025-03-31T08:06:01.5957474Z   repository: Ka0s-Klaus/ka0s
handle_failure	Checkout code	2025-03-31T08:06:01.5958189Z   ssh-strict: true
handle_failure	Checkout code	2025-03-31T08:06:01.5958738Z   ssh-user: git
handle_failure	Checkout code	2025-03-31T08:06:01.5959296Z   persist-credentials: true
handle_failure	Checkout code	2025-03-31T08:06:01.5959920Z   clean: true
handle_failure	Checkout code	2025-03-31T08:06:01.5961114Z   sparse-checkout-cone-mode: true
handle_failure	Checkout code	2025-03-31T08:06:01.5961804Z   fetch-tags: false
handle_failure	Checkout code	2025-03-31T08:06:01.5962364Z   show-progress: true
handle_failure	Checkout code	2025-03-31T08:06:01.5962920Z   lfs: false
handle_failure	Checkout code	2025-03-31T08:06:01.5963425Z   submodules: false
handle_failure	Checkout code	2025-03-31T08:06:01.5964545Z   set-safe-directory: true
handle_failure	Checkout code	2025-03-31T08:06:01.5966964Z env:
handle_failure	Checkout code	2025-03-31T08:06:01.5967895Z   KAOS_CODE: 14166920542
handle_failure	Checkout code	2025-03-31T08:06:01.5968535Z   KAOS_EVENT_NAME: push
handle_failure	Checkout code	2025-03-31T08:06:01.5970393Z   KAOS_ACTION: 
handle_failure	Checkout code	2025-03-31T08:06:01.5972309Z   KAOS_REF: refs/heads/H214-salidas-de-cada-uno-de-los-diferentes-modulos-a-output
handle_failure	Checkout code	2025-03-31T08:06:01.5976219Z   KAOS_MODULE: [Ka0S] kaos
handle_failure	Checkout code	2025-03-31T08:06:01.5977025Z   KAOS_PATH_RESUME: core/results/k/
handle_failure	Checkout code	2025-03-31T08:06:01.5977790Z   KAOS_JSON: core/results/event_data_
handle_failure	Checkout code	2025-03-31T08:06:01.5979641Z   KAOS_ACTOR: santakloud
handle_failure	Checkout code	2025-03-31T08:06:01.5980907Z ##[endgroup]
handle_failure	Checkout code	2025-03-31T08:06:01.7568074Z Syncing repository: Ka0s-Klaus/ka0s
handle_failure	Checkout code	2025-03-31T08:06:01.7572172Z ##[group]Getting Git version info
handle_failure	Checkout code	2025-03-31T08:06:01.7573445Z Working directory is '/actions-runner/_work/ka0s/ka0s'
handle_failure	Checkout code	2025-03-31T08:06:01.7574901Z [command]/usr/bin/git version
handle_failure	Checkout code	2025-03-31T08:06:01.7575619Z git version 2.48.1
handle_failure	Checkout code	2025-03-31T08:06:01.7606614Z ##[endgroup]
handle_failure	Checkout code	2025-03-31T08:06:01.7621534Z Copying '/home/kaos/.gitconfig' to '/actions-runner/_work/_temp/6ed1994d-aa6f-4503-8e4e-9cc1a672107b/.gitconfig'
handle_failure	Checkout code	2025-03-31T08:06:01.7638184Z Temporarily overriding HOME='/actions-runner/_work/_temp/6ed1994d-aa6f-4503-8e4e-9cc1a672107b' before making global git config changes
handle_failure	Checkout code	2025-03-31T08:06:01.7640805Z Adding repository directory to the temporary git global config as a safe directory
handle_failure	Checkout code	2025-03-31T08:06:01.7647743Z [command]/usr/bin/git config --global --add safe.directory /actions-runner/_work/ka0s/ka0s
handle_failure	Checkout code	2025-03-31T08:06:01.7710770Z [command]/usr/bin/git config --local --get remote.origin.url
handle_failure	Checkout code	2025-03-31T08:06:01.7742750Z https://github.com/Ka0s-Klaus/ka0s
handle_failure	Checkout code	2025-03-31T08:06:01.7771354Z ##[group]Removing previously created refs, to avoid conflicts
handle_failure	Checkout code	2025-03-31T08:06:01.7778876Z [command]/usr/bin/git rev-parse --symbolic-full-name --verify --quiet HEAD
handle_failure	Checkout code	2025-03-31T08:06:01.7811562Z refs/heads/H220-web-de-resultados
handle_failure	Checkout code	2025-03-31T08:06:01.7829311Z [command]/usr/bin/git checkout --detach
handle_failure	Checkout code	2025-03-31T08:06:01.7943690Z HEAD is now at 1a5824f [Ka0S] Uploading resume execution files to the repository...
handle_failure	Checkout code	2025-03-31T08:06:01.8026301Z [command]/usr/bin/git branch --delete --force H220-web-de-resultados
handle_failure	Checkout code	2025-03-31T08:06:01.8068130Z Deleted branch H220-web-de-resultados (was 1a5824f).
handle_failure	Checkout code	2025-03-31T08:06:01.8144912Z ##[endgroup]
handle_failure	Checkout code	2025-03-31T08:06:01.8150293Z [command]/usr/bin/git submodule status
handle_failure	Checkout code	2025-03-31T08:06:01.8532281Z ##[group]Cleaning the repository
handle_failure	Checkout code	2025-03-31T08:06:01.8538998Z [command]/usr/bin/git clean -ffdx
handle_failure	Checkout code	2025-03-31T08:06:01.8607602Z [command]/usr/bin/git reset --hard HEAD
handle_failure	Checkout code	2025-03-31T08:06:01.8775648Z HEAD is now at 1a5824f [Ka0S] Uploading resume execution files to the repository...
handle_failure	Checkout code	2025-03-31T08:06:01.8783471Z ##[endgroup]
handle_failure	Checkout code	2025-03-31T08:06:01.8785860Z ##[group]Disabling automatic garbage collection
handle_failure	Checkout code	2025-03-31T08:06:01.8792118Z [command]/usr/bin/git config --local gc.auto 0
handle_failure	Checkout code	2025-03-31T08:06:01.8838662Z ##[endgroup]
handle_failure	Checkout code	2025-03-31T08:06:01.8841129Z ##[group]Setting up auth
handle_failure	Checkout code	2025-03-31T08:06:01.8849774Z [command]/usr/bin/git config --local --name-only --get-regexp core\.sshCommand
handle_failure	Checkout code	2025-03-31T08:06:01.8898341Z [command]/usr/bin/git submodule foreach --recursive sh -c "git config --local --name-only --get-regexp 'core\.sshCommand' && git config --local --unset-all 'core.sshCommand' || :"
handle_failure	Checkout code	2025-03-31T08:06:01.9289327Z [command]/usr/bin/git config --local --name-only --get-regexp http\.https\:\/\/github\.com\/\.extraheader
handle_failure	Checkout code	2025-03-31T08:06:01.9347167Z [command]/usr/bin/git submodule foreach --recursive sh -c "git config --local --name-only --get-regexp 'http\.https\:\/\/github\.com\/\.extraheader' && git config --local --unset-all 'http.https://github.com/.extraheader' || :"
handle_failure	Checkout code	2025-03-31T08:06:01.9749929Z [command]/usr/bin/git config --local http.https://github.com/.extraheader AUTHORIZATION: basic ***
handle_failure	Checkout code	2025-03-31T08:06:01.9821968Z ##[endgroup]
handle_failure	Checkout code	2025-03-31T08:06:01.9823915Z ##[group]Fetching the repository
handle_failure	Checkout code	2025-03-31T08:06:01.9833972Z [command]/usr/bin/git -c protocol.version=2 fetch --prune --no-recurse-submodules origin +refs/heads/*:refs/remotes/origin/* +refs/tags/*:refs/tags/*
handle_failure	Checkout code	2025-03-31T08:06:03.5682130Z From https://github.com/Ka0s-Klaus/ka0s
handle_failure	Checkout code	2025-03-31T08:06:03.5686743Z  * [new branch]      H214-salidas-de-cada-uno-de-los-diferentes-modulos-a-output -> origin/H214-salidas-de-cada-uno-de-los-diferentes-modulos-a-output
handle_failure	Checkout code	2025-03-31T08:06:03.5690828Z    29dd452..acfa300  main       -> origin/main
handle_failure	Checkout code	2025-03-31T08:06:03.5748766Z [command]/usr/bin/git branch --list --remote origin/H214-salidas-de-cada-uno-de-los-diferentes-modulos-a-output
handle_failure	Checkout code	2025-03-31T08:06:03.5786575Z   origin/H214-salidas-de-cada-uno-de-los-diferentes-modulos-a-output
handle_failure	Checkout code	2025-03-31T08:06:03.5801973Z [command]/usr/bin/git rev-parse refs/remotes/origin/H214-salidas-de-cada-uno-de-los-diferentes-modulos-a-output
handle_failure	Checkout code	2025-03-31T08:06:03.5835175Z 9576658f0a66c132a6937646c783ab5554c510c4
handle_failure	Checkout code	2025-03-31T08:06:03.5844760Z ##[endgroup]
handle_failure	Checkout code	2025-03-31T08:06:03.5846634Z ##[group]Determining the checkout info
handle_failure	Checkout code	2025-03-31T08:06:03.5851018Z ##[endgroup]
handle_failure	Checkout code	2025-03-31T08:06:03.5852283Z [command]/usr/bin/git sparse-checkout disable
handle_failure	Checkout code	2025-03-31T08:06:03.5922703Z [command]/usr/bin/git config --local --unset-all extensions.worktreeConfig
handle_failure	Checkout code	2025-03-31T08:06:03.5964008Z ##[group]Checking out the ref
handle_failure	Checkout code	2025-03-31T08:06:03.5970729Z [command]/usr/bin/git checkout --progress --force -B H214-salidas-de-cada-uno-de-los-diferentes-modulos-a-output refs/remotes/origin/H214-salidas-de-cada-uno-de-los-diferentes-modulos-a-output
handle_failure	Checkout code	2025-03-31T08:06:03.6214309Z Previous HEAD position was 1a5824f [Ka0S] Uploading resume execution files to the repository...
handle_failure	Checkout code	2025-03-31T08:06:03.6227325Z Switched to a new branch 'H214-salidas-de-cada-uno-de-los-diferentes-modulos-a-output'
handle_failure	Checkout code	2025-03-31T08:06:03.6233552Z branch 'H214-salidas-de-cada-uno-de-los-diferentes-modulos-a-output' set up to track 'origin/H214-salidas-de-cada-uno-de-los-diferentes-modulos-a-output'.
handle_failure	Checkout code	2025-03-31T08:06:03.6245634Z ##[endgroup]
handle_failure	Checkout code	2025-03-31T08:06:03.6305780Z [command]/usr/bin/git log -1 --format=%H
handle_failure	Checkout code	2025-03-31T08:06:03.6348075Z 9576658f0a66c132a6937646c783ab5554c510c4
handle_failure	handle-failure-execution	ï»¿2025-03-31T08:06:03.6697722Z ##[group]Run echo "Error detected in process"
handle_failure	handle-failure-execution	2025-03-31T08:06:03.6699489Z [36;1mecho "Error detected in process"[0m
handle_failure	handle-failure-execution	2025-03-31T08:06:03.6702917Z [36;1mRNNUMBER=$(echo "refs/heads/H214-salidas-de-cada-uno-de-los-diferentes-modulos-a-output" | grep -o '[0-9]*')[0m
handle_failure	handle-failure-execution	2025-03-31T08:06:03.6708222Z [36;1mgh issue comment $RNNUMBER --body "El proceso no ha finalizado correctamente 14166920542. El resultado estÃ¡ en el fichero core/results/event_data14166920542.log"[0m
handle_failure	handle-failure-execution	2025-03-31T08:06:03.6727826Z shell: /usr/bin/bash -e {0}
handle_failure	handle-failure-execution	2025-03-31T08:06:03.6729394Z env:
handle_failure	handle-failure-execution	2025-03-31T08:06:03.6730651Z   KAOS_CODE: 14166920542
handle_failure	handle-failure-execution	2025-03-31T08:06:03.6731998Z   KAOS_EVENT_NAME: push
handle_failure	handle-failure-execution	2025-03-31T08:06:03.6733091Z   KAOS_ACTION: 
handle_failure	handle-failure-execution	2025-03-31T08:06:03.6734891Z   KAOS_REF: refs/heads/H214-salidas-de-cada-uno-de-los-diferentes-modulos-a-output
handle_failure	handle-failure-execution	2025-03-31T08:06:03.6737104Z   KAOS_MODULE: [Ka0S] kaos
handle_failure	handle-failure-execution	2025-03-31T08:06:03.6738302Z   KAOS_PATH_RESUME: core/results/k/
handle_failure	handle-failure-execution	2025-03-31T08:06:03.6739669Z   KAOS_JSON: core/results/event_data_
handle_failure	handle-failure-execution	2025-03-31T08:06:03.6741709Z   KAOS_ACTOR: santakloud
handle_failure	handle-failure-execution	2025-03-31T08:06:03.6743448Z   GH_TOKEN: ***
handle_failure	handle-failure-execution	2025-03-31T08:06:03.6744434Z ##[endgroup]
handle_failure	handle-failure-execution	2025-03-31T08:06:03.6828477Z Error detected in process
handle_failure	handle-failure-execution	2025-03-31T08:06:05.3419575Z https://github.com/Ka0s-Klaus/ka0s/issues/214#issuecomment-2765443748
handle_failure	Post Checkout code	ï»¿2025-03-31T08:06:05.3728600Z Post job cleanup.
handle_failure	Post Checkout code	2025-03-31T08:06:05.5062875Z [command]/usr/bin/git version
handle_failure	Post Checkout code	2025-03-31T08:06:05.5118650Z git version 2.48.1
handle_failure	Post Checkout code	2025-03-31T08:06:05.5173098Z Copying '/home/kaos/.gitconfig' to '/actions-runner/_work/_temp/aafb8b9c-1602-44dc-b1b1-dffcd5347466/.gitconfig'
handle_failure	Post Checkout code	2025-03-31T08:06:05.5190223Z Temporarily overriding HOME='/actions-runner/_work/_temp/aafb8b9c-1602-44dc-b1b1-dffcd5347466' before making global git config changes
handle_failure	Post Checkout code	2025-03-31T08:06:05.5192535Z Adding repository directory to the temporary git global config as a safe directory
handle_failure	Post Checkout code	2025-03-31T08:06:05.5198087Z [command]/usr/bin/git config --global --add safe.directory /actions-runner/_work/ka0s/ka0s
handle_failure	Post Checkout code	2025-03-31T08:06:05.5249937Z [command]/usr/bin/git config --local --name-only --get-regexp core\.sshCommand
handle_failure	Post Checkout code	2025-03-31T08:06:05.5316504Z [command]/usr/bin/git submodule foreach --recursive sh -c "git config --local --name-only --get-regexp 'core\.sshCommand' && git config --local --unset-all 'core.sshCommand' || :"
handle_failure	Post Checkout code	2025-03-31T08:06:05.5698064Z [command]/usr/bin/git config --local --name-only --get-regexp http\.https\:\/\/github\.com\/\.extraheader
handle_failure	Post Checkout code	2025-03-31T08:06:05.5733124Z http.https://github.com/.extraheader
handle_failure	Post Checkout code	2025-03-31T08:06:05.5750128Z [command]/usr/bin/git config --local --unset-all http.https://github.com/.extraheader
handle_failure	Post Checkout code	2025-03-31T08:06:05.5805483Z [command]/usr/bin/git submodule foreach --recursive sh -c "git config --local --name-only --get-regexp 'http\.https\:\/\/github\.com\/\.extraheader' && git config --local --unset-all 'http.https://github.com/.extraheader' || :"
handle_failure	Complete job	ï»¿2025-03-31T08:06:05.6331631Z Cleaning up orphan processes
end-workflow	Set up job	ï»¿2025-03-31T08:06:14.3159617Z Current runner version: '2.323.0'
end-workflow	Set up job	2025-03-31T08:06:14.3169816Z Runner name: 'ka0s-runner-1'
end-workflow	Set up job	2025-03-31T08:06:14.3171893Z Machine name: '181b3e34799e'
end-workflow	Set up job	2025-03-31T08:06:14.3175375Z ##[group]GITHUB_TOKEN Permissions
end-workflow	Set up job	2025-03-31T08:06:14.3178491Z Contents: read
end-workflow	Set up job	2025-03-31T08:06:14.3179213Z Metadata: read
end-workflow	Set up job	2025-03-31T08:06:14.3179941Z Packages: read
end-workflow	Set up job	2025-03-31T08:06:14.3181429Z ##[endgroup]
end-workflow	Set up job	2025-03-31T08:06:14.3184101Z Secret source: Actions
end-workflow	Set up job	2025-03-31T08:06:14.3185050Z Prepare workflow directory
end-workflow	Set up job	2025-03-31T08:06:14.4103559Z Prepare all required actions
end-workflow	Set up job	2025-03-31T08:06:14.4157766Z Getting action download info
end-workflow	Set up job	2025-03-31T08:06:15.1812995Z Download action repository 'actions/checkout@v4' (SHA:11bd71901bbe5b1630ceea73d27597364c9af683)
end-workflow	Set up job	2025-03-31T08:06:17.1570325Z Complete job name: end-workflow
end-workflow	Checkout code	ï»¿2025-03-31T08:06:17.2236111Z ##[group]Run actions/checkout@v4
end-workflow	Checkout code	2025-03-31T08:06:17.2237407Z with:
end-workflow	Checkout code	2025-03-31T08:06:17.2237999Z   fetch-depth: 0
end-workflow	Checkout code	2025-03-31T08:06:17.2238930Z   token: ***
end-workflow	Checkout code	2025-03-31T08:06:17.2239586Z   repository: Ka0s-Klaus/ka0s
end-workflow	Checkout code	2025-03-31T08:06:17.2240789Z   ssh-strict: true
end-workflow	Checkout code	2025-03-31T08:06:17.2241428Z   ssh-user: git
end-workflow	Checkout code	2025-03-31T08:06:17.2242180Z   persist-credentials: true
end-workflow	Checkout code	2025-03-31T08:06:17.2242860Z   clean: true
end-workflow	Checkout code	2025-03-31T08:06:17.2243477Z   sparse-checkout-cone-mode: true
end-workflow	Checkout code	2025-03-31T08:06:17.2244234Z   fetch-tags: false
end-workflow	Checkout code	2025-03-31T08:06:17.2244867Z   show-progress: true
end-workflow	Checkout code	2025-03-31T08:06:17.2245496Z   lfs: false
end-workflow	Checkout code	2025-03-31T08:06:17.2246078Z   submodules: false
end-workflow	Checkout code	2025-03-31T08:06:17.2246734Z   set-safe-directory: true
end-workflow	Checkout code	2025-03-31T08:06:17.2247744Z env:
end-workflow	Checkout code	2025-03-31T08:06:17.2248327Z   KAOS_CODE: 14166920542
end-workflow	Checkout code	2025-03-31T08:06:17.2248994Z   KAOS_EVENT_NAME: push
end-workflow	Checkout code	2025-03-31T08:06:17.2249648Z   KAOS_ACTION: 
end-workflow	Checkout code	2025-03-31T08:06:17.2251087Z   KAOS_REF: refs/heads/H214-salidas-de-cada-uno-de-los-diferentes-modulos-a-output
end-workflow	Checkout code	2025-03-31T08:06:17.2252298Z   KAOS_MODULE: [Ka0S] kaos
end-workflow	Checkout code	2025-03-31T08:06:17.2253026Z   KAOS_PATH_RESUME: core/results/k/
end-workflow	Checkout code	2025-03-31T08:06:17.2253800Z   KAOS_JSON: core/results/event_data_
end-workflow	Checkout code	2025-03-31T08:06:17.2254577Z   KAOS_ACTOR: santakloud
end-workflow	Checkout code	2025-03-31T08:06:17.2255482Z   GH_TOKEN: ***
end-workflow	Checkout code	2025-03-31T08:06:17.2256090Z ##[endgroup]
end-workflow	Checkout code	2025-03-31T08:06:17.3831878Z Syncing repository: Ka0s-Klaus/ka0s
end-workflow	Checkout code	2025-03-31T08:06:17.3834979Z ##[group]Getting Git version info
end-workflow	Checkout code	2025-03-31T08:06:17.3836127Z Working directory is '/actions-runner/_work/ka0s/ka0s'
end-workflow	Checkout code	2025-03-31T08:06:17.3837637Z [command]/usr/bin/git version
end-workflow	Checkout code	2025-03-31T08:06:17.3838455Z git version 2.48.1
end-workflow	Checkout code	2025-03-31T08:06:17.3886025Z ##[endgroup]
end-workflow	Checkout code	2025-03-31T08:06:17.3897949Z Copying '/home/kaos/.gitconfig' to '/actions-runner/_work/_temp/9245b4be-5a1c-463c-bd14-7ca056930835/.gitconfig'
end-workflow	Checkout code	2025-03-31T08:06:17.3900857Z Temporarily overriding HOME='/actions-runner/_work/_temp/9245b4be-5a1c-463c-bd14-7ca056930835' before making global git config changes
end-workflow	Checkout code	2025-03-31T08:06:17.3903006Z Adding repository directory to the temporary git global config as a safe directory
end-workflow	Checkout code	2025-03-31T08:06:17.3904693Z [command]/usr/bin/git config --global --add safe.directory /actions-runner/_work/ka0s/ka0s
end-workflow	Checkout code	2025-03-31T08:06:17.3954414Z [command]/usr/bin/git config --local --get remote.origin.url
end-workflow	Checkout code	2025-03-31T08:06:17.3988481Z https://github.com/Ka0s-Klaus/ka0s
end-workflow	Checkout code	2025-03-31T08:06:17.4015500Z ##[group]Removing previously created refs, to avoid conflicts
end-workflow	Checkout code	2025-03-31T08:06:17.4021118Z [command]/usr/bin/git rev-parse --symbolic-full-name --verify --quiet HEAD
end-workflow	Checkout code	2025-03-31T08:06:17.4056535Z refs/heads/H220-web-de-resultados
end-workflow	Checkout code	2025-03-31T08:06:17.4073972Z [command]/usr/bin/git checkout --detach
end-workflow	Checkout code	2025-03-31T08:06:17.4192215Z HEAD is now at 1a5824f [Ka0S] Uploading resume execution files to the repository...
end-workflow	Checkout code	2025-03-31T08:06:17.4263450Z [command]/usr/bin/git branch --delete --force H220-web-de-resultados
end-workflow	Checkout code	2025-03-31T08:06:17.4312315Z Deleted branch H220-web-de-resultados (was 1a5824f).
end-workflow	Checkout code	2025-03-31T08:06:17.4390959Z ##[endgroup]
end-workflow	Checkout code	2025-03-31T08:06:17.4396256Z [command]/usr/bin/git submodule status
end-workflow	Checkout code	2025-03-31T08:06:17.4775404Z ##[group]Cleaning the repository
end-workflow	Checkout code	2025-03-31T08:06:17.4781135Z [command]/usr/bin/git clean -ffdx
end-workflow	Checkout code	2025-03-31T08:06:17.4858078Z [command]/usr/bin/git reset --hard HEAD
end-workflow	Checkout code	2025-03-31T08:06:17.5027795Z HEAD is now at 1a5824f [Ka0S] Uploading resume execution files to the repository...
end-workflow	Checkout code	2025-03-31T08:06:17.5038760Z ##[endgroup]
end-workflow	Checkout code	2025-03-31T08:06:17.5041272Z ##[group]Disabling automatic garbage collection
end-workflow	Checkout code	2025-03-31T08:06:17.5047113Z [command]/usr/bin/git config --local gc.auto 0
end-workflow	Checkout code	2025-03-31T08:06:17.5097600Z ##[endgroup]
end-workflow	Checkout code	2025-03-31T08:06:17.5099900Z ##[group]Setting up auth
end-workflow	Checkout code	2025-03-31T08:06:17.5108414Z [command]/usr/bin/git config --local --name-only --get-regexp core\.sshCommand
end-workflow	Checkout code	2025-03-31T08:06:17.5160958Z [command]/usr/bin/git submodule foreach --recursive sh -c "git config --local --name-only --get-regexp 'core\.sshCommand' && git config --local --unset-all 'core.sshCommand' || :"
end-workflow	Checkout code	2025-03-31T08:06:17.5576916Z [command]/usr/bin/git config --local --name-only --get-regexp http\.https\:\/\/github\.com\/\.extraheader
end-workflow	Checkout code	2025-03-31T08:06:17.5622442Z [command]/usr/bin/git submodule foreach --recursive sh -c "git config --local --name-only --get-regexp 'http\.https\:\/\/github\.com\/\.extraheader' && git config --local --unset-all 'http.https://github.com/.extraheader' || :"
end-workflow	Checkout code	2025-03-31T08:06:17.6012304Z [command]/usr/bin/git config --local http.https://github.com/.extraheader AUTHORIZATION: basic ***
end-workflow	Checkout code	2025-03-31T08:06:17.6071624Z ##[endgroup]
end-workflow	Checkout code	2025-03-31T08:06:17.6072966Z ##[group]Fetching the repository
end-workflow	Checkout code	2025-03-31T08:06:17.6081779Z [command]/usr/bin/git -c protocol.version=2 fetch --prune --no-recurse-submodules origin +refs/heads/*:refs/remotes/origin/* +refs/tags/*:refs/tags/*
end-workflow	Checkout code	2025-03-31T08:06:18.9108174Z From https://github.com/Ka0s-Klaus/ka0s
end-workflow	Checkout code	2025-03-31T08:06:18.9117656Z  * [new branch]      H214-salidas-de-cada-uno-de-los-diferentes-modulos-a-output -> origin/H214-salidas-de-cada-uno-de-los-diferentes-modulos-a-output
end-workflow	Checkout code	2025-03-31T08:06:18.9125782Z    29dd452..acfa300  main       -> origin/main
end-workflow	Checkout code	2025-03-31T08:06:18.9185933Z [command]/usr/bin/git branch --list --remote origin/H214-salidas-de-cada-uno-de-los-diferentes-modulos-a-output
end-workflow	Checkout code	2025-03-31T08:06:18.9223257Z   origin/H214-salidas-de-cada-uno-de-los-diferentes-modulos-a-output
end-workflow	Checkout code	2025-03-31T08:06:18.9237548Z [command]/usr/bin/git rev-parse refs/remotes/origin/H214-salidas-de-cada-uno-de-los-diferentes-modulos-a-output
end-workflow	Checkout code	2025-03-31T08:06:18.9268582Z 9576658f0a66c132a6937646c783ab5554c510c4
end-workflow	Checkout code	2025-03-31T08:06:18.9279731Z ##[endgroup]
end-workflow	Checkout code	2025-03-31T08:06:18.9282451Z ##[group]Determining the checkout info
end-workflow	Checkout code	2025-03-31T08:06:18.9285633Z ##[endgroup]
end-workflow	Checkout code	2025-03-31T08:06:18.9287499Z [command]/usr/bin/git sparse-checkout disable
end-workflow	Checkout code	2025-03-31T08:06:18.9375075Z [command]/usr/bin/git config --local --unset-all extensions.worktreeConfig
end-workflow	Checkout code	2025-03-31T08:06:18.9422150Z ##[group]Checking out the ref
end-workflow	Checkout code	2025-03-31T08:06:18.9430228Z [command]/usr/bin/git checkout --progress --force -B H214-salidas-de-cada-uno-de-los-diferentes-modulos-a-output refs/remotes/origin/H214-salidas-de-cada-uno-de-los-diferentes-modulos-a-output
end-workflow	Checkout code	2025-03-31T08:06:18.9685136Z Previous HEAD position was 1a5824f [Ka0S] Uploading resume execution files to the repository...
end-workflow	Checkout code	2025-03-31T08:06:18.9698108Z Switched to a new branch 'H214-salidas-de-cada-uno-de-los-diferentes-modulos-a-output'
end-workflow	Checkout code	2025-03-31T08:06:18.9704670Z branch 'H214-salidas-de-cada-uno-de-los-diferentes-modulos-a-output' set up to track 'origin/H214-salidas-de-cada-uno-de-los-diferentes-modulos-a-output'.
end-workflow	Checkout code	2025-03-31T08:06:18.9712771Z ##[endgroup]
end-workflow	Checkout code	2025-03-31T08:06:18.9771156Z [command]/usr/bin/git log -1 --format=%H
end-workflow	Checkout code	2025-03-31T08:06:18.9816421Z 9576658f0a66c132a6937646c783ab5554c510c4
end-workflow	Finaliza el workflow	ï»¿2025-03-31T08:06:19.0169737Z ##[group]Run echo "End process"
end-workflow	Finaliza el workflow	2025-03-31T08:06:19.0171443Z [36;1mecho "End process"[0m
end-workflow	Finaliza el workflow	2025-03-31T08:06:19.0174223Z [36;1mRNNUMBER=$(echo "refs/heads/H214-salidas-de-cada-uno-de-los-diferentes-modulos-a-output" | grep -o '[0-9]*')[0m
end-workflow	Finaliza el workflow	2025-03-31T08:06:19.0177656Z [36;1mgh issue comment $RNNUMBER --body "Se finaliza Ka0s 14166920542"[0m
end-workflow	Finaliza el workflow	2025-03-31T08:06:19.0181396Z [36;1mgh workflow run inspector.yml --ref 'main' -f kaos-issue-id=$RNNUMBER -f kaos-workflow-id="14166920542" -f kaos-user-start=""[0m
end-workflow	Finaliza el workflow	2025-03-31T08:06:19.0199595Z shell: /usr/bin/bash -e {0}
end-workflow	Finaliza el workflow	2025-03-31T08:06:19.0201364Z env:
end-workflow	Finaliza el workflow	2025-03-31T08:06:19.0202248Z   KAOS_CODE: 14166920542
end-workflow	Finaliza el workflow	2025-03-31T08:06:19.0203347Z   KAOS_EVENT_NAME: push
end-workflow	Finaliza el workflow	2025-03-31T08:06:19.0204386Z   KAOS_ACTION: 
end-workflow	Finaliza el workflow	2025-03-31T08:06:19.0206145Z   KAOS_REF: refs/heads/H214-salidas-de-cada-uno-de-los-diferentes-modulos-a-output
end-workflow	Finaliza el workflow	2025-03-31T08:06:19.0208279Z   KAOS_MODULE: [Ka0S] kaos
end-workflow	Finaliza el workflow	2025-03-31T08:06:19.0209453Z   KAOS_PATH_RESUME: core/results/k/
end-workflow	Finaliza el workflow	2025-03-31T08:06:19.0211229Z   KAOS_JSON: core/results/event_data_
end-workflow	Finaliza el workflow	2025-03-31T08:06:19.0212598Z   KAOS_ACTOR: santakloud
end-workflow	Finaliza el workflow	2025-03-31T08:06:19.0214244Z   GH_TOKEN: ***
end-workflow	Finaliza el workflow	2025-03-31T08:06:19.0215665Z ##[endgroup]
end-workflow	Finaliza el workflow	2025-03-31T08:06:19.0296715Z End process
end-workflow	Finaliza el workflow	2025-03-31T08:06:20.4329876Z https://github.com/Ka0s-Klaus/ka0s/issues/214#issuecomment-2765444346
end-workflow	Post Checkout code	ï»¿2025-03-31T08:06:21.3451107Z Post job cleanup.
end-workflow	Post Checkout code	2025-03-31T08:06:21.4788619Z [command]/usr/bin/git version
end-workflow	Post Checkout code	2025-03-31T08:06:21.4850843Z git version 2.48.1
end-workflow	Post Checkout code	2025-03-31T08:06:21.4904195Z Copying '/home/kaos/.gitconfig' to '/actions-runner/_work/_temp/a0c51e86-c52c-44d5-a2aa-aeec1f222a11/.gitconfig'
end-workflow	Post Checkout code	2025-03-31T08:06:21.4920502Z Temporarily overriding HOME='/actions-runner/_work/_temp/a0c51e86-c52c-44d5-a2aa-aeec1f222a11' before making global git config changes
end-workflow	Post Checkout code	2025-03-31T08:06:21.4923354Z Adding repository directory to the temporary git global config as a safe directory
end-workflow	Post Checkout code	2025-03-31T08:06:21.4928571Z [command]/usr/bin/git config --global --add safe.directory /actions-runner/_work/ka0s/ka0s
end-workflow	Post Checkout code	2025-03-31T08:06:21.4982676Z [command]/usr/bin/git config --local --name-only --get-regexp core\.sshCommand
end-workflow	Post Checkout code	2025-03-31T08:06:21.5049037Z [command]/usr/bin/git submodule foreach --recursive sh -c "git config --local --name-only --get-regexp 'core\.sshCommand' && git config --local --unset-all 'core.sshCommand' || :"
end-workflow	Post Checkout code	2025-03-31T08:06:21.5453347Z [command]/usr/bin/git config --local --name-only --get-regexp http\.https\:\/\/github\.com\/\.extraheader
end-workflow	Post Checkout code	2025-03-31T08:06:21.5491273Z http.https://github.com/.extraheader
end-workflow	Post Checkout code	2025-03-31T08:06:21.5514463Z [command]/usr/bin/git config --local --unset-all http.https://github.com/.extraheader
end-workflow	Post Checkout code	2025-03-31T08:06:21.5571937Z [command]/usr/bin/git submodule foreach --recursive sh -c "git config --local --name-only --get-regexp 'http\.https\:\/\/github\.com\/\.extraheader' && git config --local --unset-all 'http.https://github.com/.extraheader' || :"
end-workflow	Complete job	ï»¿2025-03-31T08:06:21.6146898Z Cleaning up orphan processes
