job-core	Set up job	﻿2025-04-02T08:10:00.4038811Z Current runner version: '2.323.0'
job-core	Set up job	2025-04-02T08:10:00.4052700Z Runner name: 'ka0s-1'
job-core	Set up job	2025-04-02T08:10:00.4054580Z Machine name: '419612ea1a87'
job-core	Set up job	2025-04-02T08:10:00.4059583Z ##[group]GITHUB_TOKEN Permissions
job-core	Set up job	2025-04-02T08:10:00.4063800Z Actions: write
job-core	Set up job	2025-04-02T08:10:00.4064678Z Contents: write
job-core	Set up job	2025-04-02T08:10:00.4065434Z Issues: write
job-core	Set up job	2025-04-02T08:10:00.4066231Z Metadata: read
job-core	Set up job	2025-04-02T08:10:00.4066940Z PullRequests: write
job-core	Set up job	2025-04-02T08:10:00.4067677Z ##[endgroup]
job-core	Set up job	2025-04-02T08:10:00.4071358Z Secret source: Actions
job-core	Set up job	2025-04-02T08:10:00.4072571Z Prepare workflow directory
job-core	Set up job	2025-04-02T08:10:00.5106418Z Prepare all required actions
job-core	Set up job	2025-04-02T08:10:00.5158640Z Getting action download info
job-core	Set up job	2025-04-02T08:10:01.2104616Z Download action repository 'actions/checkout@v4' (SHA:11bd71901bbe5b1630ceea73d27597364c9af683)
job-core	Set up job	2025-04-02T08:10:02.9318914Z Download action repository 'actions/setup-node@v2' (SHA:7c12f8017d5436eb855f1ed4399f037a36fbd9e8)
job-core	Set up job	2025-04-02T08:10:06.4295338Z Complete job name: job-core
job-core	Checkout code	﻿2025-04-02T08:10:06.4987859Z ##[group]Run actions/checkout@v4
job-core	Checkout code	2025-04-02T08:10:06.4988756Z with:
job-core	Checkout code	2025-04-02T08:10:06.4989076Z   fetch-depth: 0
job-core	Checkout code	2025-04-02T08:10:06.4989843Z   token: ***
job-core	Checkout code	2025-04-02T08:10:06.4990440Z   repository: Ka0s-Klaus/ka0s
job-core	Checkout code	2025-04-02T08:10:06.4990973Z   ssh-strict: true
job-core	Checkout code	2025-04-02T08:10:06.4991265Z   ssh-user: git
job-core	Checkout code	2025-04-02T08:10:06.4991578Z   persist-credentials: true
job-core	Checkout code	2025-04-02T08:10:06.4991920Z   clean: true
job-core	Checkout code	2025-04-02T08:10:06.4992233Z   sparse-checkout-cone-mode: true
job-core	Checkout code	2025-04-02T08:10:06.4992613Z   fetch-tags: false
job-core	Checkout code	2025-04-02T08:10:06.4992934Z   show-progress: true
job-core	Checkout code	2025-04-02T08:10:06.4993269Z   lfs: false
job-core	Checkout code	2025-04-02T08:10:06.4993546Z   submodules: false
job-core	Checkout code	2025-04-02T08:10:06.4993868Z   set-safe-directory: true
job-core	Checkout code	2025-04-02T08:10:06.4994498Z env:
job-core	Checkout code	2025-04-02T08:10:06.4994808Z   KAOS_MODULE: [Ka0S] JSONLINT
job-core	Checkout code	2025-04-02T08:10:06.4995329Z   GH_TOKEN: ***
job-core	Checkout code	2025-04-02T08:10:06.4995695Z   KAOS_JSONLINT_CONFIG: core/config/.jsonlint.json
job-core	Checkout code	2025-04-02T08:10:06.4996165Z   KAOS_PATH_RESUME: core/outputs/j/
job-core	Checkout code	2025-04-02T08:10:06.4996683Z   KAOS_REPO: /actions-runner/_work/kaos/kaos
job-core	Checkout code	2025-04-02T08:10:06.4997105Z   KAOS_STEP_MODULE: 
job-core	Checkout code	2025-04-02T08:10:06.4997755Z   KAOS_CODE: 14214623080
job-core	Checkout code	2025-04-02T08:10:06.4998990Z   KAOS_REF_BRANCH: main
job-core	Checkout code	2025-04-02T08:10:06.4999540Z ##[endgroup]
job-core	Checkout code	2025-04-02T08:10:06.6530259Z Syncing repository: Ka0s-Klaus/ka0s
job-core	Checkout code	2025-04-02T08:10:06.6533167Z ##[group]Getting Git version info
job-core	Checkout code	2025-04-02T08:10:06.6533926Z Working directory is '/actions-runner/_work/ka0s/ka0s'
job-core	Checkout code	2025-04-02T08:10:06.6534829Z [command]/usr/bin/git version
job-core	Checkout code	2025-04-02T08:10:06.6535217Z git version 2.48.1
job-core	Checkout code	2025-04-02T08:10:06.6561993Z ##[endgroup]
job-core	Checkout code	2025-04-02T08:10:06.6577115Z Copying '/home/kaos/.gitconfig' to '/actions-runner/_work/_temp/3a3d28d0-cb1b-44a9-90fb-f85802d154eb/.gitconfig'
job-core	Checkout code	2025-04-02T08:10:06.6592613Z Temporarily overriding HOME='/actions-runner/_work/_temp/3a3d28d0-cb1b-44a9-90fb-f85802d154eb' before making global git config changes
job-core	Checkout code	2025-04-02T08:10:06.6600368Z Adding repository directory to the temporary git global config as a safe directory
job-core	Checkout code	2025-04-02T08:10:06.6601626Z [command]/usr/bin/git config --global --add safe.directory /actions-runner/_work/ka0s/ka0s
job-core	Checkout code	2025-04-02T08:10:06.6670625Z [command]/usr/bin/git config --local --get remote.origin.url
job-core	Checkout code	2025-04-02T08:10:06.6701368Z https://github.com/Ka0s-Klaus/ka0s
job-core	Checkout code	2025-04-02T08:10:06.6728969Z ##[group]Removing previously created refs, to avoid conflicts
job-core	Checkout code	2025-04-02T08:10:06.6736096Z [command]/usr/bin/git rev-parse --symbolic-full-name --verify --quiet HEAD
job-core	Checkout code	2025-04-02T08:10:06.6769119Z refs/heads/H215-modulo-de-summary
job-core	Checkout code	2025-04-02T08:10:06.6785853Z [command]/usr/bin/git checkout --detach
job-core	Checkout code	2025-04-02T08:10:06.6906936Z HEAD is now at 4dd634c New stats
job-core	Checkout code	2025-04-02T08:10:06.6976334Z [command]/usr/bin/git branch --delete --force H215-modulo-de-summary
job-core	Checkout code	2025-04-02T08:10:06.7043578Z Deleted branch H215-modulo-de-summary (was 4dd634c).
job-core	Checkout code	2025-04-02T08:10:06.7154539Z ##[endgroup]
job-core	Checkout code	2025-04-02T08:10:06.7156722Z [command]/usr/bin/git submodule status
job-core	Checkout code	2025-04-02T08:10:06.7593012Z ##[group]Cleaning the repository
job-core	Checkout code	2025-04-02T08:10:06.7604401Z [command]/usr/bin/git clean -ffdx
job-core	Checkout code	2025-04-02T08:10:06.7686808Z [command]/usr/bin/git reset --hard HEAD
job-core	Checkout code	2025-04-02T08:10:06.7877308Z HEAD is now at 4dd634c New stats
job-core	Checkout code	2025-04-02T08:10:06.7886748Z ##[endgroup]
job-core	Checkout code	2025-04-02T08:10:06.7889201Z ##[group]Disabling automatic garbage collection
job-core	Checkout code	2025-04-02T08:10:06.7896384Z [command]/usr/bin/git config --local gc.auto 0
job-core	Checkout code	2025-04-02T08:10:06.7948685Z ##[endgroup]
job-core	Checkout code	2025-04-02T08:10:06.7959722Z ##[group]Setting up auth
job-core	Checkout code	2025-04-02T08:10:06.7961788Z [command]/usr/bin/git config --local --name-only --get-regexp core\.sshCommand
job-core	Checkout code	2025-04-02T08:10:06.8021003Z [command]/usr/bin/git submodule foreach --recursive sh -c "git config --local --name-only --get-regexp 'core\.sshCommand' && git config --local --unset-all 'core.sshCommand' || :"
job-core	Checkout code	2025-04-02T08:10:06.8459074Z [command]/usr/bin/git config --local --name-only --get-regexp http\.https\:\/\/github\.com\/\.extraheader
job-core	Checkout code	2025-04-02T08:10:06.8508862Z [command]/usr/bin/git submodule foreach --recursive sh -c "git config --local --name-only --get-regexp 'http\.https\:\/\/github\.com\/\.extraheader' && git config --local --unset-all 'http.https://github.com/.extraheader' || :"
job-core	Checkout code	2025-04-02T08:10:06.8974903Z [command]/usr/bin/git config --local http.https://github.com/.extraheader AUTHORIZATION: basic ***
job-core	Checkout code	2025-04-02T08:10:06.9026926Z ##[endgroup]
job-core	Checkout code	2025-04-02T08:10:06.9029275Z ##[group]Fetching the repository
job-core	Checkout code	2025-04-02T08:10:06.9045663Z [command]/usr/bin/git -c protocol.version=2 fetch --prune --no-recurse-submodules origin +refs/heads/*:refs/remotes/origin/* +refs/tags/*:refs/tags/*
job-core	Checkout code	2025-04-02T08:10:08.0868219Z From https://github.com/Ka0s-Klaus/ka0s
job-core	Checkout code	2025-04-02T08:10:08.0874967Z    4dd634c..4a6a832  H215-modulo-de-summary -> origin/H215-modulo-de-summary
job-core	Checkout code	2025-04-02T08:10:08.0876728Z    a05553e..20aa758  main                   -> origin/main
job-core	Checkout code	2025-04-02T08:10:08.0983444Z [command]/usr/bin/git branch --list --remote origin/H215-modulo-de-summary
job-core	Checkout code	2025-04-02T08:10:08.1026000Z   origin/H215-modulo-de-summary
job-core	Checkout code	2025-04-02T08:10:08.1039869Z [command]/usr/bin/git rev-parse refs/remotes/origin/H215-modulo-de-summary
job-core	Checkout code	2025-04-02T08:10:08.1081239Z 4a6a832d1122b16fd64dde65270b28aeaed503c2
job-core	Checkout code	2025-04-02T08:10:08.1091009Z ##[endgroup]
job-core	Checkout code	2025-04-02T08:10:08.1091989Z ##[group]Determining the checkout info
job-core	Checkout code	2025-04-02T08:10:08.1093645Z ##[endgroup]
job-core	Checkout code	2025-04-02T08:10:08.1102327Z [command]/usr/bin/git sparse-checkout disable
job-core	Checkout code	2025-04-02T08:10:08.1180934Z [command]/usr/bin/git config --local --unset-all extensions.worktreeConfig
job-core	Checkout code	2025-04-02T08:10:08.1230672Z ##[group]Checking out the ref
job-core	Checkout code	2025-04-02T08:10:08.1239549Z [command]/usr/bin/git checkout --progress --force -B H215-modulo-de-summary refs/remotes/origin/H215-modulo-de-summary
job-core	Checkout code	2025-04-02T08:10:08.1647132Z Previous HEAD position was 4dd634c New stats
job-core	Checkout code	2025-04-02T08:10:08.1660583Z Switched to a new branch 'H215-modulo-de-summary'
job-core	Checkout code	2025-04-02T08:10:08.1667890Z branch 'H215-modulo-de-summary' set up to track 'origin/H215-modulo-de-summary'.
job-core	Checkout code	2025-04-02T08:10:08.1678526Z ##[endgroup]
job-core	Checkout code	2025-04-02T08:10:08.1747331Z [command]/usr/bin/git log -1 --format=%H
job-core	Checkout code	2025-04-02T08:10:08.1789088Z 4a6a832d1122b16fd64dde65270b28aeaed503c2
job-core	Install Node.js	﻿2025-04-02T08:10:08.2127434Z ##[group]Run actions/setup-node@v2
job-core	Install Node.js	2025-04-02T08:10:08.2127856Z with:
job-core	Install Node.js	2025-04-02T08:10:08.2128089Z   node-version: 14
job-core	Install Node.js	2025-04-02T08:10:08.2128351Z   always-auth: false
job-core	Install Node.js	2025-04-02T08:10:08.2128623Z   check-latest: false
job-core	Install Node.js	2025-04-02T08:10:08.2129087Z   token: ***
job-core	Install Node.js	2025-04-02T08:10:08.2129315Z env:
job-core	Install Node.js	2025-04-02T08:10:08.2129573Z   KAOS_MODULE: [Ka0S] JSONLINT
job-core	Install Node.js	2025-04-02T08:10:08.2129992Z   GH_TOKEN: ***
job-core	Install Node.js	2025-04-02T08:10:08.2131020Z   KAOS_JSONLINT_CONFIG: core/config/.jsonlint.json
job-core	Install Node.js	2025-04-02T08:10:08.2132210Z   KAOS_PATH_RESUME: core/outputs/j/
job-core	Install Node.js	2025-04-02T08:10:08.2132902Z   KAOS_REPO: /actions-runner/_work/kaos/kaos
job-core	Install Node.js	2025-04-02T08:10:08.2133288Z   KAOS_STEP_MODULE: 
job-core	Install Node.js	2025-04-02T08:10:08.2133764Z   KAOS_CODE: 14214623080
job-core	Install Node.js	2025-04-02T08:10:08.2134057Z   KAOS_REF_BRANCH: main
job-core	Install Node.js	2025-04-02T08:10:08.2134329Z ##[endgroup]
job-core	Install Node.js	2025-04-02T08:10:08.4026328Z Found in cache @ /actions-runner/_work/_tool/node/14.21.3/x64
job-core	Install jsonlint	﻿2025-04-02T08:10:08.4231888Z ##[group]Run if ! command -v jsonlint &> /dev/null; then
job-core	Install jsonlint	2025-04-02T08:10:08.4232683Z [36;1mif ! command -v jsonlint &> /dev/null; then[0m
job-core	Install jsonlint	2025-04-02T08:10:08.4233131Z [36;1m  echo "Installing jsonlint..."[0m
job-core	Install jsonlint	2025-04-02T08:10:08.4233520Z [36;1m  npm install -g jsonlint[0m
job-core	Install jsonlint	2025-04-02T08:10:08.4233861Z [36;1melse[0m
job-core	Install jsonlint	2025-04-02T08:10:08.4234245Z [36;1m  echo "jsonlint already installed, skipping installation"[0m
job-core	Install jsonlint	2025-04-02T08:10:08.4234732Z [36;1mfi[0m
job-core	Install jsonlint	2025-04-02T08:10:08.4235014Z [36;1mmkdir -p core/outputs/j/[0m
job-core	Install jsonlint	2025-04-02T08:10:08.4274120Z shell: /usr/bin/bash -e {0}
job-core	Install jsonlint	2025-04-02T08:10:08.4274536Z env:
job-core	Install jsonlint	2025-04-02T08:10:08.4274800Z   KAOS_MODULE: [Ka0S] JSONLINT
job-core	Install jsonlint	2025-04-02T08:10:08.4275377Z   GH_TOKEN: ***
job-core	Install jsonlint	2025-04-02T08:10:08.4275689Z   KAOS_JSONLINT_CONFIG: core/config/.jsonlint.json
job-core	Install jsonlint	2025-04-02T08:10:08.4276111Z   KAOS_PATH_RESUME: core/outputs/j/
job-core	Install jsonlint	2025-04-02T08:10:08.4276626Z   KAOS_REPO: /actions-runner/_work/kaos/kaos
job-core	Install jsonlint	2025-04-02T08:10:08.4277029Z   KAOS_STEP_MODULE: 
job-core	Install jsonlint	2025-04-02T08:10:08.4277347Z   KAOS_CODE: 14214623080
job-core	Install jsonlint	2025-04-02T08:10:08.4277631Z   KAOS_REF_BRANCH: main
job-core	Install jsonlint	2025-04-02T08:10:08.4277923Z ##[endgroup]
job-core	Install jsonlint	2025-04-02T08:10:08.4364253Z jsonlint already installed, skipping installation
job-core	Check JSON	﻿2025-04-02T08:10:08.4434164Z ##[group]Run # Invocamos la primera comprobación de base, sino se supera el proceso no continua
job-core	Check JSON	2025-04-02T08:10:08.4435310Z [36;1m# Invocamos la primera comprobación de base, sino se supera el proceso no continua[0m
job-core	Check JSON	2025-04-02T08:10:08.4435969Z [36;1m# Extraemos el nombre del fichero[0m
job-core	Check JSON	2025-04-02T08:10:08.4436506Z [36;1mfile_name=$(basename "core/dashboard/dashboard/principal.json")[0m
job-core	Check JSON	2025-04-02T08:10:08.4446836Z [36;1m# Generamos el fichero de resultados vacio[0m
job-core	Check JSON	2025-04-02T08:10:08.4448374Z [36;1mtouch core/outputs/j/jsonlint-results-14214623080.txt[0m
job-core	Check JSON	2025-04-02T08:10:08.4449795Z [36;1m# Realizamos el check del documento json [0m
job-core	Check JSON	2025-04-02T08:10:08.4450842Z [36;1mjsonlint core/dashboard/dashboard/principal.json > core/outputs/j/jsonlint-results-14214623080.txt[0m
job-core	Check JSON	2025-04-02T08:10:08.4451725Z [36;1m# esto es un workarround importante que hay que retirar[0m
job-core	Check JSON	2025-04-02T08:10:08.4452301Z [36;1m#rm -rf core/outputs/j/jsonlint-results-14214623080.txt[0m
job-core	Check JSON	2025-04-02T08:10:08.4452764Z [36;1m# a retirar[0m
job-core	Check JSON	2025-04-02T08:10:08.4453143Z [36;1m# Check if exist errors in file[0m
job-core	Check JSON	2025-04-02T08:10:08.4453526Z [36;1mecho "Mostramos fichero"[0m
job-core	Check JSON	2025-04-02T08:10:08.4453974Z [36;1mcat core/outputs/j/jsonlint-results-14214623080.txt[0m
job-core	Check JSON	2025-04-02T08:10:08.4454597Z [36;1mif [ ! -s core/outputs/j/jsonlint-results-14214623080.txt ]; then[0m
job-core	Check JSON	2025-04-02T08:10:08.4455408Z [36;1m  echo "File core/outputs/j/jsonlint-results-14214623080.txt is empty and is content correct"[0m
job-core	Check JSON	2025-04-02T08:10:08.4457381Z [36;1m  KAOS_ISSUE_BODY="The [Ka0S] JSONLINT process (14214574225) launch the check (14214623080) over file (core/dashboard/dashboard/principal.json) and its result has been SUCCESS. Please review all files implicated in pull request and approve to merge"[0m
job-core	Check JSON	2025-04-02T08:10:08.4459094Z [36;1m  # Añadimos la versión de jsonlint con la que se realiza la comprobacion[0m
job-core	Check JSON	2025-04-02T08:10:08.4459826Z [36;1m  jsonlint --version >> core/outputs/j/jsonlint-results-14214623080.txt[0m
job-core	Check JSON	2025-04-02T08:10:08.4460769Z [36;1m  # añadimos el nombre del fichero que vamos a comprobar[0m
job-core	Check JSON	2025-04-02T08:10:08.4461628Z [36;1m  echo "Finding: core/dashboard/dashboard/principal.json" >> core/outputs/j/jsonlint-results-14214623080.txt[0m
job-core	Check JSON	2025-04-02T08:10:08.4463033Z [36;1m  # gh workflow run issue.yaml --ref main -f kaos-issue-title="" -f kaos-issue-body="$KAOS_ISSUE_BODY" -f kaos-issue-actions=comment -f kaos-issue-tag="" -f kaos-issue-id=215[0m
job-core	Check JSON	2025-04-02T08:10:08.4464223Z [36;1m  gh issue comment  215 -F core/outputs/j/jsonlint-results-14214623080.txt[0m
job-core	Check JSON	2025-04-02T08:10:08.4464754Z [36;1melse[0m
job-core	Check JSON	2025-04-02T08:10:08.4465307Z [36;1m  cat core/outputs/j/jsonlint-results-14214623080.txt[0m
job-core	Check JSON	2025-04-02T08:10:08.4466202Z [36;1m  echo "File core/outputs/j/jsonlint-results-14214623080.txt is not empty and is content not correct and write commit info"[0m
job-core	Check JSON	2025-04-02T08:10:08.4468204Z [36;1m  KAOS_ISSUE_BODY="The [Ka0S] JSONLINT process (14214574225) launch the check (14214623080) over file (core/dashboard/dashboard/principal.json) and its result has been FAILED, please check and solved it"[0m
job-core	Check JSON	2025-04-02T08:10:08.4469588Z [36;1m  # Añadimos la versión de jsonlint con la que se realiza la comprobacion[0m
job-core	Check JSON	2025-04-02T08:10:08.4470532Z [36;1m  # jsonlint --version || true >> core/outputs/j/jsonlint-results-14214623080.txt[0m
job-core	Check JSON	2025-04-02T08:10:08.4471219Z [36;1m  # añadimos el nombre del fichero que vamos a comprobar[0m
job-core	Check JSON	2025-04-02T08:10:08.4472054Z [36;1m  echo "Finding: core/dashboard/dashboard/principal.json" >> core/outputs/j/jsonlint-results-14214623080.txt[0m
job-core	Check JSON	2025-04-02T08:10:08.4473428Z [36;1m  # gh workflow run issue.yaml --ref main -f kaos-issue-title="" -f kaos-issue-body="$KAOS_ISSUE_BODY" -f kaos-issue-actions=comment -f kaos-issue-tag="" -f kaos-issue-id=215 [0m
job-core	Check JSON	2025-04-02T08:10:08.4474616Z [36;1m  gh issue comment  215 -F core/outputs/j/jsonlint-results-14214623080.txt[0m
job-core	Check JSON	2025-04-02T08:10:08.4475143Z [36;1mfi[0m
job-core	Check JSON	2025-04-02T08:10:08.4486605Z shell: /usr/bin/bash -e {0}
job-core	Check JSON	2025-04-02T08:10:08.4487163Z env:
job-core	Check JSON	2025-04-02T08:10:08.4487742Z   KAOS_MODULE: [Ka0S] JSONLINT
job-core	Check JSON	2025-04-02T08:10:08.4488415Z   GH_TOKEN: ***
job-core	Check JSON	2025-04-02T08:10:08.4488733Z   KAOS_JSONLINT_CONFIG: core/config/.jsonlint.json
job-core	Check JSON	2025-04-02T08:10:08.4489168Z   KAOS_PATH_RESUME: core/outputs/j/
job-core	Check JSON	2025-04-02T08:10:08.4489547Z   KAOS_REPO: /actions-runner/_work/kaos/kaos
job-core	Check JSON	2025-04-02T08:10:08.4489928Z   KAOS_STEP_MODULE: 
job-core	Check JSON	2025-04-02T08:10:08.4490338Z   KAOS_CODE: 14214623080
job-core	Check JSON	2025-04-02T08:10:08.4490636Z   KAOS_REF_BRANCH: main
job-core	Check JSON	2025-04-02T08:10:08.4491074Z ##[endgroup]
job-core	Check JSON	2025-04-02T08:10:08.6069753Z Mostramos fichero
job-core	Check JSON	2025-04-02T08:10:08.6084835Z {
job-core	Check JSON	2025-04-02T08:10:08.6085325Z   "title": "Ka0s Dashboard",
job-core	Check JSON	2025-04-02T08:10:08.6086368Z   "description": "Visualization of Ka0s execution results",
job-core	Check JSON	2025-04-02T08:10:08.6087264Z   "version": "0.0.1",
job-core	Check JSON	2025-04-02T08:10:08.6088584Z   "hello_world": "Hola Mundo desde el archivo JSON!",
job-core	Check JSON	2025-04-02T08:10:08.6089797Z   "sections": [
job-core	Check JSON	2025-04-02T08:10:08.6090555Z     "leadTime",
job-core	Check JSON	2025-04-02T08:10:08.6090848Z     "actionsPerformance",
job-core	Check JSON	2025-04-02T08:10:08.6091186Z     "backLogs",
job-core	Check JSON	2025-04-02T08:10:08.6091467Z     "handlerFailure",
job-core	Check JSON	2025-04-02T08:10:08.6091761Z     "handlerSuccess",
job-core	Check JSON	2025-04-02T08:10:08.6092035Z     "endWorkflow"
job-core	Check JSON	2025-04-02T08:10:08.6092287Z   ],
job-core	Check JSON	2025-04-02T08:10:08.6092518Z   "styles": {
job-core	Check JSON	2025-04-02T08:10:08.6092759Z     "body": {
job-core	Check JSON	2025-04-02T08:10:08.6093298Z       "backgroundColor": "linear-gradient(to bottom right, #f3f4f6, #d1d5db)",
job-core	Check JSON	2025-04-02T08:10:08.6093869Z       "minHeight": "100vh",
job-core	Check JSON	2025-04-02T08:10:08.6094187Z       "margin": "0",
job-core	Check JSON	2025-04-02T08:10:08.6094563Z       "fontFamily": "'Montserrat', sans-serif"
job-core	Check JSON	2025-04-02T08:10:08.6094947Z     },
job-core	Check JSON	2025-04-02T08:10:08.6095197Z     "mainContent": {
job-core	Check JSON	2025-04-02T08:10:08.6095516Z       "paddingBottom": "80px"
job-core	Check JSON	2025-04-02T08:10:08.6095896Z     },
job-core	Check JSON	2025-04-02T08:10:08.6096144Z     "mediaQueries": [
job-core	Check JSON	2025-04-02T08:10:08.6096428Z       {
job-core	Check JSON	2025-04-02T08:10:08.6096729Z         "query": "max-width: 640px",
job-core	Check JSON	2025-04-02T08:10:08.6097088Z         "styles": {
job-core	Check JSON	2025-04-02T08:10:08.6097376Z           "#main-content": {
job-core	Check JSON	2025-04-02T08:10:08.6097787Z             "marginLeft": "60px !important"
job-core	Check JSON	2025-04-02T08:10:08.6098149Z           }
job-core	Check JSON	2025-04-02T08:10:08.6098379Z         }
job-core	Check JSON	2025-04-02T08:10:08.6098604Z       }
job-core	Check JSON	2025-04-02T08:10:08.6098822Z     ]
job-core	Check JSON	2025-04-02T08:10:08.6099036Z   }
job-core	Check JSON	2025-04-02T08:10:08.6099308Z }
job-core	Check JSON	2025-04-02T08:10:08.6102629Z {
job-core	Check JSON	2025-04-02T08:10:08.6103545Z   "title": "Ka0s Dashboard",
job-core	Check JSON	2025-04-02T08:10:08.6104729Z   "description": "Visualization of Ka0s execution results",
job-core	Check JSON	2025-04-02T08:10:08.6105837Z   "version": "0.0.1",
job-core	Check JSON	2025-04-02T08:10:08.6106931Z   "hello_world": "Hola Mundo desde el archivo JSON!",
job-core	Check JSON	2025-04-02T08:10:08.6107938Z   "sections": [
job-core	Check JSON	2025-04-02T08:10:08.6108561Z     "leadTime",
job-core	Check JSON	2025-04-02T08:10:08.6109606Z     "actionsPerformance",
job-core	Check JSON	2025-04-02T08:10:08.6110508Z     "backLogs",
job-core	Check JSON	2025-04-02T08:10:08.6110897Z     "handlerFailure",
job-core	Check JSON	2025-04-02T08:10:08.6111196Z     "handlerSuccess",
job-core	Check JSON	2025-04-02T08:10:08.6121292Z     "endWorkflow"
job-core	Check JSON	2025-04-02T08:10:08.6121642Z   ],
job-core	Check JSON	2025-04-02T08:10:08.6121910Z   "styles": {
job-core	Check JSON	2025-04-02T08:10:08.6122162Z     "body": {
job-core	Check JSON	2025-04-02T08:10:08.6122714Z       "backgroundColor": "linear-gradient(to bottom right, #f3f4f6, #d1d5db)",
job-core	Check JSON	2025-04-02T08:10:08.6123287Z       "minHeight": "100vh",
job-core	Check JSON	2025-04-02T08:10:08.6123607Z       "margin": "0",
job-core	Check JSON	2025-04-02T08:10:08.6123976Z       "fontFamily": "'Montserrat', sans-serif"
job-core	Check JSON	2025-04-02T08:10:08.6124360Z     },
job-core	Check JSON	2025-04-02T08:10:08.6124603Z     "mainContent": {
job-core	Check JSON	2025-04-02T08:10:08.6124917Z       "paddingBottom": "80px"
job-core	Check JSON	2025-04-02T08:10:08.6125235Z     },
job-core	Check JSON	2025-04-02T08:10:08.6125484Z     "mediaQueries": [
job-core	Check JSON	2025-04-02T08:10:08.6125755Z       {
job-core	Check JSON	2025-04-02T08:10:08.6126050Z         "query": "max-width: 640px",
job-core	Check JSON	2025-04-02T08:10:08.6126405Z         "styles": {
job-core	Check JSON	2025-04-02T08:10:08.6126708Z           "#main-content": {
job-core	Check JSON	2025-04-02T08:10:08.6127097Z             "marginLeft": "60px !important"
job-core	Check JSON	2025-04-02T08:10:08.6127462Z           }
job-core	Check JSON	2025-04-02T08:10:08.6127701Z         }
job-core	Check JSON	2025-04-02T08:10:08.6127931Z       }
job-core	Check JSON	2025-04-02T08:10:08.6128156Z     ]
job-core	Check JSON	2025-04-02T08:10:08.6128739Z   }
job-core	Check JSON	2025-04-02T08:10:08.6129017Z }
job-core	Check JSON	2025-04-02T08:10:08.6130281Z File core/outputs/j/jsonlint-results-14214623080.txt is not empty and is content not correct and write commit info
job-core	Check JSON	2025-04-02T08:10:09.8626496Z https://github.com/Ka0s-Klaus/ka0s/issues/215#issuecomment-2771746569
job-core	Post Install Node.js	﻿2025-04-02T08:10:09.8984465Z Post job cleanup.
job-core	Post Checkout code	﻿2025-04-02T08:10:10.0604139Z Post job cleanup.
job-core	Post Checkout code	2025-04-02T08:10:10.1929829Z [command]/usr/bin/git version
job-core	Post Checkout code	2025-04-02T08:10:10.1979516Z git version 2.48.1
job-core	Post Checkout code	2025-04-02T08:10:10.2035774Z Copying '/home/kaos/.gitconfig' to '/actions-runner/_work/_temp/309c3637-21b1-42e2-8976-95255ac09509/.gitconfig'
job-core	Post Checkout code	2025-04-02T08:10:10.2051699Z Temporarily overriding HOME='/actions-runner/_work/_temp/309c3637-21b1-42e2-8976-95255ac09509' before making global git config changes
job-core	Post Checkout code	2025-04-02T08:10:10.2053271Z Adding repository directory to the temporary git global config as a safe directory
job-core	Post Checkout code	2025-04-02T08:10:10.2063846Z [command]/usr/bin/git config --global --add safe.directory /actions-runner/_work/ka0s/ka0s
job-core	Post Checkout code	2025-04-02T08:10:10.2114912Z [command]/usr/bin/git config --local --name-only --get-regexp core\.sshCommand
job-core	Post Checkout code	2025-04-02T08:10:10.2178798Z [command]/usr/bin/git submodule foreach --recursive sh -c "git config --local --name-only --get-regexp 'core\.sshCommand' && git config --local --unset-all 'core.sshCommand' || :"
job-core	Post Checkout code	2025-04-02T08:10:10.2569353Z [command]/usr/bin/git config --local --name-only --get-regexp http\.https\:\/\/github\.com\/\.extraheader
job-core	Post Checkout code	2025-04-02T08:10:10.2600573Z http.https://github.com/.extraheader
job-core	Post Checkout code	2025-04-02T08:10:10.2618881Z [command]/usr/bin/git config --local --unset-all http.https://github.com/.extraheader
job-core	Post Checkout code	2025-04-02T08:10:10.2670937Z [command]/usr/bin/git submodule foreach --recursive sh -c "git config --local --name-only --get-regexp 'http\.https\:\/\/github\.com\/\.extraheader' && git config --local --unset-all 'http.https://github.com/.extraheader' || :"
job-core	Complete job	﻿2025-04-02T08:10:10.3220410Z Cleaning up orphan processes
end-workflow	Set up job	﻿2025-04-02T08:25:58.9849544Z Current runner version: '2.323.0'
end-workflow	Set up job	2025-04-02T08:25:58.9859223Z Runner name: 'ka0s-1'
end-workflow	Set up job	2025-04-02T08:25:58.9861034Z Machine name: '419612ea1a87'
end-workflow	Set up job	2025-04-02T08:25:58.9864696Z ##[group]GITHUB_TOKEN Permissions
end-workflow	Set up job	2025-04-02T08:25:58.9867733Z Actions: write
end-workflow	Set up job	2025-04-02T08:25:58.9868486Z Contents: write
end-workflow	Set up job	2025-04-02T08:25:58.9869132Z Issues: write
end-workflow	Set up job	2025-04-02T08:25:58.9869902Z Metadata: read
end-workflow	Set up job	2025-04-02T08:25:58.9871262Z PullRequests: write
end-workflow	Set up job	2025-04-02T08:25:58.9872042Z ##[endgroup]
end-workflow	Set up job	2025-04-02T08:25:58.9874875Z Secret source: Actions
end-workflow	Set up job	2025-04-02T08:25:58.9875778Z Prepare workflow directory
end-workflow	Set up job	2025-04-02T08:25:59.0951211Z Prepare all required actions
end-workflow	Set up job	2025-04-02T08:25:59.1007540Z Getting action download info
end-workflow	Set up job	2025-04-02T08:25:59.7985694Z Download action repository 'actions/checkout@v4' (SHA:11bd71901bbe5b1630ceea73d27597364c9af683)
end-workflow	Set up job	2025-04-02T08:26:01.7632762Z Complete job name: end-workflow
end-workflow	Checkout code	﻿2025-04-02T08:26:01.8405859Z ##[group]Run actions/checkout@v4
end-workflow	Checkout code	2025-04-02T08:26:01.8407184Z with:
end-workflow	Checkout code	2025-04-02T08:26:01.8407802Z   fetch-depth: 0
end-workflow	Checkout code	2025-04-02T08:26:01.8408801Z   token: ***
end-workflow	Checkout code	2025-04-02T08:26:01.8409428Z   repository: Ka0s-Klaus/ka0s
end-workflow	Checkout code	2025-04-02T08:26:01.8410514Z   ssh-strict: true
end-workflow	Checkout code	2025-04-02T08:26:01.8411319Z   ssh-user: git
end-workflow	Checkout code	2025-04-02T08:26:01.8411940Z   persist-credentials: true
end-workflow	Checkout code	2025-04-02T08:26:01.8412622Z   clean: true
end-workflow	Checkout code	2025-04-02T08:26:01.8413262Z   sparse-checkout-cone-mode: true
end-workflow	Checkout code	2025-04-02T08:26:01.8414016Z   fetch-tags: false
end-workflow	Checkout code	2025-04-02T08:26:01.8414634Z   show-progress: true
end-workflow	Checkout code	2025-04-02T08:26:01.8415268Z   lfs: false
end-workflow	Checkout code	2025-04-02T08:26:01.8416093Z   submodules: false
end-workflow	Checkout code	2025-04-02T08:26:01.8417116Z   set-safe-directory: true
end-workflow	Checkout code	2025-04-02T08:26:01.8418228Z env:
end-workflow	Checkout code	2025-04-02T08:26:01.8418830Z   KAOS_MODULE: [Ka0S] JSONLINT
end-workflow	Checkout code	2025-04-02T08:26:01.8419858Z   GH_TOKEN: ***
end-workflow	Checkout code	2025-04-02T08:26:01.8421334Z   KAOS_JSONLINT_CONFIG: core/config/.jsonlint.json
end-workflow	Checkout code	2025-04-02T08:26:01.8422226Z   KAOS_PATH_RESUME: core/outputs/j/
end-workflow	Checkout code	2025-04-02T08:26:01.8423097Z   KAOS_REPO: /actions-runner/_work/kaos/kaos
end-workflow	Checkout code	2025-04-02T08:26:01.8423919Z   KAOS_STEP_MODULE: 
end-workflow	Checkout code	2025-04-02T08:26:01.8424572Z   KAOS_CODE: 14214623080
end-workflow	Checkout code	2025-04-02T08:26:01.8425229Z   KAOS_REF_BRANCH: main
end-workflow	Checkout code	2025-04-02T08:26:01.8425866Z ##[endgroup]
end-workflow	Checkout code	2025-04-02T08:26:02.0358615Z Syncing repository: Ka0s-Klaus/ka0s
end-workflow	Checkout code	2025-04-02T08:26:02.0364616Z ##[group]Getting Git version info
end-workflow	Checkout code	2025-04-02T08:26:02.0367140Z Working directory is '/actions-runner/_work/ka0s/ka0s'
end-workflow	Checkout code	2025-04-02T08:26:02.0370730Z [command]/usr/bin/git version
end-workflow	Checkout code	2025-04-02T08:26:02.0372248Z git version 2.48.1
end-workflow	Checkout code	2025-04-02T08:26:02.0402940Z ##[endgroup]
end-workflow	Checkout code	2025-04-02T08:26:02.0419025Z Copying '/home/kaos/.gitconfig' to '/actions-runner/_work/_temp/e623ca15-ecb9-4945-8c76-4456e08214ee/.gitconfig'
end-workflow	Checkout code	2025-04-02T08:26:02.0437375Z Temporarily overriding HOME='/actions-runner/_work/_temp/e623ca15-ecb9-4945-8c76-4456e08214ee' before making global git config changes
end-workflow	Checkout code	2025-04-02T08:26:02.0441784Z Adding repository directory to the temporary git global config as a safe directory
end-workflow	Checkout code	2025-04-02T08:26:02.0493140Z [command]/usr/bin/git config --global --add safe.directory /actions-runner/_work/ka0s/ka0s
end-workflow	Checkout code	2025-04-02T08:26:02.0533447Z [command]/usr/bin/git config --local --get remote.origin.url
end-workflow	Checkout code	2025-04-02T08:26:02.0566242Z https://github.com/Ka0s-Klaus/ka0s
end-workflow	Checkout code	2025-04-02T08:26:02.0595379Z ##[group]Removing previously created refs, to avoid conflicts
end-workflow	Checkout code	2025-04-02T08:26:02.0601335Z [command]/usr/bin/git rev-parse --symbolic-full-name --verify --quiet HEAD
end-workflow	Checkout code	2025-04-02T08:26:02.0632145Z refs/heads/H215-modulo-de-summary
end-workflow	Checkout code	2025-04-02T08:26:02.0649079Z [command]/usr/bin/git checkout --detach
end-workflow	Checkout code	2025-04-02T08:26:02.0780578Z HEAD is now at 4a6a832 [Ka0S] Uploading resume execution files to the repository...
end-workflow	Checkout code	2025-04-02T08:26:02.0867092Z [command]/usr/bin/git branch --delete --force H215-modulo-de-summary
end-workflow	Checkout code	2025-04-02T08:26:02.0908862Z Deleted branch H215-modulo-de-summary (was 4a6a832).
end-workflow	Checkout code	2025-04-02T08:26:02.1000896Z ##[endgroup]
end-workflow	Checkout code	2025-04-02T08:26:02.1002706Z [command]/usr/bin/git submodule status
end-workflow	Checkout code	2025-04-02T08:26:02.1419475Z ##[group]Cleaning the repository
end-workflow	Checkout code	2025-04-02T08:26:02.1425958Z [command]/usr/bin/git clean -ffdx
end-workflow	Checkout code	2025-04-02T08:26:02.1521088Z [command]/usr/bin/git reset --hard HEAD
end-workflow	Checkout code	2025-04-02T08:26:02.1714980Z HEAD is now at 4a6a832 [Ka0S] Uploading resume execution files to the repository...
end-workflow	Checkout code	2025-04-02T08:26:02.1731402Z ##[endgroup]
end-workflow	Checkout code	2025-04-02T08:26:02.1737474Z ##[group]Disabling automatic garbage collection
end-workflow	Checkout code	2025-04-02T08:26:02.1740483Z [command]/usr/bin/git config --local gc.auto 0
end-workflow	Checkout code	2025-04-02T08:26:02.1803961Z ##[endgroup]
end-workflow	Checkout code	2025-04-02T08:26:02.1806778Z ##[group]Setting up auth
end-workflow	Checkout code	2025-04-02T08:26:02.1816517Z [command]/usr/bin/git config --local --name-only --get-regexp core\.sshCommand
end-workflow	Checkout code	2025-04-02T08:26:02.1912592Z [command]/usr/bin/git submodule foreach --recursive sh -c "git config --local --name-only --get-regexp 'core\.sshCommand' && git config --local --unset-all 'core.sshCommand' || :"
end-workflow	Checkout code	2025-04-02T08:26:02.2424986Z [command]/usr/bin/git config --local --name-only --get-regexp http\.https\:\/\/github\.com\/\.extraheader
end-workflow	Checkout code	2025-04-02T08:26:02.2474148Z [command]/usr/bin/git submodule foreach --recursive sh -c "git config --local --name-only --get-regexp 'http\.https\:\/\/github\.com\/\.extraheader' && git config --local --unset-all 'http.https://github.com/.extraheader' || :"
end-workflow	Checkout code	2025-04-02T08:26:02.2957389Z [command]/usr/bin/git config --local http.https://github.com/.extraheader AUTHORIZATION: basic ***
end-workflow	Checkout code	2025-04-02T08:26:02.3028578Z ##[endgroup]
end-workflow	Checkout code	2025-04-02T08:26:02.3031089Z ##[group]Fetching the repository
end-workflow	Checkout code	2025-04-02T08:26:02.3042706Z [command]/usr/bin/git -c protocol.version=2 fetch --prune --no-recurse-submodules origin +refs/heads/*:refs/remotes/origin/* +refs/tags/*:refs/tags/*
end-workflow	Checkout code	2025-04-02T08:26:03.6344238Z From https://github.com/Ka0s-Klaus/ka0s
end-workflow	Checkout code	2025-04-02T08:26:03.6348580Z    4a6a832..e3e3757  H215-modulo-de-summary -> origin/H215-modulo-de-summary
end-workflow	Checkout code	2025-04-02T08:26:03.6352360Z    9cc89ec..7307747  main                   -> origin/main
end-workflow	Checkout code	2025-04-02T08:26:03.6410649Z [command]/usr/bin/git branch --list --remote origin/H215-modulo-de-summary
end-workflow	Checkout code	2025-04-02T08:26:03.6453614Z   origin/H215-modulo-de-summary
end-workflow	Checkout code	2025-04-02T08:26:03.6469801Z [command]/usr/bin/git rev-parse refs/remotes/origin/H215-modulo-de-summary
end-workflow	Checkout code	2025-04-02T08:26:03.6501567Z e3e37579a8d2a2a641d39fb885ca186fb7ef4e8d
end-workflow	Checkout code	2025-04-02T08:26:03.6521191Z [command]/usr/bin/git -c protocol.version=2 fetch --no-tags --prune --no-recurse-submodules origin +4a6a832d1122b16fd64dde65270b28aeaed503c2:refs/remotes/origin/H215-modulo-de-summary
end-workflow	Checkout code	2025-04-02T08:26:04.3025151Z From https://github.com/Ka0s-Klaus/ka0s
end-workflow	Checkout code	2025-04-02T08:26:04.3031498Z  + e3e3757...4a6a832 4a6a832d1122b16fd64dde65270b28aeaed503c2 -> origin/H215-modulo-de-summary  (forced update)
end-workflow	Checkout code	2025-04-02T08:26:04.3155526Z ##[endgroup]
end-workflow	Checkout code	2025-04-02T08:26:04.3157184Z ##[group]Determining the checkout info
end-workflow	Checkout code	2025-04-02T08:26:04.3159101Z ##[endgroup]
end-workflow	Checkout code	2025-04-02T08:26:04.3168652Z [command]/usr/bin/git sparse-checkout disable
end-workflow	Checkout code	2025-04-02T08:26:04.3256955Z [command]/usr/bin/git config --local --unset-all extensions.worktreeConfig
end-workflow	Checkout code	2025-04-02T08:26:04.3303429Z ##[group]Checking out the ref
end-workflow	Checkout code	2025-04-02T08:26:04.3310724Z [command]/usr/bin/git checkout --progress --force -B H215-modulo-de-summary refs/remotes/origin/H215-modulo-de-summary
end-workflow	Checkout code	2025-04-02T08:26:04.3456356Z Switched to a new branch 'H215-modulo-de-summary'
end-workflow	Checkout code	2025-04-02T08:26:04.3462330Z branch 'H215-modulo-de-summary' set up to track 'origin/H215-modulo-de-summary'.
end-workflow	Checkout code	2025-04-02T08:26:04.3474393Z ##[endgroup]
end-workflow	Checkout code	2025-04-02T08:26:04.3542708Z [command]/usr/bin/git log -1 --format=%H
end-workflow	Checkout code	2025-04-02T08:26:04.3585455Z 4a6a832d1122b16fd64dde65270b28aeaed503c2
end-workflow	Finaliza el workflow	﻿2025-04-02T08:26:04.3914048Z ##[group]Run echo "End process"
end-workflow	Finaliza el workflow	2025-04-02T08:26:04.3914684Z [36;1mecho "End process"[0m
end-workflow	Finaliza el workflow	2025-04-02T08:26:04.3915262Z [36;1mRNNUMBER=$(echo "refs/heads/H215-modulo-de-summary" | grep -o '[0-9]*')[0m
end-workflow	Finaliza el workflow	2025-04-02T08:26:04.3916003Z [36;1mgh issue comment $RNNUMBER --body "Se finaliza Ka0s 14214623080"[0m
end-workflow	Finaliza el workflow	2025-04-02T08:26:04.3916947Z [36;1mgh workflow run inspector.yml --ref 'main' -f kaos-issue-id=$RNNUMBER -f kaos-workflow-id="14214623080" -f kaos-user-start=""[0m
end-workflow	Finaliza el workflow	2025-04-02T08:26:04.3932923Z shell: /usr/bin/bash -e {0}
end-workflow	Finaliza el workflow	2025-04-02T08:26:04.3933701Z env:
end-workflow	Finaliza el workflow	2025-04-02T08:26:04.3934008Z   KAOS_MODULE: [Ka0S] JSONLINT
end-workflow	Finaliza el workflow	2025-04-02T08:26:04.3935955Z   GH_TOKEN: ***
end-workflow	Finaliza el workflow	2025-04-02T08:26:04.3936794Z   KAOS_JSONLINT_CONFIG: core/config/.jsonlint.json
end-workflow	Finaliza el workflow	2025-04-02T08:26:04.3937294Z   KAOS_PATH_RESUME: core/outputs/j/
end-workflow	Finaliza el workflow	2025-04-02T08:26:04.3937747Z   KAOS_REPO: /actions-runner/_work/kaos/kaos
end-workflow	Finaliza el workflow	2025-04-02T08:26:04.3938193Z   KAOS_STEP_MODULE: 
end-workflow	Finaliza el workflow	2025-04-02T08:26:04.3938541Z   KAOS_CODE: 14214623080
end-workflow	Finaliza el workflow	2025-04-02T08:26:04.3938902Z   KAOS_REF_BRANCH: main
end-workflow	Finaliza el workflow	2025-04-02T08:26:04.3939343Z ##[endgroup]
end-workflow	Finaliza el workflow	2025-04-02T08:26:04.4014463Z End process
end-workflow	Finaliza el workflow	2025-04-02T08:26:05.6432169Z https://github.com/Ka0s-Klaus/ka0s/issues/215#issuecomment-2771790134
end-workflow	Post Checkout code	﻿2025-04-02T08:26:06.6434515Z Post job cleanup.
end-workflow	Post Checkout code	2025-04-02T08:26:06.8019278Z [command]/usr/bin/git version
end-workflow	Post Checkout code	2025-04-02T08:26:06.8070139Z git version 2.48.1
end-workflow	Post Checkout code	2025-04-02T08:26:06.8123048Z Copying '/home/kaos/.gitconfig' to '/actions-runner/_work/_temp/a4e0fd13-1280-4767-8bdf-b51da5d8a566/.gitconfig'
end-workflow	Post Checkout code	2025-04-02T08:26:06.8141819Z Temporarily overriding HOME='/actions-runner/_work/_temp/a4e0fd13-1280-4767-8bdf-b51da5d8a566' before making global git config changes
end-workflow	Post Checkout code	2025-04-02T08:26:06.8144030Z Adding repository directory to the temporary git global config as a safe directory
end-workflow	Post Checkout code	2025-04-02T08:26:06.8154987Z [command]/usr/bin/git config --global --add safe.directory /actions-runner/_work/ka0s/ka0s
end-workflow	Post Checkout code	2025-04-02T08:26:06.8223284Z [command]/usr/bin/git config --local --name-only --get-regexp core\.sshCommand
end-workflow	Post Checkout code	2025-04-02T08:26:06.8272515Z [command]/usr/bin/git submodule foreach --recursive sh -c "git config --local --name-only --get-regexp 'core\.sshCommand' && git config --local --unset-all 'core.sshCommand' || :"
end-workflow	Post Checkout code	2025-04-02T08:26:06.8682923Z [command]/usr/bin/git config --local --name-only --get-regexp http\.https\:\/\/github\.com\/\.extraheader
end-workflow	Post Checkout code	2025-04-02T08:26:06.8715127Z http.https://github.com/.extraheader
end-workflow	Post Checkout code	2025-04-02T08:26:06.8734138Z [command]/usr/bin/git config --local --unset-all http.https://github.com/.extraheader
end-workflow	Post Checkout code	2025-04-02T08:26:06.8787042Z [command]/usr/bin/git submodule foreach --recursive sh -c "git config --local --name-only --get-regexp 'http\.https\:\/\/github\.com\/\.extraheader' && git config --local --unset-all 'http.https://github.com/.extraheader' || :"
end-workflow	Complete job	﻿2025-04-02T08:26:06.9400461Z Cleaning up orphan processes
