job-core	Set up job	ï»¿2025-04-02T08:16:30.5843423Z Current runner version: '2.323.0'
job-core	Set up job	2025-04-02T08:16:30.5852852Z Runner name: 'ka0s-1'
job-core	Set up job	2025-04-02T08:16:30.5854078Z Machine name: '419612ea1a87'
job-core	Set up job	2025-04-02T08:16:30.5857780Z ##[group]GITHUB_TOKEN Permissions
job-core	Set up job	2025-04-02T08:16:30.5861467Z Actions: write
job-core	Set up job	2025-04-02T08:16:30.5862334Z Contents: write
job-core	Set up job	2025-04-02T08:16:30.5863022Z Issues: write
job-core	Set up job	2025-04-02T08:16:30.5863736Z Metadata: read
job-core	Set up job	2025-04-02T08:16:30.5864396Z PullRequests: write
job-core	Set up job	2025-04-02T08:16:30.5865082Z ##[endgroup]
job-core	Set up job	2025-04-02T08:16:30.5868123Z Secret source: Actions
job-core	Set up job	2025-04-02T08:16:30.5869151Z Prepare workflow directory
job-core	Set up job	2025-04-02T08:16:30.6885345Z Prepare all required actions
job-core	Set up job	2025-04-02T08:16:30.6938629Z Getting action download info
job-core	Set up job	2025-04-02T08:16:31.5791761Z Download action repository 'actions/checkout@v4' (SHA:11bd71901bbe5b1630ceea73d27597364c9af683)
job-core	Set up job	2025-04-02T08:16:33.4237620Z Download action repository 'actions/setup-node@v2' (SHA:7c12f8017d5436eb855f1ed4399f037a36fbd9e8)
job-core	Set up job	2025-04-02T08:16:37.8759202Z Complete job name: job-core
job-core	Checkout code	ï»¿2025-04-02T08:16:37.9398185Z ##[group]Run actions/checkout@v4
job-core	Checkout code	2025-04-02T08:16:37.9399126Z with:
job-core	Checkout code	2025-04-02T08:16:37.9399446Z   fetch-depth: 0
job-core	Checkout code	2025-04-02T08:16:37.9400515Z   token: ***
job-core	Checkout code	2025-04-02T08:16:37.9401034Z   repository: Ka0s-Klaus/ka0s
job-core	Checkout code	2025-04-02T08:16:37.9401404Z   ssh-strict: true
job-core	Checkout code	2025-04-02T08:16:37.9401702Z   ssh-user: git
job-core	Checkout code	2025-04-02T08:16:37.9402021Z   persist-credentials: true
job-core	Checkout code	2025-04-02T08:16:37.9428981Z   clean: true
job-core	Checkout code	2025-04-02T08:16:37.9429554Z   sparse-checkout-cone-mode: true
job-core	Checkout code	2025-04-02T08:16:37.9429988Z   fetch-tags: false
job-core	Checkout code	2025-04-02T08:16:37.9430621Z   show-progress: true
job-core	Checkout code	2025-04-02T08:16:37.9430985Z   lfs: false
job-core	Checkout code	2025-04-02T08:16:37.9431402Z   submodules: false
job-core	Checkout code	2025-04-02T08:16:37.9431715Z   set-safe-directory: true
job-core	Checkout code	2025-04-02T08:16:37.9432990Z env:
job-core	Checkout code	2025-04-02T08:16:37.9433327Z   KAOS_MODULE: [Ka0S] JSONLINT
job-core	Checkout code	2025-04-02T08:16:37.9433971Z   GH_TOKEN: ***
job-core	Checkout code	2025-04-02T08:16:37.9434351Z   KAOS_JSONLINT_CONFIG: core/config/.jsonlint.json
job-core	Checkout code	2025-04-02T08:16:37.9434807Z   KAOS_PATH_RESUME: core/outputs/j/
job-core	Checkout code	2025-04-02T08:16:37.9435322Z   KAOS_REPO: /actions-runner/_work/kaos/kaos
job-core	Checkout code	2025-04-02T08:16:37.9435730Z   KAOS_STEP_MODULE: 
job-core	Checkout code	2025-04-02T08:16:37.9436043Z   KAOS_CODE: 14214626144
job-core	Checkout code	2025-04-02T08:16:37.9436362Z   KAOS_REF_BRANCH: main
job-core	Checkout code	2025-04-02T08:16:37.9436677Z ##[endgroup]
job-core	Checkout code	2025-04-02T08:16:38.0971262Z Syncing repository: Ka0s-Klaus/ka0s
job-core	Checkout code	2025-04-02T08:16:38.0973651Z ##[group]Getting Git version info
job-core	Checkout code	2025-04-02T08:16:38.0974269Z Working directory is '/actions-runner/_work/ka0s/ka0s'
job-core	Checkout code	2025-04-02T08:16:38.0975175Z [command]/usr/bin/git version
job-core	Checkout code	2025-04-02T08:16:38.0975568Z git version 2.48.1
job-core	Checkout code	2025-04-02T08:16:38.0997396Z ##[endgroup]
job-core	Checkout code	2025-04-02T08:16:38.1016076Z Copying '/home/kaos/.gitconfig' to '/actions-runner/_work/_temp/f8cc6e9e-5f42-446a-b784-3d3b71985222/.gitconfig'
job-core	Checkout code	2025-04-02T08:16:38.1035093Z Temporarily overriding HOME='/actions-runner/_work/_temp/f8cc6e9e-5f42-446a-b784-3d3b71985222' before making global git config changes
job-core	Checkout code	2025-04-02T08:16:38.1037695Z Adding repository directory to the temporary git global config as a safe directory
job-core	Checkout code	2025-04-02T08:16:38.1046620Z [command]/usr/bin/git config --global --add safe.directory /actions-runner/_work/ka0s/ka0s
job-core	Checkout code	2025-04-02T08:16:38.1111443Z [command]/usr/bin/git config --local --get remote.origin.url
job-core	Checkout code	2025-04-02T08:16:38.1142457Z https://github.com/Ka0s-Klaus/ka0s
job-core	Checkout code	2025-04-02T08:16:38.1171310Z ##[group]Removing previously created refs, to avoid conflicts
job-core	Checkout code	2025-04-02T08:16:38.1179390Z [command]/usr/bin/git rev-parse --symbolic-full-name --verify --quiet HEAD
job-core	Checkout code	2025-04-02T08:16:38.1211362Z refs/heads/H215-modulo-de-summary
job-core	Checkout code	2025-04-02T08:16:38.1227598Z [command]/usr/bin/git checkout --detach
job-core	Checkout code	2025-04-02T08:16:38.1343780Z HEAD is now at 4a6a832 [Ka0S] Uploading resume execution files to the repository...
job-core	Checkout code	2025-04-02T08:16:38.1415438Z [command]/usr/bin/git branch --delete --force H215-modulo-de-summary
job-core	Checkout code	2025-04-02T08:16:38.1458224Z Deleted branch H215-modulo-de-summary (was 4a6a832).
job-core	Checkout code	2025-04-02T08:16:38.1523797Z ##[endgroup]
job-core	Checkout code	2025-04-02T08:16:38.1528712Z [command]/usr/bin/git submodule status
job-core	Checkout code	2025-04-02T08:16:38.1905373Z ##[group]Cleaning the repository
job-core	Checkout code	2025-04-02T08:16:38.1912002Z [command]/usr/bin/git clean -ffdx
job-core	Checkout code	2025-04-02T08:16:38.1971369Z Removing core/outputs/j/jsonlint-results-14214625761.txt
job-core	Checkout code	2025-04-02T08:16:38.1984634Z [command]/usr/bin/git reset --hard HEAD
job-core	Checkout code	2025-04-02T08:16:38.2155843Z HEAD is now at 4a6a832 [Ka0S] Uploading resume execution files to the repository...
job-core	Checkout code	2025-04-02T08:16:38.2165537Z ##[endgroup]
job-core	Checkout code	2025-04-02T08:16:38.2167582Z ##[group]Disabling automatic garbage collection
job-core	Checkout code	2025-04-02T08:16:38.2173075Z [command]/usr/bin/git config --local gc.auto 0
job-core	Checkout code	2025-04-02T08:16:38.2228259Z ##[endgroup]
job-core	Checkout code	2025-04-02T08:16:38.2230183Z ##[group]Setting up auth
job-core	Checkout code	2025-04-02T08:16:38.2235875Z [command]/usr/bin/git config --local --name-only --get-regexp core\.sshCommand
job-core	Checkout code	2025-04-02T08:16:38.2284901Z [command]/usr/bin/git submodule foreach --recursive sh -c "git config --local --name-only --get-regexp 'core\.sshCommand' && git config --local --unset-all 'core.sshCommand' || :"
job-core	Checkout code	2025-04-02T08:16:38.2671674Z [command]/usr/bin/git config --local --name-only --get-regexp http\.https\:\/\/github\.com\/\.extraheader
job-core	Checkout code	2025-04-02T08:16:38.2717926Z [command]/usr/bin/git submodule foreach --recursive sh -c "git config --local --name-only --get-regexp 'http\.https\:\/\/github\.com\/\.extraheader' && git config --local --unset-all 'http.https://github.com/.extraheader' || :"
job-core	Checkout code	2025-04-02T08:16:38.3103538Z [command]/usr/bin/git config --local http.https://github.com/.extraheader AUTHORIZATION: basic ***
job-core	Checkout code	2025-04-02T08:16:38.3161925Z ##[endgroup]
job-core	Checkout code	2025-04-02T08:16:38.3162754Z ##[group]Fetching the repository
job-core	Checkout code	2025-04-02T08:16:38.3173674Z [command]/usr/bin/git -c protocol.version=2 fetch --prune --no-recurse-submodules origin +refs/heads/*:refs/remotes/origin/* +refs/tags/*:refs/tags/*
job-core	Checkout code	2025-04-02T08:16:39.1663589Z [command]/usr/bin/git branch --list --remote origin/H215-modulo-de-summary
job-core	Checkout code	2025-04-02T08:16:39.1703566Z   origin/H215-modulo-de-summary
job-core	Checkout code	2025-04-02T08:16:39.1716717Z [command]/usr/bin/git rev-parse refs/remotes/origin/H215-modulo-de-summary
job-core	Checkout code	2025-04-02T08:16:39.1753027Z 4a6a832d1122b16fd64dde65270b28aeaed503c2
job-core	Checkout code	2025-04-02T08:16:39.1759827Z ##[endgroup]
job-core	Checkout code	2025-04-02T08:16:39.1761102Z ##[group]Determining the checkout info
job-core	Checkout code	2025-04-02T08:16:39.1762164Z ##[endgroup]
job-core	Checkout code	2025-04-02T08:16:39.1771276Z [command]/usr/bin/git sparse-checkout disable
job-core	Checkout code	2025-04-02T08:16:39.1858201Z [command]/usr/bin/git config --local --unset-all extensions.worktreeConfig
job-core	Checkout code	2025-04-02T08:16:39.1902294Z ##[group]Checking out the ref
job-core	Checkout code	2025-04-02T08:16:39.1908946Z [command]/usr/bin/git checkout --progress --force -B H215-modulo-de-summary refs/remotes/origin/H215-modulo-de-summary
job-core	Checkout code	2025-04-02T08:16:39.2036584Z Switched to a new branch 'H215-modulo-de-summary'
job-core	Checkout code	2025-04-02T08:16:39.2042963Z branch 'H215-modulo-de-summary' set up to track 'origin/H215-modulo-de-summary'.
job-core	Checkout code	2025-04-02T08:16:39.2051437Z ##[endgroup]
job-core	Checkout code	2025-04-02T08:16:39.2111483Z [command]/usr/bin/git log -1 --format=%H
job-core	Checkout code	2025-04-02T08:16:39.2152804Z 4a6a832d1122b16fd64dde65270b28aeaed503c2
job-core	Install Node.js	ï»¿2025-04-02T08:16:39.2440343Z ##[group]Run actions/setup-node@v2
job-core	Install Node.js	2025-04-02T08:16:39.2441355Z with:
job-core	Install Node.js	2025-04-02T08:16:39.2442021Z   node-version: 14
job-core	Install Node.js	2025-04-02T08:16:39.2442383Z   always-auth: false
job-core	Install Node.js	2025-04-02T08:16:39.2442688Z   check-latest: false
job-core	Install Node.js	2025-04-02T08:16:39.2443157Z   token: ***
job-core	Install Node.js	2025-04-02T08:16:39.2443391Z env:
job-core	Install Node.js	2025-04-02T08:16:39.2443622Z   KAOS_MODULE: [Ka0S] JSONLINT
job-core	Install Node.js	2025-04-02T08:16:39.2444017Z   GH_TOKEN: ***
job-core	Install Node.js	2025-04-02T08:16:39.2444326Z   KAOS_JSONLINT_CONFIG: core/config/.jsonlint.json
job-core	Install Node.js	2025-04-02T08:16:39.2444734Z   KAOS_PATH_RESUME: core/outputs/j/
job-core	Install Node.js	2025-04-02T08:16:39.2445226Z   KAOS_REPO: /actions-runner/_work/kaos/kaos
job-core	Install Node.js	2025-04-02T08:16:39.2445572Z   KAOS_STEP_MODULE: 
job-core	Install Node.js	2025-04-02T08:16:39.2445829Z   KAOS_CODE: 14214626144
job-core	Install Node.js	2025-04-02T08:16:39.2446099Z   KAOS_REF_BRANCH: main
job-core	Install Node.js	2025-04-02T08:16:39.2446352Z ##[endgroup]
job-core	Install Node.js	2025-04-02T08:16:39.4258926Z Found in cache @ /actions-runner/_work/_tool/node/14.21.3/x64
job-core	Install jsonlint	ï»¿2025-04-02T08:16:39.4423496Z ##[group]Run if ! command -v jsonlint &> /dev/null; then
job-core	Install jsonlint	2025-04-02T08:16:39.4424526Z [36;1mif ! command -v jsonlint &> /dev/null; then[0m
job-core	Install jsonlint	2025-04-02T08:16:39.4424937Z [36;1m  echo "Installing jsonlint..."[0m
job-core	Install jsonlint	2025-04-02T08:16:39.4425297Z [36;1m  npm install -g jsonlint[0m
job-core	Install jsonlint	2025-04-02T08:16:39.4425607Z [36;1melse[0m
job-core	Install jsonlint	2025-04-02T08:16:39.4425956Z [36;1m  echo "jsonlint already installed, skipping installation"[0m
job-core	Install jsonlint	2025-04-02T08:16:39.4426386Z [36;1mfi[0m
job-core	Install jsonlint	2025-04-02T08:16:39.4426636Z [36;1mmkdir -p core/outputs/j/[0m
job-core	Install jsonlint	2025-04-02T08:16:39.4445958Z shell: /usr/bin/bash -e {0}
job-core	Install jsonlint	2025-04-02T08:16:39.4446332Z env:
job-core	Install jsonlint	2025-04-02T08:16:39.4446585Z   KAOS_MODULE: [Ka0S] JSONLINT
job-core	Install jsonlint	2025-04-02T08:16:39.4447129Z   GH_TOKEN: ***
job-core	Install jsonlint	2025-04-02T08:16:39.4447430Z   KAOS_JSONLINT_CONFIG: core/config/.jsonlint.json
job-core	Install jsonlint	2025-04-02T08:16:39.4447823Z   KAOS_PATH_RESUME: core/outputs/j/
job-core	Install jsonlint	2025-04-02T08:16:39.4448180Z   KAOS_REPO: /actions-runner/_work/kaos/kaos
job-core	Install jsonlint	2025-04-02T08:16:39.4448549Z   KAOS_STEP_MODULE: 
job-core	Install jsonlint	2025-04-02T08:16:39.4448865Z   KAOS_CODE: 14214626144
job-core	Install jsonlint	2025-04-02T08:16:39.4449138Z   KAOS_REF_BRANCH: main
job-core	Install jsonlint	2025-04-02T08:16:39.4449418Z ##[endgroup]
job-core	Install jsonlint	2025-04-02T08:16:39.4531063Z jsonlint already installed, skipping installation
job-core	Check JSON	ï»¿2025-04-02T08:16:39.4593083Z ##[group]Run # Invocamos la primera comprobaciÃ³n de base, sino se supera el proceso no continua
job-core	Check JSON	2025-04-02T08:16:39.4594078Z [36;1m# Invocamos la primera comprobaciÃ³n de base, sino se supera el proceso no continua[0m
job-core	Check JSON	2025-04-02T08:16:39.4594664Z [36;1m# Extraemos el nombre del fichero[0m
job-core	Check JSON	2025-04-02T08:16:39.4595192Z [36;1mfile_name=$(basename "core/dashboard/dashboard/sections/seccion2.json")[0m
job-core	Check JSON	2025-04-02T08:16:39.4595751Z [36;1m# Generamos el fichero de resultados vacio[0m
job-core	Check JSON	2025-04-02T08:16:39.4596237Z [36;1mtouch core/outputs/j/jsonlint-results-14214626144.txt[0m
job-core	Check JSON	2025-04-02T08:16:39.4596720Z [36;1m# Realizamos el check del documento json [0m
job-core	Check JSON	2025-04-02T08:16:39.4597472Z [36;1mjsonlint core/dashboard/dashboard/sections/seccion2.json > core/outputs/j/jsonlint-results-14214626144.txt[0m
job-core	Check JSON	2025-04-02T08:16:39.4598273Z [36;1m# esto es un workarround importante que hay que retirar[0m
job-core	Check JSON	2025-04-02T08:16:39.4598823Z [36;1m#rm -rf core/outputs/j/jsonlint-results-14214626144.txt[0m
job-core	Check JSON	2025-04-02T08:16:39.4599300Z [36;1m# a retirar[0m
job-core	Check JSON	2025-04-02T08:16:39.4599588Z [36;1m# Check if exist errors in file[0m
job-core	Check JSON	2025-04-02T08:16:39.4599939Z [36;1mecho "Mostramos fichero"[0m
job-core	Check JSON	2025-04-02T08:16:39.4601050Z [36;1mcat core/outputs/j/jsonlint-results-14214626144.txt[0m
job-core	Check JSON	2025-04-02T08:16:39.4601753Z [36;1mif [ ! -s core/outputs/j/jsonlint-results-14214626144.txt ]; then[0m
job-core	Check JSON	2025-04-02T08:16:39.4602502Z [36;1m  echo "File core/outputs/j/jsonlint-results-14214626144.txt is empty and is content correct"[0m
job-core	Check JSON	2025-04-02T08:16:39.4604094Z [36;1m  KAOS_ISSUE_BODY="The [Ka0S] JSONLINT process (14214574225) launch the check (14214626144) over file (core/dashboard/dashboard/sections/seccion2.json) and its result has been SUCCESS. Please review all files implicated in pull request and approve to merge"[0m
job-core	Check JSON	2025-04-02T08:16:39.4605580Z [36;1m  # AÃ±adimos la versiÃ³n de jsonlint con la que se realiza la comprobacion[0m
job-core	Check JSON	2025-04-02T08:16:39.4606241Z [36;1m  jsonlint --version >> core/outputs/j/jsonlint-results-14214626144.txt[0m
job-core	Check JSON	2025-04-02T08:16:39.4606846Z [36;1m  # aÃ±adimos el nombre del fichero que vamos a comprobar[0m
job-core	Check JSON	2025-04-02T08:16:39.4607670Z [36;1m  echo "Finding: core/dashboard/dashboard/sections/seccion2.json" >> core/outputs/j/jsonlint-results-14214626144.txt[0m
job-core	Check JSON	2025-04-02T08:16:39.4608988Z [36;1m  # gh workflow run issue.yaml --ref main -f kaos-issue-title="" -f kaos-issue-body="$KAOS_ISSUE_BODY" -f kaos-issue-actions=comment -f kaos-issue-tag="" -f kaos-issue-id=215[0m
job-core	Check JSON	2025-04-02T08:16:39.4610315Z [36;1m  gh issue comment  215 -F core/outputs/j/jsonlint-results-14214626144.txt[0m
job-core	Check JSON	2025-04-02T08:16:39.4610973Z [36;1melse[0m
job-core	Check JSON	2025-04-02T08:16:39.4611307Z [36;1m  cat core/outputs/j/jsonlint-results-14214626144.txt[0m
job-core	Check JSON	2025-04-02T08:16:39.4612129Z [36;1m  echo "File core/outputs/j/jsonlint-results-14214626144.txt is not empty and is content not correct and write commit info"[0m
job-core	Check JSON	2025-04-02T08:16:39.4613876Z [36;1m  KAOS_ISSUE_BODY="The [Ka0S] JSONLINT process (14214574225) launch the check (14214626144) over file (core/dashboard/dashboard/sections/seccion2.json) and its result has been FAILED, please check and solved it"[0m
job-core	Check JSON	2025-04-02T08:16:39.4615162Z [36;1m  # AÃ±adimos la versiÃ³n de jsonlint con la que se realiza la comprobacion[0m
job-core	Check JSON	2025-04-02T08:16:39.4615839Z [36;1m  # jsonlint --version || true >> core/outputs/j/jsonlint-results-14214626144.txt[0m
job-core	Check JSON	2025-04-02T08:16:39.4616447Z [36;1m  # aÃ±adimos el nombre del fichero que vamos a comprobar[0m
job-core	Check JSON	2025-04-02T08:16:39.4617262Z [36;1m  echo "Finding: core/dashboard/dashboard/sections/seccion2.json" >> core/outputs/j/jsonlint-results-14214626144.txt[0m
job-core	Check JSON	2025-04-02T08:16:39.4618575Z [36;1m  # gh workflow run issue.yaml --ref main -f kaos-issue-title="" -f kaos-issue-body="$KAOS_ISSUE_BODY" -f kaos-issue-actions=comment -f kaos-issue-tag="" -f kaos-issue-id=215 [0m
job-core	Check JSON	2025-04-02T08:16:39.4619643Z [36;1m  gh issue comment  215 -F core/outputs/j/jsonlint-results-14214626144.txt[0m
job-core	Check JSON	2025-04-02T08:16:39.4620449Z [36;1mfi[0m
job-core	Check JSON	2025-04-02T08:16:39.4631171Z shell: /usr/bin/bash -e {0}
job-core	Check JSON	2025-04-02T08:16:39.4632213Z env:
job-core	Check JSON	2025-04-02T08:16:39.4632801Z   KAOS_MODULE: [Ka0S] JSONLINT
job-core	Check JSON	2025-04-02T08:16:39.4633835Z   GH_TOKEN: ***
job-core	Check JSON	2025-04-02T08:16:39.4634162Z   KAOS_JSONLINT_CONFIG: core/config/.jsonlint.json
job-core	Check JSON	2025-04-02T08:16:39.4634568Z   KAOS_PATH_RESUME: core/outputs/j/
job-core	Check JSON	2025-04-02T08:16:39.4635144Z   KAOS_REPO: /actions-runner/_work/kaos/kaos
job-core	Check JSON	2025-04-02T08:16:39.4635509Z   KAOS_STEP_MODULE: 
job-core	Check JSON	2025-04-02T08:16:39.4635896Z   KAOS_CODE: 14214626144
job-core	Check JSON	2025-04-02T08:16:39.4636170Z   KAOS_REF_BRANCH: main
job-core	Check JSON	2025-04-02T08:16:39.4636565Z ##[endgroup]
job-core	Check JSON	2025-04-02T08:16:39.6271577Z internal/fs/utils.js:332
job-core	Check JSON	2025-04-02T08:16:39.6272534Z     throw err;
job-core	Check JSON	2025-04-02T08:16:39.6273149Z     ^
job-core	Check JSON	2025-04-02T08:16:39.6273619Z 
job-core	Check JSON	2025-04-02T08:16:39.6275079Z Error: ENOENT: no such file or directory, open 'core/dashboard/dashboard/sections/seccion2.json'
job-core	Check JSON	2025-04-02T08:16:39.6276601Z     at Object.openSync (fs.js:498:3)
job-core	Check JSON	2025-04-02T08:16:39.6277441Z     at Object.readFileSync (fs.js:394:35)
job-core	Check JSON	2025-04-02T08:16:39.6278658Z     at main (/actions-runner/_work/_tool/node/14.21.3/x64/lib/node_modules/jsonlint/lib/cli.js:135:23)
job-core	Check JSON	2025-04-02T08:16:39.6280922Z     at Object.<anonymous> (/actions-runner/_work/_tool/node/14.21.3/x64/lib/node_modules/jsonlint/lib/cli.js:179:1)
job-core	Check JSON	2025-04-02T08:16:39.6281821Z     at Module._compile (internal/modules/cjs/loader.js:1114:14)
job-core	Check JSON	2025-04-02T08:16:39.6282529Z     at Object.Module._extensions..js (internal/modules/cjs/loader.js:1143:10)
job-core	Check JSON	2025-04-02T08:16:39.6283197Z     at Module.load (internal/modules/cjs/loader.js:979:32)
job-core	Check JSON	2025-04-02T08:16:39.6283831Z     at Function.Module._load (internal/modules/cjs/loader.js:819:12)
job-core	Check JSON	2025-04-02T08:16:39.6284637Z     at Function.executeUserEntryPoint [as runMain] (internal/modules/run_main.js:75:12)
job-core	Check JSON	2025-04-02T08:16:39.6285317Z     at internal/main/run_main_module.js:17:47 {
job-core	Check JSON	2025-04-02T08:16:39.6285723Z   errno: -2,
job-core	Check JSON	2025-04-02T08:16:39.6286015Z   syscall: 'open',
job-core	Check JSON	2025-04-02T08:16:39.6286291Z   code: 'ENOENT',
job-core	Check JSON	2025-04-02T08:16:39.6286725Z   path: 'core/dashboard/dashboard/sections/seccion2.json'
job-core	Check JSON	2025-04-02T08:16:39.6287191Z }
job-core	Check JSON	2025-04-02T08:16:39.6322939Z ##[error]Process completed with exit code 1.
job-core	Post Checkout code	ï»¿2025-04-02T08:16:39.6463687Z Post job cleanup.
job-core	Post Checkout code	2025-04-02T08:16:39.7764606Z [command]/usr/bin/git version
job-core	Post Checkout code	2025-04-02T08:16:39.7813828Z git version 2.48.1
job-core	Post Checkout code	2025-04-02T08:16:39.7868108Z Copying '/home/kaos/.gitconfig' to '/actions-runner/_work/_temp/1f031c8a-4614-4d41-bd3f-b982b84d3a7b/.gitconfig'
job-core	Post Checkout code	2025-04-02T08:16:39.7883277Z Temporarily overriding HOME='/actions-runner/_work/_temp/1f031c8a-4614-4d41-bd3f-b982b84d3a7b' before making global git config changes
job-core	Post Checkout code	2025-04-02T08:16:39.7885908Z Adding repository directory to the temporary git global config as a safe directory
job-core	Post Checkout code	2025-04-02T08:16:39.7890964Z [command]/usr/bin/git config --global --add safe.directory /actions-runner/_work/ka0s/ka0s
job-core	Post Checkout code	2025-04-02T08:16:39.7944081Z [command]/usr/bin/git config --local --name-only --get-regexp core\.sshCommand
job-core	Post Checkout code	2025-04-02T08:16:39.8006647Z [command]/usr/bin/git submodule foreach --recursive sh -c "git config --local --name-only --get-regexp 'core\.sshCommand' && git config --local --unset-all 'core.sshCommand' || :"
job-core	Post Checkout code	2025-04-02T08:16:39.8405277Z [command]/usr/bin/git config --local --name-only --get-regexp http\.https\:\/\/github\.com\/\.extraheader
job-core	Post Checkout code	2025-04-02T08:16:39.8441570Z http.https://github.com/.extraheader
job-core	Post Checkout code	2025-04-02T08:16:39.8464657Z [command]/usr/bin/git config --local --unset-all http.https://github.com/.extraheader
job-core	Post Checkout code	2025-04-02T08:16:39.8517788Z [command]/usr/bin/git submodule foreach --recursive sh -c "git config --local --name-only --get-regexp 'http\.https\:\/\/github\.com\/\.extraheader' && git config --local --unset-all 'http.https://github.com/.extraheader' || :"
job-core	Complete job	ï»¿2025-04-02T08:16:39.9077066Z Cleaning up orphan processes
handle_failure	Set up job	ï»¿2025-04-02T08:20:45.8993338Z Current runner version: '2.323.0'
handle_failure	Set up job	2025-04-02T08:20:45.9002778Z Runner name: 'ka0s-1'
handle_failure	Set up job	2025-04-02T08:20:45.9004034Z Machine name: '419612ea1a87'
handle_failure	Set up job	2025-04-02T08:20:45.9007683Z ##[group]GITHUB_TOKEN Permissions
handle_failure	Set up job	2025-04-02T08:20:45.9011376Z Actions: write
handle_failure	Set up job	2025-04-02T08:20:45.9012183Z Contents: write
handle_failure	Set up job	2025-04-02T08:20:45.9012922Z Issues: write
handle_failure	Set up job	2025-04-02T08:20:45.9013618Z Metadata: read
handle_failure	Set up job	2025-04-02T08:20:45.9014300Z PullRequests: write
handle_failure	Set up job	2025-04-02T08:20:45.9015032Z ##[endgroup]
handle_failure	Set up job	2025-04-02T08:20:45.9018133Z Secret source: Actions
handle_failure	Set up job	2025-04-02T08:20:45.9019127Z Prepare workflow directory
handle_failure	Set up job	2025-04-02T08:20:45.9942881Z Prepare all required actions
handle_failure	Set up job	2025-04-02T08:20:45.9998735Z Getting action download info
handle_failure	Set up job	2025-04-02T08:20:46.7267840Z Download action repository 'actions/checkout@v4' (SHA:11bd71901bbe5b1630ceea73d27597364c9af683)
handle_failure	Set up job	2025-04-02T08:20:48.9550799Z Complete job name: handle_failure
handle_failure	Checkout code	ï»¿2025-04-02T08:20:49.0202014Z ##[group]Run actions/checkout@v4
handle_failure	Checkout code	2025-04-02T08:20:49.0203320Z with:
handle_failure	Checkout code	2025-04-02T08:20:49.0203893Z   fetch-depth: 0
handle_failure	Checkout code	2025-04-02T08:20:49.0204845Z   token: ***
handle_failure	Checkout code	2025-04-02T08:20:49.0205483Z   repository: Ka0s-Klaus/ka0s
handle_failure	Checkout code	2025-04-02T08:20:49.0206154Z   ssh-strict: true
handle_failure	Checkout code	2025-04-02T08:20:49.0206704Z   ssh-user: git
handle_failure	Checkout code	2025-04-02T08:20:49.0207264Z   persist-credentials: true
handle_failure	Checkout code	2025-04-02T08:20:49.0207879Z   clean: true
handle_failure	Checkout code	2025-04-02T08:20:49.0208440Z   sparse-checkout-cone-mode: true
handle_failure	Checkout code	2025-04-02T08:20:49.0209113Z   fetch-tags: false
handle_failure	Checkout code	2025-04-02T08:20:49.0209679Z   show-progress: true
handle_failure	Checkout code	2025-04-02T08:20:49.0210342Z   lfs: false
handle_failure	Checkout code	2025-04-02T08:20:49.0210859Z   submodules: false
handle_failure	Checkout code	2025-04-02T08:20:49.0211436Z   set-safe-directory: true
handle_failure	Checkout code	2025-04-02T08:20:49.0212371Z env:
handle_failure	Checkout code	2025-04-02T08:20:49.0212905Z   KAOS_MODULE: [Ka0S] JSONLINT
handle_failure	Checkout code	2025-04-02T08:20:49.0213774Z   GH_TOKEN: ***
handle_failure	Checkout code	2025-04-02T08:20:49.0214405Z   KAOS_JSONLINT_CONFIG: core/config/.jsonlint.json
handle_failure	Checkout code	2025-04-02T08:20:49.0215215Z   KAOS_PATH_RESUME: core/outputs/j/
handle_failure	Checkout code	2025-04-02T08:20:49.0216007Z   KAOS_REPO: /actions-runner/_work/kaos/kaos
handle_failure	Checkout code	2025-04-02T08:20:49.0216760Z   KAOS_STEP_MODULE: 
handle_failure	Checkout code	2025-04-02T08:20:49.0217341Z   KAOS_CODE: 14214626144
handle_failure	Checkout code	2025-04-02T08:20:49.0217925Z   KAOS_REF_BRANCH: main
handle_failure	Checkout code	2025-04-02T08:20:49.0218491Z ##[endgroup]
handle_failure	Checkout code	2025-04-02T08:20:49.1857062Z Syncing repository: Ka0s-Klaus/ka0s
handle_failure	Checkout code	2025-04-02T08:20:49.1860678Z ##[group]Getting Git version info
handle_failure	Checkout code	2025-04-02T08:20:49.1863972Z Working directory is '/actions-runner/_work/ka0s/ka0s'
handle_failure	Checkout code	2025-04-02T08:20:49.1869411Z [command]/usr/bin/git version
handle_failure	Checkout code	2025-04-02T08:20:49.1870811Z git version 2.48.1
handle_failure	Checkout code	2025-04-02T08:20:49.1873509Z ##[endgroup]
handle_failure	Checkout code	2025-04-02T08:20:49.1882326Z Copying '/home/kaos/.gitconfig' to '/actions-runner/_work/_temp/d0bd1aca-5a08-45ac-a715-89f824edc874/.gitconfig'
handle_failure	Checkout code	2025-04-02T08:20:49.1884666Z Temporarily overriding HOME='/actions-runner/_work/_temp/d0bd1aca-5a08-45ac-a715-89f824edc874' before making global git config changes
handle_failure	Checkout code	2025-04-02T08:20:49.1886688Z Adding repository directory to the temporary git global config as a safe directory
handle_failure	Checkout code	2025-04-02T08:20:49.1888333Z [command]/usr/bin/git config --global --add safe.directory /actions-runner/_work/ka0s/ka0s
handle_failure	Checkout code	2025-04-02T08:20:49.1890923Z [command]/usr/bin/git config --local --get remote.origin.url
handle_failure	Checkout code	2025-04-02T08:20:49.1910591Z https://github.com/Ka0s-Klaus/ka0s
handle_failure	Checkout code	2025-04-02T08:20:49.1935192Z ##[group]Removing previously created refs, to avoid conflicts
handle_failure	Checkout code	2025-04-02T08:20:49.1941574Z [command]/usr/bin/git rev-parse --symbolic-full-name --verify --quiet HEAD
handle_failure	Checkout code	2025-04-02T08:20:49.1975738Z refs/heads/H215-modulo-de-summary
handle_failure	Checkout code	2025-04-02T08:20:49.1990511Z [command]/usr/bin/git checkout --detach
handle_failure	Checkout code	2025-04-02T08:20:49.2114092Z HEAD is now at 4a6a832 [Ka0S] Uploading resume execution files to the repository...
handle_failure	Checkout code	2025-04-02T08:20:49.2181195Z [command]/usr/bin/git branch --delete --force H215-modulo-de-summary
handle_failure	Checkout code	2025-04-02T08:20:49.2225196Z Deleted branch H215-modulo-de-summary (was 4a6a832).
handle_failure	Checkout code	2025-04-02T08:20:49.2294424Z ##[endgroup]
handle_failure	Checkout code	2025-04-02T08:20:49.2296881Z [command]/usr/bin/git submodule status
handle_failure	Checkout code	2025-04-02T08:20:49.2686353Z ##[group]Cleaning the repository
handle_failure	Checkout code	2025-04-02T08:20:49.2693103Z [command]/usr/bin/git clean -ffdx
handle_failure	Checkout code	2025-04-02T08:20:49.2764568Z [command]/usr/bin/git reset --hard HEAD
handle_failure	Checkout code	2025-04-02T08:20:49.2934977Z HEAD is now at 4a6a832 [Ka0S] Uploading resume execution files to the repository...
handle_failure	Checkout code	2025-04-02T08:20:49.2943066Z ##[endgroup]
handle_failure	Checkout code	2025-04-02T08:20:49.2945056Z ##[group]Disabling automatic garbage collection
handle_failure	Checkout code	2025-04-02T08:20:49.2952002Z [command]/usr/bin/git config --local gc.auto 0
handle_failure	Checkout code	2025-04-02T08:20:49.2999524Z ##[endgroup]
handle_failure	Checkout code	2025-04-02T08:20:49.3000808Z ##[group]Setting up auth
handle_failure	Checkout code	2025-04-02T08:20:49.3006778Z [command]/usr/bin/git config --local --name-only --get-regexp core\.sshCommand
handle_failure	Checkout code	2025-04-02T08:20:49.3064913Z [command]/usr/bin/git submodule foreach --recursive sh -c "git config --local --name-only --get-regexp 'core\.sshCommand' && git config --local --unset-all 'core.sshCommand' || :"
handle_failure	Checkout code	2025-04-02T08:20:49.3450854Z [command]/usr/bin/git config --local --name-only --get-regexp http\.https\:\/\/github\.com\/\.extraheader
handle_failure	Checkout code	2025-04-02T08:20:49.3495650Z [command]/usr/bin/git submodule foreach --recursive sh -c "git config --local --name-only --get-regexp 'http\.https\:\/\/github\.com\/\.extraheader' && git config --local --unset-all 'http.https://github.com/.extraheader' || :"
handle_failure	Checkout code	2025-04-02T08:20:49.3885690Z [command]/usr/bin/git config --local http.https://github.com/.extraheader AUTHORIZATION: basic ***
handle_failure	Checkout code	2025-04-02T08:20:49.3949548Z ##[endgroup]
handle_failure	Checkout code	2025-04-02T08:20:49.3951357Z ##[group]Fetching the repository
handle_failure	Checkout code	2025-04-02T08:20:49.3998334Z [command]/usr/bin/git -c protocol.version=2 fetch --prune --no-recurse-submodules origin +refs/heads/*:refs/remotes/origin/* +refs/tags/*:refs/tags/*
handle_failure	Checkout code	2025-04-02T08:20:50.2229653Z [command]/usr/bin/git branch --list --remote origin/H215-modulo-de-summary
handle_failure	Checkout code	2025-04-02T08:20:50.2275926Z   origin/H215-modulo-de-summary
handle_failure	Checkout code	2025-04-02T08:20:50.2290936Z [command]/usr/bin/git rev-parse refs/remotes/origin/H215-modulo-de-summary
handle_failure	Checkout code	2025-04-02T08:20:50.2324047Z 4a6a832d1122b16fd64dde65270b28aeaed503c2
handle_failure	Checkout code	2025-04-02T08:20:50.2331225Z ##[endgroup]
handle_failure	Checkout code	2025-04-02T08:20:50.2333791Z ##[group]Determining the checkout info
handle_failure	Checkout code	2025-04-02T08:20:50.2336933Z ##[endgroup]
handle_failure	Checkout code	2025-04-02T08:20:50.2341222Z [command]/usr/bin/git sparse-checkout disable
handle_failure	Checkout code	2025-04-02T08:20:50.2422015Z [command]/usr/bin/git config --local --unset-all extensions.worktreeConfig
handle_failure	Checkout code	2025-04-02T08:20:50.2466790Z ##[group]Checking out the ref
handle_failure	Checkout code	2025-04-02T08:20:50.2472743Z [command]/usr/bin/git checkout --progress --force -B H215-modulo-de-summary refs/remotes/origin/H215-modulo-de-summary
handle_failure	Checkout code	2025-04-02T08:20:50.2595780Z Switched to a new branch 'H215-modulo-de-summary'
handle_failure	Checkout code	2025-04-02T08:20:50.2602501Z branch 'H215-modulo-de-summary' set up to track 'origin/H215-modulo-de-summary'.
handle_failure	Checkout code	2025-04-02T08:20:50.2613999Z ##[endgroup]
handle_failure	Checkout code	2025-04-02T08:20:50.2670445Z [command]/usr/bin/git log -1 --format=%H
handle_failure	Checkout code	2025-04-02T08:20:50.2709198Z 4a6a832d1122b16fd64dde65270b28aeaed503c2
handle_failure	handle-failure-execution	ï»¿2025-04-02T08:20:50.3073208Z ##[group]Run echo "Error detected in process"
handle_failure	handle-failure-execution	2025-04-02T08:20:50.3074914Z [36;1mecho "Error detected in process"[0m
handle_failure	handle-failure-execution	2025-04-02T08:20:50.3076916Z [36;1mRNNUMBER=$(echo "refs/heads/H215-modulo-de-summary" | grep -o '[0-9]*')[0m
handle_failure	handle-failure-execution	2025-04-02T08:20:50.3081233Z [36;1mgh issue comment $RNNUMBER --body "El proceso no ha finalizado correctamente 14214626144. El resultado estÃ¡ en el fichero core/results/event_data14214626144.log"[0m
handle_failure	handle-failure-execution	2025-04-02T08:20:50.3099822Z shell: /usr/bin/bash -e {0}
handle_failure	handle-failure-execution	2025-04-02T08:20:50.3101211Z env:
handle_failure	handle-failure-execution	2025-04-02T08:20:50.3102091Z   KAOS_MODULE: [Ka0S] JSONLINT
handle_failure	handle-failure-execution	2025-04-02T08:20:50.3103796Z   GH_TOKEN: ***
handle_failure	handle-failure-execution	2025-04-02T08:20:50.3104915Z   KAOS_JSONLINT_CONFIG: core/config/.jsonlint.json
handle_failure	handle-failure-execution	2025-04-02T08:20:50.3106428Z   KAOS_PATH_RESUME: core/outputs/j/
handle_failure	handle-failure-execution	2025-04-02T08:20:50.3107780Z   KAOS_REPO: /actions-runner/_work/kaos/kaos
handle_failure	handle-failure-execution	2025-04-02T08:20:50.3109122Z   KAOS_STEP_MODULE: 
handle_failure	handle-failure-execution	2025-04-02T08:20:50.3110164Z   KAOS_CODE: 14214626144
handle_failure	handle-failure-execution	2025-04-02T08:20:50.3111216Z   KAOS_REF_BRANCH: main
handle_failure	handle-failure-execution	2025-04-02T08:20:50.3112295Z ##[endgroup]
handle_failure	handle-failure-execution	2025-04-02T08:20:50.3190324Z Error detected in process
handle_failure	handle-failure-execution	2025-04-02T08:20:51.3987401Z https://github.com/Ka0s-Klaus/ka0s/issues/215#issuecomment-2771775318
handle_failure	Post Checkout code	ï»¿2025-04-02T08:20:51.4308052Z Post job cleanup.
handle_failure	Post Checkout code	2025-04-02T08:20:51.5841584Z [command]/usr/bin/git version
handle_failure	Post Checkout code	2025-04-02T08:20:51.5914349Z git version 2.48.1
handle_failure	Post Checkout code	2025-04-02T08:20:51.5974189Z Copying '/home/kaos/.gitconfig' to '/actions-runner/_work/_temp/450441f2-2b37-44be-9208-fb8505445294/.gitconfig'
handle_failure	Post Checkout code	2025-04-02T08:20:51.5994212Z Temporarily overriding HOME='/actions-runner/_work/_temp/450441f2-2b37-44be-9208-fb8505445294' before making global git config changes
handle_failure	Post Checkout code	2025-04-02T08:20:51.6001529Z Adding repository directory to the temporary git global config as a safe directory
handle_failure	Post Checkout code	2025-04-02T08:20:51.6007498Z [command]/usr/bin/git config --global --add safe.directory /actions-runner/_work/ka0s/ka0s
handle_failure	Post Checkout code	2025-04-02T08:20:51.6091900Z [command]/usr/bin/git config --local --name-only --get-regexp core\.sshCommand
handle_failure	Post Checkout code	2025-04-02T08:20:51.6171498Z [command]/usr/bin/git submodule foreach --recursive sh -c "git config --local --name-only --get-regexp 'core\.sshCommand' && git config --local --unset-all 'core.sshCommand' || :"
handle_failure	Post Checkout code	2025-04-02T08:20:51.6638436Z [command]/usr/bin/git config --local --name-only --get-regexp http\.https\:\/\/github\.com\/\.extraheader
handle_failure	Post Checkout code	2025-04-02T08:20:51.6677629Z http.https://github.com/.extraheader
handle_failure	Post Checkout code	2025-04-02T08:20:51.6711525Z [command]/usr/bin/git config --local --unset-all http.https://github.com/.extraheader
handle_failure	Post Checkout code	2025-04-02T08:20:51.6781497Z [command]/usr/bin/git submodule foreach --recursive sh -c "git config --local --name-only --get-regexp 'http\.https\:\/\/github\.com\/\.extraheader' && git config --local --unset-all 'http.https://github.com/.extraheader' || :"
handle_failure	Complete job	ï»¿2025-04-02T08:20:51.7426299Z Cleaning up orphan processes
end-workflow	Set up job	ï»¿2025-04-02T08:26:14.1696552Z Current runner version: '2.323.0'
end-workflow	Set up job	2025-04-02T08:26:14.1716694Z Runner name: 'ka0s-1'
end-workflow	Set up job	2025-04-02T08:26:14.1719960Z Machine name: '419612ea1a87'
end-workflow	Set up job	2025-04-02T08:26:14.1730891Z ##[group]GITHUB_TOKEN Permissions
end-workflow	Set up job	2025-04-02T08:26:14.1737721Z Actions: write
end-workflow	Set up job	2025-04-02T08:26:14.1739851Z Contents: write
end-workflow	Set up job	2025-04-02T08:26:14.1741867Z Issues: write
end-workflow	Set up job	2025-04-02T08:26:14.1744118Z Metadata: read
end-workflow	Set up job	2025-04-02T08:26:14.1746061Z PullRequests: write
end-workflow	Set up job	2025-04-02T08:26:14.1747896Z ##[endgroup]
end-workflow	Set up job	2025-04-02T08:26:14.1755439Z Secret source: Actions
end-workflow	Set up job	2025-04-02T08:26:14.1758420Z Prepare workflow directory
end-workflow	Set up job	2025-04-02T08:26:14.3165372Z Prepare all required actions
end-workflow	Set up job	2025-04-02T08:26:14.3219687Z Getting action download info
end-workflow	Set up job	2025-04-02T08:26:15.1831874Z Download action repository 'actions/checkout@v4' (SHA:11bd71901bbe5b1630ceea73d27597364c9af683)
end-workflow	Set up job	2025-04-02T08:26:17.7976011Z Complete job name: end-workflow
end-workflow	Checkout code	ï»¿2025-04-02T08:26:17.8999743Z ##[group]Run actions/checkout@v4
end-workflow	Checkout code	2025-04-02T08:26:17.9001997Z with:
end-workflow	Checkout code	2025-04-02T08:26:17.9002976Z   fetch-depth: 0
end-workflow	Checkout code	2025-04-02T08:26:17.9004637Z   token: ***
end-workflow	Checkout code	2025-04-02T08:26:17.9005641Z   repository: Ka0s-Klaus/ka0s
end-workflow	Checkout code	2025-04-02T08:26:17.9006857Z   ssh-strict: true
end-workflow	Checkout code	2025-04-02T08:26:17.9007850Z   ssh-user: git
end-workflow	Checkout code	2025-04-02T08:26:17.9008853Z   persist-credentials: true
end-workflow	Checkout code	2025-04-02T08:26:17.9010517Z   clean: true
end-workflow	Checkout code	2025-04-02T08:26:17.9014569Z   sparse-checkout-cone-mode: true
end-workflow	Checkout code	2025-04-02T08:26:17.9017257Z   fetch-tags: false
end-workflow	Checkout code	2025-04-02T08:26:17.9019208Z   show-progress: true
end-workflow	Checkout code	2025-04-02T08:26:17.9020993Z   lfs: false
end-workflow	Checkout code	2025-04-02T08:26:17.9021949Z   submodules: false
end-workflow	Checkout code	2025-04-02T08:26:17.9022986Z   set-safe-directory: true
end-workflow	Checkout code	2025-04-02T08:26:17.9025072Z env:
end-workflow	Checkout code	2025-04-02T08:26:17.9026076Z   KAOS_MODULE: [Ka0S] JSONLINT
end-workflow	Checkout code	2025-04-02T08:26:17.9027726Z   GH_TOKEN: ***
end-workflow	Checkout code	2025-04-02T08:26:17.9028873Z   KAOS_JSONLINT_CONFIG: core/config/.jsonlint.json
end-workflow	Checkout code	2025-04-02T08:26:17.9030526Z   KAOS_PATH_RESUME: core/outputs/j/
end-workflow	Checkout code	2025-04-02T08:26:17.9032018Z   KAOS_REPO: /actions-runner/_work/kaos/kaos
end-workflow	Checkout code	2025-04-02T08:26:17.9033402Z   KAOS_STEP_MODULE: 
end-workflow	Checkout code	2025-04-02T08:26:17.9034448Z   KAOS_CODE: 14214626144
end-workflow	Checkout code	2025-04-02T08:26:17.9035523Z   KAOS_REF_BRANCH: main
end-workflow	Checkout code	2025-04-02T08:26:17.9036558Z ##[endgroup]
end-workflow	Checkout code	2025-04-02T08:26:18.1026609Z Syncing repository: Ka0s-Klaus/ka0s
end-workflow	Checkout code	2025-04-02T08:26:18.1030843Z ##[group]Getting Git version info
end-workflow	Checkout code	2025-04-02T08:26:18.1033635Z Working directory is '/actions-runner/_work/ka0s/ka0s'
end-workflow	Checkout code	2025-04-02T08:26:18.1037794Z [command]/usr/bin/git version
end-workflow	Checkout code	2025-04-02T08:26:18.1043520Z git version 2.48.1
end-workflow	Checkout code	2025-04-02T08:26:18.1098455Z ##[endgroup]
end-workflow	Checkout code	2025-04-02T08:26:18.1117141Z Copying '/home/kaos/.gitconfig' to '/actions-runner/_work/_temp/715bd019-8cc0-422a-a131-95ffb44fc945/.gitconfig'
end-workflow	Checkout code	2025-04-02T08:26:18.1140638Z Temporarily overriding HOME='/actions-runner/_work/_temp/715bd019-8cc0-422a-a131-95ffb44fc945' before making global git config changes
end-workflow	Checkout code	2025-04-02T08:26:18.1154243Z Adding repository directory to the temporary git global config as a safe directory
end-workflow	Checkout code	2025-04-02T08:26:18.1161679Z [command]/usr/bin/git config --global --add safe.directory /actions-runner/_work/ka0s/ka0s
end-workflow	Checkout code	2025-04-02T08:26:18.1284620Z [command]/usr/bin/git config --local --get remote.origin.url
end-workflow	Checkout code	2025-04-02T08:26:18.1336249Z https://github.com/Ka0s-Klaus/ka0s
end-workflow	Checkout code	2025-04-02T08:26:18.1396596Z ##[group]Removing previously created refs, to avoid conflicts
end-workflow	Checkout code	2025-04-02T08:26:18.1414876Z [command]/usr/bin/git rev-parse --symbolic-full-name --verify --quiet HEAD
end-workflow	Checkout code	2025-04-02T08:26:18.1471555Z refs/heads/H215-modulo-de-summary
end-workflow	Checkout code	2025-04-02T08:26:18.1494883Z [command]/usr/bin/git checkout --detach
end-workflow	Checkout code	2025-04-02T08:26:18.1632784Z HEAD is now at 4a6a832 [Ka0S] Uploading resume execution files to the repository...
end-workflow	Checkout code	2025-04-02T08:26:18.1712339Z [command]/usr/bin/git branch --delete --force H215-modulo-de-summary
end-workflow	Checkout code	2025-04-02T08:26:18.1755138Z Deleted branch H215-modulo-de-summary (was 4a6a832).
end-workflow	Checkout code	2025-04-02T08:26:18.1841913Z ##[endgroup]
end-workflow	Checkout code	2025-04-02T08:26:18.1843378Z [command]/usr/bin/git submodule status
end-workflow	Checkout code	2025-04-02T08:26:18.2288505Z ##[group]Cleaning the repository
end-workflow	Checkout code	2025-04-02T08:26:18.2292217Z [command]/usr/bin/git clean -ffdx
end-workflow	Checkout code	2025-04-02T08:26:18.2392660Z [command]/usr/bin/git reset --hard HEAD
end-workflow	Checkout code	2025-04-02T08:26:18.2605531Z HEAD is now at 4a6a832 [Ka0S] Uploading resume execution files to the repository...
end-workflow	Checkout code	2025-04-02T08:26:18.2625086Z ##[endgroup]
end-workflow	Checkout code	2025-04-02T08:26:18.2628565Z ##[group]Disabling automatic garbage collection
end-workflow	Checkout code	2025-04-02T08:26:18.2633662Z [command]/usr/bin/git config --local gc.auto 0
end-workflow	Checkout code	2025-04-02T08:26:18.2694643Z ##[endgroup]
end-workflow	Checkout code	2025-04-02T08:26:18.2697437Z ##[group]Setting up auth
end-workflow	Checkout code	2025-04-02T08:26:18.2702613Z [command]/usr/bin/git config --local --name-only --get-regexp core\.sshCommand
end-workflow	Checkout code	2025-04-02T08:26:18.2789225Z [command]/usr/bin/git submodule foreach --recursive sh -c "git config --local --name-only --get-regexp 'core\.sshCommand' && git config --local --unset-all 'core.sshCommand' || :"
end-workflow	Checkout code	2025-04-02T08:26:18.3292949Z [command]/usr/bin/git config --local --name-only --get-regexp http\.https\:\/\/github\.com\/\.extraheader
end-workflow	Checkout code	2025-04-02T08:26:18.3371412Z [command]/usr/bin/git submodule foreach --recursive sh -c "git config --local --name-only --get-regexp 'http\.https\:\/\/github\.com\/\.extraheader' && git config --local --unset-all 'http.https://github.com/.extraheader' || :"
end-workflow	Checkout code	2025-04-02T08:26:18.3962723Z [command]/usr/bin/git config --local http.https://github.com/.extraheader AUTHORIZATION: basic ***
end-workflow	Checkout code	2025-04-02T08:26:18.4064299Z ##[endgroup]
end-workflow	Checkout code	2025-04-02T08:26:18.4072772Z ##[group]Fetching the repository
end-workflow	Checkout code	2025-04-02T08:26:18.4087959Z [command]/usr/bin/git -c protocol.version=2 fetch --prune --no-recurse-submodules origin +refs/heads/*:refs/remotes/origin/* +refs/tags/*:refs/tags/*
end-workflow	Checkout code	2025-04-02T08:26:19.1281661Z From https://github.com/Ka0s-Klaus/ka0s
end-workflow	Checkout code	2025-04-02T08:26:19.1282775Z    4a6a832..e3e3757  H215-modulo-de-summary -> origin/H215-modulo-de-summary
end-workflow	Checkout code	2025-04-02T08:26:19.1403167Z [command]/usr/bin/git branch --list --remote origin/H215-modulo-de-summary
end-workflow	Checkout code	2025-04-02T08:26:19.1440479Z   origin/H215-modulo-de-summary
end-workflow	Checkout code	2025-04-02T08:26:19.1453643Z [command]/usr/bin/git rev-parse refs/remotes/origin/H215-modulo-de-summary
end-workflow	Checkout code	2025-04-02T08:26:19.1487284Z e3e37579a8d2a2a641d39fb885ca186fb7ef4e8d
end-workflow	Checkout code	2025-04-02T08:26:19.1503133Z [command]/usr/bin/git -c protocol.version=2 fetch --no-tags --prune --no-recurse-submodules origin +4a6a832d1122b16fd64dde65270b28aeaed503c2:refs/remotes/origin/H215-modulo-de-summary
end-workflow	Checkout code	2025-04-02T08:26:19.8842209Z From https://github.com/Ka0s-Klaus/ka0s
end-workflow	Checkout code	2025-04-02T08:26:19.8847124Z  + e3e3757...4a6a832 4a6a832d1122b16fd64dde65270b28aeaed503c2 -> origin/H215-modulo-de-summary  (forced update)
end-workflow	Checkout code	2025-04-02T08:26:19.8948355Z ##[endgroup]
end-workflow	Checkout code	2025-04-02T08:26:19.8953887Z ##[group]Determining the checkout info
end-workflow	Checkout code	2025-04-02T08:26:19.8963590Z ##[endgroup]
end-workflow	Checkout code	2025-04-02T08:26:19.8964320Z [command]/usr/bin/git sparse-checkout disable
end-workflow	Checkout code	2025-04-02T08:26:19.9064680Z [command]/usr/bin/git config --local --unset-all extensions.worktreeConfig
end-workflow	Checkout code	2025-04-02T08:26:19.9124362Z ##[group]Checking out the ref
end-workflow	Checkout code	2025-04-02T08:26:19.9131270Z [command]/usr/bin/git checkout --progress --force -B H215-modulo-de-summary refs/remotes/origin/H215-modulo-de-summary
end-workflow	Checkout code	2025-04-02T08:26:19.9317427Z Switched to a new branch 'H215-modulo-de-summary'
end-workflow	Checkout code	2025-04-02T08:26:19.9327019Z branch 'H215-modulo-de-summary' set up to track 'origin/H215-modulo-de-summary'.
end-workflow	Checkout code	2025-04-02T08:26:19.9352588Z ##[endgroup]
end-workflow	Checkout code	2025-04-02T08:26:19.9453553Z [command]/usr/bin/git log -1 --format=%H
end-workflow	Checkout code	2025-04-02T08:26:19.9520243Z 4a6a832d1122b16fd64dde65270b28aeaed503c2
end-workflow	Finaliza el workflow	ï»¿2025-04-02T08:26:19.9988100Z ##[group]Run echo "End process"
end-workflow	Finaliza el workflow	2025-04-02T08:26:19.9988795Z [36;1mecho "End process"[0m
end-workflow	Finaliza el workflow	2025-04-02T08:26:19.9989367Z [36;1mRNNUMBER=$(echo "refs/heads/H215-modulo-de-summary" | grep -o '[0-9]*')[0m
end-workflow	Finaliza el workflow	2025-04-02T08:26:19.9990440Z [36;1mgh issue comment $RNNUMBER --body "Se finaliza Ka0s 14214626144"[0m
end-workflow	Finaliza el workflow	2025-04-02T08:26:19.9991390Z [36;1mgh workflow run inspector.yml --ref 'main' -f kaos-issue-id=$RNNUMBER -f kaos-workflow-id="14214626144" -f kaos-user-start=""[0m
end-workflow	Finaliza el workflow	2025-04-02T08:26:20.0013796Z shell: /usr/bin/bash -e {0}
end-workflow	Finaliza el workflow	2025-04-02T08:26:20.0014576Z env:
end-workflow	Finaliza el workflow	2025-04-02T08:26:20.0015103Z   KAOS_MODULE: [Ka0S] JSONLINT
end-workflow	Finaliza el workflow	2025-04-02T08:26:20.0017165Z   GH_TOKEN: ***
end-workflow	Finaliza el workflow	2025-04-02T08:26:20.0017831Z   KAOS_JSONLINT_CONFIG: core/config/.jsonlint.json
end-workflow	Finaliza el workflow	2025-04-02T08:26:20.0018598Z   KAOS_PATH_RESUME: core/outputs/j/
end-workflow	Finaliza el workflow	2025-04-02T08:26:20.0019296Z   KAOS_REPO: /actions-runner/_work/kaos/kaos
end-workflow	Finaliza el workflow	2025-04-02T08:26:20.0020687Z   KAOS_STEP_MODULE: 
end-workflow	Finaliza el workflow	2025-04-02T08:26:20.0021316Z   KAOS_CODE: 14214626144
end-workflow	Finaliza el workflow	2025-04-02T08:26:20.0021905Z   KAOS_REF_BRANCH: main
end-workflow	Finaliza el workflow	2025-04-02T08:26:20.0022652Z ##[endgroup]
end-workflow	Finaliza el workflow	2025-04-02T08:26:20.0132986Z End process
end-workflow	Finaliza el workflow	2025-04-02T08:26:21.3255464Z https://github.com/Ka0s-Klaus/ka0s/issues/215#issuecomment-2771790827
end-workflow	Post Checkout code	ï»¿2025-04-02T08:26:22.2210640Z Post job cleanup.
end-workflow	Post Checkout code	2025-04-02T08:26:22.4602823Z [command]/usr/bin/git version
end-workflow	Post Checkout code	2025-04-02T08:26:22.4743305Z git version 2.48.1
end-workflow	Post Checkout code	2025-04-02T08:26:22.4846267Z Copying '/home/kaos/.gitconfig' to '/actions-runner/_work/_temp/9c8f5e0e-4646-4694-af62-4f678a1f610a/.gitconfig'
end-workflow	Post Checkout code	2025-04-02T08:26:22.4880729Z Temporarily overriding HOME='/actions-runner/_work/_temp/9c8f5e0e-4646-4694-af62-4f678a1f610a' before making global git config changes
end-workflow	Post Checkout code	2025-04-02T08:26:22.4882670Z Adding repository directory to the temporary git global config as a safe directory
end-workflow	Post Checkout code	2025-04-02T08:26:22.4909091Z [command]/usr/bin/git config --global --add safe.directory /actions-runner/_work/ka0s/ka0s
end-workflow	Post Checkout code	2025-04-02T08:26:22.5011990Z [command]/usr/bin/git config --local --name-only --get-regexp core\.sshCommand
end-workflow	Post Checkout code	2025-04-02T08:26:22.5155216Z [command]/usr/bin/git submodule foreach --recursive sh -c "git config --local --name-only --get-regexp 'core\.sshCommand' && git config --local --unset-all 'core.sshCommand' || :"
end-workflow	Post Checkout code	2025-04-02T08:26:22.5659394Z [command]/usr/bin/git config --local --name-only --get-regexp http\.https\:\/\/github\.com\/\.extraheader
end-workflow	Post Checkout code	2025-04-02T08:26:22.5695248Z http.https://github.com/.extraheader
end-workflow	Post Checkout code	2025-04-02T08:26:22.5722601Z [command]/usr/bin/git config --local --unset-all http.https://github.com/.extraheader
end-workflow	Post Checkout code	2025-04-02T08:26:22.5781022Z [command]/usr/bin/git submodule foreach --recursive sh -c "git config --local --name-only --get-regexp 'http\.https\:\/\/github\.com\/\.extraheader' && git config --local --unset-all 'http.https://github.com/.extraheader' || :"
end-workflow	Complete job	ï»¿2025-04-02T08:26:22.6465213Z Cleaning up orphan processes
