job-core	Set up job	ï»¿2025-04-02T10:35:23.5804518Z Current runner version: '2.323.0'
job-core	Set up job	2025-04-02T10:35:23.5813337Z Runner name: 'version-1'
job-core	Set up job	2025-04-02T10:35:23.5814424Z Machine name: 'e28da5fd4805'
job-core	Set up job	2025-04-02T10:35:23.5817310Z ##[group]GITHUB_TOKEN Permissions
job-core	Set up job	2025-04-02T10:35:23.5821016Z Actions: write
job-core	Set up job	2025-04-02T10:35:23.5821643Z Contents: write
job-core	Set up job	2025-04-02T10:35:23.5822202Z Issues: write
job-core	Set up job	2025-04-02T10:35:23.5822747Z Metadata: read
job-core	Set up job	2025-04-02T10:35:23.5823284Z ##[endgroup]
job-core	Set up job	2025-04-02T10:35:23.5826307Z Secret source: Actions
job-core	Set up job	2025-04-02T10:35:23.5827358Z Prepare workflow directory
job-core	Set up job	2025-04-02T10:35:23.6730990Z Prepare all required actions
job-core	Set up job	2025-04-02T10:35:23.6784009Z Getting action download info
job-core	Set up job	2025-04-02T10:35:24.4098420Z Download action repository 'actions/checkout@v4' (SHA:11bd71901bbe5b1630ceea73d27597364c9af683)
job-core	Set up job	2025-04-02T10:35:26.5953787Z Complete job name: job-core
job-core	Checkout code	ï»¿2025-04-02T10:35:26.7110631Z ##[group]Run actions/checkout@v4
job-core	Checkout code	2025-04-02T10:35:26.7148595Z with:
job-core	Checkout code	2025-04-02T10:35:26.7150600Z   fetch-depth: 0
job-core	Checkout code	2025-04-02T10:35:26.7153291Z   token: ***
job-core	Checkout code	2025-04-02T10:35:26.7155367Z   repository: Ka0s-Klaus/ka0s
job-core	Checkout code	2025-04-02T10:35:26.7156816Z   ssh-strict: true
job-core	Checkout code	2025-04-02T10:35:26.7157826Z   ssh-user: git
job-core	Checkout code	2025-04-02T10:35:26.7158891Z   persist-credentials: true
job-core	Checkout code	2025-04-02T10:35:26.7160280Z   clean: true
job-core	Checkout code	2025-04-02T10:35:26.7161385Z   sparse-checkout-cone-mode: true
job-core	Checkout code	2025-04-02T10:35:26.7162708Z   fetch-tags: false
job-core	Checkout code	2025-04-02T10:35:26.7163846Z   show-progress: true
job-core	Checkout code	2025-04-02T10:35:26.7165463Z   lfs: false
job-core	Checkout code	2025-04-02T10:35:26.7167119Z   submodules: false
job-core	Checkout code	2025-04-02T10:35:26.7169575Z   set-safe-directory: true
job-core	Checkout code	2025-04-02T10:35:26.7172338Z env:
job-core	Checkout code	2025-04-02T10:35:26.7174041Z   KAOS_MODULE: [Ka0S] VERSION
job-core	Checkout code	2025-04-02T10:35:26.7176841Z   GH_TOKEN: ***
job-core	Checkout code	2025-04-02T10:35:26.7178678Z   PATH_RESUME: core/config/
job-core	Checkout code	2025-04-02T10:35:26.7181210Z   KAOS_REPO: /actions-runner/_work/kaos/kaos
job-core	Checkout code	2025-04-02T10:35:26.7183678Z   KAOS_STEP_MODULE: 
job-core	Checkout code	2025-04-02T10:35:26.7185618Z   KAOS_CODE: 14217537092
job-core	Checkout code	2025-04-02T10:35:26.7187519Z   GH_VERSION: 
job-core	Checkout code	2025-04-02T10:35:26.7189130Z ##[endgroup]
job-core	Checkout code	2025-04-02T10:35:26.9023431Z Syncing repository: Ka0s-Klaus/ka0s
job-core	Checkout code	2025-04-02T10:35:26.9028391Z ##[group]Getting Git version info
job-core	Checkout code	2025-04-02T10:35:26.9029894Z Working directory is '/actions-runner/_work/ka0s/ka0s'
job-core	Checkout code	2025-04-02T10:35:26.9032242Z [command]/usr/bin/git version
job-core	Checkout code	2025-04-02T10:35:26.9033405Z git version 2.48.1
job-core	Checkout code	2025-04-02T10:35:26.9061798Z ##[endgroup]
job-core	Checkout code	2025-04-02T10:35:26.9090573Z Copying '/home/kaos/.gitconfig' to '/actions-runner/_work/_temp/4b2ff0b5-d018-4a33-8d72-8a2723d2ca61/.gitconfig'
job-core	Checkout code	2025-04-02T10:35:26.9112219Z Temporarily overriding HOME='/actions-runner/_work/_temp/4b2ff0b5-d018-4a33-8d72-8a2723d2ca61' before making global git config changes
job-core	Checkout code	2025-04-02T10:35:26.9117583Z Adding repository directory to the temporary git global config as a safe directory
job-core	Checkout code	2025-04-02T10:35:26.9122706Z [command]/usr/bin/git config --global --add safe.directory /actions-runner/_work/ka0s/ka0s
job-core	Checkout code	2025-04-02T10:35:26.9184098Z [command]/usr/bin/git config --local --get remote.origin.url
job-core	Checkout code	2025-04-02T10:35:26.9214310Z https://github.com/Ka0s-Klaus/ka0s
job-core	Checkout code	2025-04-02T10:35:26.9240633Z ##[group]Removing previously created refs, to avoid conflicts
job-core	Checkout code	2025-04-02T10:35:26.9246031Z [command]/usr/bin/git rev-parse --symbolic-full-name --verify --quiet HEAD
job-core	Checkout code	2025-04-02T10:35:26.9279436Z HEAD
job-core	Checkout code	2025-04-02T10:35:26.9348428Z ##[endgroup]
job-core	Checkout code	2025-04-02T10:35:26.9350518Z [command]/usr/bin/git submodule status
job-core	Checkout code	2025-04-02T10:35:26.9727455Z ##[group]Cleaning the repository
job-core	Checkout code	2025-04-02T10:35:26.9730549Z [command]/usr/bin/git clean -ffdx
job-core	Checkout code	2025-04-02T10:35:26.9804173Z [command]/usr/bin/git reset --hard HEAD
job-core	Checkout code	2025-04-02T10:35:26.9988519Z HEAD is now at 072bd6f [Ka0S] VERSION  Upload: CHANGELOG.md, INDEX.md with version 0.0.37
job-core	Checkout code	2025-04-02T10:35:26.9998961Z ##[endgroup]
job-core	Checkout code	2025-04-02T10:35:27.0002366Z ##[group]Disabling automatic garbage collection
job-core	Checkout code	2025-04-02T10:35:27.0009110Z [command]/usr/bin/git config --local gc.auto 0
job-core	Checkout code	2025-04-02T10:35:27.0061010Z ##[endgroup]
job-core	Checkout code	2025-04-02T10:35:27.0063600Z ##[group]Setting up auth
job-core	Checkout code	2025-04-02T10:35:27.0070348Z [command]/usr/bin/git config --local --name-only --get-regexp core\.sshCommand
job-core	Checkout code	2025-04-02T10:35:27.0124278Z [command]/usr/bin/git submodule foreach --recursive sh -c "git config --local --name-only --get-regexp 'core\.sshCommand' && git config --local --unset-all 'core.sshCommand' || :"
job-core	Checkout code	2025-04-02T10:35:27.0541160Z [command]/usr/bin/git config --local --name-only --get-regexp http\.https\:\/\/github\.com\/\.extraheader
job-core	Checkout code	2025-04-02T10:35:27.0592288Z [command]/usr/bin/git submodule foreach --recursive sh -c "git config --local --name-only --get-regexp 'http\.https\:\/\/github\.com\/\.extraheader' && git config --local --unset-all 'http.https://github.com/.extraheader' || :"
job-core	Checkout code	2025-04-02T10:35:27.1014923Z [command]/usr/bin/git config --local http.https://github.com/.extraheader AUTHORIZATION: basic ***
job-core	Checkout code	2025-04-02T10:35:27.1082263Z ##[endgroup]
job-core	Checkout code	2025-04-02T10:35:27.1086630Z ##[group]Fetching the repository
job-core	Checkout code	2025-04-02T10:35:27.1103138Z [command]/usr/bin/git -c protocol.version=2 fetch --prune --no-recurse-submodules origin +refs/heads/*:refs/remotes/origin/* +refs/tags/*:refs/tags/* +a5a9a2907a5e22e2172fef2768318ff7f550e877:refs/remotes/pull/257/merge
job-core	Checkout code	2025-04-02T10:35:28.1067240Z From https://github.com/Ka0s-Klaus/ka0s
job-core	Checkout code	2025-04-02T10:35:28.1069492Z    072bd6f..edd2bac  H220-web-de-resultados                   -> origin/H220-web-de-resultados
job-core	Checkout code	2025-04-02T10:35:28.1079336Z    f033178..9d21703  main                                     -> origin/main
job-core	Checkout code	2025-04-02T10:35:28.1086815Z  * [new ref]         a5a9a2907a5e22e2172fef2768318ff7f550e877 -> pull/257/merge
job-core	Checkout code	2025-04-02T10:35:28.1170466Z ##[endgroup]
job-core	Checkout code	2025-04-02T10:35:28.1171701Z ##[group]Determining the checkout info
job-core	Checkout code	2025-04-02T10:35:28.1172868Z ##[endgroup]
job-core	Checkout code	2025-04-02T10:35:28.1173675Z [command]/usr/bin/git sparse-checkout disable
job-core	Checkout code	2025-04-02T10:35:28.1268402Z [command]/usr/bin/git config --local --unset-all extensions.worktreeConfig
job-core	Checkout code	2025-04-02T10:35:28.1319926Z ##[group]Checking out the ref
job-core	Checkout code	2025-04-02T10:35:28.1324958Z [command]/usr/bin/git checkout --progress --force refs/remotes/pull/257/merge
job-core	Checkout code	2025-04-02T10:35:28.1548674Z Previous HEAD position was 072bd6f [Ka0S] VERSION  Upload: CHANGELOG.md, INDEX.md with version 0.0.37
job-core	Checkout code	2025-04-02T10:35:28.1553918Z HEAD is now at a5a9a29 Merge edd2bace2c33aabbd827c52c054dafde825bb221 into 9d2170356fbc68f6eb5322193aca20db35a12af2
job-core	Checkout code	2025-04-02T10:35:28.1571040Z ##[endgroup]
job-core	Checkout code	2025-04-02T10:35:28.1633120Z [command]/usr/bin/git log -1 --format=%H
job-core	Checkout code	2025-04-02T10:35:28.1676056Z a5a9a2907a5e22e2172fef2768318ff7f550e877
job-core	Get commit details	ï»¿2025-04-02T10:35:28.1983469Z ##[group]Run RNNUMBER=$(echo "Cambios en deploy-dashborad" | grep -o '[0-9]*')
job-core	Get commit details	2025-04-02T10:35:28.1984366Z [36;1mRNNUMBER=$(echo "Cambios en deploy-dashborad" | grep -o '[0-9]*')[0m
job-core	Get commit details	2025-04-02T10:35:28.1985023Z [36;1mgh issue comment $RNNUMBER --body "Se inicia Version 14217537092"[0m
job-core	Get commit details	2025-04-02T10:35:28.1985886Z [36;1mecho "GH_VERSION=$(gh api repos/:owner/:repo/git/matching-refs/tags --jq '.[-1].ref' | sed 's|refs/tags/||')" >> $GITHUB_ENV[0m
job-core	Get commit details	2025-04-02T10:35:28.1986752Z [36;1mecho "AUTHOR_NAME=$(git log -1 --pretty=format:'%an')" >> $GITHUB_OUTPUT[0m
job-core	Get commit details	2025-04-02T10:35:28.1987468Z [36;1mecho "AUTHOR_EMAIL=$(git log -1 --pretty=format:'%ae')" >> $GITHUB_OUTPUT[0m
job-core	Get commit details	2025-04-02T10:35:28.1988144Z [36;1mecho "COMMIT_MESSAGE=Cambios en deploy-dashborad" >> $GITHUB_OUTPUT[0m
job-core	Get commit details	2025-04-02T10:35:28.1988816Z [36;1mRNBRANCH=$(echo "Cambios en deploy-dashborad" | grep -o '^[A-Za-z]*')[0m
job-core	Get commit details	2025-04-02T10:35:28.1989466Z [36;1mRNNUMBER=$(echo "Cambios en deploy-dashborad" | grep -o '[0-9]*')[0m
job-core	Get commit details	2025-04-02T10:35:28.1990415Z [36;1mecho "Extracted RN Branch: $RNBRANCH"[0m
job-core	Get commit details	2025-04-02T10:35:28.1991029Z [36;1mecho "Extracted RN Number: $RNNUMBER"[0m
job-core	Get commit details	2025-04-02T10:35:28.1991491Z [36;1mecho "RNBRANCH=$RNBRANCH" >> $GITHUB_OUTPUT[0m
job-core	Get commit details	2025-04-02T10:35:28.1991974Z [36;1mecho "RNNUMBER=$RNNUMBER" >> $GITHUB_OUTPUT [0m
job-core	Get commit details	2025-04-02T10:35:28.2006837Z shell: /usr/bin/bash -e {0}
job-core	Get commit details	2025-04-02T10:35:28.2007265Z env:
job-core	Get commit details	2025-04-02T10:35:28.2007575Z   KAOS_MODULE: [Ka0S] VERSION
job-core	Get commit details	2025-04-02T10:35:28.2008230Z   GH_TOKEN: ***
job-core	Get commit details	2025-04-02T10:35:28.2008560Z   PATH_RESUME: core/config/
job-core	Get commit details	2025-04-02T10:35:28.2009293Z   KAOS_REPO: /actions-runner/_work/kaos/kaos
job-core	Get commit details	2025-04-02T10:35:28.2009703Z   KAOS_STEP_MODULE: 
job-core	Get commit details	2025-04-02T10:35:28.2010181Z   KAOS_CODE: 14217537092
job-core	Get commit details	2025-04-02T10:35:28.2010698Z   GH_VERSION: 
job-core	Get commit details	2025-04-02T10:35:28.2011147Z ##[endgroup]
job-core	Get commit details	2025-04-02T10:35:28.2806280Z accepts 1 arg(s), received 0
job-core	Get commit details	2025-04-02T10:35:28.2848349Z ##[error]Process completed with exit code 1.
job-core	Delete tag on failure	ï»¿2025-04-02T10:35:28.2951132Z ##[group]Run # Antes de nada borramos el tag asignado en el paso anterior
job-core	Delete tag on failure	2025-04-02T10:35:28.2951918Z [36;1m# Antes de nada borramos el tag asignado en el paso anterior[0m
job-core	Delete tag on failure	2025-04-02T10:35:28.2952437Z [36;1mgit push origin --delete ""[0m
job-core	Delete tag on failure	2025-04-02T10:35:28.2953119Z [36;1mKAOS_ISSUE_BODY="Sentimos comunicarle que no se cumplen los requerimientos, por favor revise los checks"[0m
job-core	Delete tag on failure	2025-04-02T10:35:28.2954153Z [36;1m# gh workflow run issue.yaml --ref main -f kaos-issue-id="257" -f kaos-issue-body="$KAOS_ISSUE_BODY" -f kaos-issue-actions=comment[0m
job-core	Delete tag on failure	2025-04-02T10:35:28.2964677Z shell: /usr/bin/bash -e {0}
job-core	Delete tag on failure	2025-04-02T10:35:28.2965070Z env:
job-core	Delete tag on failure	2025-04-02T10:35:28.2965365Z   KAOS_MODULE: [Ka0S] VERSION
job-core	Delete tag on failure	2025-04-02T10:35:28.2965960Z   GH_TOKEN: ***
job-core	Delete tag on failure	2025-04-02T10:35:28.2966276Z   PATH_RESUME: core/config/
job-core	Delete tag on failure	2025-04-02T10:35:28.2966651Z   KAOS_REPO: /actions-runner/_work/kaos/kaos
job-core	Delete tag on failure	2025-04-02T10:35:28.2967055Z   KAOS_STEP_MODULE: 
job-core	Delete tag on failure	2025-04-02T10:35:28.2967372Z   KAOS_CODE: 14217537092
job-core	Delete tag on failure	2025-04-02T10:35:28.2967717Z   GH_VERSION: 
job-core	Delete tag on failure	2025-04-02T10:35:28.2968048Z ##[endgroup]
job-core	Delete tag on failure	2025-04-02T10:35:28.3028795Z fatal: --delete only accepts plain target ref names
job-core	Delete tag on failure	2025-04-02T10:35:28.3035874Z ##[error]Process completed with exit code 128.
job-core	Post Checkout code	ï»¿2025-04-02T10:35:28.3144049Z Post job cleanup.
job-core	Post Checkout code	2025-04-02T10:35:28.4552044Z [command]/usr/bin/git version
job-core	Post Checkout code	2025-04-02T10:35:28.4615699Z git version 2.48.1
job-core	Post Checkout code	2025-04-02T10:35:28.4673366Z Copying '/home/kaos/.gitconfig' to '/actions-runner/_work/_temp/5a023eed-0e86-4b6f-b8d4-719dd184f846/.gitconfig'
job-core	Post Checkout code	2025-04-02T10:35:28.4692269Z Temporarily overriding HOME='/actions-runner/_work/_temp/5a023eed-0e86-4b6f-b8d4-719dd184f846' before making global git config changes
job-core	Post Checkout code	2025-04-02T10:35:28.4694739Z Adding repository directory to the temporary git global config as a safe directory
job-core	Post Checkout code	2025-04-02T10:35:28.4701723Z [command]/usr/bin/git config --global --add safe.directory /actions-runner/_work/ka0s/ka0s
job-core	Post Checkout code	2025-04-02T10:35:28.4763545Z [command]/usr/bin/git config --local --name-only --get-regexp core\.sshCommand
job-core	Post Checkout code	2025-04-02T10:35:28.4816728Z [command]/usr/bin/git submodule foreach --recursive sh -c "git config --local --name-only --get-regexp 'core\.sshCommand' && git config --local --unset-all 'core.sshCommand' || :"
job-core	Post Checkout code	2025-04-02T10:35:28.5211536Z [command]/usr/bin/git config --local --name-only --get-regexp http\.https\:\/\/github\.com\/\.extraheader
job-core	Post Checkout code	2025-04-02T10:35:28.5243084Z http.https://github.com/.extraheader
job-core	Post Checkout code	2025-04-02T10:35:28.5260539Z [command]/usr/bin/git config --local --unset-all http.https://github.com/.extraheader
job-core	Post Checkout code	2025-04-02T10:35:28.5310658Z [command]/usr/bin/git submodule foreach --recursive sh -c "git config --local --name-only --get-regexp 'http\.https\:\/\/github\.com\/\.extraheader' && git config --local --unset-all 'http.https://github.com/.extraheader' || :"
job-core	Complete job	ï»¿2025-04-02T10:35:28.5914292Z Evaluate and set job outputs
job-core	Complete job	2025-04-02T10:35:28.5926193Z Cleaning up orphan processes
handle_failure	Set up job	ï»¿2025-04-02T10:36:06.3794208Z Current runner version: '2.323.0'
handle_failure	Set up job	2025-04-02T10:36:06.3803208Z Runner name: 'ka0s-1'
handle_failure	Set up job	2025-04-02T10:36:06.3804221Z Machine name: '419612ea1a87'
handle_failure	Set up job	2025-04-02T10:36:06.3807083Z ##[group]GITHUB_TOKEN Permissions
handle_failure	Set up job	2025-04-02T10:36:06.3811287Z Actions: write
handle_failure	Set up job	2025-04-02T10:36:06.3812060Z Contents: write
handle_failure	Set up job	2025-04-02T10:36:06.3812595Z Issues: write
handle_failure	Set up job	2025-04-02T10:36:06.3813109Z Metadata: read
handle_failure	Set up job	2025-04-02T10:36:06.3813615Z ##[endgroup]
handle_failure	Set up job	2025-04-02T10:36:06.3816393Z Secret source: Actions
handle_failure	Set up job	2025-04-02T10:36:06.3817508Z Prepare workflow directory
handle_failure	Set up job	2025-04-02T10:36:06.4757439Z Prepare all required actions
handle_failure	Set up job	2025-04-02T10:36:06.4810480Z Getting action download info
handle_failure	Set up job	2025-04-02T10:36:07.1654374Z Download action repository 'actions/checkout@v4' (SHA:11bd71901bbe5b1630ceea73d27597364c9af683)
handle_failure	Set up job	2025-04-02T10:36:09.1822994Z Complete job name: handle_failure
handle_failure	Checkout code	ï»¿2025-04-02T10:36:09.2464662Z ##[group]Run actions/checkout@v4
handle_failure	Checkout code	2025-04-02T10:36:09.2465884Z with:
handle_failure	Checkout code	2025-04-02T10:36:09.2466426Z   fetch-depth: 0
handle_failure	Checkout code	2025-04-02T10:36:09.2467274Z   token: ***
handle_failure	Checkout code	2025-04-02T10:36:09.2467910Z   repository: Ka0s-Klaus/ka0s
handle_failure	Checkout code	2025-04-02T10:36:09.2468562Z   ssh-strict: true
handle_failure	Checkout code	2025-04-02T10:36:09.2469102Z   ssh-user: git
handle_failure	Checkout code	2025-04-02T10:36:09.2469651Z   persist-credentials: true
handle_failure	Checkout code	2025-04-02T10:36:09.2470707Z   clean: true
handle_failure	Checkout code	2025-04-02T10:36:09.2471250Z   sparse-checkout-cone-mode: true
handle_failure	Checkout code	2025-04-02T10:36:09.2471932Z   fetch-tags: false
handle_failure	Checkout code	2025-04-02T10:36:09.2472491Z   show-progress: true
handle_failure	Checkout code	2025-04-02T10:36:09.2473049Z   lfs: false
handle_failure	Checkout code	2025-04-02T10:36:09.2473556Z   submodules: false
handle_failure	Checkout code	2025-04-02T10:36:09.2474127Z   set-safe-directory: true
handle_failure	Checkout code	2025-04-02T10:36:09.2475059Z env:
handle_failure	Checkout code	2025-04-02T10:36:09.2475596Z   KAOS_MODULE: [Ka0S] VERSION
handle_failure	Checkout code	2025-04-02T10:36:09.2476458Z   GH_TOKEN: ***
handle_failure	Checkout code	2025-04-02T10:36:09.2477011Z   PATH_RESUME: core/config/
handle_failure	Checkout code	2025-04-02T10:36:09.2477694Z   KAOS_REPO: /actions-runner/_work/kaos/kaos
handle_failure	Checkout code	2025-04-02T10:36:09.2478411Z   KAOS_STEP_MODULE: 
handle_failure	Checkout code	2025-04-02T10:36:09.2479023Z   KAOS_CODE: 14217537092
handle_failure	Checkout code	2025-04-02T10:36:09.2479605Z   GH_VERSION: 
handle_failure	Checkout code	2025-04-02T10:36:09.2480360Z ##[endgroup]
handle_failure	Checkout code	2025-04-02T10:36:09.4058224Z Syncing repository: Ka0s-Klaus/ka0s
handle_failure	Checkout code	2025-04-02T10:36:09.4061604Z ##[group]Getting Git version info
handle_failure	Checkout code	2025-04-02T10:36:09.4062758Z Working directory is '/actions-runner/_work/ka0s/ka0s'
handle_failure	Checkout code	2025-04-02T10:36:09.4066268Z [command]/usr/bin/git version
handle_failure	Checkout code	2025-04-02T10:36:09.4068905Z git version 2.48.1
handle_failure	Checkout code	2025-04-02T10:36:09.4072322Z ##[endgroup]
handle_failure	Checkout code	2025-04-02T10:36:09.4079549Z Copying '/home/kaos/.gitconfig' to '/actions-runner/_work/_temp/d315b516-56c1-4155-a80f-714daa74ae9c/.gitconfig'
handle_failure	Checkout code	2025-04-02T10:36:09.4100844Z Temporarily overriding HOME='/actions-runner/_work/_temp/d315b516-56c1-4155-a80f-714daa74ae9c' before making global git config changes
handle_failure	Checkout code	2025-04-02T10:36:09.4103081Z Adding repository directory to the temporary git global config as a safe directory
handle_failure	Checkout code	2025-04-02T10:36:09.4107600Z [command]/usr/bin/git config --global --add safe.directory /actions-runner/_work/ka0s/ka0s
handle_failure	Checkout code	2025-04-02T10:36:09.4163867Z [command]/usr/bin/git config --local --get remote.origin.url
handle_failure	Checkout code	2025-04-02T10:36:09.4196737Z https://github.com/Ka0s-Klaus/ka0s
handle_failure	Checkout code	2025-04-02T10:36:09.4222468Z ##[group]Removing previously created refs, to avoid conflicts
handle_failure	Checkout code	2025-04-02T10:36:09.4229082Z [command]/usr/bin/git rev-parse --symbolic-full-name --verify --quiet HEAD
handle_failure	Checkout code	2025-04-02T10:36:09.4266753Z refs/heads/main
handle_failure	Checkout code	2025-04-02T10:36:09.4285945Z [command]/usr/bin/git checkout --detach
handle_failure	Checkout code	2025-04-02T10:36:09.4401333Z HEAD is now at 9d21703 Merge pull request #256 from Ka0s-Klaus/H220-web-de-resultados
handle_failure	Checkout code	2025-04-02T10:36:09.4471959Z [command]/usr/bin/git branch --delete --force main
handle_failure	Checkout code	2025-04-02T10:36:09.4516550Z Deleted branch main (was 9d21703).
handle_failure	Checkout code	2025-04-02T10:36:09.4530561Z ##[endgroup]
handle_failure	Checkout code	2025-04-02T10:36:09.4532825Z [command]/usr/bin/git submodule status
handle_failure	Checkout code	2025-04-02T10:36:09.4924294Z ##[group]Cleaning the repository
handle_failure	Checkout code	2025-04-02T10:36:09.4928935Z [command]/usr/bin/git clean -ffdx
handle_failure	Checkout code	2025-04-02T10:36:09.5005035Z [command]/usr/bin/git reset --hard HEAD
handle_failure	Checkout code	2025-04-02T10:36:09.5192730Z HEAD is now at 9d21703 Merge pull request #256 from Ka0s-Klaus/H220-web-de-resultados
handle_failure	Checkout code	2025-04-02T10:36:09.5202158Z ##[endgroup]
handle_failure	Checkout code	2025-04-02T10:36:09.5205527Z ##[group]Disabling automatic garbage collection
handle_failure	Checkout code	2025-04-02T10:36:09.5208499Z [command]/usr/bin/git config --local gc.auto 0
handle_failure	Checkout code	2025-04-02T10:36:09.5259408Z ##[endgroup]
handle_failure	Checkout code	2025-04-02T10:36:09.5262308Z ##[group]Setting up auth
handle_failure	Checkout code	2025-04-02T10:36:09.5268655Z [command]/usr/bin/git config --local --name-only --get-regexp core\.sshCommand
handle_failure	Checkout code	2025-04-02T10:36:09.5323274Z [command]/usr/bin/git submodule foreach --recursive sh -c "git config --local --name-only --get-regexp 'core\.sshCommand' && git config --local --unset-all 'core.sshCommand' || :"
handle_failure	Checkout code	2025-04-02T10:36:09.5734248Z [command]/usr/bin/git config --local --name-only --get-regexp http\.https\:\/\/github\.com\/\.extraheader
handle_failure	Checkout code	2025-04-02T10:36:09.5785433Z [command]/usr/bin/git submodule foreach --recursive sh -c "git config --local --name-only --get-regexp 'http\.https\:\/\/github\.com\/\.extraheader' && git config --local --unset-all 'http.https://github.com/.extraheader' || :"
handle_failure	Checkout code	2025-04-02T10:36:09.6192980Z [command]/usr/bin/git config --local http.https://github.com/.extraheader AUTHORIZATION: basic ***
handle_failure	Checkout code	2025-04-02T10:36:09.6257566Z ##[endgroup]
handle_failure	Checkout code	2025-04-02T10:36:09.6260668Z ##[group]Fetching the repository
handle_failure	Checkout code	2025-04-02T10:36:09.6271465Z [command]/usr/bin/git -c protocol.version=2 fetch --prune --no-recurse-submodules origin +refs/heads/*:refs/remotes/origin/* +refs/tags/*:refs/tags/* +a5a9a2907a5e22e2172fef2768318ff7f550e877:refs/remotes/pull/257/merge
handle_failure	Checkout code	2025-04-02T10:36:10.6371602Z From https://github.com/Ka0s-Klaus/ka0s
handle_failure	Checkout code	2025-04-02T10:36:10.6375760Z  * [new ref]         a5a9a2907a5e22e2172fef2768318ff7f550e877 -> pull/257/merge
handle_failure	Checkout code	2025-04-02T10:36:10.6492863Z ##[endgroup]
handle_failure	Checkout code	2025-04-02T10:36:10.6495721Z ##[group]Determining the checkout info
handle_failure	Checkout code	2025-04-02T10:36:10.6498987Z ##[endgroup]
handle_failure	Checkout code	2025-04-02T10:36:10.6502822Z [command]/usr/bin/git sparse-checkout disable
handle_failure	Checkout code	2025-04-02T10:36:10.6622503Z [command]/usr/bin/git config --local --unset-all extensions.worktreeConfig
handle_failure	Checkout code	2025-04-02T10:36:10.6669018Z ##[group]Checking out the ref
handle_failure	Checkout code	2025-04-02T10:36:10.6675016Z [command]/usr/bin/git checkout --progress --force refs/remotes/pull/257/merge
handle_failure	Checkout code	2025-04-02T10:36:10.6859244Z Previous HEAD position was 9d21703 Merge pull request #256 from Ka0s-Klaus/H220-web-de-resultados
handle_failure	Checkout code	2025-04-02T10:36:10.6868648Z HEAD is now at a5a9a29 Merge edd2bace2c33aabbd827c52c054dafde825bb221 into 9d2170356fbc68f6eb5322193aca20db35a12af2
handle_failure	Checkout code	2025-04-02T10:36:10.6881223Z ##[endgroup]
handle_failure	Checkout code	2025-04-02T10:36:10.6949049Z [command]/usr/bin/git log -1 --format=%H
handle_failure	Checkout code	2025-04-02T10:36:10.6987686Z a5a9a2907a5e22e2172fef2768318ff7f550e877
handle_failure	handle-failure-execution	ï»¿2025-04-02T10:36:10.7348995Z ##[group]Run echo "Error detected in process"
handle_failure	handle-failure-execution	2025-04-02T10:36:10.7351378Z [36;1mecho "Error detected in process"[0m
handle_failure	handle-failure-execution	2025-04-02T10:36:10.7353183Z [36;1mRNNUMBER=$(echo "refs/pull/257/merge" | grep -o '[0-9]*')[0m
handle_failure	handle-failure-execution	2025-04-02T10:36:10.7357065Z [36;1mgh issue comment $RNNUMBER --body "El proceso no ha finalizado correctamente 14217537092. El resultado estÃ¡ en el fichero core/results/event_data14217537092.log"[0m
handle_failure	handle-failure-execution	2025-04-02T10:36:10.7375971Z shell: /usr/bin/bash -e {0}
handle_failure	handle-failure-execution	2025-04-02T10:36:10.7377412Z env:
handle_failure	handle-failure-execution	2025-04-02T10:36:10.7378461Z   KAOS_MODULE: [Ka0S] VERSION
handle_failure	handle-failure-execution	2025-04-02T10:36:10.7380488Z   GH_TOKEN: ***
handle_failure	handle-failure-execution	2025-04-02T10:36:10.7381541Z   PATH_RESUME: core/config/
handle_failure	handle-failure-execution	2025-04-02T10:36:10.7382849Z   KAOS_REPO: /actions-runner/_work/kaos/kaos
handle_failure	handle-failure-execution	2025-04-02T10:36:10.7384260Z   KAOS_STEP_MODULE: 
handle_failure	handle-failure-execution	2025-04-02T10:36:10.7385291Z   KAOS_CODE: 14217537092
handle_failure	handle-failure-execution	2025-04-02T10:36:10.7484765Z   GH_VERSION: 
handle_failure	handle-failure-execution	2025-04-02T10:36:10.7487398Z ##[endgroup]
handle_failure	handle-failure-execution	2025-04-02T10:36:10.7590569Z Error detected in process
handle_failure	handle-failure-execution	2025-04-02T10:36:12.0603383Z https://github.com/Ka0s-Klaus/ka0s/pull/257#issuecomment-2772149747
handle_failure	Post Checkout code	ï»¿2025-04-02T10:36:12.1198273Z Post job cleanup.
handle_failure	Post Checkout code	2025-04-02T10:36:12.2560534Z [command]/usr/bin/git version
handle_failure	Post Checkout code	2025-04-02T10:36:12.2613208Z git version 2.48.1
handle_failure	Post Checkout code	2025-04-02T10:36:12.2671804Z Copying '/home/kaos/.gitconfig' to '/actions-runner/_work/_temp/e8005458-9d0c-4197-ba61-aeb726bda259/.gitconfig'
handle_failure	Post Checkout code	2025-04-02T10:36:12.2691049Z Temporarily overriding HOME='/actions-runner/_work/_temp/e8005458-9d0c-4197-ba61-aeb726bda259' before making global git config changes
handle_failure	Post Checkout code	2025-04-02T10:36:12.2697322Z Adding repository directory to the temporary git global config as a safe directory
handle_failure	Post Checkout code	2025-04-02T10:36:12.2711630Z [command]/usr/bin/git config --global --add safe.directory /actions-runner/_work/ka0s/ka0s
handle_failure	Post Checkout code	2025-04-02T10:36:12.2773050Z [command]/usr/bin/git config --local --name-only --get-regexp core\.sshCommand
handle_failure	Post Checkout code	2025-04-02T10:36:12.2829382Z [command]/usr/bin/git submodule foreach --recursive sh -c "git config --local --name-only --get-regexp 'core\.sshCommand' && git config --local --unset-all 'core.sshCommand' || :"
handle_failure	Post Checkout code	2025-04-02T10:36:12.3246532Z [command]/usr/bin/git config --local --name-only --get-regexp http\.https\:\/\/github\.com\/\.extraheader
handle_failure	Post Checkout code	2025-04-02T10:36:12.3284039Z http.https://github.com/.extraheader
handle_failure	Post Checkout code	2025-04-02T10:36:12.3304817Z [command]/usr/bin/git config --local --unset-all http.https://github.com/.extraheader
handle_failure	Post Checkout code	2025-04-02T10:36:12.3362173Z [command]/usr/bin/git submodule foreach --recursive sh -c "git config --local --name-only --get-regexp 'http\.https\:\/\/github\.com\/\.extraheader' && git config --local --unset-all 'http.https://github.com/.extraheader' || :"
handle_failure	Complete job	ï»¿2025-04-02T10:36:12.3962759Z Cleaning up orphan processes
end-workflow	Set up job	ï»¿2025-04-02T10:42:11.4044754Z Current runner version: '2.323.0'
end-workflow	Set up job	2025-04-02T10:42:11.4053145Z Runner name: 'ka0s-1'
end-workflow	Set up job	2025-04-02T10:42:11.4054193Z Machine name: '419612ea1a87'
end-workflow	Set up job	2025-04-02T10:42:11.4057008Z ##[group]GITHUB_TOKEN Permissions
end-workflow	Set up job	2025-04-02T10:42:11.4059808Z Actions: write
end-workflow	Set up job	2025-04-02T10:42:11.4060855Z Contents: write
end-workflow	Set up job	2025-04-02T10:42:11.4061525Z Issues: write
end-workflow	Set up job	2025-04-02T10:42:11.4062021Z Metadata: read
end-workflow	Set up job	2025-04-02T10:42:11.4062517Z ##[endgroup]
end-workflow	Set up job	2025-04-02T10:42:11.4064981Z Secret source: Actions
end-workflow	Set up job	2025-04-02T10:42:11.4065928Z Prepare workflow directory
end-workflow	Set up job	2025-04-02T10:42:11.5035251Z Prepare all required actions
end-workflow	Set up job	2025-04-02T10:42:11.5100576Z Getting action download info
end-workflow	Set up job	2025-04-02T10:42:12.2004654Z Download action repository 'actions/checkout@v4' (SHA:11bd71901bbe5b1630ceea73d27597364c9af683)
end-workflow	Set up job	2025-04-02T10:42:14.1935106Z Complete job name: end-workflow
end-workflow	Checkout code	ï»¿2025-04-02T10:42:14.2598967Z ##[group]Run actions/checkout@v4
end-workflow	Checkout code	2025-04-02T10:42:14.2600540Z with:
end-workflow	Checkout code	2025-04-02T10:42:14.2601228Z   fetch-depth: 0
end-workflow	Checkout code	2025-04-02T10:42:14.2602089Z   token: ***
end-workflow	Checkout code	2025-04-02T10:42:14.2602846Z   repository: Ka0s-Klaus/ka0s
end-workflow	Checkout code	2025-04-02T10:42:14.2603666Z   ssh-strict: true
end-workflow	Checkout code	2025-04-02T10:42:14.2604212Z   ssh-user: git
end-workflow	Checkout code	2025-04-02T10:42:14.2604761Z   persist-credentials: true
end-workflow	Checkout code	2025-04-02T10:42:14.2605415Z   clean: true
end-workflow	Checkout code	2025-04-02T10:42:14.2605974Z   sparse-checkout-cone-mode: true
end-workflow	Checkout code	2025-04-02T10:42:14.2606658Z   fetch-tags: false
end-workflow	Checkout code	2025-04-02T10:42:14.2607223Z   show-progress: true
end-workflow	Checkout code	2025-04-02T10:42:14.2607792Z   lfs: false
end-workflow	Checkout code	2025-04-02T10:42:14.2608296Z   submodules: false
end-workflow	Checkout code	2025-04-02T10:42:14.2608899Z   set-safe-directory: true
end-workflow	Checkout code	2025-04-02T10:42:14.2609858Z env:
end-workflow	Checkout code	2025-04-02T10:42:14.2611000Z   KAOS_MODULE: [Ka0S] VERSION
end-workflow	Checkout code	2025-04-02T10:42:14.2612032Z   GH_TOKEN: ***
end-workflow	Checkout code	2025-04-02T10:42:14.2612597Z   PATH_RESUME: core/config/
end-workflow	Checkout code	2025-04-02T10:42:14.2613279Z   KAOS_REPO: /actions-runner/_work/kaos/kaos
end-workflow	Checkout code	2025-04-02T10:42:14.2614007Z   KAOS_STEP_MODULE: 
end-workflow	Checkout code	2025-04-02T10:42:14.2614634Z   KAOS_CODE: 14217537092
end-workflow	Checkout code	2025-04-02T10:42:14.2615226Z   GH_VERSION: 
end-workflow	Checkout code	2025-04-02T10:42:14.2615750Z ##[endgroup]
end-workflow	Checkout code	2025-04-02T10:42:14.4265492Z Syncing repository: Ka0s-Klaus/ka0s
end-workflow	Checkout code	2025-04-02T10:42:14.4269794Z ##[group]Getting Git version info
end-workflow	Checkout code	2025-04-02T10:42:14.4271930Z Working directory is '/actions-runner/_work/ka0s/ka0s'
end-workflow	Checkout code	2025-04-02T10:42:14.4274843Z [command]/usr/bin/git version
end-workflow	Checkout code	2025-04-02T10:42:14.4276344Z git version 2.48.1
end-workflow	Checkout code	2025-04-02T10:42:14.4281466Z ##[endgroup]
end-workflow	Checkout code	2025-04-02T10:42:14.4296343Z Copying '/home/kaos/.gitconfig' to '/actions-runner/_work/_temp/f4ba9e45-36a6-433d-be57-204580029093/.gitconfig'
end-workflow	Checkout code	2025-04-02T10:42:14.4315569Z Temporarily overriding HOME='/actions-runner/_work/_temp/f4ba9e45-36a6-433d-be57-204580029093' before making global git config changes
end-workflow	Checkout code	2025-04-02T10:42:14.4319804Z Adding repository directory to the temporary git global config as a safe directory
end-workflow	Checkout code	2025-04-02T10:42:14.4325349Z [command]/usr/bin/git config --global --add safe.directory /actions-runner/_work/ka0s/ka0s
end-workflow	Checkout code	2025-04-02T10:42:14.4386619Z [command]/usr/bin/git config --local --get remote.origin.url
end-workflow	Checkout code	2025-04-02T10:42:14.4421217Z https://github.com/Ka0s-Klaus/ka0s
end-workflow	Checkout code	2025-04-02T10:42:14.4460851Z ##[group]Removing previously created refs, to avoid conflicts
end-workflow	Checkout code	2025-04-02T10:42:14.4467053Z [command]/usr/bin/git rev-parse --symbolic-full-name --verify --quiet HEAD
end-workflow	Checkout code	2025-04-02T10:42:14.4504777Z refs/heads/main
end-workflow	Checkout code	2025-04-02T10:42:14.4524583Z [command]/usr/bin/git checkout --detach
end-workflow	Checkout code	2025-04-02T10:42:14.4674341Z HEAD is now at 9d21703 Merge pull request #256 from Ka0s-Klaus/H220-web-de-resultados
end-workflow	Checkout code	2025-04-02T10:42:14.4757606Z [command]/usr/bin/git branch --delete --force main
end-workflow	Checkout code	2025-04-02T10:42:14.4808199Z Deleted branch main (was 9d21703).
end-workflow	Checkout code	2025-04-02T10:42:14.4820826Z ##[endgroup]
end-workflow	Checkout code	2025-04-02T10:42:14.4826554Z [command]/usr/bin/git submodule status
end-workflow	Checkout code	2025-04-02T10:42:14.5252473Z ##[group]Cleaning the repository
end-workflow	Checkout code	2025-04-02T10:42:14.5258741Z [command]/usr/bin/git clean -ffdx
end-workflow	Checkout code	2025-04-02T10:42:14.5348165Z [command]/usr/bin/git reset --hard HEAD
end-workflow	Checkout code	2025-04-02T10:42:14.5540784Z HEAD is now at 9d21703 Merge pull request #256 from Ka0s-Klaus/H220-web-de-resultados
end-workflow	Checkout code	2025-04-02T10:42:14.5551671Z ##[endgroup]
end-workflow	Checkout code	2025-04-02T10:42:14.5554896Z ##[group]Disabling automatic garbage collection
end-workflow	Checkout code	2025-04-02T10:42:14.5560963Z [command]/usr/bin/git config --local gc.auto 0
end-workflow	Checkout code	2025-04-02T10:42:14.5626040Z ##[endgroup]
end-workflow	Checkout code	2025-04-02T10:42:14.5627203Z ##[group]Setting up auth
end-workflow	Checkout code	2025-04-02T10:42:14.5630695Z [command]/usr/bin/git config --local --name-only --get-regexp core\.sshCommand
end-workflow	Checkout code	2025-04-02T10:42:14.5682164Z [command]/usr/bin/git submodule foreach --recursive sh -c "git config --local --name-only --get-regexp 'core\.sshCommand' && git config --local --unset-all 'core.sshCommand' || :"
end-workflow	Checkout code	2025-04-02T10:42:14.6104668Z [command]/usr/bin/git config --local --name-only --get-regexp http\.https\:\/\/github\.com\/\.extraheader
end-workflow	Checkout code	2025-04-02T10:42:14.6152775Z [command]/usr/bin/git submodule foreach --recursive sh -c "git config --local --name-only --get-regexp 'http\.https\:\/\/github\.com\/\.extraheader' && git config --local --unset-all 'http.https://github.com/.extraheader' || :"
end-workflow	Checkout code	2025-04-02T10:42:14.6557930Z [command]/usr/bin/git config --local http.https://github.com/.extraheader AUTHORIZATION: basic ***
end-workflow	Checkout code	2025-04-02T10:42:14.6634708Z ##[endgroup]
end-workflow	Checkout code	2025-04-02T10:42:14.6636695Z ##[group]Fetching the repository
end-workflow	Checkout code	2025-04-02T10:42:14.6643512Z [command]/usr/bin/git -c protocol.version=2 fetch --prune --no-recurse-submodules origin +refs/heads/*:refs/remotes/origin/* +refs/tags/*:refs/tags/* +a5a9a2907a5e22e2172fef2768318ff7f550e877:refs/remotes/pull/257/merge
end-workflow	Checkout code	2025-04-02T10:42:15.7387674Z From https://github.com/Ka0s-Klaus/ka0s
end-workflow	Checkout code	2025-04-02T10:42:15.7394212Z    9d21703..0588636  main       -> origin/main
end-workflow	Checkout code	2025-04-02T10:42:15.7499638Z ##[endgroup]
end-workflow	Checkout code	2025-04-02T10:42:15.7506646Z ##[group]Determining the checkout info
end-workflow	Checkout code	2025-04-02T10:42:15.7514023Z ##[endgroup]
end-workflow	Checkout code	2025-04-02T10:42:15.7526941Z [command]/usr/bin/git sparse-checkout disable
end-workflow	Checkout code	2025-04-02T10:42:15.7659406Z [command]/usr/bin/git config --local --unset-all extensions.worktreeConfig
end-workflow	Checkout code	2025-04-02T10:42:15.7747731Z ##[group]Checking out the ref
end-workflow	Checkout code	2025-04-02T10:42:15.7751208Z [command]/usr/bin/git checkout --progress --force refs/remotes/pull/257/merge
end-workflow	Checkout code	2025-04-02T10:42:15.8029770Z Previous HEAD position was 9d21703 Merge pull request #256 from Ka0s-Klaus/H220-web-de-resultados
end-workflow	Checkout code	2025-04-02T10:42:15.8046078Z HEAD is now at a5a9a29 Merge edd2bace2c33aabbd827c52c054dafde825bb221 into 9d2170356fbc68f6eb5322193aca20db35a12af2
end-workflow	Checkout code	2025-04-02T10:42:15.8055641Z ##[endgroup]
end-workflow	Checkout code	2025-04-02T10:42:15.8135832Z [command]/usr/bin/git log -1 --format=%H
end-workflow	Checkout code	2025-04-02T10:42:15.8193079Z a5a9a2907a5e22e2172fef2768318ff7f550e877
end-workflow	Finaliza el workflow	ï»¿2025-04-02T10:42:15.8732289Z ##[group]Run echo "End process"
end-workflow	Finaliza el workflow	2025-04-02T10:42:15.8733917Z [36;1mecho "End process"[0m
end-workflow	Finaliza el workflow	2025-04-02T10:42:15.8735666Z [36;1mRNNUMBER=$(echo "refs/pull/257/merge" | grep -o '[0-9]*')[0m
end-workflow	Finaliza el workflow	2025-04-02T10:42:15.8739019Z [36;1mgh issue comment $RNNUMBER --body "Se finaliza Ka0s 14217537092"[0m
end-workflow	Finaliza el workflow	2025-04-02T10:42:15.8743470Z [36;1mgh workflow run inspector.yml --ref 'main' -f kaos-issue-id=$RNNUMBER -f kaos-workflow-id="14217537092" -f kaos-user-start=""[0m
end-workflow	Finaliza el workflow	2025-04-02T10:42:15.8763471Z shell: /usr/bin/bash -e {0}
end-workflow	Finaliza el workflow	2025-04-02T10:42:15.8764811Z env:
end-workflow	Finaliza el workflow	2025-04-02T10:42:15.8765744Z   KAOS_MODULE: [Ka0S] VERSION
end-workflow	Finaliza el workflow	2025-04-02T10:42:15.8767597Z   GH_TOKEN: ***
end-workflow	Finaliza el workflow	2025-04-02T10:42:15.8768646Z   PATH_RESUME: core/config/
end-workflow	Finaliza el workflow	2025-04-02T10:42:15.8769989Z   KAOS_REPO: /actions-runner/_work/kaos/kaos
end-workflow	Finaliza el workflow	2025-04-02T10:42:15.8771668Z   KAOS_STEP_MODULE: 
end-workflow	Finaliza el workflow	2025-04-02T10:42:15.8772861Z   KAOS_CODE: 14217537092
end-workflow	Finaliza el workflow	2025-04-02T10:42:15.8774021Z   GH_VERSION: 
end-workflow	Finaliza el workflow	2025-04-02T10:42:15.8775037Z ##[endgroup]
end-workflow	Finaliza el workflow	2025-04-02T10:42:15.8883856Z End process
end-workflow	Finaliza el workflow	2025-04-02T10:42:17.2023385Z https://github.com/Ka0s-Klaus/ka0s/pull/257#issuecomment-2772163479
end-workflow	Post Checkout code	ï»¿2025-04-02T10:42:18.1737055Z Post job cleanup.
end-workflow	Post Checkout code	2025-04-02T10:42:18.3883211Z [command]/usr/bin/git version
end-workflow	Post Checkout code	2025-04-02T10:42:18.3982223Z git version 2.48.1
end-workflow	Post Checkout code	2025-04-02T10:42:18.4073186Z Copying '/home/kaos/.gitconfig' to '/actions-runner/_work/_temp/f17803fe-0f79-496e-8958-d41e8a97e1c7/.gitconfig'
end-workflow	Post Checkout code	2025-04-02T10:42:18.4154332Z Temporarily overriding HOME='/actions-runner/_work/_temp/f17803fe-0f79-496e-8958-d41e8a97e1c7' before making global git config changes
end-workflow	Post Checkout code	2025-04-02T10:42:18.4157228Z Adding repository directory to the temporary git global config as a safe directory
end-workflow	Post Checkout code	2025-04-02T10:42:18.4159354Z [command]/usr/bin/git config --global --add safe.directory /actions-runner/_work/ka0s/ka0s
end-workflow	Post Checkout code	2025-04-02T10:42:18.4211626Z [command]/usr/bin/git config --local --name-only --get-regexp core\.sshCommand
end-workflow	Post Checkout code	2025-04-02T10:42:18.4300430Z [command]/usr/bin/git submodule foreach --recursive sh -c "git config --local --name-only --get-regexp 'core\.sshCommand' && git config --local --unset-all 'core.sshCommand' || :"
end-workflow	Post Checkout code	2025-04-02T10:42:18.4826505Z [command]/usr/bin/git config --local --name-only --get-regexp http\.https\:\/\/github\.com\/\.extraheader
end-workflow	Post Checkout code	2025-04-02T10:42:18.4870948Z http.https://github.com/.extraheader
end-workflow	Post Checkout code	2025-04-02T10:42:18.4907639Z [command]/usr/bin/git config --local --unset-all http.https://github.com/.extraheader
end-workflow	Post Checkout code	2025-04-02T10:42:18.4960910Z [command]/usr/bin/git submodule foreach --recursive sh -c "git config --local --name-only --get-regexp 'http\.https\:\/\/github\.com\/\.extraheader' && git config --local --unset-all 'http.https://github.com/.extraheader' || :"
end-workflow	Complete job	ï»¿2025-04-02T10:42:18.5526534Z Cleaning up orphan processes
