job-core	Set up job	ï»¿2025-04-02T13:57:30.4595768Z Current runner version: '2.323.0'
job-core	Set up job	2025-04-02T13:57:30.4604757Z Runner name: 'ka0s-3'
job-core	Set up job	2025-04-02T13:57:30.4605822Z Machine name: '419612ea1a87'
job-core	Set up job	2025-04-02T13:57:30.4608692Z ##[group]GITHUB_TOKEN Permissions
job-core	Set up job	2025-04-02T13:57:30.4611797Z Contents: read
job-core	Set up job	2025-04-02T13:57:30.4612415Z Metadata: read
job-core	Set up job	2025-04-02T13:57:30.4612982Z Packages: read
job-core	Set up job	2025-04-02T13:57:30.4613547Z ##[endgroup]
job-core	Set up job	2025-04-02T13:57:30.4616202Z Secret source: Actions
job-core	Set up job	2025-04-02T13:57:30.4617014Z Prepare workflow directory
job-core	Set up job	2025-04-02T13:57:30.5459107Z Prepare all required actions
job-core	Set up job	2025-04-02T13:57:30.5511714Z Getting action download info
job-core	Set up job	2025-04-02T13:57:31.4346406Z Download action repository 'actions/checkout@v4' (SHA:11bd71901bbe5b1630ceea73d27597364c9af683)
job-core	Set up job	2025-04-02T13:57:34.6892573Z Complete job name: job-core
job-core	Checkout code	ï»¿2025-04-02T13:57:34.7913785Z ##[group]Run actions/checkout@v4
job-core	Checkout code	2025-04-02T13:57:34.7915761Z with:
job-core	Checkout code	2025-04-02T13:57:34.7916755Z   fetch-depth: 0
job-core	Checkout code	2025-04-02T13:57:34.7918380Z   token: ***
job-core	Checkout code	2025-04-02T13:57:34.7920925Z   repository: Ka0s-Klaus/ka0s
job-core	Checkout code	2025-04-02T13:57:34.7925552Z   ssh-strict: true
job-core	Checkout code	2025-04-02T13:57:34.7929235Z   ssh-user: git
job-core	Checkout code	2025-04-02T13:57:34.7933382Z   persist-credentials: true
job-core	Checkout code	2025-04-02T13:57:34.7937688Z   clean: true
job-core	Checkout code	2025-04-02T13:57:34.7940682Z   sparse-checkout-cone-mode: true
job-core	Checkout code	2025-04-02T13:57:34.7942175Z   fetch-tags: false
job-core	Checkout code	2025-04-02T13:57:34.7943284Z   show-progress: true
job-core	Checkout code	2025-04-02T13:57:34.7944391Z   lfs: false
job-core	Checkout code	2025-04-02T13:57:34.7963518Z   submodules: false
job-core	Checkout code	2025-04-02T13:57:34.7965695Z   set-safe-directory: true
job-core	Checkout code	2025-04-02T13:57:34.7969328Z env:
job-core	Checkout code	2025-04-02T13:57:34.7971649Z   KAOS_CODE: 14221470395
job-core	Checkout code	2025-04-02T13:57:34.7974232Z   KAOS_EVENT_NAME: push
job-core	Checkout code	2025-04-02T13:57:34.7976269Z   KAOS_ACTION: 
job-core	Checkout code	2025-04-02T13:57:34.7978483Z   KAOS_REF: refs/heads/H220-web-de-resultados
job-core	Checkout code	2025-04-02T13:57:34.7982553Z   KAOS_MODULE: [Ka0S] kaos
job-core	Checkout code	2025-04-02T13:57:34.7986673Z   KAOS_PATH_RESUME: core/results/k/
job-core	Checkout code	2025-04-02T13:57:34.7991469Z   KAOS_JSON: core/results/event_data_
job-core	Checkout code	2025-04-02T13:57:34.7993533Z   KAOS_ACTOR: Daniel-NS10
job-core	Checkout code	2025-04-02T13:57:34.7994758Z   GITHUB_OUTPUT: 
job-core	Checkout code	2025-04-02T13:57:34.7995762Z ##[endgroup]
job-core	Checkout code	2025-04-02T13:57:34.9764493Z Syncing repository: Ka0s-Klaus/ka0s
job-core	Checkout code	2025-04-02T13:57:34.9770878Z ##[group]Getting Git version info
job-core	Checkout code	2025-04-02T13:57:34.9774987Z Working directory is '/actions-runner/_work/ka0s/ka0s'
job-core	Checkout code	2025-04-02T13:57:34.9779707Z [command]/usr/bin/git version
job-core	Checkout code	2025-04-02T13:57:34.9782901Z git version 2.48.1
job-core	Checkout code	2025-04-02T13:57:34.9790730Z ##[endgroup]
job-core	Checkout code	2025-04-02T13:57:34.9806300Z Copying '/home/kaos/.gitconfig' to '/actions-runner/_work/_temp/dc05f08b-46e4-4445-8515-f9d0684f0d85/.gitconfig'
job-core	Checkout code	2025-04-02T13:57:34.9814253Z Temporarily overriding HOME='/actions-runner/_work/_temp/dc05f08b-46e4-4445-8515-f9d0684f0d85' before making global git config changes
job-core	Checkout code	2025-04-02T13:57:34.9821617Z Adding repository directory to the temporary git global config as a safe directory
job-core	Checkout code	2025-04-02T13:57:34.9830710Z [command]/usr/bin/git config --global --add safe.directory /actions-runner/_work/ka0s/ka0s
job-core	Checkout code	2025-04-02T13:57:34.9883027Z [command]/usr/bin/git config --local --get remote.origin.url
job-core	Checkout code	2025-04-02T13:57:34.9917025Z https://github.com/Ka0s-Klaus/ka0s
job-core	Checkout code	2025-04-02T13:57:34.9947765Z ##[group]Removing previously created refs, to avoid conflicts
job-core	Checkout code	2025-04-02T13:57:34.9954992Z [command]/usr/bin/git rev-parse --symbolic-full-name --verify --quiet HEAD
job-core	Checkout code	2025-04-02T13:57:34.9988828Z refs/heads/H215-modulo-de-summary
job-core	Checkout code	2025-04-02T13:57:35.0008814Z [command]/usr/bin/git checkout --detach
job-core	Checkout code	2025-04-02T13:57:35.0126182Z HEAD is now at 54d193a Update workflow resume
job-core	Checkout code	2025-04-02T13:57:35.0204282Z [command]/usr/bin/git branch --delete --force H215-modulo-de-summary
job-core	Checkout code	2025-04-02T13:57:35.0250235Z Deleted branch H215-modulo-de-summary (was 54d193a).
job-core	Checkout code	2025-04-02T13:57:35.0320709Z ##[endgroup]
job-core	Checkout code	2025-04-02T13:57:35.0324809Z [command]/usr/bin/git submodule status
job-core	Checkout code	2025-04-02T13:57:35.0721798Z ##[group]Cleaning the repository
job-core	Checkout code	2025-04-02T13:57:35.0723356Z [command]/usr/bin/git clean -ffdx
job-core	Checkout code	2025-04-02T13:57:35.0783972Z Removing core/outputs/w/kaos-workflows-available.json
job-core	Checkout code	2025-04-02T13:57:35.0787910Z Removing core/outputs/w/kaos-workflows-runs.json
job-core	Checkout code	2025-04-02T13:57:35.0802927Z [command]/usr/bin/git reset --hard HEAD
job-core	Checkout code	2025-04-02T13:57:35.0990991Z HEAD is now at 54d193a Update workflow resume
job-core	Checkout code	2025-04-02T13:57:35.1003641Z ##[endgroup]
job-core	Checkout code	2025-04-02T13:57:35.1005603Z ##[group]Disabling automatic garbage collection
job-core	Checkout code	2025-04-02T13:57:35.1010162Z [command]/usr/bin/git config --local gc.auto 0
job-core	Checkout code	2025-04-02T13:57:35.1064349Z ##[endgroup]
job-core	Checkout code	2025-04-02T13:57:35.1066173Z ##[group]Setting up auth
job-core	Checkout code	2025-04-02T13:57:35.1074511Z [command]/usr/bin/git config --local --name-only --get-regexp core\.sshCommand
job-core	Checkout code	2025-04-02T13:57:35.1126742Z [command]/usr/bin/git submodule foreach --recursive sh -c "git config --local --name-only --get-regexp 'core\.sshCommand' && git config --local --unset-all 'core.sshCommand' || :"
job-core	Checkout code	2025-04-02T13:57:35.1527982Z [command]/usr/bin/git config --local --name-only --get-regexp http\.https\:\/\/github\.com\/\.extraheader
job-core	Checkout code	2025-04-02T13:57:35.1578719Z [command]/usr/bin/git submodule foreach --recursive sh -c "git config --local --name-only --get-regexp 'http\.https\:\/\/github\.com\/\.extraheader' && git config --local --unset-all 'http.https://github.com/.extraheader' || :"
job-core	Checkout code	2025-04-02T13:57:35.1979393Z [command]/usr/bin/git config --local http.https://github.com/.extraheader AUTHORIZATION: basic ***
job-core	Checkout code	2025-04-02T13:57:35.2041441Z ##[endgroup]
job-core	Checkout code	2025-04-02T13:57:35.2045070Z ##[group]Fetching the repository
job-core	Checkout code	2025-04-02T13:57:35.2060565Z [command]/usr/bin/git -c protocol.version=2 fetch --prune --no-recurse-submodules origin +refs/heads/*:refs/remotes/origin/* +refs/tags/*:refs/tags/*
job-core	Checkout code	2025-04-02T13:57:36.3477939Z From https://github.com/Ka0s-Klaus/ka0s
job-core	Checkout code	2025-04-02T13:57:36.3480745Z    54d193a..bd733aa  H215-modulo-de-summary -> origin/H215-modulo-de-summary
job-core	Checkout code	2025-04-02T13:57:36.3482981Z    bb867a8..1a61dab  H220-web-de-resultados -> origin/H220-web-de-resultados
job-core	Checkout code	2025-04-02T13:57:36.3540940Z [command]/usr/bin/git branch --list --remote origin/H220-web-de-resultados
job-core	Checkout code	2025-04-02T13:57:36.3576363Z   origin/H220-web-de-resultados
job-core	Checkout code	2025-04-02T13:57:36.3592537Z [command]/usr/bin/git rev-parse refs/remotes/origin/H220-web-de-resultados
job-core	Checkout code	2025-04-02T13:57:36.3626545Z 1a61dab85fc001a477362aaab637cb6ed979a090
job-core	Checkout code	2025-04-02T13:57:36.3632186Z ##[endgroup]
job-core	Checkout code	2025-04-02T13:57:36.3632891Z ##[group]Determining the checkout info
job-core	Checkout code	2025-04-02T13:57:36.3635391Z ##[endgroup]
job-core	Checkout code	2025-04-02T13:57:36.3641721Z [command]/usr/bin/git sparse-checkout disable
job-core	Checkout code	2025-04-02T13:57:36.3715729Z [command]/usr/bin/git config --local --unset-all extensions.worktreeConfig
job-core	Checkout code	2025-04-02T13:57:36.3755826Z ##[group]Checking out the ref
job-core	Checkout code	2025-04-02T13:57:36.3762021Z [command]/usr/bin/git checkout --progress --force -B H220-web-de-resultados refs/remotes/origin/H220-web-de-resultados
job-core	Checkout code	2025-04-02T13:57:36.3945849Z Previous HEAD position was 54d193a Update workflow resume
job-core	Checkout code	2025-04-02T13:57:36.3958372Z Switched to a new branch 'H220-web-de-resultados'
job-core	Checkout code	2025-04-02T13:57:36.3963173Z branch 'H220-web-de-resultados' set up to track 'origin/H220-web-de-resultados'.
job-core	Checkout code	2025-04-02T13:57:36.3975498Z ##[endgroup]
job-core	Checkout code	2025-04-02T13:57:36.4035234Z [command]/usr/bin/git log -1 --format=%H
job-core	Checkout code	2025-04-02T13:57:36.4076411Z 1a61dab85fc001a477362aaab637cb6ed979a090
job-core	Validate file extensions	ï»¿2025-04-02T13:57:36.4419229Z ##[group]Run IFS=' ' read -r -a extensions <<< "***"
job-core	Validate file extensions	2025-04-02T13:57:36.4420158Z [36;1mIFS=' ' read -r -a extensions <<< "***"[0m
job-core	Validate file extensions	2025-04-02T13:57:36.4421085Z [36;1mfor file in $(git diff --name-only HEAD~1 HEAD); do[0m
job-core	Validate file extensions	2025-04-02T13:57:36.4421576Z [36;1m  extension="${file##*.}"[0m
job-core	Validate file extensions	2025-04-02T13:57:36.4422043Z [36;1m  if [[ ! " ${extensions[@]} " =~ " ${extension} " ]]; then[0m
job-core	Validate file extensions	2025-04-02T13:57:36.4422616Z [36;1m    echo "File $file has an invalid extension: $extension"[0m
job-core	Validate file extensions	2025-04-02T13:57:36.4423098Z [36;1m  fi[0m
job-core	Validate file extensions	2025-04-02T13:57:36.4423406Z [36;1mdone[0m
job-core	Validate file extensions	2025-04-02T13:57:36.4423849Z [36;1mRNNUMBER=$(echo "H220-web-de-resultados" | grep -o '[0-9]*')[0m
job-core	Validate file extensions	2025-04-02T13:57:36.4424502Z [36;1mgh issue comment $RNNUMBER --body "Se inicia Ka0s 14221470395 "[0m
job-core	Validate file extensions	2025-04-02T13:57:36.4440378Z shell: /usr/bin/bash -e {0}
job-core	Validate file extensions	2025-04-02T13:57:36.4441450Z env:
job-core	Validate file extensions	2025-04-02T13:57:36.4441775Z   KAOS_CODE: 14221470395
job-core	Validate file extensions	2025-04-02T13:57:36.4442138Z   KAOS_EVENT_NAME: push
job-core	Validate file extensions	2025-04-02T13:57:36.4442492Z   KAOS_ACTION: 
job-core	Validate file extensions	2025-04-02T13:57:36.4442902Z   KAOS_REF: refs/heads/H220-web-de-resultados
job-core	Validate file extensions	2025-04-02T13:57:36.4443339Z   KAOS_MODULE: [Ka0S] kaos
job-core	Validate file extensions	2025-04-02T13:57:36.4443719Z   KAOS_PATH_RESUME: core/results/k/
job-core	Validate file extensions	2025-04-02T13:57:36.4444126Z   KAOS_JSON: core/results/event_data_
job-core	Validate file extensions	2025-04-02T13:57:36.4444532Z   KAOS_ACTOR: Daniel-NS10
job-core	Validate file extensions	2025-04-02T13:57:36.4444892Z   GITHUB_OUTPUT: 
job-core	Validate file extensions	2025-04-02T13:57:36.4445499Z   GH_TOKEN: ***
job-core	Validate file extensions	2025-04-02T13:57:36.4445830Z ##[endgroup]
job-core	Validate file extensions	2025-04-02T13:57:36.4564087Z File core/dashboard/templates/index.html has an invalid extension: html
job-core	Validate file extensions	2025-04-02T13:57:37.9954897Z https://github.com/Ka0s-Klaus/ka0s/issues/220#issuecomment-2772652140
job-core	Crear JSON	ï»¿2025-04-02T13:57:38.0264583Z ##[group]Run echo "{}" >> core/results/event_data_14221470395.json
job-core	Crear JSON	2025-04-02T13:57:38.0266167Z [36;1mecho "{}" >> core/results/event_data_14221470395.json[0m
job-core	Crear JSON	2025-04-02T13:57:38.0267262Z [36;1mcase "push" in[0m
job-core	Crear JSON	2025-04-02T13:57:38.0267996Z [36;1m  "push")[0m
job-core	Crear JSON	2025-04-02T13:57:38.0270979Z [36;1m    echo "{\"event\": \"push\", \"ref\": \"refs/heads/H220-web-de-resultados\", \"sha\": \"1a61dab85fc001a477362aaab637cb6ed979a090\"}" >> core/results/event_data_14221470395.json # Ejemplo: {"event": "push", "ref": "refs/heads/main", "sha": "abc123"}[0m
job-core	Crear JSON	2025-04-02T13:57:38.0274369Z [36;1m    echo "Variable github.action=crear_json" >> core/results/event_data_14221470395.json[0m
job-core	Crear JSON	2025-04-02T13:57:38.0275860Z [36;1m    echo "Variable github.event.action="[0m
job-core	Crear JSON	2025-04-02T13:57:38.0277463Z [36;1m    echo "Variable github.event.pusher.name=Daniel-NS10" >> core/results/event_data_14221470395.json[0m
job-core	Crear JSON	2025-04-02T13:57:38.0279812Z [36;1m    echo "variable github.event.pusher.email=navarrosiedaniel@gmail.com" >> core/results/event_data_14221470395.json[0m
job-core	Crear JSON	2025-04-02T13:57:38.0282532Z [36;1m    echo "Variable github.event.issue.number=" >> core/results/event_data_14221470395.json[0m
job-core	Crear JSON	2025-04-02T13:57:38.0285032Z [36;1m    #Crear un fichero de resumen con todos los datos de los commits asociados, esta informaciÃ³n es usada en todo el ciclo de vida del workflow[0m
job-core	Crear JSON	2025-04-02T13:57:38.0288639Z [36;1m    git log bb867a87a6c055fcf8f8064830b0034fd2024473..1a61dab85fc001a477362aaab637cb6ed979a090 --pretty=format:'%H%n%an%n%ae%n%ad%n%s' > core/results/k/commit-summary-$KAOS_CODE_FILES.txt[0m
job-core	Crear JSON	2025-04-02T13:57:38.0291829Z [36;1m    # Crear un fichero con la ruta completa y el nombre ficheros implicados en el commit[0m
job-core	Crear JSON	2025-04-02T13:57:38.0294680Z [36;1m    git diff --name-only bb867a87a6c055fcf8f8064830b0034fd2024473 1a61dab85fc001a477362aaab637cb6ed979a090 > core/results/k/files-in-commit-$KAOS_CODE_FILES.txt[0m
job-core	Crear JSON	2025-04-02T13:57:38.0296679Z [36;1m    INVOLVED=core/results/k/files-in-commit-$KAOS_CODE_FILES.txt[0m
job-core	Crear JSON	2025-04-02T13:57:38.0297703Z [36;1m    #echo "INVOLVED=$INVOLVED" >> $GITHUB_OUTPUT[0m
job-core	Crear JSON	2025-04-02T13:57:38.0298702Z [36;1m    echo "INVOLVED=$INVOLVED" >> core/results/event_data_14221470395.json[0m
job-core	Crear JSON	2025-04-02T13:57:38.0299622Z [36;1m    ;;[0m
job-core	Crear JSON	2025-04-02T13:57:38.0300636Z [36;1m  "pull_request")[0m
job-core	Crear JSON	2025-04-02T13:57:38.0302378Z [36;1m    echo "{\"event\": \"pull_request\", \"action\": \"\", \"number\": \"\"}" > event_data.json # Ejemplo: {"event": "pull_request", "action": "opened", "number": "42"}[0m
job-core	Crear JSON	2025-04-02T13:57:38.0303732Z [36;1m    ;;[0m
job-core	Crear JSON	2025-04-02T13:57:38.0304222Z [36;1m  "issues")[0m
job-core	Crear JSON	2025-04-02T13:57:38.0305364Z [36;1m    echo "{\"event\": \"issues\", \"action\": \"\", \"issue\": \"\"}" > event_data.json # Ejemplo: {"event": "issues", "action": "opened", "issue": "99"}[0m
job-core	Crear JSON	2025-04-02T13:57:38.0306596Z [36;1m    ;;[0m
job-core	Crear JSON	2025-04-02T13:57:38.0307107Z [36;1m  "issue_comment")[0m
job-core	Crear JSON	2025-04-02T13:57:38.0308472Z [36;1m    echo "{\"event\": \"issue_comment\", \"action\": \"\", \"comment\": \"\"}" > event_data.json # Ejemplo: {"event": "issue_comment", "action": "created", "comment": "123456"}[0m
job-core	Crear JSON	2025-04-02T13:57:38.0309897Z [36;1m    ;;[0m
job-core	Crear JSON	2025-04-02T13:57:38.0311085Z [36;1m  "create")[0m
job-core	Crear JSON	2025-04-02T13:57:38.0312906Z [36;1m    echo "{\"event\": \"create\", \"ref\": \"refs/heads/H220-web-de-resultados\", \"ref_type\": \"refs/heads/H220-web-de-resultados\"}" > event_data.json # Ejemplo: {"event": "create", "ref": "refs/tags/v1.0", "ref_type": "tag"}[0m
job-core	Crear JSON	2025-04-02T13:57:38.0314860Z [36;1m    ;;[0m
job-core	Crear JSON	2025-04-02T13:57:38.0315347Z [36;1m  "delete")[0m
job-core	Crear JSON	2025-04-02T13:57:38.0317213Z [36;1m    echo "{\"event\": \"delete\", \"ref\": \"refs/heads/H220-web-de-resultados\", \"ref_type\": \"refs/heads/H220-web-de-resultados\"}" > event_data.json # Ejemplo: {"event": "delete", "ref": "refs/heads/feature-branch", "ref_type": "branch"}[0m
job-core	Crear JSON	2025-04-02T13:57:38.0320799Z [36;1m    ;;[0m
job-core	Crear JSON	2025-04-02T13:57:38.0321662Z [36;1m  "release")[0m
job-core	Crear JSON	2025-04-02T13:57:38.0322931Z [36;1m    echo "{\"event\": \"release\", \"action\": \"\", \"release\": \"\"}" > event_data.json # Ejemplo: {"event": "release", "action": "published", "release": "v1.0"}[0m
job-core	Crear JSON	2025-04-02T13:57:38.0324911Z [36;1m    ;;[0m
job-core	Crear JSON	2025-04-02T13:57:38.0325403Z [36;1m  "watch")[0m
job-core	Crear JSON	2025-04-02T13:57:38.0326374Z [36;1m    echo "{\"event\": \"watch\", \"action\": \"\"}" > event_data.json # Ejemplo: {"event": "watch", "action": "started"}[0m
job-core	Crear JSON	2025-04-02T13:57:38.0327456Z [36;1m    ;;[0m
job-core	Crear JSON	2025-04-02T13:57:38.0327976Z [36;1m  "repository_dispatch")[0m
job-core	Crear JSON	2025-04-02T13:57:38.0329318Z [36;1m    echo "{\"event\": \"repository_dispatch\", \"action\": \"\"}" > event_data.json # Ejemplo: {"event": "repository_dispatch", "action": "custom-event"}[0m
job-core	Crear JSON	2025-04-02T13:57:38.0330951Z [36;1m    ;;[0m
job-core	Crear JSON	2025-04-02T13:57:38.0331475Z [36;1m  "workflow_dispatch")[0m
job-core	Crear JSON	2025-04-02T13:57:38.0332535Z [36;1m    echo "{\"event\": \"workflow_dispatch\"}" > event_data.json # Ejemplo: {"event": "workflow_dispatch"}[0m
job-core	Crear JSON	2025-04-02T13:57:38.0333608Z [36;1m    ;;[0m
job-core	Crear JSON	2025-04-02T13:57:38.0334103Z [36;1m  *)[0m
job-core	Crear JSON	2025-04-02T13:57:38.0334894Z [36;1m    echo "{\"event\": \"unknown\"}" > event_data.json # Ejemplo: {"event": "unknown"}[0m
job-core	Crear JSON	2025-04-02T13:57:38.0335823Z [36;1m    ;;[0m
job-core	Crear JSON	2025-04-02T13:57:38.0336304Z [36;1mesac      [0m
job-core	Crear JSON	2025-04-02T13:57:38.0352077Z shell: /usr/bin/bash -e {0}
job-core	Crear JSON	2025-04-02T13:57:38.0352590Z env:
job-core	Crear JSON	2025-04-02T13:57:38.0352967Z   KAOS_CODE: 14221470395
job-core	Crear JSON	2025-04-02T13:57:38.0353425Z   KAOS_EVENT_NAME: push
job-core	Crear JSON	2025-04-02T13:57:38.0353849Z   KAOS_ACTION: 
job-core	Crear JSON	2025-04-02T13:57:38.0354302Z   KAOS_REF: refs/heads/H220-web-de-resultados
job-core	Crear JSON	2025-04-02T13:57:38.0354873Z   KAOS_MODULE: [Ka0S] kaos
job-core	Crear JSON	2025-04-02T13:57:38.0355375Z   KAOS_PATH_RESUME: core/results/k/
job-core	Crear JSON	2025-04-02T13:57:38.0355906Z   KAOS_JSON: core/results/event_data_
job-core	Crear JSON	2025-04-02T13:57:38.0356426Z   KAOS_ACTOR: Daniel-NS10
job-core	Crear JSON	2025-04-02T13:57:38.0356865Z   GITHUB_OUTPUT: 
job-core	Crear JSON	2025-04-02T13:57:38.0357260Z ##[endgroup]
job-core	Crear JSON	2025-04-02T13:57:38.0415225Z Variable github.event.action=
job-core	Set environment variable for ref	ï»¿2025-04-02T13:57:38.0547898Z ##[group]Run echo "GITHUB_REF=refs/heads/H220-web-de-resultados" >> $GITHUB_ENV
job-core	Set environment variable for ref	2025-04-02T13:57:38.0548643Z [36;1mecho "GITHUB_REF=refs/heads/H220-web-de-resultados" >> $GITHUB_ENV[0m
job-core	Set environment variable for ref	2025-04-02T13:57:38.0558465Z shell: /usr/bin/bash -e {0}
job-core	Set environment variable for ref	2025-04-02T13:57:38.0558884Z env:
job-core	Set environment variable for ref	2025-04-02T13:57:38.0559137Z   KAOS_CODE: 14221470395
job-core	Set environment variable for ref	2025-04-02T13:57:38.0559443Z   KAOS_EVENT_NAME: push
job-core	Set environment variable for ref	2025-04-02T13:57:38.0559729Z   KAOS_ACTION: 
job-core	Set environment variable for ref	2025-04-02T13:57:38.0560291Z   KAOS_REF: refs/heads/H220-web-de-resultados
job-core	Set environment variable for ref	2025-04-02T13:57:38.0560839Z   KAOS_MODULE: [Ka0S] kaos
job-core	Set environment variable for ref	2025-04-02T13:57:38.0561170Z   KAOS_PATH_RESUME: core/results/k/
job-core	Set environment variable for ref	2025-04-02T13:57:38.0561676Z   KAOS_JSON: core/results/event_data_
job-core	Set environment variable for ref	2025-04-02T13:57:38.0562023Z   KAOS_ACTOR: Daniel-NS10
job-core	Set environment variable for ref	2025-04-02T13:57:38.0562318Z   GITHUB_OUTPUT: 
job-core	Set environment variable for ref	2025-04-02T13:57:38.0562580Z ##[endgroup]
job-core	Upload Files	ï»¿2025-04-02T13:57:38.0648461Z ##[group]Run echo "Uploading files to the repository..."
job-core	Upload Files	2025-04-02T13:57:38.0649559Z [36;1mecho "Uploading files to the repository..."[0m
job-core	Upload Files	2025-04-02T13:57:38.0650802Z [36;1mgit config --global user.name "***"[0m
job-core	Upload Files	2025-04-02T13:57:38.0651701Z [36;1mgit config --global user.email "***"[0m
job-core	Upload Files	2025-04-02T13:57:38.0652407Z [36;1mgit pull[0m
job-core	Upload Files	2025-04-02T13:57:38.0653206Z [36;1mgit add core/results/event_data_*[0m
job-core	Upload Files	2025-04-02T13:57:38.0669801Z [36;1mgit commit -m "[Ka0S] Uploading resume execution files to the repository..."[0m
job-core	Upload Files	2025-04-02T13:57:38.0671398Z [36;1mgit push origin refs/heads/H220-web-de-resultados[0m
job-core	Upload Files	2025-04-02T13:57:38.0671891Z [36;1mgit push origin $GITHUB_REF     [0m
job-core	Upload Files	2025-04-02T13:57:38.0681835Z shell: /usr/bin/bash -e {0}
job-core	Upload Files	2025-04-02T13:57:38.0682202Z env:
job-core	Upload Files	2025-04-02T13:57:38.0682466Z   KAOS_CODE: 14221470395
job-core	Upload Files	2025-04-02T13:57:38.0682783Z   KAOS_EVENT_NAME: push
job-core	Upload Files	2025-04-02T13:57:38.0683077Z   KAOS_ACTION: 
job-core	Upload Files	2025-04-02T13:57:38.0683393Z   KAOS_REF: refs/heads/H220-web-de-resultados
job-core	Upload Files	2025-04-02T13:57:38.0683843Z   KAOS_MODULE: [Ka0S] kaos
job-core	Upload Files	2025-04-02T13:57:38.0684174Z   KAOS_PATH_RESUME: core/results/k/
job-core	Upload Files	2025-04-02T13:57:38.0684550Z   KAOS_JSON: core/results/event_data_
job-core	Upload Files	2025-04-02T13:57:38.0684914Z   KAOS_ACTOR: Daniel-NS10
job-core	Upload Files	2025-04-02T13:57:38.0685219Z   GITHUB_OUTPUT: 
job-core	Upload Files	2025-04-02T13:57:38.0685539Z   GITHUB_REF: refs/heads/H220-web-de-resultados
job-core	Upload Files	2025-04-02T13:57:38.0685940Z ##[endgroup]
job-core	Upload Files	2025-04-02T13:57:38.0730183Z Uploading files to the repository...
job-core	Upload Files	2025-04-02T13:57:39.3314237Z Already up to date.
job-core	Upload Files	2025-04-02T13:57:39.3616652Z [H220-web-de-resultados 3e5ef13] [Ka0S] Uploading resume execution files to the repository...
job-core	Upload Files	2025-04-02T13:57:39.3618476Z  1 file changed, 7 insertions(+)
job-core	Upload Files	2025-04-02T13:57:39.3619833Z  create mode 100644 core/results/event_data_14221470395.json
job-core	Upload Files	2025-04-02T13:57:41.1292271Z To https://github.com/Ka0s-Klaus/ka0s
job-core	Upload Files	2025-04-02T13:57:41.1293808Z    1a61dab..3e5ef13  H220-web-de-resultados -> H220-web-de-resultados
job-core	Upload Files	2025-04-02T13:57:41.8669078Z Everything up-to-date
job-core	Run git diff --name-only bb867a87a6c055fcf8f8064830b0034fd2024473 1a61dab85fc001a477362aaab637cb6ed979a090 > files-in-commit.txt	ï»¿2025-04-02T13:57:41.8871628Z ##[group]Run git diff --name-only bb867a87a6c055fcf8f8064830b0034fd2024473 1a61dab85fc001a477362aaab637cb6ed979a090 > files-in-commit.txt
job-core	Run git diff --name-only bb867a87a6c055fcf8f8064830b0034fd2024473 1a61dab85fc001a477362aaab637cb6ed979a090 > files-in-commit.txt	2025-04-02T13:57:41.8874128Z [36;1mgit diff --name-only bb867a87a6c055fcf8f8064830b0034fd2024473 1a61dab85fc001a477362aaab637cb6ed979a090 > files-in-commit.txt[0m
job-core	Run git diff --name-only bb867a87a6c055fcf8f8064830b0034fd2024473 1a61dab85fc001a477362aaab637cb6ed979a090 > files-in-commit.txt	2025-04-02T13:57:41.8875591Z [36;1mcat files-in-commit.txt[0m
job-core	Run git diff --name-only bb867a87a6c055fcf8f8064830b0034fd2024473 1a61dab85fc001a477362aaab637cb6ed979a090 > files-in-commit.txt	2025-04-02T13:57:41.8876353Z [36;1m# Nuevo proceso de activacion de los modulos[0m
job-core	Run git diff --name-only bb867a87a6c055fcf8f8064830b0034fd2024473 1a61dab85fc001a477362aaab637cb6ed979a090 > files-in-commit.txt	2025-04-02T13:57:41.8877127Z [36;1mwhile IFS= read -r line; do[0m
job-core	Run git diff --name-only bb867a87a6c055fcf8f8064830b0034fd2024473 1a61dab85fc001a477362aaab637cb6ed979a090 > files-in-commit.txt	2025-04-02T13:57:41.8877835Z [36;1m  # Skip files in core/outputs directory[0m
job-core	Run git diff --name-only bb867a87a6c055fcf8f8064830b0034fd2024473 1a61dab85fc001a477362aaab637cb6ed979a090 > files-in-commit.txt	2025-04-02T13:57:41.8878615Z [36;1m  if [[ "$line" == core/outputs/* ]]; then[0m
job-core	Run git diff --name-only bb867a87a6c055fcf8f8064830b0034fd2024473 1a61dab85fc001a477362aaab637cb6ed979a090 > files-in-commit.txt	2025-04-02T13:57:41.8879445Z [36;1m    echo "Skipping file in outputs directory: $line"[0m
job-core	Run git diff --name-only bb867a87a6c055fcf8f8064830b0034fd2024473 1a61dab85fc001a477362aaab637cb6ed979a090 > files-in-commit.txt	2025-04-02T13:57:41.8880383Z [36;1m    continue[0m
job-core	Run git diff --name-only bb867a87a6c055fcf8f8064830b0034fd2024473 1a61dab85fc001a477362aaab637cb6ed979a090 > files-in-commit.txt	2025-04-02T13:57:41.8880895Z [36;1m  fi[0m
job-core	Run git diff --name-only bb867a87a6c055fcf8f8064830b0034fd2024473 1a61dab85fc001a477362aaab637cb6ed979a090 > files-in-commit.txt	2025-04-02T13:57:41.8881698Z [36;1m  echo "I Leemos el fichero files-in-commit.txt y extraemos el fichero $line"[0m
job-core	Run git diff --name-only bb867a87a6c055fcf8f8064830b0034fd2024473 1a61dab85fc001a477362aaab637cb6ed979a090 > files-in-commit.txt	2025-04-02T13:57:41.8882677Z [36;1m  module_failed=0[0m
job-core	Run git diff --name-only bb867a87a6c055fcf8f8064830b0034fd2024473 1a61dab85fc001a477362aaab637cb6ed979a090 > files-in-commit.txt	2025-04-02T13:57:41.8883338Z [36;1m  extension_failed=0[0m
job-core	Run git diff --name-only bb867a87a6c055fcf8f8064830b0034fd2024473 1a61dab85fc001a477362aaab637cb6ed979a090 > files-in-commit.txt	2025-04-02T13:57:41.8883956Z [36;1m  file_name=$(basename "$line")[0m
job-core	Run git diff --name-only bb867a87a6c055fcf8f8064830b0034fd2024473 1a61dab85fc001a477362aaab637cb6ed979a090 > files-in-commit.txt	2025-04-02T13:57:41.8884780Z [36;1m  echo "I-1 Calculamos el nombre del fichero $file_name"[0m
job-core	Run git diff --name-only bb867a87a6c055fcf8f8064830b0034fd2024473 1a61dab85fc001a477362aaab637cb6ed979a090 > files-in-commit.txt	2025-04-02T13:57:41.8885630Z [36;1m  file_extension="${file_name##*.}"[0m
job-core	Run git diff --name-only bb867a87a6c055fcf8f8064830b0034fd2024473 1a61dab85fc001a477362aaab637cb6ed979a090 > files-in-commit.txt	2025-04-02T13:57:41.8886526Z [36;1m  echo "I-2 Calculamos la extension del fichero $file_extension"[0m
job-core	Run git diff --name-only bb867a87a6c055fcf8f8064830b0034fd2024473 1a61dab85fc001a477362aaab637cb6ed979a090 > files-in-commit.txt	2025-04-02T13:57:41.8887469Z [36;1m  file_module="$file_extension""lint.yml"[0m
job-core	Run git diff --name-only bb867a87a6c055fcf8f8064830b0034fd2024473 1a61dab85fc001a477362aaab637cb6ed979a090 > files-in-commit.txt	2025-04-02T13:57:41.8888275Z [36;1m  echo "I-3 Calculamos el modulo $file_module"[0m
job-core	Run git diff --name-only bb867a87a6c055fcf8f8064830b0034fd2024473 1a61dab85fc001a477362aaab637cb6ed979a090 > files-in-commit.txt	2025-04-02T13:57:41.8889088Z [36;1m  IFS=',' read -r -a file_array <<< "$files"[0m
job-core	Run git diff --name-only bb867a87a6c055fcf8f8064830b0034fd2024473 1a61dab85fc001a477362aaab637cb6ed979a090 > files-in-commit.txt	2025-04-02T13:57:41.8889839Z [36;1m  for file in "${file_array[@]}"; do[0m
job-core	Run git diff --name-only bb867a87a6c055fcf8f8064830b0034fd2024473 1a61dab85fc001a477362aaab637cb6ed979a090 > files-in-commit.txt	2025-04-02T13:57:41.8890704Z [36;1m    echo "II Leemos el array de $file"[0m
job-core	Run git diff --name-only bb867a87a6c055fcf8f8064830b0034fd2024473 1a61dab85fc001a477362aaab637cb6ed979a090 > files-in-commit.txt	2025-04-02T13:57:41.8891478Z [36;1m    if [[ "$file_extension" == "$file" ]]; then[0m
job-core	Run git diff --name-only bb867a87a6c055fcf8f8064830b0034fd2024473 1a61dab85fc001a477362aaab637cb6ed979a090 > files-in-commit.txt	2025-04-02T13:57:41.8892521Z [36;1m      echo "III Comprobamos si $file_extension es igual a $file"[0m
job-core	Run git diff --name-only bb867a87a6c055fcf8f8064830b0034fd2024473 1a61dab85fc001a477362aaab637cb6ed979a090 > files-in-commit.txt	2025-04-02T13:57:41.8893305Z [36;1m      IFS=',' read -r -a module_array <<< "$modules"[0m
job-core	Run git diff --name-only bb867a87a6c055fcf8f8064830b0034fd2024473 1a61dab85fc001a477362aaab637cb6ed979a090 > files-in-commit.txt	2025-04-02T13:57:41.8893957Z [36;1m      for module in "${module_array[@]}"; do[0m
job-core	Run git diff --name-only bb867a87a6c055fcf8f8064830b0034fd2024473 1a61dab85fc001a477362aaab637cb6ed979a090 > files-in-commit.txt	2025-04-02T13:57:41.8894567Z [36;1m        echo "IV Leemos el array $module"[0m
job-core	Run git diff --name-only bb867a87a6c055fcf8f8064830b0034fd2024473 1a61dab85fc001a477362aaab637cb6ed979a090 > files-in-commit.txt	2025-04-02T13:57:41.8895187Z [36;1m        if [[ "$file_module" == *"$module"* ]]; then[0m
job-core	Run git diff --name-only bb867a87a6c055fcf8f8064830b0034fd2024473 1a61dab85fc001a477362aaab637cb6ed979a090 > files-in-commit.txt	2025-04-02T13:57:41.8896360Z [36;1m          echo "V Comprobamos que el $file_module es igual a $module y ejecutamos el flujo"[0m
job-core	Run git diff --name-only bb867a87a6c055fcf8f8064830b0034fd2024473 1a61dab85fc001a477362aaab637cb6ed979a090 > files-in-commit.txt	2025-04-02T13:57:41.8897301Z [36;1m          # Si hemos llegado hasta aquÃ­ ejecutamos el mÃ³dulo[0m
job-core	Run git diff --name-only bb867a87a6c055fcf8f8064830b0034fd2024473 1a61dab85fc001a477362aaab637cb6ed979a090 > files-in-commit.txt	2025-04-02T13:57:41.8897970Z [36;1m          # Lanzamos el lint del fichero[0m
job-core	Run git diff --name-only bb867a87a6c055fcf8f8064830b0034fd2024473 1a61dab85fc001a477362aaab637cb6ed979a090 > files-in-commit.txt	2025-04-02T13:57:41.8898765Z [36;1m          RNNUMBER=$(echo "refs/heads/H220-web-de-resultados" | grep -o '[0-9]*')[0m
job-core	Run git diff --name-only bb867a87a6c055fcf8f8064830b0034fd2024473 1a61dab85fc001a477362aaab637cb6ed979a090 > files-in-commit.txt	2025-04-02T13:57:41.8899623Z [36;1m          echo "El numero de la issue es: $RNNUMBER"[0m
job-core	Run git diff --name-only bb867a87a6c055fcf8f8064830b0034fd2024473 1a61dab85fc001a477362aaab637cb6ed979a090 > files-in-commit.txt	2025-04-02T13:57:41.8901310Z [36;1m          gh workflow run $file_module --ref refs/heads/H220-web-de-resultados -f kaos-origin=14221470395 -f kaos-files=$line -f kaos-issue-id=$RNNUMBER -f kaos-user-start=Daniel-NS10[0m
job-core	Run git diff --name-only bb867a87a6c055fcf8f8064830b0034fd2024473 1a61dab85fc001a477362aaab637cb6ed979a090 > files-in-commit.txt	2025-04-02T13:57:41.8902723Z [36;1m          module_failed=0[0m
job-core	Run git diff --name-only bb867a87a6c055fcf8f8064830b0034fd2024473 1a61dab85fc001a477362aaab637cb6ed979a090 > files-in-commit.txt	2025-04-02T13:57:41.8903229Z [36;1m          extension_failed=0[0m
job-core	Run git diff --name-only bb867a87a6c055fcf8f8064830b0034fd2024473 1a61dab85fc001a477362aaab637cb6ed979a090 > files-in-commit.txt	2025-04-02T13:57:41.8903726Z [36;1m          break[0m
job-core	Run git diff --name-only bb867a87a6c055fcf8f8064830b0034fd2024473 1a61dab85fc001a477362aaab637cb6ed979a090 > files-in-commit.txt	2025-04-02T13:57:41.8904151Z [36;1m        else[0m
job-core	Run git diff --name-only bb867a87a6c055fcf8f8064830b0034fd2024473 1a61dab85fc001a477362aaab637cb6ed979a090 > files-in-commit.txt	2025-04-02T13:57:41.8904711Z [36;1m          # Control de si existe el modulo para esa extension"[0m
job-core	Run git diff --name-only bb867a87a6c055fcf8f8064830b0034fd2024473 1a61dab85fc001a477362aaab637cb6ed979a090 > files-in-commit.txt	2025-04-02T13:57:41.8905671Z [36;1m          echo "VI No es igual $file_module a $module y lo indicamos en la variable module_failed=1"[0m
job-core	Run git diff --name-only bb867a87a6c055fcf8f8064830b0034fd2024473 1a61dab85fc001a477362aaab637cb6ed979a090 > files-in-commit.txt	2025-04-02T13:57:41.8906505Z [36;1m          module_failed=1[0m
job-core	Run git diff --name-only bb867a87a6c055fcf8f8064830b0034fd2024473 1a61dab85fc001a477362aaab637cb6ed979a090 > files-in-commit.txt	2025-04-02T13:57:41.8906977Z [36;1m        fi[0m
job-core	Run git diff --name-only bb867a87a6c055fcf8f8064830b0034fd2024473 1a61dab85fc001a477362aaab637cb6ed979a090 > files-in-commit.txt	2025-04-02T13:57:41.8907377Z [36;1m      done[0m
job-core	Run git diff --name-only bb867a87a6c055fcf8f8064830b0034fd2024473 1a61dab85fc001a477362aaab637cb6ed979a090 > files-in-commit.txt	2025-04-02T13:57:41.8907777Z [36;1m      break[0m
job-core	Run git diff --name-only bb867a87a6c055fcf8f8064830b0034fd2024473 1a61dab85fc001a477362aaab637cb6ed979a090 > files-in-commit.txt	2025-04-02T13:57:41.8908173Z [36;1m    else[0m
job-core	Run git diff --name-only bb867a87a6c055fcf8f8064830b0034fd2024473 1a61dab85fc001a477362aaab637cb6ed979a090 > files-in-commit.txt	2025-04-02T13:57:41.8908698Z [36;1m      # Control de si existe el modulo para esa extension"[0m
job-core	Run git diff --name-only bb867a87a6c055fcf8f8064830b0034fd2024473 1a61dab85fc001a477362aaab637cb6ed979a090 > files-in-commit.txt	2025-04-02T13:57:41.8909666Z [36;1m      echo "VII No es igual $file_extension a $file y lo indicamos en la variable extension_failed=1"[0m
job-core	Run git diff --name-only bb867a87a6c055fcf8f8064830b0034fd2024473 1a61dab85fc001a477362aaab637cb6ed979a090 > files-in-commit.txt	2025-04-02T13:57:41.8911026Z [36;1m      extension_failed=1[0m
job-core	Run git diff --name-only bb867a87a6c055fcf8f8064830b0034fd2024473 1a61dab85fc001a477362aaab637cb6ed979a090 > files-in-commit.txt	2025-04-02T13:57:41.8911503Z [36;1m    fi  [0m
job-core	Run git diff --name-only bb867a87a6c055fcf8f8064830b0034fd2024473 1a61dab85fc001a477362aaab637cb6ed979a090 > files-in-commit.txt	2025-04-02T13:57:41.8912364Z [36;1m  done[0m
job-core	Run git diff --name-only bb867a87a6c055fcf8f8064830b0034fd2024473 1a61dab85fc001a477362aaab637cb6ed979a090 > files-in-commit.txt	2025-04-02T13:57:41.8913967Z [36;1m  if [[ $module_failed == 1 ]]; then[0m
job-core	Run git diff --name-only bb867a87a6c055fcf8f8064830b0034fd2024473 1a61dab85fc001a477362aaab637cb6ed979a090 > files-in-commit.txt	2025-04-02T13:57:41.8915986Z [36;1m    echo "IX Si el modulo falla ($module_failed) aÃ±adimos el comentario a la issue"[0m
job-core	Run git diff --name-only bb867a87a6c055fcf8f8064830b0034fd2024473 1a61dab85fc001a477362aaab637cb6ed979a090 > files-in-commit.txt	2025-04-02T13:57:41.8919549Z [36;1m    # Si hemos llegado hasta aquÃ­ aÃ±adimos el mensaje de que la extension esta permitida pero no dispone de modulo activo y aqui finaliza el proceso[0m
job-core	Run git diff --name-only bb867a87a6c055fcf8f8064830b0034fd2024473 1a61dab85fc001a477362aaab637cb6ed979a090 > files-in-commit.txt	2025-04-02T13:57:41.8921028Z [36;1m    # AÃ±adimos los valores a las variables de la issue[0m
job-core	Run git diff --name-only bb867a87a6c055fcf8f8064830b0034fd2024473 1a61dab85fc001a477362aaab637cb6ed979a090 > files-in-commit.txt	2025-04-02T13:57:41.8922763Z [36;1m    KAOS_ISSUE_BODY="[Ka0S] kaos ha detectado que la extensiÃ³n ($file_extension) esta permitida dentro de KAOS_CORE_FILES, pero el mÃ³dulo asociado ($file_module) no esta activo. Por favor compruebe que exista y esta activo."[0m
job-core	Run git diff --name-only bb867a87a6c055fcf8f8064830b0034fd2024473 1a61dab85fc001a477362aaab637cb6ed979a090 > files-in-commit.txt	2025-04-02T13:57:41.8934890Z [36;1m    # AÃ±adimos el comentario a la issue[0m
job-core	Run git diff --name-only bb867a87a6c055fcf8f8064830b0034fd2024473 1a61dab85fc001a477362aaab637cb6ed979a090 > files-in-commit.txt	2025-04-02T13:57:41.8935876Z [36;1m    RNNUMBER=$(echo "refs/heads/H220-web-de-resultados" | grep -o '[0-9]*')[0m
job-core	Run git diff --name-only bb867a87a6c055fcf8f8064830b0034fd2024473 1a61dab85fc001a477362aaab637cb6ed979a090 > files-in-commit.txt	2025-04-02T13:57:41.8936790Z [36;1m    gh issue comment $RNNUMBER --body "$KAOS_ISSUE_BODY"[0m
job-core	Run git diff --name-only bb867a87a6c055fcf8f8064830b0034fd2024473 1a61dab85fc001a477362aaab637cb6ed979a090 > files-in-commit.txt	2025-04-02T13:57:41.8937418Z [36;1m  fi[0m
job-core	Run git diff --name-only bb867a87a6c055fcf8f8064830b0034fd2024473 1a61dab85fc001a477362aaab637cb6ed979a090 > files-in-commit.txt	2025-04-02T13:57:41.8937878Z [36;1m  if [[ $extension_failed == 1 ]]; then[0m
job-core	Run git diff --name-only bb867a87a6c055fcf8f8064830b0034fd2024473 1a61dab85fc001a477362aaab637cb6ed979a090 > files-in-commit.txt	2025-04-02T13:57:41.8938847Z [36;1m    echo "X Si extension falla falla ($extension_failed) aÃ±adimos el comentario a la issue"[0m
job-core	Run git diff --name-only bb867a87a6c055fcf8f8064830b0034fd2024473 1a61dab85fc001a477362aaab637cb6ed979a090 > files-in-commit.txt	2025-04-02T13:57:41.8940202Z [36;1m    # Si hemos llegado hasta aquÃ­ aÃ±adimos el mensaje de que la extension no esta permitida[0m
job-core	Run git diff --name-only bb867a87a6c055fcf8f8064830b0034fd2024473 1a61dab85fc001a477362aaab637cb6ed979a090 > files-in-commit.txt	2025-04-02T13:57:41.8941195Z [36;1m    # AÃ±adimos los valores a las variables de la issue[0m
job-core	Run git diff --name-only bb867a87a6c055fcf8f8064830b0034fd2024473 1a61dab85fc001a477362aaab637cb6ed979a090 > files-in-commit.txt	2025-04-02T13:57:41.8942619Z [36;1m    KAOS_ISSUE_BODY="[Ka0S] kaos ha detectado que la extensiÃ³n ($file_extension) NO esta permitida dentro de KAOS_CORE_FILES. Por favor compruebe que exista y esta activo."[0m
job-core	Run git diff --name-only bb867a87a6c055fcf8f8064830b0034fd2024473 1a61dab85fc001a477362aaab637cb6ed979a090 > files-in-commit.txt	2025-04-02T13:57:41.8944068Z [36;1m    # AÃ±adimos el comentario a la issue[0m
job-core	Run git diff --name-only bb867a87a6c055fcf8f8064830b0034fd2024473 1a61dab85fc001a477362aaab637cb6ed979a090 > files-in-commit.txt	2025-04-02T13:57:41.8945358Z [36;1m    RNNUMBER=$(echo "refs/heads/H220-web-de-resultados" | grep -o '[0-9]*')[0m
job-core	Run git diff --name-only bb867a87a6c055fcf8f8064830b0034fd2024473 1a61dab85fc001a477362aaab637cb6ed979a090 > files-in-commit.txt	2025-04-02T13:57:41.8946096Z [36;1m    gh issue comment $RNNUMBER --body "$KAOS_ISSUE_BODY"[0m
job-core	Run git diff --name-only bb867a87a6c055fcf8f8064830b0034fd2024473 1a61dab85fc001a477362aaab637cb6ed979a090 > files-in-commit.txt	2025-04-02T13:57:41.8946634Z [36;1m  fi  [0m
job-core	Run git diff --name-only bb867a87a6c055fcf8f8064830b0034fd2024473 1a61dab85fc001a477362aaab637cb6ed979a090 > files-in-commit.txt	2025-04-02T13:57:41.8947013Z [36;1mdone < files-in-commit.txt      [0m
job-core	Run git diff --name-only bb867a87a6c055fcf8f8064830b0034fd2024473 1a61dab85fc001a477362aaab637cb6ed979a090 > files-in-commit.txt	2025-04-02T13:57:41.8962962Z shell: /usr/bin/bash -e {0}
job-core	Run git diff --name-only bb867a87a6c055fcf8f8064830b0034fd2024473 1a61dab85fc001a477362aaab637cb6ed979a090 > files-in-commit.txt	2025-04-02T13:57:41.8963381Z env:
job-core	Run git diff --name-only bb867a87a6c055fcf8f8064830b0034fd2024473 1a61dab85fc001a477362aaab637cb6ed979a090 > files-in-commit.txt	2025-04-02T13:57:41.8963687Z   KAOS_CODE: 14221470395
job-core	Run git diff --name-only bb867a87a6c055fcf8f8064830b0034fd2024473 1a61dab85fc001a477362aaab637cb6ed979a090 > files-in-commit.txt	2025-04-02T13:57:41.8964066Z   KAOS_EVENT_NAME: push
job-core	Run git diff --name-only bb867a87a6c055fcf8f8064830b0034fd2024473 1a61dab85fc001a477362aaab637cb6ed979a090 > files-in-commit.txt	2025-04-02T13:57:41.8964416Z   KAOS_ACTION: 
job-core	Run git diff --name-only bb867a87a6c055fcf8f8064830b0034fd2024473 1a61dab85fc001a477362aaab637cb6ed979a090 > files-in-commit.txt	2025-04-02T13:57:41.8964785Z   KAOS_REF: refs/heads/H220-web-de-resultados
job-core	Run git diff --name-only bb867a87a6c055fcf8f8064830b0034fd2024473 1a61dab85fc001a477362aaab637cb6ed979a090 > files-in-commit.txt	2025-04-02T13:57:41.8965253Z   KAOS_MODULE: [Ka0S] kaos
job-core	Run git diff --name-only bb867a87a6c055fcf8f8064830b0034fd2024473 1a61dab85fc001a477362aaab637cb6ed979a090 > files-in-commit.txt	2025-04-02T13:57:41.8965647Z   KAOS_PATH_RESUME: core/results/k/
job-core	Run git diff --name-only bb867a87a6c055fcf8f8064830b0034fd2024473 1a61dab85fc001a477362aaab637cb6ed979a090 > files-in-commit.txt	2025-04-02T13:57:41.8966090Z   KAOS_JSON: core/results/event_data_
job-core	Run git diff --name-only bb867a87a6c055fcf8f8064830b0034fd2024473 1a61dab85fc001a477362aaab637cb6ed979a090 > files-in-commit.txt	2025-04-02T13:57:41.8966851Z   KAOS_ACTOR: Daniel-NS10
job-core	Run git diff --name-only bb867a87a6c055fcf8f8064830b0034fd2024473 1a61dab85fc001a477362aaab637cb6ed979a090 > files-in-commit.txt	2025-04-02T13:57:41.8967222Z   GITHUB_OUTPUT: 
job-core	Run git diff --name-only bb867a87a6c055fcf8f8064830b0034fd2024473 1a61dab85fc001a477362aaab637cb6ed979a090 > files-in-commit.txt	2025-04-02T13:57:41.8967603Z   GITHUB_REF: refs/heads/H220-web-de-resultados
job-core	Run git diff --name-only bb867a87a6c055fcf8f8064830b0034fd2024473 1a61dab85fc001a477362aaab637cb6ed979a090 > files-in-commit.txt	2025-04-02T13:57:41.8968310Z   modules: ***
job-core	Run git diff --name-only bb867a87a6c055fcf8f8064830b0034fd2024473 1a61dab85fc001a477362aaab637cb6ed979a090 > files-in-commit.txt	2025-04-02T13:57:41.8968690Z   files: ***
job-core	Run git diff --name-only bb867a87a6c055fcf8f8064830b0034fd2024473 1a61dab85fc001a477362aaab637cb6ed979a090 > files-in-commit.txt	2025-04-02T13:57:41.8969167Z   GH_TOKEN: ***
job-core	Run git diff --name-only bb867a87a6c055fcf8f8064830b0034fd2024473 1a61dab85fc001a477362aaab637cb6ed979a090 > files-in-commit.txt	2025-04-02T13:57:41.8969485Z ##[endgroup]
job-core	Run git diff --name-only bb867a87a6c055fcf8f8064830b0034fd2024473 1a61dab85fc001a477362aaab637cb6ed979a090 > files-in-commit.txt	2025-04-02T13:57:41.9075318Z .github/workflows/workflow-stats.yml
job-core	Run git diff --name-only bb867a87a6c055fcf8f8064830b0034fd2024473 1a61dab85fc001a477362aaab637cb6ed979a090 > files-in-commit.txt	2025-04-02T13:57:41.9076167Z CHANGELOG.md
job-core	Run git diff --name-only bb867a87a6c055fcf8f8064830b0034fd2024473 1a61dab85fc001a477362aaab637cb6ed979a090 > files-in-commit.txt	2025-04-02T13:57:41.9076873Z INDEX.md
job-core	Run git diff --name-only bb867a87a6c055fcf8f8064830b0034fd2024473 1a61dab85fc001a477362aaab637cb6ed979a090 > files-in-commit.txt	2025-04-02T13:57:41.9077547Z core/dashboard/templates/index.html
job-core	Run git diff --name-only bb867a87a6c055fcf8f8064830b0034fd2024473 1a61dab85fc001a477362aaab637cb6ed979a090 > files-in-commit.txt	2025-04-02T13:57:41.9078441Z core/outputs/i/14213968642.json
job-core	Run git diff --name-only bb867a87a6c055fcf8f8064830b0034fd2024473 1a61dab85fc001a477362aaab637cb6ed979a090 > files-in-commit.txt	2025-04-02T13:57:41.9079309Z core/outputs/i/14213968642.log
job-core	Run git diff --name-only bb867a87a6c055fcf8f8064830b0034fd2024473 1a61dab85fc001a477362aaab637cb6ed979a090 > files-in-commit.txt	2025-04-02T13:57:41.9080266Z core/outputs/i/14220927465.json
job-core	Run git diff --name-only bb867a87a6c055fcf8f8064830b0034fd2024473 1a61dab85fc001a477362aaab637cb6ed979a090 > files-in-commit.txt	2025-04-02T13:57:41.9080923Z core/outputs/i/14220927465.log
job-core	Run git diff --name-only bb867a87a6c055fcf8f8064830b0034fd2024473 1a61dab85fc001a477362aaab637cb6ed979a090 > files-in-commit.txt	2025-04-02T13:57:41.9081750Z core/outputs/i/14220979954.json
job-core	Run git diff --name-only bb867a87a6c055fcf8f8064830b0034fd2024473 1a61dab85fc001a477362aaab637cb6ed979a090 > files-in-commit.txt	2025-04-02T13:57:41.9082590Z core/outputs/i/14220979954.log
job-core	Run git diff --name-only bb867a87a6c055fcf8f8064830b0034fd2024473 1a61dab85fc001a477362aaab637cb6ed979a090 > files-in-commit.txt	2025-04-02T13:57:41.9083360Z core/outputs/i/14220989170.json
job-core	Run git diff --name-only bb867a87a6c055fcf8f8064830b0034fd2024473 1a61dab85fc001a477362aaab637cb6ed979a090 > files-in-commit.txt	2025-04-02T13:57:41.9084175Z core/outputs/i/14220989170.log
job-core	Run git diff --name-only bb867a87a6c055fcf8f8064830b0034fd2024473 1a61dab85fc001a477362aaab637cb6ed979a090 > files-in-commit.txt	2025-04-02T13:57:41.9084914Z core/outputs/i/14221006093.json
job-core	Run git diff --name-only bb867a87a6c055fcf8f8064830b0034fd2024473 1a61dab85fc001a477362aaab637cb6ed979a090 > files-in-commit.txt	2025-04-02T13:57:41.9085699Z core/outputs/i/14221006093.log
job-core	Run git diff --name-only bb867a87a6c055fcf8f8064830b0034fd2024473 1a61dab85fc001a477362aaab637cb6ed979a090 > files-in-commit.txt	2025-04-02T13:57:41.9096615Z core/outputs/i/14221008985.json
job-core	Run git diff --name-only bb867a87a6c055fcf8f8064830b0034fd2024473 1a61dab85fc001a477362aaab637cb6ed979a090 > files-in-commit.txt	2025-04-02T13:57:41.9098203Z core/outputs/i/14221008985.log
job-core	Run git diff --name-only bb867a87a6c055fcf8f8064830b0034fd2024473 1a61dab85fc001a477362aaab637cb6ed979a090 > files-in-commit.txt	2025-04-02T13:57:41.9099234Z core/outputs/i/14221009776.json
job-core	Run git diff --name-only bb867a87a6c055fcf8f8064830b0034fd2024473 1a61dab85fc001a477362aaab637cb6ed979a090 > files-in-commit.txt	2025-04-02T13:57:41.9100410Z core/outputs/i/14221009776.log
job-core	Run git diff --name-only bb867a87a6c055fcf8f8064830b0034fd2024473 1a61dab85fc001a477362aaab637cb6ed979a090 > files-in-commit.txt	2025-04-02T13:57:41.9101254Z core/outputs/i/14221036549.json
job-core	Run git diff --name-only bb867a87a6c055fcf8f8064830b0034fd2024473 1a61dab85fc001a477362aaab637cb6ed979a090 > files-in-commit.txt	2025-04-02T13:57:41.9101623Z core/outputs/i/14221036549.log
job-core	Run git diff --name-only bb867a87a6c055fcf8f8064830b0034fd2024473 1a61dab85fc001a477362aaab637cb6ed979a090 > files-in-commit.txt	2025-04-02T13:57:41.9102187Z core/outputs/i/14221192505.json
job-core	Run git diff --name-only bb867a87a6c055fcf8f8064830b0034fd2024473 1a61dab85fc001a477362aaab637cb6ed979a090 > files-in-commit.txt	2025-04-02T13:57:41.9103080Z core/outputs/i/14221192505.log
job-core	Run git diff --name-only bb867a87a6c055fcf8f8064830b0034fd2024473 1a61dab85fc001a477362aaab637cb6ed979a090 > files-in-commit.txt	2025-04-02T13:57:41.9103830Z core/outputs/i/14221337053.json
job-core	Run git diff --name-only bb867a87a6c055fcf8f8064830b0034fd2024473 1a61dab85fc001a477362aaab637cb6ed979a090 > files-in-commit.txt	2025-04-02T13:57:41.9104654Z core/outputs/i/14221337053.log
job-core	Run git diff --name-only bb867a87a6c055fcf8f8064830b0034fd2024473 1a61dab85fc001a477362aaab637cb6ed979a090 > files-in-commit.txt	2025-04-02T13:57:41.9105422Z core/outputs/w/workflows-available-14220979954.json
job-core	Run git diff --name-only bb867a87a6c055fcf8f8064830b0034fd2024473 1a61dab85fc001a477362aaab637cb6ed979a090 > files-in-commit.txt	2025-04-02T13:57:41.9106374Z core/outputs/w/workflows-runs-14220979954.json
job-core	Run git diff --name-only bb867a87a6c055fcf8f8064830b0034fd2024473 1a61dab85fc001a477362aaab637cb6ed979a090 > files-in-commit.txt	2025-04-02T13:57:41.9107204Z core/results/event_data_14221036549.json
job-core	Run git diff --name-only bb867a87a6c055fcf8f8064830b0034fd2024473 1a61dab85fc001a477362aaab637cb6ed979a090 > files-in-commit.txt	2025-04-02T13:57:41.9107886Z core/results/event_data_14221192505.json
job-core	Run git diff --name-only bb867a87a6c055fcf8f8064830b0034fd2024473 1a61dab85fc001a477362aaab637cb6ed979a090 > files-in-commit.txt	2025-04-02T13:57:41.9109155Z version.txt
job-core	Run git diff --name-only bb867a87a6c055fcf8f8064830b0034fd2024473 1a61dab85fc001a477362aaab637cb6ed979a090 > files-in-commit.txt	2025-04-02T13:57:41.9110600Z I Leemos el fichero files-in-commit.txt y extraemos el fichero .github/workflows/workflow-stats.yml
job-core	Run git diff --name-only bb867a87a6c055fcf8f8064830b0034fd2024473 1a61dab85fc001a477362aaab637cb6ed979a090 > files-in-commit.txt	2025-04-02T13:57:41.9112542Z I-1 Calculamos el nombre del fichero workflow-stats.yml
job-core	Run git diff --name-only bb867a87a6c055fcf8f8064830b0034fd2024473 1a61dab85fc001a477362aaab637cb6ed979a090 > files-in-commit.txt	2025-04-02T13:57:41.9113670Z I-2 Calculamos la extension del fichero yml
job-core	Run git diff --name-only bb867a87a6c055fcf8f8064830b0034fd2024473 1a61dab85fc001a477362aaab637cb6ed979a090 > files-in-commit.txt	2025-04-02T13:57:41.9115034Z I-3 Calculamos el modulo ymllint.yml
job-core	Run git diff --name-only bb867a87a6c055fcf8f8064830b0034fd2024473 1a61dab85fc001a477362aaab637cb6ed979a090 > files-in-commit.txt	2025-04-02T13:57:41.9116478Z II Leemos el array de md
job-core	Run git diff --name-only bb867a87a6c055fcf8f8064830b0034fd2024473 1a61dab85fc001a477362aaab637cb6ed979a090 > files-in-commit.txt	2025-04-02T13:57:41.9117773Z VII No es igual yml a md y lo indicamos en la variable extension_failed=1
job-core	Run git diff --name-only bb867a87a6c055fcf8f8064830b0034fd2024473 1a61dab85fc001a477362aaab637cb6ed979a090 > files-in-commit.txt	2025-04-02T13:57:41.9119260Z II Leemos el array de yaml
job-core	Run git diff --name-only bb867a87a6c055fcf8f8064830b0034fd2024473 1a61dab85fc001a477362aaab637cb6ed979a090 > files-in-commit.txt	2025-04-02T13:57:41.9120635Z VII No es igual yml a yaml y lo indicamos en la variable extension_failed=1
job-core	Run git diff --name-only bb867a87a6c055fcf8f8064830b0034fd2024473 1a61dab85fc001a477362aaab637cb6ed979a090 > files-in-commit.txt	2025-04-02T13:57:41.9121196Z II Leemos el array de json
job-core	Run git diff --name-only bb867a87a6c055fcf8f8064830b0034fd2024473 1a61dab85fc001a477362aaab637cb6ed979a090 > files-in-commit.txt	2025-04-02T13:57:41.9121643Z VII No es igual yml a json y lo indicamos en la variable extension_failed=1
job-core	Run git diff --name-only bb867a87a6c055fcf8f8064830b0034fd2024473 1a61dab85fc001a477362aaab637cb6ed979a090 > files-in-commit.txt	2025-04-02T13:57:41.9122137Z II Leemos el array de py
job-core	Run git diff --name-only bb867a87a6c055fcf8f8064830b0034fd2024473 1a61dab85fc001a477362aaab637cb6ed979a090 > files-in-commit.txt	2025-04-02T13:57:41.9122570Z VII No es igual yml a py y lo indicamos en la variable extension_failed=1
job-core	Run git diff --name-only bb867a87a6c055fcf8f8064830b0034fd2024473 1a61dab85fc001a477362aaab637cb6ed979a090 > files-in-commit.txt	2025-04-02T13:57:41.9123495Z X Si extension falla falla (1) aÃ±adimos el comentario a la issue
job-core	Run git diff --name-only bb867a87a6c055fcf8f8064830b0034fd2024473 1a61dab85fc001a477362aaab637cb6ed979a090 > files-in-commit.txt	2025-04-02T13:57:43.7647136Z https://github.com/Ka0s-Klaus/ka0s/issues/220#issuecomment-2772652374
job-core	Run git diff --name-only bb867a87a6c055fcf8f8064830b0034fd2024473 1a61dab85fc001a477362aaab637cb6ed979a090 > files-in-commit.txt	2025-04-02T13:57:43.7678222Z I Leemos el fichero files-in-commit.txt y extraemos el fichero CHANGELOG.md
job-core	Run git diff --name-only bb867a87a6c055fcf8f8064830b0034fd2024473 1a61dab85fc001a477362aaab637cb6ed979a090 > files-in-commit.txt	2025-04-02T13:57:43.7698859Z I-1 Calculamos el nombre del fichero CHANGELOG.md
job-core	Run git diff --name-only bb867a87a6c055fcf8f8064830b0034fd2024473 1a61dab85fc001a477362aaab637cb6ed979a090 > files-in-commit.txt	2025-04-02T13:57:43.7700486Z I-2 Calculamos la extension del fichero md
job-core	Run git diff --name-only bb867a87a6c055fcf8f8064830b0034fd2024473 1a61dab85fc001a477362aaab637cb6ed979a090 > files-in-commit.txt	2025-04-02T13:57:43.7701620Z I-3 Calculamos el modulo mdlint.yml
job-core	Run git diff --name-only bb867a87a6c055fcf8f8064830b0034fd2024473 1a61dab85fc001a477362aaab637cb6ed979a090 > files-in-commit.txt	2025-04-02T13:57:43.7703171Z II Leemos el array de md
job-core	Run git diff --name-only bb867a87a6c055fcf8f8064830b0034fd2024473 1a61dab85fc001a477362aaab637cb6ed979a090 > files-in-commit.txt	2025-04-02T13:57:43.7704179Z III Comprobamos si md es igual a md
job-core	Run git diff --name-only bb867a87a6c055fcf8f8064830b0034fd2024473 1a61dab85fc001a477362aaab637cb6ed979a090 > files-in-commit.txt	2025-04-02T13:57:43.7706718Z IV Leemos el array yamlint.yml
job-core	Run git diff --name-only bb867a87a6c055fcf8f8064830b0034fd2024473 1a61dab85fc001a477362aaab637cb6ed979a090 > files-in-commit.txt	2025-04-02T13:57:43.7708084Z VI No es igual mdlint.yml a yamlint.yml y lo indicamos en la variable module_failed=1
job-core	Run git diff --name-only bb867a87a6c055fcf8f8064830b0034fd2024473 1a61dab85fc001a477362aaab637cb6ed979a090 > files-in-commit.txt	2025-04-02T13:57:43.7709725Z IV Leemos el array mdlint.yml
job-core	Run git diff --name-only bb867a87a6c055fcf8f8064830b0034fd2024473 1a61dab85fc001a477362aaab637cb6ed979a090 > files-in-commit.txt	2025-04-02T13:57:43.7710613Z V Comprobamos que el mdlint.yml es igual a mdlint.yml y ejecutamos el flujo
job-core	Run git diff --name-only bb867a87a6c055fcf8f8064830b0034fd2024473 1a61dab85fc001a477362aaab637cb6ed979a090 > files-in-commit.txt	2025-04-02T13:57:43.7741816Z El numero de la issue es: 220
job-core	Run git diff --name-only bb867a87a6c055fcf8f8064830b0034fd2024473 1a61dab85fc001a477362aaab637cb6ed979a090 > files-in-commit.txt	2025-04-02T13:57:45.4015477Z I Leemos el fichero files-in-commit.txt y extraemos el fichero INDEX.md
job-core	Run git diff --name-only bb867a87a6c055fcf8f8064830b0034fd2024473 1a61dab85fc001a477362aaab637cb6ed979a090 > files-in-commit.txt	2025-04-02T13:57:45.4033491Z I-1 Calculamos el nombre del fichero INDEX.md
job-core	Run git diff --name-only bb867a87a6c055fcf8f8064830b0034fd2024473 1a61dab85fc001a477362aaab637cb6ed979a090 > files-in-commit.txt	2025-04-02T13:57:45.4034496Z I-2 Calculamos la extension del fichero md
job-core	Run git diff --name-only bb867a87a6c055fcf8f8064830b0034fd2024473 1a61dab85fc001a477362aaab637cb6ed979a090 > files-in-commit.txt	2025-04-02T13:57:45.4035468Z I-3 Calculamos el modulo mdlint.yml
job-core	Run git diff --name-only bb867a87a6c055fcf8f8064830b0034fd2024473 1a61dab85fc001a477362aaab637cb6ed979a090 > files-in-commit.txt	2025-04-02T13:57:45.4036179Z II Leemos el array de md
job-core	Run git diff --name-only bb867a87a6c055fcf8f8064830b0034fd2024473 1a61dab85fc001a477362aaab637cb6ed979a090 > files-in-commit.txt	2025-04-02T13:57:45.4036762Z III Comprobamos si md es igual a md
job-core	Run git diff --name-only bb867a87a6c055fcf8f8064830b0034fd2024473 1a61dab85fc001a477362aaab637cb6ed979a090 > files-in-commit.txt	2025-04-02T13:57:45.4037753Z IV Leemos el array yamlint.yml
job-core	Run git diff --name-only bb867a87a6c055fcf8f8064830b0034fd2024473 1a61dab85fc001a477362aaab637cb6ed979a090 > files-in-commit.txt	2025-04-02T13:57:45.4039337Z VI No es igual mdlint.yml a yamlint.yml y lo indicamos en la variable module_failed=1
job-core	Run git diff --name-only bb867a87a6c055fcf8f8064830b0034fd2024473 1a61dab85fc001a477362aaab637cb6ed979a090 > files-in-commit.txt	2025-04-02T13:57:45.4041000Z IV Leemos el array mdlint.yml
job-core	Run git diff --name-only bb867a87a6c055fcf8f8064830b0034fd2024473 1a61dab85fc001a477362aaab637cb6ed979a090 > files-in-commit.txt	2025-04-02T13:57:45.4042287Z V Comprobamos que el mdlint.yml es igual a mdlint.yml y ejecutamos el flujo
job-core	Run git diff --name-only bb867a87a6c055fcf8f8064830b0034fd2024473 1a61dab85fc001a477362aaab637cb6ed979a090 > files-in-commit.txt	2025-04-02T13:57:45.4069887Z El numero de la issue es: 220
job-core	Run git diff --name-only bb867a87a6c055fcf8f8064830b0034fd2024473 1a61dab85fc001a477362aaab637cb6ed979a090 > files-in-commit.txt	2025-04-02T13:57:46.3807806Z I Leemos el fichero files-in-commit.txt y extraemos el fichero core/dashboard/templates/index.html
job-core	Run git diff --name-only bb867a87a6c055fcf8f8064830b0034fd2024473 1a61dab85fc001a477362aaab637cb6ed979a090 > files-in-commit.txt	2025-04-02T13:57:46.3871075Z I-1 Calculamos el nombre del fichero index.html
job-core	Run git diff --name-only bb867a87a6c055fcf8f8064830b0034fd2024473 1a61dab85fc001a477362aaab637cb6ed979a090 > files-in-commit.txt	2025-04-02T13:57:46.3874620Z I-2 Calculamos la extension del fichero html
job-core	Run git diff --name-only bb867a87a6c055fcf8f8064830b0034fd2024473 1a61dab85fc001a477362aaab637cb6ed979a090 > files-in-commit.txt	2025-04-02T13:57:46.3877510Z I-3 Calculamos el modulo htmllint.yml
job-core	Run git diff --name-only bb867a87a6c055fcf8f8064830b0034fd2024473 1a61dab85fc001a477362aaab637cb6ed979a090 > files-in-commit.txt	2025-04-02T13:57:46.3887506Z II Leemos el array de md
job-core	Run git diff --name-only bb867a87a6c055fcf8f8064830b0034fd2024473 1a61dab85fc001a477362aaab637cb6ed979a090 > files-in-commit.txt	2025-04-02T13:57:46.3892724Z VII No es igual html a md y lo indicamos en la variable extension_failed=1
job-core	Run git diff --name-only bb867a87a6c055fcf8f8064830b0034fd2024473 1a61dab85fc001a477362aaab637cb6ed979a090 > files-in-commit.txt	2025-04-02T13:57:46.3897303Z II Leemos el array de yaml
job-core	Run git diff --name-only bb867a87a6c055fcf8f8064830b0034fd2024473 1a61dab85fc001a477362aaab637cb6ed979a090 > files-in-commit.txt	2025-04-02T13:57:46.3901564Z VII No es igual html a yaml y lo indicamos en la variable extension_failed=1
job-core	Run git diff --name-only bb867a87a6c055fcf8f8064830b0034fd2024473 1a61dab85fc001a477362aaab637cb6ed979a090 > files-in-commit.txt	2025-04-02T13:57:46.3907284Z II Leemos el array de json
job-core	Run git diff --name-only bb867a87a6c055fcf8f8064830b0034fd2024473 1a61dab85fc001a477362aaab637cb6ed979a090 > files-in-commit.txt	2025-04-02T13:57:46.3912390Z VII No es igual html a json y lo indicamos en la variable extension_failed=1
job-core	Run git diff --name-only bb867a87a6c055fcf8f8064830b0034fd2024473 1a61dab85fc001a477362aaab637cb6ed979a090 > files-in-commit.txt	2025-04-02T13:57:46.3917560Z II Leemos el array de py
job-core	Run git diff --name-only bb867a87a6c055fcf8f8064830b0034fd2024473 1a61dab85fc001a477362aaab637cb6ed979a090 > files-in-commit.txt	2025-04-02T13:57:46.3921741Z VII No es igual html a py y lo indicamos en la variable extension_failed=1
job-core	Run git diff --name-only bb867a87a6c055fcf8f8064830b0034fd2024473 1a61dab85fc001a477362aaab637cb6ed979a090 > files-in-commit.txt	2025-04-02T13:57:46.3928695Z X Si extension falla falla (1) aÃ±adimos el comentario a la issue
job-core	Run git diff --name-only bb867a87a6c055fcf8f8064830b0034fd2024473 1a61dab85fc001a477362aaab637cb6ed979a090 > files-in-commit.txt	2025-04-02T13:57:47.9796213Z https://github.com/Ka0s-Klaus/ka0s/issues/220#issuecomment-2772652577
job-core	Run git diff --name-only bb867a87a6c055fcf8f8064830b0034fd2024473 1a61dab85fc001a477362aaab637cb6ed979a090 > files-in-commit.txt	2025-04-02T13:57:47.9823866Z Skipping file in outputs directory: core/outputs/i/14213968642.json
job-core	Run git diff --name-only bb867a87a6c055fcf8f8064830b0034fd2024473 1a61dab85fc001a477362aaab637cb6ed979a090 > files-in-commit.txt	2025-04-02T13:57:47.9824953Z Skipping file in outputs directory: core/outputs/i/14213968642.log
job-core	Run git diff --name-only bb867a87a6c055fcf8f8064830b0034fd2024473 1a61dab85fc001a477362aaab637cb6ed979a090 > files-in-commit.txt	2025-04-02T13:57:47.9825932Z Skipping file in outputs directory: core/outputs/i/14220927465.json
job-core	Run git diff --name-only bb867a87a6c055fcf8f8064830b0034fd2024473 1a61dab85fc001a477362aaab637cb6ed979a090 > files-in-commit.txt	2025-04-02T13:57:47.9826958Z Skipping file in outputs directory: core/outputs/i/14220927465.log
job-core	Run git diff --name-only bb867a87a6c055fcf8f8064830b0034fd2024473 1a61dab85fc001a477362aaab637cb6ed979a090 > files-in-commit.txt	2025-04-02T13:57:47.9827961Z Skipping file in outputs directory: core/outputs/i/14220979954.json
job-core	Run git diff --name-only bb867a87a6c055fcf8f8064830b0034fd2024473 1a61dab85fc001a477362aaab637cb6ed979a090 > files-in-commit.txt	2025-04-02T13:57:47.9829310Z Skipping file in outputs directory: core/outputs/i/14220979954.log
job-core	Run git diff --name-only bb867a87a6c055fcf8f8064830b0034fd2024473 1a61dab85fc001a477362aaab637cb6ed979a090 > files-in-commit.txt	2025-04-02T13:57:47.9831016Z Skipping file in outputs directory: core/outputs/i/14220989170.json
job-core	Run git diff --name-only bb867a87a6c055fcf8f8064830b0034fd2024473 1a61dab85fc001a477362aaab637cb6ed979a090 > files-in-commit.txt	2025-04-02T13:57:47.9832463Z Skipping file in outputs directory: core/outputs/i/14220989170.log
job-core	Run git diff --name-only bb867a87a6c055fcf8f8064830b0034fd2024473 1a61dab85fc001a477362aaab637cb6ed979a090 > files-in-commit.txt	2025-04-02T13:57:47.9834090Z Skipping file in outputs directory: core/outputs/i/14221006093.json
job-core	Run git diff --name-only bb867a87a6c055fcf8f8064830b0034fd2024473 1a61dab85fc001a477362aaab637cb6ed979a090 > files-in-commit.txt	2025-04-02T13:57:47.9835593Z Skipping file in outputs directory: core/outputs/i/14221006093.log
job-core	Run git diff --name-only bb867a87a6c055fcf8f8064830b0034fd2024473 1a61dab85fc001a477362aaab637cb6ed979a090 > files-in-commit.txt	2025-04-02T13:57:47.9838251Z Skipping file in outputs directory: core/outputs/i/14221008985.json
job-core	Run git diff --name-only bb867a87a6c055fcf8f8064830b0034fd2024473 1a61dab85fc001a477362aaab637cb6ed979a090 > files-in-commit.txt	2025-04-02T13:57:47.9839857Z Skipping file in outputs directory: core/outputs/i/14221008985.log
job-core	Run git diff --name-only bb867a87a6c055fcf8f8064830b0034fd2024473 1a61dab85fc001a477362aaab637cb6ed979a090 > files-in-commit.txt	2025-04-02T13:57:47.9841347Z Skipping file in outputs directory: core/outputs/i/14221009776.json
job-core	Run git diff --name-only bb867a87a6c055fcf8f8064830b0034fd2024473 1a61dab85fc001a477362aaab637cb6ed979a090 > files-in-commit.txt	2025-04-02T13:57:47.9842687Z Skipping file in outputs directory: core/outputs/i/14221009776.log
job-core	Run git diff --name-only bb867a87a6c055fcf8f8064830b0034fd2024473 1a61dab85fc001a477362aaab637cb6ed979a090 > files-in-commit.txt	2025-04-02T13:57:47.9844010Z Skipping file in outputs directory: core/outputs/i/14221036549.json
job-core	Run git diff --name-only bb867a87a6c055fcf8f8064830b0034fd2024473 1a61dab85fc001a477362aaab637cb6ed979a090 > files-in-commit.txt	2025-04-02T13:57:47.9845436Z Skipping file in outputs directory: core/outputs/i/14221036549.log
job-core	Run git diff --name-only bb867a87a6c055fcf8f8064830b0034fd2024473 1a61dab85fc001a477362aaab637cb6ed979a090 > files-in-commit.txt	2025-04-02T13:57:47.9847994Z Skipping file in outputs directory: core/outputs/i/14221192505.json
job-core	Run git diff --name-only bb867a87a6c055fcf8f8064830b0034fd2024473 1a61dab85fc001a477362aaab637cb6ed979a090 > files-in-commit.txt	2025-04-02T13:57:47.9849501Z Skipping file in outputs directory: core/outputs/i/14221192505.log
job-core	Run git diff --name-only bb867a87a6c055fcf8f8064830b0034fd2024473 1a61dab85fc001a477362aaab637cb6ed979a090 > files-in-commit.txt	2025-04-02T13:57:47.9854981Z Skipping file in outputs directory: core/outputs/i/14221337053.json
job-core	Run git diff --name-only bb867a87a6c055fcf8f8064830b0034fd2024473 1a61dab85fc001a477362aaab637cb6ed979a090 > files-in-commit.txt	2025-04-02T13:57:47.9856017Z Skipping file in outputs directory: core/outputs/i/14221337053.log
job-core	Run git diff --name-only bb867a87a6c055fcf8f8064830b0034fd2024473 1a61dab85fc001a477362aaab637cb6ed979a090 > files-in-commit.txt	2025-04-02T13:57:47.9857212Z Skipping file in outputs directory: core/outputs/w/workflows-available-14220979954.json
job-core	Run git diff --name-only bb867a87a6c055fcf8f8064830b0034fd2024473 1a61dab85fc001a477362aaab637cb6ed979a090 > files-in-commit.txt	2025-04-02T13:57:47.9858572Z Skipping file in outputs directory: core/outputs/w/workflows-runs-14220979954.json
job-core	Run git diff --name-only bb867a87a6c055fcf8f8064830b0034fd2024473 1a61dab85fc001a477362aaab637cb6ed979a090 > files-in-commit.txt	2025-04-02T13:57:47.9870581Z I Leemos el fichero files-in-commit.txt y extraemos el fichero core/results/event_data_14221036549.json
job-core	Run git diff --name-only bb867a87a6c055fcf8f8064830b0034fd2024473 1a61dab85fc001a477362aaab637cb6ed979a090 > files-in-commit.txt	2025-04-02T13:57:47.9872177Z I-1 Calculamos el nombre del fichero event_data_14221036549.json
job-core	Run git diff --name-only bb867a87a6c055fcf8f8064830b0034fd2024473 1a61dab85fc001a477362aaab637cb6ed979a090 > files-in-commit.txt	2025-04-02T13:57:47.9884541Z I-2 Calculamos la extension del fichero json
job-core	Run git diff --name-only bb867a87a6c055fcf8f8064830b0034fd2024473 1a61dab85fc001a477362aaab637cb6ed979a090 > files-in-commit.txt	2025-04-02T13:57:47.9887364Z I-3 Calculamos el modulo jsonlint.yml
job-core	Run git diff --name-only bb867a87a6c055fcf8f8064830b0034fd2024473 1a61dab85fc001a477362aaab637cb6ed979a090 > files-in-commit.txt	2025-04-02T13:57:47.9888177Z II Leemos el array de md
job-core	Run git diff --name-only bb867a87a6c055fcf8f8064830b0034fd2024473 1a61dab85fc001a477362aaab637cb6ed979a090 > files-in-commit.txt	2025-04-02T13:57:47.9888956Z VII No es igual json a md y lo indicamos en la variable extension_failed=1
job-core	Run git diff --name-only bb867a87a6c055fcf8f8064830b0034fd2024473 1a61dab85fc001a477362aaab637cb6ed979a090 > files-in-commit.txt	2025-04-02T13:57:47.9889796Z II Leemos el array de yaml
job-core	Run git diff --name-only bb867a87a6c055fcf8f8064830b0034fd2024473 1a61dab85fc001a477362aaab637cb6ed979a090 > files-in-commit.txt	2025-04-02T13:57:47.9895226Z VII No es igual json a yaml y lo indicamos en la variable extension_failed=1
job-core	Run git diff --name-only bb867a87a6c055fcf8f8064830b0034fd2024473 1a61dab85fc001a477362aaab637cb6ed979a090 > files-in-commit.txt	2025-04-02T13:57:47.9896106Z II Leemos el array de json
job-core	Run git diff --name-only bb867a87a6c055fcf8f8064830b0034fd2024473 1a61dab85fc001a477362aaab637cb6ed979a090 > files-in-commit.txt	2025-04-02T13:57:47.9896723Z III Comprobamos si json es igual a json
job-core	Run git diff --name-only bb867a87a6c055fcf8f8064830b0034fd2024473 1a61dab85fc001a477362aaab637cb6ed979a090 > files-in-commit.txt	2025-04-02T13:57:47.9897350Z IV Leemos el array yamlint.yml
job-core	Run git diff --name-only bb867a87a6c055fcf8f8064830b0034fd2024473 1a61dab85fc001a477362aaab637cb6ed979a090 > files-in-commit.txt	2025-04-02T13:57:47.9898185Z VI No es igual jsonlint.yml a yamlint.yml y lo indicamos en la variable module_failed=1
job-core	Run git diff --name-only bb867a87a6c055fcf8f8064830b0034fd2024473 1a61dab85fc001a477362aaab637cb6ed979a090 > files-in-commit.txt	2025-04-02T13:57:47.9899108Z IV Leemos el array mdlint.yml
job-core	Run git diff --name-only bb867a87a6c055fcf8f8064830b0034fd2024473 1a61dab85fc001a477362aaab637cb6ed979a090 > files-in-commit.txt	2025-04-02T13:57:47.9899959Z VI No es igual jsonlint.yml a mdlint.yml y lo indicamos en la variable module_failed=1
job-core	Run git diff --name-only bb867a87a6c055fcf8f8064830b0034fd2024473 1a61dab85fc001a477362aaab637cb6ed979a090 > files-in-commit.txt	2025-04-02T13:57:47.9901559Z IV Leemos el array jsonlint.yml
job-core	Run git diff --name-only bb867a87a6c055fcf8f8064830b0034fd2024473 1a61dab85fc001a477362aaab637cb6ed979a090 > files-in-commit.txt	2025-04-02T13:57:47.9902382Z V Comprobamos que el jsonlint.yml es igual a jsonlint.yml y ejecutamos el flujo
job-core	Run git diff --name-only bb867a87a6c055fcf8f8064830b0034fd2024473 1a61dab85fc001a477362aaab637cb6ed979a090 > files-in-commit.txt	2025-04-02T13:57:47.9911328Z El numero de la issue es: 220
job-core	Run git diff --name-only bb867a87a6c055fcf8f8064830b0034fd2024473 1a61dab85fc001a477362aaab637cb6ed979a090 > files-in-commit.txt	2025-04-02T13:57:49.0159664Z I Leemos el fichero files-in-commit.txt y extraemos el fichero core/results/event_data_14221192505.json
job-core	Run git diff --name-only bb867a87a6c055fcf8f8064830b0034fd2024473 1a61dab85fc001a477362aaab637cb6ed979a090 > files-in-commit.txt	2025-04-02T13:57:49.0182604Z I-1 Calculamos el nombre del fichero event_data_14221192505.json
job-core	Run git diff --name-only bb867a87a6c055fcf8f8064830b0034fd2024473 1a61dab85fc001a477362aaab637cb6ed979a090 > files-in-commit.txt	2025-04-02T13:57:49.0183878Z I-2 Calculamos la extension del fichero json
job-core	Run git diff --name-only bb867a87a6c055fcf8f8064830b0034fd2024473 1a61dab85fc001a477362aaab637cb6ed979a090 > files-in-commit.txt	2025-04-02T13:57:49.0184847Z I-3 Calculamos el modulo jsonlint.yml
job-core	Run git diff --name-only bb867a87a6c055fcf8f8064830b0034fd2024473 1a61dab85fc001a477362aaab637cb6ed979a090 > files-in-commit.txt	2025-04-02T13:57:49.0185740Z II Leemos el array de md
job-core	Run git diff --name-only bb867a87a6c055fcf8f8064830b0034fd2024473 1a61dab85fc001a477362aaab637cb6ed979a090 > files-in-commit.txt	2025-04-02T13:57:49.0186772Z VII No es igual json a md y lo indicamos en la variable extension_failed=1
job-core	Run git diff --name-only bb867a87a6c055fcf8f8064830b0034fd2024473 1a61dab85fc001a477362aaab637cb6ed979a090 > files-in-commit.txt	2025-04-02T13:57:49.0187947Z II Leemos el array de yaml
job-core	Run git diff --name-only bb867a87a6c055fcf8f8064830b0034fd2024473 1a61dab85fc001a477362aaab637cb6ed979a090 > files-in-commit.txt	2025-04-02T13:57:49.0189071Z VII No es igual json a yaml y lo indicamos en la variable extension_failed=1
job-core	Run git diff --name-only bb867a87a6c055fcf8f8064830b0034fd2024473 1a61dab85fc001a477362aaab637cb6ed979a090 > files-in-commit.txt	2025-04-02T13:57:49.0190744Z II Leemos el array de json
job-core	Run git diff --name-only bb867a87a6c055fcf8f8064830b0034fd2024473 1a61dab85fc001a477362aaab637cb6ed979a090 > files-in-commit.txt	2025-04-02T13:57:49.0191611Z III Comprobamos si json es igual a json
job-core	Run git diff --name-only bb867a87a6c055fcf8f8064830b0034fd2024473 1a61dab85fc001a477362aaab637cb6ed979a090 > files-in-commit.txt	2025-04-02T13:57:49.0192769Z IV Leemos el array yamlint.yml
job-core	Run git diff --name-only bb867a87a6c055fcf8f8064830b0034fd2024473 1a61dab85fc001a477362aaab637cb6ed979a090 > files-in-commit.txt	2025-04-02T13:57:49.0194300Z VI No es igual jsonlint.yml a yamlint.yml y lo indicamos en la variable module_failed=1
job-core	Run git diff --name-only bb867a87a6c055fcf8f8064830b0034fd2024473 1a61dab85fc001a477362aaab637cb6ed979a090 > files-in-commit.txt	2025-04-02T13:57:49.0196485Z IV Leemos el array mdlint.yml
job-core	Run git diff --name-only bb867a87a6c055fcf8f8064830b0034fd2024473 1a61dab85fc001a477362aaab637cb6ed979a090 > files-in-commit.txt	2025-04-02T13:57:49.0197819Z VI No es igual jsonlint.yml a mdlint.yml y lo indicamos en la variable module_failed=1
job-core	Run git diff --name-only bb867a87a6c055fcf8f8064830b0034fd2024473 1a61dab85fc001a477362aaab637cb6ed979a090 > files-in-commit.txt	2025-04-02T13:57:49.0199249Z IV Leemos el array jsonlint.yml
job-core	Run git diff --name-only bb867a87a6c055fcf8f8064830b0034fd2024473 1a61dab85fc001a477362aaab637cb6ed979a090 > files-in-commit.txt	2025-04-02T13:57:49.0201078Z V Comprobamos que el jsonlint.yml es igual a jsonlint.yml y ejecutamos el flujo
job-core	Run git diff --name-only bb867a87a6c055fcf8f8064830b0034fd2024473 1a61dab85fc001a477362aaab637cb6ed979a090 > files-in-commit.txt	2025-04-02T13:57:49.0222872Z El numero de la issue es: 220
job-core	Run git diff --name-only bb867a87a6c055fcf8f8064830b0034fd2024473 1a61dab85fc001a477362aaab637cb6ed979a090 > files-in-commit.txt	2025-04-02T13:58:03.1567203Z I Leemos el fichero files-in-commit.txt y extraemos el fichero version.txt
job-core	Run git diff --name-only bb867a87a6c055fcf8f8064830b0034fd2024473 1a61dab85fc001a477362aaab637cb6ed979a090 > files-in-commit.txt	2025-04-02T13:58:03.1631523Z I-1 Calculamos el nombre del fichero version.txt
job-core	Run git diff --name-only bb867a87a6c055fcf8f8064830b0034fd2024473 1a61dab85fc001a477362aaab637cb6ed979a090 > files-in-commit.txt	2025-04-02T13:58:03.1634887Z I-2 Calculamos la extension del fichero txt
job-core	Run git diff --name-only bb867a87a6c055fcf8f8064830b0034fd2024473 1a61dab85fc001a477362aaab637cb6ed979a090 > files-in-commit.txt	2025-04-02T13:58:03.1637764Z I-3 Calculamos el modulo txtlint.yml
job-core	Run git diff --name-only bb867a87a6c055fcf8f8064830b0034fd2024473 1a61dab85fc001a477362aaab637cb6ed979a090 > files-in-commit.txt	2025-04-02T13:58:03.1640667Z II Leemos el array de md
job-core	Run git diff --name-only bb867a87a6c055fcf8f8064830b0034fd2024473 1a61dab85fc001a477362aaab637cb6ed979a090 > files-in-commit.txt	2025-04-02T13:58:03.1643856Z VII No es igual txt a md y lo indicamos en la variable extension_failed=1
job-core	Run git diff --name-only bb867a87a6c055fcf8f8064830b0034fd2024473 1a61dab85fc001a477362aaab637cb6ed979a090 > files-in-commit.txt	2025-04-02T13:58:03.1649323Z II Leemos el array de yaml
job-core	Run git diff --name-only bb867a87a6c055fcf8f8064830b0034fd2024473 1a61dab85fc001a477362aaab637cb6ed979a090 > files-in-commit.txt	2025-04-02T13:58:03.1652065Z VII No es igual txt a yaml y lo indicamos en la variable extension_failed=1
job-core	Run git diff --name-only bb867a87a6c055fcf8f8064830b0034fd2024473 1a61dab85fc001a477362aaab637cb6ed979a090 > files-in-commit.txt	2025-04-02T13:58:03.1653856Z II Leemos el array de json
job-core	Run git diff --name-only bb867a87a6c055fcf8f8064830b0034fd2024473 1a61dab85fc001a477362aaab637cb6ed979a090 > files-in-commit.txt	2025-04-02T13:58:03.1656466Z VII No es igual txt a json y lo indicamos en la variable extension_failed=1
job-core	Run git diff --name-only bb867a87a6c055fcf8f8064830b0034fd2024473 1a61dab85fc001a477362aaab637cb6ed979a090 > files-in-commit.txt	2025-04-02T13:58:03.1658229Z II Leemos el array de py
job-core	Run git diff --name-only bb867a87a6c055fcf8f8064830b0034fd2024473 1a61dab85fc001a477362aaab637cb6ed979a090 > files-in-commit.txt	2025-04-02T13:58:03.1659790Z VII No es igual txt a py y lo indicamos en la variable extension_failed=1
job-core	Run git diff --name-only bb867a87a6c055fcf8f8064830b0034fd2024473 1a61dab85fc001a477362aaab637cb6ed979a090 > files-in-commit.txt	2025-04-02T13:58:03.1662957Z X Si extension falla falla (1) aÃ±adimos el comentario a la issue
job-core	Run git diff --name-only bb867a87a6c055fcf8f8064830b0034fd2024473 1a61dab85fc001a477362aaab637cb6ed979a090 > files-in-commit.txt	2025-04-02T13:58:04.9646125Z https://github.com/Ka0s-Klaus/ka0s/issues/220#issuecomment-2772653429
job-core	Post Checkout code	ï»¿2025-04-02T13:58:04.9865414Z Post job cleanup.
job-core	Post Checkout code	2025-04-02T13:58:05.1260922Z [command]/usr/bin/git version
job-core	Post Checkout code	2025-04-02T13:58:05.1323436Z git version 2.48.1
job-core	Post Checkout code	2025-04-02T13:58:05.1382217Z Copying '/home/kaos/.gitconfig' to '/actions-runner/_work/_temp/f8379fb3-8654-4582-8825-5dee7ec39d93/.gitconfig'
job-core	Post Checkout code	2025-04-02T13:58:05.1399857Z Temporarily overriding HOME='/actions-runner/_work/_temp/f8379fb3-8654-4582-8825-5dee7ec39d93' before making global git config changes
job-core	Post Checkout code	2025-04-02T13:58:05.1401896Z Adding repository directory to the temporary git global config as a safe directory
job-core	Post Checkout code	2025-04-02T13:58:05.1409635Z [command]/usr/bin/git config --global --add safe.directory /actions-runner/_work/ka0s/ka0s
job-core	Post Checkout code	2025-04-02T13:58:05.1475285Z [command]/usr/bin/git config --local --name-only --get-regexp core\.sshCommand
job-core	Post Checkout code	2025-04-02T13:58:05.1531734Z [command]/usr/bin/git submodule foreach --recursive sh -c "git config --local --name-only --get-regexp 'core\.sshCommand' && git config --local --unset-all 'core.sshCommand' || :"
job-core	Post Checkout code	2025-04-02T13:58:05.1952260Z [command]/usr/bin/git config --local --name-only --get-regexp http\.https\:\/\/github\.com\/\.extraheader
job-core	Post Checkout code	2025-04-02T13:58:05.1989216Z http.https://github.com/.extraheader
job-core	Post Checkout code	2025-04-02T13:58:05.2009610Z [command]/usr/bin/git config --local --unset-all http.https://github.com/.extraheader
job-core	Post Checkout code	2025-04-02T13:58:05.2058554Z [command]/usr/bin/git submodule foreach --recursive sh -c "git config --local --name-only --get-regexp 'http\.https\:\/\/github\.com\/\.extraheader' && git config --local --unset-all 'http.https://github.com/.extraheader' || :"
job-core	Complete job	ï»¿2025-04-02T13:58:05.2582501Z Cleaning up orphan processes
handle-success	Set up job	ï»¿2025-04-02T13:58:39.0559923Z Current runner version: '2.323.0'
handle-success	Set up job	2025-04-02T13:58:39.0568646Z Runner name: 'ka0s-1'
handle-success	Set up job	2025-04-02T13:58:39.0569685Z Machine name: '419612ea1a87'
handle-success	Set up job	2025-04-02T13:58:39.0573132Z ##[group]GITHUB_TOKEN Permissions
handle-success	Set up job	2025-04-02T13:58:39.0575783Z Contents: read
handle-success	Set up job	2025-04-02T13:58:39.0576370Z Metadata: read
handle-success	Set up job	2025-04-02T13:58:39.0576914Z Packages: read
handle-success	Set up job	2025-04-02T13:58:39.0577440Z ##[endgroup]
handle-success	Set up job	2025-04-02T13:58:39.0579837Z Secret source: Actions
handle-success	Set up job	2025-04-02T13:58:39.0581017Z Prepare workflow directory
handle-success	Set up job	2025-04-02T13:58:39.1596880Z Prepare all required actions
handle-success	Set up job	2025-04-02T13:58:39.1666623Z Getting action download info
handle-success	Set up job	2025-04-02T13:58:39.9829026Z Download action repository 'actions/checkout@v4' (SHA:11bd71901bbe5b1630ceea73d27597364c9af683)
handle-success	Set up job	2025-04-02T13:58:42.2902009Z Complete job name: handle-success
handle-success	Checkout code	ï»¿2025-04-02T13:58:42.3736226Z ##[group]Run actions/checkout@v4
handle-success	Checkout code	2025-04-02T13:58:42.3739564Z with:
handle-success	Checkout code	2025-04-02T13:58:42.3741286Z   fetch-depth: 0
handle-success	Checkout code	2025-04-02T13:58:42.3743138Z   token: ***
handle-success	Checkout code	2025-04-02T13:58:42.3744113Z   repository: Ka0s-Klaus/ka0s
handle-success	Checkout code	2025-04-02T13:58:42.3745955Z   ssh-strict: true
handle-success	Checkout code	2025-04-02T13:58:42.3746869Z   ssh-user: git
handle-success	Checkout code	2025-04-02T13:58:42.3748082Z   persist-credentials: true
handle-success	Checkout code	2025-04-02T13:58:42.3749102Z   clean: true
handle-success	Checkout code	2025-04-02T13:58:42.3749989Z   sparse-checkout-cone-mode: true
handle-success	Checkout code	2025-04-02T13:58:42.3751861Z   fetch-tags: false
handle-success	Checkout code	2025-04-02T13:58:42.3752816Z   show-progress: true
handle-success	Checkout code	2025-04-02T13:58:42.3753737Z   lfs: false
handle-success	Checkout code	2025-04-02T13:58:42.3754580Z   submodules: false
handle-success	Checkout code	2025-04-02T13:58:42.3755503Z   set-safe-directory: true
handle-success	Checkout code	2025-04-02T13:58:42.3757247Z env:
handle-success	Checkout code	2025-04-02T13:58:42.3758048Z   KAOS_CODE: 14221470395
handle-success	Checkout code	2025-04-02T13:58:42.3759037Z   KAOS_EVENT_NAME: push
handle-success	Checkout code	2025-04-02T13:58:42.3759977Z   KAOS_ACTION: 
handle-success	Checkout code	2025-04-02T13:58:42.3761523Z   KAOS_REF: refs/heads/H220-web-de-resultados
handle-success	Checkout code	2025-04-02T13:58:42.3762845Z   KAOS_MODULE: [Ka0S] kaos
handle-success	Checkout code	2025-04-02T13:58:42.3763985Z   KAOS_PATH_RESUME: core/results/k/
handle-success	Checkout code	2025-04-02T13:58:42.3765192Z   KAOS_JSON: core/results/event_data_
handle-success	Checkout code	2025-04-02T13:58:42.3766382Z   KAOS_ACTOR: Daniel-NS10
handle-success	Checkout code	2025-04-02T13:58:42.3767363Z ##[endgroup]
handle-success	Checkout code	2025-04-02T13:58:42.5422630Z Syncing repository: Ka0s-Klaus/ka0s
handle-success	Checkout code	2025-04-02T13:58:42.5426233Z ##[group]Getting Git version info
handle-success	Checkout code	2025-04-02T13:58:42.5427871Z Working directory is '/actions-runner/_work/ka0s/ka0s'
handle-success	Checkout code	2025-04-02T13:58:42.5432434Z [command]/usr/bin/git version
handle-success	Checkout code	2025-04-02T13:58:42.5435248Z git version 2.48.1
handle-success	Checkout code	2025-04-02T13:58:42.5441905Z ##[endgroup]
handle-success	Checkout code	2025-04-02T13:58:42.5452896Z Copying '/home/kaos/.gitconfig' to '/actions-runner/_work/_temp/f6ee957a-d4dc-49f8-bfaa-28136c978ba8/.gitconfig'
handle-success	Checkout code	2025-04-02T13:58:42.5466097Z Temporarily overriding HOME='/actions-runner/_work/_temp/f6ee957a-d4dc-49f8-bfaa-28136c978ba8' before making global git config changes
handle-success	Checkout code	2025-04-02T13:58:42.5470416Z Adding repository directory to the temporary git global config as a safe directory
handle-success	Checkout code	2025-04-02T13:58:42.5486493Z [command]/usr/bin/git config --global --add safe.directory /actions-runner/_work/ka0s/ka0s
handle-success	Checkout code	2025-04-02T13:58:42.5544014Z [command]/usr/bin/git config --local --get remote.origin.url
handle-success	Checkout code	2025-04-02T13:58:42.5575888Z https://github.com/Ka0s-Klaus/ka0s
handle-success	Checkout code	2025-04-02T13:58:42.5602821Z ##[group]Removing previously created refs, to avoid conflicts
handle-success	Checkout code	2025-04-02T13:58:42.5609017Z [command]/usr/bin/git rev-parse --symbolic-full-name --verify --quiet HEAD
handle-success	Checkout code	2025-04-02T13:58:42.5640678Z refs/heads/H220-web-de-resultados
handle-success	Checkout code	2025-04-02T13:58:42.5655741Z [command]/usr/bin/git checkout --detach
handle-success	Checkout code	2025-04-02T13:58:42.5813200Z HEAD is now at 3e5ef13 [Ka0S] Uploading resume execution files to the repository...
handle-success	Checkout code	2025-04-02T13:58:42.5887671Z [command]/usr/bin/git branch --delete --force H220-web-de-resultados
handle-success	Checkout code	2025-04-02T13:58:42.5934865Z Deleted branch H220-web-de-resultados (was 3e5ef13).
handle-success	Checkout code	2025-04-02T13:58:42.6017812Z ##[endgroup]
handle-success	Checkout code	2025-04-02T13:58:42.6038990Z [command]/usr/bin/git submodule status
handle-success	Checkout code	2025-04-02T13:58:42.6407929Z ##[group]Cleaning the repository
handle-success	Checkout code	2025-04-02T13:58:42.6413928Z [command]/usr/bin/git clean -ffdx
handle-success	Checkout code	2025-04-02T13:58:42.6476090Z Removing core/outputs/j/jsonlint-results-14221488598.txt
handle-success	Checkout code	2025-04-02T13:58:42.6490925Z [command]/usr/bin/git reset --hard HEAD
handle-success	Checkout code	2025-04-02T13:58:42.6676318Z HEAD is now at 3e5ef13 [Ka0S] Uploading resume execution files to the repository...
handle-success	Checkout code	2025-04-02T13:58:42.6688517Z ##[endgroup]
handle-success	Checkout code	2025-04-02T13:58:42.6692527Z ##[group]Disabling automatic garbage collection
handle-success	Checkout code	2025-04-02T13:58:42.6694187Z [command]/usr/bin/git config --local gc.auto 0
handle-success	Checkout code	2025-04-02T13:58:42.6753825Z ##[endgroup]
handle-success	Checkout code	2025-04-02T13:58:42.6755541Z ##[group]Setting up auth
handle-success	Checkout code	2025-04-02T13:58:42.6760974Z [command]/usr/bin/git config --local --name-only --get-regexp core\.sshCommand
handle-success	Checkout code	2025-04-02T13:58:42.6808591Z [command]/usr/bin/git submodule foreach --recursive sh -c "git config --local --name-only --get-regexp 'core\.sshCommand' && git config --local --unset-all 'core.sshCommand' || :"
handle-success	Checkout code	2025-04-02T13:58:42.7194826Z [command]/usr/bin/git config --local --name-only --get-regexp http\.https\:\/\/github\.com\/\.extraheader
handle-success	Checkout code	2025-04-02T13:58:42.7239059Z [command]/usr/bin/git submodule foreach --recursive sh -c "git config --local --name-only --get-regexp 'http\.https\:\/\/github\.com\/\.extraheader' && git config --local --unset-all 'http.https://github.com/.extraheader' || :"
handle-success	Checkout code	2025-04-02T13:58:42.7630641Z [command]/usr/bin/git config --local http.https://github.com/.extraheader AUTHORIZATION: basic ***
handle-success	Checkout code	2025-04-02T13:58:42.7697301Z ##[endgroup]
handle-success	Checkout code	2025-04-02T13:58:42.7699668Z ##[group]Fetching the repository
handle-success	Checkout code	2025-04-02T13:58:42.7706626Z [command]/usr/bin/git -c protocol.version=2 fetch --prune --no-recurse-submodules origin +refs/heads/*:refs/remotes/origin/* +refs/tags/*:refs/tags/*
handle-success	Checkout code	2025-04-02T13:58:43.7052455Z [command]/usr/bin/git branch --list --remote origin/H220-web-de-resultados
handle-success	Checkout code	2025-04-02T13:58:43.7095751Z   origin/H220-web-de-resultados
handle-success	Checkout code	2025-04-02T13:58:43.7110239Z [command]/usr/bin/git rev-parse refs/remotes/origin/H220-web-de-resultados
handle-success	Checkout code	2025-04-02T13:58:43.7158708Z 3e5ef134721b5d40e8c4ff94e75dd06a8ec26c79
handle-success	Checkout code	2025-04-02T13:58:43.7180252Z [command]/usr/bin/git -c protocol.version=2 fetch --no-tags --prune --no-recurse-submodules origin +1a61dab85fc001a477362aaab637cb6ed979a090:refs/remotes/origin/H220-web-de-resultados
handle-success	Checkout code	2025-04-02T13:58:44.4760233Z From https://github.com/Ka0s-Klaus/ka0s
handle-success	Checkout code	2025-04-02T13:58:44.4761756Z  + 3e5ef13...1a61dab 1a61dab85fc001a477362aaab637cb6ed979a090 -> origin/H220-web-de-resultados  (forced update)
handle-success	Checkout code	2025-04-02T13:58:44.4854662Z ##[endgroup]
handle-success	Checkout code	2025-04-02T13:58:44.4855760Z ##[group]Determining the checkout info
handle-success	Checkout code	2025-04-02T13:58:44.4857669Z ##[endgroup]
handle-success	Checkout code	2025-04-02T13:58:44.4862967Z [command]/usr/bin/git sparse-checkout disable
handle-success	Checkout code	2025-04-02T13:58:44.4943257Z [command]/usr/bin/git config --local --unset-all extensions.worktreeConfig
handle-success	Checkout code	2025-04-02T13:58:44.5002938Z ##[group]Checking out the ref
handle-success	Checkout code	2025-04-02T13:58:44.5011926Z [command]/usr/bin/git checkout --progress --force -B H220-web-de-resultados refs/remotes/origin/H220-web-de-resultados
handle-success	Checkout code	2025-04-02T13:58:44.5199658Z Warning: you are leaving 1 commit behind, not connected to
handle-success	Checkout code	2025-04-02T13:58:44.5201168Z any of your branches:
handle-success	Checkout code	2025-04-02T13:58:44.5201460Z 
handle-success	Checkout code	2025-04-02T13:58:44.5201821Z   3e5ef13 [Ka0S] Uploading resume execution files to the repository...
handle-success	Checkout code	2025-04-02T13:58:44.5202221Z 
handle-success	Checkout code	2025-04-02T13:58:44.5202510Z If you want to keep it by creating a new branch, this may be a good time
handle-success	Checkout code	2025-04-02T13:58:44.5203021Z to do so with:
handle-success	Checkout code	2025-04-02T13:58:44.5203205Z 
handle-success	Checkout code	2025-04-02T13:58:44.5203405Z  git branch <new-branch-name> 3e5ef13
handle-success	Checkout code	2025-04-02T13:58:44.5203675Z 
handle-success	Checkout code	2025-04-02T13:58:44.5214197Z Switched to a new branch 'H220-web-de-resultados'
handle-success	Checkout code	2025-04-02T13:58:44.5221103Z branch 'H220-web-de-resultados' set up to track 'origin/H220-web-de-resultados'.
handle-success	Checkout code	2025-04-02T13:58:44.5229985Z ##[endgroup]
handle-success	Checkout code	2025-04-02T13:58:44.5299348Z [command]/usr/bin/git log -1 --format=%H
handle-success	Checkout code	2025-04-02T13:58:44.5348037Z 1a61dab85fc001a477362aaab637cb6ed979a090
handle-success	handle-success-execution	ï»¿2025-04-02T13:58:44.5692944Z ##[group]Run # Si todo ha ido correcto aÃ±adimos el contenido del fichero 
handle-success	handle-success-execution	2025-04-02T13:58:44.5693815Z [36;1m# Si todo ha ido correcto aÃ±adimos el contenido del fichero [0m
handle-success	handle-success-execution	2025-04-02T13:58:44.5694496Z [36;1mRNNUMBER=$(echo "refs/heads/H220-web-de-resultados" | grep -o '[0-9]*')[0m
handle-success	handle-success-execution	2025-04-02T13:58:44.5695948Z [36;1mgh issue comment $RNNUMBER --body "El proceso ha finalizado correctamente 14221470395. El resultado estÃ¡ en el fichero core/results/event_data14221470395.log"[0m
handle-success	handle-success-execution	2025-04-02T13:58:44.5711413Z shell: /usr/bin/bash -e {0}
handle-success	handle-success-execution	2025-04-02T13:58:44.5711836Z env:
handle-success	handle-success-execution	2025-04-02T13:58:44.5712126Z   KAOS_CODE: 14221470395
handle-success	handle-success-execution	2025-04-02T13:58:44.5712452Z   KAOS_EVENT_NAME: push
handle-success	handle-success-execution	2025-04-02T13:58:44.5712766Z   KAOS_ACTION: 
handle-success	handle-success-execution	2025-04-02T13:58:44.5713089Z   KAOS_REF: refs/heads/H220-web-de-resultados
handle-success	handle-success-execution	2025-04-02T13:58:44.5713490Z   KAOS_MODULE: [Ka0S] kaos
handle-success	handle-success-execution	2025-04-02T13:58:44.5713834Z   KAOS_PATH_RESUME: core/results/k/
handle-success	handle-success-execution	2025-04-02T13:58:44.5714209Z   KAOS_JSON: core/results/event_data_
handle-success	handle-success-execution	2025-04-02T13:58:44.5714582Z   KAOS_ACTOR: Daniel-NS10
handle-success	handle-success-execution	2025-04-02T13:58:44.5715320Z   GH_TOKEN: ***
handle-success	handle-success-execution	2025-04-02T13:58:44.5715612Z ##[endgroup]
handle-success	handle-success-execution	2025-04-02T13:58:46.1046083Z https://github.com/Ka0s-Klaus/ka0s/issues/220#issuecomment-2772655454
handle-success	Post Checkout code	ï»¿2025-04-02T13:58:46.1445689Z Post job cleanup.
handle-success	Post Checkout code	2025-04-02T13:58:46.2790104Z [command]/usr/bin/git version
handle-success	Post Checkout code	2025-04-02T13:58:46.2840375Z git version 2.48.1
handle-success	Post Checkout code	2025-04-02T13:58:46.2896067Z Copying '/home/kaos/.gitconfig' to '/actions-runner/_work/_temp/a53b10ab-8381-4d6c-9128-dfc36b9dde05/.gitconfig'
handle-success	Post Checkout code	2025-04-02T13:58:46.2915447Z Temporarily overriding HOME='/actions-runner/_work/_temp/a53b10ab-8381-4d6c-9128-dfc36b9dde05' before making global git config changes
handle-success	Post Checkout code	2025-04-02T13:58:46.2916554Z Adding repository directory to the temporary git global config as a safe directory
handle-success	Post Checkout code	2025-04-02T13:58:46.2923325Z [command]/usr/bin/git config --global --add safe.directory /actions-runner/_work/ka0s/ka0s
handle-success	Post Checkout code	2025-04-02T13:58:46.2980209Z [command]/usr/bin/git config --local --name-only --get-regexp core\.sshCommand
handle-success	Post Checkout code	2025-04-02T13:58:46.3039473Z [command]/usr/bin/git submodule foreach --recursive sh -c "git config --local --name-only --get-regexp 'core\.sshCommand' && git config --local --unset-all 'core.sshCommand' || :"
handle-success	Post Checkout code	2025-04-02T13:58:46.3465364Z [command]/usr/bin/git config --local --name-only --get-regexp http\.https\:\/\/github\.com\/\.extraheader
handle-success	Post Checkout code	2025-04-02T13:58:46.3502841Z http.https://github.com/.extraheader
handle-success	Post Checkout code	2025-04-02T13:58:46.3520942Z [command]/usr/bin/git config --local --unset-all http.https://github.com/.extraheader
handle-success	Post Checkout code	2025-04-02T13:58:46.3575348Z [command]/usr/bin/git submodule foreach --recursive sh -c "git config --local --name-only --get-regexp 'http\.https\:\/\/github\.com\/\.extraheader' && git config --local --unset-all 'http.https://github.com/.extraheader' || :"
handle-success	Complete job	ï»¿2025-04-02T13:58:46.4152899Z Cleaning up orphan processes
end-workflow	Set up job	ï»¿2025-04-02T14:01:41.5733411Z Current runner version: '2.323.0'
end-workflow	Set up job	2025-04-02T14:01:41.5741634Z Runner name: 'ka0s-1'
end-workflow	Set up job	2025-04-02T14:01:41.5742655Z Machine name: '419612ea1a87'
end-workflow	Set up job	2025-04-02T14:01:41.5745470Z ##[group]GITHUB_TOKEN Permissions
end-workflow	Set up job	2025-04-02T14:01:41.5748222Z Contents: read
end-workflow	Set up job	2025-04-02T14:01:41.5748828Z Metadata: read
end-workflow	Set up job	2025-04-02T14:01:41.5749371Z Packages: read
end-workflow	Set up job	2025-04-02T14:01:41.5749894Z ##[endgroup]
end-workflow	Set up job	2025-04-02T14:01:41.5752945Z Secret source: Actions
end-workflow	Set up job	2025-04-02T14:01:41.5753777Z Prepare workflow directory
end-workflow	Set up job	2025-04-02T14:01:41.6595373Z Prepare all required actions
end-workflow	Set up job	2025-04-02T14:01:41.6648241Z Getting action download info
end-workflow	Set up job	2025-04-02T14:01:42.5018610Z Download action repository 'actions/checkout@v4' (SHA:11bd71901bbe5b1630ceea73d27597364c9af683)
end-workflow	Set up job	2025-04-02T14:01:45.6140807Z Complete job name: end-workflow
end-workflow	Checkout code	ï»¿2025-04-02T14:01:45.6914475Z ##[group]Run actions/checkout@v4
end-workflow	Checkout code	2025-04-02T14:01:45.6916411Z with:
end-workflow	Checkout code	2025-04-02T14:01:45.6917331Z   fetch-depth: 0
end-workflow	Checkout code	2025-04-02T14:01:45.6918932Z   token: ***
end-workflow	Checkout code	2025-04-02T14:01:45.6920353Z   repository: Ka0s-Klaus/ka0s
end-workflow	Checkout code	2025-04-02T14:01:45.6921686Z   ssh-strict: true
end-workflow	Checkout code	2025-04-02T14:01:45.6922687Z   ssh-user: git
end-workflow	Checkout code	2025-04-02T14:01:45.6923715Z   persist-credentials: true
end-workflow	Checkout code	2025-04-02T14:01:45.6924880Z   clean: true
end-workflow	Checkout code	2025-04-02T14:01:45.6925963Z   sparse-checkout-cone-mode: true
end-workflow	Checkout code	2025-04-02T14:01:45.6927281Z   fetch-tags: false
end-workflow	Checkout code	2025-04-02T14:01:45.6928473Z   show-progress: true
end-workflow	Checkout code	2025-04-02T14:01:45.6929529Z   lfs: false
end-workflow	Checkout code	2025-04-02T14:01:45.6930801Z   submodules: false
end-workflow	Checkout code	2025-04-02T14:01:45.6931890Z   set-safe-directory: true
end-workflow	Checkout code	2025-04-02T14:01:45.6933505Z env:
end-workflow	Checkout code	2025-04-02T14:01:45.6934432Z   KAOS_CODE: 14221470395
end-workflow	Checkout code	2025-04-02T14:01:45.6935558Z   KAOS_EVENT_NAME: push
end-workflow	Checkout code	2025-04-02T14:01:45.6936659Z   KAOS_ACTION: 
end-workflow	Checkout code	2025-04-02T14:01:45.6937804Z   KAOS_REF: refs/heads/H220-web-de-resultados
end-workflow	Checkout code	2025-04-02T14:01:45.6939271Z   KAOS_MODULE: [Ka0S] kaos
end-workflow	Checkout code	2025-04-02T14:01:45.6940774Z   KAOS_PATH_RESUME: core/results/k/
end-workflow	Checkout code	2025-04-02T14:01:45.6942137Z   KAOS_JSON: core/results/event_data_
end-workflow	Checkout code	2025-04-02T14:01:45.6943466Z   KAOS_ACTOR: Daniel-NS10
end-workflow	Checkout code	2025-04-02T14:01:45.6945083Z   GH_TOKEN: ***
end-workflow	Checkout code	2025-04-02T14:01:45.6946049Z ##[endgroup]
end-workflow	Checkout code	2025-04-02T14:01:45.8601934Z Syncing repository: Ka0s-Klaus/ka0s
end-workflow	Checkout code	2025-04-02T14:01:45.8605756Z ##[group]Getting Git version info
end-workflow	Checkout code	2025-04-02T14:01:45.8607465Z Working directory is '/actions-runner/_work/ka0s/ka0s'
end-workflow	Checkout code	2025-04-02T14:01:45.8609845Z [command]/usr/bin/git version
end-workflow	Checkout code	2025-04-02T14:01:45.8613263Z git version 2.48.1
end-workflow	Checkout code	2025-04-02T14:01:45.8617782Z ##[endgroup]
end-workflow	Checkout code	2025-04-02T14:01:45.8627440Z Copying '/home/kaos/.gitconfig' to '/actions-runner/_work/_temp/8a203228-c2a1-446c-914f-428639cef2a9/.gitconfig'
end-workflow	Checkout code	2025-04-02T14:01:45.8640361Z Temporarily overriding HOME='/actions-runner/_work/_temp/8a203228-c2a1-446c-914f-428639cef2a9' before making global git config changes
end-workflow	Checkout code	2025-04-02T14:01:45.8645433Z Adding repository directory to the temporary git global config as a safe directory
end-workflow	Checkout code	2025-04-02T14:01:45.8651916Z [command]/usr/bin/git config --global --add safe.directory /actions-runner/_work/ka0s/ka0s
end-workflow	Checkout code	2025-04-02T14:01:45.8712427Z [command]/usr/bin/git config --local --get remote.origin.url
end-workflow	Checkout code	2025-04-02T14:01:45.8744992Z https://github.com/Ka0s-Klaus/ka0s
end-workflow	Checkout code	2025-04-02T14:01:45.8772173Z ##[group]Removing previously created refs, to avoid conflicts
end-workflow	Checkout code	2025-04-02T14:01:45.8777919Z [command]/usr/bin/git rev-parse --symbolic-full-name --verify --quiet HEAD
end-workflow	Checkout code	2025-04-02T14:01:45.8811048Z refs/heads/H220-web-de-resultados
end-workflow	Checkout code	2025-04-02T14:01:45.8825724Z [command]/usr/bin/git checkout --detach
end-workflow	Checkout code	2025-04-02T14:01:45.8950436Z HEAD is now at 3e5ef13 [Ka0S] Uploading resume execution files to the repository...
end-workflow	Checkout code	2025-04-02T14:01:45.9021356Z [command]/usr/bin/git branch --delete --force H220-web-de-resultados
end-workflow	Checkout code	2025-04-02T14:01:45.9069200Z Deleted branch H220-web-de-resultados (was 3e5ef13).
end-workflow	Checkout code	2025-04-02T14:01:45.9156957Z ##[endgroup]
end-workflow	Checkout code	2025-04-02T14:01:45.9160316Z [command]/usr/bin/git submodule status
end-workflow	Checkout code	2025-04-02T14:01:45.9558911Z ##[group]Cleaning the repository
end-workflow	Checkout code	2025-04-02T14:01:45.9564257Z [command]/usr/bin/git clean -ffdx
end-workflow	Checkout code	2025-04-02T14:01:45.9646107Z [command]/usr/bin/git reset --hard HEAD
end-workflow	Checkout code	2025-04-02T14:01:45.9837007Z HEAD is now at 3e5ef13 [Ka0S] Uploading resume execution files to the repository...
end-workflow	Checkout code	2025-04-02T14:01:45.9851443Z ##[endgroup]
end-workflow	Checkout code	2025-04-02T14:01:45.9854558Z ##[group]Disabling automatic garbage collection
end-workflow	Checkout code	2025-04-02T14:01:45.9857444Z [command]/usr/bin/git config --local gc.auto 0
end-workflow	Checkout code	2025-04-02T14:01:45.9909609Z ##[endgroup]
end-workflow	Checkout code	2025-04-02T14:01:45.9912639Z ##[group]Setting up auth
end-workflow	Checkout code	2025-04-02T14:01:45.9920855Z [command]/usr/bin/git config --local --name-only --get-regexp core\.sshCommand
end-workflow	Checkout code	2025-04-02T14:01:45.9994583Z [command]/usr/bin/git submodule foreach --recursive sh -c "git config --local --name-only --get-regexp 'core\.sshCommand' && git config --local --unset-all 'core.sshCommand' || :"
end-workflow	Checkout code	2025-04-02T14:01:46.0484752Z [command]/usr/bin/git config --local --name-only --get-regexp http\.https\:\/\/github\.com\/\.extraheader
end-workflow	Checkout code	2025-04-02T14:01:46.0554992Z [command]/usr/bin/git submodule foreach --recursive sh -c "git config --local --name-only --get-regexp 'http\.https\:\/\/github\.com\/\.extraheader' && git config --local --unset-all 'http.https://github.com/.extraheader' || :"
end-workflow	Checkout code	2025-04-02T14:01:46.1020909Z [command]/usr/bin/git config --local http.https://github.com/.extraheader AUTHORIZATION: basic ***
end-workflow	Checkout code	2025-04-02T14:01:46.1079689Z ##[endgroup]
end-workflow	Checkout code	2025-04-02T14:01:46.1081840Z ##[group]Fetching the repository
end-workflow	Checkout code	2025-04-02T14:01:46.1091830Z [command]/usr/bin/git -c protocol.version=2 fetch --prune --no-recurse-submodules origin +refs/heads/*:refs/remotes/origin/* +refs/tags/*:refs/tags/*
end-workflow	Checkout code	2025-04-02T14:01:47.5392446Z From https://github.com/Ka0s-Klaus/ka0s
end-workflow	Checkout code	2025-04-02T14:01:47.5394122Z    d4a4843..2ec83ab  main       -> origin/main
end-workflow	Checkout code	2025-04-02T14:01:47.5471627Z [command]/usr/bin/git branch --list --remote origin/H220-web-de-resultados
end-workflow	Checkout code	2025-04-02T14:01:47.5518471Z   origin/H220-web-de-resultados
end-workflow	Checkout code	2025-04-02T14:01:47.5533595Z [command]/usr/bin/git rev-parse refs/remotes/origin/H220-web-de-resultados
end-workflow	Checkout code	2025-04-02T14:01:47.5570311Z 3e5ef134721b5d40e8c4ff94e75dd06a8ec26c79
end-workflow	Checkout code	2025-04-02T14:01:47.5586932Z [command]/usr/bin/git -c protocol.version=2 fetch --no-tags --prune --no-recurse-submodules origin +1a61dab85fc001a477362aaab637cb6ed979a090:refs/remotes/origin/H220-web-de-resultados
end-workflow	Checkout code	2025-04-02T14:01:48.3378022Z From https://github.com/Ka0s-Klaus/ka0s
end-workflow	Checkout code	2025-04-02T14:01:48.3380908Z  + 3e5ef13...1a61dab 1a61dab85fc001a477362aaab637cb6ed979a090 -> origin/H220-web-de-resultados  (forced update)
end-workflow	Checkout code	2025-04-02T14:01:48.3457547Z ##[endgroup]
end-workflow	Checkout code	2025-04-02T14:01:48.3458661Z ##[group]Determining the checkout info
end-workflow	Checkout code	2025-04-02T14:01:48.3462508Z ##[endgroup]
end-workflow	Checkout code	2025-04-02T14:01:48.3466664Z [command]/usr/bin/git sparse-checkout disable
end-workflow	Checkout code	2025-04-02T14:01:48.3547339Z [command]/usr/bin/git config --local --unset-all extensions.worktreeConfig
end-workflow	Checkout code	2025-04-02T14:01:48.3593494Z ##[group]Checking out the ref
end-workflow	Checkout code	2025-04-02T14:01:48.3599163Z [command]/usr/bin/git checkout --progress --force -B H220-web-de-resultados refs/remotes/origin/H220-web-de-resultados
end-workflow	Checkout code	2025-04-02T14:01:48.3802589Z Warning: you are leaving 1 commit behind, not connected to
end-workflow	Checkout code	2025-04-02T14:01:48.3804706Z any of your branches:
end-workflow	Checkout code	2025-04-02T14:01:48.3805465Z 
end-workflow	Checkout code	2025-04-02T14:01:48.3806520Z   3e5ef13 [Ka0S] Uploading resume execution files to the repository...
end-workflow	Checkout code	2025-04-02T14:01:48.3807839Z 
end-workflow	Checkout code	2025-04-02T14:01:48.3808565Z If you want to keep it by creating a new branch, this may be a good time
end-workflow	Checkout code	2025-04-02T14:01:48.3810271Z to do so with:
end-workflow	Checkout code	2025-04-02T14:01:48.3810912Z 
end-workflow	Checkout code	2025-04-02T14:01:48.3811628Z  git branch <new-branch-name> 3e5ef13
end-workflow	Checkout code	2025-04-02T14:01:48.3812398Z 
end-workflow	Checkout code	2025-04-02T14:01:48.3818121Z Switched to a new branch 'H220-web-de-resultados'
end-workflow	Checkout code	2025-04-02T14:01:48.3823927Z branch 'H220-web-de-resultados' set up to track 'origin/H220-web-de-resultados'.
end-workflow	Checkout code	2025-04-02T14:01:48.3833981Z ##[endgroup]
end-workflow	Checkout code	2025-04-02T14:01:48.3894700Z [command]/usr/bin/git log -1 --format=%H
end-workflow	Checkout code	2025-04-02T14:01:48.3935875Z 1a61dab85fc001a477362aaab637cb6ed979a090
end-workflow	Finaliza el workflow	ï»¿2025-04-02T14:01:48.4438623Z ##[group]Run echo "End process"
end-workflow	Finaliza el workflow	2025-04-02T14:01:48.4439609Z [36;1mecho "End process"[0m
end-workflow	Finaliza el workflow	2025-04-02T14:01:48.4440876Z [36;1mRNNUMBER=$(echo "refs/heads/H220-web-de-resultados" | grep -o '[0-9]*')[0m
end-workflow	Finaliza el workflow	2025-04-02T14:01:48.4442595Z [36;1mgh issue comment $RNNUMBER --body "Se finaliza Ka0s 14221470395"[0m
end-workflow	Finaliza el workflow	2025-04-02T14:01:48.4444097Z [36;1mgh workflow run inspector.yml --ref 'main' -f kaos-issue-id=$RNNUMBER -f kaos-workflow-id="14221470395" -f kaos-user-start=""[0m
end-workflow	Finaliza el workflow	2025-04-02T14:01:48.4466388Z shell: /usr/bin/bash -e {0}
end-workflow	Finaliza el workflow	2025-04-02T14:01:48.4467151Z env:
end-workflow	Finaliza el workflow	2025-04-02T14:01:48.4467609Z   KAOS_CODE: 14221470395
end-workflow	Finaliza el workflow	2025-04-02T14:01:48.4468147Z   KAOS_EVENT_NAME: push
end-workflow	Finaliza el workflow	2025-04-02T14:01:48.4468653Z   KAOS_ACTION: 
end-workflow	Finaliza el workflow	2025-04-02T14:01:48.4469209Z   KAOS_REF: refs/heads/H220-web-de-resultados
end-workflow	Finaliza el workflow	2025-04-02T14:01:48.4470271Z   KAOS_MODULE: [Ka0S] kaos
end-workflow	Finaliza el workflow	2025-04-02T14:01:48.4470834Z   KAOS_PATH_RESUME: core/results/k/
end-workflow	Finaliza el workflow	2025-04-02T14:01:48.4471466Z   KAOS_JSON: core/results/event_data_
end-workflow	Finaliza el workflow	2025-04-02T14:01:48.4472053Z   KAOS_ACTOR: Daniel-NS10
end-workflow	Finaliza el workflow	2025-04-02T14:01:48.4473128Z   GH_TOKEN: ***
end-workflow	Finaliza el workflow	2025-04-02T14:01:48.4473622Z ##[endgroup]
end-workflow	Finaliza el workflow	2025-04-02T14:01:48.4599355Z End process
end-workflow	Finaliza el workflow	2025-04-02T14:01:50.4271244Z https://github.com/Ka0s-Klaus/ka0s/issues/220#issuecomment-2772664860
end-workflow	Post Checkout code	ï»¿2025-04-02T14:01:51.6857980Z Post job cleanup.
end-workflow	Post Checkout code	2025-04-02T14:01:51.8159580Z [command]/usr/bin/git version
end-workflow	Post Checkout code	2025-04-02T14:01:51.8209198Z git version 2.48.1
end-workflow	Post Checkout code	2025-04-02T14:01:51.8264539Z Copying '/home/kaos/.gitconfig' to '/actions-runner/_work/_temp/195c61c2-9958-4620-b118-f149cd8c4770/.gitconfig'
end-workflow	Post Checkout code	2025-04-02T14:01:51.8281584Z Temporarily overriding HOME='/actions-runner/_work/_temp/195c61c2-9958-4620-b118-f149cd8c4770' before making global git config changes
end-workflow	Post Checkout code	2025-04-02T14:01:51.8282731Z Adding repository directory to the temporary git global config as a safe directory
end-workflow	Post Checkout code	2025-04-02T14:01:51.8289569Z [command]/usr/bin/git config --global --add safe.directory /actions-runner/_work/ka0s/ka0s
end-workflow	Post Checkout code	2025-04-02T14:01:51.8344774Z [command]/usr/bin/git config --local --name-only --get-regexp core\.sshCommand
end-workflow	Post Checkout code	2025-04-02T14:01:51.8397425Z [command]/usr/bin/git submodule foreach --recursive sh -c "git config --local --name-only --get-regexp 'core\.sshCommand' && git config --local --unset-all 'core.sshCommand' || :"
end-workflow	Post Checkout code	2025-04-02T14:01:51.8790561Z [command]/usr/bin/git config --local --name-only --get-regexp http\.https\:\/\/github\.com\/\.extraheader
end-workflow	Post Checkout code	2025-04-02T14:01:51.8828379Z http.https://github.com/.extraheader
end-workflow	Post Checkout code	2025-04-02T14:01:51.8846836Z [command]/usr/bin/git config --local --unset-all http.https://github.com/.extraheader
end-workflow	Post Checkout code	2025-04-02T14:01:51.8899926Z [command]/usr/bin/git submodule foreach --recursive sh -c "git config --local --name-only --get-regexp 'http\.https\:\/\/github\.com\/\.extraheader' && git config --local --unset-all 'http.https://github.com/.extraheader' || :"
end-workflow	Complete job	ï»¿2025-04-02T14:01:51.9457538Z Cleaning up orphan processes
