job-core	Set up job	ï»¿2025-04-02T13:31:53.5846135Z Current runner version: '2.323.0'
job-core	Set up job	2025-04-02T13:31:53.5856531Z Runner name: 'version-1'
job-core	Set up job	2025-04-02T13:31:53.5857758Z Machine name: 'e28da5fd4805'
job-core	Set up job	2025-04-02T13:31:53.5861408Z ##[group]GITHUB_TOKEN Permissions
job-core	Set up job	2025-04-02T13:31:53.5864264Z Actions: write
job-core	Set up job	2025-04-02T13:31:53.5864834Z Contents: write
job-core	Set up job	2025-04-02T13:31:53.5865354Z Issues: write
job-core	Set up job	2025-04-02T13:31:53.5865868Z Metadata: read
job-core	Set up job	2025-04-02T13:31:53.5866375Z ##[endgroup]
job-core	Set up job	2025-04-02T13:31:53.5869039Z Secret source: Actions
job-core	Set up job	2025-04-02T13:31:53.5869957Z Prepare workflow directory
job-core	Set up job	2025-04-02T13:31:53.6828651Z Prepare all required actions
job-core	Set up job	2025-04-02T13:31:53.6894739Z Getting action download info
job-core	Set up job	2025-04-02T13:31:54.5927175Z Download action repository 'actions/checkout@v4' (SHA:11bd71901bbe5b1630ceea73d27597364c9af683)
job-core	Set up job	2025-04-02T13:31:56.7658731Z Complete job name: job-core
job-core	Checkout code	ï»¿2025-04-02T13:31:56.8291774Z ##[group]Run actions/checkout@v4
job-core	Checkout code	2025-04-02T13:31:56.8292813Z with:
job-core	Checkout code	2025-04-02T13:31:56.8293157Z   fetch-depth: 0
job-core	Checkout code	2025-04-02T13:31:56.8293886Z   token: ***
job-core	Checkout code	2025-04-02T13:31:56.8294309Z   repository: Ka0s-Klaus/ka0s
job-core	Checkout code	2025-04-02T13:31:56.8294686Z   ssh-strict: true
job-core	Checkout code	2025-04-02T13:31:56.8295004Z   ssh-user: git
job-core	Checkout code	2025-04-02T13:31:56.8295336Z   persist-credentials: true
job-core	Checkout code	2025-04-02T13:31:56.8295699Z   clean: true
job-core	Checkout code	2025-04-02T13:31:56.8296028Z   sparse-checkout-cone-mode: true
job-core	Checkout code	2025-04-02T13:31:56.8296422Z   fetch-tags: false
job-core	Checkout code	2025-04-02T13:31:56.8296762Z   show-progress: true
job-core	Checkout code	2025-04-02T13:31:56.8319897Z   lfs: false
job-core	Checkout code	2025-04-02T13:31:56.8320884Z   submodules: false
job-core	Checkout code	2025-04-02T13:31:56.8321227Z   set-safe-directory: true
job-core	Checkout code	2025-04-02T13:31:56.8322408Z env:
job-core	Checkout code	2025-04-02T13:31:56.8322749Z   KAOS_MODULE: [Ka0S] VERSION
job-core	Checkout code	2025-04-02T13:31:56.8323418Z   GH_TOKEN: ***
job-core	Checkout code	2025-04-02T13:31:56.8323761Z   PATH_RESUME: core/config/
job-core	Checkout code	2025-04-02T13:31:56.8324167Z   KAOS_REPO: /actions-runner/_work/kaos/kaos
job-core	Checkout code	2025-04-02T13:31:56.8324597Z   KAOS_STEP_MODULE: 
job-core	Checkout code	2025-04-02T13:31:56.8325003Z   KAOS_CODE: 14220927465
job-core	Checkout code	2025-04-02T13:31:56.8325335Z   GH_VERSION: 
job-core	Checkout code	2025-04-02T13:31:56.8325640Z ##[endgroup]
job-core	Checkout code	2025-04-02T13:31:56.9929829Z Syncing repository: Ka0s-Klaus/ka0s
job-core	Checkout code	2025-04-02T13:31:56.9932426Z ##[group]Getting Git version info
job-core	Checkout code	2025-04-02T13:31:56.9933080Z Working directory is '/actions-runner/_work/ka0s/ka0s'
job-core	Checkout code	2025-04-02T13:31:56.9934037Z [command]/usr/bin/git version
job-core	Checkout code	2025-04-02T13:31:56.9935723Z git version 2.48.1
job-core	Checkout code	2025-04-02T13:31:56.9971790Z ##[endgroup]
job-core	Checkout code	2025-04-02T13:31:56.9986418Z Copying '/home/kaos/.gitconfig' to '/actions-runner/_work/_temp/fce3b649-1adb-4d36-a983-80fd8d8b1d3a/.gitconfig'
job-core	Checkout code	2025-04-02T13:31:57.0003572Z Temporarily overriding HOME='/actions-runner/_work/_temp/fce3b649-1adb-4d36-a983-80fd8d8b1d3a' before making global git config changes
job-core	Checkout code	2025-04-02T13:31:57.0028374Z Adding repository directory to the temporary git global config as a safe directory
job-core	Checkout code	2025-04-02T13:31:57.0030574Z [command]/usr/bin/git config --global --add safe.directory /actions-runner/_work/ka0s/ka0s
job-core	Checkout code	2025-04-02T13:31:57.0085504Z [command]/usr/bin/git config --local --get remote.origin.url
job-core	Checkout code	2025-04-02T13:31:57.0118741Z https://github.com/Ka0s-Klaus/ka0s
job-core	Checkout code	2025-04-02T13:31:57.0147827Z ##[group]Removing previously created refs, to avoid conflicts
job-core	Checkout code	2025-04-02T13:31:57.0152859Z [command]/usr/bin/git rev-parse --symbolic-full-name --verify --quiet HEAD
job-core	Checkout code	2025-04-02T13:31:57.0186202Z HEAD
job-core	Checkout code	2025-04-02T13:31:57.0251622Z ##[endgroup]
job-core	Checkout code	2025-04-02T13:31:57.0256758Z [command]/usr/bin/git submodule status
job-core	Checkout code	2025-04-02T13:31:57.0636258Z ##[group]Cleaning the repository
job-core	Checkout code	2025-04-02T13:31:57.0643572Z [command]/usr/bin/git clean -ffdx
job-core	Checkout code	2025-04-02T13:31:57.0717822Z [command]/usr/bin/git reset --hard HEAD
job-core	Checkout code	2025-04-02T13:31:57.0902313Z HEAD is now at c3d31e4 [Ka0S] VERSION  Upload: CHANGELOG.md, INDEX.md with version 0.0.41
job-core	Checkout code	2025-04-02T13:31:57.0910955Z ##[endgroup]
job-core	Checkout code	2025-04-02T13:31:57.0913063Z ##[group]Disabling automatic garbage collection
job-core	Checkout code	2025-04-02T13:31:57.0921697Z [command]/usr/bin/git config --local gc.auto 0
job-core	Checkout code	2025-04-02T13:31:57.0965978Z ##[endgroup]
job-core	Checkout code	2025-04-02T13:31:57.0967279Z ##[group]Setting up auth
job-core	Checkout code	2025-04-02T13:31:57.0977081Z [command]/usr/bin/git config --local --name-only --get-regexp core\.sshCommand
job-core	Checkout code	2025-04-02T13:31:57.1027977Z [command]/usr/bin/git submodule foreach --recursive sh -c "git config --local --name-only --get-regexp 'core\.sshCommand' && git config --local --unset-all 'core.sshCommand' || :"
job-core	Checkout code	2025-04-02T13:31:57.1421579Z [command]/usr/bin/git config --local --name-only --get-regexp http\.https\:\/\/github\.com\/\.extraheader
job-core	Checkout code	2025-04-02T13:31:57.1488122Z [command]/usr/bin/git submodule foreach --recursive sh -c "git config --local --name-only --get-regexp 'http\.https\:\/\/github\.com\/\.extraheader' && git config --local --unset-all 'http.https://github.com/.extraheader' || :"
job-core	Checkout code	2025-04-02T13:31:57.1900956Z [command]/usr/bin/git config --local http.https://github.com/.extraheader AUTHORIZATION: basic ***
job-core	Checkout code	2025-04-02T13:31:57.1960898Z ##[endgroup]
job-core	Checkout code	2025-04-02T13:31:57.1962027Z ##[group]Fetching the repository
job-core	Checkout code	2025-04-02T13:31:57.1975195Z [command]/usr/bin/git -c protocol.version=2 fetch --prune --no-recurse-submodules origin +refs/heads/*:refs/remotes/origin/* +refs/tags/*:refs/tags/* +5569323d1fa9243dd3e367682ea2c7ce332b1a47:refs/remotes/pull/262/merge
job-core	Checkout code	2025-04-02T13:31:59.1896102Z From https://github.com/Ka0s-Klaus/ka0s
job-core	Checkout code	2025-04-02T13:31:59.1897943Z    c3d31e4..2f755e4  H215-modulo-de-summary                   -> origin/H215-modulo-de-summary
job-core	Checkout code	2025-04-02T13:31:59.1900835Z    999af6b..651f6e9  H220-web-de-resultados                   -> origin/H220-web-de-resultados
job-core	Checkout code	2025-04-02T13:31:59.1903701Z    5fe1e77..d7ab5eb  main                                     -> origin/main
job-core	Checkout code	2025-04-02T13:31:59.1911552Z  * [new ref]         5569323d1fa9243dd3e367682ea2c7ce332b1a47 -> pull/262/merge
job-core	Checkout code	2025-04-02T13:31:59.1978034Z ##[endgroup]
job-core	Checkout code	2025-04-02T13:31:59.1979502Z ##[group]Determining the checkout info
job-core	Checkout code	2025-04-02T13:31:59.1981968Z ##[endgroup]
job-core	Checkout code	2025-04-02T13:31:59.1987505Z [command]/usr/bin/git sparse-checkout disable
job-core	Checkout code	2025-04-02T13:31:59.2072879Z [command]/usr/bin/git config --local --unset-all extensions.worktreeConfig
job-core	Checkout code	2025-04-02T13:31:59.2116508Z ##[group]Checking out the ref
job-core	Checkout code	2025-04-02T13:31:59.2123126Z [command]/usr/bin/git checkout --progress --force refs/remotes/pull/262/merge
job-core	Checkout code	2025-04-02T13:31:59.2424181Z Previous HEAD position was c3d31e4 [Ka0S] VERSION  Upload: CHANGELOG.md, INDEX.md with version 0.0.41
job-core	Checkout code	2025-04-02T13:31:59.2428870Z HEAD is now at 5569323 Merge 2f755e4d1e38d41b480bf63b8ccfccf3b800769c into d7ab5ebfcf479ae6915c47b7feb24d2fb3629ff8
job-core	Checkout code	2025-04-02T13:31:59.2446126Z ##[endgroup]
job-core	Checkout code	2025-04-02T13:31:59.2525537Z [command]/usr/bin/git log -1 --format=%H
job-core	Checkout code	2025-04-02T13:31:59.2570390Z 5569323d1fa9243dd3e367682ea2c7ce332b1a47
job-core	Get commit details	ï»¿2025-04-02T13:31:59.2942740Z ##[group]Run RNNUMBER=$(echo "H215 modulo de summary" | grep -o '[0-9]*')
job-core	Get commit details	2025-04-02T13:31:59.2943613Z [36;1mRNNUMBER=$(echo "H215 modulo de summary" | grep -o '[0-9]*')[0m
job-core	Get commit details	2025-04-02T13:31:59.2944278Z [36;1mgh issue comment $RNNUMBER --body "Se inicia Version 14220927465"[0m
job-core	Get commit details	2025-04-02T13:31:59.2945233Z [36;1mecho "GH_VERSION=$(gh api repos/:owner/:repo/git/matching-refs/tags --jq '.[-1].ref' | sed 's|refs/tags/||')" >> $GITHUB_ENV[0m
job-core	Get commit details	2025-04-02T13:31:59.2946201Z [36;1mecho "AUTHOR_NAME=$(git log -1 --pretty=format:'%an')" >> $GITHUB_OUTPUT[0m
job-core	Get commit details	2025-04-02T13:31:59.2946917Z [36;1mecho "AUTHOR_EMAIL=$(git log -1 --pretty=format:'%ae')" >> $GITHUB_OUTPUT[0m
job-core	Get commit details	2025-04-02T13:31:59.2947620Z [36;1mecho "COMMIT_MESSAGE=H215 modulo de summary" >> $GITHUB_OUTPUT[0m
job-core	Get commit details	2025-04-02T13:31:59.2948742Z [36;1mRNBRANCH=$(echo "H215 modulo de summary" | grep -o '^[A-Za-z]*')[0m
job-core	Get commit details	2025-04-02T13:31:59.2949693Z [36;1mRNNUMBER=$(echo "H215 modulo de summary" | grep -o '[0-9]*')[0m
job-core	Get commit details	2025-04-02T13:31:59.2951024Z [36;1mecho "Extracted RN Branch: $RNBRANCH"[0m
job-core	Get commit details	2025-04-02T13:31:59.2951813Z [36;1mecho "Extracted RN Number: $RNNUMBER"[0m
job-core	Get commit details	2025-04-02T13:31:59.2952539Z [36;1mecho "RNBRANCH=$RNBRANCH" >> $GITHUB_OUTPUT[0m
job-core	Get commit details	2025-04-02T13:31:59.2953409Z [36;1mecho "RNNUMBER=$RNNUMBER" >> $GITHUB_OUTPUT [0m
job-core	Get commit details	2025-04-02T13:31:59.2979343Z shell: /usr/bin/bash -e {0}
job-core	Get commit details	2025-04-02T13:31:59.2980403Z env:
job-core	Get commit details	2025-04-02T13:31:59.2981061Z   KAOS_MODULE: [Ka0S] VERSION
job-core	Get commit details	2025-04-02T13:31:59.2983580Z   GH_TOKEN: ***
job-core	Get commit details	2025-04-02T13:31:59.2984771Z   PATH_RESUME: core/config/
job-core	Get commit details	2025-04-02T13:31:59.2985893Z   KAOS_REPO: /actions-runner/_work/kaos/kaos
job-core	Get commit details	2025-04-02T13:31:59.2987251Z   KAOS_STEP_MODULE: 
job-core	Get commit details	2025-04-02T13:31:59.2987834Z   KAOS_CODE: 14220927465
job-core	Get commit details	2025-04-02T13:31:59.2988912Z   GH_VERSION: 
job-core	Get commit details	2025-04-02T13:31:59.2989412Z ##[endgroup]
job-core	Get commit details	2025-04-02T13:32:00.9560961Z https://github.com/Ka0s-Klaus/ka0s/issues/215#issuecomment-2772578959
job-core	Get commit details	2025-04-02T13:32:01.7461842Z Extracted RN Branch: H
job-core	Get commit details	2025-04-02T13:32:01.7462877Z Extracted RN Number: 215
job-core	Get version	ï»¿2025-04-02T13:32:01.7535243Z ##[group]Run if [ ! -f 0.0.41 ]; then echo "0.0.41" > version.txt; fi
job-core	Get version	2025-04-02T13:32:01.7655491Z [36;1mif [ ! -f 0.0.41 ]; then echo "0.0.41" > version.txt; fi[0m
job-core	Get version	2025-04-02T13:32:01.7656363Z [36;1mVERSION=0.0.41[0m
job-core	Get version	2025-04-02T13:32:01.7656963Z [36;1mIFS='.' read -r MAJOR MINOR PATCH <<< "$VERSION"[0m
job-core	Get version	2025-04-02T13:32:01.7657698Z [36;1mif [[ "H" =~ (H) ]]; then[0m
job-core	Get version	2025-04-02T13:32:01.7658317Z [36;1m  PATCH=$((PATCH + 1))[0m
job-core	Get version	2025-04-02T13:32:01.7658954Z [36;1melif [[ "H" =~ (F) ]]; then[0m
job-core	Get version	2025-04-02T13:32:01.7659476Z [36;1m  MINOR=$((MINOR + 1))[0m
job-core	Get version	2025-04-02T13:32:01.7659959Z [36;1m  PATCH=0[0m
job-core	Get version	2025-04-02T13:32:01.7660735Z [36;1melif [[ "H" =~ (RN) ]]; then[0m
job-core	Get version	2025-04-02T13:32:01.7661250Z [36;1m  MAJOR=$((MAJOR + 1))[0m
job-core	Get version	2025-04-02T13:32:01.7661716Z [36;1m  MINOR=0[0m
job-core	Get version	2025-04-02T13:32:01.7662109Z [36;1m  PATCH=0[0m
job-core	Get version	2025-04-02T13:32:01.7662497Z [36;1mfi[0m
job-core	Get version	2025-04-02T13:32:01.7662851Z [36;1m[0m
job-core	Get version	2025-04-02T13:32:01.7663252Z [36;1mNEW_VERSION="$MAJOR.$MINOR.$PATCH"[0m
job-core	Get version	2025-04-02T13:32:01.7663959Z [36;1mecho "VERSION=$NEW_VERSION" >> $GITHUB_OUTPUT[0m
job-core	Get version	2025-04-02T13:32:01.7664650Z [36;1mecho "GH_VERSION=$NEW_VERSION" >> $GITHUB_ENV[0m
job-core	Get version	2025-04-02T13:32:01.7678515Z shell: /usr/bin/bash -e {0}
job-core	Get version	2025-04-02T13:32:01.7678989Z env:
job-core	Get version	2025-04-02T13:32:01.7679361Z   KAOS_MODULE: [Ka0S] VERSION
job-core	Get version	2025-04-02T13:32:01.7680247Z   GH_TOKEN: ***
job-core	Get version	2025-04-02T13:32:01.7680668Z   PATH_RESUME: core/config/
job-core	Get version	2025-04-02T13:32:01.7681205Z   KAOS_REPO: /actions-runner/_work/kaos/kaos
job-core	Get version	2025-04-02T13:32:01.7681762Z   KAOS_STEP_MODULE: 
job-core	Get version	2025-04-02T13:32:01.7682165Z   KAOS_CODE: 14220927465
job-core	Get version	2025-04-02T13:32:01.7682613Z   GH_VERSION: 0.0.41
job-core	Get version	2025-04-02T13:32:01.7683012Z ##[endgroup]
job-core	Get changed files	ï»¿2025-04-02T13:32:01.7769480Z ##[group]Run CHANGED_FILES=$(git diff --name-only HEAD~1 | tr '\n' ' ')
job-core	Get changed files	2025-04-02T13:32:01.7770322Z [36;1mCHANGED_FILES=$(git diff --name-only HEAD~1 | tr '\n' ' ')[0m
job-core	Get changed files	2025-04-02T13:32:01.7770923Z [36;1mecho "CHANGED_FILES=$CHANGED_FILES" >> $GITHUB_OUTPUT[0m
job-core	Get changed files	2025-04-02T13:32:01.7781010Z shell: /usr/bin/bash -e {0}
job-core	Get changed files	2025-04-02T13:32:01.7781357Z env:
job-core	Get changed files	2025-04-02T13:32:01.7781621Z   KAOS_MODULE: [Ka0S] VERSION
job-core	Get changed files	2025-04-02T13:32:01.7782214Z   GH_TOKEN: ***
job-core	Get changed files	2025-04-02T13:32:01.7782509Z   PATH_RESUME: core/config/
job-core	Get changed files	2025-04-02T13:32:01.7782877Z   KAOS_REPO: /actions-runner/_work/kaos/kaos
job-core	Get changed files	2025-04-02T13:32:01.7783266Z   KAOS_STEP_MODULE: 
job-core	Get changed files	2025-04-02T13:32:01.7783564Z   KAOS_CODE: 14220927465
job-core	Get changed files	2025-04-02T13:32:01.7783868Z   GH_VERSION: 0.0.42
job-core	Get changed files	2025-04-02T13:32:01.7784167Z ##[endgroup]
job-core	Update changelog	ï»¿2025-04-02T13:32:01.8059822Z ##[group]Run echo "## Version 0.0.42" >> CHANGELOG.md
job-core	Update changelog	2025-04-02T13:32:01.8061020Z [36;1mecho "## Version 0.0.42" >> CHANGELOG.md[0m
job-core	Update changelog	2025-04-02T13:32:01.8073023Z [36;1mecho "- **Branch**: refs/pull/262/merge" >> CHANGELOG.md[0m
job-core	Update changelog	2025-04-02T13:32:01.8074233Z [36;1mecho "- **Commit**: $(git log -1 --pretty=format:'%s' 2f755e4d1e38d41b480bf63b8ccfccf3b800769c)" >> CHANGELOG.md[0m
job-core	Update changelog	2025-04-02T13:32:01.8075091Z [36;1mecho "- **Author**: Ka0s" >> CHANGELOG.md[0m
job-core	Update changelog	2025-04-02T13:32:01.8075539Z [36;1mecho "- **Date**: $(date -u)" >> CHANGELOG.md[0m
job-core	Update changelog	2025-04-02T13:32:01.8076035Z [36;1mecho "- **Message**: H215 modulo de summary" >> CHANGELOG.md[0m
job-core	Update changelog	2025-04-02T13:32:01.8076538Z [36;1mecho "- **Files Changed**:" >> CHANGELOG.md[0m
job-core	Update changelog	2025-04-02T13:32:01.8078191Z [36;1mfor file in .github/workflows/workflow-stats.yml core/outputs/w/workflows-available-14219099333.json core/outputs/w/workflows-runs-14219099333.json core/results/event_data_14219146011.json core/results/event_data_14220876563.json version.txt ; do echo "  - $file" >> CHANGELOG.md; done[0m
job-core	Update changelog	2025-04-02T13:32:01.8080520Z [36;1mecho "---------------------------------" >> CHANGELOG.md[0m
job-core	Update changelog	2025-04-02T13:32:01.8089874Z shell: /usr/bin/bash -e {0}
job-core	Update changelog	2025-04-02T13:32:01.8090458Z env:
job-core	Update changelog	2025-04-02T13:32:01.8090865Z   KAOS_MODULE: [Ka0S] VERSION
job-core	Update changelog	2025-04-02T13:32:01.8091420Z   GH_TOKEN: ***
job-core	Update changelog	2025-04-02T13:32:01.8091693Z   PATH_RESUME: core/config/
job-core	Update changelog	2025-04-02T13:32:01.8092035Z   KAOS_REPO: /actions-runner/_work/kaos/kaos
job-core	Update changelog	2025-04-02T13:32:01.8092405Z   KAOS_STEP_MODULE: 
job-core	Update changelog	2025-04-02T13:32:01.8092680Z   KAOS_CODE: 14220927465
job-core	Update changelog	2025-04-02T13:32:01.8092958Z   GH_VERSION: 0.0.42
job-core	Update changelog	2025-04-02T13:32:01.8093223Z   VERSION: 0.0.42
job-core	Update changelog	2025-04-02T13:32:01.8094541Z   CHANGE_FILES: .github/workflows/workflow-stats.yml core/outputs/w/workflows-available-14219099333.json core/outputs/w/workflows-runs-14219099333.json core/results/event_data_14219146011.json core/results/event_data_14220876563.json version.txt 
job-core	Update changelog	2025-04-02T13:32:01.8095961Z   NAME: Ka0s
job-core	Update changelog	2025-04-02T13:32:01.8096270Z   EMAIL: ***
job-core	Update changelog	2025-04-02T13:32:01.8096544Z   MESSAGE: H215 modulo de summary
job-core	Update changelog	2025-04-02T13:32:01.8096864Z ##[endgroup]
job-core	Push log, tag and index	ï»¿2025-04-02T13:32:01.8247122Z ##[group]Run git config --global user.name '***'
job-core	Push log, tag and index	2025-04-02T13:32:01.8247712Z [36;1mgit config --global user.name '***'[0m
job-core	Push log, tag and index	2025-04-02T13:32:01.8248206Z [36;1mgit config --global user.email '***'[0m
job-core	Push log, tag and index	2025-04-02T13:32:01.8248695Z [36;1mgit tag -a "0.0.42" -m "[Ka0S] VERSION NEW Ka0S version 0.0.42"[0m
job-core	Push log, tag and index	2025-04-02T13:32:01.8249162Z [36;1mgit push origin "0.0.42"[0m
job-core	Push log, tag and index	2025-04-02T13:32:01.8249618Z [36;1mif [ ! -f INDEX.md ]; then echo "# Version Index" > INDEX.md; fi[0m
job-core	Push log, tag and index	2025-04-02T13:32:01.8250548Z [36;1mecho "- **Version**: 0.0.42 - **Description**: H215 modulo de summary" >> INDEX.md[0m
job-core	Push log, tag and index	2025-04-02T13:32:01.8251225Z [36;1mgit add *[0m
job-core	Push log, tag and index	2025-04-02T13:32:01.8251709Z [36;1mgit commit -m "[Ka0S] VERSION  Upload: CHANGELOG.md, INDEX.md with version 0.0.42"[0m
job-core	Push log, tag and index	2025-04-02T13:32:01.8252332Z [36;1mgit push origin HEAD:H215-modulo-de-summary[0m
job-core	Push log, tag and index	2025-04-02T13:32:01.8262419Z shell: /usr/bin/bash -e {0}
job-core	Push log, tag and index	2025-04-02T13:32:01.8262754Z env:
job-core	Push log, tag and index	2025-04-02T13:32:01.8263015Z   KAOS_MODULE: [Ka0S] VERSION
job-core	Push log, tag and index	2025-04-02T13:32:01.8263600Z   GH_TOKEN: ***
job-core	Push log, tag and index	2025-04-02T13:32:01.8263888Z   PATH_RESUME: core/config/
job-core	Push log, tag and index	2025-04-02T13:32:01.8264246Z   KAOS_REPO: /actions-runner/_work/kaos/kaos
job-core	Push log, tag and index	2025-04-02T13:32:01.8264635Z   KAOS_STEP_MODULE: 
job-core	Push log, tag and index	2025-04-02T13:32:01.8264962Z   KAOS_CODE: 14220927465
job-core	Push log, tag and index	2025-04-02T13:32:01.8265257Z   GH_VERSION: 0.0.42
job-core	Push log, tag and index	2025-04-02T13:32:01.8265828Z   USER_NAME: ***
job-core	Push log, tag and index	2025-04-02T13:32:01.8266186Z   USER_EMAIL: ***
job-core	Push log, tag and index	2025-04-02T13:32:01.8266753Z ##[endgroup]
job-core	Push log, tag and index	2025-04-02T13:32:03.0379947Z To https://github.com/Ka0s-Klaus/ka0s
job-core	Push log, tag and index	2025-04-02T13:32:03.0383265Z  * [new tag]         0.0.42 -> 0.0.42
job-core	Push log, tag and index	2025-04-02T13:32:03.1065559Z [detached HEAD e1145e8] [Ka0S] VERSION  Upload: CHANGELOG.md, INDEX.md with version 0.0.42
job-core	Push log, tag and index	2025-04-02T13:32:03.1067976Z  3 files changed, 16 insertions(+), 1 deletion(-)
job-core	Push log, tag and index	2025-04-02T13:32:04.2884022Z To https://github.com/Ka0s-Klaus/ka0s
job-core	Push log, tag and index	2025-04-02T13:32:04.2886946Z    2f755e4..e1145e8  HEAD -> H215-modulo-de-summary
job-core	Post Checkout code	ï»¿2025-04-02T13:32:04.3691836Z Post job cleanup.
job-core	Post Checkout code	2025-04-02T13:32:04.5513163Z [command]/usr/bin/git version
job-core	Post Checkout code	2025-04-02T13:32:04.5583162Z git version 2.48.1
job-core	Post Checkout code	2025-04-02T13:32:04.5658160Z Copying '/home/kaos/.gitconfig' to '/actions-runner/_work/_temp/fc798b76-1800-4f1f-a006-aca805521c5f/.gitconfig'
job-core	Post Checkout code	2025-04-02T13:32:04.5680833Z Temporarily overriding HOME='/actions-runner/_work/_temp/fc798b76-1800-4f1f-a006-aca805521c5f' before making global git config changes
job-core	Post Checkout code	2025-04-02T13:32:04.5685070Z Adding repository directory to the temporary git global config as a safe directory
job-core	Post Checkout code	2025-04-02T13:32:04.5708173Z [command]/usr/bin/git config --global --add safe.directory /actions-runner/_work/ka0s/ka0s
job-core	Post Checkout code	2025-04-02T13:32:04.5770773Z [command]/usr/bin/git config --local --name-only --get-regexp core\.sshCommand
job-core	Post Checkout code	2025-04-02T13:32:04.5827099Z [command]/usr/bin/git submodule foreach --recursive sh -c "git config --local --name-only --get-regexp 'core\.sshCommand' && git config --local --unset-all 'core.sshCommand' || :"
job-core	Post Checkout code	2025-04-02T13:32:04.6250860Z [command]/usr/bin/git config --local --name-only --get-regexp http\.https\:\/\/github\.com\/\.extraheader
job-core	Post Checkout code	2025-04-02T13:32:04.6289140Z http.https://github.com/.extraheader
job-core	Post Checkout code	2025-04-02T13:32:04.6308851Z [command]/usr/bin/git config --local --unset-all http.https://github.com/.extraheader
job-core	Post Checkout code	2025-04-02T13:32:04.6364511Z [command]/usr/bin/git submodule foreach --recursive sh -c "git config --local --name-only --get-regexp 'http\.https\:\/\/github\.com\/\.extraheader' && git config --local --unset-all 'http.https://github.com/.extraheader' || :"
job-core	Complete job	ï»¿2025-04-02T13:32:04.6914262Z Evaluate and set job outputs
job-core	Complete job	2025-04-02T13:32:04.6922589Z Set output 'KAOS_BRANCH'
job-core	Complete job	2025-04-02T13:32:04.6924737Z Set output 'KAOS_NUMBER'
job-core	Complete job	2025-04-02T13:32:04.6925766Z Set output 'KAOS_VERSION'
job-core	Complete job	2025-04-02T13:32:04.6927191Z Set output 'KAOS_FILES'
job-core	Complete job	2025-04-02T13:32:04.6927585Z Set output 'AUTHOR_NAME'
job-core	Complete job	2025-04-02T13:32:04.6938540Z ##[warning]Skip output 'AUTHOR_EMAIL' since it may contain secret.
job-core	Complete job	2025-04-02T13:32:04.6947587Z Set output 'COMMIT_MESSAGE'
job-core	Complete job	2025-04-02T13:32:04.6948447Z Cleaning up orphan processes
handle-success	Set up job	ï»¿2025-04-02T13:32:19.5656688Z Current runner version: '2.323.0'
handle-success	Set up job	2025-04-02T13:32:19.5664694Z Runner name: 'ka0s-3'
handle-success	Set up job	2025-04-02T13:32:19.5665693Z Machine name: '419612ea1a87'
handle-success	Set up job	2025-04-02T13:32:19.5668666Z ##[group]GITHUB_TOKEN Permissions
handle-success	Set up job	2025-04-02T13:32:19.5671391Z Actions: write
handle-success	Set up job	2025-04-02T13:32:19.5671968Z Contents: write
handle-success	Set up job	2025-04-02T13:32:19.5672498Z Issues: write
handle-success	Set up job	2025-04-02T13:32:19.5673013Z Metadata: read
handle-success	Set up job	2025-04-02T13:32:19.5673509Z ##[endgroup]
handle-success	Set up job	2025-04-02T13:32:19.5676777Z Secret source: Actions
handle-success	Set up job	2025-04-02T13:32:19.5678296Z Prepare workflow directory
handle-success	Set up job	2025-04-02T13:32:19.6537112Z Prepare all required actions
handle-success	Set up job	2025-04-02T13:32:19.6589708Z Getting action download info
handle-success	Set up job	2025-04-02T13:32:20.5631740Z Download action repository 'actions/checkout@v4' (SHA:11bd71901bbe5b1630ceea73d27597364c9af683)
handle-success	Set up job	2025-04-02T13:32:23.0274094Z Complete job name: handle-success
handle-success	Checkout code	ï»¿2025-04-02T13:32:23.0949556Z ##[group]Run actions/checkout@v4
handle-success	Checkout code	2025-04-02T13:32:23.0951020Z with:
handle-success	Checkout code	2025-04-02T13:32:23.0951424Z   fetch-depth: 0
handle-success	Checkout code	2025-04-02T13:32:23.0952168Z   token: ***
handle-success	Checkout code	2025-04-02T13:32:23.0952575Z   repository: Ka0s-Klaus/ka0s
handle-success	Checkout code	2025-04-02T13:32:23.0952952Z   ssh-strict: true
handle-success	Checkout code	2025-04-02T13:32:23.0953264Z   ssh-user: git
handle-success	Checkout code	2025-04-02T13:32:23.0953599Z   persist-credentials: true
handle-success	Checkout code	2025-04-02T13:32:23.0953952Z   clean: true
handle-success	Checkout code	2025-04-02T13:32:23.0954286Z   sparse-checkout-cone-mode: true
handle-success	Checkout code	2025-04-02T13:32:23.0954681Z   fetch-tags: false
handle-success	Checkout code	2025-04-02T13:32:23.0955005Z   show-progress: true
handle-success	Checkout code	2025-04-02T13:32:23.0955333Z   lfs: false
handle-success	Checkout code	2025-04-02T13:32:23.0955827Z   submodules: false
handle-success	Checkout code	2025-04-02T13:32:23.0956182Z   set-safe-directory: true
handle-success	Checkout code	2025-04-02T13:32:23.0957016Z env:
handle-success	Checkout code	2025-04-02T13:32:23.0957355Z   KAOS_MODULE: [Ka0S] VERSION
handle-success	Checkout code	2025-04-02T13:32:23.0957937Z   GH_TOKEN: ***
handle-success	Checkout code	2025-04-02T13:32:23.0958285Z   PATH_RESUME: core/config/
handle-success	Checkout code	2025-04-02T13:32:23.0958702Z   KAOS_REPO: /actions-runner/_work/kaos/kaos
handle-success	Checkout code	2025-04-02T13:32:23.0959164Z   KAOS_STEP_MODULE: 
handle-success	Checkout code	2025-04-02T13:32:23.0959570Z   KAOS_CODE: 14220927465
handle-success	Checkout code	2025-04-02T13:32:23.0959966Z   GH_VERSION: 
handle-success	Checkout code	2025-04-02T13:32:23.0960665Z ##[endgroup]
handle-success	Checkout code	2025-04-02T13:32:23.2789391Z Syncing repository: Ka0s-Klaus/ka0s
handle-success	Checkout code	2025-04-02T13:32:23.2792176Z ##[group]Getting Git version info
handle-success	Checkout code	2025-04-02T13:32:23.2792867Z Working directory is '/actions-runner/_work/ka0s/ka0s'
handle-success	Checkout code	2025-04-02T13:32:23.2793852Z [command]/usr/bin/git version
handle-success	Checkout code	2025-04-02T13:32:23.2797818Z git version 2.48.1
handle-success	Checkout code	2025-04-02T13:32:23.2851087Z ##[endgroup]
handle-success	Checkout code	2025-04-02T13:32:23.2869016Z Copying '/home/kaos/.gitconfig' to '/actions-runner/_work/_temp/510ef1f4-5087-45e8-b785-745ccfb0bbec/.gitconfig'
handle-success	Checkout code	2025-04-02T13:32:23.2898827Z Temporarily overriding HOME='/actions-runner/_work/_temp/510ef1f4-5087-45e8-b785-745ccfb0bbec' before making global git config changes
handle-success	Checkout code	2025-04-02T13:32:23.2909055Z Adding repository directory to the temporary git global config as a safe directory
handle-success	Checkout code	2025-04-02T13:32:23.2910794Z [command]/usr/bin/git config --global --add safe.directory /actions-runner/_work/ka0s/ka0s
handle-success	Checkout code	2025-04-02T13:32:23.2967443Z [command]/usr/bin/git config --local --get remote.origin.url
handle-success	Checkout code	2025-04-02T13:32:23.3008176Z https://github.com/Ka0s-Klaus/ka0s
handle-success	Checkout code	2025-04-02T13:32:23.3035282Z ##[group]Removing previously created refs, to avoid conflicts
handle-success	Checkout code	2025-04-02T13:32:23.3043356Z [command]/usr/bin/git rev-parse --symbolic-full-name --verify --quiet HEAD
handle-success	Checkout code	2025-04-02T13:32:23.3075200Z refs/heads/H220-web-de-resultados
handle-success	Checkout code	2025-04-02T13:32:23.3092866Z [command]/usr/bin/git checkout --detach
handle-success	Checkout code	2025-04-02T13:32:23.3220664Z HEAD is now at 6bd41fe [Ka0S] Uploading resume execution files to the repository...
handle-success	Checkout code	2025-04-02T13:32:23.3301116Z [command]/usr/bin/git branch --delete --force H220-web-de-resultados
handle-success	Checkout code	2025-04-02T13:32:23.3359021Z Deleted branch H220-web-de-resultados (was 6bd41fe).
handle-success	Checkout code	2025-04-02T13:32:23.3376397Z ##[endgroup]
handle-success	Checkout code	2025-04-02T13:32:23.3376942Z [command]/usr/bin/git submodule status
handle-success	Checkout code	2025-04-02T13:32:23.3802729Z ##[group]Cleaning the repository
handle-success	Checkout code	2025-04-02T13:32:23.3813798Z [command]/usr/bin/git clean -ffdx
handle-success	Checkout code	2025-04-02T13:32:23.3897993Z [command]/usr/bin/git reset --hard HEAD
handle-success	Checkout code	2025-04-02T13:32:23.4070401Z HEAD is now at 6bd41fe [Ka0S] Uploading resume execution files to the repository...
handle-success	Checkout code	2025-04-02T13:32:23.4080604Z ##[endgroup]
handle-success	Checkout code	2025-04-02T13:32:23.4082466Z ##[group]Disabling automatic garbage collection
handle-success	Checkout code	2025-04-02T13:32:23.4090723Z [command]/usr/bin/git config --local gc.auto 0
handle-success	Checkout code	2025-04-02T13:32:23.4142451Z ##[endgroup]
handle-success	Checkout code	2025-04-02T13:32:23.4143809Z ##[group]Setting up auth
handle-success	Checkout code	2025-04-02T13:32:23.4153485Z [command]/usr/bin/git config --local --name-only --get-regexp core\.sshCommand
handle-success	Checkout code	2025-04-02T13:32:23.4208931Z [command]/usr/bin/git submodule foreach --recursive sh -c "git config --local --name-only --get-regexp 'core\.sshCommand' && git config --local --unset-all 'core.sshCommand' || :"
handle-success	Checkout code	2025-04-02T13:32:23.4621160Z [command]/usr/bin/git config --local --name-only --get-regexp http\.https\:\/\/github\.com\/\.extraheader
handle-success	Checkout code	2025-04-02T13:32:23.4678783Z [command]/usr/bin/git submodule foreach --recursive sh -c "git config --local --name-only --get-regexp 'http\.https\:\/\/github\.com\/\.extraheader' && git config --local --unset-all 'http.https://github.com/.extraheader' || :"
handle-success	Checkout code	2025-04-02T13:32:23.5095158Z [command]/usr/bin/git config --local http.https://github.com/.extraheader AUTHORIZATION: basic ***
handle-success	Checkout code	2025-04-02T13:32:23.5170839Z ##[endgroup]
handle-success	Checkout code	2025-04-02T13:32:23.5172221Z ##[group]Fetching the repository
handle-success	Checkout code	2025-04-02T13:32:23.5188712Z [command]/usr/bin/git -c protocol.version=2 fetch --prune --no-recurse-submodules origin +refs/heads/*:refs/remotes/origin/* +refs/tags/*:refs/tags/* +5569323d1fa9243dd3e367682ea2c7ce332b1a47:refs/remotes/pull/262/merge
handle-success	Checkout code	2025-04-02T13:33:23.4562530Z From https://github.com/Ka0s-Klaus/ka0s
handle-success	Checkout code	2025-04-02T13:33:23.4563697Z    2f755e4..e1145e8  H215-modulo-de-summary                   -> origin/H215-modulo-de-summary
handle-success	Checkout code	2025-04-02T13:33:23.4590135Z    6bd41fe..651f6e9  H220-web-de-resultados                   -> origin/H220-web-de-resultados
handle-success	Checkout code	2025-04-02T13:33:23.4602239Z    651f6e9..d7ab5eb  main                                     -> origin/main
handle-success	Checkout code	2025-04-02T13:33:23.4604269Z  * [new tag]         0.0.42                                   -> 0.0.42
handle-success	Checkout code	2025-04-02T13:33:23.4608675Z  * [new ref]         5569323d1fa9243dd3e367682ea2c7ce332b1a47 -> pull/262/merge
handle-success	Checkout code	2025-04-02T13:33:23.4681792Z ##[endgroup]
handle-success	Checkout code	2025-04-02T13:33:23.4683159Z ##[group]Determining the checkout info
handle-success	Checkout code	2025-04-02T13:33:23.4689022Z ##[endgroup]
handle-success	Checkout code	2025-04-02T13:33:23.4696059Z [command]/usr/bin/git sparse-checkout disable
handle-success	Checkout code	2025-04-02T13:33:23.4773905Z [command]/usr/bin/git config --local --unset-all extensions.worktreeConfig
handle-success	Checkout code	2025-04-02T13:33:23.4828843Z ##[group]Checking out the ref
handle-success	Checkout code	2025-04-02T13:33:23.4837975Z [command]/usr/bin/git checkout --progress --force refs/remotes/pull/262/merge
handle-success	Checkout code	2025-04-02T13:33:23.6069825Z Previous HEAD position was 6bd41fe [Ka0S] Uploading resume execution files to the repository...
handle-success	Checkout code	2025-04-02T13:33:23.6074286Z HEAD is now at 5569323 Merge 2f755e4d1e38d41b480bf63b8ccfccf3b800769c into d7ab5ebfcf479ae6915c47b7feb24d2fb3629ff8
handle-success	Checkout code	2025-04-02T13:33:23.6096175Z ##[endgroup]
handle-success	Checkout code	2025-04-02T13:33:23.6177168Z [command]/usr/bin/git log -1 --format=%H
handle-success	Checkout code	2025-04-02T13:33:23.6220605Z 5569323d1fa9243dd3e367682ea2c7ce332b1a47
handle-success	handle-success-execution	ï»¿2025-04-02T13:33:23.6573622Z ##[group]Run # Si todo ha ido correcto aÃ±adimos el contenido del fichero 
handle-success	handle-success-execution	2025-04-02T13:33:23.6574506Z [36;1m# Si todo ha ido correcto aÃ±adimos el contenido del fichero [0m
handle-success	handle-success-execution	2025-04-02T13:33:23.6575098Z [36;1mRNNUMBER=$(echo "refs/pull/262/merge" | grep -o '[0-9]*')[0m
handle-success	handle-success-execution	2025-04-02T13:33:23.6576119Z [36;1mgh issue comment $RNNUMBER --body "El proceso ha finalizado correctamente 14220927465. El resultado estÃ¡ en el fichero core/results/event_data14220927465.log"[0m
handle-success	handle-success-execution	2025-04-02T13:33:23.6590893Z shell: /usr/bin/bash -e {0}
handle-success	handle-success-execution	2025-04-02T13:33:23.6591280Z env:
handle-success	handle-success-execution	2025-04-02T13:33:23.6591681Z   KAOS_MODULE: [Ka0S] VERSION
handle-success	handle-success-execution	2025-04-02T13:33:23.6592259Z   GH_TOKEN: ***
handle-success	handle-success-execution	2025-04-02T13:33:23.6592562Z   PATH_RESUME: core/config/
handle-success	handle-success-execution	2025-04-02T13:33:23.6592911Z   KAOS_REPO: /actions-runner/_work/kaos/kaos
handle-success	handle-success-execution	2025-04-02T13:33:23.6593281Z   KAOS_STEP_MODULE: 
handle-success	handle-success-execution	2025-04-02T13:33:23.6593594Z   KAOS_CODE: 14220927465
handle-success	handle-success-execution	2025-04-02T13:33:23.6594005Z   GH_VERSION: 
handle-success	handle-success-execution	2025-04-02T13:33:23.6594648Z ##[endgroup]
handle-success	handle-success-execution	2025-04-02T13:33:25.7954095Z https://github.com/Ka0s-Klaus/ka0s/pull/262#issuecomment-2772582734
handle-success	Post Checkout code	ï»¿2025-04-02T13:33:25.8397737Z Post job cleanup.
handle-success	Post Checkout code	2025-04-02T13:33:25.9728141Z [command]/usr/bin/git version
handle-success	Post Checkout code	2025-04-02T13:33:25.9783586Z git version 2.48.1
handle-success	Post Checkout code	2025-04-02T13:33:25.9836490Z Copying '/home/kaos/.gitconfig' to '/actions-runner/_work/_temp/0a100f6a-0b5c-44ec-acc1-246e8eecc45e/.gitconfig'
handle-success	Post Checkout code	2025-04-02T13:33:25.9854350Z Temporarily overriding HOME='/actions-runner/_work/_temp/0a100f6a-0b5c-44ec-acc1-246e8eecc45e' before making global git config changes
handle-success	Post Checkout code	2025-04-02T13:33:25.9856405Z Adding repository directory to the temporary git global config as a safe directory
handle-success	Post Checkout code	2025-04-02T13:33:25.9864059Z [command]/usr/bin/git config --global --add safe.directory /actions-runner/_work/ka0s/ka0s
handle-success	Post Checkout code	2025-04-02T13:33:25.9926898Z [command]/usr/bin/git config --local --name-only --get-regexp core\.sshCommand
handle-success	Post Checkout code	2025-04-02T13:33:25.9978333Z [command]/usr/bin/git submodule foreach --recursive sh -c "git config --local --name-only --get-regexp 'core\.sshCommand' && git config --local --unset-all 'core.sshCommand' || :"
handle-success	Post Checkout code	2025-04-02T13:33:26.0384770Z [command]/usr/bin/git config --local --name-only --get-regexp http\.https\:\/\/github\.com\/\.extraheader
handle-success	Post Checkout code	2025-04-02T13:33:26.0423997Z http.https://github.com/.extraheader
handle-success	Post Checkout code	2025-04-02T13:33:26.0444584Z [command]/usr/bin/git config --local --unset-all http.https://github.com/.extraheader
handle-success	Post Checkout code	2025-04-02T13:33:26.0499793Z [command]/usr/bin/git submodule foreach --recursive sh -c "git config --local --name-only --get-regexp 'http\.https\:\/\/github\.com\/\.extraheader' && git config --local --unset-all 'http.https://github.com/.extraheader' || :"
handle-success	Complete job	ï»¿2025-04-02T13:33:26.1051884Z Cleaning up orphan processes
end-workflow	Set up job	ï»¿2025-04-02T13:33:36.5959201Z Current runner version: '2.323.0'
end-workflow	Set up job	2025-04-02T13:33:36.5967597Z Runner name: 'ka0s-3'
end-workflow	Set up job	2025-04-02T13:33:36.5968609Z Machine name: '419612ea1a87'
end-workflow	Set up job	2025-04-02T13:33:36.5972125Z ##[group]GITHUB_TOKEN Permissions
end-workflow	Set up job	2025-04-02T13:33:36.5974930Z Actions: write
end-workflow	Set up job	2025-04-02T13:33:36.5975527Z Contents: write
end-workflow	Set up job	2025-04-02T13:33:36.5976051Z Issues: write
end-workflow	Set up job	2025-04-02T13:33:36.5976542Z Metadata: read
end-workflow	Set up job	2025-04-02T13:33:36.5977039Z ##[endgroup]
end-workflow	Set up job	2025-04-02T13:33:36.5979528Z Secret source: Actions
end-workflow	Set up job	2025-04-02T13:33:36.5980853Z Prepare workflow directory
end-workflow	Set up job	2025-04-02T13:33:36.6808781Z Prepare all required actions
end-workflow	Set up job	2025-04-02T13:33:36.6881173Z Getting action download info
end-workflow	Set up job	2025-04-02T13:33:37.5192944Z Download action repository 'actions/checkout@v4' (SHA:11bd71901bbe5b1630ceea73d27597364c9af683)
end-workflow	Set up job	2025-04-02T13:34:22.6746966Z Complete job name: end-workflow
end-workflow	Checkout code	ï»¿2025-04-02T13:34:22.7503905Z ##[group]Run actions/checkout@v4
end-workflow	Checkout code	2025-04-02T13:34:22.7505655Z with:
end-workflow	Checkout code	2025-04-02T13:34:22.7506520Z   fetch-depth: 0
end-workflow	Checkout code	2025-04-02T13:34:22.7508047Z   token: ***
end-workflow	Checkout code	2025-04-02T13:34:22.7509061Z   repository: Ka0s-Klaus/ka0s
end-workflow	Checkout code	2025-04-02T13:34:22.7510464Z   ssh-strict: true
end-workflow	Checkout code	2025-04-02T13:34:22.7511571Z   ssh-user: git
end-workflow	Checkout code	2025-04-02T13:34:22.7512520Z   persist-credentials: true
end-workflow	Checkout code	2025-04-02T13:34:22.7513609Z   clean: true
end-workflow	Checkout code	2025-04-02T13:34:22.7514576Z   sparse-checkout-cone-mode: true
end-workflow	Checkout code	2025-04-02T13:34:22.7515769Z   fetch-tags: false
end-workflow	Checkout code	2025-04-02T13:34:22.7516730Z   show-progress: true
end-workflow	Checkout code	2025-04-02T13:34:22.7517704Z   lfs: false
end-workflow	Checkout code	2025-04-02T13:34:22.7518587Z   submodules: false
end-workflow	Checkout code	2025-04-02T13:34:22.7519627Z   set-safe-directory: true
end-workflow	Checkout code	2025-04-02T13:34:22.7521322Z env:
end-workflow	Checkout code	2025-04-02T13:34:22.7522398Z   KAOS_MODULE: [Ka0S] VERSION
end-workflow	Checkout code	2025-04-02T13:34:22.7524078Z   GH_TOKEN: ***
end-workflow	Checkout code	2025-04-02T13:34:22.7525167Z   PATH_RESUME: core/config/
end-workflow	Checkout code	2025-04-02T13:34:22.7526533Z   KAOS_REPO: /actions-runner/_work/kaos/kaos
end-workflow	Checkout code	2025-04-02T13:34:22.7528110Z   KAOS_STEP_MODULE: 
end-workflow	Checkout code	2025-04-02T13:34:22.7529339Z   KAOS_CODE: 14220927465
end-workflow	Checkout code	2025-04-02T13:34:22.7531610Z   GH_VERSION: 
end-workflow	Checkout code	2025-04-02T13:34:22.7533067Z ##[endgroup]
end-workflow	Checkout code	2025-04-02T13:34:22.9126321Z Syncing repository: Ka0s-Klaus/ka0s
end-workflow	Checkout code	2025-04-02T13:34:22.9130542Z ##[group]Getting Git version info
end-workflow	Checkout code	2025-04-02T13:34:22.9132281Z Working directory is '/actions-runner/_work/ka0s/ka0s'
end-workflow	Checkout code	2025-04-02T13:34:22.9134684Z [command]/usr/bin/git version
end-workflow	Checkout code	2025-04-02T13:34:22.9135872Z git version 2.48.1
end-workflow	Checkout code	2025-04-02T13:34:22.9147675Z ##[endgroup]
end-workflow	Checkout code	2025-04-02T13:34:22.9160814Z Copying '/home/kaos/.gitconfig' to '/actions-runner/_work/_temp/2c02dfd6-1fd2-4440-8073-536efa23c43d/.gitconfig'
end-workflow	Checkout code	2025-04-02T13:34:22.9189971Z Temporarily overriding HOME='/actions-runner/_work/_temp/2c02dfd6-1fd2-4440-8073-536efa23c43d' before making global git config changes
end-workflow	Checkout code	2025-04-02T13:34:22.9194030Z Adding repository directory to the temporary git global config as a safe directory
end-workflow	Checkout code	2025-04-02T13:34:22.9198307Z [command]/usr/bin/git config --global --add safe.directory /actions-runner/_work/ka0s/ka0s
end-workflow	Checkout code	2025-04-02T13:34:22.9257698Z [command]/usr/bin/git config --local --get remote.origin.url
end-workflow	Checkout code	2025-04-02T13:34:22.9291375Z https://github.com/Ka0s-Klaus/ka0s
end-workflow	Checkout code	2025-04-02T13:34:22.9326405Z ##[group]Removing previously created refs, to avoid conflicts
end-workflow	Checkout code	2025-04-02T13:34:22.9334065Z [command]/usr/bin/git rev-parse --symbolic-full-name --verify --quiet HEAD
end-workflow	Checkout code	2025-04-02T13:34:22.9381970Z HEAD
end-workflow	Checkout code	2025-04-02T13:34:22.9464494Z ##[endgroup]
end-workflow	Checkout code	2025-04-02T13:34:22.9467676Z [command]/usr/bin/git submodule status
end-workflow	Checkout code	2025-04-02T13:34:22.9910390Z ##[group]Cleaning the repository
end-workflow	Checkout code	2025-04-02T13:34:22.9912004Z [command]/usr/bin/git clean -ffdx
end-workflow	Checkout code	2025-04-02T13:34:22.9990632Z [command]/usr/bin/git reset --hard HEAD
end-workflow	Checkout code	2025-04-02T13:34:23.2050282Z HEAD is now at 5569323 Merge 2f755e4d1e38d41b480bf63b8ccfccf3b800769c into d7ab5ebfcf479ae6915c47b7feb24d2fb3629ff8
end-workflow	Checkout code	2025-04-02T13:34:23.2057829Z ##[endgroup]
end-workflow	Checkout code	2025-04-02T13:34:23.2062530Z ##[group]Disabling automatic garbage collection
end-workflow	Checkout code	2025-04-02T13:34:23.2068367Z [command]/usr/bin/git config --local gc.auto 0
end-workflow	Checkout code	2025-04-02T13:34:23.2111208Z ##[endgroup]
end-workflow	Checkout code	2025-04-02T13:34:23.2111890Z ##[group]Setting up auth
end-workflow	Checkout code	2025-04-02T13:34:23.2122047Z [command]/usr/bin/git config --local --name-only --get-regexp core\.sshCommand
end-workflow	Checkout code	2025-04-02T13:34:23.2181090Z [command]/usr/bin/git submodule foreach --recursive sh -c "git config --local --name-only --get-regexp 'core\.sshCommand' && git config --local --unset-all 'core.sshCommand' || :"
end-workflow	Checkout code	2025-04-02T13:34:23.2589762Z [command]/usr/bin/git config --local --name-only --get-regexp http\.https\:\/\/github\.com\/\.extraheader
end-workflow	Checkout code	2025-04-02T13:34:23.2639004Z [command]/usr/bin/git submodule foreach --recursive sh -c "git config --local --name-only --get-regexp 'http\.https\:\/\/github\.com\/\.extraheader' && git config --local --unset-all 'http.https://github.com/.extraheader' || :"
end-workflow	Checkout code	2025-04-02T13:34:23.3074121Z [command]/usr/bin/git config --local http.https://github.com/.extraheader AUTHORIZATION: basic ***
end-workflow	Checkout code	2025-04-02T13:34:23.3136117Z ##[endgroup]
end-workflow	Checkout code	2025-04-02T13:34:23.3138274Z ##[group]Fetching the repository
end-workflow	Checkout code	2025-04-02T13:34:23.3154889Z [command]/usr/bin/git -c protocol.version=2 fetch --prune --no-recurse-submodules origin +refs/heads/*:refs/remotes/origin/* +refs/tags/*:refs/tags/* +5569323d1fa9243dd3e367682ea2c7ce332b1a47:refs/remotes/pull/262/merge
end-workflow	Checkout code	2025-04-02T13:34:24.4726393Z From https://github.com/Ka0s-Klaus/ka0s
end-workflow	Checkout code	2025-04-02T13:34:24.4730965Z    d7ab5eb..2132f95  main       -> origin/main
end-workflow	Checkout code	2025-04-02T13:34:24.4783184Z ##[endgroup]
end-workflow	Checkout code	2025-04-02T13:34:24.4784259Z ##[group]Determining the checkout info
end-workflow	Checkout code	2025-04-02T13:34:24.4785527Z ##[endgroup]
end-workflow	Checkout code	2025-04-02T13:34:24.4792450Z [command]/usr/bin/git sparse-checkout disable
end-workflow	Checkout code	2025-04-02T13:34:24.4875430Z [command]/usr/bin/git config --local --unset-all extensions.worktreeConfig
end-workflow	Checkout code	2025-04-02T13:34:24.4919435Z ##[group]Checking out the ref
end-workflow	Checkout code	2025-04-02T13:34:24.4924852Z [command]/usr/bin/git checkout --progress --force refs/remotes/pull/262/merge
end-workflow	Checkout code	2025-04-02T13:34:24.5052462Z HEAD is now at 5569323 Merge 2f755e4d1e38d41b480bf63b8ccfccf3b800769c into d7ab5ebfcf479ae6915c47b7feb24d2fb3629ff8
end-workflow	Checkout code	2025-04-02T13:34:24.5068467Z ##[endgroup]
end-workflow	Checkout code	2025-04-02T13:34:24.5125543Z [command]/usr/bin/git log -1 --format=%H
end-workflow	Checkout code	2025-04-02T13:34:24.5195815Z 5569323d1fa9243dd3e367682ea2c7ce332b1a47
end-workflow	Finaliza el workflow	ï»¿2025-04-02T13:34:24.5484971Z ##[group]Run echo "End process"
end-workflow	Finaliza el workflow	2025-04-02T13:34:24.5485579Z [36;1mecho "End process"[0m
end-workflow	Finaliza el workflow	2025-04-02T13:34:24.5486074Z [36;1mRNNUMBER=$(echo "refs/pull/262/merge" | grep -o '[0-9]*')[0m
end-workflow	Finaliza el workflow	2025-04-02T13:34:24.5486694Z [36;1mgh issue comment $RNNUMBER --body "Se finaliza Ka0s 14220927465"[0m
end-workflow	Finaliza el workflow	2025-04-02T13:34:24.5487574Z [36;1mgh workflow run inspector.yml --ref 'main' -f kaos-issue-id=$RNNUMBER -f kaos-workflow-id="14220927465" -f kaos-user-start=""[0m
end-workflow	Finaliza el workflow	2025-04-02T13:34:24.5503527Z shell: /usr/bin/bash -e {0}
end-workflow	Finaliza el workflow	2025-04-02T13:34:24.5504081Z env:
end-workflow	Finaliza el workflow	2025-04-02T13:34:24.5504400Z   KAOS_MODULE: [Ka0S] VERSION
end-workflow	Finaliza el workflow	2025-04-02T13:34:24.5505102Z   GH_TOKEN: ***
end-workflow	Finaliza el workflow	2025-04-02T13:34:24.5505433Z   PATH_RESUME: core/config/
end-workflow	Finaliza el workflow	2025-04-02T13:34:24.5505823Z   KAOS_REPO: /actions-runner/_work/kaos/kaos
end-workflow	Finaliza el workflow	2025-04-02T13:34:24.5506232Z   KAOS_STEP_MODULE: 
end-workflow	Finaliza el workflow	2025-04-02T13:34:24.5506556Z   KAOS_CODE: 14220927465
end-workflow	Finaliza el workflow	2025-04-02T13:34:24.5506909Z   GH_VERSION: 
end-workflow	Finaliza el workflow	2025-04-02T13:34:24.5507203Z ##[endgroup]
end-workflow	Finaliza el workflow	2025-04-02T13:34:24.5583607Z End process
end-workflow	Finaliza el workflow	2025-04-02T13:34:25.9992062Z https://github.com/Ka0s-Klaus/ka0s/pull/262#issuecomment-2772585595
end-workflow	Post Checkout code	ï»¿2025-04-02T13:34:27.3838891Z Post job cleanup.
end-workflow	Post Checkout code	2025-04-02T13:34:27.5132619Z [command]/usr/bin/git version
end-workflow	Post Checkout code	2025-04-02T13:34:27.5182815Z git version 2.48.1
end-workflow	Post Checkout code	2025-04-02T13:34:27.5237156Z Copying '/home/kaos/.gitconfig' to '/actions-runner/_work/_temp/f71cc053-87eb-4df4-ad85-e82ba3f64414/.gitconfig'
end-workflow	Post Checkout code	2025-04-02T13:34:27.5254703Z Temporarily overriding HOME='/actions-runner/_work/_temp/f71cc053-87eb-4df4-ad85-e82ba3f64414' before making global git config changes
end-workflow	Post Checkout code	2025-04-02T13:34:27.5256661Z Adding repository directory to the temporary git global config as a safe directory
end-workflow	Post Checkout code	2025-04-02T13:34:27.5265464Z [command]/usr/bin/git config --global --add safe.directory /actions-runner/_work/ka0s/ka0s
end-workflow	Post Checkout code	2025-04-02T13:34:27.5323282Z [command]/usr/bin/git config --local --name-only --get-regexp core\.sshCommand
end-workflow	Post Checkout code	2025-04-02T13:34:27.5375727Z [command]/usr/bin/git submodule foreach --recursive sh -c "git config --local --name-only --get-regexp 'core\.sshCommand' && git config --local --unset-all 'core.sshCommand' || :"
end-workflow	Post Checkout code	2025-04-02T13:34:27.5804571Z [command]/usr/bin/git config --local --name-only --get-regexp http\.https\:\/\/github\.com\/\.extraheader
end-workflow	Post Checkout code	2025-04-02T13:34:27.5840811Z http.https://github.com/.extraheader
end-workflow	Post Checkout code	2025-04-02T13:34:27.5866471Z [command]/usr/bin/git config --local --unset-all http.https://github.com/.extraheader
end-workflow	Post Checkout code	2025-04-02T13:34:27.5925095Z [command]/usr/bin/git submodule foreach --recursive sh -c "git config --local --name-only --get-regexp 'http\.https\:\/\/github\.com\/\.extraheader' && git config --local --unset-all 'http.https://github.com/.extraheader' || :"
end-workflow	Complete job	ï»¿2025-04-02T13:34:27.6502868Z Cleaning up orphan processes
