job-core	Set up job	ï»¿2025-04-03T11:55:20.7364198Z Current runner version: '2.323.0'
job-core	Set up job	2025-04-03T11:55:20.7373195Z Runner name: 'version-1'
job-core	Set up job	2025-04-03T11:55:20.7374399Z Machine name: 'e28da5fd4805'
job-core	Set up job	2025-04-03T11:55:20.7377462Z ##[group]GITHUB_TOKEN Permissions
job-core	Set up job	2025-04-03T11:55:20.7381051Z Actions: write
job-core	Set up job	2025-04-03T11:55:20.7381673Z Contents: write
job-core	Set up job	2025-04-03T11:55:20.7382230Z Issues: write
job-core	Set up job	2025-04-03T11:55:20.7382773Z Metadata: read
job-core	Set up job	2025-04-03T11:55:20.7383311Z ##[endgroup]
job-core	Set up job	2025-04-03T11:55:20.7386150Z Secret source: Actions
job-core	Set up job	2025-04-03T11:55:20.7387301Z Prepare workflow directory
job-core	Set up job	2025-04-03T11:55:20.8273335Z Prepare all required actions
job-core	Set up job	2025-04-03T11:55:20.8352238Z Getting action download info
job-core	Set up job	2025-04-03T11:55:21.5058842Z Download action repository 'actions/checkout@v4' (SHA:11bd71901bbe5b1630ceea73d27597364c9af683)
job-core	Set up job	2025-04-03T11:55:23.3942870Z Complete job name: job-core
job-core	Checkout code	ï»¿2025-04-03T11:55:23.4731206Z ##[group]Run actions/checkout@v4
job-core	Checkout code	2025-04-03T11:55:23.4756241Z with:
job-core	Checkout code	2025-04-03T11:55:23.4756972Z   fetch-depth: 0
job-core	Checkout code	2025-04-03T11:55:23.4757873Z   token: ***
job-core	Checkout code	2025-04-03T11:55:23.4758527Z   repository: Ka0s-Klaus/ka0s
job-core	Checkout code	2025-04-03T11:55:23.4759196Z   ssh-strict: true
job-core	Checkout code	2025-04-03T11:55:23.4759744Z   ssh-user: git
job-core	Checkout code	2025-04-03T11:55:23.4760788Z   persist-credentials: true
job-core	Checkout code	2025-04-03T11:55:23.4761424Z   clean: true
job-core	Checkout code	2025-04-03T11:55:23.4762007Z   sparse-checkout-cone-mode: true
job-core	Checkout code	2025-04-03T11:55:23.4762715Z   fetch-tags: false
job-core	Checkout code	2025-04-03T11:55:23.4763310Z   show-progress: true
job-core	Checkout code	2025-04-03T11:55:23.4763887Z   lfs: false
job-core	Checkout code	2025-04-03T11:55:23.4764428Z   submodules: false
job-core	Checkout code	2025-04-03T11:55:23.4765050Z   set-safe-directory: true
job-core	Checkout code	2025-04-03T11:55:23.4766052Z env:
job-core	Checkout code	2025-04-03T11:55:23.4766611Z   KAOS_MODULE: [Ka0S] VERSION
job-core	Checkout code	2025-04-03T11:55:23.4767503Z   GH_TOKEN: ***
job-core	Checkout code	2025-04-03T11:55:23.4768084Z   PATH_RESUME: core/config/
job-core	Checkout code	2025-04-03T11:55:23.4768791Z   KAOS_REPO: /actions-runner/_work/kaos/kaos
job-core	Checkout code	2025-04-03T11:55:23.4769552Z   KAOS_STEP_MODULE: 
job-core	Checkout code	2025-04-03T11:55:23.4770466Z   KAOS_CODE: 14242316319
job-core	Checkout code	2025-04-03T11:55:23.4771248Z   GH_VERSION: 
job-core	Checkout code	2025-04-03T11:55:23.4771808Z ##[endgroup]
job-core	Checkout code	2025-04-03T11:55:23.6489222Z Syncing repository: Ka0s-Klaus/ka0s
job-core	Checkout code	2025-04-03T11:55:23.6492464Z ##[group]Getting Git version info
job-core	Checkout code	2025-04-03T11:55:23.6494962Z Working directory is '/actions-runner/_work/ka0s/ka0s'
job-core	Checkout code	2025-04-03T11:55:23.6498004Z [command]/usr/bin/git version
job-core	Checkout code	2025-04-03T11:55:23.6499145Z git version 2.48.1
job-core	Checkout code	2025-04-03T11:55:23.6547272Z ##[endgroup]
job-core	Checkout code	2025-04-03T11:55:23.6580512Z Copying '/home/kaos/.gitconfig' to '/actions-runner/_work/_temp/c997ba23-167b-4ba5-b0ac-5f245b5fd826/.gitconfig'
job-core	Checkout code	2025-04-03T11:55:23.6599232Z Temporarily overriding HOME='/actions-runner/_work/_temp/c997ba23-167b-4ba5-b0ac-5f245b5fd826' before making global git config changes
job-core	Checkout code	2025-04-03T11:55:23.6601943Z Adding repository directory to the temporary git global config as a safe directory
job-core	Checkout code	2025-04-03T11:55:23.6605821Z [command]/usr/bin/git config --global --add safe.directory /actions-runner/_work/ka0s/ka0s
job-core	Checkout code	2025-04-03T11:55:23.6662576Z [command]/usr/bin/git config --local --get remote.origin.url
job-core	Checkout code	2025-04-03T11:55:23.6702897Z https://github.com/Ka0s-Klaus/ka0s
job-core	Checkout code	2025-04-03T11:55:23.6734706Z ##[group]Removing previously created refs, to avoid conflicts
job-core	Checkout code	2025-04-03T11:55:23.6740243Z [command]/usr/bin/git rev-parse --symbolic-full-name --verify --quiet HEAD
job-core	Checkout code	2025-04-03T11:55:23.6771146Z HEAD
job-core	Checkout code	2025-04-03T11:55:23.6849776Z ##[endgroup]
job-core	Checkout code	2025-04-03T11:55:23.6858598Z [command]/usr/bin/git submodule status
job-core	Checkout code	2025-04-03T11:55:23.7305939Z ##[group]Cleaning the repository
job-core	Checkout code	2025-04-03T11:55:23.7310893Z [command]/usr/bin/git clean -ffdx
job-core	Checkout code	2025-04-03T11:55:23.7400348Z [command]/usr/bin/git reset --hard HEAD
job-core	Checkout code	2025-04-03T11:55:23.7631738Z HEAD is now at 3545d54 [Ka0S] VERSION  Upload: CHANGELOG.md, INDEX.md with version 0.0.58
job-core	Checkout code	2025-04-03T11:55:23.7642444Z ##[endgroup]
job-core	Checkout code	2025-04-03T11:55:23.7644504Z ##[group]Disabling automatic garbage collection
job-core	Checkout code	2025-04-03T11:55:23.7653599Z [command]/usr/bin/git config --local gc.auto 0
job-core	Checkout code	2025-04-03T11:55:23.7723132Z ##[endgroup]
job-core	Checkout code	2025-04-03T11:55:23.7726876Z ##[group]Setting up auth
job-core	Checkout code	2025-04-03T11:55:23.7730473Z [command]/usr/bin/git config --local --name-only --get-regexp core\.sshCommand
job-core	Checkout code	2025-04-03T11:55:23.7773015Z [command]/usr/bin/git submodule foreach --recursive sh -c "git config --local --name-only --get-regexp 'core\.sshCommand' && git config --local --unset-all 'core.sshCommand' || :"
job-core	Checkout code	2025-04-03T11:55:23.8208905Z [command]/usr/bin/git config --local --name-only --get-regexp http\.https\:\/\/github\.com\/\.extraheader
job-core	Checkout code	2025-04-03T11:55:23.8259731Z [command]/usr/bin/git submodule foreach --recursive sh -c "git config --local --name-only --get-regexp 'http\.https\:\/\/github\.com\/\.extraheader' && git config --local --unset-all 'http.https://github.com/.extraheader' || :"
job-core	Checkout code	2025-04-03T11:55:23.8692420Z [command]/usr/bin/git config --local http.https://github.com/.extraheader AUTHORIZATION: basic ***
job-core	Checkout code	2025-04-03T11:55:23.8761877Z ##[endgroup]
job-core	Checkout code	2025-04-03T11:55:23.8762952Z ##[group]Fetching the repository
job-core	Checkout code	2025-04-03T11:55:23.8778426Z [command]/usr/bin/git -c protocol.version=2 fetch --prune --no-recurse-submodules origin +refs/heads/*:refs/remotes/origin/* +refs/tags/*:refs/tags/* +939577598a8510aea71458ebd6db82792f586353:refs/remotes/pull/281/merge
job-core	Checkout code	2025-04-03T11:55:25.1692361Z From https://github.com/Ka0s-Klaus/ka0s
job-core	Checkout code	2025-04-03T11:55:25.1696755Z    3545d54..11c4291  H215-modulo-de-summary                   -> origin/H215-modulo-de-summary
job-core	Checkout code	2025-04-03T11:55:25.1701305Z    5cb3006..bd62cea  main                                     -> origin/main
job-core	Checkout code	2025-04-03T11:55:25.1705002Z  * [new ref]         939577598a8510aea71458ebd6db82792f586353 -> pull/281/merge
job-core	Checkout code	2025-04-03T11:55:25.1775762Z ##[endgroup]
job-core	Checkout code	2025-04-03T11:55:25.1778387Z ##[group]Determining the checkout info
job-core	Checkout code	2025-04-03T11:55:25.1782479Z ##[endgroup]
job-core	Checkout code	2025-04-03T11:55:25.1785397Z [command]/usr/bin/git sparse-checkout disable
job-core	Checkout code	2025-04-03T11:55:25.1871985Z [command]/usr/bin/git config --local --unset-all extensions.worktreeConfig
job-core	Checkout code	2025-04-03T11:55:25.1939699Z ##[group]Checking out the ref
job-core	Checkout code	2025-04-03T11:55:25.1943561Z [command]/usr/bin/git checkout --progress --force refs/remotes/pull/281/merge
job-core	Checkout code	2025-04-03T11:55:25.2321303Z Previous HEAD position was 3545d54 [Ka0S] VERSION  Upload: CHANGELOG.md, INDEX.md with version 0.0.58
job-core	Checkout code	2025-04-03T11:55:25.2326749Z HEAD is now at 9395775 Merge 11c429185fed4daa4645e18609288a4904ef830a into bd62ceab7452b9780f643b142d0cb3bb70240b7f
job-core	Checkout code	2025-04-03T11:55:25.2395897Z ##[endgroup]
job-core	Checkout code	2025-04-03T11:55:25.2401050Z [command]/usr/bin/git log -1 --format=%H
job-core	Checkout code	2025-04-03T11:55:25.2442131Z 939577598a8510aea71458ebd6db82792f586353
job-core	Get commit details	ï»¿2025-04-03T11:55:25.2781554Z ##[group]Run RNNUMBER=$(echo "H215 modulo de summary" | grep -o '[0-9]*')
job-core	Get commit details	2025-04-03T11:55:25.2784133Z [36;1mRNNUMBER=$(echo "H215 modulo de summary" | grep -o '[0-9]*')[0m
job-core	Get commit details	2025-04-03T11:55:25.2786496Z [36;1mgh issue comment $RNNUMBER --body "Se inicia Version 14242316319"[0m
job-core	Get commit details	2025-04-03T11:55:25.2789846Z [36;1mecho "GH_VERSION=$(gh api repos/:owner/:repo/git/matching-refs/tags --jq '.[-1].ref' | sed 's|refs/tags/||')" >> $GITHUB_ENV[0m
job-core	Get commit details	2025-04-03T11:55:25.2793656Z [36;1mecho "AUTHOR_NAME=$(git log -1 --pretty=format:'%an')" >> $GITHUB_OUTPUT[0m
job-core	Get commit details	2025-04-03T11:55:25.2796256Z [36;1mecho "AUTHOR_EMAIL=$(git log -1 --pretty=format:'%ae')" >> $GITHUB_OUTPUT[0m
job-core	Get commit details	2025-04-03T11:55:25.2798736Z [36;1mecho "COMMIT_MESSAGE=H215 modulo de summary" >> $GITHUB_OUTPUT[0m
job-core	Get commit details	2025-04-03T11:55:25.2801608Z [36;1mRNBRANCH=$(echo "H215 modulo de summary" | grep -o '^[A-Za-z]*')[0m
job-core	Get commit details	2025-04-03T11:55:25.2803892Z [36;1mRNNUMBER=$(echo "H215 modulo de summary" | grep -o '[0-9]*')[0m
job-core	Get commit details	2025-04-03T11:55:25.2805834Z [36;1mecho "Extracted RN Branch: $RNBRANCH"[0m
job-core	Get commit details	2025-04-03T11:55:25.2807464Z [36;1mecho "Extracted RN Number: $RNNUMBER"[0m
job-core	Get commit details	2025-04-03T11:55:25.2809110Z [36;1mecho "RNBRANCH=$RNBRANCH" >> $GITHUB_OUTPUT[0m
job-core	Get commit details	2025-04-03T11:55:25.2811240Z [36;1mecho "RNNUMBER=$RNNUMBER" >> $GITHUB_OUTPUT [0m
job-core	Get commit details	2025-04-03T11:55:25.2828626Z shell: /usr/bin/bash -e {0}
job-core	Get commit details	2025-04-03T11:55:25.2829863Z env:
job-core	Get commit details	2025-04-03T11:55:25.2831251Z   KAOS_MODULE: [Ka0S] VERSION
job-core	Get commit details	2025-04-03T11:55:25.2833060Z   GH_TOKEN: ***
job-core	Get commit details	2025-04-03T11:55:25.2834211Z   PATH_RESUME: core/config/
job-core	Get commit details	2025-04-03T11:55:25.2835841Z   KAOS_REPO: /actions-runner/_work/kaos/kaos
job-core	Get commit details	2025-04-03T11:55:25.2837251Z   KAOS_STEP_MODULE: 
job-core	Get commit details	2025-04-03T11:55:25.2838290Z   KAOS_CODE: 14242316319
job-core	Get commit details	2025-04-03T11:55:25.2839369Z   GH_VERSION: 
job-core	Get commit details	2025-04-03T11:55:25.2840720Z ##[endgroup]
job-core	Get commit details	2025-04-03T11:55:26.5485741Z https://github.com/Ka0s-Klaus/ka0s/issues/215#issuecomment-2775518064
job-core	Get commit details	2025-04-03T11:55:27.2103315Z Extracted RN Branch: H
job-core	Get commit details	2025-04-03T11:55:27.2105198Z Extracted RN Number: 215
job-core	Get version	ï»¿2025-04-03T11:55:27.2275324Z ##[group]Run if [ ! -f 0.0.58 ]; then echo "0.0.58" > version.txt; fi
job-core	Get version	2025-04-03T11:55:27.2276095Z [36;1mif [ ! -f 0.0.58 ]; then echo "0.0.58" > version.txt; fi[0m
job-core	Get version	2025-04-03T11:55:27.2276612Z [36;1mVERSION=0.0.58[0m
job-core	Get version	2025-04-03T11:55:27.2277064Z [36;1mIFS='.' read -r MAJOR MINOR PATCH <<< "$VERSION"[0m
job-core	Get version	2025-04-03T11:55:27.2277573Z [36;1mif [[ "H" =~ (H) ]]; then[0m
job-core	Get version	2025-04-03T11:55:27.2277986Z [36;1m  PATCH=$((PATCH + 1))[0m
job-core	Get version	2025-04-03T11:55:27.2278384Z [36;1melif [[ "H" =~ (F) ]]; then[0m
job-core	Get version	2025-04-03T11:55:27.2278786Z [36;1m  MINOR=$((MINOR + 1))[0m
job-core	Get version	2025-04-03T11:55:27.2279190Z [36;1m  PATCH=0[0m
job-core	Get version	2025-04-03T11:55:27.2279535Z [36;1melif [[ "H" =~ (RN) ]]; then[0m
job-core	Get version	2025-04-03T11:55:27.2279957Z [36;1m  MAJOR=$((MAJOR + 1))[0m
job-core	Get version	2025-04-03T11:55:27.2280792Z [36;1m  MINOR=0[0m
job-core	Get version	2025-04-03T11:55:27.2281167Z [36;1m  PATCH=0[0m
job-core	Get version	2025-04-03T11:55:27.2281480Z [36;1mfi[0m
job-core	Get version	2025-04-03T11:55:27.2281771Z [36;1m[0m
job-core	Get version	2025-04-03T11:55:27.2282102Z [36;1mNEW_VERSION="$MAJOR.$MINOR.$PATCH"[0m
job-core	Get version	2025-04-03T11:55:27.2282679Z [36;1mecho "VERSION=$NEW_VERSION" >> $GITHUB_OUTPUT[0m
job-core	Get version	2025-04-03T11:55:27.2283232Z [36;1mecho "GH_VERSION=$NEW_VERSION" >> $GITHUB_ENV[0m
job-core	Get version	2025-04-03T11:55:27.2294991Z shell: /usr/bin/bash -e {0}
job-core	Get version	2025-04-03T11:55:27.2295398Z env:
job-core	Get version	2025-04-03T11:55:27.2295728Z   KAOS_MODULE: [Ka0S] VERSION
job-core	Get version	2025-04-03T11:55:27.2296411Z   GH_TOKEN: ***
job-core	Get version	2025-04-03T11:55:27.2296754Z   PATH_RESUME: core/config/
job-core	Get version	2025-04-03T11:55:27.2297202Z   KAOS_REPO: /actions-runner/_work/kaos/kaos
job-core	Get version	2025-04-03T11:55:27.2297647Z   KAOS_STEP_MODULE: 
job-core	Get version	2025-04-03T11:55:27.2297999Z   KAOS_CODE: 14242316319
job-core	Get version	2025-04-03T11:55:27.2298377Z   GH_VERSION: 0.0.58
job-core	Get version	2025-04-03T11:55:27.2298730Z ##[endgroup]
job-core	Get changed files	ï»¿2025-04-03T11:55:27.2397277Z ##[group]Run CHANGED_FILES=$(git diff --name-only HEAD~1 | tr '\n' ' ')
job-core	Get changed files	2025-04-03T11:55:27.2399059Z [36;1mCHANGED_FILES=$(git diff --name-only HEAD~1 | tr '\n' ' ')[0m
job-core	Get changed files	2025-04-03T11:55:27.2401073Z [36;1mecho "CHANGED_FILES=$CHANGED_FILES" >> $GITHUB_OUTPUT[0m
job-core	Get changed files	2025-04-03T11:55:27.2411847Z shell: /usr/bin/bash -e {0}
job-core	Get changed files	2025-04-03T11:55:27.2412839Z env:
job-core	Get changed files	2025-04-03T11:55:27.2413651Z   KAOS_MODULE: [Ka0S] VERSION
job-core	Get changed files	2025-04-03T11:55:27.2414958Z   GH_TOKEN: ***
job-core	Get changed files	2025-04-03T11:55:27.2416037Z   PATH_RESUME: core/config/
job-core	Get changed files	2025-04-03T11:55:27.2417393Z   KAOS_REPO: /actions-runner/_work/kaos/kaos
job-core	Get changed files	2025-04-03T11:55:27.2418527Z   KAOS_STEP_MODULE: 
job-core	Get changed files	2025-04-03T11:55:27.2419444Z   KAOS_CODE: 14242316319
job-core	Get changed files	2025-04-03T11:55:27.2420431Z   GH_VERSION: 0.0.59
job-core	Get changed files	2025-04-03T11:55:27.2420860Z ##[endgroup]
job-core	Update changelog	ï»¿2025-04-03T11:55:27.2813330Z ##[group]Run echo "## Version 0.0.59" >> CHANGELOG.md
job-core	Update changelog	2025-04-03T11:55:27.2813922Z [36;1mecho "## Version 0.0.59" >> CHANGELOG.md[0m
job-core	Update changelog	2025-04-03T11:55:27.2814384Z [36;1mecho "- **Branch**: refs/pull/281/merge" >> CHANGELOG.md[0m
job-core	Update changelog	2025-04-03T11:55:27.2815114Z [36;1mecho "- **Commit**: $(git log -1 --pretty=format:'%s' 11c429185fed4daa4645e18609288a4904ef830a)" >> CHANGELOG.md[0m
job-core	Update changelog	2025-04-03T11:55:27.2815787Z [36;1mecho "- **Author**: Ka0s" >> CHANGELOG.md[0m
job-core	Update changelog	2025-04-03T11:55:27.2816215Z [36;1mecho "- **Date**: $(date -u)" >> CHANGELOG.md[0m
job-core	Update changelog	2025-04-03T11:55:27.2816695Z [36;1mecho "- **Message**: H215 modulo de summary" >> CHANGELOG.md[0m
job-core	Update changelog	2025-04-03T11:55:27.2817177Z [36;1mecho "- **Files Changed**:" >> CHANGELOG.md[0m
job-core	Update changelog	2025-04-03T11:55:27.2818757Z [36;1mfor file in .github/workflows/workflow-stats.yml core/outputs/w/kaos-workflows-runs.json core/outputs/w/workflows-available-14242153311.json core/outputs/w/workflows-runs-14242153311.json core/results/event_data_14242287015.json version.txt ; do echo "  - $file" >> CHANGELOG.md; done[0m
job-core	Update changelog	2025-04-03T11:55:27.2821070Z [36;1mecho "---------------------------------" >> CHANGELOG.md[0m
job-core	Update changelog	2025-04-03T11:55:27.2831229Z shell: /usr/bin/bash -e {0}
job-core	Update changelog	2025-04-03T11:55:27.2831683Z env:
job-core	Update changelog	2025-04-03T11:55:27.2831933Z   KAOS_MODULE: [Ka0S] VERSION
job-core	Update changelog	2025-04-03T11:55:27.2832474Z   GH_TOKEN: ***
job-core	Update changelog	2025-04-03T11:55:27.2832746Z   PATH_RESUME: core/config/
job-core	Update changelog	2025-04-03T11:55:27.2833080Z   KAOS_REPO: /actions-runner/_work/kaos/kaos
job-core	Update changelog	2025-04-03T11:55:27.2833441Z   KAOS_STEP_MODULE: 
job-core	Update changelog	2025-04-03T11:55:27.2833705Z   KAOS_CODE: 14242316319
job-core	Update changelog	2025-04-03T11:55:27.2833983Z   GH_VERSION: 0.0.59
job-core	Update changelog	2025-04-03T11:55:27.2834245Z   VERSION: 0.0.59
job-core	Update changelog	2025-04-03T11:55:27.2835496Z   CHANGE_FILES: .github/workflows/workflow-stats.yml core/outputs/w/kaos-workflows-runs.json core/outputs/w/workflows-available-14242153311.json core/outputs/w/workflows-runs-14242153311.json core/results/event_data_14242287015.json version.txt 
job-core	Update changelog	2025-04-03T11:55:27.2836826Z   NAME: Ka0s
job-core	Update changelog	2025-04-03T11:55:27.2837126Z   EMAIL: ***
job-core	Update changelog	2025-04-03T11:55:27.2837473Z   MESSAGE: H215 modulo de summary
job-core	Update changelog	2025-04-03T11:55:27.2837797Z ##[endgroup]
job-core	Push log, tag and index	ï»¿2025-04-03T11:55:27.2989990Z ##[group]Run git config --global user.name '***'
job-core	Push log, tag and index	2025-04-03T11:55:27.2991094Z [36;1mgit config --global user.name '***'[0m
job-core	Push log, tag and index	2025-04-03T11:55:27.2991557Z [36;1mgit config --global user.email '***'[0m
job-core	Push log, tag and index	2025-04-03T11:55:27.2992025Z [36;1mgit tag -a "0.0.59" -m "[Ka0S] VERSION NEW Ka0S version 0.0.59"[0m
job-core	Push log, tag and index	2025-04-03T11:55:27.2992477Z [36;1mgit push origin "0.0.59"[0m
job-core	Push log, tag and index	2025-04-03T11:55:27.2992917Z [36;1mif [ ! -f INDEX.md ]; then echo "# Version Index" > INDEX.md; fi[0m
job-core	Push log, tag and index	2025-04-03T11:55:27.2993529Z [36;1mecho "- **Version**: 0.0.59 - **Description**: H215 modulo de summary" >> INDEX.md[0m
job-core	Push log, tag and index	2025-04-03T11:55:27.2994028Z [36;1mgit add *[0m
job-core	Push log, tag and index	2025-04-03T11:55:27.2994495Z [36;1mgit commit -m "[Ka0S] VERSION  Upload: CHANGELOG.md, INDEX.md with version 0.0.59"[0m
job-core	Push log, tag and index	2025-04-03T11:55:27.2995089Z [36;1mgit push origin HEAD:H215-modulo-de-summary[0m
job-core	Push log, tag and index	2025-04-03T11:55:27.3005300Z shell: /usr/bin/bash -e {0}
job-core	Push log, tag and index	2025-04-03T11:55:27.3005647Z env:
job-core	Push log, tag and index	2025-04-03T11:55:27.3006024Z   KAOS_MODULE: [Ka0S] VERSION
job-core	Push log, tag and index	2025-04-03T11:55:27.3006589Z   GH_TOKEN: ***
job-core	Push log, tag and index	2025-04-03T11:55:27.3006861Z   PATH_RESUME: core/config/
job-core	Push log, tag and index	2025-04-03T11:55:27.3007191Z   KAOS_REPO: /actions-runner/_work/kaos/kaos
job-core	Push log, tag and index	2025-04-03T11:55:27.3007553Z   KAOS_STEP_MODULE: 
job-core	Push log, tag and index	2025-04-03T11:55:27.3007824Z   KAOS_CODE: 14242316319
job-core	Push log, tag and index	2025-04-03T11:55:27.3008105Z   GH_VERSION: 0.0.59
job-core	Push log, tag and index	2025-04-03T11:55:27.3008386Z   USER_NAME: ***
job-core	Push log, tag and index	2025-04-03T11:55:27.3008672Z   USER_EMAIL: ***
job-core	Push log, tag and index	2025-04-03T11:55:27.3008922Z ##[endgroup]
job-core	Push log, tag and index	2025-04-03T11:55:28.4512150Z To https://github.com/Ka0s-Klaus/ka0s
job-core	Push log, tag and index	2025-04-03T11:55:28.4515730Z  * [new tag]         0.0.59 -> 0.0.59
job-core	Push log, tag and index	2025-04-03T11:55:28.5399545Z [detached HEAD b59ec89] [Ka0S] VERSION  Upload: CHANGELOG.md, INDEX.md with version 0.0.59
job-core	Push log, tag and index	2025-04-03T11:55:28.5400676Z  3 files changed, 16 insertions(+), 1 deletion(-)
job-core	Push log, tag and index	2025-04-03T11:55:29.5731082Z To https://github.com/Ka0s-Klaus/ka0s
job-core	Push log, tag and index	2025-04-03T11:55:29.5731702Z    11c4291..b59ec89  HEAD -> H215-modulo-de-summary
job-core	Post Checkout code	ï»¿2025-04-03T11:55:29.5981173Z Post job cleanup.
job-core	Post Checkout code	2025-04-03T11:55:29.7365321Z [command]/usr/bin/git version
job-core	Post Checkout code	2025-04-03T11:55:29.7418556Z git version 2.48.1
job-core	Post Checkout code	2025-04-03T11:55:29.7475141Z Copying '/home/kaos/.gitconfig' to '/actions-runner/_work/_temp/8efbfe76-4e84-4b60-bc10-b383515097dd/.gitconfig'
job-core	Post Checkout code	2025-04-03T11:55:29.7494842Z Temporarily overriding HOME='/actions-runner/_work/_temp/8efbfe76-4e84-4b60-bc10-b383515097dd' before making global git config changes
job-core	Post Checkout code	2025-04-03T11:55:29.7497002Z Adding repository directory to the temporary git global config as a safe directory
job-core	Post Checkout code	2025-04-03T11:55:29.7505380Z [command]/usr/bin/git config --global --add safe.directory /actions-runner/_work/ka0s/ka0s
job-core	Post Checkout code	2025-04-03T11:55:29.7573160Z [command]/usr/bin/git config --local --name-only --get-regexp core\.sshCommand
job-core	Post Checkout code	2025-04-03T11:55:29.7625951Z [command]/usr/bin/git submodule foreach --recursive sh -c "git config --local --name-only --get-regexp 'core\.sshCommand' && git config --local --unset-all 'core.sshCommand' || :"
job-core	Post Checkout code	2025-04-03T11:55:29.8030415Z [command]/usr/bin/git config --local --name-only --get-regexp http\.https\:\/\/github\.com\/\.extraheader
job-core	Post Checkout code	2025-04-03T11:55:29.8066206Z http.https://github.com/.extraheader
job-core	Post Checkout code	2025-04-03T11:55:29.8090333Z [command]/usr/bin/git config --local --unset-all http.https://github.com/.extraheader
job-core	Post Checkout code	2025-04-03T11:55:29.8148152Z [command]/usr/bin/git submodule foreach --recursive sh -c "git config --local --name-only --get-regexp 'http\.https\:\/\/github\.com\/\.extraheader' && git config --local --unset-all 'http.https://github.com/.extraheader' || :"
job-core	Complete job	ï»¿2025-04-03T11:55:29.8743543Z Evaluate and set job outputs
job-core	Complete job	2025-04-03T11:55:29.8751921Z Set output 'KAOS_BRANCH'
job-core	Complete job	2025-04-03T11:55:29.8754163Z Set output 'KAOS_NUMBER'
job-core	Complete job	2025-04-03T11:55:29.8755149Z Set output 'KAOS_VERSION'
job-core	Complete job	2025-04-03T11:55:29.8756504Z Set output 'KAOS_FILES'
job-core	Complete job	2025-04-03T11:55:29.8756885Z Set output 'AUTHOR_NAME'
job-core	Complete job	2025-04-03T11:55:29.8767339Z ##[warning]Skip output 'AUTHOR_EMAIL' since it may contain secret.
job-core	Complete job	2025-04-03T11:55:29.8775583Z Set output 'COMMIT_MESSAGE'
job-core	Complete job	2025-04-03T11:55:29.8776723Z Cleaning up orphan processes
handle-success	Set up job	ï»¿2025-04-03T11:55:38.0324903Z Current runner version: '2.323.0'
handle-success	Set up job	2025-04-03T11:55:38.0333476Z Runner name: 'ka0s-1'
handle-success	Set up job	2025-04-03T11:55:38.0334463Z Machine name: '419612ea1a87'
handle-success	Set up job	2025-04-03T11:55:38.0337282Z ##[group]GITHUB_TOKEN Permissions
handle-success	Set up job	2025-04-03T11:55:38.0340980Z Actions: write
handle-success	Set up job	2025-04-03T11:55:38.0341705Z Contents: write
handle-success	Set up job	2025-04-03T11:55:38.0342236Z Issues: write
handle-success	Set up job	2025-04-03T11:55:38.0342752Z Metadata: read
handle-success	Set up job	2025-04-03T11:55:38.0343252Z ##[endgroup]
handle-success	Set up job	2025-04-03T11:55:38.0346131Z Secret source: Actions
handle-success	Set up job	2025-04-03T11:55:38.0347112Z Prepare workflow directory
handle-success	Set up job	2025-04-03T11:55:38.1193357Z Prepare all required actions
handle-success	Set up job	2025-04-03T11:55:38.1280485Z Getting action download info
handle-success	Set up job	2025-04-03T11:55:38.9374717Z Download action repository 'actions/checkout@v4' (SHA:11bd71901bbe5b1630ceea73d27597364c9af683)
handle-success	Set up job	2025-04-03T11:55:40.9218014Z Complete job name: handle-success
handle-success	Checkout code	ï»¿2025-04-03T11:55:41.0086206Z ##[group]Run actions/checkout@v4
handle-success	Checkout code	2025-04-03T11:55:41.0088141Z with:
handle-success	Checkout code	2025-04-03T11:55:41.0089056Z   fetch-depth: 0
handle-success	Checkout code	2025-04-03T11:55:41.0090793Z   token: ***
handle-success	Checkout code	2025-04-03T11:55:41.0091847Z   repository: Ka0s-Klaus/ka0s
handle-success	Checkout code	2025-04-03T11:55:41.0093000Z   ssh-strict: true
handle-success	Checkout code	2025-04-03T11:55:41.0093941Z   ssh-user: git
handle-success	Checkout code	2025-04-03T11:55:41.0094912Z   persist-credentials: true
handle-success	Checkout code	2025-04-03T11:55:41.0096001Z   clean: true
handle-success	Checkout code	2025-04-03T11:55:41.0097003Z   sparse-checkout-cone-mode: true
handle-success	Checkout code	2025-04-03T11:55:41.0098237Z   fetch-tags: false
handle-success	Checkout code	2025-04-03T11:55:41.0099218Z   show-progress: true
handle-success	Checkout code	2025-04-03T11:55:41.0100434Z   lfs: false
handle-success	Checkout code	2025-04-03T11:55:41.0101362Z   submodules: false
handle-success	Checkout code	2025-04-03T11:55:41.0102411Z   set-safe-directory: true
handle-success	Checkout code	2025-04-03T11:55:41.0104189Z env:
handle-success	Checkout code	2025-04-03T11:55:41.0105080Z   KAOS_MODULE: [Ka0S] VERSION
handle-success	Checkout code	2025-04-03T11:55:41.0106669Z   GH_TOKEN: ***
handle-success	Checkout code	2025-04-03T11:55:41.0107638Z   PATH_RESUME: core/config/
handle-success	Checkout code	2025-04-03T11:55:41.0108860Z   KAOS_REPO: /actions-runner/_work/kaos/kaos
handle-success	Checkout code	2025-04-03T11:55:41.0110311Z   KAOS_STEP_MODULE: 
handle-success	Checkout code	2025-04-03T11:55:41.0111406Z   KAOS_CODE: 14242316319
handle-success	Checkout code	2025-04-03T11:55:41.0112437Z   GH_VERSION: 
handle-success	Checkout code	2025-04-03T11:55:41.0113315Z ##[endgroup]
handle-success	Checkout code	2025-04-03T11:55:41.1807752Z Syncing repository: Ka0s-Klaus/ka0s
handle-success	Checkout code	2025-04-03T11:55:41.1813516Z ##[group]Getting Git version info
handle-success	Checkout code	2025-04-03T11:55:41.1816371Z Working directory is '/actions-runner/_work/ka0s/ka0s'
handle-success	Checkout code	2025-04-03T11:55:41.1820687Z [command]/usr/bin/git version
handle-success	Checkout code	2025-04-03T11:55:41.1822746Z git version 2.48.1
handle-success	Checkout code	2025-04-03T11:55:41.1829106Z ##[endgroup]
handle-success	Checkout code	2025-04-03T11:55:41.1853914Z Copying '/home/kaos/.gitconfig' to '/actions-runner/_work/_temp/94e65fc4-07c8-4e6d-8ceb-64574208ecca/.gitconfig'
handle-success	Checkout code	2025-04-03T11:55:41.1872969Z Temporarily overriding HOME='/actions-runner/_work/_temp/94e65fc4-07c8-4e6d-8ceb-64574208ecca' before making global git config changes
handle-success	Checkout code	2025-04-03T11:55:41.1879706Z Adding repository directory to the temporary git global config as a safe directory
handle-success	Checkout code	2025-04-03T11:55:41.1888437Z [command]/usr/bin/git config --global --add safe.directory /actions-runner/_work/ka0s/ka0s
handle-success	Checkout code	2025-04-03T11:55:41.1951427Z [command]/usr/bin/git config --local --get remote.origin.url
handle-success	Checkout code	2025-04-03T11:55:41.1985492Z https://github.com/Ka0s-Klaus/ka0s
handle-success	Checkout code	2025-04-03T11:55:41.2017993Z ##[group]Removing previously created refs, to avoid conflicts
handle-success	Checkout code	2025-04-03T11:55:41.2027330Z [command]/usr/bin/git rev-parse --symbolic-full-name --verify --quiet HEAD
handle-success	Checkout code	2025-04-03T11:55:41.2064337Z refs/heads/H215-modulo-de-summary
handle-success	Checkout code	2025-04-03T11:55:41.2078738Z [command]/usr/bin/git checkout --detach
handle-success	Checkout code	2025-04-03T11:55:41.2264922Z HEAD is now at 4615b10 AÃ±adimos una excepcion para crear estadisticas diferenciadas por modulos
handle-success	Checkout code	2025-04-03T11:55:41.2362175Z [command]/usr/bin/git branch --delete --force H215-modulo-de-summary
handle-success	Checkout code	2025-04-03T11:55:41.2423378Z Deleted branch H215-modulo-de-summary (was 4615b10).
handle-success	Checkout code	2025-04-03T11:55:41.2434092Z ##[endgroup]
handle-success	Checkout code	2025-04-03T11:55:41.2441343Z [command]/usr/bin/git submodule status
handle-success	Checkout code	2025-04-03T11:55:41.2968366Z ##[group]Cleaning the repository
handle-success	Checkout code	2025-04-03T11:55:41.2970786Z [command]/usr/bin/git clean -ffdx
handle-success	Checkout code	2025-04-03T11:55:41.3074157Z [command]/usr/bin/git reset --hard HEAD
handle-success	Checkout code	2025-04-03T11:55:41.3340413Z HEAD is now at 4615b10 AÃ±adimos una excepcion para crear estadisticas diferenciadas por modulos
handle-success	Checkout code	2025-04-03T11:55:41.3353321Z ##[endgroup]
handle-success	Checkout code	2025-04-03T11:55:41.3355940Z ##[group]Disabling automatic garbage collection
handle-success	Checkout code	2025-04-03T11:55:41.3360452Z [command]/usr/bin/git config --local gc.auto 0
handle-success	Checkout code	2025-04-03T11:55:41.3420563Z ##[endgroup]
handle-success	Checkout code	2025-04-03T11:55:41.3423319Z ##[group]Setting up auth
handle-success	Checkout code	2025-04-03T11:55:41.3432098Z [command]/usr/bin/git config --local --name-only --get-regexp core\.sshCommand
handle-success	Checkout code	2025-04-03T11:55:41.3483994Z [command]/usr/bin/git submodule foreach --recursive sh -c "git config --local --name-only --get-regexp 'core\.sshCommand' && git config --local --unset-all 'core.sshCommand' || :"
handle-success	Checkout code	2025-04-03T11:55:41.3907850Z [command]/usr/bin/git config --local --name-only --get-regexp http\.https\:\/\/github\.com\/\.extraheader
handle-success	Checkout code	2025-04-03T11:55:41.3961851Z [command]/usr/bin/git submodule foreach --recursive sh -c "git config --local --name-only --get-regexp 'http\.https\:\/\/github\.com\/\.extraheader' && git config --local --unset-all 'http.https://github.com/.extraheader' || :"
handle-success	Checkout code	2025-04-03T11:55:41.4364817Z [command]/usr/bin/git config --local http.https://github.com/.extraheader AUTHORIZATION: basic ***
handle-success	Checkout code	2025-04-03T11:55:41.4433345Z ##[endgroup]
handle-success	Checkout code	2025-04-03T11:55:41.4436427Z ##[group]Fetching the repository
handle-success	Checkout code	2025-04-03T11:55:41.4454143Z [command]/usr/bin/git -c protocol.version=2 fetch --prune --no-recurse-submodules origin +refs/heads/*:refs/remotes/origin/* +refs/tags/*:refs/tags/* +939577598a8510aea71458ebd6db82792f586353:refs/remotes/pull/281/merge
handle-success	Checkout code	2025-04-03T11:55:42.6111632Z From https://github.com/Ka0s-Klaus/ka0s
handle-success	Checkout code	2025-04-03T11:55:42.6117232Z    4615b10..b59ec89  H215-modulo-de-summary                   -> origin/H215-modulo-de-summary
handle-success	Checkout code	2025-04-03T11:55:42.6119365Z    ba19946..bd62cea  main                                     -> origin/main
handle-success	Checkout code	2025-04-03T11:55:42.6131473Z  * [new tag]         0.0.59                                   -> 0.0.59
handle-success	Checkout code	2025-04-03T11:55:42.6132802Z  * [new ref]         939577598a8510aea71458ebd6db82792f586353 -> pull/281/merge
handle-success	Checkout code	2025-04-03T11:55:42.6213484Z ##[endgroup]
handle-success	Checkout code	2025-04-03T11:55:42.6215232Z ##[group]Determining the checkout info
handle-success	Checkout code	2025-04-03T11:55:42.6218994Z ##[endgroup]
handle-success	Checkout code	2025-04-03T11:55:42.6224042Z [command]/usr/bin/git sparse-checkout disable
handle-success	Checkout code	2025-04-03T11:55:42.6337049Z [command]/usr/bin/git config --local --unset-all extensions.worktreeConfig
handle-success	Checkout code	2025-04-03T11:55:42.6393444Z ##[group]Checking out the ref
handle-success	Checkout code	2025-04-03T11:55:42.6401919Z [command]/usr/bin/git checkout --progress --force refs/remotes/pull/281/merge
handle-success	Checkout code	2025-04-03T11:55:42.6823375Z Previous HEAD position was 4615b10 AÃ±adimos una excepcion para crear estadisticas diferenciadas por modulos
handle-success	Checkout code	2025-04-03T11:55:42.6827001Z HEAD is now at 9395775 Merge 11c429185fed4daa4645e18609288a4904ef830a into bd62ceab7452b9780f643b142d0cb3bb70240b7f
handle-success	Checkout code	2025-04-03T11:55:42.6883346Z ##[endgroup]
handle-success	Checkout code	2025-04-03T11:55:42.6912013Z [command]/usr/bin/git log -1 --format=%H
handle-success	Checkout code	2025-04-03T11:55:42.6950001Z 939577598a8510aea71458ebd6db82792f586353
handle-success	handle-success-execution	ï»¿2025-04-03T11:55:42.7240413Z ##[group]Run # Si todo ha ido correcto aÃ±adimos el contenido del fichero 
handle-success	handle-success-execution	2025-04-03T11:55:42.7241488Z [36;1m# Si todo ha ido correcto aÃ±adimos el contenido del fichero [0m
handle-success	handle-success-execution	2025-04-03T11:55:42.7242094Z [36;1mRNNUMBER=$(echo "refs/pull/281/merge" | grep -o '[0-9]*')[0m
handle-success	handle-success-execution	2025-04-03T11:55:42.7243076Z [36;1mgh issue comment $RNNUMBER --body "El proceso ha finalizado correctamente 14242316319. El resultado estÃ¡ en el fichero core/results/event_data_14242316319.log"[0m
handle-success	handle-success-execution	2025-04-03T11:55:42.7258421Z shell: /usr/bin/bash -e {0}
handle-success	handle-success-execution	2025-04-03T11:55:42.7258834Z env:
handle-success	handle-success-execution	2025-04-03T11:55:42.7259133Z   KAOS_MODULE: [Ka0S] VERSION
handle-success	handle-success-execution	2025-04-03T11:55:42.7259829Z   GH_TOKEN: ***
handle-success	handle-success-execution	2025-04-03T11:55:42.7260567Z   PATH_RESUME: core/config/
handle-success	handle-success-execution	2025-04-03T11:55:42.7261112Z   KAOS_REPO: /actions-runner/_work/kaos/kaos
handle-success	handle-success-execution	2025-04-03T11:55:42.7261507Z   KAOS_STEP_MODULE: 
handle-success	handle-success-execution	2025-04-03T11:55:42.7261828Z   KAOS_CODE: 14242316319
handle-success	handle-success-execution	2025-04-03T11:55:42.7262144Z   GH_VERSION: 
handle-success	handle-success-execution	2025-04-03T11:55:42.7262431Z ##[endgroup]
handle-success	handle-success-execution	2025-04-03T11:55:43.9911835Z https://github.com/Ka0s-Klaus/ka0s/pull/281#issuecomment-2775518762
handle-success	Post Checkout code	ï»¿2025-04-03T11:55:44.0159704Z Post job cleanup.
handle-success	Post Checkout code	2025-04-03T11:55:44.1760961Z [command]/usr/bin/git version
handle-success	Post Checkout code	2025-04-03T11:55:44.1830974Z git version 2.48.1
handle-success	Post Checkout code	2025-04-03T11:55:44.1902874Z Copying '/home/kaos/.gitconfig' to '/actions-runner/_work/_temp/48b818e7-4e8c-4453-aabf-901e64c8c08c/.gitconfig'
handle-success	Post Checkout code	2025-04-03T11:55:44.1932070Z Temporarily overriding HOME='/actions-runner/_work/_temp/48b818e7-4e8c-4453-aabf-901e64c8c08c' before making global git config changes
handle-success	Post Checkout code	2025-04-03T11:55:44.1933909Z Adding repository directory to the temporary git global config as a safe directory
handle-success	Post Checkout code	2025-04-03T11:55:44.1992338Z [command]/usr/bin/git config --global --add safe.directory /actions-runner/_work/ka0s/ka0s
handle-success	Post Checkout code	2025-04-03T11:55:44.2081060Z [command]/usr/bin/git config --local --name-only --get-regexp core\.sshCommand
handle-success	Post Checkout code	2025-04-03T11:55:44.2148240Z [command]/usr/bin/git submodule foreach --recursive sh -c "git config --local --name-only --get-regexp 'core\.sshCommand' && git config --local --unset-all 'core.sshCommand' || :"
handle-success	Post Checkout code	2025-04-03T11:55:44.2627051Z [command]/usr/bin/git config --local --name-only --get-regexp http\.https\:\/\/github\.com\/\.extraheader
handle-success	Post Checkout code	2025-04-03T11:55:44.2666213Z http.https://github.com/.extraheader
handle-success	Post Checkout code	2025-04-03T11:55:44.2691216Z [command]/usr/bin/git config --local --unset-all http.https://github.com/.extraheader
handle-success	Post Checkout code	2025-04-03T11:55:44.2762553Z [command]/usr/bin/git submodule foreach --recursive sh -c "git config --local --name-only --get-regexp 'http\.https\:\/\/github\.com\/\.extraheader' && git config --local --unset-all 'http.https://github.com/.extraheader' || :"
handle-success	Complete job	ï»¿2025-04-03T11:55:44.3335351Z Cleaning up orphan processes
end-workflow	Set up job	ï»¿2025-04-03T11:55:52.1110450Z Current runner version: '2.323.0'
end-workflow	Set up job	2025-04-03T11:55:52.1118559Z Runner name: 'ka0s-1'
end-workflow	Set up job	2025-04-03T11:55:52.1119561Z Machine name: '419612ea1a87'
end-workflow	Set up job	2025-04-03T11:55:52.1122908Z ##[group]GITHUB_TOKEN Permissions
end-workflow	Set up job	2025-04-03T11:55:52.1125747Z Actions: write
end-workflow	Set up job	2025-04-03T11:55:52.1126352Z Contents: write
end-workflow	Set up job	2025-04-03T11:55:52.1126878Z Issues: write
end-workflow	Set up job	2025-04-03T11:55:52.1127372Z Metadata: read
end-workflow	Set up job	2025-04-03T11:55:52.1127871Z ##[endgroup]
end-workflow	Set up job	2025-04-03T11:55:52.1130723Z Secret source: Actions
end-workflow	Set up job	2025-04-03T11:55:52.1131641Z Prepare workflow directory
end-workflow	Set up job	2025-04-03T11:55:52.1996971Z Prepare all required actions
end-workflow	Set up job	2025-04-03T11:55:52.2048969Z Getting action download info
end-workflow	Set up job	2025-04-03T11:55:52.9393690Z Download action repository 'actions/checkout@v4' (SHA:11bd71901bbe5b1630ceea73d27597364c9af683)
end-workflow	Set up job	2025-04-03T11:55:55.2443648Z Complete job name: end-workflow
end-workflow	Checkout code	ï»¿2025-04-03T11:55:55.3115626Z ##[group]Run actions/checkout@v4
end-workflow	Checkout code	2025-04-03T11:55:55.3116972Z with:
end-workflow	Checkout code	2025-04-03T11:55:55.3117562Z   fetch-depth: 0
end-workflow	Checkout code	2025-04-03T11:55:55.3118499Z   token: ***
end-workflow	Checkout code	2025-04-03T11:55:55.3119195Z   repository: Ka0s-Klaus/ka0s
end-workflow	Checkout code	2025-04-03T11:55:55.3119905Z   ssh-strict: true
end-workflow	Checkout code	2025-04-03T11:55:55.3121175Z   ssh-user: git
end-workflow	Checkout code	2025-04-03T11:55:55.3121822Z   persist-credentials: true
end-workflow	Checkout code	2025-04-03T11:55:55.3122518Z   clean: true
end-workflow	Checkout code	2025-04-03T11:55:55.3123143Z   sparse-checkout-cone-mode: true
end-workflow	Checkout code	2025-04-03T11:55:55.3123900Z   fetch-tags: false
end-workflow	Checkout code	2025-04-03T11:55:55.3124523Z   show-progress: true
end-workflow	Checkout code	2025-04-03T11:55:55.3125164Z   lfs: false
end-workflow	Checkout code	2025-04-03T11:55:55.3125748Z   submodules: false
end-workflow	Checkout code	2025-04-03T11:55:55.3126400Z   set-safe-directory: true
end-workflow	Checkout code	2025-04-03T11:55:55.3127403Z env:
end-workflow	Checkout code	2025-04-03T11:55:55.3127992Z   KAOS_MODULE: [Ka0S] VERSION
end-workflow	Checkout code	2025-04-03T11:55:55.3128936Z   GH_TOKEN: ***
end-workflow	Checkout code	2025-04-03T11:55:55.3129567Z   PATH_RESUME: core/config/
end-workflow	Checkout code	2025-04-03T11:55:55.3130527Z   KAOS_REPO: /actions-runner/_work/kaos/kaos
end-workflow	Checkout code	2025-04-03T11:55:55.3131355Z   KAOS_STEP_MODULE: 
end-workflow	Checkout code	2025-04-03T11:55:55.3132054Z   KAOS_CODE: 14242316319
end-workflow	Checkout code	2025-04-03T11:55:55.3132715Z   GH_VERSION: 
end-workflow	Checkout code	2025-04-03T11:55:55.3133310Z ##[endgroup]
end-workflow	Checkout code	2025-04-03T11:55:55.4706806Z Syncing repository: Ka0s-Klaus/ka0s
end-workflow	Checkout code	2025-04-03T11:55:55.4710909Z ##[group]Getting Git version info
end-workflow	Checkout code	2025-04-03T11:55:55.4713062Z Working directory is '/actions-runner/_work/ka0s/ka0s'
end-workflow	Checkout code	2025-04-03T11:55:55.4715691Z [command]/usr/bin/git version
end-workflow	Checkout code	2025-04-03T11:55:55.4716474Z git version 2.48.1
end-workflow	Checkout code	2025-04-03T11:55:55.4718861Z ##[endgroup]
end-workflow	Checkout code	2025-04-03T11:55:55.4730495Z Copying '/home/kaos/.gitconfig' to '/actions-runner/_work/_temp/e738551b-3fa0-4152-ab4d-f40548782f60/.gitconfig'
end-workflow	Checkout code	2025-04-03T11:55:55.4760620Z Temporarily overriding HOME='/actions-runner/_work/_temp/e738551b-3fa0-4152-ab4d-f40548782f60' before making global git config changes
end-workflow	Checkout code	2025-04-03T11:55:55.4764429Z Adding repository directory to the temporary git global config as a safe directory
end-workflow	Checkout code	2025-04-03T11:55:55.4766435Z [command]/usr/bin/git config --global --add safe.directory /actions-runner/_work/ka0s/ka0s
end-workflow	Checkout code	2025-04-03T11:55:55.4821700Z [command]/usr/bin/git config --local --get remote.origin.url
end-workflow	Checkout code	2025-04-03T11:55:55.4851770Z https://github.com/Ka0s-Klaus/ka0s
end-workflow	Checkout code	2025-04-03T11:55:55.4880928Z ##[group]Removing previously created refs, to avoid conflicts
end-workflow	Checkout code	2025-04-03T11:55:55.4888413Z [command]/usr/bin/git rev-parse --symbolic-full-name --verify --quiet HEAD
end-workflow	Checkout code	2025-04-03T11:55:55.4919720Z HEAD
end-workflow	Checkout code	2025-04-03T11:55:55.4983180Z ##[endgroup]
end-workflow	Checkout code	2025-04-03T11:55:55.4985172Z [command]/usr/bin/git submodule status
end-workflow	Checkout code	2025-04-03T11:55:55.5369749Z ##[group]Cleaning the repository
end-workflow	Checkout code	2025-04-03T11:55:55.5373285Z [command]/usr/bin/git clean -ffdx
end-workflow	Checkout code	2025-04-03T11:55:55.5447105Z [command]/usr/bin/git reset --hard HEAD
end-workflow	Checkout code	2025-04-03T11:55:55.5676186Z HEAD is now at 9395775 Merge 11c429185fed4daa4645e18609288a4904ef830a into bd62ceab7452b9780f643b142d0cb3bb70240b7f
end-workflow	Checkout code	2025-04-03T11:55:55.5685985Z ##[endgroup]
end-workflow	Checkout code	2025-04-03T11:55:55.5690300Z ##[group]Disabling automatic garbage collection
end-workflow	Checkout code	2025-04-03T11:55:55.5692308Z [command]/usr/bin/git config --local gc.auto 0
end-workflow	Checkout code	2025-04-03T11:55:55.5738693Z ##[endgroup]
end-workflow	Checkout code	2025-04-03T11:55:55.5741549Z ##[group]Setting up auth
end-workflow	Checkout code	2025-04-03T11:55:55.5744412Z [command]/usr/bin/git config --local --name-only --get-regexp core\.sshCommand
end-workflow	Checkout code	2025-04-03T11:55:55.5796923Z [command]/usr/bin/git submodule foreach --recursive sh -c "git config --local --name-only --get-regexp 'core\.sshCommand' && git config --local --unset-all 'core.sshCommand' || :"
end-workflow	Checkout code	2025-04-03T11:55:55.6186469Z [command]/usr/bin/git config --local --name-only --get-regexp http\.https\:\/\/github\.com\/\.extraheader
end-workflow	Checkout code	2025-04-03T11:55:55.6232415Z [command]/usr/bin/git submodule foreach --recursive sh -c "git config --local --name-only --get-regexp 'http\.https\:\/\/github\.com\/\.extraheader' && git config --local --unset-all 'http.https://github.com/.extraheader' || :"
end-workflow	Checkout code	2025-04-03T11:55:55.6624226Z [command]/usr/bin/git config --local http.https://github.com/.extraheader AUTHORIZATION: basic ***
end-workflow	Checkout code	2025-04-03T11:55:55.6681708Z ##[endgroup]
end-workflow	Checkout code	2025-04-03T11:55:55.6683483Z ##[group]Fetching the repository
end-workflow	Checkout code	2025-04-03T11:55:55.6695302Z [command]/usr/bin/git -c protocol.version=2 fetch --prune --no-recurse-submodules origin +refs/heads/*:refs/remotes/origin/* +refs/tags/*:refs/tags/* +939577598a8510aea71458ebd6db82792f586353:refs/remotes/pull/281/merge
end-workflow	Checkout code	2025-04-03T11:55:56.6306657Z ##[endgroup]
end-workflow	Checkout code	2025-04-03T11:55:56.6310400Z ##[group]Determining the checkout info
end-workflow	Checkout code	2025-04-03T11:55:56.6312926Z ##[endgroup]
end-workflow	Checkout code	2025-04-03T11:55:56.6316231Z [command]/usr/bin/git sparse-checkout disable
end-workflow	Checkout code	2025-04-03T11:55:56.6410245Z [command]/usr/bin/git config --local --unset-all extensions.worktreeConfig
end-workflow	Checkout code	2025-04-03T11:55:56.6456381Z ##[group]Checking out the ref
end-workflow	Checkout code	2025-04-03T11:55:56.6460492Z [command]/usr/bin/git checkout --progress --force refs/remotes/pull/281/merge
end-workflow	Checkout code	2025-04-03T11:55:56.6581492Z HEAD is now at 9395775 Merge 11c429185fed4daa4645e18609288a4904ef830a into bd62ceab7452b9780f643b142d0cb3bb70240b7f
end-workflow	Checkout code	2025-04-03T11:55:56.6592342Z ##[endgroup]
end-workflow	Checkout code	2025-04-03T11:55:56.6645873Z [command]/usr/bin/git log -1 --format=%H
end-workflow	Checkout code	2025-04-03T11:55:56.6686013Z 939577598a8510aea71458ebd6db82792f586353
end-workflow	Finaliza el workflow	ï»¿2025-04-03T11:55:56.7028158Z ##[group]Run echo "End process"
end-workflow	Finaliza el workflow	2025-04-03T11:55:56.7029800Z [36;1mecho "End process"[0m
end-workflow	Finaliza el workflow	2025-04-03T11:55:56.7032095Z [36;1mRNNUMBER=$(echo "refs/pull/281/merge" | grep -o '[0-9]*')[0m
end-workflow	Finaliza el workflow	2025-04-03T11:55:56.7034399Z [36;1mgh issue comment $RNNUMBER --body "Se finaliza Ka0s 14242316319"[0m
end-workflow	Finaliza el workflow	2025-04-03T11:55:56.7037806Z [36;1mgh workflow run inspector.yml --ref 'main' -f kaos-issue-id=$RNNUMBER -f kaos-workflow-id="14242316319" -f kaos-user-start=""[0m
end-workflow	Finaliza el workflow	2025-04-03T11:55:56.7056389Z shell: /usr/bin/bash -e {0}
end-workflow	Finaliza el workflow	2025-04-03T11:55:56.7057607Z env:
end-workflow	Finaliza el workflow	2025-04-03T11:55:56.7058520Z   KAOS_MODULE: [Ka0S] VERSION
end-workflow	Finaliza el workflow	2025-04-03T11:55:56.7060834Z   GH_TOKEN: ***
end-workflow	Finaliza el workflow	2025-04-03T11:55:56.7061854Z   PATH_RESUME: core/config/
end-workflow	Finaliza el workflow	2025-04-03T11:55:56.7063113Z   KAOS_REPO: /actions-runner/_work/kaos/kaos
end-workflow	Finaliza el workflow	2025-04-03T11:55:56.7064511Z   KAOS_STEP_MODULE: 
end-workflow	Finaliza el workflow	2025-04-03T11:55:56.7065539Z   KAOS_CODE: 14242316319
end-workflow	Finaliza el workflow	2025-04-03T11:55:56.7153282Z   GH_VERSION: 
end-workflow	Finaliza el workflow	2025-04-03T11:55:56.7155413Z ##[endgroup]
end-workflow	Finaliza el workflow	2025-04-03T11:55:56.7238544Z End process
end-workflow	Finaliza el workflow	2025-04-03T11:55:57.9412631Z https://github.com/Ka0s-Klaus/ka0s/pull/281#issuecomment-2775519287
end-workflow	Post Checkout code	ï»¿2025-04-03T11:55:59.0950773Z Post job cleanup.
end-workflow	Post Checkout code	2025-04-03T11:55:59.2668401Z [command]/usr/bin/git version
end-workflow	Post Checkout code	2025-04-03T11:55:59.2762352Z git version 2.48.1
end-workflow	Post Checkout code	2025-04-03T11:55:59.2837425Z Copying '/home/kaos/.gitconfig' to '/actions-runner/_work/_temp/418026dd-f8d2-46f1-9d98-320a2cc188a3/.gitconfig'
end-workflow	Post Checkout code	2025-04-03T11:55:59.2903815Z Temporarily overriding HOME='/actions-runner/_work/_temp/418026dd-f8d2-46f1-9d98-320a2cc188a3' before making global git config changes
end-workflow	Post Checkout code	2025-04-03T11:55:59.2911287Z Adding repository directory to the temporary git global config as a safe directory
end-workflow	Post Checkout code	2025-04-03T11:55:59.2926423Z [command]/usr/bin/git config --global --add safe.directory /actions-runner/_work/ka0s/ka0s
end-workflow	Post Checkout code	2025-04-03T11:55:59.3017265Z [command]/usr/bin/git config --local --name-only --get-regexp core\.sshCommand
end-workflow	Post Checkout code	2025-04-03T11:55:59.3096437Z [command]/usr/bin/git submodule foreach --recursive sh -c "git config --local --name-only --get-regexp 'core\.sshCommand' && git config --local --unset-all 'core.sshCommand' || :"
end-workflow	Post Checkout code	2025-04-03T11:55:59.3611677Z [command]/usr/bin/git config --local --name-only --get-regexp http\.https\:\/\/github\.com\/\.extraheader
end-workflow	Post Checkout code	2025-04-03T11:55:59.3649693Z http.https://github.com/.extraheader
end-workflow	Post Checkout code	2025-04-03T11:55:59.3666583Z [command]/usr/bin/git config --local --unset-all http.https://github.com/.extraheader
end-workflow	Post Checkout code	2025-04-03T11:55:59.3750757Z [command]/usr/bin/git submodule foreach --recursive sh -c "git config --local --name-only --get-regexp 'http\.https\:\/\/github\.com\/\.extraheader' && git config --local --unset-all 'http.https://github.com/.extraheader' || :"
end-workflow	Complete job	ï»¿2025-04-03T11:55:59.4324097Z Cleaning up orphan processes
