job-core	Set up job	ï»¿2025-04-23T11:08:49.1947004Z Current runner version: '2.323.0'
job-core	Set up job	2025-04-23T11:08:49.1950915Z Runner name: 'ka0s-9'
job-core	Set up job	2025-04-23T11:08:49.1951475Z Machine name: '26a53205c9ac'
job-core	Set up job	2025-04-23T11:08:49.1953172Z ##[group]GITHUB_TOKEN Permissions
job-core	Set up job	2025-04-23T11:08:49.1954900Z Actions: write
job-core	Set up job	2025-04-23T11:08:49.1955206Z Contents: write
job-core	Set up job	2025-04-23T11:08:49.1955498Z Issues: write
job-core	Set up job	2025-04-23T11:08:49.1955779Z Metadata: read
job-core	Set up job	2025-04-23T11:08:49.1956059Z PullRequests: write
job-core	Set up job	2025-04-23T11:08:49.1956345Z ##[endgroup]
job-core	Set up job	2025-04-23T11:08:49.1957743Z Secret source: Actions
job-core	Set up job	2025-04-23T11:08:49.1958111Z Prepare workflow directory
job-core	Set up job	2025-04-23T11:08:49.2357237Z Prepare all required actions
job-core	Set up job	2025-04-23T11:08:49.2385107Z Getting action download info
job-core	Set up job	2025-04-23T11:08:49.8396024Z Download action repository 'actions/checkout@v4' (SHA:11bd71901bbe5b1630ceea73d27597364c9af683)
job-core	Set up job	2025-04-23T11:08:50.4727011Z Download action repository 'actions/setup-node@v2' (SHA:7c12f8017d5436eb855f1ed4399f037a36fbd9e8)
job-core	Set up job	2025-04-23T11:08:51.4199715Z Complete job name: job-core
job-core	Checkout code	ï»¿2025-04-23T11:08:51.4551553Z ##[group]Run actions/checkout@v4
job-core	Checkout code	2025-04-23T11:08:51.4552495Z with:
job-core	Checkout code	2025-04-23T11:08:51.4552994Z   fetch-depth: 0
job-core	Checkout code	2025-04-23T11:08:51.4553837Z   token: ***
job-core	Checkout code	2025-04-23T11:08:51.4554367Z   repository: Ka0s-Klaus/ka0s
job-core	Checkout code	2025-04-23T11:08:51.4555012Z   ssh-strict: true
job-core	Checkout code	2025-04-23T11:08:51.4555544Z   ssh-user: git
job-core	Checkout code	2025-04-23T11:08:51.4556093Z   persist-credentials: true
job-core	Checkout code	2025-04-23T11:08:51.4556712Z   clean: true
job-core	Checkout code	2025-04-23T11:08:51.4557265Z   sparse-checkout-cone-mode: true
job-core	Checkout code	2025-04-23T11:08:51.4557948Z   fetch-tags: false
job-core	Checkout code	2025-04-23T11:08:51.4558494Z   show-progress: true
job-core	Checkout code	2025-04-23T11:08:51.4559057Z   lfs: false
job-core	Checkout code	2025-04-23T11:08:51.4559564Z   submodules: false
job-core	Checkout code	2025-04-23T11:08:51.4560121Z   set-safe-directory: true
job-core	Checkout code	2025-04-23T11:08:51.4560834Z env:
job-core	Checkout code	2025-04-23T11:08:51.4561324Z   KAOS_MODULE: [Ka0S] JSONLINT
job-core	Checkout code	2025-04-23T11:08:51.4562256Z   GH_TOKEN: ***
job-core	Checkout code	2025-04-23T11:08:51.4562885Z   KAOS_JSONLINT_CONFIG: core/config/.jsonlint.json
job-core	Checkout code	2025-04-23T11:08:51.4563712Z   KAOS_PATH_RESUME: core/outputs/j/
job-core	Checkout code	2025-04-23T11:08:51.4564518Z   KAOS_REPO: /actions-runner/_work/kaos/kaos
job-core	Checkout code	2025-04-23T11:08:51.4565267Z   KAOS_STEP_MODULE: 
job-core	Checkout code	2025-04-23T11:08:51.4565841Z   KAOS_CODE: 14246717190
job-core	Checkout code	2025-04-23T11:08:51.4566427Z   KAOS_REF_BRANCH: main
job-core	Checkout code	2025-04-23T11:08:51.4566999Z ##[endgroup]
job-core	Checkout code	2025-04-23T11:08:51.5344612Z Syncing repository: Ka0s-Klaus/ka0s
job-core	Checkout code	2025-04-23T11:08:51.5346308Z ##[group]Getting Git version info
job-core	Checkout code	2025-04-23T11:08:51.5347116Z Working directory is '/actions-runner/_work/ka0s/ka0s'
job-core	Checkout code	2025-04-23T11:08:51.5348345Z [command]/usr/bin/git version
job-core	Checkout code	2025-04-23T11:08:51.5348947Z git version 2.43.0
job-core	Checkout code	2025-04-23T11:08:51.5350834Z ##[endgroup]
job-core	Checkout code	2025-04-23T11:08:51.5355544Z Copying '/home/kaos/.gitconfig' to '/actions-runner/_work/_temp/1e6d72ff-0076-4e2b-a24f-c99776adc71f/.gitconfig'
job-core	Checkout code	2025-04-23T11:08:51.5363977Z Temporarily overriding HOME='/actions-runner/_work/_temp/1e6d72ff-0076-4e2b-a24f-c99776adc71f' before making global git config changes
job-core	Checkout code	2025-04-23T11:08:51.5365926Z Adding repository directory to the temporary git global config as a safe directory
job-core	Checkout code	2025-04-23T11:08:51.5368331Z [command]/usr/bin/git config --global --add safe.directory /actions-runner/_work/ka0s/ka0s
job-core	Checkout code	2025-04-23T11:08:51.5414252Z [command]/usr/bin/git config --local --get remote.origin.url
job-core	Checkout code	2025-04-23T11:08:51.5434409Z https://github.com/Ka0s-Klaus/ka0s
job-core	Checkout code	2025-04-23T11:08:51.5452753Z ##[group]Removing previously created refs, to avoid conflicts
job-core	Checkout code	2025-04-23T11:08:51.5456218Z [command]/usr/bin/git rev-parse --symbolic-full-name --verify --quiet HEAD
job-core	Checkout code	2025-04-23T11:08:51.5478258Z refs/heads/H220-web-de-resultados
job-core	Checkout code	2025-04-23T11:08:51.5482429Z [command]/usr/bin/git checkout --detach
job-core	Checkout code	2025-04-23T11:08:51.5618232Z HEAD is now at a9feb357 Actions performance responsive
job-core	Checkout code	2025-04-23T11:08:51.5649033Z [command]/usr/bin/git branch --delete --force H220-web-de-resultados
job-core	Checkout code	2025-04-23T11:08:51.5679203Z Deleted branch H220-web-de-resultados (was a9feb357).
job-core	Checkout code	2025-04-23T11:08:51.5723708Z ##[endgroup]
job-core	Checkout code	2025-04-23T11:08:51.5724738Z [command]/usr/bin/git submodule status
job-core	Checkout code	2025-04-23T11:08:51.5941824Z ##[group]Cleaning the repository
job-core	Checkout code	2025-04-23T11:08:51.5943531Z [command]/usr/bin/git clean -ffdx
job-core	Checkout code	2025-04-23T11:08:51.5985838Z [command]/usr/bin/git reset --hard HEAD
job-core	Checkout code	2025-04-23T11:08:51.6061961Z HEAD is now at a9feb357 Actions performance responsive
job-core	Checkout code	2025-04-23T11:08:51.6067491Z ##[endgroup]
job-core	Checkout code	2025-04-23T11:08:51.6069082Z ##[group]Disabling automatic garbage collection
job-core	Checkout code	2025-04-23T11:08:51.6070517Z [command]/usr/bin/git config --local gc.auto 0
job-core	Checkout code	2025-04-23T11:08:51.6092191Z ##[endgroup]
job-core	Checkout code	2025-04-23T11:08:51.6093642Z ##[group]Setting up auth
job-core	Checkout code	2025-04-23T11:08:51.6102340Z [command]/usr/bin/git config --local --name-only --get-regexp core\.sshCommand
job-core	Checkout code	2025-04-23T11:08:51.6127080Z [command]/usr/bin/git submodule foreach --recursive sh -c "git config --local --name-only --get-regexp 'core\.sshCommand' && git config --local --unset-all 'core.sshCommand' || :"
job-core	Checkout code	2025-04-23T11:08:51.6347465Z [command]/usr/bin/git config --local --name-only --get-regexp http\.https\:\/\/github\.com\/\.extraheader
job-core	Checkout code	2025-04-23T11:08:51.6371968Z [command]/usr/bin/git submodule foreach --recursive sh -c "git config --local --name-only --get-regexp 'http\.https\:\/\/github\.com\/\.extraheader' && git config --local --unset-all 'http.https://github.com/.extraheader' || :"
job-core	Checkout code	2025-04-23T11:08:51.6597101Z [command]/usr/bin/git config --local http.https://github.com/.extraheader AUTHORIZATION: basic ***
job-core	Checkout code	2025-04-23T11:08:51.6631348Z ##[endgroup]
job-core	Checkout code	2025-04-23T11:08:51.6633102Z ##[group]Fetching the repository
job-core	Checkout code	2025-04-23T11:08:51.6639147Z [command]/usr/bin/git -c protocol.version=2 fetch --prune --no-recurse-submodules origin +refs/heads/*:refs/remotes/origin/* +refs/tags/*:refs/tags/*
job-core	Checkout code	2025-04-23T11:08:52.1385452Z From https://github.com/Ka0s-Klaus/ka0s
job-core	Checkout code	2025-04-23T11:08:52.1385901Z    a9feb357..4c43f424  H220-web-de-resultados -> origin/H220-web-de-resultados
job-core	Checkout code	2025-04-23T11:08:52.1458262Z [command]/usr/bin/git branch --list --remote origin/H215-modulo-de-summary
job-core	Checkout code	2025-04-23T11:08:52.1482183Z   origin/H215-modulo-de-summary
job-core	Checkout code	2025-04-23T11:08:52.1485449Z [command]/usr/bin/git rev-parse refs/remotes/origin/H215-modulo-de-summary
job-core	Checkout code	2025-04-23T11:08:52.1503725Z be8bef882b98371a98b61b4341e9114465f4cc96
job-core	Checkout code	2025-04-23T11:08:52.1513062Z [command]/usr/bin/git -c protocol.version=2 fetch --no-tags --prune --no-recurse-submodules origin +742056540d16d83f4bf9b8945443e58d72536e3d:refs/remotes/origin/H215-modulo-de-summary
job-core	Checkout code	2025-04-23T11:08:52.1687578Z From https://github.com/Ka0s-Klaus/ka0s
job-core	Checkout code	2025-04-23T11:08:52.1688290Z  + be8bef88...74205654 742056540d16d83f4bf9b8945443e58d72536e3d -> origin/H215-modulo-de-summary  (forced update)
job-core	Checkout code	2025-04-23T11:08:52.1706769Z ##[endgroup]
job-core	Checkout code	2025-04-23T11:08:52.1707154Z ##[group]Determining the checkout info
job-core	Checkout code	2025-04-23T11:08:52.1708103Z ##[endgroup]
job-core	Checkout code	2025-04-23T11:08:52.1712835Z [command]/usr/bin/git sparse-checkout disable
job-core	Checkout code	2025-04-23T11:08:52.1761769Z [command]/usr/bin/git config --local --unset-all extensions.worktreeConfig
job-core	Checkout code	2025-04-23T11:08:52.1788166Z ##[group]Checking out the ref
job-core	Checkout code	2025-04-23T11:08:52.1790965Z [command]/usr/bin/git checkout --progress --force -B H215-modulo-de-summary refs/remotes/origin/H215-modulo-de-summary
job-core	Checkout code	2025-04-23T11:08:52.2103170Z Previous HEAD position was a9feb357 Actions performance responsive
job-core	Checkout code	2025-04-23T11:08:52.2110441Z Switched to a new branch 'H215-modulo-de-summary'
job-core	Checkout code	2025-04-23T11:08:52.2111220Z branch 'H215-modulo-de-summary' set up to track 'origin/H215-modulo-de-summary'.
job-core	Checkout code	2025-04-23T11:08:52.2118484Z ##[endgroup]
job-core	Checkout code	2025-04-23T11:08:52.2155349Z [command]/usr/bin/git log -1 --format=%H
job-core	Checkout code	2025-04-23T11:08:52.2178114Z 742056540d16d83f4bf9b8945443e58d72536e3d
job-core	Install Node.js	ï»¿2025-04-23T11:08:52.2328720Z ##[group]Run actions/setup-node@v2
job-core	Install Node.js	2025-04-23T11:08:52.2328911Z with:
job-core	Install Node.js	2025-04-23T11:08:52.2329041Z   node-version: 14
job-core	Install Node.js	2025-04-23T11:08:52.2329180Z   always-auth: false
job-core	Install Node.js	2025-04-23T11:08:52.2329316Z   check-latest: false
job-core	Install Node.js	2025-04-23T11:08:52.2329531Z   token: ***
job-core	Install Node.js	2025-04-23T11:08:52.2329657Z env:
job-core	Install Node.js	2025-04-23T11:08:52.2329786Z   KAOS_MODULE: [Ka0S] JSONLINT
job-core	Install Node.js	2025-04-23T11:08:52.2329979Z   GH_TOKEN: ***
job-core	Install Node.js	2025-04-23T11:08:52.2330132Z   KAOS_JSONLINT_CONFIG: core/config/.jsonlint.json
job-core	Install Node.js	2025-04-23T11:08:52.2330425Z   KAOS_PATH_RESUME: core/outputs/j/
job-core	Install Node.js	2025-04-23T11:08:52.2330605Z   KAOS_REPO: /actions-runner/_work/kaos/kaos
job-core	Install Node.js	2025-04-23T11:08:52.2330778Z   KAOS_STEP_MODULE: 
job-core	Install Node.js	2025-04-23T11:08:52.2330914Z   KAOS_CODE: 14246717190
job-core	Install Node.js	2025-04-23T11:08:52.2331054Z   KAOS_REF_BRANCH: main
job-core	Install Node.js	2025-04-23T11:08:52.2331185Z ##[endgroup]
job-core	Install Node.js	2025-04-23T11:08:52.3197485Z Found in cache @ /actions-runner/_work/_tool/node/14.21.3/x64
job-core	Install jsonlint	ï»¿2025-04-23T11:08:52.3303691Z ##[group]Run if ! command -v jsonlint &> /dev/null; then
job-core	Install jsonlint	2025-04-23T11:08:52.3304198Z [36;1mif ! command -v jsonlint &> /dev/null; then[0m
job-core	Install jsonlint	2025-04-23T11:08:52.3304531Z [36;1m  echo "Installing jsonlint..."[0m
job-core	Install jsonlint	2025-04-23T11:08:52.3304828Z [36;1m  npm install -g jsonlint[0m
job-core	Install jsonlint	2025-04-23T11:08:52.3305074Z [36;1melse[0m
job-core	Install jsonlint	2025-04-23T11:08:52.3305361Z [36;1m  echo "jsonlint already installed, skipping installation"[0m
job-core	Install jsonlint	2025-04-23T11:08:52.3305700Z [36;1mfi[0m
job-core	Install jsonlint	2025-04-23T11:08:52.3305906Z [36;1mmkdir -p core/outputs/j/[0m
job-core	Install jsonlint	2025-04-23T11:08:52.3319031Z shell: /usr/bin/bash -e {0}
job-core	Install jsonlint	2025-04-23T11:08:52.3319315Z env:
job-core	Install jsonlint	2025-04-23T11:08:52.3319521Z   KAOS_MODULE: [Ka0S] JSONLINT
job-core	Install jsonlint	2025-04-23T11:08:52.3319948Z   GH_TOKEN: ***
job-core	Install jsonlint	2025-04-23T11:08:52.3320201Z   KAOS_JSONLINT_CONFIG: core/config/.jsonlint.json
job-core	Install jsonlint	2025-04-23T11:08:52.3320520Z   KAOS_PATH_RESUME: core/outputs/j/
job-core	Install jsonlint	2025-04-23T11:08:52.3320808Z   KAOS_REPO: /actions-runner/_work/kaos/kaos
job-core	Install jsonlint	2025-04-23T11:08:52.3321081Z   KAOS_STEP_MODULE: 
job-core	Install jsonlint	2025-04-23T11:08:52.3321345Z   KAOS_CODE: 14246717190
job-core	Install jsonlint	2025-04-23T11:08:52.3321570Z   KAOS_REF_BRANCH: main
job-core	Install jsonlint	2025-04-23T11:08:52.3321929Z ##[endgroup]
job-core	Install jsonlint	2025-04-23T11:08:52.3375473Z jsonlint already installed, skipping installation
job-core	Check JSON	ï»¿2025-04-23T11:08:52.3423310Z ##[group]Run # Invocamos la primera comprobaciÃ³n de base, sino se supera el proceso no continua
job-core	Check JSON	2025-04-23T11:08:52.3423826Z [36;1m# Invocamos la primera comprobaciÃ³n de base, sino se supera el proceso no continua[0m
job-core	Check JSON	2025-04-23T11:08:52.3424096Z [36;1m# Extraemos el nombre del fichero[0m
job-core	Check JSON	2025-04-23T11:08:52.3424339Z [36;1mfile_name=$(basename "core/results/event_data13303934871.json")[0m
job-core	Check JSON	2025-04-23T11:08:52.3424567Z [36;1m# Generamos el fichero de resultados vacio[0m
job-core	Check JSON	2025-04-23T11:08:52.3424804Z [36;1mtouch core/outputs/j/jsonlint-results-14246717190.txt[0m
job-core	Check JSON	2025-04-23T11:08:52.3425041Z [36;1m# Realizamos el check del documento json [0m
job-core	Check JSON	2025-04-23T11:08:52.3425366Z [36;1mjsonlint core/results/event_data13303934871.json > core/outputs/j/jsonlint-results-14246717190.txt || true[0m
job-core	Check JSON	2025-04-23T11:08:52.3425732Z [36;1m# esto es un workarround importante que hay que retirar[0m
job-core	Check JSON	2025-04-23T11:08:52.3425966Z [36;1m#rm -rf core/outputs/j/jsonlint-results-14246717190.txt[0m
job-core	Check JSON	2025-04-23T11:08:52.3426162Z [36;1m# a retirar[0m
job-core	Check JSON	2025-04-23T11:08:52.3426335Z [36;1m# Check if exist errors in file[0m
job-core	Check JSON	2025-04-23T11:08:52.3426512Z [36;1mecho "Mostramos fichero"[0m
job-core	Check JSON	2025-04-23T11:08:52.3426714Z [36;1mcat core/outputs/j/jsonlint-results-14246717190.txt[0m
job-core	Check JSON	2025-04-23T11:08:52.3426971Z [36;1mif [ ! -s core/outputs/j/jsonlint-results-14246717190.txt ]; then[0m
job-core	Check JSON	2025-04-23T11:08:52.3427302Z [36;1m  echo "File core/outputs/j/jsonlint-results-14246717190.txt is empty and is content correct"[0m
job-core	Check JSON	2025-04-23T11:08:52.3427917Z [36;1m  KAOS_ISSUE_BODY="The [Ka0S] JSONLINT process (14246693517) launch the check (14246717190) over file (core/results/event_data13303934871.json) and its result has been SUCCESS. Please review all files implicated in pull request and approve to merge"[0m
job-core	Check JSON	2025-04-23T11:08:52.3428491Z [36;1m  # AÃ±adimos la versiÃ³n de jsonlint con la que se realiza la comprobacion[0m
job-core	Check JSON	2025-04-23T11:08:52.3428792Z [36;1m  jsonlint --version >> core/outputs/j/jsonlint-results-14246717190.txt[0m
job-core	Check JSON	2025-04-23T11:08:52.3429070Z [36;1m  # aÃ±adimos el nombre del fichero que vamos a comprobar[0m
job-core	Check JSON	2025-04-23T11:08:52.3429391Z [36;1m  echo "Finding: core/results/event_data13303934871.json" >> core/outputs/j/jsonlint-results-14246717190.txt[0m
job-core	Check JSON	2025-04-23T11:08:52.3429903Z [36;1m  # gh workflow run issue.yaml --ref main -f kaos-issue-title="" -f kaos-issue-body="$KAOS_ISSUE_BODY" -f kaos-issue-actions=comment -f kaos-issue-tag="" -f kaos-issue-id=215[0m
job-core	Check JSON	2025-04-23T11:08:52.3430445Z [36;1m  gh issue comment  215 -F core/outputs/j/jsonlint-results-14246717190.txt[0m
job-core	Check JSON	2025-04-23T11:08:52.3430668Z [36;1melse[0m
job-core	Check JSON	2025-04-23T11:08:52.3430841Z [36;1m  cat core/outputs/j/jsonlint-results-14246717190.txt[0m
job-core	Check JSON	2025-04-23T11:08:52.3431204Z [36;1m  echo "File core/outputs/j/jsonlint-results-14246717190.txt is not empty and is content not correct and write commit info"[0m
job-core	Check JSON	2025-04-23T11:08:52.3431802Z [36;1m  KAOS_ISSUE_BODY="The [Ka0S] JSONLINT process (14246693517) launch the check (14246717190) over file (core/results/event_data13303934871.json) and its result has been FAILED, please check and solved it"[0m
job-core	Check JSON	2025-04-23T11:08:52.3432595Z [36;1m  # AÃ±adimos la versiÃ³n de jsonlint con la que se realiza la comprobacion[0m
job-core	Check JSON	2025-04-23T11:08:52.3432967Z [36;1m  # jsonlint --version || true >> core/outputs/j/jsonlint-results-14246717190.txt[0m
job-core	Check JSON	2025-04-23T11:08:52.3433300Z [36;1m  # aÃ±adimos el nombre del fichero que vamos a comprobar[0m
job-core	Check JSON	2025-04-23T11:08:52.3433638Z [36;1m  echo "Finding: core/results/event_data13303934871.json" >> core/outputs/j/jsonlint-results-14246717190.txt[0m
job-core	Check JSON	2025-04-23T11:08:52.3434144Z [36;1m  # gh workflow run issue.yaml --ref main -f kaos-issue-title="" -f kaos-issue-body="$KAOS_ISSUE_BODY" -f kaos-issue-actions=comment -f kaos-issue-tag="" -f kaos-issue-id=215 [0m
job-core	Check JSON	2025-04-23T11:08:52.3434580Z [36;1m  gh issue comment  215 -F core/outputs/j/jsonlint-results-14246717190.txt[0m
job-core	Check JSON	2025-04-23T11:08:52.3434797Z [36;1mfi[0m
job-core	Check JSON	2025-04-23T11:08:52.3439298Z shell: /usr/bin/bash -e {0}
job-core	Check JSON	2025-04-23T11:08:52.3439620Z env:
job-core	Check JSON	2025-04-23T11:08:52.3439771Z   KAOS_MODULE: [Ka0S] JSONLINT
job-core	Check JSON	2025-04-23T11:08:52.3440108Z   GH_TOKEN: ***
job-core	Check JSON	2025-04-23T11:08:52.3440296Z   KAOS_JSONLINT_CONFIG: core/config/.jsonlint.json
job-core	Check JSON	2025-04-23T11:08:52.3440524Z   KAOS_PATH_RESUME: core/outputs/j/
job-core	Check JSON	2025-04-23T11:08:52.3440731Z   KAOS_REPO: /actions-runner/_work/kaos/kaos
job-core	Check JSON	2025-04-23T11:08:52.3440947Z   KAOS_STEP_MODULE: 
job-core	Check JSON	2025-04-23T11:08:52.3441109Z   KAOS_CODE: 14246717190
job-core	Check JSON	2025-04-23T11:08:52.3441271Z   KAOS_REF_BRANCH: main
job-core	Check JSON	2025-04-23T11:08:52.3441435Z ##[endgroup]
job-core	Check JSON	2025-04-23T11:08:52.4167542Z internal/fs/utils.js:332
job-core	Check JSON	2025-04-23T11:08:52.4167941Z     throw err;
job-core	Check JSON	2025-04-23T11:08:52.4168170Z     ^
job-core	Check JSON	2025-04-23T11:08:52.4168310Z 
job-core	Check JSON	2025-04-23T11:08:52.4168740Z Error: ENOENT: no such file or directory, open 'core/results/event_data13303934871.json'
job-core	Check JSON	2025-04-23T11:08:52.4169243Z     at Object.openSync (fs.js:498:3)
job-core	Check JSON	2025-04-23T11:08:52.4169600Z     at Object.readFileSync (fs.js:394:35)
job-core	Check JSON	2025-04-23T11:08:52.4170184Z     at main (/actions-runner/_work/_tool/node/14.21.3/x64/lib/node_modules/jsonlint/lib/cli.js:135:23)
job-core	Check JSON	2025-04-23T11:08:52.4171070Z     at Object.<anonymous> (/actions-runner/_work/_tool/node/14.21.3/x64/lib/node_modules/jsonlint/lib/cli.js:179:1)
job-core	Check JSON	2025-04-23T11:08:52.4171754Z     at Module._compile (internal/modules/cjs/loader.js:1114:14)
job-core	Check JSON	2025-04-23T11:08:52.4172463Z     at Object.Module._extensions..js (internal/modules/cjs/loader.js:1143:10)
job-core	Check JSON	2025-04-23T11:08:52.4173393Z     at Module.load (internal/modules/cjs/loader.js:979:32)
job-core	Check JSON	2025-04-23T11:08:52.4173776Z     at Function.Module._load (internal/modules/cjs/loader.js:819:12)
job-core	Check JSON	2025-04-23T11:08:52.4174174Z     at Function.executeUserEntryPoint [as runMain] (internal/modules/run_main.js:75:12)
job-core	Check JSON	2025-04-23T11:08:52.4174502Z     at internal/main/run_main_module.js:17:47 {
job-core	Check JSON	2025-04-23T11:08:52.4174721Z   errno: -2,
job-core	Check JSON	2025-04-23T11:08:52.4174877Z   syscall: 'open',
job-core	Check JSON	2025-04-23T11:08:52.4175036Z   code: 'ENOENT',
job-core	Check JSON	2025-04-23T11:08:52.4175234Z   path: 'core/results/event_data13303934871.json'
job-core	Check JSON	2025-04-23T11:08:52.4186916Z }
job-core	Check JSON	2025-04-23T11:08:52.4187118Z Mostramos fichero
job-core	Check JSON	2025-04-23T11:08:52.4200601Z File core/outputs/j/jsonlint-results-14246717190.txt is empty and is content correct
job-core	Check JSON	2025-04-23T11:08:52.4898110Z ##[error]Process completed with exit code 1.
job-core	Post Checkout code	ï»¿2025-04-23T11:08:52.4958476Z Post job cleanup.
job-core	Post Checkout code	2025-04-23T11:08:52.5589273Z [command]/usr/bin/git version
job-core	Post Checkout code	2025-04-23T11:08:52.5616465Z git version 2.43.0
job-core	Post Checkout code	2025-04-23T11:08:52.5640356Z Copying '/home/kaos/.gitconfig' to '/actions-runner/_work/_temp/abe6ac97-c5bb-4669-80cf-009270b136a4/.gitconfig'
job-core	Post Checkout code	2025-04-23T11:08:52.5647395Z Temporarily overriding HOME='/actions-runner/_work/_temp/abe6ac97-c5bb-4669-80cf-009270b136a4' before making global git config changes
job-core	Post Checkout code	2025-04-23T11:08:52.5648311Z Adding repository directory to the temporary git global config as a safe directory
job-core	Post Checkout code	2025-04-23T11:08:52.5649712Z [command]/usr/bin/git config --global --add safe.directory /actions-runner/_work/ka0s/ka0s
job-core	Post Checkout code	2025-04-23T11:08:52.5681198Z [command]/usr/bin/git config --local --name-only --get-regexp core\.sshCommand
job-core	Post Checkout code	2025-04-23T11:08:52.5706661Z [command]/usr/bin/git submodule foreach --recursive sh -c "git config --local --name-only --get-regexp 'core\.sshCommand' && git config --local --unset-all 'core.sshCommand' || :"
job-core	Post Checkout code	2025-04-23T11:08:52.5928456Z [command]/usr/bin/git config --local --name-only --get-regexp http\.https\:\/\/github\.com\/\.extraheader
job-core	Post Checkout code	2025-04-23T11:08:52.5947182Z http.https://github.com/.extraheader
job-core	Post Checkout code	2025-04-23T11:08:52.5959063Z [command]/usr/bin/git config --local --unset-all http.https://github.com/.extraheader
job-core	Post Checkout code	2025-04-23T11:08:52.6046158Z [command]/usr/bin/git submodule foreach --recursive sh -c "git config --local --name-only --get-regexp 'http\.https\:\/\/github\.com\/\.extraheader' && git config --local --unset-all 'http.https://github.com/.extraheader' || :"
job-core	Complete job	ï»¿2025-04-23T11:08:52.6299669Z Cleaning up orphan processes
handle_failure	Set up job	ï»¿2025-04-23T11:18:51.5699763Z Current runner version: '2.323.0'
handle_failure	Set up job	2025-04-23T11:18:51.5704168Z Runner name: 'ka0s-9'
handle_failure	Set up job	2025-04-23T11:18:51.5704761Z Machine name: '26a53205c9ac'
handle_failure	Set up job	2025-04-23T11:18:51.5706320Z ##[group]GITHUB_TOKEN Permissions
handle_failure	Set up job	2025-04-23T11:18:51.5707893Z Actions: write
handle_failure	Set up job	2025-04-23T11:18:51.5708219Z Contents: write
handle_failure	Set up job	2025-04-23T11:18:51.5708525Z Issues: write
handle_failure	Set up job	2025-04-23T11:18:51.5708817Z Metadata: read
handle_failure	Set up job	2025-04-23T11:18:51.5709114Z PullRequests: write
handle_failure	Set up job	2025-04-23T11:18:51.5709404Z ##[endgroup]
handle_failure	Set up job	2025-04-23T11:18:51.5710751Z Secret source: Actions
handle_failure	Set up job	2025-04-23T11:18:51.5711143Z Prepare workflow directory
handle_failure	Set up job	2025-04-23T11:18:51.6125924Z Prepare all required actions
handle_failure	Set up job	2025-04-23T11:18:51.6154396Z Getting action download info
handle_failure	Set up job	2025-04-23T11:18:52.1164293Z Download action repository 'actions/checkout@v4' (SHA:11bd71901bbe5b1630ceea73d27597364c9af683)
handle_failure	Set up job	2025-04-23T11:18:52.8627389Z Complete job name: handle_failure
handle_failure	Checkout code	ï»¿2025-04-23T11:18:52.8901621Z ##[group]Run actions/checkout@v4
handle_failure	Checkout code	2025-04-23T11:18:52.8902440Z with:
handle_failure	Checkout code	2025-04-23T11:18:52.8902734Z   fetch-depth: 0
handle_failure	Checkout code	2025-04-23T11:18:52.8903230Z   token: ***
handle_failure	Checkout code	2025-04-23T11:18:52.8903491Z   repository: Ka0s-Klaus/ka0s
handle_failure	Checkout code	2025-04-23T11:18:52.8903800Z   ssh-strict: true
handle_failure	Checkout code	2025-04-23T11:18:52.8926318Z   ssh-user: git
handle_failure	Checkout code	2025-04-23T11:18:52.8926605Z   persist-credentials: true
handle_failure	Checkout code	2025-04-23T11:18:52.8926904Z   clean: true
handle_failure	Checkout code	2025-04-23T11:18:52.8927173Z   sparse-checkout-cone-mode: true
handle_failure	Checkout code	2025-04-23T11:18:52.8927495Z   fetch-tags: false
handle_failure	Checkout code	2025-04-23T11:18:52.8927764Z   show-progress: true
handle_failure	Checkout code	2025-04-23T11:18:52.8928030Z   lfs: false
handle_failure	Checkout code	2025-04-23T11:18:52.8928272Z   submodules: false
handle_failure	Checkout code	2025-04-23T11:18:52.8928539Z   set-safe-directory: true
handle_failure	Checkout code	2025-04-23T11:18:52.8929218Z env:
handle_failure	Checkout code	2025-04-23T11:18:52.8929468Z   KAOS_MODULE: [Ka0S] JSONLINT
handle_failure	Checkout code	2025-04-23T11:18:52.8929909Z   GH_TOKEN: ***
handle_failure	Checkout code	2025-04-23T11:18:52.8930203Z   KAOS_JSONLINT_CONFIG: core/config/.jsonlint.json
handle_failure	Checkout code	2025-04-23T11:18:52.8930581Z   KAOS_PATH_RESUME: core/outputs/j/
handle_failure	Checkout code	2025-04-23T11:18:52.8930951Z   KAOS_REPO: /actions-runner/_work/kaos/kaos
handle_failure	Checkout code	2025-04-23T11:18:52.8931296Z   KAOS_STEP_MODULE: 
handle_failure	Checkout code	2025-04-23T11:18:52.8931570Z   KAOS_CODE: 14246717190
handle_failure	Checkout code	2025-04-23T11:18:52.8931847Z   KAOS_REF_BRANCH: main
handle_failure	Checkout code	2025-04-23T11:18:52.8932165Z ##[endgroup]
handle_failure	Checkout code	2025-04-23T11:18:52.9708378Z Syncing repository: Ka0s-Klaus/ka0s
handle_failure	Checkout code	2025-04-23T11:18:52.9710297Z ##[group]Getting Git version info
handle_failure	Checkout code	2025-04-23T11:18:52.9711045Z Working directory is '/actions-runner/_work/ka0s/ka0s'
handle_failure	Checkout code	2025-04-23T11:18:52.9712338Z [command]/usr/bin/git version
handle_failure	Checkout code	2025-04-23T11:18:52.9712903Z git version 2.43.0
handle_failure	Checkout code	2025-04-23T11:18:52.9714726Z ##[endgroup]
handle_failure	Checkout code	2025-04-23T11:18:52.9719981Z Copying '/home/kaos/.gitconfig' to '/actions-runner/_work/_temp/a25620b4-01be-4cc7-97bc-3da858955df5/.gitconfig'
handle_failure	Checkout code	2025-04-23T11:18:52.9721716Z Temporarily overriding HOME='/actions-runner/_work/_temp/a25620b4-01be-4cc7-97bc-3da858955df5' before making global git config changes
handle_failure	Checkout code	2025-04-23T11:18:52.9723319Z Adding repository directory to the temporary git global config as a safe directory
handle_failure	Checkout code	2025-04-23T11:18:52.9724463Z [command]/usr/bin/git config --global --add safe.directory /actions-runner/_work/ka0s/ka0s
handle_failure	Checkout code	2025-04-23T11:18:52.9734386Z [command]/usr/bin/git config --local --get remote.origin.url
handle_failure	Checkout code	2025-04-23T11:18:52.9752516Z https://github.com/Ka0s-Klaus/ka0s
handle_failure	Checkout code	2025-04-23T11:18:52.9763960Z ##[group]Removing previously created refs, to avoid conflicts
handle_failure	Checkout code	2025-04-23T11:18:52.9766704Z [command]/usr/bin/git rev-parse --symbolic-full-name --verify --quiet HEAD
handle_failure	Checkout code	2025-04-23T11:18:52.9784561Z refs/heads/H220-web-de-resultados
handle_failure	Checkout code	2025-04-23T11:18:52.9789272Z [command]/usr/bin/git checkout --detach
handle_failure	Checkout code	2025-04-23T11:18:53.0681299Z HEAD is now at 855ed0fa [Ka0S] Uploading resume execution files to the repository...
handle_failure	Checkout code	2025-04-23T11:18:53.0714309Z [command]/usr/bin/git branch --delete --force H220-web-de-resultados
handle_failure	Checkout code	2025-04-23T11:18:53.0747067Z Deleted branch H220-web-de-resultados (was 855ed0fa).
handle_failure	Checkout code	2025-04-23T11:18:53.0787872Z ##[endgroup]
handle_failure	Checkout code	2025-04-23T11:18:53.0788299Z [command]/usr/bin/git submodule status
handle_failure	Checkout code	2025-04-23T11:18:53.1012306Z ##[group]Cleaning the repository
handle_failure	Checkout code	2025-04-23T11:18:53.1013526Z [command]/usr/bin/git clean -ffdx
handle_failure	Checkout code	2025-04-23T11:18:53.1061384Z [command]/usr/bin/git reset --hard HEAD
handle_failure	Checkout code	2025-04-23T11:18:53.1163710Z HEAD is now at 855ed0fa [Ka0S] Uploading resume execution files to the repository...
handle_failure	Checkout code	2025-04-23T11:18:53.1167159Z ##[endgroup]
handle_failure	Checkout code	2025-04-23T11:18:53.1168280Z ##[group]Disabling automatic garbage collection
handle_failure	Checkout code	2025-04-23T11:18:53.1170813Z [command]/usr/bin/git config --local gc.auto 0
handle_failure	Checkout code	2025-04-23T11:18:53.1199410Z ##[endgroup]
handle_failure	Checkout code	2025-04-23T11:18:53.1200497Z ##[group]Setting up auth
handle_failure	Checkout code	2025-04-23T11:18:53.1203550Z [command]/usr/bin/git config --local --name-only --get-regexp core\.sshCommand
handle_failure	Checkout code	2025-04-23T11:18:53.1239311Z [command]/usr/bin/git submodule foreach --recursive sh -c "git config --local --name-only --get-regexp 'core\.sshCommand' && git config --local --unset-all 'core.sshCommand' || :"
handle_failure	Checkout code	2025-04-23T11:18:53.1452632Z [command]/usr/bin/git config --local --name-only --get-regexp http\.https\:\/\/github\.com\/\.extraheader
handle_failure	Checkout code	2025-04-23T11:18:53.1477474Z [command]/usr/bin/git submodule foreach --recursive sh -c "git config --local --name-only --get-regexp 'http\.https\:\/\/github\.com\/\.extraheader' && git config --local --unset-all 'http.https://github.com/.extraheader' || :"
handle_failure	Checkout code	2025-04-23T11:18:53.1688359Z [command]/usr/bin/git config --local http.https://github.com/.extraheader AUTHORIZATION: basic ***
handle_failure	Checkout code	2025-04-23T11:18:53.1720743Z ##[endgroup]
handle_failure	Checkout code	2025-04-23T11:18:53.1721897Z ##[group]Fetching the repository
handle_failure	Checkout code	2025-04-23T11:18:53.1726867Z [command]/usr/bin/git -c protocol.version=2 fetch --prune --no-recurse-submodules origin +refs/heads/*:refs/remotes/origin/* +refs/tags/*:refs/tags/*
handle_failure	Checkout code	2025-04-23T11:18:54.1637081Z From https://github.com/Ka0s-Klaus/ka0s
handle_failure	Checkout code	2025-04-23T11:18:54.1638199Z    855ed0fa..4c43f424  H220-web-de-resultados -> origin/H220-web-de-resultados
handle_failure	Checkout code	2025-04-23T11:18:54.1638794Z    aa88caee..5a402139  main                   -> origin/main
handle_failure	Checkout code	2025-04-23T11:18:54.1678950Z [command]/usr/bin/git branch --list --remote origin/H215-modulo-de-summary
handle_failure	Checkout code	2025-04-23T11:18:54.1703925Z   origin/H215-modulo-de-summary
handle_failure	Checkout code	2025-04-23T11:18:54.1713285Z [command]/usr/bin/git rev-parse refs/remotes/origin/H215-modulo-de-summary
handle_failure	Checkout code	2025-04-23T11:18:54.1734650Z be8bef882b98371a98b61b4341e9114465f4cc96
handle_failure	Checkout code	2025-04-23T11:18:54.1747055Z [command]/usr/bin/git -c protocol.version=2 fetch --no-tags --prune --no-recurse-submodules origin +742056540d16d83f4bf9b8945443e58d72536e3d:refs/remotes/origin/H215-modulo-de-summary
handle_failure	Checkout code	2025-04-23T11:18:54.1931028Z From https://github.com/Ka0s-Klaus/ka0s
handle_failure	Checkout code	2025-04-23T11:18:54.1931766Z  + be8bef88...74205654 742056540d16d83f4bf9b8945443e58d72536e3d -> origin/H215-modulo-de-summary  (forced update)
handle_failure	Checkout code	2025-04-23T11:18:54.1949360Z ##[endgroup]
handle_failure	Checkout code	2025-04-23T11:18:54.1949790Z ##[group]Determining the checkout info
handle_failure	Checkout code	2025-04-23T11:18:54.1950211Z ##[endgroup]
handle_failure	Checkout code	2025-04-23T11:18:54.1958288Z [command]/usr/bin/git sparse-checkout disable
handle_failure	Checkout code	2025-04-23T11:18:54.1996867Z [command]/usr/bin/git config --local --unset-all extensions.worktreeConfig
handle_failure	Checkout code	2025-04-23T11:18:54.2020081Z ##[group]Checking out the ref
handle_failure	Checkout code	2025-04-23T11:18:54.2021201Z [command]/usr/bin/git checkout --progress --force -B H215-modulo-de-summary refs/remotes/origin/H215-modulo-de-summary
handle_failure	Checkout code	2025-04-23T11:18:54.2418740Z Previous HEAD position was 855ed0fa [Ka0S] Uploading resume execution files to the repository...
handle_failure	Checkout code	2025-04-23T11:18:54.2419497Z Switched to a new branch 'H215-modulo-de-summary'
handle_failure	Checkout code	2025-04-23T11:18:54.2420043Z branch 'H215-modulo-de-summary' set up to track 'origin/H215-modulo-de-summary'.
handle_failure	Checkout code	2025-04-23T11:18:54.2432186Z ##[endgroup]
handle_failure	Checkout code	2025-04-23T11:18:54.2465742Z [command]/usr/bin/git log -1 --format=%H
handle_failure	Checkout code	2025-04-23T11:18:54.2488127Z 742056540d16d83f4bf9b8945443e58d72536e3d
handle_failure	handle-failure-execution	ï»¿2025-04-23T11:18:54.2643521Z ##[group]Run echo "Error detected in process"
handle_failure	handle-failure-execution	2025-04-23T11:18:54.2643858Z [36;1mecho "Error detected in process"[0m
handle_failure	handle-failure-execution	2025-04-23T11:18:54.2644170Z [36;1mRNNUMBER=$(echo "refs/heads/H215-modulo-de-summary" | grep -o '[0-9]*')[0m
handle_failure	handle-failure-execution	2025-04-23T11:18:54.2644692Z [36;1mgh issue comment $RNNUMBER --body "El proceso no ha finalizado correctamente 14246717190. El resultado estÃ¡ en el fichero core/results/event_data14246717190.log"[0m
handle_failure	handle-failure-execution	2025-04-23T11:18:54.2651245Z shell: /usr/bin/bash -e {0}
handle_failure	handle-failure-execution	2025-04-23T11:18:54.2651455Z env:
handle_failure	handle-failure-execution	2025-04-23T11:18:54.2651620Z   KAOS_MODULE: [Ka0S] JSONLINT
handle_failure	handle-failure-execution	2025-04-23T11:18:54.2652062Z   GH_TOKEN: ***
handle_failure	handle-failure-execution	2025-04-23T11:18:54.2652245Z   KAOS_JSONLINT_CONFIG: core/config/.jsonlint.json
handle_failure	handle-failure-execution	2025-04-23T11:18:54.2652730Z   KAOS_PATH_RESUME: core/outputs/j/
handle_failure	handle-failure-execution	2025-04-23T11:18:54.2652974Z   KAOS_REPO: /actions-runner/_work/kaos/kaos
handle_failure	handle-failure-execution	2025-04-23T11:18:54.2653207Z   KAOS_STEP_MODULE: 
handle_failure	handle-failure-execution	2025-04-23T11:18:54.2653401Z   KAOS_CODE: 14246717190
handle_failure	handle-failure-execution	2025-04-23T11:18:54.2653603Z   KAOS_REF_BRANCH: main
handle_failure	handle-failure-execution	2025-04-23T11:18:54.2653835Z ##[endgroup]
handle_failure	handle-failure-execution	2025-04-23T11:18:54.2690437Z Error detected in process
handle_failure	handle-failure-execution	2025-04-23T11:18:55.6477181Z https://github.com/Ka0s-Klaus/ka0s/issues/215#issuecomment-2823952719
handle_failure	Post Checkout code	ï»¿2025-04-23T11:18:55.6545087Z Post job cleanup.
handle_failure	Post Checkout code	2025-04-23T11:18:55.7179672Z [command]/usr/bin/git version
handle_failure	Post Checkout code	2025-04-23T11:18:55.7208552Z git version 2.43.0
handle_failure	Post Checkout code	2025-04-23T11:18:55.7231846Z Copying '/home/kaos/.gitconfig' to '/actions-runner/_work/_temp/1097daee-18a3-4b82-a2ab-9d5d43792069/.gitconfig'
handle_failure	Post Checkout code	2025-04-23T11:18:55.7240803Z Temporarily overriding HOME='/actions-runner/_work/_temp/1097daee-18a3-4b82-a2ab-9d5d43792069' before making global git config changes
handle_failure	Post Checkout code	2025-04-23T11:18:55.7241677Z Adding repository directory to the temporary git global config as a safe directory
handle_failure	Post Checkout code	2025-04-23T11:18:55.7244517Z [command]/usr/bin/git config --global --add safe.directory /actions-runner/_work/ka0s/ka0s
handle_failure	Post Checkout code	2025-04-23T11:18:55.7273019Z [command]/usr/bin/git config --local --name-only --get-regexp core\.sshCommand
handle_failure	Post Checkout code	2025-04-23T11:18:55.7305509Z [command]/usr/bin/git submodule foreach --recursive sh -c "git config --local --name-only --get-regexp 'core\.sshCommand' && git config --local --unset-all 'core.sshCommand' || :"
handle_failure	Post Checkout code	2025-04-23T11:18:55.7527431Z [command]/usr/bin/git config --local --name-only --get-regexp http\.https\:\/\/github\.com\/\.extraheader
handle_failure	Post Checkout code	2025-04-23T11:18:55.7547124Z http.https://github.com/.extraheader
handle_failure	Post Checkout code	2025-04-23T11:18:55.7558745Z [command]/usr/bin/git config --local --unset-all http.https://github.com/.extraheader
handle_failure	Post Checkout code	2025-04-23T11:18:55.7588982Z [command]/usr/bin/git submodule foreach --recursive sh -c "git config --local --name-only --get-regexp 'http\.https\:\/\/github\.com\/\.extraheader' && git config --local --unset-all 'http.https://github.com/.extraheader' || :"
handle_failure	Complete job	ï»¿2025-04-23T11:18:55.7904220Z Cleaning up orphan processes
end-workflow	Set up job	ï»¿2025-04-23T11:26:17.5821110Z Current runner version: '2.323.0'
end-workflow	Set up job	2025-04-23T11:26:17.5825061Z Runner name: 'ka0s-9'
end-workflow	Set up job	2025-04-23T11:26:17.5825628Z Machine name: '26a53205c9ac'
end-workflow	Set up job	2025-04-23T11:26:17.5827499Z ##[group]GITHUB_TOKEN Permissions
end-workflow	Set up job	2025-04-23T11:26:17.5829155Z Actions: write
end-workflow	Set up job	2025-04-23T11:26:17.5829464Z Contents: write
end-workflow	Set up job	2025-04-23T11:26:17.5829751Z Issues: write
end-workflow	Set up job	2025-04-23T11:26:17.5830018Z Metadata: read
end-workflow	Set up job	2025-04-23T11:26:17.5830297Z PullRequests: write
end-workflow	Set up job	2025-04-23T11:26:17.5830583Z ##[endgroup]
end-workflow	Set up job	2025-04-23T11:26:17.5831925Z Secret source: Actions
end-workflow	Set up job	2025-04-23T11:26:17.5832417Z Prepare workflow directory
end-workflow	Set up job	2025-04-23T11:26:17.6270734Z Prepare all required actions
end-workflow	Set up job	2025-04-23T11:26:17.6301160Z Getting action download info
end-workflow	Set up job	2025-04-23T11:26:18.1405942Z Download action repository 'actions/checkout@v4' (SHA:11bd71901bbe5b1630ceea73d27597364c9af683)
end-workflow	Set up job	2025-04-23T11:26:18.9183018Z Complete job name: end-workflow
end-workflow	Checkout code	ï»¿2025-04-23T11:26:18.9509951Z ##[group]Run actions/checkout@v4
end-workflow	Checkout code	2025-04-23T11:26:18.9510509Z with:
end-workflow	Checkout code	2025-04-23T11:26:18.9510792Z   fetch-depth: 0
end-workflow	Checkout code	2025-04-23T11:26:18.9511291Z   token: ***
end-workflow	Checkout code	2025-04-23T11:26:18.9511590Z   repository: Ka0s-Klaus/ka0s
end-workflow	Checkout code	2025-04-23T11:26:18.9511942Z   ssh-strict: true
end-workflow	Checkout code	2025-04-23T11:26:18.9512365Z   ssh-user: git
end-workflow	Checkout code	2025-04-23T11:26:18.9512672Z   persist-credentials: true
end-workflow	Checkout code	2025-04-23T11:26:18.9513013Z   clean: true
end-workflow	Checkout code	2025-04-23T11:26:18.9513321Z   sparse-checkout-cone-mode: true
end-workflow	Checkout code	2025-04-23T11:26:18.9513692Z   fetch-tags: false
end-workflow	Checkout code	2025-04-23T11:26:18.9514002Z   show-progress: true
end-workflow	Checkout code	2025-04-23T11:26:18.9514311Z   lfs: false
end-workflow	Checkout code	2025-04-23T11:26:18.9514589Z   submodules: false
end-workflow	Checkout code	2025-04-23T11:26:18.9514917Z   set-safe-directory: true
end-workflow	Checkout code	2025-04-23T11:26:18.9515359Z env:
end-workflow	Checkout code	2025-04-23T11:26:18.9515640Z   KAOS_MODULE: [Ka0S] JSONLINT
end-workflow	Checkout code	2025-04-23T11:26:18.9516081Z   GH_TOKEN: ***
end-workflow	Checkout code	2025-04-23T11:26:18.9516418Z   KAOS_JSONLINT_CONFIG: core/config/.jsonlint.json
end-workflow	Checkout code	2025-04-23T11:26:18.9517141Z   KAOS_PATH_RESUME: core/outputs/j/
end-workflow	Checkout code	2025-04-23T11:26:18.9517659Z   KAOS_REPO: /actions-runner/_work/kaos/kaos
end-workflow	Checkout code	2025-04-23T11:26:18.9518164Z   KAOS_STEP_MODULE: 
end-workflow	Checkout code	2025-04-23T11:26:18.9518566Z   KAOS_CODE: 14246717190
end-workflow	Checkout code	2025-04-23T11:26:18.9518998Z   KAOS_REF_BRANCH: main
end-workflow	Checkout code	2025-04-23T11:26:18.9519315Z ##[endgroup]
end-workflow	Checkout code	2025-04-23T11:26:19.0258981Z Syncing repository: Ka0s-Klaus/ka0s
end-workflow	Checkout code	2025-04-23T11:26:19.0260485Z ##[group]Getting Git version info
end-workflow	Checkout code	2025-04-23T11:26:19.0261123Z Working directory is '/actions-runner/_work/ka0s/ka0s'
end-workflow	Checkout code	2025-04-23T11:26:19.0261940Z [command]/usr/bin/git version
end-workflow	Checkout code	2025-04-23T11:26:19.0262599Z git version 2.43.0
end-workflow	Checkout code	2025-04-23T11:26:19.0275402Z ##[endgroup]
end-workflow	Checkout code	2025-04-23T11:26:19.0284494Z Copying '/home/kaos/.gitconfig' to '/actions-runner/_work/_temp/fa69a43e-2903-459e-bc92-37a5bbd22dae/.gitconfig'
end-workflow	Checkout code	2025-04-23T11:26:19.0294230Z Temporarily overriding HOME='/actions-runner/_work/_temp/fa69a43e-2903-459e-bc92-37a5bbd22dae' before making global git config changes
end-workflow	Checkout code	2025-04-23T11:26:19.0296073Z Adding repository directory to the temporary git global config as a safe directory
end-workflow	Checkout code	2025-04-23T11:26:19.0297519Z [command]/usr/bin/git config --global --add safe.directory /actions-runner/_work/ka0s/ka0s
end-workflow	Checkout code	2025-04-23T11:26:19.0335432Z [command]/usr/bin/git config --local --get remote.origin.url
end-workflow	Checkout code	2025-04-23T11:26:19.0351896Z https://github.com/Ka0s-Klaus/ka0s
end-workflow	Checkout code	2025-04-23T11:26:19.0362882Z ##[group]Removing previously created refs, to avoid conflicts
end-workflow	Checkout code	2025-04-23T11:26:19.0365706Z [command]/usr/bin/git rev-parse --symbolic-full-name --verify --quiet HEAD
end-workflow	Checkout code	2025-04-23T11:26:19.0383584Z refs/heads/H215-modulo-de-summary
end-workflow	Checkout code	2025-04-23T11:26:19.0388736Z [command]/usr/bin/git checkout --detach
end-workflow	Checkout code	2025-04-23T11:26:19.1865019Z HEAD is now at 74205654 [Ka0S] Uploading resume execution files to the repository...
end-workflow	Checkout code	2025-04-23T11:26:19.1904670Z [command]/usr/bin/git branch --delete --force H215-modulo-de-summary
end-workflow	Checkout code	2025-04-23T11:26:19.1937536Z Deleted branch H215-modulo-de-summary (was 74205654).
end-workflow	Checkout code	2025-04-23T11:26:19.1994804Z ##[endgroup]
end-workflow	Checkout code	2025-04-23T11:26:19.1995677Z [command]/usr/bin/git submodule status
end-workflow	Checkout code	2025-04-23T11:26:19.2220784Z ##[group]Cleaning the repository
end-workflow	Checkout code	2025-04-23T11:26:19.2225546Z [command]/usr/bin/git clean -ffdx
end-workflow	Checkout code	2025-04-23T11:26:19.2279057Z [command]/usr/bin/git reset --hard HEAD
end-workflow	Checkout code	2025-04-23T11:26:19.2375997Z HEAD is now at 74205654 [Ka0S] Uploading resume execution files to the repository...
end-workflow	Checkout code	2025-04-23T11:26:19.2379684Z ##[endgroup]
end-workflow	Checkout code	2025-04-23T11:26:19.2381209Z ##[group]Disabling automatic garbage collection
end-workflow	Checkout code	2025-04-23T11:26:19.2382791Z [command]/usr/bin/git config --local gc.auto 0
end-workflow	Checkout code	2025-04-23T11:26:19.2411151Z ##[endgroup]
end-workflow	Checkout code	2025-04-23T11:26:19.2413321Z ##[group]Setting up auth
end-workflow	Checkout code	2025-04-23T11:26:19.2414858Z [command]/usr/bin/git config --local --name-only --get-regexp core\.sshCommand
end-workflow	Checkout code	2025-04-23T11:26:19.2445702Z [command]/usr/bin/git submodule foreach --recursive sh -c "git config --local --name-only --get-regexp 'core\.sshCommand' && git config --local --unset-all 'core.sshCommand' || :"
end-workflow	Checkout code	2025-04-23T11:26:19.2676316Z [command]/usr/bin/git config --local --name-only --get-regexp http\.https\:\/\/github\.com\/\.extraheader
end-workflow	Checkout code	2025-04-23T11:26:19.2707548Z [command]/usr/bin/git submodule foreach --recursive sh -c "git config --local --name-only --get-regexp 'http\.https\:\/\/github\.com\/\.extraheader' && git config --local --unset-all 'http.https://github.com/.extraheader' || :"
end-workflow	Checkout code	2025-04-23T11:26:19.2942160Z [command]/usr/bin/git config --local http.https://github.com/.extraheader AUTHORIZATION: basic ***
end-workflow	Checkout code	2025-04-23T11:26:19.2979894Z ##[endgroup]
end-workflow	Checkout code	2025-04-23T11:26:19.2981770Z ##[group]Fetching the repository
end-workflow	Checkout code	2025-04-23T11:26:19.2989991Z [command]/usr/bin/git -c protocol.version=2 fetch --prune --no-recurse-submodules origin +refs/heads/*:refs/remotes/origin/* +refs/tags/*:refs/tags/*
end-workflow	Checkout code	2025-04-23T11:26:20.4337858Z From https://github.com/Ka0s-Klaus/ka0s
end-workflow	Checkout code	2025-04-23T11:26:20.4340158Z    74205654..be8bef88  H215-modulo-de-summary -> origin/H215-modulo-de-summary
end-workflow	Checkout code	2025-04-23T11:26:20.4342520Z    14212840..7c2d7ccb  main                   -> origin/main
end-workflow	Checkout code	2025-04-23T11:26:20.4390825Z [command]/usr/bin/git branch --list --remote origin/H215-modulo-de-summary
end-workflow	Checkout code	2025-04-23T11:26:20.4418369Z   origin/H215-modulo-de-summary
end-workflow	Checkout code	2025-04-23T11:26:20.4428261Z [command]/usr/bin/git rev-parse refs/remotes/origin/H215-modulo-de-summary
end-workflow	Checkout code	2025-04-23T11:26:20.4447934Z be8bef882b98371a98b61b4341e9114465f4cc96
end-workflow	Checkout code	2025-04-23T11:26:20.4460998Z [command]/usr/bin/git -c protocol.version=2 fetch --no-tags --prune --no-recurse-submodules origin +742056540d16d83f4bf9b8945443e58d72536e3d:refs/remotes/origin/H215-modulo-de-summary
end-workflow	Checkout code	2025-04-23T11:26:20.4590784Z From https://github.com/Ka0s-Klaus/ka0s
end-workflow	Checkout code	2025-04-23T11:26:20.4593662Z  + be8bef88...74205654 742056540d16d83f4bf9b8945443e58d72536e3d -> origin/H215-modulo-de-summary  (forced update)
end-workflow	Checkout code	2025-04-23T11:26:20.4613805Z ##[endgroup]
end-workflow	Checkout code	2025-04-23T11:26:20.4615459Z ##[group]Determining the checkout info
end-workflow	Checkout code	2025-04-23T11:26:20.4617308Z ##[endgroup]
end-workflow	Checkout code	2025-04-23T11:26:20.4618382Z [command]/usr/bin/git sparse-checkout disable
end-workflow	Checkout code	2025-04-23T11:26:20.4664670Z [command]/usr/bin/git config --local --unset-all extensions.worktreeConfig
end-workflow	Checkout code	2025-04-23T11:26:20.4693401Z ##[group]Checking out the ref
end-workflow	Checkout code	2025-04-23T11:26:20.4697420Z [command]/usr/bin/git checkout --progress --force -B H215-modulo-de-summary refs/remotes/origin/H215-modulo-de-summary
end-workflow	Checkout code	2025-04-23T11:26:20.4775228Z Switched to a new branch 'H215-modulo-de-summary'
end-workflow	Checkout code	2025-04-23T11:26:20.4776824Z branch 'H215-modulo-de-summary' set up to track 'origin/H215-modulo-de-summary'.
end-workflow	Checkout code	2025-04-23T11:26:20.4779698Z ##[endgroup]
end-workflow	Checkout code	2025-04-23T11:26:20.4818867Z [command]/usr/bin/git log -1 --format=%H
end-workflow	Checkout code	2025-04-23T11:26:20.4846885Z 742056540d16d83f4bf9b8945443e58d72536e3d
end-workflow	Finaliza el workflow	ï»¿2025-04-23T11:26:20.5025575Z ##[group]Run echo "End process"
end-workflow	Finaliza el workflow	2025-04-23T11:26:20.5026472Z [36;1mecho "End process"[0m
end-workflow	Finaliza el workflow	2025-04-23T11:26:20.5027568Z [36;1mRNNUMBER=$(echo "refs/heads/H215-modulo-de-summary" | grep -o '[0-9]*')[0m
end-workflow	Finaliza el workflow	2025-04-23T11:26:20.5029482Z [36;1mgh issue comment $RNNUMBER --body "Se finaliza Ka0s 14246717190"[0m
end-workflow	Finaliza el workflow	2025-04-23T11:26:20.5031328Z [36;1mgh workflow run inspector.yml --ref 'main' -f kaos-issue-id=$RNNUMBER -f kaos-workflow-id="14246717190" -f kaos-user-start=""[0m
end-workflow	Finaliza el workflow	2025-04-23T11:26:20.5040484Z shell: /usr/bin/bash -e {0}
end-workflow	Finaliza el workflow	2025-04-23T11:26:20.5041351Z env:
end-workflow	Finaliza el workflow	2025-04-23T11:26:20.5042060Z   KAOS_MODULE: [Ka0S] JSONLINT
end-workflow	Finaliza el workflow	2025-04-23T11:26:20.5043473Z   GH_TOKEN: ***
end-workflow	Finaliza el workflow	2025-04-23T11:26:20.5044204Z   KAOS_JSONLINT_CONFIG: core/config/.jsonlint.json
end-workflow	Finaliza el workflow	2025-04-23T11:26:20.5045100Z   KAOS_PATH_RESUME: core/outputs/j/
end-workflow	Finaliza el workflow	2025-04-23T11:26:20.5045925Z   KAOS_REPO: /actions-runner/_work/kaos/kaos
end-workflow	Finaliza el workflow	2025-04-23T11:26:20.5046755Z   KAOS_STEP_MODULE: 
end-workflow	Finaliza el workflow	2025-04-23T11:26:20.5047382Z   KAOS_CODE: 14246717190
end-workflow	Finaliza el workflow	2025-04-23T11:26:20.5048044Z   KAOS_REF_BRANCH: main
end-workflow	Finaliza el workflow	2025-04-23T11:26:20.5048712Z ##[endgroup]
end-workflow	Finaliza el workflow	2025-04-23T11:26:20.5091193Z End process
end-workflow	Finaliza el workflow	2025-04-23T11:26:21.4926511Z https://github.com/Ka0s-Klaus/ka0s/issues/215#issuecomment-2823969639
end-workflow	Post Checkout code	ï»¿2025-04-23T11:26:22.1214789Z Post job cleanup.
end-workflow	Post Checkout code	2025-04-23T11:26:22.1858471Z [command]/usr/bin/git version
end-workflow	Post Checkout code	2025-04-23T11:26:22.1885236Z git version 2.43.0
end-workflow	Post Checkout code	2025-04-23T11:26:22.1911471Z Copying '/home/kaos/.gitconfig' to '/actions-runner/_work/_temp/1ef8d82e-290a-4839-8690-f7ddae1e1381/.gitconfig'
end-workflow	Post Checkout code	2025-04-23T11:26:22.1922273Z Temporarily overriding HOME='/actions-runner/_work/_temp/1ef8d82e-290a-4839-8690-f7ddae1e1381' before making global git config changes
end-workflow	Post Checkout code	2025-04-23T11:26:22.1923157Z Adding repository directory to the temporary git global config as a safe directory
end-workflow	Post Checkout code	2025-04-23T11:26:22.1925809Z [command]/usr/bin/git config --global --add safe.directory /actions-runner/_work/ka0s/ka0s
end-workflow	Post Checkout code	2025-04-23T11:26:22.1962793Z [command]/usr/bin/git config --local --name-only --get-regexp core\.sshCommand
end-workflow	Post Checkout code	2025-04-23T11:26:22.1989757Z [command]/usr/bin/git submodule foreach --recursive sh -c "git config --local --name-only --get-regexp 'core\.sshCommand' && git config --local --unset-all 'core.sshCommand' || :"
end-workflow	Post Checkout code	2025-04-23T11:26:22.2216018Z [command]/usr/bin/git config --local --name-only --get-regexp http\.https\:\/\/github\.com\/\.extraheader
end-workflow	Post Checkout code	2025-04-23T11:26:22.2239483Z http.https://github.com/.extraheader
end-workflow	Post Checkout code	2025-04-23T11:26:22.2250460Z [command]/usr/bin/git config --local --unset-all http.https://github.com/.extraheader
end-workflow	Post Checkout code	2025-04-23T11:26:22.2282585Z [command]/usr/bin/git submodule foreach --recursive sh -c "git config --local --name-only --get-regexp 'http\.https\:\/\/github\.com\/\.extraheader' && git config --local --unset-all 'http.https://github.com/.extraheader' || :"
end-workflow	Complete job	ï»¿2025-04-23T11:26:22.2615975Z Cleaning up orphan processes
