job-core	Set up job	ï»¿2025-04-03T15:29:00.0329831Z Current runner version: '2.323.0'
job-core	Set up job	2025-04-03T15:29:00.0341387Z Runner name: 'ka0s-4'
job-core	Set up job	2025-04-03T15:29:00.0342671Z Machine name: '419612ea1a87'
job-core	Set up job	2025-04-03T15:29:00.0347124Z ##[group]GITHUB_TOKEN Permissions
job-core	Set up job	2025-04-03T15:29:00.0350965Z Actions: write
job-core	Set up job	2025-04-03T15:29:00.0351825Z Contents: write
job-core	Set up job	2025-04-03T15:29:00.0352594Z Issues: write
job-core	Set up job	2025-04-03T15:29:00.0353327Z Metadata: read
job-core	Set up job	2025-04-03T15:29:00.0354059Z PullRequests: write
job-core	Set up job	2025-04-03T15:29:00.0354834Z ##[endgroup]
job-core	Set up job	2025-04-03T15:29:00.0357852Z Secret source: Actions
job-core	Set up job	2025-04-03T15:29:00.0359075Z Prepare workflow directory
job-core	Set up job	2025-04-03T15:29:00.1379133Z Prepare all required actions
job-core	Set up job	2025-04-03T15:29:00.1431693Z Getting action download info
job-core	Set up job	2025-04-03T15:29:00.9440638Z Download action repository 'actions/checkout@v4' (SHA:11bd71901bbe5b1630ceea73d27597364c9af683)
job-core	Set up job	2025-04-03T15:29:03.6386903Z Download action repository 'actions/setup-node@v2' (SHA:7c12f8017d5436eb855f1ed4399f037a36fbd9e8)
job-core	Set up job	2025-04-03T15:29:10.0865072Z Complete job name: job-core
job-core	Checkout code	ï»¿2025-04-03T15:29:10.1611337Z ##[group]Run actions/checkout@v4
job-core	Checkout code	2025-04-03T15:29:10.1612467Z with:
job-core	Checkout code	2025-04-03T15:29:10.1612787Z   fetch-depth: 0
job-core	Checkout code	2025-04-03T15:29:10.1613953Z   token: ***
job-core	Checkout code	2025-04-03T15:29:10.1614275Z   repository: Ka0s-Klaus/ka0s
job-core	Checkout code	2025-04-03T15:29:10.1614629Z   ssh-strict: true
job-core	Checkout code	2025-04-03T15:29:10.1614934Z   ssh-user: git
job-core	Checkout code	2025-04-03T15:29:10.1615247Z   persist-credentials: true
job-core	Checkout code	2025-04-03T15:29:10.1615594Z   clean: true
job-core	Checkout code	2025-04-03T15:29:10.1615924Z   sparse-checkout-cone-mode: true
job-core	Checkout code	2025-04-03T15:29:10.1616313Z   fetch-tags: false
job-core	Checkout code	2025-04-03T15:29:10.1616629Z   show-progress: true
job-core	Checkout code	2025-04-03T15:29:10.1616956Z   lfs: false
job-core	Checkout code	2025-04-03T15:29:10.1617243Z   submodules: false
job-core	Checkout code	2025-04-03T15:29:10.1617562Z   set-safe-directory: true
job-core	Checkout code	2025-04-03T15:29:10.1618190Z env:
job-core	Checkout code	2025-04-03T15:29:10.1618505Z   KAOS_MODULE: [Ka0S] JSONLINT
job-core	Checkout code	2025-04-03T15:29:10.1619015Z   GH_TOKEN: ***
job-core	Checkout code	2025-04-03T15:29:10.1619387Z   KAOS_JSONLINT_CONFIG: core/config/.jsonlint.json
job-core	Checkout code	2025-04-03T15:29:10.1619847Z   KAOS_PATH_RESUME: core/outputs/j/
job-core	Checkout code	2025-04-03T15:29:10.1620943Z   KAOS_REPO: /actions-runner/_work/kaos/kaos
job-core	Checkout code	2025-04-03T15:29:10.1621381Z   KAOS_STEP_MODULE: 
job-core	Checkout code	2025-04-03T15:29:10.1621709Z   KAOS_CODE: 14246727492
job-core	Checkout code	2025-04-03T15:29:10.1622053Z   KAOS_REF_BRANCH: main
job-core	Checkout code	2025-04-03T15:29:10.1622383Z ##[endgroup]
job-core	Checkout code	2025-04-03T15:29:10.3353011Z Syncing repository: Ka0s-Klaus/ka0s
job-core	Checkout code	2025-04-03T15:29:10.3356346Z ##[group]Getting Git version info
job-core	Checkout code	2025-04-03T15:29:10.3357425Z Working directory is '/actions-runner/_work/ka0s/ka0s'
job-core	Checkout code	2025-04-03T15:29:10.3358921Z [command]/usr/bin/git version
job-core	Checkout code	2025-04-03T15:29:10.3368143Z git version 2.48.1
job-core	Checkout code	2025-04-03T15:29:10.3413887Z ##[endgroup]
job-core	Checkout code	2025-04-03T15:29:10.3429232Z Copying '/home/kaos/.gitconfig' to '/actions-runner/_work/_temp/773b5418-7747-42d8-828d-9fb8424c1c93/.gitconfig'
job-core	Checkout code	2025-04-03T15:29:10.3457851Z Temporarily overriding HOME='/actions-runner/_work/_temp/773b5418-7747-42d8-828d-9fb8424c1c93' before making global git config changes
job-core	Checkout code	2025-04-03T15:29:10.3460569Z Adding repository directory to the temporary git global config as a safe directory
job-core	Checkout code	2025-04-03T15:29:10.3469181Z [command]/usr/bin/git config --global --add safe.directory /actions-runner/_work/ka0s/ka0s
job-core	Checkout code	2025-04-03T15:29:10.3542589Z [command]/usr/bin/git config --local --get remote.origin.url
job-core	Checkout code	2025-04-03T15:29:10.3586187Z https://github.com/Ka0s-Klaus/ka0s
job-core	Checkout code	2025-04-03T15:29:10.3615387Z ##[group]Removing previously created refs, to avoid conflicts
job-core	Checkout code	2025-04-03T15:29:10.3621741Z [command]/usr/bin/git rev-parse --symbolic-full-name --verify --quiet HEAD
job-core	Checkout code	2025-04-03T15:29:10.3668234Z refs/heads/H215-modulo-de-summary
job-core	Checkout code	2025-04-03T15:29:10.3686742Z [command]/usr/bin/git checkout --detach
job-core	Checkout code	2025-04-03T15:29:10.3827821Z HEAD is now at 7420565 [Ka0S] Uploading resume execution files to the repository...
job-core	Checkout code	2025-04-03T15:29:10.3904596Z [command]/usr/bin/git branch --delete --force H215-modulo-de-summary
job-core	Checkout code	2025-04-03T15:29:10.3955006Z Deleted branch H215-modulo-de-summary (was 7420565).
job-core	Checkout code	2025-04-03T15:29:10.4068954Z ##[endgroup]
job-core	Checkout code	2025-04-03T15:29:10.4071255Z [command]/usr/bin/git submodule status
job-core	Checkout code	2025-04-03T15:29:10.4489955Z ##[group]Cleaning the repository
job-core	Checkout code	2025-04-03T15:29:10.4495724Z [command]/usr/bin/git clean -ffdx
job-core	Checkout code	2025-04-03T15:29:10.4564635Z Removing core/outputs/j/jsonlint-results-14246726479.txt
job-core	Checkout code	2025-04-03T15:29:10.4583888Z [command]/usr/bin/git reset --hard HEAD
job-core	Checkout code	2025-04-03T15:29:10.4785021Z HEAD is now at 7420565 [Ka0S] Uploading resume execution files to the repository...
job-core	Checkout code	2025-04-03T15:29:10.4794773Z ##[endgroup]
job-core	Checkout code	2025-04-03T15:29:10.4797475Z ##[group]Disabling automatic garbage collection
job-core	Checkout code	2025-04-03T15:29:10.4802841Z [command]/usr/bin/git config --local gc.auto 0
job-core	Checkout code	2025-04-03T15:29:10.4849099Z ##[endgroup]
job-core	Checkout code	2025-04-03T15:29:10.4850474Z ##[group]Setting up auth
job-core	Checkout code	2025-04-03T15:29:10.4858559Z [command]/usr/bin/git config --local --name-only --get-regexp core\.sshCommand
job-core	Checkout code	2025-04-03T15:29:10.4906595Z [command]/usr/bin/git submodule foreach --recursive sh -c "git config --local --name-only --get-regexp 'core\.sshCommand' && git config --local --unset-all 'core.sshCommand' || :"
job-core	Checkout code	2025-04-03T15:29:10.5345928Z [command]/usr/bin/git config --local --name-only --get-regexp http\.https\:\/\/github\.com\/\.extraheader
job-core	Checkout code	2025-04-03T15:29:10.5400953Z [command]/usr/bin/git submodule foreach --recursive sh -c "git config --local --name-only --get-regexp 'http\.https\:\/\/github\.com\/\.extraheader' && git config --local --unset-all 'http.https://github.com/.extraheader' || :"
job-core	Checkout code	2025-04-03T15:29:10.5843538Z [command]/usr/bin/git config --local http.https://github.com/.extraheader AUTHORIZATION: basic ***
job-core	Checkout code	2025-04-03T15:29:10.5905856Z ##[endgroup]
job-core	Checkout code	2025-04-03T15:29:10.5906979Z ##[group]Fetching the repository
job-core	Checkout code	2025-04-03T15:29:10.5919135Z [command]/usr/bin/git -c protocol.version=2 fetch --prune --no-recurse-submodules origin +refs/heads/*:refs/remotes/origin/* +refs/tags/*:refs/tags/*
job-core	Checkout code	2025-04-03T15:29:11.4410539Z [command]/usr/bin/git branch --list --remote origin/H215-modulo-de-summary
job-core	Checkout code	2025-04-03T15:29:11.4487391Z   origin/H215-modulo-de-summary
job-core	Checkout code	2025-04-03T15:29:11.4509552Z [command]/usr/bin/git rev-parse refs/remotes/origin/H215-modulo-de-summary
job-core	Checkout code	2025-04-03T15:29:11.4551311Z 742056540d16d83f4bf9b8945443e58d72536e3d
job-core	Checkout code	2025-04-03T15:29:11.4558968Z ##[endgroup]
job-core	Checkout code	2025-04-03T15:29:11.4559987Z ##[group]Determining the checkout info
job-core	Checkout code	2025-04-03T15:29:11.4562381Z ##[endgroup]
job-core	Checkout code	2025-04-03T15:29:11.4572526Z [command]/usr/bin/git sparse-checkout disable
job-core	Checkout code	2025-04-03T15:29:11.4675179Z [command]/usr/bin/git config --local --unset-all extensions.worktreeConfig
job-core	Checkout code	2025-04-03T15:29:11.4735290Z ##[group]Checking out the ref
job-core	Checkout code	2025-04-03T15:29:11.4743940Z [command]/usr/bin/git checkout --progress --force -B H215-modulo-de-summary refs/remotes/origin/H215-modulo-de-summary
job-core	Checkout code	2025-04-03T15:29:11.4916129Z Switched to a new branch 'H215-modulo-de-summary'
job-core	Checkout code	2025-04-03T15:29:11.4922775Z branch 'H215-modulo-de-summary' set up to track 'origin/H215-modulo-de-summary'.
job-core	Checkout code	2025-04-03T15:29:11.4933559Z ##[endgroup]
job-core	Checkout code	2025-04-03T15:29:11.4993371Z [command]/usr/bin/git log -1 --format=%H
job-core	Checkout code	2025-04-03T15:29:11.5035035Z 742056540d16d83f4bf9b8945443e58d72536e3d
job-core	Install Node.js	ï»¿2025-04-03T15:29:11.5300738Z ##[group]Run actions/setup-node@v2
job-core	Install Node.js	2025-04-03T15:29:11.5301305Z with:
job-core	Install Node.js	2025-04-03T15:29:11.5301528Z   node-version: 14
job-core	Install Node.js	2025-04-03T15:29:11.5301780Z   always-auth: false
job-core	Install Node.js	2025-04-03T15:29:11.5302042Z   check-latest: false
job-core	Install Node.js	2025-04-03T15:29:11.5302521Z   token: ***
job-core	Install Node.js	2025-04-03T15:29:11.5302741Z env:
job-core	Install Node.js	2025-04-03T15:29:11.5302975Z   KAOS_MODULE: [Ka0S] JSONLINT
job-core	Install Node.js	2025-04-03T15:29:11.5303380Z   GH_TOKEN: ***
job-core	Install Node.js	2025-04-03T15:29:11.5303672Z   KAOS_JSONLINT_CONFIG: core/config/.jsonlint.json
job-core	Install Node.js	2025-04-03T15:29:11.5304079Z   KAOS_PATH_RESUME: core/outputs/j/
job-core	Install Node.js	2025-04-03T15:29:11.5304437Z   KAOS_REPO: /actions-runner/_work/kaos/kaos
job-core	Install Node.js	2025-04-03T15:29:11.5304792Z   KAOS_STEP_MODULE: 
job-core	Install Node.js	2025-04-03T15:29:11.5305043Z   KAOS_CODE: 14246727492
job-core	Install Node.js	2025-04-03T15:29:11.5305313Z   KAOS_REF_BRANCH: main
job-core	Install Node.js	2025-04-03T15:29:11.5305567Z ##[endgroup]
job-core	Install Node.js	2025-04-03T15:29:11.7236045Z Found in cache @ /actions-runner/_work/_tool/node/14.21.3/x64
job-core	Install jsonlint	ï»¿2025-04-03T15:29:11.7423494Z ##[group]Run if ! command -v jsonlint &> /dev/null; then
job-core	Install jsonlint	2025-04-03T15:29:11.7424541Z [36;1mif ! command -v jsonlint &> /dev/null; then[0m
job-core	Install jsonlint	2025-04-03T15:29:11.7425065Z [36;1m  echo "Installing jsonlint..."[0m
job-core	Install jsonlint	2025-04-03T15:29:11.7425455Z [36;1m  npm install -g jsonlint[0m
job-core	Install jsonlint	2025-04-03T15:29:11.7425792Z [36;1melse[0m
job-core	Install jsonlint	2025-04-03T15:29:11.7426178Z [36;1m  echo "jsonlint already installed, skipping installation"[0m
job-core	Install jsonlint	2025-04-03T15:29:11.7426665Z [36;1mfi[0m
job-core	Install jsonlint	2025-04-03T15:29:11.7426952Z [36;1mmkdir -p core/outputs/j/[0m
job-core	Install jsonlint	2025-04-03T15:29:11.7445276Z shell: /usr/bin/bash -e {0}
job-core	Install jsonlint	2025-04-03T15:29:11.7445663Z env:
job-core	Install jsonlint	2025-04-03T15:29:11.7445924Z   KAOS_MODULE: [Ka0S] JSONLINT
job-core	Install jsonlint	2025-04-03T15:29:11.7446492Z   GH_TOKEN: ***
job-core	Install jsonlint	2025-04-03T15:29:11.7446820Z   KAOS_JSONLINT_CONFIG: core/config/.jsonlint.json
job-core	Install jsonlint	2025-04-03T15:29:11.7447245Z   KAOS_PATH_RESUME: core/outputs/j/
job-core	Install jsonlint	2025-04-03T15:29:11.7447638Z   KAOS_REPO: /actions-runner/_work/kaos/kaos
job-core	Install jsonlint	2025-04-03T15:29:11.7448012Z   KAOS_STEP_MODULE: 
job-core	Install jsonlint	2025-04-03T15:29:11.7448357Z   KAOS_CODE: 14246727492
job-core	Install jsonlint	2025-04-03T15:29:11.7448651Z   KAOS_REF_BRANCH: main
job-core	Install jsonlint	2025-04-03T15:29:11.7448961Z ##[endgroup]
job-core	Install jsonlint	2025-04-03T15:29:11.7557944Z jsonlint already installed, skipping installation
job-core	Check JSON	ï»¿2025-04-03T15:29:11.7634927Z ##[group]Run # Invocamos la primera comprobaciÃ³n de base, sino se supera el proceso no continua
job-core	Check JSON	2025-04-03T15:29:11.7636032Z [36;1m# Invocamos la primera comprobaciÃ³n de base, sino se supera el proceso no continua[0m
job-core	Check JSON	2025-04-03T15:29:11.7637005Z [36;1m# Extraemos el nombre del fichero[0m
job-core	Check JSON	2025-04-03T15:29:11.7637510Z [36;1mfile_name=$(basename "core/results/event_data13308524743.json")[0m
job-core	Check JSON	2025-04-03T15:29:11.7638039Z [36;1m# Generamos el fichero de resultados vacio[0m
job-core	Check JSON	2025-04-03T15:29:11.7638554Z [36;1mtouch core/outputs/j/jsonlint-results-14246727492.txt[0m
job-core	Check JSON	2025-04-03T15:29:11.7639060Z [36;1m# Realizamos el check del documento json [0m
job-core	Check JSON	2025-04-03T15:29:11.7639813Z [36;1mjsonlint core/results/event_data13308524743.json > core/outputs/j/jsonlint-results-14246727492.txt || true[0m
job-core	Check JSON	2025-04-03T15:29:11.7640797Z [36;1m# esto es un workarround importante que hay que retirar[0m
job-core	Check JSON	2025-04-03T15:29:11.7641373Z [36;1m#rm -rf core/outputs/j/jsonlint-results-14246727492.txt[0m
job-core	Check JSON	2025-04-03T15:29:11.7641805Z [36;1m# a retirar[0m
job-core	Check JSON	2025-04-03T15:29:11.7642167Z [36;1m# Check if exist errors in file[0m
job-core	Check JSON	2025-04-03T15:29:11.7642533Z [36;1mecho "Mostramos fichero"[0m
job-core	Check JSON	2025-04-03T15:29:11.7643125Z [36;1mcat core/outputs/j/jsonlint-results-14246727492.txt[0m
job-core	Check JSON	2025-04-03T15:29:11.7643712Z [36;1mif [ ! -s core/outputs/j/jsonlint-results-14246727492.txt ]; then[0m
job-core	Check JSON	2025-04-03T15:29:11.7644478Z [36;1m  echo "File core/outputs/j/jsonlint-results-14246727492.txt is empty and is content correct"[0m
job-core	Check JSON	2025-04-03T15:29:11.7646058Z [36;1m  KAOS_ISSUE_BODY="The [Ka0S] JSONLINT process (14246693517) launch the check (14246727492) over file (core/results/event_data13308524743.json) and its result has been SUCCESS. Please review all files implicated in pull request and approve to merge"[0m
job-core	Check JSON	2025-04-03T15:29:11.7647575Z [36;1m  # AÃ±adimos la versiÃ³n de jsonlint con la que se realiza la comprobacion[0m
job-core	Check JSON	2025-04-03T15:29:11.7648345Z [36;1m  jsonlint --version >> core/outputs/j/jsonlint-results-14246727492.txt[0m
job-core	Check JSON	2025-04-03T15:29:11.7649005Z [36;1m  # aÃ±adimos el nombre del fichero que vamos a comprobar[0m
job-core	Check JSON	2025-04-03T15:29:11.7649797Z [36;1m  echo "Finding: core/results/event_data13308524743.json" >> core/outputs/j/jsonlint-results-14246727492.txt[0m
job-core	Check JSON	2025-04-03T15:29:11.7651223Z [36;1m  # gh workflow run issue.yaml --ref main -f kaos-issue-title="" -f kaos-issue-body="$KAOS_ISSUE_BODY" -f kaos-issue-actions=comment -f kaos-issue-tag="" -f kaos-issue-id=215[0m
job-core	Check JSON	2025-04-03T15:29:11.7652372Z [36;1m  gh issue comment  215 -F core/outputs/j/jsonlint-results-14246727492.txt[0m
job-core	Check JSON	2025-04-03T15:29:11.7652926Z [36;1melse[0m
job-core	Check JSON	2025-04-03T15:29:11.7653287Z [36;1m  cat core/outputs/j/jsonlint-results-14246727492.txt[0m
job-core	Check JSON	2025-04-03T15:29:11.7654167Z [36;1m  echo "File core/outputs/j/jsonlint-results-14246727492.txt is not empty and is content not correct and write commit info"[0m
job-core	Check JSON	2025-04-03T15:29:11.7656074Z [36;1m  KAOS_ISSUE_BODY="The [Ka0S] JSONLINT process (14246693517) launch the check (14246727492) over file (core/results/event_data13308524743.json) and its result has been FAILED, please check and solved it"[0m
job-core	Check JSON	2025-04-03T15:29:11.7657479Z [36;1m  # AÃ±adimos la versiÃ³n de jsonlint con la que se realiza la comprobacion[0m
job-core	Check JSON	2025-04-03T15:29:11.7659735Z [36;1m  # jsonlint --version || true >> core/outputs/j/jsonlint-results-14246727492.txt[0m
job-core	Check JSON	2025-04-03T15:29:11.7660977Z [36;1m  # aÃ±adimos el nombre del fichero que vamos a comprobar[0m
job-core	Check JSON	2025-04-03T15:29:11.7661754Z [36;1m  echo "Finding: core/results/event_data13308524743.json" >> core/outputs/j/jsonlint-results-14246727492.txt[0m
job-core	Check JSON	2025-04-03T15:29:11.7663023Z [36;1m  # gh workflow run issue.yaml --ref main -f kaos-issue-title="" -f kaos-issue-body="$KAOS_ISSUE_BODY" -f kaos-issue-actions=comment -f kaos-issue-tag="" -f kaos-issue-id=215 [0m
job-core	Check JSON	2025-04-03T15:29:11.7664127Z [36;1m  gh issue comment  215 -F core/outputs/j/jsonlint-results-14246727492.txt[0m
job-core	Check JSON	2025-04-03T15:29:11.7664660Z [36;1mfi[0m
job-core	Check JSON	2025-04-03T15:29:11.7675782Z shell: /usr/bin/bash -e {0}
job-core	Check JSON	2025-04-03T15:29:11.7676387Z env:
job-core	Check JSON	2025-04-03T15:29:11.7676617Z   KAOS_MODULE: [Ka0S] JSONLINT
job-core	Check JSON	2025-04-03T15:29:11.7677153Z   GH_TOKEN: ***
job-core	Check JSON	2025-04-03T15:29:11.7677449Z   KAOS_JSONLINT_CONFIG: core/config/.jsonlint.json
job-core	Check JSON	2025-04-03T15:29:11.7677843Z   KAOS_PATH_RESUME: core/outputs/j/
job-core	Check JSON	2025-04-03T15:29:11.7678189Z   KAOS_REPO: /actions-runner/_work/kaos/kaos
job-core	Check JSON	2025-04-03T15:29:11.7678534Z   KAOS_STEP_MODULE: 
job-core	Check JSON	2025-04-03T15:29:11.7678794Z   KAOS_CODE: 14246727492
job-core	Check JSON	2025-04-03T15:29:11.7679058Z   KAOS_REF_BRANCH: main
job-core	Check JSON	2025-04-03T15:29:11.7679320Z ##[endgroup]
job-core	Check JSON	2025-04-03T15:29:11.9285071Z internal/fs/utils.js:332
job-core	Check JSON	2025-04-03T15:29:11.9285576Z     throw err;
job-core	Check JSON	2025-04-03T15:29:11.9285825Z     ^
job-core	Check JSON	2025-04-03T15:29:11.9285992Z 
job-core	Check JSON	2025-04-03T15:29:11.9286536Z Error: ENOENT: no such file or directory, open 'core/results/event_data13308524743.json'
job-core	Check JSON	2025-04-03T15:29:11.9287183Z     at Object.openSync (fs.js:498:3)
job-core	Check JSON	2025-04-03T15:29:11.9287647Z     at Object.readFileSync (fs.js:394:35)
job-core	Check JSON	2025-04-03T15:29:11.9288385Z     at main (/actions-runner/_work/_tool/node/14.21.3/x64/lib/node_modules/jsonlint/lib/cli.js:135:23)
job-core	Check JSON	2025-04-03T15:29:11.9289803Z     at Object.<anonymous> (/actions-runner/_work/_tool/node/14.21.3/x64/lib/node_modules/jsonlint/lib/cli.js:179:1)
job-core	Check JSON	2025-04-03T15:29:11.9291730Z     at Module._compile (internal/modules/cjs/loader.js:1114:14)
job-core	Check JSON	2025-04-03T15:29:11.9293094Z     at Object.Module._extensions..js (internal/modules/cjs/loader.js:1143:10)
job-core	Check JSON	2025-04-03T15:29:11.9294269Z     at Module.load (internal/modules/cjs/loader.js:979:32)
job-core	Check JSON	2025-04-03T15:29:11.9295608Z     at Function.Module._load (internal/modules/cjs/loader.js:819:12)
job-core	Check JSON	2025-04-03T15:29:11.9297098Z     at Function.executeUserEntryPoint [as runMain] (internal/modules/run_main.js:75:12)
job-core	Check JSON	2025-04-03T15:29:11.9298539Z     at internal/main/run_main_module.js:17:47 {
job-core	Check JSON	2025-04-03T15:29:11.9299499Z   errno: -2,
job-core	Check JSON	2025-04-03T15:29:11.9300267Z   syscall: 'open',
job-core	Check JSON	2025-04-03T15:29:11.9300578Z   code: 'ENOENT',
job-core	Check JSON	2025-04-03T15:29:11.9300956Z   path: 'core/results/event_data13308524743.json'
job-core	Check JSON	2025-04-03T15:29:11.9301542Z }
job-core	Check JSON	2025-04-03T15:29:11.9338311Z Mostramos fichero
job-core	Check JSON	2025-04-03T15:29:11.9359357Z File core/outputs/j/jsonlint-results-14246727492.txt is empty and is content correct
job-core	Check JSON	2025-04-03T15:29:12.1005527Z ##[error]Process completed with exit code 1.
job-core	Post Checkout code	ï»¿2025-04-03T15:29:12.1162224Z Post job cleanup.
job-core	Post Checkout code	2025-04-03T15:29:12.2568373Z [command]/usr/bin/git version
job-core	Post Checkout code	2025-04-03T15:29:12.2619656Z git version 2.48.1
job-core	Post Checkout code	2025-04-03T15:29:12.2686342Z Copying '/home/kaos/.gitconfig' to '/actions-runner/_work/_temp/11bc6171-2242-4f5b-8658-e280012017df/.gitconfig'
job-core	Post Checkout code	2025-04-03T15:29:12.2708508Z Temporarily overriding HOME='/actions-runner/_work/_temp/11bc6171-2242-4f5b-8658-e280012017df' before making global git config changes
job-core	Post Checkout code	2025-04-03T15:29:12.2711728Z Adding repository directory to the temporary git global config as a safe directory
job-core	Post Checkout code	2025-04-03T15:29:12.2719502Z [command]/usr/bin/git config --global --add safe.directory /actions-runner/_work/ka0s/ka0s
job-core	Post Checkout code	2025-04-03T15:29:12.2782085Z [command]/usr/bin/git config --local --name-only --get-regexp core\.sshCommand
job-core	Post Checkout code	2025-04-03T15:29:12.2849586Z [command]/usr/bin/git submodule foreach --recursive sh -c "git config --local --name-only --get-regexp 'core\.sshCommand' && git config --local --unset-all 'core.sshCommand' || :"
job-core	Post Checkout code	2025-04-03T15:29:12.3250946Z [command]/usr/bin/git config --local --name-only --get-regexp http\.https\:\/\/github\.com\/\.extraheader
job-core	Post Checkout code	2025-04-03T15:29:12.3283274Z http.https://github.com/.extraheader
job-core	Post Checkout code	2025-04-03T15:29:12.3303520Z [command]/usr/bin/git config --local --unset-all http.https://github.com/.extraheader
job-core	Post Checkout code	2025-04-03T15:29:12.3351346Z [command]/usr/bin/git submodule foreach --recursive sh -c "git config --local --name-only --get-regexp 'http\.https\:\/\/github\.com\/\.extraheader' && git config --local --unset-all 'http.https://github.com/.extraheader' || :"
job-core	Complete job	ï»¿2025-04-03T15:29:12.3894174Z Cleaning up orphan processes
handle_failure	Set up job	ï»¿2025-04-03T15:36:54.8206085Z Current runner version: '2.323.0'
handle_failure	Set up job	2025-04-03T15:36:54.8215555Z Runner name: 'ka0s-1'
handle_failure	Set up job	2025-04-03T15:36:54.8216775Z Machine name: '419612ea1a87'
handle_failure	Set up job	2025-04-03T15:36:54.8220932Z ##[group]GITHUB_TOKEN Permissions
handle_failure	Set up job	2025-04-03T15:36:54.8224041Z Actions: write
handle_failure	Set up job	2025-04-03T15:36:54.8224945Z Contents: write
handle_failure	Set up job	2025-04-03T15:36:54.8225593Z Issues: write
handle_failure	Set up job	2025-04-03T15:36:54.8226267Z Metadata: read
handle_failure	Set up job	2025-04-03T15:36:54.8226998Z PullRequests: write
handle_failure	Set up job	2025-04-03T15:36:54.8227698Z ##[endgroup]
handle_failure	Set up job	2025-04-03T15:36:54.8231182Z Secret source: Actions
handle_failure	Set up job	2025-04-03T15:36:54.8232199Z Prepare workflow directory
handle_failure	Set up job	2025-04-03T15:36:54.9217456Z Prepare all required actions
handle_failure	Set up job	2025-04-03T15:36:54.9277132Z Getting action download info
handle_failure	Set up job	2025-04-03T15:36:55.8407155Z Download action repository 'actions/checkout@v4' (SHA:11bd71901bbe5b1630ceea73d27597364c9af683)
handle_failure	Set up job	2025-04-03T15:36:58.7009620Z Complete job name: handle_failure
handle_failure	Checkout code	ï»¿2025-04-03T15:36:58.7784174Z ##[group]Run actions/checkout@v4
handle_failure	Checkout code	2025-04-03T15:36:58.7786039Z with:
handle_failure	Checkout code	2025-04-03T15:36:58.7786939Z   fetch-depth: 0
handle_failure	Checkout code	2025-04-03T15:36:58.7788618Z   token: ***
handle_failure	Checkout code	2025-04-03T15:36:58.7789586Z   repository: Ka0s-Klaus/ka0s
handle_failure	Checkout code	2025-04-03T15:36:58.7790872Z   ssh-strict: true
handle_failure	Checkout code	2025-04-03T15:36:58.7791854Z   ssh-user: git
handle_failure	Checkout code	2025-04-03T15:36:58.7792851Z   persist-credentials: true
handle_failure	Checkout code	2025-04-03T15:36:58.7793966Z   clean: true
handle_failure	Checkout code	2025-04-03T15:36:58.7794951Z   sparse-checkout-cone-mode: true
handle_failure	Checkout code	2025-04-03T15:36:58.7796183Z   fetch-tags: false
handle_failure	Checkout code	2025-04-03T15:36:58.7797149Z   show-progress: true
handle_failure	Checkout code	2025-04-03T15:36:58.7798138Z   lfs: false
handle_failure	Checkout code	2025-04-03T15:36:58.7799056Z   submodules: false
handle_failure	Checkout code	2025-04-03T15:36:58.7800425Z   set-safe-directory: true
handle_failure	Checkout code	2025-04-03T15:36:58.7802933Z env:
handle_failure	Checkout code	2025-04-03T15:36:58.7803827Z   KAOS_MODULE: [Ka0S] JSONLINT
handle_failure	Checkout code	2025-04-03T15:36:58.7805413Z   GH_TOKEN: ***
handle_failure	Checkout code	2025-04-03T15:36:58.7806536Z   KAOS_JSONLINT_CONFIG: core/config/.jsonlint.json
handle_failure	Checkout code	2025-04-03T15:36:58.7808104Z   KAOS_PATH_RESUME: core/outputs/j/
handle_failure	Checkout code	2025-04-03T15:36:58.7810365Z   KAOS_REPO: /actions-runner/_work/kaos/kaos
handle_failure	Checkout code	2025-04-03T15:36:58.7811859Z   KAOS_STEP_MODULE: 
handle_failure	Checkout code	2025-04-03T15:36:58.7812815Z   KAOS_CODE: 14246727492
handle_failure	Checkout code	2025-04-03T15:36:58.7813816Z   KAOS_REF_BRANCH: main
handle_failure	Checkout code	2025-04-03T15:36:58.7814764Z ##[endgroup]
handle_failure	Checkout code	2025-04-03T15:36:58.9623432Z Syncing repository: Ka0s-Klaus/ka0s
handle_failure	Checkout code	2025-04-03T15:36:58.9627206Z ##[group]Getting Git version info
handle_failure	Checkout code	2025-04-03T15:36:58.9630413Z Working directory is '/actions-runner/_work/ka0s/ka0s'
handle_failure	Checkout code	2025-04-03T15:36:58.9633785Z [command]/usr/bin/git version
handle_failure	Checkout code	2025-04-03T15:36:58.9634903Z git version 2.48.1
handle_failure	Checkout code	2025-04-03T15:36:58.9666087Z ##[endgroup]
handle_failure	Checkout code	2025-04-03T15:36:58.9683056Z Copying '/home/kaos/.gitconfig' to '/actions-runner/_work/_temp/5d452288-e11c-4e07-88e8-b87844d1bfa2/.gitconfig'
handle_failure	Checkout code	2025-04-03T15:36:58.9693958Z Temporarily overriding HOME='/actions-runner/_work/_temp/5d452288-e11c-4e07-88e8-b87844d1bfa2' before making global git config changes
handle_failure	Checkout code	2025-04-03T15:36:58.9697039Z Adding repository directory to the temporary git global config as a safe directory
handle_failure	Checkout code	2025-04-03T15:36:58.9733027Z [command]/usr/bin/git config --global --add safe.directory /actions-runner/_work/ka0s/ka0s
handle_failure	Checkout code	2025-04-03T15:36:58.9768124Z [command]/usr/bin/git config --local --get remote.origin.url
handle_failure	Checkout code	2025-04-03T15:36:58.9815809Z https://github.com/Ka0s-Klaus/ka0s
handle_failure	Checkout code	2025-04-03T15:36:58.9859106Z ##[group]Removing previously created refs, to avoid conflicts
handle_failure	Checkout code	2025-04-03T15:36:58.9868474Z [command]/usr/bin/git rev-parse --symbolic-full-name --verify --quiet HEAD
handle_failure	Checkout code	2025-04-03T15:36:58.9906251Z refs/heads/H215-modulo-de-summary
handle_failure	Checkout code	2025-04-03T15:36:58.9924711Z [command]/usr/bin/git checkout --detach
handle_failure	Checkout code	2025-04-03T15:36:59.0076723Z HEAD is now at 7420565 [Ka0S] Uploading resume execution files to the repository...
handle_failure	Checkout code	2025-04-03T15:36:59.0176559Z [command]/usr/bin/git branch --delete --force H215-modulo-de-summary
handle_failure	Checkout code	2025-04-03T15:36:59.0236533Z Deleted branch H215-modulo-de-summary (was 7420565).
handle_failure	Checkout code	2025-04-03T15:36:59.0355890Z ##[endgroup]
handle_failure	Checkout code	2025-04-03T15:36:59.0358898Z [command]/usr/bin/git submodule status
handle_failure	Checkout code	2025-04-03T15:36:59.0894153Z ##[group]Cleaning the repository
handle_failure	Checkout code	2025-04-03T15:36:59.0897727Z [command]/usr/bin/git clean -ffdx
handle_failure	Checkout code	2025-04-03T15:36:59.0989698Z [command]/usr/bin/git reset --hard HEAD
handle_failure	Checkout code	2025-04-03T15:36:59.1190632Z HEAD is now at 7420565 [Ka0S] Uploading resume execution files to the repository...
handle_failure	Checkout code	2025-04-03T15:36:59.1203660Z ##[endgroup]
handle_failure	Checkout code	2025-04-03T15:36:59.1207296Z ##[group]Disabling automatic garbage collection
handle_failure	Checkout code	2025-04-03T15:36:59.1210606Z [command]/usr/bin/git config --local gc.auto 0
handle_failure	Checkout code	2025-04-03T15:36:59.1260871Z ##[endgroup]
handle_failure	Checkout code	2025-04-03T15:36:59.1262497Z ##[group]Setting up auth
handle_failure	Checkout code	2025-04-03T15:36:59.1272028Z [command]/usr/bin/git config --local --name-only --get-regexp core\.sshCommand
handle_failure	Checkout code	2025-04-03T15:36:59.1343282Z [command]/usr/bin/git submodule foreach --recursive sh -c "git config --local --name-only --get-regexp 'core\.sshCommand' && git config --local --unset-all 'core.sshCommand' || :"
handle_failure	Checkout code	2025-04-03T15:36:59.1763542Z [command]/usr/bin/git config --local --name-only --get-regexp http\.https\:\/\/github\.com\/\.extraheader
handle_failure	Checkout code	2025-04-03T15:36:59.1811905Z [command]/usr/bin/git submodule foreach --recursive sh -c "git config --local --name-only --get-regexp 'http\.https\:\/\/github\.com\/\.extraheader' && git config --local --unset-all 'http.https://github.com/.extraheader' || :"
handle_failure	Checkout code	2025-04-03T15:36:59.2233020Z [command]/usr/bin/git config --local http.https://github.com/.extraheader AUTHORIZATION: basic ***
handle_failure	Checkout code	2025-04-03T15:36:59.2297377Z ##[endgroup]
handle_failure	Checkout code	2025-04-03T15:36:59.2300579Z ##[group]Fetching the repository
handle_failure	Checkout code	2025-04-03T15:36:59.2313692Z [command]/usr/bin/git -c protocol.version=2 fetch --prune --no-recurse-submodules origin +refs/heads/*:refs/remotes/origin/* +refs/tags/*:refs/tags/*
handle_failure	Checkout code	2025-04-03T15:37:00.4247275Z From https://github.com/Ka0s-Klaus/ka0s
handle_failure	Checkout code	2025-04-03T15:37:00.4248903Z    7420565..df05f64  H215-modulo-de-summary -> origin/H215-modulo-de-summary
handle_failure	Checkout code	2025-04-03T15:37:00.4254603Z    07ae678..852ebf4  main                   -> origin/main
handle_failure	Checkout code	2025-04-03T15:37:00.4347428Z [command]/usr/bin/git branch --list --remote origin/H215-modulo-de-summary
handle_failure	Checkout code	2025-04-03T15:37:00.4399758Z   origin/H215-modulo-de-summary
handle_failure	Checkout code	2025-04-03T15:37:00.4413453Z [command]/usr/bin/git rev-parse refs/remotes/origin/H215-modulo-de-summary
handle_failure	Checkout code	2025-04-03T15:37:00.4447700Z df05f64bd55ec3379631a103292d031c31a4b542
handle_failure	Checkout code	2025-04-03T15:37:00.4464788Z [command]/usr/bin/git -c protocol.version=2 fetch --no-tags --prune --no-recurse-submodules origin +742056540d16d83f4bf9b8945443e58d72536e3d:refs/remotes/origin/H215-modulo-de-summary
handle_failure	Checkout code	2025-04-03T15:37:01.3554750Z From https://github.com/Ka0s-Klaus/ka0s
handle_failure	Checkout code	2025-04-03T15:37:01.3557787Z  + df05f64...7420565 742056540d16d83f4bf9b8945443e58d72536e3d -> origin/H215-modulo-de-summary  (forced update)
handle_failure	Checkout code	2025-04-03T15:37:01.3648145Z ##[endgroup]
handle_failure	Checkout code	2025-04-03T15:37:01.3649171Z ##[group]Determining the checkout info
handle_failure	Checkout code	2025-04-03T15:37:01.3651039Z ##[endgroup]
handle_failure	Checkout code	2025-04-03T15:37:01.3658323Z [command]/usr/bin/git sparse-checkout disable
handle_failure	Checkout code	2025-04-03T15:37:01.3740555Z [command]/usr/bin/git config --local --unset-all extensions.worktreeConfig
handle_failure	Checkout code	2025-04-03T15:37:01.3785083Z ##[group]Checking out the ref
handle_failure	Checkout code	2025-04-03T15:37:01.3793424Z [command]/usr/bin/git checkout --progress --force -B H215-modulo-de-summary refs/remotes/origin/H215-modulo-de-summary
handle_failure	Checkout code	2025-04-03T15:37:01.3928704Z Switched to a new branch 'H215-modulo-de-summary'
handle_failure	Checkout code	2025-04-03T15:37:01.3935921Z branch 'H215-modulo-de-summary' set up to track 'origin/H215-modulo-de-summary'.
handle_failure	Checkout code	2025-04-03T15:37:01.3946575Z ##[endgroup]
handle_failure	Checkout code	2025-04-03T15:37:01.4007886Z [command]/usr/bin/git log -1 --format=%H
handle_failure	Checkout code	2025-04-03T15:37:01.4052496Z 742056540d16d83f4bf9b8945443e58d72536e3d
handle_failure	handle-failure-execution	ï»¿2025-04-03T15:37:01.4367655Z ##[group]Run echo "Error detected in process"
handle_failure	handle-failure-execution	2025-04-03T15:37:01.4368277Z [36;1mecho "Error detected in process"[0m
handle_failure	handle-failure-execution	2025-04-03T15:37:01.4368819Z [36;1mRNNUMBER=$(echo "refs/heads/H215-modulo-de-summary" | grep -o '[0-9]*')[0m
handle_failure	handle-failure-execution	2025-04-03T15:37:01.4369857Z [36;1mgh issue comment $RNNUMBER --body "El proceso no ha finalizado correctamente 14246727492. El resultado estÃ¡ en el fichero core/results/event_data14246727492.log"[0m
handle_failure	handle-failure-execution	2025-04-03T15:37:01.4386558Z shell: /usr/bin/bash -e {0}
handle_failure	handle-failure-execution	2025-04-03T15:37:01.4386941Z env:
handle_failure	handle-failure-execution	2025-04-03T15:37:01.4387557Z   KAOS_MODULE: [Ka0S] JSONLINT
handle_failure	handle-failure-execution	2025-04-03T15:37:01.4388141Z   GH_TOKEN: ***
handle_failure	handle-failure-execution	2025-04-03T15:37:01.4388443Z   KAOS_JSONLINT_CONFIG: core/config/.jsonlint.json
handle_failure	handle-failure-execution	2025-04-03T15:37:01.4388851Z   KAOS_PATH_RESUME: core/outputs/j/
handle_failure	handle-failure-execution	2025-04-03T15:37:01.4389215Z   KAOS_REPO: /actions-runner/_work/kaos/kaos
handle_failure	handle-failure-execution	2025-04-03T15:37:01.4389560Z   KAOS_STEP_MODULE: 
handle_failure	handle-failure-execution	2025-04-03T15:37:01.4389841Z   KAOS_CODE: 14246727492
handle_failure	handle-failure-execution	2025-04-03T15:37:01.4390564Z   KAOS_REF_BRANCH: main
handle_failure	handle-failure-execution	2025-04-03T15:37:01.4391065Z ##[endgroup]
handle_failure	handle-failure-execution	2025-04-03T15:37:01.4461030Z Error detected in process
handle_failure	handle-failure-execution	2025-04-03T15:37:03.0140280Z https://github.com/Ka0s-Klaus/ka0s/issues/215#issuecomment-2776211258
handle_failure	Post Checkout code	ï»¿2025-04-03T15:37:03.0466726Z Post job cleanup.
handle_failure	Post Checkout code	2025-04-03T15:37:03.2416325Z [command]/usr/bin/git version
handle_failure	Post Checkout code	2025-04-03T15:37:03.2492620Z git version 2.48.1
handle_failure	Post Checkout code	2025-04-03T15:37:03.2605669Z Copying '/home/kaos/.gitconfig' to '/actions-runner/_work/_temp/99709906-3f74-4c98-8345-d669cee71044/.gitconfig'
handle_failure	Post Checkout code	2025-04-03T15:37:03.2641627Z Temporarily overriding HOME='/actions-runner/_work/_temp/99709906-3f74-4c98-8345-d669cee71044' before making global git config changes
handle_failure	Post Checkout code	2025-04-03T15:37:03.2655698Z Adding repository directory to the temporary git global config as a safe directory
handle_failure	Post Checkout code	2025-04-03T15:37:03.2670577Z [command]/usr/bin/git config --global --add safe.directory /actions-runner/_work/ka0s/ka0s
handle_failure	Post Checkout code	2025-04-03T15:37:03.2751757Z [command]/usr/bin/git config --local --name-only --get-regexp core\.sshCommand
handle_failure	Post Checkout code	2025-04-03T15:37:03.2831422Z [command]/usr/bin/git submodule foreach --recursive sh -c "git config --local --name-only --get-regexp 'core\.sshCommand' && git config --local --unset-all 'core.sshCommand' || :"
handle_failure	Post Checkout code	2025-04-03T15:37:03.3393238Z [command]/usr/bin/git config --local --name-only --get-regexp http\.https\:\/\/github\.com\/\.extraheader
handle_failure	Post Checkout code	2025-04-03T15:37:03.3442883Z http.https://github.com/.extraheader
handle_failure	Post Checkout code	2025-04-03T15:37:03.3482867Z [command]/usr/bin/git config --local --unset-all http.https://github.com/.extraheader
handle_failure	Post Checkout code	2025-04-03T15:37:03.3560711Z [command]/usr/bin/git submodule foreach --recursive sh -c "git config --local --name-only --get-regexp 'http\.https\:\/\/github\.com\/\.extraheader' && git config --local --unset-all 'http.https://github.com/.extraheader' || :"
handle_failure	Complete job	ï»¿2025-04-03T15:37:03.4452600Z Cleaning up orphan processes
end-workflow	Set up job	ï»¿2025-04-03T15:43:39.6323479Z Current runner version: '2.323.0'
end-workflow	Set up job	2025-04-03T15:43:39.6333596Z Runner name: 'ka0s-4'
end-workflow	Set up job	2025-04-03T15:43:39.6334941Z Machine name: '419612ea1a87'
end-workflow	Set up job	2025-04-03T15:43:39.6338838Z ##[group]GITHUB_TOKEN Permissions
end-workflow	Set up job	2025-04-03T15:43:39.6342836Z Actions: write
end-workflow	Set up job	2025-04-03T15:43:39.6343687Z Contents: write
end-workflow	Set up job	2025-04-03T15:43:39.6344421Z Issues: write
end-workflow	Set up job	2025-04-03T15:43:39.6345108Z Metadata: read
end-workflow	Set up job	2025-04-03T15:43:39.6345842Z PullRequests: write
end-workflow	Set up job	2025-04-03T15:43:39.6346598Z ##[endgroup]
end-workflow	Set up job	2025-04-03T15:43:39.6350537Z Secret source: Actions
end-workflow	Set up job	2025-04-03T15:43:39.6351566Z Prepare workflow directory
end-workflow	Set up job	2025-04-03T15:43:39.7460131Z Prepare all required actions
end-workflow	Set up job	2025-04-03T15:43:39.7538736Z Getting action download info
end-workflow	Set up job	2025-04-03T15:43:40.8153568Z Download action repository 'actions/checkout@v4' (SHA:11bd71901bbe5b1630ceea73d27597364c9af683)
end-workflow	Set up job	2025-04-03T15:43:42.9394741Z Complete job name: end-workflow
end-workflow	Checkout code	ï»¿2025-04-03T15:43:43.0486640Z ##[group]Run actions/checkout@v4
end-workflow	Checkout code	2025-04-03T15:43:43.0490814Z with:
end-workflow	Checkout code	2025-04-03T15:43:43.0492812Z   fetch-depth: 0
end-workflow	Checkout code	2025-04-03T15:43:43.0496903Z   token: ***
end-workflow	Checkout code	2025-04-03T15:43:43.0498098Z   repository: Ka0s-Klaus/ka0s
end-workflow	Checkout code	2025-04-03T15:43:43.0500748Z   ssh-strict: true
end-workflow	Checkout code	2025-04-03T15:43:43.0501825Z   ssh-user: git
end-workflow	Checkout code	2025-04-03T15:43:43.0502913Z   persist-credentials: true
end-workflow	Checkout code	2025-04-03T15:43:43.0504143Z   clean: true
end-workflow	Checkout code	2025-04-03T15:43:43.0505233Z   sparse-checkout-cone-mode: true
end-workflow	Checkout code	2025-04-03T15:43:43.0506567Z   fetch-tags: false
end-workflow	Checkout code	2025-04-03T15:43:43.0507664Z   show-progress: true
end-workflow	Checkout code	2025-04-03T15:43:43.0508775Z   lfs: false
end-workflow	Checkout code	2025-04-03T15:43:43.0510379Z   submodules: false
end-workflow	Checkout code	2025-04-03T15:43:43.0514125Z   set-safe-directory: true
end-workflow	Checkout code	2025-04-03T15:43:43.0519222Z env:
end-workflow	Checkout code	2025-04-03T15:43:43.0521634Z   KAOS_MODULE: [Ka0S] JSONLINT
end-workflow	Checkout code	2025-04-03T15:43:43.0524756Z   GH_TOKEN: ***
end-workflow	Checkout code	2025-04-03T15:43:43.0527529Z   KAOS_JSONLINT_CONFIG: core/config/.jsonlint.json
end-workflow	Checkout code	2025-04-03T15:43:43.0531076Z   KAOS_PATH_RESUME: core/outputs/j/
end-workflow	Checkout code	2025-04-03T15:43:43.0532665Z   KAOS_REPO: /actions-runner/_work/kaos/kaos
end-workflow	Checkout code	2025-04-03T15:43:43.0534126Z   KAOS_STEP_MODULE: 
end-workflow	Checkout code	2025-04-03T15:43:43.0535242Z   KAOS_CODE: 14246727492
end-workflow	Checkout code	2025-04-03T15:43:43.0536415Z   KAOS_REF_BRANCH: main
end-workflow	Checkout code	2025-04-03T15:43:43.0537566Z ##[endgroup]
end-workflow	Checkout code	2025-04-03T15:43:43.4389869Z Syncing repository: Ka0s-Klaus/ka0s
end-workflow	Checkout code	2025-04-03T15:43:43.4403017Z ##[group]Getting Git version info
end-workflow	Checkout code	2025-04-03T15:43:43.4405983Z Working directory is '/actions-runner/_work/ka0s/ka0s'
end-workflow	Checkout code	2025-04-03T15:43:43.4410183Z [command]/usr/bin/git version
end-workflow	Checkout code	2025-04-03T15:43:43.4412169Z git version 2.48.1
end-workflow	Checkout code	2025-04-03T15:43:43.4418044Z ##[endgroup]
end-workflow	Checkout code	2025-04-03T15:43:43.4454531Z Copying '/home/kaos/.gitconfig' to '/actions-runner/_work/_temp/c390349a-c028-435c-bda0-490d335999ff/.gitconfig'
end-workflow	Checkout code	2025-04-03T15:43:43.4466791Z Temporarily overriding HOME='/actions-runner/_work/_temp/c390349a-c028-435c-bda0-490d335999ff' before making global git config changes
end-workflow	Checkout code	2025-04-03T15:43:43.4475107Z Adding repository directory to the temporary git global config as a safe directory
end-workflow	Checkout code	2025-04-03T15:43:43.4481538Z [command]/usr/bin/git config --global --add safe.directory /actions-runner/_work/ka0s/ka0s
end-workflow	Checkout code	2025-04-03T15:43:43.4488342Z [command]/usr/bin/git config --local --get remote.origin.url
end-workflow	Checkout code	2025-04-03T15:43:43.4497062Z https://github.com/Ka0s-Klaus/ka0s
end-workflow	Checkout code	2025-04-03T15:43:43.4529188Z ##[group]Removing previously created refs, to avoid conflicts
end-workflow	Checkout code	2025-04-03T15:43:43.4539545Z [command]/usr/bin/git rev-parse --symbolic-full-name --verify --quiet HEAD
end-workflow	Checkout code	2025-04-03T15:43:43.4583614Z refs/heads/H215-modulo-de-summary
end-workflow	Checkout code	2025-04-03T15:43:43.4605724Z [command]/usr/bin/git checkout --detach
end-workflow	Checkout code	2025-04-03T15:43:43.4775496Z HEAD is now at 7420565 [Ka0S] Uploading resume execution files to the repository...
end-workflow	Checkout code	2025-04-03T15:43:43.4866348Z [command]/usr/bin/git branch --delete --force H215-modulo-de-summary
end-workflow	Checkout code	2025-04-03T15:43:43.4912720Z Deleted branch H215-modulo-de-summary (was 7420565).
end-workflow	Checkout code	2025-04-03T15:43:43.5012502Z ##[endgroup]
end-workflow	Checkout code	2025-04-03T15:43:43.5017770Z [command]/usr/bin/git submodule status
end-workflow	Checkout code	2025-04-03T15:43:43.5489561Z ##[group]Cleaning the repository
end-workflow	Checkout code	2025-04-03T15:43:43.5492008Z [command]/usr/bin/git clean -ffdx
end-workflow	Checkout code	2025-04-03T15:43:43.5579307Z [command]/usr/bin/git reset --hard HEAD
end-workflow	Checkout code	2025-04-03T15:43:43.5813114Z HEAD is now at 7420565 [Ka0S] Uploading resume execution files to the repository...
end-workflow	Checkout code	2025-04-03T15:43:43.5859275Z ##[endgroup]
end-workflow	Checkout code	2025-04-03T15:43:43.5864602Z ##[group]Disabling automatic garbage collection
end-workflow	Checkout code	2025-04-03T15:43:43.5866912Z [command]/usr/bin/git config --local gc.auto 0
end-workflow	Checkout code	2025-04-03T15:43:43.5905581Z ##[endgroup]
end-workflow	Checkout code	2025-04-03T15:43:43.5907883Z ##[group]Setting up auth
end-workflow	Checkout code	2025-04-03T15:43:43.5933465Z [command]/usr/bin/git config --local --name-only --get-regexp core\.sshCommand
end-workflow	Checkout code	2025-04-03T15:43:43.5997696Z [command]/usr/bin/git submodule foreach --recursive sh -c "git config --local --name-only --get-regexp 'core\.sshCommand' && git config --local --unset-all 'core.sshCommand' || :"
end-workflow	Checkout code	2025-04-03T15:43:43.6411937Z [command]/usr/bin/git config --local --name-only --get-regexp http\.https\:\/\/github\.com\/\.extraheader
end-workflow	Checkout code	2025-04-03T15:43:43.6467859Z [command]/usr/bin/git submodule foreach --recursive sh -c "git config --local --name-only --get-regexp 'http\.https\:\/\/github\.com\/\.extraheader' && git config --local --unset-all 'http.https://github.com/.extraheader' || :"
end-workflow	Checkout code	2025-04-03T15:43:43.7025944Z [command]/usr/bin/git config --local http.https://github.com/.extraheader AUTHORIZATION: basic ***
end-workflow	Checkout code	2025-04-03T15:43:43.7099176Z ##[endgroup]
end-workflow	Checkout code	2025-04-03T15:43:43.7103073Z ##[group]Fetching the repository
end-workflow	Checkout code	2025-04-03T15:43:43.7115927Z [command]/usr/bin/git -c protocol.version=2 fetch --prune --no-recurse-submodules origin +refs/heads/*:refs/remotes/origin/* +refs/tags/*:refs/tags/*
end-workflow	Checkout code	2025-04-03T15:43:45.1396904Z From https://github.com/Ka0s-Klaus/ka0s
end-workflow	Checkout code	2025-04-03T15:43:45.1398881Z    7420565..c8e0280  H215-modulo-de-summary -> origin/H215-modulo-de-summary
end-workflow	Checkout code	2025-04-03T15:43:45.1403066Z    2fc5d26..447d987  main                   -> origin/main
end-workflow	Checkout code	2025-04-03T15:43:45.1472707Z [command]/usr/bin/git branch --list --remote origin/H215-modulo-de-summary
end-workflow	Checkout code	2025-04-03T15:43:45.1515890Z   origin/H215-modulo-de-summary
end-workflow	Checkout code	2025-04-03T15:43:45.1534275Z [command]/usr/bin/git rev-parse refs/remotes/origin/H215-modulo-de-summary
end-workflow	Checkout code	2025-04-03T15:43:45.1574635Z c8e02805446acd7357ac7da6d46aa6ca2d18ab9f
end-workflow	Checkout code	2025-04-03T15:43:45.1601780Z [command]/usr/bin/git -c protocol.version=2 fetch --no-tags --prune --no-recurse-submodules origin +742056540d16d83f4bf9b8945443e58d72536e3d:refs/remotes/origin/H215-modulo-de-summary
end-workflow	Checkout code	2025-04-03T15:43:46.0244330Z From https://github.com/Ka0s-Klaus/ka0s
end-workflow	Checkout code	2025-04-03T15:43:46.0260768Z  + c8e0280...7420565 742056540d16d83f4bf9b8945443e58d72536e3d -> origin/H215-modulo-de-summary  (forced update)
end-workflow	Checkout code	2025-04-03T15:43:46.0399977Z ##[endgroup]
end-workflow	Checkout code	2025-04-03T15:43:46.0428208Z ##[group]Determining the checkout info
end-workflow	Checkout code	2025-04-03T15:43:46.0441592Z ##[endgroup]
end-workflow	Checkout code	2025-04-03T15:43:46.0443011Z [command]/usr/bin/git sparse-checkout disable
end-workflow	Checkout code	2025-04-03T15:43:46.0516062Z [command]/usr/bin/git config --local --unset-all extensions.worktreeConfig
end-workflow	Checkout code	2025-04-03T15:43:46.0569765Z ##[group]Checking out the ref
end-workflow	Checkout code	2025-04-03T15:43:46.0581542Z [command]/usr/bin/git checkout --progress --force -B H215-modulo-de-summary refs/remotes/origin/H215-modulo-de-summary
end-workflow	Checkout code	2025-04-03T15:43:46.0765732Z Switched to a new branch 'H215-modulo-de-summary'
end-workflow	Checkout code	2025-04-03T15:43:46.0771148Z branch 'H215-modulo-de-summary' set up to track 'origin/H215-modulo-de-summary'.
end-workflow	Checkout code	2025-04-03T15:43:46.0789392Z ##[endgroup]
end-workflow	Checkout code	2025-04-03T15:43:46.0878783Z [command]/usr/bin/git log -1 --format=%H
end-workflow	Checkout code	2025-04-03T15:43:46.0942471Z 742056540d16d83f4bf9b8945443e58d72536e3d
end-workflow	Finaliza el workflow	ï»¿2025-04-03T15:43:46.1329020Z ##[group]Run echo "End process"
end-workflow	Finaliza el workflow	2025-04-03T15:43:46.1329926Z [36;1mecho "End process"[0m
end-workflow	Finaliza el workflow	2025-04-03T15:43:46.1330841Z [36;1mRNNUMBER=$(echo "refs/heads/H215-modulo-de-summary" | grep -o '[0-9]*')[0m
end-workflow	Finaliza el workflow	2025-04-03T15:43:46.1331838Z [36;1mgh issue comment $RNNUMBER --body "Se finaliza Ka0s 14246727492"[0m
end-workflow	Finaliza el workflow	2025-04-03T15:43:46.1333152Z [36;1mgh workflow run inspector.yml --ref 'main' -f kaos-issue-id=$RNNUMBER -f kaos-workflow-id="14246727492" -f kaos-user-start=""[0m
end-workflow	Finaliza el workflow	2025-04-03T15:43:46.1353722Z shell: /usr/bin/bash -e {0}
end-workflow	Finaliza el workflow	2025-04-03T15:43:46.1354936Z env:
end-workflow	Finaliza el workflow	2025-04-03T15:43:46.1355332Z   KAOS_MODULE: [Ka0S] JSONLINT
end-workflow	Finaliza el workflow	2025-04-03T15:43:46.1356413Z   GH_TOKEN: ***
end-workflow	Finaliza el workflow	2025-04-03T15:43:46.1356915Z   KAOS_JSONLINT_CONFIG: core/config/.jsonlint.json
end-workflow	Finaliza el workflow	2025-04-03T15:43:46.1357507Z   KAOS_PATH_RESUME: core/outputs/j/
end-workflow	Finaliza el workflow	2025-04-03T15:43:46.1358065Z   KAOS_REPO: /actions-runner/_work/kaos/kaos
end-workflow	Finaliza el workflow	2025-04-03T15:43:46.1358681Z   KAOS_STEP_MODULE: 
end-workflow	Finaliza el workflow	2025-04-03T15:43:46.1359102Z   KAOS_CODE: 14246727492
end-workflow	Finaliza el workflow	2025-04-03T15:43:46.1359535Z   KAOS_REF_BRANCH: main
end-workflow	Finaliza el workflow	2025-04-03T15:43:46.1360402Z ##[endgroup]
end-workflow	Finaliza el workflow	2025-04-03T15:43:46.1474059Z End process
end-workflow	Finaliza el workflow	2025-04-03T15:43:47.5512034Z https://github.com/Ka0s-Klaus/ka0s/issues/215#issuecomment-2776230609
end-workflow	Post Checkout code	ï»¿2025-04-03T15:43:48.7342335Z Post job cleanup.
end-workflow	Post Checkout code	2025-04-03T15:43:48.8780177Z [command]/usr/bin/git version
end-workflow	Post Checkout code	2025-04-03T15:43:48.8839853Z git version 2.48.1
end-workflow	Post Checkout code	2025-04-03T15:43:48.8898613Z Copying '/home/kaos/.gitconfig' to '/actions-runner/_work/_temp/211178d2-c885-4a70-a57e-0e40ab1fa76c/.gitconfig'
end-workflow	Post Checkout code	2025-04-03T15:43:48.8917969Z Temporarily overriding HOME='/actions-runner/_work/_temp/211178d2-c885-4a70-a57e-0e40ab1fa76c' before making global git config changes
end-workflow	Post Checkout code	2025-04-03T15:43:48.8919997Z Adding repository directory to the temporary git global config as a safe directory
end-workflow	Post Checkout code	2025-04-03T15:43:48.8927867Z [command]/usr/bin/git config --global --add safe.directory /actions-runner/_work/ka0s/ka0s
end-workflow	Post Checkout code	2025-04-03T15:43:48.8985352Z [command]/usr/bin/git config --local --name-only --get-regexp core\.sshCommand
end-workflow	Post Checkout code	2025-04-03T15:43:48.9058767Z [command]/usr/bin/git submodule foreach --recursive sh -c "git config --local --name-only --get-regexp 'core\.sshCommand' && git config --local --unset-all 'core.sshCommand' || :"
end-workflow	Post Checkout code	2025-04-03T15:43:48.9479146Z [command]/usr/bin/git config --local --name-only --get-regexp http\.https\:\/\/github\.com\/\.extraheader
end-workflow	Post Checkout code	2025-04-03T15:43:48.9521495Z http.https://github.com/.extraheader
end-workflow	Post Checkout code	2025-04-03T15:43:48.9548588Z [command]/usr/bin/git config --local --unset-all http.https://github.com/.extraheader
end-workflow	Post Checkout code	2025-04-03T15:43:48.9606384Z [command]/usr/bin/git submodule foreach --recursive sh -c "git config --local --name-only --get-regexp 'http\.https\:\/\/github\.com\/\.extraheader' && git config --local --unset-all 'http.https://github.com/.extraheader' || :"
end-workflow	Complete job	ï»¿2025-04-03T15:43:49.0353293Z Cleaning up orphan processes
