job-core	Set up job	﻿2025-04-03T15:24:22.6862012Z Current runner version: '2.323.0'
job-core	Set up job	2025-04-03T15:24:22.6871501Z Runner name: 'ka0s-1'
job-core	Set up job	2025-04-03T15:24:22.6872815Z Machine name: '419612ea1a87'
job-core	Set up job	2025-04-03T15:24:22.6876542Z ##[group]GITHUB_TOKEN Permissions
job-core	Set up job	2025-04-03T15:24:22.6879536Z Actions: write
job-core	Set up job	2025-04-03T15:24:22.6880523Z Contents: write
job-core	Set up job	2025-04-03T15:24:22.6881496Z Issues: write
job-core	Set up job	2025-04-03T15:24:22.6882125Z Metadata: read
job-core	Set up job	2025-04-03T15:24:22.6882815Z PullRequests: write
job-core	Set up job	2025-04-03T15:24:22.6883568Z ##[endgroup]
job-core	Set up job	2025-04-03T15:24:22.6886751Z Secret source: Actions
job-core	Set up job	2025-04-03T15:24:22.6887647Z Prepare workflow directory
job-core	Set up job	2025-04-03T15:24:22.7805550Z Prepare all required actions
job-core	Set up job	2025-04-03T15:24:22.7857745Z Getting action download info
job-core	Set up job	2025-04-03T15:24:23.7311045Z Download action repository 'actions/checkout@v4' (SHA:11bd71901bbe5b1630ceea73d27597364c9af683)
job-core	Set up job	2025-04-03T15:24:26.2539226Z Download action repository 'actions/setup-node@v2' (SHA:7c12f8017d5436eb855f1ed4399f037a36fbd9e8)
job-core	Set up job	2025-04-03T15:24:30.6656723Z Complete job name: job-core
job-core	Checkout code	﻿2025-04-03T15:24:30.7366384Z ##[group]Run actions/checkout@v4
job-core	Checkout code	2025-04-03T15:24:30.7367290Z with:
job-core	Checkout code	2025-04-03T15:24:30.7367683Z   fetch-depth: 0
job-core	Checkout code	2025-04-03T15:24:30.7368433Z   token: ***
job-core	Checkout code	2025-04-03T15:24:30.7368763Z   repository: Ka0s-Klaus/ka0s
job-core	Checkout code	2025-04-03T15:24:30.7369122Z   ssh-strict: true
job-core	Checkout code	2025-04-03T15:24:30.7369430Z   ssh-user: git
job-core	Checkout code	2025-04-03T15:24:30.7369754Z   persist-credentials: true
job-core	Checkout code	2025-04-03T15:24:30.7370614Z   clean: true
job-core	Checkout code	2025-04-03T15:24:30.7370967Z   sparse-checkout-cone-mode: true
job-core	Checkout code	2025-04-03T15:24:30.7371490Z   fetch-tags: false
job-core	Checkout code	2025-04-03T15:24:30.7371819Z   show-progress: true
job-core	Checkout code	2025-04-03T15:24:30.7372148Z   lfs: false
job-core	Checkout code	2025-04-03T15:24:30.7372459Z   submodules: false
job-core	Checkout code	2025-04-03T15:24:30.7372782Z   set-safe-directory: true
job-core	Checkout code	2025-04-03T15:24:30.7373441Z env:
job-core	Checkout code	2025-04-03T15:24:30.7373759Z   KAOS_MODULE: [Ka0S] JSONLINT
job-core	Checkout code	2025-04-03T15:24:30.7374292Z   GH_TOKEN: ***
job-core	Checkout code	2025-04-03T15:24:30.7374651Z   KAOS_JSONLINT_CONFIG: core/config/.jsonlint.json
job-core	Checkout code	2025-04-03T15:24:30.7375116Z   KAOS_PATH_RESUME: core/outputs/j/
job-core	Checkout code	2025-04-03T15:24:30.7375621Z   KAOS_REPO: /actions-runner/_work/kaos/kaos
job-core	Checkout code	2025-04-03T15:24:30.7376055Z   KAOS_STEP_MODULE: 
job-core	Checkout code	2025-04-03T15:24:30.7376389Z   KAOS_CODE: 14246720888
job-core	Checkout code	2025-04-03T15:24:30.7376724Z   KAOS_REF_BRANCH: main
job-core	Checkout code	2025-04-03T15:24:30.7377047Z ##[endgroup]
job-core	Checkout code	2025-04-03T15:24:30.8928278Z Syncing repository: Ka0s-Klaus/ka0s
job-core	Checkout code	2025-04-03T15:24:30.8930628Z ##[group]Getting Git version info
job-core	Checkout code	2025-04-03T15:24:30.8931271Z Working directory is '/actions-runner/_work/ka0s/ka0s'
job-core	Checkout code	2025-04-03T15:24:30.8932159Z [command]/usr/bin/git version
job-core	Checkout code	2025-04-03T15:24:30.8932547Z git version 2.48.1
job-core	Checkout code	2025-04-03T15:24:30.8965929Z ##[endgroup]
job-core	Checkout code	2025-04-03T15:24:30.8982850Z Copying '/home/kaos/.gitconfig' to '/actions-runner/_work/_temp/9f886665-8e8b-49c0-a7cd-951edca60a36/.gitconfig'
job-core	Checkout code	2025-04-03T15:24:30.9000351Z Temporarily overriding HOME='/actions-runner/_work/_temp/9f886665-8e8b-49c0-a7cd-951edca60a36' before making global git config changes
job-core	Checkout code	2025-04-03T15:24:30.9001652Z Adding repository directory to the temporary git global config as a safe directory
job-core	Checkout code	2025-04-03T15:24:30.9009275Z [command]/usr/bin/git config --global --add safe.directory /actions-runner/_work/ka0s/ka0s
job-core	Checkout code	2025-04-03T15:24:30.9073584Z [command]/usr/bin/git config --local --get remote.origin.url
job-core	Checkout code	2025-04-03T15:24:30.9104502Z https://github.com/Ka0s-Klaus/ka0s
job-core	Checkout code	2025-04-03T15:24:30.9145134Z ##[group]Removing previously created refs, to avoid conflicts
job-core	Checkout code	2025-04-03T15:24:30.9155999Z [command]/usr/bin/git rev-parse --symbolic-full-name --verify --quiet HEAD
job-core	Checkout code	2025-04-03T15:24:30.9194393Z refs/heads/H215-modulo-de-summary
job-core	Checkout code	2025-04-03T15:24:30.9217666Z [command]/usr/bin/git checkout --detach
job-core	Checkout code	2025-04-03T15:24:30.9362052Z HEAD is now at bb5909f I PRUEBA NEW KAOS
job-core	Checkout code	2025-04-03T15:24:30.9439527Z [command]/usr/bin/git branch --delete --force H215-modulo-de-summary
job-core	Checkout code	2025-04-03T15:24:30.9483040Z Deleted branch H215-modulo-de-summary (was bb5909f).
job-core	Checkout code	2025-04-03T15:24:30.9571271Z ##[endgroup]
job-core	Checkout code	2025-04-03T15:24:30.9577007Z [command]/usr/bin/git submodule status
job-core	Checkout code	2025-04-03T15:24:30.9966158Z ##[group]Cleaning the repository
job-core	Checkout code	2025-04-03T15:24:30.9973658Z [command]/usr/bin/git clean -ffdx
job-core	Checkout code	2025-04-03T15:24:31.0051676Z [command]/usr/bin/git reset --hard HEAD
job-core	Checkout code	2025-04-03T15:24:31.0243289Z HEAD is now at bb5909f I PRUEBA NEW KAOS
job-core	Checkout code	2025-04-03T15:24:31.0253386Z ##[endgroup]
job-core	Checkout code	2025-04-03T15:24:31.0255810Z ##[group]Disabling automatic garbage collection
job-core	Checkout code	2025-04-03T15:24:31.0263001Z [command]/usr/bin/git config --local gc.auto 0
job-core	Checkout code	2025-04-03T15:24:31.0322290Z ##[endgroup]
job-core	Checkout code	2025-04-03T15:24:31.0340704Z ##[group]Setting up auth
job-core	Checkout code	2025-04-03T15:24:31.0341597Z [command]/usr/bin/git config --local --name-only --get-regexp core\.sshCommand
job-core	Checkout code	2025-04-03T15:24:31.0378436Z [command]/usr/bin/git submodule foreach --recursive sh -c "git config --local --name-only --get-regexp 'core\.sshCommand' && git config --local --unset-all 'core.sshCommand' || :"
job-core	Checkout code	2025-04-03T15:24:31.0769235Z [command]/usr/bin/git config --local --name-only --get-regexp http\.https\:\/\/github\.com\/\.extraheader
job-core	Checkout code	2025-04-03T15:24:31.0816238Z [command]/usr/bin/git submodule foreach --recursive sh -c "git config --local --name-only --get-regexp 'http\.https\:\/\/github\.com\/\.extraheader' && git config --local --unset-all 'http.https://github.com/.extraheader' || :"
job-core	Checkout code	2025-04-03T15:24:31.1210875Z [command]/usr/bin/git config --local http.https://github.com/.extraheader AUTHORIZATION: basic ***
job-core	Checkout code	2025-04-03T15:24:31.1271042Z ##[endgroup]
job-core	Checkout code	2025-04-03T15:24:31.1272252Z ##[group]Fetching the repository
job-core	Checkout code	2025-04-03T15:24:31.1283643Z [command]/usr/bin/git -c protocol.version=2 fetch --prune --no-recurse-submodules origin +refs/heads/*:refs/remotes/origin/* +refs/tags/*:refs/tags/*
job-core	Checkout code	2025-04-03T15:24:32.1101569Z From https://github.com/Ka0s-Klaus/ka0s
job-core	Checkout code	2025-04-03T15:24:32.1103103Z    bb5909f..7420565  H215-modulo-de-summary -> origin/H215-modulo-de-summary
job-core	Checkout code	2025-04-03T15:24:32.1306523Z [command]/usr/bin/git branch --list --remote origin/H215-modulo-de-summary
job-core	Checkout code	2025-04-03T15:24:32.1356068Z   origin/H215-modulo-de-summary
job-core	Checkout code	2025-04-03T15:24:32.1369496Z [command]/usr/bin/git rev-parse refs/remotes/origin/H215-modulo-de-summary
job-core	Checkout code	2025-04-03T15:24:32.1404164Z 742056540d16d83f4bf9b8945443e58d72536e3d
job-core	Checkout code	2025-04-03T15:24:32.1412109Z ##[endgroup]
job-core	Checkout code	2025-04-03T15:24:32.1412956Z ##[group]Determining the checkout info
job-core	Checkout code	2025-04-03T15:24:32.1414725Z ##[endgroup]
job-core	Checkout code	2025-04-03T15:24:32.1422760Z [command]/usr/bin/git sparse-checkout disable
job-core	Checkout code	2025-04-03T15:24:32.1503099Z [command]/usr/bin/git config --local --unset-all extensions.worktreeConfig
job-core	Checkout code	2025-04-03T15:24:32.1545763Z ##[group]Checking out the ref
job-core	Checkout code	2025-04-03T15:24:32.1553176Z [command]/usr/bin/git checkout --progress --force -B H215-modulo-de-summary refs/remotes/origin/H215-modulo-de-summary
job-core	Checkout code	2025-04-03T15:24:32.1761580Z Previous HEAD position was bb5909f I PRUEBA NEW KAOS
job-core	Checkout code	2025-04-03T15:24:32.1775636Z Switched to a new branch 'H215-modulo-de-summary'
job-core	Checkout code	2025-04-03T15:24:32.1781467Z branch 'H215-modulo-de-summary' set up to track 'origin/H215-modulo-de-summary'.
job-core	Checkout code	2025-04-03T15:24:32.1791383Z ##[endgroup]
job-core	Checkout code	2025-04-03T15:24:32.1852421Z [command]/usr/bin/git log -1 --format=%H
job-core	Checkout code	2025-04-03T15:24:32.1892772Z 742056540d16d83f4bf9b8945443e58d72536e3d
job-core	Install Node.js	﻿2025-04-03T15:24:32.2173604Z ##[group]Run actions/setup-node@v2
job-core	Install Node.js	2025-04-03T15:24:32.2174026Z with:
job-core	Install Node.js	2025-04-03T15:24:32.2174257Z   node-version: 14
job-core	Install Node.js	2025-04-03T15:24:32.2174518Z   always-auth: false
job-core	Install Node.js	2025-04-03T15:24:32.2174789Z   check-latest: false
job-core	Install Node.js	2025-04-03T15:24:32.2175259Z   token: ***
job-core	Install Node.js	2025-04-03T15:24:32.2175488Z env:
job-core	Install Node.js	2025-04-03T15:24:32.2175719Z   KAOS_MODULE: [Ka0S] JSONLINT
job-core	Install Node.js	2025-04-03T15:24:32.2176127Z   GH_TOKEN: ***
job-core	Install Node.js	2025-04-03T15:24:32.2176420Z   KAOS_JSONLINT_CONFIG: core/config/.jsonlint.json
job-core	Install Node.js	2025-04-03T15:24:32.2176823Z   KAOS_PATH_RESUME: core/outputs/j/
job-core	Install Node.js	2025-04-03T15:24:32.2177189Z   KAOS_REPO: /actions-runner/_work/kaos/kaos
job-core	Install Node.js	2025-04-03T15:24:32.2177569Z   KAOS_STEP_MODULE: 
job-core	Install Node.js	2025-04-03T15:24:32.2177838Z   KAOS_CODE: 14246720888
job-core	Install Node.js	2025-04-03T15:24:32.2178336Z   KAOS_REF_BRANCH: main
job-core	Install Node.js	2025-04-03T15:24:32.2178724Z ##[endgroup]
job-core	Install Node.js	2025-04-03T15:24:32.3980265Z Found in cache @ /actions-runner/_work/_tool/node/14.21.3/x64
job-core	Install jsonlint	﻿2025-04-03T15:24:32.4137020Z ##[group]Run if ! command -v jsonlint &> /dev/null; then
job-core	Install jsonlint	2025-04-03T15:24:32.4137704Z [36;1mif ! command -v jsonlint &> /dev/null; then[0m
job-core	Install jsonlint	2025-04-03T15:24:32.4138123Z [36;1m  echo "Installing jsonlint..."[0m
job-core	Install jsonlint	2025-04-03T15:24:32.4138482Z [36;1m  npm install -g jsonlint[0m
job-core	Install jsonlint	2025-04-03T15:24:32.4138798Z [36;1melse[0m
job-core	Install jsonlint	2025-04-03T15:24:32.4163685Z [36;1m  echo "jsonlint already installed, skipping installation"[0m
job-core	Install jsonlint	2025-04-03T15:24:32.4164513Z [36;1mfi[0m
job-core	Install jsonlint	2025-04-03T15:24:32.4164794Z [36;1mmkdir -p core/outputs/j/[0m
job-core	Install jsonlint	2025-04-03T15:24:32.4183228Z shell: /usr/bin/bash -e {0}
job-core	Install jsonlint	2025-04-03T15:24:32.4183602Z env:
job-core	Install jsonlint	2025-04-03T15:24:32.4183841Z   KAOS_MODULE: [Ka0S] JSONLINT
job-core	Install jsonlint	2025-04-03T15:24:32.4184405Z   GH_TOKEN: ***
job-core	Install jsonlint	2025-04-03T15:24:32.4184720Z   KAOS_JSONLINT_CONFIG: core/config/.jsonlint.json
job-core	Install jsonlint	2025-04-03T15:24:32.4185120Z   KAOS_PATH_RESUME: core/outputs/j/
job-core	Install jsonlint	2025-04-03T15:24:32.4185489Z   KAOS_REPO: /actions-runner/_work/kaos/kaos
job-core	Install jsonlint	2025-04-03T15:24:32.4185847Z   KAOS_STEP_MODULE: 
job-core	Install jsonlint	2025-04-03T15:24:32.4186176Z   KAOS_CODE: 14246720888
job-core	Install jsonlint	2025-04-03T15:24:32.4186453Z   KAOS_REF_BRANCH: main
job-core	Install jsonlint	2025-04-03T15:24:32.4186726Z ##[endgroup]
job-core	Install jsonlint	2025-04-03T15:24:32.4270433Z jsonlint already installed, skipping installation
job-core	Check JSON	﻿2025-04-03T15:24:32.4336938Z ##[group]Run # Invocamos la primera comprobación de base, sino se supera el proceso no continua
job-core	Check JSON	2025-04-03T15:24:32.4337932Z [36;1m# Invocamos la primera comprobación de base, sino se supera el proceso no continua[0m
job-core	Check JSON	2025-04-03T15:24:32.4338522Z [36;1m# Extraemos el nombre del fichero[0m
job-core	Check JSON	2025-04-03T15:24:32.4339006Z [36;1mfile_name=$(basename "core/results/event_data13306172134.json")[0m
job-core	Check JSON	2025-04-03T15:24:32.4348943Z [36;1m# Generamos el fichero de resultados vacio[0m
job-core	Check JSON	2025-04-03T15:24:32.4349648Z [36;1mtouch core/outputs/j/jsonlint-results-14246720888.txt[0m
job-core	Check JSON	2025-04-03T15:24:32.4350702Z [36;1m# Realizamos el check del documento json [0m
job-core	Check JSON	2025-04-03T15:24:32.4351452Z [36;1mjsonlint core/results/event_data13306172134.json > core/outputs/j/jsonlint-results-14246720888.txt || true[0m
job-core	Check JSON	2025-04-03T15:24:32.4352269Z [36;1m# esto es un workarround importante que hay que retirar[0m
job-core	Check JSON	2025-04-03T15:24:32.4352795Z [36;1m#rm -rf core/outputs/j/jsonlint-results-14246720888.txt[0m
job-core	Check JSON	2025-04-03T15:24:32.4353218Z [36;1m# a retirar[0m
job-core	Check JSON	2025-04-03T15:24:32.4353550Z [36;1m# Check if exist errors in file[0m
job-core	Check JSON	2025-04-03T15:24:32.4353901Z [36;1mecho "Mostramos fichero"[0m
job-core	Check JSON	2025-04-03T15:24:32.4354316Z [36;1mcat core/outputs/j/jsonlint-results-14246720888.txt[0m
job-core	Check JSON	2025-04-03T15:24:32.4354876Z [36;1mif [ ! -s core/outputs/j/jsonlint-results-14246720888.txt ]; then[0m
job-core	Check JSON	2025-04-03T15:24:32.4355616Z [36;1m  echo "File core/outputs/j/jsonlint-results-14246720888.txt is empty and is content correct"[0m
job-core	Check JSON	2025-04-03T15:24:32.4357301Z [36;1m  KAOS_ISSUE_BODY="The [Ka0S] JSONLINT process (14246693517) launch the check (14246720888) over file (core/results/event_data13306172134.json) and its result has been SUCCESS. Please review all files implicated in pull request and approve to merge"[0m
job-core	Check JSON	2025-04-03T15:24:32.4358775Z [36;1m  # Añadimos la versión de jsonlint con la que se realiza la comprobacion[0m
job-core	Check JSON	2025-04-03T15:24:32.4359464Z [36;1m  jsonlint --version >> core/outputs/j/jsonlint-results-14246720888.txt[0m
job-core	Check JSON	2025-04-03T15:24:32.4360753Z [36;1m  # añadimos el nombre del fichero que vamos a comprobar[0m
job-core	Check JSON	2025-04-03T15:24:32.4361514Z [36;1m  echo "Finding: core/results/event_data13306172134.json" >> core/outputs/j/jsonlint-results-14246720888.txt[0m
job-core	Check JSON	2025-04-03T15:24:32.4362761Z [36;1m  # gh workflow run issue.yaml --ref main -f kaos-issue-title="" -f kaos-issue-body="$KAOS_ISSUE_BODY" -f kaos-issue-actions=comment -f kaos-issue-tag="" -f kaos-issue-id=215[0m
job-core	Check JSON	2025-04-03T15:24:32.4363837Z [36;1m  gh issue comment  215 -F core/outputs/j/jsonlint-results-14246720888.txt[0m
job-core	Check JSON	2025-04-03T15:24:32.4364334Z [36;1melse[0m
job-core	Check JSON	2025-04-03T15:24:32.4364667Z [36;1m  cat core/outputs/j/jsonlint-results-14246720888.txt[0m
job-core	Check JSON	2025-04-03T15:24:32.4366052Z [36;1m  echo "File core/outputs/j/jsonlint-results-14246720888.txt is not empty and is content not correct and write commit info"[0m
job-core	Check JSON	2025-04-03T15:24:32.4370613Z [36;1m  KAOS_ISSUE_BODY="The [Ka0S] JSONLINT process (14246693517) launch the check (14246720888) over file (core/results/event_data13306172134.json) and its result has been FAILED, please check and solved it"[0m
job-core	Check JSON	2025-04-03T15:24:32.4372034Z [36;1m  # Añadimos la versión de jsonlint con la que se realiza la comprobacion[0m
job-core	Check JSON	2025-04-03T15:24:32.4372721Z [36;1m  # jsonlint --version || true >> core/outputs/j/jsonlint-results-14246720888.txt[0m
job-core	Check JSON	2025-04-03T15:24:32.4373333Z [36;1m  # añadimos el nombre del fichero que vamos a comprobar[0m
job-core	Check JSON	2025-04-03T15:24:32.4374079Z [36;1m  echo "Finding: core/results/event_data13306172134.json" >> core/outputs/j/jsonlint-results-14246720888.txt[0m
job-core	Check JSON	2025-04-03T15:24:32.4375318Z [36;1m  # gh workflow run issue.yaml --ref main -f kaos-issue-title="" -f kaos-issue-body="$KAOS_ISSUE_BODY" -f kaos-issue-actions=comment -f kaos-issue-tag="" -f kaos-issue-id=215 [0m
job-core	Check JSON	2025-04-03T15:24:32.4376425Z [36;1m  gh issue comment  215 -F core/outputs/j/jsonlint-results-14246720888.txt[0m
job-core	Check JSON	2025-04-03T15:24:32.4376909Z [36;1mfi[0m
job-core	Check JSON	2025-04-03T15:24:32.4387305Z shell: /usr/bin/bash -e {0}
job-core	Check JSON	2025-04-03T15:24:32.4387888Z env:
job-core	Check JSON	2025-04-03T15:24:32.4388135Z   KAOS_MODULE: [Ka0S] JSONLINT
job-core	Check JSON	2025-04-03T15:24:32.4388677Z   GH_TOKEN: ***
job-core	Check JSON	2025-04-03T15:24:32.4388985Z   KAOS_JSONLINT_CONFIG: core/config/.jsonlint.json
job-core	Check JSON	2025-04-03T15:24:32.4389387Z   KAOS_PATH_RESUME: core/outputs/j/
job-core	Check JSON	2025-04-03T15:24:32.4389747Z   KAOS_REPO: /actions-runner/_work/kaos/kaos
job-core	Check JSON	2025-04-03T15:24:32.4390438Z   KAOS_STEP_MODULE: 
job-core	Check JSON	2025-04-03T15:24:32.4390872Z   KAOS_CODE: 14246720888
job-core	Check JSON	2025-04-03T15:24:32.4391150Z   KAOS_REF_BRANCH: main
job-core	Check JSON	2025-04-03T15:24:32.4391543Z ##[endgroup]
job-core	Check JSON	2025-04-03T15:24:32.5883171Z internal/fs/utils.js:332
job-core	Check JSON	2025-04-03T15:24:32.5884164Z     throw err;
job-core	Check JSON	2025-04-03T15:24:32.5884846Z     ^
job-core	Check JSON	2025-04-03T15:24:32.5885208Z 
job-core	Check JSON	2025-04-03T15:24:32.5886820Z Error: ENOENT: no such file or directory, open 'core/results/event_data13306172134.json'
job-core	Check JSON	2025-04-03T15:24:32.5889046Z     at Object.openSync (fs.js:498:3)
job-core	Check JSON	2025-04-03T15:24:32.5891155Z     at Object.readFileSync (fs.js:394:35)
job-core	Check JSON	2025-04-03T15:24:32.5893622Z     at main (/actions-runner/_work/_tool/node/14.21.3/x64/lib/node_modules/jsonlint/lib/cli.js:135:23)
job-core	Check JSON	2025-04-03T15:24:32.5897895Z     at Object.<anonymous> (/actions-runner/_work/_tool/node/14.21.3/x64/lib/node_modules/jsonlint/lib/cli.js:179:1)
job-core	Check JSON	2025-04-03T15:24:32.5901093Z     at Module._compile (internal/modules/cjs/loader.js:1114:14)
job-core	Check JSON	2025-04-03T15:24:32.5903400Z     at Object.Module._extensions..js (internal/modules/cjs/loader.js:1143:10)
job-core	Check JSON	2025-04-03T15:24:32.5905594Z     at Module.load (internal/modules/cjs/loader.js:979:32)
job-core	Check JSON	2025-04-03T15:24:32.5907704Z     at Function.Module._load (internal/modules/cjs/loader.js:819:12)
job-core	Check JSON	2025-04-03T15:24:32.5910928Z     at Function.executeUserEntryPoint [as runMain] (internal/modules/run_main.js:75:12)
job-core	Check JSON	2025-04-03T15:24:32.5913278Z     at internal/main/run_main_module.js:17:47 {
job-core	Check JSON	2025-04-03T15:24:32.5914693Z   errno: -2,
job-core	Check JSON	2025-04-03T15:24:32.5915713Z   syscall: 'open',
job-core	Check JSON	2025-04-03T15:24:32.5916753Z   code: 'ENOENT',
job-core	Check JSON	2025-04-03T15:24:32.5918076Z   path: 'core/results/event_data13306172134.json'
job-core	Check JSON	2025-04-03T15:24:32.5919417Z }
job-core	Check JSON	2025-04-03T15:24:32.5924671Z Mostramos fichero
job-core	Check JSON	2025-04-03T15:24:32.5943509Z File core/outputs/j/jsonlint-results-14246720888.txt is empty and is content correct
job-core	Check JSON	2025-04-03T15:24:32.7414598Z ##[error]Process completed with exit code 1.
job-core	Post Checkout code	﻿2025-04-03T15:24:32.7555229Z Post job cleanup.
job-core	Post Checkout code	2025-04-03T15:24:32.8860204Z [command]/usr/bin/git version
job-core	Post Checkout code	2025-04-03T15:24:32.8923396Z git version 2.48.1
job-core	Post Checkout code	2025-04-03T15:24:32.8988834Z Copying '/home/kaos/.gitconfig' to '/actions-runner/_work/_temp/c3272818-f023-4fd1-8af5-bf27367525d1/.gitconfig'
job-core	Post Checkout code	2025-04-03T15:24:32.9008608Z Temporarily overriding HOME='/actions-runner/_work/_temp/c3272818-f023-4fd1-8af5-bf27367525d1' before making global git config changes
job-core	Post Checkout code	2025-04-03T15:24:32.9018737Z Adding repository directory to the temporary git global config as a safe directory
job-core	Post Checkout code	2025-04-03T15:24:32.9022097Z [command]/usr/bin/git config --global --add safe.directory /actions-runner/_work/ka0s/ka0s
job-core	Post Checkout code	2025-04-03T15:24:32.9074223Z [command]/usr/bin/git config --local --name-only --get-regexp core\.sshCommand
job-core	Post Checkout code	2025-04-03T15:24:32.9136872Z [command]/usr/bin/git submodule foreach --recursive sh -c "git config --local --name-only --get-regexp 'core\.sshCommand' && git config --local --unset-all 'core.sshCommand' || :"
job-core	Post Checkout code	2025-04-03T15:24:32.9546093Z [command]/usr/bin/git config --local --name-only --get-regexp http\.https\:\/\/github\.com\/\.extraheader
job-core	Post Checkout code	2025-04-03T15:24:32.9598316Z http.https://github.com/.extraheader
job-core	Post Checkout code	2025-04-03T15:24:32.9625379Z [command]/usr/bin/git config --local --unset-all http.https://github.com/.extraheader
job-core	Post Checkout code	2025-04-03T15:24:32.9683806Z [command]/usr/bin/git submodule foreach --recursive sh -c "git config --local --name-only --get-regexp 'http\.https\:\/\/github\.com\/\.extraheader' && git config --local --unset-all 'http.https://github.com/.extraheader' || :"
job-core	Complete job	﻿2025-04-03T15:24:33.0253443Z Cleaning up orphan processes
handle_failure	Set up job	﻿2025-04-03T15:32:01.6399838Z Current runner version: '2.323.0'
handle_failure	Set up job	2025-04-03T15:32:01.6411308Z Runner name: 'ka0s-1'
handle_failure	Set up job	2025-04-03T15:32:01.6412527Z Machine name: '419612ea1a87'
handle_failure	Set up job	2025-04-03T15:32:01.6416219Z ##[group]GITHUB_TOKEN Permissions
handle_failure	Set up job	2025-04-03T15:32:01.6419309Z Actions: write
handle_failure	Set up job	2025-04-03T15:32:01.6420501Z Contents: write
handle_failure	Set up job	2025-04-03T15:32:01.6421190Z Issues: write
handle_failure	Set up job	2025-04-03T15:32:01.6422029Z Metadata: read
handle_failure	Set up job	2025-04-03T15:32:01.6422830Z PullRequests: write
handle_failure	Set up job	2025-04-03T15:32:01.6423556Z ##[endgroup]
handle_failure	Set up job	2025-04-03T15:32:01.6427446Z Secret source: Actions
handle_failure	Set up job	2025-04-03T15:32:01.6428485Z Prepare workflow directory
handle_failure	Set up job	2025-04-03T15:32:01.7388295Z Prepare all required actions
handle_failure	Set up job	2025-04-03T15:32:01.7439752Z Getting action download info
handle_failure	Set up job	2025-04-03T15:32:02.6180517Z Download action repository 'actions/checkout@v4' (SHA:11bd71901bbe5b1630ceea73d27597364c9af683)
handle_failure	Set up job	2025-04-03T15:32:04.9317865Z Complete job name: handle_failure
handle_failure	Checkout code	﻿2025-04-03T15:32:05.0069459Z ##[group]Run actions/checkout@v4
handle_failure	Checkout code	2025-04-03T15:32:05.0071585Z with:
handle_failure	Checkout code	2025-04-03T15:32:05.0072414Z   fetch-depth: 0
handle_failure	Checkout code	2025-04-03T15:32:05.0073957Z   token: ***
handle_failure	Checkout code	2025-04-03T15:32:05.0074853Z   repository: Ka0s-Klaus/ka0s
handle_failure	Checkout code	2025-04-03T15:32:05.0075952Z   ssh-strict: true
handle_failure	Checkout code	2025-04-03T15:32:05.0076820Z   ssh-user: git
handle_failure	Checkout code	2025-04-03T15:32:05.0077715Z   persist-credentials: true
handle_failure	Checkout code	2025-04-03T15:32:05.0078735Z   clean: true
handle_failure	Checkout code	2025-04-03T15:32:05.0079642Z   sparse-checkout-cone-mode: true
handle_failure	Checkout code	2025-04-03T15:32:05.0081202Z   fetch-tags: false
handle_failure	Checkout code	2025-04-03T15:32:05.0082109Z   show-progress: true
handle_failure	Checkout code	2025-04-03T15:32:05.0083028Z   lfs: false
handle_failure	Checkout code	2025-04-03T15:32:05.0083862Z   submodules: false
handle_failure	Checkout code	2025-04-03T15:32:05.0084782Z   set-safe-directory: true
handle_failure	Checkout code	2025-04-03T15:32:05.0086110Z env:
handle_failure	Checkout code	2025-04-03T15:32:05.0086924Z   KAOS_MODULE: [Ka0S] JSONLINT
handle_failure	Checkout code	2025-04-03T15:32:05.0088331Z   GH_TOKEN: ***
handle_failure	Checkout code	2025-04-03T15:32:05.0089376Z   KAOS_JSONLINT_CONFIG: core/config/.jsonlint.json
handle_failure	Checkout code	2025-04-03T15:32:05.0091673Z   KAOS_PATH_RESUME: core/outputs/j/
handle_failure	Checkout code	2025-04-03T15:32:05.0092982Z   KAOS_REPO: /actions-runner/_work/kaos/kaos
handle_failure	Checkout code	2025-04-03T15:32:05.0094238Z   KAOS_STEP_MODULE: 
handle_failure	Checkout code	2025-04-03T15:32:05.0095176Z   KAOS_CODE: 14246720888
handle_failure	Checkout code	2025-04-03T15:32:05.0096158Z   KAOS_REF_BRANCH: main
handle_failure	Checkout code	2025-04-03T15:32:05.0097083Z ##[endgroup]
handle_failure	Checkout code	2025-04-03T15:32:05.1718418Z Syncing repository: Ka0s-Klaus/ka0s
handle_failure	Checkout code	2025-04-03T15:32:05.1722238Z ##[group]Getting Git version info
handle_failure	Checkout code	2025-04-03T15:32:05.1723904Z Working directory is '/actions-runner/_work/ka0s/ka0s'
handle_failure	Checkout code	2025-04-03T15:32:05.1726441Z [command]/usr/bin/git version
handle_failure	Checkout code	2025-04-03T15:32:05.1727578Z git version 2.48.1
handle_failure	Checkout code	2025-04-03T15:32:05.1744334Z ##[endgroup]
handle_failure	Checkout code	2025-04-03T15:32:05.1760478Z Copying '/home/kaos/.gitconfig' to '/actions-runner/_work/_temp/8f61dfda-46bf-486d-9a78-d427a435f1a7/.gitconfig'
handle_failure	Checkout code	2025-04-03T15:32:05.1775123Z Temporarily overriding HOME='/actions-runner/_work/_temp/8f61dfda-46bf-486d-9a78-d427a435f1a7' before making global git config changes
handle_failure	Checkout code	2025-04-03T15:32:05.1779115Z Adding repository directory to the temporary git global config as a safe directory
handle_failure	Checkout code	2025-04-03T15:32:05.1783137Z [command]/usr/bin/git config --global --add safe.directory /actions-runner/_work/ka0s/ka0s
handle_failure	Checkout code	2025-04-03T15:32:05.1843268Z [command]/usr/bin/git config --local --get remote.origin.url
handle_failure	Checkout code	2025-04-03T15:32:05.1877840Z https://github.com/Ka0s-Klaus/ka0s
handle_failure	Checkout code	2025-04-03T15:32:05.1905155Z ##[group]Removing previously created refs, to avoid conflicts
handle_failure	Checkout code	2025-04-03T15:32:05.1911850Z [command]/usr/bin/git rev-parse --symbolic-full-name --verify --quiet HEAD
handle_failure	Checkout code	2025-04-03T15:32:05.1946440Z refs/heads/H215-modulo-de-summary
handle_failure	Checkout code	2025-04-03T15:32:05.1961557Z [command]/usr/bin/git checkout --detach
handle_failure	Checkout code	2025-04-03T15:32:05.2083609Z HEAD is now at 7420565 [Ka0S] Uploading resume execution files to the repository...
handle_failure	Checkout code	2025-04-03T15:32:05.2159543Z [command]/usr/bin/git branch --delete --force H215-modulo-de-summary
handle_failure	Checkout code	2025-04-03T15:32:05.2222123Z Deleted branch H215-modulo-de-summary (was 7420565).
handle_failure	Checkout code	2025-04-03T15:32:05.2320254Z ##[endgroup]
handle_failure	Checkout code	2025-04-03T15:32:05.2322315Z [command]/usr/bin/git submodule status
handle_failure	Checkout code	2025-04-03T15:32:05.2714840Z ##[group]Cleaning the repository
handle_failure	Checkout code	2025-04-03T15:32:05.2720536Z [command]/usr/bin/git clean -ffdx
handle_failure	Checkout code	2025-04-03T15:32:05.2793068Z [command]/usr/bin/git reset --hard HEAD
handle_failure	Checkout code	2025-04-03T15:32:05.2988096Z HEAD is now at 7420565 [Ka0S] Uploading resume execution files to the repository...
handle_failure	Checkout code	2025-04-03T15:32:05.3000268Z ##[endgroup]
handle_failure	Checkout code	2025-04-03T15:32:05.3003309Z ##[group]Disabling automatic garbage collection
handle_failure	Checkout code	2025-04-03T15:32:05.3006764Z [command]/usr/bin/git config --local gc.auto 0
handle_failure	Checkout code	2025-04-03T15:32:05.3066138Z ##[endgroup]
handle_failure	Checkout code	2025-04-03T15:32:05.3068822Z ##[group]Setting up auth
handle_failure	Checkout code	2025-04-03T15:32:05.3076151Z [command]/usr/bin/git config --local --name-only --get-regexp core\.sshCommand
handle_failure	Checkout code	2025-04-03T15:32:05.3127088Z [command]/usr/bin/git submodule foreach --recursive sh -c "git config --local --name-only --get-regexp 'core\.sshCommand' && git config --local --unset-all 'core.sshCommand' || :"
handle_failure	Checkout code	2025-04-03T15:32:05.3522059Z [command]/usr/bin/git config --local --name-only --get-regexp http\.https\:\/\/github\.com\/\.extraheader
handle_failure	Checkout code	2025-04-03T15:32:05.3572196Z [command]/usr/bin/git submodule foreach --recursive sh -c "git config --local --name-only --get-regexp 'http\.https\:\/\/github\.com\/\.extraheader' && git config --local --unset-all 'http.https://github.com/.extraheader' || :"
handle_failure	Checkout code	2025-04-03T15:32:05.3965810Z [command]/usr/bin/git config --local http.https://github.com/.extraheader AUTHORIZATION: basic ***
handle_failure	Checkout code	2025-04-03T15:32:05.4029476Z ##[endgroup]
handle_failure	Checkout code	2025-04-03T15:32:05.4031704Z ##[group]Fetching the repository
handle_failure	Checkout code	2025-04-03T15:32:05.4042211Z [command]/usr/bin/git -c protocol.version=2 fetch --prune --no-recurse-submodules origin +refs/heads/*:refs/remotes/origin/* +refs/tags/*:refs/tags/*
handle_failure	Checkout code	2025-04-03T15:32:06.2988197Z From https://github.com/Ka0s-Klaus/ka0s
handle_failure	Checkout code	2025-04-03T15:32:06.2993399Z    7420565..210953f  H215-modulo-de-summary -> origin/H215-modulo-de-summary
handle_failure	Checkout code	2025-04-03T15:32:06.3168680Z [command]/usr/bin/git branch --list --remote origin/H215-modulo-de-summary
handle_failure	Checkout code	2025-04-03T15:32:06.3225888Z   origin/H215-modulo-de-summary
handle_failure	Checkout code	2025-04-03T15:32:06.3246974Z [command]/usr/bin/git rev-parse refs/remotes/origin/H215-modulo-de-summary
handle_failure	Checkout code	2025-04-03T15:32:06.3286817Z 210953f0e9a290a2c213ad5cd1bc6dd3afccb966
handle_failure	Checkout code	2025-04-03T15:32:06.3311939Z [command]/usr/bin/git -c protocol.version=2 fetch --no-tags --prune --no-recurse-submodules origin +742056540d16d83f4bf9b8945443e58d72536e3d:refs/remotes/origin/H215-modulo-de-summary
handle_failure	Checkout code	2025-04-03T15:32:07.0947161Z From https://github.com/Ka0s-Klaus/ka0s
handle_failure	Checkout code	2025-04-03T15:32:07.0950192Z  + 210953f...7420565 742056540d16d83f4bf9b8945443e58d72536e3d -> origin/H215-modulo-de-summary  (forced update)
handle_failure	Checkout code	2025-04-03T15:32:07.1026981Z ##[endgroup]
handle_failure	Checkout code	2025-04-03T15:32:07.1027638Z ##[group]Determining the checkout info
handle_failure	Checkout code	2025-04-03T15:32:07.1029832Z ##[endgroup]
handle_failure	Checkout code	2025-04-03T15:32:07.1038235Z [command]/usr/bin/git sparse-checkout disable
handle_failure	Checkout code	2025-04-03T15:32:07.1120803Z [command]/usr/bin/git config --local --unset-all extensions.worktreeConfig
handle_failure	Checkout code	2025-04-03T15:32:07.1167745Z ##[group]Checking out the ref
handle_failure	Checkout code	2025-04-03T15:32:07.1176804Z [command]/usr/bin/git checkout --progress --force -B H215-modulo-de-summary refs/remotes/origin/H215-modulo-de-summary
handle_failure	Checkout code	2025-04-03T15:32:07.1348502Z Switched to a new branch 'H215-modulo-de-summary'
handle_failure	Checkout code	2025-04-03T15:32:07.1356755Z branch 'H215-modulo-de-summary' set up to track 'origin/H215-modulo-de-summary'.
handle_failure	Checkout code	2025-04-03T15:32:07.1366407Z ##[endgroup]
handle_failure	Checkout code	2025-04-03T15:32:07.1434948Z [command]/usr/bin/git log -1 --format=%H
handle_failure	Checkout code	2025-04-03T15:32:07.1477165Z 742056540d16d83f4bf9b8945443e58d72536e3d
handle_failure	handle-failure-execution	﻿2025-04-03T15:32:07.1795316Z ##[group]Run echo "Error detected in process"
handle_failure	handle-failure-execution	2025-04-03T15:32:07.1795991Z [36;1mecho "Error detected in process"[0m
handle_failure	handle-failure-execution	2025-04-03T15:32:07.1796565Z [36;1mRNNUMBER=$(echo "refs/heads/H215-modulo-de-summary" | grep -o '[0-9]*')[0m
handle_failure	handle-failure-execution	2025-04-03T15:32:07.1797629Z [36;1mgh issue comment $RNNUMBER --body "El proceso no ha finalizado correctamente 14246720888. El resultado está en el fichero core/results/event_data14246720888.log"[0m
handle_failure	handle-failure-execution	2025-04-03T15:32:07.1814780Z shell: /usr/bin/bash -e {0}
handle_failure	handle-failure-execution	2025-04-03T15:32:07.1815226Z env:
handle_failure	handle-failure-execution	2025-04-03T15:32:07.1815526Z   KAOS_MODULE: [Ka0S] JSONLINT
handle_failure	handle-failure-execution	2025-04-03T15:32:07.1816235Z   GH_TOKEN: ***
handle_failure	handle-failure-execution	2025-04-03T15:32:07.1817039Z   KAOS_JSONLINT_CONFIG: core/config/.jsonlint.json
handle_failure	handle-failure-execution	2025-04-03T15:32:07.1817484Z   KAOS_PATH_RESUME: core/outputs/j/
handle_failure	handle-failure-execution	2025-04-03T15:32:07.1817885Z   KAOS_REPO: /actions-runner/_work/kaos/kaos
handle_failure	handle-failure-execution	2025-04-03T15:32:07.1818274Z   KAOS_STEP_MODULE: 
handle_failure	handle-failure-execution	2025-04-03T15:32:07.1818584Z   KAOS_CODE: 14246720888
handle_failure	handle-failure-execution	2025-04-03T15:32:07.1818911Z   KAOS_REF_BRANCH: main
handle_failure	handle-failure-execution	2025-04-03T15:32:07.1819274Z ##[endgroup]
handle_failure	handle-failure-execution	2025-04-03T15:32:07.1889090Z Error detected in process
handle_failure	handle-failure-execution	2025-04-03T15:32:08.4466472Z https://github.com/Ka0s-Klaus/ka0s/issues/215#issuecomment-2776197508
handle_failure	Post Checkout code	﻿2025-04-03T15:32:08.4682932Z Post job cleanup.
handle_failure	Post Checkout code	2025-04-03T15:32:08.6013173Z [command]/usr/bin/git version
handle_failure	Post Checkout code	2025-04-03T15:32:08.6064912Z git version 2.48.1
handle_failure	Post Checkout code	2025-04-03T15:32:08.6118001Z Copying '/home/kaos/.gitconfig' to '/actions-runner/_work/_temp/8cf00076-6dd3-4399-bc72-7356b460c0fc/.gitconfig'
handle_failure	Post Checkout code	2025-04-03T15:32:08.6138224Z Temporarily overriding HOME='/actions-runner/_work/_temp/8cf00076-6dd3-4399-bc72-7356b460c0fc' before making global git config changes
handle_failure	Post Checkout code	2025-04-03T15:32:08.6141204Z Adding repository directory to the temporary git global config as a safe directory
handle_failure	Post Checkout code	2025-04-03T15:32:08.6148405Z [command]/usr/bin/git config --global --add safe.directory /actions-runner/_work/ka0s/ka0s
handle_failure	Post Checkout code	2025-04-03T15:32:08.6213761Z [command]/usr/bin/git config --local --name-only --get-regexp core\.sshCommand
handle_failure	Post Checkout code	2025-04-03T15:32:08.6281244Z [command]/usr/bin/git submodule foreach --recursive sh -c "git config --local --name-only --get-regexp 'core\.sshCommand' && git config --local --unset-all 'core.sshCommand' || :"
handle_failure	Post Checkout code	2025-04-03T15:32:08.6719181Z [command]/usr/bin/git config --local --name-only --get-regexp http\.https\:\/\/github\.com\/\.extraheader
handle_failure	Post Checkout code	2025-04-03T15:32:08.6757225Z http.https://github.com/.extraheader
handle_failure	Post Checkout code	2025-04-03T15:32:08.6776388Z [command]/usr/bin/git config --local --unset-all http.https://github.com/.extraheader
handle_failure	Post Checkout code	2025-04-03T15:32:08.6834550Z [command]/usr/bin/git submodule foreach --recursive sh -c "git config --local --name-only --get-regexp 'http\.https\:\/\/github\.com\/\.extraheader' && git config --local --unset-all 'http.https://github.com/.extraheader' || :"
handle_failure	Complete job	﻿2025-04-03T15:32:08.7404966Z Cleaning up orphan processes
end-workflow	Set up job	﻿2025-04-03T15:39:55.2811517Z Current runner version: '2.323.0'
end-workflow	Set up job	2025-04-03T15:39:55.2826576Z Runner name: 'ka0s-4'
end-workflow	Set up job	2025-04-03T15:39:55.2828959Z Machine name: '419612ea1a87'
end-workflow	Set up job	2025-04-03T15:39:55.2836776Z ##[group]GITHUB_TOKEN Permissions
end-workflow	Set up job	2025-04-03T15:39:55.2841069Z Actions: write
end-workflow	Set up job	2025-04-03T15:39:55.2841933Z Contents: write
end-workflow	Set up job	2025-04-03T15:39:55.2843005Z Issues: write
end-workflow	Set up job	2025-04-03T15:39:55.2844295Z Metadata: read
end-workflow	Set up job	2025-04-03T15:39:55.2845585Z PullRequests: write
end-workflow	Set up job	2025-04-03T15:39:55.2846490Z ##[endgroup]
end-workflow	Set up job	2025-04-03T15:39:55.2850775Z Secret source: Actions
end-workflow	Set up job	2025-04-03T15:39:55.2851817Z Prepare workflow directory
end-workflow	Set up job	2025-04-03T15:39:55.3918487Z Prepare all required actions
end-workflow	Set up job	2025-04-03T15:39:55.3982445Z Getting action download info
end-workflow	Set up job	2025-04-03T15:40:13.9743798Z Download action repository 'actions/checkout@v4' (SHA:11bd71901bbe5b1630ceea73d27597364c9af683)
end-workflow	Set up job	2025-04-03T15:40:22.1632282Z Complete job name: end-workflow
end-workflow	Checkout code	﻿2025-04-03T15:40:22.2245259Z ##[group]Run actions/checkout@v4
end-workflow	Checkout code	2025-04-03T15:40:22.2246156Z with:
end-workflow	Checkout code	2025-04-03T15:40:22.2246478Z   fetch-depth: 0
end-workflow	Checkout code	2025-04-03T15:40:22.2247239Z   token: ***
end-workflow	Checkout code	2025-04-03T15:40:22.2247570Z   repository: Ka0s-Klaus/ka0s
end-workflow	Checkout code	2025-04-03T15:40:22.2247923Z   ssh-strict: true
end-workflow	Checkout code	2025-04-03T15:40:22.2248220Z   ssh-user: git
end-workflow	Checkout code	2025-04-03T15:40:22.2248523Z   persist-credentials: true
end-workflow	Checkout code	2025-04-03T15:40:22.2248873Z   clean: true
end-workflow	Checkout code	2025-04-03T15:40:22.2249187Z   sparse-checkout-cone-mode: true
end-workflow	Checkout code	2025-04-03T15:40:22.2249554Z   fetch-tags: false
end-workflow	Checkout code	2025-04-03T15:40:22.2249864Z   show-progress: true
end-workflow	Checkout code	2025-04-03T15:40:22.2250462Z   lfs: false
end-workflow	Checkout code	2025-04-03T15:40:22.2250936Z   submodules: false
end-workflow	Checkout code	2025-04-03T15:40:22.2251245Z   set-safe-directory: true
end-workflow	Checkout code	2025-04-03T15:40:22.2251882Z env:
end-workflow	Checkout code	2025-04-03T15:40:22.2252180Z   KAOS_MODULE: [Ka0S] JSONLINT
end-workflow	Checkout code	2025-04-03T15:40:22.2252730Z   GH_TOKEN: ***
end-workflow	Checkout code	2025-04-03T15:40:22.2253080Z   KAOS_JSONLINT_CONFIG: core/config/.jsonlint.json
end-workflow	Checkout code	2025-04-03T15:40:22.2253524Z   KAOS_PATH_RESUME: core/outputs/j/
end-workflow	Checkout code	2025-04-03T15:40:22.2253988Z   KAOS_REPO: /actions-runner/_work/kaos/kaos
end-workflow	Checkout code	2025-04-03T15:40:22.2254405Z   KAOS_STEP_MODULE: 
end-workflow	Checkout code	2025-04-03T15:40:22.2254730Z   KAOS_CODE: 14246720888
end-workflow	Checkout code	2025-04-03T15:40:22.2255069Z   KAOS_REF_BRANCH: main
end-workflow	Checkout code	2025-04-03T15:40:22.2255399Z ##[endgroup]
end-workflow	Checkout code	2025-04-03T15:40:22.3944643Z Syncing repository: Ka0s-Klaus/ka0s
end-workflow	Checkout code	2025-04-03T15:40:22.3948117Z ##[group]Getting Git version info
end-workflow	Checkout code	2025-04-03T15:40:22.3949147Z Working directory is '/actions-runner/_work/ka0s/ka0s'
end-workflow	Checkout code	2025-04-03T15:40:22.3950942Z [command]/usr/bin/git version
end-workflow	Checkout code	2025-04-03T15:40:22.3951697Z git version 2.48.1
end-workflow	Checkout code	2025-04-03T15:40:22.3965737Z ##[endgroup]
end-workflow	Checkout code	2025-04-03T15:40:22.3985030Z Copying '/home/kaos/.gitconfig' to '/actions-runner/_work/_temp/e1f83268-a868-4a8e-a2b1-4d53149e5a52/.gitconfig'
end-workflow	Checkout code	2025-04-03T15:40:22.4002592Z Temporarily overriding HOME='/actions-runner/_work/_temp/e1f83268-a868-4a8e-a2b1-4d53149e5a52' before making global git config changes
end-workflow	Checkout code	2025-04-03T15:40:22.4005317Z Adding repository directory to the temporary git global config as a safe directory
end-workflow	Checkout code	2025-04-03T15:40:22.4014569Z [command]/usr/bin/git config --global --add safe.directory /actions-runner/_work/ka0s/ka0s
end-workflow	Checkout code	2025-04-03T15:40:22.4087390Z [command]/usr/bin/git config --local --get remote.origin.url
end-workflow	Checkout code	2025-04-03T15:40:22.4119384Z https://github.com/Ka0s-Klaus/ka0s
end-workflow	Checkout code	2025-04-03T15:40:22.4148556Z ##[group]Removing previously created refs, to avoid conflicts
end-workflow	Checkout code	2025-04-03T15:40:22.4156150Z [command]/usr/bin/git rev-parse --symbolic-full-name --verify --quiet HEAD
end-workflow	Checkout code	2025-04-03T15:40:22.4191479Z refs/heads/H215-modulo-de-summary
end-workflow	Checkout code	2025-04-03T15:40:22.4207156Z [command]/usr/bin/git checkout --detach
end-workflow	Checkout code	2025-04-03T15:40:22.4407062Z HEAD is now at 7420565 [Ka0S] Uploading resume execution files to the repository...
end-workflow	Checkout code	2025-04-03T15:40:22.4484898Z [command]/usr/bin/git branch --delete --force H215-modulo-de-summary
end-workflow	Checkout code	2025-04-03T15:40:22.4531818Z Deleted branch H215-modulo-de-summary (was 7420565).
end-workflow	Checkout code	2025-04-03T15:40:22.4611911Z ##[endgroup]
end-workflow	Checkout code	2025-04-03T15:40:22.4617330Z [command]/usr/bin/git submodule status
end-workflow	Checkout code	2025-04-03T15:40:22.5028915Z ##[group]Cleaning the repository
end-workflow	Checkout code	2025-04-03T15:40:22.5030782Z [command]/usr/bin/git clean -ffdx
end-workflow	Checkout code	2025-04-03T15:40:22.5109805Z [command]/usr/bin/git reset --hard HEAD
end-workflow	Checkout code	2025-04-03T15:40:22.5306387Z HEAD is now at 7420565 [Ka0S] Uploading resume execution files to the repository...
end-workflow	Checkout code	2025-04-03T15:40:22.5316486Z ##[endgroup]
end-workflow	Checkout code	2025-04-03T15:40:22.5318055Z ##[group]Disabling automatic garbage collection
end-workflow	Checkout code	2025-04-03T15:40:22.5325496Z [command]/usr/bin/git config --local gc.auto 0
end-workflow	Checkout code	2025-04-03T15:40:22.5384801Z ##[endgroup]
end-workflow	Checkout code	2025-04-03T15:40:22.5385478Z ##[group]Setting up auth
end-workflow	Checkout code	2025-04-03T15:40:22.5396851Z [command]/usr/bin/git config --local --name-only --get-regexp core\.sshCommand
end-workflow	Checkout code	2025-04-03T15:40:22.5443571Z [command]/usr/bin/git submodule foreach --recursive sh -c "git config --local --name-only --get-regexp 'core\.sshCommand' && git config --local --unset-all 'core.sshCommand' || :"
end-workflow	Checkout code	2025-04-03T15:40:22.5851638Z [command]/usr/bin/git config --local --name-only --get-regexp http\.https\:\/\/github\.com\/\.extraheader
end-workflow	Checkout code	2025-04-03T15:40:22.5896272Z [command]/usr/bin/git submodule foreach --recursive sh -c "git config --local --name-only --get-regexp 'http\.https\:\/\/github\.com\/\.extraheader' && git config --local --unset-all 'http.https://github.com/.extraheader' || :"
end-workflow	Checkout code	2025-04-03T15:40:22.6287994Z [command]/usr/bin/git config --local http.https://github.com/.extraheader AUTHORIZATION: basic ***
end-workflow	Checkout code	2025-04-03T15:40:22.6350666Z ##[endgroup]
end-workflow	Checkout code	2025-04-03T15:40:22.6351477Z ##[group]Fetching the repository
end-workflow	Checkout code	2025-04-03T15:40:22.6364696Z [command]/usr/bin/git -c protocol.version=2 fetch --prune --no-recurse-submodules origin +refs/heads/*:refs/remotes/origin/* +refs/tags/*:refs/tags/*
end-workflow	Checkout code	2025-04-03T15:40:23.8730736Z From https://github.com/Ka0s-Klaus/ka0s
end-workflow	Checkout code	2025-04-03T15:40:23.8732359Z    7420565..b6758fd  H215-modulo-de-summary -> origin/H215-modulo-de-summary
end-workflow	Checkout code	2025-04-03T15:40:23.8733799Z    7504295..2fc5d26  main                   -> origin/main
end-workflow	Checkout code	2025-04-03T15:40:23.8799291Z [command]/usr/bin/git branch --list --remote origin/H215-modulo-de-summary
end-workflow	Checkout code	2025-04-03T15:40:23.8836121Z   origin/H215-modulo-de-summary
end-workflow	Checkout code	2025-04-03T15:40:23.8851292Z [command]/usr/bin/git rev-parse refs/remotes/origin/H215-modulo-de-summary
end-workflow	Checkout code	2025-04-03T15:40:23.8884023Z b6758fd7d07654ed2edce14c2f0758954684f723
end-workflow	Checkout code	2025-04-03T15:40:23.8900747Z [command]/usr/bin/git -c protocol.version=2 fetch --no-tags --prune --no-recurse-submodules origin +742056540d16d83f4bf9b8945443e58d72536e3d:refs/remotes/origin/H215-modulo-de-summary
end-workflow	Checkout code	2025-04-03T15:40:24.6270756Z From https://github.com/Ka0s-Klaus/ka0s
end-workflow	Checkout code	2025-04-03T15:40:24.6273245Z  + b6758fd...7420565 742056540d16d83f4bf9b8945443e58d72536e3d -> origin/H215-modulo-de-summary  (forced update)
end-workflow	Checkout code	2025-04-03T15:40:24.6405008Z ##[endgroup]
end-workflow	Checkout code	2025-04-03T15:40:24.6406511Z ##[group]Determining the checkout info
end-workflow	Checkout code	2025-04-03T15:40:24.6407886Z ##[endgroup]
end-workflow	Checkout code	2025-04-03T15:40:24.6408890Z [command]/usr/bin/git sparse-checkout disable
end-workflow	Checkout code	2025-04-03T15:40:24.6465824Z [command]/usr/bin/git config --local --unset-all extensions.worktreeConfig
end-workflow	Checkout code	2025-04-03T15:40:24.6511441Z ##[group]Checking out the ref
end-workflow	Checkout code	2025-04-03T15:40:24.6520493Z [command]/usr/bin/git checkout --progress --force -B H215-modulo-de-summary refs/remotes/origin/H215-modulo-de-summary
end-workflow	Checkout code	2025-04-03T15:40:24.6662201Z Switched to a new branch 'H215-modulo-de-summary'
end-workflow	Checkout code	2025-04-03T15:40:24.6667275Z branch 'H215-modulo-de-summary' set up to track 'origin/H215-modulo-de-summary'.
end-workflow	Checkout code	2025-04-03T15:40:24.6676192Z ##[endgroup]
end-workflow	Checkout code	2025-04-03T15:40:24.6739583Z [command]/usr/bin/git log -1 --format=%H
end-workflow	Checkout code	2025-04-03T15:40:24.6781649Z 742056540d16d83f4bf9b8945443e58d72536e3d
end-workflow	Finaliza el workflow	﻿2025-04-03T15:40:24.7119560Z ##[group]Run echo "End process"
end-workflow	Finaliza el workflow	2025-04-03T15:40:24.7120500Z [36;1mecho "End process"[0m
end-workflow	Finaliza el workflow	2025-04-03T15:40:24.7121051Z [36;1mRNNUMBER=$(echo "refs/heads/H215-modulo-de-summary" | grep -o '[0-9]*')[0m
end-workflow	Finaliza el workflow	2025-04-03T15:40:24.7121756Z [36;1mgh issue comment $RNNUMBER --body "Se finaliza Ka0s 14246720888"[0m
end-workflow	Finaliza el workflow	2025-04-03T15:40:24.7122724Z [36;1mgh workflow run inspector.yml --ref 'main' -f kaos-issue-id=$RNNUMBER -f kaos-workflow-id="14246720888" -f kaos-user-start=""[0m
end-workflow	Finaliza el workflow	2025-04-03T15:40:24.7139096Z shell: /usr/bin/bash -e {0}
end-workflow	Finaliza el workflow	2025-04-03T15:40:24.7139870Z env:
end-workflow	Finaliza el workflow	2025-04-03T15:40:24.7140633Z   KAOS_MODULE: [Ka0S] JSONLINT
end-workflow	Finaliza el workflow	2025-04-03T15:40:24.7141995Z   GH_TOKEN: ***
end-workflow	Finaliza el workflow	2025-04-03T15:40:24.7142970Z   KAOS_JSONLINT_CONFIG: core/config/.jsonlint.json
end-workflow	Finaliza el workflow	2025-04-03T15:40:24.7143735Z   KAOS_PATH_RESUME: core/outputs/j/
end-workflow	Finaliza el workflow	2025-04-03T15:40:24.7144146Z   KAOS_REPO: /actions-runner/_work/kaos/kaos
end-workflow	Finaliza el workflow	2025-04-03T15:40:24.7144538Z   KAOS_STEP_MODULE: 
end-workflow	Finaliza el workflow	2025-04-03T15:40:24.7144833Z   KAOS_CODE: 14246720888
end-workflow	Finaliza el workflow	2025-04-03T15:40:24.7145134Z   KAOS_REF_BRANCH: main
end-workflow	Finaliza el workflow	2025-04-03T15:40:24.7145989Z ##[endgroup]
end-workflow	Finaliza el workflow	2025-04-03T15:40:24.7225627Z End process
end-workflow	Finaliza el workflow	2025-04-03T15:40:26.6549081Z https://github.com/Ka0s-Klaus/ka0s/issues/215#issuecomment-2776220410
end-workflow	Post Checkout code	﻿2025-04-03T15:40:27.7581321Z Post job cleanup.
end-workflow	Post Checkout code	2025-04-03T15:40:27.9461966Z [command]/usr/bin/git version
end-workflow	Post Checkout code	2025-04-03T15:40:27.9732245Z git version 2.48.1
end-workflow	Post Checkout code	2025-04-03T15:40:28.0016178Z Copying '/home/kaos/.gitconfig' to '/actions-runner/_work/_temp/59cda0ab-0df5-4e0a-ba84-a3f0b4deaeb8/.gitconfig'
end-workflow	Post Checkout code	2025-04-03T15:40:28.0117784Z Temporarily overriding HOME='/actions-runner/_work/_temp/59cda0ab-0df5-4e0a-ba84-a3f0b4deaeb8' before making global git config changes
end-workflow	Post Checkout code	2025-04-03T15:40:28.0131558Z Adding repository directory to the temporary git global config as a safe directory
end-workflow	Post Checkout code	2025-04-03T15:40:28.0164346Z [command]/usr/bin/git config --global --add safe.directory /actions-runner/_work/ka0s/ka0s
end-workflow	Post Checkout code	2025-04-03T15:40:28.0412544Z [command]/usr/bin/git config --local --name-only --get-regexp core\.sshCommand
end-workflow	Post Checkout code	2025-04-03T15:40:28.0526782Z [command]/usr/bin/git submodule foreach --recursive sh -c "git config --local --name-only --get-regexp 'core\.sshCommand' && git config --local --unset-all 'core.sshCommand' || :"
end-workflow	Post Checkout code	2025-04-03T15:40:28.1184223Z [command]/usr/bin/git config --local --name-only --get-regexp http\.https\:\/\/github\.com\/\.extraheader
end-workflow	Post Checkout code	2025-04-03T15:40:28.1213686Z http.https://github.com/.extraheader
end-workflow	Post Checkout code	2025-04-03T15:40:28.1249164Z [command]/usr/bin/git config --local --unset-all http.https://github.com/.extraheader
end-workflow	Post Checkout code	2025-04-03T15:40:28.1337619Z [command]/usr/bin/git submodule foreach --recursive sh -c "git config --local --name-only --get-regexp 'http\.https\:\/\/github\.com\/\.extraheader' && git config --local --unset-all 'http.https://github.com/.extraheader' || :"
end-workflow	Complete job	﻿2025-04-03T15:40:28.2113672Z Cleaning up orphan processes
