job-core	Set up job	﻿2025-04-08T14:00:52.1649124Z Current runner version: '2.323.0'
job-core	Set up job	2025-04-08T14:00:52.1653329Z Runner name: 'ka0s-7'
job-core	Set up job	2025-04-08T14:00:52.1653891Z Machine name: '26a53205c9ac'
job-core	Set up job	2025-04-08T14:00:52.1655397Z ##[group]GITHUB_TOKEN Permissions
job-core	Set up job	2025-04-08T14:00:52.1656927Z Actions: write
job-core	Set up job	2025-04-08T14:00:52.1657234Z Contents: write
job-core	Set up job	2025-04-08T14:00:52.1657523Z Issues: write
job-core	Set up job	2025-04-08T14:00:52.1657802Z Metadata: read
job-core	Set up job	2025-04-08T14:00:52.1658080Z PullRequests: write
job-core	Set up job	2025-04-08T14:00:52.1658348Z ##[endgroup]
job-core	Set up job	2025-04-08T14:00:52.1659720Z Secret source: Actions
job-core	Set up job	2025-04-08T14:00:52.1660250Z Prepare workflow directory
job-core	Set up job	2025-04-08T14:00:52.2083986Z Prepare all required actions
job-core	Set up job	2025-04-08T14:00:52.2112977Z Getting action download info
job-core	Set up job	2025-04-08T14:00:52.6686887Z Download action repository 'actions/checkout@v4' (SHA:11bd71901bbe5b1630ceea73d27597364c9af683)
job-core	Set up job	2025-04-08T14:00:53.3458534Z Download action repository 'actions/setup-python@v5' (SHA:8d9ed9ac5c53483de85588cdf95a591a75ab9f55)
job-core	Set up job	2025-04-08T14:00:54.1098942Z Complete job name: job-core
job-core	Checkout code	﻿2025-04-08T14:00:54.1507159Z ##[group]Run actions/checkout@v4
job-core	Checkout code	2025-04-08T14:00:54.1508071Z with:
job-core	Checkout code	2025-04-08T14:00:54.1508575Z   fetch-depth: 0
job-core	Checkout code	2025-04-08T14:00:54.1509468Z   token: ***
job-core	Checkout code	2025-04-08T14:00:54.1510294Z   repository: Ka0s-Klaus/ka0s
job-core	Checkout code	2025-04-08T14:00:54.1511067Z   ssh-strict: true
job-core	Checkout code	2025-04-08T14:00:54.1511713Z   ssh-user: git
job-core	Checkout code	2025-04-08T14:00:54.1512261Z   persist-credentials: true
job-core	Checkout code	2025-04-08T14:00:54.1512895Z   clean: true
job-core	Checkout code	2025-04-08T14:00:54.1513464Z   sparse-checkout-cone-mode: true
job-core	Checkout code	2025-04-08T14:00:54.1514153Z   fetch-tags: false
job-core	Checkout code	2025-04-08T14:00:54.1514718Z   show-progress: true
job-core	Checkout code	2025-04-08T14:00:54.1515283Z   lfs: false
job-core	Checkout code	2025-04-08T14:00:54.1515821Z   submodules: false
job-core	Checkout code	2025-04-08T14:00:54.1516400Z   set-safe-directory: true
job-core	Checkout code	2025-04-08T14:00:54.1517125Z env:
job-core	Checkout code	2025-04-08T14:00:54.1517632Z   KAOS_MODULE: [Ka0S] YAMLLINT
job-core	Checkout code	2025-04-08T14:00:54.1518455Z   GH_TOKEN: ***
job-core	Checkout code	2025-04-08T14:00:54.1519076Z   KAOS_YAMLLINT_CONFIG: core/config/.yamllint.json
job-core	Checkout code	2025-04-08T14:00:54.1519905Z   KAOS_PATH_RESUME: core/results/y/
job-core	Checkout code	2025-04-08T14:00:54.1520998Z   KAOS_REPO: /actions-runner/_work/kaos/kaos
job-core	Checkout code	2025-04-08T14:00:54.1521746Z   KAOS_STEP_MODULE: 
job-core	Checkout code	2025-04-08T14:00:54.1522350Z   KAOS_CODE: 14335518272
job-core	Checkout code	2025-04-08T14:00:54.1522930Z ##[endgroup]
job-core	Checkout code	2025-04-08T14:00:54.2287709Z Syncing repository: Ka0s-Klaus/ka0s
job-core	Checkout code	2025-04-08T14:00:54.2289939Z ##[group]Getting Git version info
job-core	Checkout code	2025-04-08T14:00:54.2291039Z Working directory is '/actions-runner/_work/ka0s/ka0s'
job-core	Checkout code	2025-04-08T14:00:54.2292497Z [command]/usr/bin/git version
job-core	Checkout code	2025-04-08T14:00:54.2293356Z git version 2.43.0
job-core	Checkout code	2025-04-08T14:00:54.2313940Z ##[endgroup]
job-core	Checkout code	2025-04-08T14:00:54.2319982Z Copying '/home/kaos/.gitconfig' to '/actions-runner/_work/_temp/c98d8354-2ec7-468c-94e9-d02cb4f445db/.gitconfig'
job-core	Checkout code	2025-04-08T14:00:54.2332221Z Temporarily overriding HOME='/actions-runner/_work/_temp/c98d8354-2ec7-468c-94e9-d02cb4f445db' before making global git config changes
job-core	Checkout code	2025-04-08T14:00:54.2335312Z Adding repository directory to the temporary git global config as a safe directory
job-core	Checkout code	2025-04-08T14:00:54.2338092Z [command]/usr/bin/git config --global --add safe.directory /actions-runner/_work/ka0s/ka0s
job-core	Checkout code	2025-04-08T14:00:54.2378218Z [command]/usr/bin/git config --local --get remote.origin.url
job-core	Checkout code	2025-04-08T14:00:54.2402688Z https://github.com/Ka0s-Klaus/ka0s
job-core	Checkout code	2025-04-08T14:00:54.2416614Z ##[group]Removing previously created refs, to avoid conflicts
job-core	Checkout code	2025-04-08T14:00:54.2419329Z [command]/usr/bin/git rev-parse --symbolic-full-name --verify --quiet HEAD
job-core	Checkout code	2025-04-08T14:00:54.2457772Z refs/heads/H220-web-de-resultados
job-core	Checkout code	2025-04-08T14:00:54.2468689Z [command]/usr/bin/git checkout --detach
job-core	Checkout code	2025-04-08T14:00:54.2684613Z HEAD is now at 63bd5b2 Merge branch 'H220-web-de-resultados' of https://github.com/Ka0s-Klaus/ka0s into H220-web-de-resultados
job-core	Checkout code	2025-04-08T14:00:54.2730280Z [command]/usr/bin/git branch --delete --force H220-web-de-resultados
job-core	Checkout code	2025-04-08T14:00:54.2762730Z Deleted branch H220-web-de-resultados (was 63bd5b2).
job-core	Checkout code	2025-04-08T14:00:54.2931617Z ##[endgroup]
job-core	Checkout code	2025-04-08T14:00:54.2932467Z [command]/usr/bin/git submodule status
job-core	Checkout code	2025-04-08T14:00:54.3179490Z ##[group]Cleaning the repository
job-core	Checkout code	2025-04-08T14:00:54.3183653Z [command]/usr/bin/git clean -ffdx
job-core	Checkout code	2025-04-08T14:00:54.3225333Z [command]/usr/bin/git reset --hard HEAD
job-core	Checkout code	2025-04-08T14:00:54.3394143Z HEAD is now at 63bd5b2 Merge branch 'H220-web-de-resultados' of https://github.com/Ka0s-Klaus/ka0s into H220-web-de-resultados
job-core	Checkout code	2025-04-08T14:00:54.3397988Z ##[endgroup]
job-core	Checkout code	2025-04-08T14:00:54.3399108Z ##[group]Disabling automatic garbage collection
job-core	Checkout code	2025-04-08T14:00:54.3403497Z [command]/usr/bin/git config --local gc.auto 0
job-core	Checkout code	2025-04-08T14:00:54.3433462Z ##[endgroup]
job-core	Checkout code	2025-04-08T14:00:54.3434584Z ##[group]Setting up auth
job-core	Checkout code	2025-04-08T14:00:54.3436824Z [command]/usr/bin/git config --local --name-only --get-regexp core\.sshCommand
job-core	Checkout code	2025-04-08T14:00:54.3463910Z [command]/usr/bin/git submodule foreach --recursive sh -c "git config --local --name-only --get-regexp 'core\.sshCommand' && git config --local --unset-all 'core.sshCommand' || :"
job-core	Checkout code	2025-04-08T14:00:54.3704911Z [command]/usr/bin/git config --local --name-only --get-regexp http\.https\:\/\/github\.com\/\.extraheader
job-core	Checkout code	2025-04-08T14:00:54.3731989Z [command]/usr/bin/git submodule foreach --recursive sh -c "git config --local --name-only --get-regexp 'http\.https\:\/\/github\.com\/\.extraheader' && git config --local --unset-all 'http.https://github.com/.extraheader' || :"
job-core	Checkout code	2025-04-08T14:00:54.3978468Z [command]/usr/bin/git config --local http.https://github.com/.extraheader AUTHORIZATION: basic ***
job-core	Checkout code	2025-04-08T14:00:54.4015421Z ##[endgroup]
job-core	Checkout code	2025-04-08T14:00:54.4016942Z ##[group]Fetching the repository
job-core	Checkout code	2025-04-08T14:00:54.4025594Z [command]/usr/bin/git -c protocol.version=2 fetch --prune --no-recurse-submodules origin +refs/heads/*:refs/remotes/origin/* +refs/tags/*:refs/tags/*
job-core	Checkout code	2025-04-08T14:00:55.3029609Z From https://github.com/Ka0s-Klaus/ka0s
job-core	Checkout code	2025-04-08T14:00:55.3030571Z    63bd5b2..a4a6e32  H220-web-de-resultados -> origin/H220-web-de-resultados
job-core	Checkout code	2025-04-08T14:00:55.3031945Z  * [new branch]      H306-ficheros-de-estadisticas -> origin/H306-ficheros-de-estadisticas
job-core	Checkout code	2025-04-08T14:00:55.3032650Z    082ac52..b7c50b1  main                   -> origin/main
job-core	Checkout code	2025-04-08T14:00:55.3033049Z  * [new tag]         0.0.72                 -> 0.0.72
job-core	Checkout code	2025-04-08T14:00:55.3033412Z  * [new tag]         0.0.73                 -> 0.0.73
job-core	Checkout code	2025-04-08T14:00:55.3033763Z  * [new tag]         0.0.74                 -> 0.0.74
job-core	Checkout code	2025-04-08T14:00:55.3066694Z [command]/usr/bin/git branch --list --remote origin/H306-ficheros-de-estadisticas
job-core	Checkout code	2025-04-08T14:00:55.3092689Z   origin/H306-ficheros-de-estadisticas
job-core	Checkout code	2025-04-08T14:00:55.3100842Z [command]/usr/bin/git rev-parse refs/remotes/origin/H306-ficheros-de-estadisticas
job-core	Checkout code	2025-04-08T14:00:55.3125997Z 644bb5446357e1a18ef3b2e7f1321d4825b0a698
job-core	Checkout code	2025-04-08T14:00:55.3128495Z ##[endgroup]
job-core	Checkout code	2025-04-08T14:00:55.3128739Z ##[group]Determining the checkout info
job-core	Checkout code	2025-04-08T14:00:55.3132254Z ##[endgroup]
job-core	Checkout code	2025-04-08T14:00:55.3137845Z [command]/usr/bin/git sparse-checkout disable
job-core	Checkout code	2025-04-08T14:00:55.3189704Z [command]/usr/bin/git config --local --unset-all extensions.worktreeConfig
job-core	Checkout code	2025-04-08T14:00:55.3217581Z ##[group]Checking out the ref
job-core	Checkout code	2025-04-08T14:00:55.3223963Z [command]/usr/bin/git checkout --progress --force -B H306-ficheros-de-estadisticas refs/remotes/origin/H306-ficheros-de-estadisticas
job-core	Checkout code	2025-04-08T14:00:55.3459100Z Previous HEAD position was 63bd5b2 Merge branch 'H220-web-de-resultados' of https://github.com/Ka0s-Klaus/ka0s into H220-web-de-resultados
job-core	Checkout code	2025-04-08T14:00:55.3460430Z Switched to a new branch 'H306-ficheros-de-estadisticas'
job-core	Checkout code	2025-04-08T14:00:55.3462532Z branch 'H306-ficheros-de-estadisticas' set up to track 'origin/H306-ficheros-de-estadisticas'.
job-core	Checkout code	2025-04-08T14:00:55.3467623Z ##[endgroup]
job-core	Checkout code	2025-04-08T14:00:55.3498367Z [command]/usr/bin/git log -1 --format=%H
job-core	Checkout code	2025-04-08T14:00:55.3519122Z 644bb5446357e1a18ef3b2e7f1321d4825b0a698
job-core	Setup Python	﻿2025-04-08T14:00:55.3685800Z ##[group]Run actions/setup-python@v5
job-core	Setup Python	2025-04-08T14:00:55.3686002Z with:
job-core	Setup Python	2025-04-08T14:00:55.3686128Z   python-version: 3.x
job-core	Setup Python	2025-04-08T14:00:55.3686268Z   check-latest: false
job-core	Setup Python	2025-04-08T14:00:55.3686486Z   token: ***
job-core	Setup Python	2025-04-08T14:00:55.3686732Z   update-environment: true
job-core	Setup Python	2025-04-08T14:00:55.3686915Z   allow-prereleases: false
job-core	Setup Python	2025-04-08T14:00:55.3687058Z   freethreaded: false
job-core	Setup Python	2025-04-08T14:00:55.3687180Z env:
job-core	Setup Python	2025-04-08T14:00:55.3687305Z   KAOS_MODULE: [Ka0S] YAMLLINT
job-core	Setup Python	2025-04-08T14:00:55.3687499Z   GH_TOKEN: ***
job-core	Setup Python	2025-04-08T14:00:55.3687650Z   KAOS_YAMLLINT_CONFIG: core/config/.yamllint.json
job-core	Setup Python	2025-04-08T14:00:55.3687831Z   KAOS_PATH_RESUME: core/results/y/
job-core	Setup Python	2025-04-08T14:00:55.3688011Z   KAOS_REPO: /actions-runner/_work/kaos/kaos
job-core	Setup Python	2025-04-08T14:00:55.3688178Z   KAOS_STEP_MODULE: 
job-core	Setup Python	2025-04-08T14:00:55.3688307Z   KAOS_CODE: 14335518272
job-core	Setup Python	2025-04-08T14:00:55.3688441Z ##[endgroup]
job-core	Setup Python	2025-04-08T14:00:55.4789706Z ##[group]Installed versions
job-core	Setup Python	2025-04-08T14:00:55.4797623Z Version 3.x was not found in the local cache
job-core	Setup Python	2025-04-08T14:00:56.2807718Z Version 3.x is available for downloading
job-core	Setup Python	2025-04-08T14:00:56.2808397Z Download from "https://github.com/actions/python-versions/releases/download/3.13.2-13708744326/python-3.13.2-linux-24.04-x64.tar.gz"
job-core	Setup Python	2025-04-08T14:01:00.4981553Z Extract downloaded archive
job-core	Setup Python	2025-04-08T14:01:00.5087115Z [command]/usr/bin/tar xz --warning=no-unknown-keyword --overwrite -C /actions-runner/_work/_temp/2a1cb33d-c841-4181-a8b7-b7821180f11c -f /actions-runner/_work/_temp/e572fb28-95f9-49b9-a2e0-952e76e7607c
job-core	Setup Python	2025-04-08T14:01:02.3565409Z Execute installation script
job-core	Setup Python	2025-04-08T14:01:02.3659560Z Check if Python hostedtoolcache folder exist...
job-core	Setup Python	2025-04-08T14:01:02.3660336Z Creating Python hostedtoolcache folder...
job-core	Setup Python	2025-04-08T14:01:02.3674169Z Create Python 3.13.2 folder
job-core	Setup Python	2025-04-08T14:01:02.3682453Z Copy Python binaries to hostedtoolcache folder
job-core	Setup Python	2025-04-08T14:01:02.6876910Z Create additional symlinks (Required for the UsePythonVersion Azure Pipelines task and the setup-python GitHub Action)
job-core	Setup Python	2025-04-08T14:01:02.7019480Z Upgrading pip...
job-core	Setup Python	2025-04-08T14:01:04.1432494Z Looking in links: /tmp/tmpcac64pgv
job-core	Setup Python	2025-04-08T14:01:04.1434778Z Requirement already satisfied: pip in /actions-runner/_work/_tool/Python/3.13.2/x64/lib/python3.13/site-packages (24.3.1)
job-core	Setup Python	2025-04-08T14:01:04.9229687Z Collecting pip
job-core	Setup Python	2025-04-08T14:01:04.9622854Z Downloading pip-25.0.1-py3-none-any.whl.metadata (3.7 kB)
job-core	Setup Python	2025-04-08T14:01:04.9774182Z Downloading pip-25.0.1-py3-none-any.whl (1.8 MB)
job-core	Setup Python	2025-04-08T14:01:05.0331900Z ━━━━━━━━━━━━━━━━━━━━━━━━━━━━━━━━━━━━━━━━ 1.8/1.8 MB 39.4 MB/s eta 0:00:00
job-core	Setup Python	2025-04-08T14:01:05.0465003Z Installing collected packages: pip
job-core	Setup Python	2025-04-08T14:01:05.0465439Z Attempting uninstall: pip
job-core	Setup Python	2025-04-08T14:01:05.0489253Z Found existing installation: pip 24.3.1
job-core	Setup Python	2025-04-08T14:01:05.0701765Z Uninstalling pip-24.3.1:
job-core	Setup Python	2025-04-08T14:01:05.0738181Z Successfully uninstalled pip-24.3.1
job-core	Setup Python	2025-04-08T14:01:05.7337849Z Successfully installed pip-25.0.1
job-core	Setup Python	2025-04-08T14:01:05.7891243Z Create complete file
job-core	Setup Python	2025-04-08T14:01:05.7935404Z Successfully set up CPython (3.13.2)
job-core	Setup Python	2025-04-08T14:01:05.7936017Z ##[endgroup]
job-core	Install yamllint	﻿2025-04-08T14:01:05.8024058Z ##[group]Run python -m pip install yamllint
job-core	Install yamllint	2025-04-08T14:01:05.8024324Z [36;1mpython -m pip install yamllint[0m
job-core	Install yamllint	2025-04-08T14:01:05.8032991Z shell: /usr/bin/bash -e {0}
job-core	Install yamllint	2025-04-08T14:01:05.8033155Z env:
job-core	Install yamllint	2025-04-08T14:01:05.8033290Z   KAOS_MODULE: [Ka0S] YAMLLINT
job-core	Install yamllint	2025-04-08T14:01:05.8033603Z   GH_TOKEN: ***
job-core	Install yamllint	2025-04-08T14:01:05.8033750Z   KAOS_YAMLLINT_CONFIG: core/config/.yamllint.json
job-core	Install yamllint	2025-04-08T14:01:05.8033938Z   KAOS_PATH_RESUME: core/results/y/
job-core	Install yamllint	2025-04-08T14:01:05.8034113Z   KAOS_REPO: /actions-runner/_work/kaos/kaos
job-core	Install yamllint	2025-04-08T14:01:05.8034275Z   KAOS_STEP_MODULE: 
job-core	Install yamllint	2025-04-08T14:01:05.8034411Z   KAOS_CODE: 14335518272
job-core	Install yamllint	2025-04-08T14:01:05.8034601Z   pythonLocation: /actions-runner/_work/_tool/Python/3.13.2/x64
job-core	Install yamllint	2025-04-08T14:01:05.8034875Z   PKG_CONFIG_PATH: /actions-runner/_work/_tool/Python/3.13.2/x64/lib/pkgconfig
job-core	Install yamllint	2025-04-08T14:01:05.8035134Z   Python_ROOT_DIR: /actions-runner/_work/_tool/Python/3.13.2/x64
job-core	Install yamllint	2025-04-08T14:01:05.8035369Z   Python2_ROOT_DIR: /actions-runner/_work/_tool/Python/3.13.2/x64
job-core	Install yamllint	2025-04-08T14:01:05.8035637Z   Python3_ROOT_DIR: /actions-runner/_work/_tool/Python/3.13.2/x64
job-core	Install yamllint	2025-04-08T14:01:05.8035874Z   LD_LIBRARY_PATH: /actions-runner/_work/_tool/Python/3.13.2/x64/lib
job-core	Install yamllint	2025-04-08T14:01:05.8036208Z ##[endgroup]
job-core	Install yamllint	2025-04-08T14:01:06.1041961Z Collecting yamllint
job-core	Install yamllint	2025-04-08T14:01:06.1415969Z   Downloading yamllint-1.37.0-py3-none-any.whl.metadata (4.3 kB)
job-core	Install yamllint	2025-04-08T14:01:06.1620750Z Collecting pathspec>=0.5.3 (from yamllint)
job-core	Install yamllint	2025-04-08T14:01:06.1681569Z   Downloading pathspec-0.12.1-py3-none-any.whl.metadata (21 kB)
job-core	Install yamllint	2025-04-08T14:01:06.2021366Z Collecting pyyaml (from yamllint)
job-core	Install yamllint	2025-04-08T14:01:06.2088177Z   Downloading PyYAML-6.0.2-cp313-cp313-manylinux_2_17_x86_64.manylinux2014_x86_64.whl.metadata (2.1 kB)
job-core	Install yamllint	2025-04-08T14:01:06.2224600Z Downloading yamllint-1.37.0-py3-none-any.whl (68 kB)
job-core	Install yamllint	2025-04-08T14:01:06.2380590Z Downloading pathspec-0.12.1-py3-none-any.whl (31 kB)
job-core	Install yamllint	2025-04-08T14:01:06.2495852Z Downloading PyYAML-6.0.2-cp313-cp313-manylinux_2_17_x86_64.manylinux2014_x86_64.whl (759 kB)
job-core	Install yamllint	2025-04-08T14:01:06.2726502Z    ━━━━━━━━━━━━━━━━━━━━━━━━━━━━━━━━━━━━━━━━ 759.5/759.5 kB 39.2 MB/s eta 0:00:00
job-core	Install yamllint	2025-04-08T14:01:06.2825894Z Installing collected packages: pyyaml, pathspec, yamllint
job-core	Install yamllint	2025-04-08T14:01:06.3660372Z Successfully installed pathspec-0.12.1 pyyaml-6.0.2 yamllint-1.37.0
job-core	Check YAML	﻿2025-04-08T14:01:06.4963369Z ##[group]Run # Invocamos la primera comprobación de base, sino se supera el proceso no continua
job-core	Check YAML	2025-04-08T14:01:06.4963828Z [36;1m# Invocamos la primera comprobación de base, sino se supera el proceso no continua[0m
job-core	Check YAML	2025-04-08T14:01:06.4964080Z [36;1m# Ejecutamos el comando[0m
job-core	Check YAML	2025-04-08T14:01:06.4964444Z [36;1myamllint -c core/config/.yamllint.json "core/test/correct-file1.yaml" > core/results/y/yaml-lint-results-14335518272.txt 2>&1 || true[0m
job-core	Check YAML	2025-04-08T14:01:06.4964798Z [36;1m  # Check if exist errors in file[0m
job-core	Check YAML	2025-04-08T14:01:06.4965028Z [36;1m  if [ ! -s core/results/y/yaml-lint-results-14335518272.txt ]; then[0m
job-core	Check YAML	2025-04-08T14:01:06.4965326Z [36;1m    # Todo ha salido bien, añadimos el comentario a la issue y saltamos al siguiente paso[0m
job-core	Check YAML	2025-04-08T14:01:06.4965635Z [36;1m    # Añadimos la versión de yamllint con la que se realiza la comprobacion[0m
job-core	Check YAML	2025-04-08T14:01:06.4965936Z [36;1m    yamllint --version >> core/results/y/yaml-lint-results-14335518272.txt[0m
job-core	Check YAML	2025-04-08T14:01:06.4966254Z [36;1m    # añadimos el nombre del fichero que vamos a comprobar[0m
job-core	Check YAML	2025-04-08T14:01:06.4966555Z [36;1m    echo "Finding: core/test/correct-file1.yaml" >> core/results/y/yaml-lint-results-14335518272.txt[0m
job-core	Check YAML	2025-04-08T14:01:06.4967153Z [36;1m    KAOS_ISSUE_BODY="The [Ka0S] YAMLLINT process (14335512568) launch the check (14335518272) over file (core/test/correct-file1.yaml) and its result has been SUCCESS. Please review all files implicated in pull request and approve to merge"[0m
job-core	Check YAML	2025-04-08T14:01:06.4967944Z [36;1m    gh workflow run issue.yaml --ref refs/heads/H306-ficheros-de-estadisticas -f kaos-issue-title="" -f kaos-issue-body="$KAOS_ISSUE_BODY" -f kaos-issue-actions=comment -f kaos-issue-tag="" -f kaos-issue-id=306[0m
job-core	Check YAML	2025-04-08T14:01:06.4968473Z [36;1m    gh issue comment  306 -F core/results/y/yaml-lint-results-14335518272.txt [0m
job-core	Check YAML	2025-04-08T14:01:06.4968887Z [36;1m    # una vez finalizado este proceso, en funcion del modulo donde esta ubicado el fichero que se ha comprobado ejecutara un jobs u otro                [0m
job-core	Check YAML	2025-04-08T14:01:06.4969219Z [36;1m  else[0m
job-core	Check YAML	2025-04-08T14:01:06.4969427Z [36;1m    # Algo no ha salido bien, añadimos el comentario a la issue y saltamos al siguiente paso[0m
job-core	Check YAML	2025-04-08T14:01:06.4969723Z [36;1m    # Añadimos la versión de yamllint con la que se realiza la comprobacion[0m
job-core	Check YAML	2025-04-08T14:01:06.4970134Z [36;1m    yamllint --version >> core/results/y/yaml-lint-results-14335518272.txt[0m
job-core	Check YAML	2025-04-08T14:01:06.4970438Z [36;1m    # añadimos el nombre del fichero que vamos a comprobar[0m
job-core	Check YAML	2025-04-08T14:01:06.4970794Z [36;1m    echo "Finding: core/test/correct-file1.yaml" >> core/results/y/yaml-lint-results-14335518272.txt[0m
job-core	Check YAML	2025-04-08T14:01:06.4971397Z [36;1m    KAOS_ISSUE_BODY="The [Ka0S] YAMLLINT process (14335512568) launch the check (14335518272) over file (core/test/correct-file1.yaml) and its result has been FAILED, please check and solved it"[0m
job-core	Check YAML	2025-04-08T14:01:06.4972294Z [36;1m    gh workflow run issue.yaml --ref refs/heads/H306-ficheros-de-estadisticas -f kaos-issue-title="" -f kaos-issue-body="$KAOS_ISSUE_BODY" -f kaos-issue-actions=comment -f kaos-issue-tag="" -f kaos-issue-id=306[0m
job-core	Check YAML	2025-04-08T14:01:06.4972865Z [36;1m    gh issue comment  306 -F core/results/y/yaml-lint-results-14335518272.txt[0m
job-core	Check YAML	2025-04-08T14:01:06.4973267Z [36;1m    # una vez finalizado este proceso, en funcion del modulo donde esta ubicado el ficher que se ha comprobado ejecutara un jobs u otro [0m
job-core	Check YAML	2025-04-08T14:01:06.4973578Z [36;1m  fi[0m
job-core	Check YAML	2025-04-08T14:01:06.4978797Z shell: /usr/bin/bash -e {0}
job-core	Check YAML	2025-04-08T14:01:06.4979038Z env:
job-core	Check YAML	2025-04-08T14:01:06.4979235Z   KAOS_MODULE: [Ka0S] YAMLLINT
job-core	Check YAML	2025-04-08T14:01:06.4979682Z   GH_TOKEN: ***
job-core	Check YAML	2025-04-08T14:01:06.4979906Z   KAOS_YAMLLINT_CONFIG: core/config/.yamllint.json
job-core	Check YAML	2025-04-08T14:01:06.4980237Z   KAOS_PATH_RESUME: core/results/y/
job-core	Check YAML	2025-04-08T14:01:06.4980479Z   KAOS_REPO: /actions-runner/_work/kaos/kaos
job-core	Check YAML	2025-04-08T14:01:06.4980722Z   KAOS_STEP_MODULE: 
job-core	Check YAML	2025-04-08T14:01:06.4980914Z   KAOS_CODE: 14335518272
job-core	Check YAML	2025-04-08T14:01:06.4981548Z   pythonLocation: /actions-runner/_work/_tool/Python/3.13.2/x64
job-core	Check YAML	2025-04-08T14:01:06.4982055Z   PKG_CONFIG_PATH: /actions-runner/_work/_tool/Python/3.13.2/x64/lib/pkgconfig
job-core	Check YAML	2025-04-08T14:01:06.4982504Z   Python_ROOT_DIR: /actions-runner/_work/_tool/Python/3.13.2/x64
job-core	Check YAML	2025-04-08T14:01:06.4982890Z   Python2_ROOT_DIR: /actions-runner/_work/_tool/Python/3.13.2/x64
job-core	Check YAML	2025-04-08T14:01:06.4983263Z   Python3_ROOT_DIR: /actions-runner/_work/_tool/Python/3.13.2/x64
job-core	Check YAML	2025-04-08T14:01:06.4983651Z   LD_LIBRARY_PATH: /actions-runner/_work/_tool/Python/3.13.2/x64/lib
job-core	Check YAML	2025-04-08T14:01:06.4983957Z ##[endgroup]
job-core	Check YAML	2025-04-08T14:01:06.5015702Z /actions-runner/_work/_temp/c3f60051-5c82-42a2-89df-cd99d2ef9034.sh: line 3: core/results/y/yaml-lint-results-14335518272.txt: No such file or directory
job-core	Check YAML	2025-04-08T14:01:06.5022092Z /actions-runner/_work/_temp/c3f60051-5c82-42a2-89df-cd99d2ef9034.sh: line 8: core/results/y/yaml-lint-results-14335518272.txt: No such file or directory
job-core	Check YAML	2025-04-08T14:01:06.5043725Z ##[error]Process completed with exit code 1.
job-core	Post Checkout code	﻿2025-04-08T14:01:06.5115667Z Post job cleanup.
job-core	Post Checkout code	2025-04-08T14:01:06.5806928Z [command]/usr/bin/git version
job-core	Post Checkout code	2025-04-08T14:01:06.5832219Z git version 2.43.0
job-core	Post Checkout code	2025-04-08T14:01:06.5858333Z Copying '/home/kaos/.gitconfig' to '/actions-runner/_work/_temp/652925e6-a1e3-4f0c-87c9-9004b2c64989/.gitconfig'
job-core	Post Checkout code	2025-04-08T14:01:06.5871511Z Temporarily overriding HOME='/actions-runner/_work/_temp/652925e6-a1e3-4f0c-87c9-9004b2c64989' before making global git config changes
job-core	Post Checkout code	2025-04-08T14:01:06.5872490Z Adding repository directory to the temporary git global config as a safe directory
job-core	Post Checkout code	2025-04-08T14:01:06.5875244Z [command]/usr/bin/git config --global --add safe.directory /actions-runner/_work/ka0s/ka0s
job-core	Post Checkout code	2025-04-08T14:01:06.5922072Z [command]/usr/bin/git config --local --name-only --get-regexp core\.sshCommand
job-core	Post Checkout code	2025-04-08T14:01:06.5954714Z [command]/usr/bin/git submodule foreach --recursive sh -c "git config --local --name-only --get-regexp 'core\.sshCommand' && git config --local --unset-all 'core.sshCommand' || :"
job-core	Post Checkout code	2025-04-08T14:01:06.6224077Z [command]/usr/bin/git config --local --name-only --get-regexp http\.https\:\/\/github\.com\/\.extraheader
job-core	Post Checkout code	2025-04-08T14:01:06.6246880Z http.https://github.com/.extraheader
job-core	Post Checkout code	2025-04-08T14:01:06.6257817Z [command]/usr/bin/git config --local --unset-all http.https://github.com/.extraheader
job-core	Post Checkout code	2025-04-08T14:01:06.6290867Z [command]/usr/bin/git submodule foreach --recursive sh -c "git config --local --name-only --get-regexp 'http\.https\:\/\/github\.com\/\.extraheader' && git config --local --unset-all 'http.https://github.com/.extraheader' || :"
job-core	Complete job	﻿2025-04-08T14:01:06.6672679Z Cleaning up orphan processes
handle_failure	Set up job	﻿2025-04-08T14:01:12.1430281Z Current runner version: '2.323.0'
handle_failure	Set up job	2025-04-08T14:01:12.1434511Z Runner name: 'ka0s-7'
handle_failure	Set up job	2025-04-08T14:01:12.1435091Z Machine name: '26a53205c9ac'
handle_failure	Set up job	2025-04-08T14:01:12.1436569Z ##[group]GITHUB_TOKEN Permissions
handle_failure	Set up job	2025-04-08T14:01:12.1438158Z Actions: write
handle_failure	Set up job	2025-04-08T14:01:12.1438464Z Contents: write
handle_failure	Set up job	2025-04-08T14:01:12.1438750Z Issues: write
handle_failure	Set up job	2025-04-08T14:01:12.1439031Z Metadata: read
handle_failure	Set up job	2025-04-08T14:01:12.1439300Z PullRequests: write
handle_failure	Set up job	2025-04-08T14:01:12.1439577Z ##[endgroup]
handle_failure	Set up job	2025-04-08T14:01:12.1441157Z Secret source: Actions
handle_failure	Set up job	2025-04-08T14:01:12.1441534Z Prepare workflow directory
handle_failure	Set up job	2025-04-08T14:01:12.1884678Z Prepare all required actions
handle_failure	Set up job	2025-04-08T14:01:12.1924409Z Getting action download info
handle_failure	Set up job	2025-04-08T14:01:12.7207789Z Download action repository 'actions/checkout@v4' (SHA:11bd71901bbe5b1630ceea73d27597364c9af683)
handle_failure	Set up job	2025-04-08T14:01:13.6277455Z Complete job name: handle_failure
handle_failure	Checkout code	﻿2025-04-08T14:01:13.6646661Z ##[group]Run actions/checkout@v4
handle_failure	Checkout code	2025-04-08T14:01:13.6647330Z with:
handle_failure	Checkout code	2025-04-08T14:01:13.6647692Z   fetch-depth: 0
handle_failure	Checkout code	2025-04-08T14:01:13.6648316Z   token: ***
handle_failure	Checkout code	2025-04-08T14:01:13.6648663Z   repository: Ka0s-Klaus/ka0s
handle_failure	Checkout code	2025-04-08T14:01:13.6649103Z   ssh-strict: true
handle_failure	Checkout code	2025-04-08T14:01:13.6649485Z   ssh-user: git
handle_failure	Checkout code	2025-04-08T14:01:13.6649851Z   persist-credentials: true
handle_failure	Checkout code	2025-04-08T14:01:13.6650337Z   clean: true
handle_failure	Checkout code	2025-04-08T14:01:13.6650725Z   sparse-checkout-cone-mode: true
handle_failure	Checkout code	2025-04-08T14:01:13.6651184Z   fetch-tags: false
handle_failure	Checkout code	2025-04-08T14:01:13.6651584Z   show-progress: true
handle_failure	Checkout code	2025-04-08T14:01:13.6651949Z   lfs: false
handle_failure	Checkout code	2025-04-08T14:01:13.6652294Z   submodules: false
handle_failure	Checkout code	2025-04-08T14:01:13.6652724Z   set-safe-directory: true
handle_failure	Checkout code	2025-04-08T14:01:13.6653242Z env:
handle_failure	Checkout code	2025-04-08T14:01:13.6653587Z   KAOS_MODULE: [Ka0S] YAMLLINT
handle_failure	Checkout code	2025-04-08T14:01:13.6654097Z   GH_TOKEN: ***
handle_failure	Checkout code	2025-04-08T14:01:13.6654498Z   KAOS_YAMLLINT_CONFIG: core/config/.yamllint.json
handle_failure	Checkout code	2025-04-08T14:01:13.6655053Z   KAOS_PATH_RESUME: core/results/y/
handle_failure	Checkout code	2025-04-08T14:01:13.6655589Z   KAOS_REPO: /actions-runner/_work/kaos/kaos
handle_failure	Checkout code	2025-04-08T14:01:13.6656048Z   KAOS_STEP_MODULE: 
handle_failure	Checkout code	2025-04-08T14:01:13.6656455Z   KAOS_CODE: 14335518272
handle_failure	Checkout code	2025-04-08T14:01:13.6656866Z ##[endgroup]
handle_failure	Checkout code	2025-04-08T14:01:13.7398114Z Syncing repository: Ka0s-Klaus/ka0s
handle_failure	Checkout code	2025-04-08T14:01:13.7399940Z ##[group]Getting Git version info
handle_failure	Checkout code	2025-04-08T14:01:13.7400740Z Working directory is '/actions-runner/_work/ka0s/ka0s'
handle_failure	Checkout code	2025-04-08T14:01:13.7401615Z [command]/usr/bin/git version
handle_failure	Checkout code	2025-04-08T14:01:13.7402044Z git version 2.43.0
handle_failure	Checkout code	2025-04-08T14:01:13.7411389Z ##[endgroup]
handle_failure	Checkout code	2025-04-08T14:01:13.7418149Z Copying '/home/kaos/.gitconfig' to '/actions-runner/_work/_temp/dece331d-7dd8-498a-83f2-d8e179bc0083/.gitconfig'
handle_failure	Checkout code	2025-04-08T14:01:13.7429381Z Temporarily overriding HOME='/actions-runner/_work/_temp/dece331d-7dd8-498a-83f2-d8e179bc0083' before making global git config changes
handle_failure	Checkout code	2025-04-08T14:01:13.7430973Z Adding repository directory to the temporary git global config as a safe directory
handle_failure	Checkout code	2025-04-08T14:01:13.7432174Z [command]/usr/bin/git config --global --add safe.directory /actions-runner/_work/ka0s/ka0s
handle_failure	Checkout code	2025-04-08T14:01:13.7463846Z [command]/usr/bin/git config --local --get remote.origin.url
handle_failure	Checkout code	2025-04-08T14:01:13.7478421Z https://github.com/Ka0s-Klaus/ka0s
handle_failure	Checkout code	2025-04-08T14:01:13.7497563Z ##[group]Removing previously created refs, to avoid conflicts
handle_failure	Checkout code	2025-04-08T14:01:13.7502498Z [command]/usr/bin/git rev-parse --symbolic-full-name --verify --quiet HEAD
handle_failure	Checkout code	2025-04-08T14:01:13.7521196Z refs/heads/H306-ficheros-de-estadisticas
handle_failure	Checkout code	2025-04-08T14:01:13.7531234Z [command]/usr/bin/git checkout --detach
handle_failure	Checkout code	2025-04-08T14:01:13.7717509Z HEAD is now at 644bb54 [Ka0S] Uploading resume execution files to the repository...
handle_failure	Checkout code	2025-04-08T14:01:13.7760721Z [command]/usr/bin/git branch --delete --force H306-ficheros-de-estadisticas
handle_failure	Checkout code	2025-04-08T14:01:13.7790551Z Deleted branch H306-ficheros-de-estadisticas (was 644bb54).
handle_failure	Checkout code	2025-04-08T14:01:13.7824467Z ##[endgroup]
handle_failure	Checkout code	2025-04-08T14:01:13.7825006Z [command]/usr/bin/git submodule status
handle_failure	Checkout code	2025-04-08T14:01:13.8064937Z ##[group]Cleaning the repository
handle_failure	Checkout code	2025-04-08T14:01:13.8068619Z [command]/usr/bin/git clean -ffdx
handle_failure	Checkout code	2025-04-08T14:01:13.8116287Z [command]/usr/bin/git reset --hard HEAD
handle_failure	Checkout code	2025-04-08T14:01:13.8238837Z HEAD is now at 644bb54 [Ka0S] Uploading resume execution files to the repository...
handle_failure	Checkout code	2025-04-08T14:01:13.8241064Z ##[endgroup]
handle_failure	Checkout code	2025-04-08T14:01:13.8244028Z ##[group]Disabling automatic garbage collection
handle_failure	Checkout code	2025-04-08T14:01:13.8245096Z [command]/usr/bin/git config --local gc.auto 0
handle_failure	Checkout code	2025-04-08T14:01:13.8271357Z ##[endgroup]
handle_failure	Checkout code	2025-04-08T14:01:13.8272096Z ##[group]Setting up auth
handle_failure	Checkout code	2025-04-08T14:01:13.8284752Z [command]/usr/bin/git config --local --name-only --get-regexp core\.sshCommand
handle_failure	Checkout code	2025-04-08T14:01:13.8309284Z [command]/usr/bin/git submodule foreach --recursive sh -c "git config --local --name-only --get-regexp 'core\.sshCommand' && git config --local --unset-all 'core.sshCommand' || :"
handle_failure	Checkout code	2025-04-08T14:01:13.8554230Z [command]/usr/bin/git config --local --name-only --get-regexp http\.https\:\/\/github\.com\/\.extraheader
handle_failure	Checkout code	2025-04-08T14:01:13.8577572Z [command]/usr/bin/git submodule foreach --recursive sh -c "git config --local --name-only --get-regexp 'http\.https\:\/\/github\.com\/\.extraheader' && git config --local --unset-all 'http.https://github.com/.extraheader' || :"
handle_failure	Checkout code	2025-04-08T14:01:13.8820523Z [command]/usr/bin/git config --local http.https://github.com/.extraheader AUTHORIZATION: basic ***
handle_failure	Checkout code	2025-04-08T14:01:13.8861869Z ##[endgroup]
handle_failure	Checkout code	2025-04-08T14:01:13.8862562Z ##[group]Fetching the repository
handle_failure	Checkout code	2025-04-08T14:01:13.8871495Z [command]/usr/bin/git -c protocol.version=2 fetch --prune --no-recurse-submodules origin +refs/heads/*:refs/remotes/origin/* +refs/tags/*:refs/tags/*
handle_failure	Checkout code	2025-04-08T14:01:14.3170583Z [command]/usr/bin/git branch --list --remote origin/H306-ficheros-de-estadisticas
handle_failure	Checkout code	2025-04-08T14:01:14.3198937Z   origin/H306-ficheros-de-estadisticas
handle_failure	Checkout code	2025-04-08T14:01:14.3205168Z [command]/usr/bin/git rev-parse refs/remotes/origin/H306-ficheros-de-estadisticas
handle_failure	Checkout code	2025-04-08T14:01:14.3226000Z 644bb5446357e1a18ef3b2e7f1321d4825b0a698
handle_failure	Checkout code	2025-04-08T14:01:14.3228717Z ##[endgroup]
handle_failure	Checkout code	2025-04-08T14:01:14.3229332Z ##[group]Determining the checkout info
handle_failure	Checkout code	2025-04-08T14:01:14.3230230Z ##[endgroup]
handle_failure	Checkout code	2025-04-08T14:01:14.3239380Z [command]/usr/bin/git sparse-checkout disable
handle_failure	Checkout code	2025-04-08T14:01:14.3370761Z [command]/usr/bin/git config --local --unset-all extensions.worktreeConfig
handle_failure	Checkout code	2025-04-08T14:01:14.3403439Z ##[group]Checking out the ref
handle_failure	Checkout code	2025-04-08T14:01:14.3404358Z [command]/usr/bin/git checkout --progress --force -B H306-ficheros-de-estadisticas refs/remotes/origin/H306-ficheros-de-estadisticas
handle_failure	Checkout code	2025-04-08T14:01:14.3463942Z Switched to a new branch 'H306-ficheros-de-estadisticas'
handle_failure	Checkout code	2025-04-08T14:01:14.3466634Z branch 'H306-ficheros-de-estadisticas' set up to track 'origin/H306-ficheros-de-estadisticas'.
handle_failure	Checkout code	2025-04-08T14:01:14.3468669Z ##[endgroup]
handle_failure	Checkout code	2025-04-08T14:01:14.3514923Z [command]/usr/bin/git log -1 --format=%H
handle_failure	Checkout code	2025-04-08T14:01:14.3536716Z 644bb5446357e1a18ef3b2e7f1321d4825b0a698
handle_failure	handle-failure-execution	﻿2025-04-08T14:01:14.3715470Z ##[group]Run echo "Error detected in process"
handle_failure	handle-failure-execution	2025-04-08T14:01:14.3716142Z [36;1mecho "Error detected in process"[0m
handle_failure	handle-failure-execution	2025-04-08T14:01:14.3716811Z [36;1mRNNUMBER=$(echo "refs/heads/H306-ficheros-de-estadisticas" | grep -o '[0-9]*')[0m
handle_failure	handle-failure-execution	2025-04-08T14:01:14.3718069Z [36;1mgh issue comment $RNNUMBER --body "El proceso no ha finalizado correctamente 14335518272. El resultado está en el fichero core/results/event_data14335518272.log"[0m
handle_failure	handle-failure-execution	2025-04-08T14:01:14.3727537Z shell: /usr/bin/bash -e {0}
handle_failure	handle-failure-execution	2025-04-08T14:01:14.3728002Z env:
handle_failure	handle-failure-execution	2025-04-08T14:01:14.3728345Z   KAOS_MODULE: [Ka0S] YAMLLINT
handle_failure	handle-failure-execution	2025-04-08T14:01:14.3729004Z   GH_TOKEN: ***
handle_failure	handle-failure-execution	2025-04-08T14:01:14.3729535Z   KAOS_YAMLLINT_CONFIG: core/config/.yamllint.json
handle_failure	handle-failure-execution	2025-04-08T14:01:14.3730390Z   KAOS_PATH_RESUME: core/results/y/
handle_failure	handle-failure-execution	2025-04-08T14:01:14.3730885Z   KAOS_REPO: /actions-runner/_work/kaos/kaos
handle_failure	handle-failure-execution	2025-04-08T14:01:14.3731406Z   KAOS_STEP_MODULE: 
handle_failure	handle-failure-execution	2025-04-08T14:01:14.3731797Z   KAOS_CODE: 14335518272
handle_failure	handle-failure-execution	2025-04-08T14:01:14.3732172Z ##[endgroup]
handle_failure	handle-failure-execution	2025-04-08T14:01:14.3776829Z Error detected in process
handle_failure	handle-failure-execution	2025-04-08T14:01:16.2257144Z https://github.com/Ka0s-Klaus/ka0s/issues/306#issuecomment-2786546436
handle_failure	Post Checkout code	﻿2025-04-08T14:01:16.2392399Z Post job cleanup.
handle_failure	Post Checkout code	2025-04-08T14:01:16.3081608Z [command]/usr/bin/git version
handle_failure	Post Checkout code	2025-04-08T14:01:16.3109006Z git version 2.43.0
handle_failure	Post Checkout code	2025-04-08T14:01:16.3135644Z Copying '/home/kaos/.gitconfig' to '/actions-runner/_work/_temp/b7f3138d-05f2-468c-a1dc-532d6b46816d/.gitconfig'
handle_failure	Post Checkout code	2025-04-08T14:01:16.3147303Z Temporarily overriding HOME='/actions-runner/_work/_temp/b7f3138d-05f2-468c-a1dc-532d6b46816d' before making global git config changes
handle_failure	Post Checkout code	2025-04-08T14:01:16.3150102Z Adding repository directory to the temporary git global config as a safe directory
handle_failure	Post Checkout code	2025-04-08T14:01:16.3152223Z [command]/usr/bin/git config --global --add safe.directory /actions-runner/_work/ka0s/ka0s
handle_failure	Post Checkout code	2025-04-08T14:01:16.3186114Z [command]/usr/bin/git config --local --name-only --get-regexp core\.sshCommand
handle_failure	Post Checkout code	2025-04-08T14:01:16.3215960Z [command]/usr/bin/git submodule foreach --recursive sh -c "git config --local --name-only --get-regexp 'core\.sshCommand' && git config --local --unset-all 'core.sshCommand' || :"
handle_failure	Post Checkout code	2025-04-08T14:01:16.3454311Z [command]/usr/bin/git config --local --name-only --get-regexp http\.https\:\/\/github\.com\/\.extraheader
handle_failure	Post Checkout code	2025-04-08T14:01:16.3477763Z http.https://github.com/.extraheader
handle_failure	Post Checkout code	2025-04-08T14:01:16.3486377Z [command]/usr/bin/git config --local --unset-all http.https://github.com/.extraheader
handle_failure	Post Checkout code	2025-04-08T14:01:16.3516732Z [command]/usr/bin/git submodule foreach --recursive sh -c "git config --local --name-only --get-regexp 'http\.https\:\/\/github\.com\/\.extraheader' && git config --local --unset-all 'http.https://github.com/.extraheader' || :"
handle_failure	Complete job	﻿2025-04-08T14:01:16.3841680Z Cleaning up orphan processes
end-workflow	Set up job	﻿2025-04-08T14:01:21.6390955Z Current runner version: '2.323.0'
end-workflow	Set up job	2025-04-08T14:01:21.6395059Z Runner name: 'ka0s-8'
end-workflow	Set up job	2025-04-08T14:01:21.6395642Z Machine name: '26a53205c9ac'
end-workflow	Set up job	2025-04-08T14:01:21.6397133Z ##[group]GITHUB_TOKEN Permissions
end-workflow	Set up job	2025-04-08T14:01:21.6398624Z Actions: write
end-workflow	Set up job	2025-04-08T14:01:21.6398939Z Contents: write
end-workflow	Set up job	2025-04-08T14:01:21.6399226Z Issues: write
end-workflow	Set up job	2025-04-08T14:01:21.6399498Z Metadata: read
end-workflow	Set up job	2025-04-08T14:01:21.6399772Z PullRequests: write
end-workflow	Set up job	2025-04-08T14:01:21.6400092Z ##[endgroup]
end-workflow	Set up job	2025-04-08T14:01:21.6401322Z Secret source: Actions
end-workflow	Set up job	2025-04-08T14:01:21.6401689Z Prepare workflow directory
end-workflow	Set up job	2025-04-08T14:01:21.6790781Z Prepare all required actions
end-workflow	Set up job	2025-04-08T14:01:21.6817369Z Getting action download info
end-workflow	Set up job	2025-04-08T14:01:22.2334595Z Download action repository 'actions/checkout@v4' (SHA:11bd71901bbe5b1630ceea73d27597364c9af683)
end-workflow	Set up job	2025-04-08T14:01:23.0141808Z Complete job name: end-workflow
end-workflow	Checkout code	﻿2025-04-08T14:01:23.0434917Z ##[group]Run actions/checkout@v4
end-workflow	Checkout code	2025-04-08T14:01:23.0435490Z with:
end-workflow	Checkout code	2025-04-08T14:01:23.0435781Z   fetch-depth: 0
end-workflow	Checkout code	2025-04-08T14:01:23.0436316Z   token: ***
end-workflow	Checkout code	2025-04-08T14:01:23.0436619Z   repository: Ka0s-Klaus/ka0s
end-workflow	Checkout code	2025-04-08T14:01:23.0436971Z   ssh-strict: true
end-workflow	Checkout code	2025-04-08T14:01:23.0437270Z   ssh-user: git
end-workflow	Checkout code	2025-04-08T14:01:23.0437573Z   persist-credentials: true
end-workflow	Checkout code	2025-04-08T14:01:23.0437911Z   clean: true
end-workflow	Checkout code	2025-04-08T14:01:23.0438215Z   sparse-checkout-cone-mode: true
end-workflow	Checkout code	2025-04-08T14:01:23.0438583Z   fetch-tags: false
end-workflow	Checkout code	2025-04-08T14:01:23.0438891Z   show-progress: true
end-workflow	Checkout code	2025-04-08T14:01:23.0439200Z   lfs: false
end-workflow	Checkout code	2025-04-08T14:01:23.0439478Z   submodules: false
end-workflow	Checkout code	2025-04-08T14:01:23.0439805Z   set-safe-directory: true
end-workflow	Checkout code	2025-04-08T14:01:23.0461478Z env:
end-workflow	Checkout code	2025-04-08T14:01:23.0462118Z   KAOS_MODULE: [Ka0S] YAMLLINT
end-workflow	Checkout code	2025-04-08T14:01:23.0462662Z   GH_TOKEN: ***
end-workflow	Checkout code	2025-04-08T14:01:23.0463007Z   KAOS_YAMLLINT_CONFIG: core/config/.yamllint.json
end-workflow	Checkout code	2025-04-08T14:01:23.0463447Z   KAOS_PATH_RESUME: core/results/y/
end-workflow	Checkout code	2025-04-08T14:01:23.0463882Z   KAOS_REPO: /actions-runner/_work/kaos/kaos
end-workflow	Checkout code	2025-04-08T14:01:23.0464287Z   KAOS_STEP_MODULE: 
end-workflow	Checkout code	2025-04-08T14:01:23.0464601Z   KAOS_CODE: 14335518272
end-workflow	Checkout code	2025-04-08T14:01:23.0464912Z ##[endgroup]
end-workflow	Checkout code	2025-04-08T14:01:23.1186752Z Syncing repository: Ka0s-Klaus/ka0s
end-workflow	Checkout code	2025-04-08T14:01:23.1188070Z ##[group]Getting Git version info
end-workflow	Checkout code	2025-04-08T14:01:23.1188558Z Working directory is '/actions-runner/_work/ka0s/ka0s'
end-workflow	Checkout code	2025-04-08T14:01:23.1189299Z [command]/usr/bin/git version
end-workflow	Checkout code	2025-04-08T14:01:23.1189675Z git version 2.43.0
end-workflow	Checkout code	2025-04-08T14:01:23.1197931Z ##[endgroup]
end-workflow	Checkout code	2025-04-08T14:01:23.1213023Z Temporarily overriding HOME='/actions-runner/_work/_temp/8990df1f-3633-4acd-9210-bf1e1cdf517e' before making global git config changes
end-workflow	Checkout code	2025-04-08T14:01:23.1214227Z Adding repository directory to the temporary git global config as a safe directory
end-workflow	Checkout code	2025-04-08T14:01:23.1217735Z [command]/usr/bin/git config --global --add safe.directory /actions-runner/_work/ka0s/ka0s
end-workflow	Checkout code	2025-04-08T14:01:23.1255713Z [command]/usr/bin/git config --local --get remote.origin.url
end-workflow	Checkout code	2025-04-08T14:01:23.1274634Z https://github.com/Ka0s-Klaus/ka0s
end-workflow	Checkout code	2025-04-08T14:01:23.1294062Z ##[group]Removing previously created refs, to avoid conflicts
end-workflow	Checkout code	2025-04-08T14:01:23.1299551Z [command]/usr/bin/git rev-parse --symbolic-full-name --verify --quiet HEAD
end-workflow	Checkout code	2025-04-08T14:01:23.1325533Z refs/heads/H306-ficheros-de-estadisticas
end-workflow	Checkout code	2025-04-08T14:01:23.1336806Z [command]/usr/bin/git checkout --detach
end-workflow	Checkout code	2025-04-08T14:01:23.3494981Z HEAD is now at 7e57f72 YAML PRUEBA
end-workflow	Checkout code	2025-04-08T14:01:23.3536490Z [command]/usr/bin/git branch --delete --force H306-ficheros-de-estadisticas
end-workflow	Checkout code	2025-04-08T14:01:23.3565872Z Deleted branch H306-ficheros-de-estadisticas (was 7e57f72).
end-workflow	Checkout code	2025-04-08T14:01:23.3617311Z ##[endgroup]
end-workflow	Checkout code	2025-04-08T14:01:23.3618340Z [command]/usr/bin/git submodule status
end-workflow	Checkout code	2025-04-08T14:01:23.3859095Z ##[group]Cleaning the repository
end-workflow	Checkout code	2025-04-08T14:01:23.3860201Z [command]/usr/bin/git clean -ffdx
end-workflow	Checkout code	2025-04-08T14:01:23.3918282Z [command]/usr/bin/git reset --hard HEAD
end-workflow	Checkout code	2025-04-08T14:01:23.4011860Z HEAD is now at 7e57f72 YAML PRUEBA
end-workflow	Checkout code	2025-04-08T14:01:23.4014518Z ##[endgroup]
end-workflow	Checkout code	2025-04-08T14:01:23.4015506Z ##[group]Disabling automatic garbage collection
end-workflow	Checkout code	2025-04-08T14:01:23.4017172Z [command]/usr/bin/git config --local gc.auto 0
end-workflow	Checkout code	2025-04-08T14:01:23.4045199Z ##[endgroup]
end-workflow	Checkout code	2025-04-08T14:01:23.4046294Z ##[group]Setting up auth
end-workflow	Checkout code	2025-04-08T14:01:23.4047308Z [command]/usr/bin/git config --local --name-only --get-regexp core\.sshCommand
end-workflow	Checkout code	2025-04-08T14:01:23.4080545Z [command]/usr/bin/git submodule foreach --recursive sh -c "git config --local --name-only --get-regexp 'core\.sshCommand' && git config --local --unset-all 'core.sshCommand' || :"
end-workflow	Checkout code	2025-04-08T14:01:23.4329115Z [command]/usr/bin/git config --local --name-only --get-regexp http\.https\:\/\/github\.com\/\.extraheader
end-workflow	Checkout code	2025-04-08T14:01:23.4354614Z [command]/usr/bin/git submodule foreach --recursive sh -c "git config --local --name-only --get-regexp 'http\.https\:\/\/github\.com\/\.extraheader' && git config --local --unset-all 'http.https://github.com/.extraheader' || :"
end-workflow	Checkout code	2025-04-08T14:01:23.4599630Z [command]/usr/bin/git config --local http.https://github.com/.extraheader AUTHORIZATION: basic ***
end-workflow	Checkout code	2025-04-08T14:01:23.4635079Z ##[endgroup]
end-workflow	Checkout code	2025-04-08T14:01:23.4635667Z ##[group]Fetching the repository
end-workflow	Checkout code	2025-04-08T14:01:23.4643435Z [command]/usr/bin/git -c protocol.version=2 fetch --prune --no-recurse-submodules origin +refs/heads/*:refs/remotes/origin/* +refs/tags/*:refs/tags/*
end-workflow	Checkout code	2025-04-08T14:01:23.9275118Z From https://github.com/Ka0s-Klaus/ka0s
end-workflow	Checkout code	2025-04-08T14:01:23.9276192Z    7e57f72..644bb54  H306-ficheros-de-estadisticas -> origin/H306-ficheros-de-estadisticas
end-workflow	Checkout code	2025-04-08T14:01:23.9352497Z [command]/usr/bin/git branch --list --remote origin/H306-ficheros-de-estadisticas
end-workflow	Checkout code	2025-04-08T14:01:23.9375657Z   origin/H306-ficheros-de-estadisticas
end-workflow	Checkout code	2025-04-08T14:01:23.9390253Z [command]/usr/bin/git rev-parse refs/remotes/origin/H306-ficheros-de-estadisticas
end-workflow	Checkout code	2025-04-08T14:01:23.9410224Z 644bb5446357e1a18ef3b2e7f1321d4825b0a698
end-workflow	Checkout code	2025-04-08T14:01:23.9417458Z ##[endgroup]
end-workflow	Checkout code	2025-04-08T14:01:23.9418086Z ##[group]Determining the checkout info
end-workflow	Checkout code	2025-04-08T14:01:23.9418656Z ##[endgroup]
end-workflow	Checkout code	2025-04-08T14:01:23.9425025Z [command]/usr/bin/git sparse-checkout disable
end-workflow	Checkout code	2025-04-08T14:01:23.9479021Z [command]/usr/bin/git config --local --unset-all extensions.worktreeConfig
end-workflow	Checkout code	2025-04-08T14:01:23.9509484Z ##[group]Checking out the ref
end-workflow	Checkout code	2025-04-08T14:01:23.9517700Z [command]/usr/bin/git checkout --progress --force -B H306-ficheros-de-estadisticas refs/remotes/origin/H306-ficheros-de-estadisticas
end-workflow	Checkout code	2025-04-08T14:01:23.9605675Z Previous HEAD position was 7e57f72 YAML PRUEBA
end-workflow	Checkout code	2025-04-08T14:01:23.9613950Z Switched to a new branch 'H306-ficheros-de-estadisticas'
end-workflow	Checkout code	2025-04-08T14:01:23.9614753Z branch 'H306-ficheros-de-estadisticas' set up to track 'origin/H306-ficheros-de-estadisticas'.
end-workflow	Checkout code	2025-04-08T14:01:23.9622271Z ##[endgroup]
end-workflow	Checkout code	2025-04-08T14:01:23.9661357Z [command]/usr/bin/git log -1 --format=%H
end-workflow	Checkout code	2025-04-08T14:01:23.9682319Z 644bb5446357e1a18ef3b2e7f1321d4825b0a698
end-workflow	Finaliza el workflow	﻿2025-04-08T14:01:23.9868967Z ##[group]Run echo "End process"
end-workflow	Finaliza el workflow	2025-04-08T14:01:23.9869651Z [36;1mecho "End process"[0m
end-workflow	Finaliza el workflow	2025-04-08T14:01:23.9870280Z [36;1mRNNUMBER=$(echo "refs/heads/H306-ficheros-de-estadisticas" | grep -o '[0-9]*')[0m
end-workflow	Finaliza el workflow	2025-04-08T14:01:23.9871283Z [36;1mgh issue comment $RNNUMBER --body "Se finaliza Ka0s 14335518272"[0m
end-workflow	Finaliza el workflow	2025-04-08T14:01:23.9872207Z [36;1mgh workflow run inspector.yml --ref 'main' -f kaos-issue-id=$RNNUMBER -f kaos-workflow-id="14335518272" -f kaos-user-start=""[0m
end-workflow	Finaliza el workflow	2025-04-08T14:01:23.9879110Z shell: /usr/bin/bash -e {0}
end-workflow	Finaliza el workflow	2025-04-08T14:01:23.9879763Z env:
end-workflow	Finaliza el workflow	2025-04-08T14:01:23.9880127Z   KAOS_MODULE: [Ka0S] YAMLLINT
end-workflow	Finaliza el workflow	2025-04-08T14:01:23.9880684Z   GH_TOKEN: ***
end-workflow	Finaliza el workflow	2025-04-08T14:01:23.9881051Z   KAOS_YAMLLINT_CONFIG: core/config/.yamllint.json
end-workflow	Finaliza el workflow	2025-04-08T14:01:23.9881542Z   KAOS_PATH_RESUME: core/results/y/
end-workflow	Finaliza el workflow	2025-04-08T14:01:23.9881934Z   KAOS_REPO: /actions-runner/_work/kaos/kaos
end-workflow	Finaliza el workflow	2025-04-08T14:01:23.9882347Z   KAOS_STEP_MODULE: 
end-workflow	Finaliza el workflow	2025-04-08T14:01:23.9882693Z   KAOS_CODE: 14335518272
end-workflow	Finaliza el workflow	2025-04-08T14:01:23.9883103Z ##[endgroup]
end-workflow	Finaliza el workflow	2025-04-08T14:01:23.9923701Z End process
end-workflow	Finaliza el workflow	2025-04-08T14:01:26.5785942Z https://github.com/Ka0s-Klaus/ka0s/issues/306#issuecomment-2786547324
end-workflow	Post Checkout code	﻿2025-04-08T14:01:27.1739184Z Post job cleanup.
end-workflow	Post Checkout code	2025-04-08T14:01:27.2377015Z [command]/usr/bin/git version
end-workflow	Post Checkout code	2025-04-08T14:01:27.2405502Z git version 2.43.0
end-workflow	Post Checkout code	2025-04-08T14:01:27.2435696Z Temporarily overriding HOME='/actions-runner/_work/_temp/214d15d3-863b-4ac6-972d-bb5118c347b1' before making global git config changes
end-workflow	Post Checkout code	2025-04-08T14:01:27.2439889Z Adding repository directory to the temporary git global config as a safe directory
end-workflow	Post Checkout code	2025-04-08T14:01:27.2440868Z [command]/usr/bin/git config --global --add safe.directory /actions-runner/_work/ka0s/ka0s
end-workflow	Post Checkout code	2025-04-08T14:01:27.2487925Z [command]/usr/bin/git config --local --name-only --get-regexp core\.sshCommand
end-workflow	Post Checkout code	2025-04-08T14:01:27.2520718Z [command]/usr/bin/git submodule foreach --recursive sh -c "git config --local --name-only --get-regexp 'core\.sshCommand' && git config --local --unset-all 'core.sshCommand' || :"
end-workflow	Post Checkout code	2025-04-08T14:01:27.2763998Z [command]/usr/bin/git config --local --name-only --get-regexp http\.https\:\/\/github\.com\/\.extraheader
end-workflow	Post Checkout code	2025-04-08T14:01:27.2789580Z http.https://github.com/.extraheader
end-workflow	Post Checkout code	2025-04-08T14:01:27.2805113Z [command]/usr/bin/git config --local --unset-all http.https://github.com/.extraheader
end-workflow	Post Checkout code	2025-04-08T14:01:27.2832488Z [command]/usr/bin/git submodule foreach --recursive sh -c "git config --local --name-only --get-regexp 'http\.https\:\/\/github\.com\/\.extraheader' && git config --local --unset-all 'http.https://github.com/.extraheader' || :"
end-workflow	Complete job	﻿2025-04-08T14:01:27.3183974Z Cleaning up orphan processes
