job-core	Set up job	ï»¿2025-04-09T13:50:50.8333451Z Current runner version: '2.323.0'
job-core	Set up job	2025-04-09T13:50:50.8343590Z Runner name: 'ka0s-3'
job-core	Set up job	2025-04-09T13:50:50.8344804Z Machine name: '419612ea1a87'
job-core	Set up job	2025-04-09T13:50:50.8348451Z ##[group]GITHUB_TOKEN Permissions
job-core	Set up job	2025-04-09T13:50:50.8351615Z Actions: write
job-core	Set up job	2025-04-09T13:50:50.8352833Z Contents: write
job-core	Set up job	2025-04-09T13:50:50.8353624Z Issues: write
job-core	Set up job	2025-04-09T13:50:50.8354278Z Metadata: read
job-core	Set up job	2025-04-09T13:50:50.8354977Z PullRequests: write
job-core	Set up job	2025-04-09T13:50:50.8355580Z ##[endgroup]
job-core	Set up job	2025-04-09T13:50:50.8358418Z Secret source: Actions
job-core	Set up job	2025-04-09T13:50:50.8359329Z Prepare workflow directory
job-core	Set up job	2025-04-09T13:50:50.9288838Z Prepare all required actions
job-core	Set up job	2025-04-09T13:50:50.9341600Z Getting action download info
job-core	Set up job	2025-04-09T13:50:55.3269262Z Download action repository 'actions/checkout@v4' (SHA:11bd71901bbe5b1630ceea73d27597364c9af683)
job-core	Set up job	2025-04-09T13:51:32.8484349Z Download action repository 'actions/setup-node@v2' (SHA:7c12f8017d5436eb855f1ed4399f037a36fbd9e8)
job-core	Set up job	2025-04-09T13:52:06.0929971Z Complete job name: job-core
job-core	Checkout code	ï»¿2025-04-09T13:52:06.1620449Z ##[group]Run actions/checkout@v4
job-core	Checkout code	2025-04-09T13:52:06.1621672Z with:
job-core	Checkout code	2025-04-09T13:52:06.1621991Z   fetch-depth: 0
job-core	Checkout code	2025-04-09T13:52:06.1623264Z   token: ***
job-core	Checkout code	2025-04-09T13:52:06.1623713Z   repository: Ka0s-Klaus/ka0s
job-core	Checkout code	2025-04-09T13:52:06.1624065Z   ssh-strict: true
job-core	Checkout code	2025-04-09T13:52:06.1624358Z   ssh-user: git
job-core	Checkout code	2025-04-09T13:52:06.1624664Z   persist-credentials: true
job-core	Checkout code	2025-04-09T13:52:06.1624996Z   clean: true
job-core	Checkout code	2025-04-09T13:52:06.1625304Z   sparse-checkout-cone-mode: true
job-core	Checkout code	2025-04-09T13:52:06.1625682Z   fetch-tags: false
job-core	Checkout code	2025-04-09T13:52:06.1625987Z   show-progress: true
job-core	Checkout code	2025-04-09T13:52:06.1626313Z   lfs: false
job-core	Checkout code	2025-04-09T13:52:06.1626588Z   submodules: false
job-core	Checkout code	2025-04-09T13:52:06.1626899Z   set-safe-directory: true
job-core	Checkout code	2025-04-09T13:52:06.1627576Z env:
job-core	Checkout code	2025-04-09T13:52:06.1627886Z   KAOS_MODULE: [Ka0S] HTMLLINT
job-core	Checkout code	2025-04-09T13:52:06.1628417Z   GH_TOKEN: ***
job-core	Checkout code	2025-04-09T13:52:06.1628762Z   KAOS_HTMLLINT_CONFIG: core/config/.htmllintrc
job-core	Checkout code	2025-04-09T13:52:06.1629199Z   KAOS_PATH_RESUME: core/outputs/h/
job-core	Checkout code	2025-04-09T13:52:06.1629701Z   KAOS_REPO: /actions-runner/_work/kaos/kaos
job-core	Checkout code	2025-04-09T13:52:06.1630102Z   KAOS_STEP_MODULE: 
job-core	Checkout code	2025-04-09T13:52:06.1630415Z   KAOS_CODE: 14358885575
job-core	Checkout code	2025-04-09T13:52:06.1630731Z   KAOS_REF_BRANCH: main
job-core	Checkout code	2025-04-09T13:52:06.1631038Z ##[endgroup]
job-core	Checkout code	2025-04-09T13:52:06.3196130Z Syncing repository: Ka0s-Klaus/ka0s
job-core	Checkout code	2025-04-09T13:52:06.3198327Z ##[group]Getting Git version info
job-core	Checkout code	2025-04-09T13:52:06.3199236Z Working directory is '/actions-runner/_work/ka0s/ka0s'
job-core	Checkout code	2025-04-09T13:52:06.3200082Z [command]/usr/bin/git version
job-core	Checkout code	2025-04-09T13:52:06.3200521Z git version 2.48.1
job-core	Checkout code	2025-04-09T13:52:06.3239949Z ##[endgroup]
job-core	Checkout code	2025-04-09T13:52:06.3258406Z Copying '/home/kaos/.gitconfig' to '/actions-runner/_work/_temp/a88541cb-624d-47fc-b265-025ae19bd4f6/.gitconfig'
job-core	Checkout code	2025-04-09T13:52:06.3277017Z Temporarily overriding HOME='/actions-runner/_work/_temp/a88541cb-624d-47fc-b265-025ae19bd4f6' before making global git config changes
job-core	Checkout code	2025-04-09T13:52:06.3287193Z Adding repository directory to the temporary git global config as a safe directory
job-core	Checkout code	2025-04-09T13:52:06.3288540Z [command]/usr/bin/git config --global --add safe.directory /actions-runner/_work/ka0s/ka0s
job-core	Checkout code	2025-04-09T13:52:06.3356013Z [command]/usr/bin/git config --local --get remote.origin.url
job-core	Checkout code	2025-04-09T13:52:06.3387311Z https://github.com/Ka0s-Klaus/ka0s
job-core	Checkout code	2025-04-09T13:52:06.3415744Z ##[group]Removing previously created refs, to avoid conflicts
job-core	Checkout code	2025-04-09T13:52:06.3422495Z [command]/usr/bin/git rev-parse --symbolic-full-name --verify --quiet HEAD
job-core	Checkout code	2025-04-09T13:52:06.3457507Z refs/heads/H306-ficheros-de-estadisticas
job-core	Checkout code	2025-04-09T13:52:06.3474125Z [command]/usr/bin/git checkout --detach
job-core	Checkout code	2025-04-09T13:52:06.3753165Z HEAD is now at f4951bc [Ka0S] Uploading resume execution files to the repository...
job-core	Checkout code	2025-04-09T13:52:06.3822500Z [command]/usr/bin/git branch --delete --force H306-ficheros-de-estadisticas
job-core	Checkout code	2025-04-09T13:52:06.3866268Z Deleted branch H306-ficheros-de-estadisticas (was f4951bc).
job-core	Checkout code	2025-04-09T13:52:06.3941400Z ##[endgroup]
job-core	Checkout code	2025-04-09T13:52:06.3947842Z [command]/usr/bin/git submodule status
job-core	Checkout code	2025-04-09T13:52:06.4360194Z ##[group]Cleaning the repository
job-core	Checkout code	2025-04-09T13:52:06.4361665Z [command]/usr/bin/git clean -ffdx
job-core	Checkout code	2025-04-09T13:52:06.4440694Z [command]/usr/bin/git reset --hard HEAD
job-core	Checkout code	2025-04-09T13:52:06.4742747Z HEAD is now at f4951bc [Ka0S] Uploading resume execution files to the repository...
job-core	Checkout code	2025-04-09T13:52:06.4758259Z ##[endgroup]
job-core	Checkout code	2025-04-09T13:52:06.4761655Z ##[group]Disabling automatic garbage collection
job-core	Checkout code	2025-04-09T13:52:06.4773615Z [command]/usr/bin/git config --local gc.auto 0
job-core	Checkout code	2025-04-09T13:52:06.4832747Z ##[endgroup]
job-core	Checkout code	2025-04-09T13:52:06.4833526Z ##[group]Setting up auth
job-core	Checkout code	2025-04-09T13:52:06.4844901Z [command]/usr/bin/git config --local --name-only --get-regexp core\.sshCommand
job-core	Checkout code	2025-04-09T13:52:06.4894569Z [command]/usr/bin/git submodule foreach --recursive sh -c "git config --local --name-only --get-regexp 'core\.sshCommand' && git config --local --unset-all 'core.sshCommand' || :"
job-core	Checkout code	2025-04-09T13:52:06.5291882Z [command]/usr/bin/git config --local --name-only --get-regexp http\.https\:\/\/github\.com\/\.extraheader
job-core	Checkout code	2025-04-09T13:52:06.5340101Z [command]/usr/bin/git submodule foreach --recursive sh -c "git config --local --name-only --get-regexp 'http\.https\:\/\/github\.com\/\.extraheader' && git config --local --unset-all 'http.https://github.com/.extraheader' || :"
job-core	Checkout code	2025-04-09T13:52:06.5745990Z [command]/usr/bin/git config --local http.https://github.com/.extraheader AUTHORIZATION: basic ***
job-core	Checkout code	2025-04-09T13:52:06.5802877Z ##[endgroup]
job-core	Checkout code	2025-04-09T13:52:06.5803675Z ##[group]Fetching the repository
job-core	Checkout code	2025-04-09T13:52:06.5814994Z [command]/usr/bin/git -c protocol.version=2 fetch --prune --no-recurse-submodules origin +refs/heads/*:refs/remotes/origin/* +refs/tags/*:refs/tags/*
job-core	Checkout code	2025-04-09T13:52:08.7387542Z From https://github.com/Ka0s-Klaus/ka0s
job-core	Checkout code	2025-04-09T13:52:08.7389461Z    91ec878..421cb65  H220-web-de-resultados -> origin/H220-web-de-resultados
job-core	Checkout code	2025-04-09T13:52:08.7391559Z    f4951bc..5079c9f  H306-ficheros-de-estadisticas -> origin/H306-ficheros-de-estadisticas
job-core	Checkout code	2025-04-09T13:52:08.7467868Z [command]/usr/bin/git branch --list --remote origin/H220-web-de-resultados
job-core	Checkout code	2025-04-09T13:52:08.7505905Z   origin/H220-web-de-resultados
job-core	Checkout code	2025-04-09T13:52:08.7517523Z [command]/usr/bin/git rev-parse refs/remotes/origin/H220-web-de-resultados
job-core	Checkout code	2025-04-09T13:52:08.7550473Z 421cb65e5a560f48163fb64c10c9c1ce1c49e8a3
job-core	Checkout code	2025-04-09T13:52:08.7557529Z ##[endgroup]
job-core	Checkout code	2025-04-09T13:52:08.7558381Z ##[group]Determining the checkout info
job-core	Checkout code	2025-04-09T13:52:08.7559496Z ##[endgroup]
job-core	Checkout code	2025-04-09T13:52:08.7567569Z [command]/usr/bin/git sparse-checkout disable
job-core	Checkout code	2025-04-09T13:52:08.7653970Z [command]/usr/bin/git config --local --unset-all extensions.worktreeConfig
job-core	Checkout code	2025-04-09T13:52:08.7701668Z ##[group]Checking out the ref
job-core	Checkout code	2025-04-09T13:52:08.7702969Z [command]/usr/bin/git checkout --progress --force -B H220-web-de-resultados refs/remotes/origin/H220-web-de-resultados
job-core	Checkout code	2025-04-09T13:52:08.8283952Z Previous HEAD position was f4951bc [Ka0S] Uploading resume execution files to the repository...
job-core	Checkout code	2025-04-09T13:52:08.8286146Z Switched to a new branch 'H220-web-de-resultados'
job-core	Checkout code	2025-04-09T13:52:08.8287600Z branch 'H220-web-de-resultados' set up to track 'origin/H220-web-de-resultados'.
job-core	Checkout code	2025-04-09T13:52:08.8313714Z ##[endgroup]
job-core	Checkout code	2025-04-09T13:52:08.8434883Z [command]/usr/bin/git log -1 --format=%H
job-core	Checkout code	2025-04-09T13:52:08.8506536Z 421cb65e5a560f48163fb64c10c9c1ce1c49e8a3
job-core	Install Node.js	ï»¿2025-04-09T13:52:08.8828981Z ##[group]Run actions/setup-node@v2
job-core	Install Node.js	2025-04-09T13:52:08.8829368Z with:
job-core	Install Node.js	2025-04-09T13:52:08.8829600Z   node-version: 14
job-core	Install Node.js	2025-04-09T13:52:08.8829847Z   always-auth: false
job-core	Install Node.js	2025-04-09T13:52:08.8830111Z   check-latest: false
job-core	Install Node.js	2025-04-09T13:52:08.8830754Z   token: ***
job-core	Install Node.js	2025-04-09T13:52:08.8830988Z env:
job-core	Install Node.js	2025-04-09T13:52:08.8831225Z   KAOS_MODULE: [Ka0S] HTMLLINT
job-core	Install Node.js	2025-04-09T13:52:08.8831643Z   GH_TOKEN: ***
job-core	Install Node.js	2025-04-09T13:52:08.8831965Z   KAOS_HTMLLINT_CONFIG: core/config/.htmllintrc
job-core	Install Node.js	2025-04-09T13:52:08.8833190Z   KAOS_PATH_RESUME: core/outputs/h/
job-core	Install Node.js	2025-04-09T13:52:08.8833737Z   KAOS_REPO: /actions-runner/_work/kaos/kaos
job-core	Install Node.js	2025-04-09T13:52:08.8834778Z   KAOS_STEP_MODULE: 
job-core	Install Node.js	2025-04-09T13:52:08.8835896Z   KAOS_CODE: 14358885575
job-core	Install Node.js	2025-04-09T13:52:08.8836565Z   KAOS_REF_BRANCH: main
job-core	Install Node.js	2025-04-09T13:52:08.8836957Z ##[endgroup]
job-core	Install Node.js	2025-04-09T13:52:09.0735482Z Attempting to download 14...
job-core	Install Node.js	2025-04-09T13:53:55.4975280Z Acquiring 14.21.3 - x64 from https://github.com/actions/node-versions/releases/download/14.21.3-4202774076/node-14.21.3-linux-x64.tar.gz
job-core	Install Node.js	2025-04-09T19:50:46.1477874Z ##[error]The operation was canceled.
job-core	Post Checkout code	ï»¿2025-04-09T19:50:46.1671075Z Post job cleanup.
job-core	Post Checkout code	2025-04-09T19:50:46.2968199Z [command]/usr/bin/git version
job-core	Post Checkout code	2025-04-09T19:50:46.3017326Z git version 2.48.1
job-core	Post Checkout code	2025-04-09T19:50:46.3070292Z Copying '/home/kaos/.gitconfig' to '/actions-runner/_work/_temp/1cbdece0-ce88-4ccf-89dc-25ecdd79f868/.gitconfig'
job-core	Post Checkout code	2025-04-09T19:50:46.3088952Z Temporarily overriding HOME='/actions-runner/_work/_temp/1cbdece0-ce88-4ccf-89dc-25ecdd79f868' before making global git config changes
job-core	Post Checkout code	2025-04-09T19:50:46.3091659Z Adding repository directory to the temporary git global config as a safe directory
job-core	Post Checkout code	2025-04-09T19:50:46.3097107Z [command]/usr/bin/git config --global --add safe.directory /actions-runner/_work/ka0s/ka0s
job-core	Post Checkout code	2025-04-09T19:50:46.3149347Z [command]/usr/bin/git config --local --name-only --get-regexp core\.sshCommand
job-core	Post Checkout code	2025-04-09T19:50:46.3212660Z [command]/usr/bin/git submodule foreach --recursive sh -c "git config --local --name-only --get-regexp 'core\.sshCommand' && git config --local --unset-all 'core.sshCommand' || :"
job-core	Post Checkout code	2025-04-09T19:50:46.3606537Z [command]/usr/bin/git config --local --name-only --get-regexp http\.https\:\/\/github\.com\/\.extraheader
job-core	Post Checkout code	2025-04-09T19:50:46.3639589Z http.https://github.com/.extraheader
job-core	Post Checkout code	2025-04-09T19:50:46.3658999Z [command]/usr/bin/git config --local --unset-all http.https://github.com/.extraheader
job-core	Post Checkout code	2025-04-09T19:50:46.3708589Z [command]/usr/bin/git submodule foreach --recursive sh -c "git config --local --name-only --get-regexp 'http\.https\:\/\/github\.com\/\.extraheader' && git config --local --unset-all 'http.https://github.com/.extraheader' || :"
job-core	Complete job	ï»¿2025-04-09T19:50:46.4227213Z Cleaning up orphan processes
end-workflow	Set up job	ï»¿2025-04-09T19:51:00.0665557Z Current runner version: '2.323.0'
end-workflow	Set up job	2025-04-09T19:51:00.0675787Z Runner name: 'ka0s-1'
end-workflow	Set up job	2025-04-09T19:51:00.0676995Z Machine name: '419612ea1a87'
end-workflow	Set up job	2025-04-09T19:51:00.0680656Z ##[group]GITHUB_TOKEN Permissions
end-workflow	Set up job	2025-04-09T19:51:00.0684235Z Actions: write
end-workflow	Set up job	2025-04-09T19:51:00.0685011Z Contents: write
end-workflow	Set up job	2025-04-09T19:51:00.0685808Z Issues: write
end-workflow	Set up job	2025-04-09T19:51:00.0686455Z Metadata: read
end-workflow	Set up job	2025-04-09T19:51:00.0687133Z PullRequests: write
end-workflow	Set up job	2025-04-09T19:51:00.0687885Z ##[endgroup]
end-workflow	Set up job	2025-04-09T19:51:00.0691059Z Secret source: Actions
end-workflow	Set up job	2025-04-09T19:51:00.0769681Z Prepare workflow directory
end-workflow	Set up job	2025-04-09T19:51:00.1609664Z Prepare all required actions
end-workflow	Set up job	2025-04-09T19:51:00.1665334Z Getting action download info
end-workflow	Set up job	2025-04-09T19:51:00.9705207Z Download action repository 'actions/checkout@v4' (SHA:11bd71901bbe5b1630ceea73d27597364c9af683)
end-workflow	Set up job	2025-04-09T19:51:03.7836477Z Complete job name: end-workflow
end-workflow	Checkout code	ï»¿2025-04-09T19:51:03.8599431Z ##[group]Run actions/checkout@v4
end-workflow	Checkout code	2025-04-09T19:51:03.8601134Z with:
end-workflow	Checkout code	2025-04-09T19:51:03.8601991Z   fetch-depth: 0
end-workflow	Checkout code	2025-04-09T19:51:03.8604239Z   token: ***
end-workflow	Checkout code	2025-04-09T19:51:03.8605171Z   repository: Ka0s-Klaus/ka0s
end-workflow	Checkout code	2025-04-09T19:51:03.8606294Z   ssh-strict: true
end-workflow	Checkout code	2025-04-09T19:51:03.8607224Z   ssh-user: git
end-workflow	Checkout code	2025-04-09T19:51:03.8608162Z   persist-credentials: true
end-workflow	Checkout code	2025-04-09T19:51:03.8609228Z   clean: true
end-workflow	Checkout code	2025-04-09T19:51:03.8610183Z   sparse-checkout-cone-mode: true
end-workflow	Checkout code	2025-04-09T19:51:03.8611372Z   fetch-tags: false
end-workflow	Checkout code	2025-04-09T19:51:03.8612765Z   show-progress: true
end-workflow	Checkout code	2025-04-09T19:51:03.8613753Z   lfs: false
end-workflow	Checkout code	2025-04-09T19:51:03.8614638Z   submodules: false
end-workflow	Checkout code	2025-04-09T19:51:03.8615615Z   set-safe-directory: true
end-workflow	Checkout code	2025-04-09T19:51:03.8617008Z env:
end-workflow	Checkout code	2025-04-09T19:51:03.8617863Z   KAOS_MODULE: [Ka0S] HTMLLINT
end-workflow	Checkout code	2025-04-09T19:51:03.8619310Z   GH_TOKEN: ***
end-workflow	Checkout code	2025-04-09T19:51:03.8620371Z   KAOS_HTMLLINT_CONFIG: core/config/.htmllintrc
end-workflow	Checkout code	2025-04-09T19:51:03.8621767Z   KAOS_PATH_RESUME: core/outputs/h/
end-workflow	Checkout code	2025-04-09T19:51:03.8623555Z   KAOS_REPO: /actions-runner/_work/kaos/kaos
end-workflow	Checkout code	2025-04-09T19:51:03.8624885Z   KAOS_STEP_MODULE: 
end-workflow	Checkout code	2025-04-09T19:51:03.8625858Z   KAOS_CODE: 14358885575
end-workflow	Checkout code	2025-04-09T19:51:03.8626884Z   KAOS_REF_BRANCH: main
end-workflow	Checkout code	2025-04-09T19:51:03.8627856Z ##[endgroup]
end-workflow	Checkout code	2025-04-09T19:51:04.0155388Z Syncing repository: Ka0s-Klaus/ka0s
end-workflow	Checkout code	2025-04-09T19:51:04.0159085Z ##[group]Getting Git version info
end-workflow	Checkout code	2025-04-09T19:51:04.0160773Z Working directory is '/actions-runner/_work/ka0s/ka0s'
end-workflow	Checkout code	2025-04-09T19:51:04.0163461Z [command]/usr/bin/git version
end-workflow	Checkout code	2025-04-09T19:51:04.0164697Z git version 2.48.1
end-workflow	Checkout code	2025-04-09T19:51:04.0220047Z ##[endgroup]
end-workflow	Checkout code	2025-04-09T19:51:04.0237042Z Copying '/home/kaos/.gitconfig' to '/actions-runner/_work/_temp/45d2217e-3381-4d36-831c-6cc4a5c37908/.gitconfig'
end-workflow	Checkout code	2025-04-09T19:51:04.0247646Z Temporarily overriding HOME='/actions-runner/_work/_temp/45d2217e-3381-4d36-831c-6cc4a5c37908' before making global git config changes
end-workflow	Checkout code	2025-04-09T19:51:04.0256408Z Adding repository directory to the temporary git global config as a safe directory
end-workflow	Checkout code	2025-04-09T19:51:04.0262721Z [command]/usr/bin/git config --global --add safe.directory /actions-runner/_work/ka0s/ka0s
end-workflow	Checkout code	2025-04-09T19:51:04.0298445Z [command]/usr/bin/git config --local --get remote.origin.url
end-workflow	Checkout code	2025-04-09T19:51:04.0346986Z https://github.com/Ka0s-Klaus/ka0s
end-workflow	Checkout code	2025-04-09T19:51:04.0377611Z ##[group]Removing previously created refs, to avoid conflicts
end-workflow	Checkout code	2025-04-09T19:51:04.0382900Z [command]/usr/bin/git rev-parse --symbolic-full-name --verify --quiet HEAD
end-workflow	Checkout code	2025-04-09T19:51:04.0419746Z refs/heads/main
end-workflow	Checkout code	2025-04-09T19:51:04.0438065Z [command]/usr/bin/git checkout --detach
end-workflow	Checkout code	2025-04-09T19:51:04.0586428Z HEAD is now at 28a1b22 Merge pull request #310 from Ka0s-Klaus/H220-web-de-resultados
end-workflow	Checkout code	2025-04-09T19:51:04.0657993Z [command]/usr/bin/git branch --delete --force main
end-workflow	Checkout code	2025-04-09T19:51:04.0701360Z Deleted branch main (was 28a1b22).
end-workflow	Checkout code	2025-04-09T19:51:04.0798293Z ##[endgroup]
end-workflow	Checkout code	2025-04-09T19:51:04.0800298Z [command]/usr/bin/git submodule status
end-workflow	Checkout code	2025-04-09T19:51:04.1176856Z ##[group]Cleaning the repository
end-workflow	Checkout code	2025-04-09T19:51:04.1182567Z [command]/usr/bin/git clean -ffdx
end-workflow	Checkout code	2025-04-09T19:51:04.1261346Z [command]/usr/bin/git reset --hard HEAD
end-workflow	Checkout code	2025-04-09T19:51:04.1482820Z HEAD is now at 28a1b22 Merge pull request #310 from Ka0s-Klaus/H220-web-de-resultados
end-workflow	Checkout code	2025-04-09T19:51:04.1494791Z ##[endgroup]
end-workflow	Checkout code	2025-04-09T19:51:04.1497884Z ##[group]Disabling automatic garbage collection
end-workflow	Checkout code	2025-04-09T19:51:04.1502222Z [command]/usr/bin/git config --local gc.auto 0
end-workflow	Checkout code	2025-04-09T19:51:04.1547167Z ##[endgroup]
end-workflow	Checkout code	2025-04-09T19:51:04.1549944Z ##[group]Setting up auth
end-workflow	Checkout code	2025-04-09T19:51:04.1558864Z [command]/usr/bin/git config --local --name-only --get-regexp core\.sshCommand
end-workflow	Checkout code	2025-04-09T19:51:04.1619838Z [command]/usr/bin/git submodule foreach --recursive sh -c "git config --local --name-only --get-regexp 'core\.sshCommand' && git config --local --unset-all 'core.sshCommand' || :"
end-workflow	Checkout code	2025-04-09T19:51:04.2002887Z [command]/usr/bin/git config --local --name-only --get-regexp http\.https\:\/\/github\.com\/\.extraheader
end-workflow	Checkout code	2025-04-09T19:51:04.2087280Z [command]/usr/bin/git submodule foreach --recursive sh -c "git config --local --name-only --get-regexp 'http\.https\:\/\/github\.com\/\.extraheader' && git config --local --unset-all 'http.https://github.com/.extraheader' || :"
end-workflow	Checkout code	2025-04-09T19:51:04.2488691Z [command]/usr/bin/git config --local http.https://github.com/.extraheader AUTHORIZATION: basic ***
end-workflow	Checkout code	2025-04-09T19:51:04.2548774Z ##[endgroup]
end-workflow	Checkout code	2025-04-09T19:51:04.2550758Z ##[group]Fetching the repository
end-workflow	Checkout code	2025-04-09T19:51:04.2560752Z [command]/usr/bin/git -c protocol.version=2 fetch --prune --no-recurse-submodules origin +refs/heads/*:refs/remotes/origin/* +refs/tags/*:refs/tags/*
end-workflow	Checkout code	2025-04-09T19:51:05.5777492Z From https://github.com/Ka0s-Klaus/ka0s
end-workflow	Checkout code	2025-04-09T19:51:05.5778625Z    28a1b22..b4d90de  main       -> origin/main
end-workflow	Checkout code	2025-04-09T19:51:05.5860439Z [command]/usr/bin/git branch --list --remote origin/H220-web-de-resultados
end-workflow	Checkout code	2025-04-09T19:51:05.5910462Z   origin/H220-web-de-resultados
end-workflow	Checkout code	2025-04-09T19:51:05.5924828Z [command]/usr/bin/git rev-parse refs/remotes/origin/H220-web-de-resultados
end-workflow	Checkout code	2025-04-09T19:51:05.5957622Z e7f41a1e77c2360c3599734545e3e209387af002
end-workflow	Checkout code	2025-04-09T19:51:05.5973589Z [command]/usr/bin/git -c protocol.version=2 fetch --no-tags --prune --no-recurse-submodules origin +421cb65e5a560f48163fb64c10c9c1ce1c49e8a3:refs/remotes/origin/H220-web-de-resultados
end-workflow	Checkout code	2025-04-09T19:51:06.6172330Z From https://github.com/Ka0s-Klaus/ka0s
end-workflow	Checkout code	2025-04-09T19:51:06.6174238Z  + e7f41a1...421cb65 421cb65e5a560f48163fb64c10c9c1ce1c49e8a3 -> origin/H220-web-de-resultados  (forced update)
end-workflow	Checkout code	2025-04-09T19:51:06.6253015Z ##[endgroup]
end-workflow	Checkout code	2025-04-09T19:51:06.6254763Z ##[group]Determining the checkout info
end-workflow	Checkout code	2025-04-09T19:51:06.6258581Z ##[endgroup]
end-workflow	Checkout code	2025-04-09T19:51:06.6261976Z [command]/usr/bin/git sparse-checkout disable
end-workflow	Checkout code	2025-04-09T19:51:06.6351158Z [command]/usr/bin/git config --local --unset-all extensions.worktreeConfig
end-workflow	Checkout code	2025-04-09T19:51:06.6395254Z ##[group]Checking out the ref
end-workflow	Checkout code	2025-04-09T19:51:06.6403808Z [command]/usr/bin/git checkout --progress --force -B H220-web-de-resultados refs/remotes/origin/H220-web-de-resultados
end-workflow	Checkout code	2025-04-09T19:51:06.6953289Z Previous HEAD position was 28a1b22 Merge pull request #310 from Ka0s-Klaus/H220-web-de-resultados
end-workflow	Checkout code	2025-04-09T19:51:06.6967954Z Switched to a new branch 'H220-web-de-resultados'
end-workflow	Checkout code	2025-04-09T19:51:06.6975250Z branch 'H220-web-de-resultados' set up to track 'origin/H220-web-de-resultados'.
end-workflow	Checkout code	2025-04-09T19:51:06.6991974Z ##[endgroup]
end-workflow	Checkout code	2025-04-09T19:51:06.7053577Z [command]/usr/bin/git log -1 --format=%H
end-workflow	Checkout code	2025-04-09T19:51:06.7093304Z 421cb65e5a560f48163fb64c10c9c1ce1c49e8a3
end-workflow	Finaliza el workflow	ï»¿2025-04-09T19:51:06.7393377Z ##[group]Run echo "End process"
end-workflow	Finaliza el workflow	2025-04-09T19:51:06.7393914Z [36;1mecho "End process"[0m
end-workflow	Finaliza el workflow	2025-04-09T19:51:06.7394419Z [36;1mRNNUMBER=$(echo "refs/heads/H220-web-de-resultados" | grep -o '[0-9]*')[0m
end-workflow	Finaliza el workflow	2025-04-09T19:51:06.7395073Z [36;1mgh issue comment $RNNUMBER --body "Se finaliza Ka0s 14358885575"[0m
end-workflow	Finaliza el workflow	2025-04-09T19:51:06.7395908Z [36;1mgh workflow run inspector.yml --ref 'main' -f kaos-issue-id=$RNNUMBER -f kaos-workflow-id="14358885575" -f kaos-user-start=""[0m
end-workflow	Finaliza el workflow	2025-04-09T19:51:06.7411330Z shell: /usr/bin/bash -e {0}
end-workflow	Finaliza el workflow	2025-04-09T19:51:06.7411698Z env:
end-workflow	Finaliza el workflow	2025-04-09T19:51:06.7412834Z   KAOS_MODULE: [Ka0S] HTMLLINT
end-workflow	Finaliza el workflow	2025-04-09T19:51:06.7413403Z   GH_TOKEN: ***
end-workflow	Finaliza el workflow	2025-04-09T19:51:06.7413716Z   KAOS_HTMLLINT_CONFIG: core/config/.htmllintrc
end-workflow	Finaliza el workflow	2025-04-09T19:51:06.7414101Z   KAOS_PATH_RESUME: core/outputs/h/
end-workflow	Finaliza el workflow	2025-04-09T19:51:06.7414508Z   KAOS_REPO: /actions-runner/_work/kaos/kaos
end-workflow	Finaliza el workflow	2025-04-09T19:51:06.7414869Z   KAOS_STEP_MODULE: 
end-workflow	Finaliza el workflow	2025-04-09T19:51:06.7415142Z   KAOS_CODE: 14358885575
end-workflow	Finaliza el workflow	2025-04-09T19:51:06.7415442Z   KAOS_REF_BRANCH: main
end-workflow	Finaliza el workflow	2025-04-09T19:51:06.7415814Z ##[endgroup]
end-workflow	Finaliza el workflow	2025-04-09T19:51:06.7486821Z End process
end-workflow	Finaliza el workflow	2025-04-09T19:51:08.0499440Z https://github.com/Ka0s-Klaus/ka0s/issues/220#issuecomment-2790836442
end-workflow	Post Checkout code	ï»¿2025-04-09T19:51:09.0817149Z Post job cleanup.
end-workflow	Post Checkout code	2025-04-09T19:51:09.2103118Z [command]/usr/bin/git version
end-workflow	Post Checkout code	2025-04-09T19:51:09.2152510Z git version 2.48.1
end-workflow	Post Checkout code	2025-04-09T19:51:09.2206685Z Copying '/home/kaos/.gitconfig' to '/actions-runner/_work/_temp/20353701-71c6-4591-8774-f2dd81338da4/.gitconfig'
end-workflow	Post Checkout code	2025-04-09T19:51:09.2223839Z Temporarily overriding HOME='/actions-runner/_work/_temp/20353701-71c6-4591-8774-f2dd81338da4' before making global git config changes
end-workflow	Post Checkout code	2025-04-09T19:51:09.2226326Z Adding repository directory to the temporary git global config as a safe directory
end-workflow	Post Checkout code	2025-04-09T19:51:09.2235120Z [command]/usr/bin/git config --global --add safe.directory /actions-runner/_work/ka0s/ka0s
end-workflow	Post Checkout code	2025-04-09T19:51:09.2289456Z [command]/usr/bin/git config --local --name-only --get-regexp core\.sshCommand
end-workflow	Post Checkout code	2025-04-09T19:51:09.2351102Z [command]/usr/bin/git submodule foreach --recursive sh -c "git config --local --name-only --get-regexp 'core\.sshCommand' && git config --local --unset-all 'core.sshCommand' || :"
end-workflow	Post Checkout code	2025-04-09T19:51:09.2738693Z [command]/usr/bin/git config --local --name-only --get-regexp http\.https\:\/\/github\.com\/\.extraheader
end-workflow	Post Checkout code	2025-04-09T19:51:09.2781240Z http.https://github.com/.extraheader
end-workflow	Post Checkout code	2025-04-09T19:51:09.2800125Z [command]/usr/bin/git config --local --unset-all http.https://github.com/.extraheader
end-workflow	Post Checkout code	2025-04-09T19:51:09.2853467Z [command]/usr/bin/git submodule foreach --recursive sh -c "git config --local --name-only --get-regexp 'http\.https\:\/\/github\.com\/\.extraheader' && git config --local --unset-all 'http.https://github.com/.extraheader' || :"
end-workflow	Complete job	ï»¿2025-04-09T19:51:09.3404675Z Cleaning up orphan processes
