job-core	Set up job	﻿2025-04-09T06:45:58.3081935Z Current runner version: '2.323.0'
job-core	Set up job	2025-04-09T06:45:58.3086862Z Runner name: 'ka0s-7'
job-core	Set up job	2025-04-09T06:45:58.3087426Z Machine name: '26a53205c9ac'
job-core	Set up job	2025-04-09T06:45:58.3088977Z ##[group]GITHUB_TOKEN Permissions
job-core	Set up job	2025-04-09T06:45:58.3090435Z Actions: write
job-core	Set up job	2025-04-09T06:45:58.3090745Z Contents: write
job-core	Set up job	2025-04-09T06:45:58.3091041Z Issues: write
job-core	Set up job	2025-04-09T06:45:58.3091335Z Metadata: read
job-core	Set up job	2025-04-09T06:45:58.3091621Z PullRequests: write
job-core	Set up job	2025-04-09T06:45:58.3091909Z ##[endgroup]
job-core	Set up job	2025-04-09T06:45:58.3093781Z Secret source: Actions
job-core	Set up job	2025-04-09T06:45:58.3094214Z Prepare workflow directory
job-core	Set up job	2025-04-09T06:45:58.3478193Z Prepare all required actions
job-core	Set up job	2025-04-09T06:45:58.3506020Z Getting action download info
job-core	Set up job	2025-04-09T06:45:58.8816390Z Download action repository 'actions/checkout@v4' (SHA:11bd71901bbe5b1630ceea73d27597364c9af683)
job-core	Set up job	2025-04-09T06:45:59.5454139Z Download action repository 'actions/setup-node@v2' (SHA:7c12f8017d5436eb855f1ed4399f037a36fbd9e8)
job-core	Set up job	2025-04-09T06:46:00.3012316Z Complete job name: job-core
job-core	Checkout code	﻿2025-04-09T06:46:00.3384285Z ##[group]Run actions/checkout@v4
job-core	Checkout code	2025-04-09T06:46:00.3385598Z with:
job-core	Checkout code	2025-04-09T06:46:00.3386171Z   fetch-depth: 0
job-core	Checkout code	2025-04-09T06:46:00.3387062Z   token: ***
job-core	Checkout code	2025-04-09T06:46:00.3387648Z   repository: Ka0s-Klaus/ka0s
job-core	Checkout code	2025-04-09T06:46:00.3388341Z   ssh-strict: true
job-core	Checkout code	2025-04-09T06:46:00.3388925Z   ssh-user: git
job-core	Checkout code	2025-04-09T06:46:00.3389527Z   persist-credentials: true
job-core	Checkout code	2025-04-09T06:46:00.3390201Z   clean: true
job-core	Checkout code	2025-04-09T06:46:00.3390811Z   sparse-checkout-cone-mode: true
job-core	Checkout code	2025-04-09T06:46:00.3391538Z   fetch-tags: false
job-core	Checkout code	2025-04-09T06:46:00.3392148Z   show-progress: true
job-core	Checkout code	2025-04-09T06:46:00.3392849Z   lfs: false
job-core	Checkout code	2025-04-09T06:46:00.3393735Z   submodules: false
job-core	Checkout code	2025-04-09T06:46:00.3394531Z   set-safe-directory: true
job-core	Checkout code	2025-04-09T06:46:00.3395393Z env:
job-core	Checkout code	2025-04-09T06:46:00.3395944Z   KAOS_MODULE: [Ka0S] JSONLINT
job-core	Checkout code	2025-04-09T06:46:00.3396801Z   GH_TOKEN: ***
job-core	Checkout code	2025-04-09T06:46:00.3397463Z   KAOS_JSONLINT_CONFIG: core/config/.jsonlint.json
job-core	Checkout code	2025-04-09T06:46:00.3398329Z   KAOS_PATH_RESUME: core/outputs/j/
job-core	Checkout code	2025-04-09T06:46:00.3399164Z   KAOS_REPO: /actions-runner/_work/kaos/kaos
job-core	Checkout code	2025-04-09T06:46:00.3399942Z   KAOS_STEP_MODULE: 
job-core	Checkout code	2025-04-09T06:46:00.3400548Z   KAOS_CODE: 14350742627
job-core	Checkout code	2025-04-09T06:46:00.3401346Z   KAOS_REF_BRANCH: main
job-core	Checkout code	2025-04-09T06:46:00.3402134Z ##[endgroup]
job-core	Checkout code	2025-04-09T06:46:00.4142156Z Syncing repository: Ka0s-Klaus/ka0s
job-core	Checkout code	2025-04-09T06:46:00.4144826Z ##[group]Getting Git version info
job-core	Checkout code	2025-04-09T06:46:00.4145904Z Working directory is '/actions-runner/_work/ka0s/ka0s'
job-core	Checkout code	2025-04-09T06:46:00.4147531Z [command]/usr/bin/git version
job-core	Checkout code	2025-04-09T06:46:00.4148435Z git version 2.43.0
job-core	Checkout code	2025-04-09T06:46:00.4150990Z ##[endgroup]
job-core	Checkout code	2025-04-09T06:46:00.4159281Z Copying '/home/kaos/.gitconfig' to '/actions-runner/_work/_temp/ed7d4745-ef27-48d5-9eec-34adf2c6ed1e/.gitconfig'
job-core	Checkout code	2025-04-09T06:46:00.4173065Z Temporarily overriding HOME='/actions-runner/_work/_temp/ed7d4745-ef27-48d5-9eec-34adf2c6ed1e' before making global git config changes
job-core	Checkout code	2025-04-09T06:46:00.4175861Z Adding repository directory to the temporary git global config as a safe directory
job-core	Checkout code	2025-04-09T06:46:00.4177660Z [command]/usr/bin/git config --global --add safe.directory /actions-runner/_work/ka0s/ka0s
job-core	Checkout code	2025-04-09T06:46:00.4206356Z [command]/usr/bin/git config --local --get remote.origin.url
job-core	Checkout code	2025-04-09T06:46:00.4226530Z https://github.com/Ka0s-Klaus/ka0s
job-core	Checkout code	2025-04-09T06:46:00.4248619Z ##[group]Removing previously created refs, to avoid conflicts
job-core	Checkout code	2025-04-09T06:46:00.4251384Z [command]/usr/bin/git rev-parse --symbolic-full-name --verify --quiet HEAD
job-core	Checkout code	2025-04-09T06:46:00.4275610Z refs/heads/H220-web-de-resultados
job-core	Checkout code	2025-04-09T06:46:00.4290523Z [command]/usr/bin/git checkout --detach
job-core	Checkout code	2025-04-09T06:46:00.4369276Z HEAD is now at 0c8c2c4 [Ka0S] Uploading resume execution files to the repository...
job-core	Checkout code	2025-04-09T06:46:00.4411941Z [command]/usr/bin/git branch --delete --force H220-web-de-resultados
job-core	Checkout code	2025-04-09T06:46:00.4448575Z Deleted branch H220-web-de-resultados (was 0c8c2c4).
job-core	Checkout code	2025-04-09T06:46:00.4496725Z ##[endgroup]
job-core	Checkout code	2025-04-09T06:46:00.4497498Z [command]/usr/bin/git submodule status
job-core	Checkout code	2025-04-09T06:46:00.4742222Z ##[group]Cleaning the repository
job-core	Checkout code	2025-04-09T06:46:00.4744564Z [command]/usr/bin/git clean -ffdx
job-core	Checkout code	2025-04-09T06:46:00.4786842Z [command]/usr/bin/git reset --hard HEAD
job-core	Checkout code	2025-04-09T06:46:00.4871444Z HEAD is now at 0c8c2c4 [Ka0S] Uploading resume execution files to the repository...
job-core	Checkout code	2025-04-09T06:46:00.4875845Z ##[endgroup]
job-core	Checkout code	2025-04-09T06:46:00.4877597Z ##[group]Disabling automatic garbage collection
job-core	Checkout code	2025-04-09T06:46:00.4879202Z [command]/usr/bin/git config --local gc.auto 0
job-core	Checkout code	2025-04-09T06:46:00.4917120Z ##[endgroup]
job-core	Checkout code	2025-04-09T06:46:00.4919104Z ##[group]Setting up auth
job-core	Checkout code	2025-04-09T06:46:00.4920832Z [command]/usr/bin/git config --local --name-only --get-regexp core\.sshCommand
job-core	Checkout code	2025-04-09T06:46:00.4968228Z [command]/usr/bin/git submodule foreach --recursive sh -c "git config --local --name-only --get-regexp 'core\.sshCommand' && git config --local --unset-all 'core.sshCommand' || :"
job-core	Checkout code	2025-04-09T06:46:00.5190110Z [command]/usr/bin/git config --local --name-only --get-regexp http\.https\:\/\/github\.com\/\.extraheader
job-core	Checkout code	2025-04-09T06:46:00.5221217Z [command]/usr/bin/git submodule foreach --recursive sh -c "git config --local --name-only --get-regexp 'http\.https\:\/\/github\.com\/\.extraheader' && git config --local --unset-all 'http.https://github.com/.extraheader' || :"
job-core	Checkout code	2025-04-09T06:46:00.5481639Z [command]/usr/bin/git config --local http.https://github.com/.extraheader AUTHORIZATION: basic ***
job-core	Checkout code	2025-04-09T06:46:00.5525162Z ##[endgroup]
job-core	Checkout code	2025-04-09T06:46:00.5526608Z ##[group]Fetching the repository
job-core	Checkout code	2025-04-09T06:46:00.5530627Z [command]/usr/bin/git -c protocol.version=2 fetch --prune --no-recurse-submodules origin +refs/heads/*:refs/remotes/origin/* +refs/tags/*:refs/tags/*
job-core	Checkout code	2025-04-09T06:46:01.2660203Z From https://github.com/Ka0s-Klaus/ka0s
job-core	Checkout code	2025-04-09T06:46:01.2661905Z    d6d1e40..13d0db6  main       -> origin/main
job-core	Checkout code	2025-04-09T06:46:01.2701865Z [command]/usr/bin/git branch --list --remote origin/H220-web-de-resultados
job-core	Checkout code	2025-04-09T06:46:01.2727244Z   origin/H220-web-de-resultados
job-core	Checkout code	2025-04-09T06:46:01.2734590Z [command]/usr/bin/git rev-parse refs/remotes/origin/H220-web-de-resultados
job-core	Checkout code	2025-04-09T06:46:01.2758509Z 0c8c2c4f8395a1770ae7f20e7f28b8da377794ff
job-core	Checkout code	2025-04-09T06:46:01.2761632Z ##[endgroup]
job-core	Checkout code	2025-04-09T06:46:01.2762311Z ##[group]Determining the checkout info
job-core	Checkout code	2025-04-09T06:46:01.2763171Z ##[endgroup]
job-core	Checkout code	2025-04-09T06:46:01.2768990Z [command]/usr/bin/git sparse-checkout disable
job-core	Checkout code	2025-04-09T06:46:01.2818955Z [command]/usr/bin/git config --local --unset-all extensions.worktreeConfig
job-core	Checkout code	2025-04-09T06:46:01.2852505Z ##[group]Checking out the ref
job-core	Checkout code	2025-04-09T06:46:01.2858777Z [command]/usr/bin/git checkout --progress --force -B H220-web-de-resultados refs/remotes/origin/H220-web-de-resultados
job-core	Checkout code	2025-04-09T06:46:01.2936350Z Switched to a new branch 'H220-web-de-resultados'
job-core	Checkout code	2025-04-09T06:46:01.2937370Z branch 'H220-web-de-resultados' set up to track 'origin/H220-web-de-resultados'.
job-core	Checkout code	2025-04-09T06:46:01.2940962Z ##[endgroup]
job-core	Checkout code	2025-04-09T06:46:01.2979434Z [command]/usr/bin/git log -1 --format=%H
job-core	Checkout code	2025-04-09T06:46:01.3003742Z 0c8c2c4f8395a1770ae7f20e7f28b8da377794ff
job-core	Install Node.js	﻿2025-04-09T06:46:01.3164169Z ##[group]Run actions/setup-node@v2
job-core	Install Node.js	2025-04-09T06:46:01.3164525Z with:
job-core	Install Node.js	2025-04-09T06:46:01.3164785Z   node-version: 14
job-core	Install Node.js	2025-04-09T06:46:01.3165032Z   always-auth: false
job-core	Install Node.js	2025-04-09T06:46:01.3165284Z   check-latest: false
job-core	Install Node.js	2025-04-09T06:46:01.3165644Z   token: ***
job-core	Install Node.js	2025-04-09T06:46:01.3165852Z env:
job-core	Install Node.js	2025-04-09T06:46:01.3166047Z   KAOS_MODULE: [Ka0S] JSONLINT
job-core	Install Node.js	2025-04-09T06:46:01.3166319Z   GH_TOKEN: ***
job-core	Install Node.js	2025-04-09T06:46:01.3166532Z   KAOS_JSONLINT_CONFIG: core/config/.jsonlint.json
job-core	Install Node.js	2025-04-09T06:46:01.3166797Z   KAOS_PATH_RESUME: core/outputs/j/
job-core	Install Node.js	2025-04-09T06:46:01.3167058Z   KAOS_REPO: /actions-runner/_work/kaos/kaos
job-core	Install Node.js	2025-04-09T06:46:01.3167321Z   KAOS_STEP_MODULE: 
job-core	Install Node.js	2025-04-09T06:46:01.3167518Z   KAOS_CODE: 14350742627
job-core	Install Node.js	2025-04-09T06:46:01.3167720Z   KAOS_REF_BRANCH: main
job-core	Install Node.js	2025-04-09T06:46:01.3167910Z ##[endgroup]
job-core	Install Node.js	2025-04-09T06:46:01.4108807Z Found in cache @ /actions-runner/_work/_tool/node/14.21.3/x64
job-core	Install jsonlint	﻿2025-04-09T06:46:01.4201273Z ##[group]Run if ! command -v jsonlint &> /dev/null; then
job-core	Install jsonlint	2025-04-09T06:46:01.4201893Z [36;1mif ! command -v jsonlint &> /dev/null; then[0m
job-core	Install jsonlint	2025-04-09T06:46:01.4202168Z [36;1m  echo "Installing jsonlint..."[0m
job-core	Install jsonlint	2025-04-09T06:46:01.4202547Z [36;1m  npm install -g jsonlint[0m
job-core	Install jsonlint	2025-04-09T06:46:01.4202837Z [36;1melse[0m
job-core	Install jsonlint	2025-04-09T06:46:01.4203280Z [36;1m  echo "jsonlint already installed, skipping installation"[0m
job-core	Install jsonlint	2025-04-09T06:46:01.4203655Z [36;1mfi[0m
job-core	Install jsonlint	2025-04-09T06:46:01.4203907Z [36;1mmkdir -p core/outputs/j/[0m
job-core	Install jsonlint	2025-04-09T06:46:01.4212777Z shell: /usr/bin/bash -e {0}
job-core	Install jsonlint	2025-04-09T06:46:01.4213069Z env:
job-core	Install jsonlint	2025-04-09T06:46:01.4213431Z   KAOS_MODULE: [Ka0S] JSONLINT
job-core	Install jsonlint	2025-04-09T06:46:01.4213895Z   GH_TOKEN: ***
job-core	Install jsonlint	2025-04-09T06:46:01.4214237Z   KAOS_JSONLINT_CONFIG: core/config/.jsonlint.json
job-core	Install jsonlint	2025-04-09T06:46:01.4214617Z   KAOS_PATH_RESUME: core/outputs/j/
job-core	Install jsonlint	2025-04-09T06:46:01.4214964Z   KAOS_REPO: /actions-runner/_work/kaos/kaos
job-core	Install jsonlint	2025-04-09T06:46:01.4215292Z   KAOS_STEP_MODULE: 
job-core	Install jsonlint	2025-04-09T06:46:01.4215579Z   KAOS_CODE: 14350742627
job-core	Install jsonlint	2025-04-09T06:46:01.4215818Z   KAOS_REF_BRANCH: main
job-core	Install jsonlint	2025-04-09T06:46:01.4216010Z ##[endgroup]
job-core	Install jsonlint	2025-04-09T06:46:01.4264678Z jsonlint already installed, skipping installation
job-core	Check JSON	﻿2025-04-09T06:46:01.4327463Z ##[group]Run # Invocamos la primera comprobación de base, sino se supera el proceso no continua
job-core	Check JSON	2025-04-09T06:46:01.4327998Z [36;1m# Invocamos la primera comprobación de base, sino se supera el proceso no continua[0m
job-core	Check JSON	2025-04-09T06:46:01.4328345Z [36;1m# Extraemos el nombre del fichero[0m
job-core	Check JSON	2025-04-09T06:46:01.4328682Z [36;1mfile_name=$(basename "core/dashboard/dashboard/sections/handlerFailure.json")[0m
job-core	Check JSON	2025-04-09T06:46:01.4329022Z [36;1m# Generamos el fichero de resultados vacio[0m
job-core	Check JSON	2025-04-09T06:46:01.4329315Z [36;1mtouch core/outputs/j/jsonlint-results-14350742627.txt[0m
job-core	Check JSON	2025-04-09T06:46:01.4329602Z [36;1m# Realizamos el check del documento json [0m
job-core	Check JSON	2025-04-09T06:46:01.4330048Z [36;1mjsonlint core/dashboard/dashboard/sections/handlerFailure.json > core/outputs/j/jsonlint-results-14350742627.txt || true[0m
job-core	Check JSON	2025-04-09T06:46:01.4330548Z [36;1m# esto es un workarround importante que hay que retirar[0m
job-core	Check JSON	2025-04-09T06:46:01.4330856Z [36;1m#rm -rf core/outputs/j/jsonlint-results-14350742627.txt[0m
job-core	Check JSON	2025-04-09T06:46:01.4331178Z [36;1m# a retirar[0m
job-core	Check JSON	2025-04-09T06:46:01.4331409Z [36;1m# Check if exist errors in file[0m
job-core	Check JSON	2025-04-09T06:46:01.4331645Z [36;1mecho "Mostramos fichero"[0m
job-core	Check JSON	2025-04-09T06:46:01.4331909Z [36;1mcat core/outputs/j/jsonlint-results-14350742627.txt[0m
job-core	Check JSON	2025-04-09T06:46:01.4332233Z [36;1mif [ ! -s core/outputs/j/jsonlint-results-14350742627.txt ]; then[0m
job-core	Check JSON	2025-04-09T06:46:01.4332670Z [36;1m  echo "File core/outputs/j/jsonlint-results-14350742627.txt is empty and is content correct"[0m
job-core	Check JSON	2025-04-09T06:46:01.4333774Z [36;1m  KAOS_ISSUE_BODY="The [Ka0S] JSONLINT process (14350739742) launch the check (14350742627) over file (core/dashboard/dashboard/sections/handlerFailure.json) and its result has been SUCCESS. Please review all files implicated in pull request and approve to merge"[0m
job-core	Check JSON	2025-04-09T06:46:01.4334715Z [36;1m  # Añadimos la versión de jsonlint con la que se realiza la comprobacion[0m
job-core	Check JSON	2025-04-09T06:46:01.4335252Z [36;1m  jsonlint --version >> core/outputs/j/jsonlint-results-14350742627.txt[0m
job-core	Check JSON	2025-04-09T06:46:01.4335721Z [36;1m  # añadimos el nombre del fichero que vamos a comprobar[0m
job-core	Check JSON	2025-04-09T06:46:01.4336235Z [36;1m  echo "Finding: core/dashboard/dashboard/sections/handlerFailure.json" >> core/outputs/j/jsonlint-results-14350742627.txt[0m
job-core	Check JSON	2025-04-09T06:46:01.4336927Z [36;1m  # gh workflow run issue.yaml --ref main -f kaos-issue-title="" -f kaos-issue-body="$KAOS_ISSUE_BODY" -f kaos-issue-actions=comment -f kaos-issue-tag="" -f kaos-issue-id=220[0m
job-core	Check JSON	2025-04-09T06:46:01.4337490Z [36;1m  gh issue comment  220 -F core/outputs/j/jsonlint-results-14350742627.txt[0m
job-core	Check JSON	2025-04-09T06:46:01.4337802Z [36;1melse[0m
job-core	Check JSON	2025-04-09T06:46:01.4338054Z [36;1m  cat core/outputs/j/jsonlint-results-14350742627.txt[0m
job-core	Check JSON	2025-04-09T06:46:01.4338521Z [36;1m  echo "File core/outputs/j/jsonlint-results-14350742627.txt is not empty and is content not correct and write commit info"[0m
job-core	Check JSON	2025-04-09T06:46:01.4339422Z [36;1m  KAOS_ISSUE_BODY="The [Ka0S] JSONLINT process (14350739742) launch the check (14350742627) over file (core/dashboard/dashboard/sections/handlerFailure.json) and its result has been FAILED, please check and solved it"[0m
job-core	Check JSON	2025-04-09T06:46:01.4340104Z [36;1m  # Añadimos la versión de jsonlint con la que se realiza la comprobacion[0m
job-core	Check JSON	2025-04-09T06:46:01.4340510Z [36;1m  # jsonlint --version || true >> core/outputs/j/jsonlint-results-14350742627.txt[0m
job-core	Check JSON	2025-04-09T06:46:01.4340881Z [36;1m  # añadimos el nombre del fichero que vamos a comprobar[0m
job-core	Check JSON	2025-04-09T06:46:01.4341348Z [36;1m  echo "Finding: core/dashboard/dashboard/sections/handlerFailure.json" >> core/outputs/j/jsonlint-results-14350742627.txt[0m
job-core	Check JSON	2025-04-09T06:46:01.4342017Z [36;1m  # gh workflow run issue.yaml --ref main -f kaos-issue-title="" -f kaos-issue-body="$KAOS_ISSUE_BODY" -f kaos-issue-actions=comment -f kaos-issue-tag="" -f kaos-issue-id=220 [0m
job-core	Check JSON	2025-04-09T06:46:01.4342815Z [36;1m  gh issue comment  220 -F core/outputs/j/jsonlint-results-14350742627.txt[0m
job-core	Check JSON	2025-04-09T06:46:01.4343383Z [36;1mfi[0m
job-core	Check JSON	2025-04-09T06:46:01.4348817Z shell: /usr/bin/bash -e {0}
job-core	Check JSON	2025-04-09T06:46:01.4349057Z env:
job-core	Check JSON	2025-04-09T06:46:01.4349262Z   KAOS_MODULE: [Ka0S] JSONLINT
job-core	Check JSON	2025-04-09T06:46:01.4349661Z   GH_TOKEN: ***
job-core	Check JSON	2025-04-09T06:46:01.4349892Z   KAOS_JSONLINT_CONFIG: core/config/.jsonlint.json
job-core	Check JSON	2025-04-09T06:46:01.4350173Z   KAOS_PATH_RESUME: core/outputs/j/
job-core	Check JSON	2025-04-09T06:46:01.4350430Z   KAOS_REPO: /actions-runner/_work/kaos/kaos
job-core	Check JSON	2025-04-09T06:46:01.4350679Z   KAOS_STEP_MODULE: 
job-core	Check JSON	2025-04-09T06:46:01.4350893Z   KAOS_CODE: 14350742627
job-core	Check JSON	2025-04-09T06:46:01.4351106Z   KAOS_REF_BRANCH: main
job-core	Check JSON	2025-04-09T06:46:01.4351318Z ##[endgroup]
job-core	Check JSON	2025-04-09T06:46:01.5082841Z internal/fs/utils.js:332
job-core	Check JSON	2025-04-09T06:46:01.5083747Z     throw err;
job-core	Check JSON	2025-04-09T06:46:01.5084207Z     ^
job-core	Check JSON	2025-04-09T06:46:01.5084427Z 
job-core	Check JSON	2025-04-09T06:46:01.5085112Z Error: ENOENT: no such file or directory, open 'core/dashboard/dashboard/sections/handlerFailure.json'
job-core	Check JSON	2025-04-09T06:46:01.5085871Z     at Object.openSync (fs.js:498:3)
job-core	Check JSON	2025-04-09T06:46:01.5086345Z     at Object.readFileSync (fs.js:394:35)
job-core	Check JSON	2025-04-09T06:46:01.5087082Z     at main (/actions-runner/_work/_tool/node/14.21.3/x64/lib/node_modules/jsonlint/lib/cli.js:135:23)
job-core	Check JSON	2025-04-09T06:46:01.5088053Z     at Object.<anonymous> (/actions-runner/_work/_tool/node/14.21.3/x64/lib/node_modules/jsonlint/lib/cli.js:179:1)
job-core	Check JSON	2025-04-09T06:46:01.5088842Z     at Module._compile (internal/modules/cjs/loader.js:1114:14)
job-core	Check JSON	2025-04-09T06:46:01.5089513Z     at Object.Module._extensions..js (internal/modules/cjs/loader.js:1143:10)
job-core	Check JSON	2025-04-09T06:46:01.5090185Z     at Module.load (internal/modules/cjs/loader.js:979:32)
job-core	Check JSON	2025-04-09T06:46:01.5090803Z     at Function.Module._load (internal/modules/cjs/loader.js:819:12)
job-core	Check JSON	2025-04-09T06:46:01.5091566Z     at Function.executeUserEntryPoint [as runMain] (internal/modules/run_main.js:75:12)
job-core	Check JSON	2025-04-09T06:46:01.5092250Z     at internal/main/run_main_module.js:17:47 {
job-core	Check JSON	2025-04-09T06:46:01.5092690Z   errno: -2,
job-core	Check JSON	2025-04-09T06:46:01.5093138Z   syscall: 'open',
job-core	Check JSON	2025-04-09T06:46:01.5093511Z   code: 'ENOENT',
job-core	Check JSON	2025-04-09T06:46:01.5094079Z   path: 'core/dashboard/dashboard/sections/handlerFailure.json'
job-core	Check JSON	2025-04-09T06:46:01.5094630Z }
job-core	Check JSON	2025-04-09T06:46:01.5107072Z Mostramos fichero
job-core	Check JSON	2025-04-09T06:46:01.5122662Z File core/outputs/j/jsonlint-results-14350742627.txt is empty and is content correct
job-core	Check JSON	2025-04-09T06:46:01.5821169Z ##[error]Process completed with exit code 1.
job-core	Post Checkout code	﻿2025-04-09T06:46:01.5914663Z Post job cleanup.
job-core	Post Checkout code	2025-04-09T06:46:01.6560344Z [command]/usr/bin/git version
job-core	Post Checkout code	2025-04-09T06:46:01.6591812Z git version 2.43.0
job-core	Post Checkout code	2025-04-09T06:46:01.6642315Z Copying '/home/kaos/.gitconfig' to '/actions-runner/_work/_temp/a322b41f-fac7-4047-8fd5-122efdfaff09/.gitconfig'
job-core	Post Checkout code	2025-04-09T06:46:01.6657400Z Temporarily overriding HOME='/actions-runner/_work/_temp/a322b41f-fac7-4047-8fd5-122efdfaff09' before making global git config changes
job-core	Post Checkout code	2025-04-09T06:46:01.6658788Z Adding repository directory to the temporary git global config as a safe directory
job-core	Post Checkout code	2025-04-09T06:46:01.6663200Z [command]/usr/bin/git config --global --add safe.directory /actions-runner/_work/ka0s/ka0s
job-core	Post Checkout code	2025-04-09T06:46:01.6702775Z [command]/usr/bin/git config --local --name-only --get-regexp core\.sshCommand
job-core	Post Checkout code	2025-04-09T06:46:01.6732195Z [command]/usr/bin/git submodule foreach --recursive sh -c "git config --local --name-only --get-regexp 'core\.sshCommand' && git config --local --unset-all 'core.sshCommand' || :"
job-core	Post Checkout code	2025-04-09T06:46:01.6980491Z [command]/usr/bin/git config --local --name-only --get-regexp http\.https\:\/\/github\.com\/\.extraheader
job-core	Post Checkout code	2025-04-09T06:46:01.7000358Z http.https://github.com/.extraheader
job-core	Post Checkout code	2025-04-09T06:46:01.7012948Z [command]/usr/bin/git config --local --unset-all http.https://github.com/.extraheader
job-core	Post Checkout code	2025-04-09T06:46:01.7042254Z [command]/usr/bin/git submodule foreach --recursive sh -c "git config --local --name-only --get-regexp 'http\.https\:\/\/github\.com\/\.extraheader' && git config --local --unset-all 'http.https://github.com/.extraheader' || :"
job-core	Complete job	﻿2025-04-09T06:46:01.7435306Z Cleaning up orphan processes
handle_failure	Set up job	﻿2025-04-09T06:46:33.4724743Z Current runner version: '2.323.0'
handle_failure	Set up job	2025-04-09T06:46:33.4729647Z Runner name: 'ka0s-7'
handle_failure	Set up job	2025-04-09T06:46:33.4730206Z Machine name: '26a53205c9ac'
handle_failure	Set up job	2025-04-09T06:46:33.4731673Z ##[group]GITHUB_TOKEN Permissions
handle_failure	Set up job	2025-04-09T06:46:33.4733681Z Actions: write
handle_failure	Set up job	2025-04-09T06:46:33.4734134Z Contents: write
handle_failure	Set up job	2025-04-09T06:46:33.4734590Z Issues: write
handle_failure	Set up job	2025-04-09T06:46:33.4735002Z Metadata: read
handle_failure	Set up job	2025-04-09T06:46:33.4735387Z PullRequests: write
handle_failure	Set up job	2025-04-09T06:46:33.4735752Z ##[endgroup]
handle_failure	Set up job	2025-04-09T06:46:33.4736992Z Secret source: Actions
handle_failure	Set up job	2025-04-09T06:46:33.4737351Z Prepare workflow directory
handle_failure	Set up job	2025-04-09T06:46:33.5123943Z Prepare all required actions
handle_failure	Set up job	2025-04-09T06:46:33.5150358Z Getting action download info
handle_failure	Set up job	2025-04-09T06:46:34.0318679Z Download action repository 'actions/checkout@v4' (SHA:11bd71901bbe5b1630ceea73d27597364c9af683)
handle_failure	Set up job	2025-04-09T06:46:34.7123635Z Complete job name: handle_failure
handle_failure	Checkout code	﻿2025-04-09T06:46:34.7415484Z ##[group]Run actions/checkout@v4
handle_failure	Checkout code	2025-04-09T06:46:34.7415956Z with:
handle_failure	Checkout code	2025-04-09T06:46:34.7416203Z   fetch-depth: 0
handle_failure	Checkout code	2025-04-09T06:46:34.7416640Z   token: ***
handle_failure	Checkout code	2025-04-09T06:46:34.7416896Z   repository: Ka0s-Klaus/ka0s
handle_failure	Checkout code	2025-04-09T06:46:34.7417194Z   ssh-strict: true
handle_failure	Checkout code	2025-04-09T06:46:34.7417449Z   ssh-user: git
handle_failure	Checkout code	2025-04-09T06:46:34.7417706Z   persist-credentials: true
handle_failure	Checkout code	2025-04-09T06:46:34.7417983Z   clean: true
handle_failure	Checkout code	2025-04-09T06:46:34.7418234Z   sparse-checkout-cone-mode: true
handle_failure	Checkout code	2025-04-09T06:46:34.7418534Z   fetch-tags: false
handle_failure	Checkout code	2025-04-09T06:46:34.7418782Z   show-progress: true
handle_failure	Checkout code	2025-04-09T06:46:34.7419033Z   lfs: false
handle_failure	Checkout code	2025-04-09T06:46:34.7419261Z   submodules: false
handle_failure	Checkout code	2025-04-09T06:46:34.7419513Z   set-safe-directory: true
handle_failure	Checkout code	2025-04-09T06:46:34.7419883Z env:
handle_failure	Checkout code	2025-04-09T06:46:34.7420111Z   KAOS_MODULE: [Ka0S] JSONLINT
handle_failure	Checkout code	2025-04-09T06:46:34.7420475Z   GH_TOKEN: ***
handle_failure	Checkout code	2025-04-09T06:46:34.7420750Z   KAOS_JSONLINT_CONFIG: core/config/.jsonlint.json
handle_failure	Checkout code	2025-04-09T06:46:34.7421113Z   KAOS_PATH_RESUME: core/outputs/j/
handle_failure	Checkout code	2025-04-09T06:46:34.7421453Z   KAOS_REPO: /actions-runner/_work/kaos/kaos
handle_failure	Checkout code	2025-04-09T06:46:34.7421778Z   KAOS_STEP_MODULE: 
handle_failure	Checkout code	2025-04-09T06:46:34.7422039Z   KAOS_CODE: 14350742627
handle_failure	Checkout code	2025-04-09T06:46:34.7422299Z   KAOS_REF_BRANCH: main
handle_failure	Checkout code	2025-04-09T06:46:34.7422560Z ##[endgroup]
handle_failure	Checkout code	2025-04-09T06:46:34.8134645Z Syncing repository: Ka0s-Klaus/ka0s
handle_failure	Checkout code	2025-04-09T06:46:34.8135862Z ##[group]Getting Git version info
handle_failure	Checkout code	2025-04-09T06:46:34.8136270Z Working directory is '/actions-runner/_work/ka0s/ka0s'
handle_failure	Checkout code	2025-04-09T06:46:34.8136867Z [command]/usr/bin/git version
handle_failure	Checkout code	2025-04-09T06:46:34.8143191Z git version 2.43.0
handle_failure	Checkout code	2025-04-09T06:46:34.8169808Z ##[endgroup]
handle_failure	Checkout code	2025-04-09T06:46:34.8180430Z Copying '/home/kaos/.gitconfig' to '/actions-runner/_work/_temp/f046940d-288b-4b65-a12b-fa093363e7ae/.gitconfig'
handle_failure	Checkout code	2025-04-09T06:46:34.8196296Z Temporarily overriding HOME='/actions-runner/_work/_temp/f046940d-288b-4b65-a12b-fa093363e7ae' before making global git config changes
handle_failure	Checkout code	2025-04-09T06:46:34.8197395Z Adding repository directory to the temporary git global config as a safe directory
handle_failure	Checkout code	2025-04-09T06:46:34.8200944Z [command]/usr/bin/git config --global --add safe.directory /actions-runner/_work/ka0s/ka0s
handle_failure	Checkout code	2025-04-09T06:46:34.8238352Z [command]/usr/bin/git config --local --get remote.origin.url
handle_failure	Checkout code	2025-04-09T06:46:34.8259270Z https://github.com/Ka0s-Klaus/ka0s
handle_failure	Checkout code	2025-04-09T06:46:34.8280983Z ##[group]Removing previously created refs, to avoid conflicts
handle_failure	Checkout code	2025-04-09T06:46:34.8286834Z [command]/usr/bin/git rev-parse --symbolic-full-name --verify --quiet HEAD
handle_failure	Checkout code	2025-04-09T06:46:34.8308254Z refs/heads/H220-web-de-resultados
handle_failure	Checkout code	2025-04-09T06:46:34.8321096Z [command]/usr/bin/git checkout --detach
handle_failure	Checkout code	2025-04-09T06:46:34.8397009Z HEAD is now at 0c8c2c4 [Ka0S] Uploading resume execution files to the repository...
handle_failure	Checkout code	2025-04-09T06:46:34.8449899Z [command]/usr/bin/git branch --delete --force H220-web-de-resultados
handle_failure	Checkout code	2025-04-09T06:46:34.8478580Z Deleted branch H220-web-de-resultados (was 0c8c2c4).
handle_failure	Checkout code	2025-04-09T06:46:34.8521335Z ##[endgroup]
handle_failure	Checkout code	2025-04-09T06:46:34.8522028Z [command]/usr/bin/git submodule status
handle_failure	Checkout code	2025-04-09T06:46:34.8786219Z ##[group]Cleaning the repository
handle_failure	Checkout code	2025-04-09T06:46:34.8788848Z [command]/usr/bin/git clean -ffdx
handle_failure	Checkout code	2025-04-09T06:46:34.8832360Z [command]/usr/bin/git reset --hard HEAD
handle_failure	Checkout code	2025-04-09T06:46:34.8932281Z HEAD is now at 0c8c2c4 [Ka0S] Uploading resume execution files to the repository...
handle_failure	Checkout code	2025-04-09T06:46:34.8937243Z ##[endgroup]
handle_failure	Checkout code	2025-04-09T06:46:34.8937983Z ##[group]Disabling automatic garbage collection
handle_failure	Checkout code	2025-04-09T06:46:34.8941775Z [command]/usr/bin/git config --local gc.auto 0
handle_failure	Checkout code	2025-04-09T06:46:34.8986697Z ##[endgroup]
handle_failure	Checkout code	2025-04-09T06:46:34.8987338Z ##[group]Setting up auth
handle_failure	Checkout code	2025-04-09T06:46:34.8989760Z [command]/usr/bin/git config --local --name-only --get-regexp core\.sshCommand
handle_failure	Checkout code	2025-04-09T06:46:34.9026727Z [command]/usr/bin/git submodule foreach --recursive sh -c "git config --local --name-only --get-regexp 'core\.sshCommand' && git config --local --unset-all 'core.sshCommand' || :"
handle_failure	Checkout code	2025-04-09T06:46:34.9279691Z [command]/usr/bin/git config --local --name-only --get-regexp http\.https\:\/\/github\.com\/\.extraheader
handle_failure	Checkout code	2025-04-09T06:46:34.9308199Z [command]/usr/bin/git submodule foreach --recursive sh -c "git config --local --name-only --get-regexp 'http\.https\:\/\/github\.com\/\.extraheader' && git config --local --unset-all 'http.https://github.com/.extraheader' || :"
handle_failure	Checkout code	2025-04-09T06:46:34.9560392Z [command]/usr/bin/git config --local http.https://github.com/.extraheader AUTHORIZATION: basic ***
handle_failure	Checkout code	2025-04-09T06:46:34.9601178Z ##[endgroup]
handle_failure	Checkout code	2025-04-09T06:46:34.9601754Z ##[group]Fetching the repository
handle_failure	Checkout code	2025-04-09T06:46:34.9606843Z [command]/usr/bin/git -c protocol.version=2 fetch --prune --no-recurse-submodules origin +refs/heads/*:refs/remotes/origin/* +refs/tags/*:refs/tags/*
handle_failure	Checkout code	2025-04-09T06:46:35.6159048Z From https://github.com/Ka0s-Klaus/ka0s
handle_failure	Checkout code	2025-04-09T06:46:35.6160078Z    2bec427..5872dc0  main       -> origin/main
handle_failure	Checkout code	2025-04-09T06:46:35.6190101Z [command]/usr/bin/git branch --list --remote origin/H220-web-de-resultados
handle_failure	Checkout code	2025-04-09T06:46:35.6211918Z   origin/H220-web-de-resultados
handle_failure	Checkout code	2025-04-09T06:46:35.6218490Z [command]/usr/bin/git rev-parse refs/remotes/origin/H220-web-de-resultados
handle_failure	Checkout code	2025-04-09T06:46:35.6234784Z 0c8c2c4f8395a1770ae7f20e7f28b8da377794ff
handle_failure	Checkout code	2025-04-09T06:46:35.6237417Z ##[endgroup]
handle_failure	Checkout code	2025-04-09T06:46:35.6238440Z ##[group]Determining the checkout info
handle_failure	Checkout code	2025-04-09T06:46:35.6239695Z ##[endgroup]
handle_failure	Checkout code	2025-04-09T06:46:35.6240775Z [command]/usr/bin/git sparse-checkout disable
handle_failure	Checkout code	2025-04-09T06:46:35.6281383Z [command]/usr/bin/git config --local --unset-all extensions.worktreeConfig
handle_failure	Checkout code	2025-04-09T06:46:35.6305050Z ##[group]Checking out the ref
handle_failure	Checkout code	2025-04-09T06:46:35.6307055Z [command]/usr/bin/git checkout --progress --force -B H220-web-de-resultados refs/remotes/origin/H220-web-de-resultados
handle_failure	Checkout code	2025-04-09T06:46:35.6384713Z Switched to a new branch 'H220-web-de-resultados'
handle_failure	Checkout code	2025-04-09T06:46:35.6387023Z branch 'H220-web-de-resultados' set up to track 'origin/H220-web-de-resultados'.
handle_failure	Checkout code	2025-04-09T06:46:35.6391475Z ##[endgroup]
handle_failure	Checkout code	2025-04-09T06:46:35.6427335Z [command]/usr/bin/git log -1 --format=%H
handle_failure	Checkout code	2025-04-09T06:46:35.6455541Z 0c8c2c4f8395a1770ae7f20e7f28b8da377794ff
handle_failure	handle-failure-execution	﻿2025-04-09T06:46:35.6668246Z ##[group]Run echo "Error detected in process"
handle_failure	handle-failure-execution	2025-04-09T06:46:35.6669270Z [36;1mecho "Error detected in process"[0m
handle_failure	handle-failure-execution	2025-04-09T06:46:35.6670459Z [36;1mRNNUMBER=$(echo "refs/heads/H220-web-de-resultados" | grep -o '[0-9]*')[0m
handle_failure	handle-failure-execution	2025-04-09T06:46:35.6672907Z [36;1mgh issue comment $RNNUMBER --body "El proceso no ha finalizado correctamente 14350742627. El resultado está en el fichero core/results/event_data14350742627.log"[0m
handle_failure	handle-failure-execution	2025-04-09T06:46:35.6682138Z shell: /usr/bin/bash -e {0}
handle_failure	handle-failure-execution	2025-04-09T06:46:35.6683210Z env:
handle_failure	handle-failure-execution	2025-04-09T06:46:35.6683864Z   KAOS_MODULE: [Ka0S] JSONLINT
handle_failure	handle-failure-execution	2025-04-09T06:46:35.6685100Z   GH_TOKEN: ***
handle_failure	handle-failure-execution	2025-04-09T06:46:35.6685766Z   KAOS_JSONLINT_CONFIG: core/config/.jsonlint.json
handle_failure	handle-failure-execution	2025-04-09T06:46:35.6686656Z   KAOS_PATH_RESUME: core/outputs/j/
handle_failure	handle-failure-execution	2025-04-09T06:46:35.6687454Z   KAOS_REPO: /actions-runner/_work/kaos/kaos
handle_failure	handle-failure-execution	2025-04-09T06:46:35.6688259Z   KAOS_STEP_MODULE: 
handle_failure	handle-failure-execution	2025-04-09T06:46:35.6688868Z   KAOS_CODE: 14350742627
handle_failure	handle-failure-execution	2025-04-09T06:46:35.6689503Z   KAOS_REF_BRANCH: main
handle_failure	handle-failure-execution	2025-04-09T06:46:35.6690143Z ##[endgroup]
handle_failure	handle-failure-execution	2025-04-09T06:46:35.6737855Z Error detected in process
handle_failure	handle-failure-execution	2025-04-09T06:46:36.7737203Z https://github.com/Ka0s-Klaus/ka0s/issues/220#issuecomment-2788494451
handle_failure	Post Checkout code	﻿2025-04-09T06:46:36.7834886Z Post job cleanup.
handle_failure	Post Checkout code	2025-04-09T06:46:36.8489235Z [command]/usr/bin/git version
handle_failure	Post Checkout code	2025-04-09T06:46:36.8516954Z git version 2.43.0
handle_failure	Post Checkout code	2025-04-09T06:46:36.8546517Z Copying '/home/kaos/.gitconfig' to '/actions-runner/_work/_temp/1bab5c82-741d-48e4-8dd1-1feae44856e1/.gitconfig'
handle_failure	Post Checkout code	2025-04-09T06:46:36.8559170Z Temporarily overriding HOME='/actions-runner/_work/_temp/1bab5c82-741d-48e4-8dd1-1feae44856e1' before making global git config changes
handle_failure	Post Checkout code	2025-04-09T06:46:36.8559937Z Adding repository directory to the temporary git global config as a safe directory
handle_failure	Post Checkout code	2025-04-09T06:46:36.8565522Z [command]/usr/bin/git config --global --add safe.directory /actions-runner/_work/ka0s/ka0s
handle_failure	Post Checkout code	2025-04-09T06:46:36.8606149Z [command]/usr/bin/git config --local --name-only --get-regexp core\.sshCommand
handle_failure	Post Checkout code	2025-04-09T06:46:36.8634461Z [command]/usr/bin/git submodule foreach --recursive sh -c "git config --local --name-only --get-regexp 'core\.sshCommand' && git config --local --unset-all 'core.sshCommand' || :"
handle_failure	Post Checkout code	2025-04-09T06:46:36.8901991Z [command]/usr/bin/git config --local --name-only --get-regexp http\.https\:\/\/github\.com\/\.extraheader
handle_failure	Post Checkout code	2025-04-09T06:46:36.8927440Z http.https://github.com/.extraheader
handle_failure	Post Checkout code	2025-04-09T06:46:36.8943544Z [command]/usr/bin/git config --local --unset-all http.https://github.com/.extraheader
handle_failure	Post Checkout code	2025-04-09T06:46:36.8970644Z [command]/usr/bin/git submodule foreach --recursive sh -c "git config --local --name-only --get-regexp 'http\.https\:\/\/github\.com\/\.extraheader' && git config --local --unset-all 'http.https://github.com/.extraheader' || :"
handle_failure	Complete job	﻿2025-04-09T06:46:36.9306361Z Cleaning up orphan processes
end-workflow	Set up job	﻿2025-04-09T06:46:50.5350028Z Current runner version: '2.323.0'
end-workflow	Set up job	2025-04-09T06:46:50.5355088Z Runner name: 'ka0s-7'
end-workflow	Set up job	2025-04-09T06:46:50.5355672Z Machine name: '26a53205c9ac'
end-workflow	Set up job	2025-04-09T06:46:50.5357130Z ##[group]GITHUB_TOKEN Permissions
end-workflow	Set up job	2025-04-09T06:46:50.5358601Z Actions: write
end-workflow	Set up job	2025-04-09T06:46:50.5358909Z Contents: write
end-workflow	Set up job	2025-04-09T06:46:50.5359197Z Issues: write
end-workflow	Set up job	2025-04-09T06:46:50.5359460Z Metadata: read
end-workflow	Set up job	2025-04-09T06:46:50.5359734Z PullRequests: write
end-workflow	Set up job	2025-04-09T06:46:50.5360017Z ##[endgroup]
end-workflow	Set up job	2025-04-09T06:46:50.5361277Z Secret source: Actions
end-workflow	Set up job	2025-04-09T06:46:50.5361643Z Prepare workflow directory
end-workflow	Set up job	2025-04-09T06:46:50.5789310Z Prepare all required actions
end-workflow	Set up job	2025-04-09T06:46:50.5817662Z Getting action download info
end-workflow	Set up job	2025-04-09T06:46:51.1036083Z Download action repository 'actions/checkout@v4' (SHA:11bd71901bbe5b1630ceea73d27597364c9af683)
end-workflow	Set up job	2025-04-09T06:46:51.7954902Z Complete job name: end-workflow
end-workflow	Checkout code	﻿2025-04-09T06:46:51.8258778Z ##[group]Run actions/checkout@v4
end-workflow	Checkout code	2025-04-09T06:46:51.8259442Z with:
end-workflow	Checkout code	2025-04-09T06:46:51.8259726Z   fetch-depth: 0
end-workflow	Checkout code	2025-04-09T06:46:51.8260212Z   token: ***
end-workflow	Checkout code	2025-04-09T06:46:51.8260513Z   repository: Ka0s-Klaus/ka0s
end-workflow	Checkout code	2025-04-09T06:46:51.8260856Z   ssh-strict: true
end-workflow	Checkout code	2025-04-09T06:46:51.8261142Z   ssh-user: git
end-workflow	Checkout code	2025-04-09T06:46:51.8261441Z   persist-credentials: true
end-workflow	Checkout code	2025-04-09T06:46:51.8261773Z   clean: true
end-workflow	Checkout code	2025-04-09T06:46:51.8262071Z   sparse-checkout-cone-mode: true
end-workflow	Checkout code	2025-04-09T06:46:51.8262431Z   fetch-tags: false
end-workflow	Checkout code	2025-04-09T06:46:51.8262850Z   show-progress: true
end-workflow	Checkout code	2025-04-09T06:46:51.8263197Z   lfs: false
end-workflow	Checkout code	2025-04-09T06:46:51.8263478Z   submodules: false
end-workflow	Checkout code	2025-04-09T06:46:51.8263796Z   set-safe-directory: true
end-workflow	Checkout code	2025-04-09T06:46:51.8264242Z env:
end-workflow	Checkout code	2025-04-09T06:46:51.8264522Z   KAOS_MODULE: [Ka0S] JSONLINT
end-workflow	Checkout code	2025-04-09T06:46:51.8264956Z   GH_TOKEN: ***
end-workflow	Checkout code	2025-04-09T06:46:51.8265295Z   KAOS_JSONLINT_CONFIG: core/config/.jsonlint.json
end-workflow	Checkout code	2025-04-09T06:46:51.8265726Z   KAOS_PATH_RESUME: core/outputs/j/
end-workflow	Checkout code	2025-04-09T06:46:51.8266141Z   KAOS_REPO: /actions-runner/_work/kaos/kaos
end-workflow	Checkout code	2025-04-09T06:46:51.8266529Z   KAOS_STEP_MODULE: 
end-workflow	Checkout code	2025-04-09T06:46:51.8266847Z   KAOS_CODE: 14350742627
end-workflow	Checkout code	2025-04-09T06:46:51.8267164Z   KAOS_REF_BRANCH: main
end-workflow	Checkout code	2025-04-09T06:46:51.8267471Z ##[endgroup]
end-workflow	Checkout code	2025-04-09T06:46:51.9020375Z Syncing repository: Ka0s-Klaus/ka0s
end-workflow	Checkout code	2025-04-09T06:46:51.9021864Z ##[group]Getting Git version info
end-workflow	Checkout code	2025-04-09T06:46:51.9022426Z Working directory is '/actions-runner/_work/ka0s/ka0s'
end-workflow	Checkout code	2025-04-09T06:46:51.9023396Z [command]/usr/bin/git version
end-workflow	Checkout code	2025-04-09T06:46:51.9039404Z git version 2.43.0
end-workflow	Checkout code	2025-04-09T06:46:51.9058563Z ##[endgroup]
end-workflow	Checkout code	2025-04-09T06:46:51.9067670Z Copying '/home/kaos/.gitconfig' to '/actions-runner/_work/_temp/1cdb1496-d896-423a-ac8c-cb269addea8a/.gitconfig'
end-workflow	Checkout code	2025-04-09T06:46:51.9079934Z Temporarily overriding HOME='/actions-runner/_work/_temp/1cdb1496-d896-423a-ac8c-cb269addea8a' before making global git config changes
end-workflow	Checkout code	2025-04-09T06:46:51.9082124Z Adding repository directory to the temporary git global config as a safe directory
end-workflow	Checkout code	2025-04-09T06:46:51.9084145Z [command]/usr/bin/git config --global --add safe.directory /actions-runner/_work/ka0s/ka0s
end-workflow	Checkout code	2025-04-09T06:46:51.9127872Z [command]/usr/bin/git config --local --get remote.origin.url
end-workflow	Checkout code	2025-04-09T06:46:51.9146481Z https://github.com/Ka0s-Klaus/ka0s
end-workflow	Checkout code	2025-04-09T06:46:51.9162310Z ##[group]Removing previously created refs, to avoid conflicts
end-workflow	Checkout code	2025-04-09T06:46:51.9163720Z [command]/usr/bin/git rev-parse --symbolic-full-name --verify --quiet HEAD
end-workflow	Checkout code	2025-04-09T06:46:51.9185362Z refs/heads/H220-web-de-resultados
end-workflow	Checkout code	2025-04-09T06:46:51.9200479Z [command]/usr/bin/git checkout --detach
end-workflow	Checkout code	2025-04-09T06:46:51.9277946Z HEAD is now at 0c8c2c4 [Ka0S] Uploading resume execution files to the repository...
end-workflow	Checkout code	2025-04-09T06:46:51.9319917Z [command]/usr/bin/git branch --delete --force H220-web-de-resultados
end-workflow	Checkout code	2025-04-09T06:46:51.9346183Z Deleted branch H220-web-de-resultados (was 0c8c2c4).
end-workflow	Checkout code	2025-04-09T06:46:51.9394021Z ##[endgroup]
end-workflow	Checkout code	2025-04-09T06:46:51.9396567Z [command]/usr/bin/git submodule status
end-workflow	Checkout code	2025-04-09T06:46:51.9646203Z ##[group]Cleaning the repository
end-workflow	Checkout code	2025-04-09T06:46:51.9652618Z [command]/usr/bin/git clean -ffdx
end-workflow	Checkout code	2025-04-09T06:46:51.9702334Z [command]/usr/bin/git reset --hard HEAD
end-workflow	Checkout code	2025-04-09T06:46:51.9791274Z HEAD is now at 0c8c2c4 [Ka0S] Uploading resume execution files to the repository...
end-workflow	Checkout code	2025-04-09T06:46:51.9794740Z ##[endgroup]
end-workflow	Checkout code	2025-04-09T06:46:51.9798721Z ##[group]Disabling automatic garbage collection
end-workflow	Checkout code	2025-04-09T06:46:51.9802029Z [command]/usr/bin/git config --local gc.auto 0
end-workflow	Checkout code	2025-04-09T06:46:51.9828749Z ##[endgroup]
end-workflow	Checkout code	2025-04-09T06:46:51.9829661Z ##[group]Setting up auth
end-workflow	Checkout code	2025-04-09T06:46:51.9840162Z [command]/usr/bin/git config --local --name-only --get-regexp core\.sshCommand
end-workflow	Checkout code	2025-04-09T06:46:51.9868078Z [command]/usr/bin/git submodule foreach --recursive sh -c "git config --local --name-only --get-regexp 'core\.sshCommand' && git config --local --unset-all 'core.sshCommand' || :"
end-workflow	Checkout code	2025-04-09T06:46:52.0117860Z [command]/usr/bin/git config --local --name-only --get-regexp http\.https\:\/\/github\.com\/\.extraheader
end-workflow	Checkout code	2025-04-09T06:46:52.0149895Z [command]/usr/bin/git submodule foreach --recursive sh -c "git config --local --name-only --get-regexp 'http\.https\:\/\/github\.com\/\.extraheader' && git config --local --unset-all 'http.https://github.com/.extraheader' || :"
end-workflow	Checkout code	2025-04-09T06:46:52.0420769Z [command]/usr/bin/git config --local http.https://github.com/.extraheader AUTHORIZATION: basic ***
end-workflow	Checkout code	2025-04-09T06:46:52.0464265Z ##[endgroup]
end-workflow	Checkout code	2025-04-09T06:46:52.0465419Z ##[group]Fetching the repository
end-workflow	Checkout code	2025-04-09T06:46:52.0471663Z [command]/usr/bin/git -c protocol.version=2 fetch --prune --no-recurse-submodules origin +refs/heads/*:refs/remotes/origin/* +refs/tags/*:refs/tags/*
end-workflow	Checkout code	2025-04-09T06:46:52.4844427Z [command]/usr/bin/git branch --list --remote origin/H220-web-de-resultados
end-workflow	Checkout code	2025-04-09T06:46:52.4869014Z   origin/H220-web-de-resultados
end-workflow	Checkout code	2025-04-09T06:46:52.4873956Z [command]/usr/bin/git rev-parse refs/remotes/origin/H220-web-de-resultados
end-workflow	Checkout code	2025-04-09T06:46:52.4899641Z 0c8c2c4f8395a1770ae7f20e7f28b8da377794ff
end-workflow	Checkout code	2025-04-09T06:46:52.4903636Z ##[endgroup]
end-workflow	Checkout code	2025-04-09T06:46:52.4905505Z ##[group]Determining the checkout info
end-workflow	Checkout code	2025-04-09T06:46:52.4907038Z ##[endgroup]
end-workflow	Checkout code	2025-04-09T06:46:52.4912471Z [command]/usr/bin/git sparse-checkout disable
end-workflow	Checkout code	2025-04-09T06:46:52.4961337Z [command]/usr/bin/git config --local --unset-all extensions.worktreeConfig
end-workflow	Checkout code	2025-04-09T06:46:52.4989405Z ##[group]Checking out the ref
end-workflow	Checkout code	2025-04-09T06:46:52.4994123Z [command]/usr/bin/git checkout --progress --force -B H220-web-de-resultados refs/remotes/origin/H220-web-de-resultados
end-workflow	Checkout code	2025-04-09T06:46:52.5066207Z Switched to a new branch 'H220-web-de-resultados'
end-workflow	Checkout code	2025-04-09T06:46:52.5068175Z branch 'H220-web-de-resultados' set up to track 'origin/H220-web-de-resultados'.
end-workflow	Checkout code	2025-04-09T06:46:52.5071755Z ##[endgroup]
end-workflow	Checkout code	2025-04-09T06:46:52.5101026Z [command]/usr/bin/git log -1 --format=%H
end-workflow	Checkout code	2025-04-09T06:46:52.5129706Z 0c8c2c4f8395a1770ae7f20e7f28b8da377794ff
end-workflow	Finaliza el workflow	﻿2025-04-09T06:46:52.5346500Z ##[group]Run echo "End process"
end-workflow	Finaliza el workflow	2025-04-09T06:46:52.5347437Z [36;1mecho "End process"[0m
end-workflow	Finaliza el workflow	2025-04-09T06:46:52.5348607Z [36;1mRNNUMBER=$(echo "refs/heads/H220-web-de-resultados" | grep -o '[0-9]*')[0m
end-workflow	Finaliza el workflow	2025-04-09T06:46:52.5350168Z [36;1mgh issue comment $RNNUMBER --body "Se finaliza Ka0s 14350742627"[0m
end-workflow	Finaliza el workflow	2025-04-09T06:46:52.5352197Z [36;1mgh workflow run inspector.yml --ref 'main' -f kaos-issue-id=$RNNUMBER -f kaos-workflow-id="14350742627" -f kaos-user-start=""[0m
end-workflow	Finaliza el workflow	2025-04-09T06:46:52.5361506Z shell: /usr/bin/bash -e {0}
end-workflow	Finaliza el workflow	2025-04-09T06:46:52.5362270Z env:
end-workflow	Finaliza el workflow	2025-04-09T06:46:52.5362877Z   KAOS_MODULE: [Ka0S] JSONLINT
end-workflow	Finaliza el workflow	2025-04-09T06:46:52.5364026Z   GH_TOKEN: ***
end-workflow	Finaliza el workflow	2025-04-09T06:46:52.5364790Z   KAOS_JSONLINT_CONFIG: core/config/.jsonlint.json
end-workflow	Finaliza el workflow	2025-04-09T06:46:52.5365742Z   KAOS_PATH_RESUME: core/outputs/j/
end-workflow	Finaliza el workflow	2025-04-09T06:46:52.5366615Z   KAOS_REPO: /actions-runner/_work/kaos/kaos
end-workflow	Finaliza el workflow	2025-04-09T06:46:52.5367489Z   KAOS_STEP_MODULE: 
end-workflow	Finaliza el workflow	2025-04-09T06:46:52.5368148Z   KAOS_CODE: 14350742627
end-workflow	Finaliza el workflow	2025-04-09T06:46:52.5368855Z   KAOS_REF_BRANCH: main
end-workflow	Finaliza el workflow	2025-04-09T06:46:52.5369553Z ##[endgroup]
end-workflow	Finaliza el workflow	2025-04-09T06:46:52.5413107Z End process
end-workflow	Finaliza el workflow	2025-04-09T06:46:53.5721888Z https://github.com/Ka0s-Klaus/ka0s/issues/220#issuecomment-2788495178
end-workflow	Post Checkout code	﻿2025-04-09T06:46:54.1810784Z Post job cleanup.
end-workflow	Post Checkout code	2025-04-09T06:46:54.2459311Z [command]/usr/bin/git version
end-workflow	Post Checkout code	2025-04-09T06:46:54.2492217Z git version 2.43.0
end-workflow	Post Checkout code	2025-04-09T06:46:54.2521747Z Copying '/home/kaos/.gitconfig' to '/actions-runner/_work/_temp/db517f8d-3393-46ed-a13a-362ad6207e58/.gitconfig'
end-workflow	Post Checkout code	2025-04-09T06:46:54.2536213Z Temporarily overriding HOME='/actions-runner/_work/_temp/db517f8d-3393-46ed-a13a-362ad6207e58' before making global git config changes
end-workflow	Post Checkout code	2025-04-09T06:46:54.2537291Z Adding repository directory to the temporary git global config as a safe directory
end-workflow	Post Checkout code	2025-04-09T06:46:54.2538973Z [command]/usr/bin/git config --global --add safe.directory /actions-runner/_work/ka0s/ka0s
end-workflow	Post Checkout code	2025-04-09T06:46:54.2569454Z [command]/usr/bin/git config --local --name-only --get-regexp core\.sshCommand
end-workflow	Post Checkout code	2025-04-09T06:46:54.2599012Z [command]/usr/bin/git submodule foreach --recursive sh -c "git config --local --name-only --get-regexp 'core\.sshCommand' && git config --local --unset-all 'core.sshCommand' || :"
end-workflow	Post Checkout code	2025-04-09T06:46:54.2854034Z [command]/usr/bin/git config --local --name-only --get-regexp http\.https\:\/\/github\.com\/\.extraheader
end-workflow	Post Checkout code	2025-04-09T06:46:54.2878732Z http.https://github.com/.extraheader
end-workflow	Post Checkout code	2025-04-09T06:46:54.2890682Z [command]/usr/bin/git config --local --unset-all http.https://github.com/.extraheader
end-workflow	Post Checkout code	2025-04-09T06:46:54.2920350Z [command]/usr/bin/git submodule foreach --recursive sh -c "git config --local --name-only --get-regexp 'http\.https\:\/\/github\.com\/\.extraheader' && git config --local --unset-all 'http.https://github.com/.extraheader' || :"
end-workflow	Complete job	﻿2025-04-09T06:46:54.3272095Z Cleaning up orphan processes
