job-core	Set up job	﻿2025-04-23T10:54:48.4667897Z Current runner version: '2.323.0'
job-core	Set up job	2025-04-23T10:54:48.4677901Z Runner name: 'ka0s-2'
job-core	Set up job	2025-04-23T10:54:48.4679148Z Machine name: '419612ea1a87'
job-core	Set up job	2025-04-23T10:54:48.4683307Z ##[group]GITHUB_TOKEN Permissions
job-core	Set up job	2025-04-23T10:54:48.4686514Z Contents: read
job-core	Set up job	2025-04-23T10:54:48.4687252Z Metadata: read
job-core	Set up job	2025-04-23T10:54:48.4687955Z Packages: read
job-core	Set up job	2025-04-23T10:54:48.4688684Z ##[endgroup]
job-core	Set up job	2025-04-23T10:54:48.4693643Z Secret source: Actions
job-core	Set up job	2025-04-23T10:54:48.4694681Z Prepare workflow directory
job-core	Set up job	2025-04-23T10:54:48.5967315Z Prepare all required actions
job-core	Set up job	2025-04-23T10:54:48.6027322Z Getting action download info
job-core	Set up job	2025-04-23T10:54:50.6066682Z Download action repository 'actions/checkout@v4' (SHA:11bd71901bbe5b1630ceea73d27597364c9af683)
job-core	Set up job	2025-04-23T10:55:51.4557737Z Complete job name: job-core
job-core	Checkout repository	﻿2025-04-23T10:55:51.5365072Z ##[group]Run actions/checkout@v4
job-core	Checkout repository	2025-04-23T10:55:51.5366206Z with:
job-core	Checkout repository	2025-04-23T10:55:51.5366551Z   fetch-depth: 0
job-core	Checkout repository	2025-04-23T10:55:51.5367313Z   token: ***
job-core	Checkout repository	2025-04-23T10:55:51.5367667Z   repository: Ka0s-Klaus/ka0s
job-core	Checkout repository	2025-04-23T10:55:51.5368269Z   ssh-strict: true
job-core	Checkout repository	2025-04-23T10:55:51.5368599Z   ssh-user: git
job-core	Checkout repository	2025-04-23T10:55:51.5368945Z   persist-credentials: true
job-core	Checkout repository	2025-04-23T10:55:51.5369330Z   clean: true
job-core	Checkout repository	2025-04-23T10:55:51.5369685Z   sparse-checkout-cone-mode: true
job-core	Checkout repository	2025-04-23T10:55:51.5370107Z   fetch-tags: false
job-core	Checkout repository	2025-04-23T10:55:51.5370460Z   show-progress: true
job-core	Checkout repository	2025-04-23T10:55:51.5370799Z   lfs: false
job-core	Checkout repository	2025-04-23T10:55:51.5371129Z   submodules: false
job-core	Checkout repository	2025-04-23T10:55:51.5371472Z   set-safe-directory: true
job-core	Checkout repository	2025-04-23T10:55:51.5372528Z env:
job-core	Checkout repository	2025-04-23T10:55:51.5372869Z   KAOS_CODE: 14435405886
job-core	Checkout repository	2025-04-23T10:55:51.5373220Z   KAOS_EVENT_NAME: schedule
job-core	Checkout repository	2025-04-23T10:55:51.5373580Z   KAOS_ACTION: 
job-core	Checkout repository	2025-04-23T10:55:51.5373922Z   KAOS_REF: refs/heads/main
job-core	Checkout repository	2025-04-23T10:55:51.5374546Z   KAOS_MODULE: [Ka0S] Workflow Statistics Summary
job-core	Checkout repository	2025-04-23T10:55:51.5375969Z   KAOS_PATH_RESUME: core/outputs/w/
job-core	Checkout repository	2025-04-23T10:55:51.5377194Z   KAOS_JSON: core/results/event_data_
job-core	Checkout repository	2025-04-23T10:55:51.5378340Z   KAOS_ACTOR: ***
job-core	Checkout repository	2025-04-23T10:55:51.5408708Z   GH_REPO: github.com/Ka0s-Klaus/ka0s
job-core	Checkout repository	2025-04-23T10:55:51.5409294Z ##[endgroup]
job-core	Checkout repository	2025-04-23T10:55:51.7499511Z Syncing repository: Ka0s-Klaus/ka0s
job-core	Checkout repository	2025-04-23T10:55:51.7502626Z ##[group]Getting Git version info
job-core	Checkout repository	2025-04-23T10:55:51.7503324Z Working directory is '/actions-runner/_work/ka0s/ka0s'
job-core	Checkout repository	2025-04-23T10:55:51.7504522Z [command]/usr/bin/git version
job-core	Checkout repository	2025-04-23T10:55:51.7504923Z git version 2.48.1
job-core	Checkout repository	2025-04-23T10:55:51.7520020Z ##[endgroup]
job-core	Checkout repository	2025-04-23T10:55:51.7535416Z Copying '/home/kaos/.gitconfig' to '/actions-runner/_work/_temp/5bfd550a-98dc-4035-919d-faef73d8217a/.gitconfig'
job-core	Checkout repository	2025-04-23T10:55:51.7563071Z Temporarily overriding HOME='/actions-runner/_work/_temp/5bfd550a-98dc-4035-919d-faef73d8217a' before making global git config changes
job-core	Checkout repository	2025-04-23T10:55:51.7568203Z Adding repository directory to the temporary git global config as a safe directory
job-core	Checkout repository	2025-04-23T10:55:51.7576875Z [command]/usr/bin/git config --global --add safe.directory /actions-runner/_work/ka0s/ka0s
job-core	Checkout repository	2025-04-23T10:55:51.7648994Z [command]/usr/bin/git config --local --get remote.origin.url
job-core	Checkout repository	2025-04-23T10:55:51.7686851Z https://github.com/Ka0s-Klaus/ka0s
job-core	Checkout repository	2025-04-23T10:55:51.7720792Z ##[group]Removing previously created refs, to avoid conflicts
job-core	Checkout repository	2025-04-23T10:55:51.7733019Z [command]/usr/bin/git rev-parse --symbolic-full-name --verify --quiet HEAD
job-core	Checkout repository	2025-04-23T10:55:51.7771844Z refs/heads/H306-ficheros-de-estadisticas
job-core	Checkout repository	2025-04-23T10:55:51.7793803Z [command]/usr/bin/git checkout --detach
job-core	Checkout repository	2025-04-23T10:55:51.8221096Z HEAD is now at c62e9c01 [Ka0S] Uploading resume execution files to the repository...
job-core	Checkout repository	2025-04-23T10:55:51.8306410Z [command]/usr/bin/git branch --delete --force H306-ficheros-de-estadisticas
job-core	Checkout repository	2025-04-23T10:55:51.8360960Z Deleted branch H306-ficheros-de-estadisticas (was c62e9c01).
job-core	Checkout repository	2025-04-23T10:55:51.8476049Z ##[endgroup]
job-core	Checkout repository	2025-04-23T10:55:51.8484428Z [command]/usr/bin/git submodule status
job-core	Checkout repository	2025-04-23T10:55:51.8926510Z ##[group]Cleaning the repository
job-core	Checkout repository	2025-04-23T10:55:51.8934648Z [command]/usr/bin/git clean -ffdx
job-core	Checkout repository	2025-04-23T10:55:51.9016001Z [command]/usr/bin/git reset --hard HEAD
job-core	Checkout repository	2025-04-23T10:55:51.9276049Z HEAD is now at c62e9c01 [Ka0S] Uploading resume execution files to the repository...
job-core	Checkout repository	2025-04-23T10:55:51.9286780Z ##[endgroup]
job-core	Checkout repository	2025-04-23T10:55:51.9288468Z ##[group]Disabling automatic garbage collection
job-core	Checkout repository	2025-04-23T10:55:51.9293613Z [command]/usr/bin/git config --local gc.auto 0
job-core	Checkout repository	2025-04-23T10:55:51.9340911Z ##[endgroup]
job-core	Checkout repository	2025-04-23T10:55:51.9342557Z ##[group]Setting up auth
job-core	Checkout repository	2025-04-23T10:55:51.9353190Z [command]/usr/bin/git config --local --name-only --get-regexp core\.sshCommand
job-core	Checkout repository	2025-04-23T10:55:51.9417519Z [command]/usr/bin/git submodule foreach --recursive sh -c "git config --local --name-only --get-regexp 'core\.sshCommand' && git config --local --unset-all 'core.sshCommand' || :"
job-core	Checkout repository	2025-04-23T10:55:51.9847685Z [command]/usr/bin/git config --local --name-only --get-regexp http\.https\:\/\/github\.com\/\.extraheader
job-core	Checkout repository	2025-04-23T10:55:51.9907061Z [command]/usr/bin/git submodule foreach --recursive sh -c "git config --local --name-only --get-regexp 'http\.https\:\/\/github\.com\/\.extraheader' && git config --local --unset-all 'http.https://github.com/.extraheader' || :"
job-core	Checkout repository	2025-04-23T10:55:52.0372691Z [command]/usr/bin/git config --local http.https://github.com/.extraheader AUTHORIZATION: basic ***
job-core	Checkout repository	2025-04-23T10:55:52.0433524Z ##[endgroup]
job-core	Checkout repository	2025-04-23T10:55:52.0436115Z ##[group]Fetching the repository
job-core	Checkout repository	2025-04-23T10:55:52.0447307Z [command]/usr/bin/git -c protocol.version=2 fetch --prune --no-recurse-submodules origin +refs/heads/*:refs/remotes/origin/* +refs/tags/*:refs/tags/*
job-core	Checkout repository	2025-04-23T10:55:54.5085756Z From https://github.com/Ka0s-Klaus/ka0s
job-core	Checkout repository	2025-04-23T10:55:54.5089717Z    c62e9c01..bce2ebfc  H306-ficheros-de-estadisticas -> origin/H306-ficheros-de-estadisticas
job-core	Checkout repository	2025-04-23T10:55:54.5093798Z    539b1e43..24fbec71  main       -> origin/main
job-core	Checkout repository	2025-04-23T10:55:54.5203473Z [command]/usr/bin/git branch --list --remote origin/main
job-core	Checkout repository	2025-04-23T10:55:54.5244547Z   origin/main
job-core	Checkout repository	2025-04-23T10:55:54.5261905Z [command]/usr/bin/git rev-parse refs/remotes/origin/main
job-core	Checkout repository	2025-04-23T10:55:54.5298440Z 24fbec711c1ab2e6fd374688abc1af094425837f
job-core	Checkout repository	2025-04-23T10:55:54.5312863Z [command]/usr/bin/git -c protocol.version=2 fetch --no-tags --prune --no-recurse-submodules origin +2c3f52c9d5881e0410279f71d1ccfdd451f5809b:refs/remotes/origin/main
job-core	Checkout repository	2025-04-23T10:55:55.4406163Z From https://github.com/Ka0s-Klaus/ka0s
job-core	Checkout repository	2025-04-23T10:55:55.4408052Z  + 24fbec71...2c3f52c9 2c3f52c9d5881e0410279f71d1ccfdd451f5809b -> origin/main  (forced update)
job-core	Checkout repository	2025-04-23T10:55:55.4522113Z ##[endgroup]
job-core	Checkout repository	2025-04-23T10:55:55.4523264Z ##[group]Determining the checkout info
job-core	Checkout repository	2025-04-23T10:55:55.4527500Z ##[endgroup]
job-core	Checkout repository	2025-04-23T10:55:55.4534480Z [command]/usr/bin/git sparse-checkout disable
job-core	Checkout repository	2025-04-23T10:55:55.4630924Z [command]/usr/bin/git config --local --unset-all extensions.worktreeConfig
job-core	Checkout repository	2025-04-23T10:55:55.4699708Z ##[group]Checking out the ref
job-core	Checkout repository	2025-04-23T10:55:55.4708184Z [command]/usr/bin/git checkout --progress --force -B main refs/remotes/origin/main
job-core	Checkout repository	2025-04-23T10:55:55.5510358Z Previous HEAD position was c62e9c01 [Ka0S] Uploading resume execution files to the repository...
job-core	Checkout repository	2025-04-23T10:55:55.5539938Z Switched to a new branch 'main'
job-core	Checkout repository	2025-04-23T10:55:55.5543304Z branch 'main' set up to track 'origin/main'.
job-core	Checkout repository	2025-04-23T10:55:55.5557452Z ##[endgroup]
job-core	Checkout repository	2025-04-23T10:55:55.5640109Z [command]/usr/bin/git log -1 --format=%H
job-core	Checkout repository	2025-04-23T10:55:55.5723574Z 2c3f52c9d5881e0410279f71d1ccfdd451f5809b
job-core	Collect workflow statistics	﻿2025-04-23T10:55:55.6067506Z ##[group]Run # Generate file with available workflows in repo with proper formatting
job-core	Collect workflow statistics	2025-04-23T10:55:55.6068568Z [36;1m# Generate file with available workflows in repo with proper formatting[0m
job-core	Collect workflow statistics	2025-04-23T10:55:55.6069238Z [36;1mgh workflow list --all --limit 999 --json id,name,path,state | \[0m
job-core	Collect workflow statistics	2025-04-23T10:55:55.6069816Z [36;1m  jq -r '[ .[] | {id,name,path,state} ] | sort_by(.name)' > \[0m
job-core	Collect workflow statistics	2025-04-23T10:55:55.6070339Z [36;1m  core/outputs/w/workflows-available-14435405886.json[0m
job-core	Collect workflow statistics	2025-04-23T10:55:55.6070773Z [36;1m[0m
job-core	Collect workflow statistics	2025-04-23T10:55:55.6071091Z [36;1m# Create the final formatted workflows file[0m
job-core	Collect workflow statistics	2025-04-23T10:55:55.6072361Z [36;1mjq '.' core/outputs/w/workflows-available-14435405886.json > \[0m
job-core	Collect workflow statistics	2025-04-23T10:55:55.6072933Z [36;1m  core/outputs/w/kaos-workflows-available.json[0m
job-core	Collect workflow statistics	2025-04-23T10:55:55.6073460Z [36;1m[0m
job-core	Collect workflow statistics	2025-04-23T10:55:55.6073754Z [36;1m# Create a temporary file for workflow runs[0m
job-core	Collect workflow statistics	2025-04-23T10:55:55.6074243Z [36;1mtouch core/outputs/w/workflows-runs-14435405886.json[0m
job-core	Collect workflow statistics	2025-04-23T10:55:55.6074723Z [36;1m[0m
job-core	Collect workflow statistics	2025-04-23T10:55:55.6074995Z [36;1m# Get workflows and process their runs[0m
job-core	Collect workflow statistics	2025-04-23T10:55:55.6075530Z [36;1mworkflows=$(jq -r '.[].id' core/outputs/w/kaos-workflows-available.json)[0m
job-core	Collect workflow statistics	2025-04-23T10:55:55.6076016Z [36;1m[0m
job-core	Collect workflow statistics	2025-04-23T10:55:55.6076329Z [36;1m# Initialize an empty array in the temporary file[0m
job-core	Collect workflow statistics	2025-04-23T10:55:55.6076853Z [36;1mecho '[]' > core/outputs/w/workflows-runs-14435405886.json[0m
job-core	Collect workflow statistics	2025-04-23T10:55:55.6077397Z [36;1m[0m
job-core	Collect workflow statistics	2025-04-23T10:55:55.6077819Z [36;1m# Iterate over each workflow and get runs with proper formatting[0m
job-core	Collect workflow statistics	2025-04-23T10:55:55.6078335Z [36;1mfor workflow_id in $workflows; do[0m
job-core	Collect workflow statistics	2025-04-23T10:55:55.6078889Z [36;1m  gh api repos/:owner/:repo/actions/workflows/$workflow_id/runs --paginate | \[0m
job-core	Collect workflow statistics	2025-04-23T10:55:55.6079494Z [36;1m    jq '.workflow_runs[] | select(.id != null)' | \[0m
job-core	Collect workflow statistics	2025-04-23T10:55:55.6079895Z [36;1m    jq -s '[ .[] | {[0m
job-core	Collect workflow statistics	2025-04-23T10:55:55.6080188Z [36;1m      id,[0m
job-core	Collect workflow statistics	2025-04-23T10:55:55.6080455Z [36;1m      name,[0m
job-core	Collect workflow statistics	2025-04-23T10:55:55.6080731Z [36;1m      head_branch,[0m
job-core	Collect workflow statistics	2025-04-23T10:55:55.6081030Z [36;1m      head_sha,[0m
job-core	Collect workflow statistics	2025-04-23T10:55:55.6081319Z [36;1m      run_number,[0m
job-core	Collect workflow statistics	2025-04-23T10:55:55.6081700Z [36;1m      event,[0m
job-core	Collect workflow statistics	2025-04-23T10:55:55.6082443Z [36;1m      status,[0m
job-core	Collect workflow statistics	2025-04-23T10:55:55.6082726Z [36;1m      conclusion,[0m
job-core	Collect workflow statistics	2025-04-23T10:55:55.6083022Z [36;1m      workflow_id,[0m
job-core	Collect workflow statistics	2025-04-23T10:55:55.6083316Z [36;1m      url,[0m
job-core	Collect workflow statistics	2025-04-23T10:55:55.6083582Z [36;1m      created_at,[0m
job-core	Collect workflow statistics	2025-04-23T10:55:55.6084219Z [36;1m      updated_at,[0m
job-core	Collect workflow statistics	2025-04-23T10:55:55.6084942Z [36;1m      run_started_at[0m
job-core	Collect workflow statistics	2025-04-23T10:55:55.6085655Z [36;1m    }]' >> core/outputs/w/workflows-runs-temp-14435405886.json[0m
job-core	Collect workflow statistics	2025-04-23T10:55:55.6086115Z [36;1m  [0m
job-core	Collect workflow statistics	2025-04-23T10:55:55.6086447Z [36;1m  # Merge the temporary results into the main file[0m
job-core	Collect workflow statistics	2025-04-23T10:55:55.6086871Z [36;1m  jq -s 'add' \[0m
job-core	Collect workflow statistics	2025-04-23T10:55:55.6087263Z [36;1m    core/outputs/w/workflows-runs-14435405886.json \[0m
job-core	Collect workflow statistics	2025-04-23T10:55:55.6087952Z [36;1m    core/outputs/w/workflows-runs-temp-14435405886.json > \[0m
job-core	Collect workflow statistics	2025-04-23T10:55:55.6088521Z [36;1m    core/outputs/w/workflows-runs-merged-14435405886.json[0m
job-core	Collect workflow statistics	2025-04-23T10:55:55.6088957Z [36;1m  [0m
job-core	Collect workflow statistics	2025-04-23T10:55:55.6089329Z [36;1m  mv core/outputs/w/workflows-runs-merged-14435405886.json \[0m
job-core	Collect workflow statistics	2025-04-23T10:55:55.6089868Z [36;1m     core/outputs/w/workflows-runs-14435405886.json[0m
job-core	Collect workflow statistics	2025-04-23T10:55:55.6090388Z [36;1m  rm -f core/outputs/w/workflows-runs-temp-14435405886.json[0m
job-core	Collect workflow statistics	2025-04-23T10:55:55.6090826Z [36;1mdone[0m
job-core	Collect workflow statistics	2025-04-23T10:55:55.6091076Z [36;1m[0m
job-core	Collect workflow statistics	2025-04-23T10:55:55.6091401Z [36;1m# Format the final runs file as a proper JSON array[0m
job-core	Collect workflow statistics	2025-04-23T10:55:55.6092581Z [36;1mjq 'sort_by(.created_at) | reverse' \[0m
job-core	Collect workflow statistics	2025-04-23T10:55:55.6093047Z [36;1m  core/outputs/w/workflows-runs-14435405886.json > \[0m
job-core	Collect workflow statistics	2025-04-23T10:55:55.6093526Z [36;1m  core/outputs/w/kaos-workflows-runs.json[0m
job-core	Collect workflow statistics	2025-04-23T10:55:55.6110843Z shell: /usr/bin/bash -e {0}
job-core	Collect workflow statistics	2025-04-23T10:55:55.6111998Z env:
job-core	Collect workflow statistics	2025-04-23T10:55:55.6112439Z   KAOS_CODE: 14435405886
job-core	Collect workflow statistics	2025-04-23T10:55:55.6112743Z   KAOS_EVENT_NAME: schedule
job-core	Collect workflow statistics	2025-04-23T10:55:55.6113597Z   KAOS_ACTION: 
job-core	Collect workflow statistics	2025-04-23T10:55:55.6113994Z   KAOS_REF: refs/heads/main
job-core	Collect workflow statistics	2025-04-23T10:55:55.6114477Z   KAOS_MODULE: [Ka0S] Workflow Statistics Summary
job-core	Collect workflow statistics	2025-04-23T10:55:55.6115081Z   KAOS_PATH_RESUME: core/outputs/w/
job-core	Collect workflow statistics	2025-04-23T10:55:55.6115786Z   KAOS_JSON: core/results/event_data_
job-core	Collect workflow statistics	2025-04-23T10:55:55.6117486Z   KAOS_ACTOR: ***
job-core	Collect workflow statistics	2025-04-23T10:55:55.6117985Z   GH_REPO: github.com/Ka0s-Klaus/ka0s
job-core	Collect workflow statistics	2025-04-23T10:55:55.6119263Z   GH_TOKEN: ***
job-core	Collect workflow statistics	2025-04-23T10:55:55.6119734Z ##[endgroup]
job-core	Collect workflow statistics	2025-04-23T10:57:02.2883754Z error connecting to api.github.com
job-core	Collect workflow statistics	2025-04-23T10:57:02.2891304Z check your internet connection or https://githubstatus.com
job-core	Collect workflow statistics	2025-04-23T10:57:12.4863222Z error connecting to api.github.com
job-core	Collect workflow statistics	2025-04-23T10:57:12.4866750Z check your internet connection or https://githubstatus.com
job-core	Collect workflow statistics	2025-04-23T10:58:11.6285992Z read tcp 172.17.0.5:40424->140.82.121.6:443: read: connection reset by peer
job-core	Collect workflow statistics	2025-04-23T10:58:11.6356060Z jq: parse error: Unfinished string at EOF at line 1, column 189591
job-core	Commit and push changes	﻿2025-04-23T11:00:42.3793793Z ##[group]Run git config --global user.name "***"
job-core	Commit and push changes	2025-04-23T11:00:42.3795026Z [36;1mgit config --global user.name "***"[0m
job-core	Commit and push changes	2025-04-23T11:00:42.3796316Z [36;1mgit config --global user.email "***"[0m
job-core	Commit and push changes	2025-04-23T11:00:42.3796743Z [36;1mgit add core/outputs/w/*.json[0m
job-core	Commit and push changes	2025-04-23T11:00:42.3797310Z [36;1mgit commit -m "[Ka0S] Update workflow resume files" || exit 0[0m
job-core	Commit and push changes	2025-04-23T11:00:42.3797896Z [36;1mgit push[0m
job-core	Commit and push changes	2025-04-23T11:00:42.3810840Z shell: /usr/bin/bash -e {0}
job-core	Commit and push changes	2025-04-23T11:00:42.3811230Z env:
job-core	Commit and push changes	2025-04-23T11:00:42.3811487Z   KAOS_CODE: 14435405886
job-core	Commit and push changes	2025-04-23T11:00:42.3813059Z   KAOS_EVENT_NAME: schedule
job-core	Commit and push changes	2025-04-23T11:00:42.3813376Z   KAOS_ACTION: 
job-core	Commit and push changes	2025-04-23T11:00:42.3813650Z   KAOS_REF: refs/heads/main
job-core	Commit and push changes	2025-04-23T11:00:42.3814042Z   KAOS_MODULE: [Ka0S] Workflow Statistics Summary
job-core	Commit and push changes	2025-04-23T11:00:42.3814477Z   KAOS_PATH_RESUME: core/outputs/w/
job-core	Commit and push changes	2025-04-23T11:00:42.3814887Z   KAOS_JSON: core/results/event_data_
job-core	Commit and push changes	2025-04-23T11:00:42.3815378Z   KAOS_ACTOR: ***
job-core	Commit and push changes	2025-04-23T11:00:42.3815682Z   GH_REPO: github.com/Ka0s-Klaus/ka0s
job-core	Commit and push changes	2025-04-23T11:00:42.3816095Z ##[endgroup]
job-core	Commit and push changes	2025-04-23T11:00:42.7290378Z [main 39a976d5] [Ka0S] Update workflow resume files
job-core	Commit and push changes	2025-04-23T11:00:42.7318938Z  4 files changed, 83896 insertions(+), 39759 deletions(-)
job-core	Commit and push changes	2025-04-23T11:00:42.7351436Z  create mode 100644 core/outputs/w/workflows-available-14435405886.json
job-core	Commit and push changes	2025-04-23T11:00:42.7353217Z  create mode 100644 core/outputs/w/workflows-runs-14435405886.json
job-core	Commit and push changes	2025-04-23T11:00:43.3738964Z To https://github.com/Ka0s-Klaus/ka0s
job-core	Commit and push changes	2025-04-23T11:00:43.3741220Z  ! [rejected]          main -> main (fetch first)
job-core	Commit and push changes	2025-04-23T11:00:43.3745022Z error: failed to push some refs to 'https://github.com/Ka0s-Klaus/ka0s'
job-core	Commit and push changes	2025-04-23T11:00:43.3747024Z hint: Updates were rejected because the remote contains work that you do not
job-core	Commit and push changes	2025-04-23T11:00:43.3748906Z hint: have locally. This is usually caused by another repository pushing to
job-core	Commit and push changes	2025-04-23T11:00:43.3750468Z hint: the same ref. If you want to integrate the remote changes, use
job-core	Commit and push changes	2025-04-23T11:00:43.3751519Z hint: 'git pull' before pushing again.
job-core	Commit and push changes	2025-04-23T11:00:43.3752801Z hint: See the 'Note about fast-forwards' in 'git push --help' for details.
job-core	Commit and push changes	2025-04-23T11:00:43.3772158Z ##[error]Process completed with exit code 1.
job-core	Post Checkout repository	﻿2025-04-23T11:00:43.3933852Z Post job cleanup.
job-core	Post Checkout repository	2025-04-23T11:00:43.5632210Z [command]/usr/bin/git version
job-core	Post Checkout repository	2025-04-23T11:00:43.5706421Z git version 2.48.1
job-core	Post Checkout repository	2025-04-23T11:00:43.5780610Z Copying '/home/kaos/.gitconfig' to '/actions-runner/_work/_temp/2d0a6998-4556-45a5-9bbb-4156457731b3/.gitconfig'
job-core	Post Checkout repository	2025-04-23T11:00:43.5832706Z Temporarily overriding HOME='/actions-runner/_work/_temp/2d0a6998-4556-45a5-9bbb-4156457731b3' before making global git config changes
job-core	Post Checkout repository	2025-04-23T11:00:43.5836804Z Adding repository directory to the temporary git global config as a safe directory
job-core	Post Checkout repository	2025-04-23T11:00:43.5844425Z [command]/usr/bin/git config --global --add safe.directory /actions-runner/_work/ka0s/ka0s
job-core	Post Checkout repository	2025-04-23T11:00:43.5912676Z [command]/usr/bin/git config --local --name-only --get-regexp core\.sshCommand
job-core	Post Checkout repository	2025-04-23T11:00:43.6013006Z [command]/usr/bin/git submodule foreach --recursive sh -c "git config --local --name-only --get-regexp 'core\.sshCommand' && git config --local --unset-all 'core.sshCommand' || :"
job-core	Post Checkout repository	2025-04-23T11:00:43.6538330Z [command]/usr/bin/git config --local --name-only --get-regexp http\.https\:\/\/github\.com\/\.extraheader
job-core	Post Checkout repository	2025-04-23T11:00:43.6576494Z http.https://github.com/.extraheader
job-core	Post Checkout repository	2025-04-23T11:00:43.6595100Z [command]/usr/bin/git config --local --unset-all http.https://github.com/.extraheader
job-core	Post Checkout repository	2025-04-23T11:00:43.6676427Z [command]/usr/bin/git submodule foreach --recursive sh -c "git config --local --name-only --get-regexp 'http\.https\:\/\/github\.com\/\.extraheader' && git config --local --unset-all 'http.https://github.com/.extraheader' || :"
job-core	Complete job	﻿2025-04-23T11:00:43.7387385Z Cleaning up orphan processes
handle_failure	Set up job	﻿2025-04-23T11:10:47.0332808Z Current runner version: '2.323.0'
handle_failure	Set up job	2025-04-23T11:10:47.0337377Z Runner name: 'ka0s-7'
handle_failure	Set up job	2025-04-23T11:10:47.0338024Z Machine name: '26a53205c9ac'
handle_failure	Set up job	2025-04-23T11:10:47.0339585Z ##[group]GITHUB_TOKEN Permissions
handle_failure	Set up job	2025-04-23T11:10:47.0341167Z Contents: read
handle_failure	Set up job	2025-04-23T11:10:47.0341523Z Metadata: read
handle_failure	Set up job	2025-04-23T11:10:47.0341864Z Packages: read
handle_failure	Set up job	2025-04-23T11:10:47.0342266Z ##[endgroup]
handle_failure	Set up job	2025-04-23T11:10:47.0343672Z Secret source: Actions
handle_failure	Set up job	2025-04-23T11:10:47.0344106Z Prepare workflow directory
handle_failure	Set up job	2025-04-23T11:10:47.0776420Z Prepare all required actions
handle_failure	Set up job	2025-04-23T11:10:47.0802268Z Getting action download info
handle_failure	Set up job	2025-04-23T11:10:47.6559838Z Download action repository 'actions/checkout@v4' (SHA:11bd71901bbe5b1630ceea73d27597364c9af683)
handle_failure	Set up job	2025-04-23T11:10:48.3588175Z Complete job name: handle_failure
handle_failure	Checkout code	﻿2025-04-23T11:10:48.3947518Z ##[group]Run actions/checkout@v4
handle_failure	Checkout code	2025-04-23T11:10:48.3948242Z with:
handle_failure	Checkout code	2025-04-23T11:10:48.3948592Z   fetch-depth: 0
handle_failure	Checkout code	2025-04-23T11:10:48.3949239Z   token: ***
handle_failure	Checkout code	2025-04-23T11:10:48.3949618Z   repository: Ka0s-Klaus/ka0s
handle_failure	Checkout code	2025-04-23T11:10:48.3950145Z   ssh-strict: true
handle_failure	Checkout code	2025-04-23T11:10:48.3950525Z   ssh-user: git
handle_failure	Checkout code	2025-04-23T11:10:48.3950917Z   persist-credentials: true
handle_failure	Checkout code	2025-04-23T11:10:48.3951369Z   clean: true
handle_failure	Checkout code	2025-04-23T11:10:48.3951850Z   sparse-checkout-cone-mode: true
handle_failure	Checkout code	2025-04-23T11:10:48.3952504Z   fetch-tags: false
handle_failure	Checkout code	2025-04-23T11:10:48.3952968Z   show-progress: true
handle_failure	Checkout code	2025-04-23T11:10:48.3953438Z   lfs: false
handle_failure	Checkout code	2025-04-23T11:10:48.3953780Z   submodules: false
handle_failure	Checkout code	2025-04-23T11:10:48.3954180Z   set-safe-directory: true
handle_failure	Checkout code	2025-04-23T11:10:48.3954721Z env:
handle_failure	Checkout code	2025-04-23T11:10:48.3955041Z   KAOS_CODE: 14435405886
handle_failure	Checkout code	2025-04-23T11:10:48.3955474Z   KAOS_EVENT_NAME: schedule
handle_failure	Checkout code	2025-04-23T11:10:48.3955900Z   KAOS_ACTION: 
handle_failure	Checkout code	2025-04-23T11:10:48.3956272Z   KAOS_REF: refs/heads/main
handle_failure	Checkout code	2025-04-23T11:10:48.3956784Z   KAOS_MODULE: [Ka0S] Workflow Statistics Summary
handle_failure	Checkout code	2025-04-23T11:10:48.3957436Z   KAOS_PATH_RESUME: core/outputs/w/
handle_failure	Checkout code	2025-04-23T11:10:48.3957980Z   KAOS_JSON: core/results/event_data_
handle_failure	Checkout code	2025-04-23T11:10:48.3958492Z   KAOS_ACTOR: ka0score
handle_failure	Checkout code	2025-04-23T11:10:48.3958928Z   GH_REPO: github.com/Ka0s-Klaus/ka0s
handle_failure	Checkout code	2025-04-23T11:10:48.3959431Z ##[endgroup]
handle_failure	Checkout code	2025-04-23T11:10:48.4702213Z Syncing repository: Ka0s-Klaus/ka0s
handle_failure	Checkout code	2025-04-23T11:10:48.4704112Z ##[group]Getting Git version info
handle_failure	Checkout code	2025-04-23T11:10:48.4704786Z Working directory is '/actions-runner/_work/ka0s/ka0s'
handle_failure	Checkout code	2025-04-23T11:10:48.4705761Z [command]/usr/bin/git version
handle_failure	Checkout code	2025-04-23T11:10:48.4706223Z git version 2.43.0
handle_failure	Checkout code	2025-04-23T11:10:48.4714587Z ##[endgroup]
handle_failure	Checkout code	2025-04-23T11:10:48.4722346Z Copying '/home/kaos/.gitconfig' to '/actions-runner/_work/_temp/486743b3-3dce-490f-bfd7-195cff1476e5/.gitconfig'
handle_failure	Checkout code	2025-04-23T11:10:48.4730966Z Temporarily overriding HOME='/actions-runner/_work/_temp/486743b3-3dce-490f-bfd7-195cff1476e5' before making global git config changes
handle_failure	Checkout code	2025-04-23T11:10:48.4733766Z Adding repository directory to the temporary git global config as a safe directory
handle_failure	Checkout code	2025-04-23T11:10:48.4735792Z [command]/usr/bin/git config --global --add safe.directory /actions-runner/_work/ka0s/ka0s
handle_failure	Checkout code	2025-04-23T11:10:48.4764538Z [command]/usr/bin/git config --local --get remote.origin.url
handle_failure	Checkout code	2025-04-23T11:10:48.4787569Z https://github.com/Ka0s-Klaus/ka0s
handle_failure	Checkout code	2025-04-23T11:10:48.4805984Z ##[group]Removing previously created refs, to avoid conflicts
handle_failure	Checkout code	2025-04-23T11:10:48.4809910Z [command]/usr/bin/git rev-parse --symbolic-full-name --verify --quiet HEAD
handle_failure	Checkout code	2025-04-23T11:10:48.4830580Z refs/heads/H306-ficheros-de-estadisticas
handle_failure	Checkout code	2025-04-23T11:10:48.4836815Z [command]/usr/bin/git checkout --detach
handle_failure	Checkout code	2025-04-23T11:10:48.5081877Z HEAD is now at c62e9c01 [Ka0S] Uploading resume execution files to the repository...
handle_failure	Checkout code	2025-04-23T11:10:48.5121057Z [command]/usr/bin/git branch --delete --force H306-ficheros-de-estadisticas
handle_failure	Checkout code	2025-04-23T11:10:48.5153939Z Deleted branch H306-ficheros-de-estadisticas (was c62e9c01).
handle_failure	Checkout code	2025-04-23T11:10:48.5202530Z ##[endgroup]
handle_failure	Checkout code	2025-04-23T11:10:48.5203754Z [command]/usr/bin/git submodule status
handle_failure	Checkout code	2025-04-23T11:10:48.5421871Z ##[group]Cleaning the repository
handle_failure	Checkout code	2025-04-23T11:10:48.5425953Z [command]/usr/bin/git clean -ffdx
handle_failure	Checkout code	2025-04-23T11:10:48.5477239Z [command]/usr/bin/git reset --hard HEAD
handle_failure	Checkout code	2025-04-23T11:10:48.5594605Z HEAD is now at c62e9c01 [Ka0S] Uploading resume execution files to the repository...
handle_failure	Checkout code	2025-04-23T11:10:48.5597639Z ##[endgroup]
handle_failure	Checkout code	2025-04-23T11:10:48.5599101Z ##[group]Disabling automatic garbage collection
handle_failure	Checkout code	2025-04-23T11:10:48.5604766Z [command]/usr/bin/git config --local gc.auto 0
handle_failure	Checkout code	2025-04-23T11:10:48.5629297Z ##[endgroup]
handle_failure	Checkout code	2025-04-23T11:10:48.5630235Z ##[group]Setting up auth
handle_failure	Checkout code	2025-04-23T11:10:48.5636193Z [command]/usr/bin/git config --local --name-only --get-regexp core\.sshCommand
handle_failure	Checkout code	2025-04-23T11:10:48.5663654Z [command]/usr/bin/git submodule foreach --recursive sh -c "git config --local --name-only --get-regexp 'core\.sshCommand' && git config --local --unset-all 'core.sshCommand' || :"
handle_failure	Checkout code	2025-04-23T11:10:48.5885089Z [command]/usr/bin/git config --local --name-only --get-regexp http\.https\:\/\/github\.com\/\.extraheader
handle_failure	Checkout code	2025-04-23T11:10:48.5912957Z [command]/usr/bin/git submodule foreach --recursive sh -c "git config --local --name-only --get-regexp 'http\.https\:\/\/github\.com\/\.extraheader' && git config --local --unset-all 'http.https://github.com/.extraheader' || :"
handle_failure	Checkout code	2025-04-23T11:10:48.6139181Z [command]/usr/bin/git config --local http.https://github.com/.extraheader AUTHORIZATION: basic ***
handle_failure	Checkout code	2025-04-23T11:10:48.6167575Z ##[endgroup]
handle_failure	Checkout code	2025-04-23T11:10:48.6168905Z ##[group]Fetching the repository
handle_failure	Checkout code	2025-04-23T11:10:48.6171833Z [command]/usr/bin/git -c protocol.version=2 fetch --prune --no-recurse-submodules origin +refs/heads/*:refs/remotes/origin/* +refs/tags/*:refs/tags/*
handle_failure	Checkout code	2025-04-23T11:10:49.1150902Z From https://github.com/Ka0s-Klaus/ka0s
handle_failure	Checkout code	2025-04-23T11:10:49.1152178Z    c62e9c01..bce2ebfc  H306-ficheros-de-estadisticas -> origin/H306-ficheros-de-estadisticas
handle_failure	Checkout code	2025-04-23T11:10:49.1226457Z [command]/usr/bin/git branch --list --remote origin/main
handle_failure	Checkout code	2025-04-23T11:10:49.1251195Z   origin/main
handle_failure	Checkout code	2025-04-23T11:10:49.1260474Z [command]/usr/bin/git rev-parse refs/remotes/origin/main
handle_failure	Checkout code	2025-04-23T11:10:49.1280369Z e8756c7e9b80db1857c42257446e2fd6f5b8c878
handle_failure	Checkout code	2025-04-23T11:10:49.1291155Z [command]/usr/bin/git -c protocol.version=2 fetch --no-tags --prune --no-recurse-submodules origin +2c3f52c9d5881e0410279f71d1ccfdd451f5809b:refs/remotes/origin/main
handle_failure	Checkout code	2025-04-23T11:10:49.1490567Z From https://github.com/Ka0s-Klaus/ka0s
handle_failure	Checkout code	2025-04-23T11:10:49.1492123Z  + e8756c7e...2c3f52c9 2c3f52c9d5881e0410279f71d1ccfdd451f5809b -> origin/main  (forced update)
handle_failure	Checkout code	2025-04-23T11:10:49.1512282Z ##[endgroup]
handle_failure	Checkout code	2025-04-23T11:10:49.1513893Z ##[group]Determining the checkout info
handle_failure	Checkout code	2025-04-23T11:10:49.1515477Z ##[endgroup]
handle_failure	Checkout code	2025-04-23T11:10:49.1516770Z [command]/usr/bin/git sparse-checkout disable
handle_failure	Checkout code	2025-04-23T11:10:49.1570361Z [command]/usr/bin/git config --local --unset-all extensions.worktreeConfig
handle_failure	Checkout code	2025-04-23T11:10:49.1599776Z ##[group]Checking out the ref
handle_failure	Checkout code	2025-04-23T11:10:49.1601425Z [command]/usr/bin/git checkout --progress --force -B main refs/remotes/origin/main
handle_failure	Checkout code	2025-04-23T11:10:49.1965831Z Previous HEAD position was c62e9c01 [Ka0S] Uploading resume execution files to the repository...
handle_failure	Checkout code	2025-04-23T11:10:49.1967491Z Switched to a new branch 'main'
handle_failure	Checkout code	2025-04-23T11:10:49.1968618Z branch 'main' set up to track 'origin/main'.
handle_failure	Checkout code	2025-04-23T11:10:49.1973504Z ##[endgroup]
handle_failure	Checkout code	2025-04-23T11:10:49.2005293Z [command]/usr/bin/git log -1 --format=%H
handle_failure	Checkout code	2025-04-23T11:10:49.2027316Z 2c3f52c9d5881e0410279f71d1ccfdd451f5809b
handle_failure	handle-failure-execution	﻿2025-04-23T11:10:49.2234323Z ##[group]Run echo "Error detected in process"
handle_failure	handle-failure-execution	2025-04-23T11:10:49.2235152Z [36;1mecho "Error detected in process"[0m
handle_failure	handle-failure-execution	2025-04-23T11:10:49.2235891Z [36;1m# RNNUMBER=$(echo "refs/heads/main" | grep -o '[0-9]*')[0m
handle_failure	handle-failure-execution	2025-04-23T11:10:49.2236945Z [36;1m# gh issue comment $RNNUMBER --body "El proceso no ha finalizado correctamente 14435405886. El resultado está en el fichero core/results/event_data14435405886.log"[0m
handle_failure	handle-failure-execution	2025-04-23T11:10:49.2237987Z [36;1m# Creamos la issue dado que ha fallado el modulo principal[0m
handle_failure	handle-failure-execution	2025-04-23T11:10:49.2239160Z [36;1mgh issue create  --title "[Ka0S] Error detected in [Ka0S] Workflow Statistics Summary" --body "Error detected in [Ka0S] Workflow Statistics Summary. Please check the logs for 14435405886 more information of error."[0m
handle_failure	handle-failure-execution	2025-04-23T11:10:49.2247983Z shell: /usr/bin/bash -e {0}
handle_failure	handle-failure-execution	2025-04-23T11:10:49.2248578Z env:
handle_failure	handle-failure-execution	2025-04-23T11:10:49.2249101Z   KAOS_CODE: 14435405886
handle_failure	handle-failure-execution	2025-04-23T11:10:49.2249673Z   KAOS_EVENT_NAME: schedule
handle_failure	handle-failure-execution	2025-04-23T11:10:49.2250218Z   KAOS_ACTION: 
handle_failure	handle-failure-execution	2025-04-23T11:10:49.2250800Z   KAOS_REF: refs/heads/main
handle_failure	handle-failure-execution	2025-04-23T11:10:49.2251398Z   KAOS_MODULE: [Ka0S] Workflow Statistics Summary
handle_failure	handle-failure-execution	2025-04-23T11:10:49.2252498Z   KAOS_PATH_RESUME: core/outputs/w/
handle_failure	handle-failure-execution	2025-04-23T11:10:49.2253280Z   KAOS_JSON: core/results/event_data_
handle_failure	handle-failure-execution	2025-04-23T11:10:49.2253893Z   KAOS_ACTOR: ka0score
handle_failure	handle-failure-execution	2025-04-23T11:10:49.2254431Z   GH_REPO: github.com/Ka0s-Klaus/ka0s
handle_failure	handle-failure-execution	2025-04-23T11:10:49.2255274Z   GH_TOKEN: ***
handle_failure	handle-failure-execution	2025-04-23T11:10:49.2255771Z ##[endgroup]
handle_failure	handle-failure-execution	2025-04-23T11:10:49.2298120Z Error detected in process
handle_failure	handle-failure-execution	2025-04-23T11:10:50.1313960Z https://github.com/Ka0s-Klaus/ka0s/issues/1111
handle_failure	Post Checkout code	﻿2025-04-23T11:10:50.1409131Z Post job cleanup.
handle_failure	Post Checkout code	2025-04-23T11:10:50.2088738Z [command]/usr/bin/git version
handle_failure	Post Checkout code	2025-04-23T11:10:50.2119890Z git version 2.43.0
handle_failure	Post Checkout code	2025-04-23T11:10:50.2147145Z Copying '/home/kaos/.gitconfig' to '/actions-runner/_work/_temp/86e7d80e-aac2-4bdc-8fa2-5836b1541466/.gitconfig'
handle_failure	Post Checkout code	2025-04-23T11:10:50.2157438Z Temporarily overriding HOME='/actions-runner/_work/_temp/86e7d80e-aac2-4bdc-8fa2-5836b1541466' before making global git config changes
handle_failure	Post Checkout code	2025-04-23T11:10:50.2158603Z Adding repository directory to the temporary git global config as a safe directory
handle_failure	Post Checkout code	2025-04-23T11:10:50.2164954Z [command]/usr/bin/git config --global --add safe.directory /actions-runner/_work/ka0s/ka0s
handle_failure	Post Checkout code	2025-04-23T11:10:50.2202903Z [command]/usr/bin/git config --local --name-only --get-regexp core\.sshCommand
handle_failure	Post Checkout code	2025-04-23T11:10:50.2237744Z [command]/usr/bin/git submodule foreach --recursive sh -c "git config --local --name-only --get-regexp 'core\.sshCommand' && git config --local --unset-all 'core.sshCommand' || :"
handle_failure	Post Checkout code	2025-04-23T11:10:50.2462576Z [command]/usr/bin/git config --local --name-only --get-regexp http\.https\:\/\/github\.com\/\.extraheader
handle_failure	Post Checkout code	2025-04-23T11:10:50.2482210Z http.https://github.com/.extraheader
handle_failure	Post Checkout code	2025-04-23T11:10:50.2491600Z [command]/usr/bin/git config --local --unset-all http.https://github.com/.extraheader
handle_failure	Post Checkout code	2025-04-23T11:10:50.2529589Z [command]/usr/bin/git submodule foreach --recursive sh -c "git config --local --name-only --get-regexp 'http\.https\:\/\/github\.com\/\.extraheader' && git config --local --unset-all 'http.https://github.com/.extraheader' || :"
handle_failure	Complete job	﻿2025-04-23T11:10:50.2855575Z Cleaning up orphan processes
end-workflow	Set up job	﻿2025-04-23T11:14:54.4769452Z Current runner version: '2.323.0'
end-workflow	Set up job	2025-04-23T11:14:54.4774335Z Runner name: 'ka0s-9'
end-workflow	Set up job	2025-04-23T11:14:54.4774981Z Machine name: '26a53205c9ac'
end-workflow	Set up job	2025-04-23T11:14:54.4776589Z ##[group]GITHUB_TOKEN Permissions
end-workflow	Set up job	2025-04-23T11:14:54.4778065Z Contents: read
end-workflow	Set up job	2025-04-23T11:14:54.4778435Z Metadata: read
end-workflow	Set up job	2025-04-23T11:14:54.4778783Z Packages: read
end-workflow	Set up job	2025-04-23T11:14:54.4779101Z ##[endgroup]
end-workflow	Set up job	2025-04-23T11:14:54.4780629Z Secret source: Actions
end-workflow	Set up job	2025-04-23T11:14:54.4781063Z Prepare workflow directory
end-workflow	Set up job	2025-04-23T11:14:54.5186536Z Prepare all required actions
end-workflow	Set up job	2025-04-23T11:14:54.5216253Z Getting action download info
end-workflow	Set up job	2025-04-23T11:14:55.0422697Z Download action repository 'actions/checkout@v4' (SHA:11bd71901bbe5b1630ceea73d27597364c9af683)
end-workflow	Set up job	2025-04-23T11:14:55.7843520Z Complete job name: end-workflow
end-workflow	Checkout code	﻿2025-04-23T11:14:55.8188950Z ##[group]Run actions/checkout@v4
end-workflow	Checkout code	2025-04-23T11:14:55.8189580Z with:
end-workflow	Checkout code	2025-04-23T11:14:55.8189904Z   fetch-depth: 0
end-workflow	Checkout code	2025-04-23T11:14:55.8190442Z   token: ***
end-workflow	Checkout code	2025-04-23T11:14:55.8190780Z   repository: Ka0s-Klaus/ka0s
end-workflow	Checkout code	2025-04-23T11:14:55.8191234Z   ssh-strict: true
end-workflow	Checkout code	2025-04-23T11:14:55.8191574Z   ssh-user: git
end-workflow	Checkout code	2025-04-23T11:14:55.8191917Z   persist-credentials: true
end-workflow	Checkout code	2025-04-23T11:14:55.8192450Z   clean: true
end-workflow	Checkout code	2025-04-23T11:14:55.8192843Z   sparse-checkout-cone-mode: true
end-workflow	Checkout code	2025-04-23T11:14:55.8193328Z   fetch-tags: false
end-workflow	Checkout code	2025-04-23T11:14:55.8193700Z   show-progress: true
end-workflow	Checkout code	2025-04-23T11:14:55.8194052Z   lfs: false
end-workflow	Checkout code	2025-04-23T11:14:55.8194371Z   submodules: false
end-workflow	Checkout code	2025-04-23T11:14:55.8194729Z   set-safe-directory: true
end-workflow	Checkout code	2025-04-23T11:14:55.8195202Z env:
end-workflow	Checkout code	2025-04-23T11:14:55.8195505Z   KAOS_CODE: 14435405886
end-workflow	Checkout code	2025-04-23T11:14:55.8195877Z   KAOS_EVENT_NAME: schedule
end-workflow	Checkout code	2025-04-23T11:14:55.8196251Z   KAOS_ACTION: 
end-workflow	Checkout code	2025-04-23T11:14:55.8196585Z   KAOS_REF: refs/heads/main
end-workflow	Checkout code	2025-04-23T11:14:55.8197013Z   KAOS_MODULE: [Ka0S] Workflow Statistics Summary
end-workflow	Checkout code	2025-04-23T11:14:55.8197549Z   KAOS_PATH_RESUME: core/outputs/w/
end-workflow	Checkout code	2025-04-23T11:14:55.8198003Z   KAOS_JSON: core/results/event_data_
end-workflow	Checkout code	2025-04-23T11:14:55.8198431Z   KAOS_ACTOR: ka0score
end-workflow	Checkout code	2025-04-23T11:14:55.8198810Z   GH_REPO: github.com/Ka0s-Klaus/ka0s
end-workflow	Checkout code	2025-04-23T11:14:55.8199350Z   GH_TOKEN: ***
end-workflow	Checkout code	2025-04-23T11:14:55.8199674Z ##[endgroup]
end-workflow	Checkout code	2025-04-23T11:14:55.8969925Z Syncing repository: Ka0s-Klaus/ka0s
end-workflow	Checkout code	2025-04-23T11:14:55.8971527Z ##[group]Getting Git version info
end-workflow	Checkout code	2025-04-23T11:14:55.8972204Z Working directory is '/actions-runner/_work/ka0s/ka0s'
end-workflow	Checkout code	2025-04-23T11:14:55.8973118Z [command]/usr/bin/git version
end-workflow	Checkout code	2025-04-23T11:14:55.8973590Z git version 2.43.0
end-workflow	Checkout code	2025-04-23T11:14:55.8983173Z ##[endgroup]
end-workflow	Checkout code	2025-04-23T11:14:55.8991300Z Copying '/home/kaos/.gitconfig' to '/actions-runner/_work/_temp/c3a5fc6f-470f-4cfa-9dd5-2529befbb3ed/.gitconfig'
end-workflow	Checkout code	2025-04-23T11:14:55.9004418Z Temporarily overriding HOME='/actions-runner/_work/_temp/c3a5fc6f-470f-4cfa-9dd5-2529befbb3ed' before making global git config changes
end-workflow	Checkout code	2025-04-23T11:14:55.9005684Z Adding repository directory to the temporary git global config as a safe directory
end-workflow	Checkout code	2025-04-23T11:14:55.9007474Z [command]/usr/bin/git config --global --add safe.directory /actions-runner/_work/ka0s/ka0s
end-workflow	Checkout code	2025-04-23T11:14:55.9043738Z [command]/usr/bin/git config --local --get remote.origin.url
end-workflow	Checkout code	2025-04-23T11:14:55.9061191Z https://github.com/Ka0s-Klaus/ka0s
end-workflow	Checkout code	2025-04-23T11:14:55.9081513Z ##[group]Removing previously created refs, to avoid conflicts
end-workflow	Checkout code	2025-04-23T11:14:55.9085708Z [command]/usr/bin/git rev-parse --symbolic-full-name --verify --quiet HEAD
end-workflow	Checkout code	2025-04-23T11:14:55.9105958Z refs/heads/H34-modulo-iac-kaos
end-workflow	Checkout code	2025-04-23T11:14:55.9118360Z [command]/usr/bin/git checkout --detach
end-workflow	Checkout code	2025-04-23T11:14:55.9175022Z HEAD is now at 09439f1d [Ka0S] Uploading resume execution files to the repository...
end-workflow	Checkout code	2025-04-23T11:14:55.9209417Z [command]/usr/bin/git branch --delete --force H34-modulo-iac-kaos
end-workflow	Checkout code	2025-04-23T11:14:55.9242138Z Deleted branch H34-modulo-iac-kaos (was 09439f1d).
end-workflow	Checkout code	2025-04-23T11:14:55.9289682Z ##[endgroup]
end-workflow	Checkout code	2025-04-23T11:14:55.9290385Z [command]/usr/bin/git submodule status
end-workflow	Checkout code	2025-04-23T11:14:55.9514875Z ##[group]Cleaning the repository
end-workflow	Checkout code	2025-04-23T11:14:55.9515618Z [command]/usr/bin/git clean -ffdx
end-workflow	Checkout code	2025-04-23T11:14:55.9556537Z [command]/usr/bin/git reset --hard HEAD
end-workflow	Checkout code	2025-04-23T11:14:55.9633815Z HEAD is now at 09439f1d [Ka0S] Uploading resume execution files to the repository...
end-workflow	Checkout code	2025-04-23T11:14:55.9636221Z ##[endgroup]
end-workflow	Checkout code	2025-04-23T11:14:55.9637151Z ##[group]Disabling automatic garbage collection
end-workflow	Checkout code	2025-04-23T11:14:55.9638698Z [command]/usr/bin/git config --local gc.auto 0
end-workflow	Checkout code	2025-04-23T11:14:55.9665406Z ##[endgroup]
end-workflow	Checkout code	2025-04-23T11:14:55.9666361Z ##[group]Setting up auth
end-workflow	Checkout code	2025-04-23T11:14:55.9667317Z [command]/usr/bin/git config --local --name-only --get-regexp core\.sshCommand
end-workflow	Checkout code	2025-04-23T11:14:55.9690022Z [command]/usr/bin/git submodule foreach --recursive sh -c "git config --local --name-only --get-regexp 'core\.sshCommand' && git config --local --unset-all 'core.sshCommand' || :"
end-workflow	Checkout code	2025-04-23T11:14:55.9914909Z [command]/usr/bin/git config --local --name-only --get-regexp http\.https\:\/\/github\.com\/\.extraheader
end-workflow	Checkout code	2025-04-23T11:14:55.9939783Z [command]/usr/bin/git submodule foreach --recursive sh -c "git config --local --name-only --get-regexp 'http\.https\:\/\/github\.com\/\.extraheader' && git config --local --unset-all 'http.https://github.com/.extraheader' || :"
end-workflow	Checkout code	2025-04-23T11:14:56.0160634Z [command]/usr/bin/git config --local http.https://github.com/.extraheader AUTHORIZATION: basic ***
end-workflow	Checkout code	2025-04-23T11:14:56.0193236Z ##[endgroup]
end-workflow	Checkout code	2025-04-23T11:14:56.0194357Z ##[group]Fetching the repository
end-workflow	Checkout code	2025-04-23T11:14:56.0198738Z [command]/usr/bin/git -c protocol.version=2 fetch --prune --no-recurse-submodules origin +refs/heads/*:refs/remotes/origin/* +refs/tags/*:refs/tags/*
end-workflow	Checkout code	2025-04-23T11:14:56.4881371Z From https://github.com/Ka0s-Klaus/ka0s
end-workflow	Checkout code	2025-04-23T11:14:56.4883095Z  - [deleted]           (none)     -> origin/H34-modulo-iac-kaos
end-workflow	Checkout code	2025-04-23T11:14:56.5058691Z [command]/usr/bin/git branch --list --remote origin/main
end-workflow	Checkout code	2025-04-23T11:14:56.5085951Z   origin/main
end-workflow	Checkout code	2025-04-23T11:14:56.5094586Z [command]/usr/bin/git rev-parse refs/remotes/origin/main
end-workflow	Checkout code	2025-04-23T11:14:56.5114130Z 699335b19f2c4585bc237d68b1697c76368127a6
end-workflow	Checkout code	2025-04-23T11:14:56.5121146Z [command]/usr/bin/git -c protocol.version=2 fetch --no-tags --prune --no-recurse-submodules origin +2c3f52c9d5881e0410279f71d1ccfdd451f5809b:refs/remotes/origin/main
end-workflow	Checkout code	2025-04-23T11:14:56.5305825Z From https://github.com/Ka0s-Klaus/ka0s
end-workflow	Checkout code	2025-04-23T11:14:56.5308011Z  + 699335b1...2c3f52c9 2c3f52c9d5881e0410279f71d1ccfdd451f5809b -> origin/main  (forced update)
end-workflow	Checkout code	2025-04-23T11:14:56.5325567Z ##[endgroup]
end-workflow	Checkout code	2025-04-23T11:14:56.5327040Z ##[group]Determining the checkout info
end-workflow	Checkout code	2025-04-23T11:14:56.5328790Z ##[endgroup]
end-workflow	Checkout code	2025-04-23T11:14:56.5329801Z [command]/usr/bin/git sparse-checkout disable
end-workflow	Checkout code	2025-04-23T11:14:56.5359688Z [command]/usr/bin/git config --local --unset-all extensions.worktreeConfig
end-workflow	Checkout code	2025-04-23T11:14:56.5384299Z ##[group]Checking out the ref
end-workflow	Checkout code	2025-04-23T11:14:56.5385915Z [command]/usr/bin/git checkout --progress --force -B main refs/remotes/origin/main
end-workflow	Checkout code	2025-04-23T11:14:56.8087162Z Previous HEAD position was 09439f1d [Ka0S] Uploading resume execution files to the repository...
end-workflow	Checkout code	2025-04-23T11:14:56.8092092Z Switched to a new branch 'main'
end-workflow	Checkout code	2025-04-23T11:14:56.8093255Z branch 'main' set up to track 'origin/main'.
end-workflow	Checkout code	2025-04-23T11:14:56.8128956Z ##[endgroup]
end-workflow	Checkout code	2025-04-23T11:14:56.8167727Z [command]/usr/bin/git log -1 --format=%H
end-workflow	Checkout code	2025-04-23T11:14:56.8196055Z 2c3f52c9d5881e0410279f71d1ccfdd451f5809b
end-workflow	Finaliza el workflow	﻿2025-04-23T11:14:56.8396759Z ##[group]Run echo "End process"
end-workflow	Finaliza el workflow	2025-04-23T11:14:56.8397608Z [36;1mecho "End process"[0m
end-workflow	Finaliza el workflow	2025-04-23T11:14:56.8398516Z [36;1m# RNNUMBER=$(echo "refs/heads/main" | grep -o '[0-9]*')[0m
end-workflow	Finaliza el workflow	2025-04-23T11:14:56.8399773Z [36;1m# gh issue comment $RNNUMBER --body "Se finaliza Ka0s 14435405886"[0m
end-workflow	Finaliza el workflow	2025-04-23T11:14:56.8400894Z [36;1mecho "Se finaliza Ka0s 14435405886"[0m
end-workflow	Finaliza el workflow	2025-04-23T11:14:56.8402724Z [36;1mgh workflow run inspector.yml --ref 'main' -f kaos-issue-id=$RNNUMBER -f kaos-workflow-id="14435405886" -f kaos-user-start=""[0m
end-workflow	Finaliza el workflow	2025-04-23T11:14:56.8411341Z shell: /usr/bin/bash -e {0}
end-workflow	Finaliza el workflow	2025-04-23T11:14:56.8412357Z env:
end-workflow	Finaliza el workflow	2025-04-23T11:14:56.8412996Z   KAOS_CODE: 14435405886
end-workflow	Finaliza el workflow	2025-04-23T11:14:56.8413950Z   KAOS_EVENT_NAME: schedule
end-workflow	Finaliza el workflow	2025-04-23T11:14:56.8414588Z   KAOS_ACTION: 
end-workflow	Finaliza el workflow	2025-04-23T11:14:56.8415133Z   KAOS_REF: refs/heads/main
end-workflow	Finaliza el workflow	2025-04-23T11:14:56.8415868Z   KAOS_MODULE: [Ka0S] Workflow Statistics Summary
end-workflow	Finaliza el workflow	2025-04-23T11:14:56.8416729Z   KAOS_PATH_RESUME: core/outputs/w/
end-workflow	Finaliza el workflow	2025-04-23T11:14:56.8417484Z   KAOS_JSON: core/results/event_data_
end-workflow	Finaliza el workflow	2025-04-23T11:14:56.8418243Z   KAOS_ACTOR: ka0score
end-workflow	Finaliza el workflow	2025-04-23T11:14:56.8418875Z   GH_REPO: github.com/Ka0s-Klaus/ka0s
end-workflow	Finaliza el workflow	2025-04-23T11:14:56.8419916Z   GH_TOKEN: ***
end-workflow	Finaliza el workflow	2025-04-23T11:14:56.8420447Z ##[endgroup]
end-workflow	Finaliza el workflow	2025-04-23T11:14:56.8464958Z End process
end-workflow	Finaliza el workflow	2025-04-23T11:14:56.8465617Z Se finaliza Ka0s 14435405886
end-workflow	Post Checkout code	﻿2025-04-23T11:14:57.4010100Z Post job cleanup.
end-workflow	Post Checkout code	2025-04-23T11:14:57.4691818Z [command]/usr/bin/git version
end-workflow	Post Checkout code	2025-04-23T11:14:57.4722539Z git version 2.43.0
end-workflow	Post Checkout code	2025-04-23T11:14:57.4761936Z Copying '/home/kaos/.gitconfig' to '/actions-runner/_work/_temp/4226a00d-f4ce-401f-8f0e-98093f36e39d/.gitconfig'
end-workflow	Post Checkout code	2025-04-23T11:14:57.4773980Z Temporarily overriding HOME='/actions-runner/_work/_temp/4226a00d-f4ce-401f-8f0e-98093f36e39d' before making global git config changes
end-workflow	Post Checkout code	2025-04-23T11:14:57.4775934Z Adding repository directory to the temporary git global config as a safe directory
end-workflow	Post Checkout code	2025-04-23T11:14:57.4777957Z [command]/usr/bin/git config --global --add safe.directory /actions-runner/_work/ka0s/ka0s
end-workflow	Post Checkout code	2025-04-23T11:14:57.4807113Z [command]/usr/bin/git config --local --name-only --get-regexp core\.sshCommand
end-workflow	Post Checkout code	2025-04-23T11:14:57.4840514Z [command]/usr/bin/git submodule foreach --recursive sh -c "git config --local --name-only --get-regexp 'core\.sshCommand' && git config --local --unset-all 'core.sshCommand' || :"
end-workflow	Post Checkout code	2025-04-23T11:14:57.5059858Z [command]/usr/bin/git config --local --name-only --get-regexp http\.https\:\/\/github\.com\/\.extraheader
end-workflow	Post Checkout code	2025-04-23T11:14:57.5083128Z http.https://github.com/.extraheader
end-workflow	Post Checkout code	2025-04-23T11:14:57.5093602Z [command]/usr/bin/git config --local --unset-all http.https://github.com/.extraheader
end-workflow	Post Checkout code	2025-04-23T11:14:57.5122504Z [command]/usr/bin/git submodule foreach --recursive sh -c "git config --local --name-only --get-regexp 'http\.https\:\/\/github\.com\/\.extraheader' && git config --local --unset-all 'http.https://github.com/.extraheader' || :"
end-workflow	Complete job	﻿2025-04-23T11:14:57.5428341Z Cleaning up orphan processes
