job-core	Set up job	Ôªø2025-04-23T10:47:30.6144393Z Current runner version: '2.323.0'
job-core	Set up job	2025-04-23T10:47:30.6148236Z Runner name: 'ka0s-9'
job-core	Set up job	2025-04-23T10:47:30.6148788Z Machine name: '26a53205c9ac'
job-core	Set up job	2025-04-23T10:47:30.6150259Z ##[group]GITHUB_TOKEN Permissions
job-core	Set up job	2025-04-23T10:47:30.6151963Z Actions: write
job-core	Set up job	2025-04-23T10:47:30.6152328Z Contents: write
job-core	Set up job	2025-04-23T10:47:30.6152623Z Issues: write
job-core	Set up job	2025-04-23T10:47:30.6152905Z Metadata: read
job-core	Set up job	2025-04-23T10:47:30.6153188Z PullRequests: write
job-core	Set up job	2025-04-23T10:47:30.6153466Z ##[endgroup]
job-core	Set up job	2025-04-23T10:47:30.6154819Z Secret source: Actions
job-core	Set up job	2025-04-23T10:47:30.6155189Z Prepare workflow directory
job-core	Set up job	2025-04-23T10:47:30.6528558Z Prepare all required actions
job-core	Set up job	2025-04-23T10:47:30.6559487Z Getting action download info
job-core	Set up job	2025-04-23T10:47:31.2000299Z Download action repository 'actions/checkout@v4' (SHA:11bd71901bbe5b1630ceea73d27597364c9af683)
job-core	Set up job	2025-04-23T10:47:31.8310160Z Download action repository 'actions/setup-node@v4' (SHA:49933ea5288caeca8642d1e84afbd3f7d6820020)
job-core	Set up job	2025-04-23T10:47:32.7581468Z Complete job name: job-core
job-core	Run actions/checkout@v4	Ôªø2025-04-23T10:47:32.7939190Z ##[group]Run actions/checkout@v4
job-core	Run actions/checkout@v4	2025-04-23T10:47:32.7940173Z with:
job-core	Run actions/checkout@v4	2025-04-23T10:47:32.7940724Z   fetch-depth: 0
job-core	Run actions/checkout@v4	2025-04-23T10:47:32.7941575Z   token: ***
job-core	Run actions/checkout@v4	2025-04-23T10:47:32.7942227Z   repository: Ka0s-Klaus/ka0s
job-core	Run actions/checkout@v4	2025-04-23T10:47:32.7942913Z   ssh-strict: true
job-core	Run actions/checkout@v4	2025-04-23T10:47:32.7943565Z   ssh-user: git
job-core	Run actions/checkout@v4	2025-04-23T10:47:32.7944182Z   persist-credentials: true
job-core	Run actions/checkout@v4	2025-04-23T10:47:32.7944840Z   clean: true
job-core	Run actions/checkout@v4	2025-04-23T10:47:32.7945444Z   sparse-checkout-cone-mode: true
job-core	Run actions/checkout@v4	2025-04-23T10:47:32.7946166Z   fetch-tags: false
job-core	Run actions/checkout@v4	2025-04-23T10:47:32.7946760Z   show-progress: true
job-core	Run actions/checkout@v4	2025-04-23T10:47:32.7947358Z   lfs: false
job-core	Run actions/checkout@v4	2025-04-23T10:47:32.7948081Z   submodules: false
job-core	Run actions/checkout@v4	2025-04-23T10:47:32.7948696Z   set-safe-directory: true
job-core	Run actions/checkout@v4	2025-04-23T10:47:32.7949621Z env:
job-core	Run actions/checkout@v4	2025-04-23T10:47:32.7950158Z   KAOS_MODULE: [Ka0S] MDLINT
job-core	Run actions/checkout@v4	2025-04-23T10:47:32.7951001Z   GH_TOKEN: ***
job-core	Run actions/checkout@v4	2025-04-23T10:47:32.7951573Z   FILE_ERROR: 
job-core	Run actions/checkout@v4	2025-04-23T10:47:32.7952335Z   KAOS_MD_CONFIG: core/config/.markdownlint.json
job-core	Run actions/checkout@v4	2025-04-23T10:47:32.7953199Z   KAOS_PATH_RESUME: core/outputs/m/
job-core	Run actions/checkout@v4	2025-04-23T10:47:32.7954037Z   KAOS_REPO: /actions-runner/_work/kaos/kaos
job-core	Run actions/checkout@v4	2025-04-23T10:47:32.7954824Z   KAOS_STEP_MODULE: 
job-core	Run actions/checkout@v4	2025-04-23T10:47:32.7955434Z   KAOS_CODE: 14575967087
job-core	Run actions/checkout@v4	2025-04-23T10:47:32.7956058Z ##[endgroup]
job-core	Run actions/checkout@v4	2025-04-23T10:47:32.8665682Z Syncing repository: Ka0s-Klaus/ka0s
job-core	Run actions/checkout@v4	2025-04-23T10:47:32.8667887Z ##[group]Getting Git version info
job-core	Run actions/checkout@v4	2025-04-23T10:47:32.8668910Z Working directory is '/actions-runner/_work/ka0s/ka0s'
job-core	Run actions/checkout@v4	2025-04-23T10:47:32.8670472Z [command]/usr/bin/git version
job-core	Run actions/checkout@v4	2025-04-23T10:47:32.8671254Z git version 2.43.0
job-core	Run actions/checkout@v4	2025-04-23T10:47:32.8692273Z ##[endgroup]
job-core	Run actions/checkout@v4	2025-04-23T10:47:32.8703251Z Copying '/home/kaos/.gitconfig' to '/actions-runner/_work/_temp/8148d6d1-d348-4c4c-bc53-5b4da67a019c/.gitconfig'
job-core	Run actions/checkout@v4	2025-04-23T10:47:32.8716079Z Temporarily overriding HOME='/actions-runner/_work/_temp/8148d6d1-d348-4c4c-bc53-5b4da67a019c' before making global git config changes
job-core	Run actions/checkout@v4	2025-04-23T10:47:32.8718184Z Adding repository directory to the temporary git global config as a safe directory
job-core	Run actions/checkout@v4	2025-04-23T10:47:32.8720476Z [command]/usr/bin/git config --global --add safe.directory /actions-runner/_work/ka0s/ka0s
job-core	Run actions/checkout@v4	2025-04-23T10:47:32.8760896Z [command]/usr/bin/git config --local --get remote.origin.url
job-core	Run actions/checkout@v4	2025-04-23T10:47:32.8782258Z https://github.com/Ka0s-Klaus/ka0s
job-core	Run actions/checkout@v4	2025-04-23T10:47:32.8801244Z ##[group]Removing previously created refs, to avoid conflicts
job-core	Run actions/checkout@v4	2025-04-23T10:47:32.8804419Z [command]/usr/bin/git rev-parse --symbolic-full-name --verify --quiet HEAD
job-core	Run actions/checkout@v4	2025-04-23T10:47:32.8826474Z refs/heads/main
job-core	Run actions/checkout@v4	2025-04-23T10:47:32.8837125Z [command]/usr/bin/git checkout --detach
job-core	Run actions/checkout@v4	2025-04-23T10:47:33.0062622Z HEAD is now at cd0a663f Merge pull request #317 from Ka0s-Klaus/H220-web-de-resultados
job-core	Run actions/checkout@v4	2025-04-23T10:47:33.0095907Z [command]/usr/bin/git branch --delete --force main
job-core	Run actions/checkout@v4	2025-04-23T10:47:33.0124822Z Deleted branch main (was cd0a663f).
job-core	Run actions/checkout@v4	2025-04-23T10:47:33.0179972Z ##[endgroup]
job-core	Run actions/checkout@v4	2025-04-23T10:47:33.0199787Z [command]/usr/bin/git submodule status
job-core	Run actions/checkout@v4	2025-04-23T10:47:33.0404564Z ##[group]Cleaning the repository
job-core	Run actions/checkout@v4	2025-04-23T10:47:33.0407220Z [command]/usr/bin/git clean -ffdx
job-core	Run actions/checkout@v4	2025-04-23T10:47:33.0463751Z [command]/usr/bin/git reset --hard HEAD
job-core	Run actions/checkout@v4	2025-04-23T10:47:33.0567960Z HEAD is now at cd0a663f Merge pull request #317 from Ka0s-Klaus/H220-web-de-resultados
job-core	Run actions/checkout@v4	2025-04-23T10:47:33.0570807Z ##[endgroup]
job-core	Run actions/checkout@v4	2025-04-23T10:47:33.0571837Z ##[group]Disabling automatic garbage collection
job-core	Run actions/checkout@v4	2025-04-23T10:47:33.0575759Z [command]/usr/bin/git config --local gc.auto 0
job-core	Run actions/checkout@v4	2025-04-23T10:47:33.0605082Z ##[endgroup]
job-core	Run actions/checkout@v4	2025-04-23T10:47:33.0606281Z ##[group]Setting up auth
job-core	Run actions/checkout@v4	2025-04-23T10:47:33.0607468Z [command]/usr/bin/git config --local --name-only --get-regexp core\.sshCommand
job-core	Run actions/checkout@v4	2025-04-23T10:47:33.0630233Z [command]/usr/bin/git submodule foreach --recursive sh -c "git config --local --name-only --get-regexp 'core\.sshCommand' && git config --local --unset-all 'core.sshCommand' || :"
job-core	Run actions/checkout@v4	2025-04-23T10:47:33.0857900Z [command]/usr/bin/git config --local --name-only --get-regexp http\.https\:\/\/github\.com\/\.extraheader
job-core	Run actions/checkout@v4	2025-04-23T10:47:33.0887414Z [command]/usr/bin/git submodule foreach --recursive sh -c "git config --local --name-only --get-regexp 'http\.https\:\/\/github\.com\/\.extraheader' && git config --local --unset-all 'http.https://github.com/.extraheader' || :"
job-core	Run actions/checkout@v4	2025-04-23T10:47:33.1112521Z [command]/usr/bin/git config --local http.https://github.com/.extraheader AUTHORIZATION: basic ***
job-core	Run actions/checkout@v4	2025-04-23T10:47:33.1147643Z ##[endgroup]
job-core	Run actions/checkout@v4	2025-04-23T10:47:33.1154340Z ##[group]Fetching the repository
job-core	Run actions/checkout@v4	2025-04-23T10:47:33.1156281Z [command]/usr/bin/git -c protocol.version=2 fetch --prune --no-recurse-submodules origin +refs/heads/*:refs/remotes/origin/* +refs/tags/*:refs/tags/*
job-core	Run actions/checkout@v4	2025-04-23T10:47:33.9290040Z From https://github.com/Ka0s-Klaus/ka0s
job-core	Run actions/checkout@v4	2025-04-23T10:47:33.9290621Z    cd0a663f..f7f572b7  main       -> origin/main
job-core	Run actions/checkout@v4	2025-04-23T10:47:33.9320712Z [command]/usr/bin/git branch --list --remote origin/H329-documentacion-metodologia-de-kaos
job-core	Run actions/checkout@v4	2025-04-23T10:47:33.9346075Z   origin/H329-documentacion-metodologia-de-kaos
job-core	Run actions/checkout@v4	2025-04-23T10:47:33.9354249Z [command]/usr/bin/git rev-parse refs/remotes/origin/H329-documentacion-metodologia-de-kaos
job-core	Run actions/checkout@v4	2025-04-23T10:47:33.9372057Z 5d74665b8380d933e7d57ec7b0a4d5f3c9bea086
job-core	Run actions/checkout@v4	2025-04-23T10:47:33.9379274Z [command]/usr/bin/git -c protocol.version=2 fetch --no-tags --prune --no-recurse-submodules origin +5f70b7dee56e03652b731e46b65e993210deec79:refs/remotes/origin/H329-documentacion-metodologia-de-kaos
job-core	Run actions/checkout@v4	2025-04-23T10:47:33.9487469Z From https://github.com/Ka0s-Klaus/ka0s
job-core	Run actions/checkout@v4	2025-04-23T10:47:33.9488434Z  + 5d74665b...5f70b7de 5f70b7dee56e03652b731e46b65e993210deec79 -> origin/H329-documentacion-metodologia-de-kaos  (forced update)
job-core	Run actions/checkout@v4	2025-04-23T10:47:33.9506314Z ##[endgroup]
job-core	Run actions/checkout@v4	2025-04-23T10:47:33.9507027Z ##[group]Determining the checkout info
job-core	Run actions/checkout@v4	2025-04-23T10:47:33.9507755Z ##[endgroup]
job-core	Run actions/checkout@v4	2025-04-23T10:47:33.9514109Z [command]/usr/bin/git sparse-checkout disable
job-core	Run actions/checkout@v4	2025-04-23T10:47:33.9568064Z [command]/usr/bin/git config --local --unset-all extensions.worktreeConfig
job-core	Run actions/checkout@v4	2025-04-23T10:47:33.9592253Z ##[group]Checking out the ref
job-core	Run actions/checkout@v4	2025-04-23T10:47:33.9596914Z [command]/usr/bin/git checkout --progress --force -B H329-documentacion-metodologia-de-kaos refs/remotes/origin/H329-documentacion-metodologia-de-kaos
job-core	Run actions/checkout@v4	2025-04-23T10:47:34.0406834Z Previous HEAD position was cd0a663f Merge pull request #317 from Ka0s-Klaus/H220-web-de-resultados
job-core	Run actions/checkout@v4	2025-04-23T10:47:34.0411143Z Switched to a new branch 'H329-documentacion-metodologia-de-kaos'
job-core	Run actions/checkout@v4	2025-04-23T10:47:34.0412889Z branch 'H329-documentacion-metodologia-de-kaos' set up to track 'origin/H329-documentacion-metodologia-de-kaos'.
job-core	Run actions/checkout@v4	2025-04-23T10:47:34.0416660Z ##[endgroup]
job-core	Run actions/checkout@v4	2025-04-23T10:47:34.0449536Z [command]/usr/bin/git log -1 --format=%H
job-core	Run actions/checkout@v4	2025-04-23T10:47:34.0472728Z 5f70b7dee56e03652b731e46b65e993210deec79
job-core	Run actions/setup-node@v4	Ôªø2025-04-23T10:47:34.0655348Z ##[group]Run actions/setup-node@v4
job-core	Run actions/setup-node@v4	2025-04-23T10:47:34.0655577Z with:
job-core	Run actions/setup-node@v4	2025-04-23T10:47:34.0655741Z   node-version: 20
job-core	Run actions/setup-node@v4	2025-04-23T10:47:34.0655911Z   always-auth: false
job-core	Run actions/setup-node@v4	2025-04-23T10:47:34.0656081Z   check-latest: false
job-core	Run actions/setup-node@v4	2025-04-23T10:47:34.0656347Z   token: ***
job-core	Run actions/setup-node@v4	2025-04-23T10:47:34.0656496Z env:
job-core	Run actions/setup-node@v4	2025-04-23T10:47:34.0656795Z   KAOS_MODULE: [Ka0S] MDLINT
job-core	Run actions/setup-node@v4	2025-04-23T10:47:34.0657034Z   GH_TOKEN: ***
job-core	Run actions/setup-node@v4	2025-04-23T10:47:34.0657191Z   FILE_ERROR: 
job-core	Run actions/setup-node@v4	2025-04-23T10:47:34.0657362Z   KAOS_MD_CONFIG: core/config/.markdownlint.json
job-core	Run actions/setup-node@v4	2025-04-23T10:47:34.0657584Z   KAOS_PATH_RESUME: core/outputs/m/
job-core	Run actions/setup-node@v4	2025-04-23T10:47:34.0657797Z   KAOS_REPO: /actions-runner/_work/kaos/kaos
job-core	Run actions/setup-node@v4	2025-04-23T10:47:34.0657998Z   KAOS_STEP_MODULE: 
job-core	Run actions/setup-node@v4	2025-04-23T10:47:34.0658162Z   KAOS_CODE: 14575967087
job-core	Run actions/setup-node@v4	2025-04-23T10:47:34.0658330Z ##[endgroup]
job-core	Run actions/setup-node@v4	2025-04-23T10:47:34.1800109Z Found in cache @ /actions-runner/_work/_tool/node/20.19.0/x64
job-core	Run actions/setup-node@v4	2025-04-23T10:47:34.1800837Z ##[group]Environment details
job-core	Run actions/setup-node@v4	2025-04-23T10:47:34.2558585Z node: v20.19.0
job-core	Run actions/setup-node@v4	2025-04-23T10:47:34.2558984Z npm: 10.8.2
job-core	Run actions/setup-node@v4	2025-04-23T10:47:34.2559187Z yarn: 
job-core	Run actions/setup-node@v4	2025-04-23T10:47:34.2559672Z ##[endgroup]
job-core	Run npm install -g markdownlint-cli2	Ôªø2025-04-23T10:47:34.2631913Z ##[group]Run npm install -g markdownlint-cli2
job-core	Run npm install -g markdownlint-cli2	2025-04-23T10:47:34.2632472Z [36;1mnpm install -g markdownlint-cli2[0m
job-core	Run npm install -g markdownlint-cli2	2025-04-23T10:47:34.2640805Z shell: /usr/bin/bash -e {0}
job-core	Run npm install -g markdownlint-cli2	2025-04-23T10:47:34.2641033Z env:
job-core	Run npm install -g markdownlint-cli2	2025-04-23T10:47:34.2641203Z   KAOS_MODULE: [Ka0S] MDLINT
job-core	Run npm install -g markdownlint-cli2	2025-04-23T10:47:34.2641561Z   GH_TOKEN: ***
job-core	Run npm install -g markdownlint-cli2	2025-04-23T10:47:34.2641718Z   FILE_ERROR: 
job-core	Run npm install -g markdownlint-cli2	2025-04-23T10:47:34.2641905Z   KAOS_MD_CONFIG: core/config/.markdownlint.json
job-core	Run npm install -g markdownlint-cli2	2025-04-23T10:47:34.2642335Z   KAOS_PATH_RESUME: core/outputs/m/
job-core	Run npm install -g markdownlint-cli2	2025-04-23T10:47:34.2642595Z   KAOS_REPO: /actions-runner/_work/kaos/kaos
job-core	Run npm install -g markdownlint-cli2	2025-04-23T10:47:34.2642855Z   KAOS_STEP_MODULE: 
job-core	Run npm install -g markdownlint-cli2	2025-04-23T10:47:34.2643070Z   KAOS_CODE: 14575967087
job-core	Run npm install -g markdownlint-cli2	2025-04-23T10:47:34.2643279Z ##[endgroup]
job-core	Run npm install -g markdownlint-cli2	2025-04-23T10:47:35.7385600Z 
job-core	Run npm install -g markdownlint-cli2	2025-04-23T10:47:35.7392194Z changed 80 packages in 1s
job-core	Run npm install -g markdownlint-cli2	2025-04-23T10:47:35.7392488Z 
job-core	Run npm install -g markdownlint-cli2	2025-04-23T10:47:35.7392710Z 48 packages are looking for funding
job-core	Run npm install -g markdownlint-cli2	2025-04-23T10:47:35.7393087Z   run `npm fund` for details
job-core	Run # Realizamos el check del documento md 	Ôªø2025-04-23T10:47:35.7507318Z ##[group]Run # Realizamos el check del documento md 
job-core	Run # Realizamos el check del documento md 	2025-04-23T10:47:35.7507637Z [36;1m# Realizamos el check del documento md [0m
job-core	Run # Realizamos el check del documento md 	2025-04-23T10:47:35.7507913Z [36;1m    # Run markdownlint with the specified files and ignore rules[0m
job-core	Run # Realizamos el check del documento md 	2025-04-23T10:47:35.7508462Z [36;1m    markdownlint-cli2 core/docs/ka0s/ka0s_metodologia.md --config core/config/.markdownlint.json > core/outputs/m/mdlint-results-14575967087.txt 2>&1 || true[0m
job-core	Run # Realizamos el check del documento md 	2025-04-23T10:47:35.7508932Z [36;1m    # Check if exist errors in file[0m
job-core	Run # Realizamos el check del documento md 	2025-04-23T10:47:35.7509179Z [36;1m    # Abre el fichero en modo lectura y lee todas las l√≠neas[0m
job-core	Run # Realizamos el check del documento md 	2025-04-23T10:47:35.7509472Z [36;1m    lines=$(cat core/outputs/m/mdlint-results-14575967087.txt)[0m
job-core	Run # Realizamos el check del documento md 	2025-04-23T10:47:35.7509733Z [36;1m    # Inicializa la variable summary_value[0m
job-core	Run # Realizamos el check del documento md 	2025-04-23T10:47:35.7509937Z [36;1m    summary_value=""[0m
job-core	Run # Realizamos el check del documento md 	2025-04-23T10:47:35.7510138Z [36;1m    # Busca la l√≠nea que contiene "Summary:"[0m
job-core	Run # Realizamos el check del documento md 	2025-04-23T10:47:35.7510360Z [36;1m    while IFS= read -r line; do[0m
job-core	Run # Realizamos el check del documento md 	2025-04-23T10:47:35.7510603Z [36;1m        if [[ "$line" == *"Summary:"* ]]; then[0m
job-core	Run # Realizamos el check del documento md 	2025-04-23T10:47:35.7510832Z [36;1m            # Extrae el n√∫mero despu√©s de "Summary:"[0m
job-core	Run # Realizamos el check del documento md 	2025-04-23T10:47:35.7511134Z [36;1m            summary_value=$(echo "$line" | awk -F'Summary: ' '{print $2}' | awk '{print $1}')[0m
job-core	Run # Realizamos el check del documento md 	2025-04-23T10:47:35.7511406Z [36;1m            break[0m
job-core	Run # Realizamos el check del documento md 	2025-04-23T10:47:35.7511570Z [36;1m        fi[0m
job-core	Run # Realizamos el check del documento md 	2025-04-23T10:47:35.7511731Z [36;1m    done <<< "$lines"[0m
job-core	Run # Realizamos el check del documento md 	2025-04-23T10:47:35.7511914Z [36;1m    # Comprueba si el valor es cero[0m
job-core	Run # Realizamos el check del documento md 	2025-04-23T10:47:35.7512473Z [36;1m    if [ "$summary_value" == "0" ]; then[0m
job-core	Run # Realizamos el check del documento md 	2025-04-23T10:47:35.7512837Z [36;1m      echo "File core/outputs/m/mdlint-results-14575967087.txt is empty and $file is content correct"[0m
job-core	Run # Realizamos el check del documento md 	2025-04-23T10:47:35.7513483Z [36;1m      KAOS_ISSUE_BODY="The [Ka0S] MDLINT process (14575963319) launch the check (14575967087) over file (core/docs/ka0s/ka0s_metodologia.md) and its result has been SUCCESS. Please MERGE"[0m
job-core	Run # Realizamos el check del documento md 	2025-04-23T10:47:35.7514011Z [36;1m      gh issue comment 329 -b "$KAOS_ISSUE_BODY"[0m
job-core	Run # Realizamos el check del documento md 	2025-04-23T10:47:35.7514294Z [36;1m      gh issue comment  329 -F core/outputs/m/mdlint-results-14575967087.txt[0m
job-core	Run # Realizamos el check del documento md 	2025-04-23T10:47:35.7514552Z [36;1m    else[0m
job-core	Run # Realizamos el check del documento md 	2025-04-23T10:47:35.7514992Z [36;1m      echo "File core/outputs/m/mdlint-results-14575967087.txt is not empty and $file is content not correct and write commit info"[0m
job-core	Run # Realizamos el check del documento md 	2025-04-23T10:47:35.7515664Z [36;1m      KAOS_ISSUE_BODY="The [Ka0S] MDLINT process (14575963319) launch the check (14575967087) over file (core/docs/ka0s/ka0s_metodologia.md) and its result has been FAILED, please check and solved it"[0m
job-core	Run # Realizamos el check del documento md 	2025-04-23T10:47:35.7516169Z [36;1m      gh issue comment 329 -b "$KAOS_ISSUE_BODY"[0m
job-core	Run # Realizamos el check del documento md 	2025-04-23T10:47:35.7516450Z [36;1m      gh issue comment  329 -F core/outputs/m/mdlint-results-14575967087.txt[0m
job-core	Run # Realizamos el check del documento md 	2025-04-23T10:47:35.7516726Z [36;1m    fi[0m
job-core	Run # Realizamos el check del documento md 	2025-04-23T10:47:35.7522752Z shell: /usr/bin/bash -e {0}
job-core	Run # Realizamos el check del documento md 	2025-04-23T10:47:35.7522947Z env:
job-core	Run # Realizamos el check del documento md 	2025-04-23T10:47:35.7523111Z   KAOS_MODULE: [Ka0S] MDLINT
job-core	Run # Realizamos el check del documento md 	2025-04-23T10:47:35.7523465Z   GH_TOKEN: ***
job-core	Run # Realizamos el check del documento md 	2025-04-23T10:47:35.7523612Z   FILE_ERROR: 
job-core	Run # Realizamos el check del documento md 	2025-04-23T10:47:35.7523783Z   KAOS_MD_CONFIG: core/config/.markdownlint.json
job-core	Run # Realizamos el check del documento md 	2025-04-23T10:47:35.7524009Z   KAOS_PATH_RESUME: core/outputs/m/
job-core	Run # Realizamos el check del documento md 	2025-04-23T10:47:35.7524215Z   KAOS_REPO: /actions-runner/_work/kaos/kaos
job-core	Run # Realizamos el check del documento md 	2025-04-23T10:47:35.7524409Z   KAOS_STEP_MODULE: 
job-core	Run # Realizamos el check del documento md 	2025-04-23T10:47:35.7524567Z   KAOS_CODE: 14575967087
job-core	Run # Realizamos el check del documento md 	2025-04-23T10:47:35.7524726Z ##[endgroup]
job-core	Run # Realizamos el check del documento md 	2025-04-23T10:47:35.9114879Z File core/outputs/m/mdlint-results-14575967087.txt is empty and  is content correct
job-core	Run # Realizamos el check del documento md 	2025-04-23T10:47:37.3367968Z https://github.com/Ka0s-Klaus/ka0s/issues/329#issuecomment-2823877918
job-core	Run # Realizamos el check del documento md 	2025-04-23T10:47:38.6721431Z https://github.com/Ka0s-Klaus/ka0s/issues/329#issuecomment-2823877970
job-core	Post Run actions/setup-node@v4	Ôªø2025-04-23T10:47:38.6779393Z Post job cleanup.
job-core	Post Run actions/checkout@v4	Ôªø2025-04-23T10:47:38.7897941Z Post job cleanup.
job-core	Post Run actions/checkout@v4	2025-04-23T10:47:38.8513552Z [command]/usr/bin/git version
job-core	Post Run actions/checkout@v4	2025-04-23T10:47:38.8541639Z git version 2.43.0
job-core	Post Run actions/checkout@v4	2025-04-23T10:47:38.8581260Z Copying '/home/kaos/.gitconfig' to '/actions-runner/_work/_temp/7a3916ce-ac67-4c34-be49-0f896cbd438b/.gitconfig'
job-core	Post Run actions/checkout@v4	2025-04-23T10:47:38.8596472Z Temporarily overriding HOME='/actions-runner/_work/_temp/7a3916ce-ac67-4c34-be49-0f896cbd438b' before making global git config changes
job-core	Post Run actions/checkout@v4	2025-04-23T10:47:38.8597040Z Adding repository directory to the temporary git global config as a safe directory
job-core	Post Run actions/checkout@v4	2025-04-23T10:47:38.8601835Z [command]/usr/bin/git config --global --add safe.directory /actions-runner/_work/ka0s/ka0s
job-core	Post Run actions/checkout@v4	2025-04-23T10:47:38.8637880Z [command]/usr/bin/git config --local --name-only --get-regexp core\.sshCommand
job-core	Post Run actions/checkout@v4	2025-04-23T10:47:38.8667893Z [command]/usr/bin/git submodule foreach --recursive sh -c "git config --local --name-only --get-regexp 'core\.sshCommand' && git config --local --unset-all 'core.sshCommand' || :"
job-core	Post Run actions/checkout@v4	2025-04-23T10:47:38.8897975Z [command]/usr/bin/git config --local --name-only --get-regexp http\.https\:\/\/github\.com\/\.extraheader
job-core	Post Run actions/checkout@v4	2025-04-23T10:47:38.8917711Z http.https://github.com/.extraheader
job-core	Post Run actions/checkout@v4	2025-04-23T10:47:38.8929152Z [command]/usr/bin/git config --local --unset-all http.https://github.com/.extraheader
job-core	Post Run actions/checkout@v4	2025-04-23T10:47:38.8961937Z [command]/usr/bin/git submodule foreach --recursive sh -c "git config --local --name-only --get-regexp 'http\.https\:\/\/github\.com\/\.extraheader' && git config --local --unset-all 'http.https://github.com/.extraheader' || :"
job-core	Complete job	Ôªø2025-04-23T10:47:38.9274197Z Cleaning up orphan processes
handle-success	Set up job	Ôªø2025-04-23T10:56:50.4198641Z Current runner version: '2.323.0'
handle-success	Set up job	2025-04-23T10:56:50.4202741Z Runner name: 'ka0s-9'
handle-success	Set up job	2025-04-23T10:56:50.4203424Z Machine name: '26a53205c9ac'
handle-success	Set up job	2025-04-23T10:56:50.4205003Z ##[group]GITHUB_TOKEN Permissions
handle-success	Set up job	2025-04-23T10:56:50.4206494Z Actions: write
handle-success	Set up job	2025-04-23T10:56:50.4206801Z Contents: write
handle-success	Set up job	2025-04-23T10:56:50.4207090Z Issues: write
handle-success	Set up job	2025-04-23T10:56:50.4207368Z Metadata: read
handle-success	Set up job	2025-04-23T10:56:50.4207637Z PullRequests: write
handle-success	Set up job	2025-04-23T10:56:50.4207920Z ##[endgroup]
handle-success	Set up job	2025-04-23T10:56:50.4209281Z Secret source: Actions
handle-success	Set up job	2025-04-23T10:56:50.4209642Z Prepare workflow directory
handle-success	Set up job	2025-04-23T10:56:50.4631799Z Prepare all required actions
handle-success	Set up job	2025-04-23T10:56:50.4660061Z Getting action download info
handle-success	Set up job	2025-04-23T10:56:50.9976741Z Download action repository 'actions/checkout@v4' (SHA:11bd71901bbe5b1630ceea73d27597364c9af683)
handle-success	Set up job	2025-04-23T10:56:51.7286894Z Complete job name: handle-success
handle-success	Checkout code	Ôªø2025-04-23T10:56:51.7649939Z ##[group]Run actions/checkout@v4
handle-success	Checkout code	2025-04-23T10:56:51.7650800Z with:
handle-success	Checkout code	2025-04-23T10:56:51.7651146Z   fetch-depth: 0
handle-success	Checkout code	2025-04-23T10:56:51.7651903Z   token: ***
handle-success	Checkout code	2025-04-23T10:56:51.7652348Z   repository: Ka0s-Klaus/ka0s
handle-success	Checkout code	2025-04-23T10:56:51.7652782Z   ssh-strict: true
handle-success	Checkout code	2025-04-23T10:56:51.7653139Z   ssh-user: git
handle-success	Checkout code	2025-04-23T10:56:51.7653495Z   persist-credentials: true
handle-success	Checkout code	2025-04-23T10:56:51.7653823Z   clean: true
handle-success	Checkout code	2025-04-23T10:56:51.7654121Z   sparse-checkout-cone-mode: true
handle-success	Checkout code	2025-04-23T10:56:51.7654476Z   fetch-tags: false
handle-success	Checkout code	2025-04-23T10:56:51.7654772Z   show-progress: true
handle-success	Checkout code	2025-04-23T10:56:51.7655081Z   lfs: false
handle-success	Checkout code	2025-04-23T10:56:51.7655360Z   submodules: false
handle-success	Checkout code	2025-04-23T10:56:51.7655674Z   set-safe-directory: true
handle-success	Checkout code	2025-04-23T10:56:51.7656136Z env:
handle-success	Checkout code	2025-04-23T10:56:51.7656409Z   KAOS_MODULE: [Ka0S] MDLINT
handle-success	Checkout code	2025-04-23T10:56:51.7656841Z   GH_TOKEN: ***
handle-success	Checkout code	2025-04-23T10:56:51.7657124Z   FILE_ERROR: 
handle-success	Checkout code	2025-04-23T10:56:51.7657441Z   KAOS_MD_CONFIG: core/config/.markdownlint.json
handle-success	Checkout code	2025-04-23T10:56:51.7657878Z   KAOS_PATH_RESUME: core/outputs/m/
handle-success	Checkout code	2025-04-23T10:56:51.7658286Z   KAOS_REPO: /actions-runner/_work/kaos/kaos
handle-success	Checkout code	2025-04-23T10:56:51.7658691Z   KAOS_STEP_MODULE: 
handle-success	Checkout code	2025-04-23T10:56:51.7658992Z   KAOS_CODE: 14575967087
handle-success	Checkout code	2025-04-23T10:56:51.7659304Z ##[endgroup]
handle-success	Checkout code	2025-04-23T10:56:51.8424975Z Syncing repository: Ka0s-Klaus/ka0s
handle-success	Checkout code	2025-04-23T10:56:51.8426391Z ##[group]Getting Git version info
handle-success	Checkout code	2025-04-23T10:56:51.8426853Z Working directory is '/actions-runner/_work/ka0s/ka0s'
handle-success	Checkout code	2025-04-23T10:56:51.8427520Z [command]/usr/bin/git version
handle-success	Checkout code	2025-04-23T10:56:51.8427873Z git version 2.43.0
handle-success	Checkout code	2025-04-23T10:56:51.8436541Z ##[endgroup]
handle-success	Checkout code	2025-04-23T10:56:51.8442664Z Copying '/home/kaos/.gitconfig' to '/actions-runner/_work/_temp/cb643a00-4321-4269-990c-a632041f71bb/.gitconfig'
handle-success	Checkout code	2025-04-23T10:56:51.8450433Z Temporarily overriding HOME='/actions-runner/_work/_temp/cb643a00-4321-4269-990c-a632041f71bb' before making global git config changes
handle-success	Checkout code	2025-04-23T10:56:51.8452280Z Adding repository directory to the temporary git global config as a safe directory
handle-success	Checkout code	2025-04-23T10:56:51.8453381Z [command]/usr/bin/git config --global --add safe.directory /actions-runner/_work/ka0s/ka0s
handle-success	Checkout code	2025-04-23T10:56:51.8485013Z [command]/usr/bin/git config --local --get remote.origin.url
handle-success	Checkout code	2025-04-23T10:56:51.8501372Z https://github.com/Ka0s-Klaus/ka0s
handle-success	Checkout code	2025-04-23T10:56:51.8511667Z ##[group]Removing previously created refs, to avoid conflicts
handle-success	Checkout code	2025-04-23T10:56:51.8514175Z [command]/usr/bin/git rev-parse --symbolic-full-name --verify --quiet HEAD
handle-success	Checkout code	2025-04-23T10:56:51.8533680Z refs/heads/H34-modulo-iac-kaos
handle-success	Checkout code	2025-04-23T10:56:51.8539350Z [command]/usr/bin/git checkout --detach
handle-success	Checkout code	2025-04-23T10:56:51.9180592Z HEAD is now at 678d2304 [Ka0S] Uploading resume execution files to the repository...
handle-success	Checkout code	2025-04-23T10:56:51.9218510Z [command]/usr/bin/git branch --delete --force H34-modulo-iac-kaos
handle-success	Checkout code	2025-04-23T10:56:51.9249398Z Deleted branch H34-modulo-iac-kaos (was 678d2304).
handle-success	Checkout code	2025-04-23T10:56:51.9302507Z ##[endgroup]
handle-success	Checkout code	2025-04-23T10:56:51.9303788Z [command]/usr/bin/git submodule status
handle-success	Checkout code	2025-04-23T10:56:51.9522197Z ##[group]Cleaning the repository
handle-success	Checkout code	2025-04-23T10:56:51.9526475Z [command]/usr/bin/git clean -ffdx
handle-success	Checkout code	2025-04-23T10:56:51.9553863Z Removing core/outputs/j/jsonlint-results-14102529154.txt
handle-success	Checkout code	2025-04-23T10:56:51.9560150Z [command]/usr/bin/git reset --hard HEAD
handle-success	Checkout code	2025-04-23T10:56:51.9619008Z HEAD is now at 678d2304 [Ka0S] Uploading resume execution files to the repository...
handle-success	Checkout code	2025-04-23T10:56:51.9621587Z ##[endgroup]
handle-success	Checkout code	2025-04-23T10:56:51.9622678Z ##[group]Disabling automatic garbage collection
handle-success	Checkout code	2025-04-23T10:56:51.9626748Z [command]/usr/bin/git config --local gc.auto 0
handle-success	Checkout code	2025-04-23T10:56:51.9652576Z ##[endgroup]
handle-success	Checkout code	2025-04-23T10:56:51.9653239Z ##[group]Setting up auth
handle-success	Checkout code	2025-04-23T10:56:51.9659417Z [command]/usr/bin/git config --local --name-only --get-regexp core\.sshCommand
handle-success	Checkout code	2025-04-23T10:56:51.9686427Z [command]/usr/bin/git submodule foreach --recursive sh -c "git config --local --name-only --get-regexp 'core\.sshCommand' && git config --local --unset-all 'core.sshCommand' || :"
handle-success	Checkout code	2025-04-23T10:56:51.9899692Z [command]/usr/bin/git config --local --name-only --get-regexp http\.https\:\/\/github\.com\/\.extraheader
handle-success	Checkout code	2025-04-23T10:56:51.9923632Z [command]/usr/bin/git submodule foreach --recursive sh -c "git config --local --name-only --get-regexp 'http\.https\:\/\/github\.com\/\.extraheader' && git config --local --unset-all 'http.https://github.com/.extraheader' || :"
handle-success	Checkout code	2025-04-23T10:56:52.0148262Z [command]/usr/bin/git config --local http.https://github.com/.extraheader AUTHORIZATION: basic ***
handle-success	Checkout code	2025-04-23T10:56:52.0176479Z ##[endgroup]
handle-success	Checkout code	2025-04-23T10:56:52.0177049Z ##[group]Fetching the repository
handle-success	Checkout code	2025-04-23T10:56:52.0180512Z [command]/usr/bin/git -c protocol.version=2 fetch --prune --no-recurse-submodules origin +refs/heads/*:refs/remotes/origin/* +refs/tags/*:refs/tags/*
handle-success	Checkout code	2025-04-23T10:56:52.4930712Z From https://github.com/Ka0s-Klaus/ka0s
handle-success	Checkout code	2025-04-23T10:56:52.4931842Z  - [deleted]           (none)     -> origin/H34-modulo-iac-kaos
handle-success	Checkout code	2025-04-23T10:56:52.7218589Z    24fbec71..771849ee  main       -> origin/main
handle-success	Checkout code	2025-04-23T10:56:52.7253047Z [command]/usr/bin/git branch --list --remote origin/H329-documentacion-metodologia-de-kaos
handle-success	Checkout code	2025-04-23T10:56:52.7276993Z   origin/H329-documentacion-metodologia-de-kaos
handle-success	Checkout code	2025-04-23T10:56:52.7285717Z [command]/usr/bin/git rev-parse refs/remotes/origin/H329-documentacion-metodologia-de-kaos
handle-success	Checkout code	2025-04-23T10:56:52.7303286Z 5d74665b8380d933e7d57ec7b0a4d5f3c9bea086
handle-success	Checkout code	2025-04-23T10:56:52.7310429Z [command]/usr/bin/git -c protocol.version=2 fetch --no-tags --prune --no-recurse-submodules origin +5f70b7dee56e03652b731e46b65e993210deec79:refs/remotes/origin/H329-documentacion-metodologia-de-kaos
handle-success	Checkout code	2025-04-23T10:56:52.7420911Z From https://github.com/Ka0s-Klaus/ka0s
handle-success	Checkout code	2025-04-23T10:56:52.7423345Z  + 5d74665b...5f70b7de 5f70b7dee56e03652b731e46b65e993210deec79 -> origin/H329-documentacion-metodologia-de-kaos  (forced update)
handle-success	Checkout code	2025-04-23T10:56:52.7440329Z ##[endgroup]
handle-success	Checkout code	2025-04-23T10:56:52.7441336Z ##[group]Determining the checkout info
handle-success	Checkout code	2025-04-23T10:56:52.7442674Z ##[endgroup]
handle-success	Checkout code	2025-04-23T10:56:52.7445123Z [command]/usr/bin/git sparse-checkout disable
handle-success	Checkout code	2025-04-23T10:56:52.7480561Z [command]/usr/bin/git config --local --unset-all extensions.worktreeConfig
handle-success	Checkout code	2025-04-23T10:56:52.7506260Z ##[group]Checking out the ref
handle-success	Checkout code	2025-04-23T10:56:52.7511489Z [command]/usr/bin/git checkout --progress --force -B H329-documentacion-metodologia-de-kaos refs/remotes/origin/H329-documentacion-metodologia-de-kaos
handle-success	Checkout code	2025-04-23T10:56:53.1607133Z Previous HEAD position was 678d2304 [Ka0S] Uploading resume execution files to the repository...
handle-success	Checkout code	2025-04-23T10:56:53.1609533Z Switched to a new branch 'H329-documentacion-metodologia-de-kaos'
handle-success	Checkout code	2025-04-23T10:56:53.1611597Z branch 'H329-documentacion-metodologia-de-kaos' set up to track 'origin/H329-documentacion-metodologia-de-kaos'.
handle-success	Checkout code	2025-04-23T10:56:53.1641553Z ##[endgroup]
handle-success	Checkout code	2025-04-23T10:56:53.1678471Z [command]/usr/bin/git log -1 --format=%H
handle-success	Checkout code	2025-04-23T10:56:53.1704052Z 5f70b7dee56e03652b731e46b65e993210deec79
handle-success	handle-success-execution	Ôªø2025-04-23T10:56:53.1873415Z ##[group]Run # Si todo ha ido correcto a√±adimos el contenido del fichero 
handle-success	handle-success-execution	2025-04-23T10:56:53.1874967Z [36;1m# Si todo ha ido correcto a√±adimos el contenido del fichero [0m
handle-success	handle-success-execution	2025-04-23T10:56:53.1876612Z [36;1mRNNUMBER=$(echo "refs/heads/H329-documentacion-metodologia-de-kaos" | grep -o '[0-9]*')[0m
handle-success	handle-success-execution	2025-04-23T10:56:53.1879394Z [36;1mgh issue comment $RNNUMBER --body "El proceso ha finalizado correctamente 14575967087. El resultado est√° en el fichero core/results/event_data14575967087.log"[0m
handle-success	handle-success-execution	2025-04-23T10:56:53.1889215Z shell: /usr/bin/bash -e {0}
handle-success	handle-success-execution	2025-04-23T10:56:53.1890209Z env:
handle-success	handle-success-execution	2025-04-23T10:56:53.1890790Z   KAOS_MODULE: [Ka0S] MDLINT
handle-success	handle-success-execution	2025-04-23T10:56:53.1892048Z   GH_TOKEN: ***
handle-success	handle-success-execution	2025-04-23T10:56:53.1892763Z   FILE_ERROR: 
handle-success	handle-success-execution	2025-04-23T10:56:53.1893569Z   KAOS_MD_CONFIG: core/config/.markdownlint.json
handle-success	handle-success-execution	2025-04-23T10:56:53.1894498Z   KAOS_PATH_RESUME: core/outputs/m/
handle-success	handle-success-execution	2025-04-23T10:56:53.1895342Z   KAOS_REPO: /actions-runner/_work/kaos/kaos
handle-success	handle-success-execution	2025-04-23T10:56:53.1896187Z   KAOS_STEP_MODULE: 
handle-success	handle-success-execution	2025-04-23T10:56:53.1896886Z   KAOS_CODE: 14575967087
handle-success	handle-success-execution	2025-04-23T10:56:53.1897542Z ##[endgroup]
handle-success	handle-success-execution	2025-04-23T10:56:54.5059006Z https://github.com/Ka0s-Klaus/ka0s/issues/329#issuecomment-2823899377
handle-success	Post Checkout code	Ôªø2025-04-23T10:56:54.5120026Z Post job cleanup.
handle-success	Post Checkout code	2025-04-23T10:56:54.5775627Z [command]/usr/bin/git version
handle-success	Post Checkout code	2025-04-23T10:56:54.5803548Z git version 2.43.0
handle-success	Post Checkout code	2025-04-23T10:56:54.5845732Z Copying '/home/kaos/.gitconfig' to '/actions-runner/_work/_temp/626715ac-78a8-4f31-b6a1-679160f97d74/.gitconfig'
handle-success	Post Checkout code	2025-04-23T10:56:54.5856854Z Temporarily overriding HOME='/actions-runner/_work/_temp/626715ac-78a8-4f31-b6a1-679160f97d74' before making global git config changes
handle-success	Post Checkout code	2025-04-23T10:56:54.5857618Z Adding repository directory to the temporary git global config as a safe directory
handle-success	Post Checkout code	2025-04-23T10:56:54.5861034Z [command]/usr/bin/git config --global --add safe.directory /actions-runner/_work/ka0s/ka0s
handle-success	Post Checkout code	2025-04-23T10:56:54.5886982Z [command]/usr/bin/git config --local --name-only --get-regexp core\.sshCommand
handle-success	Post Checkout code	2025-04-23T10:56:54.5921391Z [command]/usr/bin/git submodule foreach --recursive sh -c "git config --local --name-only --get-regexp 'core\.sshCommand' && git config --local --unset-all 'core.sshCommand' || :"
handle-success	Post Checkout code	2025-04-23T10:56:54.6141528Z [command]/usr/bin/git config --local --name-only --get-regexp http\.https\:\/\/github\.com\/\.extraheader
handle-success	Post Checkout code	2025-04-23T10:56:54.6164912Z http.https://github.com/.extraheader
handle-success	Post Checkout code	2025-04-23T10:56:54.6176439Z [command]/usr/bin/git config --local --unset-all http.https://github.com/.extraheader
handle-success	Post Checkout code	2025-04-23T10:56:54.6209741Z [command]/usr/bin/git submodule foreach --recursive sh -c "git config --local --name-only --get-regexp 'http\.https\:\/\/github\.com\/\.extraheader' && git config --local --unset-all 'http.https://github.com/.extraheader' || :"
handle-success	Complete job	Ôªø2025-04-23T10:56:54.6512263Z Cleaning up orphan processes
end-workflow	Set up job	Ôªø2025-04-23T11:07:40.1791557Z Current runner version: '2.323.0'
end-workflow	Set up job	2025-04-23T11:07:40.1796152Z Runner name: 'ka0s-9'
end-workflow	Set up job	2025-04-23T11:07:40.1796797Z Machine name: '26a53205c9ac'
end-workflow	Set up job	2025-04-23T11:07:40.1798401Z ##[group]GITHUB_TOKEN Permissions
end-workflow	Set up job	2025-04-23T11:07:40.1799806Z Actions: write
end-workflow	Set up job	2025-04-23T11:07:40.1800121Z Contents: write
end-workflow	Set up job	2025-04-23T11:07:40.1800412Z Issues: write
end-workflow	Set up job	2025-04-23T11:07:40.1800673Z Metadata: read
end-workflow	Set up job	2025-04-23T11:07:40.1800944Z PullRequests: write
end-workflow	Set up job	2025-04-23T11:07:40.1801230Z ##[endgroup]
end-workflow	Set up job	2025-04-23T11:07:40.1802842Z Secret source: Actions
end-workflow	Set up job	2025-04-23T11:07:40.1803281Z Prepare workflow directory
end-workflow	Set up job	2025-04-23T11:07:40.2197124Z Prepare all required actions
end-workflow	Set up job	2025-04-23T11:07:40.2223547Z Getting action download info
end-workflow	Set up job	2025-04-23T11:07:40.6926552Z Download action repository 'actions/checkout@v4' (SHA:11bd71901bbe5b1630ceea73d27597364c9af683)
end-workflow	Set up job	2025-04-23T11:07:41.3949956Z Complete job name: end-workflow
end-workflow	Checkout code	Ôªø2025-04-23T11:07:41.4240772Z ##[group]Run actions/checkout@v4
end-workflow	Checkout code	2025-04-23T11:07:41.4241354Z with:
end-workflow	Checkout code	2025-04-23T11:07:41.4241643Z   fetch-depth: 0
end-workflow	Checkout code	2025-04-23T11:07:41.4242222Z   token: ***
end-workflow	Checkout code	2025-04-23T11:07:41.4242519Z   repository: Ka0s-Klaus/ka0s
end-workflow	Checkout code	2025-04-23T11:07:41.4242876Z   ssh-strict: true
end-workflow	Checkout code	2025-04-23T11:07:41.4243178Z   ssh-user: git
end-workflow	Checkout code	2025-04-23T11:07:41.4243486Z   persist-credentials: true
end-workflow	Checkout code	2025-04-23T11:07:41.4265348Z   clean: true
end-workflow	Checkout code	2025-04-23T11:07:41.4265798Z   sparse-checkout-cone-mode: true
end-workflow	Checkout code	2025-04-23T11:07:41.4266185Z   fetch-tags: false
end-workflow	Checkout code	2025-04-23T11:07:41.4266511Z   show-progress: true
end-workflow	Checkout code	2025-04-23T11:07:41.4266833Z   lfs: false
end-workflow	Checkout code	2025-04-23T11:07:41.4267114Z   submodules: false
end-workflow	Checkout code	2025-04-23T11:07:41.4267453Z   set-safe-directory: true
end-workflow	Checkout code	2025-04-23T11:07:41.4268080Z env:
end-workflow	Checkout code	2025-04-23T11:07:41.4268367Z   KAOS_MODULE: [Ka0S] MDLINT
end-workflow	Checkout code	2025-04-23T11:07:41.4268906Z   GH_TOKEN: ***
end-workflow	Checkout code	2025-04-23T11:07:41.4269207Z   FILE_ERROR: 
end-workflow	Checkout code	2025-04-23T11:07:41.4269551Z   KAOS_MD_CONFIG: core/config/.markdownlint.json
end-workflow	Checkout code	2025-04-23T11:07:41.4269995Z   KAOS_PATH_RESUME: core/outputs/m/
end-workflow	Checkout code	2025-04-23T11:07:41.4270451Z   KAOS_REPO: /actions-runner/_work/kaos/kaos
end-workflow	Checkout code	2025-04-23T11:07:41.4270869Z   KAOS_STEP_MODULE: 
end-workflow	Checkout code	2025-04-23T11:07:41.4271192Z   KAOS_CODE: 14575967087
end-workflow	Checkout code	2025-04-23T11:07:41.4271515Z ##[endgroup]
end-workflow	Checkout code	2025-04-23T11:07:41.4978249Z Syncing repository: Ka0s-Klaus/ka0s
end-workflow	Checkout code	2025-04-23T11:07:41.4979753Z ##[group]Getting Git version info
end-workflow	Checkout code	2025-04-23T11:07:41.4980340Z Working directory is '/actions-runner/_work/ka0s/ka0s'
end-workflow	Checkout code	2025-04-23T11:07:41.4981239Z [command]/usr/bin/git version
end-workflow	Checkout code	2025-04-23T11:07:41.4981700Z git version 2.43.0
end-workflow	Checkout code	2025-04-23T11:07:41.4989233Z ##[endgroup]
end-workflow	Checkout code	2025-04-23T11:07:41.4999128Z Copying '/home/kaos/.gitconfig' to '/actions-runner/_work/_temp/d157f4f8-87e8-4ed5-8327-bc78faa48767/.gitconfig'
end-workflow	Checkout code	2025-04-23T11:07:41.5008801Z Temporarily overriding HOME='/actions-runner/_work/_temp/d157f4f8-87e8-4ed5-8327-bc78faa48767' before making global git config changes
end-workflow	Checkout code	2025-04-23T11:07:41.5010109Z Adding repository directory to the temporary git global config as a safe directory
end-workflow	Checkout code	2025-04-23T11:07:41.5011901Z [command]/usr/bin/git config --global --add safe.directory /actions-runner/_work/ka0s/ka0s
end-workflow	Checkout code	2025-04-23T11:07:41.5049694Z [command]/usr/bin/git config --local --get remote.origin.url
end-workflow	Checkout code	2025-04-23T11:07:41.5069292Z https://github.com/Ka0s-Klaus/ka0s
end-workflow	Checkout code	2025-04-23T11:07:41.5086005Z ##[group]Removing previously created refs, to avoid conflicts
end-workflow	Checkout code	2025-04-23T11:07:41.5089879Z [command]/usr/bin/git rev-parse --symbolic-full-name --verify --quiet HEAD
end-workflow	Checkout code	2025-04-23T11:07:41.5109740Z refs/heads/H215-modulo-de-summary
end-workflow	Checkout code	2025-04-23T11:07:41.5118323Z [command]/usr/bin/git checkout --detach
end-workflow	Checkout code	2025-04-23T11:07:41.5229880Z HEAD is now at 38e9d133 II PRUEBA DE NEW KAOS
end-workflow	Checkout code	2025-04-23T11:07:41.5259345Z [command]/usr/bin/git branch --delete --force H215-modulo-de-summary
end-workflow	Checkout code	2025-04-23T11:07:41.5289003Z Deleted branch H215-modulo-de-summary (was 38e9d133).
end-workflow	Checkout code	2025-04-23T11:07:41.5337043Z ##[endgroup]
end-workflow	Checkout code	2025-04-23T11:07:41.5339645Z [command]/usr/bin/git submodule status
end-workflow	Checkout code	2025-04-23T11:07:41.5563480Z ##[group]Cleaning the repository
end-workflow	Checkout code	2025-04-23T11:07:41.5567737Z [command]/usr/bin/git clean -ffdx
end-workflow	Checkout code	2025-04-23T11:07:41.5618203Z [command]/usr/bin/git reset --hard HEAD
end-workflow	Checkout code	2025-04-23T11:07:41.5711159Z HEAD is now at 38e9d133 II PRUEBA DE NEW KAOS
end-workflow	Checkout code	2025-04-23T11:07:41.5713840Z ##[endgroup]
end-workflow	Checkout code	2025-04-23T11:07:41.5715012Z ##[group]Disabling automatic garbage collection
end-workflow	Checkout code	2025-04-23T11:07:41.5718371Z [command]/usr/bin/git config --local gc.auto 0
end-workflow	Checkout code	2025-04-23T11:07:41.5747453Z ##[endgroup]
end-workflow	Checkout code	2025-04-23T11:07:41.5748137Z ##[group]Setting up auth
end-workflow	Checkout code	2025-04-23T11:07:41.5750746Z [command]/usr/bin/git config --local --name-only --get-regexp core\.sshCommand
end-workflow	Checkout code	2025-04-23T11:07:41.5783430Z [command]/usr/bin/git submodule foreach --recursive sh -c "git config --local --name-only --get-regexp 'core\.sshCommand' && git config --local --unset-all 'core.sshCommand' || :"
end-workflow	Checkout code	2025-04-23T11:07:41.6007573Z [command]/usr/bin/git config --local --name-only --get-regexp http\.https\:\/\/github\.com\/\.extraheader
end-workflow	Checkout code	2025-04-23T11:07:41.6032958Z [command]/usr/bin/git submodule foreach --recursive sh -c "git config --local --name-only --get-regexp 'http\.https\:\/\/github\.com\/\.extraheader' && git config --local --unset-all 'http.https://github.com/.extraheader' || :"
end-workflow	Checkout code	2025-04-23T11:07:41.6263155Z [command]/usr/bin/git config --local http.https://github.com/.extraheader AUTHORIZATION: basic ***
end-workflow	Checkout code	2025-04-23T11:07:41.6295914Z ##[endgroup]
end-workflow	Checkout code	2025-04-23T11:07:41.6296937Z ##[group]Fetching the repository
end-workflow	Checkout code	2025-04-23T11:07:41.6298728Z [command]/usr/bin/git -c protocol.version=2 fetch --prune --no-recurse-submodules origin +refs/heads/*:refs/remotes/origin/* +refs/tags/*:refs/tags/*
end-workflow	Checkout code	2025-04-23T11:07:42.6929895Z From https://github.com/Ka0s-Klaus/ka0s
end-workflow	Checkout code	2025-04-23T11:07:42.6931650Z    38e9d133..be8bef88  H215-modulo-de-summary -> origin/H215-modulo-de-summary
end-workflow	Checkout code	2025-04-23T11:07:42.6933311Z    a16c5ed7..2462c6d3  main                   -> origin/main
end-workflow	Checkout code	2025-04-23T11:07:42.6964892Z [command]/usr/bin/git branch --list --remote origin/H329-documentacion-metodologia-de-kaos
end-workflow	Checkout code	2025-04-23T11:07:42.6990644Z   origin/H329-documentacion-metodologia-de-kaos
end-workflow	Checkout code	2025-04-23T11:07:42.6998011Z [command]/usr/bin/git rev-parse refs/remotes/origin/H329-documentacion-metodologia-de-kaos
end-workflow	Checkout code	2025-04-23T11:07:42.7016162Z 5d74665b8380d933e7d57ec7b0a4d5f3c9bea086
end-workflow	Checkout code	2025-04-23T11:07:42.7028222Z [command]/usr/bin/git -c protocol.version=2 fetch --no-tags --prune --no-recurse-submodules origin +5f70b7dee56e03652b731e46b65e993210deec79:refs/remotes/origin/H329-documentacion-metodologia-de-kaos
end-workflow	Checkout code	2025-04-23T11:07:42.7150788Z From https://github.com/Ka0s-Klaus/ka0s
end-workflow	Checkout code	2025-04-23T11:07:42.7153608Z  + 5d74665b...5f70b7de 5f70b7dee56e03652b731e46b65e993210deec79 -> origin/H329-documentacion-metodologia-de-kaos  (forced update)
end-workflow	Checkout code	2025-04-23T11:07:42.7168442Z ##[endgroup]
end-workflow	Checkout code	2025-04-23T11:07:42.7169657Z ##[group]Determining the checkout info
end-workflow	Checkout code	2025-04-23T11:07:42.7171114Z ##[endgroup]
end-workflow	Checkout code	2025-04-23T11:07:42.7172447Z [command]/usr/bin/git sparse-checkout disable
end-workflow	Checkout code	2025-04-23T11:07:42.7213468Z [command]/usr/bin/git config --local --unset-all extensions.worktreeConfig
end-workflow	Checkout code	2025-04-23T11:07:42.7238954Z ##[group]Checking out the ref
end-workflow	Checkout code	2025-04-23T11:07:42.7241868Z [command]/usr/bin/git checkout --progress --force -B H329-documentacion-metodologia-de-kaos refs/remotes/origin/H329-documentacion-metodologia-de-kaos
end-workflow	Checkout code	2025-04-23T11:07:42.9033087Z Previous HEAD position was 38e9d133 II PRUEBA DE NEW KAOS
end-workflow	Checkout code	2025-04-23T11:07:42.9038836Z Switched to a new branch 'H329-documentacion-metodologia-de-kaos'
end-workflow	Checkout code	2025-04-23T11:07:42.9041958Z branch 'H329-documentacion-metodologia-de-kaos' set up to track 'origin/H329-documentacion-metodologia-de-kaos'.
end-workflow	Checkout code	2025-04-23T11:07:42.9061941Z ##[endgroup]
end-workflow	Checkout code	2025-04-23T11:07:42.9098313Z [command]/usr/bin/git log -1 --format=%H
end-workflow	Checkout code	2025-04-23T11:07:42.9125386Z 5f70b7dee56e03652b731e46b65e993210deec79
end-workflow	Finaliza el workflow	Ôªø2025-04-23T11:07:42.9321324Z ##[group]Run echo "End process"
end-workflow	Finaliza el workflow	2025-04-23T11:07:42.9322573Z [36;1mecho "End process"[0m
end-workflow	Finaliza el workflow	2025-04-23T11:07:42.9324205Z [36;1mRNNUMBER=$(echo "refs/heads/H329-documentacion-metodologia-de-kaos" | grep -o '[0-9]*')[0m
end-workflow	Finaliza el workflow	2025-04-23T11:07:42.9326008Z [36;1mgh issue comment $RNNUMBER --body "Se finaliza Ka0s 14575967087"[0m
end-workflow	Finaliza el workflow	2025-04-23T11:07:42.9328262Z [36;1mgh workflow run inspector.yml --ref 'main' -f kaos-issue-id=$RNNUMBER -f kaos-workflow-id="14575967087" -f kaos-user-start=""[0m
end-workflow	Finaliza el workflow	2025-04-23T11:07:42.9337825Z shell: /usr/bin/bash -e {0}
end-workflow	Finaliza el workflow	2025-04-23T11:07:42.9339078Z env:
end-workflow	Finaliza el workflow	2025-04-23T11:07:42.9339862Z   KAOS_MODULE: [Ka0S] MDLINT
end-workflow	Finaliza el workflow	2025-04-23T11:07:42.9341154Z   GH_TOKEN: ***
end-workflow	Finaliza el workflow	2025-04-23T11:07:42.9341901Z   FILE_ERROR: 
end-workflow	Finaliza el workflow	2025-04-23T11:07:42.9342830Z   KAOS_MD_CONFIG: core/config/.markdownlint.json
end-workflow	Finaliza el workflow	2025-04-23T11:07:42.9343828Z   KAOS_PATH_RESUME: core/outputs/m/
end-workflow	Finaliza el workflow	2025-04-23T11:07:42.9344697Z   KAOS_REPO: /actions-runner/_work/kaos/kaos
end-workflow	Finaliza el workflow	2025-04-23T11:07:42.9345566Z   KAOS_STEP_MODULE: 
end-workflow	Finaliza el workflow	2025-04-23T11:07:42.9346230Z   KAOS_CODE: 14575967087
end-workflow	Finaliza el workflow	2025-04-23T11:07:42.9346959Z ##[endgroup]
end-workflow	Finaliza el workflow	2025-04-23T11:07:42.9390926Z End process
end-workflow	Finaliza el workflow	2025-04-23T11:07:43.9781331Z https://github.com/Ka0s-Klaus/ka0s/issues/329#issuecomment-2823927216
end-workflow	Post Checkout code	Ôªø2025-04-23T11:07:44.5569260Z Post job cleanup.
end-workflow	Post Checkout code	2025-04-23T11:07:44.6190108Z [command]/usr/bin/git version
end-workflow	Post Checkout code	2025-04-23T11:07:44.6217708Z git version 2.43.0
end-workflow	Post Checkout code	2025-04-23T11:07:44.6240142Z Copying '/home/kaos/.gitconfig' to '/actions-runner/_work/_temp/3db7a86e-9fe1-4d4f-8ad6-b8ce6cdf7338/.gitconfig'
end-workflow	Post Checkout code	2025-04-23T11:07:44.6251090Z Temporarily overriding HOME='/actions-runner/_work/_temp/3db7a86e-9fe1-4d4f-8ad6-b8ce6cdf7338' before making global git config changes
end-workflow	Post Checkout code	2025-04-23T11:07:44.6251812Z Adding repository directory to the temporary git global config as a safe directory
end-workflow	Post Checkout code	2025-04-23T11:07:44.6254745Z [command]/usr/bin/git config --global --add safe.directory /actions-runner/_work/ka0s/ka0s
end-workflow	Post Checkout code	2025-04-23T11:07:44.6285287Z [command]/usr/bin/git config --local --name-only --get-regexp core\.sshCommand
end-workflow	Post Checkout code	2025-04-23T11:07:44.6310056Z [command]/usr/bin/git submodule foreach --recursive sh -c "git config --local --name-only --get-regexp 'core\.sshCommand' && git config --local --unset-all 'core.sshCommand' || :"
end-workflow	Post Checkout code	2025-04-23T11:07:44.6537465Z [command]/usr/bin/git config --local --name-only --get-regexp http\.https\:\/\/github\.com\/\.extraheader
end-workflow	Post Checkout code	2025-04-23T11:07:44.6552989Z http.https://github.com/.extraheader
end-workflow	Post Checkout code	2025-04-23T11:07:44.6560019Z [command]/usr/bin/git config --local --unset-all http.https://github.com/.extraheader
end-workflow	Post Checkout code	2025-04-23T11:07:44.6581098Z [command]/usr/bin/git submodule foreach --recursive sh -c "git config --local --name-only --get-regexp 'http\.https\:\/\/github\.com\/\.extraheader' && git config --local --unset-all 'http.https://github.com/.extraheader' || :"
end-workflow	Complete job	Ôªø2025-04-23T11:07:44.6870637Z Cleaning up orphan processes
