job-core	Set up job	ï»¿2025-04-25T10:37:30.0744016Z Current runner version: '2.323.0'
job-core	Set up job	2025-04-25T10:37:30.0748516Z Runner name: 'ka0s-7'
job-core	Set up job	2025-04-25T10:37:30.0749073Z Machine name: '26a53205c9ac'
job-core	Set up job	2025-04-25T10:37:30.0750471Z ##[group]GITHUB_TOKEN Permissions
job-core	Set up job	2025-04-25T10:37:30.0751835Z Contents: read
job-core	Set up job	2025-04-25T10:37:30.0752142Z Metadata: read
job-core	Set up job	2025-04-25T10:37:30.0752429Z Packages: read
job-core	Set up job	2025-04-25T10:37:30.0752707Z ##[endgroup]
job-core	Set up job	2025-04-25T10:37:30.0754156Z Secret source: Actions
job-core	Set up job	2025-04-25T10:37:30.0754591Z Prepare workflow directory
job-core	Set up job	2025-04-25T10:37:30.1129812Z Prepare all required actions
job-core	Set up job	2025-04-25T10:37:30.1155943Z Getting action download info
job-core	Set up job	2025-04-25T10:37:30.6481982Z Download action repository 'actions/checkout@v3' (SHA:f43a0e5ff2bd294095638e18286ca9a3d1956744)
job-core	Set up job	2025-04-25T10:37:31.9107178Z Complete job name: job-core
job-core	Checkout repository	ï»¿2025-04-25T10:37:31.9437744Z ##[group]Run actions/checkout@v3
job-core	Checkout repository	2025-04-25T10:37:31.9438356Z with:
job-core	Checkout repository	2025-04-25T10:37:31.9438709Z   fetch-depth: 0
job-core	Checkout repository	2025-04-25T10:37:31.9439257Z   token: ***
job-core	Checkout repository	2025-04-25T10:37:31.9439632Z   repository: Ka0s-Klaus/ka0s
job-core	Checkout repository	2025-04-25T10:37:31.9440122Z   ssh-strict: true
job-core	Checkout repository	2025-04-25T10:37:31.9440509Z   persist-credentials: true
job-core	Checkout repository	2025-04-25T10:37:31.9440901Z   clean: true
job-core	Checkout repository	2025-04-25T10:37:31.9441271Z   sparse-checkout-cone-mode: true
job-core	Checkout repository	2025-04-25T10:37:31.9441745Z   fetch-tags: false
job-core	Checkout repository	2025-04-25T10:37:31.9442115Z   lfs: false
job-core	Checkout repository	2025-04-25T10:37:31.9442449Z   submodules: false
job-core	Checkout repository	2025-04-25T10:37:31.9442827Z   set-safe-directory: true
job-core	Checkout repository	2025-04-25T10:37:31.9443337Z env:
job-core	Checkout repository	2025-04-25T10:37:31.9443645Z   KAOS_CODE: 14662673159
job-core	Checkout repository	2025-04-25T10:37:31.9444040Z   KAOS_EVENT_NAME: workflow_dispatch
job-core	Checkout repository	2025-04-25T10:37:31.9444508Z   KAOS_ACTION: 
job-core	Checkout repository	2025-04-25T10:37:31.9445051Z   KAOS_REF: refs/heads/main
job-core	Checkout repository	2025-04-25T10:37:31.9445434Z   KAOS_MODULE: [Ka0S] Deploy Web Structure
job-core	Checkout repository	2025-04-25T10:37:31.9445909Z   KAOS_JSON_WEB: core/config/webs/webs.json
job-core	Checkout repository	2025-04-25T10:37:31.9446442Z   KAOS_JSON_RESUME: core/outputs/webs/
job-core	Checkout repository	2025-04-25T10:37:31.9446960Z   KAOS_JSON_DATA: core/web/data/data.json
job-core	Checkout repository	2025-04-25T10:37:31.9447420Z   KAOS_WEB_STRUCTURE: core/results/webs/
job-core	Checkout repository	2025-04-25T10:37:31.9447882Z   KAOS_ACTOR: jh0ny2k2
job-core	Checkout repository	2025-04-25T10:37:31.9448271Z ##[endgroup]
job-core	Checkout repository	2025-04-25T10:37:32.0006060Z Syncing repository: Ka0s-Klaus/ka0s
job-core	Checkout repository	2025-04-25T10:37:32.0007427Z ##[group]Getting Git version info
job-core	Checkout repository	2025-04-25T10:37:32.0007993Z Working directory is '/actions-runner/_work/ka0s/ka0s'
job-core	Checkout repository	2025-04-25T10:37:32.0008880Z [command]/usr/bin/git version
job-core	Checkout repository	2025-04-25T10:37:32.0009332Z git version 2.43.0
job-core	Checkout repository	2025-04-25T10:37:32.0030284Z ##[endgroup]
job-core	Checkout repository	2025-04-25T10:37:32.0045047Z Copying '/home/kaos/.gitconfig' to '/actions-runner/_work/_temp/82d3c434-2c6f-4913-af31-8acd34a7fb4a/.gitconfig'
job-core	Checkout repository	2025-04-25T10:37:32.0064486Z Temporarily overriding HOME='/actions-runner/_work/_temp/82d3c434-2c6f-4913-af31-8acd34a7fb4a' before making global git config changes
job-core	Checkout repository	2025-04-25T10:37:32.0066049Z Adding repository directory to the temporary git global config as a safe directory
job-core	Checkout repository	2025-04-25T10:37:32.0067146Z [command]/usr/bin/git config --global --add safe.directory /actions-runner/_work/ka0s/ka0s
job-core	Checkout repository	2025-04-25T10:37:32.0100563Z [command]/usr/bin/git config --local --get remote.origin.url
job-core	Checkout repository	2025-04-25T10:37:32.0113082Z https://github.com/Ka0s-Klaus/ka0s
job-core	Checkout repository	2025-04-25T10:37:32.0127495Z ##[group]Removing previously created refs, to avoid conflicts
job-core	Checkout repository	2025-04-25T10:37:32.0128713Z [command]/usr/bin/git rev-parse --symbolic-full-name --verify --quiet HEAD
job-core	Checkout repository	2025-04-25T10:37:32.0146059Z refs/heads/main
job-core	Checkout repository	2025-04-25T10:37:32.0150281Z [command]/usr/bin/git checkout --detach
job-core	Checkout repository	2025-04-25T10:37:32.0245219Z HEAD is now at 261bd697 [Ka0S] Uploading data files to web structure...
job-core	Checkout repository	2025-04-25T10:37:32.0282273Z [command]/usr/bin/git branch --delete --force main
job-core	Checkout repository	2025-04-25T10:37:32.0307549Z Deleted branch main (was 261bd697).
job-core	Checkout repository	2025-04-25T10:37:32.0363950Z ##[endgroup]
job-core	Checkout repository	2025-04-25T10:37:32.0364510Z [command]/usr/bin/git submodule status
job-core	Checkout repository	2025-04-25T10:37:32.0604351Z ##[group]Cleaning the repository
job-core	Checkout repository	2025-04-25T10:37:32.0605148Z [command]/usr/bin/git clean -ffdx
job-core	Checkout repository	2025-04-25T10:37:32.0645243Z [command]/usr/bin/git reset --hard HEAD
job-core	Checkout repository	2025-04-25T10:37:32.0765128Z HEAD is now at 261bd697 [Ka0S] Uploading data files to web structure...
job-core	Checkout repository	2025-04-25T10:37:32.0767496Z ##[endgroup]
job-core	Checkout repository	2025-04-25T10:37:32.0768259Z ##[group]Disabling automatic garbage collection
job-core	Checkout repository	2025-04-25T10:37:32.0769391Z [command]/usr/bin/git config --local gc.auto 0
job-core	Checkout repository	2025-04-25T10:37:32.0789418Z ##[endgroup]
job-core	Checkout repository	2025-04-25T10:37:32.0790389Z ##[group]Setting up auth
job-core	Checkout repository	2025-04-25T10:37:32.0791455Z [command]/usr/bin/git config --local --name-only --get-regexp core\.sshCommand
job-core	Checkout repository	2025-04-25T10:37:32.0814486Z [command]/usr/bin/git submodule foreach --recursive sh -c "git config --local --name-only --get-regexp 'core\.sshCommand' && git config --local --unset-all 'core.sshCommand' || :"
job-core	Checkout repository	2025-04-25T10:37:32.1057079Z [command]/usr/bin/git config --local --name-only --get-regexp http\.https\:\/\/github\.com\/\.extraheader
job-core	Checkout repository	2025-04-25T10:37:32.1079080Z [command]/usr/bin/git submodule foreach --recursive sh -c "git config --local --name-only --get-regexp 'http\.https\:\/\/github\.com\/\.extraheader' && git config --local --unset-all 'http.https://github.com/.extraheader' || :"
job-core	Checkout repository	2025-04-25T10:37:32.1319838Z [command]/usr/bin/git config --local http.https://github.com/.extraheader AUTHORIZATION: basic ***
job-core	Checkout repository	2025-04-25T10:37:32.1350245Z ##[endgroup]
job-core	Checkout repository	2025-04-25T10:37:32.1351077Z ##[group]Fetching the repository
job-core	Checkout repository	2025-04-25T10:37:32.1353761Z [command]/usr/bin/git -c protocol.version=2 fetch --prune --progress --no-recurse-submodules origin +refs/heads/*:refs/remotes/origin/* +refs/tags/*:refs/tags/*
job-core	Checkout repository	2025-04-25T10:37:32.8631692Z remote: Enumerating objects: 12, done.        
job-core	Checkout repository	2025-04-25T10:37:32.8632749Z remote: Counting objects:   8% (1/12)        
job-core	Checkout repository	2025-04-25T10:37:32.8633678Z remote: Counting objects:  16% (2/12)        
job-core	Checkout repository	2025-04-25T10:37:32.8634501Z remote: Counting objects:  25% (3/12)        
job-core	Checkout repository	2025-04-25T10:37:32.8635459Z remote: Counting objects:  33% (4/12)        
job-core	Checkout repository	2025-04-25T10:37:32.8636321Z remote: Counting objects:  41% (5/12)        
job-core	Checkout repository	2025-04-25T10:37:32.8637108Z remote: Counting objects:  50% (6/12)        
job-core	Checkout repository	2025-04-25T10:37:32.8637887Z remote: Counting objects:  58% (7/12)        
job-core	Checkout repository	2025-04-25T10:37:32.8638667Z remote: Counting objects:  66% (8/12)        
job-core	Checkout repository	2025-04-25T10:37:32.8639477Z remote: Counting objects:  75% (9/12)        
job-core	Checkout repository	2025-04-25T10:37:32.8640290Z remote: Counting objects:  83% (10/12)        
job-core	Checkout repository	2025-04-25T10:37:32.8641115Z remote: Counting objects:  91% (11/12)        
job-core	Checkout repository	2025-04-25T10:37:32.8641936Z remote: Counting objects: 100% (12/12)        
job-core	Checkout repository	2025-04-25T10:37:32.8642797Z remote: Counting objects: 100% (12/12), done.        
job-core	Checkout repository	2025-04-25T10:37:32.8643713Z remote: Compressing objects:  25% (1/4)        
job-core	Checkout repository	2025-04-25T10:37:32.8644694Z remote: Compressing objects:  50% (2/4)        
job-core	Checkout repository	2025-04-25T10:37:32.8645556Z remote: Compressing objects:  75% (3/4)        
job-core	Checkout repository	2025-04-25T10:37:32.8646442Z remote: Compressing objects: 100% (4/4)        
job-core	Checkout repository	2025-04-25T10:37:32.8647405Z remote: Compressing objects: 100% (4/4), done.        
job-core	Checkout repository	2025-04-25T10:37:32.8668492Z remote: Total 12 (delta 7), reused 12 (delta 7), pack-reused 0 (from 0)        
job-core	Checkout repository	2025-04-25T10:37:32.8888842Z From https://github.com/Ka0s-Klaus/ka0s
job-core	Checkout repository	2025-04-25T10:37:32.8890011Z    261bd697..7fe70c53  main       -> origin/main
job-core	Checkout repository	2025-04-25T10:37:32.8942565Z [command]/usr/bin/git branch --list --remote origin/main
job-core	Checkout repository	2025-04-25T10:37:32.8965752Z   origin/main
job-core	Checkout repository	2025-04-25T10:37:32.8972513Z [command]/usr/bin/git rev-parse refs/remotes/origin/main
job-core	Checkout repository	2025-04-25T10:37:32.8992749Z 7fe70c53d6fce9cf27606674ee0b0318da315b77
job-core	Checkout repository	2025-04-25T10:37:32.8996389Z ##[endgroup]
job-core	Checkout repository	2025-04-25T10:37:32.8997539Z ##[group]Determining the checkout info
job-core	Checkout repository	2025-04-25T10:37:32.8999239Z ##[endgroup]
job-core	Checkout repository	2025-04-25T10:37:32.9000436Z ##[group]Checking out the ref
job-core	Checkout repository	2025-04-25T10:37:32.9001747Z [command]/usr/bin/git checkout --progress --force -B main refs/remotes/origin/main
job-core	Checkout repository	2025-04-25T10:37:32.9153040Z Previous HEAD position was 261bd697 [Ka0S] Uploading data files to web structure...
job-core	Checkout repository	2025-04-25T10:37:32.9155149Z Switched to a new branch 'main'
job-core	Checkout repository	2025-04-25T10:37:32.9156259Z branch 'main' set up to track 'origin/main'.
job-core	Checkout repository	2025-04-25T10:37:32.9161435Z ##[endgroup]
job-core	Checkout repository	2025-04-25T10:37:32.9189730Z [command]/usr/bin/git log -1 --format='%H'
job-core	Checkout repository	2025-04-25T10:37:32.9209139Z '7fe70c53d6fce9cf27606674ee0b0318da315b77'
job-core	Copy web folder structure	ï»¿2025-04-25T10:37:32.9381202Z ##[group]Run # Tenemos que aÃ±adir al proceso que sea capaz de leer + de un json de creaciÃ³n de webs
job-core	Copy web folder structure	2025-04-25T10:37:32.9383134Z [36;1m# Tenemos que aÃ±adir al proceso que sea capaz de leer + de un json de creaciÃ³n de webs[0m
job-core	Copy web folder structure	2025-04-25T10:37:32.9384928Z [36;1m# si web esta creada la actualiza, sino la crea desde cero[0m
job-core	Copy web folder structure	2025-04-25T10:37:32.9386144Z [36;1m[0m
job-core	Copy web folder structure	2025-04-25T10:37:32.9386859Z [36;1m# Read the structure.json file to get folder names[0m
job-core	Copy web folder structure	2025-04-25T10:37:32.9387937Z [36;1mecho "0 - Reading structure.json file..."[0m
job-core	Copy web folder structure	2025-04-25T10:37:32.9388968Z [36;1mSTRUCTURE_FILE="core/config/webs/webs.json"[0m
job-core	Copy web folder structure	2025-04-25T10:37:32.9389862Z [36;1m[0m
job-core	Copy web folder structure	2025-04-25T10:37:32.9390475Z [36;1m# Extract title for main folder name[0m
job-core	Copy web folder structure	2025-04-25T10:37:32.9391693Z [36;1mTITLE=$(cat $STRUCTURE_FILE | grep -o '"title": *"[^"]*"' | cut -d'"' -f4)[0m
job-core	Copy web folder structure	2025-04-25T10:37:32.9393013Z [36;1mecho "I - Main folder will be named: $TITLE"[0m
job-core	Copy web folder structure	2025-04-25T10:37:32.9393881Z [36;1m[0m
job-core	Copy web folder structure	2025-04-25T10:37:32.9394539Z [36;1m# Create main directory[0m
job-core	Copy web folder structure	2025-04-25T10:37:32.9395543Z [36;1mmkdir -p "core/results/webs/$TITLE"[0m
job-core	Copy web folder structure	2025-04-25T10:37:32.9396611Z [36;1mtouch core/results/webs/$TITLE/$TITLE".html"[0m
job-core	Copy web folder structure	2025-04-25T10:37:32.9397580Z [36;1mmkdir -p "core/outputs/webs/$TITLE"[0m
job-core	Copy web folder structure	2025-04-25T10:37:32.9398510Z [36;1mtouch core/outputs/webs/$TITLE/readme.txt[0m
job-core	Copy web folder structure	2025-04-25T10:37:32.9399348Z [36;1m[0m
job-core	Copy web folder structure	2025-04-25T10:37:32.9400096Z [36;1m# Copy the directory structure (without files)[0m
job-core	Copy web folder structure	2025-04-25T10:37:32.9401098Z [36;1mfind core/web -type d | while read dir; do[0m
job-core	Copy web folder structure	2025-04-25T10:37:32.9401998Z [36;1m  if [ "$dir" != "core/web" ]; then[0m
job-core	Copy web folder structure	2025-04-25T10:37:32.9402916Z [36;1m    # Remove core/web prefix from directory path[0m
job-core	Copy web folder structure	2025-04-25T10:37:32.9403841Z [36;1m    clean_dir=${dir#core/web/}[0m
job-core	Copy web folder structure	2025-04-25T10:37:32.9404936Z [36;1m    echo "II - Created directory: $clean_dir"[0m
job-core	Copy web folder structure	2025-04-25T10:37:32.9406134Z [36;1m    target_dir="core/results/webs/$TITLE/$clean_dir"[0m
job-core	Copy web folder structure	2025-04-25T10:37:32.9407087Z [36;1m    mkdir -p "$target_dir"[0m
job-core	Copy web folder structure	2025-04-25T10:37:32.9407898Z [36;1m    touch $target_dir/$clean_dir".html"[0m
job-core	Copy web folder structure	2025-04-25T10:37:32.9408849Z [36;1m    echo "II - Created directory: $target_dir"[0m
job-core	Copy web folder structure	2025-04-25T10:37:32.9409772Z [36;1m  fi[0m
job-core	Copy web folder structure	2025-04-25T10:37:32.9410285Z [36;1mdone[0m
job-core	Copy web folder structure	2025-04-25T10:37:32.9410800Z [36;1m[0m
job-core	Copy web folder structure	2025-04-25T10:37:32.9411437Z [36;1m# Extract section names and create subfolders[0m
job-core	Copy web folder structure	2025-04-25T10:37:32.9412739Z [36;1mcat $STRUCTURE_FILE | grep -o '"section[^"]*": *"[^"]*"' | while read -r section; do[0m
job-core	Copy web folder structure	2025-04-25T10:37:32.9414071Z [36;1m  SECTION_NAME=$(echo $section | cut -d'"' -f4)[0m
job-core	Copy web folder structure	2025-04-25T10:37:32.9415306Z [36;1m  echo "III - Creating subfolder: $SECTION_NAME"[0m
job-core	Copy web folder structure	2025-04-25T10:37:32.9416575Z [36;1m  mkdir -p "core/results/webs/$TITLE/structure/$SECTION_NAME"[0m
job-core	Copy web folder structure	2025-04-25T10:37:32.9418032Z [36;1m  touch core/results/webs/$TITLE/structure/$SECTION_NAME/$SECTION_NAME".html"[0m
job-core	Copy web folder structure	2025-04-25T10:37:32.9419229Z [36;1mdone[0m
job-core	Copy web folder structure	2025-04-25T10:37:32.9419744Z [36;1m[0m
job-core	Copy web folder structure	2025-04-25T10:37:32.9420431Z [36;1m# Create a JSON file with the structure information[0m
job-core	Copy web folder structure	2025-04-25T10:37:32.9421549Z [36;1mecho "[" > core/outputs/webs/$TITLE/$TITLE"_resume.json"[0m
job-core	Copy web folder structure	2025-04-25T10:37:32.9422548Z [36;1m# Find all files and directories[0m
job-core	Copy web folder structure	2025-04-25T10:37:32.9423693Z [36;1mfind core/results/webs/ -type f -o -type d | sort | while read path; do[0m
job-core	Copy web folder structure	2025-04-25T10:37:32.9424948Z [36;1m  if [ "$path" != "core/results/webs/" ]; then[0m
job-core	Copy web folder structure	2025-04-25T10:37:32.9426068Z [36;1m    # Get the type (file or directory)[0m
job-core	Copy web folder structure	2025-04-25T10:37:32.9426944Z [36;1m    if [ -d "$path" ]; then[0m
job-core	Copy web folder structure	2025-04-25T10:37:32.9427668Z [36;1m      TYPE="directory"[0m
job-core	Copy web folder structure	2025-04-25T10:37:32.9428339Z [36;1m    else[0m
job-core	Copy web folder structure	2025-04-25T10:37:32.9428897Z [36;1m      TYPE="file"[0m
job-core	Copy web folder structure	2025-04-25T10:37:32.9429513Z [36;1m    fi[0m
job-core	Copy web folder structure	2025-04-25T10:37:32.9430185Z [36;1m    # Get the name of the item (last part of path)[0m
job-core	Copy web folder structure	2025-04-25T10:37:32.9431246Z [36;1m    NAME=$(basename "$path")[0m
job-core	Copy web folder structure	2025-04-25T10:37:32.9432000Z [36;1m    # Create the JSON entry[0m
job-core	Copy web folder structure	2025-04-25T10:37:32.9433377Z [36;1m    echo "  {\"path\": \"$path\", \"name\": \"$NAME\", \"type\": \"$TYPE\"}," >> core/outputs/webs/$TITLE/$TITLE"_resume.json"[0m
job-core	Copy web folder structure	2025-04-25T10:37:32.9434881Z [36;1m  fi[0m
job-core	Copy web folder structure	2025-04-25T10:37:32.9435505Z [36;1mdone[0m
job-core	Copy web folder structure	2025-04-25T10:37:32.9436297Z [36;1m# Remove the last comma and close the JSON array[0m
job-core	Copy web folder structure	2025-04-25T10:37:32.9437391Z [36;1msed -i '$ s/,$//' core/outputs/webs/$TITLE/$TITLE"_resume.json"[0m
job-core	Copy web folder structure	2025-04-25T10:37:32.9438559Z [36;1mecho "]" >> core/outputs/webs/$TITLE/$TITLE"_resume.json"[0m
job-core	Copy web folder structure	2025-04-25T10:37:32.9439686Z [36;1mecho "IV - Web folder structure copied successfully!"[0m
job-core	Copy web folder structure	2025-04-25T10:37:32.9448598Z shell: /usr/bin/bash -e {0}
job-core	Copy web folder structure	2025-04-25T10:37:32.9449260Z env:
job-core	Copy web folder structure	2025-04-25T10:37:32.9449750Z   KAOS_CODE: 14662673159
job-core	Copy web folder structure	2025-04-25T10:37:32.9450379Z   KAOS_EVENT_NAME: workflow_dispatch
job-core	Copy web folder structure	2025-04-25T10:37:32.9451095Z   KAOS_ACTION: 
job-core	Copy web folder structure	2025-04-25T10:37:32.9451639Z   KAOS_REF: refs/heads/main
job-core	Copy web folder structure	2025-04-25T10:37:32.9452306Z   KAOS_MODULE: [Ka0S] Deploy Web Structure
job-core	Copy web folder structure	2025-04-25T10:37:32.9453117Z   KAOS_JSON_WEB: core/config/webs/webs.json
job-core	Copy web folder structure	2025-04-25T10:37:32.9453903Z   KAOS_JSON_RESUME: core/outputs/webs/
job-core	Copy web folder structure	2025-04-25T10:37:32.9455060Z   KAOS_JSON_DATA: core/web/data/data.json
job-core	Copy web folder structure	2025-04-25T10:37:32.9455994Z   KAOS_WEB_STRUCTURE: core/results/webs/
job-core	Copy web folder structure	2025-04-25T10:37:32.9456724Z   KAOS_ACTOR: jh0ny2k2
job-core	Copy web folder structure	2025-04-25T10:37:32.9457280Z ##[endgroup]
job-core	Copy web folder structure	2025-04-25T10:37:32.9500555Z 0 - Reading structure.json file...
job-core	Copy web folder structure	2025-04-25T10:37:32.9521024Z I - Main folder will be named: dashboard
job-core	Copy web folder structure	2025-04-25T10:37:32.9575678Z II - Created directory: data
job-core	Copy web folder structure	2025-04-25T10:37:32.9597973Z II - Created directory: core/results/webs/dashboard/data
job-core	Copy web folder structure	2025-04-25T10:37:32.9599026Z II - Created directory: templates
job-core	Copy web folder structure	2025-04-25T10:37:32.9622377Z II - Created directory: core/results/webs/dashboard/templates
job-core	Copy web folder structure	2025-04-25T10:37:32.9623444Z II - Created directory: custom
job-core	Copy web folder structure	2025-04-25T10:37:32.9644309Z II - Created directory: core/results/webs/dashboard/custom
job-core	Copy web folder structure	2025-04-25T10:37:32.9645313Z II - Created directory: js
job-core	Copy web folder structure	2025-04-25T10:37:32.9662782Z II - Created directory: core/results/webs/dashboard/js
job-core	Copy web folder structure	2025-04-25T10:37:32.9663772Z II - Created directory: structure
job-core	Copy web folder structure	2025-04-25T10:37:32.9688214Z II - Created directory: core/results/webs/dashboard/structure
job-core	Copy web folder structure	2025-04-25T10:37:32.9723563Z III - Creating subfolder: inicio
job-core	Copy web folder structure	2025-04-25T10:37:32.9758092Z III - Creating subfolder: workflows
job-core	Copy web folder structure	2025-04-25T10:37:32.9796952Z III - Creating subfolder: issues
job-core	Copy web folder structure	2025-04-25T10:37:33.0264974Z IV - Web folder structure copied successfully!
job-core	Upload Files	ï»¿2025-04-25T10:37:33.0309697Z ##[group]Run echo "Uploading files to the repository..."
job-core	Upload Files	2025-04-25T10:37:33.0310682Z [36;1mecho "Uploading files to the repository..."[0m
job-core	Upload Files	2025-04-25T10:37:33.0311754Z [36;1mgit config --global user.name "***"[0m
job-core	Upload Files	2025-04-25T10:37:33.0312627Z [36;1mgit config --global user.email "***"[0m
job-core	Upload Files	2025-04-25T10:37:33.0313369Z [36;1mgit pull[0m
job-core	Upload Files	2025-04-25T10:37:33.0314282Z [36;1m# Asegurarse de que la carpeta web_structure se aÃ±ade explicitamente[0m
job-core	Upload Files	2025-04-25T10:37:33.0315446Z [36;1mgit add core/results/webs/*[0m
job-core	Upload Files	2025-04-25T10:37:33.0316268Z [36;1mgit add core/outputs/webs/*[0m
job-core	Upload Files	2025-04-25T10:37:33.0317045Z [36;1m# Verificar si hay cambios para hacer commit[0m
job-core	Upload Files	2025-04-25T10:37:33.0317880Z [36;1mif git diff --staged --quiet; then[0m
job-core	Upload Files	2025-04-25T10:37:33.0318665Z [36;1m  echo "No hay cambios para hacer commit"[0m
job-core	Upload Files	2025-04-25T10:37:33.0319396Z [36;1melse[0m
job-core	Upload Files	2025-04-25T10:37:33.0320395Z [36;1m  git commit -m "[Ka0S] Uploading resume execution files and web structure to the repository..."[0m
job-core	Upload Files	2025-04-25T10:37:33.0321687Z [36;1m  git push origin refs/heads/main[0m
job-core	Upload Files	2025-04-25T10:37:33.0322375Z [36;1mfi[0m
job-core	Upload Files	2025-04-25T10:37:33.0327912Z shell: /usr/bin/bash -e {0}
job-core	Upload Files	2025-04-25T10:37:33.0328498Z env:
job-core	Upload Files	2025-04-25T10:37:33.0328953Z   KAOS_CODE: 14662673159
job-core	Upload Files	2025-04-25T10:37:33.0329541Z   KAOS_EVENT_NAME: workflow_dispatch
job-core	Upload Files	2025-04-25T10:37:33.0330318Z   KAOS_ACTION: 
job-core	Upload Files	2025-04-25T10:37:33.0330848Z   KAOS_REF: refs/heads/main
job-core	Upload Files	2025-04-25T10:37:33.0331501Z   KAOS_MODULE: [Ka0S] Deploy Web Structure
job-core	Upload Files	2025-04-25T10:37:33.0332290Z   KAOS_JSON_WEB: core/config/webs/webs.json
job-core	Upload Files	2025-04-25T10:37:33.0333049Z   KAOS_JSON_RESUME: core/outputs/webs/
job-core	Upload Files	2025-04-25T10:37:33.0333784Z   KAOS_JSON_DATA: core/web/data/data.json
job-core	Upload Files	2025-04-25T10:37:33.0334570Z   KAOS_WEB_STRUCTURE: core/results/webs/
job-core	Upload Files	2025-04-25T10:37:33.0335285Z   KAOS_ACTOR: jh0ny2k2
job-core	Upload Files	2025-04-25T10:37:33.0335836Z ##[endgroup]
job-core	Upload Files	2025-04-25T10:37:33.0362263Z Uploading files to the repository...
job-core	Upload Files	2025-04-25T10:37:33.5857400Z Already up to date.
job-core	Upload Files	2025-04-25T10:37:33.6003166Z No hay cambios para hacer commit
job-core	Post Checkout repository	ï»¿2025-04-25T10:37:33.6067080Z Post job cleanup.
job-core	Post Checkout repository	2025-04-25T10:37:33.6555214Z [command]/usr/bin/git version
job-core	Post Checkout repository	2025-04-25T10:37:33.6584504Z git version 2.43.0
job-core	Post Checkout repository	2025-04-25T10:37:33.6628455Z Copying '/home/kaos/.gitconfig' to '/actions-runner/_work/_temp/4fc171f4-ea3a-4efe-9576-093d39c27bd2/.gitconfig'
job-core	Post Checkout repository	2025-04-25T10:37:33.6640822Z Temporarily overriding HOME='/actions-runner/_work/_temp/4fc171f4-ea3a-4efe-9576-093d39c27bd2' before making global git config changes
job-core	Post Checkout repository	2025-04-25T10:37:33.6641917Z Adding repository directory to the temporary git global config as a safe directory
job-core	Post Checkout repository	2025-04-25T10:37:33.6646838Z [command]/usr/bin/git config --global --add safe.directory /actions-runner/_work/ka0s/ka0s
job-core	Post Checkout repository	2025-04-25T10:37:33.6673597Z [command]/usr/bin/git config --local --name-only --get-regexp core\.sshCommand
job-core	Post Checkout repository	2025-04-25T10:37:33.6693654Z [command]/usr/bin/git submodule foreach --recursive sh -c "git config --local --name-only --get-regexp 'core\.sshCommand' && git config --local --unset-all 'core.sshCommand' || :"
job-core	Post Checkout repository	2025-04-25T10:37:33.6934094Z [command]/usr/bin/git config --local --name-only --get-regexp http\.https\:\/\/github\.com\/\.extraheader
job-core	Post Checkout repository	2025-04-25T10:37:33.6952816Z http.https://github.com/.extraheader
job-core	Post Checkout repository	2025-04-25T10:37:33.6961206Z [command]/usr/bin/git config --local --unset-all http.https://github.com/.extraheader
job-core	Post Checkout repository	2025-04-25T10:37:33.6990236Z [command]/usr/bin/git submodule foreach --recursive sh -c "git config --local --name-only --get-regexp 'http\.https\:\/\/github\.com\/\.extraheader' && git config --local --unset-all 'http.https://github.com/.extraheader' || :"
job-core	Complete job	ï»¿2025-04-25T10:37:33.7327943Z Cleaning up orphan processes
job-data	Set up job	ï»¿2025-04-25T10:37:42.3643022Z Current runner version: '2.323.0'
job-data	Set up job	2025-04-25T10:37:42.3647134Z Runner name: 'ka0s-10'
job-data	Set up job	2025-04-25T10:37:42.3647693Z Machine name: '26a53205c9ac'
job-data	Set up job	2025-04-25T10:37:42.3649089Z ##[group]GITHUB_TOKEN Permissions
job-data	Set up job	2025-04-25T10:37:42.3650468Z Contents: read
job-data	Set up job	2025-04-25T10:37:42.3650776Z Metadata: read
job-data	Set up job	2025-04-25T10:37:42.3651072Z Packages: read
job-data	Set up job	2025-04-25T10:37:42.3651357Z ##[endgroup]
job-data	Set up job	2025-04-25T10:37:42.3652674Z Secret source: Actions
job-data	Set up job	2025-04-25T10:37:42.3653057Z Prepare workflow directory
job-data	Set up job	2025-04-25T10:37:42.4033963Z Prepare all required actions
job-data	Set up job	2025-04-25T10:37:42.4059813Z Getting action download info
job-data	Set up job	2025-04-25T10:37:42.8721110Z Download action repository 'actions/checkout@v3' (SHA:f43a0e5ff2bd294095638e18286ca9a3d1956744)
job-data	Set up job	2025-04-25T10:39:22.9005881Z ##[warning]Failed to download action 'https://api.github.com/repos/actions/checkout/tarball/f43a0e5ff2bd294095638e18286ca9a3d1956744'. Error: The request was canceled due to the configured HttpClient.Timeout of 100 seconds elapsing. 
job-data	Set up job	2025-04-25T10:39:22.9015403Z ##[warning]Back off 18.657 seconds before retry.
job-data	Set up job	2025-04-25T10:39:42.3992610Z Complete job name: job-data
job-data	Checkout repository	ï»¿2025-04-25T10:39:42.4275708Z ##[group]Run actions/checkout@v3
job-data	Checkout repository	2025-04-25T10:39:42.4276121Z with:
job-data	Checkout repository	2025-04-25T10:39:42.4276313Z   fetch-depth: 0
job-data	Checkout repository	2025-04-25T10:39:42.4276708Z   token: ***
job-data	Checkout repository	2025-04-25T10:39:42.4276895Z   repository: Ka0s-Klaus/ka0s
job-data	Checkout repository	2025-04-25T10:39:42.4277105Z   ssh-strict: true
job-data	Checkout repository	2025-04-25T10:39:42.4277290Z   persist-credentials: true
job-data	Checkout repository	2025-04-25T10:39:42.4277492Z   clean: true
job-data	Checkout repository	2025-04-25T10:39:42.4277681Z   sparse-checkout-cone-mode: true
job-data	Checkout repository	2025-04-25T10:39:42.4277892Z   fetch-tags: false
job-data	Checkout repository	2025-04-25T10:39:42.4278067Z   lfs: false
job-data	Checkout repository	2025-04-25T10:39:42.4278241Z   submodules: false
job-data	Checkout repository	2025-04-25T10:39:42.4278435Z   set-safe-directory: true
job-data	Checkout repository	2025-04-25T10:39:42.4278721Z env:
job-data	Checkout repository	2025-04-25T10:39:42.4278889Z   KAOS_CODE: 14662673159
job-data	Checkout repository	2025-04-25T10:39:42.4279093Z   KAOS_EVENT_NAME: workflow_dispatch
job-data	Checkout repository	2025-04-25T10:39:42.4279302Z   KAOS_ACTION: 
job-data	Checkout repository	2025-04-25T10:39:42.4279482Z   KAOS_REF: refs/heads/main
job-data	Checkout repository	2025-04-25T10:39:42.4279703Z   KAOS_MODULE: [Ka0S] Deploy Web Structure
job-data	Checkout repository	2025-04-25T10:39:42.4279924Z   KAOS_JSON_WEB: core/config/webs/webs.json
job-data	Checkout repository	2025-04-25T10:39:42.4280176Z   KAOS_JSON_RESUME: core/outputs/webs/
job-data	Checkout repository	2025-04-25T10:39:42.4280391Z   KAOS_JSON_DATA: core/web/data/data.json
job-data	Checkout repository	2025-04-25T10:39:42.4280608Z   KAOS_WEB_STRUCTURE: core/results/webs/
job-data	Checkout repository	2025-04-25T10:39:42.4280817Z   KAOS_ACTOR: jh0ny2k2
job-data	Checkout repository	2025-04-25T10:39:42.4281001Z ##[endgroup]
job-data	Checkout repository	2025-04-25T10:39:42.4829729Z Syncing repository: Ka0s-Klaus/ka0s
job-data	Checkout repository	2025-04-25T10:39:42.4830812Z ##[group]Getting Git version info
job-data	Checkout repository	2025-04-25T10:39:42.4831104Z Working directory is '/actions-runner/_work/ka0s/ka0s'
job-data	Checkout repository	2025-04-25T10:39:42.4831495Z [command]/usr/bin/git version
job-data	Checkout repository	2025-04-25T10:39:42.4831721Z git version 2.43.0
job-data	Checkout repository	2025-04-25T10:39:42.4845672Z ##[endgroup]
job-data	Checkout repository	2025-04-25T10:39:42.4853588Z Copying '/home/kaos/.gitconfig' to '/actions-runner/_work/_temp/2b583b55-1058-480e-81d9-76f8ad90bdf0/.gitconfig'
job-data	Checkout repository	2025-04-25T10:39:42.4865180Z Temporarily overriding HOME='/actions-runner/_work/_temp/2b583b55-1058-480e-81d9-76f8ad90bdf0' before making global git config changes
job-data	Checkout repository	2025-04-25T10:39:42.4866239Z Adding repository directory to the temporary git global config as a safe directory
job-data	Checkout repository	2025-04-25T10:39:42.4866774Z [command]/usr/bin/git config --global --add safe.directory /actions-runner/_work/ka0s/ka0s
job-data	Checkout repository	2025-04-25T10:39:42.4895251Z [command]/usr/bin/git config --local --get remote.origin.url
job-data	Checkout repository	2025-04-25T10:39:42.4912082Z https://github.com/Ka0s-Klaus/ka0s
job-data	Checkout repository	2025-04-25T10:39:42.4935435Z ##[group]Removing previously created refs, to avoid conflicts
job-data	Checkout repository	2025-04-25T10:39:42.4939163Z [command]/usr/bin/git rev-parse --symbolic-full-name --verify --quiet HEAD
job-data	Checkout repository	2025-04-25T10:39:42.4958407Z HEAD
job-data	Checkout repository	2025-04-25T10:39:42.5040176Z ##[endgroup]
job-data	Checkout repository	2025-04-25T10:39:42.5041038Z [command]/usr/bin/git submodule status
job-data	Checkout repository	2025-04-25T10:39:42.5290532Z ##[group]Cleaning the repository
job-data	Checkout repository	2025-04-25T10:39:42.5293675Z [command]/usr/bin/git clean -ffdx
job-data	Checkout repository	2025-04-25T10:39:42.5336532Z [command]/usr/bin/git reset --hard HEAD
job-data	Checkout repository	2025-04-25T10:39:42.5463262Z HEAD is now at e8096f1c Merge 67671d8754dc88882ab74d06d5fcbeaa755be8dc into 35daee6232d95b15d16ea441d876022528ee4b7f
job-data	Checkout repository	2025-04-25T10:39:42.5465074Z ##[endgroup]
job-data	Checkout repository	2025-04-25T10:39:42.5465850Z ##[group]Disabling automatic garbage collection
job-data	Checkout repository	2025-04-25T10:39:42.5469328Z [command]/usr/bin/git config --local gc.auto 0
job-data	Checkout repository	2025-04-25T10:39:42.5489411Z ##[endgroup]
job-data	Checkout repository	2025-04-25T10:39:42.5490047Z ##[group]Setting up auth
job-data	Checkout repository	2025-04-25T10:39:42.5491062Z [command]/usr/bin/git config --local --name-only --get-regexp core\.sshCommand
job-data	Checkout repository	2025-04-25T10:39:42.5518708Z [command]/usr/bin/git submodule foreach --recursive sh -c "git config --local --name-only --get-regexp 'core\.sshCommand' && git config --local --unset-all 'core.sshCommand' || :"
job-data	Checkout repository	2025-04-25T10:39:42.5759355Z [command]/usr/bin/git config --local --name-only --get-regexp http\.https\:\/\/github\.com\/\.extraheader
job-data	Checkout repository	2025-04-25T10:39:42.5785504Z [command]/usr/bin/git submodule foreach --recursive sh -c "git config --local --name-only --get-regexp 'http\.https\:\/\/github\.com\/\.extraheader' && git config --local --unset-all 'http.https://github.com/.extraheader' || :"
job-data	Checkout repository	2025-04-25T10:39:42.6027709Z [command]/usr/bin/git config --local http.https://github.com/.extraheader AUTHORIZATION: basic ***
job-data	Checkout repository	2025-04-25T10:39:42.6055104Z ##[endgroup]
job-data	Checkout repository	2025-04-25T10:39:42.6055834Z ##[group]Fetching the repository
job-data	Checkout repository	2025-04-25T10:39:42.6059293Z [command]/usr/bin/git -c protocol.version=2 fetch --prune --progress --no-recurse-submodules origin +refs/heads/*:refs/remotes/origin/* +refs/tags/*:refs/tags/*
job-data	Checkout repository	2025-04-25T10:39:43.2639663Z remote: Enumerating objects: 36, done.        
job-data	Checkout repository	2025-04-25T10:39:43.2641352Z remote: Counting objects:   2% (1/36)        
job-data	Checkout repository	2025-04-25T10:39:43.2641787Z remote: Counting objects:   5% (2/36)        
job-data	Checkout repository	2025-04-25T10:39:43.2642197Z remote: Counting objects:   8% (3/36)        
job-data	Checkout repository	2025-04-25T10:39:43.2642601Z remote: Counting objects:  11% (4/36)        
job-data	Checkout repository	2025-04-25T10:39:43.2643001Z remote: Counting objects:  13% (5/36)        
job-data	Checkout repository	2025-04-25T10:39:43.2643405Z remote: Counting objects:  16% (6/36)        
job-data	Checkout repository	2025-04-25T10:39:43.2643849Z remote: Counting objects:  19% (7/36)        
job-data	Checkout repository	2025-04-25T10:39:43.2644266Z remote: Counting objects:  22% (8/36)        
job-data	Checkout repository	2025-04-25T10:39:43.2644826Z remote: Counting objects:  25% (9/36)        
job-data	Checkout repository	2025-04-25T10:39:43.2645258Z remote: Counting objects:  27% (10/36)        
job-data	Checkout repository	2025-04-25T10:39:43.2645662Z remote: Counting objects:  30% (11/36)        
job-data	Checkout repository	2025-04-25T10:39:43.2646066Z remote: Counting objects:  33% (12/36)        
job-data	Checkout repository	2025-04-25T10:39:43.2646464Z remote: Counting objects:  36% (13/36)        
job-data	Checkout repository	2025-04-25T10:39:43.2646907Z remote: Counting objects:  38% (14/36)        
job-data	Checkout repository	2025-04-25T10:39:43.2647385Z remote: Counting objects:  41% (15/36)        
job-data	Checkout repository	2025-04-25T10:39:43.2647789Z remote: Counting objects:  44% (16/36)        
job-data	Checkout repository	2025-04-25T10:39:43.2648189Z remote: Counting objects:  47% (17/36)        
job-data	Checkout repository	2025-04-25T10:39:43.2648591Z remote: Counting objects:  50% (18/36)        
job-data	Checkout repository	2025-04-25T10:39:43.2648986Z remote: Counting objects:  52% (19/36)        
job-data	Checkout repository	2025-04-25T10:39:43.2649397Z remote: Counting objects:  55% (20/36)        
job-data	Checkout repository	2025-04-25T10:39:43.2649800Z remote: Counting objects:  58% (21/36)        
job-data	Checkout repository	2025-04-25T10:39:43.2650208Z remote: Counting objects:  61% (22/36)        
job-data	Checkout repository	2025-04-25T10:39:43.2650613Z remote: Counting objects:  63% (23/36)        
job-data	Checkout repository	2025-04-25T10:39:43.2651019Z remote: Counting objects:  66% (24/36)        
job-data	Checkout repository	2025-04-25T10:39:43.2651419Z remote: Counting objects:  69% (25/36)        
job-data	Checkout repository	2025-04-25T10:39:43.2651823Z remote: Counting objects:  72% (26/36)        
job-data	Checkout repository	2025-04-25T10:39:43.2652224Z remote: Counting objects:  75% (27/36)        
job-data	Checkout repository	2025-04-25T10:39:43.2652626Z remote: Counting objects:  77% (28/36)        
job-data	Checkout repository	2025-04-25T10:39:43.2653122Z remote: Counting objects:  80% (29/36)        
job-data	Checkout repository	2025-04-25T10:39:43.2653624Z remote: Counting objects:  83% (30/36)        
job-data	Checkout repository	2025-04-25T10:39:43.2654031Z remote: Counting objects:  86% (31/36)        
job-data	Checkout repository	2025-04-25T10:39:43.2654437Z remote: Counting objects:  88% (32/36)        
job-data	Checkout repository	2025-04-25T10:39:43.2654901Z remote: Counting objects:  91% (33/36)        
job-data	Checkout repository	2025-04-25T10:39:43.2655881Z remote: Counting objects:  94% (34/36)        
job-data	Checkout repository	2025-04-25T10:39:43.2656295Z remote: Counting objects:  97% (35/36)        
job-data	Checkout repository	2025-04-25T10:39:43.2684439Z remote: Counting objects: 100% (36/36)        
job-data	Checkout repository	2025-04-25T10:39:43.2685437Z remote: Counting objects: 100% (36/36), done.        
job-data	Checkout repository	2025-04-25T10:39:43.2685899Z remote: Compressing objects:   4% (1/23)        
job-data	Checkout repository	2025-04-25T10:39:43.2686210Z remote: Compressing objects:   8% (2/23)        
job-data	Checkout repository	2025-04-25T10:39:43.2686508Z remote: Compressing objects:  13% (3/23)        
job-data	Checkout repository	2025-04-25T10:39:43.2686756Z remote: Compressing objects:  17% (4/23)        
job-data	Checkout repository	2025-04-25T10:39:43.2687000Z remote: Compressing objects:  21% (5/23)        
job-data	Checkout repository	2025-04-25T10:39:43.2687242Z remote: Compressing objects:  26% (6/23)        
job-data	Checkout repository	2025-04-25T10:39:43.2687486Z remote: Compressing objects:  30% (7/23)        
job-data	Checkout repository	2025-04-25T10:39:43.2687726Z remote: Compressing objects:  34% (8/23)        
job-data	Checkout repository	2025-04-25T10:39:43.2687969Z remote: Compressing objects:  39% (9/23)        
job-data	Checkout repository	2025-04-25T10:39:43.2688235Z remote: Compressing objects:  43% (10/23)        
job-data	Checkout repository	2025-04-25T10:39:43.2688535Z remote: Compressing objects:  47% (11/23)        
job-data	Checkout repository	2025-04-25T10:39:43.2689078Z remote: Compressing objects:  52% (12/23)        
job-data	Checkout repository	2025-04-25T10:39:43.2689327Z remote: Compressing objects:  56% (13/23)        
job-data	Checkout repository	2025-04-25T10:39:43.2689572Z remote: Compressing objects:  60% (14/23)        
job-data	Checkout repository	2025-04-25T10:39:43.2689819Z remote: Compressing objects:  65% (15/23)        
job-data	Checkout repository	2025-04-25T10:39:43.2690068Z remote: Compressing objects:  69% (16/23)        
job-data	Checkout repository	2025-04-25T10:39:43.2690313Z remote: Compressing objects:  73% (17/23)        
job-data	Checkout repository	2025-04-25T10:39:43.2690557Z remote: Compressing objects:  78% (18/23)        
job-data	Checkout repository	2025-04-25T10:39:43.2690799Z remote: Compressing objects:  82% (19/23)        
job-data	Checkout repository	2025-04-25T10:39:43.2691042Z remote: Compressing objects:  86% (20/23)        
job-data	Checkout repository	2025-04-25T10:39:43.2691281Z remote: Compressing objects:  91% (21/23)        
job-data	Checkout repository	2025-04-25T10:39:43.2691526Z remote: Compressing objects:  95% (22/23)        
job-data	Checkout repository	2025-04-25T10:39:43.2691769Z remote: Compressing objects: 100% (23/23)        
job-data	Checkout repository	2025-04-25T10:39:43.2692028Z remote: Compressing objects: 100% (23/23), done.        
job-data	Checkout repository	2025-04-25T10:39:43.3292741Z remote: Total 36 (delta 22), reused 25 (delta 12), pack-reused 0 (from 0)        
job-data	Checkout repository	2025-04-25T10:39:43.3491961Z From https://github.com/Ka0s-Klaus/ka0s
job-data	Checkout repository	2025-04-25T10:39:43.3492453Z    35daee62..7fe70c53  main       -> origin/main
job-data	Checkout repository	2025-04-25T10:39:43.3525329Z [command]/usr/bin/git branch --list --remote origin/main
job-data	Checkout repository	2025-04-25T10:39:43.3553308Z   origin/main
job-data	Checkout repository	2025-04-25T10:39:43.3560325Z [command]/usr/bin/git rev-parse refs/remotes/origin/main
job-data	Checkout repository	2025-04-25T10:39:43.3579252Z 7fe70c53d6fce9cf27606674ee0b0318da315b77
job-data	Checkout repository	2025-04-25T10:39:43.3582567Z ##[endgroup]
job-data	Checkout repository	2025-04-25T10:39:43.3583145Z ##[group]Determining the checkout info
job-data	Checkout repository	2025-04-25T10:39:43.3583909Z ##[endgroup]
job-data	Checkout repository	2025-04-25T10:39:43.3584582Z ##[group]Checking out the ref
job-data	Checkout repository	2025-04-25T10:39:43.3588668Z [command]/usr/bin/git checkout --progress --force -B main refs/remotes/origin/main
job-data	Checkout repository	2025-04-25T10:39:43.3757056Z Previous HEAD position was e8096f1c Merge 67671d8754dc88882ab74d06d5fcbeaa755be8dc into 35daee6232d95b15d16ea441d876022528ee4b7f
job-data	Checkout repository	2025-04-25T10:39:43.3757923Z Switched to a new branch 'main'
job-data	Checkout repository	2025-04-25T10:39:43.3758318Z branch 'main' set up to track 'origin/main'.
job-data	Checkout repository	2025-04-25T10:39:43.3761906Z ##[endgroup]
job-data	Checkout repository	2025-04-25T10:39:43.3799009Z [command]/usr/bin/git log -1 --format='%H'
job-data	Checkout repository	2025-04-25T10:39:43.3821511Z '7fe70c53d6fce9cf27606674ee0b0318da315b77'
job-data	Copy data files to web structure	ï»¿2025-04-25T10:39:43.3955869Z ##[group]Run echo "Reading data.json file..."
job-data	Copy data files to web structure	2025-04-25T10:39:43.3956349Z [36;1mecho "Reading data.json file..."[0m
job-data	Copy data files to web structure	2025-04-25T10:39:43.3956592Z [36;1mDATA_FILE="core/web/data/data.json"[0m
job-data	Copy data files to web structure	2025-04-25T10:39:43.3956836Z [36;1mecho "Data file: $DATA_FILE"[0m
job-data	Copy data files to web structure	2025-04-25T10:39:43.3957052Z [36;1m[0m
job-data	Copy data files to web structure	2025-04-25T10:39:43.3957269Z [36;1m# Extract title for main folder name from structure file[0m
job-data	Copy data files to web structure	2025-04-25T10:39:43.3957548Z [36;1mSTRUCTURE_FILE="core/config/webs/webs.json"[0m
job-data	Copy data files to web structure	2025-04-25T10:39:43.3957987Z [36;1mTITLE=$(cat $STRUCTURE_FILE | grep -o '"title": *"[^"]*"' | cut -d'"' -f4)[0m
job-data	Copy data files to web structure	2025-04-25T10:39:43.3958262Z [36;1mif [ -z "$TITLE" ]; then[0m
job-data	Copy data files to web structure	2025-04-25T10:39:43.3958468Z [36;1m  TITLE="dashboard"[0m
job-data	Copy data files to web structure	2025-04-25T10:39:43.3958705Z [36;1m  echo "Title not found in JSON file, using default: $TITLE"[0m
job-data	Copy data files to web structure	2025-04-25T10:39:43.3958947Z [36;1melse[0m
job-data	Copy data files to web structure	2025-04-25T10:39:43.3959133Z [36;1m  echo "Main folder is named: $TITLE"[0m
job-data	Copy data files to web structure	2025-04-25T10:39:43.3959344Z [36;1mfi[0m
job-data	Copy data files to web structure	2025-04-25T10:39:43.3959500Z [36;1m[0m
job-data	Copy data files to web structure	2025-04-25T10:39:43.3959718Z [36;1m# Create data directory if it doesn't exist[0m
job-data	Copy data files to web structure	2025-04-25T10:39:43.3959961Z [36;1mmkdir -p "core/results/webs/$TITLE/data"[0m
job-data	Copy data files to web structure	2025-04-25T10:39:43.3960178Z [36;1m[0m
job-data	Copy data files to web structure	2025-04-25T10:39:43.3960352Z [36;1m# Read data.json and copy files[0m
job-data	Copy data files to web structure	2025-04-25T10:39:43.3960567Z [36;1mif [ -f "$DATA_FILE" ]; then[0m
job-data	Copy data files to web structure	2025-04-25T10:39:43.3960804Z [36;1m  echo "Processing data files from data.json..."[0m
job-data	Copy data files to web structure	2025-04-25T10:39:43.3961027Z [36;1m  [0m
job-data	Copy data files to web structure	2025-04-25T10:39:43.3961212Z [36;1m  # Extract source and destination paths[0m
job-data	Copy data files to web structure	2025-04-25T10:39:43.3961475Z [36;1m  jq -c '.dataFiles[]' "$DATA_FILE" | while read -r file; do[0m
job-data	Copy data files to web structure	2025-04-25T10:39:43.3961740Z [36;1m    SOURCE=$(echo $file | jq -r '.source')[0m
job-data	Copy data files to web structure	2025-04-25T10:39:43.3961979Z [36;1m    DEST=$(echo $file | jq -r '.destination')[0m
job-data	Copy data files to web structure	2025-04-25T10:39:43.3962203Z [36;1m    echo "Source: $SOURCE"[0m
job-data	Copy data files to web structure	2025-04-25T10:39:43.3962417Z [36;1m    echo "Destination: $DEST"[0m
job-data	Copy data files to web structure	2025-04-25T10:39:43.3962618Z [36;1m[0m
job-data	Copy data files to web structure	2025-04-25T10:39:43.3962807Z [36;1m    # Ensure destination directory exists[0m
job-data	Copy data files to web structure	2025-04-25T10:39:43.3963060Z [36;1m    DEST_DIR=$(dirname "core/results/webs/$TITLE/$DEST")[0m
job-data	Copy data files to web structure	2025-04-25T10:39:43.3963305Z [36;1m    mkdir -p "$DEST_DIR"[0m
job-data	Copy data files to web structure	2025-04-25T10:39:43.3963523Z [36;1m    echo "Destination directory: $DEST_DIR"[0m
job-data	Copy data files to web structure	2025-04-25T10:39:43.3963735Z [36;1m    [0m
job-data	Copy data files to web structure	2025-04-25T10:39:43.3963913Z [36;1m    # Copy the file[0m
job-data	Copy data files to web structure	2025-04-25T10:39:43.3964362Z [36;1m    if [ -f "$SOURCE" ]; then[0m
job-data	Copy data files to web structure	2025-04-25T10:39:43.3964791Z [36;1m      echo "Copying $SOURCE to core/results/webs/$TITLE/$DEST"[0m
job-data	Copy data files to web structure	2025-04-25T10:39:43.3965134Z [36;1m      cp "$SOURCE" "core/results/webs/$TITLE/$DEST"[0m
job-data	Copy data files to web structure	2025-04-25T10:39:43.3965413Z [36;1m    else[0m
job-data	Copy data files to web structure	2025-04-25T10:39:43.3965662Z [36;1m      echo "Warning: Source file $SOURCE not found"[0m
job-data	Copy data files to web structure	2025-04-25T10:39:43.3965944Z [36;1m    fi[0m
job-data	Copy data files to web structure	2025-04-25T10:39:43.3966147Z [36;1m  done[0m
job-data	Copy data files to web structure	2025-04-25T10:39:43.3966305Z [36;1m  [0m
job-data	Copy data files to web structure	2025-04-25T10:39:43.3966491Z [36;1m  echo "Data files copied successfully!"[0m
job-data	Copy data files to web structure	2025-04-25T10:39:43.3966708Z [36;1melse[0m
job-data	Copy data files to web structure	2025-04-25T10:39:43.3966912Z [36;1m  echo "Warning: data.json file not found at $DATA_FILE"[0m
job-data	Copy data files to web structure	2025-04-25T10:39:43.3967149Z [36;1mfi[0m
job-data	Copy data files to web structure	2025-04-25T10:39:43.3967309Z [36;1m[0m
job-data	Copy data files to web structure	2025-04-25T10:39:43.3967482Z [36;1m# Generate a summary of copied files[0m
job-data	Copy data files to web structure	2025-04-25T10:39:43.3967716Z [36;1mecho "Generating data files summary..."[0m
job-data	Copy data files to web structure	2025-04-25T10:39:43.3967989Z [36;1mecho "{" > "core/outputs/webs/$TITLE/data-files-summary.json"[0m
job-data	Copy data files to web structure	2025-04-25T10:39:43.3968371Z [36;1mecho "  \"generated_at\": \"$(date -u +"%Y-%m-%dT%H:%M:%SZ")\"," >> "core/outputs/webs/$TITLE/data-files-summary.json"[0m
job-data	Copy data files to web structure	2025-04-25T10:39:43.3968755Z [36;1mecho "  \"title\": \"$TITLE\"," >> "core/outputs/webs/$TITLE/data-files-summary.json"[0m
job-data	Copy data files to web structure	2025-04-25T10:39:43.3969091Z [36;1mecho "  \"files\": [" >> "core/outputs/webs/$TITLE/data-files-summary.json"[0m
job-data	Copy data files to web structure	2025-04-25T10:39:43.3969350Z [36;1m[0m
job-data	Copy data files to web structure	2025-04-25T10:39:43.3969518Z [36;1m# List all copied files[0m
job-data	Copy data files to web structure	2025-04-25T10:39:43.3969928Z [36;1mfind "core/results/webs/$TITLE/data" -type f | sort | while read -r file; do[0m
job-data	Copy data files to web structure	2025-04-25T10:39:43.3970245Z [36;1m  RELATIVE_PATH="${file#core/results/webs/$TITLE/}"[0m
job-data	Copy data files to web structure	2025-04-25T10:39:43.3970566Z [36;1m  echo "    {\"path\": \"$RELATIVE_PATH\"}," >> "core/outputs/webs/$TITLE/data-files-summary.json"[0m
job-data	Copy data files to web structure	2025-04-25T10:39:43.3970848Z [36;1mdone[0m
job-data	Copy data files to web structure	2025-04-25T10:39:43.3971010Z [36;1m[0m
job-data	Copy data files to web structure	2025-04-25T10:39:43.3971200Z [36;1m# Remove the last comma and close the JSON[0m
job-data	Copy data files to web structure	2025-04-25T10:39:43.3971524Z [36;1msed -i '$ s/,$//' "core/outputs/webs/data-files-summary.json"[0m
job-data	Copy data files to web structure	2025-04-25T10:39:43.3971811Z [36;1mecho "  ]" >> "core/outputs/webs/data-files-summary.json"[0m
job-data	Copy data files to web structure	2025-04-25T10:39:43.3972088Z [36;1mecho "}" >> "core/outputs/webs/data-files-summary.json"[0m
job-data	Copy data files to web structure	2025-04-25T10:39:43.3972320Z [36;1m[0m
job-data	Copy data files to web structure	2025-04-25T10:39:43.3972572Z [36;1mecho "Data files summary generated at core/outputs/webs/data-files-summary.json"[0m
job-data	Copy data files to web structure	2025-04-25T10:39:43.3979926Z shell: /usr/bin/bash -e {0}
job-data	Copy data files to web structure	2025-04-25T10:39:43.3980160Z env:
job-data	Copy data files to web structure	2025-04-25T10:39:43.3980332Z   KAOS_CODE: 14662673159
job-data	Copy data files to web structure	2025-04-25T10:39:43.3980530Z   KAOS_EVENT_NAME: workflow_dispatch
job-data	Copy data files to web structure	2025-04-25T10:39:43.3980738Z   KAOS_ACTION: 
job-data	Copy data files to web structure	2025-04-25T10:39:43.3980915Z   KAOS_REF: refs/heads/main
job-data	Copy data files to web structure	2025-04-25T10:39:43.3981119Z   KAOS_MODULE: [Ka0S] Deploy Web Structure
job-data	Copy data files to web structure	2025-04-25T10:39:43.3981345Z   KAOS_JSON_WEB: core/config/webs/webs.json
job-data	Copy data files to web structure	2025-04-25T10:39:43.3981567Z   KAOS_JSON_RESUME: core/outputs/webs/
job-data	Copy data files to web structure	2025-04-25T10:39:43.3981781Z   KAOS_JSON_DATA: core/web/data/data.json
job-data	Copy data files to web structure	2025-04-25T10:39:43.3981998Z   KAOS_WEB_STRUCTURE: core/results/webs/
job-data	Copy data files to web structure	2025-04-25T10:39:43.3982205Z   KAOS_ACTOR: jh0ny2k2
job-data	Copy data files to web structure	2025-04-25T10:39:43.3982394Z ##[endgroup]
job-data	Copy data files to web structure	2025-04-25T10:39:43.4019479Z Reading data.json file...
job-data	Copy data files to web structure	2025-04-25T10:39:43.4019733Z Data file: core/web/data/data.json
job-data	Copy data files to web structure	2025-04-25T10:39:43.4036110Z Main folder is named: dashboard
job-data	Copy data files to web structure	2025-04-25T10:39:43.4046963Z Processing data files from data.json...
job-data	Copy data files to web structure	2025-04-25T10:39:43.4133960Z Source: core/outputs/w/kaos-issue.json
job-data	Copy data files to web structure	2025-04-25T10:39:43.4157315Z Destination: data/kaos-issue.json
job-data	Copy data files to web structure	2025-04-25T10:39:43.4157866Z Destination directory: core/results/webs/dashboard/data
job-data	Copy data files to web structure	2025-04-25T10:39:43.4158549Z Copying core/outputs/w/kaos-issue.json to core/results/webs/dashboard/data/kaos-issue.json
job-data	Copy data files to web structure	2025-04-25T10:39:43.4235520Z Source: core/outputs/w/kaos-repository-global-statistics.json
job-data	Copy data files to web structure	2025-04-25T10:39:43.4236257Z Destination: data/kaos-repository-global-statistics.json
job-data	Copy data files to web structure	2025-04-25T10:39:43.4257682Z Destination directory: core/results/webs/dashboard/data
job-data	Copy data files to web structure	2025-04-25T10:39:43.4258766Z Copying core/outputs/w/kaos-repository-global-statistics.json to core/results/webs/dashboard/data/kaos-repository-global-statistics.json
job-data	Copy data files to web structure	2025-04-25T10:39:43.4331118Z Source: core/outputs/w/kaos-repository-statistics.json
job-data	Copy data files to web structure	2025-04-25T10:39:43.4331725Z Destination: data/kaos-repository-statistics.json
job-data	Copy data files to web structure	2025-04-25T10:39:43.4351147Z Destination directory: core/results/webs/dashboard/data
job-data	Copy data files to web structure	2025-04-25T10:39:43.4352156Z Copying core/outputs/w/kaos-repository-statistics.json to core/results/webs/dashboard/data/kaos-repository-statistics.json
job-data	Copy data files to web structure	2025-04-25T10:39:43.4425213Z Source: core/outputs/w/kaos-workflows-available.json
job-data	Copy data files to web structure	2025-04-25T10:39:43.4426159Z Destination: data/kaos-workflows-available.json
job-data	Copy data files to web structure	2025-04-25T10:39:43.4447805Z Destination directory: core/results/webs/dashboard/data
job-data	Copy data files to web structure	2025-04-25T10:39:43.4448745Z Copying core/outputs/w/kaos-workflows-available.json to core/results/webs/dashboard/data/kaos-workflows-available.json
job-data	Copy data files to web structure	2025-04-25T10:39:43.4521372Z Source: core/outputs/w/kaos-workflows-runs.json
job-data	Copy data files to web structure	2025-04-25T10:39:43.4521986Z Destination: data/kaos-workflows-runs.json
job-data	Copy data files to web structure	2025-04-25T10:39:43.4544865Z Destination directory: core/results/webs/dashboard/data
job-data	Copy data files to web structure	2025-04-25T10:39:43.4545795Z Copying core/outputs/w/kaos-workflows-runs.json to core/results/webs/dashboard/data/kaos-workflows-runs.json
job-data	Copy data files to web structure	2025-04-25T10:39:43.4584781Z Data files copied successfully!
job-data	Copy data files to web structure	2025-04-25T10:39:43.4585531Z Generating data files summary...
job-data	Copy data files to web structure	2025-04-25T10:39:43.4636875Z Data files summary generated at core/outputs/webs/data-files-summary.json
job-data	Upload Files	ï»¿2025-04-25T10:39:43.4664676Z ##[group]Run echo "Uploading data files to the repository..."
job-data	Upload Files	2025-04-25T10:39:43.4665172Z [36;1mecho "Uploading data files to the repository..."[0m
job-data	Upload Files	2025-04-25T10:39:43.4665600Z [36;1mgit config --global user.name "***"[0m
job-data	Upload Files	2025-04-25T10:39:43.4665911Z [36;1mgit config --global user.email "***"[0m
job-data	Upload Files	2025-04-25T10:39:43.4666160Z [36;1mgit pull[0m
job-data	Upload Files	2025-04-25T10:39:43.4666380Z [36;1m# Add the data files and summary[0m
job-data	Upload Files	2025-04-25T10:39:43.4666745Z [36;1mgit add core/results/webs/**/data/*[0m
job-data	Upload Files	2025-04-25T10:39:43.4666994Z [36;1mgit add core/outputs/webs/data-files-summary.json[0m
job-data	Upload Files	2025-04-25T10:39:43.4667256Z [36;1m# Verify if there are changes to commit[0m
job-data	Upload Files	2025-04-25T10:39:43.4667493Z [36;1mif git diff --staged --quiet; then[0m
job-data	Upload Files	2025-04-25T10:39:43.4667728Z [36;1m  echo "No hay cambios para hacer commit"[0m
job-data	Upload Files	2025-04-25T10:39:43.4667945Z [36;1melse[0m
job-data	Upload Files	2025-04-25T10:39:43.4668169Z [36;1m  git commit -m "[Ka0S] Uploading data files to web structure..."[0m
job-data	Upload Files	2025-04-25T10:39:43.4668439Z [36;1m  git push origin refs/heads/main[0m
job-data	Upload Files	2025-04-25T10:39:43.4668665Z [36;1mfi[0m
job-data	Upload Files	2025-04-25T10:39:43.4672854Z shell: /usr/bin/bash -e {0}
job-data	Upload Files	2025-04-25T10:39:43.4673064Z env:
job-data	Upload Files	2025-04-25T10:39:43.4673236Z   KAOS_CODE: 14662673159
job-data	Upload Files	2025-04-25T10:39:43.4673436Z   KAOS_EVENT_NAME: workflow_dispatch
job-data	Upload Files	2025-04-25T10:39:43.4673645Z   KAOS_ACTION: 
job-data	Upload Files	2025-04-25T10:39:43.4673825Z   KAOS_REF: refs/heads/main
job-data	Upload Files	2025-04-25T10:39:43.4674027Z   KAOS_MODULE: [Ka0S] Deploy Web Structure
job-data	Upload Files	2025-04-25T10:39:43.4674264Z   KAOS_JSON_WEB: core/config/webs/webs.json
job-data	Upload Files	2025-04-25T10:39:43.4674485Z   KAOS_JSON_RESUME: core/outputs/webs/
job-data	Upload Files	2025-04-25T10:39:43.4674858Z   KAOS_JSON_DATA: core/web/data/data.json
job-data	Upload Files	2025-04-25T10:39:43.4675130Z   KAOS_WEB_STRUCTURE: core/results/webs/
job-data	Upload Files	2025-04-25T10:39:43.4675376Z   KAOS_ACTOR: jh0ny2k2
job-data	Upload Files	2025-04-25T10:39:43.4675586Z ##[endgroup]
job-data	Upload Files	2025-04-25T10:39:43.4700270Z Uploading data files to the repository...
job-data	Upload Files	2025-04-25T10:39:43.9668657Z Already up to date.
job-data	Upload Files	2025-04-25T10:39:44.0175156Z [main 7cd5093e] [Ka0S] Uploading data files to web structure...
job-data	Upload Files	2025-04-25T10:39:44.0175543Z  1 file changed, 2 insertions(+)
job-data	Upload Files	2025-04-25T10:39:44.7898177Z To https://github.com/Ka0s-Klaus/ka0s
job-data	Upload Files	2025-04-25T10:39:44.7898943Z    7fe70c53..7cd5093e  main -> main
job-data	Post Checkout repository	ï»¿2025-04-25T10:39:44.7972673Z Post job cleanup.
job-data	Post Checkout repository	2025-04-25T10:39:44.8431533Z [command]/usr/bin/git version
job-data	Post Checkout repository	2025-04-25T10:39:44.8457151Z git version 2.43.0
job-data	Post Checkout repository	2025-04-25T10:39:44.8479809Z Copying '/home/kaos/.gitconfig' to '/actions-runner/_work/_temp/a391bf96-f978-4cb1-8cd9-fa3eb70ad462/.gitconfig'
job-data	Post Checkout repository	2025-04-25T10:39:44.8487129Z Temporarily overriding HOME='/actions-runner/_work/_temp/a391bf96-f978-4cb1-8cd9-fa3eb70ad462' before making global git config changes
job-data	Post Checkout repository	2025-04-25T10:39:44.8487964Z Adding repository directory to the temporary git global config as a safe directory
job-data	Post Checkout repository	2025-04-25T10:39:44.8488719Z [command]/usr/bin/git config --global --add safe.directory /actions-runner/_work/ka0s/ka0s
job-data	Post Checkout repository	2025-04-25T10:39:44.8512044Z [command]/usr/bin/git config --local --name-only --get-regexp core\.sshCommand
job-data	Post Checkout repository	2025-04-25T10:39:44.8531431Z [command]/usr/bin/git submodule foreach --recursive sh -c "git config --local --name-only --get-regexp 'core\.sshCommand' && git config --local --unset-all 'core.sshCommand' || :"
job-data	Post Checkout repository	2025-04-25T10:39:44.8768213Z [command]/usr/bin/git config --local --name-only --get-regexp http\.https\:\/\/github\.com\/\.extraheader
job-data	Post Checkout repository	2025-04-25T10:39:44.8786026Z http.https://github.com/.extraheader
job-data	Post Checkout repository	2025-04-25T10:39:44.8791166Z [command]/usr/bin/git config --local --unset-all http.https://github.com/.extraheader
job-data	Post Checkout repository	2025-04-25T10:39:44.8809434Z [command]/usr/bin/git submodule foreach --recursive sh -c "git config --local --name-only --get-regexp 'http\.https\:\/\/github\.com\/\.extraheader' && git config --local --unset-all 'http.https://github.com/.extraheader' || :"
job-data	Complete job	ï»¿2025-04-25T10:39:44.9115759Z Cleaning up orphan processes
job-design	Set up job	ï»¿2025-04-25T10:39:49.9721898Z Current runner version: '2.323.0'
job-design	Set up job	2025-04-25T10:39:49.9726610Z Runner name: 'ka0s-7'
job-design	Set up job	2025-04-25T10:39:49.9727175Z Machine name: '26a53205c9ac'
job-design	Set up job	2025-04-25T10:39:49.9728566Z ##[group]GITHUB_TOKEN Permissions
job-design	Set up job	2025-04-25T10:39:49.9729992Z Contents: read
job-design	Set up job	2025-04-25T10:39:49.9730298Z Metadata: read
job-design	Set up job	2025-04-25T10:39:49.9730584Z Packages: read
job-design	Set up job	2025-04-25T10:39:49.9730867Z ##[endgroup]
job-design	Set up job	2025-04-25T10:39:49.9732096Z Secret source: Actions
job-design	Set up job	2025-04-25T10:39:49.9732468Z Prepare workflow directory
job-design	Set up job	2025-04-25T10:39:50.0115089Z Prepare all required actions
job-design	Set up job	2025-04-25T10:39:50.0141385Z Getting action download info
job-design	Set up job	2025-04-25T10:39:50.5573923Z Download action repository 'actions/checkout@v3' (SHA:f43a0e5ff2bd294095638e18286ca9a3d1956744)
job-design	Set up job	2025-04-25T10:39:51.2576478Z Complete job name: job-design
job-design	Checkout repository	ï»¿2025-04-25T10:39:51.2868348Z ##[group]Run actions/checkout@v3
job-design	Checkout repository	2025-04-25T10:39:51.2868825Z with:
job-design	Checkout repository	2025-04-25T10:39:51.2869082Z   fetch-depth: 0
job-design	Checkout repository	2025-04-25T10:39:51.2869508Z   token: ***
job-design	Checkout repository	2025-04-25T10:39:51.2869768Z   repository: Ka0s-Klaus/ka0s
job-design	Checkout repository	2025-04-25T10:39:51.2870106Z   ssh-strict: true
job-design	Checkout repository	2025-04-25T10:39:51.2870385Z   persist-credentials: true
job-design	Checkout repository	2025-04-25T10:39:51.2870683Z   clean: true
job-design	Checkout repository	2025-04-25T10:39:51.2870958Z   sparse-checkout-cone-mode: true
job-design	Checkout repository	2025-04-25T10:39:51.2871280Z   fetch-tags: false
job-design	Checkout repository	2025-04-25T10:39:51.2871542Z   lfs: false
job-design	Checkout repository	2025-04-25T10:39:51.2871792Z   submodules: false
job-design	Checkout repository	2025-04-25T10:39:51.2872069Z   set-safe-directory: true
job-design	Checkout repository	2025-04-25T10:39:51.2872441Z env:
job-design	Checkout repository	2025-04-25T10:39:51.2872689Z   KAOS_CODE: 14662673159
job-design	Checkout repository	2025-04-25T10:39:51.2872986Z   KAOS_EVENT_NAME: workflow_dispatch
job-design	Checkout repository	2025-04-25T10:39:51.2873312Z   KAOS_ACTION: 
job-design	Checkout repository	2025-04-25T10:39:51.2873572Z   KAOS_REF: refs/heads/main
job-design	Checkout repository	2025-04-25T10:39:51.2873894Z   KAOS_MODULE: [Ka0S] Deploy Web Structure
job-design	Checkout repository	2025-04-25T10:39:51.2874265Z   KAOS_JSON_WEB: core/config/webs/webs.json
job-design	Checkout repository	2025-04-25T10:39:51.2874702Z   KAOS_JSON_RESUME: core/outputs/webs/
job-design	Checkout repository	2025-04-25T10:39:51.2875302Z   KAOS_JSON_DATA: core/web/data/data.json
job-design	Checkout repository	2025-04-25T10:39:51.2875664Z   KAOS_WEB_STRUCTURE: core/results/webs/
job-design	Checkout repository	2025-04-25T10:39:51.2876011Z   KAOS_ACTOR: jh0ny2k2
job-design	Checkout repository	2025-04-25T10:39:51.2876281Z ##[endgroup]
job-design	Checkout repository	2025-04-25T10:39:51.3422679Z Syncing repository: Ka0s-Klaus/ka0s
job-design	Checkout repository	2025-04-25T10:39:51.3424105Z ##[group]Getting Git version info
job-design	Checkout repository	2025-04-25T10:39:51.3424650Z Working directory is '/actions-runner/_work/ka0s/ka0s'
job-design	Checkout repository	2025-04-25T10:39:51.3425502Z [command]/usr/bin/git version
job-design	Checkout repository	2025-04-25T10:39:51.3425894Z git version 2.43.0
job-design	Checkout repository	2025-04-25T10:39:51.3439221Z ##[endgroup]
job-design	Checkout repository	2025-04-25T10:39:51.3447769Z Copying '/home/kaos/.gitconfig' to '/actions-runner/_work/_temp/9e03ec84-2557-40a5-b274-d82756a3ab2a/.gitconfig'
job-design	Checkout repository	2025-04-25T10:39:51.3456470Z Temporarily overriding HOME='/actions-runner/_work/_temp/9e03ec84-2557-40a5-b274-d82756a3ab2a' before making global git config changes
job-design	Checkout repository	2025-04-25T10:39:51.3457978Z Adding repository directory to the temporary git global config as a safe directory
job-design	Checkout repository	2025-04-25T10:39:51.3459189Z [command]/usr/bin/git config --global --add safe.directory /actions-runner/_work/ka0s/ka0s
job-design	Checkout repository	2025-04-25T10:39:51.3485247Z [command]/usr/bin/git config --local --get remote.origin.url
job-design	Checkout repository	2025-04-25T10:39:51.3501496Z https://github.com/Ka0s-Klaus/ka0s
job-design	Checkout repository	2025-04-25T10:39:51.3518330Z ##[group]Removing previously created refs, to avoid conflicts
job-design	Checkout repository	2025-04-25T10:39:51.3521255Z [command]/usr/bin/git rev-parse --symbolic-full-name --verify --quiet HEAD
job-design	Checkout repository	2025-04-25T10:39:51.3540981Z refs/heads/main
job-design	Checkout repository	2025-04-25T10:39:51.3549873Z [command]/usr/bin/git checkout --detach
job-design	Checkout repository	2025-04-25T10:39:51.3644976Z HEAD is now at 7fe70c53 Cambio en structure
job-design	Checkout repository	2025-04-25T10:39:51.3674559Z [command]/usr/bin/git branch --delete --force main
job-design	Checkout repository	2025-04-25T10:39:51.3715114Z Deleted branch main (was 7fe70c53).
job-design	Checkout repository	2025-04-25T10:39:51.3765630Z ##[endgroup]
job-design	Checkout repository	2025-04-25T10:39:51.3766222Z [command]/usr/bin/git submodule status
job-design	Checkout repository	2025-04-25T10:39:51.4009225Z ##[group]Cleaning the repository
job-design	Checkout repository	2025-04-25T10:39:51.4009805Z [command]/usr/bin/git clean -ffdx
job-design	Checkout repository	2025-04-25T10:39:51.4062062Z [command]/usr/bin/git reset --hard HEAD
job-design	Checkout repository	2025-04-25T10:39:51.4186966Z HEAD is now at 7fe70c53 Cambio en structure
job-design	Checkout repository	2025-04-25T10:39:51.4190269Z ##[endgroup]
job-design	Checkout repository	2025-04-25T10:39:51.4190858Z ##[group]Disabling automatic garbage collection
job-design	Checkout repository	2025-04-25T10:39:51.4191406Z [command]/usr/bin/git config --local gc.auto 0
job-design	Checkout repository	2025-04-25T10:39:51.4214861Z ##[endgroup]
job-design	Checkout repository	2025-04-25T10:39:51.4215483Z ##[group]Setting up auth
job-design	Checkout repository	2025-04-25T10:39:51.4216878Z [command]/usr/bin/git config --local --name-only --get-regexp core\.sshCommand
job-design	Checkout repository	2025-04-25T10:39:51.4240411Z [command]/usr/bin/git submodule foreach --recursive sh -c "git config --local --name-only --get-regexp 'core\.sshCommand' && git config --local --unset-all 'core.sshCommand' || :"
job-design	Checkout repository	2025-04-25T10:39:51.4489930Z [command]/usr/bin/git config --local --name-only --get-regexp http\.https\:\/\/github\.com\/\.extraheader
job-design	Checkout repository	2025-04-25T10:39:51.4509322Z [command]/usr/bin/git submodule foreach --recursive sh -c "git config --local --name-only --get-regexp 'http\.https\:\/\/github\.com\/\.extraheader' && git config --local --unset-all 'http.https://github.com/.extraheader' || :"
job-design	Checkout repository	2025-04-25T10:39:51.4757941Z [command]/usr/bin/git config --local http.https://github.com/.extraheader AUTHORIZATION: basic ***
job-design	Checkout repository	2025-04-25T10:39:51.4795785Z ##[endgroup]
job-design	Checkout repository	2025-04-25T10:39:51.4796528Z ##[group]Fetching the repository
job-design	Checkout repository	2025-04-25T10:39:51.4799776Z [command]/usr/bin/git -c protocol.version=2 fetch --prune --progress --no-recurse-submodules origin +refs/heads/*:refs/remotes/origin/* +refs/tags/*:refs/tags/*
job-design	Checkout repository	2025-04-25T10:39:52.2020096Z remote: Enumerating objects: 6, done.        
job-design	Checkout repository	2025-04-25T10:39:52.2021509Z remote: Counting objects:  16% (1/6)        
job-design	Checkout repository	2025-04-25T10:39:52.2022624Z remote: Counting objects:  33% (2/6)        
job-design	Checkout repository	2025-04-25T10:39:52.2023733Z remote: Counting objects:  50% (3/6)        
job-design	Checkout repository	2025-04-25T10:39:52.2025219Z remote: Counting objects:  66% (4/6)        
job-design	Checkout repository	2025-04-25T10:39:52.2026355Z remote: Counting objects:  83% (5/6)        
job-design	Checkout repository	2025-04-25T10:39:52.2027536Z remote: Counting objects: 100% (6/6)        
job-design	Checkout repository	2025-04-25T10:39:52.2028915Z remote: Counting objects: 100% (6/6), done.        
job-design	Checkout repository	2025-04-25T10:39:52.2030567Z remote: Total 6 (delta 5), reused 6 (delta 5), pack-reused 0 (from 0)        
job-design	Checkout repository	2025-04-25T10:39:52.2193036Z From https://github.com/Ka0s-Klaus/ka0s
job-design	Checkout repository	2025-04-25T10:39:52.2194458Z    7fe70c53..7cd5093e  main       -> origin/main
job-design	Checkout repository	2025-04-25T10:39:52.2224160Z [command]/usr/bin/git branch --list --remote origin/main
job-design	Checkout repository	2025-04-25T10:39:52.2247565Z   origin/main
job-design	Checkout repository	2025-04-25T10:39:52.2253121Z [command]/usr/bin/git rev-parse refs/remotes/origin/main
job-design	Checkout repository	2025-04-25T10:39:52.2273586Z 7cd5093ef94afbe31877b82e8a75fba5add804cb
job-design	Checkout repository	2025-04-25T10:39:52.2284927Z [command]/usr/bin/git -c protocol.version=2 fetch --no-tags --prune --progress --no-recurse-submodules origin +7fe70c53d6fce9cf27606674ee0b0318da315b77:refs/remotes/origin/main
job-design	Checkout repository	2025-04-25T10:39:52.2408019Z From https://github.com/Ka0s-Klaus/ka0s
job-design	Checkout repository	2025-04-25T10:39:52.2410335Z  + 7cd5093e...7fe70c53 7fe70c53d6fce9cf27606674ee0b0318da315b77 -> origin/main  (forced update)
job-design	Checkout repository	2025-04-25T10:39:52.2433129Z ##[endgroup]
job-design	Checkout repository	2025-04-25T10:39:52.2435159Z ##[group]Determining the checkout info
job-design	Checkout repository	2025-04-25T10:39:52.2437206Z ##[endgroup]
job-design	Checkout repository	2025-04-25T10:39:52.2438892Z ##[group]Checking out the ref
job-design	Checkout repository	2025-04-25T10:39:52.2440839Z [command]/usr/bin/git checkout --progress --force -B main refs/remotes/origin/main
job-design	Checkout repository	2025-04-25T10:39:52.2534756Z Switched to a new branch 'main'
job-design	Checkout repository	2025-04-25T10:39:52.2552996Z branch 'main' set up to track 'origin/main'.
job-design	Checkout repository	2025-04-25T10:39:52.2557938Z ##[endgroup]
job-design	Checkout repository	2025-04-25T10:39:52.2579916Z [command]/usr/bin/git log -1 --format='%H'
job-design	Checkout repository	2025-04-25T10:39:52.2607181Z '7fe70c53d6fce9cf27606674ee0b0318da315b77'
job-design	Generar HTML de secciones segÃºn JSON	ï»¿2025-04-25T10:39:52.2743632Z ##[group]Run echo "Generando HTML de secciones segÃºn su JSON..."
job-design	Generar HTML de secciones segÃºn JSON	2025-04-25T10:39:52.2744823Z [36;1mecho "Generando HTML de secciones segÃºn su JSON..."[0m
job-design	Generar HTML de secciones segÃºn JSON	2025-04-25T10:39:52.2745483Z [36;1mSTRUCTURE_FILE="core/config/webs/webs.json"[0m
job-design	Generar HTML de secciones segÃºn JSON	2025-04-25T10:39:52.2746173Z [36;1mTITLE=$(cat $STRUCTURE_FILE | grep -o '"title": *"[^"]*"' | cut -d'"' -f4)[0m
job-design	Generar HTML de secciones segÃºn JSON	2025-04-25T10:39:52.2746967Z [36;1mSECTIONS=$(cat $STRUCTURE_FILE | grep -o '"section[0-9]*": *"[^"]*"' | cut -d'"' -f2,4 | tr '\n' ' ')[0m
job-design	Generar HTML de secciones segÃºn JSON	2025-04-25T10:39:52.2747814Z [36;1mfor entry in $SECTIONS; do[0m
job-design	Generar HTML de secciones segÃºn JSON	2025-04-25T10:39:52.2748433Z [36;1m  SECTION_KEY=$(echo $entry | cut -d':' -f1 | tr -d '"')[0m
job-design	Generar HTML de secciones segÃºn JSON	2025-04-25T10:39:52.2749099Z [36;1m  SECTION_NAME=$(echo $entry | cut -d':' -f2 | tr -d '"')[0m
job-design	Generar HTML de secciones segÃºn JSON	2025-04-25T10:39:52.2749755Z [36;1m  SECTION_JSON="core/config/webs/${SECTION_NAME}.json"[0m
job-design	Generar HTML de secciones segÃºn JSON	2025-04-25T10:39:52.2750503Z [36;1m  SECTION_HTML="core/results/webs/${TITLE}/structure/${SECTION_NAME}/${SECTION_NAME}.html"[0m
job-design	Generar HTML de secciones segÃºn JSON	2025-04-25T10:39:52.2751214Z [36;1m  if [ -f "$SECTION_JSON" ]; then[0m
job-design	Generar HTML de secciones segÃºn JSON	2025-04-25T10:39:52.2751870Z [36;1m    echo "Procesando $SECTION_JSON para $SECTION_HTML"[0m
job-design	Generar HTML de secciones segÃºn JSON	2025-04-25T10:39:52.2752491Z [36;1m    # Extraer tÃ­tulo de la secciÃ³n[0m
job-design	Generar HTML de secciones segÃºn JSON	2025-04-25T10:39:52.2753100Z [36;1m    SECTION_TITLE=$(jq -r '.title' "$SECTION_JSON")[0m
job-design	Generar HTML de secciones segÃºn JSON	2025-04-25T10:39:52.2753682Z [36;1m    [0m
job-design	Generar HTML de secciones segÃºn JSON	2025-04-25T10:39:52.2754370Z [36;1m    # Leer la plantilla HTML[0m
job-design	Generar HTML de secciones segÃºn JSON	2025-04-25T10:39:52.2755037Z [36;1m    TEMPLATE_HTML="core/web/templates/section-template.html"[0m
job-design	Generar HTML de secciones segÃºn JSON	2025-04-25T10:39:52.2755682Z [36;1m    if [ -f "$TEMPLATE_HTML" ]; then[0m
job-design	Generar HTML de secciones segÃºn JSON	2025-04-25T10:39:52.2756263Z [36;1m      # Copiar la plantilla al destino[0m
job-design	Generar HTML de secciones segÃºn JSON	2025-04-25T10:39:52.2756853Z [36;1m      mkdir -p "$(dirname "$SECTION_HTML")"[0m
job-design	Generar HTML de secciones segÃºn JSON	2025-04-25T10:39:52.2757500Z [36;1m      cp "$TEMPLATE_HTML" "$SECTION_HTML"[0m
job-design	Generar HTML de secciones segÃºn JSON	2025-04-25T10:39:52.2758053Z [36;1m      [0m
job-design	Generar HTML de secciones segÃºn JSON	2025-04-25T10:39:52.2758626Z [36;1m      # Reemplazar los placeholders con los valores reales[0m
job-design	Generar HTML de secciones segÃºn JSON	2025-04-25T10:39:52.2759331Z [36;1m      sed -i "s/SECTION_TITLE_PLACEHOLDER/$SECTION_TITLE/g" "$SECTION_HTML"[0m
job-design	Generar HTML de secciones segÃºn JSON	2025-04-25T10:39:52.2759965Z [36;1m      [0m
job-design	Generar HTML de secciones segÃºn JSON	2025-04-25T10:39:52.2760569Z [36;1m      # Comprobar si hay un placeholder para lista de secciÃ³n y procesarlo[0m
job-design	Generar HTML de secciones segÃºn JSON	2025-04-25T10:39:52.2761276Z [36;1m      if grep -q "SECTION_LIST_PLACEHOLDER" "$SECTION_HTML"; then[0m
job-design	Generar HTML de secciones segÃºn JSON	2025-04-25T10:39:52.2761967Z [36;1m        echo "Encontrado placeholder para lista de secciÃ³n, procesando..."[0m
job-design	Generar HTML de secciones segÃºn JSON	2025-04-25T10:39:52.2762688Z [36;1m        # Verificar si el JSON de la secciÃ³n tiene una lista en sus templates[0m
job-design	Generar HTML de secciones segÃºn JSON	2025-04-25T10:39:52.2763412Z [36;1m        if jq -e '.templates[] | select(.type == "list")' "$SECTION_JSON" > /dev/null; then[0m
job-design	Generar HTML de secciones segÃºn JSON	2025-04-25T10:39:52.2764209Z [36;1m          # Obtener el primer template de tipo list[0m
job-design	Generar HTML de secciones segÃºn JSON	2025-04-25T10:39:52.2764921Z [36;1m          LIST_TEMPLATE_JSON=$(jq -c '.templates[] | select(.type == "list") | first' "$SECTION_JSON")[0m
job-design	Generar HTML de secciones segÃºn JSON	2025-04-25T10:39:52.2765643Z [36;1m          LIST_TITLE=$(echo "$LIST_TEMPLATE_JSON" | jq -r '.title')[0m
job-design	Generar HTML de secciones segÃºn JSON	2025-04-25T10:39:52.2766323Z [36;1m          LIST_DATA_SOURCE=$(echo "$LIST_TEMPLATE_JSON" | jq -r '.dataSource')[0m
job-design	Generar HTML de secciones segÃºn JSON	2025-04-25T10:39:52.2766917Z [36;1m          [0m
job-design	Generar HTML de secciones segÃºn JSON	2025-04-25T10:39:52.2767416Z [36;1m          # Leer la plantilla de lista[0m
job-design	Generar HTML de secciones segÃºn JSON	2025-04-25T10:39:52.2768005Z [36;1m          LIST_TEMPLATE=$(cat core/web/templates/data-list.html)[0m
job-design	Generar HTML de secciones segÃºn JSON	2025-04-25T10:39:52.2768669Z [36;1m          # Reemplazar placeholders en la plantilla[0m
job-design	Generar HTML de secciones segÃºn JSON	2025-04-25T10:39:52.2769342Z [36;1m          LIST_TEMPLATE=$(echo "$LIST_TEMPLATE" | sed "s/LIST_TITLE_PLACEHOLDER/$LIST_TITLE/g")[0m
job-design	Generar HTML de secciones segÃºn JSON	2025-04-25T10:39:52.2770092Z [36;1m          LIST_TEMPLATE=$(echo "$LIST_TEMPLATE" | sed "s|DATA_SOURCE_PLACEHOLDER|$LIST_DATA_SOURCE|g")[0m
job-design	Generar HTML de secciones segÃºn JSON	2025-04-25T10:39:52.2770705Z [36;1m          [0m
job-design	Generar HTML de secciones segÃºn JSON	2025-04-25T10:39:52.2771195Z [36;1m          # Reemplazar el placeholder con la lista[0m
job-design	Generar HTML de secciones segÃºn JSON	2025-04-25T10:39:52.2771800Z [36;1m          sed -i "s|SECTION_LIST_PLACEHOLDER|$LIST_TEMPLATE|g" "$SECTION_HTML"[0m
job-design	Generar HTML de secciones segÃºn JSON	2025-04-25T10:39:52.2772568Z [36;1m          echo "AÃ±adido componente de lista a la secciÃ³n"[0m
job-design	Generar HTML de secciones segÃºn JSON	2025-04-25T10:39:52.2773097Z [36;1m        else[0m
job-design	Generar HTML de secciones segÃºn JSON	2025-04-25T10:39:52.2773657Z [36;1m          echo "La secciÃ³n no tiene una lista definida, eliminando placeholder"[0m
job-design	Generar HTML de secciones segÃºn JSON	2025-04-25T10:39:52.2774476Z [36;1m          sed -i "s|SECTION_LIST_PLACEHOLDER||g" "$SECTION_HTML"[0m
job-design	Generar HTML de secciones segÃºn JSON	2025-04-25T10:39:52.2775035Z [36;1m        fi[0m
job-design	Generar HTML de secciones segÃºn JSON	2025-04-25T10:39:52.2775485Z [36;1m      fi[0m
job-design	Generar HTML de secciones segÃºn JSON	2025-04-25T10:39:52.2776004Z [36;1m      [0m
job-design	Generar HTML de secciones segÃºn JSON	2025-04-25T10:39:52.2776541Z [36;1m      # Procesar templates y reemplazar el placeholder de templates[0m
job-design	Generar HTML de secciones segÃºn JSON	2025-04-25T10:39:52.2777116Z [36;1m      TEMPLATES_HTML=""[0m
job-design	Generar HTML de secciones segÃºn JSON	2025-04-25T10:39:52.2777678Z [36;1m      jq -c '.templates[]' "$SECTION_JSON" | while read -r template; do[0m
job-design	Generar HTML de secciones segÃºn JSON	2025-04-25T10:39:52.2778277Z [36;1m        TYPE=$(echo $template | jq -r '.type')[0m
job-design	Generar HTML de secciones segÃºn JSON	2025-04-25T10:39:52.2778831Z [36;1m        TITLE=$(echo $template | jq -r '.title')[0m
job-design	Generar HTML de secciones segÃºn JSON	2025-04-25T10:39:52.2779400Z [36;1m        DATA_SOURCE=$(echo $template | jq -r '.dataSource')[0m
job-design	Generar HTML de secciones segÃºn JSON	2025-04-25T10:39:52.2779933Z [36;1m        [0m
job-design	Generar HTML de secciones segÃºn JSON	2025-04-25T10:39:52.2780401Z [36;1m        if [ "$TYPE" = "graphic" ]; then[0m
job-design	Generar HTML de secciones segÃºn JSON	2025-04-25T10:39:52.2780931Z [36;1m          # Leer la plantilla de grÃ¡fico[0m
job-design	Generar HTML de secciones segÃºn JSON	2025-04-25T10:39:52.2781510Z [36;1m          GRAPHIC_TEMPLATE=$(cat core/web/templates/graphic.html)[0m
job-design	Generar HTML de secciones segÃºn JSON	2025-04-25T10:39:52.2782109Z [36;1m          # Reemplazar placeholders en la plantilla[0m
job-design	Generar HTML de secciones segÃºn JSON	2025-04-25T10:39:52.2782774Z [36;1m          GRAPHIC_TEMPLATE=$(echo "$GRAPHIC_TEMPLATE" | sed "s/GRAPHIC_TITLE_PLACEHOLDER/$TITLE/g")[0m
job-design	Generar HTML de secciones segÃºn JSON	2025-04-25T10:39:52.2783531Z [36;1m          GRAPHIC_TEMPLATE=$(echo "$GRAPHIC_TEMPLATE" | sed "s|DATA_SOURCE_PLACEHOLDER|$DATA_SOURCE|g")[0m
job-design	Generar HTML de secciones segÃºn JSON	2025-04-25T10:39:52.2784263Z [36;1m          TEMPLATES_HTML+="$GRAPHIC_TEMPLATE"[0m
job-design	Generar HTML de secciones segÃºn JSON	2025-04-25T10:39:52.2784931Z [36;1m          TEMPLATES_HTML+="<script src=\"../../js/graphic.js\" data-source=\"$DATA_SOURCE\"></script>"[0m
job-design	Generar HTML de secciones segÃºn JSON	2025-04-25T10:39:52.2785555Z [36;1m        elif [ "$TYPE" = "list" ]; then[0m
job-design	Generar HTML de secciones segÃºn JSON	2025-04-25T10:39:52.2786075Z [36;1m          # Leer la plantilla de lista[0m
job-design	Generar HTML de secciones segÃºn JSON	2025-04-25T10:39:52.2786654Z [36;1m          LIST_TEMPLATE=$(cat core/web/templates/data-list.html)[0m
job-design	Generar HTML de secciones segÃºn JSON	2025-04-25T10:39:52.2787232Z [36;1m          # Reemplazar placeholders en la plantilla[0m
job-design	Generar HTML de secciones segÃºn JSON	2025-04-25T10:39:52.2787849Z [36;1m          LIST_TEMPLATE=$(echo "$LIST_TEMPLATE" | sed "s/LIST_TITLE_PLACEHOLDER/$TITLE/g")[0m
job-design	Generar HTML de secciones segÃºn JSON	2025-04-25T10:39:52.2788561Z [36;1m          LIST_TEMPLATE=$(echo "$LIST_TEMPLATE" | sed "s|DATA_SOURCE_PLACEHOLDER|$DATA_SOURCE|g")[0m
job-design	Generar HTML de secciones segÃºn JSON	2025-04-25T10:39:52.2789194Z [36;1m          TEMPLATES_HTML+="$LIST_TEMPLATE"[0m
job-design	Generar HTML de secciones segÃºn JSON	2025-04-25T10:39:52.2789827Z [36;1m          TEMPLATES_HTML+="<script src=\"../../js/data-list.js\" data-source=\"$DATA_SOURCE\"></script>"[0m
job-design	Generar HTML de secciones segÃºn JSON	2025-04-25T10:39:52.2790432Z [36;1m        fi[0m
job-design	Generar HTML de secciones segÃºn JSON	2025-04-25T10:39:52.2790881Z [36;1m      done[0m
job-design	Generar HTML de secciones segÃºn JSON	2025-04-25T10:39:52.2791318Z [36;1m      [0m
job-design	Generar HTML de secciones segÃºn JSON	2025-04-25T10:39:52.2791842Z [36;1m      # Reemplazar el placeholder de templates con el HTML generado[0m
job-design	Generar HTML de secciones segÃºn JSON	2025-04-25T10:39:52.2792496Z [36;1m      sed -i "s|<!-- TEMPLATES_PLACEHOLDER -->|$TEMPLATES_HTML|g" "$SECTION_HTML"[0m
job-design	Generar HTML de secciones segÃºn JSON	2025-04-25T10:39:52.2793059Z [36;1m      [0m
job-design	Generar HTML de secciones segÃºn JSON	2025-04-25T10:39:52.2793519Z [36;1m      echo "Generado $SECTION_HTML"[0m
job-design	Generar HTML de secciones segÃºn JSON	2025-04-25T10:39:52.2794135Z [36;1m      # Almacenar cada secciÃ³n en un directorio temporal para concatenarlas despuÃ©s[0m
job-design	Generar HTML de secciones segÃºn JSON	2025-04-25T10:39:52.2794819Z [36;1m      mkdir -p "core/results/webs/${TITLE}/temp_sections"[0m
job-design	Generar HTML de secciones segÃºn JSON	2025-04-25T10:39:52.2795470Z [36;1m      cp "$SECTION_HTML" "core/results/webs/${TITLE}/temp_sections/${SECTION_NAME}.html"[0m
job-design	Generar HTML de secciones segÃºn JSON	2025-04-25T10:39:52.2796055Z [36;1m    else[0m
job-design	Generar HTML de secciones segÃºn JSON	2025-04-25T10:39:52.2796572Z [36;1m      echo "Error: No se encontro la plantilla HTML en $TEMPLATE_HTML"[0m
job-design	Generar HTML de secciones segÃºn JSON	2025-04-25T10:39:52.2797108Z [36;1m    fi[0m
job-design	Generar HTML de secciones segÃºn JSON	2025-04-25T10:39:52.2797538Z [36;1m  else[0m
job-design	Generar HTML de secciones segÃºn JSON	2025-04-25T10:39:52.2798005Z [36;1m    echo "No se encontrÃ³ $SECTION_JSON"[0m
job-design	Generar HTML de secciones segÃºn JSON	2025-04-25T10:39:52.2798506Z [36;1m  fi[0m
job-design	Generar HTML de secciones segÃºn JSON	2025-04-25T10:39:52.2799015Z [36;1mdone[0m
job-design	Generar HTML de secciones segÃºn JSON	2025-04-25T10:39:52.2799435Z [36;1m[0m
job-design	Generar HTML de secciones segÃºn JSON	2025-04-25T10:39:52.2799936Z [36;1m# Crear el dashboard.html con todas las secciones concatenadas[0m
job-design	Generar HTML de secciones segÃºn JSON	2025-04-25T10:39:52.2800489Z [36;1mecho "<!DOCTYPE html>[0m
job-design	Generar HTML de secciones segÃºn JSON	2025-04-25T10:39:52.2800958Z [36;1m<html lang=\"en\">[0m
job-design	Generar HTML de secciones segÃºn JSON	2025-04-25T10:39:52.2801411Z [36;1m<head>[0m
job-design	Generar HTML de secciones segÃºn JSON	2025-04-25T10:39:52.2801851Z [36;1m    <meta charset=\"UTF-8\">[0m
job-design	Generar HTML de secciones segÃºn JSON	2025-04-25T10:39:52.2802430Z [36;1m    <meta name=\"viewport\" content=\"width=device-width, initial-scale=1.0\">[0m
job-design	Generar HTML de secciones segÃºn JSON	2025-04-25T10:39:52.2803075Z [36;1m    <title>Dashboard</title>[0m
job-design	Generar HTML de secciones segÃºn JSON	2025-04-25T10:39:52.2803555Z [36;1m</head>[0m
job-design	Generar HTML de secciones segÃºn JSON	2025-04-25T10:39:52.2804246Z [36;1m<body>" > "core/results/webs/${TITLE}/dashboard.html"[0m
job-design	Generar HTML de secciones segÃºn JSON	2025-04-25T10:39:52.2804777Z [36;1m[0m
job-design	Generar HTML de secciones segÃºn JSON	2025-04-25T10:39:52.2805217Z [36;1m# Concatenar todas las secciones[0m
job-design	Generar HTML de secciones segÃºn JSON	2025-04-25T10:39:52.2805767Z [36;1mif [ -d "core/results/webs/${TITLE}/temp_sections" ]; then[0m
job-design	Generar HTML de secciones segÃºn JSON	2025-04-25T10:39:52.2806389Z [36;1m  for section_file in "core/results/webs/${TITLE}/temp_sections"/*.html; do[0m
job-design	Generar HTML de secciones segÃºn JSON	2025-04-25T10:39:52.2807076Z [36;1m    echo "<div class=\"section-content\">" >> "core/results/webs/${TITLE}/dashboard.html"[0m
job-design	Generar HTML de secciones segÃºn JSON	2025-04-25T10:39:52.2807746Z [36;1m    cat "$section_file" >> "core/results/webs/${TITLE}/dashboard.html"[0m
job-design	Generar HTML de secciones segÃºn JSON	2025-04-25T10:39:52.2808357Z [36;1m    echo "</div>" >> "core/results/webs/${TITLE}/dashboard.html"[0m
job-design	Generar HTML de secciones segÃºn JSON	2025-04-25T10:39:52.2808877Z [36;1m  done[0m
job-design	Generar HTML de secciones segÃºn JSON	2025-04-25T10:39:52.2809306Z [36;1mfi[0m
job-design	Generar HTML de secciones segÃºn JSON	2025-04-25T10:39:52.2809723Z [36;1m[0m
job-design	Generar HTML de secciones segÃºn JSON	2025-04-25T10:39:52.2810227Z [36;1mecho "</body></html>" >> "core/results/webs/${TITLE}/dashboard.html"[0m
job-design	Generar HTML de secciones segÃºn JSON	2025-04-25T10:39:52.2810831Z [36;1mecho "Dashboard generado con todas las secciones"[0m
job-design	Generar HTML de secciones segÃºn JSON	2025-04-25T10:39:52.2818161Z shell: /usr/bin/bash -e {0}
job-design	Generar HTML de secciones segÃºn JSON	2025-04-25T10:39:52.2818664Z env:
job-design	Generar HTML de secciones segÃºn JSON	2025-04-25T10:39:52.2819100Z   KAOS_CODE: 14662673159
job-design	Generar HTML de secciones segÃºn JSON	2025-04-25T10:39:52.2819574Z   KAOS_EVENT_NAME: workflow_dispatch
job-design	Generar HTML de secciones segÃºn JSON	2025-04-25T10:39:52.2820055Z   KAOS_ACTION: 
job-design	Generar HTML de secciones segÃºn JSON	2025-04-25T10:39:52.2820495Z   KAOS_REF: refs/heads/main
job-design	Generar HTML de secciones segÃºn JSON	2025-04-25T10:39:52.2820986Z   KAOS_MODULE: [Ka0S] Deploy Web Structure
job-design	Generar HTML de secciones segÃºn JSON	2025-04-25T10:39:52.2821495Z   KAOS_JSON_WEB: core/config/webs/webs.json
job-design	Generar HTML de secciones segÃºn JSON	2025-04-25T10:39:52.2821991Z   KAOS_JSON_RESUME: core/outputs/webs/
job-design	Generar HTML de secciones segÃºn JSON	2025-04-25T10:39:52.2822475Z   KAOS_JSON_DATA: core/web/data/data.json
job-design	Generar HTML de secciones segÃºn JSON	2025-04-25T10:39:52.2822967Z   KAOS_WEB_STRUCTURE: core/results/webs/
job-design	Generar HTML de secciones segÃºn JSON	2025-04-25T10:39:52.2823431Z   KAOS_ACTOR: jh0ny2k2
job-design	Generar HTML de secciones segÃºn JSON	2025-04-25T10:39:52.2823852Z ##[endgroup]
job-design	Generar HTML de secciones segÃºn JSON	2025-04-25T10:39:52.2867751Z Generando HTML de secciones segÃºn su JSON...
job-design	Generar HTML de secciones segÃºn JSON	2025-04-25T10:39:52.2941192Z Procesando core/config/webs/section1inicio.json para core/results/webs/dashboard/structure/section1inicio/section1inicio.html
job-design	Generar HTML de secciones segÃºn JSON	2025-04-25T10:39:52.3027376Z Encontrado placeholder para lista de secciÃ³n, procesando...
job-design	Generar HTML de secciones segÃºn JSON	2025-04-25T10:39:52.3077936Z jq: error (at core/config/webs/section1inicio.json:15): Cannot index object with number
job-design	Generar HTML de secciones segÃºn JSON	2025-04-25T10:39:52.3098790Z ##[error]Process completed with exit code 5.
job-design	Post Checkout repository	ï»¿2025-04-25T10:39:52.3210931Z Post job cleanup.
job-design	Post Checkout repository	2025-04-25T10:39:52.3706342Z [command]/usr/bin/git version
job-design	Post Checkout repository	2025-04-25T10:39:52.3731541Z git version 2.43.0
job-design	Post Checkout repository	2025-04-25T10:39:52.3753615Z Copying '/home/kaos/.gitconfig' to '/actions-runner/_work/_temp/efdf5acd-ea1e-4cbb-8267-1205ca576878/.gitconfig'
job-design	Post Checkout repository	2025-04-25T10:39:52.3767027Z Temporarily overriding HOME='/actions-runner/_work/_temp/efdf5acd-ea1e-4cbb-8267-1205ca576878' before making global git config changes
job-design	Post Checkout repository	2025-04-25T10:39:52.3768517Z Adding repository directory to the temporary git global config as a safe directory
job-design	Post Checkout repository	2025-04-25T10:39:52.3769707Z [command]/usr/bin/git config --global --add safe.directory /actions-runner/_work/ka0s/ka0s
job-design	Post Checkout repository	2025-04-25T10:39:52.3791800Z [command]/usr/bin/git config --local --name-only --get-regexp core\.sshCommand
job-design	Post Checkout repository	2025-04-25T10:39:52.3813808Z [command]/usr/bin/git submodule foreach --recursive sh -c "git config --local --name-only --get-regexp 'core\.sshCommand' && git config --local --unset-all 'core.sshCommand' || :"
job-design	Post Checkout repository	2025-04-25T10:39:52.4053794Z [command]/usr/bin/git config --local --name-only --get-regexp http\.https\:\/\/github\.com\/\.extraheader
job-design	Post Checkout repository	2025-04-25T10:39:52.4071776Z http.https://github.com/.extraheader
job-design	Post Checkout repository	2025-04-25T10:39:52.4077764Z [command]/usr/bin/git config --local --unset-all http.https://github.com/.extraheader
job-design	Post Checkout repository	2025-04-25T10:39:52.4103875Z [command]/usr/bin/git submodule foreach --recursive sh -c "git config --local --name-only --get-regexp 'http\.https\:\/\/github\.com\/\.extraheader' && git config --local --unset-all 'http.https://github.com/.extraheader' || :"
job-design	Complete job	ï»¿2025-04-25T10:39:52.4454618Z Cleaning up orphan processes
handle_failure	Set up job	ï»¿2025-04-25T10:39:59.9312760Z Current runner version: '2.323.0'
handle_failure	Set up job	2025-04-25T10:39:59.9316804Z Runner name: 'ka0s-8'
handle_failure	Set up job	2025-04-25T10:39:59.9317364Z Machine name: '26a53205c9ac'
handle_failure	Set up job	2025-04-25T10:39:59.9318778Z ##[group]GITHUB_TOKEN Permissions
handle_failure	Set up job	2025-04-25T10:39:59.9320146Z Contents: read
handle_failure	Set up job	2025-04-25T10:39:59.9320451Z Metadata: read
handle_failure	Set up job	2025-04-25T10:39:59.9320738Z Packages: read
handle_failure	Set up job	2025-04-25T10:39:59.9321013Z ##[endgroup]
handle_failure	Set up job	2025-04-25T10:39:59.9322335Z Secret source: Actions
handle_failure	Set up job	2025-04-25T10:39:59.9322717Z Prepare workflow directory
handle_failure	Set up job	2025-04-25T10:39:59.9700198Z Prepare all required actions
handle_failure	Set up job	2025-04-25T10:39:59.9732375Z Getting action download info
handle_failure	Set up job	2025-04-25T10:40:00.6745804Z Download action repository 'actions/checkout@v4' (SHA:11bd71901bbe5b1630ceea73d27597364c9af683)
handle_failure	Set up job	2025-04-25T10:40:06.5571233Z Complete job name: handle_failure
handle_failure	Checkout code	ï»¿2025-04-25T10:40:06.5824656Z ##[group]Run actions/checkout@v4
handle_failure	Checkout code	2025-04-25T10:40:06.5845155Z with:
handle_failure	Checkout code	2025-04-25T10:40:06.5845387Z   fetch-depth: 0
handle_failure	Checkout code	2025-04-25T10:40:06.5845821Z   token: ***
handle_failure	Checkout code	2025-04-25T10:40:06.5846006Z   repository: Ka0s-Klaus/ka0s
handle_failure	Checkout code	2025-04-25T10:40:06.5846254Z   ssh-strict: true
handle_failure	Checkout code	2025-04-25T10:40:06.5846427Z   ssh-user: git
handle_failure	Checkout code	2025-04-25T10:40:06.5846604Z   persist-credentials: true
handle_failure	Checkout code	2025-04-25T10:40:06.5846792Z   clean: true
handle_failure	Checkout code	2025-04-25T10:40:06.5846964Z   sparse-checkout-cone-mode: true
handle_failure	Checkout code	2025-04-25T10:40:06.5847164Z   fetch-tags: false
handle_failure	Checkout code	2025-04-25T10:40:06.5847338Z   show-progress: true
handle_failure	Checkout code	2025-04-25T10:40:06.5847517Z   lfs: false
handle_failure	Checkout code	2025-04-25T10:40:06.5847688Z   submodules: false
handle_failure	Checkout code	2025-04-25T10:40:06.5847859Z   set-safe-directory: true
handle_failure	Checkout code	2025-04-25T10:40:06.5848208Z env:
handle_failure	Checkout code	2025-04-25T10:40:06.5848369Z   KAOS_CODE: 14662673159
handle_failure	Checkout code	2025-04-25T10:40:06.5848554Z   KAOS_EVENT_NAME: workflow_dispatch
handle_failure	Checkout code	2025-04-25T10:40:06.5848749Z   KAOS_ACTION: 
handle_failure	Checkout code	2025-04-25T10:40:06.5848922Z   KAOS_REF: refs/heads/main
handle_failure	Checkout code	2025-04-25T10:40:06.5849122Z   KAOS_MODULE: [Ka0S] Deploy Web Structure
handle_failure	Checkout code	2025-04-25T10:40:06.5849359Z   KAOS_JSON_WEB: core/config/webs/webs.json
handle_failure	Checkout code	2025-04-25T10:40:06.5849572Z   KAOS_JSON_RESUME: core/outputs/webs/
handle_failure	Checkout code	2025-04-25T10:40:06.5849782Z   KAOS_JSON_DATA: core/web/data/data.json
handle_failure	Checkout code	2025-04-25T10:40:06.5849998Z   KAOS_WEB_STRUCTURE: core/results/webs/
handle_failure	Checkout code	2025-04-25T10:40:06.5850198Z   KAOS_ACTOR: jh0ny2k2
handle_failure	Checkout code	2025-04-25T10:40:06.5850366Z ##[endgroup]
handle_failure	Checkout code	2025-04-25T10:40:06.6545414Z Syncing repository: Ka0s-Klaus/ka0s
handle_failure	Checkout code	2025-04-25T10:40:06.6546494Z ##[group]Getting Git version info
handle_failure	Checkout code	2025-04-25T10:40:06.6546772Z Working directory is '/actions-runner/_work/ka0s/ka0s'
handle_failure	Checkout code	2025-04-25T10:40:06.6551436Z [command]/usr/bin/git version
handle_failure	Checkout code	2025-04-25T10:40:06.6582219Z git version 2.43.0
handle_failure	Checkout code	2025-04-25T10:40:06.6597688Z ##[endgroup]
handle_failure	Checkout code	2025-04-25T10:40:06.6605085Z Copying '/home/kaos/.gitconfig' to '/actions-runner/_work/_temp/67d4b05d-8bcf-48f8-a874-42e0e3e797e9/.gitconfig'
handle_failure	Checkout code	2025-04-25T10:40:06.6618951Z Temporarily overriding HOME='/actions-runner/_work/_temp/67d4b05d-8bcf-48f8-a874-42e0e3e797e9' before making global git config changes
handle_failure	Checkout code	2025-04-25T10:40:06.6619667Z Adding repository directory to the temporary git global config as a safe directory
handle_failure	Checkout code	2025-04-25T10:40:06.6622706Z [command]/usr/bin/git config --global --add safe.directory /actions-runner/_work/ka0s/ka0s
handle_failure	Checkout code	2025-04-25T10:40:06.6657297Z [command]/usr/bin/git config --local --get remote.origin.url
handle_failure	Checkout code	2025-04-25T10:40:06.6675610Z https://github.com/Ka0s-Klaus/ka0s
handle_failure	Checkout code	2025-04-25T10:40:06.6694192Z ##[group]Removing previously created refs, to avoid conflicts
handle_failure	Checkout code	2025-04-25T10:40:06.6697643Z [command]/usr/bin/git rev-parse --symbolic-full-name --verify --quiet HEAD
handle_failure	Checkout code	2025-04-25T10:40:06.6716736Z refs/heads/main
handle_failure	Checkout code	2025-04-25T10:40:06.6721899Z [command]/usr/bin/git checkout --detach
handle_failure	Checkout code	2025-04-25T10:40:06.6797906Z HEAD is now at beef9a46 [Ka0S] Inspector uploading resume execution files to the repository...
handle_failure	Checkout code	2025-04-25T10:40:06.6838302Z [command]/usr/bin/git branch --delete --force main
handle_failure	Checkout code	2025-04-25T10:40:06.6869520Z Deleted branch main (was beef9a46).
handle_failure	Checkout code	2025-04-25T10:40:06.6910850Z ##[endgroup]
handle_failure	Checkout code	2025-04-25T10:40:06.6911292Z [command]/usr/bin/git submodule status
handle_failure	Checkout code	2025-04-25T10:40:06.7146300Z ##[group]Cleaning the repository
handle_failure	Checkout code	2025-04-25T10:40:06.7150123Z [command]/usr/bin/git clean -ffdx
handle_failure	Checkout code	2025-04-25T10:40:06.7190466Z [command]/usr/bin/git reset --hard HEAD
handle_failure	Checkout code	2025-04-25T10:40:06.7307470Z HEAD is now at beef9a46 [Ka0S] Inspector uploading resume execution files to the repository...
handle_failure	Checkout code	2025-04-25T10:40:06.7309537Z ##[endgroup]
handle_failure	Checkout code	2025-04-25T10:40:06.7310309Z ##[group]Disabling automatic garbage collection
handle_failure	Checkout code	2025-04-25T10:40:06.7313539Z [command]/usr/bin/git config --local gc.auto 0
handle_failure	Checkout code	2025-04-25T10:40:06.7340462Z ##[endgroup]
handle_failure	Checkout code	2025-04-25T10:40:06.7341099Z ##[group]Setting up auth
handle_failure	Checkout code	2025-04-25T10:40:06.7349892Z [command]/usr/bin/git config --local --name-only --get-regexp core\.sshCommand
handle_failure	Checkout code	2025-04-25T10:40:06.7374041Z [command]/usr/bin/git submodule foreach --recursive sh -c "git config --local --name-only --get-regexp 'core\.sshCommand' && git config --local --unset-all 'core.sshCommand' || :"
handle_failure	Checkout code	2025-04-25T10:40:06.7632081Z [command]/usr/bin/git config --local --name-only --get-regexp http\.https\:\/\/github\.com\/\.extraheader
handle_failure	Checkout code	2025-04-25T10:40:06.7656647Z [command]/usr/bin/git submodule foreach --recursive sh -c "git config --local --name-only --get-regexp 'http\.https\:\/\/github\.com\/\.extraheader' && git config --local --unset-all 'http.https://github.com/.extraheader' || :"
handle_failure	Checkout code	2025-04-25T10:40:06.7913813Z [command]/usr/bin/git config --local http.https://github.com/.extraheader AUTHORIZATION: basic ***
handle_failure	Checkout code	2025-04-25T10:40:06.7951254Z ##[endgroup]
handle_failure	Checkout code	2025-04-25T10:40:06.7952074Z ##[group]Fetching the repository
handle_failure	Checkout code	2025-04-25T10:40:06.7957924Z [command]/usr/bin/git -c protocol.version=2 fetch --prune --no-recurse-submodules origin +refs/heads/*:refs/remotes/origin/* +refs/tags/*:refs/tags/*
handle_failure	Checkout code	2025-04-25T10:40:07.5985137Z From https://github.com/Ka0s-Klaus/ka0s
handle_failure	Checkout code	2025-04-25T10:40:07.5986694Z    beef9a46..7cd5093e  main       -> origin/main
handle_failure	Checkout code	2025-04-25T10:40:07.6019457Z [command]/usr/bin/git branch --list --remote origin/main
handle_failure	Checkout code	2025-04-25T10:40:07.6047307Z   origin/main
handle_failure	Checkout code	2025-04-25T10:40:07.6057404Z [command]/usr/bin/git rev-parse refs/remotes/origin/main
handle_failure	Checkout code	2025-04-25T10:40:07.6078258Z 7cd5093ef94afbe31877b82e8a75fba5add804cb
handle_failure	Checkout code	2025-04-25T10:40:07.6090238Z [command]/usr/bin/git -c protocol.version=2 fetch --no-tags --prune --no-recurse-submodules origin +7fe70c53d6fce9cf27606674ee0b0318da315b77:refs/remotes/origin/main
handle_failure	Checkout code	2025-04-25T10:40:07.6195826Z From https://github.com/Ka0s-Klaus/ka0s
handle_failure	Checkout code	2025-04-25T10:40:07.6196614Z  + 7cd5093e...7fe70c53 7fe70c53d6fce9cf27606674ee0b0318da315b77 -> origin/main  (forced update)
handle_failure	Checkout code	2025-04-25T10:40:07.6212375Z ##[endgroup]
handle_failure	Checkout code	2025-04-25T10:40:07.6213026Z ##[group]Determining the checkout info
handle_failure	Checkout code	2025-04-25T10:40:07.6213580Z ##[endgroup]
handle_failure	Checkout code	2025-04-25T10:40:07.6216127Z [command]/usr/bin/git sparse-checkout disable
handle_failure	Checkout code	2025-04-25T10:40:07.6268968Z [command]/usr/bin/git config --local --unset-all extensions.worktreeConfig
handle_failure	Checkout code	2025-04-25T10:40:07.6290857Z ##[group]Checking out the ref
handle_failure	Checkout code	2025-04-25T10:40:07.6291900Z [command]/usr/bin/git checkout --progress --force -B main refs/remotes/origin/main
handle_failure	Checkout code	2025-04-25T10:40:07.6439643Z Previous HEAD position was beef9a46 [Ka0S] Inspector uploading resume execution files to the repository...
handle_failure	Checkout code	2025-04-25T10:40:07.6440526Z Switched to a new branch 'main'
handle_failure	Checkout code	2025-04-25T10:40:07.6440961Z branch 'main' set up to track 'origin/main'.
handle_failure	Checkout code	2025-04-25T10:40:07.6446856Z ##[endgroup]
handle_failure	Checkout code	2025-04-25T10:40:07.6482564Z [command]/usr/bin/git log -1 --format=%H
handle_failure	Checkout code	2025-04-25T10:40:07.6509089Z 7fe70c53d6fce9cf27606674ee0b0318da315b77
handle_failure	handle-failure-execution	ï»¿2025-04-25T10:40:07.6672165Z ##[group]Run echo "Error detected in process"
handle_failure	handle-failure-execution	2025-04-25T10:40:07.6672512Z [36;1mecho "Error detected in process"[0m
handle_failure	handle-failure-execution	2025-04-25T10:40:07.6672781Z [36;1m# RNNUMBER=$(echo "refs/heads/main" | grep -o '[0-9]*')[0m
handle_failure	handle-failure-execution	2025-04-25T10:40:07.6673034Z [36;1mRNNUMBER=220[0m
handle_failure	handle-failure-execution	2025-04-25T10:40:07.6673465Z [36;1mgh issue comment $RNNUMBER --body "El proceso no ha finalizado correctamente 14662673159. El resultado estÃ¡ en el fichero core/results/event_data14662673159.log"[0m
handle_failure	handle-failure-execution	2025-04-25T10:40:07.6680719Z shell: /usr/bin/bash -e {0}
handle_failure	handle-failure-execution	2025-04-25T10:40:07.6680942Z env:
handle_failure	handle-failure-execution	2025-04-25T10:40:07.6681111Z   KAOS_CODE: 14662673159
handle_failure	handle-failure-execution	2025-04-25T10:40:07.6681307Z   KAOS_EVENT_NAME: workflow_dispatch
handle_failure	handle-failure-execution	2025-04-25T10:40:07.6681673Z   KAOS_ACTION: 
handle_failure	handle-failure-execution	2025-04-25T10:40:07.6681846Z   KAOS_REF: refs/heads/main
handle_failure	handle-failure-execution	2025-04-25T10:40:07.6682046Z   KAOS_MODULE: [Ka0S] Deploy Web Structure
handle_failure	handle-failure-execution	2025-04-25T10:40:07.6682268Z   KAOS_JSON_WEB: core/config/webs/webs.json
handle_failure	handle-failure-execution	2025-04-25T10:40:07.6682485Z   KAOS_JSON_RESUME: core/outputs/webs/
handle_failure	handle-failure-execution	2025-04-25T10:40:07.6682731Z   KAOS_JSON_DATA: core/web/data/data.json
handle_failure	handle-failure-execution	2025-04-25T10:40:07.6682943Z   KAOS_WEB_STRUCTURE: core/results/webs/
handle_failure	handle-failure-execution	2025-04-25T10:40:07.6683146Z   KAOS_ACTOR: jh0ny2k2
handle_failure	handle-failure-execution	2025-04-25T10:40:07.6683510Z   GH_TOKEN: ***
handle_failure	handle-failure-execution	2025-04-25T10:40:07.6683683Z ##[endgroup]
handle_failure	handle-failure-execution	2025-04-25T10:40:07.6736561Z Error detected in process
handle_failure	handle-failure-execution	2025-04-25T10:40:08.7441274Z https://github.com/Ka0s-Klaus/ka0s/issues/220#issuecomment-2830057016
handle_failure	Revert changes made by workflow	ï»¿2025-04-25T10:40:08.7493451Z ##[group]Run echo "Reverting changes made by the workflow..."
handle_failure	Revert changes made by workflow	2025-04-25T10:40:08.7493990Z [36;1mecho "Reverting changes made by the workflow..."[0m
handle_failure	Revert changes made by workflow	2025-04-25T10:40:08.7494342Z [36;1m[0m
handle_failure	Revert changes made by workflow	2025-04-25T10:40:08.7494794Z [36;1m# Extract title to know which folders to remove[0m
handle_failure	Revert changes made by workflow	2025-04-25T10:40:08.7495233Z [36;1mSTRUCTURE_FILE="core/config/webs/webs.json"[0m
handle_failure	Revert changes made by workflow	2025-04-25T10:40:08.7495616Z [36;1mif [ -f "$STRUCTURE_FILE" ]; then[0m
handle_failure	Revert changes made by workflow	2025-04-25T10:40:08.7496070Z [36;1m  TITLE=$(cat $STRUCTURE_FILE | grep -o '"title": *"[^"]*"' | cut -d'"' -f4)[0m
handle_failure	Revert changes made by workflow	2025-04-25T10:40:08.7496491Z [36;1m  if [ -z "$TITLE" ]; then[0m
handle_failure	Revert changes made by workflow	2025-04-25T10:40:08.7496776Z [36;1m    TITLE="dashboard"[0m
handle_failure	Revert changes made by workflow	2025-04-25T10:40:08.7497134Z [36;1m    echo "Title not found in JSON file, using default: $TITLE"[0m
handle_failure	Revert changes made by workflow	2025-04-25T10:40:08.7497498Z [36;1m  else[0m
handle_failure	Revert changes made by workflow	2025-04-25T10:40:08.7497760Z [36;1m    echo "Reverting changes for: $TITLE"[0m
handle_failure	Revert changes made by workflow	2025-04-25T10:40:08.7498067Z [36;1m  fi[0m
handle_failure	Revert changes made by workflow	2025-04-25T10:40:08.7498284Z [36;1m  [0m
handle_failure	Revert changes made by workflow	2025-04-25T10:40:08.7498613Z [36;1m  # Remove created directories and files[0m
handle_failure	Revert changes made by workflow	2025-04-25T10:40:08.7498971Z [36;1m  if [ -d "core/results/webs/$TITLE" ]; then[0m
handle_failure	Revert changes made by workflow	2025-04-25T10:40:08.7499406Z [36;1m    echo "Removing web structure directory: core/results/webs/$TITLE"[0m
handle_failure	Revert changes made by workflow	2025-04-25T10:40:08.7499843Z [36;1m    rm -rf "core/results/webs/$TITLE"[0m
handle_failure	Revert changes made by workflow	2025-04-25T10:40:08.7500145Z [36;1m  fi[0m
handle_failure	Revert changes made by workflow	2025-04-25T10:40:08.7500360Z [36;1m  [0m
handle_failure	Revert changes made by workflow	2025-04-25T10:40:08.7500620Z [36;1m  if [ -d "core/outputs/webs/$TITLE" ]; then[0m
handle_failure	Revert changes made by workflow	2025-04-25T10:40:08.7501028Z [36;1m    echo "Removing resume directory: core/outputs/webs/$TITLE"[0m
handle_failure	Revert changes made by workflow	2025-04-25T10:40:08.7501441Z [36;1m    rm -rf "core/outputs/webs/$TITLE"[0m
handle_failure	Revert changes made by workflow	2025-04-25T10:40:08.7501740Z [36;1m  fi[0m
handle_failure	Revert changes made by workflow	2025-04-25T10:40:08.7501955Z [36;1m  [0m
handle_failure	Revert changes made by workflow	2025-04-25T10:40:08.7502186Z [36;1m  # Commit the removal[0m
handle_failure	Revert changes made by workflow	2025-04-25T10:40:08.7502607Z [36;1m  git config --global user.name "***"[0m
handle_failure	Revert changes made by workflow	2025-04-25T10:40:08.7503041Z [36;1m  git config --global user.email "***"[0m
handle_failure	Revert changes made by workflow	2025-04-25T10:40:08.7503380Z [36;1m  git pull[0m
handle_failure	Revert changes made by workflow	2025-04-25T10:40:08.7503690Z [36;1m  git add "core/results/webs/"[0m
handle_failure	Revert changes made by workflow	2025-04-25T10:40:08.7503999Z [36;1m  git add "core/outputs/webs/"[0m
handle_failure	Revert changes made by workflow	2025-04-25T10:40:08.7504548Z [36;1m  [0m
handle_failure	Revert changes made by workflow	2025-04-25T10:40:08.7504816Z [36;1m  # Check if there are changes to commit[0m
handle_failure	Revert changes made by workflow	2025-04-25T10:40:08.7505194Z [36;1m  if git diff --staged --quiet; then[0m
handle_failure	Revert changes made by workflow	2025-04-25T10:40:08.7505562Z [36;1m    echo "No changes to revert"[0m
handle_failure	Revert changes made by workflow	2025-04-25T10:40:08.7505855Z [36;1m  else[0m
handle_failure	Revert changes made by workflow	2025-04-25T10:40:08.7506188Z [36;1m    git commit -m "[Ka0S] Reverting changes due to workflow failure"[0m
handle_failure	Revert changes made by workflow	2025-04-25T10:40:08.7506649Z [36;1m    git push origin refs/heads/main[0m
handle_failure	Revert changes made by workflow	2025-04-25T10:40:08.7506982Z [36;1m    echo "Changes successfully reverted"[0m
handle_failure	Revert changes made by workflow	2025-04-25T10:40:08.7507291Z [36;1m  fi[0m
handle_failure	Revert changes made by workflow	2025-04-25T10:40:08.7507500Z [36;1melse[0m
handle_failure	Revert changes made by workflow	2025-04-25T10:40:08.7507826Z [36;1m  echo "Structure file not found, cannot determine what to revert"[0m
handle_failure	Revert changes made by workflow	2025-04-25T10:40:08.7508199Z [36;1mfi[0m
handle_failure	Revert changes made by workflow	2025-04-25T10:40:08.7514704Z shell: /usr/bin/bash -e {0}
handle_failure	Revert changes made by workflow	2025-04-25T10:40:08.7515002Z env:
handle_failure	Revert changes made by workflow	2025-04-25T10:40:08.7515252Z   KAOS_CODE: 14662673159
handle_failure	Revert changes made by workflow	2025-04-25T10:40:08.7515529Z   KAOS_EVENT_NAME: workflow_dispatch
handle_failure	Revert changes made by workflow	2025-04-25T10:40:08.7515861Z   KAOS_ACTION: 
handle_failure	Revert changes made by workflow	2025-04-25T10:40:08.7516339Z   KAOS_REF: refs/heads/main
handle_failure	Revert changes made by workflow	2025-04-25T10:40:08.7516614Z   KAOS_MODULE: [Ka0S] Deploy Web Structure
handle_failure	Revert changes made by workflow	2025-04-25T10:40:08.7516937Z   KAOS_JSON_WEB: core/config/webs/webs.json
handle_failure	Revert changes made by workflow	2025-04-25T10:40:08.7517252Z   KAOS_JSON_RESUME: core/outputs/webs/
handle_failure	Revert changes made by workflow	2025-04-25T10:40:08.7517563Z   KAOS_JSON_DATA: core/web/data/data.json
handle_failure	Revert changes made by workflow	2025-04-25T10:40:08.7517875Z   KAOS_WEB_STRUCTURE: core/results/webs/
handle_failure	Revert changes made by workflow	2025-04-25T10:40:08.7518168Z   KAOS_ACTOR: jh0ny2k2
handle_failure	Revert changes made by workflow	2025-04-25T10:40:08.7518398Z ##[endgroup]
handle_failure	Revert changes made by workflow	2025-04-25T10:40:08.7547714Z Reverting changes made by the workflow...
handle_failure	Revert changes made by workflow	2025-04-25T10:40:08.7572391Z Reverting changes for: dashboard
handle_failure	Revert changes made by workflow	2025-04-25T10:40:08.7572844Z Removing web structure directory: core/results/webs/dashboard
handle_failure	Revert changes made by workflow	2025-04-25T10:40:08.7595604Z Removing resume directory: core/outputs/webs/dashboard
handle_failure	Revert changes made by workflow	2025-04-25T10:40:09.2902113Z From https://github.com/Ka0s-Klaus/ka0s
handle_failure	Revert changes made by workflow	2025-04-25T10:40:09.2902449Z    7fe70c53..7cd5093e  main       -> origin/main
handle_failure	Revert changes made by workflow	2025-04-25T10:40:09.3045662Z Updating 7fe70c53..7cd5093e
handle_failure	Revert changes made by workflow	2025-04-25T10:40:09.3046279Z Fast-forward
handle_failure	Revert changes made by workflow	2025-04-25T10:40:09.3065096Z  core/outputs/webs/data-files-summary.json | 2 ++
handle_failure	Revert changes made by workflow	2025-04-25T10:40:09.3065530Z  1 file changed, 2 insertions(+)
handle_failure	Revert changes made by workflow	2025-04-25T10:40:09.3454476Z [main 16f95415] [Ka0S] Reverting changes due to workflow failure
handle_failure	Revert changes made by workflow	2025-04-25T10:40:09.3455194Z  23 files changed, 140068 deletions(-)
handle_failure	Revert changes made by workflow	2025-04-25T10:40:09.3455593Z  delete mode 100644 core/outputs/webs/dashboard/dashboard_resume.json
handle_failure	Revert changes made by workflow	2025-04-25T10:40:09.3456106Z  delete mode 100644 core/outputs/webs/dashboard/readme.txt
handle_failure	Revert changes made by workflow	2025-04-25T10:40:09.3456535Z  delete mode 100644 core/results/webs/dashboard/custom/custom.html
handle_failure	Revert changes made by workflow	2025-04-25T10:40:09.3456981Z  delete mode 100644 core/results/webs/dashboard/dashboard.html
handle_failure	Revert changes made by workflow	2025-04-25T10:40:09.3457427Z  delete mode 100644 core/results/webs/dashboard/data/data.html
handle_failure	Revert changes made by workflow	2025-04-25T10:40:09.3457907Z  delete mode 100644 core/results/webs/dashboard/data/kaos-issue.json
handle_failure	Revert changes made by workflow	2025-04-25T10:40:09.3458472Z  delete mode 100644 core/results/webs/dashboard/data/kaos-repository-global-statistics.json
handle_failure	Revert changes made by workflow	2025-04-25T10:40:09.3459128Z  delete mode 100644 core/results/webs/dashboard/data/kaos-repository-statistics.json
handle_failure	Revert changes made by workflow	2025-04-25T10:40:09.3459731Z  delete mode 100644 core/results/webs/dashboard/data/kaos-workflows-available.json
handle_failure	Revert changes made by workflow	2025-04-25T10:40:09.3460292Z  delete mode 100644 core/results/webs/dashboard/data/kaos-workflows-runs.json
handle_failure	Revert changes made by workflow	2025-04-25T10:40:09.3460785Z  delete mode 100644 core/results/webs/dashboard/js/dashboard.js
handle_failure	Revert changes made by workflow	2025-04-25T10:40:09.3461199Z  delete mode 100644 core/results/webs/dashboard/js/js.html
handle_failure	Revert changes made by workflow	2025-04-25T10:40:09.3461662Z  delete mode 100644 core/results/webs/dashboard/structure/inicio/inicio.html
handle_failure	Revert changes made by workflow	2025-04-25T10:40:09.3462191Z  delete mode 100644 core/results/webs/dashboard/structure/issues/issues.html
handle_failure	Revert changes made by workflow	2025-04-25T10:40:09.3462808Z  delete mode 100644 core/results/webs/dashboard/structure/section1inicio/section1inicio.html
handle_failure	Revert changes made by workflow	2025-04-25T10:40:09.3463528Z  delete mode 100644 core/results/webs/dashboard/structure/section2workflows/section2workflows.html
handle_failure	Revert changes made by workflow	2025-04-25T10:40:09.3464279Z  delete mode 100644 core/results/webs/dashboard/structure/section3issues/section3issues.html
handle_failure	Revert changes made by workflow	2025-04-25T10:40:09.3464938Z  delete mode 100644 core/results/webs/dashboard/structure/structure.html
handle_failure	Revert changes made by workflow	2025-04-25T10:40:09.3465486Z  delete mode 100644 core/results/webs/dashboard/structure/workflows/workflows.html
handle_failure	Revert changes made by workflow	2025-04-25T10:40:09.3467622Z  delete mode 100644 core/results/webs/dashboard/temp_sections/section1inicio.html
handle_failure	Revert changes made by workflow	2025-04-25T10:40:09.3468110Z  delete mode 100644 core/results/webs/dashboard/temp_sections/section2workflows.html
handle_failure	Revert changes made by workflow	2025-04-25T10:40:09.3468526Z  delete mode 100644 core/results/webs/dashboard/temp_sections/section3issues.html
handle_failure	Revert changes made by workflow	2025-04-25T10:40:09.3468962Z  delete mode 100644 core/results/webs/dashboard/templates/templates.html
handle_failure	Revert changes made by workflow	2025-04-25T10:40:10.1794695Z To https://github.com/Ka0s-Klaus/ka0s
handle_failure	Revert changes made by workflow	2025-04-25T10:40:10.1795194Z    7cd5093e..16f95415  main -> main
handle_failure	Revert changes made by workflow	2025-04-25T10:40:10.1831187Z Changes successfully reverted
handle_failure	Post Checkout code	ï»¿2025-04-25T10:40:10.1921113Z Post job cleanup.
handle_failure	Post Checkout code	2025-04-25T10:40:10.2526352Z [command]/usr/bin/git version
handle_failure	Post Checkout code	2025-04-25T10:40:10.2571167Z git version 2.43.0
handle_failure	Post Checkout code	2025-04-25T10:40:10.2619434Z Copying '/home/kaos/.gitconfig' to '/actions-runner/_work/_temp/87bd0223-6c86-40d9-bf75-cc4798565293/.gitconfig'
handle_failure	Post Checkout code	2025-04-25T10:40:10.2635458Z Temporarily overriding HOME='/actions-runner/_work/_temp/87bd0223-6c86-40d9-bf75-cc4798565293' before making global git config changes
handle_failure	Post Checkout code	2025-04-25T10:40:10.2636191Z Adding repository directory to the temporary git global config as a safe directory
handle_failure	Post Checkout code	2025-04-25T10:40:10.2643363Z [command]/usr/bin/git config --global --add safe.directory /actions-runner/_work/ka0s/ka0s
handle_failure	Post Checkout code	2025-04-25T10:40:10.2683371Z [command]/usr/bin/git config --local --name-only --get-regexp core\.sshCommand
handle_failure	Post Checkout code	2025-04-25T10:40:10.2710765Z [command]/usr/bin/git submodule foreach --recursive sh -c "git config --local --name-only --get-regexp 'core\.sshCommand' && git config --local --unset-all 'core.sshCommand' || :"
handle_failure	Post Checkout code	2025-04-25T10:40:10.2959204Z [command]/usr/bin/git config --local --name-only --get-regexp http\.https\:\/\/github\.com\/\.extraheader
handle_failure	Post Checkout code	2025-04-25T10:40:10.2982724Z http.https://github.com/.extraheader
handle_failure	Post Checkout code	2025-04-25T10:40:10.2996132Z [command]/usr/bin/git config --local --unset-all http.https://github.com/.extraheader
handle_failure	Post Checkout code	2025-04-25T10:40:10.3026359Z [command]/usr/bin/git submodule foreach --recursive sh -c "git config --local --name-only --get-regexp 'http\.https\:\/\/github\.com\/\.extraheader' && git config --local --unset-all 'http.https://github.com/.extraheader' || :"
handle_failure	Complete job	ï»¿2025-04-25T10:40:10.3371014Z Cleaning up orphan processes
end-workflow	Set up job	ï»¿2025-04-25T10:40:14.8637600Z Current runner version: '2.323.0'
end-workflow	Set up job	2025-04-25T10:40:14.8641605Z Runner name: 'ka0s-7'
end-workflow	Set up job	2025-04-25T10:40:14.8642161Z Machine name: '26a53205c9ac'
end-workflow	Set up job	2025-04-25T10:40:14.8643540Z ##[group]GITHUB_TOKEN Permissions
end-workflow	Set up job	2025-04-25T10:40:14.8645274Z Contents: read
end-workflow	Set up job	2025-04-25T10:40:14.8645592Z Metadata: read
end-workflow	Set up job	2025-04-25T10:40:14.8645884Z Packages: read
end-workflow	Set up job	2025-04-25T10:40:14.8646157Z ##[endgroup]
end-workflow	Set up job	2025-04-25T10:40:14.8647409Z Secret source: Actions
end-workflow	Set up job	2025-04-25T10:40:14.8647779Z Prepare workflow directory
end-workflow	Set up job	2025-04-25T10:40:14.9026040Z Prepare all required actions
end-workflow	Set up job	2025-04-25T10:40:14.9052094Z Getting action download info
end-workflow	Set up job	2025-04-25T10:40:15.4771901Z Download action repository 'actions/checkout@v4' (SHA:11bd71901bbe5b1630ceea73d27597364c9af683)
end-workflow	Set up job	2025-04-25T10:40:16.2330865Z Complete job name: end-workflow
end-workflow	Checkout code	ï»¿2025-04-25T10:40:16.2640999Z ##[group]Run actions/checkout@v4
end-workflow	Checkout code	2025-04-25T10:40:16.2641600Z with:
end-workflow	Checkout code	2025-04-25T10:40:16.2641919Z   fetch-depth: 0
end-workflow	Checkout code	2025-04-25T10:40:16.2642413Z   token: ***
end-workflow	Checkout code	2025-04-25T10:40:16.2642748Z   repository: Ka0s-Klaus/ka0s
end-workflow	Checkout code	2025-04-25T10:40:16.2643137Z   ssh-strict: true
end-workflow	Checkout code	2025-04-25T10:40:16.2643478Z   ssh-user: git
end-workflow	Checkout code	2025-04-25T10:40:16.2643823Z   persist-credentials: true
end-workflow	Checkout code	2025-04-25T10:40:16.2644164Z   clean: true
end-workflow	Checkout code	2025-04-25T10:40:16.2644499Z   sparse-checkout-cone-mode: true
end-workflow	Checkout code	2025-04-25T10:40:16.2645232Z   fetch-tags: false
end-workflow	Checkout code	2025-04-25T10:40:16.2645547Z   show-progress: true
end-workflow	Checkout code	2025-04-25T10:40:16.2645890Z   lfs: false
end-workflow	Checkout code	2025-04-25T10:40:16.2646214Z   submodules: false
end-workflow	Checkout code	2025-04-25T10:40:16.2646549Z   set-safe-directory: true
end-workflow	Checkout code	2025-04-25T10:40:16.2647010Z env:
end-workflow	Checkout code	2025-04-25T10:40:16.2647321Z   KAOS_CODE: 14662673159
end-workflow	Checkout code	2025-04-25T10:40:16.2647670Z   KAOS_EVENT_NAME: workflow_dispatch
end-workflow	Checkout code	2025-04-25T10:40:16.2648094Z   KAOS_ACTION: 
end-workflow	Checkout code	2025-04-25T10:40:16.2648446Z   KAOS_REF: refs/heads/main
end-workflow	Checkout code	2025-04-25T10:40:16.2648893Z   KAOS_MODULE: [Ka0S] Deploy Web Structure
end-workflow	Checkout code	2025-04-25T10:40:16.2649412Z   KAOS_JSON_WEB: core/config/webs/webs.json
end-workflow	Checkout code	2025-04-25T10:40:16.2649933Z   KAOS_JSON_RESUME: core/outputs/webs/
end-workflow	Checkout code	2025-04-25T10:40:16.2650374Z   KAOS_JSON_DATA: core/web/data/data.json
end-workflow	Checkout code	2025-04-25T10:40:16.2650864Z   KAOS_WEB_STRUCTURE: core/results/webs/
end-workflow	Checkout code	2025-04-25T10:40:16.2651334Z   KAOS_ACTOR: jh0ny2k2
end-workflow	Checkout code	2025-04-25T10:40:16.2651775Z   GH_TOKEN: ***
end-workflow	Checkout code	2025-04-25T10:40:16.2652106Z ##[endgroup]
end-workflow	Checkout code	2025-04-25T10:40:16.3371038Z Syncing repository: Ka0s-Klaus/ka0s
end-workflow	Checkout code	2025-04-25T10:40:16.3372651Z ##[group]Getting Git version info
end-workflow	Checkout code	2025-04-25T10:40:16.3373356Z Working directory is '/actions-runner/_work/ka0s/ka0s'
end-workflow	Checkout code	2025-04-25T10:40:16.3374450Z [command]/usr/bin/git version
end-workflow	Checkout code	2025-04-25T10:40:16.3375070Z git version 2.43.0
end-workflow	Checkout code	2025-04-25T10:40:16.3386137Z ##[endgroup]
end-workflow	Checkout code	2025-04-25T10:40:16.3394203Z Copying '/home/kaos/.gitconfig' to '/actions-runner/_work/_temp/a959dd3c-2417-45fb-b4fa-f3fd074e7588/.gitconfig'
end-workflow	Checkout code	2025-04-25T10:40:16.3407243Z Temporarily overriding HOME='/actions-runner/_work/_temp/a959dd3c-2417-45fb-b4fa-f3fd074e7588' before making global git config changes
end-workflow	Checkout code	2025-04-25T10:40:16.3409235Z Adding repository directory to the temporary git global config as a safe directory
end-workflow	Checkout code	2025-04-25T10:40:16.3411102Z [command]/usr/bin/git config --global --add safe.directory /actions-runner/_work/ka0s/ka0s
end-workflow	Checkout code	2025-04-25T10:40:16.3446838Z [command]/usr/bin/git config --local --get remote.origin.url
end-workflow	Checkout code	2025-04-25T10:40:16.3468455Z https://github.com/Ka0s-Klaus/ka0s
end-workflow	Checkout code	2025-04-25T10:40:16.3492412Z ##[group]Removing previously created refs, to avoid conflicts
end-workflow	Checkout code	2025-04-25T10:40:16.3497089Z [command]/usr/bin/git rev-parse --symbolic-full-name --verify --quiet HEAD
end-workflow	Checkout code	2025-04-25T10:40:16.3514212Z refs/heads/main
end-workflow	Checkout code	2025-04-25T10:40:16.3528233Z [command]/usr/bin/git checkout --detach
end-workflow	Checkout code	2025-04-25T10:40:16.3619552Z HEAD is now at 7fe70c53 Cambio en structure
end-workflow	Checkout code	2025-04-25T10:40:16.3622809Z M	core/results/webs/dashboard/structure/section1inicio/section1inicio.html
end-workflow	Checkout code	2025-04-25T10:40:16.3662034Z [command]/usr/bin/git branch --delete --force main
end-workflow	Checkout code	2025-04-25T10:40:16.3687403Z Deleted branch main (was 7fe70c53).
end-workflow	Checkout code	2025-04-25T10:40:16.3727905Z ##[endgroup]
end-workflow	Checkout code	2025-04-25T10:40:16.3728411Z [command]/usr/bin/git submodule status
end-workflow	Checkout code	2025-04-25T10:40:16.3967603Z ##[group]Cleaning the repository
end-workflow	Checkout code	2025-04-25T10:40:16.3968380Z [command]/usr/bin/git clean -ffdx
end-workflow	Checkout code	2025-04-25T10:40:16.4019324Z [command]/usr/bin/git reset --hard HEAD
end-workflow	Checkout code	2025-04-25T10:40:16.4140522Z HEAD is now at 7fe70c53 Cambio en structure
end-workflow	Checkout code	2025-04-25T10:40:16.4142318Z ##[endgroup]
end-workflow	Checkout code	2025-04-25T10:40:16.4143278Z ##[group]Disabling automatic garbage collection
end-workflow	Checkout code	2025-04-25T10:40:16.4148643Z [command]/usr/bin/git config --local gc.auto 0
end-workflow	Checkout code	2025-04-25T10:40:16.4168208Z ##[endgroup]
end-workflow	Checkout code	2025-04-25T10:40:16.4168928Z ##[group]Setting up auth
end-workflow	Checkout code	2025-04-25T10:40:16.4177792Z [command]/usr/bin/git config --local --name-only --get-regexp core\.sshCommand
end-workflow	Checkout code	2025-04-25T10:40:16.4201420Z [command]/usr/bin/git submodule foreach --recursive sh -c "git config --local --name-only --get-regexp 'core\.sshCommand' && git config --local --unset-all 'core.sshCommand' || :"
end-workflow	Checkout code	2025-04-25T10:40:16.4448094Z [command]/usr/bin/git config --local --name-only --get-regexp http\.https\:\/\/github\.com\/\.extraheader
end-workflow	Checkout code	2025-04-25T10:40:16.4474302Z [command]/usr/bin/git submodule foreach --recursive sh -c "git config --local --name-only --get-regexp 'http\.https\:\/\/github\.com\/\.extraheader' && git config --local --unset-all 'http.https://github.com/.extraheader' || :"
end-workflow	Checkout code	2025-04-25T10:40:16.4720421Z [command]/usr/bin/git config --local http.https://github.com/.extraheader AUTHORIZATION: basic ***
end-workflow	Checkout code	2025-04-25T10:40:16.4754894Z ##[endgroup]
end-workflow	Checkout code	2025-04-25T10:40:16.4756043Z ##[group]Fetching the repository
end-workflow	Checkout code	2025-04-25T10:40:16.4762212Z [command]/usr/bin/git -c protocol.version=2 fetch --prune --no-recurse-submodules origin +refs/heads/*:refs/remotes/origin/* +refs/tags/*:refs/tags/*
end-workflow	Checkout code	2025-04-25T10:40:17.2060949Z From https://github.com/Ka0s-Klaus/ka0s
end-workflow	Checkout code	2025-04-25T10:40:17.2062253Z    7fe70c53..16f95415  main       -> origin/main
end-workflow	Checkout code	2025-04-25T10:40:17.2093855Z [command]/usr/bin/git branch --list --remote origin/main
end-workflow	Checkout code	2025-04-25T10:40:17.2121661Z   origin/main
end-workflow	Checkout code	2025-04-25T10:40:17.2131611Z [command]/usr/bin/git rev-parse refs/remotes/origin/main
end-workflow	Checkout code	2025-04-25T10:40:17.2153346Z 16f95415a71e8d60aa08ad73123c3feb63ad6769
end-workflow	Checkout code	2025-04-25T10:40:17.2168484Z [command]/usr/bin/git -c protocol.version=2 fetch --no-tags --prune --no-recurse-submodules origin +7fe70c53d6fce9cf27606674ee0b0318da315b77:refs/remotes/origin/main
end-workflow	Checkout code	2025-04-25T10:40:17.2274943Z From https://github.com/Ka0s-Klaus/ka0s
end-workflow	Checkout code	2025-04-25T10:40:17.2277181Z  + 16f95415...7fe70c53 7fe70c53d6fce9cf27606674ee0b0318da315b77 -> origin/main  (forced update)
end-workflow	Checkout code	2025-04-25T10:40:17.2294411Z ##[endgroup]
end-workflow	Checkout code	2025-04-25T10:40:17.2296255Z ##[group]Determining the checkout info
end-workflow	Checkout code	2025-04-25T10:40:17.2298105Z ##[endgroup]
end-workflow	Checkout code	2025-04-25T10:40:17.2299195Z [command]/usr/bin/git sparse-checkout disable
end-workflow	Checkout code	2025-04-25T10:40:17.2347659Z [command]/usr/bin/git config --local --unset-all extensions.worktreeConfig
end-workflow	Checkout code	2025-04-25T10:40:17.2371875Z ##[group]Checking out the ref
end-workflow	Checkout code	2025-04-25T10:40:17.2373767Z [command]/usr/bin/git checkout --progress --force -B main refs/remotes/origin/main
end-workflow	Checkout code	2025-04-25T10:40:17.2449429Z Switched to a new branch 'main'
end-workflow	Checkout code	2025-04-25T10:40:17.2450885Z branch 'main' set up to track 'origin/main'.
end-workflow	Checkout code	2025-04-25T10:40:17.2469759Z ##[endgroup]
end-workflow	Checkout code	2025-04-25T10:40:17.2493042Z [command]/usr/bin/git log -1 --format=%H
end-workflow	Checkout code	2025-04-25T10:40:17.2519626Z 7fe70c53d6fce9cf27606674ee0b0318da315b77
end-workflow	Finaliza el workflow	ï»¿2025-04-25T10:40:17.2737639Z ##[group]Run echo "End process"
end-workflow	Finaliza el workflow	2025-04-25T10:40:17.2738555Z [36;1mecho "End process"[0m
end-workflow	Finaliza el workflow	2025-04-25T10:40:17.2739541Z [36;1m# RNNUMBER=$(echo "refs/heads/main" | grep -o '[0-9]*')[0m
end-workflow	Finaliza el workflow	2025-04-25T10:40:17.2740598Z [36;1mRNNUMBER=220[0m
end-workflow	Finaliza el workflow	2025-04-25T10:40:17.2741591Z [36;1mgh issue comment $RNNUMBER --body "Se finaliza Ka0s 14662673159"[0m
end-workflow	Finaliza el workflow	2025-04-25T10:40:17.2743574Z [36;1mgh workflow run inspector.yml --ref 'main' -f kaos-issue-id=$RNNUMBER -f kaos-workflow-id="14662673159" -f kaos-user-start=""[0m
end-workflow	Finaliza el workflow	2025-04-25T10:40:17.2752556Z shell: /usr/bin/bash -e {0}
end-workflow	Finaliza el workflow	2025-04-25T10:40:17.2753349Z env:
end-workflow	Finaliza el workflow	2025-04-25T10:40:17.2754168Z   KAOS_CODE: 14662673159
end-workflow	Finaliza el workflow	2025-04-25T10:40:17.2754983Z   KAOS_EVENT_NAME: workflow_dispatch
end-workflow	Finaliza el workflow	2025-04-25T10:40:17.2755972Z   KAOS_ACTION: 
end-workflow	Finaliza el workflow	2025-04-25T10:40:17.2756804Z   KAOS_REF: refs/heads/main
end-workflow	Finaliza el workflow	2025-04-25T10:40:17.2757616Z   KAOS_MODULE: [Ka0S] Deploy Web Structure
end-workflow	Finaliza el workflow	2025-04-25T10:40:17.2758550Z   KAOS_JSON_WEB: core/config/webs/webs.json
end-workflow	Finaliza el workflow	2025-04-25T10:40:17.2759477Z   KAOS_JSON_RESUME: core/outputs/webs/
end-workflow	Finaliza el workflow	2025-04-25T10:40:17.2760400Z   KAOS_JSON_DATA: core/web/data/data.json
end-workflow	Finaliza el workflow	2025-04-25T10:40:17.2761324Z   KAOS_WEB_STRUCTURE: core/results/webs/
end-workflow	Finaliza el workflow	2025-04-25T10:40:17.2762202Z   KAOS_ACTOR: jh0ny2k2
end-workflow	Finaliza el workflow	2025-04-25T10:40:17.2763204Z   GH_TOKEN: ***
end-workflow	Finaliza el workflow	2025-04-25T10:40:17.2764018Z ##[endgroup]
end-workflow	Finaliza el workflow	2025-04-25T10:40:17.2808423Z End process
end-workflow	Finaliza el workflow	2025-04-25T10:40:18.2357772Z https://github.com/Ka0s-Klaus/ka0s/issues/220#issuecomment-2830057313
end-workflow	Post Checkout code	ï»¿2025-04-25T10:40:18.8091615Z Post job cleanup.
end-workflow	Post Checkout code	2025-04-25T10:40:18.8735875Z [command]/usr/bin/git version
end-workflow	Post Checkout code	2025-04-25T10:40:18.8767624Z git version 2.43.0
end-workflow	Post Checkout code	2025-04-25T10:40:18.8811967Z Copying '/home/kaos/.gitconfig' to '/actions-runner/_work/_temp/b58febe2-99ec-458c-a82c-2e63580268bf/.gitconfig'
end-workflow	Post Checkout code	2025-04-25T10:40:18.8828892Z Temporarily overriding HOME='/actions-runner/_work/_temp/b58febe2-99ec-458c-a82c-2e63580268bf' before making global git config changes
end-workflow	Post Checkout code	2025-04-25T10:40:18.8830108Z Adding repository directory to the temporary git global config as a safe directory
end-workflow	Post Checkout code	2025-04-25T10:40:18.8836433Z [command]/usr/bin/git config --global --add safe.directory /actions-runner/_work/ka0s/ka0s
end-workflow	Post Checkout code	2025-04-25T10:40:18.8881334Z [command]/usr/bin/git config --local --name-only --get-regexp core\.sshCommand
end-workflow	Post Checkout code	2025-04-25T10:40:18.8914991Z [command]/usr/bin/git submodule foreach --recursive sh -c "git config --local --name-only --get-regexp 'core\.sshCommand' && git config --local --unset-all 'core.sshCommand' || :"
end-workflow	Post Checkout code	2025-04-25T10:40:18.9159512Z [command]/usr/bin/git config --local --name-only --get-regexp http\.https\:\/\/github\.com\/\.extraheader
end-workflow	Post Checkout code	2025-04-25T10:40:18.9178339Z http.https://github.com/.extraheader
end-workflow	Post Checkout code	2025-04-25T10:40:18.9190245Z [command]/usr/bin/git config --local --unset-all http.https://github.com/.extraheader
end-workflow	Post Checkout code	2025-04-25T10:40:18.9221560Z [command]/usr/bin/git submodule foreach --recursive sh -c "git config --local --name-only --get-regexp 'http\.https\:\/\/github\.com\/\.extraheader' && git config --local --unset-all 'http.https://github.com/.extraheader' || :"
end-workflow	Complete job	ï»¿2025-04-25T10:40:18.9531646Z Cleaning up orphan processes
