job-core	Set up job	Ôªø2025-04-25T10:23:26.7043236Z Current runner version: '2.323.0'
job-core	Set up job	2025-04-25T10:23:26.7047558Z Runner name: 'ka0s-8'
job-core	Set up job	2025-04-25T10:23:26.7048140Z Machine name: '26a53205c9ac'
job-core	Set up job	2025-04-25T10:23:26.7049580Z ##[group]GITHUB_TOKEN Permissions
job-core	Set up job	2025-04-25T10:23:26.7050939Z Contents: read
job-core	Set up job	2025-04-25T10:23:26.7051238Z Metadata: read
job-core	Set up job	2025-04-25T10:23:26.7051531Z Packages: read
job-core	Set up job	2025-04-25T10:23:26.7051815Z ##[endgroup]
job-core	Set up job	2025-04-25T10:23:26.7053116Z Secret source: Actions
job-core	Set up job	2025-04-25T10:23:26.7053556Z Prepare workflow directory
job-core	Set up job	2025-04-25T10:23:26.7433502Z Prepare all required actions
job-core	Set up job	2025-04-25T10:23:26.7461156Z Getting action download info
job-core	Set up job	2025-04-25T10:23:27.2150984Z Download action repository 'actions/checkout@v4' (SHA:11bd71901bbe5b1630ceea73d27597364c9af683)
job-core	Set up job	2025-04-25T10:23:27.9280699Z Download action repository 'SamKirkland/FTP-Deploy-Action@v4.3.4' (SHA:8a24039354ee91000cb948cb4a1dbdf1a1b94a3c)
job-core	Set up job	2025-04-25T10:23:28.6493038Z Complete job name: job-core
job-core	Checkout repository	Ôªø2025-04-25T10:23:28.6861554Z ##[group]Run actions/checkout@v4
job-core	Checkout repository	2025-04-25T10:23:28.6862477Z with:
job-core	Checkout repository	2025-04-25T10:23:28.6863049Z   fetch-depth: 0
job-core	Checkout repository	2025-04-25T10:23:28.6863882Z   token: ***
job-core	Checkout repository	2025-04-25T10:23:28.6864686Z   repository: Ka0s-Klaus/ka0s
job-core	Checkout repository	2025-04-25T10:23:28.6865488Z   ssh-strict: true
job-core	Checkout repository	2025-04-25T10:23:28.6866138Z   ssh-user: git
job-core	Checkout repository	2025-04-25T10:23:28.6866751Z   persist-credentials: true
job-core	Checkout repository	2025-04-25T10:23:28.6867395Z   clean: true
job-core	Checkout repository	2025-04-25T10:23:28.6867978Z   sparse-checkout-cone-mode: true
job-core	Checkout repository	2025-04-25T10:23:28.6868691Z   fetch-tags: false
job-core	Checkout repository	2025-04-25T10:23:28.6869269Z   show-progress: true
job-core	Checkout repository	2025-04-25T10:23:28.6869863Z   lfs: false
job-core	Checkout repository	2025-04-25T10:23:28.6870404Z   submodules: false
job-core	Checkout repository	2025-04-25T10:23:28.6870998Z   set-safe-directory: true
job-core	Checkout repository	2025-04-25T10:23:28.6871778Z env:
job-core	Checkout repository	2025-04-25T10:23:28.6872342Z   KAOS_CODE: 14662429033
job-core	Checkout repository	2025-04-25T10:23:28.6873167Z   KAOS_EVENT_NAME: push
job-core	Checkout repository	2025-04-25T10:23:28.6873809Z   KAOS_ACTION: 
job-core	Checkout repository	2025-04-25T10:23:28.6874481Z   KAOS_REF: refs/heads/main
job-core	Checkout repository	2025-04-25T10:23:28.6875458Z   KAOS_MODULE: [Ka0S] Deploy Webs
job-core	Checkout repository	2025-04-25T10:23:28.6876285Z   KAOS_PATH_ORIGIN: core/results/webs/
job-core	Checkout repository	2025-04-25T10:23:28.6877045Z   KAOS_PATH_WEB: /html/
job-core	Checkout repository	2025-04-25T10:23:28.6877718Z   KAOS_PATH_RESUME: core/results/dw/
job-core	Checkout repository	2025-04-25T10:23:28.6878551Z   KAOS_FILE_STATE: ftp-deploy-sync-state.json
job-core	Checkout repository	2025-04-25T10:23:28.6879367Z   KAOS_ACTOR: jorgecg646
job-core	Checkout repository	2025-04-25T10:23:28.6879977Z ##[endgroup]
job-core	Checkout repository	2025-04-25T10:23:28.7652633Z Syncing repository: Ka0s-Klaus/ka0s
job-core	Checkout repository	2025-04-25T10:23:28.7655355Z ##[group]Getting Git version info
job-core	Checkout repository	2025-04-25T10:23:28.7656306Z Working directory is '/actions-runner/_work/ka0s/ka0s'
job-core	Checkout repository	2025-04-25T10:23:28.7657596Z [command]/usr/bin/git version
job-core	Checkout repository	2025-04-25T10:23:28.7658242Z git version 2.43.0
job-core	Checkout repository	2025-04-25T10:23:28.7660654Z ##[endgroup]
job-core	Checkout repository	2025-04-25T10:23:28.7665268Z Copying '/home/kaos/.gitconfig' to '/actions-runner/_work/_temp/ac0826b6-fd54-4448-a15a-f50037203479/.gitconfig'
job-core	Checkout repository	2025-04-25T10:23:28.7668087Z Temporarily overriding HOME='/actions-runner/_work/_temp/ac0826b6-fd54-4448-a15a-f50037203479' before making global git config changes
job-core	Checkout repository	2025-04-25T10:23:28.7670477Z Adding repository directory to the temporary git global config as a safe directory
job-core	Checkout repository	2025-04-25T10:23:28.7679281Z [command]/usr/bin/git config --global --add safe.directory /actions-runner/_work/ka0s/ka0s
job-core	Checkout repository	2025-04-25T10:23:28.7761053Z [command]/usr/bin/git config --local --get remote.origin.url
job-core	Checkout repository	2025-04-25T10:23:28.7779725Z https://github.com/Ka0s-Klaus/ka0s
job-core	Checkout repository	2025-04-25T10:23:28.7804215Z ##[group]Removing previously created refs, to avoid conflicts
job-core	Checkout repository	2025-04-25T10:23:28.7807875Z [command]/usr/bin/git rev-parse --symbolic-full-name --verify --quiet HEAD
job-core	Checkout repository	2025-04-25T10:23:28.7827655Z HEAD
job-core	Checkout repository	2025-04-25T10:23:28.7920171Z ##[endgroup]
job-core	Checkout repository	2025-04-25T10:23:28.7923757Z [command]/usr/bin/git submodule status
job-core	Checkout repository	2025-04-25T10:23:28.8181064Z ##[group]Cleaning the repository
job-core	Checkout repository	2025-04-25T10:23:28.8183144Z [command]/usr/bin/git clean -ffdx
job-core	Checkout repository	2025-04-25T10:23:28.8250596Z [command]/usr/bin/git reset --hard HEAD
job-core	Checkout repository	2025-04-25T10:23:28.8379821Z HEAD is now at e8096f1c Merge 67671d8754dc88882ab74d06d5fcbeaa755be8dc into 35daee6232d95b15d16ea441d876022528ee4b7f
job-core	Checkout repository	2025-04-25T10:23:28.8384648Z ##[endgroup]
job-core	Checkout repository	2025-04-25T10:23:28.8386223Z ##[group]Disabling automatic garbage collection
job-core	Checkout repository	2025-04-25T10:23:28.8387718Z [command]/usr/bin/git config --local gc.auto 0
job-core	Checkout repository	2025-04-25T10:23:28.8416698Z ##[endgroup]
job-core	Checkout repository	2025-04-25T10:23:28.8418285Z ##[group]Setting up auth
job-core	Checkout repository	2025-04-25T10:23:28.8419891Z [command]/usr/bin/git config --local --name-only --get-regexp core\.sshCommand
job-core	Checkout repository	2025-04-25T10:23:28.8445829Z [command]/usr/bin/git submodule foreach --recursive sh -c "git config --local --name-only --get-regexp 'core\.sshCommand' && git config --local --unset-all 'core.sshCommand' || :"
job-core	Checkout repository	2025-04-25T10:23:28.8689604Z [command]/usr/bin/git config --local --name-only --get-regexp http\.https\:\/\/github\.com\/\.extraheader
job-core	Checkout repository	2025-04-25T10:23:28.8717289Z [command]/usr/bin/git submodule foreach --recursive sh -c "git config --local --name-only --get-regexp 'http\.https\:\/\/github\.com\/\.extraheader' && git config --local --unset-all 'http.https://github.com/.extraheader' || :"
job-core	Checkout repository	2025-04-25T10:23:28.8965976Z [command]/usr/bin/git config --local http.https://github.com/.extraheader AUTHORIZATION: basic ***
job-core	Checkout repository	2025-04-25T10:23:28.9013935Z ##[endgroup]
job-core	Checkout repository	2025-04-25T10:23:28.9015331Z ##[group]Fetching the repository
job-core	Checkout repository	2025-04-25T10:23:28.9025138Z [command]/usr/bin/git -c protocol.version=2 fetch --prune --no-recurse-submodules origin +refs/heads/*:refs/remotes/origin/* +refs/tags/*:refs/tags/*
job-core	Checkout repository	2025-04-25T10:23:29.8421579Z From https://github.com/Ka0s-Klaus/ka0s
job-core	Checkout repository	2025-04-25T10:23:29.8422250Z    35daee62..1c882fc3  main       -> origin/main
job-core	Checkout repository	2025-04-25T10:23:29.8470857Z [command]/usr/bin/git branch --list --remote origin/main
job-core	Checkout repository	2025-04-25T10:23:29.8502001Z   origin/main
job-core	Checkout repository	2025-04-25T10:23:29.8521475Z [command]/usr/bin/git rev-parse refs/remotes/origin/main
job-core	Checkout repository	2025-04-25T10:23:29.8536859Z 1c882fc354afcca6087bcab25b82a490f9dd51fe
job-core	Checkout repository	2025-04-25T10:23:29.8540660Z ##[endgroup]
job-core	Checkout repository	2025-04-25T10:23:29.8540954Z ##[group]Determining the checkout info
job-core	Checkout repository	2025-04-25T10:23:29.8543150Z ##[endgroup]
job-core	Checkout repository	2025-04-25T10:23:29.8550210Z [command]/usr/bin/git sparse-checkout disable
job-core	Checkout repository	2025-04-25T10:23:29.8610891Z [command]/usr/bin/git config --local --unset-all extensions.worktreeConfig
job-core	Checkout repository	2025-04-25T10:23:29.8637587Z ##[group]Checking out the ref
job-core	Checkout repository	2025-04-25T10:23:29.8644560Z [command]/usr/bin/git checkout --progress --force -B main refs/remotes/origin/main
job-core	Checkout repository	2025-04-25T10:23:29.8788944Z Previous HEAD position was e8096f1c Merge 67671d8754dc88882ab74d06d5fcbeaa755be8dc into 35daee6232d95b15d16ea441d876022528ee4b7f
job-core	Checkout repository	2025-04-25T10:23:29.8789816Z Switched to a new branch 'main'
job-core	Checkout repository	2025-04-25T10:23:29.8790315Z branch 'main' set up to track 'origin/main'.
job-core	Checkout repository	2025-04-25T10:23:29.8795975Z ##[endgroup]
job-core	Checkout repository	2025-04-25T10:23:29.8829300Z [command]/usr/bin/git log -1 --format=%H
job-core	Checkout repository	2025-04-25T10:23:29.8850023Z 1c882fc354afcca6087bcab25b82a490f9dd51fe
job-core	Deploy to Web Server via SFTP	Ôªø2025-04-25T10:23:29.9011390Z ##[group]Run SamKirkland/FTP-Deploy-Action@v4.3.4
job-core	Deploy to Web Server via SFTP	2025-04-25T10:23:29.9011628Z with:
job-core	Deploy to Web Server via SFTP	2025-04-25T10:23:29.9011825Z   server: ***
job-core	Deploy to Web Server via SFTP	2025-04-25T10:23:29.9011972Z   username: ***
job-core	Deploy to Web Server via SFTP	2025-04-25T10:23:29.9012125Z   password: ***
job-core	Deploy to Web Server via SFTP	2025-04-25T10:23:29.9012265Z   port: ***
job-core	Deploy to Web Server via SFTP	2025-04-25T10:23:29.9012418Z   local-dir: core/results/webs/
job-core	Deploy to Web Server via SFTP	2025-04-25T10:23:29.9012586Z   server-dir: /html/
job-core	Deploy to Web Server via SFTP	2025-04-25T10:23:29.9012743Z   dangerous-clean-slate: true
job-core	Deploy to Web Server via SFTP	2025-04-25T10:23:29.9012933Z   state-name: 14662429033-ftp-deploy-sync-state.json
job-core	Deploy to Web Server via SFTP	2025-04-25T10:23:29.9013147Z   exclude: **/.git*
job-core	Deploy to Web Server via SFTP	**/.git*/**
job-core	Deploy to Web Server via SFTP	**/node_modules/**
job-core	Deploy to Web Server via SFTP	
job-core	Deploy to Web Server via SFTP	2025-04-25T10:23:29.9013342Z env:
job-core	Deploy to Web Server via SFTP	2025-04-25T10:23:29.9013473Z   KAOS_CODE: 14662429033
job-core	Deploy to Web Server via SFTP	2025-04-25T10:23:29.9013624Z   KAOS_EVENT_NAME: push
job-core	Deploy to Web Server via SFTP	2025-04-25T10:23:29.9013771Z   KAOS_ACTION: 
job-core	Deploy to Web Server via SFTP	2025-04-25T10:23:29.9014150Z   KAOS_REF: refs/heads/main
job-core	Deploy to Web Server via SFTP	2025-04-25T10:23:29.9014310Z   KAOS_MODULE: [Ka0S] Deploy Webs
job-core	Deploy to Web Server via SFTP	2025-04-25T10:23:29.9014481Z   KAOS_PATH_ORIGIN: core/results/webs/
job-core	Deploy to Web Server via SFTP	2025-04-25T10:23:29.9014714Z   KAOS_PATH_WEB: /html/
job-core	Deploy to Web Server via SFTP	2025-04-25T10:23:29.9015045Z   KAOS_PATH_RESUME: core/results/dw/
job-core	Deploy to Web Server via SFTP	2025-04-25T10:23:29.9015408Z   KAOS_FILE_STATE: ftp-deploy-sync-state.json
job-core	Deploy to Web Server via SFTP	2025-04-25T10:23:29.9015641Z   KAOS_ACTOR: jorgecg646
job-core	Deploy to Web Server via SFTP	2025-04-25T10:23:29.9015829Z ##[endgroup]
job-core	Deploy to Web Server via SFTP	2025-04-25T10:23:29.9298788Z ----------------------------------------------------------------
job-core	Deploy to Web Server via SFTP	2025-04-25T10:23:29.9299571Z üöÄ Thanks for using ftp-deploy. Let's deploy some stuff!   
job-core	Deploy to Web Server via SFTP	2025-04-25T10:23:29.9299903Z ----------------------------------------------------------------
job-core	Deploy to Web Server via SFTP	2025-04-25T10:23:29.9300305Z If you found this project helpful, please support it
job-core	Deploy to Web Server via SFTP	2025-04-25T10:23:29.9300760Z by giving it a ‚≠ê on Github --> https://github.com/SamKirkland/FTP-Deploy-Action
job-core	Deploy to Web Server via SFTP	2025-04-25T10:23:29.9301254Z or add a badge üè∑Ô∏è to your projects readme --> https://github.com/SamKirkland/FTP-Deploy-Action#badge
job-core	Deploy to Web Server via SFTP	2025-04-25T10:23:30.1282311Z ----------------------------------------------------------------
job-core	Deploy to Web Server via SFTP	2025-04-25T10:23:30.1283120Z üóëÔ∏è Removing all files on the server because 'dangerous-clean-slate' was set, this will make the deployment very slow...
job-core	Deploy to Web Server via SFTP	2025-04-25T10:23:32.9763123Z Clear complete
job-core	Deploy to Web Server via SFTP	2025-04-25T10:23:32.9764468Z ----------------------------------------------------------------
job-core	Deploy to Web Server via SFTP	2025-04-25T10:23:32.9765639Z No file exists on the server "/html/14662429033-ftp-deploy-sync-state.json" - this must be your first publish! üéâ
job-core	Deploy to Web Server via SFTP	2025-04-25T10:23:32.9767953Z The first publish will take a while... but once the initial sync is done only differences are published!
job-core	Deploy to Web Server via SFTP	2025-04-25T10:23:32.9768509Z If you get this message and its NOT your first publish, something is wrong.
job-core	Deploy to Web Server via SFTP	2025-04-25T10:23:32.9768892Z ----------------------------------------------------------------
job-core	Deploy to Web Server via SFTP	2025-04-25T10:23:32.9867076Z Local Files:	35
job-core	Deploy to Web Server via SFTP	2025-04-25T10:23:32.9867865Z Server Files:	0
job-core	Deploy to Web Server via SFTP	2025-04-25T10:23:32.9868126Z ----------------------------------------------------------------
job-core	Deploy to Web Server via SFTP	2025-04-25T10:23:32.9868472Z Calculating differences between client & server
job-core	Deploy to Web Server via SFTP	2025-04-25T10:23:32.9868904Z ----------------------------------------------------------------
job-core	Deploy to Web Server via SFTP	2025-04-25T10:23:32.9877363Z üìÅ Create: dashboard
job-core	Deploy to Web Server via SFTP	2025-04-25T10:23:32.9877949Z üìÅ Create: dashboard/custom
job-core	Deploy to Web Server via SFTP	2025-04-25T10:23:32.9878288Z üìÅ Create: dashboard/data
job-core	Deploy to Web Server via SFTP	2025-04-25T10:23:32.9879228Z üìÅ Create: dashboard/js
job-core	Deploy to Web Server via SFTP	2025-04-25T10:23:32.9879530Z üìÅ Create: dashboard/structure
job-core	Deploy to Web Server via SFTP	2025-04-25T10:23:32.9881713Z üìÅ Create: dashboard/structure/inicio
job-core	Deploy to Web Server via SFTP	2025-04-25T10:23:32.9882378Z üìÅ Create: dashboard/structure/issues
job-core	Deploy to Web Server via SFTP	2025-04-25T10:23:32.9882740Z üìÅ Create: dashboard/structure/section1inicio
job-core	Deploy to Web Server via SFTP	2025-04-25T10:23:32.9883165Z üìÅ Create: dashboard/structure/section2workflows
job-core	Deploy to Web Server via SFTP	2025-04-25T10:23:32.9883503Z üìÅ Create: dashboard/structure/section3issues
job-core	Deploy to Web Server via SFTP	2025-04-25T10:23:32.9883817Z üìÅ Create: dashboard/structure/workflows
job-core	Deploy to Web Server via SFTP	2025-04-25T10:23:32.9884123Z üìÅ Create: dashboard/temp_sections
job-core	Deploy to Web Server via SFTP	2025-04-25T10:23:32.9884410Z üìÅ Create: dashboard/templates
job-core	Deploy to Web Server via SFTP	2025-04-25T10:23:32.9884756Z üìÑ Upload: dashboard/custom/custom.html
job-core	Deploy to Web Server via SFTP	2025-04-25T10:23:32.9885058Z üìÑ Upload: dashboard/dashboard.html
job-core	Deploy to Web Server via SFTP	2025-04-25T10:23:32.9885325Z üìÑ Upload: dashboard/data/data.html
job-core	Deploy to Web Server via SFTP	2025-04-25T10:23:32.9885986Z üìÑ Upload: dashboard/data/kaos-issue.json
job-core	Deploy to Web Server via SFTP	2025-04-25T10:23:32.9886350Z üìÑ Upload: dashboard/data/kaos-repository-global-statistics.json
job-core	Deploy to Web Server via SFTP	2025-04-25T10:23:32.9886742Z üìÑ Upload: dashboard/data/kaos-repository-statistics.json
job-core	Deploy to Web Server via SFTP	2025-04-25T10:23:32.9887098Z üìÑ Upload: dashboard/data/kaos-workflows-available.json
job-core	Deploy to Web Server via SFTP	2025-04-25T10:23:32.9887421Z üìÑ Upload: dashboard/data/kaos-workflows-runs.json
job-core	Deploy to Web Server via SFTP	2025-04-25T10:23:32.9887707Z üìÑ Upload: dashboard/js/dashboard.js
job-core	Deploy to Web Server via SFTP	2025-04-25T10:23:32.9887970Z üìÑ Upload: dashboard/js/js.html
job-core	Deploy to Web Server via SFTP	2025-04-25T10:23:32.9888266Z üìÑ Upload: dashboard/structure/inicio/inicio.html
job-core	Deploy to Web Server via SFTP	2025-04-25T10:23:32.9888569Z üìÑ Upload: dashboard/structure/issues/issues.html
job-core	Deploy to Web Server via SFTP	2025-04-25T10:23:32.9888913Z üìÑ Upload: dashboard/structure/section1inicio/section1inicio.html
job-core	Deploy to Web Server via SFTP	2025-04-25T10:23:32.9889419Z üìÑ Upload: dashboard/structure/section2workflows/section2workflows.html
job-core	Deploy to Web Server via SFTP	2025-04-25T10:23:32.9889817Z üìÑ Upload: dashboard/structure/section3issues/section3issues.html
job-core	Deploy to Web Server via SFTP	2025-04-25T10:23:32.9890136Z üìÑ Upload: dashboard/structure/structure.html
job-core	Deploy to Web Server via SFTP	2025-04-25T10:23:32.9890463Z üìÑ Upload: dashboard/structure/workflows/workflows.html
job-core	Deploy to Web Server via SFTP	2025-04-25T10:23:32.9890776Z üìÑ Upload: dashboard/temp_sections/section1inicio.html
job-core	Deploy to Web Server via SFTP	2025-04-25T10:23:32.9891096Z üìÑ Upload: dashboard/temp_sections/section2workflows.html
job-core	Deploy to Web Server via SFTP	2025-04-25T10:23:32.9891504Z üìÑ Upload: dashboard/temp_sections/section3issues.html
job-core	Deploy to Web Server via SFTP	2025-04-25T10:23:32.9891798Z üìÑ Upload: dashboard/templates/templates.html
job-core	Deploy to Web Server via SFTP	2025-04-25T10:23:32.9892042Z üìÑ Upload: README.md
job-core	Deploy to Web Server via SFTP	2025-04-25T10:23:32.9892258Z ----------------------------------------------------------------
job-core	Deploy to Web Server via SFTP	2025-04-25T10:23:32.9892544Z Making changes to 35 files/folders to sync server state
job-core	Deploy to Web Server via SFTP	2025-04-25T10:23:32.9892835Z Uploading: 5.02 MB -- Deleting: 0 B -- Replacing: 0 B
job-core	Deploy to Web Server via SFTP	2025-04-25T10:23:32.9893104Z ----------------------------------------------------------------
job-core	Deploy to Web Server via SFTP	2025-04-25T10:23:32.9893347Z creating folder "dashboard/"
job-core	Deploy to Web Server via SFTP	2025-04-25T10:23:33.0220533Z creating folder "dashboard/custom/"
job-core	Deploy to Web Server via SFTP	2025-04-25T10:23:33.0888759Z creating folder "dashboard/data/"
job-core	Deploy to Web Server via SFTP	2025-04-25T10:23:33.1567672Z creating folder "dashboard/js/"
job-core	Deploy to Web Server via SFTP	2025-04-25T10:23:33.2270714Z creating folder "dashboard/structure/"
job-core	Deploy to Web Server via SFTP	2025-04-25T10:23:33.2926345Z creating folder "dashboard/structure/inicio/"
job-core	Deploy to Web Server via SFTP	2025-04-25T10:23:33.3942501Z creating folder "dashboard/structure/issues/"
job-core	Deploy to Web Server via SFTP	2025-04-25T10:23:33.5021875Z creating folder "dashboard/structure/section1inicio/"
job-core	Deploy to Web Server via SFTP	2025-04-25T10:23:33.6020949Z creating folder "dashboard/structure/section2workflows/"
job-core	Deploy to Web Server via SFTP	2025-04-25T10:23:33.7016856Z creating folder "dashboard/structure/section3issues/"
job-core	Deploy to Web Server via SFTP	2025-04-25T10:23:33.8040315Z creating folder "dashboard/structure/workflows/"
job-core	Deploy to Web Server via SFTP	2025-04-25T10:23:33.9185650Z creating folder "dashboard/temp_sections/"
job-core	Deploy to Web Server via SFTP	2025-04-25T10:23:33.9871875Z creating folder "dashboard/templates/"
job-core	Deploy to Web Server via SFTP	2025-04-25T10:23:34.0562898Z uploading "dashboard/custom/custom.html"
job-core	Deploy to Web Server via SFTP	2025-04-25T10:23:34.1125634Z uploading "dashboard/dashboard.html"
job-core	Deploy to Web Server via SFTP	2025-04-25T10:23:34.1685076Z uploading "dashboard/data/data.html"
job-core	Deploy to Web Server via SFTP	2025-04-25T10:23:34.2262886Z uploading "dashboard/data/kaos-issue.json"
job-core	Deploy to Web Server via SFTP	2025-04-25T10:23:34.3682619Z uploading "dashboard/data/kaos-repository-global-statistics.json"
job-core	Deploy to Web Server via SFTP	2025-04-25T10:23:34.4231005Z uploading "dashboard/data/kaos-repository-statistics.json"
job-core	Deploy to Web Server via SFTP	2025-04-25T10:23:34.4868167Z uploading "dashboard/data/kaos-workflows-available.json"
job-core	Deploy to Web Server via SFTP	2025-04-25T10:23:34.5423797Z uploading "dashboard/data/kaos-workflows-runs.json"
job-core	Deploy to Web Server via SFTP	2025-04-25T10:23:34.7467131Z uploading "dashboard/js/dashboard.js"
job-core	Deploy to Web Server via SFTP	2025-04-25T10:23:34.8034652Z uploading "dashboard/js/js.html"
job-core	Deploy to Web Server via SFTP	2025-04-25T10:23:34.8607747Z uploading "dashboard/structure/inicio/inicio.html"
job-core	Deploy to Web Server via SFTP	2025-04-25T10:23:34.9185154Z uploading "dashboard/structure/issues/issues.html"
job-core	Deploy to Web Server via SFTP	2025-04-25T10:23:34.9745541Z uploading "dashboard/structure/section1inicio/section1inicio.html"
job-core	Deploy to Web Server via SFTP	2025-04-25T10:23:35.0305941Z uploading "dashboard/structure/section2workflows/section2workflows.html"
job-core	Deploy to Web Server via SFTP	2025-04-25T10:23:35.0880547Z uploading "dashboard/structure/section3issues/section3issues.html"
job-core	Deploy to Web Server via SFTP	2025-04-25T10:23:35.1453406Z uploading "dashboard/structure/structure.html"
job-core	Deploy to Web Server via SFTP	2025-04-25T10:23:35.2014668Z uploading "dashboard/structure/workflows/workflows.html"
job-core	Deploy to Web Server via SFTP	2025-04-25T10:23:35.2603809Z uploading "dashboard/temp_sections/section1inicio.html"
job-core	Deploy to Web Server via SFTP	2025-04-25T10:23:35.3184027Z uploading "dashboard/temp_sections/section2workflows.html"
job-core	Deploy to Web Server via SFTP	2025-04-25T10:23:35.3794775Z uploading "dashboard/temp_sections/section3issues.html"
job-core	Deploy to Web Server via SFTP	2025-04-25T10:23:35.4384021Z uploading "dashboard/templates/templates.html"
job-core	Deploy to Web Server via SFTP	2025-04-25T10:23:35.4996426Z uploading "README.md"
job-core	Deploy to Web Server via SFTP	2025-04-25T10:23:35.5633578Z ----------------------------------------------------------------
job-core	Deploy to Web Server via SFTP	2025-04-25T10:23:35.5634854Z üéâ Sync complete. Saving current server state to "/html/14662429033-ftp-deploy-sync-state.json"
job-core	Deploy to Web Server via SFTP	2025-04-25T10:23:35.6227800Z ----------------------------------------------------------------
job-core	Deploy to Web Server via SFTP	2025-04-25T10:23:35.6232774Z Time spent hashing: 16 milliseconds
job-core	Deploy to Web Server via SFTP	2025-04-25T10:23:35.6243200Z Time spent connecting to server: 149 milliseconds
job-core	Deploy to Web Server via SFTP	2025-04-25T10:23:35.6243761Z Time spent deploying: 2.6 seconds (1.91 MB/second)
job-core	Deploy to Web Server via SFTP	2025-04-25T10:23:35.6244166Z   - changing dirs: 742 milliseconds
job-core	Deploy to Web Server via SFTP	2025-04-25T10:23:35.6244476Z   - logging: 11 milliseconds
job-core	Deploy to Web Server via SFTP	2025-04-25T10:23:35.6244852Z ----------------------------------------------------------------
job-core	Deploy to Web Server via SFTP	2025-04-25T10:23:35.6245181Z Total time: 5.6 seconds
job-core	Deploy to Web Server via SFTP	2025-04-25T10:23:35.6245892Z ----------------------------------------------------------------
job-core	Post Checkout repository	Ôªø2025-04-25T10:23:35.6421290Z Post job cleanup.
job-core	Post Checkout repository	2025-04-25T10:23:35.7039028Z [command]/usr/bin/git version
job-core	Post Checkout repository	2025-04-25T10:23:35.7070127Z git version 2.43.0
job-core	Post Checkout repository	2025-04-25T10:23:35.7120130Z Copying '/home/kaos/.gitconfig' to '/actions-runner/_work/_temp/0aa700fb-deda-4b10-b849-ac9cdc267b05/.gitconfig'
job-core	Post Checkout repository	2025-04-25T10:23:35.7137384Z Temporarily overriding HOME='/actions-runner/_work/_temp/0aa700fb-deda-4b10-b849-ac9cdc267b05' before making global git config changes
job-core	Post Checkout repository	2025-04-25T10:23:35.7138279Z Adding repository directory to the temporary git global config as a safe directory
job-core	Post Checkout repository	2025-04-25T10:23:35.7144019Z [command]/usr/bin/git config --global --add safe.directory /actions-runner/_work/ka0s/ka0s
job-core	Post Checkout repository	2025-04-25T10:23:35.7194944Z [command]/usr/bin/git config --local --name-only --get-regexp core\.sshCommand
job-core	Post Checkout repository	2025-04-25T10:23:35.7220648Z [command]/usr/bin/git submodule foreach --recursive sh -c "git config --local --name-only --get-regexp 'core\.sshCommand' && git config --local --unset-all 'core.sshCommand' || :"
job-core	Post Checkout repository	2025-04-25T10:23:35.7469914Z [command]/usr/bin/git config --local --name-only --get-regexp http\.https\:\/\/github\.com\/\.extraheader
job-core	Post Checkout repository	2025-04-25T10:23:35.7489825Z http.https://github.com/.extraheader
job-core	Post Checkout repository	2025-04-25T10:23:35.7502872Z [command]/usr/bin/git config --local --unset-all http.https://github.com/.extraheader
job-core	Post Checkout repository	2025-04-25T10:23:35.7532256Z [command]/usr/bin/git submodule foreach --recursive sh -c "git config --local --name-only --get-regexp 'http\.https\:\/\/github\.com\/\.extraheader' && git config --local --unset-all 'http.https://github.com/.extraheader' || :"
job-core	Complete job	Ôªø2025-04-25T10:23:35.7852093Z Cleaning up orphan processes
handle-success	Set up job	Ôªø2025-04-25T10:23:41.5447291Z Current runner version: '2.323.0'
handle-success	Set up job	2025-04-25T10:23:41.5451002Z Runner name: 'ka0s-7'
handle-success	Set up job	2025-04-25T10:23:41.5451546Z Machine name: '26a53205c9ac'
handle-success	Set up job	2025-04-25T10:23:41.5452911Z ##[group]GITHUB_TOKEN Permissions
handle-success	Set up job	2025-04-25T10:23:41.5454490Z Contents: read
handle-success	Set up job	2025-04-25T10:23:41.5455151Z Metadata: read
handle-success	Set up job	2025-04-25T10:23:41.5455444Z Packages: read
handle-success	Set up job	2025-04-25T10:23:41.5455730Z ##[endgroup]
handle-success	Set up job	2025-04-25T10:23:41.5456976Z Secret source: Actions
handle-success	Set up job	2025-04-25T10:23:41.5457347Z Prepare workflow directory
handle-success	Set up job	2025-04-25T10:23:41.5833945Z Prepare all required actions
handle-success	Set up job	2025-04-25T10:23:41.5865582Z Getting action download info
handle-success	Set up job	2025-04-25T10:23:42.0991316Z Download action repository 'actions/checkout@v4' (SHA:11bd71901bbe5b1630ceea73d27597364c9af683)
handle-success	Set up job	2025-04-25T10:23:42.7765193Z Complete job name: handle-success
handle-success	Checkout code	Ôªø2025-04-25T10:23:42.8071074Z ##[group]Run actions/checkout@v4
handle-success	Checkout code	2025-04-25T10:23:42.8071616Z with:
handle-success	Checkout code	2025-04-25T10:23:42.8071902Z   fetch-depth: 0
handle-success	Checkout code	2025-04-25T10:23:42.8072365Z   token: ***
handle-success	Checkout code	2025-04-25T10:23:42.8072670Z   repository: Ka0s-Klaus/ka0s
handle-success	Checkout code	2025-04-25T10:23:42.8073062Z   ssh-strict: true
handle-success	Checkout code	2025-04-25T10:23:42.8073364Z   ssh-user: git
handle-success	Checkout code	2025-04-25T10:23:42.8073676Z   persist-credentials: true
handle-success	Checkout code	2025-04-25T10:23:42.8074010Z   clean: true
handle-success	Checkout code	2025-04-25T10:23:42.8074316Z   sparse-checkout-cone-mode: true
handle-success	Checkout code	2025-04-25T10:23:42.8074725Z   fetch-tags: false
handle-success	Checkout code	2025-04-25T10:23:42.8075032Z   show-progress: true
handle-success	Checkout code	2025-04-25T10:23:42.8075335Z   lfs: false
handle-success	Checkout code	2025-04-25T10:23:42.8075610Z   submodules: false
handle-success	Checkout code	2025-04-25T10:23:42.8075934Z   set-safe-directory: true
handle-success	Checkout code	2025-04-25T10:23:42.8076361Z env:
handle-success	Checkout code	2025-04-25T10:23:42.8076635Z   KAOS_CODE: 14662429033
handle-success	Checkout code	2025-04-25T10:23:42.8076960Z   KAOS_EVENT_NAME: push
handle-success	Checkout code	2025-04-25T10:23:42.8077271Z   KAOS_ACTION: 
handle-success	Checkout code	2025-04-25T10:23:42.8077567Z   KAOS_REF: refs/heads/main
handle-success	Checkout code	2025-04-25T10:23:42.8077907Z   KAOS_MODULE: [Ka0S] Deploy Webs
handle-success	Checkout code	2025-04-25T10:23:42.8078303Z   KAOS_PATH_ORIGIN: core/results/webs/
handle-success	Checkout code	2025-04-25T10:23:42.8078685Z   KAOS_PATH_WEB: /html/
handle-success	Checkout code	2025-04-25T10:23:42.8079013Z   KAOS_PATH_RESUME: core/results/dw/
handle-success	Checkout code	2025-04-25T10:23:42.8079414Z   KAOS_FILE_STATE: ftp-deploy-sync-state.json
handle-success	Checkout code	2025-04-25T10:23:42.8079816Z   KAOS_ACTOR: jorgecg646
handle-success	Checkout code	2025-04-25T10:23:42.8080130Z ##[endgroup]
handle-success	Checkout code	2025-04-25T10:23:42.8780057Z Syncing repository: Ka0s-Klaus/ka0s
handle-success	Checkout code	2025-04-25T10:23:42.8781451Z ##[group]Getting Git version info
handle-success	Checkout code	2025-04-25T10:23:42.8781945Z Working directory is '/actions-runner/_work/ka0s/ka0s'
handle-success	Checkout code	2025-04-25T10:23:42.8782673Z [command]/usr/bin/git version
handle-success	Checkout code	2025-04-25T10:23:42.8783031Z git version 2.43.0
handle-success	Checkout code	2025-04-25T10:23:42.8805364Z ##[endgroup]
handle-success	Checkout code	2025-04-25T10:23:42.8814930Z Copying '/home/kaos/.gitconfig' to '/actions-runner/_work/_temp/8a53a466-b732-4902-afc6-c3c271e141d4/.gitconfig'
handle-success	Checkout code	2025-04-25T10:23:42.8831351Z Temporarily overriding HOME='/actions-runner/_work/_temp/8a53a466-b732-4902-afc6-c3c271e141d4' before making global git config changes
handle-success	Checkout code	2025-04-25T10:23:42.8833448Z Adding repository directory to the temporary git global config as a safe directory
handle-success	Checkout code	2025-04-25T10:23:42.8841809Z [command]/usr/bin/git config --global --add safe.directory /actions-runner/_work/ka0s/ka0s
handle-success	Checkout code	2025-04-25T10:23:42.8928689Z [command]/usr/bin/git config --local --get remote.origin.url
handle-success	Checkout code	2025-04-25T10:23:42.8948064Z https://github.com/Ka0s-Klaus/ka0s
handle-success	Checkout code	2025-04-25T10:23:42.8968497Z ##[group]Removing previously created refs, to avoid conflicts
handle-success	Checkout code	2025-04-25T10:23:42.8973023Z [command]/usr/bin/git rev-parse --symbolic-full-name --verify --quiet HEAD
handle-success	Checkout code	2025-04-25T10:23:42.8992346Z refs/heads/H220-web-de-resultados
handle-success	Checkout code	2025-04-25T10:23:42.9002739Z [command]/usr/bin/git checkout --detach
handle-success	Checkout code	2025-04-25T10:23:42.9087039Z HEAD is now at 0f7328f3 cambio en los json
handle-success	Checkout code	2025-04-25T10:23:42.9124243Z [command]/usr/bin/git branch --delete --force H220-web-de-resultados
handle-success	Checkout code	2025-04-25T10:23:42.9154814Z Deleted branch H220-web-de-resultados (was 0f7328f3).
handle-success	Checkout code	2025-04-25T10:23:42.9210683Z ##[endgroup]
handle-success	Checkout code	2025-04-25T10:23:42.9211311Z [command]/usr/bin/git submodule status
handle-success	Checkout code	2025-04-25T10:23:42.9453390Z ##[group]Cleaning the repository
handle-success	Checkout code	2025-04-25T10:23:42.9459130Z [command]/usr/bin/git clean -ffdx
handle-success	Checkout code	2025-04-25T10:23:42.9504320Z [command]/usr/bin/git reset --hard HEAD
handle-success	Checkout code	2025-04-25T10:23:42.9633577Z HEAD is now at 0f7328f3 cambio en los json
handle-success	Checkout code	2025-04-25T10:23:42.9635439Z ##[endgroup]
handle-success	Checkout code	2025-04-25T10:23:42.9637002Z ##[group]Disabling automatic garbage collection
handle-success	Checkout code	2025-04-25T10:23:42.9642118Z [command]/usr/bin/git config --local gc.auto 0
handle-success	Checkout code	2025-04-25T10:23:42.9666882Z ##[endgroup]
handle-success	Checkout code	2025-04-25T10:23:42.9667808Z ##[group]Setting up auth
handle-success	Checkout code	2025-04-25T10:23:42.9669160Z [command]/usr/bin/git config --local --name-only --get-regexp core\.sshCommand
handle-success	Checkout code	2025-04-25T10:23:42.9690938Z [command]/usr/bin/git submodule foreach --recursive sh -c "git config --local --name-only --get-regexp 'core\.sshCommand' && git config --local --unset-all 'core.sshCommand' || :"
handle-success	Checkout code	2025-04-25T10:23:42.9935447Z [command]/usr/bin/git config --local --name-only --get-regexp http\.https\:\/\/github\.com\/\.extraheader
handle-success	Checkout code	2025-04-25T10:23:42.9963488Z [command]/usr/bin/git submodule foreach --recursive sh -c "git config --local --name-only --get-regexp 'http\.https\:\/\/github\.com\/\.extraheader' && git config --local --unset-all 'http.https://github.com/.extraheader' || :"
handle-success	Checkout code	2025-04-25T10:23:43.0216933Z [command]/usr/bin/git config --local http.https://github.com/.extraheader AUTHORIZATION: basic ***
handle-success	Checkout code	2025-04-25T10:23:43.0269027Z ##[endgroup]
handle-success	Checkout code	2025-04-25T10:23:43.0269697Z ##[group]Fetching the repository
handle-success	Checkout code	2025-04-25T10:23:43.0278893Z [command]/usr/bin/git -c protocol.version=2 fetch --prune --no-recurse-submodules origin +refs/heads/*:refs/remotes/origin/* +refs/tags/*:refs/tags/*
handle-success	Checkout code	2025-04-25T10:23:43.7308191Z From https://github.com/Ka0s-Klaus/ka0s
handle-success	Checkout code	2025-04-25T10:23:43.7309640Z    0f7328f3..06eaa8c0  H220-web-de-resultados -> origin/H220-web-de-resultados
handle-success	Checkout code	2025-04-25T10:23:43.7311021Z    a321f454..1c882fc3  main                   -> origin/main
handle-success	Checkout code	2025-04-25T10:23:43.7312084Z  * [new tag]           0.0.120                -> 0.0.120
handle-success	Checkout code	2025-04-25T10:23:43.7347288Z [command]/usr/bin/git branch --list --remote origin/main
handle-success	Checkout code	2025-04-25T10:23:43.7373445Z   origin/main
handle-success	Checkout code	2025-04-25T10:23:43.7381939Z [command]/usr/bin/git rev-parse refs/remotes/origin/main
handle-success	Checkout code	2025-04-25T10:23:43.7403079Z 1c882fc354afcca6087bcab25b82a490f9dd51fe
handle-success	Checkout code	2025-04-25T10:23:43.7423977Z ##[endgroup]
handle-success	Checkout code	2025-04-25T10:23:43.7425350Z ##[group]Determining the checkout info
handle-success	Checkout code	2025-04-25T10:23:43.7426528Z ##[endgroup]
handle-success	Checkout code	2025-04-25T10:23:43.7427152Z [command]/usr/bin/git sparse-checkout disable
handle-success	Checkout code	2025-04-25T10:23:43.7471884Z [command]/usr/bin/git config --local --unset-all extensions.worktreeConfig
handle-success	Checkout code	2025-04-25T10:23:43.7497809Z ##[group]Checking out the ref
handle-success	Checkout code	2025-04-25T10:23:43.7499210Z [command]/usr/bin/git checkout --progress --force -B main refs/remotes/origin/main
handle-success	Checkout code	2025-04-25T10:23:43.7670594Z Previous HEAD position was 0f7328f3 cambio en los json
handle-success	Checkout code	2025-04-25T10:23:43.7672241Z Switched to a new branch 'main'
handle-success	Checkout code	2025-04-25T10:23:43.7673337Z branch 'main' set up to track 'origin/main'.
handle-success	Checkout code	2025-04-25T10:23:43.7677185Z ##[endgroup]
handle-success	Checkout code	2025-04-25T10:23:43.7716072Z [command]/usr/bin/git log -1 --format=%H
handle-success	Checkout code	2025-04-25T10:23:43.7747792Z 1c882fc354afcca6087bcab25b82a490f9dd51fe
handle-success	handle-success-execution	Ôªø2025-04-25T10:23:43.7946102Z ##[group]Run # Si todo ha ido correcto a√±adimos el contenido del fichero
handle-success	handle-success-execution	2025-04-25T10:23:43.7947645Z [36;1m# Si todo ha ido correcto a√±adimos el contenido del fichero[0m
handle-success	handle-success-execution	2025-04-25T10:23:43.7950038Z [36;1m# gh issue comment $RNNUMBER --body "El proceso ha finalizado correctamente 14662429033. El resultado est√° en el fichero core/results/event_data_14662429033.log"[0m
handle-success	handle-success-execution	2025-04-25T10:23:43.7953231Z [36;1mecho "El proceso ha finalizado correctamente 14662429033. El resultado est√° en el fichero core/results/event_data_14662429033.log"[0m
handle-success	handle-success-execution	2025-04-25T10:23:43.7962208Z shell: /usr/bin/bash -e {0}
handle-success	handle-success-execution	2025-04-25T10:23:43.7962957Z env:
handle-success	handle-success-execution	2025-04-25T10:23:43.7963531Z   KAOS_CODE: 14662429033
handle-success	handle-success-execution	2025-04-25T10:23:43.7964465Z   KAOS_EVENT_NAME: push
handle-success	handle-success-execution	2025-04-25T10:23:43.7965362Z   KAOS_ACTION: 
handle-success	handle-success-execution	2025-04-25T10:23:43.7966158Z   KAOS_REF: refs/heads/main
handle-success	handle-success-execution	2025-04-25T10:23:43.7966978Z   KAOS_MODULE: [Ka0S] Deploy Webs
handle-success	handle-success-execution	2025-04-25T10:23:43.7967785Z   KAOS_PATH_ORIGIN: core/results/webs/
handle-success	handle-success-execution	2025-04-25T10:23:43.7968801Z   KAOS_PATH_WEB: /html/
handle-success	handle-success-execution	2025-04-25T10:23:43.7969567Z   KAOS_PATH_RESUME: core/results/dw/
handle-success	handle-success-execution	2025-04-25T10:23:43.7970470Z   KAOS_FILE_STATE: ftp-deploy-sync-state.json
handle-success	handle-success-execution	2025-04-25T10:23:43.7971381Z   KAOS_ACTOR: jorgecg646
handle-success	handle-success-execution	2025-04-25T10:23:43.7972414Z   GH_TOKEN: ***
handle-success	handle-success-execution	2025-04-25T10:23:43.7973034Z ##[endgroup]
handle-success	handle-success-execution	2025-04-25T10:23:43.8020989Z El proceso ha finalizado correctamente 14662429033. El resultado est√° en el fichero core/results/event_data_14662429033.log
handle-success	Post Checkout code	Ôªø2025-04-25T10:23:43.8133607Z Post job cleanup.
handle-success	Post Checkout code	2025-04-25T10:23:43.8778621Z [command]/usr/bin/git version
handle-success	Post Checkout code	2025-04-25T10:23:43.8808026Z git version 2.43.0
handle-success	Post Checkout code	2025-04-25T10:23:43.8846393Z Copying '/home/kaos/.gitconfig' to '/actions-runner/_work/_temp/fddadda5-7fbb-4099-9756-eb7f321ab8cc/.gitconfig'
handle-success	Post Checkout code	2025-04-25T10:23:43.8859573Z Temporarily overriding HOME='/actions-runner/_work/_temp/fddadda5-7fbb-4099-9756-eb7f321ab8cc' before making global git config changes
handle-success	Post Checkout code	2025-04-25T10:23:43.8861729Z Adding repository directory to the temporary git global config as a safe directory
handle-success	Post Checkout code	2025-04-25T10:23:43.8863663Z [command]/usr/bin/git config --global --add safe.directory /actions-runner/_work/ka0s/ka0s
handle-success	Post Checkout code	2025-04-25T10:23:43.8893800Z [command]/usr/bin/git config --local --name-only --get-regexp core\.sshCommand
handle-success	Post Checkout code	2025-04-25T10:23:43.8930407Z [command]/usr/bin/git submodule foreach --recursive sh -c "git config --local --name-only --get-regexp 'core\.sshCommand' && git config --local --unset-all 'core.sshCommand' || :"
handle-success	Post Checkout code	2025-04-25T10:23:43.9180573Z [command]/usr/bin/git config --local --name-only --get-regexp http\.https\:\/\/github\.com\/\.extraheader
handle-success	Post Checkout code	2025-04-25T10:23:43.9205081Z http.https://github.com/.extraheader
handle-success	Post Checkout code	2025-04-25T10:23:43.9217044Z [command]/usr/bin/git config --local --unset-all http.https://github.com/.extraheader
handle-success	Post Checkout code	2025-04-25T10:23:43.9249452Z [command]/usr/bin/git submodule foreach --recursive sh -c "git config --local --name-only --get-regexp 'http\.https\:\/\/github\.com\/\.extraheader' && git config --local --unset-all 'http.https://github.com/.extraheader' || :"
handle-success	Complete job	Ôªø2025-04-25T10:23:43.9601900Z Cleaning up orphan processes
end-workflow	Set up job	Ôªø2025-04-25T10:23:50.2616937Z Current runner version: '2.323.0'
end-workflow	Set up job	2025-04-25T10:23:50.2620681Z Runner name: 'ka0s-8'
end-workflow	Set up job	2025-04-25T10:23:50.2621220Z Machine name: '26a53205c9ac'
end-workflow	Set up job	2025-04-25T10:23:50.2622576Z ##[group]GITHUB_TOKEN Permissions
end-workflow	Set up job	2025-04-25T10:23:50.2623929Z Contents: read
end-workflow	Set up job	2025-04-25T10:23:50.2624406Z Metadata: read
end-workflow	Set up job	2025-04-25T10:23:50.2624730Z Packages: read
end-workflow	Set up job	2025-04-25T10:23:50.2625004Z ##[endgroup]
end-workflow	Set up job	2025-04-25T10:23:50.2626208Z Secret source: Actions
end-workflow	Set up job	2025-04-25T10:23:50.2626561Z Prepare workflow directory
end-workflow	Set up job	2025-04-25T10:23:50.3009513Z Prepare all required actions
end-workflow	Set up job	2025-04-25T10:23:50.3036612Z Getting action download info
end-workflow	Set up job	2025-04-25T10:23:50.8126385Z Download action repository 'actions/checkout@v4' (SHA:11bd71901bbe5b1630ceea73d27597364c9af683)
end-workflow	Set up job	2025-04-25T10:23:51.5736503Z Complete job name: end-workflow
end-workflow	Checkout code	Ôªø2025-04-25T10:23:51.6105248Z ##[group]Run actions/checkout@v4
end-workflow	Checkout code	2025-04-25T10:23:51.6106244Z with:
end-workflow	Checkout code	2025-04-25T10:23:51.6106789Z   fetch-depth: 0
end-workflow	Checkout code	2025-04-25T10:23:51.6107706Z   token: ***
end-workflow	Checkout code	2025-04-25T10:23:51.6108298Z   repository: Ka0s-Klaus/ka0s
end-workflow	Checkout code	2025-04-25T10:23:51.6109043Z   ssh-strict: true
end-workflow	Checkout code	2025-04-25T10:23:51.6109627Z   ssh-user: git
end-workflow	Checkout code	2025-04-25T10:23:51.6110227Z   persist-credentials: true
end-workflow	Checkout code	2025-04-25T10:23:51.6110906Z   clean: true
end-workflow	Checkout code	2025-04-25T10:23:51.6111524Z   sparse-checkout-cone-mode: true
end-workflow	Checkout code	2025-04-25T10:23:51.6112262Z   fetch-tags: false
end-workflow	Checkout code	2025-04-25T10:23:51.6112863Z   show-progress: true
end-workflow	Checkout code	2025-04-25T10:23:51.6113474Z   lfs: false
end-workflow	Checkout code	2025-04-25T10:23:51.6114027Z   submodules: false
end-workflow	Checkout code	2025-04-25T10:23:51.6114704Z   set-safe-directory: true
end-workflow	Checkout code	2025-04-25T10:23:51.6115495Z env:
end-workflow	Checkout code	2025-04-25T10:23:51.6116021Z   KAOS_CODE: 14662429033
end-workflow	Checkout code	2025-04-25T10:23:51.6116666Z   KAOS_EVENT_NAME: push
end-workflow	Checkout code	2025-04-25T10:23:51.6117288Z   KAOS_ACTION: 
end-workflow	Checkout code	2025-04-25T10:23:51.6117873Z   KAOS_REF: refs/heads/main
end-workflow	Checkout code	2025-04-25T10:23:51.6118557Z   KAOS_MODULE: [Ka0S] Deploy Webs
end-workflow	Checkout code	2025-04-25T10:23:51.6119331Z   KAOS_PATH_ORIGIN: core/results/webs/
end-workflow	Checkout code	2025-04-25T10:23:51.6120095Z   KAOS_PATH_WEB: /html/
end-workflow	Checkout code	2025-04-25T10:23:51.6120753Z   KAOS_PATH_RESUME: core/results/dw/
end-workflow	Checkout code	2025-04-25T10:23:51.6121582Z   KAOS_FILE_STATE: ftp-deploy-sync-state.json
end-workflow	Checkout code	2025-04-25T10:23:51.6122389Z   KAOS_ACTOR: jorgecg646
end-workflow	Checkout code	2025-04-25T10:23:51.6123204Z   GH_TOKEN: ***
end-workflow	Checkout code	2025-04-25T10:23:51.6123767Z ##[endgroup]
end-workflow	Checkout code	2025-04-25T10:23:51.6839528Z Syncing repository: Ka0s-Klaus/ka0s
end-workflow	Checkout code	2025-04-25T10:23:51.6841408Z ##[group]Getting Git version info
end-workflow	Checkout code	2025-04-25T10:23:51.6842299Z Working directory is '/actions-runner/_work/ka0s/ka0s'
end-workflow	Checkout code	2025-04-25T10:23:51.6843647Z [command]/usr/bin/git version
end-workflow	Checkout code	2025-04-25T10:23:51.6844508Z git version 2.43.0
end-workflow	Checkout code	2025-04-25T10:23:51.6869841Z ##[endgroup]
end-workflow	Checkout code	2025-04-25T10:23:51.6883930Z Copying '/home/kaos/.gitconfig' to '/actions-runner/_work/_temp/0d51fc9f-9968-42df-9307-a8faf548df71/.gitconfig'
end-workflow	Checkout code	2025-04-25T10:23:51.6897394Z Temporarily overriding HOME='/actions-runner/_work/_temp/0d51fc9f-9968-42df-9307-a8faf548df71' before making global git config changes
end-workflow	Checkout code	2025-04-25T10:23:51.6899832Z Adding repository directory to the temporary git global config as a safe directory
end-workflow	Checkout code	2025-04-25T10:23:51.6901626Z [command]/usr/bin/git config --global --add safe.directory /actions-runner/_work/ka0s/ka0s
end-workflow	Checkout code	2025-04-25T10:23:51.6992496Z [command]/usr/bin/git config --local --get remote.origin.url
end-workflow	Checkout code	2025-04-25T10:23:51.7010159Z https://github.com/Ka0s-Klaus/ka0s
end-workflow	Checkout code	2025-04-25T10:23:51.7028419Z ##[group]Removing previously created refs, to avoid conflicts
end-workflow	Checkout code	2025-04-25T10:23:51.7033966Z [command]/usr/bin/git rev-parse --symbolic-full-name --verify --quiet HEAD
end-workflow	Checkout code	2025-04-25T10:23:51.7056869Z refs/heads/main
end-workflow	Checkout code	2025-04-25T10:23:51.7065063Z [command]/usr/bin/git checkout --detach
end-workflow	Checkout code	2025-04-25T10:23:51.7164943Z HEAD is now at 1c882fc3 Merge pull request #1137 from Ka0s-Klaus/H220-web-de-resultados
end-workflow	Checkout code	2025-04-25T10:23:51.7209707Z [command]/usr/bin/git branch --delete --force main
end-workflow	Checkout code	2025-04-25T10:23:51.7229798Z Deleted branch main (was 1c882fc3).
end-workflow	Checkout code	2025-04-25T10:23:51.7289093Z ##[endgroup]
end-workflow	Checkout code	2025-04-25T10:23:51.7290370Z [command]/usr/bin/git submodule status
end-workflow	Checkout code	2025-04-25T10:23:51.7537005Z ##[group]Cleaning the repository
end-workflow	Checkout code	2025-04-25T10:23:51.7541165Z [command]/usr/bin/git clean -ffdx
end-workflow	Checkout code	2025-04-25T10:23:51.7591775Z Removing core/results/webs/14662429033-ftp-deploy-sync-state.json
end-workflow	Checkout code	2025-04-25T10:23:51.7603335Z [command]/usr/bin/git reset --hard HEAD
end-workflow	Checkout code	2025-04-25T10:23:51.7735820Z HEAD is now at 1c882fc3 Merge pull request #1137 from Ka0s-Klaus/H220-web-de-resultados
end-workflow	Checkout code	2025-04-25T10:23:51.7739668Z ##[endgroup]
end-workflow	Checkout code	2025-04-25T10:23:51.7741272Z ##[group]Disabling automatic garbage collection
end-workflow	Checkout code	2025-04-25T10:23:51.7742736Z [command]/usr/bin/git config --local gc.auto 0
end-workflow	Checkout code	2025-04-25T10:23:51.7766853Z ##[endgroup]
end-workflow	Checkout code	2025-04-25T10:23:51.7768390Z ##[group]Setting up auth
end-workflow	Checkout code	2025-04-25T10:23:51.7773943Z [command]/usr/bin/git config --local --name-only --get-regexp core\.sshCommand
end-workflow	Checkout code	2025-04-25T10:23:51.7799228Z [command]/usr/bin/git submodule foreach --recursive sh -c "git config --local --name-only --get-regexp 'core\.sshCommand' && git config --local --unset-all 'core.sshCommand' || :"
end-workflow	Checkout code	2025-04-25T10:23:51.8026256Z [command]/usr/bin/git config --local --name-only --get-regexp http\.https\:\/\/github\.com\/\.extraheader
end-workflow	Checkout code	2025-04-25T10:23:51.8050745Z [command]/usr/bin/git submodule foreach --recursive sh -c "git config --local --name-only --get-regexp 'http\.https\:\/\/github\.com\/\.extraheader' && git config --local --unset-all 'http.https://github.com/.extraheader' || :"
end-workflow	Checkout code	2025-04-25T10:23:51.8294029Z [command]/usr/bin/git config --local http.https://github.com/.extraheader AUTHORIZATION: basic ***
end-workflow	Checkout code	2025-04-25T10:23:51.8327073Z ##[endgroup]
end-workflow	Checkout code	2025-04-25T10:23:51.8328623Z ##[group]Fetching the repository
end-workflow	Checkout code	2025-04-25T10:23:51.8331979Z [command]/usr/bin/git -c protocol.version=2 fetch --prune --no-recurse-submodules origin +refs/heads/*:refs/remotes/origin/* +refs/tags/*:refs/tags/*
end-workflow	Checkout code	2025-04-25T10:23:52.3051015Z [command]/usr/bin/git branch --list --remote origin/main
end-workflow	Checkout code	2025-04-25T10:23:52.3077633Z   origin/main
end-workflow	Checkout code	2025-04-25T10:23:52.3084035Z [command]/usr/bin/git rev-parse refs/remotes/origin/main
end-workflow	Checkout code	2025-04-25T10:23:52.3104902Z 1c882fc354afcca6087bcab25b82a490f9dd51fe
end-workflow	Checkout code	2025-04-25T10:23:52.3108826Z ##[endgroup]
end-workflow	Checkout code	2025-04-25T10:23:52.3109385Z ##[group]Determining the checkout info
end-workflow	Checkout code	2025-04-25T10:23:52.3109930Z ##[endgroup]
end-workflow	Checkout code	2025-04-25T10:23:52.3117494Z [command]/usr/bin/git sparse-checkout disable
end-workflow	Checkout code	2025-04-25T10:23:52.3252899Z [command]/usr/bin/git config --local --unset-all extensions.worktreeConfig
end-workflow	Checkout code	2025-04-25T10:23:52.3276991Z ##[group]Checking out the ref
end-workflow	Checkout code	2025-04-25T10:23:52.3281027Z [command]/usr/bin/git checkout --progress --force -B main refs/remotes/origin/main
end-workflow	Checkout code	2025-04-25T10:23:52.3387442Z Switched to a new branch 'main'
end-workflow	Checkout code	2025-04-25T10:23:52.3388653Z branch 'main' set up to track 'origin/main'.
end-workflow	Checkout code	2025-04-25T10:23:52.3389761Z ##[endgroup]
end-workflow	Checkout code	2025-04-25T10:23:52.3408490Z [command]/usr/bin/git log -1 --format=%H
end-workflow	Checkout code	2025-04-25T10:23:52.3433447Z 1c882fc354afcca6087bcab25b82a490f9dd51fe
end-workflow	Finaliza el workflow	Ôªø2025-04-25T10:23:52.3606802Z ##[group]Run echo "End process"
end-workflow	Finaliza el workflow	2025-04-25T10:23:52.3607158Z [36;1mecho "End process"[0m
end-workflow	Finaliza el workflow	2025-04-25T10:23:52.3607420Z [36;1mecho "Se finaliza Ka0s 14662429033"[0m
end-workflow	Finaliza el workflow	2025-04-25T10:23:52.3607821Z [36;1mgh workflow run inspector.yml --ref 'main' -f kaos-issue-id=$RNNUMBER -f kaos-workflow-id="14662429033" -f kaos-user-start=""[0m
end-workflow	Finaliza el workflow	2025-04-25T10:23:52.3614966Z shell: /usr/bin/bash -e {0}
end-workflow	Finaliza el workflow	2025-04-25T10:23:52.3615214Z env:
end-workflow	Finaliza el workflow	2025-04-25T10:23:52.3615402Z   KAOS_CODE: 14662429033
end-workflow	Finaliza el workflow	2025-04-25T10:23:52.3615616Z   KAOS_EVENT_NAME: push
end-workflow	Finaliza el workflow	2025-04-25T10:23:52.3615822Z   KAOS_ACTION: 
end-workflow	Finaliza el workflow	2025-04-25T10:23:52.3616012Z   KAOS_REF: refs/heads/main
end-workflow	Finaliza el workflow	2025-04-25T10:23:52.3616221Z   KAOS_MODULE: [Ka0S] Deploy Webs
end-workflow	Finaliza el workflow	2025-04-25T10:23:52.3616416Z   KAOS_PATH_ORIGIN: core/results/webs/
end-workflow	Finaliza el workflow	2025-04-25T10:23:52.3616609Z   KAOS_PATH_WEB: /html/
end-workflow	Finaliza el workflow	2025-04-25T10:23:52.3616778Z   KAOS_PATH_RESUME: core/results/dw/
end-workflow	Finaliza el workflow	2025-04-25T10:23:52.3616989Z   KAOS_FILE_STATE: ftp-deploy-sync-state.json
end-workflow	Finaliza el workflow	2025-04-25T10:23:52.3617195Z   KAOS_ACTOR: jorgecg646
end-workflow	Finaliza el workflow	2025-04-25T10:23:52.3617570Z   GH_TOKEN: ***
end-workflow	Finaliza el workflow	2025-04-25T10:23:52.3617730Z ##[endgroup]
end-workflow	Finaliza el workflow	2025-04-25T10:23:52.3653819Z End process
end-workflow	Finaliza el workflow	2025-04-25T10:23:52.3654084Z Se finaliza Ka0s 14662429033
end-workflow	Post Checkout code	Ôªø2025-04-25T10:23:52.9244208Z Post job cleanup.
end-workflow	Post Checkout code	2025-04-25T10:23:52.9876977Z [command]/usr/bin/git version
end-workflow	Post Checkout code	2025-04-25T10:23:52.9908154Z git version 2.43.0
end-workflow	Post Checkout code	2025-04-25T10:23:52.9955458Z Copying '/home/kaos/.gitconfig' to '/actions-runner/_work/_temp/dd1f8009-9036-42eb-bcf7-40c8e8062738/.gitconfig'
end-workflow	Post Checkout code	2025-04-25T10:23:52.9972125Z Temporarily overriding HOME='/actions-runner/_work/_temp/dd1f8009-9036-42eb-bcf7-40c8e8062738' before making global git config changes
end-workflow	Post Checkout code	2025-04-25T10:23:52.9973987Z Adding repository directory to the temporary git global config as a safe directory
end-workflow	Post Checkout code	2025-04-25T10:23:52.9979215Z [command]/usr/bin/git config --global --add safe.directory /actions-runner/_work/ka0s/ka0s
end-workflow	Post Checkout code	2025-04-25T10:23:53.0073219Z [command]/usr/bin/git config --local --name-only --get-regexp core\.sshCommand
end-workflow	Post Checkout code	2025-04-25T10:23:53.0100424Z [command]/usr/bin/git submodule foreach --recursive sh -c "git config --local --name-only --get-regexp 'core\.sshCommand' && git config --local --unset-all 'core.sshCommand' || :"
end-workflow	Post Checkout code	2025-04-25T10:23:53.0341012Z [command]/usr/bin/git config --local --name-only --get-regexp http\.https\:\/\/github\.com\/\.extraheader
end-workflow	Post Checkout code	2025-04-25T10:23:53.0358754Z http.https://github.com/.extraheader
end-workflow	Post Checkout code	2025-04-25T10:23:53.0366227Z [command]/usr/bin/git config --local --unset-all http.https://github.com/.extraheader
end-workflow	Post Checkout code	2025-04-25T10:23:53.0393554Z [command]/usr/bin/git submodule foreach --recursive sh -c "git config --local --name-only --get-regexp 'http\.https\:\/\/github\.com\/\.extraheader' && git config --local --unset-all 'http.https://github.com/.extraheader' || :"
end-workflow	Complete job	Ôªø2025-04-25T10:23:53.0739719Z Cleaning up orphan processes
